Java HotSpot(TM) 64-Bit Server VM (24.80-b11) for linux-amd64 JRE (1.7.0_80-b15), built on Apr 10 2015 19:53:14 by "java_re" with gcc 4.3.0 20080428 (Red Hat 4.3.0-8)
Memory: 4k page, physical 8000092k(5231284k free), swap 8218620k(8218620k free)
CommandLine flags: -XX:InitialHeapSize=61594624 -XX:MaxHeapSize=61594624 -XX:+PrintGC -XX:+PrintGCApplicationConcurrentTime -XX:+PrintGCApplicationStoppedTime -XX:+PrintGCDetails -XX:+PrintGCTimeStamps -XX:-UseAdaptiveSizePolicy -XX:+UseCompressedOops -XX:+UseParNewGC 
1.008: Application time: 0.9867000 seconds
1.008: Total time for which application threads were stopped: 0.0000400 seconds, Stopping threads took: 0.0000100 seconds
4.027: Application time: 3.0186810 seconds
4.027: Total time for which application threads were stopped: 0.0000640 seconds, Stopping threads took: 0.0000100 seconds
15.125: Application time: 11.0978670 seconds
15.125: Total time for which application threads were stopped: 0.0000250 seconds, Stopping threads took: 0.0000080 seconds
15.125: Application time: 0.0000400 seconds
15.125: Total time for which application threads were stopped: 0.0000100 seconds, Stopping threads took: 0.0000040 seconds
15.127: Application time: 0.0014500 seconds
15.127: Total time for which application threads were stopped: 0.0000100 seconds, Stopping threads took: 0.0000040 seconds
15.147: Application time: 0.0199980 seconds
15.147: Total time for which application threads were stopped: 0.0000350 seconds, Stopping threads took: 0.0000090 seconds
15.159: Application time: 0.0122630 seconds
15.159: [Full GC15.159: [Tenured: 0K->3145K(40128K), 0.0081080 secs] 9870K->3145K(58176K), [Perm : 5075K->5075K(21248K)], 0.0081660 secs] [Times: user=0.01 sys=0.00, real=0.01 secs] 
15.167: Total time for which application threads were stopped: 0.0082200 seconds, Stopping threads took: 0.0000050 seconds
15.167: Application time: 0.0000430 seconds
15.167: [Full GC15.167: [Tenured: 3145K->3145K(40128K), 0.0053960 secs] 3145K->3145K(58240K), [Perm : 5075K->5075K(21248K)], 0.0054210 secs] [Times: user=0.00 sys=0.00, real=0.00 secs] 
15.173: Total time for which application threads were stopped: 0.0054680 seconds, Stopping threads took: 0.0000060 seconds
15.173: Application time: 0.0001720 seconds
15.173: Total time for which application threads were stopped: 0.0000480 seconds, Stopping threads took: 0.0000390 seconds
15.173: Application time: 0.0000700 seconds
15.173: Total time for which application threads were stopped: 0.0001020 seconds, Stopping threads took: 0.0000690 seconds
15.173: Application time: 0.0000700 seconds
15.173: Total time for which application threads were stopped: 0.0000210 seconds, Stopping threads took: 0.0000140 seconds
15.173: Application time: 0.0000340 seconds
15.173: Total time for which application threads were stopped: 0.0000400 seconds, Stopping threads took: 0.0000340 seconds
15.173: Application time: 0.0000260 seconds
15.173: Total time for which application threads were stopped: 0.0000190 seconds, Stopping threads took: 0.0000140 seconds
15.173: Application time: 0.0000190 seconds
15.173: Total time for which application threads were stopped: 0.0000180 seconds, Stopping threads took: 0.0000130 seconds
15.173: Application time: 0.0000200 seconds
15.173: Total time for which application threads were stopped: 0.0000150 seconds, Stopping threads took: 0.0000110 seconds
15.173: Application time: 0.0000100 seconds
15.173: Total time for which application threads were stopped: 0.0000090 seconds, Stopping threads took: 0.0000050 seconds
15.173: Application time: 0.0000120 seconds
15.173: Total time for which application threads were stopped: 0.0000160 seconds, Stopping threads took: 0.0000110 seconds
15.173: Application time: 0.0000090 seconds
15.173: Total time for which application threads were stopped: 0.0000130 seconds, Stopping threads took: 0.0000090 seconds
15.173: Application time: 0.0000100 seconds
15.173: Total time for which application threads were stopped: 0.0000150 seconds, Stopping threads took: 0.0000100 seconds
15.173: Application time: 0.0000100 seconds
15.173: Total time for which application threads were stopped: 0.0000080 seconds, Stopping threads took: 0.0000050 seconds
15.173: Application time: 0.0000100 seconds
15.173: Total time for which application threads were stopped: 0.0000140 seconds, Stopping threads took: 0.0000090 seconds
15.173: Application time: 0.0000090 seconds
15.173: Total time for which application threads were stopped: 0.0000150 seconds, Stopping threads took: 0.0000100 seconds
15.174: Application time: 0.0000100 seconds
15.174: Total time for which application threads were stopped: 0.0000180 seconds, Stopping threads took: 0.0000130 seconds
15.174: Application time: 0.0000100 seconds
15.174: Total time for which application threads were stopped: 0.0000110 seconds, Stopping threads took: 0.0000060 seconds
15.174: Application time: 0.0000100 seconds
15.174: Total time for which application threads were stopped: 0.0000090 seconds, Stopping threads took: 0.0000050 seconds
15.174: Application time: 0.0000110 seconds
15.174: Total time for which application threads were stopped: 0.0000150 seconds, Stopping threads took: 0.0000100 seconds
15.174: Application time: 0.0000100 seconds
15.174: Total time for which application threads were stopped: 0.0000140 seconds, Stopping threads took: 0.0000100 seconds
15.174: Application time: 0.0000100 seconds
15.174: Total time for which application threads were stopped: 0.0000190 seconds, Stopping threads took: 0.0000100 seconds
15.202: Application time: 0.0281920 seconds
15.202: Total time for which application threads were stopped: 0.0000570 seconds, Stopping threads took: 0.0000130 seconds
15.222: Application time: 0.0201560 seconds
15.222: Total time for which application threads were stopped: 0.0000290 seconds, Stopping threads took: 0.0000080 seconds
15.240: Application time: 0.0181980 seconds
15.240: Total time for which application threads were stopped: 0.0000830 seconds, Stopping threads took: 0.0000720 seconds
15.241: Application time: 0.0001610 seconds
15.241: Total time for which application threads were stopped: 0.0000390 seconds, Stopping threads took: 0.0000280 seconds
15.241: Application time: 0.0004960 seconds
15.241: Total time for which application threads were stopped: 0.0000450 seconds, Stopping threads took: 0.0000370 seconds
15.241: Application time: 0.0000520 seconds
15.241: Total time for which application threads were stopped: 0.0000370 seconds, Stopping threads took: 0.0000260 seconds
15.241: Application time: 0.0000270 seconds
15.241: Total time for which application threads were stopped: 0.0000340 seconds, Stopping threads took: 0.0000250 seconds
15.241: Application time: 0.0000460 seconds
15.241: Total time for which application threads were stopped: 0.0000300 seconds, Stopping threads took: 0.0000210 seconds
15.242: Application time: 0.0004960 seconds
15.242: Total time for which application threads were stopped: 0.0000420 seconds, Stopping threads took: 0.0000320 seconds
15.242: Application time: 0.0000430 seconds
15.242: Total time for which application threads were stopped: 0.0000290 seconds, Stopping threads took: 0.0000220 seconds
15.242: Application time: 0.0000310 seconds
15.242: Total time for which application threads were stopped: 0.0000410 seconds, Stopping threads took: 0.0000330 seconds
15.242: Application time: 0.0000790 seconds
15.242: Total time for which application threads were stopped: 0.0000120 seconds, Stopping threads took: 0.0000050 seconds
15.242: Application time: 0.0000100 seconds
15.242: Total time for which application threads were stopped: 0.0000070 seconds, Stopping threads took: 0.0000030 seconds
15.242: Application time: 0.0000100 seconds
15.242: Total time for which application threads were stopped: 0.0000070 seconds, Stopping threads took: 0.0000020 seconds
15.242: Application time: 0.0000150 seconds
15.242: Total time for which application threads were stopped: 0.0000070 seconds, Stopping threads took: 0.0000030 seconds
15.242: Application time: 0.0001060 seconds
15.242: Total time for which application threads were stopped: 0.0000060 seconds, Stopping threads took: 0.0000020 seconds
15.243: Application time: 0.0002820 seconds
15.243: Total time for which application threads were stopped: 0.0000270 seconds, Stopping threads took: 0.0000160 seconds
15.245: Application time: 0.0025710 seconds
15.245: Total time for which application threads were stopped: 0.0000300 seconds, Stopping threads took: 0.0000190 seconds
15.245: Application time: 0.0002580 seconds
15.246: Total time for which application threads were stopped: 0.0000220 seconds, Stopping threads took: 0.0000130 seconds
15.246: Application time: 0.0003960 seconds
15.246: Total time for which application threads were stopped: 0.0000410 seconds, Stopping threads took: 0.0000320 seconds
15.246: Application time: 0.0000380 seconds
15.246: Total time for which application threads were stopped: 0.0000210 seconds, Stopping threads took: 0.0000150 seconds
15.270: Application time: 0.0236900 seconds
15.270: Total time for which application threads were stopped: 0.0000270 seconds, Stopping threads took: 0.0000090 seconds
15.270: Application time: 0.0001210 seconds
15.270: Total time for which application threads were stopped: 0.0000530 seconds, Stopping threads took: 0.0000190 seconds
15.270: Application time: 0.0000760 seconds
15.270: Total time for which application threads were stopped: 0.0000160 seconds, Stopping threads took: 0.0000040 seconds
15.270: Application time: 0.0001300 seconds
15.270: Total time for which application threads were stopped: 0.0000540 seconds, Stopping threads took: 0.0000420 seconds
15.270: Application time: 0.0000570 seconds
15.270: Total time for which application threads were stopped: 0.0000290 seconds, Stopping threads took: 0.0000180 seconds
15.270: Application time: 0.0000400 seconds
15.270: Total time for which application threads were stopped: 0.0000350 seconds, Stopping threads took: 0.0000230 seconds
15.271: Application time: 0.0003140 seconds
15.271: Total time for which application threads were stopped: 0.0000290 seconds, Stopping threads took: 0.0000160 seconds
15.283: Application time: 0.0125250 seconds
15.283: Total time for which application threads were stopped: 0.0000730 seconds, Stopping threads took: 0.0000350 seconds
15.291: Application time: 0.0079910 seconds
15.292: Total time for which application threads were stopped: 0.0002640 seconds, Stopping threads took: 0.0002170 seconds
15.292: Application time: 0.0006030 seconds
15.292: Total time for which application threads were stopped: 0.0000260 seconds, Stopping threads took: 0.0000160 seconds
15.336: Application time: 0.0442070 seconds
15.337: [GC15.337: [ParNew: 15770K->1984K(18112K), 0.0017200 secs] 18916K->6889K(58240K), 0.0017610 secs] [Times: user=0.02 sys=0.00, real=0.00 secs] 
15.338: Total time for which application threads were stopped: 0.0018870 seconds, Stopping threads took: 0.0000490 seconds
15.339: Application time: 0.0005130 seconds
15.339: Total time for which application threads were stopped: 0.0001540 seconds, Stopping threads took: 0.0001350 seconds
15.339: Application time: 0.0000180 seconds
15.339: Total time for which application threads were stopped: 0.0000220 seconds, Stopping threads took: 0.0000150 seconds
15.339: Application time: 0.0000130 seconds
15.339: Total time for which application threads were stopped: 0.0000290 seconds, Stopping threads took: 0.0000220 seconds
15.339: Application time: 0.0000150 seconds
15.339: Total time for which application threads were stopped: 0.0000270 seconds, Stopping threads took: 0.0000200 seconds
15.339: Application time: 0.0000140 seconds
15.339: Total time for which application threads were stopped: 0.0000190 seconds, Stopping threads took: 0.0000130 seconds
15.339: Application time: 0.0000110 seconds
15.339: Total time for which application threads were stopped: 0.0000190 seconds, Stopping threads took: 0.0000130 seconds
15.339: Application time: 0.0000130 seconds
15.339: Total time for which application threads were stopped: 0.0000190 seconds, Stopping threads took: 0.0000130 seconds
15.339: Application time: 0.0000110 seconds
15.339: Total time for which application threads were stopped: 0.0000230 seconds, Stopping threads took: 0.0000170 seconds
15.339: Application time: 0.0000130 seconds
15.339: Total time for which application threads were stopped: 0.0000190 seconds, Stopping threads took: 0.0000130 seconds
15.339: Application time: 0.0000100 seconds
15.339: Total time for which application threads were stopped: 0.0000180 seconds, Stopping threads took: 0.0000130 seconds
15.339: Application time: 0.0000120 seconds
15.339: Total time for which application threads were stopped: 0.0000210 seconds, Stopping threads took: 0.0000150 seconds
15.339: Application time: 0.0000110 seconds
15.339: Total time for which application threads were stopped: 0.0000170 seconds, Stopping threads took: 0.0000110 seconds
15.339: Application time: 0.0000110 seconds
15.339: Total time for which application threads were stopped: 0.0000260 seconds, Stopping threads took: 0.0000190 seconds
15.339: Application time: 0.0000110 seconds
15.339: Total time for which application threads were stopped: 0.0000180 seconds, Stopping threads took: 0.0000120 seconds
15.339: Application time: 0.0000100 seconds
15.339: Total time for which application threads were stopped: 0.0000220 seconds, Stopping threads took: 0.0000170 seconds
15.339: Application time: 0.0000120 seconds
15.339: Total time for which application threads were stopped: 0.0000180 seconds, Stopping threads took: 0.0000130 seconds
15.339: Application time: 0.0000110 seconds
15.340: Total time for which application threads were stopped: 0.0000220 seconds, Stopping threads took: 0.0000170 seconds
15.340: Application time: 0.0000140 seconds
15.340: Total time for which application threads were stopped: 0.0000270 seconds, Stopping threads took: 0.0000180 seconds
15.340: Application time: 0.0000120 seconds
15.340: Total time for which application threads were stopped: 0.0000260 seconds, Stopping threads took: 0.0000200 seconds
15.340: Application time: 0.0000130 seconds
15.340: Total time for which application threads were stopped: 0.0000530 seconds, Stopping threads took: 0.0000160 seconds
15.342: Application time: 0.0025750 seconds
15.342: Total time for which application threads were stopped: 0.0001360 seconds, Stopping threads took: 0.0001270 seconds
15.342: Application time: 0.0000290 seconds
15.346: Total time for which application threads were stopped: 0.0036380 seconds, Stopping threads took: 0.0036310 seconds
15.346: Application time: 0.0000490 seconds
15.346: Total time for which application threads were stopped: 0.0000360 seconds, Stopping threads took: 0.0000290 seconds
15.362: Application time: 0.0162800 seconds
15.363: [GC15.363: [ParNew: 17901K->1780K(18112K), 0.0038610 secs] 22806K->22174K(58240K), 0.0039110 secs] [Times: user=0.03 sys=0.00, real=0.00 secs] 
15.366: Total time for which application threads were stopped: 0.0040630 seconds, Stopping threads took: 0.0000910 seconds
15.372: Application time: 0.0052220 seconds
15.372: [GC15.372: [ParNew: 17823K->1492K(18112K), 0.0036640 secs] 38217K->36201K(58240K), 0.0037090 secs] [Times: user=0.01 sys=0.02, real=0.01 secs] 
15.376: Total time for which application threads were stopped: 0.0039020 seconds, Stopping threads took: 0.0001280 seconds
15.381: Application time: 0.0050720 seconds
15.381: [GC15.381: [ParNew: 17409K->17409K(18112K), 0.0000100 secs]15.381: [Tenured: 34708K->25545K(40128K), 0.0126770 secs] 52118K->25545K(58240K), [Perm : 6062K->6062K(21248K)], 0.0127550 secs] [Times: user=0.02 sys=0.00, real=0.01 secs] 
15.394: Total time for which application threads were stopped: 0.0131360 seconds, Stopping threads took: 0.0003120 seconds
15.399: Application time: 0.0052940 seconds
15.399: [GC15.399: [ParNew: 15836K->15836K(18432K), 0.0000100 secs]15.399: [Tenured: 25545K->24762K(40960K), 0.0132840 secs] 41382K->24762K(59392K), [Perm : 6062K->6040K(21248K)], 0.0133450 secs] [Times: user=0.01 sys=0.00, real=0.01 secs] 
15.413: Total time for which application threads were stopped: 0.0136920 seconds, Stopping threads took: 0.0002690 seconds
15.419: Application time: 0.0056960 seconds
15.419: [GC15.419: [ParNew: 15781K->1427K(18432K), 0.0039210 secs] 40544K->38303K(59392K), 0.0039730 secs] [Times: user=0.03 sys=0.00, real=0.01 secs] 
15.423: Total time for which application threads were stopped: 0.0041150 seconds, Stopping threads took: 0.0000770 seconds
15.428: Application time: 0.0049130 seconds
15.428: [GC15.428: [ParNew: 17172K->17172K(18432K), 0.0000110 secs]15.428: [Tenured: 36875K->24763K(40960K), 0.0109870 secs] 54048K->24763K(59392K), [Perm : 6040K->6040K(21248K)], 0.0110460 secs] [Times: user=0.01 sys=0.00, real=0.01 secs] 
15.439: Total time for which application threads were stopped: 0.0113830 seconds, Stopping threads took: 0.0002500 seconds
15.444: Application time: 0.0051220 seconds
15.445: [GC15.445: [ParNew: 15716K->1431K(18432K), 0.0040320 secs] 40479K->38306K(59392K), 0.0040760 secs] [Times: user=0.03 sys=0.00, real=0.00 secs] 
15.449: Total time for which application threads were stopped: 0.0045000 seconds, Stopping threads took: 0.0003350 seconds
15.453: Application time: 0.0047860 seconds
15.454: [GC15.454: [ParNew: 17138K->17138K(18432K), 0.0000270 secs]15.454: [Tenured: 36875K->24763K(40960K), 0.0107090 secs] 54014K->24763K(59392K), [Perm : 6040K->6040K(21248K)], 0.0107840 secs] [Times: user=0.01 sys=0.00, real=0.02 secs] 
15.465: Total time for which application threads were stopped: 0.0111790 seconds, Stopping threads took: 0.0003230 seconds
15.470: Application time: 0.0056650 seconds
15.470: [GC15.471: [ParNew: 15696K->1431K(18432K), 0.0035280 secs] 40459K->36881K(59392K), 0.0035750 secs] [Times: user=0.03 sys=0.00, real=0.01 secs] 
15.474: Total time for which application threads were stopped: 0.0038110 seconds, Stopping threads took: 0.0001700 seconds
15.480: Application time: 0.0055060 seconds
15.480: [GC15.480: [ParNew: 17123K->17123K(18432K), 0.0000100 secs]15.480: [Tenured: 35450K->23337K(40960K), 0.0107000 secs] 52573K->23337K(59392K), [Perm : 6040K->6040K(21248K)], 0.0107570 secs] [Times: user=0.01 sys=0.00, real=0.01 secs] 
15.491: Total time for which application threads were stopped: 0.0110560 seconds, Stopping threads took: 0.0002110 seconds
15.496: Application time: 0.0051290 seconds
15.496: [GC15.496: [ParNew: 15691K->1431K(18432K), 0.0038690 secs] 39029K->36881K(59392K), 0.0039100 secs] [Times: user=0.02 sys=0.00, real=0.00 secs] 
15.500: Total time for which application threads were stopped: 0.0042100 seconds, Stopping threads took: 0.0002380 seconds
15.505: Application time: 0.0050500 seconds
15.505: [GC15.505: [ParNew: 17122K->17122K(18432K), 0.0000110 secs]15.505: [Tenured: 35450K->24050K(40960K), 0.0106090 secs] 52573K->24050K(59392K), [Perm : 6040K->6040K(21248K)], 0.0106660 secs] [Times: user=0.01 sys=0.00, real=0.01 secs] 
15.516: Total time for which application threads were stopped: 0.0109550 seconds, Stopping threads took: 0.0002190 seconds
15.521: Application time: 0.0054090 seconds
15.522: [GC15.522: [ParNew: 15702K->1437K(18432K), 0.0037470 secs] 39752K->36887K(59392K), 0.0037870 secs] [Times: user=0.03 sys=0.00, real=0.01 secs] 
15.526: Total time for which application threads were stopped: 0.0040950 seconds, Stopping threads took: 0.0002210 seconds
15.531: Application time: 0.0054600 seconds
15.531: [GC15.531: [ParNew: 17155K->17155K(18432K), 0.0000120 secs]15.531: [Tenured: 35450K->21205K(40960K), 0.0102510 secs] 52606K->21205K(59392K), [Perm : 6040K->6040K(21248K)], 0.0103140 secs] [Times: user=0.01 sys=0.00, real=0.01 secs] 
15.542: Total time for which application threads were stopped: 0.0105870 seconds, Stopping threads took: 0.0002020 seconds
15.547: Application time: 0.0049510 seconds
15.547: [GC15.547: [ParNew: 15695K->1435K(18432K), 0.0034260 secs] 36901K->32615K(59392K), 0.0034670 secs] [Times: user=0.03 sys=0.00, real=0.00 secs] 
15.550: Total time for which application threads were stopped: 0.0038760 seconds, Stopping threads took: 0.0003410 seconds
15.556: Application time: 0.0053350 seconds
15.556: [GC15.556: [ParNew: 17132K->17132K(18432K), 0.0000110 secs]15.556: [Tenured: 31180K->29757K(40960K), 0.0101210 secs] 48313K->29757K(59392K), [Perm : 6040K->6040K(21248K)], 0.0101790 secs] [Times: user=0.01 sys=0.00, real=0.01 secs] 
15.566: Total time for which application threads were stopped: 0.0103390 seconds, Stopping threads took: 0.0000850 seconds
15.571: Application time: 0.0047050 seconds
15.571: [GC15.571: [ParNew: 15691K->15691K(18432K), 0.0000110 secs]15.571: [Tenured: 29757K->31895K(40960K), 0.0118770 secs] 45449K->31895K(59392K), [Perm : 6040K->6040K(21248K)], 0.0119400 secs] [Times: user=0.01 sys=0.00, real=0.02 secs] 
15.583: Total time for which application threads were stopped: 0.0122730 seconds, Stopping threads took: 0.0002430 seconds
15.589: Application time: 0.0055690 seconds
15.589: [GC15.589: [ParNew: 15691K->15691K(18432K), 0.0000110 secs]15.589: [Tenured: 31895K->28325K(40960K), 0.0114120 secs] 47586K->28325K(59392K), [Perm : 6040K->6040K(21248K)], 0.0114750 secs] [Times: user=0.01 sys=0.00, real=0.01 secs] 
15.601: Total time for which application threads were stopped: 0.0118010 seconds, Stopping threads took: 0.0002360 seconds
15.606: Application time: 0.0052730 seconds
15.606: [GC15.606: [ParNew: 15691K->15691K(18432K), 0.0000100 secs]15.606: [Tenured: 28325K->27613K(40960K), 0.0094180 secs] 44017K->27613K(59392K), [Perm : 6040K->6040K(21248K)], 0.0094760 secs] [Times: user=0.01 sys=0.00, real=0.01 secs] 
15.616: Total time for which application threads were stopped: 0.0097670 seconds, Stopping threads took: 0.0002130 seconds
15.621: Application time: 0.0050230 seconds
15.621: [GC15.621: [ParNew: 15691K->15691K(18432K), 0.0000110 secs]15.621: [Tenured: 27613K->28325K(40960K), 0.0110390 secs] 43304K->28325K(59392K), [Perm : 6040K->6040K(21248K)], 0.0111010 secs] [Times: user=0.01 sys=0.00, real=0.01 secs] 
15.632: Total time for which application threads were stopped: 0.0115050 seconds, Stopping threads took: 0.0003330 seconds
15.637: Application time: 0.0049420 seconds
15.637: [GC15.637: [ParNew: 15691K->15691K(18432K), 0.0000100 secs]15.637: [Tenured: 28325K->30463K(40960K), 0.0110690 secs] 44017K->30463K(59392K), [Perm : 6040K->6040K(21248K)], 0.0111280 secs] [Times: user=0.02 sys=0.00, real=0.01 secs] 
15.649: Total time for which application threads were stopped: 0.0115450 seconds, Stopping threads took: 0.0003190 seconds
15.654: Application time: 0.0053950 seconds
15.654: [GC15.654: [ParNew: 15691K->15691K(18432K), 0.0000110 secs]15.654: [Tenured: 30463K->30463K(40960K), 0.0109870 secs] 46154K->30463K(59392K), [Perm : 6040K->6040K(21248K)], 0.0110470 secs] [Times: user=0.01 sys=0.00, real=0.01 secs] 
15.665: Total time for which application threads were stopped: 0.0113200 seconds, Stopping threads took: 0.0001850 seconds
15.670: Application time: 0.0049090 seconds
15.671: [GC15.671: [ParNew: 15691K->15691K(18432K), 0.0000100 secs]15.671: [Tenured: 30463K->30463K(40960K), 0.0100700 secs] 46154K->30463K(59392K), [Perm : 6040K->6040K(21248K)], 0.0101300 secs] [Times: user=0.01 sys=0.00, real=0.01 secs] 
15.681: Total time for which application threads were stopped: 0.0104390 seconds, Stopping threads took: 0.0002400 seconds
15.686: Application time: 0.0049580 seconds
15.686: [GC15.686: [ParNew: 15691K->15691K(18432K), 0.0000100 secs]15.686: [Tenured: 30463K->29750K(40960K), 0.0106710 secs] 46154K->29750K(59392K), [Perm : 6040K->6040K(21248K)], 0.0107290 secs] [Times: user=0.01 sys=0.00, real=0.01 secs] 
15.697: Total time for which application threads were stopped: 0.0110880 seconds, Stopping threads took: 0.0002920 seconds
15.702: Application time: 0.0051970 seconds
15.703: [GC15.703: [ParNew: 15691K->15691K(18432K), 0.0000100 secs]15.703: [Tenured: 29750K->27613K(40960K), 0.0096200 secs] 45442K->27613K(59392K), [Perm : 6040K->6040K(21248K)], 0.0096810 secs] [Times: user=0.01 sys=0.00, real=0.00 secs] 
15.712: Total time for which application threads were stopped: 0.0104290 seconds, Stopping threads took: 0.0006610 seconds
15.718: Application time: 0.0055830 seconds
15.719: [GC15.719: [ParNew: 15700K->15700K(18432K), 0.0000100 secs]15.719: [Tenured: 27613K->25474K(40960K), 0.0118180 secs] 43313K->25474K(59392K), [Perm : 6040K->6040K(21248K)], 0.0118750 secs] [Times: user=0.01 sys=0.00, real=0.01 secs] 
15.731: Total time for which application threads were stopped: 0.0127280 seconds, Stopping threads took: 0.0007560 seconds
15.736: Application time: 0.0056700 seconds
15.737: [GC15.737: [ParNew: 15717K->1435K(18432K), 0.0032510 secs] 41192K->36172K(59392K), 0.0032920 secs] [Times: user=0.02 sys=0.00, real=0.00 secs] 
15.740: Total time for which application threads were stopped: 0.0038490 seconds, Stopping threads took: 0.0004840 seconds
15.746: Application time: 0.0058080 seconds
15.747: [GC15.747: [ParNew: 17135K->17135K(18432K), 0.0000100 secs]15.747: [Tenured: 34737K->22623K(40960K), 0.0117820 secs] 51872K->22623K(59392K), [Perm : 6040K->6040K(21248K)], 0.0118420 secs] [Times: user=0.02 sys=0.00, real=0.01 secs] 
15.759: Total time for which application threads were stopped: 0.0125810 seconds, Stopping threads took: 0.0006710 seconds
15.764: Application time: 0.0050050 seconds
15.764: [GC15.764: [ParNew: 15717K->1437K(18432K), 0.0038950 secs] 38341K->36173K(59392K), 0.0039370 secs] [Times: user=0.03 sys=0.00, real=0.00 secs] 
15.768: Total time for which application threads were stopped: 0.0044720 seconds, Stopping threads took: 0.0004710 seconds
15.773: Application time: 0.0047950 seconds
15.773: [GC15.773: [ParNew: 17129K->17129K(18432K), 0.0000110 secs]15.773: [Tenured: 34736K->24051K(40960K), 0.0118330 secs] 51866K->24051K(59392K), [Perm : 6040K->6040K(21248K)], 0.0118920 secs] [Times: user=0.01 sys=0.00, real=0.02 secs] 
15.785: Total time for which application threads were stopped: 0.0122110 seconds, Stopping threads took: 0.0002480 seconds
15.790: Application time: 0.0046760 seconds
15.790: [GC15.790: [ParNew: 15692K->1427K(18432K), 0.0035330 secs] 39743K->36166K(59392K), 0.0035790 secs] [Times: user=0.02 sys=0.00, real=0.00 secs] 
15.794: Total time for which application threads were stopped: 0.0039310 seconds, Stopping threads took: 0.0002810 seconds
15.800: Application time: 0.0058560 seconds
15.800: [GC15.800: [ParNew: 17119K->17119K(18432K), 0.0000100 secs]15.800: [Tenured: 34739K->24764K(40960K), 0.0107150 secs] 51859K->24764K(59392K), [Perm : 6040K->6040K(21248K)], 0.0107740 secs] [Times: user=0.01 sys=0.00, real=0.01 secs] 
15.811: Total time for which application threads were stopped: 0.0110230 seconds, Stopping threads took: 0.0001820 seconds
15.815: Application time: 0.0045840 seconds
15.816: [GC15.816: [ParNew: 15692K->1425K(18432K), 0.0038020 secs] 40457K->37590K(59392K), 0.0038450 secs] [Times: user=0.03 sys=0.00, real=0.00 secs] 
15.819: Total time for which application threads were stopped: 0.0041880 seconds, Stopping threads took: 0.0002580 seconds
15.825: Application time: 0.0054330 seconds
15.825: [GC15.825: [ParNew: 17118K->17118K(18432K), 0.0000110 secs]15.825: [Tenured: 36165K->22626K(40960K), 0.0125090 secs] 53283K->22626K(59392K), [Perm : 6040K->6040K(21248K)], 0.0125700 secs] [Times: user=0.01 sys=0.00, real=0.01 secs] 
15.838: Total time for which application threads were stopped: 0.0128240 seconds, Stopping threads took: 0.0001820 seconds
15.843: Application time: 0.0050850 seconds
15.843: [GC15.843: [ParNew: 15693K->1425K(18432K), 0.0039920 secs] 38320K->35453K(59392K), 0.0040380 secs] [Times: user=0.02 sys=0.00, real=0.00 secs] 
15.847: Total time for which application threads were stopped: 0.0042900 seconds, Stopping threads took: 0.0001840 seconds
15.852: Application time: 0.0046600 seconds
15.852: [GC15.852: [ParNew: 17116K->17116K(18432K), 0.0000110 secs]15.852: [Tenured: 34028K->22627K(40960K), 0.0111800 secs] 51145K->22627K(59392K), [Perm : 6040K->6040K(21248K)], 0.0112420 secs] [Times: user=0.01 sys=0.00, real=0.02 secs] 
15.863: Total time for which application threads were stopped: 0.0115630 seconds, Stopping threads took: 0.0002500 seconds
15.868: Application time: 0.0046690 seconds
15.869: [GC15.869: [ParNew: 15693K->1429K(18432K), 0.0034370 secs] 38321K->34033K(59392K), 0.0034810 secs] [Times: user=0.03 sys=0.00, real=0.00 secs] 
15.872: Total time for which application threads were stopped: 0.0041750 seconds, Stopping threads took: 0.0006270 seconds
15.878: Application time: 0.0053930 seconds
15.878: [GC15.878: [ParNew: 17123K->17123K(18432K), 0.0000100 secs]15.878: [Tenured: 32604K->23340K(40960K), 0.0108620 secs] 49727K->23340K(59392K), [Perm : 6040K->6040K(21248K)], 0.0109290 secs] [Times: user=0.01 sys=0.00, real=0.01 secs] 
15.889: Total time for which application threads were stopped: 0.0112880 seconds, Stopping threads took: 0.0002680 seconds
15.893: Application time: 0.0044540 seconds
15.894: [GC15.894: [ParNew: 15692K->1427K(18432K), 0.0037820 secs] 39032K->36169K(59392K), 0.0038220 secs] [Times: user=0.03 sys=0.00, real=0.01 secs] 
15.898: Total time for which application threads were stopped: 0.0041970 seconds, Stopping threads took: 0.0003110 seconds
15.903: Application time: 0.0052350 seconds
15.903: [GC15.903: [ParNew: 17121K->17121K(18432K), 0.0000110 secs]15.903: [Tenured: 34742K->22628K(40960K), 0.0097210 secs] 51864K->22628K(59392K), [Perm : 6040K->6040K(21248K)], 0.0097810 secs] [Times: user=0.01 sys=0.00, real=0.00 secs] 
15.913: Total time for which application threads were stopped: 0.0101870 seconds, Stopping threads took: 0.0003380 seconds
15.918: Application time: 0.0051540 seconds
15.918: [GC15.918: [ParNew: 15701K->1433K(18432K), 0.0034430 secs] 38329K->34751K(59392K), 0.0034860 secs] [Times: user=0.03 sys=0.00, real=0.00 secs] 
15.922: Total time for which application threads were stopped: 0.0037080 seconds, Stopping threads took: 0.0001390 seconds
15.927: Application time: 0.0049150 seconds
15.927: [GC15.927: [ParNew: 17128K->17128K(18432K), 0.0000110 secs]15.927: [Tenured: 33318K->24053K(40960K), 0.0123710 secs] 50446K->24053K(59392K), [Perm : 6040K->6040K(21248K)], 0.0124320 secs] [Times: user=0.01 sys=0.00, real=0.01 secs] 
15.939: Total time for which application threads were stopped: 0.0127020 seconds, Stopping threads took: 0.0001780 seconds
15.945: Application time: 0.0052710 seconds
15.945: [GC15.945: [ParNew: 15695K->1425K(18432K), 0.0031580 secs] 39749K->34744K(59392K), 0.0032010 secs] [Times: user=0.03 sys=0.00, real=0.00 secs] 
15.948: Total time for which application threads were stopped: 0.0034610 seconds, Stopping threads took: 0.0001750 seconds
15.953: Application time: 0.0048050 seconds
15.953: [GC15.953: [ParNew: 17131K->17131K(18432K), 0.0000100 secs]15.953: [Tenured: 33318K->24769K(40960K), 0.0099170 secs] 50450K->24769K(59392K), [Perm : 6040K->6040K(21248K)], 0.0099780 secs] [Times: user=0.01 sys=0.00, real=0.02 secs] 
15.963: Total time for which application threads were stopped: 0.0103180 seconds, Stopping threads took: 0.0002600 seconds
15.969: Application time: 0.0052570 seconds
15.969: [GC15.969: [ParNew: 15706K->1437K(18432K), 0.0032580 secs] 40475K->36184K(59392K), 0.0033030 secs] [Times: user=0.03 sys=0.00, real=0.00 secs] 
15.972: Total time for which application threads were stopped: 0.0035310 seconds, Stopping threads took: 0.0001410 seconds
15.977: Application time: 0.0047090 seconds
15.977: [GC15.977: [ParNew: 17135K->17135K(18432K), 0.0000110 secs]15.977: [Tenured: 34746K->26197K(40960K), 0.0115620 secs] 51881K->26197K(59392K), [Perm : 6040K->6040K(21248K)], 0.0116240 secs] [Times: user=0.01 sys=0.00, real=0.01 secs] 
15.989: Total time for which application threads were stopped: 0.0118960 seconds, Stopping threads took: 0.0002000 seconds
15.994: Application time: 0.0051770 seconds
15.994: [GC15.994: [ParNew: 15703K->15703K(18432K), 0.0000110 secs]15.994: [Tenured: 26197K->28335K(40960K), 0.0104380 secs] 41900K->28335K(59392K), [Perm : 6040K->6040K(21248K)], 0.0105000 secs] [Times: user=0.01 sys=0.00, real=0.01 secs] 
16.005: Total time for which application threads were stopped: 0.0107720 seconds, Stopping threads took: 0.0002000 seconds
16.010: Application time: 0.0054090 seconds
16.010: [GC16.010: [ParNew: 15701K->15701K(18432K), 0.0000130 secs]16.010: [Tenured: 28335K->29042K(40960K), 0.0121240 secs] 44036K->29042K(59392K), [Perm : 6040K->6040K(21248K)], 0.0121940 secs] [Times: user=0.02 sys=0.00, real=0.02 secs] 
16.023: Total time for which application threads were stopped: 0.0125110 seconds, Stopping threads took: 0.0002490 seconds
16.027: Application time: 0.0047030 seconds
16.028: [GC16.028: [ParNew: 15694K->15694K(18432K), 0.0000110 secs]16.028: [Tenured: 29042K->29755K(40960K), 0.0115620 secs] 44737K->29755K(59392K), [Perm : 6040K->6040K(21248K)], 0.0116300 secs] [Times: user=0.01 sys=0.00, real=0.01 secs] 
16.039: Total time for which application threads were stopped: 0.0120120 seconds, Stopping threads took: 0.0002890 seconds
16.045: Application time: 0.0051520 seconds
16.045: [GC16.045: [ParNew: 15694K->15694K(18432K), 0.0000100 secs]16.045: [Tenured: 29755K->29755K(40960K), 0.0097830 secs] 45449K->29755K(59392K), [Perm : 6040K->6040K(21248K)], 0.0098400 secs] [Times: user=0.01 sys=0.00, real=0.01 secs] 
16.055: Total time for which application threads were stopped: 0.0100890 seconds, Stopping threads took: 0.0001620 seconds
16.060: Application time: 0.0049320 seconds
16.060: [GC16.060: [ParNew: 15692K->15692K(18432K), 0.0000100 secs]16.060: [Tenured: 29755K->30467K(40960K), 0.0104190 secs] 45447K->30467K(59392K), [Perm : 6040K->6040K(21248K)], 0.0104790 secs] [Times: user=0.01 sys=0.00, real=0.01 secs] 
16.070: Total time for which application threads were stopped: 0.0108770 seconds, Stopping threads took: 0.0003100 seconds
16.075: Application time: 0.0049870 seconds
16.076: [GC16.076: [ParNew: 15693K->15693K(18432K), 0.0000120 secs]16.076: [Tenured: 30467K->28329K(40960K), 0.0117360 secs] 46161K->28329K(59392K), [Perm : 6040K->6040K(21248K)], 0.0117980 secs] [Times: user=0.01 sys=0.00, real=0.01 secs] 
16.088: Total time for which application threads were stopped: 0.0122390 seconds, Stopping threads took: 0.0003510 seconds
16.093: Application time: 0.0049250 seconds
16.093: [GC16.093: [ParNew: 15693K->15693K(18432K), 0.0000110 secs]16.093: [Tenured: 28329K->30466K(40960K), 0.0119580 secs] 44022K->30466K(59392K), [Perm : 6040K->6040K(21248K)], 0.0120200 secs] [Times: user=0.01 sys=0.00, real=0.02 secs] 
16.105: Total time for which application threads were stopped: 0.0124530 seconds, Stopping threads took: 0.0003420 seconds
16.110: Application time: 0.0048350 seconds
16.110: [GC16.110: [ParNew: 15691K->15691K(18432K), 0.0000100 secs]16.110: [Tenured: 30466K->30466K(40960K), 0.0102800 secs] 46158K->30466K(59392K), [Perm : 6041K->6041K(21248K)], 0.0103420 secs] [Times: user=0.01 sys=0.00, real=0.01 secs] 
16.121: Total time for which application threads were stopped: 0.0107930 seconds, Stopping threads took: 0.0003810 seconds
16.126: Application time: 0.0052280 seconds
16.126: [GC16.126: [ParNew: 15693K->15693K(18432K), 0.0000090 secs]16.126: [Tenured: 30466K->27616K(40960K), 0.0096920 secs] 46159K->27616K(59392K), [Perm : 6041K->6041K(21248K)], 0.0097510 secs] [Times: user=0.01 sys=0.00, real=0.01 secs] 
16.136: Total time for which application threads were stopped: 0.0101500 seconds, Stopping threads took: 0.0003300 seconds
16.141: Application time: 0.0051480 seconds
16.142: [GC16.142: [ParNew: 15692K->15692K(18432K), 0.0000110 secs]16.142: [Tenured: 27616K->30466K(40960K), 0.0102170 secs] 43308K->30466K(59392K), [Perm : 6041K->6041K(21248K)], 0.0102790 secs] [Times: user=0.01 sys=0.00, real=0.01 secs] 
16.152: Total time for which application threads were stopped: 0.0106700 seconds, Stopping threads took: 0.0003140 seconds
16.157: Application time: 0.0046720 seconds
16.157: [GC16.157: [ParNew: 15692K->15692K(18432K), 0.0000100 secs]16.157: [Tenured: 30466K->29040K(40960K), 0.0107290 secs] 46159K->29040K(59392K), [Perm : 6041K->6041K(21248K)], 0.0107890 secs] [Times: user=0.01 sys=0.00, real=0.01 secs] 
16.168: Total time for which application threads were stopped: 0.0110080 seconds, Stopping threads took: 0.0001500 seconds
16.173: Application time: 0.0051900 seconds
16.173: [GC16.173: [ParNew: 15692K->15692K(18432K), 0.0000110 secs]16.173: [Tenured: 29040K->29753K(40960K), 0.0099690 secs] 44733K->29753K(59392K), [Perm : 6041K->6041K(21248K)], 0.0100300 secs] [Times: user=0.01 sys=0.00, real=0.02 secs] 
16.183: Total time for which application threads were stopped: 0.0105940 seconds, Stopping threads took: 0.0004970 seconds
16.189: Application time: 0.0053450 seconds
16.189: [GC16.189: [ParNew: 15692K->15692K(18432K), 0.0000100 secs]16.189: [Tenured: 29753K->29753K(40960K), 0.0100760 secs] 45445K->29753K(59392K), [Perm : 6041K->6041K(21248K)], 0.0101420 secs] [Times: user=0.01 sys=0.00, real=0.01 secs] 
16.199: Total time for which application threads were stopped: 0.0104440 seconds, Stopping threads took: 0.0002250 seconds
16.204: Application time: 0.0049100 seconds
16.205: [GC16.205: [ParNew: 15700K->15700K(18432K), 0.0000100 secs]16.205: [Tenured: 29753K->27614K(40960K), 0.0117830 secs] 45454K->27614K(59392K), [Perm : 6041K->6041K(21248K)], 0.0118420 secs] [Times: user=0.01 sys=0.00, real=0.01 secs] 
16.216: Total time for which application threads were stopped: 0.0122670 seconds, Stopping threads took: 0.0003370 seconds
16.222: Application time: 0.0058810 seconds
16.223: [GC16.223: [ParNew: 15698K->15698K(18432K), 0.0000120 secs]16.223: [Tenured: 27614K->24765K(40960K), 0.0105770 secs] 43313K->24765K(59392K), [Perm : 6041K->6041K(21248K)], 0.0106390 secs] [Times: user=0.01 sys=0.00, real=0.00 secs] 
16.234: Total time for which application threads were stopped: 0.0113090 seconds, Stopping threads took: 0.0005780 seconds
16.239: Application time: 0.0053250 seconds
16.239: [GC16.239: [ParNew: 15724K->1439K(18432K), 0.0037370 secs] 40490K->36892K(59392K), 0.0037790 secs] [Times: user=0.03 sys=0.00, real=0.01 secs] 
16.243: Total time for which application threads were stopped: 0.0039490 seconds, Stopping threads took: 0.0001100 seconds
16.303: Application time: 0.0602680 seconds
16.303: [GC16.303: [ParNew: 17150K->17150K(18432K), 0.0000090 secs]16.303: [Tenured: 35453K->20490K(40960K), 0.0105500 secs] 52603K->20490K(59392K), [Perm : 6046K->6046K(21248K)], 0.0106080 secs] [Times: user=0.01 sys=0.00, real=0.00 secs] 
16.314: Total time for which application threads were stopped: 0.0107340 seconds, Stopping threads took: 0.0000600 seconds
16.388: Application time: 0.0738160 seconds
16.388: [GC16.388: [ParNew: 15691K->1427K(18432K), 0.0043460 secs] 36182K->35455K(59392K), 0.0043890 secs] [Times: user=0.03 sys=0.00, real=0.00 secs] 
16.392: Total time for which application threads were stopped: 0.0045170 seconds, Stopping threads took: 0.0000630 seconds
16.418: Application time: 0.0253760 seconds
16.418: [GC16.418: [ParNew: 17118K->17118K(18432K), 0.0000100 secs]16.418: [Tenured: 34028K->24765K(40960K), 0.0117050 secs] 51146K->24765K(59392K), [Perm : 6046K->6046K(21248K)], 0.0117670 secs] [Times: user=0.01 sys=0.00, real=0.01 secs] 
16.430: Total time for which application threads were stopped: 0.0119270 seconds, Stopping threads took: 0.0000900 seconds
16.509: Application time: 0.0795600 seconds
16.509: [GC16.509: [ParNew: 15691K->1425K(18432K), 0.0044250 secs] 40457K->40440K(59392K), 0.0044660 secs] [Times: user=0.04 sys=0.00, real=0.00 secs] 
16.514: Total time for which application threads were stopped: 0.0046060 seconds, Stopping threads took: 0.0000720 seconds
16.593: Application time: 0.0795320 seconds
16.593: [GC16.593: [ParNew: 17116K->17116K(18432K), 0.0000100 secs]16.593: [Tenured: 39015K->25477K(40960K), 0.0122580 secs] 56132K->25477K(59392K), [Perm : 6046K->6046K(21248K)], 0.0123180 secs] [Times: user=0.01 sys=0.00, real=0.02 secs] 
16.606: Total time for which application threads were stopped: 0.0124500 seconds, Stopping threads took: 0.0000620 seconds
16.680: Application time: 0.0740330 seconds
16.680: [GC16.680: [ParNew: 15691K->15691K(18432K), 0.0000110 secs]16.680: [Tenured: 25477K->24765K(40960K), 0.0116470 secs] 41169K->24765K(59392K), [Perm : 6046K->6046K(21248K)], 0.0117080 secs] [Times: user=0.01 sys=0.00, real=0.01 secs] 
16.692: Total time for which application threads were stopped: 0.0119080 seconds, Stopping threads took: 0.0001180 seconds
16.758: Application time: 0.0663380 seconds
16.758: [GC16.758: [ParNew: 15691K->1425K(18432K), 0.0046290 secs] 40457K->40440K(59392K), 0.0046730 secs] [Times: user=0.04 sys=0.00, real=0.01 secs] 
16.763: Total time for which application threads were stopped: 0.0048520 seconds, Stopping threads took: 0.0001020 seconds
16.841: Application time: 0.0778420 seconds
16.841: [GC16.841: [ParNew: 17116K->17116K(18432K), 0.0000110 secs]16.841: [Tenured: 39015K->25477K(40960K), 0.0119420 secs] 56132K->25477K(59392K), [Perm : 6046K->6046K(21248K)], 0.0120020 secs] [Times: user=0.01 sys=0.00, real=0.01 secs] 
16.853: Total time for which application threads were stopped: 0.0121630 seconds, Stopping threads took: 0.0000900 seconds
16.905: Application time: 0.0520350 seconds
16.905: [GC16.905: [ParNew: 15691K->15691K(18432K), 0.0000110 secs]16.905: [Tenured: 25477K->24765K(40960K), 0.0109410 secs] 41169K->24765K(59392K), [Perm : 6046K->6046K(21248K)], 0.0110010 secs] [Times: user=0.01 sys=0.00, real=0.01 secs] 
16.916: Total time for which application threads were stopped: 0.0111350 seconds, Stopping threads took: 0.0000640 seconds
16.986: Application time: 0.0703060 seconds
16.987: [GC16.987: [ParNew: 15691K->1425K(18432K), 0.0047010 secs] 40457K->40440K(59392K), 0.0047450 secs] [Times: user=0.04 sys=0.00, real=0.00 secs] 
16.991: Total time for which application threads were stopped: 0.0050090 seconds, Stopping threads took: 0.0001970 seconds
17.062: Application time: 0.0708030 seconds
17.062: [GC17.062: [ParNew: 17116K->17116K(18432K), 0.0000110 secs]17.062: [Tenured: 39015K->25477K(40960K), 0.0109040 secs] 56132K->25477K(59392K), [Perm : 6046K->6046K(21248K)], 0.0109640 secs] [Times: user=0.01 sys=0.00, real=0.00 secs] 
17.073: Total time for which application threads were stopped: 0.0111130 seconds, Stopping threads took: 0.0000780 seconds
17.145: Application time: 0.0713220 seconds
17.145: [GC17.145: [ParNew: 15689K->15689K(18432K), 0.0000110 secs]17.145: [Tenured: 25477K->24765K(40960K), 0.0101250 secs] 41167K->24765K(59392K), [Perm : 6046K->6046K(21248K)], 0.0101850 secs] [Times: user=0.01 sys=0.00, real=0.01 secs] 
17.155: Total time for which application threads were stopped: 0.0103210 seconds, Stopping threads took: 0.0000650 seconds
17.227: Application time: 0.0723660 seconds
17.228: [GC17.228: [ParNew: 15721K->1439K(18432K), 0.0037450 secs] 40487K->36892K(59392K), 0.0037880 secs] [Times: user=0.03 sys=0.00, real=0.00 secs] 
17.231: Total time for which application threads were stopped: 0.0040350 seconds, Stopping threads took: 0.0001710 seconds
17.314: Application time: 0.0822900 seconds
17.314: [GC17.314: [ParNew: 17137K->17137K(18432K), 0.0000100 secs]17.314: [Tenured: 35453K->27619K(40960K), 0.0116800 secs] 52590K->27619K(59392K), [Perm : 6046K->6046K(21248K)], 0.0117390 secs] [Times: user=0.01 sys=0.00, real=0.02 secs] 
17.326: Total time for which application threads were stopped: 0.0119030 seconds, Stopping threads took: 0.0000920 seconds
17.397: Application time: 0.0709770 seconds
17.397: [GC17.397: [ParNew: 15715K->15715K(18432K), 0.0000100 secs]17.397: [Tenured: 27619K->29759K(40960K), 0.0115080 secs] 43334K->29759K(59392K), [Perm : 6047K->6047K(21248K)], 0.0115660 secs] [Times: user=0.01 sys=0.00, real=0.01 secs] 
17.408: Total time for which application threads were stopped: 0.0118040 seconds, Stopping threads took: 0.0001510 seconds
17.480: Application time: 0.0714830 seconds
17.480: [GC17.480: [ParNew: 15687K->15687K(18432K), 0.0000110 secs]17.480: [Tenured: 29759K->31178K(40960K), 0.0124400 secs] 45447K->31178K(59392K), [Perm : 6047K->6047K(21248K)], 0.0125000 secs] [Times: user=0.01 sys=0.00, real=0.01 secs] 
17.492: Total time for which application threads were stopped: 0.0126300 seconds, Stopping threads took: 0.0000610 seconds
17.563: Application time: 0.0701250 seconds
17.563: [GC17.563: [ParNew: 15691K->15691K(18432K), 0.0000100 secs]17.563: [Tenured: 31178K->29753K(40960K), 0.0102790 secs] 46869K->29753K(59392K), [Perm : 6047K->6047K(21248K)], 0.0103370 secs] [Times: user=0.01 sys=0.00, real=0.00 secs] 
17.573: Total time for which application threads were stopped: 0.0104760 seconds, Stopping threads took: 0.0000710 seconds
17.643: Application time: 0.0699270 seconds
17.643: [GC17.643: [ParNew: 15691K->15691K(18432K), 0.0000180 secs]17.643: [Tenured: 29753K->29753K(40960K), 0.0102010 secs] 45444K->29753K(59392K), [Perm : 6047K->6047K(21248K)], 0.0102700 secs] [Times: user=0.01 sys=0.00, real=0.00 secs] 
17.653: Total time for which application threads were stopped: 0.0104040 seconds, Stopping threads took: 0.0000660 seconds
17.705: Application time: 0.0519170 seconds
17.705: [GC17.705: [ParNew: 15691K->15691K(18432K), 0.0000110 secs]17.705: [Tenured: 29753K->31178K(40960K), 0.0111800 secs] 45444K->31178K(59392K), [Perm : 6047K->6047K(21248K)], 0.0112410 secs] [Times: user=0.01 sys=0.00, real=0.01 secs] 
17.717: Total time for which application threads were stopped: 0.0114260 seconds, Stopping threads took: 0.0001140 seconds
17.799: Application time: 0.0822530 seconds
17.799: [GC17.799: [ParNew: 15691K->15691K(18432K), 0.0000110 secs]17.799: [Tenured: 31178K->31178K(40960K), 0.0121480 secs] 46869K->31178K(59392K), [Perm : 6047K->6047K(21248K)], 0.0122100 secs] [Times: user=0.01 sys=0.00, real=0.01 secs] 
17.811: Total time for which application threads were stopped: 0.0124260 seconds, Stopping threads took: 0.0001370 seconds
17.887: Application time: 0.0753770 seconds
17.887: [GC17.887: [ParNew: 15691K->15691K(18432K), 0.0000100 secs]17.887: [Tenured: 31178K->30465K(40960K), 0.0111760 secs] 46869K->30465K(59392K), [Perm : 6047K->6047K(21248K)], 0.0112340 secs] [Times: user=0.01 sys=0.00, real=0.01 secs] 
17.898: Total time for which application threads were stopped: 0.0114380 seconds, Stopping threads took: 0.0001170 seconds
17.974: Application time: 0.0755550 seconds
17.974: [GC17.974: [ParNew: 15687K->15687K(18432K), 0.0000110 secs]17.974: [Tenured: 30465K->31178K(40960K), 0.0111130 secs] 46153K->31178K(59392K), [Perm : 6047K->6047K(21248K)], 0.0111770 secs] [Times: user=0.01 sys=0.00, real=0.02 secs] 
17.985: Total time for which application threads were stopped: 0.0113420 seconds, Stopping threads took: 0.0000940 seconds
18.058: Application time: 0.0732010 seconds
18.058: [GC18.058: [ParNew: 15689K->15689K(18432K), 0.0000100 secs]18.058: [Tenured: 31178K->31178K(40960K), 0.0104980 secs] 46867K->31178K(59392K), [Perm : 6047K->6047K(21248K)], 0.0105550 secs] [Times: user=0.01 sys=0.00, real=0.01 secs] 
18.069: Total time for which application threads were stopped: 0.0107070 seconds, Stopping threads took: 0.0000890 seconds
18.140: Application time: 0.0709060 seconds
18.140: [GC18.140: [ParNew: 15689K->15689K(18432K), 0.0000110 secs]18.140: [Tenured: 31178K->30465K(40960K), 0.0109780 secs] 46867K->30465K(59392K), [Perm : 6047K->6047K(21248K)], 0.0110360 secs] [Times: user=0.01 sys=0.00, real=0.01 secs] 
18.151: Total time for which application threads were stopped: 0.0111590 seconds, Stopping threads took: 0.0000570 seconds
18.216: Application time: 0.0646400 seconds
18.216: [GC18.216: [ParNew: 15691K->15691K(18432K), 0.0000100 secs]18.216: [Tenured: 30465K->31178K(40960K), 0.0114620 secs] 46157K->31178K(59392K), [Perm : 6047K->6047K(21248K)], 0.0115210 secs] [Times: user=0.02 sys=0.00, real=0.01 secs] 
18.227: Total time for which application threads were stopped: 0.0116770 seconds, Stopping threads took: 0.0000880 seconds
18.297: Application time: 0.0699530 seconds
18.297: [GC18.297: [ParNew: 15691K->15691K(18432K), 0.0000090 secs]18.298: [Tenured: 31178K->31178K(40960K), 0.0105990 secs] 46869K->31178K(59392K), [Perm : 6047K->6047K(21248K)], 0.0106580 secs] [Times: user=0.02 sys=0.00, real=0.01 secs] 
18.308: Total time for which application threads were stopped: 0.0107890 seconds, Stopping threads took: 0.0000620 seconds
18.367: Application time: 0.0583620 seconds
18.367: [GC18.367: [ParNew: 15737K->15737K(18432K), 0.0000090 secs]18.367: [Tenured: 31178K->21915K(40960K), 0.0117010 secs] 46915K->21915K(59392K), [Perm : 6048K->6048K(21248K)], 0.0117560 secs] [Times: user=0.01 sys=0.00, real=0.01 secs] 
18.378: Total time for which application threads were stopped: 0.0119300 seconds, Stopping threads took: 0.0000950 seconds
18.434: Application time: 0.0556120 seconds
18.434: [GC18.434: [ParNew: 15704K->1435K(18432K), 0.0036720 secs] 37619K->34038K(59392K), 0.0037230 secs] [Times: user=0.03 sys=0.00, real=0.00 secs] 
18.438: Total time for which application threads were stopped: 0.0038520 seconds, Stopping threads took: 0.0000610 seconds
18.471: Application time: 0.0334070 seconds
18.471: [GC18.472: [ParNew: 17122K->17122K(18432K), 0.0000100 secs]18.472: [Tenured: 32603K->24765K(40960K), 0.0124600 secs] 49726K->24765K(59392K), [Perm : 6049K->6049K(21248K)], 0.0125210 secs] [Times: user=0.02 sys=0.00, real=0.02 secs] 
18.484: Total time for which application threads were stopped: 0.0127090 seconds, Stopping threads took: 0.0001190 seconds
18.554: Application time: 0.0703580 seconds
18.555: [GC18.555: [ParNew: 15687K->1425K(18432K), 0.0034770 secs] 40453K->36878K(59392K), 0.0035230 secs] [Times: user=0.03 sys=0.00, real=0.00 secs] 
18.558: Total time for which application threads were stopped: 0.0037030 seconds, Stopping threads took: 0.0001140 seconds
18.611: Application time: 0.0524090 seconds
18.611: [GC18.611: [ParNew: 17114K->17114K(18432K), 0.0000110 secs]18.611: [Tenured: 35453K->25478K(40960K), 0.0122300 secs] 52568K->25478K(59392K), [Perm : 6049K->6049K(21248K)], 0.0122910 secs] [Times: user=0.02 sys=0.00, real=0.02 secs] 
18.623: Total time for which application threads were stopped: 0.0125800 seconds, Stopping threads took: 0.0002180 seconds
18.651: Application time: 0.0280090 seconds
18.651: [GC18.651: [ParNew: 15690K->15690K(18432K), 0.0000100 secs]18.651: [Tenured: 25478K->24766K(40960K), 0.0109410 secs] 41168K->24766K(59392K), [Perm : 6049K->6049K(21248K)], 0.0110020 secs] [Times: user=0.01 sys=0.00, real=0.02 secs] 
18.662: Total time for which application threads were stopped: 0.0112510 seconds, Stopping threads took: 0.0001610 seconds
18.727: Application time: 0.0647640 seconds
18.727: [GC18.727: [ParNew: 15688K->1425K(18432K), 0.0037440 secs] 40454K->36879K(59392K), 0.0037880 secs] [Times: user=0.03 sys=0.00, real=0.00 secs] 
18.731: Total time for which application threads were stopped: 0.0040370 seconds, Stopping threads took: 0.0001720 seconds
18.796: Application time: 0.0645680 seconds
18.796: [GC18.796: [ParNew: 17113K->17113K(18432K), 0.0000110 secs]18.796: [Tenured: 35454K->25478K(40960K), 0.0120290 secs] 52567K->25478K(59392K), [Perm : 6049K->6049K(21248K)], 0.0120910 secs] [Times: user=0.01 sys=0.00, real=0.01 secs] 
18.808: Total time for which application threads were stopped: 0.0122530 seconds, Stopping threads took: 0.0000920 seconds
18.836: Application time: 0.0275960 seconds
18.836: [GC18.836: [ParNew: 15688K->15688K(18432K), 0.0000110 secs]18.836: [Tenured: 25478K->24766K(40960K), 0.0109820 secs] 41167K->24766K(59392K), [Perm : 6049K->6049K(21248K)], 0.0110370 secs] [Times: user=0.01 sys=0.00, real=0.01 secs] 
18.847: Total time for which application threads were stopped: 0.0111820 seconds, Stopping threads took: 0.0000760 seconds
18.905: Application time: 0.0579770 seconds
18.905: [GC18.905: [ParNew: 15688K->1425K(18432K), 0.0038130 secs] 40454K->36880K(59392K), 0.0038560 secs] [Times: user=0.03 sys=0.00, real=0.00 secs] 
18.909: Total time for which application threads were stopped: 0.0039950 seconds, Stopping threads took: 0.0000620 seconds
18.978: Application time: 0.0689960 seconds
18.978: [GC18.978: [ParNew: 17113K->17113K(18432K), 0.0000100 secs]18.978: [Tenured: 35454K->24766K(40960K), 0.0102620 secs] 52568K->24766K(59392K), [Perm : 6049K->6049K(21248K)], 0.0103200 secs] [Times: user=0.01 sys=0.00, real=0.01 secs] 
18.988: Total time for which application threads were stopped: 0.0104800 seconds, Stopping threads took: 0.0000830 seconds
19.016: Application time: 0.0278570 seconds
19.016: [GC19.016: [ParNew: 15690K->1425K(18432K), 0.0035200 secs] 40457K->36880K(59392K), 0.0035600 secs] [Times: user=0.02 sys=0.00, real=0.00 secs] 
19.020: Total time for which application threads were stopped: 0.0037640 seconds, Stopping threads took: 0.0001360 seconds
19.076: Application time: 0.0556470 seconds
19.076: [GC19.076: [ParNew: 17114K->17114K(18432K), 0.0000100 secs]19.076: [Tenured: 35455K->24766K(40960K), 0.0109790 secs] 52569K->24766K(59392K), [Perm : 6049K->6049K(21248K)], 0.0110500 secs] [Times: user=0.01 sys=0.00, real=0.01 secs] 
19.087: Total time for which application threads were stopped: 0.0111910 seconds, Stopping threads took: 0.0000680 seconds
19.151: Application time: 0.0646590 seconds
19.151: [GC19.151: [ParNew: 15688K->1425K(18432K), 0.0035450 secs] 40455K->36880K(59392K), 0.0035800 secs] [Times: user=0.03 sys=0.00, real=0.01 secs] 
19.155: Total time for which application threads were stopped: 0.0037160 seconds, Stopping threads took: 0.0000750 seconds
19.191: Application time: 0.0354620 seconds
19.191: [GC19.191: [ParNew: 17114K->17114K(18432K), 0.0000100 secs]19.191: [Tenured: 35455K->24767K(40960K), 0.0110160 secs] 52570K->24767K(59392K), [Perm : 6049K->6049K(21248K)], 0.0110760 secs] [Times: user=0.01 sys=0.00, real=0.01 secs] 
19.202: Total time for which application threads were stopped: 0.0112230 seconds, Stopping threads took: 0.0000750 seconds
19.259: Application time: 0.0572440 seconds
19.259: [GC19.259: [ParNew: 15691K->1427K(18432K), 0.0037150 secs] 40458K->36883K(59392K), 0.0037550 secs] [Times: user=0.03 sys=0.00, real=0.01 secs] 
19.263: Total time for which application threads were stopped: 0.0039940 seconds, Stopping threads took: 0.0001520 seconds
19.319: Application time: 0.0562050 seconds
19.319: [GC19.319: [ParNew: 17136K->17136K(18432K), 0.0000110 secs]19.319: [Tenured: 35456K->24767K(40960K), 0.0127130 secs] 52592K->24767K(59392K), [Perm : 6049K->6049K(21248K)], 0.0127760 secs] [Times: user=0.02 sys=0.00, real=0.01 secs] 
19.332: Total time for which application threads were stopped: 0.0129590 seconds, Stopping threads took: 0.0001140 seconds
19.377: Application time: 0.0450220 seconds
19.377: [GC19.377: [ParNew: 15698K->1433K(18432K), 0.0036940 secs] 40465K->36889K(59392K), 0.0037320 secs] [Times: user=0.02 sys=0.00, real=0.00 secs] 
19.381: Total time for which application threads were stopped: 0.0038620 seconds, Stopping threads took: 0.0000650 seconds
19.442: Application time: 0.0605730 seconds
19.442: [GC19.442: [ParNew: 17149K->17149K(18432K), 0.0000100 secs]19.442: [Tenured: 35456K->26908K(40960K), 0.0112330 secs] 52605K->26908K(59392K), [Perm : 6049K->6049K(21248K)], 0.0112930 secs] [Times: user=0.01 sys=0.00, real=0.01 secs] 
19.453: Total time for which application threads were stopped: 0.0114560 seconds, Stopping threads took: 0.0000840 seconds
19.510: Application time: 0.0572610 seconds
19.511: [GC19.511: [ParNew: 15707K->15707K(18432K), 0.0000110 secs]19.511: [Tenured: 26908K->28335K(40960K), 0.0124160 secs] 42615K->28335K(59392K), [Perm : 6049K->6049K(21248K)], 0.0124770 secs] [Times: user=0.01 sys=0.00, real=0.02 secs] 
19.523: Total time for which application threads were stopped: 0.0127210 seconds, Stopping threads took: 0.0001540 seconds
19.555: Application time: 0.0317070 seconds
19.555: [GC19.555: [ParNew: 15689K->15689K(18432K), 0.0000090 secs]19.555: [Tenured: 28335K->31898K(40960K), 0.0115260 secs] 44024K->31898K(59392K), [Perm : 6049K->6049K(21248K)], 0.0115860 secs] [Times: user=0.01 sys=0.00, real=0.01 secs] 
19.567: Total time for which application threads were stopped: 0.0117790 seconds, Stopping threads took: 0.0001210 seconds
19.631: Application time: 0.0648690 seconds
19.632: [GC19.632: [ParNew: 15689K->15689K(18432K), 0.0000110 secs]19.632: [Tenured: 31898K->31180K(40960K), 0.0133700 secs] 47587K->31180K(59392K), [Perm : 6049K->6049K(21248K)], 0.0134300 secs] [Times: user=0.01 sys=0.00, real=0.02 secs] 
19.645: Total time for which application threads were stopped: 0.0135730 seconds, Stopping threads took: 0.0000730 seconds
19.698: Application time: 0.0527550 seconds
19.698: [GC19.698: [ParNew: 15688K->15688K(18432K), 0.0000110 secs]19.698: [Tenured: 31180K->30468K(40960K), 0.0121430 secs] 46869K->30468K(59392K), [Perm : 6049K->6049K(21248K)], 0.0122040 secs] [Times: user=0.01 sys=0.00, real=0.01 secs] 
19.710: Total time for which application threads were stopped: 0.0123930 seconds, Stopping threads took: 0.0001190 seconds
19.761: Application time: 0.0511840 seconds
19.762: [GC19.762: [ParNew: 15688K->15688K(18432K), 0.0000120 secs]19.762: [Tenured: 30468K->31180K(40960K), 0.0120060 secs] 46156K->31180K(59392K), [Perm : 6049K->6049K(21248K)], 0.0120780 secs] [Times: user=0.01 sys=0.00, real=0.01 secs] 
19.774: Total time for which application threads were stopped: 0.0124190 seconds, Stopping threads took: 0.0002510 seconds
19.819: Application time: 0.0449650 seconds
19.819: [GC19.819: [ParNew: 15688K->15688K(18432K), 0.0000090 secs]19.819: [Tenured: 31180K->30467K(40960K), 0.0103160 secs] 46869K->30467K(59392K), [Perm : 6049K->6049K(21248K)], 0.0103760 secs] [Times: user=0.01 sys=0.00, real=0.01 secs] 
19.829: Total time for which application threads were stopped: 0.0105210 seconds, Stopping threads took: 0.0000780 seconds
19.895: Application time: 0.0656040 seconds
19.895: [GC19.895: [ParNew: 15688K->15688K(18432K), 0.0000120 secs]19.895: [Tenured: 30467K->31180K(40960K), 0.0110580 secs] 46156K->31180K(59392K), [Perm : 6049K->6049K(21248K)], 0.0111180 secs] [Times: user=0.01 sys=0.00, real=0.01 secs] 
19.906: Total time for which application threads were stopped: 0.0112460 seconds, Stopping threads took: 0.0000620 seconds
19.945: Application time: 0.0389330 seconds
19.945: [GC19.945: [ParNew: 15688K->15688K(18432K), 0.0000120 secs]19.945: [Tenured: 31180K->30467K(40960K), 0.0111930 secs] 46868K->30467K(59392K), [Perm : 6049K->6049K(21248K)], 0.0112540 secs] [Times: user=0.01 sys=0.00, real=0.01 secs] 
19.957: Total time for which application threads were stopped: 0.0114840 seconds, Stopping threads took: 0.0001330 seconds
20.004: Application time: 0.0473870 seconds
20.004: [GC20.004: [ParNew: 15688K->15688K(18432K), 0.0000110 secs]20.004: [Tenured: 30467K->31179K(40960K), 0.0118450 secs] 46155K->31179K(59392K), [Perm : 6049K->6049K(21248K)], 0.0119050 secs] [Times: user=0.01 sys=0.00, real=0.01 secs] 
20.016: Total time for which application threads were stopped: 0.0120500 seconds, Stopping threads took: 0.0000740 seconds
20.079: Application time: 0.0626770 seconds
20.079: [GC20.079: [ParNew: 15688K->15688K(18432K), 0.0000090 secs]20.079: [Tenured: 31179K->30467K(40960K), 0.0111900 secs] 46868K->30467K(59392K), [Perm : 6049K->6049K(21248K)], 0.0112490 secs] [Times: user=0.02 sys=0.00, real=0.01 secs] 
20.090: Total time for which application threads were stopped: 0.0114290 seconds, Stopping threads took: 0.0000910 seconds
20.134: Application time: 0.0439750 seconds
20.134: [GC20.134: [ParNew: 15688K->15688K(18432K), 0.0000130 secs]20.134: [Tenured: 30467K->31179K(40960K), 0.0106460 secs] 46155K->31179K(59392K), [Perm : 6049K->6049K(21248K)], 0.0107150 secs] [Times: user=0.01 sys=0.00, real=0.01 secs] 
20.145: Total time for which application threads were stopped: 0.0108460 seconds, Stopping threads took: 0.0000640 seconds
20.188: Application time: 0.0427110 seconds
20.188: [GC20.188: [ParNew: 15688K->15688K(18432K), 0.0000100 secs]20.188: [Tenured: 31179K->30467K(40960K), 0.0111700 secs] 46867K->30467K(59392K), [Perm : 6049K->6049K(21248K)], 0.0112320 secs] [Times: user=0.01 sys=0.00, real=0.01 secs] 
20.199: Total time for which application threads were stopped: 0.0114270 seconds, Stopping threads took: 0.0001150 seconds
20.265: Application time: 0.0655220 seconds
20.265: [GC20.265: [ParNew: 15687K->15687K(18432K), 0.0000100 secs]20.265: [Tenured: 30467K->31179K(40960K), 0.0113870 secs] 46154K->31179K(59392K), [Perm : 6049K->6049K(21248K)], 0.0114470 secs] [Times: user=0.01 sys=0.00, real=0.01 secs] 
20.276: Total time for which application threads were stopped: 0.0115920 seconds, Stopping threads took: 0.0000750 seconds
20.317: Application time: 0.0405850 seconds
20.317: [GC20.317: [ParNew: 15687K->15687K(18432K), 0.0000100 secs]20.317: [Tenured: 31179K->30466K(40960K), 0.0114640 secs] 46867K->30466K(59392K), [Perm : 6049K->6049K(21248K)], 0.0115240 secs] [Times: user=0.01 sys=0.00, real=0.01 secs] 
20.328: Total time for which application threads were stopped: 0.0117100 seconds, Stopping threads took: 0.0000980 seconds
20.377: Application time: 0.0489950 seconds
20.378: [GC20.378: [ParNew: 15687K->15687K(18432K), 0.0000110 secs]20.378: [Tenured: 30466K->31179K(40960K), 0.0110660 secs] 46154K->31179K(59392K), [Perm : 6049K->6049K(21248K)], 0.0111380 secs] [Times: user=0.01 sys=0.00, real=0.01 secs] 
20.389: Total time for which application threads were stopped: 0.0112790 seconds, Stopping threads took: 0.0000690 seconds
20.410: Application time: 0.0214600 seconds
20.410: Total time for which application threads were stopped: 0.0000870 seconds, Stopping threads took: 0.0000620 seconds
20.429: Application time: 0.0187770 seconds
20.429: [GC20.429: [ParNew: 15765K->15765K(18432K), 0.0000110 secs]20.429: [Tenured: 31179K->30523K(40960K), 0.0116370 secs] 46945K->30523K(59392K), [Perm : 6052K->6052K(21248K)], 0.0116960 secs] [Times: user=0.01 sys=0.00, real=0.01 secs] 
20.441: Total time for which application threads were stopped: 0.0119010 seconds, Stopping threads took: 0.0001360 seconds
20.450: Application time: 0.0089770 seconds
20.450: [GC20.450: [ParNew: 15910K->15910K(18432K), 0.0000100 secs]20.450: [Tenured: 30523K->24142K(40960K), 0.0123100 secs] 46434K->24142K(59392K), [Perm : 6052K->6052K(21248K)], 0.0123690 secs] [Times: user=0.02 sys=0.00, real=0.02 secs] 
20.463: Total time for which application threads were stopped: 0.0125420 seconds, Stopping threads took: 0.0000900 seconds
20.472: Application time: 0.0093000 seconds
20.472: [GC20.472: [ParNew: 16138K->1446K(18432K), 0.0013560 secs] 40281K->28438K(59392K), 0.0013930 secs] [Times: user=0.01 sys=0.00, real=0.00 secs] 
20.473: Total time for which application threads were stopped: 0.0015770 seconds, Stopping threads took: 0.0001210 seconds
20.480: Application time: 0.0063580 seconds
20.480: [GC20.480: [ParNew: 17199K->17199K(18432K), 0.0000110 secs]20.480: [Tenured: 26992K->27701K(40960K), 0.0118990 secs] 44191K->27701K(59392K), [Perm : 6052K->6052K(21248K)], 0.0119600 secs] [Times: user=0.02 sys=0.00, real=0.01 secs] 
20.492: Total time for which application threads were stopped: 0.0123020 seconds, Stopping threads took: 0.0002720 seconds
20.498: Application time: 0.0059270 seconds
20.498: [GC20.498: [ParNew: 15693K->15693K(18432K), 0.0000110 secs]20.498: [Tenured: 27701K->27616K(40960K), 0.0136070 secs] 43395K->27616K(59392K), [Perm : 6052K->6052K(21248K)], 0.0136680 secs] [Times: user=0.02 sys=0.00, real=0.01 secs] 
20.512: Total time for which application threads were stopped: 0.0138730 seconds, Stopping threads took: 0.0001120 seconds
20.519: Application time: 0.0072980 seconds
20.519: [GC20.519: [ParNew: 16202K->16202K(18432K), 0.0000110 secs]20.519: [Tenured: 27616K->27654K(40960K), 0.0107470 secs] 43819K->27654K(59392K), [Perm : 6052K->6052K(21248K)], 0.0108070 secs] [Times: user=0.02 sys=0.00, real=0.01 secs] 
20.530: Total time for which application threads were stopped: 0.0110240 seconds, Stopping threads took: 0.0001470 seconds
20.536: Application time: 0.0057490 seconds
20.536: [GC20.536: [ParNew: 15876K->15876K(18432K), 0.0000100 secs]20.536: [Tenured: 27654K->27655K(40960K), 0.0085940 secs] 43530K->27655K(59392K), [Perm : 6052K->6052K(21248K)], 0.0086550 secs] [Times: user=0.01 sys=0.00, real=0.01 secs] 
20.545: Total time for which application threads were stopped: 0.0088300 seconds, Stopping threads took: 0.0001040 seconds
20.550: Application time: 0.0053500 seconds
20.550: [GC20.550: [ParNew: 15729K->15729K(18432K), 0.0000100 secs]20.550: [Tenured: 27655K->29071K(40960K), 0.0090880 secs] 43384K->29071K(59392K), [Perm : 6052K->6052K(21248K)], 0.0091480 secs] [Times: user=0.01 sys=0.00, real=0.01 secs] 
20.560: Total time for which application threads were stopped: 0.0094070 seconds, Stopping threads took: 0.0001780 seconds
20.565: Application time: 0.0053440 seconds
20.565: [GC20.565: [ParNew: 15683K->15683K(18432K), 0.0000100 secs]20.565: [Tenured: 29071K->29754K(40960K), 0.0134120 secs] 44754K->29754K(59392K), [Perm : 6052K->6052K(21248K)], 0.0134710 secs] [Times: user=0.01 sys=0.00, real=0.01 secs] 
20.579: Total time for which application threads were stopped: 0.0136990 seconds, Stopping threads took: 0.0001410 seconds
20.584: Application time: 0.0055210 seconds
20.584: [GC20.584: [ParNew: 15689K->15689K(18432K), 0.0000110 secs]20.584: [Tenured: 29754K->29755K(40960K), 0.0102360 secs] 45444K->29755K(59392K), [Perm : 6052K->6052K(21248K)], 0.0103060 secs] [Times: user=0.01 sys=0.00, real=0.01 secs] 
20.595: Total time for which application threads were stopped: 0.0105610 seconds, Stopping threads took: 0.0001640 seconds
20.601: Application time: 0.0063330 seconds
20.601: [GC20.601: [ParNew: 15692K->15692K(18432K), 0.0000110 secs]20.601: [Tenured: 29755K->29756K(40960K), 0.0103660 secs] 45447K->29756K(59392K), [Perm : 6052K->6052K(21248K)], 0.0104260 secs] [Times: user=0.01 sys=0.00, real=0.01 secs] 
20.612: Total time for which application threads were stopped: 0.0106930 seconds, Stopping threads took: 0.0001770 seconds
20.617: Application time: 0.0048650 seconds
20.617: [GC20.617: [ParNew: 15683K->15683K(18432K), 0.0000110 secs]20.617: [Tenured: 29756K->29756K(40960K), 0.0098470 secs] 45439K->29756K(59392K), [Perm : 6052K->6052K(21248K)], 0.0099090 secs] [Times: user=0.01 sys=0.00, real=0.01 secs] 
20.627: Total time for which application threads were stopped: 0.0104850 seconds, Stopping threads took: 0.0004850 seconds
20.633: Application time: 0.0054660 seconds
20.633: [GC20.633: [ParNew: 15692K->15692K(18432K), 0.0000100 secs]20.633: [Tenured: 29756K->29042K(40960K), 0.0116710 secs] 45448K->29042K(59392K), [Perm : 6053K->6053K(21248K)], 0.0117300 secs] [Times: user=0.01 sys=0.00, real=0.02 secs] 
20.645: Total time for which application threads were stopped: 0.0120260 seconds, Stopping threads took: 0.0002060 seconds
20.649: Application time: 0.0048610 seconds
20.650: [GC20.650: [ParNew: 15684K->15684K(18432K), 0.0000100 secs]20.650: [Tenured: 29042K->27617K(40960K), 0.0084780 secs] 44726K->27617K(59392K), [Perm : 6053K->6053K(21248K)], 0.0085340 secs] [Times: user=0.01 sys=0.00, real=0.01 secs] 
20.658: Total time for which application threads were stopped: 0.0088260 seconds, Stopping threads took: 0.0002040 seconds
20.663: Application time: 0.0046980 seconds
20.663: [GC20.663: [ParNew: 15778K->15778K(18432K), 0.0000100 secs]20.663: [Tenured: 27617K->26936K(40960K), 0.0114340 secs] 43396K->26936K(59392K), [Perm : 6053K->6053K(21248K)], 0.0114930 secs] [Times: user=0.01 sys=0.00, real=0.01 secs] 
20.675: Total time for which application threads were stopped: 0.0117110 seconds, Stopping threads took: 0.0001310 seconds
20.680: Application time: 0.0057310 seconds
20.681: [GC20.681: [ParNew: 15757K->15757K(18432K), 0.0000110 secs]20.681: [Tenured: 26936K->26939K(40960K), 0.0086610 secs] 42693K->26939K(59392K), [Perm : 6053K->6053K(21248K)], 0.0087240 secs] [Times: user=0.01 sys=0.00, real=0.01 secs] 
20.689: Total time for which application threads were stopped: 0.0089250 seconds, Stopping threads took: 0.0001330 seconds
20.695: Application time: 0.0053440 seconds
20.695: [GC20.695: [ParNew: 16039K->16039K(18432K), 0.0000110 secs]20.695: [Tenured: 26939K->20499K(40960K), 0.0122400 secs] 42979K->20499K(59392K), [Perm : 6053K->6053K(21248K)], 0.0123000 secs] [Times: user=0.01 sys=0.00, real=0.01 secs] 
20.708: Total time for which application threads were stopped: 0.0130870 seconds, Stopping threads took: 0.0006980 seconds
20.714: Application time: 0.0061760 seconds
20.714: [GC20.714: [ParNew: 16383K->1541K(18432K), 0.0025760 secs] 36882K->28453K(59392K), 0.0026180 secs] [Times: user=0.01 sys=0.01, real=0.00 secs] 
20.717: Total time for which application threads were stopped: 0.0029050 seconds, Stopping threads took: 0.0002240 seconds
20.722: Application time: 0.0054410 seconds
20.722: [GC20.722: [ParNew: 17229K->17229K(18432K), 0.0000100 secs]20.723: [Tenured: 26912K->14898K(40960K), 0.0108570 secs] 44142K->14898K(59392K), [Perm : 6053K->6053K(21248K)], 0.0109170 secs] [Times: user=0.01 sys=0.00, real=0.00 secs] 
20.733: Total time for which application threads were stopped: 0.0111210 seconds, Stopping threads took: 0.0001320 seconds
20.738: Application time: 0.0046730 seconds
20.738: [GC20.738: [ParNew: 15976K->1435K(18432K), 0.0033320 secs] 30875K->26309K(59392K), 0.0033760 secs] [Times: user=0.03 sys=0.00, real=0.00 secs] 
20.742: Total time for which application threads were stopped: 0.0036740 seconds, Stopping threads took: 0.0002300 seconds
20.747: Application time: 0.0053340 seconds
20.747: [GC20.747: [ParNew: 17138K->17138K(18432K), 0.0000110 secs]20.747: [Tenured: 24874K->22007K(40960K), 0.0109170 secs] 42013K->22007K(59392K), [Perm : 6053K->6053K(21248K)], 0.0109790 secs] [Times: user=0.02 sys=0.00, real=0.01 secs] 
20.758: Total time for which application threads were stopped: 0.0112480 seconds, Stopping threads took: 0.0001730 seconds
20.764: Application time: 0.0057560 seconds
20.764: [GC20.764: [ParNew: 15782K->1433K(18432K), 0.0029490 secs] 37790K->31991K(59392K), 0.0029920 secs] [Times: user=0.03 sys=0.00, real=0.00 secs] 
20.767: Total time for which application threads were stopped: 0.0032720 seconds, Stopping threads took: 0.0002130 seconds
20.773: Application time: 0.0057050 seconds
20.774: [GC20.774: [ParNew: 17136K->17136K(18432K), 0.0000100 secs]20.774: [Tenured: 30558K->21294K(40960K), 0.0102440 secs] 47695K->21294K(59392K), [Perm : 6053K->6053K(21248K)], 0.0103020 secs] [Times: user=0.01 sys=0.00, real=0.02 secs] 
20.784: Total time for which application threads were stopped: 0.0107180 seconds, Stopping threads took: 0.0003480 seconds
20.789: Application time: 0.0053730 seconds
20.790: [GC20.790: [ParNew: 15695K->1433K(18432K), 0.0033700 secs] 36989K->31991K(59392K), 0.0034130 secs] [Times: user=0.02 sys=0.00, real=0.00 secs] 
20.793: Total time for which application threads were stopped: 0.0039630 seconds, Stopping threads took: 0.0004810 seconds
20.799: Application time: 0.0053570 seconds
20.799: [GC20.799: [ParNew: 17132K->17132K(18432K), 0.0000100 secs]20.799: [Tenured: 30557K->22631K(40960K), 0.0121440 secs] 47689K->22631K(59392K), [Perm : 6053K->6053K(21248K)], 0.0122020 secs] [Times: user=0.02 sys=0.00, real=0.01 secs] 
20.811: Total time for which application threads were stopped: 0.0126380 seconds, Stopping threads took: 0.0003670 seconds
20.817: Application time: 0.0054020 seconds
20.817: [GC20.817: [ParNew: 15692K->1433K(18432K), 0.0036190 secs] 38324K->34041K(59392K), 0.0036640 secs] [Times: user=0.02 sys=0.00, real=0.00 secs] 
20.821: Total time for which application threads were stopped: 0.0041000 seconds, Stopping threads took: 0.0003700 seconds
20.826: Application time: 0.0049520 seconds
20.826: [GC20.826: [ParNew: 17125K->17125K(18432K), 0.0000190 secs]20.826: [Tenured: 32607K->24056K(40960K), 0.0110430 secs] 49733K->24056K(59392K), [Perm : 6053K->6053K(21248K)], 0.0111140 secs] [Times: user=0.01 sys=0.00, real=0.01 secs] 
20.837: Total time for which application threads were stopped: 0.0114540 seconds, Stopping threads took: 0.0002490 seconds
20.842: Application time: 0.0053940 seconds
20.843: [GC20.843: [ParNew: 15692K->1427K(18432K), 0.0034790 secs] 39749K->36172K(59392K), 0.0035260 secs] [Times: user=0.02 sys=0.00, real=0.00 secs] 
20.846: Total time for which application threads were stopped: 0.0039500 seconds, Stopping threads took: 0.0003340 seconds
20.852: Application time: 0.0054080 seconds
20.852: [GC20.852: [ParNew: 17119K->17119K(18432K), 0.0000100 secs]20.852: [Tenured: 34745K->24056K(40960K), 0.0099300 secs] 51864K->24056K(59392K), [Perm : 6053K->6053K(21248K)], 0.0099880 secs] [Times: user=0.01 sys=0.00, real=0.01 secs] 
20.862: Total time for which application threads were stopped: 0.0101400 seconds, Stopping threads took: 0.0000720 seconds
20.867: Application time: 0.0046570 seconds
20.867: [GC20.867: [ParNew: 15692K->1425K(18432K), 0.0040760 secs] 39749K->38308K(59392K), 0.0041210 secs] [Times: user=0.04 sys=0.00, real=0.00 secs] 
20.871: Total time for which application threads were stopped: 0.0044920 seconds, Stopping threads took: 0.0002990 seconds
20.877: Application time: 0.0053990 seconds
20.877: [GC20.877: [ParNew: 17119K->17119K(18432K), 0.0000100 secs]20.877: [Tenured: 36883K->22632K(40960K), 0.0096340 secs] 54002K->22632K(59392K), [Perm : 6053K->6053K(21248K)], 0.0096890 secs] [Times: user=0.01 sys=0.00, real=0.01 secs] 
20.887: Total time for which application threads were stopped: 0.0099490 seconds, Stopping threads took: 0.0001860 seconds
20.892: Application time: 0.0049690 seconds
20.892: [GC20.892: [ParNew: 15702K->1441K(18432K), 0.0037570 secs] 38335K->34762K(59392K), 0.0038000 secs] [Times: user=0.03 sys=0.00, real=0.01 secs] 
20.896: Total time for which application threads were stopped: 0.0041930 seconds, Stopping threads took: 0.0003040 seconds
20.901: Application time: 0.0055340 seconds
20.902: [GC20.902: [ParNew: 17140K->17140K(18432K), 0.0000110 secs]20.902: [Tenured: 33320K->24770K(40960K), 0.0113840 secs] 50461K->24770K(59392K), [Perm : 6053K->6053K(21248K)], 0.0114440 secs] [Times: user=0.01 sys=0.00, real=0.01 secs] 
20.913: Total time for which application threads were stopped: 0.0117960 seconds, Stopping threads took: 0.0002620 seconds
20.918: Application time: 0.0052950 seconds
20.919: [GC20.919: [ParNew: 15698K->1437K(18432K), 0.0033540 secs] 40468K->36183K(59392K), 0.0033960 secs] [Times: user=0.03 sys=0.00, real=0.01 secs] 
20.922: Total time for which application threads were stopped: 0.0036980 seconds, Stopping threads took: 0.0002170 seconds
20.927: Application time: 0.0051390 seconds
20.928: [GC20.928: [ParNew: 17129K->17129K(18432K), 0.0000110 secs]20.928: [Tenured: 34746K->26907K(40960K), 0.0109330 secs] 51875K->26907K(59392K), [Perm : 6053K->6053K(21248K)], 0.0109920 secs] [Times: user=0.01 sys=0.00, real=0.01 secs] 
20.939: Total time for which application threads were stopped: 0.0114510 seconds, Stopping threads took: 0.0003890 seconds
20.943: Application time: 0.0045960 seconds
20.944: [GC20.944: [ParNew: 15705K->15705K(18432K), 0.0000110 secs]20.944: [Tenured: 26907K->26196K(40960K), 0.0112350 secs] 42613K->26196K(59392K), [Perm : 6053K->6053K(21248K)], 0.0112960 secs] [Times: user=0.01 sys=0.00, real=0.01 secs] 
20.955: Total time for which application threads were stopped: 0.0115750 seconds, Stopping threads took: 0.0002080 seconds
20.960: Application time: 0.0052070 seconds
20.960: [GC20.960: [ParNew: 15690K->15690K(18432K), 0.0000110 secs]20.960: [Tenured: 26196K->27621K(40960K), 0.0116350 secs] 41886K->27621K(59392K), [Perm : 6053K->6053K(21248K)], 0.0116980 secs] [Times: user=0.01 sys=0.00, real=0.01 secs] 
20.972: Total time for which application threads were stopped: 0.0120510 seconds, Stopping threads took: 0.0002490 seconds
20.977: Application time: 0.0047390 seconds
20.977: [GC20.977: [ParNew: 15690K->15690K(18432K), 0.0000100 secs]20.977: [Tenured: 27621K->28331K(40960K), 0.0118860 secs] 43312K->28331K(59392K), [Perm : 6053K->6053K(21248K)], 0.0119470 secs] [Times: user=0.01 sys=0.00, real=0.01 secs] 
20.989: Total time for which application threads were stopped: 0.0122820 seconds, Stopping threads took: 0.0002480 seconds
20.995: Application time: 0.0054240 seconds
20.995: [GC20.995: [ParNew: 15690K->15690K(18432K), 0.0000100 secs]20.995: [Tenured: 28331K->24768K(40960K), 0.0089280 secs] 44022K->24768K(59392K), [Perm : 6053K->6053K(21248K)], 0.0089870 secs] [Times: user=0.01 sys=0.00, real=0.01 secs] 
21.004: Total time for which application threads were stopped: 0.0095110 seconds, Stopping threads took: 0.0004480 seconds
21.010: Application time: 0.0054100 seconds
21.010: [GC21.010: [ParNew: 15699K->1433K(18432K), 0.0037040 secs] 40468K->36890K(59392K), 0.0037560 secs] [Times: user=0.02 sys=0.01, real=0.00 secs] 
21.014: Total time for which application threads were stopped: 0.0040390 seconds, Stopping threads took: 0.0001910 seconds
21.020: Application time: 0.0063220 seconds
21.020: [GC21.020: [ParNew: 17128K->17128K(18432K), 0.0000110 secs]21.020: [Tenured: 35457K->27620K(40960K), 0.0103840 secs] 52585K->27620K(59392K), [Perm : 6053K->6053K(21248K)], 0.0104440 secs] [Times: user=0.01 sys=0.00, real=0.01 secs] 
21.031: Total time for which application threads were stopped: 0.0108720 seconds, Stopping threads took: 0.0003380 seconds
21.037: Application time: 0.0057270 seconds
21.037: [GC21.037: [ParNew: 15688K->15688K(18432K), 0.0000110 secs]21.037: [Tenured: 27620K->27620K(40960K), 0.0099140 secs] 43309K->27620K(59392K), [Perm : 6053K->6053K(21248K)], 0.0099830 secs] [Times: user=0.01 sys=0.00, real=0.01 secs] 
21.047: Total time for which application threads were stopped: 0.0102230 seconds, Stopping threads took: 0.0001480 seconds
21.051: Application time: 0.0044570 seconds
21.051: [GC21.051: [ParNew: 15688K->15688K(18432K), 0.0000100 secs]21.051: [Tenured: 27620K->28331K(40960K), 0.0119610 secs] 43309K->28331K(59392K), [Perm : 6053K->6053K(21248K)], 0.0120210 secs] [Times: user=0.01 sys=0.00, real=0.02 secs] 
21.063: Total time for which application threads were stopped: 0.0122530 seconds, Stopping threads took: 0.0001530 seconds
21.069: Application time: 0.0053290 seconds
21.069: [GC21.069: [ParNew: 15688K->15688K(18432K), 0.0000110 secs]21.069: [Tenured: 28331K->25481K(40960K), 0.0103690 secs] 44019K->25481K(59392K), [Perm : 6053K->6053K(21248K)], 0.0104280 secs] [Times: user=0.02 sys=0.00, real=0.01 secs] 
21.079: Total time for which application threads were stopped: 0.0106660 seconds, Stopping threads took: 0.0001470 seconds
21.085: Application time: 0.0055600 seconds
21.086: [GC21.086: [ParNew: 15696K->15696K(18432K), 0.0000110 secs]21.086: [Tenured: 25481K->22629K(40960K), 0.0110410 secs] 41177K->22629K(59392K), [Perm : 6053K->6053K(21248K)], 0.0111030 secs] [Times: user=0.01 sys=0.00, real=0.01 secs] 
21.097: Total time for which application threads were stopped: 0.0118220 seconds, Stopping threads took: 0.0006280 seconds
21.102: Application time: 0.0053400 seconds
21.102: [GC21.102: [ParNew: 15711K->1435K(18432K), 0.0034280 secs] 38340K->34040K(59392K), 0.0034710 secs] [Times: user=0.03 sys=0.00, real=0.00 secs] 
21.106: Total time for which application threads were stopped: 0.0037520 seconds, Stopping threads took: 0.0002140 seconds
21.111: Application time: 0.0049900 seconds
21.111: [GC21.111: [ParNew: 17123K->17123K(18432K), 0.0000100 secs]21.111: [Tenured: 32604K->23342K(40960K), 0.0122720 secs] 49728K->23342K(59392K), [Perm : 6054K->6054K(21248K)], 0.0123320 secs] [Times: user=0.01 sys=0.00, real=0.02 secs] 
21.124: Total time for which application threads were stopped: 0.0126060 seconds, Stopping threads took: 0.0001830 seconds
21.128: Application time: 0.0047590 seconds
21.129: [GC21.129: [ParNew: 15696K->1437K(18432K), 0.0035330 secs] 39039K->34755K(59392K), 0.0035770 secs] [Times: user=0.03 sys=0.00, real=0.00 secs] 
21.132: Total time for which application threads were stopped: 0.0039210 seconds, Stopping threads took: 0.0002550 seconds
21.137: Application time: 0.0050630 seconds
21.137: [GC21.137: [ParNew: 17123K->17123K(18432K), 0.0000110 secs]21.137: [Tenured: 33318K->24056K(40960K), 0.0128350 secs] 50442K->24056K(59392K), [Perm : 6054K->6054K(21248K)], 0.0128940 secs] [Times: user=0.01 sys=0.00, real=0.01 secs] 
21.150: Total time for which application threads were stopped: 0.0130760 seconds, Stopping threads took: 0.0001110 seconds
21.155: Application time: 0.0051210 seconds
21.156: [GC21.156: [ParNew: 15688K->1425K(18432K), 0.0031380 secs] 39745K->34744K(59392K), 0.0031800 secs] [Times: user=0.02 sys=0.00, real=0.00 secs] 
21.159: Total time for which application threads were stopped: 0.0034280 seconds, Stopping threads took: 0.0001800 seconds
21.164: Application time: 0.0048170 seconds
21.164: [GC21.164: [ParNew: 17110K->17110K(18432K), 0.0000130 secs]21.164: [Tenured: 33319K->25481K(40960K), 0.0108620 secs] 50429K->25481K(59392K), [Perm : 6054K->6054K(21248K)], 0.0109270 secs] [Times: user=0.01 sys=0.00, real=0.01 secs] 
21.175: Total time for which application threads were stopped: 0.0111600 seconds, Stopping threads took: 0.0001570 seconds
21.180: Application time: 0.0048620 seconds
21.180: [GC21.180: [ParNew: 15696K->15696K(18432K), 0.0000100 secs]21.180: [Tenured: 25481K->24056K(40960K), 0.0109260 secs] 41178K->24056K(59392K), [Perm : 6054K->6054K(21248K)], 0.0109820 secs] [Times: user=0.01 sys=0.00, real=0.01 secs] 
21.191: Total time for which application threads were stopped: 0.0112730 seconds, Stopping threads took: 0.0002210 seconds
21.196: Application time: 0.0044990 seconds
21.196: [GC21.196: [ParNew: 15686K->1425K(18432K), 0.0021480 secs] 39743K->31183K(59392K), 0.0021900 secs] [Times: user=0.01 sys=0.01, real=0.00 secs] 
21.198: Total time for which application threads were stopped: 0.0023920 seconds, Stopping threads took: 0.0001360 seconds
21.202: Application time: 0.0045470 seconds
21.203: [GC21.203: [ParNew: 17113K->17113K(18432K), 0.0000110 secs]21.203: [Tenured: 29758K->23344K(40960K), 0.0114700 secs] 46871K->23344K(59392K), [Perm : 6054K->6054K(21248K)], 0.0115280 secs] [Times: user=0.01 sys=0.00, real=0.01 secs] 
21.214: Total time for which application threads were stopped: 0.0118760 seconds, Stopping threads took: 0.0002600 seconds
21.219: Application time: 0.0046310 seconds
21.219: [GC21.219: [ParNew: 15686K->1425K(18432K), 0.0025830 secs] 39031K->31183K(59392K), 0.0026260 secs] [Times: user=0.01 sys=0.00, real=0.00 secs] 
21.222: Total time for which application threads were stopped: 0.0028570 seconds, Stopping threads took: 0.0001440 seconds
21.227: Application time: 0.0050420 seconds
21.227: [GC21.227: [ParNew: 17131K->17131K(18432K), 0.0000110 secs]21.227: [Tenured: 29758K->24057K(40960K), 0.0124630 secs] 46890K->24057K(59392K), [Perm : 6054K->6054K(21248K)], 0.0125260 secs] [Times: user=0.01 sys=0.00, real=0.01 secs] 
21.240: Total time for which application threads were stopped: 0.0128020 seconds, Stopping threads took: 0.0001850 seconds
21.245: Application time: 0.0050990 seconds
21.245: [GC21.245: [ParNew: 15693K->1435K(18432K), 0.0022080 secs] 39750K->31194K(59392K), 0.0022480 secs] [Times: user=0.01 sys=0.00, real=0.00 secs] 
21.247: Total time for which application threads were stopped: 0.0025090 seconds, Stopping threads took: 0.0001860 seconds
21.253: Application time: 0.0051770 seconds
21.253: [GC21.253: [ParNew: 17122K->17122K(18432K), 0.0000120 secs]21.253: [Tenured: 29758K->26908K(40960K), 0.0098350 secs] 46880K->26908K(59392K), [Perm : 6054K->6054K(21248K)], 0.0098970 secs] [Times: user=0.01 sys=0.00, real=0.02 secs] 
21.263: Total time for which application threads were stopped: 0.0101690 seconds, Stopping threads took: 0.0001810 seconds
21.268: Application time: 0.0048990 seconds
21.268: [GC21.268: [ParNew: 15686K->15686K(18432K), 0.0000100 secs]21.268: [Tenured: 26908K->27621K(40960K), 0.0097720 secs] 42594K->27621K(59392K), [Perm : 6054K->6054K(21248K)], 0.0098320 secs] [Times: user=0.01 sys=0.00, real=0.01 secs] 
21.278: Total time for which application threads were stopped: 0.0100980 seconds, Stopping threads took: 0.0001980 seconds
21.282: Application time: 0.0047740 seconds
21.283: [GC21.283: [ParNew: 15685K->15685K(18432K), 0.0000140 secs]21.283: [Tenured: 27621K->26908K(40960K), 0.0091160 secs] 43306K->26908K(59392K), [Perm : 6054K->6054K(21248K)], 0.0091820 secs] [Times: user=0.01 sys=0.00, real=0.00 secs] 
21.292: Total time for which application threads were stopped: 0.0094500 seconds, Stopping threads took: 0.0001970 seconds
21.296: Application time: 0.0045640 seconds
21.297: [GC21.297: [ParNew: 15685K->15685K(18432K), 0.0000110 secs]21.297: [Tenured: 26908K->26194K(40960K), 0.0114320 secs] 42593K->26194K(59392K), [Perm : 6054K->6054K(21248K)], 0.0114920 secs] [Times: user=0.01 sys=0.00, real=0.01 secs] 
21.308: Total time for which application threads were stopped: 0.0118240 seconds, Stopping threads took: 0.0002430 seconds
21.313: Application time: 0.0044430 seconds
21.313: [GC21.313: [ParNew: 15686K->15686K(18432K), 0.0000110 secs]21.313: [Tenured: 26194K->28331K(40960K), 0.0105120 secs] 41881K->28331K(59392K), [Perm : 6054K->6054K(21248K)], 0.0105710 secs] [Times: user=0.02 sys=0.00, real=0.02 secs] 
21.324: Total time for which application threads were stopped: 0.0109400 seconds, Stopping threads took: 0.0002760 seconds
21.329: Application time: 0.0051520 seconds
21.329: [GC21.329: [ParNew: 15684K->15684K(18432K), 0.0000100 secs]21.329: [Tenured: 28331K->27619K(40960K), 0.0102480 secs] 44016K->27619K(59392K), [Perm : 6054K->6054K(21248K)], 0.0103100 secs] [Times: user=0.01 sys=0.00, real=0.01 secs] 
21.339: Total time for which application threads were stopped: 0.0106170 seconds, Stopping threads took: 0.0002060 seconds
21.346: Application time: 0.0060540 seconds
21.346: [GC21.346: [ParNew: 15685K->15685K(18432K), 0.0000100 secs]21.346: [Tenured: 27619K->26905K(40960K), 0.0110170 secs] 43304K->26905K(59392K), [Perm : 6054K->6054K(21248K)], 0.0110780 secs] [Times: user=0.01 sys=0.00, real=0.01 secs] 
21.357: Total time for which application threads were stopped: 0.0116190 seconds, Stopping threads took: 0.0004720 seconds
21.362: Application time: 0.0052910 seconds
21.363: [GC21.363: [ParNew: 15711K->15711K(18432K), 0.0000100 secs]21.363: [Tenured: 26905K->23343K(40960K), 0.0113070 secs] 42616K->23343K(59392K), [Perm : 6054K->6054K(21248K)], 0.0113680 secs] [Times: user=0.01 sys=0.00, real=0.00 secs] 
21.374: Total time for which application threads were stopped: 0.0115620 seconds, Stopping threads took: 0.0001160 seconds
21.451: Application time: 0.0772430 seconds
21.451: [GC21.451: [ParNew: 15697K->1431K(18432K), 0.0038770 secs] 39040K->36886K(59392K), 0.0039220 secs] [Times: user=0.03 sys=0.00, real=0.01 secs] 
21.455: Total time for which application threads were stopped: 0.0041030 seconds, Stopping threads took: 0.0001130 seconds
21.523: Application time: 0.0680410 seconds
21.524: [GC21.524: [ParNew: 17122K->17122K(18432K), 0.0000100 secs]21.524: [Tenured: 35455K->26193K(40960K), 0.0110960 secs] 52578K->26193K(59392K), [Perm : 6054K->6054K(21248K)], 0.0111540 secs] [Times: user=0.01 sys=0.00, real=0.01 secs] 
21.535: Total time for which application threads were stopped: 0.0113130 seconds, Stopping threads took: 0.0000800 seconds
21.609: Application time: 0.0737820 seconds
21.609: [GC21.609: [ParNew: 15691K->15691K(18432K), 0.0000100 secs]21.609: [Tenured: 26193K->26905K(40960K), 0.0106120 secs] 41884K->26905K(59392K), [Perm : 6054K->6054K(21248K)], 0.0106650 secs] [Times: user=0.02 sys=0.00, real=0.01 secs] 
21.619: Total time for which application threads were stopped: 0.0107930 seconds, Stopping threads took: 0.0000610 seconds
21.689: Application time: 0.0695380 seconds
21.689: [GC21.689: [ParNew: 15691K->15691K(18432K), 0.0000100 secs]21.689: [Tenured: 26905K->26193K(40960K), 0.0104950 secs] 42597K->26193K(59392K), [Perm : 6054K->6054K(21248K)], 0.0105540 secs] [Times: user=0.01 sys=0.00, real=0.01 secs] 
21.700: Total time for which application threads were stopped: 0.0106850 seconds, Stopping threads took: 0.0000630 seconds
21.761: Application time: 0.0616330 seconds
21.761: [GC21.761: [ParNew: 15691K->15691K(18432K), 0.0000120 secs]21.761: [Tenured: 26193K->25480K(40960K), 0.0128240 secs] 41884K->25480K(59392K), [Perm : 6054K->6054K(21248K)], 0.0128850 secs] [Times: user=0.02 sys=0.00, real=0.02 secs] 
21.774: Total time for which application threads were stopped: 0.0130550 seconds, Stopping threads took: 0.0000990 seconds
21.848: Application time: 0.0740170 seconds
21.848: [GC21.848: [ParNew: 15691K->15691K(18432K), 0.0000110 secs]21.848: [Tenured: 25480K->25480K(40960K), 0.0109730 secs] 41171K->25480K(59392K), [Perm : 6054K->6054K(21248K)], 0.0110340 secs] [Times: user=0.01 sys=0.00, real=0.01 secs] 
21.859: Total time for which application threads were stopped: 0.0111990 seconds, Stopping threads took: 0.0000950 seconds
21.903: Application time: 0.0439710 seconds
21.904: [GC21.904: [ParNew: 15691K->15691K(18432K), 0.0000100 secs]21.904: [Tenured: 25480K->24767K(40960K), 0.0111520 secs] 41171K->24767K(59392K), [Perm : 6054K->6054K(21248K)], 0.0112100 secs] [Times: user=0.01 sys=0.00, real=0.01 secs] 
21.915: Total time for which application threads were stopped: 0.0114240 seconds, Stopping threads took: 0.0001260 seconds
21.991: Application time: 0.0760790 seconds
21.991: [GC21.991: [ParNew: 15691K->1425K(18432K), 0.0045390 secs] 40459K->40443K(59392K), 0.0045820 secs] [Times: user=0.03 sys=0.00, real=0.01 secs] 
21.996: Total time for which application threads were stopped: 0.0047130 seconds, Stopping threads took: 0.0000640 seconds
22.073: Application time: 0.0775500 seconds
22.073: [GC22.073: [ParNew: 17116K->17116K(18432K), 0.0000100 secs]22.073: [Tenured: 39018K->25480K(40960K), 0.0102990 secs] 56134K->25480K(59392K), [Perm : 6054K->6054K(21248K)], 0.0103670 secs] [Times: user=0.01 sys=0.00, real=0.02 secs] 
22.084: Total time for which application threads were stopped: 0.0105120 seconds, Stopping threads took: 0.0000690 seconds
22.134: Application time: 0.0499270 seconds
22.134: [GC22.134: [ParNew: 15691K->15691K(18432K), 0.0000100 secs]22.134: [Tenured: 25480K->24767K(40960K), 0.0102300 secs] 41171K->24767K(59392K), [Perm : 6054K->6054K(21248K)], 0.0102890 secs] [Times: user=0.01 sys=0.00, real=0.02 secs] 
22.144: Total time for which application threads were stopped: 0.0104650 seconds, Stopping threads took: 0.0001070 seconds
22.209: Application time: 0.0645760 seconds
22.209: [GC22.209: [ParNew: 15708K->1433K(18432K), 0.0045990 secs] 40476K->40451K(59392K), 0.0046420 secs] [Times: user=0.04 sys=0.00, real=0.00 secs] 
22.213: Total time for which application threads were stopped: 0.0048040 seconds, Stopping threads took: 0.0000990 seconds
22.290: Application time: 0.0769760 seconds
22.291: [GC22.291: [ParNew: 17133K->17133K(18432K), 0.0000110 secs]22.291: [Tenured: 39018K->26195K(40960K), 0.0116220 secs] 56151K->26195K(59392K), [Perm : 6054K->6054K(21248K)], 0.0116800 secs] [Times: user=0.01 sys=0.00, real=0.02 secs] 
22.302: Total time for which application threads were stopped: 0.0118570 seconds, Stopping threads took: 0.0001100 seconds
22.379: Application time: 0.0771120 seconds
22.380: [GC22.380: [ParNew: 15717K->15717K(18432K), 0.0000100 secs]22.380: [Tenured: 26195K->27622K(40960K), 0.0104970 secs] 41912K->27622K(59392K), [Perm : 6054K->6054K(21248K)], 0.0105550 secs] [Times: user=0.02 sys=0.00, real=0.01 secs] 
22.390: Total time for which application threads were stopped: 0.0106950 seconds, Stopping threads took: 0.0000730 seconds
22.457: Application time: 0.0670620 seconds
22.457: [GC22.457: [ParNew: 15708K->15708K(18432K), 0.0000120 secs]22.457: [Tenured: 27622K->30474K(40960K), 0.0115990 secs] 43331K->30474K(59392K), [Perm : 6054K->6054K(21248K)], 0.0116620 secs] [Times: user=0.01 sys=0.00, real=0.01 secs] 
22.469: Total time for which application threads were stopped: 0.0118560 seconds, Stopping threads took: 0.0001230 seconds
22.541: Application time: 0.0714560 seconds
22.541: [GC22.541: [ParNew: 15691K->15691K(18432K), 0.0000100 secs]22.541: [Tenured: 30474K->31180K(40960K), 0.0141460 secs] 46166K->31180K(59392K), [Perm : 6054K->6054K(21248K)], 0.0142080 secs] [Times: user=0.01 sys=0.00, real=0.02 secs] 
22.555: Total time for which application threads were stopped: 0.0143700 seconds, Stopping threads took: 0.0000900 seconds
22.624: Application time: 0.0693630 seconds
22.624: [GC22.624: [ParNew: 15691K->15691K(18432K), 0.0000100 secs]22.624: [Tenured: 31180K->30468K(40960K), 0.0110660 secs] 46872K->30468K(59392K), [Perm : 6054K->6054K(21248K)], 0.0111260 secs] [Times: user=0.02 sys=0.00, real=0.01 secs] 
22.636: Total time for which application threads were stopped: 0.0112760 seconds, Stopping threads took: 0.0000700 seconds
22.710: Application time: 0.0747230 seconds
22.710: [GC22.710: [ParNew: 15691K->15691K(18432K), 0.0000090 secs]22.710: [Tenured: 30468K->31180K(40960K), 0.0105960 secs] 46159K->31180K(59392K), [Perm : 6054K->6054K(21248K)], 0.0106530 secs] [Times: user=0.01 sys=0.00, real=0.01 secs] 
22.721: Total time for which application threads were stopped: 0.0108110 seconds, Stopping threads took: 0.0000820 seconds
22.794: Application time: 0.0727040 seconds
22.794: [GC22.794: [ParNew: 15689K->15689K(18432K), 0.0000100 secs]22.794: [Tenured: 31180K->31180K(40960K), 0.0105660 secs] 46870K->31180K(59392K), [Perm : 6054K->6054K(21248K)], 0.0106230 secs] [Times: user=0.01 sys=0.00, real=0.02 secs] 
22.805: Total time for which application threads were stopped: 0.0107540 seconds, Stopping threads took: 0.0000640 seconds
22.869: Application time: 0.0647620 seconds
22.869: [GC22.869: [ParNew: 15691K->15691K(18432K), 0.0000100 secs]22.869: [Tenured: 31180K->30468K(40960K), 0.0104720 secs] 46872K->30468K(59392K), [Perm : 6054K->6054K(21248K)], 0.0105380 secs] [Times: user=0.01 sys=0.00, real=0.01 secs] 
22.880: Total time for which application threads were stopped: 0.0107130 seconds, Stopping threads took: 0.0001070 seconds
22.945: Application time: 0.0645020 seconds
22.945: [GC22.945: [ParNew: 15691K->15691K(18432K), 0.0000100 secs]22.945: [Tenured: 30468K->31180K(40960K), 0.0121540 secs] 46159K->31180K(59392K), [Perm : 6054K->6054K(21248K)], 0.0122170 secs] [Times: user=0.01 sys=0.00, real=0.01 secs] 
22.957: Total time for which application threads were stopped: 0.0124770 seconds, Stopping threads took: 0.0001690 seconds
23.037: Application time: 0.0799130 seconds
23.037: [GC23.037: [ParNew: 15689K->15689K(18432K), 0.0000100 secs]23.037: [Tenured: 31180K->31180K(40960K), 0.0106150 secs] 46870K->31180K(59392K), [Perm : 6054K->6054K(21248K)], 0.0106720 secs] [Times: user=0.01 sys=0.00, real=0.01 secs] 
23.048: Total time for which application threads were stopped: 0.0107990 seconds, Stopping threads took: 0.0000600 seconds
23.119: Application time: 0.0716020 seconds
23.119: [GC23.119: [ParNew: 15689K->15689K(18432K), 0.0000100 secs]23.119: [Tenured: 31180K->30468K(40960K), 0.0110090 secs] 46870K->30468K(59392K), [Perm : 6054K->6054K(21248K)], 0.0110680 secs] [Times: user=0.01 sys=0.00, real=0.01 secs] 
23.131: Total time for which application threads were stopped: 0.0111990 seconds, Stopping threads took: 0.0000590 seconds
23.198: Application time: 0.0672810 seconds
23.198: [GC23.198: [ParNew: 15691K->15691K(18432K), 0.0000110 secs]23.198: [Tenured: 30468K->31180K(40960K), 0.0111890 secs] 46159K->31180K(59392K), [Perm : 6054K->6054K(21248K)], 0.0112500 secs] [Times: user=0.01 sys=0.00, real=0.01 secs] 
23.209: Total time for which application threads were stopped: 0.0114110 seconds, Stopping threads took: 0.0000770 seconds
23.283: Application time: 0.0740740 seconds
23.283: [GC23.283: [ParNew: 15691K->15691K(18432K), 0.0000100 secs]23.283: [Tenured: 31180K->31180K(40960K), 0.0115180 secs] 46872K->31180K(59392K), [Perm : 6054K->6054K(21248K)], 0.0115800 secs] [Times: user=0.02 sys=0.00, real=0.01 secs] 
23.295: Total time for which application threads were stopped: 0.0117910 seconds, Stopping threads took: 0.0001220 seconds
23.327: Application time: 0.0317920 seconds
23.327: [GC23.327: [ParNew: 15714K->15714K(18432K), 0.0000110 secs]23.327: [Tenured: 31180K->27618K(40960K), 0.0122590 secs] 46895K->27618K(59392K), [Perm : 6054K->6054K(21248K)], 0.0123190 secs] [Times: user=0.01 sys=0.00, real=0.01 secs] 
23.339: Total time for which application threads were stopped: 0.0124640 seconds, Stopping threads took: 0.0000760 seconds
23.405: Application time: 0.0658610 seconds
23.405: [GC23.405: [ParNew: 15714K->15714K(18432K), 0.0000110 secs]23.405: [Tenured: 27618K->22630K(40960K), 0.0117390 secs] 43332K->22630K(59392K), [Perm : 6054K->6054K(21248K)], 0.0117950 secs] [Times: user=0.01 sys=0.00, real=0.01 secs] 
23.417: Total time for which application threads were stopped: 0.0119250 seconds, Stopping threads took: 0.0000590 seconds
23.473: Application time: 0.0559980 seconds
23.473: [GC23.473: [ParNew: 15695K->1433K(18432K), 0.0036790 secs] 38326K->34751K(59392K), 0.0037230 secs] [Times: user=0.03 sys=0.00, real=0.01 secs] 
23.477: Total time for which application threads were stopped: 0.0038900 seconds, Stopping threads took: 0.0001040 seconds
23.548: Application time: 0.0712900 seconds
23.549: [GC23.549: [ParNew: 17131K->17131K(18432K), 0.0000090 secs]23.549: [Tenured: 33318K->23343K(40960K), 0.0120660 secs] 50449K->23343K(59392K), [Perm : 6054K->6054K(21248K)], 0.0121250 secs] [Times: user=0.01 sys=0.00, real=0.01 secs] 
23.561: Total time for which application threads were stopped: 0.0123600 seconds, Stopping threads took: 0.0001470 seconds
23.588: Application time: 0.0270190 seconds
23.588: [GC23.588: [ParNew: 15687K->1425K(18432K), 0.0038190 secs] 39031K->36168K(59392K), 0.0038620 secs] [Times: user=0.02 sys=0.00, real=0.00 secs] 
23.592: Total time for which application threads were stopped: 0.0040190 seconds, Stopping threads took: 0.0000890 seconds
23.645: Application time: 0.0535030 seconds
23.645: [GC23.645: [ParNew: 17113K->17113K(18432K), 0.0000090 secs]23.645: [Tenured: 34743K->24768K(40960K), 0.0105800 secs] 51856K->24768K(59392K), [Perm : 6054K->6054K(21248K)], 0.0106490 secs] [Times: user=0.01 sys=0.00, real=0.01 secs] 
23.656: Total time for which application threads were stopped: 0.0108460 seconds, Stopping threads took: 0.0001170 seconds
23.725: Application time: 0.0694010 seconds
23.726: [GC23.726: [ParNew: 15690K->1425K(18432K), 0.0036530 secs] 40458K->36881K(59392K), 0.0036940 secs] [Times: user=0.02 sys=0.00, real=0.00 secs] 
23.729: Total time for which application threads were stopped: 0.0039610 seconds, Stopping threads took: 0.0001820 seconds
23.754: Application time: 0.0245830 seconds
23.754: [GC23.754: [ParNew: 17113K->17113K(18432K), 0.0000100 secs]23.754: [Tenured: 35456K->24768K(40960K), 0.0110660 secs] 52569K->24768K(59392K), [Perm : 6054K->6054K(21248K)], 0.0111240 secs] [Times: user=0.01 sys=0.00, real=0.01 secs] 
23.765: Total time for which application threads were stopped: 0.0112800 seconds, Stopping threads took: 0.0000860 seconds
23.824: Application time: 0.0588900 seconds
23.824: [GC23.824: [ParNew: 15688K->1425K(18432K), 0.0037300 secs] 40457K->36882K(59392K), 0.0037710 secs] [Times: user=0.03 sys=0.00, real=0.00 secs] 
23.828: Total time for which application threads were stopped: 0.0040180 seconds, Stopping threads took: 0.0001710 seconds
23.894: Application time: 0.0660270 seconds
23.894: [GC23.894: [ParNew: 17113K->17113K(18432K), 0.0000120 secs]23.894: [Tenured: 35457K->24768K(40960K), 0.0106590 secs] 52570K->24768K(59392K), [Perm : 6054K->6054K(21248K)], 0.0107220 secs] [Times: user=0.01 sys=0.00, real=0.01 secs] 
23.905: Total time for which application threads were stopped: 0.0108630 seconds, Stopping threads took: 0.0000690 seconds
23.929: Application time: 0.0240830 seconds
23.929: [GC23.929: [ParNew: 15688K->1425K(18432K), 0.0035640 secs] 40457K->36882K(59392K), 0.0036060 secs] [Times: user=0.03 sys=0.00, real=0.00 secs] 
23.933: Total time for which application threads were stopped: 0.0037570 seconds, Stopping threads took: 0.0000840 seconds
23.991: Application time: 0.0580140 seconds
23.991: [GC23.991: [ParNew: 17113K->17113K(18432K), 0.0000110 secs]23.991: [Tenured: 35457K->24769K(40960K), 0.0109680 secs] 52571K->24769K(59392K), [Perm : 6054K->6054K(21248K)], 0.0110270 secs] [Times: user=0.01 sys=0.00, real=0.02 secs] 
24.002: Total time for which application threads were stopped: 0.0111790 seconds, Stopping threads took: 0.0000820 seconds
24.073: Application time: 0.0705020 seconds
24.073: [GC24.073: [ParNew: 15688K->1425K(18432K), 0.0036820 secs] 40457K->36883K(59392K), 0.0037250 secs] [Times: user=0.02 sys=0.00, real=0.01 secs] 
24.077: Total time for which application threads were stopped: 0.0038810 seconds, Stopping threads took: 0.0000910 seconds
24.106: Application time: 0.0289970 seconds
24.106: [GC24.106: [ParNew: 17114K->17114K(18432K), 0.0000110 secs]24.106: [Tenured: 35457K->24769K(40960K), 0.0110330 secs] 52571K->24769K(59392K), [Perm : 6054K->6054K(21248K)], 0.0110940 secs] [Times: user=0.01 sys=0.00, real=0.01 secs] 
24.117: Total time for which application threads were stopped: 0.0113230 seconds, Stopping threads took: 0.0001460 seconds
24.177: Application time: 0.0601530 seconds
24.177: [GC24.177: [ParNew: 15688K->1425K(18432K), 0.0037360 secs] 40458K->36883K(59392K), 0.0037780 secs] [Times: user=0.02 sys=0.00, real=0.00 secs] 
24.181: Total time for which application threads were stopped: 0.0039950 seconds, Stopping threads took: 0.0001500 seconds
24.241: Application time: 0.0602220 seconds
24.241: [GC24.241: [ParNew: 17114K->17114K(18432K), 0.0000110 secs]24.241: [Tenured: 35458K->24769K(40960K), 0.0107440 secs] 52572K->24769K(59392K), [Perm : 6054K->6054K(21248K)], 0.0108080 secs] [Times: user=0.01 sys=0.00, real=0.01 secs] 
24.252: Total time for which application threads were stopped: 0.0110020 seconds, Stopping threads took: 0.0001120 seconds
24.314: Application time: 0.0619310 seconds
24.314: [GC24.314: [ParNew: 15689K->1425K(18432K), 0.0034790 secs] 40458K->36883K(59392K), 0.0035250 secs] [Times: user=0.03 sys=0.00, real=0.00 secs] 
24.318: Total time for which application threads were stopped: 0.0036650 seconds, Stopping threads took: 0.0000770 seconds
24.348: Application time: 0.0301110 seconds
24.348: [GC24.348: [ParNew: 17132K->17132K(18432K), 0.0000110 secs]24.348: [Tenured: 35458K->24771K(40960K), 0.0107300 secs] 52590K->24771K(59392K), [Perm : 6054K->6054K(21248K)], 0.0107890 secs] [Times: user=0.01 sys=0.00, real=0.01 secs] 
24.359: Total time for which application threads were stopped: 0.0109600 seconds, Stopping threads took: 0.0001030 seconds
24.420: Application time: 0.0612190 seconds
24.420: [GC24.420: [ParNew: 15724K->1441K(18432K), 0.0036140 secs] 40496K->36902K(59392K), 0.0036600 secs] [Times: user=0.03 sys=0.00, real=0.01 secs] 
24.424: Total time for which application threads were stopped: 0.0038320 seconds, Stopping threads took: 0.0001050 seconds
24.488: Application time: 0.0638770 seconds
24.488: [GC24.488: [ParNew: 17130K->17130K(18432K), 0.0000110 secs]24.488: [Tenured: 35460K->27620K(40960K), 0.0134450 secs] 52591K->27620K(59392K), [Perm : 6054K->6054K(21248K)], 0.0135050 secs] [Times: user=0.01 sys=0.00, real=0.01 secs] 
24.502: Total time for which application threads were stopped: 0.0136810 seconds, Stopping threads took: 0.0001030 seconds
24.531: Application time: 0.0293450 seconds
24.531: [GC24.531: [ParNew: 15698K->15698K(18432K), 0.0000110 secs]24.531: [Tenured: 27620K->29758K(40960K), 0.0112170 secs] 43318K->29758K(59392K), [Perm : 6054K->6054K(21248K)], 0.0112760 secs] [Times: user=0.02 sys=0.00, real=0.02 secs] 
24.542: Total time for which application threads were stopped: 0.0114400 seconds, Stopping threads took: 0.0000960 seconds
24.606: Application time: 0.0636230 seconds
24.606: [GC24.606: [ParNew: 15698K->15698K(18432K), 0.0000100 secs]24.606: [Tenured: 29758K->29047K(40960K), 0.0106590 secs] 45456K->29047K(59392K), [Perm : 6054K->6054K(21248K)], 0.0107170 secs] [Times: user=0.02 sys=0.00, real=0.01 secs] 
24.617: Total time for which application threads were stopped: 0.0108660 seconds, Stopping threads took: 0.0000740 seconds
24.682: Application time: 0.0648020 seconds
24.682: [GC24.682: [ParNew: 15689K->15689K(18432K), 0.0000100 secs]24.682: [Tenured: 29047K->31184K(40960K), 0.0110850 secs] 44736K->31184K(59392K), [Perm : 6054K->6054K(21248K)], 0.0111450 secs] [Times: user=0.01 sys=0.00, real=0.01 secs] 
24.693: Total time for which application threads were stopped: 0.0112770 seconds, Stopping threads took: 0.0000600 seconds
24.727: Application time: 0.0345070 seconds
24.727: [GC24.728: [ParNew: 15688K->15688K(18432K), 0.0000100 secs]24.728: [Tenured: 31184K->30470K(40960K), 0.0115690 secs] 46873K->30470K(59392K), [Perm : 6054K->6054K(21248K)], 0.0116290 secs] [Times: user=0.01 sys=0.00, real=0.01 secs] 
24.739: Total time for which application threads were stopped: 0.0117630 seconds, Stopping threads took: 0.0000630 seconds
24.788: Application time: 0.0492430 seconds
24.789: [GC24.789: [ParNew: 15690K->15690K(18432K), 0.0000100 secs]24.789: [Tenured: 30470K->30470K(40960K), 0.0105310 secs] 46161K->30470K(59392K), [Perm : 6054K->6054K(21248K)], 0.0105900 secs] [Times: user=0.01 sys=0.00, real=0.01 secs] 
24.799: Total time for which application threads were stopped: 0.0107690 seconds, Stopping threads took: 0.0000990 seconds
24.870: Application time: 0.0711400 seconds
24.870: [GC24.870: [ParNew: 15688K->15688K(18432K), 0.0000100 secs]24.870: [Tenured: 30470K->30470K(40960K), 0.0109510 secs] 46159K->30470K(59392K), [Perm : 6054K->6054K(21248K)], 0.0110120 secs] [Times: user=0.01 sys=0.00, real=0.01 secs] 
24.881: Total time for which application threads were stopped: 0.0111690 seconds, Stopping threads took: 0.0000890 seconds
24.921: Application time: 0.0391620 seconds
24.921: [GC24.921: [ParNew: 15688K->15688K(18432K), 0.0000100 secs]24.921: [Tenured: 30470K->31182K(40960K), 0.0116580 secs] 46158K->31182K(59392K), [Perm : 6054K->6054K(21248K)], 0.0117260 secs] [Times: user=0.01 sys=0.00, real=0.01 secs] 
24.933: Total time for which application threads were stopped: 0.0118990 seconds, Stopping threads took: 0.0000840 seconds
24.986: Application time: 0.0538670 seconds
24.987: [GC24.987: [ParNew: 15688K->15688K(18432K), 0.0000110 secs]24.987: [Tenured: 31182K->30469K(40960K), 0.0112160 secs] 46871K->30469K(59392K), [Perm : 6054K->6054K(21248K)], 0.0112780 secs] [Times: user=0.01 sys=0.00, real=0.01 secs] 
24.998: Total time for which application threads were stopped: 0.0114680 seconds, Stopping threads took: 0.0001170 seconds
25.056: Application time: 0.0582190 seconds
25.056: [GC25.056: [ParNew: 15688K->15688K(18432K), 0.0000110 secs]25.056: [Tenured: 30469K->31182K(40960K), 0.0116210 secs] 46158K->31182K(59392K), [Perm : 6054K->6054K(21248K)], 0.0116850 secs] [Times: user=0.01 sys=0.00, real=0.01 secs] 
25.068: Total time for which application threads were stopped: 0.0118660 seconds, Stopping threads took: 0.0001120 seconds
25.113: Application time: 0.0453900 seconds
25.114: [GC25.114: [ParNew: 15688K->15688K(18432K), 0.0000100 secs]25.114: [Tenured: 31182K->30469K(40960K), 0.0116210 secs] 46870K->30469K(59392K), [Perm : 6054K->6054K(21248K)], 0.0116800 secs] [Times: user=0.01 sys=0.00, real=0.02 secs] 
25.125: Total time for which application threads were stopped: 0.0118760 seconds, Stopping threads took: 0.0001270 seconds
25.187: Application time: 0.0615060 seconds
25.187: [GC25.187: [ParNew: 15688K->15688K(18432K), 0.0000130 secs]25.187: [Tenured: 30469K->31182K(40960K), 0.0113150 secs] 46157K->31182K(59392K), [Perm : 6054K->6054K(21248K)], 0.0114080 secs] [Times: user=0.01 sys=0.00, real=0.01 secs] 
25.198: Total time for which application threads were stopped: 0.0115430 seconds, Stopping threads took: 0.0000640 seconds
25.240: Application time: 0.0420550 seconds
25.241: [GC25.241: [ParNew: 15688K->15688K(18432K), 0.0000100 secs]25.241: [Tenured: 31182K->30469K(40960K), 0.0113950 secs] 46870K->30469K(59392K), [Perm : 6054K->6054K(21248K)], 0.0114550 secs] [Times: user=0.02 sys=0.00, real=0.01 secs] 
25.252: Total time for which application threads were stopped: 0.0116870 seconds, Stopping threads took: 0.0001620 seconds
25.307: Application time: 0.0546910 seconds
25.307: [GC25.307: [ParNew: 15689K->15689K(18432K), 0.0000100 secs]25.307: [Tenured: 30469K->30469K(40960K), 0.0111430 secs] 46159K->30469K(59392K), [Perm : 6054K->6054K(21248K)], 0.0112020 secs] [Times: user=0.01 sys=0.00, real=0.01 secs] 
25.318: Total time for which application threads were stopped: 0.0113520 seconds, Stopping threads took: 0.0000680 seconds
25.385: Application time: 0.0668650 seconds
25.386: [GC25.386: [ParNew: 16355K->16355K(18432K), 0.0000100 secs]25.386: [Tenured: 30469K->29079K(40960K), 0.0105970 secs] 46824K->29079K(59392K), [Perm : 6054K->6054K(21248K)], 0.0106580 secs] [Times: user=0.01 sys=0.00, real=0.01 secs] 
25.397: Total time for which application threads were stopped: 0.0118170 seconds, Stopping threads took: 0.0010900 seconds
25.409: Application time: 0.0125150 seconds
25.410: [GC25.410: [ParNew: 15771K->15771K(18432K), 0.0000100 secs]25.410: [Tenured: 29079K->31211K(40960K), 0.0109760 secs] 44850K->31211K(59392K), [Perm : 6054K->6054K(21248K)], 0.0110360 secs] [Times: user=0.01 sys=0.00, real=0.01 secs] 
25.421: Total time for which application threads were stopped: 0.0112870 seconds, Stopping threads took: 0.0001600 seconds
25.433: Application time: 0.0126260 seconds
25.433: [GC25.433: [ParNew: 15681K->15681K(18432K), 0.0000100 secs]25.433: [Tenured: 31211K->29756K(40960K), 0.0129140 secs] 46892K->29756K(59392K), [Perm : 6054K->6054K(21248K)], 0.0129740 secs] [Times: user=0.02 sys=0.00, real=0.02 secs] 
25.446: Total time for which application threads were stopped: 0.0132430 seconds, Stopping threads took: 0.0001800 seconds
25.461: Application time: 0.0145620 seconds
25.461: [GC25.461: [ParNew: 15728K->15728K(18432K), 0.0000100 secs]25.461: [Tenured: 29756K->29073K(40960K), 0.0112220 secs] 45485K->29073K(59392K), [Perm : 6055K->6055K(21248K)], 0.0112830 secs] [Times: user=0.01 sys=0.00, real=0.01 secs] 
25.473: Total time for which application threads were stopped: 0.0114780 seconds, Stopping threads took: 0.0001140 seconds
25.485: Application time: 0.0125900 seconds
25.485: [GC25.485: [ParNew: 15679K->15679K(18432K), 0.0000110 secs]25.485: [Tenured: 29073K->31923K(40960K), 0.0092750 secs] 44752K->31923K(59392K), [Perm : 6055K->6055K(21248K)], 0.0093350 secs] [Times: user=0.01 sys=0.00, real=0.01 secs] 
25.495: Total time for which application threads were stopped: 0.0096400 seconds, Stopping threads took: 0.0002160 seconds
25.503: Application time: 0.0077800 seconds
25.503: [GC25.503: [ParNew: 15681K->15681K(18432K), 0.0000110 secs]25.503: [Tenured: 31923K->31923K(40960K), 0.0122230 secs] 47604K->31923K(59392K), [Perm : 6055K->6055K(21248K)], 0.0122840 secs] [Times: user=0.01 sys=0.00, real=0.01 secs] 
25.515: Total time for which application threads were stopped: 0.0125190 seconds, Stopping threads took: 0.0001630 seconds
25.525: Application time: 0.0103080 seconds
25.525: [GC25.526: [ParNew: 15679K->15679K(18432K), 0.0000110 secs]25.526: [Tenured: 31923K->29043K(40960K), 0.0125400 secs] 47602K->29043K(59392K), [Perm : 6055K->6055K(21248K)], 0.0126020 secs] [Times: user=0.02 sys=0.00, real=0.01 secs] 
25.538: Total time for which application threads were stopped: 0.0127790 seconds, Stopping threads took: 0.0001040 seconds
25.544: Application time: 0.0060160 seconds
25.544: [GC25.544: [ParNew: 15698K->15698K(18432K), 0.0000110 secs]25.544: [Tenured: 29043K->29756K(40960K), 0.0123170 secs] 44741K->29756K(59392K), [Perm : 6056K->6056K(21248K)], 0.0123800 secs] [Times: user=0.01 sys=0.00, real=0.01 secs] 
25.557: Total time for which application threads were stopped: 0.0125710 seconds, Stopping threads took: 0.0001180 seconds
25.564: Application time: 0.0074290 seconds
25.564: [GC25.564: [ParNew: 15679K->15679K(18432K), 0.0000110 secs]25.564: [Tenured: 29756K->30469K(40960K), 0.0091790 secs] 45436K->30469K(59392K), [Perm : 6056K->6056K(21248K)], 0.0092400 secs] [Times: user=0.01 sys=0.00, real=0.00 secs] 
25.574: Total time for which application threads were stopped: 0.0094400 seconds, Stopping threads took: 0.0001290 seconds
25.582: Application time: 0.0079980 seconds
25.582: [GC25.582: [ParNew: 15682K->15682K(18432K), 0.0000110 secs]25.582: [Tenured: 30469K->30469K(40960K), 0.0120890 secs] 46151K->30469K(59392K), [Perm : 6057K->6057K(21248K)], 0.0121520 secs] [Times: user=0.01 sys=0.00, real=0.01 secs] 
25.594: Total time for which application threads were stopped: 0.0124360 seconds, Stopping threads took: 0.0001820 seconds
25.600: Application time: 0.0064320 seconds
25.601: [GC25.601: [ParNew: 15684K->15684K(18432K), 0.0000110 secs]25.601: [Tenured: 30469K->28330K(40960K), 0.0120900 secs] 46153K->28330K(59392K), [Perm : 6061K->6061K(21248K)], 0.0121540 secs] [Times: user=0.01 sys=0.00, real=0.01 secs] 
25.613: Total time for which application threads were stopped: 0.0128050 seconds, Stopping threads took: 0.0005790 seconds
25.622: Application time: 0.0086680 seconds
25.622: [GC25.622: [ParNew: 16340K->16340K(18432K), 0.0000100 secs]25.622: [Tenured: 28330K->26230K(40960K), 0.0102250 secs] 44670K->26230K(59392K), [Perm : 6061K->6061K(21248K)], 0.0102870 secs] [Times: user=0.01 sys=0.00, real=0.00 secs] 
25.632: Total time for which application threads were stopped: 0.0104940 seconds, Stopping threads took: 0.0001360 seconds
25.639: Application time: 0.0065800 seconds
25.639: [GC25.639: [ParNew: 15796K->15796K(18432K), 0.0000120 secs]25.639: [Tenured: 26230K->30501K(40960K), 0.0098570 secs] 42026K->30501K(59392K), [Perm : 6061K->6061K(21248K)], 0.0099190 secs] [Times: user=0.01 sys=0.00, real=0.01 secs] 
25.649: Total time for which application threads were stopped: 0.0101920 seconds, Stopping threads took: 0.0001810 seconds
25.655: Application time: 0.0060100 seconds
25.655: [GC25.655: [ParNew: 15682K->15682K(18432K), 0.0000110 secs]25.655: [Tenured: 30501K->29788K(40960K), 0.0084370 secs] 46184K->29788K(59392K), [Perm : 6061K->6061K(21248K)], 0.0084970 secs] [Times: user=0.01 sys=0.00, real=0.01 secs] 
25.664: Total time for which application threads were stopped: 0.0087040 seconds, Stopping threads took: 0.0001290 seconds
25.670: Application time: 0.0060440 seconds
25.670: [GC25.670: [ParNew: 15682K->15682K(18432K), 0.0000100 secs]25.670: [Tenured: 29788K->28332K(40960K), 0.0125130 secs] 45471K->28332K(59392K), [Perm : 6061K->6061K(21248K)], 0.0125730 secs] [Times: user=0.01 sys=0.00, real=0.02 secs] 
25.683: Total time for which application threads were stopped: 0.0128040 seconds, Stopping threads took: 0.0001610 seconds
25.688: Application time: 0.0054140 seconds
25.688: [GC25.688: [ParNew: 15684K->15684K(18432K), 0.0000110 secs]25.688: [Tenured: 28332K->29757K(40960K), 0.0124120 secs] 44016K->29757K(59392K), [Perm : 6061K->6061K(21248K)], 0.0124730 secs] [Times: user=0.01 sys=0.00, real=0.01 secs] 
25.701: Total time for which application threads were stopped: 0.0126500 seconds, Stopping threads took: 0.0001080 seconds
25.706: Application time: 0.0054540 seconds
25.707: [GC25.707: [ParNew: 15682K->15682K(18432K), 0.0000110 secs]25.707: [Tenured: 29757K->29756K(40960K), 0.0099550 secs] 45439K->29756K(59392K), [Perm : 6061K->6061K(21248K)], 0.0100170 secs] [Times: user=0.01 sys=0.00, real=0.01 secs] 
25.717: Total time for which application threads were stopped: 0.0102490 seconds, Stopping threads took: 0.0001430 seconds
25.722: Application time: 0.0057890 seconds
25.723: [GC25.723: [ParNew: 15691K->15691K(18432K), 0.0000100 secs]25.723: [Tenured: 29756K->27618K(40960K), 0.0105110 secs] 45448K->27618K(59392K), [Perm : 6061K->6061K(21248K)], 0.0105710 secs] [Times: user=0.01 sys=0.00, real=0.00 secs] 
25.733: Total time for which application threads were stopped: 0.0109070 seconds, Stopping threads took: 0.0002480 seconds
25.741: Application time: 0.0077250 seconds
25.741: [GC25.741: [ParNew: 16268K->16268K(18432K), 0.0000110 secs]25.741: [Tenured: 27618K->25484K(40960K), 0.0120390 secs] 43887K->25484K(59392K), [Perm : 6061K->6061K(21248K)], 0.0121020 secs] [Times: user=0.01 sys=0.00, real=0.01 secs] 
25.753: Total time for which application threads were stopped: 0.0123340 seconds, Stopping threads took: 0.0001490 seconds
25.761: Application time: 0.0077460 seconds
25.761: [GC25.761: [ParNew: 15869K->15869K(18432K), 0.0000110 secs]25.761: [Tenured: 25484K->28331K(40960K), 0.0096200 secs] 41354K->28331K(59392K), [Perm : 6061K->6061K(21248K)], 0.0096800 secs] [Times: user=0.01 sys=0.00, real=0.01 secs] 
25.771: Total time for which application threads were stopped: 0.0098720 seconds, Stopping threads took: 0.0001220 seconds
25.778: Application time: 0.0073690 seconds
25.779: [GC25.779: [ParNew: 16188K->16188K(18432K), 0.0000110 secs]25.779: [Tenured: 28331K->26944K(40960K), 0.0119200 secs] 44519K->26944K(59392K), [Perm : 6061K->6061K(21248K)], 0.0119820 secs] [Times: user=0.02 sys=0.00, real=0.01 secs] 
25.791: Total time for which application threads were stopped: 0.0122090 seconds, Stopping threads took: 0.0001340 seconds
25.798: Application time: 0.0072590 seconds
25.798: [GC25.798: [ParNew: 15923K->15923K(18432K), 0.0000100 secs]25.798: [Tenured: 26944K->24092K(40960K), 0.0107410 secs] 42867K->24092K(59392K), [Perm : 6061K->6061K(21248K)], 0.0107990 secs] [Times: user=0.01 sys=0.00, real=0.01 secs] 
25.809: Total time for which application threads were stopped: 0.0112340 seconds, Stopping threads took: 0.0003450 seconds
25.815: Application time: 0.0060380 seconds
25.815: [GC25.815: [ParNew: 16119K->1502K(18432K), 0.0019660 secs] 40212K->30583K(59392K), 0.0020050 secs] [Times: user=0.02 sys=0.00, real=0.00 secs] 
25.817: Total time for which application threads were stopped: 0.0021500 seconds, Stopping threads took: 0.0000690 seconds
25.823: Application time: 0.0062420 seconds
25.824: [GC25.824: [ParNew: 17224K->17224K(18432K), 0.0000110 secs]25.824: [Tenured: 29080K->16938K(40960K), 0.0107210 secs] 46305K->16938K(59392K), [Perm : 6062K->6062K(21248K)], 0.0107770 secs] [Times: user=0.01 sys=0.00, real=0.01 secs] 
25.835: Total time for which application threads were stopped: 0.0112810 seconds, Stopping threads took: 0.0004130 seconds
25.840: Application time: 0.0054470 seconds
25.840: [GC25.840: [ParNew: 16038K->1439K(18432K), 0.0031210 secs] 32976K->26927K(59392K), 0.0031740 secs] [Times: user=0.02 sys=0.00, real=0.01 secs] 
25.844: Total time for which application threads were stopped: 0.0034110 seconds, Stopping threads took: 0.0001690 seconds
25.849: Application time: 0.0052150 seconds
25.849: [GC25.849: [ParNew: 17124K->17124K(18432K), 0.0000100 secs]25.849: [Tenured: 25488K->24056K(40960K), 0.0101530 secs] 42613K->24056K(59392K), [Perm : 6062K->6062K(21248K)], 0.0102130 secs] [Times: user=0.01 sys=0.00, real=0.01 secs] 
25.859: Total time for which application threads were stopped: 0.0104640 seconds, Stopping threads took: 0.0001580 seconds
25.864: Application time: 0.0051530 seconds
25.865: [GC25.865: [ParNew: 15692K->1431K(18432K), 0.0028380 secs] 39748K->32612K(59392K), 0.0028810 secs] [Times: user=0.02 sys=0.00, real=0.00 secs] 
25.868: Total time for which application threads were stopped: 0.0030990 seconds, Stopping threads took: 0.0001350 seconds
25.873: Application time: 0.0052200 seconds
25.873: [GC25.873: [ParNew: 17171K->17171K(18432K), 0.0000110 secs]25.873: [Tenured: 31181K->23393K(40960K), 0.0123000 secs] 48353K->23393K(59392K), [Perm : 6062K->6062K(21248K)], 0.0123600 secs] [Times: user=0.01 sys=0.00, real=0.02 secs] 
25.885: Total time for which application threads were stopped: 0.0126180 seconds, Stopping threads took: 0.0001670 seconds
25.891: Application time: 0.0051430 seconds
25.891: [GC25.891: [ParNew: 16128K->1464K(18432K), 0.0031040 secs] 39522K->33408K(59392K), 0.0031470 secs] [Times: user=0.02 sys=0.00, real=0.00 secs] 
25.894: Total time for which application threads were stopped: 0.0034110 seconds, Stopping threads took: 0.0001790 seconds
25.899: Application time: 0.0050050 seconds
25.899: [GC25.899: [ParNew: 17294K->17294K(18432K), 0.0000120 secs]25.899: [Tenured: 31943K->21954K(40960K), 0.0118880 secs] 49238K->21954K(59392K), [Perm : 6062K->6062K(21248K)], 0.0119490 secs] [Times: user=0.01 sys=0.00, real=0.01 secs] 
25.911: Total time for which application threads were stopped: 0.0122370 seconds, Stopping threads took: 0.0001940 seconds
25.916: Application time: 0.0051140 seconds
25.917: [GC25.917: [ParNew: 15806K->1433K(18432K), 0.0031780 secs] 37761K->31938K(59392K), 0.0032230 secs] [Times: user=0.02 sys=0.00, real=0.00 secs] 
25.920: Total time for which application threads were stopped: 0.0034910 seconds, Stopping threads took: 0.0001820 seconds
25.925: Application time: 0.0048820 seconds
25.925: [GC25.925: [ParNew: 17129K->17129K(18432K), 0.0000100 secs]25.925: [Tenured: 30505K->24056K(40960K), 0.0111160 secs] 47635K->24056K(59392K), [Perm : 6062K->6062K(21248K)], 0.0111750 secs] [Times: user=0.01 sys=0.00, real=0.01 secs] 
25.936: Total time for which application threads were stopped: 0.0114830 seconds, Stopping threads took: 0.0002390 seconds
25.941: Application time: 0.0046680 seconds
25.941: [GC25.941: [ParNew: 15688K->1427K(18432K), 0.0033520 secs] 39744K->35459K(59392K), 0.0033970 secs] [Times: user=0.02 sys=0.00, real=0.01 secs] 
25.945: Total time for which application threads were stopped: 0.0036370 seconds, Stopping threads took: 0.0001750 seconds
25.950: Application time: 0.0051700 seconds
25.950: [GC25.950: [ParNew: 17121K->17121K(18432K), 0.0000100 secs]25.950: [Tenured: 34032K->26195K(40960K), 0.0100600 secs] 51154K->26195K(59392K), [Perm : 6062K->6062K(21248K)], 0.0101180 secs] [Times: user=0.01 sys=0.00, real=0.01 secs] 
25.960: Total time for which application threads were stopped: 0.0103540 seconds, Stopping threads took: 0.0001670 seconds
25.965: Application time: 0.0050040 seconds
25.965: [GC25.965: [ParNew: 15700K->15700K(18432K), 0.0000110 secs]25.965: [Tenured: 26195K->26909K(40960K), 0.0109730 secs] 41895K->26909K(59392K), [Perm : 6062K->6062K(21248K)], 0.0110320 secs] [Times: user=0.02 sys=0.00, real=0.01 secs] 
25.976: Total time for which application threads were stopped: 0.0113790 seconds, Stopping threads took: 0.0002770 seconds
25.981: Application time: 0.0049150 seconds
25.982: [GC25.982: [ParNew: 15688K->15688K(18432K), 0.0000110 secs]25.982: [Tenured: 26909K->26909K(40960K), 0.0097400 secs] 42597K->26909K(59392K), [Perm : 6062K->6062K(21248K)], 0.0098100 secs] [Times: user=0.01 sys=0.00, real=0.01 secs] 
25.992: Total time for which application threads were stopped: 0.0104190 seconds, Stopping threads took: 0.0005270 seconds
25.996: Application time: 0.0046360 seconds
25.997: [GC25.997: [ParNew: 15696K->15696K(18432K), 0.0000120 secs]25.997: [Tenured: 26909K->24769K(40960K), 0.0125080 secs] 42605K->24769K(59392K), [Perm : 6062K->6062K(21248K)], 0.0125710 secs] [Times: user=0.01 sys=0.00, real=0.01 secs] 
26.009: Total time for which application threads were stopped: 0.0128300 seconds, Stopping threads took: 0.0001650 seconds
26.015: Application time: 0.0054950 seconds
26.015: [GC26.015: [ParNew: 15687K->1425K(18432K), 0.0035750 secs] 40456K->36169K(59392K), 0.0036170 secs] [Times: user=0.03 sys=0.00, real=0.00 secs] 
26.019: Total time for which application threads were stopped: 0.0040840 seconds, Stopping threads took: 0.0003950 seconds
26.023: Application time: 0.0046550 seconds
26.024: [GC26.024: [ParNew: 17115K->17115K(18432K), 0.0000100 secs]26.024: [Tenured: 34744K->29044K(40960K), 0.0108090 secs] 51859K->29044K(59392K), [Perm : 6062K->6062K(21248K)], 0.0108670 secs] [Times: user=0.01 sys=0.00, real=0.01 secs] 
26.035: Total time for which application threads were stopped: 0.0111170 seconds, Stopping threads took: 0.0001810 seconds
26.039: Application time: 0.0044440 seconds
26.039: [GC26.039: [ParNew: 15688K->15688K(18432K), 0.0000110 secs]26.039: [Tenured: 29044K->29756K(40960K), 0.0096440 secs] 44732K->29756K(59392K), [Perm : 6062K->6062K(21248K)], 0.0097030 secs] [Times: user=0.01 sys=0.00, real=0.01 secs] 
26.049: Total time for which application threads were stopped: 0.0100590 seconds, Stopping threads took: 0.0002850 seconds
26.054: Application time: 0.0050880 seconds
26.055: [GC26.055: [ParNew: 15692K->15692K(18432K), 0.0000100 secs]26.055: [Tenured: 29756K->27620K(40960K), 0.0099840 secs] 45449K->27620K(59392K), [Perm : 6062K->6062K(21248K)], 0.0100440 secs] [Times: user=0.01 sys=0.00, real=0.01 secs] 
26.065: Total time for which application threads were stopped: 0.0104450 seconds, Stopping threads took: 0.0003120 seconds
26.070: Application time: 0.0050130 seconds
26.070: [GC26.070: [ParNew: 15692K->15692K(18432K), 0.0000110 secs]26.070: [Tenured: 27620K->25481K(40960K), 0.0130050 secs] 43312K->25481K(59392K), [Perm : 6062K->6062K(21248K)], 0.0130650 secs] [Times: user=0.02 sys=0.00, real=0.02 secs] 
26.083: Total time for which application threads were stopped: 0.0132700 seconds, Stopping threads took: 0.0001310 seconds
26.088: Application time: 0.0048240 seconds
26.088: [GC26.088: [ParNew: 15690K->15690K(18432K), 0.0000100 secs]26.088: [Tenured: 25481K->26194K(40960K), 0.0099920 secs] 41171K->26194K(59392K), [Perm : 6062K->6062K(21248K)], 0.0100490 secs] [Times: user=0.01 sys=0.00, real=0.01 secs] 
26.098: Total time for which application threads were stopped: 0.0103870 seconds, Stopping threads took: 0.0002500 seconds
26.103: Application time: 0.0046500 seconds
26.103: [GC26.103: [ParNew: 15690K->15690K(18432K), 0.0000110 secs]26.103: [Tenured: 26194K->28331K(40960K), 0.0129960 secs] 41884K->28331K(59392K), [Perm : 6062K->6062K(21248K)], 0.0130590 secs] [Times: user=0.02 sys=0.00, real=0.01 secs] 
26.116: Total time for which application threads were stopped: 0.0134700 seconds, Stopping threads took: 0.0003180 seconds
26.122: Application time: 0.0051810 seconds
26.122: [GC26.122: [ParNew: 15696K->15696K(18432K), 0.0000100 secs]26.122: [Tenured: 28331K->28332K(40960K), 0.0108030 secs] 44028K->28332K(59392K), [Perm : 6062K->6062K(21248K)], 0.0108630 secs] [Times: user=0.01 sys=0.00, real=0.01 secs] 
26.133: Total time for which application threads were stopped: 0.0111730 seconds, Stopping threads took: 0.0002220 seconds
26.138: Application time: 0.0054530 seconds
26.138: [GC26.138: [ParNew: 15688K->15688K(18432K), 0.0000100 secs]26.138: [Tenured: 28332K->23343K(40960K), 0.0108460 secs] 44021K->23343K(59392K), [Perm : 6062K->6062K(21248K)], 0.0109140 secs] [Times: user=0.01 sys=0.00, real=0.01 secs] 
26.149: Total time for which application threads were stopped: 0.0112010 seconds, Stopping threads took: 0.0002080 seconds
26.154: Application time: 0.0049430 seconds
26.155: [GC26.155: [ParNew: 15706K->1435K(18432K), 0.0031310 secs] 39049K->34042K(59392K), 0.0031760 secs] [Times: user=0.03 sys=0.00, real=0.00 secs] 
26.158: Total time for which application threads were stopped: 0.0034190 seconds, Stopping threads took: 0.0001520 seconds
26.163: Application time: 0.0047880 seconds
26.163: [GC26.163: [ParNew: 17123K->17123K(18432K), 0.0000100 secs]26.163: [Tenured: 32607K->25483K(40960K), 0.0103190 secs] 49731K->25483K(59392K), [Perm : 6062K->6062K(21248K)], 0.0103790 secs] [Times: user=0.01 sys=0.00, real=0.00 secs] 
26.173: Total time for which application threads were stopped: 0.0105870 seconds, Stopping threads took: 0.0001380 seconds
26.178: Application time: 0.0044380 seconds
26.178: [GC26.178: [ParNew: 15693K->15693K(18432K), 0.0000100 secs]26.178: [Tenured: 25483K->26196K(40960K), 0.0089700 secs] 41177K->26196K(59392K), [Perm : 6062K->6062K(21248K)], 0.0090300 secs] [Times: user=0.01 sys=0.00, real=0.01 secs] 
26.187: Total time for which application threads were stopped: 0.0092190 seconds, Stopping threads took: 0.0001220 seconds
26.191: Application time: 0.0044800 seconds
26.191: [GC26.191: [ParNew: 15687K->15687K(18432K), 0.0000100 secs]26.191: [Tenured: 26196K->27622K(40960K), 0.0090740 secs] 41884K->27622K(59392K), [Perm : 6062K->6062K(21248K)], 0.0091350 secs] [Times: user=0.01 sys=0.00, real=0.01 secs] 
26.201: Total time for which application threads were stopped: 0.0093290 seconds, Stopping threads took: 0.0001250 seconds
26.206: Application time: 0.0049300 seconds
26.206: [GC26.206: [ParNew: 15687K->15687K(18432K), 0.0000110 secs]26.206: [Tenured: 27622K->24057K(40960K), 0.0113700 secs] 43309K->24057K(59392K), [Perm : 6062K->6062K(21248K)], 0.0114340 secs] [Times: user=0.01 sys=0.00, real=0.01 secs] 
26.217: Total time for which application threads were stopped: 0.0116720 seconds, Stopping threads took: 0.0001650 seconds
26.222: Application time: 0.0047710 seconds
26.222: [GC26.222: [ParNew: 15696K->1435K(18432K), 0.0028950 secs] 39753K->33331K(59392K), 0.0029390 secs] [Times: user=0.02 sys=0.00, real=0.00 secs] 
26.225: Total time for which application threads were stopped: 0.0032590 seconds, Stopping threads took: 0.0002320 seconds
26.229: Application time: 0.0042220 seconds
26.230: [GC26.230: [ParNew: 17124K->17124K(18432K), 0.0000100 secs]26.230: [Tenured: 31896K->26195K(40960K), 0.0109540 secs] 49021K->26195K(59392K), [Perm : 6062K->6062K(21248K)], 0.0110150 secs] [Times: user=0.01 sys=0.00, real=0.01 secs] 
26.241: Total time for which application threads were stopped: 0.0112560 seconds, Stopping threads took: 0.0001720 seconds
26.245: Application time: 0.0046470 seconds
26.246: [GC26.246: [ParNew: 15694K->15694K(18432K), 0.0000100 secs]26.246: [Tenured: 26195K->25483K(40960K), 0.0096300 secs] 41889K->25483K(59392K), [Perm : 6062K->6062K(21248K)], 0.0096890 secs] [Times: user=0.01 sys=0.00, real=0.01 secs] 
26.255: Total time for which application threads were stopped: 0.0099630 seconds, Stopping threads took: 0.0001860 seconds
26.260: Application time: 0.0045850 seconds
26.260: [GC26.260: [ParNew: 15694K->15694K(18432K), 0.0000110 secs]26.260: [Tenured: 25483K->26909K(40960K), 0.0106030 secs] 41178K->26909K(59392K), [Perm : 6062K->6062K(21248K)], 0.0106640 secs] [Times: user=0.01 sys=0.00, real=0.01 secs] 
26.271: Total time for which application threads were stopped: 0.0109540 seconds, Stopping threads took: 0.0002000 seconds
26.276: Application time: 0.0048610 seconds
26.276: [GC26.276: [ParNew: 15688K->15688K(18432K), 0.0000110 secs]26.276: [Tenured: 26909K->26195K(40960K), 0.0126350 secs] 42598K->26195K(59392K), [Perm : 6062K->6062K(21248K)], 0.0126990 secs] [Times: user=0.01 sys=0.00, real=0.01 secs] 
26.289: Total time for which application threads were stopped: 0.0129550 seconds, Stopping threads took: 0.0001720 seconds
26.293: Application time: 0.0044970 seconds
26.293: [GC26.293: [ParNew: 15687K->15687K(18432K), 0.0000110 secs]26.294: [Tenured: 26195K->26908K(40960K), 0.0090030 secs] 41883K->26908K(59392K), [Perm : 6062K->6062K(21248K)], 0.0090630 secs] [Times: user=0.01 sys=0.00, real=0.02 secs] 
26.303: Total time for which application threads were stopped: 0.0093720 seconds, Stopping threads took: 0.0002400 seconds
26.307: Application time: 0.0044650 seconds
26.307: [GC26.307: [ParNew: 15689K->15689K(18432K), 0.0000100 secs]26.307: [Tenured: 26908K->25483K(40960K), 0.0124620 secs] 42597K->25483K(59392K), [Perm : 6063K->6063K(21248K)], 0.0125230 secs] [Times: user=0.01 sys=0.00, real=0.01 secs] 
26.320: Total time for which application threads were stopped: 0.0128180 seconds, Stopping threads took: 0.0002250 seconds
26.324: Application time: 0.0044440 seconds
26.325: [GC26.325: [ParNew: 15694K->15694K(18432K), 0.0000100 secs]26.325: [Tenured: 25483K->25484K(40960K), 0.0101800 secs] 41177K->25484K(59392K), [Perm : 6063K->6063K(21248K)], 0.0102370 secs] [Times: user=0.01 sys=0.00, real=0.01 secs] 
26.335: Total time for which application threads were stopped: 0.0104630 seconds, Stopping threads took: 0.0001260 seconds
26.339: Application time: 0.0041780 seconds
26.339: [GC26.339: [ParNew: 15696K->15696K(18432K), 0.0000100 secs]26.339: [Tenured: 25484K->26195K(40960K), 0.0122110 secs] 41180K->26195K(59392K), [Perm : 6063K->6063K(21248K)], 0.0122710 secs] [Times: user=0.01 sys=0.00, real=0.01 secs] 
26.351: Total time for which application threads were stopped: 0.0125400 seconds, Stopping threads took: 0.0001790 seconds
26.356: Application time: 0.0042030 seconds
26.356: [GC26.356: [ParNew: 15685K->15685K(18432K), 0.0000110 secs]26.356: [Tenured: 26195K->26908K(40960K), 0.0097600 secs] 41881K->26908K(59392K), [Perm : 6063K->6063K(21248K)], 0.0098200 secs] [Times: user=0.01 sys=0.00, real=0.01 secs] 
26.366: Total time for which application threads were stopped: 0.0100170 seconds, Stopping threads took: 0.0001070 seconds
26.370: Application time: 0.0044290 seconds
26.370: [GC26.370: [ParNew: 15685K->15685K(18432K), 0.0000100 secs]26.370: [Tenured: 26908K->27620K(40960K), 0.0095100 secs] 42593K->27620K(59392K), [Perm : 6063K->6063K(21248K)], 0.0095690 secs] [Times: user=0.01 sys=0.00, real=0.01 secs] 
26.380: Total time for which application threads were stopped: 0.0097780 seconds, Stopping threads took: 0.0001400 seconds
26.385: Application time: 0.0047560 seconds
26.385: [GC26.385: [ParNew: 15693K->15693K(18432K), 0.0000110 secs]26.385: [Tenured: 27620K->27620K(40960K), 0.0099040 secs] 43313K->27620K(59392K), [Perm : 6063K->6063K(21248K)], 0.0099650 secs] [Times: user=0.01 sys=0.00, real=0.01 secs] 
26.395: Total time for which application threads were stopped: 0.0102120 seconds, Stopping threads took: 0.0001750 seconds
26.400: Application time: 0.0048670 seconds
26.400: [GC26.400: [ParNew: 15684K->15684K(18432K), 0.0000100 secs]26.400: [Tenured: 27620K->26907K(40960K), 0.0116540 secs] 43305K->26907K(59392K), [Perm : 6063K->6063K(21248K)], 0.0117120 secs] [Times: user=0.01 sys=0.00, real=0.01 secs] 
26.412: Total time for which application threads were stopped: 0.0119820 seconds, Stopping threads took: 0.0002000 seconds
26.417: Application time: 0.0054130 seconds
26.417: [GC26.417: [ParNew: 15701K->15701K(18432K), 0.0000100 secs]26.417: [Tenured: 26907K->26194K(40960K), 0.0101020 secs] 42608K->26194K(59392K), [Perm : 6063K->6063K(21248K)], 0.0101590 secs] [Times: user=0.01 sys=0.00, real=0.01 secs] 
26.427: Total time for which application threads were stopped: 0.0103160 seconds, Stopping threads took: 0.0000880 seconds
26.434: Application time: 0.0066130 seconds
26.434: [GC26.434: [ParNew: 15680K->15680K(18432K), 0.0000110 secs]26.434: [Tenured: 26194K->21918K(40960K), 0.0111350 secs] 41875K->21918K(59392K), [Perm : 6063K->6063K(21248K)], 0.0111950 secs] [Times: user=0.01 sys=0.00, real=0.01 secs] 
26.446: Total time for which application threads were stopped: 0.0114350 seconds, Stopping threads took: 0.0001390 seconds
26.457: Application time: 0.0118940 seconds
26.458: [GC26.458: [ParNew: 15690K->1439K(18432K), 0.0018900 secs] 37608K->27632K(59392K), 0.0019320 secs] [Times: user=0.02 sys=0.00, real=0.00 secs] 
26.460: Total time for which application threads were stopped: 0.0020800 seconds, Stopping threads took: 0.0000790 seconds
26.514: Application time: 0.0548230 seconds
26.514: [GC26.515: [ParNew: 17135K->17135K(18432K), 0.0000100 secs]26.515: [Tenured: 26193K->23343K(40960K), 0.0113950 secs] 43328K->23343K(59392K), [Perm : 6063K->6063K(21248K)], 0.0114550 secs] [Times: user=0.01 sys=0.00, real=0.01 secs] 
26.526: Total time for which application threads were stopped: 0.0116370 seconds, Stopping threads took: 0.0001110 seconds
26.601: Application time: 0.0747110 seconds
26.601: [GC26.601: [ParNew: 15691K->1425K(18432K), 0.0045190 secs] 39035K->39018K(59392K), 0.0045610 secs] [Times: user=0.03 sys=0.00, real=0.01 secs] 
26.605: Total time for which application threads were stopped: 0.0047080 seconds, Stopping threads took: 0.0000790 seconds
26.683: Application time: 0.0779350 seconds
26.683: [GC26.683: [ParNew: 17116K->17116K(18432K), 0.0000110 secs]26.684: [Tenured: 37593K->25481K(40960K), 0.0127840 secs] 54710K->25481K(59392K), [Perm : 6063K->6063K(21248K)], 0.0128470 secs] [Times: user=0.01 sys=0.00, real=0.01 secs] 
26.696: Total time for which application threads were stopped: 0.0130090 seconds, Stopping threads took: 0.0000910 seconds
26.749: Application time: 0.0525420 seconds
26.749: [GC26.749: [ParNew: 15691K->15691K(18432K), 0.0000100 secs]26.749: [Tenured: 25481K->24768K(40960K), 0.0104780 secs] 41172K->24768K(59392K), [Perm : 6063K->6063K(21248K)], 0.0105340 secs] [Times: user=0.01 sys=0.00, real=0.01 secs] 
26.760: Total time for which application threads were stopped: 0.0106660 seconds, Stopping threads took: 0.0000640 seconds
26.826: Application time: 0.0668220 seconds
26.827: [GC26.827: [ParNew: 15691K->1425K(18432K), 0.0047100 secs] 40460K->40443K(59392K), 0.0047530 secs] [Times: user=0.04 sys=0.00, real=0.00 secs] 
26.831: Total time for which application threads were stopped: 0.0049620 seconds, Stopping threads took: 0.0001350 seconds
26.905: Application time: 0.0738350 seconds
26.905: [GC26.905: [ParNew: 17116K->17116K(18432K), 0.0000100 secs]26.905: [Tenured: 39018K->25481K(40960K), 0.0106260 secs] 56135K->25481K(59392K), [Perm : 6063K->6063K(21248K)], 0.0106840 secs] [Times: user=0.01 sys=0.00, real=0.01 secs] 
26.916: Total time for which application threads were stopped: 0.0108200 seconds, Stopping threads took: 0.0000670 seconds
26.973: Application time: 0.0571650 seconds
26.973: [GC26.973: [ParNew: 15691K->15691K(18432K), 0.0000100 secs]26.973: [Tenured: 25481K->24768K(40960K), 0.0107510 secs] 41172K->24768K(59392K), [Perm : 6063K->6063K(21248K)], 0.0108110 secs] [Times: user=0.01 sys=0.00, real=0.02 secs] 
26.984: Total time for which application threads were stopped: 0.0109450 seconds, Stopping threads took: 0.0000640 seconds
27.058: Application time: 0.0741190 seconds
27.058: [GC27.058: [ParNew: 15689K->1425K(18432K), 0.0041320 secs] 40458K->39018K(59392K), 0.0041680 secs] [Times: user=0.03 sys=0.00, real=0.01 secs] 
27.063: Total time for which application threads were stopped: 0.0043260 seconds, Stopping threads took: 0.0000960 seconds
27.134: Application time: 0.0714500 seconds
27.134: [GC27.134: [ParNew: 17116K->17116K(18432K), 0.0000100 secs]27.134: [Tenured: 37593K->25481K(40960K), 0.0104470 secs] 54710K->25481K(59392K), [Perm : 6063K->6063K(21248K)], 0.0105060 secs] [Times: user=0.01 sys=0.00, real=0.01 secs] 
27.145: Total time for which application threads were stopped: 0.0106530 seconds, Stopping threads took: 0.0000770 seconds
27.217: Application time: 0.0721430 seconds
27.217: [GC27.217: [ParNew: 15708K->15708K(18432K), 0.0000100 secs]27.217: [Tenured: 25481K->24770K(40960K), 0.0113260 secs] 41189K->24770K(59392K), [Perm : 6063K->6063K(21248K)], 0.0113840 secs] [Times: user=0.02 sys=0.00, real=0.01 secs] 
27.228: Total time for which application threads were stopped: 0.0115710 seconds, Stopping threads took: 0.0001120 seconds
27.301: Application time: 0.0723040 seconds
27.301: [GC27.301: [ParNew: 15691K->1425K(18432K), 0.0045430 secs] 40461K->40445K(59392K), 0.0045880 secs] [Times: user=0.04 sys=0.00, real=0.01 secs] 
27.305: Total time for which application threads were stopped: 0.0047590 seconds, Stopping threads took: 0.0001010 seconds
27.379: Application time: 0.0736480 seconds
27.379: [GC27.379: [ParNew: 17123K->17123K(18432K), 0.0000110 secs]27.379: [Tenured: 39020K->27621K(40960K), 0.0113330 secs] 56143K->27621K(59392K), [Perm : 6063K->6063K(21248K)], 0.0113950 secs] [Times: user=0.01 sys=0.00, real=0.01 secs] 
27.391: Total time for which application threads were stopped: 0.0115700 seconds, Stopping threads took: 0.0000950 seconds
27.462: Application time: 0.0708910 seconds
27.462: [GC27.462: [ParNew: 15700K->15700K(18432K), 0.0000110 secs]27.462: [Tenured: 27621K->27621K(40960K), 0.0112050 secs] 43321K->27621K(59392K), [Perm : 6063K->6063K(21248K)], 0.0112630 secs] [Times: user=0.01 sys=0.00, real=0.01 secs] 
27.473: Total time for which application threads were stopped: 0.0114230 seconds, Stopping threads took: 0.0000810 seconds
27.540: Application time: 0.0667040 seconds
27.540: [GC27.540: [ParNew: 15725K->15725K(18432K), 0.0000100 secs]27.540: [Tenured: 27621K->28331K(40960K), 0.0134060 secs] 43347K->28331K(59392K), [Perm : 6063K->6063K(21248K)], 0.0134660 secs] [Times: user=0.02 sys=0.00, real=0.01 secs] 
27.553: Total time for which application threads were stopped: 0.0136410 seconds, Stopping threads took: 0.0000860 seconds
27.628: Application time: 0.0741560 seconds
27.628: [GC27.628: [ParNew: 15691K->15691K(18432K), 0.0000100 secs]27.628: [Tenured: 28331K->31181K(40960K), 0.0109640 secs] 44022K->31181K(59392K), [Perm : 6063K->6063K(21248K)], 0.0110240 secs] [Times: user=0.01 sys=0.00, real=0.01 secs] 
27.639: Total time for which application threads were stopped: 0.0111530 seconds, Stopping threads took: 0.0000600 seconds
27.682: Application time: 0.0432280 seconds
27.682: [GC27.682: [ParNew: 15691K->15691K(18432K), 0.0000100 secs]27.682: [Tenured: 31181K->30468K(40960K), 0.0103150 secs] 46872K->30468K(59392K), [Perm : 6063K->6063K(21248K)], 0.0103800 secs] [Times: user=0.01 sys=0.00, real=0.01 secs] 
27.692: Total time for which application threads were stopped: 0.0105180 seconds, Stopping threads took: 0.0000700 seconds
27.765: Application time: 0.0723220 seconds
27.765: [GC27.765: [ParNew: 15691K->15691K(18432K), 0.0000110 secs]27.765: [Tenured: 30468K->31181K(40960K), 0.0110370 secs] 46160K->31181K(59392K), [Perm : 6063K->6063K(21248K)], 0.0110920 secs] [Times: user=0.02 sys=0.00, real=0.01 secs] 
27.776: Total time for which application threads were stopped: 0.0112330 seconds, Stopping threads took: 0.0000730 seconds
27.850: Application time: 0.0740820 seconds
27.850: [GC27.850: [ParNew: 15691K->15691K(18432K), 0.0000110 secs]27.850: [Tenured: 31181K->31181K(40960K), 0.0110910 secs] 46872K->31181K(59392K), [Perm : 6063K->6063K(21248K)], 0.0111510 secs] [Times: user=0.01 sys=0.00, real=0.01 secs] 
27.861: Total time for which application threads were stopped: 0.0112840 seconds, Stopping threads took: 0.0000630 seconds
27.916: Application time: 0.0549240 seconds
27.916: [GC27.916: [ParNew: 15691K->15691K(18432K), 0.0000110 secs]27.916: [Tenured: 31181K->30468K(40960K), 0.0119140 secs] 46872K->30468K(59392K), [Perm : 6063K->6063K(21248K)], 0.0119760 secs] [Times: user=0.01 sys=0.00, real=0.01 secs] 
27.928: Total time for which application threads were stopped: 0.0121660 seconds, Stopping threads took: 0.0001110 seconds
28.000: Application time: 0.0714490 seconds
28.000: [GC28.000: [ParNew: 15691K->15691K(18432K), 0.0000100 secs]28.000: [Tenured: 30468K->31181K(40960K), 0.0104540 secs] 46160K->31181K(59392K), [Perm : 6063K->6063K(21248K)], 0.0105110 secs] [Times: user=0.01 sys=0.00, real=0.01 secs] 
28.011: Total time for which application threads were stopped: 0.0106520 seconds, Stopping threads took: 0.0000740 seconds
28.084: Application time: 0.0737010 seconds
28.084: [GC28.084: [ParNew: 15691K->15691K(18432K), 0.0000100 secs]28.084: [Tenured: 31181K->31181K(40960K), 0.0104540 secs] 46872K->31181K(59392K), [Perm : 6063K->6063K(21248K)], 0.0105210 secs] [Times: user=0.01 sys=0.00, real=0.01 secs] 
28.095: Total time for which application threads were stopped: 0.0106630 seconds, Stopping threads took: 0.0000750 seconds
28.168: Application time: 0.0727170 seconds
28.168: [GC28.168: [ParNew: 15699K->15699K(18432K), 0.0000100 secs]28.168: [Tenured: 31181K->28331K(40960K), 0.0128840 secs] 46881K->28331K(59392K), [Perm : 6063K->6063K(21248K)], 0.0129450 secs] [Times: user=0.02 sys=0.00, real=0.01 secs] 
28.181: Total time for which application threads were stopped: 0.0131650 seconds, Stopping threads took: 0.0001480 seconds
28.248: Application time: 0.0674430 seconds
28.248: [GC28.248: [ParNew: 15697K->15697K(18432K), 0.0000100 secs]28.248: [Tenured: 28331K->30469K(40960K), 0.0113910 secs] 44029K->30469K(59392K), [Perm : 6063K->6063K(21248K)], 0.0114500 secs] [Times: user=0.02 sys=0.00, real=0.01 secs] 
28.260: Total time for which application threads were stopped: 0.0115950 seconds, Stopping threads took: 0.0000750 seconds
28.328: Application time: 0.0684010 seconds
28.328: [GC28.328: [ParNew: 15689K->15689K(18432K), 0.0000110 secs]28.328: [Tenured: 30469K->31182K(40960K), 0.0122560 secs] 46159K->31182K(59392K), [Perm : 6063K->6063K(21248K)], 0.0123180 secs] [Times: user=0.02 sys=0.00, real=0.01 secs] 
28.341: Total time for which application threads were stopped: 0.0125030 seconds, Stopping threads took: 0.0001140 seconds
28.379: Application time: 0.0382580 seconds
28.379: [GC28.379: [ParNew: 15697K->15697K(18432K), 0.0000110 secs]28.379: [Tenured: 31182K->29043K(40960K), 0.0113280 secs] 46880K->29043K(59392K), [Perm : 6063K->6063K(21248K)], 0.0113860 secs] [Times: user=0.01 sys=0.00, real=0.01 secs] 
28.391: Total time for which application threads were stopped: 0.0115160 seconds, Stopping threads took: 0.0000620 seconds
28.446: Application time: 0.0556290 seconds
28.446: [GC28.446: [ParNew: 15689K->15689K(18432K), 0.0000110 secs]28.446: [Tenured: 29043K->29043K(40960K), 0.0138510 secs] 44733K->29043K(59392K), [Perm : 6063K->6063K(21248K)], 0.0139140 secs] [Times: user=0.01 sys=0.00, real=0.01 secs] 
28.460: Total time for which application threads were stopped: 0.0141040 seconds, Stopping threads took: 0.0001030 seconds
28.529: Application time: 0.0683310 seconds
28.529: [GC28.529: [ParNew: 15714K->15714K(18432K), 0.0000100 secs]28.529: [Tenured: 29043K->21918K(40960K), 0.0109140 secs] 44758K->21918K(59392K), [Perm : 6064K->6064K(21248K)], 0.0109710 secs] [Times: user=0.01 sys=0.00, real=0.01 secs] 
28.540: Total time for which application threads were stopped: 0.0114050 seconds, Stopping threads took: 0.0003550 seconds
28.607: Application time: 0.0665530 seconds
28.607: [GC28.607: [ParNew: 15704K->1437K(18432K), 0.0040080 secs] 37622K->34755K(59392K), 0.0040510 secs] [Times: user=0.03 sys=0.00, real=0.00 secs] 
28.611: Total time for which application threads were stopped: 0.0041830 seconds, Stopping threads took: 0.0000680 seconds
28.644: Application time: 0.0336130 seconds
28.644: [GC28.645: [ParNew: 17124K->17124K(18432K), 0.0000100 secs]28.645: [Tenured: 33318K->24056K(40960K), 0.0119690 secs] 50443K->24056K(59392K), [Perm : 6064K->6064K(21248K)], 0.0120270 secs] [Times: user=0.01 sys=0.00, real=0.01 secs] 
28.657: Total time for which application threads were stopped: 0.0121940 seconds, Stopping threads took: 0.0000870 seconds
28.716: Application time: 0.0591380 seconds
28.716: [GC28.716: [ParNew: 15690K->1427K(18432K), 0.0036690 secs] 39746K->36171K(59392K), 0.0037110 secs] [Times: user=0.02 sys=0.00, real=0.00 secs] 
28.720: Total time for which application threads were stopped: 0.0038730 seconds, Stopping threads took: 0.0000930 seconds
28.772: Application time: 0.0523920 seconds
28.772: [GC28.772: [ParNew: 17115K->17115K(18432K), 0.0000110 secs]28.772: [Tenured: 34744K->24769K(40960K), 0.0112770 secs] 51859K->24769K(59392K), [Perm : 6064K->6064K(21248K)], 0.0113360 secs] [Times: user=0.01 sys=0.00, real=0.02 secs] 
28.783: Total time for which application threads were stopped: 0.0114750 seconds, Stopping threads took: 0.0000660 seconds
28.831: Application time: 0.0473690 seconds
28.831: [GC28.831: [ParNew: 15688K->1425K(18432K), 0.0034990 secs] 40457K->36882K(59392K), 0.0035390 secs] [Times: user=0.03 sys=0.00, real=0.01 secs] 
28.835: Total time for which application threads were stopped: 0.0036960 seconds, Stopping threads took: 0.0000940 seconds
28.892: Application time: 0.0576880 seconds
28.892: [GC28.892: [ParNew: 17115K->17115K(18432K), 0.0000120 secs]28.892: [Tenured: 35457K->24057K(40960K), 0.0115620 secs] 52573K->24057K(59392K), [Perm : 6064K->6064K(21248K)], 0.0116250 secs] [Times: user=0.01 sys=0.00, real=0.02 secs] 
28.904: Total time for which application threads were stopped: 0.0118930 seconds, Stopping threads took: 0.0001780 seconds
28.962: Application time: 0.0581190 seconds
28.962: [GC28.962: [ParNew: 15688K->1425K(18432K), 0.0038100 secs] 39745K->36883K(59392K), 0.0038500 secs] [Times: user=0.02 sys=0.00, real=0.00 secs] 
28.966: Total time for which application threads were stopped: 0.0040800 seconds, Stopping threads took: 0.0001370 seconds
29.007: Application time: 0.0410170 seconds
29.007: [GC29.007: [ParNew: 17113K->17113K(18432K), 0.0000100 secs]29.007: [Tenured: 35457K->24769K(40960K), 0.0114700 secs] 52571K->24769K(59392K), [Perm : 6064K->6064K(21248K)], 0.0115320 secs] [Times: user=0.01 sys=0.00, real=0.01 secs] 
29.019: Total time for which application threads were stopped: 0.0116690 seconds, Stopping threads took: 0.0000660 seconds
29.078: Application time: 0.0594700 seconds
29.079: [GC29.079: [ParNew: 15688K->1425K(18432K), 0.0036860 secs] 40458K->36883K(59392K), 0.0037230 secs] [Times: user=0.02 sys=0.00, real=0.01 secs] 
29.082: Total time for which application threads were stopped: 0.0039240 seconds, Stopping threads took: 0.0001190 seconds
29.126: Application time: 0.0431260 seconds
29.126: [GC29.126: [ParNew: 17114K->17114K(18432K), 0.0000110 secs]29.126: [Tenured: 35458K->24770K(40960K), 0.0108210 secs] 52572K->24770K(59392K), [Perm : 6064K->6064K(21248K)], 0.0108820 secs] [Times: user=0.01 sys=0.00, real=0.01 secs] 
29.137: Total time for which application threads were stopped: 0.0110670 seconds, Stopping threads took: 0.0001150 seconds
29.182: Application time: 0.0456370 seconds
29.182: [GC29.182: [ParNew: 15688K->1425K(18432K), 0.0034650 secs] 40458K->36883K(59392K), 0.0035040 secs] [Times: user=0.03 sys=0.00, real=0.00 secs] 
29.186: Total time for which application threads were stopped: 0.0036450 seconds, Stopping threads took: 0.0000750 seconds
29.256: Application time: 0.0700900 seconds
29.256: [GC29.256: [ParNew: 17122K->17122K(18432K), 0.0000110 secs]29.256: [Tenured: 35458K->24058K(40960K), 0.0118510 secs] 52581K->24058K(59392K), [Perm : 6064K->6064K(21248K)], 0.0119110 secs] [Times: user=0.01 sys=0.00, real=0.01 secs] 
29.268: Total time for which application threads were stopped: 0.0120770 seconds, Stopping threads took: 0.0000960 seconds
29.318: Application time: 0.0501330 seconds
29.318: [GC29.318: [ParNew: 15697K->1433K(18432K), 0.0034280 secs] 39756K->36180K(59392K), 0.0034680 secs] [Times: user=0.03 sys=0.00, real=0.00 secs] 
29.322: Total time for which application threads were stopped: 0.0036650 seconds, Stopping threads took: 0.0001340 seconds
29.352: Application time: 0.0302530 seconds
29.352: [GC29.352: [ParNew: 17122K->17122K(18432K), 0.0000110 secs]29.352: [Tenured: 34747K->26195K(40960K), 0.0122120 secs] 51869K->26195K(59392K), [Perm : 6064K->6064K(21248K)], 0.0122730 secs] [Times: user=0.01 sys=0.00, real=0.02 secs] 
29.365: Total time for which application threads were stopped: 0.0124280 seconds, Stopping threads took: 0.0000860 seconds
29.438: Application time: 0.0733320 seconds
29.438: [GC29.438: [ParNew: 15697K->15697K(18432K), 0.0000100 secs]29.438: [Tenured: 26195K->26909K(40960K), 0.0113140 secs] 41893K->26909K(59392K), [Perm : 6064K->6064K(21248K)], 0.0113740 secs] [Times: user=0.01 sys=0.00, real=0.01 secs] 
29.449: Total time for which application threads were stopped: 0.0115170 seconds, Stopping threads took: 0.0000630 seconds
29.495: Application time: 0.0457530 seconds
29.495: [GC29.495: [ParNew: 15697K->15697K(18432K), 0.0000100 secs]29.495: [Tenured: 26909K->26910K(40960K), 0.0112740 secs] 42606K->26910K(59392K), [Perm : 6064K->6064K(21248K)], 0.0113340 secs] [Times: user=0.01 sys=0.00, real=0.01 secs] 
29.507: Total time for which application threads were stopped: 0.0115120 seconds, Stopping threads took: 0.0000960 seconds
29.545: Application time: 0.0385510 seconds
29.545: [GC29.545: [ParNew: 15689K->15689K(18432K), 0.0000110 secs]29.545: [Tenured: 26910K->27622K(40960K), 0.0120240 secs] 42599K->27622K(59392K), [Perm : 6064K->6064K(21248K)], 0.0120860 secs] [Times: user=0.01 sys=0.00, real=0.01 secs] 
29.557: Total time for which application threads were stopped: 0.0122880 seconds, Stopping threads took: 0.0001310 seconds
29.622: Application time: 0.0649870 seconds
29.623: [GC29.623: [ParNew: 15706K->15706K(18432K), 0.0000110 secs]29.623: [Tenured: 27622K->27621K(40960K), 0.0119930 secs] 43328K->27621K(59392K), [Perm : 6064K->6064K(21248K)], 0.0120550 secs] [Times: user=0.01 sys=0.00, real=0.01 secs] 
29.635: Total time for which application threads were stopped: 0.0122410 seconds, Stopping threads took: 0.0001140 seconds
29.689: Application time: 0.0546680 seconds
29.689: [GC29.690: [ParNew: 15705K->15705K(18432K), 0.0000110 secs]29.690: [Tenured: 27621K->28335K(40960K), 0.0114280 secs] 43326K->28335K(59392K), [Perm : 6064K->6064K(21248K)], 0.0114850 secs] [Times: user=0.01 sys=0.00, real=0.01 secs] 
29.701: Total time for which application threads were stopped: 0.0116220 seconds, Stopping threads took: 0.0000680 seconds
29.735: Application time: 0.0336860 seconds
29.735: [GC29.735: [ParNew: 15688K->15688K(18432K), 0.0000110 secs]29.735: [Tenured: 28335K->29047K(40960K), 0.0121090 secs] 44024K->29047K(59392K), [Perm : 6064K->6064K(21248K)], 0.0121710 secs] [Times: user=0.01 sys=0.00, real=0.01 secs] 
29.747: Total time for which application threads were stopped: 0.0123910 seconds, Stopping threads took: 0.0001310 seconds
29.811: Application time: 0.0641800 seconds
29.811: [GC29.811: [ParNew: 15688K->15688K(18432K), 0.0000110 secs]29.811: [Tenured: 29047K->31185K(40960K), 0.0120530 secs] 44736K->31185K(59392K), [Perm : 6064K->6064K(21248K)], 0.0121140 secs] [Times: user=0.02 sys=0.00, real=0.02 secs] 
29.824: Total time for which application threads were stopped: 0.0122920 seconds, Stopping threads took: 0.0001090 seconds
29.875: Application time: 0.0512080 seconds
29.875: [GC29.875: [ParNew: 15688K->15688K(18432K), 0.0000110 secs]29.875: [Tenured: 31185K->29475K(40960K), 0.0134230 secs] 46874K->29475K(59392K), [Perm : 6064K->6064K(21248K)], 0.0134850 secs] [Times: user=0.01 sys=0.00, real=0.01 secs] 
29.888: Total time for which application threads were stopped: 0.0136650 seconds, Stopping threads took: 0.0001100 seconds
29.922: Application time: 0.0338390 seconds
29.922: [GC29.922: [ParNew: 15688K->15688K(18432K), 0.0000110 secs]29.923: [Tenured: 29475K->30188K(40960K), 0.0100050 secs] 45164K->30188K(59392K), [Perm : 6064K->6064K(21248K)], 0.0100670 secs] [Times: user=0.01 sys=0.00, real=0.00 secs] 
29.933: Total time for which application threads were stopped: 0.0102790 seconds, Stopping threads took: 0.0001430 seconds
29.997: Application time: 0.0642980 seconds
29.997: [GC29.997: [ParNew: 15688K->15688K(18432K), 0.0000120 secs]29.997: [Tenured: 30188K->29475K(40960K), 0.0109240 secs] 45876K->29475K(59392K), [Perm : 6064K->6064K(21248K)], 0.0109850 secs] [Times: user=0.01 sys=0.00, real=0.01 secs] 
30.008: Total time for which application threads were stopped: 0.0112370 seconds, Stopping threads took: 0.0001550 seconds
30.075: Application time: 0.0670770 seconds
30.075: [GC30.075: [ParNew: 15688K->15688K(18432K), 0.0000110 secs]30.075: [Tenured: 29475K->30188K(40960K), 0.0101990 secs] 45164K->30188K(59392K), [Perm : 6064K->6064K(21248K)], 0.0102600 secs] [Times: user=0.01 sys=0.00, real=0.01 secs] 
30.086: Total time for which application threads were stopped: 0.0104830 seconds, Stopping threads took: 0.0001270 seconds
30.104: Application time: 0.0178930 seconds
30.104: [GC30.104: [ParNew: 15688K->15688K(18432K), 0.0000110 secs]30.104: [Tenured: 30188K->29475K(40960K), 0.0101070 secs] 45876K->29475K(59392K), [Perm : 6064K->6064K(21248K)], 0.0101690 secs] [Times: user=0.01 sys=0.00, real=0.00 secs] 
30.114: Total time for which application threads were stopped: 0.0103680 seconds, Stopping threads took: 0.0001170 seconds
30.183: Application time: 0.0695530 seconds
30.184: [GC30.184: [ParNew: 15688K->15688K(18432K), 0.0000100 secs]30.184: [Tenured: 29475K->30187K(40960K), 0.0095690 secs] 45163K->30187K(59392K), [Perm : 6064K->6064K(21248K)], 0.0096350 secs] [Times: user=0.00 sys=0.00, real=0.00 secs] 
30.193: Total time for which application threads were stopped: 0.0097820 seconds, Stopping threads took: 0.0000640 seconds
30.255: Application time: 0.0616420 seconds
30.255: [GC30.255: [ParNew: 15688K->15688K(18432K), 0.0000100 secs]30.255: [Tenured: 30187K->29475K(40960K), 0.0093200 secs] 45876K->29475K(59392K), [Perm : 6064K->6064K(21248K)], 0.0093780 secs] [Times: user=0.01 sys=0.00, real=0.01 secs] 
30.264: Total time for which application threads were stopped: 0.0095120 seconds, Stopping threads took: 0.0000670 seconds
30.286: Application time: 0.0217860 seconds
30.286: [GC30.286: [ParNew: 15731K->15731K(18432K), 0.0000110 secs]30.286: [Tenured: 29475K->29504K(40960K), 0.0106220 secs] 45206K->29504K(59392K), [Perm : 6064K->6064K(21248K)], 0.0106820 secs] [Times: user=0.01 sys=0.00, real=0.01 secs] 
30.297: Total time for which application threads were stopped: 0.0108500 seconds, Stopping threads took: 0.0000970 seconds
30.312: Application time: 0.0151720 seconds
30.312: [GC30.312: [ParNew: 15679K->15679K(18432K), 0.0000110 secs]30.312: [Tenured: 29504K->29475K(40960K), 0.0117490 secs] 45184K->29475K(59392K), [Perm : 6064K->6064K(21248K)], 0.0118100 secs] [Times: user=0.02 sys=0.00, real=0.02 secs] 
30.324: Total time for which application threads were stopped: 0.0120400 seconds, Stopping threads took: 0.0001390 seconds
30.340: Application time: 0.0153710 seconds
30.340: [GC30.340: [ParNew: 15685K->15685K(18432K), 0.0000110 secs]30.340: [Tenured: 29475K->30187K(40960K), 0.0092900 secs] 45160K->30187K(59392K), [Perm : 6064K->6064K(21248K)], 0.0093460 secs] [Times: user=0.01 sys=0.00, real=0.01 secs] 
30.349: Total time for which application threads were stopped: 0.0094910 seconds, Stopping threads took: 0.0000730 seconds
30.363: Application time: 0.0141230 seconds
30.363: [GC30.363: [ParNew: 15679K->15679K(18432K), 0.0000100 secs]30.363: [Tenured: 30187K->30187K(40960K), 0.0092510 secs] 45867K->30187K(59392K), [Perm : 6064K->6064K(21248K)], 0.0093120 secs] [Times: user=0.01 sys=0.00, real=0.00 secs] 
30.373: Total time for which application threads were stopped: 0.0094880 seconds, Stopping threads took: 0.0001050 seconds
30.387: Application time: 0.0140840 seconds
30.387: [GC30.387: [ParNew: 16383K->16383K(18432K), 0.0000100 secs]30.387: [Tenured: 30187K->26662K(40960K), 0.0088110 secs] 46570K->26662K(59392K), [Perm : 6064K->6064K(21248K)], 0.0088700 secs] [Times: user=0.01 sys=0.00, real=0.01 secs] 
30.396: Total time for which application threads were stopped: 0.0090560 seconds, Stopping threads took: 0.0001180 seconds
30.404: Application time: 0.0080170 seconds
30.404: [GC30.404: [ParNew: 15742K->15742K(18432K), 0.0000100 secs]30.404: [Tenured: 26662K->28762K(40960K), 0.0110320 secs] 42405K->28762K(59392K), [Perm : 6064K->6064K(21248K)], 0.0110880 secs] [Times: user=0.01 sys=0.00, real=0.01 secs] 
30.415: Total time for which application threads were stopped: 0.0112500 seconds, Stopping threads took: 0.0000940 seconds
30.423: Application time: 0.0074040 seconds
30.423: [GC30.423: [ParNew: 15682K->15682K(18432K), 0.0000100 secs]30.423: [Tenured: 28762K->28762K(40960K), 0.0093340 secs] 44444K->28762K(59392K), [Perm : 6064K->6064K(21248K)], 0.0093940 secs] [Times: user=0.01 sys=0.00, real=0.00 secs] 
30.432: Total time for which application threads were stopped: 0.0096000 seconds, Stopping threads took: 0.0001260 seconds
30.439: Application time: 0.0064810 seconds
30.439: [GC30.439: [ParNew: 15682K->15682K(18432K), 0.0000100 secs]30.439: [Tenured: 28762K->28762K(40960K), 0.0100970 secs] 44445K->28762K(59392K), [Perm : 6064K->6064K(21248K)], 0.0101580 secs] [Times: user=0.01 sys=0.00, real=0.01 secs] 
30.449: Total time for which application threads were stopped: 0.0104800 seconds, Stopping threads took: 0.0002320 seconds
30.457: Application time: 0.0082000 seconds
30.458: [GC30.458: [ParNew: 15681K->15681K(18432K), 0.0000110 secs]30.458: [Tenured: 28762K->28050K(40960K), 0.0073540 secs] 44443K->28050K(59392K), [Perm : 6064K->6064K(21248K)], 0.0074140 secs] [Times: user=0.01 sys=0.00, real=0.01 secs] 
30.465: Total time for which application threads were stopped: 0.0076460 seconds, Stopping threads took: 0.0001420 seconds
30.473: Application time: 0.0081440 seconds
30.473: [GC30.473: [ParNew: 15696K->15696K(18432K), 0.0000100 secs]30.473: [Tenured: 28050K->30187K(40960K), 0.0091330 secs] 43746K->30187K(59392K), [Perm : 6064K->6064K(21248K)], 0.0091930 secs] [Times: user=0.01 sys=0.00, real=0.02 secs] 
30.483: Total time for which application threads were stopped: 0.0094480 seconds, Stopping threads took: 0.0001860 seconds
30.490: Application time: 0.0074530 seconds
30.490: [GC30.490: [ParNew: 15682K->15682K(18432K), 0.0000110 secs]30.490: [Tenured: 30187K->30187K(40960K), 0.0104890 secs] 45870K->30187K(59392K), [Perm : 6064K->6064K(21248K)], 0.0105500 secs] [Times: user=0.01 sys=0.00, real=0.01 secs] 
30.501: Total time for which application threads were stopped: 0.0107330 seconds, Stopping threads took: 0.0000920 seconds
30.509: Application time: 0.0077980 seconds
30.509: [GC30.509: [ParNew: 15680K->15680K(18432K), 0.0000100 secs]30.509: [Tenured: 30187K->30187K(40960K), 0.0073480 secs] 45868K->30187K(59392K), [Perm : 6064K->6064K(21248K)], 0.0074090 secs] [Times: user=0.01 sys=0.00, real=0.01 secs] 
30.516: Total time for which application threads were stopped: 0.0076120 seconds, Stopping threads took: 0.0001230 seconds
30.522: Application time: 0.0062560 seconds
30.523: [GC30.523: [ParNew: 15681K->15681K(18432K), 0.0000100 secs]30.523: [Tenured: 30187K->29475K(40960K), 0.0101860 secs] 45869K->29475K(59392K), [Perm : 6064K->6064K(21248K)], 0.0102470 secs] [Times: user=0.01 sys=0.00, real=0.00 secs] 
30.533: Total time for which application threads were stopped: 0.0104180 seconds, Stopping threads took: 0.0000990 seconds
30.543: Application time: 0.0101090 seconds
30.543: [GC30.543: [ParNew: 15698K->15698K(18432K), 0.0000110 secs]30.543: [Tenured: 29475K->27337K(40960K), 0.0104280 secs] 45173K->27337K(59392K), [Perm : 6064K->6064K(21248K)], 0.0104900 secs] [Times: user=0.01 sys=0.00, real=0.00 secs] 
30.554: Total time for which application threads were stopped: 0.0106730 seconds, Stopping threads took: 0.0001110 seconds
30.567: Application time: 0.0134740 seconds
30.567: [GC30.567: [ParNew: 16383K->16383K(18432K), 0.0000100 secs]30.567: [Tenured: 27337K->26659K(40960K), 0.0095230 secs] 43720K->26659K(59392K), [Perm : 6065K->6065K(21248K)], 0.0095840 secs] [Times: user=0.01 sys=0.00, real=0.01 secs] 
30.577: Total time for which application threads were stopped: 0.0097730 seconds, Stopping threads took: 0.0001170 seconds
30.583: Application time: 0.0056730 seconds
30.583: [GC30.583: [ParNew: 15734K->15734K(18432K), 0.0000110 secs]30.583: [Tenured: 26659K->28791K(40960K), 0.0102660 secs] 42393K->28791K(59392K), [Perm : 6065K->6065K(21248K)], 0.0103270 secs] [Times: user=0.01 sys=0.00, real=0.00 secs] 
30.593: Total time for which application threads were stopped: 0.0105060 seconds, Stopping threads took: 0.0001060 seconds
30.601: Application time: 0.0082600 seconds
30.602: [GC30.602: [ParNew: 15681K->15681K(18432K), 0.0000100 secs]30.602: [Tenured: 28791K->28791K(40960K), 0.0071170 secs] 44473K->28791K(59392K), [Perm : 6065K->6065K(21248K)], 0.0071760 secs] [Times: user=0.01 sys=0.00, real=0.01 secs] 
30.609: Total time for which application threads were stopped: 0.0073720 seconds, Stopping threads took: 0.0001160 seconds
30.617: Application time: 0.0081620 seconds
30.617: [GC30.617: [ParNew: 15690K->15690K(18432K), 0.0000100 secs]30.617: [Tenured: 28791K->27337K(40960K), 0.0112530 secs] 44481K->27337K(59392K), [Perm : 6065K->6065K(21248K)], 0.0113140 secs] [Times: user=0.01 sys=0.00, real=0.01 secs] 
30.628: Total time for which application threads were stopped: 0.0115540 seconds, Stopping threads took: 0.0001470 seconds
30.635: Application time: 0.0063130 seconds
30.635: [GC30.635: [ParNew: 15682K->15682K(18432K), 0.0000110 secs]30.635: [Tenured: 27337K->28050K(40960K), 0.0103590 secs] 43020K->28050K(59392K), [Perm : 6065K->6065K(21248K)], 0.0104220 secs] [Times: user=0.01 sys=0.00, real=0.01 secs] 
30.645: Total time for which application threads were stopped: 0.0106320 seconds, Stopping threads took: 0.0001390 seconds
30.654: Application time: 0.0087130 seconds
30.654: [GC30.654: [ParNew: 15686K->15686K(18432K), 0.0000100 secs]30.654: [Tenured: 28050K->28763K(40960K), 0.0076990 secs] 43737K->28763K(59392K), [Perm : 6065K->6065K(21248K)], 0.0077550 secs] [Times: user=0.01 sys=0.00, real=0.01 secs] 
30.662: Total time for which application threads were stopped: 0.0080610 seconds, Stopping threads took: 0.0002370 seconds
30.670: Application time: 0.0077980 seconds
30.670: [GC30.670: [ParNew: 15679K->15679K(18432K), 0.0000100 secs]30.670: [Tenured: 28763K->28763K(40960K), 0.0067170 secs] 44443K->28763K(59392K), [Perm : 6065K->6065K(21248K)], 0.0067750 secs] [Times: user=0.00 sys=0.00, real=0.01 secs] 
30.677: Total time for which application threads were stopped: 0.0069700 seconds, Stopping threads took: 0.0001270 seconds
30.686: Application time: 0.0088790 seconds
30.686: [GC30.686: [ParNew: 15689K->15689K(18432K), 0.0000100 secs]30.686: [Tenured: 28763K->26624K(40960K), 0.0097390 secs] 44453K->26624K(59392K), [Perm : 6065K->6065K(21248K)], 0.0097980 secs] [Times: user=0.01 sys=0.00, real=0.01 secs] 
30.696: Total time for which application threads were stopped: 0.0099580 seconds, Stopping threads took: 0.0000930 seconds
30.710: Application time: 0.0142800 seconds
30.710: [GC30.710: [ParNew: 15691K->15691K(18432K), 0.0000100 secs]30.710: [Tenured: 26624K->26624K(40960K), 0.0097750 secs] 42316K->26624K(59392K), [Perm : 6065K->6065K(21248K)], 0.0098350 secs] [Times: user=0.01 sys=0.00, real=0.01 secs] 
30.720: Total time for which application threads were stopped: 0.0099920 seconds, Stopping threads took: 0.0000850 seconds
30.732: Application time: 0.0122740 seconds
30.732: [GC30.732: [ParNew: 15682K->15682K(18432K), 0.0000090 secs]30.732: [Tenured: 26624K->25915K(40960K), 0.0088180 secs] 42306K->25915K(59392K), [Perm : 6065K->6065K(21248K)], 0.0088810 secs] [Times: user=0.01 sys=0.00, real=0.01 secs] 
30.741: Total time for which application threads were stopped: 0.0090330 seconds, Stopping threads took: 0.0000800 seconds
30.755: Application time: 0.0132360 seconds
30.755: [GC30.755: [ParNew: 15681K->15681K(18432K), 0.0000110 secs]30.755: [Tenured: 25915K->28765K(40960K), 0.0070570 secs] 41596K->28765K(59392K), [Perm : 6065K->6065K(21248K)], 0.0071150 secs] [Times: user=0.01 sys=0.00, real=0.00 secs] 
30.762: Total time for which application threads were stopped: 0.0073850 seconds, Stopping threads took: 0.0001810 seconds
30.775: Application time: 0.0129980 seconds
30.775: [GC30.775: [ParNew: 16014K->16014K(18432K), 0.0000090 secs]30.775: [Tenured: 28765K->24494K(40960K), 0.0106300 secs] 44780K->24494K(59392K), [Perm : 6065K->6065K(21248K)], 0.0106870 secs] [Times: user=0.01 sys=0.00, real=0.01 secs] 
30.786: Total time for which application threads were stopped: 0.0108990 seconds, Stopping threads took: 0.0001260 seconds
30.797: Application time: 0.0107530 seconds
30.797: [GC30.797: [ParNew: 16107K->1435K(18432K), 0.0014470 secs] 40601K->28779K(59392K), 0.0014820 secs] [Times: user=0.01 sys=0.00, real=0.00 secs] 
30.798: Total time for which application threads were stopped: 0.0016660 seconds, Stopping threads took: 0.0001230 seconds
30.807: Application time: 0.0081950 seconds
30.807: [GC30.807: [ParNew: 17123K->17123K(18432K), 0.0000090 secs]30.807: [Tenured: 27344K->27340K(40960K), 0.0093650 secs] 44468K->27340K(59392K), [Perm : 6065K->6065K(21248K)], 0.0094320 secs] [Times: user=0.01 sys=0.00, real=0.01 secs] 
30.816: Total time for which application threads were stopped: 0.0096080 seconds, Stopping threads took: 0.0001070 seconds
30.824: Application time: 0.0083180 seconds
30.825: [GC30.825: [ParNew: 15689K->15689K(18432K), 0.0000110 secs]30.825: [Tenured: 27340K->28052K(40960K), 0.0088960 secs] 43030K->28052K(59392K), [Perm : 6066K->6066K(21248K)], 0.0089560 secs] [Times: user=0.01 sys=0.00, real=0.00 secs] 
30.834: Total time for which application threads were stopped: 0.0091100 seconds, Stopping threads took: 0.0000840 seconds
30.844: Application time: 0.0109510 seconds
30.845: [GC30.845: [ParNew: 15683K->15683K(18432K), 0.0000110 secs]30.845: [Tenured: 28052K->25915K(40960K), 0.0109130 secs] 43736K->25915K(59392K), [Perm : 6066K->6066K(21248K)], 0.0109750 secs] [Times: user=0.01 sys=0.00, real=0.01 secs] 
30.856: Total time for which application threads were stopped: 0.0112420 seconds, Stopping threads took: 0.0001940 seconds
30.869: Application time: 0.0133450 seconds
30.869: [GC30.869: [ParNew: 15687K->15687K(18432K), 0.0000110 secs]30.869: [Tenured: 25915K->27340K(40960K), 0.0100950 secs] 41602K->27340K(59392K), [Perm : 6066K->6066K(21248K)], 0.0101570 secs] [Times: user=0.01 sys=0.00, real=0.01 secs] 
30.879: Total time for which application threads were stopped: 0.0103280 seconds, Stopping threads took: 0.0000980 seconds
30.898: Application time: 0.0188680 seconds
30.898: [GC30.898: [ParNew: 15677K->15677K(18432K), 0.0000100 secs]30.898: [Tenured: 27340K->28765K(40960K), 0.0062540 secs] 43017K->28765K(59392K), [Perm : 6066K->6066K(21248K)], 0.0063070 secs] [Times: user=0.01 sys=0.00, real=0.01 secs] 
30.905: Total time for which application threads were stopped: 0.0064760 seconds, Stopping threads took: 0.0001020 seconds
30.918: Application time: 0.0132130 seconds
30.918: [GC30.918: [ParNew: 16208K->16208K(18432K), 0.0000110 secs]30.918: [Tenured: 28765K->23815K(40960K), 0.0094120 secs] 44973K->23815K(59392K), [Perm : 6067K->6067K(21248K)], 0.0094680 secs] [Times: user=0.01 sys=0.00, real=0.01 secs] 
30.928: Total time for which application threads were stopped: 0.0096560 seconds, Stopping threads took: 0.0001180 seconds
30.939: Application time: 0.0111480 seconds
30.939: [GC30.939: [ParNew: 15919K->1433K(18432K), 0.0016150 secs] 39734K->28811K(59392K), 0.0016560 secs] [Times: user=0.01 sys=0.00, real=0.00 secs] 
30.941: Total time for which application threads were stopped: 0.0018530 seconds, Stopping threads took: 0.0001340 seconds
30.947: Application time: 0.0067730 seconds
30.948: [GC30.948: [ParNew: 17117K->17117K(18432K), 0.0000100 secs]30.948: [Tenured: 27378K->28082K(40960K), 0.0094690 secs] 44496K->28082K(59392K), [Perm : 6068K->6068K(21248K)], 0.0095280 secs] [Times: user=0.01 sys=0.00, real=0.01 secs] 
30.957: Total time for which application threads were stopped: 0.0097590 seconds, Stopping threads took: 0.0001610 seconds
30.964: Application time: 0.0066180 seconds
30.964: [GC30.964: [ParNew: 16173K->16173K(18432K), 0.0000110 secs]30.964: [Tenured: 28082K->23072K(40960K), 0.0115090 secs] 44255K->23072K(59392K), [Perm : 6068K->6068K(21248K)], 0.0115710 secs] [Times: user=0.01 sys=0.00, real=0.01 secs] 
30.976: Total time for which application threads were stopped: 0.0117440 seconds, Stopping threads took: 0.0001000 seconds
30.984: Application time: 0.0081030 seconds
30.984: [GC30.984: [ParNew: 16155K->1474K(18432K), 0.0013480 secs] 39228K->27397K(59392K), 0.0013820 secs] [Times: user=0.01 sys=0.00, real=0.00 secs] 
30.985: Total time for which application threads were stopped: 0.0015690 seconds, Stopping threads took: 0.0001260 seconds
30.991: Application time: 0.0062260 seconds
30.992: [GC30.992: [ParNew: 17505K->17505K(18432K), 0.0000100 secs]30.992: [Tenured: 25922K->22390K(40960K), 0.0089340 secs] 43427K->22390K(59392K), [Perm : 6069K->6069K(21248K)], 0.0089930 secs] [Times: user=0.01 sys=0.00, real=0.01 secs] 
31.001: Total time for which application threads were stopped: 0.0094390 seconds, Stopping threads took: 0.0003770 seconds
31.007: Application time: 0.0065630 seconds
31.008: [GC31.008: [ParNew: 15730K->1475K(18432K), 0.0018950 secs] 38121K->28854K(59392K), 0.0019300 secs] [Times: user=0.01 sys=0.00, real=0.00 secs] 
31.010: Total time for which application threads were stopped: 0.0021240 seconds, Stopping threads took: 0.0001330 seconds
31.015: Application time: 0.0055740 seconds
31.015: [GC31.015: [ParNew: 17178K->17178K(18432K), 0.0000100 secs]31.015: [Tenured: 27378K->22412K(40960K), 0.0106240 secs] 44557K->22412K(59392K), [Perm : 6070K->6070K(21248K)], 0.0106820 secs] [Times: user=0.01 sys=0.00, real=0.01 secs] 
31.026: Total time for which application threads were stopped: 0.0108820 seconds, Stopping threads took: 0.0001090 seconds
31.032: Application time: 0.0057430 seconds
31.032: [GC31.032: [ParNew: 15865K->1435K(18432K), 0.0027310 secs] 38277K->30972K(59392K), 0.0027760 secs] [Times: user=0.02 sys=0.00, real=0.01 secs] 
31.035: Total time for which application threads were stopped: 0.0030640 seconds, Stopping threads took: 0.0002010 seconds
31.040: Application time: 0.0050750 seconds
31.041: [GC31.041: [ParNew: 17126K->17126K(18432K), 0.0000120 secs]31.041: [Tenured: 29537K->22412K(40960K), 0.0087030 secs] 46664K->22412K(59392K), [Perm : 6071K->6071K(21248K)], 0.0087640 secs] [Times: user=0.01 sys=0.00, real=0.01 secs] 
31.049: Total time for which application threads were stopped: 0.0093740 seconds, Stopping threads took: 0.0005200 seconds
31.054: Application time: 0.0047010 seconds
31.054: [GC31.054: [ParNew: 15696K->1437K(18432K), 0.0029300 secs] 38108K->32399K(59392K), 0.0029750 secs] [Times: user=0.02 sys=0.00, real=0.00 secs] 
31.057: Total time for which application threads were stopped: 0.0031900 seconds, Stopping threads took: 0.0001370 seconds
31.063: Application time: 0.0053600 seconds
31.063: [GC31.063: [ParNew: 17126K->17126K(18432K), 0.0000100 secs]31.063: [Tenured: 30962K->23777K(40960K), 0.0107900 secs] 48089K->23777K(59392K), [Perm : 6074K->6074K(21248K)], 0.0108500 secs] [Times: user=0.01 sys=0.00, real=0.00 secs] 
31.074: Total time for which application threads were stopped: 0.0110520 seconds, Stopping threads took: 0.0001290 seconds
31.079: Application time: 0.0050400 seconds
31.079: [GC31.079: [ParNew: 15683K->1425K(18432K), 0.0024330 secs] 39460K->31615K(59392K), 0.0024760 secs] [Times: user=0.02 sys=0.00, real=0.00 secs] 
31.081: Total time for which application threads were stopped: 0.0026790 seconds, Stopping threads took: 0.0001390 seconds
31.088: Application time: 0.0067580 seconds
31.089: [GC31.089: [ParNew: 17110K->17110K(18432K), 0.0000110 secs]31.089: [Tenured: 30190K->22351K(40960K), 0.0095780 secs] 47300K->22351K(59392K), [Perm : 6074K->6074K(21248K)], 0.0096350 secs] [Times: user=0.01 sys=0.00, real=0.01 secs] 
31.098: Total time for which application threads were stopped: 0.0100990 seconds, Stopping threads took: 0.0003920 seconds
31.103: Application time: 0.0045530 seconds
31.103: [GC31.103: [ParNew: 15702K->1433K(18432K), 0.0036880 secs] 38054K->34472K(59392K), 0.0037290 secs] [Times: user=0.03 sys=0.00, real=0.00 secs] 
31.107: Total time for which application threads were stopped: 0.0039450 seconds, Stopping threads took: 0.0001460 seconds
31.112: Application time: 0.0050960 seconds
31.112: [GC31.112: [ParNew: 17116K->17116K(18432K), 0.0000100 secs]31.112: [Tenured: 33039K->24490K(40960K), 0.0107960 secs] 50156K->24490K(59392K), [Perm : 6074K->6074K(21248K)], 0.0108550 secs] [Times: user=0.01 sys=0.00, real=0.02 secs] 
31.123: Total time for which application threads were stopped: 0.0111490 seconds, Stopping threads took: 0.0002060 seconds
31.129: Application time: 0.0058070 seconds
31.129: [GC31.129: [ParNew: 15690K->1435K(18432K), 0.0023160 secs] 40180K->32337K(59392K), 0.0023600 secs] [Times: user=0.02 sys=0.00, real=0.00 secs] 
31.131: Total time for which application threads were stopped: 0.0026620 seconds, Stopping threads took: 0.0002050 seconds
31.137: Application time: 0.0053930 seconds
31.137: [GC31.137: [ParNew: 17118K->17118K(18432K), 0.0000120 secs]31.137: [Tenured: 30902K->25203K(40960K), 0.0083300 secs] 48021K->25203K(59392K), [Perm : 6074K->6074K(21248K)], 0.0083930 secs] [Times: user=0.01 sys=0.00, real=0.01 secs] 
31.145: Total time for which application threads were stopped: 0.0085820 seconds, Stopping threads took: 0.0001180 seconds
31.151: Application time: 0.0058660 seconds
31.152: [GC31.152: [ParNew: 15684K->1425K(18432K), 0.0020120 secs] 40887K->32328K(59392K), 0.0020510 secs] [Times: user=0.01 sys=0.00, real=0.00 secs] 
31.154: Total time for which application threads were stopped: 0.0022680 seconds, Stopping threads took: 0.0001480 seconds
31.159: Application time: 0.0051330 seconds
31.159: [GC31.159: [ParNew: 17117K->17117K(18432K), 0.0000110 secs]31.159: [Tenured: 30903K->24490K(40960K), 0.0111950 secs] 48021K->24490K(59392K), [Perm : 6074K->6074K(21248K)], 0.0112570 secs] [Times: user=0.01 sys=0.00, real=0.01 secs] 
31.170: Total time for which application threads were stopped: 0.0114520 seconds, Stopping threads took: 0.0001230 seconds
31.176: Application time: 0.0054840 seconds
31.176: [GC31.176: [ParNew: 15684K->1427K(18432K), 0.0022850 secs] 40174K->32330K(59392K), 0.0023270 secs] [Times: user=0.02 sys=0.00, real=0.00 secs] 
31.178: Total time for which application threads were stopped: 0.0025230 seconds, Stopping threads took: 0.0001270 seconds
31.183: Application time: 0.0047340 seconds
31.183: [GC31.183: [ParNew: 17120K->17120K(18432K), 0.0000270 secs]31.183: [Tenured: 30903K->25204K(40960K), 0.0080720 secs] 48023K->25204K(59392K), [Perm : 6074K->6074K(21248K)], 0.0081450 secs] [Times: user=0.01 sys=0.00, real=0.00 secs] 
31.191: Total time for which application threads were stopped: 0.0083060 seconds, Stopping threads took: 0.0000910 seconds
31.196: Application time: 0.0050790 seconds
31.197: [GC31.197: [ParNew: 15693K->1437K(18432K), 0.0026510 secs] 40897K->33767K(59392K), 0.0026920 secs] [Times: user=0.02 sys=0.00, real=0.00 secs] 
31.199: Total time for which application threads were stopped: 0.0030000 seconds, Stopping threads took: 0.0002450 seconds
31.204: Application time: 0.0046070 seconds
31.204: [GC31.204: [ParNew: 17130K->17130K(18432K), 0.0000100 secs]31.204: [Tenured: 32329K->25203K(40960K), 0.0105940 secs] 49460K->25203K(59392K), [Perm : 6074K->6074K(21248K)], 0.0106530 secs] [Times: user=0.01 sys=0.00, real=0.01 secs] 
31.215: Total time for which application threads were stopped: 0.0109780 seconds, Stopping threads took: 0.0002560 seconds
31.220: Application time: 0.0053860 seconds
31.221: [GC31.221: [ParNew: 15687K->1425K(18432K), 0.0026020 secs] 40890K->33754K(59392K), 0.0026480 secs] [Times: user=0.02 sys=0.00, real=0.01 secs] 
31.223: Total time for which application threads were stopped: 0.0029090 seconds, Stopping threads took: 0.0001900 seconds
31.229: Application time: 0.0056070 seconds
31.229: [GC31.229: [ParNew: 17112K->17112K(18432K), 0.0000100 secs]31.229: [Tenured: 32329K->25916K(40960K), 0.0095340 secs] 49442K->25916K(59392K), [Perm : 6074K->6074K(21248K)], 0.0095910 secs] [Times: user=0.01 sys=0.00, real=0.01 secs] 
31.239: Total time for which application threads were stopped: 0.0098320 seconds, Stopping threads took: 0.0001730 seconds
31.243: Application time: 0.0042430 seconds
31.243: [GC31.243: [ParNew: 15687K->15687K(18432K), 0.0000100 secs]31.243: [Tenured: 25916K->24491K(40960K), 0.0105880 secs] 41603K->24491K(59392K), [Perm : 6074K->6074K(21248K)], 0.0106480 secs] [Times: user=0.01 sys=0.00, real=0.00 secs] 
31.254: Total time for which application threads were stopped: 0.0109370 seconds, Stopping threads took: 0.0001990 seconds
31.259: Application time: 0.0047910 seconds
31.259: [GC31.259: [ParNew: 15685K->1427K(18432K), 0.0022780 secs] 40177K->31619K(59392K), 0.0023170 secs] [Times: user=0.02 sys=0.00, real=0.00 secs] 
31.261: Total time for which application threads were stopped: 0.0026870 seconds, Stopping threads took: 0.0002860 seconds
31.267: Application time: 0.0052760 seconds
31.267: [GC31.267: [ParNew: 17117K->17117K(18432K), 0.0000110 secs]31.267: [Tenured: 30192K->23778K(40960K), 0.0105820 secs] 47309K->23778K(59392K), [Perm : 6074K->6074K(21248K)], 0.0106520 secs] [Times: user=0.01 sys=0.00, real=0.01 secs] 
31.278: Total time for which application threads were stopped: 0.0109640 seconds, Stopping threads took: 0.0002190 seconds
31.283: Application time: 0.0053370 seconds
31.283: [GC31.283: [ParNew: 15690K->1435K(18432K), 0.0020940 secs] 39469K->30202K(59392K), 0.0021320 secs] [Times: user=0.02 sys=0.00, real=0.00 secs] 
31.285: Total time for which application threads were stopped: 0.0025630 seconds, Stopping threads took: 0.0003460 seconds
31.291: Application time: 0.0058080 seconds
31.291: [GC31.291: [ParNew: 17127K->17127K(18432K), 0.0000110 secs]31.291: [Tenured: 28767K->26630K(40960K), 0.0088840 secs] 45895K->26630K(59392K), [Perm : 6074K->6074K(21248K)], 0.0089450 secs] [Times: user=0.01 sys=0.00, real=0.01 secs] 
31.300: Total time for which application threads were stopped: 0.0091380 seconds, Stopping threads took: 0.0001220 seconds
31.306: Application time: 0.0054270 seconds
31.306: [GC31.306: [ParNew: 15700K->15700K(18432K), 0.0000120 secs]31.306: [Tenured: 26630K->26630K(40960K), 0.0104330 secs] 42330K->26630K(59392K), [Perm : 6074K->6074K(21248K)], 0.0104940 secs] [Times: user=0.01 sys=0.00, real=0.01 secs] 
31.317: Total time for which application threads were stopped: 0.0107370 seconds, Stopping threads took: 0.0001700 seconds
31.322: Application time: 0.0050100 seconds
31.322: [GC31.322: [ParNew: 15684K->15684K(18432K), 0.0000100 secs]31.322: [Tenured: 26630K->25204K(40960K), 0.0105080 secs] 42314K->25204K(59392K), [Perm : 6074K->6074K(21248K)], 0.0105700 secs] [Times: user=0.01 sys=0.00, real=0.01 secs] 
31.332: Total time for which application threads were stopped: 0.0108200 seconds, Stopping threads took: 0.0001800 seconds
31.338: Application time: 0.0056140 seconds
31.338: [GC31.338: [ParNew: 15683K->1425K(18432K), 0.0018160 secs] 40887K->30904K(59392K), 0.0018560 secs] [Times: user=0.02 sys=0.00, real=0.00 secs] 
31.340: Total time for which application threads were stopped: 0.0020730 seconds, Stopping threads took: 0.0001300 seconds
31.346: Application time: 0.0054380 seconds
31.346: [GC31.346: [ParNew: 17108K->17108K(18432K), 0.0000110 secs]31.346: [Tenured: 29479K->25203K(40960K), 0.0068590 secs] 46588K->25203K(59392K), [Perm : 6074K->6074K(21248K)], 0.0069190 secs] [Times: user=0.01 sys=0.00, real=0.00 secs] 
31.353: Total time for which application threads were stopped: 0.0071040 seconds, Stopping threads took: 0.0001140 seconds
31.358: Application time: 0.0052480 seconds
31.358: [GC31.358: [ParNew: 15684K->1425K(18432K), 0.0019620 secs] 40888K->31616K(59392K), 0.0019970 secs] [Times: user=0.01 sys=0.00, real=0.00 secs] 
31.360: Total time for which application threads were stopped: 0.0022020 seconds, Stopping threads took: 0.0001430 seconds
31.367: Application time: 0.0067340 seconds
31.367: [GC31.367: [ParNew: 17115K->17115K(18432K), 0.0000100 secs]31.367: [Tenured: 30191K->25203K(40960K), 0.0090940 secs] 47306K->25203K(59392K), [Perm : 6074K->6074K(21248K)], 0.0091540 secs] [Times: user=0.01 sys=0.00, real=0.01 secs] 
31.376: Total time for which application threads were stopped: 0.0093290 seconds, Stopping threads took: 0.0001070 seconds
31.386: Application time: 0.0094020 seconds
31.386: [GC31.386: [ParNew: 15689K->1437K(18432K), 0.0018390 secs] 40893K->30915K(59392K), 0.0018760 secs] [Times: user=0.01 sys=0.00, real=0.00 secs] 
31.388: Total time for which application threads were stopped: 0.0020490 seconds, Stopping threads took: 0.0001100 seconds
31.455: Application time: 0.0677650 seconds
31.456: [GC31.456: [ParNew: 17139K->17139K(18432K), 0.0000110 secs]31.456: [Tenured: 29478K->23069K(40960K), 0.0102160 secs] 46617K->23069K(59392K), [Perm : 6074K->6074K(21248K)], 0.0102760 secs] [Times: user=0.01 sys=0.00, real=0.01 secs] 
31.466: Total time for which application threads were stopped: 0.0104820 seconds, Stopping threads took: 0.0001030 seconds
31.540: Application time: 0.0740610 seconds
31.540: [GC31.540: [ParNew: 15691K->1427K(18432K), 0.0042830 secs] 38760K->38034K(59392K), 0.0043200 secs] [Times: user=0.03 sys=0.00, real=0.01 secs] 
31.544: Total time for which application threads were stopped: 0.0044600 seconds, Stopping threads took: 0.0000710 seconds
31.615: Application time: 0.0706300 seconds
31.615: [GC31.615: [ParNew: 17118K->17118K(18432K), 0.0000100 secs]31.615: [Tenured: 36607K->23781K(40960K), 0.0092860 secs] 53725K->23781K(59392K), [Perm : 6074K->6074K(21248K)], 0.0093450 secs] [Times: user=0.01 sys=0.00, real=0.01 secs] 
31.625: Total time for which application threads were stopped: 0.0094780 seconds, Stopping threads took: 0.0000640 seconds
31.688: Application time: 0.0637840 seconds
31.688: [GC31.688: [ParNew: 15691K->1425K(18432K), 0.0045690 secs] 39473K->39457K(59392K), 0.0046140 secs] [Times: user=0.03 sys=0.00, real=0.00 secs] 
31.693: Total time for which application threads were stopped: 0.0047930 seconds, Stopping threads took: 0.0001120 seconds
31.767: Application time: 0.0742290 seconds
31.767: [GC31.767: [ParNew: 17116K->17116K(18432K), 0.0000110 secs]31.768: [Tenured: 38032K->24494K(40960K), 0.0107770 secs] 55148K->24494K(59392K), [Perm : 6074K->6074K(21248K)], 0.0108350 secs] [Times: user=0.01 sys=0.00, real=0.01 secs] 
31.778: Total time for which application threads were stopped: 0.0109900 seconds, Stopping threads took: 0.0000890 seconds
31.839: Application time: 0.0609450 seconds
31.839: [GC31.839: [ParNew: 15691K->1425K(18432K), 0.0045590 secs] 40186K->40169K(59392K), 0.0046030 secs] [Times: user=0.04 sys=0.00, real=0.01 secs] 
31.844: Total time for which application threads were stopped: 0.0047740 seconds, Stopping threads took: 0.0001040 seconds
31.896: Application time: 0.0517390 seconds
31.896: [GC31.896: [ParNew: 17125K->17125K(18432K), 0.0000100 secs]31.896: [Tenured: 38744K->24495K(40960K), 0.0092870 secs] 55869K->24495K(59392K), [Perm : 6074K->6074K(21248K)], 0.0093450 secs] [Times: user=0.01 sys=0.00, real=0.01 secs] 
31.905: Total time for which application threads were stopped: 0.0094770 seconds, Stopping threads took: 0.0000630 seconds
31.983: Application time: 0.0779550 seconds
31.983: [GC31.983: [ParNew: 15700K->1435K(18432K), 0.0044930 secs] 40195K->39468K(59392K), 0.0045380 secs] [Times: user=0.04 sys=0.00, real=0.00 secs] 
31.988: Total time for which application threads were stopped: 0.0047610 seconds, Stopping threads took: 0.0001570 seconds
32.060: Application time: 0.0722150 seconds
32.060: [GC32.060: [ParNew: 17135K->17135K(18432K), 0.0000100 secs]32.060: [Tenured: 38033K->25209K(40960K), 0.0093960 secs] 55168K->25209K(59392K), [Perm : 6074K->6074K(21248K)], 0.0094560 secs] [Times: user=0.01 sys=0.00, real=0.01 secs] 
32.070: Total time for which application threads were stopped: 0.0096010 seconds, Stopping threads took: 0.0000700 seconds
32.142: Application time: 0.0722620 seconds
32.142: [GC32.142: [ParNew: 15691K->1425K(18432K), 0.0045590 secs] 40901K->40884K(59392K), 0.0046020 secs] [Times: user=0.04 sys=0.00, real=0.00 secs] 
32.147: Total time for which application threads were stopped: 0.0048080 seconds, Stopping threads took: 0.0001290 seconds
32.223: Application time: 0.0758280 seconds
32.223: [GC32.223: [ParNew: 17125K->17125K(18432K), 0.0000100 secs]32.223: [Tenured: 39459K->26632K(40960K), 0.0105540 secs] 56585K->26632K(59392K), [Perm : 6074K->6074K(21248K)], 0.0106100 secs] [Times: user=0.01 sys=0.00, real=0.00 secs] 
32.233: Total time for which application threads were stopped: 0.0107360 seconds, Stopping threads took: 0.0000610 seconds
32.277: Application time: 0.0434500 seconds
32.277: [GC32.277: [ParNew: 15691K->15691K(18432K), 0.0000110 secs]32.277: [Tenured: 26632K->26632K(40960K), 0.0100340 secs] 42323K->26632K(59392K), [Perm : 6074K->6074K(21248K)], 0.0100920 secs] [Times: user=0.01 sys=0.00, real=0.01 secs] 
32.287: Total time for which application threads were stopped: 0.0102990 seconds, Stopping threads took: 0.0001360 seconds
32.362: Application time: 0.0745320 seconds
32.362: [GC32.362: [ParNew: 15706K->15706K(18432K), 0.0000100 secs]32.362: [Tenured: 26632K->27346K(40960K), 0.0100480 secs] 42338K->27346K(59392K), [Perm : 6074K->6074K(21248K)], 0.0101160 secs] [Times: user=0.01 sys=0.00, real=0.01 secs] 
32.372: Total time for which application threads were stopped: 0.0102560 seconds, Stopping threads took: 0.0000710 seconds
32.446: Application time: 0.0741080 seconds
32.446: [GC32.446: [ParNew: 15708K->15708K(18432K), 0.0000100 secs]32.446: [Tenured: 27346K->28772K(40960K), 0.0103810 secs] 43054K->28772K(59392K), [Perm : 6074K->6074K(21248K)], 0.0104380 secs] [Times: user=0.01 sys=0.00, real=0.01 secs] 
32.457: Total time for which application threads were stopped: 0.0105960 seconds, Stopping threads took: 0.0000810 seconds
32.528: Application time: 0.0707900 seconds
32.528: [GC32.528: [ParNew: 15691K->15691K(18432K), 0.0000110 secs]32.528: [Tenured: 28772K->29482K(40960K), 0.0113710 secs] 44464K->29482K(59392K), [Perm : 6074K->6074K(21248K)], 0.0114300 secs] [Times: user=0.02 sys=0.00, real=0.01 secs] 
32.539: Total time for which application threads were stopped: 0.0115750 seconds, Stopping threads took: 0.0000750 seconds
32.605: Application time: 0.0657880 seconds
32.605: [GC32.605: [ParNew: 15691K->15691K(18432K), 0.0000100 secs]32.605: [Tenured: 29482K->30194K(40960K), 0.0097000 secs] 45173K->30194K(59392K), [Perm : 6074K->6074K(21248K)], 0.0097600 secs] [Times: user=0.01 sys=0.00, real=0.01 secs] 
32.615: Total time for which application threads were stopped: 0.0100920 seconds, Stopping threads took: 0.0002350 seconds
32.689: Application time: 0.0738440 seconds
32.689: [GC32.689: [ParNew: 15691K->15691K(18432K), 0.0000100 secs]32.689: [Tenured: 30194K->28769K(40960K), 0.0092600 secs] 45886K->28769K(59392K), [Perm : 6074K->6074K(21248K)], 0.0093170 secs] [Times: user=0.01 sys=0.00, real=0.01 secs] 
32.698: Total time for which application threads were stopped: 0.0095570 seconds, Stopping threads took: 0.0001530 seconds
32.773: Application time: 0.0741500 seconds
32.773: [GC32.773: [ParNew: 15689K->15689K(18432K), 0.0000100 secs]32.773: [Tenured: 28769K->29482K(40960K), 0.0092170 secs] 44459K->29482K(59392K), [Perm : 6074K->6074K(21248K)], 0.0092750 secs] [Times: user=0.01 sys=0.00, real=0.01 secs] 
32.782: Total time for which application threads were stopped: 0.0094060 seconds, Stopping threads took: 0.0000630 seconds
32.856: Application time: 0.0739480 seconds
32.856: [GC32.856: [ParNew: 15691K->15691K(18432K), 0.0000110 secs]32.856: [Tenured: 29482K->30194K(40960K), 0.0109400 secs] 45173K->30194K(59392K), [Perm : 6074K->6074K(21248K)], 0.0110010 secs] [Times: user=0.01 sys=0.00, real=0.01 secs] 
32.867: Total time for which application threads were stopped: 0.0111830 seconds, Stopping threads took: 0.0001120 seconds
32.936: Application time: 0.0688080 seconds
32.936: [GC32.936: [ParNew: 15697K->15697K(18432K), 0.0000110 secs]32.936: [Tenured: 30194K->30195K(40960K), 0.0100790 secs] 45892K->30195K(59392K), [Perm : 6074K->6074K(21248K)], 0.0101420 secs] [Times: user=0.01 sys=0.00, real=0.01 secs] 
32.946: Total time for which application threads were stopped: 0.0102830 seconds, Stopping threads took: 0.0000670 seconds
33.023: Application time: 0.0764350 seconds
33.023: [GC33.023: [ParNew: 15689K->15689K(18432K), 0.0000110 secs]33.023: [Tenured: 30195K->30908K(40960K), 0.0112390 secs] 45885K->30908K(59392K), [Perm : 6074K->6074K(21248K)], 0.0112920 secs] [Times: user=0.01 sys=0.00, real=0.00 secs] 
33.034: Total time for which application threads were stopped: 0.0114520 seconds, Stopping threads took: 0.0000860 seconds
33.070: Application time: 0.0362180 seconds
33.070: [GC33.070: [ParNew: 15697K->15697K(18432K), 0.0000100 secs]33.070: [Tenured: 30908K->28769K(40960K), 0.0099220 secs] 46606K->28769K(59392K), [Perm : 6074K->6074K(21248K)], 0.0099810 secs] [Times: user=0.01 sys=0.00, real=0.01 secs] 
33.080: Total time for which application threads were stopped: 0.0101220 seconds, Stopping threads took: 0.0000730 seconds
33.136: Application time: 0.0552070 seconds
33.136: [GC33.136: [ParNew: 15697K->15697K(18432K), 0.0000100 secs]33.136: [Tenured: 28769K->27344K(40960K), 0.0117110 secs] 44467K->27344K(59392K), [Perm : 6074K->6074K(21248K)], 0.0117820 secs] [Times: user=0.01 sys=0.00, real=0.01 secs] 
33.148: Total time for which application threads were stopped: 0.0119890 seconds, Stopping threads took: 0.0001270 seconds
33.214: Application time: 0.0662940 seconds
33.214: [GC33.214: [ParNew: 15689K->15689K(18432K), 0.0000100 secs]33.214: [Tenured: 27344K->26632K(40960K), 0.0098750 secs] 43034K->26632K(59392K), [Perm : 6074K->6074K(21248K)], 0.0099340 secs] [Times: user=0.01 sys=0.00, real=0.01 secs] 
33.224: Total time for which application threads were stopped: 0.0101080 seconds, Stopping threads took: 0.0000990 seconds
33.294: Application time: 0.0695910 seconds
33.294: [GC33.294: [ParNew: 15698K->15698K(18432K), 0.0000100 secs]33.294: [Tenured: 26632K->28058K(40960K), 0.0100960 secs] 42330K->28058K(59392K), [Perm : 6074K->6074K(21248K)], 0.0101540 secs] [Times: user=0.01 sys=0.00, real=0.02 secs] 
33.304: Total time for which application threads were stopped: 0.0103820 seconds, Stopping threads took: 0.0001450 seconds
33.376: Application time: 0.0717610 seconds
33.376: [GC33.376: [ParNew: 15696K->15696K(18432K), 0.0000100 secs]33.376: [Tenured: 28058K->27345K(40960K), 0.0102100 secs] 43754K->27345K(59392K), [Perm : 6074K->6074K(21248K)], 0.0102680 secs] [Times: user=0.01 sys=0.00, real=0.01 secs] 
33.386: Total time for which application threads were stopped: 0.0104020 seconds, Stopping threads took: 0.0000630 seconds
33.417: Application time: 0.0311700 seconds
33.417: [GC33.417: [ParNew: 15704K->15704K(18432K), 0.0000100 secs]33.417: [Tenured: 27345K->22357K(40960K), 0.0106720 secs] 43049K->22357K(59392K), [Perm : 6074K->6074K(21248K)], 0.0107320 secs] [Times: user=0.01 sys=0.00, real=0.01 secs] 
33.428: Total time for which application threads were stopped: 0.0109010 seconds, Stopping threads took: 0.0000980 seconds
33.483: Application time: 0.0547670 seconds
33.483: [GC33.483: [ParNew: 15689K->1427K(18432K), 0.0037730 secs] 38047K->34472K(59392K), 0.0038170 secs] [Times: user=0.03 sys=0.00, real=0.00 secs] 
33.487: Total time for which application threads were stopped: 0.0039980 seconds, Stopping threads took: 0.0001150 seconds
33.551: Application time: 0.0636230 seconds
33.551: [GC33.551: [ParNew: 17123K->17123K(18432K), 0.0000100 secs]33.551: [Tenured: 33045K->24495K(40960K), 0.0095070 secs] 50168K->24495K(59392K), [Perm : 6074K->6074K(21248K)], 0.0095650 secs] [Times: user=0.01 sys=0.00, real=0.01 secs] 
33.560: Total time for which application threads were stopped: 0.0096970 seconds, Stopping threads took: 0.0000630 seconds
33.595: Application time: 0.0346820 seconds
33.595: [GC33.595: [ParNew: 15688K->1425K(18432K), 0.0036900 secs] 40184K->36609K(59392K), 0.0037340 secs] [Times: user=0.03 sys=0.00, real=0.00 secs] 
33.599: Total time for which application threads were stopped: 0.0038690 seconds, Stopping threads took: 0.0000650 seconds
33.651: Application time: 0.0521000 seconds
33.651: [GC33.651: [ParNew: 17113K->17113K(18432K), 0.0000100 secs]33.651: [Tenured: 35184K->25208K(40960K), 0.0093100 secs] 52297K->25208K(59392K), [Perm : 6074K->6074K(21248K)], 0.0093720 secs] [Times: user=0.01 sys=0.00, real=0.01 secs] 
33.660: Total time for which application threads were stopped: 0.0095140 seconds, Stopping threads took: 0.0000630 seconds
33.726: Application time: 0.0655260 seconds
33.726: [GC33.726: [ParNew: 15688K->1425K(18432K), 0.0036300 secs] 40897K->37322K(59392K), 0.0036670 secs] [Times: user=0.03 sys=0.00, real=0.00 secs] 
33.730: Total time for which application threads were stopped: 0.0038240 seconds, Stopping threads took: 0.0000860 seconds
33.762: Application time: 0.0317350 seconds
33.762: [GC33.762: [ParNew: 17113K->17113K(18432K), 0.0000100 secs]33.762: [Tenured: 35897K->25208K(40960K), 0.0098520 secs] 53010K->25208K(59392K), [Perm : 6074K->6074K(21248K)], 0.0099100 secs] [Times: user=0.01 sys=0.00, real=0.01 secs] 
33.772: Total time for which application threads were stopped: 0.0100560 seconds, Stopping threads took: 0.0000680 seconds
33.823: Application time: 0.0517100 seconds
33.823: [GC33.824: [ParNew: 15688K->1425K(18432K), 0.0035330 secs] 40897K->37322K(59392K), 0.0035700 secs] [Times: user=0.03 sys=0.00, real=0.00 secs] 
33.827: Total time for which application threads were stopped: 0.0037340 seconds, Stopping threads took: 0.0001020 seconds
33.892: Application time: 0.0652560 seconds
33.892: [GC33.892: [ParNew: 17113K->17113K(18432K), 0.0000100 secs]33.892: [Tenured: 35897K->23783K(40960K), 0.0101160 secs] 53011K->23783K(59392K), [Perm : 6074K->6074K(21248K)], 0.0101720 secs] [Times: user=0.01 sys=0.00, real=0.02 secs] 
33.903: Total time for which application threads were stopped: 0.0103320 seconds, Stopping threads took: 0.0000940 seconds
33.969: Application time: 0.0659540 seconds
33.969: [GC33.969: [ParNew: 15697K->1433K(18432K), 0.0036090 secs] 39480K->35905K(59392K), 0.0036540 secs] [Times: user=0.02 sys=0.00, real=0.00 secs] 
33.972: Total time for which application threads were stopped: 0.0037840 seconds, Stopping threads took: 0.0000630 seconds
33.990: Application time: 0.0179740 seconds
33.991: [GC33.991: [ParNew: 17122K->17122K(18432K), 0.0000100 secs]33.991: [Tenured: 34471K->24497K(40960K), 0.0101540 secs] 51594K->24497K(59392K), [Perm : 6074K->6074K(21248K)], 0.0102120 secs] [Times: user=0.01 sys=0.00, real=0.01 secs] 
34.001: Total time for which application threads were stopped: 0.0103940 seconds, Stopping threads took: 0.0001130 seconds
34.070: Application time: 0.0687320 seconds
34.070: [GC34.070: [ParNew: 15699K->1433K(18432K), 0.0035540 secs] 40196K->36619K(59392K), 0.0035970 secs] [Times: user=0.02 sys=0.00, real=0.00 secs] 
34.073: Total time for which application threads were stopped: 0.0038200 seconds, Stopping threads took: 0.0001540 seconds
34.135: Application time: 0.0613530 seconds
34.135: [GC34.135: [ParNew: 17122K->17122K(18432K), 0.0000090 secs]34.135: [Tenured: 35185K->24498K(40960K), 0.0093750 secs] 52308K->24498K(59392K), [Perm : 6074K->6074K(21248K)], 0.0094310 secs] [Times: user=0.00 sys=0.00, real=0.01 secs] 
34.144: Total time for which application threads were stopped: 0.0095670 seconds, Stopping threads took: 0.0000670 seconds
34.178: Application time: 0.0336920 seconds
34.178: [GC34.178: [ParNew: 15697K->1431K(18432K), 0.0036360 secs] 40195K->36618K(59392K), 0.0036810 secs] [Times: user=0.02 sys=0.00, real=0.00 secs] 
34.182: Total time for which application threads were stopped: 0.0038540 seconds, Stopping threads took: 0.0000960 seconds
34.237: Application time: 0.0550830 seconds
34.237: [GC34.237: [ParNew: 17120K->17120K(18432K), 0.0000100 secs]34.237: [Tenured: 35186K->25211K(40960K), 0.0093820 secs] 52307K->25211K(59392K), [Perm : 6074K->6074K(21248K)], 0.0094430 secs] [Times: user=0.01 sys=0.00, real=0.01 secs] 
34.246: Total time for which application threads were stopped: 0.0095860 seconds, Stopping threads took: 0.0000760 seconds
34.312: Application time: 0.0653410 seconds
34.312: [GC34.312: [ParNew: 15697K->1435K(18432K), 0.0036030 secs] 40909K->37335K(59392K), 0.0036450 secs] [Times: user=0.02 sys=0.00, real=0.01 secs] 
34.316: Total time for which application threads were stopped: 0.0037850 seconds, Stopping threads took: 0.0000740 seconds
34.344: Application time: 0.0280820 seconds
34.344: [GC34.344: [ParNew: 17124K->17124K(18432K), 0.0000110 secs]34.344: [Tenured: 35900K->25921K(40960K), 0.0105360 secs] 53024K->25921K(59392K), [Perm : 6075K->6075K(21248K)], 0.0105940 secs] [Times: user=0.01 sys=0.00, real=0.01 secs] 
34.354: Total time for which application threads were stopped: 0.0107230 seconds, Stopping threads took: 0.0000620 seconds
34.415: Application time: 0.0606180 seconds
34.415: [GC34.415: [ParNew: 15705K->15705K(18432K), 0.0000100 secs]34.415: [Tenured: 25921K->27348K(40960K), 0.0099770 secs] 41627K->27348K(59392K), [Perm : 6075K->6075K(21248K)], 0.0100380 secs] [Times: user=0.01 sys=0.00, real=0.01 secs] 
34.425: Total time for which application threads were stopped: 0.0102320 seconds, Stopping threads took: 0.0001180 seconds
34.486: Application time: 0.0603840 seconds
34.486: [GC34.486: [ParNew: 15697K->15697K(18432K), 0.0000100 secs]34.486: [Tenured: 27348K->27349K(40960K), 0.0095280 secs] 43046K->27349K(59392K), [Perm : 6075K->6075K(21248K)], 0.0095850 secs] [Times: user=0.01 sys=0.00, real=0.01 secs] 
34.495: Total time for which application threads were stopped: 0.0097170 seconds, Stopping threads took: 0.0000660 seconds
34.528: Application time: 0.0330240 seconds
34.529: [GC34.529: [ParNew: 15697K->15697K(18432K), 0.0000100 secs]34.529: [Tenured: 27349K->29487K(40960K), 0.0098840 secs] 43046K->29487K(59392K), [Perm : 6075K->6075K(21248K)], 0.0099410 secs] [Times: user=0.01 sys=0.00, real=0.01 secs] 
34.539: Total time for which application threads were stopped: 0.0101080 seconds, Stopping threads took: 0.0000980 seconds
34.595: Application time: 0.0567890 seconds
34.596: [GC34.596: [ParNew: 15690K->15690K(18432K), 0.0000110 secs]34.596: [Tenured: 29487K->29484K(40960K), 0.0123530 secs] 45178K->29484K(59392K), [Perm : 6075K->6075K(21248K)], 0.0124150 secs] [Times: user=0.01 sys=0.00, real=0.01 secs] 
34.608: Total time for which application threads were stopped: 0.0126560 seconds, Stopping threads took: 0.0001500 seconds
34.674: Application time: 0.0665110 seconds
34.675: [GC34.675: [ParNew: 15688K->15688K(18432K), 0.0000110 secs]34.675: [Tenured: 29484K->30909K(40960K), 0.0102620 secs] 45173K->30909K(59392K), [Perm : 6075K->6075K(21248K)], 0.0103230 secs] [Times: user=0.01 sys=0.00, real=0.01 secs] 
34.685: Total time for which application threads were stopped: 0.0104650 seconds, Stopping threads took: 0.0000710 seconds
34.710: Application time: 0.0251800 seconds
34.710: [GC34.710: [ParNew: 15688K->15688K(18432K), 0.0000100 secs]34.710: [Tenured: 30909K->30196K(40960K), 0.0093950 secs] 46598K->30196K(59392K), [Perm : 6075K->6075K(21248K)], 0.0094550 secs] [Times: user=0.01 sys=0.00, real=0.01 secs] 
34.720: Total time for which application threads were stopped: 0.0095980 seconds, Stopping threads took: 0.0000650 seconds
34.779: Application time: 0.0591270 seconds
34.779: [GC34.779: [ParNew: 15690K->15690K(18432K), 0.0000120 secs]34.779: [Tenured: 30196K->29484K(40960K), 0.0100000 secs] 45887K->29484K(59392K), [Perm : 6075K->6075K(21248K)], 0.0100630 secs] [Times: user=0.01 sys=0.00, real=0.01 secs] 
34.789: Total time for which application threads were stopped: 0.0102620 seconds, Stopping threads took: 0.0001250 seconds
34.855: Application time: 0.0659650 seconds
34.855: [GC34.855: [ParNew: 15690K->15690K(18432K), 0.0000110 secs]34.855: [Tenured: 29484K->29483K(40960K), 0.0101830 secs] 45174K->29483K(59392K), [Perm : 6075K->6075K(21248K)], 0.0102400 secs] [Times: user=0.02 sys=0.00, real=0.01 secs] 
34.865: Total time for which application threads were stopped: 0.0103710 seconds, Stopping threads took: 0.0000620 seconds
34.923: Application time: 0.0575840 seconds
34.923: [GC34.923: [ParNew: 15688K->15688K(18432K), 0.0000110 secs]34.923: [Tenured: 29483K->30196K(40960K), 0.0096610 secs] 45172K->30196K(59392K), [Perm : 6075K->6075K(21248K)], 0.0097210 secs] [Times: user=0.01 sys=0.00, real=0.00 secs] 
34.933: Total time for which application threads were stopped: 0.0098630 seconds, Stopping threads took: 0.0000730 seconds
34.960: Application time: 0.0273350 seconds
34.960: [GC34.961: [ParNew: 15675K->15675K(18432K), 0.0000110 secs]34.961: [Tenured: 30196K->28096K(40960K), 0.0106260 secs] 45871K->28096K(59392K), [Perm : 6076K->6076K(21248K)], 0.0106870 secs] [Times: user=0.02 sys=0.00, real=0.01 secs] 
34.971: Total time for which application threads were stopped: 0.0109470 seconds, Stopping threads took: 0.0001920 seconds
34.984: Application time: 0.0123870 seconds
34.984: [GC34.984: [ParNew: 15735K->15735K(18432K), 0.0000110 secs]34.984: [Tenured: 28096K->30225K(40960K), 0.0107570 secs] 43832K->30225K(59392K), [Perm : 6076K->6076K(21248K)], 0.0108180 secs] [Times: user=0.01 sys=0.00, real=0.01 secs] 
34.995: Total time for which application threads were stopped: 0.0110380 seconds, Stopping threads took: 0.0001190 seconds
35.013: Application time: 0.0181050 seconds
35.013: [GC35.013: [ParNew: 15677K->15677K(18432K), 0.0000100 secs]35.013: [Tenured: 30225K->29483K(40960K), 0.0114430 secs] 45902K->29483K(59392K), [Perm : 6076K->6076K(21248K)], 0.0115050 secs] [Times: user=0.01 sys=0.00, real=0.02 secs] 
35.024: Total time for which application threads were stopped: 0.0116520 seconds, Stopping threads took: 0.0000740 seconds
35.041: Application time: 0.0170210 seconds
35.042: [GC35.042: [ParNew: 15687K->15687K(18432K), 0.0000100 secs]35.042: [Tenured: 29483K->30909K(40960K), 0.0065670 secs] 45171K->30909K(59392K), [Perm : 6076K->6076K(21248K)], 0.0066260 secs] [Times: user=0.00 sys=0.00, real=0.01 secs] 
35.048: Total time for which application threads were stopped: 0.0068510 seconds, Stopping threads took: 0.0001570 seconds
35.064: Application time: 0.0152850 seconds
35.064: [GC35.064: [ParNew: 15681K->15681K(18432K), 0.0000100 secs]35.064: [Tenured: 30909K->28057K(40960K), 0.0092990 secs] 46591K->28057K(59392K), [Perm : 6076K->6076K(21248K)], 0.0093600 secs] [Times: user=0.01 sys=0.00, real=0.00 secs] 
35.073: Total time for which application threads were stopped: 0.0095570 seconds, Stopping threads took: 0.0001260 seconds
35.082: Application time: 0.0092210 seconds
35.082: [GC35.082: [ParNew: 15692K->15692K(18432K), 0.0000100 secs]35.082: [Tenured: 28057K->29483K(40960K), 0.0095860 secs] 43750K->29483K(59392K), [Perm : 6076K->6076K(21248K)], 0.0096440 secs] [Times: user=0.01 sys=0.00, real=0.00 secs] 
35.092: Total time for which application threads were stopped: 0.0097840 seconds, Stopping threads took: 0.0000700 seconds
35.101: Application time: 0.0087770 seconds
35.101: [GC35.101: [ParNew: 15682K->15682K(18432K), 0.0000100 secs]35.101: [Tenured: 29483K->29483K(40960K), 0.0103370 secs] 45166K->29483K(59392K), [Perm : 6076K->6076K(21248K)], 0.0103990 secs] [Times: user=0.01 sys=0.00, real=0.01 secs] 
35.111: Total time for which application threads were stopped: 0.0105880 seconds, Stopping threads took: 0.0001180 seconds
35.125: Application time: 0.0133510 seconds
35.125: [GC35.125: [ParNew: 15681K->15681K(18432K), 0.0000110 secs]35.125: [Tenured: 29483K->29483K(40960K), 0.0099030 secs] 45165K->29483K(59392K), [Perm : 6076K->6076K(21248K)], 0.0099630 secs] [Times: user=0.01 sys=0.00, real=0.01 secs] 
35.135: Total time for which application threads were stopped: 0.0101180 seconds, Stopping threads took: 0.0000840 seconds
35.149: Application time: 0.0135480 seconds
35.149: [GC35.149: [ParNew: 15689K->15689K(18432K), 0.0000100 secs]35.149: [Tenured: 29483K->31622K(40960K), 0.0065190 secs] 45172K->31622K(59392K), [Perm : 6076K->6076K(21248K)], 0.0065750 secs] [Times: user=0.01 sys=0.00, real=0.01 secs] 
35.155: Total time for which application threads were stopped: 0.0067190 seconds, Stopping threads took: 0.0000760 seconds
35.170: Application time: 0.0145330 seconds
35.170: [GC35.170: [ParNew: 15681K->15681K(18432K), 0.0000100 secs]35.170: [Tenured: 31622K->31622K(40960K), 0.0066540 secs] 47303K->31622K(59392K), [Perm : 6076K->6076K(21248K)], 0.0067140 secs] [Times: user=0.00 sys=0.00, real=0.01 secs] 
35.177: Total time for which application threads were stopped: 0.0068790 seconds, Stopping threads took: 0.0000930 seconds
35.193: Application time: 0.0158720 seconds
35.193: [GC35.193: [ParNew: 15692K->15692K(18432K), 0.0000130 secs]35.193: [Tenured: 31622K->28058K(40960K), 0.0095250 secs] 47314K->28058K(59392K), [Perm : 6076K->6076K(21248K)], 0.0095880 secs] [Times: user=0.01 sys=0.00, real=0.02 secs] 
35.202: Total time for which application threads were stopped: 0.0097200 seconds, Stopping threads took: 0.0000620 seconds
35.227: Application time: 0.0243640 seconds
35.227: [GC35.227: [ParNew: 15726K->15726K(18432K), 0.0000290 secs]35.227: [Tenured: 28058K->29512K(40960K), 0.0110520 secs] 43784K->29512K(59392K), [Perm : 6076K->6076K(21248K)], 0.0111320 secs] [Times: user=0.02 sys=0.00, real=0.01 secs] 
35.238: Total time for which application threads were stopped: 0.0113140 seconds, Stopping threads took: 0.0000950 seconds
35.254: Application time: 0.0164180 seconds
35.255: [GC35.255: [ParNew: 15679K->15679K(18432K), 0.0000110 secs]35.255: [Tenured: 29512K->29512K(40960K), 0.0107380 secs] 45192K->29512K(59392K), [Perm : 6076K->6076K(21248K)], 0.0108110 secs] [Times: user=0.01 sys=0.00, real=0.01 secs] 
35.265: Total time for which application threads were stopped: 0.0110370 seconds, Stopping threads took: 0.0001320 seconds
35.283: Application time: 0.0175470 seconds
35.283: [GC35.283: [ParNew: 15683K->15683K(18432K), 0.0000100 secs]35.283: [Tenured: 29512K->29513K(40960K), 0.0062750 secs] 45196K->29513K(59392K), [Perm : 6076K->6076K(21248K)], 0.0063350 secs] [Times: user=0.01 sys=0.00, real=0.00 secs] 
35.289: Total time for which application threads were stopped: 0.0065290 seconds, Stopping threads took: 0.0001270 seconds
35.301: Application time: 0.0115130 seconds
35.301: [GC35.301: [ParNew: 15683K->15683K(18432K), 0.0000100 secs]35.301: [Tenured: 29513K->29483K(40960K), 0.0123500 secs] 45196K->29483K(59392K), [Perm : 6076K->6076K(21248K)], 0.0124100 secs] [Times: user=0.01 sys=0.00, real=0.01 secs] 
35.314: Total time for which application threads were stopped: 0.0126930 seconds, Stopping threads took: 0.0002120 seconds
35.326: Application time: 0.0126130 seconds
35.326: [GC35.326: [ParNew: 15689K->15689K(18432K), 0.0000100 secs]35.326: [Tenured: 29483K->28058K(40960K), 0.0098880 secs] 45173K->28058K(59392K), [Perm : 6076K->6076K(21248K)], 0.0099470 secs] [Times: user=0.01 sys=0.00, real=0.01 secs] 
35.336: Total time for which application threads were stopped: 0.0101270 seconds, Stopping threads took: 0.0001100 seconds
35.347: Application time: 0.0100980 seconds
35.347: [GC35.347: [ParNew: 16282K->16282K(18432K), 0.0000100 secs]35.347: [Tenured: 28058K->25956K(40960K), 0.0090890 secs] 44340K->25956K(59392K), [Perm : 6076K->6076K(21248K)], 0.0091510 secs] [Times: user=0.00 sys=0.00, real=0.01 secs] 
35.356: Total time for which application threads were stopped: 0.0093080 seconds, Stopping threads took: 0.0000860 seconds
35.365: Application time: 0.0087650 seconds
35.365: [GC35.365: [ParNew: 15838K->15838K(18432K), 0.0000100 secs]35.365: [Tenured: 25956K->28800K(40960K), 0.0072260 secs] 41795K->28800K(59392K), [Perm : 6076K->6076K(21248K)], 0.0072860 secs] [Times: user=0.01 sys=0.00, real=0.00 secs] 
35.372: Total time for which application threads were stopped: 0.0074470 seconds, Stopping threads took: 0.0000910 seconds
35.381: Application time: 0.0084740 seconds
35.381: [GC35.381: [ParNew: 15681K->15681K(18432K), 0.0000110 secs]35.381: [Tenured: 28800K->27345K(40960K), 0.0113120 secs] 44481K->27345K(59392K), [Perm : 6076K->6076K(21248K)], 0.0113730 secs] [Times: user=0.01 sys=0.00, real=0.01 secs] 
35.392: Total time for which application threads were stopped: 0.0115410 seconds, Stopping threads took: 0.0000970 seconds
35.401: Application time: 0.0090150 seconds
35.401: [GC35.401: [ParNew: 15689K->15689K(18432K), 0.0000100 secs]35.401: [Tenured: 27345K->27346K(40960K), 0.0066250 secs] 43035K->27346K(59392K), [Perm : 6076K->6076K(21248K)], 0.0066810 secs] [Times: user=0.01 sys=0.00, real=0.01 secs] 
35.408: Total time for which application threads were stopped: 0.0068680 seconds, Stopping threads took: 0.0001140 seconds
35.417: Application time: 0.0088320 seconds
35.417: [GC35.417: [ParNew: 15681K->15681K(18432K), 0.0000100 secs]35.417: [Tenured: 27346K->28059K(40960K), 0.0074140 secs] 43027K->28059K(59392K), [Perm : 6076K->6076K(21248K)], 0.0074730 secs] [Times: user=0.01 sys=0.00, real=0.01 secs] 
35.424: Total time for which application threads were stopped: 0.0076860 seconds, Stopping threads took: 0.0001250 seconds
35.433: Application time: 0.0082830 seconds
35.433: [GC35.433: [ParNew: 15690K->15690K(18432K), 0.0000100 secs]35.433: [Tenured: 28059K->28770K(40960K), 0.0097780 secs] 43749K->28770K(59392K), [Perm : 6076K->6076K(21248K)], 0.0098390 secs] [Times: user=0.01 sys=0.00, real=0.02 secs] 
35.443: Total time for which application threads were stopped: 0.0100250 seconds, Stopping threads took: 0.0001180 seconds
35.450: Application time: 0.0068060 seconds
35.450: [GC35.450: [ParNew: 15683K->15683K(18432K), 0.0000120 secs]35.450: [Tenured: 28770K->29483K(40960K), 0.0113840 secs] 44454K->29483K(59392K), [Perm : 6076K->6076K(21248K)], 0.0114560 secs] [Times: user=0.01 sys=0.00, real=0.01 secs] 
35.461: Total time for which application threads were stopped: 0.0116720 seconds, Stopping threads took: 0.0001420 seconds
35.469: Application time: 0.0079900 seconds
35.469: [GC35.469: [ParNew: 15689K->15689K(18432K), 0.0000100 secs]35.469: [Tenured: 29483K->25920K(40960K), 0.0099200 secs] 45173K->25920K(59392K), [Perm : 6076K->6076K(21248K)], 0.0099800 secs] [Times: user=0.01 sys=0.00, real=0.01 secs] 
35.479: Total time for which application threads were stopped: 0.0101870 seconds, Stopping threads took: 0.0001370 seconds
35.491: Application time: 0.0112720 seconds
35.491: [GC35.491: [ParNew: 16108K->16108K(18432K), 0.0000100 secs]35.491: [Tenured: 25920K->25952K(40960K), 0.0099350 secs] 42029K->25952K(59392K), [Perm : 6076K->6076K(21248K)], 0.0099940 secs] [Times: user=0.01 sys=0.00, real=0.01 secs] 
35.501: Total time for which application threads were stopped: 0.0102460 seconds, Stopping threads took: 0.0001630 seconds
35.514: Application time: 0.0134870 seconds
35.515: [GC35.515: [ParNew: 16018K->16018K(18432K), 0.0000110 secs]35.515: [Tenured: 25952K->26662K(40960K), 0.0105790 secs] 41971K->26662K(59392K), [Perm : 6076K->6076K(21248K)], 0.0106440 secs] [Times: user=0.01 sys=0.00, real=0.01 secs] 
35.525: Total time for which application threads were stopped: 0.0109430 seconds, Stopping threads took: 0.0002040 seconds
35.535: Application time: 0.0092480 seconds
35.535: [GC35.535: [ParNew: 15680K->15680K(18432K), 0.0000100 secs]35.535: [Tenured: 26662K->25207K(40960K), 0.0100950 secs] 42342K->25207K(59392K), [Perm : 6076K->6076K(21248K)], 0.0101550 secs] [Times: user=0.01 sys=0.00, real=0.01 secs] 
35.545: Total time for which application threads were stopped: 0.0102900 seconds, Stopping threads took: 0.0000600 seconds
35.554: Application time: 0.0087850 seconds
35.554: [GC35.554: [ParNew: 15680K->1425K(18432K), 0.0009470 secs] 40888K->28058K(59392K), 0.0009820 secs] [Times: user=0.00 sys=0.00, real=0.01 secs] 
35.555: Total time for which application threads were stopped: 0.0012430 seconds, Stopping threads took: 0.0002000 seconds
35.563: Application time: 0.0083100 seconds
35.563: [GC35.563: [ParNew: 17115K->17115K(18432K), 0.0000100 secs]35.563: [Tenured: 26632K->27346K(40960K), 0.0068630 secs] 43748K->27346K(59392K), [Perm : 6076K->6076K(21248K)], 0.0069200 secs] [Times: user=0.01 sys=0.00, real=0.00 secs] 
35.570: Total time for which application threads were stopped: 0.0070760 seconds, Stopping threads took: 0.0000880 seconds
35.577: Application time: 0.0068060 seconds
35.577: [GC35.577: [ParNew: 15691K->15691K(18432K), 0.0000100 secs]35.577: [Tenured: 27346K->26633K(40960K), 0.0101210 secs] 43037K->26633K(59392K), [Perm : 6076K->6076K(21248K)], 0.0101810 secs] [Times: user=0.01 sys=0.00, real=0.01 secs] 
35.588: Total time for which application threads were stopped: 0.0103290 seconds, Stopping threads took: 0.0000760 seconds
35.594: Application time: 0.0065820 seconds
35.594: [GC35.594: [ParNew: 15682K->15682K(18432K), 0.0000100 secs]35.594: [Tenured: 26633K->28058K(40960K), 0.0096330 secs] 42315K->28058K(59392K), [Perm : 6076K->6076K(21248K)], 0.0096900 secs] [Times: user=0.01 sys=0.00, real=0.01 secs] 
35.604: Total time for which application threads were stopped: 0.0098350 seconds, Stopping threads took: 0.0000780 seconds
35.612: Application time: 0.0079350 seconds
35.612: [GC35.612: [ParNew: 15680K->15680K(18432K), 0.0000100 secs]35.612: [Tenured: 28058K->27345K(40960K), 0.0069180 secs] 43738K->27345K(59392K), [Perm : 6076K->6076K(21248K)], 0.0069740 secs] [Times: user=0.01 sys=0.00, real=0.01 secs] 
35.619: Total time for which application threads were stopped: 0.0071560 seconds, Stopping threads took: 0.0001140 seconds
35.625: Application time: 0.0058320 seconds
35.625: [GC35.625: [ParNew: 15683K->15683K(18432K), 0.0000110 secs]35.625: [Tenured: 27345K->30195K(40960K), 0.0097850 secs] 43029K->30195K(59392K), [Perm : 6076K->6076K(21248K)], 0.0098540 secs] [Times: user=0.01 sys=0.00, real=0.01 secs] 
35.635: Total time for which application threads were stopped: 0.0101020 seconds, Stopping threads took: 0.0001680 seconds
35.646: Application time: 0.0105650 seconds
35.646: [GC35.646: [ParNew: 15697K->15697K(18432K), 0.0000110 secs]35.646: [Tenured: 30195K->27345K(40960K), 0.0099090 secs] 45893K->27345K(59392K), [Perm : 6076K->6076K(21248K)], 0.0099690 secs] [Times: user=0.01 sys=0.00, real=0.01 secs] 
35.656: Total time for which application threads were stopped: 0.0101270 seconds, Stopping threads took: 0.0000850 seconds
35.672: Application time: 0.0161270 seconds
35.672: [GC35.672: [ParNew: 15678K->15678K(18432K), 0.0000110 secs]35.672: [Tenured: 27345K->28057K(40960K), 0.0069010 secs] 43023K->28057K(59392K), [Perm : 6076K->6076K(21248K)], 0.0069520 secs] [Times: user=0.00 sys=0.00, real=0.01 secs] 
35.679: Total time for which application threads were stopped: 0.0071430 seconds, Stopping threads took: 0.0001240 seconds
35.693: Application time: 0.0139580 seconds
35.693: [GC35.693: [ParNew: 15680K->15680K(18432K), 0.0000100 secs]35.693: [Tenured: 28057K->26633K(40960K), 0.0096090 secs] 43738K->26633K(59392K), [Perm : 6076K->6076K(21248K)], 0.0096670 secs] [Times: user=0.01 sys=0.00, real=0.02 secs] 
35.703: Total time for which application threads were stopped: 0.0098500 seconds, Stopping threads took: 0.0001140 seconds
35.716: Application time: 0.0130190 seconds
35.716: [GC35.716: [ParNew: 15690K->15690K(18432K), 0.0000100 secs]35.716: [Tenured: 26633K->25920K(40960K), 0.0089300 secs] 42323K->25920K(59392K), [Perm : 6076K->6076K(21248K)], 0.0089900 secs] [Times: user=0.01 sys=0.00, real=0.01 secs] 
35.725: Total time for which application threads were stopped: 0.0093530 seconds, Stopping threads took: 0.0002930 seconds
35.735: Application time: 0.0103430 seconds
35.736: [GC35.736: [ParNew: 16377K->16377K(18432K), 0.0000100 secs]35.736: [Tenured: 25920K->21716K(40960K), 0.0094610 secs] 42298K->21716K(59392K), [Perm : 6076K->6076K(21248K)], 0.0095170 secs] [Times: user=0.01 sys=0.00, real=0.01 secs] 
35.745: Total time for which application threads were stopped: 0.0097190 seconds, Stopping threads took: 0.0001220 seconds
35.751: Application time: 0.0057790 seconds
35.751: [GC35.751: [ParNew: 15784K->1437K(18432K), 0.0024280 secs] 37500K->30278K(59392K), 0.0024640 secs] [Times: user=0.02 sys=0.00, real=0.00 secs] 
35.754: Total time for which application threads were stopped: 0.0026690 seconds, Stopping threads took: 0.0001390 seconds
35.760: Application time: 0.0061950 seconds
35.760: [GC35.760: [ParNew: 17279K->17279K(18432K), 0.0000100 secs]35.760: [Tenured: 28841K->21733K(40960K), 0.0105350 secs] 46121K->21733K(59392K), [Perm : 6076K->6076K(21248K)], 0.0105900 secs] [Times: user=0.01 sys=0.00, real=0.01 secs] 
35.771: Total time for which application threads were stopped: 0.0110670 seconds, Stopping threads took: 0.0003880 seconds
35.777: Application time: 0.0063730 seconds
35.777: [GC35.777: [ParNew: 16099K->1441K(18432K), 0.0023180 secs] 37833K->28162K(59392K), 0.0023580 secs] [Times: user=0.01 sys=0.00, real=0.00 secs] 
35.780: Total time for which application threads were stopped: 0.0025460 seconds, Stopping threads took: 0.0001230 seconds
35.789: Application time: 0.0087210 seconds
35.789: [GC35.789: [ParNew: 17314K->17314K(18432K), 0.0000090 secs]35.789: [Tenured: 26721K->23069K(40960K), 0.0103670 secs] 44036K->23069K(59392K), [Perm : 6076K->6076K(21248K)], 0.0104230 secs] [Times: user=0.01 sys=0.00, real=0.01 secs] 
35.799: Total time for which application threads were stopped: 0.0107090 seconds, Stopping threads took: 0.0001950 seconds
35.805: Application time: 0.0062140 seconds
35.806: [GC35.806: [ParNew: 15681K->1425K(18432K), 0.0018230 secs] 38751K->28770K(59392K), 0.0018640 secs] [Times: user=0.02 sys=0.00, real=0.00 secs] 
35.808: Total time for which application threads were stopped: 0.0021020 seconds, Stopping threads took: 0.0001700 seconds
35.814: Application time: 0.0066190 seconds
35.814: [GC35.814: [ParNew: 17119K->17119K(18432K), 0.0000110 secs]35.814: [Tenured: 27345K->25209K(40960K), 0.0072970 secs] 44464K->25209K(59392K), [Perm : 6076K->6076K(21248K)], 0.0073650 secs] [Times: user=0.01 sys=0.00, real=0.00 secs] 
35.822: Total time for which application threads were stopped: 0.0075370 seconds, Stopping threads took: 0.0001020 seconds
35.829: Application time: 0.0068900 seconds
35.830: [GC35.830: [ParNew: 15681K->1429K(18432K), 0.0017850 secs] 40890K->30913K(59392K), 0.0018260 secs] [Times: user=0.02 sys=0.00, real=0.00 secs] 
35.832: Total time for which application threads were stopped: 0.0032500 seconds, Stopping threads took: 0.0013530 seconds
35.838: Application time: 0.0064280 seconds
35.839: [GC35.839: [ParNew: 17110K->17110K(18432K), 0.0000100 secs]35.839: [Tenured: 29484K->25209K(40960K), 0.0077920 secs] 46594K->25209K(59392K), [Perm : 6076K->6076K(21248K)], 0.0078500 secs] [Times: user=0.01 sys=0.00, real=0.01 secs] 
35.846: Total time for which application threads were stopped: 0.0081340 seconds, Stopping threads took: 0.0002150 seconds
35.852: Application time: 0.0060350 seconds
35.853: [GC35.853: [ParNew: 15687K->1431K(18432K), 0.0020830 secs] 40896K->31627K(59392K), 0.0021240 secs] [Times: user=0.02 sys=0.00, real=0.01 secs] 
35.855: Total time for which application threads were stopped: 0.0023400 seconds, Stopping threads took: 0.0001490 seconds
35.861: Application time: 0.0064610 seconds
35.861: [GC35.862: [ParNew: 17114K->17114K(18432K), 0.0000100 secs]35.862: [Tenured: 30196K->25920K(40960K), 0.0098330 secs] 47311K->25920K(59392K), [Perm : 6076K->6076K(21248K)], 0.0098920 secs] [Times: user=0.01 sys=0.00, real=0.01 secs] 
35.871: Total time for which application threads were stopped: 0.0100960 seconds, Stopping threads took: 0.0001370 seconds
35.879: Application time: 0.0075150 seconds
35.879: [GC35.879: [ParNew: 15698K->15698K(18432K), 0.0000100 secs]35.879: [Tenured: 25920K->24495K(40960K), 0.0102030 secs] 41618K->24495K(59392K), [Perm : 6076K->6076K(21248K)], 0.0102620 secs] [Times: user=0.01 sys=0.00, real=0.01 secs] 
35.889: Total time for which application threads were stopped: 0.0105610 seconds, Stopping threads took: 0.0002280 seconds
35.895: Application time: 0.0050860 seconds
35.895: [GC35.895: [ParNew: 15683K->1427K(18432K), 0.0018680 secs] 40179K->30197K(59392K), 0.0019080 secs] [Times: user=0.02 sys=0.00, real=0.00 secs] 
35.897: Total time for which application threads were stopped: 0.0021590 seconds, Stopping threads took: 0.0001880 seconds
35.901: Application time: 0.0045510 seconds
35.902: [GC35.902: [ParNew: 17117K->17117K(18432K), 0.0000110 secs]35.902: [Tenured: 28770K->23782K(40960K), 0.0104980 secs] 45887K->23782K(59392K), [Perm : 6076K->6076K(21248K)], 0.0105560 secs] [Times: user=0.01 sys=0.00, real=0.01 secs] 
35.912: Total time for which application threads were stopped: 0.0108740 seconds, Stopping threads took: 0.0002280 seconds
35.918: Application time: 0.0054550 seconds
35.918: [GC35.918: [ParNew: 16149K->1466K(18432K), 0.0023320 secs] 39932K->30949K(59392K), 0.0023740 secs] [Times: user=0.01 sys=0.00, real=0.00 secs] 
35.920: Total time for which application threads were stopped: 0.0026050 seconds, Stopping threads took: 0.0001640 seconds
35.927: Application time: 0.0068790 seconds
35.927: [GC35.927: [ParNew: 17423K->17423K(18432K), 0.0000110 secs]35.927: [Tenured: 29483K->21683K(40960K), 0.0094680 secs] 46907K->21683K(59392K), [Perm : 6077K->6077K(21248K)], 0.0095270 secs] [Times: user=0.01 sys=0.00, real=0.01 secs] 
35.937: Total time for which application threads were stopped: 0.0098010 seconds, Stopping threads took: 0.0001850 seconds
35.942: Application time: 0.0050130 seconds
35.942: [GC35.942: [ParNew: 15711K->1433K(18432K), 0.0024190 secs] 37394K->29530K(59392K), 0.0024630 secs] [Times: user=0.01 sys=0.00, real=0.00 secs] 
35.945: Total time for which application threads were stopped: 0.0027000 seconds, Stopping threads took: 0.0001700 seconds
35.950: Application time: 0.0051450 seconds
35.950: [GC35.950: [ParNew: 17118K->17118K(18432K), 0.0000100 secs]35.950: [Tenured: 28096K->24525K(40960K), 0.0074810 secs] 45215K->24525K(59392K), [Perm : 6077K->6077K(21248K)], 0.0075500 secs] [Times: user=0.00 sys=0.00, real=0.01 secs] 
35.958: Total time for which application threads were stopped: 0.0077240 seconds, Stopping threads took: 0.0001040 seconds
35.963: Application time: 0.0050120 seconds
35.963: [GC35.963: [ParNew: 15698K->1437K(18432K), 0.0022310 secs] 40223K->31663K(59392K), 0.0022720 secs] [Times: user=0.02 sys=0.00, real=0.00 secs] 
35.965: Total time for which application threads were stopped: 0.0025300 seconds, Stopping threads took: 0.0001920 seconds
35.971: Application time: 0.0055600 seconds
35.971: [GC35.971: [ParNew: 17123K->17123K(18432K), 0.0000100 secs]35.971: [Tenured: 30226K->25208K(40960K), 0.0106510 secs] 47349K->25208K(59392K), [Perm : 6077K->6077K(21248K)], 0.0107120 secs] [Times: user=0.02 sys=0.00, real=0.01 secs] 
35.982: Total time for which application threads were stopped: 0.0110140 seconds, Stopping threads took: 0.0002130 seconds
35.986: Application time: 0.0045640 seconds
35.987: [GC35.987: [ParNew: 15685K->1425K(18432K), 0.0025530 secs] 40894K->33047K(59392K), 0.0025960 secs] [Times: user=0.02 sys=0.00, real=0.00 secs] 
35.989: Total time for which application threads were stopped: 0.0029430 seconds, Stopping threads took: 0.0002590 seconds
35.994: Application time: 0.0045470 seconds
35.994: [GC35.994: [ParNew: 17113K->17113K(18432K), 0.0000110 secs]35.994: [Tenured: 31622K->25208K(40960K), 0.0082620 secs] 48735K->25208K(59392K), [Perm : 6077K->6077K(21248K)], 0.0083220 secs] [Times: user=0.01 sys=0.00, real=0.02 secs] 
36.002: Total time for which application threads were stopped: 0.0085030 seconds, Stopping threads took: 0.0001110 seconds
36.007: Application time: 0.0048120 seconds
36.007: [GC36.007: [ParNew: 15687K->1427K(18432K), 0.0024880 secs] 40895K->33761K(59392K), 0.0025310 secs] [Times: user=0.02 sys=0.00, real=0.00 secs] 
36.010: Total time for which application threads were stopped: 0.0027690 seconds, Stopping threads took: 0.0001700 seconds
36.016: Application time: 0.0059490 seconds
36.016: [GC36.016: [ParNew: 17112K->17112K(18432K), 0.0000110 secs]36.016: [Tenured: 32334K->25208K(40960K), 0.0105140 secs] 49447K->25208K(59392K), [Perm : 6077K->6077K(21248K)], 0.0105730 secs] [Times: user=0.01 sys=0.00, real=0.01 secs] 
36.026: Total time for which application threads were stopped: 0.0107520 seconds, Stopping threads took: 0.0001070 seconds
36.031: Application time: 0.0049880 seconds
36.032: [GC36.032: [ParNew: 15697K->1437K(18432K), 0.0022000 secs] 40906K->32346K(59392K), 0.0022420 secs] [Times: user=0.01 sys=0.00, real=0.00 secs] 
36.034: Total time for which application threads were stopped: 0.0024070 seconds, Stopping threads took: 0.0000990 seconds
36.038: Application time: 0.0045390 seconds
36.039: [GC36.039: [ParNew: 17122K->17122K(18432K), 0.0000100 secs]36.039: [Tenured: 30909K->26635K(40960K), 0.0080130 secs] 48031K->26635K(59392K), [Perm : 6077K->6077K(21248K)], 0.0080700 secs] [Times: user=0.01 sys=0.00, real=0.01 secs] 
36.047: Total time for which application threads were stopped: 0.0082410 seconds, Stopping threads took: 0.0001040 seconds
36.052: Application time: 0.0052080 seconds
36.052: [GC36.052: [ParNew: 15686K->15686K(18432K), 0.0000110 secs]36.052: [Tenured: 26635K->22357K(40960K), 0.0099360 secs] 42321K->22357K(59392K), [Perm : 6077K->6077K(21248K)], 0.0099930 secs] [Times: user=0.01 sys=0.00, real=0.01 secs] 
36.062: Total time for which application threads were stopped: 0.0101680 seconds, Stopping threads took: 0.0000890 seconds
36.068: Application time: 0.0061410 seconds
36.068: [GC36.068: [ParNew: 15701K->1441K(18432K), 0.0022100 secs] 38058K->29499K(59392K), 0.0022490 secs] [Times: user=0.02 sys=0.00, real=0.00 secs] 
36.071: Total time for which application threads were stopped: 0.0024740 seconds, Stopping threads took: 0.0001420 seconds
36.076: Application time: 0.0054910 seconds
36.076: [GC36.076: [ParNew: 17125K->17125K(18432K), 0.0000120 secs]36.076: [Tenured: 28057K->24495K(40960K), 0.0106500 secs] 45183K->24495K(59392K), [Perm : 6077K->6077K(21248K)], 0.0107190 secs] [Times: user=0.01 sys=0.00, real=0.01 secs] 
36.087: Total time for which application threads were stopped: 0.0109360 seconds, Stopping threads took: 0.0001470 seconds
36.096: Application time: 0.0084410 seconds
36.096: [GC36.096: [ParNew: 15679K->1425K(18432K), 0.0009660 secs] 40175K->28058K(59392K), 0.0009970 secs] [Times: user=0.00 sys=0.00, real=0.00 secs] 
36.097: Total time for which application threads were stopped: 0.0011570 seconds, Stopping threads took: 0.0001040 seconds
36.108: Application time: 0.0110240 seconds
36.108: [GC36.108: [ParNew: 17121K->1441K(18432K), 0.0016350 secs] 43754K->30924K(59392K), 0.0016730 secs] [Times: user=0.01 sys=0.00, real=0.00 secs] 
36.110: Total time for which application threads were stopped: 0.0018200 seconds, Stopping threads took: 0.0000830 seconds
36.124: Application time: 0.0139970 seconds
36.124: [GC36.124: [ParNew: 17120K->17120K(18432K), 0.0000100 secs]36.124: [Tenured: 29483K->23782K(40960K), 0.0094260 secs] 46603K->23782K(59392K), [Perm : 6077K->6077K(21248K)], 0.0094870 secs] [Times: user=0.01 sys=0.00, real=0.00 secs] 
36.133: Total time for which application threads were stopped: 0.0096890 seconds, Stopping threads took: 0.0001320 seconds
36.147: Application time: 0.0132560 seconds
36.147: [GC36.147: [ParNew: 15690K->1435K(18432K), 0.0012140 secs] 39473K->27355K(59392K), 0.0012420 secs] [Times: user=0.01 sys=0.00, real=0.00 secs] 
36.148: Total time for which application threads were stopped: 0.0013730 seconds, Stopping threads took: 0.0000740 seconds
36.160: Application time: 0.0125480 seconds
36.161: [GC36.161: [ParNew: 17117K->1427K(18432K), 0.0014200 secs] 43037K->30238K(59392K), 0.0014530 secs] [Times: user=0.01 sys=0.00, real=0.00 secs] 
36.162: Total time for which application threads were stopped: 0.0015860 seconds, Stopping threads took: 0.0000710 seconds
36.172: Application time: 0.0101610 seconds
36.172: [GC36.172: [ParNew: 17109K->1427K(18432K), 0.0018820 secs] 45920K->35225K(59392K), 0.0019180 secs] [Times: user=0.01 sys=0.00, real=0.01 secs] 
36.174: Total time for which application threads were stopped: 0.0020700 seconds, Stopping threads took: 0.0000880 seconds
36.213: Application time: 0.0386110 seconds
36.213: [GC36.213: [ParNew: 17121K->17121K(18432K), 0.0000110 secs]36.213: [Tenured: 33798K->23782K(40960K), 0.0103480 secs] 50919K->23782K(59392K), [Perm : 6077K->6077K(21248K)], 0.0104070 secs] [Times: user=0.01 sys=0.00, real=0.02 secs] 
36.223: Total time for which application threads were stopped: 0.0105440 seconds, Stopping threads took: 0.0000670 seconds
36.279: Application time: 0.0554790 seconds
36.279: [GC36.279: [ParNew: 15691K->1425K(18432K), 0.0046010 secs] 39474K->39457K(59392K), 0.0046410 secs] [Times: user=0.04 sys=0.00, real=0.01 secs] 
36.284: Total time for which application threads were stopped: 0.0047870 seconds, Stopping threads took: 0.0000720 seconds
36.365: Application time: 0.0810470 seconds
36.365: [GC36.365: [ParNew: 17116K->17116K(18432K), 0.0000100 secs]36.365: [Tenured: 38032K->24495K(40960K), 0.0096900 secs] 55149K->24495K(59392K), [Perm : 6077K->6077K(21248K)], 0.0097450 secs] [Times: user=0.01 sys=0.00, real=0.01 secs] 
36.375: Total time for which application threads were stopped: 0.0098760 seconds, Stopping threads took: 0.0000640 seconds
36.451: Application time: 0.0768520 seconds
36.452: [GC36.452: [ParNew: 15691K->1425K(18432K), 0.0045720 secs] 40186K->40170K(59392K), 0.0046200 secs] [Times: user=0.04 sys=0.00, real=0.01 secs] 
36.456: Total time for which application threads were stopped: 0.0048200 seconds, Stopping threads took: 0.0001150 seconds
36.515: Application time: 0.0585830 seconds
36.515: [GC36.515: [ParNew: 17116K->17116K(18432K), 0.0000090 secs]36.515: [Tenured: 38745K->24494K(40960K), 0.0092040 secs] 55861K->24494K(59392K), [Perm : 6077K->6077K(21248K)], 0.0092600 secs] [Times: user=0.01 sys=0.00, real=0.01 secs] 
36.524: Total time for which application threads were stopped: 0.0094090 seconds, Stopping threads took: 0.0000700 seconds
36.594: Application time: 0.0697390 seconds
36.594: [GC36.594: [ParNew: 15700K->1433K(18432K), 0.0043950 secs] 40195K->39465K(59392K), 0.0044370 secs] [Times: user=0.03 sys=0.00, real=0.00 secs] 
36.599: Total time for which application threads were stopped: 0.0045890 seconds, Stopping threads took: 0.0000860 seconds
36.669: Application time: 0.0699250 seconds
36.669: [GC36.669: [ParNew: 17124K->17124K(18432K), 0.0000100 secs]36.669: [Tenured: 38032K->24495K(40960K), 0.0093910 secs] 55157K->24495K(59392K), [Perm : 6077K->6077K(21248K)], 0.0094480 secs] [Times: user=0.01 sys=0.00, real=0.01 secs] 
36.678: Total time for which application threads were stopped: 0.0096200 seconds, Stopping threads took: 0.0001060 seconds
36.746: Application time: 0.0673630 seconds
36.746: [GC36.746: [ParNew: 15700K->1433K(18432K), 0.0046270 secs] 40195K->40179K(59392K), 0.0046700 secs] [Times: user=0.03 sys=0.00, real=0.00 secs] 
36.750: Total time for which application threads were stopped: 0.0048300 seconds, Stopping threads took: 0.0000960 seconds
36.823: Application time: 0.0725450 seconds
36.823: [GC36.823: [ParNew: 17131K->17131K(18432K), 0.0000100 secs]36.823: [Tenured: 38746K->26635K(40960K), 0.0094660 secs] 55877K->26635K(59392K), [Perm : 6077K->6077K(21248K)], 0.0095220 secs] [Times: user=0.01 sys=0.00, real=0.00 secs] 
36.833: Total time for which application threads were stopped: 0.0096950 seconds, Stopping threads took: 0.0000950 seconds
36.904: Application time: 0.0710150 seconds
36.904: [GC36.904: [ParNew: 15698K->15698K(18432K), 0.0000100 secs]36.904: [Tenured: 26635K->25920K(40960K), 0.0103780 secs] 42333K->25920K(59392K), [Perm : 6077K->6077K(21248K)], 0.0104350 secs] [Times: user=0.01 sys=0.00, real=0.01 secs] 
36.914: Total time for which application threads were stopped: 0.0106310 seconds, Stopping threads took: 0.0001310 seconds
36.989: Application time: 0.0743040 seconds
36.989: [GC36.989: [ParNew: 15691K->15691K(18432K), 0.0000110 secs]36.989: [Tenured: 25920K->25207K(40960K), 0.0097420 secs] 41611K->25207K(59392K), [Perm : 6077K->6077K(21248K)], 0.0098040 secs] [Times: user=0.00 sys=0.00, real=0.01 secs] 
36.999: Total time for which application threads were stopped: 0.0099490 seconds, Stopping threads took: 0.0000750 seconds
37.073: Application time: 0.0742360 seconds
37.073: [GC37.073: [ParNew: 15691K->1427K(18432K), 0.0043790 secs] 40899K->40172K(59392K), 0.0044220 secs] [Times: user=0.03 sys=0.00, real=0.01 secs] 
37.077: Total time for which application threads were stopped: 0.0045510 seconds, Stopping threads took: 0.0000660 seconds
37.149: Application time: 0.0722000 seconds
37.150: [GC37.150: [ParNew: 17127K->17127K(18432K), 0.0000100 secs]37.150: [Tenured: 38745K->26633K(40960K), 0.0098410 secs] 55872K->26633K(59392K), [Perm : 6077K->6077K(21248K)], 0.0099000 secs] [Times: user=0.01 sys=0.00, real=0.01 secs] 
37.160: Total time for which application threads were stopped: 0.0100310 seconds, Stopping threads took: 0.0000610 seconds
37.212: Application time: 0.0528650 seconds
37.212: [GC37.213: [ParNew: 15717K->15717K(18432K), 0.0000110 secs]37.213: [Tenured: 26633K->28060K(40960K), 0.0102380 secs] 42350K->28060K(59392K), [Perm : 6077K->6077K(21248K)], 0.0102960 secs] [Times: user=0.01 sys=0.00, real=0.02 secs] 
37.223: Total time for which application threads were stopped: 0.0104260 seconds, Stopping threads took: 0.0000620 seconds
37.297: Application time: 0.0740670 seconds
37.297: [GC37.297: [ParNew: 15691K->15691K(18432K), 0.0000100 secs]37.297: [Tenured: 28060K->30195K(40960K), 0.0114600 secs] 43752K->30195K(59392K), [Perm : 6077K->6077K(21248K)], 0.0115170 secs] [Times: user=0.01 sys=0.00, real=0.01 secs] 
37.309: Total time for which application threads were stopped: 0.0116830 seconds, Stopping threads took: 0.0000970 seconds
37.377: Application time: 0.0681330 seconds
37.377: [GC37.377: [ParNew: 15691K->15691K(18432K), 0.0000110 secs]37.377: [Tenured: 30195K->29482K(40960K), 0.0099530 secs] 45886K->29482K(59392K), [Perm : 6077K->6077K(21248K)], 0.0100230 secs] [Times: user=0.01 sys=0.00, real=0.01 secs] 
37.387: Total time for which application threads were stopped: 0.0101640 seconds, Stopping threads took: 0.0000610 seconds
37.448: Application time: 0.0609690 seconds
37.448: [GC37.448: [ParNew: 15691K->15691K(18432K), 0.0000110 secs]37.448: [Tenured: 29482K->30195K(40960K), 0.0108440 secs] 45174K->30195K(59392K), [Perm : 6077K->6077K(21248K)], 0.0109060 secs] [Times: user=0.01 sys=0.00, real=0.01 secs] 
37.459: Total time for which application threads were stopped: 0.0110720 seconds, Stopping threads took: 0.0000960 seconds
37.533: Application time: 0.0739200 seconds
37.533: [GC37.533: [ParNew: 15691K->15691K(18432K), 0.0000110 secs]37.533: [Tenured: 30195K->30195K(40960K), 0.0101640 secs] 45886K->30195K(59392K), [Perm : 6077K->6077K(21248K)], 0.0102230 secs] [Times: user=0.01 sys=0.00, real=0.02 secs] 
37.543: Total time for which application threads were stopped: 0.0103600 seconds, Stopping threads took: 0.0000680 seconds
37.608: Application time: 0.0651720 seconds
37.608: [GC37.608: [ParNew: 15699K->15699K(18432K), 0.0000100 secs]37.609: [Tenured: 30195K->28770K(40960K), 0.0111790 secs] 45895K->28770K(59392K), [Perm : 6077K->6077K(21248K)], 0.0112360 secs] [Times: user=0.01 sys=0.00, real=0.01 secs] 
37.620: Total time for which application threads were stopped: 0.0113680 seconds, Stopping threads took: 0.0000630 seconds
37.679: Application time: 0.0593920 seconds
37.679: [GC37.679: [ParNew: 15691K->15691K(18432K), 0.0000100 secs]37.679: [Tenured: 28770K->29482K(40960K), 0.0094240 secs] 44461K->29482K(59392K), [Perm : 6077K->6077K(21248K)], 0.0094830 secs] [Times: user=0.00 sys=0.00, real=0.01 secs] 
37.689: Total time for which application threads were stopped: 0.0096230 seconds, Stopping threads took: 0.0000720 seconds
37.762: Application time: 0.0737260 seconds
37.763: [GC37.763: [ParNew: 15691K->15691K(18432K), 0.0000110 secs]37.763: [Tenured: 29482K->29482K(40960K), 0.0100040 secs] 45174K->29482K(59392K), [Perm : 6077K->6077K(21248K)], 0.0100660 secs] [Times: user=0.01 sys=0.00, real=0.00 secs] 
37.773: Total time for which application threads were stopped: 0.0102130 seconds, Stopping threads took: 0.0000760 seconds
37.834: Application time: 0.0615660 seconds
37.834: [GC37.834: [ParNew: 15706K->15706K(18432K), 0.0000110 secs]37.834: [Tenured: 29482K->27345K(40960K), 0.0106820 secs] 45188K->27345K(59392K), [Perm : 6077K->6077K(21248K)], 0.0107430 secs] [Times: user=0.01 sys=0.00, real=0.01 secs] 
37.845: Total time for which application threads were stopped: 0.0109260 seconds, Stopping threads took: 0.0001120 seconds
37.904: Application time: 0.0586640 seconds
37.904: [GC37.904: [ParNew: 15689K->15689K(18432K), 0.0000100 secs]37.904: [Tenured: 27345K->27345K(40960K), 0.0110270 secs] 43035K->27345K(59392K), [Perm : 6077K->6077K(21248K)], 0.0110850 secs] [Times: user=0.01 sys=0.00, real=0.01 secs] 
37.915: Total time for which application threads were stopped: 0.0112380 seconds, Stopping threads took: 0.0000750 seconds
37.977: Application time: 0.0615050 seconds
37.977: [GC37.977: [ParNew: 15697K->15697K(18432K), 0.0000090 secs]37.977: [Tenured: 27345K->27346K(40960K), 0.0092520 secs] 43043K->27346K(59392K), [Perm : 6077K->6077K(21248K)], 0.0093260 secs] [Times: user=0.01 sys=0.00, real=0.01 secs] 
37.986: Total time for which application threads were stopped: 0.0094570 seconds, Stopping threads took: 0.0000600 seconds
38.034: Application time: 0.0481370 seconds
38.034: [GC38.034: [ParNew: 15689K->15689K(18432K), 0.0000110 secs]38.034: [Tenured: 27346K->28058K(40960K), 0.0100660 secs] 43036K->28058K(59392K), [Perm : 6077K->6077K(21248K)], 0.0101280 secs] [Times: user=0.01 sys=0.00, real=0.01 secs] 
38.044: Total time for which application threads were stopped: 0.0102710 seconds, Stopping threads took: 0.0000740 seconds
38.113: Application time: 0.0689660 seconds
38.114: [GC38.114: [ParNew: 15691K->15691K(18432K), 0.0000110 secs]38.114: [Tenured: 28058K->26633K(40960K), 0.0101480 secs] 43750K->26633K(59392K), [Perm : 6077K->6077K(21248K)], 0.0102100 secs] [Times: user=0.01 sys=0.00, real=0.02 secs] 
38.124: Total time for which application threads were stopped: 0.0107100 seconds, Stopping threads took: 0.0004310 seconds
38.171: Application time: 0.0466780 seconds
38.171: [GC38.171: [ParNew: 15698K->15698K(18432K), 0.0000110 secs]38.171: [Tenured: 26633K->25920K(40960K), 0.0109640 secs] 42332K->25920K(59392K), [Perm : 6077K->6077K(21248K)], 0.0110250 secs] [Times: user=0.01 sys=0.00, real=0.01 secs] 
38.182: Total time for which application threads were stopped: 0.0112040 seconds, Stopping threads took: 0.0000890 seconds
38.242: Application time: 0.0598930 seconds
38.242: [GC38.242: [ParNew: 15704K->15704K(18432K), 0.0000100 secs]38.242: [Tenured: 25920K->22357K(40960K), 0.0107300 secs] 41624K->22357K(59392K), [Perm : 6077K->6077K(21248K)], 0.0107900 secs] [Times: user=0.01 sys=0.00, real=0.00 secs] 
38.253: Total time for which application threads were stopped: 0.0111300 seconds, Stopping threads took: 0.0002510 seconds
38.298: Application time: 0.0450530 seconds
38.298: [GC38.298: [ParNew: 15696K->1433K(18432K), 0.0037260 secs] 38054K->34478K(59392K), 0.0037670 secs] [Times: user=0.03 sys=0.00, real=0.01 secs] 
38.302: Total time for which application threads were stopped: 0.0039620 seconds, Stopping threads took: 0.0001180 seconds
38.360: Application time: 0.0576600 seconds
38.360: [GC38.360: [ParNew: 17121K->17121K(18432K), 0.0000090 secs]38.360: [Tenured: 33045K->25921K(40960K), 0.0097320 secs] 50166K->25921K(59392K), [Perm : 6077K->6077K(21248K)], 0.0097920 secs] [Times: user=0.01 sys=0.00, real=0.01 secs] 
38.370: Total time for which application threads were stopped: 0.0099860 seconds, Stopping threads took: 0.0001130 seconds
38.416: Application time: 0.0467410 seconds
38.417: [GC38.417: [ParNew: 15688K->15688K(18432K), 0.0000100 secs]38.417: [Tenured: 25921K->25921K(40960K), 0.0102030 secs] 41609K->25921K(59392K), [Perm : 6077K->6077K(21248K)], 0.0102620 secs] [Times: user=0.01 sys=0.00, real=0.01 secs] 
38.427: Total time for which application threads were stopped: 0.0105670 seconds, Stopping threads took: 0.0002060 seconds
38.473: Application time: 0.0463400 seconds
38.474: [GC38.474: [ParNew: 15688K->15688K(18432K), 0.0000110 secs]38.474: [Tenured: 25921K->24496K(40960K), 0.0111080 secs] 41609K->24496K(59392K), [Perm : 6077K->6077K(21248K)], 0.0111690 secs] [Times: user=0.01 sys=0.00, real=0.02 secs] 
38.485: Total time for which application threads were stopped: 0.0113390 seconds, Stopping threads took: 0.0000900 seconds
38.540: Application time: 0.0557360 seconds
38.541: [GC38.541: [ParNew: 15688K->1425K(18432K), 0.0037570 secs] 40184K->36609K(59392K), 0.0037970 secs] [Times: user=0.03 sys=0.00, real=0.01 secs] 
38.544: Total time for which application threads were stopped: 0.0039300 seconds, Stopping threads took: 0.0000670 seconds
38.600: Application time: 0.0556450 seconds
38.600: [GC38.600: [ParNew: 17113K->17113K(18432K), 0.0000090 secs]38.600: [Tenured: 35184K->24496K(40960K), 0.0100590 secs] 52298K->24496K(59392K), [Perm : 6077K->6077K(21248K)], 0.0101170 secs] [Times: user=0.01 sys=0.00, real=0.01 secs] 
38.610: Total time for which application threads were stopped: 0.0103080 seconds, Stopping threads took: 0.0001100 seconds
38.648: Application time: 0.0373350 seconds
38.648: [GC38.648: [ParNew: 15697K->1435K(18432K), 0.0037380 secs] 40193K->36620K(59392K), 0.0037800 secs] [Times: user=0.03 sys=0.00, real=0.00 secs] 
38.652: Total time for which application threads were stopped: 0.0039450 seconds, Stopping threads took: 0.0000900 seconds
38.723: Application time: 0.0710370 seconds
38.723: [GC38.723: [ParNew: 17124K->17124K(18432K), 0.0000100 secs]38.723: [Tenured: 35185K->25210K(40960K), 0.0093850 secs] 52309K->25210K(59392K), [Perm : 6077K->6077K(21248K)], 0.0094440 secs] [Times: user=0.01 sys=0.00, real=0.00 secs] 
38.732: Total time for which application threads were stopped: 0.0095810 seconds, Stopping threads took: 0.0000680 seconds
38.774: Application time: 0.0412320 seconds
38.774: [GC38.774: [ParNew: 15688K->1425K(18432K), 0.0035360 secs] 40898K->37323K(59392K), 0.0035860 secs] [Times: user=0.03 sys=0.00, real=0.01 secs] 
38.777: Total time for which application threads were stopped: 0.0037170 seconds, Stopping threads took: 0.0000620 seconds
38.820: Application time: 0.0431320 seconds
38.821: [GC38.821: [ParNew: 17122K->17122K(18432K), 0.0000110 secs]38.821: [Tenured: 35898K->25211K(40960K), 0.0111290 secs] 53021K->25211K(59392K), [Perm : 6077K->6077K(21248K)], 0.0111890 secs] [Times: user=0.01 sys=0.00, real=0.01 secs] 
38.832: Total time for which application threads were stopped: 0.0113870 seconds, Stopping threads took: 0.0001280 seconds
38.896: Application time: 0.0643980 seconds
38.896: [GC38.896: [ParNew: 15697K->1433K(18432K), 0.0038000 secs] 40908K->37333K(59392K), 0.0038430 secs] [Times: user=0.03 sys=0.00, real=0.00 secs] 
38.900: Total time for which application threads were stopped: 0.0039810 seconds, Stopping threads took: 0.0000720 seconds
38.943: Application time: 0.0431630 seconds
38.943: [GC38.943: [ParNew: 17122K->17122K(18432K), 0.0000100 secs]38.943: [Tenured: 35899K->25922K(40960K), 0.0112940 secs] 53022K->25922K(59392K), [Perm : 6077K->6077K(21248K)], 0.0113530 secs] [Times: user=0.01 sys=0.00, real=0.01 secs] 
38.955: Total time for which application threads were stopped: 0.0115240 seconds, Stopping threads took: 0.0000900 seconds
38.997: Application time: 0.0417020 seconds
38.997: [GC38.997: [ParNew: 15697K->15697K(18432K), 0.0000100 secs]38.997: [Tenured: 25922K->26635K(40960K), 0.0103030 secs] 41619K->26635K(59392K), [Perm : 6077K->6077K(21248K)], 0.0103630 secs] [Times: user=0.01 sys=0.00, real=0.01 secs] 
39.007: Total time for which application threads were stopped: 0.0105830 seconds, Stopping threads took: 0.0001380 seconds
39.073: Application time: 0.0655360 seconds
39.073: [GC39.073: [ParNew: 15689K->15689K(18432K), 0.0000100 secs]39.073: [Tenured: 26635K->27348K(40960K), 0.0106380 secs] 42324K->27348K(59392K), [Perm : 6077K->6077K(21248K)], 0.0106960 secs] [Times: user=0.01 sys=0.00, real=0.02 secs] 
39.084: Total time for which application threads were stopped: 0.0109210 seconds, Stopping threads took: 0.0001550 seconds
39.125: Application time: 0.0416140 seconds
39.125: [GC39.125: [ParNew: 15688K->15688K(18432K), 0.0000110 secs]39.125: [Tenured: 27348K->27348K(40960K), 0.0101400 secs] 43037K->27348K(59392K), [Perm : 6077K->6077K(21248K)], 0.0102010 secs] [Times: user=0.01 sys=0.00, real=0.01 secs] 
39.136: Total time for which application threads were stopped: 0.0104300 seconds, Stopping threads took: 0.0001380 seconds
39.201: Application time: 0.0654440 seconds
39.201: [GC39.201: [ParNew: 15697K->15697K(18432K), 0.0000100 secs]39.201: [Tenured: 27348K->27347K(40960K), 0.0104060 secs] 43045K->27347K(59392K), [Perm : 6077K->6077K(21248K)], 0.0104630 secs] [Times: user=0.01 sys=0.00, real=0.01 secs] 
39.212: Total time for which application threads were stopped: 0.0106400 seconds, Stopping threads took: 0.0001100 seconds
39.254: Application time: 0.0425160 seconds
39.254: [GC39.254: [ParNew: 15697K->15697K(18432K), 0.0000100 secs]39.254: [Tenured: 27347K->27348K(40960K), 0.0097950 secs] 43044K->27348K(59392K), [Perm : 6077K->6077K(21248K)], 0.0098540 secs] [Times: user=0.01 sys=0.00, real=0.01 secs] 
39.264: Total time for which application threads were stopped: 0.0100480 seconds, Stopping threads took: 0.0001060 seconds
39.331: Application time: 0.0663750 seconds
39.331: [GC39.331: [ParNew: 15707K->15707K(18432K), 0.0000100 secs]39.331: [Tenured: 27348K->28062K(40960K), 0.0102220 secs] 43055K->28062K(59392K), [Perm : 6077K->6077K(21248K)], 0.0102810 secs] [Times: user=0.01 sys=0.00, real=0.01 secs] 
39.341: Total time for which application threads were stopped: 0.0105540 seconds, Stopping threads took: 0.0001850 seconds
39.381: Application time: 0.0398040 seconds
39.381: [GC39.381: [ParNew: 15689K->15689K(18432K), 0.0000100 secs]39.381: [Tenured: 28062K->30912K(40960K), 0.0105620 secs] 43751K->30912K(59392K), [Perm : 6077K->6077K(21248K)], 0.0106210 secs] [Times: user=0.01 sys=0.00, real=0.01 secs] 
39.392: Total time for which application threads were stopped: 0.0108110 seconds, Stopping threads took: 0.0001110 seconds
39.435: Application time: 0.0430450 seconds
39.435: [GC39.435: [ParNew: 15688K->15688K(18432K), 0.0000100 secs]39.435: [Tenured: 30912K->30197K(40960K), 0.0108160 secs] 46601K->30197K(59392K), [Perm : 6077K->6077K(21248K)], 0.0108770 secs] [Times: user=0.01 sys=0.00, real=0.01 secs] 
39.446: Total time for which application threads were stopped: 0.0110480 seconds, Stopping threads took: 0.0001010 seconds
39.512: Application time: 0.0664270 seconds
39.513: [GC39.513: [ParNew: 15688K->15688K(18432K), 0.0000100 secs]39.513: [Tenured: 30197K->30197K(40960K), 0.0103960 secs] 45885K->30197K(59392K), [Perm : 6077K->6077K(21248K)], 0.0104560 secs] [Times: user=0.01 sys=0.00, real=0.02 secs] 
39.523: Total time for which application threads were stopped: 0.0106830 seconds, Stopping threads took: 0.0001280 seconds
39.569: Application time: 0.0458750 seconds
39.569: [GC39.569: [ParNew: 15688K->15688K(18432K), 0.0000110 secs]39.569: [Tenured: 30197K->30197K(40960K), 0.0102470 secs] 45885K->30197K(59392K), [Perm : 6077K->6077K(21248K)], 0.0103080 secs] [Times: user=0.01 sys=0.00, real=0.01 secs] 
39.579: Total time for which application threads were stopped: 0.0104490 seconds, Stopping threads took: 0.0000710 seconds
39.616: Application time: 0.0366250 seconds
39.616: [GC39.616: [ParNew: 15688K->15688K(18432K), 0.0000100 secs]39.616: [Tenured: 30197K->30197K(40960K), 0.0095490 secs] 45885K->30197K(59392K), [Perm : 6077K->6077K(21248K)], 0.0096090 secs] [Times: user=0.01 sys=0.00, real=0.01 secs] 
39.626: Total time for which application threads were stopped: 0.0098010 seconds, Stopping threads took: 0.0001210 seconds
39.681: Application time: 0.0551630 seconds
39.681: [GC39.681: [ParNew: 15726K->15726K(18432K), 0.0000110 secs]39.681: [Tenured: 30197K->29484K(40960K), 0.0122920 secs] 45923K->29484K(59392K), [Perm : 6077K->6077K(21248K)], 0.0123520 secs] [Times: user=0.01 sys=0.00, real=0.01 secs] 
39.693: Total time for which application threads were stopped: 0.0125000 seconds, Stopping threads took: 0.0000750 seconds
39.708: Application time: 0.0149550 seconds
39.709: [GC39.709: [ParNew: 15679K->15679K(18432K), 0.0000100 secs]39.709: [Tenured: 29484K->29484K(40960K), 0.0101860 secs] 45163K->29484K(59392K), [Perm : 6077K->6077K(21248K)], 0.0102470 secs] [Times: user=0.01 sys=0.00, real=0.01 secs] 
39.719: Total time for which application threads were stopped: 0.0104200 seconds, Stopping threads took: 0.0001040 seconds
39.727: Application time: 0.0086210 seconds
39.728: [GC39.728: [ParNew: 15683K->15683K(18432K), 0.0000110 secs]39.728: [Tenured: 29484K->28771K(40960K), 0.0100510 secs] 45168K->28771K(59392K), [Perm : 6077K->6077K(21248K)], 0.0101110 secs] [Times: user=0.01 sys=0.00, real=0.01 secs] 
39.738: Total time for which application threads were stopped: 0.0102700 seconds, Stopping threads took: 0.0000860 seconds
39.753: Application time: 0.0154870 seconds
39.753: [GC39.753: [ParNew: 15687K->15687K(18432K), 0.0000100 secs]39.753: [Tenured: 28771K->29484K(40960K), 0.0091850 secs] 44459K->29484K(59392K), [Perm : 6077K->6077K(21248K)], 0.0092450 secs] [Times: user=0.01 sys=0.00, real=0.02 secs] 
39.763: Total time for which application threads were stopped: 0.0094130 seconds, Stopping threads took: 0.0000970 seconds
39.777: Application time: 0.0142490 seconds
39.777: [GC39.777: [ParNew: 15679K->15679K(18432K), 0.0000110 secs]39.777: [Tenured: 29484K->29484K(40960K), 0.0092220 secs] 45163K->29484K(59392K), [Perm : 6077K->6077K(21248K)], 0.0092830 secs] [Times: user=0.00 sys=0.00, real=0.01 secs] 
39.786: Total time for which application threads were stopped: 0.0094790 seconds, Stopping threads took: 0.0001260 seconds
39.801: Application time: 0.0150810 seconds
39.802: [GC39.802: [ParNew: 15688K->15688K(18432K), 0.0000120 secs]39.802: [Tenured: 29484K->29484K(40960K), 0.0093250 secs] 45172K->29484K(59392K), [Perm : 6077K->6077K(21248K)], 0.0093860 secs] [Times: user=0.01 sys=0.00, real=0.01 secs] 
39.811: Total time for which application threads were stopped: 0.0096520 seconds, Stopping threads took: 0.0001860 seconds
39.823: Application time: 0.0118940 seconds
39.823: [GC39.823: [ParNew: 15681K->15681K(18432K), 0.0000100 secs]39.823: [Tenured: 29484K->28771K(40960K), 0.0097930 secs] 45165K->28771K(59392K), [Perm : 6077K->6077K(21248K)], 0.0098540 secs] [Times: user=0.01 sys=0.00, real=0.00 secs] 
39.833: Total time for which application threads were stopped: 0.0100610 seconds, Stopping threads took: 0.0001350 seconds
39.844: Application time: 0.0110040 seconds
39.844: [GC39.844: [ParNew: 15692K->15692K(18432K), 0.0000110 secs]39.844: [Tenured: 28771K->29484K(40960K), 0.0100780 secs] 44464K->29484K(59392K), [Perm : 6077K->6077K(21248K)], 0.0101390 secs] [Times: user=0.01 sys=0.00, real=0.01 secs] 
39.854: Total time for which application threads were stopped: 0.0103040 seconds, Stopping threads took: 0.0000950 seconds
39.861: Application time: 0.0069420 seconds
39.861: [GC39.861: [ParNew: 15685K->15685K(18432K), 0.0000100 secs]39.861: [Tenured: 29484K->29484K(40960K), 0.0095990 secs] 45170K->29484K(59392K), [Perm : 6077K->6077K(21248K)], 0.0096570 secs] [Times: user=0.01 sys=0.00, real=0.01 secs] 
39.871: Total time for which application threads were stopped: 0.0098020 seconds, Stopping threads took: 0.0000740 seconds
39.886: Application time: 0.0148540 seconds
39.886: [GC39.886: [ParNew: 15679K->15679K(18432K), 0.0000100 secs]39.886: [Tenured: 29484K->30909K(40960K), 0.0068130 secs] 45163K->30909K(59392K), [Perm : 6077K->6077K(21248K)], 0.0068720 secs] [Times: user=0.01 sys=0.01, real=0.00 secs] 
39.893: Total time for which application threads were stopped: 0.0071750 seconds, Stopping threads took: 0.0002150 seconds
39.916: Application time: 0.0224800 seconds
39.916: [GC39.916: [ParNew: 15690K->15690K(18432K), 0.0000110 secs]39.916: [Tenured: 30909K->28771K(40960K), 0.0106130 secs] 46599K->28771K(59392K), [Perm : 6077K->6077K(21248K)], 0.0106750 secs] [Times: user=0.01 sys=0.00, real=0.01 secs] 
39.926: Total time for which application threads were stopped: 0.0108510 seconds, Stopping threads took: 0.0001070 seconds
39.972: Application time: 0.0453830 seconds
39.972: [GC39.972: [ParNew: 15723K->15723K(18432K), 0.0000100 secs]39.972: [Tenured: 28771K->27374K(40960K), 0.0091790 secs] 44494K->27374K(59392K), [Perm : 6077K->6077K(21248K)], 0.0092370 secs] [Times: user=0.01 sys=0.00, real=0.01 secs] 
39.981: Total time for which application threads were stopped: 0.0094380 seconds, Stopping threads took: 0.0001220 seconds
39.999: Application time: 0.0181350 seconds
40.000: [GC40.000: [ParNew: 15687K->15687K(18432K), 0.0000100 secs]40.000: [Tenured: 27374K->28058K(40960K), 0.0111840 secs] 43062K->28058K(59392K), [Perm : 6077K->6077K(21248K)], 0.0112460 secs] [Times: user=0.01 sys=0.00, real=0.01 secs] 
40.011: Total time for which application threads were stopped: 0.0114850 seconds, Stopping threads took: 0.0001460 seconds
40.026: Application time: 0.0153380 seconds
40.026: [GC40.026: [ParNew: 16154K->16154K(18432K), 0.0000110 secs]40.027: [Tenured: 28058K->26669K(40960K), 0.0101210 secs] 44213K->26669K(59392K), [Perm : 6077K->6077K(21248K)], 0.0101820 secs] [Times: user=0.01 sys=0.00, real=0.01 secs] 
40.037: Total time for which application threads were stopped: 0.0104140 seconds, Stopping threads took: 0.0001310 seconds
40.050: Application time: 0.0133640 seconds
40.050: [GC40.050: [ParNew: 15966K->15966K(18432K), 0.0000110 secs]40.050: [Tenured: 26669K->30226K(40960K), 0.0085370 secs] 42636K->30226K(59392K), [Perm : 6077K->6077K(21248K)], 0.0086000 secs] [Times: user=0.01 sys=0.00, real=0.01 secs] 
40.059: Total time for which application threads were stopped: 0.0088040 seconds, Stopping threads took: 0.0001340 seconds
40.065: Application time: 0.0063650 seconds
40.065: [GC40.065: [ParNew: 15683K->15683K(18432K), 0.0000100 secs]40.065: [Tenured: 30226K->30225K(40960K), 0.0096040 secs] 45909K->30225K(59392K), [Perm : 6077K->6077K(21248K)], 0.0096640 secs] [Times: user=0.01 sys=0.00, real=0.01 secs] 
40.075: Total time for which application threads were stopped: 0.0098740 seconds, Stopping threads took: 0.0001310 seconds
40.082: Application time: 0.0067950 seconds
40.082: [GC40.082: [ParNew: 15685K->15685K(18432K), 0.0000120 secs]40.082: [Tenured: 30225K->28058K(40960K), 0.0125530 secs] 45911K->28058K(59392K), [Perm : 6077K->6077K(21248K)], 0.0126160 secs] [Times: user=0.01 sys=0.00, real=0.01 secs] 
40.095: Total time for which application threads were stopped: 0.0128060 seconds, Stopping threads took: 0.0001160 seconds
40.104: Application time: 0.0089510 seconds
40.104: [GC40.104: [ParNew: 15689K->15689K(18432K), 0.0000110 secs]40.104: [Tenured: 28058K->28059K(40960K), 0.0082560 secs] 43748K->28059K(59392K), [Perm : 6077K->6077K(21248K)], 0.0083140 secs] [Times: user=0.01 sys=0.00, real=0.00 secs] 
40.112: Total time for which application threads were stopped: 0.0085770 seconds, Stopping threads took: 0.0001950 seconds
40.120: Application time: 0.0077100 seconds
40.120: [GC40.120: [ParNew: 15686K->15686K(18432K), 0.0000100 secs]40.120: [Tenured: 28059K->30198K(40960K), 0.0076740 secs] 43745K->30198K(59392K), [Perm : 6077K->6077K(21248K)], 0.0077330 secs] [Times: user=0.01 sys=0.00, real=0.01 secs] 
40.128: Total time for which application threads were stopped: 0.0079560 seconds, Stopping threads took: 0.0001510 seconds
40.137: Application time: 0.0088510 seconds
40.137: [GC40.137: [ParNew: 15680K->15680K(18432K), 0.0000110 secs]40.137: [Tenured: 30198K->30196K(40960K), 0.0094270 secs] 45878K->30196K(59392K), [Perm : 6077K->6077K(21248K)], 0.0094890 secs] [Times: user=0.01 sys=0.00, real=0.01 secs] 
40.147: Total time for which application threads were stopped: 0.0098390 seconds, Stopping threads took: 0.0002650 seconds
40.153: Application time: 0.0065760 seconds
40.153: [GC40.153: [ParNew: 15684K->15684K(18432K), 0.0000110 secs]40.153: [Tenured: 30196K->28059K(40960K), 0.0112630 secs] 45881K->28059K(59392K), [Perm : 6077K->6077K(21248K)], 0.0113260 secs] [Times: user=0.01 sys=0.00, real=0.02 secs] 
40.165: Total time for which application threads were stopped: 0.0116060 seconds, Stopping threads took: 0.0001870 seconds
40.172: Application time: 0.0069040 seconds
40.172: [GC40.172: [ParNew: 15683K->15683K(18432K), 0.0000100 secs]40.172: [Tenured: 28059K->28771K(40960K), 0.0080050 secs] 43742K->28771K(59392K), [Perm : 6077K->6077K(21248K)], 0.0080660 secs] [Times: user=0.01 sys=0.00, real=0.01 secs] 
40.180: Total time for which application threads were stopped: 0.0083140 seconds, Stopping threads took: 0.0001760 seconds
40.190: Application time: 0.0096780 seconds
40.190: [GC40.190: [ParNew: 15698K->15698K(18432K), 0.0000100 secs]40.190: [Tenured: 28771K->28773K(40960K), 0.0066280 secs] 44470K->28773K(59392K), [Perm : 6077K->6077K(21248K)], 0.0066910 secs] [Times: user=0.01 sys=0.00, real=0.01 secs] 
40.197: Total time for which application threads were stopped: 0.0068730 seconds, Stopping threads took: 0.0001010 seconds
40.204: Application time: 0.0078690 seconds
40.205: [GC40.205: [ParNew: 15681K->15681K(18432K), 0.0000100 secs]40.205: [Tenured: 28773K->30198K(40960K), 0.0067770 secs] 44454K->30198K(59392K), [Perm : 6077K->6077K(21248K)], 0.0068330 secs] [Times: user=0.00 sys=0.00, real=0.00 secs] 
40.211: Total time for which application threads were stopped: 0.0069900 seconds, Stopping threads took: 0.0000910 seconds
40.218: Application time: 0.0064580 seconds
40.218: [GC40.218: [ParNew: 15681K->15681K(18432K), 0.0000100 secs]40.218: [Tenured: 30198K->28059K(40960K), 0.0090920 secs] 45879K->28059K(59392K), [Perm : 6077K->6077K(21248K)], 0.0091530 secs] [Times: user=0.00 sys=0.00, real=0.01 secs] 
40.227: Total time for which application threads were stopped: 0.0093220 seconds, Stopping threads took: 0.0000890 seconds
40.232: Application time: 0.0047350 seconds
40.232: [GC40.232: [ParNew: 16118K->16118K(18432K), 0.0000100 secs]40.232: [Tenured: 28059K->25957K(40960K), 0.0103810 secs] 44177K->25957K(59392K), [Perm : 6078K->6078K(21248K)], 0.0104400 secs] [Times: user=0.01 sys=0.00, real=0.02 secs] 
40.243: Total time for which application threads were stopped: 0.0106360 seconds, Stopping threads took: 0.0001150 seconds
40.250: Application time: 0.0071630 seconds
40.250: [GC40.250: [ParNew: 15916K->15916K(18432K), 0.0000100 secs]40.250: [Tenured: 25957K->24532K(40960K), 0.0094690 secs] 41874K->24532K(59392K), [Perm : 6078K->6078K(21248K)], 0.0095290 secs] [Times: user=0.01 sys=0.00, real=0.01 secs] 
40.260: Total time for which application threads were stopped: 0.0100070 seconds, Stopping threads took: 0.0003880 seconds
40.267: Application time: 0.0071660 seconds
40.267: [GC40.267: [ParNew: 15791K->1439K(18432K), 0.0028570 secs] 40324K->33097K(59392K), 0.0029020 secs] [Times: user=0.02 sys=0.00, real=0.00 secs] 
40.270: Total time for which application threads were stopped: 0.0031420 seconds, Stopping threads took: 0.0001730 seconds
40.278: Application time: 0.0083560 seconds
40.279: [GC40.279: [ParNew: 17120K->17120K(18432K), 0.0000110 secs]40.279: [Tenured: 31657K->28800K(40960K), 0.0109540 secs] 48778K->28800K(59392K), [Perm : 6078K->6078K(21248K)], 0.0110170 secs] [Times: user=0.01 sys=0.00, real=0.01 secs] 
40.290: Total time for which application threads were stopped: 0.0112980 seconds, Stopping threads took: 0.0002070 seconds
40.298: Application time: 0.0080120 seconds
40.298: [GC40.298: [ParNew: 15682K->15682K(18432K), 0.0000110 secs]40.298: [Tenured: 28800K->27346K(40960K), 0.0115600 secs] 44483K->27346K(59392K), [Perm : 6078K->6078K(21248K)], 0.0116220 secs] [Times: user=0.01 sys=0.00, real=0.01 secs] 
40.310: Total time for which application threads were stopped: 0.0118380 seconds, Stopping threads took: 0.0001430 seconds
40.317: Application time: 0.0070420 seconds
40.317: [GC40.317: [ParNew: 15682K->15682K(18432K), 0.0000100 secs]40.317: [Tenured: 27346K->27346K(40960K), 0.0110160 secs] 43028K->27346K(59392K), [Perm : 6078K->6078K(21248K)], 0.0110800 secs] [Times: user=0.01 sys=0.00, real=0.01 secs] 
40.328: Total time for which application threads were stopped: 0.0113830 seconds, Stopping threads took: 0.0002310 seconds
40.338: Application time: 0.0102140 seconds
40.338: [GC40.339: [ParNew: 15694K->15694K(18432K), 0.0000120 secs]40.339: [Tenured: 27346K->28060K(40960K), 0.0082200 secs] 43040K->28060K(59392K), [Perm : 6078K->6078K(21248K)], 0.0082780 secs] [Times: user=0.01 sys=0.00, real=0.01 secs] 
40.347: Total time for which application threads were stopped: 0.0085540 seconds, Stopping threads took: 0.0002080 seconds
40.364: Application time: 0.0173690 seconds
40.364: [GC40.364: [ParNew: 15677K->15677K(18432K), 0.0000110 secs]40.364: [Tenured: 28060K->28060K(40960K), 0.0081310 secs] 43738K->28060K(59392K), [Perm : 6078K->6078K(21248K)], 0.0081890 secs] [Times: user=0.01 sys=0.00, real=0.00 secs] 
40.373: Total time for which application threads were stopped: 0.0084170 seconds, Stopping threads took: 0.0001410 seconds
40.383: Application time: 0.0105260 seconds
40.383: [GC40.383: [ParNew: 15691K->15691K(18432K), 0.0000100 secs]40.383: [Tenured: 28060K->25208K(40960K), 0.0094230 secs] 43752K->25208K(59392K), [Perm : 6078K->6078K(21248K)], 0.0094800 secs] [Times: user=0.01 sys=0.00, real=0.00 secs] 
40.393: Total time for which application threads were stopped: 0.0097120 seconds, Stopping threads took: 0.0001530 seconds
40.406: Application time: 0.0132430 seconds
40.406: [GC40.406: [ParNew: 15682K->1425K(18432K), 0.0020610 secs] 40890K->30908K(59392K), 0.0021000 secs] [Times: user=0.02 sys=0.00, real=0.00 secs] 
40.408: Total time for which application threads were stopped: 0.0022320 seconds, Stopping threads took: 0.0000650 seconds
40.422: Application time: 0.0135070 seconds
40.422: [GC40.422: [ParNew: 17104K->17104K(18432K), 0.0000120 secs]40.422: [Tenured: 29483K->25208K(40960K), 0.0106650 secs] 46588K->25208K(59392K), [Perm : 6078K->6078K(21248K)], 0.0107350 secs] [Times: user=0.01 sys=0.00, real=0.01 secs] 
40.433: Total time for which application threads were stopped: 0.0109350 seconds, Stopping threads took: 0.0001260 seconds
40.444: Application time: 0.0108220 seconds
40.444: [GC40.444: [ParNew: 15692K->1433K(18432K), 0.0022060 secs] 40900K->31629K(59392K), 0.0022560 secs] [Times: user=0.02 sys=0.00, real=0.00 secs] 
40.446: Total time for which application threads were stopped: 0.0024320 seconds, Stopping threads took: 0.0001100 seconds
40.459: Application time: 0.0127340 seconds
40.459: [GC40.459: [ParNew: 17114K->17114K(18432K), 0.0000100 secs]40.459: [Tenured: 30196K->28058K(40960K), 0.0097060 secs] 47311K->28058K(59392K), [Perm : 6078K->6078K(21248K)], 0.0097660 secs] [Times: user=0.01 sys=0.00, real=0.01 secs] 
40.469: Total time for which application threads were stopped: 0.0099090 seconds, Stopping threads took: 0.0000700 seconds
40.483: Application time: 0.0140520 seconds
40.483: [GC40.483: [ParNew: 15678K->15678K(18432K), 0.0000100 secs]40.483: [Tenured: 28058K->26632K(40960K), 0.0061290 secs] 43737K->26632K(59392K), [Perm : 6078K->6078K(21248K)], 0.0061840 secs] [Times: user=0.01 sys=0.00, real=0.00 secs] 
40.489: Total time for which application threads were stopped: 0.0063350 seconds, Stopping threads took: 0.0000830 seconds
40.516: Application time: 0.0273660 seconds
40.517: [GC40.517: [ParNew: 15736K->15736K(18432K), 0.0000100 secs]40.517: [Tenured: 26632K->25920K(40960K), 0.0114640 secs] 42369K->25920K(59392K), [Perm : 6080K->6080K(21248K)], 0.0115240 secs] [Times: user=0.01 sys=0.00, real=0.01 secs] 
40.528: Total time for which application threads were stopped: 0.0116810 seconds, Stopping threads took: 0.0000880 seconds
40.541: Application time: 0.0128900 seconds
40.541: [GC40.541: [ParNew: 15681K->15681K(18432K), 0.0000100 secs]40.541: [Tenured: 25920K->25920K(40960K), 0.0099830 secs] 41602K->25920K(59392K), [Perm : 6080K->6080K(21248K)], 0.0100450 secs] [Times: user=0.02 sys=0.00, real=0.01 secs] 
40.551: Total time for which application threads were stopped: 0.0102030 seconds, Stopping threads took: 0.0000760 seconds
40.569: Application time: 0.0175950 seconds
40.569: [GC40.569: [ParNew: 15685K->15685K(18432K), 0.0000100 secs]40.569: [Tenured: 25920K->25920K(40960K), 0.0091700 secs] 41606K->25920K(59392K), [Perm : 6080K->6080K(21248K)], 0.0092280 secs] [Times: user=0.01 sys=0.00, real=0.01 secs] 
40.578: Total time for which application threads were stopped: 0.0093770 seconds, Stopping threads took: 0.0000760 seconds
40.594: Application time: 0.0159970 seconds
40.594: [GC40.594: [ParNew: 15679K->15679K(18432K), 0.0000100 secs]40.594: [Tenured: 25920K->25208K(40960K), 0.0084840 secs] 41600K->25208K(59392K), [Perm : 6080K->6080K(21248K)], 0.0085380 secs] [Times: user=0.01 sys=0.00, real=0.01 secs] 
40.603: Total time for which application threads were stopped: 0.0087930 seconds, Stopping threads took: 0.0001850 seconds
40.615: Application time: 0.0118460 seconds
40.615: [GC40.615: [ParNew: 15909K->15909K(18432K), 0.0000100 secs]40.615: [Tenured: 25208K->22366K(40960K), 0.0101120 secs] 41118K->22366K(59392K), [Perm : 6080K->6080K(21248K)], 0.0101650 secs] [Times: user=0.01 sys=0.00, real=0.01 secs] 
40.625: Total time for which application threads were stopped: 0.0103300 seconds, Stopping threads took: 0.0000960 seconds
40.633: Application time: 0.0078880 seconds
40.633: [GC40.633: [ParNew: 16178K->1444K(18432K), 0.0018090 secs] 38544K->28085K(59392K), 0.0018480 secs] [Times: user=0.01 sys=0.00, real=0.01 secs] 
40.635: Total time for which application threads were stopped: 0.0020880 seconds, Stopping threads took: 0.0001750 seconds
40.642: Application time: 0.0070970 seconds
40.642: [GC40.642: [ParNew: 17208K->17208K(18432K), 0.0000100 secs]40.642: [Tenured: 26641K->25208K(40960K), 0.0103390 secs] 43849K->25208K(59392K), [Perm : 6080K->6080K(21248K)], 0.0104000 secs] [Times: user=0.01 sys=0.00, real=0.00 secs] 
40.653: Total time for which application threads were stopped: 0.0106720 seconds, Stopping threads took: 0.0002010 seconds
40.659: Application time: 0.0058640 seconds
40.659: [GC40.659: [ParNew: 15683K->1427K(18432K), 0.0021520 secs] 40892K->32335K(59392K), 0.0021850 secs] [Times: user=0.01 sys=0.00, real=0.00 secs] 
40.661: Total time for which application threads were stopped: 0.0024010 seconds, Stopping threads took: 0.0001560 seconds
40.668: Application time: 0.0065230 seconds
40.668: [GC40.668: [ParNew: 17111K->17111K(18432K), 0.0000110 secs]40.668: [Tenured: 30908K->24495K(40960K), 0.0093200 secs] 48019K->24495K(59392K), [Perm : 6080K->6080K(21248K)], 0.0093890 secs] [Times: user=0.01 sys=0.00, real=0.01 secs] 
40.677: Total time for which application threads were stopped: 0.0095820 seconds, Stopping threads took: 0.0001230 seconds
40.684: Application time: 0.0062300 seconds
40.684: [GC40.684: [ParNew: 16207K->1472K(18432K), 0.0016720 secs] 40703K->30243K(59392K), 0.0017090 secs] [Times: user=0.01 sys=0.00, real=0.00 secs] 
40.685: Total time for which application threads were stopped: 0.0019170 seconds, Stopping threads took: 0.0001450 seconds
40.691: Application time: 0.0059860 seconds
40.692: [GC40.692: [ParNew: 17360K->17360K(18432K), 0.0000110 secs]40.692: [Tenured: 28771K->23109K(40960K), 0.0099350 secs] 46131K->23109K(59392K), [Perm : 6080K->6080K(21248K)], 0.0099940 secs] [Times: user=0.01 sys=0.00, real=0.01 secs] 
40.702: Total time for which application threads were stopped: 0.0101620 seconds, Stopping threads took: 0.0000990 seconds
40.707: Application time: 0.0056190 seconds
40.707: [GC40.707: [ParNew: 15723K->1437K(18432K), 0.0026310 secs] 38832K->31671K(59392K), 0.0026830 secs] [Times: user=0.02 sys=0.00, real=0.00 secs] 
40.710: Total time for which application threads were stopped: 0.0028700 seconds, Stopping threads took: 0.0001170 seconds
40.715: Application time: 0.0050270 seconds
40.715: [GC40.715: [ParNew: 17128K->17128K(18432K), 0.0000100 secs]40.715: [Tenured: 30234K->25208K(40960K), 0.0110310 secs] 47362K->25208K(59392K), [Perm : 6080K->6080K(21248K)], 0.0110900 secs] [Times: user=0.01 sys=0.00, real=0.01 secs] 
40.726: Total time for which application threads were stopped: 0.0112700 seconds, Stopping threads took: 0.0001120 seconds
40.732: Application time: 0.0054080 seconds
40.732: [GC40.732: [ParNew: 15684K->1425K(18432K), 0.0023630 secs] 40893K->33046K(59392K), 0.0024030 secs] [Times: user=0.02 sys=0.00, real=0.01 secs] 
40.734: Total time for which application threads were stopped: 0.0025720 seconds, Stopping threads took: 0.0001060 seconds
40.740: Application time: 0.0053560 seconds
40.740: [GC40.740: [ParNew: 17109K->17109K(18432K), 0.0000110 secs]40.740: [Tenured: 31621K->25920K(40960K), 0.0082360 secs] 48730K->25920K(59392K), [Perm : 6080K->6080K(21248K)], 0.0082910 secs] [Times: user=0.00 sys=0.00, real=0.01 secs] 
40.748: Total time for which application threads were stopped: 0.0085010 seconds, Stopping threads took: 0.0001380 seconds
40.753: Application time: 0.0048100 seconds
40.753: [GC40.753: [ParNew: 15683K->15683K(18432K), 0.0000110 secs]40.753: [Tenured: 25920K->25920K(40960K), 0.0087250 secs] 41604K->25920K(59392K), [Perm : 6080K->6080K(21248K)], 0.0087860 secs] [Times: user=0.01 sys=0.00, real=0.01 secs] 
40.762: Total time for which application threads were stopped: 0.0090080 seconds, Stopping threads took: 0.0001420 seconds
40.768: Application time: 0.0060600 seconds
40.768: [GC40.768: [ParNew: 15694K->15694K(18432K), 0.0000100 secs]40.768: [Tenured: 25920K->23070K(40960K), 0.0088010 secs] 41615K->23070K(59392K), [Perm : 6080K->6080K(21248K)], 0.0088610 secs] [Times: user=0.01 sys=0.01, real=0.01 secs] 
40.777: Total time for which application threads were stopped: 0.0090180 seconds, Stopping threads took: 0.0000870 seconds
40.782: Application time: 0.0048360 seconds
40.782: [GC40.782: [ParNew: 15685K->1425K(18432K), 0.0030130 secs] 38756K->32333K(59392K), 0.0030580 secs] [Times: user=0.02 sys=0.00, real=0.00 secs] 
40.785: Total time for which application threads were stopped: 0.0032260 seconds, Stopping threads took: 0.0001010 seconds
40.790: Application time: 0.0044780 seconds
40.790: [GC40.790: [ParNew: 17115K->17115K(18432K), 0.0000100 secs]40.790: [Tenured: 30908K->25920K(40960K), 0.0113560 secs] 48023K->25920K(59392K), [Perm : 6080K->6080K(21248K)], 0.0114150 secs] [Times: user=0.02 sys=0.00, real=0.01 secs] 
40.801: Total time for which application threads were stopped: 0.0116430 seconds, Stopping threads took: 0.0001480 seconds
40.807: Application time: 0.0057010 seconds
40.807: [GC40.807: [ParNew: 15700K->15700K(18432K), 0.0000090 secs]40.807: [Tenured: 25920K->24495K(40960K), 0.0091360 secs] 41621K->24495K(59392K), [Perm : 6080K->6080K(21248K)], 0.0091960 secs] [Times: user=0.01 sys=0.00, real=0.01 secs] 
40.817: Total time for which application threads were stopped: 0.0094950 seconds, Stopping threads took: 0.0002090 seconds
40.823: Application time: 0.0062380 seconds
40.823: [GC40.823: [ParNew: 15684K->1427K(18432K), 0.0019630 secs] 40180K->30910K(59392K), 0.0020030 secs] [Times: user=0.01 sys=0.00, real=0.00 secs] 
40.825: Total time for which application threads were stopped: 0.0022080 seconds, Stopping threads took: 0.0001200 seconds
40.831: Application time: 0.0061670 seconds
40.831: [GC40.831: [ParNew: 17109K->17109K(18432K), 0.0000110 secs]40.831: [Tenured: 29483K->24495K(40960K), 0.0106310 secs] 46593K->24495K(59392K), [Perm : 6080K->6080K(21248K)], 0.0106890 secs] [Times: user=0.01 sys=0.00, real=0.02 secs] 
40.842: Total time for which application threads were stopped: 0.0109860 seconds, Stopping threads took: 0.0002080 seconds
40.848: Application time: 0.0058330 seconds
40.848: [GC40.848: [ParNew: 15683K->1427K(18432K), 0.0017300 secs] 40179K->29486K(59392K), 0.0017640 secs] [Times: user=0.01 sys=0.00, real=0.00 secs] 
40.850: Total time for which application threads were stopped: 0.0019860 seconds, Stopping threads took: 0.0001430 seconds
40.856: Application time: 0.0065010 seconds
40.857: [GC40.857: [ParNew: 17118K->17118K(18432K), 0.0000110 secs]40.857: [Tenured: 28058K->24496K(40960K), 0.0108600 secs] 45177K->24496K(59392K), [Perm : 6080K->6080K(21248K)], 0.0109200 secs] [Times: user=0.02 sys=0.00, real=0.01 secs] 
40.868: Total time for which application threads were stopped: 0.0111480 seconds, Stopping threads took: 0.0001360 seconds
40.873: Application time: 0.0054650 seconds
40.873: [GC40.873: [ParNew: 15692K->1433K(18432K), 0.0019010 secs] 40188K->30205K(59392K), 0.0019390 secs] [Times: user=0.01 sys=0.00, real=0.01 secs] 
40.875: Total time for which application threads were stopped: 0.0022920 seconds, Stopping threads took: 0.0002680 seconds
40.881: Application time: 0.0056380 seconds
40.881: [GC40.881: [ParNew: 17117K->17117K(18432K), 0.0000120 secs]40.881: [Tenured: 28772K->24496K(40960K), 0.0102240 secs] 45889K->24496K(59392K), [Perm : 6080K->6080K(21248K)], 0.0102850 secs] [Times: user=0.01 sys=0.00, real=0.01 secs] 
40.891: Total time for which application threads were stopped: 0.0104840 seconds, Stopping threads took: 0.0001290 seconds
40.897: Application time: 0.0051620 seconds
40.897: [GC40.897: [ParNew: 15690K->1433K(18432K), 0.0020230 secs] 40186K->30918K(59392K), 0.0020640 secs] [Times: user=0.01 sys=0.00, real=0.00 secs] 
40.899: Total time for which application threads were stopped: 0.0022700 seconds, Stopping threads took: 0.0001380 seconds
40.904: Application time: 0.0054680 seconds
40.905: [GC40.905: [ParNew: 17116K->17116K(18432K), 0.0000110 secs]40.905: [Tenured: 29485K->25210K(40960K), 0.0079540 secs] 46601K->25210K(59392K), [Perm : 6080K->6080K(21248K)], 0.0080130 secs] [Times: user=0.01 sys=0.00, real=0.00 secs] 
40.913: Total time for which application threads were stopped: 0.0082110 seconds, Stopping threads took: 0.0001320 seconds
40.918: Application time: 0.0052940 seconds
40.918: [GC40.918: [ParNew: 15685K->1427K(18432K), 0.0016800 secs] 40895K->30912K(59392K), 0.0017170 secs] [Times: user=0.01 sys=0.00, real=0.00 secs] 
40.920: Total time for which application threads were stopped: 0.0018750 seconds, Stopping threads took: 0.0000890 seconds
40.925: Application time: 0.0047860 seconds
40.925: [GC40.925: [ParNew: 17113K->17113K(18432K), 0.0000100 secs]40.925: [Tenured: 29485K->25921K(40960K), 0.0096110 secs] 46599K->25921K(59392K), [Perm : 6080K->6080K(21248K)], 0.0096680 secs] [Times: user=0.01 sys=0.00, real=0.01 secs] 
40.934: Total time for which application threads were stopped: 0.0098590 seconds, Stopping threads took: 0.0001220 seconds
40.943: Application time: 0.0083450 seconds
40.943: [GC40.943: [ParNew: 15692K->1437K(18432K), 0.0018690 secs] 41613K->31634K(59392K), 0.0019170 secs] [Times: user=0.01 sys=0.00, real=0.00 secs] 
40.945: Total time for which application threads were stopped: 0.0022010 seconds, Stopping threads took: 0.0001970 seconds
40.952: Application time: 0.0070120 seconds
40.952: [GC40.952: [ParNew: 17128K->17128K(18432K), 0.0000110 secs]40.952: [Tenured: 30197K->24496K(40960K), 0.0111470 secs] 47325K->24496K(59392K), [Perm : 6080K->6080K(21248K)], 0.0112080 secs] [Times: user=0.02 sys=0.00, real=0.02 secs] 
40.964: Total time for which application threads were stopped: 0.0115320 seconds, Stopping threads took: 0.0002330 seconds
40.972: Application time: 0.0088630 seconds
40.973: [GC40.973: [ParNew: 15689K->1439K(18432K), 0.0011520 secs] 40186K->28073K(59392K), 0.0011860 secs] [Times: user=0.00 sys=0.00, real=0.00 secs] 
40.974: Total time for which application threads were stopped: 0.0014750 seconds, Stopping threads took: 0.0002100 seconds
40.987: Application time: 0.0130670 seconds
40.987: [GC40.987: [ParNew: 17118K->1425K(18432K), 0.0008240 secs] 43752K->28819K(59392K), 0.0008550 secs] [Times: user=0.00 sys=0.00, real=0.00 secs] 
40.988: Total time for which application threads were stopped: 0.0010340 seconds, Stopping threads took: 0.0001030 seconds
41.023: Application time: 0.0349940 seconds
41.023: [GC41.023: [ParNew: 17117K->1435K(18432K), 0.0022420 secs] 44511K->35242K(59392K), 0.0022790 secs] [Times: user=0.02 sys=0.00, real=0.00 secs] 
41.025: Total time for which application threads were stopped: 0.0024070 seconds, Stopping threads took: 0.0000630 seconds
41.099: Application time: 0.0739420 seconds
41.099: [GC41.099: [ParNew: 17126K->17126K(18432K), 0.0000110 secs]41.099: [Tenured: 33807K->24495K(40960K), 0.0106520 secs] 50933K->24495K(59392K), [Perm : 6080K->6080K(21248K)], 0.0107100 secs] [Times: user=0.01 sys=0.00, real=0.01 secs] 
41.110: Total time for which application threads were stopped: 0.0108810 seconds, Stopping threads took: 0.0000890 seconds
41.184: Application time: 0.0735910 seconds
41.184: [GC41.184: [ParNew: 15691K->1425K(18432K), 0.0044930 secs] 40187K->40170K(59392K), 0.0045360 secs] [Times: user=0.03 sys=0.00, real=0.00 secs] 
41.188: Total time for which application threads were stopped: 0.0046640 seconds, Stopping threads took: 0.0000630 seconds
41.237: Application time: 0.0486230 seconds
41.237: [GC41.237: [ParNew: 17116K->17116K(18432K), 0.0000100 secs]41.237: [Tenured: 38745K->25920K(40960K), 0.0092920 secs] 55862K->25920K(59392K), [Perm : 6080K->6080K(21248K)], 0.0093510 secs] [Times: user=0.01 sys=0.00, real=0.01 secs] 
41.247: Total time for which application threads were stopped: 0.0095160 seconds, Stopping threads took: 0.0000990 seconds
41.320: Application time: 0.0738640 seconds
41.321: [GC41.321: [ParNew: 15700K->15700K(18432K), 0.0000100 secs]41.321: [Tenured: 25920K->25921K(40960K), 0.0100310 secs] 41620K->25921K(59392K), [Perm : 6080K->6080K(21248K)], 0.0100900 secs] [Times: user=0.01 sys=0.00, real=0.01 secs] 
41.331: Total time for which application threads were stopped: 0.0102230 seconds, Stopping threads took: 0.0000610 seconds
41.401: Application time: 0.0699910 seconds
41.401: [GC41.401: [ParNew: 15691K->1425K(18432K), 0.0045260 secs] 41613K->41596K(59392K), 0.0045690 secs] [Times: user=0.04 sys=0.00, real=0.01 secs] 
41.405: Total time for which application threads were stopped: 0.0047580 seconds, Stopping threads took: 0.0001210 seconds
41.462: Application time: 0.0563270 seconds
41.462: [GC41.462: [ParNew: 17116K->17116K(18432K), 0.0000090 secs]41.462: [Tenured: 40171K->26634K(40960K), 0.0095720 secs] 57288K->26634K(59392K), [Perm : 6080K->6080K(21248K)], 0.0096300 secs] [Times: user=0.01 sys=0.00, real=0.01 secs] 
41.472: Total time for which application threads were stopped: 0.0097660 seconds, Stopping threads took: 0.0000700 seconds
41.545: Application time: 0.0737380 seconds
41.545: [GC41.545: [ParNew: 15700K->15700K(18432K), 0.0000100 secs]41.545: [Tenured: 26634K->25208K(40960K), 0.0103870 secs] 42334K->25208K(59392K), [Perm : 6080K->6080K(21248K)], 0.0104540 secs] [Times: user=0.01 sys=0.00, real=0.01 secs] 
41.556: Total time for which application threads were stopped: 0.0106300 seconds, Stopping threads took: 0.0001090 seconds
41.619: Application time: 0.0632280 seconds
41.619: [GC41.619: [ParNew: 15700K->1431K(18432K), 0.0045980 secs] 40908K->40889K(59392K), 0.0046390 secs] [Times: user=0.04 sys=0.00, real=0.01 secs] 
41.624: Total time for which application threads were stopped: 0.0047800 seconds, Stopping threads took: 0.0000640 seconds
41.696: Application time: 0.0720400 seconds
41.696: [GC41.696: [ParNew: 17131K->17131K(18432K), 0.0000110 secs]41.696: [Tenured: 39458K->26634K(40960K), 0.0096850 secs] 56589K->26634K(59392K), [Perm : 6080K->6080K(21248K)], 0.0097480 secs] [Times: user=0.01 sys=0.00, real=0.01 secs] 
41.706: Total time for which application threads were stopped: 0.0099180 seconds, Stopping threads took: 0.0000990 seconds
41.779: Application time: 0.0735950 seconds
41.780: [GC41.780: [ParNew: 15691K->15691K(18432K), 0.0000110 secs]41.780: [Tenured: 26634K->27347K(40960K), 0.0094900 secs] 42326K->27347K(59392K), [Perm : 6080K->6080K(21248K)], 0.0095510 secs] [Times: user=0.01 sys=0.00, real=0.01 secs] 
41.789: Total time for which application threads were stopped: 0.0096800 seconds, Stopping threads took: 0.0000590 seconds
41.854: Application time: 0.0650890 seconds
41.854: [GC41.854: [ParNew: 15691K->15691K(18432K), 0.0000110 secs]41.854: [Tenured: 27347K->28059K(40960K), 0.0108280 secs] 43038K->28059K(59392K), [Perm : 6080K->6080K(21248K)], 0.0108890 secs] [Times: user=0.01 sys=0.00, real=0.01 secs] 
41.865: Total time for which application threads were stopped: 0.0110640 seconds, Stopping threads took: 0.0001040 seconds
41.938: Application time: 0.0726860 seconds
41.938: [GC41.938: [ParNew: 15708K->15708K(18432K), 0.0000100 secs]41.938: [Tenured: 28059K->27345K(40960K), 0.0104000 secs] 43768K->27345K(59392K), [Perm : 6080K->6080K(21248K)], 0.0104590 secs] [Times: user=0.01 sys=0.00, real=0.01 secs] 
41.949: Total time for which application threads were stopped: 0.0105950 seconds, Stopping threads took: 0.0000650 seconds
42.022: Application time: 0.0735760 seconds
42.022: [GC42.022: [ParNew: 15708K->15708K(18432K), 0.0000100 secs]42.022: [Tenured: 27345K->27347K(40960K), 0.0098980 secs] 43054K->27347K(59392K), [Perm : 6080K->6080K(21248K)], 0.0099550 secs] [Times: user=0.01 sys=0.00, real=0.00 secs] 
42.032: Total time for which application threads were stopped: 0.0100730 seconds, Stopping threads took: 0.0000490 seconds
42.106: Application time: 0.0742130 seconds
42.107: [GC42.107: [ParNew: 15691K->15691K(18432K), 0.0000100 secs]42.107: [Tenured: 27347K->29484K(40960K), 0.0095250 secs] 43038K->29484K(59392K), [Perm : 6080K->6080K(21248K)], 0.0095790 secs] [Times: user=0.01 sys=0.00, real=0.01 secs] 
42.116: Total time for which application threads were stopped: 0.0097010 seconds, Stopping threads took: 0.0000580 seconds
42.173: Application time: 0.0572600 seconds
42.174: [GC42.174: [ParNew: 15691K->15691K(18432K), 0.0000110 secs]42.174: [Tenured: 29484K->30197K(40960K), 0.0093250 secs] 45176K->30197K(59392K), [Perm : 6080K->6080K(21248K)], 0.0093850 secs] [Times: user=0.01 sys=0.00, real=0.02 secs] 
42.183: Total time for which application threads were stopped: 0.0095980 seconds, Stopping threads took: 0.0001130 seconds
42.257: Application time: 0.0738040 seconds
42.257: [GC42.257: [ParNew: 15691K->15691K(18432K), 0.0000100 secs]42.257: [Tenured: 30197K->30195K(40960K), 0.0106170 secs] 45888K->30195K(59392K), [Perm : 6080K->6080K(21248K)], 0.0106770 secs] [Times: user=0.01 sys=0.00, real=0.01 secs] 
42.268: Total time for which application threads were stopped: 0.0108820 seconds, Stopping threads took: 0.0001160 seconds
42.336: Application time: 0.0682360 seconds
42.336: [GC42.336: [ParNew: 15699K->15699K(18432K), 0.0000110 secs]42.336: [Tenured: 30195K->30196K(40960K), 0.0100400 secs] 45895K->30196K(59392K), [Perm : 6080K->6080K(21248K)], 0.0101060 secs] [Times: user=0.01 sys=0.00, real=0.01 secs] 
42.346: Total time for which application threads were stopped: 0.0102380 seconds, Stopping threads took: 0.0000660 seconds
42.395: Application time: 0.0489970 seconds
42.395: [GC42.395: [ParNew: 15691K->15691K(18432K), 0.0000110 secs]42.395: [Tenured: 30196K->30909K(40960K), 0.0103570 secs] 45888K->30909K(59392K), [Perm : 6080K->6080K(21248K)], 0.0104190 secs] [Times: user=0.01 sys=0.00, real=0.01 secs] 
42.406: Total time for which application threads were stopped: 0.0105840 seconds, Stopping threads took: 0.0000890 seconds
42.475: Application time: 0.0691910 seconds
42.475: [GC42.475: [ParNew: 15691K->15691K(18432K), 0.0000100 secs]42.475: [Tenured: 30909K->30909K(40960K), 0.0099580 secs] 46600K->30909K(59392K), [Perm : 6080K->6080K(21248K)], 0.0100190 secs] [Times: user=0.01 sys=0.00, real=0.01 secs] 
42.485: Total time for which application threads were stopped: 0.0102380 seconds, Stopping threads took: 0.0001310 seconds
42.549: Application time: 0.0638930 seconds
42.549: [GC42.549: [ParNew: 15699K->15699K(18432K), 0.0000090 secs]42.549: [Tenured: 30909K->28058K(40960K), 0.0109940 secs] 46609K->28058K(59392K), [Perm : 6080K->6080K(21248K)], 0.0110510 secs] [Times: user=0.01 sys=0.00, real=0.01 secs] 
42.560: Total time for which application threads were stopped: 0.0111880 seconds, Stopping threads took: 0.0000690 seconds
42.626: Application time: 0.0658760 seconds
42.626: [GC42.626: [ParNew: 15697K->15697K(18432K), 0.0000100 secs]42.626: [Tenured: 28058K->28059K(40960K), 0.0094110 secs] 43756K->28059K(59392K), [Perm : 6080K->6080K(21248K)], 0.0094700 secs] [Times: user=0.01 sys=0.00, real=0.01 secs] 
42.636: Total time for which application threads were stopped: 0.0095980 seconds, Stopping threads took: 0.0000580 seconds
42.707: Application time: 0.0709730 seconds
42.707: [GC42.707: [ParNew: 15691K->15691K(18432K), 0.0000100 secs]42.707: [Tenured: 28059K->29484K(40960K), 0.0095820 secs] 43750K->29484K(59392K), [Perm : 6080K->6080K(21248K)], 0.0096420 secs] [Times: user=0.01 sys=0.00, real=0.01 secs] 
42.717: Total time for which application threads were stopped: 0.0098400 seconds, Stopping threads took: 0.0001190 seconds
42.770: Application time: 0.0537650 seconds
42.771: [GC42.771: [ParNew: 15698K->15698K(18432K), 0.0000100 secs]42.771: [Tenured: 29484K->27346K(40960K), 0.0105340 secs] 45182K->27346K(59392K), [Perm : 6080K->6080K(21248K)], 0.0105930 secs] [Times: user=0.01 sys=0.00, real=0.01 secs] 
42.781: Total time for which application threads were stopped: 0.0107900 seconds, Stopping threads took: 0.0001090 seconds
42.824: Application time: 0.0431050 seconds
42.824: [GC42.824: [ParNew: 15689K->15689K(18432K), 0.0000120 secs]42.824: [Tenured: 27346K->26633K(40960K), 0.0122610 secs] 43035K->26633K(59392K), [Perm : 6080K->6080K(21248K)], 0.0123250 secs] [Times: user=0.02 sys=0.00, real=0.01 secs] 
42.837: Total time for which application threads were stopped: 0.0125430 seconds, Stopping threads took: 0.0001280 seconds
42.898: Application time: 0.0611070 seconds
42.898: [GC42.898: [ParNew: 15689K->15689K(18432K), 0.0000100 secs]42.898: [Tenured: 26633K->27346K(40960K), 0.0095140 secs] 42323K->27346K(59392K), [Perm : 6080K->6080K(21248K)], 0.0095730 secs] [Times: user=0.00 sys=0.00, real=0.01 secs] 
42.908: Total time for which application threads were stopped: 0.0097490 seconds, Stopping threads took: 0.0001000 seconds
42.975: Application time: 0.0668640 seconds
42.975: [GC42.975: [ParNew: 15704K->15704K(18432K), 0.0000100 secs]42.975: [Tenured: 27346K->25921K(40960K), 0.0100380 secs] 43050K->25921K(59392K), [Perm : 6080K->6080K(21248K)], 0.0100960 secs] [Times: user=0.01 sys=0.00, real=0.01 secs] 
42.985: Total time for which application threads were stopped: 0.0102350 seconds, Stopping threads took: 0.0000690 seconds
43.037: Application time: 0.0523390 seconds
43.037: [GC43.037: [ParNew: 15696K->15696K(18432K), 0.0000090 secs]43.037: [Tenured: 25921K->20932K(40960K), 0.0096740 secs] 41617K->20932K(59392K), [Perm : 6080K->6080K(21248K)], 0.0097290 secs] [Times: user=0.01 sys=0.00, real=0.01 secs] 
43.047: Total time for which application threads were stopped: 0.0098890 seconds, Stopping threads took: 0.0000750 seconds
43.084: Application time: 0.0367840 seconds
43.084: [GC43.084: [ParNew: 15698K->1433K(18432K), 0.0038170 secs] 36631K->33054K(59392K), 0.0038600 secs] [Times: user=0.03 sys=0.00, real=0.00 secs] 
43.088: Total time for which application threads were stopped: 0.0040000 seconds, Stopping threads took: 0.0000710 seconds
43.149: Application time: 0.0609860 seconds
43.149: [GC43.149: [ParNew: 17121K->17121K(18432K), 0.0000110 secs]43.149: [Tenured: 31620K->24497K(40960K), 0.0110690 secs] 48742K->24497K(59392K), [Perm : 6080K->6080K(21248K)], 0.0111270 secs] [Times: user=0.01 sys=0.00, real=0.01 secs] 
43.160: Total time for which application threads were stopped: 0.0112680 seconds, Stopping threads took: 0.0000720 seconds
43.212: Application time: 0.0523590 seconds
43.213: [GC43.213: [ParNew: 15688K->1425K(18432K), 0.0035290 secs] 40185K->36611K(59392K), 0.0035720 secs] [Times: user=0.02 sys=0.00, real=0.01 secs] 
43.216: Total time for which application threads were stopped: 0.0037480 seconds, Stopping threads took: 0.0001030 seconds
43.260: Application time: 0.0435820 seconds
43.260: [GC43.260: [ParNew: 17113K->17113K(18432K), 0.0000090 secs]43.260: [Tenured: 35185K->24497K(40960K), 0.0094410 secs] 52299K->24497K(59392K), [Perm : 6080K->6080K(21248K)], 0.0094990 secs] [Times: user=0.01 sys=0.00, real=0.01 secs] 
43.269: Total time for which application threads were stopped: 0.0096400 seconds, Stopping threads took: 0.0000750 seconds
43.322: Application time: 0.0530930 seconds
43.323: [GC43.323: [ParNew: 15688K->1425K(18432K), 0.0037360 secs] 40186K->36611K(59392K), 0.0037800 secs] [Times: user=0.03 sys=0.00, real=0.00 secs] 
43.326: Total time for which application threads were stopped: 0.0039550 seconds, Stopping threads took: 0.0001090 seconds
43.382: Application time: 0.0553980 seconds
43.382: [GC43.382: [ParNew: 17122K->17122K(18432K), 0.0000110 secs]43.382: [Tenured: 35186K->24499K(40960K), 0.0101220 secs] 52308K->24499K(59392K), [Perm : 6080K->6080K(21248K)], 0.0101820 secs] [Times: user=0.01 sys=0.00, real=0.01 secs] 
43.392: Total time for which application threads were stopped: 0.0103170 seconds, Stopping threads took: 0.0000660 seconds
43.433: Application time: 0.0403670 seconds
43.433: [GC43.433: [ParNew: 15688K->1425K(18432K), 0.0036510 secs] 40187K->36612K(59392K), 0.0036920 secs] [Times: user=0.03 sys=0.00, real=0.01 secs] 
43.436: Total time for which application threads were stopped: 0.0038350 seconds, Stopping threads took: 0.0000780 seconds
43.493: Application time: 0.0564140 seconds
43.493: [GC43.493: [ParNew: 17113K->17113K(18432K), 0.0000090 secs]43.493: [Tenured: 35187K->25211K(40960K), 0.0095040 secs] 52301K->25211K(59392K), [Perm : 6080K->6080K(21248K)], 0.0095590 secs] [Times: user=0.01 sys=0.00, real=0.02 secs] 
43.502: Total time for which application threads were stopped: 0.0097070 seconds, Stopping threads took: 0.0000810 seconds
43.555: Application time: 0.0525550 seconds
43.555: [GC43.555: [ParNew: 15688K->1425K(18432K), 0.0036830 secs] 40900K->37325K(59392K), 0.0037250 secs] [Times: user=0.03 sys=0.00, real=0.00 secs] 
43.559: Total time for which application threads were stopped: 0.0038600 seconds, Stopping threads took: 0.0000690 seconds
43.610: Application time: 0.0507020 seconds
43.610: [GC43.610: [ParNew: 17122K->17122K(18432K), 0.0000100 secs]43.610: [Tenured: 35900K->25211K(40960K), 0.0103390 secs] 53023K->25211K(59392K), [Perm : 6080K->6080K(21248K)], 0.0103940 secs] [Times: user=0.01 sys=0.00, real=0.01 secs] 
43.620: Total time for which application threads were stopped: 0.0105440 seconds, Stopping threads took: 0.0000870 seconds
43.665: Application time: 0.0452950 seconds
43.666: [GC43.666: [ParNew: 15697K->1431K(18432K), 0.0037090 secs] 40908K->37331K(59392K), 0.0037470 secs] [Times: user=0.03 sys=0.00, real=0.00 secs] 
43.669: Total time for which application threads were stopped: 0.0038860 seconds, Stopping threads took: 0.0000720 seconds
43.736: Application time: 0.0661940 seconds
43.736: [GC43.736: [ParNew: 17120K->17120K(18432K), 0.0000100 secs]43.736: [Tenured: 35899K->26637K(40960K), 0.0105080 secs] 53020K->26637K(59392K), [Perm : 6080K->6080K(21248K)], 0.0105750 secs] [Times: user=0.01 sys=0.00, real=0.01 secs] 
43.746: Total time for which application threads were stopped: 0.0107470 seconds, Stopping threads took: 0.0000920 seconds
43.784: Application time: 0.0375780 seconds
43.784: [GC43.784: [ParNew: 15697K->15697K(18432K), 0.0000100 secs]43.784: [Tenured: 26637K->26638K(40960K), 0.0109420 secs] 42334K->26638K(59392K), [Perm : 6080K->6080K(21248K)], 0.0110050 secs] [Times: user=0.02 sys=0.00, real=0.01 secs] 
43.795: Total time for which application threads were stopped: 0.0111670 seconds, Stopping threads took: 0.0000920 seconds
43.849: Application time: 0.0542460 seconds
43.849: [GC43.849: [ParNew: 15689K->15689K(18432K), 0.0000100 secs]43.849: [Tenured: 26638K->27350K(40960K), 0.0103300 secs] 42327K->27350K(59392K), [Perm : 6080K->6080K(21248K)], 0.0103890 secs] [Times: user=0.01 sys=0.00, real=0.01 secs] 
43.860: Total time for which application threads were stopped: 0.0105730 seconds, Stopping threads took: 0.0001130 seconds
43.917: Application time: 0.0567100 seconds
43.917: [GC43.917: [ParNew: 15689K->15689K(18432K), 0.0000100 secs]43.917: [Tenured: 27350K->27349K(40960K), 0.0106840 secs] 43039K->27349K(59392K), [Perm : 6080K->6080K(21248K)], 0.0107420 secs] [Times: user=0.01 sys=0.00, real=0.01 secs] 
43.927: Total time for which application threads were stopped: 0.0108810 seconds, Stopping threads took: 0.0000720 seconds
43.984: Application time: 0.0570510 seconds
43.985: [GC43.985: [ParNew: 15697K->15697K(18432K), 0.0000110 secs]43.985: [Tenured: 27349K->27349K(40960K), 0.0094110 secs] 43046K->27349K(59392K), [Perm : 6080K->6080K(21248K)], 0.0094740 secs] [Times: user=0.01 sys=0.00, real=0.01 secs] 
43.994: Total time for which application threads were stopped: 0.0096030 seconds, Stopping threads took: 0.0000600 seconds
44.030: Application time: 0.0355400 seconds
44.030: [GC44.030: [ParNew: 15697K->15697K(18432K), 0.0000110 secs]44.030: [Tenured: 27349K->28063K(40960K), 0.0103610 secs] 43047K->28063K(59392K), [Perm : 6080K->6080K(21248K)], 0.0104220 secs] [Times: user=0.01 sys=0.00, real=0.01 secs] 
44.040: Total time for which application threads were stopped: 0.0105870 seconds, Stopping threads took: 0.0000940 seconds
44.103: Application time: 0.0624310 seconds
44.103: [GC44.103: [ParNew: 15705K->15705K(18432K), 0.0000100 secs]44.103: [Tenured: 28063K->28777K(40960K), 0.0104000 secs] 43769K->28777K(59392K), [Perm : 6080K->6080K(21248K)], 0.0104610 secs] [Times: user=0.01 sys=0.00, real=0.00 secs] 
44.113: Total time for which application threads were stopped: 0.0105980 seconds, Stopping threads took: 0.0000660 seconds
44.165: Application time: 0.0513450 seconds
44.165: [GC44.165: [ParNew: 15688K->15688K(18432K), 0.0000110 secs]44.165: [Tenured: 28777K->30199K(40960K), 0.0111210 secs] 44466K->30199K(59392K), [Perm : 6080K->6080K(21248K)], 0.0111820 secs] [Times: user=0.01 sys=0.00, real=0.01 secs] 
44.176: Total time for which application threads were stopped: 0.0113240 seconds, Stopping threads took: 0.0000710 seconds
44.226: Application time: 0.0504870 seconds
44.227: [GC44.227: [ParNew: 15688K->15688K(18432K), 0.0000100 secs]44.227: [Tenured: 30199K->30199K(40960K), 0.0101910 secs] 45887K->30199K(59392K), [Perm : 6080K->6080K(21248K)], 0.0102530 secs] [Times: user=0.01 sys=0.00, real=0.01 secs] 
44.237: Total time for which application threads were stopped: 0.0104300 seconds, Stopping threads took: 0.0001090 seconds
44.285: Application time: 0.0478270 seconds
44.285: [GC44.285: [ParNew: 15690K->15690K(18432K), 0.0000100 secs]44.285: [Tenured: 30199K->29486K(40960K), 0.0095700 secs] 45889K->29486K(59392K), [Perm : 6080K->6080K(21248K)], 0.0096280 secs] [Times: user=0.01 sys=0.00, real=0.01 secs] 
44.295: Total time for which application threads were stopped: 0.0098220 seconds, Stopping threads took: 0.0001190 seconds
44.349: Application time: 0.0542290 seconds
44.349: [GC44.349: [ParNew: 15690K->15690K(18432K), 0.0000110 secs]44.349: [Tenured: 29486K->30198K(40960K), 0.0101870 secs] 45176K->30198K(59392K), [Perm : 6080K->6080K(21248K)], 0.0102560 secs] [Times: user=0.01 sys=0.00, real=0.01 secs] 
44.359: Total time for which application threads were stopped: 0.0104230 seconds, Stopping threads took: 0.0000880 seconds
44.406: Application time: 0.0466400 seconds
44.406: [GC44.406: [ParNew: 15688K->15688K(18432K), 0.0000100 secs]44.406: [Tenured: 30198K->30198K(40960K), 0.0096170 secs] 45887K->30198K(59392K), [Perm : 6080K->6080K(21248K)], 0.0096750 secs] [Times: user=0.01 sys=0.00, real=0.01 secs] 
44.416: Total time for which application threads were stopped: 0.0098270 seconds, Stopping threads took: 0.0000780 seconds
44.441: Application time: 0.0258380 seconds
44.442: [GC44.442: [ParNew: 15723K->15723K(18432K), 0.0000110 secs]44.442: [Tenured: 30198K->30228K(40960K), 0.0099120 secs] 45922K->30228K(59392K), [Perm : 6080K->6080K(21248K)], 0.0099770 secs] [Times: user=0.01 sys=0.00, real=0.01 secs] 
44.452: Total time for which application threads were stopped: 0.0101660 seconds, Stopping threads took: 0.0001080 seconds
44.467: Application time: 0.0153290 seconds
44.467: [GC44.467: [ParNew: 15681K->15681K(18432K), 0.0000110 secs]44.467: [Tenured: 30228K->30228K(40960K), 0.0106020 secs] 45909K->30228K(59392K), [Perm : 6080K->6080K(21248K)], 0.0106650 secs] [Times: user=0.01 sys=0.00, real=0.01 secs] 
44.478: Total time for which application threads were stopped: 0.0108850 seconds, Stopping threads took: 0.0001470 seconds
44.489: Application time: 0.0112000 seconds
44.489: [GC44.489: [ParNew: 15689K->15689K(18432K), 0.0000100 secs]44.489: [Tenured: 30228K->31653K(40960K), 0.0103400 secs] 45918K->31653K(59392K), [Perm : 6080K->6080K(21248K)], 0.0104010 secs] [Times: user=0.01 sys=0.00, real=0.01 secs] 
44.500: Total time for which application threads were stopped: 0.0105470 seconds, Stopping threads took: 0.0000720 seconds
44.514: Application time: 0.0144760 seconds
44.514: [GC44.514: [ParNew: 15679K->15679K(18432K), 0.0000110 secs]44.514: [Tenured: 31653K->30048K(40960K), 0.0125660 secs] 47332K->30048K(59392K), [Perm : 6080K->6074K(21248K)], 0.0126300 secs] [Times: user=0.01 sys=0.00, real=0.01 secs] 
44.527: Total time for which application threads were stopped: 0.0127720 seconds, Stopping threads took: 0.0000670 seconds
44.551: Application time: 0.0243490 seconds
44.551: [GC44.551: [ParNew: 15690K->15690K(18432K), 0.0000090 secs]44.551: [Tenured: 30048K->27910K(40960K), 0.0093850 secs] 45738K->27910K(59392K), [Perm : 6074K->6074K(21248K)], 0.0094430 secs] [Times: user=0.01 sys=0.00, real=0.01 secs] 
44.561: Total time for which application threads were stopped: 0.0095770 seconds, Stopping threads took: 0.0000660 seconds
44.574: Application time: 0.0135200 seconds
44.574: [GC44.574: [ParNew: 15680K->15680K(18432K), 0.0000100 secs]44.574: [Tenured: 27910K->29335K(40960K), 0.0096840 secs] 43590K->29335K(59392K), [Perm : 6074K->6074K(21248K)], 0.0097470 secs] [Times: user=0.01 sys=0.00, real=0.01 secs] 
44.584: Total time for which application threads were stopped: 0.0098850 seconds, Stopping threads took: 0.0000640 seconds
44.596: Application time: 0.0120420 seconds
44.596: [GC44.596: [ParNew: 15681K->15681K(18432K), 0.0000100 secs]44.596: [Tenured: 29335K->28623K(40960K), 0.0095290 secs] 45017K->28623K(59392K), [Perm : 6074K->6074K(21248K)], 0.0095880 secs] [Times: user=0.00 sys=0.00, real=0.01 secs] 
44.606: Total time for which application threads were stopped: 0.0098140 seconds, Stopping threads took: 0.0001420 seconds
44.616: Application time: 0.0101600 seconds
44.616: [GC44.616: [ParNew: 15693K->15693K(18432K), 0.0000100 secs]44.616: [Tenured: 28623K->29335K(40960K), 0.0103150 secs] 44317K->29335K(59392K), [Perm : 6074K->6074K(21248K)], 0.0103740 secs] [Times: user=0.01 sys=0.00, real=0.01 secs] 
44.627: Total time for which application threads were stopped: 0.0105750 seconds, Stopping threads took: 0.0001320 seconds
44.637: Application time: 0.0103770 seconds
44.637: [GC44.637: [ParNew: 15682K->15682K(18432K), 0.0000100 secs]44.637: [Tenured: 29335K->29335K(40960K), 0.0096660 secs] 45017K->29335K(59392K), [Perm : 6074K->6074K(21248K)], 0.0097340 secs] [Times: user=0.01 sys=0.00, real=0.01 secs] 
44.647: Total time for which application threads were stopped: 0.0098860 seconds, Stopping threads took: 0.0000780 seconds
44.660: Application time: 0.0127110 seconds
44.660: [GC44.660: [ParNew: 15680K->15680K(18432K), 0.0000100 secs]44.660: [Tenured: 29335K->29335K(40960K), 0.0089050 secs] 45016K->29335K(59392K), [Perm : 6074K->6074K(21248K)], 0.0089640 secs] [Times: user=0.01 sys=0.00, real=0.01 secs] 
44.669: Total time for which application threads were stopped: 0.0091010 seconds, Stopping threads took: 0.0000660 seconds
44.710: Application time: 0.0415450 seconds
44.711: [GC44.711: [ParNew: 15692K->15692K(18432K), 0.0000100 secs]44.711: [Tenured: 29335K->28622K(40960K), 0.0099610 secs] 45027K->28622K(59392K), [Perm : 6074K->6074K(21248K)], 0.0100200 secs] [Times: user=0.01 sys=0.00, real=0.01 secs] 
44.721: Total time for which application threads were stopped: 0.0101820 seconds, Stopping threads took: 0.0000920 seconds
44.746: Application time: 0.0257390 seconds
44.746: [GC44.747: [ParNew: 15726K->15726K(18432K), 0.0000110 secs]44.747: [Tenured: 28622K->27910K(40960K), 0.0125300 secs] 44348K->27910K(59392K), [Perm : 6074K->6074K(21248K)], 0.0125920 secs] [Times: user=0.01 sys=0.00, real=0.01 secs] 
44.759: Total time for which application threads were stopped: 0.0127660 seconds, Stopping threads took: 0.0001030 seconds
44.773: Application time: 0.0133910 seconds
44.773: [GC44.773: [ParNew: 15681K->15681K(18432K), 0.0000110 secs]44.773: [Tenured: 27910K->27197K(40960K), 0.0102910 secs] 43591K->27197K(59392K), [Perm : 6074K->6074K(21248K)], 0.0103520 secs] [Times: user=0.01 sys=0.00, real=0.02 secs] 
44.783: Total time for which application threads were stopped: 0.0105830 seconds, Stopping threads took: 0.0001370 seconds
44.799: Application time: 0.0155760 seconds
44.799: [GC44.799: [ParNew: 15685K->15685K(18432K), 0.0000110 secs]44.799: [Tenured: 27197K->30761K(40960K), 0.0073390 secs] 42883K->30761K(59392K), [Perm : 6074K->6074K(21248K)], 0.0073980 secs] [Times: user=0.01 sys=0.00, real=0.01 secs] 
44.806: Total time for which application threads were stopped: 0.0075500 seconds, Stopping threads took: 0.0000720 seconds
44.822: Application time: 0.0161030 seconds
44.822: [GC44.822: [ParNew: 15673K->15673K(18432K), 0.0000110 secs]44.822: [Tenured: 30761K->27235K(40960K), 0.0088500 secs] 46434K->27235K(59392K), [Perm : 6074K->6074K(21248K)], 0.0089090 secs] [Times: user=0.01 sys=0.00, real=0.00 secs] 
44.831: Total time for which application threads were stopped: 0.0090560 seconds, Stopping threads took: 0.0000760 seconds
44.839: Application time: 0.0076160 seconds
44.839: [GC44.839: [ParNew: 15728K->15728K(18432K), 0.0000100 secs]44.839: [Tenured: 27235K->27197K(40960K), 0.0113450 secs] 42963K->27197K(59392K), [Perm : 6074K->6074K(21248K)], 0.0114030 secs] [Times: user=0.01 sys=0.00, real=0.01 secs] 
44.851: Total time for which application threads were stopped: 0.0115850 seconds, Stopping threads took: 0.0000920 seconds
44.859: Application time: 0.0081700 seconds
44.859: [GC44.859: [ParNew: 15692K->15692K(18432K), 0.0000110 secs]44.859: [Tenured: 27197K->27197K(40960K), 0.0102640 secs] 42889K->27197K(59392K), [Perm : 6074K->6074K(21248K)], 0.0103260 secs] [Times: user=0.01 sys=0.00, real=0.01 secs] 
44.869: Total time for which application threads were stopped: 0.0105320 seconds, Stopping threads took: 0.0001340 seconds
44.878: Application time: 0.0089650 seconds
44.878: [GC44.878: [ParNew: 15679K->15679K(18432K), 0.0000100 secs]44.878: [Tenured: 27197K->27910K(40960K), 0.0072240 secs] 42877K->27910K(59392K), [Perm : 6074K->6074K(21248K)], 0.0072840 secs] [Times: user=0.00 sys=0.00, real=0.01 secs] 
44.886: Total time for which application threads were stopped: 0.0074830 seconds, Stopping threads took: 0.0001290 seconds
44.894: Application time: 0.0079750 seconds
44.894: [GC44.894: [ParNew: 15680K->15680K(18432K), 0.0000120 secs]44.894: [Tenured: 27910K->28622K(40960K), 0.0081410 secs] 43590K->28622K(59392K), [Perm : 6074K->6074K(21248K)], 0.0082100 secs] [Times: user=0.01 sys=0.00, real=0.02 secs] 
44.902: Total time for which application threads were stopped: 0.0084510 seconds, Stopping threads took: 0.0001710 seconds
44.909: Application time: 0.0065890 seconds
44.909: [GC44.909: [ParNew: 15690K->15690K(18432K), 0.0000120 secs]44.909: [Tenured: 28622K->28622K(40960K), 0.0104820 secs] 44313K->28622K(59392K), [Perm : 6074K->6074K(21248K)], 0.0105450 secs] [Times: user=0.01 sys=0.00, real=0.01 secs] 
44.920: Total time for which application threads were stopped: 0.0108440 seconds, Stopping threads took: 0.0002080 seconds
44.926: Application time: 0.0066050 seconds
44.926: [GC44.926: [ParNew: 15682K->15682K(18432K), 0.0000110 secs]44.926: [Tenured: 28622K->27910K(40960K), 0.0099190 secs] 44305K->27910K(59392K), [Perm : 6074K->6074K(21248K)], 0.0099820 secs] [Times: user=0.01 sys=0.00, real=0.01 secs] 
44.936: Total time for which application threads were stopped: 0.0101390 seconds, Stopping threads took: 0.0000830 seconds
44.945: Application time: 0.0085370 seconds
44.945: [GC44.945: [ParNew: 15690K->15690K(18432K), 0.0000110 secs]44.945: [Tenured: 27910K->29336K(40960K), 0.0080150 secs] 43600K->29336K(59392K), [Perm : 6074K->6074K(21248K)], 0.0080750 secs] [Times: user=0.01 sys=0.00, real=0.00 secs] 
44.953: Total time for which application threads were stopped: 0.0083800 seconds, Stopping threads took: 0.0002170 seconds
44.961: Application time: 0.0081640 seconds
44.962: [GC44.962: [ParNew: 15680K->15680K(18432K), 0.0000100 secs]44.962: [Tenured: 29336K->27911K(40960K), 0.0070430 secs] 45017K->27911K(59392K), [Perm : 6074K->6074K(21248K)], 0.0071030 secs] [Times: user=0.01 sys=0.00, real=0.01 secs] 
44.969: Total time for which application threads were stopped: 0.0073530 seconds, Stopping threads took: 0.0001620 seconds
44.977: Application time: 0.0081190 seconds
44.977: [GC44.977: [ParNew: 15688K->15688K(18432K), 0.0000110 secs]44.977: [Tenured: 27911K->28622K(40960K), 0.0107500 secs] 43600K->28622K(59392K), [Perm : 6074K->6074K(21248K)], 0.0108140 secs] [Times: user=0.01 sys=0.00, real=0.01 secs] 
44.988: Total time for which application threads were stopped: 0.0110530 seconds, Stopping threads took: 0.0001460 seconds
44.996: Application time: 0.0077610 seconds
44.996: [GC44.996: [ParNew: 15680K->15680K(18432K), 0.0000100 secs]44.996: [Tenured: 28622K->28622K(40960K), 0.0072950 secs] 44303K->28622K(59392K), [Perm : 6074K->6074K(21248K)], 0.0073550 secs] [Times: user=0.00 sys=0.00, real=0.01 secs] 
45.003: Total time for which application threads were stopped: 0.0075930 seconds, Stopping threads took: 0.0001480 seconds
45.011: Application time: 0.0079010 seconds
45.011: [GC45.011: [ParNew: 16245K->16245K(18432K), 0.0000120 secs]45.011: [Tenured: 28622K->25097K(40960K), 0.0093160 secs] 44868K->25097K(59392K), [Perm : 6074K->6074K(21248K)], 0.0093780 secs] [Times: user=0.01 sys=0.00, real=0.01 secs] 
45.021: Total time for which application threads were stopped: 0.0096000 seconds, Stopping threads took: 0.0001500 seconds
45.030: Application time: 0.0090240 seconds
45.030: [GC45.030: [ParNew: 15883K->15883K(18432K), 0.0000110 secs]45.030: [Tenured: 25097K->26514K(40960K), 0.0093670 secs] 40981K->26514K(59392K), [Perm : 6074K->6074K(21248K)], 0.0094360 secs] [Times: user=0.01 sys=0.00, real=0.01 secs] 
45.039: Total time for which application threads were stopped: 0.0096090 seconds, Stopping threads took: 0.0001020 seconds
45.048: Application time: 0.0089150 seconds
45.049: [GC45.049: [ParNew: 15687K->15687K(18432K), 0.0000100 secs]45.049: [Tenured: 26514K->25772K(40960K), 0.0101330 secs] 42201K->25772K(59392K), [Perm : 6074K->6074K(21248K)], 0.0101930 secs] [Times: user=0.01 sys=0.00, real=0.01 secs] 
45.059: Total time for which application threads were stopped: 0.0103850 seconds, Stopping threads took: 0.0001220 seconds
45.065: Application time: 0.0062780 seconds
45.065: [GC45.065: [ParNew: 15684K->15684K(18432K), 0.0000110 secs]45.065: [Tenured: 25772K->26485K(40960K), 0.0099960 secs] 41457K->26485K(59392K), [Perm : 6074K->6074K(21248K)], 0.0100650 secs] [Times: user=0.01 sys=0.00, real=0.01 secs] 
45.075: Total time for which application threads were stopped: 0.0103070 seconds, Stopping threads took: 0.0001540 seconds
45.082: Application time: 0.0066570 seconds
45.082: [GC45.082: [ParNew: 15682K->15682K(18432K), 0.0000100 secs]45.082: [Tenured: 26485K->27197K(40960K), 0.0097700 secs] 42167K->27197K(59392K), [Perm : 6074K->6074K(21248K)], 0.0098290 secs] [Times: user=0.01 sys=0.00, real=0.00 secs] 
45.092: Total time for which application threads were stopped: 0.0100230 seconds, Stopping threads took: 0.0001240 seconds
45.101: Application time: 0.0089080 seconds
45.101: [GC45.101: [ParNew: 15686K->15686K(18432K), 0.0000110 secs]45.101: [Tenured: 27197K->27198K(40960K), 0.0078170 secs] 42884K->27198K(59392K), [Perm : 6074K->6074K(21248K)], 0.0078740 secs] [Times: user=0.01 sys=0.00, real=0.01 secs] 
45.109: Total time for which application threads were stopped: 0.0081690 seconds, Stopping threads took: 0.0002040 seconds
45.118: Application time: 0.0086180 seconds
45.118: [GC45.118: [ParNew: 15679K->15679K(18432K), 0.0000200 secs]45.118: [Tenured: 27198K->27910K(40960K), 0.0094470 secs] 42878K->27910K(59392K), [Perm : 6074K->6074K(21248K)], 0.0095160 secs] [Times: user=0.01 sys=0.00, real=0.01 secs] 
45.128: Total time for which application threads were stopped: 0.0097670 seconds, Stopping threads took: 0.0001770 seconds
45.142: Application time: 0.0147490 seconds
45.143: [GC45.143: [ParNew: 15687K->15687K(18432K), 0.0000100 secs]45.143: [Tenured: 27910K->27911K(40960K), 0.0064560 secs] 43597K->27911K(59392K), [Perm : 6074K->6074K(21248K)], 0.0065160 secs] [Times: user=0.01 sys=0.00, real=0.00 secs] 
45.149: Total time for which application threads were stopped: 0.0067670 seconds, Stopping threads took: 0.0001710 seconds
45.161: Application time: 0.0124070 seconds
45.162: [GC45.162: [ParNew: 15689K->15689K(18432K), 0.0000110 secs]45.162: [Tenured: 27911K->26484K(40960K), 0.0100330 secs] 43601K->26484K(59392K), [Perm : 6074K->6074K(21248K)], 0.0100930 secs] [Times: user=0.01 sys=0.00, real=0.01 secs] 
45.172: Total time for which application threads were stopped: 0.0102490 seconds, Stopping threads took: 0.0000860 seconds
45.183: Application time: 0.0112690 seconds
45.183: [GC45.183: [ParNew: 15680K->15680K(18432K), 0.0000110 secs]45.183: [Tenured: 26484K->26484K(40960K), 0.0087990 secs] 42165K->26484K(59392K), [Perm : 6074K->6074K(21248K)], 0.0088610 secs] [Times: user=0.01 sys=0.00, real=0.00 secs] 
45.192: Total time for which application threads were stopped: 0.0090070 seconds, Stopping threads took: 0.0000710 seconds
45.203: Application time: 0.0113280 seconds
45.203: [GC45.203: [ParNew: 15683K->15683K(18432K), 0.0015630 secs]45.205: [Tenured: 26484K->26485K(40960K), 0.0097810 secs] 42168K->26485K(59392K), [Perm : 6074K->6074K(21248K)], 0.0114060 secs] [Times: user=0.01 sys=0.00, real=0.01 secs] 
45.215: Total time for which application threads were stopped: 0.0115570 seconds, Stopping threads took: 0.0000810 seconds
45.228: Application time: 0.0128970 seconds
45.228: [GC45.228: [ParNew: 15690K->15690K(18432K), 0.0000100 secs]45.228: [Tenured: 26485K->27197K(40960K), 0.0090740 secs] 42175K->27197K(59392K), [Perm : 6074K->6074K(21248K)], 0.0091370 secs] [Times: user=0.01 sys=0.00, real=0.01 secs] 
45.237: Total time for which application threads were stopped: 0.0092770 seconds, Stopping threads took: 0.0000660 seconds
45.250: Application time: 0.0130980 seconds
45.250: [GC45.250: [ParNew: 15679K->15679K(18432K), 0.0000100 secs]45.250: [Tenured: 27197K->27910K(40960K), 0.0067640 secs] 42877K->27910K(59392K), [Perm : 6074K->6074K(21248K)], 0.0068230 secs] [Times: user=0.01 sys=0.00, real=0.01 secs] 
45.257: Total time for which application threads were stopped: 0.0070870 seconds, Stopping threads took: 0.0001770 seconds
45.269: Application time: 0.0116420 seconds
45.269: [GC45.269: [ParNew: 15681K->15681K(18432K), 0.0000100 secs]45.269: [Tenured: 27910K->25058K(40960K), 0.0087260 secs] 43592K->25058K(59392K), [Perm : 6074K->6074K(21248K)], 0.0087950 secs] [Times: user=0.01 sys=0.00, real=0.01 secs] 
45.278: Total time for which application threads were stopped: 0.0091040 seconds, Stopping threads took: 0.0002270 seconds
45.311: Application time: 0.0334080 seconds
45.312: [GC45.312: [ParNew: 15736K->1463K(18432K), 0.0032030 secs] 40795K->35072K(59392K), 0.0032460 secs] [Times: user=0.02 sys=0.00, real=0.01 secs] 
45.315: Total time for which application threads were stopped: 0.0034930 seconds, Stopping threads took: 0.0001740 seconds
45.330: Application time: 0.0149840 seconds
45.330: [GC45.330: [ParNew: 17142K->17142K(18432K), 0.0000110 secs]45.330: [Tenured: 33609K->25772K(40960K), 0.0111220 secs] 50751K->25772K(59392K), [Perm : 6074K->6074K(21248K)], 0.0111820 secs] [Times: user=0.01 sys=0.00, real=0.01 secs] 
45.341: Total time for which application threads were stopped: 0.0114140 seconds, Stopping threads took: 0.0001600 seconds
45.359: Application time: 0.0171990 seconds
45.359: [GC45.359: [ParNew: 15685K->15685K(18432K), 0.0000110 secs]45.359: [Tenured: 25772K->26484K(40960K), 0.0089450 secs] 41457K->26484K(59392K), [Perm : 6074K->6074K(21248K)], 0.0090040 secs] [Times: user=0.01 sys=0.00, real=0.01 secs] 
45.368: Total time for which application threads were stopped: 0.0091460 seconds, Stopping threads took: 0.0000740 seconds
45.380: Application time: 0.0123670 seconds
45.380: [GC45.380: [ParNew: 15681K->15681K(18432K), 0.0000110 secs]45.380: [Tenured: 26484K->27197K(40960K), 0.0090120 secs] 42166K->27197K(59392K), [Perm : 6074K->6074K(21248K)], 0.0090720 secs] [Times: user=0.01 sys=0.00, real=0.01 secs] 
45.389: Total time for which application threads were stopped: 0.0092250 seconds, Stopping threads took: 0.0000840 seconds
45.405: Application time: 0.0160880 seconds
45.405: [GC45.405: [ParNew: 16288K->16288K(18432K), 0.0000090 secs]45.405: [Tenured: 27197K->20136K(40960K), 0.0089690 secs] 43485K->20136K(59392K), [Perm : 6074K->6074K(21248K)], 0.0090210 secs] [Times: user=0.01 sys=0.00, real=0.01 secs] 
45.415: Total time for which application threads were stopped: 0.0091660 seconds, Stopping threads took: 0.0000810 seconds
45.424: Application time: 0.0095360 seconds
45.424: [GC45.424: [ParNew: 15871K->1435K(18432K), 0.0012810 secs] 36007K->24421K(59392K), 0.0013140 secs] [Times: user=0.01 sys=0.00, real=0.00 secs] 
45.426: Total time for which application threads were stopped: 0.0014730 seconds, Stopping threads took: 0.0000970 seconds
45.431: Application time: 0.0059580 seconds
45.432: [GC45.432: [ParNew: 17578K->1472K(18432K), 0.0018670 secs] 40564K->29486K(59392K), 0.0019040 secs] [Times: user=0.01 sys=0.00, real=0.00 secs] 
45.434: Total time for which application threads were stopped: 0.0020820 seconds, Stopping threads took: 0.0001160 seconds
45.439: Application time: 0.0055070 seconds
45.439: [GC45.439: [ParNew: 17351K->17351K(18432K), 0.0000100 secs]45.439: [Tenured: 28014K->20791K(40960K), 0.0102450 secs] 45366K->20791K(59392K), [Perm : 6074K->6074K(21248K)], 0.0103040 secs] [Times: user=0.01 sys=0.00, real=0.01 secs] 
45.450: Total time for which application threads were stopped: 0.0105060 seconds, Stopping threads took: 0.0001310 seconds
45.455: Application time: 0.0052940 seconds
45.455: [GC45.455: [ParNew: 15790K->1435K(18432K), 0.0023560 secs] 36582K->28639K(59392K), 0.0023920 secs] [Times: user=0.02 sys=0.00, real=0.00 secs] 
45.457: Total time for which application threads were stopped: 0.0025970 seconds, Stopping threads took: 0.0001400 seconds
45.463: Application time: 0.0052860 seconds
45.463: [GC45.463: [ParNew: 17119K->17119K(18432K), 0.0000100 secs]45.463: [Tenured: 27204K->24347K(40960K), 0.0074190 secs] 44324K->24347K(59392K), [Perm : 6074K->6074K(21248K)], 0.0074770 secs] [Times: user=0.01 sys=0.00, real=0.00 secs] 
45.470: Total time for which application threads were stopped: 0.0077080 seconds, Stopping threads took: 0.0001530 seconds
45.475: Application time: 0.0045580 seconds
45.475: [GC45.475: [ParNew: 15691K->1435K(18432K), 0.0025870 secs] 40038K->32908K(59392K), 0.0026390 secs] [Times: user=0.02 sys=0.00, real=0.00 secs] 
45.478: Total time for which application threads were stopped: 0.0028470 seconds, Stopping threads took: 0.0001390 seconds
45.483: Application time: 0.0049600 seconds
45.483: [GC45.483: [ParNew: 17125K->17125K(18432K), 0.0000090 secs]45.483: [Tenured: 31472K->24348K(40960K), 0.0071600 secs] 48598K->24348K(59392K), [Perm : 6074K->6074K(21248K)], 0.0072140 secs] [Times: user=0.01 sys=0.00, real=0.00 secs] 
45.490: Total time for which application threads were stopped: 0.0073900 seconds, Stopping threads took: 0.0001090 seconds
45.495: Application time: 0.0049720 seconds
45.495: [GC45.495: [ParNew: 15690K->1437K(18432K), 0.0023070 secs] 40039K->32198K(59392K), 0.0023480 secs] [Times: user=0.02 sys=0.00, real=0.00 secs] 
45.498: Total time for which application threads were stopped: 0.0025810 seconds, Stopping threads took: 0.0001680 seconds
45.503: Application time: 0.0047870 seconds
45.506: [GC45.506: [ParNew: 17121K->17121K(18432K), 0.0000110 secs]45.506: [Tenured: 30761K->26484K(40960K), 0.0113120 secs] 47883K->26484K(59392K), [Perm : 6074K->6074K(21248K)], 0.0113740 secs] [Times: user=0.01 sys=0.00, real=0.01 secs] 
45.518: Total time for which application threads were stopped: 0.0149760 seconds, Stopping threads took: 0.0035310 seconds
45.523: Application time: 0.0054310 seconds
45.523: [GC45.523: [ParNew: 15687K->15687K(18432K), 0.0000110 secs]45.523: [Tenured: 26484K->24347K(40960K), 0.0103130 secs] 42172K->24347K(59392K), [Perm : 6074K->6074K(21248K)], 0.0103750 secs] [Times: user=0.01 sys=0.00, real=0.00 secs] 
45.534: Total time for which application threads were stopped: 0.0105980 seconds, Stopping threads took: 0.0001420 seconds
45.539: Application time: 0.0051820 seconds
45.539: [GC45.539: [ParNew: 15683K->1427K(18432K), 0.0021430 secs] 40031K->31474K(59392K), 0.0021830 secs] [Times: user=0.01 sys=0.00, real=0.00 secs] 
45.541: Total time for which application threads were stopped: 0.0024530 seconds, Stopping threads took: 0.0001830 seconds
45.547: Application time: 0.0053470 seconds
45.547: [GC45.547: [ParNew: 17117K->17117K(18432K), 0.0000100 secs]45.547: [Tenured: 30047K->27198K(40960K), 0.0080660 secs] 47164K->27198K(59392K), [Perm : 6074K->6074K(21248K)], 0.0081230 secs] [Times: user=0.00 sys=0.00, real=0.01 secs] 
45.555: Total time for which application threads were stopped: 0.0082870 seconds, Stopping threads took: 0.0000940 seconds
45.560: Application time: 0.0049950 seconds
45.560: [GC45.560: [ParNew: 15683K->15683K(18432K), 0.0000100 secs]45.560: [Tenured: 27198K->25773K(40960K), 0.0086420 secs] 42881K->25773K(59392K), [Perm : 6074K->6074K(21248K)], 0.0087020 secs] [Times: user=0.00 sys=0.00, real=0.01 secs] 
45.569: Total time for which application threads were stopped: 0.0089260 seconds, Stopping threads took: 0.0001540 seconds
45.577: Application time: 0.0079050 seconds
45.577: [GC45.577: [ParNew: 15691K->15691K(18432K), 0.0000110 secs]45.577: [Tenured: 25773K->25774K(40960K), 0.0077230 secs] 41465K->25774K(59392K), [Perm : 6074K->6074K(21248K)], 0.0077830 secs] [Times: user=0.01 sys=0.00, real=0.01 secs] 
45.585: Total time for which application threads were stopped: 0.0081170 seconds, Stopping threads took: 0.0002620 seconds
45.591: Application time: 0.0061370 seconds
45.591: [GC45.591: [ParNew: 15700K->15700K(18432K), 0.0000100 secs]45.591: [Tenured: 25774K->22209K(40960K), 0.0097590 secs] 41474K->22209K(59392K), [Perm : 6074K->6074K(21248K)], 0.0098190 secs] [Times: user=0.01 sys=0.00, real=0.01 secs] 
45.601: Total time for which application threads were stopped: 0.0100380 seconds, Stopping threads took: 0.0001470 seconds
45.608: Application time: 0.0066070 seconds
45.608: [GC45.608: [ParNew: 15681K->1425K(18432K), 0.0016370 secs] 37891K->27197K(59392K), 0.0016770 secs] [Times: user=0.01 sys=0.00, real=0.00 secs] 
45.610: Total time for which application threads were stopped: 0.0019350 seconds, Stopping threads took: 0.0001700 seconds
45.616: Application time: 0.0066230 seconds
45.616: [GC45.616: [ParNew: 17115K->17115K(18432K), 0.0000110 secs]45.616: [Tenured: 25772K->23635K(40960K), 0.0086330 secs] 42888K->23635K(59392K), [Perm : 6074K->6074K(21248K)], 0.0087030 secs] [Times: user=0.01 sys=0.00, real=0.01 secs] 
45.625: Total time for which application threads were stopped: 0.0089420 seconds, Stopping threads took: 0.0001690 seconds
45.632: Application time: 0.0064300 seconds
45.632: [GC45.632: [ParNew: 15682K->1427K(18432K), 0.0017370 secs] 39318K->29338K(59392K), 0.0017760 secs] [Times: user=0.02 sys=0.00, real=0.00 secs] 
45.634: Total time for which application threads were stopped: 0.0019430 seconds, Stopping threads took: 0.0001020 seconds
45.639: Application time: 0.0050540 seconds
45.639: [GC45.639: [ParNew: 17110K->17110K(18432K), 0.0000110 secs]45.639: [Tenured: 27911K->25061K(40960K), 0.0077370 secs] 45021K->25061K(59392K), [Perm : 6074K->6074K(21248K)], 0.0077980 secs] [Times: user=0.00 sys=0.00, real=0.01 secs] 
45.647: Total time for which application threads were stopped: 0.0079630 seconds, Stopping threads took: 0.0000950 seconds
45.652: Application time: 0.0055020 seconds
45.652: [GC45.652: [ParNew: 15686K->1427K(18432K), 0.0020530 secs] 40747K->31477K(59392K), 0.0020930 secs] [Times: user=0.01 sys=0.00, real=0.01 secs] 
45.654: Total time for which application threads were stopped: 0.0023490 seconds, Stopping threads took: 0.0001890 seconds
45.660: Application time: 0.0057710 seconds
45.660: [GC45.660: [ParNew: 17119K->17119K(18432K), 0.0000100 secs]45.660: [Tenured: 30049K->23635K(40960K), 0.0094320 secs] 47169K->23635K(59392K), [Perm : 6074K->6074K(21248K)], 0.0094910 secs] [Times: user=0.01 sys=0.00, real=0.01 secs] 
45.670: Total time for which application threads were stopped: 0.0096750 seconds, Stopping threads took: 0.0001130 seconds
45.675: Application time: 0.0050990 seconds
45.675: [GC45.675: [ParNew: 15692K->1431K(18432K), 0.0023420 secs] 39328K->31480K(59392K), 0.0023820 secs] [Times: user=0.02 sys=0.00, real=0.00 secs] 
45.678: Total time for which application threads were stopped: 0.0026480 seconds, Stopping threads took: 0.0001810 seconds
45.683: Application time: 0.0050280 seconds
45.683: [GC45.683: [ParNew: 17117K->17117K(18432K), 0.0000110 secs]45.683: [Tenured: 30049K->24348K(40960K), 0.0110160 secs] 47166K->24348K(59392K), [Perm : 6074K->6074K(21248K)], 0.0110780 secs] [Times: user=0.01 sys=0.00, real=0.00 secs] 
45.694: Total time for which application threads were stopped: 0.0112710 seconds, Stopping threads took: 0.0001210 seconds
45.699: Application time: 0.0051840 seconds
45.699: [GC45.699: [ParNew: 15690K->1435K(18432K), 0.0018080 secs] 40039K->30059K(59392K), 0.0018470 secs] [Times: user=0.01 sys=0.00, real=0.00 secs] 
45.701: Total time for which application threads were stopped: 0.0020270 seconds, Stopping threads took: 0.0001160 seconds
45.706: Application time: 0.0052190 seconds
45.706: [GC45.707: [ParNew: 17119K->17119K(18432K), 0.0000110 secs]45.707: [Tenured: 28624K->25061K(40960K), 0.0075910 secs] 45743K->25061K(59392K), [Perm : 6074K->6074K(21248K)], 0.0076480 secs] [Times: user=0.00 sys=0.00, real=0.01 secs] 
45.714: Total time for which application threads were stopped: 0.0078230 seconds, Stopping threads took: 0.0001070 seconds
45.719: Application time: 0.0047040 seconds
45.719: [GC45.719: [ParNew: 15685K->1427K(18432K), 0.0023690 secs] 40746K->32901K(59392K), 0.0024070 secs] [Times: user=0.02 sys=0.00, real=0.00 secs] 
45.722: Total time for which application threads were stopped: 0.0026740 seconds, Stopping threads took: 0.0002030 seconds
45.728: Application time: 0.0064180 seconds
45.728: [GC45.728: [ParNew: 17110K->17110K(18432K), 0.0000110 secs]45.728: [Tenured: 31474K->26486K(40960K), 0.0084830 secs] 48584K->26486K(59392K), [Perm : 6074K->6074K(21248K)], 0.0085420 secs] [Times: user=0.01 sys=0.00, real=0.01 secs] 
45.737: Total time for which application threads were stopped: 0.0088240 seconds, Stopping threads took: 0.0001930 seconds
45.743: Application time: 0.0057520 seconds
45.743: [GC45.743: [ParNew: 15692K->15692K(18432K), 0.0000110 secs]45.743: [Tenured: 26486K->23635K(40960K), 0.0104990 secs] 42178K->23635K(59392K), [Perm : 6074K->6074K(21248K)], 0.0105710 secs] [Times: user=0.02 sys=0.00, real=0.00 secs] 
45.753: Total time for which application threads were stopped: 0.0108920 seconds, Stopping threads took: 0.0002290 seconds
45.761: Application time: 0.0072160 seconds
45.761: [GC45.761: [ParNew: 15690K->1437K(18432K), 0.0018100 secs] 39325K->28635K(59392K), 0.0018470 secs] [Times: user=0.02 sys=0.00, real=0.01 secs] 
45.763: Total time for which application threads were stopped: 0.0021300 seconds, Stopping threads took: 0.0002000 seconds
45.816: Application time: 0.0532310 seconds
45.816: [GC45.816: [ParNew: 17132K->17132K(18432K), 0.0000100 secs]45.816: [Tenured: 27197K->22209K(40960K), 0.0091660 secs] 44330K->22209K(59392K), [Perm : 6074K->6074K(21248K)], 0.0092250 secs] [Times: user=0.01 sys=0.00, real=0.01 secs] 
45.825: Total time for which application threads were stopped: 0.0094110 seconds, Stopping threads took: 0.0000910 seconds
45.899: Application time: 0.0738030 seconds
45.899: [GC45.899: [ParNew: 15691K->1427K(18432K), 0.0043360 secs] 37900K->37174K(59392K), 0.0043770 secs] [Times: user=0.03 sys=0.00, real=0.01 secs] 
45.904: Total time for which application threads were stopped: 0.0045080 seconds, Stopping threads took: 0.0000640 seconds
45.956: Application time: 0.0520640 seconds
45.956: [GC45.956: [ParNew: 17118K->17118K(18432K), 0.0000100 secs]45.956: [Tenured: 35747K->24346K(40960K), 0.0098720 secs] 52865K->24346K(59392K), [Perm : 6074K->6074K(21248K)], 0.0099310 secs] [Times: user=0.01 sys=0.00, real=0.01 secs] 
45.966: Total time for which application threads were stopped: 0.0101070 seconds, Stopping threads took: 0.0001080 seconds
46.036: Application time: 0.0701660 seconds
46.036: [GC46.036: [ParNew: 15691K->1425K(18432K), 0.0047760 secs] 40038K->40022K(59392K), 0.0048180 secs] [Times: user=0.03 sys=0.00, real=0.00 secs] 
46.041: Total time for which application threads were stopped: 0.0049610 seconds, Stopping threads took: 0.0000760 seconds
46.115: Application time: 0.0740740 seconds
46.115: [GC46.115: [ParNew: 17125K->17125K(18432K), 0.0000100 secs]46.115: [Tenured: 38597K->25060K(40960K), 0.0098530 secs] 55722K->25060K(59392K), [Perm : 6074K->6074K(21248K)], 0.0099140 secs] [Times: user=0.01 sys=0.00, real=0.01 secs] 
46.125: Total time for which application threads were stopped: 0.0100840 seconds, Stopping threads took: 0.0000990 seconds
46.186: Application time: 0.0603750 seconds
46.186: [GC46.186: [ParNew: 15691K->1425K(18432K), 0.0048200 secs] 40751K->40735K(59392K), 0.0048640 secs] [Times: user=0.03 sys=0.00, real=0.00 secs] 
46.191: Total time for which application threads were stopped: 0.0050050 seconds, Stopping threads took: 0.0000740 seconds
46.262: Application time: 0.0709650 seconds
46.262: [GC46.262: [ParNew: 17116K->17116K(18432K), 0.0000110 secs]46.262: [Tenured: 39310K->25772K(40960K), 0.0100910 secs] 56427K->25772K(59392K), [Perm : 6074K->6074K(21248K)], 0.0101520 secs] [Times: user=0.01 sys=0.00, real=0.01 secs] 
46.272: Total time for which application threads were stopped: 0.0103020 seconds, Stopping threads took: 0.0000810 seconds
46.346: Application time: 0.0740550 seconds
46.346: [GC46.346: [ParNew: 15700K->15700K(18432K), 0.0000110 secs]46.346: [Tenured: 25772K->25059K(40960K), 0.0108820 secs] 41472K->25059K(59392K), [Perm : 6074K->6074K(21248K)], 0.0109400 secs] [Times: user=0.01 sys=0.00, real=0.01 secs] 
46.357: Total time for which application threads were stopped: 0.0110890 seconds, Stopping threads took: 0.0000670 seconds
46.422: Application time: 0.0653540 seconds
46.423: [GC46.423: [ParNew: 15700K->1433K(18432K), 0.0046240 secs] 40759K->40742K(59392K), 0.0046680 secs] [Times: user=0.03 sys=0.00, real=0.00 secs] 
46.427: Total time for which application threads were stopped: 0.0048260 seconds, Stopping threads took: 0.0000920 seconds
46.494: Application time: 0.0670500 seconds
46.494: [GC46.494: [ParNew: 17133K->17133K(18432K), 0.0000110 secs]46.494: [Tenured: 39309K->26486K(40960K), 0.0101410 secs] 56442K->26486K(59392K), [Perm : 6074K->6074K(21248K)], 0.0102110 secs] [Times: user=0.01 sys=0.00, real=0.01 secs] 
46.505: Total time for which application threads were stopped: 0.0103610 seconds, Stopping threads took: 0.0000800 seconds
46.579: Application time: 0.0739290 seconds
46.579: [GC46.579: [ParNew: 15691K->15691K(18432K), 0.0000110 secs]46.579: [Tenured: 26486K->27911K(40960K), 0.0108090 secs] 42177K->27911K(59392K), [Perm : 6074K->6074K(21248K)], 0.0108720 secs] [Times: user=0.01 sys=0.00, real=0.01 secs] 
46.590: Total time for which application threads were stopped: 0.0110890 seconds, Stopping threads took: 0.0001260 seconds
46.662: Application time: 0.0727550 seconds
46.662: [GC46.663: [ParNew: 15700K->15700K(18432K), 0.0000100 secs]46.663: [Tenured: 27911K->27199K(40960K), 0.0088620 secs] 43611K->27199K(59392K), [Perm : 6074K->6074K(21248K)], 0.0089200 secs] [Times: user=0.00 sys=0.00, real=0.00 secs] 
46.671: Total time for which application threads were stopped: 0.0090390 seconds, Stopping threads took: 0.0000530 seconds
46.741: Application time: 0.0694740 seconds
46.741: [GC46.741: [ParNew: 15691K->15691K(18432K), 0.0000110 secs]46.741: [Tenured: 27199K->27909K(40960K), 0.0104390 secs] 42891K->27909K(59392K), [Perm : 6074K->6074K(21248K)], 0.0104980 secs] [Times: user=0.01 sys=0.00, real=0.01 secs] 
46.752: Total time for which application threads were stopped: 0.0106330 seconds, Stopping threads took: 0.0000680 seconds
46.826: Application time: 0.0741330 seconds
46.826: [GC46.826: [ParNew: 15717K->15717K(18432K), 0.0000090 secs]46.826: [Tenured: 27909K->27912K(40960K), 0.0091190 secs] 43626K->27912K(59392K), [Perm : 6074K->6074K(21248K)], 0.0091760 secs] [Times: user=0.01 sys=0.00, real=0.01 secs] 
46.835: Total time for which application threads were stopped: 0.0093350 seconds, Stopping threads took: 0.0000910 seconds
46.886: Application time: 0.0505970 seconds
46.886: [GC46.886: [ParNew: 15691K->15691K(18432K), 0.0000110 secs]46.886: [Tenured: 27912K->30762K(40960K), 0.0099340 secs] 43603K->30762K(59392K), [Perm : 6074K->6074K(21248K)], 0.0099950 secs] [Times: user=0.01 sys=0.00, real=0.01 secs] 
46.896: Total time for which application threads were stopped: 0.0101440 seconds, Stopping threads took: 0.0000710 seconds
46.960: Application time: 0.0645040 seconds
46.961: [GC46.961: [ParNew: 15691K->15691K(18432K), 0.0000110 secs]46.961: [Tenured: 30762K->31474K(40960K), 0.0106040 secs] 46453K->31474K(59392K), [Perm : 6074K->6074K(21248K)], 0.0106640 secs] [Times: user=0.02 sys=0.00, real=0.01 secs] 
46.971: Total time for which application threads were stopped: 0.0109370 seconds, Stopping threads took: 0.0002040 seconds
47.053: Application time: 0.0815800 seconds
47.053: [GC47.053: [ParNew: 15691K->15691K(18432K), 0.0000110 secs]47.053: [Tenured: 31474K->30047K(40960K), 0.0118680 secs] 47166K->30047K(59392K), [Perm : 6074K->6074K(21248K)], 0.0119270 secs] [Times: user=0.01 sys=0.00, real=0.02 secs] 
47.065: Total time for which application threads were stopped: 0.0120710 seconds, Stopping threads took: 0.0000740 seconds
47.128: Application time: 0.0629540 seconds
47.128: [GC47.128: [ParNew: 15699K->15699K(18432K), 0.0000110 secs]47.128: [Tenured: 30047K->30048K(40960K), 0.0090870 secs] 45746K->30048K(59392K), [Perm : 6074K->6074K(21248K)], 0.0091470 secs] [Times: user=0.01 sys=0.00, real=0.01 secs] 
47.137: Total time for which application threads were stopped: 0.0092860 seconds, Stopping threads took: 0.0000690 seconds
47.205: Application time: 0.0680520 seconds
47.205: [GC47.205: [ParNew: 15691K->15691K(18432K), 0.0000110 secs]47.205: [Tenured: 30048K->30760K(40960K), 0.0099300 secs] 45739K->30760K(59392K), [Perm : 6074K->6074K(21248K)], 0.0099910 secs] [Times: user=0.01 sys=0.00, real=0.01 secs] 
47.215: Total time for which application threads were stopped: 0.0102410 seconds, Stopping threads took: 0.0001690 seconds
47.272: Application time: 0.0567970 seconds
47.272: [GC47.272: [ParNew: 15691K->15691K(18432K), 0.0000100 secs]47.272: [Tenured: 30760K->30760K(40960K), 0.0105720 secs] 46452K->30760K(59392K), [Perm : 6074K->6074K(21248K)], 0.0106420 secs] [Times: user=0.01 sys=0.00, real=0.02 secs] 
47.283: Total time for which application threads were stopped: 0.0108460 seconds, Stopping threads took: 0.0001330 seconds
47.342: Application time: 0.0589880 seconds
47.342: [GC47.342: [ParNew: 15697K->15697K(18432K), 0.0000110 secs]47.342: [Tenured: 30760K->27909K(40960K), 0.0124150 secs] 46458K->27909K(59392K), [Perm : 6074K->6074K(21248K)], 0.0124780 secs] [Times: user=0.01 sys=0.00, real=0.01 secs] 
47.355: Total time for which application threads were stopped: 0.0127140 seconds, Stopping threads took: 0.0001630 seconds
47.425: Application time: 0.0703490 seconds
47.425: [GC47.425: [ParNew: 15689K->15689K(18432K), 0.0000100 secs]47.425: [Tenured: 27909K->27197K(40960K), 0.0097020 secs] 43599K->27197K(59392K), [Perm : 6074K->6074K(21248K)], 0.0097610 secs] [Times: user=0.01 sys=0.00, real=0.01 secs] 
47.435: Total time for which application threads were stopped: 0.0099190 seconds, Stopping threads took: 0.0000800 seconds
47.504: Application time: 0.0688260 seconds
47.504: [GC47.504: [ParNew: 15698K->15698K(18432K), 0.0000110 secs]47.504: [Tenured: 27197K->28623K(40960K), 0.0093960 secs] 42895K->28623K(59392K), [Perm : 6074K->6074K(21248K)], 0.0094540 secs] [Times: user=0.01 sys=0.00, real=0.00 secs] 
47.513: Total time for which application threads were stopped: 0.0095980 seconds, Stopping threads took: 0.0000760 seconds
47.563: Application time: 0.0499670 seconds
47.564: [GC47.564: [ParNew: 15698K->15698K(18432K), 0.0000100 secs]47.564: [Tenured: 28623K->27909K(40960K), 0.0108520 secs] 44321K->27909K(59392K), [Perm : 6074K->6074K(21248K)], 0.0109110 secs] [Times: user=0.01 sys=0.00, real=0.01 secs] 
47.575: Total time for which application threads were stopped: 0.0111370 seconds, Stopping threads took: 0.0001590 seconds
47.624: Application time: 0.0489780 seconds
47.624: [GC47.624: [ParNew: 15689K->15689K(18432K), 0.0000100 secs]47.624: [Tenured: 27909K->26484K(40960K), 0.0106060 secs] 43599K->26484K(59392K), [Perm : 6074K->6074K(21248K)], 0.0106640 secs] [Times: user=0.01 sys=0.00, real=0.01 secs] 
47.634: Total time for which application threads were stopped: 0.0108260 seconds, Stopping threads took: 0.0000850 seconds
47.697: Application time: 0.0626760 seconds
47.697: [GC47.697: [ParNew: 15698K->15698K(18432K), 0.0000100 secs]47.697: [Tenured: 26484K->26485K(40960K), 0.0096760 secs] 42183K->26485K(59392K), [Perm : 6074K->6074K(21248K)], 0.0097360 secs] [Times: user=0.01 sys=0.00, real=0.01 secs] 
47.707: Total time for which application threads were stopped: 0.0099200 seconds, Stopping threads took: 0.0001040 seconds
47.768: Application time: 0.0611500 seconds
47.768: [GC47.768: [ParNew: 15698K->15698K(18432K), 0.0000100 secs]47.768: [Tenured: 26485K->25060K(40960K), 0.0106210 secs] 42184K->25060K(59392K), [Perm : 6074K->6074K(21248K)], 0.0106780 secs] [Times: user=0.01 sys=0.00, real=0.01 secs] 
47.779: Total time for which application threads were stopped: 0.0108760 seconds, Stopping threads took: 0.0001110 seconds
47.829: Application time: 0.0496450 seconds
47.829: [GC47.829: [ParNew: 15704K->1435K(18432K), 0.0034920 secs] 40764K->37183K(59392K), 0.0035340 secs] [Times: user=0.02 sys=0.00, real=0.00 secs] 
47.832: Total time for which application threads were stopped: 0.0036670 seconds, Stopping threads took: 0.0000690 seconds
47.871: Application time: 0.0390470 seconds
47.871: [GC47.871: [ParNew: 17123K->17123K(18432K), 0.0000100 secs]47.872: [Tenured: 35748K->22210K(40960K), 0.0097140 secs] 52871K->22210K(59392K), [Perm : 6074K->6074K(21248K)], 0.0097730 secs] [Times: user=0.01 sys=0.00, real=0.01 secs] 
47.881: Total time for which application threads were stopped: 0.0099140 seconds, Stopping threads took: 0.0000730 seconds
47.947: Application time: 0.0656140 seconds
47.947: [GC47.947: [ParNew: 15688K->1425K(18432K), 0.0036120 secs] 37898K->34323K(59392K), 0.0036550 secs] [Times: user=0.03 sys=0.00, real=0.00 secs] 
47.951: Total time for which application threads were stopped: 0.0038120 seconds, Stopping threads took: 0.0000730 seconds
48.004: Application time: 0.0531800 seconds
48.004: [GC48.004: [ParNew: 17113K->17113K(18432K), 0.0000110 secs]48.004: [Tenured: 32898K->23635K(40960K), 0.0105960 secs] 50011K->23635K(59392K), [Perm : 6074K->6074K(21248K)], 0.0106530 secs] [Times: user=0.01 sys=0.00, real=0.01 secs] 
48.015: Total time for which application threads were stopped: 0.0107950 seconds, Stopping threads took: 0.0000730 seconds
48.070: Application time: 0.0549460 seconds
48.070: [GC48.070: [ParNew: 15688K->1425K(18432K), 0.0036130 secs] 39323K->35748K(59392K), 0.0036550 secs] [Times: user=0.03 sys=0.00, real=0.00 secs] 
48.073: Total time for which application threads were stopped: 0.0038130 seconds, Stopping threads took: 0.0000830 seconds
48.109: Application time: 0.0359200 seconds
48.110: [GC48.110: [ParNew: 17122K->17122K(18432K), 0.0000100 secs]48.110: [Tenured: 34323K->23636K(40960K), 0.0096790 secs] 51445K->23636K(59392K), [Perm : 6074K->6074K(21248K)], 0.0097370 secs] [Times: user=0.01 sys=0.00, real=0.01 secs] 
48.119: Total time for which application threads were stopped: 0.0099230 seconds, Stopping threads took: 0.0001160 seconds
48.193: Application time: 0.0732180 seconds
48.193: [GC48.193: [ParNew: 15688K->1425K(18432K), 0.0033730 secs] 39325K->35037K(59392K), 0.0034140 secs] [Times: user=0.03 sys=0.00, real=0.01 secs] 
48.196: Total time for which application threads were stopped: 0.0035420 seconds, Stopping threads took: 0.0000630 seconds
48.236: Application time: 0.0402680 seconds
48.236: [GC48.236: [ParNew: 17113K->17113K(18432K), 0.0000090 secs]48.236: [Tenured: 33612K->24349K(40960K), 0.0091010 secs] 50726K->24349K(59392K), [Perm : 6074K->6074K(21248K)], 0.0091570 secs] [Times: user=0.01 sys=0.00, real=0.01 secs] 
48.246: Total time for which application threads were stopped: 0.0092880 seconds, Stopping threads took: 0.0000640 seconds
48.291: Application time: 0.0453390 seconds
48.291: [GC48.291: [ParNew: 15688K->1425K(18432K), 0.0036810 secs] 40038K->36463K(59392K), 0.0037230 secs] [Times: user=0.03 sys=0.00, real=0.01 secs] 
48.295: Total time for which application threads were stopped: 0.0039030 seconds, Stopping threads took: 0.0001140 seconds
48.360: Application time: 0.0646810 seconds
48.360: [GC48.360: [ParNew: 17122K->17122K(18432K), 0.0000110 secs]48.360: [Tenured: 35037K->24350K(40960K), 0.0097250 secs] 52160K->24350K(59392K), [Perm : 6074K->6074K(21248K)], 0.0097830 secs] [Times: user=0.01 sys=0.00, real=0.01 secs] 
48.369: Total time for which application threads were stopped: 0.0099280 seconds, Stopping threads took: 0.0000810 seconds
48.428: Application time: 0.0582900 seconds
48.428: [GC48.428: [ParNew: 15689K->1425K(18432K), 0.0037080 secs] 40039K->36464K(59392K), 0.0037520 secs] [Times: user=0.03 sys=0.00, real=0.00 secs] 
48.432: Total time for which application threads were stopped: 0.0039680 seconds, Stopping threads took: 0.0001300 seconds
48.457: Application time: 0.0251320 seconds
48.457: [GC48.457: [ParNew: 17122K->17122K(18432K), 0.0000110 secs]48.457: [Tenured: 35039K->25061K(40960K), 0.0109830 secs] 52161K->25061K(59392K), [Perm : 6074K->6074K(21248K)], 0.0110430 secs] [Times: user=0.01 sys=0.00, real=0.01 secs] 
48.468: Total time for which application threads were stopped: 0.0113320 seconds, Stopping threads took: 0.0002070 seconds
48.537: Application time: 0.0684480 seconds
48.537: [GC48.537: [ParNew: 15697K->1431K(18432K), 0.0036830 secs] 40758K->37181K(59392K), 0.0037270 secs] [Times: user=0.03 sys=0.00, real=0.00 secs] 
48.541: Total time for which application threads were stopped: 0.0038540 seconds, Stopping threads took: 0.0000620 seconds
48.589: Application time: 0.0482090 seconds
48.589: [GC48.589: [ParNew: 17120K->17120K(18432K), 0.0000110 secs]48.589: [Tenured: 35750K->25774K(40960K), 0.0100110 secs] 52870K->25774K(59392K), [Perm : 6075K->6075K(21248K)], 0.0100690 secs] [Times: user=0.01 sys=0.00, real=0.01 secs] 
48.599: Total time for which application threads were stopped: 0.0102230 seconds, Stopping threads took: 0.0000720 seconds
48.660: Application time: 0.0607300 seconds
48.660: [GC48.660: [ParNew: 15689K->15689K(18432K), 0.0000100 secs]48.660: [Tenured: 25774K->27199K(40960K), 0.0096230 secs] 41463K->27199K(59392K), [Perm : 6075K->6075K(21248K)], 0.0096820 secs] [Times: user=0.01 sys=0.00, real=0.01 secs] 
48.670: Total time for which application threads were stopped: 0.0098530 seconds, Stopping threads took: 0.0001040 seconds
48.710: Application time: 0.0402020 seconds
48.710: [GC48.710: [ParNew: 15697K->15697K(18432K), 0.0000100 secs]48.710: [Tenured: 27199K->26488K(40960K), 0.0089820 secs] 42897K->26488K(59392K), [Perm : 6075K->6075K(21248K)], 0.0090400 secs] [Times: user=0.01 sys=0.00, real=0.01 secs] 
48.719: Total time for which application threads were stopped: 0.0091970 seconds, Stopping threads took: 0.0000880 seconds
48.780: Application time: 0.0606920 seconds
48.780: [GC48.780: [ParNew: 15688K->15688K(18432K), 0.0000100 secs]48.780: [Tenured: 26488K->27911K(40960K), 0.0104740 secs] 42177K->27911K(59392K), [Perm : 6075K->6075K(21248K)], 0.0105330 secs] [Times: user=0.01 sys=0.00, real=0.01 secs] 
48.790: Total time for which application threads were stopped: 0.0106740 seconds, Stopping threads took: 0.0000740 seconds
48.839: Application time: 0.0490130 seconds
48.839: [GC48.839: [ParNew: 15697K->15697K(18432K), 0.0000100 secs]48.840: [Tenured: 27911K->27200K(40960K), 0.0105660 secs] 43609K->27200K(59392K), [Perm : 6075K->6075K(21248K)], 0.0106270 secs] [Times: user=0.01 sys=0.00, real=0.01 secs] 
48.850: Total time for which application threads were stopped: 0.0108080 seconds, Stopping threads took: 0.0001100 seconds
48.894: Application time: 0.0436120 seconds
48.894: [GC48.894: [ParNew: 15688K->15688K(18432K), 0.0000110 secs]48.894: [Tenured: 27200K->28625K(40960K), 0.0094250 secs] 42889K->28625K(59392K), [Perm : 6075K->6075K(21248K)], 0.0094850 secs] [Times: user=0.01 sys=0.00, real=0.02 secs] 
48.903: Total time for which application threads were stopped: 0.0096360 seconds, Stopping threads took: 0.0000810 seconds
48.958: Application time: 0.0547820 seconds
48.958: [GC48.958: [ParNew: 15705K->15705K(18432K), 0.0000110 secs]48.958: [Tenured: 28625K->27914K(40960K), 0.0105980 secs] 44330K->27914K(59392K), [Perm : 6075K->6075K(21248K)], 0.0106590 secs] [Times: user=0.01 sys=0.00, real=0.01 secs] 
48.969: Total time for which application threads were stopped: 0.0108840 seconds, Stopping threads took: 0.0001270 seconds
49.027: Application time: 0.0579930 seconds
49.027: [GC49.027: [ParNew: 15688K->15688K(18432K), 0.0000100 secs]49.027: [Tenured: 27914K->29336K(40960K), 0.0118240 secs] 43602K->29336K(59392K), [Perm : 6075K->6075K(21248K)], 0.0118840 secs] [Times: user=0.01 sys=0.00, real=0.01 secs] 
49.039: Total time for which application threads were stopped: 0.0120570 seconds, Stopping threads took: 0.0000850 seconds
49.075: Application time: 0.0362840 seconds
49.076: [GC49.076: [ParNew: 15688K->15688K(18432K), 0.0000110 secs]49.076: [Tenured: 29336K->29336K(40960K), 0.0092390 secs] 45025K->29336K(59392K), [Perm : 6075K->6075K(21248K)], 0.0093000 secs] [Times: user=0.01 sys=0.00, real=0.01 secs] 
49.085: Total time for which application threads were stopped: 0.0094410 seconds, Stopping threads took: 0.0000730 seconds
49.149: Application time: 0.0636820 seconds
49.149: [GC49.149: [ParNew: 15688K->15688K(18432K), 0.0000110 secs]49.149: [Tenured: 29336K->30049K(40960K), 0.0100680 secs] 45025K->30049K(59392K), [Perm : 6075K->6075K(21248K)], 0.0101290 secs] [Times: user=0.01 sys=0.00, real=0.01 secs] 
49.159: Total time for which application threads were stopped: 0.0102950 seconds, Stopping threads took: 0.0000870 seconds
49.189: Application time: 0.0299110 seconds
49.189: [GC49.189: [ParNew: 15724K->15724K(18432K), 0.0000090 secs]49.189: [Tenured: 30049K->30790K(40960K), 0.0095940 secs] 45773K->30790K(59392K), [Perm : 6075K->6075K(21248K)], 0.0096550 secs] [Times: user=0.01 sys=0.00, real=0.01 secs] 
49.199: Total time for which application threads were stopped: 0.0099440 seconds, Stopping threads took: 0.0001980 seconds
49.212: Application time: 0.0130290 seconds
49.212: [GC49.212: [ParNew: 15681K->15681K(18432K), 0.0000100 secs]49.212: [Tenured: 30790K->28623K(40960K), 0.0110980 secs] 46472K->28623K(59392K), [Perm : 6075K->6075K(21248K)], 0.0111660 secs] [Times: user=0.01 sys=0.00, real=0.02 secs] 
49.223: Total time for which application threads were stopped: 0.0113110 seconds, Stopping threads took: 0.0000730 seconds
49.238: Application time: 0.0149330 seconds
49.238: [GC49.238: [ParNew: 15685K->15685K(18432K), 0.0000100 secs]49.238: [Tenured: 28623K->29336K(40960K), 0.0088670 secs] 44309K->29336K(59392K), [Perm : 6075K->6075K(21248K)], 0.0089230 secs] [Times: user=0.01 sys=0.00, real=0.01 secs] 
49.247: Total time for which application threads were stopped: 0.0090870 seconds, Stopping threads took: 0.0000820 seconds
49.259: Application time: 0.0118920 seconds
49.259: [GC49.259: [ParNew: 15681K->15681K(18432K), 0.0000110 secs]49.259: [Tenured: 29336K->30048K(40960K), 0.0092990 secs] 45018K->30048K(59392K), [Perm : 6075K->6075K(21248K)], 0.0093570 secs] [Times: user=0.01 sys=0.00, real=0.01 secs] 
49.268: Total time for which application threads were stopped: 0.0094990 seconds, Stopping threads took: 0.0000710 seconds
49.279: Application time: 0.0107530 seconds
49.279: [GC49.279: [ParNew: 15681K->15681K(18432K), 0.0000100 secs]49.279: [Tenured: 30048K->30048K(40960K), 0.0093570 secs] 45730K->30048K(59392K), [Perm : 6075K->6075K(21248K)], 0.0094170 secs] [Times: user=0.01 sys=0.00, real=0.01 secs] 
49.289: Total time for which application threads were stopped: 0.0096120 seconds, Stopping threads took: 0.0001240 seconds
49.305: Application time: 0.0159710 seconds
49.305: [GC49.305: [ParNew: 15686K->15686K(18432K), 0.0000100 secs]49.305: [Tenured: 30048K->29336K(40960K), 0.0089340 secs] 45735K->29336K(59392K), [Perm : 6075K->6075K(21248K)], 0.0089940 secs] [Times: user=0.01 sys=0.00, real=0.00 secs] 
49.314: Total time for which application threads were stopped: 0.0091520 seconds, Stopping threads took: 0.0000880 seconds
49.327: Application time: 0.0133900 seconds
49.327: [GC49.327: [ParNew: 15681K->15681K(18432K), 0.0000100 secs]49.328: [Tenured: 29336K->28623K(40960K), 0.0086850 secs] 45017K->28623K(59392K), [Perm : 6075K->6075K(21248K)], 0.0087420 secs] [Times: user=0.01 sys=0.00, real=0.01 secs] 
49.336: Total time for which application threads were stopped: 0.0089350 seconds, Stopping threads took: 0.0001250 seconds
49.347: Application time: 0.0109640 seconds
49.347: [GC49.347: [ParNew: 15692K->15692K(18432K), 0.0000090 secs]49.347: [Tenured: 28623K->30049K(40960K), 0.0096040 secs] 44316K->30049K(59392K), [Perm : 6075K->6075K(21248K)], 0.0096650 secs] [Times: user=0.01 sys=0.00, real=0.01 secs] 
49.357: Total time for which application threads were stopped: 0.0098900 seconds, Stopping threads took: 0.0001350 seconds
49.367: Application time: 0.0102510 seconds
49.367: [GC49.367: [ParNew: 15683K->15683K(18432K), 0.0000120 secs]49.368: [Tenured: 30049K->30049K(40960K), 0.0097680 secs] 45732K->30049K(59392K), [Perm : 6075K->6075K(21248K)], 0.0098310 secs] [Times: user=0.01 sys=0.00, real=0.01 secs] 
49.377: Total time for which application threads were stopped: 0.0099740 seconds, Stopping threads took: 0.0000680 seconds
49.390: Application time: 0.0130510 seconds
49.391: [GC49.391: [ParNew: 15680K->15680K(18432K), 0.0000110 secs]49.391: [Tenured: 30049K->30048K(40960K), 0.0097230 secs] 45729K->30048K(59392K), [Perm : 6075K->6075K(21248K)], 0.0097850 secs] [Times: user=0.01 sys=0.00, real=0.01 secs] 
49.400: Total time for which application threads were stopped: 0.0099410 seconds, Stopping threads took: 0.0000850 seconds
49.443: Application time: 0.0430460 seconds
49.444: [GC49.444: [ParNew: 16112K->16112K(18432K), 0.0000100 secs]49.444: [Tenured: 30048K->26517K(40960K), 0.0098280 secs] 46161K->26517K(59392K), [Perm : 6075K->6075K(21248K)], 0.0098870 secs] [Times: user=0.01 sys=0.00, real=0.00 secs] 
49.454: Total time for which application threads were stopped: 0.0101550 seconds, Stopping threads took: 0.0001990 seconds
49.472: Application time: 0.0181310 seconds
49.472: [GC49.472: [ParNew: 16019K->16019K(18432K), 0.0000100 secs]49.472: [Tenured: 26517K->28652K(40960K), 0.0092200 secs] 42536K->28652K(59392K), [Perm : 6075K->6075K(21248K)], 0.0092870 secs] [Times: user=0.01 sys=0.00, real=0.01 secs] 
49.481: Total time for which application threads were stopped: 0.0094720 seconds, Stopping threads took: 0.0000920 seconds
49.496: Application time: 0.0150990 seconds
49.496: [GC49.496: [ParNew: 15679K->15679K(18432K), 0.0000100 secs]49.496: [Tenured: 28652K->28652K(40960K), 0.0087290 secs] 44332K->28652K(59392K), [Perm : 6075K->6075K(21248K)], 0.0087870 secs] [Times: user=0.01 sys=0.00, real=0.01 secs] 
49.505: Total time for which application threads were stopped: 0.0089570 seconds, Stopping threads took: 0.0000900 seconds
49.516: Application time: 0.0104880 seconds
49.516: [GC49.516: [ParNew: 15689K->15689K(18432K), 0.0000110 secs]49.516: [Tenured: 28652K->28623K(40960K), 0.0110810 secs] 44342K->28623K(59392K), [Perm : 6075K->6075K(21248K)], 0.0111370 secs] [Times: user=0.01 sys=0.00, real=0.01 secs] 
49.527: Total time for which application threads were stopped: 0.0112790 seconds, Stopping threads took: 0.0000720 seconds
49.544: Application time: 0.0171250 seconds
49.544: [GC49.544: [ParNew: 15677K->15677K(18432K), 0.0000100 secs]49.544: [Tenured: 28623K->29335K(40960K), 0.0065110 secs] 44300K->29335K(59392K), [Perm : 6075K->6075K(21248K)], 0.0065630 secs] [Times: user=0.01 sys=0.00, real=0.00 secs] 
49.551: Total time for which application threads were stopped: 0.0067040 seconds, Stopping threads took: 0.0000750 seconds
49.565: Application time: 0.0146570 seconds
49.566: [GC49.566: [ParNew: 15687K->15687K(18432K), 0.0000090 secs]49.566: [Tenured: 29335K->28623K(40960K), 0.0093310 secs] 45023K->28623K(59392K), [Perm : 6075K->6075K(21248K)], 0.0093860 secs] [Times: user=0.01 sys=0.00, real=0.01 secs] 
49.575: Total time for which application threads were stopped: 0.0095270 seconds, Stopping threads took: 0.0000720 seconds
49.587: Application time: 0.0118380 seconds
49.587: [GC49.587: [ParNew: 15682K->15682K(18432K), 0.0000110 secs]49.587: [Tenured: 28623K->28623K(40960K), 0.0094500 secs] 44305K->28623K(59392K), [Perm : 6075K->6075K(21248K)], 0.0095130 secs] [Times: user=0.01 sys=0.00, real=0.01 secs] 
49.597: Total time for which application threads were stopped: 0.0097000 seconds, Stopping threads took: 0.0001160 seconds
49.608: Application time: 0.0116130 seconds
49.608: [GC49.608: [ParNew: 15683K->15683K(18432K), 0.0000110 secs]49.608: [Tenured: 28623K->28623K(40960K), 0.0106070 secs] 44306K->28623K(59392K), [Perm : 6075K->6075K(21248K)], 0.0106710 secs] [Times: user=0.02 sys=0.00, real=0.01 secs] 
49.619: Total time for which application threads were stopped: 0.0108570 seconds, Stopping threads took: 0.0001110 seconds
49.632: Application time: 0.0132970 seconds
49.632: [GC49.632: [ParNew: 15691K->15691K(18432K), 0.0000100 secs]49.632: [Tenured: 28623K->29337K(40960K), 0.0066490 secs] 44314K->29337K(59392K), [Perm : 6075K->6075K(21248K)], 0.0067120 secs] [Times: user=0.01 sys=0.00, real=0.01 secs] 
49.639: Total time for which application threads were stopped: 0.0068530 seconds, Stopping threads took: 0.0000690 seconds
49.650: Application time: 0.0112160 seconds
49.651: [GC49.651: [ParNew: 16331K->16331K(18432K), 0.0000100 secs]49.651: [Tenured: 29337K->26522K(40960K), 0.0090760 secs] 45668K->26522K(59392K), [Perm : 6075K->6075K(21248K)], 0.0091340 secs] [Times: user=0.01 sys=0.00, real=0.01 secs] 
49.660: Total time for which application threads were stopped: 0.0093270 seconds, Stopping threads took: 0.0001200 seconds
49.668: Application time: 0.0082070 seconds
49.668: [GC49.668: [ParNew: 15787K->15787K(18432K), 0.0000110 secs]49.668: [Tenured: 26522K->29365K(40960K), 0.0105900 secs] 42310K->29365K(59392K), [Perm : 6075K->6075K(21248K)], 0.0106510 secs] [Times: user=0.02 sys=0.00, real=0.01 secs] 
49.679: Total time for which application threads were stopped: 0.0108840 seconds, Stopping threads took: 0.0001420 seconds
49.687: Application time: 0.0085260 seconds
49.687: [GC49.687: [ParNew: 15687K->15687K(18432K), 0.0000110 secs]49.687: [Tenured: 29365K->27198K(40960K), 0.0110860 secs] 45053K->27198K(59392K), [Perm : 6075K->6075K(21248K)], 0.0111550 secs] [Times: user=0.01 sys=0.00, real=0.01 secs] 
49.699: Total time for which application threads were stopped: 0.0112960 seconds, Stopping threads took: 0.0000700 seconds
49.711: Application time: 0.0125910 seconds
49.711: [GC49.711: [ParNew: 15681K->15681K(18432K), 0.0000100 secs]49.711: [Tenured: 27198K->26485K(40960K), 0.0090070 secs] 42879K->26485K(59392K), [Perm : 6075K->6075K(21248K)], 0.0090750 secs] [Times: user=0.00 sys=0.00, real=0.01 secs] 
49.720: Total time for which application threads were stopped: 0.0092270 seconds, Stopping threads took: 0.0000700 seconds
49.735: Application time: 0.0148610 seconds
49.735: [GC49.736: [ParNew: 15685K->15685K(18432K), 0.0000100 secs]49.736: [Tenured: 26485K->27198K(40960K), 0.0097060 secs] 42171K->27198K(59392K), [Perm : 6075K->6075K(21248K)], 0.0097680 secs] [Times: user=0.01 sys=0.00, real=0.01 secs] 
49.745: Total time for which application threads were stopped: 0.0099760 seconds, Stopping threads took: 0.0001160 seconds
49.761: Application time: 0.0153530 seconds
49.761: [GC49.761: [ParNew: 16382K->16382K(18432K), 0.0000100 secs]49.761: [Tenured: 27198K->26520K(40960K), 0.0086850 secs] 43580K->26520K(59392K), [Perm : 6075K->6075K(21248K)], 0.0087450 secs] [Times: user=0.00 sys=0.00, real=0.01 secs] 
49.770: Total time for which application threads were stopped: 0.0089260 seconds, Stopping threads took: 0.0001080 seconds
49.778: Application time: 0.0084890 seconds
49.778: [GC49.778: [ParNew: 15739K->15739K(18432K), 0.0000110 secs]49.778: [Tenured: 26520K->26485K(40960K), 0.0104880 secs] 42259K->26485K(59392K), [Perm : 6075K->6075K(21248K)], 0.0105480 secs] [Times: user=0.01 sys=0.00, real=0.01 secs] 
49.789: Total time for which application threads were stopped: 0.0107220 seconds, Stopping threads took: 0.0001050 seconds
49.797: Application time: 0.0082550 seconds
49.798: [GC49.798: [ParNew: 15679K->15679K(18432K), 0.0000100 secs]49.798: [Tenured: 26485K->26485K(40960K), 0.0064690 secs] 42165K->26485K(59392K), [Perm : 6075K->6075K(21248K)], 0.0065280 secs] [Times: user=0.01 sys=0.00, real=0.01 secs] 
49.805: Total time for which application threads were stopped: 0.0076570 seconds, Stopping threads took: 0.0010590 seconds
49.812: Application time: 0.0072430 seconds
49.812: [GC49.812: [ParNew: 15682K->15682K(18432K), 0.0000100 secs]49.812: [Tenured: 26485K->26485K(40960K), 0.0092510 secs] 42167K->26485K(59392K), [Perm : 6075K->6075K(21248K)], 0.0093110 secs] [Times: user=0.01 sys=0.00, real=0.01 secs] 
49.821: Total time for which application threads were stopped: 0.0095110 seconds, Stopping threads took: 0.0001300 seconds
49.829: Application time: 0.0071450 seconds
49.829: [GC49.829: [ParNew: 15684K->15684K(18432K), 0.0000110 secs]49.829: [Tenured: 26485K->27198K(40960K), 0.0095680 secs] 42170K->27198K(59392K), [Perm : 6075K->6075K(21248K)], 0.0096300 secs] [Times: user=0.01 sys=0.00, real=0.01 secs] 
49.839: Total time for which application threads were stopped: 0.0099140 seconds, Stopping threads took: 0.0002110 seconds
49.845: Application time: 0.0069380 seconds
49.846: [GC49.846: [ParNew: 15695K->15695K(18432K), 0.0000110 secs]49.846: [Tenured: 27198K->25773K(40960K), 0.0104800 secs] 42893K->25773K(59392K), [Perm : 6075K->6075K(21248K)], 0.0105430 secs] [Times: user=0.01 sys=0.00, real=0.01 secs] 
49.856: Total time for which application threads were stopped: 0.0107400 seconds, Stopping threads took: 0.0001250 seconds
49.869: Application time: 0.0124700 seconds
49.869: [GC49.869: [ParNew: 15684K->15684K(18432K), 0.0000100 secs]49.869: [Tenured: 25773K->27910K(40960K), 0.0103380 secs] 41457K->27910K(59392K), [Perm : 6075K->6075K(21248K)], 0.0103960 secs] [Times: user=0.01 sys=0.00, real=0.01 secs] 
49.879: Total time for which application threads were stopped: 0.0106510 seconds, Stopping threads took: 0.0001660 seconds
49.886: Application time: 0.0063650 seconds
49.886: [GC49.886: [ParNew: 15683K->15683K(18432K), 0.0000110 secs]49.886: [Tenured: 27910K->28623K(40960K), 0.0094150 secs] 43594K->28623K(59392K), [Perm : 6075K->6075K(21248K)], 0.0094830 secs] [Times: user=0.01 sys=0.00, real=0.01 secs] 
49.895: Total time for which application threads were stopped: 0.0096410 seconds, Stopping threads took: 0.0000850 seconds
49.905: Application time: 0.0091920 seconds
49.905: [GC49.905: [ParNew: 15689K->15689K(18432K), 0.0000110 secs]49.905: [Tenured: 28623K->28624K(40960K), 0.0072120 secs] 44312K->28624K(59392K), [Perm : 6075K->6075K(21248K)], 0.0072700 secs] [Times: user=0.01 sys=0.00, real=0.00 secs] 
49.912: Total time for which application threads were stopped: 0.0075070 seconds, Stopping threads took: 0.0001480 seconds
49.920: Application time: 0.0081010 seconds
49.920: [GC49.920: [ParNew: 15680K->15680K(18432K), 0.0000110 secs]49.920: [Tenured: 28624K->27910K(40960K), 0.0099310 secs] 44304K->27910K(59392K), [Perm : 6075K->6075K(21248K)], 0.0099930 secs] [Times: user=0.01 sys=0.00, real=0.01 secs] 
49.930: Total time for which application threads were stopped: 0.0101980 seconds, Stopping threads took: 0.0001330 seconds
49.937: Application time: 0.0062000 seconds
49.937: [GC49.937: [ParNew: 15682K->15682K(18432K), 0.0000110 secs]49.937: [Tenured: 27910K->27910K(40960K), 0.0099430 secs] 43593K->27910K(59392K), [Perm : 6075K->6075K(21248K)], 0.0100020 secs] [Times: user=0.01 sys=0.00, real=0.01 secs] 
49.947: Total time for which application threads were stopped: 0.0101890 seconds, Stopping threads took: 0.0001170 seconds
49.957: Application time: 0.0106050 seconds
49.958: [GC49.958: [ParNew: 15691K->15691K(18432K), 0.0000100 secs]49.958: [Tenured: 27910K->26485K(40960K), 0.0098980 secs] 43602K->26485K(59392K), [Perm : 6075K->6075K(21248K)], 0.0099590 secs] [Times: user=0.01 sys=0.00, real=0.01 secs] 
49.968: Total time for which application threads were stopped: 0.0101530 seconds, Stopping threads took: 0.0001240 seconds
49.981: Application time: 0.0134550 seconds
49.981: [GC49.981: [ParNew: 15689K->15689K(18432K), 0.0000100 secs]49.981: [Tenured: 26485K->28624K(40960K), 0.0069340 secs] 42174K->28624K(59392K), [Perm : 6075K->6075K(21248K)], 0.0069930 secs] [Times: user=0.01 sys=0.00, real=0.01 secs] 
49.988: Total time for which application threads were stopped: 0.0071800 seconds, Stopping threads took: 0.0001060 seconds
49.999: Application time: 0.0106510 seconds
49.999: [GC49.999: [ParNew: 16318K->16318K(18432K), 0.0000100 secs]49.999: [Tenured: 28624K->23642K(40960K), 0.0107540 secs] 44942K->23642K(59392K), [Perm : 6076K->6076K(21248K)], 0.0108120 secs] [Times: user=0.02 sys=0.00, real=0.01 secs] 
50.010: Total time for which application threads were stopped: 0.0110290 seconds, Stopping threads took: 0.0001280 seconds
50.018: Application time: 0.0078770 seconds
50.018: [GC50.018: [ParNew: 15802K->1437K(18432K), 0.0019730 secs] 39445K->30067K(59392K), 0.0020150 secs] [Times: user=0.00 sys=0.01, real=0.00 secs] 
50.020: Total time for which application threads were stopped: 0.0021930 seconds, Stopping threads took: 0.0001120 seconds
50.028: Application time: 0.0083280 seconds
50.028: [GC50.028: [ParNew: 17116K->17116K(18432K), 0.0000110 secs]50.028: [Tenured: 28630K->26485K(40960K), 0.0093270 secs] 45747K->26485K(59392K), [Perm : 6076K->6076K(21248K)], 0.0093870 secs] [Times: user=0.01 sys=0.00, real=0.01 secs] 
50.038: Total time for which application threads were stopped: 0.0095830 seconds, Stopping threads took: 0.0001270 seconds
50.053: Application time: 0.0151600 seconds
50.053: [GC50.053: [ParNew: 15688K->15688K(18432K), 0.0000100 secs]50.053: [Tenured: 26485K->26486K(40960K), 0.0074260 secs] 42173K->26486K(59392K), [Perm : 6076K->6076K(21248K)], 0.0074860 secs] [Times: user=0.01 sys=0.00, real=0.01 secs] 
50.061: Total time for which application threads were stopped: 0.0076830 seconds, Stopping threads took: 0.0001250 seconds
50.073: Application time: 0.0123880 seconds
50.073: [GC50.073: [ParNew: 15687K->15687K(18432K), 0.0000110 secs]50.073: [Tenured: 26486K->25772K(40960K), 0.0094290 secs] 42174K->25772K(59392K), [Perm : 6076K->6076K(21248K)], 0.0094940 secs] [Times: user=0.01 sys=0.00, real=0.02 secs] 
50.083: Total time for which application threads were stopped: 0.0096350 seconds, Stopping threads took: 0.0000700 seconds
50.098: Application time: 0.0152350 seconds
50.098: [GC50.098: [ParNew: 15679K->15679K(18432K), 0.0000100 secs]50.098: [Tenured: 25772K->25772K(40960K), 0.0088580 secs] 41452K->25772K(59392K), [Perm : 6076K->6076K(21248K)], 0.0089150 secs] [Times: user=0.01 sys=0.00, real=0.01 secs] 
50.107: Total time for which application threads were stopped: 0.0090880 seconds, Stopping threads took: 0.0001010 seconds
50.120: Application time: 0.0125090 seconds
50.120: [GC50.120: [ParNew: 15689K->15689K(18432K), 0.0000110 secs]50.120: [Tenured: 25772K->25060K(40960K), 0.0091370 secs] 41462K->25060K(59392K), [Perm : 6076K->6076K(21248K)], 0.0091940 secs] [Times: user=0.01 sys=0.00, real=0.01 secs] 
50.129: Total time for which application threads were stopped: 0.0093380 seconds, Stopping threads took: 0.0000740 seconds
50.142: Application time: 0.0131710 seconds
50.142: [GC50.142: [ParNew: 15680K->1425K(18432K), 0.0011480 secs] 40740K->28622K(59392K), 0.0011810 secs] [Times: user=0.01 sys=0.00, real=0.00 secs] 
50.143: Total time for which application threads were stopped: 0.0013120 seconds, Stopping threads took: 0.0000730 seconds
50.155: Application time: 0.0114240 seconds
50.155: [GC50.155: [ParNew: 17107K->17107K(18432K), 0.0000090 secs]50.155: [Tenured: 27197K->26485K(40960K), 0.0092910 secs] 44305K->26485K(59392K), [Perm : 6076K->6076K(21248K)], 0.0093480 secs] [Times: user=0.01 sys=0.00, real=0.01 secs] 
50.164: Total time for which application threads were stopped: 0.0095300 seconds, Stopping threads took: 0.0001120 seconds
50.178: Application time: 0.0132290 seconds
50.178: [GC50.178: [ParNew: 15690K->15690K(18432K), 0.0000110 secs]50.178: [Tenured: 26485K->25773K(40960K), 0.0095690 secs] 42176K->25773K(59392K), [Perm : 6076K->6076K(21248K)], 0.0096310 secs] [Times: user=0.01 sys=0.00, real=0.01 secs] 
50.187: Total time for which application threads were stopped: 0.0097750 seconds, Stopping threads took: 0.0000710 seconds
50.198: Application time: 0.0105540 seconds
50.198: [GC50.198: [ParNew: 15677K->15677K(18432K), 0.0000110 secs]50.198: [Tenured: 25773K->22931K(40960K), 0.0098480 secs] 41450K->22931K(59392K), [Perm : 6076K->6076K(21248K)], 0.0099180 secs] [Times: user=0.00 sys=0.01, real=0.01 secs] 
50.208: Total time for which application threads were stopped: 0.0100880 seconds, Stopping threads took: 0.0000900 seconds
50.216: Application time: 0.0079400 seconds
50.216: [GC50.216: [ParNew: 15726K->1437K(18432K), 0.0014960 secs] 38657K->27218K(59392K), 0.0015280 secs] [Times: user=0.01 sys=0.00, real=0.00 secs] 
50.218: Total time for which application threads were stopped: 0.0017980 seconds, Stopping threads took: 0.0002010 seconds
50.232: Application time: 0.0138070 seconds
50.232: [GC50.232: [ParNew: 17126K->17126K(18432K), 0.0000110 secs]50.232: [Tenured: 25781K->24347K(40960K), 0.0104840 secs] 42908K->24347K(59392K), [Perm : 6076K->6076K(21248K)], 0.0105440 secs] [Times: user=0.01 sys=0.00, real=0.02 secs] 
50.242: Total time for which application threads were stopped: 0.0107550 seconds, Stopping threads took: 0.0001390 seconds
50.256: Application time: 0.0137450 seconds
50.256: [GC50.256: [ParNew: 15687K->1435K(18432K), 0.0018280 secs] 40035K->29345K(59392K), 0.0018680 secs] [Times: user=0.01 sys=0.00, real=0.00 secs] 
50.258: Total time for which application threads were stopped: 0.0020100 seconds, Stopping threads took: 0.0000700 seconds
50.270: Application time: 0.0123300 seconds
50.270: [GC50.270: [ParNew: 17116K->17116K(18432K), 0.0000110 secs]50.271: [Tenured: 27910K->25060K(40960K), 0.0100170 secs] 45026K->25060K(59392K), [Perm : 6076K->6076K(21248K)], 0.0100790 secs] [Times: user=0.01 sys=0.00, real=0.01 secs] 
50.281: Total time for which application threads were stopped: 0.0102220 seconds, Stopping threads took: 0.0000720 seconds
50.297: Application time: 0.0165990 seconds
50.297: [GC50.297: [ParNew: 15687K->1437K(18432K), 0.0008130 secs] 40747K->27922K(59392K), 0.0008540 secs] [Times: user=0.00 sys=0.00, real=0.00 secs] 
50.298: Total time for which application threads were stopped: 0.0010120 seconds, Stopping threads took: 0.0001000 seconds
50.311: Application time: 0.0127910 seconds
50.311: [GC50.311: [ParNew: 17119K->17119K(18432K), 0.0000100 secs]50.311: [Tenured: 26485K->25060K(40960K), 0.0092350 secs] 43604K->25060K(59392K), [Perm : 6076K->6076K(21248K)], 0.0092950 secs] [Times: user=0.01 sys=0.00, real=0.01 secs] 
50.320: Total time for which application threads were stopped: 0.0094560 seconds, Stopping threads took: 0.0000890 seconds
50.334: Application time: 0.0131020 seconds
50.334: [GC50.334: [ParNew: 15681K->1425K(18432K), 0.0012960 secs] 40741K->28623K(59392K), 0.0013310 secs] [Times: user=0.01 sys=0.00, real=0.01 secs] 
50.335: Total time for which application threads were stopped: 0.0014680 seconds, Stopping threads took: 0.0000760 seconds
50.346: Application time: 0.0106500 seconds
50.346: [GC50.346: [ParNew: 17117K->17117K(18432K), 0.0000100 secs]50.346: [Tenured: 27197K->25059K(40960K), 0.0106200 secs] 44315K->25059K(59392K), [Perm : 6076K->6076K(21248K)], 0.0106790 secs] [Times: user=0.01 sys=0.00, real=0.01 secs] 
50.357: Total time for which application threads were stopped: 0.0111510 seconds, Stopping threads took: 0.0004020 seconds
50.368: Application time: 0.0110210 seconds
50.368: [GC50.368: [ParNew: 15719K->1467K(18432K), 0.0012920 secs] 40779K->29377K(59392K), 0.0013250 secs] [Times: user=0.01 sys=0.00, real=0.00 secs] 
50.369: Total time for which application threads were stopped: 0.0014970 seconds, Stopping threads took: 0.0001150 seconds
50.378: Application time: 0.0084960 seconds
50.378: [GC50.378: [ParNew: 17748K->17748K(18432K), 0.0000110 secs]50.378: [Tenured: 27910K->21532K(40960K), 0.0105160 secs] 45658K->21532K(59392K), [Perm : 6076K->6076K(21248K)], 0.0105770 secs] [Times: user=0.01 sys=0.00, real=0.01 secs] 
50.389: Total time for which application threads were stopped: 0.0107910 seconds, Stopping threads took: 0.0001350 seconds
50.396: Application time: 0.0075720 seconds
50.396: [GC50.396: [ParNew: 15844K->1433K(18432K), 0.0018330 secs] 37376K->27241K(59392K), 0.0018730 secs] [Times: user=0.01 sys=0.01, real=0.00 secs] 
50.398: Total time for which application threads were stopped: 0.0020500 seconds, Stopping threads took: 0.0001130 seconds
50.405: Application time: 0.0065310 seconds
50.405: [GC50.405: [ParNew: 17122K->1437K(18432K), 0.0020480 secs] 42930K->32264K(59392K), 0.0020920 secs] [Times: user=0.01 sys=0.00, real=0.00 secs] 
50.407: Total time for which application threads were stopped: 0.0022850 seconds, Stopping threads took: 0.0001250 seconds
50.415: Application time: 0.0080070 seconds
50.415: [GC50.415: [ParNew: 17120K->17120K(18432K), 0.0000110 secs]50.415: [Tenured: 30827K->23663K(40960K), 0.0100390 secs] 47948K->23663K(59392K), [Perm : 6076K->6076K(21248K)], 0.0100990 secs] [Times: user=0.01 sys=0.00, real=0.01 secs] 
50.425: Total time for which application threads were stopped: 0.0102410 seconds, Stopping threads took: 0.0000720 seconds
50.434: Application time: 0.0086960 seconds
50.434: [GC50.434: [ParNew: 15685K->1435K(18432K), 0.0011390 secs] 39349K->27236K(59392K), 0.0011700 secs] [Times: user=0.00 sys=0.00, real=0.00 secs] 
50.435: Total time for which application threads were stopped: 0.0013180 seconds, Stopping threads took: 0.0000900 seconds
50.443: Application time: 0.0078650 seconds
50.443: [GC50.443: [ParNew: 17122K->1437K(18432K), 0.0020490 secs] 42923K->32257K(59392K), 0.0020880 secs] [Times: user=0.01 sys=0.00, real=0.00 secs] 
50.445: Total time for which application threads were stopped: 0.0022600 seconds, Stopping threads took: 0.0001070 seconds
50.454: Application time: 0.0084010 seconds
50.454: [GC50.454: [ParNew: 17118K->17118K(18432K), 0.0000120 secs]50.454: [Tenured: 30820K->25088K(40960K), 0.0102550 secs] 47939K->25088K(59392K), [Perm : 6076K->6076K(21248K)], 0.0103240 secs] [Times: user=0.01 sys=0.00, real=0.01 secs] 
50.464: Total time for which application threads were stopped: 0.0105160 seconds, Stopping threads took: 0.0001140 seconds
50.473: Application time: 0.0087890 seconds
50.473: [GC50.473: [ParNew: 15679K->1425K(18432K), 0.0007200 secs] 40767K->27225K(59392K), 0.0007520 secs] [Times: user=0.01 sys=0.00, real=0.01 secs] 
50.474: Total time for which application threads were stopped: 0.0009010 seconds, Stopping threads took: 0.0000900 seconds
50.483: Application time: 0.0088220 seconds
50.483: [GC50.483: [ParNew: 17115K->1435K(18432K), 0.0019180 secs] 42916K->32223K(59392K), 0.0019580 secs] [Times: user=0.01 sys=0.00, real=0.00 secs] 
50.485: Total time for which application threads were stopped: 0.0021440 seconds, Stopping threads took: 0.0001050 seconds
50.493: Application time: 0.0079030 seconds
50.493: [GC50.493: [ParNew: 17123K->17123K(18432K), 0.0000110 secs]50.493: [Tenured: 30788K->23635K(40960K), 0.0106580 secs] 47912K->23635K(59392K), [Perm : 6076K->6076K(21248K)], 0.0107190 secs] [Times: user=0.01 sys=0.00, real=0.02 secs] 
50.504: Total time for which application threads were stopped: 0.0109080 seconds, Stopping threads took: 0.0001180 seconds
50.511: Application time: 0.0068560 seconds
50.511: [GC50.511: [ParNew: 15681K->1425K(18432K), 0.0011450 secs] 39316K->27198K(59392K), 0.0011830 secs] [Times: user=0.01 sys=0.00, real=0.00 secs] 
50.512: Total time for which application threads were stopped: 0.0013750 seconds, Stopping threads took: 0.0001260 seconds
50.519: Application time: 0.0067710 seconds
50.519: [GC50.519: [ParNew: 17108K->1425K(18432K), 0.0016420 secs] 42881K->30761K(59392K), 0.0016800 secs] [Times: user=0.01 sys=0.00, real=0.00 secs] 
50.521: Total time for which application threads were stopped: 0.0018520 seconds, Stopping threads took: 0.0001080 seconds
50.528: Application time: 0.0070070 seconds
50.528: [GC50.528: [ParNew: 17115K->1435K(18432K), 0.0019220 secs] 46451K->35759K(59392K), 0.0019600 secs] [Times: user=0.02 sys=0.00, real=0.00 secs] 
50.530: Total time for which application threads were stopped: 0.0021380 seconds, Stopping threads took: 0.0001110 seconds
50.536: Application time: 0.0065030 seconds
50.537: [GC50.537: [ParNew: 17119K->17119K(18432K), 0.0000100 secs]50.537: [Tenured: 34324K->26485K(40960K), 0.0102500 secs] 51443K->26485K(59392K), [Perm : 6076K->6076K(21248K)], 0.0103090 secs] [Times: user=0.01 sys=0.00, real=0.01 secs] 
50.547: Total time for which application threads were stopped: 0.0105110 seconds, Stopping threads took: 0.0001310 seconds
50.553: Application time: 0.0063910 seconds
50.553: [GC50.554: [ParNew: 15690K->1437K(18432K), 0.0011560 secs] 42176K->30061K(59392K), 0.0011890 secs] [Times: user=0.01 sys=0.00, real=0.01 secs] 
50.555: Total time for which application threads were stopped: 0.0013820 seconds, Stopping threads took: 0.0001330 seconds
50.560: Application time: 0.0056510 seconds
50.561: [GC50.561: [ParNew: 17122K->1425K(18432K), 0.0021630 secs] 45746K->35789K(59392K), 0.0022070 secs] [Times: user=0.02 sys=0.00, real=0.01 secs] 
50.563: Total time for which application threads were stopped: 0.0023940 seconds, Stopping threads took: 0.0001180 seconds
50.570: Application time: 0.0070140 seconds
50.570: [GC50.570: [ParNew: 17107K->17107K(18432K), 0.0000110 secs]50.570: [Tenured: 34364K->27198K(40960K), 0.0096280 secs] 51472K->27198K(59392K), [Perm : 6076K->6076K(21248K)], 0.0096880 secs] [Times: user=0.01 sys=0.00, real=0.01 secs] 
50.580: Total time for which application threads were stopped: 0.0099220 seconds, Stopping threads took: 0.0001630 seconds
50.589: Application time: 0.0093030 seconds
50.589: [GC50.589: [ParNew: 15688K->1441K(18432K), 0.0013450 secs] 42886K->30776K(59392K), 0.0013770 secs] [Times: user=0.01 sys=0.00, real=0.00 secs] 
50.591: Total time for which application threads were stopped: 0.0015550 seconds, Stopping threads took: 0.0001210 seconds
50.646: Application time: 0.0558160 seconds
50.646: [GC50.646: [ParNew: 17136K->1435K(18432K), 0.0039490 secs] 46472K->42195K(59392K), 0.0039920 secs] [Times: user=0.03 sys=0.00, real=0.00 secs] 
50.650: Total time for which application threads were stopped: 0.0041200 seconds, Stopping threads took: 0.0000630 seconds
50.724: Application time: 0.0739640 seconds
50.725: [GC50.725: [ParNew: 17126K->17126K(18432K), 0.0000110 secs]50.725: [Tenured: 40759K->25772K(40960K), 0.0102570 secs] 57886K->25772K(59392K), [Perm : 6076K->6076K(21248K)], 0.0103160 secs] [Times: user=0.01 sys=0.00, real=0.01 secs] 
50.735: Total time for which application threads were stopped: 0.0104900 seconds, Stopping threads took: 0.0001070 seconds
50.795: Application time: 0.0602390 seconds
50.795: [GC50.795: [ParNew: 15700K->1427K(18432K), 0.0045630 secs] 41472K->41449K(59392K), 0.0046050 secs] [Times: user=0.03 sys=0.00, real=0.00 secs] 
50.800: Total time for which application threads were stopped: 0.0048320 seconds, Stopping threads took: 0.0001630 seconds
50.867: Application time: 0.0670400 seconds
50.867: [GC50.867: [ParNew: 17118K->17118K(18432K), 0.0000110 secs]50.867: [Tenured: 40022K->24347K(40960K), 0.0107940 secs] 57141K->24347K(59392K), [Perm : 6076K->6076K(21248K)], 0.0108550 secs] [Times: user=0.01 sys=0.00, real=0.01 secs] 
50.878: Total time for which application threads were stopped: 0.0109980 seconds, Stopping threads took: 0.0000650 seconds
50.952: Application time: 0.0739960 seconds
50.952: [GC50.952: [ParNew: 15691K->1427K(18432K), 0.0044920 secs] 40039K->39312K(59392K), 0.0045330 secs] [Times: user=0.03 sys=0.00, real=0.01 secs] 
50.957: Total time for which application threads were stopped: 0.0046590 seconds, Stopping threads took: 0.0000620 seconds
51.023: Application time: 0.0660240 seconds
51.023: [GC51.023: [ParNew: 17127K->17127K(18432K), 0.0000100 secs]51.023: [Tenured: 37885K->24348K(40960K), 0.0097880 secs] 55012K->24348K(59392K), [Perm : 6076K->6076K(21248K)], 0.0098450 secs] [Times: user=0.01 sys=0.00, real=0.00 secs] 
51.033: Total time for which application threads were stopped: 0.0099810 seconds, Stopping threads took: 0.0000570 seconds
51.084: Application time: 0.0511950 seconds
51.084: [GC51.084: [ParNew: 15691K->1425K(18432K), 0.0045710 secs] 40039K->40023K(59392K), 0.0046140 secs] [Times: user=0.03 sys=0.00, real=0.00 secs] 
51.089: Total time for which application threads were stopped: 0.0048190 seconds, Stopping threads took: 0.0001200 seconds
51.171: Application time: 0.0824520 seconds
51.171: [GC51.171: [ParNew: 17125K->17125K(18432K), 0.0000090 secs]51.171: [Tenured: 38598K->25774K(40960K), 0.0092060 secs] 55723K->25774K(59392K), [Perm : 6076K->6076K(21248K)], 0.0092630 secs] [Times: user=0.01 sys=0.00, real=0.01 secs] 
51.181: Total time for which application threads were stopped: 0.0094180 seconds, Stopping threads took: 0.0000910 seconds
51.253: Application time: 0.0728540 seconds
51.254: [GC51.254: [ParNew: 15700K->15700K(18432K), 0.0000100 secs]51.254: [Tenured: 25774K->27200K(40960K), 0.0090260 secs] 41474K->27200K(59392K), [Perm : 6076K->6076K(21248K)], 0.0090840 secs] [Times: user=0.01 sys=0.00, real=0.02 secs] 
51.263: Total time for which application threads were stopped: 0.0092330 seconds, Stopping threads took: 0.0000820 seconds
51.315: Application time: 0.0525370 seconds
51.315: [GC51.315: [ParNew: 15700K->15700K(18432K), 0.0000110 secs]51.315: [Tenured: 27200K->27197K(40960K), 0.0111870 secs] 42900K->27197K(59392K), [Perm : 6076K->6076K(21248K)], 0.0112490 secs] [Times: user=0.01 sys=0.00, real=0.01 secs] 
51.327: Total time for which application threads were stopped: 0.0113830 seconds, Stopping threads took: 0.0000650 seconds
51.401: Application time: 0.0739690 seconds
51.401: [GC51.401: [ParNew: 15691K->15691K(18432K), 0.0000110 secs]51.401: [Tenured: 27197K->27910K(40960K), 0.0107540 secs] 42889K->27910K(59392K), [Perm : 6076K->6076K(21248K)], 0.0108140 secs] [Times: user=0.01 sys=0.00, real=0.01 secs] 
51.412: Total time for which application threads were stopped: 0.0110100 seconds, Stopping threads took: 0.0001250 seconds
51.484: Application time: 0.0728670 seconds
51.485: [GC51.485: [ParNew: 15700K->15700K(18432K), 0.0000110 secs]51.485: [Tenured: 27910K->27198K(40960K), 0.0096980 secs] 43610K->27198K(59392K), [Perm : 6076K->6076K(21248K)], 0.0097670 secs] [Times: user=0.01 sys=0.00, real=0.01 secs] 
51.494: Total time for which application threads were stopped: 0.0099590 seconds, Stopping threads took: 0.0001130 seconds
51.568: Application time: 0.0736880 seconds
51.568: [GC51.568: [ParNew: 15691K->15691K(18432K), 0.0000100 secs]51.568: [Tenured: 27198K->28623K(40960K), 0.0100650 secs] 42890K->28623K(59392K), [Perm : 6076K->6076K(21248K)], 0.0101210 secs] [Times: user=0.01 sys=0.00, real=0.01 secs] 
51.578: Total time for which application threads were stopped: 0.0102680 seconds, Stopping threads took: 0.0000670 seconds
51.652: Application time: 0.0740840 seconds
51.653: [GC51.653: [ParNew: 15708K->15708K(18432K), 0.0000110 secs]51.653: [Tenured: 28623K->28622K(40960K), 0.0108760 secs] 44332K->28622K(59392K), [Perm : 6076K->6076K(21248K)], 0.0109360 secs] [Times: user=0.01 sys=0.00, real=0.02 secs] 
51.664: Total time for which application threads were stopped: 0.0110770 seconds, Stopping threads took: 0.0000710 seconds
51.731: Application time: 0.0673830 seconds
51.731: [GC51.731: [ParNew: 15691K->15691K(18432K), 0.0000100 secs]51.731: [Tenured: 28622K->30760K(40960K), 0.0089830 secs] 44314K->30760K(59392K), [Perm : 6076K->6076K(21248K)], 0.0090420 secs] [Times: user=0.01 sys=0.00, real=0.01 secs] 
51.740: Total time for which application threads were stopped: 0.0091730 seconds, Stopping threads took: 0.0000640 seconds
51.794: Application time: 0.0541980 seconds
51.794: [GC51.794: [ParNew: 15691K->15691K(18432K), 0.0000100 secs]51.795: [Tenured: 30760K->31472K(40960K), 0.0089180 secs] 46451K->31472K(59392K), [Perm : 6076K->6076K(21248K)], 0.0089770 secs] [Times: user=0.01 sys=0.00, real=0.01 secs] 
51.803: Total time for which application threads were stopped: 0.0091610 seconds, Stopping threads took: 0.0001160 seconds
51.877: Application time: 0.0739040 seconds
51.878: [GC51.878: [ParNew: 15699K->15699K(18432K), 0.0000100 secs]51.878: [Tenured: 31472K->27910K(40960K), 0.0098100 secs] 47172K->27910K(59392K), [Perm : 6076K->6076K(21248K)], 0.0098710 secs] [Times: user=0.01 sys=0.00, real=0.01 secs] 
51.887: Total time for which application threads were stopped: 0.0100640 seconds, Stopping threads took: 0.0001260 seconds
51.940: Application time: 0.0520600 seconds
51.940: [GC51.940: [ParNew: 15691K->15691K(18432K), 0.0000110 secs]51.940: [Tenured: 27910K->29335K(40960K), 0.0119930 secs] 43602K->29335K(59392K), [Perm : 6076K->6076K(21248K)], 0.0120550 secs] [Times: user=0.01 sys=0.00, real=0.01 secs] 
51.952: Total time for which application threads were stopped: 0.0121930 seconds, Stopping threads took: 0.0000660 seconds
52.017: Application time: 0.0653170 seconds
52.017: [GC52.017: [ParNew: 15697K->15697K(18432K), 0.0000100 secs]52.017: [Tenured: 29335K->28623K(40960K), 0.0097670 secs] 45033K->28623K(59392K), [Perm : 6076K->6076K(21248K)], 0.0098240 secs] [Times: user=0.01 sys=0.00, real=0.01 secs] 
52.027: Total time for which application threads were stopped: 0.0100390 seconds, Stopping threads took: 0.0001270 seconds
52.095: Application time: 0.0678000 seconds
52.095: [GC52.095: [ParNew: 15691K->15691K(18432K), 0.0000100 secs]52.095: [Tenured: 28623K->30048K(40960K), 0.0110000 secs] 44315K->30048K(59392K), [Perm : 6076K->6076K(21248K)], 0.0110620 secs] [Times: user=0.02 sys=0.00, real=0.01 secs] 
52.106: Total time for which application threads were stopped: 0.0112740 seconds, Stopping threads took: 0.0001130 seconds
52.175: Application time: 0.0686070 seconds
52.175: [GC52.175: [ParNew: 15699K->15699K(18432K), 0.0000110 secs]52.175: [Tenured: 30048K->27197K(40960K), 0.0111540 secs] 45748K->27197K(59392K), [Perm : 6076K->6076K(21248K)], 0.0112150 secs] [Times: user=0.02 sys=0.00, real=0.01 secs] 
52.186: Total time for which application threads were stopped: 0.0114830 seconds, Stopping threads took: 0.0001780 seconds
52.248: Application time: 0.0617880 seconds
52.248: [GC52.248: [ParNew: 15700K->15700K(18432K), 0.0000100 secs]52.248: [Tenured: 27197K->26485K(40960K), 0.0114080 secs] 42897K->26485K(59392K), [Perm : 6076K->6076K(21248K)], 0.0114760 secs] [Times: user=0.01 sys=0.00, real=0.01 secs] 
52.260: Total time for which application threads were stopped: 0.0116900 seconds, Stopping threads took: 0.0001260 seconds
52.313: Application time: 0.0534870 seconds
52.313: [GC52.313: [ParNew: 15689K->15689K(18432K), 0.0000110 secs]52.313: [Tenured: 26485K->27197K(40960K), 0.0102150 secs] 42175K->27197K(59392K), [Perm : 6076K->6076K(21248K)], 0.0102760 secs] [Times: user=0.01 sys=0.00, real=0.02 secs] 
52.324: Total time for which application threads were stopped: 0.0104870 seconds, Stopping threads took: 0.0001220 seconds
52.370: Application time: 0.0460260 seconds
52.370: [GC52.370: [ParNew: 15698K->15698K(18432K), 0.0000110 secs]52.370: [Tenured: 27197K->27198K(40960K), 0.0103730 secs] 42895K->27198K(59392K), [Perm : 6076K->6076K(21248K)], 0.0104350 secs] [Times: user=0.01 sys=0.00, real=0.01 secs] 
52.380: Total time for which application threads were stopped: 0.0106830 seconds, Stopping threads took: 0.0001570 seconds
52.443: Application time: 0.0625180 seconds
52.443: [GC52.443: [ParNew: 15689K->15689K(18432K), 0.0000110 secs]52.443: [Tenured: 27198K->27198K(40960K), 0.0108100 secs] 42888K->27198K(59392K), [Perm : 6076K->6076K(21248K)], 0.0108700 secs] [Times: user=0.01 sys=0.00, real=0.00 secs] 
52.454: Total time for which application threads were stopped: 0.0110530 seconds, Stopping threads took: 0.0001130 seconds
52.517: Application time: 0.0631540 seconds
52.517: [GC52.517: [ParNew: 15698K->15698K(18432K), 0.0000100 secs]52.517: [Tenured: 27198K->25060K(40960K), 0.0110470 secs] 42897K->25060K(59392K), [Perm : 6076K->6076K(21248K)], 0.0111060 secs] [Times: user=0.01 sys=0.00, real=0.01 secs] 
52.528: Total time for which application threads were stopped: 0.0112380 seconds, Stopping threads took: 0.0000610 seconds
52.579: Application time: 0.0508240 seconds
52.579: [GC52.579: [ParNew: 15690K->1427K(18432K), 0.0037900 secs] 40750K->37888K(59392K), 0.0038290 secs] [Times: user=0.02 sys=0.00, real=0.01 secs] 
52.583: Total time for which application threads were stopped: 0.0039540 seconds, Stopping threads took: 0.0000630 seconds
52.624: Application time: 0.0404870 seconds
52.624: [GC52.624: [ParNew: 17123K->17123K(18432K), 0.0000110 secs]52.624: [Tenured: 36461K->25774K(40960K), 0.0102860 secs] 53584K->25774K(59392K), [Perm : 6076K->6076K(21248K)], 0.0103480 secs] [Times: user=0.01 sys=0.00, real=0.01 secs] 
52.634: Total time for which application threads were stopped: 0.0105800 seconds, Stopping threads took: 0.0001300 seconds
52.705: Application time: 0.0703260 seconds
52.705: [GC52.705: [ParNew: 15696K->15696K(18432K), 0.0000110 secs]52.705: [Tenured: 25774K->22923K(40960K), 0.0113750 secs] 41470K->22923K(59392K), [Perm : 6076K->6076K(21248K)], 0.0114330 secs] [Times: user=0.01 sys=0.00, real=0.01 secs] 
52.716: Total time for which application threads were stopped: 0.0116560 seconds, Stopping threads took: 0.0001340 seconds
52.756: Application time: 0.0396230 seconds
52.756: [GC52.756: [ParNew: 15688K->1425K(18432K), 0.0036720 secs] 38611K->35036K(59392K), 0.0037120 secs] [Times: user=0.03 sys=0.00, real=0.00 secs] 
52.760: Total time for which application threads were stopped: 0.0038400 seconds, Stopping threads took: 0.0000610 seconds
52.804: Application time: 0.0444980 seconds
52.804: [GC52.804: [ParNew: 17113K->17113K(18432K), 0.0000100 secs]52.804: [Tenured: 33611K->24348K(40960K), 0.0093560 secs] 50725K->24348K(59392K), [Perm : 6076K->6076K(21248K)], 0.0094180 secs] [Times: user=0.01 sys=0.00, real=0.00 secs] 
52.814: Total time for which application threads were stopped: 0.0096120 seconds, Stopping threads took: 0.0001240 seconds
52.882: Application time: 0.0685670 seconds
52.883: [GC52.883: [ParNew: 15696K->1429K(18432K), 0.0035410 secs] 40045K->36466K(59392K), 0.0035780 secs] [Times: user=0.02 sys=0.00, real=0.00 secs] 
52.886: Total time for which application threads were stopped: 0.0037790 seconds, Stopping threads took: 0.0001380 seconds
52.925: Application time: 0.0385130 seconds
52.925: [GC52.925: [ParNew: 17117K->17117K(18432K), 0.0000110 secs]52.925: [Tenured: 35037K->24348K(40960K), 0.0107940 secs] 52154K->24348K(59392K), [Perm : 6076K->6076K(21248K)], 0.0108640 secs] [Times: user=0.01 sys=0.00, real=0.01 secs] 
52.936: Total time for which application threads were stopped: 0.0110060 seconds, Stopping threads took: 0.0000720 seconds
52.977: Application time: 0.0413490 seconds
52.977: [GC52.977: [ParNew: 15688K->1425K(18432K), 0.0037570 secs] 40037K->36462K(59392K), 0.0038030 secs] [Times: user=0.02 sys=0.00, real=0.00 secs] 
52.981: Total time for which application threads were stopped: 0.0039830 seconds, Stopping threads took: 0.0001120 seconds
53.052: Application time: 0.0714890 seconds
53.053: [GC53.053: [ParNew: 17113K->17113K(18432K), 0.0000100 secs]53.053: [Tenured: 35037K->25061K(40960K), 0.0100460 secs] 52151K->25061K(59392K), [Perm : 6076K->6076K(21248K)], 0.0101040 secs] [Times: user=0.01 sys=0.00, real=0.02 secs] 
53.063: Total time for which application threads were stopped: 0.0103100 seconds, Stopping threads took: 0.0001380 seconds
53.099: Application time: 0.0362760 seconds
53.099: [GC53.099: [ParNew: 15697K->1433K(18432K), 0.0037210 secs] 40759K->37183K(59392K), 0.0037640 secs] [Times: user=0.03 sys=0.00, real=0.01 secs] 
53.103: Total time for which application threads were stopped: 0.0039820 seconds, Stopping threads took: 0.0001330 seconds
53.158: Application time: 0.0545630 seconds
53.158: [GC53.158: [ParNew: 17122K->17122K(18432K), 0.0000110 secs]53.158: [Tenured: 35750K->25775K(40960K), 0.0100800 secs] 52872K->25775K(59392K), [Perm : 6076K->6076K(21248K)], 0.0101420 secs] [Times: user=0.01 sys=0.00, real=0.01 secs] 
53.168: Total time for which application threads were stopped: 0.0103330 seconds, Stopping threads took: 0.0001110 seconds
53.227: Application time: 0.0585670 seconds
53.227: [GC53.227: [ParNew: 15697K->15697K(18432K), 0.0000090 secs]53.227: [Tenured: 25775K->25063K(40960K), 0.0091120 secs] 41472K->25063K(59392K), [Perm : 6076K->6076K(21248K)], 0.0091660 secs] [Times: user=0.01 sys=0.00, real=0.01 secs] 
53.236: Total time for which application threads were stopped: 0.0092870 seconds, Stopping threads took: 0.0000560 seconds
53.289: Application time: 0.0529340 seconds
53.289: [GC53.289: [ParNew: 15697K->1433K(18432K), 0.0038250 secs] 40761K->37185K(59392K), 0.0038680 secs] [Times: user=0.03 sys=0.00, real=0.00 secs] 
53.293: Total time for which application threads were stopped: 0.0039980 seconds, Stopping threads took: 0.0000610 seconds
53.331: Application time: 0.0380640 seconds
53.331: [GC53.331: [ParNew: 17122K->17122K(18432K), 0.0000110 secs]53.331: [Tenured: 35752K->27199K(40960K), 0.0120000 secs] 52874K->27199K(59392K), [Perm : 6076K->6076K(21248K)], 0.0120610 secs] [Times: user=0.01 sys=0.00, real=0.02 secs] 
53.343: Total time for which application threads were stopped: 0.0123580 seconds, Stopping threads took: 0.0002260 seconds
53.401: Application time: 0.0580000 seconds
53.401: [GC53.401: [ParNew: 15697K->15697K(18432K), 0.0000100 secs]53.401: [Tenured: 27199K->27200K(40960K), 0.0101830 secs] 42897K->27200K(59392K), [Perm : 6076K->6076K(21248K)], 0.0102420 secs] [Times: user=0.01 sys=0.00, real=0.01 secs] 
53.412: Total time for which application threads were stopped: 0.0104760 seconds, Stopping threads took: 0.0001460 seconds
53.468: Application time: 0.0558910 seconds
53.468: [GC53.468: [ParNew: 15689K->15689K(18432K), 0.0000110 secs]53.468: [Tenured: 27200K->27913K(40960K), 0.0109640 secs] 42889K->27913K(59392K), [Perm : 6076K->6076K(21248K)], 0.0110250 secs] [Times: user=0.01 sys=0.00, real=0.01 secs] 
53.479: Total time for which application threads were stopped: 0.0112110 seconds, Stopping threads took: 0.0001170 seconds
53.528: Application time: 0.0489100 seconds
53.528: [GC53.528: [ParNew: 15688K->15688K(18432K), 0.0000110 secs]53.528: [Tenured: 27913K->27913K(40960K), 0.0099610 secs] 43602K->27913K(59392K), [Perm : 6076K->6076K(21248K)], 0.0100220 secs] [Times: user=0.01 sys=0.00, real=0.01 secs] 
53.538: Total time for which application threads were stopped: 0.0101870 seconds, Stopping threads took: 0.0000850 seconds
53.582: Application time: 0.0443830 seconds
53.582: [GC53.582: [ParNew: 15697K->15697K(18432K), 0.0000100 secs]53.582: [Tenured: 27913K->27912K(40960K), 0.0109580 secs] 43610K->27912K(59392K), [Perm : 6076K->6076K(21248K)], 0.0110200 secs] [Times: user=0.01 sys=0.00, real=0.00 secs] 
53.593: Total time for which application threads were stopped: 0.0112200 seconds, Stopping threads took: 0.0001310 seconds
53.663: Application time: 0.0690260 seconds
53.663: [GC53.663: [ParNew: 15688K->15688K(18432K), 0.0000110 secs]53.663: [Tenured: 27912K->28624K(40960K), 0.0107690 secs] 43601K->28624K(59392K), [Perm : 6076K->6076K(21248K)], 0.0108310 secs] [Times: user=0.01 sys=0.00, real=0.00 secs] 
53.674: Total time for which application threads were stopped: 0.0110080 seconds, Stopping threads took: 0.0000930 seconds
53.709: Application time: 0.0359300 seconds
53.710: [GC53.710: [ParNew: 15705K->15705K(18432K), 0.0000110 secs]53.710: [Tenured: 28624K->28626K(40960K), 0.0107430 secs] 44330K->28626K(59392K), [Perm : 6076K->6076K(21248K)], 0.0108060 secs] [Times: user=0.02 sys=0.00, real=0.01 secs] 
53.720: Total time for which application threads were stopped: 0.0110120 seconds, Stopping threads took: 0.0001160 seconds
53.770: Application time: 0.0500200 seconds
53.771: [GC53.771: [ParNew: 15688K->15688K(18432K), 0.0000100 secs]53.771: [Tenured: 28626K->29339K(40960K), 0.0101640 secs] 44315K->29339K(59392K), [Perm : 6076K->6076K(21248K)], 0.0102260 secs] [Times: user=0.01 sys=0.00, real=0.01 secs] 
53.781: Total time for which application threads were stopped: 0.0103680 seconds, Stopping threads took: 0.0000700 seconds
53.844: Application time: 0.0636110 seconds
53.845: [GC53.845: [ParNew: 15688K->15688K(18432K), 0.0000120 secs]53.845: [Tenured: 29339K->30049K(40960K), 0.0118560 secs] 45027K->30049K(59392K), [Perm : 6076K->6076K(21248K)], 0.0119200 secs] [Times: user=0.02 sys=0.00, real=0.01 secs] 
53.857: Total time for which application threads were stopped: 0.0121640 seconds, Stopping threads took: 0.0001550 seconds
53.895: Application time: 0.0378660 seconds
53.895: [GC53.895: [ParNew: 15688K->15688K(18432K), 0.0000100 secs]53.895: [Tenured: 30049K->30049K(40960K), 0.0093430 secs] 45738K->30049K(59392K), [Perm : 6076K->6076K(21248K)], 0.0094020 secs] [Times: user=0.01 sys=0.00, real=0.01 secs] 
53.904: Total time for which application threads were stopped: 0.0095330 seconds, Stopping threads took: 0.0000630 seconds
53.955: Application time: 0.0513750 seconds
53.956: [GC53.956: [ParNew: 15723K->15723K(18432K), 0.0000100 secs]53.956: [Tenured: 30049K->28653K(40960K), 0.0089910 secs] 45773K->28653K(59392K), [Perm : 6076K->6076K(21248K)], 0.0090510 secs] [Times: user=0.01 sys=0.00, real=0.01 secs] 
53.965: Total time for which application threads were stopped: 0.0092300 seconds, Stopping threads took: 0.0001120 seconds
53.983: Application time: 0.0183000 seconds
53.983: [GC53.983: [ParNew: 15687K->15687K(18432K), 0.0000110 secs]53.983: [Tenured: 28653K->30791K(40960K), 0.0105610 secs] 44341K->30791K(59392K), [Perm : 6076K->6076K(21248K)], 0.0106240 secs] [Times: user=0.01 sys=0.00, real=0.00 secs] 
53.994: Total time for which application threads were stopped: 0.0108510 seconds, Stopping threads took: 0.0001350 seconds
54.005: Application time: 0.0110550 seconds
54.005: [GC54.005: [ParNew: 15681K->15681K(18432K), 0.0000110 secs]54.005: [Tenured: 30791K->29336K(40960K), 0.0124370 secs] 46473K->29336K(59392K), [Perm : 6076K->6076K(21248K)], 0.0124990 secs] [Times: user=0.02 sys=0.00, real=0.01 secs] 
54.018: Total time for which application threads were stopped: 0.0126530 seconds, Stopping threads took: 0.0000810 seconds
54.032: Application time: 0.0147360 seconds
54.032: [GC54.032: [ParNew: 15685K->15685K(18432K), 0.0000110 secs]54.032: [Tenured: 29336K->30049K(40960K), 0.0097250 secs] 45022K->30049K(59392K), [Perm : 6076K->6076K(21248K)], 0.0097860 secs] [Times: user=0.01 sys=0.00, real=0.02 secs] 
54.042: Total time for which application threads were stopped: 0.0099430 seconds, Stopping threads took: 0.0000740 seconds
54.059: Application time: 0.0164520 seconds
54.059: [GC54.059: [ParNew: 15679K->15679K(18432K), 0.0000100 secs]54.059: [Tenured: 30049K->28624K(40960K), 0.0088110 secs] 45728K->28624K(59392K), [Perm : 6076K->6076K(21248K)], 0.0088690 secs] [Times: user=0.01 sys=0.00, real=0.01 secs] 
54.068: Total time for which application threads were stopped: 0.0090570 seconds, Stopping threads took: 0.0001160 seconds
54.078: Application time: 0.0103970 seconds
54.078: [GC54.078: [ParNew: 15692K->15692K(18432K), 0.0000100 secs]54.078: [Tenured: 28624K->30049K(40960K), 0.0092140 secs] 44316K->30049K(59392K), [Perm : 6076K->6076K(21248K)], 0.0092710 secs] [Times: user=0.01 sys=0.00, real=0.01 secs] 
54.088: Total time for which application threads were stopped: 0.0094080 seconds, Stopping threads took: 0.0000670 seconds
54.100: Application time: 0.0129060 seconds
54.101: [GC54.101: [ParNew: 15680K->15680K(18432K), 0.0000110 secs]54.101: [Tenured: 30049K->29336K(40960K), 0.0091180 secs] 45730K->29336K(59392K), [Perm : 6076K->6076K(21248K)], 0.0091780 secs] [Times: user=0.01 sys=0.00, real=0.01 secs] 
54.110: Total time for which application threads were stopped: 0.0093620 seconds, Stopping threads took: 0.0001140 seconds
54.122: Application time: 0.0117660 seconds
54.122: [GC54.122: [ParNew: 15682K->15682K(18432K), 0.0000110 secs]54.122: [Tenured: 29336K->28624K(40960K), 0.0103400 secs] 45019K->28624K(59392K), [Perm : 6076K->6076K(21248K)], 0.0104050 secs] [Times: user=0.01 sys=0.00, real=0.01 secs] 
54.132: Total time for which application threads were stopped: 0.0106060 seconds, Stopping threads took: 0.0001270 seconds
54.143: Application time: 0.0109990 seconds
54.143: [GC54.143: [ParNew: 15692K->15692K(18432K), 0.0000110 secs]54.143: [Tenured: 28624K->30049K(40960K), 0.0100620 secs] 44317K->30049K(59392K), [Perm : 6076K->6076K(21248K)], 0.0101230 secs] [Times: user=0.01 sys=0.00, real=0.00 secs] 
54.153: Total time for which application threads were stopped: 0.0103180 seconds, Stopping threads took: 0.0001210 seconds
54.165: Application time: 0.0112580 seconds
54.165: [GC54.165: [ParNew: 15681K->15681K(18432K), 0.0000100 secs]54.165: [Tenured: 30049K->30762K(40960K), 0.0072100 secs] 45731K->30762K(59392K), [Perm : 6076K->6076K(21248K)], 0.0072700 secs] [Times: user=0.01 sys=0.00, real=0.00 secs] 
54.172: Total time for which application threads were stopped: 0.0075160 seconds, Stopping threads took: 0.0001430 seconds
54.190: Application time: 0.0181580 seconds
54.191: [GC54.191: [ParNew: 15688K->15688K(18432K), 0.0000100 secs]54.191: [Tenured: 30762K->28624K(40960K), 0.0102680 secs] 46450K->28624K(59392K), [Perm : 6076K->6076K(21248K)], 0.0103260 secs] [Times: user=0.01 sys=0.00, real=0.01 secs] 
54.201: Total time for which application threads were stopped: 0.0105270 seconds, Stopping threads took: 0.0001120 seconds
54.226: Application time: 0.0253020 seconds
54.226: [GC54.226: [ParNew: 15722K->15722K(18432K), 0.0000100 secs]54.226: [Tenured: 28624K->28653K(40960K), 0.0096060 secs] 44346K->28653K(59392K), [Perm : 6076K->6076K(21248K)], 0.0096670 secs] [Times: user=0.01 sys=0.00, real=0.01 secs] 
54.236: Total time for which application threads were stopped: 0.0098410 seconds, Stopping threads took: 0.0001040 seconds
54.249: Application time: 0.0126920 seconds
54.249: [GC54.249: [ParNew: 15681K->15681K(18432K), 0.0000110 secs]54.249: [Tenured: 28653K->28653K(40960K), 0.0090630 secs] 44335K->28653K(59392K), [Perm : 6076K->6076K(21248K)], 0.0091320 secs] [Times: user=0.01 sys=0.00, real=0.01 secs] 
54.258: Total time for which application threads were stopped: 0.0093070 seconds, Stopping threads took: 0.0000940 seconds
54.271: Application time: 0.0126420 seconds
54.271: [GC54.271: [ParNew: 15687K->15687K(18432K), 0.0000100 secs]54.271: [Tenured: 28653K->30078K(40960K), 0.0093680 secs] 44341K->30078K(59392K), [Perm : 6076K->6076K(21248K)], 0.0094310 secs] [Times: user=0.01 sys=0.00, real=0.01 secs] 
54.280: Total time for which application threads were stopped: 0.0095770 seconds, Stopping threads took: 0.0000640 seconds
54.297: Application time: 0.0165790 seconds
54.297: [GC54.297: [ParNew: 15677K->15677K(18432K), 0.0000110 secs]54.297: [Tenured: 30078K->27911K(40960K), 0.0102810 secs] 45755K->27911K(59392K), [Perm : 6076K->6076K(21248K)], 0.0103430 secs] [Times: user=0.01 sys=0.00, real=0.01 secs] 
54.307: Total time for which application threads were stopped: 0.0104900 seconds, Stopping threads took: 0.0000740 seconds
54.319: Application time: 0.0115560 seconds
54.319: [GC54.319: [ParNew: 15691K->15691K(18432K), 0.0000100 secs]54.319: [Tenured: 27911K->27198K(40960K), 0.0090920 secs] 43603K->27198K(59392K), [Perm : 6076K->6076K(21248K)], 0.0091490 secs] [Times: user=0.01 sys=0.00, real=0.01 secs] 
54.328: Total time for which application threads were stopped: 0.0092790 seconds, Stopping threads took: 0.0000630 seconds
54.342: Application time: 0.0136440 seconds
54.342: [GC54.342: [ParNew: 15678K->15678K(18432K), 0.0000100 secs]54.342: [Tenured: 27198K->29336K(40960K), 0.0062500 secs] 42877K->29336K(59392K), [Perm : 6076K->6076K(21248K)], 0.0063120 secs] [Times: user=0.01 sys=0.00, real=0.01 secs] 
54.348: Total time for which application threads were stopped: 0.0064710 seconds, Stopping threads took: 0.0000910 seconds
54.360: Application time: 0.0113260 seconds
54.360: [GC54.360: [ParNew: 16108K->16108K(18432K), 0.0000090 secs]54.360: [Tenured: 29336K->26518K(40960K), 0.0087650 secs] 45445K->26518K(59392K), [Perm : 6076K->6076K(21248K)], 0.0088180 secs] [Times: user=0.01 sys=0.00, real=0.01 secs] 
54.369: Total time for which application threads were stopped: 0.0089630 seconds, Stopping threads took: 0.0000780 seconds
54.379: Application time: 0.0107930 seconds
54.380: [GC54.380: [ParNew: 16022K->16022K(18432K), 0.0000110 secs]54.380: [Tenured: 26518K->25774K(40960K), 0.0109590 secs] 42541K->25774K(59392K), [Perm : 6076K->6076K(21248K)], 0.0110190 secs] [Times: user=0.01 sys=0.00, real=0.01 secs] 
54.391: Total time for which application threads were stopped: 0.0111490 seconds, Stopping threads took: 0.0000560 seconds
54.403: Application time: 0.0125400 seconds
54.403: [GC54.403: [ParNew: 15682K->15682K(18432K), 0.0000090 secs]54.403: [Tenured: 25774K->27911K(40960K), 0.0098510 secs] 41456K->27911K(59392K), [Perm : 6076K->6076K(21248K)], 0.0099110 secs] [Times: user=0.01 sys=0.00, real=0.00 secs] 
54.413: Total time for which application threads were stopped: 0.0101730 seconds, Stopping threads took: 0.0001740 seconds
54.422: Application time: 0.0087470 seconds
54.422: [GC54.422: [ParNew: 15680K->15680K(18432K), 0.0000100 secs]54.422: [Tenured: 27911K->27199K(40960K), 0.0062550 secs] 43592K->27199K(59392K), [Perm : 6076K->6076K(21248K)], 0.0063120 secs] [Times: user=0.00 sys=0.00, real=0.00 secs] 
54.429: Total time for which application threads were stopped: 0.0064880 seconds, Stopping threads took: 0.0001100 seconds
54.438: Application time: 0.0089590 seconds
54.438: [GC54.438: [ParNew: 15682K->15682K(18432K), 0.0000110 secs]54.438: [Tenured: 27199K->29336K(40960K), 0.0080260 secs] 42881K->29336K(59392K), [Perm : 6076K->6076K(21248K)], 0.0080840 secs] [Times: user=0.01 sys=0.00, real=0.01 secs] 
54.446: Total time for which application threads were stopped: 0.0083570 seconds, Stopping threads took: 0.0002030 seconds
54.453: Application time: 0.0069010 seconds
54.453: [GC54.453: [ParNew: 15690K->15690K(18432K), 0.0000110 secs]54.453: [Tenured: 29336K->28624K(40960K), 0.0109590 secs] 45026K->28624K(59392K), [Perm : 6076K->6076K(21248K)], 0.0110220 secs] [Times: user=0.01 sys=0.00, real=0.02 secs] 
54.464: Total time for which application threads were stopped: 0.0112570 seconds, Stopping threads took: 0.0001420 seconds
54.474: Application time: 0.0104540 seconds
54.475: [GC54.475: [ParNew: 16315K->16315K(18432K), 0.0000110 secs]54.475: [Tenured: 28624K->25097K(40960K), 0.0093180 secs] 44939K->25097K(59392K), [Perm : 6076K->6076K(21248K)], 0.0093780 secs] [Times: user=0.01 sys=0.00, real=0.01 secs] 
54.484: Total time for which application threads were stopped: 0.0095300 seconds, Stopping threads took: 0.0000720 seconds
54.493: Application time: 0.0090270 seconds
54.493: [GC54.493: [ParNew: 15809K->1435K(18432K), 0.0020420 secs] 40906K->30807K(59392K), 0.0020820 secs] [Times: user=0.02 sys=0.00, real=0.01 secs] 
54.495: Total time for which application threads were stopped: 0.0023110 seconds, Stopping threads took: 0.0001440 seconds
54.503: Application time: 0.0079250 seconds
54.503: [GC54.503: [ParNew: 17120K->17120K(18432K), 0.0000100 secs]54.503: [Tenured: 29372K->25803K(40960K), 0.0090410 secs] 46493K->25803K(59392K), [Perm : 6076K->6076K(21248K)], 0.0090990 secs] [Times: user=0.01 sys=0.00, real=0.00 secs] 
54.513: Total time for which application threads were stopped: 0.0092930 seconds, Stopping threads took: 0.0001250 seconds
54.521: Application time: 0.0086440 seconds
54.521: [GC54.521: [ParNew: 15683K->15683K(18432K), 0.0000110 secs]54.521: [Tenured: 25803K->27228K(40960K), 0.0070980 secs] 41486K->27228K(59392K), [Perm : 6077K->6077K(21248K)], 0.0071530 secs] [Times: user=0.01 sys=0.00, real=0.01 secs] 
54.529: Total time for which application threads were stopped: 0.0073350 seconds, Stopping threads took: 0.0001120 seconds
54.535: Application time: 0.0064680 seconds
54.535: [GC54.535: [ParNew: 15682K->15682K(18432K), 0.0000110 secs]54.535: [Tenured: 27228K->26486K(40960K), 0.0105870 secs] 42910K->26486K(59392K), [Perm : 6077K->6077K(21248K)], 0.0106450 secs] [Times: user=0.01 sys=0.00, real=0.01 secs] 
54.546: Total time for which application threads were stopped: 0.0108410 seconds, Stopping threads took: 0.0001250 seconds
54.555: Application time: 0.0095870 seconds
54.556: [GC54.556: [ParNew: 15686K->15686K(18432K), 0.0000100 secs]54.556: [Tenured: 26486K->27199K(40960K), 0.0067420 secs] 42173K->27199K(59392K), [Perm : 6077K->6077K(21248K)], 0.0068010 secs] [Times: user=0.00 sys=0.00, real=0.01 secs] 
54.562: Total time for which application threads were stopped: 0.0069880 seconds, Stopping threads took: 0.0001170 seconds
54.571: Application time: 0.0081090 seconds
54.571: [GC54.571: [ParNew: 15681K->15681K(18432K), 0.0000090 secs]54.571: [Tenured: 27199K->26487K(40960K), 0.0063510 secs] 42881K->26487K(59392K), [Perm : 6077K->6077K(21248K)], 0.0064150 secs] [Times: user=0.00 sys=0.00, real=0.01 secs] 
54.577: Total time for which application threads were stopped: 0.0065990 seconds, Stopping threads took: 0.0001150 seconds
54.583: Application time: 0.0062830 seconds
54.584: [GC54.584: [ParNew: 15691K->15691K(18432K), 0.0000100 secs]54.584: [Tenured: 26487K->27199K(40960K), 0.0089880 secs] 42179K->27199K(59392K), [Perm : 6077K->6077K(21248K)], 0.0090500 secs] [Times: user=0.01 sys=0.00, real=0.00 secs] 
54.593: Total time for which application threads were stopped: 0.0092150 seconds, Stopping threads took: 0.0000940 seconds
54.600: Application time: 0.0075750 seconds
54.600: [GC54.600: [ParNew: 15682K->15682K(18432K), 0.0000110 secs]54.600: [Tenured: 27199K->27911K(40960K), 0.0109240 secs] 42881K->27911K(59392K), [Perm : 6077K->6077K(21248K)], 0.0109870 secs] [Times: user=0.01 sys=0.00, real=0.01 secs] 
54.611: Total time for which application threads were stopped: 0.0111660 seconds, Stopping threads took: 0.0001060 seconds
54.618: Application time: 0.0070410 seconds
54.619: [GC54.619: [ParNew: 15691K->15691K(18432K), 0.0000110 secs]54.619: [Tenured: 27911K->27911K(40960K), 0.0101810 secs] 43602K->27911K(59392K), [Perm : 6077K->6077K(21248K)], 0.0102420 secs] [Times: user=0.01 sys=0.00, real=0.01 secs] 
54.629: Total time for which application threads were stopped: 0.0104320 seconds, Stopping threads took: 0.0001190 seconds
54.637: Application time: 0.0077310 seconds
54.637: [GC54.637: [ParNew: 15682K->15682K(18432K), 0.0000110 secs]54.637: [Tenured: 27911K->27199K(40960K), 0.0096030 secs] 43593K->27199K(59392K), [Perm : 6077K->6077K(21248K)], 0.0096660 secs] [Times: user=0.01 sys=0.00, real=0.01 secs] 
54.647: Total time for which application threads were stopped: 0.0098970 seconds, Stopping threads took: 0.0001580 seconds
54.655: Application time: 0.0085810 seconds
54.655: [GC54.655: [ParNew: 15690K->15690K(18432K), 0.0000110 secs]54.655: [Tenured: 27199K->25774K(40960K), 0.0103280 secs] 42889K->25774K(59392K), [Perm : 6077K->6077K(21248K)], 0.0104010 secs] [Times: user=0.01 sys=0.00, real=0.01 secs] 
54.666: Total time for which application threads were stopped: 0.0106810 seconds, Stopping threads took: 0.0002070 seconds
54.675: Application time: 0.0092030 seconds
54.675: [GC54.675: [ParNew: 15685K->15685K(18432K), 0.0000100 secs]54.675: [Tenured: 25774K->25773K(40960K), 0.0092470 secs] 41459K->25773K(59392K), [Perm : 6077K->6077K(21248K)], 0.0093090 secs] [Times: user=0.01 sys=0.00, real=0.01 secs] 
54.685: Total time for which application threads were stopped: 0.0095480 seconds, Stopping threads took: 0.0001400 seconds
54.697: Application time: 0.0127620 seconds
54.697: [GC54.697: [ParNew: 15734K->15734K(18432K), 0.0000110 secs]54.698: [Tenured: 25773K->27228K(40960K), 0.0089790 secs] 41507K->27228K(59392K), [Perm : 6077K->6077K(21248K)], 0.0090390 secs] [Times: user=0.01 sys=0.00, real=0.01 secs] 
54.707: Total time for which application threads were stopped: 0.0092220 seconds, Stopping threads took: 0.0001120 seconds
54.715: Application time: 0.0080940 seconds
54.715: [GC54.715: [ParNew: 15680K->15680K(18432K), 0.0000110 secs]54.715: [Tenured: 27228K->27940K(40960K), 0.0074600 secs] 42909K->27940K(59392K), [Perm : 6077K->6077K(21248K)], 0.0075190 secs] [Times: user=0.01 sys=0.00, real=0.01 secs] 
54.722: Total time for which application threads were stopped: 0.0077220 seconds, Stopping threads took: 0.0001320 seconds
54.729: Application time: 0.0067720 seconds
54.729: [GC54.729: [ParNew: 15682K->15682K(18432K), 0.0000110 secs]54.729: [Tenured: 27940K->27228K(40960K), 0.0090580 secs] 43623K->27228K(59392K), [Perm : 6077K->6077K(21248K)], 0.0091190 secs] [Times: user=0.01 sys=0.00, real=0.01 secs] 
54.738: Total time for which application threads were stopped: 0.0093130 seconds, Stopping threads took: 0.0001240 seconds
54.746: Application time: 0.0070500 seconds
54.746: [GC54.746: [ParNew: 15681K->15681K(18432K), 0.0000100 secs]54.746: [Tenured: 27228K->26486K(40960K), 0.0111730 secs] 42909K->26486K(59392K), [Perm : 6077K->6077K(21248K)], 0.0112340 secs] [Times: user=0.01 sys=0.00, real=0.01 secs] 
54.757: Total time for which application threads were stopped: 0.0114090 seconds, Stopping threads took: 0.0001030 seconds
54.770: Application time: 0.0131650 seconds
54.770: [GC54.770: [ParNew: 15695K->15695K(18432K), 0.0000100 secs]54.770: [Tenured: 26486K->25060K(40960K), 0.0091660 secs] 42182K->25060K(59392K), [Perm : 6077K->6077K(21248K)], 0.0092240 secs] [Times: user=0.01 sys=0.00, real=0.01 secs] 
54.780: Total time for which application threads were stopped: 0.0094230 seconds, Stopping threads took: 0.0001310 seconds
54.792: Application time: 0.0125040 seconds
54.792: [GC54.792: [ParNew: 15681K->1425K(18432K), 0.0014100 secs] 40742K->30048K(59392K), 0.0014410 secs] [Times: user=0.01 sys=0.00, real=0.00 secs] 
54.794: Total time for which application threads were stopped: 0.0015950 seconds, Stopping threads took: 0.0000970 seconds
54.809: Application time: 0.0153340 seconds
54.809: [GC54.809: [ParNew: 17106K->17106K(18432K), 0.0000110 secs]54.809: [Tenured: 28623K->23635K(40960K), 0.0093420 secs] 45730K->23635K(59392K), [Perm : 6077K->6077K(21248K)], 0.0093990 secs] [Times: user=0.01 sys=0.00, real=0.01 secs] 
54.819: Total time for which application threads were stopped: 0.0095480 seconds, Stopping threads took: 0.0000790 seconds
54.833: Application time: 0.0144170 seconds
54.833: [GC54.833: [ParNew: 15686K->1435K(18432K), 0.0007840 secs] 39321K->25782K(59392K), 0.0008100 secs] [Times: user=0.01 sys=0.00, real=0.00 secs] 
54.834: Total time for which application threads were stopped: 0.0009520 seconds, Stopping threads took: 0.0000890 seconds
54.847: Application time: 0.0130040 seconds
54.847: [GC54.847: [ParNew: 17116K->1427K(18432K), 0.0012610 secs] 41464K->27952K(59392K), 0.0012940 secs] [Times: user=0.01 sys=0.00, real=0.00 secs] 
54.848: Total time for which application threads were stopped: 0.0014390 seconds, Stopping threads took: 0.0000780 seconds
54.859: Application time: 0.0109140 seconds
54.859: [GC54.859: [ParNew: 17119K->17119K(18432K), 0.0000100 secs]54.859: [Tenured: 26525K->27199K(40960K), 0.0096740 secs] 43644K->27199K(59392K), [Perm : 6077K->6077K(21248K)], 0.0097360 secs] [Times: user=0.01 sys=0.00, real=0.01 secs] 
54.869: Total time for which application threads were stopped: 0.0098930 seconds, Stopping threads took: 0.0000830 seconds
54.882: Application time: 0.0129820 seconds
54.882: [GC54.882: [ParNew: 15681K->15681K(18432K), 0.0000100 secs]54.882: [Tenured: 27199K->27198K(40960K), 0.0090560 secs] 42880K->27198K(59392K), [Perm : 6077K->6077K(21248K)], 0.0091120 secs] [Times: user=0.01 sys=0.00, real=0.00 secs] 
54.891: Total time for which application threads were stopped: 0.0092470 seconds, Stopping threads took: 0.0000670 seconds
54.900: Application time: 0.0083130 seconds
54.900: [GC54.900: [ParNew: 15682K->15682K(18432K), 0.0000100 secs]54.900: [Tenured: 27198K->27198K(40960K), 0.0093600 secs] 42881K->27198K(59392K), [Perm : 6077K->6077K(21248K)], 0.0094180 secs] [Times: user=0.01 sys=0.00, real=0.01 secs] 
54.909: Total time for which application threads were stopped: 0.0095660 seconds, Stopping threads took: 0.0000820 seconds
54.931: Application time: 0.0222310 seconds
54.932: [GC54.932: [ParNew: 15730K->15730K(18432K), 0.0000110 secs]54.932: [Tenured: 27198K->26515K(40960K), 0.0094460 secs] 42929K->26515K(59392K), [Perm : 6077K->6077K(21248K)], 0.0095080 secs] [Times: user=0.01 sys=0.00, real=0.01 secs] 
54.941: Total time for which application threads were stopped: 0.0096760 seconds, Stopping threads took: 0.0000980 seconds
54.956: Application time: 0.0152720 seconds
54.957: [GC54.957: [ParNew: 15679K->15679K(18432K), 0.0000100 secs]54.957: [Tenured: 26515K->26515K(40960K), 0.0089140 secs] 42194K->26515K(59392K), [Perm : 6077K->6077K(21248K)], 0.0089760 secs] [Times: user=0.01 sys=0.00, real=0.01 secs] 
54.966: Total time for which application threads were stopped: 0.0091710 seconds, Stopping threads took: 0.0001260 seconds
54.979: Application time: 0.0130630 seconds
54.979: [GC54.979: [ParNew: 15687K->1435K(18432K), 0.0018190 secs] 42202K->32225K(59392K), 0.0018560 secs] [Times: user=0.01 sys=0.00, real=0.00 secs] 
54.981: Total time for which application threads were stopped: 0.0020160 seconds, Stopping threads took: 0.0000980 seconds
54.995: Application time: 0.0142180 seconds
54.995: [GC54.995: [ParNew: 17114K->17114K(18432K), 0.0000100 secs]54.995: [Tenured: 30790K->25773K(40960K), 0.0102940 secs] 47904K->25773K(59392K), [Perm : 6077K->6077K(21248K)], 0.0103520 secs] [Times: user=0.01 sys=0.00, real=0.01 secs] 
55.005: Total time for which application threads were stopped: 0.0105010 seconds, Stopping threads took: 0.0000780 seconds
55.019: Application time: 0.0139750 seconds
55.019: [GC55.020: [ParNew: 15689K->1433K(18432K), 0.0018440 secs] 41463K->31481K(59392K), 0.0018770 secs] [Times: user=0.01 sys=0.00, real=0.00 secs] 
55.021: Total time for which application threads were stopped: 0.0019960 seconds, Stopping threads took: 0.0000610 seconds
55.035: Application time: 0.0131630 seconds
55.035: [GC55.035: [ParNew: 17113K->17113K(18432K), 0.0000100 secs]55.035: [Tenured: 30048K->25773K(40960K), 0.0094290 secs] 47161K->25773K(59392K), [Perm : 6077K->6077K(21248K)], 0.0094900 secs] [Times: user=0.01 sys=0.00, real=0.01 secs] 
55.044: Total time for which application threads were stopped: 0.0096860 seconds, Stopping threads took: 0.0001260 seconds
55.058: Application time: 0.0137590 seconds
55.058: [GC55.058: [ParNew: 16247K->1469K(18432K), 0.0005670 secs] 42021K->27242K(59392K), 0.0005980 secs] [Times: user=0.01 sys=0.00, real=0.00 secs] 
55.059: Total time for which application threads were stopped: 0.0007410 seconds, Stopping threads took: 0.0000840 seconds
55.070: Application time: 0.0107710 seconds
55.070: [GC55.070: [ParNew: 17348K->1437K(18432K), 0.0013860 secs] 43122K->30133K(59392K), 0.0014310 secs] [Times: user=0.01 sys=0.00, real=0.00 secs] 
55.071: Total time for which application threads were stopped: 0.0015960 seconds, Stopping threads took: 0.0001010 seconds
55.077: Application time: 0.0058360 seconds
55.077: [GC55.077: [ParNew: 17121K->17121K(18432K), 0.0000110 secs]55.077: [Tenured: 28695K->26515K(40960K), 0.0095090 secs] 45817K->26515K(59392K), [Perm : 6077K->6077K(21248K)], 0.0095680 secs] [Times: user=0.01 sys=0.00, real=0.01 secs] 
55.087: Total time for which application threads were stopped: 0.0097570 seconds, Stopping threads took: 0.0001190 seconds
55.095: Application time: 0.0080710 seconds
55.095: [GC55.095: [ParNew: 15680K->1425K(18432K), 0.0011520 secs] 42195K->30078K(59392K), 0.0011850 secs] [Times: user=0.01 sys=0.00, real=0.00 secs] 
55.096: Total time for which application threads were stopped: 0.0013460 seconds, Stopping threads took: 0.0001000 seconds
55.105: Application time: 0.0087490 seconds
55.105: [GC55.105: [ParNew: 17106K->17106K(18432K), 0.0000100 secs]55.105: [Tenured: 28653K->25802K(40960K), 0.0087360 secs] 45760K->25802K(59392K), [Perm : 6077K->6077K(21248K)], 0.0087950 secs] [Times: user=0.01 sys=0.00, real=0.00 secs] 
55.114: Total time for which application threads were stopped: 0.0089490 seconds, Stopping threads took: 0.0000860 seconds
55.124: Application time: 0.0106170 seconds
55.125: [GC55.125: [ParNew: 16158K->1474K(18432K), 0.0020660 secs] 41961K->32264K(59392K), 0.0021040 secs] [Times: user=0.01 sys=0.00, real=0.00 secs] 
55.127: Total time for which application threads were stopped: 0.0022630 seconds, Stopping threads took: 0.0000960 seconds
55.138: Application time: 0.0115170 seconds
55.138: [GC55.138: [ParNew: 17451K->17451K(18432K), 0.0000110 secs]55.138: [Tenured: 30790K->23635K(40960K), 0.0109810 secs] 48242K->23635K(59392K), [Perm : 6077K->6077K(21248K)], 0.0110410 secs] [Times: user=0.02 sys=0.00, real=0.01 secs] 
55.149: Total time for which application threads were stopped: 0.0112190 seconds, Stopping threads took: 0.0001060 seconds
55.158: Application time: 0.0086620 seconds
55.158: [GC55.158: [ParNew: 15679K->1425K(18432K), 0.0012770 secs] 39314K->27198K(59392K), 0.0013130 secs] [Times: user=0.00 sys=0.00, real=0.00 secs] 
55.160: Total time for which application threads were stopped: 0.0014900 seconds, Stopping threads took: 0.0001140 seconds
55.170: Application time: 0.0106820 seconds
55.171: [GC55.171: [ParNew: 17112K->1435K(18432K), 0.0010490 secs] 42886K->29345K(59392K), 0.0010830 secs] [Times: user=0.01 sys=0.00, real=0.00 secs] 
55.172: Total time for which application threads were stopped: 0.0013510 seconds, Stopping threads took: 0.0002030 seconds
55.180: Application time: 0.0081710 seconds
55.180: [GC55.180: [ParNew: 17116K->1427K(18432K), 0.0014320 secs] 45027K->32243K(59392K), 0.0014650 secs] [Times: user=0.01 sys=0.00, real=0.00 secs] 
55.182: Total time for which application threads were stopped: 0.0018270 seconds, Stopping threads took: 0.0002680 seconds
55.189: Application time: 0.0069590 seconds
55.189: [GC55.189: [ParNew: 17117K->17117K(18432K), 0.0000100 secs]55.189: [Tenured: 30816K->24348K(40960K), 0.0093450 secs] 47934K->24348K(59392K), [Perm : 6077K->6077K(21248K)], 0.0094030 secs] [Times: user=0.01 sys=0.00, real=0.01 secs] 
55.198: Total time for which application threads were stopped: 0.0096000 seconds, Stopping threads took: 0.0001290 seconds
55.206: Application time: 0.0076780 seconds
55.206: [GC55.206: [ParNew: 15682K->1427K(18432K), 0.0015170 secs] 40031K->28625K(59392K), 0.0015530 secs] [Times: user=0.01 sys=0.00, real=0.00 secs] 
55.208: Total time for which application threads were stopped: 0.0017090 seconds, Stopping threads took: 0.0000850 seconds
55.216: Application time: 0.0084950 seconds
55.216: [GC55.216: [ParNew: 17112K->1429K(18432K), 0.0018370 secs] 44310K->32903K(59392K), 0.0018780 secs] [Times: user=0.01 sys=0.00, real=0.00 secs] 
55.218: Total time for which application threads were stopped: 0.0020740 seconds, Stopping threads took: 0.0001290 seconds
55.224: Application time: 0.0061060 seconds
55.224: [GC55.224: [ParNew: 17120K->17120K(18432K), 0.0000100 secs]55.224: [Tenured: 31473K->26486K(40960K), 0.0098810 secs] 48594K->26486K(59392K), [Perm : 6077K->6077K(21248K)], 0.0099480 secs] [Times: user=0.01 sys=0.00, real=0.01 secs] 
55.234: Total time for which application threads were stopped: 0.0101330 seconds, Stopping threads took: 0.0001150 seconds
55.243: Application time: 0.0082440 seconds
55.243: [GC55.243: [ParNew: 15691K->1437K(18432K), 0.0010890 secs] 42177K->30061K(59392K), 0.0011190 secs] [Times: user=0.01 sys=0.00, real=0.00 secs] 
55.244: Total time for which application threads were stopped: 0.0013050 seconds, Stopping threads took: 0.0001280 seconds
55.251: Application time: 0.0067770 seconds
55.251: [GC55.251: [ParNew: 17119K->1425K(18432K), 0.0015540 secs] 45743K->33635K(59392K), 0.0015910 secs] [Times: user=0.01 sys=0.00, real=0.00 secs] 
55.253: Total time for which application threads were stopped: 0.0017470 seconds, Stopping threads took: 0.0000920 seconds
55.260: Application time: 0.0079760 seconds
55.261: [GC55.261: [ParNew: 17105K->17105K(18432K), 0.0000110 secs]55.261: [Tenured: 32210K->25773K(40960K), 0.0100870 secs] 49316K->25773K(59392K), [Perm : 6077K->6077K(21248K)], 0.0101480 secs] [Times: user=0.01 sys=0.00, real=0.01 secs] 
55.271: Total time for which application threads were stopped: 0.0103180 seconds, Stopping threads took: 0.0000970 seconds
55.280: Application time: 0.0090740 seconds
55.280: [GC55.280: [ParNew: 15689K->1437K(18432K), 0.0010990 secs] 41462K->29348K(59392K), 0.0011320 secs] [Times: user=0.01 sys=0.00, real=0.00 secs] 
55.281: Total time for which application threads were stopped: 0.0012900 seconds, Stopping threads took: 0.0000990 seconds
55.295: Application time: 0.0140170 seconds
55.295: [GC55.295: [ParNew: 17128K->1437K(18432K), 0.0009230 secs] 45039K->30813K(59392K), 0.0009520 secs] [Times: user=0.01 sys=0.00, real=0.00 secs] 
55.296: Total time for which application threads were stopped: 0.0011950 seconds, Stopping threads took: 0.0001840 seconds
55.307: Application time: 0.0104400 seconds
55.307: [GC55.307: [ParNew: 17122K->1425K(18432K), 0.0024210 secs] 46498K->37254K(59392K), 0.0024570 secs] [Times: user=0.02 sys=0.00, real=0.00 secs] 
55.309: Total time for which application threads were stopped: 0.0026080 seconds, Stopping threads took: 0.0000840 seconds
55.320: Application time: 0.0108340 seconds
55.320: [GC55.320: [ParNew: 17105K->17105K(18432K), 0.0000110 secs]55.320: [Tenured: 35829K->24348K(40960K), 0.0104230 secs] 52934K->24348K(59392K), [Perm : 6077K->6077K(21248K)], 0.0104830 secs] [Times: user=0.01 sys=0.00, real=0.01 secs] 
55.331: Total time for which application threads were stopped: 0.0106620 seconds, Stopping threads took: 0.0001080 seconds
55.384: Application time: 0.0533960 seconds
55.384: [GC55.384: [ParNew: 15695K->1433K(18432K), 0.0030090 secs] 40044K->35044K(59392K), 0.0030510 secs] [Times: user=0.03 sys=0.00, real=0.00 secs] 
55.388: Total time for which application threads were stopped: 0.0032000 seconds, Stopping threads took: 0.0000820 seconds
55.462: Application time: 0.0743260 seconds
55.462: [GC55.462: [ParNew: 17124K->17124K(18432K), 0.0000100 secs]55.462: [Tenured: 33611K->22923K(40960K), 0.0099150 secs] 50735K->22923K(59392K), [Perm : 6077K->6077K(21248K)], 0.0099740 secs] [Times: user=0.01 sys=0.00, real=0.01 secs] 
55.472: Total time for which application threads were stopped: 0.0101090 seconds, Stopping threads took: 0.0000660 seconds
55.528: Application time: 0.0560790 seconds
55.528: [GC55.528: [ParNew: 15691K->1425K(18432K), 0.0045210 secs] 38614K->38598K(59392K), 0.0045640 secs] [Times: user=0.03 sys=0.00, real=0.00 secs] 
55.533: Total time for which application threads were stopped: 0.0047240 seconds, Stopping threads took: 0.0000950 seconds
55.607: Application time: 0.0737830 seconds
55.607: [GC55.607: [ParNew: 17125K->17125K(18432K), 0.0000110 secs]55.607: [Tenured: 37173K->24349K(40960K), 0.0091310 secs] 54298K->24349K(59392K), [Perm : 6077K->6077K(21248K)], 0.0091910 secs] [Times: user=0.01 sys=0.00, real=0.01 secs] 
55.616: Total time for which application threads were stopped: 0.0093400 seconds, Stopping threads took: 0.0000680 seconds
55.671: Application time: 0.0550500 seconds
55.671: [GC55.671: [ParNew: 15691K->1425K(18432K), 0.0045720 secs] 40040K->40024K(59392K), 0.0046150 secs] [Times: user=0.04 sys=0.00, real=0.01 secs] 
55.676: Total time for which application threads were stopped: 0.0047390 seconds, Stopping threads took: 0.0000590 seconds
55.741: Application time: 0.0654990 seconds
55.741: [GC55.741: [ParNew: 17125K->17125K(18432K), 0.0000120 secs]55.741: [Tenured: 38599K->25062K(40960K), 0.0100710 secs] 55724K->25062K(59392K), [Perm : 6077K->6077K(21248K)], 0.0101310 secs] [Times: user=0.02 sys=0.00, real=0.01 secs] 
55.751: Total time for which application threads were stopped: 0.0102790 seconds, Stopping threads took: 0.0000650 seconds
55.825: Application time: 0.0736910 seconds
55.825: [GC55.825: [ParNew: 15700K->1433K(18432K), 0.0043180 secs] 40762K->40033K(59392K), 0.0043610 secs] [Times: user=0.04 sys=0.00, real=0.00 secs] 
55.830: Total time for which application threads were stopped: 0.0045260 seconds, Stopping threads took: 0.0000990 seconds
55.901: Application time: 0.0708490 seconds
55.901: [GC55.901: [ParNew: 17133K->17133K(18432K), 0.0000100 secs]55.901: [Tenured: 38600K->25773K(40960K), 0.0115190 secs] 55733K->25773K(59392K), [Perm : 6077K->6077K(21248K)], 0.0115710 secs] [Times: user=0.02 sys=0.00, real=0.01 secs] 
55.912: Total time for which application threads were stopped: 0.0117070 seconds, Stopping threads took: 0.0000720 seconds
55.981: Application time: 0.0690670 seconds
55.981: [GC55.982: [ParNew: 15691K->15691K(18432K), 0.0000100 secs]55.982: [Tenured: 25773K->27198K(40960K), 0.0100630 secs] 41464K->27198K(59392K), [Perm : 6077K->6077K(21248K)], 0.0101220 secs] [Times: user=0.01 sys=0.00, real=0.01 secs] 
55.992: Total time for which application threads were stopped: 0.0102950 seconds, Stopping threads took: 0.0001040 seconds
56.066: Application time: 0.0739920 seconds
56.066: [GC56.066: [ParNew: 15700K->15700K(18432K), 0.0000100 secs]56.066: [Tenured: 27198K->27911K(40960K), 0.0098320 secs] 42898K->27911K(59392K), [Perm : 6077K->6077K(21248K)], 0.0098930 secs] [Times: user=0.01 sys=0.00, real=0.01 secs] 
56.076: Total time for which application threads were stopped: 0.0100440 seconds, Stopping threads took: 0.0000800 seconds
56.143: Application time: 0.0673830 seconds
56.143: [GC56.143: [ParNew: 15691K->15691K(18432K), 0.0000100 secs]56.143: [Tenured: 27911K->27911K(40960K), 0.0097950 secs] 43603K->27911K(59392K), [Perm : 6077K->6077K(21248K)], 0.0098560 secs] [Times: user=0.01 sys=0.00, real=0.00 secs] 
56.153: Total time for which application threads were stopped: 0.0100280 seconds, Stopping threads took: 0.0001030 seconds
56.218: Application time: 0.0653220 seconds
56.219: [GC56.219: [ParNew: 15700K->15700K(18432K), 0.0000110 secs]56.219: [Tenured: 27911K->27910K(40960K), 0.0101700 secs] 43611K->27910K(59392K), [Perm : 6077K->6077K(21248K)], 0.0102300 secs] [Times: user=0.01 sys=0.00, real=0.01 secs] 
56.229: Total time for which application threads were stopped: 0.0103640 seconds, Stopping threads took: 0.0000640 seconds
56.307: Application time: 0.0783310 seconds
56.307: [GC56.307: [ParNew: 15700K->15700K(18432K), 0.0000100 secs]56.307: [Tenured: 27910K->28624K(40960K), 0.0099960 secs] 43610K->28624K(59392K), [Perm : 6077K->6077K(21248K)], 0.0100560 secs] [Times: user=0.01 sys=0.00, real=0.01 secs] 
56.317: Total time for which application threads were stopped: 0.0102670 seconds, Stopping threads took: 0.0001120 seconds
56.384: Application time: 0.0666790 seconds
56.384: [GC56.384: [ParNew: 15700K->15700K(18432K), 0.0000110 secs]56.384: [Tenured: 28624K->28624K(40960K), 0.0091000 secs] 44324K->28624K(59392K), [Perm : 6077K->6077K(21248K)], 0.0091600 secs] [Times: user=0.01 sys=0.00, real=0.00 secs] 
56.393: Total time for which application threads were stopped: 0.0093020 seconds, Stopping threads took: 0.0000740 seconds
56.443: Application time: 0.0495990 seconds
56.443: [GC56.443: [ParNew: 15691K->15691K(18432K), 0.0000110 secs]56.443: [Tenured: 28624K->30049K(40960K), 0.0101000 secs] 44316K->30049K(59392K), [Perm : 6077K->6077K(21248K)], 0.0101700 secs] [Times: user=0.01 sys=0.00, real=0.00 secs] 
56.453: Total time for which application threads were stopped: 0.0103070 seconds, Stopping threads took: 0.0000670 seconds
56.525: Application time: 0.0719220 seconds
56.525: [GC56.525: [ParNew: 15691K->15691K(18432K), 0.0000110 secs]56.525: [Tenured: 30049K->30048K(40960K), 0.0110780 secs] 45741K->30048K(59392K), [Perm : 6077K->6077K(21248K)], 0.0111360 secs] [Times: user=0.01 sys=0.00, real=0.01 secs] 
56.536: Total time for which application threads were stopped: 0.0112720 seconds, Stopping threads took: 0.0000690 seconds
56.602: Application time: 0.0658240 seconds
56.602: [GC56.602: [ParNew: 15699K->15699K(18432K), 0.0000110 secs]56.602: [Tenured: 30048K->30049K(40960K), 0.0091020 secs] 45748K->30049K(59392K), [Perm : 6077K->6077K(21248K)], 0.0091620 secs] [Times: user=0.01 sys=0.00, real=0.00 secs] 
56.612: Total time for which application threads were stopped: 0.0093050 seconds, Stopping threads took: 0.0000740 seconds
56.684: Application time: 0.0728380 seconds
56.685: [GC56.685: [ParNew: 15691K->15691K(18432K), 0.0000110 secs]56.685: [Tenured: 30049K->30761K(40960K), 0.0108550 secs] 45740K->30761K(59392K), [Perm : 6077K->6077K(21248K)], 0.0109170 secs] [Times: user=0.01 sys=0.00, real=0.01 secs] 
56.696: Total time for which application threads were stopped: 0.0110770 seconds, Stopping threads took: 0.0000900 seconds
56.761: Application time: 0.0653800 seconds
56.761: [GC56.761: [ParNew: 15697K->15697K(18432K), 0.0000110 secs]56.761: [Tenured: 30761K->29336K(40960K), 0.0100310 secs] 46459K->29336K(59392K), [Perm : 6077K->6077K(21248K)], 0.0100890 secs] [Times: user=0.01 sys=0.00, real=0.01 secs] 
56.771: Total time for which application threads were stopped: 0.0102230 seconds, Stopping threads took: 0.0000650 seconds
56.843: Application time: 0.0719210 seconds
56.843: [GC56.843: [ParNew: 15689K->15689K(18432K), 0.0000100 secs]56.843: [Tenured: 29336K->27910K(40960K), 0.0107840 secs] 45025K->27910K(59392K), [Perm : 6077K->6077K(21248K)], 0.0108440 secs] [Times: user=0.01 sys=0.00, real=0.00 secs] 
56.854: Total time for which application threads were stopped: 0.0110000 seconds, Stopping threads took: 0.0000610 seconds
56.904: Application time: 0.0497450 seconds
56.904: [GC56.904: [ParNew: 15697K->15697K(18432K), 0.0000090 secs]56.904: [Tenured: 27910K->28624K(40960K), 0.0092380 secs] 43608K->28624K(59392K), [Perm : 6077K->6077K(21248K)], 0.0092950 secs] [Times: user=0.01 sys=0.00, real=0.00 secs] 
56.913: Total time for which application threads were stopped: 0.0094190 seconds, Stopping threads took: 0.0000560 seconds
56.967: Application time: 0.0537270 seconds
56.967: [GC56.967: [ParNew: 15698K->15698K(18432K), 0.0000100 secs]56.967: [Tenured: 28624K->27198K(40960K), 0.0099790 secs] 44322K->27198K(59392K), [Perm : 6077K->6077K(21248K)], 0.0100370 secs] [Times: user=0.01 sys=0.00, real=0.01 secs] 
56.977: Total time for which application threads were stopped: 0.0101660 seconds, Stopping threads took: 0.0000590 seconds
57.035: Application time: 0.0574060 seconds
57.035: [GC57.035: [ParNew: 15698K->15698K(18432K), 0.0000100 secs]57.035: [Tenured: 27198K->26486K(40960K), 0.0118300 secs] 42896K->26486K(59392K), [Perm : 6077K->6077K(21248K)], 0.0118900 secs] [Times: user=0.01 sys=0.00, real=0.01 secs] 
57.047: Total time for which application threads were stopped: 0.0120740 seconds, Stopping threads took: 0.0001150 seconds
57.110: Application time: 0.0637760 seconds
57.110: [GC57.111: [ParNew: 15689K->15689K(18432K), 0.0000100 secs]57.111: [Tenured: 26486K->25773K(40960K), 0.0104920 secs] 42176K->25773K(59392K), [Perm : 6077K->6077K(21248K)], 0.0105520 secs] [Times: user=0.01 sys=0.00, real=0.01 secs] 
57.121: Total time for which application threads were stopped: 0.0106860 seconds, Stopping threads took: 0.0000630 seconds
57.170: Application time: 0.0485710 seconds
57.170: [GC57.170: [ParNew: 15687K->1425K(18432K), 0.0036670 secs] 41461K->37886K(59392K), 0.0037180 secs] [Times: user=0.03 sys=0.00, real=0.00 secs] 
57.174: Total time for which application threads were stopped: 0.0039020 seconds, Stopping threads took: 0.0001180 seconds
57.226: Application time: 0.0520030 seconds
57.226: [GC57.226: [ParNew: 17123K->17123K(18432K), 0.0000100 secs]57.226: [Tenured: 36461K->25774K(40960K), 0.0099030 secs] 53584K->25774K(59392K), [Perm : 6077K->6077K(21248K)], 0.0099620 secs] [Times: user=0.01 sys=0.00, real=0.01 secs] 
57.236: Total time for which application threads were stopped: 0.0101770 seconds, Stopping threads took: 0.0001290 seconds
57.295: Application time: 0.0589990 seconds
57.295: [GC57.295: [ParNew: 15690K->15690K(18432K), 0.0000110 secs]57.295: [Tenured: 25774K->27199K(40960K), 0.0107730 secs] 41464K->27199K(59392K), [Perm : 6077K->6077K(21248K)], 0.0108340 secs] [Times: user=0.01 sys=0.00, real=0.01 secs] 
57.306: Total time for which application threads were stopped: 0.0110340 seconds, Stopping threads took: 0.0001280 seconds
57.371: Application time: 0.0649400 seconds
57.371: [GC57.371: [ParNew: 15696K->15696K(18432K), 0.0000100 secs]57.371: [Tenured: 27199K->25774K(40960K), 0.0100580 secs] 42896K->25774K(59392K), [Perm : 6077K->6077K(21248K)], 0.0101170 secs] [Times: user=0.01 sys=0.00, real=0.01 secs] 
57.381: Total time for which application threads were stopped: 0.0102600 seconds, Stopping threads took: 0.0000610 seconds
57.425: Application time: 0.0435340 seconds
57.425: [GC57.425: [ParNew: 15696K->15696K(18432K), 0.0000110 secs]57.425: [Tenured: 25774K->23636K(40960K), 0.0107750 secs] 41470K->23636K(59392K), [Perm : 6077K->6077K(21248K)], 0.0108320 secs] [Times: user=0.01 sys=0.00, real=0.01 secs] 
57.435: Total time for which application threads were stopped: 0.0109620 seconds, Stopping threads took: 0.0000660 seconds
57.476: Application time: 0.0404270 seconds
57.476: [GC57.476: [ParNew: 15688K->1425K(18432K), 0.0038850 secs] 39324K->35750K(59392K), 0.0039290 secs] [Times: user=0.03 sys=0.00, real=0.00 secs] 
57.480: Total time for which application threads were stopped: 0.0041630 seconds, Stopping threads took: 0.0001540 seconds
57.552: Application time: 0.0718350 seconds
57.552: [GC57.552: [ParNew: 17113K->17113K(18432K), 0.0000110 secs]57.552: [Tenured: 34325K->24349K(40960K), 0.0099250 secs] 51438K->24349K(59392K), [Perm : 6077K->6077K(21248K)], 0.0099830 secs] [Times: user=0.01 sys=0.00, real=0.02 secs] 
57.562: Total time for which application threads were stopped: 0.0102080 seconds, Stopping threads took: 0.0001440 seconds
57.599: Application time: 0.0370820 seconds
57.599: [GC57.599: [ParNew: 15688K->1425K(18432K), 0.0037180 secs] 40037K->36463K(59392K), 0.0037610 secs] [Times: user=0.02 sys=0.00, real=0.01 secs] 
57.603: Total time for which application threads were stopped: 0.0039050 seconds, Stopping threads took: 0.0000790 seconds
57.646: Application time: 0.0425520 seconds
57.646: [GC57.646: [ParNew: 17122K->17122K(18432K), 0.0000110 secs]57.646: [Tenured: 35037K->24350K(40960K), 0.0098450 secs] 52160K->24350K(59392K), [Perm : 6078K->6078K(21248K)], 0.0099060 secs] [Times: user=0.01 sys=0.00, real=0.01 secs] 
57.656: Total time for which application threads were stopped: 0.0100620 seconds, Stopping threads took: 0.0000850 seconds
57.725: Application time: 0.0696440 seconds
57.725: [GC57.725: [ParNew: 15688K->1425K(18432K), 0.0035070 secs] 40039K->36464K(59392K), 0.0035520 secs] [Times: user=0.03 sys=0.00, real=0.00 secs] 
57.729: Total time for which application threads were stopped: 0.0036820 seconds, Stopping threads took: 0.0000640 seconds
57.767: Application time: 0.0380620 seconds
57.767: [GC57.767: [ParNew: 17122K->17122K(18432K), 0.0000090 secs]57.767: [Tenured: 35039K->25064K(40960K), 0.0091700 secs] 52161K->25064K(59392K), [Perm : 6078K->6078K(21248K)], 0.0092280 secs] [Times: user=0.01 sys=0.00, real=0.01 secs] 
57.776: Total time for which application threads were stopped: 0.0093870 seconds, Stopping threads took: 0.0000790 seconds
57.818: Application time: 0.0413120 seconds
57.818: [GC57.818: [ParNew: 15688K->1425K(18432K), 0.0037320 secs] 40752K->37178K(59392K), 0.0037880 secs] [Times: user=0.03 sys=0.00, real=0.00 secs] 
57.822: Total time for which application threads were stopped: 0.0039860 seconds, Stopping threads took: 0.0001310 seconds
57.891: Application time: 0.0694510 seconds
57.891: [GC57.891: [ParNew: 17114K->17114K(18432K), 0.0000100 secs]57.891: [Tenured: 35752K->25775K(40960K), 0.0103290 secs] 52867K->25775K(59392K), [Perm : 6078K->6078K(21248K)], 0.0103890 secs] [Times: user=0.01 sys=0.00, real=0.01 secs] 
57.902: Total time for which application threads were stopped: 0.0105330 seconds, Stopping threads took: 0.0000640 seconds
57.941: Application time: 0.0387330 seconds
57.941: [GC57.941: [ParNew: 15697K->15697K(18432K), 0.0000110 secs]57.941: [Tenured: 25775K->25776K(40960K), 0.0099400 secs] 41472K->25776K(59392K), [Perm : 6078K->6078K(21248K)], 0.0099990 secs] [Times: user=0.01 sys=0.00, real=0.01 secs] 
57.951: Total time for which application threads were stopped: 0.0101890 seconds, Stopping threads took: 0.0001190 seconds
58.003: Application time: 0.0518220 seconds
58.003: [GC58.003: [ParNew: 15697K->15697K(18432K), 0.0000100 secs]58.003: [Tenured: 25776K->25777K(40960K), 0.0103990 secs] 41473K->25777K(59392K), [Perm : 6078K->6078K(21248K)], 0.0104580 secs] [Times: user=0.01 sys=0.00, real=0.00 secs] 
58.013: Total time for which application threads were stopped: 0.0106230 seconds, Stopping threads took: 0.0000940 seconds
58.071: Application time: 0.0580530 seconds
58.071: [GC58.071: [ParNew: 15688K->15688K(18432K), 0.0000120 secs]58.071: [Tenured: 25777K->27202K(40960K), 0.0100890 secs] 41466K->27202K(59392K), [Perm : 6078K->6078K(21248K)], 0.0101460 secs] [Times: user=0.01 sys=0.00, real=0.01 secs] 
58.082: Total time for which application threads were stopped: 0.0102880 seconds, Stopping threads took: 0.0000690 seconds
58.153: Application time: 0.0714100 seconds
58.153: [GC58.153: [ParNew: 15697K->15697K(18432K), 0.0000100 secs]58.153: [Tenured: 27202K->27200K(40960K), 0.0103170 secs] 42899K->27200K(59392K), [Perm : 6078K->6078K(21248K)], 0.0103730 secs] [Times: user=0.01 sys=0.00, real=0.02 secs] 
58.163: Total time for which application threads were stopped: 0.0105160 seconds, Stopping threads took: 0.0000780 seconds
58.184: Application time: 0.0204780 seconds
58.184: [GC58.184: [ParNew: 15689K->15689K(18432K), 0.0000110 secs]58.184: [Tenured: 27200K->27913K(40960K), 0.0109180 secs] 42889K->27913K(59392K), [Perm : 6078K->6078K(21248K)], 0.0109810 secs] [Times: user=0.01 sys=0.00, real=0.01 secs] 
58.195: Total time for which application threads were stopped: 0.0112310 seconds, Stopping threads took: 0.0001790 seconds
58.253: Application time: 0.0581000 seconds
58.253: [GC58.253: [ParNew: 15697K->15697K(18432K), 0.0000100 secs]58.253: [Tenured: 27913K->27913K(40960K), 0.0092890 secs] 43610K->27913K(59392K), [Perm : 6078K->6078K(21248K)], 0.0093470 secs] [Times: user=0.01 sys=0.00, real=0.02 secs] 
58.263: Total time for which application threads were stopped: 0.0094870 seconds, Stopping threads took: 0.0000720 seconds
58.333: Application time: 0.0705740 seconds
58.333: [GC58.333: [ParNew: 15688K->15688K(18432K), 0.0000100 secs]58.334: [Tenured: 27913K->27913K(40960K), 0.0107330 secs] 43602K->27913K(59392K), [Perm : 6078K->6078K(21248K)], 0.0107920 secs] [Times: user=0.01 sys=0.00, real=0.02 secs] 
58.344: Total time for which application threads were stopped: 0.0109780 seconds, Stopping threads took: 0.0001150 seconds
58.384: Application time: 0.0395500 seconds
58.384: [GC58.384: [ParNew: 15697K->15697K(18432K), 0.0000110 secs]58.384: [Tenured: 27913K->28625K(40960K), 0.0117180 secs] 43611K->28625K(59392K), [Perm : 6078K->6078K(21248K)], 0.0117800 secs] [Times: user=0.01 sys=0.00, real=0.01 secs] 
58.396: Total time for which application threads were stopped: 0.0119580 seconds, Stopping threads took: 0.0001090 seconds
58.434: Application time: 0.0384340 seconds
58.434: [GC58.434: [ParNew: 15697K->15697K(18432K), 0.0000100 secs]58.434: [Tenured: 28625K->28626K(40960K), 0.0101090 secs] 44322K->28626K(59392K), [Perm : 6078K->6078K(21248K)], 0.0101710 secs] [Times: user=0.01 sys=0.00, real=0.01 secs] 
58.445: Total time for which application threads were stopped: 0.0103610 seconds, Stopping threads took: 0.0001110 seconds
58.517: Application time: 0.0722920 seconds
58.517: [GC58.517: [ParNew: 15688K->15688K(18432K), 0.0000090 secs]58.517: [Tenured: 28626K->30051K(40960K), 0.0093830 secs] 44314K->30051K(59392K), [Perm : 6078K->6078K(21248K)], 0.0094410 secs] [Times: user=0.01 sys=0.00, real=0.01 secs] 
58.526: Total time for which application threads were stopped: 0.0095810 seconds, Stopping threads took: 0.0000720 seconds
58.565: Application time: 0.0385630 seconds
58.565: [GC58.565: [ParNew: 15688K->15688K(18432K), 0.0000110 secs]58.565: [Tenured: 30051K->30051K(40960K), 0.0100030 secs] 45739K->30051K(59392K), [Perm : 6078K->6078K(21248K)], 0.0100630 secs] [Times: user=0.01 sys=0.00, real=0.01 secs] 
58.575: Total time for which application threads were stopped: 0.0102010 seconds, Stopping threads took: 0.0000680 seconds
58.617: Application time: 0.0417260 seconds
58.617: [GC58.617: [ParNew: 15688K->15688K(18432K), 0.0000100 secs]58.617: [Tenured: 30051K->30050K(40960K), 0.0102470 secs] 45739K->30050K(59392K), [Perm : 6078K->6078K(21248K)], 0.0103070 secs] [Times: user=0.01 sys=0.00, real=0.01 secs] 
58.627: Total time for which application threads were stopped: 0.0104750 seconds, Stopping threads took: 0.0001000 seconds
58.698: Application time: 0.0708510 seconds
58.698: [GC58.698: [ParNew: 15689K->15689K(18432K), 0.0000090 secs]58.699: [Tenured: 30050K->27950K(40960K), 0.0096900 secs] 45739K->27950K(59392K), [Perm : 6078K->6078K(21248K)], 0.0097490 secs] [Times: user=0.00 sys=0.00, real=0.01 secs] 
58.708: Total time for which application threads were stopped: 0.0099430 seconds, Stopping threads took: 0.0001170 seconds
58.714: Application time: 0.0056260 seconds
58.714: [GC58.714: [ParNew: 15723K->15723K(18432K), 0.0000130 secs]58.714: [Tenured: 27950K->30079K(40960K), 0.0095510 secs] 43674K->30079K(59392K), [Perm : 6078K->6078K(21248K)], 0.0096210 secs] [Times: user=0.01 sys=0.00, real=0.02 secs] 
58.724: Total time for which application threads were stopped: 0.0097770 seconds, Stopping threads took: 0.0000820 seconds
58.732: Application time: 0.0087300 seconds
58.733: [GC58.733: [ParNew: 15677K->15677K(18432K), 0.0000110 secs]58.733: [Tenured: 30079K->30792K(40960K), 0.0066710 secs] 45756K->30792K(59392K), [Perm : 6078K->6078K(21248K)], 0.0067270 secs] [Times: user=0.01 sys=0.00, real=0.01 secs] 
58.739: Total time for which application threads were stopped: 0.0068710 seconds, Stopping threads took: 0.0000760 seconds
58.745: Application time: 0.0056430 seconds
58.745: [GC58.745: [ParNew: 15685K->15685K(18432K), 0.0000110 secs]58.745: [Tenured: 30792K->30049K(40960K), 0.0119360 secs] 46477K->30049K(59392K), [Perm : 6078K->6078K(21248K)], 0.0119990 secs] [Times: user=0.01 sys=0.00, real=0.01 secs] 
58.757: Total time for which application threads were stopped: 0.0121470 seconds, Stopping threads took: 0.0000740 seconds
58.762: Application time: 0.0047910 seconds
58.762: [GC58.762: [ParNew: 15677K->15677K(18432K), 0.0000100 secs]58.762: [Tenured: 30049K->31475K(40960K), 0.0064650 secs] 45727K->31475K(59392K), [Perm : 6078K->6078K(21248K)], 0.0065220 secs] [Times: user=0.01 sys=0.00, real=0.01 secs] 
58.769: Total time for which application threads were stopped: 0.0066710 seconds, Stopping threads took: 0.0000790 seconds
58.777: Application time: 0.0089050 seconds
58.778: [GC58.778: [ParNew: 15686K->15686K(18432K), 0.0000110 secs]58.778: [Tenured: 31475K->30050K(40960K), 0.0068000 secs] 47161K->30050K(59392K), [Perm : 6078K->6078K(21248K)], 0.0068530 secs] [Times: user=0.01 sys=0.00, real=0.01 secs] 
58.784: Total time for which application threads were stopped: 0.0069960 seconds, Stopping threads took: 0.0000750 seconds
58.792: Application time: 0.0071710 seconds
58.792: [GC58.792: [ParNew: 15680K->15680K(18432K), 0.0000100 secs]58.792: [Tenured: 30050K->30050K(40960K), 0.0072460 secs] 45730K->30050K(59392K), [Perm : 6078K->6078K(21248K)], 0.0073150 secs] [Times: user=0.00 sys=0.00, real=0.01 secs] 
58.799: Total time for which application threads were stopped: 0.0078530 seconds, Stopping threads took: 0.0004490 seconds
58.804: Application time: 0.0044030 seconds
58.804: [GC58.804: [ParNew: 15690K->15690K(18432K), 0.0000100 secs]58.804: [Tenured: 30050K->29337K(40960K), 0.0093220 secs] 45741K->29337K(59392K), [Perm : 6078K->6078K(21248K)], 0.0093840 secs] [Times: user=0.01 sys=0.00, real=0.00 secs] 
58.813: Total time for which application threads were stopped: 0.0095750 seconds, Stopping threads took: 0.0001190 seconds
58.817: Application time: 0.0039180 seconds
58.818: [GC58.818: [ParNew: 15679K->15679K(18432K), 0.0000110 secs]58.818: [Tenured: 29337K->30762K(40960K), 0.0060580 secs] 45017K->30762K(59392K), [Perm : 6078K->6078K(21248K)], 0.0061170 secs] [Times: user=0.01 sys=0.00, real=0.01 secs] 
58.824: Total time for which application threads were stopped: 0.0062920 seconds, Stopping threads took: 0.0001070 seconds
58.847: Application time: 0.0232110 seconds
58.847: [GC58.847: [ParNew: 15690K->15690K(18432K), 0.0000100 secs]58.847: [Tenured: 30762K->28624K(40960K), 0.0098550 secs] 46453K->28624K(59392K), [Perm : 6078K->6078K(21248K)], 0.0099170 secs] [Times: user=0.01 sys=0.00, real=0.01 secs] 
58.857: Total time for which application threads were stopped: 0.0100940 seconds, Stopping threads took: 0.0001090 seconds
58.913: Application time: 0.0556310 seconds
58.913: [GC58.913: [ParNew: 15718K->15718K(18432K), 0.0000100 secs]58.913: [Tenured: 28624K->26525K(40960K), 0.0090040 secs] 44343K->26525K(59392K), [Perm : 6078K->6078K(21248K)], 0.0090630 secs] [Times: user=0.01 sys=0.00, real=0.01 secs] 
58.922: Total time for which application threads were stopped: 0.0092560 seconds, Stopping threads took: 0.0001060 seconds
58.932: Application time: 0.0096520 seconds
58.932: [GC58.932: [ParNew: 15689K->15689K(18432K), 0.0000120 secs]58.932: [Tenured: 26525K->27912K(40960K), 0.0117520 secs] 42214K->27912K(59392K), [Perm : 6078K->6078K(21248K)], 0.0118170 secs] [Times: user=0.02 sys=0.00, real=0.02 secs] 
58.944: Total time for which application threads were stopped: 0.0120020 seconds, Stopping threads took: 0.0001100 seconds
58.950: Application time: 0.0068730 seconds
58.951: [GC58.951: [ParNew: 15687K->15687K(18432K), 0.0000100 secs]58.951: [Tenured: 27912K->27912K(40960K), 0.0097270 secs] 43600K->27912K(59392K), [Perm : 6078K->6078K(21248K)], 0.0097890 secs] [Times: user=0.01 sys=0.00, real=0.01 secs] 
58.960: Total time for which application threads were stopped: 0.0099820 seconds, Stopping threads took: 0.0000960 seconds
58.964: Application time: 0.0039530 seconds
58.964: [GC58.964: [ParNew: 15679K->15679K(18432K), 0.0000110 secs]58.965: [Tenured: 27912K->28624K(40960K), 0.0089290 secs] 43591K->28624K(59392K), [Perm : 6078K->6078K(21248K)], 0.0089920 secs] [Times: user=0.01 sys=0.00, real=0.00 secs] 
58.974: Total time for which application threads were stopped: 0.0091780 seconds, Stopping threads took: 0.0001140 seconds
58.978: Application time: 0.0041670 seconds
58.978: [GC58.978: [ParNew: 15683K->15683K(18432K), 0.0000110 secs]58.978: [Tenured: 28624K->27199K(40960K), 0.0096660 secs] 44308K->27199K(59392K), [Perm : 6078K->6078K(21248K)], 0.0097270 secs] [Times: user=0.01 sys=0.00, real=0.01 secs] 
58.988: Total time for which application threads were stopped: 0.0099430 seconds, Stopping threads took: 0.0001450 seconds
58.995: Application time: 0.0078080 seconds
58.996: [GC58.996: [ParNew: 15690K->15690K(18432K), 0.0000120 secs]58.996: [Tenured: 27199K->28624K(40960K), 0.0098630 secs] 42889K->28624K(59392K), [Perm : 6078K->6078K(21248K)], 0.0099260 secs] [Times: user=0.01 sys=0.00, real=0.01 secs] 
59.006: Total time for which application threads were stopped: 0.0101110 seconds, Stopping threads took: 0.0001120 seconds
59.013: Application time: 0.0077150 seconds
59.014: [GC59.014: [ParNew: 15679K->15679K(18432K), 0.0000120 secs]59.014: [Tenured: 28624K->30049K(40960K), 0.0067260 secs] 44304K->30049K(59392K), [Perm : 6078K->6078K(21248K)], 0.0068020 secs] [Times: user=0.00 sys=0.00, real=0.01 secs] 
59.020: Total time for which application threads were stopped: 0.0070690 seconds, Stopping threads took: 0.0001840 seconds
59.026: Application time: 0.0052770 seconds
59.026: [GC59.026: [ParNew: 15690K->15690K(18432K), 0.0000100 secs]59.026: [Tenured: 30049K->29337K(40960K), 0.0091790 secs] 45740K->29337K(59392K), [Perm : 6078K->6078K(21248K)], 0.0092390 secs] [Times: user=0.00 sys=0.00, real=0.01 secs] 
59.035: Total time for which application threads were stopped: 0.0094700 seconds, Stopping threads took: 0.0001390 seconds
59.039: Application time: 0.0043580 seconds
59.040: [GC59.040: [ParNew: 15680K->15680K(18432K), 0.0000110 secs]59.040: [Tenured: 29337K->30762K(40960K), 0.0067340 secs] 45017K->30762K(59392K), [Perm : 6078K->6078K(21248K)], 0.0067890 secs] [Times: user=0.01 sys=0.00, real=0.01 secs] 
59.046: Total time for which application threads were stopped: 0.0069260 seconds, Stopping threads took: 0.0000700 seconds
59.052: Application time: 0.0060720 seconds
59.053: [GC59.053: [ParNew: 15688K->15688K(18432K), 0.0000100 secs]59.053: [Tenured: 30762K->27199K(40960K), 0.0088240 secs] 46451K->27199K(59392K), [Perm : 6078K->6078K(21248K)], 0.0088850 secs] [Times: user=0.00 sys=0.00, real=0.01 secs] 
59.061: Total time for which application threads were stopped: 0.0090200 seconds, Stopping threads took: 0.0000640 seconds
59.105: Application time: 0.0435890 seconds
59.105: [GC59.105: [ParNew: 15689K->15689K(18432K), 0.0000100 secs]59.105: [Tenured: 27199K->27911K(40960K), 0.0107010 secs] 42889K->27911K(59392K), [Perm : 6078K->6078K(21248K)], 0.0107610 secs] [Times: user=0.01 sys=0.00, real=0.01 secs] 
59.116: Total time for which application threads were stopped: 0.0109520 seconds, Stopping threads took: 0.0001200 seconds
59.149: Application time: 0.0332450 seconds
59.149: [GC59.149: [ParNew: 15725K->15725K(18432K), 0.0000110 secs]59.149: [Tenured: 27911K->28653K(40960K), 0.0100590 secs] 43637K->28653K(59392K), [Perm : 6079K->6079K(21248K)], 0.0101190 secs] [Times: user=0.01 sys=0.00, real=0.01 secs] 
59.160: Total time for which application threads were stopped: 0.0103410 seconds, Stopping threads took: 0.0001310 seconds
59.168: Application time: 0.0084350 seconds
59.168: [GC59.168: [ParNew: 15677K->15677K(18432K), 0.0000100 secs]59.168: [Tenured: 28653K->29366K(40960K), 0.0061390 secs] 44331K->29366K(59392K), [Perm : 6079K->6079K(21248K)], 0.0061970 secs] [Times: user=0.00 sys=0.00, real=0.01 secs] 
59.174: Total time for which application threads were stopped: 0.0063750 seconds, Stopping threads took: 0.0001000 seconds
59.180: Application time: 0.0055220 seconds
59.180: [GC59.180: [ParNew: 15685K->15685K(18432K), 0.0000110 secs]59.180: [Tenured: 29366K->28624K(40960K), 0.0112490 secs] 45051K->28624K(59392K), [Perm : 6079K->6079K(21248K)], 0.0113130 secs] [Times: user=0.02 sys=0.00, real=0.01 secs] 
59.191: Total time for which application threads were stopped: 0.0114620 seconds, Stopping threads took: 0.0000750 seconds
59.198: Application time: 0.0069200 seconds
59.198: [GC59.198: [ParNew: 15685K->15685K(18432K), 0.0000110 secs]59.198: [Tenured: 28624K->28624K(40960K), 0.0068070 secs] 44310K->28624K(59392K), [Perm : 6079K->6079K(21248K)], 0.0068610 secs] [Times: user=0.01 sys=0.00, real=0.01 secs] 
59.205: Total time for which application threads were stopped: 0.0070040 seconds, Stopping threads took: 0.0000750 seconds
59.213: Application time: 0.0073960 seconds
59.213: [GC59.213: [ParNew: 15680K->15680K(18432K), 0.0000110 secs]59.213: [Tenured: 28624K->26487K(40960K), 0.0102210 secs] 44305K->26487K(59392K), [Perm : 6079K->6079K(21248K)], 0.0102840 secs] [Times: user=0.01 sys=0.00, real=0.02 secs] 
59.223: Total time for which application threads were stopped: 0.0104820 seconds, Stopping threads took: 0.0001260 seconds
59.228: Application time: 0.0051330 seconds
59.228: [GC59.228: [ParNew: 15685K->15685K(18432K), 0.0000100 secs]59.228: [Tenured: 26487K->25774K(40960K), 0.0087490 secs] 42172K->25774K(59392K), [Perm : 6079K->6079K(21248K)], 0.0088180 secs] [Times: user=0.01 sys=0.00, real=0.01 secs] 
59.237: Total time for which application threads were stopped: 0.0089560 seconds, Stopping threads took: 0.0000690 seconds
59.242: Application time: 0.0048630 seconds
59.242: [GC59.242: [ParNew: 15692K->15692K(18432K), 0.0000100 secs]59.242: [Tenured: 25774K->27912K(40960K), 0.0092250 secs] 41466K->27912K(59392K), [Perm : 6079K->6079K(21248K)], 0.0092860 secs] [Times: user=0.01 sys=0.00, real=0.00 secs] 
59.252: Total time for which application threads were stopped: 0.0095440 seconds, Stopping threads took: 0.0001700 seconds
59.255: Application time: 0.0037530 seconds
59.256: [GC59.256: [ParNew: 15683K->15683K(18432K), 0.0000100 secs]59.256: [Tenured: 27912K->27199K(40960K), 0.0093020 secs] 43595K->27199K(59392K), [Perm : 6079K->6079K(21248K)], 0.0093650 secs] [Times: user=0.01 sys=0.00, real=0.01 secs] 
59.265: Total time for which application threads were stopped: 0.0097000 seconds, Stopping threads took: 0.0002470 seconds
59.269: Application time: 0.0041250 seconds
59.269: [GC59.269: [ParNew: 16137K->16137K(18432K), 0.0000100 secs]59.269: [Tenured: 27199K->26523K(40960K), 0.0061980 secs] 43337K->26523K(59392K), [Perm : 6079K->6079K(21248K)], 0.0062550 secs] [Times: user=0.00 sys=0.00, real=0.01 secs] 
59.276: Total time for which application threads were stopped: 0.0064020 seconds, Stopping threads took: 0.0000770 seconds
59.291: Application time: 0.0156180 seconds
59.291: [GC59.291: [ParNew: 15983K->15983K(18432K), 0.0000110 secs]59.291: [Tenured: 26523K->27941K(40960K), 0.0092340 secs] 42506K->27941K(59392K), [Perm : 6079K->6079K(21248K)], 0.0092940 secs] [Times: user=0.01 sys=0.00, real=0.01 secs] 
59.301: Total time for which application threads were stopped: 0.0094400 seconds, Stopping threads took: 0.0000730 seconds
59.310: Application time: 0.0092740 seconds
59.310: [GC59.310: [ParNew: 15683K->15683K(18432K), 0.0000110 secs]59.310: [Tenured: 27941K->26486K(40960K), 0.0106950 secs] 43624K->26486K(59392K), [Perm : 6079K->6079K(21248K)], 0.0107580 secs] [Times: user=0.01 sys=0.00, real=0.01 secs] 
59.321: Total time for which application threads were stopped: 0.0109070 seconds, Stopping threads took: 0.0000750 seconds
59.325: Application time: 0.0041230 seconds
59.325: [GC59.325: [ParNew: 15679K->15679K(18432K), 0.0000110 secs]59.325: [Tenured: 26486K->26486K(40960K), 0.0089730 secs] 42166K->26486K(59392K), [Perm : 6079K->6079K(21248K)], 0.0090300 secs] [Times: user=0.01 sys=0.00, real=0.01 secs] 
59.334: Total time for which application threads were stopped: 0.0091820 seconds, Stopping threads took: 0.0000820 seconds
59.342: Application time: 0.0075680 seconds
59.342: [GC59.342: [ParNew: 15685K->15685K(18432K), 0.0000110 secs]59.342: [Tenured: 26486K->27912K(40960K), 0.0060860 secs] 42172K->27912K(59392K), [Perm : 6079K->6079K(21248K)], 0.0061430 secs] [Times: user=0.00 sys=0.00, real=0.01 secs] 
59.348: Total time for which application threads were stopped: 0.0063130 seconds, Stopping threads took: 0.0001020 seconds
59.355: Application time: 0.0071480 seconds
59.355: [GC59.355: [ParNew: 15678K->15678K(18432K), 0.0000110 secs]59.355: [Tenured: 27912K->27200K(40960K), 0.0065280 secs] 43591K->27200K(59392K), [Perm : 6079K->6079K(21248K)], 0.0065810 secs] [Times: user=0.01 sys=0.00, real=0.00 secs] 
59.362: Total time for which application threads were stopped: 0.0067160 seconds, Stopping threads took: 0.0000670 seconds
59.370: Application time: 0.0075120 seconds
59.370: [GC59.370: [ParNew: 15689K->15689K(18432K), 0.0000110 secs]59.370: [Tenured: 27200K->26487K(40960K), 0.0079680 secs] 42889K->26487K(59392K), [Perm : 6079K->6079K(21248K)], 0.0080260 secs] [Times: user=0.01 sys=0.00, real=0.01 secs] 
59.378: Total time for which application threads were stopped: 0.0082520 seconds, Stopping threads took: 0.0001380 seconds
59.382: Application time: 0.0042610 seconds
59.382: [GC59.382: [ParNew: 15680K->15680K(18432K), 0.0000110 secs]59.382: [Tenured: 26487K->27199K(40960K), 0.0064710 secs] 42167K->27199K(59392K), [Perm : 6079K->6079K(21248K)], 0.0065220 secs] [Times: user=0.01 sys=0.00, real=0.00 secs] 
59.389: Total time for which application threads were stopped: 0.0066560 seconds, Stopping threads took: 0.0000610 seconds
59.393: Application time: 0.0038160 seconds
59.393: [GC59.393: [ParNew: 15680K->15680K(18432K), 0.0000110 secs]59.393: [Tenured: 27199K->27199K(40960K), 0.0089720 secs] 42880K->27199K(59392K), [Perm : 6079K->6079K(21248K)], 0.0090340 secs] [Times: user=0.01 sys=0.00, real=0.01 secs] 
59.402: Total time for which application threads were stopped: 0.0091940 seconds, Stopping threads took: 0.0000880 seconds
59.418: Application time: 0.0165820 seconds
59.418: [GC59.418: [ParNew: 16368K->16368K(18432K), 0.0000100 secs]59.418: [Tenured: 27199K->23674K(40960K), 0.0093600 secs] 43567K->23674K(59392K), [Perm : 6079K->6079K(21248K)], 0.0094160 secs] [Times: user=0.01 sys=0.00, real=0.01 secs] 
59.428: Total time for which application threads were stopped: 0.0095520 seconds, Stopping threads took: 0.0000670 seconds
59.438: Application time: 0.0100950 seconds
59.438: [GC59.438: [ParNew: 15761K->1435K(18432K), 0.0013140 secs] 39436K->27247K(59392K), 0.0013490 secs] [Times: user=0.01 sys=0.00, real=0.00 secs] 
59.439: Total time for which application threads were stopped: 0.0015050 seconds, Stopping threads took: 0.0000930 seconds
59.448: Application time: 0.0081800 seconds
59.448: [GC59.448: [ParNew: 17118K->17118K(18432K), 0.0000110 secs]59.448: [Tenured: 25812K->26486K(40960K), 0.0109380 secs] 42930K->26486K(59392K), [Perm : 6079K->6079K(21248K)], 0.0110010 secs] [Times: user=0.01 sys=0.00, real=0.01 secs] 
59.459: Total time for which application threads were stopped: 0.0111630 seconds, Stopping threads took: 0.0000900 seconds
59.463: Application time: 0.0044720 seconds
59.463: [GC59.463: [ParNew: 15677K->15677K(18432K), 0.0000110 secs]59.463: [Tenured: 26486K->27911K(40960K), 0.0060570 secs] 42163K->27911K(59392K), [Perm : 6079K->6079K(21248K)], 0.0061130 secs] [Times: user=0.01 sys=0.00, real=0.00 secs] 
59.470: Total time for which application threads were stopped: 0.0062600 seconds, Stopping threads took: 0.0000640 seconds
59.476: Application time: 0.0064450 seconds
59.476: [GC59.476: [ParNew: 15687K->15687K(18432K), 0.0000100 secs]59.476: [Tenured: 27911K->25061K(40960K), 0.0090470 secs] 43599K->25061K(59392K), [Perm : 6079K->6079K(21248K)], 0.0091090 secs] [Times: user=0.01 sys=0.00, real=0.01 secs] 
59.485: Total time for which application threads were stopped: 0.0092730 seconds, Stopping threads took: 0.0000930 seconds
59.493: Application time: 0.0076070 seconds
59.493: [GC59.493: [ParNew: 15679K->1425K(18432K), 0.0005250 secs] 40740K->26486K(59392K), 0.0005550 secs] [Times: user=0.00 sys=0.00, real=0.00 secs] 
59.494: Total time for which application threads were stopped: 0.0007070 seconds, Stopping threads took: 0.0000960 seconds
59.500: Application time: 0.0066210 seconds
59.500: [GC59.500: [ParNew: 17114K->17114K(18432K), 0.0000090 secs]59.500: [Tenured: 25061K->26487K(40960K), 0.0060240 secs] 42175K->26487K(59392K), [Perm : 6079K->6079K(21248K)], 0.0060790 secs] [Times: user=0.00 sys=0.00, real=0.01 secs] 
59.506: Total time for which application threads were stopped: 0.0062300 seconds, Stopping threads took: 0.0000860 seconds
59.510: Application time: 0.0038520 seconds
59.510: [GC59.510: [ParNew: 15680K->15680K(18432K), 0.0000100 secs]59.510: [Tenured: 26487K->26486K(40960K), 0.0061830 secs] 42167K->26486K(59392K), [Perm : 6079K->6079K(21248K)], 0.0062390 secs] [Times: user=0.01 sys=0.00, real=0.01 secs] 
59.517: Total time for which application threads were stopped: 0.0063920 seconds, Stopping threads took: 0.0000860 seconds
59.522: Application time: 0.0053750 seconds
59.522: [GC59.522: [ParNew: 15678K->15678K(18432K), 0.0000090 secs]59.522: [Tenured: 26486K->25060K(40960K), 0.0063330 secs] 42165K->25060K(59392K), [Perm : 6079K->6079K(21248K)], 0.0063820 secs] [Times: user=0.01 sys=0.00, real=0.00 secs] 
59.529: Total time for which application threads were stopped: 0.0065210 seconds, Stopping threads took: 0.0000770 seconds
59.551: Application time: 0.0228300 seconds
59.552: [GC59.552: [ParNew: 15698K->1433K(18432K), 0.0041770 secs] 40759K->38606K(59392K), 0.0042310 secs] [Times: user=0.03 sys=0.00, real=0.01 secs] 
59.556: Total time for which application threads were stopped: 0.0043860 seconds, Stopping threads took: 0.0000900 seconds
59.617: Application time: 0.0608300 seconds
59.617: [GC59.617: [ParNew: 17445K->17445K(18432K), 0.0000100 secs]59.617: [Tenured: 37173K->23669K(40960K), 0.0095670 secs] 54619K->23669K(59392K), [Perm : 6079K->6079K(21248K)], 0.0096230 secs] [Times: user=0.01 sys=0.00, real=0.01 secs] 
59.626: Total time for which application threads were stopped: 0.0098220 seconds, Stopping threads took: 0.0001330 seconds
59.643: Application time: 0.0165570 seconds
59.643: [GC59.643: [ParNew: 16115K->1435K(18432K), 0.0019890 secs] 39784K->29379K(59392K), 0.0020280 secs] [Times: user=0.01 sys=0.00, real=0.00 secs] 
59.645: Total time for which application threads were stopped: 0.0022470 seconds, Stopping threads took: 0.0001320 seconds
59.654: Application time: 0.0091900 seconds
59.655: [GC59.655: [ParNew: 17118K->17118K(18432K), 0.0000110 secs]59.655: [Tenured: 27944K->27228K(40960K), 0.0097930 secs] 45063K->27228K(59392K), [Perm : 6079K->6079K(21248K)], 0.0098520 secs] [Times: user=0.01 sys=0.00, real=0.01 secs] 
59.664: Total time for which application threads were stopped: 0.0099990 seconds, Stopping threads took: 0.0000740 seconds
59.669: Application time: 0.0047230 seconds
59.669: [GC59.669: [ParNew: 15677K->15677K(18432K), 0.0000100 secs]59.669: [Tenured: 27228K->25773K(40960K), 0.0102910 secs] 42905K->25773K(59392K), [Perm : 6079K->6079K(21248K)], 0.0103520 secs] [Times: user=0.01 sys=0.00, real=0.01 secs] 
59.680: Total time for which application threads were stopped: 0.0105350 seconds, Stopping threads took: 0.0001120 seconds
59.687: Application time: 0.0075700 seconds
59.687: [GC59.687: [ParNew: 15687K->15687K(18432K), 0.0000110 secs]59.687: [Tenured: 25773K->25773K(40960K), 0.0093980 secs] 41461K->25773K(59392K), [Perm : 6079K->6079K(21248K)], 0.0094590 secs] [Times: user=0.01 sys=0.00, real=0.01 secs] 
59.697: Total time for which application threads were stopped: 0.0096040 seconds, Stopping threads took: 0.0000750 seconds
59.704: Application time: 0.0068220 seconds
59.704: [GC59.704: [ParNew: 15678K->15678K(18432K), 0.0000110 secs]59.704: [Tenured: 25773K->26486K(40960K), 0.0062150 secs] 41452K->26486K(59392K), [Perm : 6079K->6079K(21248K)], 0.0062730 secs] [Times: user=0.00 sys=0.00, real=0.00 secs] 
59.710: Total time for which application threads were stopped: 0.0065200 seconds, Stopping threads took: 0.0001610 seconds
59.717: Application time: 0.0070360 seconds
59.717: [GC59.717: [ParNew: 15689K->15689K(18432K), 0.0000100 secs]59.717: [Tenured: 26486K->26487K(40960K), 0.0060240 secs] 42175K->26487K(59392K), [Perm : 6079K->6079K(21248K)], 0.0060790 secs] [Times: user=0.01 sys=0.00, real=0.01 secs] 
59.724: Total time for which application threads were stopped: 0.0062230 seconds, Stopping threads took: 0.0000770 seconds
59.727: Application time: 0.0036860 seconds
59.727: [GC59.727: [ParNew: 15680K->15680K(18432K), 0.0000110 secs]59.727: [Tenured: 26487K->25774K(40960K), 0.0062540 secs] 42167K->25774K(59392K), [Perm : 6079K->6079K(21248K)], 0.0063150 secs] [Times: user=0.01 sys=0.00, real=0.00 secs] 
59.734: Total time for which application threads were stopped: 0.0064680 seconds, Stopping threads took: 0.0000840 seconds
59.738: Application time: 0.0042560 seconds
59.738: [GC59.738: [ParNew: 15678K->15678K(18432K), 0.0000100 secs]59.738: [Tenured: 25774K->27199K(40960K), 0.0059660 secs] 41452K->27199K(59392K), [Perm : 6079K->6079K(21248K)], 0.0060230 secs] [Times: user=0.00 sys=0.00, real=0.01 secs] 
59.744: Total time for which application threads were stopped: 0.0062390 seconds, Stopping threads took: 0.0001350 seconds
59.770: Application time: 0.0257670 seconds
59.770: [GC59.770: [ParNew: 15738K->15738K(18432K), 0.0000100 secs]59.770: [Tenured: 27199K->24378K(40960K), 0.0097410 secs] 42937K->24378K(59392K), [Perm : 6079K->6079K(21248K)], 0.0098060 secs] [Times: user=0.01 sys=0.00, real=0.01 secs] 
59.780: Total time for which application threads were stopped: 0.0099500 seconds, Stopping threads took: 0.0000690 seconds
59.787: Application time: 0.0074640 seconds
59.787: [GC59.787: [ParNew: 15679K->1425K(18432K), 0.0013740 secs] 40057K->27940K(59392K), 0.0014110 secs] [Times: user=0.01 sys=0.00, real=0.00 secs] 
59.789: Total time for which application threads were stopped: 0.0015490 seconds, Stopping threads took: 0.0000730 seconds
59.797: Application time: 0.0085940 seconds
59.798: [GC59.798: [ParNew: 17108K->17108K(18432K), 0.0000120 secs]59.798: [Tenured: 26515K->26515K(40960K), 0.0097110 secs] 43624K->26515K(59392K), [Perm : 6079K->6079K(21248K)], 0.0097750 secs] [Times: user=0.01 sys=0.00, real=0.01 secs] 
59.807: Total time for which application threads were stopped: 0.0099270 seconds, Stopping threads took: 0.0000780 seconds
59.812: Application time: 0.0043090 seconds
59.812: [GC59.812: [ParNew: 15677K->15677K(18432K), 0.0000100 secs]59.812: [Tenured: 26515K->24348K(40960K), 0.0095970 secs] 42193K->24348K(59392K), [Perm : 6079K->6079K(21248K)], 0.0096550 secs] [Times: user=0.01 sys=0.00, real=0.01 secs] 
59.822: Total time for which application threads were stopped: 0.0098240 seconds, Stopping threads took: 0.0000960 seconds
59.829: Application time: 0.0070420 seconds
59.829: [GC59.829: [ParNew: 15687K->1439K(18432K), 0.0010900 secs] 40036K->27925K(59392K), 0.0011230 secs] [Times: user=0.00 sys=0.00, real=0.00 secs] 
59.830: Total time for which application threads were stopped: 0.0017870 seconds, Stopping threads took: 0.0006060 seconds
59.837: Application time: 0.0069420 seconds
59.837: [GC59.837: [ParNew: 17118K->17118K(18432K), 0.0000100 secs]59.837: [Tenured: 26486K->24349K(40960K), 0.0090590 secs] 43604K->24349K(59392K), [Perm : 6079K->6079K(21248K)], 0.0091150 secs] [Times: user=0.01 sys=0.00, real=0.01 secs] 
59.847: Total time for which application threads were stopped: 0.0092630 seconds, Stopping threads took: 0.0000790 seconds
59.853: Application time: 0.0063350 seconds
59.853: [GC59.853: [ParNew: 15689K->1437K(18432K), 0.0007740 secs] 40038K->26499K(59392K), 0.0008050 secs] [Times: user=0.00 sys=0.00, real=0.00 secs] 
59.854: Total time for which application threads were stopped: 0.0009670 seconds, Stopping threads took: 0.0001040 seconds
59.858: Application time: 0.0040290 seconds
59.858: [GC59.858: [ParNew: 17117K->1427K(18432K), 0.0006220 secs] 42179K->26528K(59392K), 0.0006520 secs] [Times: user=0.01 sys=0.00, real=0.00 secs] 
59.859: Total time for which application threads were stopped: 0.0008100 seconds, Stopping threads took: 0.0001020 seconds
59.865: Application time: 0.0058210 seconds
59.865: [GC59.865: [ParNew: 17115K->722K(18432K), 0.0003700 secs] 42217K->25824K(59392K), 0.0003990 secs] [Times: user=0.01 sys=0.00, real=0.00 secs] 
59.865: Total time for which application threads were stopped: 0.0005630 seconds, Stopping threads took: 0.0001090 seconds
59.886: Application time: 0.0213400 seconds
59.887: [GC59.887: [ParNew: 16453K->1463K(18432K), 0.0037770 secs] 41555K->37965K(59392K), 0.0038160 secs] [Times: user=0.03 sys=0.00, real=0.00 secs] 
59.890: Total time for which application threads were stopped: 0.0039380 seconds, Stopping threads took: 0.0000590 seconds
59.899: Application time: 0.0083500 seconds
59.899: [GC59.899: [ParNew: 17142K->17142K(18432K), 0.0000100 secs]59.899: [Tenured: 36501K->25090K(40960K), 0.0101180 secs] 53644K->25090K(59392K), [Perm : 6079K->6079K(21248K)], 0.0101750 secs] [Times: user=0.01 sys=0.00, real=0.01 secs] 
59.909: Total time for which application threads were stopped: 0.0103250 seconds, Stopping threads took: 0.0000800 seconds
59.916: Application time: 0.0070670 seconds
59.916: [GC59.916: [ParNew: 15683K->1437K(18432K), 0.0005920 secs] 40774K->26527K(59392K), 0.0006180 secs] [Times: user=0.01 sys=0.00, real=0.00 secs] 
59.917: Total time for which application threads were stopped: 0.0007790 seconds, Stopping threads took: 0.0001050 seconds
59.921: Application time: 0.0044000 seconds
59.921: [GC59.921: [ParNew: 17114K->1425K(18432K), 0.0008510 secs] 42205K->27260K(59392K), 0.0008870 secs] [Times: user=0.01 sys=0.00, real=0.01 secs] 
59.922: Total time for which application threads were stopped: 0.0010310 seconds, Stopping threads took: 0.0000850 seconds
59.931: Application time: 0.0082860 seconds
59.931: [GC59.931: [ParNew: 17111K->1435K(18432K), 0.0006300 secs] 42946K->27270K(59392K), 0.0006580 secs] [Times: user=0.01 sys=0.00, real=0.00 secs] 
59.931: Total time for which application threads were stopped: 0.0008000 seconds, Stopping threads took: 0.0000850 seconds
59.938: Application time: 0.0064150 seconds
59.938: [GC59.938: [ParNew: 17116K->1427K(18432K), 0.0014240 secs] 42951K->30144K(59392K), 0.0014640 secs] [Times: user=0.01 sys=0.01, real=0.00 secs] 
59.939: Total time for which application threads were stopped: 0.0016080 seconds, Stopping threads took: 0.0000860 seconds
59.945: Application time: 0.0057910 seconds
59.945: [GC59.945: [ParNew: 17116K->17116K(18432K), 0.0000100 secs]59.945: [Tenured: 28717K->25803K(40960K), 0.0098200 secs] 45833K->25803K(59392K), [Perm : 6079K->6079K(21248K)], 0.0098800 secs] [Times: user=0.01 sys=0.00, real=0.01 secs] 
59.955: Total time for which application threads were stopped: 0.0100540 seconds, Stopping threads took: 0.0001040 seconds
59.959: Application time: 0.0039630 seconds
59.959: [GC59.959: [ParNew: 15679K->1427K(18432K), 0.0005890 secs] 41483K->27230K(59392K), 0.0006190 secs] [Times: user=0.01 sys=0.00, real=0.00 secs] 
59.960: Total time for which application threads were stopped: 0.0007900 seconds, Stopping threads took: 0.0001130 seconds
59.966: Application time: 0.0060470 seconds
59.966: [GC59.966: [ParNew: 17115K->1435K(18432K), 0.0009220 secs] 42919K->29376K(59392K), 0.0009510 secs] [Times: user=0.00 sys=0.00, real=0.00 secs] 
59.967: Total time for which application threads were stopped: 0.0011160 seconds, Stopping threads took: 0.0000980 seconds
60.041: Application time: 0.0734100 seconds
60.041: [GC60.041: [ParNew (promotion failed): 17126K->17118K(18432K), 0.0040910 secs]60.045: [Tenured: 40790K->24348K(40960K), 0.0099220 secs] 45067K->24348K(59392K), [Perm : 6079K->6079K(21248K)], 0.0140740 secs] [Times: user=0.04 sys=0.00, real=0.02 secs] 
60.055: Total time for which application threads were stopped: 0.0142060 seconds, Stopping threads took: 0.0000660 seconds
60.129: Application time: 0.0737700 seconds
60.129: [GC60.129: [ParNew: 15691K->1425K(18432K), 0.0045320 secs] 40040K->40024K(59392K), 0.0045780 secs] [Times: user=0.04 sys=0.00, real=0.00 secs] 
60.133: Total time for which application threads were stopped: 0.0047300 seconds, Stopping threads took: 0.0000860 seconds
60.188: Application time: 0.0548290 seconds
60.188: [GC60.188: [ParNew: 17116K->17116K(18432K), 0.0000100 secs]60.188: [Tenured: 38599K->25061K(40960K), 0.0090320 secs] 55715K->25061K(59392K), [Perm : 6079K->6079K(21248K)], 0.0090920 secs] [Times: user=0.01 sys=0.00, real=0.01 secs] 
60.197: Total time for which application threads were stopped: 0.0092330 seconds, Stopping threads took: 0.0000720 seconds
60.271: Application time: 0.0737500 seconds
60.271: [GC60.271: [ParNew: 15700K->1433K(18432K), 0.0042850 secs] 40761K->40032K(59392K), 0.0043300 secs] [Times: user=0.04 sys=0.00, real=0.01 secs] 
60.276: Total time for which application threads were stopped: 0.0045260 seconds, Stopping threads took: 0.0001130 seconds
60.329: Application time: 0.0536130 seconds
60.329: [GC60.329: [ParNew: 17124K->17124K(18432K), 0.0000100 secs]60.329: [Tenured: 38599K->25062K(40960K), 0.0089370 secs] 55723K->25062K(59392K), [Perm : 6079K->6079K(21248K)], 0.0089940 secs] [Times: user=0.01 sys=0.00, real=0.01 secs] 
60.338: Total time for which application threads were stopped: 0.0091320 seconds, Stopping threads took: 0.0000700 seconds
60.393: Application time: 0.0541840 seconds
60.393: [GC60.393: [ParNew: 15700K->1429K(18432K), 0.0047910 secs] 40762K->40741K(59392K), 0.0048340 secs] [Times: user=0.03 sys=0.00, real=0.01 secs] 
60.398: Total time for which application threads were stopped: 0.0049980 seconds, Stopping threads took: 0.0000880 seconds
60.471: Application time: 0.0737040 seconds
60.472: [GC60.472: [ParNew: 17120K->17120K(18432K), 0.0000100 secs]60.472: [Tenured: 39312K->26488K(40960K), 0.0091740 secs] 56433K->26488K(59392K), [Perm : 6079K->6079K(21248K)], 0.0092440 secs] [Times: user=0.01 sys=0.00, real=0.01 secs] 
60.481: Total time for which application threads were stopped: 0.0094020 seconds, Stopping threads took: 0.0000780 seconds
60.552: Application time: 0.0710080 seconds
60.552: [GC60.552: [ParNew: 15708K->15708K(18432K), 0.0000100 secs]60.552: [Tenured: 26488K->25061K(40960K), 0.0101210 secs] 42196K->25061K(59392K), [Perm : 6079K->6079K(21248K)], 0.0101820 secs] [Times: user=0.01 sys=0.00, real=0.02 secs] 
60.562: Total time for which application threads were stopped: 0.0103190 seconds, Stopping threads took: 0.0000690 seconds
60.633: Application time: 0.0710120 seconds
60.633: [GC60.633: [ParNew: 15700K->1435K(18432K), 0.0045830 secs] 40761K->40746K(59392K), 0.0046260 secs] [Times: user=0.03 sys=0.00, real=0.01 secs] 
60.638: Total time for which application threads were stopped: 0.0047680 seconds, Stopping threads took: 0.0000750 seconds
60.712: Application time: 0.0739560 seconds
60.712: [GC60.712: [ParNew: 17126K->17126K(18432K), 0.0000110 secs]60.712: [Tenured: 39311K->27199K(40960K), 0.0101150 secs] 56438K->27199K(59392K), [Perm : 6079K->6079K(21248K)], 0.0101720 secs] [Times: user=0.01 sys=0.00, real=0.02 secs] 
60.722: Total time for which application threads were stopped: 0.0103110 seconds, Stopping threads took: 0.0000700 seconds
60.792: Application time: 0.0702370 seconds
60.793: [GC60.793: [ParNew: 15691K->15691K(18432K), 0.0000110 secs]60.793: [Tenured: 27199K->27199K(40960K), 0.0099710 secs] 42891K->27199K(59392K), [Perm : 6079K->6079K(21248K)], 0.0100310 secs] [Times: user=0.01 sys=0.00, real=0.02 secs] 
60.803: Total time for which application threads were stopped: 0.0101770 seconds, Stopping threads took: 0.0000760 seconds
60.877: Application time: 0.0739730 seconds
60.877: [GC60.877: [ParNew: 15700K->15700K(18432K), 0.0000110 secs]60.877: [Tenured: 27199K->27913K(40960K), 0.0098450 secs] 42899K->27913K(59392K), [Perm : 6079K->6079K(21248K)], 0.0099060 secs] [Times: user=0.01 sys=0.00, real=0.01 secs] 
60.887: Total time for which application threads were stopped: 0.0101280 seconds, Stopping threads took: 0.0001410 seconds
60.960: Application time: 0.0737370 seconds
60.961: [GC60.961: [ParNew: 15708K->15708K(18432K), 0.0000100 secs]60.961: [Tenured: 27913K->28623K(40960K), 0.0101930 secs] 43621K->28623K(59392K), [Perm : 6079K->6079K(21248K)], 0.0102500 secs] [Times: user=0.01 sys=0.00, real=0.01 secs] 
60.971: Total time for which application threads were stopped: 0.0104030 seconds, Stopping threads took: 0.0000780 seconds
61.044: Application time: 0.0736250 seconds
61.045: [GC61.045: [ParNew: 15691K->15691K(18432K), 0.0000090 secs]61.045: [Tenured: 28623K->30761K(40960K), 0.0090490 secs] 44315K->30761K(59392K), [Perm : 6079K->6079K(21248K)], 0.0091070 secs] [Times: user=0.00 sys=0.00, real=0.00 secs] 
61.054: Total time for which application threads were stopped: 0.0092380 seconds, Stopping threads took: 0.0000520 seconds
61.116: Application time: 0.0623140 seconds
61.116: [GC61.116: [ParNew: 15691K->15691K(18432K), 0.0000110 secs]61.116: [Tenured: 30761K->31473K(40960K), 0.0099110 secs] 46453K->31473K(59392K), [Perm : 6079K->6079K(21248K)], 0.0099690 secs] [Times: user=0.01 sys=0.00, real=0.01 secs] 
61.126: Total time for which application threads were stopped: 0.0102150 seconds, Stopping threads took: 0.0001650 seconds
61.200: Application time: 0.0740950 seconds
61.200: [GC61.200: [ParNew: 15691K->15691K(18432K), 0.0000110 secs]61.200: [Tenured: 31473K->31473K(40960K), 0.0099100 secs] 47165K->31473K(59392K), [Perm : 6079K->6079K(21248K)], 0.0099700 secs] [Times: user=0.01 sys=0.00, real=0.01 secs] 
61.210: Total time for which application threads were stopped: 0.0101100 seconds, Stopping threads took: 0.0000710 seconds
61.254: Application time: 0.0439640 seconds
61.255: [GC61.255: [ParNew: 15699K->15699K(18432K), 0.0000100 secs]61.255: [Tenured: 31473K->28623K(40960K), 0.0109350 secs] 47173K->28623K(59392K), [Perm : 6079K->6079K(21248K)], 0.0110040 secs] [Times: user=0.01 sys=0.00, real=0.01 secs] 
61.266: Total time for which application threads were stopped: 0.0111410 seconds, Stopping threads took: 0.0000690 seconds
61.320: Application time: 0.0547580 seconds
61.320: [GC61.320: [ParNew: 15691K->15691K(18432K), 0.0000110 secs]61.320: [Tenured: 28623K->29336K(40960K), 0.0099670 secs] 44315K->29336K(59392K), [Perm : 6079K->6079K(21248K)], 0.0100270 secs] [Times: user=0.01 sys=0.00, real=0.01 secs] 
61.330: Total time for which application threads were stopped: 0.0101710 seconds, Stopping threads took: 0.0000750 seconds
61.398: Application time: 0.0674080 seconds
61.398: [GC61.398: [ParNew: 15697K->15697K(18432K), 0.0000190 secs]61.398: [Tenured: 29336K->29337K(40960K), 0.0099680 secs] 45034K->29337K(59392K), [Perm : 6079K->6079K(21248K)], 0.0100370 secs] [Times: user=0.00 sys=0.00, real=0.01 secs] 
61.408: Total time for which application threads were stopped: 0.0101840 seconds, Stopping threads took: 0.0000760 seconds
61.481: Application time: 0.0725820 seconds
61.481: [GC61.481: [ParNew: 15689K->15689K(18432K), 0.0000110 secs]61.481: [Tenured: 29337K->29337K(40960K), 0.0106410 secs] 45027K->29337K(59392K), [Perm : 6079K->6079K(21248K)], 0.0107020 secs] [Times: user=0.01 sys=0.00, real=0.01 secs] 
61.492: Total time for which application threads were stopped: 0.0109510 seconds, Stopping threads took: 0.0001580 seconds
61.566: Application time: 0.0739590 seconds
61.566: [GC61.566: [ParNew: 15697K->15697K(18432K), 0.0000100 secs]61.566: [Tenured: 29337K->27198K(40960K), 0.0113600 secs] 45035K->27198K(59392K), [Perm : 6079K->6079K(21248K)], 0.0114210 secs] [Times: user=0.02 sys=0.00, real=0.01 secs] 
61.577: Total time for which application threads were stopped: 0.0115650 seconds, Stopping threads took: 0.0000660 seconds
61.638: Application time: 0.0612830 seconds
61.639: [GC61.639: [ParNew: 15698K->15698K(18432K), 0.0000120 secs]61.639: [Tenured: 27198K->27912K(40960K), 0.0099980 secs] 42896K->27912K(59392K), [Perm : 6079K->6079K(21248K)], 0.0100600 secs] [Times: user=0.01 sys=0.00, real=0.01 secs] 
61.649: Total time for which application threads were stopped: 0.0101900 seconds, Stopping threads took: 0.0000600 seconds
61.671: Application time: 0.0219890 seconds
61.671: [GC61.671: [ParNew: 15698K->15698K(18432K), 0.0000110 secs]61.671: [Tenured: 27912K->26486K(40960K), 0.0109900 secs] 43610K->26486K(59392K), [Perm : 6079K->6079K(21248K)], 0.0110500 secs] [Times: user=0.01 sys=0.00, real=0.01 secs] 
61.682: Total time for which application threads were stopped: 0.0112530 seconds, Stopping threads took: 0.0001130 seconds
61.751: Application time: 0.0693520 seconds
61.751: [GC61.751: [ParNew: 15689K->15689K(18432K), 0.0000100 secs]61.751: [Tenured: 26486K->27199K(40960K), 0.0099010 secs] 42176K->27199K(59392K), [Perm : 6079K->6079K(21248K)], 0.0099610 secs] [Times: user=0.01 sys=0.00, real=0.01 secs] 
61.761: Total time for which application threads were stopped: 0.0101250 seconds, Stopping threads took: 0.0000850 seconds
61.833: Application time: 0.0720710 seconds
61.834: [GC61.834: [ParNew: 15689K->15689K(18432K), 0.0000110 secs]61.834: [Tenured: 27199K->25774K(40960K), 0.0120550 secs] 42889K->25774K(59392K), [Perm : 6079K->6079K(21248K)], 0.0121160 secs] [Times: user=0.02 sys=0.00, real=0.02 secs] 
61.846: Total time for which application threads were stopped: 0.0123230 seconds, Stopping threads took: 0.0001380 seconds
61.905: Application time: 0.0593880 seconds
61.905: [GC61.905: [ParNew: 15696K->15696K(18432K), 0.0000100 secs]61.905: [Tenured: 25774K->26487K(40960K), 0.0098450 secs] 41470K->26487K(59392K), [Perm : 6079K->6079K(21248K)], 0.0099020 secs] [Times: user=0.01 sys=0.00, real=0.01 secs] 
61.915: Total time for which application threads were stopped: 0.0100620 seconds, Stopping threads took: 0.0000800 seconds
61.949: Application time: 0.0334930 seconds
61.949: [GC61.949: [ParNew: 15696K->15696K(18432K), 0.0000110 secs]61.949: [Tenured: 26487K->25062K(40960K), 0.0100800 secs] 42184K->25062K(59392K), [Perm : 6079K->6079K(21248K)], 0.0101440 secs] [Times: user=0.01 sys=0.00, real=0.01 secs] 
61.959: Total time for which application threads were stopped: 0.0103280 seconds, Stopping threads took: 0.0001160 seconds
62.017: Application time: 0.0578080 seconds
62.017: [GC62.017: [ParNew: 15696K->1433K(18432K), 0.0033340 secs] 40758K->36471K(59392K), 0.0033780 secs] [Times: user=0.03 sys=0.00, real=0.00 secs] 
62.020: Total time for which application threads were stopped: 0.0035960 seconds, Stopping threads took: 0.0001310 seconds
62.092: Application time: 0.0712480 seconds
62.092: [GC62.092: [ParNew: 17121K->17121K(18432K), 0.0000100 secs]62.092: [Tenured: 35037K->25062K(40960K), 0.0099640 secs] 52159K->25062K(59392K), [Perm : 6079K->6079K(21248K)], 0.0100240 secs] [Times: user=0.01 sys=0.00, real=0.01 secs] 
62.102: Total time for which application threads were stopped: 0.0101730 seconds, Stopping threads took: 0.0000680 seconds
62.123: Application time: 0.0214370 seconds
62.123: [GC62.123: [ParNew: 15688K->1425K(18432K), 0.0036480 secs] 40750K->36463K(59392K), 0.0036910 secs] [Times: user=0.03 sys=0.00, real=0.00 secs] 
62.127: Total time for which application threads were stopped: 0.0038150 seconds, Stopping threads took: 0.0000580 seconds
62.185: Application time: 0.0574720 seconds
62.185: [GC62.185: [ParNew: 17113K->17113K(18432K), 0.0000100 secs]62.185: [Tenured: 35038K->24349K(40960K), 0.0109890 secs] 52151K->24349K(59392K), [Perm : 6079K->6079K(21248K)], 0.0110480 secs] [Times: user=0.01 sys=0.00, real=0.01 secs] 
62.196: Total time for which application threads were stopped: 0.0112670 seconds, Stopping threads took: 0.0001520 seconds
62.265: Application time: 0.0694550 seconds
62.265: [GC62.265: [ParNew: 15688K->1425K(18432K), 0.0033930 secs] 40038K->35751K(59392K), 0.0034360 secs] [Times: user=0.03 sys=0.00, real=0.00 secs] 
62.269: Total time for which application threads were stopped: 0.0035660 seconds, Stopping threads took: 0.0000640 seconds
62.298: Application time: 0.0290680 seconds
62.298: [GC62.298: [ParNew: 17122K->17122K(18432K), 0.0000120 secs]62.298: [Tenured: 34325K->24351K(40960K), 0.0100000 secs] 51448K->24351K(59392K), [Perm : 6079K->6079K(21248K)], 0.0100600 secs] [Times: user=0.01 sys=0.00, real=0.01 secs] 
62.308: Total time for which application threads were stopped: 0.0101970 seconds, Stopping threads took: 0.0000640 seconds
62.360: Application time: 0.0523490 seconds
62.361: [GC62.361: [ParNew: 15688K->1427K(18432K), 0.0038250 secs] 40039K->36467K(59392K), 0.0038680 secs] [Times: user=0.02 sys=0.00, real=0.01 secs] 
62.365: Total time for which application threads were stopped: 0.0040320 seconds, Stopping threads took: 0.0000860 seconds
62.433: Application time: 0.0680760 seconds
62.433: [GC62.433: [ParNew: 17124K->17124K(18432K), 0.0000110 secs]62.433: [Tenured: 35039K->25064K(40960K), 0.0100360 secs] 52164K->25064K(59392K), [Perm : 6079K->6079K(21248K)], 0.0100970 secs] [Times: user=0.02 sys=0.00, real=0.02 secs] 
62.443: Total time for which application threads were stopped: 0.0102330 seconds, Stopping threads took: 0.0000680 seconds
62.473: Application time: 0.0300030 seconds
62.473: [GC62.473: [ParNew: 15688K->1425K(18432K), 0.0034160 secs] 40753K->36466K(59392K), 0.0034590 secs] [Times: user=0.02 sys=0.00, real=0.01 secs] 
62.476: Total time for which application threads were stopped: 0.0036160 seconds, Stopping threads took: 0.0000880 seconds
62.528: Application time: 0.0516840 seconds
62.528: [GC62.528: [ParNew: 17116K->17116K(18432K), 0.0000110 secs]62.528: [Tenured: 35040K->23639K(40960K), 0.0104120 secs] 52157K->23639K(59392K), [Perm : 6079K->6079K(21248K)], 0.0104700 secs] [Times: user=0.02 sys=0.00, real=0.01 secs] 
62.539: Total time for which application threads were stopped: 0.0106220 seconds, Stopping threads took: 0.0000830 seconds
62.606: Application time: 0.0677080 seconds
62.607: [GC62.607: [ParNew: 15699K->1433K(18432K), 0.0036330 secs] 39339K->35761K(59392K), 0.0036830 secs] [Times: user=0.02 sys=0.00, real=0.00 secs] 
62.610: Total time for which application threads were stopped: 0.0038290 seconds, Stopping threads took: 0.0000720 seconds
62.667: Application time: 0.0566390 seconds
62.667: [GC62.667: [ParNew: 17130K->17130K(18432K), 0.0000090 secs]62.667: [Tenured: 34328K->26488K(40960K), 0.0112750 secs] 51459K->26488K(59392K), [Perm : 6079K->6079K(21248K)], 0.0113330 secs] [Times: user=0.01 sys=0.00, real=0.01 secs] 
62.678: Total time for which application threads were stopped: 0.0114720 seconds, Stopping threads took: 0.0000720 seconds
62.705: Application time: 0.0261400 seconds
62.705: [GC62.705: [ParNew: 15697K->15697K(18432K), 0.0000100 secs]62.705: [Tenured: 26488K->26489K(40960K), 0.0109150 secs] 42185K->26489K(59392K), [Perm : 6079K->6079K(21248K)], 0.0109750 secs] [Times: user=0.01 sys=0.00, real=0.01 secs] 
62.716: Total time for which application threads were stopped: 0.0111530 seconds, Stopping threads took: 0.0001080 seconds
62.783: Application time: 0.0671170 seconds
62.783: [GC62.783: [ParNew: 15688K->15688K(18432K), 0.0000100 secs]62.783: [Tenured: 26489K->27201K(40960K), 0.0096820 secs] 42178K->27201K(59392K), [Perm : 6079K->6079K(21248K)], 0.0097430 secs] [Times: user=0.01 sys=0.00, real=0.00 secs] 
62.793: Total time for which application threads were stopped: 0.0098850 seconds, Stopping threads took: 0.0000710 seconds
62.849: Application time: 0.0560240 seconds
62.849: [GC62.849: [ParNew: 15689K->15689K(18432K), 0.0000110 secs]62.849: [Tenured: 27201K->27201K(40960K), 0.0104500 secs] 42890K->27201K(59392K), [Perm : 6079K->6079K(21248K)], 0.0105080 secs] [Times: user=0.02 sys=0.00, real=0.01 secs] 
62.859: Total time for which application threads were stopped: 0.0106690 seconds, Stopping threads took: 0.0000930 seconds
62.895: Application time: 0.0360770 seconds
62.896: [GC62.896: [ParNew: 15688K->15688K(18432K), 0.0000100 secs]62.896: [Tenured: 27201K->27913K(40960K), 0.0109640 secs] 42890K->27913K(59392K), [Perm : 6079K->6079K(21248K)], 0.0110230 secs] [Times: user=0.01 sys=0.00, real=0.01 secs] 
62.907: Total time for which application threads were stopped: 0.0112710 seconds, Stopping threads took: 0.0001680 seconds
62.961: Application time: 0.0541740 seconds
62.961: [GC62.961: [ParNew: 15705K->15705K(18432K), 0.0000110 secs]62.961: [Tenured: 27913K->27202K(40960K), 0.0104640 secs] 43619K->27202K(59392K), [Perm : 6079K->6079K(21248K)], 0.0105210 secs] [Times: user=0.01 sys=0.00, real=0.01 secs] 
62.972: Total time for which application threads were stopped: 0.0107010 seconds, Stopping threads took: 0.0000910 seconds
63.043: Application time: 0.0708540 seconds
63.043: [GC63.043: [ParNew: 15688K->15688K(18432K), 0.0000110 secs]63.043: [Tenured: 27202K->28627K(40960K), 0.0099110 secs] 42891K->28627K(59392K), [Perm : 6079K->6079K(21248K)], 0.0099710 secs] [Times: user=0.01 sys=0.00, real=0.00 secs] 
63.053: Total time for which application threads were stopped: 0.0101290 seconds, Stopping threads took: 0.0000780 seconds
63.079: Application time: 0.0266490 seconds
63.080: [GC63.080: [ParNew: 15697K->15697K(18432K), 0.0000110 secs]63.080: [Tenured: 28627K->28628K(40960K), 0.0102040 secs] 44325K->28628K(59392K), [Perm : 6079K->6079K(21248K)], 0.0102650 secs] [Times: user=0.01 sys=0.00, real=0.01 secs] 
63.090: Total time for which application threads were stopped: 0.0105210 seconds, Stopping threads took: 0.0001670 seconds
63.146: Application time: 0.0560480 seconds
63.146: [GC63.146: [ParNew: 15688K->15688K(18432K), 0.0000110 secs]63.146: [Tenured: 28628K->30051K(40960K), 0.0113600 secs] 44317K->30051K(59392K), [Perm : 6079K->6079K(21248K)], 0.0114270 secs] [Times: user=0.01 sys=0.01, real=0.01 secs] 
63.157: Total time for which application threads were stopped: 0.0116150 seconds, Stopping threads took: 0.0001110 seconds
63.224: Application time: 0.0663290 seconds
63.224: [GC63.224: [ParNew: 15690K->15690K(18432K), 0.0000110 secs]63.224: [Tenured: 30051K->29338K(40960K), 0.0105910 secs] 45741K->29338K(59392K), [Perm : 6079K->6079K(21248K)], 0.0106600 secs] [Times: user=0.01 sys=0.00, real=0.01 secs] 
63.235: Total time for which application threads were stopped: 0.0111140 seconds, Stopping threads took: 0.0003840 seconds
63.293: Application time: 0.0579040 seconds
63.293: [GC63.293: [ParNew: 15688K->15688K(18432K), 0.0000100 secs]63.293: [Tenured: 29338K->30050K(40960K), 0.0093760 secs] 45026K->30050K(59392K), [Perm : 6079K->6079K(21248K)], 0.0094350 secs] [Times: user=0.01 sys=0.00, real=0.02 secs] 
63.302: Total time for which application threads were stopped: 0.0095630 seconds, Stopping threads took: 0.0000590 seconds
63.330: Application time: 0.0276600 seconds
63.330: [GC63.330: [ParNew: 16382K->16382K(18432K), 0.0000100 secs]63.330: [Tenured: 30050K->28662K(40960K), 0.0103040 secs] 46433K->28662K(59392K), [Perm : 6079K->6079K(21248K)], 0.0103640 secs] [Times: user=0.01 sys=0.00, real=0.01 secs] 
63.341: Total time for which application threads were stopped: 0.0106780 seconds, Stopping threads took: 0.0002250 seconds
63.350: Application time: 0.0096980 seconds
63.351: [GC63.351: [ParNew: 15738K->15738K(18432K), 0.0000100 secs]63.351: [Tenured: 28662K->29338K(40960K), 0.0117920 secs] 44400K->29338K(59392K), [Perm : 6079K->6079K(21248K)], 0.0118530 secs] [Times: user=0.01 sys=0.00, real=0.02 secs] 
63.363: Total time for which application threads were stopped: 0.0120810 seconds, Stopping threads took: 0.0001470 seconds
63.371: Application time: 0.0081180 seconds
63.371: [GC63.371: [ParNew: 15683K->15683K(18432K), 0.0000100 secs]63.371: [Tenured: 29338K->30763K(40960K), 0.0066030 secs] 45021K->30763K(59392K), [Perm : 6079K->6079K(21248K)], 0.0066590 secs] [Times: user=0.01 sys=0.00, real=0.01 secs] 
63.377: Total time for which application threads were stopped: 0.0068470 seconds, Stopping threads took: 0.0001190 seconds
63.382: Application time: 0.0041080 seconds
63.382: [GC63.382: [ParNew: 15677K->15677K(18432K), 0.0000100 secs]63.382: [Tenured: 30763K->31476K(40960K), 0.0061850 secs] 46441K->31476K(59392K), [Perm : 6079K->6079K(21248K)], 0.0062390 secs] [Times: user=0.01 sys=0.00, real=0.01 secs] 
63.388: Total time for which application threads were stopped: 0.0063910 seconds, Stopping threads took: 0.0000850 seconds
63.396: Application time: 0.0080720 seconds
63.396: [GC63.396: [ParNew: 15685K->15685K(18432K), 0.0000100 secs]63.396: [Tenured: 31476K->30051K(40960K), 0.0076880 secs] 47162K->30051K(59392K), [Perm : 6079K->6079K(21248K)], 0.0077430 secs] [Times: user=0.01 sys=0.00, real=0.01 secs] 
63.404: Total time for which application threads were stopped: 0.0079020 seconds, Stopping threads took: 0.0000940 seconds
63.411: Application time: 0.0071060 seconds
63.411: [GC63.411: [ParNew: 15679K->15679K(18432K), 0.0000100 secs]63.411: [Tenured: 30051K->29338K(40960K), 0.0085700 secs] 45730K->29338K(59392K), [Perm : 6079K->6079K(21248K)], 0.0086330 secs] [Times: user=0.01 sys=0.00, real=0.01 secs] 
63.420: Total time for which application threads were stopped: 0.0088440 seconds, Stopping threads took: 0.0001410 seconds
63.427: Application time: 0.0066210 seconds
63.427: [GC63.427: [ParNew: 15690K->15690K(18432K), 0.0000110 secs]63.427: [Tenured: 29338K->30764K(40960K), 0.0080550 secs] 45029K->30764K(59392K), [Perm : 6079K->6079K(21248K)], 0.0081130 secs] [Times: user=0.01 sys=0.00, real=0.01 secs] 
63.435: Total time for which application threads were stopped: 0.0084360 seconds, Stopping threads took: 0.0002370 seconds
63.439: Application time: 0.0041250 seconds
63.439: [GC63.439: [ParNew: 15680K->15680K(18432K), 0.0000100 secs]63.439: [Tenured: 30764K->30764K(40960K), 0.0072440 secs] 46444K->30764K(59392K), [Perm : 6079K->6079K(21248K)], 0.0072960 secs] [Times: user=0.01 sys=0.00, real=0.01 secs] 
63.447: Total time for which application threads were stopped: 0.0075000 seconds, Stopping threads took: 0.0001400 seconds
63.450: Application time: 0.0037200 seconds
63.451: [GC63.451: [ParNew: 15680K->15680K(18432K), 0.0000110 secs]63.451: [Tenured: 30764K->30050K(40960K), 0.0105440 secs] 46444K->30050K(59392K), [Perm : 6079K->6079K(21248K)], 0.0106040 secs] [Times: user=0.01 sys=0.00, real=0.01 secs] 
63.461: Total time for which application threads were stopped: 0.0108350 seconds, Stopping threads took: 0.0001310 seconds
63.478: Application time: 0.0166880 seconds
63.478: [GC63.478: [ParNew: 15696K->15696K(18432K), 0.0000160 secs]63.478: [Tenured: 30050K->28625K(40960K), 0.0107220 secs] 45747K->28625K(59392K), [Perm : 6079K->6079K(21248K)], 0.0107910 secs] [Times: user=0.01 sys=0.00, real=0.01 secs] 
63.489: Total time for which application threads were stopped: 0.0109530 seconds, Stopping threads took: 0.0000910 seconds
63.555: Application time: 0.0659110 seconds
63.555: [GC63.555: [ParNew: 16302K->16302K(18432K), 0.0000100 secs]63.555: [Tenured: 28625K->26523K(40960K), 0.0094690 secs] 44928K->26523K(59392K), [Perm : 6079K->6079K(21248K)], 0.0095280 secs] [Times: user=0.01 sys=0.00, real=0.01 secs] 
63.564: Total time for which application threads were stopped: 0.0097120 seconds, Stopping threads took: 0.0001050 seconds
63.574: Application time: 0.0091390 seconds
63.574: [GC63.574: [ParNew: 15825K->15825K(18432K), 0.0000110 secs]63.574: [Tenured: 26523K->28654K(40960K), 0.0095740 secs] 42349K->28654K(59392K), [Perm : 6079K->6079K(21248K)], 0.0096370 secs] [Times: user=0.01 sys=0.00, real=0.02 secs] 
63.583: Total time for which application threads were stopped: 0.0098930 seconds, Stopping threads took: 0.0001650 seconds
63.592: Application time: 0.0088740 seconds
63.592: [GC63.593: [ParNew: 15677K->15677K(18432K), 0.0000110 secs]63.593: [Tenured: 28654K->29367K(40960K), 0.0068810 secs] 44331K->29367K(59392K), [Perm : 6079K->6079K(21248K)], 0.0069380 secs] [Times: user=0.00 sys=0.00, real=0.01 secs] 
63.599: Total time for which application threads were stopped: 0.0070850 seconds, Stopping threads took: 0.0000780 seconds
63.605: Application time: 0.0052490 seconds
63.605: [GC63.605: [ParNew: 15687K->15687K(18432K), 0.0000120 secs]63.605: [Tenured: 29367K->28625K(40960K), 0.0124680 secs] 45054K->28625K(59392K), [Perm : 6079K->6079K(21248K)], 0.0125320 secs] [Times: user=0.02 sys=0.00, real=0.01 secs] 
63.617: Total time for which application threads were stopped: 0.0127600 seconds, Stopping threads took: 0.0001360 seconds
63.624: Application time: 0.0061000 seconds
63.624: [GC63.624: [ParNew: 15685K->15685K(18432K), 0.0000100 secs]63.624: [Tenured: 28625K->28626K(40960K), 0.0059190 secs] 44310K->28626K(59392K), [Perm : 6079K->6079K(21248K)], 0.0059700 secs] [Times: user=0.00 sys=0.00, real=0.00 secs] 
63.630: Total time for which application threads were stopped: 0.0061080 seconds, Stopping threads took: 0.0000690 seconds
63.637: Application time: 0.0074190 seconds
63.637: [GC63.637: [ParNew: 15678K->15678K(18432K), 0.0000100 secs]63.637: [Tenured: 28626K->30051K(40960K), 0.0061410 secs] 44304K->30051K(59392K), [Perm : 6079K->6079K(21248K)], 0.0062010 secs] [Times: user=0.01 sys=0.00, real=0.01 secs] 
63.643: Total time for which application threads were stopped: 0.0063540 seconds, Stopping threads took: 0.0000850 seconds
63.650: Application time: 0.0067800 seconds
63.650: [GC63.650: [ParNew: 15680K->15680K(18432K), 0.0000100 secs]63.650: [Tenured: 30051K->29338K(40960K), 0.0064200 secs] 45731K->29338K(59392K), [Perm : 6079K->6079K(21248K)], 0.0064790 secs] [Times: user=0.01 sys=0.00, real=0.01 secs] 
63.657: Total time for which application threads were stopped: 0.0066730 seconds, Stopping threads took: 0.0001160 seconds
63.661: Application time: 0.0045870 seconds
63.662: [GC63.662: [ParNew: 15689K->15689K(18432K), 0.0000100 secs]63.662: [Tenured: 29338K->29338K(40960K), 0.0070320 secs] 45027K->29338K(59392K), [Perm : 6079K->6079K(21248K)], 0.0070940 secs] [Times: user=0.01 sys=0.00, real=0.01 secs] 
63.669: Total time for which application threads were stopped: 0.0072740 seconds, Stopping threads took: 0.0001090 seconds
63.673: Application time: 0.0039010 seconds
63.673: [GC63.673: [ParNew: 15678K->15678K(18432K), 0.0000100 secs]63.673: [Tenured: 29338K->30050K(40960K), 0.0060220 secs] 45017K->30050K(59392K), [Perm : 6079K->6079K(21248K)], 0.0060750 secs] [Times: user=0.01 sys=0.00, real=0.01 secs] 
63.679: Total time for which application threads were stopped: 0.0062230 seconds, Stopping threads took: 0.0000690 seconds
63.697: Application time: 0.0184480 seconds
63.697: [GC63.697: [ParNew: 15692K->15692K(18432K), 0.0000100 secs]63.697: [Tenured: 30050K->27912K(40960K), 0.0093100 secs] 45742K->27912K(59392K), [Perm : 6079K->6079K(21248K)], 0.0093680 secs] [Times: user=0.01 sys=0.00, real=0.01 secs] 
63.707: Total time for which application threads were stopped: 0.0095060 seconds, Stopping threads took: 0.0000720 seconds
63.772: Application time: 0.0648340 seconds
63.772: [GC63.772: [ParNew: 15687K->15687K(18432K), 0.0000110 secs]63.772: [Tenured: 27912K->30050K(40960K), 0.0100840 secs] 43600K->30050K(59392K), [Perm : 6079K->6079K(21248K)], 0.0101450 secs] [Times: user=0.01 sys=0.00, real=0.01 secs] 
63.782: Total time for which application threads were stopped: 0.0102820 seconds, Stopping threads took: 0.0000640 seconds
63.809: Application time: 0.0270930 seconds
63.809: [GC63.809: [ParNew: 15728K->15728K(18432K), 0.0000100 secs]63.809: [Tenured: 30050K->27199K(40960K), 0.0107980 secs] 45778K->27199K(59392K), [Perm : 6079K->6079K(21248K)], 0.0108550 secs] [Times: user=0.01 sys=0.00, real=0.01 secs] 
63.820: Total time for which application threads were stopped: 0.0111100 seconds, Stopping threads took: 0.0001670 seconds
63.828: Application time: 0.0074920 seconds
63.828: [GC63.828: [ParNew: 15679K->15679K(18432K), 0.0000110 secs]63.828: [Tenured: 27199K->27912K(40960K), 0.0097070 secs] 42879K->27912K(59392K), [Perm : 6079K->6079K(21248K)], 0.0097700 secs] [Times: user=0.01 sys=0.00, real=0.01 secs] 
63.838: Total time for which application threads were stopped: 0.0099500 seconds, Stopping threads took: 0.0001060 seconds
63.846: Application time: 0.0079480 seconds
63.846: [GC63.846: [ParNew: 15683K->15683K(18432K), 0.0000100 secs]63.846: [Tenured: 27912K->29338K(40960K), 0.0062050 secs] 43596K->29338K(59392K), [Perm : 6079K->6079K(21248K)], 0.0062590 secs] [Times: user=0.00 sys=0.00, real=0.00 secs] 
63.852: Total time for which application threads were stopped: 0.0064240 seconds, Stopping threads took: 0.0000950 seconds
63.856: Application time: 0.0041760 seconds
63.856: [GC63.856: [ParNew: 15677K->15677K(18432K), 0.0000110 secs]63.856: [Tenured: 29338K->30050K(40960K), 0.0069110 secs] 45015K->30050K(59392K), [Perm : 6079K->6079K(21248K)], 0.0069700 secs] [Times: user=0.00 sys=0.00, real=0.01 secs] 
63.863: Total time for which application threads were stopped: 0.0071490 seconds, Stopping threads took: 0.0001100 seconds
63.871: Application time: 0.0079150 seconds
63.871: [GC63.871: [ParNew: 15686K->15686K(18432K), 0.0000110 secs]63.871: [Tenured: 30050K->27912K(40960K), 0.0081540 secs] 45736K->27912K(59392K), [Perm : 6079K->6079K(21248K)], 0.0082110 secs] [Times: user=0.00 sys=0.00, real=0.01 secs] 
63.880: Total time for which application threads were stopped: 0.0083760 seconds, Stopping threads took: 0.0000950 seconds
63.888: Application time: 0.0080070 seconds
63.888: [GC63.888: [ParNew: 15679K->15679K(18432K), 0.0000110 secs]63.888: [Tenured: 27912K->29337K(40960K), 0.0066690 secs] 43591K->29337K(59392K), [Perm : 6079K->6079K(21248K)], 0.0067240 secs] [Times: user=0.01 sys=0.00, real=0.01 secs] 
63.895: Total time for which application threads were stopped: 0.0069820 seconds, Stopping threads took: 0.0001800 seconds
63.901: Application time: 0.0058920 seconds
63.901: [GC63.901: [ParNew: 15690K->15690K(18432K), 0.0000100 secs]63.901: [Tenured: 29337K->28625K(40960K), 0.0105620 secs] 45028K->28625K(59392K), [Perm : 6079K->6079K(21248K)], 0.0106220 secs] [Times: user=0.01 sys=0.00, real=0.01 secs] 
63.911: Total time for which application threads were stopped: 0.0108220 seconds, Stopping threads took: 0.0001310 seconds
63.915: Application time: 0.0038670 seconds
63.915: [GC63.915: [ParNew: 15679K->15679K(18432K), 0.0000110 secs]63.915: [Tenured: 28625K->29338K(40960K), 0.0059860 secs] 44305K->29338K(59392K), [Perm : 6079K->6079K(21248K)], 0.0060400 secs] [Times: user=0.01 sys=0.00, real=0.00 secs] 
63.921: Total time for which application threads were stopped: 0.0061980 seconds, Stopping threads took: 0.0000830 seconds
63.927: Application time: 0.0053630 seconds
63.927: [GC63.927: [ParNew: 15680K->15680K(18432K), 0.0000110 secs]63.927: [Tenured: 29338K->22186K(40960K), 0.0110710 secs] 45018K->22186K(59392K), [Perm : 6079K->6079K(21248K)], 0.0111300 secs] [Times: user=0.01 sys=0.00, real=0.01 secs] 
63.938: Total time for which application threads were stopped: 0.0113470 seconds, Stopping threads took: 0.0001470 seconds
63.951: Application time: 0.0133470 seconds
63.952: [GC63.952: [ParNew: 15736K->1471K(18432K), 0.0033270 secs] 37922K->32208K(59392K), 0.0033700 secs] [Times: user=0.02 sys=0.00, real=0.01 secs] 
63.955: Total time for which application threads were stopped: 0.0035320 seconds, Stopping threads took: 0.0000960 seconds
63.964: Application time: 0.0087240 seconds
63.964: [GC63.964: [ParNew: 17608K->17608K(18432K), 0.0000100 secs]63.964: [Tenured: 30736K->24389K(40960K), 0.0095970 secs] 48345K->24389K(59392K), [Perm : 6079K->6079K(21248K)], 0.0096570 secs] [Times: user=0.01 sys=0.00, real=0.00 secs] 
63.974: Total time for which application threads were stopped: 0.0098030 seconds, Stopping threads took: 0.0000760 seconds
63.980: Application time: 0.0059820 seconds
63.980: [GC63.980: [ParNew: 15893K->1444K(18432K), 0.0015540 secs] 40283K->28684K(59392K), 0.0015910 secs] [Times: user=0.01 sys=0.00, real=0.00 secs] 
63.981: Total time for which application threads were stopped: 0.0017390 seconds, Stopping threads took: 0.0000840 seconds
63.986: Application time: 0.0046950 seconds
63.986: [GC63.986: [ParNew: 17213K->17213K(18432K), 0.0000110 secs]63.986: [Tenured: 27239K->25808K(40960K), 0.0095440 secs] 44452K->25808K(59392K), [Perm : 6079K->6079K(21248K)], 0.0096030 secs] [Times: user=0.01 sys=0.00, real=0.01 secs] 
63.996: Total time for which application threads were stopped: 0.0100460 seconds, Stopping threads took: 0.0003740 seconds
64.001: Application time: 0.0054400 seconds
64.002: [GC64.002: [ParNew: 15687K->15687K(18432K), 0.0000110 secs]64.002: [Tenured: 25808K->25095K(40960K), 0.0081910 secs] 41495K->25095K(59392K), [Perm : 6079K->6079K(21248K)], 0.0082660 secs] [Times: user=0.01 sys=0.00, real=0.00 secs] 
64.011: Total time for which application threads were stopped: 0.0092340 seconds, Stopping threads took: 0.0008890 seconds
64.016: Application time: 0.0055420 seconds
64.017: [GC64.017: [ParNew: 15679K->1425K(18432K), 0.0009200 secs] 40775K->27233K(59392K), 0.0009520 secs] [Times: user=0.00 sys=0.00, real=0.00 secs] 
64.018: Total time for which application threads were stopped: 0.0017010 seconds, Stopping threads took: 0.0006720 seconds
64.023: Application time: 0.0049440 seconds
64.026: [GC64.026: [ParNew: 17105K->17105K(18432K), 0.0000100 secs]64.026: [Tenured: 25808K->24349K(40960K), 0.0104440 secs] 42913K->24349K(59392K), [Perm : 6079K->6079K(21248K)], 0.0105030 secs] [Times: user=0.01 sys=0.00, real=0.01 secs] 
64.036: Total time for which application threads were stopped: 0.0133700 seconds, Stopping threads took: 0.0027870 seconds
64.041: Application time: 0.0047050 seconds
64.041: [GC64.041: [ParNew: 15687K->1437K(18432K), 0.0012750 secs] 40036K->27924K(59392K), 0.0013110 secs] [Times: user=0.01 sys=0.00, real=0.01 secs] 
64.043: Total time for which application threads were stopped: 0.0015950 seconds, Stopping threads took: 0.0002120 seconds
64.046: Application time: 0.0035170 seconds
64.047: [GC64.047: [ParNew: 17118K->17118K(18432K), 0.0000110 secs]64.047: [Tenured: 26487K->25775K(40960K), 0.0071250 secs] 43605K->25775K(59392K), [Perm : 6079K->6079K(21248K)], 0.0071830 secs] [Times: user=0.01 sys=0.00, real=0.01 secs] 
64.054: Total time for which application threads were stopped: 0.0082760 seconds, Stopping threads took: 0.0010230 seconds
64.058: Application time: 0.0035530 seconds
64.058: [GC64.058: [ParNew: 15689K->15689K(18432K), 0.0000110 secs]64.058: [Tenured: 25775K->26489K(40960K), 0.0073430 secs] 41465K->26489K(59392K), [Perm : 6079K->6079K(21248K)], 0.0074030 secs] [Times: user=0.01 sys=0.00, real=0.01 secs] 
64.066: Total time for which application threads were stopped: 0.0077500 seconds, Stopping threads took: 0.0002680 seconds
64.070: Application time: 0.0043460 seconds
64.070: [GC64.070: [ParNew: 15682K->15682K(18432K), 0.0000100 secs]64.070: [Tenured: 26489K->25774K(40960K), 0.0097910 secs] 42172K->25774K(59392K), [Perm : 6079K->6079K(21248K)], 0.0098520 secs] [Times: user=0.01 sys=0.00, real=0.01 secs] 
64.080: Total time for which application threads were stopped: 0.0100150 seconds, Stopping threads took: 0.0000910 seconds
64.084: Application time: 0.0044550 seconds
64.085: [GC64.085: [ParNew: 15688K->15688K(18432K), 0.0000110 secs]64.085: [Tenured: 25774K->25774K(40960K), 0.0088160 secs] 41463K->25774K(59392K), [Perm : 6079K->6079K(21248K)], 0.0088760 secs] [Times: user=0.00 sys=0.00, real=0.01 secs] 
64.094: Total time for which application threads were stopped: 0.0096670 seconds, Stopping threads took: 0.0007010 seconds
64.099: Application time: 0.0047890 seconds
64.099: [GC64.099: [ParNew: 15680K->15680K(18432K), 0.0000110 secs]64.099: [Tenured: 25774K->25062K(40960K), 0.0075540 secs] 41455K->25062K(59392K), [Perm : 6079K->6079K(21248K)], 0.0076090 secs] [Times: user=0.01 sys=0.00, real=0.01 secs] 
64.107: Total time for which application threads were stopped: 0.0077960 seconds, Stopping threads took: 0.0001220 seconds
64.112: Application time: 0.0050780 seconds
64.112: [GC64.112: [ParNew: 15694K->1435K(18432K), 0.0028660 secs] 40757K->34335K(59392K), 0.0029090 secs] [Times: user=0.02 sys=0.00, real=0.01 secs] 
64.115: Total time for which application threads were stopped: 0.0031320 seconds, Stopping threads took: 0.0001370 seconds
64.121: Application time: 0.0060530 seconds
64.121: [GC64.121: [ParNew: 17117K->17117K(18432K), 0.0000110 secs]64.121: [Tenured: 32900K->25774K(40960K), 0.0102600 secs] 50017K->25774K(59392K), [Perm : 6079K->6079K(21248K)], 0.0103200 secs] [Times: user=0.01 sys=0.00, real=0.01 secs] 
64.131: Total time for which application threads were stopped: 0.0104700 seconds, Stopping threads took: 0.0000780 seconds
64.136: Application time: 0.0049280 seconds
64.137: [GC64.137: [ParNew: 15690K->15690K(18432K), 0.0000110 secs]64.137: [Tenured: 25774K->26487K(40960K), 0.0097870 secs] 41465K->26487K(59392K), [Perm : 6079K->6079K(21248K)], 0.0098440 secs] [Times: user=0.01 sys=0.00, real=0.01 secs] 
64.146: Total time for which application threads were stopped: 0.0100040 seconds, Stopping threads took: 0.0000910 seconds
64.151: Application time: 0.0042180 seconds
64.151: [GC64.151: [ParNew: 15679K->15679K(18432K), 0.0000110 secs]64.151: [Tenured: 26487K->26487K(40960K), 0.0077170 secs] 42166K->26487K(59392K), [Perm : 6079K->6079K(21248K)], 0.0077730 secs] [Times: user=0.01 sys=0.00, real=0.01 secs] 
64.159: Total time for which application threads were stopped: 0.0079640 seconds, Stopping threads took: 0.0001240 seconds
64.214: Application time: 0.0558470 seconds
64.215: [GC64.215: [ParNew: 15694K->15694K(18432K), 0.0000100 secs]64.215: [Tenured: 26487K->25774K(40960K), 0.0107240 secs] 42181K->25774K(59392K), [Perm : 6079K->6079K(21248K)], 0.0107860 secs] [Times: user=0.01 sys=0.00, real=0.01 secs] 
64.226: Total time for which application threads were stopped: 0.0112300 seconds, Stopping threads took: 0.0003410 seconds
64.251: Application time: 0.0252740 seconds
64.251: [GC64.251: [ParNew: 15729K->15729K(18432K), 0.0000100 secs]64.251: [Tenured: 25774K->26516K(40960K), 0.0100910 secs] 41504K->26516K(59392K), [Perm : 6079K->6079K(21248K)], 0.0101500 secs] [Times: user=0.01 sys=0.00, real=0.01 secs] 
64.261: Total time for which application threads were stopped: 0.0103270 seconds, Stopping threads took: 0.0001100 seconds
64.270: Application time: 0.0084370 seconds
64.270: [GC64.270: [ParNew: 15677K->15677K(18432K), 0.0000100 secs]64.270: [Tenured: 26516K->27228K(40960K), 0.0066800 secs] 42193K->27228K(59392K), [Perm : 6079K->6079K(21248K)], 0.0067390 secs] [Times: user=0.00 sys=0.00, real=0.01 secs] 
64.277: Total time for which application threads were stopped: 0.0070270 seconds, Stopping threads took: 0.0001910 seconds
64.284: Application time: 0.0069550 seconds
64.284: [GC64.284: [ParNew: 15683K->15683K(18432K), 0.0000100 secs]64.284: [Tenured: 27228K->26486K(40960K), 0.0100310 secs] 42912K->26486K(59392K), [Perm : 6079K->6079K(21248K)], 0.0100930 secs] [Times: user=0.01 sys=0.00, real=0.00 secs] 
64.294: Total time for which application threads were stopped: 0.0102510 seconds, Stopping threads took: 0.0000800 seconds
64.298: Application time: 0.0043840 seconds
64.298: [GC64.298: [ParNew: 15677K->15677K(18432K), 0.0000110 secs]64.298: [Tenured: 26486K->27199K(40960K), 0.0058100 secs] 42164K->27199K(59392K), [Perm : 6079K->6079K(21248K)], 0.0058670 secs] [Times: user=0.01 sys=0.00, real=0.01 secs] 
64.304: Total time for which application threads were stopped: 0.0060030 seconds, Stopping threads took: 0.0000660 seconds
64.313: Application time: 0.0086060 seconds
64.313: [GC64.313: [ParNew: 15686K->15686K(18432K), 0.0000110 secs]64.313: [Tenured: 27199K->26487K(40960K), 0.0062300 secs] 42886K->26487K(59392K), [Perm : 6079K->6079K(21248K)], 0.0062880 secs] [Times: user=0.00 sys=0.00, real=0.01 secs] 
64.319: Total time for which application threads were stopped: 0.0064400 seconds, Stopping threads took: 0.0000840 seconds
64.325: Application time: 0.0055640 seconds
64.325: [GC64.325: [ParNew: 15681K->15681K(18432K), 0.0000110 secs]64.325: [Tenured: 26487K->25774K(40960K), 0.0088330 secs] 42168K->25774K(59392K), [Perm : 6079K->6079K(21248K)], 0.0088940 secs] [Times: user=0.00 sys=0.00, real=0.01 secs] 
64.334: Total time for which application threads were stopped: 0.0090960 seconds, Stopping threads took: 0.0001150 seconds
64.340: Application time: 0.0059350 seconds
64.340: [GC64.340: [ParNew: 15689K->15689K(18432K), 0.0000100 secs]64.340: [Tenured: 25774K->26487K(40960K), 0.0065200 secs] 41463K->26487K(59392K), [Perm : 6079K->6079K(21248K)], 0.0065810 secs] [Times: user=0.00 sys=0.00, real=0.01 secs] 
64.347: Total time for which application threads were stopped: 0.0067380 seconds, Stopping threads took: 0.0000820 seconds
64.351: Application time: 0.0044220 seconds
64.351: [GC64.351: [ParNew: 15679K->15679K(18432K), 0.0000110 secs]64.351: [Tenured: 26487K->27912K(40960K), 0.0073970 secs] 42167K->27912K(59392K), [Perm : 6079K->6079K(21248K)], 0.0074500 secs] [Times: user=0.01 sys=0.00, real=0.01 secs] 
64.359: Total time for which application threads were stopped: 0.0076160 seconds, Stopping threads took: 0.0001010 seconds
64.364: Application time: 0.0055270 seconds
64.365: [GC64.365: [ParNew: 15692K->15692K(18432K), 0.0000090 secs]64.365: [Tenured: 27912K->22924K(40960K), 0.0092790 secs] 43604K->22924K(59392K), [Perm : 6079K->6079K(21248K)], 0.0093400 secs] [Times: user=0.01 sys=0.00, real=0.00 secs] 
64.374: Total time for which application threads were stopped: 0.0095650 seconds, Stopping threads took: 0.0001540 seconds
64.390: Application time: 0.0162060 seconds
64.390: [GC64.390: [ParNew: 15729K->1463K(18432K), 0.0026210 secs] 38653K->30087K(59392K), 0.0026620 secs] [Times: user=0.01 sys=0.00, real=0.00 secs] 
64.393: Total time for which application threads were stopped: 0.0029040 seconds, Stopping threads took: 0.0001680 seconds
64.401: Application time: 0.0078510 seconds
64.401: [GC64.401: [ParNew: 17142K->17142K(18432K), 0.0000100 secs]64.401: [Tenured: 28624K->25803K(40960K), 0.0100030 secs] 45767K->25803K(59392K), [Perm : 6079K->6079K(21248K)], 0.0100630 secs] [Times: user=0.01 sys=0.00, real=0.01 secs] 
64.411: Total time for which application threads were stopped: 0.0102300 seconds, Stopping threads took: 0.0000930 seconds
64.418: Application time: 0.0068860 seconds
64.418: [GC64.418: [ParNew: 15683K->15683K(18432K), 0.0000110 secs]64.418: [Tenured: 25803K->25061K(40960K), 0.0107820 secs] 41487K->25061K(59392K), [Perm : 6079K->6079K(21248K)], 0.0108360 secs] [Times: user=0.01 sys=0.00, real=0.01 secs] 
64.429: Total time for which application threads were stopped: 0.0109970 seconds, Stopping threads took: 0.0000870 seconds
64.434: Application time: 0.0053970 seconds
64.434: [GC64.435: [ParNew: 15677K->0K(18432K), 0.0003470 secs] 40739K->25061K(59392K), 0.0003830 secs] [Times: user=0.00 sys=0.00, real=0.00 secs] 
64.435: Total time for which application threads were stopped: 0.0005050 seconds, Stopping threads took: 0.0000670 seconds
64.442: Application time: 0.0075120 seconds
64.443: [GC64.443: [ParNew: 15686K->1437K(18432K), 0.0007950 secs] 40748K->27211K(59392K), 0.0008230 secs] [Times: user=0.00 sys=0.00, real=0.00 secs] 
64.443: Total time for which application threads were stopped: 0.0009650 seconds, Stopping threads took: 0.0000860 seconds
64.451: Application time: 0.0076010 seconds
64.451: [GC64.451: [ParNew: 17117K->1427K(18432K), 0.0005340 secs] 42891K->27257K(59392K), 0.0005590 secs] [Times: user=0.00 sys=0.00, real=0.00 secs] 
64.452: Total time for which application threads were stopped: 0.0006870 seconds, Stopping threads took: 0.0000730 seconds
64.456: Application time: 0.0046900 seconds
64.456: [GC64.456: [ParNew: 17116K->1435K(18432K), 0.0008120 secs] 42946K->27978K(59392K), 0.0008380 secs] [Times: user=0.00 sys=0.00, real=0.00 secs] 
64.457: Total time for which application threads were stopped: 0.0009810 seconds, Stopping threads took: 0.0000870 seconds
64.461: Application time: 0.0038120 seconds
64.461: [GC64.461: [ParNew: 17116K->1425K(18432K), 0.0010930 secs] 43659K->29433K(59392K), 0.0011210 secs] [Times: user=0.01 sys=0.00, real=0.01 secs] 
64.462: Total time for which application threads were stopped: 0.0012800 seconds, Stopping threads took: 0.0001030 seconds
64.478: Application time: 0.0159040 seconds
64.479: [GC64.479: [ParNew: 17119K->1439K(18432K), 0.0022050 secs] 45127K->35859K(59392K), 0.0022410 secs] [Times: user=0.02 sys=0.00, real=0.00 secs] 
64.481: Total time for which application threads were stopped: 0.0024540 seconds, Stopping threads took: 0.0001480 seconds
64.503: Application time: 0.0225250 seconds
64.503: [GC64.503: [ParNew: 17162K->17162K(18432K), 0.0000100 secs]64.503: [Tenured: 34420K->25091K(40960K), 0.0103300 secs] 51583K->25091K(59392K), [Perm : 6079K->6079K(21248K)], 0.0103890 secs] [Times: user=0.01 sys=0.00, real=0.00 secs] 
64.514: Total time for which application threads were stopped: 0.0105590 seconds, Stopping threads took: 0.0000990 seconds
64.522: Application time: 0.0083990 seconds
64.522: [GC64.522: [ParNew: 15679K->1427K(18432K), 0.0012470 secs] 40770K->28655K(59392K), 0.0012820 secs] [Times: user=0.01 sys=0.00, real=0.00 secs] 
64.524: Total time for which application threads were stopped: 0.0014390 seconds, Stopping threads took: 0.0000960 seconds
64.529: Application time: 0.0054040 seconds
64.529: [GC64.529: [ParNew: 17112K->1437K(18432K), 0.0010120 secs] 44341K->29378K(59392K), 0.0010460 secs] [Times: user=0.00 sys=0.00, real=0.00 secs] 
64.530: Total time for which application threads were stopped: 0.0012350 seconds, Stopping threads took: 0.0001270 seconds
64.537: Application time: 0.0070810 seconds
64.538: [GC64.538: [ParNew: 17122K->1435K(18432K), 0.0005960 secs] 45063K->29376K(59392K), 0.0006280 secs] [Times: user=0.00 sys=0.00, real=0.00 secs] 
64.538: Total time for which application threads were stopped: 0.0008770 seconds, Stopping threads took: 0.0001920 seconds
64.545: Application time: 0.0068590 seconds
64.545: [GC64.545: [ParNew: 17113K->1425K(18432K), 0.0008700 secs] 45054K->30118K(59392K), 0.0009050 secs] [Times: user=0.01 sys=0.00, real=0.00 secs] 
64.546: Total time for which application threads were stopped: 0.0010650 seconds, Stopping threads took: 0.0000980 seconds
64.553: Application time: 0.0067970 seconds
64.553: [GC64.553: [ParNew: 17107K->1425K(18432K), 0.0009900 secs] 45800K->31543K(59392K), 0.0010190 secs] [Times: user=0.01 sys=0.00, real=0.01 secs] 
64.554: Total time for which application threads were stopped: 0.0011580 seconds, Stopping threads took: 0.0000830 seconds
64.559: Application time: 0.0048290 seconds
64.559: [GC64.559: [ParNew: 17114K->1437K(18432K), 0.0010610 secs] 47233K->32981K(59392K), 0.0010920 secs] [Times: user=0.01 sys=0.00, real=0.00 secs] 
64.560: Total time for which application threads were stopped: 0.0012590 seconds, Stopping threads took: 0.0001010 seconds
64.564: Application time: 0.0037320 seconds
64.564: [GC64.564: [ParNew: 17118K->1425K(18432K), 0.0012490 secs] 48662K->35130K(59392K), 0.0012780 secs] [Times: user=0.01 sys=0.00, real=0.00 secs] 
64.565: Total time for which application threads were stopped: 0.0014150 seconds, Stopping threads took: 0.0000840 seconds
64.572: Application time: 0.0066930 seconds
64.572: [GC64.572: [ParNew: 17117K->17117K(18432K), 0.0000100 secs]64.572: [Tenured: 33705K->25091K(40960K), 0.0092090 secs] 50822K->25091K(59392K), [Perm : 6079K->6079K(21248K)], 0.0092670 secs] [Times: user=0.01 sys=0.00, real=0.01 secs] 
64.582: Total time for which application threads were stopped: 0.0094170 seconds, Stopping threads took: 0.0000820 seconds
64.656: Application time: 0.0744020 seconds
64.656: [GC64.656: [ParNew: 15691K->1427K(18432K), 0.0041560 secs] 40782K->40056K(59392K), 0.0041950 secs] [Times: user=0.03 sys=0.00, real=0.00 secs] 
64.660: Total time for which application threads were stopped: 0.0043600 seconds, Stopping threads took: 0.0000990 seconds
64.734: Application time: 0.0736320 seconds
64.734: [GC64.734: [ParNew: 17118K->17118K(18432K), 0.0000100 secs]64.734: [Tenured: 38628K->25091K(40960K), 0.0096690 secs] 55747K->25091K(59392K), [Perm : 6079K->6079K(21248K)], 0.0097280 secs] [Times: user=0.01 sys=0.00, real=0.01 secs] 
64.744: Total time for which application threads were stopped: 0.0098750 seconds, Stopping threads took: 0.0000710 seconds
64.816: Application time: 0.0720150 seconds
64.816: [GC64.816: [ParNew: 15691K->1425K(18432K), 0.0045680 secs] 40782K->40766K(59392K), 0.0046110 secs] [Times: user=0.03 sys=0.00, real=0.00 secs] 
64.821: Total time for which application threads were stopped: 0.0047420 seconds, Stopping threads took: 0.0000620 seconds
64.894: Application time: 0.0736700 seconds
64.894: [GC64.894: [ParNew: 17125K->17125K(18432K), 0.0000120 secs]64.894: [Tenured: 39341K->24349K(40960K), 0.0110470 secs] 56466K->24349K(59392K), [Perm : 6079K->6079K(21248K)], 0.0111080 secs] [Times: user=0.01 sys=0.00, real=0.01 secs] 
64.906: Total time for which application threads were stopped: 0.0112540 seconds, Stopping threads took: 0.0000760 seconds
64.977: Application time: 0.0718370 seconds
64.977: [GC64.977: [ParNew: 15700K->1433K(18432K), 0.0045150 secs] 40049K->40032K(59392K), 0.0045660 secs] [Times: user=0.03 sys=0.00, real=0.01 secs] 
64.982: Total time for which application threads were stopped: 0.0046970 seconds, Stopping threads took: 0.0000660 seconds
65.051: Application time: 0.0690760 seconds
65.051: [GC65.051: [ParNew: 17124K->17124K(18432K), 0.0000110 secs]65.051: [Tenured: 38599K->25775K(40960K), 0.0100760 secs] 55724K->25775K(59392K), [Perm : 6079K->6079K(21248K)], 0.0101350 secs] [Times: user=0.01 sys=0.00, real=0.01 secs] 
65.061: Total time for which application threads were stopped: 0.0102940 seconds, Stopping threads took: 0.0000920 seconds
65.136: Application time: 0.0740680 seconds
65.136: [GC65.136: [ParNew: 15691K->15691K(18432K), 0.0000110 secs]65.136: [Tenured: 25775K->26487K(40960K), 0.0098960 secs] 41466K->26487K(59392K), [Perm : 6079K->6079K(21248K)], 0.0099570 secs] [Times: user=0.01 sys=0.00, real=0.01 secs] 
65.146: Total time for which application threads were stopped: 0.0100870 seconds, Stopping threads took: 0.0000590 seconds
65.213: Application time: 0.0672860 seconds
65.213: [GC65.213: [ParNew: 15700K->15700K(18432K), 0.0000100 secs]65.213: [Tenured: 26487K->25775K(40960K), 0.0089160 secs] 42187K->25775K(59392K), [Perm : 6079K->6079K(21248K)], 0.0089760 secs] [Times: user=0.01 sys=0.00, real=0.01 secs] 
65.222: Total time for which application threads were stopped: 0.0091080 seconds, Stopping threads took: 0.0000650 seconds
65.271: Application time: 0.0485750 seconds
65.271: [GC65.271: [ParNew: 15708K->15708K(18432K), 0.0000110 secs]65.271: [Tenured: 25775K->26487K(40960K), 0.0101760 secs] 41484K->26487K(59392K), [Perm : 6079K->6079K(21248K)], 0.0102390 secs] [Times: user=0.01 sys=0.00, real=0.02 secs] 
65.282: Total time for which application threads were stopped: 0.0119250 seconds, Stopping threads took: 0.0000790 seconds
65.356: Application time: 0.0737870 seconds
65.356: [GC65.356: [ParNew: 15691K->15691K(18432K), 0.0000100 secs]65.356: [Tenured: 26487K->27199K(40960K), 0.0093470 secs] 42178K->27199K(59392K), [Perm : 6079K->6079K(21248K)], 0.0094040 secs] [Times: user=0.01 sys=0.00, real=0.01 secs] 
65.366: Total time for which application threads were stopped: 0.0095620 seconds, Stopping threads took: 0.0000810 seconds
65.429: Application time: 0.0634280 seconds
65.429: [GC65.429: [ParNew: 15700K->15700K(18432K), 0.0000110 secs]65.429: [Tenured: 27199K->27200K(40960K), 0.0097220 secs] 42899K->27200K(59392K), [Perm : 6079K->6079K(21248K)], 0.0097810 secs] [Times: user=0.01 sys=0.00, real=0.01 secs] 
65.439: Total time for which application threads were stopped: 0.0099090 seconds, Stopping threads took: 0.0000610 seconds
65.497: Application time: 0.0582730 seconds
65.498: [GC65.498: [ParNew: 15700K->15700K(18432K), 0.0000120 secs]65.498: [Tenured: 27200K->28626K(40960K), 0.0102510 secs] 42900K->28626K(59392K), [Perm : 6079K->6079K(21248K)], 0.0103100 secs] [Times: user=0.01 sys=0.00, real=0.01 secs] 
65.508: Total time for which application threads were stopped: 0.0104540 seconds, Stopping threads took: 0.0000720 seconds
65.582: Application time: 0.0739710 seconds
65.582: [GC65.582: [ParNew: 15700K->15700K(18432K), 0.0000110 secs]65.582: [Tenured: 28626K->29336K(40960K), 0.0119750 secs] 44326K->29336K(59392K), [Perm : 6079K->6079K(21248K)], 0.0120400 secs] [Times: user=0.01 sys=0.00, real=0.02 secs] 
65.594: Total time for which application threads were stopped: 0.0121980 seconds, Stopping threads took: 0.0000890 seconds
65.666: Application time: 0.0720270 seconds
65.666: [GC65.666: [ParNew: 15691K->15691K(18432K), 0.0000100 secs]65.666: [Tenured: 29336K->29336K(40960K), 0.0094400 secs] 45028K->29336K(59392K), [Perm : 6079K->6079K(21248K)], 0.0094950 secs] [Times: user=0.01 sys=0.00, real=0.01 secs] 
65.676: Total time for which application threads were stopped: 0.0096340 seconds, Stopping threads took: 0.0000740 seconds
65.745: Application time: 0.0687530 seconds
65.745: [GC65.745: [ParNew: 15691K->15691K(18432K), 0.0000100 secs]65.745: [Tenured: 29336K->30049K(40960K), 0.0092770 secs] 45028K->30049K(59392K), [Perm : 6079K->6079K(21248K)], 0.0093360 secs] [Times: user=0.01 sys=0.00, real=0.00 secs] 
65.754: Total time for which application threads were stopped: 0.0094890 seconds, Stopping threads took: 0.0000850 seconds
65.828: Application time: 0.0739110 seconds
65.828: [GC65.828: [ParNew: 15691K->15691K(18432K), 0.0000110 secs]65.828: [Tenured: 30049K->30049K(40960K), 0.0099620 secs] 45741K->30049K(59392K), [Perm : 6079K->6079K(21248K)], 0.0100360 secs] [Times: user=0.01 sys=0.01, real=0.01 secs] 
65.838: Total time for which application threads were stopped: 0.0101760 seconds, Stopping threads took: 0.0000580 seconds
65.911: Application time: 0.0732510 seconds
65.911: [GC65.912: [ParNew: 15699K->15699K(18432K), 0.0000110 secs]65.912: [Tenured: 30049K->28624K(40960K), 0.0125080 secs] 45749K->28624K(59392K), [Perm : 6079K->6079K(21248K)], 0.0125780 secs] [Times: user=0.02 sys=0.00, real=0.02 secs] 
65.924: Total time for which application threads were stopped: 0.0127610 seconds, Stopping threads took: 0.0001090 seconds
65.987: Application time: 0.0625980 seconds
65.987: [GC65.987: [ParNew: 15697K->15697K(18432K), 0.0000110 secs]65.987: [Tenured: 28624K->29338K(40960K), 0.0099250 secs] 44322K->29338K(59392K), [Perm : 6079K->6079K(21248K)], 0.0099850 secs] [Times: user=0.01 sys=0.00, real=0.01 secs] 
65.997: Total time for which application threads were stopped: 0.0101170 seconds, Stopping threads took: 0.0000620 seconds
66.042: Application time: 0.0454990 seconds
66.042: [GC66.042: [ParNew: 15689K->15689K(18432K), 0.0000100 secs]66.042: [Tenured: 29338K->29337K(40960K), 0.0092920 secs] 45027K->29337K(59392K), [Perm : 6079K->6079K(21248K)], 0.0093510 secs] [Times: user=0.01 sys=0.00, real=0.00 secs] 
66.052: Total time for which application threads were stopped: 0.0094880 seconds, Stopping threads took: 0.0000610 seconds
66.117: Application time: 0.0651350 seconds
66.117: [GC66.117: [ParNew: 15689K->15689K(18432K), 0.0000110 secs]66.117: [Tenured: 29337K->29337K(40960K), 0.0089240 secs] 45027K->29337K(59392K), [Perm : 6079K->6079K(21248K)], 0.0089980 secs] [Times: user=0.00 sys=0.00, real=0.01 secs] 
66.126: Total time for which application threads were stopped: 0.0091300 seconds, Stopping threads took: 0.0000610 seconds
66.186: Application time: 0.0599190 seconds
66.186: [GC66.186: [ParNew: 15691K->15691K(18432K), 0.0000110 secs]66.186: [Tenured: 29337K->25773K(40960K), 0.0112290 secs] 45029K->25773K(59392K), [Perm : 6079K->6079K(21248K)], 0.0112900 secs] [Times: user=0.01 sys=0.00, real=0.01 secs] 
66.197: Total time for which application threads were stopped: 0.0114870 seconds, Stopping threads took: 0.0001250 seconds
66.265: Application time: 0.0673250 seconds
66.265: [GC66.265: [ParNew: 15706K->1433K(18432K), 0.0040620 secs] 41480K->39319K(59392K), 0.0041040 secs] [Times: user=0.02 sys=0.00, real=0.00 secs] 
66.269: Total time for which application threads were stopped: 0.0043230 seconds, Stopping threads took: 0.0001520 seconds
66.335: Application time: 0.0657020 seconds
66.335: [GC66.335: [ParNew: 17131K->17131K(18432K), 0.0000110 secs]66.335: [Tenured: 37886K->25775K(40960K), 0.0106120 secs] 55017K->25775K(59392K), [Perm : 6079K->6079K(21248K)], 0.0106710 secs] [Times: user=0.01 sys=0.00, real=0.01 secs] 
66.346: Total time for which application threads were stopped: 0.0108130 seconds, Stopping threads took: 0.0000600 seconds
66.382: Application time: 0.0365420 seconds
66.382: [GC66.382: [ParNew: 15689K->15689K(18432K), 0.0000100 secs]66.382: [Tenured: 25775K->27200K(40960K), 0.0094690 secs] 41464K->27200K(59392K), [Perm : 6079K->6079K(21248K)], 0.0095290 secs] [Times: user=0.01 sys=0.00, real=0.00 secs] 
66.392: Total time for which application threads were stopped: 0.0096690 seconds, Stopping threads took: 0.0000700 seconds
66.456: Application time: 0.0641900 seconds
66.456: [GC66.456: [ParNew: 15698K->15698K(18432K), 0.0000100 secs]66.456: [Tenured: 27200K->25775K(40960K), 0.0110730 secs] 42898K->25775K(59392K), [Perm : 6079K->6079K(21248K)], 0.0111300 secs] [Times: user=0.01 sys=0.00, real=0.01 secs] 
66.467: Total time for which application threads were stopped: 0.0112960 seconds, Stopping threads took: 0.0000980 seconds
66.524: Application time: 0.0567450 seconds
66.524: [GC66.524: [ParNew: 15698K->15698K(18432K), 0.0000100 secs]66.524: [Tenured: 25775K->23637K(40960K), 0.0109110 secs] 41473K->23637K(59392K), [Perm : 6079K->6079K(21248K)], 0.0109700 secs] [Times: user=0.01 sys=0.00, real=0.01 secs] 
66.535: Total time for which application threads were stopped: 0.0111020 seconds, Stopping threads took: 0.0000620 seconds
66.590: Application time: 0.0546350 seconds
66.590: [GC66.590: [ParNew: 15688K->1425K(18432K), 0.0034640 secs] 39325K->35750K(59392K), 0.0035030 secs] [Times: user=0.03 sys=0.00, real=0.00 secs] 
66.593: Total time for which application threads were stopped: 0.0036300 seconds, Stopping threads took: 0.0000620 seconds
66.644: Application time: 0.0508170 seconds
66.644: [GC66.644: [ParNew: 17121K->17121K(18432K), 0.0000110 secs]66.644: [Tenured: 34325K->25063K(40960K), 0.0104800 secs] 51447K->25063K(59392K), [Perm : 6079K->6079K(21248K)], 0.0105400 secs] [Times: user=0.01 sys=0.00, real=0.01 secs] 
66.655: Total time for which application threads were stopped: 0.0106990 seconds, Stopping threads took: 0.0000890 seconds
66.699: Application time: 0.0435740 seconds
66.699: [GC66.699: [ParNew: 15688K->1425K(18432K), 0.0035450 secs] 40751K->37176K(59392K), 0.0035870 secs] [Times: user=0.03 sys=0.00, real=0.01 secs] 
66.702: Total time for which application threads were stopped: 0.0037680 seconds, Stopping threads took: 0.0001160 seconds
66.764: Application time: 0.0621340 seconds
66.765: [GC66.765: [ParNew: 17113K->17113K(18432K), 0.0000100 secs]66.765: [Tenured: 35751K->25776K(40960K), 0.0092730 secs] 52865K->25776K(59392K), [Perm : 6079K->6079K(21248K)], 0.0093420 secs] [Times: user=0.01 sys=0.00, real=0.00 secs] 
66.774: Total time for which application threads were stopped: 0.0094800 seconds, Stopping threads took: 0.0000690 seconds
66.827: Application time: 0.0534600 seconds
66.828: [GC66.828: [ParNew: 15688K->15688K(18432K), 0.0000100 secs]66.828: [Tenured: 25776K->25776K(40960K), 0.0091150 secs] 41464K->25776K(59392K), [Perm : 6079K->6079K(21248K)], 0.0091730 secs] [Times: user=0.01 sys=0.00, real=0.01 secs] 
66.837: Total time for which application threads were stopped: 0.0093030 seconds, Stopping threads took: 0.0000620 seconds
66.894: Application time: 0.0572160 seconds
66.894: [GC66.894: [ParNew: 15688K->15688K(18432K), 0.0000100 secs]66.894: [Tenured: 25776K->24350K(40960K), 0.0101330 secs] 41464K->24350K(59392K), [Perm : 6079K->6079K(21248K)], 0.0101900 secs] [Times: user=0.01 sys=0.00, real=0.01 secs] 
66.904: Total time for which application threads were stopped: 0.0103440 seconds, Stopping threads took: 0.0000700 seconds
66.943: Application time: 0.0386760 seconds
66.943: [GC66.943: [ParNew: 15697K->1433K(18432K), 0.0037480 secs] 40047K->36472K(59392K), 0.0037900 secs] [Times: user=0.02 sys=0.00, real=0.00 secs] 
66.947: Total time for which application threads were stopped: 0.0039450 seconds, Stopping threads took: 0.0000890 seconds
67.009: Application time: 0.0616780 seconds
67.009: [GC67.009: [ParNew: 17130K->17130K(18432K), 0.0000090 secs]67.009: [Tenured: 35039K->23640K(40960K), 0.0105820 secs] 52169K->23640K(59392K), [Perm : 6079K->6079K(21248K)], 0.0106410 secs] [Times: user=0.01 sys=0.00, real=0.01 secs] 
67.019: Total time for which application threads were stopped: 0.0108050 seconds, Stopping threads took: 0.0000760 seconds
67.069: Application time: 0.0497010 seconds
67.069: [GC67.069: [ParNew: 15688K->1425K(18432K), 0.0036550 secs] 39328K->35753K(59392K), 0.0036930 secs] [Times: user=0.03 sys=0.00, real=0.00 secs] 
67.073: Total time for which application threads were stopped: 0.0038340 seconds, Stopping threads took: 0.0000770 seconds
67.110: Application time: 0.0372110 seconds
67.110: [GC67.110: [ParNew: 17114K->17114K(18432K), 0.0000100 secs]67.110: [Tenured: 34328K->25777K(40960K), 0.0101020 secs] 51442K->25777K(59392K), [Perm : 6079K->6079K(21248K)], 0.0101610 secs] [Times: user=0.01 sys=0.00, real=0.01 secs] 
67.121: Total time for which application threads were stopped: 0.0103790 seconds, Stopping threads took: 0.0001490 seconds
67.192: Application time: 0.0711960 seconds
67.192: [GC67.192: [ParNew: 15690K->15690K(18432K), 0.0000100 secs]67.192: [Tenured: 25777K->24352K(40960K), 0.0088350 secs] 41468K->24352K(59392K), [Perm : 6079K->6079K(21248K)], 0.0088950 secs] [Times: user=0.01 sys=0.00, real=0.01 secs] 
67.201: Total time for which application threads were stopped: 0.0090350 seconds, Stopping threads took: 0.0000730 seconds
67.261: Application time: 0.0605430 seconds
67.261: [GC67.261: [ParNew: 15691K->1427K(18432K), 0.0037130 secs] 40043K->37181K(59392K), 0.0037560 secs] [Times: user=0.03 sys=0.00, real=0.01 secs] 
67.265: Total time for which application threads were stopped: 0.0038820 seconds, Stopping threads took: 0.0000600 seconds
67.286: Application time: 0.0207210 seconds
67.286: [GC67.286: [ParNew: 17124K->17124K(18432K), 0.0000110 secs]67.286: [Tenured: 35754K->25776K(40960K), 0.0112100 secs] 52878K->25776K(59392K), [Perm : 6079K->6079K(21248K)], 0.0112690 secs] [Times: user=0.01 sys=0.00, real=0.01 secs] 
67.297: Total time for which application threads were stopped: 0.0114290 seconds, Stopping threads took: 0.0000770 seconds
67.369: Application time: 0.0718120 seconds
67.369: [GC67.369: [ParNew: 15688K->15688K(18432K), 0.0000100 secs]67.369: [Tenured: 25776K->25776K(40960K), 0.0099990 secs] 41465K->25776K(59392K), [Perm : 6079K->6079K(21248K)], 0.0100590 secs] [Times: user=0.01 sys=0.00, real=0.01 secs] 
67.379: Total time for which application threads were stopped: 0.0102000 seconds, Stopping threads took: 0.0000710 seconds
67.440: Application time: 0.0608680 seconds
67.440: [GC67.440: [ParNew: 15705K->15705K(18432K), 0.0000100 secs]67.440: [Tenured: 25776K->26490K(40960K), 0.0092440 secs] 41482K->26490K(59392K), [Perm : 6079K->6079K(21248K)], 0.0093140 secs] [Times: user=0.01 sys=0.00, real=0.01 secs] 
67.450: Total time for which application threads were stopped: 0.0094540 seconds, Stopping threads took: 0.0000580 seconds
67.475: Application time: 0.0250790 seconds
67.475: [GC67.475: [ParNew: 15689K->15689K(18432K), 0.0000100 secs]67.475: [Tenured: 26490K->27915K(40960K), 0.0102230 secs] 42179K->27915K(59392K), [Perm : 6079K->6079K(21248K)], 0.0102840 secs] [Times: user=0.01 sys=0.00, real=0.01 secs] 
67.485: Total time for which application threads were stopped: 0.0104180 seconds, Stopping threads took: 0.0000610 seconds
67.550: Application time: 0.0650630 seconds
67.551: [GC67.551: [ParNew: 15709K->15709K(18432K), 0.0000100 secs]67.551: [Tenured: 27915K->26489K(40960K), 0.0102690 secs] 43625K->26489K(59392K), [Perm : 6079K->6079K(21248K)], 0.0103260 secs] [Times: user=0.01 sys=0.00, real=0.01 secs] 
67.561: Total time for which application threads were stopped: 0.0107600 seconds, Stopping threads took: 0.0003470 seconds
67.623: Application time: 0.0619490 seconds
67.623: [GC67.623: [ParNew: 15699K->15699K(18432K), 0.0000100 secs]67.623: [Tenured: 26489K->28627K(40960K), 0.0094690 secs] 42188K->28627K(59392K), [Perm : 6079K->6079K(21248K)], 0.0095290 secs] [Times: user=0.01 sys=0.00, real=0.00 secs] 
67.633: Total time for which application threads were stopped: 0.0096670 seconds, Stopping threads took: 0.0000690 seconds
67.656: Application time: 0.0232030 seconds
67.656: [GC67.656: [ParNew: 15688K->15688K(18432K), 0.0000120 secs]67.656: [Tenured: 28627K->30052K(40960K), 0.0100160 secs] 44316K->30052K(59392K), [Perm : 6079K->6079K(21248K)], 0.0100880 secs] [Times: user=0.01 sys=0.00, real=0.01 secs] 
67.666: Total time for which application threads were stopped: 0.0102260 seconds, Stopping threads took: 0.0000630 seconds
67.730: Application time: 0.0639810 seconds
67.730: [GC67.730: [ParNew: 15688K->15688K(18432K), 0.0000110 secs]67.730: [Tenured: 30052K->30765K(40960K), 0.0100140 secs] 45741K->30765K(59392K), [Perm : 6079K->6079K(21248K)], 0.0100750 secs] [Times: user=0.01 sys=0.00, real=0.01 secs] 
67.740: Total time for which application threads were stopped: 0.0103020 seconds, Stopping threads took: 0.0001470 seconds
67.803: Application time: 0.0627460 seconds
67.803: [GC67.803: [ParNew: 15688K->15688K(18432K), 0.0000110 secs]67.803: [Tenured: 30765K->30051K(40960K), 0.0110930 secs] 46453K->30051K(59392K), [Perm : 6079K->6079K(21248K)], 0.0111490 secs] [Times: user=0.01 sys=0.00, real=0.01 secs] 
67.814: Total time for which application threads were stopped: 0.0112710 seconds, Stopping threads took: 0.0000560 seconds
67.883: Application time: 0.0690760 seconds
67.884: [GC67.884: [ParNew: 15688K->15688K(18432K), 0.0000110 secs]67.884: [Tenured: 30051K->30051K(40960K), 0.0099050 secs] 45740K->30051K(59392K), [Perm : 6079K->6079K(21248K)], 0.0099660 secs] [Times: user=0.01 sys=0.00, real=0.00 secs] 
67.894: Total time for which application threads were stopped: 0.0101060 seconds, Stopping threads took: 0.0000670 seconds
67.912: Application time: 0.0182860 seconds
67.912: [GC67.912: [ParNew: 15688K->15688K(18432K), 0.0000100 secs]67.912: [Tenured: 30051K->30051K(40960K), 0.0093440 secs] 45739K->30051K(59392K), [Perm : 6079K->6079K(21248K)], 0.0094030 secs] [Times: user=0.01 sys=0.00, real=0.01 secs] 
67.921: Total time for which application threads were stopped: 0.0095460 seconds, Stopping threads took: 0.0000750 seconds
67.988: Application time: 0.0662460 seconds
67.988: [GC67.988: [ParNew: 16185K->16185K(18432K), 0.0000100 secs]67.988: [Tenured: 30051K->27948K(40960K), 0.0087460 secs] 46237K->27948K(59392K), [Perm : 6079K->6079K(21248K)], 0.0088040 secs] [Times: user=0.01 sys=0.00, real=0.01 secs] 
67.997: Total time for which application threads were stopped: 0.0089960 seconds, Stopping threads took: 0.0001130 seconds
68.009: Application time: 0.0121100 seconds
68.009: [GC68.009: [ParNew: 15940K->15940K(18432K), 0.0000120 secs]68.009: [Tenured: 27948K->29338K(40960K), 0.0133880 secs] 43888K->29338K(59392K), [Perm : 6079K->6079K(21248K)], 0.0134580 secs] [Times: user=0.01 sys=0.00, real=0.02 secs] 
68.022: Total time for which application threads were stopped: 0.0137260 seconds, Stopping threads took: 0.0001750 seconds
68.030: Application time: 0.0076110 seconds
68.030: [GC68.030: [ParNew: 15679K->15679K(18432K), 0.0000110 secs]68.030: [Tenured: 29338K->29338K(40960K), 0.0097550 secs] 45017K->29338K(59392K), [Perm : 6079K->6079K(21248K)], 0.0098170 secs] [Times: user=0.01 sys=0.00, real=0.01 secs] 
68.040: Total time for which application threads were stopped: 0.0099600 seconds, Stopping threads took: 0.0000710 seconds
68.046: Application time: 0.0063080 seconds
68.046: [GC68.047: [ParNew: 15683K->15683K(18432K), 0.0000110 secs]68.047: [Tenured: 29338K->30764K(40960K), 0.0062100 secs] 45022K->30764K(59392K), [Perm : 6079K->6079K(21248K)], 0.0062650 secs] [Times: user=0.01 sys=0.00, real=0.00 secs] 
68.053: Total time for which application threads were stopped: 0.0064120 seconds, Stopping threads took: 0.0000800 seconds
68.057: Application time: 0.0041050 seconds
68.057: [GC68.057: [ParNew: 15677K->15677K(18432K), 0.0000100 secs]68.057: [Tenured: 30764K->31476K(40960K), 0.0062090 secs] 46441K->31476K(59392K), [Perm : 6079K->6079K(21248K)], 0.0062630 secs] [Times: user=0.01 sys=0.00, real=0.01 secs] 
68.063: Total time for which application threads were stopped: 0.0064120 seconds, Stopping threads took: 0.0000810 seconds
68.072: Application time: 0.0086460 seconds
68.072: [GC68.072: [ParNew: 15686K->15686K(18432K), 0.0000110 secs]68.072: [Tenured: 31476K->29338K(40960K), 0.0076680 secs] 47163K->29338K(59392K), [Perm : 6079K->6079K(21248K)], 0.0077310 secs] [Times: user=0.00 sys=0.00, real=0.01 secs] 
68.080: Total time for which application threads were stopped: 0.0079020 seconds, Stopping threads took: 0.0001000 seconds
68.087: Application time: 0.0069300 seconds
68.087: [GC68.087: [ParNew: 15679K->15679K(18432K), 0.0000110 secs]68.087: [Tenured: 29338K->30764K(40960K), 0.0061050 secs] 45018K->30764K(59392K), [Perm : 6079K->6079K(21248K)], 0.0061650 secs] [Times: user=0.00 sys=0.00, real=0.00 secs] 
68.093: Total time for which application threads were stopped: 0.0063520 seconds, Stopping threads took: 0.0001180 seconds
68.098: Application time: 0.0052680 seconds
68.099: [GC68.099: [ParNew: 15689K->15689K(18432K), 0.0000100 secs]68.099: [Tenured: 30764K->30052K(40960K), 0.0062310 secs] 46453K->30052K(59392K), [Perm : 6079K->6079K(21248K)], 0.0062900 secs] [Times: user=0.00 sys=0.00, real=0.01 secs] 
68.105: Total time for which application threads were stopped: 0.0064420 seconds, Stopping threads took: 0.0000820 seconds
68.109: Application time: 0.0037390 seconds
68.109: [GC68.109: [ParNew: 15679K->15679K(18432K), 0.0000110 secs]68.109: [Tenured: 30052K->31477K(40960K), 0.0061430 secs] 45731K->31477K(59392K), [Perm : 6079K->6079K(21248K)], 0.0062010 secs] [Times: user=0.01 sys=0.00, real=0.01 secs] 
68.115: Total time for which application threads were stopped: 0.0063440 seconds, Stopping threads took: 0.0000730 seconds
68.134: Application time: 0.0193120 seconds
68.134: [GC68.134: [ParNew: 15690K->15690K(18432K), 0.0000100 secs]68.134: [Tenured: 31477K->28625K(40960K), 0.0098460 secs] 47167K->28625K(59392K), [Perm : 6079K->6079K(21248K)], 0.0099070 secs] [Times: user=0.01 sys=0.00, real=0.01 secs] 
68.144: Total time for which application threads were stopped: 0.0100730 seconds, Stopping threads took: 0.0000930 seconds
68.177: Application time: 0.0322240 seconds
68.177: [GC68.177: [ParNew: 15728K->15728K(18432K), 0.0000090 secs]68.177: [Tenured: 28625K->28655K(40960K), 0.0100490 secs] 44354K->28655K(59392K), [Perm : 6079K->6079K(21248K)], 0.0101070 secs] [Times: user=0.01 sys=0.00, real=0.01 secs] 
68.187: Total time for which application threads were stopped: 0.0102570 seconds, Stopping threads took: 0.0000840 seconds
68.195: Application time: 0.0084600 seconds
68.195: [GC68.195: [ParNew: 15677K->15677K(18432K), 0.0000100 secs]68.195: [Tenured: 28655K->28655K(40960K), 0.0059510 secs] 44332K->28655K(59392K), [Perm : 6079K->6079K(21248K)], 0.0060190 secs] [Times: user=0.00 sys=0.00, real=0.00 secs] 
68.201: Total time for which application threads were stopped: 0.0061830 seconds, Stopping threads took: 0.0000960 seconds
68.208: Application time: 0.0067240 seconds
68.208: [GC68.208: [ParNew: 15683K->15683K(18432K), 0.0000100 secs]68.208: [Tenured: 28655K->30081K(40960K), 0.0062950 secs] 44338K->30081K(59392K), [Perm : 6079K->6079K(21248K)], 0.0063530 secs] [Times: user=0.00 sys=0.00, real=0.01 secs] 
68.215: Total time for which application threads were stopped: 0.0065160 seconds, Stopping threads took: 0.0000940 seconds
68.219: Application time: 0.0043440 seconds
68.219: [GC68.219: [ParNew: 15677K->15677K(18432K), 0.0000100 secs]68.219: [Tenured: 30081K->28625K(40960K), 0.0104600 secs] 45758K->28625K(59392K), [Perm : 6079K->6079K(21248K)], 0.0105190 secs] [Times: user=0.01 sys=0.00, real=0.01 secs] 
68.230: Total time for which application threads were stopped: 0.0106590 seconds, Stopping threads took: 0.0000620 seconds
68.238: Application time: 0.0084040 seconds
68.238: [GC68.238: [ParNew: 15688K->15688K(18432K), 0.0000110 secs]68.238: [Tenured: 28625K->30050K(40960K), 0.0080130 secs] 44313K->30050K(59392K), [Perm : 6079K->6079K(21248K)], 0.0080710 secs] [Times: user=0.01 sys=0.00, real=0.01 secs] 
68.246: Total time for which application threads were stopped: 0.0082700 seconds, Stopping threads took: 0.0001320 seconds
68.253: Application time: 0.0064290 seconds
68.253: [GC68.253: [ParNew: 15681K->15681K(18432K), 0.0000100 secs]68.253: [Tenured: 30050K->27913K(40960K), 0.0103360 secs] 45732K->27913K(59392K), [Perm : 6079K->6079K(21248K)], 0.0104000 secs] [Times: user=0.01 sys=0.00, real=0.02 secs] 
68.263: Total time for which application threads were stopped: 0.0105740 seconds, Stopping threads took: 0.0001010 seconds
68.270: Application time: 0.0063580 seconds
68.270: [GC68.270: [ParNew: 15690K->15690K(18432K), 0.0000110 secs]68.270: [Tenured: 27913K->27913K(40960K), 0.0086260 secs] 43604K->27913K(59392K), [Perm : 6079K->6079K(21248K)], 0.0086860 secs] [Times: user=0.00 sys=0.00, real=0.01 secs] 
68.279: Total time for which application threads were stopped: 0.0089030 seconds, Stopping threads took: 0.0001480 seconds
68.282: Application time: 0.0036980 seconds
68.283: [GC68.283: [ParNew: 15682K->15682K(18432K), 0.0000110 secs]68.283: [Tenured: 27913K->28626K(40960K), 0.0092870 secs] 43595K->28626K(59392K), [Perm : 6079K->6079K(21248K)], 0.0093490 secs] [Times: user=0.01 sys=0.00, real=0.00 secs] 
68.292: Total time for which application threads were stopped: 0.0095600 seconds, Stopping threads took: 0.0001200 seconds
68.296: Application time: 0.0039950 seconds
68.296: [GC68.296: [ParNew: 15678K->15678K(18432K), 0.0000110 secs]68.296: [Tenured: 28626K->30051K(40960K), 0.0062040 secs] 44304K->30051K(59392K), [Perm : 6079K->6079K(21248K)], 0.0062610 secs] [Times: user=0.00 sys=0.00, real=0.01 secs] 
68.302: Total time for which application threads were stopped: 0.0064140 seconds, Stopping threads took: 0.0000850 seconds
68.353: Application time: 0.0508820 seconds
68.353: [GC68.353: [ParNew: 15694K->15694K(18432K), 0.0000100 secs]68.353: [Tenured: 30051K->27200K(40960K), 0.0097430 secs] 45745K->27200K(59392K), [Perm : 6079K->6079K(21248K)], 0.0098020 secs] [Times: user=0.01 sys=0.00, real=0.02 secs] 
68.363: Total time for which application threads were stopped: 0.0099310 seconds, Stopping threads took: 0.0000610 seconds
68.392: Application time: 0.0286690 seconds
68.392: [GC68.392: [ParNew: 15689K->15689K(18432K), 0.0000100 secs]68.392: [Tenured: 27200K->27913K(40960K), 0.0101100 secs] 42890K->27913K(59392K), [Perm : 6079K->6079K(21248K)], 0.0101690 secs] [Times: user=0.01 sys=0.00, real=0.02 secs] 
68.402: Total time for which application threads were stopped: 0.0103210 seconds, Stopping threads took: 0.0000730 seconds
68.472: Application time: 0.0702810 seconds
68.473: [GC68.473: [ParNew: 15687K->15687K(18432K), 0.0000110 secs]68.473: [Tenured: 27913K->28625K(40960K), 0.0100030 secs] 43600K->28625K(59392K), [Perm : 6079K->6079K(21248K)], 0.0100740 secs] [Times: user=0.01 sys=0.00, real=0.02 secs] 
68.483: Total time for which application threads were stopped: 0.0102100 seconds, Stopping threads took: 0.0000620 seconds
68.533: Application time: 0.0500860 seconds
68.533: [GC68.533: [ParNew: 15729K->15729K(18432K), 0.0000110 secs]68.533: [Tenured: 28625K->28654K(40960K), 0.0103720 secs] 44354K->28654K(59392K), [Perm : 6079K->6079K(21248K)], 0.0104370 secs] [Times: user=0.02 sys=0.00, real=0.02 secs] 
68.543: Total time for which application threads were stopped: 0.0106710 seconds, Stopping threads took: 0.0001400 seconds
68.550: Application time: 0.0068580 seconds
68.550: [GC68.550: [ParNew: 15679K->15679K(18432K), 0.0000100 secs]68.550: [Tenured: 28654K->29367K(40960K), 0.0096700 secs] 44334K->29367K(59392K), [Perm : 6079K->6079K(21248K)], 0.0097300 secs] [Times: user=0.01 sys=0.00, real=0.01 secs] 
68.560: Total time for which application threads were stopped: 0.0099330 seconds, Stopping threads took: 0.0001020 seconds
68.568: Application time: 0.0074360 seconds
68.568: [GC68.568: [ParNew: 15685K->15685K(18432K), 0.0000110 secs]68.568: [Tenured: 29367K->29367K(40960K), 0.0095030 secs] 45052K->29367K(59392K), [Perm : 6079K->6079K(21248K)], 0.0095670 secs] [Times: user=0.01 sys=0.00, real=0.01 secs] 
68.578: Total time for which application threads were stopped: 0.0099290 seconds, Stopping threads took: 0.0002890 seconds
68.582: Application time: 0.0041080 seconds
68.582: [GC68.582: [ParNew: 15681K->15681K(18432K), 0.0000110 secs]68.582: [Tenured: 29367K->24325K(40960K), 0.0110950 secs] 45048K->24325K(59392K), [Perm : 6079K->6079K(21248K)], 0.0111560 secs] [Times: user=0.01 sys=0.00, real=0.01 secs] 
68.593: Total time for which application threads were stopped: 0.0114380 seconds, Stopping threads took: 0.0001910 seconds
68.600: Application time: 0.0073440 seconds
68.601: [GC68.601: [ParNew: 15780K->1469K(18432K), 0.0014630 secs] 40105K->29356K(59392K), 0.0015030 secs] [Times: user=0.02 sys=0.00, real=0.01 secs] 
68.602: Total time for which application threads were stopped: 0.0017280 seconds, Stopping threads took: 0.0001690 seconds
68.610: Application time: 0.0075140 seconds
68.610: [GC68.610: [ParNew: 17720K->17720K(18432K), 0.0000100 secs]68.610: [Tenured: 27887K->23646K(40960K), 0.0097400 secs] 45608K->23646K(59392K), [Perm : 6079K->6079K(21248K)], 0.0098020 secs] [Times: user=0.02 sys=0.00, real=0.01 secs] 
68.620: Total time for which application threads were stopped: 0.0099780 seconds, Stopping threads took: 0.0001030 seconds
68.627: Application time: 0.0070870 seconds
68.627: [GC68.627: [ParNew: 15764K->752K(18432K), 0.0004700 secs] 39410K->24399K(59392K), 0.0004990 secs] [Times: user=0.01 sys=0.00, real=0.00 secs] 
68.627: Total time for which application threads were stopped: 0.0006150 seconds, Stopping threads took: 0.0000610 seconds
68.632: Application time: 0.0049220 seconds
68.632: [GC68.632: [ParNew: 16991K->1476K(18432K), 0.0014020 secs] 40638K->27260K(59392K), 0.0014390 secs] [Times: user=0.01 sys=0.00, real=0.00 secs] 
68.634: Total time for which application threads were stopped: 0.0015670 seconds, Stopping threads took: 0.0000620 seconds
68.638: Application time: 0.0040150 seconds
68.638: [GC68.638: [ParNew: 17156K->17156K(18432K), 0.0000200 secs]68.638: [Tenured: 25784K->24392K(40960K), 0.0091860 secs] 42941K->24392K(59392K), [Perm : 6079K->6079K(21248K)], 0.0092590 secs] [Times: user=0.01 sys=0.00, real=0.01 secs] 
68.647: Total time for which application threads were stopped: 0.0094230 seconds, Stopping threads took: 0.0000780 seconds
68.652: Application time: 0.0047170 seconds
68.652: [GC68.652: [ParNew: 15864K->1441K(18432K), 0.0011950 secs] 40257K->27972K(59392K), 0.0012310 secs] [Times: user=0.01 sys=0.00, real=0.00 secs] 
68.653: Total time for which application threads were stopped: 0.0014110 seconds, Stopping threads took: 0.0001150 seconds
68.659: Application time: 0.0051080 seconds
68.659: [GC68.659: [ParNew: 17162K->17162K(18432K), 0.0000110 secs]68.659: [Tenured: 26530K->25096K(40960K), 0.0079320 secs] 43692K->25096K(59392K), [Perm : 6079K->6079K(21248K)], 0.0080090 secs] [Times: user=0.00 sys=0.00, real=0.01 secs] 
68.667: Total time for which application threads were stopped: 0.0083130 seconds, Stopping threads took: 0.0002320 seconds
68.672: Application time: 0.0051430 seconds
68.672: [GC68.672: [ParNew: 15685K->1433K(18432K), 0.0012040 secs] 40782K->28667K(59392K), 0.0012340 secs] [Times: user=0.00 sys=0.00, real=0.00 secs] 
68.673: Total time for which application threads were stopped: 0.0013690 seconds, Stopping threads took: 0.0000760 seconds
68.678: Application time: 0.0043660 seconds
68.678: [GC68.678: [ParNew: 17112K->17112K(18432K), 0.0000100 secs]68.678: [Tenured: 27234K->25775K(40960K), 0.0108960 secs] 44346K->25775K(59392K), [Perm : 6079K->6079K(21248K)], 0.0109550 secs] [Times: user=0.01 sys=0.00, real=0.01 secs] 
68.689: Total time for which application threads were stopped: 0.0111400 seconds, Stopping threads took: 0.0001140 seconds
68.692: Application time: 0.0034590 seconds
68.693: [GC68.693: [ParNew: 15679K->1427K(18432K), 0.0010760 secs] 41455K->29340K(59392K), 0.0011060 secs] [Times: user=0.01 sys=0.00, real=0.00 secs] 
68.694: Total time for which application threads were stopped: 0.0013170 seconds, Stopping threads took: 0.0001510 seconds
68.698: Application time: 0.0045030 seconds
68.698: [GC68.698: [ParNew: 17123K->17123K(18432K), 0.0000100 secs]68.698: [Tenured: 27913K->25063K(40960K), 0.0090420 secs] 45036K->25063K(59392K), [Perm : 6079K->6079K(21248K)], 0.0090990 secs] [Times: user=0.01 sys=0.00, real=0.01 secs] 
68.707: Total time for which application threads were stopped: 0.0092640 seconds, Stopping threads took: 0.0000960 seconds
68.711: Application time: 0.0035370 seconds
68.711: [GC68.711: [ParNew: 15679K->1427K(18432K), 0.0009360 secs] 40742K->27915K(59392K), 0.0009640 secs] [Times: user=0.01 sys=0.00, real=0.00 secs] 
68.712: Total time for which application threads were stopped: 0.0011160 seconds, Stopping threads took: 0.0000950 seconds
68.716: Application time: 0.0035730 seconds
68.716: [GC68.716: [ParNew: 17106K->1425K(18432K), 0.0008870 secs] 43595K->29338K(59392K), 0.0009150 secs] [Times: user=0.00 sys=0.00, real=0.00 secs] 
68.717: Total time for which application threads were stopped: 0.0010990 seconds, Stopping threads took: 0.0001280 seconds
68.721: Application time: 0.0044320 seconds
68.721: [GC68.721: [ParNew: 17117K->1433K(18432K), 0.0021000 secs] 45031K->34334K(59392K), 0.0021390 secs] [Times: user=0.01 sys=0.00, real=0.01 secs] 
68.724: Total time for which application threads were stopped: 0.0023340 seconds, Stopping threads took: 0.0001280 seconds
68.728: Application time: 0.0040210 seconds
68.728: [GC68.728: [ParNew: 17116K->17116K(18432K), 0.0000100 secs]68.728: [Tenured: 32901K->24350K(40960K), 0.0091300 secs] 50017K->24350K(59392K), [Perm : 6079K->6079K(21248K)], 0.0091870 secs] [Times: user=0.01 sys=0.00, real=0.01 secs] 
68.738: Total time for which application threads were stopped: 0.0100650 seconds, Stopping threads took: 0.0008070 seconds
68.742: Application time: 0.0040930 seconds
68.742: [GC68.742: [ParNew: 15683K->1425K(18432K), 0.0010350 secs] 40034K->27913K(59392K), 0.0010700 secs] [Times: user=0.01 sys=0.00, real=0.00 secs] 
68.743: Total time for which application threads were stopped: 0.0015770 seconds, Stopping threads took: 0.0004430 seconds
68.747: Application time: 0.0039500 seconds
68.748: [GC68.748: [ParNew: 17329K->1474K(18432K), 0.0019470 secs] 43817K->32238K(59392K), 0.0019870 secs] [Times: user=0.01 sys=0.00, real=0.00 secs] 
68.750: Total time for which application threads were stopped: 0.0023670 seconds, Stopping threads took: 0.0003130 seconds
68.753: Application time: 0.0033680 seconds
68.753: [GC68.753: [ParNew: 17429K->17429K(18432K), 0.0000090 secs]68.753: [Tenured: 30764K->22962K(40960K), 0.0087870 secs] 48194K->22962K(59392K), [Perm : 6079K->6079K(21248K)], 0.0088470 secs] [Times: user=0.01 sys=0.00, real=0.02 secs] 
68.762: Total time for which application threads were stopped: 0.0090190 seconds, Stopping threads took: 0.0000800 seconds
68.766: Application time: 0.0037050 seconds
68.766: [GC68.766: [ParNew: 15782K->1440K(18432K), 0.0009460 secs] 38744K->25827K(59392K), 0.0009760 secs] [Times: user=0.01 sys=0.00, real=0.00 secs] 
68.767: Total time for which application threads were stopped: 0.0011530 seconds, Stopping threads took: 0.0001150 seconds
68.771: Application time: 0.0040380 seconds
68.771: [GC68.771: [ParNew: 17282K->1444K(18432K), 0.0009050 secs] 41670K->27266K(59392K), 0.0009390 secs] [Times: user=0.01 sys=0.00, real=0.00 secs] 
68.772: Total time for which application threads were stopped: 0.0011000 seconds, Stopping threads took: 0.0001010 seconds
68.776: Application time: 0.0041490 seconds
68.776: [GC68.776: [ParNew: 17153K->1439K(18432K), 0.0016380 secs] 42975K->30856K(59392K), 0.0016730 secs] [Times: user=0.01 sys=0.00, real=0.00 secs] 
68.778: Total time for which application threads were stopped: 0.0019420 seconds, Stopping threads took: 0.0002070 seconds
68.782: Application time: 0.0036850 seconds
68.782: [GC68.782: [ParNew: 17119K->1425K(18432K), 0.0012230 secs] 46536K->33027K(59392K), 0.0012550 secs] [Times: user=0.01 sys=0.00, real=0.00 secs] 
68.783: Total time for which application threads were stopped: 0.0014680 seconds, Stopping threads took: 0.0001450 seconds
68.788: Application time: 0.0048840 seconds
68.789: [GC68.789: [ParNew: 17112K->1439K(18432K), 0.0009210 secs] 48715K->34466K(59392K), 0.0009510 secs] [Times: user=0.01 sys=0.00, real=0.00 secs] 
68.790: Total time for which application threads were stopped: 0.0014350 seconds, Stopping threads took: 0.0004240 seconds
68.808: Application time: 0.0186960 seconds
68.808: [GC68.808: [ParNew: 17126K->17126K(18432K), 0.0000100 secs]68.808: [Tenured: 33027K->24350K(40960K), 0.0102440 secs] 50154K->24350K(59392K), [Perm : 6079K->6079K(21248K)], 0.0102980 secs] [Times: user=0.01 sys=0.00, real=0.01 secs] 
68.819: Total time for which application threads were stopped: 0.0104310 seconds, Stopping threads took: 0.0000660 seconds
68.823: Application time: 0.0042060 seconds
68.823: [GC68.823: [ParNew: 15677K->712K(18432K), 0.0004750 secs] 40027K->25063K(59392K), 0.0005020 secs] [Times: user=0.01 sys=0.00, real=0.00 secs] 
68.824: Total time for which application threads were stopped: 0.0007080 seconds, Stopping threads took: 0.0001500 seconds
68.831: Application time: 0.0071600 seconds
68.831: [GC68.831: [ParNew: 16398K->1437K(18432K), 0.0007470 secs] 40749K->26500K(59392K), 0.0007750 secs] [Times: user=0.01 sys=0.00, real=0.00 secs] 
68.832: Total time for which application threads were stopped: 0.0009090 seconds, Stopping threads took: 0.0000750 seconds
68.838: Application time: 0.0065130 seconds
68.838: [GC68.838: [ParNew: 17117K->1427K(18432K), 0.0010070 secs] 42180K->28667K(59392K), 0.0010370 secs] [Times: user=0.01 sys=0.00, real=0.00 secs] 
68.839: Total time for which application threads were stopped: 0.0011650 seconds, Stopping threads took: 0.0000730 seconds
68.846: Application time: 0.0065390 seconds
68.846: [GC68.846: [ParNew: 17543K->1470K(18432K), 0.0011740 secs] 44784K->30848K(59392K), 0.0012030 secs] [Times: user=0.01 sys=0.00, real=0.00 secs] 
68.847: Total time for which application threads were stopped: 0.0013590 seconds, Stopping threads took: 0.0001000 seconds
68.853: Application time: 0.0051740 seconds
68.853: [GC68.853: [ParNew: 17325K->1444K(18432K), 0.0010510 secs] 46703K->32311K(59392K), 0.0010830 secs] [Times: user=0.01 sys=0.00, real=0.00 secs] 
68.854: Total time for which application threads were stopped: 0.0012180 seconds, Stopping threads took: 0.0000740 seconds
68.858: Application time: 0.0041990 seconds
68.858: [GC68.858: [ParNew: 17272K->1431K(18432K), 0.0007550 secs] 48139K->33043K(59392K), 0.0007840 secs] [Times: user=0.00 sys=0.00, real=0.00 secs] 
68.859: Total time for which application threads were stopped: 0.0009310 seconds, Stopping threads took: 0.0000870 seconds
68.864: Application time: 0.0052310 seconds
68.864: [GC68.864: [ParNew: 17127K->1437K(18432K), 0.0013260 secs] 48739K->35899K(59392K), 0.0013650 secs] [Times: user=0.01 sys=0.00, real=0.00 secs] 
68.866: Total time for which application threads were stopped: 0.0014980 seconds, Stopping threads took: 0.0000750 seconds
68.874: Application time: 0.0081150 seconds
68.874: [GC68.874: [ParNew: 17116K->1427K(18432K), 0.0014550 secs] 51578K->38787K(59392K), 0.0014890 secs] [Times: user=0.01 sys=0.00, real=0.01 secs] 
68.875: Total time for which application threads were stopped: 0.0016400 seconds, Stopping threads took: 0.0000890 seconds
68.881: Application time: 0.0056280 seconds
68.881: [GC68.881: [ParNew: 17112K->17112K(18432K), 0.0000110 secs]68.881: [Tenured: 37360K->25092K(40960K), 0.0095470 secs] 54472K->25092K(59392K), [Perm : 6079K->6079K(21248K)], 0.0096020 secs] [Times: user=0.01 sys=0.00, real=0.01 secs] 
68.891: Total time for which application threads were stopped: 0.0097520 seconds, Stopping threads took: 0.0000820 seconds
68.897: Application time: 0.0059890 seconds
68.897: [GC68.897: [ParNew: 15685K->724K(18432K), 0.0005040 secs] 40777K->25816K(59392K), 0.0005310 secs] [Times: user=0.00 sys=0.00, real=0.00 secs] 
68.898: Total time for which application threads were stopped: 0.0007820 seconds, Stopping threads took: 0.0001960 seconds
68.903: Application time: 0.0057520 seconds
68.903: [GC68.903: [ParNew: 16408K->1437K(18432K), 0.0023690 secs] 41500K->32229K(59392K), 0.0024040 secs] [Times: user=0.02 sys=0.00, real=0.00 secs] 
68.906: Total time for which application threads were stopped: 0.0026090 seconds, Stopping threads took: 0.0001220 seconds
68.913: Application time: 0.0071340 seconds
68.913: [GC68.913: [ParNew: 17118K->1427K(18432K), 0.0015580 secs] 47910K->35109K(59392K), 0.0015950 secs] [Times: user=0.01 sys=0.00, real=0.01 secs] 
68.915: Total time for which application threads were stopped: 0.0017590 seconds, Stopping threads took: 0.0001000 seconds
68.924: Application time: 0.0089000 seconds
68.924: [GC68.924: [ParNew: 17116K->1435K(18432K), 0.0010110 secs] 50799K->36543K(59392K), 0.0010410 secs] [Times: user=0.01 sys=0.00, real=0.00 secs] 
68.925: Total time for which application threads were stopped: 0.0011890 seconds, Stopping threads took: 0.0000900 seconds
68.929: Application time: 0.0039480 seconds
68.929: [GC68.929: [ParNew: 17116K->17116K(18432K), 0.0000100 secs]68.929: [Tenured: 35107K->25092K(40960K), 0.0094420 secs] 52224K->25092K(59392K), [Perm : 6079K->6079K(21248K)], 0.0095010 secs] [Times: user=0.01 sys=0.00, real=0.01 secs] 
68.939: Total time for which application threads were stopped: 0.0099250 seconds, Stopping threads took: 0.0003550 seconds
68.948: Application time: 0.0093480 seconds
68.948: [GC68.948: [ParNew: 16382K->1474K(18432K), 0.0007110 secs] 41474K->27279K(59392K), 0.0007400 secs] [Times: user=0.01 sys=0.00, real=0.00 secs] 
68.949: Total time for which application threads were stopped: 0.0009020 seconds, Stopping threads took: 0.0001090 seconds
68.958: Application time: 0.0093890 seconds
68.959: [GC68.959: [ParNew: 17214K->1433K(18432K), 0.0018280 secs] 43019K->30880K(59392K), 0.0018650 secs] [Times: user=0.02 sys=0.00, real=0.00 secs] 
68.960: Total time for which application threads were stopped: 0.0020120 seconds, Stopping threads took: 0.0000830 seconds
68.969: Application time: 0.0082340 seconds
68.969: [GC68.969: [ParNew: 17116K->1433K(18432K), 0.0009810 secs] 46564K->32321K(59392K), 0.0010140 secs] [Times: user=0.01 sys=0.00, real=0.00 secs] 
68.970: Total time for which application threads were stopped: 0.0012010 seconds, Stopping threads took: 0.0001270 seconds
68.974: Application time: 0.0046270 seconds
68.975: [GC68.975: [ParNew: 17112K->1427K(18432K), 0.0011720 secs] 48001K->34485K(59392K), 0.0012040 secs] [Times: user=0.01 sys=0.00, real=0.00 secs] 
68.976: Total time for which application threads were stopped: 0.0013410 seconds, Stopping threads took: 0.0000760 seconds
68.983: Application time: 0.0068740 seconds
68.983: [GC68.983: [ParNew: 17115K->1437K(18432K), 0.0012860 secs] 50173K->37345K(59392K), 0.0013260 secs] [Times: user=0.01 sys=0.00, real=0.00 secs] 
68.984: Total time for which application threads were stopped: 0.0016160 seconds, Stopping threads took: 0.0002290 seconds
68.992: Application time: 0.0073390 seconds
68.992: [GC68.992: [ParNew: 17115K->17115K(18432K), 0.0000110 secs]68.992: [Tenured: 35908K->22953K(40960K), 0.0108680 secs] 53024K->22953K(59392K), [Perm : 6079K->6079K(21248K)], 0.0109250 secs] [Times: user=0.01 sys=0.00, real=0.02 secs] 
69.003: Total time for which application threads were stopped: 0.0110990 seconds, Stopping threads took: 0.0001030 seconds
69.009: Application time: 0.0058020 seconds
69.009: [GC69.009: [ParNew: 15683K->1427K(18432K), 0.0020330 secs] 38637K->28656K(59392K), 0.0020750 secs] [Times: user=0.01 sys=0.00, real=0.00 secs] 
69.011: Total time for which application threads were stopped: 0.0023570 seconds, Stopping threads took: 0.0001930 seconds
69.018: Application time: 0.0069840 seconds
69.018: [GC69.018: [ParNew: 17117K->1439K(18432K), 0.0019990 secs] 44347K->32943K(59392K), 0.0020400 secs] [Times: user=0.01 sys=0.00, real=0.00 secs] 
69.020: Total time for which application threads were stopped: 0.0022050 seconds, Stopping threads took: 0.0000910 seconds
69.024: Application time: 0.0041920 seconds
69.024: [GC69.024: [ParNew: 17118K->712K(18432K), 0.0007140 secs] 48623K->32953K(59392K), 0.0007450 secs] [Times: user=0.01 sys=0.00, real=0.00 secs] 
69.025: Total time for which application threads were stopped: 0.0009150 seconds, Stopping threads took: 0.0001130 seconds
69.065: Application time: 0.0401360 seconds
69.065: [GC69.065: [ParNew: 16404K->1435K(18432K), 0.0021030 secs] 48645K->39376K(59392K), 0.0021410 secs] [Times: user=0.01 sys=0.00, real=0.00 secs] 
69.068: Total time for which application threads were stopped: 0.0022750 seconds, Stopping threads took: 0.0000600 seconds
69.124: Application time: 0.0558840 seconds
69.124: [GC69.124: [ParNew: 17126K->17126K(18432K), 0.0000100 secs]69.124: [Tenured: 37941K->24350K(40960K), 0.0103000 secs] 55068K->24350K(59392K), [Perm : 6079K->6079K(21248K)], 0.0103580 secs] [Times: user=0.01 sys=0.00, real=0.00 secs] 
69.134: Total time for which application threads were stopped: 0.0105090 seconds, Stopping threads took: 0.0000740 seconds
69.208: Application time: 0.0738690 seconds
69.208: [GC69.208: [ParNew: 15691K->1427K(18432K), 0.0043520 secs] 40041K->39315K(59392K), 0.0043970 secs] [Times: user=0.04 sys=0.00, real=0.00 secs] 
69.212: Total time for which application threads were stopped: 0.0045590 seconds, Stopping threads took: 0.0000960 seconds
69.278: Application time: 0.0657160 seconds
69.278: [GC69.278: [ParNew: 17118K->17118K(18432K), 0.0000100 secs]69.278: [Tenured: 37888K->24350K(40960K), 0.0100860 secs] 55006K->24350K(59392K), [Perm : 6079K->6079K(21248K)], 0.0101450 secs] [Times: user=0.01 sys=0.00, real=0.01 secs] 
69.289: Total time for which application threads were stopped: 0.0103280 seconds, Stopping threads took: 0.0001130 seconds
69.360: Application time: 0.0713840 seconds
69.360: [GC69.360: [ParNew: 15700K->1431K(18432K), 0.0045170 secs] 40050K->40031K(59392K), 0.0045610 secs] [Times: user=0.03 sys=0.00, real=0.01 secs] 
69.365: Total time for which application threads were stopped: 0.0046920 seconds, Stopping threads took: 0.0000630 seconds
69.439: Application time: 0.0739560 seconds
69.439: [GC69.439: [ParNew: 17122K->17122K(18432K), 0.0000110 secs]69.439: [Tenured: 38600K->25776K(40960K), 0.0100350 secs] 55723K->25776K(59392K), [Perm : 6079K->6079K(21248K)], 0.0100970 secs] [Times: user=0.01 sys=0.00, real=0.01 secs] 
69.449: Total time for which application threads were stopped: 0.0102340 seconds, Stopping threads took: 0.0000680 seconds
69.505: Application time: 0.0558630 seconds
69.505: [GC69.505: [ParNew: 15700K->1431K(18432K), 0.0045320 secs] 41476K->41457K(59392K), 0.0045750 secs] [Times: user=0.04 sys=0.00, real=0.00 secs] 
69.509: Total time for which application threads were stopped: 0.0047340 seconds, Stopping threads took: 0.0000950 seconds
69.578: Application time: 0.0688390 seconds
69.578: [GC69.578: [ParNew: 17122K->17122K(18432K), 0.0000120 secs]69.578: [Tenured: 40026K->26489K(40960K), 0.0102680 secs] 57149K->26489K(59392K), [Perm : 6079K->6079K(21248K)], 0.0103360 secs] [Times: user=0.01 sys=0.00, real=0.01 secs] 
69.589: Total time for which application threads were stopped: 0.0105010 seconds, Stopping threads took: 0.0000820 seconds
69.663: Application time: 0.0738920 seconds
69.663: [GC69.663: [ParNew: 15691K->15691K(18432K), 0.0000100 secs]69.663: [Tenured: 26489K->25775K(40960K), 0.0110780 secs] 42181K->25775K(59392K), [Perm : 6079K->6079K(21248K)], 0.0111360 secs] [Times: user=0.01 sys=0.00, real=0.00 secs] 
69.674: Total time for which application threads were stopped: 0.0112770 seconds, Stopping threads took: 0.0000730 seconds
69.748: Application time: 0.0737700 seconds
69.748: [GC69.748: [ParNew: 15700K->15700K(18432K), 0.0000100 secs]69.748: [Tenured: 25775K->26488K(40960K), 0.0096310 secs] 41475K->26488K(59392K), [Perm : 6079K->6079K(21248K)], 0.0096910 secs] [Times: user=0.01 sys=0.00, real=0.01 secs] 
69.758: Total time for which application threads were stopped: 0.0098440 seconds, Stopping threads took: 0.0000850 seconds
69.829: Application time: 0.0714780 seconds
69.829: [GC69.829: [ParNew: 15691K->15691K(18432K), 0.0000100 secs]69.829: [Tenured: 26488K->27913K(40960K), 0.0093710 secs] 42180K->27913K(59392K), [Perm : 6079K->6079K(21248K)], 0.0094290 secs] [Times: user=0.01 sys=0.00, real=0.01 secs] 
69.839: Total time for which application threads were stopped: 0.0095890 seconds, Stopping threads took: 0.0000830 seconds
69.913: Application time: 0.0740300 seconds
69.913: [GC69.913: [ParNew: 15717K->15717K(18432K), 0.0000110 secs]69.913: [Tenured: 27913K->27916K(40960K), 0.0099520 secs] 43631K->27916K(59392K), [Perm : 6079K->6079K(21248K)], 0.0100130 secs] [Times: user=0.01 sys=0.00, real=0.02 secs] 
69.923: Total time for which application threads were stopped: 0.0101520 seconds, Stopping threads took: 0.0000720 seconds
69.976: Application time: 0.0537060 seconds
69.977: [GC69.977: [ParNew: 15700K->15700K(18432K), 0.0000100 secs]69.977: [Tenured: 27916K->27912K(40960K), 0.0104430 secs] 43616K->27912K(59392K), [Perm : 6079K->6079K(21248K)], 0.0105010 secs] [Times: user=0.01 sys=0.00, real=0.01 secs] 
69.987: Total time for which application threads were stopped: 0.0106370 seconds, Stopping threads took: 0.0000690 seconds
70.047: Application time: 0.0600170 seconds
70.047: [GC70.047: [ParNew: 15700K->15700K(18432K), 0.0000110 secs]70.047: [Tenured: 27912K->29338K(40960K), 0.0101230 secs] 43613K->29338K(59392K), [Perm : 6079K->6079K(21248K)], 0.0101850 secs] [Times: user=0.01 sys=0.00, real=0.01 secs] 
70.057: Total time for which application threads were stopped: 0.0103340 seconds, Stopping threads took: 0.0000790 seconds
70.132: Application time: 0.0740710 seconds
70.132: [GC70.132: [ParNew: 15691K->15691K(18432K), 0.0000100 secs]70.132: [Tenured: 29338K->30051K(40960K), 0.0106660 secs] 45030K->30051K(59392K), [Perm : 6079K->6079K(21248K)], 0.0107270 secs] [Times: user=0.01 sys=0.00, real=0.02 secs] 
70.142: Total time for which application threads were stopped: 0.0109190 seconds, Stopping threads took: 0.0001110 seconds
70.207: Application time: 0.0641570 seconds
70.207: [GC70.207: [ParNew: 15691K->15691K(18432K), 0.0000090 secs]70.207: [Tenured: 30051K->29338K(40960K), 0.0088410 secs] 45742K->29338K(59392K), [Perm : 6079K->6079K(21248K)], 0.0089010 secs] [Times: user=0.01 sys=0.00, real=0.01 secs] 
70.216: Total time for which application threads were stopped: 0.0090310 seconds, Stopping threads took: 0.0000620 seconds
70.290: Application time: 0.0747240 seconds
70.291: [GC70.291: [ParNew: 15691K->15691K(18432K), 0.0014460 secs]70.292: [Tenured: 29338K->27912K(40960K), 0.0096630 secs] 45030K->27912K(59392K), [Perm : 6079K->6079K(21248K)], 0.0111710 secs] [Times: user=0.01 sys=0.00, real=0.01 secs] 
70.302: Total time for which application threads were stopped: 0.0113280 seconds, Stopping threads took: 0.0000880 seconds
70.357: Application time: 0.0552390 seconds
70.357: [GC70.357: [ParNew: 15699K->15699K(18432K), 0.0000100 secs]70.357: [Tenured: 27912K->30051K(40960K), 0.0090350 secs] 43612K->30051K(59392K), [Perm : 6079K->6079K(21248K)], 0.0090990 secs] [Times: user=0.01 sys=0.00, real=0.01 secs] 
70.366: Total time for which application threads were stopped: 0.0092440 seconds, Stopping threads took: 0.0000780 seconds
70.440: Application time: 0.0736680 seconds
70.440: [GC70.440: [ParNew: 15689K->15689K(18432K), 0.0000100 secs]70.440: [Tenured: 30051K->30051K(40960K), 0.0092710 secs] 45741K->30051K(59392K), [Perm : 6079K->6079K(21248K)], 0.0093320 secs] [Times: user=0.01 sys=0.00, real=0.01 secs] 
70.449: Total time for which application threads were stopped: 0.0094700 seconds, Stopping threads took: 0.0000650 seconds
70.515: Application time: 0.0659890 seconds
70.515: [GC70.516: [ParNew: 15697K->15697K(18432K), 0.0000110 secs]70.516: [Tenured: 30051K->29338K(40960K), 0.0117040 secs] 45749K->29338K(59392K), [Perm : 6079K->6079K(21248K)], 0.0117650 secs] [Times: user=0.01 sys=0.00, real=0.01 secs] 
70.527: Total time for which application threads were stopped: 0.0119490 seconds, Stopping threads took: 0.0001120 seconds
70.600: Application time: 0.0727420 seconds
70.600: [GC70.600: [ParNew: 15689K->15689K(18432K), 0.0000100 secs]70.600: [Tenured: 29338K->27913K(40960K), 0.0108640 secs] 45027K->27913K(59392K), [Perm : 6079K->6079K(21248K)], 0.0109220 secs] [Times: user=0.01 sys=0.00, real=0.01 secs] 
70.611: Total time for which application threads were stopped: 0.0110540 seconds, Stopping threads took: 0.0000630 seconds
70.664: Application time: 0.0527130 seconds
70.664: [GC70.664: [ParNew: 15691K->1427K(18432K), 0.0043600 secs] 43604K->42165K(59392K), 0.0044030 secs] [Times: user=0.03 sys=0.00, real=0.00 secs] 
70.668: Total time for which application threads were stopped: 0.0046200 seconds, Stopping threads took: 0.0001180 seconds
70.730: Application time: 0.0614920 seconds
70.730: [GC70.730: [ParNew: 17116K->17116K(18432K), 0.0000100 secs]70.730: [Tenured: 40738K->28625K(40960K), 0.0092370 secs] 57855K->28625K(59392K), [Perm : 6079K->6079K(21248K)], 0.0092930 secs] [Times: user=0.01 sys=0.00, real=0.01 secs] 
70.739: Total time for which application threads were stopped: 0.0094920 seconds, Stopping threads took: 0.0001330 seconds
70.805: Application time: 0.0658960 seconds
70.805: [GC70.805: [ParNew: 15700K->15700K(18432K), 0.0000100 secs]70.805: [Tenured: 28625K->27914K(40960K), 0.0106040 secs] 44325K->27914K(59392K), [Perm : 6079K->6079K(21248K)], 0.0106620 secs] [Times: user=0.01 sys=0.00, real=0.01 secs] 
70.816: Total time for which application threads were stopped: 0.0108420 seconds, Stopping threads took: 0.0001140 seconds
70.873: Application time: 0.0564610 seconds
70.873: [GC70.873: [ParNew: 15706K->15706K(18432K), 0.0000110 secs]70.873: [Tenured: 27914K->25063K(40960K), 0.0117500 secs] 43620K->25063K(59392K), [Perm : 6079K->6079K(21248K)], 0.0118120 secs] [Times: user=0.01 sys=0.00, real=0.02 secs] 
70.885: Total time for which application threads were stopped: 0.0120520 seconds, Stopping threads took: 0.0001480 seconds
70.947: Application time: 0.0622770 seconds
70.947: [GC70.947: [ParNew: 15698K->1435K(18432K), 0.0039560 secs] 40761K->37899K(59392K), 0.0039980 secs] [Times: user=0.03 sys=0.00, real=0.00 secs] 
70.951: Total time for which application threads were stopped: 0.0041190 seconds, Stopping threads took: 0.0000560 seconds
70.990: Application time: 0.0390290 seconds
70.990: [GC70.990: [ParNew: 17133K->17133K(18432K), 0.0000090 secs]70.990: [Tenured: 36463K->23638K(40960K), 0.0100330 secs] 53597K->23638K(59392K), [Perm : 6079K->6079K(21248K)], 0.0100890 secs] [Times: user=0.01 sys=0.00, real=0.01 secs] 
71.000: Total time for which application threads were stopped: 0.0102230 seconds, Stopping threads took: 0.0000670 seconds
71.056: Application time: 0.0552380 seconds
71.056: [GC71.056: [ParNew: 15688K->1425K(18432K), 0.0035960 secs] 39326K->35751K(59392K), 0.0036400 secs] [Times: user=0.03 sys=0.00, real=0.00 secs] 
71.059: Total time for which application threads were stopped: 0.0037780 seconds, Stopping threads took: 0.0000690 seconds
71.115: Application time: 0.0555620 seconds
71.115: [GC71.115: [ParNew: 17121K->17121K(18432K), 0.0000110 secs]71.115: [Tenured: 34326K->25064K(40960K), 0.0102230 secs] 51447K->25064K(59392K), [Perm : 6079K->6079K(21248K)], 0.0102930 secs] [Times: user=0.02 sys=0.00, real=0.01 secs] 
71.125: Total time for which application threads were stopped: 0.0104340 seconds, Stopping threads took: 0.0000710 seconds
71.162: Application time: 0.0364320 seconds
71.162: [GC71.162: [ParNew: 15688K->1425K(18432K), 0.0037060 secs] 40752K->37177K(59392K), 0.0037490 secs] [Times: user=0.02 sys=0.00, real=0.01 secs] 
71.166: Total time for which application threads were stopped: 0.0039110 seconds, Stopping threads took: 0.0000970 seconds
71.232: Application time: 0.0662220 seconds
71.232: [GC71.232: [ParNew: 17113K->17113K(18432K), 0.0000100 secs]71.232: [Tenured: 35752K->25777K(40960K), 0.0098960 secs] 52866K->25777K(59392K), [Perm : 6079K->6079K(21248K)], 0.0099570 secs] [Times: user=0.01 sys=0.00, real=0.01 secs] 
71.242: Total time for which application threads were stopped: 0.0101190 seconds, Stopping threads took: 0.0000730 seconds
71.288: Application time: 0.0463010 seconds
71.288: [GC71.288: [ParNew: 15688K->15688K(18432K), 0.0000100 secs]71.288: [Tenured: 25777K->25777K(40960K), 0.0098950 secs] 41465K->25777K(59392K), [Perm : 6079K->6079K(21248K)], 0.0099530 secs] [Times: user=0.01 sys=0.00, real=0.01 secs] 
71.298: Total time for which application threads were stopped: 0.0100970 seconds, Stopping threads took: 0.0000760 seconds
71.356: Application time: 0.0577760 seconds
71.356: [GC71.356: [ParNew: 15688K->15688K(18432K), 0.0000100 secs]71.356: [Tenured: 25777K->24351K(40960K), 0.0109140 secs] 41465K->24351K(59392K), [Perm : 6079K->6079K(21248K)], 0.0109740 secs] [Times: user=0.01 sys=0.00, real=0.01 secs] 
71.367: Total time for which application threads were stopped: 0.0111180 seconds, Stopping threads took: 0.0000720 seconds
71.411: Application time: 0.0440840 seconds
71.412: [GC71.412: [ParNew: 15697K->1433K(18432K), 0.0037760 secs] 40048K->36473K(59392K), 0.0038190 secs] [Times: user=0.02 sys=0.00, real=0.01 secs] 
71.415: Total time for which application threads were stopped: 0.0040010 seconds, Stopping threads took: 0.0001160 seconds
71.467: Application time: 0.0511200 seconds
71.467: [GC71.467: [ParNew: 17121K->17121K(18432K), 0.0000100 secs]71.467: [Tenured: 35040K->24352K(40960K), 0.0099200 secs] 52162K->24352K(59392K), [Perm : 6079K->6079K(21248K)], 0.0099790 secs] [Times: user=0.01 sys=0.00, real=0.01 secs] 
71.477: Total time for which application threads were stopped: 0.0102190 seconds, Stopping threads took: 0.0001500 seconds
71.531: Application time: 0.0542870 seconds
71.531: [GC71.531: [ParNew: 15697K->1431K(18432K), 0.0038370 secs] 40050K->36472K(59392K), 0.0038790 secs] [Times: user=0.02 sys=0.00, real=0.01 secs] 
71.535: Total time for which application threads were stopped: 0.0040070 seconds, Stopping threads took: 0.0000610 seconds
71.588: Application time: 0.0529470 seconds
71.588: [GC71.588: [ParNew: 17120K->17120K(18432K), 0.0000100 secs]71.588: [Tenured: 35041K->25066K(40960K), 0.0092850 secs] 52161K->25066K(59392K), [Perm : 6079K->6079K(21248K)], 0.0093460 secs] [Times: user=0.01 sys=0.00, real=0.01 secs] 
71.597: Total time for which application threads were stopped: 0.0094780 seconds, Stopping threads took: 0.0000630 seconds
71.639: Application time: 0.0413300 seconds
71.639: [GC71.639: [ParNew: 15689K->1425K(18432K), 0.0037480 secs] 40755K->37180K(59392K), 0.0037900 secs] [Times: user=0.03 sys=0.00, real=0.01 secs] 
71.643: Total time for which application threads were stopped: 0.0039200 seconds, Stopping threads took: 0.0000640 seconds
71.707: Application time: 0.0643170 seconds
71.707: [GC71.707: [ParNew: 17114K->17114K(18432K), 0.0000100 secs]71.707: [Tenured: 35755K->25779K(40960K), 0.0101320 secs] 52869K->25779K(59392K), [Perm : 6079K->6079K(21248K)], 0.0101920 secs] [Times: user=0.01 sys=0.00, real=0.01 secs] 
71.717: Total time for which application threads were stopped: 0.0103330 seconds, Stopping threads took: 0.0000620 seconds
71.763: Application time: 0.0454160 seconds
71.763: [GC71.763: [ParNew: 15689K->15689K(18432K), 0.0000110 secs]71.763: [Tenured: 25779K->25777K(40960K), 0.0105880 secs] 41468K->25777K(59392K), [Perm : 6079K->6079K(21248K)], 0.0106470 secs] [Times: user=0.01 sys=0.00, real=0.00 secs] 
71.774: Total time for which application threads were stopped: 0.0108130 seconds, Stopping threads took: 0.0000890 seconds
71.821: Application time: 0.0475160 seconds
71.821: [GC71.821: [ParNew: 15697K->15697K(18432K), 0.0000110 secs]71.821: [Tenured: 25777K->25778K(40960K), 0.0092030 secs] 41475K->25778K(59392K), [Perm : 6079K->6079K(21248K)], 0.0092610 secs] [Times: user=0.00 sys=0.00, real=0.01 secs] 
71.831: Total time for which application threads were stopped: 0.0094190 seconds, Stopping threads took: 0.0000800 seconds
71.889: Application time: 0.0586830 seconds
71.889: [GC71.889: [ParNew: 15689K->15689K(18432K), 0.0000100 secs]71.889: [Tenured: 25778K->26491K(40960K), 0.0101950 secs] 41467K->26491K(59392K), [Perm : 6079K->6079K(21248K)], 0.0102570 secs] [Times: user=0.01 sys=0.00, real=0.01 secs] 
71.900: Total time for which application threads were stopped: 0.0103900 seconds, Stopping threads took: 0.0000620 seconds
71.951: Application time: 0.0509450 seconds
71.951: [GC71.951: [ParNew: 15705K->15705K(18432K), 0.0000100 secs]71.951: [Tenured: 26491K->26492K(40960K), 0.0093660 secs] 42197K->26492K(59392K), [Perm : 6079K->6079K(21248K)], 0.0094250 secs] [Times: user=0.01 sys=0.00, real=0.01 secs] 
71.960: Total time for which application threads were stopped: 0.0096040 seconds, Stopping threads took: 0.0001110 seconds
71.998: Application time: 0.0375840 seconds
71.998: [GC71.998: [ParNew: 15697K->15697K(18432K), 0.0000110 secs]71.998: [Tenured: 26492K->27915K(40960K), 0.0113320 secs] 42190K->27915K(59392K), [Perm : 6079K->6079K(21248K)], 0.0113930 secs] [Times: user=0.01 sys=0.00, real=0.01 secs] 
72.009: Total time for which application threads were stopped: 0.0115630 seconds, Stopping threads took: 0.0000980 seconds
72.072: Application time: 0.0622780 seconds
72.072: [GC72.072: [ParNew: 15697K->15697K(18432K), 0.0000100 secs]72.072: [Tenured: 27915K->28628K(40960K), 0.0093610 secs] 43612K->28628K(59392K), [Perm : 6079K->6079K(21248K)], 0.0094180 secs] [Times: user=0.01 sys=0.00, real=0.01 secs] 
72.081: Total time for which application threads were stopped: 0.0095550 seconds, Stopping threads took: 0.0000690 seconds
72.132: Application time: 0.0508710 seconds
72.132: [GC72.132: [ParNew: 15697K->15697K(18432K), 0.0000110 secs]72.132: [Tenured: 28628K->29341K(40960K), 0.0102430 secs] 44326K->29341K(59392K), [Perm : 6079K->6079K(21248K)], 0.0103040 secs] [Times: user=0.01 sys=0.00, real=0.02 secs] 
72.143: Total time for which application threads were stopped: 0.0104410 seconds, Stopping threads took: 0.0000650 seconds
72.193: Application time: 0.0500250 seconds
72.193: [GC72.193: [ParNew: 15688K->15688K(18432K), 0.0000090 secs]72.193: [Tenured: 29341K->29341K(40960K), 0.0092310 secs] 45030K->29341K(59392K), [Perm : 6079K->6079K(21248K)], 0.0092910 secs] [Times: user=0.01 sys=0.00, real=0.01 secs] 
72.202: Total time for which application threads were stopped: 0.0094270 seconds, Stopping threads took: 0.0000690 seconds
72.250: Application time: 0.0479440 seconds
72.250: [GC72.250: [ParNew: 15688K->15688K(18432K), 0.0000100 secs]72.250: [Tenured: 29341K->30052K(40960K), 0.0104360 secs] 45030K->30052K(59392K), [Perm : 6079K->6079K(21248K)], 0.0105000 secs] [Times: user=0.00 sys=0.00, real=0.01 secs] 
72.261: Total time for which application threads were stopped: 0.0106420 seconds, Stopping threads took: 0.0000760 seconds
72.334: Application time: 0.0731750 seconds
72.334: [GC72.334: [ParNew: 15688K->15688K(18432K), 0.0000100 secs]72.334: [Tenured: 30052K->30052K(40960K), 0.0098560 secs] 45741K->30052K(59392K), [Perm : 6079K->6079K(21248K)], 0.0099150 secs] [Times: user=0.01 sys=0.00, real=0.02 secs] 
72.344: Total time for which application threads were stopped: 0.0100550 seconds, Stopping threads took: 0.0000540 seconds
72.371: Application time: 0.0273920 seconds
72.371: [GC72.371: [ParNew: 15688K->15688K(18432K), 0.0000100 secs]72.371: [Tenured: 30052K->30052K(40960K), 0.0100910 secs] 45741K->30052K(59392K), [Perm : 6079K->6079K(21248K)], 0.0101520 secs] [Times: user=0.01 sys=0.00, real=0.01 secs] 
72.382: Total time for which application threads were stopped: 0.0104310 seconds, Stopping threads took: 0.0001890 seconds
72.436: Application time: 0.0544890 seconds
72.436: [GC72.436: [ParNew: 15688K->15688K(18432K), 0.0000110 secs]72.436: [Tenured: 30052K->30052K(40960K), 0.0109080 secs] 45740K->30052K(59392K), [Perm : 6079K->6079K(21248K)], 0.0109710 secs] [Times: user=0.01 sys=0.00, real=0.01 secs] 
72.447: Total time for which application threads were stopped: 0.0111900 seconds, Stopping threads took: 0.0001290 seconds
72.470: Application time: 0.0225590 seconds
72.470: [GC72.470: [ParNew: 15723K->15723K(18432K), 0.0000110 secs]72.470: [Tenured: 30052K->29339K(40960K), 0.0119910 secs] 45775K->29339K(59392K), [Perm : 6079K->6079K(21248K)], 0.0120660 secs] [Times: user=0.00 sys=0.01, real=0.02 secs] 
72.482: Total time for which application threads were stopped: 0.0122310 seconds, Stopping threads took: 0.0000900 seconds
72.491: Application time: 0.0087590 seconds
72.491: [GC72.491: [ParNew: 15677K->15677K(18432K), 0.0000110 secs]72.491: [Tenured: 29339K->29339K(40960K), 0.0075430 secs] 45017K->29339K(59392K), [Perm : 6079K->6079K(21248K)], 0.0075980 secs] [Times: user=0.01 sys=0.00, real=0.01 secs] 
72.499: Total time for which application threads were stopped: 0.0078200 seconds, Stopping threads took: 0.0001380 seconds
72.504: Application time: 0.0048940 seconds
72.504: [GC72.504: [ParNew: 15685K->15685K(18432K), 0.0000110 secs]72.504: [Tenured: 29339K->29339K(40960K), 0.0097350 secs] 45025K->29339K(59392K), [Perm : 6079K->6079K(21248K)], 0.0097990 secs] [Times: user=0.01 sys=0.00, real=0.00 secs] 
72.514: Total time for which application threads were stopped: 0.0099450 seconds, Stopping threads took: 0.0000720 seconds
72.519: Application time: 0.0053640 seconds
72.519: [GC72.519: [ParNew: 15679K->15679K(18432K), 0.0000100 secs]72.519: [Tenured: 29339K->30051K(40960K), 0.0069430 secs] 45019K->30051K(59392K), [Perm : 6079K->6079K(21248K)], 0.0070000 secs] [Times: user=0.01 sys=0.00, real=0.01 secs] 
72.526: Total time for which application threads were stopped: 0.0075300 seconds, Stopping threads took: 0.0004460 seconds
72.534: Application time: 0.0076530 seconds
72.534: [GC72.534: [ParNew: 15688K->15688K(18432K), 0.0000110 secs]72.534: [Tenured: 30051K->29339K(40960K), 0.0105680 secs] 45740K->29339K(59392K), [Perm : 6079K->6079K(21248K)], 0.0106310 secs] [Times: user=0.01 sys=0.00, real=0.01 secs] 
72.545: Total time for which application threads were stopped: 0.0108390 seconds, Stopping threads took: 0.0001130 seconds
72.552: Application time: 0.0068280 seconds
72.552: [GC72.552: [ParNew: 15679K->15679K(18432K), 0.0000110 secs]72.552: [Tenured: 29339K->30052K(40960K), 0.0059950 secs] 45019K->30052K(59392K), [Perm : 6079K->6079K(21248K)], 0.0060520 secs] [Times: user=0.01 sys=0.00, real=0.01 secs] 
72.558: Total time for which application threads were stopped: 0.0061960 seconds, Stopping threads took: 0.0000750 seconds
72.563: Application time: 0.0051510 seconds
72.563: [GC72.563: [ParNew: 15689K->15689K(18432K), 0.0000100 secs]72.563: [Tenured: 30052K->30053K(40960K), 0.0062360 secs] 45741K->30053K(59392K), [Perm : 6079K->6079K(21248K)], 0.0062950 secs] [Times: user=0.00 sys=0.00, real=0.00 secs] 
72.570: Total time for which application threads were stopped: 0.0064340 seconds, Stopping threads took: 0.0000690 seconds
72.574: Application time: 0.0041430 seconds
72.574: [GC72.574: [ParNew: 15679K->15679K(18432K), 0.0000090 secs]72.574: [Tenured: 30053K->30766K(40960K), 0.0065900 secs] 45732K->30766K(59392K), [Perm : 6079K->6079K(21248K)], 0.0066420 secs] [Times: user=0.00 sys=0.00, real=0.01 secs] 
72.580: Total time for which application threads were stopped: 0.0067970 seconds, Stopping threads took: 0.0000820 seconds
72.585: Application time: 0.0041080 seconds
72.585: [GC72.585: [ParNew: 15684K->15684K(18432K), 0.0000110 secs]72.585: [Tenured: 30766K->30052K(40960K), 0.0100760 secs] 46450K->30052K(59392K), [Perm : 6079K->6079K(21248K)], 0.0101450 secs] [Times: user=0.01 sys=0.00, real=0.01 secs] 
72.595: Total time for which application threads were stopped: 0.0102840 seconds, Stopping threads took: 0.0000680 seconds
72.643: Application time: 0.0485430 seconds
72.644: [GC72.644: [ParNew: 15735K->15735K(18432K), 0.0000090 secs]72.644: [Tenured: 30052K->28656K(40960K), 0.0092650 secs] 45788K->28656K(59392K), [Perm : 6079K->6079K(21248K)], 0.0093240 secs] [Times: user=0.00 sys=0.00, real=0.00 secs] 
72.653: Total time for which application threads were stopped: 0.0094770 seconds, Stopping threads took: 0.0000800 seconds
72.662: Application time: 0.0092170 seconds
72.662: [GC72.662: [ParNew: 15677K->15677K(18432K), 0.0000100 secs]72.662: [Tenured: 28656K->29368K(40960K), 0.0061830 secs] 44333K->29368K(59392K), [Perm : 6079K->6079K(21248K)], 0.0062420 secs] [Times: user=0.00 sys=0.00, real=0.00 secs] 
72.669: Total time for which application threads were stopped: 0.0064380 seconds, Stopping threads took: 0.0001180 seconds
72.675: Application time: 0.0067500 seconds
72.675: [GC72.675: [ParNew: 15683K->15683K(18432K), 0.0000100 secs]72.675: [Tenured: 29368K->29369K(40960K), 0.0060900 secs] 45052K->29369K(59392K), [Perm : 6079K->6079K(21248K)], 0.0061460 secs] [Times: user=0.00 sys=0.00, real=0.00 secs] 
72.682: Total time for which application threads were stopped: 0.0063010 seconds, Stopping threads took: 0.0000880 seconds
72.686: Application time: 0.0041050 seconds
72.686: [GC72.686: [ParNew: 15677K->15677K(18432K), 0.0000100 secs]72.686: [Tenured: 29369K->28626K(40960K), 0.0103650 secs] 45047K->28626K(59392K), [Perm : 6079K->6079K(21248K)], 0.0104240 secs] [Times: user=0.01 sys=0.00, real=0.01 secs] 
72.696: Total time for which application threads were stopped: 0.0105830 seconds, Stopping threads took: 0.0000860 seconds
72.702: Application time: 0.0057580 seconds
72.702: [GC72.702: [ParNew: 15692K->15692K(18432K), 0.0000100 secs]72.702: [Tenured: 28626K->27201K(40960K), 0.0092960 secs] 44319K->27201K(59392K), [Perm : 6079K->6079K(21248K)], 0.0093510 secs] [Times: user=0.01 sys=0.00, real=0.00 secs] 
72.712: Total time for which application threads were stopped: 0.0095010 seconds, Stopping threads took: 0.0000820 seconds
72.717: Application time: 0.0058730 seconds
72.718: [GC72.718: [ParNew: 15684K->15684K(18432K), 0.0000100 secs]72.718: [Tenured: 27201K->27201K(40960K), 0.0088510 secs] 42886K->27201K(59392K), [Perm : 6079K->6079K(21248K)], 0.0089100 secs] [Times: user=0.01 sys=0.00, real=0.01 secs] 
72.727: Total time for which application threads were stopped: 0.0091180 seconds, Stopping threads took: 0.0001380 seconds
72.733: Application time: 0.0068320 seconds
72.734: [GC72.734: [ParNew: 15681K->15681K(18432K), 0.0000100 secs]72.734: [Tenured: 27201K->30052K(40960K), 0.0064340 secs] 42883K->30052K(59392K), [Perm : 6079K->6079K(21248K)], 0.0064930 secs] [Times: user=0.01 sys=0.00, real=0.01 secs] 
72.740: Total time for which application threads were stopped: 0.0066410 seconds, Stopping threads took: 0.0000790 seconds
72.745: Application time: 0.0051590 seconds
72.745: [GC72.745: [ParNew: 15689K->15689K(18432K), 0.0000110 secs]72.745: [Tenured: 30052K->29339K(40960K), 0.0080700 secs] 45741K->29339K(59392K), [Perm : 6079K->6079K(21248K)], 0.0081320 secs] [Times: user=0.01 sys=0.00, real=0.00 secs] 
72.753: Total time for which application threads were stopped: 0.0082840 seconds, Stopping threads took: 0.0000780 seconds
72.758: Application time: 0.0042800 seconds
72.758: [GC72.758: [ParNew: 15679K->15679K(18432K), 0.0000110 secs]72.758: [Tenured: 29339K->30764K(40960K), 0.0074090 secs] 45019K->30764K(59392K), [Perm : 6079K->6079K(21248K)], 0.0074640 secs] [Times: user=0.00 sys=0.00, real=0.01 secs] 
72.766: Total time for which application threads were stopped: 0.0077830 seconds, Stopping threads took: 0.0002490 seconds
72.815: Application time: 0.0493370 seconds
72.815: [GC72.815: [ParNew: 15690K->15690K(18432K), 0.0000100 secs]72.815: [Tenured: 30764K->27914K(40960K), 0.0094320 secs] 46455K->27914K(59392K), [Perm : 6079K->6079K(21248K)], 0.0094980 secs] [Times: user=0.01 sys=0.00, real=0.01 secs] 
72.825: Total time for which application threads were stopped: 0.0097080 seconds, Stopping threads took: 0.0001230 seconds
72.853: Application time: 0.0280790 seconds
72.853: [GC72.853: [ParNew: 15687K->15687K(18432K), 0.0000100 secs]72.853: [Tenured: 27914K->27914K(40960K), 0.0093400 secs] 43602K->27914K(59392K), [Perm : 6079K->6079K(21248K)], 0.0093950 secs] [Times: user=0.01 sys=0.00, real=0.02 secs] 
72.862: Total time for which application threads were stopped: 0.0095310 seconds, Stopping threads took: 0.0000600 seconds
72.914: Application time: 0.0517770 seconds
72.914: [GC72.914: [ParNew: 15689K->15689K(18432K), 0.0000110 secs]72.914: [Tenured: 27914K->27201K(40960K), 0.0097040 secs] 43603K->27201K(59392K), [Perm : 6079K->6079K(21248K)], 0.0097650 secs] [Times: user=0.01 sys=0.00, real=0.01 secs] 
72.924: Total time for which application threads were stopped: 0.0099270 seconds, Stopping threads took: 0.0000910 seconds
72.996: Application time: 0.0724900 seconds
72.997: [GC72.997: [ParNew: 15691K->15691K(18432K), 0.0000090 secs]72.997: [Tenured: 27201K->26488K(40960K), 0.0087700 secs] 42893K->26488K(59392K), [Perm : 6079K->6079K(21248K)], 0.0088290 secs] [Times: user=0.00 sys=0.00, real=0.01 secs] 
73.006: Total time for which application threads were stopped: 0.0094700 seconds, Stopping threads took: 0.0005530 seconds
73.020: Application time: 0.0143160 seconds
73.020: [GC73.020: [ParNew: 15724K->15724K(18432K), 0.0000100 secs]73.020: [Tenured: 26488K->28655K(40960K), 0.0100570 secs] 42213K->28655K(59392K), [Perm : 6079K->6079K(21248K)], 0.0101150 secs] [Times: user=0.01 sys=0.00, real=0.01 secs] 
73.031: Total time for which application threads were stopped: 0.0103350 seconds, Stopping threads took: 0.0001330 seconds
73.039: Application time: 0.0084180 seconds
73.039: [GC73.039: [ParNew: 15677K->15677K(18432K), 0.0000100 secs]73.039: [Tenured: 28655K->29368K(40960K), 0.0069150 secs] 44333K->29368K(59392K), [Perm : 6079K->6079K(21248K)], 0.0069710 secs] [Times: user=0.01 sys=0.00, real=0.01 secs] 
73.046: Total time for which application threads were stopped: 0.0072040 seconds, Stopping threads took: 0.0001450 seconds
73.051: Application time: 0.0053400 seconds
73.052: [GC73.052: [ParNew: 15687K->15687K(18432K), 0.0000100 secs]73.052: [Tenured: 29368K->27201K(40960K), 0.0108190 secs] 45056K->27201K(59392K), [Perm : 6079K->6079K(21248K)], 0.0108770 secs] [Times: user=0.01 sys=0.00, real=0.02 secs] 
73.063: Total time for which application threads were stopped: 0.0110370 seconds, Stopping threads took: 0.0000910 seconds
73.067: Application time: 0.0041650 seconds
73.067: [GC73.067: [ParNew: 15679K->15679K(18432K), 0.0000100 secs]73.067: [Tenured: 27201K->30051K(40960K), 0.0064720 secs] 42880K->30051K(59392K), [Perm : 6079K->6079K(21248K)], 0.0065270 secs] [Times: user=0.00 sys=0.00, real=0.00 secs] 
73.073: Total time for which application threads were stopped: 0.0066690 seconds, Stopping threads took: 0.0000730 seconds
73.082: Application time: 0.0082310 seconds
73.082: [GC73.082: [ParNew: 15686K->15686K(18432K), 0.0000110 secs]73.082: [Tenured: 30051K->29340K(40960K), 0.0072360 secs] 45737K->29340K(59392K), [Perm : 6079K->6079K(21248K)], 0.0072940 secs] [Times: user=0.01 sys=0.00, real=0.01 secs] 
73.089: Total time for which application threads were stopped: 0.0074460 seconds, Stopping threads took: 0.0000840 seconds
73.108: Application time: 0.0191740 seconds
73.108: [GC73.108: [ParNew: 15681K->15681K(18432K), 0.0000090 secs]73.108: [Tenured: 29340K->28626K(40960K), 0.0077180 secs] 45021K->28626K(59392K), [Perm : 6079K->6079K(21248K)], 0.0077760 secs] [Times: user=0.01 sys=0.00, real=0.01 secs] 
73.116: Total time for which application threads were stopped: 0.0080330 seconds, Stopping threads took: 0.0001900 seconds
73.121: Application time: 0.0050610 seconds
73.122: [GC73.122: [ParNew: 15690K->15690K(18432K), 0.0000110 secs]73.122: [Tenured: 28626K->28626K(40960K), 0.0091280 secs] 44317K->28626K(59392K), [Perm : 6079K->6079K(21248K)], 0.0091970 secs] [Times: user=0.01 sys=0.00, real=0.01 secs] 
73.131: Total time for which application threads were stopped: 0.0094110 seconds, Stopping threads took: 0.0001450 seconds
73.135: Application time: 0.0039730 seconds
73.135: [GC73.135: [ParNew: 15679K->15679K(18432K), 0.0000100 secs]73.135: [Tenured: 28626K->30052K(40960K), 0.0059950 secs] 44306K->30052K(59392K), [Perm : 6079K->6079K(21248K)], 0.0060540 secs] [Times: user=0.01 sys=0.00, real=0.00 secs] 
73.141: Total time for which application threads were stopped: 0.0061940 seconds, Stopping threads took: 0.0000710 seconds
73.145: Application time: 0.0045950 seconds
73.146: [GC73.146: [ParNew: 15681K->15681K(18432K), 0.0000100 secs]73.146: [Tenured: 30052K->24350K(40960K), 0.0080650 secs] 45734K->24350K(59392K), [Perm : 6079K->6079K(21248K)], 0.0081250 secs] [Times: user=0.01 sys=0.00, real=0.00 secs] 
73.154: Total time for which application threads were stopped: 0.0083100 seconds, Stopping threads took: 0.0001150 seconds
73.175: Application time: 0.0212040 seconds
73.175: [GC73.175: [ParNew: 15957K->1494K(18432K), 0.0020670 secs] 40307K->30120K(59392K), 0.0021200 secs] [Times: user=0.01 sys=0.00, real=0.00 secs] 
73.177: Total time for which application threads were stopped: 0.0023060 seconds, Stopping threads took: 0.0001040 seconds
73.193: Application time: 0.0153890 seconds
73.194: [GC73.194: [ParNew: 17708K->17708K(18432K), 0.0000120 secs]73.194: [Tenured: 28625K->26545K(40960K), 0.0119070 secs] 46334K->26545K(59392K), [Perm : 6079K->6079K(21248K)], 0.0119790 secs] [Times: user=0.02 sys=0.00, real=0.02 secs] 
73.206: Total time for which application threads were stopped: 0.0128590 seconds, Stopping threads took: 0.0008010 seconds
73.215: Application time: 0.0091330 seconds
73.217: [GC73.217: [ParNew: 15683K->15683K(18432K), 0.0000140 secs]73.217: [Tenured: 26545K->25063K(40960K), 0.0125170 secs] 42229K->25063K(59392K), [Perm : 6079K->6079K(21248K)], 0.0125950 secs] [Times: user=0.02 sys=0.00, real=0.01 secs] 
73.229: Total time for which application threads were stopped: 0.0146610 seconds, Stopping threads took: 0.0019830 seconds
73.234: Application time: 0.0051190 seconds
73.235: [GC73.235: [ParNew: 15679K->1425K(18432K), 0.0010090 secs] 40743K->27913K(59392K), 0.0010410 secs] [Times: user=0.01 sys=0.00, real=0.00 secs] 
73.236: Total time for which application threads were stopped: 0.0018500 seconds, Stopping threads took: 0.0007500 seconds
73.243: Application time: 0.0065610 seconds
73.243: [GC73.243: [ParNew: 17110K->17110K(18432K), 0.0000110 secs]73.243: [Tenured: 26488K->24351K(40960K), 0.0073740 secs] 43599K->24351K(59392K), [Perm : 6079K->6079K(21248K)], 0.0074350 secs] [Times: user=0.01 sys=0.00, real=0.00 secs] 
73.251: Total time for which application threads were stopped: 0.0076300 seconds, Stopping threads took: 0.0001240 seconds
73.261: Application time: 0.0102090 seconds
73.261: [GC73.261: [ParNew: 15683K->1435K(18432K), 0.0007910 secs] 40034K->25786K(59392K), 0.0008290 secs] [Times: user=0.00 sys=0.00, real=0.00 secs] 
73.262: Total time for which application threads were stopped: 0.0010200 seconds, Stopping threads took: 0.0001260 seconds
73.267: Application time: 0.0049670 seconds
73.267: [GC73.267: [ParNew: 17118K->1431K(18432K), 0.0014480 secs] 41470K->28664K(59392K), 0.0014850 secs] [Times: user=0.01 sys=0.00, real=0.00 secs] 
73.269: Total time for which application threads were stopped: 0.0018650 seconds, Stopping threads took: 0.0003130 seconds
73.278: Application time: 0.0098640 seconds
73.279: [GC73.279: [ParNew: 17112K->17112K(18432K), 0.0000120 secs]73.279: [Tenured: 27233K->25063K(40960K), 0.0107640 secs] 44346K->25063K(59392K), [Perm : 6079K->6079K(21248K)], 0.0108370 secs] [Times: user=0.02 sys=0.00, real=0.01 secs] 
73.290: Total time for which application threads were stopped: 0.0113030 seconds, Stopping threads took: 0.0003700 seconds
73.296: Application time: 0.0061890 seconds
73.296: [GC73.296: [ParNew: 15682K->1429K(18432K), 0.0013100 secs] 40746K->28630K(59392K), 0.0013470 secs] [Times: user=0.00 sys=0.00, real=0.00 secs] 
73.298: Total time for which application threads were stopped: 0.0015200 seconds, Stopping threads took: 0.0001080 seconds
73.303: Application time: 0.0056340 seconds
73.304: [GC73.304: [ParNew: 17578K->17578K(18432K), 0.0000130 secs]73.304: [Tenured: 27201K->23675K(40960K), 0.0110820 secs] 44779K->23675K(59392K), [Perm : 6079K->6079K(21248K)], 0.0111550 secs] [Times: user=0.04 sys=0.00, real=0.01 secs] 
73.315: Total time for which application threads were stopped: 0.0116550 seconds, Stopping threads took: 0.0004170 seconds
73.324: Application time: 0.0089910 seconds
73.324: [GC73.324: [ParNew: 15972K->1437K(18432K), 0.0014510 secs] 39647K->27962K(59392K), 0.0014910 secs] [Times: user=0.01 sys=0.00, real=0.00 secs] 
73.326: Total time for which application threads were stopped: 0.0018480 seconds, Stopping threads took: 0.0002840 seconds
73.331: Application time: 0.0049150 seconds
73.332: [GC73.332: [ParNew: 17126K->1433K(18432K), 0.0022180 secs] 43651K->32946K(59392K), 0.0022790 secs] [Times: user=0.02 sys=0.00, real=0.00 secs] 
73.334: Total time for which application threads were stopped: 0.0033660 seconds, Stopping threads took: 0.0010020 seconds
73.338: Application time: 0.0041640 seconds
73.338: [GC73.338: [ParNew: 17124K->17124K(18432K), 0.0000120 secs]73.338: [Tenured: 31513K->24351K(40960K), 0.0117150 secs] 48637K->24351K(59392K), [Perm : 6079K->6079K(21248K)], 0.0117890 secs] [Times: user=0.03 sys=0.00, real=0.01 secs] 
73.350: Total time for which application threads were stopped: 0.0120260 seconds, Stopping threads took: 0.0001510 seconds
73.354: Application time: 0.0041710 seconds
73.355: [GC73.355: [ParNew: 15683K->1427K(18432K), 0.0014160 secs] 40035K->28629K(59392K), 0.0014550 secs] [Times: user=0.01 sys=0.00, real=0.00 secs] 
73.357: Total time for which application threads were stopped: 0.0025100 seconds, Stopping threads took: 0.0009680 seconds
73.360: Application time: 0.0035880 seconds
73.361: [GC73.361: [ParNew: 17117K->1435K(18432K), 0.0008370 secs] 44319K->30062K(59392K), 0.0008670 secs] [Times: user=0.01 sys=0.00, real=0.00 secs] 
73.361: Total time for which application threads were stopped: 0.0010060 seconds, Stopping threads took: 0.0000820 seconds
73.365: Application time: 0.0034850 seconds
73.365: [GC73.365: [ParNew: 17118K->1425K(18432K), 0.0012740 secs] 45745K->32934K(59392K), 0.0013060 secs] [Times: user=0.01 sys=0.00, real=0.00 secs] 
73.367: Total time for which application threads were stopped: 0.0018750 seconds, Stopping threads took: 0.0005100 seconds
73.370: Application time: 0.0036590 seconds
73.371: [GC73.371: [ParNew: 17107K->17107K(18432K), 0.0000100 secs]73.371: [Tenured: 31509K->26489K(40960K), 0.0068340 secs] 48617K->26489K(59392K), [Perm : 6079K->6079K(21248K)], 0.0068930 secs] [Times: user=0.00 sys=0.00, real=0.01 secs] 
73.378: Total time for which application threads were stopped: 0.0077890 seconds, Stopping threads took: 0.0008280 seconds
73.382: Application time: 0.0035210 seconds
73.382: [GC73.382: [ParNew: 15691K->1441K(18432K), 0.0020060 secs] 42180K->32205K(59392K), 0.0020420 secs] [Times: user=0.01 sys=0.00, real=0.01 secs] 
73.384: Total time for which application threads were stopped: 0.0022450 seconds, Stopping threads took: 0.0001330 seconds
73.387: Application time: 0.0034280 seconds
73.388: [GC73.388: [ParNew: 17127K->17127K(18432K), 0.0000090 secs]73.388: [Tenured: 30764K->27202K(40960K), 0.0081580 secs] 47891K->27202K(59392K), [Perm : 6079K->6079K(21248K)], 0.0082190 secs] [Times: user=0.01 sys=0.00, real=0.01 secs] 
73.396: Total time for which application threads were stopped: 0.0086740 seconds, Stopping threads took: 0.0003620 seconds
73.400: Application time: 0.0037580 seconds
73.400: [GC73.400: [ParNew: 15688K->1439K(18432K), 0.0009800 secs] 42890K->30066K(59392K), 0.0010170 secs] [Times: user=0.00 sys=0.00, real=0.00 secs] 
73.401: Total time for which application threads were stopped: 0.0011850 seconds, Stopping threads took: 0.0001110 seconds
73.409: Application time: 0.0074520 seconds
73.409: [GC73.409: [ParNew: 17124K->1435K(18432K), 0.0007670 secs] 45752K->30823K(59392K), 0.0007980 secs] [Times: user=0.01 sys=0.00, real=0.00 secs] 
73.409: Total time for which application threads were stopped: 0.0009560 seconds, Stopping threads took: 0.0000960 seconds
73.417: Application time: 0.0070740 seconds
73.417: [GC73.417: [ParNew: 17113K->712K(18432K), 0.0006580 secs] 46502K->30853K(59392K), 0.0006870 secs] [Times: user=0.00 sys=0.00, real=0.00 secs] 
73.417: Total time for which application threads were stopped: 0.0008180 seconds, Stopping threads took: 0.0000730 seconds
73.424: Application time: 0.0064390 seconds
73.424: [GC73.424: [ParNew: 16836K->1472K(18432K), 0.0011950 secs] 46976K->33750K(59392K), 0.0012240 secs] [Times: user=0.01 sys=0.00, real=0.00 secs] 
73.425: Total time for which application threads were stopped: 0.0013580 seconds, Stopping threads took: 0.0000780 seconds
73.430: Application time: 0.0049940 seconds
73.430: [GC73.430: [ParNew: 17365K->1444K(18432K), 0.0008810 secs] 49643K->34491K(59392K), 0.0009090 secs] [Times: user=0.01 sys=0.00, real=0.00 secs] 
73.431: Total time for which application threads were stopped: 0.0010400 seconds, Stopping threads took: 0.0000750 seconds
73.435: Application time: 0.0040400 seconds
73.435: [GC73.435: [ParNew: 17230K->1433K(18432K), 0.0015750 secs] 50276K->38082K(59392K), 0.0016090 secs] [Times: user=0.01 sys=0.00, real=0.00 secs] 
73.437: Total time for which application threads were stopped: 0.0017320 seconds, Stopping threads took: 0.0000620 seconds
73.442: Application time: 0.0046930 seconds
73.442: [GC73.442: [ParNew: 17112K->17112K(18432K), 0.0000100 secs]73.442: [Tenured: 36649K->22954K(40960K), 0.0090130 secs] 53762K->22954K(59392K), [Perm : 6079K->6079K(21248K)], 0.0090690 secs] [Times: user=0.01 sys=0.00, real=0.01 secs] 
73.451: Total time for which application threads were stopped: 0.0092330 seconds, Stopping threads took: 0.0000970 seconds
73.457: Application time: 0.0063420 seconds
73.457: [GC73.457: [ParNew: 16151K->1472K(18432K), 0.0016140 secs] 39106K->27989K(59392K), 0.0016460 secs] [Times: user=0.01 sys=0.00, real=0.00 secs] 
73.459: Total time for which application threads were stopped: 0.0018110 seconds, Stopping threads took: 0.0001040 seconds
73.466: Application time: 0.0066320 seconds
73.466: [GC73.466: [ParNew: 17397K->1446K(18432K), 0.0008840 secs] 43915K->28739K(59392K), 0.0009110 secs] [Times: user=0.01 sys=0.00, real=0.00 secs] 
73.467: Total time for which application threads were stopped: 0.0010840 seconds, Stopping threads took: 0.0001190 seconds
73.471: Application time: 0.0038450 seconds
73.471: [GC73.471: [ParNew: 17169K->1433K(18432K), 0.0010270 secs] 44463K->30176K(59392K), 0.0010600 secs] [Times: user=0.01 sys=0.00, real=0.00 secs] 
73.472: Total time for which application threads were stopped: 0.0012580 seconds, Stopping threads took: 0.0001360 seconds
73.478: Application time: 0.0064130 seconds
73.479: [GC73.479: [ParNew: 17112K->1427K(18432K), 0.0006300 secs] 45855K->30217K(59392K), 0.0006610 secs] [Times: user=0.00 sys=0.00, real=0.00 secs] 
73.479: Total time for which application threads were stopped: 0.0009890 seconds, Stopping threads took: 0.0002700 seconds
73.484: Application time: 0.0045630 seconds
73.484: [GC73.484: [ParNew: 17115K->1435K(18432K), 0.0011440 secs] 45905K->32363K(59392K), 0.0011770 secs] [Times: user=0.01 sys=0.00, real=0.00 secs] 
73.486: Total time for which application threads were stopped: 0.0018200 seconds, Stopping threads took: 0.0005810 seconds
73.491: Application time: 0.0051030 seconds
73.491: [GC73.491: [ParNew: 17123K->1431K(18432K), 0.0012960 secs] 48051K->34521K(59392K), 0.0013310 secs] [Times: user=0.01 sys=0.00, real=0.00 secs] 
73.492: Total time for which application threads were stopped: 0.0014960 seconds, Stopping threads took: 0.0001040 seconds
73.496: Application time: 0.0035310 seconds
73.496: [GC73.496: [ParNew: 17111K->1425K(18432K), 0.0010730 secs] 50201K->35980K(59392K), 0.0011140 secs] [Times: user=0.01 sys=0.00, real=0.00 secs] 
73.497: Total time for which application threads were stopped: 0.0012990 seconds, Stopping threads took: 0.0001260 seconds
73.501: Application time: 0.0043780 seconds
73.502: [GC73.502: [ParNew: 17104K->714K(18432K), 0.0006250 secs] 51659K->35982K(59392K), 0.0006490 secs] [Times: user=0.01 sys=0.00, real=0.01 secs] 
73.502: Total time for which application threads were stopped: 0.0009590 seconds, Stopping threads took: 0.0002600 seconds
73.509: Application time: 0.0067210 seconds
73.509: [GC73.509: [ParNew: 16403K->1433K(18432K), 0.0014740 secs] 51670K->39551K(59392K), 0.0015050 secs] [Times: user=0.01 sys=0.00, real=0.00 secs] 
73.511: Total time for which application threads were stopped: 0.0016750 seconds, Stopping threads took: 0.0001120 seconds
73.515: Application time: 0.0041960 seconds
73.515: [GC73.515: [ParNew: 17121K->17121K(18432K), 0.0000100 secs]73.515: [Tenured: 38117K->22213K(40960K), 0.0108180 secs] 55239K->22213K(59392K), [Perm : 6079K->6079K(21248K)], 0.0108720 secs] [Times: user=0.01 sys=0.00, real=0.01 secs] 
73.526: Total time for which application threads were stopped: 0.0110570 seconds, Stopping threads took: 0.0001120 seconds
73.530: Application time: 0.0034400 seconds
73.530: [GC73.530: [ParNew: 15682K->1427K(18432K), 0.0010800 secs] 37896K->25066K(59392K), 0.0011090 secs] [Times: user=0.01 sys=0.00, real=0.00 secs] 
73.531: Total time for which application threads were stopped: 0.0019150 seconds, Stopping threads took: 0.0007490 seconds
73.535: Application time: 0.0034690 seconds
73.535: [GC73.535: [ParNew: 17109K->1425K(18432K), 0.0019030 secs] 40748K->29339K(59392K), 0.0019330 secs] [Times: user=0.02 sys=0.00, real=0.00 secs] 
73.537: Total time for which application threads were stopped: 0.0022310 seconds, Stopping threads took: 0.0002220 seconds
73.543: Application time: 0.0061300 seconds
73.543: [GC73.543: [ParNew: 17116K->1439K(18432K), 0.0020050 secs] 45030K->33628K(59392K), 0.0020430 secs] [Times: user=0.01 sys=0.00, real=0.00 secs] 
73.546: Total time for which application threads were stopped: 0.0021860 seconds, Stopping threads took: 0.0000800 seconds
73.552: Application time: 0.0062230 seconds
73.552: [GC73.552: [ParNew: 17127K->1433K(18432K), 0.0014540 secs] 49317K->36520K(59392K), 0.0014890 secs] [Times: user=0.01 sys=0.00, real=0.00 secs] 
73.553: Total time for which application threads were stopped: 0.0016560 seconds, Stopping threads took: 0.0001040 seconds
73.557: Application time: 0.0038370 seconds
73.557: [GC73.557: [ParNew: 17115K->17115K(18432K), 0.0000110 secs]73.557: [Tenured: 35087K->24351K(40960K), 0.0102850 secs] 52203K->24351K(59392K), [Perm : 6079K->6079K(21248K)], 0.0103430 secs] [Times: user=0.01 sys=0.00, real=0.01 secs] 
73.568: Total time for which application threads were stopped: 0.0105440 seconds, Stopping threads took: 0.0001310 seconds
73.572: Application time: 0.0041480 seconds
73.572: [GC73.572: [ParNew: 15678K->714K(18432K), 0.0004600 secs] 40030K->25066K(59392K), 0.0004910 secs] [Times: user=0.00 sys=0.00, real=0.00 secs] 
73.573: Total time for which application threads were stopped: 0.0006510 seconds, Stopping threads took: 0.0001060 seconds
73.631: Application time: 0.0585020 seconds
73.631: [GC73.631: [ParNew: 16410K->1433K(18432K), 0.0035200 secs] 40762K->36472K(59392K), 0.0035630 secs] [Times: user=0.02 sys=0.01, real=0.01 secs] 
73.635: Total time for which application threads were stopped: 0.0036980 seconds, Stopping threads took: 0.0000660 seconds
73.709: Application time: 0.0739960 seconds
73.709: [GC73.709: [ParNew: 17124K->17124K(18432K), 0.0000110 secs]73.709: [Tenured: 35039K->24351K(40960K), 0.0103580 secs] 52164K->24351K(59392K), [Perm : 6079K->6079K(21248K)], 0.0104150 secs] [Times: user=0.01 sys=0.00, real=0.01 secs] 
73.719: Total time for which application threads were stopped: 0.0105600 seconds, Stopping threads took: 0.0000790 seconds
73.792: Application time: 0.0729170 seconds
73.792: [GC73.792: [ParNew: 15691K->1425K(18432K), 0.0045360 secs] 40042K->40026K(59392K), 0.0045880 secs] [Times: user=0.04 sys=0.00, real=0.01 secs] 
73.797: Total time for which application threads were stopped: 0.0047400 seconds, Stopping threads took: 0.0000860 seconds
73.863: Application time: 0.0657260 seconds
73.863: [GC73.863: [ParNew: 17122K->17122K(18432K), 0.0000100 secs]73.863: [Tenured: 38601K->25777K(40960K), 0.0100030 secs] 55724K->25777K(59392K), [Perm : 6079K->6079K(21248K)], 0.0100620 secs] [Times: user=0.01 sys=0.00, real=0.00 secs] 
73.873: Total time for which application threads were stopped: 0.0102430 seconds, Stopping threads took: 0.0001040 seconds
73.947: Application time: 0.0739310 seconds
73.947: [GC73.947: [ParNew: 15691K->1427K(18432K), 0.0043550 secs] 41468K->40742K(59392K), 0.0043960 secs] [Times: user=0.04 sys=0.00, real=0.00 secs] 
73.951: Total time for which application threads were stopped: 0.0045550 seconds, Stopping threads took: 0.0000970 seconds
74.017: Application time: 0.0650660 seconds
74.017: [GC74.017: [ParNew: 17124K->17124K(18432K), 0.0000100 secs]74.017: [Tenured: 39314K->24351K(40960K), 0.0100740 secs] 56439K->24351K(59392K), [Perm : 6079K->6079K(21248K)], 0.0101280 secs] [Times: user=0.01 sys=0.00, real=0.01 secs] 
74.027: Total time for which application threads were stopped: 0.0102730 seconds, Stopping threads took: 0.0000790 seconds
74.084: Application time: 0.0568160 seconds
74.084: [GC74.084: [ParNew: 15691K->1425K(18432K), 0.0046650 secs] 40042K->40026K(59392K), 0.0047070 secs] [Times: user=0.04 sys=0.00, real=0.00 secs] 
74.089: Total time for which application threads were stopped: 0.0048810 seconds, Stopping threads took: 0.0001090 seconds
74.163: Application time: 0.0741330 seconds
74.163: [GC74.163: [ParNew: 17116K->17116K(18432K), 0.0000100 secs]74.163: [Tenured: 38601K->25063K(40960K), 0.0098970 secs] 55718K->25063K(59392K), [Perm : 6079K->6079K(21248K)], 0.0099560 secs] [Times: user=0.01 sys=0.00, real=0.00 secs] 
74.173: Total time for which application threads were stopped: 0.0101160 seconds, Stopping threads took: 0.0000910 seconds
74.236: Application time: 0.0631390 seconds
74.236: [GC74.236: [ParNew: 15691K->1425K(18432K), 0.0045790 secs] 40755K->40739K(59392K), 0.0046200 secs] [Times: user=0.03 sys=0.00, real=0.00 secs] 
74.241: Total time for which application threads were stopped: 0.0047510 seconds, Stopping threads took: 0.0000680 seconds
74.298: Application time: 0.0569770 seconds
74.298: [GC74.298: [ParNew: 17122K->17122K(18432K), 0.0000110 secs]74.298: [Tenured: 39314K->25777K(40960K), 0.0098960 secs] 56436K->25777K(59392K), [Perm : 6079K->6079K(21248K)], 0.0099560 secs] [Times: user=0.01 sys=0.00, real=0.01 secs] 
74.308: Total time for which application threads were stopped: 0.0100960 seconds, Stopping threads took: 0.0000710 seconds
74.382: Application time: 0.0739450 seconds
74.382: [GC74.382: [ParNew: 15691K->15691K(18432K), 0.0000100 secs]74.382: [Tenured: 25777K->25777K(40960K), 0.0100250 secs] 41468K->25777K(59392K), [Perm : 6079K->6079K(21248K)], 0.0100830 secs] [Times: user=0.01 sys=0.00, real=0.01 secs] 
74.392: Total time for which application threads were stopped: 0.0102250 seconds, Stopping threads took: 0.0000640 seconds
74.460: Application time: 0.0678310 seconds
74.460: [GC74.460: [ParNew: 15704K->15704K(18432K), 0.0000110 secs]74.460: [Tenured: 25777K->25776K(40960K), 0.0107860 secs] 41481K->25776K(59392K), [Perm : 6079K->6079K(21248K)], 0.0108460 secs] [Times: user=0.01 sys=0.00, real=0.01 secs] 
74.471: Total time for which application threads were stopped: 0.0109850 seconds, Stopping threads took: 0.0000700 seconds
74.542: Application time: 0.0716180 seconds
74.542: [GC74.543: [ParNew: 15704K->15704K(18432K), 0.0000110 secs]74.543: [Tenured: 25776K->27915K(40960K), 0.0102370 secs] 41480K->27915K(59392K), [Perm : 6079K->6079K(21248K)], 0.0102990 secs] [Times: user=0.01 sys=0.00, real=0.00 secs] 
74.553: Total time for which application threads were stopped: 0.0104610 seconds, Stopping threads took: 0.0000930 seconds
74.627: Application time: 0.0737420 seconds
74.627: [GC74.627: [ParNew: 15697K->15697K(18432K), 0.0000110 secs]74.627: [Tenured: 27915K->28628K(40960K), 0.0093130 secs] 43613K->28628K(59392K), [Perm : 6079K->6079K(21248K)], 0.0093820 secs] [Times: user=0.00 sys=0.00, real=0.01 secs] 
74.636: Total time for which application threads were stopped: 0.0095410 seconds, Stopping threads took: 0.0000910 seconds
74.707: Application time: 0.0711210 seconds
74.707: [GC74.707: [ParNew: 15691K->15691K(18432K), 0.0000100 secs]74.707: [Tenured: 28628K->29341K(40960K), 0.0095120 secs] 44320K->29341K(59392K), [Perm : 6079K->6079K(21248K)], 0.0095720 secs] [Times: user=0.01 sys=0.00, real=0.01 secs] 
74.717: Total time for which application threads were stopped: 0.0097520 seconds, Stopping threads took: 0.0001110 seconds
74.783: Application time: 0.0664020 seconds
74.784: [GC74.784: [ParNew: 15691K->15691K(18432K), 0.0000100 secs]74.784: [Tenured: 29341K->30051K(40960K), 0.0102620 secs] 45032K->30051K(59392K), [Perm : 6079K->6079K(21248K)], 0.0103210 secs] [Times: user=0.01 sys=0.00, real=0.00 secs] 
74.794: Total time for which application threads were stopped: 0.0104800 seconds, Stopping threads took: 0.0000800 seconds
74.868: Application time: 0.0738690 seconds
74.868: [GC74.868: [ParNew: 15691K->15691K(18432K), 0.0000100 secs]74.868: [Tenured: 30051K->29338K(40960K), 0.0088790 secs] 45742K->29338K(59392K), [Perm : 6079K->6079K(21248K)], 0.0089370 secs] [Times: user=0.00 sys=0.00, real=0.01 secs] 
74.877: Total time for which application threads were stopped: 0.0090800 seconds, Stopping threads took: 0.0000750 seconds
74.942: Application time: 0.0648370 seconds
74.942: [GC74.942: [ParNew: 15700K->15700K(18432K), 0.0000110 secs]74.942: [Tenured: 29338K->29339K(40960K), 0.0089980 secs] 45039K->29339K(59392K), [Perm : 6079K->6079K(21248K)], 0.0090580 secs] [Times: user=0.01 sys=0.00, real=0.01 secs] 
74.951: Total time for which application threads were stopped: 0.0091940 seconds, Stopping threads took: 0.0000590 seconds
74.998: Application time: 0.0471390 seconds
74.998: [GC74.998: [ParNew: 15698K->15698K(18432K), 0.0000110 secs]74.998: [Tenured: 29339K->29339K(40960K), 0.0109260 secs] 45038K->29339K(59392K), [Perm : 6079K->6079K(21248K)], 0.0109860 secs] [Times: user=0.01 sys=0.00, real=0.01 secs] 
75.009: Total time for which application threads were stopped: 0.0111290 seconds, Stopping threads took: 0.0000710 seconds
75.067: Application time: 0.0573890 seconds
75.067: [GC75.067: [ParNew: 15689K->15689K(18432K), 0.0000110 secs]75.067: [Tenured: 29339K->27913K(40960K), 0.0117070 secs] 45028K->27913K(59392K), [Perm : 6079K->6079K(21248K)], 0.0117650 secs] [Times: user=0.01 sys=0.00, real=0.01 secs] 
75.078: Total time for which application threads were stopped: 0.0119000 seconds, Stopping threads took: 0.0000650 seconds
75.146: Application time: 0.0676440 seconds
75.146: [GC75.146: [ParNew: 15691K->15691K(18432K), 0.0000100 secs]75.146: [Tenured: 27913K->27913K(40960K), 0.0098880 secs] 43605K->27913K(59392K), [Perm : 6079K->6079K(21248K)], 0.0099490 secs] [Times: user=0.01 sys=0.00, real=0.01 secs] 
75.156: Total time for which application threads were stopped: 0.0100890 seconds, Stopping threads took: 0.0000710 seconds
75.229: Application time: 0.0732770 seconds
75.230: [GC75.230: [ParNew: 15689K->15689K(18432K), 0.0000110 secs]75.230: [Tenured: 27913K->27913K(40960K), 0.0097670 secs] 43603K->27913K(59392K), [Perm : 6079K->6079K(21248K)], 0.0098280 secs] [Times: user=0.01 sys=0.00, real=0.01 secs] 
75.239: Total time for which application threads were stopped: 0.0100060 seconds, Stopping threads took: 0.0000890 seconds
75.302: Application time: 0.0629580 seconds
75.303: [GC75.303: [ParNew: 15689K->15689K(18432K), 0.0000120 secs]75.303: [Tenured: 27913K->28626K(40960K), 0.0093920 secs] 43603K->28626K(59392K), [Perm : 6079K->6079K(21248K)], 0.0094600 secs] [Times: user=0.01 sys=0.00, real=0.00 secs] 
75.312: Total time for which application threads were stopped: 0.0096070 seconds, Stopping threads took: 0.0000780 seconds
75.382: Application time: 0.0695360 seconds
75.382: [GC75.382: [ParNew: 15698K->15698K(18432K), 0.0000100 secs]75.382: [Tenured: 28626K->26488K(40960K), 0.0106070 secs] 44324K->26488K(59392K), [Perm : 6079K->6079K(21248K)], 0.0106740 secs] [Times: user=0.01 sys=0.00, real=0.01 secs] 
75.392: Total time for which application threads were stopped: 0.0108470 seconds, Stopping threads took: 0.0001080 seconds
75.434: Application time: 0.0418560 seconds
75.434: [GC75.434: [ParNew: 15689K->15689K(18432K), 0.0000100 secs]75.434: [Tenured: 26488K->27914K(40960K), 0.0098260 secs] 42178K->27914K(59392K), [Perm : 6079K->6079K(21248K)], 0.0098860 secs] [Times: user=0.01 sys=0.00, real=0.01 secs] 
75.444: Total time for which application threads were stopped: 0.0100610 seconds, Stopping threads took: 0.0001060 seconds
75.496: Application time: 0.0516040 seconds
75.496: [GC75.496: [ParNew: 15705K->15705K(18432K), 0.0000100 secs]75.496: [Tenured: 27914K->25776K(40960K), 0.0098960 secs] 43619K->25776K(59392K), [Perm : 6079K->6079K(21248K)], 0.0099580 secs] [Times: user=0.01 sys=0.00, real=0.01 secs] 
75.506: Total time for which application threads were stopped: 0.0101140 seconds, Stopping threads took: 0.0000670 seconds
75.572: Application time: 0.0657230 seconds
75.572: [GC75.572: [ParNew: 15698K->1433K(18432K), 0.0037300 secs] 41475K->37897K(59392K), 0.0037730 secs] [Times: user=0.03 sys=0.00, real=0.01 secs] 
75.576: Total time for which application threads were stopped: 0.0040010 seconds, Stopping threads took: 0.0001540 seconds
75.620: Application time: 0.0439590 seconds
75.620: [GC75.620: [ParNew: 17138K->17138K(18432K), 0.0000110 secs]75.620: [Tenured: 36464K->24352K(40960K), 0.0116050 secs] 53602K->24352K(59392K), [Perm : 6079K->6079K(21248K)], 0.0116650 secs] [Times: user=0.01 sys=0.00, real=0.01 secs] 
75.632: Total time for which application threads were stopped: 0.0118830 seconds, Stopping threads took: 0.0001280 seconds
75.677: Application time: 0.0452750 seconds
75.677: [GC75.677: [ParNew: 15688K->1427K(18432K), 0.0037840 secs] 40040K->36467K(59392K), 0.0038260 secs] [Times: user=0.03 sys=0.00, real=0.00 secs] 
75.681: Total time for which application threads were stopped: 0.0039550 seconds, Stopping threads took: 0.0000640 seconds
75.740: Application time: 0.0591790 seconds
75.740: [GC75.740: [ParNew: 17115K->17115K(18432K), 0.0000100 secs]75.740: [Tenured: 35040K->24352K(40960K), 0.0103160 secs] 52155K->24352K(59392K), [Perm : 6079K->6079K(21248K)], 0.0103740 secs] [Times: user=0.02 sys=0.00, real=0.01 secs] 
75.751: Total time for which application threads were stopped: 0.0105470 seconds, Stopping threads took: 0.0001050 seconds
75.813: Application time: 0.0620940 seconds
75.813: [GC75.813: [ParNew: 15688K->1427K(18432K), 0.0036200 secs] 40040K->36467K(59392K), 0.0036620 secs] [Times: user=0.03 sys=0.00, real=0.01 secs] 
75.816: Total time for which application threads were stopped: 0.0037910 seconds, Stopping threads took: 0.0000640 seconds
75.850: Application time: 0.0337700 seconds
75.850: [GC75.850: [ParNew: 17115K->17115K(18432K), 0.0000110 secs]75.850: [Tenured: 35040K->24352K(40960K), 0.0099600 secs] 52156K->24352K(59392K), [Perm : 6079K->6079K(21248K)], 0.0100180 secs] [Times: user=0.01 sys=0.00, real=0.01 secs] 
75.860: Total time for which application threads were stopped: 0.0101610 seconds, Stopping threads took: 0.0000730 seconds
75.920: Application time: 0.0597380 seconds
75.920: [GC75.920: [ParNew: 15694K->1435K(18432K), 0.0038030 secs] 40047K->36476K(59392K), 0.0038450 secs] [Times: user=0.03 sys=0.00, real=0.01 secs] 
75.924: Total time for which application threads were stopped: 0.0040720 seconds, Stopping threads took: 0.0001430 seconds
75.975: Application time: 0.0503110 seconds
75.975: [GC75.975: [ParNew: 17123K->17123K(18432K), 0.0000110 secs]75.975: [Tenured: 35040K->24353K(40960K), 0.0092230 secs] 52164K->24353K(59392K), [Perm : 6079K->6079K(21248K)], 0.0092830 secs] [Times: user=0.01 sys=0.00, real=0.01 secs] 
75.984: Total time for which application threads were stopped: 0.0094150 seconds, Stopping threads took: 0.0000600 seconds
76.046: Application time: 0.0623720 seconds
76.046: [GC76.046: [ParNew: 15695K->1433K(18432K), 0.0035350 secs] 40048K->36475K(59392K), 0.0035830 secs] [Times: user=0.03 sys=0.00, real=0.00 secs] 
76.050: Total time for which application threads were stopped: 0.0037520 seconds, Stopping threads took: 0.0000770 seconds
76.086: Application time: 0.0362280 seconds
76.086: [GC76.086: [ParNew: 17121K->17121K(18432K), 0.0000100 secs]76.086: [Tenured: 35042K->25779K(40960K), 0.0095820 secs] 52164K->25779K(59392K), [Perm : 6079K->6079K(21248K)], 0.0096420 secs] [Times: user=0.01 sys=0.00, real=0.01 secs] 
76.096: Total time for which application threads were stopped: 0.0097820 seconds, Stopping threads took: 0.0000700 seconds
76.150: Application time: 0.0535600 seconds
76.150: [GC76.150: [ParNew: 15688K->15688K(18432K), 0.0000120 secs]76.150: [Tenured: 25779K->25065K(40960K), 0.0117490 secs] 41468K->25065K(59392K), [Perm : 6079K->6079K(21248K)], 0.0118130 secs] [Times: user=0.01 sys=0.00, real=0.01 secs] 
76.162: Total time for which application threads were stopped: 0.0119920 seconds, Stopping threads took: 0.0001060 seconds
76.218: Application time: 0.0563100 seconds
76.218: [GC76.218: [ParNew: 15688K->1425K(18432K), 0.0035710 secs] 40754K->37179K(59392K), 0.0036130 secs] [Times: user=0.03 sys=0.00, real=0.00 secs] 
76.222: Total time for which application threads were stopped: 0.0037970 seconds, Stopping threads took: 0.0001160 seconds
76.260: Application time: 0.0382490 seconds
76.260: [GC76.260: [ParNew: 17114K->17114K(18432K), 0.0000100 secs]76.260: [Tenured: 35754K->25065K(40960K), 0.0097940 secs] 52868K->25065K(59392K), [Perm : 6079K->6079K(21248K)], 0.0098550 secs] [Times: user=0.01 sys=0.00, real=0.01 secs] 
76.270: Total time for which application threads were stopped: 0.0100730 seconds, Stopping threads took: 0.0001170 seconds
76.324: Application time: 0.0543740 seconds
76.325: [GC76.325: [ParNew: 15688K->1425K(18432K), 0.0038350 secs] 40754K->37179K(59392K), 0.0038790 secs] [Times: user=0.03 sys=0.00, real=0.00 secs] 
76.328: Total time for which application threads were stopped: 0.0040250 seconds, Stopping threads took: 0.0000770 seconds
76.395: Application time: 0.0669450 seconds
76.396: [GC76.396: [ParNew: 17120K->17120K(18432K), 0.0000090 secs]76.396: [Tenured: 35754K->25066K(40960K), 0.0098420 secs] 52875K->25066K(59392K), [Perm : 6079K->6079K(21248K)], 0.0099010 secs] [Times: user=0.01 sys=0.00, real=0.01 secs] 
76.406: Total time for which application threads were stopped: 0.0101400 seconds, Stopping threads took: 0.0001510 seconds
76.432: Application time: 0.0266060 seconds
76.432: [GC76.432: [ParNew: 15688K->1425K(18432K), 0.0037340 secs] 40755K->37180K(59392K), 0.0037740 secs] [Times: user=0.03 sys=0.00, real=0.01 secs] 
76.436: Total time for which application threads were stopped: 0.0039340 seconds, Stopping threads took: 0.0000860 seconds
76.496: Application time: 0.0600230 seconds
76.496: [GC76.496: [ParNew: 17127K->17127K(18432K), 0.0000100 secs]76.496: [Tenured: 35755K->25780K(40960K), 0.0101510 secs] 52882K->25780K(59392K), [Perm : 6079K->6079K(21248K)], 0.0102120 secs] [Times: user=0.01 sys=0.00, real=0.01 secs] 
76.506: Total time for which application threads were stopped: 0.0103510 seconds, Stopping threads took: 0.0000670 seconds
76.575: Application time: 0.0689030 seconds
76.575: [GC76.576: [ParNew: 15695K->15695K(18432K), 0.0000100 secs]76.576: [Tenured: 25780K->27916K(40960K), 0.0106460 secs] 41476K->27916K(59392K), [Perm : 6079K->6079K(21248K)], 0.0107060 secs] [Times: user=0.01 sys=0.00, real=0.01 secs] 
76.586: Total time for which application threads were stopped: 0.0108450 seconds, Stopping threads took: 0.0000620 seconds
76.638: Application time: 0.0517640 seconds
76.638: [GC76.638: [ParNew: 15695K->15695K(18432K), 0.0000110 secs]76.638: [Tenured: 27916K->27204K(40960K), 0.0106180 secs] 43611K->27204K(59392K), [Perm : 6079K->6079K(21248K)], 0.0106800 secs] [Times: user=0.01 sys=0.00, real=0.01 secs] 
76.649: Total time for which application threads were stopped: 0.0108600 seconds, Stopping threads took: 0.0001110 seconds
76.678: Application time: 0.0286790 seconds
76.678: [GC76.678: [ParNew: 15688K->15688K(18432K), 0.0000110 secs]76.678: [Tenured: 27204K->29341K(40960K), 0.0103010 secs] 42893K->29341K(59392K), [Perm : 6079K->6079K(21248K)], 0.0103710 secs] [Times: user=0.01 sys=0.00, real=0.01 secs] 
76.688: Total time for which application threads were stopped: 0.0105130 seconds, Stopping threads took: 0.0000700 seconds
76.757: Application time: 0.0691590 seconds
76.757: [GC76.757: [ParNew: 15695K->15695K(18432K), 0.0000100 secs]76.757: [Tenured: 29341K->27917K(40960K), 0.0090030 secs] 45037K->27917K(59392K), [Perm : 6079K->6079K(21248K)], 0.0090610 secs] [Times: user=0.01 sys=0.00, real=0.01 secs] 
76.767: Total time for which application threads were stopped: 0.0092930 seconds, Stopping threads took: 0.0001470 seconds
76.817: Application time: 0.0506410 seconds
76.817: [GC76.817: [ParNew: 15690K->15690K(18432K), 0.0000110 secs]76.817: [Tenured: 27917K->30053K(40960K), 0.0105840 secs] 43608K->30053K(59392K), [Perm : 6079K->6079K(21248K)], 0.0106440 secs] [Times: user=0.01 sys=0.00, real=0.01 secs] 
76.828: Total time for which application threads were stopped: 0.0107820 seconds, Stopping threads took: 0.0000680 seconds
76.861: Application time: 0.0329180 seconds
76.861: [GC76.861: [ParNew: 15688K->15688K(18432K), 0.0000100 secs]76.861: [Tenured: 30053K->29340K(40960K), 0.0093620 secs] 45742K->29340K(59392K), [Perm : 6079K->6079K(21248K)], 0.0094190 secs] [Times: user=0.01 sys=0.00, real=0.01 secs] 
76.871: Total time for which application threads were stopped: 0.0096640 seconds, Stopping threads took: 0.0001580 seconds
76.937: Application time: 0.0662090 seconds
76.937: [GC76.937: [ParNew: 15688K->15688K(18432K), 0.0000110 secs]76.937: [Tenured: 29340K->30053K(40960K), 0.0110070 secs] 45029K->30053K(59392K), [Perm : 6079K->6079K(21248K)], 0.0110690 secs] [Times: user=0.01 sys=0.00, real=0.01 secs] 
76.948: Total time for which application threads were stopped: 0.0112660 seconds, Stopping threads took: 0.0001260 seconds
76.969: Application time: 0.0212070 seconds
76.969: [GC76.969: [ParNew: 15717K->15717K(18432K), 0.0000100 secs]76.969: [Tenured: 30053K->30082K(40960K), 0.0094170 secs] 45770K->30082K(59392K), [Perm : 6079K->6079K(21248K)], 0.0094740 secs] [Times: user=0.01 sys=0.00, real=0.01 secs] 
76.979: Total time for which application threads were stopped: 0.0096090 seconds, Stopping threads took: 0.0000690 seconds
76.987: Application time: 0.0080850 seconds
76.987: [GC76.987: [ParNew: 15677K->15677K(18432K), 0.0000100 secs]76.987: [Tenured: 30082K->28628K(40960K), 0.0103770 secs] 45759K->28628K(59392K), [Perm : 6079K->6079K(21248K)], 0.0104360 secs] [Times: user=0.01 sys=0.00, real=0.01 secs] 
76.997: Total time for which application threads were stopped: 0.0105880 seconds, Stopping threads took: 0.0000800 seconds
77.003: Application time: 0.0060000 seconds
77.004: [GC77.004: [ParNew: 15683K->15683K(18432K), 0.0000100 secs]77.004: [Tenured: 28628K->30766K(40960K), 0.0063980 secs] 44311K->30766K(59392K), [Perm : 6079K->6079K(21248K)], 0.0064580 secs] [Times: user=0.01 sys=0.00, real=0.00 secs] 
77.010: Total time for which application threads were stopped: 0.0065980 seconds, Stopping threads took: 0.0000690 seconds
77.014: Application time: 0.0043960 seconds
77.015: [GC77.015: [ParNew: 15677K->15677K(18432K), 0.0000110 secs]77.015: [Tenured: 30766K->30053K(40960K), 0.0059670 secs] 46443K->30053K(59392K), [Perm : 6079K->6079K(21248K)], 0.0060200 secs] [Times: user=0.01 sys=0.00, real=0.00 secs] 
77.021: Total time for which application threads were stopped: 0.0061500 seconds, Stopping threads took: 0.0000640 seconds
77.029: Application time: 0.0081620 seconds
77.029: [GC77.029: [ParNew: 15686K->15686K(18432K), 0.0000110 secs]77.029: [Tenured: 30053K->28628K(40960K), 0.0062910 secs] 45740K->28628K(59392K), [Perm : 6079K->6079K(21248K)], 0.0063470 secs] [Times: user=0.01 sys=0.00, real=0.01 secs] 
77.035: Total time for which application threads were stopped: 0.0065060 seconds, Stopping threads took: 0.0000900 seconds
77.041: Application time: 0.0061440 seconds
77.042: [GC77.042: [ParNew: 15681K->15681K(18432K), 0.0000110 secs]77.042: [Tenured: 28628K->28628K(40960K), 0.0088360 secs] 44309K->28628K(59392K), [Perm : 6079K->6079K(21248K)], 0.0089040 secs] [Times: user=0.01 sys=0.00, real=0.01 secs] 
77.051: Total time for which application threads were stopped: 0.0090480 seconds, Stopping threads took: 0.0000750 seconds
77.055: Application time: 0.0049130 seconds
77.056: [GC77.056: [ParNew: 15687K->15687K(18432K), 0.0000110 secs]77.056: [Tenured: 28628K->30054K(40960K), 0.0062440 secs] 44315K->30054K(59392K), [Perm : 6079K->6079K(21248K)], 0.0063020 secs] [Times: user=0.00 sys=0.00, real=0.00 secs] 
77.062: Total time for which application threads were stopped: 0.0064420 seconds, Stopping threads took: 0.0000710 seconds
77.065: Application time: 0.0035970 seconds
77.066: [GC77.066: [ParNew: 15679K->15679K(18432K), 0.0000110 secs]77.066: [Tenured: 30054K->30767K(40960K), 0.0061780 secs] 45733K->30767K(59392K), [Perm : 6079K->6079K(21248K)], 0.0062350 secs] [Times: user=0.01 sys=0.00, real=0.00 secs] 
77.072: Total time for which application threads were stopped: 0.0064480 seconds, Stopping threads took: 0.0001450 seconds
77.083: Application time: 0.0114730 seconds
77.084: [GC77.084: [ParNew: 15690K->15690K(18432K), 0.0000110 secs]77.084: [Tenured: 30767K->27915K(40960K), 0.0098370 secs] 46457K->27915K(59392K), [Perm : 6079K->6079K(21248K)], 0.0098990 secs] [Times: user=0.01 sys=0.00, real=0.00 secs] 
77.094: Total time for which application threads were stopped: 0.0101180 seconds, Stopping threads took: 0.0001190 seconds
77.113: Application time: 0.0193450 seconds
77.113: [GC77.113: [ParNew: 15719K->15719K(18432K), 0.0000100 secs]77.113: [Tenured: 27915K->27202K(40960K), 0.0116930 secs] 43635K->27202K(59392K), [Perm : 6079K->6079K(21248K)], 0.0117520 secs] [Times: user=0.02 sys=0.00, real=0.02 secs] 
77.125: Total time for which application threads were stopped: 0.0118940 seconds, Stopping threads took: 0.0000690 seconds
77.133: Application time: 0.0083560 seconds
77.133: [GC77.133: [ParNew: 15677K->15677K(18432K), 0.0000100 secs]77.133: [Tenured: 27202K->28627K(40960K), 0.0075560 secs] 42880K->28627K(59392K), [Perm : 6079K->6079K(21248K)], 0.0076120 secs] [Times: user=0.01 sys=0.00, real=0.01 secs] 
77.141: Total time for which application threads were stopped: 0.0078820 seconds, Stopping threads took: 0.0002030 seconds
77.148: Application time: 0.0071140 seconds
77.148: [GC77.148: [ParNew: 15683K->15683K(18432K), 0.0000110 secs]77.148: [Tenured: 28627K->27916K(40960K), 0.0076700 secs] 44311K->27916K(59392K), [Perm : 6079K->6079K(21248K)], 0.0077230 secs] [Times: user=0.00 sys=0.00, real=0.01 secs] 
77.156: Total time for which application threads were stopped: 0.0079320 seconds, Stopping threads took: 0.0001230 seconds
77.160: Application time: 0.0039200 seconds
77.160: [GC77.160: [ParNew: 15677K->15677K(18432K), 0.0000100 secs]77.160: [Tenured: 27916K->28628K(40960K), 0.0063910 secs] 43593K->28628K(59392K), [Perm : 6079K->6079K(21248K)], 0.0064490 secs] [Times: user=0.00 sys=0.00, real=0.01 secs] 
77.167: Total time for which application threads were stopped: 0.0066220 seconds, Stopping threads took: 0.0001060 seconds
77.175: Application time: 0.0083530 seconds
77.175: [GC77.175: [ParNew: 15686K->15686K(18432K), 0.0000100 secs]77.175: [Tenured: 28628K->27202K(40960K), 0.0070160 secs] 44314K->27202K(59392K), [Perm : 6079K->6079K(21248K)], 0.0070720 secs] [Times: user=0.01 sys=0.00, real=0.01 secs] 
77.182: Total time for which application threads were stopped: 0.0072590 seconds, Stopping threads took: 0.0001190 seconds
77.188: Application time: 0.0056370 seconds
77.188: [GC77.188: [ParNew: 15681K->15681K(18432K), 0.0000110 secs]77.188: [Tenured: 27202K->27202K(40960K), 0.0088980 secs] 42884K->27202K(59392K), [Perm : 6079K->6079K(21248K)], 0.0089590 secs] [Times: user=0.01 sys=0.00, real=0.01 secs] 
77.197: Total time for which application threads were stopped: 0.0091020 seconds, Stopping threads took: 0.0000700 seconds
77.203: Application time: 0.0057300 seconds
77.203: [GC77.203: [ParNew: 15687K->15687K(18432K), 0.0000110 secs]77.203: [Tenured: 27202K->28629K(40960K), 0.0069990 secs] 42890K->28629K(59392K), [Perm : 6079K->6079K(21248K)], 0.0070660 secs] [Times: user=0.00 sys=0.00, real=0.00 secs] 
77.210: Total time for which application threads were stopped: 0.0072550 seconds, Stopping threads took: 0.0001200 seconds
77.214: Application time: 0.0039590 seconds
77.214: [GC77.214: [ParNew: 15679K->15679K(18432K), 0.0000110 secs]77.214: [Tenured: 28629K->29341K(40960K), 0.0073720 secs] 44308K->29341K(59392K), [Perm : 6079K->6079K(21248K)], 0.0074230 secs] [Times: user=0.01 sys=0.00, real=0.00 secs] 
77.222: Total time for which application threads were stopped: 0.0076530 seconds, Stopping threads took: 0.0001650 seconds
77.227: Application time: 0.0054290 seconds
77.227: [GC77.227: [ParNew: 15683K->15683K(18432K), 0.0000110 secs]77.227: [Tenured: 29341K->25777K(40960K), 0.0106880 secs] 45025K->25777K(59392K), [Perm : 6079K->6079K(21248K)], 0.0107540 secs] [Times: user=0.01 sys=0.00, real=0.01 secs] 
77.238: Total time for which application threads were stopped: 0.0110700 seconds, Stopping threads took: 0.0002120 seconds
77.294: Application time: 0.0562720 seconds
77.294: [GC77.294: [ParNew: 15696K->15696K(18432K), 0.0000100 secs]77.294: [Tenured: 25777K->27202K(40960K), 0.0090820 secs] 41474K->27202K(59392K), [Perm : 6079K->6079K(21248K)], 0.0091400 secs] [Times: user=0.01 sys=0.00, real=0.01 secs] 
77.304: Total time for which application threads were stopped: 0.0092670 seconds, Stopping threads took: 0.0000600 seconds
77.335: Application time: 0.0312270 seconds
77.335: [GC77.335: [ParNew: 15689K->15689K(18432K), 0.0000100 secs]77.335: [Tenured: 27202K->28627K(40960K), 0.0098460 secs] 42892K->28627K(59392K), [Perm : 6079K->6079K(21248K)], 0.0099040 secs] [Times: user=0.01 sys=0.00, real=0.01 secs] 
77.345: Total time for which application threads were stopped: 0.0100520 seconds, Stopping threads took: 0.0000810 seconds
77.412: Application time: 0.0673850 seconds
77.412: [GC77.413: [ParNew: 15689K->15689K(18432K), 0.0000090 secs]77.413: [Tenured: 28627K->28627K(40960K), 0.0091800 secs] 44317K->28627K(59392K), [Perm : 6079K->6079K(21248K)], 0.0092390 secs] [Times: user=0.01 sys=0.00, real=0.01 secs] 
77.422: Total time for which application threads were stopped: 0.0094940 seconds, Stopping threads took: 0.0001740 seconds
77.490: Application time: 0.0686990 seconds
77.491: [GC77.491: [ParNew: 15689K->15689K(18432K), 0.0000100 secs]77.491: [Tenured: 28627K->27914K(40960K), 0.0093730 secs] 44317K->27914K(59392K), [Perm : 6079K->6079K(21248K)], 0.0094320 secs] [Times: user=0.01 sys=0.00, real=0.01 secs] 
77.500: Total time for which application threads were stopped: 0.0095660 seconds, Stopping threads took: 0.0000640 seconds
77.518: Application time: 0.0177710 seconds
77.518: [GC77.518: [ParNew: 15719K->15719K(18432K), 0.0000100 secs]77.518: [Tenured: 27914K->29369K(40960K), 0.0093770 secs] 43634K->29369K(59392K), [Perm : 6079K->6079K(21248K)], 0.0094340 secs] [Times: user=0.01 sys=0.00, real=0.01 secs] 
77.527: Total time for which application threads were stopped: 0.0095770 seconds, Stopping threads took: 0.0000750 seconds
77.534: Application time: 0.0069370 seconds
77.534: [GC77.534: [ParNew: 15679K->15679K(18432K), 0.0000100 secs]77.534: [Tenured: 29369K->29369K(40960K), 0.0089340 secs] 45048K->29369K(59392K), [Perm : 6079K->6079K(21248K)], 0.0089910 secs] [Times: user=0.01 sys=0.00, real=0.01 secs] 
77.543: Total time for which application threads were stopped: 0.0091640 seconds, Stopping threads took: 0.0001050 seconds
77.551: Application time: 0.0073460 seconds
77.551: [GC77.551: [ParNew: 15683K->15683K(18432K), 0.0000100 secs]77.551: [Tenured: 29369K->29370K(40960K), 0.0062210 secs] 45052K->29370K(59392K), [Perm : 6079K->6079K(21248K)], 0.0062750 secs] [Times: user=0.00 sys=0.00, real=0.01 secs] 
77.557: Total time for which application threads were stopped: 0.0064340 seconds, Stopping threads took: 0.0000910 seconds
77.561: Application time: 0.0038220 seconds
77.561: [GC77.561: [ParNew: 15677K->15677K(18432K), 0.0000100 secs]77.561: [Tenured: 29370K->27914K(40960K), 0.0112150 secs] 45047K->27914K(59392K), [Perm : 6079K->6079K(21248K)], 0.0112870 secs] [Times: user=0.01 sys=0.00, real=0.01 secs] 
77.573: Total time for which application threads were stopped: 0.0115170 seconds, Stopping threads took: 0.0001550 seconds
77.581: Application time: 0.0080540 seconds
77.581: [GC77.581: [ParNew: 15685K->15685K(18432K), 0.0000110 secs]77.581: [Tenured: 27914K->27914K(40960K), 0.0062820 secs] 43600K->27914K(59392K), [Perm : 6079K->6079K(21248K)], 0.0063390 secs] [Times: user=0.00 sys=0.00, real=0.01 secs] 
77.587: Total time for which application threads were stopped: 0.0065240 seconds, Stopping threads took: 0.0001170 seconds
77.594: Application time: 0.0068430 seconds
77.594: [GC77.594: [ParNew: 15679K->15679K(18432K), 0.0000100 secs]77.594: [Tenured: 27914K->29340K(40960K), 0.0067480 secs] 43594K->29340K(59392K), [Perm : 6079K->6079K(21248K)], 0.0068030 secs] [Times: user=0.01 sys=0.00, real=0.00 secs] 
77.601: Total time for which application threads were stopped: 0.0069750 seconds, Stopping threads took: 0.0000970 seconds
77.607: Application time: 0.0059450 seconds
77.607: [GC77.607: [ParNew: 15688K->15688K(18432K), 0.0000110 secs]77.607: [Tenured: 29340K->27915K(40960K), 0.0105170 secs] 45028K->27915K(59392K), [Perm : 6079K->6079K(21248K)], 0.0105790 secs] [Times: user=0.01 sys=0.00, real=0.01 secs] 
77.618: Total time for which application threads were stopped: 0.0107950 seconds, Stopping threads took: 0.0001440 seconds
77.621: Application time: 0.0036010 seconds
77.622: [GC77.622: [ParNew: 15679K->15679K(18432K), 0.0000100 secs]77.622: [Tenured: 27915K->28627K(40960K), 0.0071660 secs] 43594K->28627K(59392K), [Perm : 6079K->6079K(21248K)], 0.0072260 secs] [Times: user=0.01 sys=0.00, real=0.01 secs] 
77.629: Total time for which application threads were stopped: 0.0074250 seconds, Stopping threads took: 0.0001290 seconds
77.638: Application time: 0.0093210 seconds
77.638: [GC77.638: [ParNew: 15688K->15688K(18432K), 0.0000100 secs]77.638: [Tenured: 28627K->27914K(40960K), 0.0065950 secs] 44315K->27914K(59392K), [Perm : 6079K->6079K(21248K)], 0.0066530 secs] [Times: user=0.00 sys=0.00, real=0.01 secs] 
77.645: Total time for which application threads were stopped: 0.0068630 seconds, Stopping threads took: 0.0001320 seconds
77.705: Application time: 0.0595390 seconds
77.705: [GC77.705: [ParNew: 15687K->15687K(18432K), 0.0000110 secs]77.705: [Tenured: 27914K->26489K(40960K), 0.0091530 secs] 43602K->26489K(59392K), [Perm : 6079K->6079K(21248K)], 0.0092140 secs] [Times: user=0.01 sys=0.00, real=0.00 secs] 
77.714: Total time for which application threads were stopped: 0.0093450 seconds, Stopping threads took: 0.0000630 seconds
77.730: Application time: 0.0162950 seconds
77.730: [GC77.730: [ParNew: 15717K->15717K(18432K), 0.0000100 secs]77.730: [Tenured: 26489K->27943K(40960K), 0.0102180 secs] 42206K->27943K(59392K), [Perm : 6079K->6079K(21248K)], 0.0102790 secs] [Times: user=0.01 sys=0.00, real=0.01 secs] 
77.741: Total time for which application threads were stopped: 0.0105280 seconds, Stopping threads took: 0.0001790 seconds
77.748: Application time: 0.0070290 seconds
77.748: [GC77.748: [ParNew: 16111K->16111K(18432K), 0.0000110 secs]77.748: [Tenured: 27943K->22933K(40960K), 0.0100450 secs] 44055K->22933K(59392K), [Perm : 6079K->6079K(21248K)], 0.0101060 secs] [Times: user=0.01 sys=0.00, real=0.01 secs] 
77.758: Total time for which application threads were stopped: 0.0102550 seconds, Stopping threads took: 0.0000780 seconds
77.763: Application time: 0.0053110 seconds
77.763: [GC77.763: [ParNew: 15849K->1440K(18432K), 0.0006480 secs] 38782K->24373K(59392K), 0.0006770 secs] [Times: user=0.00 sys=0.00, real=0.00 secs] 
77.764: Total time for which application threads were stopped: 0.0008090 seconds, Stopping threads took: 0.0000750 seconds
77.768: Application time: 0.0037150 seconds
77.768: [GC77.768: [ParNew: 17257K->1438K(18432K), 0.0016040 secs] 40191K->27968K(59392K), 0.0016440 secs] [Times: user=0.01 sys=0.00, real=0.00 secs] 
77.770: Total time for which application threads were stopped: 0.0017930 seconds, Stopping threads took: 0.0000890 seconds
77.775: Application time: 0.0052460 seconds
77.775: [GC77.775: [ParNew: 17142K->17142K(18432K), 0.0000100 secs]77.775: [Tenured: 26529K->25064K(40960K), 0.0091320 secs] 43672K->25064K(59392K), [Perm : 6079K->6079K(21248K)], 0.0091900 secs] [Times: user=0.01 sys=0.00, real=0.01 secs] 
77.784: Total time for which application threads were stopped: 0.0093900 seconds, Stopping threads took: 0.0001310 seconds
77.789: Application time: 0.0043670 seconds
77.789: [GC77.789: [ParNew: 15681K->1425K(18432K), 0.0012330 secs] 40746K->28627K(59392K), 0.0012620 secs] [Times: user=0.01 sys=0.00, real=0.00 secs] 
77.790: Total time for which application threads were stopped: 0.0014450 seconds, Stopping threads took: 0.0001240 seconds
77.795: Application time: 0.0050750 seconds
77.795: [GC77.795: [ParNew: 17105K->17105K(18432K), 0.0000110 secs]77.795: [Tenured: 27202K->24351K(40960K), 0.0094290 secs] 44307K->24351K(59392K), [Perm : 6079K->6079K(21248K)], 0.0094900 secs] [Times: user=0.01 sys=0.00, real=0.01 secs] 
77.805: Total time for which application threads were stopped: 0.0096790 seconds, Stopping threads took: 0.0001160 seconds
77.810: Application time: 0.0049940 seconds
77.810: [GC77.810: [ParNew: 15687K->1433K(18432K), 0.0006930 secs] 40039K->25785K(59392K), 0.0007230 secs] [Times: user=0.00 sys=0.00, real=0.00 secs] 
77.811: Total time for which application threads were stopped: 0.0008940 seconds, Stopping threads took: 0.0001140 seconds
77.815: Application time: 0.0038780 seconds
77.815: [GC77.815: [ParNew: 17116K->1437K(18432K), 0.0010830 secs] 41468K->27246K(59392K), 0.0011130 secs] [Times: user=0.01 sys=0.00, real=0.00 secs] 
77.816: Total time for which application threads were stopped: 0.0012730 seconds, Stopping threads took: 0.0000980 seconds
77.820: Application time: 0.0036850 seconds
77.820: [GC77.820: [ParNew: 17122K->1435K(18432K), 0.0007850 secs] 42931K->27972K(59392K), 0.0008150 secs] [Times: user=0.01 sys=0.00, real=0.00 secs] 
77.821: Total time for which application threads were stopped: 0.0010120 seconds, Stopping threads took: 0.0001420 seconds
77.824: Application time: 0.0035890 seconds
77.824: [GC77.824: [ParNew: 17116K->1425K(18432K), 0.0006020 secs] 43653K->27994K(59392K), 0.0006320 secs] [Times: user=0.01 sys=0.00, real=0.00 secs] 
77.825: Total time for which application threads were stopped: 0.0007780 seconds, Stopping threads took: 0.0000850 seconds
77.829: Application time: 0.0038910 seconds
77.829: [GC77.829: [ParNew: 17113K->1437K(18432K), 0.0005470 secs] 43683K->28006K(59392K), 0.0005760 secs] [Times: user=0.00 sys=0.00, real=0.00 secs] 
77.830: Total time for which application threads were stopped: 0.0007990 seconds, Stopping threads took: 0.0001650 seconds
77.835: Application time: 0.0051150 seconds
77.835: [GC77.835: [ParNew: 17125K->1435K(18432K), 0.0013470 secs] 43694K->30895K(59392K), 0.0013780 secs] [Times: user=0.01 sys=0.00, real=0.00 secs] 
77.836: Total time for which application threads were stopped: 0.0015240 seconds, Stopping threads took: 0.0000850 seconds
77.844: Application time: 0.0078230 seconds
77.844: [GC77.844: [ParNew: 17116K->17116K(18432K), 0.0000110 secs]77.844: [Tenured: 29459K->25064K(40960K), 0.0077850 secs] 46576K->25064K(59392K), [Perm : 6079K->6079K(21248K)], 0.0078420 secs] [Times: user=0.00 sys=0.00, real=0.00 secs] 
77.852: Total time for which application threads were stopped: 0.0079920 seconds, Stopping threads took: 0.0000830 seconds
77.858: Application time: 0.0055990 seconds
77.858: [GC77.858: [ParNew: 15690K->1433K(18432K), 0.0018750 secs] 40754K->30773K(59392K), 0.0019100 secs] [Times: user=0.01 sys=0.00, real=0.00 secs] 
77.860: Total time for which application threads were stopped: 0.0020650 seconds, Stopping threads took: 0.0000930 seconds
77.864: Application time: 0.0038680 seconds
77.864: [GC77.864: [ParNew: 17113K->17113K(18432K), 0.0000100 secs]77.864: [Tenured: 29340K->26489K(40960K), 0.0099640 secs] 46453K->26489K(59392K), [Perm : 6079K->6079K(21248K)], 0.0100320 secs] [Times: user=0.01 sys=0.00, real=0.00 secs] 
77.874: Total time for which application threads were stopped: 0.0101860 seconds, Stopping threads took: 0.0000830 seconds
77.878: Application time: 0.0041150 seconds
77.878: [GC77.878: [ParNew: 15680K->1425K(18432K), 0.0010140 secs] 42170K->29339K(59392K), 0.0010490 secs] [Times: user=0.01 sys=0.00, real=0.00 secs] 
77.879: Total time for which application threads were stopped: 0.0015190 seconds, Stopping threads took: 0.0003910 seconds
77.903: Application time: 0.0240130 seconds
77.904: [GC77.904: [ParNew: 17183K->1495K(18432K), 0.0026330 secs] 45098K->36535K(59392K), 0.0026730 secs] [Times: user=0.02 sys=0.00, real=0.00 secs] 
77.906: Total time for which application threads were stopped: 0.0028500 seconds, Stopping threads took: 0.0001140 seconds
77.912: Application time: 0.0058970 seconds
77.912: [GC77.912: [ParNew: 17174K->17174K(18432K), 0.0000100 secs]77.912: [Tenured: 35040K->23696K(40960K), 0.0099350 secs] 52214K->23696K(59392K), [Perm : 6079K->6079K(21248K)], 0.0099940 secs] [Times: user=0.01 sys=0.00, real=0.02 secs] 
77.922: Total time for which application threads were stopped: 0.0101810 seconds, Stopping threads took: 0.0001190 seconds
77.928: Application time: 0.0057360 seconds
77.928: [GC77.928: [ParNew: 15679K->1425K(18432K), 0.0006000 secs] 39375K->25121K(59392K), 0.0006290 secs] [Times: user=0.00 sys=0.00, real=0.00 secs] 
77.929: Total time for which application threads were stopped: 0.0007920 seconds, Stopping threads took: 0.0000970 seconds
77.934: Application time: 0.0051880 seconds
77.935: [GC77.935: [ParNew: 17104K->1425K(18432K), 0.0009960 secs] 40800K->25833K(59392K), 0.0010310 secs] [Times: user=0.00 sys=0.00, real=0.00 secs] 
77.936: Total time for which application threads were stopped: 0.0020100 seconds, Stopping threads took: 0.0008980 seconds
77.940: Application time: 0.0040760 seconds
77.942: [GC77.942: [ParNew: 17116K->1441K(18432K), 0.0012270 secs] 41525K->27987K(59392K), 0.0012600 secs] [Times: user=0.01 sys=0.00, real=0.00 secs] 
77.944: Total time for which application threads were stopped: 0.0033740 seconds, Stopping threads took: 0.0020480 seconds
77.947: Application time: 0.0038420 seconds
77.948: [GC77.948: [ParNew: 17120K->1427K(18432K), 0.0007950 secs] 43666K->28029K(59392K), 0.0008240 secs] [Times: user=0.01 sys=0.00, real=0.00 secs] 
77.948: Total time for which application threads were stopped: 0.0010210 seconds, Stopping threads took: 0.0001430 seconds
77.952: Application time: 0.0036080 seconds
77.952: [GC77.952: [ParNew: 17106K->1425K(18432K), 0.0006180 secs] 43708K->28027K(59392K), 0.0006470 secs] [Times: user=0.00 sys=0.00, real=0.00 secs] 
77.953: Total time for which application threads were stopped: 0.0008620 seconds, Stopping threads took: 0.0001550 seconds
77.958: Application time: 0.0050340 seconds
77.958: [GC77.958: [ParNew: 17124K->1435K(18432K), 0.0021710 secs] 43727K->33737K(59392K), 0.0022070 secs] [Times: user=0.01 sys=0.00, real=0.00 secs] 
77.960: Total time for which application threads were stopped: 0.0023680 seconds, Stopping threads took: 0.0001000 seconds
77.965: Application time: 0.0042010 seconds
77.965: [GC77.965: [ParNew: 17117K->17117K(18432K), 0.0000110 secs]77.965: [Tenured: 32302K->23696K(40960K), 0.0099840 secs] 49419K->23696K(59392K), [Perm : 6079K->6079K(21248K)], 0.0100420 secs] [Times: user=0.01 sys=0.00, real=0.01 secs] 
77.975: Total time for which application threads were stopped: 0.0102960 seconds, Stopping threads took: 0.0001850 seconds
77.980: Application time: 0.0050710 seconds
77.980: [GC77.980: [ParNew: 15680K->1425K(18432K), 0.0007750 secs] 39377K->25121K(59392K), 0.0008040 secs] [Times: user=0.00 sys=0.00, real=0.00 secs] 
77.981: Total time for which application threads were stopped: 0.0009590 seconds, Stopping threads took: 0.0000970 seconds
77.985: Application time: 0.0045220 seconds
77.986: [GC77.986: [ParNew: 17107K->1425K(18432K), 0.0007200 secs] 40803K->25121K(59392K), 0.0007590 secs] [Times: user=0.00 sys=0.00, real=0.00 secs] 
77.987: Total time for which application threads were stopped: 0.0014240 seconds, Stopping threads took: 0.0006110 seconds
77.992: Application time: 0.0047590 seconds
77.992: [GC77.992: [ParNew: 17109K->1427K(18432K), 0.0013700 secs] 40805K->27261K(59392K), 0.0014070 secs] [Times: user=0.01 sys=0.00, real=0.00 secs] 
77.993: Total time for which application threads were stopped: 0.0017530 seconds, Stopping threads took: 0.0002650 seconds
77.998: Application time: 0.0044500 seconds
77.998: [GC77.998: [ParNew: 17124K->1439K(18432K), 0.0018730 secs] 42958K->31549K(59392K), 0.0019070 secs] [Times: user=0.01 sys=0.00, real=0.00 secs] 
78.000: Total time for which application threads were stopped: 0.0020480 seconds, Stopping threads took: 0.0000800 seconds
78.004: Application time: 0.0038600 seconds
78.004: [GC78.004: [ParNew: 17121K->1425K(18432K), 0.0008730 secs] 47231K->32311K(59392K), 0.0009030 secs] [Times: user=0.01 sys=0.00, real=0.00 secs] 
78.005: Total time for which application threads were stopped: 0.0012300 seconds, Stopping threads took: 0.0002660 seconds
78.009: Application time: 0.0038440 seconds
78.009: [GC78.009: [ParNew: 17106K->1425K(18432K), 0.0010270 secs] 47993K->33736K(59392K), 0.0010560 secs] [Times: user=0.00 sys=0.00, real=0.00 secs] 
78.010: Total time for which application threads were stopped: 0.0011840 seconds, Stopping threads took: 0.0000720 seconds
78.014: Application time: 0.0041300 seconds
78.015: [GC78.015: [ParNew: 17105K->1427K(18432K), 0.0009340 secs] 49417K->34451K(59392K), 0.0009700 secs] [Times: user=0.00 sys=0.00, real=0.00 secs] 
78.016: Total time for which application threads were stopped: 0.0018070 seconds, Stopping threads took: 0.0007630 seconds
78.020: Application time: 0.0044160 seconds
78.021: [GC78.021: [ParNew: 17106K->1429K(18432K), 0.0006610 secs] 50130K->34453K(59392K), 0.0006940 secs] [Times: user=0.00 sys=0.00, real=0.00 secs] 
78.021: Total time for which application threads were stopped: 0.0008470 seconds, Stopping threads took: 0.0000930 seconds
78.042: Application time: 0.0203000 seconds
78.042: [GC78.042: [ParNew: 17162K->1469K(18432K), 0.0019190 secs] 50186K->38768K(59392K), 0.0019570 secs] [Times: user=0.02 sys=0.00, real=0.01 secs] 
78.044: Total time for which application threads were stopped: 0.0021110 seconds, Stopping threads took: 0.0000890 seconds
78.051: Application time: 0.0075530 seconds
78.051: [GC78.051: [ParNew: 17148K->17148K(18432K), 0.0000110 secs]78.051: [Tenured: 37299K->22271K(40960K), 0.0106590 secs] 54447K->22271K(59392K), [Perm : 6079K->6079K(21248K)], 0.0107200 secs] [Times: user=0.01 sys=0.00, real=0.02 secs] 
78.062: Total time for which application threads were stopped: 0.0108990 seconds, Stopping threads took: 0.0001080 seconds
78.067: Application time: 0.0049010 seconds
78.067: [GC78.067: [ParNew: 15683K->1433K(18432K), 0.0008820 secs] 37954K->24416K(59392K), 0.0009150 secs] [Times: user=0.01 sys=0.00, real=0.00 secs] 
78.068: Total time for which application threads were stopped: 0.0010640 seconds, Stopping threads took: 0.0000890 seconds
78.072: Application time: 0.0043530 seconds
78.073: [GC78.073: [ParNew: 17114K->1427K(18432K), 0.0017420 secs] 40098K->27997K(59392K), 0.0017760 secs] [Times: user=0.01 sys=0.00, real=0.01 secs] 
78.074: Total time for which application threads were stopped: 0.0019300 seconds, Stopping threads took: 0.0000910 seconds
78.083: Application time: 0.0085470 seconds
78.083: [GC78.083: [ParNew: 17113K->1437K(18432K), 0.0011280 secs] 43683K->29432K(59392K), 0.0011560 secs] [Times: user=0.01 sys=0.00, real=0.00 secs] 
78.084: Total time for which application threads were stopped: 0.0012870 seconds, Stopping threads took: 0.0000740 seconds
78.091: Application time: 0.0067310 seconds
78.091: [GC78.091: [ParNew: 17118K->1427K(18432K), 0.0012980 secs] 45114K->31592K(59392K), 0.0013320 secs] [Times: user=0.00 sys=0.00, real=0.00 secs] 
78.092: Total time for which application threads were stopped: 0.0014790 seconds, Stopping threads took: 0.0000890 seconds
78.098: Application time: 0.0051980 seconds
78.098: [GC78.098: [ParNew: 17114K->1431K(18432K), 0.0010950 secs] 47279K->33021K(59392K), 0.0011360 secs] [Times: user=0.01 sys=0.00, real=0.00 secs] 
78.099: Total time for which application threads were stopped: 0.0013090 seconds, Stopping threads took: 0.0001050 seconds
78.103: Application time: 0.0038680 seconds
78.103: [GC78.103: [ParNew: 17112K->1425K(18432K), 0.0011250 secs] 48702K->34472K(59392K), 0.0011550 secs] [Times: user=0.01 sys=0.00, real=0.00 secs] 
78.104: Total time for which application threads were stopped: 0.0012890 seconds, Stopping threads took: 0.0000790 seconds
78.128: Application time: 0.0234340 seconds
78.128: [GC78.128: [ParNew: 17115K->1437K(18432K), 0.0013770 secs] 50162K->38046K(59392K), 0.0014080 secs] [Times: user=0.01 sys=0.00, real=0.00 secs] 
78.129: Total time for which application threads were stopped: 0.0015390 seconds, Stopping threads took: 0.0000750 seconds
78.202: Application time: 0.0727410 seconds
78.202: [GC78.202: [ParNew: 17128K->17128K(18432K), 0.0000100 secs]78.202: [Tenured: 36609K->23639K(40960K), 0.0101060 secs] 53738K->23639K(59392K), [Perm : 6079K->6079K(21248K)], 0.0101620 secs] [Times: user=0.01 sys=0.00, real=0.01 secs] 
78.212: Total time for which application threads were stopped: 0.0102960 seconds, Stopping threads took: 0.0000690 seconds
78.269: Application time: 0.0569090 seconds
78.269: [GC78.269: [ParNew: 15691K->1425K(18432K), 0.0046290 secs] 39330K->39314K(59392K), 0.0046750 secs] [Times: user=0.03 sys=0.00, real=0.00 secs] 
78.274: Total time for which application threads were stopped: 0.0048490 seconds, Stopping threads took: 0.0001060 seconds
78.348: Application time: 0.0738880 seconds
78.348: [GC78.348: [ParNew: 17122K->17122K(18432K), 0.0000100 secs]78.348: [Tenured: 37889K->23640K(40960K), 0.0096130 secs] 55012K->23640K(59392K), [Perm : 6079K->6079K(21248K)], 0.0096630 secs] [Times: user=0.01 sys=0.00, real=0.01 secs] 
78.358: Total time for which application threads were stopped: 0.0097880 seconds, Stopping threads took: 0.0000590 seconds
78.411: Application time: 0.0532450 seconds
78.411: [GC78.411: [ParNew: 15697K->1431K(18432K), 0.0046330 secs] 39338K->39321K(59392K), 0.0046760 secs] [Times: user=0.04 sys=0.00, real=0.01 secs] 
78.416: Total time for which application threads were stopped: 0.0049220 seconds, Stopping threads took: 0.0001610 seconds
78.484: Application time: 0.0680460 seconds
78.484: [GC78.484: [ParNew: 17122K->17122K(18432K), 0.0000100 secs]78.484: [Tenured: 37890K->25778K(40960K), 0.0101860 secs] 55013K->25778K(59392K), [Perm : 6079K->6079K(21248K)], 0.0102450 secs] [Times: user=0.01 sys=0.00, real=0.01 secs] 
78.494: Total time for which application threads were stopped: 0.0104300 seconds, Stopping threads took: 0.0001160 seconds
78.575: Application time: 0.0805510 seconds
78.575: [GC78.575: [ParNew: 15691K->1427K(18432K), 0.0043920 secs] 41470K->40743K(59392K), 0.0044310 secs] [Times: user=0.03 sys=0.00, real=0.00 secs] 
78.579: Total time for which application threads were stopped: 0.0045600 seconds, Stopping threads took: 0.0000630 seconds
78.646: Application time: 0.0663800 seconds
78.646: [GC78.646: [ParNew: 17118K->17118K(18432K), 0.0000100 secs]78.646: [Tenured: 39316K->25778K(40960K), 0.0099020 secs] 56435K->25778K(59392K), [Perm : 6079K->6079K(21248K)], 0.0099630 secs] [Times: user=0.01 sys=0.00, real=0.01 secs] 
78.656: Total time for which application threads were stopped: 0.0101420 seconds, Stopping threads took: 0.0000990 seconds
78.727: Application time: 0.0712280 seconds
78.727: [GC78.727: [ParNew: 15697K->15697K(18432K), 0.0000100 secs]78.727: [Tenured: 25778K->25777K(40960K), 0.0111360 secs] 41476K->25777K(59392K), [Perm : 6079K->6079K(21248K)], 0.0111940 secs] [Times: user=0.02 sys=0.00, real=0.01 secs] 
78.738: Total time for which application threads were stopped: 0.0113740 seconds, Stopping threads took: 0.0001140 seconds
78.813: Application time: 0.0743530 seconds
78.813: [GC78.813: [ParNew: 15691K->1425K(18432K), 0.0044480 secs] 41468K->40739K(59392K), 0.0044960 secs] [Times: user=0.03 sys=0.00, real=0.01 secs] 
78.817: Total time for which application threads were stopped: 0.0046880 seconds, Stopping threads took: 0.0001260 seconds
78.892: Application time: 0.0742190 seconds
78.892: [GC78.892: [ParNew: 17116K->17116K(18432K), 0.0000120 secs]78.892: [Tenured: 39314K->24351K(40960K), 0.0105000 secs] 56431K->24351K(59392K), [Perm : 6079K->6079K(21248K)], 0.0105620 secs] [Times: user=0.01 sys=0.00, real=0.02 secs] 
78.903: Total time for which application threads were stopped: 0.0108040 seconds, Stopping threads took: 0.0001710 seconds
78.960: Application time: 0.0576880 seconds
78.960: [GC78.960: [ParNew: 15704K->1437K(18432K), 0.0047090 secs] 40056K->40039K(59392K), 0.0047550 secs] [Times: user=0.04 sys=0.00, real=0.01 secs] 
78.965: Total time for which application threads were stopped: 0.0049170 seconds, Stopping threads took: 0.0000940 seconds
79.036: Application time: 0.0712410 seconds
79.036: [GC79.036: [ParNew: 17128K->17128K(18432K), 0.0000110 secs]79.036: [Tenured: 38602K->27203K(40960K), 0.0101530 secs] 55731K->27203K(59392K), [Perm : 6079K->6079K(21248K)], 0.0102120 secs] [Times: user=0.01 sys=0.00, real=0.01 secs] 
79.047: Total time for which application threads were stopped: 0.0103430 seconds, Stopping threads took: 0.0000630 seconds
79.109: Application time: 0.0624530 seconds
79.109: [GC79.109: [ParNew: 15710K->15710K(18432K), 0.0000100 secs]79.109: [Tenured: 27203K->27918K(40960K), 0.0090530 secs] 42914K->27918K(59392K), [Perm : 6079K->6079K(21248K)], 0.0091090 secs] [Times: user=0.01 sys=0.00, real=0.01 secs] 
79.118: Total time for which application threads were stopped: 0.0092760 seconds, Stopping threads took: 0.0001000 seconds
79.182: Application time: 0.0630850 seconds
79.182: [GC79.182: [ParNew: 15691K->15691K(18432K), 0.0000100 secs]79.182: [Tenured: 27918K->29339K(40960K), 0.0107090 secs] 43610K->29339K(59392K), [Perm : 6079K->6079K(21248K)], 0.0107670 secs] [Times: user=0.01 sys=0.00, real=0.01 secs] 
79.192: Total time for which application threads were stopped: 0.0109120 seconds, Stopping threads took: 0.0000640 seconds
79.269: Application time: 0.0768060 seconds
79.269: [GC79.269: [ParNew: 15691K->15691K(18432K), 0.0000110 secs]79.269: [Tenured: 29339K->29339K(40960K), 0.0105890 secs] 45031K->29339K(59392K), [Perm : 6079K->6079K(21248K)], 0.0106490 secs] [Times: user=0.01 sys=0.00, real=0.01 secs] 
79.280: Total time for which application threads were stopped: 0.0108330 seconds, Stopping threads took: 0.0001140 seconds
79.351: Application time: 0.0708650 seconds
79.351: [GC79.351: [ParNew: 15700K->15700K(18432K), 0.0000090 secs]79.351: [Tenured: 29339K->29340K(40960K), 0.0098780 secs] 45039K->29340K(59392K), [Perm : 6079K->6079K(21248K)], 0.0099380 secs] [Times: user=0.01 sys=0.00, real=0.01 secs] 
79.361: Total time for which application threads were stopped: 0.0101340 seconds, Stopping threads took: 0.0001060 seconds
79.417: Application time: 0.0555100 seconds
79.417: [GC79.417: [ParNew: 15698K->15698K(18432K), 0.0000100 secs]79.417: [Tenured: 29340K->29340K(40960K), 0.0100600 secs] 45038K->29340K(59392K), [Perm : 6079K->6079K(21248K)], 0.0101180 secs] [Times: user=0.01 sys=0.00, real=0.01 secs] 
79.427: Total time for which application threads were stopped: 0.0102490 seconds, Stopping threads took: 0.0000650 seconds
79.497: Application time: 0.0697410 seconds
79.497: [GC79.497: [ParNew: 15689K->15689K(18432K), 0.0000100 secs]79.497: [Tenured: 29340K->27914K(40960K), 0.0116220 secs] 45029K->27914K(59392K), [Perm : 6079K->6079K(21248K)], 0.0116830 secs] [Times: user=0.01 sys=0.00, real=0.01 secs] 
79.508: Total time for which application threads were stopped: 0.0118810 seconds, Stopping threads took: 0.0001100 seconds
79.576: Application time: 0.0679360 seconds
79.577: [GC79.577: [ParNew: 15691K->15691K(18432K), 0.0000100 secs]79.577: [Tenured: 27914K->27914K(40960K), 0.0090130 secs] 43606K->27914K(59392K), [Perm : 6079K->6079K(21248K)], 0.0090720 secs] [Times: user=0.01 sys=0.00, real=0.01 secs] 
79.586: Total time for which application threads were stopped: 0.0093230 seconds, Stopping threads took: 0.0001640 seconds
79.656: Application time: 0.0700620 seconds
79.656: [GC79.656: [ParNew: 15691K->15691K(18432K), 0.0000100 secs]79.656: [Tenured: 27914K->27914K(40960K), 0.0105110 secs] 43606K->27914K(59392K), [Perm : 6079K->6079K(21248K)], 0.0105710 secs] [Times: user=0.01 sys=0.00, real=0.01 secs] 
79.667: Total time for which application threads were stopped: 0.0107860 seconds, Stopping threads took: 0.0001270 seconds
79.718: Application time: 0.0518260 seconds
79.719: [GC79.719: [ParNew: 15698K->15698K(18432K), 0.0000100 secs]79.719: [Tenured: 27914K->28628K(40960K), 0.0100260 secs] 43613K->28628K(59392K), [Perm : 6079K->6079K(21248K)], 0.0100860 secs] [Times: user=0.01 sys=0.00, real=0.01 secs] 
79.729: Total time for which application threads were stopped: 0.0102400 seconds, Stopping threads took: 0.0000690 seconds
79.796: Application time: 0.0677220 seconds
79.797: [GC79.797: [ParNew: 15689K->15689K(18432K), 0.0000110 secs]79.797: [Tenured: 28628K->27202K(40960K), 0.0123830 secs] 44318K->27202K(59392K), [Perm : 6079K->6079K(21248K)], 0.0124410 secs] [Times: user=0.01 sys=0.00, real=0.01 secs] 
79.809: Total time for which application threads were stopped: 0.0126420 seconds, Stopping threads took: 0.0001080 seconds
79.854: Application time: 0.0449650 seconds
79.854: [GC79.854: [ParNew: 15689K->15689K(18432K), 0.0000120 secs]79.854: [Tenured: 27202K->27915K(40960K), 0.0108030 secs] 42892K->27915K(59392K), [Perm : 6079K->6079K(21248K)], 0.0108650 secs] [Times: user=0.01 sys=0.00, real=0.01 secs] 
79.865: Total time for which application threads were stopped: 0.0111990 seconds, Stopping threads took: 0.0002440 seconds
79.937: Application time: 0.0713300 seconds
79.937: [GC79.937: [ParNew: 15689K->15689K(18432K), 0.0000110 secs]79.937: [Tenured: 27915K->27202K(40960K), 0.0105080 secs] 43605K->27202K(59392K), [Perm : 6079K->6079K(21248K)], 0.0105700 secs] [Times: user=0.01 sys=0.00, real=0.01 secs] 
79.947: Total time for which application threads were stopped: 0.0107680 seconds, Stopping threads took: 0.0001090 seconds
80.007: Application time: 0.0600570 seconds
80.007: [GC80.008: [ParNew: 15689K->15689K(18432K), 0.0000110 secs]80.008: [Tenured: 27202K->27202K(40960K), 0.0111630 secs] 42892K->27202K(59392K), [Perm : 6079K->6079K(21248K)], 0.0112220 secs] [Times: user=0.01 sys=0.00, real=0.01 secs] 
80.019: Total time for which application threads were stopped: 0.0114020 seconds, Stopping threads took: 0.0001100 seconds
80.079: Application time: 0.0606250 seconds
80.080: [GC80.080: [ParNew: 15707K->15707K(18432K), 0.0000110 secs]80.080: [Tenured: 27202K->24352K(40960K), 0.0102300 secs] 42909K->24352K(59392K), [Perm : 6079K->6079K(21248K)], 0.0102900 secs] [Times: user=0.01 sys=0.00, real=0.01 secs] 
80.090: Total time for which application threads were stopped: 0.0104750 seconds, Stopping threads took: 0.0001070 seconds
80.134: Application time: 0.0443330 seconds
80.134: [GC80.134: [ParNew: 15705K->1435K(18432K), 0.0035580 secs] 40057K->36475K(59392K), 0.0035970 secs] [Times: user=0.03 sys=0.00, real=0.00 secs] 
80.138: Total time for which application threads were stopped: 0.0037690 seconds, Stopping threads took: 0.0001070 seconds
80.184: Application time: 0.0464740 seconds
80.185: [GC80.185: [ParNew: 17132K->17132K(18432K), 0.0000090 secs]80.185: [Tenured: 35040K->23640K(40960K), 0.0098960 secs] 52172K->23640K(59392K), [Perm : 6079K->6079K(21248K)], 0.0099530 secs] [Times: user=0.01 sys=0.00, real=0.01 secs] 
80.195: Total time for which application threads were stopped: 0.0100900 seconds, Stopping threads took: 0.0000660 seconds
80.265: Application time: 0.0701140 seconds
80.265: [GC80.265: [ParNew: 15688K->1425K(18432K), 0.0035730 secs] 39328K->35753K(59392K), 0.0036150 secs] [Times: user=0.03 sys=0.00, real=0.00 secs] 
80.268: Total time for which application threads were stopped: 0.0037800 seconds, Stopping threads took: 0.0000910 seconds
80.300: Application time: 0.0316340 seconds
80.300: [GC80.300: [ParNew: 17113K->17113K(18432K), 0.0000090 secs]80.300: [Tenured: 34328K->25065K(40960K), 0.0093860 secs] 51442K->25065K(59392K), [Perm : 6079K->6079K(21248K)], 0.0094580 secs] [Times: user=0.01 sys=0.00, real=0.01 secs] 
80.310: Total time for which application threads were stopped: 0.0096080 seconds, Stopping threads took: 0.0000700 seconds
80.364: Application time: 0.0543560 seconds
80.364: [GC80.364: [ParNew: 15695K->1431K(18432K), 0.0036730 secs] 40760K->37185K(59392K), 0.0037170 secs] [Times: user=0.03 sys=0.00, real=0.00 secs] 
80.368: Total time for which application threads were stopped: 0.0039910 seconds, Stopping threads took: 0.0001890 seconds
80.426: Application time: 0.0576170 seconds
80.426: [GC80.426: [ParNew: 17126K->17126K(18432K), 0.0000100 secs]80.426: [Tenured: 35754K->25067K(40960K), 0.0091340 secs] 52880K->25067K(59392K), [Perm : 6079K->6079K(21248K)], 0.0091900 secs] [Times: user=0.01 sys=0.00, real=0.01 secs] 
80.435: Total time for which application threads were stopped: 0.0093270 seconds, Stopping threads took: 0.0000710 seconds
80.495: Application time: 0.0600990 seconds
80.495: [GC80.495: [ParNew: 15688K->1425K(18432K), 0.0035210 secs] 40756K->37181K(59392K), 0.0035620 secs] [Times: user=0.02 sys=0.00, real=0.00 secs] 
80.499: Total time for which application threads were stopped: 0.0037190 seconds, Stopping threads took: 0.0000820 seconds
80.539: Application time: 0.0400020 seconds
80.539: [GC80.539: [ParNew: 17113K->17113K(18432K), 0.0000100 secs]80.539: [Tenured: 35756K->25066K(40960K), 0.0112700 secs] 52870K->25066K(59392K), [Perm : 6079K->6079K(21248K)], 0.0113310 secs] [Times: user=0.02 sys=0.00, real=0.01 secs] 
80.550: Total time for which application threads were stopped: 0.0114710 seconds, Stopping threads took: 0.0000690 seconds
80.602: Application time: 0.0521620 seconds
80.603: [GC80.603: [ParNew: 15688K->1425K(18432K), 0.0034970 secs] 40754K->37179K(59392K), 0.0035360 secs] [Times: user=0.03 sys=0.00, real=0.00 secs] 
80.606: Total time for which application threads were stopped: 0.0037250 seconds, Stopping threads took: 0.0001250 seconds
80.669: Application time: 0.0625670 seconds
80.669: [GC80.669: [ParNew: 17113K->17113K(18432K), 0.0000100 secs]80.669: [Tenured: 35754K->25066K(40960K), 0.0100590 secs] 52868K->25066K(59392K), [Perm : 6079K->6079K(21248K)], 0.0101200 secs] [Times: user=0.01 sys=0.00, real=0.01 secs] 
80.679: Total time for which application threads were stopped: 0.0103250 seconds, Stopping threads took: 0.0001140 seconds
80.719: Application time: 0.0400840 seconds
80.719: [GC80.719: [ParNew: 15695K->1433K(18432K), 0.0035410 secs] 40761K->37188K(59392K), 0.0035800 secs] [Times: user=0.03 sys=0.00, real=0.01 secs] 
80.723: Total time for which application threads were stopped: 0.0037050 seconds, Stopping threads took: 0.0000630 seconds
80.769: Application time: 0.0463920 seconds
80.769: [GC80.769: [ParNew: 17122K->17122K(18432K), 0.0000110 secs]80.769: [Tenured: 35755K->25779K(40960K), 0.0108830 secs] 52877K->25779K(59392K), [Perm : 6079K->6079K(21248K)], 0.0109450 secs] [Times: user=0.01 sys=0.00, real=0.01 secs] 
80.780: Total time for which application threads were stopped: 0.0111410 seconds, Stopping threads took: 0.0001120 seconds
80.847: Application time: 0.0670950 seconds
80.848: [GC80.848: [ParNew: 15688K->15688K(18432K), 0.0000110 secs]80.848: [Tenured: 25779K->24354K(40960K), 0.0106130 secs] 41468K->24354K(59392K), [Perm : 6079K->6079K(21248K)], 0.0106730 secs] [Times: user=0.01 sys=0.00, real=0.01 secs] 
80.858: Total time for which application threads were stopped: 0.0108740 seconds, Stopping threads took: 0.0001130 seconds
80.901: Application time: 0.0421850 seconds
80.901: [GC80.901: [ParNew: 15688K->1425K(18432K), 0.0033300 secs] 40043K->35756K(59392K), 0.0033650 secs] [Times: user=0.03 sys=0.00, real=0.01 secs] 
80.904: Total time for which application threads were stopped: 0.0034940 seconds, Stopping threads took: 0.0000660 seconds
80.956: Application time: 0.0523010 seconds
80.956: [GC80.956: [ParNew: 17114K->17114K(18432K), 0.0000190 secs]80.956: [Tenured: 34330K->25779K(40960K), 0.0108390 secs] 51445K->25779K(59392K), [Perm : 6079K->6079K(21248K)], 0.0109080 secs] [Times: user=0.01 sys=0.00, real=0.01 secs] 
80.967: Total time for which application threads were stopped: 0.0110410 seconds, Stopping threads took: 0.0000620 seconds
81.021: Application time: 0.0540140 seconds
81.022: [GC81.022: [ParNew: 15695K->15695K(18432K), 0.0000110 secs]81.022: [Tenured: 25779K->25780K(40960K), 0.0099730 secs] 41474K->25780K(59392K), [Perm : 6079K->6079K(21248K)], 0.0100280 secs] [Times: user=0.01 sys=0.00, real=0.01 secs] 
81.032: Total time for which application threads were stopped: 0.0101650 seconds, Stopping threads took: 0.0000700 seconds
81.099: Application time: 0.0671700 seconds
81.099: [GC81.099: [ParNew: 15695K->15695K(18432K), 0.0000100 secs]81.099: [Tenured: 25780K->26493K(40960K), 0.0099070 secs] 41475K->26493K(59392K), [Perm : 6079K->6079K(21248K)], 0.0099670 secs] [Times: user=0.01 sys=0.00, real=0.01 secs] 
81.109: Total time for which application threads were stopped: 0.0100970 seconds, Stopping threads took: 0.0000610 seconds
81.141: Application time: 0.0325400 seconds
81.142: [GC81.142: [ParNew: 15688K->15688K(18432K), 0.0000100 secs]81.142: [Tenured: 26493K->26493K(40960K), 0.0099360 secs] 42182K->26493K(59392K), [Perm : 6079K->6079K(21248K)], 0.0099950 secs] [Times: user=0.01 sys=0.00, real=0.01 secs] 
81.152: Total time for which application threads were stopped: 0.0101800 seconds, Stopping threads took: 0.0000930 seconds
81.208: Application time: 0.0564390 seconds
81.208: [GC81.208: [ParNew: 15702K->15702K(18432K), 0.0000100 secs]81.208: [Tenured: 26493K->27204K(40960K), 0.0119000 secs] 42195K->27204K(59392K), [Perm : 6079K->6079K(21248K)], 0.0119590 secs] [Times: user=0.01 sys=0.00, real=0.01 secs] 
81.220: Total time for which application threads were stopped: 0.0121350 seconds, Stopping threads took: 0.0001070 seconds
81.278: Application time: 0.0576200 seconds
81.278: [GC81.278: [ParNew: 15695K->15695K(18432K), 0.0000110 secs]81.278: [Tenured: 27204K->27917K(40960K), 0.0114340 secs] 42899K->27917K(59392K), [Perm : 6079K->6079K(21248K)], 0.0114890 secs] [Times: user=0.01 sys=0.00, real=0.01 secs] 
81.289: Total time for which application threads were stopped: 0.0117030 seconds, Stopping threads took: 0.0001350 seconds
81.332: Application time: 0.0429240 seconds
81.332: [GC81.333: [ParNew: 15690K->15690K(18432K), 0.0000100 secs]81.333: [Tenured: 27917K->28630K(40960K), 0.0099590 secs] 43608K->28630K(59392K), [Perm : 6079K->6079K(21248K)], 0.0100180 secs] [Times: user=0.01 sys=0.00, real=0.02 secs] 
81.343: Total time for which application threads were stopped: 0.0101530 seconds, Stopping threads took: 0.0000650 seconds
81.408: Application time: 0.0658040 seconds
81.408: [GC81.409: [ParNew: 15688K->15688K(18432K), 0.0000100 secs]81.409: [Tenured: 28630K->29342K(40960K), 0.0106160 secs] 44318K->29342K(59392K), [Perm : 6079K->6079K(21248K)], 0.0106770 secs] [Times: user=0.01 sys=0.00, real=0.01 secs] 
81.419: Total time for which application threads were stopped: 0.0108490 seconds, Stopping threads took: 0.0001050 seconds
81.448: Application time: 0.0292160 seconds
81.449: [GC81.449: [ParNew: 15719K->15719K(18432K), 0.0000110 secs]81.449: [Tenured: 29342K->29341K(40960K), 0.0121430 secs] 45062K->29341K(59392K), [Perm : 6079K->6079K(21248K)], 0.0122040 secs] [Times: user=0.01 sys=0.00, real=0.01 secs] 
81.461: Total time for which application threads were stopped: 0.0123540 seconds, Stopping threads took: 0.0000800 seconds
81.470: Application time: 0.0092840 seconds
81.470: [GC81.470: [ParNew: 15677K->15677K(18432K), 0.0000110 secs]81.470: [Tenured: 29341K->30054K(40960K), 0.0065380 secs] 45018K->30054K(59392K), [Perm : 6079K->6079K(21248K)], 0.0065920 secs] [Times: user=0.01 sys=0.00, real=0.01 secs] 
81.477: Total time for which application threads were stopped: 0.0067310 seconds, Stopping threads took: 0.0000740 seconds
81.482: Application time: 0.0054640 seconds
81.482: [GC81.482: [ParNew: 15688K->15688K(18432K), 0.0000100 secs]81.482: [Tenured: 30054K->30054K(40960K), 0.0099590 secs] 45742K->30054K(59392K), [Perm : 6079K->6079K(21248K)], 0.0100250 secs] [Times: user=0.01 sys=0.00, real=0.00 secs] 
81.492: Total time for which application threads were stopped: 0.0101910 seconds, Stopping threads took: 0.0000980 seconds
81.497: Application time: 0.0045820 seconds
81.497: [GC81.497: [ParNew: 15677K->15677K(18432K), 0.0000100 secs]81.497: [Tenured: 30054K->30766K(40960K), 0.0061730 secs] 45731K->30766K(59392K), [Perm : 6079K->6079K(21248K)], 0.0062250 secs] [Times: user=0.01 sys=0.00, real=0.01 secs] 
81.503: Total time for which application threads were stopped: 0.0063690 seconds, Stopping threads took: 0.0000810 seconds
81.510: Application time: 0.0068200 seconds
81.510: [GC81.510: [ParNew: 15687K->15687K(18432K), 0.0000110 secs]81.510: [Tenured: 30766K->28629K(40960K), 0.0105220 secs] 46454K->28629K(59392K), [Perm : 6079K->6079K(21248K)], 0.0105860 secs] [Times: user=0.01 sys=0.00, real=0.01 secs] 
81.521: Total time for which application threads were stopped: 0.0107870 seconds, Stopping threads took: 0.0001280 seconds
81.528: Application time: 0.0069940 seconds
81.528: [GC81.528: [ParNew: 15678K->15678K(18432K), 0.0000100 secs]81.528: [Tenured: 28629K->30054K(40960K), 0.0065170 secs] 44308K->30054K(59392K), [Perm : 6079K->6079K(21248K)], 0.0065720 secs] [Times: user=0.01 sys=0.00, real=0.01 secs] 
81.535: Total time for which application threads were stopped: 0.0067440 seconds, Stopping threads took: 0.0001040 seconds
81.542: Application time: 0.0067700 seconds
81.542: [GC81.542: [ParNew: 15686K->15686K(18432K), 0.0000110 secs]81.542: [Tenured: 30054K->29342K(40960K), 0.0062130 secs] 45741K->29342K(59392K), [Perm : 6079K->6079K(21248K)], 0.0062710 secs] [Times: user=0.01 sys=0.00, real=0.01 secs] 
81.548: Total time for which application threads were stopped: 0.0065370 seconds, Stopping threads took: 0.0001780 seconds
81.552: Application time: 0.0035000 seconds
81.552: [GC81.552: [ParNew: 15680K->15680K(18432K), 0.0000100 secs]81.552: [Tenured: 29342K->30768K(40960K), 0.0061380 secs] 45023K->30768K(59392K), [Perm : 6079K->6079K(21248K)], 0.0061950 secs] [Times: user=0.01 sys=0.00, real=0.01 secs] 
81.558: Total time for which application threads were stopped: 0.0063390 seconds, Stopping threads took: 0.0000740 seconds
81.562: Application time: 0.0040880 seconds
81.563: [GC81.563: [ParNew: 15682K->15682K(18432K), 0.0000110 secs]81.563: [Tenured: 30768K->28628K(40960K), 0.0110870 secs] 46450K->28628K(59392K), [Perm : 6079K->6079K(21248K)], 0.0111540 secs] [Times: user=0.01 sys=0.00, real=0.00 secs] 
81.574: Total time for which application threads were stopped: 0.0119540 seconds, Stopping threads took: 0.0007120 seconds
81.587: Application time: 0.0133170 seconds
81.588: [GC81.588: [ParNew: 15725K->15725K(18432K), 0.0000110 secs]81.588: [Tenured: 28628K->27232K(40960K), 0.0104520 secs] 44353K->27232K(59392K), [Perm : 6079K->6079K(21248K)], 0.0105140 secs] [Times: user=0.02 sys=0.00, real=0.01 secs] 
81.598: Total time for which application threads were stopped: 0.0109710 seconds, Stopping threads took: 0.0003640 seconds
81.606: Application time: 0.0079040 seconds
81.606: [GC81.606: [ParNew: 15679K->15679K(18432K), 0.0000110 secs]81.606: [Tenured: 27232K->28657K(40960K), 0.0071640 secs] 42911K->28657K(59392K), [Perm : 6079K->6079K(21248K)], 0.0072220 secs] [Times: user=0.01 sys=0.00, real=0.00 secs] 
81.614: Total time for which application threads were stopped: 0.0074740 seconds, Stopping threads took: 0.0001740 seconds
81.620: Application time: 0.0067310 seconds
81.621: [GC81.621: [ParNew: 15683K->15683K(18432K), 0.0000110 secs]81.621: [Tenured: 28657K->30083K(40960K), 0.0069460 secs] 44340K->30083K(59392K), [Perm : 6079K->6079K(21248K)], 0.0070020 secs] [Times: user=0.01 sys=0.00, real=0.01 secs] 
81.628: Total time for which application threads were stopped: 0.0071970 seconds, Stopping threads took: 0.0001290 seconds
81.632: Application time: 0.0040660 seconds
81.632: [GC81.632: [ParNew: 15677K->15677K(18432K), 0.0000100 secs]81.632: [Tenured: 30083K->27916K(40960K), 0.0102970 secs] 45760K->27916K(59392K), [Perm : 6079K->6079K(21248K)], 0.0103670 secs] [Times: user=0.01 sys=0.00, real=0.02 secs] 
81.642: Total time for which application threads were stopped: 0.0105670 seconds, Stopping threads took: 0.0001290 seconds
81.649: Application time: 0.0070960 seconds
81.649: [GC81.649: [ParNew: 15690K->15690K(18432K), 0.0000110 secs]81.649: [Tenured: 27916K->25778K(40960K), 0.0094690 secs] 43606K->25778K(59392K), [Perm : 6079K->6079K(21248K)], 0.0095280 secs] [Times: user=0.01 sys=0.00, real=0.01 secs] 
81.659: Total time for which application threads were stopped: 0.0097220 seconds, Stopping threads took: 0.0001210 seconds
81.665: Application time: 0.0063800 seconds
81.666: [GC81.666: [ParNew: 15683K->15683K(18432K), 0.0000100 secs]81.666: [Tenured: 25778K->25778K(40960K), 0.0094490 secs] 41461K->25778K(59392K), [Perm : 6079K->6079K(21248K)], 0.0095080 secs] [Times: user=0.01 sys=0.00, real=0.01 secs] 
81.675: Total time for which application threads were stopped: 0.0100850 seconds, Stopping threads took: 0.0005060 seconds
81.682: Application time: 0.0063060 seconds
81.682: [GC81.682: [ParNew: 15688K->15688K(18432K), 0.0000110 secs]81.682: [Tenured: 25778K->29342K(40960K), 0.0072880 secs] 41467K->29342K(59392K), [Perm : 6079K->6079K(21248K)], 0.0073430 secs] [Times: user=0.00 sys=0.00, real=0.01 secs] 
81.689: Total time for which application threads were stopped: 0.0074840 seconds, Stopping threads took: 0.0000730 seconds
81.693: Application time: 0.0040440 seconds
81.693: [GC81.693: [ParNew: 15680K->15680K(18432K), 0.0000110 secs]81.693: [Tenured: 29342K->27916K(40960K), 0.0078280 secs] 45023K->27916K(59392K), [Perm : 6079K->6079K(21248K)], 0.0078870 secs] [Times: user=0.01 sys=0.00, real=0.01 secs] 
81.701: Total time for which application threads were stopped: 0.0080370 seconds, Stopping threads took: 0.0000790 seconds
81.705: Application time: 0.0040690 seconds
81.706: [GC81.706: [ParNew: 15678K->15678K(18432K), 0.0000110 secs]81.706: [Tenured: 27916K->29341K(40960K), 0.0068140 secs] 43595K->29341K(59392K), [Perm : 6079K->6079K(21248K)], 0.0068690 secs] [Times: user=0.00 sys=0.00, real=0.00 secs] 
81.712: Total time for which application threads were stopped: 0.0070190 seconds, Stopping threads took: 0.0000830 seconds
81.762: Application time: 0.0497590 seconds
81.762: [GC81.762: [ParNew: 15696K->15696K(18432K), 0.0000100 secs]81.762: [Tenured: 29341K->27203K(40960K), 0.0093500 secs] 45038K->27203K(59392K), [Perm : 6079K->6079K(21248K)], 0.0094160 secs] [Times: user=0.01 sys=0.00, real=0.00 secs] 
81.772: Total time for which application threads were stopped: 0.0095450 seconds, Stopping threads took: 0.0000610 seconds
81.817: Application time: 0.0450220 seconds
81.817: [GC81.817: [ParNew: 15690K->15690K(18432K), 0.0000100 secs]81.817: [Tenured: 27203K->27916K(40960K), 0.0092780 secs] 42893K->27916K(59392K), [Perm : 6079K->6079K(21248K)], 0.0093360 secs] [Times: user=0.01 sys=0.00, real=0.01 secs] 
81.826: Total time for which application threads were stopped: 0.0096330 seconds, Stopping threads took: 0.0002050 seconds
81.880: Application time: 0.0536340 seconds
81.880: [GC81.880: [ParNew: 15719K->15719K(18432K), 0.0000100 secs]81.880: [Tenured: 27916K->27203K(40960K), 0.0116410 secs] 43635K->27203K(59392K), [Perm : 6079K->6079K(21248K)], 0.0117020 secs] [Times: user=0.01 sys=0.00, real=0.01 secs] 
81.892: Total time for which application threads were stopped: 0.0119080 seconds, Stopping threads took: 0.0001270 seconds
81.899: Application time: 0.0073370 seconds
81.899: [GC81.899: [ParNew: 15679K->15679K(18432K), 0.0000100 secs]81.899: [Tenured: 27203K->27916K(40960K), 0.0095390 secs] 42882K->27916K(59392K), [Perm : 6079K->6079K(21248K)], 0.0095980 secs] [Times: user=0.01 sys=0.00, real=0.01 secs] 
81.909: Total time for which application threads were stopped: 0.0097540 seconds, Stopping threads took: 0.0000860 seconds
81.916: Application time: 0.0068040 seconds
81.916: [GC81.916: [ParNew: 15685K->15685K(18432K), 0.0000100 secs]81.916: [Tenured: 27916K->28628K(40960K), 0.0099460 secs] 43601K->28628K(59392K), [Perm : 6079K->6079K(21248K)], 0.0100080 secs] [Times: user=0.01 sys=0.00, real=0.01 secs] 
81.926: Total time for which application threads were stopped: 0.0101920 seconds, Stopping threads took: 0.0000940 seconds
81.931: Application time: 0.0046490 seconds
81.931: [GC81.931: [ParNew: 15677K->15677K(18432K), 0.0000110 secs]81.931: [Tenured: 28628K->29341K(40960K), 0.0069000 secs] 44305K->29341K(59392K), [Perm : 6079K->6079K(21248K)], 0.0069630 secs] [Times: user=0.00 sys=0.00, real=0.01 secs] 
81.938: Total time for which application threads were stopped: 0.0071150 seconds, Stopping threads took: 0.0000790 seconds
81.944: Application time: 0.0064210 seconds
81.944: [GC81.944: [ParNew: 15687K->15687K(18432K), 0.0000100 secs]81.944: [Tenured: 29341K->27203K(40960K), 0.0092880 secs] 45028K->27203K(59392K), [Perm : 6079K->6079K(21248K)], 0.0093490 secs] [Times: user=0.01 sys=0.00, real=0.00 secs] 
81.954: Total time for which application threads were stopped: 0.0094990 seconds, Stopping threads took: 0.0000750 seconds
81.961: Application time: 0.0071680 seconds
81.961: [GC81.961: [ParNew: 15680K->15680K(18432K), 0.0000110 secs]81.961: [Tenured: 27203K->27203K(40960K), 0.0095740 secs] 42884K->27203K(59392K), [Perm : 6079K->6079K(21248K)], 0.0096360 secs] [Times: user=0.01 sys=0.00, real=0.01 secs] 
81.971: Total time for which application threads were stopped: 0.0097840 seconds, Stopping threads took: 0.0000750 seconds
81.977: Application time: 0.0063680 seconds
81.977: [GC81.977: [ParNew: 15682K->15682K(18432K), 0.0000110 secs]81.977: [Tenured: 27203K->27203K(40960K), 0.0092820 secs] 42885K->27203K(59392K), [Perm : 6079K->6079K(21248K)], 0.0093430 secs] [Times: user=0.01 sys=0.00, real=0.01 secs] 
81.987: Total time for which application threads were stopped: 0.0095730 seconds, Stopping threads took: 0.0001500 seconds
81.992: Application time: 0.0049100 seconds
81.992: [GC81.992: [ParNew: 15688K->15688K(18432K), 0.0000110 secs]81.992: [Tenured: 27203K->28629K(40960K), 0.0067810 secs] 42892K->28629K(59392K), [Perm : 6079K->6079K(21248K)], 0.0068350 secs] [Times: user=0.01 sys=0.00, real=0.01 secs] 
81.999: Total time for which application threads were stopped: 0.0069810 seconds, Stopping threads took: 0.0000800 seconds
82.002: Application time: 0.0035010 seconds
82.002: [GC82.002: [ParNew: 15678K->15678K(18432K), 0.0000110 secs]82.002: [Tenured: 28629K->27916K(40960K), 0.0071250 secs] 44308K->27916K(59392K), [Perm : 6079K->6079K(21248K)], 0.0071870 secs] [Times: user=0.00 sys=0.00, real=0.00 secs] 
82.009: Total time for which application threads were stopped: 0.0074320 seconds, Stopping threads took: 0.0001740 seconds
82.048: Application time: 0.0384220 seconds
82.048: [GC82.048: [ParNew: 15692K->15692K(18432K), 0.0000090 secs]82.048: [Tenured: 27916K->26490K(40960K), 0.0090190 secs] 43608K->26490K(59392K), [Perm : 6079K->6079K(21248K)], 0.0090760 secs] [Times: user=0.00 sys=0.00, real=0.01 secs] 
82.057: Total time for which application threads were stopped: 0.0092110 seconds, Stopping threads took: 0.0000680 seconds
82.097: Application time: 0.0403700 seconds
82.098: [GC82.098: [ParNew: 15689K->15689K(18432K), 0.0000110 secs]82.098: [Tenured: 26490K->26490K(40960K), 0.0108660 secs] 42180K->26490K(59392K), [Perm : 6079K->6079K(21248K)], 0.0109270 secs] [Times: user=0.01 sys=0.00, real=0.01 secs] 
82.109: Total time for which application threads were stopped: 0.0112280 seconds, Stopping threads took: 0.0002110 seconds
82.180: Application time: 0.0713850 seconds
82.180: [GC82.180: [ParNew: 15687K->15687K(18432K), 0.0000100 secs]82.180: [Tenured: 26490K->27203K(40960K), 0.0095480 secs] 42178K->27203K(59392K), [Perm : 6079K->6079K(21248K)], 0.0096080 secs] [Times: user=0.01 sys=0.00, real=0.01 secs] 
82.190: Total time for which application threads were stopped: 0.0098150 seconds, Stopping threads took: 0.0001390 seconds
82.247: Application time: 0.0572310 seconds
82.247: [GC82.247: [ParNew: 15689K->15689K(18432K), 0.0000100 secs]82.247: [Tenured: 27203K->27203K(40960K), 0.0099850 secs] 42892K->27203K(59392K), [Perm : 6079K->6079K(21248K)], 0.0100520 secs] [Times: user=0.01 sys=0.00, real=0.01 secs] 
82.257: Total time for which application threads were stopped: 0.0101820 seconds, Stopping threads took: 0.0000610 seconds
82.288: Application time: 0.0303270 seconds
82.288: [GC82.288: [ParNew: 15719K->15719K(18432K), 0.0000100 secs]82.288: [Tenured: 27203K->28657K(40960K), 0.0101990 secs] 42922K->28657K(59392K), [Perm : 6079K->6079K(21248K)], 0.0102580 secs] [Times: user=0.01 sys=0.00, real=0.01 secs] 
82.298: Total time for which application threads were stopped: 0.0104440 seconds, Stopping threads took: 0.0001040 seconds
82.307: Application time: 0.0092810 seconds
82.308: [GC82.308: [ParNew: 15677K->15677K(18432K), 0.0000110 secs]82.308: [Tenured: 28657K->27945K(40960K), 0.0065190 secs] 44334K->27945K(59392K), [Perm : 6079K->6079K(21248K)], 0.0065700 secs] [Times: user=0.01 sys=0.00, real=0.01 secs] 
82.314: Total time for which application threads were stopped: 0.0067100 seconds, Stopping threads took: 0.0000770 seconds
82.320: Application time: 0.0057060 seconds
82.320: [GC82.320: [ParNew: 15685K->15685K(18432K), 0.0000110 secs]82.320: [Tenured: 27945K->28657K(40960K), 0.0096830 secs] 43630K->28657K(59392K), [Perm : 6079K->6079K(21248K)], 0.0097460 secs] [Times: user=0.01 sys=0.00, real=0.01 secs] 
82.330: Total time for which application threads were stopped: 0.0099370 seconds, Stopping threads took: 0.0001080 seconds
82.334: Application time: 0.0043170 seconds
82.334: [GC82.334: [ParNew: 15677K->15677K(18432K), 0.0000100 secs]82.334: [Tenured: 28657K->27915K(40960K), 0.0110750 secs] 44334K->27915K(59392K), [Perm : 6079K->6079K(21248K)], 0.0111390 secs] [Times: user=0.01 sys=0.00, real=0.01 secs] 
82.345: Total time for which application threads were stopped: 0.0113990 seconds, Stopping threads took: 0.0001680 seconds
82.353: Application time: 0.0073230 seconds
82.353: [GC82.353: [ParNew: 15687K->15687K(18432K), 0.0000110 secs]82.353: [Tenured: 27915K->26490K(40960K), 0.0095890 secs] 43603K->26490K(59392K), [Perm : 6079K->6079K(21248K)], 0.0096500 secs] [Times: user=0.01 sys=0.00, real=0.02 secs] 
82.363: Total time for which application threads were stopped: 0.0097940 seconds, Stopping threads took: 0.0000700 seconds
82.369: Application time: 0.0063830 seconds
82.370: [GC82.370: [ParNew: 15681K->15681K(18432K), 0.0000100 secs]82.370: [Tenured: 26490K->25065K(40960K), 0.0084070 secs] 42171K->25065K(59392K), [Perm : 6079K->6079K(21248K)], 0.0084870 secs] [Times: user=0.01 sys=0.00, real=0.01 secs] 
82.378: Total time for which application threads were stopped: 0.0091010 seconds, Stopping threads took: 0.0005440 seconds
82.384: Application time: 0.0063960 seconds
82.385: [GC82.385: [ParNew: 16287K->16287K(18432K), 0.0000100 secs]82.385: [Tenured: 25065K->25102K(40960K), 0.0061740 secs] 41353K->25102K(59392K), [Perm : 6079K->6079K(21248K)], 0.0062310 secs] [Times: user=0.00 sys=0.00, real=0.00 secs] 
82.391: Total time for which application threads were stopped: 0.0063770 seconds, Stopping threads took: 0.0000790 seconds
82.395: Application time: 0.0040960 seconds
82.395: [GC82.395: [ParNew: 15823K->1431K(18432K), 0.0007240 secs] 40925K->26534K(59392K), 0.0007560 secs] [Times: user=0.00 sys=0.00, real=0.00 secs] 
82.396: Total time for which application threads were stopped: 0.0009760 seconds, Stopping threads took: 0.0001520 seconds
82.400: Application time: 0.0038820 seconds
82.400: [GC82.400: [ParNew: 17119K->17119K(18432K), 0.0000110 secs]82.400: [Tenured: 25102K->25065K(40960K), 0.0109580 secs] 42222K->25065K(59392K), [Perm : 6079K->6079K(21248K)], 0.0110170 secs] [Times: user=0.01 sys=0.00, real=0.01 secs] 
82.411: Total time for which application threads were stopped: 0.0111570 seconds, Stopping threads took: 0.0000690 seconds
82.415: Application time: 0.0045030 seconds
82.416: [GC82.416: [ParNew: 15681K->1427K(18432K), 0.0012890 secs] 40747K->28630K(59392K), 0.0013200 secs] [Times: user=0.01 sys=0.00, real=0.00 secs] 
82.417: Total time for which application threads were stopped: 0.0015250 seconds, Stopping threads took: 0.0001480 seconds
82.425: Application time: 0.0078990 seconds
82.425: [GC82.425: [ParNew: 17114K->17114K(18432K), 0.0000110 secs]82.425: [Tenured: 27203K->25065K(40960K), 0.0090300 secs] 44317K->25065K(59392K), [Perm : 6079K->6079K(21248K)], 0.0091000 secs] [Times: user=0.01 sys=0.00, real=0.01 secs] 
82.434: Total time for which application threads were stopped: 0.0092580 seconds, Stopping threads took: 0.0000900 seconds
82.438: Application time: 0.0038900 seconds
82.438: [GC82.438: [ParNew: 15685K->1437K(18432K), 0.0013690 secs] 40751K->28640K(59392K), 0.0014040 secs] [Times: user=0.01 sys=0.00, real=0.00 secs] 
82.440: Total time for which application threads were stopped: 0.0015410 seconds, Stopping threads took: 0.0000740 seconds
82.444: Application time: 0.0048300 seconds
82.445: [GC82.445: [ParNew: 17116K->17116K(18432K), 0.0000100 secs]82.445: [Tenured: 27202K->23639K(40960K), 0.0088250 secs] 44319K->23639K(59392K), [Perm : 6079K->6079K(21248K)], 0.0088830 secs] [Times: user=0.01 sys=0.00, real=0.00 secs] 
82.454: Total time for which application threads were stopped: 0.0090550 seconds, Stopping threads took: 0.0001030 seconds
82.461: Application time: 0.0076040 seconds
82.461: [GC82.461: [ParNew: 15686K->1435K(18432K), 0.0009440 secs] 39326K->25787K(59392K), 0.0009800 secs] [Times: user=0.00 sys=0.00, real=0.01 secs] 
82.462: Total time for which application threads were stopped: 0.0011430 seconds, Stopping threads took: 0.0001020 seconds
82.470: Application time: 0.0077270 seconds
82.470: [GC82.470: [ParNew: 17115K->714K(18432K), 0.0005180 secs] 41467K->25106K(59392K), 0.0005480 secs] [Times: user=0.00 sys=0.00, real=0.00 secs] 
82.471: Total time for which application threads were stopped: 0.0006820 seconds, Stopping threads took: 0.0000780 seconds
82.475: Application time: 0.0046960 seconds
82.475: [GC82.476: [ParNew: 16403K->1437K(18432K), 0.0012960 secs] 40795K->27967K(59392K), 0.0013290 secs] [Times: user=0.01 sys=0.00, real=0.00 secs] 
82.477: Total time for which application threads were stopped: 0.0014760 seconds, Stopping threads took: 0.0000880 seconds
82.482: Application time: 0.0046620 seconds
82.482: [GC82.482: [ParNew: 17116K->712K(18432K), 0.0007120 secs] 43646K->28002K(59392K), 0.0007400 secs] [Times: user=0.01 sys=0.00, real=0.01 secs] 
82.482: Total time for which application threads were stopped: 0.0008890 seconds, Stopping threads took: 0.0000940 seconds
82.512: Application time: 0.0299100 seconds
82.512: [GC82.512: [ParNew: 16403K->1435K(18432K), 0.0018570 secs] 43693K->33713K(59392K), 0.0018930 secs] [Times: user=0.01 sys=0.00, real=0.01 secs] 
82.514: Total time for which application threads were stopped: 0.0020120 seconds, Stopping threads took: 0.0000570 seconds
82.530: Application time: 0.0161660 seconds
82.531: [GC82.531: [ParNew: 17740K->17740K(18432K), 0.0000100 secs]82.531: [Tenured: 32277K->21564K(40960K), 0.0103300 secs] 50018K->21564K(59392K), [Perm : 6079K->6079K(21248K)], 0.0103890 secs] [Times: user=0.01 sys=0.00, real=0.01 secs] 
82.541: Total time for which application threads were stopped: 0.0107740 seconds, Stopping threads took: 0.0003180 seconds
82.548: Application time: 0.0067770 seconds
82.548: [GC82.548: [ParNew: 15836K->1437K(18432K), 0.0014520 secs] 37401K->25139K(59392K), 0.0014870 secs] [Times: user=0.01 sys=0.00, real=0.00 secs] 
82.550: Total time for which application threads were stopped: 0.0016920 seconds, Stopping threads took: 0.0001420 seconds
82.557: Application time: 0.0072790 seconds
82.557: [GC82.557: [ParNew: 17116K->1425K(18432K), 0.0007830 secs] 40818K->25879K(59392K), 0.0008150 secs] [Times: user=0.01 sys=0.00, real=0.00 secs] 
82.558: Total time for which application threads were stopped: 0.0010950 seconds, Stopping threads took: 0.0002210 seconds
82.563: Application time: 0.0047940 seconds
82.563: [GC82.563: [ParNew: 17110K->1435K(18432K), 0.0010080 secs] 41565K->27314K(59392K), 0.0010390 secs] [Times: user=0.00 sys=0.00, real=0.00 secs] 
82.564: Total time for which application threads were stopped: 0.0013060 seconds, Stopping threads took: 0.0002060 seconds
82.569: Application time: 0.0043240 seconds
82.569: [GC82.569: [ParNew: 17122K->1433K(18432K), 0.0013440 secs] 43002K->30186K(59392K), 0.0013830 secs] [Times: user=0.01 sys=0.00, real=0.00 secs] 
82.570: Total time for which application threads were stopped: 0.0015890 seconds, Stopping threads took: 0.0001470 seconds
82.574: Application time: 0.0040330 seconds
82.574: [GC82.574: [ParNew: 17437K->1467K(18432K), 0.0010520 secs] 46191K->31661K(59392K), 0.0010810 secs] [Times: user=0.01 sys=0.00, real=0.00 secs] 
82.575: Total time for which application threads were stopped: 0.0012390 seconds, Stopping threads took: 0.0001000 seconds
82.579: Application time: 0.0038900 seconds
82.580: [GC82.580: [ParNew: 17341K->1443K(18432K), 0.0011850 secs] 47536K->33848K(59392K), 0.0012150 secs] [Times: user=0.01 sys=0.00, real=0.00 secs] 
82.581: Total time for which application threads were stopped: 0.0014190 seconds, Stopping threads took: 0.0001460 seconds
82.585: Application time: 0.0046840 seconds
82.586: [GC82.586: [ParNew: 17283K->1444K(18432K), 0.0014240 secs] 49687K->36698K(59392K), 0.0014560 secs] [Times: user=0.01 sys=0.00, real=0.00 secs] 
82.587: Total time for which application threads were stopped: 0.0016160 seconds, Stopping threads took: 0.0000980 seconds
82.592: Application time: 0.0047430 seconds
82.592: [GC82.592: [ParNew: 17212K->17212K(18432K), 0.0000110 secs]82.592: [Tenured: 35254K->20790K(40960K), 0.0102910 secs] 52466K->20790K(59392K), [Perm : 6079K->6079K(21248K)], 0.0103480 secs] [Times: user=0.01 sys=0.00, real=0.02 secs] 
82.603: Total time for which application threads were stopped: 0.0108150 seconds, Stopping threads took: 0.0003960 seconds
82.607: Application time: 0.0044500 seconds
82.608: [GC82.608: [ParNew: 15682K->1427K(18432K), 0.0007840 secs] 36472K->22929K(59392K), 0.0008180 secs] [Times: user=0.00 sys=0.00, real=0.00 secs] 
82.608: Total time for which application threads were stopped: 0.0013790 seconds, Stopping threads took: 0.0005000 seconds
82.613: Application time: 0.0043780 seconds
82.614: [GC82.614: [ParNew: 17112K->1427K(18432K), 0.0008590 secs] 38614K->23642K(59392K), 0.0008900 secs] [Times: user=0.01 sys=0.00, real=0.01 secs] 
82.615: Total time for which application threads were stopped: 0.0017880 seconds, Stopping threads took: 0.0008400 seconds
82.618: Application time: 0.0038400 seconds
82.620: [GC82.620: [ParNew: 17114K->1427K(18432K), 0.0014380 secs] 39329K->26492K(59392K), 0.0014760 secs] [Times: user=0.01 sys=0.00, real=0.00 secs] 
82.621: Total time for which application threads were stopped: 0.0025760 seconds, Stopping threads took: 0.0010170 seconds
82.625: Application time: 0.0038430 seconds
82.626: [GC82.626: [ParNew: 17112K->1425K(18432K), 0.0017260 secs] 42178K->30053K(59392K), 0.0017650 secs] [Times: user=0.01 sys=0.00, real=0.00 secs] 
82.628: Total time for which application threads were stopped: 0.0028600 seconds, Stopping threads took: 0.0010280 seconds
82.632: Application time: 0.0041080 seconds
82.632: [GC82.632: [ParNew: 17121K->1439K(18432K), 0.0013800 secs] 45750K->32918K(59392K), 0.0014130 secs] [Times: user=0.01 sys=0.00, real=0.00 secs] 
82.634: Total time for which application threads were stopped: 0.0017010 seconds, Stopping threads took: 0.0002270 seconds
82.637: Application time: 0.0037080 seconds
82.638: [GC82.638: [ParNew: 17127K->1439K(18432K), 0.0007800 secs] 48606K->33655K(59392K), 0.0008080 secs] [Times: user=0.00 sys=0.00, real=0.00 secs] 
82.638: Total time for which application threads were stopped: 0.0011730 seconds, Stopping threads took: 0.0003090 seconds
82.642: Application time: 0.0035240 seconds
82.642: [GC82.642: [ParNew: 17122K->1433K(18432K), 0.0009540 secs] 49338K->35106K(59392K), 0.0009850 secs] [Times: user=0.01 sys=0.00, real=0.00 secs] 
82.643: Total time for which application threads were stopped: 0.0011460 seconds, Stopping threads took: 0.0001010 seconds
82.647: Application time: 0.0037830 seconds
82.647: [GC82.647: [ParNew: 17115K->1427K(18432K), 0.0007770 secs] 50789K->35836K(59392K), 0.0008130 secs] [Times: user=0.00 sys=0.00, real=0.00 secs] 
82.648: Total time for which application threads were stopped: 0.0011060 seconds, Stopping threads took: 0.0002370 seconds
82.652: Application time: 0.0035910 seconds
82.652: [GC82.652: [ParNew: 17111K->1425K(18432K), 0.0018770 secs] 51520K->40109K(59392K), 0.0019110 secs] [Times: user=0.02 sys=0.00, real=0.00 secs] 
82.654: Total time for which application threads were stopped: 0.0021010 seconds, Stopping threads took: 0.0001270 seconds
82.658: Application time: 0.0039300 seconds
82.658: [GC82.658: [ParNew: 17115K->17115K(18432K), 0.0000100 secs]82.658: [Tenured: 38684K->23640K(40960K), 0.0091270 secs] 55800K->23640K(59392K), [Perm : 6079K->6079K(21248K)], 0.0091810 secs] [Times: user=0.01 sys=0.00, real=0.01 secs] 
82.667: Total time for which application threads were stopped: 0.0093110 seconds, Stopping threads took: 0.0000650 seconds
82.670: Application time: 0.0033900 seconds
82.671: [GC82.671: [ParNew: 15681K->1425K(18432K), 0.0013810 secs] 39322K->27203K(59392K), 0.0014100 secs] [Times: user=0.01 sys=0.00, real=0.00 secs] 
82.672: Total time for which application threads were stopped: 0.0017990 seconds, Stopping threads took: 0.0003100 seconds
82.679: Application time: 0.0068990 seconds
82.679: [GC82.679: [ParNew: 17123K->1439K(18432K), 0.0021170 secs] 42901K->32204K(59392K), 0.0021490 secs] [Times: user=0.02 sys=0.00, real=0.00 secs] 
82.681: Total time for which application threads were stopped: 0.0023350 seconds, Stopping threads took: 0.0001260 seconds
82.688: Application time: 0.0068920 seconds
82.688: [GC82.688: [ParNew: 17118K->1425K(18432K), 0.0008450 secs] 47884K->32959K(59392K), 0.0008740 secs] [Times: user=0.01 sys=0.00, real=0.00 secs] 
82.689: Total time for which application threads were stopped: 0.0010310 seconds, Stopping threads took: 0.0000970 seconds
82.696: Application time: 0.0063790 seconds
82.696: [GC82.696: [ParNew: 17112K->1433K(18432K), 0.0006380 secs] 48646K->32967K(59392K), 0.0006650 secs] [Times: user=0.01 sys=0.00, real=0.00 secs] 
82.697: Total time for which application threads were stopped: 0.0008160 seconds, Stopping threads took: 0.0000970 seconds
82.700: Application time: 0.0037960 seconds
82.700: [GC82.700: [ParNew: 17115K->1425K(18432K), 0.0013340 secs] 48649K->35137K(59392K), 0.0013680 secs] [Times: user=0.01 sys=0.00, real=0.00 secs] 
82.702: Total time for which application threads were stopped: 0.0015200 seconds, Stopping threads took: 0.0000920 seconds
82.707: Application time: 0.0047070 seconds
82.707: [GC82.707: [ParNew: 17103K->0K(18432K), 0.0005190 secs] 50815K->34424K(59392K), 0.0005460 secs] [Times: user=0.01 sys=0.00, real=0.00 secs] 
82.707: Total time for which application threads were stopped: 0.0006950 seconds, Stopping threads took: 0.0000960 seconds
82.773: Application time: 0.0661040 seconds
82.773: [GC82.773: [ParNew (promotion failed): 15700K->17135K(18432K), 0.0023670 secs]82.776: [Tenured: 40837K->24352K(40960K), 0.0091130 secs] 50124K->24352K(59392K), [Perm : 6079K->6079K(21248K)], 0.0115390 secs] [Times: user=0.02 sys=0.00, real=0.02 secs] 
82.785: Total time for which application threads were stopped: 0.0116930 seconds, Stopping threads took: 0.0000880 seconds
82.844: Application time: 0.0593780 seconds
82.845: [GC82.845: [ParNew: 15691K->1425K(18432K), 0.0045790 secs] 40044K->40028K(59392K), 0.0046180 secs] [Times: user=0.03 sys=0.00, real=0.00 secs] 
82.849: Total time for which application threads were stopped: 0.0047570 seconds, Stopping threads took: 0.0000650 seconds
82.922: Application time: 0.0732320 seconds
82.923: [GC82.923: [ParNew: 17122K->17122K(18432K), 0.0000110 secs]82.923: [Tenured: 38602K->25066K(40960K), 0.0100050 secs] 55725K->25066K(59392K), [Perm : 6079K->6079K(21248K)], 0.0100620 secs] [Times: user=0.01 sys=0.00, real=0.00 secs] 
82.933: Total time for which application threads were stopped: 0.0101880 seconds, Stopping threads took: 0.0000590 seconds
83.003: Application time: 0.0700690 seconds
83.003: [GC83.003: [ParNew: 15697K->1433K(18432K), 0.0045560 secs] 40763K->40749K(59392K), 0.0046100 secs] [Times: user=0.03 sys=0.00, real=0.00 secs] 
83.008: Total time for which application threads were stopped: 0.0048220 seconds, Stopping threads took: 0.0001270 seconds
83.076: Application time: 0.0685190 seconds
83.076: [GC83.076: [ParNew: 17124K->17124K(18432K), 0.0000100 secs]83.076: [Tenured: 39316K->25777K(40960K), 0.0110210 secs] 56441K->25777K(59392K), [Perm : 6079K->6079K(21248K)], 0.0110810 secs] [Times: user=0.01 sys=0.00, real=0.01 secs] 
83.087: Total time for which application threads were stopped: 0.0112760 seconds, Stopping threads took: 0.0001280 seconds
83.161: Application time: 0.0737220 seconds
83.161: [GC83.161: [ParNew: 15697K->1429K(18432K), 0.0045140 secs] 41475K->40744K(59392K), 0.0045570 secs] [Times: user=0.03 sys=0.00, real=0.01 secs] 
83.166: Total time for which application threads were stopped: 0.0047760 seconds, Stopping threads took: 0.0001420 seconds
83.237: Application time: 0.0715360 seconds
83.237: [GC83.238: [ParNew: 17120K->17120K(18432K), 0.0000110 secs]83.238: [Tenured: 39315K->26491K(40960K), 0.0098360 secs] 56436K->26491K(59392K), [Perm : 6079K->6079K(21248K)], 0.0098970 secs] [Times: user=0.01 sys=0.00, real=0.01 secs] 
83.247: Total time for which application threads were stopped: 0.0100790 seconds, Stopping threads took: 0.0001120 seconds
83.302: Application time: 0.0546620 seconds
83.302: [GC83.302: [ParNew: 15691K->15691K(18432K), 0.0000100 secs]83.302: [Tenured: 26491K->27203K(40960K), 0.0100300 secs] 42182K->27203K(59392K), [Perm : 6079K->6079K(21248K)], 0.0100890 secs] [Times: user=0.01 sys=0.00, real=0.00 secs] 
83.312: Total time for which application threads were stopped: 0.0103500 seconds, Stopping threads took: 0.0001730 seconds
83.386: Application time: 0.0738060 seconds
83.386: [GC83.386: [ParNew: 15691K->15691K(18432K), 0.0000100 secs]83.386: [Tenured: 27203K->27203K(40960K), 0.0090790 secs] 42895K->27203K(59392K), [Perm : 6079K->6079K(21248K)], 0.0091360 secs] [Times: user=0.01 sys=0.00, real=0.01 secs] 
83.396: Total time for which application threads were stopped: 0.0093110 seconds, Stopping threads took: 0.0000960 seconds
83.467: Application time: 0.0714270 seconds
83.467: [GC83.467: [ParNew: 15691K->15691K(18432K), 0.0000100 secs]83.467: [Tenured: 27203K->25777K(40960K), 0.0108850 secs] 42895K->25777K(59392K), [Perm : 6079K->6079K(21248K)], 0.0109440 secs] [Times: user=0.02 sys=0.00, real=0.01 secs] 
83.478: Total time for which application threads were stopped: 0.0111160 seconds, Stopping threads took: 0.0001030 seconds
83.547: Application time: 0.0687440 seconds
83.547: [GC83.547: [ParNew: 15704K->1435K(18432K), 0.0046410 secs] 41481K->41463K(59392K), 0.0046830 secs] [Times: user=0.03 sys=0.00, real=0.00 secs] 
83.552: Total time for which application threads were stopped: 0.0049200 seconds, Stopping threads took: 0.0001500 seconds
83.626: Application time: 0.0738420 seconds
83.626: [GC83.626: [ParNew: 17126K->17126K(18432K), 0.0000100 secs]83.626: [Tenured: 40028K->27204K(40960K), 0.0100400 secs] 57154K->27204K(59392K), [Perm : 6079K->6079K(21248K)], 0.0100980 secs] [Times: user=0.01 sys=0.00, real=0.01 secs] 
83.636: Total time for which application threads were stopped: 0.0102310 seconds, Stopping threads took: 0.0000650 seconds
83.696: Application time: 0.0600370 seconds
83.696: [GC83.696: [ParNew: 15704K->15704K(18432K), 0.0000100 secs]83.696: [Tenured: 27204K->27918K(40960K), 0.0104560 secs] 42908K->27918K(59392K), [Perm : 6079K->6079K(21248K)], 0.0105160 secs] [Times: user=0.01 sys=0.00, real=0.01 secs] 
83.707: Total time for which application threads were stopped: 0.0106710 seconds, Stopping threads took: 0.0000860 seconds
83.764: Application time: 0.0573330 seconds
83.764: [GC83.764: [ParNew: 15697K->15697K(18432K), 0.0000110 secs]83.764: [Tenured: 27918K->30056K(40960K), 0.0111250 secs] 43616K->30056K(59392K), [Perm : 6079K->6079K(21248K)], 0.0111860 secs] [Times: user=0.01 sys=0.00, real=0.01 secs] 
83.775: Total time for which application threads were stopped: 0.0114040 seconds, Stopping threads took: 0.0001480 seconds
83.849: Application time: 0.0741380 seconds
83.850: [GC83.850: [ParNew: 15691K->15691K(18432K), 0.0000110 secs]83.850: [Tenured: 30056K->29340K(40960K), 0.0115380 secs] 45748K->29340K(59392K), [Perm : 6079K->6079K(21248K)], 0.0116110 secs] [Times: user=0.01 sys=0.00, real=0.01 secs] 
83.861: Total time for which application threads were stopped: 0.0117800 seconds, Stopping threads took: 0.0000900 seconds
83.922: Application time: 0.0603230 seconds
83.922: [GC83.922: [ParNew: 15700K->15700K(18432K), 0.0000110 secs]83.922: [Tenured: 29340K->28628K(40960K), 0.0090260 secs] 45040K->28628K(59392K), [Perm : 6079K->6079K(21248K)], 0.0090850 secs] [Times: user=0.01 sys=0.00, real=0.01 secs] 
83.931: Total time for which application threads were stopped: 0.0092230 seconds, Stopping threads took: 0.0000590 seconds
84.003: Application time: 0.0723130 seconds
84.003: [GC84.003: [ParNew: 15698K->15698K(18432K), 0.0000100 secs]84.003: [Tenured: 28628K->27203K(40960K), 0.0112520 secs] 44327K->27203K(59392K), [Perm : 6079K->6079K(21248K)], 0.0113120 secs] [Times: user=0.01 sys=0.00, real=0.01 secs] 
84.015: Total time for which application threads were stopped: 0.0114860 seconds, Stopping threads took: 0.0001050 seconds
84.087: Application time: 0.0728120 seconds
84.087: [GC84.088: [ParNew: 15689K->15689K(18432K), 0.0000100 secs]84.088: [Tenured: 27203K->29340K(40960K), 0.0100180 secs] 42892K->29340K(59392K), [Perm : 6079K->6079K(21248K)], 0.0100810 secs] [Times: user=0.01 sys=0.00, real=0.01 secs] 
84.098: Total time for which application threads were stopped: 0.0102120 seconds, Stopping threads took: 0.0000610 seconds
84.156: Application time: 0.0585030 seconds
84.156: [GC84.156: [ParNew: 15691K->15691K(18432K), 0.0000100 secs]84.156: [Tenured: 29340K->27915K(40960K), 0.0108880 secs] 45032K->27915K(59392K), [Perm : 6079K->6079K(21248K)], 0.0109450 secs] [Times: user=0.02 sys=0.00, real=0.01 secs] 
84.167: Total time for which application threads were stopped: 0.0110710 seconds, Stopping threads took: 0.0000580 seconds
84.225: Application time: 0.0581760 seconds
84.225: [GC84.226: [ParNew: 15698K->15698K(18432K), 0.0000110 secs]84.226: [Tenured: 27915K->28628K(40960K), 0.0108140 secs] 43613K->28628K(59392K), [Perm : 6079K->6079K(21248K)], 0.0108760 secs] [Times: user=0.01 sys=0.00, real=0.01 secs] 
84.236: Total time for which application threads were stopped: 0.0110380 seconds, Stopping threads took: 0.0000920 seconds
84.283: Application time: 0.0462120 seconds
84.283: [GC84.283: [ParNew: 15689K->15689K(18432K), 0.0000100 secs]84.283: [Tenured: 28628K->28628K(40960K), 0.0100070 secs] 44318K->28628K(59392K), [Perm : 6079K->6079K(21248K)], 0.0100690 secs] [Times: user=0.01 sys=0.00, real=0.00 secs] 
84.293: Total time for which application threads were stopped: 0.0102380 seconds, Stopping threads took: 0.0000980 seconds
84.361: Application time: 0.0678710 seconds
84.361: [GC84.361: [ParNew: 15689K->15689K(18432K), 0.0000100 secs]84.361: [Tenured: 28628K->28629K(40960K), 0.0091200 secs] 44318K->28629K(59392K), [Perm : 6079K->6079K(21248K)], 0.0091780 secs] [Times: user=0.01 sys=0.00, real=0.01 secs] 
84.370: Total time for which application threads were stopped: 0.0094240 seconds, Stopping threads took: 0.0001690 seconds
84.437: Application time: 0.0670320 seconds
84.437: [GC84.437: [ParNew: 15689K->15689K(18432K), 0.0000100 secs]84.437: [Tenured: 28629K->27203K(40960K), 0.0115980 secs] 44318K->27203K(59392K), [Perm : 6079K->6079K(21248K)], 0.0116580 secs] [Times: user=0.01 sys=0.00, real=0.01 secs] 
84.449: Total time for which application threads were stopped: 0.0117960 seconds, Stopping threads took: 0.0000590 seconds
84.518: Application time: 0.0693730 seconds
84.518: [GC84.519: [ParNew: 15690K->15690K(18432K), 0.0000100 secs]84.519: [Tenured: 27203K->27915K(40960K), 0.0099570 secs] 42893K->27915K(59392K), [Perm : 6079K->6079K(21248K)], 0.0100170 secs] [Times: user=0.01 sys=0.00, real=0.01 secs] 
84.529: Total time for which application threads were stopped: 0.0101870 seconds, Stopping threads took: 0.0001000 seconds
84.583: Application time: 0.0545370 seconds
84.583: [GC84.583: [ParNew: 15696K->15696K(18432K), 0.0000110 secs]84.583: [Tenured: 27915K->27204K(40960K), 0.0090510 secs] 43612K->27204K(59392K), [Perm : 6079K->6079K(21248K)], 0.0091180 secs] [Times: user=0.01 sys=0.00, real=0.00 secs] 
84.592: Total time for which application threads were stopped: 0.0092460 seconds, Stopping threads took: 0.0000600 seconds
84.627: Application time: 0.0348210 seconds
84.627: [GC84.627: [ParNew: 15696K->15696K(18432K), 0.0000110 secs]84.627: [Tenured: 27204K->26490K(40960K), 0.0117140 secs] 42900K->26490K(59392K), [Perm : 6079K->6079K(21248K)], 0.0117770 secs] [Times: user=0.01 sys=0.00, real=0.01 secs] 
84.639: Total time for which application threads were stopped: 0.0119890 seconds, Stopping threads took: 0.0001220 seconds
84.705: Application time: 0.0655640 seconds
84.705: [GC84.705: [ParNew: 15705K->1433K(18432K), 0.0034760 secs] 42196K->38612K(59392K), 0.0035230 secs] [Times: user=0.02 sys=0.00, real=0.00 secs] 
84.708: Total time for which application threads were stopped: 0.0037790 seconds, Stopping threads took: 0.0001700 seconds
84.779: Application time: 0.0706410 seconds
84.779: [GC84.779: [ParNew: 17130K->17130K(18432K), 0.0000100 secs]84.779: [Tenured: 37179K->21503K(40960K), 0.0102120 secs] 54309K->21503K(59392K), [Perm : 6079K->6079K(21248K)], 0.0102700 secs] [Times: user=0.01 sys=0.00, real=0.01 secs] 
84.790: Total time for which application threads were stopped: 0.0104530 seconds, Stopping threads took: 0.0001150 seconds
84.803: Application time: 0.0133300 seconds
84.803: [GC84.803: [ParNew: 15688K->1425K(18432K), 0.0036560 secs] 37191K->33616K(59392K), 0.0036990 secs] [Times: user=0.02 sys=0.00, real=0.00 secs] 
84.807: Total time for which application threads were stopped: 0.0038650 seconds, Stopping threads took: 0.0001010 seconds
84.879: Application time: 0.0723070 seconds
84.879: [GC84.879: [ParNew: 17113K->17113K(18432K), 0.0000100 secs]84.879: [Tenured: 32191K->24353K(40960K), 0.0093530 secs] 49305K->24353K(59392K), [Perm : 6079K->6079K(21248K)], 0.0094080 secs] [Times: user=0.01 sys=0.00, real=0.01 secs] 
84.889: Total time for which application threads were stopped: 0.0095730 seconds, Stopping threads took: 0.0000990 seconds
84.951: Application time: 0.0627810 seconds
84.952: [GC84.952: [ParNew: 15694K->1433K(18432K), 0.0036180 secs] 40048K->36475K(59392K), 0.0036590 secs] [Times: user=0.03 sys=0.00, real=0.01 secs] 
84.955: Total time for which application threads were stopped: 0.0037960 seconds, Stopping threads took: 0.0000590 seconds
84.998: Application time: 0.0424600 seconds
84.998: [GC84.998: [ParNew: 17128K->17128K(18432K), 0.0000100 secs]84.998: [Tenured: 35042K->25068K(40960K), 0.0092790 secs] 52170K->25068K(59392K), [Perm : 6079K->6079K(21248K)], 0.0093370 secs] [Times: user=0.01 sys=0.00, real=0.01 secs] 
85.007: Total time for which application threads were stopped: 0.0094710 seconds, Stopping threads took: 0.0000660 seconds
85.053: Application time: 0.0458630 seconds
85.053: [GC85.053: [ParNew: 15688K->1425K(18432K), 0.0035790 secs] 40756K->37181K(59392K), 0.0036220 secs] [Times: user=0.02 sys=0.00, real=0.01 secs] 
85.057: Total time for which application threads were stopped: 0.0037890 seconds, Stopping threads took: 0.0001010 seconds
85.114: Application time: 0.0566920 seconds
85.114: [GC85.114: [ParNew: 17113K->17113K(18432K), 0.0000100 secs]85.114: [Tenured: 35756K->25781K(40960K), 0.0093970 secs] 52870K->25781K(59392K), [Perm : 6079K->6079K(21248K)], 0.0094550 secs] [Times: user=0.01 sys=0.00, real=0.02 secs] 
85.123: Total time for which application threads were stopped: 0.0095990 seconds, Stopping threads took: 0.0000770 seconds
85.167: Application time: 0.0434550 seconds
85.167: [GC85.167: [ParNew: 15688K->15688K(18432K), 0.0000090 secs]85.167: [Tenured: 25781K->25779K(40960K), 0.0104180 secs] 41469K->25779K(59392K), [Perm : 6079K->6079K(21248K)], 0.0104740 secs] [Times: user=0.01 sys=0.00, real=0.01 secs] 
85.177: Total time for which application threads were stopped: 0.0106100 seconds, Stopping threads took: 0.0000690 seconds
85.238: Application time: 0.0607430 seconds
85.238: [GC85.238: [ParNew: 15695K->15695K(18432K), 0.0000150 secs]85.238: [Tenured: 25779K->25067K(40960K), 0.0098820 secs] 41474K->25067K(59392K), [Perm : 6079K->6079K(21248K)], 0.0099560 secs] [Times: user=0.01 sys=0.00, real=0.01 secs] 
85.248: Total time for which application threads were stopped: 0.0101210 seconds, Stopping threads took: 0.0000960 seconds
85.288: Application time: 0.0400400 seconds
85.288: [GC85.288: [ParNew: 15688K->1425K(18432K), 0.0037280 secs] 40756K->37181K(59392K), 0.0037730 secs] [Times: user=0.03 sys=0.00, real=0.00 secs] 
85.292: Total time for which application threads were stopped: 0.0040330 seconds, Stopping threads took: 0.0001920 seconds
85.363: Application time: 0.0706700 seconds
85.363: [GC85.363: [ParNew: 17113K->17113K(18432K), 0.0000100 secs]85.363: [Tenured: 35756K->25780K(40960K), 0.0091690 secs] 52870K->25780K(59392K), [Perm : 6079K->6079K(21248K)], 0.0092260 secs] [Times: user=0.01 sys=0.00, real=0.00 secs] 
85.372: Total time for which application threads were stopped: 0.0093640 seconds, Stopping threads took: 0.0000700 seconds
85.421: Application time: 0.0487690 seconds
85.421: [GC85.421: [ParNew: 15688K->15688K(18432K), 0.0000100 secs]85.421: [Tenured: 25780K->26493K(40960K), 0.0099630 secs] 41469K->26493K(59392K), [Perm : 6079K->6079K(21248K)], 0.0100240 secs] [Times: user=0.01 sys=0.00, real=0.01 secs] 
85.431: Total time for which application threads were stopped: 0.0101560 seconds, Stopping threads took: 0.0000610 seconds
85.468: Application time: 0.0369610 seconds
85.468: [GC85.468: [ParNew: 15688K->15688K(18432K), 0.0000110 secs]85.468: [Tenured: 26493K->25779K(40960K), 0.0108590 secs] 42182K->25779K(59392K), [Perm : 6079K->6079K(21248K)], 0.0109190 secs] [Times: user=0.01 sys=0.00, real=0.01 secs] 
85.479: Total time for which application threads were stopped: 0.0110820 seconds, Stopping threads took: 0.0000790 seconds
85.536: Application time: 0.0572840 seconds
85.537: [GC85.537: [ParNew: 15688K->15688K(18432K), 0.0000100 secs]85.537: [Tenured: 25779K->26492K(40960K), 0.0093110 secs] 41468K->26492K(59392K), [Perm : 6079K->6079K(21248K)], 0.0093700 secs] [Times: user=0.01 sys=0.00, real=0.01 secs] 
85.546: Total time for which application threads were stopped: 0.0095040 seconds, Stopping threads took: 0.0000660 seconds
85.611: Application time: 0.0647700 seconds
85.611: [GC85.611: [ParNew: 15695K->15695K(18432K), 0.0000110 secs]85.611: [Tenured: 26492K->25780K(40960K), 0.0108010 secs] 42187K->25780K(59392K), [Perm : 6079K->6079K(21248K)], 0.0108630 secs] [Times: user=0.01 sys=0.00, real=0.01 secs] 
85.622: Total time for which application threads were stopped: 0.0110450 seconds, Stopping threads took: 0.0001120 seconds
85.656: Application time: 0.0342010 seconds
85.656: [GC85.656: [ParNew: 15695K->15695K(18432K), 0.0000110 secs]85.656: [Tenured: 25780K->27206K(40960K), 0.0101340 secs] 41476K->27206K(59392K), [Perm : 6079K->6079K(21248K)], 0.0101840 secs] [Times: user=0.01 sys=0.00, real=0.01 secs] 
85.666: Total time for which application threads were stopped: 0.0103120 seconds, Stopping threads took: 0.0000590 seconds
85.715: Application time: 0.0487490 seconds
85.715: [GC85.715: [ParNew: 15688K->15688K(18432K), 0.0000100 secs]85.715: [Tenured: 27206K->27204K(40960K), 0.0111390 secs] 42895K->27204K(59392K), [Perm : 6079K->6079K(21248K)], 0.0111970 secs] [Times: user=0.02 sys=0.00, real=0.01 secs] 
85.727: Total time for which application threads were stopped: 0.0116470 seconds, Stopping threads took: 0.0003630 seconds
85.801: Application time: 0.0743520 seconds
85.801: [GC85.801: [ParNew: 15695K->15695K(18432K), 0.0000100 secs]85.801: [Tenured: 27204K->25780K(40960K), 0.0096590 secs] 42900K->25780K(59392K), [Perm : 6079K->6079K(21248K)], 0.0097170 secs] [Times: user=0.01 sys=0.00, real=0.01 secs] 
85.811: Total time for which application threads were stopped: 0.0098800 seconds, Stopping threads took: 0.0000950 seconds
85.872: Application time: 0.0608090 seconds
85.872: [GC85.872: [ParNew: 15703K->15703K(18432K), 0.0000110 secs]85.872: [Tenured: 25780K->27207K(40960K), 0.0099280 secs] 41484K->27207K(59392K), [Perm : 6079K->6079K(21248K)], 0.0099970 secs] [Times: user=0.01 sys=0.00, real=0.01 secs] 
85.882: Total time for which application threads were stopped: 0.0101290 seconds, Stopping threads took: 0.0000620 seconds
85.900: Application time: 0.0179410 seconds
85.900: [GC85.900: [ParNew: 15688K->15688K(18432K), 0.0000100 secs]85.900: [Tenured: 27207K->29344K(40960K), 0.0108870 secs] 42896K->29344K(59392K), [Perm : 6079K->6079K(21248K)], 0.0109440 secs] [Times: user=0.01 sys=0.00, real=0.01 secs] 
85.911: Total time for which application threads were stopped: 0.0111730 seconds, Stopping threads took: 0.0001610 seconds
85.979: Application time: 0.0680220 seconds
85.979: [GC85.979: [ParNew: 15688K->15688K(18432K), 0.0000100 secs]85.979: [Tenured: 29344K->28629K(40960K), 0.0104490 secs] 45033K->28629K(59392K), [Perm : 6079K->6079K(21248K)], 0.0105070 secs] [Times: user=0.01 sys=0.00, real=0.01 secs] 
85.990: Total time for which application threads were stopped: 0.0108580 seconds, Stopping threads took: 0.0002540 seconds
86.021: Application time: 0.0306810 seconds
86.021: [GC86.021: [ParNew: 15719K->15719K(18432K), 0.0000110 secs]86.021: [Tenured: 28629K->30796K(40960K), 0.0107620 secs] 44349K->30796K(59392K), [Perm : 6079K->6079K(21248K)], 0.0108220 secs] [Times: user=0.01 sys=0.00, real=0.01 secs] 
86.032: Total time for which application threads were stopped: 0.0111350 seconds, Stopping threads took: 0.0002230 seconds
86.039: Application time: 0.0075580 seconds
86.039: [GC86.039: [ParNew: 15679K->15679K(18432K), 0.0000110 secs]86.039: [Tenured: 30796K->30796K(40960K), 0.0098030 secs] 46476K->30796K(59392K), [Perm : 6079K->6079K(21248K)], 0.0098670 secs] [Times: user=0.01 sys=0.00, real=0.01 secs] 
86.049: Total time for which application threads were stopped: 0.0100110 seconds, Stopping threads took: 0.0000710 seconds
86.056: Application time: 0.0072280 seconds
86.057: [GC86.057: [ParNew: 15683K->15683K(18432K), 0.0000100 secs]86.057: [Tenured: 30796K->30797K(40960K), 0.0076190 secs] 46480K->30797K(59392K), [Perm : 6079K->6079K(21248K)], 0.0076680 secs] [Times: user=0.01 sys=0.00, real=0.01 secs] 
86.064: Total time for which application threads were stopped: 0.0078500 seconds, Stopping threads took: 0.0001190 seconds
86.069: Application time: 0.0043370 seconds
86.069: [GC86.069: [ParNew: 15677K->15677K(18432K), 0.0000100 secs]86.069: [Tenured: 30797K->29342K(40960K), 0.0109670 secs] 46474K->29342K(59392K), [Perm : 6079K->6079K(21248K)], 0.0110270 secs] [Times: user=0.02 sys=0.00, real=0.01 secs] 
86.080: Total time for which application threads were stopped: 0.0111810 seconds, Stopping threads took: 0.0000830 seconds
86.089: Application time: 0.0089790 seconds
86.089: [GC86.089: [ParNew: 15686K->15686K(18432K), 0.0000110 secs]86.089: [Tenured: 29342K->29342K(40960K), 0.0066810 secs] 45028K->29342K(59392K), [Perm : 6079K->6079K(21248K)], 0.0067360 secs] [Times: user=0.00 sys=0.00, real=0.01 secs] 
86.096: Total time for which application threads were stopped: 0.0069040 seconds, Stopping threads took: 0.0001010 seconds
86.103: Application time: 0.0069410 seconds
86.103: [GC86.103: [ParNew: 15679K->15679K(18432K), 0.0015720 secs]86.104: [Tenured: 29342K->30055K(40960K), 0.0069500 secs] 45022K->30055K(59392K), [Perm : 6079K->6079K(21248K)], 0.0085790 secs] [Times: user=0.01 sys=0.00, real=0.00 secs] 
86.111: Total time for which application threads were stopped: 0.0087590 seconds, Stopping threads took: 0.0001120 seconds
86.117: Application time: 0.0053260 seconds
86.117: [GC86.117: [ParNew: 15774K->15774K(18432K), 0.0000110 secs]86.117: [Tenured: 30055K->27236K(40960K), 0.0100830 secs] 45829K->27236K(59392K), [Perm : 6079K->6079K(21248K)], 0.0101450 secs] [Times: user=0.01 sys=0.00, real=0.01 secs] 
86.127: Total time for which application threads were stopped: 0.0105470 seconds, Stopping threads took: 0.0003310 seconds
86.132: Application time: 0.0042150 seconds
86.132: [GC86.132: [ParNew: 16110K->16110K(18432K), 0.0000190 secs]86.132: [Tenured: 27236K->24363K(40960K), 0.0115850 secs] 43346K->24363K(59392K), [Perm : 6079K->6079K(21248K)], 0.0116550 secs] [Times: user=0.02 sys=0.00, real=0.02 secs] 
86.144: Total time for which application threads were stopped: 0.0120440 seconds, Stopping threads took: 0.0003170 seconds
86.147: Application time: 0.0038670 seconds
86.148: [GC86.148: [ParNew: 15813K->1440K(18432K), 0.0018880 secs] 40176K->30078K(59392K), 0.0019260 secs] [Times: user=0.01 sys=0.00, real=0.00 secs] 
86.150: Total time for which application threads were stopped: 0.0025550 seconds, Stopping threads took: 0.0005450 seconds
86.156: Application time: 0.0061330 seconds
86.156: [GC86.156: [ParNew: 17233K->17233K(18432K), 0.0000100 secs]86.156: [Tenured: 28638K->27204K(40960K), 0.0098380 secs] 45872K->27204K(59392K), [Perm : 6079K->6079K(21248K)], 0.0098990 secs] [Times: user=0.01 sys=0.00, real=0.01 secs] 
86.166: Total time for which application threads were stopped: 0.0100370 seconds, Stopping threads took: 0.0000650 seconds
86.175: Application time: 0.0084760 seconds
86.175: [GC86.175: [ParNew: 15677K->15677K(18432K), 0.0000110 secs]86.175: [Tenured: 27204K->28629K(40960K), 0.0068080 secs] 42881K->28629K(59392K), [Perm : 6079K->6079K(21248K)], 0.0068630 secs] [Times: user=0.01 sys=0.00, real=0.00 secs] 
86.182: Total time for which application threads were stopped: 0.0070910 seconds, Stopping threads took: 0.0001510 seconds
86.188: Application time: 0.0064260 seconds
86.188: [GC86.188: [ParNew: 15683K->15683K(18432K), 0.0000100 secs]86.188: [Tenured: 28629K->28630K(40960K), 0.0075110 secs] 44313K->28630K(59392K), [Perm : 6079K->6079K(21248K)], 0.0075650 secs] [Times: user=0.01 sys=0.00, real=0.01 secs] 
86.196: Total time for which application threads were stopped: 0.0077610 seconds, Stopping threads took: 0.0001250 seconds
86.201: Application time: 0.0050570 seconds
86.201: [GC86.201: [ParNew: 15677K->15677K(18432K), 0.0000100 secs]86.201: [Tenured: 28630K->25778K(40960K), 0.0064160 secs] 44307K->25778K(59392K), [Perm : 6079K->6079K(21248K)], 0.0064760 secs] [Times: user=0.01 sys=0.00, real=0.01 secs] 
86.208: Total time for which application threads were stopped: 0.0066230 seconds, Stopping threads took: 0.0000780 seconds
86.214: Application time: 0.0062880 seconds
86.214: [GC86.214: [ParNew: 15688K->15688K(18432K), 0.0000100 secs]86.214: [Tenured: 25778K->27917K(40960K), 0.0098190 secs] 41467K->27917K(59392K), [Perm : 6079K->6079K(21248K)], 0.0098790 secs] [Times: user=0.01 sys=0.00, real=0.01 secs] 
86.224: Total time for which application threads were stopped: 0.0100480 seconds, Stopping threads took: 0.0000870 seconds
86.232: Application time: 0.0077810 seconds
86.232: [GC86.232: [ParNew: 15679K->15679K(18432K), 0.0000110 secs]86.232: [Tenured: 27917K->28629K(40960K), 0.0073850 secs] 43596K->28629K(59392K), [Perm : 6079K->6079K(21248K)], 0.0074390 secs] [Times: user=0.01 sys=0.00, real=0.01 secs] 
86.239: Total time for which application threads were stopped: 0.0076600 seconds, Stopping threads took: 0.0001360 seconds
86.245: Application time: 0.0053920 seconds
86.245: [GC86.245: [ParNew: 15687K->15687K(18432K), 0.0000100 secs]86.245: [Tenured: 28629K->28630K(40960K), 0.0069340 secs] 44316K->28630K(59392K), [Perm : 6079K->6079K(21248K)], 0.0069890 secs] [Times: user=0.01 sys=0.00, real=0.00 secs] 
86.252: Total time for which application threads were stopped: 0.0071640 seconds, Stopping threads took: 0.0000970 seconds
86.256: Application time: 0.0041570 seconds
86.256: [GC86.256: [ParNew: 15679K->15679K(18432K), 0.0000100 secs]86.256: [Tenured: 28630K->27917K(40960K), 0.0070840 secs] 44310K->27917K(59392K), [Perm : 6079K->6079K(21248K)], 0.0071410 secs] [Times: user=0.01 sys=0.00, real=0.01 secs] 
86.263: Total time for which application threads were stopped: 0.0073140 seconds, Stopping threads took: 0.0001040 seconds
86.282: Application time: 0.0182420 seconds
86.282: [GC86.282: [ParNew: 15690K->15690K(18432K), 0.0000110 secs]86.282: [Tenured: 27917K->27916K(40960K), 0.0102840 secs] 43608K->27916K(59392K), [Perm : 6079K->6079K(21248K)], 0.0103530 secs] [Times: user=0.01 sys=0.00, real=0.01 secs] 
86.292: Total time for which application threads were stopped: 0.0105830 seconds, Stopping threads took: 0.0001380 seconds
86.352: Application time: 0.0597780 seconds
86.352: [GC86.352: [ParNew: 15690K->15690K(18432K), 0.0000100 secs]86.352: [Tenured: 27916K->29342K(40960K), 0.0097250 secs] 43607K->29342K(59392K), [Perm : 6079K->6079K(21248K)], 0.0097850 secs] [Times: user=0.01 sys=0.00, real=0.01 secs] 
86.362: Total time for which application threads were stopped: 0.0099400 seconds, Stopping threads took: 0.0000870 seconds
86.388: Application time: 0.0261290 seconds
86.388: [GC86.388: [ParNew: 16238K->16238K(18432K), 0.0000110 secs]86.388: [Tenured: 29342K->26529K(40960K), 0.0097940 secs] 45580K->26529K(59392K), [Perm : 6079K->6079K(21248K)], 0.0098500 secs] [Times: user=0.01 sys=0.00, real=0.01 secs] 
86.398: Total time for which application threads were stopped: 0.0100160 seconds, Stopping threads took: 0.0000970 seconds
86.411: Application time: 0.0131900 seconds
86.412: [GC86.412: [ParNew: 15875K->15875K(18432K), 0.0000110 secs]86.412: [Tenured: 26529K->27204K(40960K), 0.0103050 secs] 42404K->27204K(59392K), [Perm : 6079K->6079K(21248K)], 0.0103670 secs] [Times: user=0.02 sys=0.00, real=0.01 secs] 
86.422: Total time for which application threads were stopped: 0.0105550 seconds, Stopping threads took: 0.0001140 seconds
86.429: Application time: 0.0071500 seconds
86.429: [GC86.429: [ParNew: 15683K->15683K(18432K), 0.0000100 secs]86.429: [Tenured: 27204K->28630K(40960K), 0.0062170 secs] 42887K->28630K(59392K), [Perm : 6079K->6079K(21248K)], 0.0062760 secs] [Times: user=0.01 sys=0.00, real=0.01 secs] 
86.436: Total time for which application threads were stopped: 0.0064740 seconds, Stopping threads took: 0.0001300 seconds
86.439: Application time: 0.0036650 seconds
86.439: [GC86.439: [ParNew: 15679K->15679K(18432K), 0.0000100 secs]86.439: [Tenured: 28630K->27916K(40960K), 0.0090090 secs] 44309K->27916K(59392K), [Perm : 6079K->6079K(21248K)], 0.0090640 secs] [Times: user=0.01 sys=0.00, real=0.01 secs] 
86.448: Total time for which application threads were stopped: 0.0092740 seconds, Stopping threads took: 0.0001200 seconds
86.455: Application time: 0.0067500 seconds
86.455: [GC86.455: [ParNew: 15685K->15685K(18432K), 0.0000110 secs]86.455: [Tenured: 27916K->29342K(40960K), 0.0063060 secs] 43602K->29342K(59392K), [Perm : 6079K->6079K(21248K)], 0.0063640 secs] [Times: user=0.01 sys=0.00, real=0.00 secs] 
86.462: Total time for which application threads were stopped: 0.0065090 seconds, Stopping threads took: 0.0000780 seconds
86.469: Application time: 0.0072620 seconds
86.469: [GC86.469: [ParNew: 15679K->15679K(18432K), 0.0000110 secs]86.469: [Tenured: 29342K->27204K(40960K), 0.0065000 secs] 45021K->27204K(59392K), [Perm : 6079K->6079K(21248K)], 0.0065600 secs] [Times: user=0.00 sys=0.00, real=0.01 secs] 
86.476: Total time for which application threads were stopped: 0.0067430 seconds, Stopping threads took: 0.0001130 seconds
86.482: Application time: 0.0065860 seconds
86.482: [GC86.483: [ParNew: 15687K->15687K(18432K), 0.0000110 secs]86.483: [Tenured: 27204K->29343K(40960K), 0.0076470 secs] 42891K->29343K(59392K), [Perm : 6079K->6079K(21248K)], 0.0077000 secs] [Times: user=0.00 sys=0.00, real=0.00 secs] 
86.490: Total time for which application threads were stopped: 0.0078760 seconds, Stopping threads took: 0.0000980 seconds
86.494: Application time: 0.0039880 seconds
86.495: [GC86.495: [ParNew: 15681K->15681K(18432K), 0.0000100 secs]86.495: [Tenured: 29343K->27917K(40960K), 0.0094380 secs] 45025K->27917K(59392K), [Perm : 6079K->6079K(21248K)], 0.0094990 secs] [Times: user=0.01 sys=0.00, real=0.01 secs] 
86.504: Total time for which application threads were stopped: 0.0098330 seconds, Stopping threads took: 0.0002460 seconds
86.508: Application time: 0.0041040 seconds
86.508: [GC86.508: [ParNew: 15680K->15680K(18432K), 0.0000110 secs]86.508: [Tenured: 27917K->28629K(40960K), 0.0078200 secs] 43597K->28629K(59392K), [Perm : 6079K->6079K(21248K)], 0.0078750 secs] [Times: user=0.01 sys=0.00, real=0.01 secs] 
86.516: Total time for which application threads were stopped: 0.0081420 seconds, Stopping threads took: 0.0001710 seconds
86.536: Application time: 0.0194290 seconds
86.536: [GC86.536: [ParNew: 15696K->15696K(18432K), 0.0000110 secs]86.536: [Tenured: 28629K->26491K(40960K), 0.0099310 secs] 44326K->26491K(59392K), [Perm : 6079K->6079K(21248K)], 0.0099900 secs] [Times: user=0.01 sys=0.00, real=0.01 secs] 
86.546: Total time for which application threads were stopped: 0.0102080 seconds, Stopping threads took: 0.0001280 seconds
86.613: Application time: 0.0674730 seconds
86.614: [GC86.614: [ParNew: 15689K->15689K(18432K), 0.0000100 secs]86.614: [Tenured: 26491K->27203K(40960K), 0.0092730 secs] 42181K->27203K(59392K), [Perm : 6079K->6079K(21248K)], 0.0093320 secs] [Times: user=0.01 sys=0.00, real=0.02 secs] 
86.623: Total time for which application threads were stopped: 0.0095100 seconds, Stopping threads took: 0.0000900 seconds
86.690: Application time: 0.0673300 seconds
86.690: [GC86.690: [ParNew: 15689K->15689K(18432K), 0.0000100 secs]86.690: [Tenured: 27203K->27916K(40960K), 0.0092130 secs] 42893K->27916K(59392K), [Perm : 6079K->6079K(21248K)], 0.0092710 secs] [Times: user=0.01 sys=0.00, real=0.01 secs] 
86.700: Total time for which application threads were stopped: 0.0094010 seconds, Stopping threads took: 0.0000630 seconds
86.764: Application time: 0.0640320 seconds
86.764: [GC86.764: [ParNew: 15687K->15687K(18432K), 0.0000100 secs]86.764: [Tenured: 27916K->27916K(40960K), 0.0093000 secs] 43604K->27916K(59392K), [Perm : 6079K->6079K(21248K)], 0.0093510 secs] [Times: user=0.01 sys=0.00, real=0.00 secs] 
86.773: Total time for which application threads were stopped: 0.0094840 seconds, Stopping threads took: 0.0000660 seconds
86.805: Application time: 0.0319810 seconds
86.805: [GC86.805: [ParNew: 15715K->15715K(18432K), 0.0000100 secs]86.805: [Tenured: 27916K->25065K(40960K), 0.0104680 secs] 43631K->25065K(59392K), [Perm : 6079K->6079K(21248K)], 0.0105260 secs] [Times: user=0.01 sys=0.00, real=0.01 secs] 
86.816: Total time for which application threads were stopped: 0.0106910 seconds, Stopping threads took: 0.0000970 seconds
86.825: Application time: 0.0087530 seconds
86.825: [GC86.825: [ParNew: 15683K->1435K(18432K), 0.0007090 secs] 40749K->26500K(59392K), 0.0007390 secs] [Times: user=0.00 sys=0.00, real=0.00 secs] 
86.826: Total time for which application threads were stopped: 0.0009190 seconds, Stopping threads took: 0.0001260 seconds
86.833: Application time: 0.0075210 seconds
86.833: [GC86.833: [ParNew: 17118K->17118K(18432K), 0.0000110 secs]86.833: [Tenured: 25065K->27916K(40960K), 0.0071040 secs] 42184K->27916K(59392K), [Perm : 6079K->6079K(21248K)], 0.0071600 secs] [Times: user=0.01 sys=0.00, real=0.01 secs] 
86.840: Total time for which application threads were stopped: 0.0073420 seconds, Stopping threads took: 0.0001140 seconds
86.845: Application time: 0.0045350 seconds
86.845: [GC86.845: [ParNew: 15677K->15677K(18432K), 0.0000120 secs]86.845: [Tenured: 27916K->28628K(40960K), 0.0072950 secs] 43593K->28628K(59392K), [Perm : 6079K->6079K(21248K)], 0.0073480 secs] [Times: user=0.00 sys=0.00, real=0.00 secs] 
86.852: Total time for which application threads were stopped: 0.0075180 seconds, Stopping threads took: 0.0001040 seconds
86.859: Application time: 0.0068160 seconds
86.859: [GC86.859: [ParNew: 15687K->15687K(18432K), 0.0000100 secs]86.859: [Tenured: 28628K->26491K(40960K), 0.0089160 secs] 44316K->26491K(59392K), [Perm : 6079K->6079K(21248K)], 0.0089760 secs] [Times: user=0.01 sys=0.00, real=0.01 secs] 
86.868: Total time for which application threads were stopped: 0.0091540 seconds, Stopping threads took: 0.0001060 seconds
86.875: Application time: 0.0066300 seconds
86.875: [GC86.875: [ParNew: 15679K->15679K(18432K), 0.0000100 secs]86.875: [Tenured: 26491K->26491K(40960K), 0.0060850 secs] 42170K->26491K(59392K), [Perm : 6079K->6079K(21248K)], 0.0061390 secs] [Times: user=0.01 sys=0.00, real=0.00 secs] 
86.881: Total time for which application threads were stopped: 0.0062860 seconds, Stopping threads took: 0.0000810 seconds
86.888: Application time: 0.0061840 seconds
86.888: [GC86.888: [ParNew: 15687K->15687K(18432K), 0.0000100 secs]86.888: [Tenured: 26491K->27917K(40960K), 0.0060840 secs] 42178K->27917K(59392K), [Perm : 6079K->6079K(21248K)], 0.0061480 secs] [Times: user=0.00 sys=0.00, real=0.00 secs] 
86.894: Total time for which application threads were stopped: 0.0063050 seconds, Stopping threads took: 0.0000910 seconds
86.897: Application time: 0.0033400 seconds
86.897: [GC86.897: [ParNew: 15681K->15681K(18432K), 0.0000100 secs]86.897: [Tenured: 27917K->27916K(40960K), 0.0090010 secs] 43599K->27916K(59392K), [Perm : 6079K->6079K(21248K)], 0.0090580 secs] [Times: user=0.01 sys=0.00, real=0.01 secs] 
86.906: Total time for which application threads were stopped: 0.0091980 seconds, Stopping threads took: 0.0000630 seconds
86.911: Application time: 0.0042290 seconds
86.911: [GC86.911: [ParNew: 15678K->15678K(18432K), 0.0000100 secs]86.911: [Tenured: 27916K->28629K(40960K), 0.0065870 secs] 43594K->28629K(59392K), [Perm : 6079K->6079K(21248K)], 0.0066400 secs] [Times: user=0.01 sys=0.00, real=0.01 secs] 
86.917: Total time for which application threads were stopped: 0.0068190 seconds, Stopping threads took: 0.0001150 seconds
86.937: Application time: 0.0192760 seconds
86.937: [GC86.937: [ParNew: 15729K->15729K(18432K), 0.0000110 secs]86.937: [Tenured: 28629K->24353K(40960K), 0.0110690 secs] 44358K->24353K(59392K), [Perm : 6079K->6079K(21248K)], 0.0111270 secs] [Times: user=0.01 sys=0.00, real=0.01 secs] 
86.948: Total time for which application threads were stopped: 0.0112730 seconds, Stopping threads took: 0.0000770 seconds
86.956: Application time: 0.0083640 seconds
86.956: [GC86.957: [ParNew: 15677K->1425K(18432K), 0.0006270 secs] 40030K->25778K(59392K), 0.0006620 secs] [Times: user=0.00 sys=0.00, real=0.00 secs] 
86.957: Total time for which application threads were stopped: 0.0008240 seconds, Stopping threads took: 0.0001010 seconds
86.965: Application time: 0.0077110 seconds
86.965: [GC86.965: [ParNew: 17108K->17108K(18432K), 0.0000090 secs]86.965: [Tenured: 24353K->25779K(40960K), 0.0064450 secs] 41462K->25779K(59392K), [Perm : 6079K->6079K(21248K)], 0.0064980 secs] [Times: user=0.00 sys=0.00, real=0.00 secs] 
86.972: Total time for which application threads were stopped: 0.0066760 seconds, Stopping threads took: 0.0001120 seconds
86.976: Application time: 0.0042860 seconds
86.976: [GC86.976: [ParNew: 15677K->15677K(18432K), 0.0000100 secs]86.976: [Tenured: 25779K->26491K(40960K), 0.0065020 secs] 41456K->26491K(59392K), [Perm : 6079K->6079K(21248K)], 0.0065480 secs] [Times: user=0.00 sys=0.00, real=0.01 secs] 
86.983: Total time for which application threads were stopped: 0.0066930 seconds, Stopping threads took: 0.0000840 seconds
86.991: Application time: 0.0082750 seconds
86.991: [GC86.991: [ParNew: 15686K->15686K(18432K), 0.0000110 secs]86.991: [Tenured: 26491K->25066K(40960K), 0.0067460 secs] 42177K->25066K(59392K), [Perm : 6079K->6079K(21248K)], 0.0067990 secs] [Times: user=0.01 sys=0.00, real=0.01 secs] 
86.998: Total time for which application threads were stopped: 0.0069590 seconds, Stopping threads took: 0.0000830 seconds
87.003: Application time: 0.0057140 seconds
87.004: [GC87.004: [ParNew: 15681K->1425K(18432K), 0.0012510 secs] 40747K->28628K(59392K), 0.0012830 secs] [Times: user=0.01 sys=0.00, real=0.00 secs] 
87.005: Total time for which application threads were stopped: 0.0014490 seconds, Stopping threads took: 0.0001050 seconds
87.012: Application time: 0.0065850 seconds
87.012: [GC87.012: [ParNew: 17112K->17112K(18432K), 0.0000120 secs]87.012: [Tenured: 27203K->25778K(40960K), 0.0094020 secs] 44316K->25778K(59392K), [Perm : 6079K->6079K(21248K)], 0.0094670 secs] [Times: user=0.01 sys=0.00, real=0.01 secs] 
87.021: Total time for which application threads were stopped: 0.0097000 seconds, Stopping threads took: 0.0001430 seconds
87.025: Application time: 0.0036240 seconds
87.025: [GC87.025: [ParNew: 15679K->15679K(18432K), 0.0000110 secs]87.025: [Tenured: 25778K->27204K(40960K), 0.0062340 secs] 41458K->27204K(59392K), [Perm : 6079K->6079K(21248K)], 0.0062980 secs] [Times: user=0.01 sys=0.00, real=0.00 secs] 
87.031: Total time for which application threads were stopped: 0.0064450 seconds, Stopping threads took: 0.0000810 seconds
87.037: Application time: 0.0059330 seconds
87.037: [GC87.037: [ParNew: 15688K->15688K(18432K), 0.0000110 secs]87.037: [Tenured: 27204K->25778K(40960K), 0.0065430 secs] 42892K->25778K(59392K), [Perm : 6079K->6079K(21248K)], 0.0066040 secs] [Times: user=0.00 sys=0.00, real=0.01 secs] 
87.044: Total time for which application threads were stopped: 0.0067450 seconds, Stopping threads took: 0.0000730 seconds
87.100: Application time: 0.0561370 seconds
87.100: [GC87.100: [ParNew: 15689K->15689K(18432K), 0.0000110 secs]87.100: [Tenured: 25778K->25065K(40960K), 0.0100330 secs] 41468K->25065K(59392K), [Perm : 6079K->6079K(21248K)], 0.0100900 secs] [Times: user=0.01 sys=0.00, real=0.01 secs] 
87.110: Total time for which application threads were stopped: 0.0102440 seconds, Stopping threads took: 0.0000870 seconds
87.151: Application time: 0.0404310 seconds
87.151: [GC87.151: [ParNew: 16346K->1492K(18432K), 0.0035790 secs] 41412K->37246K(59392K), 0.0036210 secs] [Times: user=0.03 sys=0.00, real=0.01 secs] 
87.155: Total time for which application threads were stopped: 0.0038060 seconds, Stopping threads took: 0.0001190 seconds
87.161: Application time: 0.0060190 seconds
87.161: [GC87.161: [ParNew: 17294K->17294K(18432K), 0.0000100 secs]87.161: [Tenured: 35753K->22928K(40960K), 0.0100320 secs] 53048K->22928K(59392K), [Perm : 6079K->6079K(21248K)], 0.0100890 secs] [Times: user=0.01 sys=0.00, real=0.01 secs] 
87.171: Total time for which application threads were stopped: 0.0103330 seconds, Stopping threads took: 0.0001720 seconds
87.176: Application time: 0.0049260 seconds
87.177: [GC87.177: [ParNew: 15679K->1425K(18432K), 0.0010000 secs] 38607K->25065K(59392K), 0.0010310 secs] [Times: user=0.00 sys=0.00, real=0.00 secs] 
87.178: Total time for which application threads were stopped: 0.0022220 seconds, Stopping threads took: 0.0011140 seconds
87.183: Application time: 0.0051840 seconds
87.184: [GC87.184: [ParNew: 17110K->1433K(18432K), 0.0009660 secs] 40751K->25786K(59392K), 0.0009960 secs] [Times: user=0.00 sys=0.00, real=0.00 secs] 
87.185: Total time for which application threads were stopped: 0.0015100 seconds, Stopping threads took: 0.0004390 seconds
87.188: Application time: 0.0036480 seconds
87.189: [GC87.189: [ParNew: 17112K->1425K(18432K), 0.0010970 secs] 41465K->27243K(59392K), 0.0011290 secs] [Times: user=0.01 sys=0.00, real=0.00 secs] 
87.190: Total time for which application threads were stopped: 0.0013430 seconds, Stopping threads took: 0.0001360 seconds
87.193: Application time: 0.0033620 seconds
87.194: [GC87.194: [ParNew: 17110K->1435K(18432K), 0.0010230 secs] 42928K->28678K(59392K), 0.0010560 secs] [Times: user=0.01 sys=0.00, real=0.00 secs] 
87.195: Total time for which application threads were stopped: 0.0022620 seconds, Stopping threads took: 0.0011270 seconds
87.199: Application time: 0.0037650 seconds
87.199: [GC87.199: [ParNew: 17120K->1439K(18432K), 0.0005360 secs] 44363K->28706K(59392K), 0.0005620 secs] [Times: user=0.00 sys=0.00, real=0.00 secs] 
87.200: Total time for which application threads were stopped: 0.0007160 seconds, Stopping threads took: 0.0001010 seconds
87.203: Application time: 0.0035370 seconds
87.204: [GC87.204: [ParNew: 17120K->1433K(18432K), 0.0008210 secs] 44387K->29436K(59392K), 0.0008530 secs] [Times: user=0.00 sys=0.00, real=0.00 secs] 
87.205: Total time for which application threads were stopped: 0.0013500 seconds, Stopping threads took: 0.0004360 seconds
87.211: Application time: 0.0064000 seconds
87.211: [GC87.211: [ParNew: 17643K->1478K(18432K), 0.0005750 secs] 45647K->29513K(59392K), 0.0006010 secs] [Times: user=0.00 sys=0.00, real=0.00 secs] 
87.212: Total time for which application threads were stopped: 0.0007590 seconds, Stopping threads took: 0.0001060 seconds
87.217: Application time: 0.0050880 seconds
87.218: [GC87.218: [ParNew: 17353K->1444K(18432K), 0.0008200 secs] 45389K->30248K(59392K), 0.0008580 secs] [Times: user=0.01 sys=0.00, real=0.00 secs] 
87.219: Total time for which application threads were stopped: 0.0019490 seconds, Stopping threads took: 0.0010330 seconds
87.223: Application time: 0.0043690 seconds
87.224: [GC87.224: [ParNew: 17137K->1444K(18432K), 0.0011850 secs] 45942K->32426K(59392K), 0.0012160 secs] [Times: user=0.01 sys=0.00, real=0.00 secs] 
87.225: Total time for which application threads were stopped: 0.0014490 seconds, Stopping threads took: 0.0001750 seconds
87.228: Application time: 0.0036150 seconds
87.229: [GC87.229: [ParNew: 17155K->1439K(18432K), 0.0022150 secs] 48137K->37425K(59392K), 0.0022520 secs] [Times: user=0.02 sys=0.00, real=0.00 secs] 
87.232: Total time for which application threads were stopped: 0.0032550 seconds, Stopping threads took: 0.0009200 seconds
87.235: Application time: 0.0032950 seconds
87.235: [GC87.235: [ParNew: 17126K->17126K(18432K), 0.0000100 secs]87.235: [Tenured: 35986K->22958K(40960K), 0.0096790 secs] 53112K->22958K(59392K), [Perm : 6079K->6079K(21248K)], 0.0097360 secs] [Times: user=0.01 sys=0.00, real=0.01 secs] 
87.245: Total time for which application threads were stopped: 0.0100630 seconds, Stopping threads took: 0.0002360 seconds
87.249: Application time: 0.0041490 seconds
87.249: [GC87.250: [ParNew: 15686K->1427K(18432K), 0.0021000 secs] 38645K->28660K(59392K), 0.0021400 secs] [Times: user=0.01 sys=0.00, real=0.00 secs] 
87.252: Total time for which application threads were stopped: 0.0024120 seconds, Stopping threads took: 0.0002100 seconds
87.255: Application time: 0.0033250 seconds
87.256: [GC87.256: [ParNew: 17110K->1427K(18432K), 0.0015830 secs] 44343K->31511K(59392K), 0.0016150 secs] [Times: user=0.01 sys=0.00, real=0.00 secs] 
87.258: Total time for which application threads were stopped: 0.0027640 seconds, Stopping threads took: 0.0010790 seconds
87.262: Application time: 0.0038530 seconds
87.262: [GC87.262: [ParNew: 17115K->1435K(18432K), 0.0009470 secs] 47200K->32944K(59392K), 0.0009810 secs] [Times: user=0.00 sys=0.00, real=0.00 secs] 
87.263: Total time for which application threads were stopped: 0.0016140 seconds, Stopping threads took: 0.0005530 seconds
87.267: Application time: 0.0039300 seconds
87.268: [GC87.268: [ParNew: 17127K->1435K(18432K), 0.0009080 secs] 48636K->34409K(59392K), 0.0009340 secs] [Times: user=0.00 sys=0.00, real=0.00 secs] 
87.269: Total time for which application threads were stopped: 0.0015300 seconds, Stopping threads took: 0.0005440 seconds
87.272: Application time: 0.0036650 seconds
87.272: [GC87.273: [ParNew: 17118K->1427K(18432K), 0.0010440 secs] 50092K->35858K(59392K), 0.0010770 secs] [Times: user=0.01 sys=0.00, real=0.00 secs] 
87.274: Total time for which application threads were stopped: 0.0012290 seconds, Stopping threads took: 0.0000930 seconds
87.277: Application time: 0.0036030 seconds
87.277: [GC87.277: [ParNew: 17113K->17113K(18432K), 0.0000110 secs]87.277: [Tenured: 34431K->24382K(40960K), 0.0097190 secs] 51544K->24382K(59392K), [Perm : 6079K->6079K(21248K)], 0.0097790 secs] [Times: user=0.01 sys=0.00, real=0.01 secs] 
87.287: Total time for which application threads were stopped: 0.0100410 seconds, Stopping threads took: 0.0001890 seconds
87.291: Application time: 0.0041140 seconds
87.291: [GC87.291: [ParNew: 15689K->1435K(18432K), 0.0011570 secs] 40072K->27955K(59392K), 0.0011880 secs] [Times: user=0.01 sys=0.00, real=0.00 secs] 
87.293: Total time for which application threads were stopped: 0.0013200 seconds, Stopping threads took: 0.0000760 seconds
87.299: Application time: 0.0065920 seconds
87.299: [GC87.299: [ParNew: 17122K->1435K(18432K), 0.0011370 secs] 43643K->30133K(59392K), 0.0011700 secs] [Times: user=0.01 sys=0.00, real=0.00 secs] 
87.301: Total time for which application threads were stopped: 0.0013050 seconds, Stopping threads took: 0.0000750 seconds
87.307: Application time: 0.0069130 seconds
87.308: [GC87.308: [ParNew: 17113K->1425K(18432K), 0.0008020 secs] 45811K->30883K(59392K), 0.0008430 secs] [Times: user=0.00 sys=0.00, real=0.00 secs] 
87.308: Total time for which application threads were stopped: 0.0009800 seconds, Stopping threads took: 0.0000770 seconds
87.316: Application time: 0.0077620 seconds
87.316: [GC87.316: [ParNew: 17105K->714K(18432K), 0.0003930 secs] 46564K->30173K(59392K), 0.0004180 secs] [Times: user=0.00 sys=0.00, real=0.00 secs] 
87.317: Total time for which application threads were stopped: 0.0005550 seconds, Stopping threads took: 0.0000870 seconds
87.321: Application time: 0.0038960 seconds
87.321: [GC87.321: [ParNew: 16403K->1435K(18432K), 0.0008440 secs] 45861K->31606K(59392K), 0.0008710 secs] [Times: user=0.01 sys=0.00, real=0.00 secs] 
87.322: Total time for which application threads were stopped: 0.0010300 seconds, Stopping threads took: 0.0001020 seconds
87.326: Application time: 0.0037940 seconds
87.326: [GC87.326: [ParNew: 17113K->714K(18432K), 0.0004140 secs] 47285K->30917K(59392K), 0.0004400 secs] [Times: user=0.00 sys=0.00, real=0.00 secs] 
87.326: Total time for which application threads were stopped: 0.0006070 seconds, Stopping threads took: 0.0001140 seconds
87.361: Application time: 0.0345150 seconds
87.361: [GC87.361: [ParNew: 16410K->1433K(18432K), 0.0034980 secs] 46613K->42323K(59392K), 0.0035400 secs] [Times: user=0.02 sys=0.00, real=0.01 secs] 
87.364: Total time for which application threads were stopped: 0.0036870 seconds, Stopping threads took: 0.0000810 seconds
87.437: Application time: 0.0723200 seconds
87.437: [GC87.437: [ParNew: 17124K->17124K(18432K), 0.0000100 secs]87.437: [Tenured: 40890K->25095K(40960K), 0.0104090 secs] 58015K->25095K(59392K), [Perm : 6079K->6079K(21248K)], 0.0104660 secs] [Times: user=0.01 sys=0.00, real=0.01 secs] 
87.447: Total time for which application threads were stopped: 0.0105980 seconds, Stopping threads took: 0.0000670 seconds
87.511: Application time: 0.0633740 seconds
87.514: [GC87.514: [ParNew: 15704K->1435K(18432K), 0.0047220 secs] 40799K->40780K(59392K), 0.0047640 secs] [Times: user=0.03 sys=0.00, real=0.00 secs] 
87.519: Total time for which application threads were stopped: 0.0083200 seconds, Stopping threads took: 0.0034810 seconds
87.593: Application time: 0.0740210 seconds
87.593: [GC87.593: [ParNew: 17126K->17126K(18432K), 0.0000100 secs]87.593: [Tenured: 39345K->24353K(40960K), 0.0101430 secs] 56472K->24353K(59392K), [Perm : 6079K->6079K(21248K)], 0.0102030 secs] [Times: user=0.01 sys=0.00, real=0.02 secs] 
87.603: Total time for which application threads were stopped: 0.0104020 seconds, Stopping threads took: 0.0001320 seconds
87.677: Application time: 0.0737790 seconds
87.677: [GC87.677: [ParNew: 15691K->1427K(18432K), 0.0043760 secs] 40044K->39318K(59392K), 0.0044190 secs] [Times: user=0.04 sys=0.00, real=0.00 secs] 
87.682: Total time for which application threads were stopped: 0.0045740 seconds, Stopping threads took: 0.0000900 seconds
87.751: Application time: 0.0696490 seconds
87.752: [GC87.752: [ParNew: 17124K->17124K(18432K), 0.0000110 secs]87.752: [Tenured: 37891K->25779K(40960K), 0.0105990 secs] 55016K->25779K(59392K), [Perm : 6079K->6079K(21248K)], 0.0106590 secs] [Times: user=0.01 sys=0.00, real=0.02 secs] 
87.762: Total time for which application threads were stopped: 0.0108190 seconds, Stopping threads took: 0.0000890 seconds
87.822: Application time: 0.0602790 seconds
87.823: [GC87.823: [ParNew: 15691K->1425K(18432K), 0.0046580 secs] 41470K->41454K(59392K), 0.0047020 secs] [Times: user=0.03 sys=0.00, real=0.00 secs] 
87.827: Total time for which application threads were stopped: 0.0048600 seconds, Stopping threads took: 0.0000920 seconds
87.901: Application time: 0.0739150 seconds
87.901: [GC87.901: [ParNew: 17116K->17116K(18432K), 0.0000110 secs]87.901: [Tenured: 40029K->26491K(40960K), 0.0099220 secs] 57146K->26491K(59392K), [Perm : 6079K->6079K(21248K)], 0.0099840 secs] [Times: user=0.01 sys=0.00, real=0.01 secs] 
87.911: Total time for which application threads were stopped: 0.0101290 seconds, Stopping threads took: 0.0000750 seconds
87.983: Application time: 0.0713340 seconds
87.983: [GC87.983: [ParNew: 15691K->15691K(18432K), 0.0000090 secs]87.983: [Tenured: 26491K->26491K(40960K), 0.0089790 secs] 42183K->26491K(59392K), [Perm : 6079K->6079K(21248K)], 0.0090430 secs] [Times: user=0.01 sys=0.00, real=0.00 secs] 
87.992: Total time for which application threads were stopped: 0.0091760 seconds, Stopping threads took: 0.0000690 seconds
88.065: Application time: 0.0727280 seconds
88.065: [GC88.065: [ParNew: 15697K->15697K(18432K), 0.0000100 secs]88.065: [Tenured: 26491K->26490K(40960K), 0.0109030 secs] 42189K->26490K(59392K), [Perm : 6079K->6079K(21248K)], 0.0109610 secs] [Times: user=0.01 sys=0.00, real=0.01 secs] 
88.076: Total time for which application threads were stopped: 0.0111120 seconds, Stopping threads took: 0.0000710 seconds
88.153: Application time: 0.0772060 seconds
88.153: [GC88.153: [ParNew: 15695K->15695K(18432K), 0.0000100 secs]88.153: [Tenured: 26490K->27204K(40960K), 0.0093890 secs] 42186K->27204K(59392K), [Perm : 6079K->6079K(21248K)], 0.0094450 secs] [Times: user=0.01 sys=0.00, real=0.02 secs] 
88.163: Total time for which application threads were stopped: 0.0095820 seconds, Stopping threads took: 0.0000700 seconds
88.213: Application time: 0.0503850 seconds
88.213: [GC88.213: [ParNew: 15691K->15691K(18432K), 0.0000100 secs]88.213: [Tenured: 27204K->27204K(40960K), 0.0092220 secs] 42895K->27204K(59392K), [Perm : 6079K->6079K(21248K)], 0.0092800 secs] [Times: user=0.01 sys=0.00, real=0.02 secs] 
88.222: Total time for which application threads were stopped: 0.0094100 seconds, Stopping threads took: 0.0000650 seconds
88.275: Application time: 0.0524120 seconds
88.275: [GC88.275: [ParNew: 15704K->15704K(18432K), 0.0000100 secs]88.275: [Tenured: 27204K->27918K(40960K), 0.0108850 secs] 42908K->27918K(59392K), [Perm : 6079K->6079K(21248K)], 0.0109450 secs] [Times: user=0.01 sys=0.00, real=0.01 secs] 
88.286: Total time for which application threads were stopped: 0.0111330 seconds, Stopping threads took: 0.0001180 seconds
88.356: Application time: 0.0704640 seconds
88.357: [GC88.357: [ParNew: 15697K->15697K(18432K), 0.0000100 secs]88.357: [Tenured: 27918K->28628K(40960K), 0.0112060 secs] 43616K->28628K(59392K), [Perm : 6079K->6079K(21248K)], 0.0112670 secs] [Times: user=0.01 sys=0.00, real=0.01 secs] 
88.368: Total time for which application threads were stopped: 0.0114340 seconds, Stopping threads took: 0.0000970 seconds
88.442: Application time: 0.0743650 seconds
88.442: [GC88.442: [ParNew: 15689K->15689K(18432K), 0.0000100 secs]88.442: [Tenured: 28628K->29340K(40960K), 0.0099670 secs] 44317K->29340K(59392K), [Perm : 6079K->6079K(21248K)], 0.0100250 secs] [Times: user=0.01 sys=0.00, real=0.00 secs] 
88.452: Total time for which application threads were stopped: 0.0101920 seconds, Stopping threads took: 0.0000980 seconds
88.523: Application time: 0.0705890 seconds
88.523: [GC88.523: [ParNew: 15691K->15691K(18432K), 0.0000110 secs]88.523: [Tenured: 29340K->30053K(40960K), 0.0108550 secs] 45032K->30053K(59392K), [Perm : 6079K->6079K(21248K)], 0.0109260 secs] [Times: user=0.01 sys=0.00, real=0.01 secs] 
88.534: Total time for which application threads were stopped: 0.0111100 seconds, Stopping threads took: 0.0001110 seconds
88.606: Application time: 0.0721280 seconds
88.606: [GC88.606: [ParNew: 15707K->15707K(18432K), 0.0000110 secs]88.606: [Tenured: 30053K->27916K(40960K), 0.0106100 secs] 45760K->27916K(59392K), [Perm : 6079K->6079K(21248K)], 0.0106690 secs] [Times: user=0.02 sys=0.00, real=0.01 secs] 
88.617: Total time for which application threads were stopped: 0.0108430 seconds, Stopping threads took: 0.0000930 seconds
88.682: Application time: 0.0645880 seconds
88.682: [GC88.682: [ParNew: 15698K->15698K(18432K), 0.0000100 secs]88.682: [Tenured: 27916K->26490K(40960K), 0.0115150 secs] 43614K->26490K(59392K), [Perm : 6079K->6079K(21248K)], 0.0115730 secs] [Times: user=0.01 sys=0.00, real=0.01 secs] 
88.693: Total time for which application threads were stopped: 0.0117270 seconds, Stopping threads took: 0.0000870 seconds
88.750: Application time: 0.0562960 seconds
88.750: [GC88.750: [ParNew: 15689K->1425K(18432K), 0.0041960 secs] 42180K->40741K(59392K), 0.0042480 secs] [Times: user=0.04 sys=0.00, real=0.01 secs] 
88.754: Total time for which application threads were stopped: 0.0044320 seconds, Stopping threads took: 0.0001180 seconds
88.826: Application time: 0.0723390 seconds
88.827: [GC88.827: [ParNew: 17114K->17114K(18432K), 0.0000100 secs]88.827: [Tenured: 39316K->27203K(40960K), 0.0100200 secs] 56430K->27203K(59392K), [Perm : 6079K->6079K(21248K)], 0.0100810 secs] [Times: user=0.01 sys=0.00, real=0.01 secs] 
88.837: Total time for which application threads were stopped: 0.0102200 seconds, Stopping threads took: 0.0000690 seconds
88.872: Application time: 0.0353980 seconds
88.872: [GC88.872: [ParNew: 15689K->15689K(18432K), 0.0000110 secs]88.872: [Tenured: 27203K->27916K(40960K), 0.0100360 secs] 42893K->27916K(59392K), [Perm : 6079K->6079K(21248K)], 0.0100990 secs] [Times: user=0.01 sys=0.00, real=0.02 secs] 
88.882: Total time for which application threads were stopped: 0.0102370 seconds, Stopping threads took: 0.0000650 seconds
88.951: Application time: 0.0691700 seconds
88.952: [GC88.952: [ParNew: 15689K->15689K(18432K), 0.0000120 secs]88.952: [Tenured: 27916K->27203K(40960K), 0.0095510 secs] 43605K->27203K(59392K), [Perm : 6079K->6079K(21248K)], 0.0096130 secs] [Times: user=0.01 sys=0.00, real=0.01 secs] 
88.961: Total time for which application threads were stopped: 0.0097420 seconds, Stopping threads took: 0.0000610 seconds
89.025: Application time: 0.0637170 seconds
89.025: [GC89.025: [ParNew: 15689K->15689K(18432K), 0.0000100 secs]89.025: [Tenured: 27203K->27203K(40960K), 0.0090870 secs] 42893K->27203K(59392K), [Perm : 6079K->6079K(21248K)], 0.0091430 secs] [Times: user=0.01 sys=0.00, real=0.01 secs] 
89.034: Total time for which application threads were stopped: 0.0092760 seconds, Stopping threads took: 0.0000660 seconds
89.093: Application time: 0.0584670 seconds
89.093: [GC89.093: [ParNew: 15707K->15707K(18432K), 0.0000120 secs]89.093: [Tenured: 27203K->26491K(40960K), 0.0116810 secs] 42910K->26491K(59392K), [Perm : 6079K->6079K(21248K)], 0.0117430 secs] [Times: user=0.01 sys=0.00, real=0.02 secs] 
89.105: Total time for which application threads were stopped: 0.0120060 seconds, Stopping threads took: 0.0001920 seconds
89.164: Application time: 0.0594050 seconds
89.164: [GC89.164: [ParNew: 15688K->15688K(18432K), 0.0000090 secs]89.164: [Tenured: 26491K->27203K(40960K), 0.0094310 secs] 42179K->27203K(59392K), [Perm : 6079K->6079K(21248K)], 0.0094910 secs] [Times: user=0.01 sys=0.00, real=0.00 secs] 
89.174: Total time for which application threads were stopped: 0.0096400 seconds, Stopping threads took: 0.0000700 seconds
89.216: Application time: 0.0424480 seconds
89.216: [GC89.216: [ParNew: 15688K->15688K(18432K), 0.0000100 secs]89.216: [Tenured: 27203K->27916K(40960K), 0.0108930 secs] 42892K->27916K(59392K), [Perm : 6079K->6079K(21248K)], 0.0109540 secs] [Times: user=0.01 sys=0.00, real=0.01 secs] 
89.227: Total time for which application threads were stopped: 0.0111790 seconds, Stopping threads took: 0.0001330 seconds
89.290: Application time: 0.0625990 seconds
89.290: [GC89.290: [ParNew: 15688K->15688K(18432K), 0.0000110 secs]89.290: [Tenured: 27916K->26491K(40960K), 0.0124790 secs] 43604K->26491K(59392K), [Perm : 6079K->6079K(21248K)], 0.0125400 secs] [Times: user=0.01 sys=0.00, real=0.02 secs] 
89.303: Total time for which application threads were stopped: 0.0127800 seconds, Stopping threads took: 0.0001700 seconds
89.361: Application time: 0.0581100 seconds
89.361: [GC89.361: [ParNew: 15713K->15713K(18432K), 0.0000110 secs]89.361: [Tenured: 26491K->21504K(40960K), 0.0104410 secs] 42205K->21504K(59392K), [Perm : 6079K->6079K(21248K)], 0.0105020 secs] [Times: user=0.01 sys=0.00, real=0.01 secs] 
89.372: Total time for which application threads were stopped: 0.0106440 seconds, Stopping threads took: 0.0000720 seconds
89.405: Application time: 0.0334150 seconds
89.405: [GC89.405: [ParNew: 15688K->1425K(18432K), 0.0034740 secs] 37192K->33617K(59392K), 0.0035120 secs] [Times: user=0.03 sys=0.00, real=0.00 secs] 
89.409: Total time for which application threads were stopped: 0.0036550 seconds, Stopping threads took: 0.0000730 seconds
89.478: Application time: 0.0694570 seconds
89.478: [GC89.478: [ParNew: 17113K->17113K(18432K), 0.0000100 secs]89.478: [Tenured: 32192K->22216K(40960K), 0.0106800 secs] 49305K->22216K(59392K), [Perm : 6079K->6079K(21248K)], 0.0107390 secs] [Times: user=0.01 sys=0.00, real=0.01 secs] 
89.489: Total time for which application threads were stopped: 0.0110290 seconds, Stopping threads took: 0.0002190 seconds
89.535: Application time: 0.0457420 seconds
89.535: [GC89.535: [ParNew: 15688K->1425K(18432K), 0.0035390 secs] 37905K->34330K(59392K), 0.0035780 secs] [Times: user=0.03 sys=0.00, real=0.00 secs] 
89.539: Total time for which application threads were stopped: 0.0037400 seconds, Stopping threads took: 0.0000940 seconds
89.595: Application time: 0.0569440 seconds
89.596: [GC89.596: [ParNew: 17113K->17113K(18432K), 0.0000100 secs]89.596: [Tenured: 32904K->23641K(40960K), 0.0093740 secs] 50018K->23641K(59392K), [Perm : 6079K->6079K(21248K)], 0.0094340 secs] [Times: user=0.01 sys=0.00, real=0.01 secs] 
89.605: Total time for which application threads were stopped: 0.0095690 seconds, Stopping threads took: 0.0000670 seconds
89.652: Application time: 0.0466960 seconds
89.652: [GC89.652: [ParNew: 15703K->1439K(18432K), 0.0036820 secs] 39345K->35769K(59392K), 0.0037260 secs] [Times: user=0.02 sys=0.00, real=0.01 secs] 
89.656: Total time for which application threads were stopped: 0.0040940 seconds, Stopping threads took: 0.0003060 seconds
89.707: Application time: 0.0510210 seconds
89.707: [GC89.707: [ParNew: 17129K->17129K(18432K), 0.0000100 secs]89.707: [Tenured: 34330K->24354K(40960K), 0.0109060 secs] 51460K->24354K(59392K), [Perm : 6079K->6079K(21248K)], 0.0109650 secs] [Times: user=0.01 sys=0.00, real=0.01 secs] 
89.718: Total time for which application threads were stopped: 0.0111660 seconds, Stopping threads took: 0.0001110 seconds
89.774: Application time: 0.0560680 seconds
89.774: [GC89.774: [ParNew: 15695K->1433K(18432K), 0.0034780 secs] 40050K->36476K(59392K), 0.0035170 secs] [Times: user=0.03 sys=0.00, real=0.00 secs] 
89.778: Total time for which application threads were stopped: 0.0036470 seconds, Stopping threads took: 0.0000670 seconds
89.819: Application time: 0.0414260 seconds
89.819: [GC89.819: [ParNew: 17122K->17122K(18432K), 0.0000100 secs]89.819: [Tenured: 35043K->25780K(40960K), 0.0094490 secs] 52165K->25780K(59392K), [Perm : 6079K->6079K(21248K)], 0.0095070 secs] [Times: user=0.01 sys=0.00, real=0.01 secs] 
89.829: Total time for which application threads were stopped: 0.0096470 seconds, Stopping threads took: 0.0000710 seconds
89.878: Application time: 0.0493900 seconds
89.878: [GC89.878: [ParNew: 15688K->15688K(18432K), 0.0000100 secs]89.878: [Tenured: 25780K->26493K(40960K), 0.0101780 secs] 41469K->26493K(59392K), [Perm : 6079K->6079K(21248K)], 0.0102360 secs] [Times: user=0.01 sys=0.00, real=0.01 secs] 
89.889: Total time for which application threads were stopped: 0.0103820 seconds, Stopping threads took: 0.0000790 seconds
89.959: Application time: 0.0703320 seconds
89.959: [GC89.959: [ParNew: 15688K->15688K(18432K), 0.0000110 secs]89.959: [Tenured: 26493K->24355K(40960K), 0.0102660 secs] 42182K->24355K(59392K), [Perm : 6079K->6079K(21248K)], 0.0103270 secs] [Times: user=0.01 sys=0.00, real=0.01 secs] 
89.970: Total time for which application threads were stopped: 0.0106290 seconds, Stopping threads took: 0.0002310 seconds
90.000: Application time: 0.0299690 seconds
90.000: [GC90.000: [ParNew: 15689K->1425K(18432K), 0.0037190 secs] 40044K->36469K(59392K), 0.0037610 secs] [Times: user=0.02 sys=0.00, real=0.01 secs] 
90.004: Total time for which application threads were stopped: 0.0039450 seconds, Stopping threads took: 0.0000990 seconds
90.065: Application time: 0.0615830 seconds
90.065: [GC90.065: [ParNew: 17114K->17114K(18432K), 0.0000090 secs]90.065: [Tenured: 35044K->25780K(40960K), 0.0101550 secs] 52158K->25780K(59392K), [Perm : 6079K->6079K(21248K)], 0.0102220 secs] [Times: user=0.01 sys=0.00, real=0.01 secs] 
90.075: Total time for which application threads were stopped: 0.0103830 seconds, Stopping threads took: 0.0000820 seconds
90.133: Application time: 0.0580030 seconds
90.134: [GC90.134: [ParNew: 15702K->15702K(18432K), 0.0000100 secs]90.134: [Tenured: 25780K->26494K(40960K), 0.0099790 secs] 41482K->26494K(59392K), [Perm : 6079K->6079K(21248K)], 0.0100410 secs] [Times: user=0.01 sys=0.00, real=0.02 secs] 
90.144: Total time for which application threads were stopped: 0.0101770 seconds, Stopping threads took: 0.0000620 seconds
90.187: Application time: 0.0436300 seconds
90.187: [GC90.187: [ParNew: 15688K->15688K(18432K), 0.0000100 secs]90.187: [Tenured: 26494K->26494K(40960K), 0.0094060 secs] 42183K->26494K(59392K), [Perm : 6079K->6079K(21248K)], 0.0094660 secs] [Times: user=0.01 sys=0.00, real=0.01 secs] 
90.197: Total time for which application threads were stopped: 0.0096060 seconds, Stopping threads took: 0.0000710 seconds
90.248: Application time: 0.0514850 seconds
90.249: [GC90.249: [ParNew: 15688K->15688K(18432K), 0.0000100 secs]90.249: [Tenured: 26494K->27919K(40960K), 0.0094170 secs] 42183K->27919K(59392K), [Perm : 6079K->6079K(21248K)], 0.0094760 secs] [Times: user=0.00 sys=0.00, real=0.01 secs] 
90.258: Total time for which application threads were stopped: 0.0096210 seconds, Stopping threads took: 0.0000670 seconds
90.309: Application time: 0.0509960 seconds
90.309: [GC90.309: [ParNew: 15688K->15688K(18432K), 0.0000110 secs]90.309: [Tenured: 27919K->27205K(40960K), 0.0117320 secs] 43608K->27205K(59392K), [Perm : 6079K->6079K(21248K)], 0.0117930 secs] [Times: user=0.01 sys=0.00, real=0.01 secs] 
90.321: Total time for which application threads were stopped: 0.0120940 seconds, Stopping threads took: 0.0002110 seconds
90.377: Application time: 0.0560810 seconds
90.377: [GC90.377: [ParNew: 15701K->15701K(18432K), 0.0000100 secs]90.377: [Tenured: 27205K->27919K(40960K), 0.0093090 secs] 42907K->27919K(59392K), [Perm : 6079K->6079K(21248K)], 0.0093680 secs] [Times: user=0.01 sys=0.00, real=0.01 secs] 
90.387: Total time for which application threads were stopped: 0.0094990 seconds, Stopping threads took: 0.0000650 seconds
90.441: Application time: 0.0543390 seconds
90.441: [GC90.441: [ParNew: 15695K->15695K(18432K), 0.0000090 secs]90.441: [Tenured: 27919K->27920K(40960K), 0.0092570 secs] 43615K->27920K(59392K), [Perm : 6079K->6079K(21248K)], 0.0093110 secs] [Times: user=0.01 sys=0.00, real=0.01 secs] 
90.450: Total time for which application threads were stopped: 0.0094350 seconds, Stopping threads took: 0.0000610 seconds
90.489: Application time: 0.0380950 seconds
90.489: [GC90.489: [ParNew: 15688K->15688K(18432K), 0.0000100 secs]90.489: [Tenured: 27920K->30058K(40960K), 0.0095010 secs] 43609K->30058K(59392K), [Perm : 6079K->6079K(21248K)], 0.0095600 secs] [Times: user=0.01 sys=0.00, real=0.01 secs] 
90.498: Total time for which application threads were stopped: 0.0097270 seconds, Stopping threads took: 0.0000990 seconds
90.566: Application time: 0.0673200 seconds
90.566: [GC90.566: [ParNew: 15688K->15688K(18432K), 0.0000100 secs]90.566: [Tenured: 30058K->29342K(40960K), 0.0112850 secs] 45746K->29342K(59392K), [Perm : 6079K->6079K(21248K)], 0.0113450 secs] [Times: user=0.02 sys=0.00, real=0.01 secs] 
90.577: Total time for which application threads were stopped: 0.0115530 seconds, Stopping threads took: 0.0001200 seconds
90.625: Application time: 0.0482870 seconds
90.626: [GC90.626: [ParNew: 15688K->15688K(18432K), 0.0000110 secs]90.626: [Tenured: 29342K->30055K(40960K), 0.0093870 secs] 45031K->30055K(59392K), [Perm : 6079K->6079K(21248K)], 0.0094470 secs] [Times: user=0.01 sys=0.00, real=0.01 secs] 
90.635: Total time for which application threads were stopped: 0.0095840 seconds, Stopping threads took: 0.0000700 seconds
90.684: Application time: 0.0488610 seconds
90.684: [GC90.684: [ParNew: 15688K->15688K(18432K), 0.0000110 secs]90.684: [Tenured: 30055K->29342K(40960K), 0.0108550 secs] 45743K->29342K(59392K), [Perm : 6079K->6079K(21248K)], 0.0109150 secs] [Times: user=0.01 sys=0.00, real=0.01 secs] 
90.695: Total time for which application threads were stopped: 0.0111690 seconds, Stopping threads took: 0.0001740 seconds
90.746: Application time: 0.0505540 seconds
90.747: [GC90.747: [ParNew: 15722K->15722K(18432K), 0.0000100 secs]90.747: [Tenured: 29342K->28659K(40960K), 0.0104860 secs] 45064K->28659K(59392K), [Perm : 6079K->6079K(21248K)], 0.0105440 secs] [Times: user=0.01 sys=0.00, real=0.01 secs] 
90.757: Total time for which application threads were stopped: 0.0116280 seconds, Stopping threads took: 0.0010140 seconds
90.764: Application time: 0.0064880 seconds
90.764: [GC90.764: [ParNew: 16194K->16194K(18432K), 0.0000100 secs]90.764: [Tenured: 28659K->25788K(40960K), 0.0105650 secs] 44853K->25788K(59392K), [Perm : 6079K->6079K(21248K)], 0.0106240 secs] [Times: user=0.01 sys=0.00, real=0.01 secs] 
90.775: Total time for which application threads were stopped: 0.0107850 seconds, Stopping threads took: 0.0000790 seconds
90.782: Application time: 0.0070420 seconds
90.782: [GC90.782: [ParNew: 15686K->15686K(18432K), 0.0000100 secs]90.782: [Tenured: 25788K->24390K(40960K), 0.0092260 secs] 41475K->24390K(59392K), [Perm : 6079K->6079K(21248K)], 0.0092860 secs] [Times: user=0.01 sys=0.00, real=0.01 secs] 
90.791: Total time for which application threads were stopped: 0.0095530 seconds, Stopping threads took: 0.0001740 seconds
90.795: Application time: 0.0035200 seconds
90.796: [GC90.796: [ParNew: 15774K->1436K(18432K), 0.0008250 secs] 40165K->25827K(59392K), 0.0008550 secs] [Times: user=0.00 sys=0.00, real=0.00 secs] 
90.797: Total time for which application threads were stopped: 0.0019080 seconds, Stopping threads took: 0.0010000 seconds
90.800: Application time: 0.0035500 seconds
90.800: [GC90.800: [ParNew: 17242K->17242K(18432K), 0.0000100 secs]90.800: [Tenured: 24390K->25820K(40960K), 0.0071080 secs] 41633K->25820K(59392K), [Perm : 6079K->6079K(21248K)], 0.0071680 secs] [Times: user=0.01 sys=0.00, real=0.01 secs] 
90.808: Total time for which application threads were stopped: 0.0074090 seconds, Stopping threads took: 0.0001730 seconds
90.812: Application time: 0.0042370 seconds
90.813: [GC90.813: [ParNew: 15727K->15727K(18432K), 0.0000100 secs]90.813: [Tenured: 25820K->25095K(40960K), 0.0094970 secs] 41548K->25095K(59392K), [Perm : 6079K->6079K(21248K)], 0.0095540 secs] [Times: user=0.01 sys=0.00, real=0.02 secs] 
90.822: Total time for which application threads were stopped: 0.0104140 seconds, Stopping threads took: 0.0007710 seconds
90.827: Application time: 0.0045460 seconds
90.827: [GC90.827: [ParNew: 15687K->1433K(18432K), 0.0010290 secs] 40783K->27953K(59392K), 0.0010610 secs] [Times: user=0.00 sys=0.00, real=0.00 secs] 
90.828: Total time for which application threads were stopped: 0.0011950 seconds, Stopping threads took: 0.0000730 seconds
90.832: Application time: 0.0041340 seconds
90.833: [GC90.833: [ParNew: 17116K->17116K(18432K), 0.0000100 secs]90.833: [Tenured: 26520K->23642K(40960K), 0.0107060 secs] 43637K->23642K(59392K), [Perm : 6079K->6079K(21248K)], 0.0107630 secs] [Times: user=0.01 sys=0.00, real=0.02 secs] 
90.844: Total time for which application threads were stopped: 0.0116650 seconds, Stopping threads took: 0.0008310 seconds
90.848: Application time: 0.0038800 seconds
90.848: [GC90.849: [ParNew: 15688K->1437K(18432K), 0.0011530 secs] 39330K->27216K(59392K), 0.0011890 secs] [Times: user=0.01 sys=0.00, real=0.00 secs] 
90.850: Total time for which application threads were stopped: 0.0020830 seconds, Stopping threads took: 0.0008280 seconds
90.853: Application time: 0.0037330 seconds
90.854: [GC90.854: [ParNew: 17119K->17119K(18432K), 0.0000110 secs]90.854: [Tenured: 25779K->26493K(40960K), 0.0073120 secs] 42899K->26493K(59392K), [Perm : 6079K->6079K(21248K)], 0.0073720 secs] [Times: user=0.01 sys=0.00, real=0.00 secs] 
90.862: Total time for which application threads were stopped: 0.0083800 seconds, Stopping threads took: 0.0009280 seconds
90.865: Application time: 0.0034020 seconds
90.865: [GC90.865: [ParNew: 15682K->15682K(18432K), 0.0000180 secs]90.865: [Tenured: 26493K->28631K(40960K), 0.0067260 secs] 42175K->28631K(59392K), [Perm : 6079K->6079K(21248K)], 0.0067950 secs] [Times: user=0.01 sys=0.00, real=0.00 secs] 
90.872: Total time for which application threads were stopped: 0.0070180 seconds, Stopping threads took: 0.0001540 seconds
90.876: Application time: 0.0042250 seconds
90.877: [GC90.877: [ParNew: 15690K->15690K(18432K), 0.0000100 secs]90.877: [Tenured: 28631K->25067K(40960K), 0.0088020 secs] 44321K->25067K(59392K), [Perm : 6079K->6079K(21248K)], 0.0088640 secs] [Times: user=0.00 sys=0.00, real=0.01 secs] 
90.886: Total time for which application threads were stopped: 0.0091320 seconds, Stopping threads took: 0.0001980 seconds
90.890: Application time: 0.0040410 seconds
90.890: [GC90.890: [ParNew: 15688K->1435K(18432K), 0.0014650 secs] 40756K->29352K(59392K), 0.0015010 secs] [Times: user=0.01 sys=0.00, real=0.00 secs] 
90.892: Total time for which application threads were stopped: 0.0020050 seconds, Stopping threads took: 0.0004440 seconds
90.896: Application time: 0.0038520 seconds
90.896: [GC90.896: [ParNew: 17124K->17124K(18432K), 0.0000100 secs]90.896: [Tenured: 27917K->26492K(40960K), 0.0090460 secs] 45042K->26492K(59392K), [Perm : 6079K->6079K(21248K)], 0.0091060 secs] [Times: user=0.01 sys=0.00, real=0.01 secs] 
90.905: Total time for which application threads were stopped: 0.0098170 seconds, Stopping threads took: 0.0006420 seconds
90.909: Application time: 0.0036900 seconds
90.909: [GC90.909: [ParNew: 15684K->15684K(18432K), 0.0000110 secs]90.909: [Tenured: 26492K->24354K(40960K), 0.0092700 secs] 42177K->24354K(59392K), [Perm : 6079K->6079K(21248K)], 0.0093300 secs] [Times: user=0.01 sys=0.00, real=0.01 secs] 
90.919: Total time for which application threads were stopped: 0.0097610 seconds, Stopping threads took: 0.0003390 seconds
90.923: Application time: 0.0044820 seconds
90.924: [GC90.924: [ParNew: 15684K->1429K(18432K), 0.0015680 secs] 40039K->28634K(59392K), 0.0016070 secs] [Times: user=0.02 sys=0.00, real=0.00 secs] 
90.926: Total time for which application threads were stopped: 0.0025060 seconds, Stopping threads took: 0.0008240 seconds
90.930: Application time: 0.0042700 seconds
90.931: [GC90.931: [ParNew: 17120K->17120K(18432K), 0.0000120 secs]90.931: [Tenured: 27205K->22929K(40960K), 0.0098060 secs] 44325K->22929K(59392K), [Perm : 6079K->6079K(21248K)], 0.0098650 secs] [Times: user=0.01 sys=0.00, real=0.01 secs] 
90.941: Total time for which application threads were stopped: 0.0109400 seconds, Stopping threads took: 0.0009830 seconds
90.945: Application time: 0.0040360 seconds
90.945: [GC90.945: [ParNew: 15684K->1425K(18432K), 0.0016730 secs] 38614K->27917K(59392K), 0.0017140 secs] [Times: user=0.02 sys=0.00, real=0.00 secs] 
90.947: Total time for which application threads were stopped: 0.0021140 seconds, Stopping threads took: 0.0003240 seconds
90.952: Application time: 0.0045280 seconds
90.952: [GC90.952: [ParNew: 17116K->1437K(18432K), 0.0015980 secs] 43609K->31492K(59392K), 0.0016290 secs] [Times: user=0.01 sys=0.00, real=0.00 secs] 
90.954: Total time for which application threads were stopped: 0.0018260 seconds, Stopping threads took: 0.0001380 seconds
90.958: Application time: 0.0049130 seconds
90.959: [GC90.959: [ParNew: 17119K->17119K(18432K), 0.0000100 secs]90.959: [Tenured: 30055K->27206K(40960K), 0.0077680 secs] 47174K->27206K(59392K), [Perm : 6079K->6079K(21248K)], 0.0078260 secs] [Times: user=0.01 sys=0.00, real=0.01 secs] 
90.966: Total time for which application threads were stopped: 0.0079750 seconds, Stopping threads took: 0.0000810 seconds
90.974: Application time: 0.0077060 seconds
90.974: [GC90.974: [ParNew: 15682K->1427K(18432K), 0.0005240 secs] 42888K->28633K(59392K), 0.0005560 secs] [Times: user=0.01 sys=0.00, real=0.00 secs] 
90.975: Total time for which application threads were stopped: 0.0007140 seconds, Stopping threads took: 0.0001020 seconds
90.979: Application time: 0.0040750 seconds
90.979: [GC90.979: [ParNew: 17124K->1435K(18432K), 0.0017140 secs] 44330K->32204K(59392K), 0.0017610 secs] [Times: user=0.01 sys=0.00, real=0.00 secs] 
90.981: Total time for which application threads were stopped: 0.0018830 seconds, Stopping threads took: 0.0000580 seconds
90.984: Application time: 0.0036110 seconds
90.985: [GC90.985: [ParNew: 17119K->17119K(18432K), 0.0000090 secs]90.985: [Tenured: 30769K->25067K(40960K), 0.0091890 secs] 47888K->25067K(59392K), [Perm : 6079K->6079K(21248K)], 0.0092590 secs] [Times: user=0.01 sys=0.00, real=0.01 secs] 
90.994: Total time for which application threads were stopped: 0.0096610 seconds, Stopping threads took: 0.0003340 seconds
90.998: Application time: 0.0037930 seconds
90.998: [GC90.998: [ParNew: 15683K->1427K(18432K), 0.0012670 secs] 40751K->28632K(59392K), 0.0013000 secs] [Times: user=0.01 sys=0.00, real=0.00 secs] 
90.999: Total time for which application threads were stopped: 0.0014960 seconds, Stopping threads took: 0.0001390 seconds
91.003: Application time: 0.0039770 seconds
91.003: [GC91.003: [ParNew: 17107K->1425K(18432K), 0.0006260 secs] 44313K->28630K(59392K), 0.0006550 secs] [Times: user=0.01 sys=0.00, real=0.00 secs] 
91.004: Total time for which application threads were stopped: 0.0007830 seconds, Stopping threads took: 0.0000700 seconds
91.010: Application time: 0.0057390 seconds
91.010: [GC91.010: [ParNew: 17121K->1437K(18432K), 0.0008080 secs] 44326K->30067K(59392K), 0.0008420 secs] [Times: user=0.00 sys=0.01, real=0.00 secs] 
91.011: Total time for which application threads were stopped: 0.0009790 seconds, Stopping threads took: 0.0000800 seconds
91.068: Application time: 0.0570050 seconds
91.068: [GC91.068: [ParNew (promotion failed): 17127K->17117K(18432K), 0.0040780 secs]91.072: [Tenured: 40799K->25779K(40960K), 0.0092690 secs] 45757K->25779K(59392K), [Perm : 6079K->6079K(21248K)], 0.0134100 secs] [Times: user=0.03 sys=0.00, real=0.01 secs] 
91.081: Total time for which application threads were stopped: 0.0135520 seconds, Stopping threads took: 0.0000750 seconds
91.138: Application time: 0.0570630 seconds
91.139: [GC91.139: [ParNew: 15689K->1425K(18432K), 0.0040490 secs] 41469K->39317K(59392K), 0.0041000 secs] [Times: user=0.03 sys=0.00, real=0.01 secs] 
91.143: Total time for which application threads were stopped: 0.0042360 seconds, Stopping threads took: 0.0000730 seconds
91.196: Application time: 0.0528600 seconds
91.196: [GC91.196: [ParNew: 17114K->17114K(18432K), 0.0000100 secs]91.196: [Tenured: 37892K->27916K(40960K), 0.0093170 secs] 55007K->27916K(59392K), [Perm : 6079K->6079K(21248K)], 0.0093800 secs] [Times: user=0.01 sys=0.00, real=0.01 secs] 
91.205: Total time for which application threads were stopped: 0.0095420 seconds, Stopping threads took: 0.0000940 seconds
91.256: Application time: 0.0506090 seconds
91.256: [GC91.256: [ParNew: 15719K->15719K(18432K), 0.0000100 secs]91.256: [Tenured: 27916K->27946K(40960K), 0.0096640 secs] 43636K->27946K(59392K), [Perm : 6079K->6079K(21248K)], 0.0097220 secs] [Times: user=0.01 sys=0.00, real=0.01 secs] 
91.266: Total time for which application threads were stopped: 0.0098590 seconds, Stopping threads took: 0.0000690 seconds
91.274: Application time: 0.0081110 seconds
91.274: [GC91.274: [ParNew: 15677K->15677K(18432K), 0.0000100 secs]91.274: [Tenured: 27946K->26491K(40960K), 0.0100350 secs] 43623K->26491K(59392K), [Perm : 6079K->6079K(21248K)], 0.0100950 secs] [Times: user=0.01 sys=0.00, real=0.02 secs] 
91.284: Total time for which application threads were stopped: 0.0102900 seconds, Stopping threads took: 0.0001130 seconds
91.289: Application time: 0.0053940 seconds
91.290: [GC91.290: [ParNew: 15687K->15687K(18432K), 0.0000110 secs]91.290: [Tenured: 26491K->27916K(40960K), 0.0094350 secs] 42179K->27916K(59392K), [Perm : 6079K->6079K(21248K)], 0.0094920 secs] [Times: user=0.01 sys=0.00, real=0.01 secs] 
91.299: Total time for which application threads were stopped: 0.0096480 seconds, Stopping threads took: 0.0000880 seconds
91.303: Application time: 0.0037430 seconds
91.303: [GC91.303: [ParNew: 15679K->15679K(18432K), 0.0000110 secs]91.303: [Tenured: 27916K->27916K(40960K), 0.0098150 secs] 43596K->27916K(59392K), [Perm : 6079K->6079K(21248K)], 0.0098870 secs] [Times: user=0.01 sys=0.00, real=0.00 secs] 
91.313: Total time for which application threads were stopped: 0.0100520 seconds, Stopping threads took: 0.0000950 seconds
91.319: Application time: 0.0064510 seconds
91.320: [GC91.320: [ParNew: 15687K->15687K(18432K), 0.0000100 secs]91.320: [Tenured: 27916K->25066K(40960K), 0.0093930 secs] 43604K->25066K(59392K), [Perm : 6079K->6079K(21248K)], 0.0094520 secs] [Times: user=0.01 sys=0.00, real=0.01 secs] 
91.329: Total time for which application threads were stopped: 0.0100630 seconds, Stopping threads took: 0.0005190 seconds
91.336: Application time: 0.0064430 seconds
91.336: [GC91.336: [ParNew: 16288K->1474K(18432K), 0.0009500 secs] 41355K->27253K(59392K), 0.0009810 secs] [Times: user=0.00 sys=0.00, real=0.00 secs] 
91.337: Total time for which application threads were stopped: 0.0012100 seconds, Stopping threads took: 0.0001760 seconds
91.343: Application time: 0.0059330 seconds
91.343: [GC91.343: [ParNew: 17294K->1437K(18432K), 0.0015520 secs] 43073K->30130K(59392K), 0.0015860 secs] [Times: user=0.01 sys=0.00, real=0.00 secs] 
91.345: Total time for which application threads were stopped: 0.0017180 seconds, Stopping threads took: 0.0000700 seconds
91.349: Application time: 0.0042400 seconds
91.349: [GC91.349: [ParNew: 17125K->17125K(18432K), 0.0000120 secs]91.349: [Tenured: 28693K->25066K(40960K), 0.0109820 secs] 45818K->25066K(59392K), [Perm : 6079K->6079K(21248K)], 0.0110450 secs] [Times: user=0.01 sys=0.00, real=0.01 secs] 
91.360: Total time for which application threads were stopped: 0.0112130 seconds, Stopping threads took: 0.0000960 seconds
91.364: Application time: 0.0036230 seconds
91.364: [GC91.364: [ParNew: 15681K->1427K(18432K), 0.0007220 secs] 40748K->26494K(59392K), 0.0007510 secs] [Times: user=0.00 sys=0.00, real=0.00 secs] 
91.365: Total time for which application threads were stopped: 0.0010650 seconds, Stopping threads took: 0.0002550 seconds
91.369: Application time: 0.0037360 seconds
91.369: [GC91.369: [ParNew: 17109K->1429K(18432K), 0.0013200 secs] 42176K->28633K(59392K), 0.0013550 secs] [Times: user=0.01 sys=0.00, real=0.00 secs] 
91.370: Total time for which application threads were stopped: 0.0015300 seconds, Stopping threads took: 0.0000940 seconds
91.375: Application time: 0.0049060 seconds
91.375: [GC91.375: [ParNew: 17117K->1433K(18432K), 0.0011140 secs] 44322K->30775K(59392K), 0.0011460 secs] [Times: user=0.00 sys=0.00, real=0.00 secs] 
91.376: Total time for which application threads were stopped: 0.0012830 seconds, Stopping threads took: 0.0000780 seconds
91.381: Application time: 0.0050400 seconds
91.381: [GC91.381: [ParNew: 17116K->1435K(18432K), 0.0010790 secs] 46458K->32242K(59392K), 0.0011130 secs] [Times: user=0.00 sys=0.00, real=0.01 secs] 
91.383: Total time for which application threads were stopped: 0.0012510 seconds, Stopping threads took: 0.0000770 seconds
91.389: Application time: 0.0067650 seconds
91.389: [GC91.389: [ParNew: 17122K->17122K(18432K), 0.0000090 secs]91.389: [Tenured: 30807K->24354K(40960K), 0.0095430 secs] 47929K->24354K(59392K), [Perm : 6080K->6080K(21248K)], 0.0095960 secs] [Times: user=0.01 sys=0.00, real=0.01 secs] 
91.399: Total time for which application threads were stopped: 0.0097220 seconds, Stopping threads took: 0.0000590 seconds
91.407: Application time: 0.0077480 seconds
91.407: [GC91.407: [ParNew: 15678K->712K(18432K), 0.0005150 secs] 40032K->25066K(59392K), 0.0005420 secs] [Times: user=0.00 sys=0.00, real=0.00 secs] 
91.408: Total time for which application threads were stopped: 0.0007240 seconds, Stopping threads took: 0.0001290 seconds
91.414: Application time: 0.0067060 seconds
91.414: [GC91.414: [ParNew: 16392K->712K(18432K), 0.0005360 secs] 40746K->25066K(59392K), 0.0005660 secs] [Times: user=0.00 sys=0.00, real=0.00 secs] 
91.415: Total time for which application threads were stopped: 0.0007350 seconds, Stopping threads took: 0.0001130 seconds
91.420: Application time: 0.0046480 seconds
91.420: [GC91.420: [ParNew: 16401K->1433K(18432K), 0.0006630 secs] 40755K->25787K(59392K), 0.0006900 secs] [Times: user=0.00 sys=0.00, real=0.00 secs] 
91.421: Total time for which application threads were stopped: 0.0008420 seconds, Stopping threads took: 0.0000960 seconds
91.424: Application time: 0.0033550 seconds
91.424: [GC91.424: [ParNew: 17114K->1425K(18432K), 0.0012890 secs] 41468K->27956K(59392K), 0.0013240 secs] [Times: user=0.00 sys=0.00, real=0.00 secs] 
91.425: Total time for which application threads were stopped: 0.0014510 seconds, Stopping threads took: 0.0000660 seconds
91.438: Application time: 0.0126120 seconds
91.438: [GC91.438: [ParNew: 17117K->1433K(18432K), 0.0022480 secs] 43649K->34377K(59392K), 0.0022840 secs] [Times: user=0.01 sys=0.00, real=0.00 secs] 
91.440: Total time for which application threads were stopped: 0.0024280 seconds, Stopping threads took: 0.0000780 seconds
91.515: Application time: 0.0742620 seconds
91.515: [GC91.515: [ParNew: 17120K->17120K(18432K), 0.0000100 secs]91.515: [Tenured: 32944K->25779K(40960K), 0.0095000 secs] 50065K->25779K(59392K), [Perm : 6080K->6080K(21248K)], 0.0095580 secs] [Times: user=0.01 sys=0.00, real=0.01 secs] 
91.524: Total time for which application threads were stopped: 0.0097060 seconds, Stopping threads took: 0.0000820 seconds
91.568: Application time: 0.0437820 seconds
91.568: [GC91.568: [ParNew: 15721K->1459K(18432K), 0.0035890 secs] 41500K->37925K(59392K), 0.0036320 secs] [Times: user=0.02 sys=0.00, real=0.00 secs] 
91.572: Total time for which application threads were stopped: 0.0038030 seconds, Stopping threads took: 0.0001050 seconds
91.581: Application time: 0.0088360 seconds
91.581: [GC91.581: [ParNew: 17136K->17136K(18432K), 0.0000110 secs]91.581: [Tenured: 36466K->26520K(40960K), 0.0095180 secs] 53603K->26520K(59392K), [Perm : 6080K->6080K(21248K)], 0.0095750 secs] [Times: user=0.01 sys=0.00, real=0.01 secs] 
91.591: Total time for which application threads were stopped: 0.0097630 seconds, Stopping threads took: 0.0001200 seconds
91.596: Application time: 0.0057020 seconds
91.597: [GC91.597: [ParNew: 15685K->1433K(18432K), 0.0008520 secs] 42206K->28666K(59392K), 0.0008850 secs] [Times: user=0.01 sys=0.00, real=0.00 secs] 
91.597: Total time for which application threads were stopped: 0.0012500 seconds, Stopping threads took: 0.0003050 seconds
91.602: Application time: 0.0041710 seconds
91.602: [GC91.602: [ParNew: 17435K->1471K(18432K), 0.0011250 secs] 44668K->30145K(59392K), 0.0011560 secs] [Times: user=0.01 sys=0.00, real=0.01 secs] 
91.603: Total time for which application threads were stopped: 0.0013450 seconds, Stopping threads took: 0.0001320 seconds
91.611: Application time: 0.0075660 seconds
91.611: [GC91.611: [ParNew: 17509K->1444K(18432K), 0.0008820 secs] 46183K->30887K(59392K), 0.0009120 secs] [Times: user=0.01 sys=0.00, real=0.00 secs] 
91.612: Total time for which application threads were stopped: 0.0010530 seconds, Stopping threads took: 0.0000820 seconds
91.617: Application time: 0.0053250 seconds
91.617: [GC91.617: [ParNew: 17199K->1437K(18432K), 0.0013490 secs] 46642K->33762K(59392K), 0.0013750 secs] [Times: user=0.01 sys=0.00, real=0.00 secs] 
91.619: Total time for which application threads were stopped: 0.0016530 seconds, Stopping threads took: 0.0002250 seconds
91.624: Application time: 0.0056380 seconds
91.624: [GC91.624: [ParNew: 17618K->17618K(18432K), 0.0000100 secs]91.624: [Tenured: 32325K->20085K(40960K), 0.0102490 secs] 49943K->20085K(59392K), [Perm : 6080K->6080K(21248K)], 0.0103070 secs] [Times: user=0.01 sys=0.00, real=0.01 secs] 
91.635: Total time for which application threads were stopped: 0.0104910 seconds, Stopping threads took: 0.0001120 seconds
91.639: Application time: 0.0046110 seconds
91.640: [GC91.640: [ParNew: 15854K->1446K(18432K), 0.0009550 secs] 35940K->22245K(59392K), 0.0009890 secs] [Times: user=0.01 sys=0.00, real=0.00 secs] 
91.641: Total time for which application threads were stopped: 0.0021280 seconds, Stopping threads took: 0.0010790 seconds
91.645: Application time: 0.0040010 seconds
91.646: [GC91.646: [ParNew: 17209K->1437K(18432K), 0.0013840 secs] 38008K->25109K(59392K), 0.0014140 secs] [Times: user=0.01 sys=0.00, real=0.00 secs] 
91.647: Total time for which application threads were stopped: 0.0017580 seconds, Stopping threads took: 0.0002870 seconds
91.651: Application time: 0.0038530 seconds
91.651: [GC91.651: [ParNew: 17129K->1435K(18432K), 0.0027940 secs] 40802K->32961K(59392K), 0.0028360 secs] [Times: user=0.02 sys=0.00, real=0.01 secs] 
91.654: Total time for which application threads were stopped: 0.0031170 seconds, Stopping threads took: 0.0002150 seconds
91.658: Application time: 0.0037600 seconds
91.658: [GC91.658: [ParNew: 17119K->17119K(18432K), 0.0000110 secs]91.658: [Tenured: 31526K->22216K(40960K), 0.0095110 secs] 48645K->22216K(59392K), [Perm : 6080K->6080K(21248K)], 0.0095690 secs] [Times: user=0.01 sys=0.00, real=0.01 secs] 
91.668: Total time for which application threads were stopped: 0.0098060 seconds, Stopping threads took: 0.0001650 seconds
91.671: Application time: 0.0034440 seconds
91.672: [GC91.672: [ParNew: 15683K->1425K(18432K), 0.0020130 secs] 37900K->28629K(59392K), 0.0020520 secs] [Times: user=0.02 sys=0.00, real=0.00 secs] 
91.674: Total time for which application threads were stopped: 0.0023300 seconds, Stopping threads took: 0.0002110 seconds
91.678: Application time: 0.0039990 seconds
91.678: [GC91.678: [ParNew: 17106K->1427K(18432K), 0.0013160 secs] 44310K->30768K(59392K), 0.0013520 secs] [Times: user=0.01 sys=0.00, real=0.00 secs] 
91.679: Total time for which application threads were stopped: 0.0018310 seconds, Stopping threads took: 0.0004080 seconds
91.684: Application time: 0.0044410 seconds
91.685: [GC91.685: [ParNew: 17116K->1437K(18432K), 0.0012250 secs] 46458K->32916K(59392K), 0.0012590 secs] [Times: user=0.00 sys=0.00, real=0.00 secs] 
91.686: Total time for which application threads were stopped: 0.0021030 seconds, Stopping threads took: 0.0007830 seconds
91.691: Application time: 0.0051780 seconds
91.691: [GC91.691: [ParNew: 17131K->1441K(18432K), 0.0010640 secs] 48610K->34369K(59392K), 0.0010940 secs] [Times: user=0.01 sys=0.00, real=0.00 secs] 
91.692: Total time for which application threads were stopped: 0.0012870 seconds, Stopping threads took: 0.0001330 seconds
91.696: Application time: 0.0039780 seconds
91.697: [GC91.697: [ParNew: 17120K->17120K(18432K), 0.0000110 secs]91.697: [Tenured: 32928K->22928K(40960K), 0.0098740 secs] 50049K->22928K(59392K), [Perm : 6080K->6080K(21248K)], 0.0099350 secs] [Times: user=0.01 sys=0.00, real=0.01 secs] 
91.707: Total time for which application threads were stopped: 0.0102040 seconds, Stopping threads took: 0.0002000 seconds
91.711: Application time: 0.0042540 seconds
91.711: [GC91.711: [ParNew: 15680K->1427K(18432K), 0.0008380 secs] 38609K->25068K(59392K), 0.0008670 secs] [Times: user=0.00 sys=0.01, real=0.00 secs] 
91.712: Total time for which application threads were stopped: 0.0010220 seconds, Stopping threads took: 0.0000960 seconds
91.717: Application time: 0.0051470 seconds
91.718: [GC91.718: [ParNew: 17116K->1437K(18432K), 0.0011140 secs] 40757K->26504K(59392K), 0.0011510 secs] [Times: user=0.01 sys=0.00, real=0.00 secs] 
91.719: Total time for which application threads were stopped: 0.0016180 seconds, Stopping threads took: 0.0004060 seconds
91.723: Application time: 0.0044580 seconds
91.724: [GC91.724: [ParNew: 17120K->1425K(18432K), 0.0011850 secs] 42187K->28677K(59392K), 0.0012180 secs] [Times: user=0.01 sys=0.00, real=0.00 secs] 
91.725: Total time for which application threads were stopped: 0.0021310 seconds, Stopping threads took: 0.0008510 seconds
91.729: Application time: 0.0040940 seconds
91.730: [GC91.730: [ParNew: 17113K->1433K(18432K), 0.0008590 secs] 44365K->29398K(59392K), 0.0008860 secs] [Times: user=0.00 sys=0.00, real=0.00 secs] 
91.730: Total time for which application threads were stopped: 0.0010410 seconds, Stopping threads took: 0.0001000 seconds
91.734: Application time: 0.0039920 seconds
91.735: [GC91.735: [ParNew: 17114K->1425K(18432K), 0.0005930 secs] 45079K->29430K(59392K), 0.0006220 secs] [Times: user=0.00 sys=0.00, real=0.00 secs] 
91.735: Total time for which application threads were stopped: 0.0009240 seconds, Stopping threads took: 0.0002350 seconds
91.739: Application time: 0.0040330 seconds
91.739: [GC91.740: [ParNew: 17106K->1425K(18432K), 0.0006600 secs] 45111K->29430K(59392K), 0.0006870 secs] [Times: user=0.01 sys=0.00, real=0.00 secs] 
91.740: Total time for which application threads were stopped: 0.0008310 seconds, Stopping threads took: 0.0000870 seconds
91.745: Application time: 0.0051290 seconds
91.745: [GC91.745: [ParNew: 17115K->1437K(18432K), 0.0009130 secs] 45120K->30867K(59392K), 0.0009430 secs] [Times: user=0.00 sys=0.00, real=0.00 secs] 
91.746: Total time for which application threads were stopped: 0.0010900 seconds, Stopping threads took: 0.0000880 seconds
91.751: Application time: 0.0042370 seconds
91.751: [GC91.751: [ParNew: 17126K->1429K(18432K), 0.0011010 secs] 46556K->32324K(59392K), 0.0011290 secs] [Times: user=0.01 sys=0.00, real=0.00 secs] 
91.752: Total time for which application threads were stopped: 0.0013040 seconds, Stopping threads took: 0.0001160 seconds
91.756: Application time: 0.0041730 seconds
91.756: [GC91.756: [ParNew: 17107K->714K(18432K), 0.0004310 secs] 48003K->31649K(59392K), 0.0004570 secs] [Times: user=0.00 sys=0.00, real=0.00 secs] 
91.757: Total time for which application threads were stopped: 0.0005910 seconds, Stopping threads took: 0.0000810 seconds
91.781: Application time: 0.0245180 seconds
91.781: [GC91.781: [ParNew (promotion failed): 16410K->17129K(18432K), 0.0033340 secs]91.785: [Tenured: 40910K->22928K(40960K), 0.0093850 secs] 47346K->22928K(59392K), [Perm : 6080K->6080K(21248K)], 0.0127800 secs] [Times: user=0.03 sys=0.00, real=0.02 secs] 
91.794: Total time for which application threads were stopped: 0.0129470 seconds, Stopping threads took: 0.0000880 seconds
91.868: Application time: 0.0740600 seconds
91.868: [GC91.868: [ParNew: 15691K->1427K(18432K), 0.0044590 secs] 38620K->37893K(59392K), 0.0045010 secs] [Times: user=0.03 sys=0.00, real=0.00 secs] 
91.873: Total time for which application threads were stopped: 0.0046700 seconds, Stopping threads took: 0.0001040 seconds
91.936: Application time: 0.0633270 seconds
91.936: [GC91.936: [ParNew: 17118K->17118K(18432K), 0.0000100 secs]91.936: [Tenured: 36466K->23641K(40960K), 0.0097990 secs] 53585K->23641K(59392K), [Perm : 6080K->6080K(21248K)], 0.0098530 secs] [Times: user=0.01 sys=0.00, real=0.01 secs] 
91.946: Total time for which application threads were stopped: 0.0100290 seconds, Stopping threads took: 0.0001090 seconds
92.022: Application time: 0.0755780 seconds
92.022: [GC92.022: [ParNew: 15691K->1425K(18432K), 0.0045480 secs] 39332K->39316K(59392K), 0.0045910 secs] [Times: user=0.03 sys=0.00, real=0.01 secs] 
92.027: Total time for which application threads were stopped: 0.0047470 seconds, Stopping threads took: 0.0000900 seconds
92.103: Application time: 0.0766270 seconds
92.103: [GC92.103: [ParNew: 17120K->17120K(18432K), 0.0000110 secs]92.103: [Tenured: 37891K->23642K(40960K), 0.0106780 secs] 55012K->23642K(59392K), [Perm : 6080K->6080K(21248K)], 0.0107370 secs] [Times: user=0.01 sys=0.00, real=0.01 secs] 
92.114: Total time for which application threads were stopped: 0.0109610 seconds, Stopping threads took: 0.0001560 seconds
92.176: Application time: 0.0619660 seconds
92.176: [GC92.176: [ParNew: 15691K->1425K(18432K), 0.0044790 secs] 39333K->39317K(59392K), 0.0045250 secs] [Times: user=0.04 sys=0.00, real=0.00 secs] 
92.181: Total time for which application threads were stopped: 0.0047860 seconds, Stopping threads took: 0.0001950 seconds
92.253: Application time: 0.0717180 seconds
92.253: [GC92.253: [ParNew: 17129K->17129K(18432K), 0.0000110 secs]92.253: [Tenured: 37892K->25068K(40960K), 0.0101310 secs] 55021K->25068K(59392K), [Perm : 6080K->6080K(21248K)], 0.0101930 secs] [Times: user=0.01 sys=0.00, real=0.02 secs] 
92.263: Total time for which application threads were stopped: 0.0103940 seconds, Stopping threads took: 0.0001320 seconds
92.337: Application time: 0.0737610 seconds
92.337: [GC92.337: [ParNew: 15691K->1427K(18432K), 0.0042970 secs] 40760K->40033K(59392K), 0.0043470 secs] [Times: user=0.03 sys=0.00, real=0.00 secs] 
92.341: Total time for which application threads were stopped: 0.0045010 seconds, Stopping threads took: 0.0000770 seconds
92.414: Application time: 0.0728260 seconds
92.414: [GC92.414: [ParNew: 17124K->17124K(18432K), 0.0000110 secs]92.414: [Tenured: 38606K->25782K(40960K), 0.0107760 secs] 55731K->25782K(59392K), [Perm : 6080K->6080K(21248K)], 0.0108380 secs] [Times: user=0.01 sys=0.00, real=0.01 secs] 
92.425: Total time for which application threads were stopped: 0.0109930 seconds, Stopping threads took: 0.0000820 seconds
92.486: Application time: 0.0605360 seconds
92.486: [GC92.486: [ParNew: 15697K->15697K(18432K), 0.0000090 secs]92.486: [Tenured: 25782K->26491K(40960K), 0.0104530 secs] 41480K->26491K(59392K), [Perm : 6080K->6080K(21248K)], 0.0105100 secs] [Times: user=0.01 sys=0.00, real=0.01 secs] 
92.496: Total time for which application threads were stopped: 0.0106390 seconds, Stopping threads took: 0.0000640 seconds
92.570: Application time: 0.0738050 seconds
92.570: [GC92.570: [ParNew: 15691K->15691K(18432K), 0.0000100 secs]92.570: [Tenured: 26491K->27204K(40960K), 0.0091310 secs] 42183K->27204K(59392K), [Perm : 6080K->6080K(21248K)], 0.0091900 secs] [Times: user=0.01 sys=0.00, real=0.01 secs] 
92.579: Total time for which application threads were stopped: 0.0093150 seconds, Stopping threads took: 0.0000580 seconds
92.632: Application time: 0.0526710 seconds
92.632: [GC92.632: [ParNew: 15691K->15691K(18432K), 0.0000110 secs]92.632: [Tenured: 27204K->27204K(40960K), 0.0096770 secs] 42895K->27204K(59392K), [Perm : 6080K->6080K(21248K)], 0.0097380 secs] [Times: user=0.01 sys=0.00, real=0.01 secs] 
92.642: Total time for which application threads were stopped: 0.0098700 seconds, Stopping threads took: 0.0000630 seconds
92.707: Application time: 0.0646960 seconds
92.707: [GC92.707: [ParNew: 15697K->15697K(18432K), 0.0000110 secs]92.707: [Tenured: 27204K->27917K(40960K), 0.0091670 secs] 42901K->27917K(59392K), [Perm : 6080K->6080K(21248K)], 0.0092290 secs] [Times: user=0.01 sys=0.00, real=0.01 secs] 
92.716: Total time for which application threads were stopped: 0.0093720 seconds, Stopping threads took: 0.0000750 seconds
92.790: Application time: 0.0738840 seconds
92.790: [GC92.790: [ParNew: 15704K->15704K(18432K), 0.0000100 secs]92.790: [Tenured: 27917K->27916K(40960K), 0.0100070 secs] 43621K->27916K(59392K), [Perm : 6080K->6080K(21248K)], 0.0100660 secs] [Times: user=0.01 sys=0.00, real=0.01 secs] 
92.800: Total time for which application threads were stopped: 0.0102260 seconds, Stopping threads took: 0.0000930 seconds
92.867: Application time: 0.0663920 seconds
92.867: [GC92.867: [ParNew: 15691K->15691K(18432K), 0.0000100 secs]92.867: [Tenured: 27916K->29341K(40960K), 0.0100410 secs] 43608K->29341K(59392K), [Perm : 6080K->6080K(21248K)], 0.0101000 secs] [Times: user=0.01 sys=0.00, real=0.01 secs] 
92.877: Total time for which application threads were stopped: 0.0102470 seconds, Stopping threads took: 0.0000690 seconds
92.946: Application time: 0.0687520 seconds
92.946: [GC92.946: [ParNew: 15691K->15691K(18432K), 0.0000100 secs]92.946: [Tenured: 29341K->30054K(40960K), 0.0090950 secs] 45033K->30054K(59392K), [Perm : 6080K->6080K(21248K)], 0.0091550 secs] [Times: user=0.01 sys=0.00, real=0.01 secs] 
92.955: Total time for which application threads were stopped: 0.0093170 seconds, Stopping threads took: 0.0000950 seconds
93.031: Application time: 0.0757230 seconds
93.031: [GC93.031: [ParNew: 15691K->15691K(18432K), 0.0000100 secs]93.031: [Tenured: 30054K->29341K(40960K), 0.0088410 secs] 45745K->29341K(59392K), [Perm : 6080K->6080K(21248K)], 0.0088990 secs] [Times: user=0.01 sys=0.00, real=0.01 secs] 
93.040: Total time for which application threads were stopped: 0.0090580 seconds, Stopping threads took: 0.0000930 seconds
93.101: Application time: 0.0610900 seconds
93.101: [GC93.101: [ParNew: 15691K->15691K(18432K), 0.0000100 secs]93.101: [Tenured: 29341K->27203K(40960K), 0.0106720 secs] 45033K->27203K(59392K), [Perm : 6080K->6080K(21248K)], 0.0107410 secs] [Times: user=0.01 sys=0.00, real=0.01 secs] 
93.112: Total time for which application threads were stopped: 0.0109230 seconds, Stopping threads took: 0.0001050 seconds
93.183: Application time: 0.0717810 seconds
93.184: [GC93.184: [ParNew: 15700K->15700K(18432K), 0.0000110 secs]93.184: [Tenured: 27203K->27916K(40960K), 0.0098460 secs] 42903K->27916K(59392K), [Perm : 6080K->6080K(21248K)], 0.0099060 secs] [Times: user=0.01 sys=0.00, real=0.00 secs] 
93.194: Total time for which application threads were stopped: 0.0100400 seconds, Stopping threads took: 0.0000640 seconds
93.251: Application time: 0.0577970 seconds
93.252: [GC93.252: [ParNew: 15706K->15706K(18432K), 0.0000100 secs]93.252: [Tenured: 27916K->27916K(40960K), 0.0107990 secs] 43623K->27916K(59392K), [Perm : 6080K->6080K(21248K)], 0.0108570 secs] [Times: user=0.01 sys=0.00, real=0.02 secs] 
93.262: Total time for which application threads were stopped: 0.0110730 seconds, Stopping threads took: 0.0001300 seconds
93.314: Application time: 0.0516270 seconds
93.314: [GC93.314: [ParNew: 15689K->15689K(18432K), 0.0000100 secs]93.314: [Tenured: 27916K->28629K(40960K), 0.0093710 secs] 43606K->28629K(59392K), [Perm : 6080K->6080K(21248K)], 0.0094300 secs] [Times: user=0.01 sys=0.00, real=0.01 secs] 
93.324: Total time for which application threads were stopped: 0.0095580 seconds, Stopping threads took: 0.0000580 seconds
93.384: Application time: 0.0605690 seconds
93.384: [GC93.384: [ParNew: 15689K->15689K(18432K), 0.0000110 secs]93.384: [Tenured: 28629K->27916K(40960K), 0.0118740 secs] 44319K->27916K(59392K), [Perm : 6080K->6080K(21248K)], 0.0119350 secs] [Times: user=0.01 sys=0.00, real=0.01 secs] 
93.396: Total time for which application threads were stopped: 0.0121210 seconds, Stopping threads took: 0.0001040 seconds
93.463: Application time: 0.0670340 seconds
93.463: [GC93.464: [ParNew: 15698K->15698K(18432K), 0.0000090 secs]93.464: [Tenured: 27916K->27205K(40960K), 0.0098940 secs] 43614K->27205K(59392K), [Perm : 6080K->6080K(21248K)], 0.0099510 secs] [Times: user=0.01 sys=0.00, real=0.00 secs] 
93.473: Total time for which application threads were stopped: 0.0101520 seconds, Stopping threads took: 0.0001170 seconds
93.535: Application time: 0.0610310 seconds
93.535: [GC93.535: [ParNew: 15698K->15698K(18432K), 0.0000110 secs]93.535: [Tenured: 27205K->26491K(40960K), 0.0116560 secs] 42903K->26491K(59392K), [Perm : 6080K->6080K(21248K)], 0.0117140 secs] [Times: user=0.01 sys=0.00, real=0.01 secs] 
93.546: Total time for which application threads were stopped: 0.0118930 seconds, Stopping threads took: 0.0000890 seconds
93.602: Application time: 0.0558820 seconds
93.602: [GC93.602: [ParNew: 15689K->15689K(18432K), 0.0000100 secs]93.602: [Tenured: 26491K->27204K(40960K), 0.0101970 secs] 42181K->27204K(59392K), [Perm : 6080K->6080K(21248K)], 0.0102600 secs] [Times: user=0.01 sys=0.00, real=0.00 secs] 
93.613: Total time for which application threads were stopped: 0.0104580 seconds, Stopping threads took: 0.0001290 seconds
93.658: Application time: 0.0448350 seconds
93.658: [GC93.658: [ParNew: 15689K->15689K(18432K), 0.0000110 secs]93.658: [Tenured: 27204K->25779K(40960K), 0.0109100 secs] 42894K->25779K(59392K), [Perm : 6080K->6080K(21248K)], 0.0109700 secs] [Times: user=0.01 sys=0.00, real=0.01 secs] 
93.669: Total time for which application threads were stopped: 0.0112300 seconds, Stopping threads took: 0.0001920 seconds
93.731: Application time: 0.0622600 seconds
93.731: [GC93.731: [ParNew: 15690K->1425K(18432K), 0.0038560 secs] 41469K->38605K(59392K), 0.0038940 secs] [Times: user=0.03 sys=0.00, real=0.01 secs] 
93.735: Total time for which application threads were stopped: 0.0040270 seconds, Stopping threads took: 0.0000710 seconds
93.795: Application time: 0.0597960 seconds
93.795: [GC93.795: [ParNew: 17132K->17132K(18432K), 0.0000100 secs]93.795: [Tenured: 37180K->19366K(40960K), 0.0105660 secs] 54312K->19366K(59392K), [Perm : 6080K->6080K(21248K)], 0.0106280 secs] [Times: user=0.01 sys=0.00, real=0.01 secs] 
93.806: Total time for which application threads were stopped: 0.0108120 seconds, Stopping threads took: 0.0000850 seconds
93.851: Application time: 0.0448290 seconds
93.851: [GC93.851: [ParNew: 15698K->1435K(18432K), 0.0036990 secs] 35065K->32202K(59392K), 0.0037420 secs] [Times: user=0.03 sys=0.00, real=0.01 secs] 
93.854: Total time for which application threads were stopped: 0.0038810 seconds, Stopping threads took: 0.0000720 seconds
93.899: Application time: 0.0446420 seconds
93.899: [GC93.899: [ParNew: 17123K->17123K(18432K), 0.0000100 secs]93.899: [Tenured: 30767K->25780K(40960K), 0.0102390 secs] 47890K->25780K(59392K), [Perm : 6080K->6080K(21248K)], 0.0102990 secs] [Times: user=0.01 sys=0.00, real=0.01 secs] 
93.910: Total time for which application threads were stopped: 0.0104970 seconds, Stopping threads took: 0.0001180 seconds
93.969: Application time: 0.0598480 seconds
93.970: [GC93.970: [ParNew: 15688K->15688K(18432K), 0.0000110 secs]93.970: [Tenured: 25780K->25067K(40960K), 0.0099700 secs] 41468K->25067K(59392K), [Perm : 6080K->6080K(21248K)], 0.0100310 secs] [Times: user=0.01 sys=0.00, real=0.01 secs] 
93.980: Total time for which application threads were stopped: 0.0101680 seconds, Stopping threads took: 0.0000680 seconds
94.026: Application time: 0.0459630 seconds
94.026: [GC94.026: [ParNew: 15688K->1425K(18432K), 0.0034780 secs] 40756K->37181K(59392K), 0.0035150 secs] [Times: user=0.02 sys=0.00, real=0.00 secs] 
94.029: Total time for which application threads were stopped: 0.0036810 seconds, Stopping threads took: 0.0001010 seconds
94.078: Application time: 0.0482730 seconds
94.078: [GC94.078: [ParNew: 17113K->17113K(18432K), 0.0000100 secs]94.078: [Tenured: 35756K->23642K(40960K), 0.0108130 secs] 52869K->23642K(59392K), [Perm : 6080K->6080K(21248K)], 0.0108740 secs] [Times: user=0.01 sys=0.00, real=0.01 secs] 
94.089: Total time for which application threads were stopped: 0.0110440 seconds, Stopping threads took: 0.0000990 seconds
94.143: Application time: 0.0545580 seconds
94.143: [GC94.143: [ParNew: 15688K->1425K(18432K), 0.0035740 secs] 39331K->35756K(59392K), 0.0036190 secs] [Times: user=0.02 sys=0.00, real=0.00 secs] 
94.147: Total time for which application threads were stopped: 0.0037850 seconds, Stopping threads took: 0.0001000 seconds
94.203: Application time: 0.0563380 seconds
94.203: [GC94.203: [ParNew: 17120K->17120K(18432K), 0.0000100 secs]94.203: [Tenured: 34331K->23643K(40960K), 0.0098020 secs] 51451K->23643K(59392K), [Perm : 6080K->6080K(21248K)], 0.0098620 secs] [Times: user=0.01 sys=0.00, real=0.00 secs] 
94.213: Total time for which application threads were stopped: 0.0100420 seconds, Stopping threads took: 0.0001100 seconds
94.251: Application time: 0.0381630 seconds
94.252: [GC94.252: [ParNew: 15695K->1431K(18432K), 0.0038190 secs] 39339K->35763K(59392K), 0.0038620 secs] [Times: user=0.03 sys=0.00, real=0.01 secs] 
94.255: Total time for which application threads were stopped: 0.0040050 seconds, Stopping threads took: 0.0000770 seconds
94.310: Application time: 0.0548310 seconds
94.310: [GC94.310: [ParNew: 17126K->17126K(18432K), 0.0000090 secs]94.310: [Tenured: 34332K->24358K(40960K), 0.0092760 secs] 51459K->24358K(59392K), [Perm : 6080K->6080K(21248K)], 0.0093360 secs] [Times: user=0.01 sys=0.00, real=0.01 secs] 
94.320: Total time for which application threads were stopped: 0.0094990 seconds, Stopping threads took: 0.0000950 seconds
94.375: Application time: 0.0553490 seconds
94.375: [GC94.375: [ParNew: 15689K->1425K(18432K), 0.0035900 secs] 40047K->36472K(59392K), 0.0036340 secs] [Times: user=0.03 sys=0.00, real=0.00 secs] 
94.379: Total time for which application threads were stopped: 0.0037730 seconds, Stopping threads took: 0.0000750 seconds
94.421: Application time: 0.0418790 seconds
94.421: [GC94.421: [ParNew: 17114K->17114K(18432K), 0.0000100 secs]94.421: [Tenured: 35047K->25783K(40960K), 0.0101280 secs] 52161K->25783K(59392K), [Perm : 6080K->6080K(21248K)], 0.0101850 secs] [Times: user=0.01 sys=0.00, real=0.01 secs] 
94.431: Total time for which application threads were stopped: 0.0103640 seconds, Stopping threads took: 0.0001010 seconds
94.483: Application time: 0.0515120 seconds
94.483: [GC94.483: [ParNew: 15695K->15695K(18432K), 0.0000090 secs]94.483: [Tenured: 25783K->26493K(40960K), 0.0106140 secs] 41479K->26493K(59392K), [Perm : 6080K->6080K(21248K)], 0.0106830 secs] [Times: user=0.01 sys=0.00, real=0.00 secs] 
94.494: Total time for which application threads were stopped: 0.0108590 seconds, Stopping threads took: 0.0001060 seconds
94.563: Application time: 0.0694710 seconds
94.563: [GC94.563: [ParNew: 15695K->15695K(18432K), 0.0000110 secs]94.563: [Tenured: 26493K->26494K(40960K), 0.0093000 secs] 42189K->26494K(59392K), [Perm : 6080K->6080K(21248K)], 0.0093570 secs] [Times: user=0.01 sys=0.00, real=0.00 secs] 
94.573: Total time for which application threads were stopped: 0.0095120 seconds, Stopping threads took: 0.0000880 seconds
94.602: Application time: 0.0292810 seconds
94.602: [GC94.602: [ParNew: 15688K->15688K(18432K), 0.0000100 secs]94.602: [Tenured: 26494K->27206K(40960K), 0.0093040 secs] 42183K->27206K(59392K), [Perm : 6080K->6080K(21248K)], 0.0093640 secs] [Times: user=0.01 sys=0.00, real=0.01 secs] 
94.611: Total time for which application threads were stopped: 0.0095470 seconds, Stopping threads took: 0.0001150 seconds
94.674: Application time: 0.0627370 seconds
94.674: [GC94.674: [ParNew: 15689K->15689K(18432K), 0.0000110 secs]94.674: [Tenured: 27206K->27206K(40960K), 0.0105920 secs] 42895K->27206K(59392K), [Perm : 6080K->6080K(21248K)], 0.0106540 secs] [Times: user=0.01 sys=0.00, real=0.01 secs] 
94.685: Total time for which application threads were stopped: 0.0108320 seconds, Stopping threads took: 0.0001080 seconds
94.738: Application time: 0.0526650 seconds
94.738: [GC94.738: [ParNew: 15688K->15688K(18432K), 0.0000110 secs]94.738: [Tenured: 27206K->27918K(40960K), 0.0110480 secs] 42895K->27918K(59392K), [Perm : 6080K->6080K(21248K)], 0.0111110 secs] [Times: user=0.01 sys=0.00, real=0.01 secs] 
94.749: Total time for which application threads were stopped: 0.0113020 seconds, Stopping threads took: 0.0001180 seconds
94.800: Application time: 0.0515690 seconds
94.801: [GC94.801: [ParNew: 15695K->15695K(18432K), 0.0000100 secs]94.801: [Tenured: 27918K->27207K(40960K), 0.0100550 secs] 43613K->27207K(59392K), [Perm : 6080K->6080K(21248K)], 0.0101150 secs] [Times: user=0.01 sys=0.00, real=0.01 secs] 
94.811: Total time for which application threads were stopped: 0.0104100 seconds, Stopping threads took: 0.0002090 seconds
94.856: Application time: 0.0449190 seconds
94.856: [GC94.856: [ParNew: 15701K->15701K(18432K), 0.0000110 secs]94.856: [Tenured: 27207K->28633K(40960K), 0.0102440 secs] 42908K->28633K(59392K), [Perm : 6080K->6080K(21248K)], 0.0103050 secs] [Times: user=0.01 sys=0.00, real=0.01 secs] 
94.866: Total time for which application threads were stopped: 0.0104370 seconds, Stopping threads took: 0.0000610 seconds
94.918: Application time: 0.0512720 seconds
94.918: [GC94.918: [ParNew: 15688K->15688K(18432K), 0.0000100 secs]94.918: [Tenured: 28633K->29346K(40960K), 0.0102780 secs] 44322K->29346K(59392K), [Perm : 6080K->6080K(21248K)], 0.0103400 secs] [Times: user=0.01 sys=0.00, real=0.01 secs] 
94.928: Total time for which application threads were stopped: 0.0105300 seconds, Stopping threads took: 0.0001100 seconds
94.980: Application time: 0.0522990 seconds
94.981: [GC94.981: [ParNew: 15688K->15688K(18432K), 0.0000090 secs]94.981: [Tenured: 29346K->30056K(40960K), 0.0105330 secs] 45034K->30056K(59392K), [Perm : 6080K->6080K(21248K)], 0.0105920 secs] [Times: user=0.01 sys=0.00, real=0.01 secs] 
94.991: Total time for which application threads were stopped: 0.0108110 seconds, Stopping threads took: 0.0001420 seconds
95.061: Application time: 0.0702000 seconds
95.062: [GC95.062: [ParNew: 15688K->15688K(18432K), 0.0000100 secs]95.062: [Tenured: 30056K->29343K(40960K), 0.0099720 secs] 45744K->29343K(59392K), [Perm : 6080K->6080K(21248K)], 0.0100320 secs] [Times: user=0.01 sys=0.00, real=0.01 secs] 
95.072: Total time for which application threads were stopped: 0.0102090 seconds, Stopping threads took: 0.0001090 seconds
95.107: Application time: 0.0355030 seconds
95.107: [GC95.107: [ParNew: 15688K->15688K(18432K), 0.0000100 secs]95.107: [Tenured: 29343K->30055K(40960K), 0.0100770 secs] 45031K->30055K(59392K), [Perm : 6080K->6080K(21248K)], 0.0101450 secs] [Times: user=0.01 sys=0.00, real=0.01 secs] 
95.117: Total time for which application threads were stopped: 0.0102810 seconds, Stopping threads took: 0.0000660 seconds
95.173: Application time: 0.0556010 seconds
95.173: [GC95.173: [ParNew: 15688K->15688K(18432K), 0.0000100 secs]95.173: [Tenured: 30055K->29343K(40960K), 0.0100550 secs] 45744K->29343K(59392K), [Perm : 6080K->6080K(21248K)], 0.0101090 secs] [Times: user=0.01 sys=0.00, real=0.02 secs] 
95.183: Total time for which application threads were stopped: 0.0102790 seconds, Stopping threads took: 0.0000910 seconds
95.215: Application time: 0.0317480 seconds
95.215: [GC95.215: [ParNew: 15719K->15719K(18432K), 0.0000110 secs]95.215: [Tenured: 29343K->28630K(40960K), 0.0126860 secs] 45062K->28630K(59392K), [Perm : 6080K->6080K(21248K)], 0.0127460 secs] [Times: user=0.01 sys=0.00, real=0.01 secs] 
95.228: Total time for which application threads were stopped: 0.0131050 seconds, Stopping threads took: 0.0002890 seconds
95.237: Application time: 0.0084740 seconds
95.237: [GC95.237: [ParNew: 15679K->15679K(18432K), 0.0000100 secs]95.237: [Tenured: 28630K->30768K(40960K), 0.0078640 secs] 44309K->30768K(59392K), [Perm : 6080K->6080K(21248K)], 0.0079190 secs] [Times: user=0.01 sys=0.00, real=0.01 secs] 
95.245: Total time for which application threads were stopped: 0.0081140 seconds, Stopping threads took: 0.0001270 seconds
95.252: Application time: 0.0070730 seconds
95.252: [GC95.252: [ParNew: 15683K->15683K(18432K), 0.0000100 secs]95.252: [Tenured: 30768K->30768K(40960K), 0.0068580 secs] 46451K->30768K(59392K), [Perm : 6080K->6080K(21248K)], 0.0069100 secs] [Times: user=0.00 sys=0.00, real=0.01 secs] 
95.259: Total time for which application threads were stopped: 0.0070740 seconds, Stopping threads took: 0.0000910 seconds
95.263: Application time: 0.0043430 seconds
95.263: [GC95.263: [ParNew: 15677K->15677K(18432K), 0.0000090 secs]95.263: [Tenured: 30768K->30768K(40960K), 0.0065370 secs] 46446K->30768K(59392K), [Perm : 6080K->6080K(21248K)], 0.0065870 secs] [Times: user=0.00 sys=0.00, real=0.00 secs] 
95.270: Total time for which application threads were stopped: 0.0067650 seconds, Stopping threads took: 0.0001170 seconds
95.278: Application time: 0.0081120 seconds
95.278: [GC95.278: [ParNew: 15688K->15688K(18432K), 0.0000110 secs]95.278: [Tenured: 30768K->28630K(40960K), 0.0097450 secs] 46457K->28630K(59392K), [Perm : 6080K->6080K(21248K)], 0.0098060 secs] [Times: user=0.01 sys=0.00, real=0.01 secs] 
95.288: Total time for which application threads were stopped: 0.0099750 seconds, Stopping threads took: 0.0000970 seconds
95.295: Application time: 0.0066740 seconds
95.295: [GC95.295: [ParNew: 15679K->15679K(18432K), 0.0000100 secs]95.295: [Tenured: 28630K->29343K(40960K), 0.0064860 secs] 44310K->29343K(59392K), [Perm : 6080K->6080K(21248K)], 0.0065450 secs] [Times: user=0.01 sys=0.00, real=0.00 secs] 
95.301: Total time for which application threads were stopped: 0.0067310 seconds, Stopping threads took: 0.0001190 seconds
95.307: Application time: 0.0055490 seconds
95.307: [GC95.307: [ParNew: 15690K->15690K(18432K), 0.0000110 secs]95.307: [Tenured: 29343K->28631K(40960K), 0.0097600 secs] 45033K->28631K(59392K), [Perm : 6080K->6080K(21248K)], 0.0098210 secs] [Times: user=0.01 sys=0.00, real=0.01 secs] 
95.317: Total time for which application threads were stopped: 0.0101510 seconds, Stopping threads took: 0.0002550 seconds
95.321: Application time: 0.0040080 seconds
95.321: [GC95.321: [ParNew: 15683K->15683K(18432K), 0.0000100 secs]95.321: [Tenured: 28631K->29343K(40960K), 0.0098550 secs] 44314K->29343K(59392K), [Perm : 6080K->6080K(21248K)], 0.0099140 secs] [Times: user=0.01 sys=0.00, real=0.01 secs] 
95.331: Total time for which application threads were stopped: 0.0101340 seconds, Stopping threads took: 0.0001480 seconds
95.335: Application time: 0.0041670 seconds
95.336: [GC95.336: [ParNew: 15678K->15678K(18432K), 0.0000110 secs]95.336: [Tenured: 29343K->29343K(40960K), 0.0073690 secs] 45022K->29343K(59392K), [Perm : 6080K->6080K(21248K)], 0.0074290 secs] [Times: user=0.01 sys=0.00, real=0.01 secs] 
95.343: Total time for which application threads were stopped: 0.0076080 seconds, Stopping threads took: 0.0000960 seconds
95.395: Application time: 0.0515810 seconds
95.395: [GC95.395: [ParNew: 15695K->15695K(18432K), 0.0000100 secs]95.395: [Tenured: 29343K->27917K(40960K), 0.0091420 secs] 45038K->27917K(59392K), [Perm : 6080K->6080K(21248K)], 0.0092000 secs] [Times: user=0.01 sys=0.00, real=0.01 secs] 
95.404: Total time for which application threads were stopped: 0.0093820 seconds, Stopping threads took: 0.0001030 seconds
95.431: Application time: 0.0268350 seconds
95.431: [GC95.431: [ParNew: 16346K->16346K(18432K), 0.0000100 secs]95.431: [Tenured: 27917K->25844K(40960K), 0.0098500 secs] 44264K->25844K(59392K), [Perm : 6080K->6080K(21248K)], 0.0099090 secs] [Times: user=0.01 sys=0.00, real=0.01 secs] 
95.441: Total time for which application threads were stopped: 0.0101240 seconds, Stopping threads took: 0.0001370 seconds
95.447: Application time: 0.0054920 seconds
95.448: [GC95.448: [ParNew: 15798K->15798K(18432K), 0.0000100 secs]95.448: [Tenured: 25844K->27262K(40960K), 0.0096600 secs] 41642K->27262K(59392K), [Perm : 6080K->6080K(21248K)], 0.0097180 secs] [Times: user=0.01 sys=0.00, real=0.01 secs] 
95.457: Total time for which application threads were stopped: 0.0108380 seconds, Stopping threads took: 0.0010300 seconds
95.462: Application time: 0.0048790 seconds
95.463: [GC95.463: [ParNew: 15679K->15679K(18432K), 0.0000110 secs]95.463: [Tenured: 27262K->26492K(40960K), 0.0108850 secs] 42941K->26492K(59392K), [Perm : 6080K->6080K(21248K)], 0.0109460 secs] [Times: user=0.01 sys=0.00, real=0.01 secs] 
95.474: Total time for which application threads were stopped: 0.0118920 seconds, Stopping threads took: 0.0008730 seconds
95.479: Application time: 0.0047010 seconds
95.479: [GC95.479: [ParNew: 15685K->15685K(18432K), 0.0000100 secs]95.479: [Tenured: 26492K->27206K(40960K), 0.0066950 secs] 42178K->27206K(59392K), [Perm : 6080K->6080K(21248K)], 0.0067550 secs] [Times: user=0.01 sys=0.00, real=0.01 secs] 
95.486: Total time for which application threads were stopped: 0.0069570 seconds, Stopping threads took: 0.0001300 seconds
95.490: Application time: 0.0042490 seconds
95.491: [GC95.491: [ParNew: 15681K->15681K(18432K), 0.0000110 secs]95.491: [Tenured: 27206K->26492K(40960K), 0.0096150 secs] 42887K->26492K(59392K), [Perm : 6080K->6080K(21248K)], 0.0096780 secs] [Times: user=0.01 sys=0.00, real=0.01 secs] 
95.501: Total time for which application threads were stopped: 0.0105670 seconds, Stopping threads took: 0.0008040 seconds
95.505: Application time: 0.0039200 seconds
95.505: [GC95.505: [ParNew: 15687K->15687K(18432K), 0.0000100 secs]95.505: [Tenured: 26492K->27205K(40960K), 0.0098960 secs] 42180K->27205K(59392K), [Perm : 6080K->6080K(21248K)], 0.0099540 secs] [Times: user=0.01 sys=0.00, real=0.01 secs] 
95.515: Total time for which application threads were stopped: 0.0101970 seconds, Stopping threads took: 0.0001540 seconds
95.519: Application time: 0.0038690 seconds
95.519: [GC95.519: [ParNew: 15679K->15679K(18432K), 0.0000110 secs]95.519: [Tenured: 27205K->26491K(40960K), 0.0095510 secs] 42884K->26491K(59392K), [Perm : 6080K->6080K(21248K)], 0.0096140 secs] [Times: user=0.01 sys=0.00, real=0.01 secs] 
95.528: Total time for which application threads were stopped: 0.0098810 seconds, Stopping threads took: 0.0001930 seconds
95.532: Application time: 0.0038250 seconds
95.533: [GC95.533: [ParNew: 15685K->15685K(18432K), 0.0000100 secs]95.533: [Tenured: 26491K->28630K(40960K), 0.0070990 secs] 42177K->28630K(59392K), [Perm : 6080K->6080K(21248K)], 0.0071590 secs] [Times: user=0.01 sys=0.00, real=0.01 secs] 
95.540: Total time for which application threads were stopped: 0.0074260 seconds, Stopping threads took: 0.0001990 seconds
95.544: Application time: 0.0044550 seconds
95.544: [GC95.544: [ParNew: 15688K->15688K(18432K), 0.0000110 secs]95.544: [Tenured: 28630K->27918K(40960K), 0.0065830 secs] 44318K->27918K(59392K), [Perm : 6080K->6080K(21248K)], 0.0066490 secs] [Times: user=0.01 sys=0.00, real=0.00 secs] 
95.551: Total time for which application threads were stopped: 0.0067950 seconds, Stopping threads took: 0.0000760 seconds
95.555: Application time: 0.0042990 seconds
95.556: [GC95.556: [ParNew: 15680K->15680K(18432K), 0.0000100 secs]95.556: [Tenured: 27918K->27206K(40960K), 0.0068550 secs] 43599K->27206K(59392K), [Perm : 6080K->6080K(21248K)], 0.0069130 secs] [Times: user=0.01 sys=0.00, real=0.01 secs] 
95.563: Total time for which application threads were stopped: 0.0073500 seconds, Stopping threads took: 0.0003520 seconds
95.566: Application time: 0.0038340 seconds
95.567: [GC95.567: [ParNew: 15681K->15681K(18432K), 0.0000100 secs]95.568: [Tenured: 27206K->26493K(40960K), 0.0086500 secs] 42888K->26493K(59392K), [Perm : 6080K->6080K(21248K)], 0.0087130 secs] [Times: user=0.01 sys=0.00, real=0.01 secs] 
95.576: Total time for which application threads were stopped: 0.0097350 seconds, Stopping threads took: 0.0009310 seconds
95.580: Application time: 0.0036980 seconds
95.580: [GC95.580: [ParNew: 15690K->15690K(18432K), 0.0000110 secs]95.580: [Tenured: 26493K->27205K(40960K), 0.0101200 secs] 42183K->27205K(59392K), [Perm : 6080K->6080K(21248K)], 0.0101830 secs] [Times: user=0.01 sys=0.00, real=0.01 secs] 
95.590: Total time for which application threads were stopped: 0.0105400 seconds, Stopping threads took: 0.0002650 seconds
95.594: Application time: 0.0036110 seconds
95.594: [GC95.594: [ParNew: 15682K->15682K(18432K), 0.0000100 secs]95.594: [Tenured: 27205K->26493K(40960K), 0.0066590 secs] 42888K->26493K(59392K), [Perm : 6080K->6080K(21248K)], 0.0067150 secs] [Times: user=0.01 sys=0.00, real=0.00 secs] 
95.601: Total time for which application threads were stopped: 0.0069230 seconds, Stopping threads took: 0.0001400 seconds
95.605: Application time: 0.0038060 seconds
95.605: [GC95.605: [ParNew: 15681K->15681K(18432K), 0.0000100 secs]95.605: [Tenured: 26493K->27918K(40960K), 0.0064820 secs] 42174K->27918K(59392K), [Perm : 6080K->6080K(21248K)], 0.0065390 secs] [Times: user=0.00 sys=0.00, real=0.00 secs] 
95.612: Total time for which application threads were stopped: 0.0066980 seconds, Stopping threads took: 0.0000930 seconds
95.615: Application time: 0.0038190 seconds
95.616: [GC95.616: [ParNew: 15687K->15687K(18432K), 0.0000110 secs]95.616: [Tenured: 27918K->27918K(40960K), 0.0075150 secs] 43606K->27918K(59392K), [Perm : 6080K->6080K(21248K)], 0.0075720 secs] [Times: user=0.01 sys=0.00, real=0.01 secs] 
95.623: Total time for which application threads were stopped: 0.0077820 seconds, Stopping threads took: 0.0001320 seconds
95.627: Application time: 0.0042920 seconds
95.628: [GC95.628: [ParNew: 15691K->15691K(18432K), 0.0000100 secs]95.628: [Tenured: 27918K->25780K(40960K), 0.0102050 secs] 43610K->25780K(59392K), [Perm : 6080K->6080K(21248K)], 0.0102650 secs] [Times: user=0.01 sys=0.00, real=0.01 secs] 
95.638: Total time for which application threads were stopped: 0.0105300 seconds, Stopping threads took: 0.0001910 seconds
95.642: Application time: 0.0037310 seconds
95.642: [GC95.642: [ParNew: 15680K->15680K(18432K), 0.0000100 secs]95.642: [Tenured: 25780K->27917K(40960K), 0.0063340 secs] 41460K->27917K(59392K), [Perm : 6080K->6080K(21248K)], 0.0063940 secs] [Times: user=0.01 sys=0.00, real=0.01 secs] 
95.648: Total time for which application threads were stopped: 0.0065450 seconds, Stopping threads took: 0.0000790 seconds
95.700: Application time: 0.0522290 seconds
95.701: [GC95.701: [ParNew: 15694K->15694K(18432K), 0.0000100 secs]95.701: [Tenured: 27917K->25780K(40960K), 0.0099200 secs] 43612K->25780K(59392K), [Perm : 6080K->6080K(21248K)], 0.0099810 secs] [Times: user=0.01 sys=0.00, real=0.01 secs] 
95.711: Total time for which application threads were stopped: 0.0101110 seconds, Stopping threads took: 0.0000580 seconds
95.743: Application time: 0.0321030 seconds
95.743: [GC95.743: [ParNew: 15719K->15719K(18432K), 0.0000100 secs]95.743: [Tenured: 25780K->26492K(40960K), 0.0108200 secs] 41499K->26492K(59392K), [Perm : 6080K->6080K(21248K)], 0.0108870 secs] [Times: user=0.01 sys=0.00, real=0.00 secs] 
95.754: Total time for which application threads were stopped: 0.0110480 seconds, Stopping threads took: 0.0000830 seconds
95.761: Application time: 0.0071060 seconds
95.761: [GC95.761: [ParNew: 15679K->15679K(18432K), 0.0000090 secs]95.761: [Tenured: 26492K->26492K(40960K), 0.0088640 secs] 42171K->26492K(59392K), [Perm : 6080K->6080K(21248K)], 0.0089280 secs] [Times: user=0.01 sys=0.00, real=0.01 secs] 
95.770: Total time for which application threads were stopped: 0.0090730 seconds, Stopping threads took: 0.0000700 seconds
95.776: Application time: 0.0065340 seconds
95.777: [GC95.777: [ParNew: 15683K->15683K(18432K), 0.0000100 secs]95.777: [Tenured: 26492K->27918K(40960K), 0.0069850 secs] 42175K->27918K(59392K), [Perm : 6080K->6080K(21248K)], 0.0070430 secs] [Times: user=0.01 sys=0.00, real=0.01 secs] 
95.784: Total time for which application threads were stopped: 0.0072720 seconds, Stopping threads took: 0.0001420 seconds
95.787: Application time: 0.0034940 seconds
95.788: [GC95.788: [ParNew: 15681K->15681K(18432K), 0.0000120 secs]95.788: [Tenured: 27918K->25779K(40960K), 0.0103350 secs] 43599K->25779K(59392K), [Perm : 6080K->6080K(21248K)], 0.0103980 secs] [Times: user=0.01 sys=0.00, real=0.01 secs] 
95.798: Total time for which application threads were stopped: 0.0109780 seconds, Stopping threads took: 0.0004850 seconds
95.805: Application time: 0.0065210 seconds
95.805: [GC95.805: [ParNew: 15687K->15687K(18432K), 0.0000100 secs]95.805: [Tenured: 25779K->26492K(40960K), 0.0078540 secs] 41467K->26492K(59392K), [Perm : 6080K->6080K(21248K)], 0.0079160 secs] [Times: user=0.00 sys=0.00, real=0.00 secs] 
95.813: Total time for which application threads were stopped: 0.0081060 seconds, Stopping threads took: 0.0001180 seconds
95.821: Application time: 0.0077630 seconds
95.821: [GC95.821: [ParNew: 15679K->15679K(18432K), 0.0000110 secs]95.821: [Tenured: 26492K->27205K(40960K), 0.0074540 secs] 42171K->27205K(59392K), [Perm : 6080K->6080K(21248K)], 0.0075080 secs] [Times: user=0.00 sys=0.00, real=0.01 secs] 
95.828: Total time for which application threads were stopped: 0.0077370 seconds, Stopping threads took: 0.0001430 seconds
95.835: Application time: 0.0068220 seconds
95.835: [GC95.835: [ParNew: 15686K->15686K(18432K), 0.0000110 secs]95.835: [Tenured: 27205K->28631K(40960K), 0.0074850 secs] 42892K->28631K(59392K), [Perm : 6080K->6080K(21248K)], 0.0075390 secs] [Times: user=0.01 sys=0.00, real=0.01 secs] 
95.843: Total time for which application threads were stopped: 0.0077400 seconds, Stopping threads took: 0.0001160 seconds
95.847: Application time: 0.0037500 seconds
95.847: [GC95.847: [ParNew: 15680K->15680K(18432K), 0.0000110 secs]95.847: [Tenured: 28631K->28631K(40960K), 0.0067330 secs] 44311K->28631K(59392K), [Perm : 6080K->6080K(21248K)], 0.0067910 secs] [Times: user=0.00 sys=0.00, real=0.00 secs] 
95.854: Total time for which application threads were stopped: 0.0070320 seconds, Stopping threads took: 0.0001550 seconds
95.857: Application time: 0.0037370 seconds
95.858: [GC95.858: [ParNew: 16114K->16114K(18432K), 0.0000100 secs]95.858: [Tenured: 28631K->23649K(40960K), 0.0099730 secs] 44746K->23649K(59392K), [Perm : 6080K->6080K(21248K)], 0.0100310 secs] [Times: user=0.01 sys=0.00, real=0.01 secs] 
95.868: Total time for which application threads were stopped: 0.0101880 seconds, Stopping threads took: 0.0000880 seconds
95.882: Application time: 0.0140180 seconds
95.883: [GC95.883: [ParNew: 16003K->1437K(18432K), 0.0018260 secs] 39652K->28648K(59392K), 0.0018630 secs] [Times: user=0.01 sys=0.00, real=0.00 secs] 
95.885: Total time for which application threads were stopped: 0.0029700 seconds, Stopping threads took: 0.0010270 seconds
95.892: Application time: 0.0075360 seconds
95.892: [GC95.892: [ParNew: 17116K->17116K(18432K), 0.0000180 secs]95.892: [Tenured: 27211K->24354K(40960K), 0.0090510 secs] 44328K->24354K(59392K), [Perm : 6080K->6080K(21248K)], 0.0091200 secs] [Times: user=0.01 sys=0.00, real=0.01 secs] 
95.901: Total time for which application threads were stopped: 0.0093410 seconds, Stopping threads took: 0.0001410 seconds
95.906: Application time: 0.0044580 seconds
95.906: [GC95.906: [ParNew: 15685K->1435K(18432K), 0.0012680 secs] 40040K->27214K(59392K), 0.0013000 secs] [Times: user=0.00 sys=0.00, real=0.00 secs] 
95.907: Total time for which application threads were stopped: 0.0014500 seconds, Stopping threads took: 0.0000870 seconds
95.913: Application time: 0.0053550 seconds
95.913: [GC95.913: [ParNew: 17114K->17114K(18432K), 0.0000100 secs]95.913: [Tenured: 25779K->22929K(40960K), 0.0086800 secs] 42894K->22929K(59392K), [Perm : 6080K->6080K(21248K)], 0.0087400 secs] [Times: user=0.01 sys=0.00, real=0.01 secs] 
95.922: Total time for which application threads were stopped: 0.0089010 seconds, Stopping threads took: 0.0000900 seconds
95.928: Application time: 0.0067070 seconds
95.929: [GC95.929: [ParNew: 15686K->1435K(18432K), 0.0011250 secs] 38615K->25789K(59392K), 0.0011570 secs] [Times: user=0.01 sys=0.00, real=0.00 secs] 
95.930: Total time for which application threads were stopped: 0.0013840 seconds, Stopping threads took: 0.0001590 seconds
95.936: Application time: 0.0060100 seconds
95.937: [GC95.937: [ParNew: 17116K->1425K(18432K), 0.0018330 secs] 41471K->26508K(59392K), 0.0018680 secs] [Times: user=0.01 sys=0.00, real=0.00 secs] 
95.938: Total time for which application threads were stopped: 0.0027290 seconds, Stopping threads took: 0.0007900 seconds
95.948: Application time: 0.0090440 seconds
95.948: [GC95.948: [ParNew: 17112K->1437K(18432K), 0.0011440 secs] 42195K->27945K(59392K), 0.0011710 secs] [Times: user=0.01 sys=0.00, real=0.00 secs] 
95.949: Total time for which application threads were stopped: 0.0014530 seconds, Stopping threads took: 0.0002220 seconds
95.974: Application time: 0.0250470 seconds
95.978: [GC95.978: [ParNew: 17120K->1427K(18432K), 0.0014790 secs] 43628K->30825K(59392K), 0.0015110 secs] [Times: user=0.01 sys=0.00, real=0.00 secs] 
95.980: Total time for which application threads were stopped: 0.0058480 seconds, Stopping threads took: 0.0042570 seconds
95.984: Application time: 0.0037920 seconds
95.984: [GC95.984: [ParNew: 17109K->17109K(18432K), 0.0000100 secs]95.984: [Tenured: 29398K->25067K(40960K), 0.0092760 secs] 46507K->25067K(59392K), [Perm : 6080K->6080K(21248K)], 0.0093360 secs] [Times: user=0.01 sys=0.00, real=0.00 secs] 
95.993: Total time for which application threads were stopped: 0.0095300 seconds, Stopping threads took: 0.0001260 seconds
96.042: Application time: 0.0486680 seconds
96.042: [GC96.042: [ParNew: 15698K->1431K(18432K), 0.0038930 secs] 40765K->37898K(59392K), 0.0039410 secs] [Times: user=0.03 sys=0.00, real=0.01 secs] 
96.046: Total time for which application threads were stopped: 0.0040820 seconds, Stopping threads took: 0.0000640 seconds
96.120: Application time: 0.0741430 seconds
96.120: [GC96.120: [ParNew: 17120K->17120K(18432K), 0.0000100 secs]96.120: [Tenured: 36467K->25779K(40960K), 0.0092510 secs] 53588K->25779K(59392K), [Perm : 6080K->6080K(21248K)], 0.0093070 secs] [Times: user=0.01 sys=0.00, real=0.01 secs] 
96.130: Total time for which application threads were stopped: 0.0094360 seconds, Stopping threads took: 0.0000620 seconds
96.150: Application time: 0.0203620 seconds
96.150: [GC96.150: [ParNew: 15714K->1465K(18432K), 0.0013250 secs] 41494K->29382K(59392K), 0.0013580 secs] [Times: user=0.01 sys=0.00, real=0.00 secs] 
96.151: Total time for which application threads were stopped: 0.0015050 seconds, Stopping threads took: 0.0000770 seconds
96.159: Application time: 0.0075220 seconds
96.159: [GC96.159: [ParNew: 17144K->17144K(18432K), 0.0000110 secs]96.159: [Tenured: 27917K->26521K(40960K), 0.0098810 secs] 45061K->26521K(59392K), [Perm : 6080K->6080K(21248K)], 0.0099420 secs] [Times: user=0.01 sys=0.00, real=0.01 secs] 
96.169: Total time for which application threads were stopped: 0.0100870 seconds, Stopping threads took: 0.0000750 seconds
96.174: Application time: 0.0044750 seconds
96.174: [GC96.174: [ParNew: 15685K->1433K(18432K), 0.0016230 secs] 42206K->30804K(59392K), 0.0016690 secs] [Times: user=0.01 sys=0.00, real=0.01 secs] 
96.175: Total time for which application threads were stopped: 0.0018160 seconds, Stopping threads took: 0.0000830 seconds
96.179: Application time: 0.0040880 seconds
96.180: [GC96.180: [ParNew: 17114K->17114K(18432K), 0.0000100 secs]96.180: [Tenured: 29371K->25096K(40960K), 0.0096990 secs] 46486K->25096K(59392K), [Perm : 6080K->6080K(21248K)], 0.0097580 secs] [Times: user=0.01 sys=0.00, real=0.01 secs] 
96.190: Total time for which application threads were stopped: 0.0102260 seconds, Stopping threads took: 0.0003980 seconds
96.198: Application time: 0.0079670 seconds
96.198: [GC96.198: [ParNew: 15692K->1433K(18432K), 0.0019030 secs] 40788K->30804K(59392K), 0.0019420 secs] [Times: user=0.01 sys=0.00, real=0.00 secs] 
96.200: Total time for which application threads were stopped: 0.0020900 seconds, Stopping threads took: 0.0000840 seconds
96.207: Application time: 0.0070870 seconds
96.207: [GC96.207: [ParNew: 17594K->17594K(18432K), 0.0000110 secs]96.207: [Tenured: 29371K->22993K(40960K), 0.0100650 secs] 46965K->22993K(59392K), [Perm : 6080K->6080K(21248K)], 0.0101240 secs] [Times: user=0.01 sys=0.00, real=0.01 secs] 
96.217: Total time for which application threads were stopped: 0.0103100 seconds, Stopping threads took: 0.0001160 seconds
96.223: Application time: 0.0059940 seconds
96.223: [GC96.223: [ParNew: 15908K->1448K(18432K), 0.0006910 secs] 38901K->24441K(59392K), 0.0007190 secs] [Times: user=0.01 sys=0.00, real=0.00 secs] 
96.224: Total time for which application threads were stopped: 0.0008560 seconds, Stopping threads took: 0.0000820 seconds
96.228: Application time: 0.0037240 seconds
96.228: [GC96.228: [ParNew: 17174K->1437K(18432K), 0.0010540 secs] 40167K->25887K(59392K), 0.0010870 secs] [Times: user=0.01 sys=0.00, real=0.00 secs] 
96.229: Total time for which application threads were stopped: 0.0012780 seconds, Stopping threads took: 0.0001350 seconds
96.232: Application time: 0.0032720 seconds
96.232: [GC96.232: [ParNew: 17117K->1425K(18432K), 0.0009470 secs] 41567K->27324K(59392K), 0.0009750 secs] [Times: user=0.01 sys=0.00, real=0.00 secs] 
96.233: Total time for which application threads were stopped: 0.0011470 seconds, Stopping threads took: 0.0001150 seconds
96.239: Application time: 0.0054340 seconds
96.239: [GC96.239: [ParNew: 17113K->1437K(18432K), 0.0012250 secs] 43012K->29474K(59392K), 0.0012540 secs] [Times: user=0.01 sys=0.00, real=0.00 secs] 
96.240: Total time for which application threads were stopped: 0.0013920 seconds, Stopping threads took: 0.0000820 seconds
96.247: Application time: 0.0069750 seconds
96.247: [GC96.247: [ParNew: 17630K->1475K(18432K), 0.0008750 secs] 45667K->30265K(59392K), 0.0009020 secs] [Times: user=0.00 sys=0.00, real=0.00 secs] 
96.248: Total time for which application threads were stopped: 0.0010330 seconds, Stopping threads took: 0.0000770 seconds
96.252: Application time: 0.0040730 seconds
96.252: [GC96.252: [ParNew: 17317K->1444K(18432K), 0.0008670 secs] 46107K->31026K(59392K), 0.0008950 secs] [Times: user=0.00 sys=0.00, real=0.00 secs] 
96.253: Total time for which application threads were stopped: 0.0010390 seconds, Stopping threads took: 0.0000890 seconds
96.259: Application time: 0.0059330 seconds
96.260: [GC96.260: [ParNew: 17204K->1441K(18432K), 0.0009980 secs] 46786K->32448K(59392K), 0.0010320 secs] [Times: user=0.01 sys=0.00, real=0.00 secs] 
96.261: Total time for which application threads were stopped: 0.0020510 seconds, Stopping threads took: 0.0009590 seconds
96.267: Application time: 0.0054530 seconds
96.267: [GC96.267: [ParNew: 17120K->1427K(18432K), 0.0007960 secs] 48128K->33210K(59392K), 0.0008280 secs] [Times: user=0.01 sys=0.00, real=0.00 secs] 
96.268: Total time for which application threads were stopped: 0.0009600 seconds, Stopping threads took: 0.0000720 seconds
96.273: Application time: 0.0051120 seconds
96.273: [GC96.273: [ParNew: 17109K->1425K(18432K), 0.0010950 secs] 48893K->35346K(59392K), 0.0011380 secs] [Times: user=0.01 sys=0.00, real=0.01 secs] 
96.274: Total time for which application threads were stopped: 0.0013330 seconds, Stopping threads took: 0.0001340 seconds
96.279: Application time: 0.0044890 seconds
96.279: [GC96.279: [ParNew: 17107K->1427K(18432K), 0.0016360 secs] 51029K->38911K(59392K), 0.0016670 secs] [Times: user=0.02 sys=0.00, real=0.00 secs] 
96.281: Total time for which application threads were stopped: 0.0017940 seconds, Stopping threads took: 0.0000680 seconds
96.285: Application time: 0.0043090 seconds
96.286: [GC96.286: [ParNew: 17114K->17114K(18432K), 0.0000100 secs]96.286: [Tenured: 37484K->22217K(40960K), 0.0107190 secs] 54598K->22217K(59392K), [Perm : 6080K->6080K(21248K)], 0.0107720 secs] [Times: user=0.01 sys=0.00, real=0.01 secs] 
96.296: Total time for which application threads were stopped: 0.0116640 seconds, Stopping threads took: 0.0008240 seconds
96.301: Application time: 0.0041490 seconds
96.301: [GC96.301: [ParNew: 15691K->1435K(18432K), 0.0020830 secs] 37908K->28640K(59392K), 0.0021260 secs] [Times: user=0.01 sys=0.00, real=0.01 secs] 
96.303: Total time for which application threads were stopped: 0.0022750 seconds, Stopping threads took: 0.0000850 seconds
96.306: Application time: 0.0036020 seconds
96.307: [GC96.307: [ParNew: 17116K->1425K(18432K), 0.0012840 secs] 44321K->30807K(59392K), 0.0013190 secs] [Times: user=0.01 sys=0.00, real=0.00 secs] 
96.308: Total time for which application threads were stopped: 0.0014720 seconds, Stopping threads took: 0.0000930 seconds
96.313: Application time: 0.0046640 seconds
96.313: [GC96.313: [ParNew: 17111K->1439K(18432K), 0.0010540 secs] 46494K->32959K(59392K), 0.0010850 secs] [Times: user=0.00 sys=0.00, real=0.00 secs] 
96.314: Total time for which application threads were stopped: 0.0012350 seconds, Stopping threads took: 0.0000930 seconds
96.318: Application time: 0.0040290 seconds
96.318: [GC96.318: [ParNew: 17121K->1435K(18432K), 0.0012930 secs] 48641K->35109K(59392K), 0.0013240 secs] [Times: user=0.01 sys=0.00, real=0.00 secs] 
96.319: Total time for which application threads were stopped: 0.0014920 seconds, Stopping threads took: 0.0001080 seconds
96.326: Application time: 0.0061260 seconds
96.326: [GC96.326: [ParNew: 17124K->1439K(18432K), 0.0010380 secs] 50798K->36562K(59392K), 0.0010680 secs] [Times: user=0.01 sys=0.00, real=0.00 secs] 
96.327: Total time for which application threads were stopped: 0.0012250 seconds, Stopping threads took: 0.0000990 seconds
96.334: Application time: 0.0069450 seconds
96.334: [GC96.334: [ParNew: 17119K->17119K(18432K), 0.0000100 secs]96.334: [Tenured: 35122K->22929K(40960K), 0.0094460 secs] 52242K->22929K(59392K), [Perm : 6080K->6080K(21248K)], 0.0095010 secs] [Times: user=0.01 sys=0.00, real=0.02 secs] 
96.343: Total time for which application threads were stopped: 0.0096430 seconds, Stopping threads took: 0.0000730 seconds
96.348: Application time: 0.0050290 seconds
96.349: [GC96.349: [ParNew: 15688K->1435K(18432K), 0.0006650 secs] 38618K->24365K(59392K), 0.0006930 secs] [Times: user=0.00 sys=0.00, real=0.00 secs] 
96.349: Total time for which application threads were stopped: 0.0008620 seconds, Stopping threads took: 0.0001110 seconds
96.353: Application time: 0.0040290 seconds
96.353: [GC96.354: [ParNew: 17114K->1425K(18432K), 0.0008440 secs] 40044K->25107K(59392K), 0.0008740 secs] [Times: user=0.00 sys=0.00, real=0.01 secs] 
96.354: Total time for which application threads were stopped: 0.0010980 seconds, Stopping threads took: 0.0001680 seconds
96.394: Application time: 0.0395670 seconds
96.394: [GC96.394: [ParNew: 17120K->1435K(18432K), 0.0030470 secs] 40803K->34380K(59392K), 0.0030840 secs] [Times: user=0.03 sys=0.00, real=0.00 secs] 
96.397: Total time for which application threads were stopped: 0.0032170 seconds, Stopping threads took: 0.0000630 seconds
96.470: Application time: 0.0731510 seconds
96.470: [GC96.470: [ParNew (promotion failed): 17126K->17116K(18432K), 0.0112210 secs]96.482: [Tenured: 40830K->25066K(40960K), 0.0094020 secs] 50071K->25066K(59392K), [Perm : 6080K->6080K(21248K)], 0.0206820 secs] [Times: user=0.09 sys=0.00, real=0.02 secs] 
96.491: Total time for which application threads were stopped: 0.0208250 seconds, Stopping threads took: 0.0000750 seconds
96.550: Application time: 0.0592490 seconds
96.551: [GC96.551: [ParNew: 15691K->1425K(18432K), 0.0045550 secs] 40758K->40742K(59392K), 0.0045980 secs] [Times: user=0.04 sys=0.00, real=0.01 secs] 
96.555: Total time for which application threads were stopped: 0.0047690 seconds, Stopping threads took: 0.0000950 seconds
96.629: Application time: 0.0737640 seconds
96.629: [GC96.629: [ParNew: 17116K->17116K(18432K), 0.0000110 secs]96.629: [Tenured: 39317K->25066K(40960K), 0.0091770 secs] 56433K->25066K(59392K), [Perm : 6080K->6080K(21248K)], 0.0092350 secs] [Times: user=0.01 sys=0.00, real=0.01 secs] 
96.638: Total time for which application threads were stopped: 0.0093710 seconds, Stopping threads took: 0.0000700 seconds
96.712: Application time: 0.0735330 seconds
96.712: [GC96.712: [ParNew: 15697K->1429K(18432K), 0.0045970 secs] 40764K->40746K(59392K), 0.0046410 secs] [Times: user=0.04 sys=0.00, real=0.01 secs] 
96.717: Total time for which application threads were stopped: 0.0047910 seconds, Stopping threads took: 0.0000850 seconds
96.774: Application time: 0.0575990 seconds
96.774: [GC96.774: [ParNew: 17120K->17120K(18432K), 0.0000100 secs]96.774: [Tenured: 39317K->25067K(40960K), 0.0111640 secs] 56437K->25067K(59392K), [Perm : 6080K->6080K(21248K)], 0.0112240 secs] [Times: user=0.01 sys=0.00, real=0.01 secs] 
96.786: Total time for which application threads were stopped: 0.0113800 seconds, Stopping threads took: 0.0000880 seconds
96.859: Application time: 0.0737840 seconds
96.860: [GC96.860: [ParNew: 15704K->1433K(18432K), 0.0044200 secs] 40771K->40037K(59392K), 0.0044630 secs] [Times: user=0.03 sys=0.00, real=0.01 secs] 
96.864: Total time for which application threads were stopped: 0.0046360 seconds, Stopping threads took: 0.0001090 seconds
96.936: Application time: 0.0724280 seconds
96.937: [GC96.937: [ParNew: 17124K->17124K(18432K), 0.0000100 secs]96.937: [Tenured: 38604K->25781K(40960K), 0.0102300 secs] 55729K->25781K(59392K), [Perm : 6080K->6080K(21248K)], 0.0102880 secs] [Times: user=0.01 sys=0.00, real=0.01 secs] 
96.947: Total time for which application threads were stopped: 0.0104190 seconds, Stopping threads took: 0.0000640 seconds
96.999: Application time: 0.0518850 seconds
96.999: [GC96.999: [ParNew: 15697K->15697K(18432K), 0.0000110 secs]96.999: [Tenured: 25781K->26494K(40960K), 0.0107730 secs] 41479K->26494K(59392K), [Perm : 6080K->6080K(21248K)], 0.0108360 secs] [Times: user=0.01 sys=0.00, real=0.01 secs] 
97.010: Total time for which application threads were stopped: 0.0110130 seconds, Stopping threads took: 0.0001060 seconds
97.088: Application time: 0.0782110 seconds
97.088: [GC97.088: [ParNew: 15697K->15697K(18432K), 0.0000120 secs]97.088: [Tenured: 26494K->27207K(40960K), 0.0099510 secs] 42192K->27207K(59392K), [Perm : 6080K->6080K(21248K)], 0.0100120 secs] [Times: user=0.01 sys=0.00, real=0.01 secs] 
97.098: Total time for which application threads were stopped: 0.0101540 seconds, Stopping threads took: 0.0000600 seconds
97.159: Application time: 0.0612390 seconds
97.160: [GC97.160: [ParNew: 15691K->15691K(18432K), 0.0000100 secs]97.160: [Tenured: 27207K->27204K(40960K), 0.0111220 secs] 42899K->27204K(59392K), [Perm : 6080K->6080K(21248K)], 0.0111810 secs] [Times: user=0.01 sys=0.00, real=0.01 secs] 
97.171: Total time for which application threads were stopped: 0.0114050 seconds, Stopping threads took: 0.0001420 seconds
97.242: Application time: 0.0710680 seconds
97.242: [GC97.242: [ParNew: 15691K->15691K(18432K), 0.0000100 secs]97.242: [Tenured: 27204K->26492K(40960K), 0.0091760 secs] 42896K->26492K(59392K), [Perm : 6080K->6080K(21248K)], 0.0092410 secs] [Times: user=0.01 sys=0.00, real=0.01 secs] 
97.251: Total time for which application threads were stopped: 0.0094080 seconds, Stopping threads took: 0.0000970 seconds
97.328: Application time: 0.0768040 seconds
97.328: [GC97.328: [ParNew: 15695K->15695K(18432K), 0.0000110 secs]97.328: [Tenured: 26492K->27205K(40960K), 0.0103590 secs] 42187K->27205K(59392K), [Perm : 6080K->6080K(21248K)], 0.0104280 secs] [Times: user=0.01 sys=0.00, real=0.01 secs] 
97.339: Total time for which application threads were stopped: 0.0106100 seconds, Stopping threads took: 0.0001110 seconds
97.400: Application time: 0.0617730 seconds
97.401: [GC97.401: [ParNew: 15704K->15704K(18432K), 0.0000100 secs]97.401: [Tenured: 27205K->27919K(40960K), 0.0099680 secs] 42909K->27919K(59392K), [Perm : 6080K->6080K(21248K)], 0.0100280 secs] [Times: user=0.01 sys=0.00, real=0.01 secs] 
97.411: Total time for which application threads were stopped: 0.0101900 seconds, Stopping threads took: 0.0000840 seconds
97.477: Application time: 0.0661070 seconds
97.477: [GC97.477: [ParNew: 15691K->15691K(18432K), 0.0000100 secs]97.477: [Tenured: 27919K->30054K(40960K), 0.0108870 secs] 43611K->30054K(59392K), [Perm : 6080K->6080K(21248K)], 0.0109490 secs] [Times: user=0.01 sys=0.00, real=0.01 secs] 
97.488: Total time for which application threads were stopped: 0.0110910 seconds, Stopping threads took: 0.0000730 seconds
97.562: Application time: 0.0738600 seconds
97.562: [GC97.562: [ParNew: 15691K->15691K(18432K), 0.0000090 secs]97.562: [Tenured: 30054K->29342K(40960K), 0.0090470 secs] 45746K->29342K(59392K), [Perm : 6080K->6080K(21248K)], 0.0091060 secs] [Times: user=0.01 sys=0.00, real=0.01 secs] 
97.571: Total time for which application threads were stopped: 0.0092670 seconds, Stopping threads took: 0.0000940 seconds
97.638: Application time: 0.0667240 seconds
97.638: [GC97.638: [ParNew: 15691K->15691K(18432K), 0.0000110 secs]97.638: [Tenured: 29342K->29342K(40960K), 0.0097190 secs] 45033K->29342K(59392K), [Perm : 6080K->6080K(21248K)], 0.0097810 secs] [Times: user=0.01 sys=0.00, real=0.01 secs] 
97.648: Total time for which application threads were stopped: 0.0099350 seconds, Stopping threads took: 0.0000700 seconds
97.719: Application time: 0.0709560 seconds
97.719: [GC97.719: [ParNew: 15700K->15700K(18432K), 0.0000110 secs]97.719: [Tenured: 29342K->29343K(40960K), 0.0104880 secs] 45042K->29343K(59392K), [Perm : 6080K->6080K(21248K)], 0.0105490 secs] [Times: user=0.01 sys=0.00, real=0.01 secs] 
97.729: Total time for which application threads were stopped: 0.0108240 seconds, Stopping threads took: 0.0001850 seconds
97.791: Application time: 0.0610900 seconds
97.791: [GC97.791: [ParNew: 15691K->15691K(18432K), 0.0000110 secs]97.791: [Tenured: 29343K->28629K(40960K), 0.0119750 secs] 45034K->28629K(59392K), [Perm : 6080K->6080K(21248K)], 0.0120360 secs] [Times: user=0.01 sys=0.00, real=0.02 secs] 
97.803: Total time for which application threads were stopped: 0.0121780 seconds, Stopping threads took: 0.0000690 seconds
97.871: Application time: 0.0679340 seconds
97.871: [GC97.871: [ParNew: 15691K->15691K(18432K), 0.0000100 secs]97.871: [Tenured: 28629K->27917K(40960K), 0.0097330 secs] 44321K->27917K(59392K), [Perm : 6080K->6080K(21248K)], 0.0097920 secs] [Times: user=0.01 sys=0.00, real=0.01 secs] 
97.881: Total time for which application threads were stopped: 0.0100140 seconds, Stopping threads took: 0.0001550 seconds
97.931: Application time: 0.0504640 seconds
97.931: [GC97.931: [ParNew: 15706K->15706K(18432K), 0.0000100 secs]97.931: [Tenured: 27917K->27917K(40960K), 0.0101190 secs] 43623K->27917K(59392K), [Perm : 6080K->6080K(21248K)], 0.0101790 secs] [Times: user=0.01 sys=0.00, real=0.01 secs] 
97.941: Total time for which application threads were stopped: 0.0103080 seconds, Stopping threads took: 0.0000590 seconds
97.997: Application time: 0.0559400 seconds
97.998: [GC97.998: [ParNew: 15696K->15696K(18432K), 0.0000100 secs]97.998: [Tenured: 27917K->27917K(40960K), 0.0107180 secs] 43613K->27917K(59392K), [Perm : 6080K->6080K(21248K)], 0.0107750 secs] [Times: user=0.01 sys=0.00, real=0.01 secs] 
98.008: Total time for which application threads were stopped: 0.0109910 seconds, Stopping threads took: 0.0001410 seconds
98.074: Application time: 0.0656210 seconds
98.074: [GC98.074: [ParNew: 15689K->15689K(18432K), 0.0000110 secs]98.074: [Tenured: 27917K->26492K(40960K), 0.0114400 secs] 43607K->26492K(59392K), [Perm : 6080K->6080K(21248K)], 0.0115100 secs] [Times: user=0.02 sys=0.00, real=0.01 secs] 
98.086: Total time for which application threads were stopped: 0.0116550 seconds, Stopping threads took: 0.0000730 seconds
98.149: Application time: 0.0634000 seconds
98.149: [GC98.149: [ParNew: 15698K->1435K(18432K), 0.0039050 secs] 42190K->40040K(59392K), 0.0039460 secs] [Times: user=0.03 sys=0.00, real=0.00 secs] 
98.153: Total time for which application threads were stopped: 0.0041180 seconds, Stopping threads took: 0.0000850 seconds
98.211: Application time: 0.0580340 seconds
98.211: [GC98.211: [ParNew: 17125K->17125K(18432K), 0.0000110 secs]98.211: [Tenured: 38605K->27205K(40960K), 0.0099470 secs] 55730K->27205K(59392K), [Perm : 6080K->6080K(21248K)], 0.0100080 secs] [Times: user=0.01 sys=0.00, real=0.01 secs] 
98.221: Total time for which application threads were stopped: 0.0101390 seconds, Stopping threads took: 0.0000620 seconds
98.265: Application time: 0.0437490 seconds
98.265: [GC98.265: [ParNew: 15690K->15690K(18432K), 0.0000110 secs]98.265: [Tenured: 27205K->27206K(40960K), 0.0093790 secs] 42895K->27206K(59392K), [Perm : 6080K->6080K(21248K)], 0.0094400 secs] [Times: user=0.01 sys=0.00, real=0.01 secs] 
98.275: Total time for which application threads were stopped: 0.0095720 seconds, Stopping threads took: 0.0000630 seconds
98.335: Application time: 0.0606040 seconds
98.336: [GC98.336: [ParNew: 15698K->15698K(18432K), 0.0000100 secs]98.336: [Tenured: 27206K->25780K(40960K), 0.0107800 secs] 42904K->25780K(59392K), [Perm : 6080K->6080K(21248K)], 0.0108420 secs] [Times: user=0.02 sys=0.00, real=0.01 secs] 
98.346: Total time for which application threads were stopped: 0.0111150 seconds, Stopping threads took: 0.0002020 seconds
98.401: Application time: 0.0550710 seconds
98.402: [GC98.402: [ParNew: 15705K->15705K(18432K), 0.0000100 secs]98.402: [Tenured: 25780K->22930K(40960K), 0.0099350 secs] 41485K->22930K(59392K), [Perm : 6080K->6080K(21248K)], 0.0099930 secs] [Times: user=0.01 sys=0.00, real=0.01 secs] 
98.412: Total time for which application threads were stopped: 0.0101280 seconds, Stopping threads took: 0.0000660 seconds
98.456: Application time: 0.0443680 seconds
98.456: [GC98.456: [ParNew: 15688K->1427K(18432K), 0.0037690 secs] 38618K->35045K(59392K), 0.0038110 secs] [Times: user=0.03 sys=0.00, real=0.00 secs] 
98.460: Total time for which application threads were stopped: 0.0039530 seconds, Stopping threads took: 0.0000780 seconds
98.509: Application time: 0.0493850 seconds
98.509: [GC98.509: [ParNew: 17115K->17115K(18432K), 0.0000110 secs]98.510: [Tenured: 33618K->24355K(40960K), 0.0110370 secs] 50734K->24355K(59392K), [Perm : 6080K->6080K(21248K)], 0.0110970 secs] [Times: user=0.01 sys=0.00, real=0.01 secs] 
98.521: Total time for which application threads were stopped: 0.0112800 seconds, Stopping threads took: 0.0001140 seconds
98.581: Application time: 0.0606330 seconds
98.581: [GC98.581: [ParNew: 15688K->1427K(18432K), 0.0036270 secs] 40043K->36470K(59392K), 0.0036720 secs] [Times: user=0.03 sys=0.00, real=0.01 secs] 
98.585: Total time for which application threads were stopped: 0.0038320 seconds, Stopping threads took: 0.0000840 seconds
98.624: Application time: 0.0387270 seconds
98.624: [GC98.624: [ParNew: 17115K->17115K(18432K), 0.0000100 secs]98.624: [Tenured: 35043K->24355K(40960K), 0.0098280 secs] 52159K->24355K(59392K), [Perm : 6080K->6080K(21248K)], 0.0098880 secs] [Times: user=0.01 sys=0.00, real=0.00 secs] 
98.634: Total time for which application threads were stopped: 0.0100180 seconds, Stopping threads took: 0.0000600 seconds
98.689: Application time: 0.0552490 seconds
98.689: [GC98.689: [ParNew: 15688K->1427K(18432K), 0.0037800 secs] 40044K->36471K(59392K), 0.0038200 secs] [Times: user=0.03 sys=0.00, real=0.00 secs] 
98.693: Total time for which application threads were stopped: 0.0039660 seconds, Stopping threads took: 0.0000700 seconds
98.748: Application time: 0.0552060 seconds
98.748: [GC98.749: [ParNew: 17122K->17122K(18432K), 0.0000120 secs]98.749: [Tenured: 35044K->24356K(40960K), 0.0108860 secs] 52166K->24356K(59392K), [Perm : 6080K->6080K(21248K)], 0.0109550 secs] [Times: user=0.01 sys=0.00, real=0.01 secs] 
98.759: Total time for which application threads were stopped: 0.0112180 seconds, Stopping threads took: 0.0001730 seconds
98.817: Application time: 0.0574390 seconds
98.817: [GC98.817: [ParNew: 15688K->1427K(18432K), 0.0036280 secs] 40045K->36472K(59392K), 0.0036710 secs] [Times: user=0.03 sys=0.00, real=0.00 secs] 
98.821: Total time for which application threads were stopped: 0.0038390 seconds, Stopping threads took: 0.0001010 seconds
98.857: Application time: 0.0367170 seconds
98.858: [GC98.858: [ParNew: 17116K->17116K(18432K), 0.0000100 secs]98.858: [Tenured: 35045K->25068K(40960K), 0.0110630 secs] 52161K->25068K(59392K), [Perm : 6080K->6080K(21248K)], 0.0111220 secs] [Times: user=0.01 sys=0.00, real=0.01 secs] 
98.869: Total time for which application threads were stopped: 0.0113140 seconds, Stopping threads took: 0.0001230 seconds
98.930: Application time: 0.0612540 seconds
98.930: [GC98.930: [ParNew: 15695K->1435K(18432K), 0.0036920 secs] 40764K->37192K(59392K), 0.0037360 secs] [Times: user=0.03 sys=0.00, real=0.00 secs] 
98.934: Total time for which application threads were stopped: 0.0038920 seconds, Stopping threads took: 0.0000900 seconds
98.984: Application time: 0.0502080 seconds
98.984: [GC98.984: [ParNew: 17130K->17130K(18432K), 0.0000090 secs]98.984: [Tenured: 35757K->25070K(40960K), 0.0092410 secs] 52888K->25070K(59392K), [Perm : 6080K->6080K(21248K)], 0.0092960 secs] [Times: user=0.01 sys=0.00, real=0.00 secs] 
98.994: Total time for which application threads were stopped: 0.0094200 seconds, Stopping threads took: 0.0000580 seconds
99.037: Application time: 0.0430730 seconds
99.037: [GC99.037: [ParNew: 15695K->1437K(18432K), 0.0036350 secs] 40766K->37196K(59392K), 0.0036790 secs] [Times: user=0.03 sys=0.00, real=0.00 secs] 
99.041: Total time for which application threads were stopped: 0.0038610 seconds, Stopping threads took: 0.0001080 seconds
99.101: Application time: 0.0606460 seconds
99.101: [GC99.101: [ParNew: 17126K->17126K(18432K), 0.0000100 secs]99.101: [Tenured: 35759K->27209K(40960K), 0.0097720 secs] 52885K->27209K(59392K), [Perm : 6080K->6080K(21248K)], 0.0098320 secs] [Times: user=0.01 sys=0.00, real=0.01 secs] 
99.111: Total time for which application threads were stopped: 0.0099940 seconds, Stopping threads took: 0.0000940 seconds
99.169: Application time: 0.0579390 seconds
99.169: [GC99.169: [ParNew: 15695K->15695K(18432K), 0.0000110 secs]99.169: [Tenured: 27209K->26497K(40960K), 0.0099820 secs] 42904K->26497K(59392K), [Perm : 6080K->6080K(21248K)], 0.0100400 secs] [Times: user=0.01 sys=0.00, real=0.01 secs] 
99.179: Total time for which application threads were stopped: 0.0101720 seconds, Stopping threads took: 0.0000630 seconds
99.210: Application time: 0.0309870 seconds
99.210: [GC99.210: [ParNew: 15688K->15688K(18432K), 0.0000100 secs]99.210: [Tenured: 26497K->27919K(40960K), 0.0106770 secs] 42186K->27919K(59392K), [Perm : 6080K->6080K(21248K)], 0.0107350 secs] [Times: user=0.01 sys=0.00, real=0.01 secs] 
99.221: Total time for which application threads were stopped: 0.0109100 seconds, Stopping threads took: 0.0000980 seconds
99.290: Application time: 0.0685650 seconds
99.290: [GC99.290: [ParNew: 15688K->15688K(18432K), 0.0000090 secs]99.290: [Tenured: 27919K->27206K(40960K), 0.0091800 secs] 43608K->27206K(59392K), [Perm : 6080K->6080K(21248K)], 0.0092380 secs] [Times: user=0.01 sys=0.00, real=0.01 secs] 
99.299: Total time for which application threads were stopped: 0.0093700 seconds, Stopping threads took: 0.0000640 seconds
99.347: Application time: 0.0474130 seconds
99.347: [GC99.347: [ParNew: 15695K->15695K(18432K), 0.0000110 secs]99.347: [Tenured: 27206K->27920K(40960K), 0.0099700 secs] 42902K->27920K(59392K), [Perm : 6080K->6080K(21248K)], 0.0100290 secs] [Times: user=0.01 sys=0.00, real=0.01 secs] 
99.357: Total time for which application threads were stopped: 0.0101810 seconds, Stopping threads took: 0.0000730 seconds
99.400: Application time: 0.0434130 seconds
99.400: [GC99.400: [ParNew: 15688K->15688K(18432K), 0.0000110 secs]99.400: [Tenured: 27920K->27207K(40960K), 0.0106570 secs] 43608K->27207K(59392K), [Perm : 6080K->6080K(21248K)], 0.0107200 secs] [Times: user=0.01 sys=0.00, real=0.01 secs] 
99.411: Total time for which application threads were stopped: 0.0109060 seconds, Stopping threads took: 0.0001160 seconds
99.473: Application time: 0.0615630 seconds
99.473: [GC99.473: [ParNew: 15701K->15701K(18432K), 0.0000110 secs]99.473: [Tenured: 27207K->28631K(40960K), 0.0111560 secs] 42909K->28631K(59392K), [Perm : 6080K->6080K(21248K)], 0.0112180 secs] [Times: user=0.01 sys=0.00, real=0.02 secs] 
99.484: Total time for which application threads were stopped: 0.0113590 seconds, Stopping threads took: 0.0000700 seconds
99.533: Application time: 0.0493810 seconds
99.533: [GC99.533: [ParNew: 15688K->15688K(18432K), 0.0000100 secs]99.533: [Tenured: 28631K->29344K(40960K), 0.0094100 secs] 44320K->29344K(59392K), [Perm : 6080K->6080K(21248K)], 0.0094660 secs] [Times: user=0.01 sys=0.00, real=0.02 secs] 
99.543: Total time for which application threads were stopped: 0.0096070 seconds, Stopping threads took: 0.0000750 seconds
99.591: Application time: 0.0476090 seconds
99.591: [GC99.591: [ParNew: 15688K->15688K(18432K), 0.0000100 secs]99.591: [Tenured: 29344K->30056K(40960K), 0.0093540 secs] 45032K->30056K(59392K), [Perm : 6080K->6080K(21248K)], 0.0094150 secs] [Times: user=0.01 sys=0.00, real=0.01 secs] 
99.600: Total time for which application threads were stopped: 0.0096740 seconds, Stopping threads took: 0.0001910 seconds
99.662: Application time: 0.0621930 seconds
99.663: [GC99.663: [ParNew: 15688K->15688K(18432K), 0.0000100 secs]99.663: [Tenured: 30056K->29344K(40960K), 0.0091660 secs] 45745K->29344K(59392K), [Perm : 6080K->6080K(21248K)], 0.0092230 secs] [Times: user=0.01 sys=0.00, real=0.00 secs] 
99.672: Total time for which application threads were stopped: 0.0093500 seconds, Stopping threads took: 0.0000610 seconds
99.710: Application time: 0.0385600 seconds
99.711: [GC99.711: [ParNew: 15688K->15688K(18432K), 0.0000100 secs]99.711: [Tenured: 29344K->30056K(40960K), 0.0094370 secs] 45032K->30056K(59392K), [Perm : 6080K->6080K(21248K)], 0.0094970 secs] [Times: user=0.01 sys=0.00, real=0.01 secs] 
99.720: Total time for which application threads were stopped: 0.0097200 seconds, Stopping threads took: 0.0001450 seconds
99.749: Application time: 0.0290080 seconds
99.749: [GC99.749: [ParNew: 15715K->15715K(18432K), 0.0000100 secs]99.749: [Tenured: 30056K->30798K(40960K), 0.0099900 secs] 45771K->30798K(59392K), [Perm : 6080K->6080K(21248K)], 0.0100510 secs] [Times: user=0.01 sys=0.00, real=0.01 secs] 
99.759: Total time for which application threads were stopped: 0.0102530 seconds, Stopping threads took: 0.0001000 seconds
99.769: Application time: 0.0093340 seconds
99.769: [GC99.769: [ParNew: 15677K->15677K(18432K), 0.0000110 secs]99.769: [Tenured: 30798K->30085K(40960K), 0.0074150 secs] 46475K->30085K(59392K), [Perm : 6080K->6080K(21248K)], 0.0074690 secs] [Times: user=0.01 sys=0.00, real=0.01 secs] 
99.776: Total time for which application threads were stopped: 0.0077920 seconds, Stopping threads took: 0.0002390 seconds
99.781: Application time: 0.0043200 seconds
99.781: [GC99.781: [ParNew: 15685K->15685K(18432K), 0.0000110 secs]99.781: [Tenured: 30085K->30798K(40960K), 0.0098180 secs] 45771K->30798K(59392K), [Perm : 6080K->6080K(21248K)], 0.0098810 secs] [Times: user=0.01 sys=0.00, real=0.01 secs] 
99.791: Total time for which application threads were stopped: 0.0100330 seconds, Stopping threads took: 0.0000790 seconds
99.795: Application time: 0.0045260 seconds
99.796: [GC99.796: [ParNew: 15679K->15679K(18432K), 0.0000100 secs]99.796: [Tenured: 30798K->28630K(40960K), 0.0108150 secs] 46477K->28630K(59392K), [Perm : 6080K->6080K(21248K)], 0.0108730 secs] [Times: user=0.01 sys=0.00, real=0.01 secs] 
99.807: Total time for which application threads were stopped: 0.0111980 seconds, Stopping threads took: 0.0002490 seconds
99.813: Application time: 0.0059760 seconds
99.813: [GC99.813: [ParNew: 15690K->15690K(18432K), 0.0000110 secs]99.813: [Tenured: 28630K->28631K(40960K), 0.0098950 secs] 44320K->28631K(59392K), [Perm : 6080K->6080K(21248K)], 0.0099520 secs] [Times: user=0.01 sys=0.00, real=0.02 secs] 
99.823: Total time for which application threads were stopped: 0.0101250 seconds, Stopping threads took: 0.0001030 seconds
99.830: Application time: 0.0076230 seconds
99.830: [GC99.830: [ParNew: 15679K->15679K(18432K), 0.0000100 secs]99.830: [Tenured: 28631K->29343K(40960K), 0.0075420 secs] 44310K->29343K(59392K), [Perm : 6080K->6080K(21248K)], 0.0075960 secs] [Times: user=0.01 sys=0.00, real=0.01 secs] 
99.838: Total time for which application threads were stopped: 0.0077650 seconds, Stopping threads took: 0.0000970 seconds
99.844: Application time: 0.0059760 seconds
99.844: [GC99.844: [ParNew: 15687K->15687K(18432K), 0.0000110 secs]99.844: [Tenured: 29343K->30770K(40960K), 0.0075550 secs] 45031K->30770K(59392K), [Perm : 6080K->6080K(21248K)], 0.0076120 secs] [Times: user=0.01 sys=0.00, real=0.00 secs] 
99.852: Total time for which application threads were stopped: 0.0078300 seconds, Stopping threads took: 0.0001330 seconds
99.855: Application time: 0.0035350 seconds
99.855: [GC99.856: [ParNew: 15681K->15681K(18432K), 0.0000100 secs]99.856: [Tenured: 30770K->29344K(40960K), 0.0089820 secs] 46451K->29344K(59392K), [Perm : 6080K->6080K(21248K)], 0.0090430 secs] [Times: user=0.01 sys=0.00, real=0.01 secs] 
99.865: Total time for which application threads were stopped: 0.0091900 seconds, Stopping threads took: 0.0000780 seconds
99.868: Application time: 0.0036300 seconds
99.868: [GC99.868: [ParNew: 15680K->15680K(18432K), 0.0000100 secs]99.868: [Tenured: 29344K->27918K(40960K), 0.0086920 secs] 45024K->27918K(59392K), [Perm : 6080K->6080K(21248K)], 0.0087540 secs] [Times: user=0.01 sys=0.00, real=0.01 secs] 
99.877: Total time for which application threads were stopped: 0.0089900 seconds, Stopping threads took: 0.0001630 seconds
99.924: Application time: 0.0469860 seconds
99.924: [GC99.924: [ParNew: 15696K->15696K(18432K), 0.0000110 secs]99.924: [Tenured: 27918K->28631K(40960K), 0.0109750 secs] 43615K->28631K(59392K), [Perm : 6080K->6080K(21248K)], 0.0110390 secs] [Times: user=0.01 sys=0.00, real=0.01 secs] 
99.935: Total time for which application threads were stopped: 0.0112090 seconds, Stopping threads took: 0.0000970 seconds
100.007: Application time: 0.0720710 seconds
100.008: [GC100.008: [ParNew: 15688K->15688K(18432K), 0.0000100 secs]100.008: [Tenured: 28631K->28630K(40960K), 0.0104100 secs] 44319K->28630K(59392K), [Perm : 6080K->6080K(21248K)], 0.0104720 secs] [Times: user=0.01 sys=0.00, real=0.01 secs] 
100.018: Total time for which application threads were stopped: 0.0106840 seconds, Stopping threads took: 0.0001330 seconds
100.049: Application time: 0.0312140 seconds
100.050: [GC100.050: [ParNew: 15689K->15689K(18432K), 0.0000110 secs]100.050: [Tenured: 28630K->28630K(40960K), 0.0100240 secs] 44320K->28630K(59392K), [Perm : 6080K->6080K(21248K)], 0.0100850 secs] [Times: user=0.01 sys=0.00, real=0.01 secs] 
100.060: Total time for which application threads were stopped: 0.0102620 seconds, Stopping threads took: 0.0001100 seconds
100.116: Application time: 0.0568570 seconds
100.117: [GC100.117: [ParNew: 15721K->15721K(18432K), 0.0000100 secs]100.117: [Tenured: 28630K->27947K(40960K), 0.0091000 secs] 44352K->27947K(59392K), [Perm : 6080K->6080K(21248K)], 0.0091550 secs] [Times: user=0.01 sys=0.00, real=0.01 secs] 
100.126: Total time for which application threads were stopped: 0.0096760 seconds, Stopping threads took: 0.0004570 seconds
100.134: Application time: 0.0082980 seconds
100.135: [GC100.135: [ParNew: 16382K->16382K(18432K), 0.0000120 secs]100.135: [Tenured: 27947K->25842K(40960K), 0.0099170 secs] 44330K->25842K(59392K), [Perm : 6080K->6080K(21248K)], 0.0099780 secs] [Times: user=0.01 sys=0.00, real=0.01 secs] 
100.145: Total time for which application threads were stopped: 0.0108000 seconds, Stopping threads took: 0.0007400 seconds
100.151: Application time: 0.0052570 seconds
100.151: [GC100.151: [ParNew: 15722K->15722K(18432K), 0.0000110 secs]100.151: [Tenured: 25842K->27262K(40960K), 0.0102790 secs] 41565K->27262K(59392K), [Perm : 6080K->6080K(21248K)], 0.0103420 secs] [Times: user=0.01 sys=0.00, real=0.01 secs] 
100.161: Total time for which application threads were stopped: 0.0108490 seconds, Stopping threads took: 0.0004150 seconds
100.165: Application time: 0.0038220 seconds
100.166: [GC100.166: [ParNew: 16117K->16117K(18432K), 0.0000120 secs]100.166: [Tenured: 27262K->23649K(40960K), 0.0116260 secs] 43379K->23649K(59392K), [Perm : 6080K->6080K(21248K)], 0.0116870 secs] [Times: user=0.01 sys=0.00, real=0.01 secs] 
100.177: Total time for which application threads were stopped: 0.0120530 seconds, Stopping threads took: 0.0002750 seconds
100.181: Application time: 0.0035290 seconds
100.181: [GC100.181: [ParNew: 15777K->1440K(18432K), 0.0017660 secs] 39426K->27939K(59392K), 0.0018030 secs] [Times: user=0.01 sys=0.00, real=0.01 secs] 
100.183: Total time for which application threads were stopped: 0.0019620 seconds, Stopping threads took: 0.0000960 seconds
100.187: Application time: 0.0045330 seconds
100.187: [GC100.187: [ParNew: 17268K->17268K(18432K), 0.0000110 secs]100.188: [Tenured: 26499K->22225K(40960K), 0.0099070 secs] 43768K->22225K(59392K), [Perm : 6080K->6080K(21248K)], 0.0099690 secs] [Times: user=0.01 sys=0.00, real=0.01 secs] 
100.197: Total time for which application threads were stopped: 0.0101900 seconds, Stopping threads took: 0.0001470 seconds
100.202: Application time: 0.0042470 seconds
100.203: [GC100.203: [ParNew: 15767K->1441K(18432K), 0.0013250 secs] 37992K->25804K(59392K), 0.0013560 secs] [Times: user=0.01 sys=0.00, real=0.00 secs] 
100.204: Total time for which application threads were stopped: 0.0021940 seconds, Stopping threads took: 0.0007620 seconds
100.208: Application time: 0.0036180 seconds
100.208: [GC100.208: [ParNew: 17123K->1425K(18432K), 0.0012000 secs] 41486K->27990K(59392K), 0.0012330 secs] [Times: user=0.01 sys=0.00, real=0.00 secs] 
100.210: Total time for which application threads were stopped: 0.0021010 seconds, Stopping threads took: 0.0008090 seconds
100.213: Application time: 0.0037270 seconds
100.214: [GC100.214: [ParNew: 17106K->17106K(18432K), 0.0000110 secs]100.214: [Tenured: 26565K->25791K(40960K), 0.0069590 secs] 43672K->25791K(59392K), [Perm : 6080K->6080K(21248K)], 0.0070190 secs] [Times: user=0.00 sys=0.00, real=0.01 secs] 
100.221: Total time for which application threads were stopped: 0.0072190 seconds, Stopping threads took: 0.0001320 seconds
100.224: Application time: 0.0030670 seconds
100.224: [GC100.224: [ParNew: 15683K->1425K(18432K), 0.0019190 secs] 41475K->31491K(59392K), 0.0019650 secs] [Times: user=0.01 sys=0.01, real=0.00 secs] 
100.226: Total time for which application threads were stopped: 0.0023870 seconds, Stopping threads took: 0.0003580 seconds
100.230: Application time: 0.0038980 seconds
100.231: [GC100.231: [ParNew: 17109K->17109K(18432K), 0.0000100 secs]100.231: [Tenured: 30066K->24354K(40960K), 0.0095040 secs] 47175K->24354K(59392K), [Perm : 6080K->6080K(21248K)], 0.0095650 secs] [Times: user=0.01 sys=0.00, real=0.01 secs] 
100.240: Total time for which application threads were stopped: 0.0103090 seconds, Stopping threads took: 0.0006540 seconds
100.244: Application time: 0.0040420 seconds
100.245: [GC100.245: [ParNew: 15690K->1437K(18432K), 0.0014380 secs] 40045K->28642K(59392K), 0.0014730 secs] [Times: user=0.01 sys=0.00, real=0.00 secs] 
100.246: Total time for which application threads were stopped: 0.0016780 seconds, Stopping threads took: 0.0001450 seconds
100.250: Application time: 0.0040110 seconds
100.250: [GC100.250: [ParNew: 17132K->17132K(18432K), 0.0000090 secs]100.250: [Tenured: 27204K->25068K(40960K), 0.0079810 secs] 44337K->25068K(59392K), [Perm : 6080K->6080K(21248K)], 0.0080410 secs] [Times: user=0.01 sys=0.00, real=0.01 secs] 
100.258: Total time for which application threads were stopped: 0.0084370 seconds, Stopping threads took: 0.0002980 seconds
100.262: Application time: 0.0033160 seconds
100.263: [GC100.263: [ParNew: 15683K->1425K(18432K), 0.0008340 secs] 40751K->27206K(59392K), 0.0008640 secs] [Times: user=0.00 sys=0.00, real=0.00 secs] 
100.264: Total time for which application threads were stopped: 0.0019180 seconds, Stopping threads took: 0.0009770 seconds
100.267: Application time: 0.0034230 seconds
100.267: [GC100.267: [ParNew: 17110K->1425K(18432K), 0.0011820 secs] 42891K->29343K(59392K), 0.0012150 secs] [Times: user=0.01 sys=0.00, real=0.00 secs] 
100.269: Total time for which application threads were stopped: 0.0015330 seconds, Stopping threads took: 0.0002580 seconds
100.272: Application time: 0.0036820 seconds
100.273: [GC100.273: [ParNew: 17109K->1425K(18432K), 0.0014230 secs] 45028K->32194K(59392K), 0.0014550 secs] [Times: user=0.01 sys=0.00, real=0.01 secs] 
100.275: Total time for which application threads were stopped: 0.0023620 seconds, Stopping threads took: 0.0008460 seconds
100.278: Application time: 0.0035600 seconds
100.278: [GC100.278: [ParNew: 17109K->17109K(18432K), 0.0000100 secs]100.278: [Tenured: 30768K->25781K(40960K), 0.0092230 secs] 47878K->25781K(59392K), [Perm : 6080K->6080K(21248K)], 0.0092810 secs] [Times: user=0.01 sys=0.00, real=0.01 secs] 
100.288: Total time for which application threads were stopped: 0.0094520 seconds, Stopping threads took: 0.0001030 seconds
100.291: Application time: 0.0036160 seconds
100.292: [GC100.292: [ParNew: 15689K->1441K(18432K), 0.0007870 secs] 41470K->27934K(59392K), 0.0008180 secs] [Times: user=0.00 sys=0.00, real=0.00 secs] 
100.292: Total time for which application threads were stopped: 0.0010270 seconds, Stopping threads took: 0.0001540 seconds
100.296: Application time: 0.0038610 seconds
100.296: [GC100.296: [ParNew: 17132K->1441K(18432K), 0.0009450 secs] 43626K->29368K(59392K), 0.0009740 secs] [Times: user=0.01 sys=0.00, real=0.00 secs] 
100.297: Total time for which application threads were stopped: 0.0011140 seconds, Stopping threads took: 0.0000830 seconds
100.301: Application time: 0.0034130 seconds
100.301: [GC100.301: [ParNew: 17133K->1437K(18432K), 0.0013350 secs] 45060K->31533K(59392K), 0.0013680 secs] [Times: user=0.01 sys=0.00, real=0.01 secs] 
100.303: Total time for which application threads were stopped: 0.0020740 seconds, Stopping threads took: 0.0006430 seconds
100.306: Application time: 0.0034100 seconds
100.307: [GC100.307: [ParNew: 17120K->1425K(18432K), 0.0014380 secs] 47216K->34420K(59392K), 0.0014710 secs] [Times: user=0.01 sys=0.00, real=0.00 secs] 
100.309: Total time for which application threads were stopped: 0.0022240 seconds, Stopping threads took: 0.0006930 seconds
100.312: Application time: 0.0034280 seconds
100.312: [GC100.312: [ParNew: 17106K->17106K(18432K), 0.0000090 secs]100.312: [Tenured: 32994K->25068K(40960K), 0.0091830 secs] 50100K->25068K(59392K), [Perm : 6080K->6080K(21248K)], 0.0092390 secs] [Times: user=0.01 sys=0.00, real=0.01 secs] 
100.322: Total time for which application threads were stopped: 0.0096690 seconds, Stopping threads took: 0.0003620 seconds
100.326: Application time: 0.0040360 seconds
100.326: [GC100.326: [ParNew: 15690K->1437K(18432K), 0.0008570 secs] 40758K->27218K(59392K), 0.0008810 secs] [Times: user=0.00 sys=0.00, real=0.00 secs] 
100.327: Total time for which application threads were stopped: 0.0015070 seconds, Stopping threads took: 0.0005720 seconds
100.331: Application time: 0.0043120 seconds
100.332: [GC100.332: [ParNew: 17125K->1433K(18432K), 0.0017430 secs] 42906K->30816K(59392K), 0.0017800 secs] [Times: user=0.02 sys=0.00, real=0.00 secs] 
100.333: Total time for which application threads were stopped: 0.0020010 seconds, Stopping threads took: 0.0001580 seconds
100.338: Application time: 0.0042580 seconds
100.338: [GC100.338: [ParNew: 17114K->1425K(18432K), 0.0008540 secs] 46498K->31545K(59392K), 0.0008840 secs] [Times: user=0.00 sys=0.01, real=0.00 secs] 
100.339: Total time for which application threads were stopped: 0.0010500 seconds, Stopping threads took: 0.0000980 seconds
100.361: Application time: 0.0220620 seconds
100.361: [GC100.361: [ParNew: 17147K->1469K(18432K), 0.0012610 secs] 47267K->34439K(59392K), 0.0012930 secs] [Times: user=0.01 sys=0.00, real=0.01 secs] 
100.362: Total time for which application threads were stopped: 0.0014370 seconds, Stopping threads took: 0.0000860 seconds
100.372: Application time: 0.0092640 seconds
100.372: [GC100.372: [ParNew: 17146K->714K(18432K), 0.0008670 secs] 50116K->35197K(59392K), 0.0008980 secs] [Times: user=0.01 sys=0.00, real=0.00 secs] 
100.373: Total time for which application threads were stopped: 0.0010400 seconds, Stopping threads took: 0.0000830 seconds
100.380: Application time: 0.0069450 seconds
100.380: [GC100.380: [ParNew: 16398K->16398K(18432K), 0.0000100 secs]100.380: [Tenured: 34483K->25809K(40960K), 0.0100580 secs] 50881K->25809K(59392K), [Perm : 6080K->6080K(21248K)], 0.0101170 secs] [Times: user=0.01 sys=0.00, real=0.01 secs] 
100.390: Total time for which application threads were stopped: 0.0102910 seconds, Stopping threads took: 0.0001020 seconds
100.394: Application time: 0.0040380 seconds
100.394: [GC100.394: [ParNew: 15681K->1427K(18432K), 0.0017740 secs] 41491K->30799K(59392K), 0.0018110 secs] [Times: user=0.01 sys=0.00, real=0.01 secs] 
100.396: Total time for which application threads were stopped: 0.0019640 seconds, Stopping threads took: 0.0000890 seconds
100.402: Application time: 0.0063430 seconds
100.403: [GC100.403: [ParNew: 17114K->1431K(18432K), 0.0011850 secs] 46487K->32941K(59392K), 0.0012170 secs] [Times: user=0.01 sys=0.00, real=0.00 secs] 
100.404: Total time for which application threads were stopped: 0.0022760 seconds, Stopping threads took: 0.0009820 seconds
100.412: Application time: 0.0071250 seconds
100.412: [GC100.412: [ParNew: 17109K->1427K(18432K), 0.0009910 secs] 48619K->33689K(59392K), 0.0010250 secs] [Times: user=0.00 sys=0.00, real=0.00 secs] 
100.413: Total time for which application threads were stopped: 0.0012190 seconds, Stopping threads took: 0.0001140 seconds
100.419: Application time: 0.0058800 seconds
100.419: [GC100.419: [ParNew: 17109K->1425K(18432K), 0.0014770 secs] 49371K->36538K(59392K), 0.0015090 secs] [Times: user=0.01 sys=0.00, real=0.00 secs] 
100.420: Total time for which application threads were stopped: 0.0017630 seconds, Stopping threads took: 0.0001930 seconds
100.425: Application time: 0.0045630 seconds
100.425: [GC100.425: [ParNew: 17114K->17114K(18432K), 0.0000100 secs]100.425: [Tenured: 35112K->25068K(40960K), 0.0106030 secs] 52226K->25068K(59392K), [Perm : 6080K->6080K(21248K)], 0.0106640 secs] [Times: user=0.01 sys=0.00, real=0.01 secs] 
100.436: Total time for which application threads were stopped: 0.0108610 seconds, Stopping threads took: 0.0001260 seconds
100.439: Application time: 0.0034430 seconds
100.439: [GC100.440: [ParNew: 15682K->1427K(18432K), 0.0017190 secs] 40750K->30057K(59392K), 0.0017540 secs] [Times: user=0.02 sys=0.00, real=0.00 secs] 
100.441: Total time for which application threads were stopped: 0.0019460 seconds, Stopping threads took: 0.0001300 seconds
100.487: Application time: 0.0459670 seconds
100.487: [GC100.487: [ParNew: 17117K->1435K(18432K), 0.0019010 secs] 45748K->35053K(59392K), 0.0019350 secs] [Times: user=0.02 sys=0.00, real=0.00 secs] 
100.489: Total time for which application threads were stopped: 0.0020630 seconds, Stopping threads took: 0.0000680 seconds
100.527: Application time: 0.0377930 seconds
100.527: [GC100.527: [ParNew (promotion failed): 17124K->17114K(18432K), 0.0026290 secs]100.530: [Tenured: 40775K->26492K(40960K), 0.0094600 secs] 50743K->26492K(59392K), [Perm : 6080K->6080K(21248K)], 0.0121520 secs] [Times: user=0.03 sys=0.00, real=0.01 secs] 
100.539: Total time for which application threads were stopped: 0.0122850 seconds, Stopping threads took: 0.0000660 seconds
100.591: Application time: 0.0516640 seconds
100.592: [GC100.592: [ParNew: 15721K->1463K(18432K), 0.0024500 secs] 42213K->34368K(59392K), 0.0025120 secs] [Times: user=0.02 sys=0.00, real=0.01 secs] 
100.594: Total time for which application threads were stopped: 0.0030100 seconds, Stopping threads took: 0.0004300 seconds
100.601: Application time: 0.0073140 seconds
100.602: [GC100.602: [ParNew: 17142K->17142K(18432K), 0.0000100 secs]100.602: [Tenured: 32905K->26521K(40960K), 0.0096570 secs] 50047K->26521K(59392K), [Perm : 6080K->6080K(21248K)], 0.0097150 secs] [Times: user=0.01 sys=0.00, real=0.01 secs] 
100.611: Total time for which application threads were stopped: 0.0098930 seconds, Stopping threads took: 0.0001080 seconds
100.617: Application time: 0.0057050 seconds
100.617: [GC100.617: [ParNew: 15687K->1437K(18432K), 0.0020730 secs] 42209K->32946K(59392K), 0.0021100 secs] [Times: user=0.02 sys=0.00, real=0.00 secs] 
100.619: Total time for which application threads were stopped: 0.0022530 seconds, Stopping threads took: 0.0000800 seconds
100.623: Application time: 0.0039050 seconds
100.623: [GC100.623: [ParNew: 17116K->1425K(18432K), 0.0011990 secs] 48626K->35112K(59392K), 0.0012290 secs] [Times: user=0.01 sys=0.00, real=0.00 secs] 
100.625: Total time for which application threads were stopped: 0.0014360 seconds, Stopping threads took: 0.0001510 seconds
100.631: Application time: 0.0061930 seconds
100.631: [GC100.631: [ParNew: 17114K->17114K(18432K), 0.0000110 secs]100.631: [Tenured: 33687K->26522K(40960K), 0.0092320 secs] 50801K->26522K(59392K), [Perm : 6080K->6080K(21248K)], 0.0092920 secs] [Times: user=0.01 sys=0.00, real=0.01 secs] 
100.640: Total time for which application threads were stopped: 0.0094440 seconds, Stopping threads took: 0.0000830 seconds
100.648: Application time: 0.0073230 seconds
100.648: [GC100.648: [ParNew: 15679K->712K(18432K), 0.0004360 secs] 42201K->27234K(59392K), 0.0004650 secs] [Times: user=0.00 sys=0.00, real=0.00 secs] 
100.648: Total time for which application threads were stopped: 0.0006340 seconds, Stopping threads took: 0.0001150 seconds
100.654: Application time: 0.0062950 seconds
100.655: [GC100.655: [ParNew: 16399K->1437K(18432K), 0.0005560 secs] 42921K->27959K(59392K), 0.0005820 secs] [Times: user=0.00 sys=0.00, real=0.00 secs] 
100.655: Total time for which application threads were stopped: 0.0007230 seconds, Stopping threads took: 0.0000860 seconds
100.659: Application time: 0.0038720 seconds
100.659: [GC100.659: [ParNew: 17117K->712K(18432K), 0.0006840 secs] 43639K->27987K(59392K), 0.0007090 secs] [Times: user=0.01 sys=0.00, real=0.00 secs] 
100.660: Total time for which application threads were stopped: 0.0008660 seconds, Stopping threads took: 0.0001020 seconds
100.665: Application time: 0.0047860 seconds
100.665: [GC100.665: [ParNew: 16390K->0K(18432K), 0.0003020 secs] 43665K->27274K(59392K), 0.0003260 secs] [Times: user=0.00 sys=0.00, real=0.00 secs] 
100.665: Total time for which application threads were stopped: 0.0004790 seconds, Stopping threads took: 0.0001000 seconds
100.695: Application time: 0.0298620 seconds
100.695: [GC100.695: [ParNew: 15727K->1465K(18432K), 0.0021110 secs] 43002K->33727K(59392K), 0.0021480 secs] [Times: user=0.02 sys=0.00, real=0.00 secs] 
100.697: Total time for which application threads were stopped: 0.0023990 seconds, Stopping threads took: 0.0001860 seconds
100.706: Application time: 0.0081160 seconds
100.706: [GC100.706: [ParNew: 17757K->759K(18432K), 0.0006650 secs] 50019K->33814K(59392K), 0.0006900 secs] [Times: user=0.00 sys=0.00, real=0.00 secs] 
100.706: Total time for which application threads were stopped: 0.0008380 seconds, Stopping threads took: 0.0000950 seconds
100.711: Application time: 0.0043210 seconds
100.711: [GC100.711: [ParNew: 16574K->1463K(18432K), 0.0019860 secs] 49629K->39505K(59392K), 0.0020180 secs] [Times: user=0.01 sys=0.00, real=0.00 secs] 
100.713: Total time for which application threads were stopped: 0.0022650 seconds, Stopping threads took: 0.0001840 seconds
100.717: Application time: 0.0035150 seconds
100.717: [GC100.717: [ParNew: 17150K->17150K(18432K), 0.0000100 secs]100.717: [Tenured: 38042K->22929K(40960K), 0.0102000 secs] 55193K->22929K(59392K), [Perm : 6080K->6080K(21248K)], 0.0102630 secs] [Times: user=0.01 sys=0.00, real=0.01 secs] 
100.727: Total time for which application threads were stopped: 0.0105710 seconds, Stopping threads took: 0.0002400 seconds
100.732: Application time: 0.0047310 seconds
100.732: [GC100.732: [ParNew: 15683K->1441K(18432K), 0.0005700 secs] 38613K->24371K(59392K), 0.0006030 secs] [Times: user=0.00 sys=0.00, real=0.00 secs] 
100.733: Total time for which application threads were stopped: 0.0007700 seconds, Stopping threads took: 0.0001070 seconds
100.737: Application time: 0.0046080 seconds
100.738: [GC100.738: [ParNew: 17126K->1435K(18432K), 0.0016300 secs] 40056K->27215K(59392K), 0.0016710 secs] [Times: user=0.01 sys=0.00, real=0.00 secs] 
100.739: Total time for which application threads were stopped: 0.0020670 seconds, Stopping threads took: 0.0003330 seconds
100.744: Application time: 0.0050340 seconds
100.745: [GC100.745: [ParNew: 17115K->1425K(18432K), 0.0010430 secs] 42895K->28670K(59392K), 0.0010730 secs] [Times: user=0.01 sys=0.00, real=0.00 secs] 
100.746: Total time for which application threads were stopped: 0.0013070 seconds, Stopping threads took: 0.0001720 seconds
100.750: Application time: 0.0042610 seconds
100.751: [GC100.751: [ParNew: 17111K->1435K(18432K), 0.0008220 secs] 44357K->29392K(59392K), 0.0008540 secs] [Times: user=0.01 sys=0.00, real=0.00 secs] 
100.752: Total time for which application threads were stopped: 0.0017550 seconds, Stopping threads took: 0.0008400 seconds
100.756: Application time: 0.0047320 seconds
100.757: [GC100.757: [ParNew: 17118K->1439K(18432K), 0.0008580 secs] 45076K->30149K(59392K), 0.0008880 secs] [Times: user=0.00 sys=0.00, real=0.00 secs] 
100.757: Total time for which application threads were stopped: 0.0010540 seconds, Stopping threads took: 0.0001000 seconds
100.761: Application time: 0.0036900 seconds
100.761: [GC100.761: [ParNew: 17126K->1433K(18432K), 0.0016180 secs] 45836K->33722K(59392K), 0.0016540 secs] [Times: user=0.01 sys=0.00, real=0.01 secs] 
100.763: Total time for which application threads were stopped: 0.0017870 seconds, Stopping threads took: 0.0000680 seconds
100.766: Application time: 0.0034190 seconds
100.767: [GC100.767: [ParNew: 17114K->1427K(18432K), 0.0009700 secs] 49402K->35181K(59392K), 0.0009960 secs] [Times: user=0.01 sys=0.00, real=0.00 secs] 
100.768: Total time for which application threads were stopped: 0.0011750 seconds, Stopping threads took: 0.0001220 seconds
100.772: Application time: 0.0041690 seconds
100.772: [GC100.772: [ParNew: 17113K->1433K(18432K), 0.0007930 secs] 50868K->35899K(59392K), 0.0008200 secs] [Times: user=0.01 sys=0.00, real=0.00 secs] 
100.773: Total time for which application threads were stopped: 0.0009840 seconds, Stopping threads took: 0.0001110 seconds
100.778: Application time: 0.0047990 seconds
100.778: [GC100.778: [ParNew: 17121K->1435K(18432K), 0.0006950 secs] 51588K->36654K(59392K), 0.0007230 secs] [Times: user=0.00 sys=0.00, real=0.00 secs] 
100.778: Total time for which application threads were stopped: 0.0008420 seconds, Stopping threads took: 0.0000660 seconds
100.785: Application time: 0.0067370 seconds
100.785: [GC100.785: [ParNew: 17114K->17114K(18432K), 0.0000100 secs]100.785: [Tenured: 35219K->22930K(40960K), 0.0093420 secs] 52333K->22930K(59392K), [Perm : 6080K->6080K(21248K)], 0.0093970 secs] [Times: user=0.00 sys=0.00, real=0.01 secs] 
100.795: Total time for which application threads were stopped: 0.0095640 seconds, Stopping threads took: 0.0001010 seconds
100.800: Application time: 0.0050650 seconds
100.800: [GC100.800: [ParNew: 15688K->1433K(18432K), 0.0012710 secs] 38618K->26501K(59392K), 0.0012990 secs] [Times: user=0.00 sys=0.00, real=0.00 secs] 
100.801: Total time for which application threads were stopped: 0.0014640 seconds, Stopping threads took: 0.0001090 seconds
100.805: Application time: 0.0036370 seconds
100.805: [GC100.805: [ParNew: 17113K->712K(18432K), 0.0006350 secs] 42181K->26532K(59392K), 0.0006630 secs] [Times: user=0.01 sys=0.00, real=0.00 secs] 
100.806: Total time for which application threads were stopped: 0.0008370 seconds, Stopping threads took: 0.0001120 seconds
100.809: Application time: 0.0036790 seconds
100.809: [GC100.809: [ParNew: 16392K->1427K(18432K), 0.0010830 secs] 42213K->28672K(59392K), 0.0011110 secs] [Times: user=0.01 sys=0.00, real=0.00 secs] 
100.811: Total time for which application threads were stopped: 0.0012650 seconds, Stopping threads took: 0.0001010 seconds
100.881: Application time: 0.0707270 seconds
100.881: [GC100.881: [ParNew: 17127K->1437K(18432K), 0.0043140 secs] 44372K->42220K(59392K), 0.0043570 secs] [Times: user=0.04 sys=0.00, real=0.01 secs] 
100.886: Total time for which application threads were stopped: 0.0045080 seconds, Stopping threads took: 0.0000860 seconds
100.957: Application time: 0.0713110 seconds
100.957: [GC100.957: [ParNew: 17126K->17126K(18432K), 0.0000110 secs]100.957: [Tenured: 40783K->25067K(40960K), 0.0092140 secs] 57909K->25067K(59392K), [Perm : 6080K->6080K(21248K)], 0.0092850 secs] [Times: user=0.01 sys=0.00, real=0.01 secs] 
100.967: Total time for which application threads were stopped: 0.0094080 seconds, Stopping threads took: 0.0000570 seconds
101.029: Application time: 0.0619940 seconds
101.029: [GC101.029: [ParNew: 15691K->1425K(18432K), 0.0046040 secs] 40759K->40742K(59392K), 0.0046440 secs] [Times: user=0.03 sys=0.00, real=0.00 secs] 
101.033: Total time for which application threads were stopped: 0.0047620 seconds, Stopping threads took: 0.0000530 seconds
101.107: Application time: 0.0740240 seconds
101.107: [GC101.107: [ParNew: 17122K->17122K(18432K), 0.0000100 secs]101.108: [Tenured: 39317K->25068K(40960K), 0.0098310 secs] 56440K->25068K(59392K), [Perm : 6081K->6081K(21248K)], 0.0098920 secs] [Times: user=0.01 sys=0.00, real=0.01 secs] 
101.117: Total time for which application threads were stopped: 0.0100340 seconds, Stopping threads took: 0.0000730 seconds
101.172: Application time: 0.0542420 seconds
101.172: [GC101.172: [ParNew: 15691K->1425K(18432K), 0.0045590 secs] 40759K->40743K(59392K), 0.0046020 secs] [Times: user=0.03 sys=0.00, real=0.01 secs] 
101.176: Total time for which application threads were stopped: 0.0047310 seconds, Stopping threads took: 0.0000620 seconds
101.248: Application time: 0.0711540 seconds
101.248: [GC101.248: [ParNew: 17114K->17114K(18432K), 0.0000110 secs]101.248: [Tenured: 39318K->25067K(40960K), 0.0103380 secs] 56433K->25067K(59392K), [Perm : 6081K->6081K(21248K)], 0.0104090 secs] [Times: user=0.01 sys=0.00, real=0.01 secs] 
101.258: Total time for which application threads were stopped: 0.0105500 seconds, Stopping threads took: 0.0000710 seconds
101.329: Application time: 0.0706400 seconds
101.329: [GC101.329: [ParNew: 15691K->1427K(18432K), 0.0043680 secs] 40759K->40032K(59392K), 0.0044110 secs] [Times: user=0.03 sys=0.00, real=0.00 secs] 
101.333: Total time for which application threads were stopped: 0.0045500 seconds, Stopping threads took: 0.0000620 seconds
101.405: Application time: 0.0713400 seconds
101.405: [GC101.405: [ParNew: 17122K->17122K(18432K), 0.0000110 secs]101.405: [Tenured: 38605K->24355K(40960K), 0.0088920 secs] 55728K->24355K(59392K), [Perm : 6081K->6081K(21248K)], 0.0089520 secs] [Times: user=0.01 sys=0.00, real=0.00 secs] 
101.414: Total time for which application threads were stopped: 0.0090830 seconds, Stopping threads took: 0.0000590 seconds
101.484: Application time: 0.0704470 seconds
101.484: [GC101.484: [ParNew: 15710K->1439K(18432K), 0.0046020 secs] 40066K->40045K(59392K), 0.0046470 secs] [Times: user=0.04 sys=0.00, real=0.00 secs] 
101.489: Total time for which application threads were stopped: 0.0047960 seconds, Stopping threads took: 0.0000800 seconds
101.563: Application time: 0.0740910 seconds
101.563: [GC101.563: [ParNew: 17130K->17130K(18432K), 0.0000100 secs]101.563: [Tenured: 38606K->27208K(40960K), 0.0103720 secs] 55737K->27208K(59392K), [Perm : 6081K->6081K(21248K)], 0.0104360 secs] [Times: user=0.01 sys=0.00, real=0.00 secs] 
101.574: Total time for which application threads were stopped: 0.0105640 seconds, Stopping threads took: 0.0000570 seconds
101.626: Application time: 0.0523950 seconds
101.626: [GC101.626: [ParNew: 15691K->15691K(18432K), 0.0000100 secs]101.626: [Tenured: 27208K->27920K(40960K), 0.0091760 secs] 42900K->27920K(59392K), [Perm : 6081K->6081K(21248K)], 0.0092420 secs] [Times: user=0.01 sys=0.00, real=0.01 secs] 
101.635: Total time for which application threads were stopped: 0.0093780 seconds, Stopping threads took: 0.0000660 seconds
101.708: Application time: 0.0729240 seconds
101.708: [GC101.709: [ParNew: 15697K->15697K(18432K), 0.0000090 secs]101.709: [Tenured: 27920K->27917K(40960K), 0.0105110 secs] 43618K->27917K(59392K), [Perm : 6081K->6081K(21248K)], 0.0105690 secs] [Times: user=0.01 sys=0.00, real=0.01 secs] 
101.719: Total time for which application threads were stopped: 0.0107910 seconds, Stopping threads took: 0.0001440 seconds
101.793: Application time: 0.0737160 seconds
101.793: [GC101.793: [ParNew: 15697K->15697K(18432K), 0.0000100 secs]101.793: [Tenured: 27917K->27918K(40960K), 0.0100180 secs] 43615K->27918K(59392K), [Perm : 6081K->6081K(21248K)], 0.0100770 secs] [Times: user=0.01 sys=0.00, real=0.02 secs] 
101.803: Total time for which application threads were stopped: 0.0103300 seconds, Stopping threads took: 0.0001860 seconds
101.877: Application time: 0.0741770 seconds
101.877: [GC101.877: [ParNew: 15695K->15695K(18432K), 0.0000100 secs]101.877: [Tenured: 27918K->28631K(40960K), 0.0090920 secs] 43614K->28631K(59392K), [Perm : 6081K->6081K(21248K)], 0.0091510 secs] [Times: user=0.01 sys=0.00, real=0.01 secs] 
101.887: Total time for which application threads were stopped: 0.0092910 seconds, Stopping threads took: 0.0000600 seconds
101.955: Application time: 0.0688570 seconds
101.956: [GC101.956: [ParNew: 15691K->15691K(18432K), 0.0000110 secs]101.956: [Tenured: 28631K->30056K(40960K), 0.0098960 secs] 44323K->30056K(59392K), [Perm : 6081K->6081K(21248K)], 0.0099570 secs] [Times: user=0.01 sys=0.00, real=0.01 secs] 
101.966: Total time for which application threads were stopped: 0.0101220 seconds, Stopping threads took: 0.0000820 seconds
102.044: Application time: 0.0781640 seconds
102.044: [GC102.044: [ParNew: 15691K->15691K(18432K), 0.0000110 secs]102.044: [Tenured: 30056K->29342K(40960K), 0.0109410 secs] 45748K->29342K(59392K), [Perm : 6081K->6081K(21248K)], 0.0109980 secs] [Times: user=0.01 sys=0.00, real=0.01 secs] 
102.055: Total time for which application threads were stopped: 0.0111240 seconds, Stopping threads took: 0.0000580 seconds
102.131: Application time: 0.0762400 seconds
102.131: [GC102.131: [ParNew: 15698K->15698K(18432K), 0.0000090 secs]102.131: [Tenured: 29342K->29343K(40960K), 0.0091290 secs] 45041K->29343K(59392K), [Perm : 6081K->6081K(21248K)], 0.0091880 secs] [Times: user=0.01 sys=0.00, real=0.01 secs] 
102.140: Total time for which application threads were stopped: 0.0093170 seconds, Stopping threads took: 0.0000600 seconds
102.196: Application time: 0.0553500 seconds
102.196: [GC102.196: [ParNew: 15691K->15691K(18432K), 0.0000110 secs]102.196: [Tenured: 29343K->30056K(40960K), 0.0098360 secs] 45035K->30056K(59392K), [Perm : 6081K->6081K(21248K)], 0.0098960 secs] [Times: user=0.01 sys=0.00, real=0.01 secs] 
102.206: Total time for which application threads were stopped: 0.0100350 seconds, Stopping threads took: 0.0000680 seconds
102.248: Application time: 0.0424880 seconds
102.248: [GC102.248: [ParNew: 15691K->15691K(18432K), 0.0000100 secs]102.248: [Tenured: 30056K->30056K(40960K), 0.0098730 secs] 45747K->30056K(59392K), [Perm : 6081K->6081K(21248K)], 0.0099340 secs] [Times: user=0.01 sys=0.00, real=0.01 secs] 
102.258: Total time for which application threads were stopped: 0.0100690 seconds, Stopping threads took: 0.0000650 seconds
102.333: Application time: 0.0742720 seconds
102.333: [GC102.333: [ParNew: 15689K->15689K(18432K), 0.0000100 secs]102.333: [Tenured: 30056K->28630K(40960K), 0.0119310 secs] 45745K->28630K(59392K), [Perm : 6081K->6081K(21248K)], 0.0119890 secs] [Times: user=0.01 sys=0.00, real=0.02 secs] 
102.345: Total time for which application threads were stopped: 0.0121270 seconds, Stopping threads took: 0.0000680 seconds
102.419: Application time: 0.0740960 seconds
102.419: [GC102.419: [ParNew: 15689K->15689K(18432K), 0.0000110 secs]102.419: [Tenured: 28630K->28630K(40960K), 0.0098820 secs] 44319K->28630K(59392K), [Perm : 6081K->6081K(21248K)], 0.0099510 secs] [Times: user=0.01 sys=0.00, real=0.01 secs] 
102.429: Total time for which application threads were stopped: 0.0101080 seconds, Stopping threads took: 0.0000750 seconds
102.481: Application time: 0.0521720 seconds
102.481: [GC102.481: [ParNew: 15698K->15698K(18432K), 0.0000100 secs]102.481: [Tenured: 28630K->29343K(40960K), 0.0099780 secs] 44328K->29343K(59392K), [Perm : 6081K->6081K(21248K)], 0.0100350 secs] [Times: user=0.01 sys=0.00, real=0.01 secs] 
102.491: Total time for which application threads were stopped: 0.0101700 seconds, Stopping threads took: 0.0000650 seconds
102.549: Application time: 0.0574810 seconds
102.549: [GC102.549: [ParNew: 15713K->15713K(18432K), 0.0000100 secs]102.549: [Tenured: 29343K->24355K(40960K), 0.0109130 secs] 45057K->24355K(59392K), [Perm : 6081K->6081K(21248K)], 0.0109710 secs] [Times: user=0.01 sys=0.00, real=0.01 secs] 
102.560: Total time for which application threads were stopped: 0.0111210 seconds, Stopping threads took: 0.0000830 seconds
102.626: Application time: 0.0655770 seconds
102.626: [GC102.626: [ParNew: 15687K->1425K(18432K), 0.0039000 secs] 40043K->37180K(59392K), 0.0039380 secs] [Times: user=0.03 sys=0.00, real=0.00 secs] 
102.630: Total time for which application threads were stopped: 0.0040970 seconds, Stopping threads took: 0.0000950 seconds
102.681: Application time: 0.0510760 seconds
102.681: [GC102.681: [ParNew: 17121K->17121K(18432K), 0.0000110 secs]102.681: [Tenured: 35755K->24355K(40960K), 0.0119510 secs] 52877K->24355K(59392K), [Perm : 6081K->6081K(21248K)], 0.0120140 secs] [Times: user=0.02 sys=0.00, real=0.01 secs] 
102.693: Total time for which application threads were stopped: 0.0122750 seconds, Stopping threads took: 0.0001890 seconds
102.742: Application time: 0.0487560 seconds
102.742: [GC102.742: [ParNew: 15689K->1425K(18432K), 0.0037050 secs] 40045K->37180K(59392K), 0.0037470 secs] [Times: user=0.03 sys=0.00, real=0.01 secs] 
102.746: Total time for which application threads were stopped: 0.0038990 seconds, Stopping threads took: 0.0000880 seconds
102.804: Application time: 0.0584170 seconds
102.804: [GC102.804: [ParNew: 17121K->17121K(18432K), 0.0000100 secs]102.804: [Tenured: 35755K->25069K(40960K), 0.0095660 secs] 52877K->25069K(59392K), [Perm : 6081K->6081K(21248K)], 0.0096220 secs] [Times: user=0.01 sys=0.00, real=0.00 secs] 
102.814: Total time for which application threads were stopped: 0.0097610 seconds, Stopping threads took: 0.0000720 seconds
102.865: Application time: 0.0508200 seconds
102.865: [GC102.865: [ParNew: 15696K->1435K(18432K), 0.0033790 secs] 40766K->36479K(59392K), 0.0034180 secs] [Times: user=0.02 sys=0.00, real=0.00 secs] 
102.868: Total time for which application threads were stopped: 0.0035510 seconds, Stopping threads took: 0.0000710 seconds
102.925: Application time: 0.0567610 seconds
102.925: [GC102.925: [ParNew: 17123K->17123K(18432K), 0.0000100 secs]102.925: [Tenured: 35044K->23643K(40960K), 0.0102550 secs] 52168K->23643K(59392K), [Perm : 6081K->6081K(21248K)], 0.0103120 secs] [Times: user=0.01 sys=0.00, real=0.01 secs] 
102.935: Total time for which application threads were stopped: 0.0104550 seconds, Stopping threads took: 0.0000660 seconds
102.977: Application time: 0.0417410 seconds
102.977: [GC102.977: [ParNew: 15688K->1425K(18432K), 0.0033740 secs] 39331K->35044K(59392K), 0.0034050 secs] [Times: user=0.03 sys=0.00, real=0.00 secs] 
102.981: Total time for which application threads were stopped: 0.0035720 seconds, Stopping threads took: 0.0001050 seconds
103.045: Application time: 0.0644280 seconds
103.045: [GC103.045: [ParNew: 17113K->17113K(18432K), 0.0000100 secs]103.045: [Tenured: 33619K->23643K(40960K), 0.0107790 secs] 50732K->23643K(59392K), [Perm : 6081K->6081K(21248K)], 0.0108400 secs] [Times: user=0.01 sys=0.00, real=0.01 secs] 
103.056: Total time for which application threads were stopped: 0.0110100 seconds, Stopping threads took: 0.0000900 seconds
103.099: Application time: 0.0423870 seconds
103.099: [GC103.099: [ParNew: 15694K->1431K(18432K), 0.0033280 secs] 39338K->35050K(59392K), 0.0033660 secs] [Times: user=0.03 sys=0.00, real=0.01 secs] 
103.102: Total time for which application threads were stopped: 0.0035860 seconds, Stopping threads took: 0.0001590 seconds
103.160: Application time: 0.0580800 seconds
103.160: [GC103.161: [ParNew: 17119K->17119K(18432K), 0.0000100 secs]103.161: [Tenured: 33619K->23643K(40960K), 0.0107870 secs] 50739K->23643K(59392K), [Perm : 6081K->6081K(21248K)], 0.0108460 secs] [Times: user=0.01 sys=0.00, real=0.01 secs] 
103.171: Total time for which application threads were stopped: 0.0111320 seconds, Stopping threads took: 0.0002070 seconds
103.219: Application time: 0.0481040 seconds
103.220: [GC103.220: [ParNew: 15688K->1425K(18432K), 0.0034460 secs] 39332K->35045K(59392K), 0.0034840 secs] [Times: user=0.03 sys=0.00, real=0.01 secs] 
103.223: Total time for which application threads were stopped: 0.0036080 seconds, Stopping threads took: 0.0000590 seconds
103.272: Application time: 0.0488740 seconds
103.272: [GC103.272: [ParNew: 17113K->17113K(18432K), 0.0000110 secs]103.272: [Tenured: 33620K->25781K(40960K), 0.0105510 secs] 50733K->25781K(59392K), [Perm : 6081K->6081K(21248K)], 0.0106070 secs] [Times: user=0.01 sys=0.00, real=0.02 secs] 
103.283: Total time for which application threads were stopped: 0.0108000 seconds, Stopping threads took: 0.0001080 seconds
103.336: Application time: 0.0528600 seconds
103.336: [GC103.336: [ParNew: 15688K->15688K(18432K), 0.0000100 secs]103.336: [Tenured: 25781K->24356K(40960K), 0.0103130 secs] 41470K->24356K(59392K), [Perm : 6081K->6081K(21248K)], 0.0103670 secs] [Times: user=0.01 sys=0.00, real=0.01 secs] 
103.346: Total time for which application threads were stopped: 0.0106800 seconds, Stopping threads took: 0.0002260 seconds
103.403: Application time: 0.0563830 seconds
103.403: [GC103.403: [ParNew: 15689K->1425K(18432K), 0.0036130 secs] 40045K->36470K(59392K), 0.0036510 secs] [Times: user=0.03 sys=0.00, real=0.00 secs] 
103.407: Total time for which application threads were stopped: 0.0038270 seconds, Stopping threads took: 0.0001050 seconds
103.446: Application time: 0.0396690 seconds
103.446: [GC103.446: [ParNew: 17120K->17120K(18432K), 0.0000100 secs]103.446: [Tenured: 35045K->25782K(40960K), 0.0098720 secs] 52166K->25782K(59392K), [Perm : 6081K->6081K(21248K)], 0.0099300 secs] [Times: user=0.01 sys=0.00, real=0.01 secs] 
103.456: Total time for which application threads were stopped: 0.0101310 seconds, Stopping threads took: 0.0001230 seconds
103.510: Application time: 0.0534380 seconds
103.510: [GC103.510: [ParNew: 15691K->15691K(18432K), 0.0000110 secs]103.510: [Tenured: 25782K->23644K(40960K), 0.0106290 secs] 41474K->23644K(59392K), [Perm : 6081K->6081K(21248K)], 0.0106870 secs] [Times: user=0.01 sys=0.00, real=0.01 secs] 
103.521: Total time for which application threads were stopped: 0.0109310 seconds, Stopping threads took: 0.0001750 seconds
103.576: Application time: 0.0556870 seconds
103.577: [GC103.577: [ParNew: 15702K->1435K(18432K), 0.0036130 secs] 39346K->35768K(59392K), 0.0036480 secs] [Times: user=0.02 sys=0.00, real=0.00 secs] 
103.580: Total time for which application threads were stopped: 0.0037860 seconds, Stopping threads took: 0.0000760 seconds
103.641: Application time: 0.0612820 seconds
103.642: [GC103.642: [ParNew: 17130K->17130K(18432K), 0.0000100 secs]103.642: [Tenured: 34333K->25784K(40960K), 0.0107530 secs] 51464K->25784K(59392K), [Perm : 6081K->6081K(21248K)], 0.0108120 secs] [Times: user=0.01 sys=0.00, real=0.01 secs] 
103.652: Total time for which application threads were stopped: 0.0110070 seconds, Stopping threads took: 0.0001060 seconds
103.695: Application time: 0.0421680 seconds
103.695: [GC103.695: [ParNew: 15695K->15695K(18432K), 0.0000110 secs]103.695: [Tenured: 25784K->27210K(40960K), 0.0111860 secs] 41480K->27210K(59392K), [Perm : 6081K->6081K(21248K)], 0.0112550 secs] [Times: user=0.01 sys=0.00, real=0.01 secs] 
103.706: Total time for which application threads were stopped: 0.0115560 seconds, Stopping threads took: 0.0002120 seconds
103.766: Application time: 0.0600260 seconds
103.766: [GC103.766: [ParNew: 15689K->15689K(18432K), 0.0000100 secs]103.766: [Tenured: 27210K->27923K(40960K), 0.0100750 secs] 42899K->27923K(59392K), [Perm : 6081K->6081K(21248K)], 0.0101350 secs] [Times: user=0.01 sys=0.00, real=0.01 secs] 
103.777: Total time for which application threads were stopped: 0.0102810 seconds, Stopping threads took: 0.0000760 seconds
103.823: Application time: 0.0469310 seconds
103.824: [GC103.824: [ParNew: 15695K->15695K(18432K), 0.0000100 secs]103.824: [Tenured: 27923K->27920K(40960K), 0.0113230 secs] 43618K->27920K(59392K), [Perm : 6081K->6081K(21248K)], 0.0113790 secs] [Times: user=0.01 sys=0.00, real=0.01 secs] 
103.835: Total time for which application threads were stopped: 0.0115090 seconds, Stopping threads took: 0.0000610 seconds
103.884: Application time: 0.0487690 seconds
103.884: [GC103.884: [ParNew: 15695K->15695K(18432K), 0.0000110 secs]103.884: [Tenured: 27920K->27920K(40960K), 0.0108060 secs] 43615K->27920K(59392K), [Perm : 6081K->6081K(21248K)], 0.0108650 secs] [Times: user=0.01 sys=0.00, real=0.01 secs] 
103.895: Total time for which application threads were stopped: 0.0110470 seconds, Stopping threads took: 0.0000910 seconds
103.948: Application time: 0.0534340 seconds
103.948: [GC103.948: [ParNew: 15689K->15689K(18432K), 0.0000100 secs]103.948: [Tenured: 27920K->29345K(40960K), 0.0101710 secs] 43609K->29345K(59392K), [Perm : 6081K->6081K(21248K)], 0.0102290 secs] [Times: user=0.01 sys=0.00, real=0.01 secs] 
103.959: Total time for which application threads were stopped: 0.0103760 seconds, Stopping threads took: 0.0000620 seconds
104.017: Application time: 0.0589090 seconds
104.018: [GC104.018: [ParNew: 15688K->15688K(18432K), 0.0000100 secs]104.018: [Tenured: 29345K->29345K(40960K), 0.0107780 secs] 45034K->29345K(59392K), [Perm : 6081K->6081K(21248K)], 0.0108360 secs] [Times: user=0.01 sys=0.00, real=0.01 secs] 
104.028: Total time for which application threads were stopped: 0.0109950 seconds, Stopping threads took: 0.0000880 seconds
104.080: Application time: 0.0512710 seconds
104.080: [GC104.080: [ParNew: 15688K->15688K(18432K), 0.0000110 secs]104.080: [Tenured: 29345K->29344K(40960K), 0.0108690 secs] 45034K->29344K(59392K), [Perm : 6081K->6081K(21248K)], 0.0109250 secs] [Times: user=0.01 sys=0.00, real=0.01 secs] 
104.091: Total time for which application threads were stopped: 0.0110640 seconds, Stopping threads took: 0.0000700 seconds
104.140: Application time: 0.0491380 seconds
104.140: [GC104.140: [ParNew: 15721K->15721K(18432K), 0.0000110 secs]104.140: [Tenured: 29344K->29374K(40960K), 0.0097940 secs] 45066K->29374K(59392K), [Perm : 6081K->6081K(21248K)], 0.0098520 secs] [Times: user=0.01 sys=0.00, real=0.01 secs] 
104.150: Total time for which application threads were stopped: 0.0100150 seconds, Stopping threads took: 0.0000820 seconds
104.157: Application time: 0.0066900 seconds
104.157: [GC104.157: [ParNew: 15681K->15681K(18432K), 0.0000100 secs]104.157: [Tenured: 29374K->29373K(40960K), 0.0101500 secs] 45055K->29373K(59392K), [Perm : 6081K->6081K(21248K)], 0.0102110 secs] [Times: user=0.01 sys=0.00, real=0.01 secs] 
104.167: Total time for which application threads were stopped: 0.0104150 seconds, Stopping threads took: 0.0001310 seconds
104.176: Application time: 0.0087810 seconds
104.176: [GC104.176: [ParNew: 15685K->15685K(18432K), 0.0000110 secs]104.176: [Tenured: 29373K->30087K(40960K), 0.0070840 secs] 45059K->30087K(59392K), [Perm : 6081K->6081K(21248K)], 0.0071390 secs] [Times: user=0.01 sys=0.00, real=0.01 secs] 
104.183: Total time for which application threads were stopped: 0.0073130 seconds, Stopping threads took: 0.0001050 seconds
104.187: Application time: 0.0038980 seconds
104.187: [GC104.187: [ParNew: 15677K->15677K(18432K), 0.0000110 secs]104.187: [Tenured: 30087K->30057K(40960K), 0.0108700 secs] 45764K->30057K(59392K), [Perm : 6081K->6081K(21248K)], 0.0109320 secs] [Times: user=0.01 sys=0.00, real=0.01 secs] 
104.198: Total time for which application threads were stopped: 0.0111290 seconds, Stopping threads took: 0.0001250 seconds
104.206: Application time: 0.0073320 seconds
104.206: [GC104.206: [ParNew: 15685K->15685K(18432K), 0.0000100 secs]104.206: [Tenured: 30057K->29344K(40960K), 0.0065620 secs] 45742K->29344K(59392K), [Perm : 6081K->6081K(21248K)], 0.0066150 secs] [Times: user=0.00 sys=0.00, real=0.00 secs] 
104.212: Total time for which application threads were stopped: 0.0067540 seconds, Stopping threads took: 0.0000730 seconds
104.218: Application time: 0.0057700 seconds
104.218: [GC104.218: [ParNew: 15680K->15680K(18432K), 0.0000100 secs]104.218: [Tenured: 29344K->29344K(40960K), 0.0097880 secs] 45025K->29344K(59392K), [Perm : 6081K->6081K(21248K)], 0.0098500 secs] [Times: user=0.01 sys=0.00, real=0.01 secs] 
104.228: Total time for which application threads were stopped: 0.0100450 seconds, Stopping threads took: 0.0001220 seconds
104.235: Application time: 0.0066470 seconds
104.235: [GC104.235: [ParNew: 15681K->15681K(18432K), 0.0000100 secs]104.235: [Tenured: 29344K->28632K(40960K), 0.0092940 secs] 45026K->28632K(59392K), [Perm : 6081K->6081K(21248K)], 0.0093490 secs] [Times: user=0.01 sys=0.00, real=0.01 secs] 
104.244: Total time for which application threads were stopped: 0.0094930 seconds, Stopping threads took: 0.0000730 seconds
104.248: Application time: 0.0041490 seconds
104.249: [GC104.249: [ParNew: 15688K->15688K(18432K), 0.0000110 secs]104.249: [Tenured: 28632K->30057K(40960K), 0.0091500 secs] 44320K->30057K(59392K), [Perm : 6081K->6081K(21248K)], 0.0092120 secs] [Times: user=0.01 sys=0.00, real=0.01 secs] 
104.258: Total time for which application threads were stopped: 0.0093730 seconds, Stopping threads took: 0.0000900 seconds
104.262: Application time: 0.0041940 seconds
104.262: [GC104.262: [ParNew: 15679K->15679K(18432K), 0.0000100 secs]104.262: [Tenured: 30057K->30770K(40960K), 0.0066760 secs] 45736K->30770K(59392K), [Perm : 6081K->6081K(21248K)], 0.0067290 secs] [Times: user=0.01 sys=0.00, real=0.00 secs] 
104.269: Total time for which application threads were stopped: 0.0068770 seconds, Stopping threads took: 0.0000820 seconds
104.282: Application time: 0.0127030 seconds
104.282: [GC104.282: [ParNew: 15690K->15690K(18432K), 0.0000100 secs]104.282: [Tenured: 30770K->27919K(40960K), 0.0096420 secs] 46460K->27919K(59392K), [Perm : 6081K->6081K(21248K)], 0.0097030 secs] [Times: user=0.01 sys=0.00, real=0.01 secs] 
104.291: Total time for which application threads were stopped: 0.0098660 seconds, Stopping threads took: 0.0000920 seconds
104.357: Application time: 0.0655290 seconds
104.357: [GC104.357: [ParNew: 15690K->15690K(18432K), 0.0000110 secs]104.357: [Tenured: 27919K->28631K(40960K), 0.0101420 secs] 43609K->28631K(59392K), [Perm : 6081K->6081K(21248K)], 0.0102030 secs] [Times: user=0.01 sys=0.00, real=0.01 secs] 
104.367: Total time for which application threads were stopped: 0.0103400 seconds, Stopping threads took: 0.0000680 seconds
104.419: Application time: 0.0521230 seconds
104.420: [GC104.420: [ParNew: 15688K->15688K(18432K), 0.0000100 secs]104.420: [Tenured: 28631K->29344K(40960K), 0.0105050 secs] 44319K->29344K(59392K), [Perm : 6081K->6081K(21248K)], 0.0105650 secs] [Times: user=0.01 sys=0.00, real=0.01 secs] 
104.430: Total time for which application threads were stopped: 0.0107460 seconds, Stopping threads took: 0.0001090 seconds
104.477: Application time: 0.0468070 seconds
104.477: [GC104.477: [ParNew: 15688K->15688K(18432K), 0.0000100 secs]104.477: [Tenured: 29344K->28631K(40960K), 0.0104250 secs] 45032K->28631K(59392K), [Perm : 6081K->6081K(21248K)], 0.0104870 secs] [Times: user=0.01 sys=0.00, real=0.01 secs] 
104.488: Total time for which application threads were stopped: 0.0106830 seconds, Stopping threads took: 0.0000930 seconds
104.537: Application time: 0.0489930 seconds
104.537: [GC104.537: [ParNew: 15689K->15689K(18432K), 0.0000100 secs]104.537: [Tenured: 28631K->28631K(40960K), 0.0099110 secs] 44321K->28631K(59392K), [Perm : 6081K->6081K(21248K)], 0.0099800 secs] [Times: user=0.01 sys=0.00, real=0.01 secs] 
104.547: Total time for which application threads were stopped: 0.0101200 seconds, Stopping threads took: 0.0000700 seconds
104.587: Application time: 0.0406730 seconds
104.588: [GC104.588: [ParNew: 15717K->15717K(18432K), 0.0000110 secs]104.588: [Tenured: 28631K->29373K(40960K), 0.0091570 secs] 44348K->29373K(59392K), [Perm : 6081K->6081K(21248K)], 0.0092170 secs] [Times: user=0.01 sys=0.00, real=0.01 secs] 
104.597: Total time for which application threads were stopped: 0.0093670 seconds, Stopping threads took: 0.0000800 seconds
104.604: Application time: 0.0068330 seconds
104.604: [GC104.604: [ParNew: 15679K->15679K(18432K), 0.0000100 secs]104.604: [Tenured: 29373K->27918K(40960K), 0.0107360 secs] 45052K->27918K(59392K), [Perm : 6081K->6081K(21248K)], 0.0107910 secs] [Times: user=0.01 sys=0.00, real=0.01 secs] 
104.615: Total time for which application threads were stopped: 0.0109490 seconds, Stopping threads took: 0.0000900 seconds
104.620: Application time: 0.0052540 seconds
104.620: [GC104.620: [ParNew: 15683K->15683K(18432K), 0.0000110 secs]104.620: [Tenured: 27918K->29344K(40960K), 0.0061820 secs] 43602K->29344K(59392K), [Perm : 6081K->6081K(21248K)], 0.0062380 secs] [Times: user=0.00 sys=0.00, real=0.01 secs] 
104.626: Total time for which application threads were stopped: 0.0063930 seconds, Stopping threads took: 0.0000890 seconds
104.632: Application time: 0.0057250 seconds
104.632: [GC104.632: [ParNew: 15685K->15685K(18432K), 0.0000100 secs]104.632: [Tenured: 29344K->27919K(40960K), 0.0059550 secs] 45030K->27919K(59392K), [Perm : 6081K->6081K(21248K)], 0.0060090 secs] [Times: user=0.01 sys=0.00, real=0.01 secs] 
104.638: Total time for which application threads were stopped: 0.0061550 seconds, Stopping threads took: 0.0000810 seconds
104.644: Application time: 0.0054800 seconds
104.644: [GC104.644: [ParNew: 15681K->15681K(18432K), 0.0000090 secs]104.644: [Tenured: 27919K->26493K(40960K), 0.0097950 secs] 43601K->26493K(59392K), [Perm : 6081K->6081K(21248K)], 0.0098550 secs] [Times: user=0.01 sys=0.00, real=0.00 secs] 
104.654: Total time for which application threads were stopped: 0.0101380 seconds, Stopping threads took: 0.0002130 seconds
104.661: Application time: 0.0070120 seconds
104.661: [GC104.661: [ParNew: 15683K->15683K(18432K), 0.0000100 secs]104.661: [Tenured: 26493K->26493K(40960K), 0.0097150 secs] 42177K->26493K(59392K), [Perm : 6081K->6081K(21248K)], 0.0097760 secs] [Times: user=0.01 sys=0.00, real=0.01 secs] 
104.671: Total time for which application threads were stopped: 0.0099850 seconds, Stopping threads took: 0.0001190 seconds
104.676: Application time: 0.0051560 seconds
104.676: [GC104.676: [ParNew: 15685K->15685K(18432K), 0.0000110 secs]104.676: [Tenured: 26493K->27918K(40960K), 0.0106720 secs] 42179K->27918K(59392K), [Perm : 6081K->6081K(21248K)], 0.0107350 secs] [Times: user=0.01 sys=0.00, real=0.01 secs] 
104.687: Total time for which application threads were stopped: 0.0109620 seconds, Stopping threads took: 0.0001350 seconds
104.691: Application time: 0.0041450 seconds
104.691: [GC104.691: [ParNew: 15688K->15688K(18432K), 0.0000110 secs]104.691: [Tenured: 27918K->30057K(40960K), 0.0070460 secs] 43607K->30057K(59392K), [Perm : 6081K->6081K(21248K)], 0.0071030 secs] [Times: user=0.01 sys=0.00, real=0.01 secs] 
104.698: Total time for which application threads were stopped: 0.0072430 seconds, Stopping threads took: 0.0000720 seconds
104.702: Application time: 0.0041580 seconds
104.703: [GC104.703: [ParNew: 15678K->15678K(18432K), 0.0000100 secs]104.703: [Tenured: 30057K->29345K(40960K), 0.0066170 secs] 45736K->29345K(59392K), [Perm : 6081K->6081K(21248K)], 0.0066690 secs] [Times: user=0.01 sys=0.00, real=0.00 secs] 
104.709: Total time for which application threads were stopped: 0.0068050 seconds, Stopping threads took: 0.0000720 seconds
104.768: Application time: 0.0590900 seconds
104.768: [GC104.768: [ParNew: 15694K->15694K(18432K), 0.0000090 secs]104.769: [Tenured: 29345K->27206K(40960K), 0.0091940 secs] 45039K->27206K(59392K), [Perm : 6081K->6081K(21248K)], 0.0092630 secs] [Times: user=0.01 sys=0.00, real=0.01 secs] 
104.778: Total time for which application threads were stopped: 0.0093980 seconds, Stopping threads took: 0.0000640 seconds
104.837: Application time: 0.0593940 seconds
104.837: [GC104.837: [ParNew: 16382K->16382K(18432K), 0.0000100 secs]104.837: [Tenured: 27206K->27240K(40960K), 0.0098190 secs] 43588K->27240K(59392K), [Perm : 6081K->6081K(21248K)], 0.0098770 secs] [Times: user=0.01 sys=0.00, real=0.01 secs] 
104.847: Total time for which application threads were stopped: 0.0100130 seconds, Stopping threads took: 0.0000680 seconds
104.857: Application time: 0.0100640 seconds
104.857: [GC104.857: [ParNew: 15731K->15731K(18432K), 0.0000110 secs]104.857: [Tenured: 27240K->28666K(40960K), 0.0068200 secs] 42971K->28666K(59392K), [Perm : 6081K->6081K(21248K)], 0.0068750 secs] [Times: user=0.00 sys=0.00, real=0.01 secs] 
104.864: Total time for which application threads were stopped: 0.0070270 seconds, Stopping threads took: 0.0000860 seconds
104.871: Application time: 0.0066910 seconds
104.871: [GC104.871: [ParNew: 16230K->16230K(18432K), 0.0000110 secs]104.871: [Tenured: 28666K->25846K(40960K), 0.0103230 secs] 44897K->25846K(59392K), [Perm : 6081K->6081K(21248K)], 0.0103810 secs] [Times: user=0.01 sys=0.00, real=0.01 secs] 
104.881: Total time for which application threads were stopped: 0.0105190 seconds, Stopping threads took: 0.0000640 seconds
104.886: Application time: 0.0041590 seconds
104.886: [GC104.886: [ParNew: 15829K->15829K(18432K), 0.0000100 secs]104.886: [Tenured: 25846K->22939K(40960K), 0.0100260 secs] 41675K->22939K(59392K), [Perm : 6081K->6081K(21248K)], 0.0100840 secs] [Times: user=0.01 sys=0.00, real=0.01 secs] 
104.896: Total time for which application threads were stopped: 0.0102740 seconds, Stopping threads took: 0.0001200 seconds
104.900: Application time: 0.0040450 seconds
104.900: [GC104.900: [ParNew: 16177K->1474K(18432K), 0.0010200 secs] 39117K->25126K(59392K), 0.0010540 secs] [Times: user=0.01 sys=0.00, real=0.00 secs] 
104.901: Total time for which application threads were stopped: 0.0014820 seconds, Stopping threads took: 0.0003660 seconds
104.906: Application time: 0.0048610 seconds
104.907: [GC104.907: [ParNew: 17789K->1481K(18432K), 0.0009230 secs] 41441K->25925K(59392K), 0.0009530 secs] [Times: user=0.01 sys=0.00, real=0.00 secs] 
104.908: Total time for which application threads were stopped: 0.0019170 seconds, Stopping threads took: 0.0008880 seconds
104.913: Application time: 0.0047220 seconds
104.914: [GC104.914: [ParNew: 17458K->1440K(18432K), 0.0019030 secs] 41902K->29519K(59392K), 0.0019420 secs] [Times: user=0.01 sys=0.00, real=0.00 secs] 
104.916: Total time for which application threads were stopped: 0.0030880 seconds, Stopping threads took: 0.0010830 seconds
104.920: Application time: 0.0041270 seconds
104.921: [GC104.921: [ParNew: 17248K->17248K(18432K), 0.0000110 secs]104.921: [Tenured: 28079K->21561K(40960K), 0.0099300 secs] 45327K->21561K(59392K), [Perm : 6081K->6081K(21248K)], 0.0099890 secs] [Times: user=0.01 sys=0.00, real=0.01 secs] 
104.931: Total time for which application threads were stopped: 0.0110180 seconds, Stopping threads took: 0.0009380 seconds
104.935: Application time: 0.0038320 seconds
104.936: [GC104.936: [ParNew: 15690K->1435K(18432K), 0.0015900 secs] 37252K->25847K(59392K), 0.0016250 secs] [Times: user=0.01 sys=0.00, real=0.00 secs] 
104.938: Total time for which application threads were stopped: 0.0028540 seconds, Stopping threads took: 0.0011480 seconds
104.942: Application time: 0.0043620 seconds
104.943: [GC104.943: [ParNew: 17125K->1437K(18432K), 0.0013140 secs] 41537K->28018K(59392K), 0.0013450 secs] [Times: user=0.01 sys=0.00, real=0.00 secs] 
104.944: Total time for which application threads were stopped: 0.0021230 seconds, Stopping threads took: 0.0007030 seconds
104.948: Application time: 0.0038620 seconds
104.949: [GC104.949: [ParNew: 17121K->1425K(18432K), 0.0013100 secs] 43703K->30184K(59392K), 0.0013580 secs] [Times: user=0.01 sys=0.00, real=0.00 secs] 
104.951: Total time for which application threads were stopped: 0.0022870 seconds, Stopping threads took: 0.0008450 seconds
104.955: Application time: 0.0042750 seconds
104.955: [GC104.955: [ParNew: 17115K->17115K(18432K), 0.0000100 secs]104.955: [Tenured: 28759K->23702K(40960K), 0.0077460 secs] 45874K->23702K(59392K), [Perm : 6081K->6081K(21248K)], 0.0078050 secs] [Times: user=0.01 sys=0.00, real=0.01 secs] 
104.963: Total time for which application threads were stopped: 0.0084760 seconds, Stopping threads took: 0.0005810 seconds
104.967: Application time: 0.0038310 seconds
104.968: [GC104.968: [ParNew: 15686K->1425K(18432K), 0.0021190 secs] 39388K->30115K(59392K), 0.0021590 secs] [Times: user=0.01 sys=0.00, real=0.00 secs] 
104.970: Total time for which application threads were stopped: 0.0029070 seconds, Stopping threads took: 0.0006570 seconds
104.974: Application time: 0.0041030 seconds
104.975: [GC104.975: [ParNew: 17109K->17109K(18432K), 0.0000100 secs]104.975: [Tenured: 28689K->23700K(40960K), 0.0095910 secs] 45799K->23700K(59392K), [Perm : 6081K->6081K(21248K)], 0.0096510 secs] [Times: user=0.01 sys=0.00, real=0.01 secs] 
104.985: Total time for which application threads were stopped: 0.0106680 seconds, Stopping threads took: 0.0009270 seconds
104.989: Application time: 0.0039980 seconds
104.990: [GC104.990: [ParNew: 15690K->1433K(18432K), 0.0013480 secs] 39390K->27271K(59392K), 0.0013840 secs] [Times: user=0.00 sys=0.00, real=0.00 secs] 
104.991: Total time for which application threads were stopped: 0.0024270 seconds, Stopping threads took: 0.0009470 seconds
104.995: Application time: 0.0041470 seconds
104.996: [GC104.996: [ParNew: 17129K->1441K(18432K), 0.0015830 secs] 42967K->30873K(59392K), 0.0016200 secs] [Times: user=0.01 sys=0.00, real=0.00 secs] 
104.997: Total time for which application threads were stopped: 0.0019500 seconds, Stopping threads took: 0.0002480 seconds
105.001: Application time: 0.0038640 seconds
105.002: [GC105.002: [ParNew: 17125K->17125K(18432K), 0.0000110 secs]105.002: [Tenured: 29432K->25068K(40960K), 0.0114000 secs] 46557K->25068K(59392K), [Perm : 6081K->6081K(21248K)], 0.0114640 secs] [Times: user=0.01 sys=0.00, real=0.01 secs] 
105.013: Total time for which application threads were stopped: 0.0117590 seconds, Stopping threads took: 0.0002260 seconds
105.017: Application time: 0.0042060 seconds
105.018: [GC105.018: [ParNew: 15685K->1427K(18432K), 0.0015100 secs] 40754K->29345K(59392K), 0.0015440 secs] [Times: user=0.01 sys=0.00, real=0.00 secs] 
105.019: Total time for which application threads were stopped: 0.0021550 seconds, Stopping threads took: 0.0005450 seconds
105.023: Application time: 0.0040470 seconds
105.024: [GC105.024: [ParNew: 17112K->1427K(18432K), 0.0020040 secs] 45031K->34333K(59392K), 0.0020420 secs] [Times: user=0.01 sys=0.00, real=0.00 secs] 
105.026: Total time for which application threads were stopped: 0.0024830 seconds, Stopping threads took: 0.0003580 seconds
105.030: Application time: 0.0039080 seconds
105.031: [GC105.031: [ParNew: 17119K->17119K(18432K), 0.0000100 secs]105.031: [Tenured: 32906K->22930K(40960K), 0.0096030 secs] 50025K->22930K(59392K), [Perm : 6081K->6081K(21248K)], 0.0096620 secs] [Times: user=0.01 sys=0.00, real=0.01 secs] 
105.041: Total time for which application threads were stopped: 0.0108780 seconds, Stopping threads took: 0.0011270 seconds
105.044: Application time: 0.0038090 seconds
105.045: [GC105.045: [ParNew: 15683K->1427K(18432K), 0.0015350 secs] 38614K->27208K(59392K), 0.0015720 secs] [Times: user=0.01 sys=0.00, real=0.00 secs] 
105.047: Total time for which application threads were stopped: 0.0022680 seconds, Stopping threads took: 0.0006170 seconds
105.051: Application time: 0.0045350 seconds
105.052: [GC105.052: [ParNew: 17124K->1441K(18432K), 0.0013650 secs] 42905K->29359K(59392K), 0.0013970 secs] [Times: user=0.01 sys=0.00, real=0.00 secs] 
105.053: Total time for which application threads were stopped: 0.0020500 seconds, Stopping threads took: 0.0005950 seconds
105.057: Application time: 0.0039800 seconds
105.058: [GC105.058: [ParNew: 17124K->1429K(18432K), 0.0008880 secs] 45042K->30116K(59392K), 0.0009290 secs] [Times: user=0.01 sys=0.00, real=0.00 secs] 
105.059: Total time for which application threads were stopped: 0.0018080 seconds, Stopping threads took: 0.0008220 seconds
105.063: Application time: 0.0037270 seconds
105.063: [GC105.063: [ParNew: 17116K->1439K(18432K), 0.0014950 secs] 45803K->32992K(59392K), 0.0015330 secs] [Times: user=0.01 sys=0.00, real=0.00 secs] 
105.065: Total time for which application threads were stopped: 0.0018380 seconds, Stopping threads took: 0.0002410 seconds
105.068: Application time: 0.0035040 seconds
105.070: [GC105.070: [ParNew: 17127K->1431K(18432K), 0.0014490 secs] 48680K->35843K(59392K), 0.0014830 secs] [Times: user=0.01 sys=0.00, real=0.00 secs] 
105.072: Total time for which application threads were stopped: 0.0033260 seconds, Stopping threads took: 0.0017740 seconds
105.075: Application time: 0.0030950 seconds
105.075: [GC105.075: [ParNew: 17113K->17113K(18432K), 0.0000110 secs]105.075: [Tenured: 34411K->24356K(40960K), 0.0103090 secs] 51525K->24356K(59392K), [Perm : 6081K->6081K(21248K)], 0.0103700 secs] [Times: user=0.01 sys=0.00, real=0.01 secs] 
105.086: Total time for which application threads were stopped: 0.0110130 seconds, Stopping threads took: 0.0005750 seconds
105.089: Application time: 0.0036770 seconds
105.090: [GC105.090: [ParNew: 15683K->1425K(18432K), 0.0011320 secs] 40040K->27207K(59392K), 0.0011630 secs] [Times: user=0.01 sys=0.00, real=0.00 secs] 
105.091: Total time for which application threads were stopped: 0.0016060 seconds, Stopping threads took: 0.0003860 seconds
105.095: Application time: 0.0036150 seconds
105.095: [GC105.095: [ParNew: 17114K->1431K(18432K), 0.0016660 secs] 42896K->30063K(59392K), 0.0017020 secs] [Times: user=0.01 sys=0.00, real=0.00 secs] 
105.096: Total time for which application threads were stopped: 0.0018940 seconds, Stopping threads took: 0.0001270 seconds
105.100: Application time: 0.0037420 seconds
105.101: [GC105.101: [ParNew: 17115K->1425K(18432K), 0.0012140 secs] 45747K->32227K(59392K), 0.0012500 secs] [Times: user=0.01 sys=0.00, real=0.01 secs] 
105.102: Total time for which application threads were stopped: 0.0019520 seconds, Stopping threads took: 0.0006390 seconds
105.106: Application time: 0.0039050 seconds
105.106: [GC105.106: [ParNew: 17117K->1439K(18432K), 0.0011760 secs] 47920K->34379K(59392K), 0.0012120 secs] [Times: user=0.01 sys=0.00, real=0.00 secs] 
105.108: Total time for which application threads were stopped: 0.0014820 seconds, Stopping threads took: 0.0002070 seconds
105.111: Application time: 0.0036070 seconds
105.111: [GC105.111: [ParNew: 17127K->1431K(18432K), 0.0008350 secs] 50067K->35123K(59392K), 0.0008700 secs] [Times: user=0.00 sys=0.00, real=0.00 secs] 
105.112: Total time for which application threads were stopped: 0.0010880 seconds, Stopping threads took: 0.0001550 seconds
105.116: Application time: 0.0038000 seconds
105.117: [GC105.117: [ParNew: 17114K->1429K(18432K), 0.0007190 secs] 50806K->35874K(59392K), 0.0007470 secs] [Times: user=0.01 sys=0.00, real=0.00 secs] 
105.117: Total time for which application threads were stopped: 0.0012880 seconds, Stopping threads took: 0.0004870 seconds
105.121: Application time: 0.0040960 seconds
105.122: [GC105.122: [ParNew: 17566K->759K(18432K), 0.0004820 secs] 52010K->35204K(59392K), 0.0005100 secs] [Times: user=0.00 sys=0.00, real=0.00 secs] 
105.123: Total time for which application threads were stopped: 0.0012070 seconds, Stopping threads took: 0.0006430 seconds
105.132: Application time: 0.0088780 seconds
105.132: [GC105.132: [ParNew: 16743K->1467K(18432K), 0.0017720 secs] 51188K->39474K(59392K), 0.0018070 secs] [Times: user=0.01 sys=0.00, real=0.00 secs] 
105.134: Total time for which application threads were stopped: 0.0024260 seconds, Stopping threads took: 0.0005570 seconds
105.139: Application time: 0.0053320 seconds
105.139: [GC105.139: [ParNew: 17155K->17155K(18432K), 0.0000100 secs]105.139: [Tenured: 38007K->22959K(40960K), 0.0091040 secs] 55163K->22959K(59392K), [Perm : 6081K->6081K(21248K)], 0.0091700 secs] [Times: user=0.01 sys=0.00, real=0.01 secs] 
105.149: Total time for which application threads were stopped: 0.0093100 seconds, Stopping threads took: 0.0000730 seconds
105.155: Application time: 0.0064940 seconds
105.155: [GC105.155: [ParNew: 15683K->1435K(18432K), 0.0006910 secs] 38643K->24395K(59392K), 0.0007190 secs] [Times: user=0.01 sys=0.00, real=0.00 secs] 
105.156: Total time for which application threads were stopped: 0.0008990 seconds, Stopping threads took: 0.0001250 seconds
105.160: Application time: 0.0036740 seconds
105.160: [GC105.160: [ParNew: 17116K->1425K(18432K), 0.0020730 secs] 40076K->29404K(59392K), 0.0021110 secs] [Times: user=0.01 sys=0.01, real=0.01 secs] 
105.162: Total time for which application threads were stopped: 0.0024730 seconds, Stopping threads took: 0.0002730 seconds
105.170: Application time: 0.0079360 seconds
105.170: [GC105.170: [ParNew: 17112K->1437K(18432K), 0.0017250 secs] 45092K->32979K(59392K), 0.0017570 secs] [Times: user=0.01 sys=0.00, real=0.00 secs] 
105.172: Total time for which application threads were stopped: 0.0021230 seconds, Stopping threads took: 0.0003040 seconds
105.179: Application time: 0.0066300 seconds
105.179: [GC105.179: [ParNew: 17680K->1468K(18432K), 0.0011730 secs] 49222K->35172K(59392K), 0.0012040 secs] [Times: user=0.01 sys=0.00, real=0.00 secs] 
105.180: Total time for which application threads were stopped: 0.0013650 seconds, Stopping threads took: 0.0001010 seconds
105.187: Application time: 0.0064200 seconds
105.187: [GC105.187: [ParNew: 17335K->1435K(18432K), 0.0009610 secs] 51039K->36628K(59392K), 0.0009890 secs] [Times: user=0.00 sys=0.00, real=0.00 secs] 
105.188: Total time for which application threads were stopped: 0.0014180 seconds, Stopping threads took: 0.0003710 seconds
105.192: Application time: 0.0034780 seconds
105.192: [GC105.192: [ParNew: 17123K->17123K(18432K), 0.0000100 secs]105.192: [Tenured: 35192K->21505K(40960K), 0.0099700 secs] 52316K->21505K(59392K), [Perm : 6081K->6081K(21248K)], 0.0100280 secs] [Times: user=0.01 sys=0.00, real=0.01 secs] 
105.202: Total time for which application threads were stopped: 0.0102020 seconds, Stopping threads took: 0.0001020 seconds
105.205: Application time: 0.0037030 seconds
105.206: [GC105.206: [ParNew: 15679K->712K(18432K), 0.0004700 secs] 37185K->22218K(59392K), 0.0005000 secs] [Times: user=0.00 sys=0.00, real=0.00 secs] 
105.206: Total time for which application threads were stopped: 0.0006610 seconds, Stopping threads took: 0.0001060 seconds
105.211: Application time: 0.0044130 seconds
105.211: [GC105.211: [ParNew: 16392K->712K(18432K), 0.0004950 secs] 37898K->22218K(59392K), 0.0005240 secs] [Times: user=0.01 sys=0.00, real=0.00 secs] 
105.211: Total time for which application threads were stopped: 0.0006710 seconds, Stopping threads took: 0.0000910 seconds
105.217: Application time: 0.0060980 seconds
105.217: [GC105.218: [ParNew: 16402K->1437K(18432K), 0.0019030 secs] 37908K->27218K(59392K), 0.0019380 secs] [Times: user=0.02 sys=0.00, real=0.00 secs] 
105.219: Total time for which application threads were stopped: 0.0021240 seconds, Stopping threads took: 0.0001240 seconds
105.224: Application time: 0.0048710 seconds
105.224: [GC105.224: [ParNew: 17120K->1435K(18432K), 0.0008660 secs] 42901K->27960K(59392K), 0.0008940 secs] [Times: user=0.00 sys=0.00, real=0.00 secs] 
105.225: Total time for which application threads were stopped: 0.0010660 seconds, Stopping threads took: 0.0001140 seconds
105.232: Application time: 0.0062240 seconds
105.232: [GC105.232: [ParNew: 17120K->1435K(18432K), 0.0006770 secs] 43646K->28673K(59392K), 0.0007040 secs] [Times: user=0.00 sys=0.00, real=0.00 secs] 
105.232: Total time for which application threads were stopped: 0.0008410 seconds, Stopping threads took: 0.0000790 seconds
105.238: Application time: 0.0057080 seconds
105.238: [GC105.238: [ParNew: 17117K->1425K(18432K), 0.0018780 secs] 44355K->32970K(59392K), 0.0019160 secs] [Times: user=0.01 sys=0.00, real=0.00 secs] 
105.240: Total time for which application threads were stopped: 0.0020500 seconds, Stopping threads took: 0.0000770 seconds
105.248: Application time: 0.0073590 seconds
105.248: [GC105.248: [ParNew: 17105K->714K(18432K), 0.0006240 secs] 48650K->32972K(59392K), 0.0006500 secs] [Times: user=0.00 sys=0.00, real=0.00 secs] 
105.248: Total time for which application threads were stopped: 0.0007990 seconds, Stopping threads took: 0.0000980 seconds
105.253: Application time: 0.0044690 seconds
105.253: [GC105.253: [ParNew: 16403K->1431K(18432K), 0.0014110 secs] 48661K->35826K(59392K), 0.0014430 secs] [Times: user=0.01 sys=0.00, real=0.01 secs] 
105.254: Total time for which application threads were stopped: 0.0015890 seconds, Stopping threads took: 0.0000860 seconds
105.258: Application time: 0.0034930 seconds
105.258: [GC105.258: [ParNew: 17110K->712K(18432K), 0.0006620 secs] 51505K->35852K(59392K), 0.0006870 secs] [Times: user=0.01 sys=0.00, real=0.00 secs] 
105.259: Total time for which application threads were stopped: 0.0008420 seconds, Stopping threads took: 0.0001020 seconds
105.297: Application time: 0.0384710 seconds
105.297: [GC105.297: [ParNew: 16405K->1435K(18432K), 0.0021020 secs] 51544K->42275K(59392K), 0.0021380 secs] [Times: user=0.02 sys=0.00, real=0.00 secs] 
105.300: Total time for which application threads were stopped: 0.0022680 seconds, Stopping threads took: 0.0000670 seconds
105.348: Application time: 0.0485620 seconds
105.348: [GC105.348: [ParNew: 17126K->17126K(18432K), 0.0000100 secs]105.348: [Tenured: 40840K->25780K(40960K), 0.0098630 secs] 57966K->25780K(59392K), [Perm : 6081K->6081K(21248K)], 0.0099200 secs] [Times: user=0.01 sys=0.00, real=0.01 secs] 
105.358: Total time for which application threads were stopped: 0.0100460 seconds, Stopping threads took: 0.0000590 seconds
105.432: Application time: 0.0737900 seconds
105.432: [GC105.432: [ParNew: 15691K->1427K(18432K), 0.0044090 secs] 41472K->40745K(59392K), 0.0044500 secs] [Times: user=0.03 sys=0.00, real=0.01 secs] 
105.437: Total time for which application threads were stopped: 0.0046010 seconds, Stopping threads took: 0.0000850 seconds
105.503: Application time: 0.0660450 seconds
105.503: [GC105.503: [ParNew: 17124K->17124K(18432K), 0.0000100 secs]105.503: [Tenured: 39318K->25068K(40960K), 0.0099760 secs] 56443K->25068K(59392K), [Perm : 6081K->6081K(21248K)], 0.0100370 secs] [Times: user=0.01 sys=0.00, real=0.00 secs] 
105.513: Total time for which application threads were stopped: 0.0101900 seconds, Stopping threads took: 0.0000740 seconds
105.584: Application time: 0.0713060 seconds
105.584: [GC105.584: [ParNew: 15691K->1425K(18432K), 0.0045960 secs] 40760K->40744K(59392K), 0.0046390 secs] [Times: user=0.04 sys=0.00, real=0.00 secs] 
105.589: Total time for which application threads were stopped: 0.0047760 seconds, Stopping threads took: 0.0000730 seconds
105.663: Application time: 0.0737850 seconds
105.663: [GC105.663: [ParNew: 17116K->17116K(18432K), 0.0000100 secs]105.663: [Tenured: 39319K->25781K(40960K), 0.0089250 secs] 56435K->25781K(59392K), [Perm : 6081K->6081K(21248K)], 0.0089830 secs] [Times: user=0.01 sys=0.00, real=0.00 secs] 
105.672: Total time for which application threads were stopped: 0.0091210 seconds, Stopping threads took: 0.0000700 seconds
105.743: Application time: 0.0716040 seconds
105.743: [GC105.743: [ParNew: 15689K->1425K(18432K), 0.0039140 secs] 41471K->39319K(59392K), 0.0039570 secs] [Times: user=0.03 sys=0.00, real=0.00 secs] 
105.747: Total time for which application threads were stopped: 0.0040820 seconds, Stopping threads took: 0.0000580 seconds
105.819: Application time: 0.0716800 seconds
105.819: [GC105.819: [ParNew: 17114K->17114K(18432K), 0.0000100 secs]105.819: [Tenured: 37894K->25068K(40960K), 0.0100600 secs] 55008K->25068K(59392K), [Perm : 6081K->6081K(21248K)], 0.0101180 secs] [Times: user=0.01 sys=0.00, real=0.01 secs] 
105.829: Total time for which application threads were stopped: 0.0102580 seconds, Stopping threads took: 0.0000740 seconds
105.901: Application time: 0.0713820 seconds
105.901: [GC105.901: [ParNew: 15697K->1433K(18432K), 0.0042940 secs] 40766K->40039K(59392K), 0.0043430 secs] [Times: user=0.03 sys=0.00, real=0.01 secs] 
105.905: Total time for which application threads were stopped: 0.0044690 seconds, Stopping threads took: 0.0000600 seconds
105.977: Application time: 0.0714880 seconds
105.977: [GC105.977: [ParNew: 17122K->17122K(18432K), 0.0000180 secs]105.977: [Tenured: 38605K->25069K(40960K), 0.0089760 secs] 55728K->25069K(59392K), [Perm : 6081K->6081K(21248K)], 0.0090430 secs] [Times: user=0.01 sys=0.00, real=0.01 secs] 
105.986: Total time for which application threads were stopped: 0.0091810 seconds, Stopping threads took: 0.0000710 seconds
106.035: Application time: 0.0488930 seconds
106.035: [GC106.035: [ParNew: 15691K->1425K(18432K), 0.0044770 secs] 40760K->40744K(59392K), 0.0045190 secs] [Times: user=0.03 sys=0.00, real=0.00 secs] 
106.040: Total time for which application threads were stopped: 0.0047010 seconds, Stopping threads took: 0.0001080 seconds
106.113: Application time: 0.0738210 seconds
106.113: [GC106.113: [ParNew: 17129K->17129K(18432K), 0.0000090 secs]106.113: [Tenured: 39319K->26495K(40960K), 0.0088830 secs] 56448K->26495K(59392K), [Perm : 6081K->6081K(21248K)], 0.0089370 secs] [Times: user=0.01 sys=0.00, real=0.02 secs] 
106.122: Total time for which application threads were stopped: 0.0090960 seconds, Stopping threads took: 0.0000950 seconds
106.181: Application time: 0.0589640 seconds
106.182: [GC106.182: [ParNew: 15704K->15704K(18432K), 0.0000110 secs]106.182: [Tenured: 26495K->27922K(40960K), 0.0099880 secs] 42199K->27922K(59392K), [Perm : 6081K->6081K(21248K)], 0.0100480 secs] [Times: user=0.01 sys=0.00, real=0.01 secs] 
106.192: Total time for which application threads were stopped: 0.0102610 seconds, Stopping threads took: 0.0001240 seconds
106.260: Application time: 0.0679250 seconds
106.260: [GC106.260: [ParNew: 15704K->15704K(18432K), 0.0000100 secs]106.260: [Tenured: 27922K->28630K(40960K), 0.0114930 secs] 43626K->28630K(59392K), [Perm : 6081K->6081K(21248K)], 0.0115520 secs] [Times: user=0.01 sys=0.00, real=0.01 secs] 
106.271: Total time for which application threads were stopped: 0.0117510 seconds, Stopping threads took: 0.0001100 seconds
106.345: Application time: 0.0736360 seconds
106.345: [GC106.345: [ParNew: 15691K->15691K(18432K), 0.0000100 secs]106.345: [Tenured: 28630K->29343K(40960K), 0.0092250 secs] 44322K->29343K(59392K), [Perm : 6081K->6081K(21248K)], 0.0092830 secs] [Times: user=0.01 sys=0.00, real=0.01 secs] 
106.354: Total time for which application threads were stopped: 0.0094440 seconds, Stopping threads took: 0.0000830 seconds
106.422: Application time: 0.0680640 seconds
106.423: [GC106.423: [ParNew: 15691K->15691K(18432K), 0.0000110 secs]106.423: [Tenured: 29343K->29343K(40960K), 0.0096170 secs] 45034K->29343K(59392K), [Perm : 6081K->6081K(21248K)], 0.0096730 secs] [Times: user=0.01 sys=0.00, real=0.00 secs] 
106.432: Total time for which application threads were stopped: 0.0098170 seconds, Stopping threads took: 0.0000760 seconds
106.502: Application time: 0.0700860 seconds
106.502: [GC106.503: [ParNew: 15700K->15700K(18432K), 0.0000100 secs]106.503: [Tenured: 29343K->29344K(40960K), 0.0090540 secs] 45043K->29344K(59392K), [Perm : 6081K->6081K(21248K)], 0.0091110 secs] [Times: user=0.01 sys=0.00, real=0.00 secs] 
106.512: Total time for which application threads were stopped: 0.0092370 seconds, Stopping threads took: 0.0000600 seconds
106.585: Application time: 0.0729320 seconds
106.585: [GC106.585: [ParNew: 15691K->15691K(18432K), 0.0000110 secs]106.585: [Tenured: 29344K->28630K(40960K), 0.0121760 secs] 45035K->28630K(59392K), [Perm : 6081K->6081K(21248K)], 0.0122390 secs] [Times: user=0.01 sys=0.00, real=0.01 secs] 
106.597: Total time for which application threads were stopped: 0.0124240 seconds, Stopping threads took: 0.0001060 seconds
106.659: Application time: 0.0616990 seconds
106.659: [GC106.659: [ParNew: 15691K->15691K(18432K), 0.0000090 secs]106.659: [Tenured: 28630K->28630K(40960K), 0.0090620 secs] 44322K->28630K(59392K), [Perm : 6081K->6081K(21248K)], 0.0091310 secs] [Times: user=0.01 sys=0.00, real=0.01 secs] 
106.668: Total time for which application threads were stopped: 0.0093310 seconds, Stopping threads took: 0.0001230 seconds
106.738: Application time: 0.0698300 seconds
106.738: [GC106.738: [ParNew: 15691K->15691K(18432K), 0.0000100 secs]106.738: [Tenured: 28630K->29343K(40960K), 0.0091050 secs] 44322K->29343K(59392K), [Perm : 6081K->6081K(21248K)], 0.0091640 secs] [Times: user=0.01 sys=0.00, real=0.01 secs] 
106.747: Total time for which application threads were stopped: 0.0092990 seconds, Stopping threads took: 0.0000690 seconds
106.797: Application time: 0.0500310 seconds
106.797: [GC106.797: [ParNew: 15689K->15689K(18432K), 0.0000110 secs]106.797: [Tenured: 29343K->29343K(40960K), 0.0107890 secs] 45032K->29343K(59392K), [Perm : 6081K->6081K(21248K)], 0.0108480 secs] [Times: user=0.01 sys=0.00, real=0.01 secs] 
106.808: Total time for which application threads were stopped: 0.0110520 seconds, Stopping threads took: 0.0001340 seconds
106.868: Application time: 0.0598710 seconds
106.868: [GC106.868: [ParNew: 15698K->15698K(18432K), 0.0000100 secs]106.868: [Tenured: 29343K->27205K(40960K), 0.0107090 secs] 45041K->27205K(59392K), [Perm : 6081K->6081K(21248K)], 0.0107660 secs] [Times: user=0.01 sys=0.00, real=0.01 secs] 
106.879: Total time for which application threads were stopped: 0.0109040 seconds, Stopping threads took: 0.0000700 seconds
106.946: Application time: 0.0666020 seconds
106.946: [GC106.946: [ParNew: 15691K->15691K(18432K), 0.0000110 secs]106.946: [Tenured: 27205K->27918K(40960K), 0.0100400 secs] 42897K->27918K(59392K), [Perm : 6081K->6081K(21248K)], 0.0101000 secs] [Times: user=0.01 sys=0.00, real=0.01 secs] 
106.956: Total time for which application threads were stopped: 0.0102440 seconds, Stopping threads took: 0.0000750 seconds
107.023: Application time: 0.0667910 seconds
107.023: [GC107.023: [ParNew: 15689K->15689K(18432K), 0.0000110 secs]107.023: [Tenured: 27918K->28630K(40960K), 0.0100240 secs] 43608K->28630K(59392K), [Perm : 6081K->6081K(21248K)], 0.0100840 secs] [Times: user=0.01 sys=0.00, real=0.00 secs] 
107.033: Total time for which application threads were stopped: 0.0102180 seconds, Stopping threads took: 0.0000620 seconds
107.107: Application time: 0.0739690 seconds
107.107: [GC107.107: [ParNew: 15698K->15698K(18432K), 0.0000100 secs]107.107: [Tenured: 28630K->27919K(40960K), 0.0097360 secs] 44329K->27919K(59392K), [Perm : 6081K->6081K(21248K)], 0.0097960 secs] [Times: user=0.01 sys=0.00, real=0.01 secs] 
107.117: Total time for which application threads were stopped: 0.0100170 seconds, Stopping threads took: 0.0001240 seconds
107.186: Application time: 0.0691300 seconds
107.186: [GC107.186: [ParNew: 15698K->15698K(18432K), 0.0000090 secs]107.186: [Tenured: 27919K->25068K(40960K), 0.0104720 secs] 43617K->25068K(59392K), [Perm : 6081K->6081K(21248K)], 0.0105300 secs] [Times: user=0.01 sys=0.00, real=0.01 secs] 
107.197: Total time for which application threads were stopped: 0.0106590 seconds, Stopping threads took: 0.0000610 seconds
107.219: Application time: 0.0220420 seconds
107.219: [GC107.219: [ParNew: 15705K->1433K(18432K), 0.0033160 secs] 40773K->36476K(59392K), 0.0033560 secs] [Times: user=0.03 sys=0.00, real=0.01 secs] 
107.222: Total time for which application threads were stopped: 0.0035300 seconds, Stopping threads took: 0.0001100 seconds
107.286: Application time: 0.0638060 seconds
107.286: [GC107.286: [ParNew: 17138K->17138K(18432K), 0.0000100 secs]107.286: [Tenured: 35043K->22931K(40960K), 0.0104870 secs] 52182K->22931K(59392K), [Perm : 6081K->6081K(21248K)], 0.0105450 secs] [Times: user=0.01 sys=0.00, real=0.01 secs] 
107.297: Total time for which application threads were stopped: 0.0106780 seconds, Stopping threads took: 0.0000650 seconds
107.359: Application time: 0.0626210 seconds
107.359: [GC107.360: [ParNew: 15687K->1425K(18432K), 0.0033190 secs] 38619K->34331K(59392K), 0.0033650 secs] [Times: user=0.03 sys=0.00, real=0.01 secs] 
107.363: Total time for which application threads were stopped: 0.0035490 seconds, Stopping threads took: 0.0001100 seconds
107.396: Application time: 0.0331230 seconds
107.396: [GC107.396: [ParNew: 17113K->17113K(18432K), 0.0000110 secs]107.396: [Tenured: 32906K->25069K(40960K), 0.0108270 secs] 50019K->25069K(59392K), [Perm : 6081K->6081K(21248K)], 0.0108870 secs] [Times: user=0.01 sys=0.00, real=0.01 secs] 
107.407: Total time for which application threads were stopped: 0.0110680 seconds, Stopping threads took: 0.0001120 seconds
107.463: Application time: 0.0563520 seconds
107.464: [GC107.464: [ParNew: 15688K->1425K(18432K), 0.0033070 secs] 40757K->36470K(59392K), 0.0033460 secs] [Times: user=0.02 sys=0.00, real=0.00 secs] 
107.467: Total time for which application threads were stopped: 0.0035340 seconds, Stopping threads took: 0.0001240 seconds
107.524: Application time: 0.0569420 seconds
107.524: [GC107.524: [ParNew: 17119K->17119K(18432K), 0.0000090 secs]107.524: [Tenured: 35044K->25070K(40960K), 0.0098540 secs] 52164K->25070K(59392K), [Perm : 6081K->6081K(21248K)], 0.0099120 secs] [Times: user=0.01 sys=0.00, real=0.00 secs] 
107.534: Total time for which application threads were stopped: 0.0100620 seconds, Stopping threads took: 0.0000840 seconds
107.566: Application time: 0.0323260 seconds
107.566: [GC107.566: [ParNew: 15688K->1425K(18432K), 0.0034040 secs] 40758K->36471K(59392K), 0.0034440 secs] [Times: user=0.02 sys=0.00, real=0.00 secs] 
107.570: Total time for which application threads were stopped: 0.0035890 seconds, Stopping threads took: 0.0000790 seconds
107.641: Application time: 0.0707910 seconds
107.641: [GC107.641: [ParNew: 17113K->17113K(18432K), 0.0000100 secs]107.641: [Tenured: 35046K->24356K(40960K), 0.0108390 secs] 52159K->24356K(59392K), [Perm : 6081K->6081K(21248K)], 0.0109010 secs] [Times: user=0.01 sys=0.00, real=0.01 secs] 
107.652: Total time for which application threads were stopped: 0.0110770 seconds, Stopping threads took: 0.0000970 seconds
107.699: Application time: 0.0472440 seconds
107.699: [GC107.699: [ParNew: 15688K->1425K(18432K), 0.0034960 secs] 40045K->35758K(59392K), 0.0035340 secs] [Times: user=0.03 sys=0.00, real=0.01 secs] 
107.703: Total time for which application threads were stopped: 0.0036900 seconds, Stopping threads took: 0.0000840 seconds
107.770: Application time: 0.0670040 seconds
107.770: [GC107.770: [ParNew: 17113K->17113K(18432K), 0.0000100 secs]107.770: [Tenured: 34332K->24357K(40960K), 0.0097570 secs] 51446K->24357K(59392K), [Perm : 6081K->6081K(21248K)], 0.0098170 secs] [Times: user=0.01 sys=0.00, real=0.01 secs] 
107.780: Total time for which application threads were stopped: 0.0099500 seconds, Stopping threads took: 0.0000630 seconds
107.811: Application time: 0.0309930 seconds
107.811: [GC107.811: [ParNew: 15688K->1425K(18432K), 0.0034100 secs] 40045K->35758K(59392K), 0.0034500 secs] [Times: user=0.03 sys=0.00, real=0.01 secs] 
107.814: Total time for which application threads were stopped: 0.0037530 seconds, Stopping threads took: 0.0002370 seconds
107.874: Application time: 0.0590730 seconds
107.874: [GC107.874: [ParNew: 17120K->17120K(18432K), 0.0000110 secs]107.874: [Tenured: 34333K->24358K(40960K), 0.0098800 secs] 51453K->24358K(59392K), [Perm : 6081K->6081K(21248K)], 0.0099400 secs] [Times: user=0.01 sys=0.00, real=0.02 secs] 
107.884: Total time for which application threads were stopped: 0.0101300 seconds, Stopping threads took: 0.0001210 seconds
107.938: Application time: 0.0539660 seconds
107.938: [GC107.938: [ParNew: 15688K->1425K(18432K), 0.0034200 secs] 40047K->35759K(59392K), 0.0034560 secs] [Times: user=0.03 sys=0.00, real=0.00 secs] 
107.941: Total time for which application threads were stopped: 0.0035770 seconds, Stopping threads took: 0.0000590 seconds
107.999: Application time: 0.0575680 seconds
107.999: [GC107.999: [ParNew: 17114K->17114K(18432K), 0.0000110 secs]107.999: [Tenured: 34334K->25070K(40960K), 0.0108770 secs] 51448K->25070K(59392K), [Perm : 6081K->6081K(21248K)], 0.0109370 secs] [Times: user=0.01 sys=0.00, real=0.01 secs] 
108.010: Total time for which application threads were stopped: 0.0111560 seconds, Stopping threads took: 0.0001210 seconds
108.055: Application time: 0.0446010 seconds
108.055: [GC108.055: [ParNew: 15689K->1425K(18432K), 0.0034700 secs] 40759K->36472K(59392K), 0.0035120 secs] [Times: user=0.03 sys=0.00, real=0.00 secs] 
108.058: Total time for which application threads were stopped: 0.0037090 seconds, Stopping threads took: 0.0001310 seconds
108.102: Application time: 0.0434870 seconds
108.102: [GC108.102: [ParNew: 17114K->17114K(18432K), 0.0000100 secs]108.102: [Tenured: 35047K->25070K(40960K), 0.0114790 secs] 52161K->25070K(59392K), [Perm : 6081K->6081K(21248K)], 0.0115400 secs] [Times: user=0.01 sys=0.00, real=0.01 secs] 
108.113: Total time for which application threads were stopped: 0.0117370 seconds, Stopping threads took: 0.0001260 seconds
108.183: Application time: 0.0692030 seconds
108.183: [GC108.183: [ParNew: 15704K->1435K(18432K), 0.0033110 secs] 40774K->36481K(59392K), 0.0033530 secs] [Times: user=0.02 sys=0.00, real=0.00 secs] 
108.186: Total time for which application threads were stopped: 0.0035160 seconds, Stopping threads took: 0.0000900 seconds
108.229: Application time: 0.0430310 seconds
108.229: [GC108.229: [ParNew: 17130K->17130K(18432K), 0.0000110 secs]108.229: [Tenured: 35046K->25785K(40960K), 0.0099410 secs] 52177K->25785K(59392K), [Perm : 6081K->6081K(21248K)], 0.0100030 secs] [Times: user=0.01 sys=0.00, real=0.01 secs] 
108.239: Total time for which application threads were stopped: 0.0101480 seconds, Stopping threads took: 0.0000750 seconds
108.284: Application time: 0.0445640 seconds
108.284: [GC108.284: [ParNew: 15702K->15702K(18432K), 0.0000100 secs]108.284: [Tenured: 25785K->26499K(40960K), 0.0094060 secs] 41487K->26499K(59392K), [Perm : 6081K->6081K(21248K)], 0.0094660 secs] [Times: user=0.01 sys=0.00, real=0.00 secs] 
108.294: Total time for which application threads were stopped: 0.0097380 seconds, Stopping threads took: 0.0001870 seconds
108.359: Application time: 0.0649370 seconds
108.359: [GC108.359: [ParNew: 15695K->15695K(18432K), 0.0000100 secs]108.359: [Tenured: 26499K->27925K(40960K), 0.0110080 secs] 42194K->27925K(59392K), [Perm : 6081K->6081K(21248K)], 0.0110690 secs] [Times: user=0.01 sys=0.00, real=0.01 secs] 
108.370: Total time for which application threads were stopped: 0.0112840 seconds, Stopping threads took: 0.0001250 seconds
108.410: Application time: 0.0397930 seconds
108.410: [GC108.410: [ParNew: 15689K->15689K(18432K), 0.0000100 secs]108.410: [Tenured: 27925K->29345K(40960K), 0.0118270 secs] 43614K->29345K(59392K), [Perm : 6081K->6081K(21248K)], 0.0118890 secs] [Times: user=0.01 sys=0.00, real=0.01 secs] 
108.422: Total time for which application threads were stopped: 0.0121740 seconds, Stopping threads took: 0.0001920 seconds
108.480: Application time: 0.0577260 seconds
108.480: [GC108.480: [ParNew: 15688K->15688K(18432K), 0.0000110 secs]108.480: [Tenured: 29345K->29345K(40960K), 0.0107600 secs] 45034K->29345K(59392K), [Perm : 6081K->6081K(21248K)], 0.0108230 secs] [Times: user=0.01 sys=0.00, real=0.01 secs] 
108.491: Total time for which application threads were stopped: 0.0110660 seconds, Stopping threads took: 0.0001530 seconds
108.542: Application time: 0.0514520 seconds
108.542: [GC108.542: [ParNew: 16383K->16383K(18432K), 0.0000110 secs]108.542: [Tenured: 29345K->28667K(40960K), 0.0097690 secs] 45728K->28667K(59392K), [Perm : 6081K->6081K(21248K)], 0.0098290 secs] [Times: user=0.01 sys=0.00, real=0.00 secs] 
108.552: Total time for which application threads were stopped: 0.0099950 seconds, Stopping threads took: 0.0000960 seconds
108.561: Application time: 0.0089680 seconds
108.561: [GC108.561: [ParNew: 15731K->15731K(18432K), 0.0000110 secs]108.561: [Tenured: 28667K->30087K(40960K), 0.0102740 secs] 44398K->30087K(59392K), [Perm : 6081K->6081K(21248K)], 0.0103330 secs] [Times: user=0.01 sys=0.00, real=0.01 secs] 
108.572: Total time for which application threads were stopped: 0.0105470 seconds, Stopping threads took: 0.0001420 seconds
108.579: Application time: 0.0071290 seconds
108.579: [GC108.579: [ParNew: 15679K->15679K(18432K), 0.0000110 secs]108.579: [Tenured: 30087K->28632K(40960K), 0.0106980 secs] 45766K->28632K(59392K), [Perm : 6081K->6081K(21248K)], 0.0107680 secs] [Times: user=0.01 sys=0.00, real=0.01 secs] 
108.590: Total time for which application threads were stopped: 0.0109100 seconds, Stopping threads took: 0.0000710 seconds
108.594: Application time: 0.0043520 seconds
108.594: [GC108.594: [ParNew: 15683K->15683K(18432K), 0.0000100 secs]108.594: [Tenured: 28632K->30058K(40960K), 0.0061590 secs] 44316K->30058K(59392K), [Perm : 6081K->6081K(21248K)], 0.0062150 secs] [Times: user=0.01 sys=0.00, real=0.00 secs] 
108.600: Total time for which application threads were stopped: 0.0063750 seconds, Stopping threads took: 0.0000900 seconds
108.607: Application time: 0.0066360 seconds
108.607: [GC108.607: [ParNew: 15685K->15685K(18432K), 0.0000100 secs]108.607: [Tenured: 30058K->29346K(40960K), 0.0062540 secs] 45744K->29346K(59392K), [Perm : 6081K->6081K(21248K)], 0.0063110 secs] [Times: user=0.01 sys=0.00, real=0.00 secs] 
108.613: Total time for which application threads were stopped: 0.0064440 seconds, Stopping threads took: 0.0000640 seconds
108.619: Application time: 0.0058270 seconds
108.619: [GC108.619: [ParNew: 15680K->15680K(18432K), 0.0000100 secs]108.619: [Tenured: 29346K->28632K(40960K), 0.0088840 secs] 45026K->28632K(59392K), [Perm : 6081K->6081K(21248K)], 0.0089440 secs] [Times: user=0.01 sys=0.00, real=0.01 secs] 
108.628: Total time for which application threads were stopped: 0.0090850 seconds, Stopping threads took: 0.0000680 seconds
108.635: Application time: 0.0065050 seconds
108.635: [GC108.635: [ParNew: 15681K->15681K(18432K), 0.0000100 secs]108.635: [Tenured: 28632K->28632K(40960K), 0.0085800 secs] 44314K->28632K(59392K), [Perm : 6081K->6081K(21248K)], 0.0086400 secs] [Times: user=0.01 sys=0.00, real=0.01 secs] 
108.644: Total time for which application threads were stopped: 0.0088370 seconds, Stopping threads took: 0.0001250 seconds
108.648: Application time: 0.0042350 seconds
108.648: [GC108.648: [ParNew: 15688K->15688K(18432K), 0.0000100 secs]108.648: [Tenured: 28632K->29345K(40960K), 0.0090380 secs] 44321K->29345K(59392K), [Perm : 6081K->6081K(21248K)], 0.0090960 secs] [Times: user=0.01 sys=0.00, real=0.01 secs] 
108.657: Total time for which application threads were stopped: 0.0092500 seconds, Stopping threads took: 0.0000830 seconds
108.661: Application time: 0.0037400 seconds
108.661: [GC108.661: [ParNew: 15679K->15679K(18432K), 0.0000100 secs]108.661: [Tenured: 29345K->30058K(40960K), 0.0061560 secs] 45024K->30058K(59392K), [Perm : 6081K->6081K(21248K)], 0.0062130 secs] [Times: user=0.01 sys=0.00, real=0.01 secs] 
108.667: Total time for which application threads were stopped: 0.0064070 seconds, Stopping threads took: 0.0001250 seconds
108.689: Application time: 0.0221210 seconds
108.690: [GC108.690: [ParNew: 15690K->15690K(18432K), 0.0000100 secs]108.690: [Tenured: 30058K->27920K(40960K), 0.0097950 secs] 45748K->27920K(59392K), [Perm : 6081K->6081K(21248K)], 0.0098540 secs] [Times: user=0.01 sys=0.00, real=0.01 secs] 
108.700: Total time for which application threads were stopped: 0.0100430 seconds, Stopping threads took: 0.0001100 seconds
108.753: Application time: 0.0531610 seconds
108.753: [GC108.753: [ParNew: 15688K->15688K(18432K), 0.0000100 secs]108.753: [Tenured: 27920K->28632K(40960K), 0.0100970 secs] 43608K->28632K(59392K), [Perm : 6081K->6081K(21248K)], 0.0101570 secs] [Times: user=0.01 sys=0.00, real=0.02 secs] 
108.763: Total time for which application threads were stopped: 0.0103070 seconds, Stopping threads took: 0.0000790 seconds
108.818: Application time: 0.0551030 seconds
108.818: [GC108.818: [ParNew: 15688K->15688K(18432K), 0.0000110 secs]108.818: [Tenured: 28632K->28632K(40960K), 0.0098260 secs] 44320K->28632K(59392K), [Perm : 6081K->6081K(21248K)], 0.0098890 secs] [Times: user=0.01 sys=0.00, real=0.01 secs] 
108.828: Total time for which application threads were stopped: 0.0101000 seconds, Stopping threads took: 0.0001230 seconds
108.880: Application time: 0.0514790 seconds
108.880: [GC108.880: [ParNew: 15690K->15690K(18432K), 0.0000110 secs]108.880: [Tenured: 28632K->28632K(40960K), 0.0107470 secs] 44322K->28632K(59392K), [Perm : 6081K->6081K(21248K)], 0.0108150 secs] [Times: user=0.01 sys=0.00, real=0.01 secs] 
108.891: Total time for which application threads were stopped: 0.0110200 seconds, Stopping threads took: 0.0001360 seconds
108.952: Application time: 0.0612190 seconds
108.952: [GC108.952: [ParNew: 15688K->15688K(18432K), 0.0000110 secs]108.952: [Tenured: 28632K->28632K(40960K), 0.0100650 secs] 44320K->28632K(59392K), [Perm : 6081K->6081K(21248K)], 0.0101260 secs] [Times: user=0.01 sys=0.00, real=0.02 secs] 
108.962: Total time for which application threads were stopped: 0.0103220 seconds, Stopping threads took: 0.0001090 seconds
108.986: Application time: 0.0232720 seconds
108.986: [GC108.986: [ParNew: 15717K->15717K(18432K), 0.0000100 secs]108.986: [Tenured: 28632K->27919K(40960K), 0.0111400 secs] 44349K->27919K(59392K), [Perm : 6081K->6081K(21248K)], 0.0112010 secs] [Times: user=0.01 sys=0.00, real=0.01 secs] 
108.997: Total time for which application threads were stopped: 0.0113420 seconds, Stopping threads took: 0.0000680 seconds
109.004: Application time: 0.0075440 seconds
109.005: [GC109.005: [ParNew: 15679K->15679K(18432K), 0.0000100 secs]109.005: [Tenured: 27919K->26494K(40960K), 0.0096460 secs] 43598K->26494K(59392K), [Perm : 6081K->6081K(21248K)], 0.0097080 secs] [Times: user=0.01 sys=0.00, real=0.01 secs] 
109.015: Total time for which application threads were stopped: 0.0107390 seconds, Stopping threads took: 0.0009550 seconds
109.021: Application time: 0.0059490 seconds
109.021: [GC109.021: [ParNew: 15685K->15685K(18432K), 0.0000120 secs]109.021: [Tenured: 26494K->30057K(40960K), 0.0066430 secs] 42180K->30057K(59392K), [Perm : 6081K->6081K(21248K)], 0.0067020 secs] [Times: user=0.00 sys=0.00, real=0.01 secs] 
109.028: Total time for which application threads were stopped: 0.0068870 seconds, Stopping threads took: 0.0001070 seconds
109.032: Application time: 0.0040550 seconds
109.032: [GC109.032: [ParNew: 15677K->15677K(18432K), 0.0000100 secs]109.032: [Tenured: 30057K->29345K(40960K), 0.0061390 secs] 45735K->29345K(59392K), [Perm : 6081K->6081K(21248K)], 0.0061940 secs] [Times: user=0.00 sys=0.00, real=0.01 secs] 
109.038: Total time for which application threads were stopped: 0.0063450 seconds, Stopping threads took: 0.0000820 seconds
109.046: Application time: 0.0075300 seconds
109.046: [GC109.046: [ParNew: 15686K->15686K(18432K), 0.0000100 secs]109.046: [Tenured: 29345K->28632K(40960K), 0.0067090 secs] 45031K->28632K(59392K), [Perm : 6081K->6081K(21248K)], 0.0067690 secs] [Times: user=0.01 sys=0.00, real=0.00 secs] 
109.053: Total time for which application threads were stopped: 0.0069760 seconds, Stopping threads took: 0.0001250 seconds
109.061: Application time: 0.0077350 seconds
109.061: [GC109.061: [ParNew: 15679K->15679K(18432K), 0.0000100 secs]109.061: [Tenured: 28632K->29344K(40960K), 0.0074250 secs] 44311K->29344K(59392K), [Perm : 6081K->6081K(21248K)], 0.0074790 secs] [Times: user=0.00 sys=0.00, real=0.01 secs] 
109.068: Total time for which application threads were stopped: 0.0077430 seconds, Stopping threads took: 0.0001990 seconds
109.074: Application time: 0.0051430 seconds
109.074: [GC109.074: [ParNew: 15688K->15688K(18432K), 0.0000110 secs]109.074: [Tenured: 29344K->28632K(40960K), 0.0097620 secs] 45033K->28632K(59392K), [Perm : 6081K->6081K(21248K)], 0.0098260 secs] [Times: user=0.01 sys=0.00, real=0.02 secs] 
109.084: Total time for which application threads were stopped: 0.0101220 seconds, Stopping threads took: 0.0002030 seconds
109.088: Application time: 0.0040490 seconds
109.088: [GC109.088: [ParNew: 15679K->15679K(18432K), 0.0000100 secs]109.088: [Tenured: 28632K->29345K(40960K), 0.0066340 secs] 44312K->29345K(59392K), [Perm : 6081K->6081K(21248K)], 0.0066860 secs] [Times: user=0.01 sys=0.00, real=0.01 secs] 
109.095: Total time for which application threads were stopped: 0.0068300 seconds, Stopping threads took: 0.0000790 seconds
109.100: Application time: 0.0051230 seconds
109.100: [GC109.100: [ParNew: 15688K->15688K(18432K), 0.0000110 secs]109.100: [Tenured: 29345K->27919K(40960K), 0.0095800 secs] 45033K->27919K(59392K), [Perm : 6081K->6081K(21248K)], 0.0096510 secs] [Times: user=0.01 sys=0.00, real=0.01 secs] 
109.110: Total time for which application threads were stopped: 0.0098210 seconds, Stopping threads took: 0.0000870 seconds
109.169: Application time: 0.0597150 seconds
109.169: [GC109.169: [ParNew: 15688K->15688K(18432K), 0.0000100 secs]109.169: [Tenured: 27919K->27206K(40960K), 0.0100040 secs] 43607K->27206K(59392K), [Perm : 6081K->6081K(21248K)], 0.0100640 secs] [Times: user=0.01 sys=0.00, real=0.01 secs] 
109.179: Total time for which application threads were stopped: 0.0101960 seconds, Stopping threads took: 0.0000640 seconds
109.224: Application time: 0.0444150 seconds
109.224: [GC109.224: [ParNew: 15689K->15689K(18432K), 0.0000100 secs]109.224: [Tenured: 27206K->27919K(40960K), 0.0099390 secs] 42896K->27919K(59392K), [Perm : 6081K->6081K(21248K)], 0.0100050 secs] [Times: user=0.01 sys=0.00, real=0.01 secs] 
109.234: Total time for which application threads were stopped: 0.0102620 seconds, Stopping threads took: 0.0001660 seconds
109.286: Application time: 0.0523540 seconds
109.287: [GC109.287: [ParNew: 15689K->15689K(18432K), 0.0000110 secs]109.287: [Tenured: 27919K->27919K(40960K), 0.0104780 secs] 43609K->27919K(59392K), [Perm : 6081K->6081K(21248K)], 0.0105390 secs] [Times: user=0.01 sys=0.00, real=0.01 secs] 
109.297: Total time for which application threads were stopped: 0.0107280 seconds, Stopping threads took: 0.0000980 seconds
109.369: Application time: 0.0720320 seconds
109.369: [GC109.369: [ParNew: 15689K->15689K(18432K), 0.0000100 secs]109.369: [Tenured: 27919K->27919K(40960K), 0.0107550 secs] 43608K->27919K(59392K), [Perm : 6081K->6081K(21248K)], 0.0108150 secs] [Times: user=0.01 sys=0.00, real=0.01 secs] 
109.380: Total time for which application threads were stopped: 0.0109910 seconds, Stopping threads took: 0.0001060 seconds
109.405: Application time: 0.0251630 seconds
109.406: [GC109.406: [ParNew: 15719K->15719K(18432K), 0.0000100 secs]109.406: [Tenured: 27919K->28660K(40960K), 0.0100270 secs] 43638K->28660K(59392K), [Perm : 6081K->6081K(21248K)], 0.0100880 secs] [Times: user=0.01 sys=0.00, real=0.01 secs] 
109.416: Total time for which application threads were stopped: 0.0102890 seconds, Stopping threads took: 0.0001140 seconds
109.424: Application time: 0.0081360 seconds
109.424: [GC109.424: [ParNew: 15677K->15677K(18432K), 0.0000100 secs]109.424: [Tenured: 28660K->29373K(40960K), 0.0061570 secs] 44338K->29373K(59392K), [Perm : 6081K->6081K(21248K)], 0.0062130 secs] [Times: user=0.01 sys=0.00, real=0.00 secs] 
109.430: Total time for which application threads were stopped: 0.0063610 seconds, Stopping threads took: 0.0000810 seconds
109.437: Application time: 0.0064600 seconds
109.437: [GC109.437: [ParNew: 15685K->15685K(18432K), 0.0000110 secs]109.437: [Tenured: 29373K->27948K(40960K), 0.0086650 secs] 45059K->27948K(59392K), [Perm : 6081K->6081K(21248K)], 0.0087240 secs] [Times: user=0.01 sys=0.00, real=0.01 secs] 
109.446: Total time for which application threads were stopped: 0.0091950 seconds, Stopping threads took: 0.0003990 seconds
109.450: Application time: 0.0041240 seconds
109.450: [GC109.450: [ParNew: 16189K->16189K(18432K), 0.0000100 secs]109.450: [Tenured: 27948K->25075K(40960K), 0.0100980 secs] 44138K->25075K(59392K), [Perm : 6081K->6081K(21248K)], 0.0101550 secs] [Times: user=0.01 sys=0.00, real=0.01 secs] 
109.460: Total time for which application threads were stopped: 0.0103320 seconds, Stopping threads took: 0.0001070 seconds
109.467: Application time: 0.0071850 seconds
109.468: [GC109.468: [ParNew: 15923K->15923K(18432K), 0.0000100 secs]109.468: [Tenured: 25075K->26494K(40960K), 0.0065130 secs] 40998K->26494K(59392K), [Perm : 6081K->6081K(21248K)], 0.0065700 secs] [Times: user=0.01 sys=0.00, real=0.01 secs] 
109.475: Total time for which application threads were stopped: 0.0073020 seconds, Stopping threads took: 0.0006450 seconds
109.479: Application time: 0.0038780 seconds
109.480: [GC109.480: [ParNew: 15682K->15682K(18432K), 0.0000100 secs]109.480: [Tenured: 26494K->25068K(40960K), 0.0095890 secs] 42177K->25068K(59392K), [Perm : 6081K->6081K(21248K)], 0.0096530 secs] [Times: user=0.01 sys=0.00, real=0.01 secs] 
109.489: Total time for which application threads were stopped: 0.0107340 seconds, Stopping threads took: 0.0009890 seconds
109.494: Application time: 0.0049600 seconds
109.495: [GC109.495: [ParNew: 15680K->1425K(18432K), 0.0006890 secs] 40749K->26494K(59392K), 0.0007240 secs] [Times: user=0.01 sys=0.00, real=0.00 secs] 
109.495: Total time for which application threads were stopped: 0.0010390 seconds, Stopping threads took: 0.0002520 seconds
109.500: Application time: 0.0045840 seconds
109.500: [GC109.500: [ParNew: 17114K->17114K(18432K), 0.0000100 secs]109.500: [Tenured: 25068K->26495K(40960K), 0.0070430 secs] 42183K->26495K(59392K), [Perm : 6081K->6081K(21248K)], 0.0070970 secs] [Times: user=0.01 sys=0.00, real=0.01 secs] 
109.507: Total time for which application threads were stopped: 0.0072200 seconds, Stopping threads took: 0.0000560 seconds
109.511: Application time: 0.0042130 seconds
109.512: [GC109.512: [ParNew: 15683K->15683K(18432K), 0.0000110 secs]109.512: [Tenured: 26495K->25781K(40960K), 0.0102520 secs] 42178K->25781K(59392K), [Perm : 6081K->6081K(21248K)], 0.0103150 secs] [Times: user=0.01 sys=0.00, real=0.02 secs] 
109.523: Total time for which application threads were stopped: 0.0112830 seconds, Stopping threads took: 0.0008750 seconds
109.527: Application time: 0.0038660 seconds
109.527: [GC109.527: [ParNew: 15688K->15688K(18432K), 0.0000110 secs]109.527: [Tenured: 25781K->25781K(40960K), 0.0102620 secs] 41470K->25781K(59392K), [Perm : 6081K->6081K(21248K)], 0.0103270 secs] [Times: user=0.01 sys=0.00, real=0.01 secs] 
109.538: Total time for which application threads were stopped: 0.0109620 seconds, Stopping threads took: 0.0005380 seconds
109.542: Application time: 0.0040680 seconds
109.542: [GC109.542: [ParNew: 16120K->16120K(18432K), 0.0000110 secs]109.542: [Tenured: 25781K->22965K(40960K), 0.0088370 secs] 41902K->22965K(59392K), [Perm : 6081K->6081K(21248K)], 0.0088970 secs] [Times: user=0.01 sys=0.00, real=0.00 secs] 
109.551: Total time for which application threads were stopped: 0.0094050 seconds, Stopping threads took: 0.0004370 seconds
109.555: Application time: 0.0043190 seconds
109.556: [GC109.556: [ParNew: 16376K->1514K(18432K), 0.0006200 secs] 39342K->24480K(59392K), 0.0006490 secs] [Times: user=0.00 sys=0.00, real=0.00 secs] 
109.556: Total time for which application threads were stopped: 0.0008480 seconds, Stopping threads took: 0.0001230 seconds
109.562: Application time: 0.0059360 seconds
109.562: [GC109.562: [ParNew: 17340K->1455K(18432K), 0.0015780 secs] 40306K->28080K(59392K), 0.0016160 secs] [Times: user=0.01 sys=0.00, real=0.00 secs] 
109.564: Total time for which application threads were stopped: 0.0017890 seconds, Stopping threads took: 0.0001110 seconds
109.569: Application time: 0.0052500 seconds
109.570: [GC109.570: [ParNew: 17408K->17408K(18432K), 0.0000100 secs]109.570: [Tenured: 26624K->17315K(40960K), 0.0089680 secs] 44033K->17315K(59392K), [Perm : 6081K->6081K(21248K)], 0.0090250 secs] [Times: user=0.01 sys=0.00, real=0.01 secs] 
109.579: Total time for which application threads were stopped: 0.0095900 seconds, Stopping threads took: 0.0005000 seconds
109.583: Application time: 0.0043180 seconds
109.584: [GC109.584: [ParNew: 16153K->1474K(18432K), 0.0011300 secs] 33468K->20927K(59392K), 0.0011610 secs] [Times: user=0.01 sys=0.00, real=0.00 secs] 
109.585: Total time for which application threads were stopped: 0.0022990 seconds, Stopping threads took: 0.0010800 seconds
109.590: Application time: 0.0042240 seconds
109.591: [GC109.591: [ParNew: 17255K->1437K(18432K), 0.0015360 secs] 36709K->23804K(59392K), 0.0015720 secs] [Times: user=0.01 sys=0.00, real=0.00 secs] 
109.592: Total time for which application threads were stopped: 0.0027400 seconds, Stopping threads took: 0.0010830 seconds
109.596: Application time: 0.0041570 seconds
109.598: [GC109.598: [ParNew: 17241K->1442K(18432K), 0.0015230 secs] 39608K->26661K(59392K), 0.0015670 secs] [Times: user=0.01 sys=0.00, real=0.00 secs] 
109.599: Total time for which application threads were stopped: 0.0027370 seconds, Stopping threads took: 0.0011070 seconds
109.604: Application time: 0.0042770 seconds
109.604: [GC109.604: [ParNew: 17192K->1437K(18432K), 0.0011940 secs] 42412K->28802K(59392K), 0.0012280 secs] [Times: user=0.00 sys=0.00, real=0.00 secs] 
109.606: Total time for which application threads were stopped: 0.0021760 seconds, Stopping threads took: 0.0008670 seconds
109.610: Application time: 0.0042360 seconds
109.610: [GC109.610: [ParNew: 17135K->1439K(18432K), 0.0018330 secs] 44501K->33111K(59392K), 0.0018670 secs] [Times: user=0.01 sys=0.00, real=0.00 secs] 
109.612: Total time for which application threads were stopped: 0.0021660 seconds, Stopping threads took: 0.0002190 seconds
109.616: Application time: 0.0042480 seconds
109.617: [GC109.617: [ParNew: 17125K->17125K(18432K), 0.0000110 secs]109.617: [Tenured: 31672K->20081K(40960K), 0.0100170 secs] 48797K->20081K(59392K), [Perm : 6081K->6081K(21248K)], 0.0100760 secs] [Times: user=0.01 sys=0.00, real=0.01 secs] 
109.627: Total time for which application threads were stopped: 0.0104400 seconds, Stopping threads took: 0.0002910 seconds
109.631: Application time: 0.0042310 seconds
109.632: [GC109.632: [ParNew: 15685K->1427K(18432K), 0.0014110 secs] 35767K->24358K(59392K), 0.0014440 secs] [Times: user=0.01 sys=0.00, real=0.00 secs] 
109.634: Total time for which application threads were stopped: 0.0027030 seconds, Stopping threads took: 0.0011770 seconds
109.638: Application time: 0.0043020 seconds
109.639: [GC109.639: [ParNew: 17121K->1435K(18432K), 0.0017410 secs] 40052K->28641K(59392K), 0.0017790 secs] [Times: user=0.01 sys=0.00, real=0.00 secs] 
109.641: Total time for which application threads were stopped: 0.0025100 seconds, Stopping threads took: 0.0006460 seconds
109.645: Application time: 0.0043690 seconds
109.645: [GC109.645: [ParNew: 17121K->1433K(18432K), 0.0016170 secs] 44328K->32226K(59392K), 0.0016530 secs] [Times: user=0.02 sys=0.00, real=0.00 secs] 
109.647: Total time for which application threads were stopped: 0.0021310 seconds, Stopping threads took: 0.0003970 seconds
109.651: Application time: 0.0039760 seconds
109.652: [GC109.652: [ParNew: 17120K->17120K(18432K), 0.0000090 secs]109.652: [Tenured: 30793K->20081K(40960K), 0.0099450 secs] 47914K->20081K(59392K), [Perm : 6081K->6081K(21248K)], 0.0100040 secs] [Times: user=0.01 sys=0.00, real=0.01 secs] 
109.662: Total time for which application threads were stopped: 0.0106290 seconds, Stopping threads took: 0.0005360 seconds
109.666: Application time: 0.0045990 seconds
109.667: [GC109.667: [ParNew: 15692K->1435K(18432K), 0.0017240 secs] 35773K->25079K(59392K), 0.0017580 secs] [Times: user=0.01 sys=0.00, real=0.00 secs] 
109.668: Total time for which application threads were stopped: 0.0021180 seconds, Stopping threads took: 0.0002990 seconds
109.673: Application time: 0.0041620 seconds
109.673: [GC109.673: [ParNew: 17127K->1435K(18432K), 0.0015540 secs] 40771K->27953K(59392K), 0.0015930 secs] [Times: user=0.01 sys=0.00, real=0.01 secs] 
109.675: Total time for which application threads were stopped: 0.0021420 seconds, Stopping threads took: 0.0004640 seconds
109.679: Application time: 0.0043170 seconds
109.680: [GC109.680: [ParNew: 17123K->1427K(18432K), 0.0018300 secs] 43641K->32260K(59392K), 0.0018650 secs] [Times: user=0.01 sys=0.00, real=0.00 secs] 
109.682: Total time for which application threads were stopped: 0.0026350 seconds, Stopping threads took: 0.0006900 seconds
109.686: Application time: 0.0045380 seconds
109.687: [GC109.687: [ParNew: 17119K->17119K(18432K), 0.0000100 secs]109.687: [Tenured: 30833K->22219K(40960K), 0.0093110 secs] 47952K->22219K(59392K), [Perm : 6081K->6081K(21248K)], 0.0093690 secs] [Times: user=0.01 sys=0.00, real=0.01 secs] 
109.696: Total time for which application threads were stopped: 0.0097730 seconds, Stopping threads took: 0.0003070 seconds
109.700: Application time: 0.0041780 seconds
109.701: [GC109.701: [ParNew: 15687K->1435K(18432K), 0.0016770 secs] 37907K->27217K(59392K), 0.0017100 secs] [Times: user=0.01 sys=0.00, real=0.01 secs] 
109.702: Total time for which application threads were stopped: 0.0021210 seconds, Stopping threads took: 0.0003300 seconds
109.707: Application time: 0.0047710 seconds
109.708: [GC109.708: [ParNew: 17120K->1425K(18432K), 0.0013240 secs] 42903K->29377K(59392K), 0.0013550 secs] [Times: user=0.01 sys=0.00, real=0.00 secs] 
109.709: Total time for which application threads were stopped: 0.0020260 seconds, Stopping threads took: 0.0005910 seconds
109.713: Application time: 0.0040810 seconds
109.715: [GC109.715: [ParNew: 17125K->1437K(18432K), 0.0016760 secs] 45077K->32951K(59392K), 0.0017120 secs] [Times: user=0.02 sys=0.01, real=0.00 secs] 
109.716: Total time for which application threads were stopped: 0.0031070 seconds, Stopping threads took: 0.0013110 seconds
109.720: Application time: 0.0037920 seconds
109.721: [GC109.721: [ParNew: 17121K->1425K(18432K), 0.0019110 secs] 48635K->37262K(59392K), 0.0019510 secs] [Times: user=0.01 sys=0.00, real=0.01 secs] 
109.723: Total time for which application threads were stopped: 0.0023820 seconds, Stopping threads took: 0.0003460 seconds
109.727: Application time: 0.0047570 seconds
109.728: [GC109.728: [ParNew: 17115K->17115K(18432K), 0.0000110 secs]109.728: [Tenured: 35837K->20793K(40960K), 0.0093300 secs] 52953K->20793K(59392K), [Perm : 6081K->6081K(21248K)], 0.0093900 secs] [Times: user=0.01 sys=0.00, real=0.01 secs] 
109.737: Total time for which application threads were stopped: 0.0100630 seconds, Stopping threads took: 0.0005720 seconds
109.742: Application time: 0.0041770 seconds
109.743: [GC109.743: [ParNew: 15691K->1435K(18432K), 0.0013640 secs] 36484K->24365K(59392K), 0.0014000 secs] [Times: user=0.01 sys=0.00, real=0.00 secs] 
109.744: Total time for which application threads were stopped: 0.0026380 seconds, Stopping threads took: 0.0011530 seconds
109.748: Application time: 0.0039240 seconds
109.749: [GC109.749: [ParNew: 17120K->1427K(18432K), 0.0011950 secs] 40051K->25831K(59392K), 0.0012240 secs] [Times: user=0.01 sys=0.00, real=0.00 secs] 
109.751: Total time for which application threads were stopped: 0.0023870 seconds, Stopping threads took: 0.0010870 seconds
109.755: Application time: 0.0040480 seconds
109.755: [GC109.755: [ParNew: 17112K->1425K(18432K), 0.0009660 secs] 41516K->27254K(59392K), 0.0010010 secs] [Times: user=0.01 sys=0.00, real=0.00 secs] 
109.756: Total time for which application threads were stopped: 0.0014910 seconds, Stopping threads took: 0.0004090 seconds
109.760: Application time: 0.0037970 seconds
109.760: [GC109.760: [ParNew: 17117K->1433K(18432K), 0.0020570 secs] 42946K->32251K(59392K), 0.0020930 secs] [Times: user=0.02 sys=0.00, real=0.01 secs] 
109.762: Total time for which application threads were stopped: 0.0023720 seconds, Stopping threads took: 0.0002170 seconds
109.767: Application time: 0.0043900 seconds
109.767: [GC109.767: [ParNew: 17121K->1425K(18432K), 0.0013200 secs] 47938K->35117K(59392K), 0.0013560 secs] [Times: user=0.01 sys=0.00, real=0.00 secs] 
109.769: Total time for which application threads were stopped: 0.0021170 seconds, Stopping threads took: 0.0006980 seconds
109.773: Application time: 0.0039930 seconds
109.773: [GC109.773: [ParNew: 17117K->17117K(18432K), 0.0000100 secs]109.773: [Tenured: 33692K->20082K(40960K), 0.0099630 secs] 50809K->20082K(59392K), [Perm : 6081K->6081K(21248K)], 0.0100230 secs] [Times: user=0.01 sys=0.00, real=0.02 secs] 
109.783: Total time for which application threads were stopped: 0.0106830 seconds, Stopping threads took: 0.0005890 seconds
109.787: Application time: 0.0036220 seconds
109.787: [GC109.787: [ParNew: 15686K->1431K(18432K), 0.0009460 secs] 35768K->22938K(59392K), 0.0009770 secs] [Times: user=0.01 sys=0.00, real=0.00 secs] 
109.788: Total time for which application threads were stopped: 0.0013600 seconds, Stopping threads took: 0.0002910 seconds
109.792: Application time: 0.0036480 seconds
109.793: [GC109.793: [ParNew: 17117K->1427K(18432K), 0.0009630 secs] 38624K->24359K(59392K), 0.0009940 secs] [Times: user=0.00 sys=0.00, real=0.00 secs] 
109.794: Total time for which application threads were stopped: 0.0016060 seconds, Stopping threads took: 0.0005550 seconds
109.798: Application time: 0.0038820 seconds
109.798: [GC109.798: [ParNew: 17114K->1425K(18432K), 0.0019220 secs] 40047K->29345K(59392K), 0.0019570 secs] [Times: user=0.02 sys=0.00, real=0.00 secs] 
109.800: Total time for which application threads were stopped: 0.0021620 seconds, Stopping threads took: 0.0001430 seconds
109.803: Application time: 0.0037690 seconds
109.804: [GC109.804: [ParNew: 17110K->1425K(18432K), 0.0011910 secs] 45031K->31483K(59392K), 0.0012240 secs] [Times: user=0.00 sys=0.00, real=0.00 secs] 
109.806: Total time for which application threads were stopped: 0.0020270 seconds, Stopping threads took: 0.0007430 seconds
109.810: Application time: 0.0042090 seconds
109.810: [GC109.810: [ParNew: 17133K->1439K(18432K), 0.0023420 secs] 47192K->37911K(59392K), 0.0023790 secs] [Times: user=0.01 sys=0.00, real=0.00 secs] 
109.812: Total time for which application threads were stopped: 0.0027140 seconds, Stopping threads took: 0.0002680 seconds
109.816: Application time: 0.0033220 seconds
109.816: [GC109.816: [ParNew: 17123K->17123K(18432K), 0.0000100 secs]109.816: [Tenured: 36472K->21507K(40960K), 0.0100770 secs] 53595K->21507K(59392K), [Perm : 6081K->6081K(21248K)], 0.0101370 secs] [Times: user=0.01 sys=0.00, real=0.01 secs] 
109.826: Total time for which application threads were stopped: 0.0104850 seconds, Stopping threads took: 0.0002770 seconds
109.830: Application time: 0.0035300 seconds
109.830: [GC109.830: [ParNew: 15683K->1425K(18432K), 0.0009660 secs] 37190K->23644K(59392K), 0.0010000 secs] [Times: user=0.01 sys=0.00, real=0.00 secs] 
109.831: Total time for which application threads were stopped: 0.0012040 seconds, Stopping threads took: 0.0001400 seconds
109.834: Application time: 0.0033220 seconds
109.835: [GC109.835: [ParNew: 17108K->1425K(18432K), 0.0016200 secs] 39327K->27207K(59392K), 0.0016530 secs] [Times: user=0.01 sys=0.00, real=0.00 secs] 
109.836: Total time for which application threads were stopped: 0.0018410 seconds, Stopping threads took: 0.0001280 seconds
109.840: Application time: 0.0039280 seconds
109.840: [GC109.840: [ParNew: 17107K->1427K(18432K), 0.0007170 secs] 42890K->27922K(59392K), 0.0007430 secs] [Times: user=0.00 sys=0.00, real=0.00 secs] 
109.841: Total time for which application threads were stopped: 0.0009430 seconds, Stopping threads took: 0.0001460 seconds
109.845: Application time: 0.0035980 seconds
109.845: [GC109.845: [ParNew: 17119K->1435K(18432K), 0.0016880 secs] 43614K->31492K(59392K), 0.0017190 secs] [Times: user=0.01 sys=0.00, real=0.00 secs] 
109.847: Total time for which application threads were stopped: 0.0018690 seconds, Stopping threads took: 0.0000900 seconds
109.896: Application time: 0.0494280 seconds
109.896: [GC109.896: [ParNew: 17138K->1437K(18432K), 0.0025500 secs] 47195K->38635K(59392K), 0.0025870 secs] [Times: user=0.02 sys=0.00, real=0.00 secs] 
109.899: Total time for which application threads were stopped: 0.0027090 seconds, Stopping threads took: 0.0000600 seconds
109.961: Application time: 0.0623350 seconds
109.961: [GC109.961: [ParNew: 17135K->17135K(18432K), 0.0000100 secs]109.961: [Tenured: 37198K->25069K(40960K), 0.0096110 secs] 54333K->25069K(59392K), [Perm : 6081K->6081K(21248K)], 0.0096700 secs] [Times: user=0.01 sys=0.00, real=0.01 secs] 
109.971: Total time for which application threads were stopped: 0.0098400 seconds, Stopping threads took: 0.0001020 seconds
110.040: Application time: 0.0687720 seconds
110.040: [GC110.040: [ParNew: 15691K->1425K(18432K), 0.0068150 secs] 40761K->40744K(59392K), 0.0068510 secs] [Times: user=0.05 sys=0.00, real=0.01 secs] 
110.047: Total time for which application threads were stopped: 0.0070260 seconds, Stopping threads took: 0.0000920 seconds
110.120: Application time: 0.0729340 seconds
110.120: [GC110.120: [ParNew: 17114K->17114K(18432K), 0.0000100 secs]110.120: [Tenured: 39319K->25782K(40960K), 0.0091130 secs] 56434K->25782K(59392K), [Perm : 6081K->6081K(21248K)], 0.0091790 secs] [Times: user=0.00 sys=0.00, real=0.01 secs] 
110.129: Total time for which application threads were stopped: 0.0093800 seconds, Stopping threads took: 0.0001220 seconds
110.195: Application time: 0.0657840 seconds
110.195: [GC110.195: [ParNew: 15691K->1425K(18432K), 0.0045950 secs] 41473K->41457K(59392K), 0.0046360 secs] [Times: user=0.03 sys=0.00, real=0.00 secs] 
110.200: Total time for which application threads were stopped: 0.0047960 seconds, Stopping threads took: 0.0000940 seconds
110.277: Application time: 0.0778570 seconds
110.278: [GC110.278: [ParNew: 17116K->17116K(18432K), 0.0000100 secs]110.278: [Tenured: 40032K->23643K(40960K), 0.0097160 secs] 57148K->23643K(59392K), [Perm : 6081K->6081K(21248K)], 0.0097740 secs] [Times: user=0.01 sys=0.00, real=0.01 secs] 
110.288: Total time for which application threads were stopped: 0.0107140 seconds, Stopping threads took: 0.0008530 seconds
110.360: Application time: 0.0722560 seconds
110.360: [GC110.361: [ParNew: 15695K->1431K(18432K), 0.0043050 secs] 39339K->38612K(59392K), 0.0043490 secs] [Times: user=0.03 sys=0.00, real=0.01 secs] 
110.365: Total time for which application threads were stopped: 0.0044770 seconds, Stopping threads took: 0.0000610 seconds
110.414: Application time: 0.0488790 seconds
110.414: [GC110.414: [ParNew: 17122K->17122K(18432K), 0.0000110 secs]110.414: [Tenured: 37181K->25069K(40960K), 0.0098580 secs] 54304K->25069K(59392K), [Perm : 6081K->6081K(21248K)], 0.0099170 secs] [Times: user=0.01 sys=0.00, real=0.02 secs] 
110.424: Total time for which application threads were stopped: 0.0100470 seconds, Stopping threads took: 0.0000610 seconds
110.484: Application time: 0.0606020 seconds
110.485: [GC110.485: [ParNew: 15691K->1425K(18432K), 0.0048050 secs] 40761K->40744K(59392K), 0.0048510 secs] [Times: user=0.04 sys=0.00, real=0.00 secs] 
110.489: Total time for which application threads were stopped: 0.0050520 seconds, Stopping threads took: 0.0001360 seconds
110.568: Application time: 0.0785990 seconds
110.568: [GC110.568: [ParNew: 17116K->17116K(18432K), 0.0000100 secs]110.568: [Tenured: 39319K->25069K(40960K), 0.0098470 secs] 56436K->25069K(59392K), [Perm : 6081K->6081K(21248K)], 0.0099090 secs] [Times: user=0.01 sys=0.00, real=0.01 secs] 
110.578: Total time for which application threads were stopped: 0.0100920 seconds, Stopping threads took: 0.0001120 seconds
110.646: Application time: 0.0674890 seconds
110.646: [GC110.646: [ParNew: 15691K->1425K(18432K), 0.0047580 secs] 40761K->40744K(59392K), 0.0048040 secs] [Times: user=0.04 sys=0.00, real=0.00 secs] 
110.651: Total time for which application threads were stopped: 0.0049870 seconds, Stopping threads took: 0.0001140 seconds
110.721: Application time: 0.0704940 seconds
110.721: [GC110.721: [ParNew: 17122K->17122K(18432K), 0.0000120 secs]110.721: [Tenured: 39319K->25783K(40960K), 0.0106430 secs] 56442K->25783K(59392K), [Perm : 6081K->6081K(21248K)], 0.0107070 secs] [Times: user=0.01 sys=0.00, real=0.01 secs] 
110.732: Total time for which application threads were stopped: 0.0109760 seconds, Stopping threads took: 0.0002000 seconds
110.811: Application time: 0.0791850 seconds
110.811: [GC110.811: [ParNew: 15710K->15710K(18432K), 0.0000120 secs]110.811: [Tenured: 25783K->25781K(40960K), 0.0110360 secs] 41493K->25781K(59392K), [Perm : 6081K->6081K(21248K)], 0.0110980 secs] [Times: user=0.01 sys=0.00, real=0.02 secs] 
110.823: Total time for which application threads were stopped: 0.0112950 seconds, Stopping threads took: 0.0001030 seconds
110.900: Application time: 0.0769200 seconds
110.900: [GC110.900: [ParNew: 15697K->15697K(18432K), 0.0000100 secs]110.900: [Tenured: 25781K->27919K(40960K), 0.0095330 secs] 41479K->27919K(59392K), [Perm : 6081K->6081K(21248K)], 0.0095940 secs] [Times: user=0.01 sys=0.00, real=0.01 secs] 
110.909: Total time for which application threads were stopped: 0.0098190 seconds, Stopping threads took: 0.0001290 seconds
110.965: Application time: 0.0554180 seconds
110.965: [GC110.965: [ParNew: 15697K->15697K(18432K), 0.0000100 secs]110.965: [Tenured: 27919K->28632K(40960K), 0.0099640 secs] 43617K->28632K(59392K), [Perm : 6081K->6081K(21248K)], 0.0100280 secs] [Times: user=0.01 sys=0.00, real=0.01 secs] 
110.975: Total time for which application threads were stopped: 0.0102520 seconds, Stopping threads took: 0.0001230 seconds
111.039: Application time: 0.0644840 seconds
111.040: [GC111.040: [ParNew: 15698K->15698K(18432K), 0.0000100 secs]111.040: [Tenured: 28632K->30058K(40960K), 0.0093480 secs] 44331K->30058K(59392K), [Perm : 6081K->6081K(21248K)], 0.0094060 secs] [Times: user=0.01 sys=0.00, real=0.01 secs] 
111.049: Total time for which application threads were stopped: 0.0095620 seconds, Stopping threads took: 0.0000780 seconds
111.105: Application time: 0.0560770 seconds
111.105: [GC111.105: [ParNew: 15689K->15689K(18432K), 0.0000110 secs]111.105: [Tenured: 30058K->29343K(40960K), 0.0125990 secs] 45748K->29343K(59392K), [Perm : 6081K->6081K(21248K)], 0.0126620 secs] [Times: user=0.01 sys=0.00, real=0.01 secs] 
111.118: Total time for which application threads were stopped: 0.0128930 seconds, Stopping threads took: 0.0001310 seconds
111.176: Application time: 0.0578590 seconds
111.176: [GC111.176: [ParNew: 15689K->15689K(18432K), 0.0000110 secs]111.176: [Tenured: 29343K->29343K(40960K), 0.0093310 secs] 45033K->29343K(59392K), [Perm : 6081K->6081K(21248K)], 0.0093910 secs] [Times: user=0.01 sys=0.00, real=0.01 secs] 
111.185: Total time for which application threads were stopped: 0.0095310 seconds, Stopping threads took: 0.0000690 seconds
111.259: Application time: 0.0738680 seconds
111.259: [GC111.259: [ParNew: 15689K->15689K(18432K), 0.0000100 secs]111.260: [Tenured: 29343K->28631K(40960K), 0.0097960 secs] 45033K->28631K(59392K), [Perm : 6081K->6081K(21248K)], 0.0098560 secs] [Times: user=0.01 sys=0.00, real=0.01 secs] 
111.269: Total time for which application threads were stopped: 0.0100710 seconds, Stopping threads took: 0.0001260 seconds
111.336: Application time: 0.0666990 seconds
111.336: [GC111.336: [ParNew: 15698K->15698K(18432K), 0.0000100 secs]111.336: [Tenured: 28631K->29344K(40960K), 0.0100320 secs] 44329K->29344K(59392K), [Perm : 6081K->6081K(21248K)], 0.0100900 secs] [Times: user=0.01 sys=0.00, real=0.01 secs] 
111.346: Total time for which application threads were stopped: 0.0102360 seconds, Stopping threads took: 0.0000680 seconds
111.419: Application time: 0.0727600 seconds
111.419: [GC111.419: [ParNew: 15689K->15689K(18432K), 0.0000110 secs]111.419: [Tenured: 29344K->27918K(40960K), 0.0117930 secs] 45034K->27918K(59392K), [Perm : 6081K->6081K(21248K)], 0.0118530 secs] [Times: user=0.01 sys=0.00, real=0.01 secs] 
111.431: Total time for which application threads were stopped: 0.0119910 seconds, Stopping threads took: 0.0000700 seconds
111.502: Application time: 0.0709930 seconds
111.502: [GC111.502: [ParNew: 15691K->15691K(18432K), 0.0000100 secs]111.502: [Tenured: 27918K->27918K(40960K), 0.0091280 secs] 43610K->27918K(59392K), [Perm : 6081K->6081K(21248K)], 0.0091850 secs] [Times: user=0.01 sys=0.00, real=0.00 secs] 
111.511: Total time for which application threads were stopped: 0.0093130 seconds, Stopping threads took: 0.0000610 seconds
111.557: Application time: 0.0460790 seconds
111.558: [GC111.558: [ParNew: 15689K->15689K(18432K), 0.0000100 secs]111.558: [Tenured: 27918K->28631K(40960K), 0.0093040 secs] 43608K->28631K(59392K), [Perm : 6081K->6081K(21248K)], 0.0093640 secs] [Times: user=0.01 sys=0.00, real=0.01 secs] 
111.567: Total time for which application threads were stopped: 0.0094920 seconds, Stopping threads took: 0.0000590 seconds
111.627: Application time: 0.0596130 seconds
111.627: [GC111.627: [ParNew: 15689K->15689K(18432K), 0.0000100 secs]111.627: [Tenured: 28631K->27918K(40960K), 0.0091620 secs] 44321K->27918K(59392K), [Perm : 6081K->6081K(21248K)], 0.0092200 secs] [Times: user=0.00 sys=0.00, real=0.01 secs] 
111.636: Total time for which application threads were stopped: 0.0093600 seconds, Stopping threads took: 0.0000630 seconds
111.696: Application time: 0.0604580 seconds
111.697: [GC111.697: [ParNew: 15700K->15700K(18432K), 0.0000100 secs]111.697: [Tenured: 27918K->26494K(40960K), 0.0108460 secs] 43619K->26494K(59392K), [Perm : 6081K->6081K(21248K)], 0.0109050 secs] [Times: user=0.01 sys=0.00, real=0.01 secs] 
111.708: Total time for which application threads were stopped: 0.0111500 seconds, Stopping threads took: 0.0001580 seconds
111.771: Application time: 0.0635020 seconds
111.771: [GC111.771: [ParNew: 15689K->15689K(18432K), 0.0000110 secs]111.771: [Tenured: 26494K->27919K(40960K), 0.0109570 secs] 42183K->27919K(59392K), [Perm : 6081K->6081K(21248K)], 0.0110190 secs] [Times: user=0.01 sys=0.00, real=0.02 secs] 
111.782: Total time for which application threads were stopped: 0.0112010 seconds, Stopping threads took: 0.0001130 seconds
111.849: Application time: 0.0672060 seconds
111.850: [GC111.850: [ParNew: 15713K->15713K(18432K), 0.0000110 secs]111.850: [Tenured: 27919K->22931K(40960K), 0.0107590 secs] 43633K->22931K(59392K), [Perm : 6081K->6081K(21248K)], 0.0108200 secs] [Times: user=0.01 sys=0.00, real=0.01 secs] 
111.860: Total time for which application threads were stopped: 0.0109580 seconds, Stopping threads took: 0.0000590 seconds
111.908: Application time: 0.0472360 seconds
111.908: [GC111.908: [ParNew: 15690K->1427K(18432K), 0.0040290 secs] 38621K->35759K(59392K), 0.0040710 secs] [Times: user=0.03 sys=0.00, real=0.00 secs] 
111.912: Total time for which application threads were stopped: 0.0042280 seconds, Stopping threads took: 0.0000830 seconds
111.952: Application time: 0.0405930 seconds
111.953: [GC111.953: [ParNew: 17132K->17132K(18432K), 0.0000100 secs]111.953: [Tenured: 34332K->22931K(40960K), 0.0107990 secs] 51464K->22931K(59392K), [Perm : 6081K->6081K(21248K)], 0.0108580 secs] [Times: user=0.01 sys=0.00, real=0.02 secs] 
111.963: Total time for which application threads were stopped: 0.0110020 seconds, Stopping threads took: 0.0000750 seconds
112.029: Application time: 0.0658550 seconds
112.030: [GC112.030: [ParNew: 15687K->1427K(18432K), 0.0035760 secs] 38619K->35047K(59392K), 0.0036150 secs] [Times: user=0.03 sys=0.00, real=0.00 secs] 
112.033: Total time for which application threads were stopped: 0.0038310 seconds, Stopping threads took: 0.0001530 seconds
112.078: Application time: 0.0449780 seconds
112.078: [GC112.078: [ParNew: 17122K->17122K(18432K), 0.0000110 secs]112.078: [Tenured: 33619K->24357K(40960K), 0.0109000 secs] 50741K->24357K(59392K), [Perm : 6081K->6081K(21248K)], 0.0109590 secs] [Times: user=0.01 sys=0.00, real=0.01 secs] 
112.089: Total time for which application threads were stopped: 0.0111680 seconds, Stopping threads took: 0.0001280 seconds
112.133: Application time: 0.0436130 seconds
112.133: [GC112.133: [ParNew: 15688K->1427K(18432K), 0.0037160 secs] 40045K->36472K(59392K), 0.0037570 secs] [Times: user=0.02 sys=0.00, real=0.01 secs] 
112.137: Total time for which application threads were stopped: 0.0038870 seconds, Stopping threads took: 0.0000650 seconds
112.197: Application time: 0.0599400 seconds
112.197: [GC112.197: [ParNew: 17115K->17115K(18432K), 0.0000100 secs]112.197: [Tenured: 35045K->25069K(40960K), 0.0094040 secs] 52160K->25069K(59392K), [Perm : 6081K->6081K(21248K)], 0.0094590 secs] [Times: user=0.01 sys=0.00, real=0.01 secs] 
112.206: Total time for which application threads were stopped: 0.0095910 seconds, Stopping threads took: 0.0000650 seconds
112.255: Application time: 0.0485420 seconds
112.255: [GC112.255: [ParNew: 15688K->1427K(18432K), 0.0037470 secs] 40758K->37185K(59392K), 0.0037920 secs] [Times: user=0.03 sys=0.00, real=0.00 secs] 
112.259: Total time for which application threads were stopped: 0.0039490 seconds, Stopping threads took: 0.0000820 seconds
112.299: Application time: 0.0401070 seconds
112.299: [GC112.299: [ParNew: 17115K->17115K(18432K), 0.0000110 secs]112.299: [Tenured: 35758K->25070K(40960K), 0.0091820 secs] 52874K->25070K(59392K), [Perm : 6081K->6081K(21248K)], 0.0092490 secs] [Times: user=0.01 sys=0.00, real=0.01 secs] 
112.308: Total time for which application threads were stopped: 0.0094970 seconds, Stopping threads took: 0.0001680 seconds
112.371: Application time: 0.0621370 seconds
112.371: [GC112.371: [ParNew: 15695K->1435K(18432K), 0.0037260 secs] 40765K->37193K(59392K), 0.0037700 secs] [Times: user=0.02 sys=0.00, real=0.01 secs] 
112.375: Total time for which application threads were stopped: 0.0039600 seconds, Stopping threads took: 0.0001120 seconds
112.421: Application time: 0.0464670 seconds
112.421: [GC112.421: [ParNew: 17124K->17124K(18432K), 0.0000100 secs]112.421: [Tenured: 35758K->25783K(40960K), 0.0110220 secs] 52882K->25783K(59392K), [Perm : 6081K->6081K(21248K)], 0.0110830 secs] [Times: user=0.01 sys=0.00, real=0.01 secs] 
112.432: Total time for which application threads were stopped: 0.0112460 seconds, Stopping threads took: 0.0000920 seconds
112.483: Application time: 0.0506170 seconds
112.483: [GC112.483: [ParNew: 15688K->15688K(18432K), 0.0000100 secs]112.483: [Tenured: 25783K->25070K(40960K), 0.0109490 secs] 41472K->25070K(59392K), [Perm : 6081K->6081K(21248K)], 0.0110090 secs] [Times: user=0.01 sys=0.00, real=0.00 secs] 
112.494: Total time for which application threads were stopped: 0.0111780 seconds, Stopping threads took: 0.0000880 seconds
112.545: Application time: 0.0513950 seconds
112.546: [GC112.546: [ParNew: 15688K->1425K(18432K), 0.0038240 secs] 40759K->37184K(59392K), 0.0038650 secs] [Times: user=0.03 sys=0.00, real=0.00 secs] 
112.550: Total time for which application threads were stopped: 0.0040810 seconds, Stopping threads took: 0.0001330 seconds
112.619: Application time: 0.0693910 seconds
112.619: [GC112.619: [ParNew: 17114K->17114K(18432K), 0.0000100 secs]112.619: [Tenured: 35759K->25070K(40960K), 0.0106650 secs] 52873K->25070K(59392K), [Perm : 6081K->6081K(21248K)], 0.0107280 secs] [Times: user=0.02 sys=0.00, real=0.01 secs] 
112.630: Total time for which application threads were stopped: 0.0108830 seconds, Stopping threads took: 0.0000840 seconds
112.658: Application time: 0.0278790 seconds
112.658: [GC112.658: [ParNew: 15688K->1425K(18432K), 0.0035990 secs] 40759K->37184K(59392K), 0.0036410 secs] [Times: user=0.02 sys=0.01, real=0.00 secs] 
112.661: Total time for which application threads were stopped: 0.0037910 seconds, Stopping threads took: 0.0000870 seconds
112.720: Application time: 0.0587230 seconds
112.720: [GC112.720: [ParNew: 17120K->17120K(18432K), 0.0000110 secs]112.720: [Tenured: 35759K->25071K(40960K), 0.0098830 secs] 52879K->25071K(59392K), [Perm : 6081K->6081K(21248K)], 0.0099440 secs] [Times: user=0.01 sys=0.00, real=0.01 secs] 
112.730: Total time for which application threads were stopped: 0.0100860 seconds, Stopping threads took: 0.0000720 seconds
112.793: Application time: 0.0622900 seconds
112.793: [GC112.793: [ParNew: 15689K->1425K(18432K), 0.0036810 secs] 40760K->37185K(59392K), 0.0037240 secs] [Times: user=0.03 sys=0.00, real=0.01 secs] 
112.796: Total time for which application threads were stopped: 0.0038900 seconds, Stopping threads took: 0.0001010 seconds
112.845: Application time: 0.0480530 seconds
112.845: [GC112.845: [ParNew: 17120K->17120K(18432K), 0.0000100 secs]112.845: [Tenured: 35760K->25784K(40960K), 0.0099980 secs] 52880K->25784K(59392K), [Perm : 6081K->6081K(21248K)], 0.0100570 secs] [Times: user=0.01 sys=0.00, real=0.01 secs] 
112.855: Total time for which application threads were stopped: 0.0101960 seconds, Stopping threads took: 0.0000720 seconds
112.893: Application time: 0.0386200 seconds
112.893: [GC112.893: [ParNew: 15702K->15702K(18432K), 0.0000110 secs]112.894: [Tenured: 25784K->26495K(40960K), 0.0110960 secs] 41487K->26495K(59392K), [Perm : 6081K->6081K(21248K)], 0.0111560 secs] [Times: user=0.01 sys=0.00, real=0.02 secs] 
112.905: Total time for which application threads were stopped: 0.0113060 seconds, Stopping threads took: 0.0000660 seconds
112.967: Application time: 0.0624650 seconds
112.967: [GC112.967: [ParNew: 15695K->15695K(18432K), 0.0000100 secs]112.967: [Tenured: 26495K->27921K(40960K), 0.0102570 secs] 42191K->27921K(59392K), [Perm : 6081K->6081K(21248K)], 0.0103240 secs] [Times: user=0.01 sys=0.00, real=0.01 secs] 
112.978: Total time for which application threads were stopped: 0.0104840 seconds, Stopping threads took: 0.0000910 seconds
113.026: Application time: 0.0481920 seconds
113.026: [GC113.026: [ParNew: 15695K->15695K(18432K), 0.0000100 secs]113.026: [Tenured: 27921K->28635K(40960K), 0.0101160 secs] 43616K->28635K(59392K), [Perm : 6081K->6081K(21248K)], 0.0101750 secs] [Times: user=0.01 sys=0.00, real=0.01 secs] 
113.036: Total time for which application threads were stopped: 0.0103370 seconds, Stopping threads took: 0.0000930 seconds
113.077: Application time: 0.0407980 seconds
113.077: [GC113.077: [ParNew: 16128K->16128K(18432K), 0.0000100 secs]113.077: [Tenured: 28635K->27958K(40960K), 0.0092030 secs] 44763K->27958K(59392K), [Perm : 6081K->6081K(21248K)], 0.0092600 secs] [Times: user=0.01 sys=0.00, real=0.01 secs] 
113.086: Total time for which application threads were stopped: 0.0094760 seconds, Stopping threads took: 0.0001390 seconds
113.102: Application time: 0.0152000 seconds
113.102: [GC113.102: [ParNew: 15988K->15988K(18432K), 0.0000110 secs]113.102: [Tenured: 27958K->29345K(40960K), 0.0126740 secs] 43946K->29345K(59392K), [Perm : 6081K->6081K(21248K)], 0.0127370 secs] [Times: user=0.02 sys=0.00, real=0.02 secs] 
113.115: Total time for which application threads were stopped: 0.0129630 seconds, Stopping threads took: 0.0001490 seconds
113.123: Application time: 0.0088660 seconds
113.124: [GC113.124: [ParNew: 15683K->15683K(18432K), 0.0000100 secs]113.124: [Tenured: 29345K->30771K(40960K), 0.0061910 secs] 45029K->30771K(59392K), [Perm : 6081K->6081K(21248K)], 0.0062480 secs] [Times: user=0.00 sys=0.00, real=0.00 secs] 
113.130: Total time for which application threads were stopped: 0.0064500 seconds, Stopping threads took: 0.0001340 seconds
113.134: Application time: 0.0038230 seconds
113.134: [GC113.134: [ParNew: 15677K->15677K(18432K), 0.0000100 secs]113.134: [Tenured: 30771K->30771K(40960K), 0.0061270 secs] 46449K->30771K(59392K), [Perm : 6081K->6081K(21248K)], 0.0061850 secs] [Times: user=0.01 sys=0.00, real=0.01 secs] 
113.140: Total time for which application threads were stopped: 0.0063770 seconds, Stopping threads took: 0.0001250 seconds
113.147: Application time: 0.0070510 seconds
113.147: [GC113.147: [ParNew: 15685K->15685K(18432K), 0.0000110 secs]113.147: [Tenured: 30771K->30059K(40960K), 0.0063940 secs] 46457K->30059K(59392K), [Perm : 6081K->6081K(21248K)], 0.0064490 secs] [Times: user=0.00 sys=0.00, real=0.00 secs] 
113.154: Total time for which application threads were stopped: 0.0065880 seconds, Stopping threads took: 0.0000740 seconds
113.160: Application time: 0.0062760 seconds
113.160: [GC113.160: [ParNew: 15680K->15680K(18432K), 0.0000100 secs]113.160: [Tenured: 30059K->28633K(40960K), 0.0084890 secs] 45740K->28633K(59392K), [Perm : 6081K->6081K(21248K)], 0.0085480 secs] [Times: user=0.01 sys=0.00, real=0.01 secs] 
113.169: Total time for which application threads were stopped: 0.0087310 seconds, Stopping threads took: 0.0001110 seconds
113.174: Application time: 0.0057090 seconds
113.175: [GC113.175: [ParNew: 15682K->15682K(18432K), 0.0000110 secs]113.175: [Tenured: 28633K->29346K(40960K), 0.0090980 secs] 44315K->29346K(59392K), [Perm : 6081K->6081K(21248K)], 0.0091570 secs] [Times: user=0.01 sys=0.00, real=0.01 secs] 
113.184: Total time for which application threads were stopped: 0.0093060 seconds, Stopping threads took: 0.0000830 seconds
113.188: Application time: 0.0045230 seconds
113.188: [GC113.189: [ParNew: 15688K->15688K(18432K), 0.0000110 secs]113.189: [Tenured: 29346K->30772K(40960K), 0.0070700 secs] 45035K->30772K(59392K), [Perm : 6081K->6081K(21248K)], 0.0071300 secs] [Times: user=0.01 sys=0.00, real=0.01 secs] 
113.196: Total time for which application threads were stopped: 0.0073380 seconds, Stopping threads took: 0.0001400 seconds
113.199: Application time: 0.0038350 seconds
113.200: [GC113.200: [ParNew: 15678K->15678K(18432K), 0.0000110 secs]113.200: [Tenured: 30772K->31484K(40960K), 0.0068120 secs] 46451K->31484K(59392K), [Perm : 6081K->6081K(21248K)], 0.0068710 secs] [Times: user=0.01 sys=0.00, real=0.01 secs] 
113.207: Total time for which application threads were stopped: 0.0070070 seconds, Stopping threads took: 0.0000730 seconds
113.226: Application time: 0.0192050 seconds
113.226: [GC113.226: [ParNew: 15692K->15692K(18432K), 0.0000110 secs]113.226: [Tenured: 31484K->27920K(40960K), 0.0092230 secs] 47177K->27920K(59392K), [Perm : 6081K->6081K(21248K)], 0.0092810 secs] [Times: user=0.01 sys=0.00, real=0.01 secs] 
113.235: Total time for which application threads were stopped: 0.0094960 seconds, Stopping threads took: 0.0001360 seconds
113.294: Application time: 0.0583500 seconds
113.294: [GC113.294: [ParNew: 15688K->15688K(18432K), 0.0000100 secs]113.294: [Tenured: 27920K->27920K(40960K), 0.0092060 secs] 43609K->27920K(59392K), [Perm : 6081K->6081K(21248K)], 0.0092650 secs] [Times: user=0.01 sys=0.00, real=0.02 secs] 
113.303: Total time for which application threads were stopped: 0.0094070 seconds, Stopping threads took: 0.0000750 seconds
113.364: Application time: 0.0607270 seconds
113.364: [GC113.364: [ParNew: 15690K->15690K(18432K), 0.0000100 secs]113.364: [Tenured: 27920K->28633K(40960K), 0.0091680 secs] 43610K->28633K(59392K), [Perm : 6081K->6081K(21248K)], 0.0092270 secs] [Times: user=0.01 sys=0.00, real=0.00 secs] 
113.373: Total time for which application threads were stopped: 0.0093610 seconds, Stopping threads took: 0.0000640 seconds
113.416: Application time: 0.0424580 seconds
113.416: [GC113.416: [ParNew: 15688K->15688K(18432K), 0.0000100 secs]113.416: [Tenured: 28633K->28632K(40960K), 0.0092840 secs] 44321K->28632K(59392K), [Perm : 6081K->6081K(21248K)], 0.0093450 secs] [Times: user=0.01 sys=0.00, real=0.01 secs] 
113.425: Total time for which application threads were stopped: 0.0094890 seconds, Stopping threads took: 0.0000620 seconds
113.443: Application time: 0.0182980 seconds
113.443: [GC113.443: [ParNew: 15712K->15712K(18432K), 0.0000100 secs]113.444: [Tenured: 28632K->27920K(40960K), 0.0105530 secs] 44345K->27920K(59392K), [Perm : 6081K->6081K(21248K)], 0.0106120 secs] [Times: user=0.01 sys=0.00, real=0.01 secs] 
113.454: Total time for which application threads were stopped: 0.0108120 seconds, Stopping threads took: 0.0001270 seconds
113.461: Application time: 0.0072260 seconds
113.462: [GC113.462: [ParNew: 15685K->15685K(18432K), 0.0000100 secs]113.462: [Tenured: 27920K->27920K(40960K), 0.0097340 secs] 43606K->27920K(59392K), [Perm : 6081K->6081K(21248K)], 0.0097960 secs] [Times: user=0.01 sys=0.00, real=0.01 secs] 
113.471: Total time for which application threads were stopped: 0.0100690 seconds, Stopping threads took: 0.0001820 seconds
113.475: Application time: 0.0039930 seconds
113.476: [GC113.476: [ParNew: 15677K->15677K(18432K), 0.0000100 secs]113.476: [Tenured: 27920K->29345K(40960K), 0.0061950 secs] 43597K->29345K(59392K), [Perm : 6081K->6081K(21248K)], 0.0062510 secs] [Times: user=0.00 sys=0.00, real=0.00 secs] 
113.482: Total time for which application threads were stopped: 0.0064030 seconds, Stopping threads took: 0.0000840 seconds
113.488: Application time: 0.0064730 seconds
113.489: [GC113.489: [ParNew: 15687K->15687K(18432K), 0.0000100 secs]113.489: [Tenured: 29345K->27920K(40960K), 0.0104490 secs] 45033K->27920K(59392K), [Perm : 6081K->6081K(21248K)], 0.0105090 secs] [Times: user=0.02 sys=0.00, real=0.01 secs] 
113.499: Total time for which application threads were stopped: 0.0107990 seconds, Stopping threads took: 0.0001970 seconds
113.506: Application time: 0.0071470 seconds
113.506: [GC113.506: [ParNew: 15678K->15678K(18432K), 0.0000110 secs]113.506: [Tenured: 27920K->28633K(40960K), 0.0068410 secs] 43598K->28633K(59392K), [Perm : 6081K->6081K(21248K)], 0.0068960 secs] [Times: user=0.01 sys=0.00, real=0.00 secs] 
113.513: Total time for which application threads were stopped: 0.0070360 seconds, Stopping threads took: 0.0000710 seconds
113.518: Application time: 0.0048050 seconds
113.519: [GC113.519: [ParNew: 15685K->15685K(18432K), 0.0000110 secs]113.519: [Tenured: 28633K->26495K(40960K), 0.0104440 secs] 44318K->26495K(59392K), [Perm : 6081K->6081K(21248K)], 0.0105150 secs] [Times: user=0.01 sys=0.00, real=0.01 secs] 
113.530: Total time for which application threads were stopped: 0.0116480 seconds, Stopping threads took: 0.0010390 seconds
113.535: Application time: 0.0054510 seconds
113.536: [GC113.536: [ParNew: 15688K->15688K(18432K), 0.0000100 secs]113.536: [Tenured: 26495K->28634K(40960K), 0.0073460 secs] 42184K->28634K(59392K), [Perm : 6081K->6081K(21248K)], 0.0074030 secs] [Times: user=0.01 sys=0.00, real=0.01 secs] 
113.543: Total time for which application threads were stopped: 0.0078830 seconds, Stopping threads took: 0.0003940 seconds
113.546: Application time: 0.0033740 seconds
113.547: [GC113.547: [ParNew: 15681K->15681K(18432K), 0.0000100 secs]113.547: [Tenured: 28634K->28633K(40960K), 0.0090640 secs] 44315K->28633K(59392K), [Perm : 6081K->6081K(21248K)], 0.0091260 secs] [Times: user=0.00 sys=0.00, real=0.01 secs] 
113.556: Total time for which application threads were stopped: 0.0092700 seconds, Stopping threads took: 0.0000710 seconds
113.560: Application time: 0.0046860 seconds
113.561: [GC113.561: [ParNew: 15680K->15680K(18432K), 0.0000100 secs]113.561: [Tenured: 28633K->27207K(40960K), 0.0101100 secs] 44313K->27207K(59392K), [Perm : 6081K->6081K(21248K)], 0.0101720 secs] [Times: user=0.01 sys=0.00, real=0.01 secs] 
113.571: Total time for which application threads were stopped: 0.0104820 seconds, Stopping threads took: 0.0002180 seconds
113.633: Application time: 0.0618830 seconds
113.633: [GC113.633: [ParNew: 15698K->15698K(18432K), 0.0000100 secs]113.633: [Tenured: 27207K->27207K(40960K), 0.0098780 secs] 42905K->27207K(59392K), [Perm : 6081K->6081K(21248K)], 0.0099390 secs] [Times: user=0.01 sys=0.00, real=0.02 secs] 
113.643: Total time for which application threads were stopped: 0.0101540 seconds, Stopping threads took: 0.0001340 seconds
113.714: Application time: 0.0708430 seconds
113.714: [GC113.714: [ParNew: 15690K->15690K(18432K), 0.0000100 secs]113.714: [Tenured: 27207K->26494K(40960K), 0.0090740 secs] 42897K->26494K(59392K), [Perm : 6081K->6081K(21248K)], 0.0091320 secs] [Times: user=0.01 sys=0.00, real=0.02 secs] 
113.723: Total time for which application threads were stopped: 0.0092500 seconds, Stopping threads took: 0.0000510 seconds
113.770: Application time: 0.0472740 seconds
113.770: [GC113.770: [ParNew: 15689K->15689K(18432K), 0.0000090 secs]113.770: [Tenured: 26494K->27919K(40960K), 0.0090970 secs] 42184K->27919K(59392K), [Perm : 6081K->6081K(21248K)], 0.0091570 secs] [Times: user=0.01 sys=0.00, real=0.01 secs] 
113.780: Total time for which application threads were stopped: 0.0092820 seconds, Stopping threads took: 0.0000570 seconds
113.823: Application time: 0.0432110 seconds
113.823: [GC113.823: [ParNew: 15687K->15687K(18432K), 0.0000100 secs]113.823: [Tenured: 27919K->27919K(40960K), 0.0098160 secs] 43607K->27919K(59392K), [Perm : 6081K->6081K(21248K)], 0.0098760 secs] [Times: user=0.01 sys=0.00, real=0.00 secs] 
113.833: Total time for which application threads were stopped: 0.0100060 seconds, Stopping threads took: 0.0000610 seconds
113.894: Application time: 0.0613510 seconds
113.894: [GC113.894: [ParNew: 15687K->15687K(18432K), 0.0000100 secs]113.894: [Tenured: 27919K->27919K(40960K), 0.0100310 secs] 43607K->27919K(59392K), [Perm : 6081K->6081K(21248K)], 0.0100920 secs] [Times: user=0.01 sys=0.00, real=0.01 secs] 
113.904: Total time for which application threads were stopped: 0.0102710 seconds, Stopping threads took: 0.0001110 seconds
113.925: Application time: 0.0204010 seconds
113.925: [GC113.925: [ParNew: 15717K->15717K(18432K), 0.0000090 secs]113.925: [Tenured: 27919K->29374K(40960K), 0.0100620 secs] 43636K->29374K(59392K), [Perm : 6081K->6081K(21248K)], 0.0101210 secs] [Times: user=0.01 sys=0.00, real=0.01 secs] 
113.935: Total time for which application threads were stopped: 0.0102710 seconds, Stopping threads took: 0.0000670 seconds
113.944: Application time: 0.0093120 seconds
113.945: [GC113.945: [ParNew: 15677K->15677K(18432K), 0.0000110 secs]113.945: [Tenured: 29374K->28661K(40960K), 0.0066360 secs] 45051K->28661K(59392K), [Perm : 6081K->6081K(21248K)], 0.0066990 secs] [Times: user=0.01 sys=0.00, real=0.00 secs] 
113.951: Total time for which application threads were stopped: 0.0069120 seconds, Stopping threads took: 0.0001370 seconds
113.957: Application time: 0.0056570 seconds
113.957: [GC113.957: [ParNew: 15683K->15683K(18432K), 0.0000110 secs]113.957: [Tenured: 28661K->27919K(40960K), 0.0110580 secs] 44345K->27919K(59392K), [Perm : 6081K->6081K(21248K)], 0.0111220 secs] [Times: user=0.01 sys=0.00, real=0.01 secs] 
113.968: Total time for which application threads were stopped: 0.0113250 seconds, Stopping threads took: 0.0001300 seconds
113.974: Application time: 0.0055420 seconds
113.974: [GC113.974: [ParNew: 15679K->15679K(18432K), 0.0000110 secs]113.974: [Tenured: 27919K->24356K(40960K), 0.0098970 secs] 43599K->24356K(59392K), [Perm : 6081K->6081K(21248K)], 0.0099680 secs] [Times: user=0.01 sys=0.01, real=0.02 secs] 
113.984: Total time for which application threads were stopped: 0.0101410 seconds, Stopping threads took: 0.0001020 seconds
113.992: Application time: 0.0075090 seconds
113.992: [GC113.992: [ParNew: 15688K->1437K(18432K), 0.0014840 secs] 40044K->27931K(59392K), 0.0015200 secs] [Times: user=0.00 sys=0.00, real=0.00 secs] 
113.993: Total time for which application threads were stopped: 0.0017710 seconds, Stopping threads took: 0.0001890 seconds
114.000: Application time: 0.0068420 seconds
114.000: [GC114.000: [ParNew: 17117K->17117K(18432K), 0.0000110 secs]114.000: [Tenured: 26493K->27920K(40960K), 0.0076800 secs] 43610K->27920K(59392K), [Perm : 6081K->6081K(21248K)], 0.0077340 secs] [Times: user=0.01 sys=0.00, real=0.01 secs] 
114.008: Total time for which application threads were stopped: 0.0079000 seconds, Stopping threads took: 0.0001000 seconds
114.013: Application time: 0.0053380 seconds
114.014: [GC114.014: [ParNew: 15688K->15688K(18432K), 0.0000100 secs]114.014: [Tenured: 27920K->27919K(40960K), 0.0091970 secs] 43608K->27919K(59392K), [Perm : 6081K->6081K(21248K)], 0.0092580 secs] [Times: user=0.01 sys=0.00, real=0.02 secs] 
114.023: Total time for which application threads were stopped: 0.0094460 seconds, Stopping threads took: 0.0001160 seconds
114.026: Application time: 0.0035880 seconds
114.027: [GC114.027: [ParNew: 15679K->15679K(18432K), 0.0000100 secs]114.027: [Tenured: 27919K->27919K(40960K), 0.0060730 secs] 43599K->27919K(59392K), [Perm : 6081K->6081K(21248K)], 0.0061280 secs] [Times: user=0.00 sys=0.00, real=0.00 secs] 
114.033: Total time for which application threads were stopped: 0.0062660 seconds, Stopping threads took: 0.0000710 seconds
114.043: Application time: 0.0102890 seconds
114.043: [GC114.043: [ParNew: 15688K->15688K(18432K), 0.0000100 secs]114.043: [Tenured: 27919K->26494K(40960K), 0.0097400 secs] 43608K->26494K(59392K), [Perm : 6081K->6081K(21248K)], 0.0098000 secs] [Times: user=0.01 sys=0.00, real=0.00 secs] 
114.053: Total time for which application threads were stopped: 0.0099950 seconds, Stopping threads took: 0.0001070 seconds
114.080: Application time: 0.0273690 seconds
114.080: [GC114.081: [ParNew: 15717K->15717K(18432K), 0.0000110 secs]114.081: [Tenured: 26494K->27948K(40960K), 0.0108270 secs] 42211K->27948K(59392K), [Perm : 6081K->6081K(21248K)], 0.0108860 secs] [Times: user=0.01 sys=0.00, real=0.01 secs] 
114.091: Total time for which application threads were stopped: 0.0110630 seconds, Stopping threads took: 0.0001070 seconds
114.100: Application time: 0.0090190 seconds
114.101: [GC114.101: [ParNew: 15677K->15677K(18432K), 0.0000100 secs]114.101: [Tenured: 27948K->27236K(40960K), 0.0060780 secs] 43626K->27236K(59392K), [Perm : 6081K->6081K(21248K)], 0.0061300 secs] [Times: user=0.00 sys=0.00, real=0.01 secs] 
114.107: Total time for which application threads were stopped: 0.0062880 seconds, Stopping threads took: 0.0000930 seconds
114.112: Application time: 0.0051230 seconds
114.112: [GC114.112: [ParNew: 15841K->15841K(18432K), 0.0000100 secs]114.112: [Tenured: 27236K->23648K(40960K), 0.0101990 secs] 43078K->23648K(59392K), [Perm : 6081K->6081K(21248K)], 0.0102630 secs] [Times: user=0.01 sys=0.00, real=0.02 secs] 
114.122: Total time for which application threads were stopped: 0.0104220 seconds, Stopping threads took: 0.0000880 seconds
114.127: Application time: 0.0043510 seconds
114.127: [GC114.127: [ParNew: 16056K->729K(18432K), 0.0004990 secs] 39705K->24377K(59392K), 0.0005270 secs] [Times: user=0.00 sys=0.00, real=0.00 secs] 
114.127: Total time for which application threads were stopped: 0.0006700 seconds, Stopping threads took: 0.0000880 seconds
114.135: Application time: 0.0074280 seconds
114.135: [GC114.135: [ParNew: 16627K->1441K(18432K), 0.0010790 secs] 40275K->26514K(59392K), 0.0011090 secs] [Times: user=0.01 sys=0.00, real=0.00 secs] 
114.136: Total time for which application threads were stopped: 0.0012240 seconds, Stopping threads took: 0.0000570 seconds
114.141: Application time: 0.0052650 seconds
114.141: [GC114.141: [ParNew: 17121K->1425K(18432K), 0.0008680 secs] 42195K->27251K(59392K), 0.0008990 secs] [Times: user=0.01 sys=0.00, real=0.01 secs] 
114.142: Total time for which application threads were stopped: 0.0010390 seconds, Stopping threads took: 0.0000820 seconds
114.147: Application time: 0.0051840 seconds
114.148: [GC114.148: [ParNew: 17107K->1429K(18432K), 0.0012610 secs] 42933K->29392K(59392K), 0.0012890 secs] [Times: user=0.01 sys=0.00, real=0.00 secs] 
114.149: Total time for which application threads were stopped: 0.0014460 seconds, Stopping threads took: 0.0001020 seconds
114.153: Application time: 0.0043240 seconds
114.153: [GC114.153: [ParNew: 17545K->17545K(18432K), 0.0000100 secs]114.153: [Tenured: 27963K->22966K(40960K), 0.0089240 secs] 45508K->22966K(59392K), [Perm : 6081K->6081K(21248K)], 0.0089820 secs] [Times: user=0.01 sys=0.00, real=0.02 secs] 
114.162: Total time for which application threads were stopped: 0.0091380 seconds, Stopping threads took: 0.0000900 seconds
114.166: Application time: 0.0037430 seconds
114.166: [GC114.166: [ParNew: 15788K->1444K(18432K), 0.0006460 secs] 38755K->24410K(59392K), 0.0006760 secs] [Times: user=0.01 sys=0.00, real=0.00 secs] 
114.167: Total time for which application threads were stopped: 0.0007890 seconds, Stopping threads took: 0.0000550 seconds
114.170: Application time: 0.0036000 seconds
114.171: [GC114.171: [ParNew: 17234K->1436K(18432K), 0.0023310 secs] 40201K->30127K(59392K), 0.0023700 secs] [Times: user=0.01 sys=0.00, real=0.00 secs] 
114.173: Total time for which application threads were stopped: 0.0026060 seconds, Stopping threads took: 0.0001720 seconds
114.176: Application time: 0.0033440 seconds
114.177: [GC114.177: [ParNew: 17229K->17229K(18432K), 0.0000110 secs]114.177: [Tenured: 28690K->22960K(40960K), 0.0095780 secs] 45920K->22960K(59392K), [Perm : 6081K->6081K(21248K)], 0.0096380 secs] [Times: user=0.01 sys=0.00, real=0.01 secs] 
114.187: Total time for which application threads were stopped: 0.0100470 seconds, Stopping threads took: 0.0003370 seconds
114.190: Application time: 0.0037920 seconds
114.190: [GC114.190: [ParNew: 15689K->1433K(18432K), 0.0018780 secs] 38650K->28668K(59392K), 0.0019110 secs] [Times: user=0.01 sys=0.00, real=0.00 secs] 
114.192: Total time for which application threads were stopped: 0.0020890 seconds, Stopping threads took: 0.0001210 seconds
114.197: Application time: 0.0043240 seconds
114.198: [GC114.198: [ParNew: 17116K->17116K(18432K), 0.0000110 secs]114.198: [Tenured: 27235K->24385K(40960K), 0.0097290 secs] 44352K->24385K(59392K), [Perm : 6082K->6082K(21248K)], 0.0097900 secs] [Times: user=0.01 sys=0.00, real=0.01 secs] 
114.207: Total time for which application threads were stopped: 0.0106240 seconds, Stopping threads took: 0.0007630 seconds
114.213: Application time: 0.0053590 seconds
114.214: [GC114.214: [ParNew: 15698K->1439K(18432K), 0.0011980 secs] 40083K->27962K(59392K), 0.0012340 secs] [Times: user=0.01 sys=0.00, real=0.01 secs] 
114.215: Total time for which application threads were stopped: 0.0020960 seconds, Stopping threads took: 0.0007900 seconds
114.220: Application time: 0.0051540 seconds
114.220: [GC114.220: [ParNew: 17118K->1425K(18432K), 0.0006050 secs] 43641K->28012K(59392K), 0.0006360 secs] [Times: user=0.00 sys=0.00, real=0.00 secs] 
114.221: Total time for which application threads were stopped: 0.0009830 seconds, Stopping threads took: 0.0002870 seconds
114.226: Application time: 0.0045800 seconds
114.226: [GC114.226: [ParNew: 17111K->1435K(18432K), 0.0010660 secs] 43698K->29447K(59392K), 0.0011000 secs] [Times: user=0.00 sys=0.00, real=0.00 secs] 
114.227: Total time for which application threads were stopped: 0.0012510 seconds, Stopping threads took: 0.0000900 seconds
114.231: Application time: 0.0039420 seconds
114.231: [GC114.231: [ParNew: 17115K->1425K(18432K), 0.0010280 secs] 45127K->30902K(59392K), 0.0010580 secs] [Times: user=0.01 sys=0.00, real=0.00 secs] 
114.232: Total time for which application threads were stopped: 0.0012100 seconds, Stopping threads took: 0.0000930 seconds
114.236: Application time: 0.0042820 seconds
114.237: [GC114.237: [ParNew: 17105K->1427K(18432K), 0.0006860 secs] 46583K->30904K(59392K), 0.0007160 secs] [Times: user=0.00 sys=0.00, real=0.00 secs] 
114.237: Total time for which application threads were stopped: 0.0012300 seconds, Stopping threads took: 0.0004570 seconds
114.242: Application time: 0.0047130 seconds
114.242: [GC114.242: [ParNew: 17123K->1437K(18432K), 0.0014680 secs] 46601K->33765K(59392K), 0.0015010 secs] [Times: user=0.01 sys=0.00, real=0.00 secs] 
114.244: Total time for which application threads were stopped: 0.0016300 seconds, Stopping threads took: 0.0000680 seconds
114.248: Application time: 0.0040950 seconds
114.249: [GC114.249: [ParNew: 17118K->17118K(18432K), 0.0000110 secs]114.249: [Tenured: 32327K->23644K(40960K), 0.0106510 secs] 49446K->23644K(59392K), [Perm : 6082K->6082K(21248K)], 0.0107120 secs] [Times: user=0.01 sys=0.00, real=0.01 secs] 
114.260: Total time for which application threads were stopped: 0.0117230 seconds, Stopping threads took: 0.0009390 seconds
114.264: Application time: 0.0041360 seconds
114.264: [GC114.264: [ParNew: 15680K->1425K(18432K), 0.0006460 secs] 39325K->25069K(59392K), 0.0006730 secs] [Times: user=0.00 sys=0.00, real=0.00 secs] 
114.265: Total time for which application threads were stopped: 0.0008040 seconds, Stopping threads took: 0.0000780 seconds
114.269: Application time: 0.0044350 seconds
114.269: [GC114.270: [ParNew: 17105K->1429K(18432K), 0.0005760 secs] 40750K->25073K(59392K), 0.0006060 secs] [Times: user=0.00 sys=0.00, real=0.00 secs] 
114.270: Total time for which application threads were stopped: 0.0010980 seconds, Stopping threads took: 0.0004340 seconds
114.276: Application time: 0.0060710 seconds
114.276: [GC114.276: [ParNew: 17127K->1439K(18432K), 0.0015260 secs] 40772K->28646K(59392K), 0.0015610 secs] [Times: user=0.01 sys=0.00, real=0.00 secs] 
114.278: Total time for which application threads were stopped: 0.0016930 seconds, Stopping threads took: 0.0000720 seconds
114.282: Application time: 0.0040780 seconds
114.282: [GC114.282: [ParNew: 17119K->712K(18432K), 0.0008870 secs] 44326K->29393K(59392K), 0.0009180 secs] [Times: user=0.00 sys=0.00, real=0.00 secs] 
114.283: Total time for which application threads were stopped: 0.0010850 seconds, Stopping threads took: 0.0001120 seconds
114.287: Application time: 0.0040800 seconds
114.287: [GC114.287: [ParNew: 16391K->712K(18432K), 0.0004110 secs] 45071K->29392K(59392K), 0.0004440 secs] [Times: user=0.00 sys=0.00, real=0.00 secs] 
114.288: Total time for which application threads were stopped: 0.0006110 seconds, Stopping threads took: 0.0001080 seconds
114.304: Application time: 0.0161520 seconds
114.304: [GC114.304: [ParNew: 17016K->1502K(18432K), 0.0019210 secs] 45696K->34457K(59392K), 0.0019580 secs] [Times: user=0.01 sys=0.01, real=0.00 secs] 
114.306: Total time for which application threads were stopped: 0.0020930 seconds, Stopping threads took: 0.0000730 seconds
114.312: Application time: 0.0055530 seconds
114.312: [GC114.312: [ParNew: 17352K->17352K(18432K), 0.0000100 secs]114.312: [Tenured: 32955K->21539K(40960K), 0.0097070 secs] 50307K->21539K(59392K), [Perm : 6082K->6082K(21248K)], 0.0097700 secs] [Times: user=0.01 sys=0.00, real=0.02 secs] 
114.322: Total time for which application threads were stopped: 0.0106890 seconds, Stopping threads took: 0.0008520 seconds
114.327: Application time: 0.0048910 seconds
114.328: [GC114.328: [ParNew: 15679K->1427K(18432K), 0.0007190 secs] 37218K->22966K(59392K), 0.0007460 secs] [Times: user=0.00 sys=0.00, real=0.00 secs] 
114.328: Total time for which application threads were stopped: 0.0012770 seconds, Stopping threads took: 0.0004760 seconds
114.333: Application time: 0.0050770 seconds
114.334: [GC114.334: [ParNew: 17112K->1435K(18432K), 0.0008190 secs] 38651K->23686K(59392K), 0.0008520 secs] [Times: user=0.01 sys=0.00, real=0.01 secs] 
114.335: Total time for which application threads were stopped: 0.0010510 seconds, Stopping threads took: 0.0001410 seconds
114.338: Application time: 0.0036020 seconds
114.339: [GC114.339: [ParNew: 17114K->1425K(18432K), 0.0007200 secs] 39366K->24429K(59392K), 0.0007470 secs] [Times: user=0.00 sys=0.00, real=0.00 secs] 
114.340: Total time for which application threads were stopped: 0.0014470 seconds, Stopping threads took: 0.0006440 seconds
114.344: Application time: 0.0041590 seconds
114.344: [GC114.344: [ParNew: 17110K->1437K(18432K), 0.0007460 secs] 40114K->25153K(59392K), 0.0007770 secs] [Times: user=0.00 sys=0.00, real=0.00 secs] 
114.345: Total time for which application threads were stopped: 0.0010320 seconds, Stopping threads took: 0.0001930 seconds
114.349: Application time: 0.0041640 seconds
114.349: [GC114.349: [ParNew: 17122K->1437K(18432K), 0.0007760 secs] 40839K->25890K(59392K), 0.0008050 secs] [Times: user=0.00 sys=0.00, real=0.00 secs] 
114.350: Total time for which application threads were stopped: 0.0009890 seconds, Stopping threads took: 0.0001240 seconds
114.354: Application time: 0.0036080 seconds
114.354: [GC114.354: [ParNew: 17116K->1425K(18432K), 0.0008030 secs] 41569K->26638K(59392K), 0.0008310 secs] [Times: user=0.01 sys=0.00, real=0.01 secs] 
114.355: Total time for which application threads were stopped: 0.0011720 seconds, Stopping threads took: 0.0002870 seconds
114.360: Application time: 0.0049300 seconds
114.360: [GC114.360: [ParNew: 17113K->1437K(18432K), 0.0008180 secs] 42327K->27363K(59392K), 0.0008530 secs] [Times: user=0.00 sys=0.00, real=0.00 secs] 
114.361: Total time for which application threads were stopped: 0.0014350 seconds, Stopping threads took: 0.0005210 seconds
114.366: Application time: 0.0045780 seconds
114.367: [GC114.367: [ParNew: 17118K->1425K(18432K), 0.0008100 secs] 43044K->28112K(59392K), 0.0008450 secs] [Times: user=0.01 sys=0.00, real=0.00 secs] 
114.368: Total time for which application threads were stopped: 0.0018220 seconds, Stopping threads took: 0.0009140 seconds
114.371: Application time: 0.0039360 seconds
114.372: [GC114.372: [ParNew: 17108K->1425K(18432K), 0.0017050 secs] 43795K->31674K(59392K), 0.0017370 secs] [Times: user=0.01 sys=0.00, real=0.00 secs] 
114.373: Total time for which application threads were stopped: 0.0018840 seconds, Stopping threads took: 0.0000880 seconds
114.378: Application time: 0.0042970 seconds
114.378: [GC114.378: [ParNew: 17115K->1435K(18432K), 0.0015820 secs] 47365K->35247K(59392K), 0.0016150 secs] [Times: user=0.02 sys=0.00, real=0.00 secs] 
114.380: Total time for which application threads were stopped: 0.0021710 seconds, Stopping threads took: 0.0004960 seconds
114.383: Application time: 0.0033600 seconds
114.384: [GC114.384: [ParNew: 17118K->1425K(18432K), 0.0010830 secs] 50930K->36695K(59392K), 0.0011110 secs] [Times: user=0.01 sys=0.00, real=0.00 secs] 
114.385: Total time for which application threads were stopped: 0.0014810 seconds, Stopping threads took: 0.0002940 seconds
114.388: Application time: 0.0032610 seconds
114.388: [GC114.388: [ParNew: 17113K->1439K(18432K), 0.0010510 secs] 52383K->38134K(59392K), 0.0010940 secs] [Times: user=0.00 sys=0.00, real=0.00 secs] 
114.389: Total time for which application threads were stopped: 0.0012490 seconds, Stopping threads took: 0.0000990 seconds
114.393: Application time: 0.0034940 seconds
114.393: [GC114.393: [ParNew: 17122K->17122K(18432K), 0.0000110 secs]114.393: [Tenured: 36695K->23677K(40960K), 0.0103570 secs] 53817K->23677K(59392K), [Perm : 6082K->6082K(21248K)], 0.0104180 secs] [Times: user=0.01 sys=0.00, real=0.02 secs] 
114.403: Total time for which application threads were stopped: 0.0105880 seconds, Stopping threads took: 0.0001010 seconds
114.407: Application time: 0.0033940 seconds
114.407: [GC114.407: [ParNew: 15680K->1425K(18432K), 0.0005220 secs] 39357K->25102K(59392K), 0.0005500 secs] [Times: user=0.00 sys=0.00, real=0.00 secs] 
114.407: Total time for which application threads were stopped: 0.0007940 seconds, Stopping threads took: 0.0001900 seconds
114.411: Application time: 0.0037100 seconds
114.411: [GC114.411: [ParNew: 17115K->1435K(18432K), 0.0018060 secs] 40792K->28674K(59392K), 0.0018450 secs] [Times: user=0.01 sys=0.00, real=0.00 secs] 
114.413: Total time for which application threads were stopped: 0.0019760 seconds, Stopping threads took: 0.0000640 seconds
114.486: Application time: 0.0727410 seconds
114.486: [GC114.486: [ParNew: 17133K->1435K(18432K), 0.0043990 secs] 44373K->42228K(59392K), 0.0044490 secs] [Times: user=0.02 sys=0.01, real=0.00 secs] 
114.490: Total time for which application threads were stopped: 0.0046200 seconds, Stopping threads took: 0.0000960 seconds
114.564: Application time: 0.0738170 seconds
114.564: [GC114.564: [ParNew: 17133K->17133K(18432K), 0.0000100 secs]114.564: [Tenured: 40793K->25102K(40960K), 0.0091990 secs] 57926K->25102K(59392K), [Perm : 6082K->6082K(21248K)], 0.0092570 secs] [Times: user=0.01 sys=0.00, real=0.00 secs] 
114.574: Total time for which application threads were stopped: 0.0093930 seconds, Stopping threads took: 0.0000690 seconds
114.641: Application time: 0.0677030 seconds
114.642: [GC114.642: [ParNew: 15691K->1425K(18432K), 0.0045010 secs] 40794K->40777K(59392K), 0.0045520 secs] [Times: user=0.03 sys=0.00, real=0.01 secs] 
114.646: Total time for which application threads were stopped: 0.0046750 seconds, Stopping threads took: 0.0000590 seconds
114.707: Application time: 0.0609770 seconds
114.707: [GC114.707: [ParNew: 17116K->17116K(18432K), 0.0000100 secs]114.707: [Tenured: 39352K->25069K(40960K), 0.0111570 secs] 56469K->25069K(59392K), [Perm : 6082K->6082K(21248K)], 0.0112160 secs] [Times: user=0.01 sys=0.00, real=0.01 secs] 
114.718: Total time for which application threads were stopped: 0.0114280 seconds, Stopping threads took: 0.0001250 seconds
114.790: Application time: 0.0715060 seconds
114.790: [GC114.790: [ParNew: 15697K->1433K(18432K), 0.0043940 secs] 40767K->40040K(59392K), 0.0044350 secs] [Times: user=0.03 sys=0.00, real=0.01 secs] 
114.795: Total time for which application threads were stopped: 0.0046340 seconds, Stopping threads took: 0.0001360 seconds
114.862: Application time: 0.0671010 seconds
114.862: [GC114.862: [ParNew: 17124K->17124K(18432K), 0.0000100 secs]114.862: [Tenured: 38607K->25070K(40960K), 0.0097510 secs] 55731K->25070K(59392K), [Perm : 6082K->6082K(21248K)], 0.0098100 secs] [Times: user=0.01 sys=0.00, real=0.01 secs] 
114.872: Total time for which application threads were stopped: 0.0099330 seconds, Stopping threads took: 0.0000560 seconds
114.917: Application time: 0.0457680 seconds
114.918: [GC114.918: [ParNew: 15691K->1425K(18432K), 0.0046370 secs] 40761K->40745K(59392K), 0.0046830 secs] [Times: user=0.04 sys=0.00, real=0.01 secs] 
114.922: Total time for which application threads were stopped: 0.0049420 seconds, Stopping threads took: 0.0001720 seconds
114.996: Application time: 0.0739850 seconds
114.996: [GC114.997: [ParNew: 17116K->17116K(18432K), 0.0000110 secs]114.997: [Tenured: 39320K->25070K(40960K), 0.0098740 secs] 56437K->25070K(59392K), [Perm : 6082K->6082K(21248K)], 0.0099350 secs] [Times: user=0.01 sys=0.00, real=0.01 secs] 
115.006: Total time for which application threads were stopped: 0.0100970 seconds, Stopping threads took: 0.0000730 seconds
115.082: Application time: 0.0756930 seconds
115.082: [GC115.082: [ParNew: 15689K->1425K(18432K), 0.0039760 secs] 40759K->38608K(59392K), 0.0040200 secs] [Times: user=0.04 sys=0.00, real=0.00 secs] 
115.086: Total time for which application threads were stopped: 0.0041660 seconds, Stopping threads took: 0.0000760 seconds
115.159: Application time: 0.0730350 seconds
115.159: [GC115.160: [ParNew: 17122K->17122K(18432K), 0.0000100 secs]115.160: [Tenured: 37182K->25783K(40960K), 0.0098740 secs] 54305K->25783K(59392K), [Perm : 6082K->6082K(21248K)], 0.0099320 secs] [Times: user=0.01 sys=0.00, real=0.01 secs] 
115.169: Total time for which application threads were stopped: 0.0100790 seconds, Stopping threads took: 0.0000770 seconds
115.243: Application time: 0.0738930 seconds
115.243: [GC115.243: [ParNew: 15691K->15691K(18432K), 0.0000110 secs]115.243: [Tenured: 25783K->25781K(40960K), 0.0108280 secs] 41475K->25781K(59392K), [Perm : 6082K->6082K(21248K)], 0.0108840 secs] [Times: user=0.01 sys=0.00, real=0.01 secs] 
115.254: Total time for which application threads were stopped: 0.0110250 seconds, Stopping threads took: 0.0000750 seconds
115.320: Application time: 0.0655460 seconds
115.320: [GC115.320: [ParNew: 15710K->15710K(18432K), 0.0000100 secs]115.320: [Tenured: 25781K->25784K(40960K), 0.0089340 secs] 41492K->25784K(59392K), [Perm : 6082K->6082K(21248K)], 0.0089930 secs] [Times: user=0.01 sys=0.00, real=0.01 secs] 
115.329: Total time for which application threads were stopped: 0.0091380 seconds, Stopping threads took: 0.0000760 seconds
115.387: Application time: 0.0579600 seconds
115.387: [GC115.387: [ParNew: 15691K->15691K(18432K), 0.0000100 secs]115.387: [Tenured: 25784K->28634K(40960K), 0.0103830 secs] 41475K->28634K(59392K), [Perm : 6082K->6082K(21248K)], 0.0104430 secs] [Times: user=0.01 sys=0.00, real=0.01 secs] 
115.398: Total time for which application threads were stopped: 0.0106200 seconds, Stopping threads took: 0.0001100 seconds
115.470: Application time: 0.0727710 seconds
115.471: [GC115.471: [ParNew: 15704K->15704K(18432K), 0.0000110 secs]115.471: [Tenured: 28634K->27923K(40960K), 0.0097600 secs] 44338K->27923K(59392K), [Perm : 6082K->6082K(21248K)], 0.0098250 secs] [Times: user=0.01 sys=0.00, real=0.01 secs] 
115.480: Total time for which application threads were stopped: 0.0100060 seconds, Stopping threads took: 0.0001110 seconds
115.553: Application time: 0.0725360 seconds
115.553: [GC115.553: [ParNew: 15700K->15700K(18432K), 0.0000100 secs]115.553: [Tenured: 27923K->27919K(40960K), 0.0117730 secs] 43623K->27919K(59392K), [Perm : 6082K->6082K(21248K)], 0.0118330 secs] [Times: user=0.01 sys=0.00, real=0.02 secs] 
115.565: Total time for which application threads were stopped: 0.0120100 seconds, Stopping threads took: 0.0000900 seconds
115.624: Application time: 0.0594730 seconds
115.625: [GC115.625: [ParNew: 15691K->15691K(18432K), 0.0000100 secs]115.625: [Tenured: 27919K->28631K(40960K), 0.0100200 secs] 43610K->28631K(59392K), [Perm : 6082K->6082K(21248K)], 0.0100780 secs] [Times: user=0.01 sys=0.00, real=0.01 secs] 
115.635: Total time for which application threads were stopped: 0.0102620 seconds, Stopping threads took: 0.0001140 seconds
115.699: Application time: 0.0645840 seconds
115.699: [GC115.699: [ParNew: 15691K->15691K(18432K), 0.0000100 secs]115.699: [Tenured: 28631K->28631K(40960K), 0.0091660 secs] 44323K->28631K(59392K), [Perm : 6082K->6082K(21248K)], 0.0092260 secs] [Times: user=0.01 sys=0.00, real=0.01 secs] 
115.709: Total time for which application threads were stopped: 0.0093540 seconds, Stopping threads took: 0.0000600 seconds
115.781: Application time: 0.0721200 seconds
115.781: [GC115.781: [ParNew: 15700K->15700K(18432K), 0.0000110 secs]115.781: [Tenured: 28631K->28632K(40960K), 0.0098410 secs] 44331K->28632K(59392K), [Perm : 6082K->6082K(21248K)], 0.0099010 secs] [Times: user=0.01 sys=0.00, real=0.01 secs] 
115.791: Total time for which application threads were stopped: 0.0100810 seconds, Stopping threads took: 0.0001110 seconds
115.845: Application time: 0.0539830 seconds
115.845: [GC115.845: [ParNew: 15689K->15689K(18432K), 0.0000100 secs]115.845: [Tenured: 28632K->28631K(40960K), 0.0110300 secs] 44322K->28631K(59392K), [Perm : 6082K->6082K(21248K)], 0.0110980 secs] [Times: user=0.01 sys=0.00, real=0.01 secs] 
115.856: Total time for which application threads were stopped: 0.0112290 seconds, Stopping threads took: 0.0000650 seconds
115.922: Application time: 0.0656700 seconds
115.922: [GC115.922: [ParNew: 15689K->15689K(18432K), 0.0000110 secs]115.922: [Tenured: 28631K->27919K(40960K), 0.0107130 secs] 44321K->27919K(59392K), [Perm : 6082K->6082K(21248K)], 0.0107740 secs] [Times: user=0.01 sys=0.00, real=0.01 secs] 
115.933: Total time for which application threads were stopped: 0.0109400 seconds, Stopping threads took: 0.0000950 seconds
115.991: Application time: 0.0585950 seconds
115.991: [GC115.991: [ParNew: 15691K->15691K(18432K), 0.0000120 secs]115.993: [Tenured: 27919K->27919K(40960K), 0.0100320 secs] 43611K->27919K(59392K), [Perm : 6082K->6082K(21248K)], 0.0116760 secs] [Times: user=0.01 sys=0.00, real=0.02 secs] 
116.003: Total time for which application threads were stopped: 0.0118730 seconds, Stopping threads took: 0.0001100 seconds
116.075: Application time: 0.0722220 seconds
116.076: [GC116.076: [ParNew: 15691K->15691K(18432K), 0.0000100 secs]116.076: [Tenured: 27919K->27919K(40960K), 0.0105680 secs] 43611K->27919K(59392K), [Perm : 6082K->6082K(21248K)], 0.0106260 secs] [Times: user=0.01 sys=0.00, real=0.01 secs] 
116.086: Total time for which application threads were stopped: 0.0108480 seconds, Stopping threads took: 0.0001220 seconds
116.136: Application time: 0.0498330 seconds
116.136: [GC116.136: [ParNew: 15689K->15689K(18432K), 0.0000100 secs]116.136: [Tenured: 27919K->28632K(40960K), 0.0092430 secs] 43609K->28632K(59392K), [Perm : 6082K->6082K(21248K)], 0.0093010 secs] [Times: user=0.01 sys=0.00, real=0.01 secs] 
116.146: Total time for which application threads were stopped: 0.0095530 seconds, Stopping threads took: 0.0001770 seconds
116.218: Application time: 0.0727910 seconds
116.219: [GC116.219: [ParNew: 15698K->15698K(18432K), 0.0000100 secs]116.219: [Tenured: 28632K->27920K(40960K), 0.0098030 secs] 44330K->27920K(59392K), [Perm : 6082K->6082K(21248K)], 0.0098600 secs] [Times: user=0.01 sys=0.00, real=0.01 secs] 
116.228: Total time for which application threads were stopped: 0.0099930 seconds, Stopping threads took: 0.0000630 seconds
116.290: Application time: 0.0617600 seconds
116.290: [GC116.290: [ParNew: 15698K->15698K(18432K), 0.0000090 secs]116.290: [Tenured: 27920K->27207K(40960K), 0.0098460 secs] 43618K->27207K(59392K), [Perm : 6082K->6082K(21248K)], 0.0099050 secs] [Times: user=0.01 sys=0.00, real=0.01 secs] 
116.300: Total time for which application threads were stopped: 0.0100830 seconds, Stopping threads took: 0.0001000 seconds
116.340: Application time: 0.0401540 seconds
116.341: [GC116.341: [ParNew: 15705K->15705K(18432K), 0.0000110 secs]116.341: [Tenured: 27207K->22933K(40960K), 0.0105790 secs] 42912K->22933K(59392K), [Perm : 6082K->6082K(21248K)], 0.0106350 secs] [Times: user=0.01 sys=0.00, real=0.01 secs] 
116.351: Total time for which application threads were stopped: 0.0107720 seconds, Stopping threads took: 0.0000670 seconds
116.409: Application time: 0.0573890 seconds
116.409: [GC116.409: [ParNew: 15690K->1431K(18432K), 0.0039970 secs] 38623K->36477K(59392K), 0.0040400 secs] [Times: user=0.03 sys=0.00, real=0.00 secs] 
116.413: Total time for which application threads were stopped: 0.0041760 seconds, Stopping threads took: 0.0000720 seconds
116.472: Application time: 0.0596180 seconds
116.473: [GC116.473: [ParNew: 17136K->17136K(18432K), 0.0000100 secs]116.473: [Tenured: 35046K->22932K(40960K), 0.0115550 secs] 52182K->22932K(59392K), [Perm : 6082K->6082K(21248K)], 0.0116170 secs] [Times: user=0.01 sys=0.00, real=0.02 secs] 
116.484: Total time for which application threads were stopped: 0.0118200 seconds, Stopping threads took: 0.0001130 seconds
116.533: Application time: 0.0483300 seconds
116.533: [GC116.533: [ParNew: 15688K->1427K(18432K), 0.0034860 secs] 38620K->35048K(59392K), 0.0035340 secs] [Times: user=0.03 sys=0.00, real=0.01 secs] 
116.536: Total time for which application threads were stopped: 0.0036900 seconds, Stopping threads took: 0.0000930 seconds
116.577: Application time: 0.0404760 seconds
116.577: [GC116.577: [ParNew: 17121K->17121K(18432K), 0.0000100 secs]116.577: [Tenured: 33620K->24358K(40960K), 0.0098010 secs] 50742K->24358K(59392K), [Perm : 6082K->6082K(21248K)], 0.0098550 secs] [Times: user=0.01 sys=0.00, real=0.01 secs] 
116.587: Total time for which application threads were stopped: 0.0100160 seconds, Stopping threads took: 0.0000830 seconds
116.650: Application time: 0.0633740 seconds
116.650: [GC116.650: [ParNew: 15688K->1427K(18432K), 0.0036060 secs] 40046K->36473K(59392K), 0.0036490 secs] [Times: user=0.03 sys=0.00, real=0.00 secs] 
116.654: Total time for which application threads were stopped: 0.0037780 seconds, Stopping threads took: 0.0000630 seconds
116.699: Application time: 0.0450250 seconds
116.699: [GC116.699: [ParNew: 17115K->17115K(18432K), 0.0000110 secs]116.699: [Tenured: 35046K->25071K(40960K), 0.0101570 secs] 52162K->25071K(59392K), [Perm : 6082K->6082K(21248K)], 0.0102150 secs] [Times: user=0.01 sys=0.00, real=0.01 secs] 
116.709: Total time for which application threads were stopped: 0.0103600 seconds, Stopping threads took: 0.0000750 seconds
116.765: Application time: 0.0559610 seconds
116.765: [GC116.765: [ParNew: 15688K->1427K(18432K), 0.0035990 secs] 40759K->37186K(59392K), 0.0036430 secs] [Times: user=0.03 sys=0.00, real=0.00 secs] 
116.769: Total time for which application threads were stopped: 0.0037710 seconds, Stopping threads took: 0.0000610 seconds
116.817: Application time: 0.0482230 seconds
116.817: [GC116.817: [ParNew: 17122K->17122K(18432K), 0.0000110 secs]116.817: [Tenured: 35759K->25072K(40960K), 0.0109030 secs] 52881K->25072K(59392K), [Perm : 6082K->6082K(21248K)], 0.0109640 secs] [Times: user=0.01 sys=0.00, real=0.01 secs] 
116.828: Total time for which application threads were stopped: 0.0111670 seconds, Stopping threads took: 0.0001300 seconds
116.889: Application time: 0.0609610 seconds
116.889: [GC116.889: [ParNew: 15688K->1427K(18432K), 0.0037030 secs] 40761K->37188K(59392K), 0.0037460 secs] [Times: user=0.03 sys=0.00, real=0.00 secs] 
116.893: Total time for which application threads were stopped: 0.0038840 seconds, Stopping threads took: 0.0000700 seconds
116.933: Application time: 0.0397970 seconds
116.933: [GC116.933: [ParNew: 17115K->17115K(18432K), 0.0000100 secs]116.933: [Tenured: 35760K->25783K(40960K), 0.0105050 secs] 52876K->25783K(59392K), [Perm : 6082K->6082K(21248K)], 0.0105650 secs] [Times: user=0.01 sys=0.00, real=0.02 secs] 
116.944: Total time for which application threads were stopped: 0.0107410 seconds, Stopping threads took: 0.0001080 seconds
116.993: Application time: 0.0490430 seconds
116.993: [GC116.993: [ParNew: 15688K->15688K(18432K), 0.0000100 secs]116.993: [Tenured: 25783K->25070K(40960K), 0.0103740 secs] 41472K->25070K(59392K), [Perm : 6082K->6082K(21248K)], 0.0104260 secs] [Times: user=0.01 sys=0.00, real=0.02 secs] 
117.003: Total time for which application threads were stopped: 0.0105600 seconds, Stopping threads took: 0.0000680 seconds
117.071: Application time: 0.0678270 seconds
117.071: [GC117.071: [ParNew: 15688K->1425K(18432K), 0.0035370 secs] 40759K->37184K(59392K), 0.0035790 secs] [Times: user=0.03 sys=0.00, real=0.01 secs] 
117.075: Total time for which application threads were stopped: 0.0037890 seconds, Stopping threads took: 0.0001350 seconds
117.125: Application time: 0.0498530 seconds
117.125: [GC117.125: [ParNew: 17114K->17114K(18432K), 0.0000110 secs]117.125: [Tenured: 35759K->25071K(40960K), 0.0098130 secs] 52873K->25071K(59392K), [Perm : 6082K->6082K(21248K)], 0.0098720 secs] [Times: user=0.01 sys=0.00, real=0.01 secs] 
117.135: Total time for which application threads were stopped: 0.0100170 seconds, Stopping threads took: 0.0000610 seconds
117.175: Application time: 0.0400490 seconds
117.175: [GC117.175: [ParNew: 15695K->1431K(18432K), 0.0038110 secs] 40766K->37191K(59392K), 0.0038620 secs] [Times: user=0.03 sys=0.00, real=0.00 secs] 
117.179: Total time for which application threads were stopped: 0.0039960 seconds, Stopping threads took: 0.0000660 seconds
117.242: Application time: 0.0632530 seconds
117.242: [GC117.242: [ParNew: 17120K->17120K(18432K), 0.0000100 secs]117.242: [Tenured: 35759K->25072K(40960K), 0.0099240 secs] 52879K->25072K(59392K), [Perm : 6082K->6082K(21248K)], 0.0099850 secs] [Times: user=0.01 sys=0.00, real=0.00 secs] 
117.252: Total time for which application threads were stopped: 0.0101590 seconds, Stopping threads took: 0.0001050 seconds
117.298: Application time: 0.0459040 seconds
117.298: [GC117.298: [ParNew: 15688K->1425K(18432K), 0.0036670 secs] 40761K->37186K(59392K), 0.0037090 secs] [Times: user=0.03 sys=0.00, real=0.01 secs] 
117.302: Total time for which application threads were stopped: 0.0039300 seconds, Stopping threads took: 0.0001550 seconds
117.343: Application time: 0.0413140 seconds
117.344: [GC117.344: [ParNew: 17127K->17127K(18432K), 0.0000110 secs]117.344: [Tenured: 35760K->25783K(40960K), 0.0117020 secs] 52888K->25783K(59392K), [Perm : 6082K->6082K(21248K)], 0.0117620 secs] [Times: user=0.01 sys=0.00, real=0.01 secs] 
117.355: Total time for which application threads were stopped: 0.0119490 seconds, Stopping threads took: 0.0000960 seconds
117.416: Application time: 0.0610370 seconds
117.417: [GC117.417: [ParNew: 15688K->15688K(18432K), 0.0000100 secs]117.417: [Tenured: 25783K->27209K(40960K), 0.0102430 secs] 41472K->27209K(59392K), [Perm : 6082K->6082K(21248K)], 0.0103020 secs] [Times: user=0.01 sys=0.00, real=0.01 secs] 
117.427: Total time for which application threads were stopped: 0.0105220 seconds, Stopping threads took: 0.0001330 seconds
117.489: Application time: 0.0622020 seconds
117.489: [GC117.489: [ParNew: 15701K->15701K(18432K), 0.0000090 secs]117.489: [Tenured: 27209K->27210K(40960K), 0.0090650 secs] 42910K->27210K(59392K), [Perm : 6082K->6082K(21248K)], 0.0091230 secs] [Times: user=0.00 sys=0.00, real=0.01 secs] 
117.499: Total time for which application threads were stopped: 0.0093160 seconds, Stopping threads took: 0.0001270 seconds
117.524: Application time: 0.0259270 seconds
117.525: [GC117.525: [ParNew: 15695K->15695K(18432K), 0.0000110 secs]117.525: [Tenured: 27210K->28636K(40960K), 0.0102270 secs] 42906K->28636K(59392K), [Perm : 6082K->6082K(21248K)], 0.0102850 secs] [Times: user=0.01 sys=0.00, real=0.01 secs] 
117.535: Total time for which application threads were stopped: 0.0104340 seconds, Stopping threads took: 0.0000830 seconds
117.599: Application time: 0.0645810 seconds
117.600: [GC117.600: [ParNew: 16172K->16172K(18432K), 0.0000100 secs]117.600: [Tenured: 28636K->26500K(40960K), 0.0106570 secs] 44808K->26500K(59392K), [Perm : 6082K->6082K(21248K)], 0.0107100 secs] [Times: user=0.01 sys=0.00, real=0.01 secs] 
117.610: Total time for which application threads were stopped: 0.0108680 seconds, Stopping threads took: 0.0000940 seconds
117.623: Application time: 0.0128210 seconds
117.623: [GC117.623: [ParNew: 15944K->15944K(18432K), 0.0000120 secs]117.623: [Tenured: 26500K->28633K(40960K), 0.0100810 secs] 42444K->28633K(59392K), [Perm : 6082K->6082K(21248K)], 0.0101410 secs] [Times: user=0.01 sys=0.00, real=0.00 secs] 
117.634: Total time for which application threads were stopped: 0.0103510 seconds, Stopping threads took: 0.0001360 seconds
117.641: Application time: 0.0071030 seconds
117.641: [GC117.641: [ParNew: 15679K->15679K(18432K), 0.0000120 secs]117.641: [Tenured: 28633K->28633K(40960K), 0.0096600 secs] 44313K->28633K(59392K), [Perm : 6082K->6082K(21248K)], 0.0097190 secs] [Times: user=0.01 sys=0.00, real=0.01 secs] 
117.650: Total time for which application threads were stopped: 0.0098740 seconds, Stopping threads took: 0.0000740 seconds
117.656: Application time: 0.0058030 seconds
117.656: [GC117.656: [ParNew: 15683K->15683K(18432K), 0.0000110 secs]117.656: [Tenured: 28633K->30772K(40960K), 0.0070320 secs] 44317K->30772K(59392K), [Perm : 6082K->6082K(21248K)], 0.0070950 secs] [Times: user=0.00 sys=0.00, real=0.01 secs] 
117.664: Total time for which application threads were stopped: 0.0072480 seconds, Stopping threads took: 0.0000900 seconds
117.669: Application time: 0.0056590 seconds
117.669: [GC117.669: [ParNew: 15685K->15685K(18432K), 0.0000110 secs]117.669: [Tenured: 30772K->28633K(40960K), 0.0071090 secs] 46457K->28633K(59392K), [Perm : 6082K->6082K(21248K)], 0.0071700 secs] [Times: user=0.01 sys=0.00, real=0.01 secs] 
117.677: Total time for which application threads were stopped: 0.0073260 seconds, Stopping threads took: 0.0000840 seconds
117.684: Application time: 0.0074790 seconds
117.684: [GC117.684: [ParNew: 15678K->15678K(18432K), 0.0000100 secs]117.684: [Tenured: 28633K->29346K(40960K), 0.0069020 secs] 44312K->29346K(59392K), [Perm : 6082K->6082K(21248K)], 0.0069600 secs] [Times: user=0.00 sys=0.00, real=0.00 secs] 
117.691: Total time for which application threads were stopped: 0.0071570 seconds, Stopping threads took: 0.0001320 seconds
117.698: Application time: 0.0064610 seconds
117.698: [GC117.698: [ParNew: 15680K->15680K(18432K), 0.0000100 secs]117.698: [Tenured: 29346K->30771K(40960K), 0.0062400 secs] 45026K->30771K(59392K), [Perm : 6082K->6082K(21248K)], 0.0062980 secs] [Times: user=0.01 sys=0.00, real=0.01 secs] 
117.704: Total time for which application threads were stopped: 0.0065020 seconds, Stopping threads took: 0.0001350 seconds
117.709: Application time: 0.0044270 seconds
117.709: [GC117.709: [ParNew: 15688K->15688K(18432K), 0.0000110 secs]117.709: [Tenured: 30771K->29347K(40960K), 0.0061970 secs] 46460K->29347K(59392K), [Perm : 6082K->6082K(21248K)], 0.0062520 secs] [Times: user=0.00 sys=0.00, real=0.01 secs] 
117.715: Total time for which application threads were stopped: 0.0064050 seconds, Stopping threads took: 0.0000850 seconds
117.719: Application time: 0.0036160 seconds
117.719: [GC117.719: [ParNew: 15681K->15681K(18432K), 0.0000100 secs]117.719: [Tenured: 29347K->30059K(40960K), 0.0106180 secs] 45028K->30059K(59392K), [Perm : 6082K->6082K(21248K)], 0.0106810 secs] [Times: user=0.01 sys=0.00, real=0.01 secs] 
117.730: Total time for which application threads were stopped: 0.0109500 seconds, Stopping threads took: 0.0001950 seconds
117.750: Application time: 0.0208480 seconds
117.750: [GC117.751: [ParNew: 15690K->15690K(18432K), 0.0000100 secs]117.751: [Tenured: 30059K->27921K(40960K), 0.0092450 secs] 45749K->27921K(59392K), [Perm : 6082K->6082K(21248K)], 0.0093040 secs] [Times: user=0.01 sys=0.00, real=0.01 secs] 
117.760: Total time for which application threads were stopped: 0.0094330 seconds, Stopping threads took: 0.0000620 seconds
117.818: Application time: 0.0577030 seconds
117.818: [GC117.818: [ParNew: 15688K->15688K(18432K), 0.0000100 secs]117.818: [Tenured: 27921K->29346K(40960K), 0.0102680 secs] 43609K->29346K(59392K), [Perm : 6082K->6082K(21248K)], 0.0103280 secs] [Times: user=0.01 sys=0.00, real=0.01 secs] 
117.828: Total time for which application threads were stopped: 0.0104930 seconds, Stopping threads took: 0.0000850 seconds
117.864: Application time: 0.0360970 seconds
117.864: [GC117.864: [ParNew: 15688K->15688K(18432K), 0.0000100 secs]117.864: [Tenured: 29346K->28633K(40960K), 0.0099330 secs] 45034K->28633K(59392K), [Perm : 6082K->6082K(21248K)], 0.0099930 secs] [Times: user=0.01 sys=0.00, real=0.01 secs] 
117.874: Total time for which application threads were stopped: 0.0101240 seconds, Stopping threads took: 0.0000600 seconds
117.893: Application time: 0.0185320 seconds
117.893: [GC117.893: [ParNew: 15713K->15713K(18432K), 0.0000110 secs]117.893: [Tenured: 28633K->28633K(40960K), 0.0113820 secs] 44346K->28633K(59392K), [Perm : 6082K->6082K(21248K)], 0.0114460 secs] [Times: user=0.01 sys=0.00, real=0.02 secs] 
117.904: Total time for which application threads were stopped: 0.0116460 seconds, Stopping threads took: 0.0001160 seconds
117.912: Application time: 0.0079600 seconds
117.913: [GC117.913: [ParNew: 15683K->15683K(18432K), 0.0000100 secs]117.913: [Tenured: 28633K->30059K(40960K), 0.0062900 secs] 44317K->30059K(59392K), [Perm : 6082K->6082K(21248K)], 0.0063540 secs] [Times: user=0.01 sys=0.00, real=0.01 secs] 
117.919: Total time for which application threads were stopped: 0.0065010 seconds, Stopping threads took: 0.0000810 seconds
117.923: Application time: 0.0038370 seconds
117.923: [GC117.923: [ParNew: 15679K->15679K(18432K), 0.0000110 secs]117.923: [Tenured: 30059K->27208K(40960K), 0.0085770 secs] 45738K->27208K(59392K), [Perm : 6082K->6082K(21248K)], 0.0086390 secs] [Times: user=0.01 sys=0.00, real=0.00 secs] 
117.932: Total time for which application threads were stopped: 0.0088110 seconds, Stopping threads took: 0.0001000 seconds
117.939: Application time: 0.0069960 seconds
117.939: [GC117.939: [ParNew: 15687K->15687K(18432K), 0.0000100 secs]117.939: [Tenured: 27208K->27921K(40960K), 0.0081050 secs] 42896K->27921K(59392K), [Perm : 6082K->6082K(21248K)], 0.0081620 secs] [Times: user=0.01 sys=0.00, real=0.01 secs] 
117.947: Total time for which application threads were stopped: 0.0083540 seconds, Stopping threads took: 0.0001260 seconds
117.953: Application time: 0.0058220 seconds
117.953: [GC117.953: [ParNew: 15684K->15684K(18432K), 0.0000100 secs]117.953: [Tenured: 27921K->26495K(40960K), 0.0098870 secs] 43605K->26495K(59392K), [Perm : 6082K->6082K(21248K)], 0.0099450 secs] [Times: user=0.01 sys=0.00, real=0.02 secs] 
117.963: Total time for which application threads were stopped: 0.0101910 seconds, Stopping threads took: 0.0001590 seconds
117.969: Application time: 0.0062050 seconds
117.969: [GC117.969: [ParNew: 15681K->15681K(18432K), 0.0000100 secs]117.969: [Tenured: 26495K->30059K(40960K), 0.0073090 secs] 42177K->30059K(59392K), [Perm : 6082K->6082K(21248K)], 0.0073680 secs] [Times: user=0.01 sys=0.00, real=0.01 secs] 
117.977: Total time for which application threads were stopped: 0.0075640 seconds, Stopping threads took: 0.0001280 seconds
117.982: Application time: 0.0052420 seconds
117.982: [GC117.982: [ParNew: 15688K->15688K(18432K), 0.0000110 secs]117.982: [Tenured: 30059K->27921K(40960K), 0.0104690 secs] 45747K->27921K(59392K), [Perm : 6082K->6082K(21248K)], 0.0105310 secs] [Times: user=0.01 sys=0.00, real=0.00 secs] 
117.993: Total time for which application threads were stopped: 0.0108060 seconds, Stopping threads took: 0.0001810 seconds
117.996: Application time: 0.0036690 seconds
117.997: [GC117.997: [ParNew: 15681K->15681K(18432K), 0.0000100 secs]117.997: [Tenured: 27921K->30771K(40960K), 0.0072780 secs] 43602K->30771K(59392K), [Perm : 6082K->6082K(21248K)], 0.0073410 secs] [Times: user=0.01 sys=0.00, real=0.01 secs] 
118.004: Total time for which application threads were stopped: 0.0075390 seconds, Stopping threads took: 0.0001280 seconds
118.012: Application time: 0.0075990 seconds
118.012: [GC118.012: [ParNew: 15688K->15688K(18432K), 0.0000160 secs]118.012: [Tenured: 30771K->27208K(40960K), 0.0095510 secs] 46459K->27208K(59392K), [Perm : 6082K->6082K(21248K)], 0.0096230 secs] [Times: user=0.01 sys=0.00, real=0.01 secs] 
118.022: Total time for which application threads were stopped: 0.0102190 seconds, Stopping threads took: 0.0005130 seconds
118.085: Application time: 0.0632110 seconds
118.085: [GC118.085: [ParNew: 15688K->15688K(18432K), 0.0000100 secs]118.085: [Tenured: 27208K->28633K(40960K), 0.0092990 secs] 42896K->28633K(59392K), [Perm : 6082K->6082K(21248K)], 0.0093570 secs] [Times: user=0.01 sys=0.00, real=0.01 secs] 
118.095: Total time for which application threads were stopped: 0.0095040 seconds, Stopping threads took: 0.0000810 seconds
118.154: Application time: 0.0597110 seconds
118.154: [GC118.154: [ParNew: 15688K->15688K(18432K), 0.0000100 secs]118.154: [Tenured: 28633K->29345K(40960K), 0.0102220 secs] 44321K->29345K(59392K), [Perm : 6082K->6082K(21248K)], 0.0102820 secs] [Times: user=0.01 sys=0.00, real=0.01 secs] 
118.165: Total time for which application threads were stopped: 0.0104920 seconds, Stopping threads took: 0.0001270 seconds
118.228: Application time: 0.0635330 seconds
118.228: [GC118.228: [ParNew: 15688K->15688K(18432K), 0.0000200 secs]118.228: [Tenured: 29345K->28633K(40960K), 0.0099880 secs] 45033K->28633K(59392K), [Perm : 6082K->6082K(21248K)], 0.0100580 secs] [Times: user=0.01 sys=0.00, real=0.01 secs] 
118.238: Total time for which application threads were stopped: 0.0101970 seconds, Stopping threads took: 0.0000670 seconds
118.271: Application time: 0.0329070 seconds
118.271: [GC118.271: [ParNew: 15689K->15689K(18432K), 0.0000100 secs]118.271: [Tenured: 28633K->27920K(40960K), 0.0094730 secs] 44323K->27920K(59392K), [Perm : 6082K->6082K(21248K)], 0.0095320 secs] [Times: user=0.01 sys=0.00, real=0.01 secs] 
118.281: Total time for which application threads were stopped: 0.0096650 seconds, Stopping threads took: 0.0000640 seconds
118.347: Application time: 0.0660100 seconds
118.347: [GC118.347: [ParNew: 15689K->15689K(18432K), 0.0000100 secs]118.347: [Tenured: 27920K->27920K(40960K), 0.0090220 secs] 43610K->27920K(59392K), [Perm : 6082K->6082K(21248K)], 0.0090820 secs] [Times: user=0.01 sys=0.00, real=0.01 secs] 
118.356: Total time for which application threads were stopped: 0.0092190 seconds, Stopping threads took: 0.0000690 seconds
118.378: Application time: 0.0216480 seconds
118.378: [GC118.378: [ParNew: 15719K->15719K(18432K), 0.0000110 secs]118.378: [Tenured: 27920K->28662K(40960K), 0.0098440 secs] 43639K->28662K(59392K), [Perm : 6082K->6082K(21248K)], 0.0099140 secs] [Times: user=0.01 sys=0.01, real=0.01 secs] 
118.388: Total time for which application threads were stopped: 0.0100540 seconds, Stopping threads took: 0.0000670 seconds
118.396: Application time: 0.0084530 seconds
118.397: [GC118.397: [ParNew: 15677K->15677K(18432K), 0.0000110 secs]118.397: [Tenured: 28662K->28662K(40960K), 0.0066290 secs] 44339K->28662K(59392K), [Perm : 6082K->6082K(21248K)], 0.0066830 secs] [Times: user=0.01 sys=0.00, real=0.01 secs] 
118.403: Total time for which application threads were stopped: 0.0068790 seconds, Stopping threads took: 0.0001300 seconds
118.409: Application time: 0.0056050 seconds
118.409: [GC118.409: [ParNew: 15683K->15683K(18432K), 0.0000110 secs]118.409: [Tenured: 28662K->28632K(40960K), 0.0120820 secs] 44345K->28632K(59392K), [Perm : 6082K->6082K(21248K)], 0.0121460 secs] [Times: user=0.02 sys=0.00, real=0.01 secs] 
118.421: Total time for which application threads were stopped: 0.0123680 seconds, Stopping threads took: 0.0001270 seconds
118.427: Application time: 0.0062030 seconds
118.428: [GC118.428: [ParNew: 15685K->15685K(18432K), 0.0000110 secs]118.428: [Tenured: 28632K->27207K(40960K), 0.0074460 secs] 44318K->27207K(59392K), [Perm : 6082K->6082K(21248K)], 0.0074990 secs] [Times: user=0.00 sys=0.00, real=0.01 secs] 
118.435: Total time for which application threads were stopped: 0.0077260 seconds, Stopping threads took: 0.0001610 seconds
118.442: Application time: 0.0070750 seconds
118.442: [GC118.442: [ParNew: 15680K->15680K(18432K), 0.0000100 secs]118.442: [Tenured: 27207K->25782K(40960K), 0.0085810 secs] 42888K->25782K(59392K), [Perm : 6082K->6082K(21248K)], 0.0086410 secs] [Times: user=0.01 sys=0.00, real=0.00 secs] 
118.451: Total time for which application threads were stopped: 0.0088620 seconds, Stopping threads took: 0.0001480 seconds
118.457: Application time: 0.0059240 seconds
118.457: [GC118.457: [ParNew: 15681K->15681K(18432K), 0.0000100 secs]118.457: [Tenured: 25782K->29345K(40960K), 0.0067330 secs] 41464K->29345K(59392K), [Perm : 6082K->6082K(21248K)], 0.0067940 secs] [Times: user=0.00 sys=0.00, real=0.01 secs] 
118.464: Total time for which application threads were stopped: 0.0070530 seconds, Stopping threads took: 0.0001690 seconds
118.469: Application time: 0.0047540 seconds
118.469: [GC118.469: [ParNew: 15688K->15688K(18432K), 0.0000100 secs]118.469: [Tenured: 29345K->27920K(40960K), 0.0091110 secs] 45034K->27920K(59392K), [Perm : 6082K->6082K(21248K)], 0.0091690 secs] [Times: user=0.01 sys=0.00, real=0.01 secs] 
118.478: Total time for which application threads were stopped: 0.0094070 seconds, Stopping threads took: 0.0001560 seconds
118.482: Application time: 0.0033820 seconds
118.482: [GC118.482: [ParNew: 15681K->15681K(18432K), 0.0000100 secs]118.482: [Tenured: 27920K->26495K(40960K), 0.0088140 secs] 43602K->26495K(59392K), [Perm : 6082K->6082K(21248K)], 0.0088820 secs] [Times: user=0.01 sys=0.00, real=0.01 secs] 
118.491: Total time for which application threads were stopped: 0.0092120 seconds, Stopping threads took: 0.0002430 seconds
118.495: Application time: 0.0045370 seconds
118.496: [GC118.496: [ParNew: 15680K->15680K(18432K), 0.0000100 secs]118.496: [Tenured: 26495K->27206K(40960K), 0.0069900 secs] 42175K->27206K(59392K), [Perm : 6082K->6082K(21248K)], 0.0070500 secs] [Times: user=0.01 sys=0.00, real=0.01 secs] 
118.503: Total time for which application threads were stopped: 0.0071920 seconds, Stopping threads took: 0.0000730 seconds
118.570: Application time: 0.0670850 seconds
118.570: [GC118.570: [ParNew: 15750K->15750K(18432K), 0.0000110 secs]118.570: [Tenured: 27206K->25119K(40960K), 0.0096860 secs] 42957K->25119K(59392K), [Perm : 6082K->6082K(21248K)], 0.0097460 secs] [Times: user=0.01 sys=0.00, real=0.01 secs] 
118.580: Total time for which application threads were stopped: 0.0099050 seconds, Stopping threads took: 0.0000900 seconds
118.594: Application time: 0.0147580 seconds
118.595: [GC118.595: [ParNew: 16378K->16378K(18432K), 0.0000100 secs]118.595: [Tenured: 25119K->25070K(40960K), 0.0119090 secs] 41498K->25070K(59392K), [Perm : 6082K->6082K(21248K)], 0.0119710 secs] [Times: user=0.01 sys=0.00, real=0.01 secs] 
118.607: Total time for which application threads were stopped: 0.0122750 seconds, Stopping threads took: 0.0002300 seconds
118.617: Application time: 0.0101750 seconds
118.617: [GC118.617: [ParNew: 15675K->1474K(18432K), 0.0012960 secs] 40745K->27969K(59392K), 0.0013290 secs] [Times: user=0.00 sys=0.00, real=0.00 secs] 
118.618: Total time for which application threads were stopped: 0.0014660 seconds, Stopping threads took: 0.0000770 seconds
118.623: Application time: 0.0044210 seconds
118.623: [GC118.623: [ParNew: 17199K->17199K(18432K), 0.0000100 secs]118.623: [Tenured: 26495K->26524K(40960K), 0.0096500 secs] 43694K->26524K(59392K), [Perm : 6082K->6082K(21248K)], 0.0097090 secs] [Times: user=0.01 sys=0.00, real=0.00 secs] 
118.633: Total time for which application threads were stopped: 0.0103180 seconds, Stopping threads took: 0.0005190 seconds
118.636: Application time: 0.0034740 seconds
118.637: [GC118.637: [ParNew: 15679K->15679K(18432K), 0.0000100 secs]118.637: [Tenured: 26524K->26524K(40960K), 0.0071300 secs] 42203K->26524K(59392K), [Perm : 6082K->6082K(21248K)], 0.0071880 secs] [Times: user=0.01 sys=0.00, real=0.01 secs] 
118.644: Total time for which application threads were stopped: 0.0076860 seconds, Stopping threads took: 0.0004100 seconds
118.648: Application time: 0.0037350 seconds
118.648: [GC118.648: [ParNew: 15679K->15679K(18432K), 0.0000110 secs]118.648: [Tenured: 26524K->27236K(40960K), 0.0077400 secs] 42203K->27236K(59392K), [Perm : 6082K->6082K(21248K)], 0.0077970 secs] [Times: user=0.00 sys=0.00, real=0.01 secs] 
118.656: Total time for which application threads were stopped: 0.0082660 seconds, Stopping threads took: 0.0003800 seconds
118.662: Application time: 0.0060600 seconds
118.663: [GC118.663: [ParNew: 15687K->15687K(18432K), 0.0000110 secs]118.663: [Tenured: 27236K->25782K(40960K), 0.0117260 secs] 42924K->25782K(59392K), [Perm : 6082K->6082K(21248K)], 0.0117860 secs] [Times: user=0.01 sys=0.00, real=0.01 secs] 
118.674: Total time for which application threads were stopped: 0.0121110 seconds, Stopping threads took: 0.0002420 seconds
118.679: Application time: 0.0042420 seconds
118.679: [GC118.679: [ParNew: 15686K->15686K(18432K), 0.0000120 secs]118.679: [Tenured: 25782K->25783K(40960K), 0.0079230 secs] 41468K->25783K(59392K), [Perm : 6082K->6082K(21248K)], 0.0079790 secs] [Times: user=0.01 sys=0.00, real=0.01 secs] 
118.687: Total time for which application threads were stopped: 0.0082870 seconds, Stopping threads took: 0.0002400 seconds
118.691: Application time: 0.0042290 seconds
118.691: [GC118.691: [ParNew: 15680K->15680K(18432K), 0.0000110 secs]118.691: [Tenured: 25783K->25070K(40960K), 0.0066820 secs] 41463K->25070K(59392K), [Perm : 6082K->6082K(21248K)], 0.0067460 secs] [Times: user=0.01 sys=0.00, real=0.01 secs] 
118.698: Total time for which application threads were stopped: 0.0068770 seconds, Stopping threads took: 0.0000610 seconds
118.702: Application time: 0.0040720 seconds
118.702: [GC118.702: [ParNew: 15680K->1427K(18432K), 0.0008740 secs] 40751K->27210K(59392K), 0.0009080 secs] [Times: user=0.00 sys=0.00, real=0.00 secs] 
118.703: Total time for which application threads were stopped: 0.0010290 seconds, Stopping threads took: 0.0000600 seconds
118.709: Application time: 0.0054800 seconds
118.709: [GC118.710: [ParNew: 17123K->17123K(18432K), 0.0000110 secs]118.710: [Tenured: 25783K->25071K(40960K), 0.0068830 secs] 42906K->25071K(59392K), [Perm : 6082K->6082K(21248K)], 0.0069390 secs] [Times: user=0.00 sys=0.00, real=0.01 secs] 
118.716: Total time for which application threads were stopped: 0.0078450 seconds, Stopping threads took: 0.0008190 seconds
118.720: Application time: 0.0039320 seconds
118.721: [GC118.721: [ParNew: 15683K->1425K(18432K), 0.0012130 secs] 40755K->28634K(59392K), 0.0012480 secs] [Times: user=0.00 sys=0.00, real=0.00 secs] 
118.722: Total time for which application threads were stopped: 0.0015410 seconds, Stopping threads took: 0.0002310 seconds
118.725: Application time: 0.0035230 seconds
118.726: [GC118.726: [ParNew: 17108K->17108K(18432K), 0.0000110 secs]118.726: [Tenured: 27209K->24357K(40960K), 0.0104060 secs] 44318K->24357K(59392K), [Perm : 6082K->6082K(21248K)], 0.0104680 secs] [Times: user=0.01 sys=0.00, real=0.01 secs] 
118.737: Total time for which application threads were stopped: 0.0113730 seconds, Stopping threads took: 0.0008110 seconds
118.741: Application time: 0.0040900 seconds
118.741: [GC118.741: [ParNew: 15681K->1427K(18432K), 0.0011550 secs] 40038K->26497K(59392K), 0.0011900 secs] [Times: user=0.00 sys=0.00, real=0.01 secs] 
118.743: Total time for which application threads were stopped: 0.0016500 seconds, Stopping threads took: 0.0003790 seconds
118.747: Application time: 0.0042440 seconds
118.747: [GC118.747: [ParNew: 17108K->1427K(18432K), 0.0008940 secs] 42178K->27210K(59392K), 0.0009280 secs] [Times: user=0.00 sys=0.00, real=0.00 secs] 
118.748: Total time for which application threads were stopped: 0.0014120 seconds, Stopping threads took: 0.0004050 seconds
118.753: Application time: 0.0046850 seconds
118.753: [GC118.753: [ParNew: 17127K->1439K(18432K), 0.0022430 secs] 42910K->32922K(59392K), 0.0022790 secs] [Times: user=0.02 sys=0.00, real=0.01 secs] 
118.755: Total time for which application threads were stopped: 0.0024540 seconds, Stopping threads took: 0.0001140 seconds
118.759: Application time: 0.0040120 seconds
118.760: [GC118.760: [ParNew: 17121K->17121K(18432K), 0.0000100 secs]118.760: [Tenured: 31483K->26495K(40960K), 0.0102050 secs] 48604K->26495K(59392K), [Perm : 6082K->6082K(21248K)], 0.0102630 secs] [Times: user=0.01 sys=0.00, real=0.01 secs] 
118.770: Total time for which application threads were stopped: 0.0104180 seconds, Stopping threads took: 0.0000860 seconds
118.774: Application time: 0.0040990 seconds
118.774: [GC118.774: [ParNew: 15678K->714K(18432K), 0.0004860 secs] 42173K->27209K(59392K), 0.0005130 secs] [Times: user=0.01 sys=0.00, real=0.00 secs] 
118.775: Total time for which application threads were stopped: 0.0006500 seconds, Stopping threads took: 0.0000660 seconds
118.798: Application time: 0.0232560 seconds
118.798: [GC118.798: [ParNew: 16440K->1467K(18432K), 0.0019190 secs] 42935K->32237K(59392K), 0.0019550 secs] [Times: user=0.02 sys=0.00, real=0.00 secs] 
118.800: Total time for which application threads were stopped: 0.0020950 seconds, Stopping threads took: 0.0000770 seconds
118.808: Application time: 0.0083340 seconds
118.808: [GC118.808: [ParNew: 17144K->17144K(18432K), 0.0000110 secs]118.808: [Tenured: 30770K->25099K(40960K), 0.0098470 secs] 47914K->25099K(59392K), [Perm : 6082K->6082K(21248K)], 0.0099030 secs] [Times: user=0.01 sys=0.00, real=0.01 secs] 
118.818: Total time for which application threads were stopped: 0.0100890 seconds, Stopping threads took: 0.0001040 seconds
118.823: Application time: 0.0050080 seconds
118.824: [GC118.824: [ParNew: 15683K->1435K(18432K), 0.0008550 secs] 40782K->27246K(59392K), 0.0008840 secs] [Times: user=0.01 sys=0.00, real=0.00 secs] 
118.824: Total time for which application threads were stopped: 0.0010440 seconds, Stopping threads took: 0.0001040 seconds
118.831: Application time: 0.0064850 seconds
118.831: [GC118.831: [ParNew: 17120K->1439K(18432K), 0.0005070 secs] 42932K->27250K(59392K), 0.0005340 secs] [Times: user=0.01 sys=0.00, real=0.00 secs] 
118.832: Total time for which application threads were stopped: 0.0006930 seconds, Stopping threads took: 0.0001050 seconds
118.838: Application time: 0.0065540 seconds
118.839: [GC118.839: [ParNew: 17119K->1429K(18432K), 0.0007730 secs] 42931K->27993K(59392K), 0.0008030 secs] [Times: user=0.00 sys=0.00, real=0.00 secs] 
118.839: Total time for which application threads were stopped: 0.0011910 seconds, Stopping threads took: 0.0003320 seconds
118.846: Application time: 0.0065130 seconds
118.846: [GC118.846: [ParNew: 17704K->1472K(18432K), 0.0010590 secs] 44268K->29461K(59392K), 0.0010970 secs] [Times: user=0.00 sys=0.00, real=0.00 secs] 
118.847: Total time for which application threads were stopped: 0.0012750 seconds, Stopping threads took: 0.0001210 seconds
118.852: Application time: 0.0046600 seconds
118.852: [GC118.852: [ParNew: 17796K->1473K(18432K), 0.0010330 secs] 45786K->30951K(59392K), 0.0010640 secs] [Times: user=0.01 sys=0.00, real=0.00 secs] 
118.853: Total time for which application threads were stopped: 0.0012050 seconds, Stopping threads took: 0.0000820 seconds
118.857: Application time: 0.0036230 seconds
118.857: [GC118.857: [ParNew: 17280K->1440K(18432K), 0.0009520 secs] 46759K->31711K(59392K), 0.0009860 secs] [Times: user=0.00 sys=0.00, real=0.00 secs] 
118.858: Total time for which application threads were stopped: 0.0013170 seconds, Stopping threads took: 0.0002700 seconds
118.862: Application time: 0.0041430 seconds
118.862: [GC118.862: [ParNew: 17258K->1435K(18432K), 0.0019260 secs] 47529K->36725K(59392K), 0.0019630 secs] [Times: user=0.02 sys=0.00, real=0.00 secs] 
118.864: Total time for which application threads were stopped: 0.0022400 seconds, Stopping threads took: 0.0002140 seconds
118.869: Application time: 0.0042280 seconds
118.869: [GC118.869: [ParNew: 17122K->17122K(18432K), 0.0000100 secs]118.869: [Tenured: 35290K->20822K(40960K), 0.0096870 secs] 52413K->20822K(59392K), [Perm : 6082K->6082K(21248K)], 0.0097430 secs] [Times: user=0.01 sys=0.00, real=0.01 secs] 
118.879: Total time for which application threads were stopped: 0.0105100 seconds, Stopping threads took: 0.0006990 seconds
118.883: Application time: 0.0038850 seconds
118.883: [GC118.883: [ParNew: 15694K->1435K(18432K), 0.0024630 secs] 36516K->28670K(59392K), 0.0025070 secs] [Times: user=0.02 sys=0.00, real=0.00 secs] 
118.886: Total time for which application threads were stopped: 0.0027440 seconds, Stopping threads took: 0.0001710 seconds
118.891: Application time: 0.0048960 seconds
118.891: [GC118.891: [ParNew: 17120K->1433K(18432K), 0.0012950 secs] 44355K->30821K(59392K), 0.0013320 secs] [Times: user=0.01 sys=0.00, real=0.00 secs] 
118.893: Total time for which application threads were stopped: 0.0019630 seconds, Stopping threads took: 0.0005690 seconds
118.897: Application time: 0.0040460 seconds
118.897: [GC118.897: [ParNew: 17112K->1427K(18432K), 0.0009940 secs] 46501K->31560K(59392K), 0.0010310 secs] [Times: user=0.01 sys=0.00, real=0.00 secs] 
118.898: Total time for which application threads were stopped: 0.0017930 seconds, Stopping threads took: 0.0006990 seconds
118.902: Application time: 0.0039060 seconds
118.903: [GC118.903: [ParNew: 17112K->1435K(18432K), 0.0008750 secs] 47245K->32280K(59392K), 0.0009030 secs] [Times: user=0.01 sys=0.00, real=0.00 secs] 
118.904: Total time for which application threads were stopped: 0.0011880 seconds, Stopping threads took: 0.0002200 seconds
118.907: Application time: 0.0038650 seconds
118.908: [GC118.908: [ParNew: 17114K->1425K(18432K), 0.0006690 secs] 47960K->32318K(59392K), 0.0007040 secs] [Times: user=0.00 sys=0.00, real=0.00 secs] 
118.908: Total time for which application threads were stopped: 0.0010510 seconds, Stopping threads took: 0.0002940 seconds
118.912: Application time: 0.0037980 seconds
118.912: [GC118.912: [ParNew: 17112K->1437K(18432K), 0.0012440 secs] 48006K->34468K(59392K), 0.0012700 secs] [Times: user=0.01 sys=0.00, real=0.00 secs] 
118.914: Total time for which application threads were stopped: 0.0013950 seconds, Stopping threads took: 0.0000690 seconds
118.920: Application time: 0.0059930 seconds
118.920: [GC118.920: [ParNew: 17125K->1433K(18432K), 0.0007320 secs] 50156K->35209K(59392K), 0.0007580 secs] [Times: user=0.00 sys=0.00, real=0.00 secs] 
118.921: Total time for which application threads were stopped: 0.0009370 seconds, Stopping threads took: 0.0001230 seconds
118.925: Application time: 0.0045130 seconds
118.925: [GC118.925: [ParNew: 17114K->1425K(18432K), 0.0010260 secs] 50889K->36674K(59392K), 0.0010600 secs] [Times: user=0.01 sys=0.00, real=0.00 secs] 
118.926: Total time for which application threads were stopped: 0.0012180 seconds, Stopping threads took: 0.0000960 seconds
118.931: Application time: 0.0042910 seconds
118.931: [GC118.931: [ParNew: 17107K->17107K(18432K), 0.0000110 secs]118.931: [Tenured: 35248K->21507K(40960K), 0.0104470 secs] 52355K->21507K(59392K), [Perm : 6082K->6082K(21248K)], 0.0105060 secs] [Times: user=0.02 sys=0.00, real=0.01 secs] 
118.942: Total time for which application threads were stopped: 0.0114020 seconds, Stopping threads took: 0.0008250 seconds
118.947: Application time: 0.0045640 seconds
118.947: [GC118.947: [ParNew: 15688K->1437K(18432K), 0.0006500 secs] 37196K->22944K(59392K), 0.0006810 secs] [Times: user=0.01 sys=0.00, real=0.00 secs] 
118.948: Total time for which application threads were stopped: 0.0014360 seconds, Stopping threads took: 0.0006970 seconds
118.952: Application time: 0.0036780 seconds
118.952: [GC118.952: [ParNew: 17126K->1437K(18432K), 0.0012730 secs] 38634K->25122K(59392K), 0.0013040 secs] [Times: user=0.01 sys=0.00, real=0.00 secs] 
118.953: Total time for which application threads were stopped: 0.0014710 seconds, Stopping threads took: 0.0001080 seconds
118.957: Application time: 0.0035800 seconds
118.957: [GC118.957: [ParNew: 17119K->1429K(18432K), 0.0006250 secs] 40805K->25146K(59392K), 0.0006550 secs] [Times: user=0.01 sys=0.00, real=0.00 secs] 
118.958: Total time for which application threads were stopped: 0.0008050 seconds, Stopping threads took: 0.0000920 seconds
118.961: Application time: 0.0035330 seconds
118.961: [GC118.961: [ParNew: 17110K->1425K(18432K), 0.0005710 secs] 40828K->25142K(59392K), 0.0005990 secs] [Times: user=0.00 sys=0.00, real=0.00 secs] 
118.962: Total time for which application threads were stopped: 0.0008740 seconds, Stopping threads took: 0.0002210 seconds
118.966: Application time: 0.0035640 seconds
118.966: [GC118.966: [ParNew: 17107K->1425K(18432K), 0.0013930 secs] 40825K->27992K(59392K), 0.0014290 secs] [Times: user=0.01 sys=0.00, real=0.00 secs] 
118.967: Total time for which application threads were stopped: 0.0016920 seconds, Stopping threads took: 0.0002020 seconds
118.972: Application time: 0.0049500 seconds
118.972: [GC118.972: [ParNew: 17121K->1441K(18432K), 0.0012570 secs] 43689K->30858K(59392K), 0.0012890 secs] [Times: user=0.01 sys=0.00, real=0.00 secs] 
118.974: Total time for which application threads were stopped: 0.0014420 seconds, Stopping threads took: 0.0000940 seconds
119.050: Application time: 0.0766080 seconds
119.050: [GC119.050: [ParNew (promotion failed): 17135K->17128K(18432K), 0.0037680 secs]119.054: [Tenured: 40841K->22220K(40960K), 0.0091490 secs] 46552K->22220K(59392K), [Perm : 6082K->6082K(21248K)], 0.0129810 secs] [Times: user=0.03 sys=0.00, real=0.02 secs] 
119.063: Total time for which application threads were stopped: 0.0131560 seconds, Stopping threads took: 0.0001070 seconds
119.136: Application time: 0.0728250 seconds
119.136: [GC119.136: [ParNew: 15691K->1425K(18432K), 0.0046020 secs] 37912K->37895K(59392K), 0.0046520 secs] [Times: user=0.04 sys=0.00, real=0.00 secs] 
119.141: Total time for which application threads were stopped: 0.0048740 seconds, Stopping threads took: 0.0001570 seconds
119.206: Application time: 0.0650360 seconds
119.206: [GC119.206: [ParNew: 17116K->17116K(18432K), 0.0000100 secs]119.206: [Tenured: 36470K->26495K(40960K), 0.0102100 secs] 53587K->26495K(59392K), [Perm : 6082K->6082K(21248K)], 0.0102720 secs] [Times: user=0.01 sys=0.00, real=0.01 secs] 
119.217: Total time for which application threads were stopped: 0.0104490 seconds, Stopping threads took: 0.0000980 seconds
119.291: Application time: 0.0745260 seconds
119.291: [GC119.291: [ParNew: 15697K->1431K(18432K), 0.0042810 secs] 42193K->41464K(59392K), 0.0043220 secs] [Times: user=0.03 sys=0.00, real=0.01 secs] 
119.296: Total time for which application threads were stopped: 0.0044670 seconds, Stopping threads took: 0.0000820 seconds
119.327: Application time: 0.0313490 seconds
119.327: [GC119.327: [ParNew: 17122K->17122K(18432K), 0.0000110 secs]119.327: [Tenured: 40033K->26496K(40960K), 0.0091810 secs] 57156K->26496K(59392K), [Perm : 6082K->6082K(21248K)], 0.0092470 secs] [Times: user=0.01 sys=0.00, real=0.01 secs] 
119.336: Total time for which application threads were stopped: 0.0094130 seconds, Stopping threads took: 0.0000970 seconds
119.403: Application time: 0.0662720 seconds
119.403: [GC119.403: [ParNew: 15691K->15691K(18432K), 0.0000100 secs]119.403: [Tenured: 26496K->25782K(40960K), 0.0101780 secs] 42188K->25782K(59392K), [Perm : 6082K->6082K(21248K)], 0.0102370 secs] [Times: user=0.01 sys=0.00, real=0.00 secs] 
119.413: Total time for which application threads were stopped: 0.0103820 seconds, Stopping threads took: 0.0000800 seconds
119.492: Application time: 0.0788370 seconds
119.492: [GC119.492: [ParNew: 15691K->1427K(18432K), 0.0043080 secs] 41473K->40747K(59392K), 0.0043490 secs] [Times: user=0.03 sys=0.00, real=0.01 secs] 
119.496: Total time for which application threads were stopped: 0.0044740 seconds, Stopping threads took: 0.0000590 seconds
119.564: Application time: 0.0674890 seconds
119.564: [GC119.564: [ParNew: 17118K->17118K(18432K), 0.0000110 secs]119.564: [Tenured: 39320K->25782K(40960K), 0.0089890 secs] 56438K->25782K(59392K), [Perm : 6082K->6082K(21248K)], 0.0090510 secs] [Times: user=0.01 sys=0.00, real=0.00 secs] 
119.573: Total time for which application threads were stopped: 0.0091830 seconds, Stopping threads took: 0.0000640 seconds
119.639: Application time: 0.0662850 seconds
119.639: [GC119.639: [ParNew: 15697K->15697K(18432K), 0.0000110 secs]119.639: [Tenured: 25782K->26495K(40960K), 0.0091990 secs] 41480K->26495K(59392K), [Perm : 6082K->6082K(21248K)], 0.0092590 secs] [Times: user=0.01 sys=0.00, real=0.01 secs] 
119.649: Total time for which application threads were stopped: 0.0093990 seconds, Stopping threads took: 0.0000710 seconds
119.723: Application time: 0.0739600 seconds
119.723: [GC119.723: [ParNew: 15691K->15691K(18432K), 0.0000090 secs]119.723: [Tenured: 26495K->26495K(40960K), 0.0090980 secs] 42187K->26495K(59392K), [Perm : 6082K->6082K(21248K)], 0.0091560 secs] [Times: user=0.01 sys=0.00, real=0.00 secs] 
119.732: Total time for which application threads were stopped: 0.0093030 seconds, Stopping threads took: 0.0000690 seconds
119.803: Application time: 0.0710900 seconds
119.803: [GC119.803: [ParNew: 15697K->15697K(18432K), 0.0000110 secs]119.803: [Tenured: 26495K->25782K(40960K), 0.0116050 secs] 42193K->25782K(59392K), [Perm : 6082K->6082K(21248K)], 0.0116660 secs] [Times: user=0.01 sys=0.00, real=0.01 secs] 
119.815: Total time for which application threads were stopped: 0.0118380 seconds, Stopping threads took: 0.0001030 seconds
119.883: Application time: 0.0684970 seconds
119.883: [GC119.883: [ParNew: 15704K->15704K(18432K), 0.0000100 secs]119.884: [Tenured: 25782K->26496K(40960K), 0.0100560 secs] 41486K->26496K(59392K), [Perm : 6082K->6082K(21248K)], 0.0101120 secs] [Times: user=0.01 sys=0.00, real=0.00 secs] 
119.894: Total time for which application threads were stopped: 0.0102630 seconds, Stopping threads took: 0.0000760 seconds
119.968: Application time: 0.0740640 seconds
119.968: [GC119.968: [ParNew: 15691K->15691K(18432K), 0.0000100 secs]119.968: [Tenured: 26496K->27921K(40960K), 0.0100200 secs] 42188K->27921K(59392K), [Perm : 6082K->6082K(21248K)], 0.0100750 secs] [Times: user=0.01 sys=0.00, real=0.01 secs] 
119.978: Total time for which application threads were stopped: 0.0102200 seconds, Stopping threads took: 0.0000780 seconds
120.044: Application time: 0.0660540 seconds
120.044: [GC120.044: [ParNew: 15706K->15706K(18432K), 0.0000100 secs]120.044: [Tenured: 27921K->27923K(40960K), 0.0089510 secs] 43627K->27923K(59392K), [Perm : 6082K->6082K(21248K)], 0.0090090 secs] [Times: user=0.01 sys=0.00, real=0.00 secs] 
120.053: Total time for which application threads were stopped: 0.0091460 seconds, Stopping threads took: 0.0000690 seconds
120.124: Application time: 0.0709530 seconds
120.124: [GC120.124: [ParNew: 15697K->15697K(18432K), 0.0000100 secs]120.124: [Tenured: 27923K->27919K(40960K), 0.0107530 secs] 43621K->27919K(59392K), [Perm : 6082K->6082K(21248K)], 0.0108100 secs] [Times: user=0.01 sys=0.00, real=0.01 secs] 
120.135: Total time for which application threads were stopped: 0.0109620 seconds, Stopping threads took: 0.0000840 seconds
120.207: Application time: 0.0716200 seconds
120.207: [GC120.207: [ParNew: 15691K->15691K(18432K), 0.0000110 secs]120.207: [Tenured: 27919K->27919K(40960K), 0.0096320 secs] 43611K->27919K(59392K), [Perm : 6082K->6082K(21248K)], 0.0096910 secs] [Times: user=0.00 sys=0.00, real=0.01 secs] 
120.216: Total time for which application threads were stopped: 0.0098320 seconds, Stopping threads took: 0.0000720 seconds
120.279: Application time: 0.0628170 seconds
120.279: [GC120.279: [ParNew: 15700K->15700K(18432K), 0.0000110 secs]120.279: [Tenured: 27919K->28633K(40960K), 0.0097860 secs] 43620K->28633K(59392K), [Perm : 6082K->6082K(21248K)], 0.0098470 secs] [Times: user=0.01 sys=0.00, real=0.01 secs] 
120.289: Total time for which application threads were stopped: 0.0099890 seconds, Stopping threads took: 0.0000580 seconds
120.324: Application time: 0.0348730 seconds
120.324: [GC120.324: [ParNew: 15689K->15689K(18432K), 0.0000100 secs]120.324: [Tenured: 28633K->30058K(40960K), 0.0093520 secs] 44323K->30058K(59392K), [Perm : 6082K->6082K(21248K)], 0.0094120 secs] [Times: user=0.01 sys=0.00, real=0.00 secs] 
120.334: Total time for which application threads were stopped: 0.0095440 seconds, Stopping threads took: 0.0000640 seconds
120.406: Application time: 0.0724260 seconds
120.406: [GC120.406: [ParNew: 15689K->15689K(18432K), 0.0000100 secs]120.406: [Tenured: 30058K->27920K(40960K), 0.0108880 secs] 45748K->27920K(59392K), [Perm : 6082K->6082K(21248K)], 0.0109480 secs] [Times: user=0.01 sys=0.00, real=0.01 secs] 
120.417: Total time for which application threads were stopped: 0.0110830 seconds, Stopping threads took: 0.0000690 seconds
120.483: Application time: 0.0658410 seconds
120.483: [GC120.483: [ParNew: 15691K->15691K(18432K), 0.0000110 secs]120.483: [Tenured: 27920K->27920K(40960K), 0.0102660 secs] 43611K->27920K(59392K), [Perm : 6082K->6082K(21248K)], 0.0103290 secs] [Times: user=0.01 sys=0.00, real=0.00 secs] 
120.494: Total time for which application threads were stopped: 0.0105460 seconds, Stopping threads took: 0.0001260 seconds
120.558: Application time: 0.0642480 seconds
120.558: [GC120.558: [ParNew: 15689K->15689K(18432K), 0.0000100 secs]120.558: [Tenured: 27920K->28632K(40960K), 0.0093560 secs] 43609K->28632K(59392K), [Perm : 6082K->6082K(21248K)], 0.0094150 secs] [Times: user=0.00 sys=0.00, real=0.01 secs] 
120.567: Total time for which application threads were stopped: 0.0095520 seconds, Stopping threads took: 0.0000710 seconds
120.641: Application time: 0.0731380 seconds
120.641: [GC120.641: [ParNew: 15689K->15689K(18432K), 0.0000100 secs]120.641: [Tenured: 28632K->28632K(40960K), 0.0105830 secs] 44322K->28632K(59392K), [Perm : 6082K->6082K(21248K)], 0.0106410 secs] [Times: user=0.01 sys=0.00, real=0.01 secs] 
120.651: Total time for which application threads were stopped: 0.0108280 seconds, Stopping threads took: 0.0001120 seconds
120.712: Application time: 0.0606880 seconds
120.712: [GC120.712: [ParNew: 15698K->15698K(18432K), 0.0000110 secs]120.712: [Tenured: 28632K->26495K(40960K), 0.0114170 secs] 44330K->26495K(59392K), [Perm : 6082K->6082K(21248K)], 0.0114770 secs] [Times: user=0.02 sys=0.00, real=0.02 secs] 
120.724: Total time for which application threads were stopped: 0.0116190 seconds, Stopping threads took: 0.0000730 seconds
120.761: Application time: 0.0370720 seconds
120.761: [GC120.761: [ParNew: 15689K->1425K(18432K), 0.0041970 secs] 42185K->40033K(59392K), 0.0042390 secs] [Times: user=0.03 sys=0.00, real=0.01 secs] 
120.765: Total time for which application threads were stopped: 0.0044030 seconds, Stopping threads took: 0.0000990 seconds
120.836: Application time: 0.0708500 seconds
120.836: [GC120.836: [ParNew: 17115K->17115K(18432K), 0.0000110 secs]120.836: [Tenured: 38608K->26495K(40960K), 0.0107010 secs] 55723K->26495K(59392K), [Perm : 6082K->6082K(21248K)], 0.0107630 secs] [Times: user=0.01 sys=0.00, real=0.01 secs] 
120.847: Total time for which application threads were stopped: 0.0109550 seconds, Stopping threads took: 0.0000940 seconds
120.903: Application time: 0.0559240 seconds
120.903: [GC120.903: [ParNew: 15707K->15707K(18432K), 0.0000110 secs]120.903: [Tenured: 26495K->25783K(40960K), 0.0100240 secs] 42202K->25783K(59392K), [Perm : 6082K->6082K(21248K)], 0.0100860 secs] [Times: user=0.01 sys=0.00, real=0.00 secs] 
120.913: Total time for which application threads were stopped: 0.0102240 seconds, Stopping threads took: 0.0000680 seconds
120.986: Application time: 0.0727570 seconds
120.986: [GC120.986: [ParNew: 15696K->15696K(18432K), 0.0000120 secs]120.986: [Tenured: 25783K->25783K(40960K), 0.0109750 secs] 41479K->25783K(59392K), [Perm : 6082K->6082K(21248K)], 0.0110390 secs] [Times: user=0.01 sys=0.01, real=0.01 secs] 
120.997: Total time for which application threads were stopped: 0.0111700 seconds, Stopping threads took: 0.0000630 seconds
121.020: Application time: 0.0226460 seconds
121.020: [GC121.020: [ParNew: 15688K->15688K(18432K), 0.0000110 secs]121.020: [Tenured: 25783K->25783K(40960K), 0.0113740 secs] 41471K->25783K(59392K), [Perm : 6082K->6082K(21248K)], 0.0114330 secs] [Times: user=0.01 sys=0.00, real=0.01 secs] 
121.031: Total time for which application threads were stopped: 0.0115720 seconds, Stopping threads took: 0.0000690 seconds
121.096: Application time: 0.0649030 seconds
121.096: [GC121.096: [ParNew: 15711K->15711K(18432K), 0.0000100 secs]121.096: [Tenured: 25783K->22220K(40960K), 0.0106330 secs] 41495K->22220K(59392K), [Perm : 6082K->6082K(21248K)], 0.0106920 secs] [Times: user=0.01 sys=0.00, real=0.01 secs] 
121.107: Total time for which application threads were stopped: 0.0109060 seconds, Stopping threads took: 0.0001340 seconds
121.168: Application time: 0.0609870 seconds
121.168: [GC121.168: [ParNew: 15688K->1425K(18432K), 0.0035800 secs] 37908K->34333K(59392K), 0.0036280 secs] [Times: user=0.02 sys=0.00, real=0.00 secs] 
121.172: Total time for which application threads were stopped: 0.0038500 seconds, Stopping threads took: 0.0001420 seconds
121.200: Application time: 0.0283750 seconds
121.200: [GC121.200: [ParNew: 17113K->17113K(18432K), 0.0000110 secs]121.200: [Tenured: 32908K->24358K(40960K), 0.0094910 secs] 50022K->24358K(59392K), [Perm : 6082K->6082K(21248K)], 0.0095500 secs] [Times: user=0.01 sys=0.00, real=0.01 secs] 
121.210: Total time for which application threads were stopped: 0.0096930 seconds, Stopping threads took: 0.0000650 seconds
121.270: Application time: 0.0596770 seconds
121.270: [GC121.270: [ParNew: 15694K->1431K(18432K), 0.0036780 secs] 40053K->36478K(59392K), 0.0037210 secs] [Times: user=0.02 sys=0.00, real=0.00 secs] 
121.274: Total time for which application threads were stopped: 0.0038880 seconds, Stopping threads took: 0.0000980 seconds
121.335: Application time: 0.0616450 seconds
121.335: [GC121.335: [ParNew: 17119K->17119K(18432K), 0.0000110 secs]121.335: [Tenured: 35046K->24359K(40960K), 0.0106530 secs] 52166K->24359K(59392K), [Perm : 6082K->6082K(21248K)], 0.0107210 secs] [Times: user=0.02 sys=0.00, real=0.01 secs] 
121.346: Total time for which application threads were stopped: 0.0108930 seconds, Stopping threads took: 0.0001030 seconds
121.374: Application time: 0.0275230 seconds
121.374: [GC121.374: [ParNew: 15690K->1425K(18432K), 0.0036330 secs] 40049K->36473K(59392K), 0.0036760 secs] [Times: user=0.02 sys=0.00, real=0.01 secs] 
121.378: Total time for which application threads were stopped: 0.0038520 seconds, Stopping threads took: 0.0000990 seconds
121.444: Application time: 0.0659850 seconds
121.444: [GC121.444: [ParNew: 17113K->17113K(18432K), 0.0000110 secs]121.444: [Tenured: 35047K->25071K(40960K), 0.0109510 secs] 52161K->25071K(59392K), [Perm : 6082K->6082K(21248K)], 0.0110110 secs] [Times: user=0.01 sys=0.00, real=0.01 secs] 
121.455: Total time for which application threads were stopped: 0.0111560 seconds, Stopping threads took: 0.0000740 seconds
121.511: Application time: 0.0558690 seconds
121.511: [GC121.511: [ParNew: 15690K->1427K(18432K), 0.0035560 secs] 40761K->37187K(59392K), 0.0036020 secs] [Times: user=0.03 sys=0.00, real=0.01 secs] 
121.514: Total time for which application threads were stopped: 0.0037800 seconds, Stopping threads took: 0.0001030 seconds
121.578: Application time: 0.0635110 seconds
121.578: [GC121.578: [ParNew: 17117K->17117K(18432K), 0.0000100 secs]121.578: [Tenured: 35759K->25071K(40960K), 0.0096490 secs] 52877K->25071K(59392K), [Perm : 6082K->6082K(21248K)], 0.0097080 secs] [Times: user=0.01 sys=0.00, real=0.01 secs] 
121.588: Total time for which application threads were stopped: 0.0098450 seconds, Stopping threads took: 0.0000670 seconds
121.615: Application time: 0.0277340 seconds
121.616: [GC121.616: [ParNew: 15688K->1425K(18432K), 0.0036770 secs] 40760K->37185K(59392K), 0.0037180 secs] [Times: user=0.03 sys=0.00, real=0.00 secs] 
121.619: Total time for which application threads were stopped: 0.0038530 seconds, Stopping threads took: 0.0000710 seconds
121.678: Application time: 0.0588240 seconds
121.678: [GC121.678: [ParNew: 17113K->17113K(18432K), 0.0000100 secs]121.678: [Tenured: 35760K->25071K(40960K), 0.0098040 secs] 52874K->25071K(59392K), [Perm : 6082K->6082K(21248K)], 0.0098660 secs] [Times: user=0.01 sys=0.00, real=0.01 secs] 
121.688: Total time for which application threads were stopped: 0.0100040 seconds, Stopping threads took: 0.0000670 seconds
121.750: Application time: 0.0617820 seconds
121.750: [GC121.750: [ParNew: 15695K->1431K(18432K), 0.0035020 secs] 40767K->37191K(59392K), 0.0035430 secs] [Times: user=0.02 sys=0.01, real=0.00 secs] 
121.754: Total time for which application threads were stopped: 0.0036960 seconds, Stopping threads took: 0.0000900 seconds
121.783: Application time: 0.0297120 seconds
121.783: [GC121.783: [ParNew: 17119K->17119K(18432K), 0.0000100 secs]121.783: [Tenured: 35760K->25785K(40960K), 0.0093170 secs] 52880K->25785K(59392K), [Perm : 6082K->6082K(21248K)], 0.0093760 secs] [Times: user=0.01 sys=0.00, real=0.00 secs] 
121.793: Total time for which application threads were stopped: 0.0095210 seconds, Stopping threads took: 0.0000760 seconds
121.850: Application time: 0.0575480 seconds
121.850: [GC121.850: [ParNew: 15688K->15688K(18432K), 0.0000110 secs]121.851: [Tenured: 25785K->26496K(40960K), 0.0110700 secs] 41473K->26496K(59392K), [Perm : 6082K->6082K(21248K)], 0.0111340 secs] [Times: user=0.01 sys=0.00, real=0.01 secs] 
121.862: Total time for which application threads were stopped: 0.0112690 seconds, Stopping threads took: 0.0000640 seconds
121.935: Application time: 0.0731590 seconds
121.935: [GC121.935: [ParNew: 15702K->15702K(18432K), 0.0000100 secs]121.935: [Tenured: 26496K->25785K(40960K), 0.0095240 secs] 42199K->25785K(59392K), [Perm : 6082K->6082K(21248K)], 0.0095830 secs] [Times: user=0.01 sys=0.00, real=0.01 secs] 
121.945: Total time for which application threads were stopped: 0.0097900 seconds, Stopping threads took: 0.0001110 seconds
121.963: Application time: 0.0179670 seconds
121.963: [GC121.963: [ParNew: 15695K->15695K(18432K), 0.0000110 secs]121.963: [Tenured: 25785K->27211K(40960K), 0.0102890 secs] 41481K->27211K(59392K), [Perm : 6082K->6082K(21248K)], 0.0103580 secs] [Times: user=0.01 sys=0.00, real=0.00 secs] 
121.973: Total time for which application threads were stopped: 0.0105820 seconds, Stopping threads took: 0.0001420 seconds
122.041: Application time: 0.0674510 seconds
122.041: [GC122.041: [ParNew: 15688K->15688K(18432K), 0.0000140 secs]122.042: [Tenured: 27211K->27924K(40960K), 0.0102080 secs] 42900K->27924K(59392K), [Perm : 6082K->6082K(21248K)], 0.0118260 secs] [Times: user=0.01 sys=0.00, real=0.01 secs] 
122.053: Total time for which application threads were stopped: 0.0120030 seconds, Stopping threads took: 0.0001080 seconds
122.115: Application time: 0.0621510 seconds
122.115: [GC122.115: [ParNew: 15695K->15695K(18432K), 0.0000100 secs]122.115: [Tenured: 27924K->28634K(40960K), 0.0105710 secs] 43619K->28634K(59392K), [Perm : 6082K->6082K(21248K)], 0.0106310 secs] [Times: user=0.01 sys=0.00, real=0.01 secs] 
122.126: Total time for which application threads were stopped: 0.0107590 seconds, Stopping threads took: 0.0000590 seconds
122.142: Application time: 0.0165040 seconds
122.143: [GC122.143: [ParNew: 15726K->15726K(18432K), 0.0000100 secs]122.143: [Tenured: 28634K->27239K(40960K), 0.0091500 secs] 44360K->27239K(59392K), [Perm : 6082K->6082K(21248K)], 0.0092110 secs] [Times: user=0.01 sys=0.00, real=0.00 secs] 
122.152: Total time for which application threads were stopped: 0.0099050 seconds, Stopping threads took: 0.0006170 seconds
122.158: Application time: 0.0064580 seconds
122.159: [GC122.159: [ParNew: 15681K->15681K(18432K), 0.0000110 secs]122.159: [Tenured: 27239K->28664K(40960K), 0.0092840 secs] 42921K->28664K(59392K), [Perm : 6082K->6082K(21248K)], 0.0093440 secs] [Times: user=0.01 sys=0.00, real=0.01 secs] 
122.168: Total time for which application threads were stopped: 0.0095710 seconds, Stopping threads took: 0.0001540 seconds
122.174: Application time: 0.0065040 seconds
122.175: [GC122.175: [ParNew: 15683K->15683K(18432K), 0.0000110 secs]122.175: [Tenured: 28664K->29377K(40960K), 0.0068460 secs] 44348K->29377K(59392K), [Perm : 6082K->6082K(21248K)], 0.0068990 secs] [Times: user=0.01 sys=0.00, real=0.00 secs] 
122.182: Total time for which application threads were stopped: 0.0070400 seconds, Stopping threads took: 0.0000710 seconds
122.185: Application time: 0.0036730 seconds
122.185: [GC122.185: [ParNew: 15679K->15679K(18432K), 0.0000100 secs]122.185: [Tenured: 29377K->27921K(40960K), 0.0107660 secs] 45057K->27921K(59392K), [Perm : 6082K->6082K(21248K)], 0.0108290 secs] [Times: user=0.01 sys=0.00, real=0.01 secs] 
122.196: Total time for which application threads were stopped: 0.0110760 seconds, Stopping threads took: 0.0001660 seconds
122.204: Application time: 0.0075850 seconds
122.204: [GC122.204: [ParNew: 15685K->15685K(18432K), 0.0000110 secs]122.204: [Tenured: 27921K->28635K(40960K), 0.0077210 secs] 43607K->28635K(59392K), [Perm : 6082K->6082K(21248K)], 0.0077750 secs] [Times: user=0.01 sys=0.00, real=0.00 secs] 
122.212: Total time for which application threads were stopped: 0.0079960 seconds, Stopping threads took: 0.0001340 seconds
122.220: Application time: 0.0077230 seconds
122.220: [GC122.220: [ParNew: 15679K->15679K(18432K), 0.0000100 secs]122.220: [Tenured: 28635K->28635K(40960K), 0.0067070 secs] 44314K->28635K(59392K), [Perm : 6082K->6082K(21248K)], 0.0067600 secs] [Times: user=0.01 sys=0.00, real=0.01 secs] 
122.227: Total time for which application threads were stopped: 0.0070390 seconds, Stopping threads took: 0.0002140 seconds
122.233: Application time: 0.0059570 seconds
122.233: [GC122.233: [ParNew: 15687K->15687K(18432K), 0.0000110 secs]122.233: [Tenured: 28635K->29349K(40960K), 0.0068000 secs] 44322K->29349K(59392K), [Perm : 6082K->6082K(21248K)], 0.0068560 secs] [Times: user=0.00 sys=0.00, real=0.01 secs] 
122.240: Total time for which application threads were stopped: 0.0069950 seconds, Stopping threads took: 0.0000730 seconds
122.244: Application time: 0.0042090 seconds
122.244: [GC122.244: [ParNew: 15679K->15679K(18432K), 0.0000100 secs]122.244: [Tenured: 29349K->27922K(40960K), 0.0079950 secs] 45028K->27922K(59392K), [Perm : 6082K->6082K(21248K)], 0.0080630 secs] [Times: user=0.00 sys=0.00, real=0.00 secs] 
122.252: Total time for which application threads were stopped: 0.0082120 seconds, Stopping threads took: 0.0000790 seconds
122.257: Application time: 0.0046920 seconds
122.257: [GC122.257: [ParNew: 15680K->15680K(18432K), 0.0000100 secs]122.257: [Tenured: 27922K->27921K(40960K), 0.0077370 secs] 43602K->27921K(59392K), [Perm : 6082K->6082K(21248K)], 0.0077920 secs] [Times: user=0.01 sys=0.00, real=0.01 secs] 
122.265: Total time for which application threads were stopped: 0.0080740 seconds, Stopping threads took: 0.0001960 seconds
122.293: Application time: 0.0287030 seconds
122.294: [GC122.294: [ParNew: 15696K->15696K(18432K), 0.0000100 secs]122.294: [Tenured: 27921K->28634K(40960K), 0.0094770 secs] 43618K->28634K(59392K), [Perm : 6082K->6082K(21248K)], 0.0095360 secs] [Times: user=0.01 sys=0.00, real=0.02 secs] 
122.303: Total time for which application threads were stopped: 0.0097620 seconds, Stopping threads took: 0.0001470 seconds
122.373: Application time: 0.0701140 seconds
122.374: [GC122.374: [ParNew: 15715K->15715K(18432K), 0.0000100 secs]122.374: [Tenured: 28634K->27237K(40960K), 0.0097680 secs] 44350K->27237K(59392K), [Perm : 6082K->6082K(21248K)], 0.0098240 secs] [Times: user=0.01 sys=0.00, real=0.02 secs] 
122.383: Total time for which application threads were stopped: 0.0100020 seconds, Stopping threads took: 0.0000880 seconds
122.389: Application time: 0.0058140 seconds
122.389: [GC122.389: [ParNew: 15690K->15690K(18432K), 0.0000100 secs]122.389: [Tenured: 27237K->27921K(40960K), 0.0118810 secs] 42927K->27921K(59392K), [Perm : 6082K->6082K(21248K)], 0.0119410 secs] [Times: user=0.01 sys=0.00, real=0.01 secs] 
122.401: Total time for which application threads were stopped: 0.0122350 seconds, Stopping threads took: 0.0002050 seconds
122.410: Application time: 0.0084990 seconds
122.410: [GC122.410: [ParNew: 15677K->15677K(18432K), 0.0000100 secs]122.410: [Tenured: 27921K->29346K(40960K), 0.0067280 secs] 43599K->29346K(59392K), [Perm : 6082K->6082K(21248K)], 0.0067840 secs] [Times: user=0.00 sys=0.00, real=0.01 secs] 
122.417: Total time for which application threads were stopped: 0.0069670 seconds, Stopping threads took: 0.0001160 seconds
122.422: Application time: 0.0049490 seconds
122.422: [GC122.422: [ParNew: 15685K->15685K(18432K), 0.0000170 secs]122.422: [Tenured: 29346K->29346K(40960K), 0.0107660 secs] 45032K->29346K(59392K), [Perm : 6082K->6082K(21248K)], 0.0108350 secs] [Times: user=0.01 sys=0.00, real=0.01 secs] 
122.433: Total time for which application threads were stopped: 0.0110300 seconds, Stopping threads took: 0.0001190 seconds
122.439: Application time: 0.0058230 seconds
122.439: [GC122.439: [ParNew: 15685K->15685K(18432K), 0.0000110 secs]122.439: [Tenured: 29346K->29347K(40960K), 0.0068700 secs] 45032K->29347K(59392K), [Perm : 6082K->6082K(21248K)], 0.0069280 secs] [Times: user=0.01 sys=0.00, real=0.01 secs] 
122.446: Total time for which application threads were stopped: 0.0071670 seconds, Stopping threads took: 0.0001410 seconds
122.453: Application time: 0.0072400 seconds
122.453: [GC122.453: [ParNew: 15678K->15678K(18432K), 0.0000110 secs]122.453: [Tenured: 29347K->27921K(40960K), 0.0074900 secs] 45026K->27921K(59392K), [Perm : 6082K->6082K(21248K)], 0.0075540 secs] [Times: user=0.00 sys=0.00, real=0.01 secs] 
122.461: Total time for which application threads were stopped: 0.0077080 seconds, Stopping threads took: 0.0000810 seconds
122.468: Application time: 0.0067030 seconds
122.468: [GC122.468: [ParNew: 15680K->15680K(18432K), 0.0000100 secs]122.468: [Tenured: 27921K->29347K(40960K), 0.0070610 secs] 43602K->29347K(59392K), [Perm : 6082K->6082K(21248K)], 0.0071180 secs] [Times: user=0.00 sys=0.00, real=0.01 secs] 
122.475: Total time for which application threads were stopped: 0.0073130 seconds, Stopping threads took: 0.0001280 seconds
122.479: Application time: 0.0044720 seconds
122.479: [GC122.480: [ParNew: 15688K->15688K(18432K), 0.0000100 secs]122.480: [Tenured: 29347K->28635K(40960K), 0.0069890 secs] 45036K->28635K(59392K), [Perm : 6082K->6082K(21248K)], 0.0070540 secs] [Times: user=0.01 sys=0.00, real=0.01 secs] 
122.487: Total time for which application threads were stopped: 0.0072650 seconds, Stopping threads took: 0.0001240 seconds
122.490: Application time: 0.0033900 seconds
122.490: [GC122.490: [ParNew: 15678K->15678K(18432K), 0.0000110 secs]122.490: [Tenured: 28635K->30060K(40960K), 0.0062750 secs] 44314K->30060K(59392K), [Perm : 6082K->6082K(21248K)], 0.0063350 secs] [Times: user=0.01 sys=0.00, real=0.01 secs] 
122.496: Total time for which application threads were stopped: 0.0064920 seconds, Stopping threads took: 0.0000890 seconds
122.525: Application time: 0.0281440 seconds
122.525: [GC122.525: [ParNew: 15694K->15694K(18432K), 0.0000090 secs]122.525: [Tenured: 30060K->27209K(40960K), 0.0092790 secs] 45754K->27209K(59392K), [Perm : 6082K->6082K(21248K)], 0.0093520 secs] [Times: user=0.00 sys=0.00, real=0.01 secs] 
122.534: Total time for which application threads were stopped: 0.0094850 seconds, Stopping threads took: 0.0000610 seconds
122.585: Application time: 0.0508510 seconds
122.585: [GC122.585: [ParNew: 15690K->15690K(18432K), 0.0000110 secs]122.585: [Tenured: 27209K->27921K(40960K), 0.0094170 secs] 42899K->27921K(59392K), [Perm : 6082K->6082K(21248K)], 0.0094770 secs] [Times: user=0.01 sys=0.00, real=0.01 secs] 
122.595: Total time for which application threads were stopped: 0.0096070 seconds, Stopping threads took: 0.0000650 seconds
122.637: Application time: 0.0422350 seconds
122.637: [GC122.637: [ParNew: 15688K->15688K(18432K), 0.0000100 secs]122.637: [Tenured: 27921K->28633K(40960K), 0.0101460 secs] 43609K->28633K(59392K), [Perm : 6082K->6082K(21248K)], 0.0102070 secs] [Times: user=0.01 sys=0.00, real=0.01 secs] 
122.647: Total time for which application threads were stopped: 0.0103840 seconds, Stopping threads took: 0.0001090 seconds
122.707: Application time: 0.0594970 seconds
122.707: [GC122.707: [ParNew: 15688K->15688K(18432K), 0.0000110 secs]122.707: [Tenured: 28633K->28633K(40960K), 0.0109150 secs] 44322K->28633K(59392K), [Perm : 6082K->6082K(21248K)], 0.0109790 secs] [Times: user=0.01 sys=0.00, real=0.01 secs] 
122.718: Total time for which application threads were stopped: 0.0111870 seconds, Stopping threads took: 0.0001160 seconds
122.776: Application time: 0.0579460 seconds
122.776: [GC122.776: [ParNew: 15688K->15688K(18432K), 0.0000100 secs]122.776: [Tenured: 28633K->28633K(40960K), 0.0093610 secs] 44321K->28633K(59392K), [Perm : 6082K->6082K(21248K)], 0.0094200 secs] [Times: user=0.01 sys=0.00, real=0.01 secs] 
122.785: Total time for which application threads were stopped: 0.0095560 seconds, Stopping threads took: 0.0000630 seconds
122.848: Application time: 0.0625010 seconds
122.848: [GC122.848: [ParNew: 15687K->15687K(18432K), 0.0000100 secs]122.848: [Tenured: 28633K->27921K(40960K), 0.0099700 secs] 44321K->27921K(59392K), [Perm : 6082K->6082K(21248K)], 0.0100290 secs] [Times: user=0.01 sys=0.00, real=0.01 secs] 
122.858: Total time for which application threads were stopped: 0.0101730 seconds, Stopping threads took: 0.0000600 seconds
122.898: Application time: 0.0399700 seconds
122.898: [GC122.898: [ParNew: 15721K->15721K(18432K), 0.0000110 secs]122.898: [Tenured: 27921K->28662K(40960K), 0.0100290 secs] 43642K->28662K(59392K), [Perm : 6082K->6082K(21248K)], 0.0100880 secs] [Times: user=0.01 sys=0.00, real=0.01 secs] 
122.908: Total time for which application threads were stopped: 0.0102430 seconds, Stopping threads took: 0.0000830 seconds
122.915: Application time: 0.0071560 seconds
122.916: [GC122.916: [ParNew: 15679K->15679K(18432K), 0.0000110 secs]122.916: [Tenured: 28662K->29375K(40960K), 0.0106340 secs] 44342K->29375K(59392K), [Perm : 6082K->6082K(21248K)], 0.0106980 secs] [Times: user=0.02 sys=0.00, real=0.01 secs] 
122.926: Total time for which application threads were stopped: 0.0109350 seconds, Stopping threads took: 0.0001360 seconds
122.935: Application time: 0.0082610 seconds
122.935: [GC122.935: [ParNew: 15683K->15683K(18432K), 0.0000110 secs]122.935: [Tenured: 29375K->27920K(40960K), 0.0103640 secs] 45058K->27920K(59392K), [Perm : 6082K->6082K(21248K)], 0.0104250 secs] [Times: user=0.01 sys=0.00, real=0.01 secs] 
122.945: Total time for which application threads were stopped: 0.0105720 seconds, Stopping threads took: 0.0000750 seconds
122.949: Application time: 0.0040660 seconds
122.949: [GC122.949: [ParNew: 15677K->15677K(18432K), 0.0000100 secs]122.949: [Tenured: 27920K->28633K(40960K), 0.0061040 secs] 43598K->28633K(59392K), [Perm : 6082K->6082K(21248K)], 0.0061570 secs] [Times: user=0.01 sys=0.00, real=0.01 secs] 
122.956: Total time for which application threads were stopped: 0.0063150 seconds, Stopping threads took: 0.0000820 seconds
122.963: Application time: 0.0075420 seconds
122.963: [GC122.963: [ParNew: 15685K->15685K(18432K), 0.0000100 secs]122.963: [Tenured: 28633K->27921K(40960K), 0.0075150 secs] 44319K->27921K(59392K), [Perm : 6082K->6082K(21248K)], 0.0075680 secs] [Times: user=0.01 sys=0.00, real=0.00 secs] 
122.971: Total time for which application threads were stopped: 0.0077340 seconds, Stopping threads took: 0.0001000 seconds
122.978: Application time: 0.0067450 seconds
122.978: [GC122.978: [ParNew: 15680K->15680K(18432K), 0.0000100 secs]122.978: [Tenured: 27921K->27208K(40960K), 0.0096340 secs] 43602K->27208K(59392K), [Perm : 6082K->6082K(21248K)], 0.0096960 secs] [Times: user=0.01 sys=0.00, real=0.01 secs] 
122.987: Total time for which application threads were stopped: 0.0098650 seconds, Stopping threads took: 0.0000950 seconds
122.994: Application time: 0.0062680 seconds
122.994: [GC122.994: [ParNew: 15683K->15683K(18432K), 0.0000120 secs]122.994: [Tenured: 27208K->27208K(40960K), 0.0106710 secs] 42892K->27208K(59392K), [Perm : 6082K->6082K(21248K)], 0.0107330 secs] [Times: user=0.01 sys=0.00, real=0.02 secs] 
123.005: Total time for which application threads were stopped: 0.0109540 seconds, Stopping threads took: 0.0001480 seconds
123.009: Application time: 0.0039730 seconds
123.009: [GC123.009: [ParNew: 15688K->15688K(18432K), 0.0000110 secs]123.009: [Tenured: 27208K->28634K(40960K), 0.0068760 secs] 42897K->28634K(59392K), [Perm : 6082K->6082K(21248K)], 0.0069340 secs] [Times: user=0.00 sys=0.00, real=0.01 secs] 
123.016: Total time for which application threads were stopped: 0.0070870 seconds, Stopping threads took: 0.0000810 seconds
123.019: Application time: 0.0035050 seconds
123.019: [GC123.019: [ParNew: 15680K->15680K(18432K), 0.0000100 secs]123.019: [Tenured: 28634K->27921K(40960K), 0.0089600 secs] 44315K->27921K(59392K), [Perm : 6082K->6082K(21248K)], 0.0090200 secs] [Times: user=0.01 sys=0.00, real=0.01 secs] 
123.028: Total time for which application threads were stopped: 0.0091620 seconds, Stopping threads took: 0.0000690 seconds
123.058: Application time: 0.0298290 seconds
123.058: [GC123.058: [ParNew: 15691K->15691K(18432K), 0.0000110 secs]123.058: [Tenured: 27921K->26495K(40960K), 0.0096890 secs] 43613K->26495K(59392K), [Perm : 6082K->6082K(21248K)], 0.0097490 secs] [Times: user=0.01 sys=0.00, real=0.01 secs] 
123.068: Total time for which application threads were stopped: 0.0098850 seconds, Stopping threads took: 0.0000650 seconds
123.121: Application time: 0.0530170 seconds
123.121: [GC123.121: [ParNew: 15689K->15689K(18432K), 0.0000110 secs]123.121: [Tenured: 26495K->27208K(40960K), 0.0093330 secs] 42185K->27208K(59392K), [Perm : 6082K->6082K(21248K)], 0.0093910 secs] [Times: user=0.01 sys=0.00, real=0.01 secs] 
123.131: Total time for which application threads were stopped: 0.0095510 seconds, Stopping threads took: 0.0000830 seconds
123.156: Application time: 0.0252170 seconds
123.156: [GC123.156: [ParNew: 16176K->16176K(18432K), 0.0000090 secs]123.156: [Tenured: 27208K->24421K(40960K), 0.0096940 secs] 43385K->24421K(59392K), [Perm : 6082K->6082K(21248K)], 0.0097510 secs] [Times: user=0.01 sys=0.00, real=0.01 secs] 
123.166: Total time for which application threads were stopped: 0.0099030 seconds, Stopping threads took: 0.0000700 seconds
123.174: Application time: 0.0079380 seconds
123.174: [GC123.174: [ParNew: 15959K->1437K(18432K), 0.0006180 secs] 40381K->25858K(59392K), 0.0006480 secs] [Times: user=0.00 sys=0.00, real=0.01 secs] 
123.175: Total time for which application threads were stopped: 0.0008180 seconds, Stopping threads took: 0.0001030 seconds
123.178: Application time: 0.0038080 seconds
123.179: [GC123.179: [ParNew: 17128K->17128K(18432K), 0.0000110 secs]123.179: [Tenured: 24421K->27265K(40960K), 0.0065460 secs] 41550K->27265K(59392K), [Perm : 6082K->6082K(21248K)], 0.0066070 secs] [Times: user=0.01 sys=0.00, real=0.01 secs] 
123.185: Total time for which application threads were stopped: 0.0067410 seconds, Stopping threads took: 0.0000650 seconds
123.189: Application time: 0.0038600 seconds
123.190: [GC123.190: [ParNew: 15679K->15679K(18432K), 0.0000100 secs]123.190: [Tenured: 27265K->26553K(40960K), 0.0062730 secs] 42945K->26553K(59392K), [Perm : 6082K->6082K(21248K)], 0.0063290 secs] [Times: user=0.01 sys=0.00, real=0.01 secs] 
123.196: Total time for which application threads were stopped: 0.0071460 seconds, Stopping threads took: 0.0007490 seconds
123.201: Application time: 0.0045210 seconds
123.202: [GC123.202: [ParNew: 15687K->15687K(18432K), 0.0000100 secs]123.202: [Tenured: 26553K->24358K(40960K), 0.0105140 secs] 42240K->24358K(59392K), [Perm : 6082K->6082K(21248K)], 0.0105740 secs] [Times: user=0.01 sys=0.00, real=0.01 secs] 
123.212: Total time for which application threads were stopped: 0.0114720 seconds, Stopping threads took: 0.0008280 seconds
123.216: Application time: 0.0042970 seconds
123.218: [GC123.218: [ParNew: 15681K->1425K(18432K), 0.0011880 secs] 40039K->27208K(59392K), 0.0012220 secs] [Times: user=0.01 sys=0.00, real=0.00 secs] 
123.219: Total time for which application threads were stopped: 0.0023860 seconds, Stopping threads took: 0.0010860 seconds
123.223: Application time: 0.0037130 seconds
123.223: [GC123.223: [ParNew: 17117K->17117K(18432K), 0.0000100 secs]123.223: [Tenured: 25783K->23645K(40960K), 0.0090090 secs] 42900K->23645K(59392K), [Perm : 6082K->6082K(21248K)], 0.0090670 secs] [Times: user=0.01 sys=0.00, real=0.00 secs] 
123.232: Total time for which application threads were stopped: 0.0094800 seconds, Stopping threads took: 0.0003330 seconds
123.235: Application time: 0.0033720 seconds
123.236: [GC123.236: [ParNew: 15682K->1425K(18432K), 0.0014060 secs] 39327K->27208K(59392K), 0.0014390 secs] [Times: user=0.01 sys=0.00, real=0.00 secs] 
123.237: Total time for which application threads were stopped: 0.0018190 seconds, Stopping threads took: 0.0003110 seconds
123.241: Application time: 0.0035750 seconds
123.241: [GC123.242: [ParNew: 17105K->17105K(18432K), 0.0000100 secs]123.242: [Tenured: 25783K->26495K(40960K), 0.0072250 secs] 42888K->26495K(59392K), [Perm : 6082K->6082K(21248K)], 0.0072860 secs] [Times: user=0.01 sys=0.00, real=0.01 secs] 
123.249: Total time for which application threads were stopped: 0.0079780 seconds, Stopping threads took: 0.0006020 seconds
123.253: Application time: 0.0045530 seconds
123.254: [GC123.254: [ParNew: 15691K->15691K(18432K), 0.0000100 secs]123.254: [Tenured: 26495K->23645K(40960K), 0.0095520 secs] 42187K->23645K(59392K), [Perm : 6082K->6082K(21248K)], 0.0096110 secs] [Times: user=0.01 sys=0.00, real=0.01 secs] 
123.264: Total time for which application threads were stopped: 0.0105370 seconds, Stopping threads took: 0.0008370 seconds
123.267: Application time: 0.0034760 seconds
123.268: [GC123.268: [ParNew: 15689K->1433K(18432K), 0.0018760 secs] 39335K->28641K(59392K), 0.0019140 secs] [Times: user=0.01 sys=0.00, real=0.00 secs] 
123.270: Total time for which application threads were stopped: 0.0022070 seconds, Stopping threads took: 0.0002290 seconds
123.273: Application time: 0.0037200 seconds
123.274: [GC123.274: [ParNew: 17114K->17114K(18432K), 0.0000110 secs]123.274: [Tenured: 27208K->23645K(40960K), 0.0094880 secs] 44323K->23645K(59392K), [Perm : 6082K->6082K(21248K)], 0.0095600 secs] [Times: user=0.01 sys=0.00, real=0.02 secs] 
123.283: Total time for which application threads were stopped: 0.0099650 seconds, Stopping threads took: 0.0003320 seconds
123.287: Application time: 0.0040970 seconds
123.288: [GC123.288: [ParNew: 16112K->1474K(18432K), 0.0007880 secs] 39758K->25120K(59392K), 0.0008200 secs] [Times: user=0.01 sys=0.00, real=0.00 secs] 
123.288: Total time for which application threads were stopped: 0.0010500 seconds, Stopping threads took: 0.0001710 seconds
123.292: Application time: 0.0037730 seconds
123.293: [GC123.293: [ParNew: 17260K->1442K(18432K), 0.0005730 secs] 40906K->25161K(59392K), 0.0006030 secs] [Times: user=0.00 sys=0.00, real=0.00 secs] 
123.293: Total time for which application threads were stopped: 0.0011740 seconds, Stopping threads took: 0.0005150 seconds
123.298: Application time: 0.0047820 seconds
123.298: [GC123.298: [ParNew: 17320K->1450K(18432K), 0.0014510 secs] 41040K->28020K(59392K), 0.0014800 secs] [Times: user=0.01 sys=0.00, real=0.00 secs] 
123.300: Total time for which application threads were stopped: 0.0016180 seconds, Stopping threads took: 0.0000810 seconds
123.304: Application time: 0.0038940 seconds
123.304: [GC123.304: [ParNew: 17161K->1435K(18432K), 0.0013270 secs] 43731K->30190K(59392K), 0.0013620 secs] [Times: user=0.01 sys=0.00, real=0.00 secs] 
123.306: Total time for which application threads were stopped: 0.0020730 seconds, Stopping threads took: 0.0006500 seconds
123.310: Application time: 0.0040220 seconds
123.311: [GC123.311: [ParNew: 17115K->17115K(18432K), 0.0000110 secs]123.311: [Tenured: 28755K->25100K(40960K), 0.0096350 secs] 45871K->25100K(59392K), [Perm : 6082K->6082K(21248K)], 0.0096950 secs] [Times: user=0.01 sys=0.00, real=0.01 secs] 
123.320: Total time for which application threads were stopped: 0.0106180 seconds, Stopping threads took: 0.0008520 seconds
123.325: Application time: 0.0050800 seconds
123.326: [GC123.326: [ParNew: 15685K->1437K(18432K), 0.0009810 secs] 40785K->27249K(59392K), 0.0010140 secs] [Times: user=0.00 sys=0.00, real=0.00 secs] 
123.327: Total time for which application threads were stopped: 0.0012640 seconds, Stopping threads took: 0.0001720 seconds
123.333: Application time: 0.0067050 seconds
123.334: [GC123.334: [ParNew: 17122K->1439K(18432K), 0.0015570 secs] 42935K->29429K(59392K), 0.0015930 secs] [Times: user=0.01 sys=0.00, real=0.01 secs] 
123.335: Total time for which application threads were stopped: 0.0017330 seconds, Stopping threads took: 0.0000770 seconds
123.339: Application time: 0.0041470 seconds
123.340: [GC123.340: [ParNew: 17116K->1425K(18432K), 0.0008970 secs] 45106K->30183K(59392K), 0.0009270 secs] [Times: user=0.01 sys=0.00, real=0.00 secs] 
123.340: Total time for which application threads were stopped: 0.0011400 seconds, Stopping threads took: 0.0001370 seconds
123.349: Application time: 0.0080600 seconds
123.349: [GC123.349: [ParNew: 17111K->1437K(18432K), 0.0007220 secs] 45869K->30195K(59392K), 0.0007510 secs] [Times: user=0.00 sys=0.00, real=0.00 secs] 
123.349: Total time for which application threads were stopped: 0.0008940 seconds, Stopping threads took: 0.0000850 seconds
123.355: Application time: 0.0054400 seconds
123.355: [GC123.355: [ParNew: 17119K->1427K(18432K), 0.0018620 secs] 45878K->34500K(59392K), 0.0018950 secs] [Times: user=0.01 sys=0.00, real=0.00 secs] 
123.357: Total time for which application threads were stopped: 0.0020250 seconds, Stopping threads took: 0.0000670 seconds
123.363: Application time: 0.0062460 seconds
123.363: [GC123.363: [ParNew: 17115K->17115K(18432K), 0.0000100 secs]123.363: [Tenured: 33073K->25100K(40960K), 0.0094370 secs] 50189K->25100K(59392K), [Perm : 6082K->6082K(21248K)], 0.0094920 secs] [Times: user=0.01 sys=0.00, real=0.00 secs] 
123.373: Total time for which application threads were stopped: 0.0097020 seconds, Stopping threads took: 0.0001410 seconds
123.376: Application time: 0.0035750 seconds
123.377: [GC123.377: [ParNew: 15682K->1425K(18432K), 0.0006510 secs] 40782K->26525K(59392K), 0.0006870 secs] [Times: user=0.01 sys=0.00, real=0.00 secs] 
123.377: Total time for which application threads were stopped: 0.0008820 seconds, Stopping threads took: 0.0001380 seconds
123.382: Application time: 0.0042590 seconds
123.382: [GC123.382: [ParNew: 17103K->712K(18432K), 0.0006240 secs] 42203K->26525K(59392K), 0.0006570 secs] [Times: user=0.00 sys=0.00, real=0.01 secs] 
123.382: Total time for which application threads were stopped: 0.0008010 seconds, Stopping threads took: 0.0000860 seconds
123.438: Application time: 0.0556980 seconds
123.438: [GC123.438: [ParNew: 16410K->1431K(18432K), 0.0039080 secs] 42223K->39356K(59392K), 0.0039450 secs] [Times: user=0.03 sys=0.00, real=0.01 secs] 
123.442: Total time for which application threads were stopped: 0.0040820 seconds, Stopping threads took: 0.0000750 seconds
123.459: Application time: 0.0171510 seconds
123.459: [GC123.459: [ParNew: 17691K->17691K(18432K), 0.0000100 secs]123.459: [Tenured: 37925K->20147K(40960K), 0.0097510 secs] 55616K->20147K(59392K), [Perm : 6082K->6082K(21248K)], 0.0098110 secs] [Times: user=0.01 sys=0.00, real=0.01 secs] 
123.469: Total time for which application threads were stopped: 0.0099800 seconds, Stopping threads took: 0.0000850 seconds
123.476: Application time: 0.0063960 seconds
123.476: [GC123.476: [ParNew: 15882K->1437K(18432K), 0.0013360 secs] 36030K->24435K(59392K), 0.0013650 secs] [Times: user=0.01 sys=0.00, real=0.00 secs] 
123.478: Total time for which application threads were stopped: 0.0019330 seconds, Stopping threads took: 0.0005090 seconds
123.483: Application time: 0.0048750 seconds
123.483: [GC123.483: [ParNew: 17124K->1433K(18432K), 0.0019930 secs] 40122K->28730K(59392K), 0.0020280 secs] [Times: user=0.02 sys=0.00, real=0.00 secs] 
123.485: Total time for which application threads were stopped: 0.0023940 seconds, Stopping threads took: 0.0003060 seconds
123.489: Application time: 0.0037910 seconds
123.490: [GC123.490: [ParNew: 17112K->1427K(18432K), 0.0009980 secs] 44409K->29476K(59392K), 0.0010260 secs] [Times: user=0.00 sys=0.00, real=0.00 secs] 
123.491: Total time for which application threads were stopped: 0.0021340 seconds, Stopping threads took: 0.0010530 seconds
123.495: Application time: 0.0038030 seconds
123.495: [GC123.495: [ParNew: 17106K->1425K(18432K), 0.0005910 secs] 45156K->29474K(59392K), 0.0006220 secs] [Times: user=0.01 sys=0.00, real=0.00 secs] 
123.496: Total time for which application threads were stopped: 0.0009200 seconds, Stopping threads took: 0.0002360 seconds
123.501: Application time: 0.0052860 seconds
123.502: [GC123.502: [ParNew: 17118K->1439K(18432K), 0.0010040 secs] 45168K->30913K(59392K), 0.0010350 secs] [Times: user=0.01 sys=0.00, real=0.01 secs] 
123.503: Total time for which application threads were stopped: 0.0020160 seconds, Stopping threads took: 0.0009210 seconds
123.507: Application time: 0.0038940 seconds
123.507: [GC123.507: [ParNew: 17118K->1427K(18432K), 0.0006890 secs] 46593K->30949K(59392K), 0.0007220 secs] [Times: user=0.01 sys=0.00, real=0.00 secs] 
123.508: Total time for which application threads were stopped: 0.0008990 seconds, Stopping threads took: 0.0001200 seconds
123.512: Application time: 0.0040230 seconds
123.512: [GC123.512: [ParNew: 17107K->1425K(18432K), 0.0008200 secs] 46629K->31660K(59392K), 0.0008490 secs] [Times: user=0.00 sys=0.00, real=0.00 secs] 
123.513: Total time for which application threads were stopped: 0.0010730 seconds, Stopping threads took: 0.0001660 seconds
123.518: Application time: 0.0051090 seconds
123.518: [GC123.518: [ParNew: 17107K->1427K(18432K), 0.0011760 secs] 47342K->33799K(59392K), 0.0012160 secs] [Times: user=0.01 sys=0.00, real=0.00 secs] 
123.519: Total time for which application threads were stopped: 0.0013700 seconds, Stopping threads took: 0.0000950 seconds
123.524: Application time: 0.0049510 seconds
123.524: [GC123.525: [ParNew: 17114K->1435K(18432K), 0.0008160 secs] 49487K->34520K(59392K), 0.0008430 secs] [Times: user=0.01 sys=0.01, real=0.00 secs] 
123.525: Total time for which application threads were stopped: 0.0011370 seconds, Stopping threads took: 0.0002390 seconds
123.529: Application time: 0.0036350 seconds
123.530: [GC123.530: [ParNew: 17125K->1433K(18432K), 0.0010930 secs] 50210K->35983K(59392K), 0.0011300 secs] [Times: user=0.01 sys=0.00, real=0.00 secs] 
123.531: Total time for which application threads were stopped: 0.0023190 seconds, Stopping threads took: 0.0011290 seconds
123.535: Application time: 0.0037470 seconds
123.535: [GC123.535: [ParNew: 17116K->17116K(18432K), 0.0000120 secs]123.535: [Tenured: 34550K->22933K(40960K), 0.0107400 secs] 51667K->22933K(59392K), [Perm : 6082K->6082K(21248K)], 0.0107990 secs] [Times: user=0.01 sys=0.00, real=0.01 secs] 
123.546: Total time for which application threads were stopped: 0.0112000 seconds, Stopping threads took: 0.0003320 seconds
123.550: Application time: 0.0035930 seconds
123.550: [GC123.550: [ParNew: 15681K->1425K(18432K), 0.0008520 secs] 38614K->25071K(59392K), 0.0008850 secs] [Times: user=0.00 sys=0.00, real=0.00 secs] 
123.551: Total time for which application threads were stopped: 0.0011820 seconds, Stopping threads took: 0.0002360 seconds
123.555: Application time: 0.0041110 seconds
123.555: [GC123.555: [ParNew: 17108K->1427K(18432K), 0.0007610 secs] 40754K->25785K(59392K), 0.0007890 secs] [Times: user=0.01 sys=0.00, real=0.00 secs] 
123.556: Total time for which application threads were stopped: 0.0010080 seconds, Stopping threads took: 0.0001630 seconds
123.560: Application time: 0.0040480 seconds
123.560: [GC123.560: [ParNew: 17125K->1435K(18432K), 0.0021530 secs] 41484K->30781K(59392K), 0.0021890 secs] [Times: user=0.02 sys=0.00, real=0.01 secs] 
123.563: Total time for which application threads were stopped: 0.0023440 seconds, Stopping threads took: 0.0000920 seconds
123.566: Application time: 0.0036080 seconds
123.566: [GC123.566: [ParNew: 17116K->1437K(18432K), 0.0008070 secs] 46462K->31544K(59392K), 0.0008350 secs] [Times: user=0.00 sys=0.00, real=0.00 secs] 
123.567: Total time for which application threads were stopped: 0.0009940 seconds, Stopping threads took: 0.0001030 seconds
123.580: Application time: 0.0132630 seconds
123.581: [GC123.581: [ParNew: 17135K->1435K(18432K), 0.0018890 secs] 47242K->36529K(59392K), 0.0019250 secs] [Times: user=0.01 sys=0.00, real=0.01 secs] 
123.582: Total time for which application threads were stopped: 0.0020720 seconds, Stopping threads took: 0.0000850 seconds
123.654: Application time: 0.0711940 seconds
123.654: [GC123.654: [ParNew: 17126K->17126K(18432K), 0.0000100 secs]123.654: [Tenured: 35094K->25783K(40960K), 0.0093810 secs] 52221K->25783K(59392K), [Perm : 6082K->6082K(21248K)], 0.0094400 secs] [Times: user=0.01 sys=0.00, real=0.02 secs] 
123.663: Total time for which application threads were stopped: 0.0095920 seconds, Stopping threads took: 0.0000850 seconds
123.735: Application time: 0.0718870 seconds
123.735: [GC123.735: [ParNew: 15697K->1433K(18432K), 0.0039320 secs] 41481K->39329K(59392K), 0.0039730 secs] [Times: user=0.03 sys=0.00, real=0.00 secs] 
123.739: Total time for which application threads were stopped: 0.0042520 seconds, Stopping threads took: 0.0002150 seconds
123.811: Application time: 0.0716560 seconds
123.811: [GC123.811: [ParNew: 17124K->17124K(18432K), 0.0000110 secs]123.811: [Tenured: 37896K->26497K(40960K), 0.0101090 secs] 55021K->26497K(59392K), [Perm : 6082K->6082K(21248K)], 0.0101710 secs] [Times: user=0.01 sys=0.00, real=0.01 secs] 
123.821: Total time for which application threads were stopped: 0.0103040 seconds, Stopping threads took: 0.0000640 seconds
123.892: Application time: 0.0707420 seconds
123.892: [GC123.892: [ParNew: 15691K->1425K(18432K), 0.0046300 secs] 42188K->42172K(59392K), 0.0046710 secs] [Times: user=0.03 sys=0.00, real=0.01 secs] 
123.897: Total time for which application threads were stopped: 0.0049200 seconds, Stopping threads took: 0.0001640 seconds
123.969: Application time: 0.0718220 seconds
123.969: [GC123.969: [ParNew: 17114K->17114K(18432K), 0.0000100 secs]123.969: [Tenured: 40747K->27209K(40960K), 0.0098030 secs] 57861K->27209K(59392K), [Perm : 6082K->6082K(21248K)], 0.0098690 secs] [Times: user=0.01 sys=0.00, real=0.01 secs] 
123.979: Total time for which application threads were stopped: 0.0100330 seconds, Stopping threads took: 0.0000860 seconds
124.055: Application time: 0.0758350 seconds
124.055: [GC124.055: [ParNew: 15691K->1427K(18432K), 0.0044140 secs] 42901K->42174K(59392K), 0.0044550 secs] [Times: user=0.03 sys=0.00, real=0.00 secs] 
124.059: Total time for which application threads were stopped: 0.0045930 seconds, Stopping threads took: 0.0000750 seconds
124.129: Application time: 0.0696450 seconds
124.129: [GC124.129: [ParNew: 17118K->17118K(18432K), 0.0000100 secs]124.129: [Tenured: 40747K->25070K(40960K), 0.0100550 secs] 57865K->25070K(59392K), [Perm : 6082K->6082K(21248K)], 0.0101110 secs] [Times: user=0.01 sys=0.00, real=0.01 secs] 
124.139: Total time for which application threads were stopped: 0.0102470 seconds, Stopping threads took: 0.0000700 seconds
124.207: Application time: 0.0674490 seconds
124.207: [GC124.207: [ParNew: 15697K->1433K(18432K), 0.0046000 secs] 40768K->40753K(59392K), 0.0046410 secs] [Times: user=0.04 sys=0.00, real=0.00 secs] 
124.211: Total time for which application threads were stopped: 0.0047750 seconds, Stopping threads took: 0.0000690 seconds
124.285: Application time: 0.0739260 seconds
124.286: [GC124.286: [ParNew: 17124K->17124K(18432K), 0.0000110 secs]124.286: [Tenured: 39320K->25783K(40960K), 0.0098600 secs] 56445K->25783K(59392K), [Perm : 6082K->6082K(21248K)], 0.0099210 secs] [Times: user=0.01 sys=0.00, real=0.01 secs] 
124.295: Total time for which application threads were stopped: 0.0100830 seconds, Stopping threads took: 0.0000830 seconds
124.370: Application time: 0.0743270 seconds
124.370: [GC124.370: [ParNew: 15695K->15695K(18432K), 0.0000100 secs]124.370: [Tenured: 25783K->26497K(40960K), 0.0096630 secs] 41479K->26497K(59392K), [Perm : 6082K->6082K(21248K)], 0.0097220 secs] [Times: user=0.01 sys=0.00, real=0.01 secs] 
124.380: Total time for which application threads were stopped: 0.0098530 seconds, Stopping threads took: 0.0000620 seconds
124.452: Application time: 0.0725820 seconds
124.452: [GC124.452: [ParNew: 15704K->15704K(18432K), 0.0000100 secs]124.452: [Tenured: 26497K->27923K(40960K), 0.0093130 secs] 42201K->27923K(59392K), [Perm : 6082K->6082K(21248K)], 0.0093690 secs] [Times: user=0.01 sys=0.00, real=0.01 secs] 
124.462: Total time for which application threads were stopped: 0.0095100 seconds, Stopping threads took: 0.0000740 seconds
124.536: Application time: 0.0738510 seconds
124.536: [GC124.536: [ParNew: 15691K->15691K(18432K), 0.0000110 secs]124.536: [Tenured: 27923K->27920K(40960K), 0.0106360 secs] 43615K->27920K(59392K), [Perm : 6082K->6082K(21248K)], 0.0106960 secs] [Times: user=0.01 sys=0.00, real=0.01 secs] 
124.547: Total time for which application threads were stopped: 0.0109150 seconds, Stopping threads took: 0.0001220 seconds
124.619: Application time: 0.0727250 seconds
124.619: [GC124.619: [ParNew: 15697K->15697K(18432K), 0.0000110 secs]124.619: [Tenured: 27920K->28633K(40960K), 0.0099540 secs] 43618K->28633K(59392K), [Perm : 6082K->6082K(21248K)], 0.0100170 secs] [Times: user=0.01 sys=0.00, real=0.01 secs] 
124.629: Total time for which application threads were stopped: 0.0101790 seconds, Stopping threads took: 0.0000910 seconds
124.665: Application time: 0.0353640 seconds
124.665: [GC124.665: [ParNew: 15706K->15706K(18432K), 0.0000100 secs]124.665: [Tenured: 28633K->28635K(40960K), 0.0098990 secs] 44340K->28635K(59392K), [Perm : 6082K->6082K(21248K)], 0.0099580 secs] [Times: user=0.01 sys=0.00, real=0.01 secs] 
124.675: Total time for which application threads were stopped: 0.0101160 seconds, Stopping threads took: 0.0000920 seconds
124.745: Application time: 0.0696810 seconds
124.745: [GC124.745: [ParNew: 15700K->15700K(18432K), 0.0000090 secs]124.745: [Tenured: 28635K->28633K(40960K), 0.0099890 secs] 44335K->28633K(59392K), [Perm : 6082K->6082K(21248K)], 0.0100460 secs] [Times: user=0.01 sys=0.00, real=0.01 secs] 
124.755: Total time for which application threads were stopped: 0.0101710 seconds, Stopping threads took: 0.0000600 seconds
124.807: Application time: 0.0522170 seconds
124.807: [GC124.807: [ParNew: 15689K->15689K(18432K), 0.0000110 secs]124.807: [Tenured: 28633K->28633K(40960K), 0.0119970 secs] 44323K->28633K(59392K), [Perm : 6082K->6082K(21248K)], 0.0120660 secs] [Times: user=0.02 sys=0.00, real=0.01 secs] 
124.819: Total time for which application threads were stopped: 0.0122030 seconds, Stopping threads took: 0.0000630 seconds
124.889: Application time: 0.0702130 seconds
124.890: [GC124.890: [ParNew: 15689K->15689K(18432K), 0.0000090 secs]124.890: [Tenured: 28633K->28633K(40960K), 0.0093910 secs] 44322K->28633K(59392K), [Perm : 6082K->6082K(21248K)], 0.0094500 secs] [Times: user=0.01 sys=0.00, real=0.01 secs] 
124.899: Total time for which application threads were stopped: 0.0096220 seconds, Stopping threads took: 0.0001000 seconds
124.970: Application time: 0.0713500 seconds
124.971: [GC124.971: [ParNew: 15689K->15689K(18432K), 0.0000100 secs]124.971: [Tenured: 28633K->28633K(40960K), 0.0107170 secs] 44322K->28633K(59392K), [Perm : 6082K->6082K(21248K)], 0.0107770 secs] [Times: user=0.01 sys=0.00, real=0.01 secs] 
124.981: Total time for which application threads were stopped: 0.0109650 seconds, Stopping threads took: 0.0001170 seconds
125.056: Application time: 0.0741880 seconds
125.056: [GC125.056: [ParNew: 15689K->15689K(18432K), 0.0000100 secs]125.056: [Tenured: 28633K->27920K(40960K), 0.0098270 secs] 44322K->27920K(59392K), [Perm : 6082K->6082K(21248K)], 0.0098870 secs] [Times: user=0.01 sys=0.00, real=0.01 secs] 
125.066: Total time for which application threads were stopped: 0.0100380 seconds, Stopping threads took: 0.0000700 seconds
125.138: Application time: 0.0722690 seconds
125.138: [GC125.138: [ParNew: 15691K->15691K(18432K), 0.0000110 secs]125.138: [Tenured: 27920K->27920K(40960K), 0.0090130 secs] 43612K->27920K(59392K), [Perm : 6082K->6082K(21248K)], 0.0090720 secs] [Times: user=0.01 sys=0.00, real=0.01 secs] 
125.147: Total time for which application threads were stopped: 0.0092050 seconds, Stopping threads took: 0.0000660 seconds
125.177: Application time: 0.0301730 seconds
125.177: [GC125.177: [ParNew: 15698K->15698K(18432K), 0.0000100 secs]125.177: [Tenured: 27920K->27921K(40960K), 0.0094890 secs] 43619K->27921K(59392K), [Perm : 6082K->6082K(21248K)], 0.0095440 secs] [Times: user=0.01 sys=0.00, real=0.01 secs] 
125.187: Total time for which application threads were stopped: 0.0097280 seconds, Stopping threads took: 0.0001170 seconds
125.240: Application time: 0.0530640 seconds
125.240: [GC125.240: [ParNew: 15689K->15689K(18432K), 0.0000120 secs]125.240: [Tenured: 27921K->29346K(40960K), 0.0108220 secs] 43611K->29346K(59392K), [Perm : 6082K->6082K(21248K)], 0.0108840 secs] [Times: user=0.02 sys=0.00, real=0.01 secs] 
125.251: Total time for which application threads were stopped: 0.0110680 seconds, Stopping threads took: 0.0001130 seconds
125.322: Application time: 0.0710720 seconds
125.322: [GC125.322: [ParNew: 15689K->15689K(18432K), 0.0000100 secs]125.322: [Tenured: 29346K->28634K(40960K), 0.0105610 secs] 45036K->28634K(59392K), [Perm : 6082K->6082K(21248K)], 0.0106220 secs] [Times: user=0.02 sys=0.00, real=0.00 secs] 
125.333: Total time for which application threads were stopped: 0.0108940 seconds, Stopping threads took: 0.0001840 seconds
125.407: Application time: 0.0740770 seconds
125.407: [GC125.407: [ParNew: 15698K->15698K(18432K), 0.0000090 secs]125.407: [Tenured: 28634K->25783K(40960K), 0.0114220 secs] 44332K->25783K(59392K), [Perm : 6082K->6082K(21248K)], 0.0114780 secs] [Times: user=0.01 sys=0.00, real=0.01 secs] 
125.419: Total time for which application threads were stopped: 0.0116520 seconds, Stopping threads took: 0.0001070 seconds
125.452: Application time: 0.0329750 seconds
125.452: [GC125.452: [ParNew: 15705K->1433K(18432K), 0.0037090 secs] 41488K->37904K(59392K), 0.0037530 secs] [Times: user=0.03 sys=0.00, real=0.01 secs] 
125.456: Total time for which application threads were stopped: 0.0038860 seconds, Stopping threads took: 0.0000670 seconds
125.515: Application time: 0.0588870 seconds
125.515: [GC125.515: [ParNew: 17121K->17121K(18432K), 0.0000110 secs]125.515: [Tenured: 36471K->25783K(40960K), 0.0107960 secs] 53592K->25783K(59392K), [Perm : 6082K->6082K(21248K)], 0.0108670 secs] [Times: user=0.01 sys=0.00, real=0.01 secs] 
125.526: Total time for which application threads were stopped: 0.0110100 seconds, Stopping threads took: 0.0000710 seconds
125.584: Application time: 0.0579230 seconds
125.584: [GC125.584: [ParNew: 15698K->15698K(18432K), 0.0000110 secs]125.584: [Tenured: 25783K->25071K(40960K), 0.0108130 secs] 41482K->25071K(59392K), [Perm : 6082K->6082K(21248K)], 0.0108740 secs] [Times: user=0.01 sys=0.00, real=0.01 secs] 
125.595: Total time for which application threads were stopped: 0.0110170 seconds, Stopping threads took: 0.0000640 seconds
125.662: Application time: 0.0670050 seconds
125.662: [GC125.662: [ParNew: 15688K->1425K(18432K), 0.0037670 secs] 40759K->37897K(59392K), 0.0038080 secs] [Times: user=0.03 sys=0.00, real=0.01 secs] 
125.665: Total time for which application threads were stopped: 0.0039350 seconds, Stopping threads took: 0.0000630 seconds
125.701: Application time: 0.0351620 seconds
125.701: [GC125.701: [ParNew: 17128K->17128K(18432K), 0.0000090 secs]125.701: [Tenured: 36471K->24359K(40960K), 0.0097090 secs] 53600K->24359K(59392K), [Perm : 6082K->6082K(21248K)], 0.0097650 secs] [Times: user=0.01 sys=0.00, real=0.01 secs] 
125.711: Total time for which application threads were stopped: 0.0098920 seconds, Stopping threads took: 0.0000600 seconds
125.757: Application time: 0.0469530 seconds
125.758: [GC125.758: [ParNew: 15692K->1431K(18432K), 0.0035110 secs] 40051K->35766K(59392K), 0.0035540 secs] [Times: user=0.02 sys=0.00, real=0.00 secs] 
125.762: Total time for which application threads were stopped: 0.0044280 seconds, Stopping threads took: 0.0008090 seconds
125.828: Application time: 0.0659390 seconds
125.828: [GC125.828: [ParNew: 17128K->17128K(18432K), 0.0000110 secs]125.828: [Tenured: 34334K->24359K(40960K), 0.0111590 secs] 51462K->24359K(59392K), [Perm : 6082K->6082K(21248K)], 0.0112180 secs] [Times: user=0.01 sys=0.00, real=0.01 secs] 
125.839: Total time for which application threads were stopped: 0.0113870 seconds, Stopping threads took: 0.0000990 seconds
125.893: Application time: 0.0536290 seconds
125.893: [GC125.893: [ParNew: 15688K->1425K(18432K), 0.0036270 secs] 40047K->36472K(59392K), 0.0036600 secs] [Times: user=0.03 sys=0.00, real=0.01 secs] 
125.897: Total time for which application threads were stopped: 0.0038120 seconds, Stopping threads took: 0.0000870 seconds
125.927: Application time: 0.0302210 seconds
125.927: [GC125.927: [ParNew: 17113K->17113K(18432K), 0.0000110 secs]125.927: [Tenured: 35047K->25071K(40960K), 0.0107560 secs] 52161K->25071K(59392K), [Perm : 6082K->6082K(21248K)], 0.0108170 secs] [Times: user=0.01 sys=0.00, real=0.01 secs] 
125.938: Total time for which application threads were stopped: 0.0111240 seconds, Stopping threads took: 0.0002050 seconds
126.007: Application time: 0.0693100 seconds
126.007: [GC126.008: [ParNew: 15688K->1425K(18432K), 0.0058230 secs] 40760K->37185K(59392K), 0.0058610 secs] [Times: user=0.04 sys=0.00, real=0.00 secs] 
126.013: Total time for which application threads were stopped: 0.0060300 seconds, Stopping threads took: 0.0001050 seconds
126.075: Application time: 0.0614890 seconds
126.075: [GC126.075: [ParNew: 17113K->17113K(18432K), 0.0000110 secs]126.075: [Tenured: 35760K->25071K(40960K), 0.0098410 secs] 52874K->25071K(59392K), [Perm : 6082K->6082K(21248K)], 0.0099000 secs] [Times: user=0.01 sys=0.00, real=0.01 secs] 
126.085: Total time for which application threads were stopped: 0.0100330 seconds, Stopping threads took: 0.0000620 seconds
126.129: Application time: 0.0442670 seconds
126.129: [GC126.129: [ParNew: 15688K->1425K(18432K), 0.0036770 secs] 40760K->37185K(59392K), 0.0037150 secs] [Times: user=0.03 sys=0.00, real=0.00 secs] 
126.133: Total time for which application threads were stopped: 0.0039920 seconds, Stopping threads took: 0.0001850 seconds
126.173: Application time: 0.0400310 seconds
126.173: [GC126.173: [ParNew: 17120K->17120K(18432K), 0.0000110 secs]126.173: [Tenured: 35760K->25072K(40960K), 0.0097550 secs] 52881K->25072K(59392K), [Perm : 6082K->6082K(21248K)], 0.0098220 secs] [Times: user=0.01 sys=0.00, real=0.02 secs] 
126.183: Total time for which application threads were stopped: 0.0099670 seconds, Stopping threads took: 0.0000760 seconds
126.250: Application time: 0.0673250 seconds
126.251: [GC126.251: [ParNew: 15688K->1425K(18432K), 0.0036400 secs] 40761K->37186K(59392K), 0.0036800 secs] [Times: user=0.02 sys=0.01, real=0.01 secs] 
126.254: Total time for which application threads were stopped: 0.0038570 seconds, Stopping threads took: 0.0001150 seconds
126.302: Application time: 0.0481270 seconds
126.303: [GC126.303: [ParNew: 17113K->17113K(18432K), 0.0000100 secs]126.303: [Tenured: 35761K->25784K(40960K), 0.0117500 secs] 52875K->25784K(59392K), [Perm : 6082K->6082K(21248K)], 0.0118100 secs] [Times: user=0.01 sys=0.00, real=0.01 secs] 
126.314: Total time for which application threads were stopped: 0.0119700 seconds, Stopping threads took: 0.0000900 seconds
126.348: Application time: 0.0331600 seconds
126.348: [GC126.348: [ParNew: 15689K->15689K(18432K), 0.0000110 secs]126.348: [Tenured: 25784K->25784K(40960K), 0.0105840 secs] 41473K->25784K(59392K), [Perm : 6082K->6082K(21248K)], 0.0106450 secs] [Times: user=0.01 sys=0.00, real=0.01 secs] 
126.359: Total time for which application threads were stopped: 0.0108940 seconds, Stopping threads took: 0.0001790 seconds
126.428: Application time: 0.0694750 seconds
126.428: [GC126.428: [ParNew: 15695K->15695K(18432K), 0.0000110 secs]126.428: [Tenured: 25784K->25785K(40960K), 0.0099200 secs] 41480K->25785K(59392K), [Perm : 6082K->6082K(21248K)], 0.0099790 secs] [Times: user=0.01 sys=0.00, real=0.01 secs] 
126.438: Total time for which application threads were stopped: 0.0101230 seconds, Stopping threads took: 0.0000740 seconds
126.495: Application time: 0.0570890 seconds
126.495: [GC126.495: [ParNew: 15688K->15688K(18432K), 0.0000100 secs]126.495: [Tenured: 25785K->25785K(40960K), 0.0097850 secs] 41474K->25785K(59392K), [Perm : 6082K->6082K(21248K)], 0.0098450 secs] [Times: user=0.01 sys=0.00, real=0.01 secs] 
126.505: Total time for which application threads were stopped: 0.0099790 seconds, Stopping threads took: 0.0000620 seconds
126.534: Application time: 0.0287570 seconds
126.534: [GC126.534: [ParNew: 15703K->15703K(18432K), 0.0000100 secs]126.534: [Tenured: 25785K->26497K(40960K), 0.0116260 secs] 41489K->26497K(59392K), [Perm : 6082K->6082K(21248K)], 0.0116890 secs] [Times: user=0.01 sys=0.00, real=0.01 secs] 
126.546: Total time for which application threads were stopped: 0.0118560 seconds, Stopping threads took: 0.0000950 seconds
126.609: Application time: 0.0634110 seconds
126.609: [GC126.609: [ParNew: 15697K->15697K(18432K), 0.0000110 secs]126.609: [Tenured: 26497K->25785K(40960K), 0.0105990 secs] 42194K->25785K(59392K), [Perm : 6082K->6082K(21248K)], 0.0106580 secs] [Times: user=0.01 sys=0.00, real=0.01 secs] 
126.620: Total time for which application threads were stopped: 0.0109090 seconds, Stopping threads took: 0.0001600 seconds
126.677: Application time: 0.0565860 seconds
126.677: [GC126.677: [ParNew: 15690K->15690K(18432K), 0.0000110 secs]126.677: [Tenured: 25785K->27923K(40960K), 0.0102660 secs] 41476K->27923K(59392K), [Perm : 6082K->6082K(21248K)], 0.0103260 secs] [Times: user=0.01 sys=0.00, real=0.01 secs] 
126.687: Total time for which application threads were stopped: 0.0104690 seconds, Stopping threads took: 0.0000620 seconds
126.721: Application time: 0.0337670 seconds
126.721: [GC126.721: [ParNew: 15722K->15722K(18432K), 0.0000110 secs]126.721: [Tenured: 27923K->28665K(40960K), 0.0108820 secs] 43645K->28665K(59392K), [Perm : 6082K->6082K(21248K)], 0.0109410 secs] [Times: user=0.02 sys=0.00, real=0.01 secs] 
126.732: Total time for which application threads were stopped: 0.0111180 seconds, Stopping threads took: 0.0001080 seconds
126.740: Application time: 0.0076370 seconds
126.740: [GC126.740: [ParNew: 15679K->15679K(18432K), 0.0000100 secs]126.740: [Tenured: 28665K->27922K(40960K), 0.0114890 secs] 44344K->27922K(59392K), [Perm : 6082K->6082K(21248K)], 0.0115610 secs] [Times: user=0.01 sys=0.00, real=0.01 secs] 
126.751: Total time for which application threads were stopped: 0.0117700 seconds, Stopping threads took: 0.0001260 seconds
126.759: Application time: 0.0078110 seconds
126.759: [GC126.759: [ParNew: 15683K->15683K(18432K), 0.0000110 secs]126.759: [Tenured: 27922K->30060K(40960K), 0.0063540 secs] 43605K->30060K(59392K), [Perm : 6082K->6082K(21248K)], 0.0064100 secs] [Times: user=0.01 sys=0.00, real=0.01 secs] 
126.766: Total time for which application threads were stopped: 0.0065930 seconds, Stopping threads took: 0.0001130 seconds
126.770: Application time: 0.0044720 seconds
126.770: [GC126.771: [ParNew: 15677K->15677K(18432K), 0.0000110 secs]126.771: [Tenured: 30060K->29348K(40960K), 0.0075400 secs] 45738K->29348K(59392K), [Perm : 6082K->6082K(21248K)], 0.0075920 secs] [Times: user=0.01 sys=0.00, real=0.01 secs] 
126.778: Total time for which application threads were stopped: 0.0077550 seconds, Stopping threads took: 0.0000970 seconds
126.785: Application time: 0.0073040 seconds
126.786: [GC126.786: [ParNew: 15685K->15685K(18432K), 0.0000100 secs]126.786: [Tenured: 29348K->28635K(40960K), 0.0062200 secs] 45034K->28635K(59392K), [Perm : 6082K->6082K(21248K)], 0.0062730 secs] [Times: user=0.01 sys=0.00, real=0.00 secs] 
126.792: Total time for which application threads were stopped: 0.0064110 seconds, Stopping threads took: 0.0000730 seconds
126.799: Application time: 0.0068700 seconds
126.799: [GC126.799: [ParNew: 15679K->15679K(18432K), 0.0000100 secs]126.799: [Tenured: 28635K->28635K(40960K), 0.0072830 secs] 44315K->28635K(59392K), [Perm : 6082K->6082K(21248K)], 0.0073400 secs] [Times: user=0.01 sys=0.00, real=0.01 secs] 
126.806: Total time for which application threads were stopped: 0.0075920 seconds, Stopping threads took: 0.0001720 seconds
126.812: Application time: 0.0056580 seconds
126.812: [GC126.812: [ParNew: 15692K->15692K(18432K), 0.0000100 secs]126.812: [Tenured: 28635K->26498K(40960K), 0.0089590 secs] 44327K->26498K(59392K), [Perm : 6082K->6082K(21248K)], 0.0090210 secs] [Times: user=0.01 sys=0.00, real=0.01 secs] 
126.821: Total time for which application threads were stopped: 0.0092770 seconds, Stopping threads took: 0.0001620 seconds
126.825: Application time: 0.0039230 seconds
126.825: [GC126.825: [ParNew: 15688K->15688K(18432K), 0.0000110 secs]126.825: [Tenured: 26498K->30774K(40960K), 0.0074680 secs] 42187K->30774K(59392K), [Perm : 6082K->6082K(21248K)], 0.0075260 secs] [Times: user=0.01 sys=0.00, real=0.00 secs] 
126.833: Total time for which application threads were stopped: 0.0076860 seconds, Stopping threads took: 0.0000900 seconds
126.837: Application time: 0.0040040 seconds
126.837: [GC126.837: [ParNew: 15678K->15678K(18432K), 0.0000110 secs]126.837: [Tenured: 30774K->30062K(40960K), 0.0073820 secs] 46453K->30062K(59392K), [Perm : 6082K->6082K(21248K)], 0.0074360 secs] [Times: user=0.01 sys=0.00, real=0.01 secs] 
126.844: Total time for which application threads were stopped: 0.0076230 seconds, Stopping threads took: 0.0001230 seconds
126.865: Application time: 0.0210110 seconds
126.866: [GC126.866: [ParNew: 15692K->15692K(18432K), 0.0000100 secs]126.866: [Tenured: 30062K->27209K(40960K), 0.0105020 secs] 45754K->27209K(59392K), [Perm : 6082K->6082K(21248K)], 0.0105630 secs] [Times: user=0.01 sys=0.00, real=0.01 secs] 
126.876: Total time for which application threads were stopped: 0.0106960 seconds, Stopping threads took: 0.0000610 seconds
126.908: Application time: 0.0314280 seconds
126.908: [GC126.908: [ParNew: 15715K->15715K(18432K), 0.0000100 secs]126.908: [Tenured: 27209K->28664K(40960K), 0.0091640 secs] 42924K->28664K(59392K), [Perm : 6082K->6082K(21248K)], 0.0092240 secs] [Times: user=0.01 sys=0.00, real=0.01 secs] 
126.917: Total time for which application threads were stopped: 0.0093750 seconds, Stopping threads took: 0.0000790 seconds
126.925: Application time: 0.0084530 seconds
126.926: [GC126.926: [ParNew: 15683K->15683K(18432K), 0.0000100 secs]126.926: [Tenured: 28664K->28665K(40960K), 0.0062800 secs] 44347K->28665K(59392K), [Perm : 6082K->6082K(21248K)], 0.0063480 secs] [Times: user=0.00 sys=0.00, real=0.00 secs] 
126.932: Total time for which application threads were stopped: 0.0064940 seconds, Stopping threads took: 0.0000770 seconds
126.936: Application time: 0.0036590 seconds
126.936: [GC126.936: [ParNew: 15679K->15679K(18432K), 0.0000110 secs]126.936: [Tenured: 28665K->28664K(40960K), 0.0104750 secs] 44344K->28664K(59392K), [Perm : 6082K->6082K(21248K)], 0.0105380 secs] [Times: user=0.01 sys=0.00, real=0.01 secs] 
126.946: Total time for which application threads were stopped: 0.0107680 seconds, Stopping threads took: 0.0001370 seconds
126.950: Application time: 0.0035080 seconds
126.950: [GC126.950: [ParNew: 15683K->15683K(18432K), 0.0000110 secs]126.950: [Tenured: 28664K->28634K(40960K), 0.0111710 secs] 44348K->28634K(59392K), [Perm : 6082K->6082K(21248K)], 0.0112420 secs] [Times: user=0.01 sys=0.01, real=0.01 secs] 
126.961: Total time for which application threads were stopped: 0.0114010 seconds, Stopping threads took: 0.0000860 seconds
126.970: Application time: 0.0084580 seconds
126.970: [GC126.970: [ParNew: 15686K->15686K(18432K), 0.0000100 secs]126.970: [Tenured: 28634K->28635K(40960K), 0.0070710 secs] 44321K->28635K(59392K), [Perm : 6082K->6082K(21248K)], 0.0071310 secs] [Times: user=0.00 sys=0.00, real=0.01 secs] 
126.977: Total time for which application threads were stopped: 0.0073210 seconds, Stopping threads took: 0.0001220 seconds
126.983: Application time: 0.0057930 seconds
126.983: [GC126.983: [ParNew: 15683K->15683K(18432K), 0.0000110 secs]126.983: [Tenured: 28635K->27209K(40960K), 0.0104220 secs] 44319K->27209K(59392K), [Perm : 6082K->6082K(21248K)], 0.0104840 secs] [Times: user=0.01 sys=0.00, real=0.00 secs] 
126.994: Total time for which application threads were stopped: 0.0107500 seconds, Stopping threads took: 0.0001920 seconds
127.000: Application time: 0.0061010 seconds
127.000: [GC127.000: [ParNew: 15687K->15687K(18432K), 0.0000110 secs]127.000: [Tenured: 27209K->29348K(40960K), 0.0078150 secs] 42896K->29348K(59392K), [Perm : 6082K->6082K(21248K)], 0.0078710 secs] [Times: user=0.01 sys=0.00, real=0.01 secs] 
127.008: Total time for which application threads were stopped: 0.0082900 seconds, Stopping threads took: 0.0003340 seconds
127.013: Application time: 0.0046940 seconds
127.013: [GC127.013: [ParNew: 15679K->15679K(18432K), 0.0000120 secs]127.013: [Tenured: 29348K->28635K(40960K), 0.0084460 secs] 45028K->28635K(59392K), [Perm : 6082K->6082K(21248K)], 0.0085060 secs] [Times: user=0.01 sys=0.00, real=0.01 secs] 
127.021: Total time for which application threads were stopped: 0.0087280 seconds, Stopping threads took: 0.0001510 seconds
127.025: Application time: 0.0039270 seconds
127.025: [GC127.026: [ParNew: 15682K->15682K(18432K), 0.0000110 secs]127.026: [Tenured: 28635K->28634K(40960K), 0.0099340 secs] 44317K->28634K(59392K), [Perm : 6082K->6082K(21248K)], 0.0099970 secs] [Times: user=0.01 sys=0.00, real=0.01 secs] 
127.036: Total time for which application threads were stopped: 0.0101450 seconds, Stopping threads took: 0.0000760 seconds
127.095: Application time: 0.0599130 seconds
127.096: [GC127.096: [ParNew: 15694K->15694K(18432K), 0.0000140 secs]127.097: [Tenured: 28634K->27209K(40960K), 0.0101280 secs] 44329K->27209K(59392K), [Perm : 6082K->6082K(21248K)], 0.0116600 secs] [Times: user=0.01 sys=0.00, real=0.01 secs] 
127.107: Total time for which application threads were stopped: 0.0117980 seconds, Stopping threads took: 0.0000700 seconds
127.166: Application time: 0.0589100 seconds
127.166: [GC127.166: [ParNew: 15688K->15688K(18432K), 0.0000090 secs]127.166: [Tenured: 27209K->28634K(40960K), 0.0095530 secs] 42897K->28634K(59392K), [Perm : 6082K->6082K(21248K)], 0.0096100 secs] [Times: user=0.01 sys=0.00, real=0.01 secs] 
127.176: Total time for which application threads were stopped: 0.0097440 seconds, Stopping threads took: 0.0000680 seconds
127.207: Application time: 0.0314980 seconds
127.208: [GC127.208: [ParNew: 15688K->15688K(18432K), 0.0000100 secs]127.208: [Tenured: 28634K->28634K(40960K), 0.0093350 secs] 44322K->28634K(59392K), [Perm : 6082K->6082K(21248K)], 0.0094040 secs] [Times: user=0.01 sys=0.00, real=0.01 secs] 
127.217: Total time for which application threads were stopped: 0.0095790 seconds, Stopping threads took: 0.0000980 seconds
127.290: Application time: 0.0729270 seconds
127.290: [GC127.290: [ParNew: 15688K->15688K(18432K), 0.0000110 secs]127.290: [Tenured: 28634K->26496K(40960K), 0.0104720 secs] 44322K->26496K(59392K), [Perm : 6082K->6082K(21248K)], 0.0105330 secs] [Times: user=0.02 sys=0.00, real=0.01 secs] 
127.301: Total time for which application threads were stopped: 0.0107520 seconds, Stopping threads took: 0.0001480 seconds
127.355: Application time: 0.0540650 seconds
127.355: [GC127.355: [ParNew: 16382K->16382K(18432K), 0.0000100 secs]127.355: [Tenured: 26496K->27243K(40960K), 0.0098880 secs] 42879K->27243K(59392K), [Perm : 6082K->6082K(21248K)], 0.0099450 secs] [Times: user=0.01 sys=0.00, real=0.01 secs] 
127.365: Total time for which application threads were stopped: 0.0101250 seconds, Stopping threads took: 0.0000910 seconds
127.374: Application time: 0.0093100 seconds
127.374: [GC127.374: [ParNew: 15733K->15733K(18432K), 0.0000110 secs]127.374: [Tenured: 27243K->28663K(40960K), 0.0096730 secs] 42977K->28663K(59392K), [Perm : 6082K->6082K(21248K)], 0.0097350 secs] [Times: user=0.01 sys=0.00, real=0.01 secs] 
127.384: Total time for which application threads were stopped: 0.0099900 seconds, Stopping threads took: 0.0001710 seconds
127.392: Application time: 0.0081620 seconds
127.392: [GC127.392: [ParNew: 15683K->15683K(18432K), 0.0000100 secs]127.392: [Tenured: 28663K->27921K(40960K), 0.0103260 secs] 44347K->27921K(59392K), [Perm : 6082K->6082K(21248K)], 0.0103880 secs] [Times: user=0.01 sys=0.00, real=0.02 secs] 
127.403: Total time for which application threads were stopped: 0.0105370 seconds, Stopping threads took: 0.0000740 seconds
127.407: Application time: 0.0044170 seconds
127.408: [GC127.408: [ParNew: 15681K->15681K(18432K), 0.0000110 secs]127.408: [Tenured: 27921K->25784K(40960K), 0.0099070 secs] 43603K->25784K(59392K), [Perm : 6082K->6082K(21248K)], 0.0099690 secs] [Times: user=0.01 sys=0.00, real=0.01 secs] 
127.418: Total time for which application threads were stopped: 0.0102910 seconds, Stopping threads took: 0.0002310 seconds
127.423: Application time: 0.0054170 seconds
127.423: [GC127.423: [ParNew: 15681K->15681K(18432K), 0.0000100 secs]127.423: [Tenured: 25784K->25783K(40960K), 0.0093140 secs] 41465K->25783K(59392K), [Perm : 6082K->6082K(21248K)], 0.0093760 secs] [Times: user=0.00 sys=0.00, real=0.00 secs] 
127.433: Total time for which application threads were stopped: 0.0095760 seconds, Stopping threads took: 0.0001180 seconds
127.440: Application time: 0.0076150 seconds
127.440: [GC127.440: [ParNew: 15686K->15686K(18432K), 0.0000120 secs]127.440: [Tenured: 25783K->27922K(40960K), 0.0069690 secs] 41469K->27922K(59392K), [Perm : 6082K->6082K(21248K)], 0.0070210 secs] [Times: user=0.00 sys=0.00, real=0.01 secs] 
127.447: Total time for which application threads were stopped: 0.0071640 seconds, Stopping threads took: 0.0000770 seconds
127.455: Application time: 0.0073440 seconds
127.455: [GC127.455: [ParNew: 15680K->15680K(18432K), 0.0000100 secs]127.455: [Tenured: 27922K->27209K(40960K), 0.0073290 secs] 43602K->27209K(59392K), [Perm : 6082K->6082K(21248K)], 0.0073890 secs] [Times: user=0.01 sys=0.00, real=0.01 secs] 
127.462: Total time for which application threads were stopped: 0.0075410 seconds, Stopping threads took: 0.0000790 seconds
127.467: Application time: 0.0044860 seconds
127.467: [GC127.467: [ParNew: 15687K->15687K(18432K), 0.0000110 secs]127.467: [Tenured: 27209K->29348K(40960K), 0.0062380 secs] 42896K->29348K(59392K), [Perm : 6082K->6082K(21248K)], 0.0062930 secs] [Times: user=0.01 sys=0.00, real=0.00 secs] 
127.473: Total time for which application threads were stopped: 0.0064690 seconds, Stopping threads took: 0.0001090 seconds
127.477: Application time: 0.0036110 seconds
127.477: [GC127.477: [ParNew: 15678K->15678K(18432K), 0.0000110 secs]127.477: [Tenured: 29348K->28635K(40960K), 0.0061100 secs] 45027K->28635K(59392K), [Perm : 6082K->6082K(21248K)], 0.0061750 secs] [Times: user=0.01 sys=0.00, real=0.01 secs] 
127.483: Total time for which application threads were stopped: 0.0063310 seconds, Stopping threads took: 0.0000890 seconds
127.505: Application time: 0.0223170 seconds
127.506: [GC127.506: [ParNew: 15692K->15692K(18432K), 0.0000100 secs]127.506: [Tenured: 28635K->27209K(40960K), 0.0094030 secs] 44327K->27209K(59392K), [Perm : 6082K->6082K(21248K)], 0.0094630 secs] [Times: user=0.00 sys=0.00, real=0.01 secs] 
127.515: Total time for which application threads were stopped: 0.0096790 seconds, Stopping threads took: 0.0001360 seconds
127.579: Application time: 0.0633730 seconds
127.579: [GC127.579: [ParNew: 15687K->15687K(18432K), 0.0000110 secs]127.579: [Tenured: 27209K->27921K(40960K), 0.0110840 secs] 42896K->27921K(59392K), [Perm : 6082K->6082K(21248K)], 0.0111470 secs] [Times: user=0.01 sys=0.00, real=0.01 secs] 
127.590: Total time for which application threads were stopped: 0.0113270 seconds, Stopping threads took: 0.0001090 seconds
127.627: Application time: 0.0376390 seconds
127.628: [GC127.628: [ParNew: 15687K->15687K(18432K), 0.0000100 secs]127.628: [Tenured: 27921K->27921K(40960K), 0.0108810 secs] 43609K->27921K(59392K), [Perm : 6082K->6082K(21248K)], 0.0109410 secs] [Times: user=0.02 sys=0.00, real=0.01 secs] 
127.639: Total time for which application threads were stopped: 0.0113450 seconds, Stopping threads took: 0.0003130 seconds
127.703: Application time: 0.0637520 seconds
127.703: [GC127.703: [ParNew: 15719K->15719K(18432K), 0.0000100 secs]127.703: [Tenured: 27921K->27950K(40960K), 0.0094000 secs] 43640K->27950K(59392K), [Perm : 6082K->6082K(21248K)], 0.0094620 secs] [Times: user=0.00 sys=0.00, real=0.00 secs] 
127.712: Total time for which application threads were stopped: 0.0096870 seconds, Stopping threads took: 0.0001420 seconds
127.720: Application time: 0.0081970 seconds
127.721: [GC127.721: [ParNew: 15677K->15677K(18432K), 0.0000100 secs]127.721: [Tenured: 27950K->28663K(40960K), 0.0061930 secs] 43628K->28663K(59392K), [Perm : 6082K->6082K(21248K)], 0.0062510 secs] [Times: user=0.01 sys=0.00, real=0.01 secs] 
127.727: Total time for which application threads were stopped: 0.0064640 seconds, Stopping threads took: 0.0001360 seconds
127.732: Application time: 0.0054740 seconds
127.733: [GC127.733: [ParNew: 15689K->15689K(18432K), 0.0000100 secs]127.733: [Tenured: 28663K->26496K(40960K), 0.0107210 secs] 44352K->26496K(59392K), [Perm : 6082K->6082K(21248K)], 0.0107790 secs] [Times: user=0.01 sys=0.00, real=0.02 secs] 
127.743: Total time for which application threads were stopped: 0.0109220 seconds, Stopping threads took: 0.0000740 seconds
127.747: Application time: 0.0039690 seconds
127.747: [GC127.747: [ParNew: 15677K->15677K(18432K), 0.0000110 secs]127.747: [Tenured: 26496K->27921K(40960K), 0.0061830 secs] 42173K->27921K(59392K), [Perm : 6082K->6082K(21248K)], 0.0062400 secs] [Times: user=0.01 sys=0.00, real=0.00 secs] 
127.754: Total time for which application threads were stopped: 0.0063900 seconds, Stopping threads took: 0.0000840 seconds
127.760: Application time: 0.0067260 seconds
127.761: [GC127.761: [ParNew: 15685K->15685K(18432K), 0.0000100 secs]127.761: [Tenured: 27921K->27208K(40960K), 0.0061780 secs] 43606K->27208K(59392K), [Perm : 6082K->6082K(21248K)], 0.0062350 secs] [Times: user=0.01 sys=0.00, real=0.01 secs] 
127.767: Total time for which application threads were stopped: 0.0064070 seconds, Stopping threads took: 0.0001060 seconds
127.773: Application time: 0.0064880 seconds
127.773: [GC127.774: [ParNew: 15678K->15678K(18432K), 0.0000110 secs]127.774: [Tenured: 27208K->28634K(40960K), 0.0069620 secs] 42887K->28634K(59392K), [Perm : 6082K->6082K(21248K)], 0.0070220 secs] [Times: user=0.01 sys=0.00, real=0.01 secs] 
127.781: Total time for which application threads were stopped: 0.0072050 seconds, Stopping threads took: 0.0001140 seconds
127.788: Application time: 0.0072900 seconds
127.788: [GC127.788: [ParNew: 15686K->15686K(18432K), 0.0000110 secs]127.788: [Tenured: 28634K->27209K(40960K), 0.0087780 secs] 44321K->27209K(59392K), [Perm : 6082K->6082K(21248K)], 0.0088470 secs] [Times: user=0.01 sys=0.00, real=0.01 secs] 
127.797: Total time for which application threads were stopped: 0.0090390 seconds, Stopping threads took: 0.0001000 seconds
127.801: Application time: 0.0040540 seconds
127.801: [GC127.801: [ParNew: 15681K->15681K(18432K), 0.0000100 secs]127.801: [Tenured: 27209K->27209K(40960K), 0.0089620 secs] 42891K->27209K(59392K), [Perm : 6082K->6082K(21248K)], 0.0090240 secs] [Times: user=0.01 sys=0.00, real=0.01 secs] 
127.810: Total time for which application threads were stopped: 0.0092010 seconds, Stopping threads took: 0.0000980 seconds
127.814: Application time: 0.0039760 seconds
127.814: [GC127.814: [ParNew: 15678K->15678K(18432K), 0.0000100 secs]127.814: [Tenured: 27209K->27921K(40960K), 0.0074390 secs] 42887K->27921K(59392K), [Perm : 6082K->6082K(21248K)], 0.0074910 secs] [Times: user=0.01 sys=0.00, real=0.00 secs] 
127.822: Total time for which application threads were stopped: 0.0076580 seconds, Stopping threads took: 0.0001040 seconds
127.840: Application time: 0.0185550 seconds
127.840: [GC127.840: [ParNew: 15725K->15725K(18432K), 0.0000100 secs]127.840: [Tenured: 27921K->27238K(40960K), 0.0094350 secs] 43647K->27238K(59392K), [Perm : 6082K->6082K(21248K)], 0.0094940 secs] [Times: user=0.01 sys=0.00, real=0.01 secs] 
127.850: Total time for which application threads were stopped: 0.0096300 seconds, Stopping threads took: 0.0000640 seconds
127.859: Application time: 0.0089430 seconds
127.859: [GC127.859: [ParNew: 15677K->15677K(18432K), 0.0000100 secs]127.859: [Tenured: 27238K->25071K(40960K), 0.0097230 secs] 42915K->25071K(59392K), [Perm : 6082K->6082K(21248K)], 0.0097840 secs] [Times: user=0.01 sys=0.00, real=0.01 secs] 
127.869: Total time for which application threads were stopped: 0.0099290 seconds, Stopping threads took: 0.0000710 seconds
127.875: Application time: 0.0059820 seconds
127.875: [GC127.875: [ParNew: 15685K->1435K(18432K), 0.0012100 secs] 40756K->28643K(59392K), 0.0012410 secs] [Times: user=0.01 sys=0.00, real=0.00 secs] 
127.876: Total time for which application threads were stopped: 0.0014080 seconds, Stopping threads took: 0.0001060 seconds
127.880: Application time: 0.0039680 seconds
127.880: [GC127.880: [ParNew: 17112K->17112K(18432K), 0.0000100 secs]127.880: [Tenured: 27208K->26496K(40960K), 0.0089980 secs] 44321K->26496K(59392K), [Perm : 6082K->6082K(21248K)], 0.0090560 secs] [Times: user=0.01 sys=0.00, real=0.01 secs] 
127.889: Total time for which application threads were stopped: 0.0092610 seconds, Stopping threads took: 0.0001350 seconds
127.896: Application time: 0.0069740 seconds
127.897: [GC127.897: [ParNew: 16202K->16202K(18432K), 0.0000100 secs]127.897: [Tenured: 26496K->22971K(40960K), 0.0087580 secs] 42699K->22971K(59392K), [Perm : 6082K->6082K(21248K)], 0.0088150 secs] [Times: user=0.00 sys=0.00, real=0.01 secs] 
127.905: Total time for which application threads were stopped: 0.0089900 seconds, Stopping threads took: 0.0001030 seconds
127.912: Application time: 0.0068770 seconds
127.912: [GC127.912: [ParNew: 15910K->1439K(18432K), 0.0006610 secs] 38882K->24410K(59392K), 0.0006950 secs] [Times: user=0.00 sys=0.00, real=0.00 secs] 
127.913: Total time for which application threads were stopped: 0.0008740 seconds, Stopping threads took: 0.0001190 seconds
127.918: Application time: 0.0049780 seconds
127.919: [GC127.919: [ParNew: 17122K->1433K(18432K), 0.0008100 secs] 40093K->25133K(59392K), 0.0008450 secs] [Times: user=0.00 sys=0.00, real=0.00 secs] 
127.920: Total time for which application threads were stopped: 0.0017850 seconds, Stopping threads took: 0.0008790 seconds
127.924: Application time: 0.0043180 seconds
127.925: [GC127.925: [ParNew: 17121K->1433K(18432K), 0.0008390 secs] 40821K->25893K(59392K), 0.0008710 secs] [Times: user=0.00 sys=0.00, real=0.00 secs] 
127.926: Total time for which application threads were stopped: 0.0015680 seconds, Stopping threads took: 0.0006330 seconds
127.930: Application time: 0.0038120 seconds
127.930: [GC127.930: [ParNew: 17116K->1425K(18432K), 0.0011260 secs] 41577K->28055K(59392K), 0.0011570 secs] [Times: user=0.01 sys=0.00, real=0.00 secs] 
127.931: Total time for which application threads were stopped: 0.0014500 seconds, Stopping threads took: 0.0002380 seconds
127.935: Application time: 0.0035290 seconds
127.935: [GC127.935: [ParNew: 17105K->1425K(18432K), 0.0012470 secs] 43735K->30192K(59392K), 0.0012780 secs] [Times: user=0.01 sys=0.00, real=0.00 secs] 
127.936: Total time for which application threads were stopped: 0.0014820 seconds, Stopping threads took: 0.0001460 seconds
127.941: Application time: 0.0049540 seconds
127.941: [GC127.941: [ParNew: 17119K->17119K(18432K), 0.0000110 secs]127.941: [Tenured: 28767K->25812K(40960K), 0.0097980 secs] 45886K->25812K(59392K), [Perm : 6082K->6082K(21248K)], 0.0098550 secs] [Times: user=0.01 sys=0.00, real=0.01 secs] 
127.951: Total time for which application threads were stopped: 0.0100040 seconds, Stopping threads took: 0.0000780 seconds
127.955: Application time: 0.0043350 seconds
127.956: [GC127.956: [ParNew: 15679K->1425K(18432K), 0.0010040 secs] 41492K->28663K(59392K), 0.0010320 secs] [Times: user=0.00 sys=0.00, real=0.00 secs] 
127.957: Total time for which application threads were stopped: 0.0011780 seconds, Stopping threads took: 0.0000900 seconds
127.963: Application time: 0.0059320 seconds
127.963: [GC127.963: [ParNew: 17112K->1435K(18432K), 0.0013260 secs] 44350K->31523K(59392K), 0.0013560 secs] [Times: user=0.01 sys=0.00, real=0.00 secs] 
127.964: Total time for which application threads were stopped: 0.0014850 seconds, Stopping threads took: 0.0000740 seconds
127.970: Application time: 0.0064240 seconds
127.971: [GC127.971: [ParNew: 17115K->17115K(18432K), 0.0000100 secs]127.971: [Tenured: 30088K->24358K(40960K), 0.0103970 secs] 47203K->24358K(59392K), [Perm : 6082K->6082K(21248K)], 0.0104530 secs] [Times: user=0.01 sys=0.00, real=0.01 secs] 
127.981: Total time for which application threads were stopped: 0.0106150 seconds, Stopping threads took: 0.0000930 seconds
127.988: Application time: 0.0065390 seconds
127.988: [GC127.988: [ParNew: 15680K->712K(18432K), 0.0004990 secs] 40038K->25071K(59392K), 0.0005270 secs] [Times: user=0.00 sys=0.00, real=0.00 secs] 
127.988: Total time for which application threads were stopped: 0.0006740 seconds, Stopping threads took: 0.0000910 seconds
127.993: Application time: 0.0046220 seconds
127.993: [GC127.993: [ParNew: 16401K->1435K(18432K), 0.0006780 secs] 40760K->25793K(59392K), 0.0007060 secs] [Times: user=0.01 sys=0.00, real=0.00 secs] 
127.994: Total time for which application threads were stopped: 0.0008610 seconds, Stopping threads took: 0.0001000 seconds
127.997: Application time: 0.0036370 seconds
127.998: [GC127.998: [ParNew: 17114K->712K(18432K), 0.0006930 secs] 41472K->25823K(59392K), 0.0007200 secs] [Times: user=0.00 sys=0.00, real=0.00 secs] 
127.998: Total time for which application threads were stopped: 0.0008660 seconds, Stopping threads took: 0.0000910 seconds
128.017: Application time: 0.0190600 seconds
128.017: [GC128.017: [ParNew: 16435K->1467K(18432K), 0.0019340 secs] 41547K->31566K(59392K), 0.0019710 secs] [Times: user=0.02 sys=0.00, real=0.00 secs] 
128.019: Total time for which application threads were stopped: 0.0021030 seconds, Stopping threads took: 0.0000700 seconds
128.028: Application time: 0.0088990 seconds
128.028: [GC128.028: [ParNew: 17144K->714K(18432K), 0.0006530 secs] 47243K->31605K(59392K), 0.0006800 secs] [Times: user=0.00 sys=0.00, real=0.00 secs] 
128.029: Total time for which application threads were stopped: 0.0008280 seconds, Stopping threads took: 0.0000950 seconds
128.035: Application time: 0.0059890 seconds
128.035: [GC128.035: [ParNew: 16398K->1435K(18432K), 0.0006630 secs] 47289K->32326K(59392K), 0.0006890 secs] [Times: user=0.01 sys=0.00, real=0.00 secs] 
128.036: Total time for which application threads were stopped: 0.0008490 seconds, Stopping threads took: 0.0000970 seconds
128.040: Application time: 0.0036290 seconds
128.040: [GC128.040: [ParNew: 17116K->1425K(18432K), 0.0020600 secs] 48007K->37336K(59392K), 0.0020910 secs] [Times: user=0.01 sys=0.00, real=0.00 secs] 
128.042: Total time for which application threads were stopped: 0.0022630 seconds, Stopping threads took: 0.0001130 seconds
128.049: Application time: 0.0066490 seconds
128.049: [GC128.049: [ParNew: 17112K->17112K(18432K), 0.0000100 secs]128.049: [Tenured: 35911K->24387K(40960K), 0.0099210 secs] 53023K->24387K(59392K), [Perm : 6082K->6082K(21248K)], 0.0099790 secs] [Times: user=0.01 sys=0.00, real=0.01 secs] 
128.059: Total time for which application threads were stopped: 0.0103770 seconds, Stopping threads took: 0.0003290 seconds
128.066: Application time: 0.0065740 seconds
128.066: [GC128.066: [ParNew: 15679K->1427K(18432K), 0.0008090 secs] 40066K->25814K(59392K), 0.0008380 secs] [Times: user=0.00 sys=0.00, real=0.00 secs] 
128.067: Total time for which application threads were stopped: 0.0010140 seconds, Stopping threads took: 0.0001190 seconds
128.072: Application time: 0.0058170 seconds
128.072: [GC128.073: [ParNew: 17111K->1427K(18432K), 0.0019340 secs] 41498K->30090K(59392K), 0.0019750 secs] [Times: user=0.01 sys=0.00, real=0.01 secs] 
128.074: Total time for which application threads were stopped: 0.0021480 seconds, Stopping threads took: 0.0001090 seconds
128.078: Application time: 0.0037500 seconds
128.078: [GC128.078: [ParNew: 17115K->1433K(18432K), 0.0013600 secs] 45778K->32234K(59392K), 0.0013920 secs] [Times: user=0.01 sys=0.00, real=0.00 secs] 
128.080: Total time for which application threads were stopped: 0.0015630 seconds, Stopping threads took: 0.0001130 seconds
128.090: Application time: 0.0103700 seconds
128.090: [GC128.090: [ParNew: 17111K->714K(18432K), 0.0004750 secs] 47912K->31555K(59392K), 0.0005080 secs] [Times: user=0.00 sys=0.00, real=0.00 secs] 
128.091: Total time for which application threads were stopped: 0.0007550 seconds, Stopping threads took: 0.0001860 seconds
128.147: Application time: 0.0562360 seconds
128.147: [GC128.147: [ParNew: 17034K->1466K(18432K), 0.0031100 secs] 47875K->41570K(59392K), 0.0031490 secs] [Times: user=0.02 sys=0.00, real=0.00 secs] 
128.150: Total time for which application threads were stopped: 0.0032810 seconds, Stopping threads took: 0.0000680 seconds
128.160: Application time: 0.0096040 seconds
128.160: [GC128.160: [ParNew: 17278K->17278K(18432K), 0.0000110 secs]128.160: [Tenured: 40103K->22961K(40960K), 0.0109430 secs] 57382K->22961K(59392K), [Perm : 6082K->6082K(21248K)], 0.0110020 secs] [Times: user=0.01 sys=0.00, real=0.01 secs] 
128.171: Total time for which application threads were stopped: 0.0111540 seconds, Stopping threads took: 0.0000820 seconds
128.180: Application time: 0.0084390 seconds
128.180: [GC128.180: [ParNew: 15683K->1435K(18432K), 0.0006170 secs] 38645K->24396K(59392K), 0.0006500 secs] [Times: user=0.00 sys=0.00, real=0.00 secs] 
128.180: Total time for which application threads were stopped: 0.0007870 seconds, Stopping threads took: 0.0000760 seconds
128.185: Application time: 0.0044690 seconds
128.185: [GC128.185: [ParNew: 17114K->1427K(18432K), 0.0013000 secs] 40076K->26566K(59392K), 0.0013310 secs] [Times: user=0.01 sys=0.00, real=0.00 secs] 
128.186: Total time for which application threads were stopped: 0.0014730 seconds, Stopping threads took: 0.0000840 seconds
128.192: Application time: 0.0054550 seconds
128.192: [GC128.192: [ParNew: 17116K->1433K(18432K), 0.0014360 secs] 42256K->30135K(59392K), 0.0014660 secs] [Times: user=0.01 sys=0.00, real=0.00 secs] 
128.193: Total time for which application threads were stopped: 0.0016120 seconds, Stopping threads took: 0.0000870 seconds
128.201: Application time: 0.0071820 seconds
128.202: [GC128.202: [ParNew: 17113K->1425K(18432K), 0.0015610 secs] 45815K->33025K(59392K), 0.0015970 secs] [Times: user=0.01 sys=0.00, real=0.00 secs] 
128.204: Total time for which application threads were stopped: 0.0031240 seconds, Stopping threads took: 0.0014560 seconds
128.212: Application time: 0.0085710 seconds
128.212: [GC128.213: [ParNew: 17106K->17106K(18432K), 0.0000100 secs]128.213: [Tenured: 31600K->23674K(40960K), 0.0091900 secs] 48706K->23674K(59392K), [Perm : 6082K->6082K(21248K)], 0.0092550 secs] [Times: user=0.01 sys=0.00, real=0.01 secs] 
128.222: Total time for which application threads were stopped: 0.0094180 seconds, Stopping threads took: 0.0000930 seconds
128.227: Application time: 0.0050830 seconds
128.227: [GC128.227: [ParNew: 15687K->1433K(18432K), 0.0006440 secs] 39361K->25107K(59392K), 0.0006740 secs] [Times: user=0.00 sys=0.00, real=0.00 secs] 
128.228: Total time for which application threads were stopped: 0.0008250 seconds, Stopping threads took: 0.0000830 seconds
128.231: Application time: 0.0035780 seconds
128.231: [GC128.231: [ParNew: 17114K->1425K(18432K), 0.0014930 secs] 40788K->27989K(59392K), 0.0015220 secs] [Times: user=0.01 sys=0.00, real=0.00 secs] 
128.233: Total time for which application threads were stopped: 0.0016620 seconds, Stopping threads took: 0.0000830 seconds
128.264: Application time: 0.0307690 seconds
128.264: [GC128.264: [ParNew: 17115K->1433K(18432K), 0.0015720 secs] 43679K->32272K(59392K), 0.0016060 secs] [Times: user=0.01 sys=0.00, real=0.00 secs] 
128.265: Total time for which application threads were stopped: 0.0017300 seconds, Stopping threads took: 0.0000620 seconds
128.338: Application time: 0.0728360 seconds
128.338: [GC128.338: [ParNew (promotion failed): 17130K->17137K(18432K), 0.0033950 secs]128.342: [Tenured: 40838K->25070K(40960K), 0.0110010 secs] 47970K->25070K(59392K), [Perm : 6082K->6082K(21248K)], 0.0144590 secs] [Times: user=0.04 sys=0.00, real=0.01 secs] 
128.353: Total time for which application threads were stopped: 0.0146110 seconds, Stopping threads took: 0.0000840 seconds
128.428: Application time: 0.0755830 seconds
128.429: [GC128.429: [ParNew: 15689K->1427K(18432K), 0.0041540 secs] 40760K->39323K(59392K), 0.0041940 secs] [Times: user=0.04 sys=0.00, real=0.00 secs] 
128.433: Total time for which application threads were stopped: 0.0043290 seconds, Stopping threads took: 0.0000680 seconds
128.480: Application time: 0.0474210 seconds
128.480: [GC128.480: [ParNew: 17118K->17118K(18432K), 0.0000110 secs]128.480: [Tenured: 37896K->25783K(40960K), 0.0092840 secs] 55014K->25783K(59392K), [Perm : 6082K->6082K(21248K)], 0.0093430 secs] [Times: user=0.00 sys=0.00, real=0.01 secs] 
128.490: Total time for which application threads were stopped: 0.0095240 seconds, Stopping threads took: 0.0001150 seconds
128.556: Application time: 0.0658390 seconds
128.556: [GC128.556: [ParNew: 15691K->1425K(18432K), 0.0046420 secs] 41475K->41458K(59392K), 0.0046830 secs] [Times: user=0.04 sys=0.00, real=0.00 secs] 
128.560: Total time for which application threads were stopped: 0.0048420 seconds, Stopping threads took: 0.0000830 seconds
128.634: Application time: 0.0739910 seconds
128.635: [GC128.635: [ParNew: 17122K->17122K(18432K), 0.0000110 secs]128.635: [Tenured: 40033K->25784K(40960K), 0.0097650 secs] 57156K->25784K(59392K), [Perm : 6082K->6082K(21248K)], 0.0098230 secs] [Times: user=0.01 sys=0.00, real=0.01 secs] 
128.644: Total time for which application threads were stopped: 0.0099530 seconds, Stopping threads took: 0.0000640 seconds
128.716: Application time: 0.0711840 seconds
128.716: [GC128.716: [ParNew: 15691K->15691K(18432K), 0.0000100 secs]128.716: [Tenured: 25784K->26496K(40960K), 0.0100820 secs] 41475K->26496K(59392K), [Perm : 6082K->6082K(21248K)], 0.0101440 secs] [Times: user=0.01 sys=0.00, real=0.01 secs] 
128.726: Total time for which application threads were stopped: 0.0103560 seconds, Stopping threads took: 0.0001230 seconds
128.785: Application time: 0.0590410 seconds
128.785: [GC128.785: [ParNew: 15691K->15691K(18432K), 0.0000110 secs]128.785: [Tenured: 26496K->26495K(40960K), 0.0109300 secs] 42188K->26495K(59392K), [Perm : 6082K->6082K(21248K)], 0.0109910 secs] [Times: user=0.01 sys=0.00, real=0.01 secs] 
128.796: Total time for which application threads were stopped: 0.0111810 seconds, Stopping threads took: 0.0001030 seconds
128.874: Application time: 0.0777830 seconds
128.874: [GC128.874: [ParNew: 15691K->15691K(18432K), 0.0000110 secs]128.874: [Tenured: 26495K->25783K(40960K), 0.0096650 secs] 42187K->25783K(59392K), [Perm : 6082K->6082K(21248K)], 0.0097260 secs] [Times: user=0.01 sys=0.00, real=0.01 secs] 
128.884: Total time for which application threads were stopped: 0.0098740 seconds, Stopping threads took: 0.0000750 seconds
128.952: Application time: 0.0684700 seconds
128.952: [GC128.952: [ParNew: 15697K->15697K(18432K), 0.0000110 secs]128.952: [Tenured: 25783K->25784K(40960K), 0.0098020 secs] 41481K->25784K(59392K), [Perm : 6082K->6082K(21248K)], 0.0098600 secs] [Times: user=0.01 sys=0.00, real=0.02 secs] 
128.962: Total time for which application threads were stopped: 0.0099900 seconds, Stopping threads took: 0.0000590 seconds
129.028: Application time: 0.0653660 seconds
129.028: [GC129.028: [ParNew: 15704K->1435K(18432K), 0.0045900 secs] 41488K->41469K(59392K), 0.0046320 secs] [Times: user=0.04 sys=0.00, real=0.00 secs] 
129.032: Total time for which application threads were stopped: 0.0047640 seconds, Stopping threads took: 0.0000680 seconds
129.110: Application time: 0.0779910 seconds
129.110: [GC129.111: [ParNew: 17126K->17126K(18432K), 0.0000100 secs]129.111: [Tenured: 40034K->27923K(40960K), 0.0101910 secs] 57161K->27923K(59392K), [Perm : 6082K->6082K(21248K)], 0.0102520 secs] [Times: user=0.01 sys=0.00, real=0.01 secs] 
129.121: Total time for which application threads were stopped: 0.0103800 seconds, Stopping threads took: 0.0000570 seconds
129.178: Application time: 0.0573030 seconds
129.178: [GC129.178: [ParNew: 15697K->15697K(18432K), 0.0000100 secs]129.178: [Tenured: 27923K->27921K(40960K), 0.0102620 secs] 43621K->27921K(59392K), [Perm : 6082K->6082K(21248K)], 0.0103230 secs] [Times: user=0.01 sys=0.00, real=0.01 secs] 
129.189: Total time for which application threads were stopped: 0.0104570 seconds, Stopping threads took: 0.0000660 seconds
129.261: Application time: 0.0721890 seconds
129.261: [GC129.261: [ParNew: 15706K->15706K(18432K), 0.0000110 secs]129.261: [Tenured: 27921K->28635K(40960K), 0.0100650 secs] 43627K->28635K(59392K), [Perm : 6082K->6082K(21248K)], 0.0101250 secs] [Times: user=0.01 sys=0.00, real=0.01 secs] 
129.271: Total time for which application threads were stopped: 0.0103320 seconds, Stopping threads took: 0.0001360 seconds
129.325: Application time: 0.0538440 seconds
129.325: [GC129.325: [ParNew: 15700K->15700K(18432K), 0.0000110 secs]129.325: [Tenured: 28635K->28633K(40960K), 0.0117250 secs] 44335K->28633K(59392K), [Perm : 6082K->6082K(21248K)], 0.0117870 secs] [Times: user=0.01 sys=0.00, real=0.01 secs] 
129.337: Total time for which application threads were stopped: 0.0120190 seconds, Stopping threads took: 0.0001260 seconds
129.405: Application time: 0.0679640 seconds
129.405: [GC129.405: [ParNew: 15689K->15689K(18432K), 0.0000110 secs]129.405: [Tenured: 28633K->30058K(40960K), 0.0101880 secs] 44323K->30058K(59392K), [Perm : 6082K->6082K(21248K)], 0.0102480 secs] [Times: user=0.01 sys=0.00, real=0.01 secs] 
129.415: Total time for which application threads were stopped: 0.0103910 seconds, Stopping threads took: 0.0000730 seconds
129.480: Application time: 0.0644850 seconds
129.480: [GC129.480: [ParNew: 15689K->15689K(18432K), 0.0000110 secs]129.480: [Tenured: 30058K->28633K(40960K), 0.0126560 secs] 45748K->28633K(59392K), [Perm : 6082K->6082K(21248K)], 0.0127190 secs] [Times: user=0.02 sys=0.00, real=0.01 secs] 
129.493: Total time for which application threads were stopped: 0.0129350 seconds, Stopping threads took: 0.0001250 seconds
129.559: Application time: 0.0663760 seconds
129.559: [GC129.559: [ParNew: 15689K->15689K(18432K), 0.0000100 secs]129.559: [Tenured: 28633K->27921K(40960K), 0.0091200 secs] 44323K->27921K(59392K), [Perm : 6082K->6082K(21248K)], 0.0091780 secs] [Times: user=0.01 sys=0.00, real=0.01 secs] 
129.568: Total time for which application threads were stopped: 0.0093100 seconds, Stopping threads took: 0.0000630 seconds
129.631: Application time: 0.0631040 seconds
129.632: [GC129.632: [ParNew: 15691K->15691K(18432K), 0.0000100 secs]129.632: [Tenured: 27921K->27921K(40960K), 0.0090660 secs] 43612K->27921K(59392K), [Perm : 6082K->6082K(21248K)], 0.0091340 secs] [Times: user=0.01 sys=0.00, real=0.01 secs] 
129.641: Total time for which application threads were stopped: 0.0092680 seconds, Stopping threads took: 0.0000670 seconds
129.703: Application time: 0.0621720 seconds
129.703: [GC129.703: [ParNew: 15698K->15698K(18432K), 0.0000110 secs]129.703: [Tenured: 27921K->27922K(40960K), 0.0102900 secs] 43619K->27922K(59392K), [Perm : 6082K->6082K(21248K)], 0.0103490 secs] [Times: user=0.01 sys=0.00, real=0.00 secs] 
129.713: Total time for which application threads were stopped: 0.0104810 seconds, Stopping threads took: 0.0000640 seconds
129.783: Application time: 0.0696150 seconds
129.783: [GC129.783: [ParNew: 15691K->15691K(18432K), 0.0000100 secs]129.783: [Tenured: 27922K->27208K(40960K), 0.0111270 secs] 43614K->27208K(59392K), [Perm : 6082K->6082K(21248K)], 0.0111860 secs] [Times: user=0.02 sys=0.00, real=0.01 secs] 
129.794: Total time for which application threads were stopped: 0.0113550 seconds, Stopping threads took: 0.0001020 seconds
129.838: Application time: 0.0438160 seconds
129.838: [GC129.838: [ParNew: 15689K->15689K(18432K), 0.0000100 secs]129.838: [Tenured: 27208K->27208K(40960K), 0.0098170 secs] 42898K->27208K(59392K), [Perm : 6082K->6082K(21248K)], 0.0098780 secs] [Times: user=0.01 sys=0.00, real=0.01 secs] 
129.848: Total time for which application threads were stopped: 0.0100210 seconds, Stopping threads took: 0.0000610 seconds
129.906: Application time: 0.0573670 seconds
129.906: [GC129.906: [ParNew: 15691K->15691K(18432K), 0.0000090 secs]129.906: [Tenured: 27208K->27208K(40960K), 0.0099330 secs] 42900K->27208K(59392K), [Perm : 6082K->6082K(21248K)], 0.0099940 secs] [Times: user=0.01 sys=0.00, real=0.01 secs] 
129.916: Total time for which application threads were stopped: 0.0101810 seconds, Stopping threads took: 0.0001200 seconds
129.982: Application time: 0.0660660 seconds
129.982: [GC129.982: [ParNew: 15698K->15698K(18432K), 0.0000100 secs]129.982: [Tenured: 27208K->27209K(40960K), 0.0097830 secs] 42907K->27209K(59392K), [Perm : 6082K->6082K(21248K)], 0.0098410 secs] [Times: user=0.01 sys=0.00, real=0.01 secs] 
129.992: Total time for which application threads were stopped: 0.0099850 seconds, Stopping threads took: 0.0000750 seconds
130.055: Application time: 0.0631910 seconds
130.055: [GC130.055: [ParNew: 15690K->15690K(18432K), 0.0000100 secs]130.055: [Tenured: 27209K->26496K(40960K), 0.0114480 secs] 42900K->26496K(59392K), [Perm : 6082K->6082K(21248K)], 0.0115070 secs] [Times: user=0.01 sys=0.00, real=0.01 secs] 
130.067: Total time for which application threads were stopped: 0.0116490 seconds, Stopping threads took: 0.0000720 seconds
130.133: Application time: 0.0664550 seconds
130.133: [GC130.133: [ParNew: 15698K->15698K(18432K), 0.0000100 secs]130.133: [Tenured: 26496K->26497K(40960K), 0.0091450 secs] 42195K->26497K(59392K), [Perm : 6082K->6082K(21248K)], 0.0092010 secs] [Times: user=0.01 sys=0.00, real=0.02 secs] 
130.142: Total time for which application threads were stopped: 0.0093360 seconds, Stopping threads took: 0.0000700 seconds
130.174: Application time: 0.0311800 seconds
130.174: [GC130.174: [ParNew: 15707K->15707K(18432K), 0.0000090 secs]130.174: [Tenured: 26497K->24359K(40960K), 0.0108220 secs] 42204K->24359K(59392K), [Perm : 6082K->6082K(21248K)], 0.0108810 secs] [Times: user=0.01 sys=0.00, real=0.02 secs] 
130.185: Total time for which application threads were stopped: 0.0110350 seconds, Stopping threads took: 0.0000870 seconds
130.240: Application time: 0.0557790 seconds
130.241: [GC130.241: [ParNew: 15697K->1431K(18432K), 0.0054190 secs] 40056K->36478K(59392K), 0.0054600 secs] [Times: user=0.04 sys=0.00, real=0.01 secs] 
130.246: Total time for which application threads were stopped: 0.0055970 seconds, Stopping threads took: 0.0000720 seconds
130.310: Application time: 0.0637150 seconds
130.310: [GC130.310: [ParNew: 17132K->17132K(18432K), 0.0000100 secs]130.310: [Tenured: 35047K->24359K(40960K), 0.0108040 secs] 52180K->24359K(59392K), [Perm : 6082K->6082K(21248K)], 0.0108730 secs] [Times: user=0.01 sys=0.00, real=0.01 secs] 
130.321: Total time for which application threads were stopped: 0.0110400 seconds, Stopping threads took: 0.0000980 seconds
130.350: Application time: 0.0288420 seconds
130.350: [GC130.350: [ParNew: 15688K->1425K(18432K), 0.0036420 secs] 40047K->36472K(59392K), 0.0036860 secs] [Times: user=0.03 sys=0.01, real=0.00 secs] 
130.354: Total time for which application threads were stopped: 0.0038850 seconds, Stopping threads took: 0.0001240 seconds
130.415: Application time: 0.0619300 seconds
130.416: [GC130.416: [ParNew: 17113K->17113K(18432K), 0.0000110 secs]130.416: [Tenured: 35047K->25072K(40960K), 0.0113640 secs] 52161K->25072K(59392K), [Perm : 6082K->6082K(21248K)], 0.0114250 secs] [Times: user=0.02 sys=0.00, real=0.01 secs] 
130.427: Total time for which application threads were stopped: 0.0115770 seconds, Stopping threads took: 0.0000820 seconds
130.486: Application time: 0.0585990 seconds
130.486: [GC130.486: [ParNew: 15688K->1425K(18432K), 0.0035760 secs] 40760K->37185K(59392K), 0.0036170 secs] [Times: user=0.03 sys=0.00, real=0.00 secs] 
130.489: Total time for which application threads were stopped: 0.0037730 seconds, Stopping threads took: 0.0000930 seconds
130.525: Application time: 0.0356680 seconds
130.525: [GC130.525: [ParNew: 17113K->17113K(18432K), 0.0000100 secs]130.525: [Tenured: 35760K->25072K(40960K), 0.0091700 secs] 52874K->25072K(59392K), [Perm : 6082K->6082K(21248K)], 0.0092280 secs] [Times: user=0.01 sys=0.00, real=0.01 secs] 
130.534: Total time for which application threads were stopped: 0.0093670 seconds, Stopping threads took: 0.0000700 seconds
130.591: Application time: 0.0560980 seconds
130.591: [GC130.591: [ParNew: 15688K->1425K(18432K), 0.0036560 secs] 40761K->37186K(59392K), 0.0036950 secs] [Times: user=0.02 sys=0.00, real=0.01 secs] 
130.594: Total time for which application threads were stopped: 0.0038530 seconds, Stopping threads took: 0.0000940 seconds
130.659: Application time: 0.0645540 seconds
130.659: [GC130.659: [ParNew: 17113K->17113K(18432K), 0.0000110 secs]130.659: [Tenured: 35761K->25072K(40960K), 0.0106710 secs] 52874K->25072K(59392K), [Perm : 6082K->6082K(21248K)], 0.0107320 secs] [Times: user=0.01 sys=0.00, real=0.01 secs] 
130.670: Total time for which application threads were stopped: 0.0108900 seconds, Stopping threads took: 0.0000890 seconds
130.694: Application time: 0.0237180 seconds
130.694: [GC130.694: [ParNew: 15695K->1433K(18432K), 0.0036860 secs] 40767K->37194K(59392K), 0.0037250 secs] [Times: user=0.03 sys=0.00, real=0.01 secs] 
130.697: Total time for which application threads were stopped: 0.0038610 seconds, Stopping threads took: 0.0000750 seconds
130.765: Application time: 0.0677710 seconds
130.765: [GC130.765: [ParNew: 17122K->17122K(18432K), 0.0000100 secs]130.765: [Tenured: 35761K->25786K(40960K), 0.0100460 secs] 52883K->25786K(59392K), [Perm : 6082K->6082K(21248K)], 0.0101030 secs] [Times: user=0.01 sys=0.00, real=0.01 secs] 
130.776: Total time for which application threads were stopped: 0.0102650 seconds, Stopping threads took: 0.0000950 seconds
130.840: Application time: 0.0649260 seconds
130.842: [GC130.842: [ParNew: 15690K->15690K(18432K), 0.0000100 secs]130.842: [Tenured: 25786K->24360K(40960K), 0.0105690 secs] 41476K->24360K(59392K), [Perm : 6082K->6082K(21248K)], 0.0106300 secs] [Times: user=0.01 sys=0.00, real=0.00 secs] 
130.853: Total time for which application threads were stopped: 0.0125670 seconds, Stopping threads took: 0.0018670 seconds
130.907: Application time: 0.0539710 seconds
130.907: [GC130.907: [ParNew: 15690K->1427K(18432K), 0.0039430 secs] 40050K->37188K(59392K), 0.0039870 secs] [Times: user=0.03 sys=0.00, real=0.00 secs] 
130.911: Total time for which application threads were stopped: 0.0041380 seconds, Stopping threads took: 0.0000750 seconds
130.939: Application time: 0.0275490 seconds
130.939: [GC130.939: [ParNew: 17116K->17116K(18432K), 0.0000110 secs]130.939: [Tenured: 35761K->26497K(40960K), 0.0092880 secs] 52877K->26497K(59392K), [Perm : 6082K->6082K(21248K)], 0.0093570 secs] [Times: user=0.01 sys=0.00, real=0.01 secs] 
130.948: Total time for which application threads were stopped: 0.0094910 seconds, Stopping threads took: 0.0000610 seconds
131.020: Application time: 0.0716500 seconds
131.020: [GC131.020: [ParNew: 15695K->15695K(18432K), 0.0000110 secs]131.020: [Tenured: 26497K->25786K(40960K), 0.0106330 secs] 42193K->25786K(59392K), [Perm : 6082K->6082K(21248K)], 0.0106940 secs] [Times: user=0.01 sys=0.00, real=0.01 secs] 
131.031: Total time for which application threads were stopped: 0.0108490 seconds, Stopping threads took: 0.0000870 seconds
131.082: Application time: 0.0516930 seconds
131.082: [GC131.082: [ParNew: 15688K->15688K(18432K), 0.0000100 secs]131.083: [Tenured: 25786K->26498K(40960K), 0.0100440 secs] 41475K->26498K(59392K), [Perm : 6082K->6082K(21248K)], 0.0101050 secs] [Times: user=0.01 sys=0.00, real=0.00 secs] 
131.093: Total time for which application threads were stopped: 0.0102400 seconds, Stopping threads took: 0.0000630 seconds
131.124: Application time: 0.0318540 seconds
131.125: [GC131.125: [ParNew: 15695K->15695K(18432K), 0.0000110 secs]131.125: [Tenured: 26498K->26498K(40960K), 0.0108480 secs] 42194K->26498K(59392K), [Perm : 6082K->6082K(21248K)], 0.0109080 secs] [Times: user=0.01 sys=0.00, real=0.01 secs] 
131.136: Total time for which application threads were stopped: 0.0110460 seconds, Stopping threads took: 0.0000670 seconds
131.201: Application time: 0.0653110 seconds
131.201: [GC131.201: [ParNew: 15695K->15695K(18432K), 0.0000100 secs]131.201: [Tenured: 26498K->27923K(40960K), 0.0102470 secs] 42193K->27923K(59392K), [Perm : 6082K->6082K(21248K)], 0.0103090 secs] [Times: user=0.01 sys=0.00, real=0.01 secs] 
131.211: Total time for which application threads were stopped: 0.0104990 seconds, Stopping threads took: 0.0001090 seconds
131.264: Application time: 0.0528210 seconds
131.264: [GC131.264: [ParNew: 15695K->15695K(18432K), 0.0000100 secs]131.264: [Tenured: 27923K->27924K(40960K), 0.0094510 secs] 43619K->27924K(59392K), [Perm : 6082K->6082K(21248K)], 0.0095110 secs] [Times: user=0.01 sys=0.00, real=0.00 secs] 
131.274: Total time for which application threads were stopped: 0.0096390 seconds, Stopping threads took: 0.0000600 seconds
131.314: Application time: 0.0399930 seconds
131.314: [GC131.314: [ParNew: 15682K->15682K(18432K), 0.0000100 secs]131.314: [Tenured: 27924K->26537K(40960K), 0.0090420 secs] 43607K->26537K(59392K), [Perm : 6082K->6082K(21248K)], 0.0090950 secs] [Times: user=0.00 sys=0.00, real=0.02 secs] 
131.323: Total time for which application threads were stopped: 0.0092770 seconds, Stopping threads took: 0.0001130 seconds
131.332: Application time: 0.0088030 seconds
131.332: [GC131.332: [ParNew: 15727K->15727K(18432K), 0.0000110 secs]131.332: [Tenured: 26537K->27922K(40960K), 0.0121000 secs] 42265K->27922K(59392K), [Perm : 6082K->6082K(21248K)], 0.0121630 secs] [Times: user=0.02 sys=0.00, real=0.02 secs] 
131.344: Total time for which application threads were stopped: 0.0124070 seconds, Stopping threads took: 0.0001710 seconds
131.352: Application time: 0.0076600 seconds
131.352: [GC131.352: [ParNew: 15683K->15683K(18432K), 0.0000110 secs]131.352: [Tenured: 27922K->29348K(40960K), 0.0062640 secs] 43606K->29348K(59392K), [Perm : 6082K->6082K(21248K)], 0.0063210 secs] [Times: user=0.00 sys=0.00, real=0.01 secs] 
131.358: Total time for which application threads were stopped: 0.0064690 seconds, Stopping threads took: 0.0000810 seconds
131.362: Application time: 0.0038140 seconds
131.362: [GC131.362: [ParNew: 15677K->15677K(18432K), 0.0000110 secs]131.362: [Tenured: 29348K->30773K(40960K), 0.0068590 secs] 45026K->30773K(59392K), [Perm : 6082K->6082K(21248K)], 0.0069200 secs] [Times: user=0.00 sys=0.00, real=0.00 secs] 
131.369: Total time for which application threads were stopped: 0.0071720 seconds, Stopping threads took: 0.0001820 seconds
131.377: Application time: 0.0077880 seconds
131.377: [GC131.377: [ParNew: 15685K->15685K(18432K), 0.0000110 secs]131.377: [Tenured: 30773K->28635K(40960K), 0.0068150 secs] 46459K->28635K(59392K), [Perm : 6082K->6082K(21248K)], 0.0068770 secs] [Times: user=0.01 sys=0.00, real=0.01 secs] 
131.384: Total time for which application threads were stopped: 0.0070520 seconds, Stopping threads took: 0.0001090 seconds
131.390: Application time: 0.0061140 seconds
131.391: [GC131.391: [ParNew: 15682K->15682K(18432K), 0.0000100 secs]131.391: [Tenured: 28635K->26497K(40960K), 0.0096430 secs] 44318K->26497K(59392K), [Perm : 6082K->6082K(21248K)], 0.0097040 secs] [Times: user=0.01 sys=0.00, real=0.01 secs] 
131.400: Total time for which application threads were stopped: 0.0099200 seconds, Stopping threads took: 0.0001460 seconds
131.407: Application time: 0.0066420 seconds
131.407: [GC131.407: [ParNew: 15682K->15682K(18432K), 0.0000100 secs]131.407: [Tenured: 26497K->28635K(40960K), 0.0072410 secs] 42180K->28635K(59392K), [Perm : 6082K->6082K(21248K)], 0.0073010 secs] [Times: user=0.01 sys=0.00, real=0.01 secs] 
131.414: Total time for which application threads were stopped: 0.0075630 seconds, Stopping threads took: 0.0001950 seconds
131.418: Application time: 0.0036480 seconds
131.418: [GC131.418: [ParNew: 15688K->15688K(18432K), 0.0000100 secs]131.418: [Tenured: 28635K->30061K(40960K), 0.0061760 secs] 44324K->30061K(59392K), [Perm : 6082K->6082K(21248K)], 0.0062340 secs] [Times: user=0.01 sys=0.00, real=0.01 secs] 
131.425: Total time for which application threads were stopped: 0.0064160 seconds, Stopping threads took: 0.0000910 seconds
131.428: Application time: 0.0038640 seconds
131.429: [GC131.429: [ParNew: 15680K->15680K(18432K), 0.0000100 secs]131.429: [Tenured: 30061K->28635K(40960K), 0.0097580 secs] 45742K->28635K(59392K), [Perm : 6082K->6082K(21248K)], 0.0098180 secs] [Times: user=0.01 sys=0.00, real=0.01 secs] 
131.438: Total time for which application threads were stopped: 0.0099600 seconds, Stopping threads took: 0.0000710 seconds
131.456: Application time: 0.0173500 seconds
131.456: [GC131.456: [ParNew: 15692K->15692K(18432K), 0.0000110 secs]131.456: [Tenured: 28635K->27210K(40960K), 0.0092430 secs] 44328K->27210K(59392K), [Perm : 6082K->6082K(21248K)], 0.0093030 secs] [Times: user=0.01 sys=0.00, real=0.01 secs] 
131.465: Total time for which application threads were stopped: 0.0094990 seconds, Stopping threads took: 0.0001290 seconds
131.482: Application time: 0.0170330 seconds
131.482: [GC131.482: [ParNew: 15715K->15715K(18432K), 0.0000100 secs]131.482: [Tenured: 27210K->28664K(40960K), 0.0088210 secs] 42925K->28664K(59392K), [Perm : 6082K->6082K(21248K)], 0.0088820 secs] [Times: user=0.01 sys=0.00, real=0.00 secs] 
131.491: Total time for which application threads were stopped: 0.0090750 seconds, Stopping threads took: 0.0001200 seconds
131.500: Application time: 0.0082820 seconds
131.500: [GC131.500: [ParNew: 15683K->15683K(18432K), 0.0000110 secs]131.500: [Tenured: 28664K->29378K(40960K), 0.0065240 secs] 44348K->29378K(59392K), [Perm : 6082K->6082K(21248K)], 0.0065820 secs] [Times: user=0.00 sys=0.00, real=0.01 secs] 
131.506: Total time for which application threads were stopped: 0.0067670 seconds, Stopping threads took: 0.0001170 seconds
131.510: Application time: 0.0039930 seconds
131.511: [GC131.511: [ParNew: 15677K->15677K(18432K), 0.0000100 secs]131.511: [Tenured: 29378K->29378K(40960K), 0.0059970 secs] 45055K->29378K(59392K), [Perm : 6082K->6082K(21248K)], 0.0060500 secs] [Times: user=0.00 sys=0.00, real=0.01 secs] 
131.517: Total time for which application threads were stopped: 0.0061930 seconds, Stopping threads took: 0.0000780 seconds
131.523: Application time: 0.0065930 seconds
131.523: [GC131.523: [ParNew: 15685K->15685K(18432K), 0.0000100 secs]131.523: [Tenured: 29378K->27210K(40960K), 0.0102250 secs] 45063K->27210K(59392K), [Perm : 6082K->6082K(21248K)], 0.0102830 secs] [Times: user=0.02 sys=0.00, real=0.00 secs] 
131.534: Total time for which application threads were stopped: 0.0104230 seconds, Stopping threads took: 0.0000690 seconds
131.539: Application time: 0.0058210 seconds
131.540: [GC131.540: [ParNew: 15682K->15682K(18432K), 0.0000100 secs]131.540: [Tenured: 27210K->25785K(40960K), 0.0094130 secs] 42893K->25785K(59392K), [Perm : 6082K->6082K(21248K)], 0.0094830 secs] [Times: user=0.01 sys=0.00, real=0.01 secs] 
131.549: Total time for which application threads were stopped: 0.0097400 seconds, Stopping threads took: 0.0001870 seconds
131.556: Application time: 0.0070590 seconds
131.556: [GC131.556: [ParNew: 15682K->15682K(18432K), 0.0000110 secs]131.556: [Tenured: 25785K->27923K(40960K), 0.0069720 secs] 41467K->27923K(59392K), [Perm : 6082K->6082K(21248K)], 0.0070280 secs] [Times: user=0.00 sys=0.00, real=0.01 secs] 
131.563: Total time for which application threads were stopped: 0.0071990 seconds, Stopping threads took: 0.0001030 seconds
131.568: Application time: 0.0048240 seconds
131.569: [GC131.569: [ParNew: 15688K->15688K(18432K), 0.0000110 secs]131.569: [Tenured: 27923K->29349K(40960K), 0.0075670 secs] 43612K->29349K(59392K), [Perm : 6082K->6082K(21248K)], 0.0076200 secs] [Times: user=0.01 sys=0.00, real=0.01 secs] 
131.576: Total time for which application threads were stopped: 0.0079040 seconds, Stopping threads took: 0.0001980 seconds
131.580: Application time: 0.0037680 seconds
131.580: [GC131.580: [ParNew: 15680K->15680K(18432K), 0.0000110 secs]131.580: [Tenured: 29349K->27923K(40960K), 0.0105330 secs] 45030K->27923K(59392K), [Perm : 6082K->6082K(21248K)], 0.0105940 secs] [Times: user=0.01 sys=0.00, real=0.01 secs] 
131.591: Total time for which application threads were stopped: 0.0108090 seconds, Stopping threads took: 0.0001440 seconds
131.606: Application time: 0.0149210 seconds
131.606: [GC131.606: [ParNew: 15692K->15692K(18432K), 0.0000110 secs]131.606: [Tenured: 27923K->27210K(40960K), 0.0092520 secs] 43615K->27210K(59392K), [Perm : 6082K->6082K(21248K)], 0.0093100 secs] [Times: user=0.01 sys=0.00, real=0.01 secs] 
131.615: Total time for which application threads were stopped: 0.0094840 seconds, Stopping threads took: 0.0001070 seconds
131.677: Application time: 0.0622080 seconds
131.677: [GC131.677: [ParNew: 15688K->15688K(18432K), 0.0000100 secs]131.678: [Tenured: 27210K->28635K(40960K), 0.0101530 secs] 42898K->28635K(59392K), [Perm : 6082K->6082K(21248K)], 0.0102120 secs] [Times: user=0.01 sys=0.00, real=0.01 secs] 
131.688: Total time for which application threads were stopped: 0.0103500 seconds, Stopping threads took: 0.0000660 seconds
131.744: Application time: 0.0564670 seconds
131.744: [GC131.744: [ParNew: 15688K->15688K(18432K), 0.0000110 secs]131.744: [Tenured: 28635K->28635K(40960K), 0.0106750 secs] 44323K->28635K(59392K), [Perm : 6082K->6082K(21248K)], 0.0107360 secs] [Times: user=0.01 sys=0.00, real=0.01 secs] 
131.755: Total time for which application threads were stopped: 0.0108990 seconds, Stopping threads took: 0.0000920 seconds
131.797: Application time: 0.0416800 seconds
131.797: [GC131.797: [ParNew: 15690K->15690K(18432K), 0.0000110 secs]131.797: [Tenured: 28635K->27922K(40960K), 0.0097470 secs] 44325K->27922K(59392K), [Perm : 6082K->6082K(21248K)], 0.0098080 secs] [Times: user=0.00 sys=0.00, real=0.01 secs] 
131.807: Total time for which application threads were stopped: 0.0099790 seconds, Stopping threads took: 0.0001020 seconds
131.864: Application time: 0.0575990 seconds
131.864: [GC131.864: [ParNew: 16382K->16382K(18432K), 0.0000100 secs]131.864: [Tenured: 27922K->27244K(40960K), 0.0098790 secs] 44305K->27244K(59392K), [Perm : 6082K->6082K(21248K)], 0.0099370 secs] [Times: user=0.01 sys=0.00, real=0.01 secs] 
131.874: Total time for which application threads were stopped: 0.0100740 seconds, Stopping threads took: 0.0000680 seconds
131.884: Application time: 0.0093100 seconds
131.884: [GC131.884: [ParNew: 15733K->15733K(18432K), 0.0000110 secs]131.884: [Tenured: 27244K->28664K(40960K), 0.0104540 secs] 42977K->28664K(59392K), [Perm : 6082K->6082K(21248K)], 0.0105160 secs] [Times: user=0.01 sys=0.00, real=0.01 secs] 
131.895: Total time for which application threads were stopped: 0.0108130 seconds, Stopping threads took: 0.0002150 seconds
131.902: Application time: 0.0078790 seconds
131.903: [GC131.903: [ParNew: 15685K->15685K(18432K), 0.0000110 secs]131.903: [Tenured: 28664K->27951K(40960K), 0.0093200 secs] 44350K->27951K(59392K), [Perm : 6082K->6082K(21248K)], 0.0093810 secs] [Times: user=0.01 sys=0.00, real=0.00 secs] 
131.912: Total time for which application threads were stopped: 0.0097250 seconds, Stopping threads took: 0.0002520 seconds
131.916: Application time: 0.0040490 seconds
131.916: [GC131.916: [ParNew: 15679K->15679K(18432K), 0.0000100 secs]131.916: [Tenured: 27951K->27922K(40960K), 0.0112310 secs] 43631K->27922K(59392K), [Perm : 6082K->6082K(21248K)], 0.0112940 secs] [Times: user=0.01 sys=0.00, real=0.01 secs] 
131.928: Total time for which application threads were stopped: 0.0115660 seconds, Stopping threads took: 0.0001800 seconds
131.935: Application time: 0.0070380 seconds
131.935: [GC131.935: [ParNew: 15685K->15685K(18432K), 0.0000100 secs]131.935: [Tenured: 27922K->28635K(40960K), 0.0061910 secs] 43607K->28635K(59392K), [Perm : 6082K->6082K(21248K)], 0.0062460 secs] [Times: user=0.01 sys=0.00, real=0.00 secs] 
131.941: Total time for which application threads were stopped: 0.0063960 seconds, Stopping threads took: 0.0000750 seconds
131.948: Application time: 0.0064480 seconds
131.948: [GC131.948: [ParNew: 15678K->15678K(18432K), 0.0000100 secs]131.948: [Tenured: 28635K->28635K(40960K), 0.0068770 secs] 44314K->28635K(59392K), [Perm : 6082K->6082K(21248K)], 0.0069320 secs] [Times: user=0.01 sys=0.00, real=0.01 secs] 
131.955: Total time for which application threads were stopped: 0.0072130 seconds, Stopping threads took: 0.0002150 seconds
131.962: Application time: 0.0067600 seconds
131.962: [GC131.962: [ParNew: 15686K->15686K(18432K), 0.0000100 secs]131.962: [Tenured: 28635K->29349K(40960K), 0.0061060 secs] 44322K->29349K(59392K), [Perm : 6082K->6082K(21248K)], 0.0061610 secs] [Times: user=0.01 sys=0.00, real=0.01 secs] 
131.968: Total time for which application threads were stopped: 0.0063210 seconds, Stopping threads took: 0.0000940 seconds
131.972: Application time: 0.0039560 seconds
131.972: [GC131.972: [ParNew: 15680K->15680K(18432K), 0.0000110 secs]131.972: [Tenured: 29349K->27922K(40960K), 0.0083560 secs] 45029K->27922K(59392K), [Perm : 6082K->6082K(21248K)], 0.0084150 secs] [Times: user=0.01 sys=0.00, real=0.01 secs] 
131.981: Total time for which application threads were stopped: 0.0086020 seconds, Stopping threads took: 0.0001190 seconds
131.985: Application time: 0.0042570 seconds
131.985: [GC131.985: [ParNew: 15680K->15680K(18432K), 0.0000110 secs]131.985: [Tenured: 27922K->27922K(40960K), 0.0107200 secs] 43603K->27922K(59392K), [Perm : 6082K->6082K(21248K)], 0.0107820 secs] [Times: user=0.01 sys=0.00, real=0.01 secs] 
131.996: Total time for which application threads were stopped: 0.0110130 seconds, Stopping threads took: 0.0001390 seconds
132.015: Application time: 0.0189650 seconds
132.015: [GC132.015: [ParNew: 15694K->15694K(18432K), 0.0000100 secs]132.015: [Tenured: 27922K->27209K(40960K), 0.0101150 secs] 43617K->27209K(59392K), [Perm : 6082K->6082K(21248K)], 0.0101730 secs] [Times: user=0.01 sys=0.00, real=0.01 secs] 
132.025: Total time for which application threads were stopped: 0.0103280 seconds, Stopping threads took: 0.0000870 seconds
132.098: Application time: 0.0731740 seconds
132.098: [GC132.098: [ParNew: 15687K->15687K(18432K), 0.0000150 secs]132.100: [Tenured: 27209K->27922K(40960K), 0.0102940 secs] 42897K->27922K(59392K), [Perm : 6082K->6082K(21248K)], 0.0118980 secs] [Times: user=0.01 sys=0.00, real=0.01 secs] 
132.110: Total time for which application threads were stopped: 0.0120410 seconds, Stopping threads took: 0.0000740 seconds
132.167: Application time: 0.0570430 seconds
132.168: [GC132.168: [ParNew: 15687K->15687K(18432K), 0.0000110 secs]132.168: [Tenured: 27922K->27209K(40960K), 0.0106490 secs] 43610K->27209K(59392K), [Perm : 6082K->6082K(21248K)], 0.0107090 secs] [Times: user=0.02 sys=0.00, real=0.01 secs] 
132.178: Total time for which application threads were stopped: 0.0110670 seconds, Stopping threads took: 0.0002600 seconds
132.218: Application time: 0.0397550 seconds
132.218: [GC132.218: [ParNew: 15689K->15689K(18432K), 0.0000100 secs]132.218: [Tenured: 27209K->27921K(40960K), 0.0099310 secs] 42899K->27921K(59392K), [Perm : 6082K->6082K(21248K)], 0.0099930 secs] [Times: user=0.01 sys=0.00, real=0.01 secs] 
132.228: Total time for which application threads were stopped: 0.0102580 seconds, Stopping threads took: 0.0001970 seconds
132.279: Application time: 0.0501370 seconds
132.279: [GC132.279: [ParNew: 15717K->15717K(18432K), 0.0000110 secs]132.279: [Tenured: 27921K->28663K(40960K), 0.0100980 secs] 43639K->28663K(59392K), [Perm : 6082K->6082K(21248K)], 0.0101600 secs] [Times: user=0.01 sys=0.00, real=0.01 secs] 
132.289: Total time for which application threads were stopped: 0.0103500 seconds, Stopping threads took: 0.0001080 seconds
132.295: Application time: 0.0059510 seconds
132.295: [GC132.295: [ParNew: 15683K->15683K(18432K), 0.0000110 secs]132.295: [Tenured: 28663K->28663K(40960K), 0.0100300 secs] 44347K->28663K(59392K), [Perm : 6082K->6082K(21248K)], 0.0100920 secs] [Times: user=0.01 sys=0.00, real=0.01 secs] 
132.305: Total time for which application threads were stopped: 0.0103330 seconds, Stopping threads took: 0.0001560 seconds
132.312: Application time: 0.0068680 seconds
132.312: [GC132.312: [ParNew: 15685K->15685K(18432K), 0.0000110 secs]132.312: [Tenured: 28663K->27921K(40960K), 0.0114670 secs] 44349K->27921K(59392K), [Perm : 6082K->6082K(21248K)], 0.0115260 secs] [Times: user=0.01 sys=0.00, real=0.02 secs] 
132.324: Total time for which application threads were stopped: 0.0116710 seconds, Stopping threads took: 0.0000720 seconds
132.328: Application time: 0.0045380 seconds
132.328: [GC132.328: [ParNew: 15677K->15677K(18432K), 0.0000100 secs]132.328: [Tenured: 27921K->28634K(40960K), 0.0065090 secs] 43599K->28634K(59392K), [Perm : 6082K->6082K(21248K)], 0.0065630 secs] [Times: user=0.00 sys=0.00, real=0.01 secs] 
132.335: Total time for which application threads were stopped: 0.0067030 seconds, Stopping threads took: 0.0000760 seconds
132.341: Application time: 0.0060710 seconds
132.341: [GC132.341: [ParNew: 15687K->15687K(18432K), 0.0000110 secs]132.341: [Tenured: 28634K->26496K(40960K), 0.0097560 secs] 44322K->26496K(59392K), [Perm : 6082K->6082K(21248K)], 0.0098150 secs] [Times: user=0.01 sys=0.00, real=0.01 secs] 
132.351: Total time for which application threads were stopped: 0.0100360 seconds, Stopping threads took: 0.0001500 seconds
132.358: Application time: 0.0065760 seconds
132.358: [GC132.358: [ParNew: 15678K->15678K(18432K), 0.0000100 secs]132.358: [Tenured: 26496K->27922K(40960K), 0.0061970 secs] 42175K->27922K(59392K), [Perm : 6082K->6082K(21248K)], 0.0062540 secs] [Times: user=0.01 sys=0.00, real=0.01 secs] 
132.364: Total time for which application threads were stopped: 0.0064160 seconds, Stopping threads took: 0.0000940 seconds
132.371: Application time: 0.0072280 seconds
132.372: [GC132.372: [ParNew: 15686K->15686K(18432K), 0.0000100 secs]132.372: [Tenured: 27922K->27209K(40960K), 0.0070480 secs] 43608K->27209K(59392K), [Perm : 6082K->6082K(21248K)], 0.0071040 secs] [Times: user=0.00 sys=0.00, real=0.01 secs] 
132.379: Total time for which application threads were stopped: 0.0072980 seconds, Stopping threads took: 0.0001150 seconds
132.383: Application time: 0.0040790 seconds
132.383: [GC132.383: [ParNew: 15680K->15680K(18432K), 0.0000110 secs]132.383: [Tenured: 27209K->28634K(40960K), 0.0074690 secs] 42889K->28634K(59392K), [Perm : 6082K->6082K(21248K)], 0.0075220 secs] [Times: user=0.00 sys=0.00, real=0.00 secs] 
132.390: Total time for which application threads were stopped: 0.0077350 seconds, Stopping threads took: 0.0001270 seconds
132.395: Application time: 0.0041860 seconds
132.395: [GC132.395: [ParNew: 15678K->15678K(18432K), 0.0000100 secs]132.395: [Tenured: 28634K->27209K(40960K), 0.0065820 secs] 44313K->27209K(59392K), [Perm : 6082K->6082K(21248K)], 0.0066350 secs] [Times: user=0.00 sys=0.00, real=0.00 secs] 
132.401: Total time for which application threads were stopped: 0.0068140 seconds, Stopping threads took: 0.0001040 seconds
132.441: Application time: 0.0398940 seconds
132.442: [GC132.442: [ParNew: 16296K->16296K(18432K), 0.0000110 secs]132.442: [Tenured: 27209K->24395K(40960K), 0.0094900 secs] 43506K->24395K(59392K), [Perm : 6082K->6082K(21248K)], 0.0095480 secs] [Times: user=0.01 sys=0.00, real=0.01 secs] 
132.451: Total time for which application threads were stopped: 0.0097200 seconds, Stopping threads took: 0.0000840 seconds
132.462: Application time: 0.0107380 seconds
132.462: [GC132.462: [ParNew: 15826K->1433K(18432K), 0.0013490 secs] 40222K->27966K(59392K), 0.0013820 secs] [Times: user=0.01 sys=0.00, real=0.00 secs] 
132.463: Total time for which application threads were stopped: 0.0016340 seconds, Stopping threads took: 0.0001870 seconds
132.471: Application time: 0.0077250 seconds
132.471: [GC132.471: [ParNew: 17116K->17116K(18432K), 0.0000100 secs]132.471: [Tenured: 26532K->25784K(40960K), 0.0110950 secs] 43649K->25784K(59392K), [Perm : 6082K->6082K(21248K)], 0.0111540 secs] [Times: user=0.01 sys=0.00, real=0.02 secs] 
132.483: Total time for which application threads were stopped: 0.0114020 seconds, Stopping threads took: 0.0001590 seconds
132.487: Application time: 0.0039510 seconds
132.487: [GC132.487: [ParNew: 15677K->15677K(18432K), 0.0000100 secs]132.487: [Tenured: 25784K->26496K(40960K), 0.0059860 secs] 41461K->26496K(59392K), [Perm : 6082K->6082K(21248K)], 0.0060420 secs] [Times: user=0.01 sys=0.00, real=0.00 secs] 
132.493: Total time for which application threads were stopped: 0.0061770 seconds, Stopping threads took: 0.0000660 seconds
132.499: Application time: 0.0065080 seconds
132.499: [GC132.499: [ParNew: 15685K->15685K(18432K), 0.0000100 secs]132.499: [Tenured: 26496K->26496K(40960K), 0.0071780 secs] 42182K->26496K(59392K), [Perm : 6082K->6082K(21248K)], 0.0072350 secs] [Times: user=0.01 sys=0.00, real=0.01 secs] 
132.507: Total time for which application threads were stopped: 0.0074310 seconds, Stopping threads took: 0.0001280 seconds
132.514: Application time: 0.0073270 seconds
132.514: [GC132.514: [ParNew: 15679K->15679K(18432K), 0.0000100 secs]132.514: [Tenured: 26496K->25784K(40960K), 0.0065070 secs] 42175K->25784K(59392K), [Perm : 6082K->6082K(21248K)], 0.0065650 secs] [Times: user=0.00 sys=0.00, real=0.00 secs] 
132.521: Total time for which application threads were stopped: 0.0067610 seconds, Stopping threads took: 0.0001280 seconds
132.527: Application time: 0.0057920 seconds
132.527: [GC132.527: [ParNew: 15688K->15688K(18432K), 0.0000100 secs]132.527: [Tenured: 25784K->26497K(40960K), 0.0098140 secs] 41472K->26497K(59392K), [Perm : 6082K->6082K(21248K)], 0.0098760 secs] [Times: user=0.01 sys=0.00, real=0.01 secs] 
132.537: Total time for which application threads were stopped: 0.0100840 seconds, Stopping threads took: 0.0001350 seconds
132.540: Application time: 0.0035850 seconds
132.540: [GC132.540: [ParNew: 15680K->15680K(18432K), 0.0000100 secs]132.540: [Tenured: 26497K->27209K(40960K), 0.0068720 secs] 42177K->27209K(59392K), [Perm : 6082K->6082K(21248K)], 0.0069280 secs] [Times: user=0.01 sys=0.00, real=0.01 secs] 
132.547: Total time for which application threads were stopped: 0.0071250 seconds, Stopping threads took: 0.0001290 seconds
132.551: Application time: 0.0040730 seconds
132.552: [GC132.552: [ParNew: 15762K->15762K(18432K), 0.0000100 secs]132.552: [Tenured: 27209K->24389K(40960K), 0.0090880 secs] 42972K->24389K(59392K), [Perm : 6082K->6082K(21248K)], 0.0091500 secs] [Times: user=0.01 sys=0.00, real=0.01 secs] 
132.561: Total time for which application threads were stopped: 0.0093160 seconds, Stopping threads took: 0.0000950 seconds
132.575: Application time: 0.0144030 seconds
132.576: [GC132.576: [ParNew: 16357K->1439K(18432K), 0.0019240 secs] 40746K->30103K(59392K), 0.0019620 secs] [Times: user=0.02 sys=0.00, real=0.00 secs] 
132.578: Total time for which application threads were stopped: 0.0026230 seconds, Stopping threads took: 0.0005790 seconds
132.584: Application time: 0.0063110 seconds
132.584: [GC132.584: [ParNew: 17120K->17120K(18432K), 0.0000110 secs]132.584: [Tenured: 28664K->25813K(40960K), 0.0102000 secs] 45785K->25813K(59392K), [Perm : 6082K->6082K(21248K)], 0.0102690 secs] [Times: user=0.01 sys=0.00, real=0.01 secs] 
132.595: Total time for which application threads were stopped: 0.0105750 seconds, Stopping threads took: 0.0002160 seconds
132.601: Application time: 0.0059600 seconds
132.601: [GC132.601: [ParNew: 15685K->15685K(18432K), 0.0000100 secs]132.601: [Tenured: 25813K->23645K(40960K), 0.0099040 secs] 41498K->23645K(59392K), [Perm : 6082K->6082K(21248K)], 0.0099620 secs] [Times: user=0.01 sys=0.00, real=0.01 secs] 
132.611: Total time for which application threads were stopped: 0.0103750 seconds, Stopping threads took: 0.0003330 seconds
132.615: Application time: 0.0041240 seconds
132.615: [GC132.615: [ParNew: 16166K->760K(18432K), 0.0005670 secs] 39812K->24406K(59392K), 0.0005960 secs] [Times: user=0.00 sys=0.00, real=0.00 secs] 
132.616: Total time for which application threads were stopped: 0.0008930 seconds, Stopping threads took: 0.0002410 seconds
132.623: Application time: 0.0071270 seconds
132.624: [GC132.624: [ParNew: 16701K->1467K(18432K), 0.0015720 secs] 40347K->27250K(59392K), 0.0016100 secs] [Times: user=0.01 sys=0.00, real=0.00 secs] 
132.626: Total time for which application threads were stopped: 0.0025690 seconds, Stopping threads took: 0.0008970 seconds
132.630: Application time: 0.0044310 seconds
132.631: [GC132.631: [ParNew: 17153K->17153K(18432K), 0.0000100 secs]132.631: [Tenured: 25783K->23675K(40960K), 0.0088690 secs] 42937K->23675K(59392K), [Perm : 6082K->6082K(21248K)], 0.0089260 secs] [Times: user=0.01 sys=0.00, real=0.01 secs] 
132.640: Total time for which application threads were stopped: 0.0094910 seconds, Stopping threads took: 0.0004850 seconds
132.645: Application time: 0.0052800 seconds
132.645: [GC132.645: [ParNew: 15680K->1427K(18432K), 0.0007490 secs] 39356K->25102K(59392K), 0.0007770 secs] [Times: user=0.00 sys=0.00, real=0.00 secs] 
132.646: Total time for which application threads were stopped: 0.0009150 seconds, Stopping threads took: 0.0000820 seconds
132.651: Application time: 0.0049580 seconds
132.651: [GC132.651: [ParNew: 17114K->1435K(18432K), 0.0007810 secs] 40790K->25823K(59392K), 0.0008120 secs] [Times: user=0.01 sys=0.00, real=0.00 secs] 
132.652: Total time for which application threads were stopped: 0.0009800 seconds, Stopping threads took: 0.0001120 seconds
132.656: Application time: 0.0037470 seconds
132.656: [GC132.656: [ParNew: 17117K->1427K(18432K), 0.0006600 secs] 41505K->25846K(59392K), 0.0006930 secs] [Times: user=0.00 sys=0.00, real=0.00 secs] 
132.656: Total time for which application threads were stopped: 0.0008290 seconds, Stopping threads took: 0.0000750 seconds
132.660: Application time: 0.0038140 seconds
132.660: [GC132.661: [ParNew: 17109K->1425K(18432K), 0.0013690 secs] 41529K->28695K(59392K), 0.0014030 secs] [Times: user=0.01 sys=0.00, real=0.00 secs] 
132.662: Total time for which application threads were stopped: 0.0017320 seconds, Stopping threads took: 0.0002720 seconds
132.666: Application time: 0.0038230 seconds
132.666: [GC132.666: [ParNew: 17110K->1433K(18432K), 0.0013010 secs] 44380K->30840K(59392K), 0.0013350 secs] [Times: user=0.01 sys=0.00, real=0.00 secs] 
132.667: Total time for which application threads were stopped: 0.0014880 seconds, Stopping threads took: 0.0000920 seconds
132.672: Application time: 0.0044180 seconds
132.672: [GC132.672: [ParNew: 17121K->17121K(18432K), 0.0000120 secs]132.672: [Tenured: 29407K->25100K(40960K), 0.0097930 secs] 46528K->25100K(59392K), [Perm : 6082K->6082K(21248K)], 0.0098560 secs] [Times: user=0.01 sys=0.00, real=0.01 secs] 
132.682: Total time for which application threads were stopped: 0.0100250 seconds, Stopping threads took: 0.0000970 seconds
132.689: Application time: 0.0068520 seconds
132.689: [GC132.689: [ParNew: 15689K->1435K(18432K), 0.0019140 secs] 40789K->30810K(59392K), 0.0019500 secs] [Times: user=0.01 sys=0.00, real=0.00 secs] 
132.691: Total time for which application threads were stopped: 0.0021290 seconds, Stopping threads took: 0.0001090 seconds
132.698: Application time: 0.0078220 seconds
132.699: [GC132.699: [ParNew: 17114K->17114K(18432K), 0.0000120 secs]132.699: [Tenured: 29375K->25100K(40960K), 0.0106790 secs] 46489K->25100K(59392K), [Perm : 6082K->6082K(21248K)], 0.0107420 secs] [Times: user=0.01 sys=0.00, real=0.01 secs] 
132.709: Total time for which application threads were stopped: 0.0109930 seconds, Stopping threads took: 0.0001760 seconds
132.716: Application time: 0.0063560 seconds
132.716: [GC132.716: [ParNew: 15688K->1433K(18432K), 0.0012390 secs] 40788K->28671K(59392K), 0.0012680 secs] [Times: user=0.01 sys=0.00, real=0.00 secs] 
132.717: Total time for which application threads were stopped: 0.0014000 seconds, Stopping threads took: 0.0000780 seconds
132.721: Application time: 0.0041510 seconds
132.722: [GC132.722: [ParNew: 17113K->714K(18432K), 0.0008890 secs] 44351K->29401K(59392K), 0.0009170 secs] [Times: user=0.01 sys=0.00, real=0.01 secs] 
132.722: Total time for which application threads were stopped: 0.0010610 seconds, Stopping threads took: 0.0000920 seconds
132.735: Application time: 0.0128000 seconds
132.735: [GC132.735: [ParNew: 16395K->1425K(18432K), 0.0009920 secs] 45082K->31537K(59392K), 0.0010220 secs] [Times: user=0.01 sys=0.00, real=0.00 secs] 
132.736: Total time for which application threads were stopped: 0.0011570 seconds, Stopping threads took: 0.0000780 seconds
132.762: Application time: 0.0255960 seconds
132.762: [GC132.762: [ParNew: 17148K->1469K(18432K), 0.0014230 secs] 47260K->34431K(59392K), 0.0014540 secs] [Times: user=0.01 sys=0.00, real=0.00 secs] 
132.764: Total time for which application threads were stopped: 0.0015820 seconds, Stopping threads took: 0.0000710 seconds
132.771: Application time: 0.0073830 seconds
132.771: [GC132.771: [ParNew: 17148K->17148K(18432K), 0.0000120 secs]132.771: [Tenured: 32962K->22933K(40960K), 0.0109650 secs] 50110K->22933K(59392K), [Perm : 6082K->6082K(21248K)], 0.0110260 secs] [Times: user=0.01 sys=0.00, real=0.02 secs] 
132.782: Total time for which application threads were stopped: 0.0112000 seconds, Stopping threads took: 0.0001030 seconds
132.788: Application time: 0.0057340 seconds
132.788: [GC132.788: [ParNew: 15685K->1439K(18432K), 0.0013450 secs] 38619K->26510K(59392K), 0.0013780 secs] [Times: user=0.01 sys=0.00, real=0.00 secs] 
132.789: Total time for which application threads were stopped: 0.0015290 seconds, Stopping threads took: 0.0000900 seconds
132.793: Application time: 0.0036260 seconds
132.793: [GC132.793: [ParNew: 17120K->1425K(18432K), 0.0021680 secs] 42191K->30811K(59392K), 0.0022030 secs] [Times: user=0.01 sys=0.00, real=0.01 secs] 
132.795: Total time for which application threads were stopped: 0.0023760 seconds, Stopping threads took: 0.0001130 seconds
132.803: Application time: 0.0071920 seconds
132.803: [GC132.803: [ParNew: 17119K->1439K(18432K), 0.0012030 secs] 46505K->32250K(59392K), 0.0012320 secs] [Times: user=0.01 sys=0.00, real=0.00 secs] 
132.804: Total time for which application threads were stopped: 0.0014330 seconds, Stopping threads took: 0.0001280 seconds
132.811: Application time: 0.0066980 seconds
132.811: [GC132.811: [ParNew: 17120K->1429K(18432K), 0.0012120 secs] 47931K->33721K(59392K), 0.0012430 secs] [Times: user=0.01 sys=0.00, real=0.00 secs] 
132.812: Total time for which application threads were stopped: 0.0014600 seconds, Stopping threads took: 0.0001390 seconds
132.818: Application time: 0.0058570 seconds
132.818: [GC132.818: [ParNew: 17117K->1435K(18432K), 0.0013830 secs] 49410K->36586K(59392K), 0.0014150 secs] [Times: user=0.01 sys=0.00, real=0.00 secs] 
132.820: Total time for which application threads were stopped: 0.0015980 seconds, Stopping threads took: 0.0001240 seconds
132.823: Application time: 0.0036540 seconds
132.824: [GC132.824: [ParNew: 17115K->17115K(18432K), 0.0000100 secs]132.824: [Tenured: 35150K->23647K(40960K), 0.0093550 secs] 52266K->23647K(59392K), [Perm : 6082K->6082K(21248K)], 0.0094110 secs] [Times: user=0.01 sys=0.00, real=0.00 secs] 
132.833: Total time for which application threads were stopped: 0.0095940 seconds, Stopping threads took: 0.0001050 seconds
132.837: Application time: 0.0036990 seconds
132.837: [GC132.837: [ParNew: 15678K->712K(18432K), 0.0004820 secs] 39325K->24360K(59392K), 0.0005090 secs] [Times: user=0.01 sys=0.00, real=0.00 secs] 
132.837: Total time for which application threads were stopped: 0.0007060 seconds, Stopping threads took: 0.0001430 seconds
132.896: Application time: 0.0590530 seconds
132.897: [GC132.897: [ParNew: 16410K->1431K(18432K), 0.0040870 secs] 40058K->37903K(59392K), 0.0041300 secs] [Times: user=0.03 sys=0.00, real=0.00 secs] 
132.901: Total time for which application threads were stopped: 0.0042670 seconds, Stopping threads took: 0.0000730 seconds
132.975: Application time: 0.0738320 seconds
132.975: [GC132.975: [ParNew: 17128K->17128K(18432K), 0.0000100 secs]132.975: [Tenured: 36472K->25073K(40960K), 0.0093140 secs] 53601K->25073K(59392K), [Perm : 6082K->6082K(21248K)], 0.0093720 secs] [Times: user=0.01 sys=0.00, real=0.01 secs] 
132.984: Total time for which application threads were stopped: 0.0095060 seconds, Stopping threads took: 0.0000570 seconds
133.041: Application time: 0.0574490 seconds
133.042: [GC133.042: [ParNew: 15691K->1425K(18432K), 0.0046760 secs] 40764K->40748K(59392K), 0.0047200 secs] [Times: user=0.03 sys=0.00, real=0.01 secs] 
133.046: Total time for which application threads were stopped: 0.0048800 seconds, Stopping threads took: 0.0000940 seconds
133.120: Application time: 0.0732830 seconds
133.120: [GC133.120: [ParNew: 17116K->17116K(18432K), 0.0000100 secs]133.120: [Tenured: 39323K->27210K(40960K), 0.0098580 secs] 56440K->27210K(59392K), [Perm : 6082K->6082K(21248K)], 0.0099140 secs] [Times: user=0.01 sys=0.00, real=0.01 secs] 
133.130: Total time for which application threads were stopped: 0.0100420 seconds, Stopping threads took: 0.0000590 seconds
133.202: Application time: 0.0720490 seconds
133.202: [GC133.202: [ParNew: 15697K->15697K(18432K), 0.0000100 secs]133.202: [Tenured: 27210K->24359K(40960K), 0.0108060 secs] 42908K->24359K(59392K), [Perm : 6082K->6082K(21248K)], 0.0108660 secs] [Times: user=0.01 sys=0.00, real=0.01 secs] 
133.213: Total time for which application threads were stopped: 0.0110850 seconds, Stopping threads took: 0.0001310 seconds
133.285: Application time: 0.0719570 seconds
133.285: [GC133.285: [ParNew: 15691K->1425K(18432K), 0.0044130 secs] 40050K->39321K(59392K), 0.0044560 secs] [Times: user=0.04 sys=0.00, real=0.00 secs] 
133.289: Total time for which application threads were stopped: 0.0046190 seconds, Stopping threads took: 0.0000970 seconds
133.353: Application time: 0.0633070 seconds
133.353: [GC133.353: [ParNew: 17116K->17116K(18432K), 0.0000100 secs]133.353: [Tenured: 37896K->26496K(40960K), 0.0091710 secs] 55013K->26496K(59392K), [Perm : 6082K->6082K(21248K)], 0.0092300 secs] [Times: user=0.01 sys=0.00, real=0.02 secs] 
133.362: Total time for which application threads were stopped: 0.0093670 seconds, Stopping threads took: 0.0000710 seconds
133.434: Application time: 0.0714780 seconds
133.434: [GC133.434: [ParNew: 15691K->15691K(18432K), 0.0000100 secs]133.434: [Tenured: 26496K->25784K(40960K), 0.0089570 secs] 42188K->25784K(59392K), [Perm : 6082K->6082K(21248K)], 0.0090120 secs] [Times: user=0.01 sys=0.00, real=0.02 secs] 
133.443: Total time for which application threads were stopped: 0.0091970 seconds, Stopping threads took: 0.0001210 seconds
133.514: Application time: 0.0711150 seconds
133.514: [GC133.514: [ParNew: 15691K->15691K(18432K), 0.0000100 secs]133.514: [Tenured: 25784K->25784K(40960K), 0.0096070 secs] 41475K->25784K(59392K), [Perm : 6082K->6082K(21248K)], 0.0096670 secs] [Times: user=0.01 sys=0.00, real=0.01 secs] 
133.524: Total time for which application threads were stopped: 0.0098370 seconds, Stopping threads took: 0.0000850 seconds
133.588: Application time: 0.0645730 seconds
133.588: [GC133.588: [ParNew: 15697K->15697K(18432K), 0.0000110 secs]133.589: [Tenured: 25784K->26496K(40960K), 0.0108000 secs] 41481K->26496K(59392K), [Perm : 6082K->6082K(21248K)], 0.0108690 secs] [Times: user=0.01 sys=0.00, real=0.01 secs] 
133.599: Total time for which application threads were stopped: 0.0110530 seconds, Stopping threads took: 0.0001130 seconds
133.673: Application time: 0.0741220 seconds
133.674: [GC133.674: [ParNew: 15697K->15697K(18432K), 0.0000100 secs]133.674: [Tenured: 26496K->26497K(40960K), 0.0099190 secs] 42194K->26497K(59392K), [Perm : 6082K->6082K(21248K)], 0.0099760 secs] [Times: user=0.01 sys=0.00, real=0.02 secs] 
133.684: Total time for which application threads were stopped: 0.0101440 seconds, Stopping threads took: 0.0000910 seconds
133.756: Application time: 0.0724590 seconds
133.756: [GC133.756: [ParNew: 15704K->15704K(18432K), 0.0000120 secs]133.756: [Tenured: 26497K->27211K(40960K), 0.0100370 secs] 42201K->27211K(59392K), [Perm : 6082K->6082K(21248K)], 0.0100980 secs] [Times: user=0.01 sys=0.00, real=0.01 secs] 
133.766: Total time for which application threads were stopped: 0.0102390 seconds, Stopping threads took: 0.0000720 seconds
133.817: Application time: 0.0507740 seconds
133.817: [GC133.817: [ParNew: 15700K->15700K(18432K), 0.0000100 secs]133.817: [Tenured: 27211K->27924K(40960K), 0.0100680 secs] 42911K->27924K(59392K), [Perm : 6082K->6082K(21248K)], 0.0101260 secs] [Times: user=0.01 sys=0.00, real=0.01 secs] 
133.827: Total time for which application threads were stopped: 0.0103020 seconds, Stopping threads took: 0.0001080 seconds
133.885: Application time: 0.0571410 seconds
133.885: [GC133.885: [ParNew: 15697K->15697K(18432K), 0.0000110 secs]133.885: [Tenured: 27924K->27921K(40960K), 0.0116600 secs] 43622K->27921K(59392K), [Perm : 6082K->6082K(21248K)], 0.0117210 secs] [Times: user=0.01 sys=0.00, real=0.01 secs] 
133.896: Total time for which application threads were stopped: 0.0118590 seconds, Stopping threads took: 0.0000670 seconds
133.964: Application time: 0.0679780 seconds
133.965: [GC133.965: [ParNew: 15698K->15698K(18432K), 0.0000100 secs]133.965: [Tenured: 27921K->28635K(40960K), 0.0094460 secs] 43619K->28635K(59392K), [Perm : 6082K->6082K(21248K)], 0.0095060 secs] [Times: user=0.01 sys=0.00, real=0.01 secs] 
133.974: Total time for which application threads were stopped: 0.0097360 seconds, Stopping threads took: 0.0001500 seconds
134.044: Application time: 0.0702760 seconds
134.045: [GC134.045: [ParNew: 15691K->15691K(18432K), 0.0000100 secs]134.045: [Tenured: 28635K->29347K(40960K), 0.0099840 secs] 44326K->29347K(59392K), [Perm : 6082K->6082K(21248K)], 0.0100440 secs] [Times: user=0.01 sys=0.00, real=0.01 secs] 
134.055: Total time for which application threads were stopped: 0.0102130 seconds, Stopping threads took: 0.0000810 seconds
134.117: Application time: 0.0621160 seconds
134.117: [GC134.117: [ParNew: 15689K->15689K(18432K), 0.0000110 secs]134.117: [Tenured: 29347K->30060K(40960K), 0.0100470 secs] 45037K->30060K(59392K), [Perm : 6082K->6082K(21248K)], 0.0101060 secs] [Times: user=0.01 sys=0.00, real=0.01 secs] 
134.127: Total time for which application threads were stopped: 0.0103230 seconds, Stopping threads took: 0.0001300 seconds
134.193: Application time: 0.0663250 seconds
134.194: [GC134.194: [ParNew: 15689K->15689K(18432K), 0.0000100 secs]134.194: [Tenured: 30060K->27921K(40960K), 0.0117910 secs] 45749K->27921K(59392K), [Perm : 6082K->6082K(21248K)], 0.0118530 secs] [Times: user=0.02 sys=0.00, real=0.02 secs] 
134.205: Total time for which application threads were stopped: 0.0120310 seconds, Stopping threads took: 0.0001080 seconds
134.280: Application time: 0.0741360 seconds
134.280: [GC134.280: [ParNew: 15698K->15698K(18432K), 0.0000100 secs]134.280: [Tenured: 27921K->27922K(40960K), 0.0098700 secs] 43619K->27922K(59392K), [Perm : 6082K->6082K(21248K)], 0.0099270 secs] [Times: user=0.01 sys=0.00, real=0.01 secs] 
134.290: Total time for which application threads were stopped: 0.0100870 seconds, Stopping threads took: 0.0000940 seconds
134.323: Application time: 0.0331240 seconds
134.323: [GC134.323: [ParNew: 15689K->15689K(18432K), 0.0000110 secs]134.323: [Tenured: 27922K->29347K(40960K), 0.0101910 secs] 43612K->29347K(59392K), [Perm : 6082K->6082K(21248K)], 0.0102620 secs] [Times: user=0.02 sys=0.00, real=0.00 secs] 
134.333: Total time for which application threads were stopped: 0.0103940 seconds, Stopping threads took: 0.0000600 seconds
134.399: Application time: 0.0653380 seconds
134.399: [GC134.399: [ParNew: 15689K->15689K(18432K), 0.0000110 secs]134.399: [Tenured: 29347K->28635K(40960K), 0.0103590 secs] 45037K->28635K(59392K), [Perm : 6082K->6082K(21248K)], 0.0104210 secs] [Times: user=0.01 sys=0.00, real=0.01 secs] 
134.409: Total time for which application threads were stopped: 0.0106320 seconds, Stopping threads took: 0.0001210 seconds
134.468: Application time: 0.0589290 seconds
134.468: [GC134.468: [ParNew: 15689K->15689K(18432K), 0.0000110 secs]134.468: [Tenured: 28635K->27921K(40960K), 0.0110630 secs] 44325K->27921K(59392K), [Perm : 6082K->6082K(21248K)], 0.0111260 secs] [Times: user=0.01 sys=0.00, real=0.01 secs] 
134.479: Total time for which application threads were stopped: 0.0114080 seconds, Stopping threads took: 0.0001930 seconds
134.553: Application time: 0.0732990 seconds
134.553: [GC134.553: [ParNew: 15690K->15690K(18432K), 0.0000100 secs]134.553: [Tenured: 27921K->27209K(40960K), 0.0091700 secs] 43612K->27209K(59392K), [Perm : 6082K->6082K(21248K)], 0.0092280 secs] [Times: user=0.01 sys=0.00, real=0.02 secs] 
134.562: Total time for which application threads were stopped: 0.0093630 seconds, Stopping threads took: 0.0000580 seconds
134.628: Application time: 0.0659190 seconds
134.628: [GC134.628: [ParNew: 15698K->1433K(18432K), 0.0039130 secs] 42908K->40755K(59392K), 0.0039560 secs] [Times: user=0.03 sys=0.00, real=0.00 secs] 
134.632: Total time for which application threads were stopped: 0.0041280 seconds, Stopping threads took: 0.0001050 seconds
134.668: Application time: 0.0354750 seconds
134.668: [GC134.668: [ParNew: 17131K->17131K(18432K), 0.0000110 secs]134.668: [Tenured: 39322K->26497K(40960K), 0.0107400 secs] 56454K->26497K(59392K), [Perm : 6082K->6082K(21248K)], 0.0108010 secs] [Times: user=0.01 sys=0.00, real=0.01 secs] 
134.679: Total time for which application threads were stopped: 0.0109830 seconds, Stopping threads took: 0.0001120 seconds
134.740: Application time: 0.0614420 seconds
134.740: [GC134.740: [ParNew: 15698K->15698K(18432K), 0.0000100 secs]134.740: [Tenured: 26497K->25072K(40960K), 0.0108930 secs] 42196K->25072K(59392K), [Perm : 6082K->6082K(21248K)], 0.0109540 secs] [Times: user=0.01 sys=0.00, real=0.01 secs] 
134.751: Total time for which application threads were stopped: 0.0111690 seconds, Stopping threads took: 0.0001350 seconds
134.810: Application time: 0.0590820 seconds
134.811: [GC134.811: [ParNew: 15690K->1425K(18432K), 0.0035130 secs] 40762K->37185K(59392K), 0.0035590 secs] [Times: user=0.03 sys=0.00, real=0.01 secs] 
134.814: Total time for which application threads were stopped: 0.0037390 seconds, Stopping threads took: 0.0001130 seconds
134.853: Application time: 0.0392330 seconds
134.853: [GC134.853: [ParNew: 17128K->17128K(18432K), 0.0000100 secs]134.853: [Tenured: 35760K->24360K(40960K), 0.0103500 secs] 52889K->24360K(59392K), [Perm : 6082K->6082K(21248K)], 0.0104080 secs] [Times: user=0.01 sys=0.00, real=0.02 secs] 
134.864: Total time for which application threads were stopped: 0.0105450 seconds, Stopping threads took: 0.0000670 seconds
134.915: Application time: 0.0512360 seconds
134.915: [GC134.915: [ParNew: 15696K->1435K(18432K), 0.0036250 secs] 40056K->36483K(59392K), 0.0036690 secs] [Times: user=0.03 sys=0.00, real=0.00 secs] 
134.919: Total time for which application threads were stopped: 0.0038060 seconds, Stopping threads took: 0.0000730 seconds
134.978: Application time: 0.0589430 seconds
134.978: [GC134.978: [ParNew: 17130K->17130K(18432K), 0.0000090 secs]134.978: [Tenured: 35048K->26499K(40960K), 0.0097300 secs] 52178K->26499K(59392K), [Perm : 6082K->6082K(21248K)], 0.0097880 secs] [Times: user=0.01 sys=0.00, real=0.01 secs] 
134.988: Total time for which application threads were stopped: 0.0099260 seconds, Stopping threads took: 0.0000700 seconds
135.047: Application time: 0.0587500 seconds
135.047: [GC135.047: [ParNew: 15688K->15688K(18432K), 0.0000110 secs]135.047: [Tenured: 26499K->26499K(40960K), 0.0100900 secs] 42188K->26499K(59392K), [Perm : 6082K->6082K(21248K)], 0.0101580 secs] [Times: user=0.01 sys=0.00, real=0.01 secs] 
135.057: Total time for which application threads were stopped: 0.0102980 seconds, Stopping threads took: 0.0000710 seconds
135.096: Application time: 0.0392190 seconds
135.096: [GC135.096: [ParNew: 15688K->15688K(18432K), 0.0000100 secs]135.096: [Tenured: 26499K->27212K(40960K), 0.0092800 secs] 42187K->27212K(59392K), [Perm : 6082K->6082K(21248K)], 0.0093400 secs] [Times: user=0.00 sys=0.00, real=0.01 secs] 
135.106: Total time for which application threads were stopped: 0.0094870 seconds, Stopping threads took: 0.0000640 seconds
135.170: Application time: 0.0640990 seconds
135.170: [GC135.170: [ParNew: 15688K->15688K(18432K), 0.0000100 secs]135.170: [Tenured: 27212K->25073K(40960K), 0.0111050 secs] 42900K->25073K(59392K), [Perm : 6082K->6082K(21248K)], 0.0111640 secs] [Times: user=0.01 sys=0.00, real=0.01 secs] 
135.181: Total time for which application threads were stopped: 0.0112970 seconds, Stopping threads took: 0.0000630 seconds
135.229: Application time: 0.0481040 seconds
135.229: [GC135.229: [ParNew: 15688K->1425K(18432K), 0.0037280 secs] 40761K->37186K(59392K), 0.0037710 secs] [Times: user=0.03 sys=0.00, real=0.00 secs] 
135.233: Total time for which application threads were stopped: 0.0039840 seconds, Stopping threads took: 0.0001270 seconds
135.278: Application time: 0.0447500 seconds
135.278: [GC135.278: [ParNew: 17120K->17120K(18432K), 0.0000100 secs]135.278: [Tenured: 35761K->25074K(40960K), 0.0098470 secs] 52881K->25074K(59392K), [Perm : 6082K->6082K(21248K)], 0.0099090 secs] [Times: user=0.01 sys=0.00, real=0.01 secs] 
135.288: Total time for which application threads were stopped: 0.0101010 seconds, Stopping threads took: 0.0001240 seconds
135.344: Application time: 0.0563160 seconds
135.344: [GC135.344: [ParNew: 15688K->1425K(18432K), 0.0036680 secs] 40762K->37187K(59392K), 0.0037120 secs] [Times: user=0.02 sys=0.00, real=0.00 secs] 
135.348: Total time for which application threads were stopped: 0.0038450 seconds, Stopping threads took: 0.0000650 seconds
135.407: Application time: 0.0590140 seconds
135.407: [GC135.407: [ParNew: 17113K->17113K(18432K), 0.0000100 secs]135.407: [Tenured: 35762K->25786K(40960K), 0.0093490 secs] 52876K->25786K(59392K), [Perm : 6082K->6082K(21248K)], 0.0094080 secs] [Times: user=0.01 sys=0.00, real=0.01 secs] 
135.417: Total time for which application threads were stopped: 0.0095370 seconds, Stopping threads took: 0.0000610 seconds
135.454: Application time: 0.0375400 seconds
135.454: [GC135.454: [ParNew: 15688K->15688K(18432K), 0.0000110 secs]135.454: [Tenured: 25786K->26499K(40960K), 0.0093590 secs] 41475K->26499K(59392K), [Perm : 6082K->6082K(21248K)], 0.0094240 secs] [Times: user=0.01 sys=0.00, real=0.01 secs] 
135.464: Total time for which application threads were stopped: 0.0095640 seconds, Stopping threads took: 0.0000700 seconds
135.516: Application time: 0.0527420 seconds
135.517: [GC135.517: [ParNew: 15688K->15688K(18432K), 0.0000110 secs]135.517: [Tenured: 26499K->25785K(40960K), 0.0116620 secs] 42188K->25785K(59392K), [Perm : 6082K->6082K(21248K)], 0.0117230 secs] [Times: user=0.01 sys=0.00, real=0.01 secs] 
135.528: Total time for which application threads were stopped: 0.0118840 seconds, Stopping threads took: 0.0000900 seconds
135.588: Application time: 0.0592810 seconds
135.588: [GC135.588: [ParNew: 15688K->15688K(18432K), 0.0000100 secs]135.588: [Tenured: 25785K->26498K(40960K), 0.0100510 secs] 41474K->26498K(59392K), [Perm : 6082K->6082K(21248K)], 0.0101100 secs] [Times: user=0.01 sys=0.00, real=0.01 secs] 
135.598: Total time for which application threads were stopped: 0.0103130 seconds, Stopping threads took: 0.0001160 seconds
135.652: Application time: 0.0539630 seconds
135.652: [GC135.652: [ParNew: 15695K->15695K(18432K), 0.0000100 secs]135.652: [Tenured: 26498K->25786K(40960K), 0.0098020 secs] 42193K->25786K(59392K), [Perm : 6082K->6082K(21248K)], 0.0098720 secs] [Times: user=0.01 sys=0.00, real=0.01 secs] 
135.662: Total time for which application threads were stopped: 0.0100140 seconds, Stopping threads took: 0.0000600 seconds
135.696: Application time: 0.0340460 seconds
135.696: [GC135.696: [ParNew: 15688K->15688K(18432K), 0.0000120 secs]135.696: [Tenured: 25786K->26499K(40960K), 0.0107990 secs] 41475K->26499K(59392K), [Perm : 6082K->6082K(21248K)], 0.0108620 secs] [Times: user=0.01 sys=0.00, real=0.01 secs] 
135.707: Total time for which application threads were stopped: 0.0111080 seconds, Stopping threads took: 0.0001550 seconds
135.775: Application time: 0.0674590 seconds
135.775: [GC135.775: [ParNew: 15701K->15701K(18432K), 0.0000100 secs]135.775: [Tenured: 26499K->26498K(40960K), 0.0099830 secs] 42201K->26498K(59392K), [Perm : 6082K->6082K(21248K)], 0.0100430 secs] [Times: user=0.01 sys=0.00, real=0.01 secs] 
135.785: Total time for which application threads were stopped: 0.0101710 seconds, Stopping threads took: 0.0000610 seconds
135.828: Application time: 0.0431060 seconds
135.828: [GC135.828: [ParNew: 15688K->15688K(18432K), 0.0000100 secs]135.828: [Tenured: 26498K->27923K(40960K), 0.0109370 secs] 42187K->27923K(59392K), [Perm : 6082K->6082K(21248K)], 0.0109990 secs] [Times: user=0.01 sys=0.00, real=0.01 secs] 
135.839: Total time for which application threads were stopped: 0.0111640 seconds, Stopping threads took: 0.0000930 seconds
135.900: Application time: 0.0613330 seconds
135.900: [GC135.900: [ParNew: 15695K->15695K(18432K), 0.0000100 secs]135.900: [Tenured: 27923K->27924K(40960K), 0.0100950 secs] 43618K->27924K(59392K), [Perm : 6082K->6082K(21248K)], 0.0101560 secs] [Times: user=0.01 sys=0.00, real=0.01 secs] 
135.911: Total time for which application threads were stopped: 0.0102970 seconds, Stopping threads took: 0.0000720 seconds
135.927: Application time: 0.0163090 seconds
135.927: [GC135.927: [ParNew: 15717K->15717K(18432K), 0.0000110 secs]135.927: [Tenured: 27924K->28666K(40960K), 0.0105710 secs] 43642K->28666K(59392K), [Perm : 6082K->6082K(21248K)], 0.0106330 secs] [Times: user=0.01 sys=0.00, real=0.01 secs] 
135.938: Total time for which application threads were stopped: 0.0108840 seconds, Stopping threads took: 0.0001570 seconds
135.946: Application time: 0.0085460 seconds
135.947: [GC135.947: [ParNew: 15677K->15677K(18432K), 0.0000120 secs]135.947: [Tenured: 28666K->27210K(40960K), 0.0109950 secs] 44343K->27210K(59392K), [Perm : 6082K->6082K(21248K)], 0.0110590 secs] [Times: user=0.01 sys=0.00, real=0.01 secs] 
135.958: Total time for which application threads were stopped: 0.0112160 seconds, Stopping threads took: 0.0000830 seconds
135.962: Application time: 0.0047890 seconds
135.963: [GC135.963: [ParNew: 15683K->15683K(18432K), 0.0000110 secs]135.963: [Tenured: 27210K->29349K(40960K), 0.0064170 secs] 42894K->29349K(59392K), [Perm : 6082K->6082K(21248K)], 0.0064750 secs] [Times: user=0.00 sys=0.00, real=0.00 secs] 
135.969: Total time for which application threads were stopped: 0.0066100 seconds, Stopping threads took: 0.0000660 seconds
135.975: Application time: 0.0059770 seconds
135.975: [GC135.975: [ParNew: 15687K->15687K(18432K), 0.0000110 secs]135.975: [Tenured: 29349K->27923K(40960K), 0.0072640 secs] 45037K->27923K(59392K), [Perm : 6082K->6082K(21248K)], 0.0073220 secs] [Times: user=0.01 sys=0.00, real=0.01 secs] 
135.983: Total time for which application threads were stopped: 0.0076610 seconds, Stopping threads took: 0.0002590 seconds
135.989: Application time: 0.0058720 seconds
135.989: [GC135.989: [ParNew: 15682K->15682K(18432K), 0.0000100 secs]135.989: [Tenured: 27923K->26498K(40960K), 0.0095960 secs] 43606K->26498K(59392K), [Perm : 6082K->6082K(21248K)], 0.0096550 secs] [Times: user=0.01 sys=0.00, real=0.01 secs] 
135.998: Total time for which application threads were stopped: 0.0098610 seconds, Stopping threads took: 0.0001360 seconds
136.005: Application time: 0.0065150 seconds
136.005: [GC136.005: [ParNew: 15681K->15681K(18432K), 0.0000110 secs]136.005: [Tenured: 26498K->27923K(40960K), 0.0068440 secs] 42180K->27923K(59392K), [Perm : 6082K->6082K(21248K)], 0.0069150 secs] [Times: user=0.00 sys=0.00, real=0.00 secs] 
136.012: Total time for which application threads were stopped: 0.0070660 seconds, Stopping threads took: 0.0000770 seconds
136.017: Application time: 0.0055020 seconds
136.018: [GC136.018: [ParNew: 15688K->15688K(18432K), 0.0000100 secs]136.018: [Tenured: 27923K->27923K(40960K), 0.0095810 secs] 43612K->27923K(59392K), [Perm : 6082K->6082K(21248K)], 0.0096400 secs] [Times: user=0.01 sys=0.00, real=0.01 secs] 
136.028: Total time for which application threads were stopped: 0.0100330 seconds, Stopping threads took: 0.0003250 seconds
136.031: Application time: 0.0038960 seconds
136.032: [GC136.032: [ParNew: 15681K->15681K(18432K), 0.0000100 secs]136.032: [Tenured: 27923K->30061K(40960K), 0.0078380 secs] 43605K->30061K(59392K), [Perm : 6082K->6082K(21248K)], 0.0078940 secs] [Times: user=0.01 sys=0.00, real=0.01 secs] 
136.039: Total time for which application threads were stopped: 0.0080750 seconds, Stopping threads took: 0.0001140 seconds
136.045: Application time: 0.0055880 seconds
136.045: [GC136.045: [ParNew: 15686K->15686K(18432K), 0.0000110 secs]136.045: [Tenured: 30061K->29348K(40960K), 0.0088920 secs] 45747K->29348K(59392K), [Perm : 6082K->6082K(21248K)], 0.0089530 secs] [Times: user=0.01 sys=0.00, real=0.01 secs] 
136.054: Total time for which application threads were stopped: 0.0091400 seconds, Stopping threads took: 0.0001140 seconds
136.118: Application time: 0.0640630 seconds
136.118: [GC136.118: [ParNew: 15695K->15695K(18432K), 0.0000110 secs]136.118: [Tenured: 29348K->27210K(40960K), 0.0106670 secs] 45044K->27210K(59392K), [Perm : 6082K->6082K(21248K)], 0.0107270 secs] [Times: user=0.01 sys=0.00, real=0.01 secs] 
136.129: Total time for which application threads were stopped: 0.0108710 seconds, Stopping threads took: 0.0000740 seconds
136.145: Application time: 0.0161960 seconds
136.145: [GC136.145: [ParNew: 15717K->15717K(18432K), 0.0000110 secs]136.145: [Tenured: 27210K->29377K(40960K), 0.0097680 secs] 42928K->29377K(59392K), [Perm : 6082K->6082K(21248K)], 0.0098290 secs] [Times: user=0.01 sys=0.00, real=0.01 secs] 
136.155: Total time for which application threads were stopped: 0.0099720 seconds, Stopping threads took: 0.0000740 seconds
136.163: Application time: 0.0081130 seconds
136.164: [GC136.164: [ParNew: 15677K->15677K(18432K), 0.0000100 secs]136.164: [Tenured: 29377K->29377K(40960K), 0.0068180 secs] 45055K->29377K(59392K), [Perm : 6082K->6082K(21248K)], 0.0068750 secs] [Times: user=0.00 sys=0.00, real=0.00 secs] 
136.171: Total time for which application threads were stopped: 0.0072170 seconds, Stopping threads took: 0.0002440 seconds
136.176: Application time: 0.0051450 seconds
136.176: [GC136.176: [ParNew: 15683K->15683K(18432K), 0.0000100 secs]136.176: [Tenured: 29377K->30803K(40960K), 0.0071580 secs] 45061K->30803K(59392K), [Perm : 6082K->6082K(21248K)], 0.0072170 secs] [Times: user=0.00 sys=0.00, real=0.01 secs] 
136.183: Total time for which application threads were stopped: 0.0074580 seconds, Stopping threads took: 0.0001520 seconds
136.187: Application time: 0.0036990 seconds
136.187: [GC136.187: [ParNew: 15679K->15679K(18432K), 0.0000110 secs]136.187: [Tenured: 30803K->29348K(40960K), 0.0110190 secs] 46483K->29348K(59392K), [Perm : 6082K->6082K(21248K)], 0.0110770 secs] [Times: user=0.01 sys=0.00, real=0.01 secs] 
136.198: Total time for which application threads were stopped: 0.0112350 seconds, Stopping threads took: 0.0000880 seconds
136.206: Application time: 0.0078800 seconds
136.206: [GC136.206: [ParNew: 15688K->15688K(18432K), 0.0000110 secs]136.206: [Tenured: 29348K->27923K(40960K), 0.0105760 secs] 45036K->27923K(59392K), [Perm : 6082K->6082K(21248K)], 0.0106370 secs] [Times: user=0.01 sys=0.00, real=0.01 secs] 
136.217: Total time for which application threads were stopped: 0.0108350 seconds, Stopping threads took: 0.0001260 seconds
136.223: Application time: 0.0065760 seconds
136.224: [GC136.224: [ParNew: 15679K->15679K(18432K), 0.0000100 secs]136.224: [Tenured: 27923K->29348K(40960K), 0.0070100 secs] 43603K->29348K(59392K), [Perm : 6082K->6082K(21248K)], 0.0070750 secs] [Times: user=0.01 sys=0.00, real=0.00 secs] 
136.231: Total time for which application threads were stopped: 0.0072630 seconds, Stopping threads took: 0.0001210 seconds
136.237: Application time: 0.0060310 seconds
136.237: [GC136.237: [ParNew: 15687K->15687K(18432K), 0.0000110 secs]136.237: [Tenured: 29348K->28637K(40960K), 0.0070130 secs] 45035K->28637K(59392K), [Perm : 6082K->6082K(21248K)], 0.0070690 secs] [Times: user=0.00 sys=0.00, real=0.01 secs] 
136.244: Total time for which application threads were stopped: 0.0072460 seconds, Stopping threads took: 0.0000970 seconds
136.248: Application time: 0.0034840 seconds
136.248: [GC136.248: [ParNew: 15679K->15679K(18432K), 0.0000100 secs]136.248: [Tenured: 28637K->29348K(40960K), 0.0062940 secs] 44316K->29348K(59392K), [Perm : 6082K->6082K(21248K)], 0.0063530 secs] [Times: user=0.01 sys=0.00, real=0.01 secs] 
136.254: Total time for which application threads were stopped: 0.0065280 seconds, Stopping threads took: 0.0000900 seconds
136.260: Application time: 0.0060610 seconds
136.260: [GC136.260: [ParNew: 15688K->15688K(18432K), 0.0000100 secs]136.260: [Tenured: 29348K->27210K(40960K), 0.0097010 secs] 45037K->27210K(59392K), [Perm : 6082K->6082K(21248K)], 0.0097780 secs] [Times: user=0.01 sys=0.00, real=0.01 secs] 
136.270: Total time for which application threads were stopped: 0.0099610 seconds, Stopping threads took: 0.0000930 seconds
136.316: Application time: 0.0460770 seconds
136.316: [GC136.316: [ParNew: 15688K->15688K(18432K), 0.0000110 secs]136.316: [Tenured: 27210K->27923K(40960K), 0.0094900 secs] 42899K->27923K(59392K), [Perm : 6082K->6082K(21248K)], 0.0095490 secs] [Times: user=0.00 sys=0.00, real=0.01 secs] 
136.326: Total time for which application threads were stopped: 0.0096820 seconds, Stopping threads took: 0.0000630 seconds
136.375: Application time: 0.0493710 seconds
136.375: [GC136.375: [ParNew: 15688K->15688K(18432K), 0.0000100 secs]136.375: [Tenured: 27923K->28635K(40960K), 0.0102720 secs] 43611K->28635K(59392K), [Perm : 6082K->6082K(21248K)], 0.0103330 secs] [Times: user=0.01 sys=0.00, real=0.01 secs] 
136.386: Total time for which application threads were stopped: 0.0104720 seconds, Stopping threads took: 0.0000650 seconds
136.457: Application time: 0.0714630 seconds
136.457: [GC136.457: [ParNew: 16248K->16248K(18432K), 0.0000100 secs]136.457: [Tenured: 28635K->24362K(40960K), 0.0107480 secs] 44884K->24362K(59392K), [Perm : 6082K->6082K(21248K)], 0.0108060 secs] [Times: user=0.01 sys=0.00, real=0.01 secs] 
136.468: Total time for which application threads were stopped: 0.0110130 seconds, Stopping threads took: 0.0001200 seconds
136.480: Application time: 0.0116460 seconds
136.480: [GC136.480: [ParNew: 15870K->1435K(18432K), 0.0020080 secs] 40232K->30072K(59392K), 0.0020490 secs] [Times: user=0.01 sys=0.00, real=0.00 secs] 
136.482: Total time for which application threads were stopped: 0.0021850 seconds, Stopping threads took: 0.0000690 seconds
136.490: Application time: 0.0084560 seconds
136.491: [GC136.491: [ParNew: 17118K->17118K(18432K), 0.0000110 secs]136.491: [Tenured: 28637K->27210K(40960K), 0.0096340 secs] 45756K->27210K(59392K), [Perm : 6082K->6082K(21248K)], 0.0096960 secs] [Times: user=0.01 sys=0.00, real=0.01 secs] 
136.500: Total time for which application threads were stopped: 0.0098370 seconds, Stopping threads took: 0.0000650 seconds
136.505: Application time: 0.0044500 seconds
136.505: [GC136.505: [ParNew: 15677K->15677K(18432K), 0.0000110 secs]136.505: [Tenured: 27210K->28635K(40960K), 0.0075070 secs] 42887K->28635K(59392K), [Perm : 6082K->6082K(21248K)], 0.0075630 secs] [Times: user=0.01 sys=0.00, real=0.00 secs] 
136.513: Total time for which application threads were stopped: 0.0078020 seconds, Stopping threads took: 0.0001530 seconds
136.518: Application time: 0.0050910 seconds
136.518: [GC136.518: [ParNew: 15681K->15681K(18432K), 0.0000110 secs]136.518: [Tenured: 28635K->25784K(40960K), 0.0095500 secs] 44317K->25784K(59392K), [Perm : 6082K->6082K(21248K)], 0.0096250 secs] [Times: user=0.01 sys=0.00, real=0.01 secs] 
136.527: Total time for which application threads were stopped: 0.0098160 seconds, Stopping threads took: 0.0001200 seconds
136.535: Application time: 0.0071730 seconds
136.535: [GC136.535: [ParNew: 15686K->15686K(18432K), 0.0000100 secs]136.535: [Tenured: 25784K->27923K(40960K), 0.0076390 secs] 41471K->27923K(59392K), [Perm : 6082K->6082K(21248K)], 0.0077000 secs] [Times: user=0.01 sys=0.00, real=0.01 secs] 
136.543: Total time for which application threads were stopped: 0.0078990 seconds, Stopping threads took: 0.0001280 seconds
136.550: Application time: 0.0073970 seconds
136.550: [GC136.550: [ParNew: 15680K->15680K(18432K), 0.0000100 secs]136.550: [Tenured: 27923K->28635K(40960K), 0.0059780 secs] 43603K->28635K(59392K), [Perm : 6082K->6082K(21248K)], 0.0060350 secs] [Times: user=0.01 sys=0.00, real=0.01 secs] 
136.556: Total time for which application threads were stopped: 0.0062450 seconds, Stopping threads took: 0.0001410 seconds
136.560: Application time: 0.0041170 seconds
136.560: [GC136.560: [ParNew: 15687K->15687K(18432K), 0.0000100 secs]136.560: [Tenured: 28635K->28636K(40960K), 0.0063570 secs] 44322K->28636K(59392K), [Perm : 6082K->6082K(21248K)], 0.0064140 secs] [Times: user=0.01 sys=0.00, real=0.01 secs] 
136.567: Total time for which application threads were stopped: 0.0065620 seconds, Stopping threads took: 0.0000780 seconds
136.571: Application time: 0.0036680 seconds
136.571: [GC136.571: [ParNew: 15681K->15681K(18432K), 0.0000110 secs]136.571: [Tenured: 28636K->26498K(40960K), 0.0087030 secs] 44317K->26498K(59392K), [Perm : 6082K->6082K(21248K)], 0.0087640 secs] [Times: user=0.00 sys=0.00, real=0.01 secs] 
136.579: Total time for which application threads were stopped: 0.0088960 seconds, Stopping threads took: 0.0000610 seconds
136.585: Application time: 0.0050820 seconds
136.585: [GC136.585: [ParNew: 15692K->15692K(18432K), 0.0000110 secs]136.585: [Tenured: 26498K->27210K(40960K), 0.0104600 secs] 42190K->27210K(59392K), [Perm : 6082K->6082K(21248K)], 0.0105220 secs] [Times: user=0.01 sys=0.00, real=0.01 secs] 
136.595: Total time for which application threads were stopped: 0.0107140 seconds, Stopping threads took: 0.0001020 seconds
136.667: Application time: 0.0714230 seconds
136.667: [GC136.667: [ParNew: 15688K->15688K(18432K), 0.0000120 secs]136.667: [Tenured: 27210K->27210K(40960K), 0.0108020 secs] 42898K->27210K(59392K), [Perm : 6082K->6082K(21248K)], 0.0108650 secs] [Times: user=0.01 sys=0.00, real=0.01 secs] 
136.678: Total time for which application threads were stopped: 0.0111160 seconds, Stopping threads took: 0.0001490 seconds
136.725: Application time: 0.0475300 seconds
136.726: [GC136.726: [ParNew: 15687K->15687K(18432K), 0.0000110 secs]136.726: [Tenured: 27210K->27922K(40960K), 0.0099210 secs] 42898K->27922K(59392K), [Perm : 6082K->6082K(21248K)], 0.0099810 secs] [Times: user=0.01 sys=0.00, real=0.01 secs] 
136.736: Total time for which application threads were stopped: 0.0102110 seconds, Stopping threads took: 0.0001470 seconds
136.807: Application time: 0.0717570 seconds
136.807: [GC136.807: [ParNew: 15687K->15687K(18432K), 0.0000100 secs]136.807: [Tenured: 27922K->27210K(40960K), 0.0099590 secs] 43610K->27210K(59392K), [Perm : 6082K->6082K(21248K)], 0.0100180 secs] [Times: user=0.01 sys=0.00, real=0.01 secs] 
136.817: Total time for which application threads were stopped: 0.0101470 seconds, Stopping threads took: 0.0000580 seconds
136.865: Application time: 0.0471640 seconds
136.865: [GC136.865: [ParNew: 15689K->15689K(18432K), 0.0000110 secs]136.865: [Tenured: 27210K->27210K(40960K), 0.0099560 secs] 42899K->27210K(59392K), [Perm : 6082K->6082K(21248K)], 0.0100140 secs] [Times: user=0.01 sys=0.00, real=0.01 secs] 
136.875: Total time for which application threads were stopped: 0.0101620 seconds, Stopping threads took: 0.0000780 seconds
136.916: Application time: 0.0414260 seconds
136.916: [GC136.916: [ParNew: 15717K->15717K(18432K), 0.0000110 secs]136.916: [Tenured: 27210K->28664K(40960K), 0.0108720 secs] 42927K->28664K(59392K), [Perm : 6082K->6082K(21248K)], 0.0109420 secs] [Times: user=0.01 sys=0.00, real=0.01 secs] 
136.927: Total time for which application threads were stopped: 0.0111510 seconds, Stopping threads took: 0.0001380 seconds
136.937: Application time: 0.0093250 seconds
136.937: [GC136.937: [ParNew: 15677K->15677K(18432K), 0.0000120 secs]136.937: [Tenured: 28664K->27951K(40960K), 0.0074620 secs] 44341K->27951K(59392K), [Perm : 6082K->6082K(21248K)], 0.0075160 secs] [Times: user=0.00 sys=0.00, real=0.01 secs] 
136.944: Total time for which application threads were stopped: 0.0077910 seconds, Stopping threads took: 0.0001880 seconds
136.950: Application time: 0.0056680 seconds
136.950: [GC136.950: [ParNew: 15687K->15687K(18432K), 0.0000110 secs]136.950: [Tenured: 27951K->26526K(40960K), 0.0100660 secs] 43639K->26526K(59392K), [Perm : 6082K->6082K(21248K)], 0.0101270 secs] [Times: user=0.01 sys=0.00, real=0.01 secs] 
136.960: Total time for which application threads were stopped: 0.0102880 seconds, Stopping threads took: 0.0000880 seconds
136.965: Application time: 0.0043220 seconds
136.965: [GC136.965: [ParNew: 15683K->15683K(18432K), 0.0000100 secs]136.965: [Tenured: 26526K->27209K(40960K), 0.0114960 secs] 42210K->27209K(59392K), [Perm : 6082K->6082K(21248K)], 0.0115580 secs] [Times: user=0.02 sys=0.00, real=0.01 secs] 
136.976: Total time for which application threads were stopped: 0.0117100 seconds, Stopping threads took: 0.0000810 seconds
136.984: Application time: 0.0071540 seconds
136.984: [GC136.984: [ParNew: 15685K->15685K(18432K), 0.0000100 secs]136.984: [Tenured: 27209K->27923K(40960K), 0.0067280 secs] 42895K->27923K(59392K), [Perm : 6082K->6082K(21248K)], 0.0067800 secs] [Times: user=0.01 sys=0.00, real=0.00 secs] 
136.991: Total time for which application threads were stopped: 0.0070350 seconds, Stopping threads took: 0.0001780 seconds
136.997: Application time: 0.0068270 seconds
136.998: [GC136.998: [ParNew: 15680K->15680K(18432K), 0.0000110 secs]136.998: [Tenured: 27923K->25785K(40960K), 0.0092030 secs] 43604K->25785K(59392K), [Perm : 6082K->6082K(21248K)], 0.0092650 secs] [Times: user=0.01 sys=0.00, real=0.01 secs] 
137.007: Total time for which application threads were stopped: 0.0095250 seconds, Stopping threads took: 0.0001700 seconds
137.014: Application time: 0.0069990 seconds
137.014: [GC137.014: [ParNew: 15688K->15688K(18432K), 0.0000100 secs]137.014: [Tenured: 25785K->28636K(40960K), 0.0062870 secs] 41473K->28636K(59392K), [Perm : 6082K->6082K(21248K)], 0.0063440 secs] [Times: user=0.01 sys=0.00, real=0.00 secs] 
137.021: Total time for which application threads were stopped: 0.0067080 seconds, Stopping threads took: 0.0002950 seconds
137.025: Application time: 0.0040040 seconds
137.025: [GC137.025: [ParNew: 15682K->15682K(18432K), 0.0000110 secs]137.025: [Tenured: 28636K->27210K(40960K), 0.0097600 secs] 44318K->27210K(59392K), [Perm : 6082K->6082K(21248K)], 0.0098220 secs] [Times: user=0.01 sys=0.00, real=0.01 secs] 
137.035: Total time for which application threads were stopped: 0.0100970 seconds, Stopping threads took: 0.0001920 seconds
137.039: Application time: 0.0040960 seconds
137.039: [GC137.039: [ParNew: 15678K->15678K(18432K), 0.0000110 secs]137.039: [Tenured: 27210K->28635K(40960K), 0.0066530 secs] 42889K->28635K(59392K), [Perm : 6082K->6082K(21248K)], 0.0067100 secs] [Times: user=0.01 sys=0.00, real=0.01 secs] 
137.046: Total time for which application threads were stopped: 0.0068610 seconds, Stopping threads took: 0.0000800 seconds
137.072: Application time: 0.0262710 seconds
137.072: [GC137.072: [ParNew: 15723K->15723K(18432K), 0.0000100 secs]137.072: [Tenured: 28635K->26526K(40960K), 0.0095350 secs] 44358K->26526K(59392K), [Perm : 6082K->6082K(21248K)], 0.0095960 secs] [Times: user=0.01 sys=0.00, real=0.01 secs] 
137.082: Total time for which application threads were stopped: 0.0097340 seconds, Stopping threads took: 0.0000650 seconds
137.090: Application time: 0.0086170 seconds
137.091: [GC137.091: [ParNew: 15677K->15677K(18432K), 0.0000110 secs]137.091: [Tenured: 26526K->26526K(40960K), 0.0074120 secs] 42203K->26526K(59392K), [Perm : 6082K->6082K(21248K)], 0.0074790 secs] [Times: user=0.01 sys=0.00, real=0.01 secs] 
137.098: Total time for which application threads were stopped: 0.0076750 seconds, Stopping threads took: 0.0001210 seconds
137.104: Application time: 0.0056840 seconds
137.104: [GC137.104: [ParNew: 15683K->15683K(18432K), 0.0000110 secs]137.104: [Tenured: 26526K->26497K(40960K), 0.0108220 secs] 42210K->26497K(59392K), [Perm : 6082K->6082K(21248K)], 0.0108840 secs] [Times: user=0.01 sys=0.00, real=0.01 secs] 
137.115: Total time for which application threads were stopped: 0.0110340 seconds, Stopping threads took: 0.0000800 seconds
137.119: Application time: 0.0037400 seconds
137.119: [GC137.119: [ParNew: 15681K->15681K(18432K), 0.0000100 secs]137.119: [Tenured: 26497K->26497K(40960K), 0.0094890 secs] 42178K->26497K(59392K), [Perm : 6082K->6082K(21248K)], 0.0095450 secs] [Times: user=0.01 sys=0.00, real=0.01 secs] 
137.128: Total time for which application threads were stopped: 0.0096850 seconds, Stopping threads took: 0.0000690 seconds
137.136: Application time: 0.0072660 seconds
137.136: [GC137.136: [ParNew: 16217K->16217K(18432K), 0.0000100 secs]137.136: [Tenured: 26497K->22972K(40960K), 0.0092500 secs] 42715K->22972K(59392K), [Perm : 6082K->6082K(21248K)], 0.0093100 secs] [Times: user=0.01 sys=0.00, real=0.01 secs] 
137.145: Total time for which application threads were stopped: 0.0094890 seconds, Stopping threads took: 0.0001070 seconds
137.151: Application time: 0.0063460 seconds
137.152: [GC137.152: [ParNew: 15893K->1433K(18432K), 0.0008750 secs] 38865K->25830K(59392K), 0.0009060 secs] [Times: user=0.01 sys=0.00, real=0.00 secs] 
137.153: Total time for which application threads were stopped: 0.0013660 seconds, Stopping threads took: 0.0003830 seconds
137.158: Application time: 0.0053710 seconds
137.158: [GC137.158: [ParNew: 17120K->1435K(18432K), 0.0011920 secs] 41518K->27257K(59392K), 0.0012240 secs] [Times: user=0.00 sys=0.00, real=0.00 secs] 
137.160: Total time for which application threads were stopped: 0.0014330 seconds, Stopping threads took: 0.0001480 seconds
137.164: Application time: 0.0046370 seconds
137.165: [GC137.165: [ParNew: 17123K->1435K(18432K), 0.0012470 secs] 42946K->28707K(59392K), 0.0012820 secs] [Times: user=0.01 sys=0.00, real=0.00 secs] 
137.166: Total time for which application threads were stopped: 0.0022800 seconds, Stopping threads took: 0.0009380 seconds
137.170: Application time: 0.0039100 seconds
137.171: [GC137.171: [ParNew: 17118K->1427K(18432K), 0.0011540 secs] 44389K->30163K(59392K), 0.0011880 secs] [Times: user=0.01 sys=0.00, real=0.00 secs] 
137.172: Total time for which application threads were stopped: 0.0014720 seconds, Stopping threads took: 0.0001940 seconds
137.176: Application time: 0.0038140 seconds
137.176: [GC137.176: [ParNew: 17111K->17111K(18432K), 0.0000100 secs]137.176: [Tenured: 28736K->25814K(40960K), 0.0094750 secs] 45848K->25814K(59392K), [Perm : 6082K->6082K(21248K)], 0.0095360 secs] [Times: user=0.01 sys=0.00, real=0.01 secs] 
137.186: Total time for which application threads were stopped: 0.0100680 seconds, Stopping threads took: 0.0004420 seconds
137.190: Application time: 0.0046060 seconds
137.190: [GC137.191: [ParNew: 15679K->1429K(18432K), 0.0005950 secs] 41493K->27243K(59392K), 0.0006280 secs] [Times: user=0.00 sys=0.00, real=0.00 secs] 
137.191: Total time for which application threads were stopped: 0.0008110 seconds, Stopping threads took: 0.0001230 seconds
137.196: Application time: 0.0043730 seconds
137.196: [GC137.196: [ParNew: 17123K->1441K(18432K), 0.0015060 secs] 42937K->30105K(59392K), 0.0015450 secs] [Times: user=0.02 sys=0.00, real=0.00 secs] 
137.197: Total time for which application threads were stopped: 0.0016990 seconds, Stopping threads took: 0.0000890 seconds
137.204: Application time: 0.0065910 seconds
137.204: [GC137.204: [ParNew: 17126K->1437K(18432K), 0.0007690 secs] 45791K->30854K(59392K), 0.0008100 secs] [Times: user=0.00 sys=0.00, real=0.00 secs] 
137.205: Total time for which application threads were stopped: 0.0009700 seconds, Stopping threads took: 0.0001020 seconds
137.213: Application time: 0.0078440 seconds
137.213: [GC137.213: [ParNew: 17115K->712K(18432K), 0.0006590 secs] 46532K->30890K(59392K), 0.0006900 secs] [Times: user=0.00 sys=0.00, real=0.00 secs] 
137.213: Total time for which application threads were stopped: 0.0008330 seconds, Stopping threads took: 0.0000840 seconds
137.221: Application time: 0.0070950 seconds
137.221: [GC137.221: [ParNew: 16399K->724K(18432K), 0.0004800 secs] 46576K->30902K(59392K), 0.0005060 secs] [Times: user=0.00 sys=0.00, real=0.00 secs] 
137.221: Total time for which application threads were stopped: 0.0006420 seconds, Stopping threads took: 0.0000830 seconds
137.225: Application time: 0.0038520 seconds
137.225: [GC137.225: [ParNew: 16405K->1433K(18432K), 0.0006680 secs] 46582K->31610K(59392K), 0.0006970 secs] [Times: user=0.00 sys=0.00, real=0.00 secs] 
137.226: Total time for which application threads were stopped: 0.0008540 seconds, Stopping threads took: 0.0000990 seconds
137.230: Application time: 0.0038030 seconds
137.230: [GC137.230: [ParNew: 17113K->1429K(18432K), 0.0007540 secs] 47291K->32351K(59392K), 0.0007840 secs] [Times: user=0.01 sys=0.00, real=0.00 secs] 
137.231: Total time for which application threads were stopped: 0.0011470 seconds, Stopping threads took: 0.0003040 seconds
137.244: Application time: 0.0128360 seconds
137.244: [GC137.244: [ParNew: 17154K->1465K(18432K), 0.0024870 secs] 48076K->38799K(59392K), 0.0025270 secs] [Times: user=0.02 sys=0.00, real=0.00 secs] 
137.246: Total time for which application threads were stopped: 0.0026690 seconds, Stopping threads took: 0.0000770 seconds
137.254: Application time: 0.0073950 seconds
137.254: [GC137.254: [ParNew: 17144K->17144K(18432K), 0.0000110 secs]137.254: [Tenured: 37334K->22934K(40960K), 0.0105700 secs] 54479K->22934K(59392K), [Perm : 6082K->6082K(21248K)], 0.0106270 secs] [Times: user=0.01 sys=0.00, real=0.02 secs] 
137.265: Total time for which application threads were stopped: 0.0107750 seconds, Stopping threads took: 0.0000790 seconds
137.271: Application time: 0.0064650 seconds
137.271: [GC137.271: [ParNew: 15683K->1439K(18432K), 0.0007960 secs] 38618K->25086K(59392K), 0.0008270 secs] [Times: user=0.00 sys=0.00, real=0.00 secs] 
137.272: Total time for which application threads were stopped: 0.0009810 seconds, Stopping threads took: 0.0000980 seconds
137.276: Application time: 0.0041960 seconds
137.276: [GC137.276: [ParNew: 17116K->714K(18432K), 0.0004630 secs] 40763K->24393K(59392K), 0.0004920 secs] [Times: user=0.00 sys=0.00, real=0.00 secs] 
137.277: Total time for which application threads were stopped: 0.0006420 seconds, Stopping threads took: 0.0000950 seconds
137.284: Application time: 0.0073780 seconds
137.284: [GC137.284: [ParNew: 16404K->1435K(18432K), 0.0016950 secs] 40083K->29389K(59392K), 0.0017330 secs] [Times: user=0.01 sys=0.00, real=0.00 secs] 
137.286: Total time for which application threads were stopped: 0.0018750 seconds, Stopping threads took: 0.0000790 seconds
137.292: Application time: 0.0062200 seconds
137.292: [GC137.292: [ParNew: 17115K->1425K(18432K), 0.0020560 secs] 45070K->32982K(59392K), 0.0020930 secs] [Times: user=0.01 sys=0.00, real=0.01 secs] 
137.295: Total time for which application threads were stopped: 0.0022680 seconds, Stopping threads took: 0.0001110 seconds
137.302: Application time: 0.0073610 seconds
137.302: [GC137.302: [ParNew: 17112K->1433K(18432K), 0.0008810 secs] 48668K->33702K(59392K), 0.0009110 secs] [Times: user=0.01 sys=0.00, real=0.00 secs] 
137.303: Total time for which application threads were stopped: 0.0010600 seconds, Stopping threads took: 0.0000920 seconds
137.307: Application time: 0.0040830 seconds
137.307: [GC137.307: [ParNew: 17113K->1425K(18432K), 0.0008340 secs] 49383K->34439K(59392K), 0.0008610 secs] [Times: user=0.01 sys=0.00, real=0.00 secs] 
137.308: Total time for which application threads were stopped: 0.0010020 seconds, Stopping threads took: 0.0000740 seconds
137.312: Application time: 0.0037860 seconds
137.312: [GC137.312: [ParNew: 17103K->17103K(18432K), 0.0000110 secs]137.312: [Tenured: 33014K->24359K(40960K), 0.0101790 secs] 50117K->24359K(59392K), [Perm : 6082K->6082K(21248K)], 0.0102400 secs] [Times: user=0.01 sys=0.00, real=0.02 secs] 
137.322: Total time for which application threads were stopped: 0.0103900 seconds, Stopping threads took: 0.0000780 seconds
137.380: Application time: 0.0572910 seconds
137.380: [GC137.380: [ParNew: 15758K->1433K(18432K), 0.0039130 secs] 40118K->37905K(59392K), 0.0039520 secs] [Times: user=0.03 sys=0.00, real=0.01 secs] 
137.384: Total time for which application threads were stopped: 0.0040740 seconds, Stopping threads took: 0.0000580 seconds
137.446: Application time: 0.0627260 seconds
137.446: [GC137.447: [ParNew: 17122K->17122K(18432K), 0.0000110 secs]137.447: [Tenured: 36472K->23647K(40960K), 0.0108750 secs] 53595K->23647K(59392K), [Perm : 6082K->6082K(21248K)], 0.0109370 secs] [Times: user=0.01 sys=0.00, real=0.01 secs] 
137.457: Total time for which application threads were stopped: 0.0110840 seconds, Stopping threads took: 0.0000770 seconds
137.532: Application time: 0.0740830 seconds
137.532: [GC137.532: [ParNew: 15695K->1435K(18432K), 0.0040510 secs] 39343K->36483K(59392K), 0.0040960 secs] [Times: user=0.03 sys=0.00, real=0.01 secs] 
137.536: Total time for which application threads were stopped: 0.0043250 seconds, Stopping threads took: 0.0001410 seconds
137.607: Application time: 0.0711860 seconds
137.607: [GC137.607: [ParNew: 17122K->17122K(18432K), 0.0000110 secs]137.607: [Tenured: 35048K->23648K(40960K), 0.0098240 secs] 52170K->23648K(59392K), [Perm : 6082K->6082K(21248K)], 0.0098840 secs] [Times: user=0.01 sys=0.00, real=0.01 secs] 
137.617: Total time for which application threads were stopped: 0.0100400 seconds, Stopping threads took: 0.0000740 seconds
137.690: Application time: 0.0731730 seconds
137.690: [GC137.690: [ParNew: 15689K->1425K(18432K), 0.0039180 secs] 39338K->37186K(59392K), 0.0039630 secs] [Times: user=0.03 sys=0.00, real=0.01 secs] 
137.694: Total time for which application threads were stopped: 0.0041320 seconds, Stopping threads took: 0.0000950 seconds
137.766: Application time: 0.0713300 seconds
137.766: [GC137.766: [ParNew: 17120K->17120K(18432K), 0.0000100 secs]137.766: [Tenured: 35761K->22192K(40960K), 0.0107750 secs] 52882K->22192K(59392K), [Perm : 6082K->6082K(21248K)], 0.0108340 secs] [Times: user=0.01 sys=0.00, real=0.01 secs] 
137.777: Total time for which application threads were stopped: 0.0109560 seconds, Stopping threads took: 0.0000500 seconds
137.849: Application time: 0.0721250 seconds
137.849: [GC137.849: [ParNew: 15693K->1433K(18432K), 0.0034730 secs] 37886K->33600K(59392K), 0.0035160 secs] [Times: user=0.03 sys=0.00, real=0.00 secs] 
137.853: Total time for which application threads were stopped: 0.0036850 seconds, Stopping threads took: 0.0001040 seconds
137.917: Application time: 0.0646610 seconds
137.917: [GC137.917: [ParNew: 17122K->17122K(18432K), 0.0000100 secs]137.917: [Tenured: 32167K->24330K(40960K), 0.0099130 secs] 49290K->24330K(59392K), [Perm : 6082K->6082K(21248K)], 0.0099740 secs] [Times: user=0.01 sys=0.00, real=0.01 secs] 
137.927: Total time for which application threads were stopped: 0.0101500 seconds, Stopping threads took: 0.0000950 seconds
138.003: Application time: 0.0761410 seconds
138.004: [GC138.004: [ParNew: 15689K->1427K(18432K), 0.0039580 secs] 40020K->37158K(59392K), 0.0040030 secs] [Times: user=0.03 sys=0.00, real=0.00 secs] 
138.008: Total time for which application threads were stopped: 0.0042320 seconds, Stopping threads took: 0.0001430 seconds
138.068: Application time: 0.0606740 seconds
138.068: [GC138.068: [ParNew: 17122K->17122K(18432K), 0.0000100 secs]138.069: [Tenured: 35730K->24331K(40960K), 0.0085440 secs] 52853K->24331K(59392K), [Perm : 6082K->6082K(21248K)], 0.0086010 secs] [Times: user=0.01 sys=0.00, real=0.01 secs] 
138.077: Total time for which application threads were stopped: 0.0087400 seconds, Stopping threads took: 0.0000580 seconds
138.151: Application time: 0.0743160 seconds
138.152: [GC138.152: [ParNew: 15687K->1425K(18432K), 0.0037070 secs] 40019K->36444K(59392K), 0.0037480 secs] [Times: user=0.03 sys=0.00, real=0.01 secs] 
138.155: Total time for which application threads were stopped: 0.0038700 seconds, Stopping threads took: 0.0000570 seconds
138.227: Application time: 0.0712100 seconds
138.227: [GC138.227: [ParNew: 17120K->17120K(18432K), 0.0000100 secs]138.227: [Tenured: 35019K->25044K(40960K), 0.0087580 secs] 52140K->25044K(59392K), [Perm : 6082K->6082K(21248K)], 0.0088180 secs] [Times: user=0.01 sys=0.00, real=0.01 secs] 
138.235: Total time for which application threads were stopped: 0.0089510 seconds, Stopping threads took: 0.0000570 seconds
138.299: Application time: 0.0636660 seconds
138.299: [GC138.299: [ParNew: 15689K->1425K(18432K), 0.0042400 secs] 40734K->38582K(59392K), 0.0042830 secs] [Times: user=0.03 sys=0.00, real=0.01 secs] 
138.304: Total time for which application threads were stopped: 0.0044400 seconds, Stopping threads took: 0.0000900 seconds
138.376: Application time: 0.0723760 seconds
138.376: [GC138.376: [ParNew: 17120K->17120K(18432K), 0.0000110 secs]138.376: [Tenured: 37157K->25755K(40960K), 0.0113460 secs] 54278K->25755K(59392K), [Perm : 6082K->6082K(21248K)], 0.0114080 secs] [Times: user=0.01 sys=0.00, real=0.01 secs] 
138.388: Total time for which application threads were stopped: 0.0116170 seconds, Stopping threads took: 0.0001190 seconds
138.456: Application time: 0.0688550 seconds
138.457: [GC138.457: [ParNew: 15696K->15696K(18432K), 0.0000100 secs]138.457: [Tenured: 25755K->25755K(40960K), 0.0095620 secs] 41451K->25755K(59392K), [Perm : 6082K->6082K(21248K)], 0.0096220 secs] [Times: user=0.01 sys=0.00, real=0.01 secs] 
138.466: Total time for which application threads were stopped: 0.0097440 seconds, Stopping threads took: 0.0000540 seconds
138.531: Application time: 0.0645470 seconds
138.531: [GC138.531: [ParNew: 15698K->15698K(18432K), 0.0000120 secs]138.531: [Tenured: 25755K->25042K(40960K), 0.0110480 secs] 41454K->25042K(59392K), [Perm : 6082K->6082K(21248K)], 0.0111100 secs] [Times: user=0.01 sys=0.00, real=0.02 secs] 
138.542: Total time for which application threads were stopped: 0.0113280 seconds, Stopping threads took: 0.0001160 seconds
138.594: Application time: 0.0522450 seconds
138.594: [GC138.594: [ParNew: 15689K->1427K(18432K), 0.0036720 secs] 40732K->37157K(59392K), 0.0037160 secs] [Times: user=0.02 sys=0.00, real=0.00 secs] 
138.598: Total time for which application threads were stopped: 0.0038340 seconds, Stopping threads took: 0.0000510 seconds
138.670: Application time: 0.0722380 seconds
138.671: [GC138.671: [ParNew: 17123K->17123K(18432K), 0.0000110 secs]138.671: [Tenured: 35730K->25042K(40960K), 0.0113640 secs] 52853K->25042K(59392K), [Perm : 6082K->6082K(21248K)], 0.0114280 secs] [Times: user=0.01 sys=0.00, real=0.01 secs] 
138.682: Total time for which application threads were stopped: 0.0115900 seconds, Stopping threads took: 0.0000920 seconds
138.740: Application time: 0.0582920 seconds
138.740: [GC138.740: [ParNew: 15689K->1427K(18432K), 0.0040770 secs] 40732K->38582K(59392K), 0.0041170 secs] [Times: user=0.03 sys=0.00, real=0.01 secs] 
138.745: Total time for which application threads were stopped: 0.0042750 seconds, Stopping threads took: 0.0000720 seconds
138.805: Application time: 0.0606290 seconds
138.805: [GC138.805: [ParNew: 17134K->17134K(18432K), 0.0000110 secs]138.805: [Tenured: 37155K->20767K(40960K), 0.0103910 secs] 54289K->20767K(59392K), [Perm : 6082K->6082K(21248K)], 0.0104500 secs] [Times: user=0.01 sys=0.00, real=0.01 secs] 
138.816: Total time for which application threads were stopped: 0.0105790 seconds, Stopping threads took: 0.0000610 seconds
138.856: Application time: 0.0398160 seconds
138.856: [GC138.856: [ParNew: 15694K->1435K(18432K), 0.0029800 secs] 36462K->30040K(59392K), 0.0030190 secs] [Times: user=0.02 sys=0.00, real=0.00 secs] 
138.859: Total time for which application threads were stopped: 0.0031410 seconds, Stopping threads took: 0.0000500 seconds
138.927: Application time: 0.0682990 seconds
138.927: [GC138.927: [ParNew: 17123K->17123K(18432K), 0.0000110 secs]138.927: [Tenured: 28605K->22906K(40960K), 0.0104280 secs] 45728K->22906K(59392K), [Perm : 6082K->6082K(21248K)], 0.0104900 secs] [Times: user=0.01 sys=0.00, real=0.01 secs] 
138.938: Total time for which application threads were stopped: 0.0107360 seconds, Stopping threads took: 0.0001560 seconds
138.984: Application time: 0.0459750 seconds
138.984: [GC138.984: [ParNew: 15686K->1425K(18432K), 0.0034420 secs] 38592K->33594K(59392K), 0.0034870 secs] [Times: user=0.03 sys=0.00, real=0.00 secs] 
138.987: Total time for which application threads were stopped: 0.0037300 seconds, Stopping threads took: 0.0001570 seconds
139.044: Application time: 0.0568750 seconds
139.044: [GC139.045: [ParNew: 17113K->17113K(18432K), 0.0000110 secs]139.045: [Tenured: 32169K->22906K(40960K), 0.0094450 secs] 49282K->22906K(59392K), [Perm : 6082K->6082K(21248K)], 0.0095040 secs] [Times: user=0.01 sys=0.00, real=0.00 secs] 
139.054: Total time for which application threads were stopped: 0.0096880 seconds, Stopping threads took: 0.0000940 seconds
139.104: Application time: 0.0497560 seconds
139.104: [GC139.104: [ParNew: 15690K->1427K(18432K), 0.0039850 secs] 38596K->35734K(59392K), 0.0040270 secs] [Times: user=0.03 sys=0.00, real=0.00 secs] 
139.108: Total time for which application threads were stopped: 0.0041550 seconds, Stopping threads took: 0.0000620 seconds
139.161: Application time: 0.0534890 seconds
139.162: [GC139.162: [ParNew: 17113K->17113K(18432K), 0.0000110 secs]139.162: [Tenured: 34307K->22906K(40960K), 0.0093570 secs] 51420K->22906K(59392K), [Perm : 6082K->6082K(21248K)], 0.0094170 secs] [Times: user=0.00 sys=0.00, real=0.01 secs] 
139.171: Total time for which application threads were stopped: 0.0095450 seconds, Stopping threads took: 0.0000610 seconds
139.230: Application time: 0.0588470 seconds
139.230: [GC139.230: [ParNew: 15688K->1425K(18432K), 0.0036510 secs] 38595K->35020K(59392K), 0.0036960 secs] [Times: user=0.02 sys=0.00, real=0.00 secs] 
139.234: Total time for which application threads were stopped: 0.0038240 seconds, Stopping threads took: 0.0000620 seconds
139.271: Application time: 0.0369390 seconds
139.271: [GC139.271: [ParNew: 17113K->17113K(18432K), 0.0000110 secs]139.271: [Tenured: 33595K->20768K(40960K), 0.0097400 secs] 50709K->20768K(59392K), [Perm : 6082K->6082K(21248K)], 0.0097980 secs] [Times: user=0.01 sys=0.00, real=0.01 secs] 
139.281: Total time for which application threads were stopped: 0.0099280 seconds, Stopping threads took: 0.0000530 seconds
139.349: Application time: 0.0689460 seconds
139.350: [GC139.350: [ParNew: 15695K->1433K(18432K), 0.0034800 secs] 36463K->32177K(59392K), 0.0035240 secs] [Times: user=0.02 sys=0.00, real=0.00 secs] 
139.353: Total time for which application threads were stopped: 0.0037140 seconds, Stopping threads took: 0.0001240 seconds
139.402: Application time: 0.0490240 seconds
139.402: [GC139.402: [ParNew: 17135K->17135K(18432K), 0.0000100 secs]139.402: [Tenured: 30744K->21483K(40960K), 0.0086890 secs] 47879K->21483K(59392K), [Perm : 6082K->6082K(21248K)], 0.0087440 secs] [Times: user=0.01 sys=0.00, real=0.00 secs] 
139.411: Total time for which application threads were stopped: 0.0088680 seconds, Stopping threads took: 0.0000570 seconds
139.481: Application time: 0.0697050 seconds
139.481: [GC139.481: [ParNew: 15689K->1425K(18432K), 0.0033220 secs] 37172K->32172K(59392K), 0.0033650 secs] [Times: user=0.03 sys=0.00, real=0.01 secs] 
139.484: Total time for which application threads were stopped: 0.0035620 seconds, Stopping threads took: 0.0001130 seconds
139.518: Application time: 0.0334290 seconds
139.518: [GC139.518: [ParNew: 17127K->17127K(18432K), 0.0000100 secs]139.518: [Tenured: 30747K->23623K(40960K), 0.0091330 secs] 47874K->23623K(59392K), [Perm : 6082K->6082K(21248K)], 0.0091910 secs] [Times: user=0.01 sys=0.00, real=0.01 secs] 
139.527: Total time for which application threads were stopped: 0.0093170 seconds, Stopping threads took: 0.0000480 seconds
139.583: Application time: 0.0559500 seconds
139.583: [GC139.583: [ParNew: 15686K->1425K(18432K), 0.0028190 secs] 39310K->33599K(59392K), 0.0028540 secs] [Times: user=0.02 sys=0.00, real=0.00 secs] 
139.586: Total time for which application threads were stopped: 0.0029750 seconds, Stopping threads took: 0.0000490 seconds
139.648: Application time: 0.0621830 seconds
139.648: [GC139.648: [ParNew: 17112K->17112K(18432K), 0.0000110 secs]139.648: [Tenured: 32174K->25048K(40960K), 0.0095440 secs] 49286K->25048K(59392K), [Perm : 6082K->6082K(21248K)], 0.0096070 secs] [Times: user=0.01 sys=0.00, real=0.01 secs] 
139.658: Total time for which application threads were stopped: 0.0097320 seconds, Stopping threads took: 0.0000540 seconds
139.696: Application time: 0.0384630 seconds
139.697: [GC139.697: [ParNew: 15688K->1425K(18432K), 0.0034890 secs] 40737K->37162K(59392K), 0.0035260 secs] [Times: user=0.03 sys=0.00, real=0.00 secs] 
139.700: Total time for which application threads were stopped: 0.0036410 seconds, Stopping threads took: 0.0000490 seconds
139.751: Application time: 0.0509170 seconds
139.751: [GC139.751: [ParNew: 17111K->17111K(18432K), 0.0000110 secs]139.751: [Tenured: 35737K->23619K(40960K), 0.0114500 secs] 52848K->23619K(59392K), [Perm : 6082K->6082K(21248K)], 0.0115090 secs] [Times: user=0.01 sys=0.00, real=0.02 secs] 
139.763: Total time for which application threads were stopped: 0.0116780 seconds, Stopping threads took: 0.0000800 seconds
139.827: Application time: 0.0643910 seconds
139.827: [GC139.827: [ParNew: 15695K->1437K(18432K), 0.0028270 secs] 39314K->32894K(59392K), 0.0028630 secs] [Times: user=0.02 sys=0.00, real=0.00 secs] 
139.830: Total time for which application threads were stopped: 0.0030420 seconds, Stopping threads took: 0.0000970 seconds
139.864: Application time: 0.0340660 seconds
139.864: [GC139.864: [ParNew: 17134K->17134K(18432K), 0.0000090 secs]139.864: [Tenured: 31457K->24333K(40960K), 0.0088460 secs] 48592K->24333K(59392K), [Perm : 6082K->6082K(21248K)], 0.0089030 secs] [Times: user=0.01 sys=0.00, real=0.00 secs] 
139.873: Total time for which application threads were stopped: 0.0090270 seconds, Stopping threads took: 0.0000550 seconds
139.927: Application time: 0.0533730 seconds
139.927: [GC139.927: [ParNew: 15740K->1429K(18432K), 0.0025250 secs] 40073K->32888K(59392K), 0.0025610 secs] [Times: user=0.02 sys=0.00, real=0.00 secs] 
139.929: Total time for which application threads were stopped: 0.0027120 seconds, Stopping threads took: 0.0000700 seconds
139.994: Application time: 0.0646140 seconds
139.994: [GC139.994: [ParNew: 17113K->17113K(18432K), 0.0000170 secs]139.994: [Tenured: 31459K->22908K(40960K), 0.0092810 secs] 48572K->22908K(59392K), [Perm : 6082K->6082K(21248K)], 0.0093480 secs] [Times: user=0.01 sys=0.00, real=0.02 secs] 
140.003: Total time for which application threads were stopped: 0.0094690 seconds, Stopping threads took: 0.0000520 seconds
140.075: Application time: 0.0714920 seconds
140.075: [GC140.075: [ParNew: 15686K->1425K(18432K), 0.0029210 secs] 38594K->32171K(59392K), 0.0029630 secs] [Times: user=0.03 sys=0.00, real=0.00 secs] 
140.078: Total time for which application threads were stopped: 0.0031260 seconds, Stopping threads took: 0.0000750 seconds
140.115: Application time: 0.0372650 seconds
140.115: [GC140.115: [ParNew: 17113K->17113K(18432K), 0.0000100 secs]140.115: [Tenured: 30746K->22908K(40960K), 0.0089470 secs] 47860K->22908K(59392K), [Perm : 6082K->6082K(21248K)], 0.0090060 secs] [Times: user=0.01 sys=0.00, real=0.01 secs] 
140.124: Total time for which application threads were stopped: 0.0091320 seconds, Stopping threads took: 0.0000580 seconds
140.173: Application time: 0.0482480 seconds
140.173: [GC140.173: [ParNew: 15684K->1425K(18432K), 0.0022620 secs] 38592K->30033K(59392K), 0.0023050 secs] [Times: user=0.01 sys=0.00, real=0.01 secs] 
140.175: Total time for which application threads were stopped: 0.0024330 seconds, Stopping threads took: 0.0000600 seconds
140.242: Application time: 0.0669730 seconds
140.242: [GC140.242: [ParNew: 17111K->17111K(18432K), 0.0000110 secs]140.242: [Tenured: 28608K->17887K(40960K), 0.0105760 secs] 45719K->17887K(59392K), [Perm : 6082K->6082K(21248K)], 0.0106440 secs] [Times: user=0.01 sys=0.00, real=0.00 secs] 
140.253: Total time for which application threads were stopped: 0.0108370 seconds, Stopping threads took: 0.0001030 seconds
140.327: Application time: 0.0738540 seconds
140.327: [GC140.327: [ParNew: 15738K->1427K(18432K), 0.0027080 secs] 33626K->27153K(59392K), 0.0027490 secs] [Times: user=0.02 sys=0.00, real=0.00 secs] 
140.330: Total time for which application threads were stopped: 0.0028600 seconds, Stopping threads took: 0.0000470 seconds
140.380: Application time: 0.0501840 seconds
140.380: [GC140.380: [ParNew: 17165K->17165K(18432K), 0.0000100 secs]140.380: [Tenured: 25726K->15750K(40960K), 0.0079190 secs] 42891K->15750K(59392K), [Perm : 6082K->6082K(21248K)], 0.0079720 secs] [Times: user=0.01 sys=0.00, real=0.01 secs] 
140.388: Total time for which application threads were stopped: 0.0080860 seconds, Stopping threads took: 0.0000390 seconds
140.459: Application time: 0.0713240 seconds
140.459: [GC140.459: [ParNew: 15745K->1437K(18432K), 0.0019280 secs] 31495K->21462K(59392K), 0.0019630 secs] [Times: user=0.01 sys=0.00, real=0.00 secs] 
140.461: Total time for which application threads were stopped: 0.0020630 seconds, Stopping threads took: 0.0000380 seconds
140.573: Application time: 0.1119020 seconds
140.573: [GC140.573: [ParNew: 17224K->716K(18432K), 0.0007430 secs] 37249K->20782K(59392K), 0.0007720 secs] [Times: user=0.00 sys=0.00, real=0.00 secs] 
140.574: Total time for which application threads were stopped: 0.0008400 seconds, Stopping threads took: 0.0000130 seconds
140.798: Application time: 0.2240420 seconds
140.798: [GC140.798: [ParNew: 16394K->716K(18432K), 0.0005400 secs] 36460K->20782K(59392K), 0.0005710 secs] [Times: user=0.01 sys=0.00, real=0.00 secs] 
140.799: Total time for which application threads were stopped: 0.0006430 seconds, Stopping threads took: 0.0000130 seconds
140.883: Application time: 0.0845260 seconds
140.883: Total time for which application threads were stopped: 0.0000470 seconds, Stopping threads took: 0.0000160 seconds
140.894: Application time: 0.0108850 seconds
140.894: [GC140.894: [ParNew: 16486K->1705K(18432K), 0.0006270 secs] 36551K->21771K(59392K), 0.0006490 secs] [Times: user=0.00 sys=0.00, real=0.00 secs] 
140.895: Total time for which application threads were stopped: 0.0008400 seconds, Stopping threads took: 0.0001500 seconds
140.899: Application time: 0.0044400 seconds
140.901: [GC140.901: [ParNew: 17392K->1455K(18432K), 0.0036120 secs] 37458K->31801K(59392K), 0.0036530 secs] [Times: user=0.03 sys=0.00, real=0.01 secs] 
140.904: Total time for which application threads were stopped: 0.0047890 seconds, Stopping threads took: 0.0010730 seconds
140.909: Application time: 0.0046610 seconds
140.910: [GC140.910: [ParNew: 17606K->17606K(18432K), 0.0000110 secs]140.910: [Tenured: 30345K->13882K(40960K), 0.0082180 secs] 47951K->13882K(59392K), [Perm : 6102K->6102K(21248K)], 0.0082780 secs] [Times: user=0.01 sys=0.00, real=0.01 secs] 
140.918: Total time for which application threads were stopped: 0.0090540 seconds, Stopping threads took: 0.0007090 seconds
140.923: Application time: 0.0049560 seconds
140.924: [GC140.924: [ParNew: 15987K->1427K(18432K), 0.0017200 secs] 29870K->19584K(59392K), 0.0017550 secs] [Times: user=0.01 sys=0.00, real=0.00 secs] 
140.925: Total time for which application threads were stopped: 0.0025200 seconds, Stopping threads took: 0.0006810 seconds
140.928: Application time: 0.0026840 seconds
140.930: [GC140.930: [ParNew: 17307K->1425K(18432K), 0.0039810 secs] 35465K->31695K(59392K), 0.0040260 secs] [Times: user=0.03 sys=0.00, real=0.00 secs] 
140.934: Total time for which application threads were stopped: 0.0055920 seconds, Stopping threads took: 0.0014880 seconds
140.939: Application time: 0.0049430 seconds
140.940: [GC140.940: [ParNew: 17235K->17235K(18432K), 0.0000110 secs]140.940: [Tenured: 30270K->18870K(40960K), 0.0088950 secs] 47505K->18870K(59392K), [Perm : 6102K->6102K(21248K)], 0.0089650 secs] [Times: user=0.00 sys=0.00, real=0.01 secs] 
140.949: Total time for which application threads were stopped: 0.0103060 seconds, Stopping threads took: 0.0012520 seconds
140.954: Application time: 0.0051560 seconds
140.955: [GC140.955: [ParNew: 15764K->1427K(18432K), 0.0025390 secs] 34634K->26709K(59392K), 0.0025800 secs] [Times: user=0.02 sys=0.00, real=0.00 secs] 
140.958: Total time for which application threads were stopped: 0.0037930 seconds, Stopping threads took: 0.0011280 seconds
140.963: Application time: 0.0048400 seconds
140.963: [GC140.964: [ParNew: 17160K->17160K(18432K), 0.0000100 secs]140.964: [Tenured: 25282K->15843K(40960K), 0.0095700 secs] 42443K->15843K(59392K), [Perm : 6102K->6102K(21248K)], 0.0096290 secs] [Times: user=0.01 sys=0.00, real=0.00 secs] 
140.973: Total time for which application threads were stopped: 0.0103200 seconds, Stopping threads took: 0.0006020 seconds
140.977: Application time: 0.0041790 seconds
140.979: [GC140.979: [ParNew: 15713K->1425K(18432K), 0.0022030 secs] 31557K->22256K(59392K), 0.0022420 secs] [Times: user=0.02 sys=0.00, real=0.00 secs] 
140.981: Total time for which application threads were stopped: 0.0037450 seconds, Stopping threads took: 0.0014290 seconds
140.985: Application time: 0.0043640 seconds
140.987: [GC140.987: [ParNew: 17125K->1427K(18432K), 0.0015120 secs] 37956K->25820K(59392K), 0.0015500 secs] [Times: user=0.02 sys=0.00, real=0.00 secs] 
140.988: Total time for which application threads were stopped: 0.0028500 seconds, Stopping threads took: 0.0012140 seconds
140.991: Application time: 0.0027030 seconds
140.992: [GC140.992: [ParNew: 17118K->1425K(18432K), 0.0045040 secs] 41512K->39356K(59392K), 0.0045480 secs] [Times: user=0.04 sys=0.00, real=0.01 secs] 
140.997: Total time for which application threads were stopped: 0.0058140 seconds, Stopping threads took: 0.0011870 seconds
141.002: Application time: 0.0053630 seconds
141.003: [GC141.004: [ParNew: 17116K->17116K(18432K), 0.0000120 secs]141.004: [Tenured: 37931K->16556K(40960K), 0.0084740 secs] 55048K->16556K(59392K), [Perm : 6102K->6102K(21248K)], 0.0085400 secs] [Times: user=0.00 sys=0.00, real=0.00 secs] 
141.012: Total time for which application threads were stopped: 0.0098160 seconds, Stopping threads took: 0.0012020 seconds
141.017: Application time: 0.0048650 seconds
141.018: [GC141.018: [ParNew: 15689K->1427K(18432K), 0.0020480 secs] 32245K->22970K(59392K), 0.0020860 secs] [Times: user=0.02 sys=0.00, real=0.00 secs] 
141.020: Total time for which application threads were stopped: 0.0034680 seconds, Stopping threads took: 0.0012990 seconds
141.025: Application time: 0.0049790 seconds
141.025: [GC141.026: [ParNew: 17131K->1441K(18432K), 0.0017480 secs] 38674K->27260K(59392K), 0.0017850 secs] [Times: user=0.01 sys=0.00, real=0.00 secs] 
141.027: Total time for which application threads were stopped: 0.0018890 seconds, Stopping threads took: 0.0000420 seconds
141.032: Application time: 0.0049350 seconds
141.033: [GC141.033: [ParNew: 17149K->1433K(18432K), 0.0025000 secs] 42968K->33704K(59392K), 0.0025430 secs] [Times: user=0.01 sys=0.00, real=0.01 secs] 
141.035: Total time for which application threads were stopped: 0.0030760 seconds, Stopping threads took: 0.0004680 seconds
141.039: Application time: 0.0040980 seconds
141.041: [GC141.041: [ParNew: 17143K->17143K(18432K), 0.0000100 secs]141.041: [Tenured: 32271K->18700K(40960K), 0.0080200 secs] 49414K->18700K(59392K), [Perm : 6102K->6102K(21248K)], 0.0080760 secs] [Times: user=0.01 sys=0.00, real=0.01 secs] 
141.049: Total time for which application threads were stopped: 0.0092650 seconds, Stopping threads took: 0.0011210 seconds
141.051: Application time: 0.0028270 seconds
141.053: [GC141.053: [ParNew: 15691K->1425K(18432K), 0.0036200 secs] 34391K->30812K(59392K), 0.0036610 secs] [Times: user=0.02 sys=0.00, real=0.01 secs] 
141.056: Total time for which application threads were stopped: 0.0047460 seconds, Stopping threads took: 0.0010210 seconds
141.061: Application time: 0.0051430 seconds
141.062: [GC141.062: [ParNew: 17116K->17116K(18432K), 0.0000110 secs]141.062: [Tenured: 29387K->22975K(40960K), 0.0091520 secs] 46504K->22975K(59392K), [Perm : 6102K->6102K(21248K)], 0.0092210 secs] [Times: user=0.01 sys=0.00, real=0.00 secs] 
141.072: Total time for which application threads were stopped: 0.0101930 seconds, Stopping threads took: 0.0008820 seconds
141.076: Application time: 0.0048600 seconds
141.077: [GC141.077: [ParNew: 15691K->1427K(18432K), 0.0019330 secs] 38666K->29389K(59392K), 0.0019710 secs] [Times: user=0.01 sys=0.00, real=0.00 secs] 
141.079: Total time for which application threads were stopped: 0.0027670 seconds, Stopping threads took: 0.0007210 seconds
141.084: Application time: 0.0048400 seconds
141.085: [GC141.085: [ParNew: 17118K->17118K(18432K), 0.0000110 secs]141.085: [Tenured: 27962K->20118K(40960K), 0.0090430 secs] 45081K->20118K(59392K), [Perm : 6102K->6102K(21248K)], 0.0091030 secs] [Times: user=0.01 sys=0.00, real=0.00 secs] 
141.094: Total time for which application threads were stopped: 0.0096700 seconds, Stopping threads took: 0.0005000 seconds
141.098: Application time: 0.0043440 seconds
141.100: [GC141.100: [ParNew: 15691K->1427K(18432K), 0.0015740 secs] 35810K->25108K(59392K), 0.0016090 secs] [Times: user=0.01 sys=0.00, real=0.00 secs] 
141.101: Total time for which application threads were stopped: 0.0030000 seconds, Stopping threads took: 0.0013100 seconds
141.104: Application time: 0.0028390 seconds
141.105: [GC141.105: [ParNew: 17118K->1425K(18432K), 0.0039780 secs] 40800K->36506K(59392K), 0.0040210 secs] [Times: user=0.03 sys=0.00, real=0.00 secs] 
141.109: Total time for which application threads were stopped: 0.0047730 seconds, Stopping threads took: 0.0006660 seconds
141.114: Application time: 0.0056090 seconds
141.115: [GC141.115: [ParNew: 17116K->17116K(18432K), 0.0000100 secs]141.115: [Tenured: 35081K->20831K(40960K), 0.0079440 secs] 52198K->20831K(59392K), [Perm : 6102K->6102K(21248K)], 0.0080030 secs] [Times: user=0.01 sys=0.00, real=0.01 secs] 
141.123: Total time for which application threads were stopped: 0.0084140 seconds, Stopping threads took: 0.0003320 seconds
141.128: Application time: 0.0048510 seconds
141.128: [GC141.128: [ParNew: 15691K->1429K(18432K), 0.0023230 secs] 36522K->27960K(59392K), 0.0023620 secs] [Times: user=0.01 sys=0.00, real=0.00 secs] 
141.131: Total time for which application threads were stopped: 0.0028680 seconds, Stopping threads took: 0.0004240 seconds
141.135: Application time: 0.0046870 seconds
141.136: [GC141.136: [ParNew: 17120K->1427K(18432K), 0.0024290 secs] 43652K->33658K(59392K), 0.0024680 secs] [Times: user=0.02 sys=0.00, real=0.00 secs] 
141.139: Total time for which application threads were stopped: 0.0033770 seconds, Stopping threads took: 0.0008480 seconds
141.144: Application time: 0.0051570 seconds
141.145: [GC141.145: [ParNew: 17118K->17118K(18432K), 0.0000100 secs]141.145: [Tenured: 32231K->19406K(40960K), 0.0076820 secs] 49350K->19406K(59392K), [Perm : 6102K->6102K(21248K)], 0.0077420 secs] [Times: user=0.01 sys=0.00, real=0.00 secs] 
141.152: Total time for which application threads were stopped: 0.0084860 seconds, Stopping threads took: 0.0006760 seconds
141.157: Application time: 0.0048420 seconds
141.158: [GC141.158: [ParNew: 15691K->1431K(18432K), 0.0020920 secs] 35097K->25825K(59392K), 0.0021320 secs] [Times: user=0.02 sys=0.00, real=0.00 secs] 
141.160: Total time for which application threads were stopped: 0.0027680 seconds, Stopping threads took: 0.0005600 seconds
141.166: Application time: 0.0056710 seconds
141.167: [GC141.167: [ParNew: 17135K->1439K(18432K), 0.0018980 secs] 41529K->30108K(59392K), 0.0019340 secs] [Times: user=0.01 sys=0.00, real=0.00 secs] 
141.169: Total time for which application threads were stopped: 0.0029920 seconds, Stopping threads took: 0.0009960 seconds
141.173: Application time: 0.0045230 seconds
141.174: [GC141.174: [ParNew: 17156K->1439K(18432K), 0.0023780 secs] 45825K->36544K(59392K), 0.0024280 secs] [Times: user=0.01 sys=0.00, real=0.00 secs] 
141.177: Total time for which application threads were stopped: 0.0037680 seconds, Stopping threads took: 0.0012550 seconds
141.180: Application time: 0.0034450 seconds
141.182: [GC141.182: [ParNew: 17141K->17141K(18432K), 0.0000110 secs]141.182: [Tenured: 35105K->17269K(40960K), 0.0103830 secs] 52247K->17269K(59392K), [Perm : 6102K->6102K(21248K)], 0.0104430 secs] [Times: user=0.01 sys=0.00, real=0.01 secs] 
141.192: Total time for which application threads were stopped: 0.0117190 seconds, Stopping threads took: 0.0012050 seconds
141.196: Application time: 0.0038490 seconds
141.197: [GC141.197: [ParNew: 15690K->1425K(18432K), 0.0029560 secs] 32959K->27244K(59392K), 0.0029980 secs] [Times: user=0.02 sys=0.00, real=0.00 secs] 
141.200: Total time for which application threads were stopped: 0.0039290 seconds, Stopping threads took: 0.0008470 seconds
141.205: Application time: 0.0050190 seconds
141.206: [GC141.206: [ParNew: 17117K->1427K(18432K), 0.0016800 secs] 42937K->31522K(59392K), 0.0017140 secs] [Times: user=0.02 sys=0.00, real=0.00 secs] 
141.208: Total time for which application threads were stopped: 0.0028270 seconds, Stopping threads took: 0.0010520 seconds
141.211: Application time: 0.0037700 seconds
141.212: [GC141.212: [ParNew: 17119K->17119K(18432K), 0.0000100 secs]141.212: [Tenured: 30095K->17269K(40960K), 0.0088650 secs] 47214K->17269K(59392K), [Perm : 6102K->6102K(21248K)], 0.0089260 secs] [Times: user=0.01 sys=0.00, real=0.01 secs] 
141.221: Total time for which application threads were stopped: 0.0098450 seconds, Stopping threads took: 0.0008490 seconds
141.226: Application time: 0.0042050 seconds
141.227: [GC141.227: [ParNew: 15688K->1427K(18432K), 0.0026540 secs] 32958K->25822K(59392K), 0.0026960 secs] [Times: user=0.02 sys=0.00, real=0.00 secs] 
141.229: Total time for which application threads were stopped: 0.0038010 seconds, Stopping threads took: 0.0010180 seconds
141.234: Application time: 0.0046600 seconds
141.235: [GC141.235: [ParNew: 17120K->1425K(18432K), 0.0014900 secs] 41515K->29383K(59392K), 0.0015230 secs] [Times: user=0.01 sys=0.00, real=0.00 secs] 
141.237: Total time for which application threads were stopped: 0.0028280 seconds, Stopping threads took: 0.0012250 seconds
141.240: Application time: 0.0032490 seconds
141.242: [GC141.242: [ParNew: 17118K->1425K(18432K), 0.0025310 secs] 45077K->35797K(59392K), 0.0025710 secs] [Times: user=0.01 sys=0.00, real=0.01 secs] 
141.244: Total time for which application threads were stopped: 0.0042540 seconds, Stopping threads took: 0.0015980 seconds
141.248: Application time: 0.0040890 seconds
141.250: [GC141.250: [ParNew: 17118K->17118K(18432K), 0.0000100 secs]141.250: [Tenured: 34371K->16557K(40960K), 0.0083350 secs] 51490K->16557K(59392K), [Perm : 6102K->6102K(21248K)], 0.0083940 secs] [Times: user=0.01 sys=0.00, real=0.01 secs] 
141.258: Total time for which application threads were stopped: 0.0096920 seconds, Stopping threads took: 0.0012090 seconds
141.262: Application time: 0.0037850 seconds
141.263: [GC141.263: [ParNew: 15693K->1425K(18432K), 0.0030000 secs] 32251K->26534K(59392K), 0.0030420 secs] [Times: user=0.02 sys=0.00, real=0.00 secs] 
141.266: Total time for which application threads were stopped: 0.0040130 seconds, Stopping threads took: 0.0008810 seconds
141.271: Application time: 0.0050230 seconds
141.272: [GC141.272: [ParNew: 17119K->1429K(18432K), 0.0018360 secs] 42228K->30814K(59392K), 0.0018720 secs] [Times: user=0.02 sys=0.00, real=0.00 secs] 
141.274: Total time for which application threads were stopped: 0.0027690 seconds, Stopping threads took: 0.0008230 seconds
141.278: Application time: 0.0040700 seconds
141.279: [GC141.279: [ParNew: 17123K->1425K(18432K), 0.0021210 secs] 46508K->35798K(59392K), 0.0021630 secs] [Times: user=0.01 sys=0.00, real=0.00 secs] 
141.281: Total time for which application threads were stopped: 0.0034250 seconds, Stopping threads took: 0.0011770 seconds
141.285: Application time: 0.0033750 seconds
141.285: [GC141.285: [ParNew: 17117K->17117K(18432K), 0.0000110 secs]141.285: [Tenured: 34373K->18696K(40960K), 0.0087290 secs] 51491K->18696K(59392K), [Perm : 6102K->6102K(21248K)], 0.0087970 secs] [Times: user=0.01 sys=0.00, real=0.01 secs] 
141.294: Total time for which application threads were stopped: 0.0093890 seconds, Stopping threads took: 0.0005030 seconds
141.299: Application time: 0.0052140 seconds
141.300: [GC141.300: [ParNew: 15698K->1437K(18432K), 0.0019720 secs] 34394K->25122K(59392K), 0.0020060 secs] [Times: user=0.01 sys=0.00, real=0.00 secs] 
141.302: Total time for which application threads were stopped: 0.0025150 seconds, Stopping threads took: 0.0004260 seconds
141.306: Application time: 0.0043610 seconds
141.308: [GC141.308: [ParNew: 17132K->1429K(18432K), 0.0017190 secs] 40817K->29414K(59392K), 0.0017580 secs] [Times: user=0.02 sys=0.00, real=0.00 secs] 
141.309: Total time for which application threads were stopped: 0.0031490 seconds, Stopping threads took: 0.0013050 seconds
141.313: Application time: 0.0035400 seconds
141.313: [GC141.313: [ParNew: 17124K->1425K(18432K), 0.0031090 secs] 45109K->37978K(59392K), 0.0031510 secs] [Times: user=0.03 sys=0.00, real=0.01 secs] 
141.317: Total time for which application threads were stopped: 0.0036250 seconds, Stopping threads took: 0.0004070 seconds
141.321: Application time: 0.0049840 seconds
141.322: [GC141.322: [ParNew: 17132K->17132K(18432K), 0.0000100 secs]141.322: [Tenured: 36553K->15136K(40960K), 0.0080140 secs] 53685K->15136K(59392K), [Perm : 6102K->6102K(21248K)], 0.0080680 secs] [Times: user=0.00 sys=0.00, real=0.00 secs] 
141.330: Total time for which application threads were stopped: 0.0088210 seconds, Stopping threads took: 0.0006860 seconds
141.334: Application time: 0.0036660 seconds
141.335: [GC141.335: [ParNew: 15705K->1437K(18432K), 0.0025520 secs] 30842K->23701K(59392K), 0.0025930 secs] [Times: user=0.02 sys=0.00, real=0.00 secs] 
141.338: Total time for which application threads were stopped: 0.0034440 seconds, Stopping threads took: 0.0007840 seconds
141.342: Application time: 0.0046590 seconds
141.343: [GC141.343: [ParNew: 17143K->1437K(18432K), 0.0025000 secs] 39406K->30155K(59392K), 0.0025400 secs] [Times: user=0.02 sys=0.00, real=0.00 secs] 
141.346: Total time for which application threads were stopped: 0.0035390 seconds, Stopping threads took: 0.0009330 seconds
141.349: Application time: 0.0032470 seconds
141.350: [GC141.350: [ParNew: 17130K->1425K(18432K), 0.0032550 secs] 45848K->38727K(59392K), 0.0032970 secs] [Times: user=0.02 sys=0.00, real=0.00 secs] 
141.353: Total time for which application threads were stopped: 0.0040620 seconds, Stopping threads took: 0.0006990 seconds
141.358: Application time: 0.0049290 seconds
141.359: [GC141.359: [ParNew: 17120K->17120K(18432K), 0.0000090 secs]141.359: [Tenured: 37301K->20120K(40960K), 0.0088740 secs] 54421K->20120K(59392K), [Perm : 6102K->6102K(21248K)], 0.0089290 secs] [Times: user=0.01 sys=0.00, real=0.01 secs] 
141.368: Total time for which application threads were stopped: 0.0097160 seconds, Stopping threads took: 0.0007100 seconds
141.372: Application time: 0.0038970 seconds
141.373: [GC141.373: [ParNew: 15700K->1433K(18432K), 0.0020670 secs] 35821K->26542K(59392K), 0.0021070 secs] [Times: user=0.02 sys=0.00, real=0.01 secs] 
141.375: Total time for which application threads were stopped: 0.0032460 seconds, Stopping threads took: 0.0010750 seconds
141.379: Application time: 0.0037480 seconds
141.379: [GC141.379: [ParNew: 17125K->1425K(18432K), 0.0031160 secs] 42235K->35118K(59392K), 0.0031580 secs] [Times: user=0.02 sys=0.01, real=0.01 secs] 
141.382: Total time for which application threads were stopped: 0.0034750 seconds, Stopping threads took: 0.0002310 seconds
141.387: Application time: 0.0052390 seconds
141.388: [GC141.388: [ParNew: 17119K->17119K(18432K), 0.0000110 secs]141.388: [Tenured: 33693K->21546K(40960K), 0.0079230 secs] 50812K->21546K(59392K), [Perm : 6102K->6102K(21248K)], 0.0079850 secs] [Times: user=0.01 sys=0.00, real=0.01 secs] 
141.396: Total time for which application threads were stopped: 0.0083790 seconds, Stopping threads took: 0.0003170 seconds
141.400: Application time: 0.0042070 seconds
141.401: [GC141.401: [ParNew: 15693K->1427K(18432K), 0.0025580 secs] 37240K->29387K(59392K), 0.0026070 secs] [Times: user=0.01 sys=0.00, real=0.01 secs] 
141.403: Total time for which application threads were stopped: 0.0034160 seconds, Stopping threads took: 0.0007460 seconds
141.407: Application time: 0.0037000 seconds
141.408: [GC141.408: [ParNew: 17120K->1425K(18432K), 0.0025600 secs] 45081K->36511K(59392K), 0.0025980 secs] [Times: user=0.01 sys=0.00, real=0.00 secs] 
141.410: Total time for which application threads were stopped: 0.0033400 seconds, Stopping threads took: 0.0006590 seconds
141.416: Application time: 0.0051270 seconds
141.416: [GC141.416: [ParNew: 17118K->17118K(18432K), 0.0000100 secs]141.416: [Tenured: 35086K->20121K(40960K), 0.0085510 secs] 52205K->20121K(59392K), [Perm : 6102K->6102K(21248K)], 0.0086080 secs] [Times: user=0.01 sys=0.00, real=0.01 secs] 
141.425: Total time for which application threads were stopped: 0.0092380 seconds, Stopping threads took: 0.0005600 seconds
141.428: Application time: 0.0032580 seconds
141.429: [GC141.429: [ParNew: 15693K->1425K(18432K), 0.0023330 secs] 35814K->27959K(59392K), 0.0023700 secs] [Times: user=0.02 sys=0.00, real=0.00 secs] 
141.432: Total time for which application threads were stopped: 0.0034520 seconds, Stopping threads took: 0.0010220 seconds
141.436: Application time: 0.0043050 seconds
141.436: [GC141.436: [ParNew: 17118K->1427K(18432K), 0.0023050 secs] 43652K->33662K(59392K), 0.0023410 secs] [Times: user=0.01 sys=0.00, real=0.00 secs] 
141.439: Total time for which application threads were stopped: 0.0029150 seconds, Stopping threads took: 0.0005140 seconds
141.442: Application time: 0.0036860 seconds
141.443: [GC141.443: [ParNew: 17119K->17119K(18432K), 0.0000090 secs]141.443: [Tenured: 32235K->23683K(40960K), 0.0084700 secs] 49355K->23683K(59392K), [Perm : 6102K->6102K(21248K)], 0.0085260 secs] [Times: user=0.00 sys=0.00, real=0.00 secs] 
141.452: Total time for which application threads were stopped: 0.0095130 seconds, Stopping threads took: 0.0009230 seconds
141.457: Application time: 0.0051920 seconds
141.458: [GC141.458: [ParNew: 15692K->1431K(18432K), 0.0021050 secs] 39376K->30103K(59392K), 0.0021380 secs] [Times: user=0.01 sys=0.00, real=0.00 secs] 
141.460: Total time for which application threads were stopped: 0.0026380 seconds, Stopping threads took: 0.0004390 seconds
141.464: Application time: 0.0045390 seconds
141.465: [GC141.465: [ParNew: 17131K->1437K(18432K), 0.0019810 secs] 45803K->35096K(59392K), 0.0020140 secs] [Times: user=0.01 sys=0.00, real=0.00 secs] 
141.467: Total time for which application threads were stopped: 0.0027880 seconds, Stopping threads took: 0.0006930 seconds
141.471: Application time: 0.0034530 seconds
141.471: [GC141.471: [ParNew: 17127K->17127K(18432K), 0.0000090 secs]141.471: [Tenured: 33659K->23683K(40960K), 0.0115280 secs] 50786K->23683K(59392K), [Perm : 6102K->6102K(21248K)], 0.0115800 secs] [Times: user=0.01 sys=0.00, real=0.02 secs] 
141.483: Total time for which application threads were stopped: 0.0122390 seconds, Stopping threads took: 0.0005930 seconds
141.488: Application time: 0.0051860 seconds
141.489: [GC141.489: [ParNew: 15689K->1425K(18432K), 0.0019670 secs] 39372K->29383K(59392K), 0.0020020 secs] [Times: user=0.01 sys=0.00, real=0.00 secs] 
141.491: Total time for which application threads were stopped: 0.0030800 seconds, Stopping threads took: 0.0009970 seconds
141.497: Application time: 0.0054860 seconds
141.497: [GC141.497: [ParNew: 17140K->1441K(18432K), 0.0021730 secs] 45098K->35099K(59392K), 0.0022100 secs] [Times: user=0.01 sys=0.00, real=0.00 secs] 
141.499: Total time for which application threads were stopped: 0.0027360 seconds, Stopping threads took: 0.0004460 seconds
141.574: Application time: 0.0745750 seconds
141.574: [GC141.574: [ParNew: 17162K->17162K(18432K), 0.0000100 secs]141.574: [Tenured: 33658K->19406K(40960K), 0.0100300 secs] 50821K->19406K(59392K), [Perm : 6102K->6102K(21248K)], 0.0100860 secs] [Times: user=0.01 sys=0.00, real=0.01 secs] 
141.584: Total time for which application threads were stopped: 0.0102280 seconds, Stopping threads took: 0.0000600 seconds
141.639: Application time: 0.0544770 seconds
141.639: [GC141.639: [ParNew: 15691K->1425K(18432K), 0.0044410 secs] 35097K->35081K(59392K), 0.0044800 secs] [Times: user=0.04 sys=0.00, real=0.01 secs] 
141.643: Total time for which application threads were stopped: 0.0046500 seconds, Stopping threads took: 0.0001070 seconds
141.675: Application time: 0.0314460 seconds
141.675: [GC141.675: [ParNew: 17116K->17116K(18432K), 0.0000110 secs]141.675: [Tenured: 33656K->25106K(40960K), 0.0116270 secs] 50773K->25106K(59392K), [Perm : 6102K->6102K(21248K)], 0.0116880 secs] [Times: user=0.01 sys=0.00, real=0.01 secs] 
141.687: Total time for which application threads were stopped: 0.0118770 seconds, Stopping threads took: 0.0001190 seconds
141.768: Application time: 0.0815310 seconds
141.768: [GC141.768: [ParNew: 15691K->1427K(18432K), 0.0043050 secs] 40798K->40071K(59392K), 0.0043450 secs] [Times: user=0.04 sys=0.00, real=0.00 secs] 
141.773: Total time for which application threads were stopped: 0.0045970 seconds, Stopping threads took: 0.0001690 seconds
141.848: Application time: 0.0756190 seconds
141.849: [GC141.849: [ParNew: 17118K->17118K(18432K), 0.0000100 secs]141.849: [Tenured: 38644K->24393K(40960K), 0.0098120 secs] 55762K->24393K(59392K), [Perm : 6102K->6102K(21248K)], 0.0098720 secs] [Times: user=0.01 sys=0.00, real=0.01 secs] 
141.858: Total time for which application threads were stopped: 0.0100840 seconds, Stopping threads took: 0.0001340 seconds
141.936: Application time: 0.0779940 seconds
141.937: [GC141.937: [ParNew: 15691K->1425K(18432K), 0.0044540 secs] 40085K->40069K(59392K), 0.0044970 secs] [Times: user=0.03 sys=0.00, real=0.00 secs] 
141.941: Total time for which application threads were stopped: 0.0047770 seconds, Stopping threads took: 0.0001990 seconds
142.019: Application time: 0.0779590 seconds
142.019: [GC142.019: [ParNew: 17116K->17116K(18432K), 0.0000100 secs]142.019: [Tenured: 38644K->23681K(40960K), 0.0106860 secs] 55760K->23681K(59392K), [Perm : 6102K->6102K(21248K)], 0.0107420 secs] [Times: user=0.01 sys=0.00, real=0.01 secs] 
142.030: Total time for which application threads were stopped: 0.0110050 seconds, Stopping threads took: 0.0001810 seconds
142.104: Application time: 0.0740440 seconds
142.104: [GC142.105: [ParNew: 15691K->1425K(18432K), 0.0045360 secs] 39372K->39356K(59392K), 0.0045830 secs] [Times: user=0.04 sys=0.00, real=0.00 secs] 
142.109: Total time for which application threads were stopped: 0.0048310 seconds, Stopping threads took: 0.0001830 seconds
142.176: Application time: 0.0664260 seconds
142.176: [GC142.176: [ParNew: 17116K->17116K(18432K), 0.0000110 secs]142.176: [Tenured: 37931K->24393K(40960K), 0.0094460 secs] 55048K->24393K(59392K), [Perm : 6102K->6102K(21248K)], 0.0095070 secs] [Times: user=0.01 sys=0.00, real=0.01 secs] 
142.185: Total time for which application threads were stopped: 0.0096750 seconds, Stopping threads took: 0.0000990 seconds
142.263: Application time: 0.0775690 seconds
142.263: [GC142.263: [ParNew: 15691K->1427K(18432K), 0.0043520 secs] 40085K->39358K(59392K), 0.0043960 secs] [Times: user=0.03 sys=0.00, real=0.00 secs] 
142.267: Total time for which application threads were stopped: 0.0046550 seconds, Stopping threads took: 0.0001930 seconds
142.343: Application time: 0.0760020 seconds
142.344: [GC142.344: [ParNew: 17118K->17118K(18432K), 0.0000110 secs]142.344: [Tenured: 37931K->23681K(40960K), 0.0091320 secs] 55050K->23681K(59392K), [Perm : 6102K->6102K(21248K)], 0.0091920 secs] [Times: user=0.01 sys=0.00, real=0.00 secs] 
142.353: Total time for which application threads were stopped: 0.0093270 seconds, Stopping threads took: 0.0000670 seconds
142.404: Application time: 0.0512640 seconds
142.404: [GC142.404: [ParNew: 15691K->1425K(18432K), 0.0047670 secs] 39372K->39356K(59392K), 0.0048090 secs] [Times: user=0.04 sys=0.00, real=0.00 secs] 
142.409: Total time for which application threads were stopped: 0.0049460 seconds, Stopping threads took: 0.0000630 seconds
142.486: Application time: 0.0766000 seconds
142.486: [GC142.486: [ParNew: 17122K->17122K(18432K), 0.0000110 secs]142.486: [Tenured: 37931K->23682K(40960K), 0.0098310 secs] 55054K->23682K(59392K), [Perm : 6102K->6102K(21248K)], 0.0098900 secs] [Times: user=0.01 sys=0.00, real=0.01 secs] 
142.496: Total time for which application threads were stopped: 0.0100710 seconds, Stopping threads took: 0.0001020 seconds
142.561: Application time: 0.0649850 seconds
142.561: [GC142.561: [ParNew: 15735K->1439K(18432K), 0.0045600 secs] 39418K->39371K(59392K), 0.0046040 secs] [Times: user=0.03 sys=0.00, real=0.01 secs] 
142.565: Total time for which application threads were stopped: 0.0047370 seconds, Stopping threads took: 0.0000670 seconds
142.638: Application time: 0.0728570 seconds
142.638: [GC142.638: [ParNew: 17130K->17130K(18432K), 0.0000100 secs]142.638: [Tenured: 37932K->29381K(40960K), 0.0119850 secs] 55063K->29381K(59392K), [Perm : 6102K->6102K(21248K)], 0.0120460 secs] [Times: user=0.01 sys=0.00, real=0.01 secs] 
142.650: Total time for which application threads were stopped: 0.0121790 seconds, Stopping threads took: 0.0000610 seconds
142.730: Application time: 0.0795550 seconds
142.730: [GC142.730: [ParNew: 15691K->15691K(18432K), 0.0000100 secs]142.730: [Tenured: 29381K->29381K(40960K), 0.0098450 secs] 45073K->29381K(59392K), [Perm : 6102K->6102K(21248K)], 0.0099070 secs] [Times: user=0.01 sys=0.00, real=0.01 secs] 
142.740: Total time for which application threads were stopped: 0.0100740 seconds, Stopping threads took: 0.0000960 seconds
142.810: Application time: 0.0695550 seconds
142.810: [GC142.810: [ParNew: 15691K->15691K(18432K), 0.0000100 secs]142.810: [Tenured: 29381K->30094K(40960K), 0.0097890 secs] 45073K->30094K(59392K), [Perm : 6102K->6102K(21248K)], 0.0098500 secs] [Times: user=0.01 sys=0.00, real=0.01 secs] 
142.820: Total time for which application threads were stopped: 0.0100190 seconds, Stopping threads took: 0.0001010 seconds
142.899: Application time: 0.0798210 seconds
142.900: [GC142.900: [ParNew: 15691K->15691K(18432K), 0.0000100 secs]142.900: [Tenured: 30094K->28669K(40960K), 0.0094160 secs] 45785K->28669K(59392K), [Perm : 6102K->6102K(21248K)], 0.0094750 secs] [Times: user=0.01 sys=0.00, real=0.01 secs] 
142.909: Total time for which application threads were stopped: 0.0096390 seconds, Stopping threads took: 0.0000960 seconds
142.984: Application time: 0.0748350 seconds
142.984: [GC142.984: [ParNew: 15691K->15691K(18432K), 0.0000110 secs]142.984: [Tenured: 28669K->29381K(40960K), 0.0096500 secs] 44360K->29381K(59392K), [Perm : 6102K->6102K(21248K)], 0.0097110 secs] [Times: user=0.01 sys=0.00, real=0.00 secs] 
142.994: Total time for which application threads were stopped: 0.0098890 seconds, Stopping threads took: 0.0000890 seconds
143.060: Application time: 0.0660940 seconds
143.060: [GC143.060: [ParNew: 15691K->15691K(18432K), 0.0000100 secs]143.060: [Tenured: 29381K->29381K(40960K), 0.0090300 secs] 45073K->29381K(59392K), [Perm : 6102K->6102K(21248K)], 0.0090900 secs] [Times: user=0.01 sys=0.00, real=0.01 secs] 
143.069: Total time for which application threads were stopped: 0.0093030 seconds, Stopping threads took: 0.0001240 seconds
143.144: Application time: 0.0751670 seconds
143.145: [GC143.145: [ParNew: 15689K->15689K(18432K), 0.0000110 secs]143.145: [Tenured: 29381K->30094K(40960K), 0.0100100 secs] 45071K->30094K(59392K), [Perm : 6102K->6102K(21248K)], 0.0100700 secs] [Times: user=0.01 sys=0.00, real=0.01 secs] 
143.155: Total time for which application threads were stopped: 0.0102520 seconds, Stopping threads took: 0.0000910 seconds
143.225: Application time: 0.0706270 seconds
143.225: [GC143.225: [ParNew: 15691K->15691K(18432K), 0.0000100 secs]143.225: [Tenured: 30094K->29381K(40960K), 0.0090710 secs] 45785K->29381K(59392K), [Perm : 6102K->6102K(21248K)], 0.0091300 secs] [Times: user=0.01 sys=0.00, real=0.01 secs] 
143.235: Total time for which application threads were stopped: 0.0093430 seconds, Stopping threads took: 0.0001340 seconds
143.303: Application time: 0.0682080 seconds
143.303: [GC143.303: [ParNew: 15691K->15691K(18432K), 0.0000120 secs]143.303: [Tenured: 29381K->29381K(40960K), 0.0104080 secs] 45073K->29381K(59392K), [Perm : 6102K->6102K(21248K)], 0.0104780 secs] [Times: user=0.02 sys=0.00, real=0.00 secs] 
143.313: Total time for which application threads were stopped: 0.0106630 seconds, Stopping threads took: 0.0001160 seconds
143.385: Application time: 0.0710560 seconds
143.385: [GC143.385: [ParNew: 15691K->15691K(18432K), 0.0000100 secs]143.385: [Tenured: 29381K->30094K(40960K), 0.0092210 secs] 45073K->30094K(59392K), [Perm : 6102K->6102K(21248K)], 0.0092810 secs] [Times: user=0.01 sys=0.00, real=0.00 secs] 
143.394: Total time for which application threads were stopped: 0.0094350 seconds, Stopping threads took: 0.0000840 seconds
143.461: Application time: 0.0665650 seconds
143.461: [GC143.461: [ParNew: 15698K->15698K(18432K), 0.0000110 secs]143.461: [Tenured: 30094K->30095K(40960K), 0.0108510 secs] 45792K->30095K(59392K), [Perm : 6102K->6102K(21248K)], 0.0109140 secs] [Times: user=0.01 sys=0.00, real=0.01 secs] 
143.472: Total time for which application threads were stopped: 0.0111840 seconds, Stopping threads took: 0.0001980 seconds
143.551: Application time: 0.0791060 seconds
143.551: [GC143.551: [ParNew: 15687K->15687K(18432K), 0.0000100 secs]143.551: [Tenured: 30095K->30095K(40960K), 0.0092660 secs] 45782K->30095K(59392K), [Perm : 6102K->6102K(21248K)], 0.0093240 secs] [Times: user=0.01 sys=0.00, real=0.01 secs] 
143.560: Total time for which application threads were stopped: 0.0094600 seconds, Stopping threads took: 0.0000680 seconds
143.631: Application time: 0.0708450 seconds
143.631: [GC143.631: [ParNew: 15704K->15704K(18432K), 0.0000100 secs]143.631: [Tenured: 30095K->26531K(40960K), 0.0113910 secs] 45799K->26531K(59392K), [Perm : 6102K->6102K(21248K)], 0.0114510 secs] [Times: user=0.01 sys=0.00, real=0.02 secs] 
143.643: Total time for which application threads were stopped: 0.0116840 seconds, Stopping threads took: 0.0001530 seconds
143.678: Application time: 0.0347650 seconds
143.678: [GC143.678: [ParNew: 15722K->15722K(18432K), 0.0000100 secs]143.678: [Tenured: 26531K->18693K(40960K), 0.0099550 secs] 42253K->18693K(59392K), [Perm : 6102K->6102K(21248K)], 0.0100140 secs] [Times: user=0.01 sys=0.00, real=0.01 secs] 
143.688: Total time for which application threads were stopped: 0.0101890 seconds, Stopping threads took: 0.0001080 seconds
143.740: Application time: 0.0526470 seconds
143.741: [GC143.741: [ParNew: 15696K->1433K(18432K), 0.0037220 secs] 34389K->30814K(59392K), 0.0037620 secs] [Times: user=0.03 sys=0.00, real=0.01 secs] 
143.744: Total time for which application threads were stopped: 0.0039470 seconds, Stopping threads took: 0.0001100 seconds
143.807: Application time: 0.0626420 seconds
143.807: [GC143.807: [ParNew: 17120K->17120K(18432K), 0.0000110 secs]143.807: [Tenured: 29381K->23681K(40960K), 0.0105270 secs] 46502K->23681K(59392K), [Perm : 6102K->6102K(21248K)], 0.0105860 secs] [Times: user=0.01 sys=0.00, real=0.01 secs] 
143.818: Total time for which application threads were stopped: 0.0107230 seconds, Stopping threads took: 0.0000700 seconds
143.853: Application time: 0.0354240 seconds
143.853: [GC143.853: [ParNew: 15687K->1425K(18432K), 0.0037040 secs] 39369K->35795K(59392K), 0.0037460 secs] [Times: user=0.02 sys=0.00, real=0.01 secs] 
143.857: Total time for which application threads were stopped: 0.0038820 seconds, Stopping threads took: 0.0000690 seconds
143.909: Application time: 0.0515730 seconds
143.909: [GC143.909: [ParNew: 17113K->17113K(18432K), 0.0000110 secs]143.909: [Tenured: 34370K->23682K(40960K), 0.0107920 secs] 51483K->23682K(59392K), [Perm : 6102K->6102K(21248K)], 0.0108510 secs] [Times: user=0.01 sys=0.00, real=0.01 secs] 
143.920: Total time for which application threads were stopped: 0.0110740 seconds, Stopping threads took: 0.0001310 seconds
143.981: Application time: 0.0617500 seconds
143.982: [GC143.982: [ParNew: 15688K->1425K(18432K), 0.0036380 secs] 39370K->35795K(59392K), 0.0036800 secs] [Times: user=0.03 sys=0.00, real=0.01 secs] 
143.985: Total time for which application threads were stopped: 0.0038360 seconds, Stopping threads took: 0.0000900 seconds
144.045: Application time: 0.0595790 seconds
144.045: [GC144.045: [ParNew: 17113K->17113K(18432K), 0.0000110 secs]144.045: [Tenured: 34370K->23682K(40960K), 0.0108660 secs] 51483K->23682K(59392K), [Perm : 6102K->6102K(21248K)], 0.0109270 secs] [Times: user=0.01 sys=0.00, real=0.01 secs] 
144.056: Total time for which application threads were stopped: 0.0110860 seconds, Stopping threads took: 0.0000900 seconds
144.083: Application time: 0.0269920 seconds
144.083: [GC144.083: [ParNew: 15688K->1425K(18432K), 0.0037850 secs] 39370K->35795K(59392K), 0.0038300 secs] [Times: user=0.02 sys=0.00, real=0.00 secs] 
144.087: Total time for which application threads were stopped: 0.0040610 seconds, Stopping threads took: 0.0001530 seconds
144.152: Application time: 0.0646240 seconds
144.152: [GC144.152: [ParNew: 17113K->17113K(18432K), 0.0000100 secs]144.152: [Tenured: 34370K->23682K(40960K), 0.0091110 secs] 51484K->23682K(59392K), [Perm : 6102K->6102K(21248K)], 0.0091680 secs] [Times: user=0.01 sys=0.00, real=0.01 secs] 
144.161: Total time for which application threads were stopped: 0.0093230 seconds, Stopping threads took: 0.0000780 seconds
144.218: Application time: 0.0573380 seconds
144.218: [GC144.219: [ParNew: 15688K->1425K(18432K), 0.0036920 secs] 39371K->35796K(59392K), 0.0037340 secs] [Times: user=0.03 sys=0.00, real=0.01 secs] 
144.222: Total time for which application threads were stopped: 0.0039280 seconds, Stopping threads took: 0.0001310 seconds
144.270: Application time: 0.0481230 seconds
144.271: [GC144.271: [ParNew: 17113K->17113K(18432K), 0.0000090 secs]144.271: [Tenured: 34371K->23682K(40960K), 0.0090590 secs] 51484K->23682K(59392K), [Perm : 6102K->6102K(21248K)], 0.0091170 secs] [Times: user=0.01 sys=0.00, real=0.01 secs] 
144.280: Total time for which application threads were stopped: 0.0092850 seconds, Stopping threads took: 0.0001000 seconds
144.323: Application time: 0.0431850 seconds
144.323: [GC144.323: [ParNew: 15688K->1425K(18432K), 0.0035960 secs] 39371K->35796K(59392K), 0.0036420 secs] [Times: user=0.02 sys=0.00, real=0.00 secs] 
144.327: Total time for which application threads were stopped: 0.0038190 seconds, Stopping threads took: 0.0001100 seconds
144.395: Application time: 0.0681880 seconds
144.395: [GC144.395: [ParNew: 17114K->17114K(18432K), 0.0000110 secs]144.395: [Tenured: 34371K->23683K(40960K), 0.0106120 secs] 51485K->23683K(59392K), [Perm : 6102K->6102K(21248K)], 0.0106740 secs] [Times: user=0.01 sys=0.00, real=0.01 secs] 
144.406: Total time for which application threads were stopped: 0.0108730 seconds, Stopping threads took: 0.0001280 seconds
144.444: Application time: 0.0381640 seconds
144.444: [GC144.444: [ParNew: 15697K->1437K(18432K), 0.0035260 secs] 39380K->35809K(59392K), 0.0035690 secs] [Times: user=0.02 sys=0.00, real=0.00 secs] 
144.448: Total time for which application threads were stopped: 0.0037350 seconds, Stopping threads took: 0.0001030 seconds
144.493: Application time: 0.0457820 seconds
144.494: [GC144.494: [ParNew: 17128K->17128K(18432K), 0.0000100 secs]144.494: [Tenured: 34371K->24395K(40960K), 0.0100990 secs] 51500K->24395K(59392K), [Perm : 6102K->6102K(21248K)], 0.0101580 secs] [Times: user=0.01 sys=0.00, real=0.02 secs] 
144.504: Total time for which application threads were stopped: 0.0102900 seconds, Stopping threads took: 0.0000640 seconds
144.569: Application time: 0.0652840 seconds
144.569: [GC144.569: [ParNew: 15689K->1425K(18432K), 0.0035580 secs] 40085K->36510K(59392K), 0.0036000 secs] [Times: user=0.03 sys=0.00, real=0.00 secs] 
144.573: Total time for which application threads were stopped: 0.0037410 seconds, Stopping threads took: 0.0000750 seconds
144.613: Application time: 0.0401210 seconds
144.613: [GC144.613: [ParNew: 17121K->17121K(18432K), 0.0000100 secs]144.613: [Tenured: 35084K->24396K(40960K), 0.0100610 secs] 52205K->24396K(59392K), [Perm : 6102K->6102K(21248K)], 0.0101260 secs] [Times: user=0.01 sys=0.00, real=0.02 secs] 
144.623: Total time for which application threads were stopped: 0.0102830 seconds, Stopping threads took: 0.0000900 seconds
144.666: Application time: 0.0428040 seconds
144.666: [GC144.666: [ParNew: 15715K->1439K(18432K), 0.0037510 secs] 40112K->36525K(59392K), 0.0037900 secs] [Times: user=0.03 sys=0.00, real=0.00 secs] 
144.670: Total time for which application threads were stopped: 0.0039600 seconds, Stopping threads took: 0.0000900 seconds
144.740: Application time: 0.0697030 seconds
144.740: [GC144.740: [ParNew: 17141K->17141K(18432K), 0.0000090 secs]144.740: [Tenured: 35085K->26539K(40960K), 0.0097800 secs] 52227K->26539K(59392K), [Perm : 6102K->6102K(21248K)], 0.0098410 secs] [Times: user=0.01 sys=0.00, real=0.01 secs] 
144.750: Total time for which application threads were stopped: 0.0101070 seconds, Stopping threads took: 0.0001980 seconds
144.787: Application time: 0.0370400 seconds
144.787: [GC144.787: [ParNew: 15689K->15689K(18432K), 0.0000100 secs]144.787: [Tenured: 26539K->30102K(40960K), 0.0107640 secs] 42228K->30102K(59392K), [Perm : 6102K->6102K(21248K)], 0.0108220 secs] [Times: user=0.01 sys=0.00, real=0.01 secs] 
144.798: Total time for which application threads were stopped: 0.0109730 seconds, Stopping threads took: 0.0000790 seconds
144.865: Application time: 0.0672790 seconds
144.865: [GC144.865: [ParNew: 15689K->15689K(18432K), 0.0000110 secs]144.865: [Tenured: 30102K->29384K(40960K), 0.0123320 secs] 45791K->29384K(59392K), [Perm : 6102K->6102K(21248K)], 0.0123940 secs] [Times: user=0.01 sys=0.00, real=0.01 secs] 
144.878: Total time for which application threads were stopped: 0.0126040 seconds, Stopping threads took: 0.0001200 seconds
144.921: Application time: 0.0430890 seconds
144.921: [GC144.921: [ParNew: 15688K->15688K(18432K), 0.0000100 secs]144.921: [Tenured: 29384K->30096K(40960K), 0.0095130 secs] 45072K->30096K(59392K), [Perm : 6102K->6102K(21248K)], 0.0095710 secs] [Times: user=0.01 sys=0.00, real=0.01 secs] 
144.930: Total time for which application threads were stopped: 0.0097360 seconds, Stopping threads took: 0.0000880 seconds
144.996: Application time: 0.0660340 seconds
144.997: [GC144.997: [ParNew: 15688K->15688K(18432K), 0.0000110 secs]144.997: [Tenured: 30096K->29383K(40960K), 0.0099140 secs] 45785K->29383K(59392K), [Perm : 6102K->6102K(21248K)], 0.0099760 secs] [Times: user=0.01 sys=0.00, real=0.01 secs] 
145.007: Total time for which application threads were stopped: 0.0101190 seconds, Stopping threads took: 0.0000730 seconds
145.048: Application time: 0.0418160 seconds
145.049: [GC145.049: [ParNew: 15688K->15688K(18432K), 0.0000110 secs]145.049: [Tenured: 29383K->30096K(40960K), 0.0101760 secs] 45072K->30096K(59392K), [Perm : 6102K->6102K(21248K)], 0.0102360 secs] [Times: user=0.01 sys=0.00, real=0.01 secs] 
145.059: Total time for which application threads were stopped: 0.0103750 seconds, Stopping threads took: 0.0000680 seconds
145.121: Application time: 0.0623310 seconds
145.121: [GC145.121: [ParNew: 15688K->15688K(18432K), 0.0000100 secs]145.121: [Tenured: 30096K->29383K(40960K), 0.0091920 secs] 45784K->29383K(59392K), [Perm : 6102K->6102K(21248K)], 0.0092510 secs] [Times: user=0.01 sys=0.00, real=0.01 secs] 
145.131: Total time for which application threads were stopped: 0.0094680 seconds, Stopping threads took: 0.0001310 seconds
145.171: Application time: 0.0399060 seconds
145.171: [GC145.171: [ParNew: 15688K->15688K(18432K), 0.0000100 secs]145.171: [Tenured: 29383K->30096K(40960K), 0.0095410 secs] 45072K->30096K(59392K), [Perm : 6102K->6102K(21248K)], 0.0095990 secs] [Times: user=0.01 sys=0.00, real=0.01 secs] 
145.180: Total time for which application threads were stopped: 0.0097410 seconds, Stopping threads took: 0.0000600 seconds
145.247: Application time: 0.0665950 seconds
145.247: [GC145.247: [ParNew: 15688K->15688K(18432K), 0.0000100 secs]145.247: [Tenured: 30096K->29383K(40960K), 0.0098840 secs] 45784K->29383K(59392K), [Perm : 6102K->6102K(21248K)], 0.0099450 secs] [Times: user=0.01 sys=0.00, real=0.01 secs] 
145.257: Total time for which application threads were stopped: 0.0101700 seconds, Stopping threads took: 0.0001250 seconds
145.307: Application time: 0.0496090 seconds
145.307: [GC145.307: [ParNew: 15688K->15688K(18432K), 0.0000100 secs]145.307: [Tenured: 29383K->30095K(40960K), 0.0101640 secs] 45071K->30095K(59392K), [Perm : 6102K->6102K(21248K)], 0.0102240 secs] [Times: user=0.01 sys=0.00, real=0.01 secs] 
145.317: Total time for which application threads were stopped: 0.0104240 seconds, Stopping threads took: 0.0001310 seconds
145.355: Application time: 0.0374800 seconds
145.355: [GC145.355: [ParNew: 15688K->15688K(18432K), 0.0000110 secs]145.355: [Tenured: 30095K->29383K(40960K), 0.0100520 secs] 45783K->29383K(59392K), [Perm : 6102K->6102K(21248K)], 0.0101130 secs] [Times: user=0.01 sys=0.00, real=0.01 secs] 
145.365: Total time for which application threads were stopped: 0.0103230 seconds, Stopping threads took: 0.0001390 seconds
145.429: Application time: 0.0642130 seconds
145.429: [GC145.429: [ParNew: 16193K->16193K(18432K), 0.0000090 secs]145.429: [Tenured: 29383K->27283K(40960K), 0.0094990 secs] 45576K->27283K(59392K), [Perm : 6102K->6102K(21248K)], 0.0095560 secs] [Times: user=0.01 sys=0.00, real=0.01 secs] 
145.439: Total time for which application threads were stopped: 0.0097430 seconds, Stopping threads took: 0.0001210 seconds
145.451: Application time: 0.0123340 seconds
145.451: [GC145.451: [ParNew: 15925K->15925K(18432K), 0.0000100 secs]145.451: [Tenured: 27283K->30125K(40960K), 0.0092450 secs] 43209K->30125K(59392K), [Perm : 6102K->6102K(21248K)], 0.0093060 secs] [Times: user=0.01 sys=0.00, real=0.01 secs] 
145.461: Total time for which application threads were stopped: 0.0095300 seconds, Stopping threads took: 0.0001530 seconds
145.468: Application time: 0.0070360 seconds
145.468: [GC145.468: [ParNew: 15679K->15679K(18432K), 0.0000100 secs]145.468: [Tenured: 30125K->30125K(40960K), 0.0089420 secs] 45804K->30125K(59392K), [Perm : 6102K->6102K(21248K)], 0.0090040 secs] [Times: user=0.01 sys=0.00, real=0.01 secs] 
145.477: Total time for which application threads were stopped: 0.0093910 seconds, Stopping threads took: 0.0003050 seconds
145.482: Application time: 0.0046950 seconds
145.482: [GC145.482: [ParNew: 15683K->15683K(18432K), 0.0000100 secs]145.482: [Tenured: 30125K->29383K(40960K), 0.0115770 secs] 45808K->29383K(59392K), [Perm : 6102K->6102K(21248K)], 0.0116400 secs] [Times: user=0.02 sys=0.00, real=0.01 secs] 
145.494: Total time for which application threads were stopped: 0.0118200 seconds, Stopping threads took: 0.0001080 seconds
145.500: Application time: 0.0063030 seconds
145.500: [GC145.500: [ParNew: 15685K->15685K(18432K), 0.0000100 secs]145.500: [Tenured: 29383K->29383K(40960K), 0.0063180 secs] 45068K->29383K(59392K), [Perm : 6102K->6102K(21248K)], 0.0063740 secs] [Times: user=0.00 sys=0.00, real=0.01 secs] 
145.507: Total time for which application threads were stopped: 0.0065420 seconds, Stopping threads took: 0.0000920 seconds
145.513: Application time: 0.0068310 seconds
145.513: [GC145.513: [ParNew: 15678K->15678K(18432K), 0.0000110 secs]145.513: [Tenured: 29383K->30808K(40960K), 0.0069080 secs] 45061K->30808K(59392K), [Perm : 6102K->6102K(21248K)], 0.0069620 secs] [Times: user=0.00 sys=0.00, real=0.01 secs] 
145.520: Total time for which application threads were stopped: 0.0071090 seconds, Stopping threads took: 0.0000820 seconds
145.527: Application time: 0.0067690 seconds
145.527: [GC145.527: [ParNew: 15681K->15681K(18432K), 0.0000100 secs]145.527: [Tenured: 30808K->30095K(40960K), 0.0091930 secs] 46490K->30095K(59392K), [Perm : 6102K->6102K(21248K)], 0.0092560 secs] [Times: user=0.01 sys=0.00, real=0.01 secs] 
145.537: Total time for which application threads were stopped: 0.0094260 seconds, Stopping threads took: 0.0000890 seconds
145.542: Application time: 0.0049180 seconds
145.542: [GC145.542: [ParNew: 15687K->15687K(18432K), 0.0000100 secs]145.542: [Tenured: 30095K->30096K(40960K), 0.0101520 secs] 45782K->30096K(59392K), [Perm : 6102K->6102K(21248K)], 0.0102120 secs] [Times: user=0.01 sys=0.00, real=0.01 secs] 
145.552: Total time for which application threads were stopped: 0.0104550 seconds, Stopping threads took: 0.0001420 seconds
145.556: Application time: 0.0042250 seconds
145.556: [GC145.556: [ParNew: 15678K->15678K(18432K), 0.0000110 secs]145.556: [Tenured: 30096K->30808K(40960K), 0.0075790 secs] 45774K->30808K(59392K), [Perm : 6102K->6102K(21248K)], 0.0076340 secs] [Times: user=0.01 sys=0.00, real=0.01 secs] 
145.564: Total time for which application threads were stopped: 0.0078240 seconds, Stopping threads took: 0.0001260 seconds
145.586: Application time: 0.0219420 seconds
145.586: [GC145.586: [ParNew: 15692K->15692K(18432K), 0.0000100 secs]145.586: [Tenured: 30808K->27957K(40960K), 0.0093230 secs] 46500K->27957K(59392K), [Perm : 6102K->6102K(21248K)], 0.0093820 secs] [Times: user=0.01 sys=0.00, real=0.01 secs] 
145.596: Total time for which application threads were stopped: 0.0095180 seconds, Stopping threads took: 0.0000680 seconds
145.661: Application time: 0.0652070 seconds
145.661: [GC145.661: [ParNew: 15689K->15689K(18432K), 0.0000100 secs]145.661: [Tenured: 27957K->28670K(40960K), 0.0101940 secs] 43647K->28670K(59392K), [Perm : 6102K->6102K(21248K)], 0.0102510 secs] [Times: user=0.01 sys=0.00, real=0.01 secs] 
145.671: Total time for which application threads were stopped: 0.0103900 seconds, Stopping threads took: 0.0000720 seconds
145.710: Application time: 0.0385890 seconds
145.710: [GC145.710: [ParNew: 15687K->15687K(18432K), 0.0000110 secs]145.710: [Tenured: 28670K->29382K(40960K), 0.0101230 secs] 44358K->29382K(59392K), [Perm : 6102K->6102K(21248K)], 0.0101830 secs] [Times: user=0.01 sys=0.00, real=0.01 secs] 
145.720: Total time for which application threads were stopped: 0.0103680 seconds, Stopping threads took: 0.0000970 seconds
145.748: Application time: 0.0280640 seconds
145.748: [GC145.748: [ParNew: 15714K->15714K(18432K), 0.0000110 secs]145.748: [Tenured: 29382K->29412K(40960K), 0.0105280 secs] 45097K->29412K(59392K), [Perm : 6102K->6102K(21248K)], 0.0105890 secs] [Times: user=0.01 sys=0.00, real=0.01 secs] 
145.759: Total time for which application threads were stopped: 0.0108230 seconds, Stopping threads took: 0.0001410 seconds
145.767: Application time: 0.0083790 seconds
145.768: [GC145.768: [ParNew: 15679K->15679K(18432K), 0.0000110 secs]145.768: [Tenured: 29412K->27987K(40960K), 0.0081440 secs] 45091K->27987K(59392K), [Perm : 6102K->6102K(21248K)], 0.0082070 secs] [Times: user=0.01 sys=0.00, real=0.01 secs] 
145.776: Total time for which application threads were stopped: 0.0084140 seconds, Stopping threads took: 0.0001250 seconds
145.781: Application time: 0.0047670 seconds
145.781: [GC145.781: [ParNew: 16165K->16165K(18432K), 0.0000100 secs]145.781: [Tenured: 27987K->26596K(40960K), 0.0100530 secs] 44152K->26596K(59392K), [Perm : 6102K->6102K(21248K)], 0.0101130 secs] [Times: user=0.01 sys=0.00, real=0.01 secs] 
145.791: Total time for which application threads were stopped: 0.0103600 seconds, Stopping threads took: 0.0001760 seconds
145.795: Application time: 0.0042960 seconds
145.796: [GC145.796: [ParNew: 15802K->15802K(18432K), 0.0000100 secs]145.796: [Tenured: 26596K->23688K(40960K), 0.0110590 secs] 42398K->23688K(59392K), [Perm : 6102K->6102K(21248K)], 0.0111160 secs] [Times: user=0.01 sys=0.00, real=0.01 secs] 
145.807: Total time for which application threads were stopped: 0.0117100 seconds, Stopping threads took: 0.0005270 seconds
145.813: Application time: 0.0057680 seconds
145.814: [GC145.814: [ParNew: 15835K->1439K(18432K), 0.0018290 secs] 39524K->28690K(59392K), 0.0018700 secs] [Times: user=0.02 sys=0.00, real=0.01 secs] 
145.816: Total time for which application threads were stopped: 0.0028760 seconds, Stopping threads took: 0.0009190 seconds
145.820: Application time: 0.0039520 seconds
145.820: [GC145.820: [ParNew: 17121K->17121K(18432K), 0.0000110 secs]145.820: [Tenured: 27251K->26533K(40960K), 0.0100150 secs] 44372K->26533K(59392K), [Perm : 6102K->6102K(21248K)], 0.0100740 secs] [Times: user=0.01 sys=0.00, real=0.01 secs] 
145.830: Total time for which application threads were stopped: 0.0107270 seconds, Stopping threads took: 0.0005550 seconds
145.835: Application time: 0.0049680 seconds
145.836: [GC145.836: [ParNew: 15680K->15680K(18432K), 0.0000120 secs]145.836: [Tenured: 26533K->28670K(40960K), 0.0080040 secs] 42213K->28670K(59392K), [Perm : 6102K->6102K(21248K)], 0.0080660 secs] [Times: user=0.01 sys=0.00, real=0.01 secs] 
145.844: Total time for which application threads were stopped: 0.0084120 seconds, Stopping threads took: 0.0002740 seconds
145.848: Application time: 0.0044850 seconds
145.848: [GC145.848: [ParNew: 15685K->15685K(18432K), 0.0000100 secs]145.848: [Tenured: 28670K->27246K(40960K), 0.0070930 secs] 44356K->27246K(59392K), [Perm : 6102K->6102K(21248K)], 0.0071520 secs] [Times: user=0.01 sys=0.00, real=0.01 secs] 
145.856: Total time for which application threads were stopped: 0.0074280 seconds, Stopping threads took: 0.0002070 seconds
145.859: Application time: 0.0034490 seconds
145.859: [GC145.859: [ParNew: 15689K->15689K(18432K), 0.0000110 secs]145.859: [Tenured: 27246K->27245K(40960K), 0.0083050 secs] 42935K->27245K(59392K), [Perm : 6102K->6102K(21248K)], 0.0083640 secs] [Times: user=0.01 sys=0.00, real=0.01 secs] 
145.868: Total time for which application threads were stopped: 0.0085380 seconds, Stopping threads took: 0.0001060 seconds
145.871: Application time: 0.0035380 seconds
145.871: [GC145.871: [ParNew: 15680K->15680K(18432K), 0.0000140 secs]145.871: [Tenured: 27245K->28670K(40960K), 0.0067750 secs] 42926K->28670K(59392K), [Perm : 6102K->6102K(21248K)], 0.0068400 secs] [Times: user=0.00 sys=0.00, real=0.01 secs] 
145.878: Total time for which application threads were stopped: 0.0070730 seconds, Stopping threads took: 0.0001620 seconds
145.882: Application time: 0.0034330 seconds
145.882: [GC145.882: [ParNew: 15680K->15680K(18432K), 0.0000110 secs]145.882: [Tenured: 28670K->27245K(40960K), 0.0068570 secs] 44351K->27245K(59392K), [Perm : 6102K->6102K(21248K)], 0.0069110 secs] [Times: user=0.01 sys=0.00, real=0.01 secs] 
145.889: Total time for which application threads were stopped: 0.0071690 seconds, Stopping threads took: 0.0001720 seconds
145.892: Application time: 0.0034940 seconds
145.893: [GC145.893: [ParNew: 15681K->15681K(18432K), 0.0000100 secs]145.893: [Tenured: 27245K->27958K(40960K), 0.0108150 secs] 42927K->27958K(59392K), [Perm : 6102K->6102K(21248K)], 0.0108800 secs] [Times: user=0.01 sys=0.00, real=0.02 secs] 
145.904: Total time for which application threads were stopped: 0.0113280 seconds, Stopping threads took: 0.0003530 seconds
145.911: Application time: 0.0074550 seconds
145.911: [GC145.911: [ParNew: 15696K->15696K(18432K), 0.0000120 secs]145.911: [Tenured: 27958K->26532K(40960K), 0.0082820 secs] 43654K->26532K(59392K), [Perm : 6102K->6102K(21248K)], 0.0083410 secs] [Times: user=0.00 sys=0.00, real=0.01 secs] 
145.920: Total time for which application threads were stopped: 0.0085730 seconds, Stopping threads took: 0.0001480 seconds
145.925: Application time: 0.0058050 seconds
145.926: [GC145.926: [ParNew: 15681K->15681K(18432K), 0.0000100 secs]145.926: [Tenured: 26532K->26532K(40960K), 0.0103780 secs] 42213K->26532K(59392K), [Perm : 6102K->6102K(21248K)], 0.0104400 secs] [Times: user=0.01 sys=0.00, real=0.01 secs] 
145.936: Total time for which application threads were stopped: 0.0106660 seconds, Stopping threads took: 0.0001340 seconds
145.942: Application time: 0.0060970 seconds
145.942: [GC145.942: [ParNew: 15688K->15688K(18432K), 0.0000100 secs]145.942: [Tenured: 26532K->27245K(40960K), 0.0094940 secs] 42221K->27245K(59392K), [Perm : 6102K->6102K(21248K)], 0.0095570 secs] [Times: user=0.01 sys=0.00, real=0.00 secs] 
145.952: Total time for which application threads were stopped: 0.0096930 seconds, Stopping threads took: 0.0000630 seconds
145.956: Application time: 0.0040480 seconds
145.956: [GC145.956: [ParNew: 15680K->15680K(18432K), 0.0000110 secs]145.956: [Tenured: 27245K->28670K(40960K), 0.0076380 secs] 42925K->28670K(59392K), [Perm : 6102K->6102K(21248K)], 0.0076930 secs] [Times: user=0.01 sys=0.00, real=0.01 secs] 
145.964: Total time for which application threads were stopped: 0.0078950 seconds, Stopping threads took: 0.0001090 seconds
145.968: Application time: 0.0036860 seconds
145.968: [GC145.968: [ParNew: 15678K->15678K(18432K), 0.0000100 secs]145.968: [Tenured: 28670K->27245K(40960K), 0.0060730 secs] 44349K->27245K(59392K), [Perm : 6102K->6102K(21248K)], 0.0061320 secs] [Times: user=0.01 sys=0.00, real=0.00 secs] 
145.974: Total time for which application threads were stopped: 0.0063130 seconds, Stopping threads took: 0.0001020 seconds
146.011: Application time: 0.0374100 seconds
146.012: [GC146.012: [ParNew: 16287K->16287K(18432K), 0.0000100 secs]146.012: [Tenured: 27245K->20214K(40960K), 0.0096130 secs] 43532K->20214K(59392K), [Perm : 6102K->6102K(21248K)], 0.0096780 secs] [Times: user=0.01 sys=0.00, real=0.01 secs] 
146.021: Total time for which application threads were stopped: 0.0101910 seconds, Stopping threads took: 0.0004390 seconds
146.026: Application time: 0.0049510 seconds
146.027: [GC146.027: [ParNew: 15858K->1443K(18432K), 0.0012170 secs] 36072K->23795K(59392K), 0.0012490 secs] [Times: user=0.01 sys=0.00, real=0.00 secs] 
146.028: Total time for which application threads were stopped: 0.0014770 seconds, Stopping threads took: 0.0001710 seconds
146.033: Application time: 0.0046860 seconds
146.033: [GC146.033: [ParNew: 17165K->1437K(18432K), 0.0014210 secs] 39516K->26638K(59392K), 0.0014560 secs] [Times: user=0.01 sys=0.00, real=0.01 secs] 
146.034: Total time for which application threads were stopped: 0.0018810 seconds, Stopping threads took: 0.0003640 seconds
146.038: Application time: 0.0039750 seconds
146.039: [GC146.039: [ParNew: 17118K->1427K(18432K), 0.0012450 secs] 42320K->28798K(59392K), 0.0012790 secs] [Times: user=0.01 sys=0.00, real=0.00 secs] 
146.040: Total time for which application threads were stopped: 0.0018110 seconds, Stopping threads took: 0.0004730 seconds
146.045: Application time: 0.0044080 seconds
146.045: [GC146.045: [ParNew: 17114K->17114K(18432K), 0.0000100 secs]146.045: [Tenured: 27371K->20918K(40960K), 0.0087480 secs] 44485K->20918K(59392K), [Perm : 6102K->6102K(21248K)], 0.0088050 secs] [Times: user=0.01 sys=0.00, real=0.00 secs] 
146.054: Total time for which application threads were stopped: 0.0091600 seconds, Stopping threads took: 0.0002880 seconds
146.058: Application time: 0.0037240 seconds
146.058: [GC146.058: [ParNew: 16104K->1467K(18432K), 0.0012270 secs] 37022K->24522K(59392K), 0.0012590 secs] [Times: user=0.00 sys=0.00, real=0.00 secs] 
146.059: Total time for which application threads were stopped: 0.0015470 seconds, Stopping threads took: 0.0002330 seconds
146.063: Application time: 0.0040100 seconds
146.064: [GC146.064: [ParNew: 17251K->1438K(18432K), 0.0015760 secs] 40306K->28130K(59392K), 0.0016120 secs] [Times: user=0.02 sys=0.00, real=0.00 secs] 
146.065: Total time for which application threads were stopped: 0.0020430 seconds, Stopping threads took: 0.0003690 seconds
146.069: Application time: 0.0039970 seconds
146.070: [GC146.070: [ParNew: 17682K->1481K(18432K), 0.0008790 secs] 44374K->28885K(59392K), 0.0009160 secs] [Times: user=0.00 sys=0.00, real=0.00 secs] 
146.071: Total time for which application threads were stopped: 0.0017750 seconds, Stopping threads took: 0.0008050 seconds
146.075: Application time: 0.0037050 seconds
146.075: [GC146.075: [ParNew: 17380K->1442K(18432K), 0.0011640 secs] 44784K->31057K(59392K), 0.0011980 secs] [Times: user=0.01 sys=0.00, real=0.00 secs] 
146.076: Total time for which application threads were stopped: 0.0016090 seconds, Stopping threads took: 0.0003490 seconds
146.080: Application time: 0.0042410 seconds
146.081: [GC146.081: [ParNew: 17284K->17284K(18432K), 0.0000100 secs]146.081: [Tenured: 29615K->16706K(40960K), 0.0089200 secs] 46899K->16706K(59392K), [Perm : 6102K->6102K(21248K)], 0.0089770 secs] [Times: user=0.01 sys=0.00, real=0.01 secs] 
146.090: Total time for which application threads were stopped: 0.0096560 seconds, Stopping threads took: 0.0006120 seconds
146.094: Application time: 0.0041480 seconds
146.095: [GC146.095: [ParNew: 15745K->1437K(18432K), 0.0018580 secs] 32452K->22419K(59392K), 0.0019030 secs] [Times: user=0.01 sys=0.00, real=0.00 secs] 
146.097: Total time for which application threads were stopped: 0.0027300 seconds, Stopping threads took: 0.0007650 seconds
146.101: Application time: 0.0041430 seconds
146.102: [GC146.102: [ParNew: 17129K->1439K(18432K), 0.0015460 secs] 38111K->25271K(59392K), 0.0015910 secs] [Times: user=0.01 sys=0.00, real=0.01 secs] 
146.104: Total time for which application threads were stopped: 0.0024040 seconds, Stopping threads took: 0.0007500 seconds
146.108: Application time: 0.0043000 seconds
146.109: [GC146.109: [ParNew: 17131K->1433K(18432K), 0.0013340 secs] 40963K->28147K(59392K), 0.0013680 secs] [Times: user=0.01 sys=0.01, real=0.00 secs] 
146.110: Total time for which application threads were stopped: 0.0024180 seconds, Stopping threads took: 0.0009910 seconds
146.115: Application time: 0.0041750 seconds
146.115: [GC146.115: [ParNew: 17117K->1427K(18432K), 0.0010580 secs] 43831K->30319K(59392K), 0.0010930 secs] [Times: user=0.01 sys=0.00, real=0.00 secs] 
146.116: Total time for which application threads were stopped: 0.0013650 seconds, Stopping threads took: 0.0002120 seconds
146.120: Application time: 0.0044540 seconds
146.121: [GC146.121: [ParNew: 17117K->1439K(18432K), 0.0013920 secs] 46009K->33181K(59392K), 0.0014280 secs] [Times: user=0.01 sys=0.00, real=0.01 secs] 
146.122: Total time for which application threads were stopped: 0.0020090 seconds, Stopping threads took: 0.0005230 seconds
146.126: Application time: 0.0041470 seconds
146.128: [GC146.128: [ParNew: 17127K->17127K(18432K), 0.0000100 secs]146.128: [Tenured: 31742K->19408K(40960K), 0.0098620 secs] 48869K->19408K(59392K), [Perm : 6102K->6102K(21248K)], 0.0099240 secs] [Times: user=0.01 sys=0.00, real=0.01 secs] 
146.137: Total time for which application threads were stopped: 0.0109780 seconds, Stopping threads took: 0.0009840 seconds
146.142: Application time: 0.0042840 seconds
146.143: [GC146.143: [ParNew: 15686K->1429K(18432K), 0.0017790 secs] 35095K->24400K(59392K), 0.0018160 secs] [Times: user=0.01 sys=0.00, real=0.00 secs] 
146.145: Total time for which application threads were stopped: 0.0027780 seconds, Stopping threads took: 0.0008820 seconds
146.149: Application time: 0.0044190 seconds
146.150: [GC146.150: [ParNew: 17121K->1437K(18432K), 0.0015420 secs] 40093K->27259K(59392K), 0.0015740 secs] [Times: user=0.01 sys=0.00, real=0.00 secs] 
146.152: Total time for which application threads were stopped: 0.0027740 seconds, Stopping threads took: 0.0011220 seconds
146.156: Application time: 0.0043840 seconds
146.158: [GC146.158: [ParNew: 17130K->1433K(18432K), 0.0016660 secs] 42952K->30849K(59392K), 0.0017000 secs] [Times: user=0.01 sys=0.00, real=0.00 secs] 
146.160: Total time for which application threads were stopped: 0.0038880 seconds, Stopping threads took: 0.0021260 seconds
146.164: Application time: 0.0041640 seconds
146.165: [GC146.165: [ParNew: 17128K->1435K(18432K), 0.0021860 secs] 46545K->35856K(59392K), 0.0022190 secs] [Times: user=0.02 sys=0.00, real=0.00 secs] 
146.167: Total time for which application threads were stopped: 0.0027350 seconds, Stopping threads took: 0.0004550 seconds
146.171: Application time: 0.0041580 seconds
146.172: [GC146.172: [ParNew: 17123K->17123K(18432K), 0.0000120 secs]146.172: [Tenured: 34420K->19408K(40960K), 0.0094740 secs] 51544K->19408K(59392K), [Perm : 6102K->6102K(21248K)], 0.0095330 secs] [Times: user=0.01 sys=0.00, real=0.01 secs] 
146.181: Total time for which application threads were stopped: 0.0100100 seconds, Stopping threads took: 0.0003880 seconds
146.185: Application time: 0.0041790 seconds
146.186: [GC146.186: [ParNew: 15686K->1425K(18432K), 0.0018090 secs] 35095K->24396K(59392K), 0.0018440 secs] [Times: user=0.01 sys=0.01, real=0.00 secs] 
146.188: Total time for which application threads were stopped: 0.0022850 seconds, Stopping threads took: 0.0003610 seconds
146.192: Application time: 0.0041900 seconds
146.192: [GC146.192: [ParNew: 17112K->1425K(18432K), 0.0019190 secs] 40083K->28672K(59392K), 0.0019650 secs] [Times: user=0.01 sys=0.00, real=0.01 secs] 
146.194: Total time for which application threads were stopped: 0.0024150 seconds, Stopping threads took: 0.0003890 seconds
146.199: Application time: 0.0044280 seconds
146.199: [GC146.199: [ParNew: 17112K->1427K(18432K), 0.0011210 secs] 44359K->30812K(59392K), 0.0011550 secs] [Times: user=0.01 sys=0.00, real=0.00 secs] 
146.200: Total time for which application threads were stopped: 0.0015560 seconds, Stopping threads took: 0.0003420 seconds
146.204: Application time: 0.0042260 seconds
146.205: [GC146.205: [ParNew: 17114K->1429K(18432K), 0.0016110 secs] 46499K->34377K(59392K), 0.0016430 secs] [Times: user=0.02 sys=0.00, real=0.00 secs] 
146.206: Total time for which application threads were stopped: 0.0018800 seconds, Stopping threads took: 0.0001790 seconds
146.210: Application time: 0.0041200 seconds
146.211: [GC146.211: [ParNew: 17129K->17129K(18432K), 0.0000110 secs]146.211: [Tenured: 32947K->22260K(40960K), 0.0089750 secs] 50077K->22260K(59392K), [Perm : 6102K->6102K(21248K)], 0.0090330 secs] [Times: user=0.01 sys=0.00, real=0.01 secs] 
146.220: Total time for which application threads were stopped: 0.0094190 seconds, Stopping threads took: 0.0003060 seconds
146.224: Application time: 0.0041990 seconds
146.224: [GC146.224: [ParNew: 15689K->1431K(18432K), 0.0021910 secs] 37950K->29392K(59392K), 0.0022350 secs] [Times: user=0.02 sys=0.00, real=0.00 secs] 
146.227: Total time for which application threads were stopped: 0.0024460 seconds, Stopping threads took: 0.0001460 seconds
146.231: Application time: 0.0041800 seconds
146.231: [GC146.231: [ParNew: 17123K->1439K(18432K), 0.0017650 secs] 45084K->32963K(59392K), 0.0018030 secs] [Times: user=0.02 sys=0.00, real=0.00 secs] 
146.233: Total time for which application threads were stopped: 0.0023410 seconds, Stopping threads took: 0.0004560 seconds
146.237: Application time: 0.0039540 seconds
146.241: [GC146.241: [ParNew: 17126K->1429K(18432K), 0.0018570 secs] 48651K->36556K(59392K), 0.0018970 secs] [Times: user=0.01 sys=0.00, real=0.01 secs] 
146.243: Total time for which application threads were stopped: 0.0062790 seconds, Stopping threads took: 0.0043200 seconds
146.248: Application time: 0.0042890 seconds
146.248: [GC146.248: [ParNew: 17122K->17122K(18432K), 0.0000100 secs]146.248: [Tenured: 35127K->22259K(40960K), 0.0090970 secs] 52250K->22259K(59392K), [Perm : 6102K->6102K(21248K)], 0.0091560 secs] [Times: user=0.01 sys=0.00, real=0.01 secs] 
146.257: Total time for which application threads were stopped: 0.0095930 seconds, Stopping threads took: 0.0003470 seconds
146.261: Application time: 0.0040620 seconds
146.262: [GC146.262: [ParNew: 15687K->1425K(18432K), 0.0012560 secs] 37946K->25822K(59392K), 0.0012860 secs] [Times: user=0.01 sys=0.00, real=0.01 secs] 
146.263: Total time for which application threads were stopped: 0.0020490 seconds, Stopping threads took: 0.0007050 seconds
146.268: Application time: 0.0042820 seconds
146.269: [GC146.269: [ParNew: 17112K->1425K(18432K), 0.0010670 secs] 41509K->27960K(59392K), 0.0010990 secs] [Times: user=0.01 sys=0.00, real=0.00 secs] 
146.270: Total time for which application threads were stopped: 0.0021970 seconds, Stopping threads took: 0.0010410 seconds
146.274: Application time: 0.0039510 seconds
146.274: [GC146.274: [ParNew: 17112K->1427K(18432K), 0.0013780 secs] 43647K->30812K(59392K), 0.0014080 secs] [Times: user=0.01 sys=0.00, real=0.00 secs] 
146.276: Total time for which application threads were stopped: 0.0021110 seconds, Stopping threads took: 0.0006220 seconds
146.280: Application time: 0.0042320 seconds
146.281: [GC146.281: [ParNew: 17128K->1441K(18432K), 0.0016840 secs] 46514K->34389K(59392K), 0.0017210 secs] [Times: user=0.02 sys=0.00, real=0.01 secs] 
146.282: Total time for which application threads were stopped: 0.0022300 seconds, Stopping threads took: 0.0004460 seconds
146.286: Application time: 0.0039960 seconds
146.287: [GC146.287: [ParNew: 17125K->1427K(18432K), 0.0011060 secs] 50074K->35856K(59392K), 0.0011490 secs] [Times: user=0.01 sys=0.00, real=0.00 secs] 
146.288: Total time for which application threads were stopped: 0.0018810 seconds, Stopping threads took: 0.0006700 seconds
146.292: Application time: 0.0040370 seconds
146.292: [GC146.292: [ParNew: 17129K->1441K(18432K), 0.0016800 secs] 51559K->40146K(59392K), 0.0017130 secs] [Times: user=0.01 sys=0.00, real=0.01 secs] 
146.294: Total time for which application threads were stopped: 0.0019490 seconds, Stopping threads took: 0.0001730 seconds
146.298: Application time: 0.0041430 seconds
146.299: [GC146.299: [ParNew: 17124K->17124K(18432K), 0.0000110 secs]146.299: [Tenured: 38704K->20833K(40960K), 0.0098350 secs] 55829K->20833K(59392K), [Perm : 6102K->6102K(21248K)], 0.0098940 secs] [Times: user=0.01 sys=0.00, real=0.01 secs] 
146.309: Total time for which application threads were stopped: 0.0101790 seconds, Stopping threads took: 0.0002160 seconds
146.312: Application time: 0.0038440 seconds
146.313: [GC146.313: [ParNew: 15681K->1425K(18432K), 0.0008410 secs] 36515K->22258K(59392K), 0.0008740 secs] [Times: user=0.01 sys=0.00, real=0.00 secs] 
146.313: Total time for which application threads were stopped: 0.0010310 seconds, Stopping threads took: 0.0000990 seconds
146.318: Application time: 0.0044450 seconds
146.318: [GC146.318: [ParNew: 17114K->1435K(18432K), 0.0013400 secs] 37948K->25119K(59392K), 0.0013820 secs] [Times: user=0.01 sys=0.00, real=0.00 secs] 
146.319: Total time for which application threads were stopped: 0.0015610 seconds, Stopping threads took: 0.0001160 seconds
146.333: Application time: 0.0131480 seconds
146.333: [GC146.333: [ParNew: 17125K->1437K(18432K), 0.0010940 secs] 40809K->26562K(59392K), 0.0011280 secs] [Times: user=0.01 sys=0.00, real=0.00 secs] 
146.334: Total time for which application threads were stopped: 0.0012790 seconds, Stopping threads took: 0.0000900 seconds
146.339: Application time: 0.0050480 seconds
146.339: [GC146.339: [ParNew: 17115K->0K(18432K), 0.0005630 secs] 42240K->25885K(59392K), 0.0005910 secs] [Times: user=0.00 sys=0.00, real=0.00 secs] 
146.340: Total time for which application threads were stopped: 0.0007140 seconds, Stopping threads took: 0.0000680 seconds
146.397: Application time: 0.0571640 seconds
146.397: [GC146.397: [ParNew: 15700K->1433K(18432K), 0.0046380 secs] 41585K->41568K(59392K), 0.0046800 secs] [Times: user=0.03 sys=0.00, real=0.00 secs] 
146.402: Total time for which application threads were stopped: 0.0048200 seconds, Stopping threads took: 0.0000720 seconds
146.474: Application time: 0.0720800 seconds
146.474: [GC146.474: [ParNew: 17124K->17124K(18432K), 0.0000090 secs]146.474: [Tenured: 40135K->24395K(40960K), 0.0101990 secs] 57260K->24395K(59392K), [Perm : 6102K->6102K(21248K)], 0.0102560 secs] [Times: user=0.01 sys=0.00, real=0.02 secs] 
146.484: Total time for which application threads were stopped: 0.0104430 seconds, Stopping threads took: 0.0001200 seconds
146.565: Application time: 0.0805510 seconds
146.565: [GC146.565: [ParNew: 15689K->1427K(18432K), 0.0040160 secs] 40085K->37935K(59392K), 0.0040590 secs] [Times: user=0.04 sys=0.00, real=0.00 secs] 
146.569: Total time for which application threads were stopped: 0.0042230 seconds, Stopping threads took: 0.0000980 seconds
146.639: Application time: 0.0700520 seconds
146.639: [GC146.639: [ParNew: 17118K->17118K(18432K), 0.0000110 secs]146.639: [Tenured: 36508K->23683K(40960K), 0.0099340 secs] 53627K->23683K(59392K), [Perm : 6102K->6102K(21248K)], 0.0099930 secs] [Times: user=0.01 sys=0.00, real=0.01 secs] 
146.649: Total time for which application threads were stopped: 0.0101260 seconds, Stopping threads took: 0.0000630 seconds
146.720: Application time: 0.0712140 seconds
146.721: [GC146.721: [ParNew: 15691K->1425K(18432K), 0.0045690 secs] 39374K->39358K(59392K), 0.0046130 secs] [Times: user=0.03 sys=0.00, real=0.01 secs] 
146.725: Total time for which application threads were stopped: 0.0048400 seconds, Stopping threads took: 0.0001350 seconds
146.796: Application time: 0.0713120 seconds
146.797: [GC146.797: [ParNew: 17122K->17122K(18432K), 0.0000110 secs]146.797: [Tenured: 37933K->23684K(40960K), 0.0098830 secs] 55056K->23684K(59392K), [Perm : 6102K->6102K(21248K)], 0.0099490 secs] [Times: user=0.01 sys=0.00, real=0.01 secs] 
146.807: Total time for which application threads were stopped: 0.0101190 seconds, Stopping threads took: 0.0001010 seconds
146.876: Application time: 0.0693210 seconds
146.876: [GC146.876: [ParNew: 15691K->1425K(18432K), 0.0046160 secs] 39375K->39359K(59392K), 0.0046560 secs] [Times: user=0.04 sys=0.00, real=0.00 secs] 
146.881: Total time for which application threads were stopped: 0.0047830 seconds, Stopping threads took: 0.0000630 seconds
146.927: Application time: 0.0461260 seconds
146.927: [GC146.927: [ParNew: 17116K->17116K(18432K), 0.0000110 secs]146.927: [Tenured: 37934K->25108K(40960K), 0.0109640 secs] 55051K->25108K(59392K), [Perm : 6102K->6102K(21248K)], 0.0110260 secs] [Times: user=0.01 sys=0.00, real=0.01 secs] 
146.938: Total time for which application threads were stopped: 0.0112030 seconds, Stopping threads took: 0.0000990 seconds
147.015: Application time: 0.0773530 seconds
147.015: [GC147.015: [ParNew: 15691K->1427K(18432K), 0.0045510 secs] 40800K->40073K(59392K), 0.0045920 secs] [Times: user=0.03 sys=0.00, real=0.00 secs] 
147.020: Total time for which application threads were stopped: 0.0047160 seconds, Stopping threads took: 0.0000590 seconds
147.091: Application time: 0.0710810 seconds
147.091: [GC147.091: [ParNew: 17131K->17131K(18432K), 0.0000100 secs]147.091: [Tenured: 38646K->24397K(40960K), 0.0098510 secs] 55777K->24397K(59392K), [Perm : 6102K->6102K(21248K)], 0.0099100 secs] [Times: user=0.01 sys=0.00, real=0.01 secs] 
147.101: Total time for which application threads were stopped: 0.0100390 seconds, Stopping threads took: 0.0000610 seconds
147.174: Application time: 0.0732180 seconds
147.175: [GC147.175: [ParNew: 15691K->1425K(18432K), 0.0045630 secs] 40089K->40072K(59392K), 0.0046090 secs] [Times: user=0.03 sys=0.00, real=0.00 secs] 
147.179: Total time for which application threads were stopped: 0.0047400 seconds, Stopping threads took: 0.0000680 seconds
147.253: Application time: 0.0739530 seconds
147.253: [GC147.253: [ParNew: 17116K->17116K(18432K), 0.0000110 secs]147.253: [Tenured: 38647K->25822K(40960K), 0.0095280 secs] 55764K->25822K(59392K), [Perm : 6102K->6102K(21248K)], 0.0095860 secs] [Times: user=0.01 sys=0.00, real=0.02 secs] 
147.263: Total time for which application threads were stopped: 0.0097210 seconds, Stopping threads took: 0.0000610 seconds
147.310: Application time: 0.0474290 seconds
147.310: [GC147.310: [ParNew: 15710K->15710K(18432K), 0.0000100 secs]147.310: [Tenured: 25822K->25825K(40960K), 0.0090340 secs] 41533K->25825K(59392K), [Perm : 6102K->6102K(21248K)], 0.0090920 secs] [Times: user=0.01 sys=0.00, real=0.01 secs] 
147.320: Total time for which application threads were stopped: 0.0092510 seconds, Stopping threads took: 0.0000900 seconds
147.387: Application time: 0.0677520 seconds
147.387: [GC147.387: [ParNew: 15704K->15704K(18432K), 0.0000110 secs]147.387: [Tenured: 25825K->28670K(40960K), 0.0115860 secs] 41529K->28670K(59392K), [Perm : 6102K->6102K(21248K)], 0.0116470 secs] [Times: user=0.02 sys=0.00, real=0.01 secs] 
147.399: Total time for which application threads were stopped: 0.0118250 seconds, Stopping threads took: 0.0000860 seconds
147.473: Application time: 0.0738790 seconds
147.473: [GC147.473: [ParNew: 15691K->15691K(18432K), 0.0000110 secs]147.473: [Tenured: 28670K->29383K(40960K), 0.0100900 secs] 44362K->29383K(59392K), [Perm : 6102K->6102K(21248K)], 0.0101510 secs] [Times: user=0.01 sys=0.00, real=0.02 secs] 
147.483: Total time for which application threads were stopped: 0.0103120 seconds, Stopping threads took: 0.0000820 seconds
147.554: Application time: 0.0704120 seconds
147.554: [GC147.554: [ParNew: 15691K->15691K(18432K), 0.0000110 secs]147.554: [Tenured: 29383K->29383K(40960K), 0.0105040 secs] 45075K->29383K(59392K), [Perm : 6102K->6102K(21248K)], 0.0105660 secs] [Times: user=0.01 sys=0.00, real=0.02 secs] 
147.564: Total time for which application threads were stopped: 0.0107620 seconds, Stopping threads took: 0.0001170 seconds
147.631: Application time: 0.0666400 seconds
147.631: [GC147.631: [ParNew: 15691K->15691K(18432K), 0.0000110 secs]147.631: [Tenured: 29383K->30096K(40960K), 0.0098930 secs] 45075K->30096K(59392K), [Perm : 6102K->6102K(21248K)], 0.0099560 secs] [Times: user=0.01 sys=0.00, real=0.01 secs] 
147.641: Total time for which application threads were stopped: 0.0101380 seconds, Stopping threads took: 0.0001130 seconds
147.715: Application time: 0.0741190 seconds
147.716: [GC147.716: [ParNew: 15691K->15691K(18432K), 0.0000100 secs]147.716: [Tenured: 30096K->29383K(40960K), 0.0106390 secs] 45787K->29383K(59392K), [Perm : 6102K->6102K(21248K)], 0.0107000 secs] [Times: user=0.01 sys=0.00, real=0.01 secs] 
147.726: Total time for which application threads were stopped: 0.0109570 seconds, Stopping threads took: 0.0001650 seconds
147.800: Application time: 0.0738330 seconds
147.800: [GC147.800: [ParNew: 15691K->15691K(18432K), 0.0000100 secs]147.800: [Tenured: 29383K->28670K(40960K), 0.0088280 secs] 45075K->28670K(59392K), [Perm : 6102K->6102K(21248K)], 0.0088890 secs] [Times: user=0.01 sys=0.00, real=0.01 secs] 
147.809: Total time for which application threads were stopped: 0.0091330 seconds, Stopping threads took: 0.0001440 seconds
147.867: Application time: 0.0573170 seconds
147.867: [GC147.867: [ParNew: 15700K->15700K(18432K), 0.0000120 secs]147.867: [Tenured: 28670K->29384K(40960K), 0.0107520 secs] 44371K->29384K(59392K), [Perm : 6102K->6102K(21248K)], 0.0108130 secs] [Times: user=0.01 sys=0.00, real=0.01 secs] 
147.878: Total time for which application threads were stopped: 0.0110620 seconds, Stopping threads took: 0.0001790 seconds
147.945: Application time: 0.0673980 seconds
147.945: [GC147.945: [ParNew: 15691K->15691K(18432K), 0.0000100 secs]147.945: [Tenured: 29384K->30097K(40960K), 0.0091620 secs] 45076K->30097K(59392K), [Perm : 6102K->6102K(21248K)], 0.0092210 secs] [Times: user=0.01 sys=0.00, real=0.01 secs] 
147.954: Total time for which application threads were stopped: 0.0093520 seconds, Stopping threads took: 0.0000630 seconds
148.023: Application time: 0.0689430 seconds
148.024: [GC148.024: [ParNew: 15691K->15691K(18432K), 0.0000100 secs]148.024: [Tenured: 30097K->28671K(40960K), 0.0118560 secs] 45788K->28671K(59392K), [Perm : 6102K->6102K(21248K)], 0.0119120 secs] [Times: user=0.02 sys=0.00, real=0.01 secs] 
148.036: Total time for which application threads were stopped: 0.0121400 seconds, Stopping threads took: 0.0001620 seconds
148.080: Application time: 0.0447970 seconds
148.081: [GC148.081: [ParNew: 15700K->15700K(18432K), 0.0000090 secs]148.081: [Tenured: 28671K->28672K(40960K), 0.0091910 secs] 44371K->28672K(59392K), [Perm : 6102K->6102K(21248K)], 0.0092500 secs] [Times: user=0.00 sys=0.00, real=0.01 secs] 
148.090: Total time for which application threads were stopped: 0.0095050 seconds, Stopping threads took: 0.0001770 seconds
148.156: Application time: 0.0660650 seconds
148.156: [GC148.156: [ParNew: 15698K->15698K(18432K), 0.0000100 secs]148.156: [Tenured: 28672K->27958K(40960K), 0.0100700 secs] 44370K->27958K(59392K), [Perm : 6102K->6102K(21248K)], 0.0101300 secs] [Times: user=0.01 sys=0.00, real=0.01 secs] 
148.166: Total time for which application threads were stopped: 0.0102630 seconds, Stopping threads took: 0.0000650 seconds
148.236: Application time: 0.0701980 seconds
148.237: [GC148.237: [ParNew: 15689K->15689K(18432K), 0.0000110 secs]148.237: [Tenured: 27958K->28671K(40960K), 0.0107930 secs] 43648K->28671K(59392K), [Perm : 6102K->6102K(21248K)], 0.0108530 secs] [Times: user=0.02 sys=0.00, real=0.01 secs] 
148.247: Total time for which application threads were stopped: 0.0110960 seconds, Stopping threads took: 0.0001730 seconds
148.301: Application time: 0.0533970 seconds
148.301: [GC148.301: [ParNew: 15698K->15698K(18432K), 0.0000100 secs]148.301: [Tenured: 28671K->25821K(40960K), 0.0114320 secs] 44369K->25821K(59392K), [Perm : 6102K->6102K(21248K)], 0.0114920 secs] [Times: user=0.01 sys=0.00, real=0.01 secs] 
148.313: Total time for which application threads were stopped: 0.0116290 seconds, Stopping threads took: 0.0000580 seconds
148.376: Application time: 0.0637890 seconds
148.376: [GC148.376: [ParNew: 15705K->15705K(18432K), 0.0000110 secs]148.376: [Tenured: 25821K->23683K(40960K), 0.0100340 secs] 41526K->23683K(59392K), [Perm : 6102K->6102K(21248K)], 0.0100920 secs] [Times: user=0.01 sys=0.00, real=0.01 secs] 
148.387: Total time for which application threads were stopped: 0.0102460 seconds, Stopping threads took: 0.0000740 seconds
148.423: Application time: 0.0368410 seconds
148.424: [GC148.424: [ParNew: 15705K->1437K(18432K), 0.0036420 secs] 39388K->35096K(59392K), 0.0036850 secs] [Times: user=0.03 sys=0.00, real=0.00 secs] 
148.427: Total time for which application threads were stopped: 0.0038930 seconds, Stopping threads took: 0.0001330 seconds
148.495: Application time: 0.0679800 seconds
148.495: [GC148.495: [ParNew: 17124K->17124K(18432K), 0.0000110 secs]148.496: [Tenured: 33659K->23683K(40960K), 0.0118940 secs] 50784K->23683K(59392K), [Perm : 6102K->6102K(21248K)], 0.0119540 secs] [Times: user=0.01 sys=0.00, real=0.01 secs] 
148.507: Total time for which application threads were stopped: 0.0121950 seconds, Stopping threads took: 0.0001510 seconds
148.550: Application time: 0.0425460 seconds
148.550: [GC148.550: [ParNew: 15688K->1425K(18432K), 0.0032330 secs] 39372K->35084K(59392K), 0.0032700 secs] [Times: user=0.03 sys=0.00, real=0.00 secs] 
148.553: Total time for which application threads were stopped: 0.0034040 seconds, Stopping threads took: 0.0000680 seconds
148.596: Application time: 0.0428200 seconds
148.597: [GC148.597: [ParNew: 17113K->17113K(18432K), 0.0000110 secs]148.597: [Tenured: 33659K->23684K(40960K), 0.0109500 secs] 50772K->23684K(59392K), [Perm : 6102K->6102K(21248K)], 0.0110100 secs] [Times: user=0.01 sys=0.00, real=0.01 secs] 
148.608: Total time for which application threads were stopped: 0.0113670 seconds, Stopping threads took: 0.0002690 seconds
148.668: Application time: 0.0604140 seconds
148.668: [GC148.668: [ParNew: 15688K->1425K(18432K), 0.0033290 secs] 39372K->35085K(59392K), 0.0033660 secs] [Times: user=0.02 sys=0.00, real=0.00 secs] 
148.672: Total time for which application threads were stopped: 0.0035010 seconds, Stopping threads took: 0.0000720 seconds
148.743: Application time: 0.0711590 seconds
148.743: [GC148.743: [ParNew: 17113K->17113K(18432K), 0.0000110 secs]148.743: [Tenured: 33659K->23684K(40960K), 0.0106190 secs] 50773K->23684K(59392K), [Perm : 6102K->6102K(21248K)], 0.0106820 secs] [Times: user=0.01 sys=0.00, real=0.00 secs] 
148.754: Total time for which application threads were stopped: 0.0108880 seconds, Stopping threads took: 0.0001350 seconds
148.771: Application time: 0.0170250 seconds
148.771: [GC148.771: [ParNew: 15688K->1425K(18432K), 0.0032130 secs] 39372K->35085K(59392K), 0.0032480 secs] [Times: user=0.02 sys=0.00, real=0.00 secs] 
148.774: Total time for which application threads were stopped: 0.0034360 seconds, Stopping threads took: 0.0001170 seconds
148.841: Application time: 0.0665130 seconds
148.841: [GC148.841: [ParNew: 17120K->17120K(18432K), 0.0000100 secs]148.841: [Tenured: 33660K->23685K(40960K), 0.0099120 secs] 50780K->23685K(59392K), [Perm : 6102K->6102K(21248K)], 0.0099690 secs] [Times: user=0.01 sys=0.00, real=0.01 secs] 
148.851: Total time for which application threads were stopped: 0.0101250 seconds, Stopping threads took: 0.0000870 seconds
148.912: Application time: 0.0613160 seconds
148.912: [GC148.912: [ParNew: 15688K->1425K(18432K), 0.0034490 secs] 39374K->35086K(59392K), 0.0034880 secs] [Times: user=0.02 sys=0.00, real=0.01 secs] 
148.916: Total time for which application threads were stopped: 0.0036610 seconds, Stopping threads took: 0.0001010 seconds
148.938: Application time: 0.0228170 seconds
148.939: [GC148.939: [ParNew: 17113K->17113K(18432K), 0.0000110 secs]148.939: [Tenured: 33661K->24398K(40960K), 0.0100210 secs] 50775K->24398K(59392K), [Perm : 6102K->6102K(21248K)], 0.0100800 secs] [Times: user=0.01 sys=0.00, real=0.01 secs] 
148.949: Total time for which application threads were stopped: 0.0102770 seconds, Stopping threads took: 0.0001190 seconds
149.021: Application time: 0.0726240 seconds
149.021: [GC149.022: [ParNew: 15688K->1425K(18432K), 0.0034130 secs] 40087K->35799K(59392K), 0.0034470 secs] [Times: user=0.02 sys=0.00, real=0.01 secs] 
149.025: Total time for which application threads were stopped: 0.0035730 seconds, Stopping threads took: 0.0000640 seconds
149.081: Application time: 0.0559080 seconds
149.081: [GC149.081: [ParNew: 17114K->17114K(18432K), 0.0000100 secs]149.081: [Tenured: 34374K->24398K(40960K), 0.0098180 secs] 51488K->24398K(59392K), [Perm : 6102K->6102K(21248K)], 0.0098790 secs] [Times: user=0.01 sys=0.00, real=0.01 secs] 
149.091: Total time for which application threads were stopped: 0.0100370 seconds, Stopping threads took: 0.0000900 seconds
149.124: Application time: 0.0328790 seconds
149.124: [GC149.124: [ParNew: 15702K->1437K(18432K), 0.0033870 secs] 40100K->35812K(59392K), 0.0034220 secs] [Times: user=0.02 sys=0.00, real=0.00 secs] 
149.127: Total time for which application threads were stopped: 0.0035720 seconds, Stopping threads took: 0.0000890 seconds
149.189: Application time: 0.0613510 seconds
149.189: [GC149.189: [ParNew: 17126K->17126K(18432K), 0.0000110 secs]149.189: [Tenured: 34374K->25822K(40960K), 0.0120160 secs] 51501K->25822K(59392K), [Perm : 6102K->6102K(21248K)], 0.0120780 secs] [Times: user=0.01 sys=0.00, real=0.01 secs] 
149.201: Total time for which application threads were stopped: 0.0122480 seconds, Stopping threads took: 0.0000990 seconds
149.256: Application time: 0.0545920 seconds
149.256: [GC149.256: [ParNew: 15689K->15689K(18432K), 0.0000100 secs]149.256: [Tenured: 25822K->25823K(40960K), 0.0099180 secs] 41512K->25823K(59392K), [Perm : 6102K->6102K(21248K)], 0.0099800 secs] [Times: user=0.01 sys=0.00, real=0.01 secs] 
149.266: Total time for which application threads were stopped: 0.0101480 seconds, Stopping threads took: 0.0001000 seconds
149.311: Application time: 0.0452230 seconds
149.311: [GC149.311: [ParNew: 15695K->15695K(18432K), 0.0000100 secs]149.311: [Tenured: 25823K->25823K(40960K), 0.0098400 secs] 41518K->25823K(59392K), [Perm : 6102K->6102K(21248K)], 0.0099010 secs] [Times: user=0.01 sys=0.00, real=0.01 secs] 
149.321: Total time for which application threads were stopped: 0.0100340 seconds, Stopping threads took: 0.0000640 seconds
149.370: Application time: 0.0492030 seconds
149.370: [GC149.370: [ParNew: 15702K->15702K(18432K), 0.0000110 secs]149.370: [Tenured: 25823K->25825K(40960K), 0.0108650 secs] 41525K->25825K(59392K), [Perm : 6102K->6102K(21248K)], 0.0109240 secs] [Times: user=0.01 sys=0.00, real=0.01 secs] 
149.381: Total time for which application threads were stopped: 0.0111350 seconds, Stopping threads took: 0.0001400 seconds
149.441: Application time: 0.0593060 seconds
149.441: [GC149.441: [ParNew: 15689K->15689K(18432K), 0.0000110 secs]149.441: [Tenured: 25825K->27960K(40960K), 0.0119090 secs] 41514K->27960K(59392K), [Perm : 6102K->6102K(21248K)], 0.0119690 secs] [Times: user=0.01 sys=0.00, real=0.01 secs] 
149.453: Total time for which application threads were stopped: 0.0122390 seconds, Stopping threads took: 0.0001850 seconds
149.504: Application time: 0.0507830 seconds
149.504: [GC149.504: [ParNew: 15695K->15695K(18432K), 0.0000110 secs]149.504: [Tenured: 27960K->27961K(40960K), 0.0099420 secs] 43656K->27961K(59392K), [Perm : 6102K->6102K(21248K)], 0.0100040 secs] [Times: user=0.01 sys=0.00, real=0.00 secs] 
149.514: Total time for which application threads were stopped: 0.0102270 seconds, Stopping threads took: 0.0001330 seconds
149.559: Application time: 0.0451330 seconds
149.559: [GC149.559: [ParNew: 15695K->15695K(18432K), 0.0000110 secs]149.559: [Tenured: 27961K->27962K(40960K), 0.0098050 secs] 43656K->27962K(59392K), [Perm : 6102K->6102K(21248K)], 0.0098660 secs] [Times: user=0.01 sys=0.00, real=0.01 secs] 
149.569: Total time for which application threads were stopped: 0.0100880 seconds, Stopping threads took: 0.0001420 seconds
149.623: Application time: 0.0534160 seconds
149.623: [GC149.623: [ParNew: 15688K->15688K(18432K), 0.0000100 secs]149.623: [Tenured: 27962K->30100K(40960K), 0.0102350 secs] 43651K->30100K(59392K), [Perm : 6102K->6102K(21248K)], 0.0103040 secs] [Times: user=0.01 sys=0.00, real=0.00 secs] 
149.633: Total time for which application threads were stopped: 0.0105630 seconds, Stopping threads took: 0.0001790 seconds
149.692: Application time: 0.0593660 seconds
149.693: [GC149.693: [ParNew: 15688K->15688K(18432K), 0.0000100 secs]149.693: [Tenured: 30100K->29385K(40960K), 0.0111370 secs] 45788K->29385K(59392K), [Perm : 6102K->6102K(21248K)], 0.0111990 secs] [Times: user=0.02 sys=0.00, real=0.02 secs] 
149.704: Total time for which application threads were stopped: 0.0113650 seconds, Stopping threads took: 0.0000970 seconds
149.740: Application time: 0.0358470 seconds
149.740: [GC149.740: [ParNew: 15688K->15688K(18432K), 0.0000100 secs]149.740: [Tenured: 29385K->29385K(40960K), 0.0097930 secs] 45074K->29385K(59392K), [Perm : 6102K->6102K(21248K)], 0.0098540 secs] [Times: user=0.01 sys=0.00, real=0.01 secs] 
149.750: Total time for which application threads were stopped: 0.0100880 seconds, Stopping threads took: 0.0001500 seconds
149.824: Application time: 0.0739400 seconds
149.824: [GC149.824: [ParNew: 15688K->15688K(18432K), 0.0000100 secs]149.824: [Tenured: 29385K->29385K(40960K), 0.0098500 secs] 45074K->29385K(59392K), [Perm : 6102K->6102K(21248K)], 0.0099090 secs] [Times: user=0.01 sys=0.00, real=0.00 secs] 
149.834: Total time for which application threads were stopped: 0.0101040 seconds, Stopping threads took: 0.0001270 seconds
149.866: Application time: 0.0322560 seconds
149.866: [GC149.866: [ParNew: 15688K->15688K(18432K), 0.0000110 secs]149.866: [Tenured: 29385K->29385K(40960K), 0.0107430 secs] 45073K->29385K(59392K), [Perm : 6102K->6102K(21248K)], 0.0108040 secs] [Times: user=0.01 sys=0.00, real=0.01 secs] 
149.877: Total time for which application threads were stopped: 0.0109960 seconds, Stopping threads took: 0.0001210 seconds
149.896: Application time: 0.0193900 seconds
149.897: [GC149.897: [ParNew: 15715K->15715K(18432K), 0.0000100 secs]149.897: [Tenured: 29385K->29385K(40960K), 0.0114900 secs] 45100K->29385K(59392K), [Perm : 6102K->6102K(21248K)], 0.0115530 secs] [Times: user=0.01 sys=0.00, real=0.01 secs] 
149.908: Total time for which application threads were stopped: 0.0117020 seconds, Stopping threads took: 0.0000760 seconds
149.915: Application time: 0.0072710 seconds
149.916: [GC149.916: [ParNew: 15679K->15679K(18432K), 0.0000110 secs]149.916: [Tenured: 29385K->29385K(40960K), 0.0090690 secs] 45064K->29385K(59392K), [Perm : 6102K->6102K(21248K)], 0.0091300 secs] [Times: user=0.01 sys=0.00, real=0.01 secs] 
149.925: Total time for which application threads were stopped: 0.0092850 seconds, Stopping threads took: 0.0000820 seconds
149.930: Application time: 0.0049230 seconds
149.930: [GC149.930: [ParNew: 15683K->15683K(18432K), 0.0000100 secs]149.930: [Tenured: 29385K->30811K(40960K), 0.0062520 secs] 45068K->30811K(59392K), [Perm : 6102K->6102K(21248K)], 0.0063070 secs] [Times: user=0.00 sys=0.00, real=0.01 secs] 
149.936: Total time for which application threads were stopped: 0.0064650 seconds, Stopping threads took: 0.0000910 seconds
149.942: Application time: 0.0063850 seconds
149.943: [GC149.943: [ParNew: 15685K->15685K(18432K), 0.0000110 secs]149.943: [Tenured: 30811K->30098K(40960K), 0.0069910 secs] 46496K->30098K(59392K), [Perm : 6102K->6102K(21248K)], 0.0070470 secs] [Times: user=0.01 sys=0.00, real=0.00 secs] 
149.950: Total time for which application threads were stopped: 0.0072220 seconds, Stopping threads took: 0.0000980 seconds
149.956: Application time: 0.0067090 seconds
149.957: [GC149.957: [ParNew: 15680K->15680K(18432K), 0.0000110 secs]149.957: [Tenured: 30098K->28672K(40960K), 0.0104920 secs] 45779K->28672K(59392K), [Perm : 6102K->6102K(21248K)], 0.0105550 secs] [Times: user=0.01 sys=0.00, real=0.01 secs] 
149.967: Total time for which application threads were stopped: 0.0107330 seconds, Stopping threads took: 0.0001050 seconds
149.974: Application time: 0.0067440 seconds
149.974: [GC149.974: [ParNew: 15680K->15680K(18432K), 0.0000100 secs]149.974: [Tenured: 28672K->30098K(40960K), 0.0064220 secs] 44353K->30098K(59392K), [Perm : 6102K->6102K(21248K)], 0.0064880 secs] [Times: user=0.01 sys=0.00, real=0.00 secs] 
149.981: Total time for which application threads were stopped: 0.0066630 seconds, Stopping threads took: 0.0000980 seconds
149.985: Application time: 0.0044810 seconds
149.985: [GC149.985: [ParNew: 15690K->15690K(18432K), 0.0000110 secs]149.985: [Tenured: 30098K->29385K(40960K), 0.0107300 secs] 45788K->29385K(59392K), [Perm : 6102K->6102K(21248K)], 0.0107910 secs] [Times: user=0.01 sys=0.00, real=0.01 secs] 
149.996: Total time for which application threads were stopped: 0.0109890 seconds, Stopping threads took: 0.0001280 seconds
150.000: Application time: 0.0040010 seconds
150.000: [GC150.000: [ParNew: 15679K->15679K(18432K), 0.0000100 secs]150.000: [Tenured: 29385K->30810K(40960K), 0.0077320 secs] 45065K->30810K(59392K), [Perm : 6102K->6102K(21248K)], 0.0077870 secs] [Times: user=0.01 sys=0.00, real=0.01 secs] 
150.008: Total time for which application threads were stopped: 0.0080840 seconds, Stopping threads took: 0.0002330 seconds
150.019: Application time: 0.0106360 seconds
150.019: [GC150.019: [ParNew: 15688K->15688K(18432K), 0.0000100 secs]150.019: [Tenured: 30810K->27959K(40960K), 0.0089990 secs] 46498K->27959K(59392K), [Perm : 6102K->6102K(21248K)], 0.0090560 secs] [Times: user=0.01 sys=0.00, real=0.01 secs] 
150.028: Total time for which application threads were stopped: 0.0091810 seconds, Stopping threads took: 0.0000570 seconds
150.092: Application time: 0.0639880 seconds
150.092: [GC150.092: [ParNew: 15688K->15688K(18432K), 0.0000110 secs]150.092: [Tenured: 27959K->27959K(40960K), 0.0100920 secs] 43648K->27959K(59392K), [Perm : 6102K->6102K(21248K)], 0.0101530 secs] [Times: user=0.01 sys=0.00, real=0.02 secs] 
150.102: Total time for which application threads were stopped: 0.0103400 seconds, Stopping threads took: 0.0001050 seconds
150.157: Application time: 0.0543970 seconds
150.157: [GC150.157: [ParNew: 15690K->15690K(18432K), 0.0000110 secs]150.157: [Tenured: 27959K->28672K(40960K), 0.0105720 secs] 43650K->28672K(59392K), [Perm : 6102K->6102K(21248K)], 0.0106350 secs] [Times: user=0.01 sys=0.00, real=0.01 secs] 
150.167: Total time for which application threads were stopped: 0.0107980 seconds, Stopping threads took: 0.0000930 seconds
150.197: Application time: 0.0299660 seconds
150.198: [GC150.198: [ParNew: 15687K->15687K(18432K), 0.0000110 secs]150.198: [Tenured: 28672K->28672K(40960K), 0.0100770 secs] 44360K->28672K(59392K), [Perm : 6102K->6102K(21248K)], 0.0101360 secs] [Times: user=0.01 sys=0.00, real=0.01 secs] 
150.208: Total time for which application threads were stopped: 0.0102760 seconds, Stopping threads took: 0.0000670 seconds
150.277: Application time: 0.0695160 seconds
150.277: [GC150.277: [ParNew: 16095K->16095K(18432K), 0.0000100 secs]150.277: [Tenured: 28672K->21561K(40960K), 0.0099180 secs] 44767K->21561K(59392K), [Perm : 6102K->6102K(21248K)], 0.0099750 secs] [Times: user=0.01 sys=0.00, real=0.01 secs] 
150.287: Total time for which application threads were stopped: 0.0102150 seconds, Stopping threads took: 0.0001740 seconds
150.295: Application time: 0.0077200 seconds
150.296: [GC150.296: [ParNew: 16058K->1435K(18432K), 0.0026850 secs] 37620K->30122K(59392K), 0.0027280 secs] [Times: user=0.02 sys=0.00, real=0.00 secs] 
150.299: Total time for which application threads were stopped: 0.0037680 seconds, Stopping threads took: 0.0009730 seconds
150.304: Application time: 0.0051860 seconds
150.304: [GC150.304: [ParNew: 17114K->17114K(18432K), 0.0000100 secs]150.304: [Tenured: 28687K->27246K(40960K), 0.0094700 secs] 45801K->27246K(59392K), [Perm : 6102K->6102K(21248K)], 0.0095310 secs] [Times: user=0.01 sys=0.00, real=0.00 secs] 
150.314: Total time for which application threads were stopped: 0.0098640 seconds, Stopping threads took: 0.0002530 seconds
150.320: Application time: 0.0060770 seconds
150.320: [GC150.320: [ParNew: 15679K->15679K(18432K), 0.0000110 secs]150.320: [Tenured: 27246K->25821K(40960K), 0.0072450 secs] 42926K->25821K(59392K), [Perm : 6102K->6102K(21248K)], 0.0073120 secs] [Times: user=0.01 sys=0.00, real=0.01 secs] 
150.328: Total time for which application threads were stopped: 0.0074800 seconds, Stopping threads took: 0.0000800 seconds
150.333: Application time: 0.0049600 seconds
150.333: [GC150.333: [ParNew: 15685K->15685K(18432K), 0.0000110 secs]150.333: [Tenured: 25821K->27960K(40960K), 0.0070030 secs] 41507K->27960K(59392K), [Perm : 6102K->6102K(21248K)], 0.0070570 secs] [Times: user=0.01 sys=0.00, real=0.01 secs] 
150.340: Total time for which application threads were stopped: 0.0078620 seconds, Stopping threads took: 0.0007400 seconds
150.344: Application time: 0.0034450 seconds
150.344: [GC150.344: [ParNew: 15685K->15685K(18432K), 0.0000110 secs]150.344: [Tenured: 27960K->28671K(40960K), 0.0083380 secs] 43645K->28671K(59392K), [Perm : 6102K->6102K(21248K)], 0.0083960 secs] [Times: user=0.01 sys=0.00, real=0.00 secs] 
150.353: Total time for which application threads were stopped: 0.0086590 seconds, Stopping threads took: 0.0001750 seconds
150.356: Application time: 0.0036870 seconds
150.356: [GC150.356: [ParNew: 15681K->15681K(18432K), 0.0000110 secs]150.356: [Tenured: 28671K->28671K(40960K), 0.0102610 secs] 44353K->28671K(59392K), [Perm : 6102K->6102K(21248K)], 0.0103220 secs] [Times: user=0.01 sys=0.00, real=0.01 secs] 
150.367: Total time for which application threads were stopped: 0.0106070 seconds, Stopping threads took: 0.0001960 seconds
150.370: Application time: 0.0035810 seconds
150.371: [GC150.371: [ParNew: 15679K->15679K(18432K), 0.0000100 secs]150.371: [Tenured: 28671K->27246K(40960K), 0.0070700 secs] 44351K->27246K(59392K), [Perm : 6102K->6102K(21248K)], 0.0071270 secs] [Times: user=0.01 sys=0.00, real=0.01 secs] 
150.378: Total time for which application threads were stopped: 0.0079200 seconds, Stopping threads took: 0.0007070 seconds
150.383: Application time: 0.0050070 seconds
150.384: [GC150.384: [ParNew: 15696K->15696K(18432K), 0.0000110 secs]150.384: [Tenured: 27246K->27246K(40960K), 0.0077480 secs] 42943K->27246K(59392K), [Perm : 6102K->6102K(21248K)], 0.0078080 secs] [Times: user=0.01 sys=0.00, real=0.00 secs] 
150.392: Total time for which application threads were stopped: 0.0089590 seconds, Stopping threads took: 0.0010610 seconds
150.397: Application time: 0.0046900 seconds
150.398: [GC150.398: [ParNew: 15680K->15680K(18432K), 0.0000100 secs]150.398: [Tenured: 27246K->25822K(40960K), 0.0082180 secs] 42927K->25822K(59392K), [Perm : 6102K->6102K(21248K)], 0.0082780 secs] [Times: user=0.01 sys=0.00, real=0.01 secs] 
150.406: Total time for which application threads were stopped: 0.0089190 seconds, Stopping threads took: 0.0005690 seconds
150.411: Application time: 0.0048860 seconds
150.411: [GC150.411: [ParNew: 15681K->15681K(18432K), 0.0000100 secs]150.411: [Tenured: 25822K->28672K(40960K), 0.0079300 secs] 41503K->28672K(59392K), [Perm : 6102K->6102K(21248K)], 0.0079880 secs] [Times: user=0.00 sys=0.00, real=0.01 secs] 
150.419: Total time for which application threads were stopped: 0.0082560 seconds, Stopping threads took: 0.0001980 seconds
150.425: Application time: 0.0057040 seconds
150.425: [GC150.425: [ParNew: 15683K->15683K(18432K), 0.0000110 secs]150.425: [Tenured: 28672K->25822K(40960K), 0.0096010 secs] 44356K->25822K(59392K), [Perm : 6102K->6102K(21248K)], 0.0096620 secs] [Times: user=0.01 sys=0.00, real=0.01 secs] 
150.435: Total time for which application threads were stopped: 0.0098270 seconds, Stopping threads took: 0.0000830 seconds
150.439: Application time: 0.0041490 seconds
150.439: [GC150.439: [ParNew: 15689K->15689K(18432K), 0.0000110 secs]150.439: [Tenured: 25822K->27961K(40960K), 0.0064390 secs] 41511K->27961K(59392K), [Perm : 6102K->6102K(21248K)], 0.0064980 secs] [Times: user=0.01 sys=0.00, real=0.01 secs] 
150.445: Total time for which application threads were stopped: 0.0066380 seconds, Stopping threads took: 0.0000730 seconds
150.449: Application time: 0.0035850 seconds
150.449: [GC150.449: [ParNew: 15688K->15688K(18432K), 0.0000110 secs]150.449: [Tenured: 27961K->27960K(40960K), 0.0071460 secs] 43649K->27960K(59392K), [Perm : 6102K->6102K(21248K)], 0.0072140 secs] [Times: user=0.01 sys=0.00, real=0.01 secs] 
150.457: Total time for which application threads were stopped: 0.0076060 seconds, Stopping threads took: 0.0002950 seconds
150.461: Application time: 0.0040140 seconds
150.461: [GC150.461: [ParNew: 15681K->15681K(18432K), 0.0000100 secs]150.461: [Tenured: 27960K->27247K(40960K), 0.0076210 secs] 43642K->27247K(59392K), [Perm : 6102K->6102K(21248K)], 0.0076750 secs] [Times: user=0.01 sys=0.00, real=0.01 secs] 
150.469: Total time for which application threads were stopped: 0.0079320 seconds, Stopping threads took: 0.0001930 seconds
150.472: Application time: 0.0035140 seconds
150.472: [GC150.472: [ParNew: 15681K->15681K(18432K), 0.0000100 secs]150.472: [Tenured: 27247K->28672K(40960K), 0.0063070 secs] 42928K->28672K(59392K), [Perm : 6102K->6102K(21248K)], 0.0063640 secs] [Times: user=0.01 sys=0.00, real=0.01 secs] 
150.479: Total time for which application threads were stopped: 0.0065250 seconds, Stopping threads took: 0.0000860 seconds
150.482: Application time: 0.0033590 seconds
150.482: [GC150.482: [ParNew: 15680K->15680K(18432K), 0.0000100 secs]150.482: [Tenured: 28672K->27959K(40960K), 0.0079480 secs] 44352K->27959K(59392K), [Perm : 6102K->6102K(21248K)], 0.0080090 secs] [Times: user=0.00 sys=0.00, real=0.00 secs] 
150.490: Total time for which application threads were stopped: 0.0081910 seconds, Stopping threads took: 0.0001100 seconds
150.495: Application time: 0.0053720 seconds
150.496: [GC150.496: [ParNew: 15702K->15702K(18432K), 0.0000110 secs]150.496: [Tenured: 27959K->26534K(40960K), 0.0099420 secs] 43662K->26534K(59392K), [Perm : 6102K->6102K(21248K)], 0.0100050 secs] [Times: user=0.01 sys=0.00, real=0.01 secs] 
150.506: Total time for which application threads were stopped: 0.0101510 seconds, Stopping threads took: 0.0000720 seconds
150.568: Application time: 0.0621800 seconds
150.568: [GC150.568: [ParNew: 15716K->15716K(18432K), 0.0000100 secs]150.568: [Tenured: 26534K->26563K(40960K), 0.0099990 secs] 42251K->26563K(59392K), [Perm : 6102K->6102K(21248K)], 0.0100600 secs] [Times: user=0.01 sys=0.00, real=0.01 secs] 
150.578: Total time for which application threads were stopped: 0.0102110 seconds, Stopping threads took: 0.0000720 seconds
150.586: Application time: 0.0083700 seconds
150.587: [GC150.587: [ParNew: 15677K->15677K(18432K), 0.0000100 secs]150.587: [Tenured: 26563K->27276K(40960K), 0.0068620 secs] 42240K->27276K(59392K), [Perm : 6102K->6102K(21248K)], 0.0069130 secs] [Times: user=0.01 sys=0.00, real=0.00 secs] 
150.593: Total time for which application threads were stopped: 0.0070470 seconds, Stopping threads took: 0.0000700 seconds
150.598: Application time: 0.0042660 seconds
150.598: [GC150.598: [ParNew: 15693K->15693K(18432K), 0.0000100 secs]150.598: [Tenured: 27276K->27988K(40960K), 0.0110430 secs] 42969K->27988K(59392K), [Perm : 6102K->6102K(21248K)], 0.0111040 secs] [Times: user=0.01 sys=0.00, real=0.01 secs] 
150.609: Total time for which application threads were stopped: 0.0112910 seconds, Stopping threads took: 0.0001160 seconds
150.613: Application time: 0.0037520 seconds
150.613: [GC150.613: [ParNew: 15679K->15679K(18432K), 0.0000100 secs]150.613: [Tenured: 27988K->25821K(40960K), 0.0104220 secs] 43667K->25821K(59392K), [Perm : 6102K->6102K(21248K)], 0.0104820 secs] [Times: user=0.02 sys=0.00, real=0.02 secs] 
150.623: Total time for which application threads were stopped: 0.0106710 seconds, Stopping threads took: 0.0001170 seconds
150.630: Application time: 0.0061370 seconds
150.630: [GC150.630: [ParNew: 16205K->16205K(18432K), 0.0000100 secs]150.630: [Tenured: 25821K->25146K(40960K), 0.0081520 secs] 42027K->25146K(59392K), [Perm : 6102K->6102K(21248K)], 0.0082140 secs] [Times: user=0.01 sys=0.00, real=0.01 secs] 
150.638: Total time for which application threads were stopped: 0.0083710 seconds, Stopping threads took: 0.0000870 seconds
150.645: Application time: 0.0071590 seconds
150.646: [GC150.646: [ParNew: 15907K->15907K(18432K), 0.0000100 secs]150.646: [Tenured: 25146K->25140K(40960K), 0.0062600 secs] 41054K->25140K(59392K), [Perm : 6102K->6102K(21248K)], 0.0063270 secs] [Times: user=0.00 sys=0.00, real=0.00 secs] 
150.652: Total time for which application threads were stopped: 0.0070400 seconds, Stopping threads took: 0.0006460 seconds
150.656: Application time: 0.0038350 seconds
150.657: [GC150.657: [ParNew: 15680K->1425K(18432K), 0.0007860 secs] 40821K->27278K(59392K), 0.0008180 secs] [Times: user=0.00 sys=0.00, real=0.00 secs] 
150.657: Total time for which application threads were stopped: 0.0013750 seconds, Stopping threads took: 0.0004800 seconds
150.661: Application time: 0.0041020 seconds
150.662: [GC150.662: [ParNew: 17114K->17114K(18432K), 0.0000100 secs]150.662: [Tenured: 25852K->25851K(40960K), 0.0087350 secs] 42967K->25851K(59392K), [Perm : 6102K->6102K(21248K)], 0.0087930 secs] [Times: user=0.01 sys=0.00, real=0.01 secs] 
150.670: Total time for which application threads were stopped: 0.0089890 seconds, Stopping threads took: 0.0001260 seconds
150.674: Application time: 0.0036210 seconds
150.675: [GC150.675: [ParNew: 16119K->16119K(18432K), 0.0000100 secs]150.675: [Tenured: 25851K->21551K(40960K), 0.0095310 secs] 41971K->21551K(59392K), [Perm : 6102K->6102K(21248K)], 0.0095910 secs] [Times: user=0.01 sys=0.00, real=0.01 secs] 
150.685: Total time for which application threads were stopped: 0.0105470 seconds, Stopping threads took: 0.0008860 seconds
150.688: Application time: 0.0033560 seconds
150.688: [GC150.688: [ParNew: 15770K->1438K(18432K), 0.0008110 secs] 37322K->23702K(59392K), 0.0008410 secs] [Times: user=0.00 sys=0.00, real=0.00 secs] 
150.689: Total time for which application threads were stopped: 0.0011820 seconds, Stopping threads took: 0.0002660 seconds
150.693: Application time: 0.0034070 seconds
150.693: [GC150.693: [ParNew: 17243K->1444K(18432K), 0.0009470 secs] 39507K->24421K(59392K), 0.0009780 secs] [Times: user=0.00 sys=0.00, real=0.00 secs] 
150.694: Total time for which application threads were stopped: 0.0012410 seconds, Stopping threads took: 0.0002050 seconds
150.698: Application time: 0.0039500 seconds
150.698: [GC150.698: [ParNew: 17235K->1439K(18432K), 0.0009280 secs] 40212K->25873K(59392K), 0.0009570 secs] [Times: user=0.00 sys=0.00, real=0.00 secs] 
150.699: Total time for which application threads were stopped: 0.0011270 seconds, Stopping threads took: 0.0001140 seconds
150.702: Application time: 0.0035740 seconds
150.703: [GC150.703: [ParNew: 17120K->1425K(18432K), 0.0018750 secs] 41554K->30182K(59392K), 0.0019090 secs] [Times: user=0.01 sys=0.00, real=0.00 secs] 
150.705: Total time for which application threads were stopped: 0.0021020 seconds, Stopping threads took: 0.0001320 seconds
150.710: Application time: 0.0053350 seconds
150.711: [GC150.711: [ParNew: 17112K->17112K(18432K), 0.0000120 secs]150.711: [Tenured: 28757K->22971K(40960K), 0.0069790 secs] 45869K->22971K(59392K), [Perm : 6102K->6102K(21248K)], 0.0070400 secs] [Times: user=0.00 sys=0.00, real=0.01 secs] 
150.718: Total time for which application threads were stopped: 0.0078810 seconds, Stopping threads took: 0.0007700 seconds
150.723: Application time: 0.0048080 seconds
150.723: [GC150.723: [ParNew: 15679K->1425K(18432K), 0.0007690 secs] 38651K->25109K(59392K), 0.0007980 secs] [Times: user=0.01 sys=0.00, real=0.00 secs] 
150.724: Total time for which application threads were stopped: 0.0009250 seconds, Stopping threads took: 0.0000700 seconds
150.728: Application time: 0.0041260 seconds
150.728: [GC150.728: [ParNew: 17111K->1437K(18432K), 0.0007480 secs] 40795K->25833K(59392K), 0.0007790 secs] [Times: user=0.01 sys=0.00, real=0.00 secs] 
150.729: Total time for which application threads were stopped: 0.0013630 seconds, Stopping threads took: 0.0005270 seconds
150.733: Application time: 0.0036170 seconds
150.733: [GC150.733: [ParNew: 17118K->1425K(18432K), 0.0010360 secs] 41514K->27278K(59392K), 0.0010770 secs] [Times: user=0.01 sys=0.00, real=0.00 secs] 
150.734: Total time for which application threads were stopped: 0.0012160 seconds, Stopping threads took: 0.0000830 seconds
150.738: Application time: 0.0036460 seconds
150.738: [GC150.738: [ParNew: 17111K->1433K(18432K), 0.0008340 secs] 42965K->27999K(59392K), 0.0008640 secs] [Times: user=0.01 sys=0.00, real=0.00 secs] 
150.739: Total time for which application threads were stopped: 0.0010310 seconds, Stopping threads took: 0.0001110 seconds
150.742: Application time: 0.0035260 seconds
150.742: [GC150.742: [ParNew: 17116K->1427K(18432K), 0.0016230 secs] 43683K->31604K(59392K), 0.0016590 secs] [Times: user=0.02 sys=0.00, real=0.00 secs] 
150.744: Total time for which application threads were stopped: 0.0020470 seconds, Stopping threads took: 0.0003280 seconds
150.748: Application time: 0.0037420 seconds
150.748: [GC150.748: [ParNew: 17122K->1433K(18432K), 0.0028140 secs] 47299K->39448K(59392K), 0.0028490 secs] [Times: user=0.02 sys=0.00, real=0.00 secs] 
150.751: Total time for which application threads were stopped: 0.0030960 seconds, Stopping threads took: 0.0001840 seconds
150.754: Application time: 0.0032760 seconds
150.754: [GC150.754: [ParNew: 17115K->17115K(18432K), 0.0000100 secs]150.754: [Tenured: 38014K->25821K(40960K), 0.0099520 secs] 55130K->25821K(59392K), [Perm : 6102K->6102K(21248K)], 0.0100110 secs] [Times: user=0.01 sys=0.00, real=0.01 secs] 
150.764: Total time for which application threads were stopped: 0.0102160 seconds, Stopping threads took: 0.0001350 seconds
150.768: Application time: 0.0035220 seconds
150.768: [GC150.768: [ParNew: 15680K->1425K(18432K), 0.0008040 secs] 41502K->27959K(59392K), 0.0008310 secs] [Times: user=0.01 sys=0.00, real=0.00 secs] 
150.769: Total time for which application threads were stopped: 0.0011310 seconds, Stopping threads took: 0.0002430 seconds
150.776: Application time: 0.0063940 seconds
150.776: [GC150.776: [ParNew: 17115K->1435K(18432K), 0.0011960 secs] 43649K->29394K(59392K), 0.0012250 secs] [Times: user=0.01 sys=0.00, real=0.00 secs] 
150.777: Total time for which application threads were stopped: 0.0014000 seconds, Stopping threads took: 0.0001170 seconds
150.783: Application time: 0.0056450 seconds
150.783: [GC150.783: [ParNew: 17122K->1437K(18432K), 0.0009040 secs] 45081K->30141K(59392K), 0.0009320 secs] [Times: user=0.01 sys=0.00, real=0.00 secs] 
150.784: Total time for which application threads were stopped: 0.0010860 seconds, Stopping threads took: 0.0001000 seconds
150.787: Application time: 0.0036530 seconds
150.787: [GC150.788: [ParNew: 17117K->712K(18432K), 0.0006840 secs] 45821K->30185K(59392K), 0.0007110 secs] [Times: user=0.00 sys=0.00, real=0.00 secs] 
150.788: Total time for which application threads were stopped: 0.0008840 seconds, Stopping threads took: 0.0001180 seconds
150.833: Application time: 0.0445200 seconds
150.833: [GC150.833: [ParNew: 16400K->1435K(18432K), 0.0012800 secs] 45873K->33757K(59392K), 0.0013130 secs] [Times: user=0.01 sys=0.00, real=0.01 secs] 
150.834: Total time for which application threads were stopped: 0.0014540 seconds, Stopping threads took: 0.0000830 seconds
150.845: Application time: 0.0105500 seconds
150.845: [GC150.845: [ParNew: 17154K->1463K(18432K), 0.0029700 secs] 49477K->41647K(59392K), 0.0030130 secs] [Times: user=0.02 sys=0.00, real=0.00 secs] 
150.848: Total time for which application threads were stopped: 0.0031900 seconds, Stopping threads took: 0.0001120 seconds
150.861: Application time: 0.0134500 seconds
150.862: [GC150.862: [ParNew: 17178K->17178K(18432K), 0.0000130 secs]150.862: [Tenured: 40184K->22315K(40960K), 0.0101120 secs] 57362K->22315K(59392K), [Perm : 6103K->6103K(21248K)], 0.0101750 secs] [Times: user=0.01 sys=0.00, real=0.01 secs] 
150.872: Total time for which application threads were stopped: 0.0103420 seconds, Stopping threads took: 0.0000950 seconds
150.877: Application time: 0.0048340 seconds
150.877: [GC150.877: [ParNew: 15679K->1427K(18432K), 0.0007490 secs] 37994K->23742K(59392K), 0.0007770 secs] [Times: user=0.00 sys=0.00, real=0.00 secs] 
150.878: Total time for which application threads were stopped: 0.0013070 seconds, Stopping threads took: 0.0004690 seconds
150.883: Application time: 0.0052740 seconds
150.884: [GC150.884: [ParNew: 17114K->1433K(18432K), 0.0008530 secs] 39430K->24461K(59392K), 0.0008800 secs] [Times: user=0.01 sys=0.00, real=0.00 secs] 
150.884: Total time for which application threads were stopped: 0.0013030 seconds, Stopping threads took: 0.0003610 seconds
150.889: Application time: 0.0041940 seconds
150.889: [GC150.889: [ParNew: 17114K->1425K(18432K), 0.0016370 secs] 40142K->27335K(59392K), 0.0016730 secs] [Times: user=0.01 sys=0.00, real=0.00 secs] 
150.891: Total time for which application threads were stopped: 0.0020590 seconds, Stopping threads took: 0.0003040 seconds
150.895: Application time: 0.0042380 seconds
150.895: [GC150.895: [ParNew: 17110K->1435K(18432K), 0.0010390 secs] 43020K->28770K(59392K), 0.0010690 secs] [Times: user=0.00 sys=0.00, real=0.00 secs] 
150.896: Total time for which application threads were stopped: 0.0012220 seconds, Stopping threads took: 0.0000960 seconds
150.901: Application time: 0.0045870 seconds
150.901: [GC150.901: [ParNew: 17118K->1437K(18432K), 0.0007900 secs] 44453K->29516K(59392K), 0.0008220 secs] [Times: user=0.01 sys=0.00, real=0.00 secs] 
150.902: Total time for which application threads were stopped: 0.0010180 seconds, Stopping threads took: 0.0001360 seconds
150.906: Application time: 0.0042520 seconds
150.906: [GC150.906: [ParNew: 17120K->1433K(18432K), 0.0016530 secs] 45200K->33091K(59392K), 0.0016890 secs] [Times: user=0.01 sys=0.00, real=0.00 secs] 
150.908: Total time for which application threads were stopped: 0.0018640 seconds, Stopping threads took: 0.0001140 seconds
150.913: Application time: 0.0054480 seconds
150.915: [GC150.915: [ParNew: 17121K->1439K(18432K), 0.0009930 secs] 48779K->34546K(59392K), 0.0010220 secs] [Times: user=0.00 sys=0.00, real=0.00 secs] 
150.916: Total time for which application threads were stopped: 0.0021870 seconds, Stopping threads took: 0.0010840 seconds
150.921: Application time: 0.0051640 seconds
150.921: [GC150.921: [ParNew: 17120K->1425K(18432K), 0.0005390 secs] 50227K->34572K(59392K), 0.0005680 secs] [Times: user=0.00 sys=0.00, real=0.00 secs] 
150.922: Total time for which application threads were stopped: 0.0009930 seconds, Stopping threads took: 0.0003670 seconds
150.927: Application time: 0.0049730 seconds
150.927: [GC150.927: [ParNew: 17107K->1425K(18432K), 0.0009430 secs] 50254K->35997K(59392K), 0.0009720 secs] [Times: user=0.01 sys=0.00, real=0.00 secs] 
150.928: Total time for which application threads were stopped: 0.0011250 seconds, Stopping threads took: 0.0000970 seconds
150.933: Application time: 0.0053400 seconds
150.933: [GC150.933: [ParNew: 17114K->1437K(18432K), 0.0009940 secs] 51686K->37435K(59392K), 0.0010260 secs] [Times: user=0.01 sys=0.00, real=0.01 secs] 
150.934: Total time for which application threads were stopped: 0.0011660 seconds, Stopping threads took: 0.0000810 seconds
150.938: Application time: 0.0040560 seconds
150.939: [GC150.939: [ParNew: 17121K->17121K(18432K), 0.0000100 secs]150.939: [Tenured: 35998K->22971K(40960K), 0.0107580 secs] 53119K->22971K(59392K), [Perm : 6103K->6103K(21248K)], 0.0108150 secs] [Times: user=0.01 sys=0.00, real=0.01 secs] 
150.949: Total time for which application threads were stopped: 0.0109790 seconds, Stopping threads took: 0.0000960 seconds
150.953: Application time: 0.0039600 seconds
150.954: [GC150.954: [ParNew: 15690K->1435K(18432K), 0.0016170 secs] 38662K->27257K(59392K), 0.0016550 secs] [Times: user=0.01 sys=0.00, real=0.00 secs] 
150.956: Total time for which application threads were stopped: 0.0025060 seconds, Stopping threads took: 0.0007790 seconds
150.960: Application time: 0.0037830 seconds
150.960: [GC150.960: [ParNew: 17118K->1425K(18432K), 0.0016610 secs] 42940K->30858K(59392K), 0.0016950 secs] [Times: user=0.01 sys=0.00, real=0.00 secs] 
150.962: Total time for which application threads were stopped: 0.0018900 seconds, Stopping threads took: 0.0001330 seconds
150.966: Application time: 0.0041660 seconds
150.966: [GC150.966: [ParNew: 17107K->1425K(18432K), 0.0014620 secs] 46540K->33708K(59392K), 0.0015030 secs] [Times: user=0.00 sys=0.01, real=0.00 secs] 
150.967: Total time for which application threads were stopped: 0.0017310 seconds, Stopping threads took: 0.0001700 seconds
150.972: Application time: 0.0041790 seconds
150.972: [GC150.972: [ParNew: 17114K->1439K(18432K), 0.0011580 secs] 49397K->35860K(59392K), 0.0011920 secs] [Times: user=0.01 sys=0.00, real=0.00 secs] 
150.973: Total time for which application threads were stopped: 0.0013480 seconds, Stopping threads took: 0.0000960 seconds
151.037: Application time: 0.0641180 seconds
151.037: [GC151.037: [ParNew (promotion failed): 17135K->17131K(18432K), 0.0024280 secs]151.040: [Tenured: 40865K->23683K(40960K), 0.0106320 secs] 51556K->23683K(59392K), [Perm : 6103K->6103K(21248K)], 0.0131190 secs] [Times: user=0.03 sys=0.00, real=0.01 secs] 
151.050: Total time for which application threads were stopped: 0.0132630 seconds, Stopping threads took: 0.0000780 seconds
151.124: Application time: 0.0736850 seconds
151.124: [GC151.124: [ParNew: 15691K->1427K(18432K), 0.0045400 secs] 39375K->38648K(59392K), 0.0045830 secs] [Times: user=0.03 sys=0.00, real=0.00 secs] 
151.129: Total time for which application threads were stopped: 0.0047160 seconds, Stopping threads took: 0.0000670 seconds
151.196: Application time: 0.0670540 seconds
151.196: [GC151.196: [ParNew: 17118K->17118K(18432K), 0.0000090 secs]151.196: [Tenured: 37221K->24396K(40960K), 0.0094810 secs] 54340K->24396K(59392K), [Perm : 6103K->6103K(21248K)], 0.0095370 secs] [Times: user=0.01 sys=0.00, real=0.01 secs] 
151.205: Total time for which application threads were stopped: 0.0096700 seconds, Stopping threads took: 0.0000660 seconds
151.274: Application time: 0.0687610 seconds
151.274: [GC151.274: [ParNew: 15691K->1425K(18432K), 0.0047450 secs] 40087K->40071K(59392K), 0.0047880 secs] [Times: user=0.04 sys=0.00, real=0.00 secs] 
151.279: Total time for which application threads were stopped: 0.0049190 seconds, Stopping threads took: 0.0000670 seconds
151.353: Application time: 0.0737670 seconds
151.353: [GC151.353: [ParNew: 17122K->17122K(18432K), 0.0000100 secs]151.353: [Tenured: 38646K->24397K(40960K), 0.0091000 secs] 55769K->24397K(59392K), [Perm : 6103K->6103K(21248K)], 0.0091570 secs] [Times: user=0.01 sys=0.00, real=0.02 secs] 
151.362: Total time for which application threads were stopped: 0.0093170 seconds, Stopping threads took: 0.0000950 seconds
151.418: Application time: 0.0557920 seconds
151.418: [GC151.418: [ParNew: 15691K->1425K(18432K), 0.0046030 secs] 40088K->40072K(59392K), 0.0046460 secs] [Times: user=0.03 sys=0.00, real=0.01 secs] 
151.423: Total time for which application threads were stopped: 0.0048060 seconds, Stopping threads took: 0.0000950 seconds
151.485: Application time: 0.0618410 seconds
151.485: [GC151.485: [ParNew: 17116K->17116K(18432K), 0.0000100 secs]151.485: [Tenured: 38647K->25108K(40960K), 0.0102020 secs] 55764K->25108K(59392K), [Perm : 6103K->6103K(21248K)], 0.0102580 secs] [Times: user=0.01 sys=0.00, real=0.01 secs] 
151.495: Total time for which application threads were stopped: 0.0104680 seconds, Stopping threads took: 0.0001310 seconds
151.569: Application time: 0.0737560 seconds
151.569: [GC151.569: [ParNew: 15691K->1427K(18432K), 0.0043340 secs] 40800K->40073K(59392K), 0.0043790 secs] [Times: user=0.04 sys=0.00, real=0.00 secs] 
151.573: Total time for which application threads were stopped: 0.0045640 seconds, Stopping threads took: 0.0001200 seconds
151.631: Application time: 0.0574090 seconds
151.631: [GC151.631: [ParNew: 17131K->17131K(18432K), 0.0000100 secs]151.631: [Tenured: 38646K->24398K(40960K), 0.0098020 secs] 55778K->24398K(59392K), [Perm : 6103K->6103K(21248K)], 0.0098610 secs] [Times: user=0.01 sys=0.00, real=0.01 secs] 
151.641: Total time for which application threads were stopped: 0.0100440 seconds, Stopping threads took: 0.0001120 seconds
151.712: Application time: 0.0712400 seconds
151.712: [GC151.712: [ParNew: 15691K->1425K(18432K), 0.0045720 secs] 40089K->40073K(59392K), 0.0046260 secs] [Times: user=0.04 sys=0.00, real=0.01 secs] 
151.717: Total time for which application threads were stopped: 0.0047840 seconds, Stopping threads took: 0.0000910 seconds
151.791: Application time: 0.0739330 seconds
151.791: [GC151.791: [ParNew: 17129K->17129K(18432K), 0.0000110 secs]151.791: [Tenured: 38648K->25824K(40960K), 0.0101290 secs] 55777K->25824K(59392K), [Perm : 6103K->6103K(21248K)], 0.0101900 secs] [Times: user=0.01 sys=0.00, real=0.01 secs] 
151.801: Total time for which application threads were stopped: 0.0103420 seconds, Stopping threads took: 0.0000810 seconds
151.867: Application time: 0.0662640 seconds
151.868: [GC151.868: [ParNew: 15697K->15697K(18432K), 0.0000110 secs]151.868: [Tenured: 25824K->27250K(40960K), 0.0111170 secs] 41522K->27250K(59392K), [Perm : 6103K->6103K(21248K)], 0.0111780 secs] [Times: user=0.01 sys=0.00, real=0.01 secs] 
151.879: Total time for which application threads were stopped: 0.0113600 seconds, Stopping threads took: 0.0001100 seconds
151.950: Application time: 0.0710590 seconds
151.950: [GC151.950: [ParNew: 15691K->15691K(18432K), 0.0000100 secs]151.950: [Tenured: 27250K->28671K(40960K), 0.0113650 secs] 42942K->28671K(59392K), [Perm : 6103K->6103K(21248K)], 0.0114250 secs] [Times: user=0.01 sys=0.00, real=0.01 secs] 
151.962: Total time for which application threads were stopped: 0.0116030 seconds, Stopping threads took: 0.0001080 seconds
152.035: Application time: 0.0737850 seconds
152.035: [GC152.035: [ParNew: 15704K->15704K(18432K), 0.0000100 secs]152.035: [Tenured: 28671K->27960K(40960K), 0.0091750 secs] 44375K->27960K(59392K), [Perm : 6103K->6103K(21248K)], 0.0092320 secs] [Times: user=0.01 sys=0.00, real=0.01 secs] 
152.045: Total time for which application threads were stopped: 0.0093690 seconds, Stopping threads took: 0.0000610 seconds
152.110: Application time: 0.0655030 seconds
152.110: [GC152.110: [ParNew: 15691K->15691K(18432K), 0.0000100 secs]152.110: [Tenured: 27960K->29385K(40960K), 0.0093790 secs] 43652K->29385K(59392K), [Perm : 6103K->6103K(21248K)], 0.0094380 secs] [Times: user=0.01 sys=0.00, real=0.01 secs] 
152.120: Total time for which application threads were stopped: 0.0096010 seconds, Stopping threads took: 0.0000950 seconds
152.190: Application time: 0.0699700 seconds
152.190: [GC152.190: [ParNew: 15691K->15691K(18432K), 0.0000130 secs]152.191: [Tenured: 29385K->30098K(40960K), 0.0101500 secs] 45077K->30098K(59392K), [Perm : 6103K->6103K(21248K)], 0.0117710 secs] [Times: user=0.01 sys=0.00, real=0.01 secs] 
152.202: Total time for which application threads were stopped: 0.0119310 seconds, Stopping threads took: 0.0000920 seconds
152.275: Application time: 0.0737020 seconds
152.276: [GC152.276: [ParNew: 15691K->15691K(18432K), 0.0000110 secs]152.276: [Tenured: 30098K->29384K(40960K), 0.0101240 secs] 45789K->29384K(59392K), [Perm : 6103K->6103K(21248K)], 0.0101830 secs] [Times: user=0.01 sys=0.00, real=0.01 secs] 
152.286: Total time for which application threads were stopped: 0.0103310 seconds, Stopping threads took: 0.0000800 seconds
152.343: Application time: 0.0577080 seconds
152.344: [GC152.344: [ParNew: 15700K->15700K(18432K), 0.0000110 secs]152.344: [Tenured: 29384K->29385K(40960K), 0.0098790 secs] 45084K->29385K(59392K), [Perm : 6103K->6103K(21248K)], 0.0099370 secs] [Times: user=0.01 sys=0.00, real=0.00 secs] 
152.354: Total time for which application threads were stopped: 0.0101330 seconds, Stopping threads took: 0.0001260 seconds
152.415: Application time: 0.0609870 seconds
152.415: [GC152.415: [ParNew: 15691K->15691K(18432K), 0.0000090 secs]152.415: [Tenured: 29385K->30097K(40960K), 0.0102010 secs] 45076K->30097K(59392K), [Perm : 6103K->6103K(21248K)], 0.0102600 secs] [Times: user=0.01 sys=0.00, real=0.01 secs] 
152.425: Total time for which application threads were stopped: 0.0105490 seconds, Stopping threads took: 0.0001990 seconds
152.483: Application time: 0.0575420 seconds
152.483: [GC152.483: [ParNew: 15691K->15691K(18432K), 0.0000180 secs]152.483: [Tenured: 30097K->30097K(40960K), 0.0106530 secs] 45789K->30097K(59392K), [Perm : 6103K->6103K(21248K)], 0.0107200 secs] [Times: user=0.01 sys=0.00, real=0.00 secs] 
152.494: Total time for which application threads were stopped: 0.0110090 seconds, Stopping threads took: 0.0002170 seconds
152.567: Application time: 0.0732680 seconds
152.567: [GC152.567: [ParNew: 15691K->15691K(18432K), 0.0000100 secs]152.567: [Tenured: 30097K->27959K(40960K), 0.0118480 secs] 45789K->27959K(59392K), [Perm : 6103K->6103K(21248K)], 0.0119100 secs] [Times: user=0.01 sys=0.00, real=0.01 secs] 
152.579: Total time for which application threads were stopped: 0.0122840 seconds, Stopping threads took: 0.0002810 seconds
152.642: Application time: 0.0625410 seconds
152.642: [GC152.642: [ParNew: 15698K->15698K(18432K), 0.0000090 secs]152.642: [Tenured: 27959K->29385K(40960K), 0.0092430 secs] 43657K->29385K(59392K), [Perm : 6103K->6103K(21248K)], 0.0092990 secs] [Times: user=0.01 sys=0.00, real=0.01 secs] 
152.651: Total time for which application threads were stopped: 0.0094370 seconds, Stopping threads took: 0.0000700 seconds
152.713: Application time: 0.0618200 seconds
152.713: [GC152.713: [ParNew: 15698K->15698K(18432K), 0.0000100 secs]152.713: [Tenured: 29385K->27959K(40960K), 0.0108860 secs] 45083K->27959K(59392K), [Perm : 6103K->6103K(21248K)], 0.0109470 secs] [Times: user=0.02 sys=0.00, real=0.02 secs] 
152.724: Total time for which application threads were stopped: 0.0111500 seconds, Stopping threads took: 0.0001150 seconds
152.782: Application time: 0.0575890 seconds
152.782: [GC152.782: [ParNew: 15698K->15698K(18432K), 0.0000110 secs]152.782: [Tenured: 27959K->27959K(40960K), 0.0121720 secs] 43657K->27959K(59392K), [Perm : 6103K->6103K(21248K)], 0.0122320 secs] [Times: user=0.01 sys=0.00, real=0.02 secs] 
152.794: Total time for which application threads were stopped: 0.0124540 seconds, Stopping threads took: 0.0001500 seconds
152.838: Application time: 0.0438600 seconds
152.838: [GC152.838: [ParNew: 15696K->15696K(18432K), 0.0000110 secs]152.838: [Tenured: 27959K->25109K(40960K), 0.0121450 secs] 43656K->25109K(59392K), [Perm : 6103K->6103K(21248K)], 0.0122050 secs] [Times: user=0.01 sys=0.00, real=0.01 secs] 
152.851: Total time for which application threads were stopped: 0.0124620 seconds, Stopping threads took: 0.0001680 seconds
152.923: Application time: 0.0726160 seconds
152.923: [GC152.923: [ParNew: 15698K->1433K(18432K), 0.0038330 secs] 40807K->37230K(59392K), 0.0038780 secs] [Times: user=0.03 sys=0.00, real=0.00 secs] 
152.927: Total time for which application threads were stopped: 0.0041610 seconds, Stopping threads took: 0.0002180 seconds
152.977: Application time: 0.0499170 seconds
152.977: [GC152.977: [ParNew: 17122K->17122K(18432K), 0.0000100 secs]152.977: [Tenured: 35797K->26535K(40960K), 0.0096710 secs] 52920K->26535K(59392K), [Perm : 6103K->6103K(21248K)], 0.0097300 secs] [Times: user=0.01 sys=0.00, real=0.01 secs] 
152.987: Total time for which application threads were stopped: 0.0099590 seconds, Stopping threads took: 0.0001460 seconds
153.031: Application time: 0.0437060 seconds
153.031: [GC153.031: [ParNew: 15705K->15705K(18432K), 0.0000100 secs]153.031: [Tenured: 26535K->23684K(40960K), 0.0100960 secs] 42240K->23684K(59392K), [Perm : 6103K->6103K(21248K)], 0.0101530 secs] [Times: user=0.01 sys=0.00, real=0.01 secs] 
153.041: Total time for which application threads were stopped: 0.0103380 seconds, Stopping threads took: 0.0001150 seconds
153.099: Application time: 0.0573060 seconds
153.099: [GC153.099: [ParNew: 15688K->1427K(18432K), 0.0036380 secs] 39372K->35800K(59392K), 0.0036780 secs] [Times: user=0.02 sys=0.00, real=0.01 secs] 
153.102: Total time for which application threads were stopped: 0.0038360 seconds, Stopping threads took: 0.0000870 seconds
153.150: Application time: 0.0479860 seconds
153.151: [GC153.151: [ParNew: 17115K->17115K(18432K), 0.0000100 secs]153.151: [Tenured: 34373K->25109K(40960K), 0.0103440 secs] 51488K->25109K(59392K), [Perm : 6103K->6103K(21248K)], 0.0104040 secs] [Times: user=0.01 sys=0.00, real=0.01 secs] 
153.161: Total time for which application threads were stopped: 0.0105840 seconds, Stopping threads took: 0.0000990 seconds
153.215: Application time: 0.0540650 seconds
153.215: [GC153.215: [ParNew: 15688K->1427K(18432K), 0.0036140 secs] 40798K->37225K(59392K), 0.0036550 secs] [Times: user=0.03 sys=0.00, real=0.00 secs] 
153.219: Total time for which application threads were stopped: 0.0038130 seconds, Stopping threads took: 0.0000940 seconds
153.271: Application time: 0.0522690 seconds
153.271: [GC153.271: [ParNew: 17115K->17115K(18432K), 0.0000100 secs]153.271: [Tenured: 35798K->24397K(40960K), 0.0102700 secs] 52913K->24397K(59392K), [Perm : 6103K->6103K(21248K)], 0.0103260 secs] [Times: user=0.01 sys=0.00, real=0.01 secs] 
153.282: Total time for which application threads were stopped: 0.0104980 seconds, Stopping threads took: 0.0000860 seconds
153.330: Application time: 0.0486730 seconds
153.331: [GC153.331: [ParNew: 15688K->1427K(18432K), 0.0035330 secs] 40086K->36513K(59392K), 0.0035780 secs] [Times: user=0.02 sys=0.00, real=0.01 secs] 
153.334: Total time for which application threads were stopped: 0.0038170 seconds, Stopping threads took: 0.0001530 seconds
153.377: Application time: 0.0432990 seconds
153.378: [GC153.378: [ParNew: 17122K->17122K(18432K), 0.0000100 secs]153.378: [Tenured: 35086K->24398K(40960K), 0.0101190 secs] 52208K->24398K(59392K), [Perm : 6103K->6103K(21248K)], 0.0101790 secs] [Times: user=0.01 sys=0.00, real=0.01 secs] 
153.388: Total time for which application threads were stopped: 0.0103530 seconds, Stopping threads took: 0.0001020 seconds
153.452: Application time: 0.0643850 seconds
153.452: [GC153.452: [ParNew: 15688K->1427K(18432K), 0.0035570 secs] 40087K->36514K(59392K), 0.0035950 secs] [Times: user=0.03 sys=0.00, real=0.01 secs] 
153.456: Total time for which application threads were stopped: 0.0037200 seconds, Stopping threads took: 0.0000650 seconds
153.498: Application time: 0.0416730 seconds
153.498: [GC153.498: [ParNew: 17115K->17115K(18432K), 0.0000120 secs]153.498: [Tenured: 35087K->25111K(40960K), 0.0109810 secs] 52203K->25111K(59392K), [Perm : 6103K->6103K(21248K)], 0.0110420 secs] [Times: user=0.01 sys=0.00, real=0.01 secs] 
153.509: Total time for which application threads were stopped: 0.0112210 seconds, Stopping threads took: 0.0001090 seconds
153.570: Application time: 0.0607930 seconds
153.570: [GC153.570: [ParNew: 15688K->1427K(18432K), 0.0036320 secs] 40800K->37227K(59392K), 0.0036750 secs] [Times: user=0.03 sys=0.00, real=0.00 secs] 
153.573: Total time for which application threads were stopped: 0.0038100 seconds, Stopping threads took: 0.0000700 seconds
153.622: Application time: 0.0482700 seconds
153.622: [GC153.622: [ParNew: 17116K->17116K(18432K), 0.0000100 secs]153.622: [Tenured: 35800K->25111K(40960K), 0.0100710 secs] 52916K->25111K(59392K), [Perm : 6103K->6103K(21248K)], 0.0101300 secs] [Times: user=0.01 sys=0.00, real=0.01 secs] 
153.632: Total time for which application threads were stopped: 0.0103470 seconds, Stopping threads took: 0.0001370 seconds
153.690: Application time: 0.0578230 seconds
153.690: [GC153.690: [ParNew: 15695K->1433K(18432K), 0.0037100 secs] 40807K->37233K(59392K), 0.0037510 secs] [Times: user=0.03 sys=0.00, real=0.00 secs] 
153.694: Total time for which application threads were stopped: 0.0039120 seconds, Stopping threads took: 0.0000860 seconds
153.736: Application time: 0.0424370 seconds
153.736: [GC153.736: [ParNew: 17128K->17128K(18432K), 0.0000090 secs]153.736: [Tenured: 35800K->25823K(40960K), 0.0104140 secs] 52929K->25823K(59392K), [Perm : 6103K->6103K(21248K)], 0.0104650 secs] [Times: user=0.01 sys=0.00, real=0.01 secs] 
153.747: Total time for which application threads were stopped: 0.0106000 seconds, Stopping threads took: 0.0000700 seconds
153.803: Application time: 0.0567040 seconds
153.804: [GC153.804: [ParNew: 15695K->15695K(18432K), 0.0000100 secs]153.804: [Tenured: 25823K->25824K(40960K), 0.0111070 secs] 41519K->25824K(59392K), [Perm : 6103K->6103K(21248K)], 0.0111670 secs] [Times: user=0.01 sys=0.00, real=0.01 secs] 
153.815: Total time for which application threads were stopped: 0.0113550 seconds, Stopping threads took: 0.0000900 seconds
153.866: Application time: 0.0508380 seconds
153.866: [GC153.866: [ParNew: 15695K->15695K(18432K), 0.0000110 secs]153.866: [Tenured: 25824K->26537K(40960K), 0.0102800 secs] 41519K->26537K(59392K), [Perm : 6103K->6103K(21248K)], 0.0103390 secs] [Times: user=0.01 sys=0.00, real=0.01 secs] 
153.876: Total time for which application threads were stopped: 0.0105610 seconds, Stopping threads took: 0.0001550 seconds
153.917: Application time: 0.0404100 seconds
153.917: [GC153.917: [ParNew: 15695K->15695K(18432K), 0.0000100 secs]153.917: [Tenured: 26537K->27251K(40960K), 0.0094730 secs] 42233K->27251K(59392K), [Perm : 6103K->6103K(21248K)], 0.0095290 secs] [Times: user=0.01 sys=0.00, real=0.01 secs] 
153.926: Total time for which application threads were stopped: 0.0096950 seconds, Stopping threads took: 0.0000880 seconds
153.992: Application time: 0.0659340 seconds
153.992: [GC153.992: [ParNew: 15688K->15688K(18432K), 0.0000100 secs]153.992: [Tenured: 27251K->28673K(40960K), 0.0113420 secs] 42940K->28673K(59392K), [Perm : 6103K->6103K(21248K)], 0.0114000 secs] [Times: user=0.02 sys=0.00, real=0.02 secs] 
154.004: Total time for which application threads were stopped: 0.0115380 seconds, Stopping threads took: 0.0000660 seconds
154.059: Application time: 0.0549440 seconds
154.059: [GC154.059: [ParNew: 15688K->15688K(18432K), 0.0000110 secs]154.059: [Tenured: 28673K->27961K(40960K), 0.0103360 secs] 44362K->27961K(59392K), [Perm : 6103K->6103K(21248K)], 0.0103980 secs] [Times: user=0.01 sys=0.00, real=0.01 secs] 
154.069: Total time for which application threads were stopped: 0.0106150 seconds, Stopping threads took: 0.0001270 seconds
154.097: Application time: 0.0275780 seconds
154.097: [GC154.097: [ParNew: 15702K->15702K(18432K), 0.0000100 secs]154.097: [Tenured: 27961K->28675K(40960K), 0.0093610 secs] 43663K->28675K(59392K), [Perm : 6103K->6103K(21248K)], 0.0094190 secs] [Times: user=0.01 sys=0.00, real=0.01 secs] 
154.107: Total time for which application threads were stopped: 0.0096080 seconds, Stopping threads took: 0.0001240 seconds
154.178: Application time: 0.0716550 seconds
154.178: [GC154.179: [ParNew: 15690K->15690K(18432K), 0.0000110 secs]154.179: [Tenured: 28675K->26537K(40960K), 0.0106160 secs] 44366K->26537K(59392K), [Perm : 6103K->6103K(21248K)], 0.0106760 secs] [Times: user=0.01 sys=0.00, real=0.01 secs] 
154.189: Total time for which application threads were stopped: 0.0109500 seconds, Stopping threads took: 0.0001740 seconds
154.238: Application time: 0.0484900 seconds
154.238: [GC154.238: [ParNew: 15690K->15690K(18432K), 0.0000120 secs]154.238: [Tenured: 26537K->30098K(40960K), 0.0118880 secs] 42228K->30098K(59392K), [Perm : 6103K->6103K(21248K)], 0.0119500 secs] [Times: user=0.02 sys=0.00, real=0.01 secs] 
154.250: Total time for which application threads were stopped: 0.0122280 seconds, Stopping threads took: 0.0002060 seconds
154.279: Application time: 0.0287130 seconds
154.279: [GC154.279: [ParNew: 15688K->15688K(18432K), 0.0000100 secs]154.279: [Tenured: 30098K->29386K(40960K), 0.0093530 secs] 45787K->29386K(59392K), [Perm : 6103K->6103K(21248K)], 0.0094120 secs] [Times: user=0.01 sys=0.00, real=0.01 secs] 
154.288: Total time for which application threads were stopped: 0.0096740 seconds, Stopping threads took: 0.0001830 seconds
154.361: Application time: 0.0731500 seconds
154.362: [GC154.362: [ParNew: 15690K->15690K(18432K), 0.0000110 secs]154.362: [Tenured: 29386K->27960K(40960K), 0.0096790 secs] 45076K->27960K(59392K), [Perm : 6103K->6103K(21248K)], 0.0097400 secs] [Times: user=0.01 sys=0.00, real=0.01 secs] 
154.372: Total time for which application threads were stopped: 0.0101470 seconds, Stopping threads took: 0.0003250 seconds
154.388: Application time: 0.0162180 seconds
154.388: [GC154.388: [ParNew: 15719K->15719K(18432K), 0.0000100 secs]154.388: [Tenured: 27960K->30127K(40960K), 0.0102130 secs] 43680K->30127K(59392K), [Perm : 6103K->6103K(21248K)], 0.0102710 secs] [Times: user=0.01 sys=0.00, real=0.01 secs] 
154.398: Total time for which application threads were stopped: 0.0104660 seconds, Stopping threads took: 0.0001190 seconds
154.406: Application time: 0.0081360 seconds
154.407: [GC154.407: [ParNew: 15677K->15677K(18432K), 0.0000100 secs]154.407: [Tenured: 30127K->29385K(40960K), 0.0115700 secs] 45805K->29385K(59392K), [Perm : 6103K->6103K(21248K)], 0.0116310 secs] [Times: user=0.01 sys=0.00, real=0.01 secs] 
154.418: Total time for which application threads were stopped: 0.0118580 seconds, Stopping threads took: 0.0001380 seconds
154.424: Application time: 0.0059880 seconds
154.424: [GC154.424: [ParNew: 15683K->15683K(18432K), 0.0000100 secs]154.424: [Tenured: 29385K->30811K(40960K), 0.0066060 secs] 45069K->30811K(59392K), [Perm : 6103K->6103K(21248K)], 0.0066610 secs] [Times: user=0.00 sys=0.00, real=0.00 secs] 
154.431: Total time for which application threads were stopped: 0.0068250 seconds, Stopping threads took: 0.0000960 seconds
154.437: Application time: 0.0057980 seconds
154.437: [GC154.437: [ParNew: 15685K->15685K(18432K), 0.0000110 secs]154.437: [Tenured: 30811K->28673K(40960K), 0.0074660 secs] 46497K->28673K(59392K), [Perm : 6103K->6103K(21248K)], 0.0075190 secs] [Times: user=0.01 sys=0.00, real=0.01 secs] 
154.445: Total time for which application threads were stopped: 0.0079720 seconds, Stopping threads took: 0.0003850 seconds
154.451: Application time: 0.0059160 seconds
154.451: [GC154.451: [ParNew: 15680K->15680K(18432K), 0.0000110 secs]154.451: [Tenured: 28673K->28673K(40960K), 0.0094010 secs] 44353K->28673K(59392K), [Perm : 6103K->6103K(21248K)], 0.0094640 secs] [Times: user=0.00 sys=0.00, real=0.01 secs] 
154.461: Total time for which application threads were stopped: 0.0097710 seconds, Stopping threads took: 0.0002160 seconds
154.467: Application time: 0.0064800 seconds
154.467: [GC154.467: [ParNew: 15681K->15681K(18432K), 0.0000100 secs]154.467: [Tenured: 28673K->28673K(40960K), 0.0089610 secs] 44354K->28673K(59392K), [Perm : 6103K->6103K(21248K)], 0.0090210 secs] [Times: user=0.01 sys=0.00, real=0.01 secs] 
154.476: Total time for which application threads were stopped: 0.0091630 seconds, Stopping threads took: 0.0000700 seconds
154.481: Application time: 0.0047520 seconds
154.481: [GC154.481: [ParNew: 15688K->15688K(18432K), 0.0000100 secs]154.481: [Tenured: 28673K->29386K(40960K), 0.0098700 secs] 44362K->29386K(59392K), [Perm : 6103K->6103K(21248K)], 0.0099300 secs] [Times: user=0.01 sys=0.00, real=0.01 secs] 
154.491: Total time for which application threads were stopped: 0.0101620 seconds, Stopping threads took: 0.0001620 seconds
154.495: Application time: 0.0037350 seconds
154.495: [GC154.495: [ParNew: 15679K->15679K(18432K), 0.0000110 secs]154.495: [Tenured: 29386K->30098K(40960K), 0.0061110 secs] 45065K->30098K(59392K), [Perm : 6103K->6103K(21248K)], 0.0061690 secs] [Times: user=0.01 sys=0.00, real=0.00 secs] 
154.501: Total time for which application threads were stopped: 0.0063170 seconds, Stopping threads took: 0.0000790 seconds
154.517: Application time: 0.0162090 seconds
154.518: [GC154.518: [ParNew: 15688K->15688K(18432K), 0.0000110 secs]154.518: [Tenured: 30098K->27960K(40960K), 0.0102120 secs] 45787K->27960K(59392K), [Perm : 6103K->6103K(21248K)], 0.0102750 secs] [Times: user=0.01 sys=0.00, real=0.01 secs] 
154.528: Total time for which application threads were stopped: 0.0104830 seconds, Stopping threads took: 0.0001380 seconds
154.577: Application time: 0.0495740 seconds
154.578: [GC154.578: [ParNew: 15688K->15688K(18432K), 0.0000100 secs]154.578: [Tenured: 27960K->28673K(40960K), 0.0094130 secs] 43648K->28673K(59392K), [Perm : 6103K->6103K(21248K)], 0.0094720 secs] [Times: user=0.01 sys=0.00, real=0.01 secs] 
154.587: Total time for which application threads were stopped: 0.0095990 seconds, Stopping threads took: 0.0000590 seconds
154.622: Application time: 0.0353040 seconds
154.623: [GC154.623: [ParNew: 15688K->15688K(18432K), 0.0000100 secs]154.623: [Tenured: 28673K->28673K(40960K), 0.0101460 secs] 44361K->28673K(59392K), [Perm : 6103K->6103K(21248K)], 0.0102150 secs] [Times: user=0.01 sys=0.00, real=0.00 secs] 
154.633: Total time for which application threads were stopped: 0.0104400 seconds, Stopping threads took: 0.0001430 seconds
154.698: Application time: 0.0646720 seconds
154.698: [GC154.698: [ParNew: 15689K->15689K(18432K), 0.0000100 secs]154.698: [Tenured: 28673K->28672K(40960K), 0.0101210 secs] 44362K->28672K(59392K), [Perm : 6103K->6103K(21248K)], 0.0101790 secs] [Times: user=0.01 sys=0.00, real=0.01 secs] 
154.708: Total time for which application threads were stopped: 0.0103550 seconds, Stopping threads took: 0.0000850 seconds
154.758: Application time: 0.0503400 seconds
154.758: [GC154.758: [ParNew: 15687K->15687K(18432K), 0.0000100 secs]154.758: [Tenured: 28672K->29385K(40960K), 0.0100990 secs] 44360K->29385K(59392K), [Perm : 6103K->6103K(21248K)], 0.0101580 secs] [Times: user=0.01 sys=0.00, real=0.01 secs] 
154.769: Total time for which application threads were stopped: 0.0103030 seconds, Stopping threads took: 0.0000750 seconds
154.822: Application time: 0.0539590 seconds
154.823: [GC154.823: [ParNew: 15719K->15719K(18432K), 0.0000110 secs]154.823: [Tenured: 29385K->27960K(40960K), 0.0125320 secs] 45104K->27960K(59392K), [Perm : 6103K->6103K(21248K)], 0.0125920 secs] [Times: user=0.01 sys=0.00, real=0.01 secs] 
154.835: Total time for which application threads were stopped: 0.0129140 seconds, Stopping threads took: 0.0002540 seconds
154.844: Application time: 0.0084460 seconds
154.844: [GC154.844: [ParNew: 15677K->15677K(18432K), 0.0000100 secs]154.844: [Tenured: 27960K->28672K(40960K), 0.0068030 secs] 43637K->28672K(59392K), [Perm : 6103K->6103K(21248K)], 0.0068570 secs] [Times: user=0.01 sys=0.00, real=0.00 secs] 
154.851: Total time for which application threads were stopped: 0.0070030 seconds, Stopping threads took: 0.0000760 seconds
154.858: Application time: 0.0067340 seconds
154.858: [GC154.858: [ParNew: 15685K->15685K(18432K), 0.0000100 secs]154.858: [Tenured: 28672K->28672K(40960K), 0.0097670 secs] 44358K->28672K(59392K), [Perm : 6103K->6103K(21248K)], 0.0098290 secs] [Times: user=0.01 sys=0.00, real=0.01 secs] 
154.868: Total time for which application threads were stopped: 0.0099880 seconds, Stopping threads took: 0.0000880 seconds
154.872: Application time: 0.0043050 seconds
154.872: [GC154.872: [ParNew: 15679K->15679K(18432K), 0.0000110 secs]154.872: [Tenured: 28672K->28672K(40960K), 0.0106160 secs] 44352K->28672K(59392K), [Perm : 6103K->6103K(21248K)], 0.0106770 secs] [Times: user=0.01 sys=0.00, real=0.02 secs] 
154.883: Total time for which application threads were stopped: 0.0109330 seconds, Stopping threads took: 0.0001630 seconds
154.890: Application time: 0.0067380 seconds
154.890: [GC154.890: [ParNew: 16147K->16147K(18432K), 0.0000100 secs]154.890: [Tenured: 28672K->24404K(40960K), 0.0102980 secs] 44820K->24404K(59392K), [Perm : 6103K->6103K(21248K)], 0.0103570 secs] [Times: user=0.01 sys=0.00, real=0.01 secs] 
154.900: Total time for which application threads were stopped: 0.0105250 seconds, Stopping threads took: 0.0001000 seconds
154.907: Application time: 0.0066800 seconds
154.907: [GC154.907: [ParNew: 15915K->1442K(18432K), 0.0011830 secs] 40319K->27271K(59392K), 0.0012150 secs] [Times: user=0.01 sys=0.00, real=0.00 secs] 
154.908: Total time for which application threads were stopped: 0.0013880 seconds, Stopping threads took: 0.0001170 seconds
154.913: Application time: 0.0048370 seconds
154.914: [GC154.914: [ParNew: 17175K->17175K(18432K), 0.0000110 secs]154.914: [Tenured: 25829K->25822K(40960K), 0.0104770 secs] 43004K->25822K(59392K), [Perm : 6103K->6103K(21248K)], 0.0105410 secs] [Times: user=0.01 sys=0.00, real=0.02 secs] 
154.924: Total time for which application threads were stopped: 0.0113620 seconds, Stopping threads took: 0.0007280 seconds
154.929: Application time: 0.0045920 seconds
154.930: [GC154.930: [ParNew: 15687K->15687K(18432K), 0.0000110 secs]154.930: [Tenured: 25822K->27961K(40960K), 0.0077780 secs] 41510K->27961K(59392K), [Perm : 6103K->6103K(21248K)], 0.0078350 secs] [Times: user=0.01 sys=0.00, real=0.01 secs] 
154.938: Total time for which application threads were stopped: 0.0085790 seconds, Stopping threads took: 0.0006490 seconds
154.941: Application time: 0.0037370 seconds
154.942: [GC154.942: [ParNew: 15686K->15686K(18432K), 0.0000100 secs]154.942: [Tenured: 27961K->25110K(40960K), 0.0103530 secs] 43648K->25110K(59392K), [Perm : 6103K->6103K(21248K)], 0.0104140 secs] [Times: user=0.01 sys=0.00, real=0.01 secs] 
154.952: Total time for which application threads were stopped: 0.0106870 seconds, Stopping threads took: 0.0001810 seconds
154.956: Application time: 0.0041770 seconds
154.957: [GC154.957: [ParNew: 15684K->1427K(18432K), 0.0018200 secs] 40794K->30100K(59392K), 0.0018600 secs] [Times: user=0.02 sys=0.00, real=0.00 secs] 
154.959: Total time for which application threads were stopped: 0.0029110 seconds, Stopping threads took: 0.0009700 seconds
154.963: Application time: 0.0036290 seconds
154.963: [GC154.963: [ParNew: 17107K->17107K(18432K), 0.0000110 secs]154.963: [Tenured: 28673K->27960K(40960K), 0.0087880 secs] 45780K->27960K(59392K), [Perm : 6103K->6103K(21248K)], 0.0088480 secs] [Times: user=0.01 sys=0.00, real=0.00 secs] 
154.972: Total time for which application threads were stopped: 0.0091290 seconds, Stopping threads took: 0.0001920 seconds
154.976: Application time: 0.0041760 seconds
154.976: [GC154.976: [ParNew: 15694K->15694K(18432K), 0.0000100 secs]154.976: [Tenured: 27960K->27962K(40960K), 0.0068820 secs] 43654K->27962K(59392K), [Perm : 6103K->6103K(21248K)], 0.0069410 secs] [Times: user=0.00 sys=0.00, real=0.01 secs] 
154.983: Total time for which application threads were stopped: 0.0071190 seconds, Stopping threads took: 0.0001100 seconds
154.987: Application time: 0.0039350 seconds
154.987: [GC154.987: [ParNew: 15677K->15677K(18432K), 0.0000110 secs]154.987: [Tenured: 27962K->28674K(40960K), 0.0067730 secs] 43639K->28674K(59392K), [Perm : 6103K->6103K(21248K)], 0.0068300 secs] [Times: user=0.00 sys=0.00, real=0.01 secs] 
154.994: Total time for which application threads were stopped: 0.0071020 seconds, Stopping threads took: 0.0002050 seconds
155.002: Application time: 0.0075600 seconds
155.002: [GC155.002: [ParNew: 15686K->15686K(18432K), 0.0000100 secs]155.002: [Tenured: 28674K->28673K(40960K), 0.0078390 secs] 44360K->28673K(59392K), [Perm : 6103K->6103K(21248K)], 0.0079020 secs] [Times: user=0.01 sys=0.00, real=0.01 secs] 
155.010: Total time for which application threads were stopped: 0.0080920 seconds, Stopping threads took: 0.0001180 seconds
155.018: Application time: 0.0080340 seconds
155.018: [GC155.018: [ParNew: 15679K->15679K(18432K), 0.0000100 secs]155.018: [Tenured: 28673K->26535K(40960K), 0.0086990 secs] 44353K->26535K(59392K), [Perm : 6103K->6103K(21248K)], 0.0087590 secs] [Times: user=0.01 sys=0.00, real=0.01 secs] 
155.027: Total time for which application threads were stopped: 0.0089060 seconds, Stopping threads took: 0.0000720 seconds
155.032: Application time: 0.0055030 seconds
155.033: [GC155.033: [ParNew: 15687K->15687K(18432K), 0.0000110 secs]155.033: [Tenured: 26535K->28673K(40960K), 0.0078160 secs] 42222K->28673K(59392K), [Perm : 6103K->6103K(21248K)], 0.0078710 secs] [Times: user=0.00 sys=0.00, real=0.01 secs] 
155.040: Total time for which application threads were stopped: 0.0081630 seconds, Stopping threads took: 0.0002060 seconds
155.045: Application time: 0.0041720 seconds
155.045: [GC155.045: [ParNew: 15679K->15679K(18432K), 0.0000110 secs]155.045: [Tenured: 28673K->27961K(40960K), 0.0074380 secs] 44353K->27961K(59392K), [Perm : 6103K->6103K(21248K)], 0.0074910 secs] [Times: user=0.00 sys=0.00, real=0.00 secs] 
155.052: Total time for which application threads were stopped: 0.0076750 seconds, Stopping threads took: 0.0001210 seconds
155.063: Application time: 0.0106810 seconds
155.063: [GC155.063: [ParNew: 16382K->16382K(18432K), 0.0000090 secs]155.063: [Tenured: 27961K->25144K(40960K), 0.0098060 secs] 44344K->25144K(59392K), [Perm : 6103K->6103K(21248K)], 0.0098660 secs] [Times: user=0.01 sys=0.00, real=0.00 secs] 
155.073: Total time for which application threads were stopped: 0.0101250 seconds, Stopping threads took: 0.0001830 seconds
155.082: Application time: 0.0091010 seconds
155.082: [GC155.082: [ParNew: 15733K->1437K(18432K), 0.0016390 secs] 40877K->28719K(59392K), 0.0016720 secs] [Times: user=0.01 sys=0.00, real=0.00 secs] 
155.084: Total time for which application threads were stopped: 0.0018550 seconds, Stopping threads took: 0.0001030 seconds
155.092: Application time: 0.0076590 seconds
155.092: [GC155.092: [ParNew: 17120K->17120K(18432K), 0.0000100 secs]155.092: [Tenured: 27281K->26534K(40960K), 0.0112610 secs] 44402K->26534K(59392K), [Perm : 6103K->6103K(21248K)], 0.0113220 secs] [Times: user=0.02 sys=0.00, real=0.02 secs] 
155.103: Total time for which application threads were stopped: 0.0114660 seconds, Stopping threads took: 0.0000700 seconds
155.107: Application time: 0.0043090 seconds
155.108: [GC155.108: [ParNew: 15681K->15681K(18432K), 0.0000100 secs]155.108: [Tenured: 26534K->24397K(40960K), 0.0090540 secs] 42216K->24397K(59392K), [Perm : 6103K->6103K(21248K)], 0.0091130 secs] [Times: user=0.01 sys=0.00, real=0.01 secs] 
155.117: Total time for which application threads were stopped: 0.0092830 seconds, Stopping threads took: 0.0001010 seconds
155.123: Application time: 0.0059730 seconds
155.123: [GC155.123: [ParNew: 16260K->1474K(18432K), 0.0013680 secs] 40657K->28009K(59392K), 0.0014000 secs] [Times: user=0.01 sys=0.00, real=0.00 secs] 
155.124: Total time for which application threads were stopped: 0.0016120 seconds, Stopping threads took: 0.0001340 seconds
155.131: Application time: 0.0069380 seconds
155.131: [GC155.131: [ParNew: 17327K->1439K(18432K), 0.0013160 secs] 43862K->30183K(59392K), 0.0013500 secs] [Times: user=0.01 sys=0.00, real=0.00 secs] 
155.133: Total time for which application threads were stopped: 0.0015020 seconds, Stopping threads took: 0.0000930 seconds
155.137: Application time: 0.0044900 seconds
155.138: [GC155.138: [ParNew: 17121K->17121K(18432K), 0.0000100 secs]155.138: [Tenured: 28744K->25139K(40960K), 0.0099530 secs] 45866K->25139K(59392K), [Perm : 6103K->6103K(21248K)], 0.0100120 secs] [Times: user=0.01 sys=0.00, real=0.01 secs] 
155.148: Total time for which application threads were stopped: 0.0107070 seconds, Stopping threads took: 0.0006260 seconds
155.153: Application time: 0.0048400 seconds
155.153: [GC155.153: [ParNew: 15681K->1425K(18432K), 0.0005990 secs] 40820K->26564K(59392K), 0.0006320 secs] [Times: user=0.00 sys=0.00, real=0.01 secs] 
155.154: Total time for which application threads were stopped: 0.0012650 seconds, Stopping threads took: 0.0005510 seconds
155.159: Application time: 0.0047000 seconds
155.159: [GC155.159: [ParNew: 17113K->1439K(18432K), 0.0008540 secs] 42252K->27291K(59392K), 0.0008880 secs] [Times: user=0.00 sys=0.00, real=0.00 secs] 
155.160: Total time for which application threads were stopped: 0.0011230 seconds, Stopping threads took: 0.0001560 seconds
155.164: Application time: 0.0041350 seconds
155.164: [GC155.164: [ParNew: 17126K->1437K(18432K), 0.0007720 secs] 42978K->28033K(59392K), 0.0008030 secs] [Times: user=0.01 sys=0.00, real=0.00 secs] 
155.165: Total time for which application threads were stopped: 0.0009590 seconds, Stopping threads took: 0.0000970 seconds
155.169: Application time: 0.0041660 seconds
155.169: [GC155.169: [ParNew: 17117K->1427K(18432K), 0.0008220 secs] 43713K->28776K(59392K), 0.0008500 secs] [Times: user=0.01 sys=0.00, real=0.00 secs] 
155.170: Total time for which application threads were stopped: 0.0010400 seconds, Stopping threads took: 0.0001350 seconds
155.174: Application time: 0.0040070 seconds
155.175: [GC155.175: [ParNew: 17106K->1425K(18432K), 0.0005520 secs] 44455K->28773K(59392K), 0.0005800 secs] [Times: user=0.00 sys=0.00, real=0.00 secs] 
155.175: Total time for which application threads were stopped: 0.0008840 seconds, Stopping threads took: 0.0002490 seconds
155.181: Application time: 0.0054480 seconds
155.181: [GC155.181: [ParNew: 17115K->1435K(18432K), 0.0009590 secs] 44464K->30209K(59392K), 0.0009970 secs] [Times: user=0.01 sys=0.00, real=0.00 secs] 
155.182: Total time for which application threads were stopped: 0.0014040 seconds, Stopping threads took: 0.0003480 seconds
155.189: Application time: 0.0073710 seconds
155.189: [GC155.189: [ParNew: 17724K->1472K(18432K), 0.0014840 secs] 46498K->33128K(59392K), 0.0015180 secs] [Times: user=0.01 sys=0.00, real=0.00 secs] 
155.191: Total time for which application threads were stopped: 0.0016580 seconds, Stopping threads took: 0.0000810 seconds
155.197: Application time: 0.0058520 seconds
155.197: [GC155.197: [ParNew: 17299K->1435K(18432K), 0.0012400 secs] 48955K->35309K(59392K), 0.0012710 secs] [Times: user=0.00 sys=0.00, real=0.00 secs] 
155.198: Total time for which application threads were stopped: 0.0013930 seconds, Stopping threads took: 0.0000610 seconds
155.203: Application time: 0.0050730 seconds
155.203: [GC155.204: [ParNew: 17118K->17118K(18432K), 0.0000110 secs]155.204: [Tenured: 33873K->24454K(40960K), 0.0106490 secs] 50992K->24454K(59392K), [Perm : 6103K->6103K(21248K)], 0.0107080 secs] [Times: user=0.01 sys=0.00, real=0.01 secs] 
155.214: Total time for which application threads were stopped: 0.0108750 seconds, Stopping threads took: 0.0000880 seconds
155.218: Application time: 0.0035000 seconds
155.218: [GC155.218: [ParNew: 15689K->1435K(18432K), 0.0014140 secs] 40144K->28739K(59392K), 0.0014460 secs] [Times: user=0.01 sys=0.00, real=0.00 secs] 
155.219: Total time for which application threads were stopped: 0.0015760 seconds, Stopping threads took: 0.0000680 seconds
155.223: Application time: 0.0036420 seconds
155.223: [GC155.223: [ParNew: 17116K->1425K(18432K), 0.0006210 secs] 44421K->28769K(59392K), 0.0006520 secs] [Times: user=0.00 sys=0.00, real=0.00 secs] 
155.224: Total time for which application threads were stopped: 0.0008250 seconds, Stopping threads took: 0.0001150 seconds
155.228: Application time: 0.0041130 seconds
155.229: [GC155.229: [ParNew: 17105K->1425K(18432K), 0.0005410 secs] 44449K->28769K(59392K), 0.0005710 secs] [Times: user=0.00 sys=0.00, real=0.00 secs] 
155.229: Total time for which application threads were stopped: 0.0013490 seconds, Stopping threads took: 0.0007180 seconds
155.234: Application time: 0.0045410 seconds
155.234: [GC155.234: [ParNew: 17110K->1435K(18432K), 0.0008010 secs] 44455K->29492K(59392K), 0.0008310 secs] [Times: user=0.00 sys=0.00, real=0.01 secs] 
155.235: Total time for which application threads were stopped: 0.0009730 seconds, Stopping threads took: 0.0000870 seconds
155.239: Application time: 0.0041190 seconds
155.239: [GC155.239: [ParNew: 17124K->1437K(18432K), 0.0019320 secs] 45182K->33801K(59392K), 0.0019630 secs] [Times: user=0.01 sys=0.00, real=0.00 secs] 
155.241: Total time for which application threads were stopped: 0.0021070 seconds, Stopping threads took: 0.0000840 seconds
155.248: Application time: 0.0067520 seconds
155.248: [GC155.248: [ParNew: 17124K->1435K(18432K), 0.0016790 secs] 49489K->37378K(59392K), 0.0017100 secs] [Times: user=0.01 sys=0.00, real=0.00 secs] 
155.250: Total time for which application threads were stopped: 0.0018670 seconds, Stopping threads took: 0.0000980 seconds
155.256: Application time: 0.0066130 seconds
155.256: [GC155.256: [ParNew: 17114K->17114K(18432K), 0.0000100 secs]155.256: [Tenured: 35942K->24397K(40960K), 0.0103690 secs] 53057K->24397K(59392K), [Perm : 6103K->6103K(21248K)], 0.0104240 secs] [Times: user=0.01 sys=0.00, real=0.01 secs] 
155.267: Total time for which application threads were stopped: 0.0105810 seconds, Stopping threads took: 0.0000890 seconds
155.274: Application time: 0.0068680 seconds
155.274: [GC155.274: [ParNew: 15686K->1433K(18432K), 0.0005830 secs] 40084K->25830K(59392K), 0.0006120 secs] [Times: user=0.00 sys=0.00, real=0.01 secs] 
155.274: Total time for which application threads were stopped: 0.0007610 seconds, Stopping threads took: 0.0000950 seconds
155.278: Application time: 0.0036880 seconds
155.278: [GC155.278: [ParNew: 17113K->1425K(18432K), 0.0008770 secs] 41511K->26567K(59392K), 0.0009060 secs] [Times: user=0.01 sys=0.00, real=0.00 secs] 
155.279: Total time for which application threads were stopped: 0.0010530 seconds, Stopping threads took: 0.0000820 seconds
155.283: Application time: 0.0038120 seconds
155.283: [GC155.283: [ParNew: 17103K->714K(18432K), 0.0004230 secs] 42245K->25856K(59392K), 0.0004480 secs] [Times: user=0.00 sys=0.00, real=0.00 secs] 
155.284: Total time for which application threads were stopped: 0.0006000 seconds, Stopping threads took: 0.0001000 seconds
155.328: Application time: 0.0448210 seconds
155.329: [GC155.329: [ParNew: 16412K->1431K(18432K), 0.0040310 secs] 41554K->38686K(59392K), 0.0040720 secs] [Times: user=0.03 sys=0.00, real=0.00 secs] 
155.333: Total time for which application threads were stopped: 0.0042280 seconds, Stopping threads took: 0.0000890 seconds
155.404: Application time: 0.0709540 seconds
155.404: [GC155.404: [ParNew: 17154K->17154K(18432K), 0.0000090 secs]155.404: [Tenured: 37254K->25851K(40960K), 0.0099030 secs] 54409K->25851K(59392K), [Perm : 6103K->6103K(21248K)], 0.0099590 secs] [Times: user=0.01 sys=0.00, real=0.00 secs] 
155.414: Total time for which application threads were stopped: 0.0100830 seconds, Stopping threads took: 0.0000610 seconds
155.421: Application time: 0.0070590 seconds
155.421: [GC155.421: [ParNew: 15681K->1427K(18432K), 0.0017680 secs] 41532K->30841K(59392K), 0.0018030 secs] [Times: user=0.01 sys=0.00, real=0.01 secs] 
155.423: Total time for which application threads were stopped: 0.0019740 seconds, Stopping threads took: 0.0001120 seconds
155.430: Application time: 0.0073790 seconds
155.431: [GC155.431: [ParNew: 17112K->1437K(18432K), 0.0013550 secs] 46526K->32988K(59392K), 0.0013870 secs] [Times: user=0.01 sys=0.00, real=0.00 secs] 
155.432: Total time for which application threads were stopped: 0.0018620 seconds, Stopping threads took: 0.0004180 seconds
155.436: Application time: 0.0042480 seconds
155.436: [GC155.436: [ParNew: 17623K->17623K(18432K), 0.0000100 secs]155.436: [Tenured: 31551K->21583K(40960K), 0.0100700 secs] 49175K->21583K(59392K), [Perm : 6103K->6103K(21248K)], 0.0101280 secs] [Times: user=0.01 sys=0.00, real=0.01 secs] 
155.447: Total time for which application threads were stopped: 0.0102810 seconds, Stopping threads took: 0.0000820 seconds
155.453: Application time: 0.0066910 seconds
155.453: [GC155.453: [ParNew: 15918K->1439K(18432K), 0.0007010 secs] 37502K->23023K(59392K), 0.0007360 secs] [Times: user=0.00 sys=0.00, real=0.01 secs] 
155.454: Total time for which application threads were stopped: 0.0010320 seconds, Stopping threads took: 0.0002370 seconds
155.459: Application time: 0.0044150 seconds
155.459: [GC155.459: [ParNew: 17125K->1437K(18432K), 0.0012560 secs] 38709K->25190K(59392K), 0.0012870 secs] [Times: user=0.01 sys=0.00, real=0.00 secs] 
155.460: Total time for which application threads were stopped: 0.0017220 seconds, Stopping threads took: 0.0003770 seconds
155.465: Application time: 0.0043870 seconds
155.465: [GC155.465: [ParNew: 17121K->1425K(18432K), 0.0017470 secs] 40875K->29493K(59392K), 0.0017870 secs] [Times: user=0.02 sys=0.00, real=0.00 secs] 
155.467: Total time for which application threads were stopped: 0.0023260 seconds, Stopping threads took: 0.0004740 seconds
155.472: Application time: 0.0046810 seconds
155.472: [GC155.472: [ParNew: 17108K->1427K(18432K), 0.0011060 secs] 45176K->31633K(59392K), 0.0011380 secs] [Times: user=0.01 sys=0.00, real=0.00 secs] 
155.473: Total time for which application threads were stopped: 0.0014420 seconds, Stopping threads took: 0.0002450 seconds
155.477: Application time: 0.0040430 seconds
155.478: [GC155.478: [ParNew: 17116K->1435K(18432K), 0.0016770 secs] 47323K->35204K(59392K), 0.0017100 secs] [Times: user=0.01 sys=0.00, real=0.00 secs] 
155.479: Total time for which application threads were stopped: 0.0020170 seconds, Stopping threads took: 0.0002480 seconds
155.483: Application time: 0.0035330 seconds
155.483: [GC155.483: [ParNew: 17122K->17122K(18432K), 0.0000100 secs]155.483: [Tenured: 33769K->24425K(40960K), 0.0103850 secs] 50892K->24425K(59392K), [Perm : 6103K->6103K(21248K)], 0.0104460 secs] [Times: user=0.01 sys=0.00, real=0.00 secs] 
155.493: Total time for which application threads were stopped: 0.0106320 seconds, Stopping threads took: 0.0001040 seconds
155.497: Application time: 0.0035470 seconds
155.497: [GC155.497: [ParNew: 15680K->1425K(18432K), 0.0010330 secs] 40106K->27276K(59392K), 0.0010670 secs] [Times: user=0.01 sys=0.00, real=0.00 secs] 
155.498: Total time for which application threads were stopped: 0.0012480 seconds, Stopping threads took: 0.0001210 seconds
155.502: Application time: 0.0037640 seconds
155.502: [GC155.502: [ParNew: 17104K->1425K(18432K), 0.0007580 secs] 42955K->27988K(59392K), 0.0007850 secs] [Times: user=0.01 sys=0.00, real=0.00 secs] 
155.503: Total time for which application threads were stopped: 0.0011480 seconds, Stopping threads took: 0.0003070 seconds
155.508: Application time: 0.0052220 seconds
155.508: [GC155.509: [ParNew: 17114K->1437K(18432K), 0.0013730 secs] 43678K->30850K(59392K), 0.0014090 secs] [Times: user=0.01 sys=0.00, real=0.00 secs] 
155.510: Total time for which application threads were stopped: 0.0015410 seconds, Stopping threads took: 0.0000720 seconds
155.517: Application time: 0.0075360 seconds
155.518: [GC155.518: [ParNew: 17123K->1435K(18432K), 0.0012800 secs] 46537K->33034K(59392K), 0.0013130 secs] [Times: user=0.01 sys=0.00, real=0.00 secs] 
155.519: Total time for which application threads were stopped: 0.0014560 seconds, Stopping threads took: 0.0000840 seconds
155.526: Application time: 0.0071500 seconds
155.526: [GC155.526: [ParNew: 17116K->1425K(18432K), 0.0010270 secs] 48716K->34497K(59392K), 0.0010590 secs] [Times: user=0.00 sys=0.00, real=0.00 secs] 
155.527: Total time for which application threads were stopped: 0.0011920 seconds, Stopping threads took: 0.0000750 seconds
155.533: Application time: 0.0053470 seconds
155.533: [GC155.533: [ParNew: 17113K->1435K(18432K), 0.0015130 secs] 50186K->37357K(59392K), 0.0015470 secs] [Times: user=0.01 sys=0.00, real=0.01 secs] 
155.534: Total time for which application threads were stopped: 0.0016900 seconds, Stopping threads took: 0.0000810 seconds
155.538: Application time: 0.0038630 seconds
155.538: [GC155.538: [ParNew: 17114K->17114K(18432K), 0.0000090 secs]155.538: [Tenured: 35922K->24397K(40960K), 0.0108970 secs] 53037K->24397K(59392K), [Perm : 6103K->6103K(21248K)], 0.0109520 secs] [Times: user=0.01 sys=0.00, real=0.01 secs] 
155.549: Total time for which application threads were stopped: 0.0111050 seconds, Stopping threads took: 0.0000870 seconds
155.573: Application time: 0.0238760 seconds
155.573: [GC155.573: [ParNew: 15690K->1437K(18432K), 0.0014650 secs] 40087K->29397K(59392K), 0.0014970 secs] [Times: user=0.01 sys=0.00, real=0.01 secs] 
155.575: Total time for which application threads were stopped: 0.0016410 seconds, Stopping threads took: 0.0000850 seconds
155.641: Application time: 0.0660610 seconds
155.641: [GC155.641: [ParNew (promotion failed): 17128K->17116K(18432K), 0.0040100 secs]155.645: [Tenured: 40841K->24397K(40960K), 0.0102500 secs] 45088K->24397K(59392K), [Perm : 6103K->6103K(21248K)], 0.0143210 secs] [Times: user=0.04 sys=0.00, real=0.02 secs] 
155.655: Total time for which application threads were stopped: 0.0144880 seconds, Stopping threads took: 0.0000980 seconds
155.729: Application time: 0.0739120 seconds
155.729: [GC155.729: [ParNew: 15691K->1427K(18432K), 0.0041270 secs] 40088K->39361K(59392K), 0.0041690 secs] [Times: user=0.03 sys=0.00, real=0.00 secs] 
155.734: Total time for which application threads were stopped: 0.0043160 seconds, Stopping threads took: 0.0000740 seconds
155.797: Application time: 0.0629880 seconds
155.797: [GC155.797: [ParNew: 17124K->17124K(18432K), 0.0000100 secs]155.797: [Tenured: 37934K->24397K(40960K), 0.0099090 secs] 55059K->24397K(59392K), [Perm : 6103K->6103K(21248K)], 0.0099680 secs] [Times: user=0.01 sys=0.00, real=0.01 secs] 
155.807: Total time for which application threads were stopped: 0.0101330 seconds, Stopping threads took: 0.0000960 seconds
155.869: Application time: 0.0627280 seconds
155.870: [GC155.870: [ParNew: 15691K->1425K(18432K), 0.0046330 secs] 40089K->40073K(59392K), 0.0046830 secs] [Times: user=0.03 sys=0.00, real=0.01 secs] 
155.874: Total time for which application threads were stopped: 0.0048580 seconds, Stopping threads took: 0.0001080 seconds
155.948: Application time: 0.0738020 seconds
155.948: [GC155.948: [ParNew: 17116K->17116K(18432K), 0.0000110 secs]155.948: [Tenured: 38648K->25110K(40960K), 0.0107200 secs] 55764K->25110K(59392K), [Perm : 6103K->6103K(21248K)], 0.0107810 secs] [Times: user=0.01 sys=0.00, real=0.01 secs] 
155.959: Total time for which application threads were stopped: 0.0109710 seconds, Stopping threads took: 0.0001200 seconds
156.032: Application time: 0.0728380 seconds
156.032: [GC156.032: [ParNew: 15691K->1425K(18432K), 0.0044480 secs] 40802K->40785K(59392K), 0.0044860 secs] [Times: user=0.04 sys=0.00, real=0.01 secs] 
156.037: Total time for which application threads were stopped: 0.0046030 seconds, Stopping threads took: 0.0000510 seconds
156.093: Application time: 0.0567710 seconds
156.093: [GC156.093: [ParNew: 17116K->17116K(18432K), 0.0000100 secs]156.093: [Tenured: 39360K->25109K(40960K), 0.0102260 secs] 56477K->25109K(59392K), [Perm : 6103K->6103K(21248K)], 0.0102830 secs] [Times: user=0.01 sys=0.00, real=0.02 secs] 
156.104: Total time for which application threads were stopped: 0.0104260 seconds, Stopping threads took: 0.0000760 seconds
156.178: Application time: 0.0739480 seconds
156.178: [GC156.178: [ParNew: 15704K->1433K(18432K), 0.0044870 secs] 40813K->40080K(59392K), 0.0045300 secs] [Times: user=0.03 sys=0.01, real=0.01 secs] 
156.182: Total time for which application threads were stopped: 0.0046780 seconds, Stopping threads took: 0.0000830 seconds
156.256: Application time: 0.0738850 seconds
156.256: [GC156.256: [ParNew: 17130K->17130K(18432K), 0.0000110 secs]156.256: [Tenured: 38647K->25824K(40960K), 0.0101170 secs] 55778K->25824K(59392K), [Perm : 6103K->6103K(21248K)], 0.0101790 secs] [Times: user=0.01 sys=0.00, real=0.01 secs] 
156.267: Total time for which application threads were stopped: 0.0103320 seconds, Stopping threads took: 0.0000740 seconds
156.326: Application time: 0.0598050 seconds
156.326: [GC156.326: [ParNew: 15704K->15704K(18432K), 0.0000110 secs]156.327: [Tenured: 25824K->27251K(40960K), 0.0094540 secs] 41528K->27251K(59392K), [Perm : 6103K->6103K(21248K)], 0.0095130 secs] [Times: user=0.01 sys=0.00, real=0.01 secs] 
156.336: Total time for which application threads were stopped: 0.0096470 seconds, Stopping threads took: 0.0000640 seconds
156.410: Application time: 0.0736930 seconds
156.410: [GC156.410: [ParNew: 15691K->15691K(18432K), 0.0000090 secs]156.410: [Tenured: 27251K->28676K(40960K), 0.0095380 secs] 42942K->28676K(59392K), [Perm : 6103K->6103K(21248K)], 0.0095910 secs] [Times: user=0.00 sys=0.00, real=0.01 secs] 
156.419: Total time for which application threads were stopped: 0.0097200 seconds, Stopping threads took: 0.0000630 seconds
156.493: Application time: 0.0739220 seconds
156.494: [GC156.494: [ParNew: 15691K->15691K(18432K), 0.0000100 secs]156.494: [Tenured: 28676K->26534K(40960K), 0.0103380 secs] 44367K->26534K(59392K), [Perm : 6103K->6103K(21248K)], 0.0103940 secs] [Times: user=0.01 sys=0.00, real=0.02 secs] 
156.504: Total time for which application threads were stopped: 0.0105840 seconds, Stopping threads took: 0.0001230 seconds
156.566: Application time: 0.0618450 seconds
156.566: [GC156.566: [ParNew: 15704K->15704K(18432K), 0.0000110 secs]156.566: [Tenured: 26534K->28673K(40960K), 0.0100270 secs] 42238K->28673K(59392K), [Perm : 6103K->6103K(21248K)], 0.0100840 secs] [Times: user=0.01 sys=0.00, real=0.01 secs] 
156.576: Total time for which application threads were stopped: 0.0102480 seconds, Stopping threads took: 0.0000970 seconds
156.654: Application time: 0.0778770 seconds
156.654: [GC156.654: [ParNew: 15691K->15691K(18432K), 0.0000110 secs]156.654: [Tenured: 28673K->29386K(40960K), 0.0102150 secs] 44365K->29386K(59392K), [Perm : 6103K->6103K(21248K)], 0.0102690 secs] [Times: user=0.01 sys=0.00, real=0.01 secs] 
156.664: Total time for which application threads were stopped: 0.0104370 seconds, Stopping threads took: 0.0000870 seconds
156.731: Application time: 0.0665300 seconds
156.731: [GC156.731: [ParNew: 15691K->15691K(18432K), 0.0000110 secs]156.731: [Tenured: 29386K->29386K(40960K), 0.0106620 secs] 45078K->29386K(59392K), [Perm : 6103K->6103K(21248K)], 0.0107220 secs] [Times: user=0.02 sys=0.00, real=0.01 secs] 
156.742: Total time for which application threads were stopped: 0.0108770 seconds, Stopping threads took: 0.0000830 seconds
156.803: Application time: 0.0610330 seconds
156.803: [GC156.803: [ParNew: 15700K->15700K(18432K), 0.0000100 secs]156.803: [Tenured: 29386K->27959K(40960K), 0.0113990 secs] 45086K->27959K(59392K), [Perm : 6103K->6103K(21248K)], 0.0114570 secs] [Times: user=0.02 sys=0.00, real=0.01 secs] 
156.815: Total time for which application threads were stopped: 0.0117180 seconds, Stopping threads took: 0.0001840 seconds
156.876: Application time: 0.0617250 seconds
156.876: [GC156.876: [ParNew: 15691K->15691K(18432K), 0.0000100 secs]156.876: [Tenured: 27959K->28672K(40960K), 0.0101620 secs] 43651K->28672K(59392K), [Perm : 6103K->6103K(21248K)], 0.0102230 secs] [Times: user=0.01 sys=0.00, real=0.01 secs] 
156.887: Total time for which application threads were stopped: 0.0103570 seconds, Stopping threads took: 0.0000640 seconds
156.956: Application time: 0.0694160 seconds
156.956: [GC156.956: [ParNew: 15691K->15691K(18432K), 0.0000100 secs]156.956: [Tenured: 28672K->28672K(40960K), 0.0092380 secs] 44363K->28672K(59392K), [Perm : 6103K->6103K(21248K)], 0.0092980 secs] [Times: user=0.01 sys=0.00, real=0.01 secs] 
156.965: Total time for which application threads were stopped: 0.0094300 seconds, Stopping threads took: 0.0000610 seconds
157.033: Application time: 0.0672650 seconds
157.033: [GC157.033: [ParNew: 15691K->15691K(18432K), 0.0000090 secs]157.033: [Tenured: 28672K->29384K(40960K), 0.0100690 secs] 44363K->29384K(59392K), [Perm : 6103K->6103K(21248K)], 0.0101270 secs] [Times: user=0.01 sys=0.00, real=0.02 secs] 
157.043: Total time for which application threads were stopped: 0.0102830 seconds, Stopping threads took: 0.0000890 seconds
157.118: Application time: 0.0747160 seconds
157.118: [GC157.118: [ParNew: 15689K->15689K(18432K), 0.0000090 secs]157.118: [Tenured: 29384K->29384K(40960K), 0.0094100 secs] 45074K->29384K(59392K), [Perm : 6103K->6103K(21248K)], 0.0094690 secs] [Times: user=0.01 sys=0.00, real=0.01 secs] 
157.127: Total time for which application threads were stopped: 0.0097050 seconds, Stopping threads took: 0.0001700 seconds
157.202: Application time: 0.0740890 seconds
157.202: [GC157.202: [ParNew: 15689K->15689K(18432K), 0.0000180 secs]157.202: [Tenured: 29384K->29384K(40960K), 0.0102250 secs] 45074K->29384K(59392K), [Perm : 6103K->6103K(21248K)], 0.0102970 secs] [Times: user=0.01 sys=0.00, real=0.01 secs] 
157.212: Total time for which application threads were stopped: 0.0105160 seconds, Stopping threads took: 0.0001290 seconds
157.249: Application time: 0.0366420 seconds
157.249: [GC157.249: [ParNew: 15706K->15706K(18432K), 0.0000100 secs]157.249: [Tenured: 29384K->27247K(40960K), 0.0098660 secs] 45091K->27247K(59392K), [Perm : 6103K->6103K(21248K)], 0.0099240 secs] [Times: user=0.01 sys=0.00, real=0.01 secs] 
157.259: Total time for which application threads were stopped: 0.0100870 seconds, Stopping threads took: 0.0000850 seconds
157.327: Application time: 0.0679330 seconds
157.327: [GC157.327: [ParNew: 15704K->15704K(18432K), 0.0000100 secs]157.327: [Tenured: 27247K->25822K(40960K), 0.0120130 secs] 42952K->25822K(59392K), [Perm : 6103K->6103K(21248K)], 0.0120750 secs] [Times: user=0.01 sys=0.00, real=0.01 secs] 
157.339: Total time for which application threads were stopped: 0.0122980 seconds, Stopping threads took: 0.0001240 seconds
157.390: Application time: 0.0506330 seconds
157.390: [GC157.390: [ParNew: 15696K->1433K(18432K), 0.0036010 secs] 41519K->37943K(59392K), 0.0036420 secs] [Times: user=0.03 sys=0.00, real=0.00 secs] 
157.393: Total time for which application threads were stopped: 0.0038240 seconds, Stopping threads took: 0.0001170 seconds
157.463: Application time: 0.0697620 seconds
157.463: [GC157.463: [ParNew: 17120K->17120K(18432K), 0.0000120 secs]157.463: [Tenured: 36510K->25822K(40960K), 0.0124080 secs] 53631K->25822K(59392K), [Perm : 6103K->6103K(21248K)], 0.0124790 secs] [Times: user=0.01 sys=0.00, real=0.01 secs] 
157.476: Total time for which application threads were stopped: 0.0126570 seconds, Stopping threads took: 0.0001080 seconds
157.507: Application time: 0.0312230 seconds
157.507: [GC157.507: [ParNew: 15696K->15696K(18432K), 0.0000100 secs]157.507: [Tenured: 25822K->25111K(40960K), 0.0093790 secs] 41519K->25111K(59392K), [Perm : 6103K->6103K(21248K)], 0.0094390 secs] [Times: user=0.01 sys=0.00, real=0.01 secs] 
157.517: Total time for which application threads were stopped: 0.0096140 seconds, Stopping threads took: 0.0001050 seconds
157.581: Application time: 0.0639220 seconds
157.581: [GC157.581: [ParNew: 15690K->1427K(18432K), 0.0035540 secs] 40801K->37226K(59392K), 0.0035960 secs] [Times: user=0.03 sys=0.00, real=0.01 secs] 
157.584: Total time for which application threads were stopped: 0.0037260 seconds, Stopping threads took: 0.0000650 seconds
157.639: Application time: 0.0541240 seconds
157.639: [GC157.639: [ParNew: 17123K->17123K(18432K), 0.0000100 secs]157.639: [Tenured: 35799K->22972K(40960K), 0.0108780 secs] 52923K->22972K(59392K), [Perm : 6103K->6103K(21248K)], 0.0109380 secs] [Times: user=0.02 sys=0.00, real=0.01 secs] 
157.650: Total time for which application threads were stopped: 0.0110610 seconds, Stopping threads took: 0.0000540 seconds
157.685: Application time: 0.0356220 seconds
157.685: [GC157.685: [ParNew: 15686K->1425K(18432K), 0.0034450 secs] 38659K->35086K(59392K), 0.0034820 secs] [Times: user=0.03 sys=0.00, real=0.00 secs] 
157.689: Total time for which application threads were stopped: 0.0036210 seconds, Stopping threads took: 0.0000750 seconds
157.749: Application time: 0.0604270 seconds
157.749: [GC157.749: [ParNew: 17113K->17113K(18432K), 0.0000100 secs]157.749: [Tenured: 33661K->23685K(40960K), 0.0100120 secs] 50774K->23685K(59392K), [Perm : 6103K->6103K(21248K)], 0.0100730 secs] [Times: user=0.01 sys=0.00, real=0.01 secs] 
157.759: Total time for which application threads were stopped: 0.0102060 seconds, Stopping threads took: 0.0000620 seconds
157.815: Application time: 0.0554520 seconds
157.815: [GC157.815: [ParNew: 15688K->1425K(18432K), 0.0034780 secs] 39373K->35799K(59392K), 0.0035160 secs] [Times: user=0.03 sys=0.00, real=0.00 secs] 
157.819: Total time for which application threads were stopped: 0.0036780 seconds, Stopping threads took: 0.0000980 seconds
157.851: Application time: 0.0326490 seconds
157.851: [GC157.851: [ParNew: 17122K->17122K(18432K), 0.0000100 secs]157.851: [Tenured: 34374K->23685K(40960K), 0.0107980 secs] 51496K->23685K(59392K), [Perm : 6103K->6103K(21248K)], 0.0108560 secs] [Times: user=0.01 sys=0.00, real=0.02 secs] 
157.862: Total time for which application threads were stopped: 0.0109960 seconds, Stopping threads took: 0.0000610 seconds
157.929: Application time: 0.0666390 seconds
157.929: [GC157.929: [ParNew: 15688K->1425K(18432K), 0.0035130 secs] 39374K->35799K(59392K), 0.0035500 secs] [Times: user=0.02 sys=0.00, real=0.00 secs] 
157.933: Total time for which application threads were stopped: 0.0036730 seconds, Stopping threads took: 0.0000610 seconds
157.983: Application time: 0.0499780 seconds
157.983: [GC157.983: [ParNew: 17113K->17113K(18432K), 0.0000100 secs]157.983: [Tenured: 34374K->24398K(40960K), 0.0100760 secs] 51488K->24398K(59392K), [Perm : 6103K->6103K(21248K)], 0.0101360 secs] [Times: user=0.01 sys=0.00, real=0.00 secs] 
157.993: Total time for which application threads were stopped: 0.0103190 seconds, Stopping threads took: 0.0001150 seconds
158.063: Application time: 0.0700390 seconds
158.063: [GC158.063: [ParNew: 15688K->1425K(18432K), 0.0034690 secs] 40087K->36512K(59392K), 0.0035100 secs] [Times: user=0.02 sys=0.00, real=0.00 secs] 
158.067: Total time for which application threads were stopped: 0.0036890 seconds, Stopping threads took: 0.0001050 seconds
158.095: Application time: 0.0287360 seconds
158.095: [GC158.096: [ParNew: 17114K->17114K(18432K), 0.0000110 secs]158.096: [Tenured: 35087K->24398K(40960K), 0.0099250 secs] 52201K->24398K(59392K), [Perm : 6103K->6103K(21248K)], 0.0099920 secs] [Times: user=0.01 sys=0.00, real=0.01 secs] 
158.106: Total time for which application threads were stopped: 0.0101790 seconds, Stopping threads took: 0.0001160 seconds
158.161: Application time: 0.0552570 seconds
158.161: [GC158.161: [ParNew: 15688K->1425K(18432K), 0.0034440 secs] 40087K->36512K(59392K), 0.0034830 secs] [Times: user=0.02 sys=0.00, real=0.01 secs] 
158.164: Total time for which application threads were stopped: 0.0036380 seconds, Stopping threads took: 0.0000940 seconds
158.231: Application time: 0.0662140 seconds
158.231: [GC158.231: [ParNew: 17114K->17114K(18432K), 0.0000110 secs]158.231: [Tenured: 35087K->24399K(40960K), 0.0107160 secs] 52201K->24399K(59392K), [Perm : 6103K->6103K(21248K)], 0.0107770 secs] [Times: user=0.01 sys=0.00, real=0.01 secs] 
158.242: Total time for which application threads were stopped: 0.0109670 seconds, Stopping threads took: 0.0001200 seconds
158.269: Application time: 0.0273900 seconds
158.269: [GC158.269: [ParNew: 15703K->1435K(18432K), 0.0033270 secs] 40103K->35810K(59392K), 0.0033630 secs] [Times: user=0.02 sys=0.00, real=0.00 secs] 
158.272: Total time for which application threads were stopped: 0.0035110 seconds, Stopping threads took: 0.0000870 seconds
158.327: Application time: 0.0543800 seconds
158.327: [GC158.327: [ParNew: 17139K->17139K(18432K), 0.0000100 secs]158.327: [Tenured: 34375K->25111K(40960K), 0.0118450 secs] 51514K->25111K(59392K), [Perm : 6103K->6103K(21248K)], 0.0119040 secs] [Times: user=0.01 sys=0.00, real=0.01 secs] 
158.339: Total time for which application threads were stopped: 0.0121370 seconds, Stopping threads took: 0.0001610 seconds
158.410: Application time: 0.0714120 seconds
158.411: [GC158.411: [ParNew: 15695K->1435K(18432K), 0.0036570 secs] 40807K->37235K(59392K), 0.0036920 secs] [Times: user=0.02 sys=0.00, real=0.01 secs] 
158.414: Total time for which application threads were stopped: 0.0039030 seconds, Stopping threads took: 0.0001400 seconds
158.437: Application time: 0.0227200 seconds
158.437: [GC158.437: [ParNew: 17124K->17124K(18432K), 0.0000110 secs]158.437: [Tenured: 35800K->27250K(40960K), 0.0104320 secs] 52925K->27250K(59392K), [Perm : 6103K->6103K(21248K)], 0.0104910 secs] [Times: user=0.01 sys=0.00, real=0.01 secs] 
158.448: Total time for which application threads were stopped: 0.0106720 seconds, Stopping threads took: 0.0001120 seconds
158.516: Application time: 0.0687550 seconds
158.517: [GC158.517: [ParNew: 15686K->15686K(18432K), 0.0000110 secs]158.517: [Tenured: 27250K->27962K(40960K), 0.0101910 secs] 42937K->27962K(59392K), [Perm : 6103K->6103K(21248K)], 0.0102510 secs] [Times: user=0.01 sys=0.00, real=0.01 secs] 
158.527: Total time for which application threads were stopped: 0.0103860 seconds, Stopping threads took: 0.0000650 seconds
158.581: Application time: 0.0545430 seconds
158.582: [GC158.582: [ParNew: 15695K->15695K(18432K), 0.0000100 secs]158.582: [Tenured: 27962K->27963K(40960K), 0.0100360 secs] 43658K->27963K(59392K), [Perm : 6103K->6103K(21248K)], 0.0100960 secs] [Times: user=0.01 sys=0.00, real=0.01 secs] 
158.592: Total time for which application threads were stopped: 0.0103490 seconds, Stopping threads took: 0.0001620 seconds
158.636: Application time: 0.0443050 seconds
158.636: [GC158.636: [ParNew: 15695K->15695K(18432K), 0.0000110 secs]158.636: [Tenured: 27963K->28674K(40960K), 0.0112200 secs] 43659K->28674K(59392K), [Perm : 6103K->6103K(21248K)], 0.0112790 secs] [Times: user=0.01 sys=0.00, real=0.01 secs] 
158.648: Total time for which application threads were stopped: 0.0114480 seconds, Stopping threads took: 0.0000990 seconds
158.699: Application time: 0.0512460 seconds
158.699: [GC158.699: [ParNew: 15688K->15688K(18432K), 0.0000110 secs]158.699: [Tenured: 28674K->29386K(40960K), 0.0101260 secs] 44363K->29386K(59392K), [Perm : 6103K->6103K(21248K)], 0.0101930 secs] [Times: user=0.01 sys=0.00, real=0.01 secs] 
158.709: Total time for which application threads were stopped: 0.0104850 seconds, Stopping threads took: 0.0002000 seconds
158.776: Application time: 0.0667370 seconds
158.776: [GC158.776: [ParNew: 15688K->15688K(18432K), 0.0000110 secs]158.776: [Tenured: 29386K->29386K(40960K), 0.0101370 secs] 45075K->29386K(59392K), [Perm : 6103K->6103K(21248K)], 0.0101970 secs] [Times: user=0.01 sys=0.00, real=0.01 secs] 
158.786: Total time for which application threads were stopped: 0.0103260 seconds, Stopping threads took: 0.0000610 seconds
158.826: Application time: 0.0400270 seconds
158.827: [GC158.827: [ParNew: 15688K->15688K(18432K), 0.0000110 secs]158.827: [Tenured: 29386K->29386K(40960K), 0.0103920 secs] 45075K->29386K(59392K), [Perm : 6103K->6103K(21248K)], 0.0104520 secs] [Times: user=0.01 sys=0.00, real=0.01 secs] 
158.837: Total time for which application threads were stopped: 0.0106520 seconds, Stopping threads took: 0.0001290 seconds
158.868: Application time: 0.0313790 seconds
158.869: [GC158.869: [ParNew: 15717K->15717K(18432K), 0.0000110 secs]158.869: [Tenured: 29386K->28674K(40960K), 0.0128160 secs] 45103K->28674K(59392K), [Perm : 6104K->6104K(21248K)], 0.0128790 secs] [Times: user=0.02 sys=0.00, real=0.01 secs] 
158.882: Total time for which application threads were stopped: 0.0131920 seconds, Stopping threads took: 0.0002200 seconds
158.889: Application time: 0.0076900 seconds
158.889: [GC158.889: [ParNew: 15679K->15679K(18432K), 0.0000100 secs]158.889: [Tenured: 28674K->28674K(40960K), 0.0097410 secs] 44353K->28674K(59392K), [Perm : 6104K->6104K(21248K)], 0.0098020 secs] [Times: user=0.01 sys=0.00, real=0.01 secs] 
158.899: Total time for which application threads were stopped: 0.0099550 seconds, Stopping threads took: 0.0000780 seconds
158.904: Application time: 0.0051560 seconds
158.905: [GC158.905: [ParNew: 15685K->15685K(18432K), 0.0000170 secs]158.905: [Tenured: 28674K->29386K(40960K), 0.0111770 secs] 44359K->29386K(59392K), [Perm : 6104K->6104K(21248K)], 0.0112610 secs] [Times: user=0.01 sys=0.00, real=0.01 secs] 
158.916: Total time for which application threads were stopped: 0.0115280 seconds, Stopping threads took: 0.0001730 seconds
158.921: Application time: 0.0046820 seconds
158.921: [GC158.921: [ParNew: 15677K->15677K(18432K), 0.0000130 secs]158.921: [Tenured: 29386K->30811K(40960K), 0.0071610 secs] 45064K->30811K(59392K), [Perm : 6104K->6104K(21248K)], 0.0072230 secs] [Times: user=0.01 sys=0.00, real=0.01 secs] 
158.928: Total time for which application threads were stopped: 0.0073900 seconds, Stopping threads took: 0.0000860 seconds
158.936: Application time: 0.0076370 seconds
158.936: [GC158.936: [ParNew: 15688K->15688K(18432K), 0.0000100 secs]158.936: [Tenured: 30811K->28674K(40960K), 0.0090890 secs] 46499K->28674K(59392K), [Perm : 6104K->6104K(21248K)], 0.0091490 secs] [Times: user=0.01 sys=0.00, real=0.01 secs] 
158.945: Total time for which application threads were stopped: 0.0093030 seconds, Stopping threads took: 0.0000810 seconds
158.951: Application time: 0.0059200 seconds
158.951: [GC158.951: [ParNew: 15681K->15681K(18432K), 0.0000100 secs]158.951: [Tenured: 28674K->29386K(40960K), 0.0087590 secs] 44355K->29386K(59392K), [Perm : 6104K->6104K(21248K)], 0.0088190 secs] [Times: user=0.01 sys=0.00, real=0.01 secs] 
158.960: Total time for which application threads were stopped: 0.0090970 seconds, Stopping threads took: 0.0001880 seconds
158.966: Application time: 0.0061460 seconds
158.966: [GC158.966: [ParNew: 15688K->15688K(18432K), 0.0000090 secs]158.966: [Tenured: 29386K->29386K(40960K), 0.0090950 secs] 45075K->29386K(59392K), [Perm : 6104K->6104K(21248K)], 0.0091550 secs] [Times: user=0.00 sys=0.00, real=0.01 secs] 
158.975: Total time for which application threads were stopped: 0.0093500 seconds, Stopping threads took: 0.0001270 seconds
158.979: Application time: 0.0035870 seconds
158.979: [GC158.979: [ParNew: 15680K->15680K(18432K), 0.0000090 secs]158.979: [Tenured: 29386K->30812K(40960K), 0.0063250 secs] 45067K->30812K(59392K), [Perm : 6104K->6104K(21248K)], 0.0063790 secs] [Times: user=0.01 sys=0.00, real=0.01 secs] 
158.986: Total time for which application threads were stopped: 0.0065200 seconds, Stopping threads took: 0.0000730 seconds
158.989: Application time: 0.0036070 seconds
158.989: [GC158.989: [ParNew: 15678K->15678K(18432K), 0.0000110 secs]158.989: [Tenured: 30812K->29386K(40960K), 0.0062050 secs] 46490K->29386K(59392K), [Perm : 6104K->6104K(21248K)], 0.0062610 secs] [Times: user=0.00 sys=0.00, real=0.01 secs] 
158.996: Total time for which application threads were stopped: 0.0064130 seconds, Stopping threads took: 0.0000830 seconds
159.053: Application time: 0.0574080 seconds
159.053: [GC159.053: [ParNew: 15696K->15696K(18432K), 0.0000110 secs]159.053: [Tenured: 29386K->27961K(40960K), 0.0100890 secs] 45083K->27961K(59392K), [Perm : 6104K->6104K(21248K)], 0.0101500 secs] [Times: user=0.01 sys=0.00, real=0.02 secs] 
159.063: Total time for which application threads were stopped: 0.0102850 seconds, Stopping threads took: 0.0000640 seconds
159.109: Application time: 0.0454340 seconds
159.109: [GC159.109: [ParNew: 15690K->15690K(18432K), 0.0000100 secs]159.109: [Tenured: 27961K->28673K(40960K), 0.0095010 secs] 43651K->28673K(59392K), [Perm : 6104K->6104K(21248K)], 0.0095590 secs] [Times: user=0.01 sys=0.00, real=0.01 secs] 
159.118: Total time for which application threads were stopped: 0.0096960 seconds, Stopping threads took: 0.0000690 seconds
159.175: Application time: 0.0561970 seconds
159.175: [GC159.175: [ParNew: 15688K->15688K(18432K), 0.0000090 secs]159.175: [Tenured: 28673K->28673K(40960K), 0.0091530 secs] 44361K->28673K(59392K), [Perm : 6104K->6104K(21248K)], 0.0092120 secs] [Times: user=0.01 sys=0.00, real=0.01 secs] 
159.184: Total time for which application threads were stopped: 0.0094590 seconds, Stopping threads took: 0.0001680 seconds
159.239: Application time: 0.0547520 seconds
159.239: [GC159.239: [ParNew: 15688K->15688K(18432K), 0.0000100 secs]159.239: [Tenured: 28673K->28673K(40960K), 0.0101550 secs] 44361K->28673K(59392K), [Perm : 6104K->6104K(21248K)], 0.0102150 secs] [Times: user=0.01 sys=0.00, real=0.01 secs] 
159.249: Total time for which application threads were stopped: 0.0103500 seconds, Stopping threads took: 0.0000630 seconds
159.298: Application time: 0.0488170 seconds
159.298: [GC159.298: [ParNew: 15689K->15689K(18432K), 0.0000090 secs]159.298: [Tenured: 28673K->28673K(40960K), 0.0092980 secs] 44363K->28673K(59392K), [Perm : 6104K->6104K(21248K)], 0.0093520 secs] [Times: user=0.01 sys=0.00, real=0.01 secs] 
159.308: Total time for which application threads were stopped: 0.0095450 seconds, Stopping threads took: 0.0001150 seconds
159.361: Application time: 0.0537180 seconds
159.361: [GC159.361: [ParNew: 15687K->15687K(18432K), 0.0000100 secs]159.362: [Tenured: 28673K->28673K(40960K), 0.0102690 secs] 44361K->28673K(59392K), [Perm : 6104K->6104K(21248K)], 0.0103300 secs] [Times: user=0.01 sys=0.00, real=0.01 secs] 
159.372: Total time for which application threads were stopped: 0.0105510 seconds, Stopping threads took: 0.0001340 seconds
159.430: Application time: 0.0577670 seconds
159.430: [GC159.430: [ParNew: 15687K->15687K(18432K), 0.0000100 secs]159.430: [Tenured: 28673K->29385K(40960K), 0.0101620 secs] 44361K->29385K(59392K), [Perm : 6104K->6104K(21248K)], 0.0102210 secs] [Times: user=0.01 sys=0.00, real=0.01 secs] 
159.440: Total time for which application threads were stopped: 0.0104120 seconds, Stopping threads took: 0.0000910 seconds
159.463: Application time: 0.0234120 seconds
159.464: [GC159.464: [ParNew: 15716K->15716K(18432K), 0.0000100 secs]159.464: [Tenured: 29385K->26534K(40960K), 0.0113470 secs] 45102K->26534K(59392K), [Perm : 6104K->6104K(21248K)], 0.0114080 secs] [Times: user=0.01 sys=0.00, real=0.01 secs] 
159.476: Total time for which application threads were stopped: 0.0121450 seconds, Stopping threads took: 0.0006460 seconds
159.483: Application time: 0.0075550 seconds
159.484: [GC159.484: [ParNew: 16294K->16294K(18432K), 0.0000100 secs]159.484: [Tenured: 26534K->25145K(40960K), 0.0083350 secs] 42829K->25145K(59392K), [Perm : 6104K->6104K(21248K)], 0.0084040 secs] [Times: user=0.01 sys=0.00, real=0.00 secs] 
159.492: Total time for which application threads were stopped: 0.0091160 seconds, Stopping threads took: 0.0006210 seconds
159.497: Application time: 0.0046900 seconds
159.498: [GC159.498: [ParNew: 16333K->16333K(18432K), 0.0000100 secs]159.498: [Tenured: 25145K->25175K(40960K), 0.0095940 secs] 41479K->25175K(59392K), [Perm : 6104K->6104K(21248K)], 0.0096550 secs] [Times: user=0.01 sys=0.00, real=0.01 secs] 
159.508: Total time for which application threads were stopped: 0.0107730 seconds, Stopping threads took: 0.0010210 seconds
159.511: Application time: 0.0033850 seconds
159.511: [GC159.511: [ParNew: 15794K->15794K(18432K), 0.0000100 secs]159.511: [Tenured: 25175K->25178K(40960K), 0.0063570 secs] 40969K->25178K(59392K), [Perm : 6104K->6104K(21248K)], 0.0064190 secs] [Times: user=0.01 sys=0.00, real=0.01 secs] 
159.518: Total time for which application threads were stopped: 0.0066000 seconds, Stopping threads took: 0.0001140 seconds
159.522: Application time: 0.0043330 seconds
159.522: [GC159.522: [ParNew: 15798K->15798K(18432K), 0.0000110 secs]159.522: [Tenured: 25178K->22259K(40960K), 0.0111560 secs] 40977K->22259K(59392K), [Perm : 6104K->6104K(21248K)], 0.0112170 secs] [Times: user=0.02 sys=0.00, real=0.00 secs] 
159.533: Total time for which application threads were stopped: 0.0113730 seconds, Stopping threads took: 0.0000840 seconds
159.538: Application time: 0.0041260 seconds
159.538: [GC159.538: [ParNew: 15687K->1433K(18432K), 0.0012120 secs] 37947K->25117K(59392K), 0.0012450 secs] [Times: user=0.01 sys=0.00, real=0.00 secs] 
159.540: Total time for which application threads were stopped: 0.0021050 seconds, Stopping threads took: 0.0008010 seconds
159.544: Application time: 0.0040830 seconds
159.544: [GC159.544: [ParNew: 17114K->1425K(18432K), 0.0007560 secs] 40799K->25862K(59392K), 0.0007870 secs] [Times: user=0.01 sys=0.00, real=0.00 secs] 
159.545: Total time for which application threads were stopped: 0.0014930 seconds, Stopping threads took: 0.0006390 seconds
159.549: Application time: 0.0042220 seconds
159.550: [GC159.550: [ParNew: 17113K->1439K(18432K), 0.0010450 secs] 41550K->27301K(59392K), 0.0010780 secs] [Times: user=0.00 sys=0.01, real=0.00 secs] 
159.551: Total time for which application threads were stopped: 0.0015480 seconds, Stopping threads took: 0.0004120 seconds
159.555: Application time: 0.0040740 seconds
159.556: [GC159.556: [ParNew: 17123K->1429K(18432K), 0.0007590 secs] 42985K->28043K(59392K), 0.0007930 secs] [Times: user=0.00 sys=0.00, real=0.00 secs] 
159.557: Total time for which application threads were stopped: 0.0016470 seconds, Stopping threads took: 0.0007940 seconds
159.561: Application time: 0.0041600 seconds
159.562: [GC159.562: [ParNew: 17592K->1472K(18432K), 0.0007020 secs] 44206K->28815K(59392K), 0.0007350 secs] [Times: user=0.00 sys=0.00, real=0.01 secs] 
159.562: Total time for which application threads were stopped: 0.0014650 seconds, Stopping threads took: 0.0006710 seconds
159.566: Application time: 0.0037850 seconds
159.567: [GC159.567: [ParNew: 17255K->1446K(18432K), 0.0010140 secs] 44598K->30278K(59392K), 0.0010430 secs] [Times: user=0.01 sys=0.00, real=0.00 secs] 
159.568: Total time for which application threads were stopped: 0.0019590 seconds, Stopping threads took: 0.0008570 seconds
159.572: Application time: 0.0041860 seconds
159.573: [GC159.573: [ParNew: 17295K->1442K(18432K), 0.0021830 secs] 46128K->36008K(59392K), 0.0022190 secs] [Times: user=0.01 sys=0.00, real=0.01 secs] 
159.575: Total time for which application threads were stopped: 0.0026550 seconds, Stopping threads took: 0.0003760 seconds
159.579: Application time: 0.0043440 seconds
159.582: [GC159.582: [ParNew: 17376K->17376K(18432K), 0.0000110 secs]159.582: [Tenured: 34566K->20894K(40960K), 0.0092790 secs] 51942K->20894K(59392K), [Perm : 6105K->6105K(21248K)], 0.0093380 secs] [Times: user=0.01 sys=0.00, real=0.00 secs] 
159.591: Total time for which application threads were stopped: 0.0121800 seconds, Stopping threads took: 0.0027660 seconds
159.595: Application time: 0.0036630 seconds
159.596: [GC159.596: [ParNew: 15885K->1440K(18432K), 0.0016630 secs] 36779K->25897K(59392K), 0.0017020 secs] [Times: user=0.01 sys=0.00, real=0.00 secs] 
159.598: Total time for which application threads were stopped: 0.0027710 seconds, Stopping threads took: 0.0010040 seconds
159.602: Application time: 0.0040420 seconds
159.602: [GC159.602: [ParNew: 17222K->1438K(18432K), 0.0016790 secs] 41679K->29483K(59392K), 0.0017130 secs] [Times: user=0.01 sys=0.00, real=0.00 secs] 
159.604: Total time for which application threads were stopped: 0.0021490 seconds, Stopping threads took: 0.0003760 seconds
159.608: Application time: 0.0035310 seconds
159.608: [GC159.608: [ParNew: 17219K->1436K(18432K), 0.0018040 secs] 45265K->33044K(59392K), 0.0018400 secs] [Times: user=0.01 sys=0.00, real=0.00 secs] 
159.610: Total time for which application threads were stopped: 0.0022270 seconds, Stopping threads took: 0.0003220 seconds
159.614: Application time: 0.0043140 seconds
159.615: [GC159.615: [ParNew: 17246K->17246K(18432K), 0.0000110 secs]159.615: [Tenured: 31608K->21604K(40960K), 0.0094100 secs] 48854K->21604K(59392K), [Perm : 6105K->6105K(21248K)], 0.0094700 secs] [Times: user=0.01 sys=0.00, real=0.01 secs] 
159.625: Total time for which application threads were stopped: 0.0104490 seconds, Stopping threads took: 0.0009090 seconds
159.629: Application time: 0.0038770 seconds
159.630: [GC159.630: [ParNew: 15692K->1435K(18432K), 0.0014750 secs] 37296K->25889K(59392K), 0.0015090 secs] [Times: user=0.01 sys=0.00, real=0.00 secs] 
159.631: Total time for which application threads were stopped: 0.0026550 seconds, Stopping threads took: 0.0010660 seconds
159.636: Application time: 0.0047220 seconds
159.637: [GC159.637: [ParNew: 17121K->1433K(18432K), 0.0010380 secs] 41576K->28081K(59392K), 0.0010740 secs] [Times: user=0.01 sys=0.00, real=0.00 secs] 
159.638: Total time for which application threads were stopped: 0.0018360 seconds, Stopping threads took: 0.0006780 seconds
159.642: Application time: 0.0041250 seconds
159.642: [GC159.642: [ParNew: 17136K->1437K(18432K), 0.0028050 secs] 43784K->35210K(59392K), 0.0028480 secs] [Times: user=0.02 sys=0.00, real=0.00 secs] 
159.645: Total time for which application threads were stopped: 0.0033350 seconds, Stopping threads took: 0.0004020 seconds
159.649: Application time: 0.0039580 seconds
159.651: [GC159.651: [ParNew: 17127K->17127K(18432K), 0.0000110 secs]159.651: [Tenured: 33773K->22317K(40960K), 0.0096130 secs] 50901K->22317K(59392K), [Perm : 6105K->6105K(21248K)], 0.0096740 secs] [Times: user=0.01 sys=0.00, real=0.01 secs] 
159.660: Total time for which application threads were stopped: 0.0109500 seconds, Stopping threads took: 0.0011840 seconds
159.664: Application time: 0.0040370 seconds
159.665: [GC159.665: [ParNew: 15690K->1433K(18432K), 0.0014950 secs] 38008K->26601K(59392K), 0.0015280 secs] [Times: user=0.00 sys=0.00, real=0.00 secs] 
159.666: Total time for which application threads were stopped: 0.0020630 seconds, Stopping threads took: 0.0004580 seconds
159.670: Application time: 0.0039940 seconds
159.671: [GC159.671: [ParNew: 17118K->1425K(18432K), 0.0012300 secs] 42285K->28762K(59392K), 0.0012670 secs] [Times: user=0.00 sys=0.00, real=0.00 secs] 
159.672: Total time for which application threads were stopped: 0.0020680 seconds, Stopping threads took: 0.0007200 seconds
159.676: Application time: 0.0039670 seconds
159.677: [GC159.677: [ParNew: 17110K->1425K(18432K), 0.0009620 secs] 44447K->30187K(59392K), 0.0009940 secs] [Times: user=0.00 sys=0.00, real=0.00 secs] 
159.678: Total time for which application threads were stopped: 0.0016210 seconds, Stopping threads took: 0.0005670 seconds
159.682: Application time: 0.0037140 seconds
159.682: [GC159.682: [ParNew: 17115K->1433K(18432K), 0.0012230 secs] 45878K->32333K(59392K), 0.0012560 secs] [Times: user=0.01 sys=0.00, real=0.00 secs] 
159.684: Total time for which application threads were stopped: 0.0019630 seconds, Stopping threads took: 0.0006280 seconds
159.688: Application time: 0.0038480 seconds
159.688: [GC159.688: [ParNew: 17117K->1427K(18432K), 0.0008940 secs] 48017K->33792K(59392K), 0.0009330 secs] [Times: user=0.01 sys=0.00, real=0.00 secs] 
159.689: Total time for which application threads were stopped: 0.0013930 seconds, Stopping threads took: 0.0004030 seconds
159.692: Application time: 0.0034720 seconds
159.693: [GC159.693: [ParNew: 17111K->1427K(18432K), 0.0009840 secs] 49476K->35217K(59392K), 0.0010170 secs] [Times: user=0.01 sys=0.00, real=0.00 secs] 
159.694: Total time for which application threads were stopped: 0.0011640 seconds, Stopping threads took: 0.0000830 seconds
159.697: Application time: 0.0037980 seconds
159.698: [GC159.698: [ParNew: 17111K->1425K(18432K), 0.0014130 secs] 50901K->38065K(59392K), 0.0014440 secs] [Times: user=0.01 sys=0.00, real=0.00 secs] 
159.699: Total time for which application threads were stopped: 0.0018690 seconds, Stopping threads took: 0.0003570 seconds
159.703: Application time: 0.0040670 seconds
159.704: [GC159.704: [ParNew: 17115K->17115K(18432K), 0.0000100 secs]159.704: [Tenured: 36640K->20835K(40960K), 0.0093460 secs] 53756K->20835K(59392K), [Perm : 6105K->6105K(21248K)], 0.0094030 secs] [Times: user=0.01 sys=0.00, real=0.00 secs] 
159.713: Total time for which application threads were stopped: 0.0097120 seconds, Stopping threads took: 0.0002410 seconds
159.718: Application time: 0.0045630 seconds
159.718: [GC159.718: [ParNew: 15707K->1437K(18432K), 0.0019180 secs] 36543K->26547K(59392K), 0.0019530 secs] [Times: user=0.01 sys=0.00, real=0.00 secs] 
159.720: Total time for which application threads were stopped: 0.0021030 seconds, Stopping threads took: 0.0000870 seconds
159.724: Application time: 0.0039850 seconds
159.725: [GC159.725: [ParNew: 17122K->1429K(18432K), 0.0015500 secs] 42232K->29445K(59392K), 0.0015880 secs] [Times: user=0.01 sys=0.00, real=0.00 secs] 
159.726: Total time for which application threads were stopped: 0.0027170 seconds, Stopping threads took: 0.0010450 seconds
159.730: Application time: 0.0039750 seconds
159.731: [GC159.731: [ParNew: 17593K->1470K(18432K), 0.0011840 secs] 45610K->31624K(59392K), 0.0012140 secs] [Times: user=0.01 sys=0.00, real=0.00 secs] 
159.733: Total time for which application threads were stopped: 0.0022400 seconds, Stopping threads took: 0.0009500 seconds
159.737: Application time: 0.0042410 seconds
159.738: [GC159.738: [ParNew: 17266K->1440K(18432K), 0.0007750 secs] 47421K->32379K(59392K), 0.0008090 secs] [Times: user=0.01 sys=0.00, real=0.00 secs] 
159.739: Total time for which application threads were stopped: 0.0018080 seconds, Stopping threads took: 0.0009410 seconds
159.743: Application time: 0.0038910 seconds
159.743: [GC159.743: [ParNew: 17260K->1438K(18432K), 0.0007300 secs] 48199K->33107K(59392K), 0.0007540 secs] [Times: user=0.01 sys=0.00, real=0.00 secs] 
159.744: Total time for which application threads were stopped: 0.0012850 seconds, Stopping threads took: 0.0004800 seconds
159.748: Application time: 0.0040980 seconds
159.748: [GC159.748: [ParNew: 17146K->1439K(18432K), 0.0021330 secs] 48816K->38096K(59392K), 0.0021700 secs] [Times: user=0.01 sys=0.00, real=0.00 secs] 
159.750: Total time for which application threads were stopped: 0.0024380 seconds, Stopping threads took: 0.0002030 seconds
159.754: Application time: 0.0037410 seconds
159.754: [GC159.754: [ParNew: 17122K->17122K(18432K), 0.0000100 secs]159.754: [Tenured: 36657K->22290K(40960K), 0.0092060 secs] 53779K->22290K(59392K), [Perm : 6105K->6105K(21248K)], 0.0092630 secs] [Times: user=0.01 sys=0.00, real=0.01 secs] 
159.764: Total time for which application threads were stopped: 0.0096050 seconds, Stopping threads took: 0.0002750 seconds
159.768: Application time: 0.0042300 seconds
159.768: [GC159.768: [ParNew: 15689K->1435K(18432K), 0.0007910 secs] 37980K->24438K(59392K), 0.0008210 secs] [Times: user=0.01 sys=0.00, real=0.00 secs] 
159.769: Total time for which application threads were stopped: 0.0009690 seconds, Stopping threads took: 0.0000950 seconds
159.773: Application time: 0.0037720 seconds
159.773: [GC159.773: [ParNew: 17120K->1427K(18432K), 0.0016860 secs] 40123K->28032K(59392K), 0.0017310 secs] [Times: user=0.01 sys=0.00, real=0.01 secs] 
159.775: Total time for which application threads were stopped: 0.0019220 seconds, Stopping threads took: 0.0001290 seconds
159.778: Application time: 0.0037400 seconds
159.779: [GC159.779: [ParNew: 17115K->1431K(18432K), 0.0017390 secs] 43721K->31607K(59392K), 0.0017770 secs] [Times: user=0.01 sys=0.00, real=0.00 secs] 
159.780: Total time for which application threads were stopped: 0.0020440 seconds, Stopping threads took: 0.0002040 seconds
159.784: Application time: 0.0032620 seconds
159.784: [GC159.784: [ParNew: 17114K->1427K(18432K), 0.0013550 secs] 47291K->34501K(59392K), 0.0013880 secs] [Times: user=0.02 sys=0.00, real=0.00 secs] 
159.785: Total time for which application threads were stopped: 0.0015420 seconds, Stopping threads took: 0.0000960 seconds
159.789: Application time: 0.0036380 seconds
159.790: [GC159.790: [ParNew: 17110K->1425K(18432K), 0.0007340 secs] 50185K->35212K(59392K), 0.0007620 secs] [Times: user=0.00 sys=0.00, real=0.00 secs] 
159.790: Total time for which application threads were stopped: 0.0013960 seconds, Stopping threads took: 0.0005800 seconds
159.794: Application time: 0.0034250 seconds
159.794: [GC159.794: [ParNew: 17113K->1433K(18432K), 0.0009910 secs] 50900K->36645K(59392K), 0.0010230 secs] [Times: user=0.01 sys=0.00, real=0.00 secs] 
159.795: Total time for which application threads were stopped: 0.0014010 seconds, Stopping threads took: 0.0003190 seconds
159.799: Application time: 0.0038290 seconds
159.799: [GC159.799: [ParNew: 17114K->17114K(18432K), 0.0000100 secs]159.799: [Tenured: 35212K->23714K(40960K), 0.0094670 secs] 52327K->23714K(59392K), [Perm : 6105K->6105K(21248K)], 0.0095220 secs] [Times: user=0.01 sys=0.00, real=0.01 secs] 
159.809: Total time for which application threads were stopped: 0.0097820 seconds, Stopping threads took: 0.0001940 seconds
159.813: Application time: 0.0040300 seconds
159.813: [GC159.813: [ParNew: 15689K->1439K(18432K), 0.0014470 secs] 39404K->28003K(59392K), 0.0014790 secs] [Times: user=0.01 sys=0.00, real=0.01 secs] 
159.814: Total time for which application threads were stopped: 0.0016500 seconds, Stopping threads took: 0.0001120 seconds
159.822: Application time: 0.0071640 seconds
159.822: [GC159.822: [ParNew: 17135K->1441K(18432K), 0.0013410 secs] 43699K->30175K(59392K), 0.0013790 secs] [Times: user=0.00 sys=0.00, real=0.01 secs] 
159.823: Total time for which application threads were stopped: 0.0015780 seconds, Stopping threads took: 0.0001370 seconds
159.829: Application time: 0.0062700 seconds
159.830: [GC159.830: [ParNew: 17123K->1425K(18432K), 0.0013280 secs] 45857K->33065K(59392K), 0.0013600 secs] [Times: user=0.01 sys=0.00, real=0.00 secs] 
159.832: Total time for which application threads were stopped: 0.0022050 seconds, Stopping threads took: 0.0007850 seconds
159.839: Application time: 0.0072160 seconds
159.839: [GC159.839: [ParNew: 17107K->1425K(18432K), 0.0013500 secs] 48747K->35202K(59392K), 0.0013800 secs] [Times: user=0.01 sys=0.00, real=0.00 secs] 
159.840: Total time for which application threads were stopped: 0.0015370 seconds, Stopping threads took: 0.0000980 seconds
159.845: Application time: 0.0041580 seconds
159.845: [GC159.845: [ParNew: 17114K->1437K(18432K), 0.0008550 secs] 50891K->35927K(59392K), 0.0008820 secs] [Times: user=0.00 sys=0.00, real=0.00 secs] 
159.846: Total time for which application threads were stopped: 0.0010390 seconds, Stopping threads took: 0.0001000 seconds
159.850: Application time: 0.0041880 seconds
159.850: [GC159.850: [ParNew: 17116K->712K(18432K), 0.0006600 secs] 51606K->35939K(59392K), 0.0006910 secs] [Times: user=0.00 sys=0.01, real=0.00 secs] 
159.851: Total time for which application threads were stopped: 0.0008630 seconds, Stopping threads took: 0.0001150 seconds
159.886: Application time: 0.0354560 seconds
159.886: [GC159.886: [ParNew (promotion failed): 16438K->17189K(18432K), 0.0022300 secs]159.888: [Tenured: 40926K->21575K(40960K), 0.0106770 secs] 51665K->21575K(59392K), [Perm : 6105K->6105K(21248K)], 0.0129630 secs] [Times: user=0.02 sys=0.00, real=0.01 secs] 
159.899: Total time for which application threads were stopped: 0.0131030 seconds, Stopping threads took: 0.0000710 seconds
159.906: Application time: 0.0066750 seconds
159.907: [GC159.907: [ParNew: 15681K->1425K(18432K), 0.0013540 secs] 37257K->25851K(59392K), 0.0013890 secs] [Times: user=0.01 sys=0.00, real=0.00 secs] 
159.908: Total time for which application threads were stopped: 0.0021050 seconds, Stopping threads took: 0.0006360 seconds
159.916: Application time: 0.0075370 seconds
159.916: [GC159.916: [ParNew: 17108K->1439K(18432K), 0.0010510 secs] 41534K->27290K(59392K), 0.0010850 secs] [Times: user=0.01 sys=0.00, real=0.00 secs] 
159.917: Total time for which application threads were stopped: 0.0012150 seconds, Stopping threads took: 0.0000690 seconds
159.921: Application time: 0.0044920 seconds
159.922: [GC159.922: [ParNew: 17116K->712K(18432K), 0.0007570 secs] 42967K->27300K(59392K), 0.0007880 secs] [Times: user=0.01 sys=0.00, real=0.00 secs] 
159.923: Total time for which application threads were stopped: 0.0017180 seconds, Stopping threads took: 0.0008720 seconds
159.940: Application time: 0.0171950 seconds
159.940: [GC159.940: [ParNew: 16402K->1437K(18432K), 0.0018530 secs] 42989K->32299K(59392K), 0.0018910 secs] [Times: user=0.02 sys=0.00, real=0.01 secs] 
159.942: Total time for which application threads were stopped: 0.0020650 seconds, Stopping threads took: 0.0001040 seconds
159.948: Application time: 0.0062340 seconds
159.949: [GC159.949: [ParNew: 17117K->1425K(18432K), 0.0010200 secs] 47980K->33744K(59392K), 0.0010480 secs] [Times: user=0.01 sys=0.00, real=0.00 secs] 
159.950: Total time for which application threads were stopped: 0.0013850 seconds, Stopping threads took: 0.0002840 seconds
159.956: Application time: 0.0061890 seconds
159.956: [GC159.956: [ParNew: 17106K->1425K(18432K), 0.0015010 secs] 49426K->36594K(59392K), 0.0015320 secs] [Times: user=0.01 sys=0.00, real=0.00 secs] 
159.958: Total time for which application threads were stopped: 0.0017000 seconds, Stopping threads took: 0.0001090 seconds
159.963: Application time: 0.0050430 seconds
159.963: [GC159.963: [ParNew: 17114K->1433K(18432K), 0.0009130 secs] 52283K->37315K(59392K), 0.0009430 secs] [Times: user=0.01 sys=0.00, real=0.00 secs] 
159.964: Total time for which application threads were stopped: 0.0011330 seconds, Stopping threads took: 0.0001110 seconds
159.968: Application time: 0.0041960 seconds
159.968: [GC159.968: [ParNew: 17114K->17114K(18432K), 0.0000090 secs]159.968: [Tenured: 35882K->23685K(40960K), 0.0103650 secs] 52996K->23685K(59392K), [Perm : 6105K->6105K(21248K)], 0.0104180 secs] [Times: user=0.01 sys=0.00, real=0.01 secs] 
159.979: Total time for which application threads were stopped: 0.0107280 seconds, Stopping threads took: 0.0002430 seconds
160.019: Application time: 0.0404740 seconds
160.019: [GC160.019: [ParNew: 15692K->1435K(18432K), 0.0024140 secs] 39377K->32245K(59392K), 0.0024530 secs] [Times: user=0.02 sys=0.00, real=0.00 secs] 
160.022: Total time for which application threads were stopped: 0.0026280 seconds, Stopping threads took: 0.0001120 seconds
160.096: Application time: 0.0737340 seconds
160.096: [GC160.096: [ParNew (promotion failed): 17126K->17118K(18432K), 0.0035050 secs]160.099: [Tenured: 40817K->23685K(40960K), 0.0091830 secs] 47937K->23685K(59392K), [Perm : 6105K->6105K(21248K)], 0.0127520 secs] [Times: user=0.03 sys=0.00, real=0.01 secs] 
160.109: Total time for which application threads were stopped: 0.0128780 seconds, Stopping threads took: 0.0000560 seconds
160.166: Application time: 0.0578850 seconds
160.167: [GC160.167: [ParNew: 15691K->1425K(18432K), 0.0046200 secs] 39376K->39360K(59392K), 0.0046580 secs] [Times: user=0.04 sys=0.00, real=0.00 secs] 
160.171: Total time for which application threads were stopped: 0.0048130 seconds, Stopping threads took: 0.0000910 seconds
160.244: Application time: 0.0731110 seconds
160.244: [GC160.245: [ParNew: 17122K->17122K(18432K), 0.0000100 secs]160.245: [Tenured: 37935K->25111K(40960K), 0.0092600 secs] 55058K->25111K(59392K), [Perm : 6105K->6105K(21248K)], 0.0093270 secs] [Times: user=0.00 sys=0.00, real=0.00 secs] 
160.254: Total time for which application threads were stopped: 0.0094610 seconds, Stopping threads took: 0.0000630 seconds
160.328: Application time: 0.0738850 seconds
160.328: [GC160.328: [ParNew: 15691K->1427K(18432K), 0.0043530 secs] 40802K->40075K(59392K), 0.0043960 secs] [Times: user=0.03 sys=0.00, real=0.00 secs] 
160.332: Total time for which application threads were stopped: 0.0045890 seconds, Stopping threads took: 0.0001260 seconds
160.387: Application time: 0.0550660 seconds
160.388: [GC160.388: [ParNew: 17118K->17118K(18432K), 0.0000120 secs]160.388: [Tenured: 38648K->25111K(40960K), 0.0107970 secs] 55767K->25111K(59392K), [Perm : 6105K->6105K(21248K)], 0.0108590 secs] [Times: user=0.01 sys=0.00, real=0.01 secs] 
160.398: Total time for which application threads were stopped: 0.0110210 seconds, Stopping threads took: 0.0000930 seconds
160.470: Application time: 0.0714970 seconds
160.470: [GC160.470: [ParNew: 15691K->1425K(18432K), 0.0045470 secs] 40802K->40786K(59392K), 0.0045910 secs] [Times: user=0.04 sys=0.00, real=0.01 secs] 
160.475: Total time for which application threads were stopped: 0.0047660 seconds, Stopping threads took: 0.0000910 seconds
160.549: Application time: 0.0738730 seconds
160.549: [GC160.549: [ParNew: 17116K->17116K(18432K), 0.0000110 secs]160.549: [Tenured: 39361K->24397K(40960K), 0.0109280 secs] 56477K->24397K(59392K), [Perm : 6105K->6105K(21248K)], 0.0109870 secs] [Times: user=0.01 sys=0.00, real=0.01 secs] 
160.560: Total time for which application threads were stopped: 0.0111220 seconds, Stopping threads took: 0.0000660 seconds
160.625: Application time: 0.0653420 seconds
160.625: [GC160.625: [ParNew: 15691K->1425K(18432K), 0.0045050 secs] 40089K->40073K(59392K), 0.0045470 secs] [Times: user=0.04 sys=0.00, real=0.00 secs] 
160.630: Total time for which application threads were stopped: 0.0046780 seconds, Stopping threads took: 0.0000690 seconds
160.695: Application time: 0.0656570 seconds
160.695: [GC160.695: [ParNew: 17116K->17116K(18432K), 0.0000090 secs]160.695: [Tenured: 38648K->25110K(40960K), 0.0091710 secs] 55764K->25110K(59392K), [Perm : 6105K->6105K(21248K)], 0.0092310 secs] [Times: user=0.01 sys=0.00, real=0.01 secs] 
160.705: Total time for which application threads were stopped: 0.0093680 seconds, Stopping threads took: 0.0000660 seconds
160.779: Application time: 0.0737770 seconds
160.779: [GC160.779: [ParNew: 15704K->1433K(18432K), 0.0043970 secs] 40814K->40081K(59392K), 0.0044380 secs] [Times: user=0.04 sys=0.00, real=0.01 secs] 
160.783: Total time for which application threads were stopped: 0.0046090 seconds, Stopping threads took: 0.0001070 seconds
160.844: Application time: 0.0605980 seconds
160.844: [GC160.844: [ParNew: 17143K->17143K(18432K), 0.0000110 secs]160.844: [Tenured: 38648K->25826K(40960K), 0.0109150 secs] 55791K->25826K(59392K), [Perm : 6105K->6105K(21248K)], 0.0109750 secs] [Times: user=0.01 sys=0.00, real=0.01 secs] 
160.855: Total time for which application threads were stopped: 0.0111500 seconds, Stopping threads took: 0.0001060 seconds
160.929: Application time: 0.0743220 seconds
160.929: [GC160.929: [ParNew: 15695K->15695K(18432K), 0.0000100 secs]160.929: [Tenured: 25826K->28677K(40960K), 0.0112920 secs] 41522K->28677K(59392K), [Perm : 6105K->6105K(21248K)], 0.0113520 secs] [Times: user=0.01 sys=0.00, real=0.01 secs] 
160.941: Total time for which application threads were stopped: 0.0115140 seconds, Stopping threads took: 0.0000920 seconds
161.015: Application time: 0.0738410 seconds
161.015: [GC161.015: [ParNew: 15697K->15697K(18432K), 0.0000110 secs]161.015: [Tenured: 28677K->28672K(40960K), 0.0107030 secs] 44375K->28672K(59392K), [Perm : 6105K->6105K(21248K)], 0.0107610 secs] [Times: user=0.01 sys=0.00, real=0.01 secs] 
161.025: Total time for which application threads were stopped: 0.0109040 seconds, Stopping threads took: 0.0000660 seconds
161.079: Application time: 0.0534290 seconds
161.079: [GC161.079: [ParNew: 15691K->15691K(18432K), 0.0000110 secs]161.079: [Tenured: 28672K->29385K(40960K), 0.0099970 secs] 44364K->29385K(59392K), [Perm : 6105K->6105K(21248K)], 0.0100660 secs] [Times: user=0.01 sys=0.00, real=0.01 secs] 
161.089: Total time for which application threads were stopped: 0.0102030 seconds, Stopping threads took: 0.0000670 seconds
161.160: Application time: 0.0711700 seconds
161.160: [GC161.160: [ParNew: 15691K->15691K(18432K), 0.0000100 secs]161.160: [Tenured: 29385K->30097K(40960K), 0.0095080 secs] 45076K->30097K(59392K), [Perm : 6105K->6105K(21248K)], 0.0095800 secs] [Times: user=0.01 sys=0.00, real=0.01 secs] 
161.170: Total time for which application threads were stopped: 0.0098070 seconds, Stopping threads took: 0.0001420 seconds
161.244: Application time: 0.0735640 seconds
161.244: [GC161.244: [ParNew: 15698K->15698K(18432K), 0.0000110 secs]161.244: [Tenured: 30097K->30098K(40960K), 0.0108510 secs] 45795K->30098K(59392K), [Perm : 6105K->6105K(21248K)], 0.0109130 secs] [Times: user=0.01 sys=0.00, real=0.01 secs] 
161.255: Total time for which application threads were stopped: 0.0111680 seconds, Stopping threads took: 0.0001650 seconds
161.318: Application time: 0.0632620 seconds
161.318: [GC161.318: [ParNew: 15689K->15689K(18432K), 0.0000110 secs]161.318: [Tenured: 30098K->29385K(40960K), 0.0122330 secs] 45788K->29385K(59392K), [Perm : 6105K->6105K(21248K)], 0.0122940 secs] [Times: user=0.01 sys=0.00, real=0.01 secs] 
161.331: Total time for which application threads were stopped: 0.0125320 seconds, Stopping threads took: 0.0001680 seconds
161.401: Application time: 0.0700610 seconds
161.401: [GC161.401: [ParNew: 15689K->15689K(18432K), 0.0000110 secs]161.401: [Tenured: 29385K->29385K(40960K), 0.0100790 secs] 45074K->29385K(59392K), [Perm : 6105K->6105K(21248K)], 0.0101380 secs] [Times: user=0.01 sys=0.00, real=0.01 secs] 
161.411: Total time for which application threads were stopped: 0.0102810 seconds, Stopping threads took: 0.0000730 seconds
161.464: Application time: 0.0529920 seconds
161.464: [GC161.464: [ParNew: 15689K->15689K(18432K), 0.0000110 secs]161.464: [Tenured: 29385K->29385K(40960K), 0.0109640 secs] 45075K->29385K(59392K), [Perm : 6105K->6105K(21248K)], 0.0110250 secs] [Times: user=0.01 sys=0.00, real=0.01 secs] 
161.475: Total time for which application threads were stopped: 0.0113170 seconds, Stopping threads took: 0.0002210 seconds
161.550: Application time: 0.0742710 seconds
161.550: [GC161.550: [ParNew: 15689K->15689K(18432K), 0.0000100 secs]161.550: [Tenured: 29385K->29385K(40960K), 0.0098930 secs] 45075K->29385K(59392K), [Perm : 6105K->6105K(21248K)], 0.0099530 secs] [Times: user=0.01 sys=0.00, real=0.01 secs] 
161.560: Total time for which application threads were stopped: 0.0101020 seconds, Stopping threads took: 0.0000650 seconds
161.624: Application time: 0.0645700 seconds
161.624: [GC161.624: [ParNew: 15689K->15689K(18432K), 0.0000100 secs]161.624: [Tenured: 29385K->29385K(40960K), 0.0097930 secs] 45075K->29385K(59392K), [Perm : 6105K->6105K(21248K)], 0.0098530 secs] [Times: user=0.01 sys=0.00, real=0.01 secs] 
161.634: Total time for which application threads were stopped: 0.0100700 seconds, Stopping threads took: 0.0001370 seconds
161.696: Application time: 0.0615890 seconds
161.696: [GC161.696: [ParNew: 15689K->15689K(18432K), 0.0000100 secs]161.696: [Tenured: 29385K->29385K(40960K), 0.0101690 secs] 45075K->29385K(59392K), [Perm : 6105K->6105K(21248K)], 0.0102240 secs] [Times: user=0.01 sys=0.00, real=0.01 secs] 
161.706: Total time for which application threads were stopped: 0.0104910 seconds, Stopping threads took: 0.0001870 seconds
161.779: Application time: 0.0728760 seconds
161.780: [GC161.780: [ParNew: 15689K->15689K(18432K), 0.0000110 secs]161.780: [Tenured: 29385K->29385K(40960K), 0.0109660 secs] 45075K->29385K(59392K), [Perm : 6105K->6105K(21248K)], 0.0110260 secs] [Times: user=0.02 sys=0.00, real=0.01 secs] 
161.791: Total time for which application threads were stopped: 0.0113220 seconds, Stopping threads took: 0.0002170 seconds
161.860: Application time: 0.0691020 seconds
161.860: [GC161.860: [ParNew: 15707K->15707K(18432K), 0.0000110 secs]161.860: [Tenured: 29385K->27248K(40960K), 0.0106450 secs] 45092K->27248K(59392K), [Perm : 6105K->6105K(21248K)], 0.0107050 secs] [Times: user=0.01 sys=0.00, real=0.01 secs] 
161.871: Total time for which application threads were stopped: 0.0108490 seconds, Stopping threads took: 0.0000740 seconds
161.915: Application time: 0.0443350 seconds
161.915: [GC161.915: [ParNew: 15722K->15722K(18432K), 0.0000100 secs]161.915: [Tenured: 27248K->21547K(40960K), 0.0105960 secs] 42970K->21547K(59392K), [Perm : 6105K->6105K(21248K)], 0.0106530 secs] [Times: user=0.01 sys=0.00, real=0.01 secs] 
161.926: Total time for which application threads were stopped: 0.0107820 seconds, Stopping threads took: 0.0000590 seconds
161.976: Application time: 0.0503570 seconds
161.976: [GC161.976: [ParNew: 15689K->1427K(18432K), 0.0038130 secs] 37237K->34375K(59392K), 0.0038510 secs] [Times: user=0.02 sys=0.00, real=0.00 secs] 
161.980: Total time for which application threads were stopped: 0.0040330 seconds, Stopping threads took: 0.0001090 seconds
162.038: Application time: 0.0580960 seconds
162.038: [GC162.038: [ParNew: 17123K->17123K(18432K), 0.0000100 secs]162.038: [Tenured: 32948K->25111K(40960K), 0.0103110 secs] 50072K->25111K(59392K), [Perm : 6105K->6105K(21248K)], 0.0103720 secs] [Times: user=0.01 sys=0.00, real=0.01 secs] 
162.049: Total time for which application threads were stopped: 0.0105010 seconds, Stopping threads took: 0.0000610 seconds
162.096: Application time: 0.0474880 seconds
162.096: [GC162.096: [ParNew: 15687K->1427K(18432K), 0.0035180 secs] 40799K->37226K(59392K), 0.0035560 secs] [Times: user=0.02 sys=0.00, real=0.00 secs] 
162.100: Total time for which application threads were stopped: 0.0036950 seconds, Stopping threads took: 0.0000660 seconds
162.143: Application time: 0.0431450 seconds
162.143: [GC162.143: [ParNew: 17115K->17115K(18432K), 0.0000100 secs]162.143: [Tenured: 35799K->25824K(40960K), 0.0099620 secs] 52915K->25824K(59392K), [Perm : 6105K->6105K(21248K)], 0.0100250 secs] [Times: user=0.01 sys=0.00, real=0.00 secs] 
162.153: Total time for which application threads were stopped: 0.0102200 seconds, Stopping threads took: 0.0001230 seconds
162.220: Application time: 0.0664800 seconds
162.220: [GC162.220: [ParNew: 15694K->15694K(18432K), 0.0000260 secs]162.221: [Tenured: 25824K->25112K(40960K), 0.0103930 secs] 41519K->25112K(59392K), [Perm : 6105K->6105K(21248K)], 0.0119520 secs] [Times: user=0.01 sys=0.00, real=0.01 secs] 
162.232: Total time for which application threads were stopped: 0.0120940 seconds, Stopping threads took: 0.0000710 seconds
162.271: Application time: 0.0389200 seconds
162.271: [GC162.271: [ParNew: 15688K->1425K(18432K), 0.0038820 secs] 40801K->37226K(59392K), 0.0039250 secs] [Times: user=0.02 sys=0.01, real=0.01 secs] 
162.275: Total time for which application threads were stopped: 0.0041030 seconds, Stopping threads took: 0.0001140 seconds
162.327: Application time: 0.0526270 seconds
162.328: [GC162.328: [ParNew: 17113K->17113K(18432K), 0.0000100 secs]162.328: [Tenured: 35801K->24398K(40960K), 0.0102140 secs] 52914K->24398K(59392K), [Perm : 6105K->6105K(21248K)], 0.0102730 secs] [Times: user=0.01 sys=0.00, real=0.01 secs] 
162.338: Total time for which application threads were stopped: 0.0104620 seconds, Stopping threads took: 0.0001190 seconds
162.395: Application time: 0.0574890 seconds
162.396: [GC162.396: [ParNew: 15688K->1425K(18432K), 0.0037360 secs] 40087K->36512K(59392K), 0.0037790 secs] [Times: user=0.03 sys=0.00, real=0.00 secs] 
162.399: Total time for which application threads were stopped: 0.0039930 seconds, Stopping threads took: 0.0001380 seconds
162.456: Application time: 0.0569390 seconds
162.456: [GC162.456: [ParNew: 17113K->17113K(18432K), 0.0000100 secs]162.456: [Tenured: 35087K->24399K(40960K), 0.0091530 secs] 52201K->24399K(59392K), [Perm : 6105K->6105K(21248K)], 0.0092120 secs] [Times: user=0.01 sys=0.00, real=0.01 secs] 
162.466: Total time for which application threads were stopped: 0.0093640 seconds, Stopping threads took: 0.0000750 seconds
162.500: Application time: 0.0344420 seconds
162.500: [GC162.500: [ParNew: 15688K->1425K(18432K), 0.0035820 secs] 40087K->36512K(59392K), 0.0036230 secs] [Times: user=0.03 sys=0.00, real=0.01 secs] 
162.504: Total time for which application threads were stopped: 0.0038050 seconds, Stopping threads took: 0.0001170 seconds
162.563: Application time: 0.0589710 seconds
162.563: [GC162.563: [ParNew: 17113K->17113K(18432K), 0.0000090 secs]162.563: [Tenured: 35087K->24399K(40960K), 0.0099640 secs] 52201K->24399K(59392K), [Perm : 6105K->6105K(21248K)], 0.0100190 secs] [Times: user=0.01 sys=0.00, real=0.00 secs] 
162.573: Total time for which application threads were stopped: 0.0101500 seconds, Stopping threads took: 0.0000600 seconds
162.628: Application time: 0.0551240 seconds
162.628: [GC162.628: [ParNew: 15688K->1425K(18432K), 0.0035390 secs] 40088K->36513K(59392K), 0.0035790 secs] [Times: user=0.03 sys=0.00, real=0.00 secs] 
162.632: Total time for which application threads were stopped: 0.0037180 seconds, Stopping threads took: 0.0000650 seconds
162.680: Application time: 0.0480060 seconds
162.680: [GC162.680: [ParNew: 17114K->17114K(18432K), 0.0000100 secs]162.680: [Tenured: 35088K->24399K(40960K), 0.0099610 secs] 52202K->24399K(59392K), [Perm : 6105K->6105K(21248K)], 0.0100300 secs] [Times: user=0.01 sys=0.00, real=0.01 secs] 
162.690: Total time for which application threads were stopped: 0.0101670 seconds, Stopping threads took: 0.0000660 seconds
162.735: Application time: 0.0452200 seconds
162.735: [GC162.735: [ParNew: 15688K->1425K(18432K), 0.0036740 secs] 40088K->36513K(59392K), 0.0037160 secs] [Times: user=0.02 sys=0.00, real=0.00 secs] 
162.739: Total time for which application threads were stopped: 0.0038460 seconds, Stopping threads took: 0.0000640 seconds
162.802: Application time: 0.0628970 seconds
162.802: [GC162.802: [ParNew: 17114K->17114K(18432K), 0.0000100 secs]162.802: [Tenured: 35088K->24399K(40960K), 0.0098250 secs] 52202K->24399K(59392K), [Perm : 6105K->6105K(21248K)], 0.0098840 secs] [Times: user=0.01 sys=0.00, real=0.00 secs] 
162.812: Total time for which application threads were stopped: 0.0100420 seconds, Stopping threads took: 0.0000800 seconds
162.853: Application time: 0.0409650 seconds
162.853: [GC162.853: [ParNew: 15702K->1435K(18432K), 0.0037560 secs] 40102K->36524K(59392K), 0.0038010 secs] [Times: user=0.03 sys=0.00, real=0.01 secs] 
162.857: Total time for which application threads were stopped: 0.0040020 seconds, Stopping threads took: 0.0001350 seconds
162.906: Application time: 0.0484890 seconds
162.906: [GC162.906: [ParNew: 17143K->17143K(18432K), 0.0000100 secs]162.906: [Tenured: 35088K->25116K(40960K), 0.0094690 secs] 52232K->25116K(59392K), [Perm : 6105K->6105K(21248K)], 0.0095270 secs] [Times: user=0.01 sys=0.00, real=0.01 secs] 
162.915: Total time for which application threads were stopped: 0.0098200 seconds, Stopping threads took: 0.0002160 seconds
162.984: Application time: 0.0682840 seconds
162.984: [GC162.984: [ParNew: 15695K->1435K(18432K), 0.0039330 secs] 40812K->37240K(59392K), 0.0039770 secs] [Times: user=0.03 sys=0.00, real=0.00 secs] 
162.988: Total time for which application threads were stopped: 0.0041680 seconds, Stopping threads took: 0.0001080 seconds
163.027: Application time: 0.0391560 seconds
163.027: [GC163.027: [ParNew: 17124K->17124K(18432K), 0.0000100 secs]163.027: [Tenured: 35805K->28680K(40960K), 0.0107040 secs] 52929K->28680K(59392K), [Perm : 6105K->6105K(21248K)], 0.0107630 secs] [Times: user=0.01 sys=0.00, real=0.01 secs] 
163.038: Total time for which application threads were stopped: 0.0108880 seconds, Stopping threads took: 0.0000540 seconds
163.082: Application time: 0.0436880 seconds
163.082: [GC163.082: [ParNew: 15695K->15695K(18432K), 0.0000100 secs]163.082: [Tenured: 28680K->29393K(40960K), 0.0095720 secs] 44375K->29393K(59392K), [Perm : 6105K->6105K(21248K)], 0.0096310 secs] [Times: user=0.01 sys=0.00, real=0.01 secs] 
163.091: Total time for which application threads were stopped: 0.0098970 seconds, Stopping threads took: 0.0001700 seconds
163.157: Application time: 0.0658190 seconds
163.157: [GC163.157: [ParNew: 15688K->15688K(18432K), 0.0000100 secs]163.157: [Tenured: 29393K->29387K(40960K), 0.0109770 secs] 45082K->29387K(59392K), [Perm : 6105K->6105K(21248K)], 0.0110360 secs] [Times: user=0.01 sys=0.00, real=0.01 secs] 
163.169: Total time for which application threads were stopped: 0.0112290 seconds, Stopping threads took: 0.0000940 seconds
163.208: Application time: 0.0398740 seconds
163.208: [GC163.209: [ParNew: 15688K->15688K(18432K), 0.0000110 secs]163.209: [Tenured: 29387K->30100K(40960K), 0.0101830 secs] 45076K->30100K(59392K), [Perm : 6105K->6105K(21248K)], 0.0102430 secs] [Times: user=0.01 sys=0.00, real=0.01 secs] 
163.219: Total time for which application threads were stopped: 0.0103860 seconds, Stopping threads took: 0.0000720 seconds
163.250: Application time: 0.0315930 seconds
163.251: [GC163.251: [ParNew: 15715K->15715K(18432K), 0.0000110 secs]163.251: [Tenured: 30100K->29416K(40960K), 0.0097260 secs] 45815K->29416K(59392K), [Perm : 6105K->6105K(21248K)], 0.0097890 secs] [Times: user=0.01 sys=0.00, real=0.01 secs] 
163.261: Total time for which application threads were stopped: 0.0108240 seconds, Stopping threads took: 0.0009510 seconds
163.268: Application time: 0.0070270 seconds
163.268: [GC163.268: [ParNew: 15679K->15679K(18432K), 0.0000120 secs]163.268: [Tenured: 29416K->30842K(40960K), 0.0106970 secs] 45096K->30842K(59392K), [Perm : 6105K->6105K(21248K)], 0.0107600 secs] [Times: user=0.01 sys=0.00, real=0.01 secs] 
163.279: Total time for which application threads were stopped: 0.0109990 seconds, Stopping threads took: 0.0001460 seconds
163.285: Application time: 0.0059930 seconds
163.285: [GC163.285: [ParNew: 15683K->15683K(18432K), 0.0000110 secs]163.285: [Tenured: 30842K->29387K(40960K), 0.0113930 secs] 46525K->29387K(59392K), [Perm : 6105K->6105K(21248K)], 0.0114550 secs] [Times: user=0.01 sys=0.00, real=0.01 secs] 
163.297: Total time for which application threads were stopped: 0.0116230 seconds, Stopping threads took: 0.0000930 seconds
163.301: Application time: 0.0043280 seconds
163.301: [GC163.301: [ParNew: 15679K->15679K(18432K), 0.0000110 secs]163.301: [Tenured: 29387K->29387K(40960K), 0.0098220 secs] 45067K->29387K(59392K), [Perm : 6105K->6105K(21248K)], 0.0098830 secs] [Times: user=0.01 sys=0.00, real=0.01 secs] 
163.311: Total time for which application threads were stopped: 0.0100300 seconds, Stopping threads took: 0.0000760 seconds
163.319: Application time: 0.0074070 seconds
163.319: [GC163.319: [ParNew: 15690K->15690K(18432K), 0.0000110 secs]163.319: [Tenured: 29387K->27249K(40960K), 0.0103260 secs] 45077K->27249K(59392K), [Perm : 6105K->6105K(21248K)], 0.0103880 secs] [Times: user=0.01 sys=0.00, real=0.01 secs] 
163.329: Total time for which application threads were stopped: 0.0106740 seconds, Stopping threads took: 0.0002120 seconds
163.336: Application time: 0.0063600 seconds
163.336: [GC163.336: [ParNew: 15681K->15681K(18432K), 0.0000110 secs]163.336: [Tenured: 27249K->28674K(40960K), 0.0072410 secs] 42931K->28674K(59392K), [Perm : 6105K->6105K(21248K)], 0.0073000 secs] [Times: user=0.01 sys=0.00, real=0.01 secs] 
163.344: Total time for which application threads were stopped: 0.0081420 seconds, Stopping threads took: 0.0007620 seconds
163.350: Application time: 0.0057800 seconds
163.350: [GC163.350: [ParNew: 15688K->15688K(18432K), 0.0000110 secs]163.350: [Tenured: 28674K->29387K(40960K), 0.0098300 secs] 44363K->29387K(59392K), [Perm : 6105K->6105K(21248K)], 0.0098910 secs] [Times: user=0.01 sys=0.00, real=0.01 secs] 
163.360: Total time for which application threads were stopped: 0.0101200 seconds, Stopping threads took: 0.0001570 seconds
163.364: Application time: 0.0041520 seconds
163.364: [GC163.364: [ParNew: 15680K->15680K(18432K), 0.0000110 secs]163.364: [Tenured: 29387K->30100K(40960K), 0.0070260 secs] 45067K->30100K(59392K), [Perm : 6105K->6105K(21248K)], 0.0070930 secs] [Times: user=0.00 sys=0.00, real=0.00 secs] 
163.371: Total time for which application threads were stopped: 0.0073030 seconds, Stopping threads took: 0.0001230 seconds
163.375: Application time: 0.0039650 seconds
163.375: [GC163.375: [ParNew: 15680K->15680K(18432K), 0.0000100 secs]163.375: [Tenured: 30100K->27962K(40960K), 0.0094100 secs] 45780K->27962K(59392K), [Perm : 6105K->6105K(21248K)], 0.0094740 secs] [Times: user=0.01 sys=0.00, real=0.01 secs] 
163.385: Total time for which application threads were stopped: 0.0097160 seconds, Stopping threads took: 0.0001510 seconds
163.435: Application time: 0.0504910 seconds
163.436: [GC163.436: [ParNew: 15696K->15696K(18432K), 0.0000110 secs]163.436: [Tenured: 27962K->28674K(40960K), 0.0108090 secs] 43659K->28674K(59392K), [Perm : 6105K->6105K(21248K)], 0.0108710 secs] [Times: user=0.01 sys=0.00, real=0.01 secs] 
163.446: Total time for which application threads were stopped: 0.0111150 seconds, Stopping threads took: 0.0001710 seconds
163.503: Application time: 0.0563550 seconds
163.503: [GC163.503: [ParNew: 15688K->15688K(18432K), 0.0000100 secs]163.503: [Tenured: 28674K->28674K(40960K), 0.0094000 secs] 44363K->28674K(59392K), [Perm : 6105K->6105K(21248K)], 0.0094590 secs] [Times: user=0.01 sys=0.00, real=0.00 secs] 
163.512: Total time for which application threads were stopped: 0.0095880 seconds, Stopping threads took: 0.0000630 seconds
163.555: Application time: 0.0421120 seconds
163.555: [GC163.555: [ParNew: 15690K->15690K(18432K), 0.0000100 secs]163.555: [Tenured: 28674K->28674K(40960K), 0.0101190 secs] 44364K->28674K(59392K), [Perm : 6105K->6105K(21248K)], 0.0101780 secs] [Times: user=0.01 sys=0.00, real=0.01 secs] 
163.565: Total time for which application threads were stopped: 0.0103240 seconds, Stopping threads took: 0.0000760 seconds
163.626: Application time: 0.0607220 seconds
163.626: [GC163.626: [ParNew: 15688K->15688K(18432K), 0.0000110 secs]163.626: [Tenured: 28674K->29386K(40960K), 0.0101890 secs] 44362K->29386K(59392K), [Perm : 6105K->6105K(21248K)], 0.0102510 secs] [Times: user=0.01 sys=0.00, real=0.01 secs] 
163.636: Total time for which application threads were stopped: 0.0104210 seconds, Stopping threads took: 0.0001010 seconds
163.698: Application time: 0.0621400 seconds
163.698: [GC163.698: [ParNew: 15688K->15688K(18432K), 0.0000100 secs]163.698: [Tenured: 29386K->28674K(40960K), 0.0100030 secs] 45074K->28674K(59392K), [Perm : 6105K->6105K(21248K)], 0.0100630 secs] [Times: user=0.01 sys=0.00, real=0.01 secs] 
163.709: Total time for which application threads were stopped: 0.0103960 seconds, Stopping threads took: 0.0002420 seconds
163.762: Application time: 0.0535350 seconds
163.762: [GC163.762: [ParNew: 15689K->15689K(18432K), 0.0000110 secs]163.762: [Tenured: 28674K->28674K(40960K), 0.0107390 secs] 44364K->28674K(59392K), [Perm : 6105K->6105K(21248K)], 0.0108010 secs] [Times: user=0.01 sys=0.00, real=0.00 secs] 
163.773: Total time for which application threads were stopped: 0.0110020 seconds, Stopping threads took: 0.0001090 seconds
163.814: Application time: 0.0409430 seconds
163.814: [GC163.814: [ParNew: 15687K->15687K(18432K), 0.0000100 secs]163.814: [Tenured: 28674K->29386K(40960K), 0.0102260 secs] 44362K->29386K(59392K), [Perm : 6105K->6105K(21248K)], 0.0102860 secs] [Times: user=0.01 sys=0.00, real=0.01 secs] 
163.824: Total time for which application threads were stopped: 0.0104840 seconds, Stopping threads took: 0.0001170 seconds
163.880: Application time: 0.0550810 seconds
163.880: [GC163.880: [ParNew: 15687K->15687K(18432K), 0.0000100 secs]163.880: [Tenured: 29386K->28673K(40960K), 0.0100740 secs] 45074K->28673K(59392K), [Perm : 6105K->6105K(21248K)], 0.0101350 secs] [Times: user=0.01 sys=0.00, real=0.01 secs] 
163.890: Total time for which application threads were stopped: 0.0104340 seconds, Stopping threads took: 0.0002290 seconds
163.947: Application time: 0.0570160 seconds
163.947: [GC163.947: [ParNew: 15689K->15689K(18432K), 0.0000100 secs]163.947: [Tenured: 28673K->28673K(40960K), 0.0100310 secs] 44363K->28673K(59392K), [Perm : 6105K->6105K(21248K)], 0.0100890 secs] [Times: user=0.01 sys=0.00, real=0.01 secs] 
163.957: Total time for which application threads were stopped: 0.0102210 seconds, Stopping threads took: 0.0000650 seconds
163.999: Application time: 0.0419990 seconds
163.999: [GC163.999: [ParNew: 16161K->16161K(18432K), 0.0000110 secs]163.999: [Tenured: 28673K->22276K(40960K), 0.0107690 secs] 44835K->22276K(59392K), [Perm : 6105K->6105K(21248K)], 0.0108290 secs] [Times: user=0.01 sys=0.00, real=0.01 secs] 
164.010: Total time for which application threads were stopped: 0.0110160 seconds, Stopping threads took: 0.0001150 seconds
164.019: Application time: 0.0084960 seconds
164.020: [GC164.020: [ParNew: 15981K->1439K(18432K), 0.0009610 secs] 38257K->24427K(59392K), 0.0009940 secs] [Times: user=0.01 sys=0.00, real=0.00 secs] 
164.021: Total time for which application threads were stopped: 0.0020900 seconds, Stopping threads took: 0.0010080 seconds
164.026: Application time: 0.0047020 seconds
164.026: [GC164.026: [ParNew: 17124K->1437K(18432K), 0.0010480 secs] 40113K->25882K(59392K), 0.0010800 secs] [Times: user=0.01 sys=0.00, real=0.00 secs] 
164.027: Total time for which application threads were stopped: 0.0018740 seconds, Stopping threads took: 0.0007130 seconds
164.032: Application time: 0.0043530 seconds
164.032: [GC164.032: [ParNew: 17122K->1433K(18432K), 0.0008700 secs] 41568K->26631K(59392K), 0.0009000 secs] [Times: user=0.01 sys=0.00, real=0.00 secs] 
164.033: Total time for which application threads were stopped: 0.0010430 seconds, Stopping threads took: 0.0000890 seconds
164.037: Application time: 0.0040320 seconds
164.037: [GC164.037: [ParNew: 17112K->1427K(18432K), 0.0005350 secs] 42310K->26657K(59392K), 0.0005680 secs] [Times: user=0.01 sys=0.00, real=0.00 secs] 
164.038: Total time for which application threads were stopped: 0.0010100 seconds, Stopping threads took: 0.0003820 seconds
164.043: Application time: 0.0046720 seconds
164.043: [GC164.043: [ParNew: 17106K->1429K(18432K), 0.0005520 secs] 42336K->26659K(59392K), 0.0005810 secs] [Times: user=0.01 sys=0.00, real=0.00 secs] 
164.043: Total time for which application threads were stopped: 0.0008720 seconds, Stopping threads took: 0.0002390 seconds
164.048: Application time: 0.0040920 seconds
164.048: [GC164.048: [ParNew: 17123K->1441K(18432K), 0.0009900 secs] 42353K->28096K(59392K), 0.0010210 secs] [Times: user=0.01 sys=0.00, real=0.00 secs] 
164.049: Total time for which application threads were stopped: 0.0015870 seconds, Stopping threads took: 0.0005090 seconds
164.053: Application time: 0.0039380 seconds
164.053: [GC164.053: [ParNew: 17669K->1506K(18432K), 0.0005520 secs] 44325K->28209K(59392K), 0.0005790 secs] [Times: user=0.00 sys=0.00, real=0.00 secs] 
164.054: Total time for which application threads were stopped: 0.0009490 seconds, Stopping threads took: 0.0003200 seconds
164.058: Application time: 0.0042720 seconds
164.062: [GC164.062: [ParNew: 17747K->1451K(18432K), 0.0005750 secs] 44450K->28266K(59392K), 0.0006060 secs] [Times: user=0.01 sys=0.00, real=0.00 secs] 
164.063: Total time for which application threads were stopped: 0.0045270 seconds, Stopping threads took: 0.0038650 seconds
164.067: Application time: 0.0043520 seconds
164.068: [GC164.068: [ParNew: 17432K->1445K(18432K), 0.0011960 secs] 44248K->30414K(59392K), 0.0012300 secs] [Times: user=0.01 sys=0.00, real=0.00 secs] 
164.069: Total time for which application threads were stopped: 0.0017160 seconds, Stopping threads took: 0.0004260 seconds
164.073: Application time: 0.0045340 seconds
164.074: [GC164.074: [ParNew: 17651K->1471K(18432K), 0.0017290 secs] 46620K->34739K(59392K), 0.0017620 secs] [Times: user=0.01 sys=0.00, real=0.00 secs] 
164.076: Total time for which application threads were stopped: 0.0028150 seconds, Stopping threads took: 0.0009930 seconds
164.081: Application time: 0.0043530 seconds
164.081: [GC164.081: [ParNew: 17734K->17734K(18432K), 0.0000100 secs]164.081: [Tenured: 33268K->14550K(40960K), 0.0100510 secs] 51002K->14550K(59392K), [Perm : 6105K->6105K(21248K)], 0.0101200 secs] [Times: user=0.01 sys=0.00, real=0.01 secs] 
164.092: Total time for which application threads were stopped: 0.0109490 seconds, Stopping threads took: 0.0007570 seconds
164.095: Application time: 0.0036020 seconds
164.096: [GC164.096: [ParNew: 15878K->1444K(18432K), 0.0014660 secs] 30428K->18845K(59392K), 0.0015010 secs] [Times: user=0.01 sys=0.00, real=0.00 secs] 
164.098: Total time for which application threads were stopped: 0.0025360 seconds, Stopping threads took: 0.0009660 seconds
164.102: Application time: 0.0044310 seconds
164.103: [GC164.103: [ParNew: 17354K->1444K(18432K), 0.0011000 secs] 34755K->21006K(59392K), 0.0011350 secs] [Times: user=0.01 sys=0.00, real=0.00 secs] 
164.104: Total time for which application threads were stopped: 0.0022160 seconds, Stopping threads took: 0.0010000 seconds
164.109: Application time: 0.0044790 seconds
164.110: [GC164.110: [ParNew: 17213K->1439K(18432K), 0.0015020 secs] 36775K->23859K(59392K), 0.0015390 secs] [Times: user=0.01 sys=0.00, real=0.00 secs] 
164.111: Total time for which application threads were stopped: 0.0024470 seconds, Stopping threads took: 0.0008250 seconds
164.115: Application time: 0.0041090 seconds
164.119: [GC164.119: [ParNew: 17135K->1433K(18432K), 0.0021130 secs] 39556K->28873K(59392K), 0.0021490 secs] [Times: user=0.02 sys=0.00, real=0.00 secs] 
164.121: Total time for which application threads were stopped: 0.0056470 seconds, Stopping threads took: 0.0034350 seconds
164.125: Application time: 0.0037510 seconds
164.126: [GC164.126: [ParNew: 17123K->1425K(18432K), 0.0025700 secs] 44563K->36022K(59392K), 0.0026100 secs] [Times: user=0.02 sys=0.00, real=0.00 secs] 
164.129: Total time for which application threads were stopped: 0.0040790 seconds, Stopping threads took: 0.0014030 seconds
164.133: Application time: 0.0044410 seconds
164.134: [GC164.134: [ParNew: 17117K->17117K(18432K), 0.0000100 secs]164.134: [Tenured: 34597K->17386K(40960K), 0.0092410 secs] 51715K->17386K(59392K), [Perm : 6105K->6105K(21248K)], 0.0093000 secs] [Times: user=0.01 sys=0.00, real=0.01 secs] 
164.144: Total time for which application threads were stopped: 0.0103860 seconds, Stopping threads took: 0.0009990 seconds
164.148: Application time: 0.0045550 seconds
164.149: [GC164.149: [ParNew: 15696K->1435K(18432K), 0.0022400 secs] 33083K->23809K(59392K), 0.0022780 secs] [Times: user=0.01 sys=0.00, real=0.00 secs] 
164.151: Total time for which application threads were stopped: 0.0025990 seconds, Stopping threads took: 0.0002380 seconds
164.155: Application time: 0.0042200 seconds
164.156: [GC164.156: [ParNew: 17123K->1425K(18432K), 0.0015980 secs] 39498K->27410K(59392K), 0.0016360 secs] [Times: user=0.01 sys=0.00, real=0.00 secs] 
164.157: Total time for which application threads were stopped: 0.0021600 seconds, Stopping threads took: 0.0004610 seconds
164.162: Application time: 0.0045950 seconds
164.162: [GC164.162: [ParNew: 17119K->1437K(18432K), 0.0016180 secs] 43104K->30984K(59392K), 0.0016550 secs] [Times: user=0.01 sys=0.01, real=0.00 secs] 
164.164: Total time for which application threads were stopped: 0.0019430 seconds, Stopping threads took: 0.0002270 seconds
164.168: Application time: 0.0038360 seconds
164.169: [GC164.169: [ParNew: 17125K->1425K(18432K), 0.0017620 secs] 46672K->35279K(59392K), 0.0017980 secs] [Times: user=0.01 sys=0.00, real=0.00 secs] 
164.171: Total time for which application threads were stopped: 0.0029770 seconds, Stopping threads took: 0.0011160 seconds
164.175: Application time: 0.0044230 seconds
164.176: [GC164.176: [ParNew: 17113K->17113K(18432K), 0.0000110 secs]164.176: [Tenured: 33854K->23089K(40960K), 0.0083320 secs] 50967K->23089K(59392K), [Perm : 6105K->6105K(21248K)], 0.0083930 secs] [Times: user=0.01 sys=0.00, real=0.01 secs] 
164.184: Total time for which application threads were stopped: 0.0088540 seconds, Stopping threads took: 0.0003960 seconds
164.189: Application time: 0.0047320 seconds
164.189: [GC164.189: [ParNew: 15694K->1437K(18432K), 0.0016080 secs] 38783K->28088K(59392K), 0.0016530 secs] [Times: user=0.01 sys=0.00, real=0.00 secs] 
164.191: Total time for which application threads were stopped: 0.0019690 seconds, Stopping threads took: 0.0002540 seconds
164.195: Application time: 0.0039380 seconds
164.195: [GC164.195: [ParNew: 17133K->1437K(18432K), 0.0019090 secs] 43785K->32372K(59392K), 0.0019460 secs] [Times: user=0.02 sys=0.00, real=0.00 secs] 
164.197: Total time for which application threads were stopped: 0.0026670 seconds, Stopping threads took: 0.0006590 seconds
164.202: Application time: 0.0045150 seconds
164.202: [GC164.202: [ParNew: 17129K->1433K(18432K), 0.0015390 secs] 48064K->35242K(59392K), 0.0015770 secs] [Times: user=0.01 sys=0.00, real=0.01 secs] 
164.204: Total time for which application threads were stopped: 0.0018250 seconds, Stopping threads took: 0.0001770 seconds
164.208: Application time: 0.0045510 seconds
164.209: [GC164.209: [ParNew: 17118K->17118K(18432K), 0.0000100 secs]164.209: [Tenured: 33808K->21548K(40960K), 0.0096200 secs] 50927K->21548K(59392K), [Perm : 6105K->6105K(21248K)], 0.0096760 secs] [Times: user=0.01 sys=0.00, real=0.01 secs] 
164.218: Total time for which application threads were stopped: 0.0100660 seconds, Stopping threads took: 0.0003140 seconds
164.222: Application time: 0.0041060 seconds
164.223: [GC164.223: [ParNew: 15685K->1425K(18432K), 0.0012670 secs] 37234K->25823K(59392K), 0.0013020 secs] [Times: user=0.01 sys=0.00, real=0.00 secs] 
164.224: Total time for which application threads were stopped: 0.0016610 seconds, Stopping threads took: 0.0002950 seconds
164.228: Application time: 0.0044130 seconds
164.229: [GC164.229: [ParNew: 17117K->1439K(18432K), 0.0013970 secs] 41515K->28687K(59392K), 0.0014340 secs] [Times: user=0.01 sys=0.00, real=0.00 secs] 
164.231: Total time for which application threads were stopped: 0.0023850 seconds, Stopping threads took: 0.0008890 seconds
164.235: Application time: 0.0042920 seconds
164.235: [GC164.235: [ParNew: 17124K->1427K(18432K), 0.0010010 secs] 44373K->30148K(59392K), 0.0010290 secs] [Times: user=0.01 sys=0.00, real=0.00 secs] 
164.236: Total time for which application threads were stopped: 0.0012880 seconds, Stopping threads took: 0.0002040 seconds
164.241: Application time: 0.0046240 seconds
164.241: [GC164.242: [ParNew: 17119K->1441K(18432K), 0.0012640 secs] 45840K->33012K(59392K), 0.0012980 secs] [Times: user=0.01 sys=0.00, real=0.01 secs] 
164.243: Total time for which application threads were stopped: 0.0017790 seconds, Stopping threads took: 0.0004230 seconds
164.247: Application time: 0.0037920 seconds
164.248: [GC164.248: [ParNew: 17141K->1437K(18432K), 0.0016380 secs] 48713K->36603K(59392K), 0.0016720 secs] [Times: user=0.01 sys=0.00, real=0.00 secs] 
164.250: Total time for which application threads were stopped: 0.0029260 seconds, Stopping threads took: 0.0011920 seconds
164.254: Application time: 0.0048300 seconds
164.259: [GC164.259: [ParNew: 17588K->17588K(18432K), 0.0000100 secs]164.259: [Tenured: 35166K->17310K(40960K), 0.0086640 secs] 52755K->17310K(59392K), [Perm : 6106K->6106K(21248K)], 0.0087180 secs] [Times: user=0.01 sys=0.00, real=0.01 secs] 
164.267: Total time for which application threads were stopped: 0.0129190 seconds, Stopping threads took: 0.0041260 seconds
164.271: Application time: 0.0041520 seconds
164.272: [GC164.272: [ParNew: 15881K->1446K(18432K), 0.0008750 secs] 33191K->19469K(59392K), 0.0009050 secs] [Times: user=0.01 sys=0.00, real=0.00 secs] 
164.273: Total time for which application threads were stopped: 0.0018610 seconds, Stopping threads took: 0.0008810 seconds
164.278: Application time: 0.0042730 seconds
164.279: [GC164.279: [ParNew: 17218K->1439K(18432K), 0.0011940 secs] 35241K->21639K(59392K), 0.0012260 secs] [Times: user=0.01 sys=0.00, real=0.00 secs] 
164.280: Total time for which application threads were stopped: 0.0022240 seconds, Stopping threads took: 0.0009230 seconds
164.284: Application time: 0.0039840 seconds
164.285: [GC164.285: [ParNew: 17128K->1435K(18432K), 0.0011840 secs] 37329K->23781K(59392K), 0.0012170 secs] [Times: user=0.01 sys=0.00, real=0.00 secs] 
164.286: Total time for which application threads were stopped: 0.0020450 seconds, Stopping threads took: 0.0007590 seconds
164.290: Application time: 0.0039630 seconds
164.290: [GC164.290: [ParNew: 17122K->1427K(18432K), 0.0015530 secs] 39469K->27368K(59392K), 0.0015860 secs] [Times: user=0.01 sys=0.00, real=0.00 secs] 
164.292: Total time for which application threads were stopped: 0.0019790 seconds, Stopping threads took: 0.0003340 seconds
164.296: Application time: 0.0043470 seconds
164.297: [GC164.297: [ParNew: 17115K->1425K(18432K), 0.0012920 secs] 43056K->29504K(59392K), 0.0013280 secs] [Times: user=0.01 sys=0.00, real=0.00 secs] 
164.298: Total time for which application threads were stopped: 0.0021180 seconds, Stopping threads took: 0.0007260 seconds
164.302: Application time: 0.0038620 seconds
164.303: [GC164.303: [ParNew: 17117K->1433K(18432K), 0.0012770 secs] 45196K->31650K(59392K), 0.0013130 secs] [Times: user=0.01 sys=0.00, real=0.00 secs] 
164.304: Total time for which application threads were stopped: 0.0017260 seconds, Stopping threads took: 0.0003520 seconds
164.308: Application time: 0.0040830 seconds
164.309: [GC164.309: [ParNew: 17123K->1427K(18432K), 0.0012990 secs] 47340K->34535K(59392K), 0.0013360 secs] [Times: user=0.01 sys=0.00, real=0.00 secs] 
164.311: Total time for which application threads were stopped: 0.0025360 seconds, Stopping threads took: 0.0011160 seconds
164.314: Application time: 0.0035800 seconds
164.315: [GC164.316: [ParNew: 17129K->1437K(18432K), 0.0024310 secs] 50237K->40958K(59392K), 0.0024680 secs] [Times: user=0.02 sys=0.00, real=0.00 secs] 
164.318: Total time for which application threads were stopped: 0.0038820 seconds, Stopping threads took: 0.0013290 seconds
164.322: Application time: 0.0039790 seconds
164.322: [GC164.322: [ParNew: 17125K->17125K(18432K), 0.0000100 secs]164.322: [Tenured: 39521K->21579K(40960K), 0.0098020 secs] 56647K->21579K(59392K), [Perm : 6106K->6106K(21248K)], 0.0098600 secs] [Times: user=0.01 sys=0.00, real=0.00 secs] 
164.332: Total time for which application threads were stopped: 0.0103650 seconds, Stopping threads took: 0.0004360 seconds
164.336: Application time: 0.0039850 seconds
164.337: [GC164.337: [ParNew: 15687K->1427K(18432K), 0.0013710 secs] 37266K->25856K(59392K), 0.0014060 secs] [Times: user=0.01 sys=0.00, real=0.00 secs] 
164.338: Total time for which application threads were stopped: 0.0017420 seconds, Stopping threads took: 0.0002650 seconds
164.342: Application time: 0.0040650 seconds
164.343: [GC164.343: [ParNew: 17120K->1437K(18432K), 0.0011270 secs] 41550K->28004K(59392K), 0.0011590 secs] [Times: user=0.01 sys=0.00, real=0.00 secs] 
164.345: Total time for which application threads were stopped: 0.0023840 seconds, Stopping threads took: 0.0011670 seconds
164.348: Application time: 0.0035240 seconds
164.349: [GC164.349: [ParNew: 17124K->1427K(18432K), 0.0016030 secs] 43692K->31582K(59392K), 0.0016440 secs] [Times: user=0.01 sys=0.00, real=0.00 secs] 
164.350: Total time for which application threads were stopped: 0.0021590 seconds, Stopping threads took: 0.0004500 seconds
164.354: Application time: 0.0040030 seconds
164.355: [GC164.355: [ParNew: 17120K->1433K(18432K), 0.0015160 secs] 47275K->35151K(59392K), 0.0015470 secs] [Times: user=0.01 sys=0.00, real=0.00 secs] 
164.356: Total time for which application threads were stopped: 0.0019000 seconds, Stopping threads took: 0.0002930 seconds
164.360: Application time: 0.0042240 seconds
164.361: [GC164.361: [ParNew: 17119K->1425K(18432K), 0.0011310 secs] 50837K->37320K(59392K), 0.0011620 secs] [Times: user=0.00 sys=0.00, real=0.00 secs] 
164.362: Total time for which application threads were stopped: 0.0015850 seconds, Stopping threads took: 0.0003640 seconds
164.366: Application time: 0.0037920 seconds
164.367: [GC164.367: [ParNew: 17124K->17124K(18432K), 0.0000100 secs]164.367: [Tenured: 35895K->20153K(40960K), 0.0087140 secs] 53020K->20153K(59392K), [Perm : 6106K->6106K(21248K)], 0.0087740 secs] [Times: user=0.01 sys=0.00, real=0.01 secs] 
164.375: Total time for which application threads were stopped: 0.0096730 seconds, Stopping threads took: 0.0008190 seconds
164.380: Application time: 0.0041210 seconds
164.380: [GC164.380: [ParNew: 15688K->1425K(18432K), 0.0024640 secs] 35842K->27991K(59392K), 0.0025050 secs] [Times: user=0.02 sys=0.00, real=0.01 secs] 
164.382: Total time for which application threads were stopped: 0.0028620 seconds, Stopping threads took: 0.0002940 seconds
164.386: Application time: 0.0035920 seconds
164.387: [GC164.387: [ParNew: 17109K->1427K(18432K), 0.0015270 secs] 43676K->30844K(59392K), 0.0015650 secs] [Times: user=0.01 sys=0.00, real=0.00 secs] 
164.388: Total time for which application threads were stopped: 0.0021140 seconds, Stopping threads took: 0.0004750 seconds
164.392: Application time: 0.0037760 seconds
164.392: [GC164.392: [ParNew: 17111K->1425K(18432K), 0.0009080 secs] 46528K->32267K(59392K), 0.0009410 secs] [Times: user=0.01 sys=0.00, real=0.00 secs] 
164.393: Total time for which application threads were stopped: 0.0014920 seconds, Stopping threads took: 0.0004860 seconds
164.397: Application time: 0.0040670 seconds
164.398: [GC164.398: [ParNew: 17114K->1439K(18432K), 0.0011700 secs] 47956K->34418K(59392K), 0.0012000 secs] [Times: user=0.01 sys=0.01, real=0.00 secs] 
164.399: Total time for which application threads were stopped: 0.0016340 seconds, Stopping threads took: 0.0003760 seconds
164.405: Application time: 0.0061530 seconds
164.405: [GC164.405: [ParNew: 17148K->1439K(18432K), 0.0021330 secs] 50127K->40142K(59392K), 0.0021730 secs] [Times: user=0.02 sys=0.00, real=0.00 secs] 
164.408: Total time for which application threads were stopped: 0.0023550 seconds, Stopping threads took: 0.0001180 seconds
164.415: Application time: 0.0069130 seconds
164.415: [GC164.415: [ParNew: 17117K->17117K(18432K), 0.0000100 secs]164.415: [Tenured: 38703K->20835K(40960K), 0.0104200 secs] 55821K->20835K(59392K), [Perm : 6106K->6106K(21248K)], 0.0104790 secs] [Times: user=0.01 sys=0.00, real=0.01 secs] 
164.425: Total time for which application threads were stopped: 0.0106270 seconds, Stopping threads took: 0.0000750 seconds
164.433: Application time: 0.0077290 seconds
164.433: [GC164.433: [ParNew: 15680K->712K(18432K), 0.0004070 secs] 36516K->21548K(59392K), 0.0004340 secs] [Times: user=0.00 sys=0.00, real=0.00 secs] 
164.434: Total time for which application threads were stopped: 0.0005720 seconds, Stopping threads took: 0.0000840 seconds
164.438: Application time: 0.0041290 seconds
164.438: [GC164.438: [ParNew: 16401K->1437K(18432K), 0.0007190 secs] 37237K->22273K(59392K), 0.0007480 secs] [Times: user=0.00 sys=0.00, real=0.00 secs] 
164.439: Total time for which application threads were stopped: 0.0009160 seconds, Stopping threads took: 0.0001130 seconds
164.442: Application time: 0.0037410 seconds
164.442: [GC164.442: [ParNew: 17118K->1427K(18432K), 0.0012470 secs] 37953K->24448K(59392K), 0.0012780 secs] [Times: user=0.01 sys=0.00, real=0.00 secs] 
164.444: Total time for which application threads were stopped: 0.0014000 seconds, Stopping threads took: 0.0000620 seconds
164.491: Application time: 0.0468250 seconds
164.491: [GC164.491: [ParNew: 17121K->1433K(18432K), 0.0028850 secs] 40143K->33004K(59392K), 0.0029250 secs] [Times: user=0.02 sys=0.00, real=0.00 secs] 
164.494: Total time for which application threads were stopped: 0.0030610 seconds, Stopping threads took: 0.0000700 seconds
164.557: Application time: 0.0631070 seconds
164.557: [GC164.557: [ParNew (promotion failed): 17130K->17133K(18432K), 0.0032230 secs]164.560: [Tenured: 40866K->24399K(40960K), 0.0106770 secs] 48702K->24399K(59392K), [Perm : 6106K->6106K(21248K)], 0.0139570 secs] [Times: user=0.04 sys=0.00, real=0.01 secs] 
164.571: Total time for which application threads were stopped: 0.0140950 seconds, Stopping threads took: 0.0000700 seconds
164.645: Application time: 0.0737110 seconds
164.645: [GC164.645: [ParNew: 15691K->1427K(18432K), 0.0042070 secs] 40090K->39363K(59392K), 0.0042480 secs] [Times: user=0.03 sys=0.00, real=0.00 secs] 
164.649: Total time for which application threads were stopped: 0.0044080 seconds, Stopping threads took: 0.0000960 seconds
164.717: Application time: 0.0677120 seconds
164.717: [GC164.717: [ParNew: 17118K->17118K(18432K), 0.0000100 secs]164.717: [Tenured: 37936K->24399K(40960K), 0.0096260 secs] 55055K->24399K(59392K), [Perm : 6106K->6106K(21248K)], 0.0096900 secs] [Times: user=0.01 sys=0.00, real=0.01 secs] 
164.727: Total time for which application threads were stopped: 0.0098760 seconds, Stopping threads took: 0.0001080 seconds
164.789: Application time: 0.0627150 seconds
164.789: [GC164.789: [ParNew: 15691K->1425K(18432K), 0.0045050 secs] 40090K->40074K(59392K), 0.0045430 secs] [Times: user=0.03 sys=0.00, real=0.00 secs] 
164.794: Total time for which application threads were stopped: 0.0046940 seconds, Stopping threads took: 0.0000880 seconds
164.866: Application time: 0.0722530 seconds
164.866: [GC164.866: [ParNew: 17116K->17116K(18432K), 0.0000110 secs]164.866: [Tenured: 38649K->24399K(40960K), 0.0090370 secs] 55766K->24399K(59392K), [Perm : 6106K->6106K(21248K)], 0.0090990 secs] [Times: user=0.01 sys=0.00, real=0.01 secs] 
164.875: Total time for which application threads were stopped: 0.0092640 seconds, Stopping threads took: 0.0000960 seconds
164.938: Application time: 0.0626750 seconds
164.938: [GC164.938: [ParNew: 15691K->1425K(18432K), 0.0046060 secs] 40090K->40074K(59392K), 0.0046490 secs] [Times: user=0.04 sys=0.00, real=0.01 secs] 
164.943: Total time for which application threads were stopped: 0.0048030 seconds, Stopping threads took: 0.0000880 seconds
165.016: Application time: 0.0732840 seconds
165.016: [GC165.016: [ParNew: 17116K->17116K(18432K), 0.0000100 secs]165.016: [Tenured: 38649K->25110K(40960K), 0.0102180 secs] 55766K->25110K(59392K), [Perm : 6106K->6106K(21248K)], 0.0102730 secs] [Times: user=0.01 sys=0.00, real=0.01 secs] 
165.027: Total time for which application threads were stopped: 0.0103970 seconds, Stopping threads took: 0.0000560 seconds
165.111: Application time: 0.0847290 seconds
165.111: [GC165.111: [ParNew: 15689K->1427K(18432K), 0.0043340 secs] 40800K->39363K(59392K), 0.0043770 secs] [Times: user=0.03 sys=0.00, real=0.01 secs] 
165.116: Total time for which application threads were stopped: 0.0045030 seconds, Stopping threads took: 0.0000600 seconds
165.177: Application time: 0.0607360 seconds
165.177: [GC165.177: [ParNew: 17118K->17118K(18432K), 0.0000100 secs]165.177: [Tenured: 37936K->24398K(40960K), 0.0090960 secs] 55054K->24398K(59392K), [Perm : 6106K->6106K(21248K)], 0.0091510 secs] [Times: user=0.01 sys=0.00, real=0.01 secs] 
165.186: Total time for which application threads were stopped: 0.0094860 seconds, Stopping threads took: 0.0002360 seconds
165.249: Application time: 0.0631570 seconds
165.249: [GC165.249: [ParNew: 15697K->1433K(18432K), 0.0045700 secs] 40096K->40081K(59392K), 0.0046150 secs] [Times: user=0.03 sys=0.00, real=0.00 secs] 
165.254: Total time for which application threads were stopped: 0.0047850 seconds, Stopping threads took: 0.0000960 seconds
165.328: Application time: 0.0741960 seconds
165.328: [GC165.328: [ParNew: 17131K->17131K(18432K), 0.0000110 secs]165.328: [Tenured: 38648K->25112K(40960K), 0.0100810 secs] 55779K->25112K(59392K), [Perm : 6106K->6106K(21248K)], 0.0101410 secs] [Times: user=0.01 sys=0.00, real=0.01 secs] 
165.338: Total time for which application threads were stopped: 0.0102710 seconds, Stopping threads took: 0.0000590 seconds
165.402: Application time: 0.0636360 seconds
165.402: [GC165.402: [ParNew: 15704K->1435K(18432K), 0.0045500 secs] 40816K->40797K(59392K), 0.0045930 secs] [Times: user=0.03 sys=0.00, real=0.00 secs] 
165.407: Total time for which application threads were stopped: 0.0047390 seconds, Stopping threads took: 0.0000800 seconds
165.486: Application time: 0.0787600 seconds
165.486: [GC165.486: [ParNew: 17139K->17139K(18432K), 0.0000100 secs]165.486: [Tenured: 39362K->27965K(40960K), 0.0097310 secs] 56502K->27965K(59392K), [Perm : 6106K->6106K(21248K)], 0.0097900 secs] [Times: user=0.01 sys=0.00, real=0.01 secs] 
165.496: Total time for which application threads were stopped: 0.0099400 seconds, Stopping threads took: 0.0000830 seconds
165.558: Application time: 0.0629060 seconds
165.559: [GC165.559: [ParNew: 15704K->15704K(18432K), 0.0000110 secs]165.559: [Tenured: 27965K->27248K(40960K), 0.0117800 secs] 43670K->27248K(59392K), [Perm : 6106K->6106K(21248K)], 0.0118470 secs] [Times: user=0.01 sys=0.00, real=0.01 secs] 
165.570: Total time for which application threads were stopped: 0.0119850 seconds, Stopping threads took: 0.0000670 seconds
165.634: Application time: 0.0631600 seconds
165.634: [GC165.634: [ParNew: 15689K->15689K(18432K), 0.0000110 secs]165.634: [Tenured: 27248K->30810K(40960K), 0.0111190 secs] 42937K->30810K(59392K), [Perm : 6106K->6106K(21248K)], 0.0111800 secs] [Times: user=0.01 sys=0.00, real=0.02 secs] 
165.645: Total time for which application threads were stopped: 0.0113450 seconds, Stopping threads took: 0.0000930 seconds
165.696: Application time: 0.0512430 seconds
165.696: [GC165.696: [ParNew: 15689K->15689K(18432K), 0.0000110 secs]165.696: [Tenured: 30810K->30810K(40960K), 0.0110220 secs] 46500K->30810K(59392K), [Perm : 6106K->6106K(21248K)], 0.0110830 secs] [Times: user=0.02 sys=0.00, real=0.01 secs] 
165.708: Total time for which application threads were stopped: 0.0113320 seconds, Stopping threads took: 0.0001790 seconds
165.781: Application time: 0.0739190 seconds
165.782: [GC165.782: [ParNew: 15689K->15689K(18432K), 0.0000100 secs]165.782: [Tenured: 30810K->30098K(40960K), 0.0098820 secs] 46500K->30098K(59392K), [Perm : 6106K->6106K(21248K)], 0.0099370 secs] [Times: user=0.01 sys=0.00, real=0.01 secs] 
165.792: Total time for which application threads were stopped: 0.0101200 seconds, Stopping threads took: 0.0001060 seconds
165.863: Application time: 0.0712110 seconds
165.863: [GC165.863: [ParNew: 15691K->15691K(18432K), 0.0000100 secs]165.863: [Tenured: 30098K->28673K(40960K), 0.0102430 secs] 45790K->28673K(59392K), [Perm : 6106K->6106K(21248K)], 0.0103040 secs] [Times: user=0.01 sys=0.00, real=0.00 secs] 
165.873: Total time for which application threads were stopped: 0.0104710 seconds, Stopping threads took: 0.0000960 seconds
165.933: Application time: 0.0593150 seconds
165.933: [GC165.933: [ParNew: 15691K->15691K(18432K), 0.0000110 secs]165.933: [Tenured: 28673K->28673K(40960K), 0.0099180 secs] 44365K->28673K(59392K), [Perm : 6106K->6106K(21248K)], 0.0099800 secs] [Times: user=0.01 sys=0.00, real=0.02 secs] 
165.943: Total time for which application threads were stopped: 0.0101450 seconds, Stopping threads took: 0.0000950 seconds
166.016: Application time: 0.0734450 seconds
166.016: [GC166.016: [ParNew: 15691K->15691K(18432K), 0.0000100 secs]166.016: [Tenured: 28673K->28673K(40960K), 0.0100060 secs] 44365K->28673K(59392K), [Perm : 6106K->6106K(21248K)], 0.0100650 secs] [Times: user=0.01 sys=0.00, real=0.01 secs] 
166.026: Total time for which application threads were stopped: 0.0102290 seconds, Stopping threads took: 0.0000950 seconds
166.101: Application time: 0.0747860 seconds
166.101: [GC166.101: [ParNew: 15689K->15689K(18432K), 0.0000100 secs]166.101: [Tenured: 28673K->28673K(40960K), 0.0097010 secs] 44363K->28673K(59392K), [Perm : 6106K->6106K(21248K)], 0.0097620 secs] [Times: user=0.00 sys=0.00, real=0.01 secs] 
166.111: Total time for which application threads were stopped: 0.0099770 seconds, Stopping threads took: 0.0001280 seconds
166.174: Application time: 0.0626360 seconds
166.174: [GC166.174: [ParNew: 15691K->15691K(18432K), 0.0000110 secs]166.174: [Tenured: 28673K->28673K(40960K), 0.0103430 secs] 44365K->28673K(59392K), [Perm : 6106K->6106K(21248K)], 0.0104060 secs] [Times: user=0.01 sys=0.00, real=0.02 secs] 
166.184: Total time for which application threads were stopped: 0.0105890 seconds, Stopping threads took: 0.0001140 seconds
166.257: Application time: 0.0726930 seconds
166.257: [GC166.257: [ParNew: 15698K->15698K(18432K), 0.0000110 secs]166.257: [Tenured: 28673K->29387K(40960K), 0.0108610 secs] 44372K->29387K(59392K), [Perm : 6106K->6106K(21248K)], 0.0109200 secs] [Times: user=0.01 sys=0.00, real=0.01 secs] 
166.268: Total time for which application threads were stopped: 0.0111130 seconds, Stopping threads took: 0.0001150 seconds
166.302: Application time: 0.0333220 seconds
166.302: [GC166.302: [ParNew: 15698K->15698K(18432K), 0.0000110 secs]166.302: [Tenured: 29387K->27248K(40960K), 0.0114840 secs] 45085K->27248K(59392K), [Perm : 6106K->6106K(21248K)], 0.0115440 secs] [Times: user=0.01 sys=0.00, real=0.01 secs] 
166.313: Total time for which application threads were stopped: 0.0117790 seconds, Stopping threads took: 0.0001340 seconds
166.386: Application time: 0.0728160 seconds
166.386: [GC166.386: [ParNew: 15689K->15689K(18432K), 0.0000100 secs]166.386: [Tenured: 27248K->28673K(40960K), 0.0100420 secs] 42938K->28673K(59392K), [Perm : 6106K->6106K(21248K)], 0.0101010 secs] [Times: user=0.01 sys=0.00, real=0.01 secs] 
166.396: Total time for which application threads were stopped: 0.0103480 seconds, Stopping threads took: 0.0001770 seconds
166.461: Application time: 0.0649060 seconds
166.462: [GC166.462: [ParNew: 15698K->15698K(18432K), 0.0000100 secs]166.462: [Tenured: 28673K->25823K(40960K), 0.0113200 secs] 44372K->25823K(59392K), [Perm : 6106K->6106K(21248K)], 0.0113790 secs] [Times: user=0.01 sys=0.00, real=0.01 secs] 
166.473: Total time for which application threads were stopped: 0.0116400 seconds, Stopping threads took: 0.0001720 seconds
166.523: Application time: 0.0499100 seconds
166.523: [GC166.523: [ParNew: 15705K->15705K(18432K), 0.0000100 secs]166.523: [Tenured: 25823K->25823K(40960K), 0.0108550 secs] 41528K->25823K(59392K), [Perm : 6106K->6106K(21248K)], 0.0109150 secs] [Times: user=0.01 sys=0.00, real=0.00 secs] 
166.534: Total time for which application threads were stopped: 0.0110590 seconds, Stopping threads took: 0.0000730 seconds
166.590: Application time: 0.0557360 seconds
166.590: [GC166.590: [ParNew: 15711K->15711K(18432K), 0.0000110 secs]166.590: [Tenured: 25823K->22261K(40960K), 0.0107350 secs] 41535K->22261K(59392K), [Perm : 6106K->6106K(21248K)], 0.0107950 secs] [Times: user=0.01 sys=0.00, real=0.01 secs] 
166.601: Total time for which application threads were stopped: 0.0109340 seconds, Stopping threads took: 0.0000650 seconds
166.646: Application time: 0.0448950 seconds
166.646: [GC166.646: [ParNew: 15687K->1425K(18432K), 0.0035040 secs] 37949K->34374K(59392K), 0.0035430 secs] [Times: user=0.02 sys=0.00, real=0.00 secs] 
166.649: Total time for which application threads were stopped: 0.0037430 seconds, Stopping threads took: 0.0001360 seconds
166.702: Application time: 0.0528290 seconds
166.702: [GC166.702: [ParNew: 17113K->17113K(18432K), 0.0000090 secs]166.702: [Tenured: 32949K->24399K(40960K), 0.0103290 secs] 50062K->24399K(59392K), [Perm : 6106K->6106K(21248K)], 0.0103850 secs] [Times: user=0.01 sys=0.00, real=0.00 secs] 
166.713: Total time for which application threads were stopped: 0.0105210 seconds, Stopping threads took: 0.0000670 seconds
166.764: Application time: 0.0508830 seconds
166.764: [GC166.764: [ParNew: 15688K->1425K(18432K), 0.0034970 secs] 40087K->36512K(59392K), 0.0035350 secs] [Times: user=0.03 sys=0.00, real=0.00 secs] 
166.767: Total time for which application threads were stopped: 0.0036770 seconds, Stopping threads took: 0.0000800 seconds
166.820: Application time: 0.0526960 seconds
166.820: [GC166.820: [ParNew: 17113K->17113K(18432K), 0.0000100 secs]166.820: [Tenured: 35087K->24399K(40960K), 0.0099460 secs] 52200K->24399K(59392K), [Perm : 6106K->6106K(21248K)], 0.0100040 secs] [Times: user=0.01 sys=0.00, real=0.01 secs] 
166.830: Total time for which application threads were stopped: 0.0101960 seconds, Stopping threads took: 0.0001140 seconds
166.875: Application time: 0.0451670 seconds
166.875: [GC166.875: [ParNew: 15688K->1425K(18432K), 0.0035440 secs] 40087K->36512K(59392K), 0.0035790 secs] [Times: user=0.03 sys=0.00, real=0.00 secs] 
166.879: Total time for which application threads were stopped: 0.0037150 seconds, Stopping threads took: 0.0000740 seconds
166.941: Application time: 0.0622800 seconds
166.941: [GC166.941: [ParNew: 17113K->17113K(18432K), 0.0000100 secs]166.941: [Tenured: 35087K->24399K(40960K), 0.0096210 secs] 52201K->24399K(59392K), [Perm : 6106K->6106K(21248K)], 0.0096870 secs] [Times: user=0.01 sys=0.00, real=0.01 secs] 
166.951: Total time for which application threads were stopped: 0.0098410 seconds, Stopping threads took: 0.0000860 seconds
166.993: Application time: 0.0414920 seconds
166.993: [GC166.993: [ParNew: 15688K->1425K(18432K), 0.0035600 secs] 40088K->36513K(59392K), 0.0036000 secs] [Times: user=0.03 sys=0.00, real=0.01 secs] 
166.996: Total time for which application threads were stopped: 0.0038060 seconds, Stopping threads took: 0.0001300 seconds
167.054: Application time: 0.0580470 seconds
167.055: [GC167.055: [ParNew: 17113K->17113K(18432K), 0.0000110 secs]167.055: [Tenured: 35088K->24399K(40960K), 0.0092680 secs] 52201K->24399K(59392K), [Perm : 6106K->6106K(21248K)], 0.0093270 secs] [Times: user=0.01 sys=0.00, real=0.01 secs] 
167.064: Total time for which application threads were stopped: 0.0094780 seconds, Stopping threads took: 0.0000830 seconds
167.112: Application time: 0.0480050 seconds
167.112: [GC167.112: [ParNew: 15688K->1425K(18432K), 0.0037250 secs] 40088K->36513K(59392K), 0.0037660 secs] [Times: user=0.03 sys=0.00, real=0.01 secs] 
167.116: Total time for which application threads were stopped: 0.0040140 seconds, Stopping threads took: 0.0001670 seconds
167.168: Application time: 0.0518080 seconds
167.168: [GC167.168: [ParNew: 17113K->17113K(18432K), 0.0000100 secs]167.168: [Tenured: 35088K->24399K(40960K), 0.0098850 secs] 52202K->24399K(59392K), [Perm : 6106K->6106K(21248K)], 0.0099450 secs] [Times: user=0.01 sys=0.00, real=0.01 secs] 
167.178: Total time for which application threads were stopped: 0.0102090 seconds, Stopping threads took: 0.0001940 seconds
167.226: Application time: 0.0484580 seconds
167.227: [GC167.227: [ParNew: 15688K->1425K(18432K), 0.0036600 secs] 40088K->36513K(59392K), 0.0037040 secs] [Times: user=0.03 sys=0.00, real=0.00 secs] 
167.230: Total time for which application threads were stopped: 0.0038280 seconds, Stopping threads took: 0.0000600 seconds
167.285: Application time: 0.0544920 seconds
167.285: [GC167.285: [ParNew: 17120K->17120K(18432K), 0.0000100 secs]167.285: [Tenured: 35088K->24400K(40960K), 0.0101310 secs] 52209K->24400K(59392K), [Perm : 6106K->6106K(21248K)], 0.0101890 secs] [Times: user=0.01 sys=0.00, real=0.01 secs] 
167.295: Total time for which application threads were stopped: 0.0103260 seconds, Stopping threads took: 0.0000690 seconds
167.341: Application time: 0.0460760 seconds
167.341: [GC167.341: [ParNew: 15695K->1431K(18432K), 0.0036210 secs] 40095K->36520K(59392K), 0.0036670 secs] [Times: user=0.03 sys=0.00, real=0.01 secs] 
167.345: Total time for which application threads were stopped: 0.0038160 seconds, Stopping threads took: 0.0000650 seconds
167.400: Application time: 0.0549540 seconds
167.400: [GC167.400: [ParNew: 17120K->17120K(18432K), 0.0000100 secs]167.400: [Tenured: 35088K->25826K(40960K), 0.0095630 secs] 52209K->25826K(59392K), [Perm : 6106K->6106K(21248K)], 0.0096220 secs] [Times: user=0.01 sys=0.00, real=0.01 secs] 
167.410: Total time for which application threads were stopped: 0.0097530 seconds, Stopping threads took: 0.0000620 seconds
167.457: Application time: 0.0477520 seconds
167.458: [GC167.458: [ParNew: 15695K->15695K(18432K), 0.0000110 secs]167.458: [Tenured: 25826K->26539K(40960K), 0.0101460 secs] 41521K->26539K(59392K), [Perm : 6106K->6106K(21248K)], 0.0102080 secs] [Times: user=0.01 sys=0.00, real=0.01 secs] 
167.468: Total time for which application threads were stopped: 0.0103430 seconds, Stopping threads took: 0.0000640 seconds
167.524: Application time: 0.0562390 seconds
167.524: [GC167.524: [ParNew: 15695K->15695K(18432K), 0.0000090 secs]167.524: [Tenured: 26539K->25827K(40960K), 0.0092510 secs] 42235K->25827K(59392K), [Perm : 6106K->6106K(21248K)], 0.0093080 secs] [Times: user=0.01 sys=0.00, real=0.00 secs] 
167.534: Total time for which application threads were stopped: 0.0094440 seconds, Stopping threads took: 0.0000690 seconds
167.578: Application time: 0.0445530 seconds
167.578: [GC167.578: [ParNew: 15702K->15702K(18432K), 0.0000110 secs]167.578: [Tenured: 25827K->27963K(40960K), 0.0111810 secs] 41530K->27963K(59392K), [Perm : 6106K->6106K(21248K)], 0.0112480 secs] [Times: user=0.01 sys=0.00, real=0.01 secs] 
167.589: Total time for which application threads were stopped: 0.0114230 seconds, Stopping threads took: 0.0001080 seconds
167.615: Application time: 0.0256560 seconds
167.615: [GC167.615: [ParNew: 15722K->15722K(18432K), 0.0000100 secs]167.615: [Tenured: 27963K->28705K(40960K), 0.0103680 secs] 43685K->28705K(59392K), [Perm : 6106K->6106K(21248K)], 0.0104290 secs] [Times: user=0.01 sys=0.00, real=0.01 secs] 
167.626: Total time for which application threads were stopped: 0.0106660 seconds, Stopping threads took: 0.0001660 seconds
167.633: Application time: 0.0072920 seconds
167.633: [GC167.633: [ParNew: 15679K->15679K(18432K), 0.0000100 secs]167.633: [Tenured: 28705K->29418K(40960K), 0.0091510 secs] 44385K->29418K(59392K), [Perm : 6106K->6106K(21248K)], 0.0092110 secs] [Times: user=0.01 sys=0.00, real=0.02 secs] 
167.642: Total time for which application threads were stopped: 0.0093590 seconds, Stopping threads took: 0.0000780 seconds
167.648: Application time: 0.0054850 seconds
167.648: [GC167.648: [ParNew: 15683K->15683K(18432K), 0.0000110 secs]167.648: [Tenured: 29418K->29419K(40960K), 0.0063350 secs] 45101K->29419K(59392K), [Perm : 6106K->6106K(21248K)], 0.0063920 secs] [Times: user=0.00 sys=0.00, real=0.01 secs] 
167.655: Total time for which application threads were stopped: 0.0065350 seconds, Stopping threads took: 0.0000670 seconds
167.661: Application time: 0.0061700 seconds
167.661: [GC167.661: [ParNew: 15685K->15685K(18432K), 0.0000100 secs]167.661: [Tenured: 29419K->27250K(40960K), 0.0104510 secs] 45104K->27250K(59392K), [Perm : 6106K->6106K(21248K)], 0.0105110 secs] [Times: user=0.01 sys=0.00, real=0.01 secs] 
167.671: Total time for which application threads were stopped: 0.0106510 seconds, Stopping threads took: 0.0000670 seconds
167.677: Application time: 0.0058030 seconds
167.677: [GC167.677: [ParNew: 15680K->15680K(18432K), 0.0000110 secs]167.677: [Tenured: 27250K->27250K(40960K), 0.0105880 secs] 42931K->27250K(59392K), [Perm : 6106K->6106K(21248K)], 0.0106500 secs] [Times: user=0.01 sys=0.00, real=0.01 secs] 
167.688: Total time for which application threads were stopped: 0.0108580 seconds, Stopping threads took: 0.0001360 seconds
167.693: Application time: 0.0054650 seconds
167.694: [GC167.694: [ParNew: 15683K->15683K(18432K), 0.0000110 secs]167.694: [Tenured: 27250K->27963K(40960K), 0.0100090 secs] 42934K->27963K(59392K), [Perm : 6106K->6106K(21248K)], 0.0100700 secs] [Times: user=0.01 sys=0.00, real=0.02 secs] 
167.704: Total time for which application threads were stopped: 0.0102570 seconds, Stopping threads took: 0.0001140 seconds
167.710: Application time: 0.0059800 seconds
167.710: [GC167.710: [ParNew: 15687K->15687K(18432K), 0.0000110 secs]167.710: [Tenured: 27963K->29389K(40960K), 0.0068970 secs] 43650K->29389K(59392K), [Perm : 6106K->6106K(21248K)], 0.0069510 secs] [Times: user=0.01 sys=0.00, real=0.01 secs] 
167.717: Total time for which application threads were stopped: 0.0070930 seconds, Stopping threads took: 0.0000740 seconds
167.721: Application time: 0.0041570 seconds
167.721: [GC167.721: [ParNew: 15679K->15679K(18432K), 0.0000110 secs]167.721: [Tenured: 29389K->28675K(40960K), 0.0086330 secs] 45069K->28675K(59392K), [Perm : 6106K->6106K(21248K)], 0.0086930 secs] [Times: user=0.01 sys=0.00, real=0.01 secs] 
167.730: Total time for which application threads were stopped: 0.0089070 seconds, Stopping threads took: 0.0001250 seconds
167.734: Application time: 0.0041360 seconds
167.734: [GC167.734: [ParNew: 15680K->15680K(18432K), 0.0000100 secs]167.734: [Tenured: 28675K->26537K(40960K), 0.0086340 secs] 44356K->26537K(59392K), [Perm : 6106K->6106K(21248K)], 0.0086950 secs] [Times: user=0.01 sys=0.00, real=0.01 secs] 
167.743: Total time for which application threads were stopped: 0.0089390 seconds, Stopping threads took: 0.0001640 seconds
167.799: Application time: 0.0557340 seconds
167.799: [GC167.799: [ParNew: 15697K->15697K(18432K), 0.0000110 secs]167.799: [Tenured: 26537K->28675K(40960K), 0.0111660 secs] 42234K->28675K(59392K), [Perm : 6106K->6106K(21248K)], 0.0112350 secs] [Times: user=0.01 sys=0.00, real=0.01 secs] 
167.810: Total time for which application threads were stopped: 0.0115110 seconds, Stopping threads took: 0.0001860 seconds
167.864: Application time: 0.0534280 seconds
167.864: [GC167.864: [ParNew: 15688K->15688K(18432K), 0.0000120 secs]167.864: [Tenured: 28675K->28675K(40960K), 0.0101750 secs] 44364K->28675K(59392K), [Perm : 6106K->6106K(21248K)], 0.0102360 secs] [Times: user=0.01 sys=0.00, real=0.00 secs] 
167.874: Total time for which application threads were stopped: 0.0103820 seconds, Stopping threads took: 0.0000640 seconds
167.917: Application time: 0.0433180 seconds
167.918: [GC167.918: [ParNew: 15690K->15690K(18432K), 0.0000100 secs]167.918: [Tenured: 28675K->28675K(40960K), 0.0092950 secs] 44365K->28675K(59392K), [Perm : 6106K->6106K(21248K)], 0.0093540 secs] [Times: user=0.01 sys=0.00, real=0.01 secs] 
167.927: Total time for which application threads were stopped: 0.0095790 seconds, Stopping threads took: 0.0001390 seconds
167.980: Application time: 0.0531670 seconds
167.980: [GC167.980: [ParNew: 15688K->15688K(18432K), 0.0000100 secs]167.980: [Tenured: 28675K->29387K(40960K), 0.0103260 secs] 44364K->29387K(59392K), [Perm : 6106K->6106K(21248K)], 0.0103830 secs] [Times: user=0.01 sys=0.00, real=0.01 secs] 
167.991: Total time for which application threads were stopped: 0.0105180 seconds, Stopping threads took: 0.0000660 seconds
168.058: Application time: 0.0672230 seconds
168.058: [GC168.058: [ParNew: 15688K->15688K(18432K), 0.0000110 secs]168.058: [Tenured: 29387K->28675K(40960K), 0.0099960 secs] 45076K->28675K(59392K), [Perm : 6106K->6106K(21248K)], 0.0100570 secs] [Times: user=0.01 sys=0.00, real=0.01 secs] 
168.068: Total time for which application threads were stopped: 0.0101920 seconds, Stopping threads took: 0.0000680 seconds
168.117: Application time: 0.0492240 seconds
168.117: [GC168.117: [ParNew: 15690K->15690K(18432K), 0.0000100 secs]168.117: [Tenured: 28675K->28674K(40960K), 0.0100030 secs] 44365K->28674K(59392K), [Perm : 6106K->6106K(21248K)], 0.0100640 secs] [Times: user=0.01 sys=0.00, real=0.01 secs] 
168.128: Total time for which application threads were stopped: 0.0103160 seconds, Stopping threads took: 0.0001710 seconds
168.178: Application time: 0.0500240 seconds
168.178: [GC168.178: [ParNew: 15688K->15688K(18432K), 0.0000110 secs]168.178: [Tenured: 28674K->28674K(40960K), 0.0107160 secs] 44363K->28674K(59392K), [Perm : 6106K->6106K(21248K)], 0.0107790 secs] [Times: user=0.01 sys=0.00, real=0.01 secs] 
168.189: Total time for which application threads were stopped: 0.0111130 seconds, Stopping threads took: 0.0002630 seconds
168.244: Application time: 0.0552020 seconds
168.244: [GC168.244: [ParNew: 15688K->15688K(18432K), 0.0000110 secs]168.244: [Tenured: 28674K->28674K(40960K), 0.0095320 secs] 44363K->28674K(59392K), [Perm : 6106K->6106K(21248K)], 0.0095940 secs] [Times: user=0.01 sys=0.00, real=0.00 secs] 
168.254: Total time for which application threads were stopped: 0.0097240 seconds, Stopping threads took: 0.0000630 seconds
168.307: Application time: 0.0535770 seconds
168.307: [GC168.308: [ParNew: 15689K->15689K(18432K), 0.0000110 secs]168.308: [Tenured: 28674K->28674K(40960K), 0.0107690 secs] 44364K->28674K(59392K), [Perm : 6106K->6106K(21248K)], 0.0108290 secs] [Times: user=0.01 sys=0.00, real=0.01 secs] 
168.318: Total time for which application threads were stopped: 0.0111480 seconds, Stopping threads took: 0.0002300 seconds
168.360: Application time: 0.0414050 seconds
168.360: [GC168.360: [ParNew: 15687K->15687K(18432K), 0.0000100 secs]168.360: [Tenured: 28674K->28674K(40960K), 0.0097390 secs] 44362K->28674K(59392K), [Perm : 6106K->6106K(21248K)], 0.0098010 secs] [Times: user=0.01 sys=0.00, real=0.01 secs] 
168.370: Total time for which application threads were stopped: 0.0100670 seconds, Stopping threads took: 0.0001860 seconds
168.433: Application time: 0.0630220 seconds
168.433: [GC168.433: [ParNew: 16382K->16382K(18432K), 0.0000100 secs]168.433: [Tenured: 28674K->26542K(40960K), 0.0116210 secs] 45056K->26542K(59392K), [Perm : 6106K->6106K(21248K)], 0.0116890 secs] [Times: user=0.02 sys=0.00, real=0.02 secs] 
168.445: Total time for which application threads were stopped: 0.0119930 seconds, Stopping threads took: 0.0002300 seconds
168.454: Application time: 0.0092840 seconds
168.455: [GC168.455: [ParNew: 15730K->15730K(18432K), 0.0000110 secs]168.455: [Tenured: 26542K->26536K(40960K), 0.0095220 secs] 42273K->26536K(59392K), [Perm : 6106K->6106K(21248K)], 0.0095840 secs] [Times: user=0.01 sys=0.00, real=0.01 secs] 
168.465: Total time for which application threads were stopped: 0.0105250 seconds, Stopping threads took: 0.0008490 seconds
168.470: Application time: 0.0053960 seconds
168.470: [GC168.470: [ParNew: 16153K->16153K(18432K), 0.0000100 secs]168.470: [Tenured: 26536K->26572K(40960K), 0.0096970 secs] 42690K->26572K(59392K), [Perm : 6106K->6106K(21248K)], 0.0097570 secs] [Times: user=0.01 sys=0.00, real=0.01 secs] 
168.480: Total time for which application threads were stopped: 0.0099410 seconds, Stopping threads took: 0.0001130 seconds
168.485: Application time: 0.0048300 seconds
168.485: [GC168.485: [ParNew: 15868K->15868K(18432K), 0.0000100 secs]168.485: [Tenured: 26572K->26571K(40960K), 0.0063880 secs] 42441K->26571K(59392K), [Perm : 6106K->6106K(21248K)], 0.0064460 secs] [Times: user=0.01 sys=0.00, real=0.00 secs] 
168.492: Total time for which application threads were stopped: 0.0067590 seconds, Stopping threads took: 0.0002350 seconds
168.497: Application time: 0.0049680 seconds
168.497: [GC168.497: [ParNew: 15771K->15771K(18432K), 0.0000110 secs]168.497: [Tenured: 26571K->25823K(40960K), 0.0117640 secs] 42342K->25823K(59392K), [Perm : 6106K->6106K(21248K)], 0.0118280 secs] [Times: user=0.01 sys=0.00, real=0.01 secs] 
168.509: Total time for which application threads were stopped: 0.0120440 seconds, Stopping threads took: 0.0001250 seconds
168.513: Application time: 0.0047270 seconds
168.513: [GC168.513: [ParNew: 15685K->15685K(18432K), 0.0000100 secs]168.513: [Tenured: 25823K->27249K(40960K), 0.0063010 secs] 41509K->27249K(59392K), [Perm : 6106K->6106K(21248K)], 0.0063570 secs] [Times: user=0.01 sys=0.00, real=0.01 secs] 
168.520: Total time for which application threads were stopped: 0.0064940 seconds, Stopping threads took: 0.0000710 seconds
168.525: Application time: 0.0047960 seconds
168.526: [GC168.526: [ParNew: 15680K->15680K(18432K), 0.0000110 secs]168.526: [Tenured: 27249K->27249K(40960K), 0.0068710 secs] 42929K->27249K(59392K), [Perm : 6106K->6106K(21248K)], 0.0069260 secs] [Times: user=0.00 sys=0.00, real=0.00 secs] 
168.533: Total time for which application threads were stopped: 0.0080410 seconds, Stopping threads took: 0.0010280 seconds
168.537: Application time: 0.0043990 seconds
168.537: [GC168.537: [ParNew: 15682K->15682K(18432K), 0.0000100 secs]168.537: [Tenured: 27249K->26536K(40960K), 0.0098140 secs] 42932K->26536K(59392K), [Perm : 6106K->6106K(21248K)], 0.0098740 secs] [Times: user=0.01 sys=0.00, real=0.01 secs] 
168.547: Total time for which application threads were stopped: 0.0100930 seconds, Stopping threads took: 0.0001290 seconds
168.551: Application time: 0.0042440 seconds
168.553: [GC168.553: [ParNew: 15689K->15689K(18432K), 0.0000100 secs]168.553: [Tenured: 26536K->25111K(40960K), 0.0095150 secs] 42225K->25111K(59392K), [Perm : 6106K->6106K(21248K)], 0.0095720 secs] [Times: user=0.01 sys=0.00, real=0.02 secs] 
168.562: Total time for which application threads were stopped: 0.0107660 seconds, Stopping threads took: 0.0011040 seconds
168.566: Application time: 0.0033940 seconds
168.566: [GC168.566: [ParNew: 15689K->1433K(18432K), 0.0017480 secs] 40800K->30108K(59392K), 0.0017840 secs] [Times: user=0.01 sys=0.00, real=0.00 secs] 
168.568: Total time for which application threads were stopped: 0.0021070 seconds, Stopping threads took: 0.0002430 seconds
168.571: Application time: 0.0035480 seconds
168.571: [GC168.571: [ParNew: 17114K->17114K(18432K), 0.0000110 secs]168.571: [Tenured: 28674K->27250K(40960K), 0.0074790 secs] 45789K->27250K(59392K), [Perm : 6106K->6106K(21248K)], 0.0075460 secs] [Times: user=0.01 sys=0.00, real=0.01 secs] 
168.579: Total time for which application threads were stopped: 0.0077780 seconds, Stopping threads took: 0.0001640 seconds
168.583: Application time: 0.0041680 seconds
168.583: [GC168.583: [ParNew: 15689K->15689K(18432K), 0.0000110 secs]168.583: [Tenured: 27250K->27963K(40960K), 0.0069850 secs] 42939K->27963K(59392K), [Perm : 6106K->6106K(21248K)], 0.0070390 secs] [Times: user=0.01 sys=0.00, real=0.00 secs] 
168.591: Total time for which application threads were stopped: 0.0073090 seconds, Stopping threads took: 0.0002040 seconds
168.594: Application time: 0.0039620 seconds
168.595: [GC168.595: [ParNew: 15682K->15682K(18432K), 0.0000100 secs]168.595: [Tenured: 27963K->25111K(40960K), 0.0101950 secs] 43646K->25111K(59392K), [Perm : 6106K->6106K(21248K)], 0.0102570 secs] [Times: user=0.01 sys=0.00, real=0.01 secs] 
168.605: Total time for which application threads were stopped: 0.0106940 seconds, Stopping threads took: 0.0003640 seconds
168.610: Application time: 0.0051680 seconds
168.611: [GC168.611: [ParNew: 15690K->1435K(18432K), 0.0016820 secs] 40802K->30109K(59392K), 0.0017190 secs] [Times: user=0.02 sys=0.00, real=0.00 secs] 
168.612: Total time for which application threads were stopped: 0.0019030 seconds, Stopping threads took: 0.0001210 seconds
168.618: Application time: 0.0059100 seconds
168.618: [GC168.618: [ParNew: 17116K->17116K(18432K), 0.0000100 secs]168.618: [Tenured: 28674K->26536K(40960K), 0.0098040 secs] 45791K->26536K(59392K), [Perm : 6106K->6106K(21248K)], 0.0098610 secs] [Times: user=0.01 sys=0.00, real=0.01 secs] 
168.628: Total time for which application threads were stopped: 0.0101240 seconds, Stopping threads took: 0.0001700 seconds
168.634: Application time: 0.0061910 seconds
168.635: [GC168.635: [ParNew: 15687K->15687K(18432K), 0.0000100 secs]168.635: [Tenured: 26536K->27963K(40960K), 0.0062790 secs] 42224K->27963K(59392K), [Perm : 6106K->6106K(21248K)], 0.0063360 secs] [Times: user=0.01 sys=0.00, real=0.00 secs] 
168.641: Total time for which application threads were stopped: 0.0064680 seconds, Stopping threads took: 0.0000630 seconds
168.645: Application time: 0.0038870 seconds
168.645: [GC168.645: [ParNew: 15679K->15679K(18432K), 0.0000110 secs]168.645: [Tenured: 27963K->28675K(40960K), 0.0067360 secs] 43642K->28675K(59392K), [Perm : 6106K->6106K(21248K)], 0.0067850 secs] [Times: user=0.01 sys=0.00, real=0.00 secs] 
168.652: Total time for which application threads were stopped: 0.0069580 seconds, Stopping threads took: 0.0001080 seconds
168.657: Application time: 0.0056230 seconds
168.658: [GC168.658: [ParNew: 15688K->15688K(18432K), 0.0000100 secs]168.658: [Tenured: 28675K->25824K(40960K), 0.0096460 secs] 44363K->25824K(59392K), [Perm : 6106K->6106K(21248K)], 0.0097020 secs] [Times: user=0.01 sys=0.00, real=0.01 secs] 
168.667: Total time for which application threads were stopped: 0.0098450 seconds, Stopping threads took: 0.0000730 seconds
168.726: Application time: 0.0592190 seconds
168.727: [GC168.727: [ParNew: 15714K->15714K(18432K), 0.0000110 secs]168.727: [Tenured: 25824K->24398K(40960K), 0.0111980 secs] 41539K->24398K(59392K), [Perm : 6106K->6106K(21248K)], 0.0112590 secs] [Times: user=0.01 sys=0.00, real=0.01 secs] 
168.738: Total time for which application threads were stopped: 0.0113950 seconds, Stopping threads took: 0.0000660 seconds
168.747: Application time: 0.0087670 seconds
168.747: [GC168.747: [ParNew: 15685K->1437K(18432K), 0.0008920 secs] 40083K->26547K(59392K), 0.0009230 secs] [Times: user=0.01 sys=0.00, real=0.00 secs] 
168.748: Total time for which application threads were stopped: 0.0011090 seconds, Stopping threads took: 0.0001280 seconds
168.754: Application time: 0.0067140 seconds
168.755: [GC168.755: [ParNew: 17124K->1435K(18432K), 0.0019340 secs] 42235K->30837K(59392K), 0.0019740 secs] [Times: user=0.02 sys=0.00, real=0.00 secs] 
168.757: Total time for which application threads were stopped: 0.0021510 seconds, Stopping threads took: 0.0001040 seconds
168.761: Application time: 0.0042210 seconds
168.761: [GC168.761: [ParNew: 17564K->17564K(18432K), 0.0000100 secs]168.761: [Tenured: 29401K->25147K(40960K), 0.0092720 secs] 46966K->25147K(59392K), [Perm : 6106K->6106K(21248K)], 0.0093270 secs] [Times: user=0.01 sys=0.00, real=0.01 secs] 
168.770: Total time for which application threads were stopped: 0.0094830 seconds, Stopping threads took: 0.0000890 seconds
168.777: Application time: 0.0068420 seconds
168.777: [GC168.777: [ParNew: 15923K->1450K(18432K), 0.0005370 secs] 41071K->26597K(59392K), 0.0005680 secs] [Times: user=0.00 sys=0.00, real=0.00 secs] 
168.778: Total time for which application threads were stopped: 0.0007220 seconds, Stopping threads took: 0.0001000 seconds
168.783: Application time: 0.0047850 seconds
168.784: [GC168.784: [ParNew: 17188K->1435K(18432K), 0.0010970 secs] 42336K->28047K(59392K), 0.0011310 secs] [Times: user=0.01 sys=0.00, real=0.00 secs] 
168.785: Total time for which application threads were stopped: 0.0020070 seconds, Stopping threads took: 0.0008140 seconds
168.790: Application time: 0.0053020 seconds
168.790: [GC168.790: [ParNew: 17115K->1425K(18432K), 0.0005830 secs] 43728K->28085K(59392K), 0.0006180 secs] [Times: user=0.00 sys=0.00, real=0.00 secs] 
168.791: Total time for which application threads were stopped: 0.0007630 seconds, Stopping threads took: 0.0000850 seconds
168.795: Application time: 0.0042820 seconds
168.796: [GC168.796: [ParNew: 17108K->1425K(18432K), 0.0012650 secs] 43768K->30223K(59392K), 0.0012940 secs] [Times: user=0.00 sys=0.00, real=0.00 secs] 
168.797: Total time for which application threads were stopped: 0.0019060 seconds, Stopping threads took: 0.0005530 seconds
168.801: Application time: 0.0040140 seconds
168.801: [GC168.801: [ParNew: 17114K->1435K(18432K), 0.0014780 secs] 45913K->33083K(59392K), 0.0015100 secs] [Times: user=0.01 sys=0.00, real=0.01 secs] 
168.803: Total time for which application threads were stopped: 0.0017060 seconds, Stopping threads took: 0.0001350 seconds
168.807: Application time: 0.0039470 seconds
168.807: [GC168.807: [ParNew: 17549K->17549K(18432K), 0.0000090 secs]168.807: [Tenured: 31648K->23748K(40960K), 0.0096370 secs] 49197K->23748K(59392K), [Perm : 6106K->6106K(21248K)], 0.0096910 secs] [Times: user=0.01 sys=0.00, real=0.01 secs] 
168.816: Total time for which application threads were stopped: 0.0098550 seconds, Stopping threads took: 0.0000980 seconds
168.820: Application time: 0.0035790 seconds
168.820: [GC168.820: [ParNew: 15802K->1440K(18432K), 0.0006960 secs] 39551K->25189K(59392K), 0.0007210 secs] [Times: user=0.00 sys=0.00, real=0.00 secs] 
168.821: Total time for which application threads were stopped: 0.0008680 seconds, Stopping threads took: 0.0000950 seconds
168.825: Application time: 0.0039520 seconds
168.825: [GC168.825: [ParNew: 17260K->1444K(18432K), 0.0006390 secs] 41009K->25192K(59392K), 0.0006670 secs] [Times: user=0.01 sys=0.00, real=0.00 secs] 
168.826: Total time for which application threads were stopped: 0.0009540 seconds, Stopping threads took: 0.0002300 seconds
168.830: Application time: 0.0041520 seconds
168.830: [GC168.830: [ParNew: 17192K->1437K(18432K), 0.0015640 secs] 40941K->28748K(59392K), 0.0015980 secs] [Times: user=0.01 sys=0.00, real=0.00 secs] 
168.832: Total time for which application threads were stopped: 0.0018500 seconds, Stopping threads took: 0.0001920 seconds
168.837: Application time: 0.0055170 seconds
168.838: [GC168.838: [ParNew: 17124K->1435K(18432K), 0.0010310 secs] 44436K->30227K(59392K), 0.0010650 secs] [Times: user=0.01 sys=0.00, real=0.00 secs] 
168.839: Total time for which application threads were stopped: 0.0019020 seconds, Stopping threads took: 0.0007750 seconds
168.844: Application time: 0.0046020 seconds
168.844: [GC168.844: [ParNew: 17535K->1465K(18432K), 0.0014390 secs] 46328K->33131K(59392K), 0.0014710 secs] [Times: user=0.01 sys=0.00, real=0.00 secs] 
168.846: Total time for which application threads were stopped: 0.0016460 seconds, Stopping threads took: 0.0001030 seconds
168.850: Application time: 0.0047410 seconds
168.851: [GC168.851: [ParNew: 17287K->17287K(18432K), 0.0000110 secs]168.851: [Tenured: 31666K->19498K(40960K), 0.0101460 secs] 48953K->19498K(59392K), [Perm : 6106K->6106K(21248K)], 0.0102050 secs] [Times: user=0.01 sys=0.00, real=0.01 secs] 
168.861: Total time for which application threads were stopped: 0.0106740 seconds, Stopping threads took: 0.0003880 seconds
168.865: Application time: 0.0037200 seconds
168.865: [GC168.865: [ParNew: 15834K->1446K(18432K), 0.0010520 secs] 35333K->22369K(59392K), 0.0010830 secs] [Times: user=0.01 sys=0.00, real=0.00 secs] 
168.866: Total time for which application threads were stopped: 0.0012480 seconds, Stopping threads took: 0.0001090 seconds
168.870: Application time: 0.0038940 seconds
168.871: [GC168.871: [ParNew: 17166K->1437K(18432K), 0.0010590 secs] 38090K->23833K(59392K), 0.0010880 secs] [Times: user=0.00 sys=0.00, real=0.00 secs] 
168.872: Total time for which application threads were stopped: 0.0017770 seconds, Stopping threads took: 0.0006130 seconds
168.875: Application time: 0.0038020 seconds
168.876: [GC168.876: [ParNew: 17129K->1433K(18432K), 0.0024450 secs] 39526K->30282K(59392K), 0.0024930 secs] [Times: user=0.02 sys=0.00, real=0.00 secs] 
168.878: Total time for which application threads were stopped: 0.0026400 seconds, Stopping threads took: 0.0000810 seconds
168.883: Application time: 0.0044760 seconds
168.883: [GC168.883: [ParNew: 17116K->1429K(18432K), 0.0014820 secs] 45965K->33152K(59392K), 0.0015130 secs] [Times: user=0.01 sys=0.00, real=0.00 secs] 
168.884: Total time for which application threads were stopped: 0.0017620 seconds, Stopping threads took: 0.0001910 seconds
168.888: Application time: 0.0040550 seconds
168.890: [GC168.890: [ParNew: 17118K->17118K(18432K), 0.0000110 secs]168.890: [Tenured: 31723K->22261K(40960K), 0.0106720 secs] 48842K->22261K(59392K), [Perm : 6106K->6106K(21248K)], 0.0107310 secs] [Times: user=0.01 sys=0.00, real=0.01 secs] 
168.901: Total time for which application threads were stopped: 0.0125720 seconds, Stopping threads took: 0.0017710 seconds
168.905: Application time: 0.0038770 seconds
168.906: [GC168.906: [ParNew: 15682K->1427K(18432K), 0.0012370 secs] 37943K->25113K(59392K), 0.0012750 secs] [Times: user=0.00 sys=0.00, real=0.00 secs] 
168.907: Total time for which application threads were stopped: 0.0022300 seconds, Stopping threads took: 0.0008840 seconds
168.911: Application time: 0.0041040 seconds
168.912: [GC168.912: [ParNew: 17108K->1425K(18432K), 0.0008000 secs] 40795K->25824K(59392K), 0.0008360 secs] [Times: user=0.00 sys=0.00, real=0.00 secs] 
168.913: Total time for which application threads were stopped: 0.0015630 seconds, Stopping threads took: 0.0006440 seconds
168.917: Application time: 0.0046240 seconds
168.918: [GC168.918: [ParNew: 17121K->1439K(18432K), 0.0013920 secs] 41521K->28688K(59392K), 0.0014290 secs] [Times: user=0.01 sys=0.00, real=0.00 secs] 
168.919: Total time for which application threads were stopped: 0.0018830 seconds, Stopping threads took: 0.0003720 seconds
168.923: Application time: 0.0038110 seconds
168.923: [GC168.923: [ParNew: 17119K->1425K(18432K), 0.0008300 secs] 44368K->29443K(59392K), 0.0008560 secs] [Times: user=0.01 sys=0.00, real=0.00 secs] 
168.924: Total time for which application threads were stopped: 0.0010660 seconds, Stopping threads took: 0.0001590 seconds
168.928: Application time: 0.0040370 seconds
168.928: [GC168.929: [ParNew: 17107K->1425K(18432K), 0.0009320 secs] 45125K->30868K(59392K), 0.0009590 secs] [Times: user=0.01 sys=0.00, real=0.00 secs] 
168.929: Total time for which application threads were stopped: 0.0013170 seconds, Stopping threads took: 0.0003060 seconds
168.935: Application time: 0.0056760 seconds
168.936: [GC168.936: [ParNew: 17663K->1476K(18432K), 0.0010210 secs] 47106K->32344K(59392K), 0.0010510 secs] [Times: user=0.01 sys=0.00, real=0.00 secs] 
168.937: Total time for which application threads were stopped: 0.0018070 seconds, Stopping threads took: 0.0006880 seconds
168.941: Application time: 0.0041030 seconds
168.941: [GC168.941: [ParNew: 17315K->1444K(18432K), 0.0015330 secs] 48183K->35226K(59392K), 0.0015760 secs] [Times: user=0.01 sys=0.00, real=0.01 secs] 
168.943: Total time for which application threads were stopped: 0.0020010 seconds, Stopping threads took: 0.0003650 seconds
168.947: Application time: 0.0038920 seconds
168.947: [GC168.947: [ParNew: 17174K->1433K(18432K), 0.0012290 secs] 50956K->37369K(59392K), 0.0012590 secs] [Times: user=0.01 sys=0.00, real=0.00 secs] 
168.948: Total time for which application threads were stopped: 0.0014120 seconds, Stopping threads took: 0.0000940 seconds
168.952: Application time: 0.0034840 seconds
168.952: [GC168.952: [ParNew: 17116K->17116K(18432K), 0.0000110 secs]168.952: [Tenured: 35935K->23716K(40960K), 0.0096350 secs] 53052K->23716K(59392K), [Perm : 6106K->6106K(21248K)], 0.0096940 secs] [Times: user=0.01 sys=0.00, real=0.01 secs] 
168.962: Total time for which application threads were stopped: 0.0098960 seconds, Stopping threads took: 0.0001320 seconds
168.966: Application time: 0.0040410 seconds
168.966: [GC168.966: [ParNew: 15682K->1425K(18432K), 0.0008810 secs] 39398K->25853K(59392K), 0.0009140 secs] [Times: user=0.01 sys=0.00, real=0.00 secs] 
168.967: Total time for which application threads were stopped: 0.0014000 seconds, Stopping threads took: 0.0004270 seconds
168.971: Application time: 0.0036790 seconds
168.971: [GC168.971: [ParNew: 17108K->1427K(18432K), 0.0013290 secs] 41536K->27993K(59392K), 0.0013600 secs] [Times: user=0.01 sys=0.00, real=0.00 secs] 
168.973: Total time for which application threads were stopped: 0.0017230 seconds, Stopping threads took: 0.0002870 seconds
168.977: Application time: 0.0044010 seconds
168.977: [GC168.977: [ParNew: 17117K->1437K(18432K), 0.0016860 secs] 43684K->31566K(59392K), 0.0017190 secs] [Times: user=0.01 sys=0.00, real=0.00 secs] 
168.979: Total time for which application threads were stopped: 0.0019430 seconds, Stopping threads took: 0.0001570 seconds
168.983: Application time: 0.0036590 seconds
168.983: [GC168.983: [ParNew: 17135K->1439K(18432K), 0.0014690 secs] 47264K->34442K(59392K), 0.0015010 secs] [Times: user=0.01 sys=0.00, real=0.00 secs] 
168.984: Total time for which application threads were stopped: 0.0017430 seconds, Stopping threads took: 0.0001840 seconds
168.988: Application time: 0.0034890 seconds
168.990: [GC168.990: [ParNew: 17119K->1427K(18432K), 0.0008550 secs] 50123K->35183K(59392K), 0.0008850 secs] [Times: user=0.01 sys=0.00, real=0.00 secs] 
168.991: Total time for which application threads were stopped: 0.0032000 seconds, Stopping threads took: 0.0022560 seconds
169.002: Application time: 0.0110070 seconds
169.002: [GC169.002: [ParNew: 17109K->1429K(18432K), 0.0007940 secs] 50865K->35184K(59392K), 0.0008250 secs] [Times: user=0.00 sys=0.00, real=0.00 secs] 
169.003: Total time for which application threads were stopped: 0.0011740 seconds, Stopping threads took: 0.0002910 seconds
169.007: Application time: 0.0037170 seconds
169.007: [GC169.007: [ParNew: 17127K->1441K(18432K), 0.0024290 secs] 50883K->40897K(59392K), 0.0024700 secs] [Times: user=0.02 sys=0.00, real=0.00 secs] 
169.010: Total time for which application threads were stopped: 0.0028900 seconds, Stopping threads took: 0.0003340 seconds
169.017: Application time: 0.0067810 seconds
169.017: [GC169.017: [ParNew: 17126K->17126K(18432K), 0.0000110 secs]169.017: [Tenured: 39456K->23716K(40960K), 0.0094610 secs] 56582K->23716K(59392K), [Perm : 6106K->6106K(21248K)], 0.0095180 secs] [Times: user=0.01 sys=0.00, real=0.01 secs] 
169.026: Total time for which application threads were stopped: 0.0096540 seconds, Stopping threads took: 0.0000670 seconds
169.034: Application time: 0.0073580 seconds
169.034: [GC169.034: [ParNew: 15679K->714K(18432K), 0.0005560 secs] 39395K->24431K(59392K), 0.0005860 secs] [Times: user=0.00 sys=0.00, real=0.01 secs] 
169.034: Total time for which application threads were stopped: 0.0007950 seconds, Stopping threads took: 0.0001530 seconds
169.041: Application time: 0.0064210 seconds
169.041: [GC169.041: [ParNew: 16403K->1431K(18432K), 0.0011110 secs] 40119K->27285K(59392K), 0.0011540 secs] [Times: user=0.00 sys=0.00, real=0.01 secs] 
169.042: Total time for which application threads were stopped: 0.0013160 seconds, Stopping threads took: 0.0001040 seconds
169.046: Application time: 0.0036540 seconds
169.046: [GC169.046: [ParNew: 17111K->712K(18432K), 0.0006850 secs] 42965K->27327K(59392K), 0.0007130 secs] [Times: user=0.01 sys=0.00, real=0.00 secs] 
169.047: Total time for which application threads were stopped: 0.0008580 seconds, Stopping threads took: 0.0000910 seconds
169.054: Application time: 0.0068990 seconds
169.054: [GC169.054: [ParNew: 16393K->1427K(18432K), 0.0010150 secs] 43007K->29466K(59392K), 0.0010490 secs] [Times: user=0.01 sys=0.00, real=0.01 secs] 
169.055: Total time for which application threads were stopped: 0.0012170 seconds, Stopping threads took: 0.0001080 seconds
169.107: Application time: 0.0519600 seconds
169.107: [GC169.107: [ParNew: 17123K->1433K(18432K), 0.0037460 secs] 45163K->40873K(59392K), 0.0037880 secs] [Times: user=0.03 sys=0.00, real=0.00 secs] 
169.111: Total time for which application threads were stopped: 0.0039630 seconds, Stopping threads took: 0.0001100 seconds
169.193: Application time: 0.0818090 seconds
169.193: [GC169.193: [ParNew: 17122K->17122K(18432K), 0.0000100 secs]169.193: [Tenured: 39440K->25854K(40960K), 0.0099400 secs] 56562K->25854K(59392K), [Perm : 6106K->6106K(21248K)], 0.0099960 secs] [Times: user=0.01 sys=0.00, real=0.02 secs] 
169.203: Total time for which application threads were stopped: 0.0102770 seconds, Stopping threads took: 0.0002160 seconds
169.274: Application time: 0.0715710 seconds
169.275: [GC169.275: [ParNew: 15691K->1425K(18432K), 0.0044800 secs] 41545K->41529K(59392K), 0.0045210 secs] [Times: user=0.03 sys=0.00, real=0.00 secs] 
169.279: Total time for which application threads were stopped: 0.0046580 seconds, Stopping threads took: 0.0000740 seconds
169.321: Application time: 0.0417140 seconds
169.321: [GC169.321: [ParNew: 17116K->17116K(18432K), 0.0000110 secs]169.321: [Tenured: 40104K->25111K(40960K), 0.0113840 secs] 57220K->25111K(59392K), [Perm : 6106K->6106K(21248K)], 0.0114460 secs] [Times: user=0.01 sys=0.00, real=0.01 secs] 
169.332: Total time for which application threads were stopped: 0.0115830 seconds, Stopping threads took: 0.0000650 seconds
169.403: Application time: 0.0708070 seconds
169.403: [GC169.403: [ParNew: 15691K->1427K(18432K), 0.0043740 secs] 40802K->40076K(59392K), 0.0044190 secs] [Times: user=0.04 sys=0.00, real=0.00 secs] 
169.408: Total time for which application threads were stopped: 0.0046150 seconds, Stopping threads took: 0.0001280 seconds
169.479: Application time: 0.0708930 seconds
169.479: [GC169.479: [ParNew: 17118K->17118K(18432K), 0.0000090 secs]169.479: [Tenured: 38649K->24398K(40960K), 0.0092870 secs] 55767K->24398K(59392K), [Perm : 6106K->6106K(21248K)], 0.0093460 secs] [Times: user=0.01 sys=0.00, real=0.01 secs] 
169.488: Total time for which application threads were stopped: 0.0094910 seconds, Stopping threads took: 0.0000700 seconds
169.559: Application time: 0.0708690 seconds
169.559: [GC169.559: [ParNew: 15691K->1425K(18432K), 0.0045840 secs] 40090K->40074K(59392K), 0.0046260 secs] [Times: user=0.03 sys=0.00, real=0.01 secs] 
169.564: Total time for which application threads were stopped: 0.0047640 seconds, Stopping threads took: 0.0000720 seconds
169.638: Application time: 0.0742860 seconds
169.638: [GC169.638: [ParNew: 17114K->17114K(18432K), 0.0000100 secs]169.638: [Tenured: 38649K->24398K(40960K), 0.0100650 secs] 55763K->24398K(59392K), [Perm : 6106K->6106K(21248K)], 0.0101260 secs] [Times: user=0.01 sys=0.00, real=0.01 secs] 
169.648: Total time for which application threads were stopped: 0.0102950 seconds, Stopping threads took: 0.0001000 seconds
169.721: Application time: 0.0722250 seconds
169.721: [GC169.721: [ParNew: 15695K->1433K(18432K), 0.0039640 secs] 40094K->37944K(59392K), 0.0040070 secs] [Times: user=0.03 sys=0.00, real=0.01 secs] 
169.725: Total time for which application threads were stopped: 0.0041780 seconds, Stopping threads took: 0.0000980 seconds
169.792: Application time: 0.0672290 seconds
169.792: [GC169.792: [ParNew: 17130K->17130K(18432K), 0.0000100 secs]169.792: [Tenured: 36511K->25825K(40960K), 0.0092480 secs] 53642K->25825K(59392K), [Perm : 6106K->6106K(21248K)], 0.0093050 secs] [Times: user=0.00 sys=0.00, real=0.01 secs] 
169.801: Total time for which application threads were stopped: 0.0094390 seconds, Stopping threads took: 0.0000680 seconds
169.875: Application time: 0.0738690 seconds
169.875: [GC169.876: [ParNew: 15697K->15697K(18432K), 0.0000100 secs]169.876: [Tenured: 25825K->25823K(40960K), 0.0102740 secs] 41523K->25823K(59392K), [Perm : 6106K->6106K(21248K)], 0.0103300 secs] [Times: user=0.01 sys=0.00, real=0.01 secs] 
169.886: Total time for which application threads were stopped: 0.0104920 seconds, Stopping threads took: 0.0000970 seconds
169.946: Application time: 0.0602980 seconds
169.946: [GC169.946: [ParNew: 15697K->15697K(18432K), 0.0000100 secs]169.946: [Tenured: 25823K->27249K(40960K), 0.0100580 secs] 41521K->27249K(59392K), [Perm : 6106K->6106K(21248K)], 0.0101190 secs] [Times: user=0.01 sys=0.00, real=0.01 secs] 
169.956: Total time for which application threads were stopped: 0.0102880 seconds, Stopping threads took: 0.0000980 seconds
170.027: Application time: 0.0707920 seconds
170.027: [GC170.027: [ParNew: 15704K->15704K(18432K), 0.0000100 secs]170.027: [Tenured: 27249K->27251K(40960K), 0.0089970 secs] 42953K->27251K(59392K), [Perm : 6106K->6106K(21248K)], 0.0090570 secs] [Times: user=0.01 sys=0.00, real=0.01 secs] 
170.036: Total time for which application threads were stopped: 0.0092380 seconds, Stopping threads took: 0.0001030 seconds
170.103: Application time: 0.0666650 seconds
170.103: [GC170.103: [ParNew: 15706K->15706K(18432K), 0.0000100 secs]170.103: [Tenured: 27251K->28678K(40960K), 0.0103870 secs] 42958K->28678K(59392K), [Perm : 6106K->6106K(21248K)], 0.0104460 secs] [Times: user=0.01 sys=0.00, real=0.00 secs] 
170.114: Total time for which application threads were stopped: 0.0106550 seconds, Stopping threads took: 0.0001200 seconds
170.180: Application time: 0.0660220 seconds
170.180: [GC170.180: [ParNew: 15689K->15689K(18432K), 0.0000110 secs]170.180: [Tenured: 28678K->28674K(40960K), 0.0129160 secs] 44367K->28674K(59392K), [Perm : 6106K->6106K(21248K)], 0.0129790 secs] [Times: user=0.02 sys=0.00, real=0.01 secs] 
170.193: Total time for which application threads were stopped: 0.0132770 seconds, Stopping threads took: 0.0002070 seconds
170.264: Application time: 0.0707140 seconds
170.264: [GC170.264: [ParNew: 15689K->15689K(18432K), 0.0000100 secs]170.264: [Tenured: 28674K->29386K(40960K), 0.0092650 secs] 44363K->29386K(59392K), [Perm : 6106K->6106K(21248K)], 0.0093260 secs] [Times: user=0.01 sys=0.00, real=0.00 secs] 
170.273: Total time for which application threads were stopped: 0.0094580 seconds, Stopping threads took: 0.0000640 seconds
170.344: Application time: 0.0712090 seconds
170.345: [GC170.345: [ParNew: 15689K->15689K(18432K), 0.0000100 secs]170.345: [Tenured: 29386K->28673K(40960K), 0.0092200 secs] 45076K->28673K(59392K), [Perm : 6106K->6106K(21248K)], 0.0092780 secs] [Times: user=0.01 sys=0.00, real=0.00 secs] 
170.354: Total time for which application threads were stopped: 0.0094120 seconds, Stopping threads took: 0.0000680 seconds
170.416: Application time: 0.0621980 seconds
170.416: [GC170.416: [ParNew: 15691K->15691K(18432K), 0.0000110 secs]170.416: [Tenured: 28673K->28674K(40960K), 0.0098830 secs] 44365K->28674K(59392K), [Perm : 6106K->6106K(21248K)], 0.0099430 secs] [Times: user=0.01 sys=0.00, real=0.01 secs] 
170.426: Total time for which application threads were stopped: 0.0101040 seconds, Stopping threads took: 0.0000920 seconds
170.486: Application time: 0.0602590 seconds
170.487: [GC170.487: [ParNew: 15691K->15691K(18432K), 0.0000090 secs]170.487: [Tenured: 28674K->28674K(40960K), 0.0091400 secs] 44365K->28674K(59392K), [Perm : 6106K->6106K(21248K)], 0.0092000 secs] [Times: user=0.00 sys=0.00, real=0.01 secs] 
170.496: Total time for which application threads were stopped: 0.0093890 seconds, Stopping threads took: 0.0001130 seconds
170.570: Application time: 0.0741950 seconds
170.570: [GC170.570: [ParNew: 15689K->15689K(18432K), 0.0000090 secs]170.570: [Tenured: 28674K->28674K(40960K), 0.0090450 secs] 44363K->28674K(59392K), [Perm : 6106K->6106K(21248K)], 0.0091050 secs] [Times: user=0.01 sys=0.00, real=0.01 secs] 
170.579: Total time for which application threads were stopped: 0.0093280 seconds, Stopping threads took: 0.0001370 seconds
170.626: Application time: 0.0463450 seconds
170.626: [GC170.626: [ParNew: 15691K->15691K(18432K), 0.0000110 secs]170.626: [Tenured: 28674K->28674K(40960K), 0.0098820 secs] 44365K->28674K(59392K), [Perm : 6106K->6106K(21248K)], 0.0099440 secs] [Times: user=0.01 sys=0.00, real=0.01 secs] 
170.636: Total time for which application threads were stopped: 0.0100940 seconds, Stopping threads took: 0.0000790 seconds
170.707: Application time: 0.0710210 seconds
170.707: [GC170.707: [ParNew: 15691K->15691K(18432K), 0.0000100 secs]170.707: [Tenured: 28674K->28674K(40960K), 0.0095670 secs] 44365K->28674K(59392K), [Perm : 6106K->6106K(21248K)], 0.0096280 secs] [Times: user=0.01 sys=0.00, real=0.01 secs] 
170.717: Total time for which application threads were stopped: 0.0098020 seconds, Stopping threads took: 0.0000870 seconds
170.782: Application time: 0.0649180 seconds
170.782: [GC170.782: [ParNew: 15707K->15707K(18432K), 0.0000110 secs]170.782: [Tenured: 28674K->25824K(40960K), 0.0122880 secs] 44381K->25824K(59392K), [Perm : 6106K->6106K(21248K)], 0.0123480 secs] [Times: user=0.01 sys=0.00, real=0.02 secs] 
170.794: Total time for which application threads were stopped: 0.0125670 seconds, Stopping threads took: 0.0001300 seconds
170.856: Application time: 0.0615880 seconds
170.856: [GC170.856: [ParNew: 15689K->1425K(18432K), 0.0041890 secs] 41513K->40074K(59392K), 0.0042330 secs] [Times: user=0.03 sys=0.00, real=0.00 secs] 
170.860: Total time for which application threads were stopped: 0.0044070 seconds, Stopping threads took: 0.0001090 seconds
170.920: Application time: 0.0596820 seconds
170.920: [GC170.920: [ParNew: 17123K->17123K(18432K), 0.0000100 secs]170.920: [Tenured: 38649K->27250K(40960K), 0.0102880 secs] 55772K->27250K(59392K), [Perm : 6106K->6106K(21248K)], 0.0103450 secs] [Times: user=0.01 sys=0.00, real=0.01 secs] 
170.930: Total time for which application threads were stopped: 0.0104820 seconds, Stopping threads took: 0.0000710 seconds
170.969: Application time: 0.0382380 seconds
170.969: [GC170.969: [ParNew: 15698K->15698K(18432K), 0.0000100 secs]170.969: [Tenured: 27250K->26536K(40960K), 0.0104720 secs] 42948K->26536K(59392K), [Perm : 6106K->6106K(21248K)], 0.0105320 secs] [Times: user=0.01 sys=0.00, real=0.01 secs] 
170.979: Total time for which application threads were stopped: 0.0106770 seconds, Stopping threads took: 0.0000770 seconds
171.050: Application time: 0.0707240 seconds
171.050: [GC171.050: [ParNew: 15698K->15698K(18432K), 0.0000100 secs]171.050: [Tenured: 26536K->25824K(40960K), 0.0110660 secs] 42235K->25824K(59392K), [Perm : 6106K->6106K(21248K)], 0.0111270 secs] [Times: user=0.01 sys=0.00, real=0.01 secs] 
171.061: Total time for which application threads were stopped: 0.0112740 seconds, Stopping threads took: 0.0000760 seconds
171.111: Application time: 0.0500450 seconds
171.111: [GC171.111: [ParNew: 15696K->15696K(18432K), 0.0000100 secs]171.111: [Tenured: 25824K->24399K(40960K), 0.0112130 secs] 41520K->24399K(59392K), [Perm : 6106K->6106K(21248K)], 0.0112720 secs] [Times: user=0.01 sys=0.00, real=0.02 secs] 
171.123: Total time for which application threads were stopped: 0.0114790 seconds, Stopping threads took: 0.0001280 seconds
171.180: Application time: 0.0567760 seconds
171.180: [GC171.180: [ParNew: 15703K->1435K(18432K), 0.0037270 secs] 40102K->36522K(59392K), 0.0037700 secs] [Times: user=0.03 sys=0.00, real=0.01 secs] 
171.184: Total time for which application threads were stopped: 0.0040500 seconds, Stopping threads took: 0.0001960 seconds
171.229: Application time: 0.0449660 seconds
171.229: [GC171.229: [ParNew: 17123K->17123K(18432K), 0.0000100 secs]171.229: [Tenured: 35087K->25826K(40960K), 0.0097880 secs] 52211K->25826K(59392K), [Perm : 6106K->6106K(21248K)], 0.0098560 secs] [Times: user=0.01 sys=0.00, real=0.01 secs] 
171.239: Total time for which application threads were stopped: 0.0099950 seconds, Stopping threads took: 0.0000700 seconds
171.298: Application time: 0.0589810 seconds
171.298: [GC171.298: [ParNew: 15688K->15688K(18432K), 0.0000110 secs]171.298: [Tenured: 25826K->25826K(40960K), 0.0098360 secs] 41514K->25826K(59392K), [Perm : 6106K->6106K(21248K)], 0.0098960 secs] [Times: user=0.01 sys=0.00, real=0.01 secs] 
171.308: Total time for which application threads were stopped: 0.0100820 seconds, Stopping threads took: 0.0001170 seconds
171.347: Application time: 0.0389160 seconds
171.347: [GC171.347: [ParNew: 15688K->15688K(18432K), 0.0000110 secs]171.347: [Tenured: 25826K->26539K(40960K), 0.0095180 secs] 41514K->26539K(59392K), [Perm : 6106K->6106K(21248K)], 0.0095810 secs] [Times: user=0.01 sys=0.00, real=0.01 secs] 
171.356: Total time for which application threads were stopped: 0.0097890 seconds, Stopping threads took: 0.0001290 seconds
171.406: Application time: 0.0501140 seconds
171.407: [GC171.407: [ParNew: 15688K->15688K(18432K), 0.0000090 secs]171.407: [Tenured: 26539K->24400K(40960K), 0.0104100 secs] 42227K->24400K(59392K), [Perm : 6106K->6106K(21248K)], 0.0104690 secs] [Times: user=0.01 sys=0.00, real=0.01 secs] 
171.417: Total time for which application threads were stopped: 0.0106200 seconds, Stopping threads took: 0.0000810 seconds
171.488: Application time: 0.0710460 seconds
171.488: [GC171.488: [ParNew: 15688K->1425K(18432K), 0.0035110 secs] 40088K->36513K(59392K), 0.0035550 secs] [Times: user=0.03 sys=0.00, real=0.00 secs] 
171.492: Total time for which application threads were stopped: 0.0037350 seconds, Stopping threads took: 0.0001140 seconds
171.521: Application time: 0.0290390 seconds
171.521: [GC171.521: [ParNew: 17113K->17113K(18432K), 0.0000110 secs]171.521: [Tenured: 35088K->24400K(40960K), 0.0100390 secs] 52202K->24400K(59392K), [Perm : 6106K->6106K(21248K)], 0.0101000 secs] [Times: user=0.01 sys=0.00, real=0.01 secs] 
171.531: Total time for which application threads were stopped: 0.0102690 seconds, Stopping threads took: 0.0000980 seconds
171.587: Application time: 0.0558020 seconds
171.587: [GC171.587: [ParNew: 15688K->1425K(18432K), 0.0036060 secs] 40088K->36513K(59392K), 0.0036480 secs] [Times: user=0.02 sys=0.00, real=0.00 secs] 
171.591: Total time for which application threads were stopped: 0.0038450 seconds, Stopping threads took: 0.0001340 seconds
171.656: Application time: 0.0653770 seconds
171.656: [GC171.656: [ParNew: 17113K->17113K(18432K), 0.0000090 secs]171.656: [Tenured: 35088K->24400K(40960K), 0.0092750 secs] 52202K->24400K(59392K), [Perm : 6106K->6106K(21248K)], 0.0093310 secs] [Times: user=0.01 sys=0.00, real=0.01 secs] 
171.666: Total time for which application threads were stopped: 0.0094970 seconds, Stopping threads took: 0.0000890 seconds
171.703: Application time: 0.0374470 seconds
171.703: [GC171.703: [ParNew: 15688K->1425K(18432K), 0.0036650 secs] 40089K->36514K(59392K), 0.0037070 secs] [Times: user=0.02 sys=0.00, real=0.00 secs] 
171.707: Total time for which application threads were stopped: 0.0038480 seconds, Stopping threads took: 0.0000780 seconds
171.766: Application time: 0.0594020 seconds
171.766: [GC171.767: [ParNew: 17120K->17120K(18432K), 0.0000100 secs]171.767: [Tenured: 35089K->23689K(40960K), 0.0098040 secs] 52209K->23689K(59392K), [Perm : 6106K->6106K(21248K)], 0.0098610 secs] [Times: user=0.01 sys=0.00, real=0.01 secs] 
171.776: Total time for which application threads were stopped: 0.0099950 seconds, Stopping threads took: 0.0000650 seconds
171.828: Application time: 0.0513410 seconds
171.828: [GC171.828: [ParNew: 15695K->1437K(18432K), 0.0038660 secs] 39384K->35815K(59392K), 0.0039100 secs] [Times: user=0.03 sys=0.00, real=0.00 secs] 
171.832: Total time for which application threads were stopped: 0.0042430 seconds, Stopping threads took: 0.0002390 seconds
171.883: Application time: 0.0509190 seconds
171.883: [GC171.883: [ParNew: 17126K->17126K(18432K), 0.0000100 secs]171.883: [Tenured: 34377K->25825K(40960K), 0.0104850 secs] 51504K->25825K(59392K), [Perm : 6106K->6106K(21248K)], 0.0105440 secs] [Times: user=0.01 sys=0.00, real=0.00 secs] 
171.894: Total time for which application threads were stopped: 0.0106810 seconds, Stopping threads took: 0.0000670 seconds
171.940: Application time: 0.0461670 seconds
171.940: [GC171.940: [ParNew: 15695K->15695K(18432K), 0.0000100 secs]171.940: [Tenured: 25825K->26539K(40960K), 0.0096430 secs] 41521K->26539K(59392K), [Perm : 6106K->6106K(21248K)], 0.0097060 secs] [Times: user=0.01 sys=0.00, real=0.01 secs] 
171.950: Total time for which application threads were stopped: 0.0098890 seconds, Stopping threads took: 0.0001030 seconds
172.003: Application time: 0.0538550 seconds
172.004: [GC172.004: [ParNew: 15695K->15695K(18432K), 0.0000100 secs]172.004: [Tenured: 26539K->26540K(40960K), 0.0113700 secs] 42234K->26540K(59392K), [Perm : 6106K->6106K(21248K)], 0.0114290 secs] [Times: user=0.01 sys=0.00, real=0.01 secs] 
172.015: Total time for which application threads were stopped: 0.0116420 seconds, Stopping threads took: 0.0001340 seconds
172.070: Application time: 0.0543960 seconds
172.070: [GC172.070: [ParNew: 15695K->15695K(18432K), 0.0000100 secs]172.070: [Tenured: 26540K->27966K(40960K), 0.0103190 secs] 42235K->27966K(59392K), [Perm : 6106K->6106K(21248K)], 0.0103790 secs] [Times: user=0.01 sys=0.00, real=0.01 secs] 
172.080: Total time for which application threads were stopped: 0.0105140 seconds, Stopping threads took: 0.0000620 seconds
172.129: Application time: 0.0488510 seconds
172.129: [GC172.129: [ParNew: 15695K->15695K(18432K), 0.0000110 secs]172.129: [Tenured: 27966K->27963K(40960K), 0.0112570 secs] 43661K->27963K(59392K), [Perm : 6106K->6106K(21248K)], 0.0113190 secs] [Times: user=0.01 sys=0.00, real=0.01 secs] 
172.140: Total time for which application threads were stopped: 0.0114560 seconds, Stopping threads took: 0.0000670 seconds
172.187: Application time: 0.0461610 seconds
172.187: [GC172.187: [ParNew: 15688K->15688K(18432K), 0.0000110 secs]172.187: [Tenured: 27963K->29388K(40960K), 0.0111140 secs] 43652K->29388K(59392K), [Perm : 6106K->6106K(21248K)], 0.0111780 secs] [Times: user=0.01 sys=0.00, real=0.01 secs] 
172.198: Total time for which application threads were stopped: 0.0113510 seconds, Stopping threads took: 0.0000930 seconds
172.265: Application time: 0.0676100 seconds
172.266: [GC172.266: [ParNew: 15715K->15715K(18432K), 0.0000170 secs]172.266: [Tenured: 29388K->27279K(40960K), 0.0096640 secs] 45104K->27279K(59392K), [Perm : 6106K->6106K(21248K)], 0.0097360 secs] [Times: user=0.01 sys=0.00, real=0.01 secs] 
172.275: Total time for which application threads were stopped: 0.0099250 seconds, Stopping threads took: 0.0001180 seconds
172.282: Application time: 0.0067470 seconds
172.283: [GC172.283: [ParNew: 15692K->15692K(18432K), 0.0000100 secs]172.283: [Tenured: 27279K->27281K(40960K), 0.0096720 secs] 42971K->27281K(59392K), [Perm : 6106K->6106K(21248K)], 0.0097330 secs] [Times: user=0.01 sys=0.00, real=0.00 secs] 
172.292: Total time for which application threads were stopped: 0.0101190 seconds, Stopping threads took: 0.0002960 seconds
172.300: Application time: 0.0072250 seconds
172.300: [GC172.300: [ParNew: 15688K->15688K(18432K), 0.0000110 secs]172.300: [Tenured: 27281K->27930K(40960K), 0.0115910 secs] 42969K->27930K(59392K), [Perm : 6106K->6106K(21248K)], 0.0116530 secs] [Times: user=0.02 sys=0.00, real=0.01 secs] 
172.312: Total time for which application threads were stopped: 0.0120250 seconds, Stopping threads took: 0.0002800 seconds
172.316: Application time: 0.0046000 seconds
172.316: [GC172.316: [ParNew: 15683K->15683K(18432K), 0.0000100 secs]172.316: [Tenured: 27930K->30069K(40960K), 0.0064640 secs] 43614K->30069K(59392K), [Perm : 6106K->6106K(21248K)], 0.0065240 secs] [Times: user=0.01 sys=0.00, real=0.01 secs] 
172.323: Total time for which application threads were stopped: 0.0067650 seconds, Stopping threads took: 0.0001640 seconds
172.328: Application time: 0.0049320 seconds
172.328: [GC172.328: [ParNew: 15681K->15681K(18432K), 0.0000100 secs]172.328: [Tenured: 30069K->27217K(40960K), 0.0092920 secs] 45750K->27217K(59392K), [Perm : 6106K->6106K(21248K)], 0.0093560 secs] [Times: user=0.01 sys=0.00, real=0.01 secs] 
172.338: Total time for which application threads were stopped: 0.0097500 seconds, Stopping threads took: 0.0003220 seconds
172.345: Application time: 0.0072370 seconds
172.345: [GC172.345: [ParNew: 15688K->15688K(18432K), 0.0000100 secs]172.345: [Tenured: 27217K->29356K(40960K), 0.0067160 secs] 42906K->29356K(59392K), [Perm : 6106K->6106K(21248K)], 0.0067760 secs] [Times: user=0.00 sys=0.00, real=0.00 secs] 
172.352: Total time for which application threads were stopped: 0.0069530 seconds, Stopping threads took: 0.0000980 seconds
172.357: Application time: 0.0052070 seconds
172.357: [GC172.357: [ParNew: 15681K->15681K(18432K), 0.0000090 secs]172.357: [Tenured: 29356K->27930K(40960K), 0.0092350 secs] 45037K->27930K(59392K), [Perm : 6106K->6106K(21248K)], 0.0092930 secs] [Times: user=0.01 sys=0.00, real=0.01 secs] 
172.366: Total time for which application threads were stopped: 0.0094410 seconds, Stopping threads took: 0.0000790 seconds
172.372: Application time: 0.0056730 seconds
172.372: [GC172.372: [ParNew: 15687K->15687K(18432K), 0.0000100 secs]172.372: [Tenured: 27930K->29357K(40960K), 0.0063140 secs] 43617K->29357K(59392K), [Perm : 6106K->6106K(21248K)], 0.0063710 secs] [Times: user=0.01 sys=0.00, real=0.01 secs] 
172.379: Total time for which application threads were stopped: 0.0065530 seconds, Stopping threads took: 0.0001150 seconds
172.382: Application time: 0.0034280 seconds
172.382: [GC172.382: [ParNew: 15679K->15679K(18432K), 0.0000110 secs]172.382: [Tenured: 29357K->30069K(40960K), 0.0069360 secs] 45036K->30069K(59392K), [Perm : 6106K->6106K(21248K)], 0.0069950 secs] [Times: user=0.01 sys=0.00, real=0.00 secs] 
172.389: Total time for which application threads were stopped: 0.0072490 seconds, Stopping threads took: 0.0001670 seconds
172.400: Application time: 0.0107920 seconds
172.400: [GC172.400: [ParNew: 15688K->15688K(18432K), 0.0000100 secs]172.400: [Tenured: 30069K->27930K(40960K), 0.0087480 secs] 45757K->27930K(59392K), [Perm : 6106K->6106K(21248K)], 0.0088090 secs] [Times: user=0.01 sys=0.00, real=0.01 secs] 
172.409: Total time for which application threads were stopped: 0.0089460 seconds, Stopping threads took: 0.0000680 seconds
172.463: Application time: 0.0540910 seconds
172.463: [GC172.463: [ParNew: 15688K->15688K(18432K), 0.0000110 secs]172.463: [Tenured: 27930K->27930K(40960K), 0.0093850 secs] 43619K->27930K(59392K), [Perm : 6106K->6106K(21248K)], 0.0094440 secs] [Times: user=0.01 sys=0.00, real=0.00 secs] 
172.473: Total time for which application threads were stopped: 0.0095830 seconds, Stopping threads took: 0.0000700 seconds
172.532: Application time: 0.0597210 seconds
172.533: [GC172.533: [ParNew: 15688K->15688K(18432K), 0.0000100 secs]172.533: [Tenured: 27930K->28642K(40960K), 0.0100650 secs] 43619K->28642K(59392K), [Perm : 6106K->6106K(21248K)], 0.0101260 secs] [Times: user=0.01 sys=0.00, real=0.02 secs] 
172.543: Total time for which application threads were stopped: 0.0102930 seconds, Stopping threads took: 0.0000950 seconds
172.595: Application time: 0.0518190 seconds
172.595: [GC172.595: [ParNew: 15688K->15688K(18432K), 0.0000110 secs]172.595: [Tenured: 28642K->29355K(40960K), 0.0101500 secs] 44331K->29355K(59392K), [Perm : 6106K->6106K(21248K)], 0.0102120 secs] [Times: user=0.01 sys=0.00, real=0.01 secs] 
172.605: Total time for which application threads were stopped: 0.0104250 seconds, Stopping threads took: 0.0001240 seconds
172.656: Application time: 0.0505650 seconds
172.656: [GC172.656: [ParNew: 15688K->15688K(18432K), 0.0000090 secs]172.656: [Tenured: 29355K->28642K(40960K), 0.0092710 secs] 45043K->28642K(59392K), [Perm : 6106K->6106K(21248K)], 0.0093360 secs] [Times: user=0.00 sys=0.00, real=0.01 secs] 
172.665: Total time for which application threads were stopped: 0.0094670 seconds, Stopping threads took: 0.0000640 seconds
172.714: Application time: 0.0491600 seconds
172.714: [GC172.714: [ParNew: 15688K->15688K(18432K), 0.0000100 secs]172.714: [Tenured: 28642K->28642K(40960K), 0.0108010 secs] 44331K->28642K(59392K), [Perm : 6106K->6106K(21248K)], 0.0108630 secs] [Times: user=0.01 sys=0.00, real=0.01 secs] 
172.725: Total time for which application threads were stopped: 0.0110670 seconds, Stopping threads took: 0.0001250 seconds
172.783: Application time: 0.0580970 seconds
172.783: [GC172.784: [ParNew: 15688K->15688K(18432K), 0.0000100 secs]172.784: [Tenured: 28642K->29355K(40960K), 0.0093810 secs] 44330K->29355K(59392K), [Perm : 6106K->6106K(21248K)], 0.0094400 secs] [Times: user=0.01 sys=0.00, real=0.00 secs] 
172.793: Total time for which application threads were stopped: 0.0095720 seconds, Stopping threads took: 0.0000610 seconds
172.842: Application time: 0.0488600 seconds
172.842: [GC172.842: [ParNew: 15687K->15687K(18432K), 0.0000110 secs]172.842: [Tenured: 29355K->28642K(40960K), 0.0100420 secs] 45042K->28642K(59392K), [Perm : 6106K->6106K(21248K)], 0.0101040 secs] [Times: user=0.01 sys=0.00, real=0.01 secs] 
172.852: Total time for which application threads were stopped: 0.0102420 seconds, Stopping threads took: 0.0000680 seconds
172.904: Application time: 0.0523510 seconds
172.905: [GC172.905: [ParNew: 15691K->15691K(18432K), 0.0000100 secs]172.905: [Tenured: 28642K->26542K(40960K), 0.0088140 secs] 44333K->26542K(59392K), [Perm : 6106K->6106K(21248K)], 0.0088730 secs] [Times: user=0.01 sys=0.00, real=0.00 secs] 
172.913: Total time for which application threads were stopped: 0.0090580 seconds, Stopping threads took: 0.0001170 seconds
172.923: Application time: 0.0094470 seconds
172.924: [GC172.924: [ParNew: 16383K->16383K(18432K), 0.0000120 secs]172.924: [Tenured: 26542K->24372K(40960K), 0.0100440 secs] 42926K->24372K(59392K), [Perm : 6106K->6106K(21248K)], 0.0101020 secs] [Times: user=0.01 sys=0.00, real=0.00 secs] 
172.934: Total time for which application threads were stopped: 0.0107710 seconds, Stopping threads took: 0.0005770 seconds
172.940: Application time: 0.0060840 seconds
172.940: [GC172.940: [ParNew: 15754K->1437K(18432K), 0.0013950 secs] 40126K->28659K(59392K), 0.0014300 secs] [Times: user=0.01 sys=0.00, real=0.00 secs] 
172.941: Total time for which application threads were stopped: 0.0016390 seconds, Stopping threads took: 0.0001270 seconds
172.946: Application time: 0.0043980 seconds
172.946: [GC172.946: [ParNew: 17122K->17122K(18432K), 0.0000110 secs]172.946: [Tenured: 27222K->26504K(40960K), 0.0104590 secs] 44345K->26504K(59392K), [Perm : 6106K->6106K(21248K)], 0.0105290 secs] [Times: user=0.01 sys=0.00, real=0.01 secs] 
172.957: Total time for which application threads were stopped: 0.0107440 seconds, Stopping threads took: 0.0001410 seconds
172.961: Application time: 0.0040280 seconds
172.961: [GC172.961: [ParNew: 15681K->15681K(18432K), 0.0000100 secs]172.961: [Tenured: 26504K->27217K(40960K), 0.0090710 secs] 42186K->27217K(59392K), [Perm : 6106K->6106K(21248K)], 0.0091290 secs] [Times: user=0.01 sys=0.00, real=0.01 secs] 
172.970: Total time for which application threads were stopped: 0.0095330 seconds, Stopping threads took: 0.0003360 seconds
172.974: Application time: 0.0039330 seconds
172.975: [GC172.975: [ParNew: 15679K->15679K(18432K), 0.0000100 secs]172.975: [Tenured: 27217K->26504K(40960K), 0.0061890 secs] 42896K->26504K(59392K), [Perm : 6106K->6106K(21248K)], 0.0062410 secs] [Times: user=0.00 sys=0.00, real=0.00 secs] 
172.981: Total time for which application threads were stopped: 0.0071360 seconds, Stopping threads took: 0.0008090 seconds
172.986: Application time: 0.0048520 seconds
172.987: [GC172.987: [ParNew: 15693K->15693K(18432K), 0.0000110 secs]172.987: [Tenured: 26504K->27217K(40960K), 0.0089650 secs] 42198K->27217K(59392K), [Perm : 6106K->6106K(21248K)], 0.0090270 secs] [Times: user=0.01 sys=0.00, real=0.01 secs] 
172.996: Total time for which application threads were stopped: 0.0098440 seconds, Stopping threads took: 0.0007180 seconds
173.000: Application time: 0.0042580 seconds
173.000: [GC173.000: [ParNew: 15681K->15681K(18432K), 0.0000110 secs]173.001: [Tenured: 27217K->26504K(40960K), 0.0106660 secs] 42899K->26504K(59392K), [Perm : 6106K->6106K(21248K)], 0.0107350 secs] [Times: user=0.01 sys=0.00, real=0.01 secs] 
173.011: Total time for which application threads were stopped: 0.0110690 seconds, Stopping threads took: 0.0002560 seconds
173.016: Application time: 0.0047970 seconds
173.016: [GC173.016: [ParNew: 15679K->15679K(18432K), 0.0000110 secs]173.017: [Tenured: 26504K->28642K(40960K), 0.0076760 secs] 42184K->28642K(59392K), [Perm : 6106K->6106K(21248K)], 0.0077300 secs] [Times: user=0.01 sys=0.00, real=0.01 secs] 
173.024: Total time for which application threads were stopped: 0.0081770 seconds, Stopping threads took: 0.0003600 seconds
173.029: Application time: 0.0047350 seconds
173.029: [GC173.029: [ParNew: 15688K->15688K(18432K), 0.0000100 secs]173.029: [Tenured: 28642K->24367K(40960K), 0.0087090 secs] 44331K->24367K(59392K), [Perm : 6106K->6106K(21248K)], 0.0088000 secs] [Times: user=0.01 sys=0.00, real=0.01 secs] 
173.038: Total time for which application threads were stopped: 0.0091320 seconds, Stopping threads took: 0.0002410 seconds
173.043: Application time: 0.0045240 seconds
173.043: [GC173.043: [ParNew: 15685K->1425K(18432K), 0.0017370 secs] 40052K->29355K(59392K), 0.0017710 secs] [Times: user=0.01 sys=0.00, real=0.00 secs] 
173.045: Total time for which application threads were stopped: 0.0020140 seconds, Stopping threads took: 0.0001650 seconds
173.050: Application time: 0.0049790 seconds
173.050: [GC173.050: [ParNew: 17108K->17108K(18432K), 0.0000090 secs]173.050: [Tenured: 27930K->25792K(40960K), 0.0088970 secs] 45039K->25792K(59392K), [Perm : 6106K->6106K(21248K)], 0.0089560 secs] [Times: user=0.01 sys=0.00, real=0.01 secs] 
173.059: Total time for which application threads were stopped: 0.0090890 seconds, Stopping threads took: 0.0000580 seconds
173.062: Application time: 0.0035900 seconds
173.062: [GC173.062: [ParNew: 15690K->15690K(18432K), 0.0000110 secs]173.062: [Tenured: 25792K->27217K(40960K), 0.0091270 secs] 41482K->27217K(59392K), [Perm : 6106K->6106K(21248K)], 0.0091850 secs] [Times: user=0.00 sys=0.00, real=0.00 secs] 
173.072: Total time for which application threads were stopped: 0.0093210 seconds, Stopping threads took: 0.0000660 seconds
173.075: Application time: 0.0036920 seconds
173.075: [GC173.076: [ParNew: 15682K->15682K(18432K), 0.0000100 secs]173.076: [Tenured: 27217K->27217K(40960K), 0.0065750 secs] 42900K->27217K(59392K), [Perm : 6106K->6106K(21248K)], 0.0066330 secs] [Times: user=0.01 sys=0.00, real=0.01 secs] 
173.082: Total time for which application threads were stopped: 0.0068230 seconds, Stopping threads took: 0.0001250 seconds
173.086: Application time: 0.0033940 seconds
173.086: [GC173.086: [ParNew: 15688K->15688K(18432K), 0.0000110 secs]173.086: [Tenured: 27217K->29356K(40960K), 0.0080300 secs] 42906K->29356K(59392K), [Perm : 6106K->6106K(21248K)], 0.0080870 secs] [Times: user=0.01 sys=0.00, real=0.00 secs] 
173.094: Total time for which application threads were stopped: 0.0084330 seconds, Stopping threads took: 0.0002590 seconds
173.097: Application time: 0.0031060 seconds
173.097: [GC173.098: [ParNew: 15681K->15681K(18432K), 0.0000100 secs]173.098: [Tenured: 29356K->27217K(40960K), 0.0073300 secs] 45037K->27217K(59392K), [Perm : 6106K->6106K(21248K)], 0.0073920 secs] [Times: user=0.00 sys=0.00, real=0.01 secs] 
173.105: Total time for which application threads were stopped: 0.0078170 seconds, Stopping threads took: 0.0003430 seconds
173.108: Application time: 0.0035540 seconds
173.109: [GC173.109: [ParNew: 15689K->15689K(18432K), 0.0000100 secs]173.109: [Tenured: 27217K->29356K(40960K), 0.0066050 secs] 42907K->29356K(59392K), [Perm : 6106K->6106K(21248K)], 0.0066640 secs] [Times: user=0.01 sys=0.00, real=0.01 secs] 
173.115: Total time for which application threads were stopped: 0.0068210 seconds, Stopping threads took: 0.0000810 seconds
173.139: Application time: 0.0234500 seconds
173.139: [GC173.139: [ParNew: 15690K->15690K(18432K), 0.0000100 secs]173.139: [Tenured: 29356K->25792K(40960K), 0.0096840 secs] 45046K->25792K(59392K), [Perm : 6106K->6106K(21248K)], 0.0097430 secs] [Times: user=0.01 sys=0.00, real=0.01 secs] 
173.149: Total time for which application threads were stopped: 0.0098770 seconds, Stopping threads took: 0.0000660 seconds
173.190: Application time: 0.0416490 seconds
173.190: [GC173.190: [ParNew: 15719K->15719K(18432K), 0.0000090 secs]173.190: [Tenured: 25792K->26533K(40960K), 0.0094760 secs] 41511K->26533K(59392K), [Perm : 6106K->6106K(21248K)], 0.0095340 secs] [Times: user=0.01 sys=0.00, real=0.01 secs] 
173.200: Total time for which application threads were stopped: 0.0096610 seconds, Stopping threads took: 0.0000570 seconds
173.208: Application time: 0.0081240 seconds
173.208: [GC173.208: [ParNew: 15677K->15677K(18432K), 0.0000110 secs]173.208: [Tenured: 26533K->25791K(40960K), 0.0108390 secs] 42211K->25791K(59392K), [Perm : 6106K->6106K(21248K)], 0.0109000 secs] [Times: user=0.01 sys=0.00, real=0.01 secs] 
173.219: Total time for which application threads were stopped: 0.0111810 seconds, Stopping threads took: 0.0002080 seconds
173.225: Application time: 0.0061960 seconds
173.226: [GC173.226: [ParNew: 15687K->15687K(18432K), 0.0000100 secs]173.226: [Tenured: 25791K->27929K(40960K), 0.0089590 secs] 41479K->27929K(59392K), [Perm : 6106K->6106K(21248K)], 0.0090170 secs] [Times: user=0.00 sys=0.00, real=0.01 secs] 
173.235: Total time for which application threads were stopped: 0.0092860 seconds, Stopping threads took: 0.0001780 seconds
173.238: Application time: 0.0037810 seconds
173.239: [GC173.239: [ParNew: 15681K->15681K(18432K), 0.0000110 secs]173.239: [Tenured: 27929K->27216K(40960K), 0.0093640 secs] 43610K->27216K(59392K), [Perm : 6106K->6106K(21248K)], 0.0094270 secs] [Times: user=0.00 sys=0.00, real=0.01 secs] 
173.248: Total time for which application threads were stopped: 0.0096890 seconds, Stopping threads took: 0.0001710 seconds
173.255: Application time: 0.0063830 seconds
173.255: [GC173.255: [ParNew: 15687K->15687K(18432K), 0.0000110 secs]173.255: [Tenured: 27216K->28642K(40960K), 0.0090340 secs] 42904K->28642K(59392K), [Perm : 6106K->6106K(21248K)], 0.0090930 secs] [Times: user=0.00 sys=0.00, real=0.01 secs] 
173.264: Total time for which application threads were stopped: 0.0092350 seconds, Stopping threads took: 0.0000720 seconds
173.271: Application time: 0.0072250 seconds
173.271: [GC173.271: [ParNew: 15680K->15680K(18432K), 0.0000100 secs]173.271: [Tenured: 28642K->25079K(40960K), 0.0089570 secs] 44322K->25079K(59392K), [Perm : 6106K->6106K(21248K)], 0.0090160 secs] [Times: user=0.01 sys=0.00, real=0.01 secs] 
173.280: Total time for which application threads were stopped: 0.0091420 seconds, Stopping threads took: 0.0000570 seconds
173.286: Application time: 0.0062640 seconds
173.287: [GC173.287: [ParNew: 16221K->16221K(18432K), 0.0000100 secs]173.287: [Tenured: 25079K->25118K(40960K), 0.0062820 secs] 41301K->25118K(59392K), [Perm : 6106K->6106K(21248K)], 0.0063410 secs] [Times: user=0.01 sys=0.00, real=0.00 secs] 
173.293: Total time for which application threads were stopped: 0.0065130 seconds, Stopping threads took: 0.0001040 seconds
173.297: Application time: 0.0035690 seconds
173.297: [GC173.297: [ParNew: 15800K->1440K(18432K), 0.0007650 secs] 40919K->26559K(59392K), 0.0007950 secs] [Times: user=0.00 sys=0.00, real=0.00 secs] 
173.298: Total time for which application threads were stopped: 0.0009740 seconds, Stopping threads took: 0.0001220 seconds
173.302: Application time: 0.0043740 seconds
173.303: [GC173.303: [ParNew: 17214K->17214K(18432K), 0.0000110 secs]173.303: [Tenured: 25118K->25108K(40960K), 0.0100900 secs] 42332K->25108K(59392K), [Perm : 6106K->6106K(21248K)], 0.0101520 secs] [Times: user=0.01 sys=0.00, real=0.00 secs] 
173.313: Total time for which application threads were stopped: 0.0110920 seconds, Stopping threads took: 0.0008680 seconds
173.318: Application time: 0.0051850 seconds
173.318: [GC173.318: [ParNew: 15690K->1435K(18432K), 0.0017910 secs] 40799K->30819K(59392K), 0.0018360 secs] [Times: user=0.01 sys=0.00, real=0.00 secs] 
173.320: Total time for which application threads were stopped: 0.0019890 seconds, Stopping threads took: 0.0000910 seconds
173.328: Application time: 0.0074510 seconds
173.328: [GC173.328: [ParNew: 17114K->17114K(18432K), 0.0000110 secs]173.328: [Tenured: 29384K->27246K(40960K), 0.0099310 secs] 46498K->27246K(59392K), [Perm : 6106K->6106K(21248K)], 0.0099940 secs] [Times: user=0.01 sys=0.00, real=0.01 secs] 
173.338: Total time for which application threads were stopped: 0.0102880 seconds, Stopping threads took: 0.0002200 seconds
173.344: Application time: 0.0058560 seconds
173.344: [GC173.344: [ParNew: 15683K->15683K(18432K), 0.0000100 secs]173.344: [Tenured: 27246K->25791K(40960K), 0.0099160 secs] 42929K->25791K(59392K), [Perm : 6106K->6106K(21248K)], 0.0099740 secs] [Times: user=0.01 sys=0.00, real=0.00 secs] 
173.354: Total time for which application threads were stopped: 0.0101220 seconds, Stopping threads took: 0.0000750 seconds
173.359: Application time: 0.0055860 seconds
173.360: [GC173.360: [ParNew: 16098K->16098K(18432K), 0.0000100 secs]173.360: [Tenured: 25791K->22263K(40960K), 0.0082650 secs] 41890K->22263K(59392K), [Perm : 6106K->6106K(21248K)], 0.0083210 secs] [Times: user=0.01 sys=0.00, real=0.01 secs] 
173.368: Total time for which application threads were stopped: 0.0085160 seconds, Stopping threads took: 0.0001250 seconds
173.376: Application time: 0.0079120 seconds
173.376: [GC173.376: [ParNew: 15976K->735K(18432K), 0.0004670 secs] 38239K->22998K(59392K), 0.0004990 secs] [Times: user=0.01 sys=0.00, real=0.00 secs] 
173.377: Total time for which application threads were stopped: 0.0006710 seconds, Stopping threads took: 0.0001140 seconds
173.382: Application time: 0.0053430 seconds
173.382: [GC173.382: [ParNew: 16456K->1439K(18432K), 0.0012110 secs] 38719K->25839K(59392K), 0.0012420 secs] [Times: user=0.01 sys=0.00, real=0.00 secs] 
173.383: Total time for which application threads were stopped: 0.0013810 seconds, Stopping threads took: 0.0000710 seconds
173.387: Application time: 0.0040840 seconds
173.388: [GC173.388: [ParNew: 17122K->1425K(18432K), 0.0014170 secs] 41523K->28715K(59392K), 0.0014500 secs] [Times: user=0.01 sys=0.00, real=0.00 secs] 
173.390: Total time for which application threads were stopped: 0.0021940 seconds, Stopping threads took: 0.0006810 seconds
173.393: Application time: 0.0038550 seconds
173.394: [GC173.394: [ParNew: 17114K->17114K(18432K), 0.0000110 secs]173.394: [Tenured: 27290K->25108K(40960K), 0.0107040 secs] 44405K->25108K(59392K), [Perm : 6106K->6106K(21248K)], 0.0107670 secs] [Times: user=0.01 sys=0.00, real=0.01 secs] 
173.405: Total time for which application threads were stopped: 0.0116990 seconds, Stopping threads took: 0.0008610 seconds
173.409: Application time: 0.0035940 seconds
173.409: [GC173.409: [ParNew: 15682K->1425K(18432K), 0.0012920 secs] 40791K->28671K(59392K), 0.0013290 secs] [Times: user=0.01 sys=0.00, real=0.00 secs] 
173.410: Total time for which application threads were stopped: 0.0016660 seconds, Stopping threads took: 0.0002760 seconds
173.415: Application time: 0.0049620 seconds
173.416: [GC173.416: [ParNew: 17110K->1435K(18432K), 0.0011160 secs] 44357K->30106K(59392K), 0.0011470 secs] [Times: user=0.01 sys=0.00, real=0.00 secs] 
173.417: Total time for which application threads were stopped: 0.0014000 seconds, Stopping threads took: 0.0001950 seconds
173.420: Application time: 0.0030320 seconds
173.420: [GC173.420: [ParNew: 17115K->17115K(18432K), 0.0000110 secs]173.420: [Tenured: 28671K->26533K(40960K), 0.0092690 secs] 45786K->26533K(59392K), [Perm : 6106K->6106K(21248K)], 0.0093300 secs] [Times: user=0.01 sys=0.00, real=0.01 secs] 
173.429: Total time for which application threads were stopped: 0.0096170 seconds, Stopping threads took: 0.0002160 seconds
173.433: Application time: 0.0032780 seconds
173.433: [GC173.433: [ParNew: 15679K->1427K(18432K), 0.0008800 secs] 42213K->28673K(59392K), 0.0009200 secs] [Times: user=0.00 sys=0.00, real=0.01 secs] 
173.434: Total time for which application threads were stopped: 0.0015270 seconds, Stopping threads took: 0.0005310 seconds
173.442: Application time: 0.0079020 seconds
173.442: [GC173.442: [ParNew: 17123K->1439K(18432K), 0.0013390 secs] 44370K->30823K(59392K), 0.0013760 secs] [Times: user=0.00 sys=0.00, real=0.00 secs] 
173.444: Total time for which application threads were stopped: 0.0015990 seconds, Stopping threads took: 0.0001460 seconds
173.451: Application time: 0.0067830 seconds
173.451: [GC173.451: [ParNew: 17120K->1425K(18432K), 0.0008450 secs] 46504K->31585K(59392K), 0.0008770 secs] [Times: user=0.00 sys=0.00, real=0.00 secs] 
173.452: Total time for which application threads were stopped: 0.0013490 seconds, Stopping threads took: 0.0004130 seconds
173.458: Application time: 0.0060230 seconds
173.458: [GC173.458: [ParNew: 17688K->1472K(18432K), 0.0017950 secs] 47848K->35908K(59392K), 0.0018300 secs] [Times: user=0.01 sys=0.00, real=0.00 secs] 
173.460: Total time for which application threads were stopped: 0.0019850 seconds, Stopping threads took: 0.0000830 seconds
173.464: Application time: 0.0041560 seconds
173.464: [GC173.464: [ParNew: 17316K->17316K(18432K), 0.0000110 secs]173.464: [Tenured: 34435K->22238K(40960K), 0.0115030 secs] 51751K->22238K(59392K), [Perm : 6106K->6106K(21248K)], 0.0115630 secs] [Times: user=0.01 sys=0.00, real=0.01 secs] 
173.476: Total time for which application threads were stopped: 0.0117560 seconds, Stopping threads took: 0.0001220 seconds
173.480: Application time: 0.0038490 seconds
173.480: [GC173.480: [ParNew: 15690K->1435K(18432K), 0.0012350 secs] 37928K->25098K(59392K), 0.0012700 secs] [Times: user=0.01 sys=0.00, real=0.00 secs] 
173.481: Total time for which application threads were stopped: 0.0016340 seconds, Stopping threads took: 0.0003030 seconds
173.487: Application time: 0.0056090 seconds
173.487: [GC173.487: [ParNew: 17123K->1437K(18432K), 0.0009800 secs] 40786K->26565K(59392K), 0.0010100 secs] [Times: user=0.01 sys=0.00, real=0.00 secs] 
173.488: Total time for which application threads were stopped: 0.0011870 seconds, Stopping threads took: 0.0001030 seconds
173.496: Application time: 0.0078140 seconds
173.496: [GC173.496: [ParNew: 17120K->1435K(18432K), 0.0008450 secs] 42248K->27323K(59392K), 0.0008730 secs] [Times: user=0.00 sys=0.00, real=0.00 secs] 
173.497: Total time for which application threads were stopped: 0.0010080 seconds, Stopping threads took: 0.0000810 seconds
173.501: Application time: 0.0040100 seconds
173.501: [GC173.501: [ParNew: 17112K->1425K(18432K), 0.0008680 secs] 43001K->28066K(59392K), 0.0008980 secs] [Times: user=0.01 sys=0.00, real=0.00 secs] 
173.502: Total time for which application threads were stopped: 0.0010540 seconds, Stopping threads took: 0.0000980 seconds
173.509: Application time: 0.0067510 seconds
173.509: [GC173.509: [ParNew: 17112K->1439K(18432K), 0.0009790 secs] 43754K->29505K(59392K), 0.0010080 secs] [Times: user=0.01 sys=0.00, real=0.00 secs] 
173.510: Total time for which application threads were stopped: 0.0012600 seconds, Stopping threads took: 0.0001950 seconds
173.516: Application time: 0.0054970 seconds
173.516: [GC173.516: [ParNew: 17123K->1425K(18432K), 0.0021400 secs] 45189K->34527K(59392K), 0.0021790 secs] [Times: user=0.01 sys=0.00, real=0.00 secs] 
173.518: Total time for which application threads were stopped: 0.0025090 seconds, Stopping threads took: 0.0002570 seconds
173.525: Application time: 0.0065330 seconds
173.526: [GC173.526: [ParNew: 17107K->1425K(18432K), 0.0015760 secs] 50209K->37377K(59392K), 0.0016070 secs] [Times: user=0.01 sys=0.00, real=0.00 secs] 
173.528: Total time for which application threads were stopped: 0.0032200 seconds, Stopping threads took: 0.0015540 seconds
173.546: Application time: 0.0178500 seconds
173.546: [GC173.546: [ParNew: 17115K->17115K(18432K), 0.0000100 secs]173.546: [Tenured: 35952K->25079K(40960K), 0.0099910 secs] 53067K->25079K(59392K), [Perm : 6106K->6106K(21248K)], 0.0100600 secs] [Times: user=0.01 sys=0.00, real=0.01 secs] 
173.556: Total time for which application threads were stopped: 0.0105970 seconds, Stopping threads took: 0.0004670 seconds
173.562: Application time: 0.0058910 seconds
173.562: [GC173.562: [ParNew: 15679K->714K(18432K), 0.0006600 secs] 40758K->25794K(59392K), 0.0006930 secs] [Times: user=0.01 sys=0.00, real=0.00 secs] 
173.563: Total time for which application threads were stopped: 0.0008610 seconds, Stopping threads took: 0.0001080 seconds
173.579: Application time: 0.0155570 seconds
173.579: [GC173.579: [ParNew: 16405K->1435K(18432K), 0.0016830 secs] 41484K->30789K(59392K), 0.0017220 secs] [Times: user=0.01 sys=0.00, real=0.00 secs] 
173.580: Total time for which application threads were stopped: 0.0019130 seconds, Stopping threads took: 0.0001280 seconds
173.654: Application time: 0.0739660 seconds
173.655: [GC173.655: [ParNew (promotion failed): 17566K->17599K(18432K), 0.0040680 secs]173.659: [Tenured: 40787K->22265K(40960K), 0.0103320 secs] 46921K->22265K(59392K), [Perm : 6106K->6106K(21248K)], 0.0144620 secs] [Times: user=0.04 sys=0.00, real=0.01 secs] 
173.669: Total time for which application threads were stopped: 0.0145940 seconds, Stopping threads took: 0.0000640 seconds
173.685: Application time: 0.0155700 seconds
173.685: [GC173.685: [ParNew: 15988K->1437K(18432K), 0.0014700 secs] 38253K->25839K(59392K), 0.0015030 secs] [Times: user=0.01 sys=0.00, real=0.00 secs] 
173.686: Total time for which application threads were stopped: 0.0016460 seconds, Stopping threads took: 0.0000820 seconds
173.694: Application time: 0.0078810 seconds
173.694: [GC173.694: [ParNew: 17120K->1437K(18432K), 0.0008480 secs] 41523K->26568K(59392K), 0.0008790 secs] [Times: user=0.01 sys=0.00, real=0.00 secs] 
173.695: Total time for which application threads were stopped: 0.0010070 seconds, Stopping threads took: 0.0000700 seconds
173.699: Application time: 0.0038100 seconds
173.699: [GC173.699: [ParNew: 17118K->1425K(18432K), 0.0020010 secs] 42249K->30863K(59392K), 0.0020400 secs] [Times: user=0.02 sys=0.00, real=0.00 secs] 
173.701: Total time for which application threads were stopped: 0.0021980 seconds, Stopping threads took: 0.0000940 seconds
173.707: Application time: 0.0061530 seconds
173.707: [GC173.707: [ParNew: 17118K->1437K(18432K), 0.0015680 secs] 46557K->34437K(59392K), 0.0015990 secs] [Times: user=0.02 sys=0.00, real=0.00 secs] 
173.709: Total time for which application threads were stopped: 0.0017560 seconds, Stopping threads took: 0.0000980 seconds
173.716: Application time: 0.0065860 seconds
173.716: [GC173.716: [ParNew: 17115K->17115K(18432K), 0.0000110 secs]173.716: [Tenured: 33000K->25821K(40960K), 0.0093620 secs] 50116K->25821K(59392K), [Perm : 6106K->6106K(21248K)], 0.0094210 secs] [Times: user=0.01 sys=0.00, real=0.01 secs] 
173.725: Total time for which application threads were stopped: 0.0096090 seconds, Stopping threads took: 0.0001190 seconds
173.731: Application time: 0.0061530 seconds
173.732: [GC173.732: [ParNew: 15681K->1425K(18432K), 0.0010130 secs] 41503K->28672K(59392K), 0.0010420 secs] [Times: user=0.00 sys=0.00, real=0.00 secs] 
173.733: Total time for which application threads were stopped: 0.0011960 seconds, Stopping threads took: 0.0000850 seconds
173.737: Application time: 0.0040160 seconds
173.737: [GC173.737: [ParNew: 17113K->1431K(18432K), 0.0016060 secs] 44360K->31528K(59392K), 0.0016390 secs] [Times: user=0.01 sys=0.00, real=0.00 secs] 
173.738: Total time for which application threads were stopped: 0.0018140 seconds, Stopping threads took: 0.0001150 seconds
173.742: Application time: 0.0034850 seconds
173.742: [GC173.742: [ParNew: 17110K->1425K(18432K), 0.0008400 secs] 47207K->32274K(59392K), 0.0008700 secs] [Times: user=0.00 sys=0.00, real=0.00 secs] 
173.743: Total time for which application threads were stopped: 0.0010500 seconds, Stopping threads took: 0.0001240 seconds
173.788: Application time: 0.0446590 seconds
173.788: [GC173.788: [ParNew: 17117K->1435K(18432K), 0.0022250 secs] 47967K->38697K(59392K), 0.0022690 secs] [Times: user=0.02 sys=0.00, real=0.00 secs] 
173.790: Total time for which application threads were stopped: 0.0024100 seconds, Stopping threads took: 0.0000700 seconds
173.864: Application time: 0.0739940 seconds
173.864: [GC173.864: [ParNew: 17126K->17126K(18432K), 0.0000110 secs]173.864: [Tenured: 37262K->24366K(40960K), 0.0110810 secs] 54389K->24366K(59392K), [Perm : 6106K->6106K(21248K)], 0.0111390 secs] [Times: user=0.01 sys=0.00, real=0.01 secs] 
173.875: Total time for which application threads were stopped: 0.0112790 seconds, Stopping threads took: 0.0000710 seconds
173.928: Application time: 0.0530520 seconds
173.929: [GC173.929: [ParNew: 15691K->1425K(18432K), 0.0045400 secs] 40058K->40041K(59392K), 0.0045800 secs] [Times: user=0.03 sys=0.00, real=0.00 secs] 
173.933: Total time for which application threads were stopped: 0.0047400 seconds, Stopping threads took: 0.0000970 seconds
173.994: Application time: 0.0613050 seconds
173.995: [GC173.995: [ParNew: 17116K->17116K(18432K), 0.0000110 secs]173.995: [Tenured: 38616K->25791K(40960K), 0.0103180 secs] 55733K->25791K(59392K), [Perm : 6106K->6106K(21248K)], 0.0103800 secs] [Times: user=0.01 sys=0.00, real=0.01 secs] 
174.005: Total time for which application threads were stopped: 0.0105430 seconds, Stopping threads took: 0.0000930 seconds
174.079: Application time: 0.0738530 seconds
174.079: [GC174.079: [ParNew: 15691K->1427K(18432K), 0.0045880 secs] 41483K->40756K(59392K), 0.0046320 secs] [Times: user=0.04 sys=0.00, real=0.01 secs] 
174.084: Total time for which application threads were stopped: 0.0047700 seconds, Stopping threads took: 0.0000700 seconds
174.151: Application time: 0.0671100 seconds
174.151: [GC174.151: [ParNew: 17118K->17118K(18432K), 0.0000100 secs]174.151: [Tenured: 39329K->25079K(40960K), 0.0090460 secs] 56448K->25079K(59392K), [Perm : 6106K->6106K(21248K)], 0.0091060 secs] [Times: user=0.01 sys=0.00, real=0.01 secs] 
174.160: Total time for which application threads were stopped: 0.0092460 seconds, Stopping threads took: 0.0000730 seconds
174.223: Application time: 0.0629160 seconds
174.223: [GC174.223: [ParNew: 15691K->1425K(18432K), 0.0045550 secs] 40770K->40754K(59392K), 0.0045990 secs] [Times: user=0.03 sys=0.00, real=0.00 secs] 
174.228: Total time for which application threads were stopped: 0.0047600 seconds, Stopping threads took: 0.0000960 seconds
174.302: Application time: 0.0740350 seconds
174.302: [GC174.302: [ParNew: 17129K->17129K(18432K), 0.0000100 secs]174.302: [Tenured: 39329K->25080K(40960K), 0.0097750 secs] 56458K->25080K(59392K), [Perm : 6106K->6106K(21248K)], 0.0098370 secs] [Times: user=0.01 sys=0.00, real=0.01 secs] 
174.312: Total time for which application threads were stopped: 0.0100150 seconds, Stopping threads took: 0.0000970 seconds
174.379: Application time: 0.0668290 seconds
174.379: [GC174.379: [ParNew: 15697K->1429K(18432K), 0.0046370 secs] 40778K->40760K(59392K), 0.0046820 secs] [Times: user=0.04 sys=0.00, real=0.01 secs] 
174.383: Total time for which application threads were stopped: 0.0048580 seconds, Stopping threads took: 0.0001100 seconds
174.445: Application time: 0.0618930 seconds
174.446: [GC174.446: [ParNew: 17120K->17120K(18432K), 0.0000110 secs]174.446: [Tenured: 39331K->26504K(40960K), 0.0103430 secs] 56451K->26504K(59392K), [Perm : 6106K->6106K(21248K)], 0.0104040 secs] [Times: user=0.01 sys=0.00, real=0.01 secs] 
174.456: Total time for which application threads were stopped: 0.0107340 seconds, Stopping threads took: 0.0002630 seconds
174.530: Application time: 0.0743130 seconds
174.531: [GC174.531: [ParNew: 15704K->15704K(18432K), 0.0000100 secs]174.531: [Tenured: 26504K->25793K(40960K), 0.0089310 secs] 42208K->25793K(59392K), [Perm : 6106K->6106K(21248K)], 0.0089910 secs] [Times: user=0.01 sys=0.00, real=0.01 secs] 
174.540: Total time for which application threads were stopped: 0.0093070 seconds, Stopping threads took: 0.0002350 seconds
174.614: Application time: 0.0741310 seconds
174.614: [GC174.614: [ParNew: 15697K->15697K(18432K), 0.0000100 secs]174.614: [Tenured: 25793K->27931K(40960K), 0.0093040 secs] 41491K->27931K(59392K), [Perm : 6106K->6106K(21248K)], 0.0093710 secs] [Times: user=0.01 sys=0.00, real=0.02 secs] 
174.623: Total time for which application threads were stopped: 0.0095070 seconds, Stopping threads took: 0.0000690 seconds
174.696: Application time: 0.0727480 seconds
174.696: [GC174.696: [ParNew: 15691K->15691K(18432K), 0.0000100 secs]174.696: [Tenured: 27931K->29356K(40960K), 0.0101300 secs] 43623K->29356K(59392K), [Perm : 6106K->6106K(21248K)], 0.0101910 secs] [Times: user=0.01 sys=0.00, real=0.01 secs] 
174.706: Total time for which application threads were stopped: 0.0104090 seconds, Stopping threads took: 0.0001370 seconds
174.762: Application time: 0.0553190 seconds
174.762: [GC174.762: [ParNew: 15704K->15704K(18432K), 0.0000100 secs]174.762: [Tenured: 29356K->27929K(40960K), 0.0117900 secs] 45061K->27929K(59392K), [Perm : 6106K->6106K(21248K)], 0.0118480 secs] [Times: user=0.01 sys=0.00, real=0.01 secs] 
174.774: Total time for which application threads were stopped: 0.0120100 seconds, Stopping threads took: 0.0000830 seconds
174.831: Application time: 0.0567950 seconds
174.831: [GC174.831: [ParNew: 15689K->15689K(18432K), 0.0000100 secs]174.831: [Tenured: 27929K->29354K(40960K), 0.0094730 secs] 43618K->29354K(59392K), [Perm : 6106K->6106K(21248K)], 0.0095320 secs] [Times: user=0.01 sys=0.00, real=0.01 secs] 
174.840: Total time for which application threads were stopped: 0.0097210 seconds, Stopping threads took: 0.0001090 seconds
174.910: Application time: 0.0697110 seconds
174.910: [GC174.910: [ParNew: 15689K->15689K(18432K), 0.0000090 secs]174.910: [Tenured: 29354K->29354K(40960K), 0.0097170 secs] 45043K->29354K(59392K), [Perm : 6106K->6106K(21248K)], 0.0097780 secs] [Times: user=0.01 sys=0.00, real=0.01 secs] 
174.920: Total time for which application threads were stopped: 0.0099360 seconds, Stopping threads took: 0.0000920 seconds
174.983: Application time: 0.0627510 seconds
174.983: [GC174.983: [ParNew: 15689K->15689K(18432K), 0.0000110 secs]174.983: [Tenured: 29354K->29354K(40960K), 0.0100600 secs] 45043K->29354K(59392K), [Perm : 6106K->6106K(21248K)], 0.0101220 secs] [Times: user=0.01 sys=0.00, real=0.00 secs] 
174.993: Total time for which application threads were stopped: 0.0102560 seconds, Stopping threads took: 0.0000640 seconds
175.057: Application time: 0.0643940 seconds
175.057: [GC175.057: [ParNew: 15689K->15689K(18432K), 0.0000100 secs]175.057: [Tenured: 29354K->29354K(40960K), 0.0094450 secs] 45044K->29354K(59392K), [Perm : 6106K->6106K(21248K)], 0.0095050 secs] [Times: user=0.01 sys=0.00, real=0.01 secs] 
175.067: Total time for which application threads were stopped: 0.0096380 seconds, Stopping threads took: 0.0000630 seconds
175.141: Application time: 0.0740970 seconds
175.141: [GC175.141: [ParNew: 15691K->15691K(18432K), 0.0000100 secs]175.141: [Tenured: 29354K->27216K(40960K), 0.0096680 secs] 45046K->27216K(59392K), [Perm : 6106K->6106K(21248K)], 0.0097270 secs] [Times: user=0.01 sys=0.00, real=0.01 secs] 
175.151: Total time for which application threads were stopped: 0.0099040 seconds, Stopping threads took: 0.0000880 seconds
175.219: Application time: 0.0675090 seconds
175.219: [GC175.219: [ParNew: 15691K->15691K(18432K), 0.0000110 secs]175.219: [Tenured: 27216K->29354K(40960K), 0.0101270 secs] 42908K->29354K(59392K), [Perm : 6106K->6106K(21248K)], 0.0101880 secs] [Times: user=0.01 sys=0.00, real=0.01 secs] 
175.229: Total time for which application threads were stopped: 0.0103280 seconds, Stopping threads took: 0.0000710 seconds
175.300: Application time: 0.0714020 seconds
175.300: [GC175.300: [ParNew: 15698K->15698K(18432K), 0.0000090 secs]175.300: [Tenured: 29354K->29355K(40960K), 0.0091900 secs] 45052K->29355K(59392K), [Perm : 6106K->6106K(21248K)], 0.0092500 secs] [Times: user=0.01 sys=0.00, real=0.01 secs] 
175.310: Total time for which application threads were stopped: 0.0093800 seconds, Stopping threads took: 0.0000610 seconds
175.363: Application time: 0.0532400 seconds
175.363: [GC175.363: [ParNew: 15698K->15698K(18432K), 0.0000110 secs]175.363: [Tenured: 29355K->25791K(40960K), 0.0113880 secs] 45053K->25791K(59392K), [Perm : 6106K->6106K(21248K)], 0.0114580 secs] [Times: user=0.01 sys=0.00, real=0.01 secs] 
175.374: Total time for which application threads were stopped: 0.0116150 seconds, Stopping threads took: 0.0000740 seconds
175.426: Application time: 0.0512920 seconds
175.426: [GC175.426: [ParNew: 15698K->15698K(18432K), 0.0000110 secs]175.426: [Tenured: 25791K->27217K(40960K), 0.0097500 secs] 41490K->27217K(59392K), [Perm : 6106K->6106K(21248K)], 0.0098110 secs] [Times: user=0.01 sys=0.00, real=0.01 secs] 
175.436: Total time for which application threads were stopped: 0.0099820 seconds, Stopping threads took: 0.0001020 seconds
175.492: Application time: 0.0564670 seconds
175.492: [GC175.492: [ParNew: 15689K->15689K(18432K), 0.0000100 secs]175.492: [Tenured: 27217K->27930K(40960K), 0.0098700 secs] 42907K->27930K(59392K), [Perm : 6106K->6106K(21248K)], 0.0099290 secs] [Times: user=0.01 sys=0.00, real=0.02 secs] 
175.502: Total time for which application threads were stopped: 0.0100750 seconds, Stopping threads took: 0.0000760 seconds
175.567: Application time: 0.0651580 seconds
175.568: [GC175.568: [ParNew: 15707K->15707K(18432K), 0.0000100 secs]175.568: [Tenured: 27930K->25079K(40960K), 0.0109700 secs] 43637K->25079K(59392K), [Perm : 6106K->6106K(21248K)], 0.0110310 secs] [Times: user=0.01 sys=0.00, real=0.01 secs] 
175.579: Total time for which application threads were stopped: 0.0112680 seconds, Stopping threads took: 0.0001670 seconds
175.630: Application time: 0.0515260 seconds
175.630: [GC175.631: [ParNew: 15698K->1435K(18432K), 0.0037110 secs] 40778K->37915K(59392K), 0.0037490 secs] [Times: user=0.02 sys=0.00, real=0.01 secs] 
175.634: Total time for which application threads were stopped: 0.0039940 seconds, Stopping threads took: 0.0001610 seconds
175.674: Application time: 0.0395670 seconds
175.674: [GC175.674: [ParNew: 17123K->17123K(18432K), 0.0000100 secs]175.674: [Tenured: 36480K->24367K(40960K), 0.0109950 secs] 53603K->24367K(59392K), [Perm : 6106K->6106K(21248K)], 0.0110560 secs] [Times: user=0.01 sys=0.00, real=0.02 secs] 
175.685: Total time for which application threads were stopped: 0.0111970 seconds, Stopping threads took: 0.0000720 seconds
175.751: Application time: 0.0656470 seconds
175.751: [GC175.751: [ParNew: 15694K->1433K(18432K), 0.0036190 secs] 40061K->36488K(59392K), 0.0036550 secs] [Times: user=0.02 sys=0.00, real=0.01 secs] 
175.754: Total time for which application threads were stopped: 0.0038050 seconds, Stopping threads took: 0.0000800 seconds
175.816: Application time: 0.0618810 seconds
175.816: [GC175.817: [ParNew: 17129K->17129K(18432K), 0.0000110 secs]175.817: [Tenured: 35055K->24369K(40960K), 0.0097530 secs] 52185K->24369K(59392K), [Perm : 6106K->6106K(21248K)], 0.0098100 secs] [Times: user=0.01 sys=0.00, real=0.01 secs] 
175.826: Total time for which application threads were stopped: 0.0099690 seconds, Stopping threads took: 0.0000910 seconds
175.855: Application time: 0.0291220 seconds
175.856: [GC175.856: [ParNew: 15688K->1425K(18432K), 0.0035150 secs] 40057K->35770K(59392K), 0.0035540 secs] [Times: user=0.03 sys=0.00, real=0.00 secs] 
175.859: Total time for which application threads were stopped: 0.0038640 seconds, Stopping threads took: 0.0002280 seconds
175.922: Application time: 0.0623460 seconds
175.922: [GC175.922: [ParNew: 17113K->17113K(18432K), 0.0000110 secs]175.922: [Tenured: 34345K->25794K(40960K), 0.0109830 secs] 51458K->25794K(59392K), [Perm : 6106K->6106K(21248K)], 0.0110440 secs] [Times: user=0.01 sys=0.00, real=0.01 secs] 
175.933: Total time for which application threads were stopped: 0.0113410 seconds, Stopping threads took: 0.0001940 seconds
175.990: Application time: 0.0574460 seconds
175.991: [GC175.991: [ParNew: 15688K->15688K(18432K), 0.0000100 secs]175.991: [Tenured: 25794K->25794K(40960K), 0.0098160 secs] 41482K->25794K(59392K), [Perm : 6106K->6106K(21248K)], 0.0098750 secs] [Times: user=0.01 sys=0.00, real=0.01 secs] 
176.001: Total time for which application threads were stopped: 0.0101180 seconds, Stopping threads took: 0.0001640 seconds
176.036: Application time: 0.0356580 seconds
176.036: [GC176.036: [ParNew: 15688K->15688K(18432K), 0.0000100 secs]176.036: [Tenured: 25794K->24367K(40960K), 0.0110360 secs] 41483K->24367K(59392K), [Perm : 6106K->6106K(21248K)], 0.0110920 secs] [Times: user=0.01 sys=0.00, real=0.01 secs] 
176.048: Total time for which application threads were stopped: 0.0112590 seconds, Stopping threads took: 0.0000980 seconds
176.103: Application time: 0.0553550 seconds
176.103: [GC176.103: [ParNew: 15688K->1425K(18432K), 0.0033510 secs] 40056K->35769K(59392K), 0.0033900 secs] [Times: user=0.02 sys=0.00, real=0.00 secs] 
176.106: Total time for which application threads were stopped: 0.0035890 seconds, Stopping threads took: 0.0001360 seconds
176.170: Application time: 0.0634240 seconds
176.170: [GC176.170: [ParNew: 17113K->17113K(18432K), 0.0000100 secs]176.170: [Tenured: 34343K->24368K(40960K), 0.0106700 secs] 51457K->24368K(59392K), [Perm : 6106K->6106K(21248K)], 0.0107310 secs] [Times: user=0.01 sys=0.00, real=0.01 secs] 
176.181: Total time for which application threads were stopped: 0.0109240 seconds, Stopping threads took: 0.0001180 seconds
176.210: Application time: 0.0291440 seconds
176.210: [GC176.210: [ParNew: 15688K->1425K(18432K), 0.0033020 secs] 40056K->35769K(59392K), 0.0033380 secs] [Times: user=0.03 sys=0.00, real=0.00 secs] 
176.213: Total time for which application threads were stopped: 0.0034820 seconds, Stopping threads took: 0.0000820 seconds
176.273: Application time: 0.0595800 seconds
176.273: [GC176.273: [ParNew: 17114K->17114K(18432K), 0.0000100 secs]176.273: [Tenured: 34344K->24368K(40960K), 0.0099550 secs] 51458K->24368K(59392K), [Perm : 6106K->6106K(21248K)], 0.0100110 secs] [Times: user=0.01 sys=0.00, real=0.02 secs] 
176.283: Total time for which application threads were stopped: 0.0102110 seconds, Stopping threads took: 0.0001330 seconds
176.344: Application time: 0.0612510 seconds
176.345: [GC176.345: [ParNew: 15695K->1431K(18432K), 0.0032770 secs] 40063K->35775K(59392K), 0.0033140 secs] [Times: user=0.03 sys=0.00, real=0.00 secs] 
176.348: Total time for which application threads were stopped: 0.0034610 seconds, Stopping threads took: 0.0000870 seconds
176.394: Application time: 0.0458340 seconds
176.394: [GC176.394: [ParNew: 17126K->17126K(18432K), 0.0000100 secs]176.394: [Tenured: 34344K->24370K(40960K), 0.0099230 secs] 51471K->24370K(59392K), [Perm : 6106K->6106K(21248K)], 0.0099830 secs] [Times: user=0.01 sys=0.00, real=0.02 secs] 
176.404: Total time for which application threads were stopped: 0.0101600 seconds, Stopping threads took: 0.0001080 seconds
176.444: Application time: 0.0395880 seconds
176.444: [GC176.444: [ParNew: 15695K->1433K(18432K), 0.0033250 secs] 40065K->35779K(59392K), 0.0033650 secs] [Times: user=0.03 sys=0.00, real=0.00 secs] 
176.447: Total time for which application threads were stopped: 0.0035950 seconds, Stopping threads took: 0.0001440 seconds
176.517: Application time: 0.0695700 seconds
176.517: [GC176.517: [ParNew: 17122K->17122K(18432K), 0.0000100 secs]176.517: [Tenured: 34346K->26506K(40960K), 0.0112650 secs] 51468K->26506K(59392K), [Perm : 6106K->6106K(21248K)], 0.0113200 secs] [Times: user=0.01 sys=0.00, real=0.01 secs] 
176.528: Total time for which application threads were stopped: 0.0114660 seconds, Stopping threads took: 0.0000770 seconds
176.576: Application time: 0.0482080 seconds
176.576: [GC176.576: [ParNew: 15702K->15702K(18432K), 0.0000100 secs]176.576: [Tenured: 26506K->26508K(40960K), 0.0098800 secs] 42208K->26508K(59392K), [Perm : 6106K->6106K(21248K)], 0.0099360 secs] [Times: user=0.01 sys=0.00, real=0.01 secs] 
176.586: Total time for which application threads were stopped: 0.0100600 seconds, Stopping threads took: 0.0000550 seconds
176.630: Application time: 0.0433790 seconds
176.630: [GC176.630: [ParNew: 15688K->15688K(18432K), 0.0000110 secs]176.630: [Tenured: 26508K->27220K(40960K), 0.0108760 secs] 42196K->27220K(59392K), [Perm : 6106K->6106K(21248K)], 0.0109350 secs] [Times: user=0.01 sys=0.00, real=0.01 secs] 
176.641: Total time for which application threads were stopped: 0.0111270 seconds, Stopping threads took: 0.0001110 seconds
176.699: Application time: 0.0575720 seconds
176.699: [GC176.699: [ParNew: 15697K->15697K(18432K), 0.0000110 secs]176.699: [Tenured: 27220K->27933K(40960K), 0.0100920 secs] 42918K->27933K(59392K), [Perm : 6106K->6106K(21248K)], 0.0101520 secs] [Times: user=0.01 sys=0.00, real=0.01 secs] 
176.709: Total time for which application threads were stopped: 0.0103730 seconds, Stopping threads took: 0.0001400 seconds
176.776: Application time: 0.0674260 seconds
176.776: [GC176.776: [ParNew: 15688K->15688K(18432K), 0.0000100 secs]176.777: [Tenured: 27933K->28643K(40960K), 0.0111740 secs] 43622K->28643K(59392K), [Perm : 6106K->6106K(21248K)], 0.0112350 secs] [Times: user=0.01 sys=0.00, real=0.01 secs] 
176.788: Total time for which application threads were stopped: 0.0114210 seconds, Stopping threads took: 0.0001050 seconds
176.817: Application time: 0.0292520 seconds
176.817: [GC176.817: [ParNew: 16383K->16383K(18432K), 0.0000110 secs]176.817: [Tenured: 28643K->27966K(40960K), 0.0097490 secs] 45027K->27966K(59392K), [Perm : 6106K->6106K(21248K)], 0.0098090 secs] [Times: user=0.01 sys=0.00, real=0.01 secs] 
176.827: Total time for which application threads were stopped: 0.0099880 seconds, Stopping threads took: 0.0001100 seconds
176.836: Application time: 0.0090360 seconds
176.836: [GC176.836: [ParNew: 15737K->15737K(18432K), 0.0000110 secs]176.836: [Tenured: 27966K->29386K(40960K), 0.0092530 secs] 43703K->29386K(59392K), [Perm : 6106K->6106K(21248K)], 0.0093150 secs] [Times: user=0.01 sys=0.00, real=0.01 secs] 
176.846: Total time for which application threads were stopped: 0.0096240 seconds, Stopping threads took: 0.0002180 seconds
176.853: Application time: 0.0077610 seconds
176.854: [GC176.854: [ParNew: 15683K->15683K(18432K), 0.0000110 secs]176.854: [Tenured: 29386K->30100K(40960K), 0.0064110 secs] 45070K->30100K(59392K), [Perm : 6106K->6106K(21248K)], 0.0064700 secs] [Times: user=0.00 sys=0.00, real=0.01 secs] 
176.860: Total time for which application threads were stopped: 0.0067070 seconds, Stopping threads took: 0.0001480 seconds
176.864: Application time: 0.0038780 seconds
176.864: [GC176.864: [ParNew: 15679K->15679K(18432K), 0.0000100 secs]176.864: [Tenured: 30100K->28643K(40960K), 0.0109450 secs] 45779K->28643K(59392K), [Perm : 6106K->6106K(21248K)], 0.0110030 secs] [Times: user=0.01 sys=0.00, real=0.01 secs] 
176.875: Total time for which application threads were stopped: 0.0111670 seconds, Stopping threads took: 0.0000940 seconds
176.882: Application time: 0.0069040 seconds
176.882: [GC176.882: [ParNew: 15685K->15685K(18432K), 0.0000090 secs]176.882: [Tenured: 28643K->29357K(40960K), 0.0062040 secs] 44329K->29357K(59392K), [Perm : 6106K->6106K(21248K)], 0.0062570 secs] [Times: user=0.01 sys=0.00, real=0.00 secs] 
176.888: Total time for which application threads were stopped: 0.0064210 seconds, Stopping threads took: 0.0001000 seconds
176.895: Application time: 0.0065040 seconds
176.895: [GC176.895: [ParNew: 15678K->15678K(18432K), 0.0000100 secs]176.895: [Tenured: 29357K->29357K(40960K), 0.0061680 secs] 45036K->29357K(59392K), [Perm : 6106K->6106K(21248K)], 0.0062240 secs] [Times: user=0.01 sys=0.00, real=0.00 secs] 
176.901: Total time for which application threads were stopped: 0.0063700 seconds, Stopping threads took: 0.0000800 seconds
176.908: Application time: 0.0067870 seconds
176.908: [GC176.908: [ParNew: 15686K->15686K(18432K), 0.0000100 secs]176.908: [Tenured: 29357K->30071K(40960K), 0.0062420 secs] 45044K->30071K(59392K), [Perm : 6106K->6106K(21248K)], 0.0062960 secs] [Times: user=0.01 sys=0.00, real=0.01 secs] 
176.915: Total time for which application threads were stopped: 0.0064550 seconds, Stopping threads took: 0.0000930 seconds
176.918: Application time: 0.0034660 seconds
176.918: [GC176.918: [ParNew: 15680K->15680K(18432K), 0.0000100 secs]176.918: [Tenured: 30071K->28644K(40960K), 0.0068680 secs] 45751K->28644K(59392K), [Perm : 6106K->6106K(21248K)], 0.0069350 secs] [Times: user=0.01 sys=0.00, real=0.01 secs] 
176.925: Total time for which application threads were stopped: 0.0071060 seconds, Stopping threads took: 0.0001010 seconds
176.929: Application time: 0.0036900 seconds
176.929: [GC176.929: [ParNew: 15680K->15680K(18432K), 0.0000100 secs]176.929: [Tenured: 28644K->28644K(40960K), 0.0089780 secs] 44324K->28644K(59392K), [Perm : 6106K->6106K(21248K)], 0.0090480 secs] [Times: user=0.01 sys=0.00, real=0.01 secs] 
176.938: Total time for which application threads were stopped: 0.0091970 seconds, Stopping threads took: 0.0000770 seconds
176.960: Application time: 0.0216030 seconds
176.960: [GC176.960: [ParNew: 15694K->15694K(18432K), 0.0000100 secs]176.960: [Tenured: 28644K->27218K(40960K), 0.0098470 secs] 44338K->27218K(59392K), [Perm : 6106K->6106K(21248K)], 0.0099090 secs] [Times: user=0.01 sys=0.00, real=0.01 secs] 
176.970: Total time for which application threads were stopped: 0.0100820 seconds, Stopping threads took: 0.0000920 seconds
177.029: Application time: 0.0597190 seconds
177.030: [GC177.030: [ParNew: 15688K->15688K(18432K), 0.0000100 secs]177.030: [Tenured: 27218K->28643K(40960K), 0.0095190 secs] 42907K->28643K(59392K), [Perm : 6106K->6106K(21248K)], 0.0095770 secs] [Times: user=0.01 sys=0.00, real=0.01 secs] 
177.039: Total time for which application threads were stopped: 0.0097530 seconds, Stopping threads took: 0.0001090 seconds
177.099: Application time: 0.0599310 seconds
177.099: [GC177.099: [ParNew: 15688K->15688K(18432K), 0.0000100 secs]177.099: [Tenured: 28643K->28643K(40960K), 0.0096060 secs] 44332K->28643K(59392K), [Perm : 6106K->6106K(21248K)], 0.0096660 secs] [Times: user=0.01 sys=0.00, real=0.01 secs] 
177.109: Total time for which application threads were stopped: 0.0099120 seconds, Stopping threads took: 0.0001770 seconds
177.151: Application time: 0.0414710 seconds
177.151: [GC177.151: [ParNew: 15690K->15690K(18432K), 0.0000110 secs]177.151: [Tenured: 28643K->28643K(40960K), 0.0100630 secs] 44333K->28643K(59392K), [Perm : 6106K->6106K(21248K)], 0.0101230 secs] [Times: user=0.02 sys=0.00, real=0.01 secs] 
177.161: Total time for which application threads were stopped: 0.0102570 seconds, Stopping threads took: 0.0000620 seconds
177.223: Application time: 0.0621590 seconds
177.223: [GC177.223: [ParNew: 15688K->15688K(18432K), 0.0000100 secs]177.223: [Tenured: 28643K->28643K(40960K), 0.0108960 secs] 44331K->28643K(59392K), [Perm : 6106K->6106K(21248K)], 0.0109580 secs] [Times: user=0.01 sys=0.00, real=0.01 secs] 
177.234: Total time for which application threads were stopped: 0.0111580 seconds, Stopping threads took: 0.0001120 seconds
177.285: Application time: 0.0504780 seconds
177.285: [GC177.285: [ParNew: 15688K->15688K(18432K), 0.0000120 secs]177.285: [Tenured: 28643K->28643K(40960K), 0.0093070 secs] 44331K->28643K(59392K), [Perm : 6106K->6106K(21248K)], 0.0093720 secs] [Times: user=0.01 sys=0.00, real=0.01 secs] 
177.294: Total time for which application threads were stopped: 0.0095100 seconds, Stopping threads took: 0.0000720 seconds
177.339: Application time: 0.0452360 seconds
177.339: [GC177.340: [ParNew: 15690K->15690K(18432K), 0.0000100 secs]177.340: [Tenured: 28643K->28643K(40960K), 0.0099100 secs] 44333K->28643K(59392K), [Perm : 6106K->6106K(21248K)], 0.0099710 secs] [Times: user=0.01 sys=0.00, real=0.01 secs] 
177.350: Total time for which application threads were stopped: 0.0101250 seconds, Stopping threads took: 0.0000860 seconds
177.415: Application time: 0.0650110 seconds
177.415: [GC177.415: [ParNew: 15687K->15687K(18432K), 0.0000110 secs]177.415: [Tenured: 28643K->28642K(40960K), 0.0108640 secs] 44330K->28642K(59392K), [Perm : 6106K->6106K(21248K)], 0.0109240 secs] [Times: user=0.01 sys=0.00, real=0.01 secs] 
177.426: Total time for which application threads were stopped: 0.0110820 seconds, Stopping threads took: 0.0000860 seconds
177.464: Application time: 0.0381930 seconds
177.464: [GC177.464: [ParNew: 15687K->15687K(18432K), 0.0000100 secs]177.464: [Tenured: 28642K->29355K(40960K), 0.0102870 secs] 44330K->29355K(59392K), [Perm : 6106K->6106K(21248K)], 0.0103460 secs] [Times: user=0.01 sys=0.00, real=0.01 secs] 
177.474: Total time for which application threads were stopped: 0.0106370 seconds, Stopping threads took: 0.0001940 seconds
177.523: Application time: 0.0484680 seconds
177.523: [GC177.523: [ParNew: 15717K->15717K(18432K), 0.0000100 secs]177.523: [Tenured: 29355K->29384K(40960K), 0.0100770 secs] 45072K->29384K(59392K), [Perm : 6106K->6106K(21248K)], 0.0101380 secs] [Times: user=0.01 sys=0.00, real=0.00 secs] 
177.533: Total time for which application threads were stopped: 0.0104210 seconds, Stopping threads took: 0.0002020 seconds
177.541: Application time: 0.0078100 seconds
177.541: [GC177.541: [ParNew: 16222K->16222K(18432K), 0.0000090 secs]177.541: [Tenured: 29384K->25088K(40960K), 0.0109760 secs] 45607K->25088K(59392K), [Perm : 6106K->6106K(21248K)], 0.0110320 secs] [Times: user=0.01 sys=0.00, real=0.01 secs] 
177.552: Total time for which application threads were stopped: 0.0112260 seconds, Stopping threads took: 0.0001170 seconds
177.559: Application time: 0.0069470 seconds
177.560: [GC177.560: [ParNew: 16320K->16320K(18432K), 0.0000110 secs]177.560: [Tenured: 25088K->24401K(40960K), 0.0096560 secs] 41408K->24401K(59392K), [Perm : 6106K->6106K(21248K)], 0.0097180 secs] [Times: user=0.01 sys=0.00, real=0.01 secs] 
177.570: Total time for which application threads were stopped: 0.0103180 seconds, Stopping threads took: 0.0005090 seconds
177.573: Application time: 0.0035540 seconds
177.573: [GC177.573: [ParNew: 15774K->1434K(18432K), 0.0008470 secs] 40176K->26548K(59392K), 0.0008780 secs] [Times: user=0.01 sys=0.00, real=0.01 secs] 
177.574: Total time for which application threads were stopped: 0.0011270 seconds, Stopping threads took: 0.0001940 seconds
177.578: Application time: 0.0035890 seconds
177.579: [GC177.579: [ParNew: 17225K->17225K(18432K), 0.0000110 secs]177.579: [Tenured: 25114K->23691K(40960K), 0.0098640 secs] 42340K->23691K(59392K), [Perm : 6106K->6106K(21248K)], 0.0099280 secs] [Times: user=0.01 sys=0.00, real=0.01 secs] 
177.589: Total time for which application threads were stopped: 0.0109630 seconds, Stopping threads took: 0.0009620 seconds
177.594: Application time: 0.0048980 seconds
177.595: [GC177.595: [ParNew: 15801K->1439K(18432K), 0.0016910 secs] 39493K->29405K(59392K), 0.0017260 secs] [Times: user=0.01 sys=0.00, real=0.00 secs] 
177.597: Total time for which application threads were stopped: 0.0028510 seconds, Stopping threads took: 0.0010640 seconds
177.601: Application time: 0.0045930 seconds
177.602: [GC177.602: [ParNew: 17122K->17122K(18432K), 0.0000100 secs]177.602: [Tenured: 27966K->25109K(40960K), 0.0088840 secs] 45089K->25109K(59392K), [Perm : 6106K->6106K(21248K)], 0.0089390 secs] [Times: user=0.01 sys=0.00, real=0.01 secs] 
177.610: Total time for which application threads were stopped: 0.0092680 seconds, Stopping threads took: 0.0002600 seconds
177.615: Application time: 0.0042620 seconds
177.615: [GC177.615: [ParNew: 15688K->1437K(18432K), 0.0009330 secs] 40797K->27971K(59392K), 0.0009780 secs] [Times: user=0.00 sys=0.00, real=0.00 secs] 
177.616: Total time for which application threads were stopped: 0.0012660 seconds, Stopping threads took: 0.0002270 seconds
177.620: Application time: 0.0036260 seconds
177.621: [GC177.621: [ParNew: 17119K->17119K(18432K), 0.0000100 secs]177.621: [Tenured: 26534K->26505K(40960K), 0.0111450 secs] 43653K->26505K(59392K), [Perm : 6106K->6106K(21248K)], 0.0112080 secs] [Times: user=0.01 sys=0.00, real=0.01 secs] 
177.632: Total time for which application threads were stopped: 0.0123080 seconds, Stopping threads took: 0.0010100 seconds
177.636: Application time: 0.0042040 seconds
177.636: [GC177.636: [ParNew: 15682K->15682K(18432K), 0.0000110 secs]177.636: [Tenured: 26505K->24367K(40960K), 0.0077610 secs] 42187K->24367K(59392K), [Perm : 6106K->6106K(21248K)], 0.0078180 secs] [Times: user=0.01 sys=0.00, real=0.01 secs] 
177.644: Total time for which application threads were stopped: 0.0080190 seconds, Stopping threads took: 0.0001330 seconds
177.648: Application time: 0.0038980 seconds
177.648: [GC177.648: [ParNew: 15682K->1427K(18432K), 0.0008700 secs] 40049K->26507K(59392K), 0.0009130 secs] [Times: user=0.00 sys=0.00, real=0.00 secs] 
177.649: Total time for which application threads were stopped: 0.0011150 seconds, Stopping threads took: 0.0001230 seconds
177.653: Application time: 0.0042100 seconds
177.654: [GC177.654: [ParNew: 17118K->1433K(18432K), 0.0016980 secs] 42198K->30076K(59392K), 0.0017330 secs] [Times: user=0.01 sys=0.00, real=0.00 secs] 
177.656: Total time for which application threads were stopped: 0.0024060 seconds, Stopping threads took: 0.0005840 seconds
177.660: Application time: 0.0038420 seconds
177.660: [GC177.660: [ParNew: 17128K->17128K(18432K), 0.0000100 secs]177.660: [Tenured: 28642K->24368K(40960K), 0.0100690 secs] 45771K->24368K(59392K), [Perm : 6106K->6106K(21248K)], 0.0101300 secs] [Times: user=0.01 sys=0.00, real=0.01 secs] 
177.670: Total time for which application threads were stopped: 0.0103310 seconds, Stopping threads took: 0.0001320 seconds
177.674: Application time: 0.0036540 seconds
177.674: [GC177.674: [ParNew: 15682K->1429K(18432K), 0.0008180 secs] 40051K->26510K(59392K), 0.0008500 secs] [Times: user=0.01 sys=0.00, real=0.00 secs] 
177.675: Total time for which application threads were stopped: 0.0013920 seconds, Stopping threads took: 0.0004410 seconds
177.679: Application time: 0.0036660 seconds
177.679: [GC177.679: [ParNew: 17111K->1425K(18432K), 0.0008250 secs] 42192K->27250K(59392K), 0.0008550 secs] [Times: user=0.00 sys=0.00, real=0.00 secs] 
177.680: Total time for which application threads were stopped: 0.0011340 seconds, Stopping threads took: 0.0002230 seconds
177.683: Application time: 0.0035570 seconds
177.684: [GC177.684: [ParNew: 17107K->1427K(18432K), 0.0013940 secs] 42933K->30102K(59392K), 0.0014260 secs] [Times: user=0.01 sys=0.00, real=0.00 secs] 
177.685: Total time for which application threads were stopped: 0.0016240 seconds, Stopping threads took: 0.0001390 seconds
177.689: Application time: 0.0034700 seconds
177.689: [GC177.689: [ParNew: 17109K->1425K(18432K), 0.0019050 secs] 45785K->33671K(59392K), 0.0019440 secs] [Times: user=0.01 sys=0.00, real=0.00 secs] 
177.691: Total time for which application threads were stopped: 0.0025360 seconds, Stopping threads took: 0.0005090 seconds
177.696: Application time: 0.0046350 seconds
177.696: [GC177.696: [ParNew: 17124K->17124K(18432K), 0.0000100 secs]177.696: [Tenured: 32246K->24367K(40960K), 0.0096940 secs] 49370K->24367K(59392K), [Perm : 6106K->6106K(21248K)], 0.0097520 secs] [Times: user=0.01 sys=0.00, real=0.01 secs] 
177.706: Total time for which application threads were stopped: 0.0104240 seconds, Stopping threads took: 0.0005850 seconds
177.710: Application time: 0.0042950 seconds
177.711: [GC177.711: [ParNew: 15681K->1425K(18432K), 0.0012490 secs] 40049K->27218K(59392K), 0.0012820 secs] [Times: user=0.01 sys=0.00, real=0.00 secs] 
177.712: Total time for which application threads were stopped: 0.0014290 seconds, Stopping threads took: 0.0000910 seconds
177.716: Application time: 0.0044710 seconds
177.717: [GC177.717: [ParNew: 17113K->1435K(18432K), 0.0009010 secs] 42906K->27940K(59392K), 0.0009320 secs] [Times: user=0.00 sys=0.00, real=0.00 secs] 
177.718: Total time for which application threads were stopped: 0.0016500 seconds, Stopping threads took: 0.0006620 seconds
177.722: Application time: 0.0036760 seconds
177.722: [GC177.722: [ParNew: 17117K->1425K(18432K), 0.0005910 secs] 43622K->27978K(59392K), 0.0006190 secs] [Times: user=0.00 sys=0.00, real=0.00 secs] 
177.723: Total time for which application threads were stopped: 0.0012030 seconds, Stopping threads took: 0.0005290 seconds
177.726: Application time: 0.0035960 seconds
177.727: [GC177.727: [ParNew: 17108K->1425K(18432K), 0.0008890 secs] 43662K->29403K(59392K), 0.0009170 secs] [Times: user=0.01 sys=0.00, real=0.00 secs] 
177.728: Total time for which application threads were stopped: 0.0015100 seconds, Stopping threads took: 0.0005380 seconds
177.732: Application time: 0.0042300 seconds
177.733: [GC177.733: [ParNew: 17108K->1431K(18432K), 0.0010450 secs] 45086K->30834K(59392K), 0.0010900 secs] [Times: user=0.01 sys=0.00, real=0.00 secs] 
177.734: Total time for which application threads were stopped: 0.0015350 seconds, Stopping threads took: 0.0003830 seconds
177.738: Application time: 0.0041110 seconds
177.738: [GC177.738: [ParNew: 17128K->1437K(18432K), 0.0015190 secs] 46531K->33691K(59392K), 0.0015510 secs] [Times: user=0.01 sys=0.00, real=0.00 secs] 
177.740: Total time for which application threads were stopped: 0.0017080 seconds, Stopping threads took: 0.0000960 seconds
177.744: Application time: 0.0043420 seconds
177.744: [GC177.744: [ParNew: 17537K->756K(18432K), 0.0006170 secs] 49791K->33779K(59392K), 0.0006440 secs] [Times: user=0.00 sys=0.00, real=0.00 secs] 
177.745: Total time for which application threads were stopped: 0.0007640 seconds, Stopping threads took: 0.0000660 seconds
177.758: Application time: 0.0132260 seconds
177.758: [GC177.758: [ParNew: 16771K->1469K(18432K), 0.0012430 secs] 49794K->36629K(59392K), 0.0012830 secs] [Times: user=0.01 sys=0.00, real=0.00 secs] 
177.759: Total time for which application threads were stopped: 0.0014230 seconds, Stopping threads took: 0.0000780 seconds
177.767: Application time: 0.0074880 seconds
177.768: [GC177.768: [ParNew: 17148K->17148K(18432K), 0.0000110 secs]177.768: [Tenured: 35159K->22229K(40960K), 0.0107740 secs] 52308K->22229K(59392K), [Perm : 6106K->6106K(21248K)], 0.0108340 secs] [Times: user=0.01 sys=0.00, real=0.01 secs] 
177.778: Total time for which application threads were stopped: 0.0116340 seconds, Stopping threads took: 0.0007290 seconds
177.784: Application time: 0.0051030 seconds
177.784: [GC177.784: [ParNew: 15685K->1433K(18432K), 0.0013490 secs] 37915K->25800K(59392K), 0.0013820 secs] [Times: user=0.01 sys=0.00, real=0.00 secs] 
177.785: Total time for which application threads were stopped: 0.0015750 seconds, Stopping threads took: 0.0001320 seconds
177.789: Application time: 0.0036200 seconds
177.789: [GC177.789: [ParNew: 17112K->1425K(18432K), 0.0014220 secs] 41479K->27969K(59392K), 0.0014540 secs] [Times: user=0.01 sys=0.00, real=0.00 secs] 
177.790: Total time for which application threads were stopped: 0.0015950 seconds, Stopping threads took: 0.0000840 seconds
177.797: Application time: 0.0071320 seconds
177.798: [GC177.798: [ParNew: 17111K->1435K(18432K), 0.0009200 secs] 43656K->28692K(59392K), 0.0009480 secs] [Times: user=0.01 sys=0.00, real=0.00 secs] 
177.799: Total time for which application threads were stopped: 0.0010910 seconds, Stopping threads took: 0.0000880 seconds
177.804: Application time: 0.0055360 seconds
177.805: [GC177.805: [ParNew: 17118K->1425K(18432K), 0.0013930 secs] 44375K->31572K(59392K), 0.0014290 secs] [Times: user=0.01 sys=0.00, real=0.00 secs] 
177.806: Total time for which application threads were stopped: 0.0019680 seconds, Stopping threads took: 0.0004790 seconds
177.812: Application time: 0.0063930 seconds
177.813: [GC177.813: [ParNew: 17685K->1474K(18432K), 0.0009220 secs] 47832K->32334K(59392K), 0.0009510 secs] [Times: user=0.00 sys=0.00, real=0.00 secs] 
177.814: Total time for which application threads were stopped: 0.0011210 seconds, Stopping threads took: 0.0001140 seconds
177.817: Application time: 0.0036740 seconds
177.818: [GC177.818: [ParNew: 17329K->1435K(18432K), 0.0010720 secs] 48189K->33808K(59392K), 0.0011030 secs] [Times: user=0.01 sys=0.00, real=0.00 secs] 
177.819: Total time for which application threads were stopped: 0.0013450 seconds, Stopping threads took: 0.0001840 seconds
177.824: Application time: 0.0057410 seconds
177.825: [GC177.825: [ParNew: 17115K->1427K(18432K), 0.0007850 secs] 49488K->34553K(59392K), 0.0008120 secs] [Times: user=0.00 sys=0.00, real=0.00 secs] 
177.826: Total time for which application threads were stopped: 0.0015920 seconds, Stopping threads took: 0.0007280 seconds
177.830: Application time: 0.0039940 seconds
177.830: [GC177.830: [ParNew: 17108K->1429K(18432K), 0.0009010 secs] 50234K->35980K(59392K), 0.0009320 secs] [Times: user=0.00 sys=0.00, real=0.00 secs] 
177.831: Total time for which application threads were stopped: 0.0013590 seconds, Stopping threads took: 0.0003590 seconds
177.838: Application time: 0.0068270 seconds
177.838: [GC177.838: [ParNew: 17127K->1437K(18432K), 0.0023470 secs] 51678K->41688K(59392K), 0.0023830 secs] [Times: user=0.01 sys=0.00, real=0.00 secs] 
177.841: Total time for which application threads were stopped: 0.0025260 seconds, Stopping threads took: 0.0000790 seconds
177.845: Application time: 0.0041050 seconds
177.845: [GC177.845: [ParNew: 17114K->17114K(18432K), 0.0000100 secs]177.845: [Tenured: 40251K->26534K(40960K), 0.0107290 secs] 57365K->26534K(59392K), [Perm : 6106K->6106K(21248K)], 0.0107850 secs] [Times: user=0.01 sys=0.00, real=0.01 secs] 
177.856: Total time for which application threads were stopped: 0.0109470 seconds, Stopping threads took: 0.0000940 seconds
177.862: Application time: 0.0066310 seconds
177.863: [GC177.863: [ParNew: 15687K->1435K(18432K), 0.0007640 secs] 42221K->28681K(59392K), 0.0007980 secs] [Times: user=0.01 sys=0.00, real=0.00 secs] 
177.864: Total time for which application threads were stopped: 0.0014290 seconds, Stopping threads took: 0.0005710 seconds
177.871: Application time: 0.0067760 seconds
177.871: [GC177.871: [ParNew: 17115K->1425K(18432K), 0.0011100 secs] 44362K->30144K(59392K), 0.0011400 secs] [Times: user=0.01 sys=0.00, real=0.00 secs] 
177.872: Total time for which application threads were stopped: 0.0013070 seconds, Stopping threads took: 0.0001080 seconds
177.879: Application time: 0.0067060 seconds
177.879: [GC177.879: [ParNew: 17111K->724K(18432K), 0.0006530 secs] 45831K->30157K(59392K), 0.0006810 secs] [Times: user=0.01 sys=0.00, real=0.00 secs] 
177.879: Total time for which application threads were stopped: 0.0008210 seconds, Stopping threads took: 0.0000840 seconds
177.883: Application time: 0.0038810 seconds
177.883: [GC177.883: [ParNew: 16415K->1443K(18432K), 0.0006510 secs] 45847K->30875K(59392K), 0.0006780 secs] [Times: user=0.00 sys=0.00, real=0.00 secs] 
177.884: Total time for which application threads were stopped: 0.0008130 seconds, Stopping threads took: 0.0000830 seconds
177.888: Application time: 0.0040290 seconds
177.888: [GC177.888: [ParNew: 17617K->761K(18432K), 0.0006750 secs] 47049K->30946K(59392K), 0.0007010 secs] [Times: user=0.00 sys=0.00, real=0.00 secs] 
177.889: Total time for which application threads were stopped: 0.0008590 seconds, Stopping threads took: 0.0001060 seconds
177.899: Application time: 0.0098440 seconds
177.899: [GC177.899: [ParNew: 16695K->1467K(18432K), 0.0021870 secs] 46880K->37352K(59392K), 0.0022220 secs] [Times: user=0.02 sys=0.00, real=0.00 secs] 
177.901: Total time for which application threads were stopped: 0.0023550 seconds, Stopping threads took: 0.0000710 seconds
177.910: Application time: 0.0084660 seconds
177.910: [GC177.910: [ParNew: 17146K->17146K(18432K), 0.0000100 secs]177.910: [Tenured: 35885K->24424K(40960K), 0.0107740 secs] 53031K->24424K(59392K), [Perm : 6106K->6106K(21248K)], 0.0108320 secs] [Times: user=0.01 sys=0.00, real=0.01 secs] 
177.921: Total time for which application threads were stopped: 0.0109910 seconds, Stopping threads took: 0.0000890 seconds
177.927: Application time: 0.0060800 seconds
177.927: [GC177.927: [ParNew: 15683K->1433K(18432K), 0.0009100 secs] 40107K->26569K(59392K), 0.0009390 secs] [Times: user=0.00 sys=0.00, real=0.00 secs] 
177.928: Total time for which application threads were stopped: 0.0010700 seconds, Stopping threads took: 0.0000740 seconds
177.932: Application time: 0.0044110 seconds
177.932: [GC177.932: [ParNew: 17110K->714K(18432K), 0.0004650 secs] 42247K->25899K(59392K), 0.0004900 secs] [Times: user=0.00 sys=0.00, real=0.00 secs] 
177.933: Total time for which application threads were stopped: 0.0006240 seconds, Stopping threads took: 0.0000820 seconds
177.940: Application time: 0.0075660 seconds
177.941: [GC177.941: [ParNew: 16404K->1433K(18432K), 0.0016860 secs] 41589K->30892K(59392K), 0.0017260 secs] [Times: user=0.01 sys=0.00, real=0.01 secs] 
177.942: Total time for which application threads were stopped: 0.0018980 seconds, Stopping threads took: 0.0001020 seconds
177.948: Application time: 0.0055720 seconds
177.948: [GC177.948: [ParNew: 17114K->1425K(18432K), 0.0017950 secs] 46574K->34479K(59392K), 0.0018250 secs] [Times: user=0.01 sys=0.00, real=0.00 secs] 
177.950: Total time for which application threads were stopped: 0.0019970 seconds, Stopping threads took: 0.0001120 seconds
177.956: Application time: 0.0063840 seconds
177.956: [GC177.956: [ParNew: 17112K->1435K(18432K), 0.0008870 secs] 50166K->35202K(59392K), 0.0009130 secs] [Times: user=0.01 sys=0.00, real=0.00 secs] 
177.957: Total time for which application threads were stopped: 0.0010780 seconds, Stopping threads took: 0.0001070 seconds
177.961: Application time: 0.0036240 seconds
177.961: [GC177.961: [ParNew: 17115K->1425K(18432K), 0.0008590 secs] 50882K->35936K(59392K), 0.0008880 secs] [Times: user=0.00 sys=0.00, real=0.00 secs] 
177.962: Total time for which application threads were stopped: 0.0010400 seconds, Stopping threads took: 0.0000900 seconds
177.967: Application time: 0.0049060 seconds
177.967: [GC177.967: [ParNew: 17105K->1425K(18432K), 0.0009550 secs] 51616K->36649K(59392K), 0.0009830 secs] [Times: user=0.01 sys=0.00, real=0.00 secs] 
177.968: Total time for which application threads were stopped: 0.0011270 seconds, Stopping threads took: 0.0000800 seconds
178.043: Application time: 0.0744990 seconds
178.043: [GC178.043: [ParNew (promotion failed): 17123K->17133K(18432K), 0.0021370 secs]178.045: [Tenured: 40924K->25849K(40960K), 0.0097360 secs] 52347K->25849K(59392K), [Perm : 6106K->6106K(21248K)], 0.0119270 secs] [Times: user=0.02 sys=0.00, real=0.01 secs] 
178.055: Total time for which application threads were stopped: 0.0120660 seconds, Stopping threads took: 0.0000740 seconds
178.080: Application time: 0.0248940 seconds
178.080: [GC178.080: [ParNew: 15718K->1463K(18432K), 0.0025620 secs] 41568K->33724K(59392K), 0.0025980 secs] [Times: user=0.02 sys=0.00, real=0.01 secs] 
178.082: Total time for which application threads were stopped: 0.0027490 seconds, Stopping threads took: 0.0000890 seconds
178.089: Application time: 0.0068090 seconds
178.089: [GC178.089: [ParNew: 17142K->1425K(18432K), 0.0015490 secs] 49404K->36616K(59392K), 0.0015870 secs] [Times: user=0.01 sys=0.00, real=0.00 secs] 
178.091: Total time for which application threads were stopped: 0.0017570 seconds, Stopping threads took: 0.0001080 seconds
178.097: Application time: 0.0060330 seconds
178.097: [GC178.097: [ParNew: 17108K->17108K(18432K), 0.0000110 secs]178.097: [Tenured: 35191K->24367K(40960K), 0.0104120 secs] 52300K->24367K(59392K), [Perm : 6106K->6106K(21248K)], 0.0104720 secs] [Times: user=0.01 sys=0.00, real=0.01 secs] 
178.108: Total time for which application threads were stopped: 0.0106440 seconds, Stopping threads took: 0.0001010 seconds
178.113: Application time: 0.0050380 seconds
178.113: [GC178.113: [ParNew: 15677K->0K(18432K), 0.0002780 secs] 40044K->24367K(59392K), 0.0003040 secs] [Times: user=0.00 sys=0.00, real=0.00 secs] 
178.113: Total time for which application threads were stopped: 0.0004630 seconds, Stopping threads took: 0.0001080 seconds
178.120: Application time: 0.0072390 seconds
178.120: [GC178.120: [ParNew: 15686K->1435K(18432K), 0.0008210 secs] 40053K->26514K(59392K), 0.0008480 secs] [Times: user=0.01 sys=0.00, real=0.00 secs] 
178.121: Total time for which application threads were stopped: 0.0009970 seconds, Stopping threads took: 0.0000960 seconds
178.127: Application time: 0.0057830 seconds
178.127: [GC178.127: [ParNew: 17126K->1431K(18432K), 0.0023630 secs] 42206K->32251K(59392K), 0.0024020 secs] [Times: user=0.02 sys=0.00, real=0.00 secs] 
178.130: Total time for which application threads were stopped: 0.0025490 seconds, Stopping threads took: 0.0000790 seconds
178.140: Application time: 0.0102050 seconds
178.140: [GC178.140: [ParNew: 17118K->1433K(18432K), 0.0011250 secs] 47938K->33702K(59392K), 0.0011570 secs] [Times: user=0.01 sys=0.00, real=0.00 secs] 
178.141: Total time for which application threads were stopped: 0.0013160 seconds, Stopping threads took: 0.0000890 seconds
178.145: Application time: 0.0042180 seconds
178.145: [GC178.146: [ParNew: 17113K->712K(18432K), 0.0006890 secs] 49382K->33718K(59392K), 0.0007220 secs] [Times: user=0.00 sys=0.00, real=0.00 secs] 
178.146: Total time for which application threads were stopped: 0.0008830 seconds, Stopping threads took: 0.0001020 seconds
178.152: Application time: 0.0058320 seconds
178.152: [GC178.152: [ParNew: 16401K->1439K(18432K), 0.0008570 secs] 49406K->35869K(59392K), 0.0008850 secs] [Times: user=0.01 sys=0.00, real=0.00 secs] 
178.153: Total time for which application threads were stopped: 0.0010340 seconds, Stopping threads took: 0.0000920 seconds
178.227: Application time: 0.0740010 seconds
178.227: [GC178.227: [ParNew: 17130K->17130K(18432K), 0.0000110 secs]178.227: [Tenured: 34430K->25080K(40960K), 0.0104730 secs] 51561K->25080K(59392K), [Perm : 6106K->6106K(21248K)], 0.0105330 secs] [Times: user=0.01 sys=0.00, real=0.01 secs] 
178.238: Total time for which application threads were stopped: 0.0106900 seconds, Stopping threads took: 0.0000860 seconds
178.312: Application time: 0.0740430 seconds
178.312: [GC178.312: [ParNew: 15691K->1427K(18432K), 0.0043250 secs] 40772K->40045K(59392K), 0.0043670 secs] [Times: user=0.04 sys=0.00, real=0.01 secs] 
178.316: Total time for which application threads were stopped: 0.0044970 seconds, Stopping threads took: 0.0000660 seconds
178.368: Application time: 0.0516520 seconds
178.368: [GC178.368: [ParNew: 17118K->17118K(18432K), 0.0000110 secs]178.368: [Tenured: 38618K->24367K(40960K), 0.0104850 secs] 55736K->24367K(59392K), [Perm : 6106K->6106K(21248K)], 0.0105450 secs] [Times: user=0.01 sys=0.00, real=0.01 secs] 
178.379: Total time for which application threads were stopped: 0.0107370 seconds, Stopping threads took: 0.0001220 seconds
178.451: Application time: 0.0722340 seconds
178.451: [GC178.451: [ParNew: 15691K->1425K(18432K), 0.0046410 secs] 40059K->40043K(59392K), 0.0046850 secs] [Times: user=0.03 sys=0.00, real=0.01 secs] 
178.456: Total time for which application threads were stopped: 0.0048580 seconds, Stopping threads took: 0.0001070 seconds
178.530: Application time: 0.0738420 seconds
178.530: [GC178.530: [ParNew: 17116K->17116K(18432K), 0.0000090 secs]178.530: [Tenured: 38618K->24367K(40960K), 0.0090020 secs] 55734K->24367K(59392K), [Perm : 6106K->6106K(21248K)], 0.0090600 secs] [Times: user=0.01 sys=0.00, real=0.01 secs] 
178.539: Total time for which application threads were stopped: 0.0092370 seconds, Stopping threads took: 0.0000990 seconds
178.608: Application time: 0.0694240 seconds
178.608: [GC178.608: [ParNew: 15691K->1425K(18432K), 0.0045210 secs] 40059K->40043K(59392K), 0.0045660 secs] [Times: user=0.03 sys=0.00, real=0.00 secs] 
178.613: Total time for which application threads were stopped: 0.0047300 seconds, Stopping threads took: 0.0001000 seconds
178.669: Application time: 0.0563370 seconds
178.670: [GC178.670: [ParNew: 17116K->17116K(18432K), 0.0000100 secs]178.670: [Tenured: 38618K->25079K(40960K), 0.0100040 secs] 55734K->25079K(59392K), [Perm : 6106K->6106K(21248K)], 0.0100640 secs] [Times: user=0.01 sys=0.00, real=0.01 secs] 
178.680: Total time for which application threads were stopped: 0.0101980 seconds, Stopping threads took: 0.0000670 seconds
178.753: Application time: 0.0736180 seconds
178.753: [GC178.753: [ParNew: 15691K->1427K(18432K), 0.0044060 secs] 40771K->40044K(59392K), 0.0044450 secs] [Times: user=0.04 sys=0.00, real=0.01 secs] 
178.758: Total time for which application threads were stopped: 0.0047310 seconds, Stopping threads took: 0.0002010 seconds
178.823: Application time: 0.0647590 seconds
178.823: [GC178.823: [ParNew: 17137K->17137K(18432K), 0.0000110 secs]178.823: [Tenured: 38617K->24369K(40960K), 0.0097200 secs] 55755K->24369K(59392K), [Perm : 6106K->6106K(21248K)], 0.0097790 secs] [Times: user=0.01 sys=0.00, real=0.00 secs] 
178.833: Total time for which application threads were stopped: 0.0100900 seconds, Stopping threads took: 0.0002220 seconds
178.895: Application time: 0.0619240 seconds
178.895: [GC178.895: [ParNew: 15697K->1437K(18432K), 0.0047780 secs] 40067K->40057K(59392K), 0.0048310 secs] [Times: user=0.04 sys=0.00, real=0.00 secs] 
178.900: Total time for which application threads were stopped: 0.0049610 seconds, Stopping threads took: 0.0000650 seconds
178.973: Application time: 0.0737170 seconds
178.974: [GC178.974: [ParNew: 17135K->17135K(18432K), 0.0000100 secs]178.974: [Tenured: 38619K->27221K(40960K), 0.0104230 secs] 55755K->27221K(59392K), [Perm : 6106K->6106K(21248K)], 0.0104830 secs] [Times: user=0.01 sys=0.00, real=0.02 secs] 
178.984: Total time for which application threads were stopped: 0.0106630 seconds, Stopping threads took: 0.0001110 seconds
179.055: Application time: 0.0712630 seconds
179.055: [GC179.056: [ParNew: 15697K->15697K(18432K), 0.0000110 secs]179.056: [Tenured: 27221K->28647K(40960K), 0.0104840 secs] 42919K->28647K(59392K), [Perm : 6106K->6106K(21248K)], 0.0105550 secs] [Times: user=0.02 sys=0.00, real=0.01 secs] 
179.066: Total time for which application threads were stopped: 0.0107270 seconds, Stopping threads took: 0.0000890 seconds
179.138: Application time: 0.0717730 seconds
179.138: [GC179.138: [ParNew: 15706K->15706K(18432K), 0.0000110 secs]179.138: [Tenured: 28647K->27217K(40960K), 0.0115600 secs] 44353K->27217K(59392K), [Perm : 6106K->6106K(21248K)], 0.0116210 secs] [Times: user=0.01 sys=0.00, real=0.01 secs] 
179.150: Total time for which application threads were stopped: 0.0117550 seconds, Stopping threads took: 0.0000650 seconds
179.209: Application time: 0.0589500 seconds
179.209: [GC179.209: [ParNew: 15691K->15691K(18432K), 0.0000090 secs]179.209: [Tenured: 27217K->27929K(40960K), 0.0092620 secs] 42909K->27929K(59392K), [Perm : 6106K->6106K(21248K)], 0.0093230 secs] [Times: user=0.01 sys=0.00, real=0.01 secs] 
179.218: Total time for which application threads were stopped: 0.0094510 seconds, Stopping threads took: 0.0000620 seconds
179.277: Application time: 0.0587030 seconds
179.277: [GC179.277: [ParNew: 15691K->15691K(18432K), 0.0000100 secs]179.277: [Tenured: 27929K->28642K(40960K), 0.0099880 secs] 43621K->28642K(59392K), [Perm : 6106K->6106K(21248K)], 0.0100460 secs] [Times: user=0.01 sys=0.00, real=0.01 secs] 
179.287: Total time for which application threads were stopped: 0.0102980 seconds, Stopping threads took: 0.0001830 seconds
179.357: Application time: 0.0700360 seconds
179.357: [GC179.357: [ParNew: 15691K->15691K(18432K), 0.0000110 secs]179.357: [Tenured: 28642K->28642K(40960K), 0.0106870 secs] 44333K->28642K(59392K), [Perm : 6106K->6106K(21248K)], 0.0107470 secs] [Times: user=0.01 sys=0.00, real=0.01 secs] 
179.368: Total time for which application threads were stopped: 0.0109550 seconds, Stopping threads took: 0.0001160 seconds
179.440: Application time: 0.0718170 seconds
179.440: [GC179.440: [ParNew: 15689K->15689K(18432K), 0.0000100 secs]179.440: [Tenured: 28642K->28642K(40960K), 0.0099310 secs] 44331K->28642K(59392K), [Perm : 6106K->6106K(21248K)], 0.0099910 secs] [Times: user=0.01 sys=0.00, real=0.01 secs] 
179.450: Total time for which application threads were stopped: 0.0101210 seconds, Stopping threads took: 0.0000610 seconds
179.515: Application time: 0.0650430 seconds
179.515: [GC179.515: [ParNew: 15691K->15691K(18432K), 0.0000100 secs]179.515: [Tenured: 28642K->29354K(40960K), 0.0099460 secs] 44333K->29354K(59392K), [Perm : 6106K->6106K(21248K)], 0.0100070 secs] [Times: user=0.01 sys=0.00, real=0.01 secs] 
179.525: Total time for which application threads were stopped: 0.0101430 seconds, Stopping threads took: 0.0000620 seconds
179.574: Application time: 0.0492410 seconds
179.575: [GC179.575: [ParNew: 15689K->15689K(18432K), 0.0000120 secs]179.575: [Tenured: 29354K->29354K(40960K), 0.0109360 secs] 45044K->29354K(59392K), [Perm : 6106K->6106K(21248K)], 0.0109980 secs] [Times: user=0.01 sys=0.00, real=0.01 secs] 
179.586: Total time for which application threads were stopped: 0.0112280 seconds, Stopping threads took: 0.0001430 seconds
179.658: Application time: 0.0724750 seconds
179.658: [GC179.658: [ParNew: 15689K->15689K(18432K), 0.0000100 secs]179.658: [Tenured: 29354K->29354K(40960K), 0.0092070 secs] 45044K->29354K(59392K), [Perm : 6106K->6106K(21248K)], 0.0092770 secs] [Times: user=0.01 sys=0.00, real=0.01 secs] 
179.668: Total time for which application threads were stopped: 0.0094510 seconds, Stopping threads took: 0.0001070 seconds
179.741: Application time: 0.0733520 seconds
179.741: [GC179.741: [ParNew: 15689K->15689K(18432K), 0.0000090 secs]179.741: [Tenured: 29354K->29354K(40960K), 0.0093500 secs] 45044K->29354K(59392K), [Perm : 6106K->6106K(21248K)], 0.0094080 secs] [Times: user=0.01 sys=0.00, real=0.01 secs] 
179.750: Total time for which application threads were stopped: 0.0095700 seconds, Stopping threads took: 0.0000840 seconds
179.815: Application time: 0.0649780 seconds
179.816: [GC179.816: [ParNew: 15707K->15707K(18432K), 0.0000110 secs]179.816: [Tenured: 29354K->27217K(40960K), 0.0107020 secs] 45062K->27217K(59392K), [Perm : 6106K->6106K(21248K)], 0.0107610 secs] [Times: user=0.01 sys=0.00, real=0.01 secs] 
179.826: Total time for which application threads were stopped: 0.0109270 seconds, Stopping threads took: 0.0000990 seconds
179.873: Application time: 0.0464860 seconds
179.873: [GC179.873: [ParNew: 15698K->15698K(18432K), 0.0000100 secs]179.873: [Tenured: 27217K->25792K(40960K), 0.0114310 secs] 42916K->25792K(59392K), [Perm : 6106K->6106K(21248K)], 0.0114940 secs] [Times: user=0.01 sys=0.00, real=0.02 secs] 
179.885: Total time for which application threads were stopped: 0.0117000 seconds, Stopping threads took: 0.0001360 seconds
179.951: Application time: 0.0662800 seconds
179.951: [GC179.951: [ParNew: 15698K->15698K(18432K), 0.0000100 secs]179.951: [Tenured: 25792K->26506K(40960K), 0.0097740 secs] 41490K->26506K(59392K), [Perm : 6106K->6106K(21248K)], 0.0098330 secs] [Times: user=0.01 sys=0.00, real=0.01 secs] 
179.961: Total time for which application threads were stopped: 0.0100540 seconds, Stopping threads took: 0.0001530 seconds
180.006: Application time: 0.0449660 seconds
180.006: [GC180.006: [ParNew: 15707K->15707K(18432K), 0.0000110 secs]180.006: [Tenured: 26506K->22230K(40960K), 0.0120620 secs] 42213K->22230K(59392K), [Perm : 6106K->6106K(21248K)], 0.0121230 secs] [Times: user=0.00 sys=0.01, real=0.01 secs] 
180.018: Total time for which application threads were stopped: 0.0123130 seconds, Stopping threads took: 0.0000950 seconds
180.086: Application time: 0.0673800 seconds
180.086: [GC180.086: [ParNew: 15688K->1425K(18432K), 0.0035560 secs] 37918K->34343K(59392K), 0.0036010 secs] [Times: user=0.03 sys=0.00, real=0.00 secs] 
180.089: Total time for which application threads were stopped: 0.0037420 seconds, Stopping threads took: 0.0000610 seconds
180.126: Application time: 0.0366050 seconds
180.126: [GC180.126: [ParNew: 17112K->17112K(18432K), 0.0000100 secs]180.126: [Tenured: 32918K->25080K(40960K), 0.0102520 secs] 50031K->25080K(59392K), [Perm : 6106K->6106K(21248K)], 0.0103130 secs] [Times: user=0.01 sys=0.00, real=0.01 secs] 
180.136: Total time for which application threads were stopped: 0.0104830 seconds, Stopping threads took: 0.0000950 seconds
180.205: Application time: 0.0681100 seconds
180.205: [GC180.205: [ParNew: 15703K->1435K(18432K), 0.0035510 secs] 40783K->37203K(59392K), 0.0035930 secs] [Times: user=0.03 sys=0.00, real=0.00 secs] 
180.208: Total time for which application threads were stopped: 0.0037160 seconds, Stopping threads took: 0.0000590 seconds
180.256: Application time: 0.0474100 seconds
180.256: [GC180.256: [ParNew: 17123K->17123K(18432K), 0.0000110 secs]180.256: [Tenured: 35768K->25082K(40960K), 0.0102830 secs] 52892K->25082K(59392K), [Perm : 6106K->6106K(21248K)], 0.0103450 secs] [Times: user=0.02 sys=0.00, real=0.01 secs] 
180.266: Total time for which application threads were stopped: 0.0105110 seconds, Stopping threads took: 0.0000980 seconds
180.308: Application time: 0.0416490 seconds
180.308: [GC180.308: [ParNew: 15688K->1425K(18432K), 0.0036140 secs] 40770K->37195K(59392K), 0.0036590 secs] [Times: user=0.03 sys=0.00, real=0.00 secs] 
180.312: Total time for which application threads were stopped: 0.0038820 seconds, Stopping threads took: 0.0001270 seconds
180.372: Application time: 0.0600190 seconds
180.372: [GC180.372: [ParNew: 17113K->17113K(18432K), 0.0000100 secs]180.372: [Tenured: 35770K->25795K(40960K), 0.0101130 secs] 52884K->25795K(59392K), [Perm : 6106K->6106K(21248K)], 0.0101740 secs] [Times: user=0.01 sys=0.00, real=0.01 secs] 
180.382: Total time for which application threads were stopped: 0.0103220 seconds, Stopping threads took: 0.0000670 seconds
180.431: Application time: 0.0486410 seconds
180.431: [GC180.431: [ParNew: 15688K->15688K(18432K), 0.0000100 secs]180.431: [Tenured: 25795K->24368K(40960K), 0.0107470 secs] 41483K->24368K(59392K), [Perm : 6106K->6106K(21248K)], 0.0108030 secs] [Times: user=0.01 sys=0.00, real=0.01 secs] 
180.442: Total time for which application threads were stopped: 0.0109370 seconds, Stopping threads took: 0.0000670 seconds
180.485: Application time: 0.0429780 seconds
180.485: [GC180.485: [ParNew: 15688K->1425K(18432K), 0.0034250 secs] 40056K->35769K(59392K), 0.0034710 secs] [Times: user=0.02 sys=0.00, real=0.00 secs] 
180.488: Total time for which application threads were stopped: 0.0037220 seconds, Stopping threads took: 0.0001730 seconds
180.546: Application time: 0.0572780 seconds
180.546: [GC180.546: [ParNew: 17113K->17113K(18432K), 0.0000110 secs]180.546: [Tenured: 34344K->24368K(40960K), 0.0092060 secs] 51458K->24368K(59392K), [Perm : 6106K->6106K(21248K)], 0.0092680 secs] [Times: user=0.01 sys=0.00, real=0.01 secs] 
180.555: Total time for which application threads were stopped: 0.0094500 seconds, Stopping threads took: 0.0001140 seconds
180.603: Application time: 0.0479780 seconds
180.603: [GC180.603: [ParNew: 15688K->1425K(18432K), 0.0034640 secs] 40057K->35769K(59392K), 0.0035090 secs] [Times: user=0.03 sys=0.00, real=0.00 secs] 
180.607: Total time for which application threads were stopped: 0.0037010 seconds, Stopping threads took: 0.0001170 seconds
180.669: Application time: 0.0621590 seconds
180.669: [GC180.669: [ParNew: 17113K->17113K(18432K), 0.0000100 secs]180.669: [Tenured: 34344K->24368K(40960K), 0.0099230 secs] 51458K->24368K(59392K), [Perm : 6106K->6106K(21248K)], 0.0099830 secs] [Times: user=0.01 sys=0.00, real=0.01 secs] 
180.679: Total time for which application threads were stopped: 0.0101210 seconds, Stopping threads took: 0.0000680 seconds
180.718: Application time: 0.0388350 seconds
180.718: [GC180.718: [ParNew: 15688K->1425K(18432K), 0.0034460 secs] 40057K->35770K(59392K), 0.0034880 secs] [Times: user=0.02 sys=0.00, real=0.00 secs] 
180.721: Total time for which application threads were stopped: 0.0036330 seconds, Stopping threads took: 0.0000800 seconds
180.786: Application time: 0.0645150 seconds
180.786: [GC180.786: [ParNew: 17114K->17114K(18432K), 0.0000110 secs]180.786: [Tenured: 34344K->24368K(40960K), 0.0091770 secs] 51459K->24368K(59392K), [Perm : 6106K->6106K(21248K)], 0.0092360 secs] [Times: user=0.00 sys=0.00, real=0.01 secs] 
180.795: Total time for which application threads were stopped: 0.0093680 seconds, Stopping threads took: 0.0000660 seconds
180.843: Application time: 0.0475020 seconds
180.843: [GC180.843: [ParNew: 15702K->1437K(18432K), 0.0033820 secs] 40071K->35782K(59392K), 0.0034230 secs] [Times: user=0.03 sys=0.00, real=0.00 secs] 
180.846: Total time for which application threads were stopped: 0.0036060 seconds, Stopping threads took: 0.0001190 seconds
180.887: Application time: 0.0405360 seconds
180.887: [GC180.887: [ParNew: 17132K->17132K(18432K), 0.0000100 secs]180.887: [Tenured: 34345K->25794K(40960K), 0.0103880 secs] 51478K->25794K(59392K), [Perm : 6106K->6106K(21248K)], 0.0104490 secs] [Times: user=0.01 sys=0.00, real=0.01 secs] 
180.898: Total time for which application threads were stopped: 0.0106010 seconds, Stopping threads took: 0.0000830 seconds
180.955: Application time: 0.0576400 seconds
180.955: [GC180.955: [ParNew: 15695K->15695K(18432K), 0.0000100 secs]180.955: [Tenured: 25794K->26507K(40960K), 0.0095900 secs] 41489K->26507K(59392K), [Perm : 6106K->6106K(21248K)], 0.0096580 secs] [Times: user=0.01 sys=0.00, real=0.01 secs] 
180.965: Total time for which application threads were stopped: 0.0098170 seconds, Stopping threads took: 0.0000890 seconds
181.023: Application time: 0.0577390 seconds
181.023: [GC181.023: [ParNew: 15702K->15702K(18432K), 0.0000110 secs]181.023: [Tenured: 26507K->26509K(40960K), 0.0102130 secs] 42210K->26509K(59392K), [Perm : 6106K->6106K(21248K)], 0.0102730 secs] [Times: user=0.01 sys=0.00, real=0.00 secs] 
181.033: Total time for which application threads were stopped: 0.0104470 seconds, Stopping threads took: 0.0001050 seconds
181.077: Application time: 0.0433440 seconds
181.077: [GC181.077: [ParNew: 15688K->15688K(18432K), 0.0000100 secs]181.077: [Tenured: 26509K->27221K(40960K), 0.0105280 secs] 42198K->27221K(59392K), [Perm : 6106K->6106K(21248K)], 0.0105850 secs] [Times: user=0.01 sys=0.00, real=0.01 secs] 
181.087: Total time for which application threads were stopped: 0.0108120 seconds, Stopping threads took: 0.0001560 seconds
181.160: Application time: 0.0726910 seconds
181.160: [GC181.160: [ParNew: 15688K->15688K(18432K), 0.0000110 secs]181.160: [Tenured: 27221K->28644K(40960K), 0.0112040 secs] 42910K->28644K(59392K), [Perm : 6106K->6106K(21248K)], 0.0112660 secs] [Times: user=0.02 sys=0.00, real=0.01 secs] 
181.172: Total time for which application threads were stopped: 0.0114420 seconds, Stopping threads took: 0.0000820 seconds
181.211: Application time: 0.0399260 seconds
181.212: [GC181.212: [ParNew: 15689K->15689K(18432K), 0.0000110 secs]181.212: [Tenured: 28644K->27219K(40960K), 0.0090780 secs] 44333K->27219K(59392K), [Perm : 6106K->6106K(21248K)], 0.0091410 secs] [Times: user=0.01 sys=0.00, real=0.01 secs] 
181.221: Total time for which application threads were stopped: 0.0093760 seconds, Stopping threads took: 0.0001450 seconds
181.237: Application time: 0.0163980 seconds
181.237: [GC181.237: [ParNew: 15717K->15717K(18432K), 0.0000110 secs]181.237: [Tenured: 27219K->29386K(40960K), 0.0092210 secs] 42936K->29386K(59392K), [Perm : 6106K->6106K(21248K)], 0.0092790 secs] [Times: user=0.00 sys=0.00, real=0.01 secs] 
181.247: Total time for which application threads were stopped: 0.0094420 seconds, Stopping threads took: 0.0000930 seconds
181.255: Application time: 0.0081040 seconds
181.255: [GC181.255: [ParNew: 15677K->15677K(18432K), 0.0000100 secs]181.255: [Tenured: 29386K->30098K(40960K), 0.0062350 secs] 45063K->30098K(59392K), [Perm : 6106K->6106K(21248K)], 0.0062910 secs] [Times: user=0.01 sys=0.00, real=0.00 secs] 
181.261: Total time for which application threads were stopped: 0.0064430 seconds, Stopping threads took: 0.0000850 seconds
181.267: Application time: 0.0052430 seconds
181.267: [GC181.267: [ParNew: 15683K->15683K(18432K), 0.0000100 secs]181.267: [Tenured: 30098K->28644K(40960K), 0.0114230 secs] 45782K->28644K(59392K), [Perm : 6106K->6106K(21248K)], 0.0114820 secs] [Times: user=0.01 sys=0.00, real=0.01 secs] 
181.278: Total time for which application threads were stopped: 0.0116370 seconds, Stopping threads took: 0.0000870 seconds
181.284: Application time: 0.0059370 seconds
181.284: [GC181.284: [ParNew: 15694K->15694K(18432K), 0.0000100 secs]181.284: [Tenured: 28644K->27220K(40960K), 0.0088030 secs] 44338K->27220K(59392K), [Perm : 6106K->6106K(21248K)], 0.0088590 secs] [Times: user=0.01 sys=0.00, real=0.00 secs] 
181.293: Total time for which application threads were stopped: 0.0090310 seconds, Stopping threads took: 0.0001020 seconds
181.299: Application time: 0.0055960 seconds
181.299: [GC181.299: [ParNew: 15680K->15680K(18432K), 0.0000100 secs]181.299: [Tenured: 27220K->27932K(40960K), 0.0083350 secs] 42900K->27932K(59392K), [Perm : 6106K->6106K(21248K)], 0.0084070 secs] [Times: user=0.01 sys=0.00, real=0.01 secs] 
181.307: Total time for which application threads were stopped: 0.0085650 seconds, Stopping threads took: 0.0000660 seconds
181.313: Application time: 0.0057940 seconds
181.313: [GC181.313: [ParNew: 15681K->15681K(18432K), 0.0000100 secs]181.313: [Tenured: 27932K->28645K(40960K), 0.0100370 secs] 43614K->28645K(59392K), [Perm : 6106K->6106K(21248K)], 0.0100970 secs] [Times: user=0.01 sys=0.00, real=0.02 secs] 
181.323: Total time for which application threads were stopped: 0.0103330 seconds, Stopping threads took: 0.0001440 seconds
181.329: Application time: 0.0054400 seconds
181.329: [GC181.329: [ParNew: 15688K->15688K(18432K), 0.0000110 secs]181.329: [Tenured: 28645K->28644K(40960K), 0.0105580 secs] 44334K->28644K(59392K), [Perm : 6106K->6106K(21248K)], 0.0106210 secs] [Times: user=0.01 sys=0.00, real=0.01 secs] 
181.340: Total time for which application threads were stopped: 0.0107750 seconds, Stopping threads took: 0.0000830 seconds
181.344: Application time: 0.0038890 seconds
181.344: [GC181.344: [ParNew: 15681K->15681K(18432K), 0.0000110 secs]181.344: [Tenured: 28644K->27932K(40960K), 0.0103530 secs] 44326K->27932K(59392K), [Perm : 6106K->6106K(21248K)], 0.0104160 secs] [Times: user=0.01 sys=0.00, real=0.01 secs] 
181.354: Total time for which application threads were stopped: 0.0109210 seconds, Stopping threads took: 0.0004140 seconds
181.358: Application time: 0.0037040 seconds
181.358: [GC181.358: [ParNew: 15678K->15678K(18432K), 0.0000110 secs]181.358: [Tenured: 27932K->29357K(40960K), 0.0062690 secs] 43610K->29357K(59392K), [Perm : 6106K->6106K(21248K)], 0.0063280 secs] [Times: user=0.01 sys=0.00, real=0.01 secs] 
181.365: Total time for which application threads were stopped: 0.0064610 seconds, Stopping threads took: 0.0000650 seconds
181.429: Application time: 0.0640520 seconds
181.429: [GC181.429: [ParNew: 15697K->15697K(18432K), 0.0000100 secs]181.429: [Tenured: 29357K->27931K(40960K), 0.0094390 secs] 45054K->27931K(59392K), [Perm : 6106K->6106K(21248K)], 0.0094970 secs] [Times: user=0.01 sys=0.00, real=0.01 secs] 
181.438: Total time for which application threads were stopped: 0.0097240 seconds, Stopping threads took: 0.0001470 seconds
181.498: Application time: 0.0598650 seconds
181.498: [GC181.498: [ParNew: 15690K->15690K(18432K), 0.0000100 secs]181.498: [Tenured: 27931K->28644K(40960K), 0.0102100 secs] 43622K->28644K(59392K), [Perm : 6106K->6106K(21248K)], 0.0102700 secs] [Times: user=0.01 sys=0.00, real=0.01 secs] 
181.509: Total time for which application threads were stopped: 0.0104730 seconds, Stopping threads took: 0.0001340 seconds
181.544: Application time: 0.0351170 seconds
181.544: [GC181.544: [ParNew: 15688K->15688K(18432K), 0.0000110 secs]181.544: [Tenured: 28644K->28644K(40960K), 0.0109280 secs] 44332K->28644K(59392K), [Perm : 6106K->6106K(21248K)], 0.0109890 secs] [Times: user=0.01 sys=0.00, real=0.01 secs] 
181.555: Total time for which application threads were stopped: 0.0112810 seconds, Stopping threads took: 0.0002010 seconds
181.621: Application time: 0.0654120 seconds
181.621: [GC181.621: [ParNew: 15690K->15690K(18432K), 0.0000100 secs]181.621: [Tenured: 28644K->27218K(40960K), 0.0089180 secs] 44334K->27218K(59392K), [Perm : 6106K->6106K(21248K)], 0.0089790 secs] [Times: user=0.01 sys=0.00, real=0.01 secs] 
181.630: Total time for which application threads were stopped: 0.0093070 seconds, Stopping threads took: 0.0002420 seconds
181.678: Application time: 0.0483820 seconds
181.678: [GC181.678: [ParNew: 15690K->15690K(18432K), 0.0000100 secs]181.678: [Tenured: 27218K->28643K(40960K), 0.0091870 secs] 42909K->28643K(59392K), [Perm : 6106K->6106K(21248K)], 0.0092470 secs] [Times: user=0.01 sys=0.00, real=0.01 secs] 
181.688: Total time for which application threads were stopped: 0.0094000 seconds, Stopping threads took: 0.0000720 seconds
181.752: Application time: 0.0644560 seconds
181.752: [GC181.752: [ParNew: 15688K->15688K(18432K), 0.0000120 secs]181.752: [Tenured: 28643K->28643K(40960K), 0.0108020 secs] 44331K->28643K(59392K), [Perm : 6106K->6106K(21248K)], 0.0108640 secs] [Times: user=0.02 sys=0.00, real=0.02 secs] 
181.763: Total time for which application threads were stopped: 0.0110470 seconds, Stopping threads took: 0.0001110 seconds
181.800: Application time: 0.0370840 seconds
181.800: [GC181.800: [ParNew: 15688K->15688K(18432K), 0.0000100 secs]181.801: [Tenured: 28643K->29356K(40960K), 0.0111090 secs] 44331K->29356K(59392K), [Perm : 6106K->6106K(21248K)], 0.0111790 secs] [Times: user=0.01 sys=0.00, real=0.01 secs] 
181.812: Total time for which application threads were stopped: 0.0114210 seconds, Stopping threads took: 0.0001520 seconds
181.866: Application time: 0.0547710 seconds
181.867: [GC181.867: [ParNew: 15687K->15687K(18432K), 0.0000110 secs]181.867: [Tenured: 29356K->28643K(40960K), 0.0099470 secs] 45044K->28643K(59392K), [Perm : 6106K->6106K(21248K)], 0.0100070 secs] [Times: user=0.01 sys=0.00, real=0.01 secs] 
181.877: Total time for which application threads were stopped: 0.0101390 seconds, Stopping threads took: 0.0000630 seconds
181.943: Application time: 0.0659890 seconds
181.943: [GC181.943: [ParNew: 15687K->15687K(18432K), 0.0000100 secs]181.943: [Tenured: 28643K->28643K(40960K), 0.0101420 secs] 44331K->28643K(59392K), [Perm : 6106K->6106K(21248K)], 0.0102020 secs] [Times: user=0.01 sys=0.00, real=0.00 secs] 
181.953: Total time for which application threads were stopped: 0.0104310 seconds, Stopping threads took: 0.0001600 seconds
182.013: Application time: 0.0598130 seconds
182.013: [GC182.013: [ParNew: 15689K->15689K(18432K), 0.0000090 secs]182.013: [Tenured: 28643K->25089K(40960K), 0.0111460 secs] 44332K->25089K(59392K), [Perm : 6106K->6106K(21248K)], 0.0112050 secs] [Times: user=0.01 sys=0.00, real=0.02 secs] 
182.024: Total time for which application threads were stopped: 0.0114800 seconds, Stopping threads took: 0.0001960 seconds
182.031: Application time: 0.0071480 seconds
182.032: [GC182.032: [ParNew: 16153K->16153K(18432K), 0.0000090 secs]182.032: [Tenured: 25089K->25829K(40960K), 0.0086410 secs] 41242K->25829K(59392K), [Perm : 6106K->6106K(21248K)], 0.0087000 secs] [Times: user=0.01 sys=0.00, real=0.01 secs] 
182.040: Total time for which application threads were stopped: 0.0089320 seconds, Stopping threads took: 0.0001530 seconds
182.048: Application time: 0.0080910 seconds
182.049: [GC182.049: [ParNew: 15974K->15974K(18432K), 0.0000100 secs]182.049: [Tenured: 25829K->25118K(40960K), 0.0082360 secs] 41803K->25118K(59392K), [Perm : 6106K->6106K(21248K)], 0.0082970 secs] [Times: user=0.01 sys=0.00, real=0.01 secs] 
182.057: Total time for which application threads were stopped: 0.0086400 seconds, Stopping threads took: 0.0002510 seconds
182.061: Application time: 0.0034730 seconds
182.061: [GC182.061: [ParNew: 15700K->1435K(18432K), 0.0023190 secs] 40818K->31541K(59392K), 0.0023570 secs] [Times: user=0.01 sys=0.00, real=0.01 secs] 
182.063: Total time for which application threads were stopped: 0.0028590 seconds, Stopping threads took: 0.0004200 seconds
182.067: Application time: 0.0039000 seconds
182.068: [GC182.068: [ParNew: 17543K->17543K(18432K), 0.0000100 secs]182.068: [Tenured: 30106K->24429K(40960K), 0.0095310 secs] 47649K->24429K(59392K), [Perm : 6106K->6106K(21248K)], 0.0095890 secs] [Times: user=0.01 sys=0.00, real=0.01 secs] 
182.078: Total time for which application threads were stopped: 0.0105520 seconds, Stopping threads took: 0.0008900 seconds
182.082: Application time: 0.0042560 seconds
182.083: [GC182.083: [ParNew: 15795K->725K(18432K), 0.0004990 secs] 40225K->25155K(59392K), 0.0005290 secs] [Times: user=0.00 sys=0.00, real=0.00 secs] 
182.083: Total time for which application threads were stopped: 0.0008990 seconds, Stopping threads took: 0.0002970 seconds
182.087: Application time: 0.0040600 seconds
182.088: [GC182.088: [ParNew: 16566K->16566K(18432K), 0.0000110 secs]182.088: [Tenured: 24429K->22951K(40960K), 0.0097390 secs] 40996K->22951K(59392K), [Perm : 6106K->6106K(21248K)], 0.0097950 secs] [Times: user=0.01 sys=0.00, real=0.01 secs] 
182.098: Total time for which application threads were stopped: 0.0105210 seconds, Stopping threads took: 0.0006570 seconds
182.102: Application time: 0.0039470 seconds
182.102: [GC182.102: [ParNew: 15739K->1439K(18432K), 0.0012240 secs] 38691K->26528K(59392K), 0.0012570 secs] [Times: user=0.00 sys=0.00, real=0.01 secs] 
182.103: Total time for which application threads were stopped: 0.0016450 seconds, Stopping threads took: 0.0003240 seconds
182.107: Application time: 0.0040040 seconds
182.108: [GC182.108: [ParNew: 17125K->17125K(18432K), 0.0000120 secs]182.108: [Tenured: 25089K->22230K(40960K), 0.0099650 secs] 42214K->22230K(59392K), [Perm : 6106K->6106K(21248K)], 0.0100330 secs] [Times: user=0.01 sys=0.00, real=0.01 secs] 
182.118: Total time for which application threads were stopped: 0.0110720 seconds, Stopping threads took: 0.0009680 seconds
182.123: Application time: 0.0045420 seconds
182.124: [GC182.124: [ParNew: 16009K->1470K(18432K), 0.0013630 secs] 38239K->25838K(59392K), 0.0013990 secs] [Times: user=0.00 sys=0.00, real=0.00 secs] 
182.125: Total time for which application threads were stopped: 0.0021710 seconds, Stopping threads took: 0.0006900 seconds
182.129: Application time: 0.0038670 seconds
182.130: [GC182.130: [ParNew: 17329K->1443K(18432K), 0.0012250 secs] 41697K->27301K(59392K), 0.0012620 secs] [Times: user=0.00 sys=0.01, real=0.00 secs] 
182.131: Total time for which application threads were stopped: 0.0021340 seconds, Stopping threads took: 0.0008120 seconds
182.136: Application time: 0.0046960 seconds
182.136: [GC182.136: [ParNew: 17279K->1442K(18432K), 0.0010790 secs] 43136K->28724K(59392K), 0.0011080 secs] [Times: user=0.00 sys=0.00, real=0.00 secs] 
182.137: Total time for which application threads were stopped: 0.0013280 seconds, Stopping threads took: 0.0001430 seconds
182.142: Application time: 0.0046440 seconds
182.142: [GC182.142: [ParNew: 17235K->1437K(18432K), 0.0018070 secs] 44518K->33027K(59392K), 0.0018510 secs] [Times: user=0.01 sys=0.00, real=0.01 secs] 
182.144: Total time for which application threads were stopped: 0.0021240 seconds, Stopping threads took: 0.0002130 seconds
182.148: Application time: 0.0045970 seconds
182.150: [GC182.150: [ParNew: 17127K->17127K(18432K), 0.0000110 secs]182.150: [Tenured: 31590K->24397K(40960K), 0.0098130 secs] 48717K->24397K(59392K), [Perm : 6106K->6106K(21248K)], 0.0098740 secs] [Times: user=0.01 sys=0.00, real=0.01 secs] 
182.159: Total time for which application threads were stopped: 0.0109390 seconds, Stopping threads took: 0.0009930 seconds
182.163: Application time: 0.0035970 seconds
182.164: [GC182.164: [ParNew: 15684K->1425K(18432K), 0.0013630 secs] 40082K->28673K(59392K), 0.0013970 secs] [Times: user=0.01 sys=0.00, real=0.00 secs] 
182.166: Total time for which application threads were stopped: 0.0026520 seconds, Stopping threads took: 0.0011740 seconds
182.170: Application time: 0.0043740 seconds
182.171: [GC182.171: [ParNew: 17109K->1425K(18432K), 0.0011350 secs] 44357K->30810K(59392K), 0.0011660 secs] [Times: user=0.00 sys=0.00, real=0.00 secs] 
182.172: Total time for which application threads were stopped: 0.0017060 seconds, Stopping threads took: 0.0004740 seconds
182.176: Application time: 0.0041230 seconds
182.177: [GC182.177: [ParNew: 17109K->17109K(18432K), 0.0000110 secs]182.177: [Tenured: 29385K->24397K(40960K), 0.0070470 secs] 46495K->24397K(59392K), [Perm : 6106K->6106K(21248K)], 0.0071030 secs] [Times: user=0.01 sys=0.00, real=0.01 secs] 
182.184: Total time for which application threads were stopped: 0.0079500 seconds, Stopping threads took: 0.0007830 seconds
182.188: Application time: 0.0041350 seconds
182.188: [GC182.188: [ParNew: 15686K->1429K(18432K), 0.0013130 secs] 40084K->28677K(59392K), 0.0013470 secs] [Times: user=0.01 sys=0.00, real=0.00 secs] 
182.190: Total time for which application threads were stopped: 0.0016900 seconds, Stopping threads took: 0.0002700 seconds
182.194: Application time: 0.0041540 seconds
182.195: [GC182.195: [ParNew: 17273K->1469K(18432K), 0.0015160 secs] 44521K->31567K(59392K), 0.0015500 secs] [Times: user=0.01 sys=0.00, real=0.00 secs] 
182.196: Total time for which application threads were stopped: 0.0022240 seconds, Stopping threads took: 0.0005940 seconds
182.200: Application time: 0.0043740 seconds
182.201: [GC182.201: [ParNew: 17493K->1440K(18432K), 0.0022340 secs] 47592K->37303K(59392K), 0.0022760 secs] [Times: user=0.02 sys=0.00, real=0.01 secs] 
182.203: Total time for which application threads were stopped: 0.0028060 seconds, Stopping threads took: 0.0004360 seconds
182.208: Application time: 0.0043500 seconds
182.208: [GC182.208: [ParNew: 17338K->17338K(18432K), 0.0000110 secs]182.208: [Tenured: 35862K->20101K(40960K), 0.0102170 secs] 53200K->20101K(59392K), [Perm : 6106K->6106K(21248K)], 0.0102760 secs] [Times: user=0.01 sys=0.00, real=0.01 secs] 
182.218: Total time for which application threads were stopped: 0.0106990 seconds, Stopping threads took: 0.0003550 seconds
182.223: Application time: 0.0047990 seconds
182.224: [GC182.224: [ParNew: 15744K->1441K(18432K), 0.0015730 secs] 35846K->25106K(59392K), 0.0016100 secs] [Times: user=0.01 sys=0.00, real=0.00 secs] 
182.225: Total time for which application threads were stopped: 0.0020990 seconds, Stopping threads took: 0.0004290 seconds
182.229: Application time: 0.0041480 seconds
182.230: [GC182.230: [ParNew: 17313K->1474K(18432K), 0.0019790 secs] 40978K->29430K(59392K), 0.0020120 secs] [Times: user=0.02 sys=0.00, real=0.00 secs] 
182.232: Total time for which application threads were stopped: 0.0023650 seconds, Stopping threads took: 0.0002720 seconds
182.236: Application time: 0.0043650 seconds
182.237: [GC182.237: [ParNew: 17473K->1441K(18432K), 0.0009860 secs] 45428K->30901K(59392K), 0.0010200 secs] [Times: user=0.00 sys=0.00, real=0.00 secs] 
182.238: Total time for which application threads were stopped: 0.0019660 seconds, Stopping threads took: 0.0008740 seconds
182.242: Application time: 0.0042550 seconds
182.243: [GC182.243: [ParNew: 17226K->1442K(18432K), 0.0016980 secs] 46687K->34466K(59392K), 0.0017310 secs] [Times: user=0.01 sys=0.00, real=0.00 secs] 
182.244: Total time for which application threads were stopped: 0.0021280 seconds, Stopping threads took: 0.0003330 seconds
182.249: Application time: 0.0043250 seconds
182.249: [GC182.249: [ParNew: 17275K->17275K(18432K), 0.0000100 secs]182.249: [Tenured: 33023K->19417K(40960K), 0.0087000 secs] 50298K->19417K(59392K), [Perm : 6106K->6106K(21248K)], 0.0087560 secs] [Times: user=0.01 sys=0.00, real=0.01 secs] 
182.258: Total time for which application threads were stopped: 0.0092010 seconds, Stopping threads took: 0.0003700 seconds
182.262: Application time: 0.0042080 seconds
182.263: [GC182.263: [ParNew: 15702K->1439K(18432K), 0.0017650 secs] 35120K->25132K(59392K), 0.0017970 secs] [Times: user=0.01 sys=0.00, real=0.00 secs] 
182.265: Total time for which application threads were stopped: 0.0025740 seconds, Stopping threads took: 0.0007190 seconds
182.269: Application time: 0.0041210 seconds
182.269: [GC182.269: [ParNew: 17125K->1429K(18432K), 0.0019490 secs] 40818K->29445K(59392K), 0.0019820 secs] [Times: user=0.01 sys=0.00, real=0.00 secs] 
182.271: Total time for which application threads were stopped: 0.0025490 seconds, Stopping threads took: 0.0005080 seconds
182.276: Application time: 0.0042570 seconds
182.277: [GC182.277: [ParNew: 17115K->1427K(18432K), 0.0011650 secs] 45131K->31580K(59392K), 0.0011970 secs] [Times: user=0.01 sys=0.00, real=0.00 secs] 
182.278: Total time for which application threads were stopped: 0.0023510 seconds, Stopping threads took: 0.0010740 seconds
182.282: Application time: 0.0040870 seconds
182.283: [GC182.283: [ParNew: 17113K->1429K(18432K), 0.0012060 secs] 47267K->33720K(59392K), 0.0016050 secs] [Times: user=0.01 sys=0.00, real=0.00 secs] 
182.285: Total time for which application threads were stopped: 0.0026510 seconds, Stopping threads took: 0.0009840 seconds
182.289: Application time: 0.0041110 seconds
182.290: [GC182.290: [ParNew: 17122K->1431K(18432K), 0.0015680 secs] 49413K->37285K(59392K), 0.0016020 secs] [Times: user=0.01 sys=0.00, real=0.00 secs] 
182.291: Total time for which application threads were stopped: 0.0024490 seconds, Stopping threads took: 0.0007640 seconds
182.295: Application time: 0.0039520 seconds
182.296: [GC182.296: [ParNew: 17133K->17133K(18432K), 0.0000100 secs]182.296: [Tenured: 35854K->22260K(40960K), 0.0089770 secs] 52987K->22260K(59392K), [Perm : 6106K->6106K(21248K)], 0.0090340 secs] [Times: user=0.01 sys=0.00, real=0.01 secs] 
182.305: Total time for which application threads were stopped: 0.0092100 seconds, Stopping threads took: 0.0000970 seconds
182.309: Application time: 0.0039900 seconds
182.309: [GC182.309: [ParNew: 15684K->1425K(18432K), 0.0014530 secs] 37945K->26535K(59392K), 0.0014880 secs] [Times: user=0.01 sys=0.00, real=0.00 secs] 
182.311: Total time for which application threads were stopped: 0.0023300 seconds, Stopping threads took: 0.0007630 seconds
182.315: Application time: 0.0036860 seconds
182.315: [GC182.315: [ParNew: 17115K->1433K(18432K), 0.0025190 secs] 42226K->32956K(59392K), 0.0025580 secs] [Times: user=0.01 sys=0.00, real=0.00 secs] 
182.318: Total time for which application threads were stopped: 0.0030040 seconds, Stopping threads took: 0.0003760 seconds
182.322: Application time: 0.0044640 seconds
182.326: [GC182.326: [ParNew: 17117K->1429K(18432K), 0.0011780 secs] 48641K->35122K(59392K), 0.0012120 secs] [Times: user=0.01 sys=0.00, real=0.00 secs] 
182.328: Total time for which application threads were stopped: 0.0055000 seconds, Stopping threads took: 0.0042060 seconds
182.332: Application time: 0.0040020 seconds
182.332: [GC182.332: [ParNew: 17113K->17113K(18432K), 0.0000110 secs]182.332: [Tenured: 33693K->22260K(40960K), 0.0088570 secs] 50806K->22260K(59392K), [Perm : 6106K->6106K(21248K)], 0.0089170 secs] [Times: user=0.01 sys=0.00, real=0.01 secs] 
182.341: Total time for which application threads were stopped: 0.0094670 seconds, Stopping threads took: 0.0004820 seconds
182.345: Application time: 0.0041920 seconds
182.345: [GC182.345: [ParNew: 15686K->1429K(18432K), 0.0019690 secs] 37946K->27964K(59392K), 0.0020080 secs] [Times: user=0.01 sys=0.00, real=0.00 secs] 
182.348: Total time for which application threads were stopped: 0.0022260 seconds, Stopping threads took: 0.0001330 seconds
182.351: Application time: 0.0038320 seconds
182.352: [GC182.352: [ParNew: 17120K->1433K(18432K), 0.0021740 secs] 43655K->32956K(59392K), 0.0022090 secs] [Times: user=0.02 sys=0.00, real=0.00 secs] 
182.354: Total time for which application threads were stopped: 0.0025380 seconds, Stopping threads took: 0.0002470 seconds
182.358: Application time: 0.0043190 seconds
182.359: [GC182.359: [ParNew: 17117K->1433K(18432K), 0.0010250 secs] 48641K->34405K(59392K), 0.0010580 secs] [Times: user=0.01 sys=0.00, real=0.00 secs] 
182.360: Total time for which application threads were stopped: 0.0016890 seconds, Stopping threads took: 0.0005760 seconds
182.364: Application time: 0.0037730 seconds
182.364: [GC182.364: [ParNew: 17138K->17138K(18432K), 0.0000100 secs]182.364: [Tenured: 32972K->20805K(40960K), 0.0102860 secs] 50111K->20805K(59392K), [Perm : 6106K->6106K(21248K)], 0.0103450 secs] [Times: user=0.01 sys=0.00, real=0.01 secs] 
182.375: Total time for which application threads were stopped: 0.0111320 seconds, Stopping threads took: 0.0007130 seconds
182.378: Application time: 0.0035130 seconds
182.380: [GC182.380: [ParNew: 15684K->1425K(18432K), 0.0014740 secs] 36489K->25080K(59392K), 0.0015070 secs] [Times: user=0.01 sys=0.00, real=0.00 secs] 
182.381: Total time for which application threads were stopped: 0.0027390 seconds, Stopping threads took: 0.0011530 seconds
182.385: Application time: 0.0038790 seconds
182.386: [GC182.386: [ParNew: 17111K->1425K(18432K), 0.0021880 secs] 40767K->30068K(59392K), 0.0022280 secs] [Times: user=0.02 sys=0.00, real=0.00 secs] 
182.388: Total time for which application threads were stopped: 0.0028410 seconds, Stopping threads took: 0.0005250 seconds
182.391: Application time: 0.0036940 seconds
182.392: [GC182.392: [ParNew: 17107K->1427K(18432K), 0.0012110 secs] 45751K->32208K(59392K), 0.0012420 secs] [Times: user=0.01 sys=0.00, real=0.00 secs] 
182.393: Total time for which application threads were stopped: 0.0019500 seconds, Stopping threads took: 0.0006310 seconds
182.397: Application time: 0.0039540 seconds
182.398: [GC182.398: [ParNew: 17119K->1437K(18432K), 0.0014250 secs] 47900K->34356K(59392K), 0.0014560 secs] [Times: user=0.01 sys=0.00, real=0.00 secs] 
182.400: Total time for which application threads were stopped: 0.0023720 seconds, Stopping threads took: 0.0008490 seconds
182.404: Application time: 0.0044190 seconds
182.405: [GC182.405: [ParNew: 17119K->1425K(18432K), 0.0009120 secs] 50038K->35112K(59392K), 0.0009430 secs] [Times: user=0.00 sys=0.01, real=0.00 secs] 
182.406: Total time for which application threads were stopped: 0.0020240 seconds, Stopping threads took: 0.0010000 seconds
182.411: Application time: 0.0043730 seconds
182.411: [GC182.411: [ParNew: 17120K->1441K(18432K), 0.0010200 secs] 50808K->36554K(59392K), 0.0010460 secs] [Times: user=0.01 sys=0.00, real=0.00 secs] 
182.412: Total time for which application threads were stopped: 0.0012610 seconds, Stopping threads took: 0.0001510 seconds
182.415: Application time: 0.0034010 seconds
182.415: [GC182.415: [ParNew: 17123K->17123K(18432K), 0.0000110 secs]182.415: [Tenured: 35112K->25081K(40960K), 0.0101380 secs] 52236K->25081K(59392K), [Perm : 6106K->6106K(21248K)], 0.0102000 secs] [Times: user=0.01 sys=0.00, real=0.01 secs] 
182.426: Total time for which application threads were stopped: 0.0104200 seconds, Stopping threads took: 0.0001500 seconds
182.429: Application time: 0.0035690 seconds
182.429: [GC182.430: [ParNew: 15681K->1425K(18432K), 0.0005680 secs] 40762K->26506K(59392K), 0.0005960 secs] [Times: user=0.00 sys=0.00, real=0.00 secs] 
182.430: Total time for which application threads were stopped: 0.0008510 seconds, Stopping threads took: 0.0002000 seconds
182.434: Application time: 0.0036070 seconds
182.434: [GC182.434: [ParNew: 17105K->1425K(18432K), 0.0006010 secs] 42186K->26506K(59392K), 0.0006310 secs] [Times: user=0.00 sys=0.00, real=0.01 secs] 
182.435: Total time for which application threads were stopped: 0.0008640 seconds, Stopping threads took: 0.0001750 seconds
182.439: Application time: 0.0044430 seconds
182.439: [GC182.439: [ParNew: 17115K->1435K(18432K), 0.0011430 secs] 42196K->28653K(59392K), 0.0011720 secs] [Times: user=0.00 sys=0.00, real=0.00 secs] 
182.440: Total time for which application threads were stopped: 0.0013610 seconds, Stopping threads took: 0.0001370 seconds
182.512: Application time: 0.0712440 seconds
182.512: [GC182.512: [ParNew (promotion failed): 17135K->17133K(18432K), 0.0043440 secs]182.516: [Tenured: 40796K->24367K(40960K), 0.0100580 secs] 44353K->24367K(59392K), [Perm : 6106K->6106K(21248K)], 0.0144660 secs] [Times: user=0.05 sys=0.00, real=0.02 secs] 
182.526: Total time for which application threads were stopped: 0.0146130 seconds, Stopping threads took: 0.0000790 seconds
182.558: Application time: 0.0321050 seconds
182.558: [GC182.558: [ParNew: 15719K->1463K(18432K), 0.0025210 secs] 40086K->32243K(59392K), 0.0025580 secs] [Times: user=0.02 sys=0.00, real=0.00 secs] 
182.561: Total time for which application threads were stopped: 0.0026950 seconds, Stopping threads took: 0.0000750 seconds
182.569: Application time: 0.0078240 seconds
182.569: [GC182.569: [ParNew: 17142K->17142K(18432K), 0.0000090 secs]182.569: [Tenured: 30780K->25109K(40960K), 0.0098970 secs] 47922K->25109K(59392K), [Perm : 6106K->6106K(21248K)], 0.0099530 secs] [Times: user=0.01 sys=0.00, real=0.01 secs] 
182.579: Total time for which application threads were stopped: 0.0101180 seconds, Stopping threads took: 0.0000990 seconds
182.584: Application time: 0.0047120 seconds
182.584: [GC182.584: [ParNew: 15685K->1433K(18432K), 0.0099810 secs] 40795K->28680K(59392K), 0.0100140 secs] [Times: user=0.07 sys=0.00, real=0.00 secs] 
182.594: Total time for which application threads were stopped: 0.0102110 seconds, Stopping threads took: 0.0001350 seconds
182.598: Application time: 0.0037600 seconds
182.598: [GC182.598: [ParNew: 17118K->1437K(18432K), 0.0014590 secs] 44365K->31566K(59392K), 0.0014890 secs] [Times: user=0.01 sys=0.00, real=0.00 secs] 
182.599: Total time for which application threads were stopped: 0.0016410 seconds, Stopping threads took: 0.0000940 seconds
182.607: Application time: 0.0072460 seconds
182.607: [GC182.607: [ParNew: 17125K->1435K(18432K), 0.0017350 secs] 47254K->35150K(59392K), 0.0017720 secs] [Times: user=0.02 sys=0.00, real=0.00 secs] 
182.609: Total time for which application threads were stopped: 0.0019290 seconds, Stopping threads took: 0.0000840 seconds
182.616: Application time: 0.0077000 seconds
182.616: [GC182.616: [ParNew: 17114K->17114K(18432K), 0.0000110 secs]182.616: [Tenured: 33715K->23655K(40960K), 0.0112120 secs] 50830K->23655K(59392K), [Perm : 6106K->6106K(21248K)], 0.0112680 secs] [Times: user=0.01 sys=0.00, real=0.01 secs] 
182.628: Total time for which application threads were stopped: 0.0114210 seconds, Stopping threads took: 0.0000840 seconds
182.634: Application time: 0.0058890 seconds
182.634: [GC182.634: [ParNew: 15687K->1439K(18432K), 0.0008110 secs] 39342K->25807K(59392K), 0.0008410 secs] [Times: user=0.00 sys=0.00, real=0.01 secs] 
182.635: Total time for which application threads were stopped: 0.0009840 seconds, Stopping threads took: 0.0000820 seconds
182.639: Application time: 0.0042390 seconds
182.639: [GC182.639: [ParNew: 17119K->714K(18432K), 0.0004380 secs] 41487K->25130K(59392K), 0.0004650 secs] [Times: user=0.00 sys=0.00, real=0.00 secs] 
182.639: Total time for which application threads were stopped: 0.0005870 seconds, Stopping threads took: 0.0000700 seconds
182.643: Application time: 0.0039510 seconds
182.643: [GC182.643: [ParNew: 16396K->1427K(18432K), 0.0016250 secs] 40812K->29405K(59392K), 0.0016600 secs] [Times: user=0.02 sys=0.00, real=0.00 secs] 
182.645: Total time for which application threads were stopped: 0.0017990 seconds, Stopping threads took: 0.0000810 seconds
182.717: Application time: 0.0719950 seconds
182.717: [GC182.717: [ParNew (promotion failed): 17127K->17131K(18432K), 0.0040700 secs]182.721: [Tenured: 40803K->24367K(40960K), 0.0097640 secs] 45105K->24367K(59392K), [Perm : 6106K->6106K(21248K)], 0.0138950 secs] [Times: user=0.04 sys=0.00, real=0.01 secs] 
182.731: Total time for which application threads were stopped: 0.0140410 seconds, Stopping threads took: 0.0000710 seconds
182.805: Application time: 0.0736570 seconds
182.805: [GC182.805: [ParNew: 15691K->1425K(18432K), 0.0046230 secs] 40059K->40043K(59392K), 0.0046650 secs] [Times: user=0.04 sys=0.00, real=0.00 secs] 
182.810: Total time for which application threads were stopped: 0.0048270 seconds, Stopping threads took: 0.0000960 seconds
182.872: Application time: 0.0628210 seconds
182.873: [GC182.873: [ParNew: 17116K->17116K(18432K), 0.0000110 secs]182.873: [Tenured: 38618K->25792K(40960K), 0.0100660 secs] 55734K->25792K(59392K), [Perm : 6106K->6106K(21248K)], 0.0101210 secs] [Times: user=0.01 sys=0.00, real=0.02 secs] 
182.883: Total time for which application threads were stopped: 0.0102650 seconds, Stopping threads took: 0.0000750 seconds
182.961: Application time: 0.0782620 seconds
182.961: [GC182.961: [ParNew: 15691K->1427K(18432K), 0.0043160 secs] 41484K->40757K(59392K), 0.0043580 secs] [Times: user=0.03 sys=0.00, real=0.01 secs] 
182.965: Total time for which application threads were stopped: 0.0045190 seconds, Stopping threads took: 0.0000960 seconds
183.019: Application time: 0.0534520 seconds
183.019: [GC183.019: [ParNew: 17118K->17118K(18432K), 0.0000100 secs]183.019: [Tenured: 39330K->25080K(40960K), 0.0096150 secs] 56449K->25080K(59392K), [Perm : 6106K->6106K(21248K)], 0.0096750 secs] [Times: user=0.01 sys=0.00, real=0.01 secs] 
183.029: Total time for which application threads were stopped: 0.0098890 seconds, Stopping threads took: 0.0001450 seconds
183.089: Application time: 0.0606450 seconds
183.090: [GC183.090: [ParNew: 15691K->1425K(18432K), 0.0045510 secs] 40771K->40755K(59392K), 0.0045940 secs] [Times: user=0.02 sys=0.01, real=0.01 secs] 
183.094: Total time for which application threads were stopped: 0.0047260 seconds, Stopping threads took: 0.0000660 seconds
183.166: Application time: 0.0715920 seconds
183.166: [GC183.166: [ParNew: 17116K->17116K(18432K), 0.0000100 secs]183.166: [Tenured: 39330K->24367K(40960K), 0.0092380 secs] 56447K->24367K(59392K), [Perm : 6106K->6106K(21248K)], 0.0092970 secs] [Times: user=0.00 sys=0.00, real=0.01 secs] 
183.175: Total time for which application threads were stopped: 0.0094880 seconds, Stopping threads took: 0.0001130 seconds
183.247: Application time: 0.0720820 seconds
183.247: [GC183.248: [ParNew: 15689K->1425K(18432K), 0.0039730 secs] 40057K->37905K(59392K), 0.0040140 secs] [Times: user=0.03 sys=0.00, real=0.00 secs] 
183.252: Total time for which application threads were stopped: 0.0041600 seconds, Stopping threads took: 0.0000690 seconds
183.321: Application time: 0.0693010 seconds
183.321: [GC183.321: [ParNew: 17122K->17122K(18432K), 0.0000100 secs]183.321: [Tenured: 36480K->25081K(40960K), 0.0091580 secs] 53603K->25081K(59392K), [Perm : 6106K->6106K(21248K)], 0.0092160 secs] [Times: user=0.01 sys=0.00, real=0.01 secs] 
183.330: Total time for which application threads were stopped: 0.0093920 seconds, Stopping threads took: 0.0001100 seconds
183.404: Application time: 0.0737620 seconds
183.404: [GC183.404: [ParNew: 15697K->1435K(18432K), 0.0043630 secs] 40779K->40054K(59392K), 0.0044030 secs] [Times: user=0.03 sys=0.00, real=0.00 secs] 
183.409: Total time for which application threads were stopped: 0.0045390 seconds, Stopping threads took: 0.0000740 seconds
183.480: Application time: 0.0711120 seconds
183.480: [GC183.480: [ParNew: 17145K->17145K(18432K), 0.0000110 secs]183.480: [Tenured: 38619K->25796K(40960K), 0.0100450 secs] 55764K->25796K(59392K), [Perm : 6106K->6106K(21248K)], 0.0101020 secs] [Times: user=0.01 sys=0.00, real=0.01 secs] 
183.490: Total time for which application threads were stopped: 0.0102350 seconds, Stopping threads took: 0.0000630 seconds
183.544: Application time: 0.0544330 seconds
183.544: [GC183.544: [ParNew: 15697K->15697K(18432K), 0.0000110 secs]183.544: [Tenured: 25796K->28647K(40960K), 0.0094170 secs] 41494K->28647K(59392K), [Perm : 6106K->6106K(21248K)], 0.0094760 secs] [Times: user=0.01 sys=0.00, real=0.00 secs] 
183.554: Total time for which application threads were stopped: 0.0096120 seconds, Stopping threads took: 0.0000700 seconds
183.621: Application time: 0.0669440 seconds
183.621: [GC183.621: [ParNew: 15704K->15704K(18432K), 0.0000100 secs]183.621: [Tenured: 28647K->27930K(40960K), 0.0119020 secs] 44352K->27930K(59392K), [Perm : 6106K->6106K(21248K)], 0.0119630 secs] [Times: user=0.01 sys=0.00, real=0.01 secs] 
183.633: Total time for which application threads were stopped: 0.0120940 seconds, Stopping threads took: 0.0000590 seconds
183.704: Application time: 0.0705860 seconds
183.704: [GC183.704: [ParNew: 15689K->15689K(18432K), 0.0000100 secs]183.704: [Tenured: 27930K->28642K(40960K), 0.0097790 secs] 43620K->28642K(59392K), [Perm : 6106K->6106K(21248K)], 0.0098410 secs] [Times: user=0.01 sys=0.00, real=0.00 secs] 
183.714: Total time for which application threads were stopped: 0.0100550 seconds, Stopping threads took: 0.0001260 seconds
183.774: Application time: 0.0599310 seconds
183.774: [GC183.774: [ParNew: 15689K->15689K(18432K), 0.0000100 secs]183.774: [Tenured: 28642K->29355K(40960K), 0.0101010 secs] 44332K->29355K(59392K), [Perm : 6106K->6106K(21248K)], 0.0101620 secs] [Times: user=0.01 sys=0.00, real=0.02 secs] 
183.784: Total time for which application threads were stopped: 0.0103100 seconds, Stopping threads took: 0.0000700 seconds
183.858: Application time: 0.0740430 seconds
183.858: [GC183.858: [ParNew: 15689K->15689K(18432K), 0.0000100 secs]183.858: [Tenured: 29355K->28642K(40960K), 0.0097480 secs] 45045K->28642K(59392K), [Perm : 6106K->6106K(21248K)], 0.0098070 secs] [Times: user=0.01 sys=0.00, real=0.01 secs] 
183.868: Total time for which application threads were stopped: 0.0100240 seconds, Stopping threads took: 0.0001380 seconds
183.934: Application time: 0.0662830 seconds
183.934: [GC183.934: [ParNew: 15691K->15691K(18432K), 0.0000100 secs]183.934: [Tenured: 28642K->28642K(40960K), 0.0100870 secs] 44334K->28642K(59392K), [Perm : 6106K->6106K(21248K)], 0.0101470 secs] [Times: user=0.01 sys=0.00, real=0.01 secs] 
183.945: Total time for which application threads were stopped: 0.0103040 seconds, Stopping threads took: 0.0000870 seconds
184.011: Application time: 0.0668480 seconds
184.012: [GC184.012: [ParNew: 15691K->15691K(18432K), 0.0000170 secs]184.012: [Tenured: 28642K->28642K(40960K), 0.0108290 secs] 44334K->28642K(59392K), [Perm : 6106K->6106K(21248K)], 0.0109130 secs] [Times: user=0.01 sys=0.00, real=0.02 secs] 
184.022: Total time for which application threads were stopped: 0.0111200 seconds, Stopping threads took: 0.0001340 seconds
184.086: Application time: 0.0632920 seconds
184.086: [GC184.086: [ParNew: 15691K->15691K(18432K), 0.0000110 secs]184.086: [Tenured: 28642K->28643K(40960K), 0.0100440 secs] 44334K->28643K(59392K), [Perm : 6106K->6106K(21248K)], 0.0101040 secs] [Times: user=0.01 sys=0.00, real=0.01 secs] 
184.096: Total time for which application threads were stopped: 0.0102680 seconds, Stopping threads took: 0.0000940 seconds
184.165: Application time: 0.0693080 seconds
184.166: [GC184.166: [ParNew: 15691K->15691K(18432K), 0.0000100 secs]184.166: [Tenured: 28643K->28643K(40960K), 0.0107360 secs] 44334K->28643K(59392K), [Perm : 6106K->6106K(21248K)], 0.0107970 secs] [Times: user=0.01 sys=0.00, real=0.01 secs] 
184.176: Total time for which application threads were stopped: 0.0110850 seconds, Stopping threads took: 0.0001970 seconds
184.247: Application time: 0.0705850 seconds
184.247: [GC184.247: [ParNew: 15691K->15691K(18432K), 0.0000100 secs]184.247: [Tenured: 28643K->28643K(40960K), 0.0099660 secs] 44334K->28643K(59392K), [Perm : 6106K->6106K(21248K)], 0.0100260 secs] [Times: user=0.01 sys=0.00, real=0.01 secs] 
184.257: Total time for which application threads were stopped: 0.0101580 seconds, Stopping threads took: 0.0000620 seconds
184.302: Application time: 0.0450790 seconds
184.302: [GC184.302: [ParNew: 15691K->15691K(18432K), 0.0000100 secs]184.302: [Tenured: 28643K->28643K(40960K), 0.0091150 secs] 44334K->28643K(59392K), [Perm : 6106K->6106K(21248K)], 0.0091760 secs] [Times: user=0.01 sys=0.00, real=0.00 secs] 
184.312: Total time for which application threads were stopped: 0.0093130 seconds, Stopping threads took: 0.0000570 seconds
184.376: Application time: 0.0644130 seconds
184.376: [GC184.376: [ParNew: 15698K->15698K(18432K), 0.0000110 secs]184.376: [Tenured: 28643K->29356K(40960K), 0.0107800 secs] 44341K->29356K(59392K), [Perm : 6106K->6106K(21248K)], 0.0108410 secs] [Times: user=0.01 sys=0.00, real=0.01 secs] 
184.387: Total time for which application threads were stopped: 0.0110380 seconds, Stopping threads took: 0.0001100 seconds
184.457: Application time: 0.0694670 seconds
184.457: [GC184.457: [ParNew: 15704K->15704K(18432K), 0.0000100 secs]184.457: [Tenured: 29356K->25793K(40960K), 0.0104870 secs] 45061K->25793K(59392K), [Perm : 6106K->6106K(21248K)], 0.0105460 secs] [Times: user=0.01 sys=0.00, real=0.01 secs] 
184.467: Total time for which application threads were stopped: 0.0107930 seconds, Stopping threads took: 0.0001790 seconds
184.524: Application time: 0.0566370 seconds
184.524: [GC184.524: [ParNew: 15696K->15696K(18432K), 0.0000100 secs]184.524: [Tenured: 25793K->25080K(40960K), 0.0104340 secs] 41489K->25080K(59392K), [Perm : 6106K->6106K(21248K)], 0.0104900 secs] [Times: user=0.01 sys=0.00, real=0.01 secs] 
184.535: Total time for which application threads were stopped: 0.0106160 seconds, Stopping threads took: 0.0000600 seconds
184.565: Application time: 0.0309100 seconds
184.566: [GC184.566: [ParNew: 15705K->1439K(18432K), 0.0036450 secs] 40785K->37207K(59392K), 0.0036860 secs] [Times: user=0.03 sys=0.00, real=0.00 secs] 
184.569: Total time for which application threads were stopped: 0.0038240 seconds, Stopping threads took: 0.0000760 seconds
184.641: Application time: 0.0717940 seconds
184.641: [GC184.641: [ParNew: 17133K->17133K(18432K), 0.0000100 secs]184.641: [Tenured: 35768K->25081K(40960K), 0.0108780 secs] 52902K->25081K(59392K), [Perm : 6106K->6106K(21248K)], 0.0109370 secs] [Times: user=0.01 sys=0.00, real=0.01 secs] 
184.652: Total time for which application threads were stopped: 0.0111510 seconds, Stopping threads took: 0.0001230 seconds
184.698: Application time: 0.0454720 seconds
184.698: [GC184.698: [ParNew: 15696K->1435K(18432K), 0.0036350 secs] 40777K->37204K(59392K), 0.0036780 secs] [Times: user=0.02 sys=0.00, real=0.00 secs] 
184.702: Total time for which application threads were stopped: 0.0038450 seconds, Stopping threads took: 0.0001020 seconds
184.769: Application time: 0.0678210 seconds
184.770: [GC184.770: [ParNew: 17123K->17123K(18432K), 0.0000110 secs]184.770: [Tenured: 35769K->25793K(40960K), 0.0110570 secs] 52892K->25793K(59392K), [Perm : 6106K->6106K(21248K)], 0.0111160 secs] [Times: user=0.01 sys=0.00, real=0.01 secs] 
184.781: Total time for which application threads were stopped: 0.0112700 seconds, Stopping threads took: 0.0000850 seconds
184.814: Application time: 0.0333170 seconds
184.814: [GC184.814: [ParNew: 15688K->15688K(18432K), 0.0000110 secs]184.814: [Tenured: 25793K->26506K(40960K), 0.0100830 secs] 41482K->26506K(59392K), [Perm : 6106K->6106K(21248K)], 0.0101430 secs] [Times: user=0.01 sys=0.00, real=0.01 secs] 
184.824: Total time for which application threads were stopped: 0.0102920 seconds, Stopping threads took: 0.0000690 seconds
184.889: Application time: 0.0651050 seconds
184.890: [GC184.890: [ParNew: 15688K->15688K(18432K), 0.0000100 secs]184.890: [Tenured: 26506K->24368K(40960K), 0.0102890 secs] 42194K->24368K(59392K), [Perm : 6106K->6106K(21248K)], 0.0103480 secs] [Times: user=0.01 sys=0.00, real=0.01 secs] 
184.900: Total time for which application threads were stopped: 0.0104900 seconds, Stopping threads took: 0.0000720 seconds
184.944: Application time: 0.0446090 seconds
184.945: [GC184.945: [ParNew: 15688K->1425K(18432K), 0.0036520 secs] 40057K->36482K(59392K), 0.0036950 secs] [Times: user=0.03 sys=0.00, real=0.00 secs] 
184.948: Total time for which application threads were stopped: 0.0038920 seconds, Stopping threads took: 0.0001330 seconds
184.997: Application time: 0.0488510 seconds
184.997: [GC184.997: [ParNew: 17113K->17113K(18432K), 0.0000100 secs]184.997: [Tenured: 35057K->24368K(40960K), 0.0106400 secs] 52170K->24368K(59392K), [Perm : 6106K->6106K(21248K)], 0.0107000 secs] [Times: user=0.01 sys=0.00, real=0.01 secs] 
185.008: Total time for which application threads were stopped: 0.0108660 seconds, Stopping threads took: 0.0000970 seconds
185.067: Application time: 0.0591120 seconds
185.067: [GC185.067: [ParNew: 15688K->1425K(18432K), 0.0036450 secs] 40057K->36482K(59392K), 0.0036890 secs] [Times: user=0.03 sys=0.00, real=0.00 secs] 
185.071: Total time for which application threads were stopped: 0.0038270 seconds, Stopping threads took: 0.0000730 seconds
185.118: Application time: 0.0471110 seconds
185.118: [GC185.118: [ParNew: 17113K->17113K(18432K), 0.0000100 secs]185.118: [Tenured: 35057K->24369K(40960K), 0.0095580 secs] 52171K->24369K(59392K), [Perm : 6106K->6106K(21248K)], 0.0096170 secs] [Times: user=0.01 sys=0.00, real=0.01 secs] 
185.128: Total time for which application threads were stopped: 0.0097910 seconds, Stopping threads took: 0.0001060 seconds
185.181: Application time: 0.0528780 seconds
185.181: [GC185.181: [ParNew: 15688K->1425K(18432K), 0.0036450 secs] 40057K->36482K(59392K), 0.0036870 secs] [Times: user=0.03 sys=0.00, real=0.01 secs] 
185.185: Total time for which application threads were stopped: 0.0038160 seconds, Stopping threads took: 0.0000610 seconds
185.232: Application time: 0.0472090 seconds
185.232: [GC185.232: [ParNew: 17114K->17114K(18432K), 0.0000100 secs]185.232: [Tenured: 35057K->24369K(40960K), 0.0091170 secs] 52171K->24369K(59392K), [Perm : 6106K->6106K(21248K)], 0.0091780 secs] [Times: user=0.01 sys=0.00, real=0.01 secs] 
185.241: Total time for which application threads were stopped: 0.0093150 seconds, Stopping threads took: 0.0000700 seconds
185.286: Application time: 0.0448650 seconds
185.286: [GC185.286: [ParNew: 15688K->1425K(18432K), 0.0036830 secs] 40058K->36483K(59392K), 0.0037250 secs] [Times: user=0.03 sys=0.00, real=0.00 secs] 
185.290: Total time for which application threads were stopped: 0.0039080 seconds, Stopping threads took: 0.0001160 seconds
185.359: Application time: 0.0695280 seconds
185.360: [GC185.360: [ParNew: 17114K->17114K(18432K), 0.0000180 secs]185.360: [Tenured: 35058K->24369K(40960K), 0.0094500 secs] 52172K->24369K(59392K), [Perm : 6106K->6106K(21248K)], 0.0095160 secs] [Times: user=0.00 sys=0.00, real=0.01 secs] 
185.369: Total time for which application threads were stopped: 0.0098770 seconds, Stopping threads took: 0.0002610 seconds
185.398: Application time: 0.0287280 seconds
185.398: [GC185.398: [ParNew: 15695K->1435K(18432K), 0.0036760 secs] 40065K->36493K(59392K), 0.0037190 secs] [Times: user=0.03 sys=0.00, real=0.00 secs] 
185.402: Total time for which application threads were stopped: 0.0038990 seconds, Stopping threads took: 0.0001140 seconds
185.462: Application time: 0.0601430 seconds
185.462: [GC185.462: [ParNew: 17137K->17137K(18432K), 0.0000100 secs]185.462: [Tenured: 35058K->25084K(40960K), 0.0101460 secs] 52195K->25084K(59392K), [Perm : 6106K->6106K(21248K)], 0.0102050 secs] [Times: user=0.01 sys=0.00, real=0.00 secs] 
185.473: Total time for which application threads were stopped: 0.0103630 seconds, Stopping threads took: 0.0000900 seconds
185.535: Application time: 0.0623100 seconds
185.535: [GC185.535: [ParNew: 15695K->1431K(18432K), 0.0038300 secs] 40780K->37204K(59392K), 0.0038740 secs] [Times: user=0.03 sys=0.00, real=0.00 secs] 
185.539: Total time for which application threads were stopped: 0.0040110 seconds, Stopping threads took: 0.0000680 seconds
185.603: Application time: 0.0641220 seconds
185.603: [GC185.603: [ParNew: 17120K->17120K(18432K), 0.0000100 secs]185.603: [Tenured: 35773K->27223K(40960K), 0.0101940 secs] 52894K->27223K(59392K), [Perm : 6106K->6106K(21248K)], 0.0102520 secs] [Times: user=0.01 sys=0.00, real=0.00 secs] 
185.613: Total time for which application threads were stopped: 0.0104370 seconds, Stopping threads took: 0.0001060 seconds
185.642: Application time: 0.0288280 seconds
185.643: [GC185.643: [ParNew: 15701K->15701K(18432K), 0.0000100 secs]185.643: [Tenured: 27223K->25799K(40960K), 0.0094070 secs] 42924K->25799K(59392K), [Perm : 6106K->6106K(21248K)], 0.0094660 secs] [Times: user=0.01 sys=0.00, real=0.00 secs] 
185.652: Total time for which application threads were stopped: 0.0098940 seconds, Stopping threads took: 0.0003400 seconds
185.714: Application time: 0.0622510 seconds
185.715: [GC185.715: [ParNew: 15730K->15730K(18432K), 0.0000110 secs]185.715: [Tenured: 25799K->26507K(40960K), 0.0124450 secs] 41530K->26507K(59392K), [Perm : 6106K->6106K(21248K)], 0.0125060 secs] [Times: user=0.01 sys=0.00, real=0.01 secs] 
185.727: Total time for which application threads were stopped: 0.0127350 seconds, Stopping threads took: 0.0001580 seconds
185.734: Application time: 0.0072000 seconds
185.734: [GC185.735: [ParNew: 15679K->15679K(18432K), 0.0000100 secs]185.735: [Tenured: 26507K->27932K(40960K), 0.0093860 secs] 42187K->27932K(59392K), [Perm : 6106K->6106K(21248K)], 0.0094490 secs] [Times: user=0.01 sys=0.00, real=0.01 secs] 
185.744: Total time for which application threads were stopped: 0.0096590 seconds, Stopping threads took: 0.0001360 seconds
185.749: Application time: 0.0054020 seconds
185.750: [GC185.750: [ParNew: 15686K->15686K(18432K), 0.0000100 secs]185.750: [Tenured: 27932K->25794K(40960K), 0.0097300 secs] 43618K->25794K(59392K), [Perm : 6106K->6106K(21248K)], 0.0097910 secs] [Times: user=0.01 sys=0.00, real=0.01 secs] 
185.759: Total time for which application threads were stopped: 0.0099850 seconds, Stopping threads took: 0.0001260 seconds
185.765: Application time: 0.0054270 seconds
185.765: [GC185.765: [ParNew: 15687K->15687K(18432K), 0.0000100 secs]185.765: [Tenured: 25794K->30783K(40960K), 0.0077950 secs] 41482K->30783K(59392K), [Perm : 6106K->6106K(21248K)], 0.0078560 secs] [Times: user=0.01 sys=0.00, real=0.00 secs] 
185.773: Total time for which application threads were stopped: 0.0080540 seconds, Stopping threads took: 0.0001280 seconds
185.777: Application time: 0.0043840 seconds
185.777: [GC185.777: [ParNew: 15677K->15677K(18432K), 0.0000100 secs]185.777: [Tenured: 30783K->29357K(40960K), 0.0084620 secs] 46460K->29357K(59392K), [Perm : 6106K->6106K(21248K)], 0.0085220 secs] [Times: user=0.01 sys=0.00, real=0.01 secs] 
185.786: Total time for which application threads were stopped: 0.0087630 seconds, Stopping threads took: 0.0001400 seconds
185.795: Application time: 0.0091130 seconds
185.795: [GC185.795: [ParNew: 15686K->15686K(18432K), 0.0000100 secs]185.795: [Tenured: 29357K->29358K(40960K), 0.0075700 secs] 45043K->29358K(59392K), [Perm : 6106K->6106K(21248K)], 0.0076240 secs] [Times: user=0.00 sys=0.00, real=0.01 secs] 
185.803: Total time for which application threads were stopped: 0.0078740 seconds, Stopping threads took: 0.0001680 seconds
185.810: Application time: 0.0070350 seconds
185.810: [GC185.810: [ParNew: 15679K->15679K(18432K), 0.0000100 secs]185.810: [Tenured: 29358K->30070K(40960K), 0.0066900 secs] 45038K->30070K(59392K), [Perm : 6106K->6106K(21248K)], 0.0067400 secs] [Times: user=0.01 sys=0.00, real=0.01 secs] 
185.817: Total time for which application threads were stopped: 0.0069070 seconds, Stopping threads took: 0.0001050 seconds
185.822: Application time: 0.0055390 seconds
185.823: [GC185.823: [ParNew: 15687K->15687K(18432K), 0.0000120 secs]185.823: [Tenured: 30070K->30071K(40960K), 0.0077270 secs] 45757K->30071K(59392K), [Perm : 6106K->6106K(21248K)], 0.0077820 secs] [Times: user=0.01 sys=0.00, real=0.00 secs] 
185.830: Total time for which application threads were stopped: 0.0079620 seconds, Stopping threads took: 0.0001170 seconds
185.834: Application time: 0.0040350 seconds
185.835: [GC185.835: [ParNew: 15679K->15679K(18432K), 0.0000110 secs]185.835: [Tenured: 30071K->29358K(40960K), 0.0086050 secs] 45751K->29358K(59392K), [Perm : 6106K->6106K(21248K)], 0.0086660 secs] [Times: user=0.01 sys=0.00, real=0.01 secs] 
185.843: Total time for which application threads were stopped: 0.0088040 seconds, Stopping threads took: 0.0000660 seconds
185.869: Application time: 0.0259160 seconds
185.869: [GC185.869: [ParNew: 15690K->15690K(18432K), 0.0000090 secs]185.869: [Tenured: 29358K->28645K(40960K), 0.0092490 secs] 45048K->28645K(59392K), [Perm : 6106K->6106K(21248K)], 0.0093040 secs] [Times: user=0.01 sys=0.00, real=0.01 secs] 
185.879: Total time for which application threads were stopped: 0.0094470 seconds, Stopping threads took: 0.0000670 seconds
185.931: Application time: 0.0526420 seconds
185.931: [GC185.931: [ParNew: 15688K->15688K(18432K), 0.0000110 secs]185.931: [Tenured: 28645K->28645K(40960K), 0.0102310 secs] 44334K->28645K(59392K), [Perm : 6106K->6106K(21248K)], 0.0102910 secs] [Times: user=0.01 sys=0.00, real=0.01 secs] 
185.942: Total time for which application threads were stopped: 0.0104240 seconds, Stopping threads took: 0.0000610 seconds
185.979: Application time: 0.0372040 seconds
185.979: [GC185.979: [ParNew: 15688K->15688K(18432K), 0.0000100 secs]185.979: [Tenured: 28645K->28645K(40960K), 0.0108820 secs] 44333K->28645K(59392K), [Perm : 6106K->6106K(21248K)], 0.0109440 secs] [Times: user=0.02 sys=0.00, real=0.01 secs] 
185.990: Total time for which application threads were stopped: 0.0112380 seconds, Stopping threads took: 0.0002050 seconds
186.058: Application time: 0.0682890 seconds
186.059: [GC186.059: [ParNew: 15688K->15688K(18432K), 0.0000100 secs]186.059: [Tenured: 28645K->29357K(40960K), 0.0093280 secs] 44333K->29357K(59392K), [Perm : 6106K->6106K(21248K)], 0.0093830 secs] [Times: user=0.01 sys=0.00, real=0.01 secs] 
186.068: Total time for which application threads were stopped: 0.0095080 seconds, Stopping threads took: 0.0000570 seconds
186.113: Application time: 0.0453380 seconds
186.113: [GC186.113: [ParNew: 15688K->15688K(18432K), 0.0000100 secs]186.113: [Tenured: 29357K->28644K(40960K), 0.0099560 secs] 45045K->28644K(59392K), [Perm : 6106K->6106K(21248K)], 0.0100170 secs] [Times: user=0.01 sys=0.00, real=0.02 secs] 
186.123: Total time for which application threads were stopped: 0.0101490 seconds, Stopping threads took: 0.0000620 seconds
186.166: Application time: 0.0425220 seconds
186.166: [GC186.166: [ParNew: 15688K->15688K(18432K), 0.0000100 secs]186.166: [Tenured: 28644K->28644K(40960K), 0.0092660 secs] 44333K->28644K(59392K), [Perm : 6106K->6106K(21248K)], 0.0093250 secs] [Times: user=0.01 sys=0.00, real=0.01 secs] 
186.176: Total time for which application threads were stopped: 0.0095300 seconds, Stopping threads took: 0.0001250 seconds
186.241: Application time: 0.0656790 seconds
186.241: [GC186.241: [ParNew: 15688K->15688K(18432K), 0.0000090 secs]186.241: [Tenured: 28644K->29357K(40960K), 0.0093890 secs] 44332K->29357K(59392K), [Perm : 6106K->6106K(21248K)], 0.0094470 secs] [Times: user=0.01 sys=0.00, real=0.01 secs] 
186.251: Total time for which application threads were stopped: 0.0096100 seconds, Stopping threads took: 0.0000850 seconds
186.308: Application time: 0.0572330 seconds
186.308: [GC186.308: [ParNew: 15687K->15687K(18432K), 0.0000100 secs]186.308: [Tenured: 29357K->28644K(40960K), 0.0092270 secs] 45045K->28644K(59392K), [Perm : 6106K->6106K(21248K)], 0.0092880 secs] [Times: user=0.01 sys=0.00, real=0.01 secs] 
186.318: Total time for which application threads were stopped: 0.0095110 seconds, Stopping threads took: 0.0001460 seconds
186.364: Application time: 0.0467940 seconds
186.365: [GC186.365: [ParNew: 15690K->15690K(18432K), 0.0000110 secs]186.365: [Tenured: 28644K->28644K(40960K), 0.0100970 secs] 44334K->28644K(59392K), [Perm : 6106K->6106K(21248K)], 0.0101570 secs] [Times: user=0.01 sys=0.00, real=0.01 secs] 
186.375: Total time for which application threads were stopped: 0.0103380 seconds, Stopping threads took: 0.0001110 seconds
186.422: Application time: 0.0469090 seconds
186.422: [GC186.422: [ParNew: 15687K->15687K(18432K), 0.0000100 secs]186.422: [Tenured: 28644K->29356K(40960K), 0.0100860 secs] 44332K->29356K(59392K), [Perm : 6106K->6106K(21248K)], 0.0101490 secs] [Times: user=0.01 sys=0.00, real=0.01 secs] 
186.432: Total time for which application threads were stopped: 0.0103950 seconds, Stopping threads took: 0.0001520 seconds
186.495: Application time: 0.0627910 seconds
186.495: [GC186.495: [ParNew: 15687K->15687K(18432K), 0.0000100 secs]186.495: [Tenured: 29356K->28644K(40960K), 0.0107570 secs] 45044K->28644K(59392K), [Perm : 6106K->6106K(21248K)], 0.0108180 secs] [Times: user=0.01 sys=0.00, real=0.01 secs] 
186.506: Total time for which application threads were stopped: 0.0110010 seconds, Stopping threads took: 0.0001120 seconds
186.541: Application time: 0.0347600 seconds
186.541: [GC186.541: [ParNew: 15721K->15721K(18432K), 0.0000100 secs]186.541: [Tenured: 28644K->27219K(40960K), 0.0125010 secs] 44365K->27219K(59392K), [Perm : 6106K->6106K(21248K)], 0.0125640 secs] [Times: user=0.01 sys=0.00, real=0.01 secs] 
186.554: Total time for which application threads were stopped: 0.0134100 seconds, Stopping threads took: 0.0007530 seconds
186.562: Application time: 0.0083120 seconds
186.562: [GC186.562: [ParNew: 15677K->15677K(18432K), 0.0000110 secs]186.562: [Tenured: 27219K->28644K(40960K), 0.0068650 secs] 42896K->28644K(59392K), [Perm : 6106K->6106K(21248K)], 0.0069190 secs] [Times: user=0.00 sys=0.00, real=0.00 secs] 
186.569: Total time for which application threads were stopped: 0.0070580 seconds, Stopping threads took: 0.0000690 seconds
186.576: Application time: 0.0064540 seconds
186.576: [GC186.576: [ParNew: 15683K->15683K(18432K), 0.0000090 secs]186.576: [Tenured: 28644K->30069K(40960K), 0.0071950 secs] 44327K->30069K(59392K), [Perm : 6106K->6106K(21248K)], 0.0072530 secs] [Times: user=0.01 sys=0.00, real=0.01 secs] 
186.583: Total time for which application threads were stopped: 0.0074620 seconds, Stopping threads took: 0.0001400 seconds
186.587: Application time: 0.0039750 seconds
186.587: [GC186.587: [ParNew: 16114K->16114K(18432K), 0.0000110 secs]186.587: [Tenured: 30069K->26542K(40960K), 0.0093680 secs] 46184K->26542K(59392K), [Perm : 6106K->6106K(21248K)], 0.0094300 secs] [Times: user=0.01 sys=0.00, real=0.01 secs] 
186.597: Total time for which application threads were stopped: 0.0096200 seconds, Stopping threads took: 0.0000990 seconds
186.605: Application time: 0.0077160 seconds
186.605: [GC186.605: [ParNew: 15993K->15993K(18432K), 0.0000100 secs]186.605: [Tenured: 26542K->24368K(40960K), 0.0107350 secs] 42536K->24368K(59392K), [Perm : 6106K->6106K(21248K)], 0.0108040 secs] [Times: user=0.01 sys=0.00, real=0.01 secs] 
186.616: Total time for which application threads were stopped: 0.0115090 seconds, Stopping threads took: 0.0006340 seconds
186.621: Application time: 0.0047930 seconds
186.621: [GC186.621: [ParNew: 15686K->1439K(18432K), 0.0009250 secs] 40054K->26520K(59392K), 0.0009570 secs] [Times: user=0.01 sys=0.00, real=0.01 secs] 
186.622: Total time for which application threads were stopped: 0.0013110 seconds, Stopping threads took: 0.0002790 seconds
186.627: Application time: 0.0045900 seconds
186.628: [GC186.628: [ParNew: 17121K->17121K(18432K), 0.0000120 secs]186.628: [Tenured: 25080K->25794K(40960K), 0.0098260 secs] 42202K->25794K(59392K), [Perm : 6106K->6106K(21248K)], 0.0098920 secs] [Times: user=0.01 sys=0.00, real=0.01 secs] 
186.638: Total time for which application threads were stopped: 0.0109030 seconds, Stopping threads took: 0.0009180 seconds
186.642: Application time: 0.0047740 seconds
186.643: [GC186.643: [ParNew: 15683K->15683K(18432K), 0.0000110 secs]186.643: [Tenured: 25794K->25081K(40960K), 0.0092820 secs] 41477K->25081K(59392K), [Perm : 6106K->6106K(21248K)], 0.0093450 secs] [Times: user=0.01 sys=0.00, real=0.00 secs] 
186.653: Total time for which application threads were stopped: 0.0101450 seconds, Stopping threads took: 0.0007250 seconds
186.657: Application time: 0.0040280 seconds
186.657: [GC186.657: [ParNew: 15687K->1435K(18432K), 0.0012390 secs] 40769K->28654K(59392K), 0.0012700 secs] [Times: user=0.01 sys=0.00, real=0.00 secs] 
186.658: Total time for which application threads were stopped: 0.0014270 seconds, Stopping threads took: 0.0001010 seconds
186.662: Application time: 0.0038070 seconds
186.662: [GC186.662: [ParNew: 17124K->17124K(18432K), 0.0000110 secs]186.662: [Tenured: 27219K->26506K(40960K), 0.0090190 secs] 44343K->26506K(59392K), [Perm : 6106K->6106K(21248K)], 0.0090850 secs] [Times: user=0.01 sys=0.01, real=0.01 secs] 
186.671: Total time for which application threads were stopped: 0.0092370 seconds, Stopping threads took: 0.0000850 seconds
186.674: Application time: 0.0032650 seconds
186.675: [GC186.675: [ParNew: 15680K->15680K(18432K), 0.0000110 secs]186.675: [Tenured: 26506K->27219K(40960K), 0.0097350 secs] 42186K->27219K(59392K), [Perm : 6106K->6106K(21248K)], 0.0097990 secs] [Times: user=0.01 sys=0.00, real=0.01 secs] 
186.684: Total time for which application threads were stopped: 0.0100280 seconds, Stopping threads took: 0.0001570 seconds
186.688: Application time: 0.0038130 seconds
186.689: [GC186.689: [ParNew: 15681K->15681K(18432K), 0.0000100 secs]186.689: [Tenured: 27219K->25794K(40960K), 0.0084710 secs] 42901K->25794K(59392K), [Perm : 6106K->6106K(21248K)], 0.0085330 secs] [Times: user=0.01 sys=0.00, real=0.01 secs] 
186.697: Total time for which application threads were stopped: 0.0089020 seconds, Stopping threads took: 0.0002870 seconds
186.703: Application time: 0.0062720 seconds
186.704: [GC186.704: [ParNew: 16258K->16258K(18432K), 0.0000100 secs]186.704: [Tenured: 25794K->24400K(40960K), 0.0085990 secs] 42052K->24400K(59392K), [Perm : 6106K->6106K(21248K)], 0.0086560 secs] [Times: user=0.01 sys=0.00, real=0.00 secs] 
186.712: Total time for which application threads were stopped: 0.0088790 seconds, Stopping threads took: 0.0001320 seconds
186.719: Application time: 0.0063710 seconds
186.719: [GC186.719: [ParNew: 15863K->1437K(18432K), 0.0007060 secs] 40264K->26549K(59392K), 0.0007350 secs] [Times: user=0.01 sys=0.00, real=0.00 secs] 
186.720: Total time for which application threads were stopped: 0.0013830 seconds, Stopping threads took: 0.0005780 seconds
186.724: Application time: 0.0044290 seconds
186.725: [GC186.725: [ParNew: 17119K->1425K(18432K), 0.0016910 secs] 42232K->30132K(59392K), 0.0017300 secs] [Times: user=0.01 sys=0.00, real=0.00 secs] 
186.726: Total time for which application threads were stopped: 0.0019110 seconds, Stopping threads took: 0.0001160 seconds
186.732: Application time: 0.0053210 seconds
186.732: [GC186.732: [ParNew: 17593K->17593K(18432K), 0.0000200 secs]186.732: [Tenured: 28707K->23004K(40960K), 0.0100360 secs] 46301K->23004K(59392K), [Perm : 6106K->6106K(21248K)], 0.0101060 secs] [Times: user=0.01 sys=0.00, real=0.01 secs] 
186.742: Total time for which application threads were stopped: 0.0102860 seconds, Stopping threads took: 0.0001090 seconds
186.748: Application time: 0.0064460 seconds
186.750: [GC186.750: [ParNew: 15909K->1450K(18432K), 0.0007830 secs] 38913K->25167K(59392K), 0.0008180 secs] [Times: user=0.00 sys=0.00, real=0.00 secs] 
186.750: Total time for which application threads were stopped: 0.0018840 seconds, Stopping threads took: 0.0010060 seconds
186.754: Application time: 0.0036060 seconds
186.754: [GC186.754: [ParNew: 17177K->1439K(18432K), 0.0014390 secs] 40894K->28022K(59392K), 0.0014750 secs] [Times: user=0.01 sys=0.00, real=0.00 secs] 
186.756: Total time for which application threads were stopped: 0.0017200 seconds, Stopping threads took: 0.0001840 seconds
186.759: Application time: 0.0035900 seconds
186.759: [GC186.759: [ParNew: 17121K->1425K(18432K), 0.0013450 secs] 43704K->30914K(59392K), 0.0013760 secs] [Times: user=0.01 sys=0.00, real=0.00 secs] 
186.761: Total time for which application threads were stopped: 0.0015440 seconds, Stopping threads took: 0.0001070 seconds
186.765: Application time: 0.0040600 seconds
186.765: [GC186.765: [ParNew: 17107K->17107K(18432K), 0.0000100 secs]186.765: [Tenured: 29489K->23656K(40960K), 0.0098730 secs] 46596K->23656K(59392K), [Perm : 6106K->6106K(21248K)], 0.0099310 secs] [Times: user=0.01 sys=0.00, real=0.01 secs] 
186.775: Total time for which application threads were stopped: 0.0101710 seconds, Stopping threads took: 0.0001680 seconds
186.779: Application time: 0.0036880 seconds
186.779: [GC186.779: [ParNew: 15681K->1427K(18432K), 0.0007830 secs] 39338K->25796K(59392K), 0.0008170 secs] [Times: user=0.01 sys=0.00, real=0.00 secs] 
186.780: Total time for which application threads were stopped: 0.0010720 seconds, Stopping threads took: 0.0001920 seconds
186.784: Application time: 0.0037290 seconds
186.785: [GC186.785: [ParNew: 17110K->1425K(18432K), 0.0015210 secs] 41479K->29356K(59392K), 0.0015560 secs] [Times: user=0.01 sys=0.00, real=0.00 secs] 
186.786: Total time for which application threads were stopped: 0.0025340 seconds, Stopping threads took: 0.0009150 seconds
186.791: Application time: 0.0045700 seconds
186.791: [GC186.791: [ParNew: 17123K->1439K(18432K), 0.0016480 secs] 45054K->32933K(59392K), 0.0016810 secs] [Times: user=0.01 sys=0.00, real=0.00 secs] 
186.793: Total time for which application threads were stopped: 0.0024080 seconds, Stopping threads took: 0.0006660 seconds
186.797: Application time: 0.0037910 seconds
186.797: [GC186.797: [ParNew: 17126K->17126K(18432K), 0.0000100 secs]186.797: [Tenured: 31494K->24368K(40960K), 0.0093820 secs] 48621K->24368K(59392K), [Perm : 6106K->6106K(21248K)], 0.0094390 secs] [Times: user=0.01 sys=0.00, real=0.01 secs] 
186.807: Total time for which application threads were stopped: 0.0096720 seconds, Stopping threads took: 0.0001650 seconds
186.810: Application time: 0.0037220 seconds
186.811: [GC186.811: [ParNew: 15679K->1425K(18432K), 0.0008310 secs] 40048K->26506K(59392K), 0.0008600 secs] [Times: user=0.01 sys=0.00, real=0.00 secs] 
186.812: Total time for which application threads were stopped: 0.0014260 seconds, Stopping threads took: 0.0004900 seconds
186.816: Application time: 0.0046120 seconds
186.817: [GC186.817: [ParNew: 17105K->1427K(18432K), 0.0006160 secs] 42186K->26508K(59392K), 0.0006430 secs] [Times: user=0.00 sys=0.00, real=0.00 secs] 
186.817: Total time for which application threads were stopped: 0.0010020 seconds, Stopping threads took: 0.0003060 seconds
186.821: Application time: 0.0040280 seconds
186.822: [GC186.822: [ParNew: 17116K->1435K(18432K), 0.0009970 secs] 42198K->27941K(59392K), 0.0010300 secs] [Times: user=0.01 sys=0.00, real=0.01 secs] 
186.823: Total time for which application threads were stopped: 0.0013070 seconds, Stopping threads took: 0.0002150 seconds
186.827: Application time: 0.0040180 seconds
186.827: [GC186.827: [ParNew: 17125K->1433K(18432K), 0.0016960 secs] 43631K->31542K(59392K), 0.0017370 secs] [Times: user=0.01 sys=0.00, real=0.00 secs] 
186.829: Total time for which application threads were stopped: 0.0019770 seconds, Stopping threads took: 0.0001800 seconds
186.832: Application time: 0.0035280 seconds
186.832: [GC186.832: [ParNew: 17115K->1427K(18432K), 0.0008570 secs] 47224K->32289K(59392K), 0.0008880 secs] [Times: user=0.01 sys=0.00, real=0.00 secs] 
186.833: Total time for which application threads were stopped: 0.0010340 seconds, Stopping threads took: 0.0000860 seconds
186.837: Application time: 0.0038320 seconds
186.838: [GC186.838: [ParNew: 17112K->1425K(18432K), 0.0015360 secs] 47974K->35850K(59392K), 0.0015690 secs] [Times: user=0.01 sys=0.00, real=0.00 secs] 
186.839: Total time for which application threads were stopped: 0.0021380 seconds, Stopping threads took: 0.0005070 seconds
186.843: Application time: 0.0037190 seconds
186.843: [GC186.844: [ParNew: 17106K->17106K(18432K), 0.0000100 secs]186.844: [Tenured: 34424K->24369K(40960K), 0.0094570 secs] 51531K->24369K(59392K), [Perm : 6106K->6106K(21248K)], 0.0095130 secs] [Times: user=0.01 sys=0.00, real=0.00 secs] 
186.853: Total time for which application threads were stopped: 0.0100980 seconds, Stopping threads took: 0.0005170 seconds
186.858: Application time: 0.0045370 seconds
186.858: [GC186.858: [ParNew: 15696K->1441K(18432K), 0.0011740 secs] 40065K->27948K(59392K), 0.0012090 secs] [Times: user=0.01 sys=0.00, real=0.00 secs] 
186.859: Total time for which application threads were stopped: 0.0013840 seconds, Stopping threads took: 0.0001160 seconds
186.863: Application time: 0.0042330 seconds
186.863: [GC186.863: [ParNew: 17121K->712K(18432K), 0.0006590 secs] 43628K->27987K(59392K), 0.0006920 secs] [Times: user=0.01 sys=0.00, real=0.00 secs] 
186.864: Total time for which application threads were stopped: 0.0008600 seconds, Stopping threads took: 0.0001090 seconds
186.869: Application time: 0.0052120 seconds
186.869: [GC186.869: [ParNew: 16390K->0K(18432K), 0.0002990 secs] 43666K->27275K(59392K), 0.0003270 secs] [Times: user=0.00 sys=0.00, real=0.00 secs] 
186.870: Total time for which application threads were stopped: 0.0004620 seconds, Stopping threads took: 0.0000790 seconds
186.904: Application time: 0.0346050 seconds
186.904: [GC186.904: [ParNew: 15754K->1495K(18432K), 0.0021180 secs] 43029K->33758K(59392K), 0.0021580 secs] [Times: user=0.02 sys=0.00, real=0.00 secs] 
186.907: Total time for which application threads were stopped: 0.0023170 seconds, Stopping threads took: 0.0000940 seconds
186.911: Application time: 0.0046060 seconds
186.912: [GC186.912: [ParNew: 17180K->1435K(18432K), 0.0014680 secs] 49443K->35947K(59392K), 0.0014960 secs] [Times: user=0.01 sys=0.00, real=0.00 secs] 
186.914: Total time for which application threads were stopped: 0.0024170 seconds, Stopping threads took: 0.0008450 seconds
186.918: Application time: 0.0046160 seconds
186.919: [GC186.919: [ParNew: 17114K->17114K(18432K), 0.0000100 secs]186.919: [Tenured: 34512K->20862K(40960K), 0.0095010 secs] 51627K->20862K(59392K), [Perm : 6106K->6106K(21248K)], 0.0095590 secs] [Times: user=0.01 sys=0.00, real=0.01 secs] 
186.929: Total time for which application threads were stopped: 0.0107440 seconds, Stopping threads took: 0.0010960 seconds
186.934: Application time: 0.0044540 seconds
186.934: [GC186.934: [ParNew: 16122K->1476K(18432K), 0.0011610 secs] 36984K->23763K(59392K), 0.0011920 secs] [Times: user=0.00 sys=0.00, real=0.01 secs] 
186.935: Total time for which application threads were stopped: 0.0015800 seconds, Stopping threads took: 0.0003200 seconds
186.939: Application time: 0.0041180 seconds
186.940: [GC186.940: [ParNew: 17301K->1444K(18432K), 0.0009200 secs] 39589K->24524K(59392K), 0.0009510 secs] [Times: user=0.01 sys=0.00, real=0.00 secs] 
186.941: Total time for which application threads were stopped: 0.0013450 seconds, Stopping threads took: 0.0003120 seconds
186.944: Application time: 0.0037330 seconds
186.945: [GC186.945: [ParNew: 17280K->1438K(18432K), 0.0006010 secs] 40360K->24568K(59392K), 0.0006400 secs] [Times: user=0.00 sys=0.00, real=0.00 secs] 
186.945: Total time for which application threads were stopped: 0.0009580 seconds, Stopping threads took: 0.0002370 seconds
186.949: Application time: 0.0039760 seconds
186.950: [GC186.950: [ParNew: 17140K->1437K(18432K), 0.0022770 secs] 40270K->30267K(59392K), 0.0023140 secs] [Times: user=0.01 sys=0.00, real=0.00 secs] 
186.952: Total time for which application threads were stopped: 0.0027590 seconds, Stopping threads took: 0.0003630 seconds
186.956: Application time: 0.0039150 seconds
186.956: [GC186.957: [ParNew: 17126K->1435K(18432K), 0.0014700 secs] 45956K->33147K(59392K), 0.0015010 secs] [Times: user=0.01 sys=0.00, real=0.00 secs] 
186.958: Total time for which application threads were stopped: 0.0021020 seconds, Stopping threads took: 0.0005320 seconds
186.962: Application time: 0.0043090 seconds
186.963: [GC186.963: [ParNew: 17124K->1435K(18432K), 0.0017100 secs] 48837K->36741K(59392K), 0.0017430 secs] [Times: user=0.01 sys=0.00, real=0.00 secs] 
186.965: Total time for which application threads were stopped: 0.0024270 seconds, Stopping threads took: 0.0006240 seconds
186.969: Application time: 0.0044140 seconds
186.970: [GC186.970: [ParNew: 17117K->17117K(18432K), 0.0000100 secs]186.970: [Tenured: 35306K->20093K(40960K), 0.0102580 secs] 52423K->20093K(59392K), [Perm : 6106K->6106K(21248K)], 0.0103180 secs] [Times: user=0.01 sys=0.00, real=0.01 secs] 
186.981: Total time for which application threads were stopped: 0.0113460 seconds, Stopping threads took: 0.0009560 seconds
186.985: Application time: 0.0042460 seconds
186.986: [GC186.986: [ParNew: 15682K->1425K(18432K), 0.0009390 secs] 35776K->22231K(59392K), 0.0009660 secs] [Times: user=0.00 sys=0.00, real=0.00 secs] 
186.987: Total time for which application threads were stopped: 0.0018470 seconds, Stopping threads took: 0.0008050 seconds
186.990: Application time: 0.0038830 seconds
186.991: [GC186.991: [ParNew: 17110K->1425K(18432K), 0.0020690 secs] 37916K->27219K(59392K), 0.0021030 secs] [Times: user=0.02 sys=0.00, real=0.00 secs] 
186.993: Total time for which application threads were stopped: 0.0024860 seconds, Stopping threads took: 0.0003040 seconds
186.997: Application time: 0.0042720 seconds
186.998: [GC186.998: [ParNew: 17114K->1435K(18432K), 0.0012280 secs] 42908K->29367K(59392K), 0.0012610 secs] [Times: user=0.01 sys=0.00, real=0.00 secs] 
186.999: Total time for which application threads were stopped: 0.0015940 seconds, Stopping threads took: 0.0002770 seconds
187.003: Application time: 0.0041310 seconds
187.004: [GC187.004: [ParNew: 17118K->1425K(18432K), 0.0009310 secs] 45050K->30822K(59392K), 0.0009620 secs] [Times: user=0.00 sys=0.00, real=0.00 secs] 
187.005: Total time for which application threads were stopped: 0.0016670 seconds, Stopping threads took: 0.0006490 seconds
187.008: Application time: 0.0036700 seconds
187.009: [GC187.009: [ParNew: 17117K->1433K(18432K), 0.0021220 secs] 46513K->35818K(59392K), 0.0021620 secs] [Times: user=0.02 sys=0.00, real=0.00 secs] 
187.011: Total time for which application threads were stopped: 0.0023610 seconds, Stopping threads took: 0.0001290 seconds
187.015: Application time: 0.0042330 seconds
187.015: [GC187.015: [ParNew: 17113K->17113K(18432K), 0.0000140 secs]187.015: [Tenured: 34385K->23656K(40960K), 0.0098340 secs] 51498K->23656K(59392K), [Perm : 6106K->6106K(21248K)], 0.0099030 secs] [Times: user=0.01 sys=0.00, real=0.01 secs] 
187.025: Total time for which application threads were stopped: 0.0102130 seconds, Stopping threads took: 0.0002280 seconds
187.029: Application time: 0.0037570 seconds
187.029: [GC187.029: [ParNew: 15689K->1437K(18432K), 0.0007610 secs] 39346K->25806K(59392K), 0.0007920 secs] [Times: user=0.00 sys=0.00, real=0.00 secs] 
187.030: Total time for which application threads were stopped: 0.0010430 seconds, Stopping threads took: 0.0001940 seconds
187.033: Application time: 0.0034990 seconds
187.034: [GC187.034: [ParNew: 17126K->1435K(18432K), 0.0011660 secs] 41496K->27966K(59392K), 0.0012040 secs] [Times: user=0.01 sys=0.00, real=0.01 secs] 
187.035: Total time for which application threads were stopped: 0.0016040 seconds, Stopping threads took: 0.0003410 seconds
187.039: Application time: 0.0036630 seconds
187.039: [GC187.039: [ParNew: 17118K->1427K(18432K), 0.0009830 secs] 43649K->29431K(59392K), 0.0010140 secs] [Times: user=0.00 sys=0.00, real=0.00 secs] 
187.040: Total time for which application threads were stopped: 0.0013170 seconds, Stopping threads took: 0.0002430 seconds
187.044: Application time: 0.0034580 seconds
187.044: [GC187.044: [ParNew: 17109K->1427K(18432K), 0.0007560 secs] 45113K->30143K(59392K), 0.0007860 secs] [Times: user=0.01 sys=0.00, real=0.00 secs] 
187.044: Total time for which application threads were stopped: 0.0009490 seconds, Stopping threads took: 0.0001080 seconds
187.048: Application time: 0.0035770 seconds
187.048: [GC187.048: [ParNew: 17109K->1429K(18432K), 0.0008880 secs] 45826K->31570K(59392K), 0.0009180 secs] [Times: user=0.00 sys=0.00, real=0.00 secs] 
187.049: Total time for which application threads were stopped: 0.0013240 seconds, Stopping threads took: 0.0003500 seconds
187.054: Application time: 0.0041580 seconds
187.054: [GC187.054: [ParNew: 17120K->1439K(18432K), 0.0013650 secs] 47262K->34431K(59392K), 0.0013970 secs] [Times: user=0.01 sys=0.00, real=0.01 secs] 
187.055: Total time for which application threads were stopped: 0.0015310 seconds, Stopping threads took: 0.0000780 seconds
187.061: Application time: 0.0057590 seconds
187.061: [GC187.061: [ParNew: 17136K->1437K(18432K), 0.0014200 secs] 50128K->37319K(59392K), 0.0014530 secs] [Times: user=0.01 sys=0.00, real=0.01 secs] 
187.062: Total time for which application threads were stopped: 0.0016000 seconds, Stopping threads took: 0.0000880 seconds
187.067: Application time: 0.0041910 seconds
187.067: [GC187.067: [ParNew: 17116K->17116K(18432K), 0.0000100 secs]187.067: [Tenured: 35882K->24368K(40960K), 0.0094560 secs] 52999K->24368K(59392K), [Perm : 6106K->6106K(21248K)], 0.0095120 secs] [Times: user=0.01 sys=0.00, real=0.01 secs] 
187.076: Total time for which application threads were stopped: 0.0096600 seconds, Stopping threads took: 0.0000810 seconds
187.081: Application time: 0.0048590 seconds
187.081: [GC187.081: [ParNew: 15696K->1439K(18432K), 0.0010530 secs] 40065K->27945K(59392K), 0.0010810 secs] [Times: user=0.00 sys=0.00, real=0.01 secs] 
187.082: Total time for which application threads were stopped: 0.0012370 seconds, Stopping threads took: 0.0001000 seconds
187.157: Application time: 0.0742590 seconds
187.157: [GC187.157: [ParNew: 17128K->1427K(18432K), 0.0040340 secs] 43635K->40086K(59392K), 0.0040770 secs] [Times: user=0.03 sys=0.00, real=0.00 secs] 
187.161: Total time for which application threads were stopped: 0.0042820 seconds, Stopping threads took: 0.0001390 seconds
187.235: Application time: 0.0739490 seconds
187.235: [GC187.235: [ParNew: 17118K->17118K(18432K), 0.0000110 secs]187.235: [Tenured: 38659K->25794K(40960K), 0.0096140 secs] 55777K->25794K(59392K), [Perm : 6106K->6106K(21248K)], 0.0096720 secs] [Times: user=0.01 sys=0.00, real=0.01 secs] 
187.245: Total time for which application threads were stopped: 0.0098300 seconds, Stopping threads took: 0.0000900 seconds
187.303: Application time: 0.0587830 seconds
187.304: [GC187.304: [ParNew: 15691K->1425K(18432K), 0.0049290 secs] 41485K->41469K(59392K), 0.0049710 secs] [Times: user=0.03 sys=0.00, real=0.00 secs] 
187.309: Total time for which application threads were stopped: 0.0051250 seconds, Stopping threads took: 0.0000910 seconds
187.382: Application time: 0.0730880 seconds
187.382: [GC187.382: [ParNew: 17116K->17116K(18432K), 0.0000090 secs]187.382: [Tenured: 40044K->24368K(40960K), 0.0100710 secs] 57161K->24368K(59392K), [Perm : 6106K->6106K(21248K)], 0.0101300 secs] [Times: user=0.01 sys=0.00, real=0.01 secs] 
187.392: Total time for which application threads were stopped: 0.0102940 seconds, Stopping threads took: 0.0000970 seconds
187.463: Application time: 0.0706720 seconds
187.463: [GC187.463: [ParNew: 15691K->1425K(18432K), 0.0046710 secs] 40060K->40043K(59392K), 0.0047210 secs] [Times: user=0.04 sys=0.00, real=0.00 secs] 
187.468: Total time for which application threads were stopped: 0.0048560 seconds, Stopping threads took: 0.0000610 seconds
187.516: Application time: 0.0486880 seconds
187.516: [GC187.516: [ParNew: 17116K->17116K(18432K), 0.0000100 secs]187.516: [Tenured: 38618K->25081K(40960K), 0.0100170 secs] 55735K->25081K(59392K), [Perm : 6106K->6106K(21248K)], 0.0100730 secs] [Times: user=0.01 sys=0.00, real=0.01 secs] 
187.526: Total time for which application threads were stopped: 0.0102110 seconds, Stopping threads took: 0.0000690 seconds
187.600: Application time: 0.0739960 seconds
187.601: [GC187.601: [ParNew: 15691K->1427K(18432K), 0.0044230 secs] 40772K->40045K(59392K), 0.0044680 secs] [Times: user=0.04 sys=0.00, real=0.01 secs] 
187.605: Total time for which application threads were stopped: 0.0046480 seconds, Stopping threads took: 0.0001110 seconds
187.679: Application time: 0.0743350 seconds
187.680: [GC187.680: [ParNew: 17116K->17116K(18432K), 0.0000110 secs]187.680: [Tenured: 38618K->24368K(40960K), 0.0097840 secs] 55735K->24368K(59392K), [Perm : 6106K->6106K(21248K)], 0.0098420 secs] [Times: user=0.01 sys=0.00, real=0.01 secs] 
187.689: Total time for which application threads were stopped: 0.0100020 seconds, Stopping threads took: 0.0000920 seconds
187.764: Application time: 0.0745010 seconds
187.764: [GC187.764: [ParNew: 15689K->1425K(18432K), 0.0041710 secs] 40058K->38618K(59392K), 0.0042130 secs] [Times: user=0.03 sys=0.00, real=0.00 secs] 
187.768: Total time for which application threads were stopped: 0.0043840 seconds, Stopping threads took: 0.0001050 seconds
187.842: Application time: 0.0737820 seconds
187.842: [GC187.842: [ParNew: 17122K->17122K(18432K), 0.0000110 secs]187.842: [Tenured: 37193K->24369K(40960K), 0.0106110 secs] 54316K->24369K(59392K), [Perm : 6106K->6106K(21248K)], 0.0106710 secs] [Times: user=0.01 sys=0.00, real=0.00 secs] 
187.853: Total time for which application threads were stopped: 0.0108440 seconds, Stopping threads took: 0.0001020 seconds
187.912: Application time: 0.0593180 seconds
187.912: [GC187.912: [ParNew: 15710K->1433K(18432K), 0.0045050 secs] 40080K->40052K(59392K), 0.0045440 secs] [Times: user=0.04 sys=0.00, real=0.01 secs] 
187.917: Total time for which application threads were stopped: 0.0046670 seconds, Stopping threads took: 0.0000580 seconds
187.977: Application time: 0.0598680 seconds
187.977: [GC187.977: [ParNew: 17124K->17124K(18432K), 0.0000100 secs]187.977: [Tenured: 38619K->27218K(40960K), 0.0113120 secs] 55744K->27218K(59392K), [Perm : 6106K->6106K(21248K)], 0.0113690 secs] [Times: user=0.01 sys=0.00, real=0.01 secs] 
187.988: Total time for which application threads were stopped: 0.0115620 seconds, Stopping threads took: 0.0001110 seconds
188.059: Application time: 0.0708720 seconds
188.059: [GC188.059: [ParNew: 15704K->15704K(18432K), 0.0000110 secs]188.059: [Tenured: 27218K->27220K(40960K), 0.0092090 secs] 42922K->27220K(59392K), [Perm : 6106K->6106K(21248K)], 0.0092700 secs] [Times: user=0.01 sys=0.00, real=0.01 secs] 
188.069: Total time for which application threads were stopped: 0.0093990 seconds, Stopping threads took: 0.0000580 seconds
188.129: Application time: 0.0606160 seconds
188.129: [GC188.129: [ParNew: 15697K->15697K(18432K), 0.0000110 secs]188.129: [Tenured: 27220K->27933K(40960K), 0.0108220 secs] 42918K->27933K(59392K), [Perm : 6106K->6106K(21248K)], 0.0108830 secs] [Times: user=0.01 sys=0.00, real=0.01 secs] 
188.140: Total time for which application threads were stopped: 0.0110510 seconds, Stopping threads took: 0.0000980 seconds
188.214: Application time: 0.0739950 seconds
188.214: [GC188.214: [ParNew: 15700K->15700K(18432K), 0.0000100 secs]188.215: [Tenured: 27933K->29359K(40960K), 0.0093320 secs] 43633K->29359K(59392K), [Perm : 6106K->6106K(21248K)], 0.0093910 secs] [Times: user=0.01 sys=0.00, real=0.01 secs] 
188.224: Total time for which application threads were stopped: 0.0095750 seconds, Stopping threads took: 0.0001150 seconds
188.293: Application time: 0.0689900 seconds
188.293: [GC188.293: [ParNew: 15691K->15691K(18432K), 0.0000100 secs]188.293: [Tenured: 29359K->28643K(40960K), 0.0117770 secs] 45051K->28643K(59392K), [Perm : 6106K->6106K(21248K)], 0.0118470 secs] [Times: user=0.01 sys=0.00, real=0.02 secs] 
188.305: Total time for which application threads were stopped: 0.0119820 seconds, Stopping threads took: 0.0000640 seconds
188.372: Application time: 0.0671000 seconds
188.372: [GC188.372: [ParNew: 15691K->15691K(18432K), 0.0000110 secs]188.372: [Tenured: 28643K->28643K(40960K), 0.0098680 secs] 44335K->28643K(59392K), [Perm : 6106K->6106K(21248K)], 0.0099280 secs] [Times: user=0.01 sys=0.00, real=0.01 secs] 
188.382: Total time for which application threads were stopped: 0.0100860 seconds, Stopping threads took: 0.0000750 seconds
188.454: Application time: 0.0718370 seconds
188.454: [GC188.454: [ParNew: 15689K->15689K(18432K), 0.0000140 secs]188.454: [Tenured: 28643K->28643K(40960K), 0.0097880 secs] 44333K->28643K(59392K), [Perm : 6106K->6106K(21248K)], 0.0098530 secs] [Times: user=0.01 sys=0.00, real=0.02 secs] 
188.464: Total time for which application threads were stopped: 0.0099820 seconds, Stopping threads took: 0.0000570 seconds
188.529: Application time: 0.0653870 seconds
188.529: [GC188.529: [ParNew: 15691K->15691K(18432K), 0.0000100 secs]188.529: [Tenured: 28643K->28643K(40960K), 0.0089870 secs] 44335K->28643K(59392K), [Perm : 6106K->6106K(21248K)], 0.0090460 secs] [Times: user=0.00 sys=0.00, real=0.01 secs] 
188.538: Total time for which application threads were stopped: 0.0091900 seconds, Stopping threads took: 0.0000690 seconds
188.601: Application time: 0.0627390 seconds
188.601: [GC188.601: [ParNew: 15691K->15691K(18432K), 0.0000100 secs]188.601: [Tenured: 28643K->28643K(40960K), 0.0097890 secs] 44335K->28643K(59392K), [Perm : 6106K->6106K(21248K)], 0.0098500 secs] [Times: user=0.01 sys=0.00, real=0.01 secs] 
188.611: Total time for which application threads were stopped: 0.0101170 seconds, Stopping threads took: 0.0001870 seconds
188.677: Application time: 0.0660000 seconds
188.677: [GC188.677: [ParNew: 15691K->15691K(18432K), 0.0000100 secs]188.677: [Tenured: 28643K->28643K(40960K), 0.0097860 secs] 44335K->28643K(59392K), [Perm : 6106K->6106K(21248K)], 0.0098440 secs] [Times: user=0.01 sys=0.00, real=0.01 secs] 
188.687: Total time for which application threads were stopped: 0.0100190 seconds, Stopping threads took: 0.0000880 seconds
188.760: Application time: 0.0724400 seconds
188.760: [GC188.760: [ParNew: 15691K->15691K(18432K), 0.0000110 secs]188.760: [Tenured: 28643K->28643K(40960K), 0.0097870 secs] 44335K->28643K(59392K), [Perm : 6106K->6106K(21248K)], 0.0098490 secs] [Times: user=0.01 sys=0.00, real=0.01 secs] 
188.770: Total time for which application threads were stopped: 0.0100620 seconds, Stopping threads took: 0.0001320 seconds
188.847: Application time: 0.0775000 seconds
188.848: [GC188.848: [ParNew: 15700K->15700K(18432K), 0.0000100 secs]188.848: [Tenured: 28643K->28644K(40960K), 0.0097530 secs] 44344K->28644K(59392K), [Perm : 6106K->6106K(21248K)], 0.0098140 secs] [Times: user=0.01 sys=0.00, real=0.01 secs] 
188.857: Total time for which application threads were stopped: 0.0100160 seconds, Stopping threads took: 0.0001210 seconds
188.894: Application time: 0.0370640 seconds
188.895: [GC188.895: [ParNew: 15698K->15698K(18432K), 0.0000100 secs]188.895: [Tenured: 28644K->27218K(40960K), 0.0108560 secs] 44342K->27218K(59392K), [Perm : 6106K->6106K(21248K)], 0.0109180 secs] [Times: user=0.01 sys=0.00, real=0.01 secs] 
188.905: Total time for which application threads were stopped: 0.0110490 seconds, Stopping threads took: 0.0000610 seconds
188.956: Application time: 0.0506660 seconds
188.956: [GC188.956: [ParNew: 15698K->15698K(18432K), 0.0000120 secs]188.956: [Tenured: 27218K->27219K(40960K), 0.0107330 secs] 42917K->27219K(59392K), [Perm : 6106K->6106K(21248K)], 0.0107940 secs] [Times: user=0.01 sys=0.00, real=0.01 secs] 
188.967: Total time for which application threads were stopped: 0.0110850 seconds, Stopping threads took: 0.0002020 seconds
189.036: Application time: 0.0690070 seconds
189.036: [GC189.036: [ParNew: 15705K->15705K(18432K), 0.0000100 secs]189.037: [Tenured: 27219K->25081K(40960K), 0.0116310 secs] 42924K->25081K(59392K), [Perm : 6106K->6106K(21248K)], 0.0117000 secs] [Times: user=0.01 sys=0.00, real=0.01 secs] 
189.048: Total time for which application threads were stopped: 0.0119490 seconds, Stopping threads took: 0.0001710 seconds
189.117: Application time: 0.0689290 seconds
189.117: [GC189.117: [ParNew: 15696K->1433K(18432K), 0.0035290 secs] 40778K->37202K(59392K), 0.0035740 secs] [Times: user=0.03 sys=0.00, real=0.00 secs] 
189.121: Total time for which application threads were stopped: 0.0037080 seconds, Stopping threads took: 0.0000660 seconds
189.156: Application time: 0.0349320 seconds
189.156: [GC189.156: [ParNew: 17123K->17123K(18432K), 0.0000100 secs]189.156: [Tenured: 35769K->25794K(40960K), 0.0111490 secs] 52892K->25794K(59392K), [Perm : 6106K->6106K(21248K)], 0.0112090 secs] [Times: user=0.02 sys=0.00, real=0.01 secs] 
189.167: Total time for which application threads were stopped: 0.0113570 seconds, Stopping threads took: 0.0000790 seconds
189.214: Application time: 0.0465020 seconds
189.214: [GC189.214: [ParNew: 15687K->15687K(18432K), 0.0000100 secs]189.214: [Tenured: 25794K->25081K(40960K), 0.0112800 secs] 41482K->25081K(59392K), [Perm : 6106K->6106K(21248K)], 0.0113390 secs] [Times: user=0.01 sys=0.00, real=0.02 secs] 
189.225: Total time for which application threads were stopped: 0.0114830 seconds, Stopping threads took: 0.0000700 seconds
189.294: Application time: 0.0686220 seconds
189.294: [GC189.294: [ParNew: 15703K->1437K(18432K), 0.0035820 secs] 40785K->37207K(59392K), 0.0036230 secs] [Times: user=0.02 sys=0.00, real=0.01 secs] 
189.297: Total time for which application threads were stopped: 0.0037540 seconds, Stopping threads took: 0.0000660 seconds
189.331: Application time: 0.0336320 seconds
189.331: [GC189.331: [ParNew: 17125K->17125K(18432K), 0.0000100 secs]189.331: [Tenured: 35770K->26508K(40960K), 0.0102570 secs] 52895K->26508K(59392K), [Perm : 6106K->6106K(21248K)], 0.0103150 secs] [Times: user=0.01 sys=0.00, real=0.01 secs] 
189.342: Total time for which application threads were stopped: 0.0104810 seconds, Stopping threads took: 0.0000980 seconds
189.402: Application time: 0.0602280 seconds
189.402: [GC189.402: [ParNew: 15688K->15688K(18432K), 0.0000100 secs]189.402: [Tenured: 26508K->25796K(40960K), 0.0101970 secs] 42197K->25796K(59392K), [Perm : 6106K->6106K(21248K)], 0.0102580 secs] [Times: user=0.01 sys=0.00, real=0.01 secs] 
189.412: Total time for which application threads were stopped: 0.0104210 seconds, Stopping threads took: 0.0000940 seconds
189.465: Application time: 0.0529610 seconds
189.465: [GC189.465: [ParNew: 15688K->15688K(18432K), 0.0000110 secs]189.465: [Tenured: 25796K->26509K(40960K), 0.0094380 secs] 41484K->26509K(59392K), [Perm : 6106K->6106K(21248K)], 0.0094950 secs] [Times: user=0.01 sys=0.00, real=0.01 secs] 
189.475: Total time for which application threads were stopped: 0.0096300 seconds, Stopping threads took: 0.0000710 seconds
189.521: Application time: 0.0465790 seconds
189.522: [GC189.522: [ParNew: 15688K->15688K(18432K), 0.0000100 secs]189.522: [Tenured: 26509K->24369K(40960K), 0.0102830 secs] 42197K->24369K(59392K), [Perm : 6106K->6106K(21248K)], 0.0103410 secs] [Times: user=0.01 sys=0.00, real=0.01 secs] 
189.532: Total time for which application threads were stopped: 0.0104800 seconds, Stopping threads took: 0.0000710 seconds
189.589: Application time: 0.0569640 seconds
189.589: [GC189.589: [ParNew: 15688K->1425K(18432K), 0.0037110 secs] 40058K->36483K(59392K), 0.0037540 secs] [Times: user=0.03 sys=0.00, real=0.00 secs] 
189.593: Total time for which application threads were stopped: 0.0040150 seconds, Stopping threads took: 0.0001790 seconds
189.638: Application time: 0.0449300 seconds
189.638: [GC189.638: [ParNew: 17113K->17113K(18432K), 0.0000100 secs]189.638: [Tenured: 35058K->24370K(40960K), 0.0090090 secs] 52172K->24370K(59392K), [Perm : 6106K->6106K(21248K)], 0.0090780 secs] [Times: user=0.01 sys=0.00, real=0.01 secs] 
189.647: Total time for which application threads were stopped: 0.0092270 seconds, Stopping threads took: 0.0000810 seconds
189.690: Application time: 0.0433080 seconds
189.690: [GC189.690: [ParNew: 15688K->1425K(18432K), 0.0038710 secs] 40058K->36483K(59392K), 0.0039110 secs] [Times: user=0.02 sys=0.00, real=0.01 secs] 
189.694: Total time for which application threads were stopped: 0.0040420 seconds, Stopping threads took: 0.0000670 seconds
189.763: Application time: 0.0686290 seconds
189.763: [GC189.763: [ParNew: 17114K->17114K(18432K), 0.0000100 secs]189.763: [Tenured: 35058K->24370K(40960K), 0.0091030 secs] 52172K->24370K(59392K), [Perm : 6106K->6106K(21248K)], 0.0091630 secs] [Times: user=0.01 sys=0.00, real=0.00 secs] 
189.772: Total time for which application threads were stopped: 0.0093760 seconds, Stopping threads took: 0.0001350 seconds
189.808: Application time: 0.0350860 seconds
189.808: [GC189.808: [ParNew: 15688K->1425K(18432K), 0.0037900 secs] 40059K->36484K(59392K), 0.0038310 secs] [Times: user=0.03 sys=0.00, real=0.00 secs] 
189.811: Total time for which application threads were stopped: 0.0039750 seconds, Stopping threads took: 0.0000790 seconds
189.884: Application time: 0.0729030 seconds
189.885: [GC189.885: [ParNew: 17120K->17120K(18432K), 0.0000110 secs]189.885: [Tenured: 35059K->22946K(40960K), 0.0104260 secs] 52179K->22946K(59392K), [Perm : 6106K->6106K(21248K)], 0.0104870 secs] [Times: user=0.02 sys=0.00, real=0.01 secs] 
189.895: Total time for which application threads were stopped: 0.0106630 seconds, Stopping threads took: 0.0000860 seconds
189.934: Application time: 0.0391850 seconds
189.934: [GC189.934: [ParNew: 15697K->1433K(18432K), 0.0036220 secs] 38643K->35068K(59392K), 0.0036730 secs] [Times: user=0.03 sys=0.00, real=0.00 secs] 
189.938: Total time for which application threads were stopped: 0.0038140 seconds, Stopping threads took: 0.0000740 seconds
189.977: Application time: 0.0391680 seconds
189.977: [GC189.977: [ParNew: 17122K->17122K(18432K), 0.0000100 secs]189.977: [Tenured: 33635K->25795K(40960K), 0.0111530 secs] 50757K->25795K(59392K), [Perm : 6106K->6106K(21248K)], 0.0112140 secs] [Times: user=0.01 sys=0.00, real=0.01 secs] 
189.989: Total time for which application threads were stopped: 0.0113540 seconds, Stopping threads took: 0.0000670 seconds
190.057: Application time: 0.0686230 seconds
190.057: [GC190.057: [ParNew: 15701K->15701K(18432K), 0.0000110 secs]190.057: [Tenured: 25795K->26509K(40960K), 0.0103930 secs] 41497K->26509K(59392K), [Perm : 6106K->6106K(21248K)], 0.0104540 secs] [Times: user=0.01 sys=0.00, real=0.01 secs] 
190.068: Total time for which application threads were stopped: 0.0106410 seconds, Stopping threads took: 0.0001170 seconds
190.124: Application time: 0.0558770 seconds
190.124: [GC190.124: [ParNew: 15702K->15702K(18432K), 0.0000110 secs]190.124: [Tenured: 26509K->27224K(40960K), 0.0099240 secs] 42212K->27224K(59392K), [Perm : 6106K->6106K(21248K)], 0.0099850 secs] [Times: user=0.01 sys=0.00, real=0.00 secs] 
190.134: Total time for which application threads were stopped: 0.0101610 seconds, Stopping threads took: 0.0000920 seconds
190.166: Application time: 0.0317360 seconds
190.166: [GC190.166: [ParNew: 15688K->15688K(18432K), 0.0000100 secs]190.166: [Tenured: 27224K->29361K(40960K), 0.0097320 secs] 42913K->29361K(59392K), [Perm : 6106K->6106K(21248K)], 0.0097910 secs] [Times: user=0.01 sys=0.00, real=0.01 secs] 
190.176: Total time for which application threads were stopped: 0.0099240 seconds, Stopping threads took: 0.0000640 seconds
190.239: Application time: 0.0637190 seconds
190.239: [GC190.239: [ParNew: 15688K->15688K(18432K), 0.0000100 secs]190.239: [Tenured: 29361K->28645K(40960K), 0.0115100 secs] 45050K->28645K(59392K), [Perm : 6106K->6106K(21248K)], 0.0115700 secs] [Times: user=0.01 sys=0.00, real=0.01 secs] 
190.251: Total time for which application threads were stopped: 0.0117050 seconds, Stopping threads took: 0.0000610 seconds
190.307: Application time: 0.0563030 seconds
190.308: [GC190.308: [ParNew: 16150K->16150K(18432K), 0.0000090 secs]190.308: [Tenured: 28645K->26544K(40960K), 0.0094910 secs] 44796K->26544K(59392K), [Perm : 6106K->6106K(21248K)], 0.0095570 secs] [Times: user=0.01 sys=0.00, real=0.01 secs] 
190.317: Total time for which application threads were stopped: 0.0098150 seconds, Stopping threads took: 0.0001780 seconds
190.332: Application time: 0.0147250 seconds
190.332: [GC190.332: [ParNew: 15974K->15974K(18432K), 0.0000100 secs]190.332: [Tenured: 26544K->29388K(40960K), 0.0067530 secs] 42518K->29388K(59392K), [Perm : 6106K->6106K(21248K)], 0.0068120 secs] [Times: user=0.01 sys=0.00, real=0.01 secs] 
190.339: Total time for which application threads were stopped: 0.0069600 seconds, Stopping threads took: 0.0000740 seconds
190.344: Application time: 0.0055110 seconds
190.344: [GC190.344: [ParNew: 15683K->15683K(18432K), 0.0000100 secs]190.344: [Tenured: 29388K->28675K(40960K), 0.0100500 secs] 45072K->28675K(59392K), [Perm : 6106K->6106K(21248K)], 0.0101090 secs] [Times: user=0.01 sys=0.00, real=0.01 secs] 
190.355: Total time for which application threads were stopped: 0.0102850 seconds, Stopping threads took: 0.0000880 seconds
190.360: Application time: 0.0051490 seconds
190.360: [GC190.360: [ParNew: 15685K->15685K(18432K), 0.0000100 secs]190.360: [Tenured: 28675K->28645K(40960K), 0.0107290 secs] 44361K->28645K(59392K), [Perm : 6106K->6106K(21248K)], 0.0107880 secs] [Times: user=0.02 sys=0.00, real=0.01 secs] 
190.371: Total time for which application threads were stopped: 0.0109670 seconds, Stopping threads took: 0.0000990 seconds
190.374: Application time: 0.0036850 seconds
190.375: [GC190.375: [ParNew: 15679K->15679K(18432K), 0.0000100 secs]190.375: [Tenured: 28645K->27933K(40960K), 0.0096750 secs] 44325K->27933K(59392K), [Perm : 6106K->6106K(21248K)], 0.0097370 secs] [Times: user=0.01 sys=0.00, real=0.01 secs] 
190.384: Total time for which application threads were stopped: 0.0099080 seconds, Stopping threads took: 0.0000980 seconds
190.392: Application time: 0.0077750 seconds
190.392: [GC190.392: [ParNew: 15688K->15688K(18432K), 0.0000100 secs]190.392: [Tenured: 27933K->29358K(40960K), 0.0068240 secs] 43621K->29358K(59392K), [Perm : 6106K->6106K(21248K)], 0.0068850 secs] [Times: user=0.00 sys=0.00, real=0.01 secs] 
190.399: Total time for which application threads were stopped: 0.0070490 seconds, Stopping threads took: 0.0000930 seconds
190.407: Application time: 0.0076530 seconds
190.407: [GC190.407: [ParNew: 15679K->15679K(18432K), 0.0000100 secs]190.407: [Tenured: 29358K->28646K(40960K), 0.0067250 secs] 45038K->28646K(59392K), [Perm : 6106K->6106K(21248K)], 0.0067800 secs] [Times: user=0.00 sys=0.00, real=0.00 secs] 
190.414: Total time for which application threads were stopped: 0.0069270 seconds, Stopping threads took: 0.0000830 seconds
190.419: Application time: 0.0053250 seconds
190.419: [GC190.419: [ParNew: 15687K->15687K(18432K), 0.0000100 secs]190.419: [Tenured: 28646K->29358K(40960K), 0.0094310 secs] 44333K->29358K(59392K), [Perm : 6106K->6106K(21248K)], 0.0094940 secs] [Times: user=0.01 sys=0.00, real=0.01 secs] 
190.429: Total time for which application threads were stopped: 0.0097950 seconds, Stopping threads took: 0.0002080 seconds
190.433: Application time: 0.0038880 seconds
190.433: [GC190.433: [ParNew: 15679K->15679K(18432K), 0.0000100 secs]190.433: [Tenured: 29358K->28646K(40960K), 0.0069470 secs] 45038K->28646K(59392K), [Perm : 6106K->6106K(21248K)], 0.0070050 secs] [Times: user=0.00 sys=0.00, real=0.01 secs] 
190.440: Total time for which application threads were stopped: 0.0072790 seconds, Stopping threads took: 0.0002080 seconds
190.445: Application time: 0.0052570 seconds
190.445: [GC190.445: [ParNew: 15690K->15690K(18432K), 0.0000110 secs]190.445: [Tenured: 28646K->27220K(40960K), 0.0096440 secs] 44336K->27220K(59392K), [Perm : 6106K->6106K(21248K)], 0.0097060 secs] [Times: user=0.01 sys=0.00, real=0.01 secs] 
190.455: Total time for which application threads were stopped: 0.0098600 seconds, Stopping threads took: 0.0000820 seconds
190.524: Application time: 0.0693450 seconds
190.525: [GC190.525: [ParNew: 15688K->15688K(18432K), 0.0000090 secs]190.525: [Tenured: 27220K->27933K(40960K), 0.0091790 secs] 42909K->27933K(59392K), [Perm : 6106K->6106K(21248K)], 0.0092480 secs] [Times: user=0.01 sys=0.00, real=0.00 secs] 
190.534: Total time for which application threads were stopped: 0.0095290 seconds, Stopping threads took: 0.0002040 seconds
190.573: Application time: 0.0390380 seconds
190.573: [GC190.573: [ParNew: 15688K->15688K(18432K), 0.0000100 secs]190.573: [Tenured: 27933K->29358K(40960K), 0.0103140 secs] 43621K->29358K(59392K), [Perm : 6106K->6106K(21248K)], 0.0103730 secs] [Times: user=0.01 sys=0.00, real=0.02 secs] 
190.584: Total time for which application threads were stopped: 0.0105410 seconds, Stopping threads took: 0.0000860 seconds
190.636: Application time: 0.0526970 seconds
190.636: [GC190.636: [ParNew: 15688K->15688K(18432K), 0.0000100 secs]190.636: [Tenured: 29358K->28645K(40960K), 0.0091870 secs] 45046K->28645K(59392K), [Perm : 6106K->6106K(21248K)], 0.0092470 secs] [Times: user=0.01 sys=0.00, real=0.01 secs] 
190.646: Total time for which application threads were stopped: 0.0093870 seconds, Stopping threads took: 0.0000610 seconds
190.705: Application time: 0.0592320 seconds
190.705: [GC190.705: [ParNew: 15688K->15688K(18432K), 0.0000100 secs]190.705: [Tenured: 28645K->28645K(40960K), 0.0094000 secs] 44333K->28645K(59392K), [Perm : 6106K->6106K(21248K)], 0.0094570 secs] [Times: user=0.01 sys=0.00, real=0.01 secs] 
190.715: Total time for which application threads were stopped: 0.0095910 seconds, Stopping threads took: 0.0000650 seconds
190.757: Application time: 0.0420510 seconds
190.757: [GC190.757: [ParNew: 15688K->15688K(18432K), 0.0000110 secs]190.757: [Tenured: 28645K->29357K(40960K), 0.0101640 secs] 44333K->29357K(59392K), [Perm : 6106K->6106K(21248K)], 0.0102250 secs] [Times: user=0.01 sys=0.00, real=0.01 secs] 
190.767: Total time for which application threads were stopped: 0.0104190 seconds, Stopping threads took: 0.0001230 seconds
190.833: Application time: 0.0659510 seconds
190.833: [GC190.833: [ParNew: 15688K->15688K(18432K), 0.0000110 secs]190.833: [Tenured: 29357K->28645K(40960K), 0.0100570 secs] 45045K->28645K(59392K), [Perm : 6106K->6106K(21248K)], 0.0101170 secs] [Times: user=0.02 sys=0.00, real=0.02 secs] 
190.843: Total time for which application threads were stopped: 0.0102970 seconds, Stopping threads took: 0.0000870 seconds
190.886: Application time: 0.0429240 seconds
190.886: [GC190.886: [ParNew: 15689K->15689K(18432K), 0.0000110 secs]190.886: [Tenured: 28645K->28645K(40960K), 0.0100490 secs] 44335K->28645K(59392K), [Perm : 6106K->6106K(21248K)], 0.0101100 secs] [Times: user=0.01 sys=0.00, real=0.01 secs] 
190.896: Total time for which application threads were stopped: 0.0102480 seconds, Stopping threads took: 0.0000690 seconds
190.951: Application time: 0.0547570 seconds
190.951: [GC190.951: [ParNew: 15687K->15687K(18432K), 0.0000100 secs]190.951: [Tenured: 28645K->29357K(40960K), 0.0093910 secs] 44332K->29357K(59392K), [Perm : 6106K->6106K(21248K)], 0.0094510 secs] [Times: user=0.01 sys=0.00, real=0.01 secs] 
190.961: Total time for which application threads were stopped: 0.0096600 seconds, Stopping threads took: 0.0001290 seconds
190.987: Application time: 0.0262580 seconds
190.987: [GC190.987: [ParNew: 15717K->15717K(18432K), 0.0000110 secs]190.987: [Tenured: 29357K->30099K(40960K), 0.0101550 secs] 45074K->30099K(59392K), [Perm : 6106K->6106K(21248K)], 0.0102160 secs] [Times: user=0.01 sys=0.00, real=0.01 secs] 
190.997: Total time for which application threads were stopped: 0.0103640 seconds, Stopping threads took: 0.0000770 seconds
191.005: Application time: 0.0073860 seconds
191.005: [GC191.005: [ParNew: 15679K->15679K(18432K), 0.0000100 secs]191.005: [Tenured: 30099K->28644K(40960K), 0.0123190 secs] 45778K->28644K(59392K), [Perm : 6106K->6106K(21248K)], 0.0123800 secs] [Times: user=0.02 sys=0.00, real=0.01 secs] 
191.017: Total time for which application threads were stopped: 0.0126100 seconds, Stopping threads took: 0.0001480 seconds
191.024: Application time: 0.0061880 seconds
191.024: [GC191.024: [ParNew: 15683K->15683K(18432K), 0.0000110 secs]191.024: [Tenured: 28644K->30070K(40960K), 0.0063400 secs] 44328K->30070K(59392K), [Perm : 6106K->6106K(21248K)], 0.0064040 secs] [Times: user=0.01 sys=0.00, real=0.00 secs] 
191.030: Total time for which application threads were stopped: 0.0065490 seconds, Stopping threads took: 0.0000760 seconds
191.035: Application time: 0.0048840 seconds
191.035: [GC191.035: [ParNew: 15677K->15677K(18432K), 0.0000100 secs]191.035: [Tenured: 30070K->27219K(40960K), 0.0060350 secs] 45747K->27219K(59392K), [Perm : 6106K->6106K(21248K)], 0.0060910 secs] [Times: user=0.01 sys=0.00, real=0.00 secs] 
191.041: Total time for which application threads were stopped: 0.0062350 seconds, Stopping threads took: 0.0000760 seconds
191.048: Application time: 0.0068040 seconds
191.048: [GC191.048: [ParNew: 16143K->16143K(18432K), 0.0000100 secs]191.048: [Tenured: 27219K->25830K(40960K), 0.0085220 secs] 43362K->25830K(59392K), [Perm : 6106K->6106K(21248K)], 0.0085810 secs] [Times: user=0.01 sys=0.00, real=0.01 secs] 
191.057: Total time for which application threads were stopped: 0.0087350 seconds, Stopping threads took: 0.0000820 seconds
191.062: Application time: 0.0056220 seconds
191.063: [GC191.063: [ParNew: 15855K->15855K(18432K), 0.0000110 secs]191.063: [Tenured: 25830K->25089K(40960K), 0.0102330 secs] 41686K->25089K(59392K), [Perm : 6106K->6106K(21248K)], 0.0102940 secs] [Times: user=0.02 sys=0.00, real=0.00 secs] 
191.073: Total time for which application threads were stopped: 0.0104890 seconds, Stopping threads took: 0.0001220 seconds
191.078: Application time: 0.0054820 seconds
191.079: [GC191.079: [ParNew: 15805K->1441K(18432K), 0.0016240 secs] 40894K->30093K(59392K), 0.0016570 secs] [Times: user=0.01 sys=0.00, real=0.00 secs] 
191.080: Total time for which application threads were stopped: 0.0018840 seconds, Stopping threads took: 0.0001670 seconds
191.084: Application time: 0.0038530 seconds
191.085: [GC191.085: [ParNew: 17124K->17124K(18432K), 0.0000100 secs]191.085: [Tenured: 28652K->27220K(40960K), 0.0107370 secs] 45776K->27220K(59392K), [Perm : 6106K->6106K(21248K)], 0.0107990 secs] [Times: user=0.01 sys=0.00, real=0.01 secs] 
191.096: Total time for which application threads were stopped: 0.0116340 seconds, Stopping threads took: 0.0007610 seconds
191.100: Application time: 0.0039140 seconds
191.100: [GC191.100: [ParNew: 15680K->15680K(18432K), 0.0000100 secs]191.100: [Tenured: 27220K->28645K(40960K), 0.0073920 secs] 42900K->28645K(59392K), [Perm : 6106K->6106K(21248K)], 0.0074510 secs] [Times: user=0.00 sys=0.00, real=0.01 secs] 
191.107: Total time for which application threads were stopped: 0.0076590 seconds, Stopping threads took: 0.0001390 seconds
191.111: Application time: 0.0037850 seconds
191.112: [GC191.112: [ParNew: 15679K->15679K(18432K), 0.0000100 secs]191.112: [Tenured: 28645K->27932K(40960K), 0.0067920 secs] 44324K->27932K(59392K), [Perm : 6106K->6106K(21248K)], 0.0068470 secs] [Times: user=0.01 sys=0.00, real=0.01 secs] 
191.118: Total time for which application threads were stopped: 0.0071960 seconds, Stopping threads took: 0.0002820 seconds
191.124: Application time: 0.0055530 seconds
191.124: [GC191.124: [ParNew: 15696K->15696K(18432K), 0.0000100 secs]191.124: [Tenured: 27932K->27219K(40960K), 0.0097890 secs] 43628K->27219K(59392K), [Perm : 6106K->6106K(21248K)], 0.0098510 secs] [Times: user=0.01 sys=0.00, real=0.00 secs] 
191.134: Total time for which application threads were stopped: 0.0099960 seconds, Stopping threads took: 0.0000710 seconds
191.138: Application time: 0.0043420 seconds
191.138: [GC191.138: [ParNew: 15677K->15677K(18432K), 0.0000110 secs]191.139: [Tenured: 27219K->28644K(40960K), 0.0077490 secs] 42896K->28644K(59392K), [Perm : 6106K->6106K(21248K)], 0.0078040 secs] [Times: user=0.00 sys=0.00, real=0.01 secs] 
191.146: Total time for which application threads were stopped: 0.0080090 seconds, Stopping threads took: 0.0001270 seconds
191.154: Application time: 0.0076280 seconds
191.154: [GC191.154: [ParNew: 15685K->15685K(18432K), 0.0000110 secs]191.154: [Tenured: 28644K->27219K(40960K), 0.0061970 secs] 44330K->27219K(59392K), [Perm : 6106K->6106K(21248K)], 0.0062620 secs] [Times: user=0.00 sys=0.00, real=0.00 secs] 
191.160: Total time for which application threads were stopped: 0.0064100 seconds, Stopping threads took: 0.0000690 seconds
191.165: Application time: 0.0045700 seconds
191.166: [GC191.166: [ParNew: 15682K->15682K(18432K), 0.0000110 secs]191.166: [Tenured: 27219K->25794K(40960K), 0.0099870 secs] 42902K->25794K(59392K), [Perm : 6106K->6106K(21248K)], 0.0100460 secs] [Times: user=0.01 sys=0.00, real=0.01 secs] 
191.176: Total time for which application threads were stopped: 0.0107590 seconds, Stopping threads took: 0.0006380 seconds
191.182: Application time: 0.0067270 seconds
191.183: [GC191.183: [ParNew: 15680K->15680K(18432K), 0.0000100 secs]191.183: [Tenured: 25794K->26507K(40960K), 0.0064500 secs] 41474K->26507K(59392K), [Perm : 6106K->6106K(21248K)], 0.0065090 secs] [Times: user=0.01 sys=0.00, real=0.00 secs] 
191.189: Total time for which application threads were stopped: 0.0067340 seconds, Stopping threads took: 0.0001450 seconds
191.193: Application time: 0.0036620 seconds
191.193: [GC191.193: [ParNew: 15688K->15688K(18432K), 0.0000100 secs]191.193: [Tenured: 26507K->28646K(40960K), 0.0072170 secs] 42196K->28646K(59392K), [Perm : 6106K->6106K(21248K)], 0.0072780 secs] [Times: user=0.01 sys=0.00, real=0.01 secs] 
191.200: Total time for which application threads were stopped: 0.0075520 seconds, Stopping threads took: 0.0002050 seconds
191.204: Application time: 0.0038680 seconds
191.204: [GC191.204: [ParNew: 15680K->15680K(18432K), 0.0000100 secs]191.204: [Tenured: 28646K->27219K(40960K), 0.0097650 secs] 44326K->27219K(59392K), [Perm : 6106K->6106K(21248K)], 0.0098260 secs] [Times: user=0.01 sys=0.00, real=0.01 secs] 
191.214: Total time for which application threads were stopped: 0.0100410 seconds, Stopping threads took: 0.0001420 seconds
191.243: Application time: 0.0289470 seconds
191.243: [GC191.243: [ParNew: 15721K->15721K(18432K), 0.0000100 secs]191.243: [Tenured: 27219K->26536K(40960K), 0.0096570 secs] 42941K->26536K(59392K), [Perm : 6106K->6106K(21248K)], 0.0097150 secs] [Times: user=0.01 sys=0.00, real=0.00 secs] 
191.253: Total time for which application threads were stopped: 0.0098830 seconds, Stopping threads took: 0.0000950 seconds
191.261: Application time: 0.0077780 seconds
191.261: [GC191.261: [ParNew: 15679K->15679K(18432K), 0.0000100 secs]191.261: [Tenured: 26536K->25081K(40960K), 0.0110270 secs] 42215K->25081K(59392K), [Perm : 6106K->6106K(21248K)], 0.0110860 secs] [Times: user=0.01 sys=0.00, real=0.01 secs] 
191.272: Total time for which application threads were stopped: 0.0112430 seconds, Stopping threads took: 0.0000880 seconds
191.279: Application time: 0.0063770 seconds
191.279: [GC191.279: [ParNew: 15685K->1433K(18432K), 0.0014710 secs] 40767K->29365K(59392K), 0.0015030 secs] [Times: user=0.01 sys=0.00, real=0.00 secs] 
191.280: Total time for which application threads were stopped: 0.0016530 seconds, Stopping threads took: 0.0000930 seconds
191.284: Application time: 0.0039450 seconds
191.284: [GC191.284: [ParNew: 17112K->17112K(18432K), 0.0000110 secs]191.284: [Tenured: 27931K->25794K(40960K), 0.0090340 secs] 45044K->25794K(59392K), [Perm : 6106K->6106K(21248K)], 0.0090960 secs] [Times: user=0.00 sys=0.00, real=0.00 secs] 
191.294: Total time for which application threads were stopped: 0.0094450 seconds, Stopping threads took: 0.0002770 seconds
191.300: Application time: 0.0065680 seconds
191.301: [GC191.301: [ParNew: 15689K->15689K(18432K), 0.0000100 secs]191.301: [Tenured: 25794K->24369K(40960K), 0.0086800 secs] 41484K->24369K(59392K), [Perm : 6106K->6106K(21248K)], 0.0087390 secs] [Times: user=0.01 sys=0.00, real=0.01 secs] 
191.310: Total time for which application threads were stopped: 0.0094180 seconds, Stopping threads took: 0.0006110 seconds
191.316: Application time: 0.0066700 seconds
191.317: [GC191.317: [ParNew: 16274K->761K(18432K), 0.0004640 secs] 40644K->25131K(59392K), 0.0005050 secs] [Times: user=0.00 sys=0.00, real=0.00 secs] 
191.318: Total time for which application threads were stopped: 0.0013800 seconds, Stopping threads took: 0.0008140 seconds
191.324: Application time: 0.0058980 seconds
191.324: [GC191.324: [ParNew: 16598K->1467K(18432K), 0.0014840 secs] 40967K->28686K(59392K), 0.0015220 secs] [Times: user=0.01 sys=0.00, real=0.00 secs] 
191.326: Total time for which application threads were stopped: 0.0020490 seconds, Stopping threads took: 0.0004440 seconds
191.329: Application time: 0.0036710 seconds
191.329: [GC191.329: [ParNew: 17155K->17155K(18432K), 0.0000110 secs]191.329: [Tenured: 27219K->26536K(40960K), 0.0097930 secs] 44374K->26536K(59392K), [Perm : 6106K->6106K(21248K)], 0.0098550 secs] [Times: user=0.01 sys=0.00, real=0.01 secs] 
191.339: Total time for which application threads were stopped: 0.0099960 seconds, Stopping threads took: 0.0000700 seconds
191.343: Application time: 0.0035760 seconds
191.343: [GC191.343: [ParNew: 15682K->15682K(18432K), 0.0000100 secs]191.343: [Tenured: 26536K->24369K(40960K), 0.0107790 secs] 42219K->24369K(59392K), [Perm : 6106K->6106K(21248K)], 0.0108380 secs] [Times: user=0.01 sys=0.00, real=0.01 secs] 
191.354: Total time for which application threads were stopped: 0.0112840 seconds, Stopping threads took: 0.0003760 seconds
191.358: Application time: 0.0035400 seconds
191.358: [GC191.358: [ParNew: 15682K->1425K(18432K), 0.0010810 secs] 40051K->26507K(59392K), 0.0011180 secs] [Times: user=0.00 sys=0.01, real=0.00 secs] 
191.359: Total time for which application threads were stopped: 0.0015070 seconds, Stopping threads took: 0.0003160 seconds
191.364: Application time: 0.0049900 seconds
191.365: [GC191.365: [ParNew: 17115K->1437K(18432K), 0.0010100 secs] 42197K->27944K(59392K), 0.0010450 secs] [Times: user=0.01 sys=0.00, real=0.00 secs] 
191.366: Total time for which application threads were stopped: 0.0020880 seconds, Stopping threads took: 0.0009820 seconds
191.371: Application time: 0.0048550 seconds
191.371: [GC191.371: [ParNew: 17122K->1437K(18432K), 0.0014990 secs] 43629K->30842K(59392K), 0.0015320 secs] [Times: user=0.01 sys=0.00, real=0.00 secs] 
191.373: Total time for which application threads were stopped: 0.0016750 seconds, Stopping threads took: 0.0000820 seconds
191.379: Application time: 0.0060760 seconds
191.379: [GC191.379: [ParNew: 17122K->17122K(18432K), 0.0000110 secs]191.379: [Tenured: 29405K->26506K(40960K), 0.0083040 secs] 46527K->26506K(59392K), [Perm : 6106K->6106K(21248K)], 0.0083630 secs] [Times: user=0.01 sys=0.00, real=0.01 secs] 
191.387: Total time for which application threads were stopped: 0.0085300 seconds, Stopping threads took: 0.0000940 seconds
191.395: Application time: 0.0078480 seconds
191.395: [GC191.395: [ParNew: 15678K->714K(18432K), 0.0005490 secs] 42185K->27221K(59392K), 0.0005820 secs] [Times: user=0.00 sys=0.00, real=0.00 secs] 
191.396: Total time for which application threads were stopped: 0.0007570 seconds, Stopping threads took: 0.0001180 seconds
191.403: Application time: 0.0066700 seconds
191.403: [GC191.403: [ParNew: 16394K->1425K(18432K), 0.0005860 secs] 42901K->27932K(59392K), 0.0006130 secs] [Times: user=0.01 sys=0.00, real=0.00 secs] 
191.403: Total time for which application threads were stopped: 0.0007530 seconds, Stopping threads took: 0.0000850 seconds
191.414: Application time: 0.0103280 seconds
191.414: [GC191.414: [ParNew: 17148K->1467K(18432K), 0.0016900 secs] 43655K->31536K(59392K), 0.0017280 secs] [Times: user=0.01 sys=0.00, real=0.00 secs] 
191.416: Total time for which application threads were stopped: 0.0022830 seconds, Stopping threads took: 0.0004930 seconds
191.420: Application time: 0.0037000 seconds
191.420: [GC191.420: [ParNew: 17148K->17148K(18432K), 0.0000100 secs]191.420: [Tenured: 30069K->25111K(40960K), 0.0092570 secs] 47218K->25111K(59392K), [Perm : 6106K->6106K(21248K)], 0.0093130 secs] [Times: user=0.01 sys=0.00, real=0.01 secs] 
191.429: Total time for which application threads were stopped: 0.0096570 seconds, Stopping threads took: 0.0002660 seconds
191.433: Application time: 0.0036250 seconds
191.433: [GC191.433: [ParNew: 15680K->1425K(18432K), 0.0009910 secs] 40791K->27961K(59392K), 0.0010300 secs] [Times: user=0.01 sys=0.00, real=0.01 secs] 
191.434: Total time for which application threads were stopped: 0.0012900 seconds, Stopping threads took: 0.0001940 seconds
191.439: Application time: 0.0050930 seconds
191.439: [GC191.440: [ParNew: 17260K->1466K(18432K), 0.0005960 secs] 43797K->28003K(59392K), 0.0006240 secs] [Times: user=0.00 sys=0.00, real=0.00 secs] 
191.440: Total time for which application threads were stopped: 0.0007350 seconds, Stopping threads took: 0.0000560 seconds
191.446: Application time: 0.0061290 seconds
191.446: [GC191.446: [ParNew: 17606K->1446K(18432K), 0.0013100 secs] 44142K->30184K(59392K), 0.0013400 secs] [Times: user=0.01 sys=0.00, real=0.00 secs] 
191.448: Total time for which application threads were stopped: 0.0014880 seconds, Stopping threads took: 0.0000910 seconds
191.452: Application time: 0.0038380 seconds
191.452: [GC191.452: [ParNew: 17268K->1429K(18432K), 0.0018920 secs] 46006K->34490K(59392K), 0.0019280 secs] [Times: user=0.02 sys=0.00, real=0.00 secs] 
191.454: Total time for which application threads were stopped: 0.0022360 seconds, Stopping threads took: 0.0002470 seconds
191.459: Application time: 0.0051710 seconds
191.460: [GC191.460: [ParNew: 17122K->17122K(18432K), 0.0000100 secs]191.460: [Tenured: 33061K->23001K(40960K), 0.0096930 secs] 50184K->23001K(59392K), [Perm : 6106K->6106K(21248K)], 0.0097490 secs] [Times: user=0.01 sys=0.00, real=0.01 secs] 
191.470: Total time for which application threads were stopped: 0.0106120 seconds, Stopping threads took: 0.0007960 seconds
191.474: Application time: 0.0047590 seconds
191.475: [GC191.475: [ParNew: 15679K->1425K(18432K), 0.0005630 secs] 38680K->24426K(59392K), 0.0005900 secs] [Times: user=0.00 sys=0.00, real=0.00 secs] 
191.475: Total time for which application threads were stopped: 0.0009780 seconds, Stopping threads took: 0.0003320 seconds
191.480: Application time: 0.0046410 seconds
191.480: [GC191.480: [ParNew: 17105K->1425K(18432K), 0.0008510 secs] 40106K->25138K(59392K), 0.0008780 secs] [Times: user=0.00 sys=0.00, real=0.00 secs] 
191.481: Total time for which application threads were stopped: 0.0013040 seconds, Stopping threads took: 0.0003740 seconds
191.486: Application time: 0.0042730 seconds
191.486: [GC191.486: [ParNew: 17109K->1427K(18432K), 0.0020220 secs] 40823K->29415K(59392K), 0.0020600 secs] [Times: user=0.01 sys=0.00, real=0.00 secs] 
191.488: Total time for which application threads were stopped: 0.0027560 seconds, Stopping threads took: 0.0006120 seconds
191.492: Application time: 0.0038960 seconds
191.492: [GC191.492: [ParNew: 17113K->1437K(18432K), 0.0014110 secs] 45102K->31563K(59392K), 0.0014410 secs] [Times: user=0.01 sys=0.00, real=0.00 secs] 
191.494: Total time for which application threads were stopped: 0.0016030 seconds, Stopping threads took: 0.0001060 seconds
191.498: Application time: 0.0037500 seconds
191.498: [GC191.498: [ParNew: 17124K->1435K(18432K), 0.0008730 secs] 47250K->32298K(59392K), 0.0009020 secs] [Times: user=0.01 sys=0.00, real=0.00 secs] 
191.499: Total time for which application threads were stopped: 0.0012610 seconds, Stopping threads took: 0.0003010 seconds
191.503: Application time: 0.0038820 seconds
191.503: [GC191.503: [ParNew: 17116K->1425K(18432K), 0.0005840 secs] 47979K->32328K(59392K), 0.0006120 secs] [Times: user=0.00 sys=0.00, real=0.00 secs] 
191.504: Total time for which application threads were stopped: 0.0010880 seconds, Stopping threads took: 0.0004210 seconds
191.508: Application time: 0.0039930 seconds
191.508: [GC191.508: [ParNew: 17114K->1439K(18432K), 0.0009690 secs] 48017K->33767K(59392K), 0.0009970 secs] [Times: user=0.01 sys=0.00, real=0.00 secs] 
191.509: Total time for which application threads were stopped: 0.0011720 seconds, Stopping threads took: 0.0001170 seconds
191.513: Application time: 0.0042580 seconds
191.514: [GC191.514: [ParNew: 17119K->1427K(18432K), 0.0006310 secs] 49447K->33779K(59392K), 0.0006670 secs] [Times: user=0.00 sys=0.00, real=0.01 secs] 
191.514: Total time for which application threads were stopped: 0.0009770 seconds, Stopping threads took: 0.0002580 seconds
191.521: Application time: 0.0064660 seconds
191.521: [GC191.521: [ParNew: 17116K->1437K(18432K), 0.0011550 secs] 49468K->35214K(59392K), 0.0011860 secs] [Times: user=0.01 sys=0.00, real=0.01 secs] 
191.522: Total time for which application threads were stopped: 0.0013650 seconds, Stopping threads took: 0.0001210 seconds
191.528: Application time: 0.0061300 seconds
191.528: [GC191.528: [ParNew: 17124K->1431K(18432K), 0.0008570 secs] 50901K->35960K(59392K), 0.0008850 secs] [Times: user=0.01 sys=0.00, real=0.00 secs] 
191.529: Total time for which application threads were stopped: 0.0010490 seconds, Stopping threads took: 0.0001090 seconds
191.533: Application time: 0.0036590 seconds
191.533: [GC191.533: [ParNew: 17113K->1427K(18432K), 0.0013840 secs] 51642K->38118K(59392K), 0.0014140 secs] [Times: user=0.01 sys=0.01, real=0.01 secs] 
191.534: Total time for which application threads were stopped: 0.0015650 seconds, Stopping threads took: 0.0000930 seconds
191.538: Application time: 0.0035940 seconds
191.538: [GC191.538: [ParNew: 17105K->17105K(18432K), 0.0000100 secs]191.538: [Tenured: 36691K->24369K(40960K), 0.0104980 secs] 53796K->24369K(59392K), [Perm : 6106K->6106K(21248K)], 0.0105580 secs] [Times: user=0.01 sys=0.00, real=0.01 secs] 
191.549: Total time for which application threads were stopped: 0.0107250 seconds, Stopping threads took: 0.0000990 seconds
191.604: Application time: 0.0555230 seconds
191.604: [GC191.604: [ParNew: 15697K->1431K(18432K), 0.0037840 secs] 40067K->37200K(59392K), 0.0038270 secs] [Times: user=0.03 sys=0.00, real=0.00 secs] 
191.608: Total time for which application threads were stopped: 0.0039710 seconds, Stopping threads took: 0.0000780 seconds
191.661: Application time: 0.0527180 seconds
191.661: [GC191.661: [ParNew: 17757K->17757K(18432K), 0.0000100 secs]191.661: [Tenured: 35769K->22980K(40960K), 0.0098940 secs] 53526K->22980K(59392K), [Perm : 6106K->6106K(21248K)], 0.0099470 secs] [Times: user=0.01 sys=0.00, real=0.01 secs] 
191.671: Total time for which application threads were stopped: 0.0101440 seconds, Stopping threads took: 0.0001250 seconds
191.682: Application time: 0.0110290 seconds
191.682: [GC191.682: [ParNew: 15789K->1437K(18432K), 0.0011740 secs] 38769K->25130K(59392K), 0.0012050 secs] [Times: user=0.01 sys=0.00, real=0.00 secs] 
191.684: Total time for which application threads were stopped: 0.0014080 seconds, Stopping threads took: 0.0001250 seconds
191.691: Application time: 0.0071210 seconds
191.691: [GC191.691: [ParNew: 17120K->1437K(18432K), 0.0009530 secs] 40813K->25866K(59392K), 0.0009830 secs] [Times: user=0.01 sys=0.00, real=0.00 secs] 
191.692: Total time for which application threads were stopped: 0.0011630 seconds, Stopping threads took: 0.0001230 seconds
191.696: Application time: 0.0040560 seconds
191.696: [GC191.696: [ParNew: 17114K->1425K(18432K), 0.0008150 secs] 41543K->26614K(59392K), 0.0008420 secs] [Times: user=0.00 sys=0.00, real=0.00 secs] 
191.697: Total time for which application threads were stopped: 0.0010090 seconds, Stopping threads took: 0.0001110 seconds
191.704: Application time: 0.0075250 seconds
191.705: [GC191.705: [ParNew: 17112K->1437K(18432K), 0.0012790 secs] 42302K->28764K(59392K), 0.0013100 secs] [Times: user=0.01 sys=0.00, real=0.00 secs] 
191.706: Total time for which application threads were stopped: 0.0014640 seconds, Stopping threads took: 0.0000970 seconds
191.711: Application time: 0.0054710 seconds
191.712: [GC191.712: [ParNew: 17118K->1425K(18432K), 0.0014370 secs] 44445K->31642K(59392K), 0.0014680 secs] [Times: user=0.01 sys=0.00, real=0.00 secs] 
191.713: Total time for which application threads were stopped: 0.0016180 seconds, Stopping threads took: 0.0000900 seconds
191.720: Application time: 0.0068460 seconds
191.720: [GC191.720: [ParNew: 17113K->1433K(18432K), 0.0011430 secs] 47331K->33788K(59392K), 0.0011700 secs] [Times: user=0.01 sys=0.00, real=0.00 secs] 
191.721: Total time for which application threads were stopped: 0.0013270 seconds, Stopping threads took: 0.0001000 seconds
191.725: Application time: 0.0042450 seconds
191.726: [GC191.726: [ParNew: 17113K->712K(18432K), 0.0008790 secs] 49468K->34533K(59392K), 0.0009090 secs] [Times: user=0.00 sys=0.00, real=0.00 secs] 
191.727: Total time for which application threads were stopped: 0.0010650 seconds, Stopping threads took: 0.0000990 seconds
191.731: Application time: 0.0041000 seconds
191.731: [GC191.731: [ParNew: 16391K->712K(18432K), 0.0004170 secs] 50211K->34532K(59392K), 0.0004430 secs] [Times: user=0.01 sys=0.00, real=0.00 secs] 
191.731: Total time for which application threads were stopped: 0.0005770 seconds, Stopping threads took: 0.0000770 seconds
191.789: Application time: 0.0579750 seconds
191.789: [GC191.789: [ParNew (promotion failed): 16417K->17139K(18432K), 0.0025410 secs]191.792: [Tenured: 40945K->24399K(40960K), 0.0097490 secs] 50237K->24399K(59392K), [Perm : 6106K->6106K(21248K)], 0.0123470 secs] [Times: user=0.03 sys=0.00, real=0.01 secs] 
191.802: Total time for which application threads were stopped: 0.0124990 seconds, Stopping threads took: 0.0000830 seconds
191.862: Application time: 0.0607100 seconds
191.863: [GC191.863: [ParNew: 15691K->1425K(18432K), 0.0045200 secs] 40090K->40074K(59392K), 0.0045610 secs] [Times: user=0.04 sys=0.00, real=0.00 secs] 
191.867: Total time for which application threads were stopped: 0.0047290 seconds, Stopping threads took: 0.0001010 seconds
191.919: Application time: 0.0513820 seconds
191.919: [GC191.919: [ParNew: 17116K->17116K(18432K), 0.0000100 secs]191.919: [Tenured: 38649K->26536K(40960K), 0.0096170 secs] 55766K->26536K(59392K), [Perm : 6106K->6106K(21248K)], 0.0096770 secs] [Times: user=0.01 sys=0.00, real=0.01 secs] 
191.928: Total time for which application threads were stopped: 0.0098440 seconds, Stopping threads took: 0.0000970 seconds
192.002: Application time: 0.0737010 seconds
192.002: [GC192.002: [ParNew: 15691K->1427K(18432K), 0.0044410 secs] 42228K->41501K(59392K), 0.0044820 secs] [Times: user=0.03 sys=0.00, real=0.00 secs] 
192.007: Total time for which application threads were stopped: 0.0046420 seconds, Stopping threads took: 0.0000960 seconds
192.084: Application time: 0.0768610 seconds
192.084: [GC192.084: [ParNew: 17118K->17118K(18432K), 0.0000100 secs]192.084: [Tenured: 40074K->22944K(40960K), 0.0108300 secs] 57193K->22944K(59392K), [Perm : 6106K->6106K(21248K)], 0.0108870 secs] [Times: user=0.01 sys=0.00, real=0.01 secs] 
192.095: Total time for which application threads were stopped: 0.0111750 seconds, Stopping threads took: 0.0002200 seconds
192.166: Application time: 0.0712510 seconds
192.166: [GC192.166: [ParNew: 15691K->1425K(18432K), 0.0045600 secs] 38635K->38619K(59392K), 0.0046040 secs] [Times: user=0.04 sys=0.00, real=0.00 secs] 
192.171: Total time for which application threads were stopped: 0.0047900 seconds, Stopping threads took: 0.0001080 seconds
192.243: Application time: 0.0721840 seconds
192.243: [GC192.243: [ParNew: 17116K->17116K(18432K), 0.0000100 secs]192.243: [Tenured: 37194K->24369K(40960K), 0.0091840 secs] 54311K->24369K(59392K), [Perm : 6106K->6106K(21248K)], 0.0092410 secs] [Times: user=0.01 sys=0.00, real=0.00 secs] 
192.252: Total time for which application threads were stopped: 0.0094040 seconds, Stopping threads took: 0.0000940 seconds
192.326: Application time: 0.0734930 seconds
192.326: [GC192.326: [ParNew: 15697K->1431K(18432K), 0.0045300 secs] 40067K->40050K(59392K), 0.0045880 secs] [Times: user=0.04 sys=0.00, real=0.00 secs] 
192.331: Total time for which application threads were stopped: 0.0047310 seconds, Stopping threads took: 0.0000790 seconds
192.385: Application time: 0.0539720 seconds
192.385: [GC192.385: [ParNew: 17128K->17128K(18432K), 0.0000100 secs]192.385: [Tenured: 38619K->25795K(40960K), 0.0100280 secs] 55748K->25795K(59392K), [Perm : 6106K->6106K(21248K)], 0.0100870 secs] [Times: user=0.01 sys=0.00, real=0.01 secs] 
192.395: Total time for which application threads were stopped: 0.0102480 seconds, Stopping threads took: 0.0000840 seconds
192.469: Application time: 0.0737880 seconds
192.469: [GC192.469: [ParNew: 15697K->15697K(18432K), 0.0000100 secs]192.469: [Tenured: 25795K->26509K(40960K), 0.0091220 secs] 41493K->26509K(59392K), [Perm : 6106K->6106K(21248K)], 0.0091810 secs] [Times: user=0.01 sys=0.00, real=0.01 secs] 
192.478: Total time for which application threads were stopped: 0.0093400 seconds, Stopping threads took: 0.0000910 seconds
192.536: Application time: 0.0580880 seconds
192.536: [GC192.536: [ParNew: 15710K->15710K(18432K), 0.0000110 secs]192.536: [Tenured: 26509K->26506K(40960K), 0.0117910 secs] 42219K->26506K(59392K), [Perm : 6106K->6106K(21248K)], 0.0118510 secs] [Times: user=0.01 sys=0.00, real=0.01 secs] 
192.548: Total time for which application threads were stopped: 0.0120210 seconds, Stopping threads took: 0.0000990 seconds
192.612: Application time: 0.0634550 seconds
192.612: [GC192.612: [ParNew: 15691K->15691K(18432K), 0.0000100 secs]192.612: [Tenured: 26506K->29356K(40960K), 0.0096120 secs] 42198K->29356K(59392K), [Perm : 6106K->6106K(21248K)], 0.0096710 secs] [Times: user=0.01 sys=0.00, real=0.01 secs] 
192.621: Total time for which application threads were stopped: 0.0098350 seconds, Stopping threads took: 0.0000980 seconds
192.700: Application time: 0.0782830 seconds
192.700: [GC192.700: [ParNew: 15691K->15691K(18432K), 0.0000100 secs]192.700: [Tenured: 29356K->28644K(40960K), 0.0090400 secs] 45048K->28644K(59392K), [Perm : 6106K->6106K(21248K)], 0.0090950 secs] [Times: user=0.00 sys=0.00, real=0.01 secs] 
192.709: Total time for which application threads were stopped: 0.0092450 seconds, Stopping threads took: 0.0000730 seconds
192.784: Application time: 0.0746980 seconds
192.784: [GC192.784: [ParNew: 15691K->15691K(18432K), 0.0000110 secs]192.784: [Tenured: 28644K->27931K(40960K), 0.0096270 secs] 44335K->27931K(59392K), [Perm : 6106K->6106K(21248K)], 0.0096880 secs] [Times: user=0.01 sys=0.00, real=0.00 secs] 
192.793: Total time for which application threads were stopped: 0.0098330 seconds, Stopping threads took: 0.0000740 seconds
192.855: Application time: 0.0614920 seconds
192.855: [GC192.855: [ParNew: 15706K->15706K(18432K), 0.0000100 secs]192.855: [Tenured: 27931K->27219K(40960K), 0.0115290 secs] 43638K->27219K(59392K), [Perm : 6106K->6106K(21248K)], 0.0115870 secs] [Times: user=0.01 sys=0.00, real=0.01 secs] 
192.867: Total time for which application threads were stopped: 0.0117610 seconds, Stopping threads took: 0.0001070 seconds
192.938: Application time: 0.0717860 seconds
192.939: [GC192.939: [ParNew: 15689K->15689K(18432K), 0.0000110 secs]192.939: [Tenured: 27219K->30069K(40960K), 0.0091090 secs] 42908K->30069K(59392K), [Perm : 6106K->6106K(21248K)], 0.0091680 secs] [Times: user=0.01 sys=0.00, real=0.01 secs] 
192.948: Total time for which application threads were stopped: 0.0093270 seconds, Stopping threads took: 0.0000780 seconds
193.007: Application time: 0.0589180 seconds
193.007: [GC193.007: [ParNew: 15691K->15691K(18432K), 0.0000110 secs]193.007: [Tenured: 30069K->30069K(40960K), 0.0103180 secs] 45760K->30069K(59392K), [Perm : 6106K->6106K(21248K)], 0.0103800 secs] [Times: user=0.01 sys=0.00, real=0.01 secs] 
193.017: Total time for which application threads were stopped: 0.0105090 seconds, Stopping threads took: 0.0000590 seconds
193.086: Application time: 0.0683410 seconds
193.086: [GC193.086: [ParNew: 15691K->15691K(18432K), 0.0000110 secs]193.086: [Tenured: 30069K->30069K(40960K), 0.0098080 secs] 45761K->30069K(59392K), [Perm : 6106K->6106K(21248K)], 0.0098690 secs] [Times: user=0.01 sys=0.00, real=0.01 secs] 
193.096: Total time for which application threads were stopped: 0.0100090 seconds, Stopping threads took: 0.0000710 seconds
193.169: Application time: 0.0736300 seconds
193.169: [GC193.169: [ParNew: 15689K->15689K(18432K), 0.0000100 secs]193.169: [Tenured: 30069K->28644K(40960K), 0.0099950 secs] 45759K->28644K(59392K), [Perm : 6106K->6106K(21248K)], 0.0100520 secs] [Times: user=0.01 sys=0.00, real=0.01 secs] 
193.179: Total time for which application threads were stopped: 0.0102090 seconds, Stopping threads took: 0.0000840 seconds
193.237: Application time: 0.0580430 seconds
193.238: [GC193.238: [ParNew: 15691K->15691K(18432K), 0.0000100 secs]193.238: [Tenured: 28644K->28644K(40960K), 0.0092130 secs] 44336K->28644K(59392K), [Perm : 6106K->6106K(21248K)], 0.0092690 secs] [Times: user=0.01 sys=0.00, real=0.01 secs] 
193.247: Total time for which application threads were stopped: 0.0094380 seconds, Stopping threads took: 0.0000930 seconds
193.302: Application time: 0.0554550 seconds
193.303: [GC193.303: [ParNew: 15691K->15691K(18432K), 0.0000090 secs]193.303: [Tenured: 28644K->28644K(40960K), 0.0092500 secs] 44336K->28644K(59392K), [Perm : 6106K->6106K(21248K)], 0.0093090 secs] [Times: user=0.01 sys=0.00, real=0.00 secs] 
193.312: Total time for which application threads were stopped: 0.0095390 seconds, Stopping threads took: 0.0001620 seconds
193.386: Application time: 0.0740310 seconds
193.386: [GC193.386: [ParNew: 15700K->15700K(18432K), 0.0000110 secs]193.386: [Tenured: 28644K->28645K(40960K), 0.0098290 secs] 44344K->28645K(59392K), [Perm : 6106K->6106K(21248K)], 0.0098910 secs] [Times: user=0.01 sys=0.00, real=0.01 secs] 
193.396: Total time for which application threads were stopped: 0.0100330 seconds, Stopping threads took: 0.0000730 seconds
193.451: Application time: 0.0551070 seconds
193.451: [GC193.451: [ParNew: 15706K->15706K(18432K), 0.0000100 secs]193.451: [Tenured: 28645K->25081K(40960K), 0.0113320 secs] 44352K->25081K(59392K), [Perm : 6106K->6106K(21248K)], 0.0113890 secs] [Times: user=0.01 sys=0.00, real=0.02 secs] 
193.463: Total time for which application threads were stopped: 0.0116030 seconds, Stopping threads took: 0.0001270 seconds
193.519: Application time: 0.0565350 seconds
193.519: [GC193.519: [ParNew: 15707K->1437K(18432K), 0.0039570 secs] 40789K->37919K(59392K), 0.0040000 secs] [Times: user=0.03 sys=0.00, real=0.01 secs] 
193.523: Total time for which application threads were stopped: 0.0042390 seconds, Stopping threads took: 0.0001630 seconds
193.580: Application time: 0.0567040 seconds
193.580: [GC193.580: [ParNew: 17133K->17133K(18432K), 0.0000110 secs]193.580: [Tenured: 36482K->22944K(40960K), 0.0102310 secs] 53615K->22944K(59392K), [Perm : 6106K->6106K(21248K)], 0.0102890 secs] [Times: user=0.01 sys=0.00, real=0.01 secs] 
193.591: Total time for which application threads were stopped: 0.0104170 seconds, Stopping threads took: 0.0000610 seconds
193.632: Application time: 0.0416710 seconds
193.632: [GC193.632: [ParNew: 15687K->1425K(18432K), 0.0037170 secs] 38632K->35057K(59392K), 0.0037610 secs] [Times: user=0.02 sys=0.00, real=0.01 secs] 
193.636: Total time for which application threads were stopped: 0.0038910 seconds, Stopping threads took: 0.0000640 seconds
193.697: Application time: 0.0603650 seconds
193.697: [GC193.697: [ParNew: 17113K->17113K(18432K), 0.0000100 secs]193.697: [Tenured: 33632K->24369K(40960K), 0.0095140 secs] 50745K->24369K(59392K), [Perm : 6106K->6106K(21248K)], 0.0095710 secs] [Times: user=0.01 sys=0.00, real=0.01 secs] 
193.706: Total time for which application threads were stopped: 0.0097350 seconds, Stopping threads took: 0.0000960 seconds
193.770: Application time: 0.0636960 seconds
193.770: [GC193.770: [ParNew: 15688K->1425K(18432K), 0.0038460 secs] 40057K->37195K(59392K), 0.0038860 secs] [Times: user=0.03 sys=0.00, real=0.00 secs] 
193.774: Total time for which application threads were stopped: 0.0040470 seconds, Stopping threads took: 0.0000770 seconds
193.811: Application time: 0.0373680 seconds
193.812: [GC193.812: [ParNew: 17128K->17128K(18432K), 0.0000110 secs]193.812: [Tenured: 35770K->24371K(40960K), 0.0107160 secs] 52899K->24371K(59392K), [Perm : 6106K->6106K(21248K)], 0.0107760 secs] [Times: user=0.01 sys=0.00, real=0.02 secs] 
193.822: Total time for which application threads were stopped: 0.0109330 seconds, Stopping threads took: 0.0000870 seconds
193.881: Application time: 0.0587740 seconds
193.881: [GC193.881: [ParNew: 15688K->1425K(18432K), 0.0039120 secs] 40060K->36485K(59392K), 0.0039640 secs] [Times: user=0.03 sys=0.00, real=0.01 secs] 
193.885: Total time for which application threads were stopped: 0.0042040 seconds, Stopping threads took: 0.0001540 seconds
193.938: Application time: 0.0529660 seconds
193.938: [GC193.938: [ParNew: 17113K->17113K(18432K), 0.0000110 secs]193.938: [Tenured: 35060K->24370K(40960K), 0.0110360 secs] 52173K->24370K(59392K), [Perm : 6106K->6106K(21248K)], 0.0110980 secs] [Times: user=0.01 sys=0.00, real=0.01 secs] 
193.950: Total time for which application threads were stopped: 0.0112350 seconds, Stopping threads took: 0.0000680 seconds
193.987: Application time: 0.0375280 seconds
193.987: [GC193.987: [ParNew: 15688K->1425K(18432K), 0.0034420 secs] 40058K->36483K(59392K), 0.0034800 secs] [Times: user=0.03 sys=0.00, real=0.00 secs] 
193.991: Total time for which application threads were stopped: 0.0036380 seconds, Stopping threads took: 0.0000840 seconds
194.047: Application time: 0.0567810 seconds
194.048: [GC194.048: [ParNew: 17113K->17113K(18432K), 0.0000110 secs]194.048: [Tenured: 35058K->24370K(40960K), 0.0092660 secs] 52172K->24370K(59392K), [Perm : 6106K->6106K(21248K)], 0.0093280 secs] [Times: user=0.01 sys=0.00, real=0.01 secs] 
194.057: Total time for which application threads were stopped: 0.0095010 seconds, Stopping threads took: 0.0001030 seconds
194.120: Application time: 0.0633800 seconds
194.120: [GC194.121: [ParNew: 15688K->1425K(18432K), 0.0037240 secs] 40059K->36484K(59392K), 0.0037660 secs] [Times: user=0.03 sys=0.00, real=0.01 secs] 
194.124: Total time for which application threads were stopped: 0.0039210 seconds, Stopping threads took: 0.0000910 seconds
194.154: Application time: 0.0292700 seconds
194.154: [GC194.154: [ParNew: 17113K->17113K(18432K), 0.0000110 secs]194.154: [Tenured: 35059K->24370K(40960K), 0.0091590 secs] 52173K->24370K(59392K), [Perm : 6106K->6106K(21248K)], 0.0092170 secs] [Times: user=0.01 sys=0.00, real=0.02 secs] 
194.163: Total time for which application threads were stopped: 0.0093990 seconds, Stopping threads took: 0.0001140 seconds
194.231: Application time: 0.0679350 seconds
194.231: [GC194.231: [ParNew: 15688K->1425K(18432K), 0.0036040 secs] 40059K->36484K(59392K), 0.0036470 secs] [Times: user=0.03 sys=0.00, real=0.01 secs] 
194.235: Total time for which application threads were stopped: 0.0038600 seconds, Stopping threads took: 0.0001270 seconds
194.289: Application time: 0.0538100 seconds
194.289: [GC194.289: [ParNew: 17114K->17114K(18432K), 0.0000110 secs]194.289: [Tenured: 35059K->24370K(40960K), 0.0098950 secs] 52173K->24370K(59392K), [Perm : 6106K->6106K(21248K)], 0.0099540 secs] [Times: user=0.01 sys=0.00, real=0.01 secs] 
194.299: Total time for which application threads were stopped: 0.0101270 seconds, Stopping threads took: 0.0000930 seconds
194.356: Application time: 0.0568040 seconds
194.356: [GC194.356: [ParNew: 15688K->1425K(18432K), 0.0036660 secs] 40059K->36484K(59392K), 0.0037090 secs] [Times: user=0.02 sys=0.00, real=0.00 secs] 
194.359: Total time for which application threads were stopped: 0.0038430 seconds, Stopping threads took: 0.0000670 seconds
194.400: Application time: 0.0405020 seconds
194.400: [GC194.400: [ParNew: 17127K->17127K(18432K), 0.0000090 secs]194.400: [Tenured: 35059K->24371K(40960K), 0.0099420 secs] 52186K->24371K(59392K), [Perm : 6106K->6106K(21248K)], 0.0100010 secs] [Times: user=0.01 sys=0.00, real=0.01 secs] 
194.410: Total time for which application threads were stopped: 0.0101290 seconds, Stopping threads took: 0.0000600 seconds
194.475: Application time: 0.0650960 seconds
194.475: [GC194.475: [ParNew: 15695K->1433K(18432K), 0.0038230 secs] 40066K->36493K(59392K), 0.0038660 secs] [Times: user=0.03 sys=0.00, real=0.00 secs] 
194.479: Total time for which application threads were stopped: 0.0039990 seconds, Stopping threads took: 0.0000670 seconds
194.521: Application time: 0.0423720 seconds
194.522: [GC194.522: [ParNew: 17122K->17122K(18432K), 0.0000100 secs]194.522: [Tenured: 35059K->26509K(40960K), 0.0104890 secs] 52182K->26509K(59392K), [Perm : 6106K->6106K(21248K)], 0.0105560 secs] [Times: user=0.01 sys=0.00, real=0.01 secs] 
194.532: Total time for which application threads were stopped: 0.0107390 seconds, Stopping threads took: 0.0001140 seconds
194.593: Application time: 0.0605280 seconds
194.593: [GC194.593: [ParNew: 15695K->15695K(18432K), 0.0000100 secs]194.593: [Tenured: 26509K->26510K(40960K), 0.0101230 secs] 42205K->26510K(59392K), [Perm : 6106K->6106K(21248K)], 0.0101810 secs] [Times: user=0.01 sys=0.00, real=0.02 secs] 
194.603: Total time for which application threads were stopped: 0.0103600 seconds, Stopping threads took: 0.0001100 seconds
194.651: Application time: 0.0481890 seconds
194.651: [GC194.651: [ParNew: 15704K->15704K(18432K), 0.0000110 secs]194.651: [Tenured: 26510K->26512K(40960K), 0.0099620 secs] 42214K->26512K(59392K), [Perm : 6106K->6106K(21248K)], 0.0100230 secs] [Times: user=0.01 sys=0.00, real=0.01 secs] 
194.661: Total time for which application threads were stopped: 0.0102090 seconds, Stopping threads took: 0.0001040 seconds
194.716: Application time: 0.0545910 seconds
194.716: [GC194.716: [ParNew: 15688K->15688K(18432K), 0.0000100 secs]194.716: [Tenured: 26512K->28646K(40960K), 0.0106440 secs] 42200K->28646K(59392K), [Perm : 6106K->6106K(21248K)], 0.0107000 secs] [Times: user=0.01 sys=0.00, real=0.01 secs] 
194.727: Total time for which application threads were stopped: 0.0108330 seconds, Stopping threads took: 0.0000680 seconds
194.773: Application time: 0.0464550 seconds
194.774: [GC194.774: [ParNew: 15688K->15688K(18432K), 0.0000100 secs]194.774: [Tenured: 28646K->27221K(40960K), 0.0095220 secs] 44335K->27221K(59392K), [Perm : 6106K->6106K(21248K)], 0.0095800 secs] [Times: user=0.00 sys=0.00, real=0.02 secs] 
194.783: Total time for which application threads were stopped: 0.0098480 seconds, Stopping threads took: 0.0002000 seconds
194.833: Application time: 0.0494760 seconds
194.833: [GC194.833: [ParNew: 15695K->15695K(18432K), 0.0000110 secs]194.833: [Tenured: 27221K->28647K(40960K), 0.0101930 secs] 42916K->28647K(59392K), [Perm : 6106K->6106K(21248K)], 0.0102560 secs] [Times: user=0.01 sys=0.00, real=0.02 secs] 
194.843: Total time for which application threads were stopped: 0.0104450 seconds, Stopping threads took: 0.0001070 seconds
194.861: Application time: 0.0174170 seconds
194.861: [GC194.861: [ParNew: 15715K->15715K(18432K), 0.0000110 secs]194.861: [Tenured: 28647K->29389K(40960K), 0.0097070 secs] 44362K->29389K(59392K), [Perm : 6106K->6106K(21248K)], 0.0097690 secs] [Times: user=0.01 sys=0.00, real=0.01 secs] 
194.871: Total time for which application threads were stopped: 0.0100090 seconds, Stopping threads took: 0.0001570 seconds
194.878: Application time: 0.0075350 seconds
194.878: [GC194.879: [ParNew: 15679K->15679K(18432K), 0.0000100 secs]194.879: [Tenured: 29389K->26508K(40960K), 0.0107310 secs] 45068K->26508K(59392K), [Perm : 6106K->6106K(21248K)], 0.0107930 secs] [Times: user=0.01 sys=0.00, real=0.01 secs] 
194.889: Total time for which application threads were stopped: 0.0111940 seconds, Stopping threads took: 0.0003300 seconds
194.894: Application time: 0.0048780 seconds
194.894: [GC194.894: [ParNew: 15685K->15685K(18432K), 0.0000120 secs]194.894: [Tenured: 26508K->30072K(40960K), 0.0073450 secs] 42194K->30072K(59392K), [Perm : 6106K->6106K(21248K)], 0.0074010 secs] [Times: user=0.01 sys=0.00, real=0.00 secs] 
194.902: Total time for which application threads were stopped: 0.0075740 seconds, Stopping threads took: 0.0001040 seconds
194.907: Application time: 0.0048850 seconds
194.907: [GC194.907: [ParNew: 15677K->15677K(18432K), 0.0000100 secs]194.907: [Tenured: 30072K->27933K(40960K), 0.0062650 secs] 45749K->27933K(59392K), [Perm : 6106K->6106K(21248K)], 0.0063260 secs] [Times: user=0.00 sys=0.00, real=0.00 secs] 
194.913: Total time for which application threads were stopped: 0.0065460 seconds, Stopping threads took: 0.0001520 seconds
194.920: Application time: 0.0067480 seconds
194.920: [GC194.920: [ParNew: 15688K->15688K(18432K), 0.0000110 secs]194.920: [Tenured: 27933K->28646K(40960K), 0.0095700 secs] 43622K->28646K(59392K), [Perm : 6106K->6106K(21248K)], 0.0096380 secs] [Times: user=0.01 sys=0.00, real=0.01 secs] 
194.930: Total time for which application threads were stopped: 0.0099600 seconds, Stopping threads took: 0.0002330 seconds
194.937: Application time: 0.0073700 seconds
194.937: [GC194.937: [ParNew: 15679K->15679K(18432K), 0.0000110 secs]194.937: [Tenured: 28646K->27933K(40960K), 0.0061860 secs] 44326K->27933K(59392K), [Perm : 6106K->6106K(21248K)], 0.0062410 secs] [Times: user=0.01 sys=0.00, real=0.01 secs] 
194.944: Total time for which application threads were stopped: 0.0064360 seconds, Stopping threads took: 0.0001290 seconds
194.948: Application time: 0.0047100 seconds
194.949: [GC194.949: [ParNew: 15687K->15687K(18432K), 0.0000090 secs]194.949: [Tenured: 27933K->29360K(40960K), 0.0063290 secs] 43621K->29360K(59392K), [Perm : 6106K->6106K(21248K)], 0.0063820 secs] [Times: user=0.00 sys=0.00, real=0.01 secs] 
194.955: Total time for which application threads were stopped: 0.0066060 seconds, Stopping threads took: 0.0001590 seconds
194.958: Application time: 0.0033910 seconds
194.959: [GC194.959: [ParNew: 15681K->15681K(18432K), 0.0000110 secs]194.959: [Tenured: 29360K->28646K(40960K), 0.0089710 secs] 45041K->28646K(59392K), [Perm : 6106K->6106K(21248K)], 0.0090330 secs] [Times: user=0.01 sys=0.00, real=0.01 secs] 
194.968: Total time for which application threads were stopped: 0.0091830 seconds, Stopping threads took: 0.0000780 seconds
194.980: Application time: 0.0119030 seconds
194.980: [GC194.980: [ParNew: 15688K->15688K(18432K), 0.0000110 secs]194.980: [Tenured: 28646K->29358K(40960K), 0.0087020 secs] 44334K->29358K(59392K), [Perm : 6106K->6106K(21248K)], 0.0087620 secs] [Times: user=0.01 sys=0.00, real=0.01 secs] 
194.988: Total time for which application threads were stopped: 0.0089400 seconds, Stopping threads took: 0.0001080 seconds
195.049: Application time: 0.0603950 seconds
195.049: [GC195.049: [ParNew: 15688K->15688K(18432K), 0.0000090 secs]195.049: [Tenured: 29358K->27933K(40960K), 0.0092600 secs] 45047K->27933K(59392K), [Perm : 6106K->6106K(21248K)], 0.0093170 secs] [Times: user=0.01 sys=0.00, real=0.01 secs] 
195.058: Total time for which application threads were stopped: 0.0094570 seconds, Stopping threads took: 0.0000730 seconds
195.102: Application time: 0.0435510 seconds
195.102: [GC195.102: [ParNew: 15688K->15688K(18432K), 0.0000110 secs]195.102: [Tenured: 27933K->30071K(40960K), 0.0108800 secs] 43622K->30071K(59392K), [Perm : 6106K->6106K(21248K)], 0.0109410 secs] [Times: user=0.01 sys=0.00, real=0.00 secs] 
195.113: Total time for which application threads were stopped: 0.0111280 seconds, Stopping threads took: 0.0001110 seconds
195.161: Application time: 0.0478530 seconds
195.161: [GC195.161: [ParNew: 15688K->15688K(18432K), 0.0000110 secs]195.161: [Tenured: 30071K->29358K(40960K), 0.0101180 secs] 45759K->29358K(59392K), [Perm : 6106K->6106K(21248K)], 0.0101810 secs] [Times: user=0.01 sys=0.00, real=0.01 secs] 
195.171: Total time for which application threads were stopped: 0.0103960 seconds, Stopping threads took: 0.0001450 seconds
195.234: Application time: 0.0630660 seconds
195.234: [GC195.234: [ParNew: 15690K->15690K(18432K), 0.0000100 secs]195.235: [Tenured: 29358K->29358K(40960K), 0.0100840 secs] 45048K->29358K(59392K), [Perm : 6106K->6106K(21248K)], 0.0101450 secs] [Times: user=0.01 sys=0.00, real=0.01 secs] 
195.245: Total time for which application threads were stopped: 0.0103210 seconds, Stopping threads took: 0.0001060 seconds
195.284: Application time: 0.0395160 seconds
195.284: [GC195.284: [ParNew: 15688K->15688K(18432K), 0.0000100 secs]195.284: [Tenured: 29358K->29358K(40960K), 0.0093490 secs] 45046K->29358K(59392K), [Perm : 6106K->6106K(21248K)], 0.0094090 secs] [Times: user=0.01 sys=0.00, real=0.00 secs] 
195.294: Total time for which application threads were stopped: 0.0096530 seconds, Stopping threads took: 0.0001650 seconds
195.347: Application time: 0.0531330 seconds
195.347: [GC195.347: [ParNew: 15687K->15687K(18432K), 0.0000110 secs]195.347: [Tenured: 29358K->28645K(40960K), 0.0100180 secs] 45046K->28645K(59392K), [Perm : 6106K->6106K(21248K)], 0.0100870 secs] [Times: user=0.01 sys=0.00, real=0.01 secs] 
195.357: Total time for which application threads were stopped: 0.0102400 seconds, Stopping threads took: 0.0000720 seconds
195.420: Application time: 0.0631050 seconds
195.421: [GC195.421: [ParNew: 15689K->15689K(18432K), 0.0000100 secs]195.421: [Tenured: 28645K->28645K(40960K), 0.0100820 secs] 44335K->28645K(59392K), [Perm : 6106K->6106K(21248K)], 0.0101410 secs] [Times: user=0.01 sys=0.00, real=0.01 secs] 
195.431: Total time for which application threads were stopped: 0.0104290 seconds, Stopping threads took: 0.0002020 seconds
195.473: Application time: 0.0425780 seconds
195.474: [GC195.474: [ParNew: 15687K->15687K(18432K), 0.0000090 secs]195.474: [Tenured: 28645K->29357K(40960K), 0.0093690 secs] 44333K->29357K(59392K), [Perm : 6106K->6106K(21248K)], 0.0094280 secs] [Times: user=0.01 sys=0.00, real=0.02 secs] 
195.483: Total time for which application threads were stopped: 0.0097000 seconds, Stopping threads took: 0.0002030 seconds
195.516: Application time: 0.0334580 seconds
195.517: [GC195.517: [ParNew: 15717K->15717K(18432K), 0.0000100 secs]195.517: [Tenured: 29357K->28645K(40960K), 0.0113520 secs] 45075K->28645K(59392K), [Perm : 6106K->6106K(21248K)], 0.0114100 secs] [Times: user=0.01 sys=0.00, real=0.01 secs] 
195.528: Total time for which application threads were stopped: 0.0115680 seconds, Stopping threads took: 0.0000870 seconds
195.536: Application time: 0.0079460 seconds
195.536: [GC195.536: [ParNew: 16192K->16192K(18432K), 0.0000100 secs]195.536: [Tenured: 28645K->25833K(40960K), 0.0084890 secs] 44837K->25833K(59392K), [Perm : 6106K->6106K(21248K)], 0.0085490 secs] [Times: user=0.01 sys=0.00, real=0.01 secs] 
195.545: Total time for which application threads were stopped: 0.0087790 seconds, Stopping threads took: 0.0001380 seconds
195.550: Application time: 0.0050540 seconds
195.550: [GC195.550: [ParNew: 15858K->15858K(18432K), 0.0000110 secs]195.550: [Tenured: 25833K->26545K(40960K), 0.0087360 secs] 41691K->26545K(59392K), [Perm : 6106K->6106K(21248K)], 0.0087970 secs] [Times: user=0.01 sys=0.00, real=0.01 secs] 
195.559: Total time for which application threads were stopped: 0.0089460 seconds, Stopping threads took: 0.0000790 seconds
195.563: Application time: 0.0038910 seconds
195.563: [GC195.563: [ParNew: 15737K->15737K(18432K), 0.0000100 secs]195.563: [Tenured: 26545K->28676K(40960K), 0.0073810 secs] 42283K->28676K(59392K), [Perm : 6106K->6106K(21248K)], 0.0074390 secs] [Times: user=0.01 sys=0.00, real=0.00 secs] 
195.570: Total time for which application threads were stopped: 0.0076800 seconds, Stopping threads took: 0.0001730 seconds
195.575: Application time: 0.0050600 seconds
195.576: [GC195.576: [ParNew: 15687K->15687K(18432K), 0.0000110 secs]195.576: [Tenured: 28676K->25795K(40960K), 0.0118430 secs] 44364K->25795K(59392K), [Perm : 6106K->6106K(21248K)], 0.0119060 secs] [Times: user=0.01 sys=0.00, real=0.01 secs] 
195.588: Total time for which application threads were stopped: 0.0125580 seconds, Stopping threads took: 0.0005810 seconds
195.593: Application time: 0.0049860 seconds
195.593: [GC195.593: [ParNew: 15679K->15679K(18432K), 0.0000100 secs]195.593: [Tenured: 25795K->27932K(40960K), 0.0064010 secs] 41474K->27932K(59392K), [Perm : 6106K->6106K(21248K)], 0.0064590 secs] [Times: user=0.01 sys=0.00, real=0.01 secs] 
195.600: Total time for which application threads were stopped: 0.0067480 seconds, Stopping threads took: 0.0002110 seconds
195.604: Application time: 0.0046640 seconds
195.605: [GC195.605: [ParNew: 15684K->15684K(18432K), 0.0000110 secs]195.605: [Tenured: 27932K->26507K(40960K), 0.0108990 secs] 43616K->26507K(59392K), [Perm : 6106K->6106K(21248K)], 0.0109620 secs] [Times: user=0.02 sys=0.00, real=0.01 secs] 
195.616: Total time for which application threads were stopped: 0.0112430 seconds, Stopping threads took: 0.0001900 seconds
195.621: Application time: 0.0049100 seconds
195.621: [GC195.621: [ParNew: 15686K->15686K(18432K), 0.0000110 secs]195.621: [Tenured: 26507K->26508K(40960K), 0.0077400 secs] 42194K->26508K(59392K), [Perm : 6106K->6106K(21248K)], 0.0078020 secs] [Times: user=0.00 sys=0.00, real=0.01 secs] 
195.629: Total time for which application threads were stopped: 0.0082580 seconds, Stopping threads took: 0.0003890 seconds
195.633: Application time: 0.0043540 seconds
195.633: [GC195.633: [ParNew: 15680K->15680K(18432K), 0.0000110 secs]195.633: [Tenured: 26508K->26507K(40960K), 0.0085700 secs] 42189K->26507K(59392K), [Perm : 6106K->6106K(21248K)], 0.0086300 secs] [Times: user=0.01 sys=0.00, real=0.02 secs] 
195.642: Total time for which application threads were stopped: 0.0089490 seconds, Stopping threads took: 0.0002300 seconds
195.647: Application time: 0.0046400 seconds
195.647: [GC195.647: [ParNew: 15915K->15915K(18432K), 0.0000110 secs]195.647: [Tenured: 26507K->25114K(40960K), 0.0103620 secs] 42423K->25114K(59392K), [Perm : 6106K->6106K(21248K)], 0.0104260 secs] [Times: user=0.01 sys=0.00, real=0.01 secs] 
195.658: Total time for which application threads were stopped: 0.0109090 seconds, Stopping threads took: 0.0004100 seconds
195.662: Application time: 0.0038810 seconds
195.662: [GC195.662: [ParNew: 15959K->15959K(18432K), 0.0000100 secs]195.662: [Tenured: 25114K->24406K(40960K), 0.0080330 secs] 41073K->24406K(59392K), [Perm : 6106K->6106K(21248K)], 0.0080920 secs] [Times: user=0.00 sys=0.00, real=0.01 secs] 
195.670: Total time for which application threads were stopped: 0.0083370 seconds, Stopping threads took: 0.0001740 seconds
195.674: Application time: 0.0036610 seconds
195.674: [GC195.674: [ParNew: 15779K->1440K(18432K), 0.0008500 secs] 40185K->25846K(59392K), 0.0008860 secs] [Times: user=0.00 sys=0.00, real=0.01 secs] 
195.675: Total time for which application threads were stopped: 0.0012770 seconds, Stopping threads took: 0.0003290 seconds
195.679: Application time: 0.0039520 seconds
195.679: [GC195.679: [ParNew: 17263K->17263K(18432K), 0.0000110 secs]195.679: [Tenured: 24406K->24410K(40960K), 0.0068170 secs] 41669K->24410K(59392K), [Perm : 6106K->6106K(21248K)], 0.0068720 secs] [Times: user=0.01 sys=0.00, real=0.01 secs] 
195.686: Total time for which application threads were stopped: 0.0071430 seconds, Stopping threads took: 0.0002050 seconds
195.690: Application time: 0.0045500 seconds
195.691: [GC195.691: [ParNew: 15703K->1441K(18432K), 0.0016670 secs] 40113K->29413K(59392K), 0.0017050 secs] [Times: user=0.01 sys=0.00, real=0.00 secs] 
195.692: Total time for which application threads were stopped: 0.0020120 seconds, Stopping threads took: 0.0002420 seconds
195.697: Application time: 0.0047210 seconds
195.698: [GC195.698: [ParNew: 17124K->17124K(18432K), 0.0000110 secs]195.698: [Tenured: 27972K->24370K(40960K), 0.0117610 secs] 45096K->24370K(59392K), [Perm : 6106K->6106K(21248K)], 0.0118260 secs] [Times: user=0.01 sys=0.00, real=0.01 secs] 
195.709: Total time for which application threads were stopped: 0.0121800 seconds, Stopping threads took: 0.0002790 seconds
195.714: Application time: 0.0047170 seconds
195.714: [GC195.714: [ParNew: 15687K->1435K(18432K), 0.0007440 secs] 40058K->26518K(59392K), 0.0007720 secs] [Times: user=0.00 sys=0.00, real=0.00 secs] 
195.715: Total time for which application threads were stopped: 0.0009410 seconds, Stopping threads took: 0.0001140 seconds
195.719: Application time: 0.0035820 seconds
195.719: [GC195.719: [ParNew: 17118K->1427K(18432K), 0.0011480 secs] 42201K->28687K(59392K), 0.0011800 secs] [Times: user=0.01 sys=0.00, real=0.00 secs] 
195.721: Total time for which application threads were stopped: 0.0020020 seconds, Stopping threads took: 0.0007650 seconds
195.724: Application time: 0.0035750 seconds
195.724: [GC195.724: [ParNew: 17109K->17109K(18432K), 0.0000100 secs]195.724: [Tenured: 27260K->25083K(40960K), 0.0089670 secs] 44370K->25083K(59392K), [Perm : 6106K->6106K(21248K)], 0.0090290 secs] [Times: user=0.01 sys=0.00, real=0.00 secs] 
195.733: Total time for which application threads were stopped: 0.0091910 seconds, Stopping threads took: 0.0000920 seconds
195.737: Application time: 0.0031230 seconds
195.737: [GC195.737: [ParNew: 15682K->1435K(18432K), 0.0008090 secs] 40765K->27230K(59392K), 0.0008470 secs] [Times: user=0.01 sys=0.00, real=0.00 secs] 
195.738: Total time for which application threads were stopped: 0.0010090 seconds, Stopping threads took: 0.0001070 seconds
195.741: Application time: 0.0036690 seconds
195.741: [GC195.741: [ParNew: 17116K->1427K(18432K), 0.0012080 secs] 42912K->29384K(59392K), 0.0012410 secs] [Times: user=0.01 sys=0.00, real=0.01 secs] 
195.743: Total time for which application threads were stopped: 0.0014050 seconds, Stopping threads took: 0.0001040 seconds
195.749: Application time: 0.0062160 seconds
195.749: [GC195.749: [ParNew: 17123K->1437K(18432K), 0.0012100 secs] 45080K->31531K(59392K), 0.0012410 secs] [Times: user=0.00 sys=0.00, real=0.00 secs] 
195.750: Total time for which application threads were stopped: 0.0013660 seconds, Stopping threads took: 0.0000680 seconds
195.758: Application time: 0.0073380 seconds
195.758: [GC195.758: [ParNew: 17115K->17115K(18432K), 0.0000100 secs]195.758: [Tenured: 30094K->25082K(40960K), 0.0092000 secs] 47210K->25082K(59392K), [Perm : 6106K->6106K(21248K)], 0.0092590 secs] [Times: user=0.01 sys=0.00, real=0.01 secs] 
195.767: Total time for which application threads were stopped: 0.0094220 seconds, Stopping threads took: 0.0000930 seconds
195.771: Application time: 0.0045010 seconds
195.772: [GC195.772: [ParNew: 15683K->1425K(18432K), 0.0018520 secs] 40765K->30070K(59392K), 0.0018860 secs] [Times: user=0.01 sys=0.00, real=0.00 secs] 
195.774: Total time for which application threads were stopped: 0.0020430 seconds, Stopping threads took: 0.0000970 seconds
195.779: Application time: 0.0051130 seconds
195.779: [GC195.779: [ParNew: 17112K->1435K(18432K), 0.0010140 secs] 45757K->30793K(59392K), 0.0010440 secs] [Times: user=0.01 sys=0.00, real=0.00 secs] 
195.780: Total time for which application threads were stopped: 0.0012360 seconds, Stopping threads took: 0.0001160 seconds
195.784: Application time: 0.0036380 seconds
195.784: [GC195.784: [ParNew: 17114K->712K(18432K), 0.0007230 secs] 46472K->30822K(59392K), 0.0007500 secs] [Times: user=0.00 sys=0.00, real=0.00 secs] 
195.784: Total time for which application threads were stopped: 0.0009090 seconds, Stopping threads took: 0.0001050 seconds
195.816: Application time: 0.0319840 seconds
195.817: [GC195.817: [ParNew: 16404K->1437K(18432K), 0.0021480 secs] 46515K->37247K(59392K), 0.0021870 secs] [Times: user=0.01 sys=0.00, real=0.00 secs] 
195.819: Total time for which application threads were stopped: 0.0023490 seconds, Stopping threads took: 0.0001000 seconds
195.847: Application time: 0.0283200 seconds
195.847: [GC195.847: [ParNew: 17154K->17154K(18432K), 0.0000100 secs]195.847: [Tenured: 35810K->26536K(40960K), 0.0105210 secs] 52964K->26536K(59392K), [Perm : 6106K->6106K(21248K)], 0.0105790 secs] [Times: user=0.01 sys=0.00, real=0.01 secs] 
195.858: Total time for which application threads were stopped: 0.0107750 seconds, Stopping threads took: 0.0001250 seconds
195.865: Application time: 0.0075250 seconds
195.866: [GC195.866: [ParNew: 16193K->1475K(18432K), 0.0005520 secs] 42730K->28012K(59392K), 0.0005860 secs] [Times: user=0.00 sys=0.00, real=0.00 secs] 
195.866: Total time for which application threads were stopped: 0.0010540 seconds, Stopping threads took: 0.0004000 seconds
195.872: Application time: 0.0057400 seconds
195.872: [GC195.872: [ParNew: 17233K->1477K(18432K), 0.0006770 secs] 43770K->28078K(59392K), 0.0007090 secs] [Times: user=0.00 sys=0.00, real=0.00 secs] 
195.873: Total time for which application threads were stopped: 0.0009030 seconds, Stopping threads took: 0.0001360 seconds
195.878: Application time: 0.0044640 seconds
195.878: [GC195.878: [ParNew: 17347K->1437K(18432K), 0.0012320 secs] 43948K->30255K(59392K), 0.0012640 secs] [Times: user=0.01 sys=0.00, real=0.00 secs] 
195.879: Total time for which application threads were stopped: 0.0014420 seconds, Stopping threads took: 0.0001180 seconds
195.883: Application time: 0.0043520 seconds
195.884: [GC195.884: [ParNew: 17126K->1435K(18432K), 0.0017950 secs] 45945K->34568K(59392K), 0.0018370 secs] [Times: user=0.02 sys=0.00, real=0.00 secs] 
195.885: Total time for which application threads were stopped: 0.0021300 seconds, Stopping threads took: 0.0002300 seconds
195.889: Application time: 0.0039900 seconds
195.894: [GC195.894: [ParNew: 17123K->17123K(18432K), 0.0000100 secs]195.894: [Tenured: 33133K->22232K(40960K), 0.0107860 secs] 50256K->22232K(59392K), [Perm : 6106K->6106K(21248K)], 0.0108470 secs] [Times: user=0.01 sys=0.00, real=0.01 secs] 
195.905: Total time for which application threads were stopped: 0.0155360 seconds, Stopping threads took: 0.0046170 seconds
195.909: Application time: 0.0039350 seconds
195.910: [GC195.910: [ParNew: 15681K->1425K(18432K), 0.0010560 secs] 37913K->24369K(59392K), 0.0010910 secs] [Times: user=0.00 sys=0.00, real=0.00 secs] 
195.911: Total time for which application threads were stopped: 0.0017730 seconds, Stopping threads took: 0.0006200 seconds
195.916: Application time: 0.0048440 seconds
195.916: [GC195.916: [ParNew: 17109K->1427K(18432K), 0.0014640 secs] 40053K->27221K(59392K), 0.0015020 secs] [Times: user=0.01 sys=0.00, real=0.00 secs] 
195.918: Total time for which application threads were stopped: 0.0019730 seconds, Stopping threads took: 0.0003880 seconds
195.922: Application time: 0.0040700 seconds
195.922: [GC195.922: [ParNew: 17117K->1433K(18432K), 0.0017920 secs] 42912K->31503K(59392K), 0.0018300 secs] [Times: user=0.02 sys=0.00, real=0.00 secs] 
195.924: Total time for which application threads were stopped: 0.0026830 seconds, Stopping threads took: 0.0007680 seconds
195.929: Application time: 0.0041980 seconds
195.929: [GC195.929: [ParNew: 17121K->1435K(18432K), 0.0010980 secs] 47191K->33674K(59392K), 0.0011380 secs] [Times: user=0.00 sys=0.01, real=0.00 secs] 
195.930: Total time for which application threads were stopped: 0.0015410 seconds, Stopping threads took: 0.0003450 seconds
195.934: Application time: 0.0037610 seconds
195.934: [GC195.934: [ParNew: 17119K->1425K(18432K), 0.0014970 secs] 49359K->37259K(59392K), 0.0015310 secs] [Times: user=0.02 sys=0.00, real=0.00 secs] 
195.936: Total time for which application threads were stopped: 0.0019980 seconds, Stopping threads took: 0.0004040 seconds
195.940: Application time: 0.0039760 seconds
195.940: [GC195.940: [ParNew: 17114K->17114K(18432K), 0.0000110 secs]195.940: [Tenured: 35834K->23657K(40960K), 0.0102970 secs] 52948K->23657K(59392K), [Perm : 6106K->6106K(21248K)], 0.0103550 secs] [Times: user=0.01 sys=0.00, real=0.01 secs] 
195.950: Total time for which application threads were stopped: 0.0106940 seconds, Stopping threads took: 0.0002700 seconds
195.954: Application time: 0.0037150 seconds
195.955: [GC195.955: [ParNew: 15684K->1425K(18432K), 0.0013550 secs] 39342K->27220K(59392K), 0.0013880 secs] [Times: user=0.01 sys=0.00, real=0.00 secs] 
195.956: Total time for which application threads were stopped: 0.0020090 seconds, Stopping threads took: 0.0005440 seconds
195.960: Application time: 0.0040330 seconds
195.960: [GC195.960: [ParNew: 17107K->1429K(18432K), 0.0012790 secs] 42902K->29361K(59392K), 0.0013100 secs] [Times: user=0.01 sys=0.00, real=0.00 secs] 
195.962: Total time for which application threads were stopped: 0.0014900 seconds, Stopping threads took: 0.0001110 seconds
195.966: Application time: 0.0042500 seconds
195.966: [GC195.966: [ParNew: 17111K->1427K(18432K), 0.0005720 secs] 45044K->29359K(59392K), 0.0006030 secs] [Times: user=0.00 sys=0.00, real=0.00 secs] 
195.967: Total time for which application threads were stopped: 0.0008140 seconds, Stopping threads took: 0.0001570 seconds
195.971: Application time: 0.0037720 seconds
195.972: [GC195.972: [ParNew: 17121K->1437K(18432K), 0.0016060 secs] 45054K->32932K(59392K), 0.0016390 secs] [Times: user=0.01 sys=0.00, real=0.00 secs] 
195.973: Total time for which application threads were stopped: 0.0026310 seconds, Stopping threads took: 0.0009300 seconds
195.977: Application time: 0.0040420 seconds
195.978: [GC195.978: [ParNew: 17119K->1425K(18432K), 0.0007370 secs] 48614K->33689K(59392K), 0.0007750 secs] [Times: user=0.01 sys=0.00, real=0.00 secs] 
195.979: Total time for which application threads were stopped: 0.0016280 seconds, Stopping threads took: 0.0007970 seconds
195.983: Application time: 0.0041820 seconds
195.983: [GC195.983: [ParNew: 17116K->1441K(18432K), 0.0012190 secs] 49380K->35842K(59392K), 0.0012500 secs] [Times: user=0.01 sys=0.00, real=0.00 secs] 
195.985: Total time for which application threads were stopped: 0.0015620 seconds, Stopping threads took: 0.0002540 seconds
195.989: Application time: 0.0045100 seconds
195.990: [GC195.990: [ParNew: 17123K->1425K(18432K), 0.0010510 secs] 51524K->37292K(59392K), 0.0010830 secs] [Times: user=0.01 sys=0.00, real=0.00 secs] 
195.991: Total time for which application threads were stopped: 0.0020800 seconds, Stopping threads took: 0.0009370 seconds
195.996: Application time: 0.0051140 seconds
195.997: [GC195.997: [ParNew: 17108K->17108K(18432K), 0.0000100 secs]195.997: [Tenured: 35866K->22232K(40960K), 0.0090700 secs] 52974K->22232K(59392K), [Perm : 6106K->6106K(21248K)], 0.0091300 secs] [Times: user=0.01 sys=0.00, real=0.01 secs] 
196.006: Total time for which application threads were stopped: 0.0092900 seconds, Stopping threads took: 0.0000900 seconds
196.009: Application time: 0.0034760 seconds
196.009: [GC196.009: [ParNew: 15695K->1439K(18432K), 0.0011060 secs] 37928K->25097K(59392K), 0.0011370 secs] [Times: user=0.01 sys=0.00, real=0.00 secs] 
196.010: Total time for which application threads were stopped: 0.0013310 seconds, Stopping threads took: 0.0001330 seconds
196.014: Application time: 0.0036780 seconds
196.014: [GC196.014: [ParNew: 17121K->1425K(18432K), 0.0009410 secs] 40779K->25851K(59392K), 0.0009790 secs] [Times: user=0.01 sys=0.00, real=0.00 secs] 
196.015: Total time for which application threads were stopped: 0.0011570 seconds, Stopping threads took: 0.0001070 seconds
196.019: Application time: 0.0040200 seconds
196.019: [GC196.019: [ParNew: 17108K->1425K(18432K), 0.0011620 secs] 41535K->27989K(59392K), 0.0011910 secs] [Times: user=0.01 sys=0.00, real=0.00 secs] 
196.021: Total time for which application threads were stopped: 0.0013350 seconds, Stopping threads took: 0.0000880 seconds
196.024: Application time: 0.0036540 seconds
196.025: [GC196.025: [ParNew: 17105K->1425K(18432K), 0.0008590 secs] 43669K->28701K(59392K), 0.0008910 secs] [Times: user=0.00 sys=0.00, real=0.00 secs] 
196.026: Total time for which application threads were stopped: 0.0015140 seconds, Stopping threads took: 0.0005620 seconds
196.032: Application time: 0.0058210 seconds
196.032: [GC196.032: [ParNew: 17122K->1441K(18432K), 0.0010410 secs] 44399K->30142K(59392K), 0.0010730 secs] [Times: user=0.01 sys=0.00, real=0.00 secs] 
196.033: Total time for which application threads were stopped: 0.0012390 seconds, Stopping threads took: 0.0001060 seconds
196.103: Application time: 0.0697980 seconds
196.103: [GC196.103: [ParNew (promotion failed): 17132K->17116K(18432K), 0.0039660 secs]196.107: [Tenured: 40862K->23657K(40960K), 0.0098320 secs] 45834K->23657K(59392K), [Perm : 6106K->6106K(21248K)], 0.0138580 secs] [Times: user=0.04 sys=0.00, real=0.01 secs] 
196.117: Total time for which application threads were stopped: 0.0140170 seconds, Stopping threads took: 0.0000940 seconds
196.148: Application time: 0.0310780 seconds
196.148: [GC196.148: [ParNew: 15720K->1459K(18432K), 0.0035690 secs] 39378K->35804K(59392K), 0.0036160 secs] [Times: user=0.03 sys=0.00, real=0.00 secs] 
196.152: Total time for which application threads were stopped: 0.0037960 seconds, Stopping threads took: 0.0001140 seconds
196.161: Application time: 0.0092060 seconds
196.161: [GC196.161: [ParNew: 17136K->17136K(18432K), 0.0000100 secs]196.161: [Tenured: 34344K->23657K(40960K), 0.0109650 secs] 51481K->23657K(59392K), [Perm : 6106K->6106K(21248K)], 0.0110240 secs] [Times: user=0.01 sys=0.00, real=0.01 secs] 
196.172: Total time for which application threads were stopped: 0.0111730 seconds, Stopping threads took: 0.0000800 seconds
196.178: Application time: 0.0060990 seconds
196.178: [GC196.178: [ParNew: 15683K->1435K(18432K), 0.0007310 secs] 39340K->25092K(59392K), 0.0007700 secs] [Times: user=0.01 sys=0.00, real=0.00 secs] 
196.179: Total time for which application threads were stopped: 0.0009690 seconds, Stopping threads took: 0.0001400 seconds
196.190: Application time: 0.0111020 seconds
196.190: [GC196.190: [ParNew: 17114K->1425K(18432K), 0.0014810 secs] 40771K->27972K(59392K), 0.0015160 secs] [Times: user=0.01 sys=0.00, real=0.00 secs] 
196.192: Total time for which application threads were stopped: 0.0016760 seconds, Stopping threads took: 0.0000990 seconds
196.200: Application time: 0.0078530 seconds
196.200: [GC196.200: [ParNew: 17111K->1437K(18432K), 0.0008660 secs] 43658K->28696K(59392K), 0.0008980 secs] [Times: user=0.01 sys=0.00, real=0.00 secs] 
196.201: Total time for which application threads were stopped: 0.0010690 seconds, Stopping threads took: 0.0001140 seconds
196.207: Application time: 0.0066950 seconds
196.208: [GC196.208: [ParNew: 17118K->1427K(18432K), 0.0013230 secs] 44378K->30880K(59392K), 0.0013520 secs] [Times: user=0.01 sys=0.00, real=0.00 secs] 
196.209: Total time for which application threads were stopped: 0.0014990 seconds, Stopping threads took: 0.0000900 seconds
196.214: Application time: 0.0052050 seconds
196.214: [GC196.214: [ParNew: 17117K->1433K(18432K), 0.0015000 secs] 46571K->33736K(59392K), 0.0015330 secs] [Times: user=0.01 sys=0.00, real=0.00 secs] 
196.216: Total time for which application threads were stopped: 0.0016900 seconds, Stopping threads took: 0.0000980 seconds
196.221: Application time: 0.0051940 seconds
196.221: [GC196.221: [ParNew: 17124K->1437K(18432K), 0.0026490 secs] 49428K->40169K(59392K), 0.0026870 secs] [Times: user=0.02 sys=0.00, real=0.01 secs] 
196.224: Total time for which application threads were stopped: 0.0028710 seconds, Stopping threads took: 0.0001210 seconds
196.227: Application time: 0.0034140 seconds
196.228: [GC196.228: [ParNew: 17115K->17115K(18432K), 0.0000100 secs]196.228: [Tenured: 38732K->25795K(40960K), 0.0097150 secs] 55848K->25795K(59392K), [Perm : 6106K->6106K(21248K)], 0.0097730 secs] [Times: user=0.01 sys=0.00, real=0.01 secs] 
196.237: Total time for which application threads were stopped: 0.0099660 seconds, Stopping threads took: 0.0001250 seconds
196.303: Application time: 0.0652000 seconds
196.303: [GC196.303: [ParNew: 15695K->1435K(18432K), 0.0031070 secs] 41491K->36493K(59392K), 0.0031490 secs] [Times: user=0.02 sys=0.00, real=0.00 secs] 
196.306: Total time for which application threads were stopped: 0.0033110 seconds, Stopping threads took: 0.0000960 seconds
196.380: Application time: 0.0736760 seconds
196.380: [GC196.380: [ParNew: 17126K->17126K(18432K), 0.0000100 secs]196.380: [Tenured: 35058K->25082K(40960K), 0.0100430 secs] 52185K->25082K(59392K), [Perm : 6106K->6106K(21248K)], 0.0101000 secs] [Times: user=0.01 sys=0.00, real=0.01 secs] 
196.390: Total time for which application threads were stopped: 0.0102600 seconds, Stopping threads took: 0.0000820 seconds
196.456: Application time: 0.0657360 seconds
196.456: [GC196.456: [ParNew: 15691K->1425K(18432K), 0.0045150 secs] 40774K->40758K(59392K), 0.0045590 secs] [Times: user=0.04 sys=0.00, real=0.00 secs] 
196.460: Total time for which application threads were stopped: 0.0046930 seconds, Stopping threads took: 0.0000670 seconds
196.534: Application time: 0.0739270 seconds
196.534: [GC196.534: [ParNew: 17116K->17116K(18432K), 0.0000100 secs]196.534: [Tenured: 39333K->25083K(40960K), 0.0097900 secs] 56449K->25083K(59392K), [Perm : 6106K->6106K(21248K)], 0.0098500 secs] [Times: user=0.01 sys=0.00, real=0.01 secs] 
196.544: Total time for which application threads were stopped: 0.0100250 seconds, Stopping threads took: 0.0000880 seconds
196.597: Application time: 0.0532910 seconds
196.598: [GC196.598: [ParNew: 15691K->1425K(18432K), 0.0045460 secs] 40774K->40758K(59392K), 0.0045880 secs] [Times: user=0.03 sys=0.00, real=0.01 secs] 
196.602: Total time for which application threads were stopped: 0.0047400 seconds, Stopping threads took: 0.0000860 seconds
196.651: Application time: 0.0487350 seconds
196.651: [GC196.651: [ParNew: 17116K->17116K(18432K), 0.0000110 secs]196.651: [Tenured: 39333K->25082K(40960K), 0.0109230 secs] 56449K->25082K(59392K), [Perm : 6106K->6106K(21248K)], 0.0109920 secs] [Times: user=0.01 sys=0.00, real=0.02 secs] 
196.662: Total time for which application threads were stopped: 0.0111630 seconds, Stopping threads took: 0.0000990 seconds
196.733: Application time: 0.0710590 seconds
196.733: [GC196.733: [ParNew: 15691K->1427K(18432K), 0.0044190 secs] 40773K->40047K(59392K), 0.0044580 secs] [Times: user=0.04 sys=0.00, real=0.01 secs] 
196.738: Total time for which application threads were stopped: 0.0047110 seconds, Stopping threads took: 0.0001880 seconds
196.810: Application time: 0.0720630 seconds
196.810: [GC196.810: [ParNew: 17129K->17129K(18432K), 0.0000100 secs]196.810: [Tenured: 38619K->24371K(40960K), 0.0099080 secs] 55749K->24371K(59392K), [Perm : 6106K->6106K(21248K)], 0.0099670 secs] [Times: user=0.01 sys=0.00, real=0.01 secs] 
196.820: Total time for which application threads were stopped: 0.0102010 seconds, Stopping threads took: 0.0001640 seconds
196.892: Application time: 0.0716170 seconds
196.892: [GC196.892: [ParNew: 15695K->1429K(18432K), 0.0042470 secs] 40067K->38625K(59392K), 0.0042890 secs] [Times: user=0.03 sys=0.00, real=0.01 secs] 
196.896: Total time for which application threads were stopped: 0.0044680 seconds, Stopping threads took: 0.0001040 seconds
196.969: Application time: 0.0727270 seconds
196.969: [GC196.969: [ParNew: 17120K->17120K(18432K), 0.0000100 secs]196.969: [Tenured: 37196K->26509K(40960K), 0.0103960 secs] 54317K->26509K(59392K), [Perm : 6106K->6106K(21248K)], 0.0104570 secs] [Times: user=0.01 sys=0.00, real=0.01 secs] 
196.980: Total time for which application threads were stopped: 0.0107350 seconds, Stopping threads took: 0.0002080 seconds
197.050: Application time: 0.0699790 seconds
197.050: [GC197.050: [ParNew: 15697K->15697K(18432K), 0.0000100 secs]197.050: [Tenured: 26509K->27223K(40960K), 0.0098820 secs] 42207K->27223K(59392K), [Perm : 6106K->6106K(21248K)], 0.0099430 secs] [Times: user=0.01 sys=0.00, real=0.01 secs] 
197.060: Total time for which application threads were stopped: 0.0100730 seconds, Stopping threads took: 0.0000610 seconds
197.133: Application time: 0.0734760 seconds
197.134: [GC197.134: [ParNew: 15704K->15704K(18432K), 0.0000100 secs]197.134: [Tenured: 27223K->25794K(40960K), 0.0109050 secs] 42927K->25794K(59392K), [Perm : 6106K->6106K(21248K)], 0.0109630 secs] [Times: user=0.01 sys=0.00, real=0.02 secs] 
197.145: Total time for which application threads were stopped: 0.0112890 seconds, Stopping threads took: 0.0002470 seconds
197.215: Application time: 0.0703930 seconds
197.215: [GC197.215: [ParNew: 15700K->15700K(18432K), 0.0000100 secs]197.215: [Tenured: 25794K->29358K(40960K), 0.0093840 secs] 41494K->29358K(59392K), [Perm : 6106K->6106K(21248K)], 0.0094410 secs] [Times: user=0.01 sys=0.00, real=0.01 secs] 
197.225: Total time for which application threads were stopped: 0.0096020 seconds, Stopping threads took: 0.0000820 seconds
197.298: Application time: 0.0738840 seconds
197.298: [GC197.299: [ParNew: 15695K->15695K(18432K), 0.0000100 secs]197.299: [Tenured: 29358K->29359K(40960K), 0.0093260 secs] 45054K->29359K(59392K), [Perm : 6106K->6106K(21248K)], 0.0093850 secs] [Times: user=0.01 sys=0.00, real=0.01 secs] 
197.308: Total time for which application threads were stopped: 0.0095120 seconds, Stopping threads took: 0.0000560 seconds
197.373: Application time: 0.0649510 seconds
197.373: [GC197.373: [ParNew: 15691K->15691K(18432K), 0.0000130 secs]197.375: [Tenured: 29359K->30071K(40960K), 0.0104550 secs] 45050K->30071K(59392K), [Perm : 6106K->6106K(21248K)], 0.0120150 secs] [Times: user=0.01 sys=0.00, real=0.02 secs] 
197.385: Total time for which application threads were stopped: 0.0121520 seconds, Stopping threads took: 0.0000690 seconds
197.432: Application time: 0.0468500 seconds
197.432: [GC197.432: [ParNew: 15691K->15691K(18432K), 0.0000110 secs]197.432: [Tenured: 30071K->28644K(40960K), 0.0110010 secs] 45763K->28644K(59392K), [Perm : 6106K->6106K(21248K)], 0.0110690 secs] [Times: user=0.01 sys=0.00, real=0.02 secs] 
197.443: Total time for which application threads were stopped: 0.0112060 seconds, Stopping threads took: 0.0000600 seconds
197.510: Application time: 0.0673650 seconds
197.511: [GC197.511: [ParNew: 15691K->15691K(18432K), 0.0000100 secs]197.511: [Tenured: 28644K->28644K(40960K), 0.0092640 secs] 44336K->28644K(59392K), [Perm : 6106K->6106K(21248K)], 0.0093230 secs] [Times: user=0.01 sys=0.00, real=0.01 secs] 
197.520: Total time for which application threads were stopped: 0.0094570 seconds, Stopping threads took: 0.0000670 seconds
197.590: Application time: 0.0698230 seconds
197.590: [GC197.590: [ParNew: 15691K->15691K(18432K), 0.0000100 secs]197.590: [Tenured: 28644K->28644K(40960K), 0.0091360 secs] 44336K->28644K(59392K), [Perm : 6106K->6106K(21248K)], 0.0091950 secs] [Times: user=0.01 sys=0.00, real=0.01 secs] 
197.599: Total time for which application threads were stopped: 0.0093490 seconds, Stopping threads took: 0.0000860 seconds
197.656: Application time: 0.0564980 seconds
197.656: [GC197.656: [ParNew: 15691K->15691K(18432K), 0.0000100 secs]197.656: [Tenured: 28644K->28644K(40960K), 0.0099680 secs] 44336K->28644K(59392K), [Perm : 6106K->6106K(21248K)], 0.0100290 secs] [Times: user=0.01 sys=0.00, real=0.01 secs] 
197.666: Total time for which application threads were stopped: 0.0102020 seconds, Stopping threads took: 0.0001050 seconds
197.740: Application time: 0.0746510 seconds
197.741: [GC197.741: [ParNew: 15689K->15689K(18432K), 0.0000110 secs]197.741: [Tenured: 28644K->28644K(40960K), 0.0099050 secs] 44334K->28644K(59392K), [Perm : 6106K->6106K(21248K)], 0.0099660 secs] [Times: user=0.01 sys=0.00, real=0.01 secs] 
197.751: Total time for which application threads were stopped: 0.0101230 seconds, Stopping threads took: 0.0000870 seconds
197.822: Application time: 0.0714380 seconds
197.822: [GC197.822: [ParNew: 15700K->15700K(18432K), 0.0000100 secs]197.822: [Tenured: 28644K->28645K(40960K), 0.0098900 secs] 44345K->28645K(59392K), [Perm : 6106K->6106K(21248K)], 0.0099470 secs] [Times: user=0.01 sys=0.00, real=0.00 secs] 
197.832: Total time for which application threads were stopped: 0.0100820 seconds, Stopping threads took: 0.0000660 seconds
197.893: Application time: 0.0609620 seconds
197.893: [GC197.893: [ParNew: 15707K->15707K(18432K), 0.0000090 secs]197.893: [Tenured: 28645K->24370K(40960K), 0.0104140 secs] 44353K->24370K(59392K), [Perm : 6106K->6106K(21248K)], 0.0104720 secs] [Times: user=0.01 sys=0.00, real=0.02 secs] 
197.904: Total time for which application threads were stopped: 0.0106310 seconds, Stopping threads took: 0.0000820 seconds
197.941: Application time: 0.0376910 seconds
197.942: [GC197.942: [ParNew: 15689K->1425K(18432K), 0.0041230 secs] 40059K->37908K(59392K), 0.0041670 secs] [Times: user=0.03 sys=0.00, real=0.01 secs] 
197.946: Total time for which application threads were stopped: 0.0043310 seconds, Stopping threads took: 0.0000870 seconds
197.999: Application time: 0.0536470 seconds
198.000: [GC198.000: [ParNew: 17112K->17112K(18432K), 0.0000110 secs]198.000: [Tenured: 36483K->28645K(40960K), 0.0112190 secs] 53596K->28645K(59392K), [Perm : 6106K->6106K(21248K)], 0.0112830 secs] [Times: user=0.01 sys=0.00, real=0.01 secs] 
198.011: Total time for which application threads were stopped: 0.0114930 seconds, Stopping threads took: 0.0001150 seconds
198.084: Application time: 0.0727860 seconds
198.084: [GC198.084: [ParNew: 15696K->15696K(18432K), 0.0000110 secs]198.084: [Tenured: 28645K->25795K(40960K), 0.0114450 secs] 44341K->25795K(59392K), [Perm : 6106K->6106K(21248K)], 0.0115070 secs] [Times: user=0.01 sys=0.00, real=0.01 secs] 
198.095: Total time for which application threads were stopped: 0.0116770 seconds, Stopping threads took: 0.0000970 seconds
198.153: Application time: 0.0580760 seconds
198.154: [GC198.154: [ParNew: 15705K->15705K(18432K), 0.0000100 secs]198.154: [Tenured: 25795K->24370K(40960K), 0.0114860 secs] 41500K->24370K(59392K), [Perm : 6106K->6106K(21248K)], 0.0115540 secs] [Times: user=0.01 sys=0.00, real=0.02 secs] 
198.165: Total time for which application threads were stopped: 0.0117520 seconds, Stopping threads took: 0.0001070 seconds
198.205: Application time: 0.0393800 seconds
198.205: [GC198.205: [ParNew: 15690K->1427K(18432K), 0.0037540 secs] 40060K->37198K(59392K), 0.0038010 secs] [Times: user=0.03 sys=0.00, real=0.00 secs] 
198.209: Total time for which application threads were stopped: 0.0040850 seconds, Stopping threads took: 0.0002010 seconds
198.261: Application time: 0.0525980 seconds
198.262: [GC198.262: [ParNew: 17123K->17123K(18432K), 0.0000170 secs]198.262: [Tenured: 35771K->24371K(40960K), 0.0092760 secs] 52894K->24371K(59392K), [Perm : 6106K->6106K(21248K)], 0.0093440 secs] [Times: user=0.01 sys=0.00, real=0.01 secs] 
198.271: Total time for which application threads were stopped: 0.0101590 seconds, Stopping threads took: 0.0007260 seconds
198.341: Application time: 0.0692050 seconds
198.341: [GC198.341: [ParNew: 15698K->1433K(18432K), 0.0037600 secs] 40070K->37205K(59392K), 0.0038050 secs] [Times: user=0.03 sys=0.00, real=0.01 secs] 
198.345: Total time for which application threads were stopped: 0.0040510 seconds, Stopping threads took: 0.0001590 seconds
198.372: Application time: 0.0269370 seconds
198.372: [GC198.372: [ParNew: 17121K->17121K(18432K), 0.0000100 secs]198.372: [Tenured: 35772K->26508K(40960K), 0.0105010 secs] 52893K->26508K(59392K), [Perm : 6106K->6106K(21248K)], 0.0105580 secs] [Times: user=0.01 sys=0.00, real=0.02 secs] 
198.382: Total time for which application threads were stopped: 0.0107410 seconds, Stopping threads took: 0.0001160 seconds
198.436: Application time: 0.0540600 seconds
198.437: [GC198.437: [ParNew: 15688K->15688K(18432K), 0.0000110 secs]198.437: [Tenured: 26508K->24370K(40960K), 0.0110570 secs] 42197K->24370K(59392K), [Perm : 6106K->6106K(21248K)], 0.0111180 secs] [Times: user=0.02 sys=0.00, real=0.01 secs] 
198.448: Total time for which application threads were stopped: 0.0114190 seconds, Stopping threads took: 0.0002190 seconds
198.516: Application time: 0.0681460 seconds
198.516: [GC198.516: [ParNew: 15688K->1425K(18432K), 0.0038200 secs] 40059K->36484K(59392K), 0.0038630 secs] [Times: user=0.03 sys=0.00, real=0.00 secs] 
198.520: Total time for which application threads were stopped: 0.0040910 seconds, Stopping threads took: 0.0001310 seconds
198.553: Application time: 0.0331060 seconds
198.553: [GC198.553: [ParNew: 17113K->17113K(18432K), 0.0000100 secs]198.553: [Tenured: 35059K->24371K(40960K), 0.0098980 secs] 52172K->24371K(59392K), [Perm : 6106K->6106K(21248K)], 0.0099560 secs] [Times: user=0.01 sys=0.00, real=0.02 secs] 
198.563: Total time for which application threads were stopped: 0.0101870 seconds, Stopping threads took: 0.0001610 seconds
198.610: Application time: 0.0470120 seconds
198.610: [GC198.610: [ParNew: 15688K->1425K(18432K), 0.0038450 secs] 40059K->36484K(59392K), 0.0038880 secs] [Times: user=0.03 sys=0.00, real=0.01 secs] 
198.614: Total time for which application threads were stopped: 0.0040490 seconds, Stopping threads took: 0.0000930 seconds
198.687: Application time: 0.0727060 seconds
198.687: [GC198.687: [ParNew: 17113K->17113K(18432K), 0.0000110 secs]198.687: [Tenured: 35059K->22946K(40960K), 0.0095920 secs] 52173K->22946K(59392K), [Perm : 6106K->6106K(21248K)], 0.0096510 secs] [Times: user=0.01 sys=0.00, real=0.01 secs] 
198.697: Total time for which application threads were stopped: 0.0098880 seconds, Stopping threads took: 0.0001670 seconds
198.726: Application time: 0.0291430 seconds
198.726: [GC198.726: [ParNew: 15688K->1425K(18432K), 0.0037050 secs] 38634K->35059K(59392K), 0.0037500 secs] [Times: user=0.03 sys=0.00, real=0.00 secs] 
198.730: Total time for which application threads were stopped: 0.0040240 seconds, Stopping threads took: 0.0001890 seconds
198.793: Application time: 0.0629740 seconds
198.793: [GC198.793: [ParNew: 17114K->17114K(18432K), 0.0000110 secs]198.793: [Tenured: 33634K->24371K(40960K), 0.0098950 secs] 50748K->24371K(59392K), [Perm : 6106K->6106K(21248K)], 0.0099580 secs] [Times: user=0.01 sys=0.00, real=0.02 secs] 
198.803: Total time for which application threads were stopped: 0.0101660 seconds, Stopping threads took: 0.0001180 seconds
198.860: Application time: 0.0570050 seconds
198.861: [GC198.861: [ParNew: 15695K->1431K(18432K), 0.0037940 secs] 40066K->36491K(59392K), 0.0038370 secs] [Times: user=0.03 sys=0.00, real=0.01 secs] 
198.864: Total time for which application threads were stopped: 0.0040730 seconds, Stopping threads took: 0.0001700 seconds
198.918: Application time: 0.0538190 seconds
198.918: [GC198.918: [ParNew: 17126K->17126K(18432K), 0.0000100 secs]198.918: [Tenured: 35060K->24371K(40960K), 0.0100310 secs] 52186K->24371K(59392K), [Perm : 6106K->6106K(21248K)], 0.0100910 secs] [Times: user=0.01 sys=0.00, real=0.01 secs] 
198.929: Total time for which application threads were stopped: 0.0102920 seconds, Stopping threads took: 0.0001230 seconds
198.967: Application time: 0.0381120 seconds
198.967: [GC198.967: [ParNew: 15695K->1433K(18432K), 0.0038710 secs] 40067K->36493K(59392K), 0.0039170 secs] [Times: user=0.03 sys=0.00, real=0.00 secs] 
198.971: Total time for which application threads were stopped: 0.0042080 seconds, Stopping threads took: 0.0002040 seconds
199.029: Application time: 0.0585590 seconds
199.030: [GC199.030: [ParNew: 17122K->17122K(18432K), 0.0000100 secs]199.030: [Tenured: 35060K->26510K(40960K), 0.0103790 secs] 52182K->26510K(59392K), [Perm : 6106K->6106K(21248K)], 0.0104380 secs] [Times: user=0.01 sys=0.00, real=0.01 secs] 
199.040: Total time for which application threads were stopped: 0.0105870 seconds, Stopping threads took: 0.0000650 seconds
199.092: Application time: 0.0521470 seconds
199.092: [GC199.092: [ParNew: 15695K->15695K(18432K), 0.0000100 secs]199.092: [Tenured: 26510K->27223K(40960K), 0.0096080 secs] 42205K->27223K(59392K), [Perm : 6106K->6106K(21248K)], 0.0096690 secs] [Times: user=0.01 sys=0.00, real=0.01 secs] 
199.102: Total time for which application threads were stopped: 0.0098000 seconds, Stopping threads took: 0.0000620 seconds
199.143: Application time: 0.0412160 seconds
199.143: [GC199.143: [ParNew: 15688K->15688K(18432K), 0.0000110 secs]199.143: [Tenured: 27223K->27223K(40960K), 0.0101430 secs] 42912K->27223K(59392K), [Perm : 6106K->6106K(21248K)], 0.0102040 secs] [Times: user=0.01 sys=0.00, real=0.00 secs] 
199.154: Total time for which application threads were stopped: 0.0104390 seconds, Stopping threads took: 0.0001460 seconds
199.215: Application time: 0.0613770 seconds
199.215: [GC199.215: [ParNew: 15701K->15701K(18432K), 0.0000090 secs]199.215: [Tenured: 27223K->27934K(40960K), 0.0105400 secs] 42925K->27934K(59392K), [Perm : 6106K->6106K(21248K)], 0.0105960 secs] [Times: user=0.01 sys=0.00, real=0.01 secs] 
199.226: Total time for which application threads were stopped: 0.0107520 seconds, Stopping threads took: 0.0000790 seconds
199.289: Application time: 0.0630230 seconds
199.289: [GC199.289: [ParNew: 15688K->15688K(18432K), 0.0000100 secs]199.289: [Tenured: 27934K->28647K(40960K), 0.0105040 secs] 43623K->28647K(59392K), [Perm : 6106K->6106K(21248K)], 0.0105620 secs] [Times: user=0.01 sys=0.00, real=0.01 secs] 
199.300: Total time for which application threads were stopped: 0.0107740 seconds, Stopping threads took: 0.0001220 seconds
199.314: Application time: 0.0145840 seconds
199.314: [GC199.314: [ParNew: 15724K->15724K(18432K), 0.0000110 secs]199.314: [Tenured: 28647K->30102K(40960K), 0.0102250 secs] 44371K->30102K(59392K), [Perm : 6106K->6106K(21248K)], 0.0102870 secs] [Times: user=0.01 sys=0.00, real=0.01 secs] 
199.325: Total time for which application threads were stopped: 0.0105030 seconds, Stopping threads took: 0.0001310 seconds
199.332: Application time: 0.0073700 seconds
199.332: [GC199.332: [ParNew: 15679K->15679K(18432K), 0.0000110 secs]199.332: [Tenured: 30102K->30102K(40960K), 0.0098390 secs] 45782K->30102K(59392K), [Perm : 6106K->6106K(21248K)], 0.0099070 secs] [Times: user=0.01 sys=0.01, real=0.02 secs] 
199.342: Total time for which application threads were stopped: 0.0101040 seconds, Stopping threads took: 0.0001180 seconds
199.348: Application time: 0.0062070 seconds
199.348: [GC199.348: [ParNew: 15685K->15685K(18432K), 0.0000100 secs]199.348: [Tenured: 30102K->29359K(40960K), 0.0111280 secs] 45788K->29359K(59392K), [Perm : 6106K->6106K(21248K)], 0.0111900 secs] [Times: user=0.01 sys=0.00, real=0.01 secs] 
199.360: Total time for which application threads were stopped: 0.0113350 seconds, Stopping threads took: 0.0000730 seconds
199.364: Application time: 0.0041500 seconds
199.364: [GC199.364: [ParNew: 15679K->15679K(18432K), 0.0000100 secs]199.364: [Tenured: 29359K->29359K(40960K), 0.0099210 secs] 45039K->29359K(59392K), [Perm : 6106K->6106K(21248K)], 0.0099780 secs] [Times: user=0.01 sys=0.00, real=0.00 secs] 
199.374: Total time for which application threads were stopped: 0.0101380 seconds, Stopping threads took: 0.0000880 seconds
199.382: Application time: 0.0081110 seconds
199.382: [GC199.382: [ParNew: 15685K->15685K(18432K), 0.0000110 secs]199.382: [Tenured: 29359K->29360K(40960K), 0.0076780 secs] 45045K->29360K(59392K), [Perm : 6106K->6106K(21248K)], 0.0077320 secs] [Times: user=0.01 sys=0.00, real=0.00 secs] 
199.390: Total time for which application threads were stopped: 0.0079110 seconds, Stopping threads took: 0.0001140 seconds
199.397: Application time: 0.0069710 seconds
199.397: [GC199.397: [ParNew: 15679K->15679K(18432K), 0.0000120 secs]199.397: [Tenured: 29360K->29360K(40960K), 0.0075770 secs] 45039K->29360K(59392K), [Perm : 6106K->6106K(21248K)], 0.0076320 secs] [Times: user=0.01 sys=0.00, real=0.01 secs] 
199.405: Total time for which application threads were stopped: 0.0079570 seconds, Stopping threads took: 0.0002400 seconds
199.412: Application time: 0.0067230 seconds
199.412: [GC199.412: [ParNew: 15687K->15687K(18432K), 0.0000110 secs]199.412: [Tenured: 29360K->28647K(40960K), 0.0088390 secs] 45047K->28647K(59392K), [Perm : 6106K->6106K(21248K)], 0.0089010 secs] [Times: user=0.00 sys=0.00, real=0.01 secs] 
199.421: Total time for which application threads were stopped: 0.0091590 seconds, Stopping threads took: 0.0001730 seconds
199.425: Application time: 0.0042010 seconds
199.425: [GC199.425: [ParNew: 15681K->15681K(18432K), 0.0000100 secs]199.425: [Tenured: 28647K->28647K(40960K), 0.0097710 secs] 44329K->28647K(59392K), [Perm : 6106K->6106K(21248K)], 0.0098280 secs] [Times: user=0.01 sys=0.00, real=0.01 secs] 
199.435: Total time for which application threads were stopped: 0.0099720 seconds, Stopping threads took: 0.0000730 seconds
199.439: Application time: 0.0037740 seconds
199.439: [GC199.439: [ParNew: 15678K->15678K(18432K), 0.0000100 secs]199.439: [Tenured: 28647K->29359K(40960K), 0.0061820 secs] 44325K->29359K(59392K), [Perm : 6106K->6106K(21248K)], 0.0062390 secs] [Times: user=0.00 sys=0.00, real=0.01 secs] 
199.445: Total time for which application threads were stopped: 0.0063850 seconds, Stopping threads took: 0.0000790 seconds
199.483: Application time: 0.0380320 seconds
199.483: [GC199.483: [ParNew: 15697K->15697K(18432K), 0.0000100 secs]199.483: [Tenured: 29359K->27934K(40960K), 0.0110260 secs] 45056K->27934K(59392K), [Perm : 6106K->6106K(21248K)], 0.0110880 secs] [Times: user=0.01 sys=0.00, real=0.01 secs] 
199.494: Total time for which application threads were stopped: 0.0113420 seconds, Stopping threads took: 0.0001650 seconds
199.558: Application time: 0.0639210 seconds
199.559: [GC199.559: [ParNew: 15688K->15688K(18432K), 0.0000100 secs]199.559: [Tenured: 27934K->28646K(40960K), 0.0102410 secs] 43622K->28646K(59392K), [Perm : 6106K->6106K(21248K)], 0.0103020 secs] [Times: user=0.01 sys=0.00, real=0.01 secs] 
199.569: Total time for which application threads were stopped: 0.0105030 seconds, Stopping threads took: 0.0001190 seconds
199.618: Application time: 0.0489210 seconds
199.618: [GC199.618: [ParNew: 15688K->15688K(18432K), 0.0000100 secs]199.618: [Tenured: 28646K->29359K(40960K), 0.0094490 secs] 44335K->29359K(59392K), [Perm : 6106K->6106K(21248K)], 0.0095080 secs] [Times: user=0.01 sys=0.00, real=0.01 secs] 
199.627: Total time for which application threads were stopped: 0.0096610 seconds, Stopping threads took: 0.0000750 seconds
199.668: Application time: 0.0405100 seconds
199.668: [GC199.668: [ParNew: 15688K->15688K(18432K), 0.0000110 secs]199.668: [Tenured: 29359K->28646K(40960K), 0.0100620 secs] 45047K->28646K(59392K), [Perm : 6106K->6106K(21248K)], 0.0101240 secs] [Times: user=0.01 sys=0.00, real=0.01 secs] 
199.678: Total time for which application threads were stopped: 0.0103070 seconds, Stopping threads took: 0.0001140 seconds
199.747: Application time: 0.0683620 seconds
199.747: [GC199.747: [ParNew: 15688K->15688K(18432K), 0.0000100 secs]199.747: [Tenured: 28646K->28646K(40960K), 0.0096840 secs] 44334K->28646K(59392K), [Perm : 6106K->6106K(21248K)], 0.0097430 secs] [Times: user=0.01 sys=0.00, real=0.01 secs] 
199.757: Total time for which application threads were stopped: 0.0100530 seconds, Stopping threads took: 0.0002230 seconds
199.817: Application time: 0.0601720 seconds
199.817: [GC199.817: [ParNew: 15688K->15688K(18432K), 0.0000100 secs]199.817: [Tenured: 28646K->29358K(40960K), 0.0103010 secs] 44334K->29358K(59392K), [Perm : 6106K->6106K(21248K)], 0.0103600 secs] [Times: user=0.02 sys=0.00, real=0.01 secs] 
199.827: Total time for which application threads were stopped: 0.0105560 seconds, Stopping threads took: 0.0001090 seconds
199.866: Application time: 0.0388600 seconds
199.867: [GC199.867: [ParNew: 15688K->15688K(18432K), 0.0000110 secs]199.867: [Tenured: 29358K->28646K(40960K), 0.0108210 secs] 45046K->28646K(59392K), [Perm : 6106K->6106K(21248K)], 0.0108830 secs] [Times: user=0.01 sys=0.00, real=0.01 secs] 
199.877: Total time for which application threads were stopped: 0.0111390 seconds, Stopping threads took: 0.0001650 seconds
199.933: Application time: 0.0555060 seconds
199.933: [GC199.933: [ParNew: 15687K->15687K(18432K), 0.0000100 secs]199.933: [Tenured: 28646K->28646K(40960K), 0.0100320 secs] 44334K->28646K(59392K), [Perm : 6106K->6106K(21248K)], 0.0100940 secs] [Times: user=0.01 sys=0.00, real=0.02 secs] 
199.943: Total time for which application threads were stopped: 0.0103130 seconds, Stopping threads took: 0.0001390 seconds
199.995: Application time: 0.0517070 seconds
199.995: [GC199.995: [ParNew: 15687K->15687K(18432K), 0.0000100 secs]199.995: [Tenured: 28646K->29358K(40960K), 0.0101800 secs] 44333K->29358K(59392K), [Perm : 6106K->6106K(21248K)], 0.0102420 secs] [Times: user=0.02 sys=0.00, real=0.01 secs] 
200.005: Total time for which application threads were stopped: 0.0104280 seconds, Stopping threads took: 0.0001050 seconds
200.043: Application time: 0.0377790 seconds
200.043: [GC200.043: [ParNew: 16358K->16358K(18432K), 0.0000100 secs]200.043: [Tenured: 29358K->25090K(40960K), 0.0114980 secs] 45716K->25090K(59392K), [Perm : 6106K->6106K(21248K)], 0.0115550 secs] [Times: user=0.01 sys=0.00, real=0.01 secs] 
200.055: Total time for which application threads were stopped: 0.0117670 seconds, Stopping threads took: 0.0001240 seconds
200.061: Application time: 0.0060680 seconds
200.061: [GC200.061: [ParNew: 16103K->16103K(18432K), 0.0000110 secs]200.061: [Tenured: 25090K->23691K(40960K), 0.0088970 secs] 41193K->23691K(59392K), [Perm : 6106K->6106K(21248K)], 0.0089530 secs] [Times: user=0.00 sys=0.00, real=0.01 secs] 
200.070: Total time for which application threads were stopped: 0.0092210 seconds, Stopping threads took: 0.0001700 seconds
200.075: Application time: 0.0050680 seconds
200.076: [GC200.076: [ParNew: 15910K->1443K(18432K), 0.0013240 secs] 39601K->27272K(59392K), 0.0013580 secs] [Times: user=0.01 sys=0.00, real=0.00 secs] 
200.077: Total time for which application threads were stopped: 0.0015560 seconds, Stopping threads took: 0.0001380 seconds
200.082: Application time: 0.0048170 seconds
200.082: [GC200.082: [ParNew: 17310K->17310K(18432K), 0.0000110 secs]200.082: [Tenured: 25828K->24407K(40960K), 0.0062520 secs] 43139K->24407K(59392K), [Perm : 6106K->6106K(21248K)], 0.0063090 secs] [Times: user=0.01 sys=0.00, real=0.00 secs] 
200.089: Total time for which application threads were stopped: 0.0070360 seconds, Stopping threads took: 0.0006510 seconds
200.093: Application time: 0.0037880 seconds
200.093: [GC200.093: [ParNew: 15698K->1435K(18432K), 0.0017190 secs] 40106K->29405K(59392K), 0.0017540 secs] [Times: user=0.01 sys=0.00, real=0.01 secs] 
200.095: Total time for which application threads were stopped: 0.0020050 seconds, Stopping threads took: 0.0001900 seconds
200.098: Application time: 0.0035190 seconds
200.099: [GC200.099: [ParNew: 17122K->17122K(18432K), 0.0000100 secs]200.099: [Tenured: 27970K->27250K(40960K), 0.0091620 secs] 45092K->27250K(59392K), [Perm : 6106K->6106K(21248K)], 0.0092200 secs] [Times: user=0.01 sys=0.00, real=0.01 secs] 
200.108: Total time for which application threads were stopped: 0.0096960 seconds, Stopping threads took: 0.0004090 seconds
200.111: Application time: 0.0033860 seconds
200.112: [GC200.112: [ParNew: 15681K->15681K(18432K), 0.0000100 secs]200.112: [Tenured: 27250K->26508K(40960K), 0.0112200 secs] 42931K->26508K(59392K), [Perm : 6106K->6106K(21248K)], 0.0112810 secs] [Times: user=0.01 sys=0.00, real=0.02 secs] 
200.123: Total time for which application threads were stopped: 0.0121470 seconds, Stopping threads took: 0.0007960 seconds
200.127: Application time: 0.0037870 seconds
200.128: [GC200.128: [ParNew: 15687K->15687K(18432K), 0.0000110 secs]200.128: [Tenured: 26508K->26509K(40960K), 0.0068890 secs] 42195K->26509K(59392K), [Perm : 6106K->6106K(21248K)], 0.0069470 secs] [Times: user=0.01 sys=0.00, real=0.01 secs] 
200.135: Total time for which application threads were stopped: 0.0081760 seconds, Stopping threads took: 0.0011410 seconds
200.139: Application time: 0.0035090 seconds
200.139: [GC200.139: [ParNew: 15683K->15683K(18432K), 0.0000110 secs]200.139: [Tenured: 26509K->23658K(40960K), 0.0101460 secs] 42192K->23658K(59392K), [Perm : 6106K->6106K(21248K)], 0.0102070 secs] [Times: user=0.01 sys=0.00, real=0.01 secs] 
200.149: Total time for which application threads were stopped: 0.0105420 seconds, Stopping threads took: 0.0002420 seconds
200.153: Application time: 0.0038760 seconds
200.153: [GC200.153: [ParNew: 15685K->1427K(18432K), 0.0023560 secs] 39343K->30072K(59392K), 0.0024000 secs] [Times: user=0.01 sys=0.00, real=0.01 secs] 
200.156: Total time for which application threads were stopped: 0.0025680 seconds, Stopping threads took: 0.0001020 seconds
200.160: Application time: 0.0043910 seconds
200.161: [GC200.161: [ParNew: 17121K->17121K(18432K), 0.0000100 secs]200.161: [Tenured: 28645K->24370K(40960K), 0.0098830 secs] 45767K->24370K(59392K), [Perm : 6106K->6106K(21248K)], 0.0099430 secs] [Times: user=0.01 sys=0.00, real=0.01 secs] 
200.171: Total time for which application threads were stopped: 0.0109000 seconds, Stopping threads took: 0.0008680 seconds
200.174: Application time: 0.0032340 seconds
200.175: [GC200.175: [ParNew: 15682K->1425K(18432K), 0.0011390 secs] 40052K->27933K(59392K), 0.0011740 secs] [Times: user=0.00 sys=0.00, real=0.00 secs] 
200.176: Total time for which application threads were stopped: 0.0014240 seconds, Stopping threads took: 0.0001920 seconds
200.180: Application time: 0.0038550 seconds
200.180: [GC200.180: [ParNew: 17107K->17107K(18432K), 0.0000100 secs]200.180: [Tenured: 26508K->24370K(40960K), 0.0066080 secs] 43615K->24370K(59392K), [Perm : 6106K->6106K(21248K)], 0.0066640 secs] [Times: user=0.00 sys=0.00, real=0.01 secs] 
200.187: Total time for which application threads were stopped: 0.0072610 seconds, Stopping threads took: 0.0005310 seconds
200.191: Application time: 0.0043360 seconds
200.192: [GC200.192: [ParNew: 15683K->1425K(18432K), 0.0007650 secs] 40053K->25796K(59392K), 0.0007990 secs] [Times: user=0.00 sys=0.00, real=0.00 secs] 
200.192: Total time for which application threads were stopped: 0.0012390 seconds, Stopping threads took: 0.0003810 seconds
200.196: Application time: 0.0038430 seconds
200.197: [GC200.197: [ParNew: 17118K->1435K(18432K), 0.0024450 secs] 41489K->32219K(59392K), 0.0024840 secs] [Times: user=0.02 sys=0.00, real=0.00 secs] 
200.199: Total time for which application threads were stopped: 0.0030660 seconds, Stopping threads took: 0.0005120 seconds
200.203: Application time: 0.0036900 seconds
200.203: [GC200.203: [ParNew: 17125K->17125K(18432K), 0.0000110 secs]200.203: [Tenured: 30783K->25796K(40960K), 0.0101280 secs] 47909K->25796K(59392K), [Perm : 6106K->6106K(21248K)], 0.0101900 secs] [Times: user=0.01 sys=0.00, real=0.00 secs] 
200.214: Total time for which application threads were stopped: 0.0104650 seconds, Stopping threads took: 0.0002000 seconds
200.218: Application time: 0.0041750 seconds
200.218: [GC200.218: [ParNew: 15684K->15684K(18432K), 0.0000100 secs]200.218: [Tenured: 25796K->25796K(40960K), 0.0071200 secs] 41480K->25796K(59392K), [Perm : 6106K->6106K(21248K)], 0.0071750 secs] [Times: user=0.01 sys=0.00, real=0.01 secs] 
200.225: Total time for which application threads were stopped: 0.0073960 seconds, Stopping threads took: 0.0001530 seconds
200.229: Application time: 0.0037730 seconds
200.229: [GC200.229: [ParNew: 15690K->15690K(18432K), 0.0000110 secs]200.229: [Tenured: 25796K->26509K(40960K), 0.0080480 secs] 41486K->26509K(59392K), [Perm : 6106K->6106K(21248K)], 0.0081060 secs] [Times: user=0.01 sys=0.00, real=0.01 secs] 
200.237: Total time for which application threads were stopped: 0.0083520 seconds, Stopping threads took: 0.0001780 seconds
200.241: Application time: 0.0036540 seconds
200.242: [GC200.242: [ParNew: 15683K->15683K(18432K), 0.0000100 secs]200.242: [Tenured: 26509K->25796K(40960K), 0.0085440 secs] 42193K->25796K(59392K), [Perm : 6106K->6106K(21248K)], 0.0086030 secs] [Times: user=0.01 sys=0.00, real=0.01 secs] 
200.250: Total time for which application threads were stopped: 0.0093940 seconds, Stopping threads took: 0.0007190 seconds
200.254: Application time: 0.0039180 seconds
200.255: [GC200.255: [ParNew: 15683K->15683K(18432K), 0.0000110 secs]200.255: [Tenured: 25796K->25796K(40960K), 0.0078200 secs] 41480K->25796K(59392K), [Perm : 6106K->6106K(21248K)], 0.0078740 secs] [Times: user=0.01 sys=0.00, real=0.01 secs] 
200.263: Total time for which application threads were stopped: 0.0083770 seconds, Stopping threads took: 0.0004180 seconds
200.267: Application time: 0.0042910 seconds
200.267: [GC200.267: [ParNew: 15683K->1425K(18432K), 0.0009970 secs] 41479K->27934K(59392K), 0.0010310 secs] [Times: user=0.01 sys=0.00, real=0.00 secs] 
200.268: Total time for which application threads were stopped: 0.0013220 seconds, Stopping threads took: 0.0002120 seconds
200.272: Application time: 0.0036470 seconds
200.273: [GC200.273: [ParNew: 17108K->1429K(18432K), 0.0008900 secs] 43617K->29363K(59392K), 0.0009210 secs] [Times: user=0.01 sys=0.00, real=0.00 secs] 
200.274: Total time for which application threads were stopped: 0.0018120 seconds, Stopping threads took: 0.0008270 seconds
200.277: Application time: 0.0035770 seconds
200.278: [GC200.278: [ParNew: 17128K->1439K(18432K), 0.0023030 secs] 45062K->35073K(59392K), 0.0023420 secs] [Times: user=0.01 sys=0.00, real=0.00 secs] 
200.280: Total time for which application threads were stopped: 0.0027110 seconds, Stopping threads took: 0.0003040 seconds
200.284: Application time: 0.0036440 seconds
200.284: [GC200.284: [ParNew: 17129K->17129K(18432K), 0.0000100 secs]200.284: [Tenured: 33634K->25795K(40960K), 0.0093540 secs] 50763K->25795K(59392K), [Perm : 6106K->6106K(21248K)], 0.0094120 secs] [Times: user=0.01 sys=0.00, real=0.00 secs] 
200.293: Total time for which application threads were stopped: 0.0095810 seconds, Stopping threads took: 0.0001000 seconds
200.297: Application time: 0.0039860 seconds
200.297: [GC200.297: [ParNew: 15678K->712K(18432K), 0.0004450 secs] 41474K->26508K(59392K), 0.0004750 secs] [Times: user=0.01 sys=0.00, real=0.00 secs] 
200.298: Total time for which application threads were stopped: 0.0006620 seconds, Stopping threads took: 0.0001290 seconds
200.325: Application time: 0.0269640 seconds
200.325: [GC200.325: [ParNew: 16436K->1467K(18432K), 0.0020300 secs] 42232K->32250K(59392K), 0.0020600 secs] [Times: user=0.02 sys=0.00, real=0.00 secs] 
200.327: Total time for which application threads were stopped: 0.0022040 seconds, Stopping threads took: 0.0000790 seconds
200.334: Application time: 0.0071300 seconds
200.335: [GC200.335: [ParNew: 17148K->17148K(18432K), 0.0000090 secs]200.335: [Tenured: 30783K->23687K(40960K), 0.0091600 secs] 47932K->23687K(59392K), [Perm : 6106K->6106K(21248K)], 0.0092170 secs] [Times: user=0.01 sys=0.00, real=0.01 secs] 
200.344: Total time for which application threads were stopped: 0.0097940 seconds, Stopping threads took: 0.0005100 seconds
200.351: Application time: 0.0066290 seconds
200.351: [GC200.351: [ParNew: 15685K->1435K(18432K), 0.0014770 secs] 39372K->27259K(59392K), 0.0015100 secs] [Times: user=0.01 sys=0.00, real=0.00 secs] 
200.352: Total time for which application threads were stopped: 0.0016550 seconds, Stopping threads took: 0.0000840 seconds
200.357: Application time: 0.0045340 seconds
200.357: [GC200.357: [ParNew: 17112K->714K(18432K), 0.0008220 secs] 42937K->27283K(59392K), 0.0008560 secs] [Times: user=0.01 sys=0.00, real=0.00 secs] 
200.358: Total time for which application threads were stopped: 0.0010200 seconds, Stopping threads took: 0.0000950 seconds
200.366: Application time: 0.0083750 seconds
200.366: [GC200.366: [ParNew: 16400K->1439K(18432K), 0.0007030 secs] 42969K->28008K(59392K), 0.0007340 secs] [Times: user=0.01 sys=0.00, real=0.00 secs] 
200.367: Total time for which application threads were stopped: 0.0009290 seconds, Stopping threads took: 0.0001360 seconds
200.374: Application time: 0.0070500 seconds
200.374: [GC200.374: [ParNew: 17118K->712K(18432K), 0.0006220 secs] 43688K->28050K(59392K), 0.0006520 secs] [Times: user=0.00 sys=0.00, real=0.00 secs] 
200.375: Total time for which application threads were stopped: 0.0008030 seconds, Stopping threads took: 0.0000980 seconds
200.381: Application time: 0.0060880 seconds
200.381: [GC200.381: [ParNew: 16403K->1431K(18432K), 0.0013260 secs] 43741K->31619K(59392K), 0.0013590 secs] [Times: user=0.01 sys=0.00, real=0.01 secs] 
200.383: Total time for which application threads were stopped: 0.0014990 seconds, Stopping threads took: 0.0000820 seconds
200.387: Application time: 0.0040670 seconds
200.387: [GC200.387: [ParNew: 17112K->1427K(18432K), 0.0017850 secs] 47300K->35193K(59392K), 0.0018230 secs] [Times: user=0.01 sys=0.00, real=0.00 secs] 
200.389: Total time for which application threads were stopped: 0.0019840 seconds, Stopping threads took: 0.0000970 seconds
200.392: Application time: 0.0038360 seconds
200.393: [GC200.393: [ParNew: 17105K->17105K(18432K), 0.0000110 secs]200.393: [Tenured: 33766K->26508K(40960K), 0.0116790 secs] 50872K->26508K(59392K), [Perm : 6106K->6106K(21248K)], 0.0117370 secs] [Times: user=0.01 sys=0.00, real=0.02 secs] 
200.404: Total time for which application threads were stopped: 0.0118930 seconds, Stopping threads took: 0.0000870 seconds
200.444: Application time: 0.0393180 seconds
200.444: [GC200.444: [ParNew: 15714K->1502K(18432K), 0.0022970 secs] 42223K->34423K(59392K), 0.0023340 secs] [Times: user=0.02 sys=0.00, real=0.00 secs] 
200.446: Total time for which application threads were stopped: 0.0025030 seconds, Stopping threads took: 0.0001090 seconds
200.451: Application time: 0.0051800 seconds
200.452: [GC200.452: [ParNew: 17227K->17227K(18432K), 0.0000110 secs]200.452: [Tenured: 32920K->23714K(40960K), 0.0113700 secs] 50148K->23714K(59392K), [Perm : 6106K->6106K(21248K)], 0.0114310 secs] [Times: user=0.01 sys=0.00, real=0.02 secs] 
200.463: Total time for which application threads were stopped: 0.0120280 seconds, Stopping threads took: 0.0005250 seconds
200.469: Application time: 0.0053150 seconds
200.470: [GC200.470: [ParNew: 15679K->1425K(18432K), 0.0008150 secs] 39394K->25852K(59392K), 0.0008510 secs] [Times: user=0.01 sys=0.00, real=0.00 secs] 
200.471: Total time for which application threads were stopped: 0.0018680 seconds, Stopping threads took: 0.0009550 seconds
200.476: Application time: 0.0053240 seconds
200.476: [GC200.476: [ParNew: 17110K->1433K(18432K), 0.0007270 secs] 41537K->26572K(59392K), 0.0007610 secs] [Times: user=0.01 sys=0.00, real=0.00 secs] 
200.477: Total time for which application threads were stopped: 0.0009650 seconds, Stopping threads took: 0.0001340 seconds
200.481: Application time: 0.0042080 seconds
200.481: [GC200.481: [ParNew: 17118K->1435K(18432K), 0.0006180 secs] 42258K->26598K(59392K), 0.0006520 secs] [Times: user=0.00 sys=0.00, real=0.01 secs] 
200.482: Total time for which application threads were stopped: 0.0010070 seconds, Stopping threads took: 0.0002940 seconds
200.486: Application time: 0.0040880 seconds
200.486: [GC200.486: [ParNew: 17116K->1425K(18432K), 0.0013110 secs] 42280K->29470K(59392K), 0.0013460 secs] [Times: user=0.00 sys=0.00, real=0.00 secs] 
200.488: Total time for which application threads were stopped: 0.0015600 seconds, Stopping threads took: 0.0001520 seconds
200.492: Application time: 0.0044490 seconds
200.493: [GC200.493: [ParNew: 17104K->1429K(18432K), 0.0010040 secs] 45150K->30899K(59392K), 0.0010350 secs] [Times: user=0.01 sys=0.00, real=0.00 secs] 
200.494: Total time for which application threads were stopped: 0.0013970 seconds, Stopping threads took: 0.0003030 seconds
200.498: Application time: 0.0047390 seconds
200.499: [GC200.499: [ParNew: 17114K->1435K(18432K), 0.0008680 secs] 46585K->31618K(59392K), 0.0009000 secs] [Times: user=0.00 sys=0.00, real=0.00 secs] 
200.500: Total time for which application threads were stopped: 0.0011770 seconds, Stopping threads took: 0.0002180 seconds
200.504: Application time: 0.0040650 seconds
200.504: [GC200.504: [ParNew: 17131K->1433K(18432K), 0.0033000 secs] 47314K->41607K(59392K), 0.0033370 secs] [Times: user=0.02 sys=0.00, real=0.00 secs] 
200.508: Total time for which application threads were stopped: 0.0041120 seconds, Stopping threads took: 0.0007140 seconds
200.512: Application time: 0.0043610 seconds
200.513: [GC200.513: [ParNew: 17115K->17115K(18432K), 0.0000110 secs]200.513: [Tenured: 40174K->24427K(40960K), 0.0110540 secs] 57290K->24427K(59392K), [Perm : 6106K->6106K(21248K)], 0.0111150 secs] [Times: user=0.01 sys=0.00, real=0.02 secs] 
200.524: Total time for which application threads were stopped: 0.0121150 seconds, Stopping threads took: 0.0009280 seconds
200.529: Application time: 0.0048530 seconds
200.529: [GC200.529: [ParNew: 15681K->1425K(18432K), 0.0005100 secs] 40108K->25852K(59392K), 0.0005420 secs] [Times: user=0.00 sys=0.00, real=0.00 secs] 
200.530: Total time for which application threads were stopped: 0.0009750 seconds, Stopping threads took: 0.0003750 seconds
200.535: Application time: 0.0049560 seconds
200.535: [GC200.535: [ParNew: 17107K->1425K(18432K), 0.0010500 secs] 41534K->27278K(59392K), 0.0010830 secs] [Times: user=0.01 sys=0.00, real=0.00 secs] 
200.536: Total time for which application threads were stopped: 0.0012840 seconds, Stopping threads took: 0.0001220 seconds
200.543: Application time: 0.0070780 seconds
200.543: [GC200.543: [ParNew: 17112K->1435K(18432K), 0.0006450 secs] 42965K->27288K(59392K), 0.0006770 secs] [Times: user=0.00 sys=0.00, real=0.00 secs] 
200.544: Total time for which application threads were stopped: 0.0008150 seconds, Stopping threads took: 0.0000790 seconds
200.548: Application time: 0.0039090 seconds
200.548: [GC200.548: [ParNew: 17124K->1431K(18432K), 0.0011760 secs] 42977K->28741K(59392K), 0.0012070 secs] [Times: user=0.00 sys=0.00, real=0.00 secs] 
200.550: Total time for which application threads were stopped: 0.0014900 seconds, Stopping threads took: 0.0002240 seconds
200.554: Application time: 0.0040480 seconds
200.554: [GC200.554: [ParNew: 17113K->1425K(18432K), 0.0005620 secs] 44423K->28775K(59392K), 0.0005900 secs] [Times: user=0.00 sys=0.00, real=0.01 secs] 
200.554: Total time for which application threads were stopped: 0.0008700 seconds, Stopping threads took: 0.0002230 seconds
200.558: Application time: 0.0038360 seconds
200.558: [GC200.558: [ParNew: 17106K->1425K(18432K), 0.0010850 secs] 44456K->30200K(59392K), 0.0011120 secs] [Times: user=0.01 sys=0.00, real=0.00 secs] 
200.560: Total time for which application threads were stopped: 0.0013070 seconds, Stopping threads took: 0.0001180 seconds
200.564: Application time: 0.0043850 seconds
200.564: [GC200.564: [ParNew: 17105K->1429K(18432K), 0.0006670 secs] 45880K->30204K(59392K), 0.0007050 secs] [Times: user=0.01 sys=0.00, real=0.00 secs] 
200.565: Total time for which application threads were stopped: 0.0008700 seconds, Stopping threads took: 0.0000970 seconds
200.603: Application time: 0.0379680 seconds
200.603: [GC200.603: [ParNew: 17807K->1474K(18432K), 0.0032690 secs] 46582K->40224K(59392K), 0.0033100 secs] [Times: user=0.02 sys=0.00, real=0.00 secs] 
200.606: Total time for which application threads were stopped: 0.0034670 seconds, Stopping threads took: 0.0000940 seconds
200.615: Application time: 0.0084360 seconds
200.615: [GC200.615: [ParNew: 17230K->17230K(18432K), 0.0000110 secs]200.615: [Tenured: 38750K->23001K(40960K), 0.0101890 secs] 55981K->23001K(59392K), [Perm : 6106K->6106K(21248K)], 0.0102500 secs] [Times: user=0.01 sys=0.00, real=0.01 secs] 
200.625: Total time for which application threads were stopped: 0.0104240 seconds, Stopping threads took: 0.0001030 seconds
200.634: Application time: 0.0084440 seconds
200.634: [GC200.634: [ParNew: 15683K->1435K(18432K), 0.0005340 secs] 38685K->24437K(59392K), 0.0005640 secs] [Times: user=0.00 sys=0.00, real=0.01 secs] 
200.634: Total time for which application threads were stopped: 0.0007920 seconds, Stopping threads took: 0.0001730 seconds
200.638: Application time: 0.0040700 seconds
200.639: [GC200.639: [ParNew: 17112K->712K(18432K), 0.0007530 secs] 40114K->24458K(59392K), 0.0007820 secs] [Times: user=0.00 sys=0.00, real=0.00 secs] 
200.639: Total time for which application threads were stopped: 0.0009490 seconds, Stopping threads took: 0.0001120 seconds
200.646: Application time: 0.0067060 seconds
200.646: [GC200.646: [ParNew: 16398K->1437K(18432K), 0.0007840 secs] 40144K->25896K(59392K), 0.0008130 secs] [Times: user=0.01 sys=0.00, real=0.00 secs] 
200.647: Total time for which application threads were stopped: 0.0009620 seconds, Stopping threads took: 0.0000950 seconds
200.655: Application time: 0.0074480 seconds
200.655: [GC200.655: [ParNew: 17116K->714K(18432K), 0.0004750 secs] 41575K->25221K(59392K), 0.0005010 secs] [Times: user=0.00 sys=0.00, real=0.00 secs] 
200.655: Total time for which application threads were stopped: 0.0006410 seconds, Stopping threads took: 0.0000870 seconds
200.661: Application time: 0.0058950 seconds
200.661: [GC200.661: [ParNew: 16403K->1433K(18432K), 0.0011740 secs] 40910K->28077K(59392K), 0.0012050 secs] [Times: user=0.01 sys=0.00, real=0.01 secs] 
200.662: Total time for which application threads were stopped: 0.0013630 seconds, Stopping threads took: 0.0001030 seconds
200.666: Application time: 0.0035900 seconds
200.666: [GC200.666: [ParNew: 17115K->1425K(18432K), 0.0014570 secs] 43760K->30951K(59392K), 0.0014910 secs] [Times: user=0.01 sys=0.00, real=0.00 secs] 
200.668: Total time for which application threads were stopped: 0.0016510 seconds, Stopping threads took: 0.0000980 seconds
200.671: Application time: 0.0037590 seconds
200.672: [GC200.672: [ParNew: 17103K->714K(18432K), 0.0007500 secs] 46630K->30953K(59392K), 0.0007760 secs] [Times: user=0.00 sys=0.00, real=0.00 secs] 
200.672: Total time for which application threads were stopped: 0.0009330 seconds, Stopping threads took: 0.0001030 seconds
200.704: Application time: 0.0313920 seconds
200.704: [GC200.704: [ParNew: 16416K->1437K(18432K), 0.0035230 secs] 46656K->42364K(59392K), 0.0035650 secs] [Times: user=0.03 sys=0.00, real=0.00 secs] 
200.707: Total time for which application threads were stopped: 0.0037010 seconds, Stopping threads took: 0.0000710 seconds
200.786: Application time: 0.0780170 seconds
200.786: [GC200.786: [ParNew: 17128K->17128K(18432K), 0.0000100 secs]200.786: [Tenured: 40927K->24370K(40960K), 0.0112220 secs] 58055K->24370K(59392K), [Perm : 6106K->6106K(21248K)], 0.0112820 secs] [Times: user=0.01 sys=0.00, real=0.01 secs] 
200.797: Total time for which application threads were stopped: 0.0114310 seconds, Stopping threads took: 0.0000800 seconds
200.873: Application time: 0.0758110 seconds
200.873: [GC200.873: [ParNew: 15691K->1425K(18432K), 0.0045450 secs] 40061K->40045K(59392K), 0.0045960 secs] [Times: user=0.04 sys=0.00, real=0.01 secs] 
200.878: Total time for which application threads were stopped: 0.0047670 seconds, Stopping threads took: 0.0001070 seconds
200.933: Application time: 0.0555460 seconds
200.933: [GC200.933: [ParNew: 17116K->17116K(18432K), 0.0000090 secs]200.933: [Tenured: 38620K->25795K(40960K), 0.0091260 secs] 55737K->25795K(59392K), [Perm : 6106K->6106K(21248K)], 0.0091820 secs] [Times: user=0.01 sys=0.00, real=0.02 secs] 
200.942: Total time for which application threads were stopped: 0.0093300 seconds, Stopping threads took: 0.0000810 seconds
201.017: Application time: 0.0742440 seconds
201.017: [GC201.017: [ParNew: 15691K->1427K(18432K), 0.0043640 secs] 41486K->40760K(59392K), 0.0044050 secs] [Times: user=0.03 sys=0.00, real=0.00 secs] 
201.021: Total time for which application threads were stopped: 0.0045630 seconds, Stopping threads took: 0.0000950 seconds
201.092: Application time: 0.0710270 seconds
201.092: [GC201.092: [ParNew: 17118K->17118K(18432K), 0.0000100 secs]201.092: [Tenured: 39333K->25082K(40960K), 0.0088930 secs] 56451K->25082K(59392K), [Perm : 6106K->6106K(21248K)], 0.0089510 secs] [Times: user=0.01 sys=0.00, real=0.01 secs] 
201.101: Total time for which application threads were stopped: 0.0091760 seconds, Stopping threads took: 0.0001280 seconds
201.173: Application time: 0.0717150 seconds
201.173: [GC201.173: [ParNew: 15689K->1425K(18432K), 0.0042000 secs] 40772K->39333K(59392K), 0.0042380 secs] [Times: user=0.03 sys=0.00, real=0.01 secs] 
201.178: Total time for which application threads were stopped: 0.0044010 seconds, Stopping threads took: 0.0001010 seconds
201.252: Application time: 0.0745460 seconds
201.252: [GC201.252: [ParNew: 17116K->17116K(18432K), 0.0000100 secs]201.252: [Tenured: 37908K->25082K(40960K), 0.0090510 secs] 55024K->25082K(59392K), [Perm : 6106K->6106K(21248K)], 0.0091110 secs] [Times: user=0.01 sys=0.00, real=0.01 secs] 
201.261: Total time for which application threads were stopped: 0.0092940 seconds, Stopping threads took: 0.0001130 seconds
201.336: Application time: 0.0743940 seconds
201.336: [GC201.336: [ParNew: 15697K->1435K(18432K), 0.0045350 secs] 40780K->40768K(59392K), 0.0045790 secs] [Times: user=0.04 sys=0.00, real=0.00 secs] 
201.341: Total time for which application threads were stopped: 0.0047740 seconds, Stopping threads took: 0.0001290 seconds
201.408: Application time: 0.0672670 seconds
201.408: [GC201.408: [ParNew: 17145K->17145K(18432K), 0.0000100 secs]201.408: [Tenured: 39333K->25795K(40960K), 0.0109490 secs] 56478K->25795K(59392K), [Perm : 6106K->6106K(21248K)], 0.0110070 secs] [Times: user=0.01 sys=0.00, real=0.01 secs] 
201.419: Total time for which application threads were stopped: 0.0111520 seconds, Stopping threads took: 0.0000760 seconds
201.491: Application time: 0.0718620 seconds
201.491: [GC201.491: [ParNew: 15691K->15691K(18432K), 0.0000110 secs]201.491: [Tenured: 25795K->27932K(40960K), 0.0103870 secs] 41486K->27932K(59392K), [Perm : 6106K->6106K(21248K)], 0.0104460 secs] [Times: user=0.01 sys=0.00, real=0.01 secs] 
201.502: Total time for which application threads were stopped: 0.0107260 seconds, Stopping threads took: 0.0002120 seconds
201.576: Application time: 0.0739860 seconds
201.576: [GC201.576: [ParNew: 15691K->15691K(18432K), 0.0000100 secs]201.576: [Tenured: 27932K->27220K(40960K), 0.0091620 secs] 43624K->27220K(59392K), [Perm : 6106K->6106K(21248K)], 0.0092220 secs] [Times: user=0.00 sys=0.00, real=0.01 secs] 
201.585: Total time for which application threads were stopped: 0.0094050 seconds, Stopping threads took: 0.0001160 seconds
201.646: Application time: 0.0607020 seconds
201.646: [GC201.646: [ParNew: 15704K->15704K(18432K), 0.0000100 secs]201.646: [Tenured: 27220K->29359K(40960K), 0.0100250 secs] 42924K->29359K(59392K), [Perm : 6106K->6106K(21248K)], 0.0100850 secs] [Times: user=0.01 sys=0.00, real=0.01 secs] 
201.656: Total time for which application threads were stopped: 0.0103820 seconds, Stopping threads took: 0.0002070 seconds
201.721: Application time: 0.0644910 seconds
201.721: [GC201.721: [ParNew: 15704K->15704K(18432K), 0.0000110 secs]201.721: [Tenured: 29359K->27932K(40960K), 0.0118380 secs] 45064K->27932K(59392K), [Perm : 6106K->6106K(21248K)], 0.0119100 secs] [Times: user=0.01 sys=0.00, real=0.01 secs] 
201.733: Total time for which application threads were stopped: 0.0120430 seconds, Stopping threads took: 0.0000610 seconds
201.802: Application time: 0.0698590 seconds
201.803: [GC201.803: [ParNew: 15689K->15689K(18432K), 0.0000100 secs]201.803: [Tenured: 27932K->29357K(40960K), 0.0101540 secs] 43622K->29357K(59392K), [Perm : 6106K->6106K(21248K)], 0.0102160 secs] [Times: user=0.01 sys=0.00, real=0.00 secs] 
201.813: Total time for which application threads were stopped: 0.0103500 seconds, Stopping threads took: 0.0000620 seconds
201.875: Application time: 0.0622520 seconds
201.875: [GC201.875: [ParNew: 15689K->15689K(18432K), 0.0000120 secs]201.875: [Tenured: 29357K->29357K(40960K), 0.0103800 secs] 45047K->29357K(59392K), [Perm : 6106K->6106K(21248K)], 0.0104420 secs] [Times: user=0.01 sys=0.00, real=0.01 secs] 
201.886: Total time for which application threads were stopped: 0.0106500 seconds, Stopping threads took: 0.0001390 seconds
201.949: Application time: 0.0635810 seconds
201.949: [GC201.949: [ParNew: 15689K->15689K(18432K), 0.0000100 secs]201.949: [Tenured: 29357K->29357K(40960K), 0.0099930 secs] 45047K->29357K(59392K), [Perm : 6106K->6106K(21248K)], 0.0100530 secs] [Times: user=0.01 sys=0.00, real=0.01 secs] 
201.959: Total time for which application threads were stopped: 0.0101860 seconds, Stopping threads took: 0.0000630 seconds
202.031: Application time: 0.0711150 seconds
202.031: [GC202.031: [ParNew: 15689K->15689K(18432K), 0.0000100 secs]202.031: [Tenured: 29357K->28645K(40960K), 0.0090630 secs] 45047K->28645K(59392K), [Perm : 6106K->6106K(21248K)], 0.0091200 secs] [Times: user=0.01 sys=0.00, real=0.01 secs] 
202.040: Total time for which application threads were stopped: 0.0092720 seconds, Stopping threads took: 0.0000770 seconds
202.115: Application time: 0.0746320 seconds
202.115: [GC202.115: [ParNew: 15687K->15687K(18432K), 0.0000100 secs]202.115: [Tenured: 28645K->29357K(40960K), 0.0092060 secs] 44333K->29357K(59392K), [Perm : 6106K->6106K(21248K)], 0.0092640 secs] [Times: user=0.01 sys=0.00, real=0.01 secs] 
202.124: Total time for which application threads were stopped: 0.0093960 seconds, Stopping threads took: 0.0000630 seconds
202.198: Application time: 0.0738930 seconds
202.198: [GC202.198: [ParNew: 15689K->15689K(18432K), 0.0000100 secs]202.198: [Tenured: 29357K->28645K(40960K), 0.0091140 secs] 45047K->28645K(59392K), [Perm : 6106K->6106K(21248K)], 0.0091730 secs] [Times: user=0.01 sys=0.00, real=0.01 secs] 
202.207: Total time for which application threads were stopped: 0.0093100 seconds, Stopping threads took: 0.0000600 seconds
202.277: Application time: 0.0700410 seconds
202.277: [GC202.277: [ParNew: 15691K->15691K(18432K), 0.0000090 secs]202.277: [Tenured: 28645K->28645K(40960K), 0.0091730 secs] 44337K->28645K(59392K), [Perm : 6106K->6106K(21248K)], 0.0092300 secs] [Times: user=0.01 sys=0.00, real=0.01 secs] 
202.287: Total time for which application threads were stopped: 0.0093550 seconds, Stopping threads took: 0.0000610 seconds
202.326: Application time: 0.0395980 seconds
202.326: [GC202.326: [ParNew: 15691K->15691K(18432K), 0.0000100 secs]202.326: [Tenured: 28645K->28645K(40960K), 0.0098650 secs] 44337K->28645K(59392K), [Perm : 6106K->6106K(21248K)], 0.0099230 secs] [Times: user=0.01 sys=0.00, real=0.01 secs] 
202.336: Total time for which application threads were stopped: 0.0100640 seconds, Stopping threads took: 0.0000740 seconds
202.399: Application time: 0.0624370 seconds
202.399: [GC202.399: [ParNew: 15698K->15698K(18432K), 0.0000130 secs]202.400: [Tenured: 28645K->29359K(40960K), 0.0093220 secs] 44343K->29359K(59392K), [Perm : 6106K->6106K(21248K)], 0.0108190 secs] [Times: user=0.01 sys=0.00, real=0.01 secs] 
202.410: Total time for which application threads were stopped: 0.0109900 seconds, Stopping threads took: 0.0000930 seconds
202.471: Application time: 0.0613560 seconds
202.471: [GC202.471: [ParNew: 15705K->15705K(18432K), 0.0000100 secs]202.471: [Tenured: 29359K->25795K(40960K), 0.0114590 secs] 45064K->25795K(59392K), [Perm : 6106K->6106K(21248K)], 0.0115190 secs] [Times: user=0.02 sys=0.00, real=0.02 secs] 
202.483: Total time for which application threads were stopped: 0.0116550 seconds, Stopping threads took: 0.0000630 seconds
202.544: Application time: 0.0617370 seconds
202.545: [GC202.545: [ParNew: 15696K->15696K(18432K), 0.0000100 secs]202.545: [Tenured: 25795K->27221K(40960K), 0.0095590 secs] 41491K->27221K(59392K), [Perm : 6106K->6106K(21248K)], 0.0096160 secs] [Times: user=0.01 sys=0.00, real=0.01 secs] 
202.554: Total time for which application threads were stopped: 0.0098600 seconds, Stopping threads took: 0.0001670 seconds
202.594: Application time: 0.0395290 seconds
202.594: [GC202.594: [ParNew: 15687K->15687K(18432K), 0.0000110 secs]202.594: [Tenured: 27221K->26508K(40960K), 0.0115470 secs] 42909K->26508K(59392K), [Perm : 6106K->6106K(21248K)], 0.0116080 secs] [Times: user=0.02 sys=0.00, real=0.02 secs] 
202.606: Total time for which application threads were stopped: 0.0118230 seconds, Stopping threads took: 0.0001450 seconds
202.668: Application time: 0.0619750 seconds
202.668: [GC202.668: [ParNew: 15705K->15705K(18432K), 0.0000100 secs]202.668: [Tenured: 26508K->24371K(40960K), 0.0107350 secs] 42213K->24371K(59392K), [Perm : 6106K->6106K(21248K)], 0.0107930 secs] [Times: user=0.01 sys=0.00, real=0.01 secs] 
202.678: Total time for which application threads were stopped: 0.0109380 seconds, Stopping threads took: 0.0000730 seconds
202.738: Application time: 0.0593760 seconds
202.738: [GC202.738: [ParNew: 15703K->1437K(18432K), 0.0035680 secs] 40074K->36496K(59392K), 0.0036060 secs] [Times: user=0.02 sys=0.00, real=0.00 secs] 
202.742: Total time for which application threads were stopped: 0.0037490 seconds, Stopping threads took: 0.0000720 seconds
202.803: Application time: 0.0613940 seconds
202.803: [GC202.803: [ParNew: 17125K->17125K(18432K), 0.0000110 secs]202.803: [Tenured: 35059K->25083K(40960K), 0.0110680 secs] 52184K->25083K(59392K), [Perm : 6106K->6106K(21248K)], 0.0111270 secs] [Times: user=0.01 sys=0.00, real=0.01 secs] 
202.814: Total time for which application threads were stopped: 0.0112930 seconds, Stopping threads took: 0.0000970 seconds
202.844: Application time: 0.0292960 seconds
202.844: [GC202.844: [ParNew: 15688K->1425K(18432K), 0.0035230 secs] 40772K->37197K(59392K), 0.0035620 secs] [Times: user=0.03 sys=0.00, real=0.00 secs] 
202.847: Total time for which application threads were stopped: 0.0037140 seconds, Stopping threads took: 0.0000900 seconds
202.905: Application time: 0.0580160 seconds
202.905: [GC202.905: [ParNew: 17113K->17113K(18432K), 0.0000100 secs]202.905: [Tenured: 35772K->25796K(40960K), 0.0101270 secs] 52885K->25796K(59392K), [Perm : 6106K->6106K(21248K)], 0.0101840 secs] [Times: user=0.01 sys=0.00, real=0.01 secs] 
202.916: Total time for which application threads were stopped: 0.0103300 seconds, Stopping threads took: 0.0000780 seconds
202.978: Application time: 0.0618720 seconds
202.978: [GC202.978: [ParNew: 15688K->15688K(18432K), 0.0000100 secs]202.978: [Tenured: 25796K->24371K(40960K), 0.0109210 secs] 41484K->24371K(59392K), [Perm : 6106K->6106K(21248K)], 0.0109850 secs] [Times: user=0.01 sys=0.00, real=0.01 secs] 
202.989: Total time for which application threads were stopped: 0.0111900 seconds, Stopping threads took: 0.0001360 seconds
203.018: Application time: 0.0294850 seconds
203.021: [GC203.021: [ParNew: 15688K->1425K(18432K), 0.0034270 secs] 40059K->35772K(59392K), 0.0034640 secs] [Times: user=0.02 sys=0.00, real=0.01 secs] 
203.025: Total time for which application threads were stopped: 0.0063200 seconds, Stopping threads took: 0.0027930 seconds
203.089: Application time: 0.0646490 seconds
203.089: [GC203.089: [ParNew: 17113K->17113K(18432K), 0.0000110 secs]203.089: [Tenured: 34347K->24371K(40960K), 0.0106570 secs] 51460K->24371K(59392K), [Perm : 6106K->6106K(21248K)], 0.0107240 secs] [Times: user=0.01 sys=0.00, real=0.01 secs] 
203.100: Total time for which application threads were stopped: 0.0110120 seconds, Stopping threads took: 0.0001980 seconds
203.155: Application time: 0.0547200 seconds
203.155: [GC203.155: [ParNew: 15688K->1425K(18432K), 0.0035170 secs] 40060K->35772K(59392K), 0.0035650 secs] [Times: user=0.02 sys=0.00, real=0.00 secs] 
203.159: Total time for which application threads were stopped: 0.0036860 seconds, Stopping threads took: 0.0000590 seconds
203.198: Application time: 0.0392030 seconds
203.198: [GC203.198: [ParNew: 17113K->17113K(18432K), 0.0000100 secs]203.198: [Tenured: 34347K->24371K(40960K), 0.0098540 secs] 51461K->24371K(59392K), [Perm : 6106K->6106K(21248K)], 0.0099130 secs] [Times: user=0.01 sys=0.00, real=0.01 secs] 
203.208: Total time for which application threads were stopped: 0.0100460 seconds, Stopping threads took: 0.0000640 seconds
203.263: Application time: 0.0547710 seconds
203.263: [GC203.263: [ParNew: 15688K->1425K(18432K), 0.0032300 secs] 40060K->35773K(59392K), 0.0032690 secs] [Times: user=0.02 sys=0.01, real=0.00 secs] 
203.266: Total time for which application threads were stopped: 0.0034350 seconds, Stopping threads took: 0.0000930 seconds
203.326: Application time: 0.0603720 seconds
203.327: [GC203.327: [ParNew: 17114K->17114K(18432K), 0.0000110 secs]203.327: [Tenured: 34347K->24372K(40960K), 0.0105340 secs] 51462K->24372K(59392K), [Perm : 6106K->6106K(21248K)], 0.0105950 secs] [Times: user=0.01 sys=0.00, real=0.01 secs] 
203.337: Total time for which application threads were stopped: 0.0107910 seconds, Stopping threads took: 0.0001250 seconds
203.366: Application time: 0.0285090 seconds
203.366: [GC203.366: [ParNew: 15688K->1425K(18432K), 0.0032680 secs] 40060K->35773K(59392K), 0.0033050 secs] [Times: user=0.02 sys=0.00, real=0.00 secs] 
203.369: Total time for which application threads were stopped: 0.0034710 seconds, Stopping threads took: 0.0001030 seconds
203.440: Application time: 0.0710850 seconds
203.440: [GC203.440: [ParNew: 17120K->17120K(18432K), 0.0000100 secs]203.440: [Tenured: 34348K->22946K(40960K), 0.0111140 secs] 51468K->22946K(59392K), [Perm : 6106K->6106K(21248K)], 0.0111730 secs] [Times: user=0.01 sys=0.00, real=0.01 secs] 
203.452: Total time for which application threads were stopped: 0.0113210 seconds, Stopping threads took: 0.0000800 seconds
203.514: Application time: 0.0626510 seconds
203.515: [GC203.515: [ParNew: 15706K->1437K(18432K), 0.0035660 secs] 38653K->35073K(59392K), 0.0036070 secs] [Times: user=0.02 sys=0.00, real=0.00 secs] 
203.518: Total time for which application threads were stopped: 0.0038510 seconds, Stopping threads took: 0.0001790 seconds
203.573: Application time: 0.0551680 seconds
203.573: [GC203.573: [ParNew: 17132K->17132K(18432K), 0.0000110 secs]203.573: [Tenured: 33635K->26512K(40960K), 0.0104840 secs] 50768K->26512K(59392K), [Perm : 6106K->6106K(21248K)], 0.0105420 secs] [Times: user=0.02 sys=0.00, real=0.02 secs] 
203.584: Total time for which application threads were stopped: 0.0106840 seconds, Stopping threads took: 0.0000740 seconds
203.613: Application time: 0.0285280 seconds
203.613: [GC203.613: [ParNew: 15689K->15689K(18432K), 0.0000110 secs]203.613: [Tenured: 26512K->27225K(40960K), 0.0102170 secs] 42201K->27225K(59392K), [Perm : 6106K->6106K(21248K)], 0.0102770 secs] [Times: user=0.01 sys=0.00, real=0.02 secs] 
203.623: Total time for which application threads were stopped: 0.0104960 seconds, Stopping threads took: 0.0001490 seconds
203.696: Application time: 0.0729110 seconds
203.696: [GC203.696: [ParNew: 15701K->15701K(18432K), 0.0000110 secs]203.696: [Tenured: 27225K->27226K(40960K), 0.0107950 secs] 42926K->27226K(59392K), [Perm : 6106K->6106K(21248K)], 0.0108540 secs] [Times: user=0.01 sys=0.00, real=0.01 secs] 
203.707: Total time for which application threads were stopped: 0.0110370 seconds, Stopping threads took: 0.0001120 seconds
203.749: Application time: 0.0416800 seconds
203.749: [GC203.749: [ParNew: 15688K->15688K(18432K), 0.0000110 secs]203.749: [Tenured: 27226K->27935K(40960K), 0.0120570 secs] 42915K->27935K(59392K), [Perm : 6106K->6106K(21248K)], 0.0121240 secs] [Times: user=0.01 sys=0.00, real=0.01 secs] 
203.761: Total time for which application threads were stopped: 0.0122970 seconds, Stopping threads took: 0.0000850 seconds
203.816: Application time: 0.0548480 seconds
203.816: [GC203.816: [ParNew: 15695K->15695K(18432K), 0.0000100 secs]203.816: [Tenured: 27935K->28648K(40960K), 0.0101190 secs] 43630K->28648K(59392K), [Perm : 6106K->6106K(21248K)], 0.0101780 secs] [Times: user=0.01 sys=0.00, real=0.01 secs] 
203.826: Total time for which application threads were stopped: 0.0103220 seconds, Stopping threads took: 0.0000620 seconds
203.843: Application time: 0.0166560 seconds
203.843: [GC203.843: [ParNew: 15717K->15717K(18432K), 0.0000110 secs]203.843: [Tenured: 28648K->27965K(40960K), 0.0100370 secs] 44365K->27965K(59392K), [Perm : 6106K->6106K(21248K)], 0.0100980 secs] [Times: user=0.01 sys=0.00, real=0.00 secs] 
203.853: Total time for which application threads were stopped: 0.0104320 seconds, Stopping threads took: 0.0002620 seconds
203.860: Application time: 0.0067030 seconds
203.860: [GC203.860: [ParNew: 15681K->15681K(18432K), 0.0000100 secs]203.860: [Tenured: 27965K->30102K(40960K), 0.0098980 secs] 43646K->30102K(59392K), [Perm : 6106K->6106K(21248K)], 0.0099590 secs] [Times: user=0.01 sys=0.00, real=0.01 secs] 
203.870: Total time for which application threads were stopped: 0.0102750 seconds, Stopping threads took: 0.0002330 seconds
203.877: Application time: 0.0065320 seconds
203.877: [GC203.877: [ParNew: 15683K->15683K(18432K), 0.0000100 secs]203.877: [Tenured: 30102K->28647K(40960K), 0.0121980 secs] 45786K->28647K(59392K), [Perm : 6106K->6106K(21248K)], 0.0122600 secs] [Times: user=0.02 sys=0.00, real=0.01 secs] 
203.889: Total time for which application threads were stopped: 0.0124950 seconds, Stopping threads took: 0.0001420 seconds
203.894: Application time: 0.0051570 seconds
203.895: [GC203.895: [ParNew: 15677K->15677K(18432K), 0.0000100 secs]203.895: [Tenured: 28647K->27934K(40960K), 0.0059260 secs] 44324K->27934K(59392K), [Perm : 6106K->6106K(21248K)], 0.0059790 secs] [Times: user=0.00 sys=0.00, real=0.00 secs] 
203.901: Total time for which application threads were stopped: 0.0061130 seconds, Stopping threads took: 0.0000650 seconds
203.907: Application time: 0.0060100 seconds
203.907: [GC203.907: [ParNew: 15688K->15688K(18432K), 0.0000100 secs]203.907: [Tenured: 27934K->28647K(40960K), 0.0090910 secs] 43622K->28647K(59392K), [Perm : 6106K->6106K(21248K)], 0.0091490 secs] [Times: user=0.01 sys=0.00, real=0.01 secs] 
203.916: Total time for which application threads were stopped: 0.0092990 seconds, Stopping threads took: 0.0000800 seconds
203.924: Application time: 0.0076870 seconds
203.924: [GC203.924: [ParNew: 15679K->15679K(18432K), 0.0000110 secs]203.924: [Tenured: 28647K->29360K(40960K), 0.0067420 secs] 44327K->29360K(59392K), [Perm : 6106K->6106K(21248K)], 0.0067940 secs] [Times: user=0.01 sys=0.00, real=0.00 secs] 
203.930: Total time for which application threads were stopped: 0.0069620 seconds, Stopping threads took: 0.0001010 seconds
203.936: Application time: 0.0052790 seconds
203.936: [GC203.936: [ParNew: 15687K->15687K(18432K), 0.0000110 secs]203.936: [Tenured: 29360K->29360K(40960K), 0.0079280 secs] 45047K->29360K(59392K), [Perm : 6106K->6106K(21248K)], 0.0079840 secs] [Times: user=0.01 sys=0.00, real=0.01 secs] 
203.944: Total time for which application threads were stopped: 0.0082800 seconds, Stopping threads took: 0.0002090 seconds
203.948: Application time: 0.0041690 seconds
203.948: [GC203.948: [ParNew: 15679K->15679K(18432K), 0.0000100 secs]203.948: [Tenured: 29360K->30073K(40960K), 0.0065880 secs] 45039K->30073K(59392K), [Perm : 6106K->6106K(21248K)], 0.0066420 secs] [Times: user=0.01 sys=0.00, real=0.01 secs] 
203.955: Total time for which application threads were stopped: 0.0067810 seconds, Stopping threads took: 0.0000730 seconds
203.969: Application time: 0.0138490 seconds
203.969: [GC203.969: [ParNew: 15690K->15690K(18432K), 0.0000120 secs]203.969: [Tenured: 30073K->27934K(40960K), 0.0104690 secs] 45764K->27934K(59392K), [Perm : 6106K->6106K(21248K)], 0.0105390 secs] [Times: user=0.01 sys=0.00, real=0.01 secs] 
203.980: Total time for which application threads were stopped: 0.0108340 seconds, Stopping threads took: 0.0002020 seconds
204.044: Application time: 0.0640450 seconds
204.044: [GC204.044: [ParNew: 15690K->15690K(18432K), 0.0000100 secs]204.044: [Tenured: 27934K->28647K(40960K), 0.0096140 secs] 43625K->28647K(59392K), [Perm : 6106K->6106K(21248K)], 0.0096730 secs] [Times: user=0.01 sys=0.00, real=0.00 secs] 
204.054: Total time for which application threads were stopped: 0.0098470 seconds, Stopping threads took: 0.0000870 seconds
204.081: Application time: 0.0273790 seconds
204.081: [GC204.081: [ParNew: 15688K->15688K(18432K), 0.0000110 secs]204.081: [Tenured: 28647K->29359K(40960K), 0.0101810 secs] 44335K->29359K(59392K), [Perm : 6106K->6106K(21248K)], 0.0102440 secs] [Times: user=0.01 sys=0.00, real=0.01 secs] 
204.091: Total time for which application threads were stopped: 0.0104940 seconds, Stopping threads took: 0.0001700 seconds
204.160: Application time: 0.0685030 seconds
204.160: [GC204.160: [ParNew: 15688K->15688K(18432K), 0.0000110 secs]204.160: [Tenured: 29359K->28647K(40960K), 0.0100510 secs] 45048K->28647K(59392K), [Perm : 6106K->6106K(21248K)], 0.0101120 secs] [Times: user=0.01 sys=0.00, real=0.01 secs] 
204.170: Total time for which application threads were stopped: 0.0102630 seconds, Stopping threads took: 0.0000810 seconds
204.224: Application time: 0.0533920 seconds
204.224: [GC204.224: [ParNew: 15690K->15690K(18432K), 0.0000100 secs]204.224: [Tenured: 28647K->28646K(40960K), 0.0098460 secs] 44337K->28646K(59392K), [Perm : 6106K->6106K(21248K)], 0.0099060 secs] [Times: user=0.01 sys=0.00, real=0.00 secs] 
204.234: Total time for which application threads were stopped: 0.0102040 seconds, Stopping threads took: 0.0002280 seconds
204.269: Application time: 0.0347330 seconds
204.269: [GC204.269: [ParNew: 15688K->15688K(18432K), 0.0000110 secs]204.269: [Tenured: 28646K->29359K(40960K), 0.0102470 secs] 44335K->29359K(59392K), [Perm : 6106K->6106K(21248K)], 0.0103090 secs] [Times: user=0.01 sys=0.00, real=0.01 secs] 
204.279: Total time for which application threads were stopped: 0.0104560 seconds, Stopping threads took: 0.0000750 seconds
204.352: Application time: 0.0734610 seconds
204.353: [GC204.353: [ParNew: 15688K->15688K(18432K), 0.0000100 secs]204.353: [Tenured: 29359K->28646K(40960K), 0.0093480 secs] 45047K->28646K(59392K), [Perm : 6106K->6106K(21248K)], 0.0094240 secs] [Times: user=0.00 sys=0.00, real=0.02 secs] 
204.362: Total time for which application threads were stopped: 0.0095960 seconds, Stopping threads took: 0.0000960 seconds
204.417: Application time: 0.0549480 seconds
204.417: [GC204.417: [ParNew: 15690K->15690K(18432K), 0.0000100 secs]204.417: [Tenured: 28646K->28646K(40960K), 0.0097920 secs] 44336K->28646K(59392K), [Perm : 6106K->6106K(21248K)], 0.0098500 secs] [Times: user=0.01 sys=0.00, real=0.01 secs] 
204.427: Total time for which application threads were stopped: 0.0099920 seconds, Stopping threads took: 0.0000720 seconds
204.475: Application time: 0.0478890 seconds
204.475: [GC204.475: [ParNew: 15687K->15687K(18432K), 0.0000100 secs]204.475: [Tenured: 28646K->29359K(40960K), 0.0099680 secs] 44334K->29359K(59392K), [Perm : 6106K->6106K(21248K)], 0.0100320 secs] [Times: user=0.01 sys=0.00, real=0.01 secs] 
204.485: Total time for which application threads were stopped: 0.0102560 seconds, Stopping threads took: 0.0001350 seconds
204.542: Application time: 0.0572440 seconds
204.543: [GC204.543: [ParNew: 15721K->15721K(18432K), 0.0000100 secs]204.543: [Tenured: 29359K->27250K(40960K), 0.0092420 secs] 45080K->27250K(59392K), [Perm : 6106K->6106K(21248K)], 0.0092990 secs] [Times: user=0.01 sys=0.00, real=0.00 secs] 
204.552: Total time for which application threads were stopped: 0.0095280 seconds, Stopping threads took: 0.0001430 seconds
204.559: Application time: 0.0075160 seconds
204.560: [GC204.560: [ParNew: 15679K->15679K(18432K), 0.0000110 secs]204.560: [Tenured: 27250K->26508K(40960K), 0.0110990 secs] 42930K->26508K(59392K), [Perm : 6106K->6106K(21248K)], 0.0111720 secs] [Times: user=0.01 sys=0.00, real=0.01 secs] 
204.572: Total time for which application threads were stopped: 0.0120260 seconds, Stopping threads took: 0.0007800 seconds
204.579: Application time: 0.0072630 seconds
204.579: [GC204.579: [ParNew: 15685K->15685K(18432K), 0.0000110 secs]204.579: [Tenured: 26508K->30072K(40960K), 0.0079990 secs] 42194K->30072K(59392K), [Perm : 6106K->6106K(21248K)], 0.0080560 secs] [Times: user=0.00 sys=0.00, real=0.01 secs] 
204.587: Total time for which application threads were stopped: 0.0082460 seconds, Stopping threads took: 0.0001230 seconds
204.591: Application time: 0.0040860 seconds
204.592: [GC204.592: [ParNew: 15681K->15681K(18432K), 0.0000110 secs]204.592: [Tenured: 30072K->27933K(40960K), 0.0092540 secs] 45753K->27933K(59392K), [Perm : 6106K->6106K(21248K)], 0.0093150 secs] [Times: user=0.01 sys=0.00, real=0.01 secs] 
204.601: Total time for which application threads were stopped: 0.0097450 seconds, Stopping threads took: 0.0003480 seconds
204.608: Application time: 0.0069400 seconds
204.608: [GC204.608: [ParNew: 15687K->15687K(18432K), 0.0000110 secs]204.608: [Tenured: 27933K->29359K(40960K), 0.0083770 secs] 43621K->29359K(59392K), [Perm : 6106K->6106K(21248K)], 0.0084350 secs] [Times: user=0.01 sys=0.00, real=0.01 secs] 
204.616: Total time for which application threads were stopped: 0.0086570 seconds, Stopping threads took: 0.0001350 seconds
204.622: Application time: 0.0059910 seconds
204.623: [GC204.623: [ParNew: 15680K->15680K(18432K), 0.0000110 secs]204.623: [Tenured: 29359K->27933K(40960K), 0.0096600 secs] 45039K->27933K(59392K), [Perm : 6106K->6106K(21248K)], 0.0097240 secs] [Times: user=0.01 sys=0.00, real=0.00 secs] 
204.632: Total time for which application threads were stopped: 0.0098810 seconds, Stopping threads took: 0.0000840 seconds
204.639: Application time: 0.0066100 seconds
204.639: [GC204.639: [ParNew: 15681K->15681K(18432K), 0.0000110 secs]204.639: [Tenured: 27933K->27933K(40960K), 0.0105290 secs] 43615K->27933K(59392K), [Perm : 6106K->6106K(21248K)], 0.0105910 secs] [Times: user=0.01 sys=0.00, real=0.01 secs] 
204.650: Total time for which application threads were stopped: 0.0107840 seconds, Stopping threads took: 0.0001210 seconds
204.655: Application time: 0.0055120 seconds
204.656: [GC204.656: [ParNew: 15687K->15687K(18432K), 0.0000100 secs]204.656: [Tenured: 27933K->29360K(40960K), 0.0073860 secs] 43621K->29360K(59392K), [Perm : 6106K->6106K(21248K)], 0.0074390 secs] [Times: user=0.00 sys=0.00, real=0.01 secs] 
204.663: Total time for which application threads were stopped: 0.0078190 seconds, Stopping threads took: 0.0002940 seconds
204.667: Application time: 0.0036290 seconds
204.667: [GC204.667: [ParNew: 15679K->15679K(18432K), 0.0000100 secs]204.667: [Tenured: 29360K->30072K(40960K), 0.0059920 secs] 45039K->30072K(59392K), [Perm : 6106K->6106K(21248K)], 0.0060490 secs] [Times: user=0.01 sys=0.00, real=0.00 secs] 
204.673: Total time for which application threads were stopped: 0.0061850 seconds, Stopping threads took: 0.0000680 seconds
204.709: Application time: 0.0359560 seconds
204.709: [GC204.709: [ParNew: 15690K->15690K(18432K), 0.0000100 secs]204.709: [Tenured: 30072K->27221K(40960K), 0.0090130 secs] 45763K->27221K(59392K), [Perm : 6106K->6106K(21248K)], 0.0090730 secs] [Times: user=0.01 sys=0.00, real=0.01 secs] 
204.718: Total time for which application threads were stopped: 0.0093560 seconds, Stopping threads took: 0.0002040 seconds
204.743: Application time: 0.0244350 seconds
204.743: [GC204.743: [ParNew: 15719K->15719K(18432K), 0.0000120 secs]204.743: [Tenured: 27221K->26538K(40960K), 0.0104250 secs] 42940K->26538K(59392K), [Perm : 6106K->6106K(21248K)], 0.0104870 secs] [Times: user=0.01 sys=0.00, real=0.00 secs] 
204.754: Total time for which application threads were stopped: 0.0109570 seconds, Stopping threads took: 0.0003800 seconds
204.760: Application time: 0.0067310 seconds
204.761: [GC204.761: [ParNew: 16107K->16107K(18432K), 0.0000110 secs]204.761: [Tenured: 26538K->24433K(40960K), 0.0102590 secs] 42645K->24433K(59392K), [Perm : 6106K->6106K(21248K)], 0.0103230 secs] [Times: user=0.01 sys=0.00, real=0.01 secs] 
204.771: Total time for which application threads were stopped: 0.0106460 seconds, Stopping threads took: 0.0002540 seconds
204.777: Application time: 0.0064210 seconds
204.778: [GC204.778: [ParNew: 15901K->1446K(18432K), 0.0008570 secs] 40334K->26591K(59392K), 0.0008880 secs] [Times: user=0.00 sys=0.00, real=0.00 secs] 
204.779: Total time for which application threads were stopped: 0.0011930 seconds, Stopping threads took: 0.0002300 seconds
204.783: Application time: 0.0041070 seconds
204.783: [GC204.783: [ParNew: 17228K->17228K(18432K), 0.0000110 secs]204.783: [Tenured: 25145K->26566K(40960K), 0.0069230 secs] 42374K->26566K(59392K), [Perm : 6106K->6106K(21248K)], 0.0069800 secs] [Times: user=0.00 sys=0.00, real=0.00 secs] 
204.790: Total time for which application threads were stopped: 0.0071590 seconds, Stopping threads took: 0.0001110 seconds
204.795: Application time: 0.0049600 seconds
204.796: [GC204.796: [ParNew: 15689K->15689K(18432K), 0.0000100 secs]204.796: [Tenured: 26566K->25083K(40960K), 0.0102530 secs] 42255K->25083K(59392K), [Perm : 6106K->6106K(21248K)], 0.0103110 secs] [Times: user=0.01 sys=0.00, real=0.01 secs] 
204.806: Total time for which application threads were stopped: 0.0110960 seconds, Stopping threads took: 0.0007160 seconds
204.811: Application time: 0.0050840 seconds
204.811: [GC204.811: [ParNew: 15679K->1425K(18432K), 0.0006940 secs] 40763K->26508K(59392K), 0.0007290 secs] [Times: user=0.00 sys=0.00, real=0.00 secs] 
204.812: Total time for which application threads were stopped: 0.0009400 seconds, Stopping threads took: 0.0001320 seconds
204.816: Application time: 0.0041460 seconds
204.817: [GC204.817: [ParNew: 17107K->17107K(18432K), 0.0000100 secs]204.817: [Tenured: 25083K->25083K(40960K), 0.0088400 secs] 42190K->25083K(59392K), [Perm : 6106K->6106K(21248K)], 0.0089010 secs] [Times: user=0.01 sys=0.00, real=0.01 secs] 
204.826: Total time for which application threads were stopped: 0.0099370 seconds, Stopping threads took: 0.0009560 seconds
204.831: Application time: 0.0048960 seconds
204.831: [GC204.831: [ParNew: 15686K->1433K(18432K), 0.0007710 secs] 40770K->27229K(59392K), 0.0007990 secs] [Times: user=0.01 sys=0.00, real=0.00 secs] 
204.832: Total time for which application threads were stopped: 0.0010340 seconds, Stopping threads took: 0.0001590 seconds
204.836: Application time: 0.0036770 seconds
204.836: [GC204.836: [ParNew: 17113K->1425K(18432K), 0.0008340 secs] 42909K->27981K(59392K), 0.0008620 secs] [Times: user=0.00 sys=0.00, real=0.00 secs] 
204.837: Total time for which application threads were stopped: 0.0012660 seconds, Stopping threads took: 0.0003290 seconds
204.841: Application time: 0.0038270 seconds
204.841: [GC204.841: [ParNew: 17112K->1435K(18432K), 0.0007710 secs] 43669K->28704K(59392K), 0.0007970 secs] [Times: user=0.00 sys=0.00, real=0.00 secs] 
204.842: Total time for which application threads were stopped: 0.0009300 seconds, Stopping threads took: 0.0000820 seconds
204.846: Application time: 0.0041200 seconds
204.847: [GC204.847: [ParNew: 17125K->1441K(18432K), 0.0006440 secs] 44394K->29447K(59392K), 0.0006780 secs] [Times: user=0.01 sys=0.00, real=0.00 secs] 
204.847: Total time for which application threads were stopped: 0.0015570 seconds, Stopping threads took: 0.0008220 seconds
204.851: Application time: 0.0037000 seconds
204.851: [GC204.851: [ParNew: 17123K->1425K(18432K), 0.0014550 secs] 45129K->32321K(59392K), 0.0014920 secs] [Times: user=0.01 sys=0.00, real=0.00 secs] 
204.853: Total time for which application threads were stopped: 0.0018020 seconds, Stopping threads took: 0.0002480 seconds
204.857: Application time: 0.0040050 seconds
204.857: [GC204.857: [ParNew: 17520K->17520K(18432K), 0.0000100 secs]204.857: [Tenured: 30896K->23689K(40960K), 0.0092510 secs] 48416K->23689K(59392K), [Perm : 6106K->6106K(21248K)], 0.0093130 secs] [Times: user=0.01 sys=0.00, real=0.01 secs] 
204.866: Total time for which application threads were stopped: 0.0094880 seconds, Stopping threads took: 0.0000940 seconds
204.871: Application time: 0.0047440 seconds
204.871: [GC204.871: [ParNew: 15821K->1446K(18432K), 0.0008810 secs] 39510K->26560K(59392K), 0.0009120 secs] [Times: user=0.00 sys=0.00, real=0.00 secs] 
204.872: Total time for which application threads were stopped: 0.0011280 seconds, Stopping threads took: 0.0001620 seconds
204.878: Application time: 0.0060450 seconds
204.878: [GC204.878: [ParNew: 17331K->1437K(18432K), 0.0015210 secs] 42445K->29449K(59392K), 0.0015570 secs] [Times: user=0.01 sys=0.00, real=0.00 secs] 
204.880: Total time for which application threads were stopped: 0.0017070 seconds, Stopping threads took: 0.0000880 seconds
204.884: Application time: 0.0041360 seconds
204.885: [GC204.885: [ParNew: 17569K->1470K(18432K), 0.0011070 secs] 45582K->30940K(59392K), 0.0011400 secs] [Times: user=0.01 sys=0.00, real=0.00 secs] 
204.886: Total time for which application threads were stopped: 0.0018110 seconds, Stopping threads took: 0.0006100 seconds
204.890: Application time: 0.0036300 seconds
204.894: [GC204.894: [ParNew: 17250K->1434K(18432K), 0.0012540 secs] 46720K->32410K(59392K), 0.0012860 secs] [Times: user=0.00 sys=0.00, real=0.00 secs] 
204.896: Total time for which application threads were stopped: 0.0059530 seconds, Stopping threads took: 0.0045920 seconds
204.900: Application time: 0.0040940 seconds
204.900: [GC204.900: [ParNew: 17253K->1444K(18432K), 0.0006000 secs] 48229K->32420K(59392K), 0.0006330 secs] [Times: user=0.00 sys=0.00, real=0.00 secs] 
204.901: Total time for which application threads were stopped: 0.0010230 seconds, Stopping threads took: 0.0003320 seconds
204.905: Application time: 0.0045340 seconds
204.906: [GC204.906: [ParNew: 17199K->1437K(18432K), 0.0009560 secs] 48175K->33838K(59392K), 0.0009830 secs] [Times: user=0.00 sys=0.00, real=0.00 secs] 
204.907: Total time for which application threads were stopped: 0.0015170 seconds, Stopping threads took: 0.0004590 seconds
204.911: Application time: 0.0044520 seconds
204.912: [GC204.912: [ParNew: 17124K->1435K(18432K), 0.0014050 secs] 49525K->36734K(59392K), 0.0014360 secs] [Times: user=0.01 sys=0.00, real=0.00 secs] 
204.913: Total time for which application threads were stopped: 0.0019510 seconds, Stopping threads took: 0.0004570 seconds
204.917: Application time: 0.0037150 seconds
204.917: [GC204.917: [ParNew: 17116K->17116K(18432K), 0.0000100 secs]204.917: [Tenured: 35299K->24427K(40960K), 0.0107170 secs] 52415K->24427K(59392K), [Perm : 6106K->6106K(21248K)], 0.0107770 secs] [Times: user=0.01 sys=0.00, real=0.01 secs] 
204.928: Total time for which application threads were stopped: 0.0109910 seconds, Stopping threads took: 0.0001440 seconds
204.931: Application time: 0.0035660 seconds
204.932: [GC204.932: [ParNew: 15679K->1425K(18432K), 0.0007690 secs] 40107K->26565K(59392K), 0.0008010 secs] [Times: user=0.01 sys=0.00, real=0.00 secs] 
204.932: Total time for which application threads were stopped: 0.0010960 seconds, Stopping threads took: 0.0002310 seconds
204.938: Application time: 0.0057060 seconds
204.938: [GC204.938: [ParNew: 17114K->1441K(18432K), 0.0011070 secs] 42255K->28006K(59392K), 0.0011390 secs] [Times: user=0.01 sys=0.00, real=0.00 secs] 
204.939: Total time for which application threads were stopped: 0.0012880 seconds, Stopping threads took: 0.0000890 seconds
204.944: Application time: 0.0040770 seconds
204.944: [GC204.944: [ParNew: 17125K->1431K(18432K), 0.0009200 secs] 43690K->29485K(59392K), 0.0009570 secs] [Times: user=0.01 sys=0.00, real=0.00 secs] 
204.945: Total time for which application threads were stopped: 0.0017900 seconds, Stopping threads took: 0.0007710 seconds
204.951: Application time: 0.0060750 seconds
204.952: [GC204.952: [ParNew: 17678K->1468K(18432K), 0.0006110 secs] 45733K->29555K(59392K), 0.0006430 secs] [Times: user=0.00 sys=0.00, real=0.00 secs] 
204.952: Total time for which application threads were stopped: 0.0007700 seconds, Stopping threads took: 0.0000600 seconds
204.956: Application time: 0.0035300 seconds
204.957: [GC204.957: [ParNew: 17265K->1436K(18432K), 0.0013810 secs] 45351K->32446K(59392K), 0.0014120 secs] [Times: user=0.01 sys=0.00, real=0.00 secs] 
204.958: Total time for which application threads were stopped: 0.0022950 seconds, Stopping threads took: 0.0008180 seconds
204.962: Application time: 0.0043470 seconds
204.963: [GC204.963: [ParNew: 17191K->1439K(18432K), 0.0016300 secs] 48201K->36012K(59392K), 0.0016670 secs] [Times: user=0.02 sys=0.00, real=0.00 secs] 
204.965: Total time for which application threads were stopped: 0.0021740 seconds, Stopping threads took: 0.0004450 seconds
204.969: Application time: 0.0040400 seconds
204.969: [GC204.969: [ParNew: 17128K->17128K(18432K), 0.0000110 secs]204.969: [Tenured: 34573K->21521K(40960K), 0.0104810 secs] 51701K->21521K(59392K), [Perm : 6106K->6106K(21248K)], 0.0105400 secs] [Times: user=0.01 sys=0.00, real=0.01 secs] 
204.979: Total time for which application threads were stopped: 0.0107880 seconds, Stopping threads took: 0.0001810 seconds
204.983: Application time: 0.0038020 seconds
204.984: [GC204.984: [ParNew: 15682K->1427K(18432K), 0.0007920 secs] 37203K->23660K(59392K), 0.0008220 secs] [Times: user=0.01 sys=0.00, real=0.00 secs] 
204.985: Total time for which application threads were stopped: 0.0017730 seconds, Stopping threads took: 0.0008920 seconds
204.989: Application time: 0.0036850 seconds
204.989: [GC204.989: [ParNew: 17109K->1425K(18432K), 0.0014350 secs] 39343K->26508K(59392K), 0.0014710 secs] [Times: user=0.01 sys=0.00, real=0.00 secs] 
204.990: Total time for which application threads were stopped: 0.0016730 seconds, Stopping threads took: 0.0001390 seconds
204.995: Application time: 0.0043160 seconds
204.995: [GC204.995: [ParNew: 17109K->1427K(18432K), 0.0007370 secs] 42193K->27223K(59392K), 0.0007680 secs] [Times: user=0.00 sys=0.00, real=0.00 secs] 
204.996: Total time for which application threads were stopped: 0.0014040 seconds, Stopping threads took: 0.0005760 seconds
205.000: Application time: 0.0041580 seconds
205.001: [GC205.001: [ParNew: 17113K->1427K(18432K), 0.0022460 secs] 42909K->32923K(59392K), 0.0022830 secs] [Times: user=0.01 sys=0.01, real=0.01 secs] 
205.003: Total time for which application threads were stopped: 0.0027730 seconds, Stopping threads took: 0.0004280 seconds
205.007: Application time: 0.0043820 seconds
205.008: [GC205.008: [ParNew: 17124K->1439K(18432K), 0.0016800 secs] 48621K->36498K(59392K), 0.0017130 secs] [Times: user=0.01 sys=0.00, real=0.00 secs] 
205.010: Total time for which application threads were stopped: 0.0024850 seconds, Stopping threads took: 0.0007120 seconds
205.014: Application time: 0.0046200 seconds
205.018: [GC205.018: [ParNew: 17120K->17120K(18432K), 0.0000100 secs]205.018: [Tenured: 35059K->23658K(40960K), 0.0098410 secs] 52179K->23658K(59392K), [Perm : 6106K->6106K(21248K)], 0.0098960 secs] [Times: user=0.00 sys=0.00, real=0.01 secs] 
205.028: Total time for which application threads were stopped: 0.0135700 seconds, Stopping threads took: 0.0036050 seconds
205.032: Application time: 0.0043180 seconds
205.033: [GC205.033: [ParNew: 15687K->1433K(18432K), 0.0009740 secs] 39345K->25804K(59392K), 0.0010080 secs] [Times: user=0.01 sys=0.00, real=0.00 secs] 
205.034: Total time for which application threads were stopped: 0.0012140 seconds, Stopping threads took: 0.0001250 seconds
205.038: Application time: 0.0041320 seconds
205.038: [GC205.038: [ParNew: 17116K->1427K(18432K), 0.0013000 secs] 41487K->27975K(59392K), 0.0013330 secs] [Times: user=0.00 sys=0.00, real=0.00 secs] 
205.039: Total time for which application threads were stopped: 0.0014790 seconds, Stopping threads took: 0.0000890 seconds
205.043: Application time: 0.0041920 seconds
205.044: [GC205.044: [ParNew: 17115K->1439K(18432K), 0.0015670 secs] 43664K->31550K(59392K), 0.0016010 secs] [Times: user=0.01 sys=0.00, real=0.00 secs] 
205.045: Total time for which application threads were stopped: 0.0020210 seconds, Stopping threads took: 0.0003500 seconds
205.050: Application time: 0.0042610 seconds
205.050: [GC205.050: [ParNew: 17119K->1427K(18432K), 0.0005790 secs] 47230K->31586K(59392K), 0.0006120 secs] [Times: user=0.01 sys=0.00, real=0.00 secs] 
205.051: Total time for which application threads were stopped: 0.0009360 seconds, Stopping threads took: 0.0002640 seconds
205.058: Application time: 0.0070380 seconds
205.058: [GC205.058: [ParNew: 17116K->1437K(18432K), 0.0010850 secs] 47276K->33021K(59392K), 0.0011160 secs] [Times: user=0.01 sys=0.00, real=0.00 secs] 
205.059: Total time for which application threads were stopped: 0.0012460 seconds, Stopping threads took: 0.0000710 seconds
205.065: Application time: 0.0058790 seconds
205.065: [GC205.065: [ParNew: 17124K->1435K(18432K), 0.0008710 secs] 48708K->33772K(59392K), 0.0009010 secs] [Times: user=0.01 sys=0.00, real=0.00 secs] 
205.066: Total time for which application threads were stopped: 0.0010570 seconds, Stopping threads took: 0.0000990 seconds
205.070: Application time: 0.0042210 seconds
205.070: [GC205.070: [ParNew: 17115K->712K(18432K), 0.0006810 secs] 49452K->33802K(59392K), 0.0007080 secs] [Times: user=0.00 sys=0.00, real=0.00 secs] 
205.071: Total time for which application threads were stopped: 0.0008490 seconds, Stopping threads took: 0.0000860 seconds
205.077: Application time: 0.0057690 seconds
205.077: [GC205.077: [ParNew: 16401K->1437K(18432K), 0.0009940 secs] 49491K->35951K(59392K), 0.0010200 secs] [Times: user=0.00 sys=0.00, real=0.00 secs] 
205.078: Total time for which application threads were stopped: 0.0011540 seconds, Stopping threads took: 0.0000790 seconds
205.110: Application time: 0.0324830 seconds
205.110: [GC205.110: [ParNew (promotion failed): 17156K->17182K(18432K), 0.0026020 secs]205.113: [Tenured: 40959K->24400K(40960K), 0.0104040 secs] 51671K->24400K(59392K), [Perm : 6106K->6106K(21248K)], 0.0130620 secs] [Times: user=0.03 sys=0.00, real=0.02 secs] 
205.124: Total time for which application threads were stopped: 0.0132160 seconds, Stopping threads took: 0.0000840 seconds
205.132: Application time: 0.0088030 seconds
205.133: [GC205.133: [ParNew: 15677K->714K(18432K), 0.0003990 secs] 40077K->25114K(59392K), 0.0004300 secs] [Times: user=0.00 sys=0.00, real=0.00 secs] 
205.133: Total time for which application threads were stopped: 0.0005950 seconds, Stopping threads took: 0.0001090 seconds
205.137: Application time: 0.0044600 seconds
205.138: [GC205.138: [ParNew: 16402K->1435K(18432K), 0.0018090 secs] 40802K->30110K(59392K), 0.0018420 secs] [Times: user=0.02 sys=0.00, real=0.00 secs] 
205.139: Total time for which application threads were stopped: 0.0020460 seconds, Stopping threads took: 0.0001450 seconds
205.143: Application time: 0.0039520 seconds
205.144: [GC205.144: [ParNew: 17114K->1425K(18432K), 0.0013750 secs] 45789K->32277K(59392K), 0.0014050 secs] [Times: user=0.01 sys=0.00, real=0.00 secs] 
205.145: Total time for which application threads were stopped: 0.0015780 seconds, Stopping threads took: 0.0001160 seconds
205.152: Application time: 0.0074770 seconds
205.153: [GC205.153: [ParNew: 17113K->1437K(18432K), 0.0016370 secs] 47965K->35140K(59392K), 0.0016700 secs] [Times: user=0.01 sys=0.00, real=0.01 secs] 
205.154: Total time for which application threads were stopped: 0.0018190 seconds, Stopping threads took: 0.0000900 seconds
205.162: Application time: 0.0072760 seconds
205.162: [GC205.162: [ParNew: 17116K->712K(18432K), 0.0007520 secs] 50819K->35168K(59392K), 0.0007810 secs] [Times: user=0.00 sys=0.00, real=0.01 secs] 
205.163: Total time for which application threads were stopped: 0.0009240 seconds, Stopping threads took: 0.0000880 seconds
205.167: Application time: 0.0049060 seconds
205.168: [GC205.168: [ParNew: 16401K->1433K(18432K), 0.0013340 secs] 50856K->38738K(59392K), 0.0013620 secs] [Times: user=0.01 sys=0.00, real=0.00 secs] 
205.169: Total time for which application threads were stopped: 0.0015000 seconds, Stopping threads took: 0.0000840 seconds
205.173: Application time: 0.0036840 seconds
205.173: [GC205.173: [ParNew: 17121K->17121K(18432K), 0.0000100 secs]205.173: [Tenured: 37305K->25826K(40960K), 0.0097770 secs] 54426K->25826K(59392K), [Perm : 6106K->6106K(21248K)], 0.0098420 secs] [Times: user=0.01 sys=0.00, real=0.02 secs] 
205.183: Total time for which application threads were stopped: 0.0100140 seconds, Stopping threads took: 0.0001040 seconds
205.188: Application time: 0.0057440 seconds
205.189: [GC205.189: [ParNew: 15686K->1435K(18432K), 0.0005720 secs] 41512K->27261K(59392K), 0.0006030 secs] [Times: user=0.00 sys=0.00, real=0.00 secs] 
205.189: Total time for which application threads were stopped: 0.0007580 seconds, Stopping threads took: 0.0000970 seconds
205.263: Application time: 0.0734170 seconds
205.263: [GC205.263: [ParNew: 17126K->1427K(18432K), 0.0049930 secs] 42953K->42248K(59392K), 0.0050290 secs] [Times: user=0.03 sys=0.00, real=0.00 secs] 
205.268: Total time for which application threads were stopped: 0.0051790 seconds, Stopping threads took: 0.0000910 seconds
205.335: Application time: 0.0670770 seconds
205.335: [GC205.335: [ParNew: 17118K->17118K(18432K), 0.0000110 secs]205.335: [Tenured: 40821K->24370K(40960K), 0.0102840 secs] 57939K->24370K(59392K), [Perm : 6106K->6106K(21248K)], 0.0103430 secs] [Times: user=0.01 sys=0.00, real=0.01 secs] 
205.345: Total time for which application threads were stopped: 0.0104720 seconds, Stopping threads took: 0.0000610 seconds
205.420: Application time: 0.0743040 seconds
205.420: [GC205.420: [ParNew: 15689K->1425K(18432K), 0.0040840 secs] 40060K->38621K(59392K), 0.0041280 secs] [Times: user=0.03 sys=0.00, real=0.01 secs] 
205.424: Total time for which application threads were stopped: 0.0043000 seconds, Stopping threads took: 0.0000820 seconds
205.498: Application time: 0.0739650 seconds
205.498: [GC205.498: [ParNew: 17116K->17116K(18432K), 0.0000100 secs]205.498: [Tenured: 37196K->24370K(40960K), 0.0097990 secs] 54312K->24370K(59392K), [Perm : 6106K->6106K(21248K)], 0.0098590 secs] [Times: user=0.01 sys=0.00, real=0.01 secs] 
205.508: Total time for which application threads were stopped: 0.0101460 seconds, Stopping threads took: 0.0001980 seconds
205.581: Application time: 0.0726850 seconds
205.581: [GC205.581: [ParNew: 15691K->1425K(18432K), 0.0045320 secs] 40062K->40046K(59392K), 0.0045740 secs] [Times: user=0.03 sys=0.00, real=0.01 secs] 
205.585: Total time for which application threads were stopped: 0.0048000 seconds, Stopping threads took: 0.0001490 seconds
205.644: Application time: 0.0588070 seconds
205.644: [GC205.644: [ParNew: 17116K->17116K(18432K), 0.0000100 secs]205.644: [Tenured: 38621K->25083K(40960K), 0.0092030 secs] 55737K->25083K(59392K), [Perm : 6106K->6106K(21248K)], 0.0092640 secs] [Times: user=0.01 sys=0.00, real=0.00 secs] 
205.654: Total time for which application threads were stopped: 0.0094290 seconds, Stopping threads took: 0.0000960 seconds
205.727: Application time: 0.0736810 seconds
205.728: [GC205.728: [ParNew: 15691K->1427K(18432K), 0.0043170 secs] 40774K->40048K(59392K), 0.0043550 secs] [Times: user=0.03 sys=0.00, real=0.00 secs] 
205.732: Total time for which application threads were stopped: 0.0044880 seconds, Stopping threads took: 0.0000710 seconds
205.783: Application time: 0.0507790 seconds
205.783: [GC205.783: [ParNew: 17118K->17118K(18432K), 0.0000110 secs]205.783: [Tenured: 38621K->24370K(40960K), 0.0098820 secs] 55739K->24370K(59392K), [Perm : 6106K->6106K(21248K)], 0.0099440 secs] [Times: user=0.01 sys=0.00, real=0.00 secs] 
205.793: Total time for which application threads were stopped: 0.0101480 seconds, Stopping threads took: 0.0001350 seconds
205.863: Application time: 0.0698090 seconds
205.863: [GC205.863: [ParNew: 15697K->1437K(18432K), 0.0046370 secs] 40068K->40058K(59392K), 0.0046820 secs] [Times: user=0.04 sys=0.00, real=0.00 secs] 
205.867: Total time for which application threads were stopped: 0.0048240 seconds, Stopping threads took: 0.0000760 seconds
205.941: Application time: 0.0739660 seconds
205.942: [GC205.942: [ParNew: 17135K->17135K(18432K), 0.0000100 secs]205.942: [Tenured: 38621K->25083K(40960K), 0.0106900 secs] 55756K->25083K(59392K), [Perm : 6106K->6106K(21248K)], 0.0107560 secs] [Times: user=0.01 sys=0.00, real=0.01 secs] 
205.952: Total time for which application threads were stopped: 0.0109070 seconds, Stopping threads took: 0.0000720 seconds
206.021: Application time: 0.0681730 seconds
206.021: [GC206.021: [ParNew: 15697K->1435K(18432K), 0.0044970 secs] 40781K->40768K(59392K), 0.0045370 secs] [Times: user=0.04 sys=0.00, real=0.01 secs] 
206.025: Total time for which application threads were stopped: 0.0047040 seconds, Stopping threads took: 0.0001030 seconds
206.098: Application time: 0.0724970 seconds
206.098: [GC206.098: [ParNew: 17137K->17137K(18432K), 0.0000100 secs]206.098: [Tenured: 39333K->27935K(40960K), 0.0102330 secs] 56470K->27935K(59392K), [Perm : 6106K->6106K(21248K)], 0.0102940 secs] [Times: user=0.01 sys=0.00, real=0.01 secs] 
206.108: Total time for which application threads were stopped: 0.0104480 seconds, Stopping threads took: 0.0000860 seconds
206.173: Application time: 0.0651490 seconds
206.173: [GC206.173: [ParNew: 15710K->15710K(18432K), 0.0000100 secs]206.174: [Tenured: 27935K->28650K(40960K), 0.0106820 secs] 43646K->28650K(59392K), [Perm : 6106K->6106K(21248K)], 0.0107410 secs] [Times: user=0.01 sys=0.00, real=0.02 secs] 
206.184: Total time for which application threads were stopped: 0.0109210 seconds, Stopping threads took: 0.0001100 seconds
206.244: Application time: 0.0594460 seconds
206.244: [GC206.244: [ParNew: 15689K->15689K(18432K), 0.0000110 secs]206.244: [Tenured: 28650K->30788K(40960K), 0.0104620 secs] 44340K->30788K(59392K), [Perm : 6106K->6106K(21248K)], 0.0105250 secs] [Times: user=0.01 sys=0.00, real=0.01 secs] 
206.254: Total time for which application threads were stopped: 0.0107550 seconds, Stopping threads took: 0.0001600 seconds
206.324: Application time: 0.0691910 seconds
206.324: [GC206.324: [ParNew: 15689K->15689K(18432K), 0.0000100 secs]206.324: [Tenured: 30788K->29358K(40960K), 0.0113380 secs] 46478K->29358K(59392K), [Perm : 6106K->6106K(21248K)], 0.0113930 secs] [Times: user=0.01 sys=0.00, real=0.01 secs] 
206.335: Total time for which application threads were stopped: 0.0115220 seconds, Stopping threads took: 0.0000610 seconds
206.407: Application time: 0.0721020 seconds
206.407: [GC206.407: [ParNew: 15689K->15689K(18432K), 0.0000090 secs]206.407: [Tenured: 29358K->29358K(40960K), 0.0094620 secs] 45048K->29358K(59392K), [Perm : 6106K->6106K(21248K)], 0.0095220 secs] [Times: user=0.01 sys=0.00, real=0.01 secs] 
206.417: Total time for which application threads were stopped: 0.0096510 seconds, Stopping threads took: 0.0000580 seconds
206.489: Application time: 0.0717100 seconds
206.489: [GC206.489: [ParNew: 15689K->15689K(18432K), 0.0000100 secs]206.489: [Tenured: 29358K->28645K(40960K), 0.0092430 secs] 45048K->28645K(59392K), [Perm : 6106K->6106K(21248K)], 0.0093020 secs] [Times: user=0.01 sys=0.00, real=0.01 secs] 
206.498: Total time for which application threads were stopped: 0.0095850 seconds, Stopping threads took: 0.0002020 seconds
206.556: Application time: 0.0573090 seconds
206.556: [GC206.556: [ParNew: 15691K->15691K(18432K), 0.0000100 secs]206.556: [Tenured: 28645K->28646K(40960K), 0.0097850 secs] 44337K->28646K(59392K), [Perm : 6106K->6106K(21248K)], 0.0098450 secs] [Times: user=0.01 sys=0.00, real=0.01 secs] 
206.566: Total time for which application threads were stopped: 0.0100180 seconds, Stopping threads took: 0.0001040 seconds
206.624: Application time: 0.0583410 seconds
206.624: [GC206.624: [ParNew: 15691K->15691K(18432K), 0.0000110 secs]206.624: [Tenured: 28646K->28646K(40960K), 0.0100680 secs] 44337K->28646K(59392K), [Perm : 6106K->6106K(21248K)], 0.0101270 secs] [Times: user=0.01 sys=0.00, real=0.01 secs] 
206.634: Total time for which application threads were stopped: 0.0102930 seconds, Stopping threads took: 0.0000950 seconds
206.708: Application time: 0.0742320 seconds
206.709: [GC206.709: [ParNew: 15689K->15689K(18432K), 0.0000100 secs]206.709: [Tenured: 28646K->28646K(40960K), 0.0099010 secs] 44335K->28646K(59392K), [Perm : 6106K->6106K(21248K)], 0.0099670 secs] [Times: user=0.01 sys=0.00, real=0.01 secs] 
206.719: Total time for which application threads were stopped: 0.0101030 seconds, Stopping threads took: 0.0000680 seconds
206.782: Application time: 0.0635040 seconds
206.782: [GC206.782: [ParNew: 15691K->15691K(18432K), 0.0000110 secs]206.782: [Tenured: 28646K->28646K(40960K), 0.0098930 secs] 44337K->28646K(59392K), [Perm : 6106K->6106K(21248K)], 0.0099500 secs] [Times: user=0.01 sys=0.00, real=0.00 secs] 
206.792: Total time for which application threads were stopped: 0.0100740 seconds, Stopping threads took: 0.0000570 seconds
206.848: Application time: 0.0561390 seconds
206.848: [GC206.848: [ParNew: 15698K->15698K(18432K), 0.0000090 secs]206.848: [Tenured: 28646K->29359K(40960K), 0.0092370 secs] 44344K->29359K(59392K), [Perm : 6106K->6106K(21248K)], 0.0092960 secs] [Times: user=0.01 sys=0.00, real=0.01 secs] 
206.858: Total time for which application threads were stopped: 0.0094280 seconds, Stopping threads took: 0.0000630 seconds
206.927: Application time: 0.0694010 seconds
206.927: [GC206.927: [ParNew: 15689K->15689K(18432K), 0.0000100 secs]206.927: [Tenured: 29359K->27933K(40960K), 0.0114500 secs] 45049K->27933K(59392K), [Perm : 6106K->6106K(21248K)], 0.0115100 secs] [Times: user=0.01 sys=0.00, real=0.01 secs] 
206.939: Total time for which application threads were stopped: 0.0117020 seconds, Stopping threads took: 0.0001250 seconds
207.010: Application time: 0.0716910 seconds
207.011: [GC207.011: [ParNew: 15698K->15698K(18432K), 0.0000120 secs]207.011: [Tenured: 27933K->27934K(40960K), 0.0093660 secs] 43632K->27934K(59392K), [Perm : 6106K->6106K(21248K)], 0.0094330 secs] [Times: user=0.01 sys=0.00, real=0.01 secs] 
207.020: Total time for which application threads were stopped: 0.0096450 seconds, Stopping threads took: 0.0001220 seconds
207.070: Application time: 0.0502140 seconds
207.070: [GC207.070: [ParNew: 15706K->15706K(18432K), 0.0000110 secs]207.071: [Tenured: 27934K->25796K(40960K), 0.0118260 secs] 43641K->25796K(59392K), [Perm : 6106K->6106K(21248K)], 0.0118870 secs] [Times: user=0.01 sys=0.00, real=0.02 secs] 
207.082: Total time for which application threads were stopped: 0.0120470 seconds, Stopping threads took: 0.0000900 seconds
207.131: Application time: 0.0481390 seconds
207.131: [GC207.131: [ParNew: 15689K->15689K(18432K), 0.0000110 secs]207.131: [Tenured: 25796K->27221K(40960K), 0.0108790 secs] 41486K->27221K(59392K), [Perm : 6106K->6106K(21248K)], 0.0109420 secs] [Times: user=0.01 sys=0.00, real=0.01 secs] 
207.142: Total time for which application threads were stopped: 0.0111340 seconds, Stopping threads took: 0.0001200 seconds
207.195: Application time: 0.0530500 seconds
207.195: [GC207.195: [ParNew: 15720K->15720K(18432K), 0.0000100 secs]207.195: [Tenured: 27221K->21521K(40960K), 0.0105190 secs] 42942K->21521K(59392K), [Perm : 6106K->6106K(21248K)], 0.0105770 secs] [Times: user=0.01 sys=0.00, real=0.01 secs] 
207.206: Total time for which application threads were stopped: 0.0108020 seconds, Stopping threads took: 0.0001440 seconds
207.257: Application time: 0.0519350 seconds
207.258: [GC207.258: [ParNew: 15687K->1425K(18432K), 0.0035000 secs] 37209K->33634K(59392K), 0.0035440 secs] [Times: user=0.03 sys=0.00, real=0.00 secs] 
207.261: Total time for which application threads were stopped: 0.0037020 seconds, Stopping threads took: 0.0000820 seconds
207.307: Application time: 0.0456550 seconds
207.307: [GC207.307: [ParNew: 17113K->17113K(18432K), 0.0000110 secs]207.307: [Tenured: 32209K->24371K(40960K), 0.0109110 secs] 49322K->24371K(59392K), [Perm : 6106K->6106K(21248K)], 0.0109720 secs] [Times: user=0.01 sys=0.00, real=0.01 secs] 
207.318: Total time for which application threads were stopped: 0.0111420 seconds, Stopping threads took: 0.0001010 seconds
207.377: Application time: 0.0590360 seconds
207.377: [GC207.377: [ParNew: 15688K->1425K(18432K), 0.0035180 secs] 40059K->36485K(59392K), 0.0035570 secs] [Times: user=0.03 sys=0.00, real=0.00 secs] 
207.381: Total time for which application threads were stopped: 0.0037250 seconds, Stopping threads took: 0.0000950 seconds
207.426: Application time: 0.0455400 seconds
207.426: [GC207.426: [ParNew: 17113K->17113K(18432K), 0.0015530 secs]207.428: [Tenured: 35059K->24371K(40960K), 0.0096950 secs] 52173K->24371K(59392K), [Perm : 6106K->6106K(21248K)], 0.0113130 secs] [Times: user=0.01 sys=0.00, real=0.01 secs] 
207.438: Total time for which application threads were stopped: 0.0115060 seconds, Stopping threads took: 0.0001130 seconds
207.497: Application time: 0.0591690 seconds
207.497: [GC207.497: [ParNew: 15688K->1425K(18432K), 0.0036380 secs] 40060K->36485K(59392K), 0.0036810 secs] [Times: user=0.03 sys=0.00, real=0.00 secs] 
207.501: Total time for which application threads were stopped: 0.0038110 seconds, Stopping threads took: 0.0000620 seconds
207.545: Application time: 0.0439680 seconds
207.545: [GC207.545: [ParNew: 17113K->17113K(18432K), 0.0000100 secs]207.545: [Tenured: 35060K->24372K(40960K), 0.0092050 secs] 52173K->24372K(59392K), [Perm : 6106K->6106K(21248K)], 0.0092620 secs] [Times: user=0.01 sys=0.00, real=0.01 secs] 
207.554: Total time for which application threads were stopped: 0.0095000 seconds, Stopping threads took: 0.0001450 seconds
207.618: Application time: 0.0636040 seconds
207.618: [GC207.618: [ParNew: 15688K->1425K(18432K), 0.0036310 secs] 40060K->36485K(59392K), 0.0036760 secs] [Times: user=0.02 sys=0.00, real=0.00 secs] 
207.622: Total time for which application threads were stopped: 0.0038320 seconds, Stopping threads took: 0.0000920 seconds
207.663: Application time: 0.0413100 seconds
207.663: [GC207.663: [ParNew: 17113K->17113K(18432K), 0.0000110 secs]207.663: [Tenured: 35060K->24372K(40960K), 0.0099820 secs] 52174K->24372K(59392K), [Perm : 6106K->6106K(21248K)], 0.0100420 secs] [Times: user=0.01 sys=0.00, real=0.00 secs] 
207.673: Total time for which application threads were stopped: 0.0101730 seconds, Stopping threads took: 0.0000610 seconds
207.726: Application time: 0.0523850 seconds
207.726: [GC207.726: [ParNew: 15688K->1425K(18432K), 0.0034940 secs] 40060K->36485K(59392K), 0.0035320 secs] [Times: user=0.03 sys=0.00, real=0.00 secs] 
207.729: Total time for which application threads were stopped: 0.0037470 seconds, Stopping threads took: 0.0001330 seconds
207.784: Application time: 0.0550020 seconds
207.784: [GC207.784: [ParNew: 17113K->17113K(18432K), 0.0000110 secs]207.784: [Tenured: 35060K->24372K(40960K), 0.0107140 secs] 52174K->24372K(59392K), [Perm : 6106K->6106K(21248K)], 0.0107720 secs] [Times: user=0.01 sys=0.00, real=0.01 secs] 
207.795: Total time for which application threads were stopped: 0.0109670 seconds, Stopping threads took: 0.0001250 seconds
207.849: Application time: 0.0541410 seconds
207.850: [GC207.850: [ParNew: 15689K->1425K(18432K), 0.0034790 secs] 40061K->36486K(59392K), 0.0035170 secs] [Times: user=0.03 sys=0.00, real=0.00 secs] 
207.853: Total time for which application threads were stopped: 0.0036430 seconds, Stopping threads took: 0.0000600 seconds
207.893: Application time: 0.0399140 seconds
207.893: [GC207.893: [ParNew: 17120K->17120K(18432K), 0.0000110 secs]207.893: [Tenured: 35061K->24373K(40960K), 0.0098120 secs] 52181K->24373K(59392K), [Perm : 6106K->6106K(21248K)], 0.0098720 secs] [Times: user=0.01 sys=0.00, real=0.02 secs] 
207.903: Total time for which application threads were stopped: 0.0100100 seconds, Stopping threads took: 0.0000700 seconds
207.960: Application time: 0.0566880 seconds
207.960: [GC207.960: [ParNew: 15688K->1425K(18432K), 0.0035150 secs] 40062K->36487K(59392K), 0.0035530 secs] [Times: user=0.03 sys=0.00, real=0.01 secs] 
207.963: Total time for which application threads were stopped: 0.0036750 seconds, Stopping threads took: 0.0000590 seconds
208.016: Application time: 0.0523460 seconds
208.016: [GC208.016: [ParNew: 17122K->17122K(18432K), 0.0000100 secs]208.016: [Tenured: 35062K->23661K(40960K), 0.0096690 secs] 52185K->23661K(59392K), [Perm : 6106K->6106K(21248K)], 0.0097300 secs] [Times: user=0.00 sys=0.00, real=0.01 secs] 
208.026: Total time for which application threads were stopped: 0.0099940 seconds, Stopping threads took: 0.0001880 seconds
208.073: Application time: 0.0477890 seconds
208.074: [GC208.074: [ParNew: 15702K->1435K(18432K), 0.0040370 secs] 39364K->36498K(59392K), 0.0040760 secs] [Times: user=0.03 sys=0.00, real=0.01 secs] 
208.078: Total time for which application threads were stopped: 0.0042130 seconds, Stopping threads took: 0.0000660 seconds
208.126: Application time: 0.0485230 seconds
208.126: [GC208.126: [ParNew: 17124K->17124K(18432K), 0.0000100 secs]208.126: [Tenured: 35063K->25797K(40960K), 0.0111510 secs] 52187K->25797K(59392K), [Perm : 6106K->6106K(21248K)], 0.0112130 secs] [Times: user=0.01 sys=0.00, real=0.01 secs] 
208.138: Total time for which application threads were stopped: 0.0113640 seconds, Stopping threads took: 0.0000800 seconds
208.191: Application time: 0.0532610 seconds
208.191: [GC208.191: [ParNew: 15704K->15704K(18432K), 0.0000100 secs]208.191: [Tenured: 25797K->27225K(40960K), 0.0092970 secs] 41502K->27225K(59392K), [Perm : 6106K->6106K(21248K)], 0.0093580 secs] [Times: user=0.01 sys=0.00, real=0.01 secs] 
208.201: Total time for which application threads were stopped: 0.0097080 seconds, Stopping threads took: 0.0002830 seconds
208.217: Application time: 0.0168760 seconds
208.218: [GC208.218: [ParNew: 15717K->15717K(18432K), 0.0000100 secs]208.218: [Tenured: 27225K->26541K(40960K), 0.0098030 secs] 42942K->26541K(59392K), [Perm : 6106K->6106K(21248K)], 0.0098630 secs] [Times: user=0.01 sys=0.00, real=0.01 secs] 
208.228: Total time for which application threads were stopped: 0.0105090 seconds, Stopping threads took: 0.0005680 seconds
208.234: Application time: 0.0061260 seconds
208.234: [GC208.234: [ParNew: 15688K->15688K(18432K), 0.0000110 secs]208.234: [Tenured: 26541K->27967K(40960K), 0.0098950 secs] 42229K->27967K(59392K), [Perm : 6106K->6106K(21248K)], 0.0099570 secs] [Times: user=0.01 sys=0.00, real=0.01 secs] 
208.244: Total time for which application threads were stopped: 0.0102210 seconds, Stopping threads took: 0.0001950 seconds
208.249: Application time: 0.0046640 seconds
208.249: [GC208.249: [ParNew: 15683K->15683K(18432K), 0.0000100 secs]208.249: [Tenured: 27967K->27223K(40960K), 0.0111980 secs] 43651K->27223K(59392K), [Perm : 6106K->6106K(21248K)], 0.0112610 secs] [Times: user=0.02 sys=0.00, real=0.01 secs] 
208.260: Total time for which application threads were stopped: 0.0114630 seconds, Stopping threads took: 0.0001280 seconds
208.267: Application time: 0.0061290 seconds
208.267: [GC208.267: [ParNew: 15687K->15687K(18432K), 0.0000100 secs]208.267: [Tenured: 27223K->25085K(40960K), 0.0096910 secs] 42910K->25085K(59392K), [Perm : 6106K->6106K(21248K)], 0.0097510 secs] [Times: user=0.01 sys=0.00, real=0.01 secs] 
208.276: Total time for which application threads were stopped: 0.0099150 seconds, Stopping threads took: 0.0000940 seconds
208.283: Application time: 0.0068330 seconds
208.283: [GC208.283: [ParNew: 15678K->1425K(18432K), 0.0009280 secs] 40763K->27223K(59392K), 0.0009590 secs] [Times: user=0.01 sys=0.00, real=0.00 secs] 
208.284: Total time for which application threads were stopped: 0.0011030 seconds, Stopping threads took: 0.0000870 seconds
208.290: Application time: 0.0054200 seconds
208.290: [GC208.290: [ParNew: 17108K->17108K(18432K), 0.0000110 secs]208.290: [Tenured: 25798K->27223K(40960K), 0.0094390 secs] 42906K->27223K(59392K), [Perm : 6106K->6106K(21248K)], 0.0094990 secs] [Times: user=0.01 sys=0.00, real=0.01 secs] 
208.299: Total time for which application threads were stopped: 0.0096480 seconds, Stopping threads took: 0.0000800 seconds
208.305: Application time: 0.0054910 seconds
208.305: [GC208.305: [ParNew: 15687K->15687K(18432K), 0.0000110 secs]208.305: [Tenured: 27223K->29362K(40960K), 0.0063330 secs] 42910K->29362K(59392K), [Perm : 6106K->6106K(21248K)], 0.0063920 secs] [Times: user=0.00 sys=0.00, real=0.00 secs] 
208.312: Total time for which application threads were stopped: 0.0065800 seconds, Stopping threads took: 0.0001210 seconds
208.315: Application time: 0.0036230 seconds
208.315: [GC208.315: [ParNew: 15679K->15679K(18432K), 0.0000100 secs]208.315: [Tenured: 29362K->27935K(40960K), 0.0072270 secs] 45041K->27935K(59392K), [Perm : 6106K->6106K(21248K)], 0.0072950 secs] [Times: user=0.01 sys=0.00, real=0.01 secs] 
208.323: Total time for which application threads were stopped: 0.0074710 seconds, Stopping threads took: 0.0001040 seconds
208.328: Application time: 0.0054390 seconds
208.328: [GC208.328: [ParNew: 15688K->15688K(18432K), 0.0000110 secs]208.328: [Tenured: 27935K->26510K(40960K), 0.0095820 secs] 43624K->26510K(59392K), [Perm : 6106K->6106K(21248K)], 0.0096450 secs] [Times: user=0.01 sys=0.00, real=0.01 secs] 
208.338: Total time for which application threads were stopped: 0.0099130 seconds, Stopping threads took: 0.0001960 seconds
208.406: Application time: 0.0675880 seconds
208.406: [GC208.406: [ParNew: 15688K->15688K(18432K), 0.0000100 secs]208.406: [Tenured: 26510K->29360K(40960K), 0.0093700 secs] 42199K->29360K(59392K), [Perm : 6106K->6106K(21248K)], 0.0094270 secs] [Times: user=0.01 sys=0.00, real=0.01 secs] 
208.415: Total time for which application threads were stopped: 0.0095600 seconds, Stopping threads took: 0.0000640 seconds
208.460: Application time: 0.0445930 seconds
208.460: [GC208.460: [ParNew: 15688K->15688K(18432K), 0.0000110 secs]208.460: [Tenured: 29360K->30785K(40960K), 0.0102360 secs] 45049K->30785K(59392K), [Perm : 6106K->6106K(21248K)], 0.0102960 secs] [Times: user=0.01 sys=0.00, real=0.01 secs] 
208.470: Total time for which application threads were stopped: 0.0104300 seconds, Stopping threads took: 0.0000640 seconds
208.519: Application time: 0.0489180 seconds
208.519: [GC208.519: [ParNew: 15688K->15688K(18432K), 0.0000100 secs]208.519: [Tenured: 30785K->28647K(40960K), 0.0095490 secs] 46474K->28647K(59392K), [Perm : 6106K->6106K(21248K)], 0.0096100 secs] [Times: user=0.01 sys=0.00, real=0.01 secs] 
208.529: Total time for which application threads were stopped: 0.0097370 seconds, Stopping threads took: 0.0000570 seconds
208.586: Application time: 0.0566620 seconds
208.586: [GC208.586: [ParNew: 15688K->15688K(18432K), 0.0000100 secs]208.586: [Tenured: 28647K->28647K(40960K), 0.0100320 secs] 44336K->28647K(59392K), [Perm : 6106K->6106K(21248K)], 0.0100930 secs] [Times: user=0.01 sys=0.00, real=0.01 secs] 
208.596: Total time for which application threads were stopped: 0.0102980 seconds, Stopping threads took: 0.0001230 seconds
208.656: Application time: 0.0602150 seconds
208.658: [GC208.658: [ParNew: 15688K->15688K(18432K), 0.0000100 secs]208.658: [Tenured: 28647K->27935K(40960K), 0.0105910 secs] 44336K->27935K(59392K), [Perm : 6106K->6106K(21248K)], 0.0106490 secs] [Times: user=0.01 sys=0.00, real=0.01 secs] 
208.669: Total time for which application threads were stopped: 0.0127730 seconds, Stopping threads took: 0.0020550 seconds
208.719: Application time: 0.0503960 seconds
208.719: [GC208.719: [ParNew: 15690K->15690K(18432K), 0.0000100 secs]208.719: [Tenured: 27935K->28647K(40960K), 0.0101080 secs] 43625K->28647K(59392K), [Perm : 6106K->6106K(21248K)], 0.0101670 secs] [Times: user=0.01 sys=0.00, real=0.01 secs] 
208.730: Total time for which application threads were stopped: 0.0104320 seconds, Stopping threads took: 0.0001760 seconds
208.772: Application time: 0.0425280 seconds
208.772: [GC208.772: [ParNew: 15690K->15690K(18432K), 0.0000110 secs]208.772: [Tenured: 28647K->28647K(40960K), 0.0099600 secs] 44337K->28647K(59392K), [Perm : 6106K->6106K(21248K)], 0.0100180 secs] [Times: user=0.01 sys=0.00, real=0.02 secs] 
208.782: Total time for which application threads were stopped: 0.0101810 seconds, Stopping threads took: 0.0000820 seconds
208.840: Application time: 0.0572710 seconds
208.840: [GC208.840: [ParNew: 15688K->15688K(18432K), 0.0000110 secs]208.840: [Tenured: 28647K->29359K(40960K), 0.0100990 secs] 44335K->29359K(59392K), [Perm : 6106K->6106K(21248K)], 0.0101600 secs] [Times: user=0.01 sys=0.00, real=0.01 secs] 
208.850: Total time for which application threads were stopped: 0.0103930 seconds, Stopping threads took: 0.0001460 seconds
208.907: Application time: 0.0568550 seconds
208.907: [GC208.907: [ParNew: 15687K->15687K(18432K), 0.0000110 secs]208.907: [Tenured: 29359K->28647K(40960K), 0.0100800 secs] 45047K->28647K(59392K), [Perm : 6106K->6106K(21248K)], 0.0101480 secs] [Times: user=0.01 sys=0.00, real=0.01 secs] 
208.917: Total time for which application threads were stopped: 0.0103190 seconds, Stopping threads took: 0.0000990 seconds
208.963: Application time: 0.0457150 seconds
208.963: [GC208.963: [ParNew: 15689K->15689K(18432K), 0.0000100 secs]208.963: [Tenured: 28647K->28647K(40960K), 0.0096510 secs] 44337K->28647K(59392K), [Perm : 6106K->6106K(21248K)], 0.0097120 secs] [Times: user=0.01 sys=0.00, real=0.00 secs] 
208.973: Total time for which application threads were stopped: 0.0099580 seconds, Stopping threads took: 0.0001590 seconds
209.008: Application time: 0.0352230 seconds
209.008: [GC209.008: [ParNew: 15717K->15717K(18432K), 0.0000100 secs]209.008: [Tenured: 28647K->27934K(40960K), 0.0126240 secs] 44364K->27934K(59392K), [Perm : 6106K->6106K(21248K)], 0.0126850 secs] [Times: user=0.02 sys=0.00, real=0.01 secs] 
209.021: Total time for which application threads were stopped: 0.0128760 seconds, Stopping threads took: 0.0001210 seconds
209.029: Application time: 0.0081150 seconds
209.029: [GC209.029: [ParNew: 15677K->15677K(18432K), 0.0000100 secs]209.029: [Tenured: 27934K->28647K(40960K), 0.0061430 secs] 43611K->28647K(59392K), [Perm : 6106K->6106K(21248K)], 0.0062000 secs] [Times: user=0.01 sys=0.00, real=0.01 secs] 
209.036: Total time for which application threads were stopped: 0.0064430 seconds, Stopping threads took: 0.0001650 seconds
209.040: Application time: 0.0041950 seconds
209.040: [GC209.040: [ParNew: 15687K->15687K(18432K), 0.0000100 secs]209.040: [Tenured: 28647K->28647K(40960K), 0.0092870 secs] 44334K->28647K(59392K), [Perm : 6106K->6106K(21248K)], 0.0093440 secs] [Times: user=0.01 sys=0.00, real=0.01 secs] 
209.049: Total time for which application threads were stopped: 0.0095000 seconds, Stopping threads took: 0.0000870 seconds
209.053: Application time: 0.0038560 seconds
209.053: [GC209.053: [ParNew: 15677K->15677K(18432K), 0.0000100 secs]209.053: [Tenured: 28647K->29359K(40960K), 0.0061500 secs] 44324K->29359K(59392K), [Perm : 6106K->6106K(21248K)], 0.0062070 secs] [Times: user=0.01 sys=0.00, real=0.01 secs] 
209.059: Total time for which application threads were stopped: 0.0063540 seconds, Stopping threads took: 0.0000780 seconds
209.067: Application time: 0.0071550 seconds
209.067: [GC209.067: [ParNew: 15688K->15688K(18432K), 0.0000110 secs]209.067: [Tenured: 29359K->26509K(40960K), 0.0095580 secs] 45047K->26509K(59392K), [Perm : 6106K->6106K(21248K)], 0.0096190 secs] [Times: user=0.01 sys=0.00, real=0.01 secs] 
209.077: Total time for which application threads were stopped: 0.0103260 seconds, Stopping threads took: 0.0006370 seconds
209.082: Application time: 0.0048380 seconds
209.082: [GC209.082: [ParNew: 15682K->15682K(18432K), 0.0000170 secs]209.082: [Tenured: 26509K->28647K(40960K), 0.0100260 secs] 42192K->28647K(59392K), [Perm : 6106K->6106K(21248K)], 0.0100960 secs] [Times: user=0.01 sys=0.00, real=0.01 secs] 
209.092: Total time for which application threads were stopped: 0.0103540 seconds, Stopping threads took: 0.0001870 seconds
209.099: Application time: 0.0073050 seconds
209.100: [GC209.100: [ParNew: 15686K->15686K(18432K), 0.0000110 secs]209.100: [Tenured: 28647K->30073K(40960K), 0.0076940 secs] 44334K->30073K(59392K), [Perm : 6106K->6106K(21248K)], 0.0077480 secs] [Times: user=0.01 sys=0.00, real=0.01 secs] 
209.107: Total time for which application threads were stopped: 0.0079680 seconds, Stopping threads took: 0.0001240 seconds
209.111: Application time: 0.0039310 seconds
209.111: [GC209.111: [ParNew: 15681K->15681K(18432K), 0.0000110 secs]209.112: [Tenured: 30073K->29359K(40960K), 0.0099300 secs] 45755K->29359K(59392K), [Perm : 6106K->6106K(21248K)], 0.0099910 secs] [Times: user=0.01 sys=0.00, real=0.01 secs] 
209.121: Total time for which application threads were stopped: 0.0101630 seconds, Stopping threads took: 0.0000890 seconds
209.126: Application time: 0.0043570 seconds
209.126: [GC209.126: [ParNew: 15678K->15678K(18432K), 0.0000100 secs]209.126: [Tenured: 29359K->28647K(40960K), 0.0067440 secs] 45038K->28647K(59392K), [Perm : 6106K->6106K(21248K)], 0.0068080 secs] [Times: user=0.00 sys=0.00, real=0.00 secs] 
209.133: Total time for which application threads were stopped: 0.0069550 seconds, Stopping threads took: 0.0000790 seconds
209.187: Application time: 0.0542840 seconds
209.187: [GC209.187: [ParNew: 15696K->15696K(18432K), 0.0000090 secs]209.188: [Tenured: 28647K->25796K(40960K), 0.0089330 secs] 44343K->25796K(59392K), [Perm : 6106K->6106K(21248K)], 0.0089900 secs] [Times: user=0.01 sys=0.00, real=0.01 secs] 
209.196: Total time for which application threads were stopped: 0.0093970 seconds, Stopping threads took: 0.0003290 seconds
209.211: Application time: 0.0149180 seconds
209.212: [GC209.212: [ParNew: 15718K->15718K(18432K), 0.0000100 secs]209.212: [Tenured: 25796K->26538K(40960K), 0.0097590 secs] 41515K->26538K(59392K), [Perm : 6106K->6106K(21248K)], 0.0098180 secs] [Times: user=0.01 sys=0.00, real=0.02 secs] 
209.222: Total time for which application threads were stopped: 0.0108870 seconds, Stopping threads took: 0.0009800 seconds
209.230: Application time: 0.0076530 seconds
209.230: [GC209.230: [ParNew: 15681K->15681K(18432K), 0.0000110 secs]209.230: [Tenured: 26538K->27963K(40960K), 0.0100400 secs] 42220K->27963K(59392K), [Perm : 6106K->6106K(21248K)], 0.0101030 secs] [Times: user=0.01 sys=0.00, real=0.01 secs] 
209.240: Total time for which application threads were stopped: 0.0103290 seconds, Stopping threads took: 0.0001530 seconds
209.246: Application time: 0.0058090 seconds
209.246: [GC209.246: [ParNew: 15685K->15685K(18432K), 0.0000110 secs]209.246: [Tenured: 27963K->27934K(40960K), 0.0121350 secs] 43649K->27934K(59392K), [Perm : 6106K->6106K(21248K)], 0.0121950 secs] [Times: user=0.01 sys=0.00, real=0.01 secs] 
209.259: Total time for which application threads were stopped: 0.0124030 seconds, Stopping threads took: 0.0001180 seconds
209.264: Application time: 0.0050410 seconds
209.264: [GC209.264: [ParNew: 15677K->15677K(18432K), 0.0000100 secs]209.264: [Tenured: 27934K->27220K(40960K), 0.0059300 secs] 43611K->27220K(59392K), [Perm : 6106K->6106K(21248K)], 0.0059860 secs] [Times: user=0.01 sys=0.00, real=0.00 secs] 
209.270: Total time for which application threads were stopped: 0.0061340 seconds, Stopping threads took: 0.0000810 seconds
209.277: Application time: 0.0074510 seconds
209.277: [GC209.277: [ParNew: 15686K->15686K(18432K), 0.0000110 secs]209.277: [Tenured: 27220K->29359K(40960K), 0.0070270 secs] 42907K->29359K(59392K), [Perm : 6106K->6106K(21248K)], 0.0070820 secs] [Times: user=0.00 sys=0.00, real=0.01 secs] 
209.284: Total time for which application threads were stopped: 0.0072420 seconds, Stopping threads took: 0.0000910 seconds
209.291: Application time: 0.0067940 seconds
209.291: [GC209.291: [ParNew: 15681K->15681K(18432K), 0.0000110 secs]209.291: [Tenured: 29359K->27221K(40960K), 0.0101400 secs] 45041K->27221K(59392K), [Perm : 6106K->6106K(21248K)], 0.0102040 secs] [Times: user=0.01 sys=0.00, real=0.01 secs] 
209.302: Total time for which application threads were stopped: 0.0103900 seconds, Stopping threads took: 0.0001120 seconds
209.307: Application time: 0.0055280 seconds
209.307: [GC209.307: [ParNew: 15687K->15687K(18432K), 0.0000110 secs]209.307: [Tenured: 27221K->28647K(40960K), 0.0080610 secs] 42909K->28647K(59392K), [Perm : 6106K->6106K(21248K)], 0.0081170 secs] [Times: user=0.01 sys=0.00, real=0.01 secs] 
209.315: Total time for which application threads were stopped: 0.0082850 seconds, Stopping threads took: 0.0001000 seconds
209.319: Application time: 0.0040040 seconds
209.320: [GC209.320: [ParNew: 15681K->15681K(18432K), 0.0000110 secs]209.320: [Tenured: 28647K->27934K(40960K), 0.0099550 secs] 44328K->27934K(59392K), [Perm : 6106K->6106K(21248K)], 0.0100190 secs] [Times: user=0.01 sys=0.00, real=0.01 secs] 
209.330: Total time for which application threads were stopped: 0.0101740 seconds, Stopping threads took: 0.0000790 seconds
209.344: Application time: 0.0144130 seconds
209.344: [GC209.344: [ParNew: 15688K->15688K(18432K), 0.0000100 secs]209.344: [Tenured: 27934K->27221K(40960K), 0.0083890 secs] 43622K->27221K(59392K), [Perm : 6106K->6106K(21248K)], 0.0084570 secs] [Times: user=0.01 sys=0.00, real=0.00 secs] 
209.353: Total time for which application threads were stopped: 0.0085970 seconds, Stopping threads took: 0.0000730 seconds
209.372: Application time: 0.0195160 seconds
209.372: [GC209.372: [ParNew: 16225K->16225K(18432K), 0.0000100 secs]209.372: [Tenured: 27221K->23724K(40960K), 0.0102300 secs] 43446K->23724K(59392K), [Perm : 6106K->6106K(21248K)], 0.0102900 secs] [Times: user=0.01 sys=0.00, real=0.02 secs] 
209.383: Total time for which application threads were stopped: 0.0104750 seconds, Stopping threads took: 0.0001150 seconds
209.390: Application time: 0.0074840 seconds
209.390: [GC209.390: [ParNew: 15918K->1437K(18432K), 0.0010440 secs] 39642K->26586K(59392K), 0.0010780 secs] [Times: user=0.01 sys=0.00, real=0.00 secs] 
209.391: Total time for which application threads were stopped: 0.0013270 seconds, Stopping threads took: 0.0001690 seconds
209.397: Application time: 0.0053900 seconds
209.397: [GC209.397: [ParNew: 17122K->17122K(18432K), 0.0000110 secs]209.397: [Tenured: 25149K->25084K(40960K), 0.0109740 secs] 42272K->25084K(59392K), [Perm : 6106K->6106K(21248K)], 0.0110350 secs] [Times: user=0.02 sys=0.00, real=0.01 secs] 
209.408: Total time for which application threads were stopped: 0.0113600 seconds, Stopping threads took: 0.0002510 seconds
209.413: Application time: 0.0044820 seconds
209.413: [GC209.413: [ParNew: 15679K->1427K(18432K), 0.0005670 secs] 40763K->26511K(59392K), 0.0006010 secs] [Times: user=0.00 sys=0.00, real=0.00 secs] 
209.414: Total time for which application threads were stopped: 0.0009890 seconds, Stopping threads took: 0.0003060 seconds
209.418: Application time: 0.0040740 seconds
209.418: [GC209.418: [ParNew: 17106K->1425K(18432K), 0.0010530 secs] 42190K->27934K(59392K), 0.0010900 secs] [Times: user=0.00 sys=0.01, real=0.00 secs] 
209.419: Total time for which application threads were stopped: 0.0012720 seconds, Stopping threads took: 0.0001220 seconds
209.424: Application time: 0.0052970 seconds
209.424: [GC209.424: [ParNew: 17118K->17118K(18432K), 0.0000090 secs]209.424: [Tenured: 26509K->22234K(40960K), 0.0085570 secs] 43627K->22234K(59392K), [Perm : 6106K->6106K(21248K)], 0.0086160 secs] [Times: user=0.01 sys=0.00, real=0.00 secs] 
209.433: Total time for which application threads were stopped: 0.0088380 seconds, Stopping threads took: 0.0001520 seconds
209.437: Application time: 0.0037880 seconds
209.437: [GC209.437: [ParNew: 15683K->1435K(18432K), 0.0010740 secs] 37918K->25094K(59392K), 0.0011040 secs] [Times: user=0.01 sys=0.00, real=0.00 secs] 
209.438: Total time for which application threads were stopped: 0.0013540 seconds, Stopping threads took: 0.0001930 seconds
209.442: Application time: 0.0038420 seconds
209.442: [GC209.442: [ParNew: 17115K->1425K(18432K), 0.0009390 secs] 40774K->26549K(59392K), 0.0009710 secs] [Times: user=0.01 sys=0.00, real=0.00 secs] 
209.443: Total time for which application threads were stopped: 0.0011430 seconds, Stopping threads took: 0.0001140 seconds
209.448: Application time: 0.0047860 seconds
209.448: [GC209.448: [ParNew: 17333K->1471K(18432K), 0.0005750 secs] 42458K->26595K(59392K), 0.0006030 secs] [Times: user=0.01 sys=0.00, real=0.00 secs] 
209.449: Total time for which application threads were stopped: 0.0010470 seconds, Stopping threads took: 0.0003880 seconds
209.453: Application time: 0.0043860 seconds
209.454: [GC209.454: [ParNew: 17470K->1448K(18432K), 0.0008620 secs] 42595K->27340K(59392K), 0.0008960 secs] [Times: user=0.01 sys=0.00, real=0.00 secs] 
209.455: Total time for which application threads were stopped: 0.0016570 seconds, Stopping threads took: 0.0007020 seconds
209.460: Application time: 0.0044840 seconds
209.460: [GC209.460: [ParNew: 17306K->1446K(18432K), 0.0014210 secs] 43199K->30221K(59392K), 0.0014520 secs] [Times: user=0.01 sys=0.00, real=0.00 secs] 
209.461: Total time for which application threads were stopped: 0.0016350 seconds, Stopping threads took: 0.0001240 seconds
209.466: Application time: 0.0043610 seconds
209.466: [GC209.466: [ParNew: 17169K->1439K(18432K), 0.0015390 secs] 45944K->33809K(59392K), 0.0015740 secs] [Times: user=0.01 sys=0.00, real=0.00 secs] 
209.468: Total time for which application threads were stopped: 0.0019570 seconds, Stopping threads took: 0.0003210 seconds
209.471: Application time: 0.0039200 seconds
209.472: [GC209.472: [ParNew: 17122K->17122K(18432K), 0.0000110 secs]209.472: [Tenured: 32369K->25113K(40960K), 0.0100860 secs] 49492K->25113K(59392K), [Perm : 6106K->6106K(21248K)], 0.0101480 secs] [Times: user=0.01 sys=0.00, real=0.02 secs] 
209.482: Total time for which application threads were stopped: 0.0108890 seconds, Stopping threads took: 0.0006710 seconds
209.487: Application time: 0.0042920 seconds
