Java HotSpot(TM) 64-Bit Server VM (24.80-b11) for linux-amd64 JRE (1.7.0_80-b15), built on Apr 10 2015 19:53:14 by "java_re" with gcc 4.3.0 20080428 (Red Hat 4.3.0-8)
Memory: 4k page, physical 8000092k(6013324k free), swap 8218620k(8218620k free)
CommandLine flags: -XX:InitialHeapSize=48230400 -XX:MaxHeapSize=48230400 -XX:+PrintGC -XX:+PrintGCApplicationConcurrentTime -XX:+PrintGCApplicationStoppedTime -XX:+PrintGCDetails -XX:+PrintGCTimeStamps -XX:-UseAdaptiveSizePolicy -XX:+UseCompressedOops -XX:+UseParallelGC -XX:+UseParallelOldGC 
1.011: Application time: 0.9831120 seconds
1.011: Total time for which application threads were stopped: 0.0000390 seconds, Stopping threads took: 0.0000110 seconds
4.034: Application time: 3.0222850 seconds
4.034: Total time for which application threads were stopped: 0.0000620 seconds, Stopping threads took: 0.0000120 seconds
14.775: Application time: 10.7411350 seconds
14.775: Total time for which application threads were stopped: 0.0000270 seconds, Stopping threads took: 0.0000090 seconds
14.775: Application time: 0.0000180 seconds
14.775: Total time for which application threads were stopped: 0.0000070 seconds, Stopping threads took: 0.0000030 seconds
14.776: Application time: 0.0015060 seconds
14.776: Total time for which application threads were stopped: 0.0000340 seconds, Stopping threads took: 0.0000170 seconds
14.796: Application time: 0.0195620 seconds
14.796: Total time for which application threads were stopped: 0.0000440 seconds, Stopping threads took: 0.0000120 seconds
14.809: Application time: 0.0127320 seconds
14.809: [GC [PSYoungGen: 9350K->1523K(14336K)] 9350K->3207K(46080K), 0.0020570 secs] [Times: user=0.01 sys=0.01, real=0.00 secs] 
14.811: [Full GC [PSYoungGen: 1523K->0K(14336K)] [ParOldGen: 1684K->3145K(31744K)] 3207K->3145K(46080K) [PSPermGen: 5076K->5074K(21504K)], 0.0144660 secs] [Times: user=0.06 sys=0.01, real=0.02 secs] 
14.825: Total time for which application threads were stopped: 0.0166460 seconds, Stopping threads took: 0.0000190 seconds
14.825: Application time: 0.0000580 seconds
14.825: [GC [PSYoungGen: 0K->0K(14336K)] 3145K->3145K(46080K), 0.0002710 secs] [Times: user=0.00 sys=0.00, real=0.00 secs] 
14.826: [Full GC [PSYoungGen: 0K->0K(14336K)] [ParOldGen: 3145K->3145K(31744K)] 3145K->3145K(46080K) [PSPermGen: 5074K->5074K(21504K)], 0.0040280 secs] [Times: user=0.01 sys=0.00, real=0.00 secs] 
14.830: Total time for which application threads were stopped: 0.0043960 seconds, Stopping threads took: 0.0000160 seconds
14.830: Application time: 0.0000300 seconds
14.830: Total time for which application threads were stopped: 0.0000290 seconds, Stopping threads took: 0.0000190 seconds
14.830: Application time: 0.0001180 seconds
14.830: Total time for which application threads were stopped: 0.0000180 seconds, Stopping threads took: 0.0000130 seconds
14.830: Application time: 0.0000130 seconds
14.830: Total time for which application threads were stopped: 0.0000180 seconds, Stopping threads took: 0.0000140 seconds
14.830: Application time: 0.0000110 seconds
14.830: Total time for which application threads were stopped: 0.0000200 seconds, Stopping threads took: 0.0000150 seconds
14.830: Application time: 0.0000130 seconds
14.830: Total time for which application threads were stopped: 0.0000250 seconds, Stopping threads took: 0.0000200 seconds
14.830: Application time: 0.0000130 seconds
14.830: Total time for which application threads were stopped: 0.0000200 seconds, Stopping threads took: 0.0000150 seconds
14.830: Application time: 0.0000130 seconds
14.830: Total time for which application threads were stopped: 0.0000150 seconds, Stopping threads took: 0.0000110 seconds
14.830: Application time: 0.0000130 seconds
14.830: Total time for which application threads were stopped: 0.0000170 seconds, Stopping threads took: 0.0000130 seconds
14.830: Application time: 0.0000120 seconds
14.830: Total time for which application threads were stopped: 0.0000140 seconds, Stopping threads took: 0.0000100 seconds
14.830: Application time: 0.0000130 seconds
14.830: Total time for which application threads were stopped: 0.0000170 seconds, Stopping threads took: 0.0000130 seconds
14.830: Application time: 0.0000170 seconds
14.830: Total time for which application threads were stopped: 0.0000170 seconds, Stopping threads took: 0.0000130 seconds
14.830: Application time: 0.0000160 seconds
14.830: Total time for which application threads were stopped: 0.0000140 seconds, Stopping threads took: 0.0000100 seconds
14.830: Application time: 0.0000120 seconds
14.830: Total time for which application threads were stopped: 0.0000160 seconds, Stopping threads took: 0.0000120 seconds
14.830: Application time: 0.0000130 seconds
14.830: Total time for which application threads were stopped: 0.0000140 seconds, Stopping threads took: 0.0000100 seconds
14.830: Application time: 0.0000150 seconds
14.830: Total time for which application threads were stopped: 0.0000130 seconds, Stopping threads took: 0.0000090 seconds
14.830: Application time: 0.0000160 seconds
14.830: Total time for which application threads were stopped: 0.0000110 seconds, Stopping threads took: 0.0000080 seconds
14.830: Application time: 0.0000130 seconds
14.830: Total time for which application threads were stopped: 0.0000120 seconds, Stopping threads took: 0.0000090 seconds
14.830: Application time: 0.0000120 seconds
14.830: Total time for which application threads were stopped: 0.0000120 seconds, Stopping threads took: 0.0000090 seconds
14.831: Application time: 0.0000120 seconds
14.831: Total time for which application threads were stopped: 0.0000110 seconds, Stopping threads took: 0.0000080 seconds
14.831: Application time: 0.0000110 seconds
14.831: Total time for which application threads were stopped: 0.0000130 seconds, Stopping threads took: 0.0000100 seconds
14.831: Application time: 0.0000110 seconds
14.831: Total time for which application threads were stopped: 0.0000250 seconds, Stopping threads took: 0.0000160 seconds
14.833: Application time: 0.0023800 seconds
14.833: Total time for which application threads were stopped: 0.0000230 seconds, Stopping threads took: 0.0000170 seconds
14.833: Application time: 0.0000790 seconds
14.833: Total time for which application threads were stopped: 0.0000360 seconds, Stopping threads took: 0.0000280 seconds
14.833: Application time: 0.0003850 seconds
14.834: Total time for which application threads were stopped: 0.0000300 seconds, Stopping threads took: 0.0000200 seconds
14.851: Application time: 0.0174530 seconds
14.851: Total time for which application threads were stopped: 0.0000940 seconds, Stopping threads took: 0.0000560 seconds
14.953: Application time: 0.1021220 seconds
14.953: [GC [PSYoungGen: 12527K->1525K(14336K)] 15672K->10450K(46080K), 0.0018720 secs] [Times: user=0.01 sys=0.00, real=0.00 secs] 
14.955: Total time for which application threads were stopped: 0.0020200 seconds, Stopping threads took: 0.0000730 seconds
14.956: Application time: 0.0002800 seconds
14.956: Total time for which application threads were stopped: 0.0001100 seconds, Stopping threads took: 0.0000960 seconds
14.956: Application time: 0.0000250 seconds
14.956: Total time for which application threads were stopped: 0.0002630 seconds, Stopping threads took: 0.0002560 seconds
14.956: Application time: 0.0000260 seconds
14.956: Total time for which application threads were stopped: 0.0000350 seconds, Stopping threads took: 0.0000300 seconds
14.956: Application time: 0.0000110 seconds
14.956: Total time for which application threads were stopped: 0.0000220 seconds, Stopping threads took: 0.0000180 seconds
14.956: Application time: 0.0000680 seconds
14.956: Total time for which application threads were stopped: 0.0000660 seconds, Stopping threads took: 0.0000550 seconds
14.956: Application time: 0.0000390 seconds
14.956: Total time for which application threads were stopped: 0.0001420 seconds, Stopping threads took: 0.0001350 seconds
14.956: Application time: 0.0000130 seconds
14.956: Total time for which application threads were stopped: 0.0000240 seconds, Stopping threads took: 0.0000180 seconds
14.956: Application time: 0.0000100 seconds
14.956: Total time for which application threads were stopped: 0.0000240 seconds, Stopping threads took: 0.0000190 seconds
14.956: Application time: 0.0000110 seconds
14.956: Total time for which application threads were stopped: 0.0000240 seconds, Stopping threads took: 0.0000190 seconds
14.956: Application time: 0.0000100 seconds
14.956: Total time for which application threads were stopped: 0.0000230 seconds, Stopping threads took: 0.0000190 seconds
14.956: Application time: 0.0000110 seconds
14.957: Total time for which application threads were stopped: 0.0000260 seconds, Stopping threads took: 0.0000210 seconds
14.957: Application time: 0.0000100 seconds
14.957: Total time for which application threads were stopped: 0.0000230 seconds, Stopping threads took: 0.0000190 seconds
15.078: Application time: 0.1214290 seconds
15.142: [GC [PSYoungGen: 14234K->1525K(14336K)] 23158K->11231K(46080K), 0.0007930 secs] [Times: user=0.00 sys=0.00, real=0.00 secs] 
15.143: Total time for which application threads were stopped: 0.0648240 seconds, Stopping threads took: 0.0639620 seconds
15.219: Application time: 0.0764650 seconds
15.269: [GC [PSYoungGen: 14173K->1427K(14336K)] 23879K->11524K(46080K), 0.0007650 secs] [Times: user=0.01 sys=0.00, real=0.00 secs] 
15.270: Total time for which application threads were stopped: 0.0509350 seconds, Stopping threads took: 0.0501010 seconds
15.347: Application time: 0.0765390 seconds
15.401: [GC [PSYoungGen: 14089K->1427K(14336K)] 24185K->11524K(46080K), 0.0009080 secs] [Times: user=0.00 sys=0.00, real=0.00 secs] 
15.402: Total time for which application threads were stopped: 0.0547640 seconds, Stopping threads took: 0.0537590 seconds
15.479: Application time: 0.0771030 seconds
15.518: [GC [PSYoungGen: 14034K->1525K(14336K)] 24131K->12207K(46080K), 0.0010470 secs] [Times: user=0.01 sys=0.00, real=0.01 secs] 
15.519: Total time for which application threads were stopped: 0.0407000 seconds, Stopping threads took: 0.0395830 seconds
15.596: Application time: 0.0770340 seconds
15.664: [GC [PSYoungGen: 14291K->841K(14336K)] 24974K->11524K(46080K), 0.0005380 secs] [Times: user=0.01 sys=0.00, real=0.00 secs] 
15.665: Total time for which application threads were stopped: 0.0685550 seconds, Stopping threads took: 0.0679530 seconds
15.745: Application time: 0.0800830 seconds
15.798: [GC [PSYoungGen: 13584K->1525K(14336K)] 24266K->12403K(46080K), 0.0007350 secs] [Times: user=0.00 sys=0.00, real=0.01 secs] 
15.799: Total time for which application threads were stopped: 0.0540790 seconds, Stopping threads took: 0.0532690 seconds
15.877: Application time: 0.0778620 seconds
15.945: [GC [PSYoungGen: 14252K->451K(14336K)] 25129K->11329K(46080K), 0.0004560 secs] [Times: user=0.00 sys=0.00, real=0.00 secs] 
15.945: Total time for which application threads were stopped: 0.0683000 seconds, Stopping threads took: 0.0677690 seconds
16.020: Application time: 0.0745500 seconds
16.059: [GC [PSYoungGen: 13070K->1459K(14336K)] 23947K->14290K(46080K), 0.0010520 secs] [Times: user=0.00 sys=0.01, real=0.01 secs] 
16.060: Total time for which application threads were stopped: 0.0402210 seconds, Stopping threads took: 0.0391020 seconds
16.138: Application time: 0.0782870 seconds
16.206: [GC [PSYoungGen: 13938K->646K(14336K)] 26769K->13477K(46080K), 0.0005520 secs] [Times: user=0.00 sys=0.00, real=0.00 secs] 
16.207: Total time for which application threads were stopped: 0.0685760 seconds, Stopping threads took: 0.0679370 seconds
16.283: Application time: 0.0763030 seconds
16.345: [GC [PSYoungGen: 13437K->467K(14336K)] 26268K->13298K(46080K), 0.0004610 secs] [Times: user=0.00 sys=0.00, real=0.00 secs] 
16.346: Total time for which application threads were stopped: 0.0626410 seconds, Stopping threads took: 0.0620900 seconds
16.420: Application time: 0.0744290 seconds
16.456: [GC [PSYoungGen: 13122K->1069K(14336K)] 25953K->13900K(46080K), 0.0007260 secs] [Times: user=0.00 sys=0.00, real=0.00 secs] 
16.457: Total time for which application threads were stopped: 0.0364180 seconds, Stopping threads took: 0.0355920 seconds
16.535: Application time: 0.0783410 seconds
16.594: [GC [PSYoungGen: 13665K->726K(14336K)] 26496K->13557K(46080K), 0.0007790 secs] [Times: user=0.00 sys=0.00, real=0.00 secs] 
16.594: Total time for which application threads were stopped: 0.0593580 seconds, Stopping threads took: 0.0584930 seconds
16.675: Application time: 0.0803060 seconds
16.738: [GC [PSYoungGen: 13518K->579K(14336K)] 26348K->13410K(46080K), 0.0006230 secs] [Times: user=0.00 sys=0.00, real=0.00 secs] 
16.738: Total time for which application threads were stopped: 0.0636360 seconds, Stopping threads took: 0.0629250 seconds
16.814: Application time: 0.0759070 seconds
16.871: [GC [PSYoungGen: 13292K->336K(14336K)] 26123K->13166K(46080K), 0.0004680 secs] [Times: user=0.00 sys=0.00, real=0.01 secs] 
16.871: Total time for which application threads were stopped: 0.0572290 seconds, Stopping threads took: 0.0566730 seconds
16.945: Application time: 0.0737690 seconds
16.947: [GC [PSYoungGen: 13049K->1524K(14336K)] 25880K->17396K(46080K), 0.0014880 secs] [Times: user=0.01 sys=0.00, real=0.00 secs] 
16.948: Total time for which application threads were stopped: 0.0030920 seconds, Stopping threads took: 0.0015240 seconds
17.024: Application time: 0.0753330 seconds
17.087: [GC [PSYoungGen: 14236K->1524K(14336K)] 30109K->20147K(46080K), 0.0012970 secs] [Times: user=0.00 sys=0.00, real=0.00 secs] 
17.089: Total time for which application threads were stopped: 0.0649020 seconds, Stopping threads took: 0.0635170 seconds
17.165: Application time: 0.0767260 seconds
17.234: [GC [PSYoungGen: 14139K->1394K(14336K)] 32762K->20408K(46080K), 0.0007880 secs] [Times: user=0.00 sys=0.01, real=0.00 secs] 
17.235: Total time for which application threads were stopped: 0.0696930 seconds, Stopping threads took: 0.0688270 seconds
17.322: Application time: 0.0867920 seconds
17.391: [GC [PSYoungGen: 14107K->467K(14336K)] 33121K->19481K(46080K), 0.0004790 secs] [Times: user=0.00 sys=0.00, real=0.00 secs] 
17.392: Total time for which application threads were stopped: 0.0699100 seconds, Stopping threads took: 0.0693660 seconds
17.468: Application time: 0.0762360 seconds
17.529: [GC [PSYoungGen: 13267K->288K(14336K)] 32281K->19302K(46080K), 0.0004140 secs] [Times: user=0.00 sys=0.00, real=0.00 secs] 
17.529: Total time for which application threads were stopped: 0.0610960 seconds, Stopping threads took: 0.0606220 seconds
17.603: Application time: 0.0741470 seconds
17.638: [GC [PSYoungGen: 13049K->1394K(14336K)] 32063K->21189K(46080K), 0.0009560 secs] [Times: user=0.00 sys=0.00, real=0.00 secs] 
17.639: Total time for which application threads were stopped: 0.0357850 seconds, Stopping threads took: 0.0347470 seconds
17.715: Application time: 0.0761890 seconds
17.784: [GC [PSYoungGen: 13912K->662K(14336K)] 33707K->20457K(46080K), 0.0006230 secs] [Times: user=0.00 sys=0.00, real=0.00 secs] 
17.784: Total time for which application threads were stopped: 0.0693000 seconds, Stopping threads took: 0.0685900 seconds
17.862: Application time: 0.0775150 seconds
17.922: [GC [PSYoungGen: 13462K->483K(14336K)] 33257K->20278K(46080K), 0.0005330 secs] [Times: user=0.00 sys=0.00, real=0.00 secs] 
17.923: Total time for which application threads were stopped: 0.0609760 seconds, Stopping threads took: 0.0603520 seconds
17.996: Application time: 0.0733860 seconds
18.031: [GC [PSYoungGen: 13245K->1394K(14336K)] 33040K->22166K(46080K), 0.0009030 secs] [Times: user=0.01 sys=0.00, real=0.01 secs] 
18.032: Total time for which application threads were stopped: 0.0355210 seconds, Stopping threads took: 0.0345400 seconds
18.109: Application time: 0.0772970 seconds
18.171: [GC [PSYoungGen: 14166K->1392K(14336K)] 34938K->22969K(46080K), 0.0010180 secs] [Times: user=0.00 sys=0.00, real=0.00 secs] 
18.173: Total time for which application threads were stopped: 0.0639420 seconds, Stopping threads took: 0.0621470 seconds
18.250: Application time: 0.0765680 seconds
18.319: [GC [PSYoungGen: 14105K->1392K(14336K)] 35682K->23579K(46080K), 0.0010530 secs] [Times: user=0.00 sys=0.00, real=0.01 secs] 
18.320: Total time for which application threads were stopped: 0.0699960 seconds, Stopping threads took: 0.0688640 seconds
18.406: Application time: 0.0864340 seconds
18.473: [GC [PSYoungGen: 14007K->531K(14336K)] 36195K->22750K(46080K), 0.0006320 secs] [Times: user=0.00 sys=0.00, real=0.00 secs] 
18.473: Total time for which application threads were stopped: 0.0670870 seconds, Stopping threads took: 0.0663640 seconds
18.551: Application time: 0.0774110 seconds
18.585: [GC [PSYoungGen: 13146K->1490K(14336K)] 35365K->24702K(46080K), 0.0009410 secs] [Times: user=0.01 sys=0.01, real=0.00 secs] 
18.586: Total time for which application threads were stopped: 0.0353080 seconds, Stopping threads took: 0.0342800 seconds
18.676: Application time: 0.0900870 seconds
18.741: [GC [PSYoungGen: 14203K->1165K(14336K)] 37415K->24393K(46080K), 0.0006380 secs] [Times: user=0.00 sys=0.00, real=0.00 secs] 
18.742: Total time for which application threads were stopped: 0.0655040 seconds, Stopping threads took: 0.0647750 seconds
18.837: Application time: 0.0952540 seconds
18.900: [GC [PSYoungGen: 13683K->758K(14336K)] 36910K->23986K(46080K), 0.0005200 secs] [Times: user=0.00 sys=0.00, real=0.00 secs] 
18.901: Total time for which application threads were stopped: 0.0639890 seconds, Stopping threads took: 0.0633810 seconds
18.976: Application time: 0.0757080 seconds
19.037: [GC [PSYoungGen: 13550K->595K(14336K)] 36777K->23823K(46080K), 0.0005870 secs] [Times: user=0.00 sys=0.00, real=0.00 secs] 
19.038: Total time for which application threads were stopped: 0.0615630 seconds, Stopping threads took: 0.0609100 seconds
19.112: Application time: 0.0740720 seconds
19.147: [GC [PSYoungGen: 13367K->1376K(14336K)] 36594K->24604K(46080K), 0.0007820 secs] [Times: user=0.01 sys=0.00, real=0.00 secs] 
19.148: Total time for which application threads were stopped: 0.0355780 seconds, Stopping threads took: 0.0347260 seconds
19.224: Application time: 0.0767050 seconds
19.285: [GC [PSYoungGen: 13894K->970K(14336K)] 37122K->24197K(46080K), 0.0008250 secs] [Times: user=0.01 sys=0.00, real=0.00 secs] 
19.286: Total time for which application threads were stopped: 0.0614640 seconds, Stopping threads took: 0.0605570 seconds
19.361: Application time: 0.0752380 seconds
19.396: [GC [PSYoungGen: 13683K->1392K(14336K)] 36910K->26183K(46080K), 0.0010770 secs] [Times: user=0.00 sys=0.00, real=0.00 secs] 
19.397: Total time for which application threads were stopped: 0.0355370 seconds, Stopping threads took: 0.0343910 seconds
19.472: Application time: 0.0754410 seconds
19.542: [GC [PSYoungGen: 14047K->1344K(14336K)] 38837K->26143K(46080K), 0.0007270 secs] [Times: user=0.01 sys=0.00, real=0.00 secs] 
19.543: Total time for which application threads were stopped: 0.0707370 seconds, Stopping threads took: 0.0699160 seconds
19.618: Application time: 0.0748670 seconds
19.651: [GC [PSYoungGen: 13921K->1506K(14336K)] 38719K->27875K(46080K), 0.0011200 secs] [Times: user=0.00 sys=0.00, real=0.01 secs] 
19.652: Total time for which application threads were stopped: 0.0343160 seconds, Stopping threads took: 0.0331270 seconds
19.732: Application time: 0.0796590 seconds
19.799: [GC [PSYoungGen: 14121K->611K(14336K)] 40490K->26980K(46080K), 0.0005920 secs] [Times: user=0.00 sys=0.00, real=0.00 secs] 
19.800: Total time for which application threads were stopped: 0.0680490 seconds, Stopping threads took: 0.0673840 seconds
19.875: Application time: 0.0755020 seconds
19.937: [GC [PSYoungGen: 13324K->336K(14336K)] 39693K->26721K(46080K), 0.0004180 secs] [Times: user=0.00 sys=0.00, real=0.00 secs] 
19.937: Total time for which application threads were stopped: 0.0619710 seconds, Stopping threads took: 0.0614910 seconds
20.012: Application time: 0.0746030 seconds
20.045: [GC [PSYoungGen: 12951K->1165K(14336K)] 39336K->27558K(46080K), 0.0006430 secs] [Times: user=0.00 sys=0.00, real=0.00 secs] 
20.046: Total time for which application threads were stopped: 0.0342700 seconds, Stopping threads took: 0.0335600 seconds
20.123: Application time: 0.0767990 seconds
20.172: [GC [PSYoungGen: 13761K->774K(14336K)] 40154K->27183K(46080K), 0.0006100 secs] [Times: user=0.00 sys=0.00, real=0.00 secs] 
20.173: Total time for which application threads were stopped: 0.0501960 seconds, Stopping threads took: 0.0495130 seconds
20.250: Application time: 0.0770940 seconds
20.315: [GC [PSYoungGen: 13565K->595K(14336K)] 39974K->27004K(46080K), 0.0005140 secs] [Times: user=0.00 sys=0.00, real=0.00 secs] 
20.316: Total time for which application threads were stopped: 0.0656440 seconds, Stopping threads took: 0.0650600 seconds
20.392: Application time: 0.0758930 seconds
20.454: [GC [PSYoungGen: 13308K->336K(14336K)] 39717K->26745K(46080K), 0.0007560 secs] [Times: user=0.00 sys=0.00, real=0.00 secs] 
20.454: Total time for which application threads were stopped: 0.0625920 seconds, Stopping threads took: 0.0617510 seconds
20.528: Application time: 0.0736380 seconds
20.563: [GC [PSYoungGen: 12951K->1085K(14336K)] 39360K->27494K(46080K), 0.0008870 secs] [Times: user=0.01 sys=0.00, real=0.00 secs] 
20.564: Total time for which application threads were stopped: 0.0355800 seconds, Stopping threads took: 0.0346120 seconds
20.641: Application time: 0.0773640 seconds
20.693: [GC [PSYoungGen: 13876K->970K(14336K)] 40285K->27379K(46080K), 0.0005730 secs] [Times: user=0.01 sys=0.00, real=0.00 secs] 
20.694: Total time for which application threads were stopped: 0.0529980 seconds, Stopping threads took: 0.0523590 seconds
20.770: Application time: 0.0758600 seconds
20.831: [GC [PSYoungGen: 13615K->547K(14336K)] 40024K->26956K(46080K), 0.0006910 secs] [Times: user=0.00 sys=0.00, real=0.01 secs] 
20.831: Total time for which application threads were stopped: 0.0615600 seconds, Stopping threads took: 0.0607750 seconds
20.906: Application time: 0.0742730 seconds
20.940: [GC [PSYoungGen: 13152K->1376K(14336K)] 39561K->29746K(46080K), 0.0011240 secs] [Times: user=0.01 sys=0.00, real=0.00 secs] 
20.941: Total time for which application threads were stopped: 0.0357740 seconds, Stopping threads took: 0.0345820 seconds
21.020: Application time: 0.0782020 seconds
21.084: [GC [PSYoungGen: 13894K->1442K(14336K)] 42264K->30211K(46080K), 0.0009060 secs] [Times: user=0.00 sys=0.00, real=0.00 secs] 
21.085: Total time for which application threads were stopped: 0.0649500 seconds, Stopping threads took: 0.0639510 seconds
21.164: Application time: 0.0790240 seconds
21.217: [GC [PSYoungGen: 14233K->1522K(14336K)] 43002K->32635K(46080K), 0.0013950 secs] [Times: user=0.00 sys=0.00, real=0.00 secs] 
21.218: [Full GC [PSYoungGen: 1522K->0K(14336K)] [ParOldGen: 31112K->5753K(31744K)] 32635K->5753K(46080K) [PSPermGen: 5108K->5108K(21504K)], 0.0099620 secs] [Times: user=0.05 sys=0.00, real=0.01 secs] 
21.228: Total time for which application threads were stopped: 0.0644280 seconds, Stopping threads took: 0.0529160 seconds
21.306: Application time: 0.0782420 seconds
21.374: [GC [PSYoungGen: 12712K->256K(14336K)] 18466K->6009K(46080K), 0.0004320 secs] [Times: user=0.00 sys=0.00, real=0.00 secs] 
21.374: Total time for which application threads were stopped: 0.0679200 seconds, Stopping threads took: 0.0674060 seconds
21.448: Application time: 0.0740300 seconds
21.483: [GC [PSYoungGen: 12871K->1005K(14336K)] 18625K->6759K(46080K), 0.0005290 secs] [Times: user=0.00 sys=0.00, real=0.00 secs] 
21.483: Total time for which application threads were stopped: 0.0351600 seconds, Stopping threads took: 0.0345650 seconds
21.578: Application time: 0.0945790 seconds
21.637: [GC [PSYoungGen: 13601K->582K(14336K)] 19355K->6336K(46080K), 0.0005830 secs] [Times: user=0.00 sys=0.00, real=0.00 secs] 
21.638: Total time for which application threads were stopped: 0.0596960 seconds, Stopping threads took: 0.0590280 seconds
21.713: Application time: 0.0755730 seconds
21.771: [GC [PSYoungGen: 13295K->387K(14336K)] 19049K->6141K(46080K), 0.0003980 secs] [Times: user=0.00 sys=0.00, real=0.01 secs] 
21.771: Total time for which application threads were stopped: 0.0578170 seconds, Stopping threads took: 0.0573430 seconds
21.847: Application time: 0.0756100 seconds
21.907: [GC [PSYoungGen: 13180K->192K(14336K)] 18934K->5945K(46080K), 0.0003850 secs] [Times: user=0.00 sys=0.00, real=0.00 secs] 
21.907: Total time for which application threads were stopped: 0.0606860 seconds, Stopping threads took: 0.0602240 seconds
21.981: Application time: 0.0736590 seconds
22.016: [GC [PSYoungGen: 12885K->1525K(14336K)] 18639K->7865K(46080K), 0.0008020 secs] [Times: user=0.00 sys=0.00, real=0.00 secs] 
22.017: Total time for which application threads were stopped: 0.0356530 seconds, Stopping threads took: 0.0347560 seconds
22.095: Application time: 0.0780400 seconds
22.160: [GC [PSYoungGen: 14140K->1525K(14336K)] 20480K->9232K(46080K), 0.0011350 secs] [Times: user=0.01 sys=0.00, real=0.00 secs] 
22.161: Total time for which application threads were stopped: 0.0660660 seconds, Stopping threads took: 0.0648340 seconds
22.237: Application time: 0.0759910 seconds
22.289: [GC [PSYoungGen: 14219K->1412K(14336K)] 21926K->10291K(46080K), 0.0011090 secs] [Times: user=0.01 sys=0.00, real=0.00 secs] 
22.290: Total time for which application threads were stopped: 0.0533540 seconds, Stopping threads took: 0.0521760 seconds
22.382: Application time: 0.0920870 seconds
22.445: [GC [PSYoungGen: 14212K->288K(14336K)] 23091K->9167K(46080K), 0.0004910 secs] [Times: user=0.00 sys=0.00, real=0.00 secs] 
22.446: Total time for which application threads were stopped: 0.0637610 seconds, Stopping threads took: 0.0631980 seconds
22.522: Application time: 0.0764120 seconds
22.582: [GC [PSYoungGen: 13049K->1133K(14336K)] 21929K->10012K(46080K), 0.0005570 secs] [Times: user=0.00 sys=0.00, real=0.00 secs] 
22.583: Total time for which application threads were stopped: 0.0601330 seconds, Stopping threads took: 0.0595130 seconds
22.661: Application time: 0.0786260 seconds
22.722: [GC [PSYoungGen: 13729K->726K(14336K)] 22608K->9605K(46080K), 0.0006910 secs] [Times: user=0.00 sys=0.00, real=0.00 secs] 
22.723: Total time for which application threads were stopped: 0.0618980 seconds, Stopping threads took: 0.0611180 seconds
22.801: Application time: 0.0775570 seconds
22.850: [GC [PSYoungGen: 13439K->547K(14336K)] 22318K->9426K(46080K), 0.0004910 secs] [Times: user=0.00 sys=0.00, real=0.00 secs] 
22.850: Total time for which application threads were stopped: 0.0493590 seconds, Stopping threads took: 0.0488120 seconds
22.926: Application time: 0.0763890 seconds
22.986: [GC [PSYoungGen: 13338K->336K(14336K)] 22217K->9215K(46080K), 0.0003960 secs] [Times: user=0.01 sys=0.00, real=0.00 secs] 
22.987: Total time for which application threads were stopped: 0.0601850 seconds, Stopping threads took: 0.0597120 seconds
23.060: Application time: 0.0733380 seconds
23.095: [GC [PSYoungGen: 13127K->1474K(14336K)] 22006K->12306K(46080K), 0.0011330 secs] [Times: user=0.01 sys=0.00, real=0.00 secs] 
23.096: Total time for which application threads were stopped: 0.0362800 seconds, Stopping threads took: 0.0350820 seconds
23.174: Application time: 0.0781310 seconds
23.242: [GC [PSYoungGen: 13894K->742K(14336K)] 24726K->11574K(46080K), 0.0004820 secs] [Times: user=0.00 sys=0.00, real=0.00 secs] 
23.243: Total time for which application threads were stopped: 0.0689460 seconds, Stopping threads took: 0.0672590 seconds
23.319: Application time: 0.0759050 seconds
23.380: [GC [PSYoungGen: 13455K->547K(14336K)] 24288K->11411K(46080K), 0.0004910 secs] [Times: user=0.00 sys=0.00, real=0.00 secs] 
23.381: Total time for which application threads were stopped: 0.0616830 seconds, Stopping threads took: 0.0611290 seconds
23.457: Application time: 0.0759980 seconds
23.514: [GC [PSYoungGen: 13338K->336K(14336K)] 24202K->11200K(46080K), 0.0004450 secs] [Times: user=0.00 sys=0.00, real=0.00 secs] 
23.514: Total time for which application threads were stopped: 0.0574250 seconds, Stopping threads took: 0.0568930 seconds
23.588: Application time: 0.0735160 seconds
23.622: [GC [PSYoungGen: 12951K->1442K(14336K)] 23815K->13103K(46080K), 0.0011300 secs] [Times: user=0.00 sys=0.00, real=0.00 secs] 
23.623: Total time for which application threads were stopped: 0.0355460 seconds, Stopping threads took: 0.0343190 seconds
23.702: Application time: 0.0787580 seconds
23.764: [GC [PSYoungGen: 14119K->1149K(14336K)] 25781K->13592K(46080K), 0.0010610 secs] [Times: user=0.00 sys=0.00, real=0.00 secs] 
23.765: Total time for which application threads were stopped: 0.0628780 seconds, Stopping threads took: 0.0617270 seconds
23.846: Application time: 0.0805290 seconds
23.913: [GC [PSYoungGen: 13839K->1181K(14336K)] 26282K->14046K(46080K), 0.0009110 secs] [Times: user=0.01 sys=0.00, real=0.00 secs] 
23.914: Total time for which application threads were stopped: 0.0686790 seconds, Stopping threads took: 0.0676800 seconds
23.990: Application time: 0.0759590 seconds
24.050: [GC [PSYoungGen: 13894K->1376K(14336K)] 26759K->14258K(46080K), 0.0006750 secs] [Times: user=0.01 sys=0.00, real=0.01 secs] 
24.051: Total time for which application threads were stopped: 0.0608550 seconds, Stopping threads took: 0.0600770 seconds
24.129: Application time: 0.0774880 seconds
24.180: [GC [PSYoungGen: 13855K->790K(14336K)] 26737K->13672K(46080K), 0.0005540 secs] [Times: user=0.01 sys=0.00, real=0.00 secs] 
24.181: Total time for which application threads were stopped: 0.0522780 seconds, Stopping threads took: 0.0516620 seconds
24.258: Application time: 0.0775770 seconds
24.294: [GC [PSYoungGen: 13562K->1360K(14336K)] 26443K->14453K(46080K), 0.0006510 secs] [Times: user=0.00 sys=0.00, real=0.00 secs] 
24.295: Total time for which application threads were stopped: 0.0364800 seconds, Stopping threads took: 0.0357620 seconds
24.372: Application time: 0.0770060 seconds
24.435: [GC [PSYoungGen: 14073K->1376K(14336K)] 27166K->14493K(46080K), 0.0006560 secs] [Times: user=0.01 sys=0.00, real=0.00 secs] 
24.436: Total time for which application threads were stopped: 0.0637210 seconds, Stopping threads took: 0.0629940 seconds
24.511: Application time: 0.0753160 seconds
24.546: [GC [PSYoungGen: 13992K->1524K(14336K)] 27108K->15290K(46080K), 0.0008680 secs] [Times: user=0.00 sys=0.00, real=0.00 secs] 
24.547: Total time for which application threads were stopped: 0.0364060 seconds, Stopping threads took: 0.0354740 seconds
24.624: Application time: 0.0769490 seconds
24.691: [GC [PSYoungGen: 14139K->742K(14336K)] 27905K->14517K(46080K), 0.0004900 secs] [Times: user=0.00 sys=0.00, real=0.01 secs] 
24.691: Total time for which application threads were stopped: 0.0668100 seconds, Stopping threads took: 0.0662460 seconds
24.769: Application time: 0.0782550 seconds
24.804: [GC [PSYoungGen: 13358K->1442K(14336K)] 27132K->16389K(46080K), 0.0009310 secs] [Times: user=0.00 sys=0.00, real=0.00 secs] 
24.805: Total time for which application threads were stopped: 0.0352400 seconds, Stopping threads took: 0.0342420 seconds
24.880: Application time: 0.0754200 seconds
24.941: [GC [PSYoungGen: 14233K->1426K(14336K)] 29180K->17365K(46080K), 0.0008980 secs] [Times: user=0.00 sys=0.00, real=0.00 secs] 
24.942: Total time for which application threads were stopped: 0.0623670 seconds, Stopping threads took: 0.0613750 seconds
25.020: Application time: 0.0771680 seconds
25.086: [GC [PSYoungGen: 14139K->1101K(14336K)] 30078K->17048K(46080K), 0.0006480 secs] [Times: user=0.00 sys=0.00, real=0.00 secs] 
25.087: Total time for which application threads were stopped: 0.0674490 seconds, Stopping threads took: 0.0667110 seconds
25.162: Application time: 0.0753050 seconds
25.198: [GC [PSYoungGen: 13716K->1524K(14336K)] 29664K->17862K(46080K), 0.0009590 secs] [Times: user=0.00 sys=0.00, real=0.00 secs] 
25.199: Total time for which application threads were stopped: 0.0365170 seconds, Stopping threads took: 0.0354680 seconds
25.280: Application time: 0.0807200 seconds
25.343: [GC [PSYoungGen: 14295K->563K(14336K)] 30633K->16901K(46080K), 0.0004860 secs] [Times: user=0.00 sys=0.00, real=0.00 secs] 
25.344: Total time for which application threads were stopped: 0.0640260 seconds, Stopping threads took: 0.0634770 seconds
25.422: Application time: 0.0783320 seconds
25.475: [GC [PSYoungGen: 13257K->1360K(14336K)] 29595K->17706K(46080K), 0.0006110 secs] [Times: user=0.00 sys=0.00, real=0.00 secs] 
25.476: Total time for which application threads were stopped: 0.0538640 seconds, Stopping threads took: 0.0531880 seconds
25.552: Application time: 0.0764970 seconds
25.613: [GC [PSYoungGen: 13839K->726K(14336K)] 30185K->17072K(46080K), 0.0007930 secs] [Times: user=0.00 sys=0.00, real=0.00 secs] 
25.614: Total time for which application threads were stopped: 0.0617220 seconds, Stopping threads took: 0.0608620 seconds
25.690: Application time: 0.0763400 seconds
25.750: [GC [PSYoungGen: 13400K->368K(14336K)] 29746K->16722K(46080K), 0.0007230 secs] [Times: user=0.00 sys=0.00, real=0.00 secs] 
25.751: Total time for which application threads were stopped: 0.0605010 seconds, Stopping threads took: 0.0596980 seconds
25.825: Application time: 0.0737590 seconds
25.859: [GC [PSYoungGen: 12983K->1474K(14336K)] 29337K->18625K(46080K), 0.0009580 secs] [Times: user=0.01 sys=0.00, real=0.01 secs] 
25.860: Total time for which application threads were stopped: 0.0350930 seconds, Stopping threads took: 0.0340640 seconds
25.958: Application time: 0.0978900 seconds
26.021: [GC [PSYoungGen: 13992K->790K(14336K)] 31143K->17942K(46080K), 0.0005510 secs] [Times: user=0.01 sys=0.00, real=0.00 secs] 
26.022: Total time for which application threads were stopped: 0.0641280 seconds, Stopping threads took: 0.0635130 seconds
26.110: Application time: 0.0885040 seconds
26.171: [GC [PSYoungGen: 13582K->579K(14336K)] 30733K->17738K(46080K), 0.0006690 secs] [Times: user=0.01 sys=0.00, real=0.01 secs] 
26.172: Total time for which application threads were stopped: 0.0613790 seconds, Stopping threads took: 0.0606430 seconds
26.248: Application time: 0.0764840 seconds
26.310: [GC [PSYoungGen: 13292K->336K(14336K)] 30451K->17503K(46080K), 0.0004460 secs] [Times: user=0.00 sys=0.00, real=0.00 secs] 
26.310: Total time for which application threads were stopped: 0.0622350 seconds, Stopping threads took: 0.0616970 seconds
26.384: Application time: 0.0731450 seconds
26.419: [GC [PSYoungGen: 12951K->1458K(14336K)] 30118K->19407K(46080K), 0.0009040 secs] [Times: user=0.01 sys=0.00, real=0.00 secs] 
26.420: Total time for which application threads were stopped: 0.0366590 seconds, Stopping threads took: 0.0356820 seconds
26.518: Application time: 0.0973330 seconds
26.582: [GC [PSYoungGen: 13976K->726K(14336K)] 31924K->18683K(46080K), 0.0006030 secs] [Times: user=0.00 sys=0.00, real=0.00 secs] 
26.582: Total time for which application threads were stopped: 0.0647460 seconds, Stopping threads took: 0.0640770 seconds
26.662: Application time: 0.0795930 seconds
26.697: [GC [PSYoungGen: 13342K->1344K(14336K)] 31298K->19496K(46080K), 0.0007240 secs] [Times: user=0.00 sys=0.00, real=0.00 secs] 
26.698: Total time for which application threads were stopped: 0.0357570 seconds, Stopping threads took: 0.0349630 seconds
26.773: Application time: 0.0750190 seconds
26.823: [GC [PSYoungGen: 14116K->1392K(14336K)] 32268K->20521K(46080K), 0.0009860 secs] [Times: user=0.01 sys=0.00, real=0.00 secs] 
26.824: Total time for which application threads were stopped: 0.0512370 seconds, Stopping threads took: 0.0501690 seconds
26.900: Application time: 0.0763270 seconds
26.969: [GC [PSYoungGen: 13812K->806K(14336K)] 32941K->19943K(46080K), 0.0005850 secs] [Times: user=0.00 sys=0.00, real=0.00 secs] 
26.970: Total time for which application threads were stopped: 0.0693320 seconds, Stopping threads took: 0.0686840 seconds
27.055: Application time: 0.0850450 seconds
27.117: [GC [PSYoungGen: 13500K->1213K(14336K)] 32636K->20740K(46080K), 0.0006900 secs] [Times: user=0.01 sys=0.00, real=0.00 secs] 
27.118: Total time for which application threads were stopped: 0.0629040 seconds, Stopping threads took: 0.0621490 seconds
27.192: Application time: 0.0746100 seconds
27.226: [GC [PSYoungGen: 13965K->1508K(14336K)] 33493K->22873K(46080K), 0.0011310 secs] [Times: user=0.00 sys=0.00, real=0.00 secs] 
27.227: Total time for which application threads were stopped: 0.0347100 seconds, Stopping threads took: 0.0335100 seconds
27.305: Application time: 0.0784820 seconds
27.369: [GC [PSYoungGen: 14201K->1508K(14336K)] 35566K->23271K(46080K), 0.0008410 secs] [Times: user=0.01 sys=0.00, real=0.00 secs] 
27.370: Total time for which application threads were stopped: 0.0642340 seconds, Stopping threads took: 0.0632880 seconds
27.458: Application time: 0.0884150 seconds
27.520: [GC [PSYoungGen: 14201K->483K(14336K)] 35965K->22263K(46080K), 0.0004700 secs] [Times: user=0.00 sys=0.00, real=0.00 secs] 
27.520: Total time for which application threads were stopped: 0.0623650 seconds, Stopping threads took: 0.0618280 seconds
27.598: Application time: 0.0779290 seconds
27.665: [GC [PSYoungGen: 13196K->288K(14336K)] 34976K->22083K(46080K), 0.0004860 secs] [Times: user=0.00 sys=0.00, real=0.00 secs] 
27.665: Total time for which application threads were stopped: 0.0672000 seconds, Stopping threads took: 0.0666280 seconds
27.739: Application time: 0.0738900 seconds
27.774: [GC [PSYoungGen: 12903K->1069K(14336K)] 34699K->22881K(46080K), 0.0006270 secs] [Times: user=0.00 sys=0.00, real=0.00 secs] 
27.775: Total time for which application threads were stopped: 0.0352720 seconds, Stopping threads took: 0.0345760 seconds
27.868: Application time: 0.0934460 seconds
27.923: [GC [PSYoungGen: 13587K->662K(14336K)] 35399K->22474K(46080K), 0.0006740 secs] [Times: user=0.01 sys=0.00, real=0.00 secs] 
27.924: Total time for which application threads were stopped: 0.0559590 seconds, Stopping threads took: 0.0551910 seconds
28.000: Application time: 0.0757150 seconds
28.062: [GC [PSYoungGen: 13375K->483K(14336K)] 35187K->22295K(46080K), 0.0006460 secs] [Times: user=0.00 sys=0.00, real=0.00 secs] 
28.062: Total time for which application threads were stopped: 0.0624330 seconds, Stopping threads took: 0.0617230 seconds
28.137: Application time: 0.0744260 seconds
28.172: [GC [PSYoungGen: 13255K->1312K(14336K)] 35067K->23132K(46080K), 0.0006650 secs] [Times: user=0.00 sys=0.00, real=0.00 secs] 
28.172: Total time for which application threads were stopped: 0.0356960 seconds, Stopping threads took: 0.0349640 seconds
28.248: Application time: 0.0758770 seconds
28.302: [GC [PSYoungGen: 14104K->1149K(14336K)] 35924K->22969K(46080K), 0.0007580 secs] [Times: user=0.00 sys=0.00, real=0.00 secs] 
28.304: Total time for which application threads were stopped: 0.0556310 seconds, Stopping threads took: 0.0540070 seconds
28.386: Application time: 0.0820540 seconds
28.420: [GC [PSYoungGen: 13667K->1525K(14336K)] 35487K->25841K(46080K), 0.0013820 secs] [Times: user=0.01 sys=0.00, real=0.00 secs] 
28.421: Total time for which application threads were stopped: 0.0352790 seconds, Stopping threads took: 0.0338070 seconds
28.498: Application time: 0.0768450 seconds
28.566: [GC [PSYoungGen: 14316K->1525K(14336K)] 38632K->25841K(46080K), 0.0007340 secs] [Times: user=0.00 sys=0.00, real=0.00 secs] 
28.567: Total time for which application threads were stopped: 0.0686870 seconds, Stopping threads took: 0.0678780 seconds
28.662: Application time: 0.0957760 seconds
28.726: [GC [PSYoungGen: 14316K->256K(14336K)] 38632K->24571K(46080K), 0.0005140 secs] [Times: user=0.00 sys=0.00, real=0.00 secs] 
28.727: Total time for which application threads were stopped: 0.0641140 seconds, Stopping threads took: 0.0635150 seconds
28.804: Application time: 0.0773110 seconds
28.837: [GC [PSYoungGen: 12949K->1037K(14336K)] 37265K->25369K(46080K), 0.0009680 secs] [Times: user=0.01 sys=0.00, real=0.00 secs] 
28.838: Total time for which application threads were stopped: 0.0341600 seconds, Stopping threads took: 0.0331090 seconds
28.914: Application time: 0.0756400 seconds
28.949: [GC [PSYoungGen: 13711K->1394K(14336K)] 38043K->26116K(46080K), 0.0008360 secs] [Times: user=0.00 sys=0.00, real=0.00 secs] 
28.950: Total time for which application threads were stopped: 0.0362800 seconds, Stopping threads took: 0.0353740 seconds
29.037: Application time: 0.0866950 seconds
29.092: [GC [PSYoungGen: 14009K->1491K(14336K)] 38732K->26222K(46080K), 0.0007190 secs] [Times: user=0.01 sys=0.00, real=0.00 secs] 
29.093: Total time for which application threads were stopped: 0.0563720 seconds, Stopping threads took: 0.0555670 seconds
29.170: Application time: 0.0770940 seconds
29.233: [GC [PSYoungGen: 14205K->1264K(14336K)] 38935K->26003K(46080K), 0.0008840 secs] [Times: user=0.00 sys=0.00, real=0.00 secs] 
29.234: Total time for which application threads were stopped: 0.0635640 seconds, Stopping threads took: 0.0625870 seconds
29.311: Application time: 0.0770720 seconds
29.360: [GC [PSYoungGen: 13977K->1053K(14336K)] 38716K->25799K(46080K), 0.0005840 secs] [Times: user=0.00 sys=0.00, real=0.00 secs] 
29.361: Total time for which application threads were stopped: 0.0501950 seconds, Stopping threads took: 0.0495350 seconds
29.452: Application time: 0.0912780 seconds
29.515: [GC [PSYoungGen: 13571K->726K(14336K)] 38317K->25481K(46080K), 0.0006480 secs] [Times: user=0.00 sys=0.01, real=0.00 secs] 
29.516: Total time for which application threads were stopped: 0.0633660 seconds, Stopping threads took: 0.0626490 seconds
29.594: Application time: 0.0782350 seconds
29.649: [GC [PSYoungGen: 13392K->1360K(14336K)] 38146K->26310K(46080K), 0.0006950 secs] [Times: user=0.00 sys=0.00, real=0.00 secs] 
29.650: Total time for which application threads were stopped: 0.0560280 seconds, Stopping threads took: 0.0552410 seconds
29.726: Application time: 0.0764430 seconds
29.788: [GC [PSYoungGen: 14062K->1165K(14336K)] 39012K->26115K(46080K), 0.0006130 secs] [Times: user=0.01 sys=0.00, real=0.00 secs] 
29.789: Total time for which application threads were stopped: 0.0625630 seconds, Stopping threads took: 0.0618650 seconds
29.864: Application time: 0.0750930 seconds
29.914: [GC [PSYoungGen: 13780K->1165K(14336K)] 38730K->26896K(46080K), 0.0009560 secs] [Times: user=0.00 sys=0.00, real=0.00 secs] 
29.915: Total time for which application threads were stopped: 0.0510320 seconds, Stopping threads took: 0.0499860 seconds
29.991: Application time: 0.0763540 seconds
30.054: [GC [PSYoungGen: 13956K->1360K(14336K)] 39687K->27482K(46080K), 0.0007800 secs] [Times: user=0.00 sys=0.00, real=0.00 secs] 
30.055: Total time for which application threads were stopped: 0.0635100 seconds, Stopping threads took: 0.0626420 seconds
30.132: Application time: 0.0767420 seconds
30.196: [GC [PSYoungGen: 14151K->1344K(14336K)] 40273K->27669K(46080K), 0.0008030 secs] [Times: user=0.01 sys=0.00, real=0.00 secs] 
30.197: Total time for which application threads were stopped: 0.0649550 seconds, Stopping threads took: 0.0640760 seconds
30.275: Application time: 0.0787850 seconds
30.340: [GC [PSYoungGen: 14018K->1149K(14336K)] 40343K->27482K(46080K), 0.0006200 secs] [Times: user=0.01 sys=0.00, real=0.00 secs] 
30.341: Total time for which application threads were stopped: 0.0652430 seconds, Stopping threads took: 0.0645540 seconds
30.435: Application time: 0.0938940 seconds
30.495: [GC [PSYoungGen: 13745K->742K(14336K)] 40078K->27075K(46080K), 0.0005970 secs] [Times: user=0.00 sys=0.00, real=0.00 secs] 
30.496: Total time for which application threads were stopped: 0.0613700 seconds, Stopping threads took: 0.0607050 seconds
30.576: Application time: 0.0799200 seconds
30.612: [GC [PSYoungGen: 13455K->1506K(14336K)] 39789K->30191K(46080K), 0.0013080 secs] [Times: user=0.01 sys=0.00, real=0.00 secs] 
30.613: Total time for which application threads were stopped: 0.0373150 seconds, Stopping threads took: 0.0359270 seconds
30.690: Application time: 0.0766930 seconds
30.758: [GC [PSYoungGen: 14219K->1426K(14336K)] 42904K->30119K(46080K), 0.0007620 secs] [Times: user=0.00 sys=0.00, real=0.00 secs] 
30.759: Total time for which application threads were stopped: 0.0688970 seconds, Stopping threads took: 0.0680380 seconds
30.835: Application time: 0.0763190 seconds
30.896: [GC [PSYoungGen: 14041K->1117K(14336K)] 42734K->29826K(46080K), 0.0006630 secs] [Times: user=0.00 sys=0.00, real=0.00 secs] 
30.897: Total time for which application threads were stopped: 0.0618210 seconds, Stopping threads took: 0.0610860 seconds
30.978: Application time: 0.0813030 seconds
31.024: [GC [PSYoungGen: 13811K->1392K(14336K)] 42520K->30695K(46080K), 0.0008180 secs] [Times: user=0.00 sys=0.00, real=0.00 secs] 
31.025: Total time for which application threads were stopped: 0.0470170 seconds, Stopping threads took: 0.0461300 seconds
31.103: Application time: 0.0780790 seconds
31.164: [GC [PSYoungGen: 13910K->1392K(14336K)] 43213K->30891K(46080K), 0.0007610 secs] [Times: user=0.00 sys=0.00, real=0.00 secs] 
31.165: Total time for which application threads were stopped: 0.0617290 seconds, Stopping threads took: 0.0608990 seconds
31.240: Application time: 0.0752230 seconds
31.275: [GC [PSYoungGen: 14105K->1408K(14336K)] 43604K->33055K(46080K), 0.0013120 secs] [Times: user=0.01 sys=0.00, real=0.00 secs] 
31.277: [Full GC [PSYoungGen: 1408K->0K(14336K)] [ParOldGen: 31646K->5465K(31744K)] 33055K->5465K(46080K) [PSPermGen: 5109K->5109K(21504K)], 0.0051840 secs] [Times: user=0.02 sys=0.00, real=0.01 secs] 
31.282: Total time for which application threads were stopped: 0.0417340 seconds, Stopping threads took: 0.0350940 seconds
31.359: Application time: 0.0771680 seconds
31.427: [GC [PSYoungGen: 12595K->841K(14336K)] 18061K->6307K(46080K), 0.0005020 secs] [Times: user=0.00 sys=0.00, real=0.00 secs] 
31.428: Total time for which application threads were stopped: 0.0687360 seconds, Stopping threads took: 0.0681690 seconds
31.503: Application time: 0.0752410 seconds
31.550: [GC [PSYoungGen: 13594K->1525K(14336K)] 19059K->6991K(46080K), 0.0006850 secs] [Times: user=0.00 sys=0.00, real=0.00 secs] 
31.551: Total time for which application threads were stopped: 0.0474010 seconds, Stopping threads took: 0.0466500 seconds
31.627: Application time: 0.0761910 seconds
31.689: [GC [PSYoungGen: 14297K->1264K(14336K)] 19762K->6730K(46080K), 0.0006730 secs] [Times: user=0.01 sys=0.00, real=0.00 secs] 
31.689: Total time for which application threads were stopped: 0.0625230 seconds, Stopping threads took: 0.0617810 seconds
31.767: Application time: 0.0775520 seconds
31.816: [GC [PSYoungGen: 13977K->1085K(14336K)] 19443K->6550K(46080K), 0.0005870 secs] [Times: user=0.01 sys=0.00, real=0.00 secs] 
31.817: Total time for which application threads were stopped: 0.0498660 seconds, Stopping threads took: 0.0492020 seconds
31.899: Application time: 0.0824560 seconds
31.963: [GC [PSYoungGen: 13603K->1426K(14336K)] 19068K->7282K(46080K), 0.0007260 secs] [Times: user=0.00 sys=0.00, real=0.00 secs] 
31.964: Total time for which application threads were stopped: 0.0648470 seconds, Stopping threads took: 0.0640580 seconds
32.040: Application time: 0.0758880 seconds
32.093: [GC [PSYoungGen: 14117K->1360K(14336K)] 19974K->7412K(46080K), 0.0008810 secs] [Times: user=0.00 sys=0.00, real=0.00 secs] 
32.094: Total time for which application threads were stopped: 0.0541550 seconds, Stopping threads took: 0.0532080 seconds
32.170: Application time: 0.0762430 seconds
32.233: [GC [PSYoungGen: 14073K->1328K(14336K)] 20125K->7380K(46080K), 0.0007850 secs] [Times: user=0.01 sys=0.00, real=0.00 secs] 
32.234: Total time for which application threads were stopped: 0.0638380 seconds, Stopping threads took: 0.0629810 seconds
32.311: Application time: 0.0772600 seconds
32.360: [GC [PSYoungGen: 14041K->1069K(14336K)] 20093K->7120K(46080K), 0.0007030 secs] [Times: user=0.00 sys=0.00, real=0.00 secs] 
32.361: Total time for which application threads were stopped: 0.0496340 seconds, Stopping threads took: 0.0488330 seconds
32.453: Application time: 0.0914640 seconds
32.509: [GC [PSYoungGen: 13665K->726K(14336K)] 19716K->6778K(46080K), 0.0007660 secs] [Times: user=0.00 sys=0.00, real=0.00 secs] 
32.510: Total time for which application threads were stopped: 0.0574690 seconds, Stopping threads took: 0.0566160 seconds
32.585: Application time: 0.0748940 seconds
32.621: [GC [PSYoungGen: 13439K->1376K(14336K)] 19491K->8795K(46080K), 0.0010740 secs] [Times: user=0.01 sys=0.01, real=0.00 secs] 
32.622: Total time for which application threads were stopped: 0.0368470 seconds, Stopping threads took: 0.0356760 seconds
32.697: Application time: 0.0754040 seconds
32.763: [GC [PSYoungGen: 14089K->1458K(14336K)] 21508K->8877K(46080K), 0.0009110 secs] [Times: user=0.00 sys=0.00, real=0.00 secs] 
32.764: Total time for which application threads were stopped: 0.0667760 seconds, Stopping threads took: 0.0657910 seconds
32.841: Application time: 0.0766970 seconds
32.904: [GC [PSYoungGen: 14230K->1165K(14336K)] 21648K->8584K(46080K), 0.0006110 secs] [Times: user=0.01 sys=0.00, real=0.00 secs] 
32.904: Total time for which application threads were stopped: 0.0637520 seconds, Stopping threads took: 0.0630470 seconds
32.981: Application time: 0.0766380 seconds
33.044: [GC [PSYoungGen: 13839K->822K(14336K)] 21258K->8241K(46080K), 0.0008860 secs] [Times: user=0.00 sys=0.00, real=0.00 secs] 
33.045: Total time for which application threads were stopped: 0.0637720 seconds, Stopping threads took: 0.0628010 seconds
33.119: Application time: 0.0744810 seconds
33.153: [GC [PSYoungGen: 13516K->1524K(14336K)] 20934K->11131K(46080K), 0.0013780 secs] [Times: user=0.01 sys=0.00, real=0.00 secs] 
33.154: Total time for which application threads were stopped: 0.0346220 seconds, Stopping threads took: 0.0331540 seconds
33.234: Application time: 0.0796420 seconds
33.292: [GC [PSYoungGen: 14217K->1458K(14336K)] 23824K->13018K(46080K), 0.0011210 secs] [Times: user=0.01 sys=0.00, real=0.00 secs] 
33.294: Total time for which application threads were stopped: 0.0599980 seconds, Stopping threads took: 0.0588070 seconds
33.371: Application time: 0.0774070 seconds
33.439: [GC [PSYoungGen: 13878K->742K(14336K)] 25438K->12335K(46080K), 0.0005170 secs] [Times: user=0.00 sys=0.00, real=0.01 secs] 
33.440: Total time for which application threads were stopped: 0.0692000 seconds, Stopping threads took: 0.0676350 seconds
33.517: Application time: 0.0768130 seconds
33.579: [GC [PSYoungGen: 13455K->499K(14336K)] 25048K->12116K(46080K), 0.0005170 secs] [Times: user=0.00 sys=0.00, real=0.00 secs] 
33.580: Total time for which application threads were stopped: 0.0625730 seconds, Stopping threads took: 0.0619910 seconds
33.654: Application time: 0.0743630 seconds
33.688: [GC [PSYoungGen: 13271K->1344K(14336K)] 24887K->12977K(46080K), 0.0006390 secs] [Times: user=0.00 sys=0.00, real=0.00 secs] 
33.689: Total time for which application threads were stopped: 0.0351720 seconds, Stopping threads took: 0.0344580 seconds
33.767: Application time: 0.0778790 seconds
33.820: [GC [PSYoungGen: 14057K->1133K(14336K)] 25690K->12766K(46080K), 0.0006150 secs] [Times: user=0.00 sys=0.00, real=0.00 secs] 
33.820: Total time for which application threads were stopped: 0.0532830 seconds, Stopping threads took: 0.0525760 seconds
33.912: Application time: 0.0913380 seconds
33.969: [GC [PSYoungGen: 13651K->742K(14336K)] 25283K->12383K(46080K), 0.0005990 secs] [Times: user=0.00 sys=0.00, real=0.00 secs] 
33.970: Total time for which application threads were stopped: 0.0578660 seconds, Stopping threads took: 0.0571710 seconds
34.046: Application time: 0.0765490 seconds
34.102: [GC [PSYoungGen: 13533K->563K(14336K)] 25174K->12211K(46080K), 0.0004830 secs] [Times: user=0.00 sys=0.00, real=0.00 secs] 
34.103: Total time for which application threads were stopped: 0.0566140 seconds, Stopping threads took: 0.0560670 seconds
34.178: Application time: 0.0757780 seconds
34.211: [GC [PSYoungGen: 13256K->1280K(14336K)] 24905K->12929K(46080K), 0.0006530 secs] [Times: user=0.00 sys=0.00, real=0.00 secs] 
34.212: Total time for which application threads were stopped: 0.0334930 seconds, Stopping threads took: 0.0327740 seconds
34.287: Application time: 0.0753840 seconds
34.352: [GC [PSYoungGen: 13945K->1392K(14336K)] 25594K->13822K(46080K), 0.0008280 secs] [Times: user=0.01 sys=0.00, real=0.00 secs] 
34.353: Total time for which application threads were stopped: 0.0656390 seconds, Stopping threads took: 0.0647420 seconds
34.429: Application time: 0.0762130 seconds
34.492: [GC [PSYoungGen: 14114K->1458K(14336K)] 26544K->14294K(46080K), 0.0009700 secs] [Times: user=0.01 sys=0.00, real=0.00 secs] 
34.493: Total time for which application threads were stopped: 0.0640460 seconds, Stopping threads took: 0.0630000 seconds
34.569: Application time: 0.0755980 seconds
34.632: [GC [PSYoungGen: 14249K->563K(14336K)] 27086K->13399K(46080K), 0.0005280 secs] [Times: user=0.00 sys=0.00, real=0.00 secs] 
34.633: Total time for which application threads were stopped: 0.0641770 seconds, Stopping threads took: 0.0635790 seconds
34.708: Application time: 0.0749630 seconds
34.759: [GC [PSYoungGen: 13354K->304K(14336K)] 26191K->13140K(46080K), 0.0004930 secs] [Times: user=0.00 sys=0.00, real=0.00 secs] 
34.760: Total time for which application threads were stopped: 0.0519120 seconds, Stopping threads took: 0.0513560 seconds
34.834: Application time: 0.0739410 seconds
34.869: [GC [PSYoungGen: 12919K->1165K(14336K)] 25756K->14017K(46080K), 0.0007550 secs] [Times: user=0.00 sys=0.00, real=0.00 secs] 
34.869: Total time for which application threads were stopped: 0.0355520 seconds, Stopping threads took: 0.0347250 seconds
34.956: Application time: 0.0868610 seconds
35.016: [GC [PSYoungGen: 13780K->1149K(14336K)] 26633K->14791K(46080K), 0.0009480 secs] [Times: user=0.00 sys=0.00, real=0.00 secs] 
35.017: Total time for which application threads were stopped: 0.0606180 seconds, Stopping threads took: 0.0595890 seconds
35.094: Application time: 0.0769960 seconds
35.154: [GC [PSYoungGen: 13667K->1376K(14336K)] 27308K->15221K(46080K), 0.0007660 secs] [Times: user=0.00 sys=0.00, real=0.00 secs] 
35.155: Total time for which application threads were stopped: 0.0609040 seconds, Stopping threads took: 0.0600470 seconds
35.233: Application time: 0.0777080 seconds
35.293: [GC [PSYoungGen: 14167K->1312K(14336K)] 28013K->15165K(46080K), 0.0008440 secs] [Times: user=0.00 sys=0.00, real=0.00 secs] 
35.294: Total time for which application threads were stopped: 0.0611400 seconds, Stopping threads took: 0.0602160 seconds
35.378: Application time: 0.0843900 seconds
35.436: [GC [PSYoungGen: 14104K->1133K(14336K)] 27957K->14986K(46080K), 0.0007440 secs] [Times: user=0.01 sys=0.00, real=0.00 secs] 
35.437: Total time for which application threads were stopped: 0.0588580 seconds, Stopping threads took: 0.0580440 seconds
35.521: Application time: 0.0839570 seconds
35.586: [GC [PSYoungGen: 13807K->726K(14336K)] 27660K->14579K(46080K), 0.0006190 secs] [Times: user=0.00 sys=0.00, real=0.00 secs] 
35.587: Total time for which application threads were stopped: 0.0658130 seconds, Stopping threads took: 0.0651150 seconds
35.666: Application time: 0.0791130 seconds
35.710: [GC [PSYoungGen: 13342K->1165K(14336K)] 27195K->15417K(46080K), 0.0007160 secs] [Times: user=0.00 sys=0.00, real=0.00 secs] 
35.711: Total time for which application threads were stopped: 0.0448780 seconds, Stopping threads took: 0.0440740 seconds
35.787: Application time: 0.0762680 seconds
35.849: [GC [PSYoungGen: 13956K->1344K(14336K)] 28208K->15596K(46080K), 0.0007710 secs] [Times: user=0.00 sys=0.00, real=0.00 secs] 
35.849: Total time for which application threads were stopped: 0.0624650 seconds, Stopping threads took: 0.0616060 seconds
35.927: Application time: 0.0778290 seconds
35.980: [GC [PSYoungGen: 13862K->970K(14336K)] 28114K->15221K(46080K), 0.0005970 secs] [Times: user=0.00 sys=0.00, real=0.00 secs] 
35.981: Total time for which application threads were stopped: 0.0536710 seconds, Stopping threads took: 0.0530070 seconds
36.057: Application time: 0.0756060 seconds
36.102: [GC [PSYoungGen: 13741K->1376K(14336K)] 27993K->16027K(46080K), 0.0007940 secs] [Times: user=0.00 sys=0.00, real=0.00 secs] 
36.103: Total time for which application threads were stopped: 0.0465830 seconds, Stopping threads took: 0.0457130 seconds
36.179: Application time: 0.0756770 seconds
36.240: [GC [PSYoungGen: 14167K->1360K(14336K)] 28818K->16214K(46080K), 0.0007260 secs] [Times: user=0.01 sys=0.00, real=0.00 secs] 
36.241: Total time for which application threads were stopped: 0.0623570 seconds, Stopping threads took: 0.0615630 seconds
36.318: Application time: 0.0771070 seconds
36.379: [GC [PSYoungGen: 14073K->1392K(14336K)] 28927K->16246K(46080K), 0.0006700 secs] [Times: user=0.00 sys=0.00, real=0.01 secs] 
36.379: Total time for which application threads were stopped: 0.0609630 seconds, Stopping threads took: 0.0602000 seconds
36.456: Application time: 0.0765490 seconds
36.519: [GC [PSYoungGen: 14105K->1197K(14336K)] 28959K->16059K(46080K), 0.0005630 secs] [Times: user=0.01 sys=0.00, real=0.01 secs] 
36.519: Total time for which application threads were stopped: 0.0634570 seconds, Stopping threads took: 0.0628290 seconds
36.596: Application time: 0.0767020 seconds
36.658: [GC [PSYoungGen: 13910K->986K(14336K)] 28772K->15863K(46080K), 0.0005870 secs] [Times: user=0.00 sys=0.01, real=0.01 secs] 
36.659: Total time for which application threads were stopped: 0.0630430 seconds, Stopping threads took: 0.0623720 seconds
36.734: Application time: 0.0746710 seconds
36.766: [GC [PSYoungGen: 13757K->1474K(14336K)] 28635K->17727K(46080K), 0.0010780 secs] [Times: user=0.01 sys=0.00, real=0.00 secs] 
36.768: Total time for which application threads were stopped: 0.0338930 seconds, Stopping threads took: 0.0327230 seconds
36.845: Application time: 0.0771120 seconds
36.913: [GC [PSYoungGen: 14265K->1360K(14336K)] 30518K->17809K(46080K), 0.0007490 secs] [Times: user=0.01 sys=0.00, real=0.00 secs] 
36.914: Total time for which application threads were stopped: 0.0689270 seconds, Stopping threads took: 0.0681080 seconds
36.989: Application time: 0.0757230 seconds
37.052: [GC [PSYoungGen: 14073K->1360K(14336K)] 30522K->17809K(46080K), 0.0007200 secs] [Times: user=0.00 sys=0.00, real=0.00 secs] 
37.052: Total time for which application threads were stopped: 0.0631090 seconds, Stopping threads took: 0.0622950 seconds
37.130: Application time: 0.0778190 seconds
37.182: [GC [PSYoungGen: 14073K->1117K(14336K)] 30522K->17565K(46080K), 0.0008280 secs] [Times: user=0.00 sys=0.00, real=0.00 secs] 
37.183: Total time for which application threads were stopped: 0.0522240 seconds, Stopping threads took: 0.0513200 seconds
37.263: Application time: 0.0801940 seconds
37.318: [GC [PSYoungGen: 13791K->1474K(14336K)] 30239K->18321K(46080K), 0.0009480 secs] [Times: user=0.00 sys=0.00, real=0.01 secs] 
37.319: Total time for which application threads were stopped: 0.0563780 seconds, Stopping threads took: 0.0553340 seconds
37.405: Application time: 0.0859920 seconds
37.470: [GC [PSYoungGen: 14265K->579K(14336K)] 31112K->17434K(46080K), 0.0007060 secs] [Times: user=0.00 sys=0.00, real=0.01 secs] 
37.471: Total time for which application threads were stopped: 0.0659890 seconds, Stopping threads took: 0.0651910 seconds
37.547: Application time: 0.0764350 seconds
37.610: [GC [PSYoungGen: 13370K->384K(14336K)] 30225K->17247K(46080K), 0.0004750 secs] [Times: user=0.00 sys=0.00, real=0.00 secs] 
37.610: Total time for which application threads were stopped: 0.0629210 seconds, Stopping threads took: 0.0623520 seconds
37.684: Application time: 0.0740430 seconds
37.719: [GC [PSYoungGen: 12999K->1149K(14336K)] 29862K->18012K(46080K), 0.0006180 secs] [Times: user=0.01 sys=0.00, real=0.00 secs] 
37.720: Total time for which application threads were stopped: 0.0354390 seconds, Stopping threads took: 0.0347450 seconds
37.811: Application time: 0.0906540 seconds
37.865: [GC [PSYoungGen: 13843K->1376K(14336K)] 30706K->18833K(46080K), 0.0007980 secs] [Times: user=0.01 sys=0.00, real=0.00 secs] 
37.866: Total time for which application threads were stopped: 0.0551460 seconds, Stopping threads took: 0.0542800 seconds
37.944: Application time: 0.0779390 seconds
38.007: [GC [PSYoungGen: 14089K->1360K(14336K)] 31546K->19208K(46080K), 0.0007110 secs] [Times: user=0.00 sys=0.00, real=0.00 secs] 
38.007: Total time for which application threads were stopped: 0.0636730 seconds, Stopping threads took: 0.0628950 seconds
38.097: Application time: 0.0900420 seconds
38.164: [GC [PSYoungGen: 14034K->1344K(14336K)] 31882K->19208K(46080K), 0.0006440 secs] [Times: user=0.01 sys=0.00, real=0.00 secs] 
38.165: Total time for which application threads were stopped: 0.0677400 seconds, Stopping threads took: 0.0670070 seconds
38.242: Application time: 0.0766770 seconds
38.302: [GC [PSYoungGen: 14135K->1133K(14336K)] 31999K->19005K(46080K), 0.0006410 secs] [Times: user=0.00 sys=0.00, real=0.00 secs] 
38.303: Total time for which application threads were stopped: 0.0608350 seconds, Stopping threads took: 0.0601070 seconds
38.395: Application time: 0.0923880 seconds
38.452: [GC [PSYoungGen: 13650K->726K(14336K)] 31522K->18598K(46080K), 0.0005000 secs] [Times: user=0.00 sys=0.00, real=0.00 secs] 
38.453: Total time for which application threads were stopped: 0.0583650 seconds, Stopping threads took: 0.0566380 seconds
38.541: Application time: 0.0879770 seconds
38.600: [GC [PSYoungGen: 13439K->531K(14336K)] 31311K->18403K(46080K), 0.0004980 secs] [Times: user=0.00 sys=0.00, real=0.00 secs] 
38.601: Total time for which application threads were stopped: 0.0596000 seconds, Stopping threads took: 0.0590270 seconds
38.676: Application time: 0.0752400 seconds
38.736: [GC [PSYoungGen: 13322K->336K(14336K)] 31194K->18207K(46080K), 0.0006240 secs] [Times: user=0.00 sys=0.00, real=0.00 secs] 
38.736: Total time for which application threads were stopped: 0.0601730 seconds, Stopping threads took: 0.0594850 seconds
38.810: Application time: 0.0739560 seconds
38.845: [GC [PSYoungGen: 13029K->1392K(14336K)] 30901K->21225K(46080K), 0.0011930 secs] [Times: user=0.01 sys=0.00, real=0.00 secs] 
38.846: Total time for which application threads were stopped: 0.0355050 seconds, Stopping threads took: 0.0342080 seconds
38.923: Application time: 0.0766800 seconds
38.986: [GC [PSYoungGen: 13988K->1490K(14336K)] 33821K->21721K(46080K), 0.0007820 secs] [Times: user=0.01 sys=0.00, real=0.00 secs] 
38.987: Total time for which application threads were stopped: 0.0639880 seconds, Stopping threads took: 0.0631320 seconds
39.083: Application time: 0.0961550 seconds
39.144: [GC [PSYoungGen: 14203K->563K(14336K)] 34434K->20794K(46080K), 0.0004410 secs] [Times: user=0.00 sys=0.00, real=0.00 secs] 
39.145: Total time for which application threads were stopped: 0.0622040 seconds, Stopping threads took: 0.0617010 seconds
39.219: Application time: 0.0743940 seconds
39.253: [GC [PSYoungGen: 13335K->1392K(14336K)] 33566K->21624K(46080K), 0.0006980 secs] [Times: user=0.01 sys=0.00, real=0.00 secs] 
39.254: Total time for which application threads were stopped: 0.0348590 seconds, Stopping threads took: 0.0340660 seconds
39.330: Application time: 0.0758830 seconds
39.390: [GC [PSYoungGen: 14105K->1181K(14336K)] 34337K->21452K(46080K), 0.0005990 secs] [Times: user=0.00 sys=0.00, real=0.00 secs] 
39.391: Total time for which application threads were stopped: 0.0604820 seconds, Stopping threads took: 0.0598070 seconds
39.468: Application time: 0.0778460 seconds
39.529: [GC [PSYoungGen: 13699K->742K(14336K)] 33970K->21022K(46080K), 0.0005520 secs] [Times: user=0.01 sys=0.00, real=0.00 secs] 
39.529: Total time for which application threads were stopped: 0.0610350 seconds, Stopping threads took: 0.0604200 seconds
39.605: Application time: 0.0755310 seconds
39.658: [GC [PSYoungGen: 13455K->547K(14336K)] 33735K->20842K(46080K), 0.0005590 secs] [Times: user=0.00 sys=0.00, real=0.01 secs] 
39.659: Total time for which application threads were stopped: 0.0540660 seconds, Stopping threads took: 0.0534390 seconds
39.736: Application time: 0.0767240 seconds
39.798: [GC [PSYoungGen: 13338K->304K(14336K)] 33634K->20599K(46080K), 0.0005960 secs] [Times: user=0.00 sys=0.00, real=0.00 secs] 
39.798: Total time for which application threads were stopped: 0.0624890 seconds, Stopping threads took: 0.0618080 seconds
39.872: Application time: 0.0740320 seconds
39.906: [GC [PSYoungGen: 12997K->1149K(14336K)] 33293K->21460K(46080K), 0.0005910 secs] [Times: user=0.00 sys=0.00, real=0.00 secs] 
39.907: Total time for which application threads were stopped: 0.0347930 seconds, Stopping threads took: 0.0341280 seconds
39.986: Application time: 0.0788880 seconds
40.045: [GC [PSYoungGen: 13940K->970K(14336K)] 34252K->21281K(46080K), 0.0007740 secs] [Times: user=0.01 sys=0.00, real=0.00 secs] 
40.046: Total time for which application threads were stopped: 0.0602340 seconds, Stopping threads took: 0.0593850 seconds
40.126: Application time: 0.0800350 seconds
40.161: [GC [PSYoungGen: 13761K->1408K(14336K)] 34072K->23290K(46080K), 0.0011480 secs] [Times: user=0.01 sys=0.00, real=0.00 secs] 
40.162: Total time for which application threads were stopped: 0.0357860 seconds, Stopping threads took: 0.0345350 seconds
40.240: Application time: 0.0775160 seconds
40.302: [GC [PSYoungGen: 14180K->1474K(14336K)] 36062K->24536K(46080K), 0.0010020 secs] [Times: user=0.01 sys=0.00, real=0.00 secs] 
40.303: Total time for which application threads were stopped: 0.0632310 seconds, Stopping threads took: 0.0621390 seconds
40.379: Application time: 0.0762760 seconds
40.448: [GC [PSYoungGen: 14070K->1149K(14336K)] 37132K->24211K(46080K), 0.0005730 secs] [Times: user=0.00 sys=0.00, real=0.00 secs] 
40.448: Total time for which application threads were stopped: 0.0690940 seconds, Stopping threads took: 0.0684540 seconds
40.528: Application time: 0.0794530 seconds
40.594: [GC [PSYoungGen: 13862K->1002K(14336K)] 36924K->24064K(46080K), 0.0005910 secs] [Times: user=0.00 sys=0.00, real=0.00 secs] 
40.595: Total time for which application threads were stopped: 0.0669450 seconds, Stopping threads took: 0.0662850 seconds
40.687: Application time: 0.0919790 seconds
40.752: [GC [PSYoungGen: 13793K->758K(14336K)] 36855K->23828K(46080K), 0.0005600 secs] [Times: user=0.00 sys=0.00, real=0.00 secs] 
40.752: Total time for which application threads were stopped: 0.0657400 seconds, Stopping threads took: 0.0651120 seconds
40.832: Application time: 0.0792590 seconds
40.879: [GC [PSYoungGen: 13452K->1360K(14336K)] 36522K->24634K(46080K), 0.0007120 secs] [Times: user=0.00 sys=0.00, real=0.00 secs] 
40.880: Total time for which application threads were stopped: 0.0482800 seconds, Stopping threads took: 0.0475000 seconds
40.955: Application time: 0.0751090 seconds
40.988: [GC [PSYoungGen: 14073K->1506K(14336K)] 37347K->25764K(46080K), 0.0009770 secs] [Times: user=0.00 sys=0.00, real=0.00 secs] 
40.989: Total time for which application threads were stopped: 0.0341230 seconds, Stopping threads took: 0.0330710 seconds
41.068: Application time: 0.0785230 seconds
41.136: [GC [PSYoungGen: 14023K->938K(14336K)] 38281K->25196K(46080K), 0.0006130 secs] [Times: user=0.01 sys=0.00, real=0.00 secs] 
41.137: Total time for which application threads were stopped: 0.0690790 seconds, Stopping threads took: 0.0683750 seconds
41.213: Application time: 0.0766550 seconds
41.274: [GC [PSYoungGen: 13651K->774K(14336K)] 37909K->25040K(46080K), 0.0007180 secs] [Times: user=0.00 sys=0.00, real=0.00 secs] 
41.275: Total time for which application threads were stopped: 0.0613440 seconds, Stopping threads took: 0.0605350 seconds
41.351: Application time: 0.0759370 seconds
41.401: [GC [PSYoungGen: 13448K->320K(14336K)] 37715K->24586K(46080K), 0.0004570 secs] [Times: user=0.00 sys=0.00, real=0.00 secs] 
41.401: Total time for which application threads were stopped: 0.0506560 seconds, Stopping threads took: 0.0501360 seconds
41.474: Application time: 0.0731270 seconds
41.509: [GC [PSYoungGen: 12935K->1490K(14336K)] 37201K->26537K(46080K), 0.0009360 secs] [Times: user=0.01 sys=0.00, real=0.00 secs] 
41.510: Total time for which application threads were stopped: 0.0355940 seconds, Stopping threads took: 0.0345650 seconds
41.586: Application time: 0.0755930 seconds
41.649: [GC [PSYoungGen: 14203K->970K(14336K)] 39250K->26017K(46080K), 0.0005930 secs] [Times: user=0.00 sys=0.00, real=0.00 secs] 
41.650: Total time for which application threads were stopped: 0.0641250 seconds, Stopping threads took: 0.0634480 seconds
41.732: Application time: 0.0822520 seconds
41.781: [GC [PSYoungGen: 13644K->563K(14336K)] 38691K->25618K(46080K), 0.0004850 secs] [Times: user=0.00 sys=0.00, real=0.00 secs] 
41.782: Total time for which application threads were stopped: 0.0495210 seconds, Stopping threads took: 0.0489700 seconds
41.856: Application time: 0.0746880 seconds
41.918: [GC [PSYoungGen: 13354K->352K(14336K)] 38409K->25415K(46080K), 0.0004510 secs] [Times: user=0.00 sys=0.00, real=0.00 secs] 
41.918: Total time for which application threads were stopped: 0.0619200 seconds, Stopping threads took: 0.0614060 seconds
41.992: Application time: 0.0740490 seconds
42.026: [GC [PSYoungGen: 13045K->1165K(14336K)] 38109K->26236K(46080K), 0.0006530 secs] [Times: user=0.00 sys=0.00, real=0.00 secs] 
42.027: Total time for which application threads were stopped: 0.0347230 seconds, Stopping threads took: 0.0339940 seconds
42.115: Application time: 0.0884320 seconds
42.183: [GC [PSYoungGen: 13683K->726K(14336K)] 38754K->25806K(46080K), 0.0004670 secs] [Times: user=0.00 sys=0.00, real=0.00 secs] 
42.183: Total time for which application threads were stopped: 0.0677710 seconds, Stopping threads took: 0.0672370 seconds
42.268: Application time: 0.0852150 seconds
42.336: [GC [PSYoungGen: 13400K->336K(14336K)] 38480K->25423K(46080K), 0.0010390 secs] [Times: user=0.00 sys=0.00, real=0.00 secs] 
42.337: Total time for which application threads were stopped: 0.0686120 seconds, Stopping threads took: 0.0674880 seconds
42.410: Application time: 0.0729410 seconds
42.442: [GC [PSYoungGen: 13049K->1490K(14336K)] 38136K->28538K(46080K), 0.0013450 secs] [Times: user=0.00 sys=0.00, real=0.00 secs] 
42.444: Total time for which application threads were stopped: 0.0337210 seconds, Stopping threads took: 0.0322830 seconds
42.521: Application time: 0.0771420 seconds
42.590: [GC [PSYoungGen: 13910K->758K(14336K)] 40958K->27807K(46080K), 0.0005910 secs] [Times: user=0.01 sys=0.00, real=0.00 secs] 
42.590: Total time for which application threads were stopped: 0.0694760 seconds, Stopping threads took: 0.0688000 seconds
42.667: Application time: 0.0770150 seconds
42.729: [GC [PSYoungGen: 13432K->352K(14336K)] 40481K->27408K(46080K), 0.0005250 secs] [Times: user=0.00 sys=0.00, real=0.00 secs] 
42.729: Total time for which application threads were stopped: 0.0621680 seconds, Stopping threads took: 0.0615700 seconds
42.803: Application time: 0.0736430 seconds
42.838: [GC [PSYoungGen: 12967K->1165K(14336K)] 40024K->28229K(46080K), 0.0006390 secs] [Times: user=0.00 sys=0.00, real=0.00 secs] 
42.839: Total time for which application threads were stopped: 0.0355880 seconds, Stopping threads took: 0.0348680 seconds
42.930: Application time: 0.0909850 seconds
42.989: [GC [PSYoungGen: 13683K->774K(14336K)] 40747K->27839K(46080K), 0.0007600 secs] [Times: user=0.00 sys=0.00, real=0.00 secs] 
42.990: Total time for which application threads were stopped: 0.0605270 seconds, Stopping threads took: 0.0596780 seconds
43.071: Application time: 0.0803210 seconds
43.104: [GC [PSYoungGen: 13546K->1524K(14336K)] 40611K->29734K(46080K), 0.0012070 secs] [Times: user=0.01 sys=0.00, real=0.00 secs] 
43.105: Total time for which application threads were stopped: 0.0345950 seconds, Stopping threads took: 0.0332900 seconds
43.180: Application time: 0.0752220 seconds
43.244: [GC [PSYoungGen: 14236K->1442K(14336K)] 42447K->30629K(46080K), 0.0010080 secs] [Times: user=0.01 sys=0.00, real=0.00 secs] 
43.245: Total time for which application threads were stopped: 0.0642290 seconds, Stopping threads took: 0.0631490 seconds
43.320: Application time: 0.0756600 seconds
43.384: [GC [PSYoungGen: 14233K->1378K(14336K)] 43420K->31355K(46080K), 0.0011110 secs] [Times: user=0.00 sys=0.00, real=0.00 secs] 
43.385: [Full GC [PSYoungGen: 1378K->0K(14336K)] [ParOldGen: 29976K->3569K(31744K)] 31355K->3569K(46080K) [PSPermGen: 5111K->5111K(21504K)], 0.0053310 secs] [Times: user=0.02 sys=0.00, real=0.00 secs] 
43.391: Total time for which application threads were stopped: 0.0705350 seconds, Stopping threads took: 0.0639590 seconds
43.467: Application time: 0.0765010 seconds
43.531: [GC [PSYoungGen: 12693K->1427K(14336K)] 16262K->5387K(46080K), 0.0007570 secs] [Times: user=0.00 sys=0.00, real=0.01 secs] 
43.532: Total time for which application threads were stopped: 0.0647900 seconds, Stopping threads took: 0.0632490 seconds
43.610: Application time: 0.0778710 seconds
43.672: [GC [PSYoungGen: 13945K->1395K(14336K)] 17905K->5355K(46080K), 0.0006520 secs] [Times: user=0.01 sys=0.00, real=0.00 secs] 
43.673: Total time for which application threads were stopped: 0.0629540 seconds, Stopping threads took: 0.0622080 seconds
43.749: Application time: 0.0761020 seconds
43.800: [GC [PSYoungGen: 14187K->1168K(14336K)] 18146K->5128K(46080K), 0.0007440 secs] [Times: user=0.00 sys=0.00, real=0.00 secs] 
43.801: Total time for which application threads were stopped: 0.0517950 seconds, Stopping threads took: 0.0509640 seconds
43.875: Application time: 0.0742890 seconds
43.938: [GC [PSYoungGen: 13959K->1037K(14336K)] 17919K->4997K(46080K), 0.0006370 secs] [Times: user=0.00 sys=0.00, real=0.00 secs] 
43.938: Total time for which application threads were stopped: 0.0632800 seconds, Stopping threads took: 0.0625640 seconds
44.015: Application time: 0.0770970 seconds
44.064: [GC [PSYoungGen: 13828K->841K(14336K)] 17788K->4801K(46080K), 0.0005130 secs] [Times: user=0.00 sys=0.00, real=0.00 secs] 
44.065: Total time for which application threads were stopped: 0.0493110 seconds, Stopping threads took: 0.0487360 seconds
44.154: Application time: 0.0895100 seconds
44.218: [GC [PSYoungGen: 13554K->662K(14336K)] 17514K->4622K(46080K), 0.0004940 secs] [Times: user=0.00 sys=0.00, real=0.00 secs] 
44.219: Total time for which application threads were stopped: 0.0645980 seconds, Stopping threads took: 0.0640310 seconds
44.296: Application time: 0.0771020 seconds
44.345: [GC [PSYoungGen: 13453K->467K(14336K)] 17413K->4427K(46080K), 0.0008450 secs] [Times: user=0.00 sys=0.00, real=0.00 secs] 
44.346: Total time for which application threads were stopped: 0.0496730 seconds, Stopping threads took: 0.0487550 seconds
44.422: Application time: 0.0762640 seconds
44.470: [GC [PSYoungGen: 13180K->240K(14336K)] 17140K->4199K(46080K), 0.0005730 secs] [Times: user=0.01 sys=0.00, real=0.00 secs] 
44.471: Total time for which application threads were stopped: 0.0490140 seconds, Stopping threads took: 0.0483540 seconds
44.545: Application time: 0.0737150 seconds
44.579: [GC [PSYoungGen: 13011K->1360K(14336K)] 16971K->7273K(46080K), 0.0011410 secs] [Times: user=0.01 sys=0.00, real=0.01 secs] 
44.580: Total time for which application threads were stopped: 0.0352360 seconds, Stopping threads took: 0.0340220 seconds
44.656: Application time: 0.0765000 seconds
44.719: [GC [PSYoungGen: 14151K->1523K(14336K)] 20064K->9031K(46080K), 0.0010750 secs] [Times: user=0.01 sys=0.00, real=0.00 secs] 
44.720: Total time for which application threads were stopped: 0.0639740 seconds, Stopping threads took: 0.0628250 seconds
44.798: Application time: 0.0774070 seconds
44.860: [GC [PSYoungGen: 14314K->1392K(14336K)] 21822K->10462K(46080K), 0.0010400 secs] [Times: user=0.01 sys=0.00, real=0.00 secs] 
44.861: Total time for which application threads were stopped: 0.0633940 seconds, Stopping threads took: 0.0622820 seconds
44.939: Application time: 0.0782020 seconds
45.007: [GC [PSYoungGen: 14105K->579K(14336K)] 23175K->9649K(46080K), 0.0005570 secs] [Times: user=0.00 sys=0.00, real=0.00 secs] 
45.008: Total time for which application threads were stopped: 0.0682930 seconds, Stopping threads took: 0.0676710 seconds
45.085: Application time: 0.0776670 seconds
45.146: [GC [PSYoungGen: 13370K->320K(14336K)] 22440K->9390K(46080K), 0.0005120 secs] [Times: user=0.01 sys=0.00, real=0.00 secs] 
45.146: Total time for which application threads were stopped: 0.0608600 seconds, Stopping threads took: 0.0602620 seconds
45.220: Application time: 0.0739600 seconds
45.255: [GC [PSYoungGen: 12935K->1133K(14336K)] 22005K->10203K(46080K), 0.0008410 secs] [Times: user=0.01 sys=0.00, real=0.00 secs] 
45.256: Total time for which application threads were stopped: 0.0354710 seconds, Stopping threads took: 0.0345520 seconds
45.351: Application time: 0.0952860 seconds
45.409: [GC [PSYoungGen: 13729K->758K(14336K)] 22799K->9828K(46080K), 0.0004830 secs] [Times: user=0.01 sys=0.00, real=0.00 secs] 
45.409: Total time for which application threads were stopped: 0.0584470 seconds, Stopping threads took: 0.0578770 seconds
45.486: Application time: 0.0763820 seconds
45.534: [GC [PSYoungGen: 13471K->499K(14336K)] 22542K->9585K(46080K), 0.0004680 secs] [Times: user=0.00 sys=0.00, real=0.00 secs] 
45.535: Total time for which application threads were stopped: 0.0487710 seconds, Stopping threads took: 0.0482390 seconds
45.609: Application time: 0.0743180 seconds
45.645: [GC [PSYoungGen: 13271K->1328K(14336K)] 22357K->10414K(46080K), 0.0008420 secs] [Times: user=0.00 sys=0.00, real=0.00 secs] 
45.645: Total time for which application threads were stopped: 0.0366000 seconds, Stopping threads took: 0.0356900 seconds
45.724: Application time: 0.0782570 seconds
45.782: [GC [PSYoungGen: 14041K->1149K(14336K)] 23128K->10251K(46080K), 0.0005700 secs] [Times: user=0.01 sys=0.00, real=0.00 secs] 
45.783: Total time for which application threads were stopped: 0.0590140 seconds, Stopping threads took: 0.0583710 seconds
45.859: Application time: 0.0760820 seconds
45.921: [GC [PSYoungGen: 13667K->726K(14336K)] 22769K->9844K(46080K), 0.0006900 secs] [Times: user=0.01 sys=0.00, real=0.00 secs] 
45.921: Total time for which application threads were stopped: 0.0625670 seconds, Stopping threads took: 0.0617920 seconds
46.001: Application time: 0.0791670 seconds
46.067: [GC [PSYoungGen: 13439K->547K(14336K)] 22558K->9681K(46080K), 0.0004550 secs] [Times: user=0.00 sys=0.00, real=0.00 secs] 
46.067: Total time for which application threads were stopped: 0.0667350 seconds, Stopping threads took: 0.0662130 seconds
46.145: Application time: 0.0781390 seconds
46.195: [GC [PSYoungGen: 13319K->1312K(14336K)] 22453K->10446K(46080K), 0.0008020 secs] [Times: user=0.00 sys=0.01, real=0.00 secs] 
46.196: Total time for which application threads were stopped: 0.0502460 seconds, Stopping threads took: 0.0493500 seconds
46.276: Application time: 0.0807200 seconds
46.341: [GC [PSYoungGen: 14065K->922K(14336K)] 23199K->10064K(46080K), 0.0005830 secs] [Times: user=0.00 sys=0.00, real=0.00 secs] 
46.341: Total time for which application threads were stopped: 0.0649050 seconds, Stopping threads took: 0.0642290 seconds
46.418: Application time: 0.0764340 seconds
46.478: [GC [PSYoungGen: 13635K->710K(14336K)] 22777K->9852K(46080K), 0.0006710 secs] [Times: user=0.01 sys=0.00, real=0.00 secs] 
46.479: Total time for which application threads were stopped: 0.0611820 seconds, Stopping threads took: 0.0604340 seconds
46.554: Application time: 0.0752560 seconds
46.611: [GC [PSYoungGen: 13423K->611K(14336K)] 22565K->9777K(46080K), 0.0005370 secs] [Times: user=0.00 sys=0.00, real=0.01 secs] 
46.611: Total time for which application threads were stopped: 0.0568390 seconds, Stopping threads took: 0.0562300 seconds
46.687: Application time: 0.0762030 seconds
46.747: [GC [PSYoungGen: 13324K->336K(14336K)] 22490K->9518K(46080K), 0.0004510 secs] [Times: user=0.00 sys=0.00, real=0.00 secs] 
46.748: Total time for which application threads were stopped: 0.0605320 seconds, Stopping threads took: 0.0600290 seconds
46.821: Application time: 0.0732440 seconds
46.855: [GC [PSYoungGen: 13049K->1360K(14336K)] 22231K->11527K(46080K), 0.0009710 secs] [Times: user=0.00 sys=0.00, real=0.00 secs] 
46.856: Total time for which application threads were stopped: 0.0352290 seconds, Stopping threads took: 0.0341820 seconds
46.934: Application time: 0.0775410 seconds
46.995: [GC [PSYoungGen: 14152K->1360K(14336K)] 24318K->12308K(46080K), 0.0009400 secs] [Times: user=0.00 sys=0.00, real=0.00 secs] 
46.996: Total time for which application threads were stopped: 0.0618720 seconds, Stopping threads took: 0.0608590 seconds
47.072: Application time: 0.0758410 seconds
47.135: [GC [PSYoungGen: 14054K->774K(14336K)] 25002K->11730K(46080K), 0.0005450 secs] [Times: user=0.00 sys=0.00, real=0.00 secs] 
47.136: Total time for which application threads were stopped: 0.0640340 seconds, Stopping threads took: 0.0634140 seconds
47.219: Application time: 0.0834430 seconds
47.279: [GC [PSYoungGen: 13487K->1474K(14336K)] 24443K->12625K(46080K), 0.0007300 secs] [Times: user=0.01 sys=0.00, real=0.00 secs] 
47.280: Total time for which application threads were stopped: 0.0607870 seconds, Stopping threads took: 0.0599940 seconds
47.369: Application time: 0.0895820 seconds
47.431: [GC [PSYoungGen: 14246K->1360K(14336K)] 25397K->12520K(46080K), 0.0006200 secs] [Times: user=0.00 sys=0.00, real=0.01 secs] 
47.431: Total time for which application threads were stopped: 0.0619990 seconds, Stopping threads took: 0.0612960 seconds
47.510: Application time: 0.0787230 seconds
47.562: [GC [PSYoungGen: 14073K->1133K(14336K)] 25233K->12292K(46080K), 0.0005880 secs] [Times: user=0.00 sys=0.00, real=0.00 secs] 
47.562: Total time for which application threads were stopped: 0.0523270 seconds, Stopping threads took: 0.0516710 seconds
47.640: Application time: 0.0773890 seconds
47.701: [GC [PSYoungGen: 13729K->790K(14336K)] 24888K->11958K(46080K), 0.0006830 secs] [Times: user=0.00 sys=0.00, real=0.00 secs] 
47.701: Total time for which application threads were stopped: 0.0614640 seconds, Stopping threads took: 0.0606950 seconds
47.780: Application time: 0.0784380 seconds
47.828: [GC [PSYoungGen: 13543K->1360K(14336K)] 24710K->13700K(46080K), 0.0012090 secs] [Times: user=0.01 sys=0.00, real=0.00 secs] 
47.829: Total time for which application threads were stopped: 0.0490920 seconds, Stopping threads took: 0.0477930 seconds
47.905: Application time: 0.0762150 seconds
47.971: [GC [PSYoungGen: 13975K->1165K(14336K)] 26315K->13504K(46080K), 0.0005580 secs] [Times: user=0.01 sys=0.00, real=0.01 secs] 
47.971: Total time for which application threads were stopped: 0.0663770 seconds, Stopping threads took: 0.0657400 seconds
48.061: Application time: 0.0899440 seconds
48.115: [GC [PSYoungGen: 13683K->1474K(14336K)] 26022K->14204K(46080K), 0.0007370 secs] [Times: user=0.00 sys=0.00, real=0.00 secs] 
48.116: Total time for which application threads were stopped: 0.0545510 seconds, Stopping threads took: 0.0537360 seconds
48.203: Application time: 0.0875120 seconds
48.269: [GC [PSYoungGen: 14187K->595K(14336K)] 26917K->13333K(46080K), 0.0007490 secs] [Times: user=0.00 sys=0.00, real=0.00 secs] 
48.270: Total time for which application threads were stopped: 0.0666790 seconds, Stopping threads took: 0.0658390 seconds
48.344: Application time: 0.0740840 seconds
48.380: [GC [PSYoungGen: 13367K->1296K(14336K)] 26105K->14050K(46080K), 0.0007310 secs] [Times: user=0.01 sys=0.00, real=0.00 secs] 
48.380: Total time for which application threads were stopped: 0.0362000 seconds, Stopping threads took: 0.0353810 seconds
48.458: Application time: 0.0779880 seconds
48.518: [GC [PSYoungGen: 14009K->1165K(14336K)] 26763K->13919K(46080K), 0.0008060 secs] [Times: user=0.01 sys=0.00, real=0.00 secs] 
48.518: Total time for which application threads were stopped: 0.0599620 seconds, Stopping threads took: 0.0590780 seconds
48.594: Application time: 0.0759680 seconds
48.654: [GC [PSYoungGen: 13878K->1002K(14336K)] 26632K->13756K(46080K), 0.0005540 secs] [Times: user=0.00 sys=0.00, real=0.00 secs] 
48.657: Total time for which application threads were stopped: 0.0630090 seconds, Stopping threads took: 0.0597590 seconds
48.745: Application time: 0.0881170 seconds
48.798: [GC [PSYoungGen: 13422K->1408K(14336K)] 26176K->14358K(46080K), 0.0008370 secs] [Times: user=0.00 sys=0.00, real=0.00 secs] 
48.798: Total time for which application threads were stopped: 0.0529630 seconds, Stopping threads took: 0.0520530 seconds
48.886: Application time: 0.0872560 seconds
48.953: [GC [PSYoungGen: 14199K->1360K(14336K)] 27149K->14310K(46080K), 0.0008370 secs] [Times: user=0.00 sys=0.00, real=0.00 secs] 
48.954: Total time for which application threads were stopped: 0.0680680 seconds, Stopping threads took: 0.0671640 seconds
49.040: Application time: 0.0858480 seconds
49.108: [GC [PSYoungGen: 14073K->1149K(14336K)] 27023K->14114K(46080K), 0.0006300 secs] [Times: user=0.00 sys=0.00, real=0.00 secs] 
49.109: Total time for which application threads were stopped: 0.0690490 seconds, Stopping threads took: 0.0683420 seconds
49.192: Application time: 0.0834650 seconds
49.238: [GC [PSYoungGen: 13901K->1507K(14336K)] 26867K->15864K(46080K), 0.0011390 secs] [Times: user=0.01 sys=0.00, real=0.01 secs] 
49.239: Total time for which application threads were stopped: 0.0471410 seconds, Stopping threads took: 0.0459020 seconds
49.316: Application time: 0.0763670 seconds
49.384: [GC [PSYoungGen: 14182K->320K(14336K)] 28538K->14676K(46080K), 0.0006410 secs] [Times: user=0.00 sys=0.00, real=0.00 secs] 
49.385: Total time for which application threads were stopped: 0.0688450 seconds, Stopping threads took: 0.0681130 seconds
49.458: Application time: 0.0739160 seconds
49.492: [GC [PSYoungGen: 12935K->1376K(14336K)] 27291K->17694K(46080K), 0.0012980 secs] [Times: user=0.00 sys=0.00, real=0.00 secs] 
49.494: Total time for which application threads were stopped: 0.0353760 seconds, Stopping threads took: 0.0339790 seconds
49.571: Application time: 0.0769070 seconds
49.639: [GC [PSYoungGen: 14089K->986K(14336K)] 30407K->17303K(46080K), 0.0005570 secs] [Times: user=0.00 sys=0.00, real=0.00 secs] 
49.640: Total time for which application threads were stopped: 0.0690870 seconds, Stopping threads took: 0.0684570 seconds
49.715: Application time: 0.0754350 seconds
49.778: [GC [PSYoungGen: 13777K->774K(14336K)] 30095K->17108K(46080K), 0.0005830 secs] [Times: user=0.00 sys=0.00, real=0.00 secs] 
49.778: Total time for which application threads were stopped: 0.0630740 seconds, Stopping threads took: 0.0624060 seconds
49.853: Application time: 0.0744440 seconds
49.916: [GC [PSYoungGen: 13565K->531K(14336K)] 29899K->16873K(46080K), 0.0006560 secs] [Times: user=0.01 sys=0.00, real=0.00 secs] 
49.917: Total time for which application threads were stopped: 0.0643840 seconds, Stopping threads took: 0.0636380 seconds
49.993: Application time: 0.0754430 seconds
50.048: [GC [PSYoungGen: 13244K->352K(14336K)] 29586K->16693K(46080K), 0.0004580 secs] [Times: user=0.00 sys=0.00, real=0.00 secs] 
50.049: Total time for which application threads were stopped: 0.0560410 seconds, Stopping threads took: 0.0555190 seconds
50.123: Application time: 0.0743820 seconds
50.157: [GC [PSYoungGen: 12967K->1458K(14336K)] 29309K->18581K(46080K), 0.0008800 secs] [Times: user=0.00 sys=0.00, real=0.00 secs] 
50.158: Total time for which application threads were stopped: 0.0344710 seconds, Stopping threads took: 0.0335070 seconds
50.239: Application time: 0.0812450 seconds
50.306: [GC [PSYoungGen: 14171K->970K(14336K)] 31294K->18093K(46080K), 0.0005540 secs] [Times: user=0.00 sys=0.00, real=0.00 secs] 
50.307: Total time for which application threads were stopped: 0.0681970 seconds, Stopping threads took: 0.0675820 seconds
50.384: Application time: 0.0767590 seconds
50.418: [GC [PSYoungGen: 13546K->1344K(14336K)] 30669K->18679K(46080K), 0.0006740 secs] [Times: user=0.00 sys=0.00, real=0.01 secs] 
50.419: Total time for which application threads were stopped: 0.0354690 seconds, Stopping threads took: 0.0347280 seconds
50.496: Application time: 0.0772720 seconds
50.557: [GC [PSYoungGen: 14135K->1360K(14336K)] 31470K->18695K(46080K), 0.0008350 secs] [Times: user=0.01 sys=0.00, real=0.00 secs] 
50.558: Total time for which application threads were stopped: 0.0612580 seconds, Stopping threads took: 0.0603550 seconds
50.635: Application time: 0.0772010 seconds
50.696: [GC [PSYoungGen: 14081K->1117K(14336K)] 31416K->18451K(46080K), 0.0005800 secs] [Times: user=0.00 sys=0.00, real=0.00 secs] 
50.697: Total time for which application threads were stopped: 0.0617630 seconds, Stopping threads took: 0.0610890 seconds
50.774: Application time: 0.0775160 seconds
50.836: [GC [PSYoungGen: 13783K->710K(14336K)] 31117K->18045K(46080K), 0.0006020 secs] [Times: user=0.00 sys=0.00, real=0.00 secs] 
50.837: Total time for which application threads were stopped: 0.0623220 seconds, Stopping threads took: 0.0616320 seconds
50.912: Application time: 0.0753650 seconds
50.967: [GC [PSYoungGen: 13502K->563K(14336K)] 30836K->17905K(46080K), 0.0005300 secs] [Times: user=0.00 sys=0.00, real=0.00 secs] 
50.968: Total time for which application threads were stopped: 0.0559320 seconds, Stopping threads took: 0.0553360 seconds
51.044: Application time: 0.0759080 seconds
51.106: [GC [PSYoungGen: 13276K->320K(14336K)] 30618K->17662K(46080K), 0.0004180 secs] [Times: user=0.00 sys=0.00, real=0.00 secs] 
51.106: Total time for which application threads were stopped: 0.0625330 seconds, Stopping threads took: 0.0620510 seconds
51.180: Application time: 0.0738200 seconds
51.215: [GC [PSYoungGen: 12935K->1474K(14336K)] 30277K->19630K(46080K), 0.0009010 secs] [Times: user=0.00 sys=0.00, real=0.00 secs] 
51.216: Total time for which application threads were stopped: 0.0356920 seconds, Stopping threads took: 0.0347090 seconds
51.294: Application time: 0.0781660 seconds
51.362: [GC [PSYoungGen: 14148K->710K(14336K)] 32304K->18874K(46080K), 0.0005170 secs] [Times: user=0.00 sys=0.00, real=0.00 secs] 
51.363: Total time for which application threads were stopped: 0.0689450 seconds, Stopping threads took: 0.0683620 seconds
51.441: Application time: 0.0782020 seconds
51.501: [GC [PSYoungGen: 13423K->499K(14336K)] 31587K->18663K(46080K), 0.0005020 secs] [Times: user=0.00 sys=0.00, real=0.00 secs] 
51.501: Total time for which application threads were stopped: 0.0603400 seconds, Stopping threads took: 0.0597830 seconds
51.577: Application time: 0.0754010 seconds
51.628: [GC [PSYoungGen: 13212K->304K(14336K)] 31376K->18467K(46080K), 0.0004330 secs] [Times: user=0.00 sys=0.00, real=0.00 secs] 
51.629: Total time for which application threads were stopped: 0.0518140 seconds, Stopping threads took: 0.0513110 seconds
51.702: Application time: 0.0737430 seconds
51.737: [GC [PSYoungGen: 13075K->1474K(14336K)] 31239K->20427K(46080K), 0.0008370 secs] [Times: user=0.00 sys=0.00, real=0.00 secs] 
51.737: Total time for which application threads were stopped: 0.0350420 seconds, Stopping threads took: 0.0341260 seconds
51.831: Application time: 0.0936990 seconds
51.897: [GC [PSYoungGen: 13992K->742K(14336K)] 32945K->19703K(46080K), 0.0005760 secs] [Times: user=0.00 sys=0.00, real=0.00 secs] 
51.898: Total time for which application threads were stopped: 0.0665310 seconds, Stopping threads took: 0.0658680 seconds
51.973: Application time: 0.0756830 seconds
52.030: [GC [PSYoungGen: 13534K->547K(14336K)] 32495K->19508K(46080K), 0.0006550 secs] [Times: user=0.00 sys=0.00, real=0.00 secs] 
52.031: Total time for which application threads were stopped: 0.0571450 seconds, Stopping threads took: 0.0564000 seconds
52.106: Application time: 0.0757190 seconds
52.159: [GC [PSYoungGen: 13260K->320K(14336K)] 32221K->19281K(46080K), 0.0004640 secs] [Times: user=0.00 sys=0.00, real=0.01 secs] 
52.159: Total time for which application threads were stopped: 0.0529290 seconds, Stopping threads took: 0.0524070 seconds
52.233: Application time: 0.0733660 seconds
52.269: [GC [PSYoungGen: 13013K->1149K(14336K)] 31974K->20110K(46080K), 0.0006330 secs] [Times: user=0.00 sys=0.00, real=0.00 secs] 
52.269: Total time for which application threads were stopped: 0.0366710 seconds, Stopping threads took: 0.0359640 seconds
52.360: Application time: 0.0912300 seconds
52.426: [GC [PSYoungGen: 13823K->774K(14336K)] 32784K->19743K(46080K), 0.0005470 secs] [Times: user=0.00 sys=0.00, real=0.00 secs] 
52.426: Total time for which application threads were stopped: 0.0656380 seconds, Stopping threads took: 0.0650230 seconds
52.510: Application time: 0.0843180 seconds
52.576: [GC [PSYoungGen: 13487K->579K(14336K)] 32456K->19556K(46080K), 0.0005060 secs] [Times: user=0.00 sys=0.00, real=0.00 secs] 
52.576: Total time for which application threads were stopped: 0.0655680 seconds, Stopping threads took: 0.0649740 seconds
52.652: Application time: 0.0760750 seconds
52.685: [GC [PSYoungGen: 13194K->1392K(14336K)] 32171K->20369K(46080K), 0.0006630 secs] [Times: user=0.01 sys=0.00, real=0.00 secs] 
52.685: Total time for which application threads were stopped: 0.0330740 seconds, Stopping threads took: 0.0323490 seconds
52.760: Application time: 0.0746880 seconds
52.822: [GC [PSYoungGen: 14007K->1408K(14336K)] 32984K->21175K(46080K), 0.0008230 secs] [Times: user=0.00 sys=0.00, real=0.00 secs] 
52.823: Total time for which application threads were stopped: 0.0626620 seconds, Stopping threads took: 0.0617630 seconds
52.899: Application time: 0.0760690 seconds
52.961: [GC [PSYoungGen: 14180K->1474K(14336K)] 33946K->21639K(46080K), 0.0008490 secs] [Times: user=0.01 sys=0.00, real=0.00 secs] 
52.962: Total time for which application threads were stopped: 0.0636450 seconds, Stopping threads took: 0.0627000 seconds
53.057: Application time: 0.0942630 seconds
53.119: [GC [PSYoungGen: 14265K->563K(14336K)] 34430K->20728K(46080K), 0.0004920 secs] [Times: user=0.00 sys=0.00, real=0.01 secs] 
53.119: Total time for which application threads were stopped: 0.0626890 seconds, Stopping threads took: 0.0621300 seconds
53.195: Application time: 0.0753950 seconds
53.257: [GC [PSYoungGen: 13354K->336K(14336K)] 33519K->20500K(46080K), 0.0005800 secs] [Times: user=0.00 sys=0.00, real=0.00 secs] 
53.257: Total time for which application threads were stopped: 0.0624920 seconds, Stopping threads took: 0.0618450 seconds
53.331: Application time: 0.0739990 seconds
53.365: [GC [PSYoungGen: 13029K->1490K(14336K)] 33194K->22444K(46080K), 0.0008880 secs] [Times: user=0.00 sys=0.00, real=0.00 secs] 
53.366: Total time for which application threads were stopped: 0.0348100 seconds, Stopping threads took: 0.0338450 seconds
53.442: Application time: 0.0764040 seconds
53.504: [GC [PSYoungGen: 14008K->1490K(14336K)] 34962K->22835K(46080K), 0.0008380 secs] [Times: user=0.01 sys=0.00, real=0.00 secs] 
53.505: Total time for which application threads were stopped: 0.0622010 seconds, Stopping threads took: 0.0612930 seconds
53.591: Application time: 0.0868900 seconds
53.656: [GC [PSYoungGen: 14281K->1474K(14336K)] 35626K->23014K(46080K), 0.0007250 secs] [Times: user=0.00 sys=0.00, real=0.00 secs] 
53.659: Total time for which application threads were stopped: 0.0672140 seconds, Stopping threads took: 0.0642590 seconds
53.742: Application time: 0.0828850 seconds
53.809: [GC [PSYoungGen: 14187K->336K(14336K)] 35727K->21892K(46080K), 0.0005320 secs] [Times: user=0.00 sys=0.00, real=0.00 secs] 
53.809: Total time for which application threads were stopped: 0.0678130 seconds, Stopping threads took: 0.0672050 seconds
53.884: Application time: 0.0749440 seconds
53.919: [GC [PSYoungGen: 13108K->1133K(14336K)] 34664K->22689K(46080K), 0.0008220 secs] [Times: user=0.00 sys=0.00, real=0.01 secs] 
53.919: Total time for which application threads were stopped: 0.0350600 seconds, Stopping threads took: 0.0341400 seconds
53.996: Application time: 0.0768050 seconds
54.057: [GC [PSYoungGen: 13651K->710K(14336K)] 35207K->22274K(46080K), 0.0006160 secs] [Times: user=0.00 sys=0.00, real=0.00 secs] 
54.057: Total time for which application threads were stopped: 0.0611920 seconds, Stopping threads took: 0.0605120 seconds
54.133: Application time: 0.0757440 seconds
54.167: [GC [PSYoungGen: 13326K->1490K(14336K)] 34890K->24226K(46080K), 0.0009750 secs] [Times: user=0.01 sys=0.00, real=0.00 secs] 
54.168: Total time for which application threads were stopped: 0.0350880 seconds, Stopping threads took: 0.0340380 seconds
54.244: Application time: 0.0758420 seconds
54.305: [GC [PSYoungGen: 14086K->1474K(14336K)] 36822K->24999K(46080K), 0.0008640 secs] [Times: user=0.00 sys=0.00, real=0.00 secs] 
54.306: Total time for which application threads were stopped: 0.0616250 seconds, Stopping threads took: 0.0606970 seconds
54.382: Application time: 0.0767550 seconds
54.445: [GC [PSYoungGen: 14089K->1344K(14336K)] 37615K->25464K(46080K), 0.0007530 secs] [Times: user=0.01 sys=0.00, real=0.00 secs] 
54.446: Total time for which application threads were stopped: 0.0633520 seconds, Stopping threads took: 0.0625200 seconds
54.522: Application time: 0.0761530 seconds
54.582: [GC [PSYoungGen: 14096K->1360K(14336K)] 38216K->25675K(46080K), 0.0006940 secs] [Times: user=0.00 sys=0.00, real=0.00 secs] 
54.583: Total time for which application threads were stopped: 0.0609870 seconds, Stopping threads took: 0.0602220 seconds
54.658: Application time: 0.0753110 seconds
54.708: [GC [PSYoungGen: 14073K->1442K(14336K)] 38388K->26757K(46080K), 0.0009280 secs] [Times: user=0.00 sys=0.00, real=0.00 secs] 
54.709: Total time for which application threads were stopped: 0.0504260 seconds, Stopping threads took: 0.0494280 seconds
54.785: Application time: 0.0762660 seconds
54.849: [GC [PSYoungGen: 14155K->1133K(14336K)] 39470K->26448K(46080K), 0.0006100 secs] [Times: user=0.01 sys=0.00, real=0.00 secs] 
54.849: Total time for which application threads were stopped: 0.0644290 seconds, Stopping threads took: 0.0637420 seconds
54.939: Application time: 0.0894930 seconds
54.999: [GC [PSYoungGen: 13807K->774K(14336K)] 39122K->26106K(46080K), 0.0007380 secs] [Times: user=0.00 sys=0.00, real=0.00 secs] 
55.000: Total time for which application threads were stopped: 0.0611960 seconds, Stopping threads took: 0.0603840 seconds
55.076: Application time: 0.0762410 seconds
55.122: [GC [PSYoungGen: 13390K->1506K(14336K)] 38721K->28017K(46080K), 0.0009710 secs] [Times: user=0.01 sys=0.00, real=0.00 secs] 
55.123: Total time for which application threads were stopped: 0.0469140 seconds, Stopping threads took: 0.0458800 seconds
55.201: Application time: 0.0779770 seconds
55.269: [GC [PSYoungGen: 14180K->1117K(14336K)] 40691K->27636K(46080K), 0.0006580 secs] [Times: user=0.00 sys=0.00, real=0.00 secs] 
55.270: Total time for which application threads were stopped: 0.0683670 seconds, Stopping threads took: 0.0676380 seconds
55.343: Application time: 0.0738990 seconds
55.382: [GC [PSYoungGen: 13830K->1524K(14336K)] 40349K->29629K(46080K), 0.0011560 secs] [Times: user=0.01 sys=0.00, real=0.00 secs] 
55.383: Total time for which application threads were stopped: 0.0399790 seconds, Stopping threads took: 0.0387480 seconds
55.460: Application time: 0.0768440 seconds
55.529: [GC [PSYoungGen: 13943K->1392K(14336K)] 42049K->29693K(46080K), 0.0007550 secs] [Times: user=0.01 sys=0.00, real=0.00 secs] 
55.529: Total time for which application threads were stopped: 0.0689800 seconds, Stopping threads took: 0.0681420 seconds
55.606: Application time: 0.0763770 seconds
55.668: [GC [PSYoungGen: 14105K->1376K(14336K)] 42406K->29693K(46080K), 0.0006820 secs] [Times: user=0.01 sys=0.00, real=0.00 secs] 
55.669: Total time for which application threads were stopped: 0.0633860 seconds, Stopping threads took: 0.0626270 seconds
55.744: Application time: 0.0753570 seconds
55.810: [GC [PSYoungGen: 14089K->1149K(14336K)] 42406K->29466K(46080K), 0.0007120 secs] [Times: user=0.01 sys=0.00, real=0.00 secs] 
55.810: Total time for which application threads were stopped: 0.0658910 seconds, Stopping threads took: 0.0651070 seconds
55.899: Application time: 0.0891230 seconds
55.959: [GC [PSYoungGen: 13667K->742K(14336K)] 41984K->29067K(46080K), 0.0005060 secs] [Times: user=0.01 sys=0.00, real=0.00 secs] 
55.960: Total time for which application threads were stopped: 0.0605740 seconds, Stopping threads took: 0.0599780 seconds
56.036: Application time: 0.0759040 seconds
56.090: [GC [PSYoungGen: 13495K->320K(14336K)] 41820K->28645K(46080K), 0.0006060 secs] [Times: user=0.00 sys=0.00, real=0.00 secs] 
56.090: Total time for which application threads were stopped: 0.0542200 seconds, Stopping threads took: 0.0535300 seconds
56.163: Application time: 0.0732770 seconds
56.198: [GC [PSYoungGen: 13013K->1149K(14336K)] 41338K->29474K(46080K), 0.0006350 secs] [Times: user=0.00 sys=0.00, real=0.00 secs] 
56.199: Total time for which application threads were stopped: 0.0353420 seconds, Stopping threads took: 0.0346390 seconds
56.280: Application time: 0.0810430 seconds
56.336: [GC [PSYoungGen: 13667K->1474K(14336K)] 41992K->30198K(46080K), 0.0008090 secs] [Times: user=0.00 sys=0.00, real=0.00 secs] 
56.336: Total time for which application threads were stopped: 0.0565630 seconds, Stopping threads took: 0.0556800 seconds
56.434: Application time: 0.0978180 seconds
56.499: [GC [PSYoungGen: 14148K->320K(14336K)] 42872K->29043K(46080K), 0.0005570 secs] [Times: user=0.00 sys=0.00, real=0.01 secs] 
56.500: Total time for which application threads were stopped: 0.0652840 seconds, Stopping threads took: 0.0646650 seconds
56.574: Application time: 0.0744080 seconds
56.608: [GC [PSYoungGen: 13091K->1149K(14336K)] 41815K->29881K(46080K), 0.0008660 secs] [Times: user=0.00 sys=0.00, real=0.00 secs] 
56.609: Total time for which application threads were stopped: 0.0354040 seconds, Stopping threads took: 0.0344550 seconds
56.692: Application time: 0.0824350 seconds
56.752: [GC [PSYoungGen: 13862K->986K(14336K)] 42594K->29717K(46080K), 0.0005560 secs] [Times: user=0.00 sys=0.00, real=0.00 secs] 
56.753: Total time for which application threads were stopped: 0.0612160 seconds, Stopping threads took: 0.0605890 seconds
56.841: Application time: 0.0883340 seconds
56.905: [GC [PSYoungGen: 13699K->790K(14336K)] 42430K->29522K(46080K), 0.0005970 secs] [Times: user=0.00 sys=0.00, real=0.00 secs] 
56.906: Total time for which application threads were stopped: 0.0646430 seconds, Stopping threads took: 0.0639790 seconds
56.985: Application time: 0.0788980 seconds
57.019: [GC [PSYoungGen: 13406K->1442K(14336K)] 42138K->31362K(46080K), 0.0010170 secs] [Times: user=0.00 sys=0.00, real=0.00 secs] 
57.020: Total time for which application threads were stopped: 0.0354100 seconds, Stopping threads took: 0.0343250 seconds
57.097: Application time: 0.0771150 seconds
57.161: [GC [PSYoungGen: 14155K->1296K(14336K)] 44075K->31216K(46080K), 0.0008600 secs] [Times: user=0.00 sys=0.00, real=0.00 secs] 
57.162: Total time for which application threads were stopped: 0.0643780 seconds, Stopping threads took: 0.0634150 seconds
57.240: Application time: 0.0780890 seconds
57.304: [GC [PSYoungGen: 14009K->1101K(14336K)] 43929K->31037K(46080K), 0.0006550 secs] [Times: user=0.00 sys=0.00, real=0.00 secs] 
57.305: Total time for which application threads were stopped: 0.0647470 seconds, Stopping threads took: 0.0640140 seconds
57.390: Application time: 0.0857110 seconds
57.450: [GC [PSYoungGen: 13775K->806K(14336K)] 43711K->30758K(46080K), 0.0005780 secs] [Times: user=0.00 sys=0.00, real=0.00 secs] 
57.451: Total time for which application threads were stopped: 0.0602760 seconds, Stopping threads took: 0.0596350 seconds
57.525: Application time: 0.0745840 seconds
57.559: [GC [PSYoungGen: 13500K->1181K(14336K)] 43451K->31523K(46080K), 0.0009250 secs] [Times: user=0.00 sys=0.00, real=0.01 secs] 
57.560: Total time for which application threads were stopped: 0.0345520 seconds, Stopping threads took: 0.0335450 seconds
57.637: Application time: 0.0769900 seconds
57.697: [GC [PSYoungGen: 13972K->1376K(14336K)] 44315K->31719K(46080K), 0.0008290 secs] [Times: user=0.01 sys=0.00, real=0.00 secs] 
57.698: Total time for which application threads were stopped: 0.0615510 seconds, Stopping threads took: 0.0606410 seconds
57.776: Application time: 0.0781220 seconds
57.831: [GC [PSYoungGen: 14167K->1181K(14336K)] 44510K->31523K(46080K), 0.0008280 secs] [Times: user=0.01 sys=0.00, real=0.01 secs] 
57.831: Total time for which application threads were stopped: 0.0550430 seconds, Stopping threads took: 0.0541500 seconds
57.906: Application time: 0.0747850 seconds
57.969: [GC [PSYoungGen: 13796K->1523K(14336K)] 44139K->32309K(46080K), 0.0009590 secs] [Times: user=0.00 sys=0.00, real=0.00 secs] 
57.970: [Full GC [PSYoungGen: 1523K->0K(14336K)] [ParOldGen: 30785K->3262K(31744K)] 32309K->3262K(46080K) [PSPermGen: 5111K->5108K(21504K)], 0.0054710 secs] [Times: user=0.02 sys=0.00, real=0.01 secs] 
57.976: Total time for which application threads were stopped: 0.0694280 seconds, Stopping threads took: 0.0628660 seconds
58.052: Application time: 0.0766490 seconds
58.116: [GC [PSYoungGen: 12703K->387K(14336K)] 15966K->3649K(46080K), 0.0004230 secs] [Times: user=0.00 sys=0.00, real=0.00 secs] 
58.117: Total time for which application threads were stopped: 0.0644970 seconds, Stopping threads took: 0.0640140 seconds
58.194: Application time: 0.0770840 seconds
58.246: [GC [PSYoungGen: 13168K->224K(14336K)] 16430K->3486K(46080K), 0.0003790 secs] [Times: user=0.00 sys=0.00, real=0.00 secs] 
58.246: Total time for which application threads were stopped: 0.0522540 seconds, Stopping threads took: 0.0518030 seconds
58.320: Application time: 0.0735120 seconds
58.354: [GC [PSYoungGen: 13015K->1427K(14336K)] 16277K->5471K(46080K), 0.0008600 secs] [Times: user=0.00 sys=0.00, real=0.00 secs] 
58.355: Total time for which application threads were stopped: 0.0353650 seconds, Stopping threads took: 0.0344380 seconds
58.435: Application time: 0.0799980 seconds
58.504: [GC [PSYoungGen: 14043K->841K(14336K)] 18087K->4885K(46080K), 0.0004930 secs] [Times: user=0.00 sys=0.00, real=0.00 secs] 
58.505: Total time for which application threads were stopped: 0.0695410 seconds, Stopping threads took: 0.0689890 seconds
58.585: Application time: 0.0802410 seconds
58.638: [GC [PSYoungGen: 13555K->646K(14336K)] 17598K->4690K(46080K), 0.0005790 secs] [Times: user=0.00 sys=0.00, real=0.00 secs] 
58.639: Total time for which application threads were stopped: 0.0539880 seconds, Stopping threads took: 0.0533390 seconds
58.715: Application time: 0.0765670 seconds
58.777: [GC [PSYoungGen: 13320K->256K(14336K)] 17364K->4299K(46080K), 0.0004190 secs] [Times: user=0.01 sys=0.00, real=0.00 secs] 
58.778: Total time for which application threads were stopped: 0.0628340 seconds, Stopping threads took: 0.0612430 seconds
58.852: Application time: 0.0734630 seconds
58.887: [GC [PSYoungGen: 12871K->1346K(14336K)] 16915K->6171K(46080K), 0.0009030 secs] [Times: user=0.00 sys=0.01, real=0.00 secs] 
58.888: Total time for which application threads were stopped: 0.0361760 seconds, Stopping threads took: 0.0352010 seconds
58.963: Application time: 0.0750100 seconds
59.032: [GC [PSYoungGen: 13942K->710K(14336K)] 18767K->5535K(46080K), 0.0004690 secs] [Times: user=0.00 sys=0.00, real=0.00 secs] 
59.033: Total time for which application threads were stopped: 0.0695800 seconds, Stopping threads took: 0.0690230 seconds
59.109: Application time: 0.0760560 seconds
59.170: [GC [PSYoungGen: 13502K->499K(14336K)] 18327K->5324K(46080K), 0.0007230 secs] [Times: user=0.00 sys=0.00, real=0.00 secs] 
59.170: Total time for which application threads were stopped: 0.0617840 seconds, Stopping threads took: 0.0609940 seconds
59.246: Application time: 0.0760670 seconds
59.279: [GC [PSYoungGen: 13114K->1264K(14336K)] 17939K->6089K(46080K), 0.0006320 secs] [Times: user=0.00 sys=0.01, real=0.01 secs] 
59.279: Total time for which application threads were stopped: 0.0327730 seconds, Stopping threads took: 0.0320470 seconds
59.354: Application time: 0.0746100 seconds
59.416: [GC [PSYoungGen: 13743K->774K(14336K)] 18568K->5599K(46080K), 0.0008030 secs] [Times: user=0.00 sys=0.00, real=0.00 secs] 
59.417: Total time for which application threads were stopped: 0.0634540 seconds, Stopping threads took: 0.0625700 seconds
59.493: Application time: 0.0757100 seconds
59.557: [GC [PSYoungGen: 13566K->547K(14336K)] 18391K->5372K(46080K), 0.0005020 secs] [Times: user=0.00 sys=0.00, real=0.00 secs] 
59.557: Total time for which application threads were stopped: 0.0641000 seconds, Stopping threads took: 0.0635100 seconds
59.632: Application time: 0.0748500 seconds
59.682: [GC [PSYoungGen: 13338K->352K(14336K)] 18163K->5177K(46080K), 0.0003950 secs] [Times: user=0.00 sys=0.00, real=0.00 secs] 
59.682: Total time for which application threads were stopped: 0.0503990 seconds, Stopping threads took: 0.0499380 seconds
59.756: Application time: 0.0736380 seconds
59.791: [GC [PSYoungGen: 12967K->1117K(14336K)] 17792K->5942K(46080K), 0.0006040 secs] [Times: user=0.00 sys=0.00, real=0.00 secs] 
59.792: Total time for which application threads were stopped: 0.0358390 seconds, Stopping threads took: 0.0351360 seconds
59.869: Application time: 0.0769690 seconds
59.921: [GC [PSYoungGen: 13830K->954K(14336K)] 18655K->5779K(46080K), 0.0005900 secs] [Times: user=0.00 sys=0.00, real=0.00 secs] 
59.922: Total time for which application threads were stopped: 0.0531950 seconds, Stopping threads took: 0.0525210 seconds
59.997: Application time: 0.0749090 seconds
60.062: [GC [PSYoungGen: 13745K->726K(14336K)] 18570K->5591K(46080K), 0.0006110 secs] [Times: user=0.00 sys=0.00, real=0.00 secs] 
60.062: Total time for which application threads were stopped: 0.0655880 seconds, Stopping threads took: 0.0648880 seconds
60.139: Application time: 0.0770200 seconds
60.189: [GC [PSYoungGen: 13439K->563K(14336K)] 18304K->5436K(46080K), 0.0006960 secs] [Times: user=0.00 sys=0.00, real=0.00 secs] 
60.190: Total time for which application threads were stopped: 0.0500700 seconds, Stopping threads took: 0.0492880 seconds
60.266: Application time: 0.0764510 seconds
60.315: [GC [PSYoungGen: 13335K->1376K(14336K)] 18208K->6265K(46080K), 0.0005680 secs] [Times: user=0.00 sys=0.00, real=0.00 secs] 
60.315: Total time for which application threads were stopped: 0.0494200 seconds, Stopping threads took: 0.0487830 seconds
60.391: Application time: 0.0757500 seconds
60.461: [GC [PSYoungGen: 14089K->1165K(14336K)] 18978K->6054K(46080K), 0.0006310 secs] [Times: user=0.00 sys=0.00, real=0.00 secs] 
60.462: Total time for which application threads were stopped: 0.0706340 seconds, Stopping threads took: 0.0699320 seconds
60.539: Application time: 0.0767010 seconds
60.584: [GC [PSYoungGen: 13683K->1426K(14336K)] 18572K->6706K(46080K), 0.0008000 secs] [Times: user=0.00 sys=0.00, real=0.00 secs] 
60.584: Total time for which application threads were stopped: 0.0458710 seconds, Stopping threads took: 0.0449790 seconds
60.664: Application time: 0.0793300 seconds
60.728: [GC [PSYoungGen: 14217K->547K(14336K)] 19497K->5843K(46080K), 0.0005660 secs] [Times: user=0.00 sys=0.00, real=0.00 secs] 
60.729: Total time for which application threads were stopped: 0.0648970 seconds, Stopping threads took: 0.0642440 seconds
60.803: Application time: 0.0743840 seconds
60.838: [GC [PSYoungGen: 13319K->1296K(14336K)] 18615K->6592K(46080K), 0.0008110 secs] [Times: user=0.01 sys=0.00, real=0.00 secs] 
60.839: Total time for which application threads were stopped: 0.0358950 seconds, Stopping threads took: 0.0350030 seconds
60.914: Application time: 0.0749990 seconds
60.947: [GC [PSYoungGen: 14088K->1474K(14336K)] 19383K->7567K(46080K), 0.0009420 secs] [Times: user=0.01 sys=0.00, real=0.00 secs] 
60.948: Total time for which application threads were stopped: 0.0343020 seconds, Stopping threads took: 0.0332850 seconds
61.024: Application time: 0.0757590 seconds
61.092: [GC [PSYoungGen: 13992K->726K(14336K)] 20085K->6835K(46080K), 0.0006060 secs] [Times: user=0.00 sys=0.00, real=0.00 secs] 
61.093: Total time for which application threads were stopped: 0.0690450 seconds, Stopping threads took: 0.0683700 seconds
61.179: Application time: 0.0861210 seconds
61.247: [GC [PSYoungGen: 13518K->579K(14336K)] 19627K->6688K(46080K), 0.0004250 secs] [Times: user=0.00 sys=0.00, real=0.00 secs] 
61.248: Total time for which application threads were stopped: 0.0687350 seconds, Stopping threads took: 0.0682460 seconds
61.324: Application time: 0.0758300 seconds
61.378: [GC [PSYoungGen: 13292K->320K(14336K)] 19401K->6437K(46080K), 0.0004740 secs] [Times: user=0.00 sys=0.00, real=0.00 secs] 
61.378: Total time for which application threads were stopped: 0.0545570 seconds, Stopping threads took: 0.0540110 seconds
61.452: Application time: 0.0739580 seconds
61.487: [GC [PSYoungGen: 13013K->1458K(14336K)] 19130K->8364K(46080K), 0.0008770 secs] [Times: user=0.00 sys=0.01, real=0.00 secs] 
61.488: Total time for which application threads were stopped: 0.0355660 seconds, Stopping threads took: 0.0346130 seconds
61.564: Application time: 0.0759380 seconds
61.625: [GC [PSYoungGen: 14151K->1197K(14336K)] 21058K->8892K(46080K), 0.0008000 secs] [Times: user=0.01 sys=0.00, real=0.00 secs] 
61.626: Total time for which application threads were stopped: 0.0622710 seconds, Stopping threads took: 0.0614080 seconds
61.703: Application time: 0.0768000 seconds
61.762: [GC [PSYoungGen: 13910K->1376K(14336K)] 21605K->9462K(46080K), 0.0008040 secs] [Times: user=0.00 sys=0.00, real=0.00 secs] 
61.763: Total time for which application threads were stopped: 0.0602300 seconds, Stopping threads took: 0.0593560 seconds
61.841: Application time: 0.0775270 seconds
61.876: [GC [PSYoungGen: 14089K->1525K(14336K)] 22175K->12845K(46080K), 0.0016800 secs] [Times: user=0.01 sys=0.00, real=0.00 secs] 
61.877: Total time for which application threads were stopped: 0.0368420 seconds, Stopping threads took: 0.0350640 seconds
61.956: Application time: 0.0783350 seconds
62.024: [GC [PSYoungGen: 14238K->1216K(14336K)] 25558K->12544K(46080K), 0.0006830 secs] [Times: user=0.00 sys=0.00, real=0.00 secs] 
62.024: Total time for which application threads were stopped: 0.0686410 seconds, Stopping threads took: 0.0678500 seconds
62.103: Application time: 0.0784800 seconds
62.163: [GC [PSYoungGen: 13851K->678K(14336K)] 25179K->12006K(46080K), 0.0007490 secs] [Times: user=0.00 sys=0.00, real=0.00 secs] 
62.163: Total time for which application threads were stopped: 0.0605540 seconds, Stopping threads took: 0.0597400 seconds
62.240: Application time: 0.0764060 seconds
62.294: [GC [PSYoungGen: 13372K->1523K(14336K)] 24699K->12859K(46080K), 0.0009810 secs] [Times: user=0.00 sys=0.00, real=0.00 secs] 
62.295: Total time for which application threads were stopped: 0.0551490 seconds, Stopping threads took: 0.0540780 seconds
62.370: Application time: 0.0750420 seconds
62.436: [GC [PSYoungGen: 14041K->1117K(14336K)] 25377K->12452K(46080K), 0.0007670 secs] [Times: user=0.01 sys=0.00, real=0.00 secs] 
62.436: Total time for which application threads were stopped: 0.0663220 seconds, Stopping threads took: 0.0654750 seconds
62.513: Application time: 0.0763750 seconds
62.562: [GC [PSYoungGen: 13713K->1426K(14336K)] 25048K->13152K(46080K), 0.0008310 secs] [Times: user=0.00 sys=0.00, real=0.00 secs] 
62.563: Total time for which application threads were stopped: 0.0498610 seconds, Stopping threads took: 0.0489320 seconds
62.654: Application time: 0.0912120 seconds
62.720: [GC [PSYoungGen: 14139K->579K(14336K)] 25865K->12313K(46080K), 0.0004570 secs] [Times: user=0.01 sys=0.00, real=0.00 secs] 
62.720: Total time for which application threads were stopped: 0.0663990 seconds, Stopping threads took: 0.0658740 seconds
62.796: Application time: 0.0755430 seconds
62.830: [GC [PSYoungGen: 13292K->1376K(14336K)] 25026K->14290K(46080K), 0.0009340 secs] [Times: user=0.00 sys=0.00, real=0.00 secs] 
62.831: Total time for which application threads were stopped: 0.0347900 seconds, Stopping threads took: 0.0337810 seconds
62.920: Application time: 0.0893770 seconds
62.985: [GC [PSYoungGen: 13992K->1181K(14336K)] 26906K->14103K(46080K), 0.0006190 secs] [Times: user=0.01 sys=0.00, real=0.00 secs] 
62.986: Total time for which application threads were stopped: 0.0656920 seconds, Stopping threads took: 0.0650030 seconds
63.060: Application time: 0.0744190 seconds
63.124: [GC [PSYoungGen: 13855K->790K(14336K)] 26777K->13712K(46080K), 0.0004770 secs] [Times: user=0.01 sys=0.00, real=0.00 secs] 
63.124: Total time for which application threads were stopped: 0.0643480 seconds, Stopping threads took: 0.0637980 seconds
63.199: Application time: 0.0745700 seconds
63.233: [GC [PSYoungGen: 13406K->1181K(14336K)] 26328K->14510K(46080K), 0.0007370 secs] [Times: user=0.00 sys=0.00, real=0.00 secs] 
63.234: Total time for which application threads were stopped: 0.0349740 seconds, Stopping threads took: 0.0341650 seconds
63.318: Application time: 0.0844560 seconds
63.387: [GC [PSYoungGen: 13894K->1328K(14336K)] 27222K->14657K(46080K), 0.0006720 secs] [Times: user=0.00 sys=0.00, real=0.00 secs] 
63.388: Total time for which application threads were stopped: 0.0695910 seconds, Stopping threads took: 0.0688520 seconds
63.466: Application time: 0.0781890 seconds
63.527: [GC [PSYoungGen: 14002K->954K(14336K)] 27331K->14290K(46080K), 0.0005900 secs] [Times: user=0.00 sys=0.00, real=0.00 secs] 
63.528: Total time for which application threads were stopped: 0.0617120 seconds, Stopping threads took: 0.0610620 seconds
63.605: Application time: 0.0768270 seconds
63.657: [GC [PSYoungGen: 13628K->563K(14336K)] 26964K->13916K(46080K), 0.0004820 secs] [Times: user=0.00 sys=0.00, real=0.00 secs] 
63.658: Total time for which application threads were stopped: 0.0529230 seconds, Stopping threads took: 0.0523700 seconds
63.733: Application time: 0.0754510 seconds
63.794: [GC [PSYoungGen: 13276K->320K(14336K)] 26629K->13672K(46080K), 0.0004060 secs] [Times: user=0.00 sys=0.00, real=0.00 secs] 
63.795: Total time for which application threads were stopped: 0.0623150 seconds, Stopping threads took: 0.0607310 seconds
63.870: Application time: 0.0742350 seconds
63.904: [GC [PSYoungGen: 13013K->1149K(14336K)] 26366K->14502K(46080K), 0.0006170 secs] [Times: user=0.00 sys=0.00, real=0.00 secs] 
63.905: Total time for which application threads were stopped: 0.0349710 seconds, Stopping threads took: 0.0342890 seconds
63.995: Application time: 0.0906900 seconds
64.059: [GC [PSYoungGen: 13667K->710K(14336K)] 27019K->14063K(46080K), 0.0006750 secs] [Times: user=0.00 sys=0.00, real=0.01 secs] 
64.059: Total time for which application threads were stopped: 0.0640070 seconds, Stopping threads took: 0.0632480 seconds
64.136: Application time: 0.0769440 seconds
64.189: [GC [PSYoungGen: 13502K->579K(14336K)] 26854K->13956K(46080K), 0.0004450 secs] [Times: user=0.01 sys=0.00, real=0.00 secs] 
64.189: Total time for which application threads were stopped: 0.0527980 seconds, Stopping threads took: 0.0522740 seconds
64.264: Application time: 0.0748630 seconds
64.297: [GC [PSYoungGen: 13194K->1344K(14336K)] 26571K->14729K(46080K), 0.0005920 secs] [Times: user=0.01 sys=0.00, real=0.00 secs] 
64.298: Total time for which application threads were stopped: 0.0336660 seconds, Stopping threads took: 0.0330070 seconds
64.374: Application time: 0.0758370 seconds
64.437: [GC [PSYoungGen: 13959K->1408K(14336K)] 27344K->15574K(46080K), 0.0009370 secs] [Times: user=0.00 sys=0.00, real=0.00 secs] 
64.438: Total time for which application threads were stopped: 0.0640400 seconds, Stopping threads took: 0.0630280 seconds
64.514: Application time: 0.0765240 seconds
64.577: [GC [PSYoungGen: 14024K->1458K(14336K)] 28190K->16031K(46080K), 0.0008260 secs] [Times: user=0.01 sys=0.00, real=0.00 secs] 
64.578: Total time for which application threads were stopped: 0.0635070 seconds, Stopping threads took: 0.0626130 seconds
64.654: Application time: 0.0761750 seconds
64.703: [GC [PSYoungGen: 14249K->1474K(14336K)] 28822K->16242K(46080K), 0.0008480 secs] [Times: user=0.01 sys=0.00, real=0.00 secs] 
64.704: Total time for which application threads were stopped: 0.0504770 seconds, Stopping threads took: 0.0495290 seconds
64.792: Application time: 0.0878630 seconds
64.859: [GC [PSYoungGen: 14129K->1165K(14336K)] 28897K->15933K(46080K), 0.0007300 secs] [Times: user=0.01 sys=0.00, real=0.01 secs] 
64.859: Total time for which application threads were stopped: 0.0673400 seconds, Stopping threads took: 0.0665310 seconds
64.945: Application time: 0.0854190 seconds
64.983: [GC [PSYoungGen: 13858K->1474K(14336K)] 28626K->17804K(46080K), 0.0010900 secs] [Times: user=0.01 sys=0.00, real=0.00 secs] 
64.984: Total time for which application threads were stopped: 0.0392310 seconds, Stopping threads took: 0.0380530 seconds
65.062: Application time: 0.0776450 seconds
65.129: [GC [PSYoungGen: 14070K->1360K(14336K)] 30400K->17894K(46080K), 0.0008000 secs] [Times: user=0.00 sys=0.00, real=0.00 secs] 
65.130: Total time for which application threads were stopped: 0.0684550 seconds, Stopping threads took: 0.0675840 seconds
65.207: Application time: 0.0764300 seconds
65.270: [GC [PSYoungGen: 14073K->1360K(14336K)] 30607K->17894K(46080K), 0.0008600 secs] [Times: user=0.00 sys=0.00, real=0.01 secs] 
65.271: Total time for which application threads were stopped: 0.0643500 seconds, Stopping threads took: 0.0633810 seconds
65.350: Application time: 0.0785700 seconds
65.398: [GC [PSYoungGen: 14152K->1165K(14336K)] 30685K->17699K(46080K), 0.0005580 secs] [Times: user=0.00 sys=0.00, real=0.00 secs] 
65.399: Total time for which application threads were stopped: 0.0491220 seconds, Stopping threads took: 0.0485020 seconds
65.483: Application time: 0.0846750 seconds
65.545: [GC [PSYoungGen: 13683K->710K(14336K)] 30216K->17260K(46080K), 0.0006850 secs] [Times: user=0.00 sys=0.00, real=0.00 secs] 
65.546: Total time for which application threads were stopped: 0.0627650 seconds, Stopping threads took: 0.0619930 seconds
65.622: Application time: 0.0757890 seconds
65.658: [GC [PSYoungGen: 13501K->1524K(14336K)] 30051K->19269K(46080K), 0.0009770 secs] [Times: user=0.00 sys=0.00, real=0.00 secs] 
65.659: Total time for which application threads were stopped: 0.0368940 seconds, Stopping threads took: 0.0358480 seconds
65.735: Application time: 0.0758750 seconds
65.798: [GC [PSYoungGen: 14041K->1524K(14336K)] 31787K->20067K(46080K), 0.0009290 secs] [Times: user=0.01 sys=0.00, real=0.00 secs] 
65.799: Total time for which application threads were stopped: 0.0639620 seconds, Stopping threads took: 0.0629510 seconds
65.875: Application time: 0.0761420 seconds
65.936: [GC [PSYoungGen: 14236K->1344K(14336K)] 32780K->20685K(46080K), 0.0010420 secs] [Times: user=0.00 sys=0.00, real=0.00 secs] 
65.937: Total time for which application threads were stopped: 0.0624180 seconds, Stopping threads took: 0.0613010 seconds
66.028: Application time: 0.0904170 seconds
66.095: [GC [PSYoungGen: 13960K->806K(14336K)] 33300K->20147K(46080K), 0.0004850 secs] [Times: user=0.00 sys=0.01, real=0.00 secs] 
66.095: Total time for which application threads were stopped: 0.0678150 seconds, Stopping threads took: 0.0672660 seconds
66.173: Application time: 0.0774070 seconds
66.225: [GC [PSYoungGen: 13597K->595K(14336K)] 32938K->19943K(46080K), 0.0004370 secs] [Times: user=0.00 sys=0.00, real=0.00 secs] 
66.226: Total time for which application threads were stopped: 0.0527350 seconds, Stopping threads took: 0.0522340 seconds
66.301: Application time: 0.0751530 seconds
66.333: [GC [PSYoungGen: 13328K->1181K(14336K)] 32676K->20529K(46080K), 0.0006430 secs] [Times: user=0.00 sys=0.00, real=0.00 secs] 
66.334: Total time for which application threads were stopped: 0.0330340 seconds, Stopping threads took: 0.0323110 seconds
66.412: Application time: 0.0786190 seconds
66.471: [GC [PSYoungGen: 13972K->954K(14336K)] 33321K->20302K(46080K), 0.0007600 secs] [Times: user=0.00 sys=0.00, real=0.01 secs] 
66.472: Total time for which application threads were stopped: 0.0591700 seconds, Stopping threads took: 0.0583210 seconds
66.546: Application time: 0.0747550 seconds
66.597: [GC [PSYoungGen: 13667K->1424K(14336K)] 33015K->22335K(46080K), 0.0012020 secs] [Times: user=0.01 sys=0.00, real=0.00 secs] 
66.599: Total time for which application threads were stopped: 0.0523660 seconds, Stopping threads took: 0.0510920 seconds
66.676: Application time: 0.0774060 seconds
66.738: [GC [PSYoungGen: 14118K->1506K(14336K)] 35029K->23597K(46080K), 0.0009970 secs] [Times: user=0.01 sys=0.00, real=0.00 secs] 
66.739: Total time for which application threads were stopped: 0.0627750 seconds, Stopping threads took: 0.0616890 seconds
66.816: Application time: 0.0765960 seconds
66.874: [GC [PSYoungGen: 14219K->1506K(14336K)] 36310K->24582K(46080K), 0.0008930 secs] [Times: user=0.01 sys=0.00, real=0.00 secs] 
66.875: Total time for which application threads were stopped: 0.0597450 seconds, Stopping threads took: 0.0587730 seconds
66.951: Application time: 0.0753790 seconds
67.018: [GC [PSYoungGen: 14219K->1149K(14336K)] 37294K->24232K(46080K), 0.0007340 secs] [Times: user=0.01 sys=0.00, real=0.00 secs] 
67.018: Total time for which application threads were stopped: 0.0676820 seconds, Stopping threads took: 0.0668550 seconds
67.099: Application time: 0.0802770 seconds
67.163: [GC [PSYoungGen: 13745K->1442K(14336K)] 36828K->24924K(46080K), 0.0008070 secs] [Times: user=0.01 sys=0.00, real=0.00 secs] 
67.164: Total time for which application threads were stopped: 0.0650650 seconds, Stopping threads took: 0.0641870 seconds
67.239: Application time: 0.0755470 seconds
67.291: [GC [PSYoungGen: 14155K->1392K(14336K)] 37637K->26242K(46080K), 0.0011820 secs] [Times: user=0.01 sys=0.00, real=0.00 secs] 
67.292: Total time for which application threads were stopped: 0.0531490 seconds, Stopping threads took: 0.0518820 seconds
67.368: Application time: 0.0755700 seconds
67.431: [GC [PSYoungGen: 14105K->1360K(14336K)] 38955K->27398K(46080K), 0.0009230 secs] [Times: user=0.01 sys=0.00, real=0.01 secs] 
67.432: Total time for which application threads were stopped: 0.0636930 seconds, Stopping threads took: 0.0626910 seconds
67.509: Application time: 0.0776100 seconds
67.569: [GC [PSYoungGen: 14054K->1458K(14336K)] 40091K->28277K(46080K), 0.0009300 secs] [Times: user=0.00 sys=0.00, real=0.00 secs] 
67.570: Total time for which application threads were stopped: 0.0604610 seconds, Stopping threads took: 0.0594500 seconds
67.647: Application time: 0.0775030 seconds
67.709: [GC [PSYoungGen: 14230K->1424K(14336K)] 41048K->28845K(46080K), 0.0007290 secs] [Times: user=0.01 sys=0.00, real=0.00 secs] 
67.710: Total time for which application threads were stopped: 0.0625650 seconds, Stopping threads took: 0.0617720 seconds
67.802: Application time: 0.0918970 seconds
67.863: [GC [PSYoungGen: 14196K->595K(14336K)] 41617K->28024K(46080K), 0.0004990 secs] [Times: user=0.00 sys=0.00, real=0.00 secs] 
67.863: Total time for which application threads were stopped: 0.0613390 seconds, Stopping threads took: 0.0607750 seconds
67.938: Application time: 0.0749940 seconds
67.996: [GC [PSYoungGen: 13308K->352K(14336K)] 40737K->27780K(46080K), 0.0005350 secs] [Times: user=0.00 sys=0.00, real=0.00 secs] 
67.996: Total time for which application threads were stopped: 0.0581570 seconds, Stopping threads took: 0.0575220 seconds
68.070: Application time: 0.0734200 seconds
68.104: [GC [PSYoungGen: 12967K->1101K(14336K)] 40396K->28530K(46080K), 0.0007410 secs] [Times: user=0.00 sys=0.00, real=0.00 secs] 
68.104: Total time for which application threads were stopped: 0.0348480 seconds, Stopping threads took: 0.0340130 seconds
68.183: Application time: 0.0781110 seconds
68.234: [GC [PSYoungGen: 13697K->742K(14336K)] 41126K->28179K(46080K), 0.0006630 secs] [Times: user=0.00 sys=0.00, real=0.00 secs] 
68.235: Total time for which application threads were stopped: 0.0519270 seconds, Stopping threads took: 0.0511870 seconds
68.312: Application time: 0.0777040 seconds
68.346: [GC [PSYoungGen: 13358K->1360K(14336K)] 40794K->29000K(46080K), 0.0007350 secs] [Times: user=0.01 sys=0.00, real=0.00 secs] 
68.347: Total time for which application threads were stopped: 0.0346980 seconds, Stopping threads took: 0.0338700 seconds
68.424: Application time: 0.0766460 seconds
68.483: [GC [PSYoungGen: 14123K->1360K(14336K)] 41763K->29008K(46080K), 0.0006710 secs] [Times: user=0.01 sys=0.00, real=0.00 secs] 
68.484: Total time for which application threads were stopped: 0.0604840 seconds, Stopping threads took: 0.0597410 seconds
68.563: Application time: 0.0790730 seconds
68.614: [GC [PSYoungGen: 13789K->774K(14336K)] 41437K->28422K(46080K), 0.0005450 secs] [Times: user=0.00 sys=0.00, real=0.00 secs] 
68.614: Total time for which application threads were stopped: 0.0510200 seconds, Stopping threads took: 0.0503960 seconds
68.690: Application time: 0.0758270 seconds
68.752: [GC [PSYoungGen: 13487K->595K(14336K)] 41135K->28251K(46080K), 0.0004620 secs] [Times: user=0.01 sys=0.00, real=0.00 secs] 
68.753: Total time for which application threads were stopped: 0.0628690 seconds, Stopping threads took: 0.0623410 seconds
68.830: Application time: 0.0767430 seconds
68.882: [GC [PSYoungGen: 13308K->304K(14336K)] 40964K->27960K(46080K), 0.0005030 secs] [Times: user=0.00 sys=0.00, real=0.00 secs] 
68.884: Total time for which application threads were stopped: 0.0539260 seconds, Stopping threads took: 0.0522850 seconds
68.958: Application time: 0.0740510 seconds
68.991: [GC [PSYoungGen: 12997K->1165K(14336K)] 40653K->28821K(46080K), 0.0007080 secs] [Times: user=0.00 sys=0.00, real=0.01 secs] 
68.992: Total time for which application threads were stopped: 0.0340770 seconds, Stopping threads took: 0.0333010 seconds
69.082: Application time: 0.0903120 seconds
69.145: [GC [PSYoungGen: 13683K->726K(14336K)] 41339K->28398K(46080K), 0.0005450 secs] [Times: user=0.00 sys=0.00, real=0.00 secs] 
69.145: Total time for which application threads were stopped: 0.0635010 seconds, Stopping threads took: 0.0628770 seconds
69.220: Application time: 0.0747400 seconds
69.284: [GC [PSYoungGen: 13459K->1296K(14336K)] 41131K->28968K(46080K), 0.0007670 secs] [Times: user=0.00 sys=0.00, real=0.00 secs] 
69.285: Total time for which application threads were stopped: 0.0650440 seconds, Stopping threads took: 0.0641870 seconds
69.363: Application time: 0.0780290 seconds
69.423: [GC [PSYoungGen: 14087K->1149K(14336K)] 41759K->28821K(46080K), 0.0009090 secs] [Times: user=0.01 sys=0.00, real=0.00 secs] 
69.424: Total time for which application threads were stopped: 0.0603910 seconds, Stopping threads took: 0.0594110 seconds
69.516: Application time: 0.0920480 seconds
69.581: [GC [PSYoungGen: 13667K->774K(14336K)] 41339K->28462K(46080K), 0.0008180 secs] [Times: user=0.01 sys=0.00, real=0.00 secs] 
69.581: Total time for which application threads were stopped: 0.0655990 seconds, Stopping threads took: 0.0646930 seconds
69.658: Application time: 0.0765400 seconds
69.720: [GC [PSYoungGen: 13565K->547K(14336K)] 41254K->28243K(46080K), 0.0006000 secs] [Times: user=0.00 sys=0.00, real=0.00 secs] 
69.721: Total time for which application threads were stopped: 0.0629870 seconds, Stopping threads took: 0.0622940 seconds
69.797: Application time: 0.0760370 seconds
69.850: [GC [PSYoungGen: 13260K->304K(14336K)] 40956K->28008K(46080K), 0.0006450 secs] [Times: user=0.00 sys=0.00, real=0.00 secs] 
69.851: Total time for which application threads were stopped: 0.0536080 seconds, Stopping threads took: 0.0528740 seconds
69.924: Application time: 0.0730100 seconds
69.958: [GC [PSYoungGen: 13017K->1474K(14336K)] 40721K->31131K(46080K), 0.0012420 secs] [Times: user=0.01 sys=0.00, real=0.01 secs] 
69.959: Total time for which application threads were stopped: 0.0358020 seconds, Stopping threads took: 0.0344840 seconds
70.038: Application time: 0.0785340 seconds
70.106: [GC [PSYoungGen: 14265K->1376K(14336K)] 43922K->31815K(46080K), 0.0008440 secs] [Times: user=0.00 sys=0.00, real=0.00 secs] 
70.107: [Full GC [PSYoungGen: 1376K->0K(14336K)] [ParOldGen: 30438K->3462K(31744K)] 31815K->3462K(46080K) [PSPermGen: 5110K->5110K(21504K)], 0.0053690 secs] [Times: user=0.03 sys=0.00, real=0.01 secs] 
70.112: Total time for which application threads were stopped: 0.0743280 seconds, Stopping threads took: 0.0680060 seconds
70.190: Application time: 0.0774100 seconds
70.258: [GC [PSYoungGen: 12615K->518K(14336K)] 16077K->3981K(46080K), 0.0005680 secs] [Times: user=0.00 sys=0.00, real=0.00 secs] 
70.259: Total time for which application threads were stopped: 0.0689630 seconds, Stopping threads took: 0.0683170 seconds
70.343: Application time: 0.0843100 seconds
70.398: [GC [PSYoungGen: 13231K->387K(14336K)] 16694K->3849K(46080K), 0.0003870 secs] [Times: user=0.00 sys=0.00, real=0.00 secs] 
70.398: Total time for which application threads were stopped: 0.0550120 seconds, Stopping threads took: 0.0545640 seconds
70.474: Application time: 0.0756770 seconds
70.534: [GC [PSYoungGen: 13100K->192K(14336K)] 16562K->3654K(46080K), 0.0003620 secs] [Times: user=0.00 sys=0.00, real=0.00 secs] 
70.534: Total time for which application threads were stopped: 0.0606610 seconds, Stopping threads took: 0.0602350 seconds
70.608: Application time: 0.0735270 seconds
70.642: [GC [PSYoungGen: 12885K->1525K(14336K)] 16347K->5574K(46080K), 0.0007480 secs] [Times: user=0.01 sys=0.00, real=0.00 secs] 
70.643: Total time for which application threads were stopped: 0.0350020 seconds, Stopping threads took: 0.0341870 seconds
70.719: Application time: 0.0757530 seconds
70.778: [GC [PSYoungGen: 14258K->1459K(14336K)] 18306K->5703K(46080K), 0.0008070 secs] [Times: user=0.00 sys=0.00, real=0.01 secs] 
70.779: Total time for which application threads were stopped: 0.0607670 seconds, Stopping threads took: 0.0598820 seconds
70.857: Application time: 0.0774370 seconds
70.925: [GC [PSYoungGen: 14231K->336K(14336K)] 18475K->4579K(46080K), 0.0006110 secs] [Times: user=0.00 sys=0.00, real=0.00 secs] 
70.925: Total time for which application threads were stopped: 0.0687070 seconds, Stopping threads took: 0.0680090 seconds
70.999: Application time: 0.0733340 seconds
71.034: [GC [PSYoungGen: 12951K->1362K(14336K)] 17195K->6387K(46080K), 0.0008730 secs] [Times: user=0.01 sys=0.00, real=0.00 secs] 
71.035: Total time for which application threads were stopped: 0.0360490 seconds, Stopping threads took: 0.0350870 seconds
71.113: Application time: 0.0780180 seconds
71.183: [GC [PSYoungGen: 13977K->1475K(14336K)] 19002K->6891K(46080K), 0.0010470 secs] [Times: user=0.01 sys=0.01, real=0.00 secs] 
71.184: Total time for which application threads were stopped: 0.0712010 seconds, Stopping threads took: 0.0700540 seconds
71.267: Application time: 0.0832330 seconds
71.322: [GC [PSYoungGen: 13993K->1360K(14336K)] 19409K->6971K(46080K), 0.0007230 secs] [Times: user=0.00 sys=0.00, real=0.00 secs] 
71.323: Total time for which application threads were stopped: 0.0555950 seconds, Stopping threads took: 0.0547680 seconds
71.405: Application time: 0.0821380 seconds
71.475: [GC [PSYoungGen: 14073K->1328K(14336K)] 19684K->6939K(46080K), 0.0006730 secs] [Times: user=0.00 sys=0.01, real=0.00 secs] 
71.476: Total time for which application threads were stopped: 0.0705040 seconds, Stopping threads took: 0.0697590 seconds
71.560: Application time: 0.0846680 seconds
71.632: [GC [PSYoungGen: 14120K->1133K(14336K)] 19731K->6744K(46080K), 0.0007800 secs] [Times: user=0.00 sys=0.00, real=0.00 secs] 
71.633: Total time for which application threads were stopped: 0.0725590 seconds, Stopping threads took: 0.0716840 seconds
71.716: Application time: 0.0829750 seconds
71.782: [GC [PSYoungGen: 13846K->970K(14336K)] 19457K->6581K(46080K), 0.0005680 secs] [Times: user=0.00 sys=0.00, real=0.00 secs] 
71.783: Total time for which application threads were stopped: 0.0672720 seconds, Stopping threads took: 0.0666130 seconds
71.866: Application time: 0.0828520 seconds
71.925: [GC [PSYoungGen: 13683K->742K(14336K)] 19294K->6353K(46080K), 0.0005770 secs] [Times: user=0.00 sys=0.00, real=0.00 secs] 
71.926: Total time for which application threads were stopped: 0.0601350 seconds, Stopping threads took: 0.0594820 seconds
72.008: Application time: 0.0815800 seconds
72.044: [GC [PSYoungGen: 13514K->1376K(14336K)] 19125K->7183K(46080K), 0.0009420 secs] [Times: user=0.00 sys=0.00, real=0.00 secs] 
72.045: Total time for which application threads were stopped: 0.0378320 seconds, Stopping threads took: 0.0368150 seconds
72.127: Application time: 0.0813040 seconds
72.163: [GC [PSYoungGen: 14069K->1525K(14336K)] 19876K->9242K(46080K), 0.0012470 secs] [Times: user=0.00 sys=0.00, real=0.00 secs] 
72.165: Total time for which application threads were stopped: 0.0378740 seconds, Stopping threads took: 0.0365570 seconds
72.249: Application time: 0.0846480 seconds
72.325: [GC [PSYoungGen: 14140K->809K(14336K)] 21857K->8534K(46080K), 0.0006890 secs] [Times: user=0.00 sys=0.00, real=0.00 secs] 
72.325: Total time for which application threads were stopped: 0.0761780 seconds, Stopping threads took: 0.0754020 seconds
72.419: Application time: 0.0931910 seconds
72.487: [GC [PSYoungGen: 13484K->467K(14336K)] 21208K->8191K(46080K), 0.0005540 secs] [Times: user=0.00 sys=0.00, real=0.00 secs] 
72.488: Total time for which application threads were stopped: 0.0694130 seconds, Stopping threads took: 0.0687680 seconds
72.569: Application time: 0.0811100 seconds
72.607: [GC [PSYoungGen: 13160K->1346K(14336K)] 20885K->10047K(46080K), 0.0010800 secs] [Times: user=0.01 sys=0.00, real=0.00 secs] 
72.608: Total time for which application threads were stopped: 0.0386620 seconds, Stopping threads took: 0.0375060 seconds
72.690: Application time: 0.0820370 seconds
72.759: [GC [PSYoungGen: 14059K->1362K(14336K)] 22760K->10860K(46080K), 0.0010580 secs] [Times: user=0.01 sys=0.01, real=0.01 secs] 
72.760: Total time for which application threads were stopped: 0.0698110 seconds, Stopping threads took: 0.0686550 seconds
72.844: Application time: 0.0843030 seconds
72.908: [GC [PSYoungGen: 14055K->1523K(14336K)] 23554K->11428K(46080K), 0.0008810 secs] [Times: user=0.00 sys=0.00, real=0.00 secs] 
72.909: Total time for which application threads were stopped: 0.0653330 seconds, Stopping threads took: 0.0643790 seconds
72.992: Application time: 0.0827410 seconds
73.059: [GC [PSYoungGen: 14236K->1492K(14336K)] 24141K->11608K(46080K), 0.0012080 secs] [Times: user=0.00 sys=0.00, real=0.01 secs] 
73.060: Total time for which application threads were stopped: 0.0678680 seconds, Stopping threads took: 0.0665570 seconds
73.155: Application time: 0.0950010 seconds
73.205: [GC [PSYoungGen: 14283K->1394K(14336K)] 24399K->12682K(46080K), 0.0009820 secs] [Times: user=0.01 sys=0.00, real=0.00 secs] 
73.206: Total time for which application threads were stopped: 0.0509870 seconds, Stopping threads took: 0.0499050 seconds
73.289: Application time: 0.0826810 seconds
73.365: [GC [PSYoungGen: 13912K->1101K(14336K)] 25200K->12389K(46080K), 0.0010330 secs] [Times: user=0.00 sys=0.00, real=0.00 secs] 
73.366: Total time for which application threads were stopped: 0.0769440 seconds, Stopping threads took: 0.0758160 seconds
73.448: Application time: 0.0824370 seconds
73.515: [GC [PSYoungGen: 13619K->758K(14336K)] 24907K->12046K(46080K), 0.0005230 secs] [Times: user=0.01 sys=0.00, real=0.00 secs] 
73.515: Total time for which application threads were stopped: 0.0671610 seconds, Stopping threads took: 0.0665650 seconds
73.600: Application time: 0.0846120 seconds
73.639: [GC [PSYoungGen: 13556K->1458K(14336K)] 24844K->13918K(46080K), 0.0010690 secs] [Times: user=0.01 sys=0.00, real=0.01 secs] 
73.640: Total time for which application threads were stopped: 0.0400140 seconds, Stopping threads took: 0.0388630 seconds
73.723: Application time: 0.0828070 seconds
73.793: [GC [PSYoungGen: 14225K->1458K(14336K)] 26685K->14911K(46080K), 0.0011630 secs] [Times: user=0.01 sys=0.00, real=0.00 secs] 
73.794: Total time for which application threads were stopped: 0.0712710 seconds, Stopping threads took: 0.0700100 seconds
73.875: Application time: 0.0815610 seconds
73.948: [GC [PSYoungGen: 13936K->790K(14336K)] 27389K->14243K(46080K), 0.0005080 secs] [Times: user=0.01 sys=0.00, real=0.00 secs] 
73.949: Total time for which application threads were stopped: 0.0737270 seconds, Stopping threads took: 0.0721320 seconds
74.033: Application time: 0.0833290 seconds
74.091: [GC [PSYoungGen: 13503K->547K(14336K)] 26956K->14000K(46080K), 0.0006630 secs] [Times: user=0.00 sys=0.00, real=0.00 secs] 
74.092: Total time for which application threads were stopped: 0.0595290 seconds, Stopping threads took: 0.0587790 seconds
74.174: Application time: 0.0818260 seconds
74.240: [GC [PSYoungGen: 13260K->288K(14336K)] 26713K->13756K(46080K), 0.0006630 secs] [Times: user=0.00 sys=0.00, real=0.00 secs] 
74.241: Total time for which application threads were stopped: 0.0667840 seconds, Stopping threads took: 0.0660220 seconds
74.321: Application time: 0.0802980 seconds
74.323: [GC [PSYoungGen: 13001K->1408K(14336K)] 26469K->18018K(46080K), 0.0015360 secs] [Times: user=0.01 sys=0.00, real=0.00 secs] 
74.324: Total time for which application threads were stopped: 0.0031870 seconds, Stopping threads took: 0.0015730 seconds
74.408: Application time: 0.0842960 seconds
74.484: [GC [PSYoungGen: 13985K->774K(14336K)] 30595K->17384K(46080K), 0.0008030 secs] [Times: user=0.00 sys=0.00, real=0.00 secs] 
74.485: Total time for which application threads were stopped: 0.0761220 seconds, Stopping threads took: 0.0752260 seconds
74.568: Application time: 0.0832340 seconds
74.632: [GC [PSYoungGen: 13566K->563K(14336K)] 30176K->17189K(46080K), 0.0004900 secs] [Times: user=0.01 sys=0.00, real=0.00 secs] 
74.632: Total time for which application threads were stopped: 0.0646740 seconds, Stopping threads took: 0.0641020 seconds
74.714: Application time: 0.0815600 seconds
74.782: [GC [PSYoungGen: 13276K->304K(14336K)] 29902K->16946K(46080K), 0.0005400 secs] [Times: user=0.00 sys=0.00, real=0.00 secs] 
74.782: Total time for which application threads were stopped: 0.0680860 seconds, Stopping threads took: 0.0674670 seconds
74.863: Application time: 0.0806860 seconds
74.900: [GC [PSYoungGen: 12997K->1133K(14336K)] 29639K->17775K(46080K), 0.0006290 secs] [Times: user=0.00 sys=0.00, real=0.00 secs] 
74.901: Total time for which application threads were stopped: 0.0382810 seconds, Stopping threads took: 0.0375790 seconds
74.993: Application time: 0.0914530 seconds
75.047: [GC [PSYoungGen: 13651K->1458K(14336K)] 30293K->18499K(46080K), 0.0008190 secs] [Times: user=0.00 sys=0.00, real=0.00 secs] 
75.048: Total time for which application threads were stopped: 0.0551880 seconds, Stopping threads took: 0.0542830 seconds
75.144: Application time: 0.0957670 seconds
75.208: [GC [PSYoungGen: 14151K->1376K(14336K)] 31192K->18612K(46080K), 0.0006820 secs] [Times: user=0.00 sys=0.00, real=0.00 secs] 
75.209: Total time for which application threads were stopped: 0.0650630 seconds, Stopping threads took: 0.0643130 seconds
75.284: Application time: 0.0754430 seconds
75.353: [GC [PSYoungGen: 14167K->1328K(14336K)] 31403K->18572K(46080K), 0.0006540 secs] [Times: user=0.00 sys=0.00, real=0.00 secs] 
75.354: Total time for which application threads were stopped: 0.0696750 seconds, Stopping threads took: 0.0689430 seconds
75.433: Application time: 0.0792380 seconds
75.481: [GC [PSYoungGen: 14119K->1117K(14336K)] 31363K->18361K(46080K), 0.0005980 secs] [Times: user=0.00 sys=0.00, real=0.00 secs] 
75.481: Total time for which application threads were stopped: 0.0484870 seconds, Stopping threads took: 0.0478220 seconds
75.568: Application time: 0.0864610 seconds
75.632: [GC [PSYoungGen: 13713K->774K(14336K)] 30957K->18018K(46080K), 0.0005590 secs] [Times: user=0.00 sys=0.00, real=0.00 secs] 
75.633: Total time for which application threads were stopped: 0.0646360 seconds, Stopping threads took: 0.0640130 seconds
75.708: Application time: 0.0752910 seconds
75.770: [GC [PSYoungGen: 13487K->515K(14336K)] 30731K->17767K(46080K), 0.0004320 secs] [Times: user=0.00 sys=0.00, real=0.00 secs] 
75.770: Total time for which application threads were stopped: 0.0622840 seconds, Stopping threads took: 0.0617820 seconds
75.845: Application time: 0.0752040 seconds
75.894: [GC [PSYoungGen: 13306K->320K(14336K)] 30558K->17580K(46080K), 0.0004280 secs] [Times: user=0.00 sys=0.00, real=0.00 secs] 
75.895: Total time for which application threads were stopped: 0.0492580 seconds, Stopping threads took: 0.0487550 seconds
75.968: Application time: 0.0737470 seconds
76.003: [GC [PSYoungGen: 13013K->1149K(14336K)] 30273K->18417K(46080K), 0.0006260 secs] [Times: user=0.00 sys=0.00, real=0.00 secs] 
76.004: Total time for which application threads were stopped: 0.0356300 seconds, Stopping threads took: 0.0349370 seconds
76.098: Application time: 0.0936030 seconds
76.163: [GC [PSYoungGen: 13940K->970K(14336K)] 31208K->18237K(46080K), 0.0007850 secs] [Times: user=0.00 sys=0.00, real=0.00 secs] 
76.164: Total time for which application threads were stopped: 0.0665990 seconds, Stopping threads took: 0.0657270 seconds
76.241: Application time: 0.0764160 seconds
76.303: [GC [PSYoungGen: 13683K->790K(14336K)] 30950K->18058K(46080K), 0.0006170 secs] [Times: user=0.00 sys=0.00, real=0.00 secs] 
76.304: Total time for which application threads were stopped: 0.0634570 seconds, Stopping threads took: 0.0627480 seconds
76.379: Application time: 0.0752150 seconds
76.434: [GC [PSYoungGen: 13503K->563K(14336K)] 30771K->17831K(46080K), 0.0007390 secs] [Times: user=0.00 sys=0.00, real=0.00 secs] 
76.435: Total time for which application threads were stopped: 0.0555130 seconds, Stopping threads took: 0.0546770 seconds
76.510: Application time: 0.0754320 seconds
76.570: [GC [PSYoungGen: 13354K->336K(14336K)] 30622K->17611K(46080K), 0.0003950 secs] [Times: user=0.00 sys=0.00, real=0.00 secs] 
76.571: Total time for which application threads were stopped: 0.0603350 seconds, Stopping threads took: 0.0598770 seconds
76.644: Application time: 0.0732640 seconds
76.680: [GC [PSYoungGen: 13088K->1458K(14336K)] 30364K->20500K(46080K), 0.0012000 secs] [Times: user=0.01 sys=0.00, real=0.00 secs] 
76.681: Total time for which application threads were stopped: 0.0369130 seconds, Stopping threads took: 0.0356210 seconds
76.773: Application time: 0.0925010 seconds
76.839: [GC [PSYoungGen: 14073K->742K(14336K)] 33115K->19784K(46080K), 0.0006890 secs] [Times: user=0.00 sys=0.00, real=0.00 secs] 
76.840: Total time for which application threads were stopped: 0.0668360 seconds, Stopping threads took: 0.0660570 seconds
76.916: Application time: 0.0762410 seconds
76.973: [GC [PSYoungGen: 13455K->547K(14336K)] 32497K->19605K(46080K), 0.0005110 secs] [Times: user=0.01 sys=0.00, real=0.00 secs] 
76.974: Total time for which application threads were stopped: 0.0572040 seconds, Stopping threads took: 0.0566270 seconds
77.049: Application time: 0.0758210 seconds
77.098: [GC [PSYoungGen: 13260K->304K(14336K)] 32318K->19361K(46080K), 0.0004620 secs] [Times: user=0.00 sys=0.00, real=0.00 secs] 
77.098: Total time for which application threads were stopped: 0.0487710 seconds, Stopping threads took: 0.0482410 seconds
77.173: Application time: 0.0744180 seconds
77.207: [GC [PSYoungGen: 13075K->1133K(14336K)] 32133K->20199K(46080K), 0.0005900 secs] [Times: user=0.01 sys=0.00, real=0.00 secs] 
77.208: Total time for which application threads were stopped: 0.0350520 seconds, Stopping threads took: 0.0343950 seconds
77.291: Application time: 0.0835900 seconds
77.356: [GC [PSYoungGen: 13651K->758K(14336K)] 32717K->19840K(46080K), 0.0005480 secs] [Times: user=0.00 sys=0.00, real=0.00 secs] 
77.356: Total time for which application threads were stopped: 0.0650610 seconds, Stopping threads took: 0.0644470 seconds
77.437: Application time: 0.0811280 seconds
77.502: [GC [PSYoungGen: 13549K->531K(14336K)] 32631K->19621K(46080K), 0.0006050 secs] [Times: user=0.00 sys=0.00, real=0.00 secs] 
77.503: Total time for which application threads were stopped: 0.0652590 seconds, Stopping threads took: 0.0645620 seconds
77.577: Application time: 0.0745140 seconds
77.632: [GC [PSYoungGen: 13244K->320K(14336K)] 32334K->19425K(46080K), 0.0004560 secs] [Times: user=0.00 sys=0.00, real=0.00 secs] 
77.633: Total time for which application threads were stopped: 0.0556990 seconds, Stopping threads took: 0.0551560 seconds
77.707: Application time: 0.0738900 seconds
77.742: [GC [PSYoungGen: 13013K->1165K(14336K)] 32119K->20271K(46080K), 0.0006890 secs] [Times: user=0.00 sys=0.00, real=0.00 secs] 
77.743: Total time for which application threads were stopped: 0.0357180 seconds, Stopping threads took: 0.0349530 seconds
77.836: Application time: 0.0933860 seconds
77.894: [GC [PSYoungGen: 13761K->758K(14336K)] 32867K->19880K(46080K), 0.0005420 secs] [Times: user=0.00 sys=0.00, real=0.00 secs] 
77.895: Total time for which application threads were stopped: 0.0590280 seconds, Stopping threads took: 0.0583990 seconds
77.971: Application time: 0.0762360 seconds
78.025: [GC [PSYoungGen: 13471K->547K(14336K)] 32593K->19677K(46080K), 0.0006090 secs] [Times: user=0.00 sys=0.00, real=0.00 secs] 
78.026: Total time for which application threads were stopped: 0.0545080 seconds, Stopping threads took: 0.0538150 seconds
78.100: Application time: 0.0739940 seconds
78.135: [GC [PSYoungGen: 13319K->1360K(14336K)] 32449K->20498K(46080K), 0.0008050 secs] [Times: user=0.01 sys=0.00, real=0.00 secs] 
78.136: Total time for which application threads were stopped: 0.0360100 seconds, Stopping threads took: 0.0351370 seconds
78.214: Application time: 0.0780660 seconds
78.273: [GC [PSYoungGen: 14152K->1149K(14336K)] 33289K->20287K(46080K), 0.0008580 secs] [Times: user=0.00 sys=0.00, real=0.00 secs] 
78.274: Total time for which application threads were stopped: 0.0602920 seconds, Stopping threads took: 0.0593410 seconds
78.356: Application time: 0.0815560 seconds
78.420: [GC [PSYoungGen: 13667K->774K(14336K)] 32804K->19912K(46080K), 0.0006950 secs] [Times: user=0.00 sys=0.00, real=0.00 secs] 
78.421: Total time for which application threads were stopped: 0.0650570 seconds, Stopping threads took: 0.0642760 seconds
78.501: Application time: 0.0802340 seconds
78.557: [GC [PSYoungGen: 13566K->1458K(14336K)] 32703K->20799K(46080K), 0.0009490 secs] [Times: user=0.00 sys=0.00, real=0.00 secs] 
78.558: Total time for which application threads were stopped: 0.0567400 seconds, Stopping threads took: 0.0556950 seconds
78.650: Application time: 0.0919250 seconds
78.703: [GC [PSYoungGen: 14151K->1490K(14336K)] 33493K->21816K(46080K), 0.0011150 secs] [Times: user=0.00 sys=0.00, real=0.00 secs] 
78.704: Total time for which application threads were stopped: 0.0545170 seconds, Stopping threads took: 0.0533300 seconds
78.780: Application time: 0.0762800 seconds
78.841: [GC [PSYoungGen: 14203K->1490K(14336K)] 34529K->22597K(46080K), 0.0009840 secs] [Times: user=0.01 sys=0.00, real=0.00 secs] 
78.842: Total time for which application threads were stopped: 0.0616420 seconds, Stopping threads took: 0.0605870 seconds
78.919: Application time: 0.0765750 seconds
78.982: [GC [PSYoungGen: 14086K->758K(14336K)] 35193K->21865K(46080K), 0.0005300 secs] [Times: user=0.00 sys=0.00, real=0.00 secs] 
78.983: Total time for which application threads were stopped: 0.0647340 seconds, Stopping threads took: 0.0631170 seconds
79.063: Application time: 0.0799500 seconds
79.111: [GC [PSYoungGen: 13452K->1360K(14336K)] 34559K->22663K(46080K), 0.0008520 secs] [Times: user=0.00 sys=0.00, real=0.01 secs] 
79.112: Total time for which application threads were stopped: 0.0482440 seconds, Stopping threads took: 0.0472940 seconds
79.194: Application time: 0.0828240 seconds
79.262: [GC [PSYoungGen: 14073K->1344K(14336K)] 35376K->22655K(46080K), 0.0008450 secs] [Times: user=0.00 sys=0.00, real=0.00 secs] 
79.262: Total time for which application threads were stopped: 0.0680680 seconds, Stopping threads took: 0.0671280 seconds
79.347: Application time: 0.0845530 seconds
79.412: [GC [PSYoungGen: 14136K->1117K(14336K)] 35446K->22427K(46080K), 0.0009860 secs] [Times: user=0.01 sys=0.00, real=0.00 secs] 
79.413: Total time for which application threads were stopped: 0.0655180 seconds, Stopping threads took: 0.0644410 seconds
79.504: Application time: 0.0918610 seconds
79.579: [GC [PSYoungGen: 13713K->774K(14336K)] 35023K->22093K(46080K), 0.0009060 secs] [Times: user=0.00 sys=0.00, real=0.00 secs] 
79.580: Total time for which application threads were stopped: 0.0756290 seconds, Stopping threads took: 0.0746540 seconds
79.663: Application time: 0.0827650 seconds
79.716: [GC [PSYoungGen: 13487K->531K(14336K)] 34806K->21849K(46080K), 0.0004480 secs] [Times: user=0.01 sys=0.00, real=0.00 secs] 
79.717: Total time for which application threads were stopped: 0.0538520 seconds, Stopping threads took: 0.0533310 seconds
79.799: Application time: 0.0823840 seconds
79.865: [GC [PSYoungGen: 13244K->304K(14336K)] 34562K->21630K(46080K), 0.0004820 secs] [Times: user=0.00 sys=0.00, real=0.00 secs] 
79.866: Total time for which application threads were stopped: 0.0665910 seconds, Stopping threads took: 0.0660430 seconds
79.948: Application time: 0.0827380 seconds
79.987: [GC [PSYoungGen: 13028K->1376K(14336K)] 34354K->23492K(46080K), 0.0010300 secs] [Times: user=0.00 sys=0.00, real=0.00 secs] 
79.988: Total time for which application threads were stopped: 0.0396300 seconds, Stopping threads took: 0.0385090 seconds
80.071: Application time: 0.0827840 seconds
80.140: [GC [PSYoungGen: 14098K->758K(14336K)] 36213K->22874K(46080K), 0.0007510 secs] [Times: user=0.00 sys=0.00, real=0.00 secs] 
80.141: Total time for which application threads were stopped: 0.0702400 seconds, Stopping threads took: 0.0693990 seconds
80.223: Application time: 0.0823930 seconds
80.291: [GC [PSYoungGen: 13471K->579K(14336K)] 35587K->22711K(46080K), 0.0006170 secs] [Times: user=0.00 sys=0.00, real=0.01 secs] 
80.291: Total time for which application threads were stopped: 0.0677770 seconds, Stopping threads took: 0.0670550 seconds
80.374: Application time: 0.0827250 seconds
80.439: [GC [PSYoungGen: 13292K->320K(14336K)] 35424K->22459K(46080K), 0.0004930 secs] [Times: user=0.00 sys=0.00, real=0.00 secs] 
80.440: Total time for which application threads were stopped: 0.0660140 seconds, Stopping threads took: 0.0654550 seconds
80.520: Application time: 0.0800150 seconds
80.558: [GC [PSYoungGen: 13013K->1376K(14336K)] 35153K->25469K(46080K), 0.0012250 secs] [Times: user=0.00 sys=0.00, real=0.01 secs] 
80.559: Total time for which application threads were stopped: 0.0391470 seconds, Stopping threads took: 0.0378420 seconds
80.641: Application time: 0.0820430 seconds
80.717: [GC [PSYoungGen: 13972K->790K(14336K)] 38065K->24891K(46080K), 0.0005140 secs] [Times: user=0.00 sys=0.00, real=0.00 secs] 
80.718: Total time for which application threads were stopped: 0.0767910 seconds, Stopping threads took: 0.0761970 seconds
80.807: Application time: 0.0893980 seconds
80.857: [GC [PSYoungGen: 13581K->1523K(14336K)] 37682K->26812K(46080K), 0.0009640 secs] [Times: user=0.01 sys=0.00, real=0.00 secs] 
80.858: Total time for which application threads were stopped: 0.0505430 seconds, Stopping threads took: 0.0494950 seconds
80.940: Application time: 0.0823810 seconds
81.011: [GC [PSYoungGen: 14236K->1524K(14336K)] 39525K->27797K(46080K), 0.0010430 secs] [Times: user=0.01 sys=0.00, real=0.01 secs] 
81.012: Total time for which application threads were stopped: 0.0713900 seconds, Stopping threads took: 0.0702510 seconds
81.095: Application time: 0.0832610 seconds
81.159: [GC [PSYoungGen: 14236K->1392K(14336K)] 40510K->28650K(46080K), 0.0009870 secs] [Times: user=0.00 sys=0.00, real=0.00 secs] 
81.160: Total time for which application threads were stopped: 0.0655350 seconds, Stopping threads took: 0.0644740 seconds
81.243: Application time: 0.0826310 seconds
81.286: [GC [PSYoungGen: 13968K->1360K(14336K)] 41227K->30189K(46080K), 0.0012010 secs] [Times: user=0.00 sys=0.00, real=0.00 secs] 
81.287: Total time for which application threads were stopped: 0.0442370 seconds, Stopping threads took: 0.0429550 seconds
81.370: Application time: 0.0822310 seconds
81.438: [GC [PSYoungGen: 14054K->1490K(14336K)] 42882K->31491K(46080K), 0.0010570 secs] [Times: user=0.01 sys=0.00, real=0.00 secs] 
81.439: [Full GC [PSYoungGen: 1490K->0K(14336K)] [ParOldGen: 30000K->4016K(31744K)] 31491K->4016K(46080K) [PSPermGen: 5112K->5112K(21504K)], 0.0045160 secs] [Times: user=0.01 sys=0.00, real=0.01 secs] 
81.443: Total time for which application threads were stopped: 0.0736350 seconds, Stopping threads took: 0.0679280 seconds
81.527: Application time: 0.0833110 seconds
81.595: [GC [PSYoungGen: 12791K->1168K(14336K)] 16807K->5184K(46080K), 0.0005620 secs] [Times: user=0.00 sys=0.01, real=0.00 secs] 
81.596: Total time for which application threads were stopped: 0.0692350 seconds, Stopping threads took: 0.0685960 seconds
81.683: Application time: 0.0871970 seconds
81.733: [GC [PSYoungGen: 13959K->1427K(14336K)] 17975K->7201K(46080K), 0.0011100 secs] [Times: user=0.01 sys=0.00, real=0.00 secs] 
81.734: Total time for which application threads were stopped: 0.0512740 seconds, Stopping threads took: 0.0500900 seconds
81.817: Application time: 0.0830250 seconds
81.888: [GC [PSYoungGen: 14043K->1427K(14336K)] 19817K->7592K(46080K), 0.0007370 secs] [Times: user=0.01 sys=0.00, real=0.00 secs] 
81.889: Total time for which application threads were stopped: 0.0717080 seconds, Stopping threads took: 0.0708990 seconds
81.972: Application time: 0.0827600 seconds
82.038: [GC [PSYoungGen: 14023K->1427K(14336K)] 20188K->7592K(46080K), 0.0005990 secs] [Times: user=0.00 sys=0.00, real=0.00 secs] 
82.039: Total time for which application threads were stopped: 0.0670740 seconds, Stopping threads took: 0.0663980 seconds
82.122: Application time: 0.0828100 seconds
82.189: [GC [PSYoungGen: 14140K->1232K(14336K)] 20305K->7397K(46080K), 0.0007900 secs] [Times: user=0.00 sys=0.00, real=0.00 secs] 
82.190: Total time for which application threads were stopped: 0.0684490 seconds, Stopping threads took: 0.0675670 seconds
82.275: Application time: 0.0845480 seconds
82.332: [GC [PSYoungGen: 14024K->1037K(14336K)] 20188K->7201K(46080K), 0.0005410 secs] [Times: user=0.00 sys=0.00, real=0.00 secs] 
82.332: Total time for which application threads were stopped: 0.0574500 seconds, Stopping threads took: 0.0568350 seconds
82.426: Application time: 0.0934720 seconds
82.490: [GC [PSYoungGen: 13750K->809K(14336K)] 19915K->6974K(46080K), 0.0006470 secs] [Times: user=0.00 sys=0.00, real=0.00 secs] 
82.491: Total time for which application threads were stopped: 0.0650050 seconds, Stopping threads took: 0.0642700 seconds
82.572: Application time: 0.0813670 seconds
82.610: [GC [PSYoungGen: 13308K->1442K(14336K)] 19472K->8778K(46080K), 0.0010880 secs] [Times: user=0.00 sys=0.00, real=0.01 secs] 
82.611: Total time for which application threads were stopped: 0.0395410 seconds, Stopping threads took: 0.0383380 seconds
82.694: Application time: 0.0825630 seconds
82.765: [GC [PSYoungGen: 14155K->1264K(14336K)] 21491K->8601K(46080K), 0.0008440 secs] [Times: user=0.00 sys=0.00, real=0.00 secs] 
82.766: Total time for which application threads were stopped: 0.0718390 seconds, Stopping threads took: 0.0709070 seconds
82.848: Application time: 0.0826080 seconds
82.915: [GC [PSYoungGen: 14055K->1069K(14336K)] 21392K->8405K(46080K), 0.0007200 secs] [Times: user=0.01 sys=0.00, real=0.00 secs] 
82.915: Total time for which application threads were stopped: 0.0669030 seconds, Stopping threads took: 0.0660900 seconds
82.999: Application time: 0.0837730 seconds
83.064: [GC [PSYoungGen: 13587K->710K(14336K)] 20923K->8047K(46080K), 0.0005560 secs] [Times: user=0.01 sys=0.00, real=0.00 secs] 
83.065: Total time for which application threads were stopped: 0.0657890 seconds, Stopping threads took: 0.0651460 seconds
83.158: Application time: 0.0925470 seconds
83.215: [GC [PSYoungGen: 13463K->272K(14336K)] 20799K->7608K(46080K), 0.0005480 secs] [Times: user=0.00 sys=0.00, real=0.00 secs] 
83.215: Total time for which application threads were stopped: 0.0578480 seconds, Stopping threads took: 0.0572290 seconds
83.289: Application time: 0.0734490 seconds
83.326: [GC [PSYoungGen: 12965K->1376K(14336K)] 20302K->10666K(46080K), 0.0011720 secs] [Times: user=0.01 sys=0.00, real=0.00 secs] 
83.327: Total time for which application threads were stopped: 0.0379270 seconds, Stopping threads took: 0.0366620 seconds
83.405: Application time: 0.0786120 seconds
83.473: [GC [PSYoungGen: 13972K->742K(14336K)] 23262K->10032K(46080K), 0.0007400 secs] [Times: user=0.00 sys=0.00, real=0.00 secs] 
83.474: Total time for which application threads were stopped: 0.0688610 seconds, Stopping threads took: 0.0680540 seconds
83.553: Application time: 0.0787560 seconds
83.615: [GC [PSYoungGen: 13455K->515K(14336K)] 22745K->9805K(46080K), 0.0005550 secs] [Times: user=0.00 sys=0.00, real=0.00 secs] 
83.615: Total time for which application threads were stopped: 0.0623340 seconds, Stopping threads took: 0.0616920 seconds
83.692: Application time: 0.0770490 seconds
83.747: [GC [PSYoungGen: 13306K->320K(14336K)] 22596K->9641K(46080K), 0.0005940 secs] [Times: user=0.00 sys=0.00, real=0.00 secs] 
83.748: Total time for which application threads were stopped: 0.0552040 seconds, Stopping threads took: 0.0545390 seconds
83.821: Application time: 0.0735620 seconds
83.856: [GC [PSYoungGen: 12935K->1410K(14336K)] 22257K->11529K(46080K), 0.0009460 secs] [Times: user=0.01 sys=0.00, real=0.00 secs] 
83.857: Total time for which application threads were stopped: 0.0358420 seconds, Stopping threads took: 0.0348020 seconds
83.935: Application time: 0.0784470 seconds
84.003: [GC [PSYoungGen: 13928K->710K(14336K)] 24047K->10829K(46080K), 0.0005330 secs] [Times: user=0.00 sys=0.00, real=0.00 secs] 
84.004: Total time for which application threads were stopped: 0.0690050 seconds, Stopping threads took: 0.0673980 seconds
84.082: Application time: 0.0774140 seconds
84.116: [GC [PSYoungGen: 13326K->1426K(14336K)] 23445K->12741K(46080K), 0.0009930 secs] [Times: user=0.00 sys=0.00, real=0.00 secs] 
84.117: Total time for which application threads were stopped: 0.0349870 seconds, Stopping threads took: 0.0339200 seconds
84.193: Application time: 0.0759820 seconds
84.261: [GC [PSYoungGen: 14100K->1165K(14336K)] 25415K->12480K(46080K), 0.0006140 secs] [Times: user=0.00 sys=0.00, real=0.00 secs] 
84.261: Total time for which application threads were stopped: 0.0685760 seconds, Stopping threads took: 0.0678870 seconds
84.347: Application time: 0.0856750 seconds
84.410: [GC [PSYoungGen: 13878K->954K(14336K)] 25193K->12285K(46080K), 0.0005350 secs] [Times: user=0.00 sys=0.00, real=0.00 secs] 
84.411: Total time for which application threads were stopped: 0.0636080 seconds, Stopping threads took: 0.0630090 seconds
84.499: Application time: 0.0885220 seconds
84.564: [GC [PSYoungGen: 13706K->563K(14336K)] 25037K->11894K(46080K), 0.0004780 secs] [Times: user=0.00 sys=0.00, real=0.00 secs] 
84.565: Total time for which application threads were stopped: 0.0653320 seconds, Stopping threads took: 0.0647950 seconds
84.641: Application time: 0.0762600 seconds
84.694: [GC [PSYoungGen: 13276K->320K(14336K)] 24607K->11667K(46080K), 0.0005270 secs] [Times: user=0.00 sys=0.00, real=0.00 secs] 
84.695: Total time for which application threads were stopped: 0.0540490 seconds, Stopping threads took: 0.0534580 seconds
84.768: Application time: 0.0730810 seconds
84.803: [GC [PSYoungGen: 13013K->1133K(14336K)] 24360K->12480K(46080K), 0.0009920 secs] [Times: user=0.00 sys=0.00, real=0.00 secs] 
84.804: Total time for which application threads were stopped: 0.0357650 seconds, Stopping threads took: 0.0346760 seconds
84.899: Application time: 0.0949620 seconds
84.959: [GC [PSYoungGen: 13924K->938K(14336K)] 25271K->12293K(46080K), 0.0005290 secs] [Times: user=0.00 sys=0.00, real=0.00 secs] 
84.960: Total time for which application threads were stopped: 0.0612900 seconds, Stopping threads took: 0.0606740 seconds
85.037: Application time: 0.0772600 seconds
85.100: [GC [PSYoungGen: 13651K->774K(14336K)] 25006K->12137K(46080K), 0.0007970 secs] [Times: user=0.00 sys=0.00, real=0.00 secs] 
85.100: Total time for which application threads were stopped: 0.0632360 seconds, Stopping threads took: 0.0623510 seconds
85.177: Application time: 0.0767200 seconds
85.239: [GC [PSYoungGen: 13487K->563K(14336K)] 24850K->11934K(46080K), 0.0004940 secs] [Times: user=0.00 sys=0.00, real=0.00 secs] 
85.240: Total time for which application threads were stopped: 0.0627290 seconds, Stopping threads took: 0.0621480 seconds
85.316: Application time: 0.0758140 seconds
85.365: [GC [PSYoungGen: 13354K->288K(14336K)] 24725K->11667K(46080K), 0.0005280 secs] [Times: user=0.00 sys=0.00, real=0.00 secs] 
85.366: Total time for which application threads were stopped: 0.0498960 seconds, Stopping threads took: 0.0492840 seconds
85.439: Application time: 0.0733280 seconds
85.473: [GC [PSYoungGen: 12903K->1149K(14336K)] 24282K->12536K(46080K), 0.0005590 secs] [Times: user=0.01 sys=0.00, real=0.00 secs] 
85.474: Total time for which application threads were stopped: 0.0347370 seconds, Stopping threads took: 0.0341130 seconds
85.560: Application time: 0.0858150 seconds
85.617: [GC [PSYoungGen: 13842K->1376K(14336K)] 25229K->13349K(46080K), 0.0008910 secs] [Times: user=0.00 sys=0.00, real=0.00 secs] 
85.618: Total time for which application threads were stopped: 0.0586160 seconds, Stopping threads took: 0.0576320 seconds
85.697: Application time: 0.0783950 seconds
85.759: [GC [PSYoungGen: 14089K->1523K(14336K)] 26062K->13700K(46080K), 0.0006970 secs] [Times: user=0.00 sys=0.00, real=0.01 secs] 
85.760: Total time for which application threads were stopped: 0.0629490 seconds, Stopping threads took: 0.0621840 seconds
85.837: Application time: 0.0770790 seconds
85.897: [GC [PSYoungGen: 14139K->304K(14336K)] 26315K->12480K(46080K), 0.0005190 secs] [Times: user=0.00 sys=0.00, real=0.00 secs] 
85.898: Total time for which application threads were stopped: 0.0614100 seconds, Stopping threads took: 0.0608180 seconds
85.972: Application time: 0.0735960 seconds
86.007: [GC [PSYoungGen: 13076K->1458K(14336K)] 25252K->14416K(46080K), 0.0008930 secs] [Times: user=0.01 sys=0.00, real=0.00 secs] 
86.008: Total time for which application threads were stopped: 0.0360460 seconds, Stopping threads took: 0.0350800 seconds
86.096: Application time: 0.0882090 seconds
86.160: [GC [PSYoungGen: 14210K->774K(14336K)] 27168K->13732K(46080K), 0.0005310 secs] [Times: user=0.00 sys=0.00, real=0.00 secs] 
86.161: Total time for which application threads were stopped: 0.0651300 seconds, Stopping threads took: 0.0645110 seconds
86.248: Application time: 0.0868950 seconds
86.282: [GC [PSYoungGen: 13487K->1458K(14336K)] 26445K->14619K(46080K), 0.0007640 secs] [Times: user=0.00 sys=0.01, real=0.00 secs] 
86.283: Total time for which application threads were stopped: 0.0350210 seconds, Stopping threads took: 0.0341760 seconds
86.367: Application time: 0.0842950 seconds
86.436: [GC [PSYoungGen: 14151K->1360K(14336K)] 27312K->14521K(46080K), 0.0006980 secs] [Times: user=0.00 sys=0.00, real=0.00 secs] 
86.437: Total time for which application threads were stopped: 0.0692780 seconds, Stopping threads took: 0.0685070 seconds
86.512: Application time: 0.0759300 seconds
86.573: [GC [PSYoungGen: 14073K->1181K(14336K)] 27234K->14358K(46080K), 0.0006570 secs] [Times: user=0.00 sys=0.00, real=0.00 secs] 
86.574: Total time for which application threads were stopped: 0.0616790 seconds, Stopping threads took: 0.0609540 seconds
86.663: Application time: 0.0889240 seconds
86.726: [GC [PSYoungGen: 13777K->742K(14336K)] 26954K->13919K(46080K), 0.0004870 secs] [Times: user=0.00 sys=0.00, real=0.00 secs] 
86.727: Total time for which application threads were stopped: 0.0638840 seconds, Stopping threads took: 0.0633280 seconds
86.803: Application time: 0.0756070 seconds
86.857: [GC [PSYoungGen: 13455K->1458K(14336K)] 26632K->14838K(46080K), 0.0007360 secs] [Times: user=0.00 sys=0.00, real=0.00 secs] 
86.858: Total time for which application threads were stopped: 0.0557100 seconds, Stopping threads took: 0.0549090 seconds
86.936: Application time: 0.0773090 seconds
86.996: [GC [PSYoungGen: 14151K->1376K(14336K)] 27532K->14764K(46080K), 0.0006220 secs] [Times: user=0.00 sys=0.00, real=0.00 secs] 
86.997: Total time for which application threads were stopped: 0.0614830 seconds, Stopping threads took: 0.0607910 seconds
87.071: Application time: 0.0739090 seconds
87.105: [GC [PSYoungGen: 14089K->1408K(14336K)] 27477K->16750K(46080K), 0.0011520 secs] [Times: user=0.00 sys=0.00, real=0.00 secs] 
87.106: Total time for which application threads were stopped: 0.0348920 seconds, Stopping threads took: 0.0336580 seconds
87.181: Application time: 0.0747560 seconds
87.251: [GC [PSYoungGen: 14024K->1524K(14336K)] 29365K->17264K(46080K), 0.0009330 secs] [Times: user=0.00 sys=0.00, real=0.01 secs] 
87.252: Total time for which application threads were stopped: 0.0708850 seconds, Stopping threads took: 0.0698550 seconds
87.328: Application time: 0.0766490 seconds
87.391: [GC [PSYoungGen: 14315K->1360K(14336K)] 30055K->17499K(46080K), 0.0008600 secs] [Times: user=0.00 sys=0.00, real=0.01 secs] 
87.392: Total time for which application threads were stopped: 0.0633450 seconds, Stopping threads took: 0.0623910 seconds
87.468: Application time: 0.0761580 seconds
87.529: [GC [PSYoungGen: 14073K->1344K(14336K)] 30212K->17678K(46080K), 0.0009650 secs] [Times: user=0.01 sys=0.00, real=0.00 secs] 
87.530: Total time for which application threads were stopped: 0.0623280 seconds, Stopping threads took: 0.0612610 seconds
87.618: Application time: 0.0881740 seconds
87.684: [GC [PSYoungGen: 14096K->1165K(14336K)] 30431K->17507K(46080K), 0.0006590 secs] [Times: user=0.01 sys=0.00, real=0.00 secs] 
87.685: Total time for which application threads were stopped: 0.0668070 seconds, Stopping threads took: 0.0660710 seconds
87.761: Application time: 0.0759750 seconds
87.815: [GC [PSYoungGen: 13839K->726K(14336K)] 30181K->17068K(46080K), 0.0005570 secs] [Times: user=0.00 sys=0.00, real=0.00 secs] 
87.815: Total time for which application threads were stopped: 0.0544460 seconds, Stopping threads took: 0.0538240 seconds
87.891: Application time: 0.0758660 seconds
87.953: [GC [PSYoungGen: 13439K->579K(14336K)] 29782K->16921K(46080K), 0.0004810 secs] [Times: user=0.00 sys=0.00, real=0.00 secs] 
87.953: Total time for which application threads were stopped: 0.0618320 seconds, Stopping threads took: 0.0612860 seconds
88.029: Application time: 0.0761350 seconds
88.082: [GC [PSYoungGen: 13370K->320K(14336K)] 29712K->16678K(46080K), 0.0006350 secs] [Times: user=0.01 sys=0.00, real=0.00 secs] 
88.083: Total time for which application threads were stopped: 0.0535680 seconds, Stopping threads took: 0.0528370 seconds
88.156: Application time: 0.0734940 seconds
88.191: [GC [PSYoungGen: 12935K->1117K(14336K)] 29293K->17483K(46080K), 0.0006500 secs] [Times: user=0.00 sys=0.00, real=0.01 secs] 
88.192: Total time for which application threads were stopped: 0.0352860 seconds, Stopping threads took: 0.0345570 seconds
88.268: Application time: 0.0764720 seconds
88.329: [GC [PSYoungGen: 13713K->758K(14336K)] 30079K->17124K(46080K), 0.0005200 secs] [Times: user=0.00 sys=0.00, real=0.00 secs] 
88.330: Total time for which application threads were stopped: 0.0615960 seconds, Stopping threads took: 0.0610110 seconds
88.407: Application time: 0.0770150 seconds
88.459: [GC [PSYoungGen: 13471K->1474K(14336K)] 29837K->18043K(46080K), 0.0009750 secs] [Times: user=0.01 sys=0.00, real=0.00 secs] 
88.460: Total time for which application threads were stopped: 0.0537090 seconds, Stopping threads took: 0.0526450 seconds
88.537: Application time: 0.0769190 seconds
88.601: [GC [PSYoungGen: 14187K->304K(14336K)] 30756K->16873K(46080K), 0.0004570 secs] [Times: user=0.00 sys=0.00, real=0.00 secs] 
88.601: Total time for which application threads were stopped: 0.0638410 seconds, Stopping threads took: 0.0633140 seconds
88.675: Application time: 0.0734670 seconds
88.709: [GC [PSYoungGen: 12919K->1133K(14336K)] 29488K->17710K(46080K), 0.0006340 secs] [Times: user=0.01 sys=0.00, real=0.00 secs] 
88.710: Total time for which application threads were stopped: 0.0350500 seconds, Stopping threads took: 0.0343470 seconds
88.796: Application time: 0.0865760 seconds
88.858: [GC [PSYoungGen: 13651K->774K(14336K)] 30228K->17352K(46080K), 0.0006250 secs] [Times: user=0.01 sys=0.00, real=0.00 secs] 
88.858: Total time for which application threads were stopped: 0.0619800 seconds, Stopping threads took: 0.0612670 seconds
88.934: Application time: 0.0759420 seconds
88.994: [GC [PSYoungGen: 13448K->336K(14336K)] 30026K->16929K(46080K), 0.0004980 secs] [Times: user=0.00 sys=0.00, real=0.00 secs] 
88.995: Total time for which application threads were stopped: 0.0608080 seconds, Stopping threads took: 0.0602250 seconds
89.069: Application time: 0.0735190 seconds
89.103: [GC [PSYoungGen: 13029K->1458K(14336K)] 29623K->18833K(46080K), 0.0008520 secs] [Times: user=0.00 sys=0.00, real=0.00 secs] 
89.105: Total time for which application threads were stopped: 0.0361110 seconds, Stopping threads took: 0.0345310 seconds
89.183: Application time: 0.0778990 seconds
89.248: [GC [PSYoungGen: 14132K->790K(14336K)] 31507K->18173K(46080K), 0.0007450 secs] [Times: user=0.01 sys=0.00, real=0.00 secs] 
89.249: Total time for which application threads were stopped: 0.0661240 seconds, Stopping threads took: 0.0652880 seconds
89.323: Application time: 0.0745180 seconds
89.382: [GC [PSYoungGen: 13484K->1197K(14336K)] 30867K->18978K(46080K), 0.0007500 secs] [Times: user=0.01 sys=0.00, real=0.00 secs] 
89.383: Total time for which application threads were stopped: 0.0594180 seconds, Stopping threads took: 0.0585810 seconds
89.459: Application time: 0.0759890 seconds
89.508: [GC [PSYoungGen: 13988K->1328K(14336K)] 31769K->19110K(46080K), 0.0006860 secs] [Times: user=0.00 sys=0.00, real=0.00 secs] 
89.509: Total time for which application threads were stopped: 0.0504770 seconds, Stopping threads took: 0.0497200 seconds
89.587: Application time: 0.0775650 seconds
89.646: [GC [PSYoungGen: 14041K->1133K(14336K)] 31823K->18930K(46080K), 0.0006260 secs] [Times: user=0.00 sys=0.00, real=0.00 secs] 
89.647: Total time for which application threads were stopped: 0.0603250 seconds, Stopping threads took: 0.0596040 seconds
89.725: Application time: 0.0778770 seconds
89.762: [GC [PSYoungGen: 13827K->1490K(14336K)] 31624K->20858K(46080K), 0.0011480 secs] [Times: user=0.01 sys=0.00, real=0.00 secs] 
89.763: Total time for which application threads were stopped: 0.0382430 seconds, Stopping threads took: 0.0370170 seconds
89.840: Application time: 0.0770280 seconds
89.908: [GC [PSYoungGen: 14105K->547K(14336K)] 33473K->19915K(46080K), 0.0005100 secs] [Times: user=0.00 sys=0.00, real=0.00 secs] 
89.909: Total time for which application threads were stopped: 0.0688060 seconds, Stopping threads took: 0.0682250 seconds
89.985: Application time: 0.0762140 seconds
90.045: [GC [PSYoungGen: 13260K->304K(14336K)] 32628K->19680K(46080K), 0.0004220 secs] [Times: user=0.01 sys=0.00, real=0.00 secs] 
90.046: Total time for which application threads were stopped: 0.0605870 seconds, Stopping threads took: 0.0601050 seconds
90.120: Application time: 0.0745370 seconds
90.154: [GC [PSYoungGen: 12997K->1117K(14336K)] 32373K->20493K(46080K), 0.0006120 secs] [Times: user=0.00 sys=0.00, real=0.00 secs] 
90.155: Total time for which application threads were stopped: 0.0346780 seconds, Stopping threads took: 0.0339880 seconds
90.241: Application time: 0.0855670 seconds
90.303: [GC [PSYoungGen: 13635K->758K(14336K)] 33011K->20142K(46080K), 0.0005190 secs] [Times: user=0.00 sys=0.00, real=0.00 secs] 
90.304: Total time for which application threads were stopped: 0.0633490 seconds, Stopping threads took: 0.0627630 seconds
90.380: Application time: 0.0760450 seconds
90.431: [GC [PSYoungGen: 13550K->563K(14336K)] 32934K->19947K(46080K), 0.0005290 secs] [Times: user=0.00 sys=0.00, real=0.00 secs] 
90.432: Total time for which application threads were stopped: 0.0515790 seconds, Stopping threads took: 0.0509820 seconds
90.509: Application time: 0.0777060 seconds
90.557: [GC [PSYoungGen: 13354K->320K(14336K)] 32738K->19704K(46080K), 0.0004470 secs] [Times: user=0.00 sys=0.00, real=0.00 secs] 
90.558: Total time for which application threads were stopped: 0.0485800 seconds, Stopping threads took: 0.0480730 seconds
90.637: Application time: 0.0792240 seconds
90.670: [GC [PSYoungGen: 13092K->1524K(14336K)] 32476K->22697K(46080K), 0.0012290 secs] [Times: user=0.01 sys=0.00, real=0.01 secs] 
90.671: Total time for which application threads were stopped: 0.0341380 seconds, Stopping threads took: 0.0328050 seconds
90.749: Application time: 0.0777380 seconds
90.817: [GC [PSYoungGen: 14139K->1507K(14336K)] 35313K->23080K(46080K), 0.0008120 secs] [Times: user=0.00 sys=0.00, real=0.00 secs] 
90.817: Total time for which application threads were stopped: 0.0684160 seconds, Stopping threads took: 0.0675090 seconds
90.909: Application time: 0.0920740 seconds
90.967: [GC [PSYoungGen: 14279K->515K(14336K)] 35852K->22095K(46080K), 0.0007120 secs] [Times: user=0.01 sys=0.00, real=0.00 secs] 
90.968: Total time for which application threads were stopped: 0.0583200 seconds, Stopping threads took: 0.0575360 seconds
91.044: Application time: 0.0761470 seconds
91.106: [GC [PSYoungGen: 13228K->288K(14336K)] 34809K->21876K(46080K), 0.0006200 secs] [Times: user=0.01 sys=0.00, real=0.00 secs] 
91.107: Total time for which application threads were stopped: 0.0629420 seconds, Stopping threads took: 0.0622340 seconds
91.180: Application time: 0.0732370 seconds
91.215: [GC [PSYoungGen: 12903K->1474K(14336K)] 34492K->23852K(46080K), 0.0009830 secs] [Times: user=0.01 sys=0.00, real=0.00 secs] 
91.216: Total time for which application threads were stopped: 0.0357760 seconds, Stopping threads took: 0.0346940 seconds
91.293: Application time: 0.0771400 seconds
91.351: [GC [PSYoungGen: 14168K->1181K(14336K)] 36545K->24348K(46080K), 0.0010190 secs] [Times: user=0.00 sys=0.00, real=0.00 secs] 
91.353: Total time for which application threads were stopped: 0.0595020 seconds, Stopping threads took: 0.0584080 seconds
91.434: Application time: 0.0813580 seconds
91.492: [GC [PSYoungGen: 13699K->1508K(14336K)] 36866K->24683K(46080K), 0.0006960 secs] [Times: user=0.00 sys=0.00, real=0.00 secs] 
91.493: Total time for which application threads were stopped: 0.0592110 seconds, Stopping threads took: 0.0584490 seconds
91.574: Application time: 0.0806730 seconds
91.634: [GC [PSYoungGen: 14299K->1360K(14336K)] 37474K->24535K(46080K), 0.0006710 secs] [Times: user=0.00 sys=0.00, real=0.00 secs] 
91.635: Total time for which application threads were stopped: 0.0613870 seconds, Stopping threads took: 0.0606380 seconds
91.712: Application time: 0.0764720 seconds
91.760: [GC [PSYoungGen: 14073K->1165K(14336K)] 37248K->24356K(46080K), 0.0006250 secs] [Times: user=0.01 sys=0.00, real=0.00 secs] 
91.761: Total time for which application threads were stopped: 0.0494100 seconds, Stopping threads took: 0.0487030 seconds
91.837: Application time: 0.0758310 seconds
91.898: [GC [PSYoungGen: 13839K->742K(14336K)] 37030K->23933K(46080K), 0.0007660 secs] [Times: user=0.00 sys=0.00, real=0.00 secs] 
91.899: Total time for which application threads were stopped: 0.0620610 seconds, Stopping threads took: 0.0612280 seconds
91.988: Application time: 0.0888980 seconds
92.036: [GC [PSYoungGen: 13514K->1149K(14336K)] 36705K->24731K(46080K), 0.0007000 secs] [Times: user=0.01 sys=0.00, real=0.00 secs] 
92.037: Total time for which application threads were stopped: 0.0492470 seconds, Stopping threads took: 0.0484850 seconds
92.111: Application time: 0.0740240 seconds
92.145: [GC [PSYoungGen: 13842K->1392K(14336K)] 37424K->25959K(46080K), 0.0009830 secs] [Times: user=0.00 sys=0.00, real=0.00 secs] 
92.146: Total time for which application threads were stopped: 0.0346340 seconds, Stopping threads took: 0.0335720 seconds
92.223: Application time: 0.0775500 seconds
92.286: [GC [PSYoungGen: 14105K->1376K(14336K)] 38672K->26724K(46080K), 0.0008480 secs] [Times: user=0.01 sys=0.00, real=0.00 secs] 
92.287: Total time for which application threads were stopped: 0.0637340 seconds, Stopping threads took: 0.0627870 seconds
92.363: Application time: 0.0759170 seconds
92.426: [GC [PSYoungGen: 14089K->1392K(14336K)] 39437K->27334K(46080K), 0.0009040 secs] [Times: user=0.01 sys=0.00, real=0.00 secs] 
92.427: Total time for which application threads were stopped: 0.0639880 seconds, Stopping threads took: 0.0629900 seconds
92.504: Application time: 0.0770340 seconds
92.565: [GC [PSYoungGen: 14105K->1360K(14336K)] 40047K->27701K(46080K), 0.0008220 secs] [Times: user=0.01 sys=0.00, real=0.00 secs] 
92.566: Total time for which application threads were stopped: 0.0621570 seconds, Stopping threads took: 0.0612670 seconds
92.642: Application time: 0.0759090 seconds
92.705: [GC [PSYoungGen: 14152K->1408K(14336K)] 40492K->27960K(46080K), 0.0013770 secs] [Times: user=0.00 sys=0.00, real=0.00 secs] 
92.706: Total time for which application threads were stopped: 0.0642270 seconds, Stopping threads took: 0.0627590 seconds
92.782: Application time: 0.0757160 seconds
92.842: [GC [PSYoungGen: 14121K->1376K(14336K)] 40673K->27936K(46080K), 0.0006520 secs] [Times: user=0.01 sys=0.00, real=0.00 secs] 
92.843: Total time for which application threads were stopped: 0.0610590 seconds, Stopping threads took: 0.0603320 seconds
92.921: Application time: 0.0777110 seconds
92.982: [GC [PSYoungGen: 14089K->1181K(14336K)] 40649K->27749K(46080K), 0.0007500 secs] [Times: user=0.00 sys=0.00, real=0.00 secs] 
92.983: Total time for which application threads were stopped: 0.0622140 seconds, Stopping threads took: 0.0613710 seconds
93.058: Application time: 0.0751600 seconds
93.118: [GC [PSYoungGen: 13855K->742K(14336K)] 40423K->27310K(46080K), 0.0005840 secs] [Times: user=0.00 sys=0.00, real=0.01 secs] 
93.119: Total time for which application threads were stopped: 0.0608460 seconds, Stopping threads took: 0.0601910 seconds
93.197: Application time: 0.0775180 seconds
93.257: [GC [PSYoungGen: 13495K->352K(14336K)] 40062K->26919K(46080K), 0.0005540 secs] [Times: user=0.00 sys=0.00, real=0.00 secs] 
93.257: Total time for which application threads were stopped: 0.0608840 seconds, Stopping threads took: 0.0602670 seconds
93.331: Application time: 0.0736490 seconds
93.366: [GC [PSYoungGen: 12967K->1165K(14336K)] 39535K->27741K(46080K), 0.0006660 secs] [Times: user=0.01 sys=0.00, real=0.00 secs] 
93.367: Total time for which application threads were stopped: 0.0356010 seconds, Stopping threads took: 0.0348590 seconds
93.461: Application time: 0.0939850 seconds
93.525: [GC [PSYoungGen: 13956K->970K(14336K)] 40532K->27545K(46080K), 0.0005530 secs] [Times: user=0.00 sys=0.00, real=0.00 secs] 
93.525: Total time for which application threads were stopped: 0.0646720 seconds, Stopping threads took: 0.0640520 seconds
93.613: Application time: 0.0875350 seconds
93.646: [GC [PSYoungGen: 13683K->1490K(14336K)] 40258K->28464K(46080K), 0.0007690 secs] [Times: user=0.01 sys=0.00, real=0.00 secs] 
93.647: Total time for which application threads were stopped: 0.0343400 seconds, Stopping threads took: 0.0334970 seconds
93.741: Application time: 0.0933340 seconds
93.803: [GC [PSYoungGen: 14281K->1474K(14336K)] 41255K->28643K(46080K), 0.0007080 secs] [Times: user=0.01 sys=0.00, real=0.00 secs] 
93.804: Total time for which application threads were stopped: 0.0632470 seconds, Stopping threads took: 0.0624690 seconds
93.879: Application time: 0.0749400 seconds
93.912: [GC [PSYoungGen: 14187K->1522K(14336K)] 41356K->30848K(46080K), 0.0012740 secs] [Times: user=0.01 sys=0.00, real=0.00 secs] 
93.913: Total time for which application threads were stopped: 0.0342980 seconds, Stopping threads took: 0.0329390 seconds
93.989: Application time: 0.0764430 seconds
94.058: [GC [PSYoungGen: 14137K->1181K(14336K)] 43463K->30523K(46080K), 0.0005750 secs] [Times: user=0.00 sys=0.00, real=0.00 secs] 
94.059: Total time for which application threads were stopped: 0.0693500 seconds, Stopping threads took: 0.0687060 seconds
94.144: Application time: 0.0848400 seconds
94.211: [GC [PSYoungGen: 13777K->742K(14336K)] 43119K->30092K(46080K), 0.0005660 secs] [Times: user=0.00 sys=0.00, real=0.01 secs] 
94.212: Total time for which application threads were stopped: 0.0684110 seconds, Stopping threads took: 0.0667670 seconds
94.300: Application time: 0.0881070 seconds
94.341: [GC [PSYoungGen: 13455K->1474K(14336K)] 42806K->31019K(46080K), 0.0008850 secs] [Times: user=0.01 sys=0.00, real=0.00 secs] 
94.342: Total time for which application threads were stopped: 0.0419950 seconds, Stopping threads took: 0.0410180 seconds
94.435: Application time: 0.0929730 seconds
94.501: [GC [PSYoungGen: 14187K->304K(14336K)] 43732K->29849K(46080K), 0.0006680 secs] [Times: user=0.00 sys=0.00, real=0.00 secs] 
94.502: Total time for which application threads were stopped: 0.0666430 seconds, Stopping threads took: 0.0658930 seconds
94.575: Application time: 0.0733460 seconds
94.610: [GC [PSYoungGen: 13073K->1458K(14336K)] 42619K->31785K(46080K), 0.0010470 secs] [Times: user=0.00 sys=0.00, real=0.00 secs] 
94.611: [Full GC [PSYoungGen: 1458K->0K(14336K)] [ParOldGen: 30326K->3569K(31744K)] 31785K->3569K(46080K) [PSPermGen: 5115K->5115K(21504K)], 0.0052130 secs] [Times: user=0.03 sys=0.00, real=0.01 secs] 
94.616: Total time for which application threads were stopped: 0.0409200 seconds, Stopping threads took: 0.0345280 seconds
94.693: Application time: 0.0772630 seconds
94.757: [GC [PSYoungGen: 12654K->1427K(14336K)] 16223K->5192K(46080K), 0.0006450 secs] [Times: user=0.01 sys=0.00, real=0.00 secs] 
94.757: Total time for which application threads were stopped: 0.0638440 seconds, Stopping threads took: 0.0631310 seconds
94.833: Application time: 0.0762040 seconds
94.896: [GC [PSYoungGen: 14140K->1443K(14336K)] 17905K->5208K(46080K), 0.0007450 secs] [Times: user=0.00 sys=0.00, real=0.00 secs] 
94.897: Total time for which application threads were stopped: 0.0636160 seconds, Stopping threads took: 0.0627840 seconds
94.972: Application time: 0.0753470 seconds
95.034: [GC [PSYoungGen: 14235K->1264K(14336K)] 17999K->5029K(46080K), 0.0006460 secs] [Times: user=0.00 sys=0.00, real=0.00 secs] 
95.035: Total time for which application threads were stopped: 0.0624380 seconds, Stopping threads took: 0.0617200 seconds
95.111: Application time: 0.0758500 seconds
95.159: [GC [PSYoungGen: 13977K->1037K(14336K)] 17742K->4802K(46080K), 0.0005460 secs] [Times: user=0.00 sys=0.00, real=0.00 secs] 
95.160: Total time for which application threads were stopped: 0.0493950 seconds, Stopping threads took: 0.0487490 seconds
95.237: Application time: 0.0770910 seconds
95.299: [GC [PSYoungGen: 13555K->678K(14336K)] 17319K->4443K(46080K), 0.0005680 secs] [Times: user=0.00 sys=0.00, real=0.01 secs] 
95.299: Total time for which application threads were stopped: 0.0621420 seconds, Stopping threads took: 0.0615040 seconds
95.376: Application time: 0.0764820 seconds
95.437: [GC [PSYoungGen: 13470K->483K(14336K)] 17234K->4248K(46080K), 0.0004300 secs] [Times: user=0.00 sys=0.00, real=0.00 secs] 
95.437: Total time for which application threads were stopped: 0.0616700 seconds, Stopping threads took: 0.0611660 seconds
95.513: Application time: 0.0751380 seconds
95.567: [GC [PSYoungGen: 13196K->272K(14336K)] 16961K->4036K(46080K), 0.0003950 secs] [Times: user=0.00 sys=0.00, real=0.00 secs] 
95.568: Total time for which application threads were stopped: 0.0549610 seconds, Stopping threads took: 0.0544930 seconds
95.642: Application time: 0.0739740 seconds
95.676: [GC [PSYoungGen: 12965K->1069K(14336K)] 16730K->4834K(46080K), 0.0006050 secs] [Times: user=0.00 sys=0.00, real=0.00 secs] 
95.676: Total time for which application threads were stopped: 0.0346830 seconds, Stopping threads took: 0.0340110 seconds
95.753: Application time: 0.0768370 seconds
95.815: [GC [PSYoungGen: 13587K->662K(14336K)] 17351K->4427K(46080K), 0.0004510 secs] [Times: user=0.00 sys=0.00, real=0.00 secs] 
95.815: Total time for which application threads were stopped: 0.0619220 seconds, Stopping threads took: 0.0613910 seconds
95.891: Application time: 0.0755900 seconds
95.953: [GC [PSYoungGen: 13336K->304K(14336K)] 17101K->4068K(46080K), 0.0003900 secs] [Times: user=0.00 sys=0.00, real=0.00 secs] 
95.953: Total time for which application threads were stopped: 0.0626290 seconds, Stopping threads took: 0.0621740 seconds
96.027: Application time: 0.0738450 seconds
96.061: [GC [PSYoungGen: 12919K->1053K(14336K)] 16684K->4818K(46080K), 0.0005920 secs] [Times: user=0.00 sys=0.00, real=0.00 secs] 
96.062: Total time for which application threads were stopped: 0.0345990 seconds, Stopping threads took: 0.0339350 seconds
96.138: Application time: 0.0767900 seconds
96.200: [GC [PSYoungGen: 13747K->1524K(14336K)] 17511K->5679K(46080K), 0.0007590 secs] [Times: user=0.00 sys=0.00, real=0.00 secs] 
96.201: Total time for which application threads were stopped: 0.0625080 seconds, Stopping threads took: 0.0616710 seconds
96.284: Application time: 0.0825810 seconds
96.350: [GC [PSYoungGen: 14178K->1442K(14336K)] 18333K->5597K(46080K), 0.0007620 secs] [Times: user=0.00 sys=0.00, real=0.00 secs] 
96.351: Total time for which application threads were stopped: 0.0670150 seconds, Stopping threads took: 0.0661730 seconds
96.427: Application time: 0.0768190 seconds
96.483: [GC [PSYoungGen: 14057K->1149K(14336K)] 18213K->5304K(46080K), 0.0007330 secs] [Times: user=0.01 sys=0.00, real=0.00 secs] 
96.484: Total time for which application threads were stopped: 0.0568090 seconds, Stopping threads took: 0.0559880 seconds
96.574: Application time: 0.0898150 seconds
96.638: [GC [PSYoungGen: 13667K->742K(14336K)] 17822K->4898K(46080K), 0.0008020 secs] [Times: user=0.01 sys=0.00, real=0.00 secs] 
96.639: Total time for which application threads were stopped: 0.0647830 seconds, Stopping threads took: 0.0638890 seconds
96.714: Application time: 0.0756120 seconds
96.769: [GC [PSYoungGen: 13455K->595K(14336K)] 17611K->4790K(46080K), 0.0004360 secs] [Times: user=0.00 sys=0.00, real=0.00 secs] 
96.769: Total time for which application threads were stopped: 0.0546270 seconds, Stopping threads took: 0.0541160 seconds
96.845: Application time: 0.0760190 seconds
96.906: [GC [PSYoungGen: 13308K->352K(14336K)] 17503K->4547K(46080K), 0.0004060 secs] [Times: user=0.00 sys=0.00, real=0.00 secs] 
96.907: Total time for which application threads were stopped: 0.0614400 seconds, Stopping threads took: 0.0609690 seconds
96.980: Application time: 0.0735370 seconds
97.014: [GC [PSYoungGen: 13045K->1165K(14336K)] 17241K->5384K(46080K), 0.0006340 secs] [Times: user=0.01 sys=0.00, real=0.00 secs] 
97.015: Total time for which application threads were stopped: 0.0348430 seconds, Stopping threads took: 0.0341380 seconds
97.091: Application time: 0.0763490 seconds
97.152: [GC [PSYoungGen: 13761K->774K(14336K)] 17980K->4994K(46080K), 0.0004560 secs] [Times: user=0.00 sys=0.00, real=0.00 secs] 
97.153: Total time for which application threads were stopped: 0.0614700 seconds, Stopping threads took: 0.0609450 seconds
97.229: Application time: 0.0757930 seconds
97.284: [GC [PSYoungGen: 13487K->579K(14336K)] 17707K->4798K(46080K), 0.0004530 secs] [Times: user=0.00 sys=0.00, real=0.00 secs] 
97.284: Total time for which application threads were stopped: 0.0554810 seconds, Stopping threads took: 0.0549470 seconds
97.360: Application time: 0.0757950 seconds
97.421: [GC [PSYoungGen: 13292K->320K(14336K)] 17511K->4555K(46080K), 0.0005940 secs] [Times: user=0.00 sys=0.00, real=0.00 secs] 
97.422: Total time for which application threads were stopped: 0.0617440 seconds, Stopping threads took: 0.0610870 seconds
97.495: Application time: 0.0735260 seconds
97.530: [GC [PSYoungGen: 12955K->1442K(14336K)] 17190K->7240K(46080K), 0.0012300 secs] [Times: user=0.00 sys=0.00, real=0.00 secs] 
97.531: Total time for which application threads were stopped: 0.0357910 seconds, Stopping threads took: 0.0344680 seconds
97.608: Application time: 0.0769870 seconds
97.676: [GC [PSYoungGen: 14057K->515K(14336K)] 19855K->6329K(46080K), 0.0004870 secs] [Times: user=0.00 sys=0.00, real=0.00 secs] 
97.677: Total time for which application threads were stopped: 0.0688970 seconds, Stopping threads took: 0.0683230 seconds
97.750: Application time: 0.0736690 seconds
97.786: [GC [PSYoungGen: 13287K->1424K(14336K)] 19101K->9387K(46080K), 0.0014710 secs] [Times: user=0.01 sys=0.00, real=0.00 secs] 
97.787: Total time for which application threads were stopped: 0.0369160 seconds, Stopping threads took: 0.0353410 seconds
97.865: Application time: 0.0778130 seconds
97.933: [GC [PSYoungGen: 14137K->1149K(14336K)] 22100K->9127K(46080K), 0.0007830 secs] [Times: user=0.00 sys=0.00, real=0.00 secs] 
97.934: Total time for which application threads were stopped: 0.0685190 seconds, Stopping threads took: 0.0676440 seconds
98.023: Application time: 0.0888180 seconds
98.088: [GC [PSYoungGen: 13667K->758K(14336K)] 21645K->8737K(46080K), 0.0004750 secs] [Times: user=0.01 sys=0.00, real=0.00 secs] 
98.088: Total time for which application threads were stopped: 0.0657980 seconds, Stopping threads took: 0.0652380 seconds
98.165: Application time: 0.0765070 seconds
98.226: [GC [PSYoungGen: 13471K->531K(14336K)] 21450K->8517K(46080K), 0.0004620 secs] [Times: user=0.00 sys=0.00, real=0.00 secs] 
98.226: Total time for which application threads were stopped: 0.0611690 seconds, Stopping threads took: 0.0606210 seconds
98.302: Application time: 0.0763880 seconds
98.354: [GC [PSYoungGen: 13322K->304K(14336K)] 21309K->8306K(46080K), 0.0004060 secs] [Times: user=0.00 sys=0.00, real=0.00 secs] 
98.355: Total time for which application threads were stopped: 0.0524880 seconds, Stopping threads took: 0.0520100 seconds
98.429: Application time: 0.0740910 seconds
98.463: [GC [PSYoungGen: 12997K->1133K(14336K)] 21000K->9135K(46080K), 0.0006270 secs] [Times: user=0.00 sys=0.00, real=0.00 secs] 
98.464: Total time for which application threads were stopped: 0.0350880 seconds, Stopping threads took: 0.0343940 seconds
98.547: Application time: 0.0830810 seconds
98.612: [GC [PSYoungGen: 13846K->938K(14336K)] 21849K->8940K(46080K), 0.0006280 secs] [Times: user=0.00 sys=0.00, real=0.00 secs] 
98.612: Total time for which application threads were stopped: 0.0652940 seconds, Stopping threads took: 0.0645790 seconds
98.689: Application time: 0.0768480 seconds
98.736: [GC [PSYoungGen: 13729K->774K(14336K)] 21731K->8777K(46080K), 0.0005410 secs] [Times: user=0.00 sys=0.00, real=0.00 secs] 
98.737: Total time for which application threads were stopped: 0.0472370 seconds, Stopping threads took: 0.0466280 seconds
98.824: Application time: 0.0875490 seconds
98.891: [GC [PSYoungGen: 13565K->563K(14336K)] 21568K->8565K(46080K), 0.0005450 secs] [Times: user=0.00 sys=0.00, real=0.01 secs] 
98.891: Total time for which application threads were stopped: 0.0673830 seconds, Stopping threads took: 0.0667650 seconds
98.968: Application time: 0.0761700 seconds
99.029: [GC [PSYoungGen: 13354K->368K(14336K)] 21357K->8378K(46080K), 0.0005530 secs] [Times: user=0.01 sys=0.00, real=0.00 secs] 
99.030: Total time for which application threads were stopped: 0.0620600 seconds, Stopping threads took: 0.0614240 seconds
99.103: Application time: 0.0736100 seconds
99.138: [GC [PSYoungGen: 13061K->1458K(14336K)] 21072K->10258K(46080K), 0.0009580 secs] [Times: user=0.00 sys=0.00, real=0.01 secs] 
99.139: Total time for which application threads were stopped: 0.0359690 seconds, Stopping threads took: 0.0349160 seconds
99.220: Application time: 0.0810680 seconds
99.284: [GC [PSYoungGen: 14151K->1392K(14336K)] 22951K->10778K(46080K), 0.0007980 secs] [Times: user=0.00 sys=0.00, real=0.00 secs] 
99.286: Total time for which application threads were stopped: 0.0651770 seconds, Stopping threads took: 0.0635750 seconds
99.363: Application time: 0.0773040 seconds
99.424: [GC [PSYoungGen: 13910K->1392K(14336K)] 23296K->10973K(46080K), 0.0008200 secs] [Times: user=0.01 sys=0.00, real=0.00 secs] 
99.425: Total time for which application threads were stopped: 0.0624790 seconds, Stopping threads took: 0.0615610 seconds
99.503: Application time: 0.0773660 seconds
99.565: [GC [PSYoungGen: 14183K->1360K(14336K)] 23765K->10949K(46080K), 0.0006700 secs] [Times: user=0.00 sys=0.00, real=0.00 secs] 
99.565: Total time for which application threads were stopped: 0.0627080 seconds, Stopping threads took: 0.0619470 seconds
99.642: Application time: 0.0765740 seconds
99.692: [GC [PSYoungGen: 14073K->1133K(14336K)] 23662K->10722K(46080K), 0.0005890 secs] [Times: user=0.00 sys=0.00, real=0.00 secs] 
99.693: Total time for which application threads were stopped: 0.0505720 seconds, Stopping threads took: 0.0499170 seconds
99.778: Application time: 0.0852140 seconds
99.839: [GC [PSYoungGen: 13729K->774K(14336K)] 23318K->10371K(46080K), 0.0006720 secs] [Times: user=0.00 sys=0.00, real=0.00 secs] 
99.840: Total time for which application threads were stopped: 0.0622860 seconds, Stopping threads took: 0.0615380 seconds
99.915: Application time: 0.0753450 seconds
99.969: [GC [PSYoungGen: 13566K->563K(14336K)] 23163K->10160K(46080K), 0.0004840 secs] [Times: user=0.00 sys=0.00, real=0.00 secs] 
99.970: Total time for which application threads were stopped: 0.0542840 seconds, Stopping threads took: 0.0537270 seconds
100.047: Application time: 0.0768500 seconds
100.098: [GC [PSYoungGen: 13354K->368K(14336K)] 22951K->9965K(46080K), 0.0004440 secs] [Times: user=0.00 sys=0.00, real=0.00 secs] 
100.099: Total time for which application threads were stopped: 0.0522450 seconds, Stopping threads took: 0.0517200 seconds
100.173: Application time: 0.0739010 seconds
100.207: [GC [PSYoungGen: 12983K->1474K(14336K)] 22580K->11852K(46080K), 0.0008400 secs] [Times: user=0.01 sys=0.00, real=0.00 secs] 
100.207: Total time for which application threads were stopped: 0.0346760 seconds, Stopping threads took: 0.0337630 seconds
100.285: Application time: 0.0778730 seconds
100.353: [GC [PSYoungGen: 14070K->774K(14336K)] 24448K->11161K(46080K), 0.0005340 secs] [Times: user=0.00 sys=0.00, real=0.00 secs] 
100.353: Total time for which application threads were stopped: 0.0678100 seconds, Stopping threads took: 0.0671900 seconds
100.430: Application time: 0.0766910 seconds
100.478: [GC [PSYoungGen: 13565K->547K(14336K)] 23952K->10949K(46080K), 0.0006200 secs] [Times: user=0.00 sys=0.00, real=0.00 secs] 
100.478: Total time for which application threads were stopped: 0.0486990 seconds, Stopping threads took: 0.0480040 seconds
100.554: Application time: 0.0759870 seconds
100.603: [GC [PSYoungGen: 13260K->320K(14336K)] 23662K->10722K(46080K), 0.0006650 secs] [Times: user=0.01 sys=0.00, real=0.00 secs] 
100.603: Total time for which application threads were stopped: 0.0488360 seconds, Stopping threads took: 0.0481100 seconds
100.677: Application time: 0.0739780 seconds
100.712: [GC [PSYoungGen: 13013K->1149K(14336K)] 23416K->11567K(46080K), 0.0006180 secs] [Times: user=0.01 sys=0.00, real=0.00 secs] 
100.712: Total time for which application threads were stopped: 0.0351810 seconds, Stopping threads took: 0.0344750 seconds
100.809: Application time: 0.0967520 seconds
100.869: [GC [PSYoungGen: 13745K->742K(14336K)] 24163K->11169K(46080K), 0.0005020 secs] [Times: user=0.00 sys=0.00, real=0.00 secs] 
100.869: Total time for which application threads were stopped: 0.0600430 seconds, Stopping threads took: 0.0594550 seconds
100.953: Application time: 0.0836340 seconds
101.015: [GC [PSYoungGen: 13533K->1458K(14336K)] 23960K->12088K(46080K), 0.0007210 secs] [Times: user=0.00 sys=0.00, real=0.00 secs] 
101.016: Total time for which application threads were stopped: 0.0626470 seconds, Stopping threads took: 0.0618450 seconds
101.096: Application time: 0.0807830 seconds
101.160: [GC [PSYoungGen: 14073K->1392K(14336K)] 24703K->12038K(46080K), 0.0006440 secs] [Times: user=0.00 sys=0.00, real=0.00 secs] 
101.161: Total time for which application threads were stopped: 0.0647740 seconds, Stopping threads took: 0.0640690 seconds
101.236: Application time: 0.0745040 seconds
101.238: [GC [PSYoungGen: 14183K->1524K(14336K)] 24829K->16156K(46080K), 0.0017240 secs] [Times: user=0.01 sys=0.00, real=0.01 secs] 
101.240: Total time for which application threads were stopped: 0.0041280 seconds, Stopping threads took: 0.0023260 seconds
101.393: Application time: 0.1530060 seconds
101.405: [GC [PSYoungGen: 14198K->694K(14336K)] 28830K->15326K(46080K), 0.0005880 secs] [Times: user=0.00 sys=0.00, real=0.00 secs] 
101.405: Total time for which application threads were stopped: 0.0125150 seconds, Stopping threads took: 0.0118590 seconds
101.480: Application time: 0.0751400 seconds
101.515: [GC [PSYoungGen: 13310K->1426K(14336K)] 27942K->17238K(46080K), 0.0009010 secs] [Times: user=0.00 sys=0.00, real=0.00 secs] 
101.516: Total time for which application threads were stopped: 0.0355720 seconds, Stopping threads took: 0.0345910 seconds
101.592: Application time: 0.0761060 seconds
101.661: [GC [PSYoungGen: 14189K->1232K(14336K)] 30001K->17044K(46080K), 0.0005860 secs] [Times: user=0.00 sys=0.00, real=0.00 secs] 
101.661: Total time for which application threads were stopped: 0.0693200 seconds, Stopping threads took: 0.0686710 seconds
101.740: Application time: 0.0784840 seconds
101.789: [GC [PSYoungGen: 13661K->694K(14336K)] 29473K->16514K(46080K), 0.0005010 secs] [Times: user=0.00 sys=0.00, real=0.00 secs] 
101.789: Total time for which application threads were stopped: 0.0492770 seconds, Stopping threads took: 0.0487070 seconds
101.866: Application time: 0.0766560 seconds
101.914: [GC [PSYoungGen: 13407K->499K(14336K)] 29228K->16327K(46080K), 0.0004170 secs] [Times: user=0.00 sys=0.00, real=0.00 secs] 
101.914: Total time for which application threads were stopped: 0.0484980 seconds, Stopping threads took: 0.0480180 seconds
101.990: Application time: 0.0760310 seconds
102.050: [GC [PSYoungGen: 13212K->272K(14336K)] 29040K->16108K(46080K), 0.0004210 secs] [Times: user=0.00 sys=0.00, real=0.00 secs] 
102.051: Total time for which application threads were stopped: 0.0605470 seconds, Stopping threads took: 0.0600520 seconds
102.124: Application time: 0.0735380 seconds
102.160: [GC [PSYoungGen: 12985K->1508K(14336K)] 28821K->18125K(46080K), 0.0008890 secs] [Times: user=0.01 sys=0.00, real=0.00 secs] 
102.161: Total time for which application threads were stopped: 0.0362510 seconds, Stopping threads took: 0.0352870 seconds
102.237: Application time: 0.0765340 seconds
102.303: [GC [PSYoungGen: 14279K->938K(14336K)] 30897K->17563K(46080K), 0.0005630 secs] [Times: user=0.01 sys=0.00, real=0.00 secs] 
102.304: Total time for which application threads were stopped: 0.0663020 seconds, Stopping threads took: 0.0656660 seconds
102.396: Application time: 0.0920360 seconds
102.453: [GC [PSYoungGen: 13709K->1376K(14336K)] 30335K->18400K(46080K), 0.0007130 secs] [Times: user=0.00 sys=0.00, real=0.00 secs] 
102.454: Total time for which application threads were stopped: 0.0580830 seconds, Stopping threads took: 0.0573020 seconds
102.546: Application time: 0.0925750 seconds
102.611: [GC [PSYoungGen: 13992K->304K(14336K)] 31016K->17328K(46080K), 0.0005010 secs] [Times: user=0.00 sys=0.00, real=0.00 secs] 
102.612: Total time for which application threads were stopped: 0.0656060 seconds, Stopping threads took: 0.0650320 seconds
102.687: Application time: 0.0749770 seconds
102.720: [GC [PSYoungGen: 12997K->1181K(14336K)] 30021K->18213K(46080K), 0.0005960 secs] [Times: user=0.01 sys=0.00, real=0.00 secs] 
102.721: Total time for which application threads were stopped: 0.0341230 seconds, Stopping threads took: 0.0334390 seconds
102.813: Application time: 0.0915570 seconds
102.879: [GC [PSYoungGen: 13699K->758K(14336K)] 30731K->17806K(46080K), 0.0005600 secs] [Times: user=0.00 sys=0.00, real=0.01 secs] 
102.879: Total time for which application threads were stopped: 0.0666110 seconds, Stopping threads took: 0.0659590 seconds
102.956: Application time: 0.0772350 seconds
103.003: [GC [PSYoungGen: 13432K->1426K(14336K)] 30480K->18482K(46080K), 0.0008210 secs] [Times: user=0.01 sys=0.00, real=0.00 secs] 
103.004: Total time for which application threads were stopped: 0.0470960 seconds, Stopping threads took: 0.0461840 seconds
103.080: Application time: 0.0769060 seconds
103.133: [GC [PSYoungGen: 14041K->1149K(14336K)] 31097K->18205K(46080K), 0.0006250 secs] [Times: user=0.00 sys=0.00, real=0.00 secs] 
103.134: Total time for which application threads were stopped: 0.0532450 seconds, Stopping threads took: 0.0525490 seconds
103.218: Application time: 0.0843200 seconds
103.283: [GC [PSYoungGen: 13667K->758K(14336K)] 30723K->17822K(46080K), 0.0004900 secs] [Times: user=0.00 sys=0.00, real=0.00 secs] 
103.284: Total time for which application threads were stopped: 0.0657220 seconds, Stopping threads took: 0.0651650 seconds
103.371: Application time: 0.0875000 seconds
103.419: [GC [PSYoungGen: 13452K->1360K(14336K)] 30516K->18628K(46080K), 0.0008180 secs] [Times: user=0.01 sys=0.00, real=0.01 secs] 
103.420: Total time for which application threads were stopped: 0.0483880 seconds, Stopping threads took: 0.0474830 seconds
103.497: Application time: 0.0775070 seconds
103.558: [GC [PSYoungGen: 14073K->1360K(14336K)] 31341K->18628K(46080K), 0.0009000 secs] [Times: user=0.00 sys=0.00, real=0.00 secs] 
103.559: Total time for which application threads were stopped: 0.0615380 seconds, Stopping threads took: 0.0605710 seconds
103.633: Application time: 0.0748640 seconds
103.691: [GC [PSYoungGen: 14054K->1392K(14336K)] 31321K->19449K(46080K), 0.0010640 secs] [Times: user=0.00 sys=0.00, real=0.01 secs] 
103.692: Total time for which application threads were stopped: 0.0585150 seconds, Stopping threads took: 0.0573720 seconds
103.769: Application time: 0.0773700 seconds
103.838: [GC [PSYoungGen: 14164K->758K(14336K)] 32220K->18823K(46080K), 0.0005310 secs] [Times: user=0.01 sys=0.00, real=0.00 secs] 
103.839: Total time for which application threads were stopped: 0.0693300 seconds, Stopping threads took: 0.0687120 seconds
103.916: Application time: 0.0771170 seconds
103.967: [GC [PSYoungGen: 13550K->531K(14336K)] 31614K->18596K(46080K), 0.0005260 secs] [Times: user=0.00 sys=0.00, real=0.00 secs] 
103.968: Total time for which application threads were stopped: 0.0516750 seconds, Stopping threads took: 0.0510630 seconds
104.043: Application time: 0.0757400 seconds
104.093: [GC [PSYoungGen: 13244K->304K(14336K)] 31309K->18368K(46080K), 0.0004480 secs] [Times: user=0.01 sys=0.00, real=0.00 secs] 
104.094: Total time for which application threads were stopped: 0.0503010 seconds, Stopping threads took: 0.0497890 seconds
104.167: Application time: 0.0733530 seconds
104.202: [GC [PSYoungGen: 12919K->1117K(14336K)] 30984K->19182K(46080K), 0.0006400 secs] [Times: user=0.00 sys=0.00, real=0.00 secs] 
104.202: Total time for which application threads were stopped: 0.0352360 seconds, Stopping threads took: 0.0345180 seconds
104.289: Application time: 0.0868610 seconds
104.340: [GC [PSYoungGen: 13908K->1490K(14336K)] 31973K->20149K(46080K), 0.0008030 secs] [Times: user=0.00 sys=0.00, real=0.00 secs] 
104.342: Total time for which application threads were stopped: 0.0526680 seconds, Stopping threads took: 0.0511010 seconds
104.418: Application time: 0.0760710 seconds
104.481: [GC [PSYoungGen: 14281K->1426K(14336K)] 32940K->20483K(46080K), 0.0008600 secs] [Times: user=0.00 sys=0.00, real=0.00 secs] 
104.482: Total time for which application threads were stopped: 0.0639120 seconds, Stopping threads took: 0.0629590 seconds
104.563: Application time: 0.0815270 seconds
104.614: [GC [PSYoungGen: 14198K->1527K(14336K)] 33255K->22722K(46080K), 0.0013130 secs] [Times: user=0.00 sys=0.01, real=0.00 secs] 
104.615: Total time for which application threads were stopped: 0.0519380 seconds, Stopping threads took: 0.0505460 seconds
104.694: Application time: 0.0791900 seconds
104.757: [GC [PSYoungGen: 14240K->1525K(14336K)] 35434K->23525K(46080K), 0.0009860 secs] [Times: user=0.00 sys=0.00, real=0.00 secs] 
104.758: Total time for which application threads were stopped: 0.0640610 seconds, Stopping threads took: 0.0629740 seconds
104.854: Application time: 0.0956790 seconds
104.917: [GC [PSYoungGen: 14238K->1037K(14336K)] 36238K->23037K(46080K), 0.0005950 secs] [Times: user=0.00 sys=0.00, real=0.00 secs] 
104.917: Total time for which application threads were stopped: 0.0630880 seconds, Stopping threads took: 0.0624200 seconds
105.008: Application time: 0.0904570 seconds
105.073: [GC [PSYoungGen: 13555K->646K(14336K)] 35555K->22662K(46080K), 0.0004500 secs] [Times: user=0.00 sys=0.00, real=0.00 secs] 
105.074: Total time for which application threads were stopped: 0.0662830 seconds, Stopping threads took: 0.0657680 seconds
105.151: Application time: 0.0769670 seconds
105.211: [GC [PSYoungGen: 13437K->451K(14336K)] 35454K->22467K(46080K), 0.0004440 secs] [Times: user=0.00 sys=0.00, real=0.01 secs] 
105.211: Total time for which application threads were stopped: 0.0603460 seconds, Stopping threads took: 0.0598350 seconds
105.288: Application time: 0.0763030 seconds
105.343: [GC [PSYoungGen: 13242K->256K(14336K)] 35258K->22272K(46080K), 0.0004650 secs] [Times: user=0.00 sys=0.00, real=0.00 secs] 
105.344: Total time for which application threads were stopped: 0.0564090 seconds, Stopping threads took: 0.0558680 seconds
105.418: Application time: 0.0735790 seconds
105.453: [GC [PSYoungGen: 12949K->1346K(14336K)] 34965K->24151K(46080K), 0.0008840 secs] [Times: user=0.01 sys=0.00, real=0.00 secs] 
105.453: Total time for which application threads were stopped: 0.0358530 seconds, Stopping threads took: 0.0348980 seconds
105.531: Application time: 0.0771390 seconds
105.598: [GC [PSYoungGen: 14137K->890K(14336K)] 36942K->23695K(46080K), 0.0005380 secs] [Times: user=0.00 sys=0.00, real=0.00 secs] 
105.599: Total time for which application threads were stopped: 0.0680140 seconds, Stopping threads took: 0.0674110 seconds
105.674: Application time: 0.0756380 seconds
105.723: [GC [PSYoungGen: 13681K->678K(14336K)] 36486K->23492K(46080K), 0.0005580 secs] [Times: user=0.00 sys=0.00, real=0.00 secs] 
105.724: Total time for which application threads were stopped: 0.0495450 seconds, Stopping threads took: 0.0489240 seconds
105.800: Application time: 0.0759570 seconds
105.849: [GC [PSYoungGen: 13391K->467K(14336K)] 36205K->23296K(46080K), 0.0005070 secs] [Times: user=0.00 sys=0.00, real=0.00 secs] 
105.850: Total time for which application threads were stopped: 0.0501660 seconds, Stopping threads took: 0.0495870 seconds
105.924: Application time: 0.0741010 seconds
105.958: [GC [PSYoungGen: 13239K->1328K(14336K)] 36068K->24166K(46080K), 0.0006880 secs] [Times: user=0.01 sys=0.00, real=0.01 secs] 
105.959: Total time for which application threads were stopped: 0.0352130 seconds, Stopping threads took: 0.0344530 seconds
106.039: Application time: 0.0798660 seconds
106.098: [GC [PSYoungGen: 14119K->1133K(14336K)] 36957K->23970K(46080K), 0.0007310 secs] [Times: user=0.00 sys=0.00, real=0.00 secs] 
106.098: Total time for which application threads were stopped: 0.0592120 seconds, Stopping threads took: 0.0584160 seconds
106.175: Application time: 0.0769050 seconds
106.226: [GC [PSYoungGen: 13846K->954K(14336K)] 36683K->23791K(46080K), 0.0006290 secs] [Times: user=0.01 sys=0.00, real=0.00 secs] 
106.227: Total time for which application threads were stopped: 0.0519410 seconds, Stopping threads took: 0.0512410 seconds
106.303: Application time: 0.0761220 seconds
106.365: [GC [PSYoungGen: 13745K->742K(14336K)] 36582K->23588K(46080K), 0.0005010 secs] [Times: user=0.01 sys=0.00, real=0.00 secs] 
106.365: Total time for which application threads were stopped: 0.0620750 seconds, Stopping threads took: 0.0614910 seconds
106.442: Application time: 0.0763860 seconds
106.494: [GC [PSYoungGen: 13455K->579K(14336K)] 36301K->23432K(46080K), 0.0004560 secs] [Times: user=0.00 sys=0.00, real=0.00 secs] 
106.495: Total time for which application threads were stopped: 0.0531300 seconds, Stopping threads took: 0.0526120 seconds
106.570: Application time: 0.0755540 seconds
106.630: [GC [PSYoungGen: 13292K->336K(14336K)] 36145K->23205K(46080K), 0.0004160 secs] [Times: user=0.00 sys=0.00, real=0.00 secs] 
106.631: Total time for which application threads were stopped: 0.0603500 seconds, Stopping threads took: 0.0598670 seconds
106.704: Application time: 0.0735970 seconds
106.739: [GC [PSYoungGen: 13029K->1392K(14336K)] 35899K->26215K(46080K), 0.0012390 secs] [Times: user=0.01 sys=0.00, real=0.00 secs] 
106.740: Total time for which application threads were stopped: 0.0361050 seconds, Stopping threads took: 0.0347940 seconds
106.817: Application time: 0.0763950 seconds
106.878: [GC [PSYoungGen: 14105K->1392K(14336K)] 38928K->27973K(46080K), 0.0011570 secs] [Times: user=0.01 sys=0.00, real=0.00 secs] 
106.879: Total time for which application threads were stopped: 0.0619270 seconds, Stopping threads took: 0.0606660 seconds
106.958: Application time: 0.0793550 seconds
107.025: [GC [PSYoungGen: 14164K->1376K(14336K)] 40745K->28347K(46080K), 0.0007740 secs] [Times: user=0.01 sys=0.00, real=0.00 secs] 
107.026: Total time for which application threads were stopped: 0.0677910 seconds, Stopping threads took: 0.0669490 seconds
107.104: Application time: 0.0781760 seconds
107.165: [GC [PSYoungGen: 14167K->1376K(14336K)] 41139K->28551K(46080K), 0.0009280 secs] [Times: user=0.01 sys=0.00, real=0.00 secs] 
107.166: Total time for which application threads were stopped: 0.0616580 seconds, Stopping threads took: 0.0606520 seconds
107.243: Application time: 0.0769600 seconds
107.304: [GC [PSYoungGen: 14167K->1360K(14336K)] 41342K->28551K(46080K), 0.0006710 secs] [Times: user=0.00 sys=0.00, real=0.00 secs] 
107.305: Total time for which application threads were stopped: 0.0623020 seconds, Stopping threads took: 0.0615400 seconds
107.380: Application time: 0.0748920 seconds
107.426: [GC [PSYoungGen: 14054K->1360K(14336K)] 41244K->29340K(46080K), 0.0008360 secs] [Times: user=0.00 sys=0.00, real=0.00 secs] 
107.427: Total time for which application threads were stopped: 0.0471360 seconds, Stopping threads took: 0.0462180 seconds
107.504: Application time: 0.0764180 seconds
107.566: [GC [PSYoungGen: 13975K->1474K(14336K)] 41955K->29852K(46080K), 0.0007830 secs] [Times: user=0.00 sys=0.00, real=0.00 secs] 
107.567: Total time for which application threads were stopped: 0.0632210 seconds, Stopping threads took: 0.0623670 seconds
107.645: Application time: 0.0781310 seconds
107.707: [GC [PSYoungGen: 14265K->1474K(14336K)] 42643K->30056K(46080K), 0.0007480 secs] [Times: user=0.00 sys=0.00, real=0.00 secs] 
107.708: Total time for which application threads were stopped: 0.0633210 seconds, Stopping threads took: 0.0625020 seconds
107.789: Application time: 0.0805590 seconds
107.846: [GC [PSYoungGen: 14187K->1442K(14336K)] 42769K->30024K(46080K), 0.0007220 secs] [Times: user=0.00 sys=0.00, real=0.00 secs] 
107.847: Total time for which application threads were stopped: 0.0582240 seconds, Stopping threads took: 0.0574070 seconds
107.924: Application time: 0.0766160 seconds
107.985: [GC [PSYoungGen: 14136K->1101K(14336K)] 42717K->29691K(46080K), 0.0006310 secs] [Times: user=0.00 sys=0.00, real=0.00 secs] 
107.986: Total time for which application threads were stopped: 0.0624460 seconds, Stopping threads took: 0.0617360 seconds
108.063: Application time: 0.0770290 seconds
108.125: [GC [PSYoungGen: 13619K->774K(14336K)] 42208K->29372K(46080K), 0.0004810 secs] [Times: user=0.00 sys=0.00, real=0.00 secs] 
108.125: Total time for which application threads were stopped: 0.0622170 seconds, Stopping threads took: 0.0616770 seconds
108.213: Application time: 0.0877160 seconds
108.275: [GC [PSYoungGen: 13487K->595K(14336K)] 42085K->29193K(46080K), 0.0005400 secs] [Times: user=0.01 sys=0.00, real=0.00 secs] 
108.276: Total time for which application threads were stopped: 0.0629840 seconds, Stopping threads took: 0.0623570 seconds
108.350: Application time: 0.0740340 seconds
108.385: [GC [PSYoungGen: 13367K->1328K(14336K)] 41964K->29934K(46080K), 0.0008410 secs] [Times: user=0.00 sys=0.00, real=0.00 secs] 
108.385: Total time for which application threads were stopped: 0.0353190 seconds, Stopping threads took: 0.0344050 seconds
108.479: Application time: 0.0933920 seconds
108.540: [GC [PSYoungGen: 13807K->726K(14336K)] 42413K->29332K(46080K), 0.0005450 secs] [Times: user=0.00 sys=0.00, real=0.00 secs] 
108.540: Total time for which application threads were stopped: 0.0616970 seconds, Stopping threads took: 0.0610790 seconds
108.618: Application time: 0.0774900 seconds
108.678: [GC [PSYoungGen: 13439K->579K(14336K)] 42045K->29185K(46080K), 0.0004780 secs] [Times: user=0.01 sys=0.00, real=0.00 secs] 
108.679: Total time for which application threads were stopped: 0.0605700 seconds, Stopping threads took: 0.0600230 seconds
108.755: Application time: 0.0761160 seconds
108.810: [GC [PSYoungGen: 13292K->352K(14336K)] 41898K->28965K(46080K), 0.0004880 secs] [Times: user=0.01 sys=0.00, real=0.00 secs] 
108.810: Total time for which application threads were stopped: 0.0557760 seconds, Stopping threads took: 0.0552190 seconds
108.884: Application time: 0.0737630 seconds
108.919: [GC [PSYoungGen: 13045K->1181K(14336K)] 41659K->29795K(46080K), 0.0008810 secs] [Times: user=0.01 sys=0.00, real=0.01 secs] 
108.920: Total time for which application threads were stopped: 0.0354200 seconds, Stopping threads took: 0.0344610 seconds
109.000: Application time: 0.0799290 seconds
109.050: [GC [PSYoungGen: 13875K->1376K(14336K)] 42488K->30584K(46080K), 0.0009050 secs] [Times: user=0.01 sys=0.00, real=0.01 secs] 
109.051: Total time for which application threads were stopped: 0.0515130 seconds, Stopping threads took: 0.0505110 seconds
109.131: Application time: 0.0796010 seconds
109.198: [GC [PSYoungGen: 14070K->515K(14336K)] 43277K->29731K(46080K), 0.0005010 secs] [Times: user=0.00 sys=0.01, real=0.00 secs] 
109.198: Total time for which application threads were stopped: 0.0677600 seconds, Stopping threads took: 0.0671670 seconds
109.276: Application time: 0.0776700 seconds
109.337: [GC [PSYoungGen: 13304K->272K(14336K)] 42520K->29503K(46080K), 0.0005890 secs] [Times: user=0.00 sys=0.00, real=0.00 secs] 
109.338: Total time for which application threads were stopped: 0.0619710 seconds, Stopping threads took: 0.0612940 seconds
109.412: Application time: 0.0734340 seconds
109.446: [GC [PSYoungGen: 12887K->1474K(14336K)] 42119K->31495K(46080K), 0.0008920 secs] [Times: user=0.00 sys=0.00, real=0.00 secs] 
109.448: Total time for which application threads were stopped: 0.0362210 seconds, Stopping threads took: 0.0345710 seconds
109.526: Application time: 0.0779250 seconds
109.594: [GC [PSYoungGen: 14187K->986K(14336K)] 44208K->31007K(46080K), 0.0008590 secs] [Times: user=0.00 sys=0.00, real=0.00 secs] 
109.594: Total time for which application threads were stopped: 0.0687870 seconds, Stopping threads took: 0.0678270 seconds
109.677: Application time: 0.0829800 seconds
109.738: [GC [PSYoungGen: 13406K->1344K(14336K)] 43427K->31569K(46080K), 0.0006650 secs] [Times: user=0.00 sys=0.00, real=0.00 secs] 
109.738: Total time for which application threads were stopped: 0.0609650 seconds, Stopping threads took: 0.0602220 seconds
109.815: Application time: 0.0769120 seconds
109.878: [GC [PSYoungGen: 14018K->1149K(14336K)] 44243K->31373K(46080K), 0.0008590 secs] [Times: user=0.00 sys=0.00, real=0.00 secs] 
109.879: Total time for which application threads were stopped: 0.0634340 seconds, Stopping threads took: 0.0625030 seconds
109.957: Application time: 0.0787220 seconds
110.006: [GC [PSYoungGen: 13823K->710K(14336K)] 44047K->30943K(46080K), 0.0005720 secs] [Times: user=0.00 sys=0.00, real=0.00 secs] 
110.006: Total time for which application threads were stopped: 0.0489420 seconds, Stopping threads took: 0.0482970 seconds
110.082: Application time: 0.0757460 seconds
110.131: [GC [PSYoungGen: 13423K->1474K(14336K)] 43656K->31902K(46080K), 0.0008140 secs] [Times: user=0.00 sys=0.00, real=0.01 secs] 
110.132: Total time for which application threads were stopped: 0.0494610 seconds, Stopping threads took: 0.0485660 seconds
110.219: Application time: 0.0874880 seconds
110.285: [GC [PSYoungGen: 14273K->320K(14336K)] 44701K->30747K(46080K), 0.0004630 secs] [Times: user=0.00 sys=0.00, real=0.00 secs] 
110.286: Total time for which application threads were stopped: 0.0664640 seconds, Stopping threads took: 0.0659300 seconds
110.360: Application time: 0.0742940 seconds
110.396: [GC [PSYoungGen: 13005K->1149K(14336K)] 43433K->31585K(46080K), 0.0006360 secs] [Times: user=0.01 sys=0.00, real=0.00 secs] 
110.397: Total time for which application threads were stopped: 0.0371760 seconds, Stopping threads took: 0.0364690 seconds
110.484: Application time: 0.0866200 seconds
110.540: [GC [PSYoungGen: 13667K->1442K(14336K)] 44102K->32276K(46080K), 0.0007990 secs] [Times: user=0.01 sys=0.00, real=0.00 secs] 
110.540: Total time for which application threads were stopped: 0.0566810 seconds, Stopping threads took: 0.0557920 seconds
110.616: Application time: 0.0760190 seconds
110.678: [GC [PSYoungGen: 14155K->1458K(14336K)] 44989K->32488K(46080K), 0.0008390 secs] [Times: user=0.00 sys=0.00, real=0.00 secs] 
110.678: [Full GC [PSYoungGen: 1458K->0K(14336K)] [ParOldGen: 31029K->2989K(31744K)] 32488K->2989K(46080K) [PSPermGen: 5115K->5115K(21504K)], 0.0051900 secs] [Times: user=0.03 sys=0.00, real=0.01 secs] 
110.684: Total time for which application threads were stopped: 0.0672160 seconds, Stopping threads took: 0.0610410 seconds
110.761: Application time: 0.0772840 seconds
110.821: [GC [PSYoungGen: 12771K->1184K(14336K)] 15761K->4174K(46080K), 0.0007680 secs] [Times: user=0.00 sys=0.00, real=0.00 secs] 
110.822: Total time for which application threads were stopped: 0.0612700 seconds, Stopping threads took: 0.0604100 seconds
110.900: Application time: 0.0773730 seconds
110.953: [GC [PSYoungGen: 13897K->941K(14336K)] 16887K->3931K(46080K), 0.0005430 secs] [Times: user=0.00 sys=0.00, real=0.00 secs] 
110.954: Total time for which application threads were stopped: 0.0543550 seconds, Stopping threads took: 0.0537240 seconds
111.031: Application time: 0.0774030 seconds
111.065: [GC [PSYoungGen: 13654K->1493K(14336K)] 16644K->4874K(46080K), 0.0008140 secs] [Times: user=0.00 sys=0.00, real=0.00 secs] 
111.066: Total time for which application threads were stopped: 0.0346330 seconds, Stopping threads took: 0.0337480 seconds
111.146: Application time: 0.0797190 seconds
111.217: [GC [PSYoungGen: 14167K->451K(14336K)] 17547K->3831K(46080K), 0.0005110 secs] [Times: user=0.00 sys=0.00, real=0.00 secs] 
111.217: Total time for which application threads were stopped: 0.0713680 seconds, Stopping threads took: 0.0707640 seconds
111.300: Application time: 0.0826500 seconds
111.365: [GC [PSYoungGen: 13242K->256K(14336K)] 16622K->3636K(46080K), 0.0004150 secs] [Times: user=0.00 sys=0.00, real=0.00 secs] 
111.365: Total time for which application threads were stopped: 0.0654160 seconds, Stopping threads took: 0.0649280 seconds
111.446: Application time: 0.0805560 seconds
111.483: [GC [PSYoungGen: 12871K->1394K(14336K)] 16251K->5556K(46080K), 0.0008990 secs] [Times: user=0.00 sys=0.00, real=0.00 secs] 
111.484: Total time for which application threads were stopped: 0.0383060 seconds, Stopping threads took: 0.0373140 seconds
111.567: Application time: 0.0832690 seconds
111.634: [GC [PSYoungGen: 14088K->1507K(14336K)] 18249K->6060K(46080K), 0.0008560 secs] [Times: user=0.01 sys=0.00, real=0.00 secs] 
111.635: Total time for which application threads were stopped: 0.0673570 seconds, Stopping threads took: 0.0664270 seconds
111.717: Application time: 0.0821090 seconds
111.783: [GC [PSYoungGen: 14025K->1459K(14336K)] 18578K->6012K(46080K), 0.0008190 secs] [Times: user=0.00 sys=0.00, real=0.00 secs] 
111.784: Total time for which application threads were stopped: 0.0669100 seconds, Stopping threads took: 0.0660100 seconds
111.867: Application time: 0.0837480 seconds
111.923: [GC [PSYoungGen: 14134K->1133K(14336K)] 18686K->5685K(46080K), 0.0006730 secs] [Times: user=0.01 sys=0.00, real=0.00 secs] 
111.923: Total time for which application threads were stopped: 0.0560310 seconds, Stopping threads took: 0.0552820 seconds
112.007: Application time: 0.0837260 seconds
112.071: [GC [PSYoungGen: 13651K->774K(14336K)] 18203K->5327K(46080K), 0.0005380 secs] [Times: user=0.00 sys=0.00, real=0.01 secs] 
112.071: Total time for which application threads were stopped: 0.0640720 seconds, Stopping threads took: 0.0634650 seconds
112.154: Application time: 0.0830410 seconds
112.220: [GC [PSYoungGen: 13487K->547K(14336K)] 18040K->5099K(46080K), 0.0005260 secs] [Times: user=0.01 sys=0.00, real=0.00 secs] 
112.220: Total time for which application threads were stopped: 0.0660100 seconds, Stopping threads took: 0.0654070 seconds
112.307: Application time: 0.0864840 seconds
112.359: [GC [PSYoungGen: 13319K->1360K(14336K)] 17871K->5913K(46080K), 0.0006100 secs] [Times: user=0.01 sys=0.00, real=0.01 secs] 
112.359: Total time for which application threads were stopped: 0.0525210 seconds, Stopping threads took: 0.0518340 seconds
112.441: Application time: 0.0816560 seconds
112.510: [GC [PSYoungGen: 14073K->1149K(14336K)] 18626K->5701K(46080K), 0.0007680 secs] [Times: user=0.01 sys=0.00, real=0.00 secs] 
112.511: Total time for which application threads were stopped: 0.0696590 seconds, Stopping threads took: 0.0688010 seconds
112.605: Application time: 0.0945260 seconds
112.681: [GC [PSYoungGen: 13667K->774K(14336K)] 18219K->5327K(46080K), 0.0005260 secs] [Times: user=0.00 sys=0.00, real=0.00 secs] 
112.681: Total time for which application threads were stopped: 0.0760870 seconds, Stopping threads took: 0.0754890 seconds
112.763: Application time: 0.0819550 seconds
112.818: [GC [PSYoungGen: 13448K->336K(14336K)] 18001K->4888K(46080K), 0.0004260 secs] [Times: user=0.00 sys=0.00, real=0.00 secs] 
112.819: Total time for which application threads were stopped: 0.0556380 seconds, Stopping threads took: 0.0551500 seconds
112.899: Application time: 0.0800170 seconds
112.936: [GC [PSYoungGen: 12951K->1474K(14336K)] 17503K->6832K(46080K), 0.0009180 secs] [Times: user=0.00 sys=0.00, real=0.00 secs] 
112.937: Total time for which application threads were stopped: 0.0380880 seconds, Stopping threads took: 0.0370910 seconds
113.020: Application time: 0.0828990 seconds
113.087: [GC [PSYoungGen: 14168K->1376K(14336K)] 19525K->7320K(46080K), 0.0008060 secs] [Times: user=0.01 sys=0.00, real=0.00 secs] 
113.088: Total time for which application threads were stopped: 0.0676820 seconds, Stopping threads took: 0.0668080 seconds
113.175: Application time: 0.0875910 seconds
113.247: [GC [PSYoungGen: 14070K->579K(14336K)] 20013K->6522K(46080K), 0.0006980 secs] [Times: user=0.01 sys=0.00, real=0.00 secs] 
113.248: Total time for which application threads were stopped: 0.0723850 seconds, Stopping threads took: 0.0715930 seconds
113.330: Application time: 0.0825210 seconds
113.391: [GC [PSYoungGen: 13370K->352K(14336K)] 19314K->6311K(46080K), 0.0005000 secs] [Times: user=0.00 sys=0.00, real=0.00 secs] 
113.392: Total time for which application threads were stopped: 0.0618050 seconds, Stopping threads took: 0.0612360 seconds
113.472: Application time: 0.0801370 seconds
113.509: [GC [PSYoungGen: 13045K->1392K(14336K)] 19005K->9321K(46080K), 0.0011680 secs] [Times: user=0.01 sys=0.00, real=0.00 secs] 
113.510: Total time for which application threads were stopped: 0.0383930 seconds, Stopping threads took: 0.0371350 seconds
113.593: Application time: 0.0823560 seconds
113.659: [GC [PSYoungGen: 14008K->1522K(14336K)] 21936K->11013K(46080K), 0.0010090 secs] [Times: user=0.01 sys=0.00, real=0.00 secs] 
113.660: Total time for which application threads were stopped: 0.0676530 seconds, Stopping threads took: 0.0665690 seconds
113.744: Application time: 0.0840320 seconds
113.812: [GC [PSYoungGen: 14196K->1490K(14336K)] 23687K->12161K(46080K), 0.0009710 secs] [Times: user=0.00 sys=0.00, real=0.00 secs] 
113.813: Total time for which application threads were stopped: 0.0685540 seconds, Stopping threads took: 0.0675070 seconds
113.896: Application time: 0.0830390 seconds
113.964: [GC [PSYoungGen: 14203K->1442K(14336K)] 24874K->13090K(46080K), 0.0009420 secs] [Times: user=0.01 sys=0.00, real=0.00 secs] 
113.965: Total time for which application threads were stopped: 0.0691760 seconds, Stopping threads took: 0.0681670 seconds
114.049: Application time: 0.0834030 seconds
114.124: [GC [PSYoungGen: 14155K->1133K(14336K)] 25803K->12797K(46080K), 0.0008440 secs] [Times: user=0.00 sys=0.00, real=0.00 secs] 
114.125: Total time for which application threads were stopped: 0.0761840 seconds, Stopping threads took: 0.0752350 seconds
114.216: Application time: 0.0911470 seconds
114.291: [GC [PSYoungGen: 13651K->774K(14336K)] 25315K->12438K(46080K), 0.0005460 secs] [Times: user=0.00 sys=0.00, real=0.00 secs] 
114.292: Total time for which application threads were stopped: 0.0760430 seconds, Stopping threads took: 0.0754280 seconds
114.376: Application time: 0.0837580 seconds
114.426: [GC [PSYoungGen: 13546K->1474K(14336K)] 25210K->14310K(46080K), 0.0008950 secs] [Times: user=0.00 sys=0.00, real=0.00 secs] 
114.427: Total time for which application threads were stopped: 0.0512140 seconds, Stopping threads took: 0.0502260 seconds
114.510: Application time: 0.0826660 seconds
114.575: [GC [PSYoungGen: 14187K->1490K(14336K)] 27023K->15310K(46080K), 0.0009080 secs] [Times: user=0.00 sys=0.00, real=0.00 secs] 
114.577: Total time for which application threads were stopped: 0.0672540 seconds, Stopping threads took: 0.0655830 seconds
114.660: Application time: 0.0828320 seconds
114.725: [GC [PSYoungGen: 14281K->1458K(14336K)] 28101K->16060K(46080K), 0.0011000 secs] [Times: user=0.01 sys=0.00, real=0.00 secs] 
114.726: Total time for which application threads were stopped: 0.0662060 seconds, Stopping threads took: 0.0649990 seconds
114.808: Application time: 0.0818860 seconds
114.877: [GC [PSYoungGen: 14054K->1442K(14336K)] 28655K->16434K(46080K), 0.0008600 secs] [Times: user=0.01 sys=0.00, real=0.00 secs] 
114.878: Total time for which application threads were stopped: 0.0701170 seconds, Stopping threads took: 0.0691640 seconds
114.960: Application time: 0.0816500 seconds
114.998: [GC [PSYoungGen: 14214K->1490K(14336K)] 29206K->17662K(46080K), 0.0011350 secs] [Times: user=0.00 sys=0.00, real=0.01 secs] 
115.000: Total time for which application threads were stopped: 0.0400280 seconds, Stopping threads took: 0.0387950 seconds
115.082: Application time: 0.0824390 seconds
115.148: [GC [PSYoungGen: 14203K->1344K(14336K)] 30375K->17517K(46080K), 0.0007800 secs] [Times: user=0.01 sys=0.00, real=0.00 secs] 
115.149: Total time for which application threads were stopped: 0.0668030 seconds, Stopping threads took: 0.0659300 seconds
115.226: Application time: 0.0775650 seconds
115.287: [GC [PSYoungGen: 14136K->1197K(14336K)] 30308K->17377K(46080K), 0.0008520 secs] [Times: user=0.01 sys=0.00, real=0.00 secs] 
115.288: Total time for which application threads were stopped: 0.0613050 seconds, Stopping threads took: 0.0603540 seconds
115.367: Application time: 0.0788250 seconds
115.417: [GC [PSYoungGen: 13793K->726K(14336K)] 29973K->16915K(46080K), 0.0007030 secs] [Times: user=0.01 sys=0.00, real=0.00 secs] 
115.418: Total time for which application threads were stopped: 0.0515550 seconds, Stopping threads took: 0.0507640 seconds
115.502: Application time: 0.0838050 seconds
115.567: [GC [PSYoungGen: 13439K->563K(14336K)] 29628K->16759K(46080K), 0.0005580 secs] [Times: user=0.00 sys=0.00, real=0.00 secs] 
115.567: Total time for which application threads were stopped: 0.0655190 seconds, Stopping threads took: 0.0648910 seconds
115.644: Application time: 0.0760950 seconds
115.706: [GC [PSYoungGen: 13276K->320K(14336K)] 29472K->16524K(46080K), 0.0004880 secs] [Times: user=0.00 sys=0.00, real=0.00 secs] 
115.706: Total time for which application threads were stopped: 0.0624730 seconds, Stopping threads took: 0.0619000 seconds
115.780: Application time: 0.0735910 seconds
115.814: [GC [PSYoungGen: 12935K->1101K(14336K)] 29139K->17305K(46080K), 0.0006340 secs] [Times: user=0.01 sys=0.00, real=0.00 secs] 
115.815: Total time for which application threads were stopped: 0.0354410 seconds, Stopping threads took: 0.0347290 seconds
115.904: Application time: 0.0888750 seconds
115.966: [GC [PSYoungGen: 13619K->742K(14336K)] 29823K->16955K(46080K), 0.0005060 secs] [Times: user=0.00 sys=0.00, real=0.00 secs] 
115.967: Total time for which application threads were stopped: 0.0626180 seconds, Stopping threads took: 0.0620480 seconds
116.043: Application time: 0.0762630 seconds
116.095: [GC [PSYoungGen: 13417K->336K(14336K)] 29629K->16548K(46080K), 0.0004640 secs] [Times: user=0.00 sys=0.00, real=0.00 secs] 
116.095: Total time for which application threads were stopped: 0.0521640 seconds, Stopping threads took: 0.0516200 seconds
116.168: Application time: 0.0733310 seconds
116.203: [GC [PSYoungGen: 13127K->1474K(14336K)] 29339K->19640K(46080K), 0.0012750 secs] [Times: user=0.01 sys=0.00, real=0.00 secs] 
116.204: Total time for which application threads were stopped: 0.0359750 seconds, Stopping threads took: 0.0346010 seconds
116.283: Application time: 0.0783370 seconds
116.348: [GC [PSYoungGen: 14148K->1392K(14336K)] 32314K->20144K(46080K), 0.0009550 secs] [Times: user=0.01 sys=0.00, real=0.00 secs] 
116.349: Total time for which application threads were stopped: 0.0662950 seconds, Stopping threads took: 0.0652360 seconds
116.444: Application time: 0.0948550 seconds
116.509: [GC [PSYoungGen: 14008K->563K(14336K)] 32759K->19323K(46080K), 0.0006540 secs] [Times: user=0.00 sys=0.00, real=0.00 secs] 
116.510: Total time for which application threads were stopped: 0.0661490 seconds, Stopping threads took: 0.0654100 seconds
116.585: Application time: 0.0752330 seconds
116.638: [GC [PSYoungGen: 13354K->320K(14336K)] 32114K->19079K(46080K), 0.0004310 secs] [Times: user=0.00 sys=0.00, real=0.00 secs] 
116.639: Total time for which application threads were stopped: 0.0533240 seconds, Stopping threads took: 0.0528180 seconds
116.712: Application time: 0.0735570 seconds
116.746: [GC [PSYoungGen: 13013K->1442K(14336K)] 31773K->20991K(46080K), 0.0008670 secs] [Times: user=0.01 sys=0.01, real=0.00 secs] 
116.747: Total time for which application threads were stopped: 0.0347110 seconds, Stopping threads took: 0.0337720 seconds
116.828: Application time: 0.0810130 seconds
116.892: [GC [PSYoungGen: 14038K->1458K(14336K)] 33587K->21405K(46080K), 0.0010480 secs] [Times: user=0.01 sys=0.00, real=0.00 secs] 
116.894: Total time for which application threads were stopped: 0.0656890 seconds, Stopping threads took: 0.0645410 seconds
116.979: Application time: 0.0858150 seconds
117.043: [GC [PSYoungGen: 14073K->1165K(14336K)] 34021K->21511K(46080K), 0.0006620 secs] [Times: user=0.01 sys=0.00, real=0.00 secs] 
117.043: Total time for which application threads were stopped: 0.0641290 seconds, Stopping threads took: 0.0634020 seconds
117.118: Application time: 0.0748510 seconds
117.159: [GC [PSYoungGen: 13878K->1490K(14336K)] 34224K->22813K(46080K), 0.0011520 secs] [Times: user=0.01 sys=0.00, real=0.00 secs] 
117.160: Total time for which application threads were stopped: 0.0421080 seconds, Stopping threads took: 0.0408640 seconds
117.236: Application time: 0.0758460 seconds
117.305: [GC [PSYoungGen: 14281K->1181K(14336K)] 35604K->22512K(46080K), 0.0006690 secs] [Times: user=0.00 sys=0.00, real=0.00 secs] 
117.305: Total time for which application threads were stopped: 0.0691170 seconds, Stopping threads took: 0.0683600 seconds
117.397: Application time: 0.0914510 seconds
117.462: [GC [PSYoungGen: 13777K->774K(14336K)] 35108K->22113K(46080K), 0.0007360 secs] [Times: user=0.00 sys=0.00, real=0.00 secs] 
117.463: Total time for which application threads were stopped: 0.0656490 seconds, Stopping threads took: 0.0648270 seconds
117.540: Application time: 0.0771780 seconds
117.601: [GC [PSYoungGen: 13565K->595K(14336K)] 34904K->21934K(46080K), 0.0007550 secs] [Times: user=0.01 sys=0.00, real=0.00 secs] 
117.602: Total time for which application threads were stopped: 0.0625380 seconds, Stopping threads took: 0.0616980 seconds
117.678: Application time: 0.0756160 seconds
117.738: [GC [PSYoungGen: 13308K->352K(14336K)] 34647K->21690K(46080K), 0.0004480 secs] [Times: user=0.00 sys=0.00, real=0.00 secs] 
117.739: Total time for which application threads were stopped: 0.0610090 seconds, Stopping threads took: 0.0605000 seconds
117.812: Application time: 0.0736280 seconds
117.847: [GC [PSYoungGen: 12967K->1133K(14336K)] 34306K->22472K(46080K), 0.0005860 secs] [Times: user=0.00 sys=0.00, real=0.00 secs] 
117.848: Total time for which application threads were stopped: 0.0350630 seconds, Stopping threads took: 0.0344090 seconds
117.929: Application time: 0.0811770 seconds
117.993: [GC [PSYoungGen: 13807K->742K(14336K)] 35146K->22081K(46080K), 0.0006680 secs] [Times: user=0.00 sys=0.00, real=0.00 secs] 
117.994: Total time for which application threads were stopped: 0.0652160 seconds, Stopping threads took: 0.0644720 seconds
118.074: Application time: 0.0801920 seconds
118.107: [GC [PSYoungGen: 13358K->1524K(14336K)] 34697K->25075K(46080K), 0.0012340 secs] [Times: user=0.01 sys=0.01, real=0.00 secs] 
118.108: Total time for which application threads were stopped: 0.0339640 seconds, Stopping threads took: 0.0326590 seconds
118.185: Application time: 0.0769190 seconds
118.253: [GC [PSYoungGen: 14315K->1232K(14336K)] 37866K->24792K(46080K), 0.0006250 secs] [Times: user=0.00 sys=0.00, real=0.00 secs] 
118.254: Total time for which application threads were stopped: 0.0687920 seconds, Stopping threads took: 0.0681050 seconds
118.332: Application time: 0.0778520 seconds
118.390: [GC [PSYoungGen: 13828K->938K(14336K)] 37388K->24505K(46080K), 0.0005810 secs] [Times: user=0.01 sys=0.00, real=0.00 secs] 
118.390: Total time for which application threads were stopped: 0.0585780 seconds, Stopping threads took: 0.0579360 seconds
118.466: Application time: 0.0761120 seconds
118.515: [GC [PSYoungGen: 13729K->694K(14336K)] 37296K->24262K(46080K), 0.0005150 secs] [Times: user=0.01 sys=0.00, real=0.00 secs] 
118.515: Total time for which application threads were stopped: 0.0489950 seconds, Stopping threads took: 0.0483980 seconds
118.592: Application time: 0.0762610 seconds
118.655: [GC [PSYoungGen: 13486K->563K(14336K)] 37053K->24138K(46080K), 0.0004710 secs] [Times: user=0.00 sys=0.00, real=0.00 secs] 
118.655: Total time for which application threads were stopped: 0.0635500 seconds, Stopping threads took: 0.0630070 seconds
118.731: Application time: 0.0755500 seconds
118.779: [GC [PSYoungGen: 13354K->304K(14336K)] 36930K->23895K(46080K), 0.0004590 secs] [Times: user=0.01 sys=0.00, real=0.01 secs] 
118.779: Total time for which application threads were stopped: 0.0486150 seconds, Stopping threads took: 0.0480900 seconds
118.853: Application time: 0.0740510 seconds
118.889: [GC [PSYoungGen: 12919K->1458K(14336K)] 36510K->25847K(46080K), 0.0009210 secs] [Times: user=0.00 sys=0.00, real=0.00 secs] 
118.889: Total time for which application threads were stopped: 0.0360780 seconds, Stopping threads took: 0.0350850 seconds
118.966: Application time: 0.0762820 seconds
119.028: [GC [PSYoungGen: 13976K->1426K(14336K)] 38364K->26205K(46080K), 0.0008290 secs] [Times: user=0.01 sys=0.00, real=0.00 secs] 
119.029: Total time for which application threads were stopped: 0.0630250 seconds, Stopping threads took: 0.0621250 seconds
119.114: Application time: 0.0848390 seconds
119.181: [GC [PSYoungGen: 14217K->531K(14336K)] 38997K->25310K(46080K), 0.0007080 secs] [Times: user=0.00 sys=0.00, real=0.00 secs] 
119.181: Total time for which application threads were stopped: 0.0676720 seconds, Stopping threads took: 0.0668780 seconds
119.258: Application time: 0.0761940 seconds
119.313: [GC [PSYoungGen: 13322K->336K(14336K)] 38102K->25123K(46080K), 0.0005300 secs] [Times: user=0.00 sys=0.00, real=0.00 secs] 
119.313: Total time for which application threads were stopped: 0.0559690 seconds, Stopping threads took: 0.0553460 seconds
119.387: Application time: 0.0736080 seconds
119.422: [GC [PSYoungGen: 13029K->1474K(14336K)] 37817K->27051K(46080K), 0.0009120 secs] [Times: user=0.00 sys=0.00, real=0.00 secs] 
119.423: Total time for which application threads were stopped: 0.0362060 seconds, Stopping threads took: 0.0352200 seconds
119.499: Application time: 0.0759230 seconds
119.562: [GC [PSYoungGen: 14187K->1490K(14336K)] 39764K->27669K(46080K), 0.0008700 secs] [Times: user=0.01 sys=0.00, real=0.00 secs] 
119.563: Total time for which application threads were stopped: 0.0640220 seconds, Stopping threads took: 0.0630500 seconds
119.642: Application time: 0.0784880 seconds
119.709: [GC [PSYoungGen: 14164K->579K(14336K)] 40343K->26758K(46080K), 0.0005490 secs] [Times: user=0.00 sys=0.00, real=0.00 secs] 
119.711: Total time for which application threads were stopped: 0.0691530 seconds, Stopping threads took: 0.0676020 seconds
119.786: Application time: 0.0755990 seconds
119.850: [GC [PSYoungGen: 13370K->336K(14336K)] 39549K->26514K(46080K), 0.0004890 secs] [Times: user=0.00 sys=0.00, real=0.00 secs] 
119.851: Total time for which application threads were stopped: 0.0644490 seconds, Stopping threads took: 0.0638760 seconds
119.925: Application time: 0.0735970 seconds
119.959: [GC [PSYoungGen: 13049K->1344K(14336K)] 39227K->28515K(46080K), 0.0009650 secs] [Times: user=0.01 sys=0.00, real=0.00 secs] 
119.960: Total time for which application threads were stopped: 0.0356600 seconds, Stopping threads took: 0.0346230 seconds
120.037: Application time: 0.0769320 seconds
120.099: [GC [PSYoungGen: 14135K->1344K(14336K)] 41307K->29305K(46080K), 0.0008370 secs] [Times: user=0.01 sys=0.00, real=0.00 secs] 
120.100: Total time for which application threads were stopped: 0.0631070 seconds, Stopping threads took: 0.0621910 seconds
120.176: Application time: 0.0762350 seconds
120.243: [GC [PSYoungGen: 14038K->806K(14336K)] 41998K->28775K(46080K), 0.0005810 secs] [Times: user=0.01 sys=0.00, real=0.00 secs] 
120.243: Total time for which application threads were stopped: 0.0668670 seconds, Stopping threads took: 0.0662190 seconds
120.328: Application time: 0.0843390 seconds
120.379: [GC [PSYoungGen: 13519K->547K(14336K)] 41488K->28531K(46080K), 0.0004580 secs] [Times: user=0.01 sys=0.00, real=0.00 secs] 
120.380: Total time for which application threads were stopped: 0.0518170 seconds, Stopping threads took: 0.0512940 seconds
120.455: Application time: 0.0754410 seconds
120.517: [GC [PSYoungGen: 13338K->368K(14336K)] 41323K->28360K(46080K), 0.0005000 secs] [Times: user=0.00 sys=0.00, real=0.00 secs] 
120.517: Total time for which application threads were stopped: 0.0623110 seconds, Stopping threads took: 0.0617480 seconds
120.591: Application time: 0.0733780 seconds
120.625: [GC [PSYoungGen: 13061K->1117K(14336K)] 41054K->29117K(46080K), 0.0006180 secs] [Times: user=0.01 sys=0.00, real=0.00 secs] 
120.626: Total time for which application threads were stopped: 0.0349130 seconds, Stopping threads took: 0.0342100 seconds
120.711: Application time: 0.0852770 seconds
120.767: [GC [PSYoungGen: 13732K->1213K(14336K)] 41733K->30003K(46080K), 0.0008970 secs] [Times: user=0.01 sys=0.00, real=0.00 secs] 
120.768: Total time for which application threads were stopped: 0.0572560 seconds, Stopping threads took: 0.0562660 seconds
120.845: Application time: 0.0771870 seconds
120.909: [GC [PSYoungGen: 13828K->563K(14336K)] 42618K->29353K(46080K), 0.0006730 secs] [Times: user=0.00 sys=0.00, real=0.00 secs] 
120.909: Total time for which application threads were stopped: 0.0640970 seconds, Stopping threads took: 0.0633600 seconds
120.983: Application time: 0.0738270 seconds
121.031: [GC [PSYoungGen: 13335K->1344K(14336K)] 42125K->30134K(46080K), 0.0011360 secs] [Times: user=0.00 sys=0.00, real=0.00 secs] 
121.032: Total time for which application threads were stopped: 0.0489240 seconds, Stopping threads took: 0.0477140 seconds
121.111: Application time: 0.0785690 seconds
121.172: [GC [PSYoungGen: 14018K->970K(14336K)] 42808K->29775K(46080K), 0.0005930 secs] [Times: user=0.00 sys=0.00, real=0.00 secs] 
121.172: Total time for which application threads were stopped: 0.0614920 seconds, Stopping threads took: 0.0608160 seconds
121.261: Application time: 0.0883660 seconds
121.324: [GC [PSYoungGen: 13585K->1376K(14336K)] 42391K->30581K(46080K), 0.0008200 secs] [Times: user=0.00 sys=0.00, real=0.00 secs] 
121.325: Total time for which application threads were stopped: 0.0644360 seconds, Stopping threads took: 0.0635440 seconds
121.403: Application time: 0.0775270 seconds
121.464: [GC [PSYoungGen: 13992K->1442K(14336K)] 43196K->30654K(46080K), 0.0007590 secs] [Times: user=0.00 sys=0.00, real=0.00 secs] 
121.465: Total time for which application threads were stopped: 0.0623990 seconds, Stopping threads took: 0.0615740 seconds
121.541: Application time: 0.0757850 seconds
121.591: [GC [PSYoungGen: 14057K->1197K(14336K)] 43270K->30409K(46080K), 0.0007310 secs] [Times: user=0.00 sys=0.00, real=0.00 secs] 
121.592: Total time for which application threads were stopped: 0.0513760 seconds, Stopping threads took: 0.0505820 seconds
121.669: Application time: 0.0766460 seconds
121.731: [GC [PSYoungGen: 13871K->742K(14336K)] 43083K->29963K(46080K), 0.0006700 secs] [Times: user=0.00 sys=0.00, real=0.01 secs] 
121.732: Total time for which application threads were stopped: 0.0627740 seconds, Stopping threads took: 0.0620030 seconds
121.808: Application time: 0.0768130 seconds
121.861: [GC [PSYoungGen: 13533K->547K(14336K)] 42754K->29775K(46080K), 0.0007410 secs] [Times: user=0.01 sys=0.00, real=0.00 secs] 
121.862: Total time for which application threads were stopped: 0.0538150 seconds, Stopping threads took: 0.0529880 seconds
121.938: Application time: 0.0759560 seconds
121.986: [GC [PSYoungGen: 13260K->336K(14336K)] 42488K->29564K(46080K), 0.0005840 secs] [Times: user=0.00 sys=0.00, real=0.00 secs] 
121.987: Total time for which application threads were stopped: 0.0486050 seconds, Stopping threads took: 0.0479560 seconds
122.060: Application time: 0.0732340 seconds
122.095: [GC [PSYoungGen: 13049K->1344K(14336K)] 42277K->31557K(46080K), 0.0009180 secs] [Times: user=0.01 sys=0.00, real=0.00 secs] 
122.096: Total time for which application threads were stopped: 0.0361040 seconds, Stopping threads took: 0.0351180 seconds
122.174: Application time: 0.0774360 seconds
122.242: [GC [PSYoungGen: 14038K->986K(14336K)] 44251K->31215K(46080K), 0.0006200 secs] [Times: user=0.01 sys=0.00, real=0.00 secs] 
122.242: Total time for which application threads were stopped: 0.0687010 seconds, Stopping threads took: 0.0680060 seconds
122.319: Application time: 0.0767570 seconds
122.371: [GC [PSYoungGen: 13699K->774K(14336K)] 43928K->31003K(46080K), 0.0007380 secs] [Times: user=0.00 sys=0.00, real=0.01 secs] 
122.372: Total time for which application threads were stopped: 0.0527120 seconds, Stopping threads took: 0.0519090 seconds
122.448: Application time: 0.0760280 seconds
122.511: [GC [PSYoungGen: 13566K->547K(14336K)] 43795K->30784K(46080K), 0.0005830 secs] [Times: user=0.01 sys=0.00, real=0.00 secs] 
122.512: Total time for which application threads were stopped: 0.0638640 seconds, Stopping threads took: 0.0632000 seconds
122.587: Application time: 0.0754160 seconds
122.623: [GC [PSYoungGen: 13319K->1360K(14336K)] 43556K->31613K(46080K), 0.0007820 secs] [Times: user=0.01 sys=0.00, real=0.00 secs] 
122.624: Total time for which application threads were stopped: 0.0365580 seconds, Stopping threads took: 0.0356880 seconds
122.700: Application time: 0.0764920 seconds
122.753: [GC [PSYoungGen: 14152K->1133K(14336K)] 44405K->31386K(46080K), 0.0007400 secs] [Times: user=0.01 sys=0.00, real=0.00 secs] 
122.754: Total time for which application threads were stopped: 0.0541650 seconds, Stopping threads took: 0.0533330 seconds
122.831: Application time: 0.0765940 seconds
122.890: [GC [PSYoungGen: 13651K->758K(14336K)] 43904K->31011K(46080K), 0.0004930 secs] [Times: user=0.00 sys=0.00, real=0.00 secs] 
122.891: Total time for which application threads were stopped: 0.0597540 seconds, Stopping threads took: 0.0591850 seconds
122.967: Application time: 0.0763430 seconds
123.028: [GC [PSYoungGen: 13471K->563K(14336K)] 43724K->30832K(46080K), 0.0007080 secs] [Times: user=0.00 sys=0.00, real=0.00 secs] 
123.028: Total time for which application threads were stopped: 0.0612930 seconds, Stopping threads took: 0.0605010 seconds
123.102: Application time: 0.0740830 seconds
123.137: [GC [PSYoungGen: 13335K->1328K(14336K)] 43604K->31605K(46080K), 0.0007320 secs] [Times: user=0.01 sys=0.00, real=0.00 secs] 
123.138: Total time for which application threads were stopped: 0.0356350 seconds, Stopping threads took: 0.0348340 seconds
123.215: Application time: 0.0773900 seconds
123.274: [GC [PSYoungGen: 14041K->1133K(14336K)] 44318K->31410K(46080K), 0.0007370 secs] [Times: user=0.01 sys=0.00, real=0.00 secs] 
123.275: Total time for which application threads were stopped: 0.0594070 seconds, Stopping threads took: 0.0585700 seconds
123.354: Application time: 0.0792050 seconds
123.414: [GC [PSYoungGen: 13729K->774K(14336K)] 44006K->31051K(46080K), 0.0004790 secs] [Times: user=0.00 sys=0.00, real=0.00 secs] 
123.414: Total time for which application threads were stopped: 0.0601110 seconds, Stopping threads took: 0.0595680 seconds
123.490: Application time: 0.0755250 seconds
123.539: [GC [PSYoungGen: 13566K->531K(14336K)] 43843K->30808K(46080K), 0.0005150 secs] [Times: user=0.00 sys=0.00, real=0.01 secs] 
123.539: Total time for which application threads were stopped: 0.0494690 seconds, Stopping threads took: 0.0488770 seconds
123.624: Application time: 0.0850170 seconds
123.673: [GC [PSYoungGen: 13146K->1344K(14336K)] 43423K->31629K(46080K), 0.0008310 secs] [Times: user=0.01 sys=0.00, real=0.00 secs] 
123.674: Total time for which application threads were stopped: 0.0502550 seconds, Stopping threads took: 0.0493540 seconds
123.765: Application time: 0.0905850 seconds
123.824: [GC [PSYoungGen: 14057K->1149K(14336K)] 44342K->31450K(46080K), 0.0009130 secs] [Times: user=0.01 sys=0.01, real=0.00 secs] 
123.825: Total time for which application threads were stopped: 0.0595590 seconds, Stopping threads took: 0.0585450 seconds
123.916: Application time: 0.0915260 seconds
123.967: [GC [PSYoungGen: 13745K->758K(14336K)] 44046K->31059K(46080K), 0.0007120 secs] [Times: user=0.00 sys=0.00, real=0.00 secs] 
123.968: Total time for which application threads were stopped: 0.0518150 seconds, Stopping threads took: 0.0510120 seconds
124.052: Application time: 0.0843990 seconds
124.116: [GC [PSYoungGen: 13511K->368K(14336K)] 43812K->30669K(46080K), 0.0006940 secs] [Times: user=0.00 sys=0.00, real=0.00 secs] 
124.117: Total time for which application threads were stopped: 0.0644780 seconds, Stopping threads took: 0.0636990 seconds
124.190: Application time: 0.0737320 seconds
124.225: [GC [PSYoungGen: 12983K->1458K(14336K)] 43284K->32548K(46080K), 0.0009720 secs] [Times: user=0.01 sys=0.00, real=0.00 secs] 
124.226: [Full GC [PSYoungGen: 1458K->0K(14336K)] [ParOldGen: 31090K->3580K(31744K)] 32548K->3580K(46080K) [PSPermGen: 5115K->5115K(21504K)], 0.0053500 secs] [Times: user=0.02 sys=0.00, real=0.00 secs] 
124.231: Total time for which application threads were stopped: 0.0404880 seconds, Stopping threads took: 0.0340230 seconds
124.310: Application time: 0.0791600 seconds
124.372: [GC [PSYoungGen: 12517K->1493K(14336K)] 16098K->5269K(46080K), 0.0006730 secs] [Times: user=0.00 sys=0.00, real=0.00 secs] 
124.372: Total time for which application threads were stopped: 0.0622130 seconds, Stopping threads took: 0.0614620 seconds
124.449: Application time: 0.0769510 seconds
124.509: [GC [PSYoungGen: 14109K->1427K(14336K)] 17885K->5204K(46080K), 0.0005150 secs] [Times: user=0.00 sys=0.00, real=0.00 secs] 
124.509: Total time for which application threads were stopped: 0.0600340 seconds, Stopping threads took: 0.0594630 seconds
124.584: Application time: 0.0742790 seconds
124.634: [GC [PSYoungGen: 14219K->1200K(14336K)] 17995K->4976K(46080K), 0.0007640 secs] [Times: user=0.00 sys=0.00, real=0.00 secs] 
124.635: Total time for which application threads were stopped: 0.0515360 seconds, Stopping threads took: 0.0506950 seconds
124.711: Application time: 0.0762030 seconds
124.761: [GC [PSYoungGen: 13679K->582K(14336K)] 17455K->4358K(46080K), 0.0005060 secs] [Times: user=0.01 sys=0.00, real=0.00 secs] 
124.762: Total time for which application threads were stopped: 0.0501720 seconds, Stopping threads took: 0.0496000 seconds
124.837: Application time: 0.0755290 seconds
124.898: [GC [PSYoungGen: 13295K->419K(14336K)] 17072K->4195K(46080K), 0.0005530 secs] [Times: user=0.00 sys=0.00, real=0.00 secs] 
124.898: Total time for which application threads were stopped: 0.0614270 seconds, Stopping threads took: 0.0607970 seconds
124.975: Application time: 0.0768490 seconds
125.036: [GC [PSYoungGen: 13210K->288K(14336K)] 16987K->4064K(46080K), 0.0003960 secs] [Times: user=0.00 sys=0.00, real=0.00 secs] 
125.037: Total time for which application threads were stopped: 0.0615400 seconds, Stopping threads took: 0.0610830 seconds
125.110: Application time: 0.0735810 seconds
125.145: [GC [PSYoungGen: 13001K->1443K(14336K)] 16777K->6001K(46080K), 0.0008060 secs] [Times: user=0.01 sys=0.00, real=0.00 secs] 
125.145: Total time for which application threads were stopped: 0.0350280 seconds, Stopping threads took: 0.0341540 seconds
125.221: Application time: 0.0752750 seconds
125.280: [GC [PSYoungGen: 14157K->1427K(14336K)] 18714K->6571K(46080K), 0.0010280 secs] [Times: user=0.00 sys=0.00, real=0.00 secs] 
125.281: Total time for which application threads were stopped: 0.0599050 seconds, Stopping threads took: 0.0587840 seconds
125.357: Application time: 0.0766350 seconds
125.420: [GC [PSYoungGen: 14219K->1459K(14336K)] 19362K->6994K(46080K), 0.0007510 secs] [Times: user=0.00 sys=0.00, real=0.00 secs] 
125.421: Total time for which application threads were stopped: 0.0636850 seconds, Stopping threads took: 0.0628330 seconds
125.498: Application time: 0.0767580 seconds
125.560: [GC [PSYoungGen: 14231K->515K(14336K)] 19765K->6049K(46080K), 0.0005400 secs] [Times: user=0.01 sys=0.00, real=0.00 secs] 
125.560: Total time for which application threads were stopped: 0.0624510 seconds, Stopping threads took: 0.0618220 seconds
125.636: Application time: 0.0759840 seconds
125.689: [GC [PSYoungGen: 13306K->352K(14336K)] 18841K->5886K(46080K), 0.0005330 secs] [Times: user=0.00 sys=0.00, real=0.00 secs] 
125.690: Total time for which application threads were stopped: 0.0535490 seconds, Stopping threads took: 0.0529410 seconds
125.763: Application time: 0.0736120 seconds
125.798: [GC [PSYoungGen: 13065K->1523K(14336K)] 18599K->7847K(46080K), 0.0009040 secs] [Times: user=0.00 sys=0.00, real=0.00 secs] 
125.798: Total time for which application threads were stopped: 0.0350860 seconds, Stopping threads took: 0.0341100 seconds
125.875: Application time: 0.0769230 seconds
125.944: [GC [PSYoungGen: 14139K->954K(14336K)] 20462K->7277K(46080K), 0.0005230 secs] [Times: user=0.01 sys=0.00, real=0.00 secs] 
125.944: Total time for which application threads were stopped: 0.0689250 seconds, Stopping threads took: 0.0683290 seconds
126.021: Application time: 0.0767690 seconds
126.070: [GC [PSYoungGen: 13706K->611K(14336K)] 20030K->6934K(46080K), 0.0004250 secs] [Times: user=0.01 sys=0.00, real=0.00 secs] 
126.071: Total time for which application threads were stopped: 0.0494900 seconds, Stopping threads took: 0.0489990 seconds
126.147: Application time: 0.0764720 seconds
126.196: [GC [PSYoungGen: 13324K->400K(14336K)] 19648K->6723K(46080K), 0.0008890 secs] [Times: user=0.01 sys=0.00, real=0.00 secs] 
126.197: Total time for which application threads were stopped: 0.0501580 seconds, Stopping threads took: 0.0492070 seconds
126.271: Application time: 0.0736340 seconds
126.307: [GC [PSYoungGen: 13015K->1149K(14336K)] 19338K->7496K(46080K), 0.0005710 secs] [Times: user=0.00 sys=0.00, real=0.00 secs] 
126.307: Total time for which application threads were stopped: 0.0365920 seconds, Stopping threads took: 0.0359540 seconds
126.398: Application time: 0.0906680 seconds
126.464: [GC [PSYoungGen: 13745K->742K(14336K)] 20092K->7090K(46080K), 0.0005470 secs] [Times: user=0.00 sys=0.00, real=0.00 secs] 
126.465: Total time for which application threads were stopped: 0.0666020 seconds, Stopping threads took: 0.0659800 seconds
126.541: Application time: 0.0762820 seconds
126.590: [GC [PSYoungGen: 13455K->515K(14336K)] 19803K->6878K(46080K), 0.0004720 secs] [Times: user=0.01 sys=0.00, real=0.00 secs] 
126.590: Total time for which application threads were stopped: 0.0492530 seconds, Stopping threads took: 0.0487150 seconds
126.665: Application time: 0.0752490 seconds
126.726: [GC [PSYoungGen: 13228K->352K(14336K)] 19592K->6739K(46080K), 0.0004170 secs] [Times: user=0.00 sys=0.00, real=0.00 secs] 
126.726: Total time for which application threads were stopped: 0.0608650 seconds, Stopping threads took: 0.0603830 seconds
126.800: Application time: 0.0739770 seconds
126.834: [GC [PSYoungGen: 13045K->1117K(14336K)] 19433K->7504K(46080K), 0.0005580 secs] [Times: user=0.00 sys=0.00, real=0.00 secs] 
126.835: Total time for which application threads were stopped: 0.0346230 seconds, Stopping threads took: 0.0339940 seconds
126.913: Application time: 0.0782600 seconds
126.969: [GC [PSYoungGen: 13791K->710K(14336K)] 20179K->7114K(46080K), 0.0004290 secs] [Times: user=0.00 sys=0.00, real=0.00 secs] 
126.970: Total time for which application threads were stopped: 0.0562900 seconds, Stopping threads took: 0.0557890 seconds
127.044: Application time: 0.0748860 seconds
127.098: [GC [PSYoungGen: 13502K->563K(14336K)] 19905K->6966K(46080K), 0.0004870 secs] [Times: user=0.01 sys=0.00, real=0.00 secs] 
127.098: Total time for which application threads were stopped: 0.0540430 seconds, Stopping threads took: 0.0534880 seconds
127.174: Application time: 0.0757790 seconds
127.226: [GC [PSYoungGen: 13354K->320K(14336K)] 19758K->6723K(46080K), 0.0003900 secs] [Times: user=0.00 sys=0.00, real=0.00 secs] 
127.227: Total time for which application threads were stopped: 0.0526050 seconds, Stopping threads took: 0.0521500 seconds
127.301: Application time: 0.0736750 seconds
127.336: [GC [PSYoungGen: 12935K->1101K(14336K)] 19339K->7520K(46080K), 0.0006830 secs] [Times: user=0.00 sys=0.00, real=0.00 secs] 
127.337: Total time for which application threads were stopped: 0.0363540 seconds, Stopping threads took: 0.0355820 seconds
127.413: Application time: 0.0762360 seconds
127.474: [GC [PSYoungGen: 13814K->954K(14336K)] 20233K->7381K(46080K), 0.0006490 secs] [Times: user=0.00 sys=0.00, real=0.00 secs] 
127.474: Total time for which application threads were stopped: 0.0611380 seconds, Stopping threads took: 0.0603950 seconds
127.550: Application time: 0.0758000 seconds
127.605: [GC [PSYoungGen: 13706K->579K(14336K)] 20134K->7022K(46080K), 0.0006750 secs] [Times: user=0.01 sys=0.00, real=0.00 secs] 
127.605: Total time for which application threads were stopped: 0.0553710 seconds, Stopping threads took: 0.0546090 seconds
127.681: Application time: 0.0753860 seconds
127.742: [GC [PSYoungGen: 13292K->368K(14336K)] 19736K->6811K(46080K), 0.0006390 secs] [Times: user=0.00 sys=0.00, real=0.00 secs] 
127.742: Total time for which application threads were stopped: 0.0615100 seconds, Stopping threads took: 0.0607880 seconds
127.816: Application time: 0.0733370 seconds
127.850: [GC [PSYoungGen: 12983K->1101K(14336K)] 19426K->7544K(46080K), 0.0006020 secs] [Times: user=0.00 sys=0.00, real=0.01 secs] 
127.851: Total time for which application threads were stopped: 0.0354190 seconds, Stopping threads took: 0.0347480 seconds
127.929: Application time: 0.0782120 seconds
127.989: [GC [PSYoungGen: 13619K->694K(14336K)] 20062K->7154K(46080K), 0.0007130 secs] [Times: user=0.01 sys=0.00, real=0.00 secs] 
127.990: Total time for which application threads were stopped: 0.0605480 seconds, Stopping threads took: 0.0597500 seconds
128.066: Application time: 0.0765170 seconds
128.120: [GC [PSYoungGen: 13407K->579K(14336K)] 19867K->7038K(46080K), 0.0005630 secs] [Times: user=0.00 sys=0.00, real=0.00 secs] 
128.120: Total time for which application threads were stopped: 0.0537610 seconds, Stopping threads took: 0.0531030 seconds
128.194: Application time: 0.0737010 seconds
128.229: [GC [PSYoungGen: 13351K->1376K(14336K)] 19810K->7836K(46080K), 0.0006740 secs] [Times: user=0.01 sys=0.00, real=0.00 secs] 
128.230: Total time for which application threads were stopped: 0.0359630 seconds, Stopping threads took: 0.0351920 seconds
128.307: Application time: 0.0770370 seconds
128.366: [GC [PSYoungGen: 14089K->1197K(14336K)] 20549K->7664K(46080K), 0.0005940 secs] [Times: user=0.01 sys=0.00, real=0.00 secs] 
128.367: Total time for which application threads were stopped: 0.0598630 seconds, Stopping threads took: 0.0592050 seconds
128.444: Application time: 0.0772550 seconds
128.478: [GC [PSYoungGen: 13968K->1376K(14336K)] 20436K->8430K(46080K), 0.0007810 secs] [Times: user=0.00 sys=0.00, real=0.00 secs] 
128.479: Total time for which application threads were stopped: 0.0346500 seconds, Stopping threads took: 0.0337970 seconds
128.556: Application time: 0.0775910 seconds
128.620: [GC [PSYoungGen: 14070K->579K(14336K)] 21123K->7632K(46080K), 0.0004330 secs] [Times: user=0.00 sys=0.00, real=0.00 secs] 
128.621: Total time for which application threads were stopped: 0.0644050 seconds, Stopping threads took: 0.0638970 seconds
128.696: Application time: 0.0753910 seconds
128.746: [GC [PSYoungGen: 13292K->352K(14336K)] 20345K->7421K(46080K), 0.0004510 secs] [Times: user=0.00 sys=0.00, real=0.00 secs] 
128.747: Total time for which application threads were stopped: 0.0506160 seconds, Stopping threads took: 0.0500970 seconds
128.820: Application time: 0.0736150 seconds
128.855: [GC [PSYoungGen: 13123K->1458K(14336K)] 20193K->9317K(46080K), 0.0009070 secs] [Times: user=0.00 sys=0.00, real=0.00 secs] 
128.856: Total time for which application threads were stopped: 0.0353630 seconds, Stopping threads took: 0.0343840 seconds
128.939: Application time: 0.0830500 seconds
128.985: [GC [PSYoungGen: 14073K->1525K(14336K)] 21932K->13064K(46080K), 0.0017360 secs] [Times: user=0.01 sys=0.00, real=0.00 secs] 
128.987: Total time for which application threads were stopped: 0.0480220 seconds, Stopping threads took: 0.0462050 seconds
129.139: Application time: 0.1525690 seconds
129.155: [GC [PSYoungGen: 14219K->451K(14336K)] 25757K->11998K(46080K), 0.0004160 secs] [Times: user=0.00 sys=0.00, real=0.00 secs] 
129.155: Total time for which application threads were stopped: 0.0157750 seconds, Stopping threads took: 0.0152850 seconds
129.229: Application time: 0.0742830 seconds
129.285: [GC [PSYoungGen: 13164K->256K(14336K)] 24711K->11802K(46080K), 0.0004080 secs] [Times: user=0.00 sys=0.00, real=0.00 secs] 
129.285: Total time for which application threads were stopped: 0.0560550 seconds, Stopping threads took: 0.0555720 seconds
129.359: Application time: 0.0737870 seconds
129.394: [GC [PSYoungGen: 13047K->1362K(14336K)] 24594K->14862K(46080K), 0.0011590 secs] [Times: user=0.00 sys=0.00, real=0.00 secs] 
129.395: Total time for which application threads were stopped: 0.0361300 seconds, Stopping threads took: 0.0344260 seconds
129.472: Application time: 0.0764090 seconds
129.541: [GC [PSYoungGen: 14075K->1459K(14336K)] 27575K->15561K(46080K), 0.0008680 secs] [Times: user=0.00 sys=0.00, real=0.00 secs] 
129.541: Total time for which application threads were stopped: 0.0697030 seconds, Stopping threads took: 0.0687400 seconds
129.617: Application time: 0.0757740 seconds
129.678: [GC [PSYoungGen: 14173K->1443K(14336K)] 28274K->15936K(46080K), 0.0010020 secs] [Times: user=0.01 sys=0.00, real=0.00 secs] 
129.679: Total time for which application threads were stopped: 0.0615040 seconds, Stopping threads took: 0.0604040 seconds
129.755: Application time: 0.0761740 seconds
129.824: [GC [PSYoungGen: 14137K->451K(14336K)] 28630K->14943K(46080K), 0.0004260 secs] [Times: user=0.00 sys=0.00, real=0.00 secs] 
129.824: Total time for which application threads were stopped: 0.0690640 seconds, Stopping threads took: 0.0685750 seconds
129.901: Application time: 0.0772810 seconds
129.950: [GC [PSYoungGen: 13242K->320K(14336K)] 27735K->14812K(46080K), 0.0004070 secs] [Times: user=0.00 sys=0.00, real=0.00 secs] 
129.951: Total time for which application threads were stopped: 0.0492870 seconds, Stopping threads took: 0.0488150 seconds
130.025: Application time: 0.0741820 seconds
130.059: [GC [PSYoungGen: 13013K->1101K(14336K)] 27506K->15593K(46080K), 0.0006200 secs] [Times: user=0.00 sys=0.00, real=0.00 secs] 
130.060: Total time for which application threads were stopped: 0.0353660 seconds, Stopping threads took: 0.0346760 seconds
130.136: Application time: 0.0757820 seconds
130.197: [GC [PSYoungGen: 13775K->710K(14336K)] 28268K->15219K(46080K), 0.0005290 secs] [Times: user=0.00 sys=0.00, real=0.00 secs] 
130.197: Total time for which application threads were stopped: 0.0615370 seconds, Stopping threads took: 0.0609330 seconds
130.275: Application time: 0.0774110 seconds
130.339: [GC [PSYoungGen: 13423K->563K(14336K)] 27932K->15072K(46080K), 0.0004580 secs] [Times: user=0.00 sys=0.00, real=0.01 secs] 
130.339: Total time for which application threads were stopped: 0.0643640 seconds, Stopping threads took: 0.0638380 seconds
130.413: Application time: 0.0737390 seconds
130.448: [GC [PSYoungGen: 13335K->1376K(14336K)] 27843K->18041K(46080K), 0.0012670 secs] [Times: user=0.01 sys=0.00, real=0.00 secs] 
130.449: Total time for which application threads were stopped: 0.0363750 seconds, Stopping threads took: 0.0350340 seconds
130.525: Application time: 0.0756110 seconds
130.583: [GC [PSYoungGen: 13992K->1523K(14336K)] 30657K->18791K(46080K), 0.0011650 secs] [Times: user=0.01 sys=0.00, real=0.00 secs] 
130.585: Total time for which application threads were stopped: 0.0596390 seconds, Stopping threads took: 0.0584070 seconds
130.662: Application time: 0.0773480 seconds
130.727: [GC [PSYoungGen: 14139K->790K(14336K)] 31406K->18057K(46080K), 0.0007090 secs] [Times: user=0.00 sys=0.00, real=0.00 secs] 
130.728: Total time for which application threads were stopped: 0.0658120 seconds, Stopping threads took: 0.0650260 seconds
130.803: Application time: 0.0755680 seconds
130.853: [GC [PSYoungGen: 13581K->563K(14336K)] 30849K->17838K(46080K), 0.0004720 secs] [Times: user=0.00 sys=0.00, real=0.00 secs] 
130.854: Total time for which application threads were stopped: 0.0502470 seconds, Stopping threads took: 0.0497010 seconds
130.929: Application time: 0.0756390 seconds
130.991: [GC [PSYoungGen: 13276K->320K(14336K)] 30551K->17595K(46080K), 0.0004510 secs] [Times: user=0.00 sys=0.00, real=0.00 secs] 
130.992: Total time for which application threads were stopped: 0.0625990 seconds, Stopping threads took: 0.0620840 seconds
131.065: Application time: 0.0736010 seconds
131.100: [GC [PSYoungGen: 13013K->1474K(14336K)] 30288K->19546K(46080K), 0.0009090 secs] [Times: user=0.01 sys=0.01, real=0.00 secs] 
131.101: Total time for which application threads were stopped: 0.0359960 seconds, Stopping threads took: 0.0350140 seconds
131.177: Application time: 0.0756780 seconds
131.239: [GC [PSYoungGen: 14089K->1360K(14336K)] 32162K->20019K(46080K), 0.0009120 secs] [Times: user=0.01 sys=0.00, real=0.01 secs] 
131.239: Total time for which application threads were stopped: 0.0623570 seconds, Stopping threads took: 0.0613420 seconds
131.327: Application time: 0.0875990 seconds
131.393: [GC [PSYoungGen: 14054K->547K(14336K)] 32712K->19221K(46080K), 0.0004640 secs] [Times: user=0.00 sys=0.00, real=0.00 secs] 
131.393: Total time for which application threads were stopped: 0.0663760 seconds, Stopping threads took: 0.0658430 seconds
131.468: Application time: 0.0744980 seconds
131.502: [GC [PSYoungGen: 13241K->1490K(14336K)] 31915K->21141K(46080K), 0.0009980 secs] [Times: user=0.00 sys=0.00, real=0.00 secs] 
131.503: Total time for which application threads were stopped: 0.0346460 seconds, Stopping threads took: 0.0335660 seconds
131.585: Application time: 0.0821720 seconds
131.653: [GC [PSYoungGen: 14281K->1197K(14336K)] 33932K->20848K(46080K), 0.0005960 secs] [Times: user=0.00 sys=0.00, real=0.00 secs] 
131.653: Total time for which application threads were stopped: 0.0686390 seconds, Stopping threads took: 0.0679520 seconds
131.730: Application time: 0.0769770 seconds
131.778: [GC [PSYoungGen: 13871K->758K(14336K)] 33522K->20417K(46080K), 0.0004990 secs] [Times: user=0.00 sys=0.00, real=0.00 secs] 
131.778: Total time for which application threads were stopped: 0.0480620 seconds, Stopping threads took: 0.0474940 seconds
131.853: Application time: 0.0746740 seconds
131.886: [GC [PSYoungGen: 13452K->1474K(14336K)] 33111K->22313K(46080K), 0.0012200 secs] [Times: user=0.01 sys=0.00, real=0.00 secs] 
131.888: Total time for which application threads were stopped: 0.0345990 seconds, Stopping threads took: 0.0333110 seconds
131.964: Application time: 0.0765960 seconds
132.034: [GC [PSYoungGen: 14187K->1328K(14336K)] 35026K->22175K(46080K), 0.0007390 secs] [Times: user=0.00 sys=0.00, real=0.00 secs] 
132.034: Total time for which application threads were stopped: 0.0700870 seconds, Stopping threads took: 0.0692540 seconds
132.112: Application time: 0.0773790 seconds
132.161: [GC [PSYoungGen: 14041K->1165K(14336K)] 34888K->22028K(46080K), 0.0006230 secs] [Times: user=0.00 sys=0.00, real=0.00 secs] 
132.162: Total time for which application threads were stopped: 0.0501620 seconds, Stopping threads took: 0.0494740 seconds
132.243: Application time: 0.0811060 seconds
132.289: [GC [PSYoungGen: 13780K->1376K(14336K)] 34643K->22825K(46080K), 0.0010820 secs] [Times: user=0.00 sys=0.00, real=0.00 secs] 
132.290: Total time for which application threads were stopped: 0.0470390 seconds, Stopping threads took: 0.0458740 seconds
132.367: Application time: 0.0769710 seconds
132.432: [GC [PSYoungGen: 14148K->531K(14336K)] 35597K->21988K(46080K), 0.0004970 secs] [Times: user=0.00 sys=0.00, real=0.00 secs] 
132.433: Total time for which application threads were stopped: 0.0655750 seconds, Stopping threads took: 0.0649910 seconds
132.508: Application time: 0.0751000 seconds
132.570: [GC [PSYoungGen: 13244K->1458K(14336K)] 34701K->22923K(46080K), 0.0006880 secs] [Times: user=0.01 sys=0.00, real=0.00 secs] 
132.571: Total time for which application threads were stopped: 0.0628720 seconds, Stopping threads took: 0.0621180 seconds
132.647: Application time: 0.0768710 seconds
132.701: [GC [PSYoungGen: 14151K->1165K(14336K)] 35616K->22630K(46080K), 0.0007170 secs] [Times: user=0.01 sys=0.00, real=0.00 secs] 
132.701: Total time for which application threads were stopped: 0.0539940 seconds, Stopping threads took: 0.0531870 seconds
132.778: Application time: 0.0766680 seconds
132.838: [GC [PSYoungGen: 13761K->790K(14336K)] 35226K->22271K(46080K), 0.0006340 secs] [Times: user=0.01 sys=0.00, real=0.01 secs] 
132.839: Total time for which application threads were stopped: 0.0608720 seconds, Stopping threads took: 0.0601560 seconds
132.915: Application time: 0.0759200 seconds
132.966: [GC [PSYoungGen: 13582K->547K(14336K)] 35063K->22028K(46080K), 0.0005360 secs] [Times: user=0.01 sys=0.00, real=0.00 secs] 
132.966: Total time for which application threads were stopped: 0.0513250 seconds, Stopping threads took: 0.0507020 seconds
133.042: Application time: 0.0758370 seconds
133.094: [GC [PSYoungGen: 13338K->320K(14336K)] 34819K->21808K(46080K), 0.0005030 secs] [Times: user=0.00 sys=0.00, real=0.00 secs] 
133.095: Total time for which application threads were stopped: 0.0526590 seconds, Stopping threads took: 0.0520700 seconds
133.168: Application time: 0.0735140 seconds
133.203: [GC [PSYoungGen: 12935K->1458K(14336K)] 34424K->23728K(46080K), 0.0009200 secs] [Times: user=0.00 sys=0.00, real=0.00 secs] 
133.203: Total time for which application threads were stopped: 0.0351840 seconds, Stopping threads took: 0.0341700 seconds
133.297: Application time: 0.0935250 seconds
133.362: [GC [PSYoungGen: 13976K->726K(14336K)] 36246K->23004K(46080K), 0.0005320 secs] [Times: user=0.00 sys=0.00, real=0.00 secs] 
133.363: Total time for which application threads were stopped: 0.0659740 seconds, Stopping threads took: 0.0653620 seconds
133.440: Application time: 0.0765800 seconds
133.501: [GC [PSYoungGen: 13518K->595K(14336K)] 35796K->22889K(46080K), 0.0005220 secs] [Times: user=0.00 sys=0.00, real=0.00 secs] 
133.501: Total time for which application threads were stopped: 0.0616150 seconds, Stopping threads took: 0.0610250 seconds
133.581: Application time: 0.0800720 seconds
133.627: [GC [PSYoungGen: 13367K->1392K(14336K)] 35661K->23702K(46080K), 0.0006750 secs] [Times: user=0.00 sys=0.01, real=0.00 secs] 
133.628: Total time for which application threads were stopped: 0.0463480 seconds, Stopping threads took: 0.0456030 seconds
133.704: Application time: 0.0764620 seconds
133.766: [GC [PSYoungGen: 14105K->1117K(14336K)] 36415K->23435K(46080K), 0.0006550 secs] [Times: user=0.00 sys=0.00, real=0.00 secs] 
133.766: Total time for which application threads were stopped: 0.0622340 seconds, Stopping threads took: 0.0614900 seconds
133.843: Application time: 0.0770990 seconds
133.880: [GC [PSYoungGen: 13908K->1474K(14336K)] 36227K->24386K(46080K), 0.0009450 secs] [Times: user=0.01 sys=0.00, real=0.00 secs] 
133.881: Total time for which application threads were stopped: 0.0372170 seconds, Stopping threads took: 0.0361820 seconds
133.957: Application time: 0.0760300 seconds
134.018: [GC [PSYoungGen: 14187K->742K(14336K)] 37099K->23654K(46080K), 0.0005500 secs] [Times: user=0.00 sys=0.00, real=0.01 secs] 
134.019: Total time for which application threads were stopped: 0.0624000 seconds, Stopping threads took: 0.0617620 seconds
134.099: Application time: 0.0796750 seconds
134.151: [GC [PSYoungGen: 13534K->1458K(14336K)] 36446K->24565K(46080K), 0.0008910 secs] [Times: user=0.00 sys=0.00, real=0.01 secs] 
134.152: Total time for which application threads were stopped: 0.0529430 seconds, Stopping threads took: 0.0519610 seconds
134.229: Application time: 0.0772170 seconds
134.299: [GC [PSYoungGen: 14230K->1376K(14336K)] 37337K->24484K(46080K), 0.0010070 secs] [Times: user=0.00 sys=0.00, real=0.00 secs] 
134.300: Total time for which application threads were stopped: 0.0714770 seconds, Stopping threads took: 0.0704020 seconds
134.378: Application time: 0.0773830 seconds
134.437: [GC [PSYoungGen: 14089K->1165K(14336K)] 37197K->24280K(46080K), 0.0006990 secs] [Times: user=0.00 sys=0.00, real=0.00 secs] 
134.439: Total time for which application threads were stopped: 0.0610490 seconds, Stopping threads took: 0.0594590 seconds
134.515: Application time: 0.0764300 seconds
134.569: [GC [PSYoungGen: 13761K->726K(14336K)] 36876K->23842K(46080K), 0.0004980 secs] [Times: user=0.00 sys=0.00, real=0.00 secs] 
134.570: Total time for which application threads were stopped: 0.0542760 seconds, Stopping threads took: 0.0536860 seconds
134.649: Application time: 0.0796010 seconds
134.703: [GC [PSYoungGen: 13342K->1376K(14336K)] 36457K->24703K(46080K), 0.0007180 secs] [Times: user=0.01 sys=0.00, real=0.00 secs] 
134.703: Total time for which application threads were stopped: 0.0541090 seconds, Stopping threads took: 0.0533010 seconds
134.780: Application time: 0.0768550 seconds
134.842: [GC [PSYoungGen: 13894K->1181K(14336K)] 37221K->24516K(46080K), 0.0006200 secs] [Times: user=0.01 sys=0.00, real=0.00 secs] 
134.843: Total time for which application threads were stopped: 0.0624390 seconds, Stopping threads took: 0.0617520 seconds
134.931: Application time: 0.0886280 seconds
134.994: [GC [PSYoungGen: 13699K->742K(14336K)] 37033K->24085K(46080K), 0.0005700 secs] [Times: user=0.00 sys=0.00, real=0.00 secs] 
134.995: Total time for which application threads were stopped: 0.0637630 seconds, Stopping threads took: 0.0630970 seconds
135.072: Application time: 0.0765570 seconds
135.127: [GC [PSYoungGen: 13495K->368K(14336K)] 36838K->23718K(46080K), 0.0004670 secs] [Times: user=0.00 sys=0.00, real=0.00 secs] 
135.127: Total time for which application threads were stopped: 0.0556700 seconds, Stopping threads took: 0.0551380 seconds
135.201: Application time: 0.0733300 seconds
135.236: [GC [PSYoungGen: 13081K->1360K(14336K)] 36431K->25688K(46080K), 0.0009400 secs] [Times: user=0.00 sys=0.00, real=0.00 secs] 
135.237: Total time for which application threads were stopped: 0.0366780 seconds, Stopping threads took: 0.0356710 seconds
135.313: Application time: 0.0762100 seconds
135.377: [GC [PSYoungGen: 13780K->742K(14336K)] 38108K->25070K(46080K), 0.0006240 secs] [Times: user=0.00 sys=0.00, real=0.00 secs] 
135.378: Total time for which application threads were stopped: 0.0643450 seconds, Stopping threads took: 0.0636320 seconds
135.455: Application time: 0.0774200 seconds
135.502: [GC [PSYoungGen: 13534K->563K(14336K)] 37861K->24898K(46080K), 0.0005300 secs] [Times: user=0.00 sys=0.00, real=0.00 secs] 
135.503: Total time for which application threads were stopped: 0.0477110 seconds, Stopping threads took: 0.0470940 seconds
135.577: Application time: 0.0744810 seconds
135.611: [GC [PSYoungGen: 13218K->1149K(14336K)] 37553K->25492K(46080K), 0.0007090 secs] [Times: user=0.00 sys=0.00, real=0.00 secs] 
135.612: Total time for which application threads were stopped: 0.0344300 seconds, Stopping threads took: 0.0336320 seconds
135.701: Application time: 0.0891830 seconds
135.762: [GC [PSYoungGen: 13667K->774K(14336K)] 38010K->25118K(46080K), 0.0006920 secs] [Times: user=0.00 sys=0.00, real=0.00 secs] 
135.762: Total time for which application threads were stopped: 0.0614690 seconds, Stopping threads took: 0.0606890 seconds
135.763: Application time: 0.0009350 seconds
135.764: Total time for which application threads were stopped: 0.0003100 seconds, Stopping threads took: 0.0002920 seconds
135.835: Application time: 0.0715540 seconds
135.873: [GC [PSYoungGen: 13438K->1527K(14336K)] 37781K->27968K(46080K), 0.0011040 secs] [Times: user=0.01 sys=0.00, real=0.00 secs] 
135.874: Total time for which application threads were stopped: 0.0384090 seconds, Stopping threads took: 0.0372410 seconds
135.947: Application time: 0.0731630 seconds
136.016: [GC [PSYoungGen: 14237K->1232K(14336K)] 40678K->27673K(46080K), 0.0006510 secs] [Times: user=0.00 sys=0.00, real=0.00 secs] 
136.017: Total time for which application threads were stopped: 0.0701850 seconds, Stopping threads took: 0.0694530 seconds
136.090: Application time: 0.0728990 seconds
136.133: [GC [PSYoungGen: 13845K->1412K(14336K)] 40286K->30595K(46080K), 0.0014640 secs] [Times: user=0.01 sys=0.00, real=0.00 secs] 
136.135: Total time for which application threads were stopped: 0.0448800 seconds, Stopping threads took: 0.0433250 seconds
136.239: Application time: 0.1045280 seconds
136.279: [GC [PSYoungGen: 14024K->646K(14336K)] 43208K->29838K(46080K), 0.0005440 secs] [Times: user=0.00 sys=0.00, real=0.01 secs] 
136.279: Total time for which application threads were stopped: 0.0398900 seconds, Stopping threads took: 0.0392540 seconds
136.280: Application time: 0.0008430 seconds
136.326: Total time for which application threads were stopped: 0.0462700 seconds, Stopping threads took: 0.0462280 seconds
136.394: Application time: 0.0673360 seconds
136.397: Total time for which application threads were stopped: 0.0036490 seconds, Stopping threads took: 0.0036040 seconds
136.398: Application time: 0.0005860 seconds
136.398: [GC [PSYoungGen: 13358K->1427K(14336K)] 42549K->32767K(46080K), 0.0011390 secs] [Times: user=0.01 sys=0.00, real=0.01 secs] 
136.399: [Full GC [PSYoungGen: 1427K->0K(14336K)] [ParOldGen: 31339K->5004K(31744K)] 32767K->5004K(46080K) [PSPermGen: 5115K->5115K(21504K)], 0.0044950 secs] [Times: user=0.02 sys=0.00, real=0.00 secs] 
136.404: Total time for which application threads were stopped: 0.0057940 seconds, Stopping threads took: 0.0000480 seconds
136.546: Application time: 0.1420890 seconds
136.572: Total time for which application threads were stopped: 0.0262370 seconds, Stopping threads took: 0.0262070 seconds
136.572: Application time: 0.0002420 seconds
136.572: Total time for which application threads were stopped: 0.0001470 seconds, Stopping threads took: 0.0001400 seconds
136.572: Application time: 0.0000280 seconds
136.573: [GC [PSYoungGen: 12418K->1461K(14336K)] 17422K->6856K(46080K), 0.0006480 secs] [Times: user=0.00 sys=0.00, real=0.00 secs] 
136.573: Total time for which application threads were stopped: 0.0007020 seconds, Stopping threads took: 0.0000050 seconds
136.733: Application time: 0.1595880 seconds
136.733: Total time for which application threads were stopped: 0.0000420 seconds, Stopping threads took: 0.0000210 seconds
136.734: Application time: 0.0008290 seconds
136.734: [GC [PSYoungGen: 14214K->1523K(14336K)] 19609K->9661K(46080K), 0.0013040 secs] [Times: user=0.02 sys=0.00, real=0.00 secs] 
136.735: Total time for which application threads were stopped: 0.0015340 seconds, Stopping threads took: 0.0001650 seconds
136.821: Application time: 0.0857230 seconds
136.882: [GC [PSYoungGen: 14178K->611K(14336K)] 22315K->8748K(46080K), 0.0004300 secs] [Times: user=0.00 sys=0.00, real=0.00 secs] 
136.882: Total time for which application threads were stopped: 0.0610600 seconds, Stopping threads took: 0.0605650 seconds
136.957: Application time: 0.0750840 seconds
136.996: [GC [PSYoungGen: 13361K->1408K(14336K)] 21499K->9546K(46080K), 0.0008950 secs] [Times: user=0.00 sys=0.00, real=0.00 secs] 
136.997: Total time for which application threads were stopped: 0.0400660 seconds, Stopping threads took: 0.0390770 seconds
137.079: Application time: 0.0815840 seconds
137.135: [GC [PSYoungGen: 14204K->1522K(14336K)] 22342K->10441K(46080K), 0.0008710 secs] [Times: user=0.00 sys=0.00, real=0.00 secs] 
137.136: Total time for which application threads were stopped: 0.0571360 seconds, Stopping threads took: 0.0561900 seconds
137.213: Application time: 0.0773630 seconds
137.273: [GC [PSYoungGen: 14284K->1506K(14336K)] 23203K->11011K(46080K), 0.0010600 secs] [Times: user=0.00 sys=0.00, real=0.00 secs] 
137.274: Total time for which application threads were stopped: 0.0612290 seconds, Stopping threads took: 0.0600780 seconds
137.351: Application time: 0.0763380 seconds
137.413: [GC [PSYoungGen: 14245K->1522K(14336K)] 23750K->11417K(46080K), 0.0009440 secs] [Times: user=0.01 sys=0.00, real=0.00 secs] 
137.414: Total time for which application threads were stopped: 0.0629850 seconds, Stopping threads took: 0.0619570 seconds
137.512: Application time: 0.0978630 seconds
137.573: [GC [PSYoungGen: 14247K->643K(14336K)] 24142K->10538K(46080K), 0.0006520 secs] [Times: user=0.00 sys=0.00, real=0.00 secs] 
137.574: Total time for which application threads were stopped: 0.0618800 seconds, Stopping threads took: 0.0611420 seconds
137.652: Application time: 0.0780680 seconds
137.685: [GC [PSYoungGen: 13260K->1474K(14336K)] 23156K->12346K(46080K), 0.0011470 secs] [Times: user=0.01 sys=0.00, real=0.00 secs] 
137.686: Total time for which application threads were stopped: 0.0346870 seconds, Stopping threads took: 0.0334490 seconds
137.762: Application time: 0.0753330 seconds
137.825: [GC [PSYoungGen: 14187K->1343K(14336K)] 25059K->13191K(46080K), 0.0011390 secs] [Times: user=0.00 sys=0.00, real=0.00 secs] 
137.826: Total time for which application threads were stopped: 0.0641540 seconds, Stopping threads took: 0.0629420 seconds
137.903: Application time: 0.0772310 seconds
137.962: [GC [PSYoungGen: 13860K->1490K(14336K)] 25709K->13729K(46080K), 0.0009010 secs] [Times: user=0.01 sys=0.00, real=0.00 secs] 
137.963: Total time for which application threads were stopped: 0.0600160 seconds, Stopping threads took: 0.0590220 seconds
138.055: Application time: 0.0915370 seconds
138.122: [GC [PSYoungGen: 14242K->464K(14336K)] 26482K->12703K(46080K), 0.0005160 secs] [Times: user=0.00 sys=0.00, real=0.00 secs] 
138.123: Total time for which application threads were stopped: 0.0682170 seconds, Stopping threads took: 0.0676100 seconds
138.196: Application time: 0.0737100 seconds
138.231: [GC [PSYoungGen: 13079K->1213K(14336K)] 25318K->13452K(46080K), 0.0006740 secs] [Times: user=0.01 sys=0.00, real=0.00 secs] 
138.232: Total time for which application threads were stopped: 0.0352500 seconds, Stopping threads took: 0.0345000 seconds
138.315: Application time: 0.0833120 seconds
138.359: [GC [PSYoungGen: 13829K->1522K(14336K)] 26068K->14933K(46080K), 0.0011090 secs] [Times: user=0.01 sys=0.00, real=0.01 secs] 
138.360: Total time for which application threads were stopped: 0.0449900 seconds, Stopping threads took: 0.0438080 seconds
138.436: Application time: 0.0758260 seconds
138.497: [GC [PSYoungGen: 14137K->1424K(14336K)] 27548K->15812K(46080K), 0.0009000 secs] [Times: user=0.00 sys=0.00, real=0.00 secs] 
138.498: Total time for which application threads were stopped: 0.0622550 seconds, Stopping threads took: 0.0612860 seconds
138.575: Application time: 0.0772080 seconds
138.644: [GC [PSYoungGen: 14039K->1018K(14336K)] 28427K->15421K(46080K), 0.0006040 secs] [Times: user=0.01 sys=0.00, real=0.00 secs] 
138.645: Total time for which application threads were stopped: 0.0691670 seconds, Stopping threads took: 0.0684740 seconds
138.721: Application time: 0.0767820 seconds
138.782: [GC [PSYoungGen: 13731K->742K(14336K)] 28135K->15226K(46080K), 0.0005180 secs] [Times: user=0.00 sys=0.00, real=0.00 secs] 
138.782: Total time for which application threads were stopped: 0.0610860 seconds, Stopping threads took: 0.0604910 seconds
138.861: Application time: 0.0782100 seconds
138.895: [GC [PSYoungGen: 13358K->1376K(14336K)] 27842K->16096K(46080K), 0.0007490 secs] [Times: user=0.00 sys=0.00, real=0.00 secs] 
138.896: Total time for which application threads were stopped: 0.0354360 seconds, Stopping threads took: 0.0346170 seconds
138.973: Application time: 0.0771350 seconds
139.034: [GC [PSYoungGen: 14089K->1360K(14336K)] 28809K->16080K(46080K), 0.0008630 secs] [Times: user=0.00 sys=0.00, real=0.00 secs] 
139.035: Total time for which application threads were stopped: 0.0615830 seconds, Stopping threads took: 0.0606280 seconds
139.110: Application time: 0.0752080 seconds
139.175: [GC [PSYoungGen: 14073K->1165K(14336K)] 28793K->15884K(46080K), 0.0005660 secs] [Times: user=0.00 sys=0.00, real=0.00 secs] 
139.176: Total time for which application threads were stopped: 0.0655160 seconds, Stopping threads took: 0.0648800 seconds
139.263: Application time: 0.0875230 seconds
139.331: [GC [PSYoungGen: 13683K->774K(14336K)] 28402K->15494K(46080K), 0.0006560 secs] [Times: user=0.01 sys=0.00, real=0.00 secs] 
139.332: Total time for which application threads were stopped: 0.0690210 seconds, Stopping threads took: 0.0682800 seconds
139.410: Application time: 0.0775940 seconds
139.443: [GC [PSYoungGen: 13487K->1509K(14336K)] 28207K->18541K(46080K), 0.0014920 secs] [Times: user=0.01 sys=0.00, real=0.00 secs] 
139.445: Total time for which application threads were stopped: 0.0349510 seconds, Stopping threads took: 0.0333640 seconds
139.521: Application time: 0.0765100 seconds
139.590: [GC [PSYoungGen: 14202K->1216K(14336K)] 31234K->18248K(46080K), 0.0007960 secs] [Times: user=0.01 sys=0.00, real=0.00 secs] 
139.591: Total time for which application threads were stopped: 0.0698080 seconds, Stopping threads took: 0.0689220 seconds
139.666: Application time: 0.0748920 seconds
139.699: [GC [PSYoungGen: 13999K->1458K(14336K)] 31031K->20053K(46080K), 0.0012890 secs] [Times: user=0.00 sys=0.00, real=0.00 secs] 
139.701: Total time for which application threads were stopped: 0.0349550 seconds, Stopping threads took: 0.0335850 seconds
139.777: Application time: 0.0762030 seconds
139.845: [GC [PSYoungGen: 14257K->1458K(14336K)] 32852K->20248K(46080K), 0.0008360 secs] [Times: user=0.00 sys=0.00, real=0.00 secs] 
139.846: Total time for which application threads were stopped: 0.0685720 seconds, Stopping threads took: 0.0676370 seconds
139.939: Application time: 0.0935920 seconds
140.007: [GC [PSYoungGen: 14171K->320K(14336K)] 32961K->19110K(46080K), 0.0005010 secs] [Times: user=0.01 sys=0.00, real=0.00 secs] 
140.007: Total time for which application threads were stopped: 0.0681170 seconds, Stopping threads took: 0.0675330 seconds
140.081: Application time: 0.0738300 seconds
140.116: [GC [PSYoungGen: 13033K->1490K(14336K)] 31823K->22249K(46080K), 0.0013340 secs] [Times: user=0.01 sys=0.00, real=0.00 secs] 
140.117: Total time for which application threads were stopped: 0.0360260 seconds, Stopping threads took: 0.0346010 seconds
140.195: Application time: 0.0781980 seconds
140.264: [GC [PSYoungGen: 13910K->758K(14336K)] 34669K->21517K(46080K), 0.0006210 secs] [Times: user=0.00 sys=0.00, real=0.00 secs] 
140.264: Total time for which application threads were stopped: 0.0690780 seconds, Stopping threads took: 0.0683830 seconds
140.342: Application time: 0.0774370 seconds
140.402: [GC [PSYoungGen: 13471K->579K(14336K)] 34231K->21362K(46080K), 0.0005110 secs] [Times: user=0.00 sys=0.00, real=0.00 secs] 
140.403: Total time for which application threads were stopped: 0.0606890 seconds, Stopping threads took: 0.0601150 seconds
140.478: Application time: 0.0754980 seconds
140.531: [GC [PSYoungGen: 13292K->384K(14336K)] 34075K->21167K(46080K), 0.0004360 secs] [Times: user=0.00 sys=0.00, real=0.01 secs] 
140.531: Total time for which application threads were stopped: 0.0529950 seconds, Stopping threads took: 0.0524950 seconds
140.605: Application time: 0.0740060 seconds
140.641: [GC [PSYoungGen: 12999K->1181K(14336K)] 33782K->21964K(46080K), 0.0006260 secs] [Times: user=0.00 sys=0.00, real=0.00 secs] 
140.641: Total time for which application threads were stopped: 0.0364070 seconds, Stopping threads took: 0.0357090 seconds
140.731: Application time: 0.0896000 seconds
140.792: [GC [PSYoungGen: 13699K->726K(14336K)] 34482K->21509K(46080K), 0.0005410 secs] [Times: user=0.00 sys=0.00, real=0.00 secs] 
140.792: Total time for which application threads were stopped: 0.0611050 seconds, Stopping threads took: 0.0604960 seconds
140.881: Application time: 0.0887960 seconds
140.941: [GC [PSYoungGen: 13439K->579K(14336K)] 34223K->21362K(46080K), 0.0005610 secs] [Times: user=0.00 sys=0.00, real=0.00 secs] 
140.942: Total time for which application threads were stopped: 0.0610980 seconds, Stopping threads took: 0.0604640 seconds
141.015: Application time: 0.0734400 seconds
141.049: [GC [PSYoungGen: 13351K->1376K(14336K)] 34134K->24308K(46080K), 0.0013100 secs] [Times: user=0.01 sys=0.00, real=0.00 secs] 
141.051: Total time for which application threads were stopped: 0.0353250 seconds, Stopping threads took: 0.0339180 seconds
141.128: Application time: 0.0768170 seconds
141.197: [GC [PSYoungGen: 14176K->1133K(14336K)] 37108K->24065K(46080K), 0.0006660 secs] [Times: user=0.00 sys=0.00, real=0.00 secs] 
141.197: Total time for which application threads were stopped: 0.0695720 seconds, Stopping threads took: 0.0688130 seconds
141.272: Application time: 0.0749020 seconds
141.330: [GC [PSYoungGen: 13760K->547K(14336K)] 36692K->23479K(46080K), 0.0004640 secs] [Times: user=0.00 sys=0.00, real=0.00 secs] 
141.331: Total time for which application threads were stopped: 0.0585490 seconds, Stopping threads took: 0.0580220 seconds
141.406: Application time: 0.0758190 seconds
141.458: [GC [PSYoungGen: 13338K->320K(14336K)] 36270K->23251K(46080K), 0.0004350 secs] [Times: user=0.01 sys=0.00, real=0.00 secs] 
141.459: Total time for which application threads were stopped: 0.0521940 seconds, Stopping threads took: 0.0516880 seconds
141.532: Application time: 0.0734790 seconds
141.568: [GC [PSYoungGen: 12935K->1458K(14336K)] 35867K->25179K(46080K), 0.0008450 secs] [Times: user=0.01 sys=0.00, real=0.00 secs] 
141.569: Total time for which application threads were stopped: 0.0363210 seconds, Stopping threads took: 0.0354110 seconds
141.647: Application time: 0.0784970 seconds
141.712: [GC [PSYoungGen: 14171K->1458K(14336K)] 37892K->25773K(46080K), 0.0011090 secs] [Times: user=0.00 sys=0.00, real=0.00 secs] 
141.713: Total time for which application threads were stopped: 0.0663710 seconds, Stopping threads took: 0.0651670 seconds
141.789: Application time: 0.0761240 seconds
141.857: [GC [PSYoungGen: 14171K->710K(14336K)] 38486K->25049K(46080K), 0.0005980 secs] [Times: user=0.00 sys=0.00, real=0.00 secs] 
141.858: Total time for which application threads were stopped: 0.0686140 seconds, Stopping threads took: 0.0679280 seconds
141.937: Application time: 0.0789280 seconds
141.983: [GC [PSYoungGen: 13326K->1376K(14336K)] 37665K->25911K(46080K), 0.0008920 secs] [Times: user=0.01 sys=0.00, real=0.00 secs] 
141.984: Total time for which application threads were stopped: 0.0465910 seconds, Stopping threads took: 0.0456150 seconds
142.060: Application time: 0.0762010 seconds
142.121: [GC [PSYoungGen: 14089K->1392K(14336K)] 38623K->25927K(46080K), 0.0008880 secs] [Times: user=0.00 sys=0.00, real=0.00 secs] 
142.122: Total time for which application threads were stopped: 0.0621850 seconds, Stopping threads took: 0.0612060 seconds
142.197: Application time: 0.0748490 seconds
142.231: [GC [PSYoungGen: 14105K->1490K(14336K)] 38640K->26806K(46080K), 0.0009490 secs] [Times: user=0.01 sys=0.00, real=0.01 secs] 
142.232: Total time for which application threads were stopped: 0.0349170 seconds, Stopping threads took: 0.0338920 seconds
142.307: Application time: 0.0755280 seconds
142.371: [GC [PSYoungGen: 14183K->1392K(14336K)] 39499K->27294K(46080K), 0.0008920 secs] [Times: user=0.00 sys=0.00, real=0.01 secs] 
142.372: Total time for which application threads were stopped: 0.0644410 seconds, Stopping threads took: 0.0634750 seconds
142.451: Application time: 0.0791590 seconds
142.509: [GC [PSYoungGen: 14086K->1474K(14336K)] 39987K->27571K(46080K), 0.0008410 secs] [Times: user=0.01 sys=0.00, real=0.00 secs] 
142.510: Total time for which application threads were stopped: 0.0593150 seconds, Stopping threads took: 0.0583750 seconds
142.591: Application time: 0.0802640 seconds
142.651: [GC [PSYoungGen: 13933K->986K(14336K)] 40030K->27083K(46080K), 0.0005810 secs] [Times: user=0.00 sys=0.00, real=0.01 secs] 
142.652: Total time for which application threads were stopped: 0.0609970 seconds, Stopping threads took: 0.0603530 seconds
142.727: Application time: 0.0758680 seconds
142.779: [GC [PSYoungGen: 13660K->547K(14336K)] 39757K->26644K(46080K), 0.0004880 secs] [Times: user=0.00 sys=0.00, real=0.00 secs] 
142.780: Total time for which application threads were stopped: 0.0525070 seconds, Stopping threads took: 0.0519480 seconds
142.855: Application time: 0.0751680 seconds
142.909: [GC [PSYoungGen: 13338K->304K(14336K)] 39435K->26401K(46080K), 0.0004870 secs] [Times: user=0.00 sys=0.00, real=0.00 secs] 
142.909: Total time for which application threads were stopped: 0.0543900 seconds, Stopping threads took: 0.0538390 seconds
142.983: Application time: 0.0734280 seconds
143.018: [GC [PSYoungGen: 12919K->1181K(14336K)] 39016K->27286K(46080K), 0.0006020 secs] [Times: user=0.00 sys=0.00, real=0.00 secs] 
143.018: Total time for which application threads were stopped: 0.0352310 seconds, Stopping threads took: 0.0345480 seconds
143.093: Application time: 0.0750980 seconds
143.157: [GC [PSYoungGen: 13699K->758K(14336K)] 39804K->26871K(46080K), 0.0006070 secs] [Times: user=0.00 sys=0.00, real=0.00 secs] 
143.157: Total time for which application threads were stopped: 0.0640080 seconds, Stopping threads took: 0.0633330 seconds
143.241: Application time: 0.0836430 seconds
143.288: [GC [PSYoungGen: 13471K->1376K(14336K)] 39584K->28864K(46080K), 0.0009910 secs] [Times: user=0.00 sys=0.00, real=0.00 secs] 
143.289: Total time for which application threads were stopped: 0.0481600 seconds, Stopping threads took: 0.0470970 seconds
143.365: Application time: 0.0760330 seconds
143.433: [GC [PSYoungGen: 13991K->1392K(14336K)] 41480K->28888K(46080K), 0.0006010 secs] [Times: user=0.00 sys=0.00, real=0.00 secs] 
143.434: Total time for which application threads were stopped: 0.0685060 seconds, Stopping threads took: 0.0678280 seconds
143.511: Application time: 0.0773620 seconds
143.571: [GC [PSYoungGen: 14105K->1101K(14336K)] 41601K->28597K(46080K), 0.0008360 secs] [Times: user=0.00 sys=0.00, real=0.01 secs] 
143.572: Total time for which application threads were stopped: 0.0607790 seconds, Stopping threads took: 0.0598630 seconds
143.662: Application time: 0.0901100 seconds
143.729: [GC [PSYoungGen: 13697K->758K(14336K)] 41193K->28254K(46080K), 0.0006100 secs] [Times: user=0.00 sys=0.00, real=0.00 secs] 
143.729: Total time for which application threads were stopped: 0.0673100 seconds, Stopping threads took: 0.0666290 seconds
143.814: Application time: 0.0852840 seconds
143.862: [GC [PSYoungGen: 13374K->1458K(14336K)] 40870K->30126K(46080K), 0.0011040 secs] [Times: user=0.00 sys=0.00, real=0.00 secs] 
143.863: Total time for which application threads were stopped: 0.0489620 seconds, Stopping threads took: 0.0477730 seconds
143.939: Application time: 0.0752350 seconds
144.001: [GC [PSYoungGen: 14230K->1360K(14336K)] 42898K->31005K(46080K), 0.0009910 secs] [Times: user=0.00 sys=0.00, real=0.00 secs] 
144.002: Total time for which application threads were stopped: 0.0632550 seconds, Stopping threads took: 0.0621890 seconds
144.079: Application time: 0.0769370 seconds
144.144: [GC [PSYoungGen: 13858K->742K(14336K)] 43503K->30387K(46080K), 0.0005320 secs] [Times: user=0.00 sys=0.00, real=0.00 secs] 
144.144: Total time for which application threads were stopped: 0.0655050 seconds, Stopping threads took: 0.0648890 seconds
144.220: Application time: 0.0758810 seconds
144.281: [GC [PSYoungGen: 13416K->320K(14336K)] 43061K->29964K(46080K), 0.0004470 secs] [Times: user=0.00 sys=0.00, real=0.00 secs] 
144.283: Total time for which application threads were stopped: 0.0627660 seconds, Stopping threads took: 0.0611210 seconds
144.357: Application time: 0.0737970 seconds
144.392: [GC [PSYoungGen: 13092K->1474K(14336K)] 42736K->31908K(46080K), 0.0009920 secs] [Times: user=0.00 sys=0.00, real=0.00 secs] 
144.393: [Full GC [PSYoungGen: 1474K->0K(14336K)] [ParOldGen: 30434K->3625K(31744K)] 31908K->3625K(46080K) [PSPermGen: 5149K->5149K(21504K)], 0.0057440 secs] [Times: user=0.02 sys=0.00, real=0.00 secs] 
144.399: Total time for which application threads were stopped: 0.0419220 seconds, Stopping threads took: 0.0350390 seconds
144.476: Application time: 0.0775280 seconds
144.545: [GC [PSYoungGen: 12517K->582K(14336K)] 16143K->4208K(46080K), 0.0004360 secs] [Times: user=0.01 sys=0.00, real=0.00 secs] 
144.545: Total time for which application threads were stopped: 0.0687890 seconds, Stopping threads took: 0.0682830 seconds
144.622: Application time: 0.0771990 seconds
144.671: [GC [PSYoungGen: 13295K->419K(14336K)] 16921K->4044K(46080K), 0.0003790 secs] [Times: user=0.00 sys=0.00, real=0.00 secs] 
144.671: Total time for which application threads were stopped: 0.0487160 seconds, Stopping threads took: 0.0482580 seconds
144.746: Application time: 0.0754910 seconds
144.797: [GC [PSYoungGen: 13132K->160K(14336K)] 16757K->3785K(46080K), 0.0003210 secs] [Times: user=0.00 sys=0.00, real=0.00 secs] 
144.797: Total time for which application threads were stopped: 0.0506740 seconds, Stopping threads took: 0.0502850 seconds
144.870: Application time: 0.0732240 seconds
144.905: [GC [PSYoungGen: 12775K->1461K(14336K)] 16400K->5672K(46080K), 0.0008580 secs] [Times: user=0.00 sys=0.00, real=0.00 secs] 
144.905: Total time for which application threads were stopped: 0.0350470 seconds, Stopping threads took: 0.0341160 seconds
144.983: Application time: 0.0771490 seconds
145.044: [GC [PSYoungGen: 14155K->1395K(14336K)] 18366K->5997K(46080K), 0.0007410 secs] [Times: user=0.00 sys=0.00, real=0.00 secs] 
145.045: Total time for which application threads were stopped: 0.0623530 seconds, Stopping threads took: 0.0615400 seconds
145.135: Application time: 0.0899800 seconds
145.183: [GC [PSYoungGen: 13913K->1427K(14336K)] 18515K->6029K(46080K), 0.0007630 secs] [Times: user=0.00 sys=0.00, real=0.00 secs] 
145.184: Total time for which application threads were stopped: 0.0489080 seconds, Stopping threads took: 0.0480350 seconds
145.260: Application time: 0.0760740 seconds
145.292: [GC [PSYoungGen: 14121K->1427K(14336K)] 18723K->6811K(46080K), 0.0008060 secs] [Times: user=0.01 sys=0.00, real=0.00 secs] 
145.293: Total time for which application threads were stopped: 0.0329780 seconds, Stopping threads took: 0.0321000 seconds
145.370: Application time: 0.0767280 seconds
145.429: [GC [PSYoungGen: 14219K->1427K(14336K)] 19602K->7397K(46080K), 0.0007870 secs] [Times: user=0.00 sys=0.00, real=0.00 secs] 
145.430: Total time for which application threads were stopped: 0.0604660 seconds, Stopping threads took: 0.0596020 seconds
145.506: Application time: 0.0757330 seconds
145.573: [GC [PSYoungGen: 14121K->630K(14336K)] 20090K->6599K(46080K), 0.0004560 secs] [Times: user=0.01 sys=0.00, real=0.00 secs] 
145.574: Total time for which application threads were stopped: 0.0681180 seconds, Stopping threads took: 0.0675830 seconds
145.660: Application time: 0.0860130 seconds
145.711: [GC [PSYoungGen: 13343K->1475K(14336K)] 19312K->8617K(46080K), 0.0009030 secs] [Times: user=0.00 sys=0.00, real=0.00 secs] 
145.712: Total time for which application threads were stopped: 0.0519800 seconds, Stopping threads took: 0.0509830 seconds
145.788: Application time: 0.0757400 seconds
145.856: [GC [PSYoungGen: 14130K->1117K(14336K)] 21271K->8258K(46080K), 0.0006920 secs] [Times: user=0.00 sys=0.00, real=0.00 secs] 
145.857: Total time for which application threads were stopped: 0.0693670 seconds, Stopping threads took: 0.0686050 seconds
145.949: Application time: 0.0918580 seconds
146.011: [GC [PSYoungGen: 13713K->758K(14336K)] 20854K->7899K(46080K), 0.0005150 secs] [Times: user=0.00 sys=0.00, real=0.01 secs] 
146.011: Total time for which application threads were stopped: 0.0624690 seconds, Stopping threads took: 0.0618830 seconds
146.088: Application time: 0.0766200 seconds
146.150: [GC [PSYoungGen: 13471K->563K(14336K)] 20612K->7704K(46080K), 0.0004700 secs] [Times: user=0.00 sys=0.00, real=0.00 secs] 
146.150: Total time for which application threads were stopped: 0.0621170 seconds, Stopping threads took: 0.0615670 seconds
146.227: Application time: 0.0764570 seconds
146.286: [GC [PSYoungGen: 13276K->352K(14336K)] 20417K->7493K(46080K), 0.0006270 secs] [Times: user=0.00 sys=0.00, real=0.00 secs] 
146.287: Total time for which application threads were stopped: 0.0601410 seconds, Stopping threads took: 0.0594150 seconds
146.360: Application time: 0.0736630 seconds
146.395: [GC [PSYoungGen: 12967K->1165K(14336K)] 20108K->8306K(46080K), 0.0008250 secs] [Times: user=0.00 sys=0.00, real=0.00 secs] 
146.396: Total time for which application threads were stopped: 0.0354810 seconds, Stopping threads took: 0.0345810 seconds
146.474: Application time: 0.0786060 seconds
146.526: [GC [PSYoungGen: 13761K->742K(14336K)] 20902K->7899K(46080K), 0.0005540 secs] [Times: user=0.00 sys=0.00, real=0.00 secs] 
146.526: Total time for which application threads were stopped: 0.0518360 seconds, Stopping threads took: 0.0511930 seconds
146.602: Application time: 0.0752790 seconds
146.663: [GC [PSYoungGen: 13533K->547K(14336K)] 20691K->7704K(46080K), 0.0005470 secs] [Times: user=0.01 sys=0.00, real=0.00 secs] 
146.663: Total time for which application threads were stopped: 0.0616570 seconds, Stopping threads took: 0.0610200 seconds
146.739: Application time: 0.0761220 seconds
146.792: [GC [PSYoungGen: 13338K->320K(14336K)] 20495K->7477K(46080K), 0.0004360 secs] [Times: user=0.00 sys=0.00, real=0.00 secs] 
146.792: Total time for which application threads were stopped: 0.0529990 seconds, Stopping threads took: 0.0524820 seconds
146.866: Application time: 0.0736590 seconds
146.901: [GC [PSYoungGen: 13091K->1474K(14336K)] 20249K->9412K(46080K), 0.0008500 secs] [Times: user=0.01 sys=0.00, real=0.00 secs] 
146.901: Total time for which application threads were stopped: 0.0354370 seconds, Stopping threads took: 0.0345130 seconds
146.995: Application time: 0.0933010 seconds
147.050: [GC [PSYoungGen: 14089K->1181K(14336K)] 22028K->9917K(46080K), 0.0007980 secs] [Times: user=0.01 sys=0.00, real=0.01 secs] 
147.051: Total time for which application threads were stopped: 0.0564170 seconds, Stopping threads took: 0.0555520 seconds
147.126: Application time: 0.0752680 seconds
147.187: [GC [PSYoungGen: 13699K->1408K(14336K)] 22434K->10339K(46080K), 0.0007150 secs] [Times: user=0.00 sys=0.00, real=0.00 secs] 
147.188: Total time for which application threads were stopped: 0.0610370 seconds, Stopping threads took: 0.0602520 seconds
147.264: Application time: 0.0766860 seconds
147.313: [GC [PSYoungGen: 14121K->1442K(14336K)] 23052K->11366K(46080K), 0.0009300 secs] [Times: user=0.01 sys=0.00, real=0.00 secs] 
147.314: Total time for which application threads were stopped: 0.0501770 seconds, Stopping threads took: 0.0491430 seconds
147.393: Application time: 0.0784080 seconds
147.461: [GC [PSYoungGen: 14116K->954K(14336K)] 24040K->10885K(46080K), 0.0005190 secs] [Times: user=0.00 sys=0.00, real=0.00 secs] 
147.461: Total time for which application threads were stopped: 0.0683400 seconds, Stopping threads took: 0.0677550 seconds
147.549: Application time: 0.0882090 seconds
147.598: [GC [PSYoungGen: 13647K->1344K(14336K)] 23579K->11683K(46080K), 0.0007540 secs] [Times: user=0.00 sys=0.00, real=0.00 secs] 
147.599: Total time for which application threads were stopped: 0.0491830 seconds, Stopping threads took: 0.0483590 seconds
147.675: Application time: 0.0764060 seconds
147.737: [GC [PSYoungGen: 14057K->1524K(14336K)] 24396K->11862K(46080K), 0.0009020 secs] [Times: user=0.00 sys=0.00, real=0.00 secs] 
147.738: Total time for which application threads were stopped: 0.0629260 seconds, Stopping threads took: 0.0619300 seconds
147.812: Application time: 0.0746020 seconds
147.846: [GC [PSYoungGen: 14217K->1408K(14336K)] 24555K->12731K(46080K), 0.0009440 secs] [Times: user=0.01 sys=0.00, real=0.00 secs] 
147.847: Total time for which application threads were stopped: 0.0347800 seconds, Stopping threads took: 0.0337360 seconds
147.922: Application time: 0.0749080 seconds
147.987: [GC [PSYoungGen: 14023K->954K(14336K)] 25346K->12292K(46080K), 0.0006360 secs] [Times: user=0.00 sys=0.00, real=0.00 secs] 
147.987: Total time for which application threads were stopped: 0.0651990 seconds, Stopping threads took: 0.0644690 seconds
148.082: Application time: 0.0945030 seconds
148.144: [GC [PSYoungGen: 13745K->774K(14336K)] 25084K->12113K(46080K), 0.0007220 secs] [Times: user=0.01 sys=0.00, real=0.00 secs] 
148.145: Total time for which application threads were stopped: 0.0633310 seconds, Stopping threads took: 0.0625180 seconds
148.221: Application time: 0.0762480 seconds
148.286: [GC [PSYoungGen: 13566K->579K(14336K)] 24905K->11918K(46080K), 0.0005470 secs] [Times: user=0.00 sys=0.00, real=0.00 secs] 
148.286: Total time for which application threads were stopped: 0.0647330 seconds, Stopping threads took: 0.0640960 seconds
148.362: Application time: 0.0753580 seconds
148.422: [GC [PSYoungGen: 13370K->336K(14336K)] 24709K->11674K(46080K), 0.0003970 secs] [Times: user=0.00 sys=0.00, real=0.00 secs] 
148.423: Total time for which application threads were stopped: 0.0609570 seconds, Stopping threads took: 0.0604850 seconds
148.496: Application time: 0.0737380 seconds
148.533: [GC [PSYoungGen: 13029K->1133K(14336K)] 24368K->12480K(46080K), 0.0006460 secs] [Times: user=0.00 sys=0.00, real=0.00 secs] 
148.534: Total time for which application threads were stopped: 0.0377180 seconds, Stopping threads took: 0.0370050 seconds
148.615: Application time: 0.0809830 seconds
148.678: [GC [PSYoungGen: 13826K->1376K(14336K)] 25173K->13317K(46080K), 0.0008010 secs] [Times: user=0.01 sys=0.00, real=0.00 secs] 
148.678: Total time for which application threads were stopped: 0.0634330 seconds, Stopping threads took: 0.0625490 seconds
148.755: Application time: 0.0763240 seconds
148.814: [GC [PSYoungGen: 13992K->1474K(14336K)] 25932K->13618K(46080K), 0.0007370 secs] [Times: user=0.01 sys=0.00, real=0.00 secs] 
148.815: Total time for which application threads were stopped: 0.0599340 seconds, Stopping threads took: 0.0591220 seconds
148.902: Application time: 0.0878090 seconds
148.967: [GC [PSYoungGen: 14187K->272K(14336K)] 26331K->12424K(46080K), 0.0006520 secs] [Times: user=0.00 sys=0.00, real=0.00 secs] 
148.968: Total time for which application threads were stopped: 0.0655920 seconds, Stopping threads took: 0.0648440 seconds
149.042: Application time: 0.0738230 seconds
149.077: [GC [PSYoungGen: 13063K->1344K(14336K)] 25215K->14473K(46080K), 0.0009170 secs] [Times: user=0.00 sys=0.00, real=0.00 secs] 
149.077: Total time for which application threads were stopped: 0.0355620 seconds, Stopping threads took: 0.0345530 seconds
149.170: Application time: 0.0921330 seconds
149.235: [GC [PSYoungGen: 13843K->742K(14336K)] 26971K->13871K(46080K), 0.0006260 secs] [Times: user=0.00 sys=0.00, real=0.00 secs] 
149.236: Total time for which application threads were stopped: 0.0664970 seconds, Stopping threads took: 0.0657700 seconds
149.313: Application time: 0.0770180 seconds
149.376: [GC [PSYoungGen: 13533K->563K(14336K)] 26662K->13692K(46080K), 0.0004400 secs] [Times: user=0.00 sys=0.00, real=0.00 secs] 
149.378: Total time for which application threads were stopped: 0.0649520 seconds, Stopping threads took: 0.0632690 seconds
149.454: Application time: 0.0758850 seconds
149.503: [GC [PSYoungGen: 13276K->368K(14336K)] 26405K->13504K(46080K), 0.0005130 secs] [Times: user=0.00 sys=0.00, real=0.00 secs] 
149.504: Total time for which application threads were stopped: 0.0495710 seconds, Stopping threads took: 0.0489800 seconds
149.577: Application time: 0.0731230 seconds
149.579: [GC [PSYoungGen: 13061K->1522K(14336K)] 26198K->17597K(46080K), 0.0015490 secs] [Times: user=0.01 sys=0.01, real=0.01 secs] 
149.581: Total time for which application threads were stopped: 0.0038530 seconds, Stopping threads took: 0.0022190 seconds
149.656: Application time: 0.0757780 seconds
149.726: [GC [PSYoungGen: 14118K->742K(14336K)] 30192K->16817K(46080K), 0.0005000 secs] [Times: user=0.01 sys=0.00, real=0.00 secs] 
149.726: Total time for which application threads were stopped: 0.0697960 seconds, Stopping threads took: 0.0692270 seconds
149.802: Application time: 0.0763870 seconds
149.862: [GC [PSYoungGen: 13416K->384K(14336K)] 29491K->16466K(46080K), 0.0004810 secs] [Times: user=0.00 sys=0.00, real=0.00 secs] 
149.863: Total time for which application threads were stopped: 0.0604000 seconds, Stopping threads took: 0.0598570 seconds
149.936: Application time: 0.0727780 seconds
149.970: [GC [PSYoungGen: 12999K->1408K(14336K)] 29082K->19444K(46080K), 0.0011540 secs] [Times: user=0.00 sys=0.00, real=0.01 secs] 
149.971: Total time for which application threads were stopped: 0.0355740 seconds, Stopping threads took: 0.0343440 seconds
150.049: Application time: 0.0778220 seconds
150.118: [GC [PSYoungGen: 14024K->1392K(14336K)] 32059K->20030K(46080K), 0.0008210 secs] [Times: user=0.00 sys=0.00, real=0.00 secs] 
150.118: Total time for which application threads were stopped: 0.0693110 seconds, Stopping threads took: 0.0684110 seconds
150.197: Application time: 0.0781920 seconds
150.263: [GC [PSYoungGen: 14086K->531K(14336K)] 32724K->19177K(46080K), 0.0004540 secs] [Times: user=0.01 sys=0.00, real=0.00 secs] 
150.263: Total time for which application threads were stopped: 0.0663910 seconds, Stopping threads took: 0.0658700 seconds
150.340: Application time: 0.0765840 seconds
150.401: [GC [PSYoungGen: 13322K->352K(14336K)] 31968K->19005K(46080K), 0.0004140 secs] [Times: user=0.01 sys=0.00, real=0.00 secs] 
150.401: Total time for which application threads were stopped: 0.0616660 seconds, Stopping threads took: 0.0611880 seconds
150.476: Application time: 0.0743550 seconds
150.510: [GC [PSYoungGen: 13045K->1165K(14336K)] 31699K->19827K(46080K), 0.0006240 secs] [Times: user=0.00 sys=0.00, real=0.00 secs] 
150.510: Total time for which application threads were stopped: 0.0346510 seconds, Stopping threads took: 0.0339520 seconds
150.600: Application time: 0.0895600 seconds
150.667: [GC [PSYoungGen: 13683K->758K(14336K)] 32345K->19428K(46080K), 0.0005040 secs] [Times: user=0.00 sys=0.00, real=0.00 secs] 
150.667: Total time for which application threads were stopped: 0.0673890 seconds, Stopping threads took: 0.0668090 seconds
150.755: Application time: 0.0879090 seconds
150.822: [GC [PSYoungGen: 13549K->547K(14336K)] 32219K->19217K(46080K), 0.0004690 secs] [Times: user=0.00 sys=0.00, real=0.00 secs] 
150.823: Total time for which application threads were stopped: 0.0677420 seconds, Stopping threads took: 0.0672060 seconds
150.898: Application time: 0.0752330 seconds
150.951: [GC [PSYoungGen: 13260K->304K(14336K)] 31930K->18973K(46080K), 0.0005890 secs] [Times: user=0.00 sys=0.00, real=0.01 secs] 
150.951: Total time for which application threads were stopped: 0.0532430 seconds, Stopping threads took: 0.0525670 seconds
151.025: Application time: 0.0736720 seconds
151.060: [GC [PSYoungGen: 12997K->1474K(14336K)] 31667K->20933K(46080K), 0.0011010 secs] [Times: user=0.01 sys=0.00, real=0.00 secs] 
151.061: Total time for which application threads were stopped: 0.0356660 seconds, Stopping threads took: 0.0344710 seconds
151.158: Application time: 0.0976110 seconds
151.222: [GC [PSYoungGen: 14070K->774K(14336K)] 33529K->20241K(46080K), 0.0005870 secs] [Times: user=0.00 sys=0.00, real=0.00 secs] 
151.223: Total time for which application threads were stopped: 0.0644530 seconds, Stopping threads took: 0.0637870 seconds
151.300: Application time: 0.0768490 seconds
151.345: [GC [PSYoungGen: 13546K->1392K(14336K)] 33013K->21063K(46080K), 0.0008650 secs] [Times: user=0.00 sys=0.00, real=0.00 secs] 
151.346: Total time for which application threads were stopped: 0.0463790 seconds, Stopping threads took: 0.0454220 seconds
151.422: Application time: 0.0760790 seconds
151.480: [GC [PSYoungGen: 14105K->1328K(14336K)] 33776K->20999K(46080K), 0.0008120 secs] [Times: user=0.01 sys=0.00, real=0.00 secs] 
151.481: Total time for which application threads were stopped: 0.0591050 seconds, Stopping threads took: 0.0581970 seconds
151.560: Application time: 0.0786310 seconds
151.609: [GC [PSYoungGen: 14041K->1149K(14336K)] 33712K->20827K(46080K), 0.0006130 secs] [Times: user=0.01 sys=0.00, real=0.00 secs] 
151.610: Total time for which application threads were stopped: 0.0497280 seconds, Stopping threads took: 0.0490210 seconds
151.685: Application time: 0.0755230 seconds
151.750: [GC [PSYoungGen: 13842K->1507K(14336K)] 33521K->21585K(46080K), 0.0008340 secs] [Times: user=0.01 sys=0.00, real=0.00 secs] 
151.751: Total time for which application threads were stopped: 0.0658930 seconds, Stopping threads took: 0.0649560 seconds
151.840: Application time: 0.0894360 seconds
151.906: [GC [PSYoungGen: 14279K->547K(14336K)] 34356K->20632K(46080K), 0.0007500 secs] [Times: user=0.00 sys=0.00, real=0.00 secs] 
151.907: Total time for which application threads were stopped: 0.0661800 seconds, Stopping threads took: 0.0653510 seconds
151.982: Application time: 0.0756400 seconds
152.043: [GC [PSYoungGen: 13260K->336K(14336K)] 33345K->20421K(46080K), 0.0009520 secs] [Times: user=0.00 sys=0.00, real=0.00 secs] 
152.044: Total time for which application threads were stopped: 0.0613470 seconds, Stopping threads took: 0.0603060 seconds
152.117: Application time: 0.0732730 seconds
152.151: [GC [PSYoungGen: 13029K->1165K(14336K)] 33114K->21250K(46080K), 0.0007080 secs] [Times: user=0.00 sys=0.00, real=0.00 secs] 
152.152: Total time for which application threads were stopped: 0.0348980 seconds, Stopping threads took: 0.0341150 seconds
152.232: Application time: 0.0803930 seconds
152.282: [GC [PSYoungGen: 13780K->1360K(14336K)] 33865K->22039K(46080K), 0.0008020 secs] [Times: user=0.01 sys=0.00, real=0.00 secs] 
152.283: Total time for which application threads were stopped: 0.0510110 seconds, Stopping threads took: 0.0501250 seconds
152.362: Application time: 0.0786800 seconds
152.422: [GC [PSYoungGen: 13976K->1474K(14336K)] 34655K->22356K(46080K), 0.0007420 secs] [Times: user=0.00 sys=0.00, real=0.00 secs] 
152.423: Total time for which application threads were stopped: 0.0613600 seconds, Stopping threads took: 0.0605460 seconds
152.516: Application time: 0.0928590 seconds
152.582: [GC [PSYoungGen: 14187K->336K(14336K)] 35069K->21226K(46080K), 0.0004760 secs] [Times: user=0.00 sys=0.00, real=0.00 secs] 
152.582: Total time for which application threads were stopped: 0.0663560 seconds, Stopping threads took: 0.0658090 seconds
152.656: Application time: 0.0734630 seconds
152.690: [GC [PSYoungGen: 13107K->1360K(14336K)] 33998K->24204K(46080K), 0.0012230 secs] [Times: user=0.01 sys=0.00, real=0.01 secs] 
152.692: Total time for which application threads were stopped: 0.0358710 seconds, Stopping threads took: 0.0345640 seconds
152.767: Application time: 0.0754990 seconds
152.836: [GC [PSYoungGen: 14034K->758K(14336K)] 36878K->23610K(46080K), 0.0005100 secs] [Times: user=0.00 sys=0.00, real=0.00 secs] 
152.837: Total time for which application threads were stopped: 0.0693980 seconds, Stopping threads took: 0.0688020 seconds
152.913: Application time: 0.0761600 seconds
152.973: [GC [PSYoungGen: 13471K->595K(14336K)] 36323K->23447K(46080K), 0.0005400 secs] [Times: user=0.00 sys=0.00, real=0.00 secs] 
152.974: Total time for which application threads were stopped: 0.0612200 seconds, Stopping threads took: 0.0606100 seconds
153.052: Application time: 0.0777440 seconds
153.102: [GC [PSYoungGen: 13288K->1360K(14336K)] 36140K->24220K(46080K), 0.0006220 secs] [Times: user=0.00 sys=0.00, real=0.00 secs] 
153.103: Total time for which application threads were stopped: 0.0510450 seconds, Stopping threads took: 0.0503480 seconds
153.180: Application time: 0.0771930 seconds
153.226: [GC [PSYoungGen: 13878K->1524K(14336K)] 36738K->25998K(46080K), 0.0013490 secs] [Times: user=0.00 sys=0.00, real=0.00 secs] 
153.228: Total time for which application threads were stopped: 0.0478230 seconds, Stopping threads took: 0.0463440 seconds
153.305: Application time: 0.0773100 seconds
153.373: [GC [PSYoungGen: 14198K->531K(14336K)] 38672K->25013K(46080K), 0.0004690 secs] [Times: user=0.00 sys=0.00, real=0.00 secs] 
153.374: Total time for which application threads were stopped: 0.0686120 seconds, Stopping threads took: 0.0680620 seconds
153.451: Application time: 0.0772760 seconds
153.501: [GC [PSYoungGen: 13244K->288K(14336K)] 37726K->24770K(46080K), 0.0004300 secs] [Times: user=0.00 sys=0.00, real=0.00 secs] 
153.501: Total time for which application threads were stopped: 0.0499410 seconds, Stopping threads took: 0.0494450 seconds
153.575: Application time: 0.0737440 seconds
153.609: [GC [PSYoungGen: 12903K->1101K(14336K)] 37385K->25583K(46080K), 0.0005900 secs] [Times: user=0.00 sys=0.00, real=0.00 secs] 
153.610: Total time for which application threads were stopped: 0.0350980 seconds, Stopping threads took: 0.0344360 seconds
153.689: Application time: 0.0793160 seconds
153.726: [GC [PSYoungGen: 13795K->1376K(14336K)] 38277K->26452K(46080K), 0.0008700 secs] [Times: user=0.00 sys=0.00, real=0.00 secs] 
153.727: Total time for which application threads were stopped: 0.0374100 seconds, Stopping threads took: 0.0364660 seconds
153.803: Application time: 0.0764380 seconds
153.862: [GC [PSYoungGen: 14167K->1360K(14336K)] 39244K->26835K(46080K), 0.0007660 secs] [Times: user=0.00 sys=0.00, real=0.00 secs] 
153.863: Total time for which application threads were stopped: 0.0601020 seconds, Stopping threads took: 0.0592600 seconds
153.946: Application time: 0.0830700 seconds
154.010: [GC [PSYoungGen: 14054K->1378K(14336K)] 39529K->26853K(46080K), 0.0009820 secs] [Times: user=0.00 sys=0.00, real=0.00 secs] 
154.011: Total time for which application threads were stopped: 0.0647100 seconds, Stopping threads took: 0.0636210 seconds
154.088: Application time: 0.0768430 seconds
154.138: [GC [PSYoungGen: 13993K->1101K(14336K)] 39468K->26584K(46080K), 0.0005940 secs] [Times: user=0.00 sys=0.00, real=0.01 secs] 
154.139: Total time for which application threads were stopped: 0.0512820 seconds, Stopping threads took: 0.0505960 seconds
154.215: Application time: 0.0758640 seconds
154.277: [GC [PSYoungGen: 13892K->970K(14336K)] 39375K->26452K(46080K), 0.0006610 secs] [Times: user=0.00 sys=0.00, real=0.00 secs] 
154.277: Total time for which application threads were stopped: 0.0623340 seconds, Stopping threads took: 0.0615820 seconds
154.352: Application time: 0.0751830 seconds
154.405: [GC [PSYoungGen: 13761K->790K(14336K)] 39244K->26273K(46080K), 0.0005960 secs] [Times: user=0.00 sys=0.00, real=0.00 secs] 
154.406: Total time for which application threads were stopped: 0.0538990 seconds, Stopping threads took: 0.0522710 seconds
154.489: Application time: 0.0823200 seconds
154.553: [GC [PSYoungGen: 13581K->579K(14336K)] 39064K->26062K(46080K), 0.0007040 secs] [Times: user=0.00 sys=0.00, real=0.00 secs] 
154.554: Total time for which application threads were stopped: 0.0650370 seconds, Stopping threads took: 0.0642350 seconds
154.629: Application time: 0.0755870 seconds
154.690: [GC [PSYoungGen: 13346K->304K(14336K)] 38829K->25802K(46080K), 0.0005220 secs] [Times: user=0.00 sys=0.00, real=0.00 secs] 
154.691: Total time for which application threads were stopped: 0.0612970 seconds, Stopping threads took: 0.0606880 seconds
154.764: Application time: 0.0736270 seconds
154.799: [GC [PSYoungGen: 13021K->1376K(14336K)] 38520K->28836K(46080K), 0.0012630 secs] [Times: user=0.01 sys=0.00, real=0.01 secs] 
154.800: Total time for which application threads were stopped: 0.0358750 seconds, Stopping threads took: 0.0345170 seconds
154.879: Application time: 0.0784850 seconds
154.947: [GC [PSYoungGen: 13894K->790K(14336K)] 41354K->28250K(46080K), 0.0006910 secs] [Times: user=0.01 sys=0.00, real=0.00 secs] 
154.947: Total time for which application threads were stopped: 0.0688580 seconds, Stopping threads took: 0.0680920 seconds
155.024: Application time: 0.0769140 seconds
155.078: [GC [PSYoungGen: 13503K->563K(14336K)] 40964K->28031K(46080K), 0.0004710 secs] [Times: user=0.00 sys=0.00, real=0.00 secs] 
155.078: Total time for which application threads were stopped: 0.0538850 seconds, Stopping threads took: 0.0533400 seconds
155.155: Application time: 0.0768150 seconds
155.222: [GC [PSYoungGen: 13354K->336K(14336K)] 40822K->27804K(46080K), 0.0005140 secs] [Times: user=0.01 sys=0.00, real=0.00 secs] 
155.222: Total time for which application threads were stopped: 0.0671630 seconds, Stopping threads took: 0.0665780 seconds
155.304: Application time: 0.0819160 seconds
155.341: [GC [PSYoungGen: 13029K->1101K(14336K)] 40497K->28577K(46080K), 0.0005920 secs] [Times: user=0.00 sys=0.00, real=0.00 secs] 
155.342: Total time for which application threads were stopped: 0.0378470 seconds, Stopping threads took: 0.0371810 seconds
155.426: Application time: 0.0842330 seconds
155.476: [GC [PSYoungGen: 13716K->1376K(14336K)] 41192K->29438K(46080K), 0.0008660 secs] [Times: user=0.01 sys=0.00, real=0.00 secs] 
155.476: Total time for which application threads were stopped: 0.0502580 seconds, Stopping threads took: 0.0492940 seconds
155.560: Application time: 0.0834300 seconds
155.632: [GC [PSYoungGen: 14148K->515K(14336K)] 42210K->28577K(46080K), 0.0005500 secs] [Times: user=0.00 sys=0.00, real=0.00 secs] 
155.632: Total time for which application threads were stopped: 0.0723810 seconds, Stopping threads took: 0.0717500 seconds
155.715: Application time: 0.0828480 seconds
155.772: [GC [PSYoungGen: 13306K->352K(14336K)] 41368K->28422K(46080K), 0.0005280 secs] [Times: user=0.00 sys=0.00, real=0.00 secs] 
155.773: Total time for which application threads were stopped: 0.0578400 seconds, Stopping threads took: 0.0572430 seconds
155.853: Application time: 0.0799400 seconds
155.890: [GC [PSYoungGen: 12967K->1408K(14336K)] 41037K->31440K(46080K), 0.0012100 secs] [Times: user=0.01 sys=0.00, real=0.01 secs] 
155.892: [Full GC [PSYoungGen: 1408K->0K(14336K)] [ParOldGen: 30031K->4703K(31744K)] 31440K->4703K(46080K) [PSPermGen: 5149K->5149K(21504K)], 0.0044170 secs] [Times: user=0.01 sys=0.00, real=0.00 secs] 
155.896: Total time for which application threads were stopped: 0.0432470 seconds, Stopping threads took: 0.0374860 seconds
155.978: Application time: 0.0821750 seconds
156.054: [GC [PSYoungGen: 12517K->646K(14336K)] 17221K->5350K(46080K), 0.0004310 secs] [Times: user=0.01 sys=0.00, real=0.00 secs] 
156.055: Total time for which application threads were stopped: 0.0762580 seconds, Stopping threads took: 0.0757490 seconds
156.137: Application time: 0.0820490 seconds
156.199: [GC [PSYoungGen: 13437K->387K(14336K)] 18141K->5091K(46080K), 0.0005690 secs] [Times: user=0.00 sys=0.00, real=0.00 secs] 
156.200: Total time for which application threads were stopped: 0.0633080 seconds, Stopping threads took: 0.0626570 seconds
156.283: Application time: 0.0826640 seconds
156.348: [GC [PSYoungGen: 13159K->1248K(14336K)] 17863K->5952K(46080K), 0.0006820 secs] [Times: user=0.00 sys=0.00, real=0.00 secs] 
156.349: Total time for which application threads were stopped: 0.0662780 seconds, Stopping threads took: 0.0655210 seconds
156.436: Application time: 0.0872470 seconds
156.497: [GC [PSYoungGen: 13961K->1525K(14336K)] 18665K->6815K(46080K), 0.0008700 secs] [Times: user=0.01 sys=0.00, real=0.00 secs] 
156.498: Total time for which application threads were stopped: 0.0617620 seconds, Stopping threads took: 0.0608110 seconds
156.580: Application time: 0.0825330 seconds
156.650: [GC [PSYoungGen: 14140K->1427K(14336K)] 19430K->7108K(46080K), 0.0007610 secs] [Times: user=0.01 sys=0.00, real=0.00 secs] 
156.651: Total time for which application threads were stopped: 0.0701960 seconds, Stopping threads took: 0.0693560 seconds
156.747: Application time: 0.0963780 seconds
156.821: [GC [PSYoungGen: 14199K->467K(14336K)] 19880K->6147K(46080K), 0.0005470 secs] [Times: user=0.00 sys=0.00, real=0.00 secs] 
156.822: Total time for which application threads were stopped: 0.0747190 seconds, Stopping threads took: 0.0740840 seconds
156.903: Application time: 0.0812480 seconds
156.940: [GC [PSYoungGen: 13082K->1527K(14336K)] 18763K->9029K(46080K), 0.0012090 secs] [Times: user=0.01 sys=0.00, real=0.00 secs] 
156.941: Total time for which application threads were stopped: 0.0381180 seconds, Stopping threads took: 0.0368290 seconds
157.024: Application time: 0.0830430 seconds
157.098: [GC [PSYoungGen: 14142K->1427K(14336K)] 21644K->9516K(46080K), 0.0010040 secs] [Times: user=0.01 sys=0.00, real=0.00 secs] 
157.099: Total time for which application threads were stopped: 0.0746870 seconds, Stopping threads took: 0.0736080 seconds
157.182: Application time: 0.0828870 seconds
157.250: [GC [PSYoungGen: 14121K->1346K(14336K)] 22209K->9825K(46080K), 0.0008160 secs] [Times: user=0.01 sys=0.00, real=0.00 secs] 
157.251: Total time for which application threads were stopped: 0.0690130 seconds, Stopping threads took: 0.0681280 seconds
157.343: Application time: 0.0920110 seconds
157.414: [GC [PSYoungGen: 14118K->1181K(14336K)] 22597K->10051K(46080K), 0.0006760 secs] [Times: user=0.01 sys=0.00, real=0.00 secs] 
157.415: Total time for which application threads were stopped: 0.0721170 seconds, Stopping threads took: 0.0713660 seconds
157.505: Application time: 0.0904110 seconds
157.577: [GC [PSYoungGen: 13894K->1264K(14336K)] 22764K->10134K(46080K), 0.0007130 secs] [Times: user=0.00 sys=0.00, real=0.00 secs] 
157.577: Total time for which application threads were stopped: 0.0719350 seconds, Stopping threads took: 0.0711260 seconds
157.660: Application time: 0.0824270 seconds
157.730: [GC [PSYoungGen: 13977K->1101K(14336K)] 22847K->9971K(46080K), 0.0006390 secs] [Times: user=0.01 sys=0.00, real=0.00 secs] 
157.730: Total time for which application threads were stopped: 0.0705530 seconds, Stopping threads took: 0.0698410 seconds
157.815: Application time: 0.0842680 seconds
157.860: [GC [PSYoungGen: 13873K->1523K(14336K)] 22742K->10784K(46080K), 0.0008870 secs] [Times: user=0.01 sys=0.00, real=0.00 secs] 
157.861: Total time for which application threads were stopped: 0.0463500 seconds, Stopping threads took: 0.0453680 seconds
157.945: Application time: 0.0842030 seconds
158.020: [GC [PSYoungGen: 14217K->515K(14336K)] 23477K->9775K(46080K), 0.0005720 secs] [Times: user=0.00 sys=0.00, real=0.00 secs] 
158.020: Total time for which application threads were stopped: 0.0753120 seconds, Stopping threads took: 0.0746340 seconds
158.102: Application time: 0.0813150 seconds
158.168: [GC [PSYoungGen: 13228K->320K(14336K)] 22488K->9580K(46080K), 0.0004660 secs] [Times: user=0.01 sys=0.00, real=0.00 secs] 
158.169: Total time for which application threads were stopped: 0.0671290 seconds, Stopping threads took: 0.0665930 seconds
158.251: Application time: 0.0821270 seconds
158.287: [GC [PSYoungGen: 13013K->1165K(14336K)] 22273K->10449K(46080K), 0.0006430 secs] [Times: user=0.00 sys=0.00, real=0.00 secs] 
158.288: Total time for which application threads were stopped: 0.0368580 seconds, Stopping threads took: 0.0361430 seconds
158.379: Application time: 0.0915970 seconds
158.435: [GC [PSYoungGen: 13780K->1344K(14336K)] 23065K->11223K(46080K), 0.0007770 secs] [Times: user=0.01 sys=0.00, real=0.00 secs] 
158.436: Total time for which application threads were stopped: 0.0563890 seconds, Stopping threads took: 0.0555200 seconds
158.519: Application time: 0.0830780 seconds
158.584: [GC [PSYoungGen: 14136K->1392K(14336K)] 24014K->11677K(46080K), 0.0008320 secs] [Times: user=0.01 sys=0.00, real=0.00 secs] 
158.585: Total time for which application threads were stopped: 0.0656660 seconds, Stopping threads took: 0.0647470 seconds
158.667: Application time: 0.0826380 seconds
158.735: [GC [PSYoungGen: 14105K->1360K(14336K)] 24390K->11841K(46080K), 0.0008030 secs] [Times: user=0.01 sys=0.00, real=0.00 secs] 
158.736: Total time for which application threads were stopped: 0.0682790 seconds, Stopping threads took: 0.0673750 seconds
158.818: Application time: 0.0823490 seconds
158.878: [GC [PSYoungGen: 13839K->922K(14336K)] 24319K->11402K(46080K), 0.0006970 secs] [Times: user=0.00 sys=0.00, real=0.00 secs] 
158.878: Total time for which application threads were stopped: 0.0605390 seconds, Stopping threads took: 0.0597470 seconds
158.960: Application time: 0.0819660 seconds
158.997: [GC [PSYoungGen: 13587K->1408K(14336K)] 24067K->12295K(46080K), 0.0009840 secs] [Times: user=0.00 sys=0.00, real=0.00 secs] 
158.998: Total time for which application threads were stopped: 0.0379240 seconds, Stopping threads took: 0.0368440 seconds
159.087: Application time: 0.0889230 seconds
159.158: [GC [PSYoungGen: 14051K->320K(14336K)] 24938K->11207K(46080K), 0.0004110 secs] [Times: user=0.00 sys=0.00, real=0.00 secs] 
159.159: Total time for which application threads were stopped: 0.0714200 seconds, Stopping threads took: 0.0709340 seconds
159.232: Application time: 0.0729220 seconds
159.268: [GC [PSYoungGen: 13111K->1376K(14336K)] 23998K->13240K(46080K), 0.0009270 secs] [Times: user=0.01 sys=0.00, real=0.00 secs] 
159.269: Total time for which application threads were stopped: 0.0377620 seconds, Stopping threads took: 0.0367460 seconds
159.348: Application time: 0.0782290 seconds
159.414: [GC [PSYoungGen: 14070K->986K(14336K)] 25933K->12857K(46080K), 0.0005340 secs] [Times: user=0.00 sys=0.00, real=0.00 secs] 
159.416: Total time for which application threads were stopped: 0.0682500 seconds, Stopping threads took: 0.0667120 seconds
159.491: Application time: 0.0755650 seconds
159.524: [GC [PSYoungGen: 13679K->1392K(14336K)] 25551K->13670K(46080K), 0.0007460 secs] [Times: user=0.00 sys=0.00, real=0.00 secs] 
159.525: Total time for which application threads were stopped: 0.0331430 seconds, Stopping threads took: 0.0323330 seconds
159.608: Application time: 0.0837310 seconds
159.675: [GC [PSYoungGen: 14007K->320K(14336K)] 26285K->12598K(46080K), 0.0004030 secs] [Times: user=0.00 sys=0.00, real=0.00 secs] 
159.676: Total time for which application threads were stopped: 0.0675120 seconds, Stopping threads took: 0.0670330 seconds
159.749: Application time: 0.0730980 seconds
159.783: [GC [PSYoungGen: 13111K->1458K(14336K)] 25389K->15689K(46080K), 0.0013690 secs] [Times: user=0.01 sys=0.00, real=0.00 secs] 
159.785: Total time for which application threads were stopped: 0.0359780 seconds, Stopping threads took: 0.0345110 seconds
159.860: Application time: 0.0752320 seconds
159.929: [GC [PSYoungGen: 13878K->758K(14336K)] 28109K->14998K(46080K), 0.0007320 secs] [Times: user=0.00 sys=0.00, real=0.00 secs] 
159.930: Total time for which application threads were stopped: 0.0700350 seconds, Stopping threads took: 0.0692310 seconds
160.016: Application time: 0.0860380 seconds
160.067: [GC [PSYoungGen: 13549K->531K(14336K)] 27789K->14778K(46080K), 0.0005010 secs] [Times: user=0.00 sys=0.00, real=0.00 secs] 
160.067: Total time for which application threads were stopped: 0.0508940 seconds, Stopping threads took: 0.0503260 seconds
160.143: Application time: 0.0758050 seconds
160.205: [GC [PSYoungGen: 13322K->320K(14336K)] 27570K->14567K(46080K), 0.0005040 secs] [Times: user=0.00 sys=0.00, real=0.00 secs] 
160.206: Total time for which application threads were stopped: 0.0630250 seconds, Stopping threads took: 0.0624240 seconds
160.281: Application time: 0.0750110 seconds
160.314: [GC [PSYoungGen: 12935K->1117K(14336K)] 27182K->15372K(46080K), 0.0006570 secs] [Times: user=0.00 sys=0.00, real=0.00 secs] 
160.315: Total time for which application threads were stopped: 0.0341450 seconds, Stopping threads took: 0.0333950 seconds
160.392: Application time: 0.0773140 seconds
160.453: [GC [PSYoungGen: 13791K->758K(14336K)] 28047K->15014K(46080K), 0.0005730 secs] [Times: user=0.00 sys=0.00, real=0.00 secs] 
160.454: Total time for which application threads were stopped: 0.0614870 seconds, Stopping threads took: 0.0608230 seconds
160.531: Application time: 0.0773240 seconds
160.583: [GC [PSYoungGen: 13471K->515K(14336K)] 27727K->14778K(46080K), 0.0004410 secs] [Times: user=0.00 sys=0.00, real=0.00 secs] 
160.584: Total time for which application threads were stopped: 0.0523740 seconds, Stopping threads took: 0.0518680 seconds
160.659: Application time: 0.0750390 seconds
160.719: [GC [PSYoungGen: 13228K->368K(14336K)] 27491K->14631K(46080K), 0.0006450 secs] [Times: user=0.00 sys=0.00, real=0.01 secs] 
160.719: Total time for which application threads were stopped: 0.0607820 seconds, Stopping threads took: 0.0600370 seconds
160.793: Application time: 0.0731900 seconds
160.795: [GC [PSYoungGen: 13159K->1360K(14336K)] 27422K->18757K(46080K), 0.0016880 secs] [Times: user=0.01 sys=0.00, real=0.00 secs] 
160.797: Total time for which application threads were stopped: 0.0045620 seconds, Stopping threads took: 0.0027760 seconds
160.875: Application time: 0.0782430 seconds
160.944: [GC [PSYoungGen: 13859K->774K(14336K)] 31255K->18171K(46080K), 0.0005150 secs] [Times: user=0.00 sys=0.00, real=0.00 secs] 
160.944: Total time for which application threads were stopped: 0.0690130 seconds, Stopping threads took: 0.0684070 seconds
161.020: Application time: 0.0754380 seconds
161.079: [GC [PSYoungGen: 13565K->531K(14336K)] 30962K->17935K(46080K), 0.0004710 secs] [Times: user=0.00 sys=0.00, real=0.01 secs] 
161.079: Total time for which application threads were stopped: 0.0594990 seconds, Stopping threads took: 0.0589500 seconds
161.154: Application time: 0.0748120 seconds
161.216: [GC [PSYoungGen: 13322K->336K(14336K)] 30727K->17748K(46080K), 0.0004390 secs] [Times: user=0.00 sys=0.00, real=0.00 secs] 
161.217: Total time for which application threads were stopped: 0.0625620 seconds, Stopping threads took: 0.0620520 seconds
161.292: Application time: 0.0756510 seconds
161.328: [GC [PSYoungGen: 13029K->1165K(14336K)] 30442K->18586K(46080K), 0.0007680 secs] [Times: user=0.00 sys=0.00, real=0.00 secs] 
161.329: Total time for which application threads were stopped: 0.0365980 seconds, Stopping threads took: 0.0357310 seconds
161.420: Application time: 0.0908250 seconds
161.480: [GC [PSYoungGen: 13859K->1376K(14336K)] 31279K->19391K(46080K), 0.0008490 secs] [Times: user=0.00 sys=0.00, real=0.00 secs] 
161.480: Total time for which application threads were stopped: 0.0606460 seconds, Stopping threads took: 0.0597190 seconds
161.560: Application time: 0.0796490 seconds
161.624: [GC [PSYoungGen: 13992K->563K(14336K)] 32006K->18577K(46080K), 0.0005180 secs] [Times: user=0.00 sys=0.00, real=0.00 secs] 
161.625: Total time for which application threads were stopped: 0.0643970 seconds, Stopping threads took: 0.0638130 seconds
161.699: Application time: 0.0747830 seconds
161.733: [GC [PSYoungGen: 13178K->1474K(14336K)] 31193K->20473K(46080K), 0.0009760 secs] [Times: user=0.00 sys=0.00, real=0.00 secs] 
161.734: Total time for which application threads were stopped: 0.0351220 seconds, Stopping threads took: 0.0340680 seconds
161.821: Application time: 0.0870630 seconds
161.889: [GC [PSYoungGen: 13953K->742K(14336K)] 32952K->19741K(46080K), 0.0008200 secs] [Times: user=0.01 sys=0.00, real=0.00 secs] 
161.890: Total time for which application threads were stopped: 0.0681080 seconds, Stopping threads took: 0.0671860 seconds
161.966: Application time: 0.0765460 seconds
162.026: [GC [PSYoungGen: 13455K->547K(14336K)] 32455K->19554K(46080K), 0.0006530 secs] [Times: user=0.01 sys=0.00, real=0.00 secs] 
162.027: Total time for which application threads were stopped: 0.0603820 seconds, Stopping threads took: 0.0596330 seconds
162.102: Application time: 0.0750550 seconds
162.152: [GC [PSYoungGen: 13260K->320K(14336K)] 32267K->19335K(46080K), 0.0004490 secs] [Times: user=0.00 sys=0.00, real=0.00 secs] 
162.153: Total time for which application threads were stopped: 0.0510460 seconds, Stopping threads took: 0.0505080 seconds
162.227: Application time: 0.0739480 seconds
162.260: [GC [PSYoungGen: 12935K->1149K(14336K)] 31950K->20164K(46080K), 0.0007850 secs] [Times: user=0.01 sys=0.00, real=0.00 secs] 
162.261: Total time for which application threads were stopped: 0.0346740 seconds, Stopping threads took: 0.0338070 seconds
162.338: Application time: 0.0768300 seconds
162.398: [GC [PSYoungGen: 13901K->774K(14336K)] 32917K->19797K(46080K), 0.0005250 secs] [Times: user=0.00 sys=0.00, real=0.00 secs] 
162.398: Total time for which application threads were stopped: 0.0600450 seconds, Stopping threads took: 0.0594390 seconds
162.473: Application time: 0.0744220 seconds
162.507: [GC [PSYoungGen: 13390K->1181K(14336K)] 32413K->20595K(46080K), 0.0007350 secs] [Times: user=0.00 sys=0.00, real=0.00 secs] 
162.508: Total time for which application threads were stopped: 0.0349630 seconds, Stopping threads took: 0.0341530 seconds
162.585: Application time: 0.0770060 seconds
162.647: [GC [PSYoungGen: 13972K->1344K(14336K)] 33386K->20758K(46080K), 0.0006550 secs] [Times: user=0.00 sys=0.00, real=0.00 secs] 
162.648: Total time for which application threads were stopped: 0.0629830 seconds, Stopping threads took: 0.0622550 seconds
162.724: Application time: 0.0761130 seconds
162.774: [GC [PSYoungGen: 13823K->742K(14336K)] 33237K->20164K(46080K), 0.0004700 secs] [Times: user=0.00 sys=0.00, real=0.00 secs] 
162.775: Total time for which application threads were stopped: 0.0513460 seconds, Stopping threads took: 0.0507990 seconds
162.855: Application time: 0.0803420 seconds
162.920: [GC [PSYoungGen: 13455K->547K(14336K)] 32877K->19985K(46080K), 0.0004900 secs] [Times: user=0.00 sys=0.00, real=0.00 secs] 
162.920: Total time for which application threads were stopped: 0.0651350 seconds, Stopping threads took: 0.0645700 seconds
162.996: Application time: 0.0758180 seconds
163.045: [GC [PSYoungGen: 13260K->320K(14336K)] 32698K->19773K(46080K), 0.0004190 secs] [Times: user=0.00 sys=0.00, real=0.00 secs] 
163.046: Total time for which application threads were stopped: 0.0495350 seconds, Stopping threads took: 0.0490510 seconds
163.120: Application time: 0.0738310 seconds
163.154: [GC [PSYoungGen: 12935K->1085K(14336K)] 32389K->20547K(46080K), 0.0005620 secs] [Times: user=0.00 sys=0.00, real=0.00 secs] 
163.155: Total time for which application threads were stopped: 0.0352870 seconds, Stopping threads took: 0.0346510 seconds
163.232: Application time: 0.0769240 seconds
163.268: [GC [PSYoungGen: 13779K->1197K(14336K)] 33240K->21456K(46080K), 0.0008560 secs] [Times: user=0.01 sys=0.00, real=0.00 secs] 
163.268: Total time for which application threads were stopped: 0.0365860 seconds, Stopping threads took: 0.0356530 seconds
163.343: Application time: 0.0747660 seconds
163.377: [GC [PSYoungGen: 13890K->1506K(14336K)] 34149K->24117K(46080K), 0.0013140 secs] [Times: user=0.01 sys=0.00, real=0.00 secs] 
163.378: Total time for which application threads were stopped: 0.0348030 seconds, Stopping threads took: 0.0334170 seconds
163.456: Application time: 0.0778850 seconds
163.523: [GC [PSYoungGen: 14219K->1442K(14336K)] 36830K->24053K(46080K), 0.0007350 secs] [Times: user=0.00 sys=0.00, real=0.00 secs] 
163.524: Total time for which application threads were stopped: 0.0683200 seconds, Stopping threads took: 0.0675020 seconds
163.601: Application time: 0.0770210 seconds
163.662: [GC [PSYoungGen: 14135K->1181K(14336K)] 36746K->23792K(46080K), 0.0006580 secs] [Times: user=0.01 sys=0.00, real=0.00 secs] 
163.662: Total time for which application threads were stopped: 0.0611880 seconds, Stopping threads took: 0.0604470 seconds
163.739: Application time: 0.0764660 seconds
163.800: [GC [PSYoungGen: 13855K->742K(14336K)] 36466K->23361K(46080K), 0.0005450 secs] [Times: user=0.00 sys=0.00, real=0.00 secs] 
163.801: Total time for which application threads were stopped: 0.0619120 seconds, Stopping threads took: 0.0613020 seconds
163.877: Application time: 0.0759080 seconds
163.930: [GC [PSYoungGen: 13534K->563K(14336K)] 36153K->23182K(46080K), 0.0004560 secs] [Times: user=0.00 sys=0.00, real=0.00 secs] 
163.931: Total time for which application threads were stopped: 0.0539130 seconds, Stopping threads took: 0.0533870 seconds
164.007: Application time: 0.0760720 seconds
164.062: [GC [PSYoungGen: 13354K->352K(14336K)] 35973K->22971K(46080K), 0.0004990 secs] [Times: user=0.00 sys=0.00, real=0.00 secs] 
164.062: Total time for which application threads were stopped: 0.0556170 seconds, Stopping threads took: 0.0550320 seconds
164.135: Application time: 0.0729760 seconds
164.171: [GC [PSYoungGen: 12967K->1133K(14336K)] 35586K->23752K(46080K), 0.0006420 secs] [Times: user=0.00 sys=0.00, real=0.01 secs] 
164.171: Total time for which application threads were stopped: 0.0361350 seconds, Stopping threads took: 0.0353980 seconds
164.250: Application time: 0.0788000 seconds
164.312: [GC [PSYoungGen: 13729K->710K(14336K)] 36348K->23337K(46080K), 0.0005320 secs] [Times: user=0.01 sys=0.00, real=0.00 secs] 
164.312: Total time for which application threads were stopped: 0.0619600 seconds, Stopping threads took: 0.0613580 seconds
164.388: Application time: 0.0756500 seconds
164.444: [GC [PSYoungGen: 13423K->579K(14336K)] 36050K->23206K(46080K), 0.0004790 secs] [Times: user=0.00 sys=0.00, real=0.00 secs] 
164.445: Total time for which application threads were stopped: 0.0575280 seconds, Stopping threads took: 0.0559500 seconds
164.521: Application time: 0.0759490 seconds
164.584: [GC [PSYoungGen: 13292K->288K(14336K)] 35919K->22923K(46080K), 0.0006740 secs] [Times: user=0.00 sys=0.00, real=0.00 secs] 
164.585: Total time for which application threads were stopped: 0.0635290 seconds, Stopping threads took: 0.0627690 seconds
164.659: Application time: 0.0736240 seconds
164.693: [GC [PSYoungGen: 12903K->1133K(14336K)] 35538K->23776K(46080K), 0.0006910 secs] [Times: user=0.01 sys=0.00, real=0.00 secs] 
164.694: Total time for which application threads were stopped: 0.0349730 seconds, Stopping threads took: 0.0342090 seconds
164.784: Application time: 0.0905030 seconds
164.848: [GC [PSYoungGen: 13729K->790K(14336K)] 36372K->23433K(46080K), 0.0005530 secs] [Times: user=0.01 sys=0.00, real=0.00 secs] 
164.849: Total time for which application threads were stopped: 0.0645300 seconds, Stopping threads took: 0.0638840 seconds
164.926: Application time: 0.0777620 seconds
164.988: [GC [PSYoungGen: 13582K->531K(14336K)] 36225K->23174K(46080K), 0.0004510 secs] [Times: user=0.00 sys=0.00, real=0.00 secs] 
164.989: Total time for which application threads were stopped: 0.0622050 seconds, Stopping threads took: 0.0616860 seconds
165.064: Application time: 0.0751610 seconds
165.125: [GC [PSYoungGen: 13322K->304K(14336K)] 35965K->22947K(46080K), 0.0004810 secs] [Times: user=0.00 sys=0.00, real=0.00 secs] 
165.126: Total time for which application threads were stopped: 0.0619980 seconds, Stopping threads took: 0.0614370 seconds
165.198: Application time: 0.0726150 seconds
165.234: [GC [PSYoungGen: 13075K->1474K(14336K)] 35718K->24906K(46080K), 0.0009280 secs] [Times: user=0.01 sys=0.00, real=0.00 secs] 
165.235: Total time for which application threads were stopped: 0.0364170 seconds, Stopping threads took: 0.0354110 seconds
165.325: Application time: 0.0898910 seconds
165.390: [GC [PSYoungGen: 14148K->774K(14336K)] 37580K->24215K(46080K), 0.0004780 secs] [Times: user=0.00 sys=0.00, real=0.00 secs] 
165.391: Total time for which application threads were stopped: 0.0660100 seconds, Stopping threads took: 0.0654660 seconds
165.466: Application time: 0.0758620 seconds
165.527: [GC [PSYoungGen: 13487K->547K(14336K)] 36928K->23987K(46080K), 0.0004930 secs] [Times: user=0.01 sys=0.00, real=0.00 secs] 
165.527: Total time for which application threads were stopped: 0.0606090 seconds, Stopping threads took: 0.0600200 seconds
165.603: Application time: 0.0762660 seconds
165.665: [GC [PSYoungGen: 13338K->336K(14336K)] 36779K->23784K(46080K), 0.0007270 secs] [Times: user=0.00 sys=0.00, real=0.00 secs] 
165.665: Total time for which application threads were stopped: 0.0620620 seconds, Stopping threads took: 0.0612410 seconds
165.739: Application time: 0.0733030 seconds
165.773: [GC [PSYoungGen: 12951K->1442K(14336K)] 36399K->25680K(46080K), 0.0010760 secs] [Times: user=0.01 sys=0.00, real=0.00 secs] 
165.774: Total time for which application threads were stopped: 0.0354360 seconds, Stopping threads took: 0.0342620 seconds
165.850: Application time: 0.0759380 seconds
165.913: [GC [PSYoungGen: 14155K->970K(14336K)] 38393K->25215K(46080K), 0.0005960 secs] [Times: user=0.00 sys=0.00, real=0.00 secs] 
165.914: Total time for which application threads were stopped: 0.0639050 seconds, Stopping threads took: 0.0632400 seconds
165.988: Application time: 0.0742750 seconds
166.022: [GC [PSYoungGen: 13683K->1524K(14336K)] 37928K->27176K(46080K), 0.0011790 secs] [Times: user=0.01 sys=0.00, real=0.00 secs] 
166.023: Total time for which application threads were stopped: 0.0346720 seconds, Stopping threads took: 0.0334000 seconds
166.100: Application time: 0.0774520 seconds
166.163: [GC [PSYoungGen: 14314K->1376K(14336K)] 39967K->28396K(46080K), 0.0011200 secs] [Times: user=0.01 sys=0.00, real=0.00 secs] 
166.164: Total time for which application threads were stopped: 0.0634240 seconds, Stopping threads took: 0.0622230 seconds
166.242: Application time: 0.0777730 seconds
166.303: [GC [PSYoungGen: 14070K->1458K(14336K)] 41090K->29463K(46080K), 0.0011590 secs] [Times: user=0.01 sys=0.00, real=0.00 secs] 
166.304: Total time for which application threads were stopped: 0.0625060 seconds, Stopping threads took: 0.0612570 seconds
166.381: Application time: 0.0766490 seconds
166.444: [GC [PSYoungGen: 14171K->1165K(14336K)] 42176K->29170K(46080K), 0.0008950 secs] [Times: user=0.00 sys=0.00, real=0.00 secs] 
166.444: Total time for which application threads were stopped: 0.0636430 seconds, Stopping threads took: 0.0626570 seconds
166.527: Application time: 0.0826000 seconds
166.595: [GC [PSYoungGen: 13839K->790K(14336K)] 41844K->28795K(46080K), 0.0007590 secs] [Times: user=0.00 sys=0.00, real=0.00 secs] 
166.596: Total time for which application threads were stopped: 0.0690200 seconds, Stopping threads took: 0.0681900 seconds
166.683: Application time: 0.0866630 seconds
166.747: [GC [PSYoungGen: 13581K->531K(14336K)] 41586K->28536K(46080K), 0.0006120 secs] [Times: user=0.01 sys=0.00, real=0.00 secs] 
166.748: Total time for which application threads were stopped: 0.0652450 seconds, Stopping threads took: 0.0645660 seconds
166.823: Application time: 0.0752200 seconds
166.885: [GC [PSYoungGen: 13322K->336K(14336K)] 41327K->28348K(46080K), 0.0007040 secs] [Times: user=0.01 sys=0.00, real=0.00 secs] 
166.886: Total time for which application threads were stopped: 0.0629330 seconds, Stopping threads took: 0.0621320 seconds
166.959: Application time: 0.0733370 seconds
166.994: [GC [PSYoungGen: 13029K->1426K(14336K)] 41042K->30236K(46080K), 0.0009320 secs] [Times: user=0.00 sys=0.00, real=0.00 secs] 
166.995: Total time for which application threads were stopped: 0.0357370 seconds, Stopping threads took: 0.0347260 seconds
167.071: Application time: 0.0753150 seconds
167.135: [GC [PSYoungGen: 14139K->1474K(14336K)] 42949K->30878K(46080K), 0.0011080 secs] [Times: user=0.01 sys=0.00, real=0.00 secs] 
167.136: Total time for which application threads were stopped: 0.0652490 seconds, Stopping threads took: 0.0640460 seconds
167.213: Application time: 0.0767180 seconds
167.275: [GC [PSYoungGen: 13972K->1360K(14336K)] 43376K->30968K(46080K), 0.0009230 secs] [Times: user=0.01 sys=0.00, real=0.00 secs] 
167.276: Total time for which application threads were stopped: 0.0634450 seconds, Stopping threads took: 0.0624250 seconds
167.354: Application time: 0.0779510 seconds
167.416: [GC [PSYoungGen: 14151K->1328K(14336K)] 43759K->30944K(46080K), 0.0008560 secs] [Times: user=0.00 sys=0.00, real=0.00 secs] 
167.417: Total time for which application threads were stopped: 0.0627140 seconds, Stopping threads took: 0.0617570 seconds
167.493: Application time: 0.0765500 seconds
167.553: [GC [PSYoungGen: 14041K->1101K(14336K)] 43657K->30716K(46080K), 0.0005830 secs] [Times: user=0.01 sys=0.00, real=0.00 secs] 
167.554: Total time for which application threads were stopped: 0.0608960 seconds, Stopping threads took: 0.0602430 seconds
167.630: Application time: 0.0758920 seconds
167.682: [GC [PSYoungGen: 13619K->758K(14336K)] 43234K->30382K(46080K), 0.0005890 secs] [Times: user=0.00 sys=0.00, real=0.00 secs] 
167.683: Total time for which application threads were stopped: 0.0526550 seconds, Stopping threads took: 0.0519940 seconds
167.758: Application time: 0.0757390 seconds
167.820: [GC [PSYoungGen: 13549K->611K(14336K)] 43173K->30234K(46080K), 0.0005170 secs] [Times: user=0.00 sys=0.00, real=0.00 secs] 
167.821: Total time for which application threads were stopped: 0.0625280 seconds, Stopping threads took: 0.0619440 seconds
167.896: Application time: 0.0748820 seconds
167.957: [GC [PSYoungGen: 13402K->320K(14336K)] 43025K->29943K(46080K), 0.0006230 secs] [Times: user=0.00 sys=0.00, real=0.00 secs] 
167.958: Total time for which application threads were stopped: 0.0622440 seconds, Stopping threads took: 0.0615350 seconds
168.031: Application time: 0.0734080 seconds
168.066: [GC [PSYoungGen: 13111K->1474K(14336K)] 42734K->33050K(46080K), 0.0012040 secs] [Times: user=0.01 sys=0.00, real=0.00 secs] 
168.067: [Full GC [PSYoungGen: 1474K->0K(14336K)] [ParOldGen: 31576K->4806K(31744K)] 33050K->4806K(46080K) [PSPermGen: 5149K->5149K(21504K)], 0.0042660 secs] [Times: user=0.02 sys=0.00, real=0.01 secs] 
168.072: Total time for which application threads were stopped: 0.0403090 seconds, Stopping threads took: 0.0346980 seconds
168.149: Application time: 0.0774510 seconds
168.217: [GC [PSYoungGen: 12420K->646K(14336K)] 17226K->5452K(46080K), 0.0003930 secs] [Times: user=0.00 sys=0.00, real=0.00 secs] 
168.218: Total time for which application threads were stopped: 0.0683530 seconds, Stopping threads took: 0.0678890 seconds
168.295: Application time: 0.0770550 seconds
168.327: [GC [PSYoungGen: 13438K->1461K(14336K)] 18244K->6267K(46080K), 0.0006270 secs] [Times: user=0.00 sys=0.00, real=0.00 secs] 
168.328: Total time for which application threads were stopped: 0.0334770 seconds, Stopping threads took: 0.0327780 seconds
168.402: Application time: 0.0743460 seconds
168.472: [GC [PSYoungGen: 14233K->1232K(14336K)] 19039K->6038K(46080K), 0.0006670 secs] [Times: user=0.00 sys=0.00, real=0.00 secs] 
168.473: Total time for which application threads were stopped: 0.0702530 seconds, Stopping threads took: 0.0694870 seconds
168.552: Application time: 0.0795040 seconds
168.598: [GC [PSYoungGen: 14024K->1037K(14336K)] 18830K->5843K(46080K), 0.0005700 secs] [Times: user=0.00 sys=0.00, real=0.00 secs] 
168.599: Total time for which application threads were stopped: 0.0465060 seconds, Stopping threads took: 0.0458650 seconds
168.674: Application time: 0.0756740 seconds
168.735: [GC [PSYoungGen: 13555K->646K(14336K)] 18361K->5452K(46080K), 0.0004510 secs] [Times: user=0.00 sys=0.00, real=0.00 secs] 
168.735: Total time for which application threads were stopped: 0.0607530 seconds, Stopping threads took: 0.0602340 seconds
168.813: Application time: 0.0775140 seconds
168.865: [GC [PSYoungGen: 13359K->451K(14336K)] 18165K->5257K(46080K), 0.0003800 secs] [Times: user=0.00 sys=0.00, real=0.00 secs] 
168.866: Total time for which application threads were stopped: 0.0532260 seconds, Stopping threads took: 0.0527770 seconds
168.941: Application time: 0.0748990 seconds
168.990: [GC [PSYoungGen: 13242K->240K(14336K)] 18048K->5046K(46080K), 0.0003870 secs] [Times: user=0.00 sys=0.00, real=0.00 secs] 
168.991: Total time for which application threads were stopped: 0.0497150 seconds, Stopping threads took: 0.0492490 seconds
169.064: Application time: 0.0732640 seconds
169.100: [GC [PSYoungGen: 12855K->1444K(14336K)] 17661K->8008K(46080K), 0.0012680 secs] [Times: user=0.01 sys=0.00, real=0.00 secs] 
169.101: Total time for which application threads were stopped: 0.0370850 seconds, Stopping threads took: 0.0357380 seconds
169.176: Application time: 0.0752890 seconds
169.242: [GC [PSYoungGen: 14039K->1426K(14336K)] 20603K->8381K(46080K), 0.0007380 secs] [Times: user=0.00 sys=0.00, real=0.00 secs] 
169.243: Total time for which application threads were stopped: 0.0669870 seconds, Stopping threads took: 0.0661740 seconds
169.329: Application time: 0.0856740 seconds
169.393: [GC [PSYoungGen: 14217K->1523K(14336K)] 21172K->9650K(46080K), 0.0010220 secs] [Times: user=0.00 sys=0.00, real=0.00 secs] 
169.394: Total time for which application threads were stopped: 0.0649950 seconds, Stopping threads took: 0.0638980 seconds
169.472: Application time: 0.0785840 seconds
169.530: [GC [PSYoungGen: 14217K->1506K(14336K)] 22344K->10609K(46080K), 0.0008880 secs] [Times: user=0.00 sys=0.00, real=0.01 secs] 
169.531: Total time for which application threads were stopped: 0.0590830 seconds, Stopping threads took: 0.0574920 seconds
169.607: Application time: 0.0757970 seconds
169.670: [GC [PSYoungGen: 14199K->1408K(14336K)] 23303K->11293K(46080K), 0.0008540 secs] [Times: user=0.00 sys=0.00, real=0.01 secs] 
169.671: Total time for which application threads were stopped: 0.0640230 seconds, Stopping threads took: 0.0630710 seconds
169.747: Application time: 0.0761470 seconds
169.809: [GC [PSYoungGen: 14102K->1458K(14336K)] 23986K->11733K(46080K), 0.0009320 secs] [Times: user=0.00 sys=0.00, real=0.00 secs] 
169.810: Total time for which application threads were stopped: 0.0626340 seconds, Stopping threads took: 0.0616060 seconds
169.896: Application time: 0.0861110 seconds
169.946: [GC [PSYoungGen: 14073K->1360K(14336K)] 24348K->11831K(46080K), 0.0006500 secs] [Times: user=0.00 sys=0.00, real=0.00 secs] 
169.947: Total time for which application threads were stopped: 0.0506200 seconds, Stopping threads took: 0.0498960 seconds
170.024: Application time: 0.0769990 seconds
170.085: [GC [PSYoungGen: 14034K->1117K(14336K)] 24505K->11587K(46080K), 0.0006410 secs] [Times: user=0.00 sys=0.00, real=0.00 secs] 
170.086: Total time for which application threads were stopped: 0.0617830 seconds, Stopping threads took: 0.0610430 seconds
170.174: Application time: 0.0887280 seconds
170.236: [GC [PSYoungGen: 13635K->758K(14336K)] 24105K->11253K(46080K), 0.0006300 secs] [Times: user=0.00 sys=0.00, real=0.00 secs] 
170.237: Total time for which application threads were stopped: 0.0627460 seconds, Stopping threads took: 0.0620280 seconds
170.317: Application time: 0.0802190 seconds
170.381: [GC [PSYoungGen: 13374K->1165K(14336K)] 23868K->12074K(46080K), 0.0007400 secs] [Times: user=0.01 sys=0.00, real=0.00 secs] 
170.382: Total time for which application threads were stopped: 0.0642070 seconds, Stopping threads took: 0.0634000 seconds
170.457: Application time: 0.0757770 seconds
170.506: [GC [PSYoungGen: 13956K->1344K(14336K)] 24865K->12277K(46080K), 0.0006690 secs] [Times: user=0.00 sys=0.00, real=0.00 secs] 
170.506: Total time for which application threads were stopped: 0.0490510 seconds, Stopping threads took: 0.0483140 seconds
170.586: Application time: 0.0793070 seconds
170.645: [GC [PSYoungGen: 14135K->1149K(14336K)] 25069K->12098K(46080K), 0.0008240 secs] [Times: user=0.01 sys=0.00, real=0.00 secs] 
170.646: Total time for which application threads were stopped: 0.0600290 seconds, Stopping threads took: 0.0591060 seconds
170.725: Application time: 0.0794210 seconds
170.773: [GC [PSYoungGen: 13745K->790K(14336K)] 24694K->11739K(46080K), 0.0005770 secs] [Times: user=0.01 sys=0.00, real=0.00 secs] 
170.774: Total time for which application threads were stopped: 0.0488050 seconds, Stopping threads took: 0.0481380 seconds
170.850: Application time: 0.0759360 seconds
170.905: [GC [PSYoungGen: 13581K->579K(14336K)] 24531K->11528K(46080K), 0.0004770 secs] [Times: user=0.00 sys=0.00, real=0.00 secs] 
170.905: Total time for which application threads were stopped: 0.0551580 seconds, Stopping threads took: 0.0546030 seconds
170.981: Application time: 0.0756850 seconds
171.042: [GC [PSYoungGen: 13292K->288K(14336K)] 24241K->11245K(46080K), 0.0003880 secs] [Times: user=0.00 sys=0.00, real=0.00 secs] 
171.042: Total time for which application threads were stopped: 0.0614180 seconds, Stopping threads took: 0.0609670 seconds
171.115: Application time: 0.0728540 seconds
171.150: [GC [PSYoungGen: 12979K->1392K(14336K)] 23936K->14303K(46080K), 0.0011900 secs] [Times: user=0.01 sys=0.00, real=0.01 secs] 
171.151: Total time for which application threads were stopped: 0.0360760 seconds, Stopping threads took: 0.0347970 seconds
171.229: Application time: 0.0777150 seconds
171.297: [GC [PSYoungGen: 13910K->774K(14336K)] 26820K->13701K(46080K), 0.0007290 secs] [Times: user=0.01 sys=0.00, real=0.00 secs] 
171.298: Total time for which application threads were stopped: 0.0689270 seconds, Stopping threads took: 0.0681050 seconds
171.373: Application time: 0.0750880 seconds
171.430: [GC [PSYoungGen: 13546K->1360K(14336K)] 26473K->14498K(46080K), 0.0007480 secs] [Times: user=0.00 sys=0.00, real=0.01 secs] 
171.431: Total time for which application threads were stopped: 0.0581970 seconds, Stopping threads took: 0.0573690 seconds
171.506: Application time: 0.0750830 seconds
171.540: [GC [PSYoungGen: 13975K->1525K(14336K)] 27113K->16525K(46080K), 0.0014050 secs] [Times: user=0.01 sys=0.00, real=0.00 secs] 
171.541: Total time for which application threads were stopped: 0.0349750 seconds, Stopping threads took: 0.0334760 seconds
171.618: Application time: 0.0766070 seconds
171.686: [GC [PSYoungGen: 14219K->1394K(14336K)] 29218K->16988K(46080K), 0.0007730 secs] [Times: user=0.01 sys=0.00, real=0.00 secs] 
171.687: Total time for which application threads were stopped: 0.0693730 seconds, Stopping threads took: 0.0685220 seconds
171.775: Application time: 0.0881320 seconds
171.843: [GC [PSYoungGen: 14107K->662K(14336K)] 29701K->16264K(46080K), 0.0005150 secs] [Times: user=0.01 sys=0.00, real=0.00 secs] 
171.843: Total time for which application threads were stopped: 0.0678870 seconds, Stopping threads took: 0.0673010 seconds
171.926: Application time: 0.0831970 seconds
171.991: [GC [PSYoungGen: 13375K->467K(14336K)] 28977K->16069K(46080K), 0.0004750 secs] [Times: user=0.00 sys=0.00, real=0.00 secs] 
171.992: Total time for which application threads were stopped: 0.0654550 seconds, Stopping threads took: 0.0649130 seconds
172.067: Application time: 0.0757120 seconds
172.129: [GC [PSYoungGen: 13258K->256K(14336K)] 28860K->15865K(46080K), 0.0004220 secs] [Times: user=0.00 sys=0.00, real=0.00 secs] 
172.129: Total time for which application threads were stopped: 0.0618830 seconds, Stopping threads took: 0.0613880 seconds
172.203: Application time: 0.0739780 seconds
172.238: [GC [PSYoungGen: 12949K->1053K(14336K)] 28559K->16663K(46080K), 0.0006210 secs] [Times: user=0.00 sys=0.00, real=0.00 secs] 
172.239: Total time for which application threads were stopped: 0.0354720 seconds, Stopping threads took: 0.0347670 seconds
172.316: Application time: 0.0771770 seconds
172.367: [GC [PSYoungGen: 13727K->726K(14336K)] 29337K->16336K(46080K), 0.0004560 secs] [Times: user=0.00 sys=0.00, real=0.00 secs] 
172.368: Total time for which application threads were stopped: 0.0515660 seconds, Stopping threads took: 0.0510420 seconds
172.444: Application time: 0.0761920 seconds
172.505: [GC [PSYoungGen: 13517K->579K(14336K)] 29127K->16197K(46080K), 0.0004650 secs] [Times: user=0.00 sys=0.00, real=0.00 secs] 
172.506: Total time for which application threads were stopped: 0.0617790 seconds, Stopping threads took: 0.0612400 seconds
172.581: Application time: 0.0755150 seconds
172.642: [GC [PSYoungGen: 13292K->352K(14336K)] 28910K->15985K(46080K), 0.0004370 secs] [Times: user=0.00 sys=0.00, real=0.00 secs] 
172.642: Total time for which application threads were stopped: 0.0612320 seconds, Stopping threads took: 0.0607300 seconds
172.716: Application time: 0.0733990 seconds
172.751: [GC [PSYoungGen: 13045K->1117K(14336K)] 28679K->16759K(46080K), 0.0006780 secs] [Times: user=0.00 sys=0.00, real=0.01 secs] 
172.751: Total time for which application threads were stopped: 0.0356370 seconds, Stopping threads took: 0.0348580 seconds
172.836: Application time: 0.0842900 seconds
172.874: [GC [PSYoungGen: 13811K->1376K(14336K)] 29452K->17620K(46080K), 0.0008300 secs] [Times: user=0.00 sys=0.00, real=0.00 secs] 
172.875: Total time for which application threads were stopped: 0.0397500 seconds, Stopping threads took: 0.0388450 seconds
172.951: Application time: 0.0760550 seconds
173.013: [GC [PSYoungGen: 14167K->1360K(14336K)] 30411K->17995K(46080K), 0.0007440 secs] [Times: user=0.00 sys=0.00, real=0.00 secs] 
173.013: Total time for which application threads were stopped: 0.0620110 seconds, Stopping threads took: 0.0611900 seconds
173.098: Application time: 0.0843680 seconds
173.145: [GC [PSYoungGen: 14073K->1197K(14336K)] 30708K->18230K(46080K), 0.0007310 secs] [Times: user=0.00 sys=0.00, real=0.00 secs] 
173.146: Total time for which application threads were stopped: 0.0477930 seconds, Stopping threads took: 0.0469940 seconds
173.230: Application time: 0.0846820 seconds
173.298: [GC [PSYoungGen: 13988K->1344K(14336K)] 31021K->18377K(46080K), 0.0006960 secs] [Times: user=0.01 sys=0.00, real=0.00 secs] 
173.299: Total time for which application threads were stopped: 0.0684100 seconds, Stopping threads took: 0.0676100 seconds
173.375: Application time: 0.0767250 seconds
173.437: [GC [PSYoungGen: 14057K->1165K(14336K)] 31090K->18206K(46080K), 0.0007460 secs] [Times: user=0.01 sys=0.00, real=0.00 secs] 
173.438: Total time for which application threads were stopped: 0.0625430 seconds, Stopping threads took: 0.0617000 seconds
173.530: Application time: 0.0924260 seconds
173.594: [GC [PSYoungGen: 13878K->970K(14336K)] 30919K->18010K(46080K), 0.0006870 secs] [Times: user=0.00 sys=0.00, real=0.00 secs] 
173.595: Total time for which application threads were stopped: 0.0642510 seconds, Stopping threads took: 0.0634740 seconds
173.670: Application time: 0.0753190 seconds
173.704: [GC [PSYoungGen: 13761K->1408K(14336K)] 30802K->20020K(46080K), 0.0010570 secs] [Times: user=0.00 sys=0.00, real=0.00 secs] 
173.705: Total time for which application threads were stopped: 0.0351720 seconds, Stopping threads took: 0.0340440 seconds
173.781: Application time: 0.0759200 seconds
173.845: [GC [PSYoungGen: 14023K->1344K(14336K)] 32635K->20151K(46080K), 0.0007230 secs] [Times: user=0.01 sys=0.00, real=0.00 secs] 
173.845: Total time for which application threads were stopped: 0.0644220 seconds, Stopping threads took: 0.0636180 seconds
173.922: Application time: 0.0760430 seconds
173.972: [GC [PSYoungGen: 14097K->1117K(14336K)] 32903K->19924K(46080K), 0.0006940 secs] [Times: user=0.00 sys=0.00, real=0.00 secs] 
173.973: Total time for which application threads were stopped: 0.0514370 seconds, Stopping threads took: 0.0506480 seconds
174.049: Application time: 0.0764270 seconds
174.083: [GC [PSYoungGen: 13537K->1408K(14336K)] 32344K->20614K(46080K), 0.0007660 secs] [Times: user=0.01 sys=0.00, real=0.00 secs] 
174.083: Total time for which application threads were stopped: 0.0340040 seconds, Stopping threads took: 0.0331670 seconds
174.162: Application time: 0.0783490 seconds
174.225: [GC [PSYoungGen: 14102K->352K(14336K)] 33307K->19565K(46080K), 0.0004450 secs] [Times: user=0.00 sys=0.00, real=0.00 secs] 
174.225: Total time for which application threads were stopped: 0.0636370 seconds, Stopping threads took: 0.0631230 seconds
174.299: Application time: 0.0735520 seconds
174.336: [GC [PSYoungGen: 13045K->1458K(14336K)] 32259K->21469K(46080K), 0.0009250 secs] [Times: user=0.00 sys=0.00, real=0.00 secs] 
174.337: Total time for which application threads were stopped: 0.0377400 seconds, Stopping threads took: 0.0367390 seconds
174.429: Application time: 0.0923700 seconds
174.495: [GC [PSYoungGen: 14132K->726K(14336K)] 34143K->20745K(46080K), 0.0005510 secs] [Times: user=0.00 sys=0.00, real=0.00 secs] 
174.495: Total time for which application threads were stopped: 0.0661140 seconds, Stopping threads took: 0.0654630 seconds
174.574: Application time: 0.0785500 seconds
174.607: [GC [PSYoungGen: 13342K->1474K(14336K)] 33360K->22665K(46080K), 0.0009830 secs] [Times: user=0.00 sys=0.00, real=0.00 secs] 
174.608: Total time for which application threads were stopped: 0.0344470 seconds, Stopping threads took: 0.0333850 seconds
174.685: Application time: 0.0766270 seconds
174.753: [GC [PSYoungGen: 14187K->1360K(14336K)] 35378K->22567K(46080K), 0.0006450 secs] [Times: user=0.01 sys=0.00, real=0.00 secs] 
174.754: Total time for which application threads were stopped: 0.0687550 seconds, Stopping threads took: 0.0680410 seconds
174.831: Application time: 0.0772670 seconds
174.879: [GC [PSYoungGen: 14073K->1165K(14336K)] 35280K->22380K(46080K), 0.0005700 secs] [Times: user=0.00 sys=0.00, real=0.00 secs] 
174.880: Total time for which application threads were stopped: 0.0489090 seconds, Stopping threads took: 0.0482720 seconds
174.957: Application time: 0.0772260 seconds
175.018: [GC [PSYoungGen: 13878K->970K(14336K)] 35093K->22192K(46080K), 0.0005980 secs] [Times: user=0.00 sys=0.00, real=0.00 secs] 
175.019: Total time for which application threads were stopped: 0.0619410 seconds, Stopping threads took: 0.0612650 seconds
175.096: Application time: 0.0766550 seconds
175.154: [GC [PSYoungGen: 13683K->694K(14336K)] 34905K->21917K(46080K), 0.0005320 secs] [Times: user=0.00 sys=0.00, real=0.00 secs] 
175.155: Total time for which application threads were stopped: 0.0593970 seconds, Stopping threads took: 0.0587760 seconds
175.230: Application time: 0.0750000 seconds
175.291: [GC [PSYoungGen: 13369K->352K(14336K)] 34591K->21582K(46080K), 0.0004040 secs] [Times: user=0.00 sys=0.00, real=0.01 secs] 
175.291: Total time for which application threads were stopped: 0.0612140 seconds, Stopping threads took: 0.0607440 seconds
175.365: Application time: 0.0736090 seconds
175.400: [GC [PSYoungGen: 13123K->1165K(14336K)] 34354K->22396K(46080K), 0.0007680 secs] [Times: user=0.00 sys=0.00, real=0.00 secs] 
175.400: Total time for which application threads were stopped: 0.0356050 seconds, Stopping threads took: 0.0347550 seconds
175.488: Application time: 0.0873400 seconds
175.543: [GC [PSYoungGen: 13683K->726K(14336K)] 34913K->21957K(46080K), 0.0006190 secs] [Times: user=0.01 sys=0.00, real=0.00 secs] 
175.544: Total time for which application threads were stopped: 0.0562130 seconds, Stopping threads took: 0.0555160 seconds
175.622: Application time: 0.0782750 seconds
175.687: [GC [PSYoungGen: 13420K->1165K(14336K)] 34651K->22794K(46080K), 0.0007590 secs] [Times: user=0.01 sys=0.00, real=0.00 secs] 
175.688: Total time for which application threads were stopped: 0.0660410 seconds, Stopping threads took: 0.0651890 seconds
175.778: Application time: 0.0893180 seconds
175.843: [GC [PSYoungGen: 13839K->1149K(14336K)] 35468K->22778K(46080K), 0.0007790 secs] [Times: user=0.00 sys=0.00, real=0.00 secs] 
175.843: Total time for which application threads were stopped: 0.0658730 seconds, Stopping threads took: 0.0650010 seconds
175.922: Application time: 0.0782340 seconds
175.977: [GC [PSYoungGen: 13745K->1474K(14336K)] 35374K->23502K(46080K), 0.0008560 secs] [Times: user=0.00 sys=0.00, real=0.00 secs] 
175.978: Total time for which application threads were stopped: 0.0559380 seconds, Stopping threads took: 0.0549880 seconds
176.067: Application time: 0.0898190 seconds
176.136: [GC [PSYoungGen: 14187K->515K(14336K)] 36215K->22543K(46080K), 0.0006220 secs] [Times: user=0.00 sys=0.00, real=0.00 secs] 
176.136: Total time for which application threads were stopped: 0.0689910 seconds, Stopping threads took: 0.0682680 seconds
176.212: Application time: 0.0756850 seconds
176.276: [GC [PSYoungGen: 13228K->320K(14336K)] 35256K->22356K(46080K), 0.0005850 secs] [Times: user=0.00 sys=0.00, real=0.00 secs] 
176.276: Total time for which application threads were stopped: 0.0641360 seconds, Stopping threads took: 0.0634570 seconds
176.350: Application time: 0.0734320 seconds
176.385: [GC [PSYoungGen: 12935K->1442K(14336K)] 34971K->24267K(46080K), 0.0010140 secs] [Times: user=0.01 sys=0.00, real=0.00 secs] 
176.386: Total time for which application threads were stopped: 0.0359350 seconds, Stopping threads took: 0.0348240 seconds
176.463: Application time: 0.0769640 seconds
176.525: [GC [PSYoungGen: 14057K->1376K(14336K)] 36883K->24803K(46080K), 0.0008350 secs] [Times: user=0.01 sys=0.00, real=0.00 secs] 
176.526: Total time for which application threads were stopped: 0.0631790 seconds, Stopping threads took: 0.0622670 seconds
176.613: Application time: 0.0869460 seconds
176.679: [GC [PSYoungGen: 13992K->579K(14336K)] 37419K->24006K(46080K), 0.0005290 secs] [Times: user=0.00 sys=0.00, real=0.00 secs] 
176.680: Total time for which application threads were stopped: 0.0668350 seconds, Stopping threads took: 0.0662180 seconds
176.754: Application time: 0.0742400 seconds
176.788: [GC [PSYoungGen: 13351K->1312K(14336K)] 36778K->24739K(46080K), 0.0006880 secs] [Times: user=0.00 sys=0.00, real=0.00 secs] 
176.789: Total time for which application threads were stopped: 0.0348800 seconds, Stopping threads took: 0.0341190 seconds
176.865: Application time: 0.0765560 seconds
176.928: [GC [PSYoungGen: 13986K->970K(14336K)] 37414K->24397K(46080K), 0.0008230 secs] [Times: user=0.00 sys=0.00, real=0.00 secs] 
176.928: Total time for which application threads were stopped: 0.0631770 seconds, Stopping threads took: 0.0622610 seconds
177.005: Application time: 0.0762640 seconds
177.056: [GC [PSYoungGen: 13761K->758K(14336K)] 37188K->24185K(46080K), 0.0005920 secs] [Times: user=0.01 sys=0.00, real=0.00 secs] 
177.056: Total time for which application threads were stopped: 0.0517260 seconds, Stopping threads took: 0.0510610 seconds
177.145: Application time: 0.0888120 seconds
177.213: [GC [PSYoungGen: 13471K->563K(14336K)] 36899K->23990K(46080K), 0.0005240 secs] [Times: user=0.00 sys=0.00, real=0.00 secs] 
177.214: Total time for which application threads were stopped: 0.0685710 seconds, Stopping threads took: 0.0679690 seconds
177.289: Application time: 0.0752220 seconds
177.335: [GC [PSYoungGen: 13257K->1474K(14336K)] 36684K->25886K(46080K), 0.0009380 secs] [Times: user=0.00 sys=0.01, real=0.00 secs] 
177.336: Total time for which application threads were stopped: 0.0468380 seconds, Stopping threads took: 0.0458040 seconds
177.412: Application time: 0.0759830 seconds
177.476: [GC [PSYoungGen: 14265K->1149K(14336K)] 38677K->25569K(46080K), 0.0006780 secs] [Times: user=0.01 sys=0.00, real=0.00 secs] 
177.477: Total time for which application threads were stopped: 0.0649600 seconds, Stopping threads took: 0.0642110 seconds
177.569: Application time: 0.0919080 seconds
177.631: [GC [PSYoungGen: 13667K->758K(14336K)] 38086K->25178K(46080K), 0.0004870 secs] [Times: user=0.00 sys=0.00, real=0.00 secs] 
177.632: Total time for which application threads were stopped: 0.0631910 seconds, Stopping threads took: 0.0626280 seconds
177.707: Application time: 0.0749400 seconds
177.761: [GC [PSYoungGen: 13550K->531K(14336K)] 37969K->24959K(46080K), 0.0007300 secs] [Times: user=0.01 sys=0.00, real=0.00 secs] 
177.762: Total time for which application threads were stopped: 0.0552000 seconds, Stopping threads took: 0.0543740 seconds
177.837: Application time: 0.0747550 seconds
177.898: [GC [PSYoungGen: 13244K->336K(14336K)] 37672K->24771K(46080K), 0.0006610 secs] [Times: user=0.00 sys=0.00, real=0.00 secs] 
177.899: Total time for which application threads were stopped: 0.0620870 seconds, Stopping threads took: 0.0613370 seconds
177.973: Application time: 0.0737410 seconds
178.007: [GC [PSYoungGen: 12951K->1149K(14336K)] 37387K->25593K(46080K), 0.0005820 secs] [Times: user=0.00 sys=0.00, real=0.00 secs] 
178.008: Total time for which application threads were stopped: 0.0352760 seconds, Stopping threads took: 0.0346180 seconds
178.084: Application time: 0.0761850 seconds
178.118: [GC [PSYoungGen: 13823K->1458K(14336K)] 38267K->26292K(46080K), 0.0008970 secs] [Times: user=0.00 sys=0.00, real=0.00 secs] 
178.119: Total time for which application threads were stopped: 0.0346310 seconds, Stopping threads took: 0.0336480 seconds
178.196: Application time: 0.0767120 seconds
178.257: [GC [PSYoungGen: 14230K->1376K(14336K)] 39064K->26406K(46080K), 0.0009410 secs] [Times: user=0.01 sys=0.00, real=0.00 secs] 
178.258: Total time for which application threads were stopped: 0.0624660 seconds, Stopping threads took: 0.0614350 seconds
178.333: Application time: 0.0748860 seconds
178.382: [GC [PSYoungGen: 14089K->1344K(14336K)] 39119K->26374K(46080K), 0.0006750 secs] [Times: user=0.00 sys=0.00, real=0.00 secs] 
178.383: Total time for which application threads were stopped: 0.0496480 seconds, Stopping threads took: 0.0488890 seconds
178.460: Application time: 0.0770800 seconds
178.513: [GC [PSYoungGen: 14057K->1181K(14336K)] 39087K->26211K(46080K), 0.0006460 secs] [Times: user=0.00 sys=0.00, real=0.00 secs] 
178.514: Total time for which application threads were stopped: 0.0541320 seconds, Stopping threads took: 0.0534110 seconds
178.604: Application time: 0.0903350 seconds
178.665: [GC [PSYoungGen: 13699K->758K(14336K)] 38729K->25788K(46080K), 0.0005180 secs] [Times: user=0.00 sys=0.00, real=0.00 secs] 
178.666: Total time for which application threads were stopped: 0.0614610 seconds, Stopping threads took: 0.0608700 seconds
178.742: Application time: 0.0760370 seconds
178.791: [GC [PSYoungGen: 13432K->336K(14336K)] 38462K->25373K(46080K), 0.0004650 secs] [Times: user=0.00 sys=0.00, real=0.01 secs] 
178.791: Total time for which application threads were stopped: 0.0495490 seconds, Stopping threads took: 0.0490140 seconds
178.865: Application time: 0.0736490 seconds
178.899: [GC [PSYoungGen: 13029K->1165K(14336K)] 38067K->26211K(46080K), 0.0005990 secs] [Times: user=0.01 sys=0.00, real=0.01 secs] 
178.900: Total time for which application threads were stopped: 0.0347410 seconds, Stopping threads took: 0.0340630 seconds
178.986: Application time: 0.0862970 seconds
179.054: [GC [PSYoungGen: 13683K->806K(14336K)] 38729K->25860K(46080K), 0.0005640 secs] [Times: user=0.00 sys=0.00, real=0.00 secs] 
179.055: Total time for which application threads were stopped: 0.0692150 seconds, Stopping threads took: 0.0685600 seconds
179.131: Application time: 0.0760990 seconds
179.189: [GC [PSYoungGen: 13598K->515K(14336K)] 38651K->25569K(46080K), 0.0005750 secs] [Times: user=0.00 sys=0.00, real=0.00 secs] 
179.189: Total time for which application threads were stopped: 0.0580930 seconds, Stopping threads took: 0.0574510 seconds
179.264: Application time: 0.0746240 seconds
179.299: [GC [PSYoungGen: 13130K->1392K(14336K)] 38184K->26454K(46080K), 0.0007730 secs] [Times: user=0.00 sys=0.00, real=0.01 secs] 
179.299: Total time for which application threads were stopped: 0.0354910 seconds, Stopping threads took: 0.0346420 seconds
179.375: Application time: 0.0752530 seconds
179.438: [GC [PSYoungGen: 14183K->1149K(14336K)] 39245K->26219K(46080K), 0.0006240 secs] [Times: user=0.00 sys=0.00, real=0.00 secs] 
179.439: Total time for which application threads were stopped: 0.0638960 seconds, Stopping threads took: 0.0631860 seconds
179.517: Application time: 0.0783130 seconds
179.569: [GC [PSYoungGen: 13745K->758K(14336K)] 38815K->25828K(46080K), 0.0005340 secs] [Times: user=0.00 sys=0.00, real=0.00 secs] 
179.570: Total time for which application threads were stopped: 0.0528710 seconds, Stopping threads took: 0.0522650 seconds
179.646: Application time: 0.0758530 seconds
179.706: [GC [PSYoungGen: 13471K->531K(14336K)] 38541K->25617K(46080K), 0.0004920 secs] [Times: user=0.00 sys=0.00, real=0.00 secs] 
179.708: Total time for which application threads were stopped: 0.0621290 seconds, Stopping threads took: 0.0605470 seconds
179.784: Application time: 0.0762080 seconds
179.847: [GC [PSYoungGen: 13322K->352K(14336K)] 38408K->25437K(46080K), 0.0004570 secs] [Times: user=0.00 sys=0.00, real=0.00 secs] 
179.847: Total time for which application threads were stopped: 0.0634720 seconds, Stopping threads took: 0.0629410 seconds
179.921: Application time: 0.0737050 seconds
179.957: [GC [PSYoungGen: 13123K->1149K(14336K)] 38209K->26235K(46080K), 0.0006410 secs] [Times: user=0.00 sys=0.00, real=0.00 secs] 
179.958: Total time for which application threads were stopped: 0.0365010 seconds, Stopping threads took: 0.0357660 seconds
180.036: Application time: 0.0782730 seconds
180.085: [GC [PSYoungGen: 13745K->726K(14336K)] 38831K->25820K(46080K), 0.0005690 secs] [Times: user=0.01 sys=0.00, real=0.00 secs] 
180.085: Total time for which application threads were stopped: 0.0493620 seconds, Stopping threads took: 0.0487210 seconds
180.161: Application time: 0.0755690 seconds
180.222: [GC [PSYoungGen: 13439K->531K(14336K)] 38533K->25633K(46080K), 0.0005280 secs] [Times: user=0.00 sys=0.00, real=0.00 secs] 
180.222: Total time for which application threads were stopped: 0.0615420 seconds, Stopping threads took: 0.0609480 seconds
180.300: Application time: 0.0772440 seconds
180.332: [GC [PSYoungGen: 12951K->1165K(14336K)] 38053K->26267K(46080K), 0.0005770 secs] [Times: user=0.00 sys=0.00, real=0.00 secs] 
180.333: Total time for which application threads were stopped: 0.0329590 seconds, Stopping threads took: 0.0323150 seconds
180.409: Application time: 0.0766820 seconds
180.472: [GC [PSYoungGen: 13761K->758K(14336K)] 38863K->25860K(46080K), 0.0005510 secs] [Times: user=0.01 sys=0.00, real=0.00 secs] 
180.472: Total time for which application threads were stopped: 0.0629390 seconds, Stopping threads took: 0.0623060 seconds
180.547: Application time: 0.0753350 seconds
180.610: [GC [PSYoungGen: 13432K->352K(14336K)] 38534K->25453K(46080K), 0.0004160 secs] [Times: user=0.00 sys=0.00, real=0.00 secs] 
180.610: Total time for which application threads were stopped: 0.0628730 seconds, Stopping threads took: 0.0623880 seconds
180.684: Application time: 0.0735480 seconds
180.718: [GC [PSYoungGen: 12967K->1149K(14336K)] 38069K->26267K(46080K), 0.0006450 secs] [Times: user=0.00 sys=0.00, real=0.00 secs] 
180.719: Total time for which application threads were stopped: 0.0350130 seconds, Stopping threads took: 0.0342950 seconds
180.807: Application time: 0.0879550 seconds
180.870: [GC [PSYoungGen: 13667K->790K(14336K)] 38785K->25916K(46080K), 0.0005170 secs] [Times: user=0.00 sys=0.00, real=0.00 secs] 
180.871: Total time for which application threads were stopped: 0.0637830 seconds, Stopping threads took: 0.0631940 seconds
180.948: Application time: 0.0771580 seconds
180.984: [GC [PSYoungGen: 13503K->1490K(14336K)] 38629K->26811K(46080K), 0.0007800 secs] [Times: user=0.01 sys=0.00, real=0.00 secs] 
180.985: Total time for which application threads were stopped: 0.0368950 seconds, Stopping threads took: 0.0360310 seconds
181.068: Application time: 0.0835480 seconds
181.128: [GC [PSYoungGen: 14183K->1360K(14336K)] 39505K->26689K(46080K), 0.0006200 secs] [Times: user=0.00 sys=0.00, real=0.00 secs] 
181.129: Total time for which application threads were stopped: 0.0603470 seconds, Stopping threads took: 0.0596560 seconds
181.205: Application time: 0.0763890 seconds
181.254: [GC [PSYoungGen: 14151K->1197K(14336K)] 39481K->26526K(46080K), 0.0005900 secs] [Times: user=0.00 sys=0.00, real=0.00 secs] 
181.255: Total time for which application threads were stopped: 0.0495670 seconds, Stopping threads took: 0.0488990 seconds
181.331: Application time: 0.0760090 seconds
181.367: [GC [PSYoungGen: 13949K->1458K(14336K)] 39279K->28260K(46080K), 0.0011010 secs] [Times: user=0.01 sys=0.00, real=0.00 secs] 
181.368: Total time for which application threads were stopped: 0.0376070 seconds, Stopping threads took: 0.0364240 seconds
181.446: Application time: 0.0778130 seconds
181.505: [GC [PSYoungGen: 14073K->1474K(14336K)] 40875K->29456K(46080K), 0.0009570 secs] [Times: user=0.00 sys=0.00, real=0.00 secs] 
181.506: Total time for which application threads were stopped: 0.0601900 seconds, Stopping threads took: 0.0591500 seconds
181.582: Application time: 0.0753680 seconds
181.645: [GC [PSYoungGen: 14187K->1376K(14336K)] 42169K->29358K(46080K), 0.0008430 secs] [Times: user=0.00 sys=0.00, real=0.00 secs] 
181.646: Total time for which application threads were stopped: 0.0646740 seconds, Stopping threads took: 0.0637380 seconds
181.724: Application time: 0.0774230 seconds
181.786: [GC [PSYoungGen: 14089K->1149K(14336K)] 42071K->29139K(46080K), 0.0006680 secs] [Times: user=0.00 sys=0.00, real=0.00 secs] 
181.787: Total time for which application threads were stopped: 0.0629890 seconds, Stopping threads took: 0.0622510 seconds
181.865: Application time: 0.0783710 seconds
181.911: [GC [PSYoungGen: 13823K->758K(14336K)] 41813K->28756K(46080K), 0.0005160 secs] [Times: user=0.00 sys=0.00, real=0.00 secs] 
181.912: Total time for which application threads were stopped: 0.0468640 seconds, Stopping threads took: 0.0462780 seconds
181.989: Application time: 0.0769640 seconds
182.050: [GC [PSYoungGen: 13471K->547K(14336K)] 41469K->28553K(46080K), 0.0004610 secs] [Times: user=0.00 sys=0.00, real=0.00 secs] 
182.050: Total time for which application threads were stopped: 0.0612000 seconds, Stopping threads took: 0.0606600 seconds
182.125: Application time: 0.0750160 seconds
182.178: [GC [PSYoungGen: 13260K->336K(14336K)] 41266K->28342K(46080K), 0.0004310 secs] [Times: user=0.00 sys=0.00, real=0.00 secs] 
182.178: Total time for which application threads were stopped: 0.0530900 seconds, Stopping threads took: 0.0525900 seconds
182.251: Application time: 0.0731800 seconds
182.288: [GC [PSYoungGen: 12951K->1149K(14336K)] 40957K->29155K(46080K), 0.0011480 secs] [Times: user=0.01 sys=0.00, real=0.00 secs] 
182.289: Total time for which application threads were stopped: 0.0374900 seconds, Stopping threads took: 0.0362450 seconds
182.365: Application time: 0.0764460 seconds
182.429: [GC [PSYoungGen: 13745K->742K(14336K)] 41751K->28756K(46080K), 0.0006320 secs] [Times: user=0.00 sys=0.00, real=0.00 secs] 
182.430: Total time for which application threads were stopped: 0.0641670 seconds, Stopping threads took: 0.0634440 seconds
182.505: Application time: 0.0750020 seconds
182.539: [GC [PSYoungGen: 13514K->1344K(14336K)] 41528K->29562K(46080K), 0.0007690 secs] [Times: user=0.00 sys=0.00, real=0.01 secs] 
182.540: Total time for which application threads were stopped: 0.0350550 seconds, Stopping threads took: 0.0342140 seconds
182.616: Application time: 0.0767190 seconds
182.679: [GC [PSYoungGen: 14018K->1133K(14336K)] 42236K->29350K(46080K), 0.0006750 secs] [Times: user=0.00 sys=0.00, real=0.00 secs] 
182.680: Total time for which application threads were stopped: 0.0638830 seconds, Stopping threads took: 0.0631270 seconds
182.773: Application time: 0.0928990 seconds
182.836: [GC [PSYoungGen: 13651K->774K(14336K)] 41868K->28992K(46080K), 0.0004790 secs] [Times: user=0.00 sys=0.00, real=0.00 secs] 
182.837: Total time for which application threads were stopped: 0.0638490 seconds, Stopping threads took: 0.0633000 seconds
182.913: Application time: 0.0758040 seconds
182.977: [GC [PSYoungGen: 13566K->547K(14336K)] 41783K->28764K(46080K), 0.0007440 secs] [Times: user=0.01 sys=0.00, real=0.00 secs] 
182.977: Total time for which application threads were stopped: 0.0646210 seconds, Stopping threads took: 0.0638080 seconds
183.051: Application time: 0.0737500 seconds
183.088: [GC [PSYoungGen: 13162K->1360K(14336K)] 41380K->29586K(46080K), 0.0006780 secs] [Times: user=0.01 sys=0.00, real=0.00 secs] 
183.089: Total time for which application threads were stopped: 0.0376110 seconds, Stopping threads took: 0.0368500 seconds
183.164: Application time: 0.0755780 seconds
183.229: [GC [PSYoungGen: 14132K->1344K(14336K)] 42357K->30359K(46080K), 0.0010110 secs] [Times: user=0.00 sys=0.00, real=0.00 secs] 
183.230: Total time for which application threads were stopped: 0.0661800 seconds, Stopping threads took: 0.0650770 seconds
183.308: Application time: 0.0770340 seconds
183.376: [GC [PSYoungGen: 13959K->726K(14336K)] 42974K->29749K(46080K), 0.0006340 secs] [Times: user=0.00 sys=0.00, real=0.00 secs] 
183.376: Total time for which application threads were stopped: 0.0686490 seconds, Stopping threads took: 0.0679390 seconds
183.453: Application time: 0.0769360 seconds
183.516: [GC [PSYoungGen: 13439K->563K(14336K)] 42462K->29586K(46080K), 0.0004860 secs] [Times: user=0.00 sys=0.00, real=0.00 secs] 
183.517: Total time for which application threads were stopped: 0.0636660 seconds, Stopping threads took: 0.0631020 seconds
183.593: Application time: 0.0763440 seconds
183.642: [GC [PSYoungGen: 13276K->336K(14336K)] 42299K->29358K(46080K), 0.0004660 secs] [Times: user=0.01 sys=0.00, real=0.00 secs] 
183.642: Total time for which application threads were stopped: 0.0489320 seconds, Stopping threads took: 0.0484030 seconds
183.715: Application time: 0.0732160 seconds
183.750: [GC [PSYoungGen: 13029K->1442K(14336K)] 42052K->31246K(46080K), 0.0009630 secs] [Times: user=0.01 sys=0.00, real=0.00 secs] 
183.751: Total time for which application threads were stopped: 0.0355400 seconds, Stopping threads took: 0.0344920 seconds
183.828: Application time: 0.0776250 seconds
183.890: [GC [PSYoungGen: 14057K->1197K(14336K)] 43861K->31790K(46080K), 0.0008950 secs] [Times: user=0.00 sys=0.00, real=0.00 secs] 
183.891: [Full GC [PSYoungGen: 1197K->0K(14336K)] [ParOldGen: 30593K->3314K(31744K)] 31790K->3314K(46080K) [PSPermGen: 5149K->5149K(21504K)], 0.0052000 secs] [Times: user=0.02 sys=0.00, real=0.01 secs] 
183.896: Total time for which application threads were stopped: 0.0673230 seconds, Stopping threads took: 0.0611060 seconds
183.973: Application time: 0.0769530 seconds
184.029: [GC [PSYoungGen: 12713K->1232K(14336K)] 16027K->4937K(46080K), 0.0006840 secs] [Times: user=0.00 sys=0.00, real=0.00 secs] 
184.030: Total time for which application threads were stopped: 0.0574600 seconds, Stopping threads took: 0.0567090 seconds
184.108: Application time: 0.0776220 seconds
184.169: [GC [PSYoungGen: 13984K->1200K(14336K)] 17689K->4905K(46080K), 0.0007170 secs] [Times: user=0.00 sys=0.00, real=0.00 secs] 
184.170: Total time for which application threads were stopped: 0.0621880 seconds, Stopping threads took: 0.0613960 seconds
184.249: Application time: 0.0793010 seconds
184.301: [GC [PSYoungGen: 13992K->1037K(14336K)] 17697K->4742K(46080K), 0.0005710 secs] [Times: user=0.01 sys=0.00, real=0.00 secs] 
184.302: Total time for which application threads were stopped: 0.0524590 seconds, Stopping threads took: 0.0518090 seconds
184.375: Application time: 0.0735730 seconds
184.428: [GC [PSYoungGen: 13730K->1427K(14336K)] 17436K->5523K(46080K), 0.0008470 secs] [Times: user=0.00 sys=0.00, real=0.00 secs] 
184.429: Total time for which application threads were stopped: 0.0533420 seconds, Stopping threads took: 0.0524180 seconds
184.505: Application time: 0.0764330 seconds
184.540: [GC [PSYoungGen: 14121K->1460K(14336K)] 18217K->6727K(46080K), 0.0010110 secs] [Times: user=0.01 sys=0.00, real=0.00 secs] 
184.541: Total time for which application threads were stopped: 0.0362460 seconds, Stopping threads took: 0.0351590 seconds
184.618: Application time: 0.0768410 seconds
184.687: [GC [PSYoungGen: 14251K->304K(14336K)] 19519K->5571K(46080K), 0.0004290 secs] [Times: user=0.00 sys=0.00, real=0.00 secs] 
184.687: Total time for which application threads were stopped: 0.0690520 seconds, Stopping threads took: 0.0685520 seconds
184.761: Application time: 0.0733220 seconds
184.795: [GC [PSYoungGen: 12919K->1117K(14336K)] 18187K->6385K(46080K), 0.0006250 secs] [Times: user=0.00 sys=0.00, real=0.00 secs] 
184.795: Total time for which application threads were stopped: 0.0348810 seconds, Stopping threads took: 0.0341850 seconds
184.871: Application time: 0.0752570 seconds
184.904: [GC [PSYoungGen: 13830K->1523K(14336K)] 19098K->8370K(46080K), 0.0011440 secs] [Times: user=0.00 sys=0.00, real=0.00 secs] 
184.905: Total time for which application threads were stopped: 0.0347220 seconds, Stopping threads took: 0.0334970 seconds
184.982: Application time: 0.0765780 seconds
185.050: [GC [PSYoungGen: 14139K->1344K(14336K)] 20985K->8581K(46080K), 0.0007220 secs] [Times: user=0.01 sys=0.00, real=0.00 secs] 
185.050: Total time for which application threads were stopped: 0.0682970 seconds, Stopping threads took: 0.0675030 seconds
185.128: Application time: 0.0772030 seconds
185.196: [GC [PSYoungGen: 13959K->304K(14336K)] 21196K->7541K(46080K), 0.0006090 secs] [Times: user=0.00 sys=0.00, real=0.00 secs] 
185.197: Total time for which application threads were stopped: 0.0691980 seconds, Stopping threads took: 0.0685120 seconds
185.270: Application time: 0.0734850 seconds
185.307: [GC [PSYoungGen: 12997K->1458K(14336K)] 20234K->9476K(46080K), 0.0008940 secs] [Times: user=0.00 sys=0.00, real=0.00 secs] 
185.308: Total time for which application threads were stopped: 0.0379020 seconds, Stopping threads took: 0.0369170 seconds
185.388: Application time: 0.0802370 seconds
185.450: [GC [PSYoungGen: 14152K->1344K(14336K)] 22170K->9948K(46080K), 0.0008950 secs] [Times: user=0.00 sys=0.00, real=0.00 secs] 
185.451: Total time for which application threads were stopped: 0.0621440 seconds, Stopping threads took: 0.0611470 seconds
185.527: Application time: 0.0761720 seconds
185.587: [GC [PSYoungGen: 13999K->1426K(14336K)] 22603K->10030K(46080K), 0.0007330 secs] [Times: user=0.00 sys=0.00, real=0.00 secs] 
185.587: Total time for which application threads were stopped: 0.0606530 seconds, Stopping threads took: 0.0598450 seconds
185.664: Application time: 0.0769920 seconds
185.718: [GC [PSYoungGen: 14119K->1117K(14336K)] 22724K->9721K(46080K), 0.0007030 secs] [Times: user=0.01 sys=0.00, real=0.00 secs] 
185.719: Total time for which application threads were stopped: 0.0542980 seconds, Stopping threads took: 0.0535010 seconds
185.796: Application time: 0.0771880 seconds
185.845: [GC [PSYoungGen: 13830K->938K(14336K)] 22434K->9542K(46080K), 0.0006300 secs] [Times: user=0.00 sys=0.00, real=0.00 secs] 
185.846: Total time for which application threads were stopped: 0.0496910 seconds, Stopping threads took: 0.0489810 seconds
185.921: Application time: 0.0756440 seconds
185.986: [GC [PSYoungGen: 13612K->579K(14336K)] 22216K->9223K(46080K), 0.0004240 secs] [Times: user=0.01 sys=0.00, real=0.00 secs] 
185.987: Total time for which application threads were stopped: 0.0656830 seconds, Stopping threads took: 0.0651840 seconds
186.063: Application time: 0.0761890 seconds
186.110: [GC [PSYoungGen: 13292K->1392K(14336K)] 21936K->11224K(46080K), 0.0010090 secs] [Times: user=0.00 sys=0.00, real=0.00 secs] 
186.111: Total time for which application threads were stopped: 0.0477280 seconds, Stopping threads took: 0.0466230 seconds
186.188: Application time: 0.0769630 seconds
186.250: [GC [PSYoungGen: 14007K->1458K(14336K)] 23840K->12087K(46080K), 0.0009310 secs] [Times: user=0.01 sys=0.00, real=0.00 secs] 
186.251: Total time for which application threads were stopped: 0.0628730 seconds, Stopping threads took: 0.0618470 seconds
186.326: Application time: 0.0749980 seconds
186.389: [GC [PSYoungGen: 13976K->1426K(14336K)] 24605K->12462K(46080K), 0.0010260 secs] [Times: user=0.01 sys=0.00, real=0.00 secs] 
186.390: Total time for which application threads were stopped: 0.0647350 seconds, Stopping threads took: 0.0636110 seconds
186.467: Application time: 0.0768690 seconds
186.534: [GC [PSYoungGen: 14139K->563K(14336K)] 25175K->11615K(46080K), 0.0004330 secs] [Times: user=0.01 sys=0.00, real=0.00 secs] 
186.534: Total time for which application threads were stopped: 0.0671920 seconds, Stopping threads took: 0.0666810 seconds
186.611: Application time: 0.0769890 seconds
186.673: [GC [PSYoungGen: 13354K->336K(14336K)] 24406K->11404K(46080K), 0.0004930 secs] [Times: user=0.00 sys=0.00, real=0.00 secs] 
186.673: Total time for which application threads were stopped: 0.0617800 seconds, Stopping threads took: 0.0612200 seconds
186.747: Application time: 0.0739230 seconds
186.749: [GC [PSYoungGen: 13049K->1392K(14336K)] 24117K->15586K(46080K), 0.0014530 secs] [Times: user=0.01 sys=0.00, real=0.00 secs] 
186.751: Total time for which application threads were stopped: 0.0035550 seconds, Stopping threads took: 0.0020290 seconds
186.827: Application time: 0.0767700 seconds
186.896: [GC [PSYoungGen: 13812K->1458K(14336K)] 28006K->16042K(46080K), 0.0007800 secs] [Times: user=0.01 sys=0.00, real=0.00 secs] 
186.897: Total time for which application threads were stopped: 0.0695240 seconds, Stopping threads took: 0.0686680 seconds
186.974: Application time: 0.0771580 seconds
187.036: [GC [PSYoungGen: 14113K->1296K(14336K)] 28697K->15880K(46080K), 0.0005980 secs] [Times: user=0.00 sys=0.00, real=0.00 secs] 
187.037: Total time for which application threads were stopped: 0.0624660 seconds, Stopping threads took: 0.0617860 seconds
187.113: Application time: 0.0764510 seconds
187.161: [GC [PSYoungGen: 14009K->1133K(14336K)] 28593K->15717K(46080K), 0.0007810 secs] [Times: user=0.00 sys=0.00, real=0.00 secs] 
187.162: Total time for which application threads were stopped: 0.0491590 seconds, Stopping threads took: 0.0482880 seconds
187.238: Application time: 0.0759930 seconds
187.293: [GC [PSYoungGen: 13885K->790K(14336K)] 28469K->15390K(46080K), 0.0007430 secs] [Times: user=0.00 sys=0.00, real=0.00 secs] 
187.294: Total time for which application threads were stopped: 0.0553060 seconds, Stopping threads took: 0.0544880 seconds
187.370: Application time: 0.0768380 seconds
187.431: [GC [PSYoungGen: 13582K->515K(14336K)] 28181K->15123K(46080K), 0.0004690 secs] [Times: user=0.00 sys=0.00, real=0.01 secs] 
187.431: Total time for which application threads were stopped: 0.0606310 seconds, Stopping threads took: 0.0600690 seconds
187.507: Application time: 0.0755020 seconds
187.555: [GC [PSYoungGen: 13228K->304K(14336K)] 27836K->14927K(46080K), 0.0004670 secs] [Times: user=0.01 sys=0.00, real=0.00 secs] 
187.555: Total time for which application threads were stopped: 0.0484920 seconds, Stopping threads took: 0.0479480 seconds
187.628: Application time: 0.0734390 seconds
187.663: [GC [PSYoungGen: 12919K->1474K(14336K)] 27543K->16887K(46080K), 0.0008670 secs] [Times: user=0.00 sys=0.00, real=0.00 secs] 
187.664: Total time for which application threads were stopped: 0.0353220 seconds, Stopping threads took: 0.0343850 seconds
187.758: Application time: 0.0939250 seconds
187.820: [GC [PSYoungGen: 14187K->938K(14336K)] 29600K->16351K(46080K), 0.0005620 secs] [Times: user=0.00 sys=0.00, real=0.00 secs] 
187.820: Total time for which application threads were stopped: 0.0626390 seconds, Stopping threads took: 0.0620110 seconds
187.904: Application time: 0.0838580 seconds
187.968: [GC [PSYoungGen: 13729K->710K(14336K)] 29142K->16131K(46080K), 0.0005170 secs] [Times: user=0.00 sys=0.00, real=0.00 secs] 
187.969: Total time for which application threads were stopped: 0.0645160 seconds, Stopping threads took: 0.0639070 seconds
188.046: Application time: 0.0774820 seconds
188.079: [GC [PSYoungGen: 13423K->1392K(14336K)] 28845K->18181K(46080K), 0.0010740 secs] [Times: user=0.00 sys=0.00, real=0.00 secs] 
188.080: Total time for which application threads were stopped: 0.0338940 seconds, Stopping threads took: 0.0327310 seconds
188.157: Application time: 0.0764200 seconds
188.221: [GC [PSYoungGen: 13890K->1165K(14336K)] 30679K->17953K(46080K), 0.0007390 secs] [Times: user=0.01 sys=0.00, real=0.00 secs] 
188.222: Total time for which application threads were stopped: 0.0651370 seconds, Stopping threads took: 0.0643260 seconds
188.311: Application time: 0.0894610 seconds
188.369: [GC [PSYoungGen: 13780K->1376K(14336K)] 30569K->18751K(46080K), 0.0008850 secs] [Times: user=0.00 sys=0.00, real=0.00 secs] 
188.370: Total time for which application threads were stopped: 0.0586450 seconds, Stopping threads took: 0.0576730 seconds
188.456: Application time: 0.0859580 seconds
188.524: [GC [PSYoungGen: 14070K->531K(14336K)] 31444K->17905K(46080K), 0.0004330 secs] [Times: user=0.00 sys=0.00, real=0.00 secs] 
188.525: Total time for which application threads were stopped: 0.0691480 seconds, Stopping threads took: 0.0686440 seconds
188.600: Application time: 0.0756050 seconds
188.650: [GC [PSYoungGen: 13331K->320K(14336K)] 30705K->17710K(46080K), 0.0005520 secs] [Times: user=0.00 sys=0.00, real=0.00 secs] 
188.651: Total time for which application threads were stopped: 0.0501640 seconds, Stopping threads took: 0.0495120 seconds
188.724: Application time: 0.0731870 seconds
188.759: [GC [PSYoungGen: 13062K->1474K(14336K)] 30452K->20622K(46080K), 0.0012040 secs] [Times: user=0.01 sys=0.00, real=0.01 secs] 
188.760: Total time for which application threads were stopped: 0.0363520 seconds, Stopping threads took: 0.0350450 seconds
188.845: Application time: 0.0847890 seconds
188.913: [GC [PSYoungGen: 14089K->758K(14336K)] 33238K->19907K(46080K), 0.0005330 secs] [Times: user=0.00 sys=0.00, real=0.00 secs] 
188.914: Total time for which application threads were stopped: 0.0688840 seconds, Stopping threads took: 0.0682820 seconds
188.991: Application time: 0.0771480 seconds
189.050: [GC [PSYoungGen: 13550K->563K(14336K)] 32698K->19719K(46080K), 0.0004830 secs] [Times: user=0.00 sys=0.00, real=0.00 secs] 
189.051: Total time for which application threads were stopped: 0.0594610 seconds, Stopping threads took: 0.0589100 seconds
189.126: Application time: 0.0759000 seconds
189.189: [GC [PSYoungGen: 13276K->368K(14336K)] 32432K->19524K(46080K), 0.0004710 secs] [Times: user=0.00 sys=0.00, real=0.00 secs] 
189.189: Total time for which application threads were stopped: 0.0630140 seconds, Stopping threads took: 0.0624600 seconds
189.263: Application time: 0.0733810 seconds
189.299: [GC [PSYoungGen: 13061K->1133K(14336K)] 32218K->20297K(46080K), 0.0006180 secs] [Times: user=0.01 sys=0.00, real=0.01 secs] 
189.299: Total time for which application threads were stopped: 0.0366250 seconds, Stopping threads took: 0.0359290 seconds
189.390: Application time: 0.0906350 seconds
189.448: [GC [PSYoungGen: 13651K->742K(14336K)] 32815K->19915K(46080K), 0.0004910 secs] [Times: user=0.01 sys=0.00, real=0.00 secs] 
189.449: Total time for which application threads were stopped: 0.0588910 seconds, Stopping threads took: 0.0583280 seconds
189.527: Application time: 0.0777170 seconds
189.582: [GC [PSYoungGen: 13455K->531K(14336K)] 32628K->19703K(46080K), 0.0005910 secs] [Times: user=0.00 sys=0.00, real=0.00 secs] 
189.583: Total time for which application threads were stopped: 0.0558410 seconds, Stopping threads took: 0.0551630 seconds
189.658: Application time: 0.0752990 seconds
189.718: [GC [PSYoungGen: 13322K->320K(14336K)] 32495K->19492K(46080K), 0.0004530 secs] [Times: user=0.00 sys=0.00, real=0.00 secs] 
189.719: Total time for which application threads were stopped: 0.0610000 seconds, Stopping threads took: 0.0604590 seconds
189.793: Application time: 0.0737690 seconds
189.827: [GC [PSYoungGen: 13013K->1069K(14336K)] 32186K->20241K(46080K), 0.0006530 secs] [Times: user=0.00 sys=0.00, real=0.00 secs] 
189.829: Total time for which application threads were stopped: 0.0363240 seconds, Stopping threads took: 0.0346710 seconds
189.905: Application time: 0.0765670 seconds
189.966: [GC [PSYoungGen: 13860K->986K(14336K)] 33033K->20166K(46080K), 0.0006210 secs] [Times: user=0.01 sys=0.00, real=0.00 secs] 
189.966: Total time for which application threads were stopped: 0.0609070 seconds, Stopping threads took: 0.0601950 seconds
190.056: Application time: 0.0898910 seconds
190.121: [GC [PSYoungGen: 13699K->694K(14336K)] 32879K->19883K(46080K), 0.0005950 secs] [Times: user=0.00 sys=0.00, real=0.00 secs] 
190.122: Total time for which application threads were stopped: 0.0652750 seconds, Stopping threads took: 0.0646080 seconds
190.199: Application time: 0.0769450 seconds
190.260: [GC [PSYoungGen: 13368K->320K(14336K)] 32557K->19516K(46080K), 0.0004150 secs] [Times: user=0.00 sys=0.00, real=0.00 secs] 
190.261: Total time for which application threads were stopped: 0.0620590 seconds, Stopping threads took: 0.0615720 seconds
190.335: Application time: 0.0741030 seconds
190.369: [GC [PSYoungGen: 13013K->1149K(14336K)] 32210K->20345K(46080K), 0.0007500 secs] [Times: user=0.01 sys=0.00, real=0.00 secs] 
190.370: Total time for which application threads were stopped: 0.0354840 seconds, Stopping threads took: 0.0346520 seconds
190.459: Application time: 0.0884600 seconds
190.508: [GC [PSYoungGen: 13764K->1524K(14336K)] 32961K->21119K(46080K), 0.0013220 secs] [Times: user=0.00 sys=0.00, real=0.00 secs] 
190.509: Total time for which application threads were stopped: 0.0504890 seconds, Stopping threads took: 0.0490790 seconds
190.586: Application time: 0.0771920 seconds
190.650: [GC [PSYoungGen: 14217K->563K(14336K)] 33812K->20174K(46080K), 0.0006030 secs] [Times: user=0.00 sys=0.00, real=0.00 secs] 
190.650: Total time for which application threads were stopped: 0.0638480 seconds, Stopping threads took: 0.0631550 seconds
190.725: Application time: 0.0752590 seconds
190.785: [GC [PSYoungGen: 13276K->320K(14336K)] 32887K->19947K(46080K), 0.0004170 secs] [Times: user=0.00 sys=0.00, real=0.00 secs] 
190.785: Total time for which application threads were stopped: 0.0598650 seconds, Stopping threads took: 0.0593730 seconds
190.859: Application time: 0.0736830 seconds
190.893: [GC [PSYoungGen: 13013K->1149K(14336K)] 32640K->20776K(46080K), 0.0005910 secs] [Times: user=0.00 sys=0.00, real=0.00 secs] 
190.893: Total time for which application threads were stopped: 0.0343270 seconds, Stopping threads took: 0.0336620 seconds
190.992: Application time: 0.0988490 seconds
191.049: [GC [PSYoungGen: 13940K->986K(14336K)] 33567K->20621K(46080K), 0.0005310 secs] [Times: user=0.01 sys=0.00, real=0.00 secs] 
191.050: Total time for which application threads were stopped: 0.0573600 seconds, Stopping threads took: 0.0567610 seconds
191.138: Application time: 0.0888930 seconds
191.197: [GC [PSYoungGen: 13601K->1376K(14336K)] 33236K->21402K(46080K), 0.0008760 secs] [Times: user=0.00 sys=0.00, real=0.00 secs] 
191.198: Total time for which application threads were stopped: 0.0597210 seconds, Stopping threads took: 0.0587530 seconds
191.277: Application time: 0.0787040 seconds
191.336: [GC [PSYoungGen: 14089K->1524K(14336K)] 34115K->21557K(46080K), 0.0009740 secs] [Times: user=0.01 sys=0.00, real=0.00 secs] 
191.337: Total time for which application threads were stopped: 0.0596440 seconds, Stopping threads took: 0.0585780 seconds
191.413: Application time: 0.0764080 seconds
191.475: [GC [PSYoungGen: 14237K->1344K(14336K)] 34270K->21378K(46080K), 0.0009680 secs] [Times: user=0.01 sys=0.00, real=0.00 secs] 
191.476: Total time for which application threads were stopped: 0.0635440 seconds, Stopping threads took: 0.0624900 seconds
191.555: Application time: 0.0787150 seconds
191.616: [GC [PSYoungGen: 14097K->938K(14336K)] 34130K->20971K(46080K), 0.0005750 secs] [Times: user=0.01 sys=0.00, real=0.00 secs] 
191.617: Total time for which application threads were stopped: 0.0614700 seconds, Stopping threads took: 0.0608270 seconds
191.694: Application time: 0.0775340 seconds
191.748: [GC [PSYoungGen: 13612K->595K(14336K)] 33645K->20637K(46080K), 0.0005260 secs] [Times: user=0.01 sys=0.00, real=0.00 secs] 
191.749: Total time for which application threads were stopped: 0.0546690 seconds, Stopping threads took: 0.0540700 seconds
191.825: Application time: 0.0758180 seconds
191.887: [GC [PSYoungGen: 13308K->336K(14336K)] 33350K->20385K(46080K), 0.0005850 secs] [Times: user=0.00 sys=0.00, real=0.00 secs] 
191.888: Total time for which application threads were stopped: 0.0632720 seconds, Stopping threads took: 0.0626140 seconds
191.964: Application time: 0.0759580 seconds
192.011: [GC [PSYoungGen: 13029K->1133K(14336K)] 33079K->21191K(46080K), 0.0006160 secs] [Times: user=0.00 sys=0.00, real=0.00 secs] 
192.012: Total time for which application threads were stopped: 0.0480000 seconds, Stopping threads took: 0.0473070 seconds
192.102: Application time: 0.0896110 seconds
192.166: [GC [PSYoungGen: 13651K->742K(14336K)] 33708K->20800K(46080K), 0.0005130 secs] [Times: user=0.00 sys=0.00, real=0.00 secs] 
192.167: Total time for which application threads were stopped: 0.0649800 seconds, Stopping threads took: 0.0643790 seconds
192.249: Application time: 0.0819990 seconds
192.301: [GC [PSYoungGen: 13358K->1344K(14336K)] 33415K->21605K(46080K), 0.0007640 secs] [Times: user=0.00 sys=0.00, real=0.00 secs] 
192.302: Total time for which application threads were stopped: 0.0533370 seconds, Stopping threads took: 0.0524830 seconds
192.379: Application time: 0.0772440 seconds
192.443: [GC [PSYoungGen: 14018K->1197K(14336K)] 34279K->21466K(46080K), 0.0006350 secs] [Times: user=0.00 sys=0.00, real=0.00 secs] 
192.443: Total time for which application threads were stopped: 0.0641150 seconds, Stopping threads took: 0.0633910 seconds
192.518: Application time: 0.0750390 seconds
192.554: [GC [PSYoungGen: 13812K->1376K(14336K)] 34081K->22231K(46080K), 0.0009240 secs] [Times: user=0.01 sys=0.00, real=0.00 secs] 
192.555: Total time for which application threads were stopped: 0.0367700 seconds, Stopping threads took: 0.0357480 seconds
192.632: Application time: 0.0771580 seconds
192.701: [GC [PSYoungGen: 13991K->563K(14336K)] 34846K->21426K(46080K), 0.0004540 secs] [Times: user=0.00 sys=0.00, real=0.00 secs] 
192.701: Total time for which application threads were stopped: 0.0688370 seconds, Stopping threads took: 0.0683110 seconds
192.778: Application time: 0.0765740 seconds
192.838: [GC [PSYoungGen: 13276K->320K(14336K)] 34139K->21183K(46080K), 0.0004410 secs] [Times: user=0.00 sys=0.00, real=0.00 secs] 
192.838: Total time for which application threads were stopped: 0.0605280 seconds, Stopping threads took: 0.0600190 seconds
192.912: Application time: 0.0738430 seconds
192.947: [GC [PSYoungGen: 13013K->1133K(14336K)] 33876K->22004K(46080K), 0.0007330 secs] [Times: user=0.00 sys=0.00, real=0.00 secs] 
192.947: Total time for which application threads were stopped: 0.0353560 seconds, Stopping threads took: 0.0345220 seconds
193.025: Application time: 0.0774930 seconds
193.077: [GC [PSYoungGen: 13807K->758K(14336K)] 34678K->21637K(46080K), 0.0004930 secs] [Times: user=0.00 sys=0.00, real=0.00 secs] 
193.077: Total time for which application threads were stopped: 0.0524870 seconds, Stopping threads took: 0.0519230 seconds
193.153: Application time: 0.0754790 seconds
193.213: [GC [PSYoungGen: 13432K->336K(14336K)] 34311K->21215K(46080K), 0.0005010 secs] [Times: user=0.01 sys=0.00, real=0.00 secs] 
193.214: Total time for which application threads were stopped: 0.0611710 seconds, Stopping threads took: 0.0606020 seconds
193.288: Application time: 0.0735850 seconds
193.323: [GC [PSYoungGen: 12951K->1149K(14336K)] 33830K->22028K(46080K), 0.0005720 secs] [Times: user=0.00 sys=0.00, real=0.00 secs] 
193.324: Total time for which application threads were stopped: 0.0361450 seconds, Stopping threads took: 0.0354990 seconds
193.415: Application time: 0.0914760 seconds
193.469: [GC [PSYoungGen: 13764K->1392K(14336K)] 34643K->22857K(46080K), 0.0008560 secs] [Times: user=0.00 sys=0.00, real=0.00 secs] 
193.470: Total time for which application threads were stopped: 0.0545670 seconds, Stopping threads took: 0.0536100 seconds
193.547: Application time: 0.0771490 seconds
193.615: [GC [PSYoungGen: 14007K->499K(14336K)] 35472K->21980K(46080K), 0.0005250 secs] [Times: user=0.00 sys=0.00, real=0.00 secs] 
193.616: Total time for which application threads were stopped: 0.0686820 seconds, Stopping threads took: 0.0680940 seconds
193.689: Application time: 0.0735100 seconds
193.723: [GC [PSYoungGen: 13271K->1360K(14336K)] 34752K->22849K(46080K), 0.0007000 secs] [Times: user=0.00 sys=0.00, real=0.00 secs] 
193.724: Total time for which application threads were stopped: 0.0348650 seconds, Stopping threads took: 0.0340940 seconds
193.802: Application time: 0.0778680 seconds
193.861: [GC [PSYoungGen: 14152K->1165K(14336K)] 35641K->22654K(46080K), 0.0006040 secs] [Times: user=0.00 sys=0.00, real=0.00 secs] 
193.862: Total time for which application threads were stopped: 0.0602270 seconds, Stopping threads took: 0.0595540 seconds
193.938: Application time: 0.0755440 seconds
194.001: [GC [PSYoungGen: 13878K->986K(14336K)] 35367K->22482K(46080K), 0.0005450 secs] [Times: user=0.00 sys=0.00, real=0.00 secs] 
194.001: Total time for which application threads were stopped: 0.0637160 seconds, Stopping threads took: 0.0630910 seconds
194.078: Application time: 0.0764990 seconds
194.132: [GC [PSYoungGen: 13699K->726K(14336K)] 35196K->22223K(46080K), 0.0005670 secs] [Times: user=0.00 sys=0.00, real=0.00 secs] 
194.133: Total time for which application threads were stopped: 0.0549420 seconds, Stopping threads took: 0.0543070 seconds
194.208: Application time: 0.0748940 seconds
194.256: [GC [PSYoungGen: 13493K->1508K(14336K)] 34990K->24208K(46080K), 0.0010770 secs] [Times: user=0.01 sys=0.00, real=0.00 secs] 
194.257: Total time for which application threads were stopped: 0.0494590 seconds, Stopping threads took: 0.0483140 seconds
194.335: Application time: 0.0779930 seconds
194.403: [GC [PSYoungGen: 14147K->1328K(14336K)] 36848K->24037K(46080K), 0.0006930 secs] [Times: user=0.01 sys=0.00, real=0.00 secs] 
194.404: Total time for which application threads were stopped: 0.0685290 seconds, Stopping threads took: 0.0677660 seconds
194.493: Application time: 0.0895420 seconds
194.556: [GC [PSYoungGen: 13807K->742K(14336K)] 36516K->23451K(46080K), 0.0004670 secs] [Times: user=0.00 sys=0.00, real=0.00 secs] 
194.557: Total time for which application threads were stopped: 0.0635450 seconds, Stopping threads took: 0.0630020 seconds
194.632: Application time: 0.0748330 seconds
194.693: [GC [PSYoungGen: 13416K->352K(14336K)] 36125K->23060K(46080K), 0.0005020 secs] [Times: user=0.00 sys=0.00, real=0.00 secs] 
194.694: Total time for which application threads were stopped: 0.0623820 seconds, Stopping threads took: 0.0618150 seconds
194.768: Application time: 0.0738320 seconds
194.802: [GC [PSYoungGen: 12967K->1458K(14336K)] 35676K->24948K(46080K), 0.0009130 secs] [Times: user=0.00 sys=0.00, real=0.00 secs] 
194.803: Total time for which application threads were stopped: 0.0353900 seconds, Stopping threads took: 0.0344040 seconds
194.889: Application time: 0.0858700 seconds
194.957: [GC [PSYoungGen: 13976K->742K(14336K)] 37466K->24240K(46080K), 0.0005210 secs] [Times: user=0.00 sys=0.00, real=0.00 secs] 
194.959: Total time for which application threads were stopped: 0.0694740 seconds, Stopping threads took: 0.0678450 seconds
195.044: Application time: 0.0854270 seconds
195.108: [GC [PSYoungGen: 13534K->547K(14336K)] 37032K->24053K(46080K), 0.0005120 secs] [Times: user=0.00 sys=0.00, real=0.00 secs] 
195.108: Total time for which application threads were stopped: 0.0640620 seconds, Stopping threads took: 0.0634740 seconds
195.184: Application time: 0.0758890 seconds
195.245: [GC [PSYoungGen: 13338K->352K(14336K)] 36845K->23866K(46080K), 0.0004580 secs] [Times: user=0.00 sys=0.00, real=0.00 secs] 
195.246: Total time for which application threads were stopped: 0.0619860 seconds, Stopping threads took: 0.0614390 seconds
195.320: Application time: 0.0739090 seconds
195.357: [GC [PSYoungGen: 13045K->1149K(14336K)] 36560K->24663K(46080K), 0.0007070 secs] [Times: user=0.00 sys=0.00, real=0.00 secs] 
195.357: Total time for which application threads were stopped: 0.0375820 seconds, Stopping threads took: 0.0367820 seconds
195.435: Application time: 0.0775240 seconds
195.497: [GC [PSYoungGen: 13667K->742K(14336K)] 37181K->24256K(46080K), 0.0005120 secs] [Times: user=0.00 sys=0.00, real=0.00 secs] 
195.497: Total time for which application threads were stopped: 0.0620830 seconds, Stopping threads took: 0.0615050 seconds
195.573: Application time: 0.0755430 seconds
195.606: [GC [PSYoungGen: 13455K->1522K(14336K)] 36970K->27380K(46080K), 0.0014040 secs] [Times: user=0.01 sys=0.00, real=0.00 secs] 
195.607: Total time for which application threads were stopped: 0.0347820 seconds, Stopping threads took: 0.0332930 seconds
195.684: Application time: 0.0764520 seconds
195.753: [GC [PSYoungGen: 14137K->1392K(14336K)] 39995K->27258K(46080K), 0.0006690 secs] [Times: user=0.00 sys=0.00, real=0.00 secs] 
195.753: Total time for which application threads were stopped: 0.0695460 seconds, Stopping threads took: 0.0687990 seconds
195.830: Application time: 0.0761710 seconds
195.890: [GC [PSYoungGen: 14183K->1117K(14336K)] 40049K->26999K(46080K), 0.0005780 secs] [Times: user=0.01 sys=0.00, real=0.00 secs] 
195.891: Total time for which application threads were stopped: 0.0611610 seconds, Stopping threads took: 0.0605100 seconds
195.967: Application time: 0.0766750 seconds
196.029: [GC [PSYoungGen: 13869K->742K(14336K)] 39751K->26624K(46080K), 0.0007080 secs] [Times: user=0.00 sys=0.00, real=0.00 secs] 
196.029: Total time for which application threads were stopped: 0.0619950 seconds, Stopping threads took: 0.0612060 seconds
196.108: Application time: 0.0786640 seconds
196.162: [GC [PSYoungGen: 13436K->1426K(14336K)] 39318K->28480K(46080K), 0.0012580 secs] [Times: user=0.01 sys=0.00, real=0.00 secs] 
196.164: Total time for which application threads were stopped: 0.0554520 seconds, Stopping threads took: 0.0540980 seconds
196.241: Application time: 0.0770190 seconds
196.305: [GC [PSYoungGen: 14139K->1360K(14336K)] 41193K->28430K(46080K), 0.0009400 secs] [Times: user=0.01 sys=0.00, real=0.00 secs] 
196.306: Total time for which application threads were stopped: 0.0653260 seconds, Stopping threads took: 0.0642820 seconds
196.385: Application time: 0.0789990 seconds
196.445: [GC [PSYoungGen: 14152K->1101K(14336K)] 41222K->28171K(46080K), 0.0006900 secs] [Times: user=0.00 sys=0.00, real=0.00 secs] 
196.446: Total time for which application threads were stopped: 0.0606690 seconds, Stopping threads took: 0.0598870 seconds
196.526: Application time: 0.0805590 seconds
196.596: [GC [PSYoungGen: 13619K->742K(14336K)] 40689K->27820K(46080K), 0.0006090 secs] [Times: user=0.01 sys=0.00, real=0.00 secs] 
196.596: Total time for which application threads were stopped: 0.0702410 seconds, Stopping threads took: 0.0695590 seconds
196.672: Application time: 0.0756430 seconds
196.707: [GC [PSYoungGen: 13358K->1392K(14336K)] 40436K->28674K(46080K), 0.0007010 secs] [Times: user=0.00 sys=0.00, real=0.00 secs] 
196.708: Total time for which application threads were stopped: 0.0356270 seconds, Stopping threads took: 0.0348520 seconds
196.782: Application time: 0.0748670 seconds
196.833: [GC [PSYoungGen: 14183K->1328K(14336K)] 41465K->28610K(46080K), 0.0006910 secs] [Times: user=0.01 sys=0.00, real=0.00 secs] 
196.834: Total time for which application threads were stopped: 0.0516810 seconds, Stopping threads took: 0.0509070 seconds
196.909: Application time: 0.0751270 seconds
196.956: [GC [PSYoungGen: 14119K->1474K(14336K)] 41401K->29537K(46080K), 0.0009650 secs] [Times: user=0.01 sys=0.00, real=0.00 secs] 
196.957: Total time for which application threads were stopped: 0.0474770 seconds, Stopping threads took: 0.0464150 seconds
197.033: Application time: 0.0758480 seconds
197.094: [GC [PSYoungGen: 14089K->1392K(14336K)] 42152K->30049K(46080K), 0.0008200 secs] [Times: user=0.00 sys=0.00, real=0.00 secs] 
197.095: Total time for which application threads were stopped: 0.0622480 seconds, Stopping threads took: 0.0613530 seconds
197.171: Application time: 0.0759010 seconds
197.236: [GC [PSYoungGen: 14007K->547K(14336K)] 42664K->29220K(46080K), 0.0005510 secs] [Times: user=0.00 sys=0.00, real=0.00 secs] 
197.236: Total time for which application threads were stopped: 0.0656000 seconds, Stopping threads took: 0.0649750 seconds
197.311: Application time: 0.0745750 seconds
197.346: [GC [PSYoungGen: 13202K->1149K(14336K)] 41874K->29830K(46080K), 0.0005880 secs] [Times: user=0.00 sys=0.00, real=0.00 secs] 
197.347: Total time for which application threads were stopped: 0.0359140 seconds, Stopping threads took: 0.0352520 seconds
197.437: Application time: 0.0903100 seconds
197.496: [GC [PSYoungGen: 13667K->774K(14336K)] 42347K->29455K(46080K), 0.0005640 secs] [Times: user=0.01 sys=0.00, real=0.00 secs] 
197.496: Total time for which application threads were stopped: 0.0590060 seconds, Stopping threads took: 0.0583790 seconds
197.572: Application time: 0.0759470 seconds
197.636: [GC [PSYoungGen: 13546K->1165K(14336K)] 42227K->30236K(46080K), 0.0007640 secs] [Times: user=0.00 sys=0.00, real=0.00 secs] 
197.637: Total time for which application threads were stopped: 0.0646330 seconds, Stopping threads took: 0.0637960 seconds
197.722: Application time: 0.0853690 seconds
197.785: [GC [PSYoungGen: 13956K->1344K(14336K)] 43027K->30415K(46080K), 0.0008300 secs] [Times: user=0.01 sys=0.00, real=0.00 secs] 
197.786: Total time for which application threads were stopped: 0.0639000 seconds, Stopping threads took: 0.0629780 seconds
197.863: Application time: 0.0768480 seconds
197.925: [GC [PSYoungGen: 14057K->1133K(14336K)] 43129K->30212K(46080K), 0.0006300 secs] [Times: user=0.00 sys=0.00, real=0.00 secs] 
197.925: Total time for which application threads were stopped: 0.0625630 seconds, Stopping threads took: 0.0618240 seconds
198.017: Application time: 0.0911180 seconds
198.071: [GC [PSYoungGen: 13846K->986K(14336K)] 42925K->30073K(46080K), 0.0007320 secs] [Times: user=0.01 sys=0.00, real=0.01 secs] 
198.071: Total time for which application threads were stopped: 0.0546810 seconds, Stopping threads took: 0.0538800 seconds
198.156: Application time: 0.0850700 seconds
198.220: [GC [PSYoungGen: 13777K->774K(14336K)] 42864K->29869K(46080K), 0.0009000 secs] [Times: user=0.01 sys=0.00, real=0.00 secs] 
198.220: Total time for which application threads were stopped: 0.0640850 seconds, Stopping threads took: 0.0631050 seconds
198.303: Application time: 0.0820890 seconds
198.344: [GC [PSYoungGen: 13487K->1507K(14336K)] 42583K->31791K(46080K), 0.0010610 secs] [Times: user=0.00 sys=0.00, real=0.00 secs] 
198.346: Total time for which application threads were stopped: 0.0430030 seconds, Stopping threads took: 0.0418420 seconds
198.424: Application time: 0.0781190 seconds
198.491: [GC [PSYoungGen: 14220K->336K(14336K)] 44504K->30627K(46080K), 0.0006700 secs] [Times: user=0.00 sys=0.00, real=0.00 secs] 
198.492: Total time for which application threads were stopped: 0.0682140 seconds, Stopping threads took: 0.0674670 seconds
198.565: Application time: 0.0733500 seconds
198.600: [GC [PSYoungGen: 13029K->1490K(14336K)] 43320K->32562K(46080K), 0.0009900 secs] [Times: user=0.01 sys=0.00, real=0.00 secs] 
198.601: [Full GC [PSYoungGen: 1490K->0K(14336K)] [ParOldGen: 31072K->3613K(31744K)] 32562K->3613K(46080K) [PSPermGen: 5149K->5149K(21504K)], 0.0051280 secs] [Times: user=0.02 sys=0.00, real=0.00 secs] 
198.606: Total time for which application threads were stopped: 0.0408770 seconds, Stopping threads took: 0.0346150 seconds
198.684: Application time: 0.0782520 seconds
198.746: [GC [PSYoungGen: 12615K->1527K(14336K)] 16228K->5336K(46080K), 0.0007300 secs] [Times: user=0.00 sys=0.00, real=0.00 secs] 
198.747: Total time for which application threads were stopped: 0.0627420 seconds, Stopping threads took: 0.0619380 seconds
198.825: Application time: 0.0777660 seconds
198.888: [GC [PSYoungGen: 14173K->1363K(14336K)] 17981K->5172K(46080K), 0.0006070 secs] [Times: user=0.01 sys=0.00, real=0.00 secs] 
198.888: Total time for which application threads were stopped: 0.0635640 seconds, Stopping threads took: 0.0628660 seconds
198.964: Application time: 0.0755870 seconds
198.997: [GC [PSYoungGen: 14144K->1527K(14336K)] 17953K->7006K(46080K), 0.0010870 secs] [Times: user=0.01 sys=0.00, real=0.00 secs] 
198.998: Total time for which application threads were stopped: 0.0340350 seconds, Stopping threads took: 0.0328660 seconds
199.076: Application time: 0.0781290 seconds
199.143: [GC [PSYoungGen: 14142K->1427K(14336K)] 19621K->7298K(46080K), 0.0010110 secs] [Times: user=0.00 sys=0.00, real=0.00 secs] 
199.144: Total time for which application threads were stopped: 0.0674910 seconds, Stopping threads took: 0.0663850 seconds
199.228: Application time: 0.0845350 seconds
199.296: [GC [PSYoungGen: 14121K->435K(14336K)] 19991K->6305K(46080K), 0.0006240 secs] [Times: user=0.00 sys=0.00, real=0.00 secs] 
199.297: Total time for which application threads were stopped: 0.0685470 seconds, Stopping threads took: 0.0678320 seconds
199.372: Application time: 0.0751630 seconds
199.435: [GC [PSYoungGen: 13148K->208K(14336K)] 19018K->6078K(46080K), 0.0004470 secs] [Times: user=0.00 sys=0.00, real=0.00 secs] 
199.436: Total time for which application threads were stopped: 0.0639830 seconds, Stopping threads took: 0.0634480 seconds
199.509: Application time: 0.0735500 seconds
199.544: [GC [PSYoungGen: 12823K->1005K(14336K)] 18693K->6875K(46080K), 0.0005310 secs] [Times: user=0.00 sys=0.00, real=0.00 secs] 
199.544: Total time for which application threads were stopped: 0.0349900 seconds, Stopping threads took: 0.0343800 seconds
199.620: Application time: 0.0752730 seconds
199.684: [GC [PSYoungGen: 13718K->841K(14336K)] 19588K->6712K(46080K), 0.0005080 secs] [Times: user=0.00 sys=0.00, real=0.00 secs] 
199.685: Total time for which application threads were stopped: 0.0651510 seconds, Stopping threads took: 0.0645690 seconds
199.773: Application time: 0.0878150 seconds
199.839: [GC [PSYoungGen: 13633K->646K(14336K)] 19503K->6516K(46080K), 0.0007250 secs] [Times: user=0.00 sys=0.00, real=0.01 secs] 
199.840: Total time for which application threads were stopped: 0.0669090 seconds, Stopping threads took: 0.0661170 seconds
199.916: Application time: 0.0761540 seconds
199.978: [GC [PSYoungGen: 13359K->467K(14336K)] 19229K->6337K(46080K), 0.0005080 secs] [Times: user=0.01 sys=0.00, real=0.01 secs] 
199.980: Total time for which application threads were stopped: 0.0638900 seconds, Stopping threads took: 0.0623290 seconds
200.053: Application time: 0.0736810 seconds
200.088: [GC [PSYoungGen: 13239K->1248K(14336K)] 19109K->7118K(46080K), 0.0006540 secs] [Times: user=0.00 sys=0.00, real=0.00 secs] 
200.088: Total time for which application threads were stopped: 0.0349520 seconds, Stopping threads took: 0.0342010 seconds
200.166: Application time: 0.0772730 seconds
200.226: [GC [PSYoungGen: 13961K->1037K(14336K)] 19831K->6907K(46080K), 0.0008470 secs] [Times: user=0.01 sys=0.00, real=0.00 secs] 
200.227: Total time for which application threads were stopped: 0.0610520 seconds, Stopping threads took: 0.0601090 seconds
200.305: Application time: 0.0782070 seconds
200.357: [GC [PSYoungGen: 13711K->662K(14336K)] 19581K->6532K(46080K), 0.0004990 secs] [Times: user=0.00 sys=0.00, real=0.00 secs] 
200.358: Total time for which application threads were stopped: 0.0531450 seconds, Stopping threads took: 0.0525550 seconds
200.435: Application time: 0.0765330 seconds
200.494: [GC [PSYoungGen: 13454K->531K(14336K)] 19324K->6401K(46080K), 0.0006270 secs] [Times: user=0.00 sys=0.00, real=0.00 secs] 
200.495: Total time for which application threads were stopped: 0.0602580 seconds, Stopping threads took: 0.0595460 seconds
200.568: Application time: 0.0735070 seconds
200.604: [GC [PSYoungGen: 13303K->1344K(14336K)] 19173K->7214K(46080K), 0.0007240 secs] [Times: user=0.00 sys=0.00, real=0.00 secs] 
200.604: Total time for which application threads were stopped: 0.0359490 seconds, Stopping threads took: 0.0351230 seconds
200.680: Application time: 0.0756140 seconds
200.713: [GC [PSYoungGen: 13960K->1344K(14336K)] 19830K->8012K(46080K), 0.0008010 secs] [Times: user=0.01 sys=0.00, real=0.00 secs] 
200.714: Total time for which application threads were stopped: 0.0338870 seconds, Stopping threads took: 0.0330190 seconds
200.790: Application time: 0.0764620 seconds
200.859: [GC [PSYoungGen: 13959K->774K(14336K)] 20627K->7458K(46080K), 0.0006550 secs] [Times: user=0.00 sys=0.00, real=0.00 secs] 
200.860: Total time for which application threads were stopped: 0.0695160 seconds, Stopping threads took: 0.0687700 seconds
200.945: Application time: 0.0847710 seconds
200.996: [GC [PSYoungGen: 13390K->1181K(14336K)] 20073K->8287K(46080K), 0.0006960 secs] [Times: user=0.00 sys=0.00, real=0.00 secs] 
200.997: Total time for which application threads were stopped: 0.0521510 seconds, Stopping threads took: 0.0513780 seconds
201.074: Application time: 0.0771520 seconds
201.136: [GC [PSYoungGen: 13894K->1312K(14336K)] 21000K->8418K(46080K), 0.0008530 secs] [Times: user=0.00 sys=0.00, real=0.00 secs] 
201.136: Total time for which application threads were stopped: 0.0626510 seconds, Stopping threads took: 0.0617190 seconds
201.215: Application time: 0.0788060 seconds
201.266: [GC [PSYoungGen: 14103K->1117K(14336K)] 21210K->8239K(46080K), 0.0008430 secs] [Times: user=0.00 sys=0.00, real=0.00 secs] 
201.267: Total time for which application threads were stopped: 0.0513890 seconds, Stopping threads took: 0.0504620 seconds
201.343: Application time: 0.0767140 seconds
201.405: [GC [PSYoungGen: 13713K->742K(14336K)] 20835K->7864K(46080K), 0.0005510 secs] [Times: user=0.00 sys=0.00, real=0.00 secs] 
201.406: Total time for which application threads were stopped: 0.0621380 seconds, Stopping threads took: 0.0615040 seconds
201.486: Application time: 0.0808280 seconds
201.550: [GC [PSYoungGen: 13455K->563K(14336K)] 20577K->7685K(46080K), 0.0006640 secs] [Times: user=0.00 sys=0.00, real=0.00 secs] 
201.551: Total time for which application threads were stopped: 0.0644100 seconds, Stopping threads took: 0.0636580 seconds
201.627: Application time: 0.0761570 seconds
201.680: [GC [PSYoungGen: 13354K->368K(14336K)] 20476K->7498K(46080K), 0.0004290 secs] [Times: user=0.00 sys=0.00, real=0.00 secs] 
201.681: Total time for which application threads were stopped: 0.0537860 seconds, Stopping threads took: 0.0532590 seconds
201.754: Application time: 0.0731460 seconds
201.788: [GC [PSYoungGen: 13061K->1392K(14336K)] 20191K->10484K(46080K), 0.0011360 secs] [Times: user=0.01 sys=0.00, real=0.00 secs] 
201.790: Total time for which application threads were stopped: 0.0356790 seconds, Stopping threads took: 0.0344680 seconds
201.868: Application time: 0.0782490 seconds
201.935: [GC [PSYoungGen: 13988K->774K(14336K)] 23080K->9866K(46080K), 0.0004640 secs] [Times: user=0.00 sys=0.00, real=0.00 secs] 
201.936: Total time for which application threads were stopped: 0.0680780 seconds, Stopping threads took: 0.0675480 seconds
202.012: Application time: 0.0757720 seconds
202.075: [GC [PSYoungGen: 13449K->1378K(14336K)] 22540K->10493K(46080K), 0.0008060 secs] [Times: user=0.00 sys=0.00, real=0.00 secs] 
202.076: Total time for which application threads were stopped: 0.0638570 seconds, Stopping threads took: 0.0629740 seconds
202.152: Application time: 0.0760850 seconds
202.209: [GC [PSYoungGen: 14072K->1149K(14336K)] 23187K->10264K(46080K), 0.0006320 secs] [Times: user=0.00 sys=0.00, real=0.00 secs] 
202.210: Total time for which application threads were stopped: 0.0581140 seconds, Stopping threads took: 0.0574020 seconds
202.296: Application time: 0.0867540 seconds
202.343: [GC [PSYoungGen: 13764K->1344K(14336K)] 22880K->11053K(46080K), 0.0009180 secs] [Times: user=0.00 sys=0.00, real=0.00 secs] 
202.344: Total time for which application threads were stopped: 0.0472620 seconds, Stopping threads took: 0.0462480 seconds
202.422: Application time: 0.0781170 seconds
202.484: [GC [PSYoungGen: 14057K->1376K(14336K)] 23767K->11484K(46080K), 0.0007860 secs] [Times: user=0.00 sys=0.00, real=0.00 secs] 
202.484: Total time for which application threads were stopped: 0.0624670 seconds, Stopping threads took: 0.0615900 seconds
202.561: Application time: 0.0768320 seconds
202.610: [GC [PSYoungGen: 14070K->1458K(14336K)] 24178K->11582K(46080K), 0.0006780 secs] [Times: user=0.00 sys=0.00, real=0.00 secs] 
202.611: Total time for which application threads were stopped: 0.0494940 seconds, Stopping threads took: 0.0487430 seconds
202.687: Application time: 0.0760830 seconds
202.734: [GC [PSYoungGen: 14152K->1165K(14336K)] 24276K->11289K(46080K), 0.0005550 secs] [Times: user=0.01 sys=0.00, real=0.00 secs] 
202.735: Total time for which application threads were stopped: 0.0481670 seconds, Stopping threads took: 0.0475350 seconds
202.824: Application time: 0.0895550 seconds
202.879: [GC [PSYoungGen: 13780K->1165K(14336K)] 23904K->12070K(46080K), 0.0007830 secs] [Times: user=0.01 sys=0.00, real=0.01 secs] 
202.879: Total time for which application threads were stopped: 0.0548810 seconds, Stopping threads took: 0.0540200 seconds
202.963: Application time: 0.0832580 seconds
203.029: [GC [PSYoungGen: 13780K->563K(14336K)] 24686K->11468K(46080K), 0.0005210 secs] [Times: user=0.01 sys=0.00, real=0.00 secs] 
203.029: Total time for which application threads were stopped: 0.0668740 seconds, Stopping threads took: 0.0662640 seconds
203.105: Application time: 0.0760060 seconds
203.156: [GC [PSYoungGen: 13354K->336K(14336K)] 24260K->11241K(46080K), 0.0004560 secs] [Times: user=0.00 sys=0.00, real=0.00 secs] 
203.156: Total time for which application threads were stopped: 0.0504960 seconds, Stopping threads took: 0.0499440 seconds
203.232: Application time: 0.0761770 seconds
203.273: [GC [PSYoungGen: 13108K->1181K(14336K)] 24013K->12094K(46080K), 0.0007300 secs] [Times: user=0.00 sys=0.00, real=0.00 secs] 
203.273: Total time for which application threads were stopped: 0.0412410 seconds, Stopping threads took: 0.0404060 seconds
203.355: Application time: 0.0815350 seconds
203.425: [GC [PSYoungGen: 13972K->986K(14336K)] 24886K->11907K(46080K), 0.0005940 secs] [Times: user=0.00 sys=0.00, real=0.00 secs] 
203.426: Total time for which application threads were stopped: 0.0706130 seconds, Stopping threads took: 0.0699270 seconds
203.508: Application time: 0.0822320 seconds
203.567: [GC [PSYoungGen: 13699K->710K(14336K)] 24620K->11631K(46080K), 0.0007470 secs] [Times: user=0.00 sys=0.00, real=0.00 secs] 
203.568: Total time for which application threads were stopped: 0.0603820 seconds, Stopping threads took: 0.0595430 seconds
203.651: Application time: 0.0829130 seconds
203.716: [GC [PSYoungGen: 13501K->515K(14336K)] 24423K->11444K(46080K), 0.0004820 secs] [Times: user=0.00 sys=0.00, real=0.00 secs] 
203.717: Total time for which application threads were stopped: 0.0655490 seconds, Stopping threads took: 0.0649760 seconds
203.799: Application time: 0.0822920 seconds
203.865: [GC [PSYoungGen: 13306K->368K(14336K)] 24235K->11305K(46080K), 0.0006880 secs] [Times: user=0.00 sys=0.00, real=0.00 secs] 
203.865: Total time for which application threads were stopped: 0.0663240 seconds, Stopping threads took: 0.0655570 seconds
203.946: Application time: 0.0803470 seconds
203.984: [GC [PSYoungGen: 13061K->1474K(14336K)] 23998K->13200K(46080K), 0.0009630 secs] [Times: user=0.01 sys=0.00, real=0.00 secs] 
203.985: Total time for which application threads were stopped: 0.0395960 seconds, Stopping threads took: 0.0385340 seconds
204.069: Application time: 0.0838310 seconds
204.140: [GC [PSYoungGen: 14187K->954K(14336K)] 25913K->12688K(46080K), 0.0007230 secs] [Times: user=0.00 sys=0.00, real=0.00 secs] 
204.141: Total time for which application threads were stopped: 0.0721510 seconds, Stopping threads took: 0.0713360 seconds
204.224: Application time: 0.0827150 seconds
204.283: [GC [PSYoungGen: 13745K->790K(14336K)] 25479K->12533K(46080K), 0.0004760 secs] [Times: user=0.00 sys=0.00, real=0.00 secs] 
204.283: Total time for which application threads were stopped: 0.0593990 seconds, Stopping threads took: 0.0588510 seconds
204.366: Application time: 0.0827090 seconds
204.431: [GC [PSYoungGen: 13503K->579K(14336K)] 25246K->12321K(46080K), 0.0005180 secs] [Times: user=0.00 sys=0.00, real=0.00 secs] 
204.432: Total time for which application threads were stopped: 0.0659720 seconds, Stopping threads took: 0.0653680 seconds
204.514: Application time: 0.0820840 seconds
204.580: [GC [PSYoungGen: 13292K->352K(14336K)] 25035K->12094K(46080K), 0.0005890 secs] [Times: user=0.00 sys=0.00, real=0.00 secs] 
204.581: Total time for which application threads were stopped: 0.0669440 seconds, Stopping threads took: 0.0662820 seconds
204.661: Application time: 0.0804150 seconds
204.699: [GC [PSYoungGen: 13043K->1085K(14336K)] 24786K->12835K(46080K), 0.0006420 secs] [Times: user=0.00 sys=0.00, real=0.00 secs] 
204.700: Total time for which application threads were stopped: 0.0386370 seconds, Stopping threads took: 0.0379160 seconds
204.783: Application time: 0.0827610 seconds
204.840: [GC [PSYoungGen: 13837K->774K(14336K)] 25588K->12533K(46080K), 0.0006670 secs] [Times: user=0.00 sys=0.00, real=0.00 secs] 
204.841: Total time for which application threads were stopped: 0.0578110 seconds, Stopping threads took: 0.0570710 seconds
204.930: Application time: 0.0888110 seconds
204.966: [GC [PSYoungGen: 13487K->1392K(14336K)] 25246K->14518K(46080K), 0.0010800 secs] [Times: user=0.01 sys=0.00, real=0.00 secs] 
204.967: Total time for which application threads were stopped: 0.0378960 seconds, Stopping threads took: 0.0367040 seconds
205.050: Application time: 0.0822800 seconds
205.121: [GC [PSYoungGen: 14183K->1426K(14336K)] 27309K->14552K(46080K), 0.0008420 secs] [Times: user=0.00 sys=0.00, real=0.00 secs] 
205.122: Total time for which application threads were stopped: 0.0720300 seconds, Stopping threads took: 0.0710860 seconds
205.204: Application time: 0.0821120 seconds
205.263: [GC [PSYoungGen: 14041K->1133K(14336K)] 27167K->14267K(46080K), 0.0006700 secs] [Times: user=0.01 sys=0.00, real=0.00 secs] 
205.264: Total time for which application threads were stopped: 0.0596880 seconds, Stopping threads took: 0.0589440 seconds
205.358: Application time: 0.0949360 seconds
205.427: [GC [PSYoungGen: 13729K->758K(14336K)] 26862K->13900K(46080K), 0.0007360 secs] [Times: user=0.00 sys=0.01, real=0.00 secs] 
205.428: Total time for which application threads were stopped: 0.0691830 seconds, Stopping threads took: 0.0683500 seconds
205.511: Application time: 0.0830600 seconds
205.564: [GC [PSYoungGen: 13550K->515K(14336K)] 26691K->13665K(46080K), 0.0004600 secs] [Times: user=0.01 sys=0.00, real=0.00 secs] 
205.564: Total time for which application threads were stopped: 0.0537010 seconds, Stopping threads took: 0.0531610 seconds
205.647: Application time: 0.0830350 seconds
205.715: [GC [PSYoungGen: 13306K->288K(14336K)] 26456K->13437K(46080K), 0.0005300 secs] [Times: user=0.01 sys=0.00, real=0.00 secs] 
205.715: Total time for which application threads were stopped: 0.0679030 seconds, Stopping threads took: 0.0672970 seconds
205.796: Application time: 0.0804200 seconds
205.834: [GC [PSYoungGen: 12903K->1458K(14336K)] 26053K->15397K(46080K), 0.0009180 secs] [Times: user=0.00 sys=0.00, real=0.00 secs] 
205.834: Total time for which application threads were stopped: 0.0386910 seconds, Stopping threads took: 0.0377000 seconds
205.918: Application time: 0.0834680 seconds
205.989: [GC [PSYoungGen: 13976K->726K(14336K)] 27915K->14673K(46080K), 0.0006070 secs] [Times: user=0.00 sys=0.00, real=0.00 secs] 
205.989: Total time for which application threads were stopped: 0.0714490 seconds, Stopping threads took: 0.0707640 seconds
206.072: Application time: 0.0822270 seconds
206.140: [GC [PSYoungGen: 13517K->547K(14336K)] 27465K->14502K(46080K), 0.0006910 secs] [Times: user=0.00 sys=0.00, real=0.00 secs] 
206.141: Total time for which application threads were stopped: 0.0692160 seconds, Stopping threads took: 0.0684250 seconds
206.222: Application time: 0.0807540 seconds
206.260: [GC [PSYoungGen: 13162K->1490K(14336K)] 27117K->16422K(46080K), 0.0010020 secs] [Times: user=0.01 sys=0.00, real=0.00 secs] 
206.261: Total time for which application threads were stopped: 0.0395970 seconds, Stopping threads took: 0.0384940 seconds
206.343: Application time: 0.0816390 seconds
206.409: [GC [PSYoungGen: 14281K->1474K(14336K)] 29213K->17195K(46080K), 0.0009870 secs] [Times: user=0.00 sys=0.00, real=0.00 secs] 
206.410: Total time for which application threads were stopped: 0.0668830 seconds, Stopping threads took: 0.0658170 seconds
206.498: Application time: 0.0881410 seconds
206.571: [GC [PSYoungGen: 14148K->790K(14336K)] 29869K->16511K(46080K), 0.0005830 secs] [Times: user=0.00 sys=0.00, real=0.00 secs] 
206.572: Total time for which application threads were stopped: 0.0740020 seconds, Stopping threads took: 0.0733280 seconds
206.655: Application time: 0.0830060 seconds
206.720: [GC [PSYoungGen: 13503K->515K(14336K)] 29224K->16236K(46080K), 0.0005260 secs] [Times: user=0.00 sys=0.00, real=0.00 secs] 
206.720: Total time for which application threads were stopped: 0.0653550 seconds, Stopping threads took: 0.0647480 seconds
206.802: Application time: 0.0821750 seconds
206.868: [GC [PSYoungGen: 13314K->272K(14336K)] 29035K->16001K(46080K), 0.0007160 secs] [Times: user=0.00 sys=0.00, real=0.00 secs] 
206.869: Total time for which application threads were stopped: 0.0662280 seconds, Stopping threads took: 0.0654440 seconds
206.948: Application time: 0.0798420 seconds
206.987: [GC [PSYoungGen: 12955K->1392K(14336K)] 28684K->19082K(46080K), 0.0011410 secs] [Times: user=0.01 sys=0.00, real=0.00 secs] 
206.988: Total time for which application threads were stopped: 0.0393650 seconds, Stopping threads took: 0.0381260 seconds
207.070: Application time: 0.0824770 seconds
207.136: [GC [PSYoungGen: 14066K->1360K(14336K)] 31756K->20613K(46080K), 0.0012800 secs] [Times: user=0.01 sys=0.00, real=0.00 secs] 
207.137: Total time for which application threads were stopped: 0.0671120 seconds, Stopping threads took: 0.0657330 seconds
207.219: Application time: 0.0815170 seconds
207.288: [GC [PSYoungGen: 13975K->1165K(14336K)] 33228K->20816K(46080K), 0.0009660 secs] [Times: user=0.00 sys=0.00, real=0.00 secs] 
207.289: Total time for which application threads were stopped: 0.0702390 seconds, Stopping threads took: 0.0691720 seconds
207.364: Application time: 0.0753170 seconds
207.428: [GC [PSYoungGen: 13878K->1376K(14336K)] 33529K->21028K(46080K), 0.0009320 secs] [Times: user=0.00 sys=0.00, real=0.00 secs] 
207.429: Total time for which application threads were stopped: 0.0648810 seconds, Stopping threads took: 0.0638730 seconds
207.505: Application time: 0.0760260 seconds
207.566: [GC [PSYoungGen: 14089K->1149K(14336K)] 33740K->20808K(46080K), 0.0006990 secs] [Times: user=0.01 sys=0.00, real=0.00 secs] 
207.567: Total time for which application threads were stopped: 0.0613770 seconds, Stopping threads took: 0.0605840 seconds
207.660: Application time: 0.0927510 seconds
207.725: [GC [PSYoungGen: 13745K->774K(14336K)] 33404K->20442K(46080K), 0.0005740 secs] [Times: user=0.00 sys=0.00, real=0.00 secs] 
207.726: Total time for which application threads were stopped: 0.0665200 seconds, Stopping threads took: 0.0658750 seconds
207.810: Application time: 0.0841680 seconds
207.860: [GC [PSYoungGen: 13390K->1376K(14336K)] 33057K->21247K(46080K), 0.0008110 secs] [Times: user=0.01 sys=0.00, real=0.00 secs] 
207.861: Total time for which application threads were stopped: 0.0508670 seconds, Stopping threads took: 0.0499710 seconds
207.939: Application time: 0.0778100 seconds
208.000: [GC [PSYoungGen: 14089K->1280K(14336K)] 33960K->21151K(46080K), 0.0006590 secs] [Times: user=0.00 sys=0.00, real=0.00 secs] 
208.001: Total time for which application threads were stopped: 0.0617110 seconds, Stopping threads took: 0.0609800 seconds
208.079: Application time: 0.0779610 seconds
208.138: [GC [PSYoungGen: 13759K->694K(14336K)] 33630K->20565K(46080K), 0.0005330 secs] [Times: user=0.00 sys=0.00, real=0.00 secs] 
208.138: Total time for which application threads were stopped: 0.0598560 seconds, Stopping threads took: 0.0592530 seconds
208.214: Application time: 0.0756600 seconds
208.265: [GC [PSYoungGen: 13486K->579K(14336K)] 33356K->20458K(46080K), 0.0005310 secs] [Times: user=0.00 sys=0.00, real=0.00 secs] 
208.265: Total time for which application threads were stopped: 0.0512000 seconds, Stopping threads took: 0.0505860 seconds
208.342: Application time: 0.0768560 seconds
208.395: [GC [PSYoungGen: 13292K->352K(14336K)] 33171K->20230K(46080K), 0.0004210 secs] [Times: user=0.00 sys=0.00, real=0.00 secs] 
208.395: Total time for which application threads were stopped: 0.0528120 seconds, Stopping threads took: 0.0523200 seconds
208.469: Application time: 0.0736540 seconds
208.504: [GC [PSYoungGen: 13123K->1149K(14336K)] 33002K->21036K(46080K), 0.0006970 secs] [Times: user=0.00 sys=0.00, real=0.00 secs] 
208.505: Total time for which application threads were stopped: 0.0361030 seconds, Stopping threads took: 0.0353310 seconds
208.584: Application time: 0.0790650 seconds
208.645: [GC [PSYoungGen: 13823K->790K(14336K)] 33710K->20685K(46080K), 0.0009120 secs] [Times: user=0.00 sys=0.00, real=0.00 secs] 
208.646: Total time for which application threads were stopped: 0.0618610 seconds, Stopping threads took: 0.0608820 seconds
208.720: Application time: 0.0745340 seconds
208.753: [GC [PSYoungGen: 13503K->1376K(14336K)] 33398K->22638K(46080K), 0.0010360 secs] [Times: user=0.01 sys=0.00, real=0.00 secs] 
208.755: Total time for which application threads were stopped: 0.0342740 seconds, Stopping threads took: 0.0331680 seconds
208.832: Application time: 0.0772050 seconds
208.893: [GC [PSYoungGen: 14069K->1474K(14336K)] 35332K->23720K(46080K), 0.0008700 secs] [Times: user=0.00 sys=0.00, real=0.00 secs] 
208.894: Total time for which application threads were stopped: 0.0618320 seconds, Stopping threads took: 0.0608890 seconds
208.971: Application time: 0.0775130 seconds
209.036: [GC [PSYoungGen: 14187K->1117K(14336K)] 36433K->23372K(46080K), 0.0006490 secs] [Times: user=0.00 sys=0.00, real=0.00 secs] 
209.037: Total time for which application threads were stopped: 0.0654580 seconds, Stopping threads took: 0.0647320 seconds
209.114: Application time: 0.0774760 seconds
209.173: [GC [PSYoungGen: 13634K->758K(14336K)] 35889K->23021K(46080K), 0.0005410 secs] [Times: user=0.00 sys=0.00, real=0.00 secs] 
209.174: Total time for which application threads were stopped: 0.0598500 seconds, Stopping threads took: 0.0592170 seconds
209.254: Application time: 0.0799900 seconds
209.317: [GC [PSYoungGen: 13549K->547K(14336K)] 35812K->22810K(46080K), 0.0007030 secs] [Times: user=0.00 sys=0.00, real=0.00 secs] 
209.318: Total time for which application threads were stopped: 0.0638630 seconds, Stopping threads took: 0.0630730 seconds
209.394: Application time: 0.0761260 seconds
209.447: [GC [PSYoungGen: 13338K->304K(14336K)] 35601K->22566K(46080K), 0.0006270 secs] [Times: user=0.01 sys=0.00, real=0.00 secs] 
209.447: Total time for which application threads were stopped: 0.0535270 seconds, Stopping threads took: 0.0528220 seconds
209.521: Application time: 0.0732630 seconds
209.555: [GC [PSYoungGen: 12997K->1490K(14336K)] 35260K->24534K(46080K), 0.0008930 secs] [Times: user=0.00 sys=0.00, real=0.00 secs] 
209.556: Total time for which application threads were stopped: 0.0351090 seconds, Stopping threads took: 0.0341320 seconds
209.642: Application time: 0.0866220 seconds
209.709: [GC [PSYoungGen: 14008K->774K(14336K)] 37052K->23834K(46080K), 0.0006750 secs] [Times: user=0.01 sys=0.00, real=0.00 secs] 
209.709: Total time for which application threads were stopped: 0.0670160 seconds, Stopping threads took: 0.0662510 seconds
209.784: Application time: 0.0747620 seconds
209.819: [GC [PSYoungGen: 13565K->1392K(14336K)] 36625K->25819K(46080K), 0.0009630 secs] [Times: user=0.01 sys=0.00, real=0.00 secs] 
209.820: Total time for which application threads were stopped: 0.0358510 seconds, Stopping threads took: 0.0348180 seconds
209.898: Application time: 0.0781970 seconds
209.966: [GC [PSYoungGen: 14105K->320K(14336K)] 38532K->24747K(46080K), 0.0004490 secs] [Times: user=0.00 sys=0.00, real=0.00 secs] 
209.967: Total time for which application threads were stopped: 0.0686290 seconds, Stopping threads took: 0.0681100 seconds
210.041: Application time: 0.0740020 seconds
210.076: [GC [PSYoungGen: 13013K->1181K(14336K)] 37441K->25616K(46080K), 0.0005960 secs] [Times: user=0.00 sys=0.00, real=0.00 secs] 
210.076: Total time for which application threads were stopped: 0.0354660 seconds, Stopping threads took: 0.0347920 seconds
210.153: Application time: 0.0763280 seconds
210.214: [GC [PSYoungGen: 13933K->774K(14336K)] 38368K->25217K(46080K), 0.0005060 secs] [Times: user=0.00 sys=0.00, real=0.00 secs] 
210.216: Total time for which application threads were stopped: 0.0630750 seconds, Stopping threads took: 0.0615400 seconds
210.292: Application time: 0.0765380 seconds
210.350: [GC [PSYoungGen: 13487K->595K(14336K)] 37931K->25038K(46080K), 0.0004910 secs] [Times: user=0.00 sys=0.00, real=0.00 secs] 
210.350: Total time for which application threads were stopped: 0.0577870 seconds, Stopping threads took: 0.0572300 seconds
210.425: Application time: 0.0752220 seconds
210.488: [GC [PSYoungGen: 13308K->320K(14336K)] 37751K->24771K(46080K), 0.0006350 secs] [Times: user=0.00 sys=0.00, real=0.00 secs] 
210.489: Total time for which application threads were stopped: 0.0635670 seconds, Stopping threads took: 0.0628420 seconds
210.563: Application time: 0.0739950 seconds
210.599: [GC [PSYoungGen: 13013K->1181K(14336K)] 37465K->25640K(46080K), 0.0008530 secs] [Times: user=0.00 sys=0.00, real=0.00 secs] 
210.600: Total time for which application threads were stopped: 0.0372660 seconds, Stopping threads took: 0.0363140 seconds
210.677: Application time: 0.0773250 seconds
210.731: [GC [PSYoungGen: 13699K->758K(14336K)] 38158K->25217K(46080K), 0.0005670 secs] [Times: user=0.00 sys=0.00, real=0.00 secs] 
210.732: Total time for which application threads were stopped: 0.0542100 seconds, Stopping threads took: 0.0535680 seconds
210.820: Application time: 0.0878750 seconds
210.881: [GC [PSYoungGen: 13471K->579K(14336K)] 37931K->25046K(46080K), 0.0005510 secs] [Times: user=0.00 sys=0.00, real=0.00 secs] 
210.881: Total time for which application threads were stopped: 0.0617400 seconds, Stopping threads took: 0.0611230 seconds
210.962: Application time: 0.0805180 seconds
211.027: [GC [PSYoungGen: 13273K->1312K(14336K)] 37740K->25779K(46080K), 0.0006320 secs] [Times: user=0.00 sys=0.00, real=0.00 secs] 
211.027: Total time for which application threads were stopped: 0.0654570 seconds, Stopping threads took: 0.0647580 seconds
211.102: Application time: 0.0746700 seconds
211.145: [GC [PSYoungGen: 13927K->1392K(14336K)] 38395K->26641K(46080K), 0.0009490 secs] [Times: user=0.01 sys=0.00, real=0.00 secs] 
211.146: Total time for which application threads were stopped: 0.0442430 seconds, Stopping threads took: 0.0432070 seconds
211.224: Application time: 0.0781780 seconds
211.294: [GC [PSYoungGen: 14066K->1392K(14336K)] 39315K->27039K(46080K), 0.0008920 secs] [Times: user=0.01 sys=0.00, real=0.00 secs] 
211.295: Total time for which application threads were stopped: 0.0706160 seconds, Stopping threads took: 0.0696180 seconds
211.377: Application time: 0.0820230 seconds
211.444: [GC [PSYoungGen: 14105K->1376K(14336K)] 39752K->27227K(46080K), 0.0009300 secs] [Times: user=0.01 sys=0.00, real=0.00 secs] 
211.445: Total time for which application threads were stopped: 0.0675040 seconds, Stopping threads took: 0.0664790 seconds
211.527: Application time: 0.0820690 seconds
211.575: [GC [PSYoungGen: 14129K->1524K(14336K)] 39979K->29204K(46080K), 0.0012900 secs] [Times: user=0.01 sys=0.00, real=0.00 secs] 
211.577: Total time for which application threads were stopped: 0.0499630 seconds, Stopping threads took: 0.0485770 seconds
211.662: Application time: 0.0853210 seconds
211.738: [GC [PSYoungGen: 14236K->906K(14336K)] 41917K->28586K(46080K), 0.0006130 secs] [Times: user=0.00 sys=0.00, real=0.00 secs] 
211.738: Total time for which application threads were stopped: 0.0762870 seconds, Stopping threads took: 0.0755690 seconds
211.820: Application time: 0.0822230 seconds
211.875: [GC [PSYoungGen: 13697K->662K(14336K)] 41377K->28351K(46080K), 0.0005360 secs] [Times: user=0.00 sys=0.00, real=0.00 secs] 
211.876: Total time for which application threads were stopped: 0.0556490 seconds, Stopping threads took: 0.0550410 seconds
211.965: Application time: 0.0885600 seconds
212.036: [GC [PSYoungGen: 13453K->483K(14336K)] 41142K->28171K(46080K), 0.0005560 secs] [Times: user=0.00 sys=0.00, real=0.00 secs] 
212.036: Total time for which application threads were stopped: 0.0716170 seconds, Stopping threads took: 0.0709780 seconds
212.118: Application time: 0.0821920 seconds
212.176: [GC [PSYoungGen: 13196K->288K(14336K)] 40884K->27984K(46080K), 0.0005430 secs] [Times: user=0.00 sys=0.00, real=0.00 secs] 
212.177: Total time for which application threads were stopped: 0.0581220 seconds, Stopping threads took: 0.0575040 seconds
212.257: Application time: 0.0801730 seconds
212.296: [GC [PSYoungGen: 13001K->1458K(14336K)] 40697K->31116K(46080K), 0.0012250 secs] [Times: user=0.01 sys=0.00, real=0.00 secs] 
212.297: Total time for which application threads were stopped: 0.0405810 seconds, Stopping threads took: 0.0392640 seconds
212.380: Application time: 0.0826010 seconds
212.452: [GC [PSYoungGen: 13956K->1394K(14336K)] 43614K->31442K(46080K), 0.0007850 secs] [Times: user=0.01 sys=0.00, real=0.00 secs] 
212.453: [Full GC [PSYoungGen: 1394K->0K(14336K)] [ParOldGen: 30048K->3228K(31744K)] 31442K->3228K(46080K) [PSPermGen: 5151K->5151K(21504K)], 0.0057750 secs] [Times: user=0.02 sys=0.00, real=0.00 secs] 
212.458: Total time for which application threads were stopped: 0.0785610 seconds, Stopping threads took: 0.0718790 seconds
212.543: Application time: 0.0844890 seconds
212.619: [GC [PSYoungGen: 12713K->1461K(14336K)] 15941K->4689K(46080K), 0.0007940 secs] [Times: user=0.01 sys=0.00, real=0.00 secs] 
212.620: Total time for which application threads were stopped: 0.0772500 seconds, Stopping threads took: 0.0763860 seconds
212.708: Application time: 0.0882000 seconds
212.779: [GC [PSYoungGen: 14155K->1200K(14336K)] 17383K->4428K(46080K), 0.0005860 secs] [Times: user=0.00 sys=0.00, real=0.01 secs] 
212.779: Total time for which application threads were stopped: 0.0708990 seconds, Stopping threads took: 0.0702180 seconds
212.862: Application time: 0.0824910 seconds
212.901: [GC [PSYoungGen: 13991K->1525K(14336K)] 17220K->5339K(46080K), 0.0008640 secs] [Times: user=0.00 sys=0.00, real=0.00 secs] 
212.901: Total time for which application threads were stopped: 0.0396580 seconds, Stopping threads took: 0.0386940 seconds
212.984: Application time: 0.0829440 seconds
213.060: [GC [PSYoungGen: 14238K->841K(14336K)] 18052K->4656K(46080K), 0.0004950 secs] [Times: user=0.00 sys=0.00, real=0.00 secs] 
213.060: Total time for which application threads were stopped: 0.0758320 seconds, Stopping threads took: 0.0752680 seconds
213.149: Application time: 0.0892360 seconds
213.218: [GC [PSYoungGen: 13496K->1443K(14336K)] 17310K->5258K(46080K), 0.0007130 secs] [Times: user=0.00 sys=0.00, real=0.01 secs] 
213.219: Total time for which application threads were stopped: 0.0695670 seconds, Stopping threads took: 0.0687620 seconds
213.301: Application time: 0.0817740 seconds
213.371: [GC [PSYoungGen: 14157K->1296K(14336K)] 17971K->5110K(46080K), 0.0008420 secs] [Times: user=0.00 sys=0.00, real=0.00 secs] 
213.372: Total time for which application threads were stopped: 0.0710230 seconds, Stopping threads took: 0.0700810 seconds
213.455: Application time: 0.0827480 seconds
213.520: [GC [PSYoungGen: 14009K->1053K(14336K)] 17823K->4867K(46080K), 0.0006120 secs] [Times: user=0.00 sys=0.00, real=0.00 secs] 
213.521: Total time for which application threads were stopped: 0.0660200 seconds, Stopping threads took: 0.0653050 seconds
213.604: Application time: 0.0829470 seconds
213.671: [GC [PSYoungGen: 13727K->710K(14336K)] 17541K->4524K(46080K), 0.0006420 secs] [Times: user=0.01 sys=0.00, real=0.01 secs] 
213.671: Total time for which application threads were stopped: 0.0676480 seconds, Stopping threads took: 0.0669330 seconds
213.753: Application time: 0.0819370 seconds
213.812: [GC [PSYoungGen: 13423K->531K(14336K)] 17238K->4345K(46080K), 0.0006910 secs] [Times: user=0.00 sys=0.00, real=0.00 secs] 
213.812: Total time for which application threads were stopped: 0.0590630 seconds, Stopping threads took: 0.0583010 seconds
213.894: Application time: 0.0819000 seconds
213.896: [GC [PSYoungGen: 13244K->1527K(14336K)] 17058K->8439K(46080K), 0.0015760 secs] [Times: user=0.01 sys=0.00, real=0.00 secs] 
213.898: Total time for which application threads were stopped: 0.0037420 seconds, Stopping threads took: 0.0020640 seconds
213.980: Application time: 0.0821500 seconds
214.057: [GC [PSYoungGen: 14240K->1427K(14336K)] 21152K->9121K(46080K), 0.0009560 secs] [Times: user=0.01 sys=0.00, real=0.00 secs] 
214.058: Total time for which application threads were stopped: 0.0780180 seconds, Stopping threads took: 0.0769740 seconds
214.150: Application time: 0.0917420 seconds
214.197: [GC [PSYoungGen: 14219K->1525K(14336K)] 21912K->10781K(46080K), 0.0013190 secs] [Times: user=0.01 sys=0.00, real=0.00 secs] 
214.199: Total time for which application threads were stopped: 0.0489780 seconds, Stopping threads took: 0.0475750 seconds
214.282: Application time: 0.0836080 seconds
214.351: [GC [PSYoungGen: 14316K->1509K(14336K)] 23572K->12141K(46080K), 0.0011380 secs] [Times: user=0.01 sys=0.00, real=0.01 secs] 
214.352: Total time for which application threads were stopped: 0.0696680 seconds, Stopping threads took: 0.0684530 seconds
214.435: Application time: 0.0825100 seconds
214.505: [GC [PSYoungGen: 14203K->1443K(14336K)] 24834K->13247K(46080K), 0.0010680 secs] [Times: user=0.00 sys=0.00, real=0.00 secs] 
214.506: Total time for which application threads were stopped: 0.0716730 seconds, Stopping threads took: 0.0705320 seconds
214.589: Application time: 0.0830810 seconds
214.658: [GC [PSYoungGen: 14215K->1264K(14336K)] 26019K->13068K(46080K), 0.0007220 secs] [Times: user=0.01 sys=0.00, real=0.01 secs] 
214.659: Total time for which application threads were stopped: 0.0697940 seconds, Stopping threads took: 0.0689650 seconds
214.741: Application time: 0.0819150 seconds
214.797: [GC [PSYoungGen: 13977K->1085K(14336K)] 25781K->12912K(46080K), 0.0006550 secs] [Times: user=0.00 sys=0.00, real=0.00 secs] 
214.798: Total time for which application threads were stopped: 0.0567830 seconds, Stopping threads took: 0.0560510 seconds
214.894: Application time: 0.0958420 seconds
214.959: [GC [PSYoungGen: 13681K->1410K(14336K)] 25508K->13644K(46080K), 0.0009840 secs] [Times: user=0.00 sys=0.00, real=0.01 secs] 
214.960: Total time for which application threads were stopped: 0.0660120 seconds, Stopping threads took: 0.0649500 seconds
215.047: Application time: 0.0869940 seconds
215.109: [GC [PSYoungGen: 14201K->1442K(14336K)] 26435K->13879K(46080K), 0.0009830 secs] [Times: user=0.00 sys=0.00, real=0.00 secs] 
215.110: Total time for which application threads were stopped: 0.0628230 seconds, Stopping threads took: 0.0617440 seconds
215.191: Application time: 0.0817910 seconds
215.263: [GC [PSYoungGen: 14135K->1344K(14336K)] 26573K->13782K(46080K), 0.0007510 secs] [Times: user=0.00 sys=0.00, real=0.00 secs] 
215.265: Total time for which application threads were stopped: 0.0735320 seconds, Stopping threads took: 0.0719240 seconds
215.340: Application time: 0.0748600 seconds
215.374: [GC [PSYoungGen: 14057K->1426K(14336K)] 26495K->14669K(46080K), 0.0011110 secs] [Times: user=0.00 sys=0.01, real=0.00 secs] 
215.375: Total time for which application threads were stopped: 0.0357350 seconds, Stopping threads took: 0.0345450 seconds
215.452: Application time: 0.0766670 seconds
215.514: [GC [PSYoungGen: 14119K->1524K(14336K)] 27362K->15157K(46080K), 0.0010070 secs] [Times: user=0.01 sys=0.00, real=0.00 secs] 
215.515: Total time for which application threads were stopped: 0.0625330 seconds, Stopping threads took: 0.0614320 seconds
215.605: Application time: 0.0905280 seconds
215.669: [GC [PSYoungGen: 14139K->563K(14336K)] 27772K->14196K(46080K), 0.0004740 secs] [Times: user=0.00 sys=0.00, real=0.00 secs] 
215.670: Total time for which application threads were stopped: 0.0643590 seconds, Stopping threads took: 0.0638050 seconds
215.745: Application time: 0.0757360 seconds
215.794: [GC [PSYoungGen: 13276K->352K(14336K)] 26909K->13993K(46080K), 0.0006900 secs] [Times: user=0.00 sys=0.00, real=0.00 secs] 
215.795: Total time for which application threads were stopped: 0.0498070 seconds, Stopping threads took: 0.0490190 seconds
215.869: Application time: 0.0736810 seconds
215.905: [GC [PSYoungGen: 12967K->1117K(14336K)] 26608K->14758K(46080K), 0.0005880 secs] [Times: user=0.00 sys=0.00, real=0.00 secs] 
215.905: Total time for which application threads were stopped: 0.0363960 seconds, Stopping threads took: 0.0357410 seconds
215.985: Application time: 0.0797620 seconds
216.043: [GC [PSYoungGen: 13791K->758K(14336K)] 27432K->14400K(46080K), 0.0005880 secs] [Times: user=0.01 sys=0.00, real=0.00 secs] 
216.043: Total time for which application threads were stopped: 0.0584090 seconds, Stopping threads took: 0.0577290 seconds
216.134: Application time: 0.0901610 seconds
216.199: [GC [PSYoungGen: 13432K->320K(14336K)] 27074K->13961K(46080K), 0.0004330 secs] [Times: user=0.00 sys=0.00, real=0.00 secs] 
216.200: Total time for which application threads were stopped: 0.0663540 seconds, Stopping threads took: 0.0658480 seconds
216.274: Application time: 0.0737640 seconds
216.310: [GC [PSYoungGen: 13013K->1149K(14336K)] 26654K->14806K(46080K), 0.0006920 secs] [Times: user=0.00 sys=0.00, real=0.00 secs] 
216.311: Total time for which application threads were stopped: 0.0370620 seconds, Stopping threads took: 0.0362680 seconds
216.387: Application time: 0.0760490 seconds
216.422: [GC [PSYoungGen: 13764K->1360K(14336K)] 27422K->15611K(46080K), 0.0008140 secs] [Times: user=0.00 sys=0.00, real=0.00 secs] 
216.423: Total time for which application threads were stopped: 0.0363290 seconds, Stopping threads took: 0.0354410 seconds
216.501: Application time: 0.0777320 seconds
216.568: [GC [PSYoungGen: 13976K->595K(14336K)] 28227K->14854K(46080K), 0.0005290 secs] [Times: user=0.00 sys=0.00, real=0.00 secs] 
216.569: Total time for which application threads were stopped: 0.0678220 seconds, Stopping threads took: 0.0672210 seconds
216.643: Application time: 0.0744980 seconds
216.677: [GC [PSYoungGen: 13386K->1376K(14336K)] 27645K->16815K(46080K), 0.0009710 secs] [Times: user=0.00 sys=0.00, real=0.00 secs] 
216.678: Total time for which application threads were stopped: 0.0353020 seconds, Stopping threads took: 0.0342570 seconds
216.758: Application time: 0.0793240 seconds
216.825: [GC [PSYoungGen: 14148K->1181K(14336K)] 29587K->16620K(46080K), 0.0006560 secs] [Times: user=0.00 sys=0.00, real=0.00 secs] 
216.826: Total time for which application threads were stopped: 0.0680280 seconds, Stopping threads took: 0.0672930 seconds
216.917: Application time: 0.0910150 seconds
216.982: [GC [PSYoungGen: 13699K->726K(14336K)] 29138K->16173K(46080K), 0.0005810 secs] [Times: user=0.01 sys=0.00, real=0.00 secs] 
216.983: Total time for which application threads were stopped: 0.0658190 seconds, Stopping threads took: 0.0651470 seconds
217.062: Application time: 0.0789530 seconds
217.095: [GC [PSYoungGen: 13439K->1525K(14336K)] 28887K->19225K(46080K), 0.0013170 secs] [Times: user=0.00 sys=0.00, real=0.00 secs] 
217.096: Total time for which application threads were stopped: 0.0348140 seconds, Stopping threads took: 0.0333940 seconds
217.175: Application time: 0.0786510 seconds
217.243: [GC [PSYoungGen: 14238K->256K(14336K)] 31938K->17971K(46080K), 0.0006440 secs] [Times: user=0.00 sys=0.00, real=0.00 secs] 
217.244: Total time for which application threads were stopped: 0.0687020 seconds, Stopping threads took: 0.0679850 seconds
217.317: Application time: 0.0736390 seconds
217.352: [GC [PSYoungGen: 13028K->1053K(14336K)] 30743K->18769K(46080K), 0.0008270 secs] [Times: user=0.00 sys=0.00, real=0.00 secs] 
217.353: Total time for which application threads were stopped: 0.0359210 seconds, Stopping threads took: 0.0350050 seconds
217.436: Application time: 0.0824210 seconds
217.500: [GC [PSYoungGen: 13571K->678K(14336K)] 31287K->18402K(46080K), 0.0008300 secs] [Times: user=0.00 sys=0.00, real=0.00 secs] 
217.501: Total time for which application threads were stopped: 0.0650550 seconds, Stopping threads took: 0.0641370 seconds
217.580: Application time: 0.0792030 seconds
217.649: [GC [PSYoungGen: 13469K->467K(14336K)] 31193K->18191K(46080K), 0.0005000 secs] [Times: user=0.01 sys=0.00, real=0.00 secs] 
217.650: Total time for which application threads were stopped: 0.0697540 seconds, Stopping threads took: 0.0691770 seconds
217.726: Application time: 0.0758730 seconds
217.782: [GC [PSYoungGen: 13258K->272K(14336K)] 30982K->17995K(46080K), 0.0005690 secs] [Times: user=0.01 sys=0.00, real=0.00 secs] 
217.783: Total time for which application threads were stopped: 0.0572610 seconds, Stopping threads took: 0.0566000 seconds
217.856: Application time: 0.0734620 seconds
217.892: [GC [PSYoungGen: 12985K->1508K(14336K)] 30709K->20013K(46080K), 0.0009990 secs] [Times: user=0.00 sys=0.00, real=0.00 secs] 
217.893: Total time for which application threads were stopped: 0.0362210 seconds, Stopping threads took: 0.0351340 seconds
217.970: Application time: 0.0770520 seconds
218.032: [GC [PSYoungGen: 14299K->1508K(14336K)] 32804K->20615K(46080K), 0.0008540 secs] [Times: user=0.00 sys=0.00, real=0.00 secs] 
218.033: Total time for which application threads were stopped: 0.0636160 seconds, Stopping threads took: 0.0626600 seconds
218.123: Application time: 0.0898580 seconds
218.189: [GC [PSYoungGen: 14279K->758K(14336K)] 33386K->19873K(46080K), 0.0005260 secs] [Times: user=0.00 sys=0.00, real=0.00 secs] 
218.190: Total time for which application threads were stopped: 0.0664150 seconds, Stopping threads took: 0.0658180 seconds
218.265: Application time: 0.0756940 seconds
218.301: [GC [PSYoungGen: 13550K->1376K(14336K)] 32665K->21867K(46080K), 0.0010040 secs] [Times: user=0.01 sys=0.00, real=0.00 secs] 
218.302: Total time for which application threads were stopped: 0.0369970 seconds, Stopping threads took: 0.0359030 seconds
218.379: Application time: 0.0766330 seconds
218.448: [GC [PSYoungGen: 14089K->304K(14336K)] 34580K->20794K(46080K), 0.0004530 secs] [Times: user=0.00 sys=0.00, real=0.00 secs] 
218.448: Total time for which application threads were stopped: 0.0695490 seconds, Stopping threads took: 0.0689980 seconds
218.522: Application time: 0.0734380 seconds
218.557: [GC [PSYoungGen: 12919K->1392K(14336K)] 33409K->23836K(46080K), 0.0012060 secs] [Times: user=0.01 sys=0.01, real=0.00 secs] 
218.558: Total time for which application threads were stopped: 0.0363470 seconds, Stopping threads took: 0.0350630 seconds
218.635: Application time: 0.0769100 seconds
218.704: [GC [PSYoungGen: 14183K->986K(14336K)] 36627K->23437K(46080K), 0.0005500 secs] [Times: user=0.00 sys=0.00, real=0.00 secs] 
218.705: Total time for which application threads were stopped: 0.0695560 seconds, Stopping threads took: 0.0689330 seconds
218.792: Application time: 0.0870500 seconds
218.846: [GC [PSYoungGen: 13777K->1442K(14336K)] 36229K->24292K(46080K), 0.0007830 secs] [Times: user=0.01 sys=0.00, real=0.00 secs] 
218.847: Total time for which application threads were stopped: 0.0551760 seconds, Stopping threads took: 0.0542970 seconds
218.924: Application time: 0.0768950 seconds
218.989: [GC [PSYoungGen: 14155K->547K(14336K)] 37005K->23397K(46080K), 0.0006100 secs] [Times: user=0.00 sys=0.00, real=0.00 secs] 
218.989: Total time for which application threads were stopped: 0.0653090 seconds, Stopping threads took: 0.0646000 seconds
219.064: Application time: 0.0750040 seconds
219.099: [GC [PSYoungGen: 13319K->1328K(14336K)] 36169K->24179K(46080K), 0.0006670 secs] [Times: user=0.00 sys=0.00, real=0.01 secs] 
219.099: Total time for which application threads were stopped: 0.0352310 seconds, Stopping threads took: 0.0344870 seconds
219.175: Application time: 0.0760480 seconds
219.238: [GC [PSYoungGen: 14120K->1181K(14336K)] 36970K->24031K(46080K), 0.0009370 secs] [Times: user=0.00 sys=0.00, real=0.01 secs] 
219.239: Total time for which application threads were stopped: 0.0635730 seconds, Stopping threads took: 0.0625550 seconds
219.326: Application time: 0.0867660 seconds
219.395: [GC [PSYoungGen: 13699K->774K(14336K)] 36549K->23641K(46080K), 0.0006380 secs] [Times: user=0.00 sys=0.00, real=0.00 secs] 
219.395: Total time for which application threads were stopped: 0.0694920 seconds, Stopping threads took: 0.0687810 seconds
219.480: Application time: 0.0849400 seconds
219.547: [GC [PSYoungGen: 13487K->547K(14336K)] 36354K->23413K(46080K), 0.0005240 secs] [Times: user=0.00 sys=0.00, real=0.00 secs] 
219.547: Total time for which application threads were stopped: 0.0668850 seconds, Stopping threads took: 0.0662790 seconds
219.624: Application time: 0.0769110 seconds
219.686: [GC [PSYoungGen: 13338K->368K(14336K)] 36204K->23242K(46080K), 0.0004190 secs] [Times: user=0.00 sys=0.00, real=0.00 secs] 
219.687: Total time for which application threads were stopped: 0.0627940 seconds, Stopping threads took: 0.0623100 seconds
219.773: Application time: 0.0858250 seconds
219.832: [GC [PSYoungGen: 13140K->1117K(14336K)] 36014K->23999K(46080K), 0.0006060 secs] [Times: user=0.00 sys=0.00, real=0.00 secs] 
219.833: Total time for which application threads were stopped: 0.0602020 seconds, Stopping threads took: 0.0595250 seconds
219.921: Application time: 0.0878680 seconds
219.969: [GC [PSYoungGen: 13732K->1376K(14336K)] 36615K->24845K(46080K), 0.0008900 secs] [Times: user=0.00 sys=0.00, real=0.00 secs] 
219.970: Total time for which application threads were stopped: 0.0489170 seconds, Stopping threads took: 0.0479510 seconds
220.049: Application time: 0.0790030 seconds
220.115: [GC [PSYoungGen: 13992K->547K(14336K)] 37460K->24023K(46080K), 0.0004750 secs] [Times: user=0.00 sys=0.00, real=0.00 secs] 
220.115: Total time for which application threads were stopped: 0.0664930 seconds, Stopping threads took: 0.0659340 seconds
220.191: Application time: 0.0756350 seconds
220.253: [GC [PSYoungGen: 13260K->336K(14336K)] 36736K->23828K(46080K), 0.0004170 secs] [Times: user=0.00 sys=0.00, real=0.00 secs] 
220.253: Total time for which application threads were stopped: 0.0625020 seconds, Stopping threads took: 0.0620150 seconds
220.326: Application time: 0.0732130 seconds
220.361: [GC [PSYoungGen: 13088K->1474K(14336K)] 36580K->26732K(46080K), 0.0011700 secs] [Times: user=0.01 sys=0.00, real=0.00 secs] 
220.362: Total time for which application threads were stopped: 0.0357570 seconds, Stopping threads took: 0.0340810 seconds
220.439: Application time: 0.0772560 seconds
220.506: [GC [PSYoungGen: 14187K->1376K(14336K)] 39445K->27220K(46080K), 0.0008130 secs] [Times: user=0.00 sys=0.00, real=0.00 secs] 
220.507: Total time for which application threads were stopped: 0.0676290 seconds, Stopping threads took: 0.0667370 seconds
220.584: Application time: 0.0766180 seconds
220.650: [GC [PSYoungGen: 14070K->563K(14336K)] 39914K->26407K(46080K), 0.0005100 secs] [Times: user=0.00 sys=0.00, real=0.00 secs] 
220.650: Total time for which application threads were stopped: 0.0666440 seconds, Stopping threads took: 0.0660600 seconds
220.726: Application time: 0.0754010 seconds
220.786: [GC [PSYoungGen: 13354K->352K(14336K)] 39198K->26204K(46080K), 0.0004400 secs] [Times: user=0.00 sys=0.00, real=0.00 secs] 
220.787: Total time for which application threads were stopped: 0.0608570 seconds, Stopping threads took: 0.0603490 seconds
220.860: Application time: 0.0731890 seconds
220.863: [GC [PSYoungGen: 13065K->1524K(14336K)] 38917K->30362K(46080K), 0.0014560 secs] [Times: user=0.01 sys=0.00, real=0.00 secs] 
220.864: Total time for which application threads were stopped: 0.0043100 seconds, Stopping threads took: 0.0027720 seconds
220.942: Application time: 0.0781500 seconds
221.011: [GC [PSYoungGen: 14022K->742K(14336K)] 42860K->29580K(46080K), 0.0005060 secs] [Times: user=0.00 sys=0.00, real=0.01 secs] 
221.011: Total time for which application threads were stopped: 0.0690610 seconds, Stopping threads took: 0.0684770 seconds
221.098: Application time: 0.0863800 seconds
221.165: [GC [PSYoungGen: 13455K->483K(14336K)] 42293K->29329K(46080K), 0.0004740 secs] [Times: user=0.00 sys=0.00, real=0.00 secs] 
221.165: Total time for which application threads were stopped: 0.0673490 seconds, Stopping threads took: 0.0668000 seconds
221.242: Application time: 0.0766410 seconds
221.300: [GC [PSYoungGen: 13274K->288K(14336K)] 42120K->29142K(46080K), 0.0005340 secs] [Times: user=0.00 sys=0.00, real=0.00 secs] 
221.300: Total time for which application threads were stopped: 0.0586830 seconds, Stopping threads took: 0.0580810 seconds
221.374: Application time: 0.0735170 seconds
221.408: [GC [PSYoungGen: 12981K->1117K(14336K)] 41835K->29971K(46080K), 0.0005860 secs] [Times: user=0.01 sys=0.00, real=0.00 secs] 
221.409: Total time for which application threads were stopped: 0.0350740 seconds, Stopping threads took: 0.0344110 seconds
221.496: Application time: 0.0872430 seconds
221.557: [GC [PSYoungGen: 13908K->1458K(14336K)] 42762K->30898K(46080K), 0.0008330 secs] [Times: user=0.01 sys=0.00, real=0.00 secs] 
221.558: Total time for which application threads were stopped: 0.0614760 seconds, Stopping threads took: 0.0605710 seconds
221.635: Application time: 0.0775790 seconds
221.697: [GC [PSYoungGen: 13878K->1376K(14336K)] 43318K->31020K(46080K), 0.0008290 secs] [Times: user=0.01 sys=0.00, real=0.00 secs] 
221.698: Total time for which application threads were stopped: 0.0625240 seconds, Stopping threads took: 0.0616080 seconds
221.776: Application time: 0.0779560 seconds
221.836: [GC [PSYoungGen: 14167K->1344K(14336K)] 43811K->30996K(46080K), 0.0007210 secs] [Times: user=0.00 sys=0.00, real=0.00 secs] 
221.837: Total time for which application threads were stopped: 0.0612920 seconds, Stopping threads took: 0.0604750 seconds
221.912: Application time: 0.0746890 seconds
221.962: [GC [PSYoungGen: 14038K->1376K(14336K)] 43689K->31809K(46080K), 0.0009100 secs] [Times: user=0.01 sys=0.00, real=0.00 secs] 
221.963: [Full GC [PSYoungGen: 1376K->0K(14336K)] [ParOldGen: 30432K->3524K(31744K)] 31809K->3524K(46080K) [PSPermGen: 5151K->5151K(21504K)], 0.0053810 secs] [Times: user=0.02 sys=0.00, real=0.00 secs] 
221.969: Total time for which application threads were stopped: 0.0568050 seconds, Stopping threads took: 0.0503950 seconds
222.045: Application time: 0.0766960 seconds
222.113: [GC [PSYoungGen: 12615K->646K(14336K)] 16139K->4171K(46080K), 0.0004680 secs] [Times: user=0.00 sys=0.00, real=0.00 secs] 
222.114: Total time for which application threads were stopped: 0.0682910 seconds, Stopping threads took: 0.0677570 seconds
222.189: Application time: 0.0758700 seconds
222.252: [GC [PSYoungGen: 13437K->355K(14336K)] 16962K->3880K(46080K), 0.0004040 secs] [Times: user=0.00 sys=0.00, real=0.00 secs] 
222.252: Total time for which application threads were stopped: 0.0629420 seconds, Stopping threads took: 0.0624550 seconds
222.329: Application time: 0.0761980 seconds
222.389: [GC [PSYoungGen: 13146K->176K(14336K)] 16671K->3700K(46080K), 0.0003730 secs] [Times: user=0.00 sys=0.00, real=0.00 secs] 
222.390: Total time for which application threads were stopped: 0.0610490 seconds, Stopping threads took: 0.0606080 seconds
222.463: Application time: 0.0737450 seconds
222.498: [GC [PSYoungGen: 12791K->1493K(14336K)] 16316K->5604K(46080K), 0.0008470 secs] [Times: user=0.01 sys=0.00, real=0.00 secs] 
222.498: Total time for which application threads were stopped: 0.0349970 seconds, Stopping threads took: 0.0340730 seconds
222.581: Application time: 0.0825630 seconds
222.650: [GC [PSYoungGen: 14167K->630K(14336K)] 18278K->4741K(46080K), 0.0005570 secs] [Times: user=0.00 sys=0.00, real=0.00 secs] 
222.651: Total time for which application threads were stopped: 0.0694870 seconds, Stopping threads took: 0.0688390 seconds
222.727: Application time: 0.0764580 seconds
222.779: [GC [PSYoungGen: 13422K->467K(14336K)] 17532K->4578K(46080K), 0.0004620 secs] [Times: user=0.00 sys=0.00, real=0.01 secs] 
222.779: Total time for which application threads were stopped: 0.0523730 seconds, Stopping threads took: 0.0518340 seconds
222.855: Application time: 0.0760280 seconds
222.917: [GC [PSYoungGen: 13258K->256K(14336K)] 17369K->4366K(46080K), 0.0004350 secs] [Times: user=0.00 sys=0.00, real=0.00 secs] 
222.918: Total time for which application threads were stopped: 0.0625760 seconds, Stopping threads took: 0.0620750 seconds
222.991: Application time: 0.0731920 seconds
223.027: [GC [PSYoungGen: 12871K->1101K(14336K)] 16982K->5212K(46080K), 0.0006150 secs] [Times: user=0.01 sys=0.00, real=0.00 secs] 
223.027: Total time for which application threads were stopped: 0.0360530 seconds, Stopping threads took: 0.0353430 seconds
223.114: Application time: 0.0865190 seconds
223.168: [GC [PSYoungGen: 13619K->726K(14336K)] 17729K->4837K(46080K), 0.0004750 secs] [Times: user=0.00 sys=0.00, real=0.00 secs] 
223.168: Total time for which application threads were stopped: 0.0547180 seconds, Stopping threads took: 0.0541750 seconds
223.253: Application time: 0.0847640 seconds
223.315: [GC [PSYoungGen: 13517K->531K(14336K)] 17628K->4642K(46080K), 0.0005450 secs] [Times: user=0.00 sys=0.00, real=0.00 secs] 
223.315: Total time for which application threads were stopped: 0.0620290 seconds, Stopping threads took: 0.0613800 seconds
223.392: Application time: 0.0769090 seconds
223.446: [GC [PSYoungGen: 13146K->1394K(14336K)] 17257K->6481K(46080K), 0.0010230 secs] [Times: user=0.01 sys=0.00, real=0.00 secs] 
223.447: Total time for which application threads were stopped: 0.0548480 seconds, Stopping threads took: 0.0537430 seconds
223.524: Application time: 0.0765490 seconds
223.588: [GC [PSYoungGen: 14185K->1394K(14336K)] 19272K->7262K(46080K), 0.0008790 secs] [Times: user=0.00 sys=0.00, real=0.00 secs] 
223.588: Total time for which application threads were stopped: 0.0649350 seconds, Stopping threads took: 0.0639860 seconds
223.664: Application time: 0.0755650 seconds
223.723: [GC [PSYoungGen: 13990K->694K(14336K)] 19858K->6563K(46080K), 0.0005050 secs] [Times: user=0.00 sys=0.00, real=0.00 secs] 
223.723: Total time for which application threads were stopped: 0.0591970 seconds, Stopping threads took: 0.0586260 seconds
223.800: Application time: 0.0763440 seconds
223.857: [GC [PSYoungGen: 13486K->579K(14336K)] 19354K->6447K(46080K), 0.0005610 secs] [Times: user=0.00 sys=0.00, real=0.00 secs] 
223.857: Total time for which application threads were stopped: 0.0578580 seconds, Stopping threads took: 0.0572210 seconds
223.933: Application time: 0.0756910 seconds
223.982: [GC [PSYoungGen: 13292K->336K(14336K)] 19161K->6204K(46080K), 0.0005660 secs] [Times: user=0.01 sys=0.00, real=0.00 secs] 
223.983: Total time for which application threads were stopped: 0.0497740 seconds, Stopping threads took: 0.0491370 seconds
224.057: Application time: 0.0736120 seconds
224.091: [GC [PSYoungGen: 13107K->1133K(14336K)] 18976K->7025K(46080K), 0.0005880 secs] [Times: user=0.00 sys=0.00, real=0.00 secs] 
224.092: Total time for which application threads were stopped: 0.0352150 seconds, Stopping threads took: 0.0345520 seconds
224.176: Application time: 0.0843450 seconds
224.234: [GC [PSYoungGen: 13729K->1458K(14336K)] 19622K->7757K(46080K), 0.0007890 secs] [Times: user=0.00 sys=0.00, real=0.00 secs] 
224.235: Total time for which application threads were stopped: 0.0586460 seconds, Stopping threads took: 0.0577630 seconds
224.314: Application time: 0.0788100 seconds
224.381: [GC [PSYoungGen: 14171K->563K(14336K)] 20470K->6870K(46080K), 0.0006660 secs] [Times: user=0.00 sys=0.00, real=0.00 secs] 
224.381: Total time for which application threads were stopped: 0.0676620 seconds, Stopping threads took: 0.0668990 seconds
224.461: Application time: 0.0800840 seconds
224.494: [GC [PSYoungGen: 13354K->1458K(14336K)] 19662K->9914K(46080K), 0.0014760 secs] [Times: user=0.00 sys=0.00, real=0.00 secs] 
224.496: Total time for which application threads were stopped: 0.0343660 seconds, Stopping threads took: 0.0328060 seconds
224.573: Application time: 0.0768250 seconds
224.641: [GC [PSYoungGen: 14073K->1474K(14336K)] 22529K->10735K(46080K), 0.0009230 secs] [Times: user=0.01 sys=0.00, real=0.00 secs] 
224.642: Total time for which application threads were stopped: 0.0690960 seconds, Stopping threads took: 0.0681000 seconds
224.719: Application time: 0.0769240 seconds
224.781: [GC [PSYoungGen: 14167K->1344K(14336K)] 23429K->11207K(46080K), 0.0008290 secs] [Times: user=0.00 sys=0.00, real=0.00 secs] 
224.782: Total time for which application threads were stopped: 0.0635680 seconds, Stopping threads took: 0.0626650 seconds
224.860: Application time: 0.0775910 seconds
224.920: [GC [PSYoungGen: 13823K->1408K(14336K)] 23686K->11287K(46080K), 0.0006380 secs] [Times: user=0.00 sys=0.00, real=0.00 secs] 
224.921: Total time for which application threads were stopped: 0.0612080 seconds, Stopping threads took: 0.0604860 seconds
224.996: Application time: 0.0746770 seconds
225.030: [GC [PSYoungGen: 14023K->1376K(14336K)] 23903K->12037K(46080K), 0.0008940 secs] [Times: user=0.00 sys=0.00, real=0.00 secs] 
225.031: Total time for which application threads were stopped: 0.0353660 seconds, Stopping threads took: 0.0343950 seconds
225.108: Application time: 0.0772400 seconds
225.169: [GC [PSYoungGen: 14089K->1360K(14336K)] 24749K->12607K(46080K), 0.0007180 secs] [Times: user=0.01 sys=0.00, real=0.00 secs] 
225.170: Total time for which application threads were stopped: 0.0613970 seconds, Stopping threads took: 0.0606050 seconds
225.247: Application time: 0.0776090 seconds
225.308: [GC [PSYoungGen: 14152K->1392K(14336K)] 25398K->13045K(46080K), 0.0007680 secs] [Times: user=0.01 sys=0.00, real=0.00 secs] 
225.308: Total time for which application threads were stopped: 0.0612010 seconds, Stopping threads took: 0.0603660 seconds
225.391: Application time: 0.0822860 seconds
225.453: [GC [PSYoungGen: 14183K->1474K(14336K)] 25836K->14299K(46080K), 0.0009600 secs] [Times: user=0.01 sys=0.00, real=0.00 secs] 
225.454: Total time for which application threads were stopped: 0.0636350 seconds, Stopping threads took: 0.0619560 seconds
225.541: Application time: 0.0870010 seconds
225.610: [GC [PSYoungGen: 14187K->1376K(14336K)] 27012K->14209K(46080K), 0.0007250 secs] [Times: user=0.00 sys=0.00, real=0.00 secs] 
225.611: Total time for which application threads were stopped: 0.0693010 seconds, Stopping threads took: 0.0684830 seconds
225.687: Application time: 0.0766190 seconds
225.737: [GC [PSYoungGen: 14089K->1165K(14336K)] 26922K->14014K(46080K), 0.0006700 secs] [Times: user=0.01 sys=0.00, real=0.00 secs] 
225.737: Total time for which application threads were stopped: 0.0500540 seconds, Stopping threads took: 0.0493100 seconds
225.815: Application time: 0.0774030 seconds
225.874: [GC [PSYoungGen: 13917K->758K(14336K)] 26766K->13615K(46080K), 0.0005300 secs] [Times: user=0.00 sys=0.00, real=0.00 secs] 
225.874: Total time for which application threads were stopped: 0.0597100 seconds, Stopping threads took: 0.0591100 seconds
225.960: Application time: 0.0857300 seconds
226.023: [GC [PSYoungGen: 13471K->579K(14336K)] 26328K->13436K(46080K), 0.0005130 secs] [Times: user=0.01 sys=0.00, real=0.00 secs] 
226.024: Total time for which application threads were stopped: 0.0634220 seconds, Stopping threads took: 0.0628310 seconds
226.099: Application time: 0.0750530 seconds
226.159: [GC [PSYoungGen: 13292K->368K(14336K)] 26149K->13232K(46080K), 0.0008410 secs] [Times: user=0.00 sys=0.00, real=0.00 secs] 
226.160: Total time for which application threads were stopped: 0.0613320 seconds, Stopping threads took: 0.0604110 seconds
226.234: Application time: 0.0744450 seconds
226.287: [GC [PSYoungGen: 13022K->970K(14336K)] 25887K->13842K(46080K), 0.0007840 secs] [Times: user=0.00 sys=0.00, real=0.00 secs] 
226.288: Total time for which application threads were stopped: 0.0537460 seconds, Stopping threads took: 0.0528710 seconds
226.364: Application time: 0.0761180 seconds
226.428: [GC [PSYoungGen: 13683K->726K(14336K)] 26555K->13599K(46080K), 0.0005150 secs] [Times: user=0.01 sys=0.00, real=0.00 secs] 
226.429: Total time for which application threads were stopped: 0.0646230 seconds, Stopping threads took: 0.0640170 seconds
226.514: Application time: 0.0847690 seconds
226.578: [GC [PSYoungGen: 13439K->579K(14336K)] 26312K->13460K(46080K), 0.0005970 secs] [Times: user=0.00 sys=0.00, real=0.00 secs] 
226.579: Total time for which application threads were stopped: 0.0649480 seconds, Stopping threads took: 0.0642520 seconds
226.654: Application time: 0.0748540 seconds
226.687: [GC [PSYoungGen: 13272K->1376K(14336K)] 26153K->14257K(46080K), 0.0007320 secs] [Times: user=0.00 sys=0.00, real=0.00 secs] 
226.688: Total time for which application threads were stopped: 0.0340230 seconds, Stopping threads took: 0.0332160 seconds
226.763: Application time: 0.0757930 seconds
226.827: [GC [PSYoungGen: 14089K->1133K(14336K)] 26970K->14022K(46080K), 0.0007490 secs] [Times: user=0.00 sys=0.00, real=0.00 secs] 
226.828: Total time for which application threads were stopped: 0.0644200 seconds, Stopping threads took: 0.0635780 seconds
226.915: Application time: 0.0876310 seconds
226.979: [GC [PSYoungGen: 13729K->806K(14336K)] 26618K->13711K(46080K), 0.0006470 secs] [Times: user=0.00 sys=0.00, real=0.00 secs] 
226.980: Total time for which application threads were stopped: 0.0647710 seconds, Stopping threads took: 0.0640500 seconds
227.066: Application time: 0.0855820 seconds
227.132: [GC [PSYoungGen: 13597K->563K(14336K)] 26502K->13468K(46080K), 0.0004770 secs] [Times: user=0.01 sys=0.00, real=0.00 secs] 
227.133: Total time for which application threads were stopped: 0.0668210 seconds, Stopping threads took: 0.0662690 seconds
227.209: Application time: 0.0765910 seconds
227.261: [GC [PSYoungGen: 13354K->304K(14336K)] 26259K->13209K(46080K), 0.0004450 secs] [Times: user=0.01 sys=0.00, real=0.00 secs] 
227.262: Total time for which application threads were stopped: 0.0527740 seconds, Stopping threads took: 0.0522630 seconds
227.336: Application time: 0.0737200 seconds
227.371: [GC [PSYoungGen: 12919K->1490K(14336K)] 25824K->15184K(46080K), 0.0008930 secs] [Times: user=0.01 sys=0.00, real=0.01 secs] 
227.371: Total time for which application threads were stopped: 0.0357830 seconds, Stopping threads took: 0.0348110 seconds
227.448: Application time: 0.0766270 seconds
227.518: [GC [PSYoungGen: 14008K->742K(14336K)] 27702K->14452K(46080K), 0.0005620 secs] [Times: user=0.00 sys=0.00, real=0.00 secs] 
227.518: Total time for which application threads were stopped: 0.0700410 seconds, Stopping threads took: 0.0694080 seconds
227.593: Application time: 0.0753190 seconds
227.642: [GC [PSYoungGen: 13416K->320K(14336K)] 27127K->14030K(46080K), 0.0004460 secs] [Times: user=0.00 sys=0.00, real=0.00 secs] 
227.643: Total time for which application threads were stopped: 0.0492680 seconds, Stopping threads took: 0.0487460 seconds
227.716: Application time: 0.0734490 seconds
227.750: [GC [PSYoungGen: 13111K->1506K(14336K)] 26821K->17169K(46080K), 0.0011990 secs] [Times: user=0.00 sys=0.00, real=0.01 secs] 
227.752: Total time for which application threads were stopped: 0.0354440 seconds, Stopping threads took: 0.0341690 seconds
227.828: Application time: 0.0763560 seconds
227.897: [GC [PSYoungGen: 14297K->1524K(14336K)] 29960K->17781K(46080K), 0.0008790 secs] [Times: user=0.00 sys=0.00, real=0.00 secs] 
227.898: Total time for which application threads were stopped: 0.0701340 seconds, Stopping threads took: 0.0691890 seconds
227.975: Application time: 0.0773010 seconds
228.044: [GC [PSYoungGen: 14139K->758K(14336K)] 30396K->17016K(46080K), 0.0006350 secs] [Times: user=0.00 sys=0.00, real=0.00 secs] 
228.045: Total time for which application threads were stopped: 0.0691490 seconds, Stopping threads took: 0.0684390 seconds
228.121: Application time: 0.0769170 seconds
228.184: [GC [PSYoungGen: 13471K->579K(14336K)] 29729K->16836K(46080K), 0.0004640 secs] [Times: user=0.00 sys=0.00, real=0.00 secs] 
228.184: Total time for which application threads were stopped: 0.0630170 seconds, Stopping threads took: 0.0624800 seconds
228.259: Application time: 0.0749590 seconds
228.294: [GC [PSYoungGen: 13351K->1392K(14336K)] 29608K->17658K(46080K), 0.0006260 secs] [Times: user=0.00 sys=0.00, real=0.00 secs] 
228.295: Total time for which application threads were stopped: 0.0356470 seconds, Stopping threads took: 0.0349500 seconds
228.373: Application time: 0.0781250 seconds
228.433: [GC [PSYoungGen: 14105K->1165K(14336K)] 30371K->17430K(46080K), 0.0005880 secs] [Times: user=0.01 sys=0.00, real=0.00 secs] 
228.433: Total time for which application threads were stopped: 0.0600680 seconds, Stopping threads took: 0.0594050 seconds
228.518: Application time: 0.0848780 seconds
228.559: [GC [PSYoungGen: 13761K->1442K(14336K)] 30026K->18098K(46080K), 0.0008010 secs] [Times: user=0.01 sys=0.00, real=0.00 secs] 
228.560: Total time for which application threads were stopped: 0.0417700 seconds, Stopping threads took: 0.0408960 seconds
228.639: Application time: 0.0788130 seconds
228.706: [GC [PSYoungGen: 14155K->547K(14336K)] 30811K->17211K(46080K), 0.0004510 secs] [Times: user=0.00 sys=0.00, real=0.00 secs] 
228.706: Total time for which application threads were stopped: 0.0675170 seconds, Stopping threads took: 0.0669930 seconds
228.782: Application time: 0.0756460 seconds
228.831: [GC [PSYoungGen: 13338K->336K(14336K)] 30002K->17000K(46080K), 0.0004130 secs] [Times: user=0.00 sys=0.00, real=0.00 secs] 
228.831: Total time for which application threads were stopped: 0.0490370 seconds, Stopping threads took: 0.0485490 seconds
228.905: Application time: 0.0738440 seconds
228.939: [GC [PSYoungGen: 13029K->1165K(14336K)] 29693K->17837K(46080K), 0.0006290 secs] [Times: user=0.00 sys=0.00, real=0.00 secs] 
228.940: Total time for which application threads were stopped: 0.0351420 seconds, Stopping threads took: 0.0344390 seconds
229.018: Application time: 0.0782340 seconds
229.078: [GC [PSYoungGen: 13956K->1002K(14336K)] 30628K->17682K(46080K), 0.0005610 secs] [Times: user=0.00 sys=0.00, real=0.01 secs] 
229.079: Total time for which application threads were stopped: 0.0608840 seconds, Stopping threads took: 0.0602340 seconds
229.155: Application time: 0.0764260 seconds
229.189: [GC [PSYoungGen: 13793K->1424K(14336K)] 30473K->19675K(46080K), 0.0011090 secs] [Times: user=0.01 sys=0.00, real=0.00 secs] 
229.191: Total time for which application threads were stopped: 0.0350110 seconds, Stopping threads took: 0.0338220 seconds
229.268: Application time: 0.0774430 seconds
229.332: [GC [PSYoungGen: 14039K->1181K(14336K)] 32290K->19822K(46080K), 0.0006610 secs] [Times: user=0.00 sys=0.00, real=0.00 secs] 
229.332: Total time for which application threads were stopped: 0.0644970 seconds, Stopping threads took: 0.0637580 seconds
229.409: Application time: 0.0767450 seconds
229.458: [GC [PSYoungGen: 13855K->1490K(14336K)] 32496K->20912K(46080K), 0.0009650 secs] [Times: user=0.00 sys=0.00, real=0.01 secs] 
229.459: Total time for which application threads were stopped: 0.0498060 seconds, Stopping threads took: 0.0487650 seconds
229.545: Application time: 0.0859160 seconds
229.614: [GC [PSYoungGen: 14007K->758K(14336K)] 33430K->20189K(46080K), 0.0006230 secs] [Times: user=0.00 sys=0.00, real=0.00 secs] 
229.615: Total time for which application threads were stopped: 0.0696900 seconds, Stopping threads took: 0.0689750 seconds
229.693: Application time: 0.0783870 seconds
229.749: [GC [PSYoungGen: 13374K->1149K(14336K)] 32804K->20978K(46080K), 0.0007710 secs] [Times: user=0.00 sys=0.00, real=0.00 secs] 
229.750: Total time for which application threads were stopped: 0.0566560 seconds, Stopping threads took: 0.0557950 seconds
229.825: Application time: 0.0753710 seconds
229.887: [GC [PSYoungGen: 13862K->1360K(14336K)] 33691K->21197K(46080K), 0.0007050 secs] [Times: user=0.00 sys=0.00, real=0.00 secs] 
229.887: Total time for which application threads were stopped: 0.0623090 seconds, Stopping threads took: 0.0615040 seconds
229.966: Application time: 0.0786480 seconds
230.020: [GC [PSYoungGen: 14152K->1165K(14336K)] 33989K->21002K(46080K), 0.0006180 secs] [Times: user=0.00 sys=0.00, real=0.00 secs] 
230.020: Total time for which application threads were stopped: 0.0543770 seconds, Stopping threads took: 0.0536690 seconds
230.096: Application time: 0.0752740 seconds
230.129: [GC [PSYoungGen: 13859K->1474K(14336K)] 33696K->22874K(46080K), 0.0011550 secs] [Times: user=0.01 sys=0.00, real=0.00 secs] 
230.130: Total time for which application threads were stopped: 0.0345090 seconds, Stopping threads took: 0.0332520 seconds
230.209: Application time: 0.0789800 seconds
230.276: [GC [PSYoungGen: 14167K->531K(14336K)] 35567K->21939K(46080K), 0.0004740 secs] [Times: user=0.00 sys=0.00, real=0.00 secs] 
230.277: Total time for which application threads were stopped: 0.0675700 seconds, Stopping threads took: 0.0670230 seconds
230.352: Application time: 0.0748810 seconds
230.386: [GC [PSYoungGen: 13303K->1328K(14336K)] 34711K->22736K(46080K), 0.0006390 secs] [Times: user=0.00 sys=0.00, real=0.00 secs] 
230.386: Total time for which application threads were stopped: 0.0347570 seconds, Stopping threads took: 0.0340470 seconds
230.465: Application time: 0.0784120 seconds
230.524: [GC [PSYoungGen: 14120K->1181K(14336K)] 35528K->22597K(46080K), 0.0007520 secs] [Times: user=0.00 sys=0.00, real=0.00 secs] 
230.526: Total time for which application threads were stopped: 0.0611680 seconds, Stopping threads took: 0.0595760 seconds
230.603: Application time: 0.0767030 seconds
230.663: [GC [PSYoungGen: 13698K->774K(14336K)] 35114K->22190K(46080K), 0.0005750 secs] [Times: user=0.00 sys=0.00, real=0.00 secs] 
230.663: Total time for which application threads were stopped: 0.0604540 seconds, Stopping threads took: 0.0597980 seconds
230.739: Application time: 0.0760070 seconds
230.789: [GC [PSYoungGen: 13487K->563K(14336K)] 34903K->21987K(46080K), 0.0004830 secs] [Times: user=0.00 sys=0.00, real=0.00 secs] 
230.789: Total time for which application threads were stopped: 0.0502330 seconds, Stopping threads took: 0.0496780 seconds
230.865: Application time: 0.0753820 seconds
230.926: [GC [PSYoungGen: 13354K->352K(14336K)] 34778K->21783K(46080K), 0.0004210 secs] [Times: user=0.00 sys=0.00, real=0.00 secs] 
230.926: Total time for which application threads were stopped: 0.0616630 seconds, Stopping threads took: 0.0611730 seconds
231.000: Application time: 0.0740280 seconds
231.034: [GC [PSYoungGen: 13045K->1117K(14336K)] 34477K->22557K(46080K), 0.0006120 secs] [Times: user=0.00 sys=0.00, real=0.00 secs] 
231.035: Total time for which application threads were stopped: 0.0345340 seconds, Stopping threads took: 0.0338300 seconds
231.123: Application time: 0.0882590 seconds
231.190: [GC [PSYoungGen: 13635K->774K(14336K)] 35075K->22222K(46080K), 0.0005380 secs] [Times: user=0.01 sys=0.00, real=0.00 secs] 
231.190: Total time for which application threads were stopped: 0.0670860 seconds, Stopping threads took: 0.0664790 seconds
231.270: Application time: 0.0792580 seconds
231.335: [GC [PSYoungGen: 13487K->563K(14336K)] 34935K->22011K(46080K), 0.0005470 secs] [Times: user=0.01 sys=0.00, real=0.00 secs] 
231.336: Total time for which application threads were stopped: 0.0663560 seconds, Stopping threads took: 0.0657370 seconds
231.418: Application time: 0.0824460 seconds
231.476: [GC [PSYoungGen: 13354K->288K(14336K)] 34802K->21743K(46080K), 0.0004860 secs] [Times: user=0.01 sys=0.00, real=0.00 secs] 
231.476: Total time for which application threads were stopped: 0.0577810 seconds, Stopping threads took: 0.0572210 seconds
231.558: Application time: 0.0813310 seconds
231.597: [GC [PSYoungGen: 12981K->1149K(14336K)] 34437K->22605K(46080K), 0.0006160 secs] [Times: user=0.01 sys=0.00, real=0.00 secs] 
231.598: Total time for which application threads were stopped: 0.0403030 seconds, Stopping threads took: 0.0396010 seconds
231.689: Application time: 0.0908740 seconds
231.758: [GC [PSYoungGen: 13940K->1474K(14336K)] 35396K->23516K(46080K), 0.0008620 secs] [Times: user=0.00 sys=0.00, real=0.00 secs] 
231.758: Total time for which application threads were stopped: 0.0697020 seconds, Stopping threads took: 0.0687610 seconds
231.849: Application time: 0.0901750 seconds
231.920: [GC [PSYoungGen: 14129K->1165K(14336K)] 36170K->23597K(46080K), 0.0008590 secs] [Times: user=0.00 sys=0.00, real=0.00 secs] 
231.920: Total time for which application threads were stopped: 0.0718260 seconds, Stopping threads took: 0.0708720 seconds
232.006: Application time: 0.0856620 seconds
232.055: [GC [PSYoungGen: 13878K->1474K(14336K)] 36310K->24891K(46080K), 0.0009840 secs] [Times: user=0.00 sys=0.00, real=0.00 secs] 
232.056: Total time for which application threads were stopped: 0.0500940 seconds, Stopping threads took: 0.0490170 seconds
232.138: Application time: 0.0817060 seconds
232.205: [GC [PSYoungGen: 14089K->1524K(14336K)] 37506K->25551K(46080K), 0.0010610 secs] [Times: user=0.00 sys=0.00, real=0.00 secs] 
232.206: Total time for which application threads were stopped: 0.0684420 seconds, Stopping threads took: 0.0672750 seconds
232.290: Application time: 0.0835580 seconds
232.358: [GC [PSYoungGen: 14217K->1426K(14336K)] 38244K->25852K(46080K), 0.0007990 secs] [Times: user=0.00 sys=0.00, real=0.00 secs] 
232.359: Total time for which application threads were stopped: 0.0687930 seconds, Stopping threads took: 0.0678980 seconds
232.444: Application time: 0.0849670 seconds
232.518: [GC [PSYoungGen: 14139K->563K(14336K)] 38565K->24997K(46080K), 0.0005080 secs] [Times: user=0.00 sys=0.00, real=0.00 secs] 
232.519: Total time for which application threads were stopped: 0.0749850 seconds, Stopping threads took: 0.0744050 seconds
232.602: Application time: 0.0831380 seconds
232.659: [GC [PSYoungGen: 13276K->336K(14336K)] 37710K->24777K(46080K), 0.0005220 secs] [Times: user=0.00 sys=0.00, real=0.00 secs] 
232.660: Total time for which application threads were stopped: 0.0581730 seconds, Stopping threads took: 0.0575770 seconds
232.741: Application time: 0.0808130 seconds
232.778: [GC [PSYoungGen: 13029K->1392K(14336K)] 37471K->27787K(46080K), 0.0012100 secs] [Times: user=0.01 sys=0.00, real=0.01 secs] 
232.779: Total time for which application threads were stopped: 0.0382630 seconds, Stopping threads took: 0.0369520 seconds
232.863: Application time: 0.0837940 seconds
232.937: [GC [PSYoungGen: 14086K->1360K(14336K)] 40481K->28341K(46080K), 0.0009940 secs] [Times: user=0.00 sys=0.00, real=0.00 secs] 
232.938: Total time for which application threads were stopped: 0.0755000 seconds, Stopping threads took: 0.0744320 seconds
233.035: Application time: 0.0964800 seconds
233.109: [GC [PSYoungGen: 13975K->483K(14336K)] 40956K->27472K(46080K), 0.0007520 secs] [Times: user=0.01 sys=0.00, real=0.00 secs] 
233.110: Total time for which application threads were stopped: 0.0747890 seconds, Stopping threads took: 0.0739440 seconds
233.192: Application time: 0.0823500 seconds
233.259: [GC [PSYoungGen: 13283K->304K(14336K)] 40272K->27300K(46080K), 0.0007360 secs] [Times: user=0.00 sys=0.00, real=0.01 secs] 
233.260: Total time for which application threads were stopped: 0.0675510 seconds, Stopping threads took: 0.0667240 seconds
233.340: Application time: 0.0805300 seconds
233.378: [GC [PSYoungGen: 12755K->726K(14336K)] 39752K->27723K(46080K), 0.0006190 secs] [Times: user=0.01 sys=0.00, real=0.00 secs] 
233.379: Total time for which application threads were stopped: 0.0387030 seconds, Stopping threads took: 0.0380030 seconds
233.462: Application time: 0.0828900 seconds
233.500: [GC [PSYoungGen: 13439K->1376K(14336K)] 40436K->29740K(46080K), 0.0010350 secs] [Times: user=0.01 sys=0.00, real=0.00 secs] 
233.501: Total time for which application threads were stopped: 0.0391130 seconds, Stopping threads took: 0.0379960 seconds
233.583: Application time: 0.0823670 seconds
233.653: [GC [PSYoungGen: 13991K->1344K(14336K)] 42356K->29716K(46080K), 0.0006620 secs] [Times: user=0.01 sys=0.00, real=0.00 secs] 
233.654: Total time for which application threads were stopped: 0.0708910 seconds, Stopping threads took: 0.0701510 seconds
233.737: Application time: 0.0832280 seconds
233.795: [GC [PSYoungGen: 13823K->726K(14336K)] 42195K->29106K(46080K), 0.0005530 secs] [Times: user=0.01 sys=0.00, real=0.00 secs] 
233.795: Total time for which application threads were stopped: 0.0578570 seconds, Stopping threads took: 0.0572250 seconds
233.877: Application time: 0.0819630 seconds
233.943: [GC [PSYoungGen: 13439K->547K(14336K)] 41820K->28935K(46080K), 0.0005500 secs] [Times: user=0.00 sys=0.00, real=0.00 secs] 
233.944: Total time for which application threads were stopped: 0.0669650 seconds, Stopping threads took: 0.0663340 seconds
234.026: Application time: 0.0817350 seconds
234.092: [GC [PSYoungGen: 13260K->336K(14336K)] 41648K->28732K(46080K), 0.0004550 secs] [Times: user=0.00 sys=0.00, real=0.00 secs] 
234.092: Total time for which application threads were stopped: 0.0663510 seconds, Stopping threads took: 0.0658260 seconds
234.173: Application time: 0.0805290 seconds
234.210: [GC [PSYoungGen: 12951K->1165K(14336K)] 41347K->29561K(46080K), 0.0006360 secs] [Times: user=0.01 sys=0.00, real=0.00 secs] 
234.211: Total time for which application threads were stopped: 0.0379500 seconds, Stopping threads took: 0.0372380 seconds
234.294: Application time: 0.0834900 seconds
234.351: [GC [PSYoungGen: 13761K->758K(14336K)] 42157K->29154K(46080K), 0.0005210 secs] [Times: user=0.00 sys=0.00, real=0.01 secs] 
234.351: Total time for which application threads were stopped: 0.0573520 seconds, Stopping threads took: 0.0567600 seconds
234.440: Application time: 0.0883640 seconds
234.512: [GC [PSYoungGen: 13471K->547K(14336K)] 41868K->28951K(46080K), 0.0005550 secs] [Times: user=0.01 sys=0.00, real=0.00 secs] 
234.512: Total time for which application threads were stopped: 0.0725390 seconds, Stopping threads took: 0.0719010 seconds
234.593: Application time: 0.0807310 seconds
234.632: [GC [PSYoungGen: 13319K->1344K(14336K)] 41723K->29748K(46080K), 0.0006900 secs] [Times: user=0.00 sys=0.00, real=0.00 secs] 
234.632: Total time for which application threads were stopped: 0.0391540 seconds, Stopping threads took: 0.0383840 seconds
234.716: Application time: 0.0840410 seconds
234.774: [GC [PSYoungGen: 14057K->1165K(14336K)] 42462K->29569K(46080K), 0.0006910 secs] [Times: user=0.01 sys=0.00, real=0.00 secs] 
234.775: Total time for which application threads were stopped: 0.0587740 seconds, Stopping threads took: 0.0580110 seconds
234.858: Application time: 0.0826910 seconds
234.923: [GC [PSYoungGen: 13839K->774K(14336K)] 42243K->29194K(46080K), 0.0005860 secs] [Times: user=0.00 sys=0.01, real=0.00 secs] 
234.924: Total time for which application threads were stopped: 0.0661970 seconds, Stopping threads took: 0.0655200 seconds
235.007: Application time: 0.0828660 seconds
235.072: [GC [PSYoungGen: 13448K->320K(14336K)] 41868K->28748K(46080K), 0.0004600 secs] [Times: user=0.00 sys=0.00, real=0.00 secs] 
235.072: Total time for which application threads were stopped: 0.0654360 seconds, Stopping threads took: 0.0649000 seconds
235.153: Application time: 0.0806100 seconds
235.190: [GC [PSYoungGen: 13013K->1392K(14336K)] 41441K->31774K(46080K), 0.0012040 secs] [Times: user=0.01 sys=0.00, real=0.01 secs] 
235.191: [Full GC [PSYoungGen: 1392K->0K(14336K)] [ParOldGen: 30381K->4701K(31744K)] 31774K->4701K(46080K) [PSPermGen: 5151K->5151K(21504K)], 0.0043980 secs] [Times: user=0.02 sys=0.00, real=0.00 secs] 
235.196: Total time for which application threads were stopped: 0.0429070 seconds, Stopping threads took: 0.0371680 seconds
235.276: Application time: 0.0805910 seconds
235.345: [GC [PSYoungGen: 12615K->1395K(14336K)] 17317K->6488K(46080K), 0.0012690 secs] [Times: user=0.00 sys=0.00, real=0.00 secs] 
235.346: Total time for which application threads were stopped: 0.0698610 seconds, Stopping threads took: 0.0684980 seconds
235.423: Application time: 0.0769600 seconds
235.484: [GC [PSYoungGen: 14011K->1493K(14336K)] 19103K->6586K(46080K), 0.0006340 secs] [Times: user=0.00 sys=0.00, real=0.00 secs] 
235.485: Total time for which application threads were stopped: 0.0617990 seconds, Stopping threads took: 0.0610910 seconds
235.580: Application time: 0.0951270 seconds
235.643: [GC [PSYoungGen: 14206K->192K(14336K)] 19298K->5284K(46080K), 0.0003270 secs] [Times: user=0.01 sys=0.00, real=0.00 secs] 
235.645: Total time for which application threads were stopped: 0.0645630 seconds, Stopping threads took: 0.0629590 seconds
235.719: Application time: 0.0739530 seconds
235.753: [GC [PSYoungGen: 12807K->973K(14336K)] 17899K->6065K(46080K), 0.0008190 secs] [Times: user=0.00 sys=0.00, real=0.00 secs] 
235.754: Total time for which application threads were stopped: 0.0349900 seconds, Stopping threads took: 0.0340810 seconds
235.829: Application time: 0.0750990 seconds
235.865: [GC [PSYoungGen: 13686K->1395K(14336K)] 18778K->8050K(46080K), 0.0010260 secs] [Times: user=0.01 sys=0.00, real=0.00 secs] 
235.866: Total time for which application threads were stopped: 0.0369430 seconds, Stopping threads took: 0.0358190 seconds
235.942: Application time: 0.0759270 seconds
236.010: [GC [PSYoungGen: 14187K->582K(14336K)] 20842K->7237K(46080K), 0.0004690 secs] [Times: user=0.01 sys=0.00, real=0.00 secs] 
236.010: Total time for which application threads were stopped: 0.0686460 seconds, Stopping threads took: 0.0680840 seconds
236.085: Application time: 0.0751670 seconds
236.118: [GC [PSYoungGen: 13197K->1493K(14336K)] 19852K->9125K(46080K), 0.0010190 secs] [Times: user=0.01 sys=0.00, real=0.01 secs] 
236.119: Total time for which application threads were stopped: 0.0338950 seconds, Stopping threads took: 0.0327810 seconds
236.196: Application time: 0.0761730 seconds
236.259: [GC [PSYoungGen: 14288K->1475K(14336K)] 21919K->9693K(46080K), 0.0008560 secs] [Times: user=0.01 sys=0.00, real=0.01 secs] 
236.260: Total time for which application threads were stopped: 0.0641100 seconds, Stopping threads took: 0.0631730 seconds
236.336: Application time: 0.0762120 seconds
236.402: [GC [PSYoungGen: 14107K->662K(14336K)] 22324K->8880K(46080K), 0.0005030 secs] [Times: user=0.00 sys=0.00, real=0.00 secs] 
236.403: Total time for which application threads were stopped: 0.0671360 seconds, Stopping threads took: 0.0665600 seconds
236.478: Application time: 0.0752370 seconds
236.539: [GC [PSYoungGen: 13375K->467K(14336K)] 21593K->8684K(46080K), 0.0004290 secs] [Times: user=0.00 sys=0.00, real=0.01 secs] 
236.539: Total time for which application threads were stopped: 0.0608380 seconds, Stopping threads took: 0.0603430 seconds
236.615: Application time: 0.0763780 seconds
236.676: [GC [PSYoungGen: 13258K->256K(14336K)] 21476K->8473K(46080K), 0.0004300 secs] [Times: user=0.00 sys=0.00, real=0.00 secs] 
236.677: Total time for which application threads were stopped: 0.0614500 seconds, Stopping threads took: 0.0609500 seconds
236.751: Application time: 0.0736910 seconds
236.785: [GC [PSYoungGen: 12871K->1069K(14336K)] 21089K->9286K(46080K), 0.0005550 secs] [Times: user=0.00 sys=0.00, real=0.00 secs] 
236.786: Total time for which application threads were stopped: 0.0351660 seconds, Stopping threads took: 0.0345280 seconds
236.863: Application time: 0.0770680 seconds
236.917: [GC [PSYoungGen: 13860K->1002K(14336K)] 22078K->9219K(46080K), 0.0005650 secs] [Times: user=0.00 sys=0.00, real=0.00 secs] 
236.917: Total time for which application threads were stopped: 0.0542730 seconds, Stopping threads took: 0.0536400 seconds
236.996: Application time: 0.0791660 seconds
237.051: [GC [PSYoungGen: 13714K->1508K(14336K)] 21932K->11108K(46080K), 0.0010160 secs] [Times: user=0.00 sys=0.00, real=0.01 secs] 
237.052: Total time for which application threads were stopped: 0.0554150 seconds, Stopping threads took: 0.0543200 seconds
237.130: Application time: 0.0778570 seconds
237.195: [GC [PSYoungGen: 14123K->1360K(14336K)] 23724K->11156K(46080K), 0.0009060 secs] [Times: user=0.01 sys=0.00, real=0.00 secs] 
237.196: Total time for which application threads were stopped: 0.0665780 seconds, Stopping threads took: 0.0655780 seconds
237.272: Application time: 0.0759690 seconds
237.327: [GC [PSYoungGen: 14073K->1490K(14336K)] 23869K->12271K(46080K), 0.0009780 secs] [Times: user=0.01 sys=0.00, real=0.00 secs] 
237.328: Total time for which application threads were stopped: 0.0554870 seconds, Stopping threads took: 0.0544180 seconds
237.404: Application time: 0.0768090 seconds
237.467: [GC [PSYoungGen: 14262K->1376K(14336K)] 25042K->12938K(46080K), 0.0010830 secs] [Times: user=0.00 sys=0.00, real=0.00 secs] 
237.468: Total time for which application threads were stopped: 0.0640380 seconds, Stopping threads took: 0.0628610 seconds
237.544: Application time: 0.0751490 seconds
237.612: [GC [PSYoungGen: 13991K->758K(14336K)] 25553K->12320K(46080K), 0.0005160 secs] [Times: user=0.00 sys=0.00, real=0.00 secs] 
237.613: Total time for which application threads were stopped: 0.0693560 seconds, Stopping threads took: 0.0687510 seconds
237.689: Application time: 0.0761270 seconds
237.750: [GC [PSYoungGen: 13511K->336K(14336K)] 25073K->11898K(46080K), 0.0005150 secs] [Times: user=0.00 sys=0.01, real=0.00 secs] 
237.750: Total time for which application threads were stopped: 0.0611880 seconds, Stopping threads took: 0.0605840 seconds
237.824: Application time: 0.0735440 seconds
237.858: [GC [PSYoungGen: 13029K->1133K(14336K)] 24591K->12695K(46080K), 0.0006350 secs] [Times: user=0.00 sys=0.00, real=0.01 secs] 
237.859: Total time for which application threads were stopped: 0.0352580 seconds, Stopping threads took: 0.0345430 seconds
237.936: Application time: 0.0770850 seconds
237.999: [GC [PSYoungGen: 13651K->774K(14336K)] 25213K->12352K(46080K), 0.0004870 secs] [Times: user=0.00 sys=0.00, real=0.00 secs] 
238.000: Total time for which application threads were stopped: 0.0637720 seconds, Stopping threads took: 0.0632140 seconds
238.076: Application time: 0.0761340 seconds
238.109: [GC [PSYoungGen: 13390K->1523K(14336K)] 24968K->15290K(46080K), 0.0012610 secs] [Times: user=0.01 sys=0.00, real=0.00 secs] 
238.111: Total time for which application threads were stopped: 0.0345260 seconds, Stopping threads took: 0.0331660 seconds
238.190: Application time: 0.0792900 seconds
238.257: [GC [PSYoungGen: 14315K->1344K(14336K)] 28081K->15127K(46080K), 0.0007110 secs] [Times: user=0.00 sys=0.00, real=0.00 secs] 
238.257: Total time for which application threads were stopped: 0.0675460 seconds, Stopping threads took: 0.0667500 seconds
238.333: Application time: 0.0754180 seconds
238.394: [GC [PSYoungGen: 13862K->970K(14336K)] 27645K->14752K(46080K), 0.0005970 secs] [Times: user=0.00 sys=0.00, real=0.00 secs] 
238.395: Total time for which application threads were stopped: 0.0616900 seconds, Stopping threads took: 0.0610140 seconds
238.470: Application time: 0.0756050 seconds
238.530: [GC [PSYoungGen: 13761K->710K(14336K)] 27544K->14493K(46080K), 0.0005000 secs] [Times: user=0.00 sys=0.01, real=0.00 secs] 
238.531: Total time for which application threads were stopped: 0.0607280 seconds, Stopping threads took: 0.0601520 seconds
238.607: Application time: 0.0757980 seconds
238.657: [GC [PSYoungGen: 13423K->531K(14336K)] 27206K->14330K(46080K), 0.0004270 secs] [Times: user=0.00 sys=0.00, real=0.00 secs] 
238.657: Total time for which application threads were stopped: 0.0505220 seconds, Stopping threads took: 0.0500260 seconds
238.733: Application time: 0.0758630 seconds
238.794: [GC [PSYoungGen: 13322K->336K(14336K)] 27121K->14134K(46080K), 0.0005720 secs] [Times: user=0.01 sys=0.00, real=0.00 secs] 
238.794: Total time for which application threads were stopped: 0.0613350 seconds, Stopping threads took: 0.0606760 seconds
238.868: Application time: 0.0734900 seconds
238.903: [GC [PSYoungGen: 13029K->1117K(14336K)] 26828K->14932K(46080K), 0.0005880 secs] [Times: user=0.01 sys=0.00, real=0.00 secs] 
238.903: Total time for which application threads were stopped: 0.0353970 seconds, Stopping threads took: 0.0347310 seconds
238.981: Application time: 0.0775360 seconds
239.033: [GC [PSYoungGen: 13791K->710K(14336K)] 27606K->14525K(46080K), 0.0004860 secs] [Times: user=0.00 sys=0.00, real=0.00 secs] 
239.033: Total time for which application threads were stopped: 0.0523250 seconds, Stopping threads took: 0.0517690 seconds
239.110: Application time: 0.0769130 seconds
239.170: [GC [PSYoungGen: 13501K->547K(14336K)] 27316K->14370K(46080K), 0.0004450 secs] [Times: user=0.01 sys=0.00, real=0.00 secs] 
239.171: Total time for which application threads were stopped: 0.0606220 seconds, Stopping threads took: 0.0601090 seconds
239.247: Application time: 0.0766420 seconds
239.309: [GC [PSYoungGen: 13338K->336K(14336K)] 27161K->14158K(46080K), 0.0004340 secs] [Times: user=0.00 sys=0.00, real=0.00 secs] 
239.309: Total time for which application threads were stopped: 0.0617360 seconds, Stopping threads took: 0.0612330 seconds
239.383: Application time: 0.0739060 seconds
239.417: [GC [PSYoungGen: 13029K->1165K(14336K)] 26852K->14996K(46080K), 0.0006880 secs] [Times: user=0.00 sys=0.00, real=0.00 secs] 
239.418: Total time for which application threads were stopped: 0.0347490 seconds, Stopping threads took: 0.0339620 seconds
239.492: Application time: 0.0745870 seconds
239.531: [GC [PSYoungGen: 13683K->1474K(14336K)] 27513K->15695K(46080K), 0.0007920 secs] [Times: user=0.00 sys=0.00, real=0.01 secs] 
239.532: Total time for which application threads were stopped: 0.0392520 seconds, Stopping threads took: 0.0383660 seconds
239.615: Application time: 0.0832300 seconds
239.679: [GC [PSYoungGen: 14187K->547K(14336K)] 28408K->14776K(46080K), 0.0004550 secs] [Times: user=0.01 sys=0.00, real=0.00 secs] 
239.680: Total time for which application threads were stopped: 0.0648390 seconds, Stopping threads took: 0.0643140 seconds
239.755: Application time: 0.0755160 seconds
239.817: [GC [PSYoungGen: 13260K->352K(14336K)] 27489K->14589K(46080K), 0.0006150 secs] [Times: user=0.01 sys=0.00, real=0.00 secs] 
239.818: Total time for which application threads were stopped: 0.0623380 seconds, Stopping threads took: 0.0616330 seconds
239.891: Application time: 0.0730940 seconds
239.926: [GC [PSYoungGen: 12967K->1392K(14336K)] 27204K->17583K(46080K), 0.0011740 secs] [Times: user=0.01 sys=0.00, real=0.00 secs] 
239.927: Total time for which application threads were stopped: 0.0364600 seconds, Stopping threads took: 0.0351960 seconds
240.004: Application time: 0.0772490 seconds
240.073: [GC [PSYoungGen: 14105K->970K(14336K)] 30296K->17160K(46080K), 0.0005900 secs] [Times: user=0.01 sys=0.00, real=0.00 secs] 
240.073: Total time for which application threads were stopped: 0.0688150 seconds, Stopping threads took: 0.0681540 seconds
240.163: Application time: 0.0896250 seconds
240.225: [GC [PSYoungGen: 13644K->531K(14336K)] 29834K->16729K(46080K), 0.0004860 secs] [Times: user=0.00 sys=0.00, real=0.00 secs] 
240.225: Total time for which application threads were stopped: 0.0625160 seconds, Stopping threads took: 0.0619440 seconds
240.302: Application time: 0.0764160 seconds
240.358: [GC [PSYoungGen: 13322K->336K(14336K)] 29521K->16534K(46080K), 0.0004510 secs] [Times: user=0.00 sys=0.00, real=0.00 secs] 
240.358: Total time for which application threads were stopped: 0.0567220 seconds, Stopping threads took: 0.0561850 seconds
240.432: Application time: 0.0738320 seconds
240.467: [GC [PSYoungGen: 13107K->1117K(14336K)] 29306K->17323K(46080K), 0.0008740 secs] [Times: user=0.00 sys=0.00, real=0.00 secs] 
240.468: Total time for which application threads were stopped: 0.0355770 seconds, Stopping threads took: 0.0346160 seconds
240.546: Application time: 0.0776580 seconds
240.600: [GC [PSYoungGen: 13791K->790K(14336K)] 29998K->16997K(46080K), 0.0007020 secs] [Times: user=0.00 sys=0.00, real=0.00 secs] 
240.600: Total time for which application threads were stopped: 0.0548560 seconds, Stopping threads took: 0.0540680 seconds
240.677: Application time: 0.0763740 seconds
240.739: [GC [PSYoungGen: 13503K->563K(14336K)] 29710K->16777K(46080K), 0.0006600 secs] [Times: user=0.00 sys=0.00, real=0.00 secs] 
240.741: Total time for which application threads were stopped: 0.0640010 seconds, Stopping threads took: 0.0624110 seconds
240.816: Application time: 0.0751910 seconds
240.879: [GC [PSYoungGen: 13354K->336K(14336K)] 29569K->16566K(46080K), 0.0006460 secs] [Times: user=0.00 sys=0.00, real=0.00 secs] 
240.880: Total time for which application threads were stopped: 0.0640690 seconds, Stopping threads took: 0.0633310 seconds
240.954: Application time: 0.0737300 seconds
240.989: [GC [PSYoungGen: 12951K->1181K(14336K)] 29181K->17419K(46080K), 0.0005970 secs] [Times: user=0.00 sys=0.00, real=0.00 secs] 
240.990: Total time for which application threads were stopped: 0.0357850 seconds, Stopping threads took: 0.0351060 seconds
241.067: Application time: 0.0776970 seconds
241.132: [GC [PSYoungGen: 13894K->970K(14336K)] 30133K->17216K(46080K), 0.0005640 secs] [Times: user=0.00 sys=0.00, real=0.00 secs] 
241.133: Total time for which application threads were stopped: 0.0652510 seconds, Stopping threads took: 0.0646090 seconds
241.212: Application time: 0.0797330 seconds
241.274: [GC [PSYoungGen: 13683K->1426K(14336K)] 29929K->18071K(46080K), 0.0007450 secs] [Times: user=0.01 sys=0.00, real=0.00 secs] 
241.275: Total time for which application threads were stopped: 0.0625100 seconds, Stopping threads took: 0.0616900 seconds
241.351: Application time: 0.0762500 seconds
241.418: [GC [PSYoungGen: 14217K->547K(14336K)] 30862K->17200K(46080K), 0.0008000 secs] [Times: user=0.00 sys=0.00, real=0.00 secs] 
241.419: Total time for which application threads were stopped: 0.0677220 seconds, Stopping threads took: 0.0668320 seconds
241.496: Application time: 0.0772260 seconds
241.529: [GC [PSYoungGen: 13260K->1506K(14336K)] 29913K->20308K(46080K), 0.0013690 secs] [Times: user=0.01 sys=0.00, real=0.00 secs] 
241.531: Total time for which application threads were stopped: 0.0345970 seconds, Stopping threads took: 0.0331330 seconds
241.629: Application time: 0.0981180 seconds
241.695: [GC [PSYoungGen: 14277K->1181K(14336K)] 33079K->19983K(46080K), 0.0006880 secs] [Times: user=0.01 sys=0.00, real=0.00 secs] 
241.696: Total time for which application threads were stopped: 0.0672320 seconds, Stopping threads took: 0.0664690 seconds
241.781: Application time: 0.0849980 seconds
241.849: [GC [PSYoungGen: 13699K->758K(14336K)] 32500K->19560K(46080K), 0.0006260 secs] [Times: user=0.00 sys=0.00, real=0.00 secs] 
241.850: Total time for which application threads were stopped: 0.0691830 seconds, Stopping threads took: 0.0684750 seconds
241.928: Application time: 0.0775230 seconds
241.989: [GC [PSYoungGen: 13550K->547K(14336K)] 32351K->19349K(46080K), 0.0006970 secs] [Times: user=0.01 sys=0.00, real=0.00 secs] 
241.990: Total time for which application threads were stopped: 0.0618770 seconds, Stopping threads took: 0.0610900 seconds
242.065: Application time: 0.0752260 seconds
242.101: [GC [PSYoungGen: 13319K->1328K(14336K)] 32121K->20130K(46080K), 0.0007280 secs] [Times: user=0.01 sys=0.00, real=0.00 secs] 
242.101: Total time for which application threads were stopped: 0.0365020 seconds, Stopping threads took: 0.0356890 seconds
242.180: Application time: 0.0783780 seconds
242.238: [GC [PSYoungGen: 14041K->1165K(14336K)] 32843K->19975K(46080K), 0.0006530 secs] [Times: user=0.01 sys=0.00, real=0.00 secs] 
242.239: Total time for which application threads were stopped: 0.0593160 seconds, Stopping threads took: 0.0585890 seconds
242.329: Application time: 0.0895760 seconds
242.391: [GC [PSYoungGen: 13761K->758K(14336K)] 32571K->19576K(46080K), 0.0005460 secs] [Times: user=0.00 sys=0.00, real=0.01 secs] 
242.392: Total time for which application threads were stopped: 0.0629610 seconds, Stopping threads took: 0.0623450 seconds
242.468: Application time: 0.0763370 seconds
242.529: [GC [PSYoungGen: 13550K->563K(14336K)] 32367K->19389K(46080K), 0.0004590 secs] [Times: user=0.00 sys=0.00, real=0.00 secs] 
242.529: Total time for which application threads were stopped: 0.0615300 seconds, Stopping threads took: 0.0610000 seconds
242.605: Application time: 0.0758710 seconds
242.666: [GC [PSYoungGen: 13276K->320K(14336K)] 32102K->19153K(46080K), 0.0004150 secs] [Times: user=0.00 sys=0.00, real=0.00 secs] 
242.666: Total time for which application threads were stopped: 0.0611270 seconds, Stopping threads took: 0.0606400 seconds
242.740: Application time: 0.0735150 seconds
242.775: [GC [PSYoungGen: 13033K->1360K(14336K)] 31866K->21171K(46080K), 0.0009140 secs] [Times: user=0.01 sys=0.00, real=0.00 secs] 
242.776: Total time for which application threads were stopped: 0.0356770 seconds, Stopping threads took: 0.0346910 seconds
242.864: Application time: 0.0885090 seconds
242.933: [GC [PSYoungGen: 13859K->726K(14336K)] 33669K->20545K(46080K), 0.0005550 secs] [Times: user=0.01 sys=0.00, real=0.00 secs] 
242.934: Total time for which application threads were stopped: 0.0699190 seconds, Stopping threads took: 0.0692920 seconds
243.011: Application time: 0.0767310 seconds
243.071: [GC [PSYoungGen: 13517K->547K(14336K)] 33336K->20365K(46080K), 0.0004540 secs] [Times: user=0.00 sys=0.00, real=0.01 secs] 
243.071: Total time for which application threads were stopped: 0.0605240 seconds, Stopping threads took: 0.0600040 seconds
243.147: Application time: 0.0760380 seconds
243.211: [GC [PSYoungGen: 13260K->352K(14336K)] 33078K->20170K(46080K), 0.0004720 secs] [Times: user=0.00 sys=0.00, real=0.01 secs] 
243.211: Total time for which application threads were stopped: 0.0640590 seconds, Stopping threads took: 0.0635090 seconds
243.285: Application time: 0.0732610 seconds
243.323: [GC [PSYoungGen: 13123K->1360K(14336K)] 32942K->23132K(46080K), 0.0011490 secs] [Times: user=0.01 sys=0.00, real=0.00 secs] 
243.324: Total time for which application threads were stopped: 0.0393900 seconds, Stopping threads took: 0.0381440 seconds
243.400: Application time: 0.0759300 seconds
243.469: [GC [PSYoungGen: 14132K->1344K(14336K)] 35904K->23718K(46080K), 0.0008220 secs] [Times: user=0.01 sys=0.00, real=0.00 secs] 
243.470: Total time for which application threads were stopped: 0.0697680 seconds, Stopping threads took: 0.0688760 seconds
243.547: Application time: 0.0772010 seconds
243.608: [GC [PSYoungGen: 14057K->1392K(14336K)] 36431K->24156K(46080K), 0.0007150 secs] [Times: user=0.00 sys=0.00, real=0.00 secs] 
243.608: Total time for which application threads were stopped: 0.0615450 seconds, Stopping threads took: 0.0607590 seconds
243.685: Application time: 0.0763470 seconds
243.751: [GC [PSYoungGen: 14007K->320K(14336K)] 36772K->23092K(46080K), 0.0004670 secs] [Times: user=0.00 sys=0.00, real=0.01 secs] 
243.751: Total time for which application threads were stopped: 0.0666200 seconds, Stopping threads took: 0.0660790 seconds
243.825: Application time: 0.0735150 seconds
243.861: [GC [PSYoungGen: 13013K->1458K(14336K)] 35785K->25011K(46080K), 0.0011460 secs] [Times: user=0.01 sys=0.00, real=0.00 secs] 
243.862: Total time for which application threads were stopped: 0.0372950 seconds, Stopping threads took: 0.0360720 seconds
243.944: Application time: 0.0813230 seconds
244.012: [GC [PSYoungGen: 14151K->1344K(14336K)] 37705K->25492K(46080K), 0.0007600 secs] [Times: user=0.01 sys=0.00, real=0.00 secs] 
244.013: Total time for which application threads were stopped: 0.0693340 seconds, Stopping threads took: 0.0684790 seconds
244.091: Application time: 0.0776480 seconds
244.158: [GC [PSYoungGen: 13960K->563K(14336K)] 38107K->24718K(46080K), 0.0006200 secs] [Times: user=0.00 sys=0.00, real=0.01 secs] 
244.159: Total time for which application threads were stopped: 0.0685220 seconds, Stopping threads took: 0.0678040 seconds
244.235: Application time: 0.0762750 seconds
244.285: [GC [PSYoungGen: 13354K->320K(14336K)] 37510K->24475K(46080K), 0.0005150 secs] [Times: user=0.01 sys=0.00, real=0.00 secs] 
244.286: Total time for which application threads were stopped: 0.0505820 seconds, Stopping threads took: 0.0499870 seconds
244.360: Application time: 0.0743870 seconds
244.394: [GC [PSYoungGen: 12935K->1149K(14336K)] 37090K->25312K(46080K), 0.0006010 secs] [Times: user=0.00 sys=0.00, real=0.00 secs] 
244.395: Total time for which application threads were stopped: 0.0341870 seconds, Stopping threads took: 0.0335130 seconds
244.482: Application time: 0.0876970 seconds
244.543: [GC [PSYoungGen: 13940K->954K(14336K)] 38104K->25125K(46080K), 0.0005700 secs] [Times: user=0.00 sys=0.00, real=0.00 secs] 
244.544: Total time for which application threads were stopped: 0.0617790 seconds, Stopping threads took: 0.0611180 seconds
244.621: Application time: 0.0771130 seconds
244.677: [GC [PSYoungGen: 13745K->758K(14336K)] 37916K->24930K(46080K), 0.0005390 secs] [Times: user=0.00 sys=0.00, real=0.00 secs] 
244.677: Total time for which application threads were stopped: 0.0562360 seconds, Stopping threads took: 0.0556280 seconds
244.752: Application time: 0.0747400 seconds
244.785: [GC [PSYoungGen: 13471K->1506K(14336K)] 37643K->28029K(46080K), 0.0012750 secs] [Times: user=0.01 sys=0.00, real=0.00 secs] 
244.787: Total time for which application threads were stopped: 0.0345990 seconds, Stopping threads took: 0.0332540 seconds
244.865: Application time: 0.0785560 seconds
244.933: [GC [PSYoungGen: 14285K->1410K(14336K)] 40809K->28918K(46080K), 0.0009650 secs] [Times: user=0.01 sys=0.00, real=0.00 secs] 
244.934: Total time for which application threads were stopped: 0.0686920 seconds, Stopping threads took: 0.0676420 seconds
245.013: Application time: 0.0794910 seconds
245.077: [GC [PSYoungGen: 14193K->1117K(14336K)] 41701K->28633K(46080K), 0.0008480 secs] [Times: user=0.01 sys=0.00, real=0.00 secs] 
245.078: Total time for which application threads were stopped: 0.0644670 seconds, Stopping threads took: 0.0635280 seconds
245.155: Application time: 0.0774890 seconds
245.216: [GC [PSYoungGen: 13830K->954K(14336K)] 41346K->28470K(46080K), 0.0006900 secs] [Times: user=0.00 sys=0.00, real=0.00 secs] 
245.217: Total time for which application threads were stopped: 0.0614460 seconds, Stopping threads took: 0.0606870 seconds
245.297: Application time: 0.0802800 seconds
245.359: [GC [PSYoungGen: 13745K->710K(14336K)] 41261K->28234K(46080K), 0.0005790 secs] [Times: user=0.00 sys=0.00, real=0.00 secs] 
245.360: Total time for which application threads were stopped: 0.0628210 seconds, Stopping threads took: 0.0621710 seconds
245.436: Application time: 0.0758300 seconds
245.486: [GC [PSYoungGen: 13502K->547K(14336K)] 41026K->28079K(46080K), 0.0004920 secs] [Times: user=0.00 sys=0.00, real=0.00 secs] 
245.486: Total time for which application threads were stopped: 0.0502060 seconds, Stopping threads took: 0.0496250 seconds
245.563: Application time: 0.0766650 seconds
245.624: [GC [PSYoungGen: 13338K->304K(14336K)] 40870K->27836K(46080K), 0.0004820 secs] [Times: user=0.00 sys=0.00, real=0.00 secs] 
245.625: Total time for which application threads were stopped: 0.0620270 seconds, Stopping threads took: 0.0614790 seconds
245.698: Application time: 0.0734770 seconds
245.700: [GC [PSYoungGen: 13017K->1392K(14336K)] 40549K->32049K(46080K), 0.0014690 secs] [Times: user=0.01 sys=0.00, real=0.00 secs] 
245.701: [Full GC [PSYoungGen: 1392K->0K(14336K)] [ParOldGen: 30657K->5877K(31744K)] 32049K->5877K(46080K) [PSPermGen: 5151K->5151K(21504K)], 0.0047070 secs] [Times: user=0.02 sys=0.00, real=0.00 secs] 
245.706: Total time for which application threads were stopped: 0.0078350 seconds, Stopping threads took: 0.0015210 seconds
245.783: Application time: 0.0774250 seconds
245.852: [GC [PSYoungGen: 12712K->1363K(14336K)] 18590K->7827K(46080K), 0.0008120 secs] [Times: user=0.01 sys=0.00, real=0.00 secs] 
245.853: Total time for which application threads were stopped: 0.0696510 seconds, Stopping threads took: 0.0680770 seconds
245.934: Application time: 0.0805850 seconds
245.999: [GC [PSYoungGen: 14057K->614K(14336K)] 20521K->7078K(46080K), 0.0004230 secs] [Times: user=0.00 sys=0.00, real=0.00 secs] 
246.000: Total time for which application threads were stopped: 0.0660570 seconds, Stopping threads took: 0.0655360 seconds
246.076: Application time: 0.0765600 seconds
246.138: [GC [PSYoungGen: 13327K->419K(14336K)] 19791K->6882K(46080K), 0.0005290 secs] [Times: user=0.00 sys=0.00, real=0.00 secs] 
246.138: Total time for which application threads were stopped: 0.0617320 seconds, Stopping threads took: 0.0611130 seconds
246.212: Application time: 0.0742370 seconds
246.247: [GC [PSYoungGen: 13191K->1216K(14336K)] 19654K->7680K(46080K), 0.0007360 secs] [Times: user=0.01 sys=0.00, real=0.00 secs] 
246.248: Total time for which application threads were stopped: 0.0355720 seconds, Stopping threads took: 0.0347420 seconds
246.326: Application time: 0.0782370 seconds
246.377: [GC [PSYoungGen: 13929K->1005K(14336K)] 20393K->7468K(46080K), 0.0006510 secs] [Times: user=0.00 sys=0.00, real=0.00 secs] 
246.378: Total time for which application threads were stopped: 0.0517950 seconds, Stopping threads took: 0.0510720 seconds
246.454: Application time: 0.0763380 seconds
246.516: [GC [PSYoungGen: 13679K->646K(14336K)] 20143K->7110K(46080K), 0.0004610 secs] [Times: user=0.01 sys=0.00, real=0.00 secs] 
246.517: Total time for which application threads were stopped: 0.0625370 seconds, Stopping threads took: 0.0619950 seconds
246.593: Application time: 0.0763420 seconds
246.646: [GC [PSYoungGen: 13359K->435K(14336K)] 19823K->6898K(46080K), 0.0004170 secs] [Times: user=0.00 sys=0.00, real=0.00 secs] 
246.646: Total time for which application threads were stopped: 0.0531190 seconds, Stopping threads took: 0.0526280 seconds
246.720: Application time: 0.0737580 seconds
246.754: [GC [PSYoungGen: 13090K->1181K(14336K)] 19553K->7644K(46080K), 0.0005700 secs] [Times: user=0.01 sys=0.00, real=0.00 secs] 
246.755: Total time for which application threads were stopped: 0.0347820 seconds, Stopping threads took: 0.0341410 seconds
246.844: Application time: 0.0888300 seconds
246.891: [GC [PSYoungGen: 13796K->1344K(14336K)] 20260K->8394K(46080K), 0.0008190 secs] [Times: user=0.01 sys=0.00, real=0.00 secs] 
246.892: Total time for which application threads were stopped: 0.0482960 seconds, Stopping threads took: 0.0473800 seconds
246.968: Application time: 0.0763070 seconds
247.031: [GC [PSYoungGen: 14057K->1392K(14336K)] 21107K->8832K(46080K), 0.0007230 secs] [Times: user=0.01 sys=0.00, real=0.01 secs] 
247.031: Total time for which application threads were stopped: 0.0631080 seconds, Stopping threads took: 0.0623020 seconds
247.109: Application time: 0.0774470 seconds
247.177: [GC [PSYoungGen: 14008K->304K(14336K)] 21448K->7744K(46080K), 0.0004350 secs] [Times: user=0.00 sys=0.00, real=0.00 secs] 
247.177: Total time for which application threads were stopped: 0.0682500 seconds, Stopping threads took: 0.0677390 seconds
247.251: Application time: 0.0736770 seconds
247.294: [GC [PSYoungGen: 12919K->1101K(14336K)] 20359K->8541K(46080K), 0.0006030 secs] [Times: user=0.01 sys=0.00, real=0.00 secs] 
247.295: Total time for which application threads were stopped: 0.0440750 seconds, Stopping threads took: 0.0433870 seconds
247.386: Application time: 0.0914830 seconds
247.442: [GC [PSYoungGen: 13814K->970K(14336K)] 21254K->8410K(46080K), 0.0005730 secs] [Times: user=0.00 sys=0.00, real=0.00 secs] 
247.442: Total time for which application threads were stopped: 0.0559010 seconds, Stopping threads took: 0.0552510 seconds
247.523: Application time: 0.0811480 seconds
247.591: [GC [PSYoungGen: 13683K->774K(14336K)] 21123K->8214K(46080K), 0.0005850 secs] [Times: user=0.00 sys=0.00, real=0.00 secs] 
247.592: Total time for which application threads were stopped: 0.0682330 seconds, Stopping threads took: 0.0675610 seconds
247.674: Application time: 0.0822380 seconds
247.740: [GC [PSYoungGen: 13527K->288K(14336K)] 20967K->7728K(46080K), 0.0004490 secs] [Times: user=0.00 sys=0.00, real=0.00 secs] 
247.740: Total time for which application threads were stopped: 0.0661680 seconds, Stopping threads took: 0.0656520 seconds
247.821: Application time: 0.0807510 seconds
247.859: [GC [PSYoungGen: 12981K->1149K(14336K)] 20421K->8621K(46080K), 0.0006360 secs] [Times: user=0.00 sys=0.00, real=0.01 secs] 
247.859: Total time for which application threads were stopped: 0.0386420 seconds, Stopping threads took: 0.0379320 seconds
247.956: Application time: 0.0967440 seconds
248.028: [GC [PSYoungGen: 13745K->758K(14336K)] 21217K->8254K(46080K), 0.0005000 secs] [Times: user=0.01 sys=0.00, real=0.00 secs] 
248.029: Total time for which application threads were stopped: 0.0725570 seconds, Stopping threads took: 0.0719730 seconds
248.118: Application time: 0.0889530 seconds
248.188: [GC [PSYoungGen: 13550K->563K(14336K)] 21046K->8059K(46080K), 0.0004740 secs] [Times: user=0.00 sys=0.00, real=0.00 secs] 
248.189: Total time for which application threads were stopped: 0.0711590 seconds, Stopping threads took: 0.0705830 seconds
248.269: Application time: 0.0804470 seconds
248.310: [GC [PSYoungGen: 13335K->1376K(14336K)] 20831K->8896K(46080K), 0.0007990 secs] [Times: user=0.00 sys=0.00, real=0.00 secs] 
248.310: Total time for which application threads were stopped: 0.0411220 seconds, Stopping threads took: 0.0402380 seconds
248.394: Application time: 0.0832820 seconds
248.459: [GC [PSYoungGen: 14089K->1149K(14336K)] 21609K->8669K(46080K), 0.0006770 secs] [Times: user=0.00 sys=0.00, real=0.01 secs] 
248.460: Total time for which application threads were stopped: 0.0658530 seconds, Stopping threads took: 0.0650770 seconds
248.543: Application time: 0.0837120 seconds
248.600: [GC [PSYoungGen: 13667K->774K(14336K)] 21187K->8310K(46080K), 0.0005530 secs] [Times: user=0.00 sys=0.00, real=0.00 secs] 
248.601: Total time for which application threads were stopped: 0.0574130 seconds, Stopping threads took: 0.0567690 seconds
248.684: Application time: 0.0835530 seconds
248.737: [GC [PSYoungGen: 13487K->1523K(14336K)] 21023K->10256K(46080K), 0.0011130 secs] [Times: user=0.00 sys=0.00, real=0.00 secs] 
248.738: Total time for which application threads were stopped: 0.0542600 seconds, Stopping threads took: 0.0530380 seconds
248.822: Application time: 0.0835900 seconds
248.893: [GC [PSYoungGen: 14314K->1458K(14336K)] 23047K->10214K(46080K), 0.0006460 secs] [Times: user=0.00 sys=0.00, real=0.00 secs] 
248.894: Total time for which application threads were stopped: 0.0714450 seconds, Stopping threads took: 0.0707220 seconds
248.989: Application time: 0.0959640 seconds
249.064: [GC [PSYoungGen: 14073K->1117K(14336K)] 22829K->9873K(46080K), 0.0007160 secs] [Times: user=0.01 sys=0.00, real=0.00 secs] 
249.065: Total time for which application threads were stopped: 0.0756160 seconds, Stopping threads took: 0.0748060 seconds
249.152: Application time: 0.0871060 seconds
249.217: [GC [PSYoungGen: 13635K->742K(14336K)] 22391K->9498K(46080K), 0.0005370 secs] [Times: user=0.00 sys=0.00, real=0.00 secs] 
249.218: Total time for which application threads were stopped: 0.0657780 seconds, Stopping threads took: 0.0651540 seconds
249.300: Application time: 0.0821350 seconds
249.364: [GC [PSYoungGen: 13534K->547K(14336K)] 22290K->9303K(46080K), 0.0004890 secs] [Times: user=0.00 sys=0.00, real=0.00 secs] 
249.364: Total time for which application threads were stopped: 0.0641690 seconds, Stopping threads took: 0.0636000 seconds
249.447: Application time: 0.0825310 seconds
249.512: [GC [PSYoungGen: 13347K->304K(14336K)] 22103K->9060K(46080K), 0.0004610 secs] [Times: user=0.00 sys=0.00, real=0.00 secs] 
249.512: Total time for which application threads were stopped: 0.0654640 seconds, Stopping threads took: 0.0649310 seconds
249.593: Application time: 0.0805580 seconds
249.631: [GC [PSYoungGen: 13046K->1523K(14336K)] 21802K->10874K(46080K), 0.0009570 secs] [Times: user=0.01 sys=0.00, real=0.01 secs] 
249.632: Total time for which application threads were stopped: 0.0388480 seconds, Stopping threads took: 0.0377940 seconds
249.714: Application time: 0.0822430 seconds
249.784: [GC [PSYoungGen: 14041K->1524K(14336K)] 23391K->11069K(46080K), 0.0009800 secs] [Times: user=0.01 sys=0.00, real=0.00 secs] 
249.785: Total time for which application threads were stopped: 0.0707460 seconds, Stopping threads took: 0.0696700 seconds
249.867: Application time: 0.0825980 seconds
249.934: [GC [PSYoungGen: 14315K->1376K(14336K)] 23860K->11125K(46080K), 0.0007380 secs] [Times: user=0.00 sys=0.00, real=0.00 secs] 
249.935: Total time for which application threads were stopped: 0.0678740 seconds, Stopping threads took: 0.0670260 seconds
250.018: Application time: 0.0828180 seconds
250.076: [GC [PSYoungGen: 14167K->1328K(14336K)] 23916K->11085K(46080K), 0.0007080 secs] [Times: user=0.00 sys=0.00, real=0.00 secs] 
250.077: Total time for which application threads were stopped: 0.0588420 seconds, Stopping threads took: 0.0580570 seconds
250.162: Application time: 0.0847850 seconds
250.227: [GC [PSYoungGen: 14041K->1117K(14336K)] 23798K->10882K(46080K), 0.0006730 secs] [Times: user=0.01 sys=0.00, real=0.00 secs] 
250.227: Total time for which application threads were stopped: 0.0655930 seconds, Stopping threads took: 0.0648400 seconds
250.317: Application time: 0.0899550 seconds
250.367: [GC [PSYoungGen: 13732K->1524K(14336K)] 23497K->11687K(46080K), 0.0007620 secs] [Times: user=0.01 sys=0.00, real=0.00 secs] 
250.368: Total time for which application threads were stopped: 0.0508390 seconds, Stopping threads took: 0.0499980 seconds
250.451: Application time: 0.0828700 seconds
250.523: [GC [PSYoungGen: 14217K->563K(14336K)] 24380K->10734K(46080K), 0.0004750 secs] [Times: user=0.00 sys=0.00, real=0.00 secs] 
250.524: Total time for which application threads were stopped: 0.0727790 seconds, Stopping threads took: 0.0722250 seconds
250.605: Application time: 0.0810700 seconds
250.641: [GC [PSYoungGen: 13178K->1458K(14336K)] 23350K->12606K(46080K), 0.0011160 secs] [Times: user=0.00 sys=0.00, real=0.00 secs] 
250.642: Total time for which application threads were stopped: 0.0373420 seconds, Stopping threads took: 0.0361330 seconds
250.725: Application time: 0.0827890 seconds
250.800: [GC [PSYoungGen: 14258K->1181K(14336K)] 25406K->12329K(46080K), 0.0006230 secs] [Times: user=0.00 sys=0.00, real=0.00 secs] 
250.801: Total time for which application threads were stopped: 0.0761250 seconds, Stopping threads took: 0.0754070 seconds
250.886: Application time: 0.0853690 seconds
250.955: [GC [PSYoungGen: 13769K->758K(14336K)] 24917K->11906K(46080K), 0.0005510 secs] [Times: user=0.00 sys=0.00, real=0.00 secs] 
250.956: Total time for which application threads were stopped: 0.0699800 seconds, Stopping threads took: 0.0683820 seconds
251.039: Application time: 0.0827970 seconds
251.076: [GC [PSYoungGen: 13374K->1474K(14336K)] 24522K->13802K(46080K), 0.0011070 secs] [Times: user=0.01 sys=0.00, real=0.00 secs] 
251.077: Total time for which application threads were stopped: 0.0378670 seconds, Stopping threads took: 0.0366540 seconds
251.159: Application time: 0.0819380 seconds
251.234: [GC [PSYoungGen: 14265K->1344K(14336K)] 26593K->13672K(46080K), 0.0009080 secs] [Times: user=0.01 sys=0.00, real=0.00 secs] 
251.234: Total time for which application threads were stopped: 0.0754880 seconds, Stopping threads took: 0.0744860 seconds
251.312: Application time: 0.0772580 seconds
251.373: [GC [PSYoungGen: 13823K->758K(14336K)] 26151K->13086K(46080K), 0.0005390 secs] [Times: user=0.00 sys=0.00, real=0.00 secs] 
251.374: Total time for which application threads were stopped: 0.0619110 seconds, Stopping threads took: 0.0612920 seconds
251.464: Application time: 0.0905680 seconds
251.528: [GC [PSYoungGen: 13550K->515K(14336K)] 25878K->12851K(46080K), 0.0006730 secs] [Times: user=0.00 sys=0.00, real=0.00 secs] 
251.529: Total time for which application threads were stopped: 0.0643900 seconds, Stopping threads took: 0.0636510 seconds
251.604: Application time: 0.0758540 seconds
251.666: [GC [PSYoungGen: 13306K->288K(14336K)] 25642K->12631K(46080K), 0.0006680 secs] [Times: user=0.00 sys=0.00, real=0.00 secs] 
251.667: Total time for which application threads were stopped: 0.0623160 seconds, Stopping threads took: 0.0615600 seconds
251.740: Application time: 0.0731210 seconds
251.774: [GC [PSYoungGen: 12903K->1392K(14336K)] 25247K->15697K(46080K), 0.0011300 secs] [Times: user=0.00 sys=0.00, real=0.00 secs] 
251.775: Total time for which application threads were stopped: 0.0350790 seconds, Stopping threads took: 0.0338660 seconds
251.850: Application time: 0.0751450 seconds
251.915: [GC [PSYoungGen: 14105K->1523K(14336K)] 28410K->17399K(46080K), 0.0013040 secs] [Times: user=0.01 sys=0.00, real=0.00 secs] 
251.916: Total time for which application threads were stopped: 0.0660240 seconds, Stopping threads took: 0.0646450 seconds
251.994: Application time: 0.0777550 seconds
252.054: [GC [PSYoungGen: 14315K->1392K(14336K)] 30190K->18839K(46080K), 0.0010530 secs] [Times: user=0.01 sys=0.00, real=0.00 secs] 
252.055: Total time for which application threads were stopped: 0.0609000 seconds, Stopping threads took: 0.0597740 seconds
252.131: Application time: 0.0758190 seconds
252.196: [GC [PSYoungGen: 14008K->1376K(14336K)] 31454K->19026K(46080K), 0.0007580 secs] [Times: user=0.00 sys=0.00, real=0.00 secs] 
252.197: Total time for which application threads were stopped: 0.0658630 seconds, Stopping threads took: 0.0650230 seconds
252.272: Application time: 0.0751620 seconds
252.306: [GC [PSYoungGen: 14070K->1527K(14336K)] 31719K->22111K(46080K), 0.0015480 secs] [Times: user=0.01 sys=0.00, real=0.00 secs] 
252.308: Total time for which application threads were stopped: 0.0359500 seconds, Stopping threads took: 0.0343060 seconds
252.390: Application time: 0.0824090 seconds
252.457: [GC [PSYoungGen: 14025K->646K(14336K)] 34609K->21231K(46080K), 0.0005350 secs] [Times: user=0.01 sys=0.00, real=0.00 secs] 
252.458: Total time for which application threads were stopped: 0.0678190 seconds, Stopping threads took: 0.0671940 seconds
252.535: Application time: 0.0766830 seconds
252.596: [GC [PSYoungGen: 13359K->451K(14336K)] 33944K->21043K(46080K), 0.0004670 secs] [Times: user=0.00 sys=0.00, real=0.00 secs] 
252.597: Total time for which application threads were stopped: 0.0623740 seconds, Stopping threads took: 0.0618380 seconds
252.673: Application time: 0.0759690 seconds
252.733: [GC [PSYoungGen: 13242K->224K(14336K)] 33835K->20816K(46080K), 0.0005040 secs] [Times: user=0.00 sys=0.00, real=0.00 secs] 
252.734: Total time for which application threads were stopped: 0.0609610 seconds, Stopping threads took: 0.0603810 seconds
252.807: Application time: 0.0730580 seconds
252.843: [GC [PSYoungGen: 12976K->1508K(14336K)] 33569K->22694K(46080K), 0.0010030 secs] [Times: user=0.01 sys=0.00, real=0.00 secs] 
252.844: Total time for which application threads were stopped: 0.0366460 seconds, Stopping threads took: 0.0355480 seconds
252.921: Application time: 0.0772080 seconds
252.981: [GC [PSYoungGen: 14201K->1442K(14336K)] 35388K->23027K(46080K), 0.0008910 secs] [Times: user=0.00 sys=0.00, real=0.00 secs] 
252.982: Total time for which application threads were stopped: 0.0612090 seconds, Stopping threads took: 0.0602280 seconds
253.058: Application time: 0.0763880 seconds
253.121: [GC [PSYoungGen: 14057K->1523K(14336K)] 35642K->23109K(46080K), 0.0007280 secs] [Times: user=0.01 sys=0.00, real=0.00 secs] 
253.121: Total time for which application threads were stopped: 0.0629260 seconds, Stopping threads took: 0.0621260 seconds
253.197: Application time: 0.0752630 seconds
253.247: [GC [PSYoungGen: 14139K->1507K(14336K)] 35724K->23890K(46080K), 0.0009550 secs] [Times: user=0.00 sys=0.00, real=0.00 secs] 
253.248: Total time for which application threads were stopped: 0.0511350 seconds, Stopping threads took: 0.0500950 seconds
253.323: Application time: 0.0750060 seconds
253.387: [GC [PSYoungGen: 13927K->1394K(14336K)] 36310K->24183K(46080K), 0.0007490 secs] [Times: user=0.01 sys=0.00, real=0.00 secs] 
253.388: Total time for which application threads were stopped: 0.0652480 seconds, Stopping threads took: 0.0644240 seconds
253.469: Application time: 0.0808950 seconds
253.518: [GC [PSYoungGen: 14185K->1507K(14336K)] 36974K->25484K(46080K), 0.0012010 secs] [Times: user=0.00 sys=0.00, real=0.00 secs] 
253.519: Total time for which application threads were stopped: 0.0501250 seconds, Stopping threads took: 0.0488290 seconds
253.597: Application time: 0.0775390 seconds
253.659: [GC [PSYoungGen: 14220K->1376K(14336K)] 38197K->26533K(46080K), 0.0012540 secs] [Times: user=0.00 sys=0.00, real=0.01 secs] 
253.660: Total time for which application threads were stopped: 0.0636330 seconds, Stopping threads took: 0.0623010 seconds
253.736: Application time: 0.0760130 seconds
253.805: [GC [PSYoungGen: 14148K->1149K(14336K)] 39305K->26306K(46080K), 0.0006390 secs] [Times: user=0.00 sys=0.00, real=0.00 secs] 
253.805: Total time for which application threads were stopped: 0.0691970 seconds, Stopping threads took: 0.0684510 seconds
253.882: Application time: 0.0770270 seconds
253.930: [GC [PSYoungGen: 13862K->970K(14336K)] 39019K->26126K(46080K), 0.0005530 secs] [Times: user=0.00 sys=0.00, real=0.00 secs] 
253.931: Total time for which application threads were stopped: 0.0481510 seconds, Stopping threads took: 0.0475320 seconds
254.007: Application time: 0.0767190 seconds
254.069: [GC [PSYoungGen: 13683K->742K(14336K)] 38839K->25907K(46080K), 0.0005600 secs] [Times: user=0.00 sys=0.00, real=0.00 secs] 
254.070: Total time for which application threads were stopped: 0.0624670 seconds, Stopping threads took: 0.0618310 seconds
254.145: Application time: 0.0753830 seconds
254.198: [GC [PSYoungGen: 13417K->320K(14336K)] 38581K->25484K(46080K), 0.0004500 secs] [Times: user=0.00 sys=0.00, real=0.00 secs] 
254.199: Total time for which application threads were stopped: 0.0535250 seconds, Stopping threads took: 0.0530070 seconds
254.272: Application time: 0.0732360 seconds
254.308: [GC [PSYoungGen: 13111K->1360K(14336K)] 38276K->27510K(46080K), 0.0008790 secs] [Times: user=0.01 sys=0.00, real=0.00 secs] 
254.309: Total time for which application threads were stopped: 0.0367030 seconds, Stopping threads took: 0.0357450 seconds
254.387: Application time: 0.0784330 seconds
254.450: [GC [PSYoungGen: 13937K->758K(14336K)] 40086K->26924K(46080K), 0.0005530 secs] [Times: user=0.00 sys=0.00, real=0.00 secs] 
254.450: Total time for which application threads were stopped: 0.0631220 seconds, Stopping threads took: 0.0625060 seconds
254.527: Application time: 0.0770370 seconds
254.588: [GC [PSYoungGen: 13471K->579K(14336K)] 39637K->26744K(46080K), 0.0005010 secs] [Times: user=0.00 sys=0.00, real=0.00 secs] 
254.589: Total time for which application threads were stopped: 0.0617620 seconds, Stopping threads took: 0.0611890 seconds
254.663: Application time: 0.0742900 seconds
254.698: [GC [PSYoungGen: 13194K->1527K(14336K)] 39360K->29638K(46080K), 0.0012000 secs] [Times: user=0.00 sys=0.00, real=0.01 secs] 
254.700: Total time for which application threads were stopped: 0.0363100 seconds, Stopping threads took: 0.0350380 seconds
254.778: Application time: 0.0781210 seconds
254.846: [GC [PSYoungGen: 14044K->841K(14336K)] 42156K->28961K(46080K), 0.0005040 secs] [Times: user=0.00 sys=0.00, real=0.00 secs] 
254.846: Total time for which application threads were stopped: 0.0683210 seconds, Stopping threads took: 0.0677390 seconds
254.923: Application time: 0.0765440 seconds
254.976: [GC [PSYoungGen: 13633K->646K(14336K)] 41752K->28774K(46080K), 0.0005090 secs] [Times: user=0.00 sys=0.00, real=0.00 secs] 
254.977: Total time for which application threads were stopped: 0.0543150 seconds, Stopping threads took: 0.0537350 seconds
255.053: Application time: 0.0763030 seconds
255.114: [GC [PSYoungGen: 13437K->419K(14336K)] 41565K->28546K(46080K), 0.0004760 secs] [Times: user=0.00 sys=0.00, real=0.00 secs] 
255.114: Total time for which application threads were stopped: 0.0611740 seconds, Stopping threads took: 0.0606280 seconds
255.190: Application time: 0.0755960 seconds
255.252: [GC [PSYoungGen: 13210K->208K(14336K)] 41338K->28335K(46080K), 0.0004820 secs] [Times: user=0.00 sys=0.00, real=0.00 secs] 
255.253: Total time for which application threads were stopped: 0.0626880 seconds, Stopping threads took: 0.0621390 seconds
255.326: Application time: 0.0736090 seconds
255.360: [GC [PSYoungGen: 12921K->1443K(14336K)] 41048K->30352K(46080K), 0.0010440 secs] [Times: user=0.01 sys=0.00, real=0.00 secs] 
255.361: Total time for which application threads were stopped: 0.0350220 seconds, Stopping threads took: 0.0338740 seconds
255.455: Application time: 0.0937330 seconds
255.520: [GC [PSYoungGen: 14137K->890K(14336K)] 43046K->29814K(46080K), 0.0009540 secs] [Times: user=0.01 sys=0.00, real=0.00 secs] 
255.521: Total time for which application threads were stopped: 0.0661210 seconds, Stopping threads took: 0.0650770 seconds
255.598: Application time: 0.0767970 seconds
255.646: [GC [PSYoungGen: 13681K->726K(14336K)] 42606K->29651K(46080K), 0.0006780 secs] [Times: user=0.01 sys=0.00, real=0.00 secs] 
255.647: Total time for which application threads were stopped: 0.0487500 seconds, Stopping threads took: 0.0479930 seconds
255.723: Application time: 0.0758030 seconds
255.783: [GC [PSYoungGen: 13439K->515K(14336K)] 42364K->29448K(46080K), 0.0005080 secs] [Times: user=0.00 sys=0.00, real=0.00 secs] 
255.783: Total time for which application threads were stopped: 0.0605390 seconds, Stopping threads took: 0.0599450 seconds
255.859: Application time: 0.0762080 seconds
255.913: [GC [PSYoungGen: 13306K->320K(14336K)] 42239K->29252K(46080K), 0.0004270 secs] [Times: user=0.01 sys=0.00, real=0.00 secs] 
255.913: Total time for which application threads were stopped: 0.0540410 seconds, Stopping threads took: 0.0535420 seconds
255.987: Application time: 0.0740910 seconds
256.022: [GC [PSYoungGen: 13013K->1149K(14336K)] 41946K->30082K(46080K), 0.0005750 secs] [Times: user=0.01 sys=0.00, real=0.00 secs] 
256.024: Total time for which application threads were stopped: 0.0361810 seconds, Stopping threads took: 0.0345200 seconds
256.110: Application time: 0.0861210 seconds
256.175: [GC [PSYoungGen: 13823K->742K(14336K)] 42756K->29691K(46080K), 0.0006740 secs] [Times: user=0.00 sys=0.00, real=0.00 secs] 
256.176: Total time for which application threads were stopped: 0.0658710 seconds, Stopping threads took: 0.0651270 seconds
256.256: Application time: 0.0800340 seconds
256.320: [GC [PSYoungGen: 13455K->563K(14336K)] 42404K->29520K(46080K), 0.0005730 secs] [Times: user=0.00 sys=0.00, real=0.00 secs] 
256.321: Total time for which application threads were stopped: 0.0649080 seconds, Stopping threads took: 0.0642450 seconds
256.396: Application time: 0.0749810 seconds
256.456: [GC [PSYoungGen: 13276K->320K(14336K)] 42233K->29284K(46080K), 0.0006390 secs] [Times: user=0.00 sys=0.00, real=0.00 secs] 
256.456: Total time for which application threads were stopped: 0.0607440 seconds, Stopping threads took: 0.0600280 seconds
256.530: Application time: 0.0735870 seconds
256.564: [GC [PSYoungGen: 13013K->1392K(14336K)] 41978K->32310K(46080K), 0.0011220 secs] [Times: user=0.01 sys=0.00, real=0.00 secs] 
256.566: [Full GC [PSYoungGen: 1392K->0K(14336K)] [ParOldGen: 30918K->4709K(31744K)] 32310K->4709K(46080K) [PSPermGen: 5151K->5151K(21504K)], 0.0044030 secs] [Times: user=0.02 sys=0.00, real=0.00 secs] 
256.570: Total time for which application threads were stopped: 0.0402130 seconds, Stopping threads took: 0.0345540 seconds
256.646: Application time: 0.0764050 seconds
256.704: [GC [PSYoungGen: 12693K->1525K(14336K)] 17403K->7602K(46080K), 0.0012720 secs] [Times: user=0.00 sys=0.00, real=0.00 secs] 
256.706: Total time for which application threads were stopped: 0.0592360 seconds, Stopping threads took: 0.0578670 seconds
256.782: Application time: 0.0759120 seconds
256.845: [GC [PSYoungGen: 14316K->1493K(14336K)] 20393K->8742K(46080K), 0.0010020 secs] [Times: user=0.00 sys=0.01, real=0.00 secs] 
256.846: Total time for which application threads were stopped: 0.0642150 seconds, Stopping threads took: 0.0631200 seconds
256.922: Application time: 0.0764260 seconds
256.986: [GC [PSYoungGen: 14206K->1395K(14336K)] 21455K->8644K(46080K), 0.0007590 secs] [Times: user=0.00 sys=0.00, real=0.00 secs] 
256.986: Total time for which application threads were stopped: 0.0642140 seconds, Stopping threads took: 0.0633520 seconds
257.062: Application time: 0.0750650 seconds
257.127: [GC [PSYoungGen: 14108K->1232K(14336K)] 21357K->8481K(46080K), 0.0006170 secs] [Times: user=0.00 sys=0.00, real=0.00 secs] 
257.128: Total time for which application threads were stopped: 0.0661240 seconds, Stopping threads took: 0.0654300 seconds
257.206: Application time: 0.0784200 seconds
257.266: [GC [PSYoungGen: 14023K->1037K(14336K)] 21272K->8286K(46080K), 0.0007610 secs] [Times: user=0.00 sys=0.00, real=0.00 secs] 
257.267: Total time for which application threads were stopped: 0.0607140 seconds, Stopping threads took: 0.0598580 seconds
257.355: Application time: 0.0882400 seconds
257.423: [GC [PSYoungGen: 13555K->694K(14336K)] 20804K->7943K(46080K), 0.0004130 secs] [Times: user=0.00 sys=0.00, real=0.00 secs] 
257.423: Total time for which application threads were stopped: 0.0681650 seconds, Stopping threads took: 0.0676850 seconds
257.500: Application time: 0.0764130 seconds
257.553: [GC [PSYoungGen: 13447K->256K(14336K)] 20696K->7504K(46080K), 0.0007380 secs] [Times: user=0.00 sys=0.00, real=0.00 secs] 
257.554: Total time for which application threads were stopped: 0.0539140 seconds, Stopping threads took: 0.0530910 seconds
257.627: Application time: 0.0733010 seconds
257.662: [GC [PSYoungGen: 12949K->1085K(14336K)] 20198K->8334K(46080K), 0.0006040 secs] [Times: user=0.00 sys=0.00, real=0.00 secs] 
257.663: Total time for which application threads were stopped: 0.0361360 seconds, Stopping threads took: 0.0354360 seconds
257.740: Application time: 0.0773780 seconds
257.780: [GC [PSYoungGen: 13700K->1376K(14336K)] 20949K->9211K(46080K), 0.0008190 secs] [Times: user=0.00 sys=0.00, real=0.00 secs] 
257.781: Total time for which application threads were stopped: 0.0407700 seconds, Stopping threads took: 0.0398840 seconds
257.859: Application time: 0.0776270 seconds
257.921: [GC [PSYoungGen: 14089K->1344K(14336K)] 21924K->9570K(46080K), 0.0007500 secs] [Times: user=0.00 sys=0.00, real=0.00 secs] 
257.921: Total time for which application threads were stopped: 0.0626160 seconds, Stopping threads took: 0.0617930 seconds
257.997: Application time: 0.0754760 seconds
258.061: [GC [PSYoungGen: 14038K->352K(14336K)] 22263K->8577K(46080K), 0.0003850 secs] [Times: user=0.00 sys=0.00, real=0.00 secs] 
258.061: Total time for which application threads were stopped: 0.0642490 seconds, Stopping threads took: 0.0637840 seconds
258.135: Application time: 0.0735980 seconds
258.170: [GC [PSYoungGen: 13045K->1133K(14336K)] 21271K->9358K(46080K), 0.0005680 secs] [Times: user=0.00 sys=0.00, real=0.00 secs] 
258.170: Total time for which application threads were stopped: 0.0355810 seconds, Stopping threads took: 0.0349410 seconds
258.266: Application time: 0.0961660 seconds
258.327: [GC [PSYoungGen: 13748K->1492K(14336K)] 21974K->10108K(46080K), 0.0008090 secs] [Times: user=0.01 sys=0.00, real=0.00 secs] 
258.328: Total time for which application threads were stopped: 0.0617990 seconds, Stopping threads took: 0.0609120 seconds
258.410: Application time: 0.0812880 seconds
258.471: [GC [PSYoungGen: 14107K->1392K(14336K)] 22723K->11376K(46080K), 0.0009820 secs] [Times: user=0.01 sys=0.01, real=0.01 secs] 
258.472: Total time for which application threads were stopped: 0.0623330 seconds, Stopping threads took: 0.0612720 seconds
258.548: Application time: 0.0760530 seconds
258.611: [GC [PSYoungGen: 14086K->1506K(14336K)] 24069K->12466K(46080K), 0.0009180 secs] [Times: user=0.00 sys=0.00, real=0.01 secs] 
258.612: Total time for which application threads were stopped: 0.0636990 seconds, Stopping threads took: 0.0627030 seconds
258.688: Application time: 0.0759870 seconds
258.749: [GC [PSYoungGen: 14004K->1424K(14336K)] 24964K->12994K(46080K), 0.0007240 secs] [Times: user=0.01 sys=0.00, real=0.00 secs] 
258.750: Total time for which application threads were stopped: 0.0619180 seconds, Stopping threads took: 0.0611280 seconds
258.827: Application time: 0.0775650 seconds
258.888: [GC [PSYoungGen: 14196K->1442K(14336K)] 25766K->13223K(46080K), 0.0007910 secs] [Times: user=0.01 sys=0.01, real=0.00 secs] 
258.889: Total time for which application threads were stopped: 0.0617050 seconds, Stopping threads took: 0.0608360 seconds
258.979: Application time: 0.0897890 seconds
259.045: [GC [PSYoungGen: 14233K->352K(14336K)] 26015K->12133K(46080K), 0.0005140 secs] [Times: user=0.00 sys=0.00, real=0.00 secs] 
259.045: Total time for which application threads were stopped: 0.0668120 seconds, Stopping threads took: 0.0662060 seconds
259.120: Application time: 0.0742140 seconds
259.154: [GC [PSYoungGen: 13045K->1165K(14336K)] 24827K->12946K(46080K), 0.0006240 secs] [Times: user=0.00 sys=0.00, real=0.00 secs] 
259.155: Total time for which application threads were stopped: 0.0353750 seconds, Stopping threads took: 0.0346660 seconds
259.242: Application time: 0.0869430 seconds
259.299: [GC [PSYoungGen: 13780K->1524K(14336K)] 25562K->13704K(46080K), 0.0008340 secs] [Times: user=0.01 sys=0.00, real=0.01 secs] 
259.299: Total time for which application threads were stopped: 0.0573910 seconds, Stopping threads took: 0.0564850 seconds
259.382: Application time: 0.0829700 seconds
259.455: [GC [PSYoungGen: 14139K->547K(14336K)] 26319K->12727K(46080K), 0.0005700 secs] [Times: user=0.00 sys=0.00, real=0.00 secs] 
259.456: Total time for which application threads were stopped: 0.0732710 seconds, Stopping threads took: 0.0726240 seconds
259.538: Application time: 0.0826710 seconds
259.592: [GC [PSYoungGen: 13338K->304K(14336K)] 25518K->12516K(46080K), 0.0005120 secs] [Times: user=0.00 sys=0.00, real=0.00 secs] 
259.592: Total time for which application threads were stopped: 0.0540650 seconds, Stopping threads took: 0.0534830 seconds
259.673: Application time: 0.0802440 seconds
259.711: [GC [PSYoungGen: 12997K->1474K(14336K)] 25209K->14483K(46080K), 0.0009310 secs] [Times: user=0.00 sys=0.00, real=0.01 secs] 
259.711: Total time for which application threads were stopped: 0.0388600 seconds, Stopping threads took: 0.0378340 seconds
259.800: Application time: 0.0886990 seconds
259.876: [GC [PSYoungGen: 14070K->758K(14336K)] 27079K->13768K(46080K), 0.0005020 secs] [Times: user=0.00 sys=0.00, real=0.00 secs] 
259.876: Total time for which application threads were stopped: 0.0760920 seconds, Stopping threads took: 0.0755180 seconds
259.962: Application time: 0.0855940 seconds
260.018: [GC [PSYoungGen: 13374K->1149K(14336K)] 26383K->14549K(46080K), 0.0007370 secs] [Times: user=0.01 sys=0.00, real=0.01 secs] 
260.019: Total time for which application threads were stopped: 0.0572200 seconds, Stopping threads took: 0.0563940 seconds
260.101: Application time: 0.0816740 seconds
260.171: [GC [PSYoungGen: 13862K->1296K(14336K)] 27262K->14712K(46080K), 0.0007690 secs] [Times: user=0.01 sys=0.00, real=0.00 secs] 
260.172: Total time for which application threads were stopped: 0.0710100 seconds, Stopping threads took: 0.0701500 seconds
260.257: Application time: 0.0850600 seconds
260.310: [GC [PSYoungGen: 14096K->1101K(14336K)] 27512K->14525K(46080K), 0.0006210 secs] [Times: user=0.01 sys=0.00, real=0.00 secs] 
260.311: Total time for which application threads were stopped: 0.0537700 seconds, Stopping threads took: 0.0530680 seconds
260.395: Application time: 0.0847520 seconds
260.459: [GC [PSYoungGen: 13765K->774K(14336K)] 27189K->14198K(46080K), 0.0005680 secs] [Times: user=0.00 sys=0.00, real=0.00 secs] 
260.460: Total time for which application threads were stopped: 0.0645040 seconds, Stopping threads took: 0.0638660 seconds
260.544: Application time: 0.0838600 seconds
260.602: [GC [PSYoungGen: 13565K->531K(14336K)] 26989K->13955K(46080K), 0.0004500 secs] [Times: user=0.00 sys=0.00, real=0.00 secs] 
260.602: Total time for which application threads were stopped: 0.0584710 seconds, Stopping threads took: 0.0579490 seconds
260.684: Application time: 0.0822740 seconds
260.754: [GC [PSYoungGen: 13322K->304K(14336K)] 26746K->13736K(46080K), 0.0005030 secs] [Times: user=0.00 sys=0.00, real=0.00 secs] 
260.755: Total time for which application threads were stopped: 0.0702120 seconds, Stopping threads took: 0.0696370 seconds
260.835: Application time: 0.0802000 seconds
260.872: [GC [PSYoungGen: 12919K->1376K(14336K)] 26351K->16770K(46080K), 0.0012460 secs] [Times: user=0.00 sys=0.00, real=0.00 secs] 
260.874: Total time for which application threads were stopped: 0.0387330 seconds, Stopping threads took: 0.0373990 seconds
260.955: Application time: 0.0816280 seconds
261.032: [GC [PSYoungGen: 14167K->954K(14336K)] 29561K->16355K(46080K), 0.0005970 secs] [Times: user=0.00 sys=0.00, real=0.00 secs] 
261.034: Total time for which application threads were stopped: 0.0782400 seconds, Stopping threads took: 0.0765690 seconds
261.115: Application time: 0.0816760 seconds
261.154: [GC [PSYoungGen: 13745K->1392K(14336K)] 29146K->18364K(46080K), 0.0012820 secs] [Times: user=0.00 sys=0.00, real=0.00 secs] 
261.155: Total time for which application threads were stopped: 0.0398430 seconds, Stopping threads took: 0.0384840 seconds
261.239: Application time: 0.0835880 seconds
261.309: [GC [PSYoungGen: 14105K->1442K(14336K)] 31077K->18617K(46080K), 0.0008840 secs] [Times: user=0.00 sys=0.00, real=0.00 secs] 
261.310: Total time for which application threads were stopped: 0.0713180 seconds, Stopping threads took: 0.0703380 seconds
261.399: Application time: 0.0891660 seconds
261.474: [GC [PSYoungGen: 14155K->288K(14336K)] 31330K->17463K(46080K), 0.0004700 secs] [Times: user=0.00 sys=0.00, real=0.00 secs] 
261.475: Total time for which application threads were stopped: 0.0758480 seconds, Stopping threads took: 0.0752850 seconds
261.555: Application time: 0.0804400 seconds
261.593: [GC [PSYoungGen: 12981K->1149K(14336K)] 30156K->18324K(46080K), 0.0006620 secs] [Times: user=0.00 sys=0.00, real=0.00 secs] 
261.594: Total time for which application threads were stopped: 0.0382700 seconds, Stopping threads took: 0.0375230 seconds
261.677: Application time: 0.0829910 seconds
261.731: [GC [PSYoungGen: 13745K->774K(14336K)] 30920K->17965K(46080K), 0.0005070 secs] [Times: user=0.00 sys=0.00, real=0.01 secs] 
261.731: Total time for which application threads were stopped: 0.0544980 seconds, Stopping threads took: 0.0539060 seconds
261.824: Application time: 0.0927470 seconds
261.893: [GC [PSYoungGen: 13566K->563K(14336K)] 30757K->17762K(46080K), 0.0007580 secs] [Times: user=0.00 sys=0.00, real=0.00 secs] 
261.894: Total time for which application threads were stopped: 0.0697950 seconds, Stopping threads took: 0.0689570 seconds
261.975: Application time: 0.0817140 seconds
262.041: [GC [PSYoungGen: 13276K->320K(14336K)] 30475K->17535K(46080K), 0.0005570 secs] [Times: user=0.00 sys=0.00, real=0.00 secs] 
262.041: Total time for which application threads were stopped: 0.0659680 seconds, Stopping threads took: 0.0653110 seconds
262.122: Application time: 0.0806270 seconds
262.160: [GC [PSYoungGen: 13013K->1149K(14336K)] 30228K->18364K(46080K), 0.0006530 secs] [Times: user=0.00 sys=0.00, real=0.00 secs] 
262.160: Total time for which application threads were stopped: 0.0382660 seconds, Stopping threads took: 0.0375160 seconds
262.243: Application time: 0.0829340 seconds
262.308: [GC [PSYoungGen: 13823K->790K(14336K)] 31038K->18005K(46080K), 0.0005050 secs] [Times: user=0.00 sys=0.00, real=0.00 secs] 
262.309: Total time for which application threads were stopped: 0.0656160 seconds, Stopping threads took: 0.0650440 seconds
262.391: Application time: 0.0817970 seconds
262.456: [GC [PSYoungGen: 13582K->547K(14336K)] 30797K->17770K(46080K), 0.0005230 secs] [Times: user=0.00 sys=0.00, real=0.00 secs] 
262.457: Total time for which application threads were stopped: 0.0660910 seconds, Stopping threads took: 0.0655010 seconds
262.539: Application time: 0.0819310 seconds
262.606: [GC [PSYoungGen: 13260K->304K(14336K)] 30483K->17535K(46080K), 0.0005460 secs] [Times: user=0.00 sys=0.00, real=0.00 secs] 
262.607: Total time for which application threads were stopped: 0.0680000 seconds, Stopping threads took: 0.0673570 seconds
262.687: Application time: 0.0801970 seconds
262.725: [GC [PSYoungGen: 12919K->1376K(14336K)] 30150K->20569K(46080K), 0.0012720 secs] [Times: user=0.01 sys=0.00, real=0.00 secs] 
262.726: Total time for which application threads were stopped: 0.0390330 seconds, Stopping threads took: 0.0376590 seconds
262.818: Application time: 0.0925040 seconds
262.889: [GC [PSYoungGen: 13992K->1344K(14336K)] 33184K->21131K(46080K), 0.0007760 secs] [Times: user=0.00 sys=0.00, real=0.00 secs] 
262.889: Total time for which application threads were stopped: 0.0709700 seconds, Stopping threads took: 0.0701010 seconds
262.973: Application time: 0.0834960 seconds
263.039: [GC [PSYoungGen: 14018K->1360K(14336K)] 33805K->21342K(46080K), 0.0008810 secs] [Times: user=0.00 sys=0.00, real=0.01 secs] 
263.040: Total time for which application threads were stopped: 0.0666170 seconds, Stopping threads took: 0.0656410 seconds
263.121: Application time: 0.0818790 seconds
263.193: [GC [PSYoungGen: 14151K->1360K(14336K)] 34133K->21350K(46080K), 0.0007080 secs] [Times: user=0.01 sys=0.00, real=0.00 secs] 
263.194: Total time for which application threads were stopped: 0.0722520 seconds, Stopping threads took: 0.0714600 seconds
263.275: Application time: 0.0816630 seconds
263.328: [GC [PSYoungGen: 14073K->1181K(14336K)] 34063K->21179K(46080K), 0.0006370 secs] [Times: user=0.00 sys=0.00, real=0.00 secs] 
263.328: Total time for which application threads were stopped: 0.0528980 seconds, Stopping threads took: 0.0521800 seconds
263.407: Application time: 0.0790830 seconds
263.471: [GC [PSYoungGen: 13972K->986K(14336K)] 33970K->20983K(46080K), 0.0005210 secs] [Times: user=0.00 sys=0.00, real=0.01 secs] 
263.471: Total time for which application threads were stopped: 0.0637730 seconds, Stopping threads took: 0.0631810 seconds
263.558: Application time: 0.0870820 seconds
263.607: [GC [PSYoungGen: 13777K->1474K(14336K)] 33774K->21862K(46080K), 0.0007650 secs] [Times: user=0.01 sys=0.00, real=0.00 secs] 
263.607: Total time for which application threads were stopped: 0.0491880 seconds, Stopping threads took: 0.0483490 seconds
263.685: Application time: 0.0774540 seconds
263.753: [GC [PSYoungGen: 14265K->547K(14336K)] 34653K->20943K(46080K), 0.0005130 secs] [Times: user=0.00 sys=0.00, real=0.00 secs] 
263.753: Total time for which application threads were stopped: 0.0686240 seconds, Stopping threads took: 0.0680120 seconds
263.829: Application time: 0.0754910 seconds
263.878: [GC [PSYoungGen: 13260K->320K(14336K)] 33656K->20724K(46080K), 0.0006140 secs] [Times: user=0.00 sys=0.00, real=0.00 secs] 
263.879: Total time for which application threads were stopped: 0.0498060 seconds, Stopping threads took: 0.0491030 seconds
263.953: Application time: 0.0739180 seconds
263.988: [GC [PSYoungGen: 13092K->1490K(14336K)] 33496K->22683K(46080K), 0.0011280 secs] [Times: user=0.00 sys=0.00, real=0.00 secs] 
263.989: Total time for which application threads were stopped: 0.0362180 seconds, Stopping threads took: 0.0349930 seconds
264.065: Application time: 0.0758060 seconds
264.131: [GC [PSYoungGen: 14008K->774K(14336K)] 35201K->21968K(46080K), 0.0005020 secs] [Times: user=0.00 sys=0.00, real=0.01 secs] 
264.131: Total time for which application threads were stopped: 0.0664470 seconds, Stopping threads took: 0.0658770 seconds
264.207: Application time: 0.0755260 seconds
264.241: [GC [PSYoungGen: 13487K->1392K(14336K)] 34681K->23961K(46080K), 0.0010310 secs] [Times: user=0.01 sys=0.00, real=0.00 secs] 
264.242: Total time for which application threads were stopped: 0.0352630 seconds, Stopping threads took: 0.0341500 seconds
264.319: Application time: 0.0767610 seconds
264.387: [GC [PSYoungGen: 14183K->336K(14336K)] 36752K->22912K(46080K), 0.0004260 secs] [Times: user=0.00 sys=0.00, real=0.00 secs] 
264.387: Total time for which application threads were stopped: 0.0687450 seconds, Stopping threads took: 0.0682380 seconds
264.461: Application time: 0.0736970 seconds
264.495: [GC [PSYoungGen: 12951K->1165K(14336K)] 35528K->23758K(46080K), 0.0005880 secs] [Times: user=0.00 sys=0.00, real=0.00 secs] 
264.496: Total time for which application threads were stopped: 0.0349000 seconds, Stopping threads took: 0.0342380 seconds
264.587: Application time: 0.0911650 seconds
264.650: [GC [PSYoungGen: 13839K->790K(14336K)] 36432K->23383K(46080K), 0.0005730 secs] [Times: user=0.00 sys=0.00, real=0.00 secs] 
264.651: Total time for which application threads were stopped: 0.0635200 seconds, Stopping threads took: 0.0628800 seconds
264.728: Application time: 0.0774280 seconds
264.781: [GC [PSYoungGen: 13581K->563K(14336K)] 36174K->23156K(46080K), 0.0004770 secs] [Times: user=0.00 sys=0.00, real=0.00 secs] 
264.782: Total time for which application threads were stopped: 0.0534460 seconds, Stopping threads took: 0.0529020 seconds
264.857: Application time: 0.0755090 seconds
264.918: [GC [PSYoungGen: 13276K->320K(14336K)] 35869K->22912K(46080K), 0.0004620 secs] [Times: user=0.00 sys=0.00, real=0.00 secs] 
264.918: Total time for which application threads were stopped: 0.0612450 seconds, Stopping threads took: 0.0607050 seconds
264.992: Application time: 0.0733690 seconds
264.994: [GC [PSYoungGen: 13013K->1506K(14336K)] 35606K->27037K(46080K), 0.0014490 secs] [Times: user=0.01 sys=0.00, real=0.00 secs] 
264.995: Total time for which application threads were stopped: 0.0035740 seconds, Stopping threads took: 0.0020500 seconds
265.078: Application time: 0.0824040 seconds
265.142: [GC [PSYoungGen: 14102K->742K(14336K)] 39632K->26281K(46080K), 0.0006640 secs] [Times: user=0.00 sys=0.00, real=0.00 secs] 
265.143: Total time for which application threads were stopped: 0.0648790 seconds, Stopping threads took: 0.0641450 seconds
265.217: Application time: 0.0742580 seconds
265.260: [GC [PSYoungGen: 13436K->1165K(14336K)] 38974K->27094K(46080K), 0.0006880 secs] [Times: user=0.00 sys=0.00, real=0.00 secs] 
265.261: Total time for which application threads were stopped: 0.0442000 seconds, Stopping threads took: 0.0434370 seconds
265.338: Application time: 0.0768870 seconds
265.390: [GC [PSYoungGen: 13956K->1376K(14336K)] 39885K->27314K(46080K), 0.0006950 secs] [Times: user=0.00 sys=0.00, real=0.00 secs] 
265.391: Total time for which application threads were stopped: 0.0526930 seconds, Stopping threads took: 0.0519260 seconds
265.465: Application time: 0.0744550 seconds
265.527: [GC [PSYoungGen: 14167K->1149K(14336K)] 40105K->27094K(46080K), 0.0005930 secs] [Times: user=0.00 sys=0.00, real=0.00 secs] 
265.527: Total time for which application threads were stopped: 0.0621190 seconds, Stopping threads took: 0.0614470 seconds
265.614: Application time: 0.0865930 seconds
265.683: [GC [PSYoungGen: 13667K->774K(14336K)] 39612K->26728K(46080K), 0.0005260 secs] [Times: user=0.00 sys=0.00, real=0.00 secs] 
265.683: Total time for which application threads were stopped: 0.0695300 seconds, Stopping threads took: 0.0689350 seconds
265.759: Application time: 0.0760200 seconds
265.813: [GC [PSYoungGen: 13487K->563K(14336K)] 39441K->26516K(46080K), 0.0005050 secs] [Times: user=0.00 sys=0.00, real=0.00 secs] 
265.814: Total time for which application threads were stopped: 0.0545580 seconds, Stopping threads took: 0.0539750 seconds
265.890: Application time: 0.0764390 seconds
265.950: [GC [PSYoungGen: 13276K->336K(14336K)] 39229K->26297K(46080K), 0.0004440 secs] [Times: user=0.00 sys=0.00, real=0.00 secs] 
265.951: Total time for which application threads were stopped: 0.0604310 seconds, Stopping threads took: 0.0599190 seconds
266.025: Application time: 0.0741890 seconds
266.060: [GC [PSYoungGen: 13127K->1524K(14336K)] 39088K->28266K(46080K), 0.0009060 secs] [Times: user=0.01 sys=0.00, real=0.00 secs] 
266.061: Total time for which application threads were stopped: 0.0356710 seconds, Stopping threads took: 0.0346890 seconds
266.137: Application time: 0.0761150 seconds
266.200: [GC [PSYoungGen: 14315K->1360K(14336K)] 41058K->28884K(46080K), 0.0008470 secs] [Times: user=0.00 sys=0.00, real=0.00 secs] 
266.201: Total time for which application threads were stopped: 0.0642340 seconds, Stopping threads took: 0.0632940 seconds
266.278: Application time: 0.0768800 seconds
266.330: [GC [PSYoungGen: 14151K->1376K(14336K)] 41675K->29494K(46080K), 0.0008090 secs] [Times: user=0.00 sys=0.00, real=0.00 secs] 
266.331: Total time for which application threads were stopped: 0.0529760 seconds, Stopping threads took: 0.0520900 seconds
266.409: Application time: 0.0783680 seconds
266.477: [GC [PSYoungGen: 14070K->563K(14336K)] 42188K->28681K(46080K), 0.0004660 secs] [Times: user=0.00 sys=0.00, real=0.00 secs] 
266.478: Total time for which application threads were stopped: 0.0683880 seconds, Stopping threads took: 0.0678570 seconds
266.554: Application time: 0.0766010 seconds
266.603: [GC [PSYoungGen: 13354K->320K(14336K)] 41472K->28445K(46080K), 0.0004970 secs] [Times: user=0.00 sys=0.00, real=0.00 secs] 
266.604: Total time for which application threads were stopped: 0.0495340 seconds, Stopping threads took: 0.0489570 seconds
266.677: Application time: 0.0733540 seconds
266.711: [GC [PSYoungGen: 13111K->1360K(14336K)] 41237K->30479K(46080K), 0.0009670 secs] [Times: user=0.00 sys=0.00, real=0.00 secs] 
266.712: Total time for which application threads were stopped: 0.0351410 seconds, Stopping threads took: 0.0340980 seconds
266.788: Application time: 0.0760850 seconds
266.849: [GC [PSYoungGen: 14152K->1376K(14336K)] 43270K->31276K(46080K), 0.0010860 secs] [Times: user=0.00 sys=0.00, real=0.00 secs] 
266.850: Total time for which application threads were stopped: 0.0618330 seconds, Stopping threads took: 0.0606530 seconds
266.927: Application time: 0.0769400 seconds
266.992: [GC [PSYoungGen: 14070K->710K(14336K)] 43970K->30618K(46080K), 0.0006540 secs] [Times: user=0.00 sys=0.00, real=0.00 secs] 
266.993: Total time for which application threads were stopped: 0.0656520 seconds, Stopping threads took: 0.0649050 seconds
267.070: Application time: 0.0771920 seconds
267.105: [GC [PSYoungGen: 13423K->1360K(14336K)] 43331K->32643K(46080K), 0.0010470 secs] [Times: user=0.01 sys=0.00, real=0.00 secs] 
267.106: [Full GC [PSYoungGen: 1360K->0K(14336K)] [ParOldGen: 31283K->4127K(31744K)] 32643K->4127K(46080K) [PSPermGen: 5151K->5151K(21504K)], 0.0041290 secs] [Times: user=0.01 sys=0.00, real=0.00 secs] 
267.110: Total time for which application threads were stopped: 0.0398100 seconds, Stopping threads took: 0.0344890 seconds
267.188: Application time: 0.0784340 seconds
267.256: [GC [PSYoungGen: 12615K->1200K(14336K)] 16743K->5328K(46080K), 0.0005890 secs] [Times: user=0.00 sys=0.00, real=0.00 secs] 
267.257: Total time for which application threads were stopped: 0.0683620 seconds, Stopping threads took: 0.0677010 seconds
267.332: Application time: 0.0756520 seconds
267.365: [GC [PSYoungGen: 13894K->1395K(14336K)] 18022K->6109K(46080K), 0.0007520 secs] [Times: user=0.00 sys=0.00, real=0.00 secs] 
267.365: Total time for which application threads were stopped: 0.0330780 seconds, Stopping threads took: 0.0322530 seconds
267.441: Application time: 0.0752520 seconds
267.504: [GC [PSYoungGen: 14108K->1363K(14336K)] 18822K->6468K(46080K), 0.0007900 secs] [Times: user=0.00 sys=0.00, real=0.00 secs] 
267.505: Total time for which application threads were stopped: 0.0641960 seconds, Stopping threads took: 0.0633290 seconds
267.581: Application time: 0.0766240 seconds
267.634: [GC [PSYoungGen: 14076K->1427K(14336K)] 19181K->6727K(46080K), 0.0006500 secs] [Times: user=0.00 sys=0.00, real=0.00 secs] 
267.634: Total time for which application threads were stopped: 0.0528980 seconds, Stopping threads took: 0.0521660 seconds
267.726: Application time: 0.0916780 seconds
267.792: [GC [PSYoungGen: 14180K->1168K(14336K)] 19480K->6468K(46080K), 0.0006580 secs] [Times: user=0.01 sys=0.00, real=0.00 secs] 
267.792: Total time for which application threads were stopped: 0.0661930 seconds, Stopping threads took: 0.0654640 seconds
267.869: Application time: 0.0767130 seconds
267.922: [GC [PSYoungGen: 13959K->1021K(14336K)] 19259K->6321K(46080K), 0.0005630 secs] [Times: user=0.01 sys=0.00, real=0.00 secs] 
267.922: Total time for which application threads were stopped: 0.0534630 seconds, Stopping threads took: 0.0528300 seconds
268.017: Application time: 0.0944630 seconds
268.080: [GC [PSYoungGen: 13539K->614K(14336K)] 18838K->5914K(46080K), 0.0004990 secs] [Times: user=0.00 sys=0.00, real=0.00 secs] 
268.081: Total time for which application threads were stopped: 0.0636430 seconds, Stopping threads took: 0.0630730 seconds
268.157: Application time: 0.0765160 seconds
268.217: [GC [PSYoungGen: 13406K->467K(14336K)] 18705K->5767K(46080K), 0.0004530 secs] [Times: user=0.00 sys=0.00, real=0.00 secs] 
268.218: Total time for which application threads were stopped: 0.0606390 seconds, Stopping threads took: 0.0601040 seconds
268.295: Application time: 0.0769110 seconds
268.339: [GC [PSYoungGen: 13258K->1346K(14336K)] 18558K->6646K(46080K), 0.0007730 secs] [Times: user=0.00 sys=0.01, real=0.01 secs] 
268.340: Total time for which application threads were stopped: 0.0450780 seconds, Stopping threads took: 0.0442110 seconds
268.416: Application time: 0.0759290 seconds
268.449: [GC [PSYoungGen: 14040K->1458K(14336K)] 19339K->7539K(46080K), 0.0009760 secs] [Times: user=0.00 sys=0.00, real=0.00 secs] 
268.450: Total time for which application threads were stopped: 0.0345540 seconds, Stopping threads took: 0.0334910 seconds
268.525: Application time: 0.0751950 seconds
268.588: [GC [PSYoungGen: 13976K->1474K(14336K)] 20057K->7946K(46080K), 0.0009390 secs] [Times: user=0.00 sys=0.00, real=0.00 secs] 
268.589: Total time for which application threads were stopped: 0.0637970 seconds, Stopping threads took: 0.0627580 seconds
268.666: Application time: 0.0771310 seconds
268.728: [GC [PSYoungGen: 14187K->1458K(14336K)] 20659K->8125K(46080K), 0.0007890 secs] [Times: user=0.00 sys=0.00, real=0.00 secs] 
268.729: Total time for which application threads were stopped: 0.0625770 seconds, Stopping threads took: 0.0616810 seconds
268.808: Application time: 0.0790880 seconds
268.874: [GC [PSYoungGen: 14171K->336K(14336K)] 20838K->7003K(46080K), 0.0004370 secs] [Times: user=0.00 sys=0.00, real=0.00 secs] 
268.875: Total time for which application threads were stopped: 0.0665580 seconds, Stopping threads took: 0.0660520 seconds
268.949: Application time: 0.0740090 seconds
268.983: [GC [PSYoungGen: 13029K->1149K(14336K)] 19696K->7816K(46080K), 0.0005890 secs] [Times: user=0.01 sys=0.00, real=0.00 secs] 
268.983: Total time for which application threads were stopped: 0.0349530 seconds, Stopping threads took: 0.0342920 seconds
269.060: Application time: 0.0769920 seconds
269.121: [GC [PSYoungGen: 13667K->774K(14336K)] 20334K->7441K(46080K), 0.0004930 secs] [Times: user=0.00 sys=0.00, real=0.00 secs] 
269.121: Total time for which application threads were stopped: 0.0608850 seconds, Stopping threads took: 0.0603240 seconds
269.198: Application time: 0.0767690 seconds
269.250: [GC [PSYoungGen: 13474K->352K(14336K)] 20142K->7043K(46080K), 0.0004200 secs] [Times: user=0.00 sys=0.00, real=0.00 secs] 
269.250: Total time for which application threads were stopped: 0.0522340 seconds, Stopping threads took: 0.0517380 seconds
269.324: Application time: 0.0737820 seconds
269.358: [GC [PSYoungGen: 13097K->1344K(14336K)] 19788K->10005K(46080K), 0.0012240 secs] [Times: user=0.01 sys=0.00, real=0.01 secs] 
269.360: Total time for which application threads were stopped: 0.0355820 seconds, Stopping threads took: 0.0342790 seconds
269.437: Application time: 0.0767810 seconds
269.505: [GC [PSYoungGen: 14057K->1002K(14336K)] 22718K->9662K(46080K), 0.0005670 secs] [Times: user=0.01 sys=0.00, real=0.00 secs] 
269.506: Total time for which application threads were stopped: 0.0691640 seconds, Stopping threads took: 0.0685350 seconds
269.584: Application time: 0.0785040 seconds
269.621: [GC [PSYoungGen: 13676K->1506K(14336K)] 22336K->10362K(46080K), 0.0007230 secs] [Times: user=0.01 sys=0.00, real=0.00 secs] 
269.622: Total time for which application threads were stopped: 0.0374420 seconds, Stopping threads took: 0.0366470 seconds
269.700: Application time: 0.0786370 seconds
269.764: [GC [PSYoungGen: 14121K->1360K(14336K)] 22977K->10232K(46080K), 0.0007180 secs] [Times: user=0.00 sys=0.00, real=0.00 secs] 
269.765: Total time for which application threads were stopped: 0.0642110 seconds, Stopping threads took: 0.0633920 seconds
269.839: Application time: 0.0745810 seconds
269.875: [GC [PSYoungGen: 14073K->1527K(14336K)] 22945K->12141K(46080K), 0.0013940 secs] [Times: user=0.01 sys=0.00, real=0.00 secs] 
269.876: Total time for which application threads were stopped: 0.0370320 seconds, Stopping threads took: 0.0355440 seconds
269.953: Application time: 0.0767520 seconds
270.017: [GC [PSYoungGen: 14220K->1443K(14336K)] 24834K->12449K(46080K), 0.0008010 secs] [Times: user=0.00 sys=0.00, real=0.00 secs] 
270.018: Total time for which application threads were stopped: 0.0647090 seconds, Stopping threads took: 0.0638180 seconds
270.102: Application time: 0.0845390 seconds
270.171: [GC [PSYoungGen: 14059K->451K(14336K)] 25064K->11480K(46080K), 0.0004200 secs] [Times: user=0.00 sys=0.00, real=0.00 secs] 
270.172: Total time for which application threads were stopped: 0.0697330 seconds, Stopping threads took: 0.0692440 seconds
270.247: Application time: 0.0755150 seconds
270.309: [GC [PSYoungGen: 13242K->256K(14336K)] 24271K->11293K(46080K), 0.0004820 secs] [Times: user=0.00 sys=0.00, real=0.00 secs] 
270.310: Total time for which application threads were stopped: 0.0623110 seconds, Stopping threads took: 0.0617500 seconds
270.383: Application time: 0.0737330 seconds
270.418: [GC [PSYoungGen: 12969K->1427K(14336K)] 24006K->13254K(46080K), 0.0009810 secs] [Times: user=0.01 sys=0.00, real=0.00 secs] 
270.419: Total time for which application threads were stopped: 0.0352450 seconds, Stopping threads took: 0.0341880 seconds
270.497: Application time: 0.0778300 seconds
270.565: [GC [PSYoungGen: 14121K->841K(14336K)] 25948K->12668K(46080K), 0.0004960 secs] [Times: user=0.00 sys=0.00, real=0.00 secs] 
270.565: Total time for which application threads were stopped: 0.0687350 seconds, Stopping threads took: 0.0681660 seconds
270.653: Application time: 0.0880240 seconds
270.718: [GC [PSYoungGen: 13515K->499K(14336K)] 25342K->12325K(46080K), 0.0004910 secs] [Times: user=0.00 sys=0.00, real=0.00 secs] 
270.718: Total time for which application threads were stopped: 0.0649340 seconds, Stopping threads took: 0.0643790 seconds
270.795: Application time: 0.0768480 seconds
270.857: [GC [PSYoungGen: 13299K->304K(14336K)] 25125K->12130K(46080K), 0.0003960 secs] [Times: user=0.00 sys=0.00, real=0.00 secs] 
270.857: Total time for which application threads were stopped: 0.0618850 seconds, Stopping threads took: 0.0613920 seconds
270.930: Application time: 0.0733360 seconds
270.965: [GC [PSYoungGen: 12989K->1442K(14336K)] 24816K->14058K(46080K), 0.0009480 secs] [Times: user=0.00 sys=0.00, real=0.00 secs] 
270.966: Total time for which application threads were stopped: 0.0353350 seconds, Stopping threads took: 0.0343120 seconds
271.043: Application time: 0.0771730 seconds
271.108: [GC [PSYoungGen: 14038K->758K(14336K)] 26654K->13374K(46080K), 0.0006180 secs] [Times: user=0.00 sys=0.00, real=0.00 secs] 
271.109: Total time for which application threads were stopped: 0.0665970 seconds, Stopping threads took: 0.0649780 seconds
271.189: Application time: 0.0798610 seconds
271.258: [GC [PSYoungGen: 13374K->1165K(14336K)] 25989K->14179K(46080K), 0.0007350 secs] [Times: user=0.00 sys=0.00, real=0.01 secs] 
271.259: Total time for which application threads were stopped: 0.0699080 seconds, Stopping threads took: 0.0690980 seconds
271.348: Application time: 0.0889190 seconds
271.408: [GC [PSYoungGen: 13878K->1312K(14336K)] 26892K->14351K(46080K), 0.0007530 secs] [Times: user=0.00 sys=0.00, real=0.00 secs] 
271.409: Total time for which application threads were stopped: 0.0608360 seconds, Stopping threads took: 0.0600040 seconds
271.487: Application time: 0.0777080 seconds
271.544: [GC [PSYoungGen: 14025K->1181K(14336K)] 27064K->14219K(46080K), 0.0005920 secs] [Times: user=0.00 sys=0.00, real=0.00 secs] 
271.545: Total time for which application threads were stopped: 0.0578980 seconds, Stopping threads took: 0.0572410 seconds
271.619: Application time: 0.0749490 seconds
271.684: [GC [PSYoungGen: 13855K->1490K(14336K)] 26893K->14927K(46080K), 0.0007780 secs] [Times: user=0.00 sys=0.00, real=0.00 secs] 
271.685: Total time for which application threads were stopped: 0.0655880 seconds, Stopping threads took: 0.0647360 seconds
271.761: Application time: 0.0761280 seconds
271.825: [GC [PSYoungGen: 14203K->579K(14336K)] 27640K->14016K(46080K), 0.0005050 secs] [Times: user=0.00 sys=0.00, real=0.00 secs] 
271.826: Total time for which application threads were stopped: 0.0644520 seconds, Stopping threads took: 0.0638680 seconds
271.901: Application time: 0.0752140 seconds
271.962: [GC [PSYoungGen: 13370K->336K(14336K)] 26807K->13773K(46080K), 0.0004700 secs] [Times: user=0.00 sys=0.00, real=0.00 secs] 
271.962: Total time for which application threads were stopped: 0.0615690 seconds, Stopping threads took: 0.0610020 seconds
272.036: Application time: 0.0735490 seconds
272.071: [GC [PSYoungGen: 12951K->1149K(14336K)] 26388K->14594K(46080K), 0.0006070 secs] [Times: user=0.00 sys=0.00, real=0.01 secs] 
272.071: Total time for which application threads were stopped: 0.0353110 seconds, Stopping threads took: 0.0346130 seconds
272.150: Application time: 0.0789470 seconds
272.209: [GC [PSYoungGen: 13745K->742K(14336K)] 27190K->14187K(46080K), 0.0005420 secs] [Times: user=0.00 sys=0.00, real=0.00 secs] 
272.210: Total time for which application threads were stopped: 0.0593630 seconds, Stopping threads took: 0.0587500 seconds
272.286: Application time: 0.0759250 seconds
272.341: [GC [PSYoungGen: 13416K->352K(14336K)] 26861K->13805K(46080K), 0.0004450 secs] [Times: user=0.00 sys=0.00, real=0.00 secs] 
272.341: Total time for which application threads were stopped: 0.0558640 seconds, Stopping threads took: 0.0553460 seconds
272.415: Application time: 0.0732060 seconds
272.449: [GC [PSYoungGen: 13143K->1360K(14336K)] 26596K->15790K(46080K), 0.0010880 secs] [Times: user=0.01 sys=0.00, real=0.00 secs] 
272.450: Total time for which application threads were stopped: 0.0356770 seconds, Stopping threads took: 0.0344920 seconds
272.537: Application time: 0.0867460 seconds
272.605: [GC [PSYoungGen: 13859K->742K(14336K)] 28288K->15180K(46080K), 0.0007350 secs] [Times: user=0.00 sys=0.00, real=0.00 secs] 
272.606: Total time for which application threads were stopped: 0.0686720 seconds, Stopping threads took: 0.0678550 seconds
272.682: Application time: 0.0760780 seconds
272.743: [GC [PSYoungGen: 13455K->563K(14336K)] 27893K->15016K(46080K), 0.0005210 secs] [Times: user=0.00 sys=0.00, real=0.00 secs] 
272.743: Total time for which application threads were stopped: 0.0613500 seconds, Stopping threads took: 0.0607590 seconds
272.819: Application time: 0.0760640 seconds
272.873: [GC [PSYoungGen: 13276K->320K(14336K)] 27730K->14789K(46080K), 0.0004830 secs] [Times: user=0.00 sys=0.00, real=0.00 secs] 
272.874: Total time for which application threads were stopped: 0.0546220 seconds, Stopping threads took: 0.0540490 seconds
272.947: Application time: 0.0732280 seconds
272.981: [GC [PSYoungGen: 12935K->1458K(14336K)] 27405K->16717K(46080K), 0.0010010 secs] [Times: user=0.00 sys=0.00, real=0.00 secs] 
272.982: Total time for which application threads were stopped: 0.0352490 seconds, Stopping threads took: 0.0341510 seconds
273.061: Application time: 0.0783860 seconds
273.125: [GC [PSYoungGen: 14249K->986K(14336K)] 29508K->16252K(46080K), 0.0007950 secs] [Times: user=0.00 sys=0.00, real=0.00 secs] 
273.126: Total time for which application threads were stopped: 0.0647580 seconds, Stopping threads took: 0.0638650 seconds
273.202: Application time: 0.0761700 seconds
273.262: [GC [PSYoungGen: 13699K->710K(14336K)] 28965K->15977K(46080K), 0.0006300 secs] [Times: user=0.00 sys=0.00, real=0.00 secs] 
273.263: Total time for which application threads were stopped: 0.0610500 seconds, Stopping threads took: 0.0603500 seconds
273.339: Application time: 0.0761040 seconds
273.400: [GC [PSYoungGen: 13501K->595K(14336K)] 28768K->15862K(46080K), 0.0005350 secs] [Times: user=0.00 sys=0.00, real=0.00 secs] 
273.401: Total time for which application threads were stopped: 0.0620970 seconds, Stopping threads took: 0.0614940 seconds
273.478: Application time: 0.0766940 seconds
273.538: [GC [PSYoungGen: 13386K->272K(14336K)] 28653K->15538K(46080K), 0.0005890 secs] [Times: user=0.00 sys=0.00, real=0.00 secs] 
273.539: Total time for which application threads were stopped: 0.0610640 seconds, Stopping threads took: 0.0603980 seconds
273.612: Application time: 0.0737160 seconds
273.647: [GC [PSYoungGen: 12965K->1490K(14336K)] 28232K->17546K(46080K), 0.0010250 secs] [Times: user=0.00 sys=0.00, real=0.00 secs] 
273.648: Total time for which application threads were stopped: 0.0355250 seconds, Stopping threads took: 0.0344210 seconds
273.725: Application time: 0.0767460 seconds
273.791: [GC [PSYoungGen: 14164K->726K(14336K)] 30220K->16782K(46080K), 0.0006900 secs] [Times: user=0.00 sys=0.00, real=0.01 secs] 
273.791: Total time for which application threads were stopped: 0.0667940 seconds, Stopping threads took: 0.0660110 seconds
273.867: Application time: 0.0755780 seconds
273.917: [GC [PSYoungGen: 13401K->336K(14336K)] 29457K->16400K(46080K), 0.0006390 secs] [Times: user=0.00 sys=0.00, real=0.00 secs] 
273.918: Total time for which application threads were stopped: 0.0509250 seconds, Stopping threads took: 0.0501940 seconds
273.992: Application time: 0.0737580 seconds
274.027: [GC [PSYoungGen: 12951K->1426K(14336K)] 29015K->18271K(46080K), 0.0011380 secs] [Times: user=0.01 sys=0.00, real=0.00 secs] 
274.028: Total time for which application threads were stopped: 0.0361470 seconds, Stopping threads took: 0.0349140 seconds
274.104: Application time: 0.0763270 seconds
274.173: [GC [PSYoungGen: 13944K->774K(14336K)] 30789K->17628K(46080K), 0.0006430 secs] [Times: user=0.00 sys=0.00, real=0.00 secs] 
274.174: Total time for which application threads were stopped: 0.0694040 seconds, Stopping threads took: 0.0686790 seconds
274.255: Application time: 0.0809960 seconds
274.307: [GC [PSYoungGen: 13487K->563K(14336K)] 30341K->17424K(46080K), 0.0006990 secs] [Times: user=0.00 sys=0.00, real=0.00 secs] 
274.308: Total time for which application threads were stopped: 0.0529130 seconds, Stopping threads took: 0.0521210 seconds
274.384: Application time: 0.0767250 seconds
274.436: [GC [PSYoungGen: 13354K->304K(14336K)] 30216K->17173K(46080K), 0.0004490 secs] [Times: user=0.00 sys=0.00, real=0.00 secs] 
274.436: Total time for which application threads were stopped: 0.0521170 seconds, Stopping threads took: 0.0516030 seconds
274.510: Application time: 0.0732040 seconds
274.544: [GC [PSYoungGen: 12919K->1149K(14336K)] 29788K->18026K(46080K), 0.0007140 secs] [Times: user=0.00 sys=0.00, real=0.00 secs] 
274.545: Total time for which application threads were stopped: 0.0351250 seconds, Stopping threads took: 0.0343350 seconds
274.621: Application time: 0.0764060 seconds
274.682: [GC [PSYoungGen: 13745K->742K(14336K)] 30622K->17620K(46080K), 0.0005340 secs] [Times: user=0.00 sys=0.00, real=0.00 secs] 
274.683: Total time for which application threads were stopped: 0.0615020 seconds, Stopping threads took: 0.0608840 seconds
274.758: Application time: 0.0755860 seconds
274.812: [GC [PSYoungGen: 13455K->531K(14336K)] 30333K->17408K(46080K), 0.0007920 secs] [Times: user=0.00 sys=0.00, real=0.00 secs] 
274.813: Total time for which application threads were stopped: 0.0547810 seconds, Stopping threads took: 0.0539080 seconds
274.889: Application time: 0.0760220 seconds
274.949: [GC [PSYoungGen: 13322K->304K(14336K)] 30200K->17181K(46080K), 0.0005710 secs] [Times: user=0.00 sys=0.00, real=0.00 secs] 
274.950: Total time for which application threads were stopped: 0.0609280 seconds, Stopping threads took: 0.0602890 seconds
275.024: Application time: 0.0736730 seconds
275.058: [GC [PSYoungGen: 12997K->1392K(14336K)] 29875K->20231K(46080K), 0.0011410 secs] [Times: user=0.00 sys=0.00, real=0.01 secs] 
275.059: Total time for which application threads were stopped: 0.0355520 seconds, Stopping threads took: 0.0343330 seconds
275.136: Application time: 0.0765350 seconds
275.204: [GC [PSYoungGen: 14144K->1474K(14336K)] 32983K->20703K(46080K), 0.0008020 secs] [Times: user=0.00 sys=0.00, real=0.00 secs] 
275.205: Total time for which application threads were stopped: 0.0694440 seconds, Stopping threads took: 0.0685620 seconds
275.302: Application time: 0.0964250 seconds
275.362: [GC [PSYoungGen: 14089K->1360K(14336K)] 33319K->20793K(46080K), 0.0006240 secs] [Times: user=0.01 sys=0.00, real=0.00 secs] 
275.363: Total time for which application threads were stopped: 0.0608920 seconds, Stopping threads took: 0.0602020 seconds
275.440: Application time: 0.0777200 seconds
275.501: [GC [PSYoungGen: 14151K->1344K(14336K)] 33584K->20785K(46080K), 0.0006780 secs] [Times: user=0.00 sys=0.00, real=0.00 secs] 
275.502: Total time for which application threads were stopped: 0.0618110 seconds, Stopping threads took: 0.0610630 seconds
275.581: Application time: 0.0785160 seconds
275.644: [GC [PSYoungGen: 14057K->1085K(14336K)] 33498K->20534K(46080K), 0.0006560 secs] [Times: user=0.00 sys=0.00, real=0.00 secs] 
275.645: Total time for which application threads were stopped: 0.0645120 seconds, Stopping threads took: 0.0637840 seconds
275.721: Application time: 0.0758630 seconds
275.781: [GC [PSYoungGen: 13681K->742K(14336K)] 33130K->20199K(46080K), 0.0005700 secs] [Times: user=0.00 sys=0.00, real=0.00 secs] 
275.782: Total time for which application threads were stopped: 0.0610800 seconds, Stopping threads took: 0.0604080 seconds
275.869: Application time: 0.0874110 seconds
275.930: [GC [PSYoungGen: 13455K->579K(14336K)] 32912K->20044K(46080K), 0.0004820 secs] [Times: user=0.00 sys=0.00, real=0.00 secs] 
275.930: Total time for which application threads were stopped: 0.0608880 seconds, Stopping threads took: 0.0603330 seconds
276.006: Application time: 0.0759380 seconds
276.061: [GC [PSYoungGen: 13292K->304K(14336K)] 32757K->19768K(46080K), 0.0005850 secs] [Times: user=0.00 sys=0.00, real=0.00 secs] 
276.061: Total time for which application threads were stopped: 0.0550950 seconds, Stopping threads took: 0.0544420 seconds
276.135: Application time: 0.0736870 seconds
276.170: [GC [PSYoungGen: 12919K->1442K(14336K)] 32384K->21688K(46080K), 0.0008660 secs] [Times: user=0.00 sys=0.00, real=0.01 secs] 
276.171: Total time for which application threads were stopped: 0.0363490 seconds, Stopping threads took: 0.0348070 seconds
276.251: Application time: 0.0798180 seconds
276.316: [GC [PSYoungGen: 14136K->1360K(14336K)] 34381K->22192K(46080K), 0.0007840 secs] [Times: user=0.00 sys=0.00, real=0.00 secs] 
276.316: Total time for which application threads were stopped: 0.0652540 seconds, Stopping threads took: 0.0643870 seconds
276.394: Application time: 0.0776350 seconds
276.461: [GC [PSYoungGen: 14054K->563K(14336K)] 34886K->21403K(46080K), 0.0004900 secs] [Times: user=0.00 sys=0.00, real=0.00 secs] 
276.462: Total time for which application threads were stopped: 0.0676570 seconds, Stopping threads took: 0.0670960 seconds
276.536: Application time: 0.0745130 seconds
276.571: [GC [PSYoungGen: 13335K->1328K(14336K)] 34175K->22168K(46080K), 0.0006490 secs] [Times: user=0.00 sys=0.00, real=0.01 secs] 
276.571: Total time for which application threads were stopped: 0.0349930 seconds, Stopping threads took: 0.0342730 seconds
276.650: Application time: 0.0789020 seconds
276.703: [GC [PSYoungGen: 14128K->1165K(14336K)] 34968K->22013K(46080K), 0.0007410 secs] [Times: user=0.01 sys=0.00, real=0.00 secs] 
276.704: Total time for which application threads were stopped: 0.0533420 seconds, Stopping threads took: 0.0525290 seconds
276.780: Application time: 0.0760240 seconds
276.841: [GC [PSYoungGen: 13753K->774K(14336K)] 34600K->21622K(46080K), 0.0005210 secs] [Times: user=0.01 sys=0.00, real=0.00 secs] 
276.841: Total time for which application threads were stopped: 0.0616860 seconds, Stopping threads took: 0.0610870 seconds
276.920: Application time: 0.0786210 seconds
276.988: [GC [PSYoungGen: 13565K->563K(14336K)] 34413K->21419K(46080K), 0.0005290 secs] [Times: user=0.00 sys=0.00, real=0.00 secs] 
276.989: Total time for which application threads were stopped: 0.0689620 seconds, Stopping threads took: 0.0683680 seconds
277.065: Application time: 0.0763400 seconds
277.114: [GC [PSYoungGen: 13354K->304K(14336K)] 34210K->21167K(46080K), 0.0004300 secs] [Times: user=0.00 sys=0.00, real=0.00 secs] 
277.114: Total time for which application threads were stopped: 0.0488410 seconds, Stopping threads took: 0.0483440 seconds
277.187: Application time: 0.0732590 seconds
277.223: [GC [PSYoungGen: 12919K->1426K(14336K)] 33783K->23079K(46080K), 0.0008950 secs] [Times: user=0.00 sys=0.01, real=0.00 secs] 
277.224: Total time for which application threads were stopped: 0.0362710 seconds, Stopping threads took: 0.0353000 seconds
277.301: Application time: 0.0769640 seconds
277.369: [GC [PSYoungGen: 13944K->758K(14336K)] 35597K->22411K(46080K), 0.0007040 secs] [Times: user=0.00 sys=0.00, real=0.00 secs] 
277.370: Total time for which application threads were stopped: 0.0691540 seconds, Stopping threads took: 0.0683440 seconds
277.455: Application time: 0.0857460 seconds
277.524: [GC [PSYoungGen: 13471K->1458K(14336K)] 35125K->23314K(46080K), 0.0009860 secs] [Times: user=0.00 sys=0.00, real=0.00 secs] 
277.525: Total time for which application threads were stopped: 0.0698490 seconds, Stopping threads took: 0.0687760 seconds
277.615: Application time: 0.0893720 seconds
277.677: [GC [PSYoungGen: 14249K->320K(14336K)] 36106K->22176K(46080K), 0.0005110 secs] [Times: user=0.00 sys=0.00, real=0.00 secs] 
277.678: Total time for which application threads were stopped: 0.0631150 seconds, Stopping threads took: 0.0625160 seconds
277.752: Application time: 0.0738640 seconds
277.786: [GC [PSYoungGen: 13111K->1360K(14336K)] 34967K->24201K(46080K), 0.0011250 secs] [Times: user=0.00 sys=0.00, real=0.00 secs] 
277.787: Total time for which application threads were stopped: 0.0350350 seconds, Stopping threads took: 0.0338110 seconds
277.863: Application time: 0.0763610 seconds
277.930: [GC [PSYoungGen: 13780K->758K(14336K)] 36621K->23599K(46080K), 0.0006590 secs] [Times: user=0.00 sys=0.00, real=0.00 secs] 
277.931: Total time for which application threads were stopped: 0.0676130 seconds, Stopping threads took: 0.0668540 seconds
278.007: Application time: 0.0761760 seconds
278.069: [GC [PSYoungGen: 13432K->320K(14336K)] 36274K->23161K(46080K), 0.0004460 secs] [Times: user=0.00 sys=0.00, real=0.00 secs] 
278.069: Total time for which application threads were stopped: 0.0624790 seconds, Stopping threads took: 0.0619450 seconds
278.143: Application time: 0.0737590 seconds
278.177: [GC [PSYoungGen: 13013K->1458K(14336K)] 35854K->25080K(46080K), 0.0015130 secs] [Times: user=0.00 sys=0.00, real=0.00 secs] 
278.179: Total time for which application threads were stopped: 0.0356960 seconds, Stopping threads took: 0.0340870 seconds
278.257: Application time: 0.0784640 seconds
278.323: [GC [PSYoungGen: 14054K->742K(14336K)] 37676K->24373K(46080K), 0.0005440 secs] [Times: user=0.00 sys=0.00, real=0.00 secs] 
278.324: Total time for which application threads were stopped: 0.0665770 seconds, Stopping threads took: 0.0659310 seconds
278.413: Application time: 0.0891330 seconds
278.482: [GC [PSYoungGen: 13416K->352K(14336K)] 37047K->23990K(46080K), 0.0005590 secs] [Times: user=0.00 sys=0.00, real=0.00 secs] 
278.482: Total time for which application threads were stopped: 0.0693690 seconds, Stopping threads took: 0.0687150 seconds
278.556: Application time: 0.0737460 seconds
278.590: [GC [PSYoungGen: 12967K->1117K(14336K)] 36605K->24763K(46080K), 0.0006310 secs] [Times: user=0.00 sys=0.00, real=0.00 secs] 
278.591: Total time for which application threads were stopped: 0.0349010 seconds, Stopping threads took: 0.0341920 seconds
278.677: Application time: 0.0860030 seconds
278.712: [GC [PSYoungGen: 13830K->1524K(14336K)] 37476K->26773K(46080K), 0.0010790 secs] [Times: user=0.01 sys=0.00, real=0.00 secs] 
278.713: Total time for which application threads were stopped: 0.0363490 seconds, Stopping threads took: 0.0351920 seconds
278.790: Application time: 0.0766330 seconds
278.855: [GC [PSYoungGen: 13943K->1508K(14336K)] 39192K->26765K(46080K), 0.0006860 secs] [Times: user=0.00 sys=0.00, real=0.00 secs] 
278.856: Total time for which application threads were stopped: 0.0657940 seconds, Stopping threads took: 0.0650380 seconds
278.931: Application time: 0.0750140 seconds
278.986: [GC [PSYoungGen: 14221K->1248K(14336K)] 39478K->26513K(46080K), 0.0007490 secs] [Times: user=0.01 sys=0.01, real=0.00 secs] 
278.987: Total time for which application threads were stopped: 0.0557560 seconds, Stopping threads took: 0.0549180 seconds
279.065: Application time: 0.0783960 seconds
279.125: [GC [PSYoungGen: 14040K->1117K(14336K)] 39305K->26398K(46080K), 0.0006080 secs] [Times: user=0.01 sys=0.00, real=0.00 secs] 
279.126: Total time for which application threads were stopped: 0.0608090 seconds, Stopping threads took: 0.0601350 seconds
279.202: Application time: 0.0757890 seconds
279.256: [GC [PSYoungGen: 13791K->726K(14336K)] 39072K->26007K(46080K), 0.0006700 secs] [Times: user=0.00 sys=0.00, real=0.00 secs] 
279.257: Total time for which application threads were stopped: 0.0553800 seconds, Stopping threads took: 0.0546400 seconds
279.333: Application time: 0.0762420 seconds
279.394: [GC [PSYoungGen: 13439K->595K(14336K)] 38720K->25876K(46080K), 0.0004680 secs] [Times: user=0.01 sys=0.00, real=0.00 secs] 
279.394: Total time for which application threads were stopped: 0.0610270 seconds, Stopping threads took: 0.0604880 seconds
279.471: Application time: 0.0772100 seconds
279.532: [GC [PSYoungGen: 13308K->304K(14336K)] 38589K->25585K(46080K), 0.0005650 secs] [Times: user=0.00 sys=0.00, real=0.00 secs] 
279.533: Total time for which application threads were stopped: 0.0615840 seconds, Stopping threads took: 0.0609480 seconds
279.607: Application time: 0.0737190 seconds
279.641: [GC [PSYoungGen: 12997K->1197K(14336K)] 38278K->26486K(46080K), 0.0005930 secs] [Times: user=0.01 sys=0.00, real=0.00 secs] 
279.642: Total time for which application threads were stopped: 0.0351140 seconds, Stopping threads took: 0.0344480 seconds
279.734: Application time: 0.0916660 seconds
279.797: [GC [PSYoungGen: 13871K->758K(14336K)] 39160K->26055K(46080K), 0.0005260 secs] [Times: user=0.00 sys=0.00, real=0.00 secs] 
279.797: Total time for which application threads were stopped: 0.0637930 seconds, Stopping threads took: 0.0631980 seconds
279.874: Application time: 0.0769920 seconds
279.936: [GC [PSYoungGen: 13549K->579K(14336K)] 38846K->25876K(46080K), 0.0004600 secs] [Times: user=0.01 sys=0.00, real=0.00 secs] 
279.937: Total time for which application threads were stopped: 0.0622480 seconds, Stopping threads took: 0.0617000 seconds
280.012: Application time: 0.0757450 seconds
280.064: [GC [PSYoungGen: 13370K->304K(14336K)] 38667K->25617K(46080K), 0.0004570 secs] [Times: user=0.00 sys=0.00, real=0.00 secs] 
280.064: Total time for which application threads were stopped: 0.0518620 seconds, Stopping threads took: 0.0513220 seconds
280.138: Application time: 0.0735510 seconds
280.172: [GC [PSYoungGen: 12919K->1490K(14336K)] 38232K->27592K(46080K), 0.0009500 secs] [Times: user=0.01 sys=0.00, real=0.00 secs] 
280.173: Total time for which application threads were stopped: 0.0353110 seconds, Stopping threads took: 0.0342840 seconds
280.250: Application time: 0.0774150 seconds
280.315: [GC [PSYoungGen: 14086K->758K(14336K)] 40188K->26869K(46080K), 0.0005430 secs] [Times: user=0.00 sys=0.00, real=0.00 secs] 
280.316: Total time for which application threads were stopped: 0.0654630 seconds, Stopping threads took: 0.0648420 seconds
280.392: Application time: 0.0758940 seconds
280.427: [GC [PSYoungGen: 13374K->1165K(14336K)] 39484K->27674K(46080K), 0.0007960 secs] [Times: user=0.00 sys=0.00, real=0.00 secs] 
280.427: Total time for which application threads were stopped: 0.0355450 seconds, Stopping threads took: 0.0346750 seconds
280.515: Application time: 0.0878560 seconds
280.580: [GC [PSYoungGen: 13956K->1328K(14336K)] 40465K->27837K(46080K), 0.0006860 secs] [Times: user=0.01 sys=0.00, real=0.00 secs] 
280.581: Total time for which application threads were stopped: 0.0654380 seconds, Stopping threads took: 0.0646710 seconds
280.671: Application time: 0.0899720 seconds
280.730: [GC [PSYoungGen: 14119K->1181K(14336K)] 40628K->27690K(46080K), 0.0006490 secs] [Times: user=0.00 sys=0.00, real=0.00 secs] 
280.731: Total time for which application threads were stopped: 0.0601690 seconds, Stopping threads took: 0.0594490 seconds
280.809: Application time: 0.0784720 seconds
280.871: [GC [PSYoungGen: 13699K->742K(14336K)] 40208K->27251K(46080K), 0.0005420 secs] [Times: user=0.00 sys=0.00, real=0.01 secs] 
280.872: Total time for which application threads were stopped: 0.0622510 seconds, Stopping threads took: 0.0616380 seconds
280.954: Application time: 0.0825290 seconds
281.019: [GC [PSYoungGen: 13455K->547K(14336K)] 39964K->27056K(46080K), 0.0004620 secs] [Times: user=0.00 sys=0.00, real=0.00 secs] 
281.020: Total time for which application threads were stopped: 0.0655080 seconds, Stopping threads took: 0.0649780 seconds
281.095: Application time: 0.0754540 seconds
281.131: [GC [PSYoungGen: 13338K->1508K(14336K)] 39847K->29009K(46080K), 0.0011340 secs] [Times: user=0.01 sys=0.00, real=0.00 secs] 
281.132: Total time for which application threads were stopped: 0.0374050 seconds, Stopping threads took: 0.0361690 seconds
281.208: Application time: 0.0760580 seconds
281.271: [GC [PSYoungGen: 14279K->1165K(14336K)] 41781K->28674K(46080K), 0.0006270 secs] [Times: user=0.00 sys=0.00, real=0.00 secs] 
281.273: Total time for which application threads were stopped: 0.0644350 seconds, Stopping threads took: 0.0628530 seconds
281.360: Application time: 0.0869360 seconds
281.423: [GC [PSYoungGen: 13761K->774K(14336K)] 41270K->28284K(46080K), 0.0008390 secs] [Times: user=0.00 sys=0.00, real=0.00 secs] 
281.424: Total time for which application threads were stopped: 0.0637820 seconds, Stopping threads took: 0.0628530 seconds
281.499: Application time: 0.0757240 seconds
281.551: [GC [PSYoungGen: 13565K->547K(14336K)] 41075K->28056K(46080K), 0.0006100 secs] [Times: user=0.01 sys=0.00, real=0.00 secs] 
281.552: Total time for which application threads were stopped: 0.0525230 seconds, Stopping threads took: 0.0518230 seconds
281.628: Application time: 0.0763170 seconds
281.690: [GC [PSYoungGen: 13260K->320K(14336K)] 40770K->27837K(46080K), 0.0005500 secs] [Times: user=0.00 sys=0.00, real=0.00 secs] 
281.691: Total time for which application threads were stopped: 0.0624580 seconds, Stopping threads took: 0.0618110 seconds
281.764: Application time: 0.0733790 seconds
281.799: [GC [PSYoungGen: 12935K->1181K(14336K)] 40453K->28706K(46080K), 0.0006160 secs] [Times: user=0.00 sys=0.00, real=0.00 secs] 
281.800: Total time for which application threads were stopped: 0.0355570 seconds, Stopping threads took: 0.0348640 seconds
281.877: Application time: 0.0775040 seconds
281.929: [GC [PSYoungGen: 13855K->774K(14336K)] 41381K->28308K(46080K), 0.0007500 secs] [Times: user=0.00 sys=0.00, real=0.00 secs] 
281.930: Total time for which application threads were stopped: 0.0525310 seconds, Stopping threads took: 0.0516820 seconds
282.007: Application time: 0.0771500 seconds
282.052: [GC [PSYoungGen: 13566K->1458K(14336K)] 41099K->29195K(46080K), 0.0007400 secs] [Times: user=0.00 sys=0.00, real=0.00 secs] 
282.053: Total time for which application threads were stopped: 0.0460990 seconds, Stopping threads took: 0.0452630 seconds
282.130: Application time: 0.0768900 seconds
282.193: [GC [PSYoungGen: 14073K->1360K(14336K)] 41810K->29097K(46080K), 0.0007090 secs] [Times: user=0.01 sys=0.00, real=0.00 secs] 
282.193: Total time for which application threads were stopped: 0.0634820 seconds, Stopping threads took: 0.0626680 seconds
282.270: Application time: 0.0764070 seconds
282.304: [GC [PSYoungGen: 13976K->1392K(14336K)] 41712K->29918K(46080K), 0.0008550 secs] [Times: user=0.01 sys=0.00, real=0.00 secs] 
282.305: Total time for which application threads were stopped: 0.0355940 seconds, Stopping threads took: 0.0346660 seconds
282.383: Application time: 0.0773860 seconds
282.446: [GC [PSYoungGen: 14086K->790K(14336K)] 42612K->29316K(46080K), 0.0005750 secs] [Times: user=0.00 sys=0.00, real=0.00 secs] 
282.446: Total time for which application threads were stopped: 0.0635920 seconds, Stopping threads took: 0.0629260 seconds
282.523: Application time: 0.0763380 seconds
282.556: [GC [PSYoungGen: 13503K->1474K(14336K)] 42029K->32352K(46080K), 0.0013410 secs] [Times: user=0.01 sys=0.00, real=0.00 secs] 
282.558: [Full GC [PSYoungGen: 1474K->0K(14336K)] [ParOldGen: 30878K->5207K(31744K)] 32352K->5207K(46080K) [PSPermGen: 5151K->5151K(21504K)], 0.0043230 secs] [Times: user=0.02 sys=0.00, real=0.01 secs] 
282.562: Total time for which application threads were stopped: 0.0393750 seconds, Stopping threads took: 0.0335800 seconds
282.639: Application time: 0.0766030 seconds
282.707: [GC [PSYoungGen: 12712K->1298K(14336K)] 17920K->6506K(46080K), 0.0006130 secs] [Times: user=0.01 sys=0.00, real=0.00 secs] 
282.708: Total time for which application threads were stopped: 0.0694300 seconds, Stopping threads took: 0.0687430 seconds
282.783: Application time: 0.0752700 seconds
282.830: [GC [PSYoungGen: 14050K->1493K(14336K)] 19258K->8264K(46080K), 0.0014410 secs] [Times: user=0.00 sys=0.00, real=0.01 secs] 
282.831: Total time for which application threads were stopped: 0.0478890 seconds, Stopping threads took: 0.0463770 seconds
282.907: Application time: 0.0762250 seconds
282.974: [GC [PSYoungGen: 14206K->1395K(14336K)] 20976K->8557K(46080K), 0.0007260 secs] [Times: user=0.01 sys=0.00, real=0.00 secs] 
282.975: Total time for which application threads were stopped: 0.0674180 seconds, Stopping threads took: 0.0666240 seconds
283.053: Application time: 0.0781860 seconds
283.113: [GC [PSYoungGen: 14167K->1509K(14336K)] 21328K->8670K(46080K), 0.0009010 secs] [Times: user=0.01 sys=0.00, real=0.00 secs] 
283.114: Total time for which application threads were stopped: 0.0613350 seconds, Stopping threads took: 0.0603400 seconds
283.190: Application time: 0.0757140 seconds
283.247: [GC [PSYoungGen: 14124K->1280K(14336K)] 21285K->8441K(46080K), 0.0007290 secs] [Times: user=0.00 sys=0.00, real=0.00 secs] 
283.247: Total time for which application threads were stopped: 0.0572260 seconds, Stopping threads took: 0.0563960 seconds
283.325: Application time: 0.0773190 seconds
283.373: [GC [PSYoungGen: 14071K->1069K(14336K)] 21232K->8230K(46080K), 0.0006150 secs] [Times: user=0.00 sys=0.00, real=0.00 secs] 
283.374: Total time for which application threads were stopped: 0.0492670 seconds, Stopping threads took: 0.0485790 seconds
283.450: Application time: 0.0760090 seconds
283.512: [GC [PSYoungGen: 13587K->710K(14336K)] 20748K->7871K(46080K), 0.0004570 secs] [Times: user=0.00 sys=0.00, real=0.00 secs] 
283.513: Total time for which application threads were stopped: 0.0629890 seconds, Stopping threads took: 0.0624630 seconds
283.590: Application time: 0.0769900 seconds
283.626: [GC [PSYoungGen: 13423K->1507K(14336K)] 20584K->9848K(46080K), 0.0011590 secs] [Times: user=0.00 sys=0.00, real=0.00 secs] 
283.627: Total time for which application threads were stopped: 0.0368830 seconds, Stopping threads took: 0.0356200 seconds
283.704: Application time: 0.0774220 seconds
283.772: [GC [PSYoungGen: 14299K->304K(14336K)] 22640K->8645K(46080K), 0.0003950 secs] [Times: user=0.00 sys=0.00, real=0.00 secs] 
283.773: Total time for which application threads were stopped: 0.0684100 seconds, Stopping threads took: 0.0679410 seconds
283.846: Application time: 0.0738070 seconds
283.881: [GC [PSYoungGen: 12919K->1149K(14336K)] 21260K->9490K(46080K), 0.0008270 secs] [Times: user=0.01 sys=0.00, real=0.00 secs] 
283.882: Total time for which application threads were stopped: 0.0354760 seconds, Stopping threads took: 0.0345580 seconds
283.972: Application time: 0.0902700 seconds
284.032: [GC [PSYoungGen: 13745K->742K(14336K)] 22086K->9083K(46080K), 0.0006750 secs] [Times: user=0.01 sys=0.00, real=0.00 secs] 
284.033: Total time for which application threads were stopped: 0.0604310 seconds, Stopping threads took: 0.0596700 seconds
284.109: Application time: 0.0761470 seconds
284.165: [GC [PSYoungGen: 13534K->547K(14336K)] 21875K->8888K(46080K), 0.0005050 secs] [Times: user=0.00 sys=0.00, real=0.00 secs] 
284.166: Total time for which application threads were stopped: 0.0571090 seconds, Stopping threads took: 0.0565180 seconds
284.242: Application time: 0.0761540 seconds
284.302: [GC [PSYoungGen: 13346K->272K(14336K)] 21687K->8613K(46080K), 0.0004570 secs] [Times: user=0.00 sys=0.00, real=0.00 secs] 
284.303: Total time for which application threads were stopped: 0.0604730 seconds, Stopping threads took: 0.0599500 seconds
284.376: Application time: 0.0734320 seconds
284.411: [GC [PSYoungGen: 13033K->1442K(14336K)] 21374K->10564K(46080K), 0.0008950 secs] [Times: user=0.01 sys=0.00, real=0.01 secs] 
284.412: Total time for which application threads were stopped: 0.0356360 seconds, Stopping threads took: 0.0346660 seconds
284.489: Application time: 0.0773170 seconds
284.551: [GC [PSYoungGen: 14057K->1392K(14336K)] 23179K->11100K(46080K), 0.0009110 secs] [Times: user=0.00 sys=0.00, real=0.01 secs] 
284.552: Total time for which application threads were stopped: 0.0629260 seconds, Stopping threads took: 0.0619410 seconds
284.630: Application time: 0.0779430 seconds
284.696: [GC [PSYoungGen: 14008K->579K(14336K)] 23716K->10311K(46080K), 0.0004960 secs] [Times: user=0.00 sys=0.00, real=0.00 secs] 
284.696: Total time for which application threads were stopped: 0.0662580 seconds, Stopping threads took: 0.0656740 seconds
284.771: Application time: 0.0746360 seconds
284.807: [GC [PSYoungGen: 13351K->1344K(14336K)] 23083K->11092K(46080K), 0.0007080 secs] [Times: user=0.00 sys=0.00, real=0.00 secs] 
284.808: Total time for which application threads were stopped: 0.0369910 seconds, Stopping threads took: 0.0361990 seconds
284.887: Application time: 0.0793270 seconds
284.934: [GC [PSYoungGen: 14057K->1133K(14336K)] 23806K->10881K(46080K), 0.0006410 secs] [Times: user=0.01 sys=0.00, real=0.00 secs] 
284.934: Total time for which application threads were stopped: 0.0474090 seconds, Stopping threads took: 0.0466740 seconds
285.011: Application time: 0.0765060 seconds
285.047: [GC [PSYoungGen: 13729K->1474K(14336K)] 23477K->11629K(46080K), 0.0007850 secs] [Times: user=0.01 sys=0.00, real=0.00 secs] 
285.047: Total time for which application threads were stopped: 0.0364460 seconds, Stopping threads took: 0.0355810 seconds
285.125: Application time: 0.0775470 seconds
285.193: [GC [PSYoungGen: 14187K->531K(14336K)] 24342K->10686K(46080K), 0.0004880 secs] [Times: user=0.00 sys=0.00, real=0.00 secs] 
285.194: Total time for which application threads were stopped: 0.0686570 seconds, Stopping threads took: 0.0681010 seconds
285.270: Application time: 0.0766940 seconds
285.321: [GC [PSYoungGen: 13029K->1149K(14336K)] 23184K->11320K(46080K), 0.0006310 secs] [Times: user=0.00 sys=0.00, real=0.00 secs] 
285.321: Total time for which application threads were stopped: 0.0511760 seconds, Stopping threads took: 0.0504610 seconds
285.398: Application time: 0.0765960 seconds
285.446: [GC [PSYoungGen: 13667K->1426K(14336K)] 23837K->11987K(46080K), 0.0007920 secs] [Times: user=0.00 sys=0.00, real=0.00 secs] 
285.447: Total time for which application threads were stopped: 0.0489590 seconds, Stopping threads took: 0.0480910 seconds
285.523: Application time: 0.0763970 seconds
285.584: [GC [PSYoungGen: 14197K->1165K(14336K)] 24759K->12117K(46080K), 0.0009100 secs] [Times: user=0.00 sys=0.00, real=0.00 secs] 
285.585: Total time for which application threads were stopped: 0.0620110 seconds, Stopping threads took: 0.0610070 seconds
285.660: Application time: 0.0749870 seconds
285.710: [GC [PSYoungGen: 13936K->1442K(14336K)] 24889K->14355K(46080K), 0.0012840 secs] [Times: user=0.00 sys=0.00, real=0.01 secs] 
285.711: Total time for which application threads were stopped: 0.0509060 seconds, Stopping threads took: 0.0495370 seconds
285.789: Application time: 0.0774720 seconds
285.855: [GC [PSYoungGen: 14155K->1392K(14336K)] 27068K->15087K(46080K), 0.0008650 secs] [Times: user=0.00 sys=0.00, real=0.00 secs] 
285.856: Total time for which application threads were stopped: 0.0670170 seconds, Stopping threads took: 0.0660660 seconds
285.933: Application time: 0.0769190 seconds
285.997: [GC [PSYoungGen: 14008K->758K(14336K)] 27702K->14461K(46080K), 0.0006480 secs] [Times: user=0.00 sys=0.00, real=0.00 secs] 
285.998: Total time for which application threads were stopped: 0.0647990 seconds, Stopping threads took: 0.0640560 seconds
286.077: Application time: 0.0791200 seconds
286.113: [GC [PSYoungGen: 13521K->1424K(14336K)] 27224K->16510K(46080K), 0.0009630 secs] [Times: user=0.01 sys=0.00, real=0.00 secs] 
286.114: Total time for which application threads were stopped: 0.0375540 seconds, Stopping threads took: 0.0364980 seconds
286.190: Application time: 0.0754020 seconds
286.246: [GC [PSYoungGen: 14165K->1360K(14336K)] 29251K->17634K(46080K), 0.0010030 secs] [Times: user=0.01 sys=0.00, real=0.00 secs] 
286.247: Total time for which application threads were stopped: 0.0576110 seconds, Stopping threads took: 0.0565130 seconds
286.324: Application time: 0.0764740 seconds
286.390: [GC [PSYoungGen: 14054K->1149K(14336K)] 30328K->17431K(46080K), 0.0005790 secs] [Times: user=0.00 sys=0.00, real=0.01 secs] 
286.392: Total time for which application threads were stopped: 0.0682070 seconds, Stopping threads took: 0.0665410 seconds
286.468: Application time: 0.0763910 seconds
286.518: [GC [PSYoungGen: 13745K->790K(14336K)] 30027K->17072K(46080K), 0.0006120 secs] [Times: user=0.00 sys=0.00, real=0.00 secs] 
286.518: Total time for which application threads were stopped: 0.0500130 seconds, Stopping threads took: 0.0493100 seconds
286.594: Application time: 0.0754080 seconds
286.654: [GC [PSYoungGen: 13582K->563K(14336K)] 29864K->16845K(46080K), 0.0004670 secs] [Times: user=0.00 sys=0.00, real=0.00 secs] 
286.655: Total time for which application threads were stopped: 0.0610330 seconds, Stopping threads took: 0.0604930 seconds
286.730: Application time: 0.0755920 seconds
286.780: [GC [PSYoungGen: 13276K->304K(14336K)] 29558K->16593K(46080K), 0.0005150 secs] [Times: user=0.00 sys=0.00, real=0.00 secs] 
286.781: Total time for which application threads were stopped: 0.0506070 seconds, Stopping threads took: 0.0500250 seconds
286.855: Application time: 0.0735360 seconds
286.889: [GC [PSYoungGen: 12997K->1117K(14336K)] 29287K->17407K(46080K), 0.0007510 secs] [Times: user=0.00 sys=0.00, real=0.00 secs] 
286.890: Total time for which application threads were stopped: 0.0354610 seconds, Stopping threads took: 0.0346170 seconds
286.964: Application time: 0.0743510 seconds
287.030: [GC [PSYoungGen: 13635K->774K(14336K)] 29925K->17072K(46080K), 0.0006620 secs] [Times: user=0.01 sys=0.00, real=0.00 secs] 
287.031: Total time for which application threads were stopped: 0.0662440 seconds, Stopping threads took: 0.0654830 seconds
287.109: Application time: 0.0785290 seconds
287.159: [GC [PSYoungGen: 13468K->1360K(14336K)] 29766K->17853K(46080K), 0.0007540 secs] [Times: user=0.01 sys=0.01, real=0.00 secs] 
287.160: Total time for which application threads were stopped: 0.0507140 seconds, Stopping threads took: 0.0498810 seconds
287.236: Application time: 0.0760450 seconds
287.298: [GC [PSYoungGen: 14151K->1328K(14336K)] 30645K->17829K(46080K), 0.0006280 secs] [Times: user=0.00 sys=0.00, real=0.01 secs] 
287.299: Total time for which application threads were stopped: 0.0631710 seconds, Stopping threads took: 0.0624720 seconds
287.378: Application time: 0.0785130 seconds
287.429: [GC [PSYoungGen: 14120K->1133K(14336K)] 30621K->17634K(46080K), 0.0005710 secs] [Times: user=0.00 sys=0.00, real=0.00 secs] 
287.430: Total time for which application threads were stopped: 0.0523440 seconds, Stopping threads took: 0.0517030 seconds
287.521: Application time: 0.0911400 seconds
287.583: [GC [PSYoungGen: 13651K->726K(14336K)] 30152K->17243K(46080K), 0.0004850 secs] [Times: user=0.00 sys=0.00, real=0.00 secs] 
287.583: Total time for which application threads were stopped: 0.0620080 seconds, Stopping threads took: 0.0614430 seconds
287.658: Application time: 0.0746820 seconds
287.691: [GC [PSYoungGen: 13420K->1197K(14336K)] 29937K->18113K(46080K), 0.0008620 secs] [Times: user=0.00 sys=0.00, real=0.00 secs] 
287.692: Total time for which application threads were stopped: 0.0342920 seconds, Stopping threads took: 0.0333480 seconds
287.782: Application time: 0.0902420 seconds
287.848: [GC [PSYoungGen: 13871K->1133K(14336K)] 30787K->18049K(46080K), 0.0006980 secs] [Times: user=0.01 sys=0.00, real=0.00 secs] 
287.849: Total time for which application threads were stopped: 0.0664370 seconds, Stopping threads took: 0.0656650 seconds
287.926: Application time: 0.0768130 seconds
287.982: [GC [PSYoungGen: 13924K->1002K(14336K)] 30840K->17917K(46080K), 0.0005200 secs] [Times: user=0.00 sys=0.00, real=0.00 secs] 
287.982: Total time for which application threads were stopped: 0.0566970 seconds, Stopping threads took: 0.0560870 seconds
288.059: Application time: 0.0764100 seconds
288.121: [GC [PSYoungGen: 13715K->726K(14336K)] 30630K->17642K(46080K), 0.0007120 secs] [Times: user=0.00 sys=0.00, real=0.00 secs] 
288.121: Total time for which application threads were stopped: 0.0627620 seconds, Stopping threads took: 0.0619520 seconds
288.198: Application time: 0.0764390 seconds
288.246: [GC [PSYoungGen: 13439K->547K(14336K)] 30355K->17471K(46080K), 0.0007690 secs] [Times: user=0.01 sys=0.00, real=0.00 secs] 
288.247: Total time for which application threads were stopped: 0.0490260 seconds, Stopping threads took: 0.0481860 seconds
288.322: Application time: 0.0748970 seconds
288.382: [GC [PSYoungGen: 13260K->304K(14336K)] 30184K->17235K(46080K), 0.0005770 secs] [Times: user=0.01 sys=0.00, real=0.00 secs] 
288.383: Total time for which application threads were stopped: 0.0611520 seconds, Stopping threads took: 0.0604980 seconds
288.458: Application time: 0.0750030 seconds
288.493: [GC [PSYoungGen: 13076K->1133K(14336K)] 30007K->18073K(46080K), 0.0006830 secs] [Times: user=0.00 sys=0.00, real=0.00 secs] 
288.493: Total time for which application threads were stopped: 0.0354600 seconds, Stopping threads took: 0.0346930 seconds
288.569: Application time: 0.0759730 seconds
288.606: [GC [PSYoungGen: 13748K->1360K(14336K)] 30688K->18902K(46080K), 0.0008020 secs] [Times: user=0.00 sys=0.00, real=0.00 secs] 
288.607: Total time for which application threads were stopped: 0.0378010 seconds, Stopping threads took: 0.0369230 seconds
288.685: Application time: 0.0778050 seconds
288.748: [GC [PSYoungGen: 14054K->1474K(14336K)] 31596K->19211K(46080K), 0.0007520 secs] [Times: user=0.00 sys=0.00, real=0.00 secs] 
288.749: Total time for which application threads were stopped: 0.0634960 seconds, Stopping threads took: 0.0626660 seconds
288.840: Application time: 0.0919920 seconds
288.908: [GC [PSYoungGen: 14265K->336K(14336K)] 32002K->18081K(46080K), 0.0004620 secs] [Times: user=0.00 sys=0.00, real=0.00 secs] 
288.908: Total time for which application threads were stopped: 0.0677680 seconds, Stopping threads took: 0.0672170 seconds
288.982: Application time: 0.0740390 seconds
289.017: [GC [PSYoungGen: 13029K->1181K(14336K)] 30774K->18926K(46080K), 0.0006620 secs] [Times: user=0.00 sys=0.00, real=0.00 secs] 
289.017: Total time for which application threads were stopped: 0.0350400 seconds, Stopping threads took: 0.0342880 seconds
289.107: Application time: 0.0900390 seconds
289.174: [GC [PSYoungGen: 13777K->742K(14336K)] 31522K->18495K(46080K), 0.0006780 secs] [Times: user=0.00 sys=0.00, real=0.00 secs] 
289.175: Total time for which application threads were stopped: 0.0672000 seconds, Stopping threads took: 0.0664250 seconds
289.254: Application time: 0.0791960 seconds
289.289: [GC [PSYoungGen: 13533K->1376K(14336K)] 31287K->20505K(46080K), 0.0009890 secs] [Times: user=0.01 sys=0.00, real=0.00 secs] 
289.290: Total time for which application threads were stopped: 0.0360570 seconds, Stopping threads took: 0.0349850 seconds
289.366: Application time: 0.0762430 seconds
289.435: [GC [PSYoungGen: 14089K->352K(14336K)] 33218K->19488K(46080K), 0.0004430 secs] [Times: user=0.01 sys=0.00, real=0.00 secs] 
289.436: Total time for which application threads were stopped: 0.0694540 seconds, Stopping threads took: 0.0689470 seconds
289.510: Application time: 0.0745390 seconds
289.546: [GC [PSYoungGen: 13045K->1149K(14336K)] 32182K->20285K(46080K), 0.0006090 secs] [Times: user=0.00 sys=0.00, real=0.00 secs] 
289.546: Total time for which application threads were stopped: 0.0363720 seconds, Stopping threads took: 0.0356880 seconds
289.625: Application time: 0.0783140 seconds
289.658: [GC [PSYoungGen: 13764K->1360K(14336K)] 32901K->21091K(46080K), 0.0008240 secs] [Times: user=0.00 sys=0.00, real=0.01 secs] 
289.659: Total time for which application threads were stopped: 0.0345480 seconds, Stopping threads took: 0.0336290 seconds
289.737: Application time: 0.0772680 seconds
289.799: [GC [PSYoungGen: 14151K->1360K(14336K)] 33882K->21489K(46080K), 0.0008170 secs] [Times: user=0.00 sys=0.00, real=0.01 secs] 
289.799: Total time for which application threads were stopped: 0.0628400 seconds, Stopping threads took: 0.0619400 seconds
289.875: Application time: 0.0755610 seconds
289.938: [GC [PSYoungGen: 14152K->1149K(14336K)] 34281K->21677K(46080K), 0.0007070 secs] [Times: user=0.01 sys=0.00, real=0.00 secs] 
289.938: Total time for which application threads were stopped: 0.0634730 seconds, Stopping threads took: 0.0626990 seconds
290.016: Application time: 0.0773630 seconds
290.077: [GC [PSYoungGen: 13940K->1376K(14336K)] 34468K->21904K(46080K), 0.0006110 secs] [Times: user=0.01 sys=0.00, real=0.00 secs] 
290.078: Total time for which application threads were stopped: 0.0616830 seconds, Stopping threads took: 0.0610070 seconds
290.152: Application time: 0.0745600 seconds
290.198: [GC [PSYoungGen: 14089K->1506K(14336K)] 34617K->22815K(46080K), 0.0009950 secs] [Times: user=0.00 sys=0.00, real=0.01 secs] 
290.199: Total time for which application threads were stopped: 0.0473830 seconds, Stopping threads took: 0.0462960 seconds
290.277: Application time: 0.0774170 seconds
290.341: [GC [PSYoungGen: 14102K->758K(14336K)] 35411K->22067K(46080K), 0.0007530 secs] [Times: user=0.00 sys=0.00, real=0.00 secs] 
290.341: Total time for which application threads were stopped: 0.0644110 seconds, Stopping threads took: 0.0635570 seconds
290.421: Application time: 0.0797660 seconds
290.486: [GC [PSYoungGen: 13549K->563K(14336K)] 34858K->21880K(46080K), 0.0005250 secs] [Times: user=0.00 sys=0.00, real=0.00 secs] 
290.487: Total time for which application threads were stopped: 0.0655950 seconds, Stopping threads took: 0.0649860 seconds
290.562: Application time: 0.0755110 seconds
290.610: [GC [PSYoungGen: 13354K->304K(14336K)] 34671K->21621K(46080K), 0.0004570 secs] [Times: user=0.00 sys=0.00, real=0.00 secs] 
290.611: Total time for which application threads were stopped: 0.0487590 seconds, Stopping threads took: 0.0482340 seconds
290.684: Application time: 0.0734120 seconds
290.719: [GC [PSYoungGen: 12997K->1133K(14336K)] 34314K->22458K(46080K), 0.0006700 secs] [Times: user=0.00 sys=0.00, real=0.00 secs] 
290.720: Total time for which application threads were stopped: 0.0356050 seconds, Stopping threads took: 0.0348560 seconds
290.798: Application time: 0.0775680 seconds
290.858: [GC [PSYoungGen: 13729K->774K(14336K)] 35054K->22107K(46080K), 0.0005230 secs] [Times: user=0.00 sys=0.00, real=0.00 secs] 
290.859: Total time for which application threads were stopped: 0.0610530 seconds, Stopping threads took: 0.0604300 seconds
290.937: Application time: 0.0787820 seconds
291.001: [GC [PSYoungGen: 13390K->1344K(14336K)] 34723K->22881K(46080K), 0.0007630 secs] [Times: user=0.01 sys=0.00, real=0.00 secs] 
291.002: Total time for which application threads were stopped: 0.0643720 seconds, Stopping threads took: 0.0635130 seconds
291.077: Application time: 0.0750950 seconds
291.127: [GC [PSYoungGen: 14057K->1474K(14336K)] 35594K->23995K(46080K), 0.0009340 secs] [Times: user=0.01 sys=0.00, real=0.00 secs] 
291.128: Total time for which application threads were stopped: 0.0507320 seconds, Stopping threads took: 0.0497260 seconds
291.205: Application time: 0.0773400 seconds
291.267: [GC [PSYoungGen: 14167K->1392K(14336K)] 36688K->24702K(46080K), 0.0009190 secs] [Times: user=0.01 sys=0.00, real=0.00 secs] 
291.268: Total time for which application threads were stopped: 0.0633140 seconds, Stopping threads took: 0.0623180 seconds
291.344: Application time: 0.0755670 seconds
291.398: [GC [PSYoungGen: 14086K->1458K(14336K)] 37396K->25159K(46080K), 0.0008010 secs] [Times: user=0.01 sys=0.00, real=0.01 secs] 
291.399: Total time for which application threads were stopped: 0.0556480 seconds, Stopping threads took: 0.0540320 seconds
291.477: Application time: 0.0780130 seconds
291.545: [GC [PSYoungGen: 14249K->547K(14336K)] 37950K->24256K(46080K), 0.0004540 secs] [Times: user=0.00 sys=0.00, real=0.00 secs] 
291.546: Total time for which application threads were stopped: 0.0680870 seconds, Stopping threads took: 0.0675660 seconds
291.621: Application time: 0.0757360 seconds
291.670: [GC [PSYoungGen: 13260K->320K(14336K)] 36969K->24028K(46080K), 0.0005600 secs] [Times: user=0.00 sys=0.00, real=0.00 secs] 
291.671: Total time for which application threads were stopped: 0.0493360 seconds, Stopping threads took: 0.0487060 seconds
291.744: Application time: 0.0734400 seconds
291.778: [GC [PSYoungGen: 13033K->1474K(14336K)] 36742K->27144K(46080K), 0.0011650 secs] [Times: user=0.01 sys=0.00, real=0.01 secs] 
291.779: Total time for which application threads were stopped: 0.0352830 seconds, Stopping threads took: 0.0340430 seconds
291.856: Application time: 0.0766280 seconds
291.924: [GC [PSYoungGen: 14265K->1376K(14336K)] 39935K->27836K(46080K), 0.0009060 secs] [Times: user=0.00 sys=0.00, real=0.00 secs] 
291.925: Total time for which application threads were stopped: 0.0692470 seconds, Stopping threads took: 0.0682550 seconds
292.002: Application time: 0.0768240 seconds
292.062: [GC [PSYoungGen: 14148K->1426K(14336K)] 40608K->28284K(46080K), 0.0007960 secs] [Times: user=0.00 sys=0.00, real=0.00 secs] 
292.063: Total time for which application threads were stopped: 0.0609390 seconds, Stopping threads took: 0.0600660 seconds
292.140: Application time: 0.0772040 seconds
292.204: [GC [PSYoungGen: 14217K->595K(14336K)] 41075K->27453K(46080K), 0.0004940 secs] [Times: user=0.00 sys=0.00, real=0.00 secs] 
292.204: Total time for which application threads were stopped: 0.0642310 seconds, Stopping threads took: 0.0636720 seconds
292.281: Application time: 0.0770300 seconds
292.333: [GC [PSYoungGen: 13386K->336K(14336K)] 40244K->27210K(46080K), 0.0004700 secs] [Times: user=0.00 sys=0.00, real=0.00 secs] 
292.334: Total time for which application threads were stopped: 0.0524550 seconds, Stopping threads took: 0.0519260 seconds
292.408: Application time: 0.0741160 seconds
292.443: [GC [PSYoungGen: 12951K->1181K(14336K)] 39825K->28063K(46080K), 0.0007480 secs] [Times: user=0.01 sys=0.00, real=0.00 secs] 
292.444: Total time for which application threads were stopped: 0.0356830 seconds, Stopping threads took: 0.0348500 seconds
292.536: Application time: 0.0918190 seconds
292.598: [GC [PSYoungGen: 13777K->710K(14336K)] 40659K->27600K(46080K), 0.0006040 secs] [Times: user=0.00 sys=0.00, real=0.01 secs] 
292.599: Total time for which application threads were stopped: 0.0634440 seconds, Stopping threads took: 0.0627520 seconds
292.675: Application time: 0.0755480 seconds
292.710: [GC [PSYoungGen: 13501K->1442K(14336K)] 40391K->28535K(46080K), 0.0008910 secs] [Times: user=0.00 sys=0.00, real=0.00 secs] 
292.711: Total time for which application threads were stopped: 0.0359950 seconds, Stopping threads took: 0.0350100 seconds
292.806: Application time: 0.0957690 seconds
292.866: [GC [PSYoungGen: 14057K->1328K(14336K)] 41151K->28430K(46080K), 0.0006540 secs] [Times: user=0.01 sys=0.00, real=0.00 secs] 
292.867: Total time for which application threads were stopped: 0.0607410 seconds, Stopping threads took: 0.0600000 seconds
292.948: Application time: 0.0805120 seconds
293.015: [GC [PSYoungGen: 14117K->1149K(14336K)] 41219K->28250K(46080K), 0.0006580 secs] [Times: user=0.00 sys=0.01, real=0.00 secs] 
293.015: Total time for which application threads were stopped: 0.0675850 seconds, Stopping threads took: 0.0668250 seconds
293.104: Application time: 0.0887560 seconds
293.157: [GC [PSYoungGen: 13764K->1344K(14336K)] 40866K->29032K(46080K), 0.0010380 secs] [Times: user=0.00 sys=0.00, real=0.00 secs] 
293.158: Total time for which application threads were stopped: 0.0544360 seconds, Stopping threads took: 0.0533010 seconds
293.237: Application time: 0.0781380 seconds
293.305: [GC [PSYoungGen: 14038K->563K(14336K)] 41725K->28266K(46080K), 0.0006920 secs] [Times: user=0.00 sys=0.00, real=0.00 secs] 
293.305: Total time for which application threads were stopped: 0.0687600 seconds, Stopping threads took: 0.0679800 seconds
293.381: Application time: 0.0755380 seconds
293.432: [GC [PSYoungGen: 13354K->304K(14336K)] 41057K->28015K(46080K), 0.0006730 secs] [Times: user=0.00 sys=0.00, real=0.00 secs] 
293.433: Total time for which application threads were stopped: 0.0523440 seconds, Stopping threads took: 0.0515830 seconds
293.507: Application time: 0.0741510 seconds
293.542: [GC [PSYoungGen: 13075K->1101K(14336K)] 40787K->28820K(46080K), 0.0006450 secs] [Times: user=0.01 sys=0.00, real=0.00 secs] 
293.542: Total time for which application threads were stopped: 0.0350650 seconds, Stopping threads took: 0.0343440 seconds
293.618: Application time: 0.0759720 seconds
293.682: [GC [PSYoungGen: 13619K->726K(14336K)] 41338K->28446K(46080K), 0.0005230 secs] [Times: user=0.01 sys=0.00, real=0.00 secs] 
293.682: Total time for which application threads were stopped: 0.0638940 seconds, Stopping threads took: 0.0633050 seconds
293.760: Application time: 0.0779650 seconds
293.810: [GC [PSYoungGen: 13342K->1165K(14336K)] 41061K->29275K(46080K), 0.0006820 secs] [Times: user=0.00 sys=0.00, real=0.01 secs] 
293.811: Total time for which application threads were stopped: 0.0508810 seconds, Stopping threads took: 0.0501290 seconds
293.887: Application time: 0.0760560 seconds
293.950: [GC [PSYoungGen: 13878K->1328K(14336K)] 41988K->29446K(46080K), 0.0007010 secs] [Times: user=0.01 sys=0.00, real=0.01 secs] 
293.951: Total time for which application threads were stopped: 0.0638660 seconds, Stopping threads took: 0.0630670 seconds
294.029: Application time: 0.0776310 seconds
294.078: [GC [PSYoungGen: 14120K->1133K(14336K)] 42238K->29259K(46080K), 0.0006970 secs] [Times: user=0.01 sys=0.00, real=0.00 secs] 
294.079: Total time for which application threads were stopped: 0.0500480 seconds, Stopping threads took: 0.0492580 seconds
294.156: Application time: 0.0770580 seconds
294.217: [GC [PSYoungGen: 13807K->678K(14336K)] 41933K->28820K(46080K), 0.0006660 secs] [Times: user=0.00 sys=0.00, real=0.00 secs] 
294.218: Total time for which application threads were stopped: 0.0617090 seconds, Stopping threads took: 0.0609630 seconds
294.294: Application time: 0.0769400 seconds
294.348: [GC [PSYoungGen: 13391K->1458K(14336K)] 41533K->29803K(46080K), 0.0007060 secs] [Times: user=0.00 sys=0.00, real=0.00 secs] 
294.349: Total time for which application threads were stopped: 0.0542800 seconds, Stopping threads took: 0.0535000 seconds
294.447: Application time: 0.0980020 seconds
294.510: [GC [PSYoungGen: 14249K->384K(14336K)] 42594K->28729K(46080K), 0.0004320 secs] [Times: user=0.01 sys=0.00, real=0.00 secs] 
294.511: Total time for which application threads were stopped: 0.0638920 seconds, Stopping threads took: 0.0633900 seconds
294.584: Application time: 0.0733260 seconds
294.619: [GC [PSYoungGen: 12999K->1085K(14336K)] 41344K->29446K(46080K), 0.0006930 secs] [Times: user=0.00 sys=0.00, real=0.00 secs] 
294.620: Total time for which application threads were stopped: 0.0358320 seconds, Stopping threads took: 0.0350580 seconds
294.696: Application time: 0.0762150 seconds
294.759: [GC [PSYoungGen: 13681K->726K(14336K)] 42042K->29096K(46080K), 0.0005160 secs] [Times: user=0.00 sys=0.00, real=0.01 secs] 
294.759: Total time for which application threads were stopped: 0.0631900 seconds, Stopping threads took: 0.0626040 seconds
294.836: Application time: 0.0767820 seconds
294.897: [GC [PSYoungGen: 13517K->547K(14336K)] 41887K->28916K(46080K), 0.0005360 secs] [Times: user=0.00 sys=0.00, real=0.00 secs] 
294.897: Total time for which application threads were stopped: 0.0614810 seconds, Stopping threads took: 0.0608670 seconds
294.973: Application time: 0.0754040 seconds
295.034: [GC [PSYoungGen: 13260K->320K(14336K)] 41629K->28697K(46080K), 0.0004260 secs] [Times: user=0.00 sys=0.00, real=0.00 secs] 
295.035: Total time for which application threads were stopped: 0.0618710 seconds, Stopping threads took: 0.0613780 seconds
295.109: Application time: 0.0738000 seconds
295.143: [GC [PSYoungGen: 13091K->1458K(14336K)] 41469K->30616K(46080K), 0.0008790 secs] [Times: user=0.01 sys=0.00, real=0.00 secs] 
295.144: Total time for which application threads were stopped: 0.0351870 seconds, Stopping threads took: 0.0342030 seconds
295.221: Application time: 0.0773130 seconds
295.285: [GC [PSYoungGen: 13976K->758K(14336K)] 43134K->29925K(46080K), 0.0005370 secs] [Times: user=0.00 sys=0.00, real=0.00 secs] 
295.285: Total time for which application threads were stopped: 0.0642570 seconds, Stopping threads took: 0.0636290 seconds
295.368: Application time: 0.0830110 seconds
295.432: [GC [PSYoungGen: 13471K->563K(14336K)] 42638K->29737K(46080K), 0.0005250 secs] [Times: user=0.00 sys=0.00, real=0.00 secs] 
295.432: Total time for which application threads were stopped: 0.0640710 seconds, Stopping threads took: 0.0634810 seconds
295.507: Application time: 0.0749680 seconds
295.570: [GC [PSYoungGen: 13363K->320K(14336K)] 42537K->29502K(46080K), 0.0004340 secs] [Times: user=0.01 sys=0.00, real=0.00 secs] 
295.570: Total time for which application threads were stopped: 0.0626080 seconds, Stopping threads took: 0.0621020 seconds
295.643: Application time: 0.0731310 seconds
295.678: [GC [PSYoungGen: 13062K->1458K(14336K)] 42245K->32398K(46080K), 0.0011820 secs] [Times: user=0.01 sys=0.00, real=0.01 secs] 
295.679: [Full GC [PSYoungGen: 1458K->0K(14336K)] [ParOldGen: 30940K->4627K(31744K)] 32398K->4627K(46080K) [PSPermGen: 5151K->5151K(21504K)], 0.0042860 secs] [Times: user=0.02 sys=0.00, real=0.00 secs] 
295.684: Total time for which application threads were stopped: 0.0405310 seconds, Stopping threads took: 0.0349260 seconds
295.761: Application time: 0.0770890 seconds
295.829: [GC [PSYoungGen: 12615K->1461K(14336K)] 17242K->6284K(46080K), 0.0006550 secs] [Times: user=0.00 sys=0.00, real=0.00 secs] 
295.830: Total time for which application threads were stopped: 0.0694390 seconds, Stopping threads took: 0.0687110 seconds
295.913: Application time: 0.0830990 seconds
295.977: [GC [PSYoungGen: 14174K->1429K(14336K)] 18997K->6252K(46080K), 0.0006760 secs] [Times: user=0.00 sys=0.00, real=0.00 secs] 
295.978: Total time for which application threads were stopped: 0.0647050 seconds, Stopping threads took: 0.0639370 seconds
296.055: Application time: 0.0768450 seconds
296.117: [GC [PSYoungGen: 14201K->1168K(14336K)] 19023K->5991K(46080K), 0.0006320 secs] [Times: user=0.00 sys=0.00, real=0.00 secs] 
296.117: Total time for which application threads were stopped: 0.0624230 seconds, Stopping threads took: 0.0616870 seconds
296.194: Application time: 0.0766810 seconds
296.242: [GC [PSYoungGen: 13783K->1427K(14336K)] 18606K->6836K(46080K), 0.0009760 secs] [Times: user=0.00 sys=0.00, real=0.00 secs] 
296.243: Total time for which application threads were stopped: 0.0491110 seconds, Stopping threads took: 0.0480270 seconds
296.321: Application time: 0.0776880 seconds
296.373: [GC [PSYoungGen: 14043K->1525K(14336K)] 19451K->7129K(46080K), 0.0007080 secs] [Times: user=0.00 sys=0.00, real=0.00 secs] 
296.374: Total time for which application threads were stopped: 0.0528640 seconds, Stopping threads took: 0.0520670 seconds
296.457: Application time: 0.0831950 seconds
296.521: [GC [PSYoungGen: 14238K->451K(14336K)] 19842K->6055K(46080K), 0.0003790 secs] [Times: user=0.00 sys=0.00, real=0.00 secs] 
296.523: Total time for which application threads were stopped: 0.0661760 seconds, Stopping threads took: 0.0645620 seconds
296.598: Application time: 0.0754660 seconds
296.655: [GC [PSYoungGen: 13174K->160K(14336K)] 18778K->5763K(46080K), 0.0006310 secs] [Times: user=0.00 sys=0.00, real=0.00 secs] 
296.656: Total time for which application threads were stopped: 0.0573070 seconds, Stopping threads took: 0.0566110 seconds
296.730: Application time: 0.0737520 seconds
296.765: [GC [PSYoungGen: 12843K->1477K(14336K)] 18447K->7667K(46080K), 0.0010480 secs] [Times: user=0.00 sys=0.00, real=0.00 secs] 
296.766: Total time for which application threads were stopped: 0.0369430 seconds, Stopping threads took: 0.0357880 seconds
296.844: Application time: 0.0773550 seconds
296.912: [GC [PSYoungGen: 14151K->646K(14336K)] 20341K->6836K(46080K), 0.0005970 secs] [Times: user=0.00 sys=0.00, real=0.00 secs] 
296.913: Total time for which application threads were stopped: 0.0689740 seconds, Stopping threads took: 0.0682830 seconds
296.990: Application time: 0.0767910 seconds
297.040: [GC [PSYoungGen: 13437K->467K(14336K)] 19627K->6657K(46080K), 0.0004670 secs] [Times: user=0.01 sys=0.00, real=0.00 secs] 
297.040: Total time for which application threads were stopped: 0.0504530 seconds, Stopping threads took: 0.0499200 seconds
297.127: Application time: 0.0865000 seconds
297.189: [GC [PSYoungGen: 13258K->320K(14336K)] 19448K->6509K(46080K), 0.0004360 secs] [Times: user=0.00 sys=0.00, real=0.00 secs] 
297.189: Total time for which application threads were stopped: 0.0627040 seconds, Stopping threads took: 0.0621990 seconds
297.265: Application time: 0.0761230 seconds
297.316: [GC [PSYoungGen: 13013K->1181K(14336K)] 19203K->7371K(46080K), 0.0005460 secs] [Times: user=0.00 sys=0.00, real=0.00 secs] 
297.317: Total time for which application threads were stopped: 0.0513190 seconds, Stopping threads took: 0.0506770 seconds
297.392: Application time: 0.0757840 seconds
297.454: [GC [PSYoungGen: 13777K->726K(14336K)] 19967K->6916K(46080K), 0.0005530 secs] [Times: user=0.01 sys=0.00, real=0.00 secs] 
297.454: Total time for which application threads were stopped: 0.0617350 seconds, Stopping threads took: 0.0611100 seconds
297.538: Application time: 0.0836060 seconds
297.588: [GC [PSYoungGen: 13518K->1474K(14336K)] 19707K->7859K(46080K), 0.0007190 secs] [Times: user=0.00 sys=0.00, real=0.00 secs] 
297.589: Total time for which application threads were stopped: 0.0512530 seconds, Stopping threads took: 0.0504670 seconds
297.675: Application time: 0.0854970 seconds
297.743: [GC [PSYoungGen: 14187K->288K(14336K)] 20572K->6673K(46080K), 0.0004070 secs] [Times: user=0.00 sys=0.00, real=0.00 secs] 
297.743: Total time for which application threads were stopped: 0.0686840 seconds, Stopping threads took: 0.0682060 seconds
297.817: Application time: 0.0736670 seconds
297.851: [GC [PSYoungGen: 12903K->1117K(14336K)] 19288K->7534K(46080K), 0.0005600 secs] [Times: user=0.00 sys=0.00, real=0.00 secs] 
297.852: Total time for which application threads were stopped: 0.0349640 seconds, Stopping threads took: 0.0343260 seconds
297.926: Application time: 0.0744330 seconds
297.977: [GC [PSYoungGen: 13732K->1392K(14336K)] 20149K->8395K(46080K), 0.0008320 secs] [Times: user=0.00 sys=0.00, real=0.00 secs] 
297.978: Total time for which application threads were stopped: 0.0519820 seconds, Stopping threads took: 0.0510830 seconds
298.058: Application time: 0.0794130 seconds
298.125: [GC [PSYoungGen: 14007K->515K(14336K)] 21011K->7526K(46080K), 0.0005160 secs] [Times: user=0.00 sys=0.00, real=0.00 secs] 
298.126: Total time for which application threads were stopped: 0.0682470 seconds, Stopping threads took: 0.0676400 seconds
298.201: Application time: 0.0747900 seconds
298.236: [GC [PSYoungGen: 13287K->1328K(14336K)] 20298K->8339K(46080K), 0.0007880 secs] [Times: user=0.00 sys=0.00, real=0.00 secs] 
298.237: Total time for which application threads were stopped: 0.0357050 seconds, Stopping threads took: 0.0348230 seconds
298.314: Application time: 0.0777160 seconds
298.362: [GC [PSYoungGen: 14120K->1133K(14336K)] 21131K->8144K(46080K), 0.0006210 secs] [Times: user=0.00 sys=0.00, real=0.00 secs] 
298.363: Total time for which application threads were stopped: 0.0482860 seconds, Stopping threads took: 0.0475850 seconds
298.441: Application time: 0.0786060 seconds
298.501: [GC [PSYoungGen: 13807K->742K(14336K)] 20818K->7753K(46080K), 0.0004920 secs] [Times: user=0.00 sys=0.00, real=0.00 secs] 
298.502: Total time for which application threads were stopped: 0.0604190 seconds, Stopping threads took: 0.0598600 seconds
298.577: Application time: 0.0753920 seconds
298.631: [GC [PSYoungGen: 13455K->563K(14336K)] 20466K->7582K(46080K), 0.0004480 secs] [Times: user=0.00 sys=0.00, real=0.00 secs] 
298.632: Total time for which application threads were stopped: 0.0545800 seconds, Stopping threads took: 0.0540640 seconds
298.709: Application time: 0.0776000 seconds
298.770: [GC [PSYoungGen: 13276K->368K(14336K)] 20295K->7395K(46080K), 0.0004620 secs] [Times: user=0.00 sys=0.00, real=0.00 secs] 
298.770: Total time for which application threads were stopped: 0.0611410 seconds, Stopping threads took: 0.0605850 seconds
298.844: Application time: 0.0734540 seconds
298.878: [GC [PSYoungGen: 13061K->1458K(14336K)] 20088K->9290K(46080K), 0.0008380 secs] [Times: user=0.00 sys=0.00, real=0.01 secs] 
298.879: Total time for which application threads were stopped: 0.0354050 seconds, Stopping threads took: 0.0344870 seconds
298.956: Application time: 0.0773620 seconds
299.006: [GC [PSYoungGen: 14151K->1490K(14336K)] 21984K->10901K(46080K), 0.0010990 secs] [Times: user=0.01 sys=0.00, real=0.00 secs] 
299.007: Total time for which application threads were stopped: 0.0503240 seconds, Stopping threads took: 0.0491470 seconds
299.085: Application time: 0.0777440 seconds
299.146: [GC [PSYoungGen: 14183K->1523K(14336K)] 23594K->12138K(46080K), 0.0009840 secs] [Times: user=0.01 sys=0.00, real=0.00 secs] 
299.147: Total time for which application threads were stopped: 0.0627060 seconds, Stopping threads took: 0.0616490 seconds
299.224: Application time: 0.0762870 seconds
299.286: [GC [PSYoungGen: 14236K->1360K(14336K)] 24851K->13163K(46080K), 0.0010700 secs] [Times: user=0.01 sys=0.00, real=0.00 secs] 
299.287: Total time for which application threads were stopped: 0.0638890 seconds, Stopping threads took: 0.0627170 seconds
299.364: Application time: 0.0768330 seconds
299.429: [GC [PSYoungGen: 14054K->1101K(14336K)] 25857K->12920K(46080K), 0.0008380 secs] [Times: user=0.01 sys=0.00, real=0.00 secs] 
299.429: Total time for which application threads were stopped: 0.0651790 seconds, Stopping threads took: 0.0642350 seconds
299.524: Application time: 0.0949200 seconds
299.587: [GC [PSYoungGen: 13697K->758K(14336K)] 25516K->12585K(46080K), 0.0007340 secs] [Times: user=0.01 sys=0.00, real=0.00 secs] 
299.588: Total time for which application threads were stopped: 0.0635530 seconds, Stopping threads took: 0.0627290 seconds
299.667: Application time: 0.0795400 seconds
299.701: [GC [PSYoungGen: 13525K->1360K(14336K)] 25352K->14554K(46080K), 0.0010550 secs] [Times: user=0.00 sys=0.00, real=0.00 secs] 
299.703: Total time for which application threads were stopped: 0.0350850 seconds, Stopping threads took: 0.0339330 seconds
299.779: Application time: 0.0761970 seconds
299.840: [GC [PSYoungGen: 14078K->1442K(14336K)] 27272K->15613K(46080K), 0.0010830 secs] [Times: user=0.00 sys=0.00, real=0.00 secs] 
299.842: Total time for which application threads were stopped: 0.0627440 seconds, Stopping threads took: 0.0615650 seconds
299.918: Application time: 0.0768100 seconds
299.981: [GC [PSYoungGen: 14155K->1165K(14336K)] 28326K->15336K(46080K), 0.0005840 secs] [Times: user=0.00 sys=0.00, real=0.00 secs] 
299.982: Total time for which application threads were stopped: 0.0634130 seconds, Stopping threads took: 0.0627480 seconds
300.073: Application time: 0.0913140 seconds
300.141: [GC [PSYoungGen: 13683K->806K(14336K)] 27853K->14977K(46080K), 0.0005540 secs] [Times: user=0.01 sys=0.00, real=0.00 secs] 
300.141: Total time for which application threads were stopped: 0.0682780 seconds, Stopping threads took: 0.0676530 seconds
300.218: Application time: 0.0765450 seconds
300.276: [GC [PSYoungGen: 13480K->352K(14336K)] 27651K->14530K(46080K), 0.0004190 secs] [Times: user=0.01 sys=0.00, real=0.00 secs] 
300.276: Total time for which application threads were stopped: 0.0583690 seconds, Stopping threads took: 0.0578800 seconds
300.350: Application time: 0.0736400 seconds
300.384: [GC [PSYoungGen: 13045K->1458K(14336K)] 27224K->16426K(46080K), 0.0008890 secs] [Times: user=0.01 sys=0.00, real=0.00 secs] 
300.385: Total time for which application threads were stopped: 0.0353560 seconds, Stopping threads took: 0.0343980 seconds
300.461: Application time: 0.0760430 seconds
300.524: [GC [PSYoungGen: 13976K->1458K(14336K)] 28944K->16825K(46080K), 0.0007260 secs] [Times: user=0.01 sys=0.00, real=0.00 secs] 
300.525: Total time for which application threads were stopped: 0.0634500 seconds, Stopping threads took: 0.0626420 seconds
300.624: Application time: 0.0997180 seconds
300.684: [GC [PSYoungGen: 14249K->483K(14336K)] 29616K->15850K(46080K), 0.0005340 secs] [Times: user=0.00 sys=0.00, real=0.00 secs] 
300.685: Total time for which application threads were stopped: 0.0602440 seconds, Stopping threads took: 0.0596440 seconds
300.760: Application time: 0.0757180 seconds
300.810: [GC [PSYoungGen: 13196K->1376K(14336K)] 28563K->17915K(46080K), 0.0010030 secs] [Times: user=0.00 sys=0.00, real=0.01 secs] 
300.811: Total time for which application threads were stopped: 0.0509600 seconds, Stopping threads took: 0.0498820 seconds
300.886: Application time: 0.0750560 seconds
300.947: [GC [PSYoungGen: 14148K->1474K(14336K)] 30686K->18802K(46080K), 0.0009010 secs] [Times: user=0.00 sys=0.00, real=0.00 secs] 
300.948: Total time for which application threads were stopped: 0.0613130 seconds, Stopping threads took: 0.0603250 seconds
301.031: Application time: 0.0829810 seconds
301.076: [GC [PSYoungGen: 14089K->1490K(14336K)] 31417K->20388K(46080K), 0.0013080 secs] [Times: user=0.01 sys=0.00, real=0.00 secs] 
301.078: Total time for which application threads were stopped: 0.0470300 seconds, Stopping threads took: 0.0456230 seconds
301.172: Application time: 0.0938520 seconds
301.236: [GC [PSYoungGen: 14105K->579K(14336K)] 33004K->19493K(46080K), 0.0004440 secs] [Times: user=0.01 sys=0.00, real=0.00 secs] 
301.237: Total time for which application threads were stopped: 0.0651870 seconds, Stopping threads took: 0.0646720 seconds
301.313: Application time: 0.0757540 seconds
301.374: [GC [PSYoungGen: 13370K->336K(14336K)] 32285K->19250K(46080K), 0.0005920 secs] [Times: user=0.00 sys=0.00, real=0.00 secs] 
301.374: Total time for which application threads were stopped: 0.0615660 seconds, Stopping threads took: 0.0609050 seconds
301.448: Application time: 0.0734750 seconds
301.482: [GC [PSYoungGen: 13049K->1344K(14336K)] 31963K->21243K(46080K), 0.0009000 secs] [Times: user=0.01 sys=0.00, real=0.00 secs] 
301.483: Total time for which application threads were stopped: 0.0350190 seconds, Stopping threads took: 0.0340420 seconds
301.561: Application time: 0.0778440 seconds
301.624: [GC [PSYoungGen: 13999K->1474K(14336K)] 33898K->21772K(46080K), 0.0007830 secs] [Times: user=0.00 sys=0.00, real=0.00 secs] 
301.625: Total time for which application threads were stopped: 0.0649690 seconds, Stopping threads took: 0.0632850 seconds
301.705: Application time: 0.0792360 seconds
301.765: [GC [PSYoungGen: 14187K->563K(14336K)] 34485K->20869K(46080K), 0.0005340 secs] [Times: user=0.01 sys=0.00, real=0.00 secs] 
301.766: Total time for which application threads were stopped: 0.0608980 seconds, Stopping threads took: 0.0602880 seconds
301.841: Application time: 0.0749220 seconds
301.896: [GC [PSYoungGen: 13276K->336K(14336K)] 33582K->20649K(46080K), 0.0006480 secs] [Times: user=0.00 sys=0.00, real=0.00 secs] 
301.897: Total time for which application threads were stopped: 0.0563520 seconds, Stopping threads took: 0.0556190 seconds
301.970: Application time: 0.0734170 seconds
302.005: [GC [PSYoungGen: 13049K->1506K(14336K)] 33362K->23773K(46080K), 0.0014280 secs] [Times: user=0.01 sys=0.00, real=0.00 secs] 
302.006: Total time for which application threads were stopped: 0.0358070 seconds, Stopping threads took: 0.0342780 seconds
302.103: Application time: 0.0972750 seconds
302.171: [GC [PSYoungGen: 14083K->758K(14336K)] 36350K->23025K(46080K), 0.0006590 secs] [Times: user=0.00 sys=0.00, real=0.00 secs] 
302.172: Total time for which application threads were stopped: 0.0685430 seconds, Stopping threads took: 0.0677850 seconds
302.249: Application time: 0.0769740 seconds
302.311: [GC [PSYoungGen: 13471K->563K(14336K)] 35738K->22838K(46080K), 0.0005780 secs] [Times: user=0.00 sys=0.00, real=0.00 secs] 
302.312: Total time for which application threads were stopped: 0.0628530 seconds, Stopping threads took: 0.0622050 seconds
302.388: Application time: 0.0758570 seconds
302.445: [GC [PSYoungGen: 13354K->320K(14336K)] 35629K->22603K(46080K), 0.0004620 secs] [Times: user=0.00 sys=0.00, real=0.00 secs] 
302.446: Total time for which application threads were stopped: 0.0583240 seconds, Stopping threads took: 0.0577940 seconds
302.520: Application time: 0.0738010 seconds
302.554: [GC [PSYoungGen: 13111K->1392K(14336K)] 35394K->24652K(46080K), 0.0009350 secs] [Times: user=0.01 sys=0.00, real=0.00 secs] 
302.555: Total time for which application threads were stopped: 0.0347250 seconds, Stopping threads took: 0.0337150 seconds
302.630: Application time: 0.0758240 seconds
302.699: [GC [PSYoungGen: 13890K->742K(14336K)] 37150K->24010K(46080K), 0.0005310 secs] [Times: user=0.00 sys=0.00, real=0.00 secs] 
302.700: Total time for which application threads were stopped: 0.0693010 seconds, Stopping threads took: 0.0686860 seconds
302.777: Application time: 0.0769310 seconds
302.830: [GC [PSYoungGen: 13455K->1458K(14336K)] 36723K->24921K(46080K), 0.0007270 secs] [Times: user=0.00 sys=0.00, real=0.01 secs] 
302.831: Total time for which application threads were stopped: 0.0546180 seconds, Stopping threads took: 0.0538180 seconds
302.906: Application time: 0.0749080 seconds
302.968: [GC [PSYoungGen: 14230K->1376K(14336K)] 37693K->24847K(46080K), 0.0006770 secs] [Times: user=0.01 sys=0.00, real=0.00 secs] 
302.969: Total time for which application threads were stopped: 0.0628340 seconds, Stopping threads took: 0.0620860 seconds
303.046: Application time: 0.0766930 seconds
303.100: [GC [PSYoungGen: 14089K->1181K(14336K)] 37560K->24652K(46080K), 0.0005730 secs] [Times: user=0.00 sys=0.00, real=0.00 secs] 
303.101: Total time for which application threads were stopped: 0.0551060 seconds, Stopping threads took: 0.0544650 seconds
303.176: Application time: 0.0754240 seconds
303.212: [GC [PSYoungGen: 13894K->1490K(14336K)] 37365K->25547K(46080K), 0.0008370 secs] [Times: user=0.01 sys=0.00, real=0.00 secs] 
303.213: Total time for which application threads were stopped: 0.0372050 seconds, Stopping threads took: 0.0362800 seconds
303.291: Application time: 0.0775240 seconds
303.359: [GC [PSYoungGen: 14281K->774K(14336K)] 38338K->24839K(46080K), 0.0004990 secs] [Times: user=0.00 sys=0.00, real=0.00 secs] 
303.360: Total time for which application threads were stopped: 0.0690270 seconds, Stopping threads took: 0.0684620 seconds
303.443: Application time: 0.0834040 seconds
303.482: [GC [PSYoungGen: 13565K->1524K(14336K)] 37630K->26792K(46080K), 0.0010660 secs] [Times: user=0.00 sys=0.00, real=0.00 secs] 
303.483: Total time for which application threads were stopped: 0.0395910 seconds, Stopping threads took: 0.0384460 seconds
303.566: Application time: 0.0833250 seconds
303.633: [GC [PSYoungGen: 14314K->1360K(14336K)] 39583K->27809K(46080K), 0.0010480 secs] [Times: user=0.01 sys=0.00, real=0.00 secs] 
303.634: Total time for which application threads were stopped: 0.0678090 seconds, Stopping threads took: 0.0666780 seconds
303.718: Application time: 0.0836700 seconds
303.789: [GC [PSYoungGen: 14132K->1117K(14336K)] 40581K->27566K(46080K), 0.0007490 secs] [Times: user=0.00 sys=0.00, real=0.00 secs] 
303.789: Total time for which application threads were stopped: 0.0716680 seconds, Stopping threads took: 0.0708160 seconds
303.881: Application time: 0.0919240 seconds
303.950: [GC [PSYoungGen: 13635K->742K(14336K)] 40083K->27191K(46080K), 0.0006500 secs] [Times: user=0.00 sys=0.00, real=0.00 secs] 
303.951: Total time for which application threads were stopped: 0.0692510 seconds, Stopping threads took: 0.0685270 seconds
304.034: Application time: 0.0835900 seconds
304.071: [GC [PSYoungGen: 13358K->1523K(14336K)] 39806K->30141K(46080K), 0.0012210 secs] [Times: user=0.01 sys=0.00, real=0.01 secs] 
304.072: Total time for which application threads were stopped: 0.0380080 seconds, Stopping threads took: 0.0367090 seconds
304.154: Application time: 0.0820890 seconds
304.231: [GC [PSYoungGen: 14236K->1296K(14336K)] 42854K->29930K(46080K), 0.0009620 secs] [Times: user=0.00 sys=0.00, real=0.00 secs] 
304.232: Total time for which application threads were stopped: 0.0781900 seconds, Stopping threads took: 0.0771300 seconds
304.316: Application time: 0.0834570 seconds
304.382: [GC [PSYoungGen: 14087K->1165K(14336K)] 42721K->29798K(46080K), 0.0007070 secs] [Times: user=0.00 sys=0.00, real=0.00 secs] 
304.383: Total time for which application threads were stopped: 0.0672050 seconds, Stopping threads took: 0.0664160 seconds
304.479: Application time: 0.0955520 seconds
304.535: [GC [PSYoungGen: 13839K->742K(14336K)] 42472K->29384K(46080K), 0.0007480 secs] [Times: user=0.00 sys=0.00, real=0.00 secs] 
304.536: Total time for which application threads were stopped: 0.0575000 seconds, Stopping threads took: 0.0566580 seconds
304.619: Application time: 0.0828540 seconds
304.684: [GC [PSYoungGen: 13533K->563K(14336K)] 42175K->29212K(46080K), 0.0006920 secs] [Times: user=0.01 sys=0.00, real=0.00 secs] 
304.685: Total time for which application threads were stopped: 0.0657720 seconds, Stopping threads took: 0.0649910 seconds
304.766: Application time: 0.0815030 seconds
304.832: [GC [PSYoungGen: 13276K->304K(14336K)] 41925K->28969K(46080K), 0.0007020 secs] [Times: user=0.00 sys=0.00, real=0.00 secs] 
304.833: Total time for which application threads were stopped: 0.0666300 seconds, Stopping threads took: 0.0658460 seconds
304.913: Application time: 0.0803420 seconds
304.951: [GC [PSYoungGen: 12919K->1392K(14336K)] 41584K->32011K(46080K), 0.0012900 secs] [Times: user=0.01 sys=0.00, real=0.01 secs] 
304.952: [Full GC [PSYoungGen: 1392K->0K(14336K)] [ParOldGen: 30618K->4728K(31744K)] 32011K->4728K(46080K) [PSPermGen: 5151K->5151K(21504K)], 0.0046460 secs] [Times: user=0.01 sys=0.00, real=0.00 secs] 
304.957: Total time for which application threads were stopped: 0.0435010 seconds, Stopping threads took: 0.0374030 seconds
305.040: Application time: 0.0829610 seconds
305.116: [GC [PSYoungGen: 12791K->809K(14336K)] 17519K->5538K(46080K), 0.0006720 secs] [Times: user=0.00 sys=0.00, real=0.00 secs] 
305.117: Total time for which application threads were stopped: 0.0768180 seconds, Stopping threads took: 0.0760710 seconds
305.200: Application time: 0.0830380 seconds
305.252: [GC [PSYoungGen: 13522K->1411K(14336K)] 18251K->7507K(46080K), 0.0012560 secs] [Times: user=0.00 sys=0.00, real=0.00 secs] 
305.253: Total time for which application threads were stopped: 0.0531530 seconds, Stopping threads took: 0.0517960 seconds
305.335: Application time: 0.0823310 seconds
305.411: [GC [PSYoungGen: 14105K->1395K(14336K)] 20200K->7491K(46080K), 0.0007080 secs] [Times: user=0.00 sys=0.00, real=0.00 secs] 
305.412: Total time for which application threads were stopped: 0.0767900 seconds, Stopping threads took: 0.0759840 seconds
305.495: Application time: 0.0830370 seconds
305.572: [GC [PSYoungGen: 14187K->1232K(14336K)] 20282K->7328K(46080K), 0.0006550 secs] [Times: user=0.00 sys=0.00, real=0.00 secs] 
305.572: Total time for which application threads were stopped: 0.0773850 seconds, Stopping threads took: 0.0766340 seconds
305.653: Application time: 0.0805510 seconds
305.716: [GC [PSYoungGen: 14023K->1493K(14336K)] 20119K->8175K(46080K), 0.0010520 secs] [Times: user=0.01 sys=0.00, real=0.00 secs] 
305.717: Total time for which application threads were stopped: 0.0642450 seconds, Stopping threads took: 0.0631050 seconds
305.804: Application time: 0.0870250 seconds
305.864: [GC [PSYoungGen: 14284K->1491K(14336K)] 20966K->9736K(46080K), 0.0012840 secs] [Times: user=0.01 sys=0.00, real=0.00 secs] 
305.865: Total time for which application threads were stopped: 0.0607250 seconds, Stopping threads took: 0.0593510 seconds
305.948: Application time: 0.0833550 seconds
306.023: [GC [PSYoungGen: 14165K->531K(14336K)] 22410K->8775K(46080K), 0.0005760 secs] [Times: user=0.00 sys=0.00, real=0.00 secs] 
306.024: Total time for which application threads were stopped: 0.0756050 seconds, Stopping threads took: 0.0749480 seconds
306.106: Application time: 0.0822750 seconds
306.172: [GC [PSYoungGen: 13244K->304K(14336K)] 21488K->8548K(46080K), 0.0004400 secs] [Times: user=0.00 sys=0.00, real=0.00 secs] 
306.172: Total time for which application threads were stopped: 0.0659560 seconds, Stopping threads took: 0.0654390 seconds
306.254: Application time: 0.0823130 seconds
306.304: [GC [PSYoungGen: 13075K->1133K(14336K)] 21319K->9377K(46080K), 0.0006130 secs] [Times: user=0.00 sys=0.00, real=0.00 secs] 
306.305: Total time for which application threads were stopped: 0.0500770 seconds, Stopping threads took: 0.0493900 seconds
306.398: Application time: 0.0937430 seconds
306.469: [GC [PSYoungGen: 13846K->922K(14336K)] 22090K->9166K(46080K), 0.0005330 secs] [Times: user=0.01 sys=0.00, real=0.00 secs] 
306.469: Total time for which application threads were stopped: 0.0710940 seconds, Stopping threads took: 0.0704930 seconds
306.552: Application time: 0.0825060 seconds
306.609: [GC [PSYoungGen: 13634K->774K(14336K)] 21879K->9018K(46080K), 0.0005320 secs] [Times: user=0.00 sys=0.00, real=0.00 secs] 
306.609: Total time for which application threads were stopped: 0.0574040 seconds, Stopping threads took: 0.0567950 seconds
306.693: Application time: 0.0832960 seconds
306.742: [GC [PSYoungGen: 13487K->1474K(14336K)] 21731K->9913K(46080K), 0.0008430 secs] [Times: user=0.00 sys=0.00, real=0.00 secs] 
306.744: Total time for which application threads were stopped: 0.0512050 seconds, Stopping threads took: 0.0495710 seconds
306.826: Application time: 0.0821700 seconds
306.901: [GC [PSYoungGen: 13894K->1181K(14336K)] 22333K->9620K(46080K), 0.0006370 secs] [Times: user=0.00 sys=0.00, real=0.00 secs] 
306.902: Total time for which application threads were stopped: 0.0758360 seconds, Stopping threads took: 0.0751030 seconds
306.985: Application time: 0.0832340 seconds
307.051: [GC [PSYoungGen: 13972K->906K(14336K)] 22412K->9345K(46080K), 0.0005690 secs] [Times: user=0.00 sys=0.00, real=0.01 secs] 
307.051: Total time for which application threads were stopped: 0.0662420 seconds, Stopping threads took: 0.0656050 seconds
307.133: Application time: 0.0819830 seconds
307.200: [GC [PSYoungGen: 13697K->726K(14336K)] 22136K->9166K(46080K), 0.0005750 secs] [Times: user=0.00 sys=0.00, real=0.00 secs] 
307.201: Total time for which application threads were stopped: 0.0673360 seconds, Stopping threads took: 0.0666920 seconds
307.285: Application time: 0.0839540 seconds
307.338: [GC [PSYoungGen: 13420K->1376K(14336K)] 21859K->10035K(46080K), 0.0006670 secs] [Times: user=0.01 sys=0.00, real=0.01 secs] 
307.339: Total time for which application threads were stopped: 0.0545380 seconds, Stopping threads took: 0.0537860 seconds
307.416: Application time: 0.0773450 seconds
307.479: [GC [PSYoungGen: 14167K->1328K(14336K)] 22826K->9987K(46080K), 0.0006060 secs] [Times: user=0.00 sys=0.00, real=0.01 secs] 
307.479: Total time for which application threads were stopped: 0.0629330 seconds, Stopping threads took: 0.0622610 seconds
307.556: Application time: 0.0761740 seconds
307.605: [GC [PSYoungGen: 13807K->710K(14336K)] 22466K->9377K(46080K), 0.0005220 secs] [Times: user=0.00 sys=0.00, real=0.00 secs] 
307.605: Total time for which application threads were stopped: 0.0496710 seconds, Stopping threads took: 0.0490810 seconds
307.684: Application time: 0.0786850 seconds
307.731: [GC [PSYoungGen: 13423K->1524K(14336K)] 22090K->11386K(46080K), 0.0009730 secs] [Times: user=0.01 sys=0.00, real=0.00 secs] 
307.732: Total time for which application threads were stopped: 0.0485040 seconds, Stopping threads took: 0.0474560 seconds
307.810: Application time: 0.0780920 seconds
307.870: [GC [PSYoungGen: 14314K->1508K(14336K)] 24177K->12363K(46080K), 0.0009650 secs] [Times: user=0.01 sys=0.00, real=0.00 secs] 
307.871: Total time for which application threads were stopped: 0.0600610 seconds, Stopping threads took: 0.0590060 seconds
307.947: Application time: 0.0769180 seconds
308.016: [GC [PSYoungGen: 14201K->1149K(14336K)] 25056K->12028K(46080K), 0.0005990 secs] [Times: user=0.00 sys=0.00, real=0.00 secs] 
308.016: Total time for which application threads were stopped: 0.0688270 seconds, Stopping threads took: 0.0681620 seconds
308.093: Application time: 0.0769680 seconds
308.148: [GC [PSYoungGen: 13666K->758K(14336K)] 24546K->11662K(46080K), 0.0007060 secs] [Times: user=0.00 sys=0.00, real=0.00 secs] 
308.148: Total time for which application threads were stopped: 0.0550330 seconds, Stopping threads took: 0.0542320 seconds
308.227: Application time: 0.0783690 seconds
308.264: [GC [PSYoungGen: 13471K->1440K(14336K)] 24375K->13711K(46080K), 0.0012010 secs] [Times: user=0.01 sys=0.00, real=0.00 secs] 
308.265: Total time for which application threads were stopped: 0.0384350 seconds, Stopping threads took: 0.0371350 seconds
308.342: Application time: 0.0771920 seconds
308.402: [GC [PSYoungGen: 14153K->1524K(14336K)] 26424K->14779K(46080K), 0.0011120 secs] [Times: user=0.01 sys=0.00, real=0.00 secs] 
308.404: Total time for which application threads were stopped: 0.0613160 seconds, Stopping threads took: 0.0601000 seconds
308.481: Application time: 0.0770650 seconds
308.548: [GC [PSYoungGen: 14217K->1133K(14336K)] 27472K->14388K(46080K), 0.0008470 secs] [Times: user=0.01 sys=0.00, real=0.00 secs] 
308.549: Total time for which application threads were stopped: 0.0683950 seconds, Stopping threads took: 0.0674550 seconds
308.635: Application time: 0.0863330 seconds
308.704: [GC [PSYoungGen: 13924K->1002K(14336K)] 27179K->14257K(46080K), 0.0006410 secs] [Times: user=0.01 sys=0.00, real=0.00 secs] 
308.704: Total time for which application threads were stopped: 0.0688430 seconds, Stopping threads took: 0.0681150 seconds
308.779: Application time: 0.0750640 seconds
308.844: [GC [PSYoungGen: 13676K->499K(14336K)] 26931K->13754K(46080K), 0.0005500 secs] [Times: user=0.00 sys=0.00, real=0.00 secs] 
308.844: Total time for which application threads were stopped: 0.0648520 seconds, Stopping threads took: 0.0642290 seconds
308.921: Application time: 0.0765700 seconds
308.974: [GC [PSYoungGen: 13290K->288K(14336K)] 26545K->13543K(46080K), 0.0005650 secs] [Times: user=0.00 sys=0.00, real=0.00 secs] 
308.974: Total time for which application threads were stopped: 0.0535960 seconds, Stopping threads took: 0.0529340 seconds
309.048: Application time: 0.0733490 seconds
309.083: [GC [PSYoungGen: 12903K->1376K(14336K)] 26158K->16593K(46080K), 0.0012260 secs] [Times: user=0.00 sys=0.00, real=0.00 secs] 
309.084: Total time for which application threads were stopped: 0.0361600 seconds, Stopping threads took: 0.0348410 seconds
309.160: Application time: 0.0756440 seconds
309.228: [GC [PSYoungGen: 14070K->1408K(14336K)] 29286K->17219K(46080K), 0.0008980 secs] [Times: user=0.00 sys=0.00, real=0.00 secs] 
309.229: Total time for which application threads were stopped: 0.0693290 seconds, Stopping threads took: 0.0683450 seconds
309.322: Application time: 0.0935780 seconds
309.383: [GC [PSYoungGen: 14180K->563K(14336K)] 29990K->16381K(46080K), 0.0004400 secs] [Times: user=0.00 sys=0.00, real=0.00 secs] 
309.384: Total time for which application threads were stopped: 0.0614900 seconds, Stopping threads took: 0.0609820 seconds
309.460: Application time: 0.0760540 seconds
309.521: [GC [PSYoungGen: 13276K->304K(14336K)] 29094K->16130K(46080K), 0.0004620 secs] [Times: user=0.01 sys=0.00, real=0.00 secs] 
309.521: Total time for which application threads were stopped: 0.0614650 seconds, Stopping threads took: 0.0609370 seconds
309.595: Application time: 0.0739460 seconds
309.631: [GC [PSYoungGen: 12919K->1149K(14336K)] 28745K->16983K(46080K), 0.0006000 secs] [Times: user=0.00 sys=0.00, real=0.01 secs] 
309.631: Total time for which application threads were stopped: 0.0357190 seconds, Stopping threads took: 0.0350460 seconds
309.722: Application time: 0.0909730 seconds
309.787: [GC [PSYoungGen: 13667K->742K(14336K)] 29501K->16577K(46080K), 0.0006540 secs] [Times: user=0.00 sys=0.00, real=0.00 secs] 
309.788: Total time for which application threads were stopped: 0.0660130 seconds, Stopping threads took: 0.0652900 seconds
309.876: Application time: 0.0875050 seconds
309.943: [GC [PSYoungGen: 13455K->579K(14336K)] 29290K->16421K(46080K), 0.0006610 secs] [Times: user=0.01 sys=0.00, real=0.00 secs] 
309.943: Total time for which application threads were stopped: 0.0678320 seconds, Stopping threads took: 0.0670800 seconds
310.019: Application time: 0.0755490 seconds
310.077: [GC [PSYoungGen: 13370K->336K(14336K)] 29213K->16186K(46080K), 0.0004140 secs] [Times: user=0.00 sys=0.00, real=0.00 secs] 
310.078: Total time for which application threads were stopped: 0.0585040 seconds, Stopping threads took: 0.0580130 seconds
310.152: Application time: 0.0742930 seconds
310.186: [GC [PSYoungGen: 13029K->1085K(14336K)] 28880K->16935K(46080K), 0.0006280 secs] [Times: user=0.01 sys=0.00, real=0.00 secs] 
310.187: Total time for which application threads were stopped: 0.0347970 seconds, Stopping threads took: 0.0340880 seconds
310.264: Application time: 0.0777990 seconds
310.317: [GC [PSYoungGen: 13759K->790K(14336K)] 29610K->16641K(46080K), 0.0005130 secs] [Times: user=0.00 sys=0.00, real=0.00 secs] 
310.317: Total time for which application threads were stopped: 0.0527660 seconds, Stopping threads took: 0.0521870 seconds
310.394: Application time: 0.0763580 seconds
310.454: [GC [PSYoungGen: 13503K->531K(14336K)] 29354K->16381K(46080K), 0.0005800 secs] [Times: user=0.00 sys=0.00, real=0.00 secs] 
310.455: Total time for which application threads were stopped: 0.0613130 seconds, Stopping threads took: 0.0606420 seconds
310.531: Application time: 0.0761930 seconds
310.585: [GC [PSYoungGen: 13244K->304K(14336K)] 29094K->16170K(46080K), 0.0004210 secs] [Times: user=0.00 sys=0.00, real=0.00 secs] 
310.585: Total time for which application threads were stopped: 0.0540070 seconds, Stopping threads took: 0.0535110 seconds
310.658: Application time: 0.0733470 seconds
310.693: [GC [PSYoungGen: 12997K->1360K(14336K)] 28864K->19188K(46080K), 0.0011470 secs] [Times: user=0.00 sys=0.00, real=0.00 secs] 
310.694: Total time for which application threads were stopped: 0.0353640 seconds, Stopping threads took: 0.0341390 seconds
310.772: Application time: 0.0783500 seconds
310.836: [GC [PSYoungGen: 14054K->1360K(14336K)] 31881K->19782K(46080K), 0.0007800 secs] [Times: user=0.00 sys=0.00, real=0.00 secs] 
310.837: Total time for which application threads were stopped: 0.0645360 seconds, Stopping threads took: 0.0636840 seconds
310.914: Application time: 0.0776590 seconds
310.976: [GC [PSYoungGen: 14034K->1376K(14336K)] 32456K->20001K(46080K), 0.0007260 secs] [Times: user=0.00 sys=0.00, real=0.00 secs] 
310.976: Total time for which application threads were stopped: 0.0620130 seconds, Stopping threads took: 0.0612000 seconds
311.053: Application time: 0.0770740 seconds
311.116: [GC [PSYoungGen: 14089K->1344K(14336K)] 32714K->19969K(46080K), 0.0006820 secs] [Times: user=0.00 sys=0.00, real=0.00 secs] 
311.117: Total time for which application threads were stopped: 0.0633740 seconds, Stopping threads took: 0.0626040 seconds
311.194: Application time: 0.0774520 seconds
311.243: [GC [PSYoungGen: 13862K->970K(14336K)] 32487K->19603K(46080K), 0.0006770 secs] [Times: user=0.00 sys=0.00, real=0.00 secs] 
311.243: Total time for which application threads were stopped: 0.0491200 seconds, Stopping threads took: 0.0483700 seconds
311.320: Application time: 0.0765780 seconds
311.375: [GC [PSYoungGen: 13644K->499K(14336K)] 32277K->19148K(46080K), 0.0006880 secs] [Times: user=0.00 sys=0.00, real=0.00 secs] 
311.376: Total time for which application threads were stopped: 0.0557270 seconds, Stopping threads took: 0.0549630 seconds
311.458: Application time: 0.0826080 seconds
311.524: [GC [PSYoungGen: 13212K->352K(14336K)] 31861K->19001K(46080K), 0.0005560 secs] [Times: user=0.00 sys=0.00, real=0.00 secs] 
311.524: Total time for which application threads were stopped: 0.0661000 seconds, Stopping threads took: 0.0654650 seconds
311.605: Application time: 0.0806680 seconds
311.643: [GC [PSYoungGen: 13123K->1165K(14336K)] 31772K->19814K(46080K), 0.0006160 secs] [Times: user=0.01 sys=0.00, real=0.00 secs] 
311.643: Total time for which application threads were stopped: 0.0381050 seconds, Stopping threads took: 0.0374020 seconds
311.730: Application time: 0.0867410 seconds
311.768: [GC [PSYoungGen: 13780K->1522K(14336K)] 32429K->21733K(46080K), 0.0010660 secs] [Times: user=0.01 sys=0.00, real=0.00 secs] 
311.769: Total time for which application threads were stopped: 0.0393240 seconds, Stopping threads took: 0.0376680 seconds
311.865: Application time: 0.0961250 seconds
311.938: [GC [PSYoungGen: 14137K->1442K(14336K)] 34349K->21849K(46080K), 0.0008860 secs] [Times: user=0.00 sys=0.00, real=0.00 secs] 
311.939: Total time for which application threads were stopped: 0.0734630 seconds, Stopping threads took: 0.0724900 seconds
312.024: Application time: 0.0853230 seconds
312.100: [GC [PSYoungGen: 14233K->336K(14336K)] 34640K->20750K(46080K), 0.0005760 secs] [Times: user=0.00 sys=0.00, real=0.00 secs] 
312.100: Total time for which application threads were stopped: 0.0761630 seconds, Stopping threads took: 0.0754910 seconds
312.181: Application time: 0.0808150 seconds
312.219: [GC [PSYoungGen: 12951K->1165K(14336K)] 33366K->21588K(46080K), 0.0006540 secs] [Times: user=0.01 sys=0.00, real=0.00 secs] 
312.220: Total time for which application threads were stopped: 0.0388680 seconds, Stopping threads took: 0.0381050 seconds
312.305: Application time: 0.0846700 seconds
312.378: [GC [PSYoungGen: 13683K->758K(14336K)] 34106K->21189K(46080K), 0.0005530 secs] [Times: user=0.00 sys=0.00, real=0.00 secs] 
312.379: Total time for which application threads were stopped: 0.0740600 seconds, Stopping threads took: 0.0734090 seconds
312.467: Application time: 0.0887100 seconds
312.539: [GC [PSYoungGen: 13511K->336K(14336K)] 33941K->20767K(46080K), 0.0004800 secs] [Times: user=0.01 sys=0.00, real=0.00 secs] 
312.540: Total time for which application threads were stopped: 0.0722470 seconds, Stopping threads took: 0.0716930 seconds
312.620: Application time: 0.0803750 seconds
312.658: [GC [PSYoungGen: 13029K->1149K(14336K)] 33460K->21580K(46080K), 0.0008310 secs] [Times: user=0.01 sys=0.00, real=0.00 secs] 
312.659: Total time for which application threads were stopped: 0.0387120 seconds, Stopping threads took: 0.0377850 seconds
312.752: Application time: 0.0929500 seconds
312.788: [GC [PSYoungGen: 13764K->1344K(14336K)] 34195K->22369K(46080K), 0.0008600 secs] [Times: user=0.01 sys=0.00, real=0.00 secs] 
312.789: Total time for which application threads were stopped: 0.0369620 seconds, Stopping threads took: 0.0360200 seconds
312.872: Application time: 0.0828660 seconds
312.941: [GC [PSYoungGen: 13862K->1360K(14336K)] 34887K->22588K(46080K), 0.0007620 secs] [Times: user=0.01 sys=0.00, real=0.00 secs] 
312.941: Total time for which application threads were stopped: 0.0698090 seconds, Stopping threads took: 0.0689520 seconds
313.023: Application time: 0.0819680 seconds
313.074: [GC [PSYoungGen: 14034K->1506K(14336K)] 35262K->23523K(46080K), 0.0009500 secs] [Times: user=0.00 sys=0.00, real=0.00 secs] 
313.075: Total time for which application threads were stopped: 0.0517320 seconds, Stopping threads took: 0.0506870 seconds
313.158: Application time: 0.0824950 seconds
313.225: [GC [PSYoungGen: 14297K->1474K(14336K)] 36314K->24077K(46080K), 0.0009250 secs] [Times: user=0.01 sys=0.00, real=0.00 secs] 
313.226: Total time for which application threads were stopped: 0.0687510 seconds, Stopping threads took: 0.0677320 seconds
313.309: Application time: 0.0823170 seconds
313.377: [GC [PSYoungGen: 14089K->1408K(14336K)] 36693K->24402K(46080K), 0.0008910 secs] [Times: user=0.00 sys=0.00, real=0.00 secs] 
313.378: Total time for which application threads were stopped: 0.0689950 seconds, Stopping threads took: 0.0680010 seconds
313.459: Application time: 0.0815890 seconds
313.515: [GC [PSYoungGen: 14121K->1344K(14336K)] 37115K->24542K(46080K), 0.0009520 secs] [Times: user=0.00 sys=0.00, real=0.00 secs] 
313.516: Total time for which application threads were stopped: 0.0569810 seconds, Stopping threads took: 0.0559500 seconds
313.599: Application time: 0.0828780 seconds
313.659: [GC [PSYoungGen: 13960K->1524K(14336K)] 37157K->25518K(46080K), 0.0010160 secs] [Times: user=0.00 sys=0.00, real=0.00 secs] 
313.660: Total time for which application threads were stopped: 0.0611150 seconds, Stopping threads took: 0.0600200 seconds
313.744: Application time: 0.0840930 seconds
313.819: [GC [PSYoungGen: 14022K->742K(14336K)] 38017K->24745K(46080K), 0.0008220 secs] [Times: user=0.01 sys=0.00, real=0.00 secs] 
313.820: Total time for which application threads were stopped: 0.0759620 seconds, Stopping threads took: 0.0750480 seconds
313.903: Application time: 0.0826750 seconds
313.939: [GC [PSYoungGen: 13416K->1509K(14336K)] 37419K->27625K(46080K), 0.0014020 secs] [Times: user=0.00 sys=0.00, real=0.00 secs] 
313.941: Total time for which application threads were stopped: 0.0379050 seconds, Stopping threads took: 0.0363950 seconds
314.024: Application time: 0.0835260 seconds
314.098: [GC [PSYoungGen: 14124K->1346K(14336K)] 40241K->28243K(46080K), 0.0011330 secs] [Times: user=0.01 sys=0.00, real=0.01 secs] 
314.100: Total time for which application threads were stopped: 0.0751180 seconds, Stopping threads took: 0.0738900 seconds
314.182: Application time: 0.0824590 seconds
314.250: [GC [PSYoungGen: 14039K->1395K(14336K)] 40937K->28692K(46080K), 0.0009000 secs] [Times: user=0.00 sys=0.01, real=0.01 secs] 
314.251: Total time for which application threads were stopped: 0.0691690 seconds, Stopping threads took: 0.0681760 seconds
314.334: Application time: 0.0824890 seconds
314.403: [GC [PSYoungGen: 14187K->1443K(14336K)] 41483K->28935K(46080K), 0.0009870 secs] [Times: user=0.00 sys=0.00, real=0.00 secs] 
314.404: Total time for which application threads were stopped: 0.0705910 seconds, Stopping threads took: 0.0695020 seconds
314.486: Application time: 0.0814830 seconds
314.554: [GC [PSYoungGen: 14157K->1459K(14336K)] 41648K->28951K(46080K), 0.0007610 secs] [Times: user=0.00 sys=0.00, real=0.00 secs] 
314.555: Total time for which application threads were stopped: 0.0694930 seconds, Stopping threads took: 0.0686250 seconds
314.637: Application time: 0.0818620 seconds
314.713: [GC [PSYoungGen: 14134K->1069K(14336K)] 41625K->28568K(46080K), 0.0007710 secs] [Times: user=0.00 sys=0.01, real=0.00 secs] 
314.714: Total time for which application threads were stopped: 0.0766600 seconds, Stopping threads took: 0.0757900 seconds
314.797: Application time: 0.0827730 seconds
314.863: [GC [PSYoungGen: 13587K->662K(14336K)] 41086K->28178K(46080K), 0.0006550 secs] [Times: user=0.00 sys=0.00, real=0.00 secs] 
314.864: Total time for which application threads were stopped: 0.0669880 seconds, Stopping threads took: 0.0662290 seconds
314.946: Application time: 0.0820290 seconds
314.999: [GC [PSYoungGen: 13453K->547K(14336K)] 40969K->28062K(46080K), 0.0005170 secs] [Times: user=0.00 sys=0.00, real=0.00 secs] 
315.000: Total time for which application threads were stopped: 0.0544530 seconds, Stopping threads took: 0.0538620 seconds
315.082: Application time: 0.0819650 seconds
315.148: [GC [PSYoungGen: 13260K->288K(14336K)] 40775K->27803K(46080K), 0.0006440 secs] [Times: user=0.01 sys=0.00, real=0.00 secs] 
315.148: Total time for which application threads were stopped: 0.0663190 seconds, Stopping threads took: 0.0655890 seconds
315.228: Application time: 0.0799840 seconds
315.265: [GC [PSYoungGen: 13001K->1509K(14336K)] 40516K->30871K(46080K), 0.0012760 secs] [Times: user=0.01 sys=0.00, real=0.00 secs] 
315.266: Total time for which application threads were stopped: 0.0376250 seconds, Stopping threads took: 0.0362720 seconds
315.347: Application time: 0.0809780 seconds
315.412: [GC [PSYoungGen: 14222K->1427K(14336K)] 43584K->31383K(46080K), 0.0008990 secs] [Times: user=0.01 sys=0.00, real=0.00 secs] 
315.413: [Full GC [PSYoungGen: 1427K->0K(14336K)] [ParOldGen: 29955K->3560K(31744K)] 31383K->3560K(46080K) [PSPermGen: 5151K->5151K(21504K)], 0.0043320 secs] [Times: user=0.01 sys=0.00, real=0.00 secs] 
315.417: Total time for which application threads were stopped: 0.0704010 seconds, Stopping threads took: 0.0650360 seconds
315.495: Application time: 0.0775770 seconds
315.562: [GC [PSYoungGen: 12693K->582K(14336K)] 16253K->4142K(46080K), 0.0004680 secs] [Times: user=0.00 sys=0.00, real=0.00 secs] 
315.562: Total time for which application threads were stopped: 0.0674780 seconds, Stopping threads took: 0.0669390 seconds
315.638: Application time: 0.0759470 seconds
315.699: [GC [PSYoungGen: 13374K->387K(14336K)] 16934K->3947K(46080K), 0.0004060 secs] [Times: user=0.00 sys=0.00, real=0.01 secs] 
315.699: Total time for which application threads were stopped: 0.0609150 seconds, Stopping threads took: 0.0604340 seconds
315.773: Application time: 0.0740270 seconds
315.808: [GC [PSYoungGen: 13159K->1200K(14336K)] 16719K->4760K(46080K), 0.0006210 secs] [Times: user=0.01 sys=0.00, real=0.00 secs] 
315.809: Total time for which application threads were stopped: 0.0356160 seconds, Stopping threads took: 0.0349230 seconds
315.887: Application time: 0.0781500 seconds
315.934: [GC [PSYoungGen: 13679K->694K(14336K)] 17239K->4254K(46080K), 0.0006690 secs] [Times: user=0.00 sys=0.00, real=0.00 secs] 
315.934: Total time for which application threads were stopped: 0.0474130 seconds, Stopping threads took: 0.0466730 seconds
316.011: Application time: 0.0760940 seconds
316.069: [GC [PSYoungGen: 13485K->515K(14336K)] 17046K->4075K(46080K), 0.0005790 secs] [Times: user=0.00 sys=0.00, real=0.00 secs] 
316.069: Total time for which application threads were stopped: 0.0586470 seconds, Stopping threads took: 0.0579800 seconds
316.146: Application time: 0.0765770 seconds
316.196: [GC [PSYoungGen: 13306K->320K(14336K)] 16866K->3880K(46080K), 0.0004730 secs] [Times: user=0.01 sys=0.00, real=0.00 secs] 
316.196: Total time for which application threads were stopped: 0.0504040 seconds, Stopping threads took: 0.0498660 seconds
316.270: Application time: 0.0737360 seconds
316.306: [GC [PSYoungGen: 12935K->1133K(14336K)] 16495K->4693K(46080K), 0.0006130 secs] [Times: user=0.01 sys=0.00, real=0.00 secs] 
316.306: Total time for which application threads were stopped: 0.0362260 seconds, Stopping threads took: 0.0355270 seconds
316.393: Application time: 0.0868840 seconds
316.458: [GC [PSYoungGen: 13651K->758K(14336K)] 17211K->4318K(46080K), 0.0005970 secs] [Times: user=0.00 sys=0.00, real=0.00 secs] 
316.459: Total time for which application threads were stopped: 0.0658370 seconds, Stopping threads took: 0.0651680 seconds
316.536: Application time: 0.0767740 seconds
316.596: [GC [PSYoungGen: 13471K->531K(14336K)] 17031K->4091K(46080K), 0.0004340 secs] [Times: user=0.00 sys=0.00, real=0.00 secs] 
316.597: Total time for which application threads were stopped: 0.0610230 seconds, Stopping threads took: 0.0605160 seconds
316.671: Application time: 0.0742310 seconds
316.734: [GC [PSYoungGen: 13244K->304K(14336K)] 16804K->3864K(46080K), 0.0003840 secs] [Times: user=0.00 sys=0.00, real=0.00 secs] 
316.734: Total time for which application threads were stopped: 0.0630750 seconds, Stopping threads took: 0.0626250 seconds
316.807: Application time: 0.0732350 seconds
316.842: [GC [PSYoungGen: 12919K->1474K(14336K)] 16479K->5815K(46080K), 0.0008660 secs] [Times: user=0.01 sys=0.00, real=0.00 secs] 
316.843: Total time for which application threads were stopped: 0.0358980 seconds, Stopping threads took: 0.0343180 seconds
316.938: Application time: 0.0943950 seconds
317.000: [GC [PSYoungGen: 14070K->774K(14336K)] 18411K->5116K(46080K), 0.0011880 secs] [Times: user=0.00 sys=0.00, real=0.00 secs] 
317.001: Total time for which application threads were stopped: 0.0633560 seconds, Stopping threads took: 0.0620790 seconds
317.077: Application time: 0.0764980 seconds
317.113: [GC [PSYoungGen: 13546K->1376K(14336K)] 17887K->5913K(46080K), 0.0008480 secs] [Times: user=0.00 sys=0.00, real=0.00 secs] 
317.114: Total time for which application threads were stopped: 0.0364140 seconds, Stopping threads took: 0.0354800 seconds
317.188: Application time: 0.0744180 seconds
317.236: [GC [PSYoungGen: 14031K->1344K(14336K)] 18567K->6662K(46080K), 0.0010030 secs] [Times: user=0.00 sys=0.00, real=0.00 secs] 
317.237: Total time for which application threads were stopped: 0.0483560 seconds, Stopping threads took: 0.0472560 seconds
317.313: Application time: 0.0764390 seconds
317.375: [GC [PSYoungGen: 14057K->1344K(14336K)] 19375K->7248K(46080K), 0.0009080 secs] [Times: user=0.00 sys=0.00, real=0.00 secs] 
317.376: Total time for which application threads were stopped: 0.0633670 seconds, Stopping threads took: 0.0623520 seconds
317.454: Application time: 0.0772340 seconds
317.517: [GC [PSYoungGen: 14038K->515K(14336K)] 19942K->6451K(46080K), 0.0006000 secs] [Times: user=0.00 sys=0.00, real=0.00 secs] 
317.518: Total time for which application threads were stopped: 0.0643770 seconds, Stopping threads took: 0.0636830 seconds
317.593: Application time: 0.0745290 seconds
317.626: [GC [PSYoungGen: 13130K->1360K(14336K)] 19066K->7312K(46080K), 0.0008600 secs] [Times: user=0.00 sys=0.00, real=0.00 secs] 
317.627: Total time for which application threads were stopped: 0.0342350 seconds, Stopping threads took: 0.0333040 seconds
317.710: Application time: 0.0834790 seconds
317.780: [GC [PSYoungGen: 14151K->1133K(14336K)] 20103K->7101K(46080K), 0.0008420 secs] [Times: user=0.01 sys=0.00, real=0.00 secs] 
317.781: Total time for which application threads were stopped: 0.0702960 seconds, Stopping threads took: 0.0693620 seconds
317.857: Application time: 0.0762430 seconds
317.922: [GC [PSYoungGen: 13651K->710K(14336K)] 19619K->6686K(46080K), 0.0004930 secs] [Times: user=0.00 sys=0.00, real=0.00 secs] 
317.923: Total time for which application threads were stopped: 0.0657640 seconds, Stopping threads took: 0.0651690 seconds
318.001: Application time: 0.0780330 seconds
318.038: [GC [PSYoungGen: 13423K->1376K(14336K)] 19399K->8727K(46080K), 0.0015210 secs] [Times: user=0.00 sys=0.00, real=0.01 secs] 
318.039: Total time for which application threads were stopped: 0.0387280 seconds, Stopping threads took: 0.0371110 seconds
318.117: Application time: 0.0775160 seconds
318.186: [GC [PSYoungGen: 14089K->320K(14336K)] 21440K->7687K(46080K), 0.0005230 secs] [Times: user=0.01 sys=0.00, real=0.00 secs] 
318.186: Total time for which application threads were stopped: 0.0693030 seconds, Stopping threads took: 0.0687090 seconds
318.260: Application time: 0.0734180 seconds
318.296: [GC [PSYoungGen: 12935K->1458K(14336K)] 20302K->9606K(46080K), 0.0011200 secs] [Times: user=0.00 sys=0.00, real=0.00 secs] 
318.297: Total time for which application threads were stopped: 0.0377110 seconds, Stopping threads took: 0.0364960 seconds
318.374: Application time: 0.0766910 seconds
318.433: [GC [PSYoungGen: 14152K->1376K(14336K)] 22300K->10111K(46080K), 0.0008170 secs] [Times: user=0.00 sys=0.00, real=0.00 secs] 
318.434: Total time for which application threads were stopped: 0.0602140 seconds, Stopping threads took: 0.0593130 seconds
318.511: Application time: 0.0772360 seconds
318.576: [GC [PSYoungGen: 14148K->563K(14336K)] 22882K->9297K(46080K), 0.0005240 secs] [Times: user=0.00 sys=0.00, real=0.00 secs] 
318.577: Total time for which application threads were stopped: 0.0652300 seconds, Stopping threads took: 0.0646180 seconds
318.655: Application time: 0.0784440 seconds
318.689: [GC [PSYoungGen: 13237K->1523K(14336K)] 21972K->11063K(46080K), 0.0008960 secs] [Times: user=0.01 sys=0.00, real=0.00 secs] 
318.690: Total time for which application threads were stopped: 0.0347730 seconds, Stopping threads took: 0.0338030 seconds
318.766: Application time: 0.0761400 seconds
318.829: [GC [PSYoungGen: 14022K->742K(14336K)] 23562K->10282K(46080K), 0.0004700 secs] [Times: user=0.01 sys=0.00, real=0.00 secs] 
318.830: Total time for which application threads were stopped: 0.0636950 seconds, Stopping threads took: 0.0631510 seconds
318.906: Application time: 0.0766320 seconds
318.955: [GC [PSYoungGen: 13533K->563K(14336K)] 23073K->10111K(46080K), 0.0004080 secs] [Times: user=0.00 sys=0.00, real=0.00 secs] 
318.955: Total time for which application threads were stopped: 0.0489540 seconds, Stopping threads took: 0.0484760 seconds
319.030: Application time: 0.0750760 seconds
319.065: [GC [PSYoungGen: 13276K->1376K(14336K)] 22824K->12104K(46080K), 0.0009750 secs] [Times: user=0.01 sys=0.00, real=0.00 secs] 
319.066: Total time for which application threads were stopped: 0.0357800 seconds, Stopping threads took: 0.0347320 seconds
319.142: Application time: 0.0755300 seconds
319.210: [GC [PSYoungGen: 14070K->1165K(14336K)] 24798K->11909K(46080K), 0.0006170 secs] [Times: user=0.01 sys=0.00, real=0.00 secs] 
319.211: Total time for which application threads were stopped: 0.0692400 seconds, Stopping threads took: 0.0685460 seconds
319.300: Application time: 0.0887830 seconds
319.350: [GC [PSYoungGen: 13878K->970K(14336K)] 24622K->11713K(46080K), 0.0005850 secs] [Times: user=0.00 sys=0.00, real=0.00 secs] 
319.351: Total time for which application threads were stopped: 0.0511040 seconds, Stopping threads took: 0.0504280 seconds
319.428: Application time: 0.0767470 seconds
319.490: [GC [PSYoungGen: 13683K->726K(14336K)] 24426K->11478K(46080K), 0.0006080 secs] [Times: user=0.00 sys=0.00, real=0.00 secs] 
319.491: Total time for which application threads were stopped: 0.0632700 seconds, Stopping threads took: 0.0625610 seconds
319.569: Application time: 0.0781700 seconds
319.603: [GC [PSYoungGen: 13439K->1525K(14336K)] 24191K->14546K(46080K), 0.0012820 secs] [Times: user=0.01 sys=0.00, real=0.00 secs] 
319.604: Total time for which application threads were stopped: 0.0353720 seconds, Stopping threads took: 0.0340010 seconds
319.682: Application time: 0.0770920 seconds
319.749: [GC [PSYoungGen: 14218K->1264K(14336K)] 27239K->14293K(46080K), 0.0008480 secs] [Times: user=0.00 sys=0.00, real=0.00 secs] 
319.750: Total time for which application threads were stopped: 0.0687700 seconds, Stopping threads took: 0.0678280 seconds
319.838: Application time: 0.0875440 seconds
319.899: [GC [PSYoungGen: 14055K->1053K(14336K)] 27084K->14081K(46080K), 0.0005960 secs] [Times: user=0.00 sys=0.00, real=0.01 secs] 
319.899: Total time for which application threads were stopped: 0.0613600 seconds, Stopping threads took: 0.0606870 seconds
319.977: Application time: 0.0777160 seconds
320.033: [GC [PSYoungGen: 13844K->874K(14336K)] 26873K->13902K(46080K), 0.0004930 secs] [Times: user=0.00 sys=0.00, real=0.00 secs] 
320.033: Total time for which application threads were stopped: 0.0563840 seconds, Stopping threads took: 0.0558140 seconds
320.109: Application time: 0.0759070 seconds
320.163: [GC [PSYoungGen: 13626K->499K(14336K)] 26654K->13527K(46080K), 0.0004650 secs] [Times: user=0.00 sys=0.00, real=0.00 secs] 
320.163: Total time for which application threads were stopped: 0.0540440 seconds, Stopping threads took: 0.0535020 seconds
320.239: Application time: 0.0758580 seconds
320.302: [GC [PSYoungGen: 13212K->288K(14336K)] 26240K->13316K(46080K), 0.0003980 secs] [Times: user=0.00 sys=0.00, real=0.00 secs] 
320.302: Total time for which application threads were stopped: 0.0632410 seconds, Stopping threads took: 0.0627750 seconds
320.376: Application time: 0.0736220 seconds
320.411: [GC [PSYoungGen: 12981K->1133K(14336K)] 26010K->14177K(46080K), 0.0008070 secs] [Times: user=0.01 sys=0.00, real=0.00 secs] 
320.412: Total time for which application threads were stopped: 0.0362920 seconds, Stopping threads took: 0.0353870 seconds
320.488: Application time: 0.0755740 seconds
320.534: [GC [PSYoungGen: 13748K->1344K(14336K)] 26793K->14983K(46080K), 0.0009930 secs] [Times: user=0.00 sys=0.00, real=0.00 secs] 
320.535: Total time for which application threads were stopped: 0.0475750 seconds, Stopping threads took: 0.0464960 seconds
320.614: Application time: 0.0790090 seconds
320.677: [GC [PSYoungGen: 14057K->1344K(14336K)] 27696K->15381K(46080K), 0.0009560 secs] [Times: user=0.01 sys=0.00, real=0.00 secs] 
320.678: Total time for which application threads were stopped: 0.0633530 seconds, Stopping threads took: 0.0623030 seconds
320.755: Application time: 0.0770670 seconds
320.820: [GC [PSYoungGen: 14038K->320K(14336K)] 28075K->14373K(46080K), 0.0006110 secs] [Times: user=0.00 sys=0.00, real=0.00 secs] 
320.820: Total time for which application threads were stopped: 0.0653940 seconds, Stopping threads took: 0.0646950 seconds
320.894: Application time: 0.0741800 seconds
320.930: [GC [PSYoungGen: 12935K->1458K(14336K)] 26988K->16300K(46080K), 0.0008790 secs] [Times: user=0.00 sys=0.00, real=0.01 secs] 
320.931: Total time for which application threads were stopped: 0.0365280 seconds, Stopping threads took: 0.0355460 seconds
321.007: Application time: 0.0758110 seconds
321.070: [GC [PSYoungGen: 13976K->790K(14336K)] 28818K->15633K(46080K), 0.0005900 secs] [Times: user=0.00 sys=0.00, real=0.00 secs] 
321.071: Total time for which application threads were stopped: 0.0639540 seconds, Stopping threads took: 0.0632670 seconds
321.150: Application time: 0.0793100 seconds
321.205: [GC [PSYoungGen: 13503K->547K(14336K)] 28346K->15397K(46080K), 0.0005060 secs] [Times: user=0.00 sys=0.00, real=0.00 secs] 
321.206: Total time for which application threads were stopped: 0.0555440 seconds, Stopping threads took: 0.0549700 seconds
321.279: Application time: 0.0729420 seconds
321.314: [GC [PSYoungGen: 13202K->1474K(14336K)] 28052K->17106K(46080K), 0.0009450 secs] [Times: user=0.00 sys=0.00, real=0.00 secs] 
321.315: Total time for which application threads were stopped: 0.0359760 seconds, Stopping threads took: 0.0349310 seconds
321.406: Application time: 0.0910530 seconds
321.474: [GC [PSYoungGen: 14070K->742K(14336K)] 29702K->16374K(46080K), 0.0005430 secs] [Times: user=0.00 sys=0.00, real=0.00 secs] 
321.474: Total time for which application threads were stopped: 0.0686790 seconds, Stopping threads took: 0.0680620 seconds
321.551: Application time: 0.0767270 seconds
321.614: [GC [PSYoungGen: 13534K->483K(14336K)] 29165K->16115K(46080K), 0.0005510 secs] [Times: user=0.00 sys=0.00, real=0.00 secs] 
321.615: Total time for which application threads were stopped: 0.0635750 seconds, Stopping threads took: 0.0629300 seconds
321.690: Application time: 0.0749210 seconds
321.738: [GC [PSYoungGen: 13196K->352K(14336K)] 28828K->15991K(46080K), 0.0004410 secs] [Times: user=0.00 sys=0.00, real=0.00 secs] 
321.739: Total time for which application threads were stopped: 0.0492180 seconds, Stopping threads took: 0.0487150 seconds
321.812: Application time: 0.0734910 seconds
321.847: [GC [PSYoungGen: 12967K->1474K(14336K)] 28607K->17911K(46080K), 0.0009300 secs] [Times: user=0.01 sys=0.00, real=0.00 secs] 
321.848: Total time for which application threads were stopped: 0.0359440 seconds, Stopping threads took: 0.0349340 seconds
321.925: Application time: 0.0769700 seconds
321.988: [GC [PSYoungGen: 14245K->1165K(14336K)] 30682K->18391K(46080K), 0.0007700 secs] [Times: user=0.01 sys=0.00, real=0.00 secs] 
321.989: Total time for which application threads were stopped: 0.0633830 seconds, Stopping threads took: 0.0625420 seconds
322.080: Application time: 0.0911370 seconds
322.142: [GC [PSYoungGen: 13858K->579K(14336K)] 31085K->17813K(46080K), 0.0005130 secs] [Times: user=0.00 sys=0.00, real=0.00 secs] 
322.142: Total time for which application threads were stopped: 0.0624440 seconds, Stopping threads took: 0.0618530 seconds
322.219: Application time: 0.0767740 seconds
322.282: [GC [PSYoungGen: 13292K->352K(14336K)] 30526K->17586K(46080K), 0.0005410 secs] [Times: user=0.00 sys=0.00, real=0.00 secs] 
322.282: Total time for which application threads were stopped: 0.0634070 seconds, Stopping threads took: 0.0627730 seconds
322.356: Application time: 0.0736140 seconds
322.390: [GC [PSYoungGen: 12967K->1149K(14336K)] 30201K->18391K(46080K), 0.0006520 secs] [Times: user=0.00 sys=0.00, real=0.00 secs] 
322.391: Total time for which application threads were stopped: 0.0346790 seconds, Stopping threads took: 0.0339450 seconds
322.482: Application time: 0.0916390 seconds
322.539: [GC [PSYoungGen: 13667K->742K(14336K)] 30909K->17984K(46080K), 0.0006000 secs] [Times: user=0.01 sys=0.00, real=0.00 secs] 
322.540: Total time for which application threads were stopped: 0.0576520 seconds, Stopping threads took: 0.0569820 seconds
322.630: Application time: 0.0902610 seconds
322.698: [GC [PSYoungGen: 13416K->336K(14336K)] 30659K->17578K(46080K), 0.0004380 secs] [Times: user=0.01 sys=0.00, real=0.00 secs] 
322.698: Total time for which application threads were stopped: 0.0681200 seconds, Stopping threads took: 0.0676040 seconds
322.772: Application time: 0.0737990 seconds
322.806: [GC [PSYoungGen: 13108K->1408K(14336K)] 30350K->20612K(46080K), 0.0012130 secs] [Times: user=0.01 sys=0.00, real=0.00 secs] 
322.808: Total time for which application threads were stopped: 0.0356110 seconds, Stopping threads took: 0.0343190 seconds
322.898: Application time: 0.0905890 seconds
322.964: [GC [PSYoungGen: 14004K->726K(14336K)] 33207K->19930K(46080K), 0.0005650 secs] [Times: user=0.01 sys=0.00, real=0.00 secs] 
322.965: Total time for which application threads were stopped: 0.0662430 seconds, Stopping threads took: 0.0656060 seconds
323.041: Application time: 0.0760790 seconds
323.093: [GC [PSYoungGen: 13439K->531K(14336K)] 32643K->19734K(46080K), 0.0004310 secs] [Times: user=0.00 sys=0.00, real=0.00 secs] 
323.094: Total time for which application threads were stopped: 0.0533060 seconds, Stopping threads took: 0.0528100 seconds
323.169: Application time: 0.0749730 seconds
323.231: [GC [PSYoungGen: 13244K->336K(14336K)] 32447K->19539K(46080K), 0.0004600 secs] [Times: user=0.00 sys=0.00, real=0.01 secs] 
323.231: Total time for which application threads were stopped: 0.0621460 seconds, Stopping threads took: 0.0616150 seconds
323.305: Application time: 0.0741470 seconds
323.339: [GC [PSYoungGen: 13029K->1117K(14336K)] 32233K->20328K(46080K), 0.0005940 secs] [Times: user=0.00 sys=0.00, real=0.00 secs] 
323.340: Total time for which application threads were stopped: 0.0347110 seconds, Stopping threads took: 0.0340480 seconds
323.430: Application time: 0.0898240 seconds
323.490: [GC [PSYoungGen: 13635K->758K(14336K)] 32846K->19978K(46080K), 0.0005230 secs] [Times: user=0.00 sys=0.00, real=0.00 secs] 
323.490: Total time for which application threads were stopped: 0.0603610 seconds, Stopping threads took: 0.0597650 seconds
323.582: Application time: 0.0914290 seconds
323.650: [GC [PSYoungGen: 13549K->531K(14336K)] 32769K->19758K(46080K), 0.0006950 secs] [Times: user=0.00 sys=0.00, real=0.00 secs] 
323.651: Total time for which application threads were stopped: 0.0690880 seconds, Stopping threads took: 0.0683060 seconds
323.734: Application time: 0.0830410 seconds
323.801: [GC [PSYoungGen: 13322K->320K(14336K)] 32550K->19547K(46080K), 0.0007650 secs] [Times: user=0.01 sys=0.00, real=0.00 secs] 
323.802: Total time for which application threads were stopped: 0.0683330 seconds, Stopping threads took: 0.0674750 seconds
323.883: Application time: 0.0806230 seconds
323.920: [GC [PSYoungGen: 13013K->1165K(14336K)] 32241K->20392K(46080K), 0.0006650 secs] [Times: user=0.01 sys=0.00, real=0.00 secs] 
323.921: Total time for which application threads were stopped: 0.0382800 seconds, Stopping threads took: 0.0375480 seconds
324.003: Application time: 0.0821930 seconds
324.068: [GC [PSYoungGen: 13878K->1002K(14336K)] 33105K->20237K(46080K), 0.0005810 secs] [Times: user=0.00 sys=0.00, real=0.00 secs] 
324.069: Total time for which application threads were stopped: 0.0656320 seconds, Stopping threads took: 0.0649740 seconds
324.152: Application time: 0.0837090 seconds
324.191: [GC [PSYoungGen: 13695K->1360K(14336K)] 32931K->20994K(46080K), 0.0008070 secs] [Times: user=0.00 sys=0.00, real=0.01 secs] 
324.192: Total time for which application threads were stopped: 0.0392970 seconds, Stopping threads took: 0.0384130 seconds
324.274: Application time: 0.0823760 seconds
324.351: [GC [PSYoungGen: 14151K->1181K(14336K)] 33785K->21206K(46080K), 0.0007130 secs] [Times: user=0.01 sys=0.00, real=0.00 secs] 
324.352: Total time for which application threads were stopped: 0.0777050 seconds, Stopping threads took: 0.0769100 seconds
324.434: Application time: 0.0820210 seconds
324.491: [GC [PSYoungGen: 13953K->1360K(14336K)] 33978K->22362K(46080K), 0.0009800 secs] [Times: user=0.00 sys=0.00, real=0.01 secs] 
324.492: Total time for which application threads were stopped: 0.0578590 seconds, Stopping threads took: 0.0568020 seconds
324.574: Application time: 0.0826470 seconds
324.643: [GC [PSYoungGen: 13976K->1474K(14336K)] 34977K->23061K(46080K), 0.0009310 secs] [Times: user=0.01 sys=0.00, real=0.00 secs] 
324.644: Total time for which application threads were stopped: 0.0700510 seconds, Stopping threads took: 0.0690480 seconds
324.726: Application time: 0.0818950 seconds
324.794: [GC [PSYoungGen: 13894K->1392K(14336K)] 35481K->23183K(46080K), 0.0007490 secs] [Times: user=0.00 sys=0.00, real=0.00 secs] 
324.795: Total time for which application threads were stopped: 0.0683640 seconds, Stopping threads took: 0.0675160 seconds
324.877: Application time: 0.0822240 seconds
324.944: [GC [PSYoungGen: 14183K->1360K(14336K)] 35974K->23159K(46080K), 0.0009020 secs] [Times: user=0.00 sys=0.00, real=0.00 secs] 
324.945: Total time for which application threads were stopped: 0.0678430 seconds, Stopping threads took: 0.0668360 seconds
325.028: Application time: 0.0834180 seconds
325.094: [GC [PSYoungGen: 14073K->1133K(14336K)] 35872K->22940K(46080K), 0.0007450 secs] [Times: user=0.01 sys=0.00, real=0.00 secs] 
325.095: Total time for which application threads were stopped: 0.0669680 seconds, Stopping threads took: 0.0661300 seconds
325.179: Application time: 0.0840870 seconds
325.256: [GC [PSYoungGen: 13924K->954K(14336K)] 35731K->22760K(46080K), 0.0006890 secs] [Times: user=0.00 sys=0.00, real=0.00 secs] 
325.256: Total time for which application threads were stopped: 0.0769710 seconds, Stopping threads took: 0.0761880 seconds
325.341: Application time: 0.0843490 seconds
325.407: [GC [PSYoungGen: 13745K->774K(14336K)] 35551K->22581K(46080K), 0.0005950 secs] [Times: user=0.00 sys=0.00, real=0.00 secs] 
325.407: Total time for which application threads were stopped: 0.0665880 seconds, Stopping threads took: 0.0659220 seconds
325.491: Application time: 0.0834840 seconds
325.539: [GC [PSYoungGen: 13565K->1474K(14336K)] 35372K->25632K(46080K), 0.0013330 secs] [Times: user=0.01 sys=0.00, real=0.00 secs] 
325.540: Total time for which application threads were stopped: 0.0496970 seconds, Stopping threads took: 0.0482580 seconds
325.625: Application time: 0.0842090 seconds
325.700: [GC [PSYoungGen: 14167K->1376K(14336K)] 38326K->25535K(46080K), 0.0008880 secs] [Times: user=0.00 sys=0.00, real=0.00 secs] 
325.701: Total time for which application threads were stopped: 0.0761670 seconds, Stopping threads took: 0.0751820 seconds
325.784: Application time: 0.0827620 seconds
325.850: [GC [PSYoungGen: 14089K->1181K(14336K)] 38248K->25347K(46080K), 0.0006150 secs] [Times: user=0.00 sys=0.00, real=0.00 secs] 
325.851: Total time for which application threads were stopped: 0.0673830 seconds, Stopping threads took: 0.0666880 seconds
325.932: Application time: 0.0813360 seconds
325.969: [GC [PSYoungGen: 13972K->1524K(14336K)] 38138K->27269K(46080K), 0.0011790 secs] [Times: user=0.01 sys=0.00, real=0.00 secs] 
325.970: Total time for which application threads were stopped: 0.0380080 seconds, Stopping threads took: 0.0367320 seconds
326.053: Application time: 0.0824810 seconds
326.119: [GC [PSYoungGen: 14100K->1506K(14336K)] 39845K->28431K(46080K), 0.0010060 secs] [Times: user=0.01 sys=0.00, real=0.01 secs] 
326.120: Total time for which application threads were stopped: 0.0672120 seconds, Stopping threads took: 0.0660980 seconds
326.203: Application time: 0.0829780 seconds
326.266: [GC [PSYoungGen: 14219K->1474K(14336K)] 41144K->29376K(46080K), 0.0009890 secs] [Times: user=0.01 sys=0.00, real=0.00 secs] 
326.267: Total time for which application threads were stopped: 0.0638970 seconds, Stopping threads took: 0.0628040 seconds
326.349: Application time: 0.0821510 seconds
326.420: [GC [PSYoungGen: 14187K->1165K(14336K)] 42088K->29083K(46080K), 0.0008190 secs] [Times: user=0.00 sys=0.01, real=0.00 secs] 
326.421: Total time for which application threads were stopped: 0.0723260 seconds, Stopping threads took: 0.0714330 seconds
326.505: Application time: 0.0832170 seconds
326.571: [GC [PSYoungGen: 13878K->938K(14336K)] 41796K->28863K(46080K), 0.0006210 secs] [Times: user=0.00 sys=0.00, real=0.01 secs] 
326.571: Total time for which application threads were stopped: 0.0668270 seconds, Stopping threads took: 0.0661320 seconds
326.654: Application time: 0.0828040 seconds
326.712: [GC [PSYoungGen: 13729K->758K(14336K)] 41655K->28692K(46080K), 0.0007840 secs] [Times: user=0.01 sys=0.00, real=0.00 secs] 
326.713: Total time for which application threads were stopped: 0.0587210 seconds, Stopping threads took: 0.0578540 seconds
326.795: Application time: 0.0823240 seconds
326.861: [GC [PSYoungGen: 13433K->320K(14336K)] 41366K->28253K(46080K), 0.0005030 secs] [Times: user=0.00 sys=0.00, real=0.00 secs] 
326.862: Total time for which application threads were stopped: 0.0669470 seconds, Stopping threads took: 0.0652860 seconds
326.942: Application time: 0.0802460 seconds
326.980: [GC [PSYoungGen: 13111K->1360K(14336K)] 41044K->30270K(46080K), 0.0011800 secs] [Times: user=0.00 sys=0.00, real=0.00 secs] 
326.982: Total time for which application threads were stopped: 0.0390970 seconds, Stopping threads took: 0.0378190 seconds
327.066: Application time: 0.0843510 seconds
327.139: [GC [PSYoungGen: 13780K->758K(14336K)] 42691K->29676K(46080K), 0.0005790 secs] [Times: user=0.00 sys=0.00, real=0.01 secs] 
327.139: Total time for which application threads were stopped: 0.0733390 seconds, Stopping threads took: 0.0726660 seconds
327.223: Application time: 0.0841160 seconds
327.262: [GC [PSYoungGen: 13374K->1392K(14336K)] 42292K->30506K(46080K), 0.0008360 secs] [Times: user=0.00 sys=0.00, real=0.00 secs] 
327.263: Total time for which application threads were stopped: 0.0394430 seconds, Stopping threads took: 0.0385200 seconds
327.348: Application time: 0.0850950 seconds
327.412: [GC [PSYoungGen: 14183K->1392K(14336K)] 43297K->30514K(46080K), 0.0008670 secs] [Times: user=0.00 sys=0.00, real=0.00 secs] 
327.413: Total time for which application threads were stopped: 0.0651460 seconds, Stopping threads took: 0.0642090 seconds
327.488: Application time: 0.0753380 seconds
327.550: [GC [PSYoungGen: 14086K->1524K(14336K)] 43207K->31239K(46080K), 0.0009270 secs] [Times: user=0.01 sys=0.00, real=0.00 secs] 
327.551: Total time for which application threads were stopped: 0.0624960 seconds, Stopping threads took: 0.0614950 seconds
327.629: Application time: 0.0782570 seconds
327.691: [GC [PSYoungGen: 14217K->710K(14336K)] 43932K->30434K(46080K), 0.0006200 secs] [Times: user=0.01 sys=0.00, real=0.01 secs] 
327.691: Total time for which application threads were stopped: 0.0623040 seconds, Stopping threads took: 0.0616060 seconds
327.770: Application time: 0.0784920 seconds
327.806: [GC-- [PSYoungGen: 13423K->13423K(14336K)] 43147K->45021K(46080K), 0.0012980 secs] [Times: user=0.00 sys=0.00, real=0.00 secs] 
327.807: [Full GC [PSYoungGen: 13423K->0K(14336K)] [ParOldGen: 31597K->5224K(31744K)] 45021K->5224K(46080K) [PSPermGen: 5151K->5151K(21504K)], 0.0043400 secs] [Times: user=0.02 sys=0.00, real=0.01 secs] 
327.812: Total time for which application threads were stopped: 0.0419640 seconds, Stopping threads took: 0.0361770 seconds
327.891: Application time: 0.0791900 seconds
327.959: [GC [PSYoungGen: 12791K->192K(14336K)] 18015K->5416K(46080K), 0.0005130 secs] [Times: user=0.00 sys=0.00, real=0.01 secs] 
327.959: Total time for which application threads were stopped: 0.0680010 seconds, Stopping threads took: 0.0674220 seconds
328.033: Application time: 0.0743290 seconds
328.068: [GC [PSYoungGen: 12964K->1021K(14336K)] 18188K->6246K(46080K), 0.0005700 secs] [Times: user=0.00 sys=0.00, real=0.00 secs] 
328.068: Total time for which application threads were stopped: 0.0349410 seconds, Stopping threads took: 0.0342920 seconds
328.156: Application time: 0.0875630 seconds
328.223: [GC [PSYoungGen: 13617K->614K(14336K)] 18842K->5839K(46080K), 0.0004460 secs] [Times: user=0.01 sys=0.00, real=0.00 secs] 
328.224: Total time for which application threads were stopped: 0.0677370 seconds, Stopping threads took: 0.0672260 seconds
328.302: Application time: 0.0786130 seconds
328.335: [GC [PSYoungGen: 13230K->1443K(14336K)] 18455K->6668K(46080K), 0.0006110 secs] [Times: user=0.00 sys=0.00, real=0.00 secs] 
328.336: Total time for which application threads were stopped: 0.0336130 seconds, Stopping threads took: 0.0329220 seconds
328.412: Application time: 0.0756580 seconds
328.463: [GC [PSYoungGen: 14059K->1475K(14336K)] 19284K->7482K(46080K), 0.0008870 secs] [Times: user=0.00 sys=0.00, real=0.00 secs] 
328.464: Total time for which application threads were stopped: 0.0525290 seconds, Stopping threads took: 0.0515690 seconds
328.541: Application time: 0.0764810 seconds
328.601: [GC [PSYoungGen: 14266K->1475K(14336K)] 20273K->8068K(46080K), 0.0007920 secs] [Times: user=0.00 sys=0.00, real=0.00 secs] 
328.601: Total time for which application threads were stopped: 0.0608910 seconds, Stopping threads took: 0.0600270 seconds
328.678: Application time: 0.0763860 seconds
328.747: [GC [PSYoungGen: 14091K->662K(14336K)] 20683K->7254K(46080K), 0.0005150 secs] [Times: user=0.00 sys=0.00, real=0.00 secs] 
328.747: Total time for which application threads were stopped: 0.0692370 seconds, Stopping threads took: 0.0686300 seconds
328.825: Application time: 0.0778100 seconds
328.873: [GC [PSYoungGen: 13375K->451K(14336K)] 19968K->7043K(46080K), 0.0004740 secs] [Times: user=0.00 sys=0.00, real=0.00 secs] 
328.874: Total time for which application threads were stopped: 0.0490620 seconds, Stopping threads took: 0.0485120 seconds
328.948: Application time: 0.0739540 seconds
328.983: [GC [PSYoungGen: 13223K->1264K(14336K)] 19815K->7856K(46080K), 0.0006820 secs] [Times: user=0.00 sys=0.00, real=0.00 secs] 
328.984: Total time for which application threads were stopped: 0.0356180 seconds, Stopping threads took: 0.0348690 seconds
329.061: Application time: 0.0778910 seconds
329.121: [GC [PSYoungGen: 14056K->1165K(14336K)] 20648K->7757K(46080K), 0.0006990 secs] [Times: user=0.01 sys=0.00, real=0.00 secs] 
329.122: Total time for which application threads were stopped: 0.0605370 seconds, Stopping threads took: 0.0597440 seconds
329.201: Application time: 0.0788650 seconds
329.250: [GC [PSYoungGen: 13780K->1474K(14336K)] 20373K->9629K(46080K), 0.0011280 secs] [Times: user=0.01 sys=0.00, real=0.01 secs] 
329.251: Total time for which application threads were stopped: 0.0506530 seconds, Stopping threads took: 0.0494400 seconds
329.342: Application time: 0.0908300 seconds
329.408: [GC [PSYoungGen: 14246K->579K(14336K)] 22400K->8734K(46080K), 0.0004740 secs] [Times: user=0.00 sys=0.00, real=0.00 secs] 
329.409: Total time for which application threads were stopped: 0.0664740 seconds, Stopping threads took: 0.0659120 seconds
329.485: Application time: 0.0758010 seconds
329.543: [GC [PSYoungGen: 13370K->304K(14336K)] 21525K->8458K(46080K), 0.0005640 secs] [Times: user=0.00 sys=0.00, real=0.00 secs] 
329.543: Total time for which application threads were stopped: 0.0587360 seconds, Stopping threads took: 0.0581030 seconds
329.617: Application time: 0.0732970 seconds
329.651: [GC [PSYoungGen: 13017K->1392K(14336K)] 21171K->10524K(46080K), 0.0009180 secs] [Times: user=0.00 sys=0.00, real=0.00 secs] 
329.652: Total time for which application threads were stopped: 0.0355270 seconds, Stopping threads took: 0.0345320 seconds
329.729: Application time: 0.0771480 seconds
329.793: [GC [PSYoungGen: 13812K->790K(14336K)] 22944K->9922K(46080K), 0.0007090 secs] [Times: user=0.00 sys=0.00, real=0.00 secs] 
329.794: Total time for which application threads were stopped: 0.0643820 seconds, Stopping threads took: 0.0636020 seconds
329.873: Application time: 0.0792210 seconds
329.906: [GC [PSYoungGen: 13581K->1524K(14336K)] 22713K->11887K(46080K), 0.0011060 secs] [Times: user=0.00 sys=0.00, real=0.00 secs] 
329.908: Total time for which application threads were stopped: 0.0345900 seconds, Stopping threads took: 0.0333870 seconds
329.983: Application time: 0.0755040 seconds
330.043: [GC [PSYoungGen: 14139K->1426K(14336K)] 24502K->12774K(46080K), 0.0012950 secs] [Times: user=0.01 sys=0.00, real=0.00 secs] 
330.045: Total time for which application threads were stopped: 0.0617340 seconds, Stopping threads took: 0.0603360 seconds
330.120: Application time: 0.0756230 seconds
330.183: [GC [PSYoungGen: 14198K->1376K(14336K)] 25546K->13522K(46080K), 0.0009540 secs] [Times: user=0.00 sys=0.00, real=0.00 secs] 
330.184: Total time for which application threads were stopped: 0.0639820 seconds, Stopping threads took: 0.0629520 seconds
330.261: Application time: 0.0768180 seconds
330.324: [GC [PSYoungGen: 14089K->1149K(14336K)] 26235K->14075K(46080K), 0.0007930 secs] [Times: user=0.00 sys=0.00, real=0.00 secs] 
330.325: Total time for which application threads were stopped: 0.0635000 seconds, Stopping threads took: 0.0626290 seconds
330.412: Application time: 0.0876970 seconds
330.476: [GC [PSYoungGen: 13764K->1490K(14336K)] 26691K->14612K(46080K), 0.0007610 secs] [Times: user=0.01 sys=0.00, real=0.00 secs] 
330.477: Total time for which application threads were stopped: 0.0645550 seconds, Stopping threads took: 0.0637100 seconds
330.576: Application time: 0.0988310 seconds
330.631: [GC [PSYoungGen: 14167K->1328K(14336K)] 27289K->14466K(46080K), 0.0006330 secs] [Times: user=0.00 sys=0.00, real=0.00 secs] 
330.632: Total time for which application threads were stopped: 0.0560070 seconds, Stopping threads took: 0.0553010 seconds
330.709: Application time: 0.0775400 seconds
330.769: [GC [PSYoungGen: 13901K->726K(14336K)] 27039K->13864K(46080K), 0.0007210 secs] [Times: user=0.01 sys=0.00, real=0.00 secs] 
330.770: Total time for which application threads were stopped: 0.0605050 seconds, Stopping threads took: 0.0597130 seconds
330.846: Application time: 0.0761200 seconds
330.902: [GC [PSYoungGen: 13517K->531K(14336K)] 26655K->13669K(46080K), 0.0004350 secs] [Times: user=0.00 sys=0.00, real=0.00 secs] 
330.902: Total time for which application threads were stopped: 0.0564750 seconds, Stopping threads took: 0.0559710 seconds
330.979: Application time: 0.0765490 seconds
331.032: [GC [PSYoungGen: 13244K->336K(14336K)] 26382K->13489K(46080K), 0.0004000 secs] [Times: user=0.00 sys=0.00, real=0.00 secs] 
331.033: Total time for which application threads were stopped: 0.0538250 seconds, Stopping threads took: 0.0533600 seconds
331.106: Application time: 0.0735530 seconds
331.141: [GC [PSYoungGen: 13029K->1149K(14336K)] 26183K->14319K(46080K), 0.0007240 secs] [Times: user=0.01 sys=0.00, real=0.00 secs] 
331.142: Total time for which application threads were stopped: 0.0357420 seconds, Stopping threads took: 0.0349350 seconds
331.220: Application time: 0.0781800 seconds
331.270: [GC [PSYoungGen: 13764K->1392K(14336K)] 26934K->15148K(46080K), 0.0013690 secs] [Times: user=0.01 sys=0.00, real=0.01 secs] 
331.272: Total time for which application threads were stopped: 0.0513480 seconds, Stopping threads took: 0.0498840 seconds
331.350: Application time: 0.0786830 seconds
331.413: [GC [PSYoungGen: 14086K->563K(14336K)] 27842K->14327K(46080K), 0.0005650 secs] [Times: user=0.00 sys=0.00, real=0.00 secs] 
331.414: Total time for which application threads were stopped: 0.0636560 seconds, Stopping threads took: 0.0630190 seconds
331.490: Application time: 0.0756650 seconds
331.545: [GC [PSYoungGen: 13276K->288K(14336K)] 27040K->14059K(46080K), 0.0006040 secs] [Times: user=0.00 sys=0.00, real=0.00 secs] 
331.545: Total time for which application threads were stopped: 0.0556150 seconds, Stopping threads took: 0.0549310 seconds
331.620: Application time: 0.0744540 seconds
331.653: [GC [PSYoungGen: 12903K->1165K(14336K)] 26675K->14937K(46080K), 0.0005720 secs] [Times: user=0.00 sys=0.00, real=0.00 secs] 
331.654: Total time for which application threads were stopped: 0.0340940 seconds, Stopping threads took: 0.0334420 seconds
331.747: Application time: 0.0934280 seconds
331.816: [GC [PSYoungGen: 13761K->742K(14336K)] 27533K->14514K(46080K), 0.0005190 secs] [Times: user=0.00 sys=0.00, real=0.00 secs] 
331.816: Total time for which application threads were stopped: 0.0687920 seconds, Stopping threads took: 0.0682010 seconds
331.892: Application time: 0.0758920 seconds
331.956: [GC [PSYoungGen: 13455K->579K(14336K)] 27227K->14359K(46080K), 0.0004230 secs] [Times: user=0.01 sys=0.00, real=0.00 secs] 
331.957: Total time for which application threads were stopped: 0.0655110 seconds, Stopping threads took: 0.0639590 seconds
332.033: Application time: 0.0752410 seconds
332.096: [GC [PSYoungGen: 13370K->336K(14336K)] 27150K->14115K(46080K), 0.0004460 secs] [Times: user=0.00 sys=0.00, real=0.00 secs] 
332.096: Total time for which application threads were stopped: 0.0635130 seconds, Stopping threads took: 0.0629780 seconds
332.170: Application time: 0.0734610 seconds
332.205: [GC [PSYoungGen: 13088K->1376K(14336K)] 26868K->15945K(46080K), 0.0008760 secs] [Times: user=0.00 sys=0.00, real=0.00 secs] 
332.206: Total time for which application threads were stopped: 0.0367090 seconds, Stopping threads took: 0.0357290 seconds
332.283: Application time: 0.0764480 seconds
332.351: [GC [PSYoungGen: 13992K->774K(14336K)] 28561K->15343K(46080K), 0.0005060 secs] [Times: user=0.00 sys=0.00, real=0.00 secs] 
332.352: Total time for which application threads were stopped: 0.0690200 seconds, Stopping threads took: 0.0684340 seconds
332.431: Application time: 0.0786710 seconds
332.483: [GC [PSYoungGen: 13566K->1442K(14336K)] 28135K->16206K(46080K), 0.0007640 secs] [Times: user=0.01 sys=0.00, real=0.00 secs] 
332.484: Total time for which application threads were stopped: 0.0533590 seconds, Stopping threads took: 0.0525010 seconds
332.572: Application time: 0.0879370 seconds
332.638: [GC [PSYoungGen: 14155K->320K(14336K)] 28919K->15092K(46080K), 0.0004590 secs] [Times: user=0.00 sys=0.00, real=0.00 secs] 
332.639: Total time for which application threads were stopped: 0.0668790 seconds, Stopping threads took: 0.0663450 seconds
332.714: Application time: 0.0747890 seconds
332.748: [GC [PSYoungGen: 13092K->1442K(14336K)] 27864K->17004K(46080K), 0.0008870 secs] [Times: user=0.00 sys=0.00, real=0.00 secs] 
332.749: Total time for which application threads were stopped: 0.0351910 seconds, Stopping threads took: 0.0342260 seconds
332.837: Application time: 0.0887440 seconds
332.905: [GC [PSYoungGen: 13960K->726K(14336K)] 29521K->16296K(46080K), 0.0007150 secs] [Times: user=0.00 sys=0.00, real=0.00 secs] 
332.905: Total time for which application threads were stopped: 0.0678310 seconds, Stopping threads took: 0.0670300 seconds
332.982: Application time: 0.0770560 seconds
333.034: [GC [PSYoungGen: 13439K->595K(14336K)] 29009K->16165K(46080K), 0.0005980 secs] [Times: user=0.01 sys=0.00, real=0.00 secs] 
333.035: Total time for which application threads were stopped: 0.0525570 seconds, Stopping threads took: 0.0518600 seconds
333.110: Application time: 0.0754590 seconds
333.171: [GC [PSYoungGen: 13308K->304K(14336K)] 28878K->15881K(46080K), 0.0004380 secs] [Times: user=0.00 sys=0.00, real=0.00 secs] 
333.171: Total time for which application threads were stopped: 0.0606140 seconds, Stopping threads took: 0.0601020 seconds
333.244: Application time: 0.0732580 seconds
333.280: [GC [PSYoungGen: 12919K->1474K(14336K)] 28497K->17833K(46080K), 0.0008360 secs] [Times: user=0.01 sys=0.01, real=0.00 secs] 
333.280: Total time for which application threads were stopped: 0.0361370 seconds, Stopping threads took: 0.0352180 seconds
333.356: Application time: 0.0757930 seconds
333.420: [GC [PSYoungGen: 14070K->1474K(14336K)] 30429K->18232K(46080K), 0.0007970 secs] [Times: user=0.00 sys=0.00, real=0.00 secs] 
333.420: Total time for which application threads were stopped: 0.0642730 seconds, Stopping threads took: 0.0634090 seconds
333.512: Application time: 0.0914490 seconds
333.580: [GC [PSYoungGen: 14167K->1360K(14336K)] 30925K->18313K(46080K), 0.0006770 secs] [Times: user=0.01 sys=0.00, real=0.00 secs] 
333.581: Total time for which application threads were stopped: 0.0690360 seconds, Stopping threads took: 0.0682840 seconds
333.657: Application time: 0.0761110 seconds
333.706: [GC [PSYoungGen: 14151K->1344K(14336K)] 31105K->18297K(46080K), 0.0006880 secs] [Times: user=0.01 sys=0.00, real=0.00 secs] 
333.707: Total time for which application threads were stopped: 0.0498930 seconds, Stopping threads took: 0.0491230 seconds
333.787: Application time: 0.0803190 seconds
333.850: [GC [PSYoungGen: 14097K->970K(14336K)] 31050K->17931K(46080K), 0.0006120 secs] [Times: user=0.00 sys=0.00, real=0.01 secs] 
333.851: Total time for which application threads were stopped: 0.0637790 seconds, Stopping threads took: 0.0630890 seconds
333.946: Application time: 0.0952340 seconds
334.006: [GC [PSYoungGen: 13761K->790K(14336K)] 30722K->17751K(46080K), 0.0005020 secs] [Times: user=0.00 sys=0.00, real=0.00 secs] 
334.006: Total time for which application threads were stopped: 0.0600060 seconds, Stopping threads took: 0.0594170 seconds
334.092: Application time: 0.0853030 seconds
334.160: [GC [PSYoungGen: 13503K->531K(14336K)] 30464K->17500K(46080K), 0.0005000 secs] [Times: user=0.01 sys=0.00, real=0.00 secs] 
334.160: Total time for which application threads were stopped: 0.0687540 seconds, Stopping threads took: 0.0681630 seconds
334.237: Application time: 0.0767850 seconds
334.294: [GC [PSYoungGen: 13244K->336K(14336K)] 30213K->17313K(46080K), 0.0006390 secs] [Times: user=0.00 sys=0.00, real=0.00 secs] 
334.295: Total time for which application threads were stopped: 0.0577960 seconds, Stopping threads took: 0.0570680 seconds
334.368: Application time: 0.0735510 seconds
334.404: [GC [PSYoungGen: 13029K->1085K(14336K)] 30006K->18062K(46080K), 0.0005880 secs] [Times: user=0.00 sys=0.00, real=0.00 secs] 
334.404: Total time for which application threads were stopped: 0.0357740 seconds, Stopping threads took: 0.0351090 seconds
334.481: Application time: 0.0762250 seconds
334.531: [GC [PSYoungGen: 13603K->742K(14336K)] 30580K->17727K(46080K), 0.0005200 secs] [Times: user=0.00 sys=0.00, real=0.00 secs] 
334.532: Total time for which application threads were stopped: 0.0514320 seconds, Stopping threads took: 0.0508410 seconds
334.609: Application time: 0.0766420 seconds
334.669: [GC [PSYoungGen: 13455K->547K(14336K)] 30440K->17532K(46080K), 0.0004560 secs] [Times: user=0.00 sys=0.00, real=0.00 secs] 
334.670: Total time for which application threads were stopped: 0.0612350 seconds, Stopping threads took: 0.0607070 seconds
334.746: Application time: 0.0759760 seconds
334.798: [GC [PSYoungGen: 13338K->288K(14336K)] 30323K->17281K(46080K), 0.0004380 secs] [Times: user=0.00 sys=0.00, real=0.00 secs] 
334.799: Total time for which application threads were stopped: 0.0529600 seconds, Stopping threads took: 0.0524540 seconds
334.872: Application time: 0.0735660 seconds
334.907: [GC [PSYoungGen: 13079K->1360K(14336K)] 30072K->19330K(46080K), 0.0009290 secs] [Times: user=0.00 sys=0.00, real=0.00 secs] 
334.908: Total time for which application threads were stopped: 0.0355950 seconds, Stopping threads took: 0.0345820 seconds
334.987: Application time: 0.0795240 seconds
335.055: [GC [PSYoungGen: 13780K->710K(14336K)] 31750K->18680K(46080K), 0.0005660 secs] [Times: user=0.00 sys=0.00, real=0.00 secs] 
335.055: Total time for which application threads were stopped: 0.0679780 seconds, Stopping threads took: 0.0673170 seconds
335.142: Application time: 0.0863980 seconds
335.188: [GC [PSYoungGen: 13482K->1344K(14336K)] 31452K->19509K(46080K), 0.0008590 secs] [Times: user=0.00 sys=0.00, real=0.00 secs] 
335.189: Total time for which application threads were stopped: 0.0474280 seconds, Stopping threads took: 0.0464960 seconds
335.264: Application time: 0.0749760 seconds
335.329: [GC [PSYoungGen: 14135K->1360K(14336K)] 32300K->19525K(46080K), 0.0006770 secs] [Times: user=0.00 sys=0.00, real=0.00 secs] 
335.330: Total time for which application threads were stopped: 0.0653350 seconds, Stopping threads took: 0.0645650 seconds
335.409: Application time: 0.0789410 seconds
335.470: [GC [PSYoungGen: 13839K->742K(14336K)] 32004K->18915K(46080K), 0.0006310 secs] [Times: user=0.01 sys=0.00, real=0.01 secs] 
335.471: Total time for which application threads were stopped: 0.0625510 seconds, Stopping threads took: 0.0618450 seconds
335.558: Application time: 0.0871140 seconds
335.611: [GC [PSYoungGen: 13455K->595K(14336K)] 31628K->18776K(46080K), 0.0005710 secs] [Times: user=0.00 sys=0.00, real=0.00 secs] 
335.612: Total time for which application threads were stopped: 0.0538650 seconds, Stopping threads took: 0.0532050 seconds
335.687: Application time: 0.0745570 seconds
335.750: [GC [PSYoungGen: 13308K->320K(14336K)] 31489K->18517K(46080K), 0.0005700 secs] [Times: user=0.00 sys=0.00, real=0.00 secs] 
335.750: Total time for which application threads were stopped: 0.0636980 seconds, Stopping threads took: 0.0630610 seconds
335.823: Application time: 0.0731260 seconds
335.859: [GC [PSYoungGen: 13013K->1442K(14336K)] 31210K->20428K(46080K), 0.0011760 secs] [Times: user=0.00 sys=0.00, real=0.01 secs] 
335.860: Total time for which application threads were stopped: 0.0365840 seconds, Stopping threads took: 0.0353170 seconds
335.954: Application time: 0.0942570 seconds
336.020: [GC [PSYoungGen: 14038K->774K(14336K)] 33024K->19768K(46080K), 0.0005770 secs] [Times: user=0.00 sys=0.00, real=0.00 secs] 
336.021: Total time for which application threads were stopped: 0.0667720 seconds, Stopping threads took: 0.0661160 seconds
336.098: Application time: 0.0773170 seconds
336.132: [GC [PSYoungGen: 13487K->1506K(14336K)] 32482K->22844K(46080K), 0.0013800 secs] [Times: user=0.01 sys=0.00, real=0.00 secs] 
336.133: Total time for which application threads were stopped: 0.0347580 seconds, Stopping threads took: 0.0332950 seconds
336.212: Application time: 0.0785630 seconds
336.279: [GC [PSYoungGen: 14121K->1360K(14336K)] 35459K->22698K(46080K), 0.0007120 secs] [Times: user=0.00 sys=0.01, real=0.01 secs] 
336.280: Total time for which application threads were stopped: 0.0679880 seconds, Stopping threads took: 0.0672020 seconds
336.355: Application time: 0.0753570 seconds
336.418: [GC [PSYoungGen: 14151K->1181K(14336K)] 35490K->22527K(46080K), 0.0006860 secs] [Times: user=0.00 sys=0.00, real=0.00 secs] 
336.418: Total time for which application threads were stopped: 0.0633480 seconds, Stopping threads took: 0.0625930 seconds
336.499: Application time: 0.0807320 seconds
336.564: [GC [PSYoungGen: 13777K->758K(14336K)] 35123K->22104K(46080K), 0.0004710 secs] [Times: user=0.00 sys=0.00, real=0.00 secs] 
336.564: Total time for which application threads were stopped: 0.0651670 seconds, Stopping threads took: 0.0646170 seconds
336.641: Application time: 0.0768640 seconds
336.702: [GC [PSYoungGen: 13550K->483K(14336K)] 34896K->21829K(46080K), 0.0004630 secs] [Times: user=0.00 sys=0.00, real=0.00 secs] 
336.702: Total time for which application threads were stopped: 0.0611110 seconds, Stopping threads took: 0.0605730 seconds
336.778: Application time: 0.0761950 seconds
336.827: [GC [PSYoungGen: 13283K->272K(14336K)] 34629K->21626K(46080K), 0.0004180 secs] [Times: user=0.00 sys=0.00, real=0.00 secs] 
336.827: Total time for which application threads were stopped: 0.0485150 seconds, Stopping threads took: 0.0480260 seconds
336.901: Application time: 0.0743500 seconds
336.935: [GC [PSYoungGen: 12955K->1133K(14336K)] 34309K->22495K(46080K), 0.0006250 secs] [Times: user=0.01 sys=0.00, real=0.00 secs] 
336.936: Total time for which application threads were stopped: 0.0345480 seconds, Stopping threads took: 0.0338500 seconds
337.023: Application time: 0.0872550 seconds
337.088: [GC [PSYoungGen: 13729K->742K(14336K)] 35091K->22104K(46080K), 0.0005090 secs] [Times: user=0.00 sys=0.00, real=0.00 secs] 
337.089: Total time for which application threads were stopped: 0.0653130 seconds, Stopping threads took: 0.0647260 seconds
337.164: Application time: 0.0750900 seconds
337.199: [GC [PSYoungGen: 13358K->1490K(14336K)] 34720K->24032K(46080K), 0.0009690 secs] [Times: user=0.01 sys=0.00, real=0.01 secs] 
337.200: Total time for which application threads were stopped: 0.0363510 seconds, Stopping threads took: 0.0353070 seconds
337.277: Application time: 0.0771030 seconds
337.345: [GC [PSYoungGen: 14281K->1360K(14336K)] 36823K->23910K(46080K), 0.0007080 secs] [Times: user=0.00 sys=0.00, real=0.00 secs] 
337.346: Total time for which application threads were stopped: 0.0686120 seconds, Stopping threads took: 0.0678240 seconds
337.421: Application time: 0.0752160 seconds
337.467: [GC [PSYoungGen: 14151K->1490K(14336K)] 36702K->24829K(46080K), 0.0011020 secs] [Times: user=0.01 sys=0.00, real=0.00 secs] 
337.468: Total time for which application threads were stopped: 0.0473010 seconds, Stopping threads took: 0.0461020 seconds
337.544: Application time: 0.0757950 seconds
337.613: [GC [PSYoungGen: 14203K->954K(14336K)] 37542K->24293K(46080K), 0.0005530 secs] [Times: user=0.00 sys=0.00, real=0.00 secs] 
337.614: Total time for which application threads were stopped: 0.0696060 seconds, Stopping threads took: 0.0689560 seconds
337.702: Application time: 0.0879560 seconds
337.765: [GC [PSYoungGen: 13667K->726K(14336K)] 37006K->24066K(46080K), 0.0008080 secs] [Times: user=0.00 sys=0.00, real=0.00 secs] 
337.765: Total time for which application threads were stopped: 0.0638060 seconds, Stopping threads took: 0.0629120 seconds
337.862: Application time: 0.0966120 seconds
337.923: [GC [PSYoungGen: 13515K->563K(14336K)] 36855K->23910K(46080K), 0.0006680 secs] [Times: user=0.00 sys=0.00, real=0.00 secs] 
337.924: Total time for which application threads were stopped: 0.0618080 seconds, Stopping threads took: 0.0610530 seconds
338.001: Application time: 0.0767510 seconds
338.056: [GC [PSYoungGen: 13354K->288K(14336K)] 36702K->23651K(46080K), 0.0007000 secs] [Times: user=0.00 sys=0.00, real=0.00 secs] 
338.056: Total time for which application threads were stopped: 0.0558670 seconds, Stopping threads took: 0.0551010 seconds
338.130: Application time: 0.0737660 seconds
338.164: [GC [PSYoungGen: 12981K->1474K(14336K)] 36344K->25619K(46080K), 0.0008890 secs] [Times: user=0.00 sys=0.00, real=0.00 secs] 
338.165: Total time for which application threads were stopped: 0.0350030 seconds, Stopping threads took: 0.0340080 seconds
338.243: Application time: 0.0778560 seconds
338.307: [GC [PSYoungGen: 14265K->970K(14336K)] 38410K->25114K(46080K), 0.0006470 secs] [Times: user=0.00 sys=0.00, real=0.00 secs] 
338.308: Total time for which application threads were stopped: 0.0650570 seconds, Stopping threads took: 0.0643210 seconds
338.385: Application time: 0.0771600 seconds
338.436: [GC [PSYoungGen: 13761K->774K(14336K)] 37905K->24927K(46080K), 0.0005930 secs] [Times: user=0.00 sys=0.00, real=0.00 secs] 
338.436: Total time for which application threads were stopped: 0.0508840 seconds, Stopping threads took: 0.0502190 seconds
338.511: Application time: 0.0751430 seconds
338.545: [GC [PSYoungGen: 13487K->1523K(14336K)] 37640K->26896K(46080K), 0.0011890 secs] [Times: user=0.00 sys=0.00, real=0.00 secs] 
338.546: Total time for which application threads were stopped: 0.0345430 seconds, Stopping threads took: 0.0332800 seconds
338.622: Application time: 0.0756950 seconds
338.685: [GC [PSYoungGen: 14217K->1458K(14336K)] 39589K->27815K(46080K), 0.0009870 secs] [Times: user=0.01 sys=0.00, real=0.00 secs] 
338.686: Total time for which application threads were stopped: 0.0649490 seconds, Stopping threads took: 0.0638850 seconds
338.766: Application time: 0.0794240 seconds
338.833: [GC [PSYoungGen: 14249K->1133K(14336K)] 40606K->27498K(46080K), 0.0006080 secs] [Times: user=0.00 sys=0.00, real=0.00 secs] 
338.834: Total time for which application threads were stopped: 0.0678970 seconds, Stopping threads took: 0.0672150 seconds
338.913: Application time: 0.0793110 seconds
338.959: [GC [PSYoungGen: 13924K->1524K(14336K)] 40289K->29483K(46080K), 0.0011450 secs] [Times: user=0.00 sys=0.00, real=0.01 secs] 
338.960: Total time for which application threads were stopped: 0.0467360 seconds, Stopping threads took: 0.0455020 seconds
339.037: Application time: 0.0776020 seconds
339.105: [GC [PSYoungGen: 14236K->1458K(14336K)] 42196K->29816K(46080K), 0.0009820 secs] [Times: user=0.01 sys=0.00, real=0.00 secs] 
339.106: Total time for which application threads were stopped: 0.0687960 seconds, Stopping threads took: 0.0677190 seconds
339.204: Application time: 0.0978200 seconds
339.267: [GC [PSYoungGen: 14249K->1426K(14336K)] 42608K->29980K(46080K), 0.0009160 secs] [Times: user=0.00 sys=0.00, real=0.00 secs] 
339.268: Total time for which application threads were stopped: 0.0641640 seconds, Stopping threads took: 0.0631560 seconds
339.358: Application time: 0.0895170 seconds
339.424: [GC [PSYoungGen: 14217K->272K(14336K)] 42771K->28833K(46080K), 0.0005430 secs] [Times: user=0.00 sys=0.00, real=0.00 secs] 
339.425: Total time for which application threads were stopped: 0.0671100 seconds, Stopping threads took: 0.0664800 seconds
339.499: Application time: 0.0737400 seconds
339.533: [GC [PSYoungGen: 12965K->1117K(14336K)] 41527K->29687K(46080K), 0.0007950 secs] [Times: user=0.00 sys=0.00, real=0.00 secs] 
339.534: Total time for which application threads were stopped: 0.0353270 seconds, Stopping threads took: 0.0344470 seconds
339.620: Application time: 0.0862230 seconds
339.684: [GC [PSYoungGen: 13635K->758K(14336K)] 42205K->29328K(46080K), 0.0005780 secs] [Times: user=0.00 sys=0.00, real=0.00 secs] 
339.684: Total time for which application threads were stopped: 0.0640130 seconds, Stopping threads took: 0.0633520 seconds
339.760: Application time: 0.0760250 seconds
339.823: [GC [PSYoungGen: 13471K->499K(14336K)] 42041K->29069K(46080K), 0.0006390 secs] [Times: user=0.00 sys=0.00, real=0.00 secs] 
339.824: Total time for which application threads were stopped: 0.0634130 seconds, Stopping threads took: 0.0627000 seconds
339.898: Application time: 0.0740590 seconds
339.933: [GC [PSYoungGen: 13270K->1426K(14336K)] 41840K->30980K(46080K), 0.0011420 secs] [Times: user=0.00 sys=0.00, real=0.00 secs] 
339.934: Total time for which application threads were stopped: 0.0365330 seconds, Stopping threads took: 0.0352990 seconds
340.012: Application time: 0.0777530 seconds
340.073: [GC [PSYoungGen: 14041K->1376K(14336K)] 43596K->31720K(46080K), 0.0008610 secs] [Times: user=0.01 sys=0.00, real=0.00 secs] 
340.074: [Full GC [PSYoungGen: 1376K->0K(14336K)] [ParOldGen: 30343K->3569K(31744K)] 31720K->3569K(46080K) [PSPermGen: 5151K->5151K(21504K)], 0.0041260 secs] [Times: user=0.01 sys=0.00, real=0.00 secs] 
340.078: Total time for which application threads were stopped: 0.0661260 seconds, Stopping threads took: 0.0609950 seconds
340.155: Application time: 0.0771500 seconds
340.217: [GC [PSYoungGen: 12771K->1493K(14336K)] 16341K->5258K(46080K), 0.0007300 secs] [Times: user=0.01 sys=0.00, real=0.00 secs] 
340.218: Total time for which application threads were stopped: 0.0622320 seconds, Stopping threads took: 0.0614270 seconds
340.294: Application time: 0.0764190 seconds
340.355: [GC [PSYoungGen: 14206K->1525K(14336K)] 17971K->5290K(46080K), 0.0011500 secs] [Times: user=0.00 sys=0.00, real=0.00 secs] 
340.356: Total time for which application threads were stopped: 0.0624900 seconds, Stopping threads took: 0.0612590 seconds
340.433: Application time: 0.0762580 seconds
340.483: [GC [PSYoungGen: 14316K->1298K(14336K)] 18081K->5063K(46080K), 0.0006800 secs] [Times: user=0.00 sys=0.00, real=0.00 secs] 
340.484: Total time for which application threads were stopped: 0.0512010 seconds, Stopping threads took: 0.0504520 seconds
340.561: Application time: 0.0769720 seconds
340.614: [GC [PSYoungGen: 13913K->989K(14336K)] 17678K->4754K(46080K), 0.0008920 secs] [Times: user=0.00 sys=0.00, real=0.00 secs] 
340.615: Total time for which application threads were stopped: 0.0537260 seconds, Stopping threads took: 0.0527430 seconds
340.704: Application time: 0.0893640 seconds
340.773: [GC [PSYoungGen: 13663K->646K(14336K)] 17428K->4411K(46080K), 0.0004810 secs] [Times: user=0.01 sys=0.00, real=0.00 secs] 
340.774: Total time for which application threads were stopped: 0.0695480 seconds, Stopping threads took: 0.0689990 seconds
340.850: Application time: 0.0761610 seconds
340.898: [GC [PSYoungGen: 13437K->483K(14336K)] 17202K->4248K(46080K), 0.0004300 secs] [Times: user=0.01 sys=0.00, real=0.00 secs] 
340.899: Total time for which application threads were stopped: 0.0491020 seconds, Stopping threads took: 0.0485930 seconds
340.973: Application time: 0.0743250 seconds
341.008: [GC [PSYoungGen: 12903K->1394K(14336K)] 16668K->5940K(46080K), 0.0008420 secs] [Times: user=0.01 sys=0.00, real=0.00 secs] 
341.009: Total time for which application threads were stopped: 0.0354960 seconds, Stopping threads took: 0.0345880 seconds
341.085: Application time: 0.0763580 seconds
341.148: [GC [PSYoungGen: 14009K->1476K(14336K)] 18555K->6412K(46080K), 0.0009150 secs] [Times: user=0.00 sys=0.00, real=0.00 secs] 
341.149: Total time for which application threads were stopped: 0.0641610 seconds, Stopping threads took: 0.0631490 seconds
341.238: Application time: 0.0883820 seconds
341.302: [GC [PSYoungGen: 14091K->451K(14336K)] 19028K->5388K(46080K), 0.0004590 secs] [Times: user=0.00 sys=0.00, real=0.00 secs] 
341.302: Total time for which application threads were stopped: 0.0645160 seconds, Stopping threads took: 0.0639930 seconds
341.377: Application time: 0.0747390 seconds
341.438: [GC [PSYoungGen: 13242K->288K(14336K)] 18179K->5224K(46080K), 0.0003980 secs] [Times: user=0.00 sys=0.00, real=0.00 secs] 
341.438: Total time for which application threads were stopped: 0.0613940 seconds, Stopping threads took: 0.0609210 seconds
341.511: Application time: 0.0733080 seconds
341.546: [GC [PSYoungGen: 12903K->1053K(14336K)] 17840K->5990K(46080K), 0.0006250 secs] [Times: user=0.00 sys=0.00, real=0.00 secs] 
341.547: Total time for which application threads were stopped: 0.0355290 seconds, Stopping threads took: 0.0348280 seconds
341.622: Application time: 0.0754380 seconds
341.656: [GC [PSYoungGen: 13806K->1360K(14336K)] 18742K->7860K(46080K), 0.0010640 secs] [Times: user=0.01 sys=0.00, real=0.00 secs] 
341.657: Total time for which application threads were stopped: 0.0342650 seconds, Stopping threads took: 0.0331290 seconds
341.732: Application time: 0.0756620 seconds
341.793: [GC [PSYoungGen: 13975K->1490K(14336K)] 20475K->9161K(46080K), 0.0011350 secs] [Times: user=0.00 sys=0.00, real=0.00 secs] 
341.795: Total time for which application threads were stopped: 0.0622720 seconds, Stopping threads took: 0.0610410 seconds
341.871: Application time: 0.0761970 seconds
341.931: [GC [PSYoungGen: 14281K->1458K(14336K)] 21952K->10106K(46080K), 0.0010210 secs] [Times: user=0.01 sys=0.00, real=0.01 secs] 
341.932: Total time for which application threads were stopped: 0.0607390 seconds, Stopping threads took: 0.0596370 seconds
342.011: Application time: 0.0792610 seconds
342.070: [GC [PSYoungGen: 14073K->1360K(14336K)] 22721K->10790K(46080K), 0.0008340 secs] [Times: user=0.00 sys=0.00, real=0.01 secs] 
342.071: Total time for which application threads were stopped: 0.0601890 seconds, Stopping threads took: 0.0592480 seconds
342.148: Application time: 0.0774250 seconds
342.216: [GC [PSYoungGen: 14132K->758K(14336K)] 23561K->10220K(46080K), 0.0004930 secs] [Times: user=0.00 sys=0.00, real=0.00 secs] 
342.218: Total time for which application threads were stopped: 0.0694090 seconds, Stopping threads took: 0.0678620 seconds
342.293: Application time: 0.0751520 seconds
342.357: [GC [PSYoungGen: 13471K->579K(14336K)] 22932K->10040K(46080K), 0.0005780 secs] [Times: user=0.00 sys=0.00, real=0.00 secs] 
342.358: Total time for which application threads were stopped: 0.0646460 seconds, Stopping threads took: 0.0639720 seconds
342.443: Application time: 0.0854200 seconds
342.491: [GC [PSYoungGen: 13292K->1458K(14336K)] 22753K->10927K(46080K), 0.0006730 secs] [Times: user=0.00 sys=0.00, real=0.00 secs] 
342.492: Total time for which application threads were stopped: 0.0489080 seconds, Stopping threads took: 0.0481400 seconds
342.569: Application time: 0.0768140 seconds
342.629: [GC [PSYoungGen: 14152K->1165K(14336K)] 23621K->10634K(46080K), 0.0006650 secs] [Times: user=0.01 sys=0.00, real=0.00 secs] 
342.630: Total time for which application threads were stopped: 0.0613110 seconds, Stopping threads took: 0.0605610 seconds
342.706: Application time: 0.0754880 seconds
342.768: [GC [PSYoungGen: 13683K->790K(14336K)] 23152K->10276K(46080K), 0.0004550 secs] [Times: user=0.00 sys=0.00, real=0.00 secs] 
342.769: Total time for which application threads were stopped: 0.0629960 seconds, Stopping threads took: 0.0624750 seconds
342.845: Application time: 0.0763740 seconds
342.907: [GC [PSYoungGen: 13464K->352K(14336K)] 22950K->9845K(46080K), 0.0004330 secs] [Times: user=0.01 sys=0.00, real=0.00 secs] 
342.907: Total time for which application threads were stopped: 0.0620750 seconds, Stopping threads took: 0.0615510 seconds
342.981: Application time: 0.0738110 seconds
343.015: [GC [PSYoungGen: 13045K->1085K(14336K)] 22538K->10578K(46080K), 0.0005980 secs] [Times: user=0.00 sys=0.00, real=0.00 secs] 
343.016: Total time for which application threads were stopped: 0.0346280 seconds, Stopping threads took: 0.0339540 seconds
343.093: Application time: 0.0778310 seconds
343.143: [GC [PSYoungGen: 13681K->758K(14336K)] 23174K->10252K(46080K), 0.0004960 secs] [Times: user=0.00 sys=0.00, real=0.00 secs] 
343.143: Total time for which application threads were stopped: 0.0497830 seconds, Stopping threads took: 0.0492070 seconds
343.219: Application time: 0.0758860 seconds
343.281: [GC [PSYoungGen: 13471K->579K(14336K)] 22965K->10072K(46080K), 0.0004240 secs] [Times: user=0.00 sys=0.00, real=0.00 secs] 
343.282: Total time for which application threads were stopped: 0.0627270 seconds, Stopping threads took: 0.0622370 seconds
343.360: Application time: 0.0783310 seconds
343.426: [GC [PSYoungGen: 13370K->336K(14336K)] 22864K->9845K(46080K), 0.0004090 secs] [Times: user=0.00 sys=0.00, real=0.00 secs] 
343.427: Total time for which application threads were stopped: 0.0663750 seconds, Stopping threads took: 0.0658950 seconds
343.507: Application time: 0.0804910 seconds
343.545: [GC [PSYoungGen: 12951K->1474K(14336K)] 22460K->11764K(46080K), 0.0009200 secs] [Times: user=0.01 sys=0.00, real=0.00 secs] 
343.546: Total time for which application threads were stopped: 0.0387570 seconds, Stopping threads took: 0.0377570 seconds
343.628: Application time: 0.0822030 seconds
343.704: [GC [PSYoungGen: 13992K->758K(14336K)] 24282K->11065K(46080K), 0.0005460 secs] [Times: user=0.00 sys=0.00, real=0.00 secs] 
343.705: Total time for which application threads were stopped: 0.0766420 seconds, Stopping threads took: 0.0760120 seconds
343.787: Application time: 0.0822830 seconds
343.844: [GC [PSYoungGen: 13433K->368K(14336K)] 23739K->10674K(46080K), 0.0004800 secs] [Times: user=0.00 sys=0.00, real=0.00 secs] 
343.845: Total time for which application threads were stopped: 0.0579830 seconds, Stopping threads took: 0.0574300 seconds
343.925: Application time: 0.0803100 seconds
343.963: [GC [PSYoungGen: 13061K->1474K(14336K)] 23368K->12570K(46080K), 0.0009470 secs] [Times: user=0.01 sys=0.00, real=0.00 secs] 
343.964: Total time for which application threads were stopped: 0.0388740 seconds, Stopping threads took: 0.0378530 seconds
344.047: Application time: 0.0830830 seconds
344.121: [GC [PSYoungGen: 14070K->758K(14336K)] 25166K->11854K(46080K), 0.0004690 secs] [Times: user=0.00 sys=0.00, real=0.00 secs] 
344.122: Total time for which application threads were stopped: 0.0744630 seconds, Stopping threads took: 0.0739250 seconds
344.205: Application time: 0.0831540 seconds
344.273: [GC [PSYoungGen: 13549K->579K(14336K)] 24645K->11683K(46080K), 0.0005640 secs] [Times: user=0.00 sys=0.00, real=0.00 secs] 
344.274: Total time for which application threads were stopped: 0.0688930 seconds, Stopping threads took: 0.0682480 seconds
344.356: Application time: 0.0826090 seconds
344.415: [GC [PSYoungGen: 13370K->320K(14336K)] 24474K->11423K(46080K), 0.0004640 secs] [Times: user=0.00 sys=0.00, real=0.00 secs] 
344.415: Total time for which application threads were stopped: 0.0590010 seconds, Stopping threads took: 0.0584670 seconds
344.496: Application time: 0.0803230 seconds
344.532: [GC [PSYoungGen: 13013K->1376K(14336K)] 24117K->14433K(46080K), 0.0012370 secs] [Times: user=0.01 sys=0.00, real=0.00 secs] 
344.534: Total time for which application threads were stopped: 0.0381600 seconds, Stopping threads took: 0.0368450 seconds
344.617: Application time: 0.0832860 seconds
344.688: [GC [PSYoungGen: 13992K->1344K(14336K)] 27049K->14995K(46080K), 0.0007950 secs] [Times: user=0.01 sys=0.00, real=0.00 secs] 
344.689: Total time for which application threads were stopped: 0.0722620 seconds, Stopping threads took: 0.0713930 seconds
344.773: Application time: 0.0838190 seconds
344.844: [GC [PSYoungGen: 13960K->547K(14336K)] 27611K->14198K(46080K), 0.0005900 secs] [Times: user=0.00 sys=0.00, real=0.00 secs] 
344.845: Total time for which application threads were stopped: 0.0717890 seconds, Stopping threads took: 0.0710890 seconds
344.927: Application time: 0.0817610 seconds
344.990: [GC [PSYoungGen: 13260K->336K(14336K)] 26911K->14003K(46080K), 0.0008530 secs] [Times: user=0.00 sys=0.00, real=0.00 secs] 
344.991: Total time for which application threads were stopped: 0.0639160 seconds, Stopping threads took: 0.0629710 seconds
345.071: Application time: 0.0807220 seconds
345.110: [GC [PSYoungGen: 13029K->1165K(14336K)] 26696K->14840K(46080K), 0.0006420 secs] [Times: user=0.00 sys=0.00, real=0.00 secs] 
345.110: Total time for which application threads were stopped: 0.0389490 seconds, Stopping threads took: 0.0382220 seconds
345.205: Application time: 0.0945280 seconds
345.276: [GC [PSYoungGen: 13683K->726K(14336K)] 27358K->14409K(46080K), 0.0006110 secs] [Times: user=0.00 sys=0.00, real=0.00 secs] 
345.277: Total time for which application threads were stopped: 0.0719000 seconds, Stopping threads took: 0.0711960 seconds
345.359: Application time: 0.0827100 seconds
345.419: [GC [PSYoungGen: 13439K->579K(14336K)] 27122K->14262K(46080K), 0.0006380 secs] [Times: user=0.00 sys=0.00, real=0.01 secs] 
345.420: Total time for which application threads were stopped: 0.0601100 seconds, Stopping threads took: 0.0593730 seconds
345.501: Application time: 0.0817870 seconds
345.567: [GC [PSYoungGen: 13370K->336K(14336K)] 27053K->14027K(46080K), 0.0004590 secs] [Times: user=0.00 sys=0.00, real=0.00 secs] 
345.568: Total time for which application threads were stopped: 0.0664870 seconds, Stopping threads took: 0.0659570 seconds
345.648: Application time: 0.0804510 seconds
345.686: [GC [PSYoungGen: 13088K->1376K(14336K)] 26779K->15849K(46080K), 0.0008890 secs] [Times: user=0.01 sys=0.00, real=0.00 secs] 
345.687: Total time for which application threads were stopped: 0.0387680 seconds, Stopping threads took: 0.0378010 seconds
345.770: Application time: 0.0827820 seconds
345.841: [GC [PSYoungGen: 14070K->822K(14336K)] 28542K->15295K(46080K), 0.0005520 secs] [Times: user=0.00 sys=0.00, real=0.00 secs] 
345.841: Total time for which application threads were stopped: 0.0715080 seconds, Stopping threads took: 0.0708820 seconds
345.924: Application time: 0.0830250 seconds
345.983: [GC [PSYoungGen: 13613K->547K(14336K)] 28086K->15027K(46080K), 0.0004670 secs] [Times: user=0.00 sys=0.00, real=0.00 secs] 
345.983: Total time for which application threads were stopped: 0.0589500 seconds, Stopping threads took: 0.0583820 seconds
346.066: Application time: 0.0825920 seconds
346.134: [GC [PSYoungGen: 13260K->304K(14336K)] 27740K->14800K(46080K), 0.0005970 secs] [Times: user=0.00 sys=0.00, real=0.00 secs] 
346.134: Total time for which application threads were stopped: 0.0682400 seconds, Stopping threads took: 0.0675780 seconds
346.215: Application time: 0.0806740 seconds
346.254: [GC [PSYoungGen: 13073K->1085K(14336K)] 27569K->15589K(46080K), 0.0008830 secs] [Times: user=0.00 sys=0.00, real=0.00 secs] 
346.255: Total time for which application threads were stopped: 0.0396600 seconds, Stopping threads took: 0.0386790 seconds
346.340: Application time: 0.0859630 seconds
346.417: [GC [PSYoungGen: 13603K->742K(14336K)] 28107K->15255K(46080K), 0.0005590 secs] [Times: user=0.00 sys=0.00, real=0.00 secs] 
346.418: Total time for which application threads were stopped: 0.0771010 seconds, Stopping threads took: 0.0764490 seconds
346.501: Application time: 0.0832740 seconds
346.570: [GC [PSYoungGen: 13358K->1376K(14336K)] 27870K->16092K(46080K), 0.0007240 secs] [Times: user=0.00 sys=0.00, real=0.01 secs] 
346.571: Total time for which application threads were stopped: 0.0701660 seconds, Stopping threads took: 0.0693600 seconds
346.653: Application time: 0.0818640 seconds
346.717: [GC [PSYoungGen: 14089K->1392K(14336K)] 28805K->16116K(46080K), 0.0007340 secs] [Times: user=0.00 sys=0.00, real=0.00 secs] 
346.718: Total time for which application threads were stopped: 0.0648760 seconds, Stopping threads took: 0.0640690 seconds
346.800: Application time: 0.0824730 seconds
346.858: [GC [PSYoungGen: 14105K->1149K(14336K)] 28829K->15873K(46080K), 0.0006060 secs] [Times: user=0.00 sys=0.00, real=0.00 secs] 
346.859: Total time for which application threads were stopped: 0.0586520 seconds, Stopping threads took: 0.0579740 seconds
346.950: Application time: 0.0908670 seconds
347.020: [GC [PSYoungGen: 13666K->758K(14336K)] 28390K->15482K(46080K), 0.0005140 secs] [Times: user=0.00 sys=0.00, real=0.00 secs] 
347.020: Total time for which application threads were stopped: 0.0706240 seconds, Stopping threads took: 0.0700380 seconds
347.103: Application time: 0.0821650 seconds
347.156: [GC [PSYoungGen: 13511K->336K(14336K)] 28234K->15059K(46080K), 0.0005000 secs] [Times: user=0.01 sys=0.00, real=0.00 secs] 
347.157: Total time for which application threads were stopped: 0.0541110 seconds, Stopping threads took: 0.0535220 seconds
347.237: Application time: 0.0800170 seconds
347.276: [GC [PSYoungGen: 13049K->1360K(14336K)] 27772K->17069K(46080K), 0.0008960 secs] [Times: user=0.00 sys=0.00, real=0.00 secs] 
347.277: Total time for which application threads were stopped: 0.0407060 seconds, Stopping threads took: 0.0390220 seconds
347.362: Application time: 0.0842010 seconds
347.425: [GC [PSYoungGen: 14113K->1344K(14336K)] 29821K->17638K(46080K), 0.0008110 secs] [Times: user=0.00 sys=0.00, real=0.00 secs] 
347.425: Total time for which application threads were stopped: 0.0638070 seconds, Stopping threads took: 0.0629290 seconds
347.502: Application time: 0.0764520 seconds
347.562: [GC [PSYoungGen: 13960K->1474K(14336K)] 30254K->17963K(46080K), 0.0007560 secs] [Times: user=0.01 sys=0.01, real=0.00 secs] 
347.563: Total time for which application threads were stopped: 0.0610070 seconds, Stopping threads took: 0.0601760 seconds
347.640: Application time: 0.0767010 seconds
347.694: [GC [PSYoungGen: 14089K->1392K(14336K)] 30579K->17890K(46080K), 0.0006600 secs] [Times: user=0.00 sys=0.00, real=0.00 secs] 
347.695: Total time for which application threads were stopped: 0.0553760 seconds, Stopping threads took: 0.0546390 seconds
347.770: Application time: 0.0748660 seconds
347.803: [GC [PSYoungGen: 14086K->1524K(14336K)] 30583K->18623K(46080K), 0.0008730 secs] [Times: user=0.01 sys=0.00, real=0.00 secs] 
347.804: Total time for which application threads were stopped: 0.0338570 seconds, Stopping threads took: 0.0329000 seconds
347.882: Application time: 0.0781880 seconds
347.944: [GC [PSYoungGen: 14236K->1376K(14336K)] 31336K->19070K(46080K), 0.0010410 secs] [Times: user=0.01 sys=0.00, real=0.00 secs] 
347.945: Total time for which application threads were stopped: 0.0636170 seconds, Stopping threads took: 0.0625020 seconds
348.022: Application time: 0.0767880 seconds
348.090: [GC [PSYoungGen: 14070K->579K(14336K)] 31763K->18280K(46080K), 0.0007300 secs] [Times: user=0.00 sys=0.00, real=0.00 secs] 
348.091: Total time for which application threads were stopped: 0.0682320 seconds, Stopping threads took: 0.0674130 seconds
348.166: Application time: 0.0756970 seconds
348.199: [GC [PSYoungGen: 13194K->1408K(14336K)] 30896K->21258K(46080K), 0.0012020 secs] [Times: user=0.00 sys=0.00, real=0.00 secs] 
348.200: Total time for which application threads were stopped: 0.0340430 seconds, Stopping threads took: 0.0327500 seconds
348.278: Application time: 0.0781550 seconds
348.346: [GC [PSYoungGen: 14102K->1360K(14336K)] 33952K->22000K(46080K), 0.0008460 secs] [Times: user=0.00 sys=0.01, real=0.00 secs] 
348.347: Total time for which application threads were stopped: 0.0684410 seconds, Stopping threads took: 0.0675230 seconds
348.424: Application time: 0.0766480 seconds
348.485: [GC [PSYoungGen: 13975K->1458K(14336K)] 34615K->22488K(46080K), 0.0010380 secs] [Times: user=0.01 sys=0.00, real=0.00 secs] 
348.486: Total time for which application threads were stopped: 0.0622310 seconds, Stopping threads took: 0.0611180 seconds
348.576: Application time: 0.0900670 seconds
348.640: [GC [PSYoungGen: 14249K->531K(14336K)] 35279K->21561K(46080K), 0.0006400 secs] [Times: user=0.01 sys=0.00, real=0.00 secs] 
348.641: Total time for which application threads were stopped: 0.0649440 seconds, Stopping threads took: 0.0642370 seconds
348.719: Application time: 0.0777990 seconds
348.780: [GC [PSYoungGen: 13331K->272K(14336K)] 34361K->21302K(46080K), 0.0006960 secs] [Times: user=0.00 sys=0.00, real=0.00 secs] 
348.781: Total time for which application threads were stopped: 0.0620880 seconds, Stopping threads took: 0.0612990 seconds
348.854: Application time: 0.0736920 seconds
348.889: [GC [PSYoungGen: 13012K->1474K(14336K)] 34042K->24262K(46080K), 0.0012560 secs] [Times: user=0.01 sys=0.00, real=0.00 secs] 
348.890: Total time for which application threads were stopped: 0.0360160 seconds, Stopping threads took: 0.0346620 seconds
348.966: Application time: 0.0760850 seconds
349.033: [GC [PSYoungGen: 14187K->1360K(14336K)] 36975K->24734K(46080K), 0.0009490 secs] [Times: user=0.01 sys=0.00, real=0.00 secs] 
349.034: Total time for which application threads were stopped: 0.0678670 seconds, Stopping threads took: 0.0668240 seconds
349.112: Application time: 0.0777670 seconds
349.173: [GC [PSYoungGen: 14073K->1376K(14336K)] 37447K->25149K(46080K), 0.0009340 secs] [Times: user=0.00 sys=0.00, real=0.00 secs] 
349.174: Total time for which application threads were stopped: 0.0621640 seconds, Stopping threads took: 0.0611360 seconds
349.256: Application time: 0.0814550 seconds
349.316: [GC [PSYoungGen: 14070K->336K(14336K)] 37843K->24108K(46080K), 0.0004240 secs] [Times: user=0.00 sys=0.00, real=0.00 secs] 
349.317: Total time for which application threads were stopped: 0.0608520 seconds, Stopping threads took: 0.0603450 seconds
349.390: Application time: 0.0735380 seconds
349.425: [GC [PSYoungGen: 12951K->1474K(14336K)] 36724K->26036K(46080K), 0.0010110 secs] [Times: user=0.00 sys=0.00, real=0.00 secs] 
349.426: Total time for which application threads were stopped: 0.0357750 seconds, Stopping threads took: 0.0346860 seconds
349.507: Application time: 0.0811690 seconds
349.575: [GC [PSYoungGen: 14070K->742K(14336K)] 38632K->25304K(46080K), 0.0007420 secs] [Times: user=0.01 sys=0.00, real=0.00 secs] 
349.576: Total time for which application threads were stopped: 0.0684670 seconds, Stopping threads took: 0.0676520 seconds
349.653: Application time: 0.0773030 seconds
349.713: [GC [PSYoungGen: 13436K->1360K(14336K)] 37998K->26117K(46080K), 0.0007310 secs] [Times: user=0.01 sys=0.00, real=0.00 secs] 
349.714: Total time for which application threads were stopped: 0.0614090 seconds, Stopping threads took: 0.0606060 seconds
349.790: Application time: 0.0753730 seconds
349.852: [GC [PSYoungGen: 14073K->1328K(14336K)] 38830K->26093K(46080K), 0.0007640 secs] [Times: user=0.00 sys=0.00, real=0.00 secs] 
349.852: Total time for which application threads were stopped: 0.0628440 seconds, Stopping threads took: 0.0619740 seconds
349.932: Application time: 0.0791800 seconds
349.990: [GC [PSYoungGen: 14095K->1117K(14336K)] 38861K->25882K(46080K), 0.0009460 secs] [Times: user=0.00 sys=0.00, real=0.01 secs] 
349.991: Total time for which application threads were stopped: 0.0596320 seconds, Stopping threads took: 0.0585970 seconds
350.080: Application time: 0.0884470 seconds
350.146: [GC [PSYoungGen: 13737K->774K(14336K)] 38502K->25547K(46080K), 0.0004710 secs] [Times: user=0.00 sys=0.00, real=0.00 secs] 
350.147: Total time for which application threads were stopped: 0.0669100 seconds, Stopping threads took: 0.0663700 seconds
350.223: Application time: 0.0761540 seconds
350.281: [GC [PSYoungGen: 13565K->579K(14336K)] 38339K->25352K(46080K), 0.0004710 secs] [Times: user=0.00 sys=0.00, real=0.00 secs] 
350.281: Total time for which application threads were stopped: 0.0582540 seconds, Stopping threads took: 0.0577120 seconds
350.357: Application time: 0.0761620 seconds
350.418: [GC [PSYoungGen: 13370K->352K(14336K)] 38143K->25133K(46080K), 0.0004650 secs] [Times: user=0.00 sys=0.00, real=0.00 secs] 
350.419: Total time for which application threads were stopped: 0.0616790 seconds, Stopping threads took: 0.0611370 seconds
350.492: Application time: 0.0730120 seconds
350.494: [GC [PSYoungGen: 12967K->1490K(14336K)] 37748K->29201K(46080K), 0.0014820 secs] [Times: user=0.01 sys=0.00, real=0.00 secs] 
350.496: Total time for which application threads were stopped: 0.0036320 seconds, Stopping threads took: 0.0020670 seconds
350.576: Application time: 0.0804080 seconds
350.643: [GC [PSYoungGen: 14086K->742K(14336K)] 41797K->28461K(46080K), 0.0005540 secs] [Times: user=0.01 sys=0.00, real=0.00 secs] 
350.644: Total time for which application threads were stopped: 0.0676220 seconds, Stopping threads took: 0.0669890 seconds
350.721: Application time: 0.0772470 seconds
350.782: [GC [PSYoungGen: 13533K->547K(14336K)] 41253K->28274K(46080K), 0.0005030 secs] [Times: user=0.00 sys=0.00, real=0.00 secs] 
350.782: Total time for which application threads were stopped: 0.0612780 seconds, Stopping threads took: 0.0607050 seconds
350.858: Application time: 0.0759460 seconds
350.911: [GC [PSYoungGen: 13338K->320K(14336K)] 41065K->28055K(46080K), 0.0004260 secs] [Times: user=0.00 sys=0.00, real=0.01 secs] 
350.911: Total time for which application threads were stopped: 0.0529680 seconds, Stopping threads took: 0.0524690 seconds
350.985: Application time: 0.0735010 seconds
351.019: [GC [PSYoungGen: 13013K->1474K(14336K)] 40748K->29990K(46080K), 0.0011600 secs] [Times: user=0.00 sys=0.00, real=0.00 secs] 
351.021: Total time for which application threads were stopped: 0.0361300 seconds, Stopping threads took: 0.0348600 seconds
351.112: Application time: 0.0917020 seconds
351.170: [GC [PSYoungGen: 13992K->1442K(14336K)] 42508K->30349K(46080K), 0.0008410 secs] [Times: user=0.00 sys=0.00, real=0.01 secs] 
351.171: Total time for which application threads were stopped: 0.0588380 seconds, Stopping threads took: 0.0579230 seconds
351.250: Application time: 0.0789300 seconds
351.317: [GC [PSYoungGen: 14155K->611K(14336K)] 43062K->29534K(46080K), 0.0005440 secs] [Times: user=0.00 sys=0.00, real=0.00 secs] 
351.318: Total time for which application threads were stopped: 0.0679120 seconds, Stopping threads took: 0.0673000 seconds
351.393: Application time: 0.0753570 seconds
351.445: [GC [PSYoungGen: 13226K->1312K(14336K)] 42149K->30235K(46080K), 0.0006380 secs] [Times: user=0.00 sys=0.00, real=0.00 secs] 
351.446: Total time for which application threads were stopped: 0.0523660 seconds, Stopping threads took: 0.0516470 seconds
351.536: Application time: 0.0901550 seconds
351.598: [GC [PSYoungGen: 14025K->1149K(14336K)] 42948K->30080K(46080K), 0.0007180 secs] [Times: user=0.01 sys=0.00, real=0.01 secs] 
351.599: Total time for which application threads were stopped: 0.0630840 seconds, Stopping threads took: 0.0622610 seconds
351.676: Application time: 0.0772550 seconds
351.729: [GC [PSYoungGen: 13823K->742K(14336K)] 42754K->29681K(46080K), 0.0005790 secs] [Times: user=0.00 sys=0.00, real=0.00 secs] 
351.730: Total time for which application threads were stopped: 0.0534180 seconds, Stopping threads took: 0.0527650 seconds
351.812: Application time: 0.0823050 seconds
351.862: [GC [PSYoungGen: 13202K->1181K(14336K)] 42141K->30120K(46080K), 0.0006750 secs] [Times: user=0.00 sys=0.00, real=0.00 secs] 
351.862: Total time for which application threads were stopped: 0.0504390 seconds, Stopping threads took: 0.0496930 seconds
351.950: Application time: 0.0875280 seconds
352.019: [GC [PSYoungGen: 13699K->742K(14336K)] 42638K->29689K(46080K), 0.0005290 secs] [Times: user=0.00 sys=0.00, real=0.00 secs] 
352.020: Total time for which application threads were stopped: 0.0698550 seconds, Stopping threads took: 0.0692550 seconds
352.096: Application time: 0.0762270 seconds
352.157: [GC [PSYoungGen: 13455K->563K(14336K)] 42402K->29518K(46080K), 0.0005030 secs] [Times: user=0.01 sys=0.00, real=0.00 secs] 
352.158: Total time for which application threads were stopped: 0.0614180 seconds, Stopping threads took: 0.0608360 seconds
352.235: Application time: 0.0773810 seconds
352.287: [GC [PSYoungGen: 13276K->1474K(14336K)] 42231K->30437K(46080K), 0.0006920 secs] [Times: user=0.01 sys=0.00, real=0.00 secs] 
352.288: Total time for which application threads were stopped: 0.0526360 seconds, Stopping threads took: 0.0518740 seconds
352.362: Application time: 0.0747800 seconds
352.395: [GC-- [PSYoungGen: 14202K->14202K(14336K)] 43165K->45752K(46080K), 0.0014230 secs] [Times: user=0.01 sys=0.00, real=0.00 secs] 
352.396: [Full GC [PSYoungGen: 14202K->0K(14336K)] [ParOldGen: 31550K->5698K(31744K)] 45752K->5698K(46080K) [PSPermGen: 5151K->5151K(21504K)], 0.0047220 secs] [Times: user=0.02 sys=0.00, real=0.01 secs] 
352.401: Total time for which application threads were stopped: 0.0388530 seconds, Stopping threads took: 0.0325930 seconds
352.482: Application time: 0.0807970 seconds
352.549: [GC [PSYoungGen: 12639K->614K(14336K)] 18337K->6313K(46080K), 0.0004820 secs] [Times: user=0.00 sys=0.00, real=0.00 secs] 
352.550: Total time for which application threads were stopped: 0.0679170 seconds, Stopping threads took: 0.0673620 seconds
352.640: Application time: 0.0902340 seconds
352.698: [GC [PSYoungGen: 13327K->355K(14336K)] 19026K->6054K(46080K), 0.0003580 secs] [Times: user=0.01 sys=0.00, real=0.00 secs] 
352.699: Total time for which application threads were stopped: 0.0586610 seconds, Stopping threads took: 0.0582250 seconds
352.774: Application time: 0.0756890 seconds
352.832: [GC [PSYoungGen: 13068K->160K(14336K)] 18767K->5858K(46080K), 0.0003840 secs] [Times: user=0.00 sys=0.00, real=0.00 secs] 
352.833: Total time for which application threads were stopped: 0.0582310 seconds, Stopping threads took: 0.0577830 seconds
352.906: Application time: 0.0733110 seconds
352.940: [GC [PSYoungGen: 12775K->1428K(14336K)] 18473K->8884K(46080K), 0.0012320 secs] [Times: user=0.00 sys=0.00, real=0.00 secs] 
352.941: Total time for which application threads were stopped: 0.0351830 seconds, Stopping threads took: 0.0338780 seconds
353.017: Application time: 0.0759090 seconds
353.086: [GC [PSYoungGen: 14219K->809K(14336K)] 21675K->8266K(46080K), 0.0005720 secs] [Times: user=0.00 sys=0.00, real=0.00 secs] 
353.086: Total time for which application threads were stopped: 0.0692700 seconds, Stopping threads took: 0.0686260 seconds
353.174: Application time: 0.0871890 seconds
353.232: [GC [PSYoungGen: 13483K->1525K(14336K)] 20940K->8982K(46080K), 0.0008330 secs] [Times: user=0.01 sys=0.00, real=0.00 secs] 
353.233: Total time for which application threads were stopped: 0.0592110 seconds, Stopping threads took: 0.0582770 seconds
353.317: Application time: 0.0839830 seconds
353.383: [GC [PSYoungGen: 14297K->1264K(14336K)] 21753K->8721K(46080K), 0.0006170 secs] [Times: user=0.00 sys=0.00, real=0.00 secs] 
353.383: Total time for which application threads were stopped: 0.0666660 seconds, Stopping threads took: 0.0659760 seconds
353.470: Application time: 0.0864260 seconds
353.535: [GC [PSYoungGen: 13977K->1085K(14336K)] 21434K->8541K(46080K), 0.0006150 secs] [Times: user=0.00 sys=0.00, real=0.00 secs] 
353.536: Total time for which application threads were stopped: 0.0660000 seconds, Stopping threads took: 0.0652980 seconds
353.612: Application time: 0.0760210 seconds
353.680: [GC [PSYoungGen: 13798K->890K(14336K)] 21254K->8346K(46080K), 0.0005070 secs] [Times: user=0.00 sys=0.00, real=0.00 secs] 
353.681: Total time for which application threads were stopped: 0.0690730 seconds, Stopping threads took: 0.0684950 seconds
353.762: Application time: 0.0814160 seconds
353.812: [GC [PSYoungGen: 13309K->1459K(14336K)] 20766K->8916K(46080K), 0.0006720 secs] [Times: user=0.00 sys=0.00, real=0.00 secs] 
353.812: Total time for which application threads were stopped: 0.0499590 seconds, Stopping threads took: 0.0492030 seconds
353.889: Application time: 0.0767230 seconds
353.952: [GC [PSYoungGen: 14251K->1296K(14336K)] 21707K->8753K(46080K), 0.0007220 secs] [Times: user=0.01 sys=0.00, real=0.00 secs] 
353.952: Total time for which application threads were stopped: 0.0632800 seconds, Stopping threads took: 0.0624650 seconds
354.030: Application time: 0.0775150 seconds
354.078: [GC [PSYoungGen: 13970K->954K(14336K)] 21427K->8410K(46080K), 0.0004920 secs] [Times: user=0.00 sys=0.00, real=0.00 secs] 
354.078: Total time for which application threads were stopped: 0.0482940 seconds, Stopping threads took: 0.0477350 seconds
354.155: Application time: 0.0769900 seconds
354.204: [GC [PSYoungGen: 13667K->838K(14336K)] 21123K->8295K(46080K), 0.0005110 secs] [Times: user=0.00 sys=0.00, real=0.00 secs] 
354.205: Total time for which application threads were stopped: 0.0496530 seconds, Stopping threads took: 0.0490760 seconds
354.282: Application time: 0.0772440 seconds
354.341: [GC [PSYoungGen: 13629K->547K(14336K)] 21086K->8004K(46080K), 0.0004770 secs] [Times: user=0.00 sys=0.00, real=0.00 secs] 
354.342: Total time for which application threads were stopped: 0.0597760 seconds, Stopping threads took: 0.0592270 seconds
354.418: Application time: 0.0760120 seconds
354.474: [GC [PSYoungGen: 13260K->352K(14336K)] 20716K->7808K(46080K), 0.0004210 secs] [Times: user=0.00 sys=0.00, real=0.00 secs] 
354.475: Total time for which application threads were stopped: 0.0568950 seconds, Stopping threads took: 0.0564050 seconds
354.548: Application time: 0.0734900 seconds
354.583: [GC [PSYoungGen: 13123K->1392K(14336K)] 20580K->10818K(46080K), 0.0011230 secs] [Times: user=0.00 sys=0.00, real=0.00 secs] 
354.584: Total time for which application threads were stopped: 0.0357480 seconds, Stopping threads took: 0.0345490 seconds
354.662: Application time: 0.0776570 seconds
354.729: [GC [PSYoungGen: 14018K->1344K(14336K)] 23443K->11356K(46080K), 0.0008600 secs] [Times: user=0.01 sys=0.00, real=0.00 secs] 
354.730: Total time for which application threads were stopped: 0.0683780 seconds, Stopping threads took: 0.0674410 seconds
354.813: Application time: 0.0833250 seconds
354.882: [GC [PSYoungGen: 14030K->579K(14336K)] 24041K->10591K(46080K), 0.0005210 secs] [Times: user=0.00 sys=0.00, real=0.00 secs] 
354.883: Total time for which application threads were stopped: 0.0692050 seconds, Stopping threads took: 0.0685880 seconds
354.959: Application time: 0.0759890 seconds
355.019: [GC [PSYoungGen: 13292K->304K(14336K)] 23304K->10315K(46080K), 0.0004060 secs] [Times: user=0.00 sys=0.00, real=0.01 secs] 
355.019: Total time for which application threads were stopped: 0.0605010 seconds, Stopping threads took: 0.0600270 seconds
355.093: Application time: 0.0738840 seconds
355.127: [GC [PSYoungGen: 12997K->1117K(14336K)] 23009K->11137K(46080K), 0.0006160 secs] [Times: user=0.00 sys=0.00, real=0.00 secs] 
355.128: Total time for which application threads were stopped: 0.0349230 seconds, Stopping threads took: 0.0342320 seconds
355.207: Application time: 0.0788640 seconds
355.265: [GC [PSYoungGen: 13713K->742K(14336K)] 23733K->10778K(46080K), 0.0008100 secs] [Times: user=0.00 sys=0.00, real=0.00 secs] 
355.266: Total time for which application threads were stopped: 0.0594420 seconds, Stopping threads took: 0.0585530 seconds
355.345: Application time: 0.0783150 seconds
355.381: [GC [PSYoungGen: 13436K->1474K(14336K)] 23472K->12706K(46080K), 0.0009700 secs] [Times: user=0.01 sys=0.00, real=0.00 secs] 
355.382: Total time for which application threads were stopped: 0.0371820 seconds, Stopping threads took: 0.0361270 seconds
355.457: Application time: 0.0756960 seconds
355.521: [GC [PSYoungGen: 14187K->1376K(14336K)] 25419K->12608K(46080K), 0.0006880 secs] [Times: user=0.00 sys=0.00, real=0.00 secs] 
355.522: Total time for which application threads were stopped: 0.0641100 seconds, Stopping threads took: 0.0633390 seconds
355.599: Application time: 0.0774040 seconds
355.650: [GC [PSYoungGen: 14167K->1117K(14336K)] 25399K->12349K(46080K), 0.0006200 secs] [Times: user=0.01 sys=0.00, real=0.00 secs] 
355.651: Total time for which application threads were stopped: 0.0519040 seconds, Stopping threads took: 0.0512030 seconds
355.727: Application time: 0.0765090 seconds
355.785: [GC [PSYoungGen: 13713K->742K(14336K)] 24945K->11974K(46080K), 0.0006140 secs] [Times: user=0.00 sys=0.00, real=0.00 secs] 
355.785: Total time for which application threads were stopped: 0.0580880 seconds, Stopping threads took: 0.0573810 seconds
355.862: Application time: 0.0762520 seconds
355.910: [GC [PSYoungGen: 13455K->515K(14336K)] 24687K->11763K(46080K), 0.0005510 secs] [Times: user=0.00 sys=0.00, real=0.00 secs] 
355.911: Total time for which application threads were stopped: 0.0492410 seconds, Stopping threads took: 0.0485940 seconds
355.986: Application time: 0.0751680 seconds
356.046: [GC [PSYoungGen: 13306K->336K(14336K)] 24554K->11599K(46080K), 0.0004030 secs] [Times: user=0.01 sys=0.00, real=0.00 secs] 
356.047: Total time for which application threads were stopped: 0.0607510 seconds, Stopping threads took: 0.0602670 seconds
356.121: Application time: 0.0738230 seconds
356.155: [GC [PSYoungGen: 13029K->1442K(14336K)] 24293K->13487K(46080K), 0.0008710 secs] [Times: user=0.00 sys=0.00, real=0.00 secs] 
356.156: Total time for which application threads were stopped: 0.0349930 seconds, Stopping threads took: 0.0340490 seconds
356.234: Application time: 0.0786910 seconds
356.296: [GC [PSYoungGen: 13960K->726K(14336K)] 26005K->12779K(46080K), 0.0005750 secs] [Times: user=0.00 sys=0.00, real=0.00 secs] 
356.296: Total time for which application threads were stopped: 0.0618280 seconds, Stopping threads took: 0.0611650 seconds
356.373: Application time: 0.0768060 seconds
356.432: [GC [PSYoungGen: 13400K->320K(14336K)] 25454K->12373K(46080K), 0.0004980 secs] [Times: user=0.00 sys=0.00, real=0.00 secs] 
356.432: Total time for which application threads were stopped: 0.0593410 seconds, Stopping threads took: 0.0587530 seconds
356.506: Application time: 0.0741110 seconds
356.557: [GC [PSYoungGen: 13013K->1149K(14336K)] 25066K->13210K(46080K), 0.0006210 secs] [Times: user=0.00 sys=0.00, real=0.00 secs] 
356.558: Total time for which application threads were stopped: 0.0516610 seconds, Stopping threads took: 0.0509660 seconds
356.635: Application time: 0.0771860 seconds
356.695: [GC [PSYoungGen: 13745K->758K(14336K)] 25806K->12819K(46080K), 0.0004990 secs] [Times: user=0.00 sys=0.00, real=0.00 secs] 
356.695: Total time for which application threads were stopped: 0.0597920 seconds, Stopping threads took: 0.0592260 seconds
356.778: Application time: 0.0830320 seconds
356.833: [GC [PSYoungGen: 13471K->1376K(14336K)] 25532K->14813K(46080K), 0.0010300 secs] [Times: user=0.01 sys=0.00, real=0.00 secs] 
356.834: Total time for which application threads were stopped: 0.0557240 seconds, Stopping threads took: 0.0546080 seconds
356.915: Application time: 0.0809960 seconds
356.984: [GC [PSYoungGen: 14167K->1410K(14336K)] 27604K->14846K(46080K), 0.0007030 secs] [Times: user=0.00 sys=0.00, real=0.00 secs] 
356.985: Total time for which application threads were stopped: 0.0697510 seconds, Stopping threads took: 0.0689740 seconds
357.062: Application time: 0.0772970 seconds
357.125: [GC [PSYoungGen: 14104K->1133K(14336K)] 27540K->14577K(46080K), 0.0007290 secs] [Times: user=0.00 sys=0.00, real=0.00 secs] 
357.125: Total time for which application threads were stopped: 0.0634200 seconds, Stopping threads took: 0.0626110 seconds
357.215: Application time: 0.0893390 seconds
357.267: [GC [PSYoungGen: 13651K->758K(14336K)] 27095K->14211K(46080K), 0.0004900 secs] [Times: user=0.00 sys=0.00, real=0.00 secs] 
357.268: Total time for which application threads were stopped: 0.0531470 seconds, Stopping threads took: 0.0525880 seconds
357.343: Application time: 0.0753010 seconds
357.406: [GC [PSYoungGen: 13471K->579K(14336K)] 26924K->14047K(46080K), 0.0004750 secs] [Times: user=0.00 sys=0.00, real=0.00 secs] 
357.407: Total time for which application threads were stopped: 0.0640500 seconds, Stopping threads took: 0.0624310 seconds
357.483: Application time: 0.0755030 seconds
357.546: [GC [PSYoungGen: 13370K->320K(14336K)] 26838K->13788K(46080K), 0.0005970 secs] [Times: user=0.00 sys=0.00, real=0.00 secs] 
357.546: Total time for which application threads were stopped: 0.0636800 seconds, Stopping threads took: 0.0629940 seconds
357.620: Application time: 0.0737890 seconds
357.654: [GC [PSYoungGen: 13013K->1149K(14336K)] 26481K->14625K(46080K), 0.0006420 secs] [Times: user=0.00 sys=0.00, real=0.00 secs] 
357.654: Total time for which application threads were stopped: 0.0343130 seconds, Stopping threads took: 0.0335960 seconds
357.744: Application time: 0.0893690 seconds
357.802: [GC [PSYoungGen: 13667K->774K(14336K)] 27143K->14259K(46080K), 0.0004880 secs] [Times: user=0.00 sys=0.00, real=0.00 secs] 
357.803: Total time for which application threads were stopped: 0.0590480 seconds, Stopping threads took: 0.0584820 seconds
357.879: Application time: 0.0757570 seconds
357.938: [GC [PSYoungGen: 13468K->1360K(14336K)] 26952K->15040K(46080K), 0.0007520 secs] [Times: user=0.00 sys=0.00, real=0.00 secs] 
357.938: Total time for which application threads were stopped: 0.0596470 seconds, Stopping threads took: 0.0588190 seconds
358.017: Application time: 0.0789850 seconds
358.066: [GC [PSYoungGen: 14151K->1360K(14336K)] 27831K->15048K(46080K), 0.0006350 secs] [Times: user=0.00 sys=0.00, real=0.00 secs] 
358.067: Total time for which application threads were stopped: 0.0497230 seconds, Stopping threads took: 0.0490190 seconds
358.142: Application time: 0.0749620 seconds
358.176: [GC [PSYoungGen: 14034K->1527K(14336K)] 27722K->16786K(46080K), 0.0012090 secs] [Times: user=0.01 sys=0.00, real=0.00 secs] 
358.177: Total time for which application threads were stopped: 0.0349680 seconds, Stopping threads took: 0.0336550 seconds
358.253: Application time: 0.0764800 seconds
358.322: [GC [PSYoungGen: 14240K->646K(14336K)] 29499K->15905K(46080K), 0.0006190 secs] [Times: user=0.00 sys=0.00, real=0.00 secs] 
358.323: Total time for which application threads were stopped: 0.0692920 seconds, Stopping threads took: 0.0685810 seconds
358.399: Application time: 0.0767390 seconds
358.461: [GC [PSYoungGen: 13359K->451K(14336K)] 28618K->15710K(46080K), 0.0004280 secs] [Times: user=0.01 sys=0.00, real=0.00 secs] 
358.461: Total time for which application threads were stopped: 0.0614970 seconds, Stopping threads took: 0.0609800 seconds
358.538: Application time: 0.0768230 seconds
358.592: [GC [PSYoungGen: 13242K->224K(14336K)] 28501K->15483K(46080K), 0.0006110 secs] [Times: user=0.00 sys=0.00, real=0.00 secs] 
358.593: Total time for which application threads were stopped: 0.0551430 seconds, Stopping threads took: 0.0544500 seconds
358.667: Application time: 0.0737280 seconds
358.702: [GC [PSYoungGen: 12917K->1037K(14336K)] 28176K->16296K(46080K), 0.0007140 secs] [Times: user=0.00 sys=0.00, real=0.00 secs] 
358.702: Total time for which application threads were stopped: 0.0357510 seconds, Stopping threads took: 0.0349440 seconds
358.779: Application time: 0.0768930 seconds
358.837: [GC [PSYoungGen: 13555K->630K(14336K)] 28814K->15889K(46080K), 0.0007920 secs] [Times: user=0.00 sys=0.00, real=0.00 secs] 
358.837: Total time for which application threads were stopped: 0.0581310 seconds, Stopping threads took: 0.0572480 seconds
358.916: Application time: 0.0781010 seconds
358.978: [GC [PSYoungGen: 13305K->256K(14336K)] 28564K->15523K(46080K), 0.0005240 secs] [Times: user=0.00 sys=0.00, real=0.00 secs] 
358.978: Total time for which application threads were stopped: 0.0628800 seconds, Stopping threads took: 0.0622660 seconds
359.052: Application time: 0.0736510 seconds
359.087: [GC [PSYoungGen: 12871K->1362K(14336K)] 28138K->17418K(46080K), 0.0008610 secs] [Times: user=0.00 sys=0.00, real=0.00 secs] 
359.088: Total time for which application threads were stopped: 0.0358630 seconds, Stopping threads took: 0.0349250 seconds
359.164: Application time: 0.0760650 seconds
359.233: [GC [PSYoungGen: 13880K->646K(14336K)] 29936K->16703K(46080K), 0.0006340 secs] [Times: user=0.01 sys=0.00, real=0.00 secs] 
359.233: Total time for which application threads were stopped: 0.0691920 seconds, Stopping threads took: 0.0684750 seconds
359.310: Application time: 0.0765610 seconds
359.345: [GC [PSYoungGen: 13340K->1442K(14336K)] 29396K->18670K(46080K), 0.0010000 secs] [Times: user=0.01 sys=0.00, real=0.00 secs] 
359.346: Total time for which application threads were stopped: 0.0363910 seconds, Stopping threads took: 0.0353140 seconds
359.422: Application time: 0.0754470 seconds
359.485: [GC [PSYoungGen: 13959K->1085K(14336K)] 31188K->18321K(46080K), 0.0005620 secs] [Times: user=0.00 sys=0.00, real=0.00 secs] 
359.486: Total time for which application threads were stopped: 0.0638600 seconds, Stopping threads took: 0.0632300 seconds
359.575: Application time: 0.0892280 seconds
359.639: [GC [PSYoungGen: 13837K->790K(14336K)] 31074K->18035K(46080K), 0.0006990 secs] [Times: user=0.00 sys=0.00, real=0.01 secs] 
359.640: Total time for which application threads were stopped: 0.0648990 seconds, Stopping threads took: 0.0641320 seconds
359.718: Application time: 0.0784580 seconds
359.751: [GC [PSYoungGen: 13581K->1376K(14336K)] 30826K->19988K(46080K), 0.0009660 secs] [Times: user=0.00 sys=0.01, real=0.01 secs] 
359.752: Total time for which application threads were stopped: 0.0338460 seconds, Stopping threads took: 0.0328000 seconds
359.828: Application time: 0.0764950 seconds
359.893: [GC [PSYoungGen: 14089K->1442K(14336K)] 32701K->20062K(46080K), 0.0006580 secs] [Times: user=0.00 sys=0.00, real=0.00 secs] 
359.893: Total time for which application threads were stopped: 0.0647800 seconds, Stopping threads took: 0.0640470 seconds
359.970: Application time: 0.0770520 seconds
360.020: [GC [PSYoungGen: 14057K->1165K(14336K)] 32677K->19785K(46080K), 0.0005860 secs] [Times: user=0.00 sys=0.00, real=0.00 secs] 
360.021: Total time for which application threads were stopped: 0.0506130 seconds, Stopping threads took: 0.0499550 seconds
360.098: Application time: 0.0775520 seconds
360.158: [GC [PSYoungGen: 13683K->742K(14336K)] 32302K->19378K(46080K), 0.0004700 secs] [Times: user=0.00 sys=0.00, real=0.00 secs] 
360.158: Total time for which application threads were stopped: 0.0599310 seconds, Stopping threads took: 0.0593890 seconds
360.236: Application time: 0.0775680 seconds
360.300: [GC [PSYoungGen: 13495K->288K(14336K)] 32131K->18923K(46080K), 0.0004230 secs] [Times: user=0.00 sys=0.00, real=0.00 secs] 
360.300: Total time for which application threads were stopped: 0.0641320 seconds, Stopping threads took: 0.0636320 seconds
360.373: Application time: 0.0732340 seconds
360.408: [GC [PSYoungGen: 12903K->1165K(14336K)] 31539K->19801K(46080K), 0.0007170 secs] [Times: user=0.01 sys=0.00, real=0.00 secs] 
360.409: Total time for which application threads were stopped: 0.0354430 seconds, Stopping threads took: 0.0346440 seconds
360.491: Application time: 0.0823500 seconds
360.556: [GC [PSYoungGen: 13683K->774K(14336K)] 32318K->19426K(46080K), 0.0008110 secs] [Times: user=0.00 sys=0.00, real=0.00 secs] 
360.557: Total time for which application threads were stopped: 0.0655160 seconds, Stopping threads took: 0.0646230 seconds
360.635: Application time: 0.0784030 seconds
360.698: [GC [PSYoungGen: 13487K->531K(14336K)] 32139K->19199K(46080K), 0.0007590 secs] [Times: user=0.00 sys=0.00, real=0.00 secs] 
360.698: Total time for which application threads were stopped: 0.0632750 seconds, Stopping threads took: 0.0624210 seconds
360.774: Application time: 0.0755840 seconds
360.837: [GC [PSYoungGen: 13244K->336K(14336K)] 31912K->19003K(46080K), 0.0005050 secs] [Times: user=0.00 sys=0.00, real=0.00 secs] 
360.837: Total time for which application threads were stopped: 0.0632390 seconds, Stopping threads took: 0.0626560 seconds
360.911: Application time: 0.0739090 seconds
360.946: [GC [PSYoungGen: 13029K->1165K(14336K)] 31697K->19849K(46080K), 0.0007310 secs] [Times: user=0.00 sys=0.00, real=0.00 secs] 
360.947: Total time for which application threads were stopped: 0.0356890 seconds, Stopping threads took: 0.0348630 seconds
361.023: Application time: 0.0760620 seconds
361.064: [GC [PSYoungGen: 13859K->1360K(14336K)] 32542K->20630K(46080K), 0.0008850 secs] [Times: user=0.01 sys=0.00, real=0.00 secs] 
361.065: Total time for which application threads were stopped: 0.0419240 seconds, Stopping threads took: 0.0409640 seconds
361.157: Application time: 0.0926080 seconds
361.224: [GC [PSYoungGen: 14132K->579K(14336K)] 33402K->19849K(46080K), 0.0004520 secs] [Times: user=0.00 sys=0.00, real=0.00 secs] 
361.225: Total time for which application threads were stopped: 0.0671750 seconds, Stopping threads took: 0.0666480 seconds
361.301: Application time: 0.0766420 seconds
361.362: [GC [PSYoungGen: 13370K->1458K(14336K)] 32640K->20744K(46080K), 0.0007400 secs] [Times: user=0.00 sys=0.00, real=0.00 secs] 
361.363: Total time for which application threads were stopped: 0.0614870 seconds, Stopping threads took: 0.0606660 seconds
361.439: Application time: 0.0759800 seconds
361.491: [GC [PSYoungGen: 14201K->1101K(14336K)] 33487K->20387K(46080K), 0.0005550 secs] [Times: user=0.01 sys=0.00, real=0.01 secs] 
361.491: Total time for which application threads were stopped: 0.0525140 seconds, Stopping threads took: 0.0518930 seconds
361.570: Application time: 0.0784110 seconds
361.640: [GC [PSYoungGen: 13647K->742K(14336K)] 32932K->20044K(46080K), 0.0005520 secs] [Times: user=0.01 sys=0.00, real=0.00 secs] 
361.640: Total time for which application threads were stopped: 0.0705020 seconds, Stopping threads took: 0.0698770 seconds
361.717: Application time: 0.0771440 seconds
361.752: [GC [PSYoungGen: 13436K->1376K(14336K)] 32738K->20881K(46080K), 0.0006950 secs] [Times: user=0.00 sys=0.00, real=0.00 secs] 
361.753: Total time for which application threads were stopped: 0.0358700 seconds, Stopping threads took: 0.0351040 seconds
361.830: Application time: 0.0765670 seconds
361.893: [GC [PSYoungGen: 14089K->1344K(14336K)] 33594K->20849K(46080K), 0.0005920 secs] [Times: user=0.00 sys=0.00, real=0.00 secs] 
361.894: Total time for which application threads were stopped: 0.0638510 seconds, Stopping threads took: 0.0631820 seconds
361.971: Application time: 0.0772900 seconds
362.022: [GC [PSYoungGen: 14057K->1181K(14336K)] 33562K->20686K(46080K), 0.0006490 secs] [Times: user=0.00 sys=0.00, real=0.00 secs] 
362.023: Total time for which application threads were stopped: 0.0522600 seconds, Stopping threads took: 0.0515240 seconds
362.112: Application time: 0.0886820 seconds
362.177: [GC [PSYoungGen: 13698K->758K(14336K)] 33203K->20263K(46080K), 0.0005740 secs] [Times: user=0.00 sys=0.00, real=0.00 secs] 
362.178: Total time for which application threads were stopped: 0.0662690 seconds, Stopping threads took: 0.0656250 seconds
362.254: Application time: 0.0764550 seconds
362.301: [GC [PSYoungGen: 13452K->1408K(14336K)] 32957K->21117K(46080K), 0.0006960 secs] [Times: user=0.00 sys=0.00, real=0.00 secs] 
362.302: Total time for which application threads were stopped: 0.0473300 seconds, Stopping threads took: 0.0465590 seconds
362.379: Application time: 0.0767330 seconds
362.441: [GC [PSYoungGen: 14121K->1328K(14336K)] 33830K->21037K(46080K), 0.0007300 secs] [Times: user=0.00 sys=0.00, real=0.00 secs] 
362.443: Total time for which application threads were stopped: 0.0640150 seconds, Stopping threads took: 0.0624300 seconds
362.520: Application time: 0.0773540 seconds
362.569: [GC [PSYoungGen: 14002K->954K(14336K)] 33711K->20662K(46080K), 0.0007740 secs] [Times: user=0.00 sys=0.00, real=0.00 secs] 
362.570: Total time for which application threads were stopped: 0.0495760 seconds, Stopping threads took: 0.0487220 seconds
362.646: Application time: 0.0762170 seconds
362.706: [GC [PSYoungGen: 13667K->758K(14336K)] 33375K->20467K(46080K), 0.0005670 secs] [Times: user=0.00 sys=0.00, real=0.00 secs] 
362.707: Total time for which application threads were stopped: 0.0612710 seconds, Stopping threads took: 0.0606340 seconds
362.783: Application time: 0.0760220 seconds
362.837: [GC [PSYoungGen: 13433K->304K(14336K)] 33141K->20012K(46080K), 0.0004450 secs] [Times: user=0.00 sys=0.00, real=0.00 secs] 
362.837: Total time for which application threads were stopped: 0.0542590 seconds, Stopping threads took: 0.0537510 seconds
362.911: Application time: 0.0734890 seconds
362.946: [GC [PSYoungGen: 12919K->1133K(14336K)] 32627K->20849K(46080K), 0.0005730 secs] [Times: user=0.00 sys=0.00, real=0.00 secs] 
362.946: Total time for which application threads were stopped: 0.0353690 seconds, Stopping threads took: 0.0347140 seconds
363.025: Application time: 0.0788410 seconds
363.084: [GC [PSYoungGen: 13807K->790K(14336K)] 33523K->20514K(46080K), 0.0005410 secs] [Times: user=0.01 sys=0.00, real=0.00 secs] 
363.085: Total time for which application threads were stopped: 0.0600090 seconds, Stopping threads took: 0.0593980 seconds
363.173: Application time: 0.0875090 seconds
363.240: [GC [PSYoungGen: 13581K->563K(14336K)] 33306K->20295K(46080K), 0.0004570 secs] [Times: user=0.00 sys=0.01, real=0.00 secs] 
363.240: Total time for which application threads were stopped: 0.0678170 seconds, Stopping threads took: 0.0672950 seconds
363.317: Application time: 0.0768380 seconds
363.378: [GC [PSYoungGen: 13276K->352K(14336K)] 33008K->20092K(46080K), 0.0004230 secs] [Times: user=0.01 sys=0.00, real=0.00 secs] 
363.378: Total time for which application threads were stopped: 0.0610000 seconds, Stopping threads took: 0.0605100 seconds
363.452: Application time: 0.0738970 seconds
363.487: [GC [PSYoungGen: 13045K->1181K(14336K)] 32786K->20929K(46080K), 0.0007020 secs] [Times: user=0.01 sys=0.00, real=0.00 secs] 
363.488: Total time for which application threads were stopped: 0.0355110 seconds, Stopping threads took: 0.0347210 seconds
363.564: Application time: 0.0769010 seconds
363.624: [GC [PSYoungGen: 13699K->742K(14336K)] 33447K->20491K(46080K), 0.0007980 secs] [Times: user=0.00 sys=0.00, real=0.00 secs] 
363.625: Total time for which application threads were stopped: 0.0604680 seconds, Stopping threads took: 0.0595760 seconds
363.708: Application time: 0.0825390 seconds
363.741: [GC [PSYoungGen: 13358K->1490K(14336K)] 33106K->22418K(46080K), 0.0010370 secs] [Times: user=0.01 sys=0.00, real=0.00 secs] 
363.743: Total time for which application threads were stopped: 0.0350470 seconds, Stopping threads took: 0.0339220 seconds
363.821: Application time: 0.0783700 seconds
363.889: [GC [PSYoungGen: 14281K->1344K(14336K)] 35209K->22272K(46080K), 0.0010270 secs] [Times: user=0.00 sys=0.00, real=0.00 secs] 
363.890: Total time for which application threads were stopped: 0.0689690 seconds, Stopping threads took: 0.0678500 seconds
363.969: Application time: 0.0792520 seconds
364.030: [GC [PSYoungGen: 14057K->1197K(14336K)] 34986K->22125K(46080K), 0.0007950 secs] [Times: user=0.00 sys=0.00, real=0.00 secs] 
364.030: Total time for which application threads were stopped: 0.0613070 seconds, Stopping threads took: 0.0604080 seconds
364.109: Application time: 0.0788380 seconds
364.156: [GC [PSYoungGen: 13969K->1360K(14336K)] 34897K->22874K(46080K), 0.0008270 secs] [Times: user=0.00 sys=0.00, real=0.00 secs] 
364.157: Total time for which application threads were stopped: 0.0478520 seconds, Stopping threads took: 0.0469470 seconds
364.234: Application time: 0.0771650 seconds
364.303: [GC [PSYoungGen: 14054K->531K(14336K)] 35568K->22053K(46080K), 0.0005270 secs] [Times: user=0.00 sys=0.00, real=0.00 secs] 
364.303: Total time for which application threads were stopped: 0.0688690 seconds, Stopping threads took: 0.0682670 seconds
364.378: Application time: 0.0745630 seconds
364.441: [GC [PSYoungGen: 13146K->1376K(14336K)] 34669K->22898K(46080K), 0.0007010 secs] [Times: user=0.00 sys=0.00, real=0.00 secs] 
364.442: Total time for which application threads were stopped: 0.0638710 seconds, Stopping threads took: 0.0630990 seconds
364.518: Application time: 0.0758700 seconds
364.580: [GC [PSYoungGen: 14176K->1085K(14336K)] 35698K->22615K(46080K), 0.0005920 secs] [Times: user=0.00 sys=0.00, real=0.00 secs] 
364.581: Total time for which application threads were stopped: 0.0630500 seconds, Stopping threads took: 0.0623810 seconds
364.659: Application time: 0.0782550 seconds
364.709: [GC [PSYoungGen: 13866K->1002K(14336K)] 35396K->22532K(46080K), 0.0005670 secs] [Times: user=0.00 sys=0.00, real=0.00 secs] 
364.709: Total time for which application threads were stopped: 0.0503220 seconds, Stopping threads took: 0.0496880 seconds
364.785: Application time: 0.0762140 seconds
364.846: [GC [PSYoungGen: 13714K->758K(14336K)] 35245K->22296K(46080K), 0.0005040 secs] [Times: user=0.01 sys=0.00, real=0.00 secs] 
364.846: Total time for which application threads were stopped: 0.0607000 seconds, Stopping threads took: 0.0601280 seconds
364.934: Application time: 0.0880270 seconds
365.002: [GC [PSYoungGen: 13432K->352K(14336K)] 34971K->21890K(46080K), 0.0004700 secs] [Times: user=0.00 sys=0.00, real=0.00 secs] 
365.003: Total time for which application threads were stopped: 0.0687060 seconds, Stopping threads took: 0.0681640 seconds
365.076: Application time: 0.0736820 seconds
365.111: [GC [PSYoungGen: 12967K->1442K(14336K)] 34505K->23769K(46080K), 0.0009820 secs] [Times: user=0.00 sys=0.00, real=0.00 secs] 
365.112: Total time for which application threads were stopped: 0.0358320 seconds, Stopping threads took: 0.0347660 seconds
365.198: Application time: 0.0856480 seconds
365.265: [GC [PSYoungGen: 13960K->1474K(14336K)] 36287K->24200K(46080K), 0.0008030 secs] [Times: user=0.01 sys=0.00, real=0.00 secs] 
365.266: Total time for which application threads were stopped: 0.0682970 seconds, Stopping threads took: 0.0673990 seconds
365.357: Application time: 0.0909950 seconds
365.420: [GC [PSYoungGen: 14148K->352K(14336K)] 36874K->23078K(46080K), 0.0005440 secs] [Times: user=0.00 sys=0.00, real=0.00 secs] 
365.421: Total time for which application threads were stopped: 0.0632920 seconds, Stopping threads took: 0.0626580 seconds
365.495: Application time: 0.0739950 seconds
365.528: [GC [PSYoungGen: 12967K->1149K(14336K)] 35693K->23883K(46080K), 0.0006430 secs] [Times: user=0.00 sys=0.00, real=0.00 secs] 
365.529: Total time for which application threads were stopped: 0.0345310 seconds, Stopping threads took: 0.0338160 seconds
365.626: Application time: 0.0965440 seconds
365.686: [GC [PSYoungGen: 13823K->726K(14336K)] 36557K->23460K(46080K), 0.0005540 secs] [Times: user=0.00 sys=0.00, real=0.00 secs] 
365.686: Total time for which application threads were stopped: 0.0605090 seconds, Stopping threads took: 0.0598800 seconds
365.762: Application time: 0.0755270 seconds
365.824: [GC [PSYoungGen: 13439K->563K(14336K)] 36174K->23297K(46080K), 0.0005270 secs] [Times: user=0.00 sys=0.00, real=0.00 secs] 
365.825: Total time for which application threads were stopped: 0.0632200 seconds, Stopping threads took: 0.0626190 seconds
365.900: Application time: 0.0750000 seconds
365.935: [GC [PSYoungGen: 13178K->1474K(14336K)] 35912K->25193K(46080K), 0.0010600 secs] [Times: user=0.01 sys=0.00, real=0.00 secs] 
365.936: Total time for which application threads were stopped: 0.0358420 seconds, Stopping threads took: 0.0347070 seconds
366.024: Application time: 0.0879280 seconds
366.089: [GC [PSYoungGen: 14187K->1117K(14336K)] 37906K->24836K(46080K), 0.0007480 secs] [Times: user=0.00 sys=0.00, real=0.00 secs] 
366.090: Total time for which application threads were stopped: 0.0665930 seconds, Stopping threads took: 0.0657510 seconds
366.167: Application time: 0.0763510 seconds
366.218: [GC [PSYoungGen: 13791K->774K(14336K)] 37510K->24501K(46080K), 0.0006470 secs] [Times: user=0.00 sys=0.00, real=0.00 secs] 
366.219: Total time for which application threads were stopped: 0.0522850 seconds, Stopping threads took: 0.0515570 seconds
366.295: Application time: 0.0763770 seconds
366.349: [GC [PSYoungGen: 13448K->320K(14336K)] 37175K->24054K(46080K), 0.0004780 secs] [Times: user=0.00 sys=0.00, real=0.00 secs] 
366.350: Total time for which application threads were stopped: 0.0543010 seconds, Stopping threads took: 0.0537570 seconds
366.423: Application time: 0.0734750 seconds
366.457: [GC [PSYoungGen: 13013K->1474K(14336K)] 36748K->25990K(46080K), 0.0008710 secs] [Times: user=0.01 sys=0.00, real=0.00 secs] 
366.458: Total time for which application threads were stopped: 0.0351570 seconds, Stopping threads took: 0.0342090 seconds
366.534: Application time: 0.0761920 seconds
366.602: [GC [PSYoungGen: 13992K->694K(14336K)] 38508K->25218K(46080K), 0.0007620 secs] [Times: user=0.00 sys=0.00, real=0.00 secs] 
366.603: Total time for which application threads were stopped: 0.0682560 seconds, Stopping threads took: 0.0673990 seconds
366.683: Application time: 0.0802190 seconds
366.745: [GC [PSYoungGen: 13407K->515K(14336K)] 37931K->25055K(46080K), 0.0006040 secs] [Times: user=0.00 sys=0.00, real=0.00 secs] 
366.746: Total time for which application threads were stopped: 0.0626100 seconds, Stopping threads took: 0.0619050 seconds
366.821: Application time: 0.0754480 seconds
366.870: [GC [PSYoungGen: 13228K->352K(14336K)] 37768K->24892K(46080K), 0.0004460 secs] [Times: user=0.00 sys=0.00, real=0.00 secs] 
366.871: Total time for which application threads were stopped: 0.0499170 seconds, Stopping threads took: 0.0494010 seconds
366.945: Application time: 0.0736930 seconds
366.979: [GC [PSYoungGen: 13045K->1149K(14336K)] 37585K->25697K(46080K), 0.0006270 secs] [Times: user=0.01 sys=0.00, real=0.01 secs] 
366.979: Total time for which application threads were stopped: 0.0348690 seconds, Stopping threads took: 0.0341700 seconds
367.062: Application time: 0.0824440 seconds
367.127: [GC [PSYoungGen: 13745K->758K(14336K)] 38293K->25306K(46080K), 0.0005240 secs] [Times: user=0.01 sys=0.00, real=0.00 secs] 
367.128: Total time for which application threads were stopped: 0.0658520 seconds, Stopping threads took: 0.0652370 seconds
367.208: Application time: 0.0801710 seconds
367.242: [GC [PSYoungGen: 13471K->1392K(14336K)] 38019K->27308K(46080K), 0.0010870 secs] [Times: user=0.00 sys=0.00, real=0.00 secs] 
367.243: Total time for which application threads were stopped: 0.0347260 seconds, Stopping threads took: 0.0335470 seconds
367.320: Application time: 0.0777850 seconds
367.385: [GC [PSYoungGen: 14086K->1376K(14336K)] 40001K->27299K(46080K), 0.0012970 secs] [Times: user=0.00 sys=0.00, real=0.00 secs] 
367.386: Total time for which application threads were stopped: 0.0653960 seconds, Stopping threads took: 0.0640040 seconds
367.461: Application time: 0.0752690 seconds
367.522: [GC [PSYoungGen: 14167K->1442K(14336K)] 40091K->28146K(46080K), 0.0008810 secs] [Times: user=0.01 sys=0.00, real=0.00 secs] 
367.523: Total time for which application threads were stopped: 0.0621620 seconds, Stopping threads took: 0.0605750 seconds
367.600: Application time: 0.0764570 seconds
367.668: [GC [PSYoungGen: 14116K->758K(14336K)] 40820K->27471K(46080K), 0.0007390 secs] [Times: user=0.00 sys=0.00, real=0.00 secs] 
367.669: Total time for which application threads were stopped: 0.0693830 seconds, Stopping threads took: 0.0685630 seconds
367.747: Application time: 0.0776400 seconds
367.792: [GC [PSYoungGen: 13452K->1474K(14336K)] 40164K->29358K(46080K), 0.0011310 secs] [Times: user=0.01 sys=0.00, real=0.00 secs] 
367.793: Total time for which application threads were stopped: 0.0460950 seconds, Stopping threads took: 0.0448670 seconds
367.870: Application time: 0.0770420 seconds
367.935: [GC [PSYoungGen: 14187K->1376K(14336K)] 42071K->29261K(46080K), 0.0007700 secs] [Times: user=0.01 sys=0.00, real=0.00 secs] 
367.936: Total time for which application threads were stopped: 0.0660250 seconds, Stopping threads took: 0.0651560 seconds
368.010: Application time: 0.0745410 seconds
368.056: [GC [PSYoungGen: 14167K->1507K(14336K)] 42052K->31234K(46080K), 0.0011480 secs] [Times: user=0.01 sys=0.00, real=0.00 secs] 
368.057: Total time for which application threads were stopped: 0.0466830 seconds, Stopping threads took: 0.0454630 seconds
368.136: Application time: 0.0786040 seconds
368.203: [GC [PSYoungGen: 14122K->1491K(14336K)] 43849K->31617K(46080K), 0.0007900 secs] [Times: user=0.00 sys=0.00, real=0.00 secs] 
368.204: [Full GC [PSYoungGen: 1491K->0K(14336K)] [ParOldGen: 30125K->3385K(31744K)] 31617K->3385K(46080K) [PSPermGen: 5151K->5151K(21504K)], 0.0038730 secs] [Times: user=0.01 sys=0.00, real=0.00 secs] 
368.208: Total time for which application threads were stopped: 0.0719400 seconds, Stopping threads took: 0.0671570 seconds
368.285: Application time: 0.0769390 seconds
368.337: [GC [PSYoungGen: 12712K->1461K(14336K)] 16097K->6018K(46080K), 0.0009290 secs] [Times: user=0.00 sys=0.00, real=0.00 secs] 
368.338: Total time for which application threads were stopped: 0.0536310 seconds, Stopping threads took: 0.0526280 seconds
368.415: Application time: 0.0767440 seconds
368.477: [GC [PSYoungGen: 14135K->1232K(14336K)] 18692K->5789K(46080K), 0.0005920 secs] [Times: user=0.01 sys=0.00, real=0.00 secs] 
368.478: Total time for which application threads were stopped: 0.0629820 seconds, Stopping threads took: 0.0623140 seconds
368.553: Application time: 0.0747910 seconds
368.618: [GC [PSYoungGen: 13945K->1037K(14336K)] 18502K->5594K(46080K), 0.0005760 secs] [Times: user=0.00 sys=0.00, real=0.00 secs] 
368.619: Total time for which application threads were stopped: 0.0657730 seconds, Stopping threads took: 0.0651280 seconds
368.694: Application time: 0.0758600 seconds
368.745: [GC [PSYoungGen: 13555K->614K(14336K)] 18111K->5171K(46080K), 0.0004700 secs] [Times: user=0.00 sys=0.00, real=0.00 secs] 
368.746: Total time for which application threads were stopped: 0.0511870 seconds, Stopping threads took: 0.0506510 seconds
368.821: Application time: 0.0749420 seconds
368.856: [GC [PSYoungGen: 13308K->1459K(14336K)] 17865K->6016K(46080K), 0.0006610 secs] [Times: user=0.01 sys=0.00, real=0.00 secs] 
368.857: Total time for which application threads were stopped: 0.0365420 seconds, Stopping threads took: 0.0358060 seconds
368.932: Application time: 0.0747420 seconds
368.965: [GC [PSYoungGen: 14134K->1527K(14336K)] 18691K->7726K(46080K), 0.0012620 secs] [Times: user=0.01 sys=0.00, real=0.00 secs] 
368.966: Total time for which application threads were stopped: 0.0345540 seconds, Stopping threads took: 0.0332190 seconds
369.043: Application time: 0.0769300 seconds
369.112: [GC [PSYoungGen: 14318K->858K(14336K)] 20517K->7057K(46080K), 0.0005860 secs] [Times: user=0.00 sys=0.00, real=0.00 secs] 
369.113: Total time for which application threads were stopped: 0.0692280 seconds, Stopping threads took: 0.0685640 seconds
369.188: Application time: 0.0754560 seconds
369.240: [GC [PSYoungGen: 13571K->662K(14336K)] 19770K->6862K(46080K), 0.0004740 secs] [Times: user=0.01 sys=0.00, real=0.00 secs] 
369.241: Total time for which application threads were stopped: 0.0525090 seconds, Stopping threads took: 0.0519670 seconds
369.316: Application time: 0.0755720 seconds
369.378: [GC [PSYoungGen: 13454K->483K(14336K)] 19653K->6682K(46080K), 0.0005850 secs] [Times: user=0.00 sys=0.00, real=0.00 secs] 
369.378: Total time for which application threads were stopped: 0.0622800 seconds, Stopping threads took: 0.0615960 seconds
369.454: Application time: 0.0756630 seconds
369.516: [GC [PSYoungGen: 13274K->288K(14336K)] 19474K->6487K(46080K), 0.0004520 secs] [Times: user=0.01 sys=0.00, real=0.00 secs] 
369.517: Total time for which application threads were stopped: 0.0626640 seconds, Stopping threads took: 0.0621430 seconds
369.590: Application time: 0.0730950 seconds
369.593: [GC [PSYoungGen: 13001K->1524K(14336K)] 19200K->10653K(46080K), 0.0015240 secs] [Times: user=0.01 sys=0.00, real=0.00 secs] 
369.595: Total time for which application threads were stopped: 0.0046890 seconds, Stopping threads took: 0.0030620 seconds
369.674: Application time: 0.0792330 seconds
369.741: [GC [PSYoungGen: 13944K->662K(14336K)] 23073K->9792K(46080K), 0.0004820 secs] [Times: user=0.01 sys=0.00, real=0.00 secs] 
369.742: Total time for which application threads were stopped: 0.0680580 seconds, Stopping threads took: 0.0674740 seconds
369.818: Application time: 0.0759130 seconds
369.878: [GC [PSYoungGen: 13336K->240K(14336K)] 22466K->9369K(46080K), 0.0003830 secs] [Times: user=0.00 sys=0.00, real=0.00 secs] 
369.879: Total time for which application threads were stopped: 0.0609170 seconds, Stopping threads took: 0.0604660 seconds
369.952: Application time: 0.0738350 seconds
369.987: [GC [PSYoungGen: 12855K->1410K(14336K)] 21984K->11321K(46080K), 0.0009120 secs] [Times: user=0.00 sys=0.00, real=0.00 secs] 
369.988: Total time for which application threads were stopped: 0.0355430 seconds, Stopping threads took: 0.0345540 seconds
370.066: Application time: 0.0775240 seconds
370.126: [GC [PSYoungGen: 13928K->1442K(14336K)] 23838K->11743K(46080K), 0.0009060 secs] [Times: user=0.00 sys=0.00, real=0.00 secs] 
370.127: Total time for which application threads were stopped: 0.0609920 seconds, Stopping threads took: 0.0599950 seconds
370.202: Application time: 0.0752680 seconds
370.263: [GC [PSYoungGen: 14233K->1442K(14336K)] 24534K->11971K(46080K), 0.0008020 secs] [Times: user=0.00 sys=0.00, real=0.00 secs] 
370.264: Total time for which application threads were stopped: 0.0617200 seconds, Stopping threads took: 0.0608110 seconds
370.339: Application time: 0.0752900 seconds
370.406: [GC [PSYoungGen: 14214K->1376K(14336K)] 24742K->11929K(46080K), 0.0008190 secs] [Times: user=0.00 sys=0.00, real=0.00 secs] 
370.407: Total time for which application threads were stopped: 0.0677040 seconds, Stopping threads took: 0.0668100 seconds
370.483: Application time: 0.0763070 seconds
370.545: [GC [PSYoungGen: 14167K->1133K(14336K)] 24720K->11686K(46080K), 0.0007040 secs] [Times: user=0.01 sys=0.00, real=0.00 secs] 
370.546: Total time for which application threads were stopped: 0.0633440 seconds, Stopping threads took: 0.0625660 seconds
370.631: Application time: 0.0843920 seconds
370.680: [GC [PSYoungGen: 13846K->986K(14336K)] 24399K->11538K(46080K), 0.0005670 secs] [Times: user=0.01 sys=0.00, real=0.00 secs] 
370.681: Total time for which application threads were stopped: 0.0499360 seconds, Stopping threads took: 0.0492970 seconds
370.757: Application time: 0.0760710 seconds
370.814: [GC [PSYoungGen: 13777K->1458K(14336K)] 24329K->12417K(46080K), 0.0008150 secs] [Times: user=0.01 sys=0.00, real=0.00 secs] 
370.814: Total time for which application threads were stopped: 0.0578300 seconds, Stopping threads took: 0.0569330 seconds
370.891: Application time: 0.0766050 seconds
370.954: [GC [PSYoungGen: 14073K->1523K(14336K)] 25033K->12491K(46080K), 0.0007180 secs] [Times: user=0.00 sys=0.00, real=0.00 secs] 
370.954: Total time for which application threads were stopped: 0.0632390 seconds, Stopping threads took: 0.0624450 seconds
371.031: Application time: 0.0762900 seconds
371.078: [GC [PSYoungGen: 14237K->1392K(14336K)] 25204K->12376K(46080K), 0.0006760 secs] [Times: user=0.01 sys=0.00, real=0.00 secs] 
371.079: Total time for which application threads were stopped: 0.0483800 seconds, Stopping threads took: 0.0476260 seconds
371.155: Application time: 0.0759890 seconds
371.216: [GC [PSYoungGen: 13949K->806K(14336K)] 24933K->11790K(46080K), 0.0005210 secs] [Times: user=0.00 sys=0.00, real=0.00 secs] 
371.217: Total time for which application threads were stopped: 0.0620460 seconds, Stopping threads took: 0.0614580 seconds
371.293: Application time: 0.0759780 seconds
371.348: [GC [PSYoungGen: 13519K->547K(14336K)] 24503K->11546K(46080K), 0.0004460 secs] [Times: user=0.00 sys=0.00, real=0.00 secs] 
371.348: Total time for which application threads were stopped: 0.0553390 seconds, Stopping threads took: 0.0548150 seconds
371.424: Application time: 0.0754170 seconds
371.485: [GC [PSYoungGen: 13260K->336K(14336K)] 24259K->11351K(46080K), 0.0004390 secs] [Times: user=0.00 sys=0.00, real=0.00 secs] 
371.486: Total time for which application threads were stopped: 0.0619140 seconds, Stopping threads took: 0.0614080 seconds
371.559: Application time: 0.0734000 seconds
371.594: [GC [PSYoungGen: 13029K->1426K(14336K)] 24045K->13223K(46080K), 0.0009420 secs] [Times: user=0.00 sys=0.00, real=0.00 secs] 
371.595: Total time for which application threads were stopped: 0.0361920 seconds, Stopping threads took: 0.0351770 seconds
371.672: Application time: 0.0769050 seconds
371.733: [GC [PSYoungGen: 14002K->1360K(14336K)] 25799K->13548K(46080K), 0.0007980 secs] [Times: user=0.01 sys=0.00, real=0.00 secs] 
371.734: Total time for which application threads were stopped: 0.0619610 seconds, Stopping threads took: 0.0610660 seconds
371.810: Application time: 0.0759110 seconds
371.876: [GC [PSYoungGen: 13975K->320K(14336K)] 26163K->12515K(46080K), 0.0006800 secs] [Times: user=0.00 sys=0.00, real=0.00 secs] 
371.876: Total time for which application threads were stopped: 0.0662720 seconds, Stopping threads took: 0.0654990 seconds
371.950: Application time: 0.0736660 seconds
371.984: [GC [PSYoungGen: 13013K->1165K(14336K)] 25208K->13360K(46080K), 0.0009080 secs] [Times: user=0.00 sys=0.00, real=0.00 secs] 
371.985: Total time for which application threads were stopped: 0.0351960 seconds, Stopping threads took: 0.0341910 seconds
372.070: Application time: 0.0852040 seconds
372.138: [GC [PSYoungGen: 13683K->742K(14336K)] 25878K->12938K(46080K), 0.0005590 secs] [Times: user=0.01 sys=0.00, real=0.00 secs] 
372.138: Total time for which application threads were stopped: 0.0677640 seconds, Stopping threads took: 0.0671120 seconds
372.215: Application time: 0.0766410 seconds
372.219: [GC [PSYoungGen: 13455K->1527K(14336K)] 25651K->17064K(46080K), 0.0016750 secs] [Times: user=0.01 sys=0.00, real=0.01 secs] 
372.221: Total time for which application threads were stopped: 0.0056980 seconds, Stopping threads took: 0.0039360 seconds
372.376: Application time: 0.1552510 seconds
372.383: [GC [PSYoungGen: 14318K->256K(14336K)] 29855K->15792K(46080K), 0.0003750 secs] [Times: user=0.00 sys=0.00, real=0.00 secs] 
372.383: Total time for which application threads were stopped: 0.0074340 seconds, Stopping threads took: 0.0069830 seconds
372.456: Application time: 0.0730850 seconds
372.491: [GC [PSYoungGen: 12871K->1037K(14336K)] 28408K->16574K(46080K), 0.0005400 secs] [Times: user=0.01 sys=0.00, real=0.00 secs] 
372.492: Total time for which application threads were stopped: 0.0354200 seconds, Stopping threads took: 0.0348080 seconds
372.580: Application time: 0.0887400 seconds
372.638: [GC [PSYoungGen: 13613K->1443K(14336K)] 29150K->17176K(46080K), 0.0007540 secs] [Times: user=0.01 sys=0.00, real=0.01 secs] 
372.639: Total time for which application threads were stopped: 0.0586760 seconds, Stopping threads took: 0.0571270 seconds
372.717: Application time: 0.0777540 seconds
372.785: [GC [PSYoungGen: 14137K->256K(14336K)] 29869K->15996K(46080K), 0.0006660 secs] [Times: user=0.00 sys=0.00, real=0.00 secs] 
372.786: Total time for which application threads were stopped: 0.0686270 seconds, Stopping threads took: 0.0678970 seconds
372.859: Application time: 0.0736370 seconds
372.894: [GC [PSYoungGen: 12949K->1069K(14336K)] 28689K->16809K(46080K), 0.0006950 secs] [Times: user=0.01 sys=0.00, real=0.00 secs] 
372.895: Total time for which application threads were stopped: 0.0359720 seconds, Stopping threads took: 0.0351860 seconds
372.972: Application time: 0.0771760 seconds
373.038: [GC [PSYoungGen: 13665K->710K(14336K)] 29405K->16450K(46080K), 0.0005740 secs] [Times: user=0.00 sys=0.00, real=0.00 secs] 
373.038: Total time for which application threads were stopped: 0.0660290 seconds, Stopping threads took: 0.0653690 seconds
373.114: Application time: 0.0758570 seconds
373.164: [GC [PSYoungGen: 13502K->499K(14336K)] 29242K->16247K(46080K), 0.0005220 secs] [Times: user=0.00 sys=0.00, real=0.00 secs] 
373.165: Total time for which application threads were stopped: 0.0506760 seconds, Stopping threads took: 0.0500880 seconds
373.241: Application time: 0.0757020 seconds
373.302: [GC [PSYoungGen: 13212K->288K(14336K)] 28960K->16036K(46080K), 0.0005450 secs] [Times: user=0.01 sys=0.00, real=0.00 secs] 
373.302: Total time for which application threads were stopped: 0.0614900 seconds, Stopping threads took: 0.0608760 seconds
373.376: Application time: 0.0735400 seconds
373.410: [GC [PSYoungGen: 13001K->1442K(14336K)] 28749K->19143K(46080K), 0.0011850 secs] [Times: user=0.01 sys=0.00, real=0.01 secs] 
373.411: Total time for which application threads were stopped: 0.0355470 seconds, Stopping threads took: 0.0342800 seconds
373.488: Application time: 0.0766800 seconds
373.552: [GC [PSYoungGen: 14116K->1524K(14336K)] 31817K->19624K(46080K), 0.0008680 secs] [Times: user=0.00 sys=0.00, real=0.00 secs] 
373.553: Total time for which application threads were stopped: 0.0653040 seconds, Stopping threads took: 0.0643640 seconds
373.631: Application time: 0.0780500 seconds
373.694: [GC [PSYoungGen: 14237K->1392K(14336K)] 32337K->19891K(46080K), 0.0008320 secs] [Times: user=0.00 sys=0.00, real=0.00 secs] 
373.695: Total time for which application threads were stopped: 0.0639080 seconds, Stopping threads took: 0.0629850 seconds
373.785: Application time: 0.0903260 seconds
373.852: [GC [PSYoungGen: 14105K->1360K(14336K)] 32604K->20054K(46080K), 0.0006920 secs] [Times: user=0.00 sys=0.00, real=0.00 secs] 
373.853: Total time for which application threads were stopped: 0.0676150 seconds, Stopping threads took: 0.0668310 seconds
373.929: Application time: 0.0759360 seconds
373.974: [GC [PSYoungGen: 14073K->1490K(14336K)] 32767K->21177K(46080K), 0.0009850 secs] [Times: user=0.01 sys=0.00, real=0.00 secs] 
373.975: Total time for which application threads were stopped: 0.0461860 seconds, Stopping threads took: 0.0450970 seconds
374.052: Application time: 0.0767230 seconds
374.114: [GC [PSYoungGen: 14203K->1458K(14336K)] 33889K->21926K(46080K), 0.0009910 secs] [Times: user=0.01 sys=0.00, real=0.00 secs] 
374.115: Total time for which application threads were stopped: 0.0634960 seconds, Stopping threads took: 0.0624030 seconds
374.192: Application time: 0.0768410 seconds
374.243: [GC [PSYoungGen: 14034K->1392K(14336K)] 34502K->22251K(46080K), 0.0008440 secs] [Times: user=0.01 sys=0.00, real=0.00 secs] 
374.244: Total time for which application threads were stopped: 0.0514780 seconds, Stopping threads took: 0.0505610 seconds
374.319: Application time: 0.0748420 seconds
374.383: [GC [PSYoungGen: 14066K->1360K(14336K)] 34925K->22235K(46080K), 0.0007670 secs] [Times: user=0.00 sys=0.00, real=0.00 secs] 
374.383: Total time for which application threads were stopped: 0.0648230 seconds, Stopping threads took: 0.0639820 seconds
374.459: Application time: 0.0758640 seconds
374.494: [GC [PSYoungGen: 14073K->1524K(14336K)] 34948K->24188K(46080K), 0.0012160 secs] [Times: user=0.00 sys=0.00, real=0.00 secs] 
374.495: Total time for which application threads were stopped: 0.0360450 seconds, Stopping threads took: 0.0347480 seconds
374.572: Application time: 0.0767120 seconds
374.640: [GC [PSYoungGen: 14198K->726K(14336K)] 36862K->23415K(46080K), 0.0004940 secs] [Times: user=0.01 sys=0.00, real=0.00 secs] 
374.641: Total time for which application threads were stopped: 0.0687830 seconds, Stopping threads took: 0.0682200 seconds
374.717: Application time: 0.0758080 seconds
374.777: [GC [PSYoungGen: 13400K->320K(14336K)] 36089K->23024K(46080K), 0.0004250 secs] [Times: user=0.01 sys=0.00, real=0.00 secs] 
374.778: Total time for which application threads were stopped: 0.0612810 seconds, Stopping threads took: 0.0607880 seconds
374.851: Application time: 0.0732230 seconds
374.886: [GC [PSYoungGen: 13033K->1524K(14336K)] 35737K->25025K(46080K), 0.0009130 secs] [Times: user=0.01 sys=0.00, real=0.00 secs] 
374.887: Total time for which application threads were stopped: 0.0357000 seconds, Stopping threads took: 0.0347110 seconds
374.974: Application time: 0.0870150 seconds
375.041: [GC [PSYoungGen: 13944K->710K(14336K)] 37446K->24228K(46080K), 0.0005580 secs] [Times: user=0.01 sys=0.00, real=0.00 secs] 
375.042: Total time for which application threads were stopped: 0.0679100 seconds, Stopping threads took: 0.0672740 seconds
375.118: Application time: 0.0762360 seconds
375.170: [GC [PSYoungGen: 13423K->563K(14336K)] 36941K->24097K(46080K), 0.0004940 secs] [Times: user=0.00 sys=0.00, real=0.00 secs] 
375.171: Total time for which application threads were stopped: 0.0524960 seconds, Stopping threads took: 0.0519330 seconds
375.246: Application time: 0.0755540 seconds
375.307: [GC [PSYoungGen: 13276K->320K(14336K)] 36810K->23853K(46080K), 0.0007180 secs] [Times: user=0.01 sys=0.00, real=0.00 secs] 
375.307: Total time for which application threads were stopped: 0.0614010 seconds, Stopping threads took: 0.0605920 seconds
375.381: Application time: 0.0733270 seconds
375.419: [GC [PSYoungGen: 12935K->1165K(14336K)] 36469K->24699K(46080K), 0.0007850 secs] [Times: user=0.00 sys=0.00, real=0.00 secs] 
375.420: Total time for which application threads were stopped: 0.0389910 seconds, Stopping threads took: 0.0381260 seconds
375.505: Application time: 0.0849250 seconds
375.558: [GC [PSYoungGen: 13683K->710K(14336K)] 37217K->24252K(46080K), 0.0008650 secs] [Times: user=0.00 sys=0.00, real=0.01 secs] 
375.559: Total time for which application threads were stopped: 0.0546540 seconds, Stopping threads took: 0.0536860 seconds
375.643: Application time: 0.0831180 seconds
375.711: [GC [PSYoungGen: 13501K->531K(14336K)] 37043K->24073K(46080K), 0.0005420 secs] [Times: user=0.01 sys=0.00, real=0.00 secs] 
375.712: Total time for which application threads were stopped: 0.0694650 seconds, Stopping threads took: 0.0688570 seconds
375.793: Application time: 0.0807550 seconds
375.831: [GC [PSYoungGen: 13303K->1312K(14336K)] 36844K->24854K(46080K), 0.0007030 secs] [Times: user=0.00 sys=0.00, real=0.00 secs] 
375.832: Total time for which application threads were stopped: 0.0393840 seconds, Stopping threads took: 0.0386030 seconds
375.915: Application time: 0.0830740 seconds
375.969: [GC [PSYoungGen: 14103K->1458K(14336K)] 37645K->25781K(46080K), 0.0011250 secs] [Times: user=0.00 sys=0.00, real=0.00 secs] 
375.970: Total time for which application threads were stopped: 0.0551940 seconds, Stopping threads took: 0.0539940 seconds
376.053: Application time: 0.0822080 seconds
376.124: [GC [PSYoungGen: 14132K->742K(14336K)] 38455K->25065K(46080K), 0.0005520 secs] [Times: user=0.00 sys=0.00, real=0.00 secs] 
376.125: Total time for which application threads were stopped: 0.0720520 seconds, Stopping threads took: 0.0714150 seconds
376.206: Application time: 0.0818400 seconds
376.264: [GC [PSYoungGen: 13417K->336K(14336K)] 37740K->24667K(46080K), 0.0005120 secs] [Times: user=0.00 sys=0.00, real=0.00 secs] 
376.265: Total time for which application threads were stopped: 0.0583380 seconds, Stopping threads took: 0.0577540 seconds
376.345: Application time: 0.0804640 seconds
376.383: [GC [PSYoungGen: 12951K->1149K(14336K)] 37282K->25496K(46080K), 0.0006280 secs] [Times: user=0.00 sys=0.00, real=0.00 secs] 
376.383: Total time for which application threads were stopped: 0.0381370 seconds, Stopping threads took: 0.0374340 seconds
376.466: Application time: 0.0828090 seconds
376.515: [GC [PSYoungGen: 13862K->1525K(14336K)] 38209K->28532K(46080K), 0.0014860 secs] [Times: user=0.01 sys=0.00, real=0.00 secs] 
376.517: Total time for which application threads were stopped: 0.0507460 seconds, Stopping threads took: 0.0491710 seconds
376.602: Application time: 0.0851780 seconds
376.677: [GC [PSYoungGen: 13945K->1427K(14336K)] 40951K->28442K(46080K), 0.0006790 secs] [Times: user=0.01 sys=0.00, real=0.00 secs] 
376.677: Total time for which application threads were stopped: 0.0751530 seconds, Stopping threads took: 0.0743880 seconds
376.760: Application time: 0.0828750 seconds
376.829: [GC [PSYoungGen: 14141K->1248K(14336K)] 41155K->28271K(46080K), 0.0006270 secs] [Times: user=0.00 sys=0.00, real=0.00 secs] 
376.829: Total time for which application threads were stopped: 0.0690000 seconds, Stopping threads took: 0.0682960 seconds
376.914: Application time: 0.0844260 seconds
376.980: [GC [PSYoungGen: 13961K->1037K(14336K)] 40984K->28059K(46080K), 0.0006350 secs] [Times: user=0.00 sys=0.00, real=0.00 secs] 
376.981: Total time for which application threads were stopped: 0.0673700 seconds, Stopping threads took: 0.0666430 seconds
377.071: Application time: 0.0900560 seconds
377.139: [GC [PSYoungGen: 13555K->1346K(14336K)] 40577K->28759K(46080K), 0.0008040 secs] [Times: user=0.00 sys=0.00, real=0.01 secs] 
377.140: Total time for which application threads were stopped: 0.0684850 seconds, Stopping threads took: 0.0676050 seconds
377.222: Application time: 0.0823690 seconds
377.287: [GC [PSYoungGen: 14137K->1378K(14336K)] 41550K->28986K(46080K), 0.0007600 secs] [Times: user=0.01 sys=0.00, real=0.00 secs] 
377.288: Total time for which application threads were stopped: 0.0659450 seconds, Stopping threads took: 0.0650960 seconds
377.384: Application time: 0.0956310 seconds
377.449: [GC [PSYoungGen: 13876K->1149K(14336K)] 41485K->28757K(46080K), 0.0006240 secs] [Times: user=0.01 sys=0.00, real=0.00 secs] 
377.450: Total time for which application threads were stopped: 0.0659930 seconds, Stopping threads took: 0.0652940 seconds
377.531: Application time: 0.0815350 seconds
377.531: [GC [PSYoungGen: 13784K->1527K(14336K)] 41392K->32457K(46080K), 0.0015550 secs] [Times: user=0.00 sys=0.00, real=0.00 secs] 
377.533: [Full GC [PSYoungGen: 1527K->0K(14336K)] [ParOldGen: 30929K->6318K(31744K)] 32457K->6318K(46080K) [PSPermGen: 5151K->5151K(21504K)], 0.0047700 secs] [Times: user=0.02 sys=0.00, real=0.00 secs] 
377.538: Total time for which application threads were stopped: 0.0068270 seconds, Stopping threads took: 0.0003810 seconds
377.703: Application time: 0.1646760 seconds
377.705: [GC [PSYoungGen: 12712K->224K(14336K)] 19031K->6542K(46080K), 0.0004100 secs] [Times: user=0.00 sys=0.00, real=0.00 secs] 
377.706: Total time for which application threads were stopped: 0.0038290 seconds, Stopping threads took: 0.0022050 seconds
377.707: Application time: 0.0006400 seconds
377.708: Total time for which application threads were stopped: 0.0004750 seconds, Stopping threads took: 0.0004340 seconds
377.786: Application time: 0.0780800 seconds
377.837: [GC [PSYoungGen: 12838K->1395K(14336K)] 19156K->8300K(46080K), 0.0007760 secs] [Times: user=0.00 sys=0.00, real=0.00 secs] 
377.838: Total time for which application threads were stopped: 0.0527040 seconds, Stopping threads took: 0.0518480 seconds
377.918: Application time: 0.0792100 seconds
377.981: [GC [PSYoungGen: 14104K->1363K(14336K)] 21009K->8659K(46080K), 0.0008300 secs] [Times: user=0.00 sys=0.00, real=0.00 secs] 
377.982: Total time for which application threads were stopped: 0.0648060 seconds, Stopping threads took: 0.0638830 seconds
378.062: Application time: 0.0794100 seconds
378.116: [GC [PSYoungGen: 13975K->1395K(14336K)] 21270K->9863K(46080K), 0.0011170 secs] [Times: user=0.00 sys=0.00, real=0.00 secs] 
378.117: Total time for which application threads were stopped: 0.0551130 seconds, Stopping threads took: 0.0539020 seconds
378.229: Application time: 0.1120920 seconds
378.274: [GC [PSYoungGen: 14104K->160K(14336K)] 22571K->8627K(46080K), 0.0006050 secs] [Times: user=0.01 sys=0.00, real=0.00 secs] 
378.274: Total time for which application threads were stopped: 0.0452920 seconds, Stopping threads took: 0.0445970 seconds
378.353: Application time: 0.0790130 seconds
378.403: [GC [PSYoungGen: 12868K->1395K(14336K)] 21336K->10644K(46080K), 0.0010000 secs] [Times: user=0.00 sys=0.00, real=0.00 secs] 
378.404: Total time for which application threads were stopped: 0.0505040 seconds, Stopping threads took: 0.0493990 seconds
378.466: Application time: 0.0622480 seconds
378.482: Total time for which application threads were stopped: 0.0160000 seconds, Stopping threads took: 0.0159630 seconds
378.483: Application time: 0.0006780 seconds
378.483: Total time for which application threads were stopped: 0.0003220 seconds, Stopping threads took: 0.0002730 seconds
378.520: Application time: 0.0365010 seconds
378.528: Total time for which application threads were stopped: 0.0086210 seconds, Stopping threads took: 0.0085960 seconds
378.565: Application time: 0.0370110 seconds
378.566: [GC [PSYoungGen: 13961K->550K(14336K)] 23210K->9799K(46080K), 0.0005610 secs] [Times: user=0.00 sys=0.00, real=0.00 secs] 
378.567: Total time for which application threads were stopped: 0.0018110 seconds, Stopping threads took: 0.0011990 seconds
378.604: Application time: 0.0371380 seconds
378.605: Total time for which application threads were stopped: 0.0004300 seconds, Stopping threads took: 0.0003890 seconds
378.641: Application time: 0.0368970 seconds
378.643: Total time for which application threads were stopped: 0.0011420 seconds, Stopping threads took: 0.0011320 seconds
378.824: Application time: 0.1811960 seconds
378.824: [GC [PSYoungGen: 13350K->1425K(14336K)] 22599K->10737K(46080K), 0.0013160 secs] [Times: user=0.00 sys=0.00, real=0.00 secs] 
378.825: Total time for which application threads were stopped: 0.0014040 seconds, Stopping threads took: 0.0000120 seconds
378.825: Application time: 0.0000600 seconds
378.825: Total time for which application threads were stopped: 0.0000490 seconds, Stopping threads took: 0.0000360 seconds
378.825: Application time: 0.0000330 seconds
378.825: Total time for which application threads were stopped: 0.0000240 seconds, Stopping threads took: 0.0000160 seconds
378.825: Application time: 0.0000230 seconds
378.825: Total time for which application threads were stopped: 0.0000240 seconds, Stopping threads took: 0.0000160 seconds
378.825: Application time: 0.0000130 seconds
378.825: Total time for which application threads were stopped: 0.0000190 seconds, Stopping threads took: 0.0000120 seconds
378.825: Application time: 0.0000230 seconds
378.825: Total time for which application threads were stopped: 0.0000230 seconds, Stopping threads took: 0.0000150 seconds
378.825: Application time: 0.0000130 seconds
378.826: Total time for which application threads were stopped: 0.0000210 seconds, Stopping threads took: 0.0000140 seconds
378.826: Application time: 0.0000110 seconds
378.826: Total time for which application threads were stopped: 0.0000220 seconds, Stopping threads took: 0.0000160 seconds
378.826: Application time: 0.0000110 seconds
378.826: Total time for which application threads were stopped: 0.0000190 seconds, Stopping threads took: 0.0000120 seconds
378.826: Application time: 0.0000130 seconds
378.826: Total time for which application threads were stopped: 0.0000210 seconds, Stopping threads took: 0.0000140 seconds
378.826: Application time: 0.0000110 seconds
378.826: Total time for which application threads were stopped: 0.0000190 seconds, Stopping threads took: 0.0000120 seconds
378.826: Application time: 0.0000110 seconds
378.826: Total time for which application threads were stopped: 0.0000220 seconds, Stopping threads took: 0.0000150 seconds
378.826: Application time: 0.0000110 seconds
378.826: Total time for which application threads were stopped: 0.0000210 seconds, Stopping threads took: 0.0000150 seconds
378.826: Application time: 0.0000110 seconds
378.826: Total time for which application threads were stopped: 0.0000210 seconds, Stopping threads took: 0.0000140 seconds
378.826: Application time: 0.0000110 seconds
378.826: Total time for which application threads were stopped: 0.0000210 seconds, Stopping threads took: 0.0000150 seconds
378.826: Application time: 0.0000110 seconds
378.826: Total time for which application threads were stopped: 0.0000180 seconds, Stopping threads took: 0.0000110 seconds
378.826: Application time: 0.0000110 seconds
378.826: Total time for which application threads were stopped: 0.0000210 seconds, Stopping threads took: 0.0000150 seconds
378.826: Application time: 0.0000110 seconds
378.826: Total time for which application threads were stopped: 0.0000190 seconds, Stopping threads took: 0.0000120 seconds
378.826: Application time: 0.0000110 seconds
378.826: Total time for which application threads were stopped: 0.0000160 seconds, Stopping threads took: 0.0000090 seconds
378.826: Application time: 0.0000110 seconds
378.826: Total time for which application threads were stopped: 0.0000220 seconds, Stopping threads took: 0.0000150 seconds
378.826: Application time: 0.0000110 seconds
378.826: Total time for which application threads were stopped: 0.0000260 seconds, Stopping threads took: 0.0000140 seconds
379.047: Application time: 0.2205530 seconds
379.047: [GC [PSYoungGen: 13709K->1509K(14336K)] 23022K->14035K(46080K), 0.0030300 secs] [Times: user=0.02 sys=0.00, real=0.00 secs] 
379.050: Total time for which application threads were stopped: 0.0031600 seconds, Stopping threads took: 0.0000140 seconds
379.050: Application time: 0.0001210 seconds
379.050: Total time for which application threads were stopped: 0.0003420 seconds, Stopping threads took: 0.0003140 seconds
379.050: Application time: 0.0000280 seconds
379.050: Total time for which application threads were stopped: 0.0000240 seconds, Stopping threads took: 0.0000150 seconds
379.050: Application time: 0.0000220 seconds
379.050: Total time for which application threads were stopped: 0.0000410 seconds, Stopping threads took: 0.0000200 seconds
379.050: Application time: 0.0000230 seconds
379.050: Total time for which application threads were stopped: 0.0000310 seconds, Stopping threads took: 0.0000160 seconds
379.050: Application time: 0.0000180 seconds
379.050: Total time for which application threads were stopped: 0.0000240 seconds, Stopping threads took: 0.0000150 seconds
379.050: Application time: 0.0000250 seconds
379.050: Total time for which application threads were stopped: 0.0000320 seconds, Stopping threads took: 0.0000230 seconds
379.050: Application time: 0.0000120 seconds
379.050: Total time for which application threads were stopped: 0.0000250 seconds, Stopping threads took: 0.0000160 seconds
379.051: Application time: 0.0000120 seconds
379.051: Total time for which application threads were stopped: 0.0000250 seconds, Stopping threads took: 0.0000160 seconds
379.051: Application time: 0.0000110 seconds
379.051: Total time for which application threads were stopped: 0.0000290 seconds, Stopping threads took: 0.0000200 seconds
379.051: Application time: 0.0000120 seconds
379.051: Total time for which application threads were stopped: 0.0000210 seconds, Stopping threads took: 0.0000130 seconds
379.051: Application time: 0.0000140 seconds
379.051: Total time for which application threads were stopped: 0.0000210 seconds, Stopping threads took: 0.0000130 seconds
379.051: Application time: 0.0000120 seconds
379.051: Total time for which application threads were stopped: 0.0000220 seconds, Stopping threads took: 0.0000130 seconds
379.051: Application time: 0.0000130 seconds
379.051: Total time for which application threads were stopped: 0.0000210 seconds, Stopping threads took: 0.0000130 seconds
379.051: Application time: 0.0000120 seconds
379.051: Total time for which application threads were stopped: 0.0000290 seconds, Stopping threads took: 0.0000170 seconds
379.051: Application time: 0.0000120 seconds
379.051: Total time for which application threads were stopped: 0.0000280 seconds, Stopping threads took: 0.0000160 seconds
379.051: Application time: 0.0000120 seconds
379.051: Total time for which application threads were stopped: 0.0000260 seconds, Stopping threads took: 0.0000160 seconds
379.051: Application time: 0.0000120 seconds
379.051: Total time for which application threads were stopped: 0.0000230 seconds, Stopping threads took: 0.0000140 seconds
379.051: Application time: 0.0000130 seconds
379.051: Total time for which application threads were stopped: 0.0000210 seconds, Stopping threads took: 0.0000130 seconds
379.051: Application time: 0.0000120 seconds
379.051: Total time for which application threads were stopped: 0.0000200 seconds, Stopping threads took: 0.0000120 seconds
379.051: Application time: 0.0000110 seconds
379.051: Total time for which application threads were stopped: 0.0000360 seconds, Stopping threads took: 0.0000100 seconds
379.051: Application time: 0.0002560 seconds
379.051: Total time for which application threads were stopped: 0.0000380 seconds, Stopping threads took: 0.0000160 seconds
379.051: Application time: 0.0000710 seconds
379.051: Total time for which application threads were stopped: 0.0000240 seconds, Stopping threads took: 0.0000080 seconds
379.051: Application time: 0.0000450 seconds
379.051: Total time for which application threads were stopped: 0.0000260 seconds, Stopping threads took: 0.0000090 seconds
379.242: Application time: 0.1904690 seconds
379.242: [GC [PSYoungGen: 14309K->1509K(14336K)] 26835K->15450K(46080K), 0.0019850 secs] [Times: user=0.01 sys=0.00, real=0.00 secs] 
379.244: Total time for which application threads were stopped: 0.0020880 seconds, Stopping threads took: 0.0000130 seconds
379.244: Application time: 0.0000880 seconds
379.244: Total time for which application threads were stopped: 0.0000730 seconds, Stopping threads took: 0.0000490 seconds
379.244: Application time: 0.0000470 seconds
379.244: Total time for which application threads were stopped: 0.0000160 seconds, Stopping threads took: 0.0000060 seconds
379.404: Application time: 0.1601190 seconds
379.404: [GC [PSYoungGen: 14309K->1525K(14336K)] 28250K->15579K(46080K), 0.0017390 secs] [Times: user=0.01 sys=0.00, real=0.00 secs] 
379.406: Total time for which application threads were stopped: 0.0018420 seconds, Stopping threads took: 0.0000120 seconds
379.406: Application time: 0.0000530 seconds
379.406: Total time for which application threads were stopped: 0.0000450 seconds, Stopping threads took: 0.0000250 seconds
379.406: Application time: 0.0000340 seconds
379.406: Total time for which application threads were stopped: 0.0000330 seconds, Stopping threads took: 0.0000180 seconds
379.406: Application time: 0.0000430 seconds
379.406: Total time for which application threads were stopped: 0.0000300 seconds, Stopping threads took: 0.0000190 seconds
379.406: Application time: 0.0000120 seconds
379.406: Total time for which application threads were stopped: 0.0000170 seconds, Stopping threads took: 0.0000090 seconds
379.407: Application time: 0.0000100 seconds
379.407: Total time for which application threads were stopped: 0.0000300 seconds, Stopping threads took: 0.0000100 seconds
379.420: Application time: 0.0129760 seconds
379.420: Total time for which application threads were stopped: 0.0000280 seconds, Stopping threads took: 0.0000130 seconds
Heap
 PSYoungGen      total 14336K, used 3042K [0x00000000ff080000, 0x0000000100000000, 0x0000000100000000)
  eden space 12800K, 11% used [0x00000000ff080000,0x00000000ff1fb3b8,0x00000000ffd00000)
  from space 1536K, 99% used [0x00000000ffe80000,0x00000000ffffd480,0x0000000100000000)
  to   space 1536K, 0% used [0x00000000ffd00000,0x00000000ffd00000,0x00000000ffe80000)
 ParOldGen       total 31744K, used 14054K [0x00000000fd180000, 0x00000000ff080000, 0x00000000ff080000)
  object space 31744K, 44% used [0x00000000fd180000,0x00000000fdf39870,0x00000000ff080000)
 PSPermGen       total 21504K, used 12866K [0x00000000f7f80000, 0x00000000f9480000, 0x00000000fd180000)
  object space 21504K, 59% used [0x00000000f7f80000,0x00000000f8c108e8,0x00000000f9480000)
379.420: Application time: 0.0001540 seconds
