Java HotSpot(TM) 64-Bit Server VM (24.80-b11) for linux-amd64 JRE (1.7.0_80-b15), built on Apr 10 2015 19:53:14 by "java_re" with gcc 4.3.0 20080428 (Red Hat 4.3.0-8)
Memory: 4k page, physical 8000092k(6041920k free), swap 8218620k(8218620k free)
CommandLine flags: -XX:InitialHeapSize=54493184 -XX:MaxHeapSize=54493184 -XX:+PrintGC -XX:+PrintGCApplicationConcurrentTime -XX:+PrintGCApplicationStoppedTime -XX:+PrintGCDetails -XX:+PrintGCTimeStamps -XX:-UseAdaptiveSizePolicy -XX:+UseCompressedOops -XX:+UseParallelGC -XX:+UseParallelOldGC 
1.006: Application time: 0.9852600 seconds
1.007: Total time for which application threads were stopped: 0.0000420 seconds, Stopping threads took: 0.0000110 seconds
4.026: Application time: 3.0195440 seconds
4.026: Total time for which application threads were stopped: 0.0000670 seconds, Stopping threads took: 0.0000110 seconds
15.258: Application time: 11.2321120 seconds
15.258: Total time for which application threads were stopped: 0.0000220 seconds, Stopping threads took: 0.0000080 seconds
15.258: Application time: 0.0000250 seconds
15.258: Total time for which application threads were stopped: 0.0000060 seconds, Stopping threads took: 0.0000020 seconds
15.260: Application time: 0.0014140 seconds
15.260: Total time for which application threads were stopped: 0.0000120 seconds, Stopping threads took: 0.0000050 seconds
15.282: Application time: 0.0224970 seconds
15.282: Total time for which application threads were stopped: 0.0000460 seconds, Stopping threads took: 0.0000120 seconds
15.295: Application time: 0.0122940 seconds
15.295: [GC [PSYoungGen: 9541K->2026K(15872K)] 9541K->3187K(51712K), 0.0020920 secs] [Times: user=0.01 sys=0.01, real=0.00 secs] 
15.297: [Full GC [PSYoungGen: 2026K->0K(15872K)] [ParOldGen: 1161K->3145K(35840K)] 3187K->3145K(51712K) [PSPermGen: 5076K->5074K(21504K)], 0.0110670 secs] [Times: user=0.04 sys=0.00, real=0.01 secs] 
15.308: Total time for which application threads were stopped: 0.0132810 seconds, Stopping threads took: 0.0000060 seconds
15.308: Application time: 0.0000520 seconds
15.308: [GC [PSYoungGen: 0K->0K(15872K)] 3145K->3145K(51712K), 0.0004160 secs] [Times: user=0.00 sys=0.00, real=0.00 secs] 
15.308: [Full GC [PSYoungGen: 0K->0K(15872K)] [ParOldGen: 3145K->3145K(35840K)] 3145K->3145K(51712K) [PSPermGen: 5074K->5074K(21504K)], 0.0044320 secs] [Times: user=0.02 sys=0.00, real=0.00 secs] 
15.313: Total time for which application threads were stopped: 0.0049770 seconds, Stopping threads took: 0.0000240 seconds
15.313: Application time: 0.0000450 seconds
15.313: Total time for which application threads were stopped: 0.0000270 seconds, Stopping threads took: 0.0000180 seconds
15.313: Application time: 0.0000240 seconds
15.313: Total time for which application threads were stopped: 0.0000160 seconds, Stopping threads took: 0.0000110 seconds
15.313: Application time: 0.0000130 seconds
15.313: Total time for which application threads were stopped: 0.0000170 seconds, Stopping threads took: 0.0000130 seconds
15.313: Application time: 0.0000110 seconds
15.313: Total time for which application threads were stopped: 0.0000140 seconds, Stopping threads took: 0.0000100 seconds
15.313: Application time: 0.0000110 seconds
15.313: Total time for which application threads were stopped: 0.0000140 seconds, Stopping threads took: 0.0000100 seconds
15.313: Application time: 0.0000280 seconds
15.313: Total time for which application threads were stopped: 0.0000180 seconds, Stopping threads took: 0.0000130 seconds
15.313: Application time: 0.0000120 seconds
15.313: Total time for which application threads were stopped: 0.0000090 seconds, Stopping threads took: 0.0000050 seconds
15.313: Application time: 0.0000110 seconds
15.313: Total time for which application threads were stopped: 0.0000160 seconds, Stopping threads took: 0.0000120 seconds
15.313: Application time: 0.0000100 seconds
15.313: Total time for which application threads were stopped: 0.0000140 seconds, Stopping threads took: 0.0000100 seconds
15.313: Application time: 0.0000140 seconds
15.313: Total time for which application threads were stopped: 0.0000150 seconds, Stopping threads took: 0.0000110 seconds
15.313: Application time: 0.0000120 seconds
15.313: Total time for which application threads were stopped: 0.0000170 seconds, Stopping threads took: 0.0000130 seconds
15.313: Application time: 0.0000140 seconds
15.313: Total time for which application threads were stopped: 0.0000140 seconds, Stopping threads took: 0.0000100 seconds
15.313: Application time: 0.0000360 seconds
15.313: Total time for which application threads were stopped: 0.0000170 seconds, Stopping threads took: 0.0000130 seconds
15.313: Application time: 0.0000120 seconds
15.313: Total time for which application threads were stopped: 0.0000140 seconds, Stopping threads took: 0.0000100 seconds
15.313: Application time: 0.0000120 seconds
15.313: Total time for which application threads were stopped: 0.0000170 seconds, Stopping threads took: 0.0000130 seconds
15.313: Application time: 0.0000120 seconds
15.313: Total time for which application threads were stopped: 0.0000180 seconds, Stopping threads took: 0.0000140 seconds
15.314: Application time: 0.0000990 seconds
15.314: Total time for which application threads were stopped: 0.0000140 seconds, Stopping threads took: 0.0000100 seconds
15.314: Application time: 0.0000110 seconds
15.314: Total time for which application threads were stopped: 0.0000120 seconds, Stopping threads took: 0.0000090 seconds
15.314: Application time: 0.0000110 seconds
15.314: Total time for which application threads were stopped: 0.0000150 seconds, Stopping threads took: 0.0000120 seconds
15.314: Application time: 0.0000100 seconds
15.314: Total time for which application threads were stopped: 0.0000270 seconds, Stopping threads took: 0.0000190 seconds
15.314: Application time: 0.0006220 seconds
15.314: Total time for which application threads were stopped: 0.0000130 seconds, Stopping threads took: 0.0000060 seconds
15.375: Application time: 0.0611570 seconds
15.376: Total time for which application threads were stopped: 0.0000450 seconds, Stopping threads took: 0.0000180 seconds
15.376: Application time: 0.0002110 seconds
15.376: Total time for which application threads were stopped: 0.0000400 seconds, Stopping threads took: 0.0000300 seconds
15.376: Application time: 0.0006760 seconds
15.376: Total time for which application threads were stopped: 0.0000260 seconds, Stopping threads took: 0.0000170 seconds
15.382: Application time: 0.0054410 seconds
15.382: Total time for which application threads were stopped: 0.0000210 seconds, Stopping threads took: 0.0000080 seconds
15.383: Application time: 0.0009330 seconds
15.383: Total time for which application threads were stopped: 0.0000340 seconds, Stopping threads took: 0.0000230 seconds
15.386: Application time: 0.0033140 seconds
15.386: Total time for which application threads were stopped: 0.0000230 seconds, Stopping threads took: 0.0000090 seconds
15.388: Application time: 0.0018640 seconds
15.388: Total time for which application threads were stopped: 0.0000550 seconds, Stopping threads took: 0.0000410 seconds
15.395: Application time: 0.0069850 seconds
15.395: Total time for which application threads were stopped: 0.0000330 seconds, Stopping threads took: 0.0000120 seconds
15.395: Application time: 0.0000700 seconds
15.395: Total time for which application threads were stopped: 0.0000150 seconds, Stopping threads took: 0.0000070 seconds
15.395: Application time: 0.0000750 seconds
15.395: Total time for which application threads were stopped: 0.0000160 seconds, Stopping threads took: 0.0000070 seconds
15.400: Application time: 0.0042580 seconds
15.400: Total time for which application threads were stopped: 0.0000670 seconds, Stopping threads took: 0.0000180 seconds
15.403: Application time: 0.0035050 seconds
15.403: Total time for which application threads were stopped: 0.0000440 seconds, Stopping threads took: 0.0000280 seconds
15.421: Application time: 0.0174860 seconds
15.421: Total time for which application threads were stopped: 0.0001320 seconds, Stopping threads took: 0.0000920 seconds
15.421: Application time: 0.0000730 seconds
15.421: Total time for which application threads were stopped: 0.0000270 seconds, Stopping threads took: 0.0000170 seconds
15.421: Application time: 0.0000780 seconds
15.421: Total time for which application threads were stopped: 0.0000380 seconds, Stopping threads took: 0.0000270 seconds
15.421: Application time: 0.0000630 seconds
15.421: Total time for which application threads were stopped: 0.0000310 seconds, Stopping threads took: 0.0000230 seconds
15.421: Application time: 0.0000120 seconds
15.421: Total time for which application threads were stopped: 0.0000110 seconds, Stopping threads took: 0.0000050 seconds
15.421: Application time: 0.0000130 seconds
15.421: Total time for which application threads were stopped: 0.0000170 seconds, Stopping threads took: 0.0000110 seconds
15.421: Application time: 0.0000170 seconds
15.421: Total time for which application threads were stopped: 0.0000220 seconds, Stopping threads took: 0.0000140 seconds
15.421: Application time: 0.0001820 seconds
15.421: Total time for which application threads were stopped: 0.0000090 seconds, Stopping threads took: 0.0000030 seconds
15.422: Application time: 0.0007760 seconds
15.422: Total time for which application threads were stopped: 0.0000110 seconds, Stopping threads took: 0.0000030 seconds
15.423: Application time: 0.0003990 seconds
15.423: Total time for which application threads were stopped: 0.0000470 seconds, Stopping threads took: 0.0000380 seconds
15.423: Application time: 0.0000320 seconds
15.423: Total time for which application threads were stopped: 0.0000570 seconds, Stopping threads took: 0.0000460 seconds
15.446: Application time: 0.0231270 seconds
15.446: Total time for which application threads were stopped: 0.0000600 seconds, Stopping threads took: 0.0000320 seconds
15.446: Application time: 0.0000560 seconds
15.446: Total time for which application threads were stopped: 0.0000580 seconds, Stopping threads took: 0.0000450 seconds
15.446: Application time: 0.0000500 seconds
15.446: Total time for which application threads were stopped: 0.0000830 seconds, Stopping threads took: 0.0000500 seconds
15.446: Application time: 0.0000700 seconds
15.446: Total time for which application threads were stopped: 0.0000210 seconds, Stopping threads took: 0.0000120 seconds
15.446: Application time: 0.0000900 seconds
15.446: Total time for which application threads were stopped: 0.0000170 seconds, Stopping threads took: 0.0000050 seconds
15.447: Application time: 0.0003890 seconds
15.447: Total time for which application threads were stopped: 0.0000450 seconds, Stopping threads took: 0.0000350 seconds
15.447: Application time: 0.0000610 seconds
15.447: Total time for which application threads were stopped: 0.0000300 seconds, Stopping threads took: 0.0000210 seconds
15.447: Application time: 0.0000810 seconds
15.447: Total time for which application threads were stopped: 0.0000100 seconds, Stopping threads took: 0.0000030 seconds
15.453: Application time: 0.0063790 seconds
15.454: Total time for which application threads were stopped: 0.0000490 seconds, Stopping threads took: 0.0000310 seconds
15.463: Application time: 0.0097760 seconds
15.463: [GC [PSYoungGen: 13824K->2039K(15872K)] 16969K->5592K(51712K), 0.0017450 secs] [Times: user=0.01 sys=0.01, real=0.00 secs] 
15.465: Total time for which application threads were stopped: 0.0018830 seconds, Stopping threads took: 0.0000550 seconds
15.466: Application time: 0.0006140 seconds
15.466: Total time for which application threads were stopped: 0.0000490 seconds, Stopping threads took: 0.0000330 seconds
15.466: Application time: 0.0000180 seconds
15.466: Total time for which application threads were stopped: 0.0000300 seconds, Stopping threads took: 0.0000220 seconds
15.466: Application time: 0.0000120 seconds
15.466: Total time for which application threads were stopped: 0.0000290 seconds, Stopping threads took: 0.0000220 seconds
15.466: Application time: 0.0000120 seconds
15.466: Total time for which application threads were stopped: 0.0000310 seconds, Stopping threads took: 0.0000230 seconds
15.466: Application time: 0.0000110 seconds
15.466: Total time for which application threads were stopped: 0.0000240 seconds, Stopping threads took: 0.0000180 seconds
15.466: Application time: 0.0000120 seconds
15.466: Total time for which application threads were stopped: 0.0000290 seconds, Stopping threads took: 0.0000210 seconds
15.466: Application time: 0.0000210 seconds
15.469: Total time for which application threads were stopped: 0.0032240 seconds, Stopping threads took: 0.0032160 seconds
15.469: Application time: 0.0000170 seconds
15.469: Total time for which application threads were stopped: 0.0000380 seconds, Stopping threads took: 0.0000310 seconds
15.469: Application time: 0.0000130 seconds
15.469: Total time for which application threads were stopped: 0.0000250 seconds, Stopping threads took: 0.0000190 seconds
15.469: Application time: 0.0000110 seconds
15.469: Total time for which application threads were stopped: 0.0000260 seconds, Stopping threads took: 0.0000190 seconds
15.469: Application time: 0.0000110 seconds
15.469: Total time for which application threads were stopped: 0.0000250 seconds, Stopping threads took: 0.0000180 seconds
15.470: Application time: 0.0000120 seconds
15.470: Total time for which application threads were stopped: 0.0000250 seconds, Stopping threads took: 0.0000180 seconds
15.470: Application time: 0.0000100 seconds
15.470: Total time for which application threads were stopped: 0.0000270 seconds, Stopping threads took: 0.0000190 seconds
15.470: Application time: 0.0000110 seconds
15.470: Total time for which application threads were stopped: 0.0000270 seconds, Stopping threads took: 0.0000210 seconds
15.470: Application time: 0.0000110 seconds
15.470: Total time for which application threads were stopped: 0.0000280 seconds, Stopping threads took: 0.0000210 seconds
15.470: Application time: 0.0000100 seconds
15.470: Total time for which application threads were stopped: 0.0000270 seconds, Stopping threads took: 0.0000210 seconds
15.470: Application time: 0.0000130 seconds
15.470: Total time for which application threads were stopped: 0.0000280 seconds, Stopping threads took: 0.0000200 seconds
15.470: Application time: 0.0000110 seconds
15.470: Total time for which application threads were stopped: 0.0000270 seconds, Stopping threads took: 0.0000200 seconds
15.470: Application time: 0.0000100 seconds
15.470: Total time for which application threads were stopped: 0.0000250 seconds, Stopping threads took: 0.0000190 seconds
15.470: Application time: 0.0000120 seconds
15.470: Total time for which application threads were stopped: 0.0000650 seconds, Stopping threads took: 0.0000170 seconds
15.470: Application time: 0.0002500 seconds
15.470: Total time for which application threads were stopped: 0.0000600 seconds, Stopping threads took: 0.0000400 seconds
15.470: Application time: 0.0000180 seconds
15.470: Total time for which application threads were stopped: 0.0000220 seconds, Stopping threads took: 0.0000070 seconds
15.470: Application time: 0.0000640 seconds
15.470: Total time for which application threads were stopped: 0.0000210 seconds, Stopping threads took: 0.0000070 seconds
15.470: Application time: 0.0000200 seconds
15.470: Total time for which application threads were stopped: 0.0000210 seconds, Stopping threads took: 0.0000070 seconds
15.470: Application time: 0.0000230 seconds
15.470: Total time for which application threads were stopped: 0.0000220 seconds, Stopping threads took: 0.0000070 seconds
15.574: Application time: 0.1035100 seconds
15.574: [GC [PSYoungGen: 15863K->1024K(15872K)] 19416K->4584K(51712K), 0.0007960 secs] [Times: user=0.00 sys=0.00, real=0.00 secs] 
15.575: Total time for which application threads were stopped: 0.0009260 seconds, Stopping threads took: 0.0000470 seconds
15.661: Application time: 0.0860980 seconds
15.661: [GC [PSYoungGen: 14848K->944K(15872K)] 18408K->4504K(51712K), 0.0008150 secs] [Times: user=0.01 sys=0.00, real=0.00 secs] 
15.662: Total time for which application threads were stopped: 0.0010050 seconds, Stopping threads took: 0.0000940 seconds
15.749: Application time: 0.0874440 seconds
15.750: [GC [PSYoungGen: 14768K->976K(15872K)] 18328K->4536K(51712K), 0.0008780 secs] [Times: user=0.01 sys=0.00, real=0.00 secs] 
15.751: Total time for which application threads were stopped: 0.0011170 seconds, Stopping threads took: 0.0001730 seconds
15.846: Application time: 0.0957420 seconds
15.846: [GC [PSYoungGen: 14800K->992K(15872K)] 18360K->4560K(51712K), 0.0007900 secs] [Times: user=0.00 sys=0.00, real=0.00 secs] 
15.847: Total time for which application threads were stopped: 0.0009320 seconds, Stopping threads took: 0.0000530 seconds
15.928: Application time: 0.0804520 seconds
15.929: [GC [PSYoungGen: 14816K->992K(15872K)] 18384K->4560K(51712K), 0.0008080 secs] [Times: user=0.00 sys=0.00, real=0.00 secs] 
15.930: Total time for which application threads were stopped: 0.0019780 seconds, Stopping threads took: 0.0011060 seconds
16.010: Application time: 0.0804130 seconds
16.010: [GC [PSYoungGen: 14816K->1008K(15872K)] 18384K->4576K(51712K), 0.0008620 secs] [Times: user=0.00 sys=0.00, real=0.00 secs] 
16.011: Total time for which application threads were stopped: 0.0009780 seconds, Stopping threads took: 0.0000510 seconds
16.091: Application time: 0.0798540 seconds
16.091: [GC [PSYoungGen: 14832K->1008K(15872K)] 18400K->4584K(51712K), 0.0008310 secs] [Times: user=0.00 sys=0.00, real=0.00 secs] 
16.092: Total time for which application threads were stopped: 0.0009450 seconds, Stopping threads took: 0.0000500 seconds
16.174: Application time: 0.0825510 seconds
16.174: [GC [PSYoungGen: 14832K->1024K(15872K)] 18408K->4600K(51712K), 0.0012170 secs] [Times: user=0.01 sys=0.00, real=0.00 secs] 
16.176: Total time for which application threads were stopped: 0.0013430 seconds, Stopping threads took: 0.0000610 seconds
16.255: Application time: 0.0796440 seconds
16.257: [GC [PSYoungGen: 14848K->992K(15872K)] 18424K->4568K(51712K), 0.0007830 secs] [Times: user=0.00 sys=0.00, real=0.00 secs] 
16.258: Total time for which application threads were stopped: 0.0028270 seconds, Stopping threads took: 0.0019830 seconds
16.324: Application time: 0.0658090 seconds
16.324: Total time for which application threads were stopped: 0.0000840 seconds, Stopping threads took: 0.0000510 seconds
16.336: Application time: 0.0118940 seconds
16.336: [GC [PSYoungGen: 14816K->992K(15872K)] 18392K->4568K(51712K), 0.0007640 secs] [Times: user=0.00 sys=0.00, real=0.00 secs] 
16.337: Total time for which application threads were stopped: 0.0008810 seconds, Stopping threads took: 0.0000440 seconds
16.415: Application time: 0.0781520 seconds
16.415: [GC [PSYoungGen: 14816K->928K(15872K)] 18392K->4504K(51712K), 0.0008470 secs] [Times: user=0.01 sys=0.00, real=0.00 secs] 
16.416: Total time for which application threads were stopped: 0.0010120 seconds, Stopping threads took: 0.0000880 seconds
16.495: Application time: 0.0786220 seconds
16.497: [GC [PSYoungGen: 14752K->1008K(15872K)] 18328K->4584K(51712K), 0.0009110 secs] [Times: user=0.01 sys=0.00, real=0.00 secs] 
16.498: Total time for which application threads were stopped: 0.0036550 seconds, Stopping threads took: 0.0026820 seconds
16.583: Application time: 0.0850010 seconds
16.585: [GC [PSYoungGen: 14832K->1024K(15872K)] 18408K->4600K(51712K), 0.0008280 secs] [Times: user=0.00 sys=0.00, real=0.01 secs] 
16.585: Total time for which application threads were stopped: 0.0021530 seconds, Stopping threads took: 0.0012620 seconds
16.675: Application time: 0.0895980 seconds
16.677: [GC [PSYoungGen: 14848K->1008K(15872K)] 18424K->4584K(51712K), 0.0009580 secs] [Times: user=0.00 sys=0.00, real=0.00 secs] 
16.678: Total time for which application threads were stopped: 0.0033130 seconds, Stopping threads took: 0.0022880 seconds
16.782: Application time: 0.1038380 seconds
16.782: [GC [PSYoungGen: 14832K->496K(15872K)] 18408K->4544K(51712K), 0.0009410 secs] [Times: user=0.01 sys=0.00, real=0.00 secs] 
16.783: Total time for which application threads were stopped: 0.0010930 seconds, Stopping threads took: 0.0000740 seconds
16.880: Application time: 0.0968020 seconds
16.880: [GC [PSYoungGen: 14320K->544K(15872K)] 18368K->4600K(51712K), 0.0006210 secs] [Times: user=0.00 sys=0.00, real=0.00 secs] 
16.881: Total time for which application threads were stopped: 0.0007540 seconds, Stopping threads took: 0.0000710 seconds
16.959: Application time: 0.0783720 seconds
16.959: [GC [PSYoungGen: 14368K->512K(15872K)] 18424K->4624K(51712K), 0.0005690 secs] [Times: user=0.00 sys=0.00, real=0.00 secs] 
16.960: Total time for which application threads were stopped: 0.0006940 seconds, Stopping threads took: 0.0000530 seconds
17.037: Application time: 0.0766500 seconds
17.037: [GC [PSYoungGen: 14336K->560K(15872K)] 18448K->4696K(51712K), 0.0004940 secs] [Times: user=0.00 sys=0.00, real=0.00 secs] 
17.037: Total time for which application threads were stopped: 0.0006140 seconds, Stopping threads took: 0.0000590 seconds
17.114: Application time: 0.0768880 seconds
17.114: [GC [PSYoungGen: 14384K->528K(15872K)] 18520K->4704K(51712K), 0.0005570 secs] [Times: user=0.01 sys=0.00, real=0.00 secs] 
17.115: Total time for which application threads were stopped: 0.0006650 seconds, Stopping threads took: 0.0000480 seconds
17.190: Application time: 0.0755950 seconds
17.190: [GC [PSYoungGen: 14352K->576K(15872K)] 18528K->4776K(51712K), 0.0004950 secs] [Times: user=0.00 sys=0.00, real=0.00 secs] 
17.191: Total time for which application threads were stopped: 0.0006080 seconds, Stopping threads took: 0.0000530 seconds
17.266: Application time: 0.0746050 seconds
17.266: [GC [PSYoungGen: 14400K->544K(15872K)] 18600K->4744K(51712K), 0.0004800 secs] [Times: user=0.00 sys=0.00, real=0.00 secs] 
17.266: Total time for which application threads were stopped: 0.0005890 seconds, Stopping threads took: 0.0000460 seconds
17.343: Application time: 0.0764900 seconds
17.343: [GC [PSYoungGen: 14368K->528K(15872K)] 18568K->4776K(51712K), 0.0005710 secs] [Times: user=0.00 sys=0.00, real=0.00 secs] 
17.343: Total time for which application threads were stopped: 0.0006880 seconds, Stopping threads took: 0.0000560 seconds
17.420: Application time: 0.0762920 seconds
17.420: [GC [PSYoungGen: 14352K->464K(15872K)] 18600K->4712K(51712K), 0.0005370 secs] [Times: user=0.01 sys=0.00, real=0.00 secs] 
17.420: Total time for which application threads were stopped: 0.0006620 seconds, Stopping threads took: 0.0000630 seconds
17.497: Application time: 0.0764930 seconds
17.497: [GC [PSYoungGen: 14288K->512K(15872K)] 18536K->4808K(51712K), 0.0006210 secs] [Times: user=0.00 sys=0.00, real=0.00 secs] 
17.498: Total time for which application threads were stopped: 0.0007440 seconds, Stopping threads took: 0.0000530 seconds
17.575: Application time: 0.0769600 seconds
17.575: [GC [PSYoungGen: 14336K->496K(15872K)] 18632K->4808K(51712K), 0.0005110 secs] [Times: user=0.00 sys=0.00, real=0.00 secs] 
17.575: Total time for which application threads were stopped: 0.0006210 seconds, Stopping threads took: 0.0000530 seconds
17.656: Application time: 0.0805830 seconds
17.656: [GC [PSYoungGen: 14320K->512K(15872K)] 18632K->4856K(51712K), 0.0004960 secs] [Times: user=0.00 sys=0.00, real=0.00 secs] 
17.656: Total time for which application threads were stopped: 0.0006130 seconds, Stopping threads took: 0.0000550 seconds
17.734: Application time: 0.0775030 seconds
17.734: [GC [PSYoungGen: 14336K->512K(15872K)] 18680K->4880K(51712K), 0.0004900 secs] [Times: user=0.01 sys=0.00, real=0.00 secs] 
17.734: Total time for which application threads were stopped: 0.0005950 seconds, Stopping threads took: 0.0000470 seconds
17.811: Application time: 0.0763840 seconds
17.811: [GC [PSYoungGen: 14336K->512K(15872K)] 18704K->4904K(51712K), 0.0004910 secs] [Times: user=0.00 sys=0.00, real=0.00 secs] 
17.811: Total time for which application threads were stopped: 0.0006130 seconds, Stopping threads took: 0.0000550 seconds
17.888: Application time: 0.0764920 seconds
17.888: [GC [PSYoungGen: 14336K->512K(15872K)] 18728K->4904K(51712K), 0.0005080 secs] [Times: user=0.00 sys=0.00, real=0.00 secs] 
17.889: Total time for which application threads were stopped: 0.0006510 seconds, Stopping threads took: 0.0000780 seconds
17.964: Application time: 0.0755690 seconds
17.964: [GC [PSYoungGen: 14336K->480K(15872K)] 18728K->4872K(51712K), 0.0005300 secs] [Times: user=0.00 sys=0.00, real=0.00 secs] 
17.965: Total time for which application threads were stopped: 0.0006390 seconds, Stopping threads took: 0.0000490 seconds
18.039: Application time: 0.0743180 seconds
18.039: [GC [PSYoungGen: 14304K->560K(15872K)] 18696K->4952K(51712K), 0.0004720 secs] [Times: user=0.01 sys=0.00, real=0.00 secs] 
18.040: Total time for which application threads were stopped: 0.0005990 seconds, Stopping threads took: 0.0000480 seconds
18.116: Application time: 0.0765500 seconds
18.116: [GC [PSYoungGen: 14384K->496K(15872K)] 18776K->4888K(51712K), 0.0004840 secs] [Times: user=0.00 sys=0.00, real=0.00 secs] 
18.117: Total time for which application threads were stopped: 0.0006040 seconds, Stopping threads took: 0.0000610 seconds
18.192: Application time: 0.0755470 seconds
18.193: [GC [PSYoungGen: 14320K->496K(15872K)] 18712K->4888K(51712K), 0.0005130 secs] [Times: user=0.01 sys=0.00, real=0.00 secs] 
18.193: Total time for which application threads were stopped: 0.0006220 seconds, Stopping threads took: 0.0000530 seconds
18.269: Application time: 0.0762970 seconds
18.269: [GC [PSYoungGen: 14320K->512K(15872K)] 18712K->4904K(51712K), 0.0005150 secs] [Times: user=0.01 sys=0.00, real=0.00 secs] 
18.270: Total time for which application threads were stopped: 0.0006260 seconds, Stopping threads took: 0.0000490 seconds
18.346: Application time: 0.0760200 seconds
18.346: [GC [PSYoungGen: 14336K->544K(15872K)] 18728K->4952K(51712K), 0.0005080 secs] [Times: user=0.00 sys=0.00, real=0.00 secs] 
18.347: Total time for which application threads were stopped: 0.0006250 seconds, Stopping threads took: 0.0000510 seconds
18.423: Application time: 0.0760590 seconds
18.423: [GC [PSYoungGen: 14368K->496K(15872K)] 18776K->4920K(51712K), 0.0004790 secs] [Times: user=0.00 sys=0.00, real=0.00 secs] 
18.423: Total time for which application threads were stopped: 0.0005900 seconds, Stopping threads took: 0.0000520 seconds
18.500: Application time: 0.0766400 seconds
18.500: [GC [PSYoungGen: 14320K->496K(15872K)] 18744K->4920K(51712K), 0.0006190 secs] [Times: user=0.00 sys=0.00, real=0.00 secs] 
18.501: Total time for which application threads were stopped: 0.0007400 seconds, Stopping threads took: 0.0000510 seconds
18.577: Application time: 0.0762540 seconds
18.577: [GC [PSYoungGen: 14320K->512K(15872K)] 18744K->4960K(51712K), 0.0004940 secs] [Times: user=0.00 sys=0.00, real=0.00 secs] 
18.578: Total time for which application threads were stopped: 0.0006200 seconds, Stopping threads took: 0.0000530 seconds
18.654: Application time: 0.0767090 seconds
18.654: [GC [PSYoungGen: 14336K->512K(15872K)] 18784K->5000K(51712K), 0.0005150 secs] [Times: user=0.00 sys=0.00, real=0.00 secs] 
18.655: Total time for which application threads were stopped: 0.0006760 seconds, Stopping threads took: 0.0000960 seconds
18.730: Application time: 0.0752750 seconds
18.733: [GC [PSYoungGen: 14336K->496K(15872K)] 18824K->4992K(51712K), 0.0005260 secs] [Times: user=0.00 sys=0.00, real=0.00 secs] 
18.734: Total time for which application threads were stopped: 0.0037040 seconds, Stopping threads took: 0.0031190 seconds
18.809: Application time: 0.0746270 seconds
18.809: [GC [PSYoungGen: 14320K->480K(15872K)] 18816K->5000K(51712K), 0.0004770 secs] [Times: user=0.00 sys=0.00, real=0.00 secs] 
18.809: Total time for which application threads were stopped: 0.0005950 seconds, Stopping threads took: 0.0000570 seconds
18.886: Application time: 0.0764030 seconds
18.889: [GC [PSYoungGen: 14304K->528K(15872K)] 18824K->5048K(51712K), 0.0004890 secs] [Times: user=0.00 sys=0.00, real=0.00 secs] 
18.890: Total time for which application threads were stopped: 0.0043190 seconds, Stopping threads took: 0.0037640 seconds
18.965: Application time: 0.0755800 seconds
18.966: [GC [PSYoungGen: 14352K->512K(15872K)] 18872K->5032K(51712K), 0.0004840 secs] [Times: user=0.00 sys=0.00, real=0.00 secs] 
18.966: Total time for which application threads were stopped: 0.0006000 seconds, Stopping threads took: 0.0000430 seconds
19.042: Application time: 0.0763490 seconds
19.043: [GC [PSYoungGen: 14336K->512K(15872K)] 18856K->5032K(51712K), 0.0004780 secs] [Times: user=0.00 sys=0.00, real=0.00 secs] 
19.043: Total time for which application threads were stopped: 0.0006010 seconds, Stopping threads took: 0.0000570 seconds
19.120: Application time: 0.0767790 seconds
19.120: [GC [PSYoungGen: 14336K->544K(15872K)] 18856K->5088K(51712K), 0.0004840 secs] [Times: user=0.01 sys=0.00, real=0.00 secs] 
19.120: Total time for which application threads were stopped: 0.0006110 seconds, Stopping threads took: 0.0000520 seconds
19.197: Application time: 0.0769920 seconds
19.197: [GC [PSYoungGen: 14368K->496K(15872K)] 18912K->5056K(51712K), 0.0004790 secs] [Times: user=0.01 sys=0.00, real=0.00 secs] 
19.198: Total time for which application threads were stopped: 0.0005830 seconds, Stopping threads took: 0.0000470 seconds
19.275: Application time: 0.0765430 seconds
19.275: [GC [PSYoungGen: 14320K->480K(15872K)] 18880K->5040K(51712K), 0.0004630 secs] [Times: user=0.00 sys=0.00, real=0.00 secs] 
19.275: Total time for which application threads were stopped: 0.0005770 seconds, Stopping threads took: 0.0000550 seconds
19.352: Application time: 0.0766010 seconds
19.352: [GC [PSYoungGen: 14304K->512K(15872K)] 18864K->5096K(51712K), 0.0005320 secs] [Times: user=0.00 sys=0.00, real=0.00 secs] 
19.352: Total time for which application threads were stopped: 0.0006550 seconds, Stopping threads took: 0.0000600 seconds
19.429: Application time: 0.0762880 seconds
19.429: [GC [PSYoungGen: 14336K->560K(15872K)] 18920K->5144K(51712K), 0.0005260 secs] [Times: user=0.00 sys=0.00, real=0.00 secs] 
19.429: Total time for which application threads were stopped: 0.0006490 seconds, Stopping threads took: 0.0000560 seconds
19.505: Application time: 0.0759910 seconds
19.509: [GC [PSYoungGen: 14384K->480K(15872K)] 18968K->5064K(51712K), 0.0005080 secs] [Times: user=0.00 sys=0.00, real=0.00 secs] 
19.510: Total time for which application threads were stopped: 0.0046070 seconds, Stopping threads took: 0.0040320 seconds
19.584: Application time: 0.0744920 seconds
19.585: [GC [PSYoungGen: 14304K->496K(15872K)] 18888K->5080K(51712K), 0.0004960 secs] [Times: user=0.00 sys=0.00, real=0.00 secs] 
19.585: Total time for which application threads were stopped: 0.0006280 seconds, Stopping threads took: 0.0000660 seconds
19.661: Application time: 0.0759570 seconds
19.661: [GC [PSYoungGen: 14320K->512K(15872K)] 18904K->5096K(51712K), 0.0004830 secs] [Times: user=0.00 sys=0.00, real=0.00 secs] 
19.662: Total time for which application threads were stopped: 0.0006150 seconds, Stopping threads took: 0.0000520 seconds
19.738: Application time: 0.0763130 seconds
19.738: [GC [PSYoungGen: 14336K->512K(15872K)] 18920K->5096K(51712K), 0.0004850 secs] [Times: user=0.00 sys=0.00, real=0.00 secs] 
19.739: Total time for which application threads were stopped: 0.0006050 seconds, Stopping threads took: 0.0000600 seconds
19.814: Application time: 0.0757570 seconds
19.814: [GC [PSYoungGen: 14336K->464K(15872K)] 18920K->5048K(51712K), 0.0004910 secs] [Times: user=0.00 sys=0.00, real=0.00 secs] 
19.815: Total time for which application threads were stopped: 0.0006070 seconds, Stopping threads took: 0.0000520 seconds
19.891: Application time: 0.0764280 seconds
19.891: [GC [PSYoungGen: 14288K->544K(15872K)] 18872K->5144K(51712K), 0.0004840 secs] [Times: user=0.01 sys=0.00, real=0.00 secs] 
19.892: Total time for which application threads were stopped: 0.0006050 seconds, Stopping threads took: 0.0000530 seconds
19.968: Application time: 0.0762630 seconds
19.968: [GC [PSYoungGen: 14368K->480K(15872K)] 18968K->5088K(51712K), 0.0005110 secs] [Times: user=0.00 sys=0.00, real=0.00 secs] 
19.969: Total time for which application threads were stopped: 0.0006280 seconds, Stopping threads took: 0.0000500 seconds
20.045: Application time: 0.0761250 seconds
20.045: [GC [PSYoungGen: 14304K->496K(15872K)] 18912K->5104K(51712K), 0.0005390 secs] [Times: user=0.00 sys=0.00, real=0.01 secs] 
20.046: Total time for which application threads were stopped: 0.0006700 seconds, Stopping threads took: 0.0000560 seconds
20.122: Application time: 0.0765500 seconds
20.122: [GC [PSYoungGen: 14320K->528K(15872K)] 18928K->5152K(51712K), 0.0005020 secs] [Times: user=0.00 sys=0.00, real=0.00 secs] 
20.123: Total time for which application threads were stopped: 0.0006140 seconds, Stopping threads took: 0.0000540 seconds
20.200: Application time: 0.0767200 seconds
20.200: [GC [PSYoungGen: 14352K->480K(15872K)] 18976K->5104K(51712K), 0.0004820 secs] [Times: user=0.00 sys=0.00, real=0.00 secs] 
20.200: Total time for which application threads were stopped: 0.0006160 seconds, Stopping threads took: 0.0000570 seconds
20.277: Application time: 0.0765620 seconds
20.277: [GC [PSYoungGen: 14304K->528K(15872K)] 18928K->5152K(51712K), 0.0004950 secs] [Times: user=0.00 sys=0.00, real=0.00 secs] 
20.278: Total time for which application threads were stopped: 0.0017670 seconds, Stopping threads took: 0.0000510 seconds
20.354: Application time: 0.0758140 seconds
20.354: [GC [PSYoungGen: 14352K->496K(15872K)] 18976K->5120K(51712K), 0.0005020 secs] [Times: user=0.00 sys=0.00, real=0.00 secs] 
20.355: Total time for which application threads were stopped: 0.0006160 seconds, Stopping threads took: 0.0000570 seconds
20.430: Application time: 0.0749500 seconds
20.430: [GC [PSYoungGen: 14320K->496K(15872K)] 18944K->5120K(51712K), 0.0004860 secs] [Times: user=0.00 sys=0.00, real=0.00 secs] 
20.430: Total time for which application threads were stopped: 0.0006030 seconds, Stopping threads took: 0.0000550 seconds
20.507: Application time: 0.0763460 seconds
20.507: [GC [PSYoungGen: 14320K->496K(15872K)] 18944K->5120K(51712K), 0.0004790 secs] [Times: user=0.01 sys=0.00, real=0.00 secs] 
20.507: Total time for which application threads were stopped: 0.0005880 seconds, Stopping threads took: 0.0000500 seconds
20.584: Application time: 0.0766290 seconds
20.584: [GC [PSYoungGen: 14320K->496K(15872K)] 18944K->5120K(51712K), 0.0006170 secs] [Times: user=0.01 sys=0.00, real=0.00 secs] 
20.585: Total time for which application threads were stopped: 0.0007420 seconds, Stopping threads took: 0.0000610 seconds
20.662: Application time: 0.0770420 seconds
20.662: [GC [PSYoungGen: 14320K->528K(15872K)] 18944K->5168K(51712K), 0.0004660 secs] [Times: user=0.00 sys=0.00, real=0.00 secs] 
20.662: Total time for which application threads were stopped: 0.0005770 seconds, Stopping threads took: 0.0000480 seconds
20.740: Application time: 0.0776860 seconds
20.740: [GC [PSYoungGen: 14352K->528K(15872K)] 18992K->5184K(51712K), 0.0005600 secs] [Times: user=0.00 sys=0.00, real=0.00 secs] 
20.741: Total time for which application threads were stopped: 0.0006870 seconds, Stopping threads took: 0.0000490 seconds
20.817: Application time: 0.0760450 seconds
20.817: [GC [PSYoungGen: 14352K->496K(15872K)] 19008K->5168K(51712K), 0.0004820 secs] [Times: user=0.00 sys=0.00, real=0.00 secs] 
20.817: Total time for which application threads were stopped: 0.0006020 seconds, Stopping threads took: 0.0000510 seconds
20.894: Application time: 0.0768220 seconds
20.894: [GC [PSYoungGen: 14320K->464K(15872K)] 18992K->5152K(51712K), 0.0005470 secs] [Times: user=0.00 sys=0.00, real=0.00 secs] 
20.895: Total time for which application threads were stopped: 0.0006660 seconds, Stopping threads took: 0.0000550 seconds
20.972: Application time: 0.0767300 seconds
20.972: [GC [PSYoungGen: 14288K->528K(15872K)] 18976K->5224K(51712K), 0.0005540 secs] [Times: user=0.01 sys=0.00, real=0.00 secs] 
20.972: Total time for which application threads were stopped: 0.0006640 seconds, Stopping threads took: 0.0000480 seconds
21.049: Application time: 0.0767020 seconds
21.049: [GC [PSYoungGen: 14352K->512K(15872K)] 19048K->5208K(51712K), 0.0004380 secs] [Times: user=0.00 sys=0.00, real=0.00 secs] 
21.050: Total time for which application threads were stopped: 0.0005540 seconds, Stopping threads took: 0.0000560 seconds
21.125: Application time: 0.0757840 seconds
21.129: [GC [PSYoungGen: 14336K->480K(15872K)] 19032K->5176K(51712K), 0.0005450 secs] [Times: user=0.00 sys=0.00, real=0.00 secs] 
21.130: Total time for which application threads were stopped: 0.0046020 seconds, Stopping threads took: 0.0039960 seconds
21.205: Application time: 0.0745980 seconds
21.205: [GC [PSYoungGen: 14304K->496K(15872K)] 19000K->5192K(51712K), 0.0005130 secs] [Times: user=0.00 sys=0.00, real=0.00 secs] 
21.205: Total time for which application threads were stopped: 0.0006440 seconds, Stopping threads took: 0.0000640 seconds
21.282: Application time: 0.0766820 seconds
21.282: [GC [PSYoungGen: 14320K->496K(15872K)] 19016K->5192K(51712K), 0.0004820 secs] [Times: user=0.00 sys=0.00, real=0.00 secs] 
21.282: Total time for which application threads were stopped: 0.0006090 seconds, Stopping threads took: 0.0000540 seconds
21.358: Application time: 0.0755890 seconds
21.358: [GC [PSYoungGen: 14320K->544K(15872K)] 19016K->5240K(51712K), 0.0005510 secs] [Times: user=0.00 sys=0.00, real=0.00 secs] 
21.359: Total time for which application threads were stopped: 0.0006660 seconds, Stopping threads took: 0.0000530 seconds
21.435: Application time: 0.0761520 seconds
21.435: [GC [PSYoungGen: 14368K->528K(15872K)] 19064K->5232K(51712K), 0.0005080 secs] [Times: user=0.00 sys=0.00, real=0.00 secs] 
21.436: Total time for which application threads were stopped: 0.0006340 seconds, Stopping threads took: 0.0000570 seconds
21.512: Application time: 0.0763870 seconds
21.512: [GC [PSYoungGen: 14352K->528K(15872K)] 19056K->5240K(51712K), 0.0005150 secs] [Times: user=0.00 sys=0.00, real=0.00 secs] 
21.513: Total time for which application threads were stopped: 0.0006320 seconds, Stopping threads took: 0.0000520 seconds
21.589: Application time: 0.0763540 seconds
21.589: [GC [PSYoungGen: 14352K->544K(15872K)] 19064K->5264K(51712K), 0.0005090 secs] [Times: user=0.00 sys=0.00, real=0.00 secs] 
21.590: Total time for which application threads were stopped: 0.0006250 seconds, Stopping threads took: 0.0000540 seconds
21.666: Application time: 0.0765850 seconds
21.666: [GC [PSYoungGen: 14368K->512K(15872K)] 19088K->5240K(51712K), 0.0005180 secs] [Times: user=0.00 sys=0.00, real=0.00 secs] 
21.667: Total time for which application threads were stopped: 0.0006430 seconds, Stopping threads took: 0.0000570 seconds
21.743: Application time: 0.0765290 seconds
21.743: [GC [PSYoungGen: 14336K->560K(15872K)] 19064K->5296K(51712K), 0.0005110 secs] [Times: user=0.00 sys=0.00, real=0.00 secs] 
21.744: Total time for which application threads were stopped: 0.0006200 seconds, Stopping threads took: 0.0000500 seconds
21.821: Application time: 0.0771250 seconds
21.821: [GC [PSYoungGen: 14384K->528K(15872K)] 19120K->5264K(51712K), 0.0005010 secs] [Times: user=0.00 sys=0.00, real=0.00 secs] 
21.822: Total time for which application threads were stopped: 0.0006400 seconds, Stopping threads took: 0.0000650 seconds
21.897: Application time: 0.0752710 seconds
21.897: [GC [PSYoungGen: 14351K->528K(15872K)] 19088K->5264K(51712K), 0.0005310 secs] [Times: user=0.00 sys=0.00, real=0.00 secs] 
21.898: Total time for which application threads were stopped: 0.0006490 seconds, Stopping threads took: 0.0000540 seconds
21.972: Application time: 0.0742910 seconds
21.972: [GC [PSYoungGen: 14352K->480K(15872K)] 19088K->5216K(51712K), 0.0005380 secs] [Times: user=0.00 sys=0.00, real=0.00 secs] 
21.973: Total time for which application threads were stopped: 0.0006510 seconds, Stopping threads took: 0.0000490 seconds
22.049: Application time: 0.0760500 seconds
22.049: [GC [PSYoungGen: 14304K->464K(15872K)] 19040K->5200K(51712K), 0.0004910 secs] [Times: user=0.00 sys=0.00, real=0.00 secs] 
22.049: Total time for which application threads were stopped: 0.0006080 seconds, Stopping threads took: 0.0000550 seconds
22.125: Application time: 0.0754720 seconds
22.125: [GC [PSYoungGen: 14288K->512K(15872K)] 19024K->5248K(51712K), 0.0005340 secs] [Times: user=0.00 sys=0.00, real=0.01 secs] 
22.125: Total time for which application threads were stopped: 0.0006410 seconds, Stopping threads took: 0.0000480 seconds
22.202: Application time: 0.0769660 seconds
22.204: [GC [PSYoungGen: 14336K->496K(15872K)] 19072K->5232K(51712K), 0.0005280 secs] [Times: user=0.00 sys=0.00, real=0.00 secs] 
22.205: Total time for which application threads were stopped: 0.0021870 seconds, Stopping threads took: 0.0016050 seconds
22.281: Application time: 0.0768510 seconds
22.281: [GC [PSYoungGen: 14320K->528K(15872K)] 19056K->5272K(51712K), 0.0004950 secs] [Times: user=0.00 sys=0.00, real=0.00 secs] 
22.282: Total time for which application threads were stopped: 0.0006100 seconds, Stopping threads took: 0.0000480 seconds
22.358: Application time: 0.0759930 seconds
22.358: [GC [PSYoungGen: 14352K->528K(15872K)] 19096K->5288K(51712K), 0.0005060 secs] [Times: user=0.00 sys=0.00, real=0.00 secs] 
22.359: Total time for which application threads were stopped: 0.0006430 seconds, Stopping threads took: 0.0000570 seconds
22.436: Application time: 0.0769000 seconds
22.436: [GC [PSYoungGen: 14352K->528K(15872K)] 19112K->5288K(51712K), 0.0004980 secs] [Times: user=0.00 sys=0.00, real=0.00 secs] 
22.436: Total time for which application threads were stopped: 0.0006150 seconds, Stopping threads took: 0.0000500 seconds
22.513: Application time: 0.0763800 seconds
22.513: [GC [PSYoungGen: 14352K->512K(15872K)] 19112K->5288K(51712K), 0.0004930 secs] [Times: user=0.01 sys=0.00, real=0.00 secs] 
22.513: Total time for which application threads were stopped: 0.0006240 seconds, Stopping threads took: 0.0000600 seconds
22.589: Application time: 0.0762700 seconds
22.590: [GC [PSYoungGen: 14336K->464K(15872K)] 19112K->5240K(51712K), 0.0004580 secs] [Times: user=0.00 sys=0.00, real=0.00 secs] 
22.590: Total time for which application threads were stopped: 0.0005760 seconds, Stopping threads took: 0.0000570 seconds
22.666: Application time: 0.0760100 seconds
22.666: [GC [PSYoungGen: 14288K->512K(15872K)] 19064K->5288K(51712K), 0.0004700 secs] [Times: user=0.00 sys=0.00, real=0.00 secs] 
22.667: Total time for which application threads were stopped: 0.0005980 seconds, Stopping threads took: 0.0000610 seconds
22.740: Application time: 0.0736190 seconds
22.740: [GC [PSYoungGen: 14336K->528K(15872K)] 19112K->5304K(51712K), 0.0005200 secs] [Times: user=0.00 sys=0.00, real=0.00 secs] 
22.741: Total time for which application threads were stopped: 0.0006330 seconds, Stopping threads took: 0.0000520 seconds
22.817: Application time: 0.0766380 seconds
22.818: [GC [PSYoungGen: 14352K->528K(15872K)] 19128K->5304K(51712K), 0.0005270 secs] [Times: user=0.00 sys=0.00, real=0.00 secs] 
22.818: Total time for which application threads were stopped: 0.0006440 seconds, Stopping threads took: 0.0000530 seconds
22.894: Application time: 0.0759710 seconds
22.894: [GC [PSYoungGen: 14352K->496K(15872K)] 19128K->5272K(51712K), 0.0005120 secs] [Times: user=0.00 sys=0.00, real=0.00 secs] 
22.895: Total time for which application threads were stopped: 0.0006240 seconds, Stopping threads took: 0.0000420 seconds
22.970: Application time: 0.0756660 seconds
22.971: [GC [PSYoungGen: 14320K->528K(15872K)] 19096K->5304K(51712K), 0.0004990 secs] [Times: user=0.00 sys=0.00, real=0.00 secs] 
22.971: Total time for which application threads were stopped: 0.0006220 seconds, Stopping threads took: 0.0000630 seconds
23.048: Application time: 0.0766900 seconds
23.049: [GC [PSYoungGen: 14352K->512K(15872K)] 19128K->5312K(51712K), 0.0004940 secs] [Times: user=0.00 sys=0.00, real=0.00 secs] 
23.050: Total time for which application threads were stopped: 0.0021720 seconds, Stopping threads took: 0.0016130 seconds
23.126: Application time: 0.0759140 seconds
23.126: [GC [PSYoungGen: 14336K->512K(15872K)] 19136K->5336K(51712K), 0.0004980 secs] [Times: user=0.00 sys=0.00, real=0.00 secs] 
23.126: Total time for which application threads were stopped: 0.0006200 seconds, Stopping threads took: 0.0000580 seconds
23.203: Application time: 0.0767690 seconds
23.203: [GC [PSYoungGen: 14336K->512K(15872K)] 19160K->5336K(51712K), 0.0005270 secs] [Times: user=0.01 sys=0.00, real=0.00 secs] 
23.204: Total time for which application threads were stopped: 0.0006600 seconds, Stopping threads took: 0.0000590 seconds
23.281: Application time: 0.0768610 seconds
23.281: [GC [PSYoungGen: 14336K->512K(15872K)] 19160K->5352K(51712K), 0.0005260 secs] [Times: user=0.00 sys=0.00, real=0.00 secs] 
23.281: Total time for which application threads were stopped: 0.0006370 seconds, Stopping threads took: 0.0000490 seconds
23.358: Application time: 0.0763020 seconds
23.358: [GC [PSYoungGen: 14336K->528K(15872K)] 19176K->5368K(51712K), 0.0004980 secs] [Times: user=0.00 sys=0.00, real=0.00 secs] 
23.358: Total time for which application threads were stopped: 0.0006200 seconds, Stopping threads took: 0.0000570 seconds
23.434: Application time: 0.0760940 seconds
23.434: [GC [PSYoungGen: 14352K->528K(15872K)] 19192K->5368K(51712K), 0.0005060 secs] [Times: user=0.00 sys=0.00, real=0.00 secs] 
23.435: Total time for which application threads were stopped: 0.0006310 seconds, Stopping threads took: 0.0000580 seconds
23.508: Application time: 0.0734220 seconds
23.509: [GC [PSYoungGen: 14352K->480K(15872K)] 19192K->5320K(51712K), 0.0005420 secs] [Times: user=0.00 sys=0.00, real=0.00 secs] 
23.509: Total time for which application threads were stopped: 0.0006580 seconds, Stopping threads took: 0.0000540 seconds
23.586: Application time: 0.0766430 seconds
23.586: [GC [PSYoungGen: 14304K->528K(15872K)] 19144K->5368K(51712K), 0.0005700 secs] [Times: user=0.00 sys=0.00, real=0.00 secs] 
23.586: Total time for which application threads were stopped: 0.0006880 seconds, Stopping threads took: 0.0000510 seconds
23.662: Application time: 0.0756430 seconds
23.662: [GC [PSYoungGen: 14352K->528K(15872K)] 19192K->5368K(51712K), 0.0004690 secs] [Times: user=0.00 sys=0.00, real=0.00 secs] 
23.663: Total time for which application threads were stopped: 0.0005850 seconds, Stopping threads took: 0.0000530 seconds
23.740: Application time: 0.0773610 seconds
23.740: [GC [PSYoungGen: 14352K->512K(15872K)] 19192K->5352K(51712K), 0.0004860 secs] [Times: user=0.00 sys=0.00, real=0.00 secs] 
23.741: Total time for which application threads were stopped: 0.0005960 seconds, Stopping threads took: 0.0000540 seconds
23.817: Application time: 0.0762130 seconds
23.817: [GC [PSYoungGen: 14336K->528K(15872K)] 19176K->5376K(51712K), 0.0005330 secs] [Times: user=0.00 sys=0.00, real=0.00 secs] 
23.817: Total time for which application threads were stopped: 0.0006530 seconds, Stopping threads took: 0.0000500 seconds
23.894: Application time: 0.0761940 seconds
23.894: [GC [PSYoungGen: 14352K->528K(15872K)] 19200K->5392K(51712K), 0.0004780 secs] [Times: user=0.00 sys=0.00, real=0.00 secs] 
23.894: Total time for which application threads were stopped: 0.0005960 seconds, Stopping threads took: 0.0000500 seconds
23.970: Application time: 0.0761430 seconds
23.971: [GC [PSYoungGen: 14352K->496K(15872K)] 19216K->5360K(51712K), 0.0005190 secs] [Times: user=0.00 sys=0.00, real=0.00 secs] 
23.971: Total time for which application threads were stopped: 0.0006450 seconds, Stopping threads took: 0.0000500 seconds
24.048: Application time: 0.0766260 seconds
24.048: [GC [PSYoungGen: 14320K->544K(15872K)] 19184K->5416K(51712K), 0.0005700 secs] [Times: user=0.00 sys=0.00, real=0.00 secs] 
24.048: Total time for which application threads were stopped: 0.0006910 seconds, Stopping threads took: 0.0000560 seconds
24.125: Application time: 0.0761870 seconds
24.125: [GC [PSYoungGen: 14368K->496K(15872K)] 19240K->5384K(51712K), 0.0005050 secs] [Times: user=0.00 sys=0.00, real=0.00 secs] 
24.125: Total time for which application threads were stopped: 0.0006120 seconds, Stopping threads took: 0.0000470 seconds
24.201: Application time: 0.0762690 seconds
24.202: [GC [PSYoungGen: 14320K->448K(15872K)] 19208K->5336K(51712K), 0.0005210 secs] [Times: user=0.00 sys=0.00, real=0.00 secs] 
24.202: Total time for which application threads were stopped: 0.0006350 seconds, Stopping threads took: 0.0000520 seconds
24.277: Application time: 0.0751390 seconds
24.277: [GC [PSYoungGen: 14272K->528K(15872K)] 19160K->5416K(51712K), 0.0004940 secs] [Times: user=0.00 sys=0.00, real=0.00 secs] 
24.278: Total time for which application threads were stopped: 0.0006230 seconds, Stopping threads took: 0.0000690 seconds
24.353: Application time: 0.0755530 seconds
24.354: [GC [PSYoungGen: 14352K->464K(15872K)] 19240K->5352K(51712K), 0.0005190 secs] [Times: user=0.00 sys=0.00, real=0.00 secs] 
24.354: Total time for which application threads were stopped: 0.0006340 seconds, Stopping threads took: 0.0000520 seconds
24.430: Application time: 0.0760500 seconds
24.430: [GC [PSYoungGen: 14288K->496K(15872K)] 19176K->5384K(51712K), 0.0004650 secs] [Times: user=0.00 sys=0.00, real=0.00 secs] 
24.431: Total time for which application threads were stopped: 0.0005890 seconds, Stopping threads took: 0.0000600 seconds
24.507: Application time: 0.0761630 seconds
24.507: [GC [PSYoungGen: 14320K->480K(15872K)] 19208K->5368K(51712K), 0.0005050 secs] [Times: user=0.00 sys=0.00, real=0.00 secs] 
24.508: Total time for which application threads were stopped: 0.0006410 seconds, Stopping threads took: 0.0000630 seconds
24.584: Application time: 0.0764010 seconds
24.584: [GC [PSYoungGen: 14304K->496K(15872K)] 19192K->5400K(51712K), 0.0004890 secs] [Times: user=0.00 sys=0.00, real=0.00 secs] 
24.585: Total time for which application threads were stopped: 0.0006260 seconds, Stopping threads took: 0.0000710 seconds
24.661: Application time: 0.0762340 seconds
24.661: [GC [PSYoungGen: 14320K->480K(15872K)] 19224K->5408K(51712K), 0.0005040 secs] [Times: user=0.00 sys=0.00, real=0.00 secs] 
24.661: Total time for which application threads were stopped: 0.0006320 seconds, Stopping threads took: 0.0000640 seconds
24.738: Application time: 0.0761600 seconds
24.738: [GC [PSYoungGen: 14304K->496K(15872K)] 19232K->5424K(51712K), 0.0005140 secs] [Times: user=0.00 sys=0.00, real=0.00 secs] 
24.738: Total time for which application threads were stopped: 0.0006350 seconds, Stopping threads took: 0.0000580 seconds
24.815: Application time: 0.0764010 seconds
24.815: [GC [PSYoungGen: 14320K->512K(15872K)] 19248K->5456K(51712K), 0.0004860 secs] [Times: user=0.00 sys=0.00, real=0.00 secs] 
24.815: Total time for which application threads were stopped: 0.0005960 seconds, Stopping threads took: 0.0000470 seconds
24.892: Application time: 0.0769530 seconds
24.892: [GC [PSYoungGen: 14336K->480K(15872K)] 19280K->5448K(51712K), 0.0004710 secs] [Times: user=0.00 sys=0.00, real=0.00 secs] 
24.893: Total time for which application threads were stopped: 0.0005960 seconds, Stopping threads took: 0.0000580 seconds
24.969: Application time: 0.0763670 seconds
24.969: [GC [PSYoungGen: 14304K->496K(15872K)] 19272K->5464K(51712K), 0.0004900 secs] [Times: user=0.00 sys=0.00, real=0.00 secs] 
24.970: Total time for which application threads were stopped: 0.0006000 seconds, Stopping threads took: 0.0000500 seconds
25.045: Application time: 0.0755340 seconds
25.045: [GC [PSYoungGen: 14313K->512K(15872K)] 19282K->5480K(51712K), 0.0005100 secs] [Times: user=0.00 sys=0.00, real=0.00 secs] 
25.046: Total time for which application threads were stopped: 0.0006450 seconds, Stopping threads took: 0.0000610 seconds
25.120: Application time: 0.0741950 seconds
25.120: [GC [PSYoungGen: 14336K->528K(15872K)] 19304K->5496K(51712K), 0.0005070 secs] [Times: user=0.00 sys=0.00, real=0.00 secs] 
25.121: Total time for which application threads were stopped: 0.0006220 seconds, Stopping threads took: 0.0000540 seconds
25.197: Application time: 0.0764160 seconds
25.197: [GC [PSYoungGen: 14352K->512K(15872K)] 19320K->5480K(51712K), 0.0004730 secs] [Times: user=0.00 sys=0.01, real=0.00 secs] 
25.198: Total time for which application threads were stopped: 0.0005830 seconds, Stopping threads took: 0.0000480 seconds
25.275: Application time: 0.0773630 seconds
25.275: [GC [PSYoungGen: 14336K->496K(15872K)] 19304K->5464K(51712K), 0.0004560 secs] [Times: user=0.00 sys=0.00, real=0.00 secs] 
25.276: Total time for which application threads were stopped: 0.0005700 seconds, Stopping threads took: 0.0000480 seconds
25.352: Application time: 0.0762720 seconds
25.352: [GC [PSYoungGen: 14320K->528K(15872K)] 19288K->5504K(51712K), 0.0005150 secs] [Times: user=0.00 sys=0.00, real=0.00 secs] 
25.353: Total time for which application threads were stopped: 0.0006310 seconds, Stopping threads took: 0.0000520 seconds
25.429: Application time: 0.0763900 seconds
25.429: [GC [PSYoungGen: 14352K->496K(15872K)] 19328K->5488K(51712K), 0.0005310 secs] [Times: user=0.00 sys=0.00, real=0.00 secs] 
25.430: Total time for which application threads were stopped: 0.0006560 seconds, Stopping threads took: 0.0000630 seconds
25.506: Application time: 0.0762040 seconds
25.506: [GC [PSYoungGen: 14320K->496K(15872K)] 19312K->5504K(51712K), 0.0005190 secs] [Times: user=0.00 sys=0.00, real=0.00 secs] 
25.506: Total time for which application threads were stopped: 0.0006350 seconds, Stopping threads took: 0.0000510 seconds
25.583: Application time: 0.0767180 seconds
25.583: [GC [PSYoungGen: 14320K->512K(15872K)] 19328K->5528K(51712K), 0.0005150 secs] [Times: user=0.00 sys=0.00, real=0.00 secs] 
25.584: Total time for which application threads were stopped: 0.0006500 seconds, Stopping threads took: 0.0000610 seconds
25.660: Application time: 0.0763000 seconds
25.660: [GC [PSYoungGen: 14336K->544K(15872K)] 19352K->5576K(51712K), 0.0005820 secs] [Times: user=0.00 sys=0.00, real=0.00 secs] 
25.661: Total time for which application threads were stopped: 0.0007030 seconds, Stopping threads took: 0.0000540 seconds
25.737: Application time: 0.0761940 seconds
25.737: [GC [PSYoungGen: 14368K->496K(15872K)] 19400K->5528K(51712K), 0.0005090 secs] [Times: user=0.01 sys=0.00, real=0.00 secs] 
25.738: Total time for which application threads were stopped: 0.0006390 seconds, Stopping threads took: 0.0000630 seconds
25.813: Application time: 0.0754410 seconds
25.813: [GC [PSYoungGen: 14320K->496K(15872K)] 19352K->5528K(51712K), 0.0005010 secs] [Times: user=0.00 sys=0.00, real=0.01 secs] 
25.814: Total time for which application threads were stopped: 0.0006200 seconds, Stopping threads took: 0.0000560 seconds
25.888: Application time: 0.0743550 seconds
25.888: [GC [PSYoungGen: 14320K->528K(15872K)] 19352K->5560K(51712K), 0.0004970 secs] [Times: user=0.00 sys=0.00, real=0.00 secs] 
25.889: Total time for which application threads were stopped: 0.0006160 seconds, Stopping threads took: 0.0000550 seconds
25.965: Application time: 0.0762760 seconds
25.965: [GC [PSYoungGen: 14352K->512K(15872K)] 19384K->5544K(51712K), 0.0004930 secs] [Times: user=0.00 sys=0.00, real=0.01 secs] 
25.966: Total time for which application threads were stopped: 0.0006080 seconds, Stopping threads took: 0.0000540 seconds
26.042: Application time: 0.0762120 seconds
26.042: [GC [PSYoungGen: 14336K->512K(15872K)] 19368K->5544K(51712K), 0.0005230 secs] [Times: user=0.01 sys=0.00, real=0.00 secs] 
26.042: Total time for which application threads were stopped: 0.0006450 seconds, Stopping threads took: 0.0000610 seconds
26.119: Application time: 0.0760290 seconds
26.119: [GC [PSYoungGen: 14336K->512K(15872K)] 19368K->5544K(51712K), 0.0004850 secs] [Times: user=0.01 sys=0.00, real=0.00 secs] 
26.119: Total time for which application threads were stopped: 0.0006050 seconds, Stopping threads took: 0.0000510 seconds
26.196: Application time: 0.0764570 seconds
26.196: [GC [PSYoungGen: 14336K->544K(15872K)] 19368K->5600K(51712K), 0.0005080 secs] [Times: user=0.00 sys=0.00, real=0.00 secs] 
26.196: Total time for which application threads were stopped: 0.0006200 seconds, Stopping threads took: 0.0000540 seconds
26.272: Application time: 0.0762700 seconds
26.273: [GC [PSYoungGen: 14368K->544K(15872K)] 19424K->5616K(51712K), 0.0004900 secs] [Times: user=0.00 sys=0.00, real=0.00 secs] 
26.273: Total time for which application threads were stopped: 0.0006080 seconds, Stopping threads took: 0.0000550 seconds
26.350: Application time: 0.0767590 seconds
26.350: [GC [PSYoungGen: 14368K->512K(15872K)] 19440K->5584K(51712K), 0.0004920 secs] [Times: user=0.01 sys=0.00, real=0.00 secs] 
26.350: Total time for which application threads were stopped: 0.0006060 seconds, Stopping threads took: 0.0000480 seconds
26.427: Application time: 0.0762630 seconds
26.427: [GC [PSYoungGen: 14336K->512K(15872K)] 19408K->5600K(51712K), 0.0005160 secs] [Times: user=0.00 sys=0.00, real=0.00 secs] 
26.427: Total time for which application threads were stopped: 0.0006530 seconds, Stopping threads took: 0.0000710 seconds
26.503: Application time: 0.0761380 seconds
26.504: [GC [PSYoungGen: 14336K->496K(15872K)] 19424K->5600K(51712K), 0.0005910 secs] [Times: user=0.00 sys=0.00, real=0.00 secs] 
26.504: Total time for which application threads were stopped: 0.0007060 seconds, Stopping threads took: 0.0000520 seconds
26.580: Application time: 0.0754450 seconds
26.580: [GC [PSYoungGen: 14320K->496K(15872K)] 19424K->5600K(51712K), 0.0004640 secs] [Times: user=0.01 sys=0.00, real=0.00 secs] 
26.580: Total time for which application threads were stopped: 0.0005750 seconds, Stopping threads took: 0.0000500 seconds
26.654: Application time: 0.0742510 seconds
26.655: [GC [PSYoungGen: 14320K->496K(15872K)] 19424K->5600K(51712K), 0.0005320 secs] [Times: user=0.00 sys=0.00, real=0.00 secs] 
26.655: Total time for which application threads were stopped: 0.0006530 seconds, Stopping threads took: 0.0000480 seconds
26.732: Application time: 0.0770680 seconds
26.733: [GC [PSYoungGen: 14320K->528K(15872K)] 19424K->5632K(51712K), 0.0005740 secs] [Times: user=0.00 sys=0.00, real=0.00 secs] 
26.734: Total time for which application threads were stopped: 0.0017600 seconds, Stopping threads took: 0.0011190 seconds
26.810: Application time: 0.0764300 seconds
26.811: [GC [PSYoungGen: 14352K->512K(15872K)] 19456K->5624K(51712K), 0.0005960 secs] [Times: user=0.00 sys=0.00, real=0.00 secs] 
26.811: Total time for which application threads were stopped: 0.0007280 seconds, Stopping threads took: 0.0000710 seconds
26.887: Application time: 0.0756980 seconds
26.887: [GC [PSYoungGen: 14336K->464K(15872K)] 19448K->5576K(51712K), 0.0004860 secs] [Times: user=0.00 sys=0.00, real=0.00 secs] 
26.887: Total time for which application threads were stopped: 0.0006010 seconds, Stopping threads took: 0.0000520 seconds
26.963: Application time: 0.0760020 seconds
26.964: [GC [PSYoungGen: 14288K->528K(15872K)] 19400K->5664K(51712K), 0.0004990 secs] [Times: user=0.00 sys=0.00, real=0.00 secs] 
26.964: Total time for which application threads were stopped: 0.0006300 seconds, Stopping threads took: 0.0000670 seconds
27.041: Application time: 0.0765040 seconds
27.041: [GC [PSYoungGen: 14352K->512K(15872K)] 19488K->5656K(51712K), 0.0004760 secs] [Times: user=0.00 sys=0.00, real=0.00 secs] 
27.041: Total time for which application threads were stopped: 0.0005890 seconds, Stopping threads took: 0.0000510 seconds
27.118: Application time: 0.0764600 seconds
27.118: [GC [PSYoungGen: 14336K->480K(15872K)] 19480K->5624K(51712K), 0.0004750 secs] [Times: user=0.00 sys=0.00, real=0.00 secs] 
27.118: Total time for which application threads were stopped: 0.0005880 seconds, Stopping threads took: 0.0000480 seconds
27.195: Application time: 0.0764040 seconds
27.195: [GC [PSYoungGen: 14304K->496K(15872K)] 19448K->5656K(51712K), 0.0005190 secs] [Times: user=0.00 sys=0.00, real=0.00 secs] 
27.195: Total time for which application threads were stopped: 0.0006490 seconds, Stopping threads took: 0.0000560 seconds
27.272: Application time: 0.0770650 seconds
27.272: [GC [PSYoungGen: 14320K->512K(15872K)] 19480K->5688K(51712K), 0.0004640 secs] [Times: user=0.00 sys=0.00, real=0.00 secs] 
27.273: Total time for which application threads were stopped: 0.0005740 seconds, Stopping threads took: 0.0000490 seconds
27.349: Application time: 0.0756360 seconds
27.349: [GC [PSYoungGen: 14336K->496K(15872K)] 19512K->5672K(51712K), 0.0004610 secs] [Times: user=0.00 sys=0.00, real=0.00 secs] 
27.349: Total time for which application threads were stopped: 0.0006050 seconds, Stopping threads took: 0.0000760 seconds
27.424: Application time: 0.0751910 seconds
27.424: [GC [PSYoungGen: 14320K->512K(15872K)] 19496K->5688K(51712K), 0.0005140 secs] [Times: user=0.00 sys=0.00, real=0.00 secs] 
27.425: Total time for which application threads were stopped: 0.0006370 seconds, Stopping threads took: 0.0000540 seconds
27.501: Application time: 0.0756530 seconds
27.501: [GC [PSYoungGen: 14336K->560K(15872K)] 19512K->5736K(51712K), 0.0005240 secs] [Times: user=0.00 sys=0.00, real=0.00 secs] 
27.501: Total time for which application threads were stopped: 0.0006500 seconds, Stopping threads took: 0.0000570 seconds
27.577: Application time: 0.0761450 seconds
27.578: [GC [PSYoungGen: 14384K->512K(15872K)] 19560K->5688K(51712K), 0.0005070 secs] [Times: user=0.00 sys=0.00, real=0.00 secs] 
27.578: Total time for which application threads were stopped: 0.0006250 seconds, Stopping threads took: 0.0000510 seconds
27.654: Application time: 0.0756200 seconds
27.654: [GC [PSYoungGen: 14336K->496K(15872K)] 19512K->5672K(51712K), 0.0005030 secs] [Times: user=0.00 sys=0.00, real=0.00 secs] 
27.654: Total time for which application threads were stopped: 0.0006250 seconds, Stopping threads took: 0.0000550 seconds
27.731: Application time: 0.0766910 seconds
27.731: [GC [PSYoungGen: 14320K->560K(15872K)] 19496K->5752K(51712K), 0.0005110 secs] [Times: user=0.00 sys=0.00, real=0.00 secs] 
27.732: Total time for which application threads were stopped: 0.0006340 seconds, Stopping threads took: 0.0000520 seconds
27.807: Application time: 0.0757660 seconds
27.808: [GC [PSYoungGen: 14384K->528K(15872K)] 19576K->5736K(51712K), 0.0004810 secs] [Times: user=0.00 sys=0.00, real=0.00 secs] 
27.808: Total time for which application threads were stopped: 0.0006030 seconds, Stopping threads took: 0.0000580 seconds
27.884: Application time: 0.0764450 seconds
27.885: [GC [PSYoungGen: 14352K->496K(15872K)] 19560K->5704K(51712K), 0.0004940 secs] [Times: user=0.00 sys=0.00, real=0.00 secs] 
27.885: Total time for which application threads were stopped: 0.0006190 seconds, Stopping threads took: 0.0000620 seconds
27.962: Application time: 0.0769410 seconds
27.962: [GC [PSYoungGen: 14320K->496K(15872K)] 19528K->5720K(51712K), 0.0005360 secs] [Times: user=0.01 sys=0.00, real=0.00 secs] 
27.963: Total time for which application threads were stopped: 0.0006650 seconds, Stopping threads took: 0.0000640 seconds
28.039: Application time: 0.0764620 seconds
28.039: [GC [PSYoungGen: 14320K->496K(15872K)] 19544K->5736K(51712K), 0.0005220 secs] [Times: user=0.00 sys=0.00, real=0.00 secs] 
28.040: Total time for which application threads were stopped: 0.0006390 seconds, Stopping threads took: 0.0000550 seconds
28.116: Application time: 0.0761200 seconds
28.116: [GC [PSYoungGen: 14320K->496K(15872K)] 19560K->5736K(51712K), 0.0004670 secs] [Times: user=0.00 sys=0.00, real=0.00 secs] 
28.117: Total time for which application threads were stopped: 0.0005830 seconds, Stopping threads took: 0.0000520 seconds
28.192: Application time: 0.0751380 seconds
28.192: [GC [PSYoungGen: 14320K->528K(15872K)] 19560K->5768K(51712K), 0.0004580 secs] [Times: user=0.00 sys=0.00, real=0.00 secs] 
28.192: Total time for which application threads were stopped: 0.0005750 seconds, Stopping threads took: 0.0000540 seconds
28.269: Application time: 0.0768060 seconds
28.269: [GC [PSYoungGen: 14352K->496K(15872K)] 19592K->5736K(51712K), 0.0004910 secs] [Times: user=0.00 sys=0.00, real=0.00 secs] 
28.270: Total time for which application threads were stopped: 0.0006110 seconds, Stopping threads took: 0.0000500 seconds
28.346: Application time: 0.0760730 seconds
28.346: [GC [PSYoungGen: 14320K->528K(15872K)] 19560K->5768K(51712K), 0.0004940 secs] [Times: user=0.01 sys=0.00, real=0.00 secs] 
28.346: Total time for which application threads were stopped: 0.0006030 seconds, Stopping threads took: 0.0000470 seconds
28.422: Application time: 0.0758410 seconds
28.422: [GC [PSYoungGen: 14352K->496K(15872K)] 19592K->5736K(51712K), 0.0006030 secs] [Times: user=0.00 sys=0.00, real=0.00 secs] 
28.423: Total time for which application threads were stopped: 0.0007170 seconds, Stopping threads took: 0.0000480 seconds
28.499: Application time: 0.0765470 seconds
28.500: [GC [PSYoungGen: 14320K->512K(15872K)] 19560K->5768K(51712K), 0.0005320 secs] [Times: user=0.00 sys=0.00, real=0.00 secs] 
28.500: Total time for which application threads were stopped: 0.0006410 seconds, Stopping threads took: 0.0000500 seconds
28.576: Application time: 0.0761030 seconds
28.576: [GC [PSYoungGen: 14336K->544K(15872K)] 19592K->5816K(51712K), 0.0004880 secs] [Times: user=0.00 sys=0.00, real=0.00 secs] 
28.577: Total time for which application threads were stopped: 0.0006050 seconds, Stopping threads took: 0.0000510 seconds
28.653: Application time: 0.0763970 seconds
28.653: [GC [PSYoungGen: 14368K->512K(15872K)] 19640K->5800K(51712K), 0.0005110 secs] [Times: user=0.00 sys=0.00, real=0.00 secs] 
28.654: Total time for which application threads were stopped: 0.0006390 seconds, Stopping threads took: 0.0000590 seconds
28.730: Application time: 0.0763630 seconds
28.730: [GC [PSYoungGen: 14336K->480K(15872K)] 19624K->5784K(51712K), 0.0004840 secs] [Times: user=0.00 sys=0.00, real=0.00 secs] 
28.731: Total time for which application threads were stopped: 0.0006060 seconds, Stopping threads took: 0.0000560 seconds
28.807: Application time: 0.0763620 seconds
28.807: [GC [PSYoungGen: 14304K->496K(15872K)] 19608K->5816K(51712K), 0.0004880 secs] [Times: user=0.00 sys=0.00, real=0.00 secs] 
28.808: Total time for which application threads were stopped: 0.0006360 seconds, Stopping threads took: 0.0000680 seconds
28.885: Application time: 0.0767280 seconds
28.885: [GC [PSYoungGen: 14320K->512K(15872K)] 19640K->5832K(51712K), 0.0004980 secs] [Times: user=0.00 sys=0.00, real=0.00 secs] 
28.885: Total time for which application threads were stopped: 0.0006240 seconds, Stopping threads took: 0.0000610 seconds
28.959: Application time: 0.0742750 seconds
28.960: [GC [PSYoungGen: 14336K->512K(15872K)] 19656K->5832K(51712K), 0.0005260 secs] [Times: user=0.00 sys=0.00, real=0.00 secs] 
28.960: Total time for which application threads were stopped: 0.0006490 seconds, Stopping threads took: 0.0000580 seconds
29.036: Application time: 0.0756640 seconds
29.037: [GC [PSYoungGen: 14336K->480K(15872K)] 19656K->5800K(51712K), 0.0004710 secs] [Times: user=0.00 sys=0.00, real=0.00 secs] 
29.038: Total time for which application threads were stopped: 0.0020990 seconds, Stopping threads took: 0.0015680 seconds
29.114: Application time: 0.0762370 seconds
29.114: [GC [PSYoungGen: 14304K->528K(15872K)] 19624K->5848K(51712K), 0.0005090 secs] [Times: user=0.00 sys=0.00, real=0.00 secs] 
29.115: Total time for which application threads were stopped: 0.0006320 seconds, Stopping threads took: 0.0000610 seconds
29.191: Application time: 0.0761670 seconds
29.191: [GC [PSYoungGen: 14352K->512K(15872K)] 19672K->5832K(51712K), 0.0004990 secs] [Times: user=0.00 sys=0.00, real=0.00 secs] 
29.192: Total time for which application threads were stopped: 0.0006210 seconds, Stopping threads took: 0.0000590 seconds
29.269: Application time: 0.0771200 seconds
29.269: [GC [PSYoungGen: 14336K->496K(15872K)] 19656K->5832K(51712K), 0.0004760 secs] [Times: user=0.01 sys=0.00, real=0.00 secs] 
29.269: Total time for which application threads were stopped: 0.0005940 seconds, Stopping threads took: 0.0000540 seconds
29.345: Application time: 0.0761190 seconds
29.345: [GC [PSYoungGen: 14320K->496K(15872K)] 19656K->5864K(51712K), 0.0004950 secs] [Times: user=0.00 sys=0.00, real=0.00 secs] 
29.346: Total time for which application threads were stopped: 0.0006260 seconds, Stopping threads took: 0.0000540 seconds
29.422: Application time: 0.0765160 seconds
29.423: [GC [PSYoungGen: 14320K->496K(15872K)] 19688K->5880K(51712K), 0.0004920 secs] [Times: user=0.00 sys=0.00, real=0.00 secs] 
29.423: Total time for which application threads were stopped: 0.0006080 seconds, Stopping threads took: 0.0000500 seconds
29.499: Application time: 0.0758130 seconds
29.499: [GC [PSYoungGen: 14320K->496K(15872K)] 19704K->5888K(51712K), 0.0005160 secs] [Times: user=0.00 sys=0.00, real=0.00 secs] 
29.500: Total time for which application threads were stopped: 0.0006360 seconds, Stopping threads took: 0.0000570 seconds
29.576: Application time: 0.0768780 seconds
29.577: [GC [PSYoungGen: 14320K->480K(15872K)] 19712K->5888K(51712K), 0.0005010 secs] [Times: user=0.01 sys=0.00, real=0.00 secs] 
29.578: Total time for which application threads were stopped: 0.0014390 seconds, Stopping threads took: 0.0008780 seconds
29.655: Application time: 0.0768070 seconds
29.655: [GC [PSYoungGen: 14304K->464K(15872K)] 19712K->5872K(51712K), 0.0004600 secs] [Times: user=0.00 sys=0.00, real=0.00 secs] 
29.655: Total time for which application threads were stopped: 0.0005770 seconds, Stopping threads took: 0.0000570 seconds
29.731: Application time: 0.0755540 seconds
29.731: [GC [PSYoungGen: 14288K->480K(15872K)] 19696K->5888K(51712K), 0.0004740 secs] [Times: user=0.00 sys=0.00, real=0.00 secs] 
29.731: Total time for which application threads were stopped: 0.0005840 seconds, Stopping threads took: 0.0000470 seconds
29.807: Application time: 0.0754940 seconds
29.807: [GC [PSYoungGen: 14304K->512K(15872K)] 19712K->5920K(51712K), 0.0004810 secs] [Times: user=0.01 sys=0.00, real=0.00 secs] 
29.808: Total time for which application threads were stopped: 0.0006030 seconds, Stopping threads took: 0.0000560 seconds
29.883: Application time: 0.0758310 seconds
29.883: [GC [PSYoungGen: 14336K->512K(15872K)] 19744K->5920K(51712K), 0.0005050 secs] [Times: user=0.00 sys=0.00, real=0.00 secs] 
29.884: Total time for which application threads were stopped: 0.0006410 seconds, Stopping threads took: 0.0000630 seconds
29.960: Application time: 0.0762890 seconds
29.960: [GC [PSYoungGen: 14336K->512K(15872K)] 19744K->5920K(51712K), 0.0004880 secs] [Times: user=0.00 sys=0.00, real=0.00 secs] 
29.961: Total time for which application threads were stopped: 0.0006050 seconds, Stopping threads took: 0.0000510 seconds
30.038: Application time: 0.0768520 seconds
30.038: [GC [PSYoungGen: 14336K->480K(15872K)] 19744K->5888K(51712K), 0.0004920 secs] [Times: user=0.00 sys=0.00, real=0.00 secs] 
30.038: Total time for which application threads were stopped: 0.0006100 seconds, Stopping threads took: 0.0000530 seconds
30.115: Application time: 0.0764440 seconds
30.115: [GC [PSYoungGen: 14304K->512K(15872K)] 19712K->5936K(51712K), 0.0004630 secs] [Times: user=0.00 sys=0.00, real=0.00 secs] 
30.115: Total time for which application threads were stopped: 0.0005790 seconds, Stopping threads took: 0.0000540 seconds
30.192: Application time: 0.0769230 seconds
30.192: [GC [PSYoungGen: 14336K->496K(15872K)] 19760K->5928K(51712K), 0.0005000 secs] [Times: user=0.00 sys=0.00, real=0.00 secs] 
30.193: Total time for which application threads were stopped: 0.0006260 seconds, Stopping threads took: 0.0000610 seconds
30.270: Application time: 0.0767470 seconds
30.270: [GC [PSYoungGen: 14320K->528K(15872K)] 19752K->5968K(51712K), 0.0004780 secs] [Times: user=0.00 sys=0.00, real=0.00 secs] 
30.270: Total time for which application threads were stopped: 0.0005930 seconds, Stopping threads took: 0.0000560 seconds
30.346: Application time: 0.0762210 seconds
30.347: [GC [PSYoungGen: 14352K->528K(15872K)] 19792K->5992K(51712K), 0.0004750 secs] [Times: user=0.00 sys=0.00, real=0.00 secs] 
30.347: Total time for which application threads were stopped: 0.0005940 seconds, Stopping threads took: 0.0000590 seconds
30.423: Application time: 0.0763330 seconds
30.424: [GC [PSYoungGen: 14352K->528K(15872K)] 19816K->5992K(51712K), 0.0004930 secs] [Times: user=0.00 sys=0.00, real=0.00 secs] 
30.425: Total time for which application threads were stopped: 0.0016670 seconds, Stopping threads took: 0.0000490 seconds
30.500: Application time: 0.0751240 seconds
30.500: [GC [PSYoungGen: 14352K->512K(15872K)] 19816K->5976K(51712K), 0.0004840 secs] [Times: user=0.01 sys=0.00, real=0.00 secs] 
30.501: Total time for which application threads were stopped: 0.0005950 seconds, Stopping threads took: 0.0000510 seconds
30.575: Application time: 0.0744360 seconds
30.575: [GC [PSYoungGen: 14336K->528K(15872K)] 19800K->5992K(51712K), 0.0004920 secs] [Times: user=0.00 sys=0.00, real=0.00 secs] 
30.576: Total time for which application threads were stopped: 0.0006050 seconds, Stopping threads took: 0.0000500 seconds
30.652: Application time: 0.0762420 seconds
30.652: [GC [PSYoungGen: 14352K->512K(15872K)] 19816K->5976K(51712K), 0.0005290 secs] [Times: user=0.01 sys=0.00, real=0.00 secs] 
30.653: Total time for which application threads were stopped: 0.0006650 seconds, Stopping threads took: 0.0000720 seconds
30.729: Application time: 0.0759300 seconds
30.729: [GC [PSYoungGen: 14336K->512K(15872K)] 19800K->5976K(51712K), 0.0005210 secs] [Times: user=0.01 sys=0.00, real=0.00 secs] 
30.729: Total time for which application threads were stopped: 0.0006350 seconds, Stopping threads took: 0.0000500 seconds
30.805: Application time: 0.0761370 seconds
30.806: [GC [PSYoungGen: 14336K->496K(15872K)] 19800K->5960K(51712K), 0.0004990 secs] [Times: user=0.01 sys=0.00, real=0.00 secs] 
30.806: Total time for which application threads were stopped: 0.0006120 seconds, Stopping threads took: 0.0000500 seconds
30.882: Application time: 0.0761000 seconds
30.882: [GC [PSYoungGen: 14320K->512K(15872K)] 19784K->5992K(51712K), 0.0004710 secs] [Times: user=0.00 sys=0.00, real=0.00 secs] 
30.883: Total time for which application threads were stopped: 0.0005810 seconds, Stopping threads took: 0.0000470 seconds
30.959: Application time: 0.0764400 seconds
30.959: [GC [PSYoungGen: 14336K->512K(15872K)] 19816K->6008K(51712K), 0.0005550 secs] [Times: user=0.01 sys=0.00, real=0.00 secs] 
30.960: Total time for which application threads were stopped: 0.0006800 seconds, Stopping threads took: 0.0000500 seconds
31.036: Application time: 0.0760480 seconds
31.036: [GC [PSYoungGen: 14336K->464K(15872K)] 19832K->5960K(51712K), 0.0004990 secs] [Times: user=0.00 sys=0.00, real=0.00 secs] 
31.037: Total time for which application threads were stopped: 0.0006160 seconds, Stopping threads took: 0.0000520 seconds
31.113: Application time: 0.0763510 seconds
31.113: [GC [PSYoungGen: 14288K->544K(15872K)] 19784K->6056K(51712K), 0.0004750 secs] [Times: user=0.00 sys=0.00, real=0.01 secs] 
31.114: Total time for which application threads were stopped: 0.0005950 seconds, Stopping threads took: 0.0000590 seconds
31.190: Application time: 0.0761630 seconds
31.190: [GC [PSYoungGen: 14368K->496K(15872K)] 19880K->6008K(51712K), 0.0005060 secs] [Times: user=0.00 sys=0.00, real=0.00 secs] 
31.190: Total time for which application threads were stopped: 0.0006340 seconds, Stopping threads took: 0.0000610 seconds
31.267: Application time: 0.0768220 seconds
31.267: [GC [PSYoungGen: 14320K->512K(15872K)] 19832K->6024K(51712K), 0.0004720 secs] [Times: user=0.00 sys=0.00, real=0.00 secs] 
31.268: Total time for which application threads were stopped: 0.0006060 seconds, Stopping threads took: 0.0000760 seconds
31.343: Application time: 0.0750540 seconds
31.343: [GC [PSYoungGen: 14336K->512K(15872K)] 19848K->6024K(51712K), 0.0005170 secs] [Times: user=0.01 sys=0.00, real=0.00 secs] 
31.343: Total time for which application threads were stopped: 0.0006360 seconds, Stopping threads took: 0.0000550 seconds
31.419: Application time: 0.0760360 seconds
31.420: [GC [PSYoungGen: 14336K->512K(15872K)] 19848K->6024K(51712K), 0.0005110 secs] [Times: user=0.00 sys=0.00, real=0.00 secs] 
31.420: Total time for which application threads were stopped: 0.0006220 seconds, Stopping threads took: 0.0000510 seconds
31.496: Application time: 0.0760240 seconds
31.496: [GC [PSYoungGen: 14336K->496K(15872K)] 19848K->6008K(51712K), 0.0005200 secs] [Times: user=0.00 sys=0.00, real=0.00 secs] 
31.497: Total time for which application threads were stopped: 0.0006420 seconds, Stopping threads took: 0.0000510 seconds
31.573: Application time: 0.0760610 seconds
31.573: [GC [PSYoungGen: 14320K->512K(15872K)] 19832K->6024K(51712K), 0.0005100 secs] [Times: user=0.00 sys=0.00, real=0.01 secs] 
31.573: Total time for which application threads were stopped: 0.0006320 seconds, Stopping threads took: 0.0000560 seconds
31.650: Application time: 0.0764840 seconds
31.650: [GC [PSYoungGen: 14336K->496K(15872K)] 19848K->6024K(51712K), 0.0005360 secs] [Times: user=0.00 sys=0.00, real=0.00 secs] 
31.651: Total time for which application threads were stopped: 0.0006750 seconds, Stopping threads took: 0.0000690 seconds
31.727: Application time: 0.0763060 seconds
31.727: [GC [PSYoungGen: 14320K->512K(15872K)] 19848K->6048K(51712K), 0.0005510 secs] [Times: user=0.01 sys=0.00, real=0.00 secs] 
31.728: Total time for which application threads were stopped: 0.0006690 seconds, Stopping threads took: 0.0000550 seconds
31.804: Application time: 0.0764750 seconds
31.804: [GC [PSYoungGen: 14336K->480K(15872K)] 19872K->6016K(51712K), 0.0005150 secs] [Times: user=0.00 sys=0.00, real=0.00 secs] 
31.805: Total time for which application threads were stopped: 0.0006320 seconds, Stopping threads took: 0.0000560 seconds
31.881: Application time: 0.0767520 seconds
31.882: [GC [PSYoungGen: 14304K->496K(15872K)] 19840K->6056K(51712K), 0.0004880 secs] [Times: user=0.00 sys=0.00, real=0.00 secs] 
31.882: Total time for which application threads were stopped: 0.0006050 seconds, Stopping threads took: 0.0000500 seconds
31.959: Application time: 0.0764460 seconds
31.959: [GC [PSYoungGen: 14320K->496K(15872K)] 19880K->6080K(51712K), 0.0005870 secs] [Times: user=0.01 sys=0.00, real=0.00 secs] 
31.959: Total time for which application threads were stopped: 0.0007080 seconds, Stopping threads took: 0.0000570 seconds
32.035: Application time: 0.0755910 seconds
32.037: [GC [PSYoungGen: 14320K->496K(15872K)] 19904K->6080K(51712K), 0.0004750 secs] [Times: user=0.01 sys=0.00, real=0.00 secs] 
32.038: Total time for which application threads were stopped: 0.0030370 seconds, Stopping threads took: 0.0024950 seconds
32.113: Application time: 0.0755910 seconds
32.114: [GC [PSYoungGen: 14320K->480K(15872K)] 19904K->6064K(51712K), 0.0005030 secs] [Times: user=0.00 sys=0.00, real=0.00 secs] 
32.114: Total time for which application threads were stopped: 0.0006560 seconds, Stopping threads took: 0.0000890 seconds
32.189: Application time: 0.0751910 seconds
32.189: [GC [PSYoungGen: 14304K->512K(15872K)] 19888K->6096K(51712K), 0.0005110 secs] [Times: user=0.01 sys=0.00, real=0.00 secs] 
32.190: Total time for which application threads were stopped: 0.0006390 seconds, Stopping threads took: 0.0000630 seconds
32.266: Application time: 0.0764240 seconds
32.266: [GC [PSYoungGen: 14336K->480K(15872K)] 19920K->6064K(51712K), 0.0005070 secs] [Times: user=0.00 sys=0.00, real=0.00 secs] 
32.267: Total time for which application threads were stopped: 0.0006180 seconds, Stopping threads took: 0.0000490 seconds
32.343: Application time: 0.0762480 seconds
32.343: [GC [PSYoungGen: 14304K->512K(15872K)] 19888K->6096K(51712K), 0.0005200 secs] [Times: user=0.01 sys=0.00, real=0.00 secs] 
32.344: Total time for which application threads were stopped: 0.0006360 seconds, Stopping threads took: 0.0000500 seconds
32.420: Application time: 0.0759130 seconds
32.420: [GC [PSYoungGen: 14336K->544K(15872K)] 19920K->6136K(51712K), 0.0004960 secs] [Times: user=0.00 sys=0.00, real=0.00 secs] 
32.420: Total time for which application threads were stopped: 0.0006110 seconds, Stopping threads took: 0.0000520 seconds
32.497: Application time: 0.0768120 seconds
32.497: [GC [PSYoungGen: 14368K->544K(15872K)] 19960K->6144K(51712K), 0.0004800 secs] [Times: user=0.00 sys=0.00, real=0.00 secs] 
32.498: Total time for which application threads were stopped: 0.0006030 seconds, Stopping threads took: 0.0000580 seconds
32.574: Application time: 0.0761040 seconds
32.574: [GC [PSYoungGen: 14368K->528K(15872K)] 19968K->6144K(51712K), 0.0004710 secs] [Times: user=0.00 sys=0.00, real=0.00 secs] 
32.575: Total time for which application threads were stopped: 0.0005930 seconds, Stopping threads took: 0.0000510 seconds
32.651: Application time: 0.0766320 seconds
32.651: [GC [PSYoungGen: 14352K->512K(15872K)] 19968K->6144K(51712K), 0.0005090 secs] [Times: user=0.01 sys=0.00, real=0.00 secs] 
32.652: Total time for which application threads were stopped: 0.0006320 seconds, Stopping threads took: 0.0000560 seconds
32.728: Application time: 0.0765200 seconds
32.728: [GC [PSYoungGen: 14336K->480K(15872K)] 19968K->6120K(51712K), 0.0004910 secs] [Times: user=0.00 sys=0.00, real=0.00 secs] 
32.729: Total time for which application threads were stopped: 0.0006090 seconds, Stopping threads took: 0.0000580 seconds
32.806: Application time: 0.0770990 seconds
32.806: [GC [PSYoungGen: 14304K->512K(15872K)] 19944K->6152K(51712K), 0.0004780 secs] [Times: user=0.00 sys=0.00, real=0.00 secs] 
32.807: Total time for which application threads were stopped: 0.0005940 seconds, Stopping threads took: 0.0000560 seconds
32.883: Application time: 0.0759160 seconds
32.883: [GC [PSYoungGen: 14336K->464K(15872K)] 19976K->6104K(51712K), 0.0005280 secs] [Times: user=0.00 sys=0.00, real=0.00 secs] 
32.883: Total time for which application threads were stopped: 0.0006510 seconds, Stopping threads took: 0.0000600 seconds
32.958: Application time: 0.0749920 seconds
32.958: [GC [PSYoungGen: 14288K->496K(15872K)] 19928K->6136K(51712K), 0.0005190 secs] [Times: user=0.00 sys=0.00, real=0.00 secs] 
32.959: Total time for which application threads were stopped: 0.0006370 seconds, Stopping threads took: 0.0000530 seconds
33.036: Application time: 0.0766910 seconds
33.036: [GC [PSYoungGen: 14320K->480K(15872K)] 19960K->6120K(51712K), 0.0004740 secs] [Times: user=0.00 sys=0.00, real=0.00 secs] 
33.036: Total time for which application threads were stopped: 0.0005960 seconds, Stopping threads took: 0.0000590 seconds
33.112: Application time: 0.0755410 seconds
33.112: [GC [PSYoungGen: 14304K->512K(15872K)] 19944K->6152K(51712K), 0.0005350 secs] [Times: user=0.00 sys=0.00, real=0.00 secs] 
33.112: Total time for which application threads were stopped: 0.0006630 seconds, Stopping threads took: 0.0000510 seconds
33.189: Application time: 0.0769330 seconds
33.189: [GC [PSYoungGen: 14336K->512K(15872K)] 19976K->6168K(51712K), 0.0004860 secs] [Times: user=0.00 sys=0.00, real=0.00 secs] 
33.190: Total time for which application threads were stopped: 0.0006010 seconds, Stopping threads took: 0.0000490 seconds
33.266: Application time: 0.0762690 seconds
33.266: [GC [PSYoungGen: 14336K->512K(15872K)] 19992K->6184K(51712K), 0.0005480 secs] [Times: user=0.00 sys=0.00, real=0.00 secs] 
33.267: Total time for which application threads were stopped: 0.0006650 seconds, Stopping threads took: 0.0000570 seconds
33.343: Application time: 0.0764570 seconds
33.343: [GC [PSYoungGen: 14336K->480K(15872K)] 20008K->6160K(51712K), 0.0004770 secs] [Times: user=0.00 sys=0.00, real=0.00 secs] 
33.344: Total time for which application threads were stopped: 0.0005960 seconds, Stopping threads took: 0.0000560 seconds
33.420: Application time: 0.0764590 seconds
33.420: [GC [PSYoungGen: 14304K->528K(15872K)] 19984K->6224K(51712K), 0.0005170 secs] [Times: user=0.01 sys=0.00, real=0.00 secs] 
33.421: Total time for which application threads were stopped: 0.0006310 seconds, Stopping threads took: 0.0000520 seconds
33.497: Application time: 0.0761660 seconds
33.497: [GC [PSYoungGen: 14352K->496K(15872K)] 20048K->6208K(51712K), 0.0005510 secs] [Times: user=0.00 sys=0.00, real=0.00 secs] 
33.498: Total time for which application threads were stopped: 0.0006620 seconds, Stopping threads took: 0.0000500 seconds
33.574: Application time: 0.0767140 seconds
33.577: [GC [PSYoungGen: 14320K->496K(15872K)] 20032K->6208K(51712K), 0.0004830 secs] [Times: user=0.00 sys=0.00, real=0.00 secs] 
33.578: Total time for which application threads were stopped: 0.0033790 seconds, Stopping threads took: 0.0028340 seconds
33.653: Application time: 0.0754630 seconds
33.653: [GC [PSYoungGen: 14320K->496K(15872K)] 20032K->6208K(51712K), 0.0004810 secs] [Times: user=0.01 sys=0.00, real=0.00 secs] 
33.654: Total time for which application threads were stopped: 0.0006070 seconds, Stopping threads took: 0.0000520 seconds
33.728: Application time: 0.0742160 seconds
33.728: [GC [PSYoungGen: 14320K->480K(15872K)] 20032K->6192K(51712K), 0.0005040 secs] [Times: user=0.00 sys=0.00, real=0.00 secs] 
33.729: Total time for which application threads were stopped: 0.0006170 seconds, Stopping threads took: 0.0000490 seconds
33.805: Application time: 0.0764940 seconds
33.805: [GC [PSYoungGen: 14304K->496K(15872K)] 20016K->6208K(51712K), 0.0004710 secs] [Times: user=0.00 sys=0.00, real=0.00 secs] 
33.806: Total time for which application threads were stopped: 0.0006020 seconds, Stopping threads took: 0.0000600 seconds
33.881: Application time: 0.0754920 seconds
33.881: [GC [PSYoungGen: 14320K->496K(15872K)] 20032K->6208K(51712K), 0.0005670 secs] [Times: user=0.00 sys=0.00, real=0.00 secs] 
33.882: Total time for which application threads were stopped: 0.0006820 seconds, Stopping threads took: 0.0000500 seconds
33.959: Application time: 0.0768910 seconds
33.959: [GC [PSYoungGen: 14320K->528K(15872K)] 20032K->6256K(51712K), 0.0005110 secs] [Times: user=0.01 sys=0.00, real=0.00 secs] 
33.960: Total time for which application threads were stopped: 0.0006370 seconds, Stopping threads took: 0.0000610 seconds
34.036: Application time: 0.0760260 seconds
34.036: [GC [PSYoungGen: 14352K->512K(15872K)] 20080K->6248K(51712K), 0.0005120 secs] [Times: user=0.00 sys=0.00, real=0.00 secs] 
34.036: Total time for which application threads were stopped: 0.0006300 seconds, Stopping threads took: 0.0000550 seconds
34.113: Application time: 0.0762930 seconds
34.113: [GC [PSYoungGen: 14336K->528K(15872K)] 20072K->6272K(51712K), 0.0004810 secs] [Times: user=0.01 sys=0.00, real=0.00 secs] 
34.113: Total time for which application threads were stopped: 0.0006090 seconds, Stopping threads took: 0.0000620 seconds
34.189: Application time: 0.0761590 seconds
34.189: [GC [PSYoungGen: 14352K->512K(15872K)] 20096K->6256K(51712K), 0.0004840 secs] [Times: user=0.01 sys=0.00, real=0.00 secs] 
34.190: Total time for which application threads were stopped: 0.0006260 seconds, Stopping threads took: 0.0000680 seconds
34.267: Application time: 0.0769760 seconds
34.267: [GC [PSYoungGen: 14336K->480K(15872K)] 20080K->6232K(51712K), 0.0004790 secs] [Times: user=0.00 sys=0.00, real=0.00 secs] 
34.268: Total time for which application threads were stopped: 0.0005920 seconds, Stopping threads took: 0.0000520 seconds
34.345: Application time: 0.0775460 seconds
34.345: [GC [PSYoungGen: 14304K->528K(15872K)] 20056K->6280K(51712K), 0.0005360 secs] [Times: user=0.01 sys=0.00, real=0.01 secs] 
34.346: Total time for which application threads were stopped: 0.0006580 seconds, Stopping threads took: 0.0000530 seconds
34.421: Application time: 0.0754170 seconds
34.421: [GC [PSYoungGen: 14352K->464K(15872K)] 20104K->6216K(51712K), 0.0004770 secs] [Times: user=0.00 sys=0.00, real=0.00 secs] 
34.422: Total time for which application threads were stopped: 0.0005940 seconds, Stopping threads took: 0.0000530 seconds
34.496: Application time: 0.0743410 seconds
34.496: [GC [PSYoungGen: 14288K->512K(15872K)] 20040K->6264K(51712K), 0.0005180 secs] [Times: user=0.00 sys=0.00, real=0.00 secs] 
34.497: Total time for which application threads were stopped: 0.0006360 seconds, Stopping threads took: 0.0000540 seconds
34.573: Application time: 0.0762130 seconds
34.573: [GC [PSYoungGen: 14336K->528K(15872K)] 20088K->6280K(51712K), 0.0005030 secs] [Times: user=0.00 sys=0.00, real=0.01 secs] 
34.574: Total time for which application threads were stopped: 0.0006280 seconds, Stopping threads took: 0.0000630 seconds
34.650: Application time: 0.0760560 seconds
34.650: [GC [PSYoungGen: 14352K->480K(15872K)] 20104K->6232K(51712K), 0.0004910 secs] [Times: user=0.00 sys=0.00, real=0.00 secs] 
34.650: Total time for which application threads were stopped: 0.0006180 seconds, Stopping threads took: 0.0000600 seconds
34.726: Application time: 0.0758610 seconds
34.726: [GC [PSYoungGen: 14304K->496K(15872K)] 20056K->6248K(51712K), 0.0004750 secs] [Times: user=0.00 sys=0.00, real=0.00 secs] 
34.727: Total time for which application threads were stopped: 0.0006080 seconds, Stopping threads took: 0.0000580 seconds
34.803: Application time: 0.0760840 seconds
34.803: [GC [PSYoungGen: 14320K->464K(15872K)] 20072K->6224K(51712K), 0.0005180 secs] [Times: user=0.00 sys=0.00, real=0.00 secs] 
34.803: Total time for which application threads were stopped: 0.0006350 seconds, Stopping threads took: 0.0000580 seconds
34.880: Application time: 0.0763660 seconds
34.880: [GC [PSYoungGen: 14288K->480K(15872K)] 20048K->6272K(51712K), 0.0006040 secs] [Times: user=0.00 sys=0.00, real=0.00 secs] 
34.881: Total time for which application threads were stopped: 0.0007300 seconds, Stopping threads took: 0.0000570 seconds
34.957: Application time: 0.0768970 seconds
34.958: [GC [PSYoungGen: 14304K->544K(15872K)] 20096K->6336K(51712K), 0.0004800 secs] [Times: user=0.01 sys=0.00, real=0.00 secs] 
34.958: Total time for which application threads were stopped: 0.0005970 seconds, Stopping threads took: 0.0000540 seconds
35.034: Application time: 0.0762260 seconds
35.034: [GC [PSYoungGen: 14368K->512K(15872K)] 20160K->6320K(51712K), 0.0005030 secs] [Times: user=0.00 sys=0.00, real=0.00 secs] 
35.035: Total time for which application threads were stopped: 0.0006190 seconds, Stopping threads took: 0.0000520 seconds
35.112: Application time: 0.0766770 seconds
35.112: [GC [PSYoungGen: 14336K->480K(15872K)] 20144K->6288K(51712K), 0.0004770 secs] [Times: user=0.00 sys=0.00, real=0.00 secs] 
35.112: Total time for which application threads were stopped: 0.0006050 seconds, Stopping threads took: 0.0000650 seconds
35.188: Application time: 0.0754820 seconds
35.188: [GC [PSYoungGen: 14304K->480K(15872K)] 20112K->6288K(51712K), 0.0004640 secs] [Times: user=0.00 sys=0.00, real=0.00 secs] 
35.188: Total time for which application threads were stopped: 0.0005720 seconds, Stopping threads took: 0.0000460 seconds
35.264: Application time: 0.0753720 seconds
35.264: [GC [PSYoungGen: 14304K->464K(15872K)] 20112K->6272K(51712K), 0.0005110 secs] [Times: user=0.00 sys=0.00, real=0.00 secs] 
35.264: Total time for which application threads were stopped: 0.0006380 seconds, Stopping threads took: 0.0000520 seconds
35.340: Application time: 0.0758160 seconds
35.340: [GC [PSYoungGen: 14288K->528K(15872K)] 20096K->6336K(51712K), 0.0005070 secs] [Times: user=0.00 sys=0.00, real=0.00 secs] 
35.341: Total time for which application threads were stopped: 0.0006240 seconds, Stopping threads took: 0.0000500 seconds
35.417: Application time: 0.0760560 seconds
35.417: [GC [PSYoungGen: 14352K->512K(15872K)] 20160K->6320K(51712K), 0.0004670 secs] [Times: user=0.00 sys=0.00, real=0.00 secs] 
35.417: Total time for which application threads were stopped: 0.0005910 seconds, Stopping threads took: 0.0000630 seconds
35.493: Application time: 0.0759380 seconds
35.493: [GC [PSYoungGen: 14336K->496K(15872K)] 20144K->6304K(51712K), 0.0005390 secs] [Times: user=0.00 sys=0.00, real=0.00 secs] 
35.495: Total time for which application threads were stopped: 0.0018010 seconds, Stopping threads took: 0.0000530 seconds
35.571: Application time: 0.0761560 seconds
35.571: [GC [PSYoungGen: 14320K->528K(15872K)] 20128K->6352K(51712K), 0.0004730 secs] [Times: user=0.00 sys=0.00, real=0.00 secs] 
35.572: Total time for which application threads were stopped: 0.0005890 seconds, Stopping threads took: 0.0000510 seconds
35.648: Application time: 0.0763510 seconds
35.648: [GC [PSYoungGen: 14352K->512K(15872K)] 20176K->6344K(51712K), 0.0006060 secs] [Times: user=0.00 sys=0.00, real=0.00 secs] 
35.649: Total time for which application threads were stopped: 0.0007420 seconds, Stopping threads took: 0.0000740 seconds
35.725: Application time: 0.0763350 seconds
35.725: [GC [PSYoungGen: 14336K->528K(15872K)] 20168K->6360K(51712K), 0.0004800 secs] [Times: user=0.01 sys=0.00, real=0.00 secs] 
35.726: Total time for which application threads were stopped: 0.0006100 seconds, Stopping threads took: 0.0000610 seconds
35.803: Application time: 0.0775650 seconds
35.804: [GC [PSYoungGen: 14352K->464K(15872K)] 20184K->6304K(51712K), 0.0004890 secs] [Times: user=0.00 sys=0.00, real=0.00 secs] 
35.804: Total time for which application threads were stopped: 0.0006210 seconds, Stopping threads took: 0.0000610 seconds
35.880: Application time: 0.0764030 seconds
35.881: [GC [PSYoungGen: 14288K->528K(15872K)] 20128K->6384K(51712K), 0.0005000 secs] [Times: user=0.00 sys=0.00, real=0.00 secs] 
35.881: Total time for which application threads were stopped: 0.0006320 seconds, Stopping threads took: 0.0000590 seconds
35.957: Application time: 0.0757490 seconds
35.957: [GC [PSYoungGen: 14352K->512K(15872K)] 20208K->6368K(51712K), 0.0004770 secs] [Times: user=0.00 sys=0.00, real=0.00 secs] 
35.957: Total time for which application threads were stopped: 0.0005920 seconds, Stopping threads took: 0.0000530 seconds
36.032: Application time: 0.0749720 seconds
36.032: [GC [PSYoungGen: 14336K->512K(15872K)] 20192K->6368K(51712K), 0.0004720 secs] [Times: user=0.00 sys=0.00, real=0.00 secs] 
36.033: Total time for which application threads were stopped: 0.0005860 seconds, Stopping threads took: 0.0000530 seconds
36.109: Application time: 0.0758870 seconds
36.109: [GC [PSYoungGen: 14336K->512K(15872K)] 20192K->6368K(51712K), 0.0005840 secs] [Times: user=0.00 sys=0.00, real=0.00 secs] 
36.110: Total time for which application threads were stopped: 0.0007010 seconds, Stopping threads took: 0.0000560 seconds
36.185: Application time: 0.0756610 seconds
36.185: [GC [PSYoungGen: 14336K->528K(15872K)] 20192K->6384K(51712K), 0.0004810 secs] [Times: user=0.00 sys=0.00, real=0.00 secs] 
36.186: Total time for which application threads were stopped: 0.0006160 seconds, Stopping threads took: 0.0000740 seconds
36.262: Application time: 0.0765940 seconds
36.263: [GC [PSYoungGen: 14352K->480K(15872K)] 20208K->6336K(51712K), 0.0004730 secs] [Times: user=0.00 sys=0.00, real=0.00 secs] 
36.263: Total time for which application threads were stopped: 0.0005930 seconds, Stopping threads took: 0.0000590 seconds
36.339: Application time: 0.0761690 seconds
36.339: [GC [PSYoungGen: 14304K->480K(15872K)] 20160K->6352K(51712K), 0.0004700 secs] [Times: user=0.00 sys=0.00, real=0.00 secs] 
36.340: Total time for which application threads were stopped: 0.0006030 seconds, Stopping threads took: 0.0000560 seconds
36.416: Application time: 0.0763930 seconds
36.416: [GC [PSYoungGen: 14304K->528K(15872K)] 20176K->6416K(51712K), 0.0005580 secs] [Times: user=0.01 sys=0.00, real=0.00 secs] 
36.417: Total time for which application threads were stopped: 0.0006780 seconds, Stopping threads took: 0.0000560 seconds
36.493: Application time: 0.0765610 seconds
36.494: [GC [PSYoungGen: 14352K->528K(15872K)] 20240K->6432K(51712K), 0.0005150 secs] [Times: user=0.00 sys=0.00, real=0.00 secs] 
36.494: Total time for which application threads were stopped: 0.0006360 seconds, Stopping threads took: 0.0000550 seconds
36.570: Application time: 0.0761150 seconds
36.570: [GC [PSYoungGen: 14352K->480K(15872K)] 20256K->6408K(51712K), 0.0005230 secs] [Times: user=0.00 sys=0.00, real=0.00 secs] 
36.571: Total time for which application threads were stopped: 0.0006450 seconds, Stopping threads took: 0.0000610 seconds
36.647: Application time: 0.0761140 seconds
36.647: [GC [PSYoungGen: 14304K->528K(15872K)] 20232K->6480K(51712K), 0.0005410 secs] [Times: user=0.00 sys=0.00, real=0.00 secs] 
36.648: Total time for which application threads were stopped: 0.0006520 seconds, Stopping threads took: 0.0000490 seconds
36.724: Application time: 0.0760730 seconds
36.724: [GC [PSYoungGen: 14352K->496K(15872K)] 20304K->6448K(51712K), 0.0004870 secs] [Times: user=0.00 sys=0.00, real=0.00 secs] 
36.724: Total time for which application threads were stopped: 0.0006170 seconds, Stopping threads took: 0.0000630 seconds
36.799: Application time: 0.0745890 seconds
36.799: [GC [PSYoungGen: 14320K->512K(15872K)] 20272K->6464K(51712K), 0.0005270 secs] [Times: user=0.01 sys=0.00, real=0.00 secs] 
36.800: Total time for which application threads were stopped: 0.0006420 seconds, Stopping threads took: 0.0000510 seconds
36.875: Application time: 0.0756830 seconds
36.875: [GC [PSYoungGen: 14336K->496K(15872K)] 20288K->6448K(51712K), 0.0005460 secs] [Times: user=0.00 sys=0.00, real=0.00 secs] 
36.876: Total time for which application threads were stopped: 0.0006740 seconds, Stopping threads took: 0.0000590 seconds
36.952: Application time: 0.0762770 seconds
36.952: [GC [PSYoungGen: 14320K->496K(15872K)] 20272K->6448K(51712K), 0.0005350 secs] [Times: user=0.01 sys=0.00, real=0.00 secs] 
36.953: Total time for which application threads were stopped: 0.0006510 seconds, Stopping threads took: 0.0000540 seconds
37.028: Application time: 0.0754360 seconds
37.028: [GC [PSYoungGen: 14320K->528K(15872K)] 20272K->6480K(51712K), 0.0004780 secs] [Times: user=0.00 sys=0.00, real=0.00 secs] 
37.029: Total time for which application threads were stopped: 0.0005940 seconds, Stopping threads took: 0.0000510 seconds
37.105: Application time: 0.0763730 seconds
37.105: [GC [PSYoungGen: 14352K->512K(15872K)] 20304K->6480K(51712K), 0.0004840 secs] [Times: user=0.00 sys=0.00, real=0.00 secs] 
37.106: Total time for which application threads were stopped: 0.0006060 seconds, Stopping threads took: 0.0000610 seconds
37.182: Application time: 0.0763740 seconds
37.182: [GC [PSYoungGen: 14336K->464K(15872K)] 20304K->6456K(51712K), 0.0005120 secs] [Times: user=0.00 sys=0.00, real=0.00 secs] 
37.183: Total time for which application threads were stopped: 0.0006250 seconds, Stopping threads took: 0.0000490 seconds
37.260: Application time: 0.0768730 seconds
37.260: [GC [PSYoungGen: 14288K->512K(15872K)] 20280K->6520K(51712K), 0.0005490 secs] [Times: user=0.00 sys=0.00, real=0.00 secs] 
37.260: Total time for which application threads were stopped: 0.0006660 seconds, Stopping threads took: 0.0000540 seconds
37.338: Application time: 0.0775010 seconds
37.338: [GC [PSYoungGen: 14336K->496K(15872K)] 20344K->6512K(51712K), 0.0005060 secs] [Times: user=0.00 sys=0.00, real=0.00 secs] 
37.339: Total time for which application threads were stopped: 0.0006250 seconds, Stopping threads took: 0.0000570 seconds
37.415: Application time: 0.0764200 seconds
37.415: [GC [PSYoungGen: 14320K->496K(15872K)] 20336K->6528K(51712K), 0.0004860 secs] [Times: user=0.00 sys=0.00, real=0.00 secs] 
37.416: Total time for which application threads were stopped: 0.0006080 seconds, Stopping threads took: 0.0000510 seconds
37.492: Application time: 0.0768170 seconds
37.492: [GC [PSYoungGen: 14320K->512K(15872K)] 20352K->6544K(51712K), 0.0006110 secs] [Times: user=0.00 sys=0.00, real=0.00 secs] 
37.493: Total time for which application threads were stopped: 0.0007300 seconds, Stopping threads took: 0.0000520 seconds
37.568: Application time: 0.0745060 seconds
37.569: [GC [PSYoungGen: 14336K->496K(15872K)] 20368K->6528K(51712K), 0.0005100 secs] [Times: user=0.00 sys=0.00, real=0.00 secs] 
37.570: Total time for which application threads were stopped: 0.0022650 seconds, Stopping threads took: 0.0016840 seconds
37.645: Application time: 0.0751140 seconds
37.645: [GC [PSYoungGen: 14320K->544K(15872K)] 20352K->6576K(51712K), 0.0005050 secs] [Times: user=0.00 sys=0.00, real=0.01 secs] 
37.646: Total time for which application threads were stopped: 0.0006250 seconds, Stopping threads took: 0.0000560 seconds
37.722: Application time: 0.0759200 seconds
37.722: [GC [PSYoungGen: 14368K->496K(15872K)] 20400K->6528K(51712K), 0.0004760 secs] [Times: user=0.00 sys=0.00, real=0.00 secs] 
37.722: Total time for which application threads were stopped: 0.0005820 seconds, Stopping threads took: 0.0000460 seconds
37.823: Application time: 0.1013060 seconds
37.824: [GC [PSYoungGen: 14320K->528K(15872K)] 20352K->6560K(51712K), 0.0004730 secs] [Times: user=0.00 sys=0.00, real=0.00 secs] 
37.824: Total time for which application threads were stopped: 0.0006120 seconds, Stopping threads took: 0.0000520 seconds
37.898: Application time: 0.0738300 seconds
37.898: [GC [PSYoungGen: 14352K->512K(15872K)] 20384K->6560K(51712K), 0.0004930 secs] [Times: user=0.00 sys=0.00, real=0.00 secs] 
37.899: Total time for which application threads were stopped: 0.0006160 seconds, Stopping threads took: 0.0000590 seconds
37.972: Application time: 0.0738980 seconds
37.973: [GC [PSYoungGen: 14336K->480K(15872K)] 20384K->6544K(51712K), 0.0005340 secs] [Times: user=0.00 sys=0.00, real=0.00 secs] 
37.973: Total time for which application threads were stopped: 0.0006670 seconds, Stopping threads took: 0.0000590 seconds
38.047: Application time: 0.0736710 seconds
38.047: [GC [PSYoungGen: 14304K->512K(15872K)] 20368K->6592K(51712K), 0.0005210 secs] [Times: user=0.00 sys=0.00, real=0.00 secs] 
38.047: Total time for which application threads were stopped: 0.0006430 seconds, Stopping threads took: 0.0000610 seconds
38.122: Application time: 0.0742060 seconds
38.122: [GC [PSYoungGen: 14336K->544K(15872K)] 20416K->6624K(51712K), 0.0004900 secs] [Times: user=0.00 sys=0.00, real=0.00 secs] 
38.122: Total time for which application threads were stopped: 0.0006260 seconds, Stopping threads took: 0.0000700 seconds
38.196: Application time: 0.0739650 seconds
38.196: [GC [PSYoungGen: 14368K->512K(15872K)] 20448K->6608K(51712K), 0.0004680 secs] [Times: user=0.00 sys=0.00, real=0.00 secs] 
38.197: Total time for which application threads were stopped: 0.0005880 seconds, Stopping threads took: 0.0000600 seconds
38.271: Application time: 0.0742400 seconds
38.271: [GC [PSYoungGen: 14336K->528K(15872K)] 20432K->6624K(51712K), 0.0004930 secs] [Times: user=0.00 sys=0.00, real=0.00 secs] 
38.272: Total time for which application threads were stopped: 0.0006110 seconds, Stopping threads took: 0.0000560 seconds
38.347: Application time: 0.0753240 seconds
38.347: [GC [PSYoungGen: 14352K->464K(15872K)] 20448K->6560K(51712K), 0.0004950 secs] [Times: user=0.01 sys=0.00, real=0.00 secs] 
38.348: Total time for which application threads were stopped: 0.0006290 seconds, Stopping threads took: 0.0000670 seconds
38.420: Application time: 0.0722380 seconds
38.420: [GC [PSYoungGen: 14288K->528K(15872K)] 20384K->6624K(51712K), 0.0004950 secs] [Times: user=0.00 sys=0.00, real=0.00 secs] 
38.420: Total time for which application threads were stopped: 0.0006020 seconds, Stopping threads took: 0.0000470 seconds
38.495: Application time: 0.0740780 seconds
38.495: [GC [PSYoungGen: 14352K->528K(15872K)] 20448K->6624K(51712K), 0.0004660 secs] [Times: user=0.00 sys=0.00, real=0.00 secs] 
38.495: Total time for which application threads were stopped: 0.0005890 seconds, Stopping threads took: 0.0000510 seconds
38.569: Application time: 0.0737190 seconds
38.569: [GC [PSYoungGen: 14352K->480K(15872K)] 20448K->6576K(51712K), 0.0005130 secs] [Times: user=0.00 sys=0.00, real=0.00 secs] 
38.569: Total time for which application threads were stopped: 0.0006410 seconds, Stopping threads took: 0.0000560 seconds
38.643: Application time: 0.0735400 seconds
38.645: [GC [PSYoungGen: 14304K->560K(15872K)] 20400K->6656K(51712K), 0.0005100 secs] [Times: user=0.00 sys=0.00, real=0.00 secs] 
38.646: Total time for which application threads were stopped: 0.0028690 seconds, Stopping threads took: 0.0022990 seconds
38.720: Application time: 0.0740600 seconds
38.720: [GC [PSYoungGen: 14384K->544K(15872K)] 20480K->6656K(51712K), 0.0004780 secs] [Times: user=0.00 sys=0.00, real=0.00 secs] 
38.721: Total time for which application threads were stopped: 0.0006020 seconds, Stopping threads took: 0.0000600 seconds
38.794: Application time: 0.0736410 seconds
38.794: [GC [PSYoungGen: 14368K->512K(15872K)] 20480K->6632K(51712K), 0.0004950 secs] [Times: user=0.00 sys=0.00, real=0.00 secs] 
38.795: Total time for which application threads were stopped: 0.0006180 seconds, Stopping threads took: 0.0000590 seconds
38.870: Application time: 0.0753260 seconds
38.870: [GC [PSYoungGen: 14336K->496K(15872K)] 20456K->6616K(51712K), 0.0004710 secs] [Times: user=0.01 sys=0.00, real=0.00 secs] 
38.871: Total time for which application threads were stopped: 0.0005980 seconds, Stopping threads took: 0.0000590 seconds
38.945: Application time: 0.0737820 seconds
38.945: [GC [PSYoungGen: 14320K->528K(15872K)] 20440K->6664K(51712K), 0.0005320 secs] [Times: user=0.00 sys=0.00, real=0.00 secs] 
38.945: Total time for which application threads were stopped: 0.0006630 seconds, Stopping threads took: 0.0000660 seconds
39.019: Application time: 0.0741230 seconds
39.019: [GC [PSYoungGen: 14352K->512K(15872K)] 20488K->6648K(51712K), 0.0004910 secs] [Times: user=0.00 sys=0.00, real=0.00 secs] 
39.020: Total time for which application threads were stopped: 0.0006270 seconds, Stopping threads took: 0.0000650 seconds
39.094: Application time: 0.0741180 seconds
39.094: [GC [PSYoungGen: 14336K->528K(15872K)] 20472K->6664K(51712K), 0.0004990 secs] [Times: user=0.00 sys=0.00, real=0.00 secs] 
39.095: Total time for which application threads were stopped: 0.0006130 seconds, Stopping threads took: 0.0000490 seconds
39.167: Application time: 0.0725790 seconds
39.169: [GC [PSYoungGen: 14352K->480K(15872K)] 20488K->6616K(51712K), 0.0005130 secs] [Times: user=0.01 sys=0.00, real=0.00 secs] 
39.170: Total time for which application threads were stopped: 0.0026490 seconds, Stopping threads took: 0.0020730 seconds
39.248: Application time: 0.0782040 seconds
39.248: [GC [PSYoungGen: 14304K->496K(15872K)] 20440K->6632K(51712K), 0.0005260 secs] [Times: user=0.00 sys=0.00, real=0.00 secs] 
39.249: Total time for which application threads were stopped: 0.0006550 seconds, Stopping threads took: 0.0000690 seconds
39.322: Application time: 0.0735570 seconds
39.322: [GC [PSYoungGen: 14320K->496K(15872K)] 20456K->6632K(51712K), 0.0004950 secs] [Times: user=0.00 sys=0.00, real=0.00 secs] 
39.323: Total time for which application threads were stopped: 0.0006380 seconds, Stopping threads took: 0.0000760 seconds
39.397: Application time: 0.0736660 seconds
39.397: [GC [PSYoungGen: 14320K->544K(15872K)] 20456K->6680K(51712K), 0.0004770 secs] [Times: user=0.00 sys=0.00, real=0.00 secs] 
39.397: Total time for which application threads were stopped: 0.0006060 seconds, Stopping threads took: 0.0000630 seconds
39.472: Application time: 0.0742590 seconds
39.472: [GC [PSYoungGen: 14368K->528K(15872K)] 20504K->6696K(51712K), 0.0004830 secs] [Times: user=0.00 sys=0.00, real=0.00 secs] 
39.472: Total time for which application threads were stopped: 0.0006000 seconds, Stopping threads took: 0.0000530 seconds
39.546: Application time: 0.0734070 seconds
39.546: [GC [PSYoungGen: 14352K->496K(15872K)] 20520K->6680K(51712K), 0.0005290 secs] [Times: user=0.00 sys=0.00, real=0.00 secs] 
39.546: Total time for which application threads were stopped: 0.0006490 seconds, Stopping threads took: 0.0000500 seconds
39.620: Application time: 0.0742000 seconds
39.620: [GC [PSYoungGen: 14320K->464K(15872K)] 20504K->6648K(51712K), 0.0004810 secs] [Times: user=0.00 sys=0.00, real=0.00 secs] 
39.621: Total time for which application threads were stopped: 0.0006060 seconds, Stopping threads took: 0.0000620 seconds
39.696: Application time: 0.0745250 seconds
39.696: [GC [PSYoungGen: 14288K->512K(15872K)] 20472K->6712K(51712K), 0.0005300 secs] [Times: user=0.00 sys=0.00, real=0.00 secs] 
39.696: Total time for which application threads were stopped: 0.0006440 seconds, Stopping threads took: 0.0000520 seconds
39.770: Application time: 0.0738060 seconds
39.770: [GC [PSYoungGen: 14336K->512K(15872K)] 20536K->6728K(51712K), 0.0005090 secs] [Times: user=0.00 sys=0.00, real=0.00 secs] 
39.771: Total time for which application threads were stopped: 0.0006260 seconds, Stopping threads took: 0.0000580 seconds
39.844: Application time: 0.0731200 seconds
39.844: [GC [PSYoungGen: 14336K->496K(15872K)] 20552K->6712K(51712K), 0.0004690 secs] [Times: user=0.00 sys=0.00, real=0.00 secs] 
39.844: Total time for which application threads were stopped: 0.0005930 seconds, Stopping threads took: 0.0000560 seconds
39.917: Application time: 0.0729430 seconds
39.917: [GC [PSYoungGen: 14320K->528K(15872K)] 20536K->6744K(51712K), 0.0004810 secs] [Times: user=0.00 sys=0.00, real=0.00 secs] 
39.918: Total time for which application threads were stopped: 0.0006170 seconds, Stopping threads took: 0.0000700 seconds
39.991: Application time: 0.0731420 seconds
39.991: [GC [PSYoungGen: 14352K->512K(15872K)] 20568K->6728K(51712K), 0.0005010 secs] [Times: user=0.00 sys=0.00, real=0.00 secs] 
39.992: Total time for which application threads were stopped: 0.0006290 seconds, Stopping threads took: 0.0000610 seconds
40.065: Application time: 0.0737500 seconds
40.065: [GC [PSYoungGen: 14336K->544K(15872K)] 20552K->6760K(51712K), 0.0004820 secs] [Times: user=0.00 sys=0.00, real=0.00 secs] 
40.066: Total time for which application threads were stopped: 0.0006150 seconds, Stopping threads took: 0.0000510 seconds
40.140: Application time: 0.0735900 seconds
40.140: [GC [PSYoungGen: 14368K->496K(15872K)] 20584K->6712K(51712K), 0.0004700 secs] [Times: user=0.00 sys=0.00, real=0.00 secs] 
40.140: Total time for which application threads were stopped: 0.0005870 seconds, Stopping threads took: 0.0000550 seconds
40.215: Application time: 0.0744700 seconds
40.215: [GC [PSYoungGen: 14320K->512K(15872K)] 20536K->6744K(51712K), 0.0005650 secs] [Times: user=0.00 sys=0.00, real=0.00 secs] 
40.215: Total time for which application threads were stopped: 0.0006810 seconds, Stopping threads took: 0.0000520 seconds
40.289: Application time: 0.0739330 seconds
40.289: [GC [PSYoungGen: 14336K->528K(15872K)] 20568K->6776K(51712K), 0.0004870 secs] [Times: user=0.00 sys=0.00, real=0.00 secs] 
40.290: Total time for which application threads were stopped: 0.0006090 seconds, Stopping threads took: 0.0000550 seconds
40.365: Application time: 0.0748970 seconds
40.365: [GC [PSYoungGen: 14352K->512K(15872K)] 20600K->6776K(51712K), 0.0005340 secs] [Times: user=0.00 sys=0.00, real=0.01 secs] 
40.365: Total time for which application threads were stopped: 0.0006580 seconds, Stopping threads took: 0.0000620 seconds
40.439: Application time: 0.0739430 seconds
40.439: [GC [PSYoungGen: 14336K->528K(15872K)] 20600K->6808K(51712K), 0.0004980 secs] [Times: user=0.01 sys=0.00, real=0.00 secs] 
40.440: Total time for which application threads were stopped: 0.0006250 seconds, Stopping threads took: 0.0000620 seconds
40.515: Application time: 0.0745800 seconds
40.515: [GC [PSYoungGen: 14352K->480K(15872K)] 20632K->6776K(51712K), 0.0004950 secs] [Times: user=0.00 sys=0.00, real=0.00 secs] 
40.516: Total time for which application threads were stopped: 0.0016910 seconds, Stopping threads took: 0.0000590 seconds
40.590: Application time: 0.0733480 seconds
40.590: [GC [PSYoungGen: 14304K->512K(15872K)] 20600K->6808K(51712K), 0.0005160 secs] [Times: user=0.00 sys=0.00, real=0.00 secs] 
40.590: Total time for which application threads were stopped: 0.0006500 seconds, Stopping threads took: 0.0000600 seconds
40.663: Application time: 0.0725940 seconds
40.663: [GC [PSYoungGen: 14336K->512K(15872K)] 20632K->6808K(51712K), 0.0004820 secs] [Times: user=0.00 sys=0.00, real=0.00 secs] 
40.664: Total time for which application threads were stopped: 0.0006280 seconds, Stopping threads took: 0.0000770 seconds
40.736: Application time: 0.0726990 seconds
40.736: [GC [PSYoungGen: 14336K->496K(15872K)] 20632K->6792K(51712K), 0.0005010 secs] [Times: user=0.00 sys=0.00, real=0.00 secs] 
40.737: Total time for which application threads were stopped: 0.0006290 seconds, Stopping threads took: 0.0000650 seconds
40.810: Application time: 0.0731830 seconds
40.810: [GC [PSYoungGen: 14320K->480K(15872K)] 20616K->6776K(51712K), 0.0004810 secs] [Times: user=0.00 sys=0.00, real=0.00 secs] 
40.811: Total time for which application threads were stopped: 0.0006010 seconds, Stopping threads took: 0.0000600 seconds
40.884: Application time: 0.0733110 seconds
40.884: [GC [PSYoungGen: 14304K->512K(15872K)] 20600K->6808K(51712K), 0.0004710 secs] [Times: user=0.01 sys=0.00, real=0.00 secs] 
40.885: Total time for which application threads were stopped: 0.0005830 seconds, Stopping threads took: 0.0000510 seconds
40.959: Application time: 0.0739910 seconds
40.959: [GC [PSYoungGen: 14336K->512K(15872K)] 20632K->6824K(51712K), 0.0005430 secs] [Times: user=0.00 sys=0.00, real=0.00 secs] 
40.959: Total time for which application threads were stopped: 0.0006870 seconds, Stopping threads took: 0.0000780 seconds
41.033: Application time: 0.0739590 seconds
41.033: [GC [PSYoungGen: 14336K->528K(15872K)] 20648K->6848K(51712K), 0.0005670 secs] [Times: user=0.00 sys=0.00, real=0.01 secs] 
41.034: Total time for which application threads were stopped: 0.0006900 seconds, Stopping threads took: 0.0000580 seconds
41.108: Application time: 0.0743810 seconds
41.108: [GC [PSYoungGen: 14352K->512K(15872K)] 20672K->6848K(51712K), 0.0005580 secs] [Times: user=0.00 sys=0.00, real=0.00 secs] 
41.109: Total time for which application threads were stopped: 0.0006880 seconds, Stopping threads took: 0.0000570 seconds
41.183: Application time: 0.0738560 seconds
41.183: [GC [PSYoungGen: 14336K->480K(15872K)] 20672K->6824K(51712K), 0.0005550 secs] [Times: user=0.00 sys=0.00, real=0.00 secs] 
41.183: Total time for which application threads were stopped: 0.0006810 seconds, Stopping threads took: 0.0000570 seconds
41.258: Application time: 0.0745400 seconds
41.258: [GC [PSYoungGen: 14304K->496K(15872K)] 20648K->6864K(51712K), 0.0004640 secs] [Times: user=0.00 sys=0.00, real=0.00 secs] 
41.259: Total time for which application threads were stopped: 0.0005870 seconds, Stopping threads took: 0.0000600 seconds
41.333: Application time: 0.0743390 seconds
41.333: [GC [PSYoungGen: 14320K->512K(15872K)] 20688K->6880K(51712K), 0.0004690 secs] [Times: user=0.00 sys=0.00, real=0.01 secs] 
41.334: Total time for which application threads were stopped: 0.0005800 seconds, Stopping threads took: 0.0000470 seconds
41.407: Application time: 0.0730760 seconds
41.407: [GC [PSYoungGen: 14336K->512K(15872K)] 20704K->6880K(51712K), 0.0004960 secs] [Times: user=0.00 sys=0.00, real=0.00 secs] 
41.407: Total time for which application threads were stopped: 0.0006370 seconds, Stopping threads took: 0.0000750 seconds
41.479: Application time: 0.0719820 seconds
41.479: [GC [PSYoungGen: 14336K->480K(15872K)] 20704K->6848K(51712K), 0.0005050 secs] [Times: user=0.01 sys=0.00, real=0.00 secs] 
41.480: Total time for which application threads were stopped: 0.0006180 seconds, Stopping threads took: 0.0000490 seconds
41.553: Application time: 0.0735900 seconds
41.554: [GC [PSYoungGen: 14304K->496K(15872K)] 20672K->6864K(51712K), 0.0004730 secs] [Times: user=0.00 sys=0.00, real=0.00 secs] 
41.554: Total time for which application threads were stopped: 0.0006090 seconds, Stopping threads took: 0.0000740 seconds
41.628: Application time: 0.0738390 seconds
41.628: [GC [PSYoungGen: 14320K->512K(15872K)] 20688K->6880K(51712K), 0.0005060 secs] [Times: user=0.00 sys=0.00, real=0.00 secs] 
41.629: Total time for which application threads were stopped: 0.0006340 seconds, Stopping threads took: 0.0000550 seconds
41.702: Application time: 0.0733050 seconds
41.702: [GC [PSYoungGen: 14336K->512K(15872K)] 20704K->6888K(51712K), 0.0004990 secs] [Times: user=0.00 sys=0.00, real=0.00 secs] 
41.702: Total time for which application threads were stopped: 0.0006220 seconds, Stopping threads took: 0.0000630 seconds
41.776: Application time: 0.0735920 seconds
41.776: [GC [PSYoungGen: 14336K->544K(15872K)] 20712K->6928K(51712K), 0.0005560 secs] [Times: user=0.00 sys=0.00, real=0.00 secs] 
41.777: Total time for which application threads were stopped: 0.0006740 seconds, Stopping threads took: 0.0000550 seconds
41.854: Application time: 0.0774680 seconds
41.854: [GC [PSYoungGen: 14368K->512K(15872K)] 20752K->6912K(51712K), 0.0005580 secs] [Times: user=0.00 sys=0.00, real=0.00 secs] 
41.855: Total time for which application threads were stopped: 0.0006670 seconds, Stopping threads took: 0.0000500 seconds
41.929: Application time: 0.0744410 seconds
41.929: [GC [PSYoungGen: 14336K->480K(15872K)] 20736K->6888K(51712K), 0.0005270 secs] [Times: user=0.00 sys=0.00, real=0.00 secs] 
41.930: Total time for which application threads were stopped: 0.0006560 seconds, Stopping threads took: 0.0000630 seconds
42.004: Application time: 0.0739180 seconds
42.004: [GC [PSYoungGen: 14304K->528K(15872K)] 20712K->6952K(51712K), 0.0004850 secs] [Times: user=0.00 sys=0.00, real=0.00 secs] 
42.004: Total time for which application threads were stopped: 0.0005970 seconds, Stopping threads took: 0.0000500 seconds
42.078: Application time: 0.0733950 seconds
42.078: [GC [PSYoungGen: 14352K->528K(15872K)] 20776K->6952K(51712K), 0.0005070 secs] [Times: user=0.00 sys=0.00, real=0.00 secs] 
42.079: Total time for which application threads were stopped: 0.0006390 seconds, Stopping threads took: 0.0000710 seconds
42.152: Application time: 0.0734850 seconds
42.152: [GC [PSYoungGen: 14352K->464K(15872K)] 20776K->6888K(51712K), 0.0004830 secs] [Times: user=0.00 sys=0.00, real=0.00 secs] 
42.153: Total time for which application threads were stopped: 0.0006230 seconds, Stopping threads took: 0.0000640 seconds
42.226: Application time: 0.0734930 seconds
42.226: [GC [PSYoungGen: 14288K->480K(15872K)] 20712K->6904K(51712K), 0.0004720 secs] [Times: user=0.00 sys=0.00, real=0.00 secs] 
42.227: Total time for which application threads were stopped: 0.0006140 seconds, Stopping threads took: 0.0000770 seconds
42.300: Application time: 0.0736290 seconds
42.301: [GC [PSYoungGen: 14304K->512K(15872K)] 20728K->6936K(51712K), 0.0005230 secs] [Times: user=0.01 sys=0.00, real=0.00 secs] 
42.301: Total time for which application threads were stopped: 0.0006680 seconds, Stopping threads took: 0.0000800 seconds
42.375: Application time: 0.0736320 seconds
42.375: [GC [PSYoungGen: 14336K->496K(15872K)] 20760K->6920K(51712K), 0.0005110 secs] [Times: user=0.00 sys=0.00, real=0.00 secs] 
42.375: Total time for which application threads were stopped: 0.0006290 seconds, Stopping threads took: 0.0000520 seconds
42.449: Application time: 0.0740290 seconds
42.449: [GC [PSYoungGen: 14320K->544K(15872K)] 20744K->6984K(51712K), 0.0004860 secs] [Times: user=0.00 sys=0.00, real=0.00 secs] 
42.450: Total time for which application threads were stopped: 0.0006140 seconds, Stopping threads took: 0.0000610 seconds
42.523: Application time: 0.0734190 seconds
42.523: [GC [PSYoungGen: 14368K->496K(15872K)] 20808K->6952K(51712K), 0.0004870 secs] [Times: user=0.00 sys=0.00, real=0.00 secs] 
42.524: Total time for which application threads were stopped: 0.0006130 seconds, Stopping threads took: 0.0000650 seconds
42.597: Application time: 0.0733300 seconds
42.597: [GC [PSYoungGen: 14320K->496K(15872K)] 20776K->6960K(51712K), 0.0005110 secs] [Times: user=0.00 sys=0.00, real=0.00 secs] 
42.598: Total time for which application threads were stopped: 0.0006420 seconds, Stopping threads took: 0.0000690 seconds
42.672: Application time: 0.0741440 seconds
42.672: [GC [PSYoungGen: 14320K->560K(15872K)] 20784K->7040K(51712K), 0.0004690 secs] [Times: user=0.00 sys=0.00, real=0.00 secs] 
42.673: Total time for which application threads were stopped: 0.0005990 seconds, Stopping threads took: 0.0000620 seconds
42.747: Application time: 0.0739590 seconds
42.747: [GC [PSYoungGen: 14384K->480K(15872K)] 20864K->6960K(51712K), 0.0004920 secs] [Times: user=0.00 sys=0.00, real=0.00 secs] 
42.747: Total time for which application threads were stopped: 0.0006180 seconds, Stopping threads took: 0.0000610 seconds
42.821: Application time: 0.0738440 seconds
42.821: [GC [PSYoungGen: 14304K->512K(15872K)] 20784K->7000K(51712K), 0.0004840 secs] [Times: user=0.01 sys=0.00, real=0.00 secs] 
42.822: Total time for which application threads were stopped: 0.0006150 seconds, Stopping threads took: 0.0000660 seconds
42.895: Application time: 0.0731010 seconds
42.895: [GC [PSYoungGen: 14336K->480K(15872K)] 20824K->6968K(51712K), 0.0004750 secs] [Times: user=0.00 sys=0.00, real=0.00 secs] 
42.895: Total time for which application threads were stopped: 0.0006010 seconds, Stopping threads took: 0.0000640 seconds
42.968: Application time: 0.0729260 seconds
42.968: [GC [PSYoungGen: 14304K->496K(15872K)] 20792K->6984K(51712K), 0.0005360 secs] [Times: user=0.00 sys=0.00, real=0.00 secs] 
42.969: Total time for which application threads were stopped: 0.0006420 seconds, Stopping threads took: 0.0000420 seconds
43.042: Application time: 0.0728140 seconds
43.042: [GC [PSYoungGen: 14320K->544K(15872K)] 20808K->7032K(51712K), 0.0004630 secs] [Times: user=0.00 sys=0.00, real=0.00 secs] 
43.042: Total time for which application threads were stopped: 0.0005840 seconds, Stopping threads took: 0.0000530 seconds
43.116: Application time: 0.0736370 seconds
43.116: [GC [PSYoungGen: 14368K->544K(15872K)] 20856K->7032K(51712K), 0.0005340 secs] [Times: user=0.00 sys=0.00, real=0.00 secs] 
43.117: Total time for which application threads were stopped: 0.0006700 seconds, Stopping threads took: 0.0000630 seconds
43.190: Application time: 0.0734010 seconds
43.190: [GC [PSYoungGen: 14368K->512K(15872K)] 20856K->7008K(51712K), 0.0005580 secs] [Times: user=0.00 sys=0.00, real=0.00 secs] 
43.191: Total time for which application threads were stopped: 0.0006840 seconds, Stopping threads took: 0.0000510 seconds
43.265: Application time: 0.0739660 seconds
43.265: [GC [PSYoungGen: 14336K->480K(15872K)] 20832K->6992K(51712K), 0.0004830 secs] [Times: user=0.00 sys=0.00, real=0.01 secs] 
43.265: Total time for which application threads were stopped: 0.0006220 seconds, Stopping threads took: 0.0000780 seconds
43.340: Application time: 0.0742340 seconds
43.341: [GC [PSYoungGen: 14304K->496K(15872K)] 20816K->7016K(51712K), 0.0005870 secs] [Times: user=0.01 sys=0.00, real=0.00 secs] 
43.342: Total time for which application threads were stopped: 0.0023130 seconds, Stopping threads took: 0.0016560 seconds
43.416: Application time: 0.0739250 seconds
43.416: [GC [PSYoungGen: 14320K->496K(15872K)] 20840K->7032K(51712K), 0.0005840 secs] [Times: user=0.00 sys=0.00, real=0.00 secs] 
43.417: Total time for which application threads were stopped: 0.0007120 seconds, Stopping threads took: 0.0000650 seconds
43.491: Application time: 0.0744910 seconds
43.491: [GC [PSYoungGen: 14320K->496K(15872K)] 20856K->7032K(51712K), 0.0004670 secs] [Times: user=0.01 sys=0.00, real=0.00 secs] 
43.492: Total time for which application threads were stopped: 0.0005840 seconds, Stopping threads took: 0.0000570 seconds
43.566: Application time: 0.0742250 seconds
43.566: [GC [PSYoungGen: 14320K->528K(15872K)] 20856K->7080K(51712K), 0.0005060 secs] [Times: user=0.00 sys=0.00, real=0.00 secs] 
43.567: Total time for which application threads were stopped: 0.0006280 seconds, Stopping threads took: 0.0000530 seconds
43.640: Application time: 0.0730580 seconds
43.640: [GC [PSYoungGen: 14352K->528K(15872K)] 20904K->7080K(51712K), 0.0004870 secs] [Times: user=0.00 sys=0.00, real=0.00 secs] 
43.640: Total time for which application threads were stopped: 0.0006070 seconds, Stopping threads took: 0.0000540 seconds
43.713: Application time: 0.0729810 seconds
43.713: [GC [PSYoungGen: 14352K->512K(15872K)] 20904K->7064K(51712K), 0.0004880 secs] [Times: user=0.00 sys=0.00, real=0.00 secs] 
43.714: Total time for which application threads were stopped: 0.0006270 seconds, Stopping threads took: 0.0000590 seconds
43.787: Application time: 0.0730570 seconds
43.787: [GC [PSYoungGen: 14336K->480K(15872K)] 20888K->7032K(51712K), 0.0004950 secs] [Times: user=0.00 sys=0.00, real=0.00 secs] 
43.788: Total time for which application threads were stopped: 0.0006190 seconds, Stopping threads took: 0.0000620 seconds
43.861: Application time: 0.0735440 seconds
43.861: [GC [PSYoungGen: 14304K->496K(15872K)] 20856K->7048K(51712K), 0.0005030 secs] [Times: user=0.00 sys=0.00, real=0.00 secs] 
43.862: Total time for which application threads were stopped: 0.0006250 seconds, Stopping threads took: 0.0000550 seconds
43.935: Application time: 0.0734120 seconds
43.935: [GC [PSYoungGen: 14320K->544K(15872K)] 20872K->7096K(51712K), 0.0005300 secs] [Times: user=0.00 sys=0.00, real=0.00 secs] 
43.936: Total time for which application threads were stopped: 0.0006510 seconds, Stopping threads took: 0.0000520 seconds
44.010: Application time: 0.0738040 seconds
44.010: [GC [PSYoungGen: 14368K->496K(15872K)] 20920K->7064K(51712K), 0.0004910 secs] [Times: user=0.00 sys=0.00, real=0.00 secs] 
44.010: Total time for which application threads were stopped: 0.0006110 seconds, Stopping threads took: 0.0000600 seconds
44.084: Application time: 0.0739050 seconds
44.084: [GC [PSYoungGen: 14320K->544K(15872K)] 20888K->7128K(51712K), 0.0004810 secs] [Times: user=0.00 sys=0.00, real=0.00 secs] 
44.085: Total time for which application threads were stopped: 0.0006070 seconds, Stopping threads took: 0.0000620 seconds
44.159: Application time: 0.0741220 seconds
44.159: [GC [PSYoungGen: 14368K->512K(15872K)] 20952K->7112K(51712K), 0.0004690 secs] [Times: user=0.00 sys=0.00, real=0.00 secs] 
44.159: Total time for which application threads were stopped: 0.0005970 seconds, Stopping threads took: 0.0000590 seconds
44.233: Application time: 0.0739290 seconds
44.233: [GC [PSYoungGen: 14336K->496K(15872K)] 20936K->7096K(51712K), 0.0004960 secs] [Times: user=0.01 sys=0.00, real=0.00 secs] 
44.234: Total time for which application threads were stopped: 0.0006300 seconds, Stopping threads took: 0.0000550 seconds
44.309: Application time: 0.0745570 seconds
44.309: [GC [PSYoungGen: 14320K->528K(15872K)] 20920K->7136K(51712K), 0.0004830 secs] [Times: user=0.00 sys=0.00, real=0.00 secs] 
44.309: Total time for which application threads were stopped: 0.0005800 seconds, Stopping threads took: 0.0000400 seconds
44.382: Application time: 0.0733120 seconds
44.383: [GC [PSYoungGen: 14352K->512K(15872K)] 20960K->7120K(51712K), 0.0005270 secs] [Times: user=0.00 sys=0.00, real=0.00 secs] 
44.383: Total time for which application threads were stopped: 0.0006500 seconds, Stopping threads took: 0.0000590 seconds
44.456: Application time: 0.0732400 seconds
44.456: [GC [PSYoungGen: 14336K->496K(15872K)] 20944K->7104K(51712K), 0.0005480 secs] [Times: user=0.00 sys=0.00, real=0.00 secs] 
44.457: Total time for which application threads were stopped: 0.0006680 seconds, Stopping threads took: 0.0000560 seconds
44.529: Application time: 0.0723150 seconds
44.529: [GC [PSYoungGen: 14320K->496K(15872K)] 20928K->7104K(51712K), 0.0004830 secs] [Times: user=0.00 sys=0.00, real=0.00 secs] 
44.530: Total time for which application threads were stopped: 0.0005970 seconds, Stopping threads took: 0.0000490 seconds
44.603: Application time: 0.0735910 seconds
44.604: [GC [PSYoungGen: 14320K->528K(15872K)] 20928K->7136K(51712K), 0.0005260 secs] [Times: user=0.00 sys=0.00, real=0.00 secs] 
44.604: Total time for which application threads were stopped: 0.0006530 seconds, Stopping threads took: 0.0000670 seconds
44.679: Application time: 0.0743880 seconds
44.679: [GC [PSYoungGen: 14352K->480K(15872K)] 20960K->7088K(51712K), 0.0004790 secs] [Times: user=0.01 sys=0.00, real=0.00 secs] 
44.679: Total time for which application threads were stopped: 0.0006030 seconds, Stopping threads took: 0.0000610 seconds
44.753: Application time: 0.0733810 seconds
44.753: [GC [PSYoungGen: 14304K->544K(15872K)] 20912K->7168K(51712K), 0.0005050 secs] [Times: user=0.00 sys=0.00, real=0.00 secs] 
44.753: Total time for which application threads were stopped: 0.0006490 seconds, Stopping threads took: 0.0000680 seconds
44.827: Application time: 0.0738430 seconds
44.827: [GC [PSYoungGen: 14368K->544K(15872K)] 20992K->7200K(51712K), 0.0005300 secs] [Times: user=0.00 sys=0.00, real=0.00 secs] 
44.828: Total time for which application threads were stopped: 0.0006510 seconds, Stopping threads took: 0.0000550 seconds
44.903: Application time: 0.0748600 seconds
44.903: [GC [PSYoungGen: 14368K->528K(15872K)] 21024K->7200K(51712K), 0.0004760 secs] [Times: user=0.00 sys=0.00, real=0.00 secs] 
44.903: Total time for which application threads were stopped: 0.0006110 seconds, Stopping threads took: 0.0000660 seconds
44.977: Application time: 0.0738600 seconds
44.977: [GC [PSYoungGen: 14352K->560K(15872K)] 21024K->7248K(51712K), 0.0005010 secs] [Times: user=0.00 sys=0.00, real=0.00 secs] 
44.978: Total time for which application threads were stopped: 0.0006280 seconds, Stopping threads took: 0.0000620 seconds
45.052: Application time: 0.0740520 seconds
45.052: [GC [PSYoungGen: 14384K->512K(15872K)] 21072K->7216K(51712K), 0.0005250 secs] [Times: user=0.00 sys=0.00, real=0.00 secs] 
45.052: Total time for which application threads were stopped: 0.0006450 seconds, Stopping threads took: 0.0000580 seconds
45.126: Application time: 0.0735530 seconds
45.126: [GC [PSYoungGen: 14336K->528K(15872K)] 21040K->7232K(51712K), 0.0005410 secs] [Times: user=0.00 sys=0.00, real=0.00 secs] 
45.127: Total time for which application threads were stopped: 0.0006510 seconds, Stopping threads took: 0.0000500 seconds
45.199: Application time: 0.0727880 seconds
45.199: [GC [PSYoungGen: 14352K->496K(15872K)] 21056K->7200K(51712K), 0.0005110 secs] [Times: user=0.01 sys=0.00, real=0.00 secs] 
45.200: Total time for which application threads were stopped: 0.0006190 seconds, Stopping threads took: 0.0000470 seconds
45.273: Application time: 0.0728410 seconds
45.273: [GC [PSYoungGen: 14320K->512K(15872K)] 21024K->7216K(51712K), 0.0005280 secs] [Times: user=0.00 sys=0.00, real=0.01 secs] 
45.273: Total time for which application threads were stopped: 0.0006650 seconds, Stopping threads took: 0.0000600 seconds
45.347: Application time: 0.0734910 seconds
45.347: [GC [PSYoungGen: 14336K->528K(15872K)] 21040K->7232K(51712K), 0.0004590 secs] [Times: user=0.00 sys=0.00, real=0.00 secs] 
45.348: Total time for which application threads were stopped: 0.0005730 seconds, Stopping threads took: 0.0000550 seconds
45.422: Application time: 0.0742730 seconds
45.422: [GC [PSYoungGen: 14352K->512K(15872K)] 21056K->7216K(51712K), 0.0005550 secs] [Times: user=0.00 sys=0.00, real=0.00 secs] 
45.422: Total time for which application threads were stopped: 0.0006740 seconds, Stopping threads took: 0.0000580 seconds
45.496: Application time: 0.0731310 seconds
45.496: [GC [PSYoungGen: 14336K->496K(15872K)] 21040K->7216K(51712K), 0.0005560 secs] [Times: user=0.00 sys=0.00, real=0.00 secs] 
45.496: Total time for which application threads were stopped: 0.0006820 seconds, Stopping threads took: 0.0000640 seconds
45.570: Application time: 0.0738100 seconds
45.570: [GC [PSYoungGen: 14320K->496K(15872K)] 21040K->7232K(51712K), 0.0005020 secs] [Times: user=0.01 sys=0.00, real=0.00 secs] 
45.572: Total time for which application threads were stopped: 0.0016330 seconds, Stopping threads took: 0.0000570 seconds
45.645: Application time: 0.0733300 seconds
45.645: [GC [PSYoungGen: 14320K->480K(15872K)] 21056K->7232K(51712K), 0.0005160 secs] [Times: user=0.00 sys=0.01, real=0.01 secs] 
45.646: Total time for which application threads were stopped: 0.0006580 seconds, Stopping threads took: 0.0000730 seconds
45.720: Application time: 0.0744100 seconds
45.720: [GC [PSYoungGen: 14304K->496K(15872K)] 21056K->7256K(51712K), 0.0004930 secs] [Times: user=0.00 sys=0.00, real=0.00 secs] 
45.721: Total time for which application threads were stopped: 0.0006380 seconds, Stopping threads took: 0.0000820 seconds
45.794: Application time: 0.0736210 seconds
45.795: [GC [PSYoungGen: 14320K->496K(15872K)] 21080K->7256K(51712K), 0.0004980 secs] [Times: user=0.00 sys=0.00, real=0.00 secs] 
45.795: Total time for which application threads were stopped: 0.0006270 seconds, Stopping threads took: 0.0000540 seconds
45.868: Application time: 0.0733240 seconds
45.868: [GC [PSYoungGen: 14320K->512K(15872K)] 21080K->7288K(51712K), 0.0004680 secs] [Times: user=0.01 sys=0.00, real=0.00 secs] 
45.869: Total time for which application threads were stopped: 0.0005820 seconds, Stopping threads took: 0.0000550 seconds
45.942: Application time: 0.0733960 seconds
45.942: [GC [PSYoungGen: 14336K->448K(15872K)] 21112K->7224K(51712K), 0.0004950 secs] [Times: user=0.01 sys=0.00, real=0.00 secs] 
45.943: Total time for which application threads were stopped: 0.0006420 seconds, Stopping threads took: 0.0000850 seconds
46.016: Application time: 0.0725080 seconds
46.016: [GC [PSYoungGen: 14272K->480K(15872K)] 21048K->7256K(51712K), 0.0004660 secs] [Times: user=0.00 sys=0.00, real=0.00 secs] 
46.016: Total time for which application threads were stopped: 0.0005840 seconds, Stopping threads took: 0.0000560 seconds
46.090: Application time: 0.0736320 seconds
46.090: [GC [PSYoungGen: 14304K->512K(15872K)] 21080K->7288K(51712K), 0.0005130 secs] [Times: user=0.00 sys=0.00, real=0.00 secs] 
46.090: Total time for which application threads were stopped: 0.0006370 seconds, Stopping threads took: 0.0000620 seconds
46.164: Application time: 0.0734210 seconds
46.164: [GC [PSYoungGen: 14336K->528K(15872K)] 21112K->7304K(51712K), 0.0004960 secs] [Times: user=0.01 sys=0.00, real=0.00 secs] 
46.164: Total time for which application threads were stopped: 0.0006210 seconds, Stopping threads took: 0.0000590 seconds
46.238: Application time: 0.0735220 seconds
46.238: [GC [PSYoungGen: 14352K->496K(15872K)] 21128K->7288K(51712K), 0.0004800 secs] [Times: user=0.00 sys=0.00, real=0.00 secs] 
46.239: Total time for which application threads were stopped: 0.0005970 seconds, Stopping threads took: 0.0000530 seconds
46.313: Application time: 0.0747200 seconds
46.313: [GC [PSYoungGen: 14320K->480K(15872K)] 21112K->7288K(51712K), 0.0005460 secs] [Times: user=0.01 sys=0.00, real=0.00 secs] 
46.314: Total time for which application threads were stopped: 0.0007070 seconds, Stopping threads took: 0.0000840 seconds
46.389: Application time: 0.0750630 seconds
46.389: [GC [PSYoungGen: 14304K->512K(15872K)] 21112K->7336K(51712K), 0.0005120 secs] [Times: user=0.01 sys=0.00, real=0.00 secs] 
46.390: Total time for which application threads were stopped: 0.0006180 seconds, Stopping threads took: 0.0000460 seconds
46.463: Application time: 0.0738270 seconds
46.464: [GC [PSYoungGen: 14336K->480K(15872K)] 21160K->7320K(51712K), 0.0005250 secs] [Times: user=0.00 sys=0.00, real=0.00 secs] 
46.464: Total time for which application threads were stopped: 0.0006450 seconds, Stopping threads took: 0.0000590 seconds
46.538: Application time: 0.0742950 seconds
46.539: [GC [PSYoungGen: 14304K->496K(15872K)] 21144K->7336K(51712K), 0.0005420 secs] [Times: user=0.00 sys=0.00, real=0.00 secs] 
46.539: Total time for which application threads were stopped: 0.0006590 seconds, Stopping threads took: 0.0000510 seconds
46.613: Application time: 0.0737150 seconds
46.613: [GC [PSYoungGen: 14320K->512K(15872K)] 21160K->7376K(51712K), 0.0004780 secs] [Times: user=0.00 sys=0.00, real=0.01 secs] 
46.613: Total time for which application threads were stopped: 0.0006020 seconds, Stopping threads took: 0.0000520 seconds
46.687: Application time: 0.0731740 seconds
46.687: [GC [PSYoungGen: 14336K->512K(15872K)] 21200K->7376K(51712K), 0.0004800 secs] [Times: user=0.00 sys=0.00, real=0.00 secs] 
46.687: Total time for which application threads were stopped: 0.0006020 seconds, Stopping threads took: 0.0000630 seconds
46.759: Application time: 0.0721890 seconds
46.759: [GC [PSYoungGen: 14336K->480K(15872K)] 21200K->7344K(51712K), 0.0005280 secs] [Times: user=0.00 sys=0.00, real=0.00 secs] 
46.760: Total time for which application threads were stopped: 0.0006700 seconds, Stopping threads took: 0.0000810 seconds
46.833: Application time: 0.0729280 seconds
46.833: [GC [PSYoungGen: 14304K->512K(15872K)] 21168K->7376K(51712K), 0.0004680 secs] [Times: user=0.00 sys=0.00, real=0.01 secs] 
46.834: Total time for which application threads were stopped: 0.0005940 seconds, Stopping threads took: 0.0000550 seconds
46.907: Application time: 0.0738820 seconds
46.908: [GC [PSYoungGen: 14336K->512K(15872K)] 21200K->7376K(51712K), 0.0004900 secs] [Times: user=0.00 sys=0.00, real=0.00 secs] 
46.908: Total time for which application threads were stopped: 0.0006020 seconds, Stopping threads took: 0.0000530 seconds
46.982: Application time: 0.0734530 seconds
46.982: [GC [PSYoungGen: 14336K->528K(15872K)] 21200K->7408K(51712K), 0.0005050 secs] [Times: user=0.01 sys=0.00, real=0.00 secs] 
46.982: Total time for which application threads were stopped: 0.0006270 seconds, Stopping threads took: 0.0000570 seconds
47.056: Application time: 0.0741120 seconds
47.056: [GC [PSYoungGen: 14352K->544K(15872K)] 21232K->7440K(51712K), 0.0004710 secs] [Times: user=0.00 sys=0.00, real=0.00 secs] 
47.057: Total time for which application threads were stopped: 0.0005920 seconds, Stopping threads took: 0.0000590 seconds
47.131: Application time: 0.0736680 seconds
47.131: [GC [PSYoungGen: 14368K->528K(15872K)] 21264K->7440K(51712K), 0.0004830 secs] [Times: user=0.00 sys=0.00, real=0.00 secs] 
47.131: Total time for which application threads were stopped: 0.0006070 seconds, Stopping threads took: 0.0000600 seconds
47.205: Application time: 0.0738140 seconds
47.205: [GC [PSYoungGen: 14352K->512K(15872K)] 21264K->7448K(51712K), 0.0004860 secs] [Times: user=0.00 sys=0.01, real=0.01 secs] 
47.206: Total time for which application threads were stopped: 0.0006140 seconds, Stopping threads took: 0.0000540 seconds
47.280: Application time: 0.0740630 seconds
47.280: [GC [PSYoungGen: 14336K->496K(15872K)] 21272K->7432K(51712K), 0.0005190 secs] [Times: user=0.00 sys=0.00, real=0.00 secs] 
47.280: Total time for which application threads were stopped: 0.0006430 seconds, Stopping threads took: 0.0000590 seconds
47.355: Application time: 0.0742790 seconds
47.355: [GC [PSYoungGen: 14320K->544K(15872K)] 21256K->7496K(51712K), 0.0004860 secs] [Times: user=0.01 sys=0.00, real=0.00 secs] 
47.355: Total time for which application threads were stopped: 0.0006130 seconds, Stopping threads took: 0.0000540 seconds
47.428: Application time: 0.0730780 seconds
47.429: [GC [PSYoungGen: 14368K->528K(15872K)] 21320K->7480K(51712K), 0.0004690 secs] [Times: user=0.00 sys=0.00, real=0.00 secs] 
47.430: Total time for which application threads were stopped: 0.0016100 seconds, Stopping threads took: 0.0010810 seconds
47.502: Application time: 0.0723450 seconds
47.502: [GC [PSYoungGen: 14352K->480K(15872K)] 21304K->7432K(51712K), 0.0004910 secs] [Times: user=0.01 sys=0.00, real=0.00 secs] 
47.503: Total time for which application threads were stopped: 0.0006350 seconds, Stopping threads took: 0.0000760 seconds
47.576: Application time: 0.0730120 seconds
47.576: [GC [PSYoungGen: 14304K->512K(15872K)] 21256K->7464K(51712K), 0.0004780 secs] [Times: user=0.00 sys=0.00, real=0.00 secs] 
47.576: Total time for which application threads were stopped: 0.0006050 seconds, Stopping threads took: 0.0000600 seconds
47.650: Application time: 0.0738860 seconds
47.650: [GC [PSYoungGen: 14336K->496K(15872K)] 21288K->7448K(51712K), 0.0004640 secs] [Times: user=0.00 sys=0.00, real=0.00 secs] 
47.651: Total time for which application threads were stopped: 0.0005830 seconds, Stopping threads took: 0.0000550 seconds
47.724: Application time: 0.0734870 seconds
47.725: [GC [PSYoungGen: 14320K->496K(15872K)] 21272K->7448K(51712K), 0.0005300 secs] [Times: user=0.00 sys=0.00, real=0.00 secs] 
47.726: Total time for which application threads were stopped: 0.0015070 seconds, Stopping threads took: 0.0009120 seconds
47.800: Application time: 0.0742890 seconds
47.800: [GC [PSYoungGen: 14320K->512K(15872K)] 21272K->7480K(51712K), 0.0005570 secs] [Times: user=0.00 sys=0.00, real=0.00 secs] 
47.801: Total time for which application threads were stopped: 0.0006780 seconds, Stopping threads took: 0.0000600 seconds
47.876: Application time: 0.0755130 seconds
47.877: [GC [PSYoungGen: 14336K->512K(15872K)] 21304K->7496K(51712K), 0.0004670 secs] [Times: user=0.00 sys=0.00, real=0.00 secs] 
47.877: Total time for which application threads were stopped: 0.0006040 seconds, Stopping threads took: 0.0000680 seconds
47.951: Application time: 0.0740180 seconds
47.951: [GC [PSYoungGen: 14336K->448K(15872K)] 21320K->7448K(51712K), 0.0005900 secs] [Times: user=0.01 sys=0.00, real=0.00 secs] 
47.952: Total time for which application threads were stopped: 0.0007280 seconds, Stopping threads took: 0.0000730 seconds
48.026: Application time: 0.0743350 seconds
48.026: [GC [PSYoungGen: 14272K->464K(15872K)] 21272K->7464K(51712K), 0.0005480 secs] [Times: user=0.00 sys=0.00, real=0.00 secs] 
48.027: Total time for which application threads were stopped: 0.0006560 seconds, Stopping threads took: 0.0000440 seconds
48.101: Application time: 0.0743800 seconds
48.101: [GC [PSYoungGen: 14288K->496K(15872K)] 21288K->7512K(51712K), 0.0005000 secs] [Times: user=0.00 sys=0.00, real=0.00 secs] 
48.102: Total time for which application threads were stopped: 0.0006290 seconds, Stopping threads took: 0.0000650 seconds
48.175: Application time: 0.0731960 seconds
48.175: [GC [PSYoungGen: 14320K->480K(15872K)] 21336K->7496K(51712K), 0.0004860 secs] [Times: user=0.00 sys=0.00, real=0.00 secs] 
48.176: Total time for which application threads were stopped: 0.0006070 seconds, Stopping threads took: 0.0000590 seconds
48.249: Application time: 0.0729850 seconds
48.249: [GC [PSYoungGen: 14304K->464K(15872K)] 21320K->7480K(51712K), 0.0005340 secs] [Times: user=0.00 sys=0.00, real=0.00 secs] 
48.249: Total time for which application threads were stopped: 0.0006590 seconds, Stopping threads took: 0.0000520 seconds
48.322: Application time: 0.0725120 seconds
48.322: [GC [PSYoungGen: 14288K->528K(15872K)] 21304K->7544K(51712K), 0.0005250 secs] [Times: user=0.00 sys=0.00, real=0.00 secs] 
48.322: Total time for which application threads were stopped: 0.0006440 seconds, Stopping threads took: 0.0000570 seconds
48.396: Application time: 0.0734180 seconds
48.396: [GC [PSYoungGen: 14352K->544K(15872K)] 21368K->7560K(51712K), 0.0005050 secs] [Times: user=0.00 sys=0.00, real=0.00 secs] 
48.396: Total time for which application threads were stopped: 0.0006270 seconds, Stopping threads took: 0.0000480 seconds
48.470: Application time: 0.0740080 seconds
48.471: [GC [PSYoungGen: 14368K->496K(15872K)] 21384K->7512K(51712K), 0.0004920 secs] [Times: user=0.00 sys=0.00, real=0.00 secs] 
48.471: Total time for which application threads were stopped: 0.0006100 seconds, Stopping threads took: 0.0000550 seconds
48.545: Application time: 0.0734820 seconds
48.545: [GC [PSYoungGen: 14320K->496K(15872K)] 21336K->7528K(51712K), 0.0005060 secs] [Times: user=0.00 sys=0.00, real=0.00 secs] 
48.545: Total time for which application threads were stopped: 0.0006360 seconds, Stopping threads took: 0.0000620 seconds
48.619: Application time: 0.0739370 seconds
48.621: [GC [PSYoungGen: 14320K->480K(15872K)] 21352K->7528K(51712K), 0.0005250 secs] [Times: user=0.00 sys=0.00, real=0.00 secs] 
48.622: Total time for which application threads were stopped: 0.0027960 seconds, Stopping threads took: 0.0022030 seconds
48.695: Application time: 0.0735100 seconds
48.696: [GC [PSYoungGen: 14304K->512K(15872K)] 21352K->7568K(51712K), 0.0005270 secs] [Times: user=0.00 sys=0.00, real=0.00 secs] 
48.696: Total time for which application threads were stopped: 0.0006540 seconds, Stopping threads took: 0.0000620 seconds
48.770: Application time: 0.0736820 seconds
48.770: [GC [PSYoungGen: 14336K->512K(15872K)] 21392K->7568K(51712K), 0.0005160 secs] [Times: user=0.00 sys=0.00, real=0.00 secs] 
48.770: Total time for which application threads were stopped: 0.0006330 seconds, Stopping threads took: 0.0000560 seconds
48.845: Application time: 0.0742120 seconds
48.845: [GC [PSYoungGen: 14336K->480K(15872K)] 21392K->7552K(51712K), 0.0004880 secs] [Times: user=0.00 sys=0.00, real=0.00 secs] 
48.845: Total time for which application threads were stopped: 0.0006050 seconds, Stopping threads took: 0.0000520 seconds
48.918: Application time: 0.0732150 seconds
48.919: [GC [PSYoungGen: 14304K->496K(15872K)] 21376K->7568K(51712K), 0.0005030 secs] [Times: user=0.00 sys=0.00, real=0.00 secs] 
48.919: Total time for which application threads were stopped: 0.0006290 seconds, Stopping threads took: 0.0000510 seconds
48.992: Application time: 0.0728620 seconds
48.992: [GC [PSYoungGen: 14320K->544K(15872K)] 21392K->7616K(51712K), 0.0005280 secs] [Times: user=0.00 sys=0.00, real=0.00 secs] 
48.993: Total time for which application threads were stopped: 0.0006500 seconds, Stopping threads took: 0.0000550 seconds
49.065: Application time: 0.0723100 seconds
49.065: [GC [PSYoungGen: 14368K->528K(15872K)] 21440K->7600K(51712K), 0.0004970 secs] [Times: user=0.00 sys=0.00, real=0.01 secs] 
49.066: Total time for which application threads were stopped: 0.0006210 seconds, Stopping threads took: 0.0000600 seconds
49.139: Application time: 0.0737580 seconds
49.139: [GC [PSYoungGen: 14352K->496K(15872K)] 21424K->7568K(51712K), 0.0005350 secs] [Times: user=0.01 sys=0.00, real=0.00 secs] 
49.140: Total time for which application threads were stopped: 0.0006460 seconds, Stopping threads took: 0.0000470 seconds
49.214: Application time: 0.0745420 seconds
49.215: [GC [PSYoungGen: 14320K->464K(15872K)] 21392K->7536K(51712K), 0.0004950 secs] [Times: user=0.00 sys=0.00, real=0.00 secs] 
49.215: Total time for which application threads were stopped: 0.0006170 seconds, Stopping threads took: 0.0000550 seconds
49.288: Application time: 0.0734060 seconds
49.289: [GC [PSYoungGen: 14288K->528K(15872K)] 21360K->7608K(51712K), 0.0004930 secs] [Times: user=0.00 sys=0.00, real=0.00 secs] 
49.289: Total time for which application threads were stopped: 0.0006260 seconds, Stopping threads took: 0.0000640 seconds
49.363: Application time: 0.0736410 seconds
49.363: [GC [PSYoungGen: 14352K->528K(15872K)] 21432K->7624K(51712K), 0.0004810 secs] [Times: user=0.00 sys=0.00, real=0.00 secs] 
49.363: Total time for which application threads were stopped: 0.0006010 seconds, Stopping threads took: 0.0000570 seconds
49.438: Application time: 0.0749670 seconds
49.438: [GC [PSYoungGen: 14352K->544K(15872K)] 21448K->7656K(51712K), 0.0004900 secs] [Times: user=0.01 sys=0.00, real=0.00 secs] 
49.439: Total time for which application threads were stopped: 0.0006180 seconds, Stopping threads took: 0.0000560 seconds
49.513: Application time: 0.0739210 seconds
49.513: [GC [PSYoungGen: 14368K->480K(15872K)] 21480K->7608K(51712K), 0.0004960 secs] [Times: user=0.00 sys=0.00, real=0.01 secs] 
49.514: Total time for which application threads were stopped: 0.0006240 seconds, Stopping threads took: 0.0000640 seconds
49.588: Application time: 0.0740470 seconds
49.588: [GC [PSYoungGen: 14304K->512K(15872K)] 21432K->7640K(51712K), 0.0005010 secs] [Times: user=0.00 sys=0.00, real=0.00 secs] 
49.588: Total time for which application threads were stopped: 0.0006210 seconds, Stopping threads took: 0.0000550 seconds
49.662: Application time: 0.0734920 seconds
49.662: [GC [PSYoungGen: 14336K->496K(15872K)] 21464K->7632K(51712K), 0.0004740 secs] [Times: user=0.00 sys=0.00, real=0.00 secs] 
49.662: Total time for which application threads were stopped: 0.0005960 seconds, Stopping threads took: 0.0000590 seconds
49.735: Application time: 0.0731120 seconds
49.735: [GC [PSYoungGen: 14320K->496K(15872K)] 21456K->7632K(51712K), 0.0004880 secs] [Times: user=0.01 sys=0.00, real=0.00 secs] 
49.736: Total time for which application threads were stopped: 0.0005990 seconds, Stopping threads took: 0.0000480 seconds
49.808: Application time: 0.0722730 seconds
49.808: [GC [PSYoungGen: 14320K->496K(15872K)] 21456K->7632K(51712K), 0.0004810 secs] [Times: user=0.01 sys=0.00, real=0.00 secs] 
49.809: Total time for which application threads were stopped: 0.0006050 seconds, Stopping threads took: 0.0000590 seconds
49.882: Application time: 0.0731460 seconds
49.882: [GC [PSYoungGen: 14320K->512K(15872K)] 21456K->7648K(51712K), 0.0004630 secs] [Times: user=0.00 sys=0.00, real=0.00 secs] 
49.883: Total time for which application threads were stopped: 0.0005880 seconds, Stopping threads took: 0.0000570 seconds
49.957: Application time: 0.0740380 seconds
49.957: [GC [PSYoungGen: 14336K->496K(15872K)] 21472K->7632K(51712K), 0.0004810 secs] [Times: user=0.00 sys=0.00, real=0.00 secs] 
49.957: Total time for which application threads were stopped: 0.0006070 seconds, Stopping threads took: 0.0000500 seconds
50.031: Application time: 0.0735030 seconds
50.031: [GC [PSYoungGen: 14320K->480K(15872K)] 21456K->7640K(51712K), 0.0004810 secs] [Times: user=0.00 sys=0.00, real=0.00 secs] 
50.031: Total time for which application threads were stopped: 0.0005920 seconds, Stopping threads took: 0.0000480 seconds
50.105: Application time: 0.0735410 seconds
50.105: [GC [PSYoungGen: 14304K->512K(15872K)] 21464K->7688K(51712K), 0.0004870 secs] [Times: user=0.01 sys=0.00, real=0.01 secs] 
50.105: Total time for which application threads were stopped: 0.0006080 seconds, Stopping threads took: 0.0000580 seconds
50.179: Application time: 0.0737670 seconds
50.179: [GC [PSYoungGen: 14336K->448K(15872K)] 21512K->7632K(51712K), 0.0005170 secs] [Times: user=0.00 sys=0.00, real=0.00 secs] 
50.180: Total time for which application threads were stopped: 0.0006400 seconds, Stopping threads took: 0.0000560 seconds
50.254: Application time: 0.0744110 seconds
50.254: [GC [PSYoungGen: 14272K->496K(15872K)] 21456K->7696K(51712K), 0.0005040 secs] [Times: user=0.00 sys=0.00, real=0.00 secs] 
50.255: Total time for which application threads were stopped: 0.0006510 seconds, Stopping threads took: 0.0000750 seconds
50.329: Application time: 0.0743630 seconds
50.329: [GC [PSYoungGen: 14320K->512K(15872K)] 21520K->7712K(51712K), 0.0005020 secs] [Times: user=0.00 sys=0.00, real=0.00 secs] 
50.330: Total time for which application threads were stopped: 0.0006180 seconds, Stopping threads took: 0.0000480 seconds
50.404: Application time: 0.0735710 seconds
50.404: [GC [PSYoungGen: 14336K->528K(15872K)] 21536K->7744K(51712K), 0.0004760 secs] [Times: user=0.00 sys=0.00, real=0.00 secs] 
50.404: Total time for which application threads were stopped: 0.0005940 seconds, Stopping threads took: 0.0000540 seconds
50.477: Application time: 0.0730090 seconds
50.477: [GC [PSYoungGen: 14352K->512K(15872K)] 21568K->7728K(51712K), 0.0005590 secs] [Times: user=0.00 sys=0.00, real=0.00 secs] 
50.478: Total time for which application threads were stopped: 0.0007050 seconds, Stopping threads took: 0.0000650 seconds
50.551: Application time: 0.0727760 seconds
50.551: [GC [PSYoungGen: 14336K->496K(15872K)] 21552K->7712K(51712K), 0.0004800 secs] [Times: user=0.00 sys=0.00, real=0.00 secs] 
50.551: Total time for which application threads were stopped: 0.0005960 seconds, Stopping threads took: 0.0000510 seconds
50.624: Application time: 0.0730200 seconds
50.624: [GC [PSYoungGen: 14320K->496K(15872K)] 21536K->7712K(51712K), 0.0005080 secs] [Times: user=0.00 sys=0.00, real=0.01 secs] 
50.626: Total time for which application threads were stopped: 0.0017260 seconds, Stopping threads took: 0.0000580 seconds
50.700: Application time: 0.0738770 seconds
50.700: [GC [PSYoungGen: 14320K->512K(15872K)] 21536K->7728K(51712K), 0.0005270 secs] [Times: user=0.00 sys=0.00, real=0.00 secs] 
50.701: Total time for which application threads were stopped: 0.0006660 seconds, Stopping threads took: 0.0000670 seconds
50.774: Application time: 0.0736010 seconds
50.774: [GC [PSYoungGen: 14336K->512K(15872K)] 21552K->7752K(51712K), 0.0005480 secs] [Times: user=0.00 sys=0.00, real=0.00 secs] 
50.775: Total time for which application threads were stopped: 0.0006730 seconds, Stopping threads took: 0.0000580 seconds
50.849: Application time: 0.0738160 seconds
50.849: [GC [PSYoungGen: 14336K->512K(15872K)] 21576K->7760K(51712K), 0.0004880 secs] [Times: user=0.00 sys=0.00, real=0.00 secs] 
50.849: Total time for which application threads were stopped: 0.0006190 seconds, Stopping threads took: 0.0000560 seconds
50.924: Application time: 0.0747300 seconds
50.924: [GC [PSYoungGen: 14336K->512K(15872K)] 21584K->7776K(51712K), 0.0004780 secs] [Times: user=0.01 sys=0.00, real=0.00 secs] 
50.925: Total time for which application threads were stopped: 0.0006000 seconds, Stopping threads took: 0.0000600 seconds
50.999: Application time: 0.0739630 seconds
50.999: [GC [PSYoungGen: 14336K->512K(15872K)] 21600K->7792K(51712K), 0.0005110 secs] [Times: user=0.00 sys=0.00, real=0.00 secs] 
50.999: Total time for which application threads were stopped: 0.0006530 seconds, Stopping threads took: 0.0000620 seconds
51.073: Application time: 0.0738850 seconds
51.073: [GC [PSYoungGen: 14336K->496K(15872K)] 21616K->7776K(51712K), 0.0004910 secs] [Times: user=0.00 sys=0.00, real=0.01 secs] 
51.074: Total time for which application threads were stopped: 0.0006180 seconds, Stopping threads took: 0.0000580 seconds
51.147: Application time: 0.0737390 seconds
51.148: [GC [PSYoungGen: 14320K->496K(15872K)] 21600K->7792K(51712K), 0.0005180 secs] [Times: user=0.00 sys=0.00, real=0.00 secs] 
51.148: Total time for which application threads were stopped: 0.0006410 seconds, Stopping threads took: 0.0000560 seconds
51.221: Application time: 0.0730260 seconds
51.221: [GC [PSYoungGen: 14320K->496K(15872K)] 21616K->7792K(51712K), 0.0004690 secs] [Times: user=0.00 sys=0.00, real=0.00 secs] 
51.222: Total time for which application threads were stopped: 0.0005860 seconds, Stopping threads took: 0.0000520 seconds
51.294: Application time: 0.0726340 seconds
51.294: [GC [PSYoungGen: 14320K->480K(15872K)] 21616K->7776K(51712K), 0.0005290 secs] [Times: user=0.00 sys=0.00, real=0.00 secs] 
51.295: Total time for which application threads were stopped: 0.0006600 seconds, Stopping threads took: 0.0000570 seconds
51.368: Application time: 0.0728390 seconds
51.368: [GC [PSYoungGen: 14301K->496K(15872K)] 21598K->7792K(51712K), 0.0005070 secs] [Times: user=0.00 sys=0.00, real=0.00 secs] 
51.368: Total time for which application threads were stopped: 0.0006330 seconds, Stopping threads took: 0.0000610 seconds
51.442: Application time: 0.0738420 seconds
51.442: [GC [PSYoungGen: 14320K->512K(15872K)] 21616K->7808K(51712K), 0.0004760 secs] [Times: user=0.00 sys=0.00, real=0.00 secs] 
51.443: Total time for which application threads were stopped: 0.0005960 seconds, Stopping threads took: 0.0000530 seconds
51.517: Application time: 0.0742870 seconds
51.521: [GC [PSYoungGen: 14336K->496K(15872K)] 21632K->7792K(51712K), 0.0004950 secs] [Times: user=0.00 sys=0.00, real=0.00 secs] 
51.522: Total time for which application threads were stopped: 0.0047180 seconds, Stopping threads took: 0.0041420 seconds
51.595: Application time: 0.0733900 seconds
51.595: [GC [PSYoungGen: 14320K->496K(15872K)] 21616K->7808K(51712K), 0.0005090 secs] [Times: user=0.00 sys=0.00, real=0.00 secs] 
51.596: Total time for which application threads were stopped: 0.0006400 seconds, Stopping threads took: 0.0000610 seconds
51.670: Application time: 0.0737190 seconds
51.670: [GC [PSYoungGen: 14320K->496K(15872K)] 21632K->7824K(51712K), 0.0004690 secs] [Times: user=0.00 sys=0.00, real=0.00 secs] 
51.670: Total time for which application threads were stopped: 0.0006020 seconds, Stopping threads took: 0.0000620 seconds
51.744: Application time: 0.0740040 seconds
51.744: [GC [PSYoungGen: 14320K->544K(15872K)] 21648K->7880K(51712K), 0.0004780 secs] [Times: user=0.00 sys=0.00, real=0.00 secs] 
51.745: Total time for which application threads were stopped: 0.0006180 seconds, Stopping threads took: 0.0000750 seconds
51.819: Application time: 0.0742590 seconds
51.819: [GC [PSYoungGen: 14368K->496K(15872K)] 21704K->7832K(51712K), 0.0004950 secs] [Times: user=0.01 sys=0.00, real=0.00 secs] 
51.820: Total time for which application threads were stopped: 0.0006210 seconds, Stopping threads took: 0.0000570 seconds
51.894: Application time: 0.0739110 seconds
51.894: [GC [PSYoungGen: 14320K->528K(15872K)] 21656K->7880K(51712K), 0.0004740 secs] [Times: user=0.00 sys=0.00, real=0.00 secs] 
51.894: Total time for which application threads were stopped: 0.0006010 seconds, Stopping threads took: 0.0000610 seconds
51.968: Application time: 0.0734920 seconds
51.968: [GC [PSYoungGen: 14352K->512K(15872K)] 21704K->7864K(51712K), 0.0005160 secs] [Times: user=0.00 sys=0.00, real=0.00 secs] 
51.968: Total time for which application threads were stopped: 0.0006400 seconds, Stopping threads took: 0.0000560 seconds
52.041: Application time: 0.0724380 seconds
52.041: [GC [PSYoungGen: 14336K->512K(15872K)] 21688K->7864K(51712K), 0.0004670 secs] [Times: user=0.01 sys=0.00, real=0.00 secs] 
52.041: Total time for which application threads were stopped: 0.0005980 seconds, Stopping threads took: 0.0000530 seconds
52.114: Application time: 0.0728530 seconds
52.114: [GC [PSYoungGen: 14336K->480K(15872K)] 21688K->7832K(51712K), 0.0004920 secs] [Times: user=0.00 sys=0.00, real=0.00 secs] 
52.115: Total time for which application threads were stopped: 0.0006140 seconds, Stopping threads took: 0.0000570 seconds
52.188: Application time: 0.0734630 seconds
52.189: [GC [PSYoungGen: 14304K->496K(15872K)] 21656K->7848K(51712K), 0.0004930 secs] [Times: user=0.00 sys=0.00, real=0.00 secs] 
52.189: Total time for which application threads were stopped: 0.0006220 seconds, Stopping threads took: 0.0000620 seconds
52.262: Application time: 0.0733680 seconds
52.262: [GC [PSYoungGen: 14320K->496K(15872K)] 21672K->7848K(51712K), 0.0005460 secs] [Times: user=0.00 sys=0.00, real=0.00 secs] 
52.263: Total time for which application threads were stopped: 0.0006660 seconds, Stopping threads took: 0.0000580 seconds
52.337: Application time: 0.0739660 seconds
52.337: [GC [PSYoungGen: 14320K->496K(15872K)] 21672K->7856K(51712K), 0.0005010 secs] [Times: user=0.00 sys=0.00, real=0.00 secs] 
52.338: Total time for which application threads were stopped: 0.0006540 seconds, Stopping threads took: 0.0000760 seconds
52.413: Application time: 0.0753890 seconds
52.413: [GC [PSYoungGen: 14320K->512K(15872K)] 21680K->7888K(51712K), 0.0004940 secs] [Times: user=0.00 sys=0.00, real=0.01 secs] 
52.414: Total time for which application threads were stopped: 0.0006380 seconds, Stopping threads took: 0.0000800 seconds
52.487: Application time: 0.0733510 seconds
52.487: [GC [PSYoungGen: 14336K->496K(15872K)] 21712K->7880K(51712K), 0.0005370 secs] [Times: user=0.00 sys=0.00, real=0.00 secs] 
52.488: Total time for which application threads were stopped: 0.0006620 seconds, Stopping threads took: 0.0000630 seconds
52.562: Application time: 0.0744230 seconds
52.562: [GC [PSYoungGen: 14320K->496K(15872K)] 21704K->7880K(51712K), 0.0005580 secs] [Times: user=0.00 sys=0.00, real=0.00 secs] 
52.563: Total time for which application threads were stopped: 0.0006860 seconds, Stopping threads took: 0.0000520 seconds
52.637: Application time: 0.0743740 seconds
52.637: [GC [PSYoungGen: 14320K->480K(15872K)] 21704K->7864K(51712K), 0.0004990 secs] [Times: user=0.01 sys=0.00, real=0.00 secs] 
52.638: Total time for which application threads were stopped: 0.0006260 seconds, Stopping threads took: 0.0000590 seconds
52.711: Application time: 0.0731000 seconds
52.711: [GC [PSYoungGen: 14304K->464K(15872K)] 21688K->7864K(51712K), 0.0004830 secs] [Times: user=0.00 sys=0.00, real=0.00 secs] 
52.712: Total time for which application threads were stopped: 0.0006030 seconds, Stopping threads took: 0.0000550 seconds
52.785: Application time: 0.0730900 seconds
52.785: [GC [PSYoungGen: 14288K->512K(15872K)] 21688K->7912K(51712K), 0.0005420 secs] [Times: user=0.00 sys=0.00, real=0.00 secs] 
52.786: Total time for which application threads were stopped: 0.0012920 seconds, Stopping threads took: 0.0006800 seconds
52.858: Application time: 0.0725320 seconds
52.859: [GC [PSYoungGen: 14336K->496K(15872K)] 21736K->7896K(51712K), 0.0004790 secs] [Times: user=0.00 sys=0.00, real=0.00 secs] 
52.859: Total time for which application threads were stopped: 0.0006050 seconds, Stopping threads took: 0.0000610 seconds
52.933: Application time: 0.0736460 seconds
52.933: [GC [PSYoungGen: 14320K->512K(15872K)] 21720K->7912K(51712K), 0.0005310 secs] [Times: user=0.00 sys=0.00, real=0.01 secs] 
52.933: Total time for which application threads were stopped: 0.0006540 seconds, Stopping threads took: 0.0000560 seconds
53.007: Application time: 0.0738190 seconds
53.007: [GC [PSYoungGen: 14336K->496K(15872K)] 21736K->7896K(51712K), 0.0005430 secs] [Times: user=0.01 sys=0.00, real=0.00 secs] 
53.008: Total time for which application threads were stopped: 0.0006540 seconds, Stopping threads took: 0.0000430 seconds
53.081: Application time: 0.0731310 seconds
53.081: [GC [PSYoungGen: 14320K->496K(15872K)] 21720K->7912K(51712K), 0.0004790 secs] [Times: user=0.00 sys=0.00, real=0.00 secs] 
53.082: Total time for which application threads were stopped: 0.0006150 seconds, Stopping threads took: 0.0000560 seconds
53.155: Application time: 0.0738000 seconds
53.156: [GC [PSYoungGen: 14320K->528K(15872K)] 21736K->7960K(51712K), 0.0004660 secs] [Times: user=0.01 sys=0.00, real=0.00 secs] 
53.156: Total time for which application threads were stopped: 0.0005940 seconds, Stopping threads took: 0.0000630 seconds
53.230: Application time: 0.0743010 seconds
53.230: [GC [PSYoungGen: 14352K->496K(15872K)] 21784K->7952K(51712K), 0.0005220 secs] [Times: user=0.00 sys=0.00, real=0.00 secs] 
53.231: Total time for which application threads were stopped: 0.0006500 seconds, Stopping threads took: 0.0000620 seconds
53.305: Application time: 0.0739240 seconds
53.305: [GC [PSYoungGen: 14320K->496K(15872K)] 21776K->7960K(51712K), 0.0005040 secs] [Times: user=0.00 sys=0.00, real=0.01 secs] 
53.306: Total time for which application threads were stopped: 0.0006290 seconds, Stopping threads took: 0.0000570 seconds
53.380: Application time: 0.0744100 seconds
53.380: [GC [PSYoungGen: 14320K->512K(15872K)] 21784K->7992K(51712K), 0.0005170 secs] [Times: user=0.01 sys=0.00, real=0.00 secs] 
53.381: Total time for which application threads were stopped: 0.0006370 seconds, Stopping threads took: 0.0000560 seconds
53.454: Application time: 0.0731590 seconds
53.454: [GC [PSYoungGen: 14336K->528K(15872K)] 21816K->8008K(51712K), 0.0005290 secs] [Times: user=0.00 sys=0.00, real=0.00 secs] 
53.454: Total time for which application threads were stopped: 0.0006470 seconds, Stopping threads took: 0.0000510 seconds
53.528: Application time: 0.0735110 seconds
53.528: [GC [PSYoungGen: 14352K->496K(15872K)] 21832K->7976K(51712K), 0.0004860 secs] [Times: user=0.00 sys=0.00, real=0.00 secs] 
53.528: Total time for which application threads were stopped: 0.0006030 seconds, Stopping threads took: 0.0000520 seconds
53.601: Application time: 0.0725910 seconds
53.601: [GC [PSYoungGen: 14320K->560K(15872K)] 21800K->8040K(51712K), 0.0004920 secs] [Times: user=0.00 sys=0.00, real=0.00 secs] 
53.602: Total time for which application threads were stopped: 0.0006250 seconds, Stopping threads took: 0.0000580 seconds
53.675: Application time: 0.0731750 seconds
53.675: [GC [PSYoungGen: 14384K->496K(15872K)] 21864K->7976K(51712K), 0.0004880 secs] [Times: user=0.00 sys=0.00, real=0.00 secs] 
53.676: Total time for which application threads were stopped: 0.0006130 seconds, Stopping threads took: 0.0000600 seconds
53.749: Application time: 0.0739220 seconds
53.750: [GC [PSYoungGen: 14320K->512K(15872K)] 21800K->7992K(51712K), 0.0005050 secs] [Times: user=0.00 sys=0.00, real=0.00 secs] 
53.750: Total time for which application threads were stopped: 0.0006350 seconds, Stopping threads took: 0.0000620 seconds
53.824: Application time: 0.0734730 seconds
53.824: [GC [PSYoungGen: 14336K->512K(15872K)] 21816K->8008K(51712K), 0.0005680 secs] [Times: user=0.01 sys=0.00, real=0.00 secs] 
53.824: Total time for which application threads were stopped: 0.0006900 seconds, Stopping threads took: 0.0000580 seconds
53.898: Application time: 0.0737770 seconds
53.898: [GC [PSYoungGen: 14336K->480K(15872K)] 21832K->7992K(51712K), 0.0004810 secs] [Times: user=0.01 sys=0.00, real=0.00 secs] 
53.899: Total time for which application threads were stopped: 0.0006000 seconds, Stopping threads took: 0.0000540 seconds
53.973: Application time: 0.0745880 seconds
53.973: [GC [PSYoungGen: 14304K->528K(15872K)] 21816K->8056K(51712K), 0.0004960 secs] [Times: user=0.01 sys=0.00, real=0.00 secs] 
53.974: Total time for which application threads were stopped: 0.0006270 seconds, Stopping threads took: 0.0000590 seconds
54.048: Application time: 0.0742250 seconds
54.048: [GC [PSYoungGen: 14352K->496K(15872K)] 21880K->8040K(51712K), 0.0004860 secs] [Times: user=0.00 sys=0.00, real=0.00 secs] 
54.049: Total time for which application threads were stopped: 0.0006150 seconds, Stopping threads took: 0.0000580 seconds
54.123: Application time: 0.0744320 seconds
54.123: [GC [PSYoungGen: 14320K->480K(15872K)] 21864K->8024K(51712K), 0.0005310 secs] [Times: user=0.01 sys=0.00, real=0.00 secs] 
54.124: Total time for which application threads were stopped: 0.0006610 seconds, Stopping threads took: 0.0000590 seconds
54.197: Application time: 0.0732390 seconds
54.197: [GC [PSYoungGen: 14304K->480K(15872K)] 21848K->8040K(51712K), 0.0004800 secs] [Times: user=0.00 sys=0.00, real=0.00 secs] 
54.198: Total time for which application threads were stopped: 0.0006080 seconds, Stopping threads took: 0.0000610 seconds
54.271: Application time: 0.0738460 seconds
54.272: [GC [PSYoungGen: 14304K->528K(15872K)] 21864K->8088K(51712K), 0.0004860 secs] [Times: user=0.00 sys=0.00, real=0.00 secs] 
54.272: Total time for which application threads were stopped: 0.0006130 seconds, Stopping threads took: 0.0000600 seconds
54.344: Application time: 0.0723530 seconds
54.345: [GC [PSYoungGen: 14352K->528K(15872K)] 21912K->8088K(51712K), 0.0004700 secs] [Times: user=0.00 sys=0.00, real=0.00 secs] 
54.345: Total time for which application threads were stopped: 0.0005910 seconds, Stopping threads took: 0.0000560 seconds
54.418: Application time: 0.0730130 seconds
54.418: [GC [PSYoungGen: 14352K->512K(15872K)] 21912K->8072K(51712K), 0.0005460 secs] [Times: user=0.00 sys=0.00, real=0.00 secs] 
54.419: Total time for which application threads were stopped: 0.0006680 seconds, Stopping threads took: 0.0000530 seconds
54.493: Application time: 0.0743780 seconds
54.493: [GC [PSYoungGen: 14336K->496K(15872K)] 21896K->8056K(51712K), 0.0005280 secs] [Times: user=0.00 sys=0.00, real=0.01 secs] 
54.494: Total time for which application threads were stopped: 0.0006550 seconds, Stopping threads took: 0.0000580 seconds
54.568: Application time: 0.0739030 seconds
54.568: [GC [PSYoungGen: 14320K->528K(15872K)] 21880K->8104K(51712K), 0.0004750 secs] [Times: user=0.00 sys=0.00, real=0.00 secs] 
54.568: Total time for which application threads were stopped: 0.0005960 seconds, Stopping threads took: 0.0000560 seconds
54.643: Application time: 0.0742580 seconds
54.643: [GC [PSYoungGen: 14352K->512K(15872K)] 21928K->8104K(51712K), 0.0004900 secs] [Times: user=0.00 sys=0.00, real=0.00 secs] 
54.643: Total time for which application threads were stopped: 0.0006490 seconds, Stopping threads took: 0.0000770 seconds
54.717: Application time: 0.0734720 seconds
54.717: [GC [PSYoungGen: 14336K->544K(15872K)] 21928K->8152K(51712K), 0.0004800 secs] [Times: user=0.00 sys=0.00, real=0.00 secs] 
54.717: Total time for which application threads were stopped: 0.0006120 seconds, Stopping threads took: 0.0000590 seconds
54.791: Application time: 0.0739660 seconds
54.791: [GC [PSYoungGen: 14368K->512K(15872K)] 21976K->8144K(51712K), 0.0004740 secs] [Times: user=0.00 sys=0.00, real=0.00 secs] 
54.792: Total time for which application threads were stopped: 0.0006020 seconds, Stopping threads took: 0.0000580 seconds
54.866: Application time: 0.0744600 seconds
54.866: [GC [PSYoungGen: 14336K->464K(15872K)] 21968K->8096K(51712K), 0.0005210 secs] [Times: user=0.00 sys=0.00, real=0.00 secs] 
54.867: Total time for which application threads were stopped: 0.0006340 seconds, Stopping threads took: 0.0000470 seconds
54.940: Application time: 0.0735760 seconds
54.941: [GC [PSYoungGen: 14288K->528K(15872K)] 21920K->8176K(51712K), 0.0004920 secs] [Times: user=0.00 sys=0.00, real=0.00 secs] 
54.941: Total time for which application threads were stopped: 0.0006130 seconds, Stopping threads took: 0.0000550 seconds
55.014: Application time: 0.0732230 seconds
55.014: [GC [PSYoungGen: 14352K->480K(15872K)] 22000K->8128K(51712K), 0.0005220 secs] [Times: user=0.00 sys=0.00, real=0.00 secs] 
55.015: Total time for which application threads were stopped: 0.0006510 seconds, Stopping threads took: 0.0000600 seconds
55.088: Application time: 0.0725300 seconds
55.088: [GC [PSYoungGen: 14304K->464K(15872K)] 21952K->8112K(51712K), 0.0004730 secs] [Times: user=0.00 sys=0.00, real=0.00 secs] 
55.088: Total time for which application threads were stopped: 0.0005890 seconds, Stopping threads took: 0.0000520 seconds
55.162: Application time: 0.0735860 seconds
55.162: [GC [PSYoungGen: 14288K->528K(15872K)] 21936K->8176K(51712K), 0.0004850 secs] [Times: user=0.00 sys=0.00, real=0.00 secs] 
55.162: Total time for which application threads were stopped: 0.0006130 seconds, Stopping threads took: 0.0000510 seconds
55.236: Application time: 0.0739330 seconds
55.236: [GC [PSYoungGen: 14352K->496K(15872K)] 22000K->8144K(51712K), 0.0005340 secs] [Times: user=0.00 sys=0.00, real=0.00 secs] 
55.237: Total time for which application threads were stopped: 0.0006570 seconds, Stopping threads took: 0.0000560 seconds
55.311: Application time: 0.0736050 seconds
55.311: [GC [PSYoungGen: 14320K->528K(15872K)] 21968K->8192K(51712K), 0.0005140 secs] [Times: user=0.00 sys=0.00, real=0.00 secs] 
55.311: Total time for which application threads were stopped: 0.0006500 seconds, Stopping threads took: 0.0000640 seconds
55.385: Application time: 0.0737940 seconds
55.385: [GC [PSYoungGen: 14352K->480K(15872K)] 22016K->8160K(51712K), 0.0004860 secs] [Times: user=0.00 sys=0.00, real=0.01 secs] 
55.386: Total time for which application threads were stopped: 0.0006260 seconds, Stopping threads took: 0.0000660 seconds
55.464: Application time: 0.0781880 seconds
55.464: [GC [PSYoungGen: 14304K->528K(15872K)] 21984K->8216K(51712K), 0.0005140 secs] [Times: user=0.00 sys=0.00, real=0.00 secs] 
55.464: Total time for which application threads were stopped: 0.0006440 seconds, Stopping threads took: 0.0000620 seconds
55.538: Application time: 0.0734540 seconds
55.538: [GC [PSYoungGen: 14352K->528K(15872K)] 22040K->8232K(51712K), 0.0004750 secs] [Times: user=0.00 sys=0.00, real=0.00 secs] 
55.538: Total time for which application threads were stopped: 0.0006020 seconds, Stopping threads took: 0.0000630 seconds
55.612: Application time: 0.0739610 seconds
55.613: [GC [PSYoungGen: 14352K->464K(15872K)] 22056K->8168K(51712K), 0.0005000 secs] [Times: user=0.00 sys=0.00, real=0.00 secs] 
55.613: Total time for which application threads were stopped: 0.0006320 seconds, Stopping threads took: 0.0000640 seconds
55.687: Application time: 0.0743210 seconds
55.688: [GC [PSYoungGen: 14288K->528K(15872K)] 21992K->8240K(51712K), 0.0005270 secs] [Times: user=0.01 sys=0.00, real=0.00 secs] 
55.689: Total time for which application threads were stopped: 0.0016500 seconds, Stopping threads took: 0.0000540 seconds
55.762: Application time: 0.0734190 seconds
55.763: [GC [PSYoungGen: 14352K->528K(15872K)] 22064K->8240K(51712K), 0.0004890 secs] [Times: user=0.00 sys=0.00, real=0.00 secs] 
55.763: Total time for which application threads were stopped: 0.0006170 seconds, Stopping threads took: 0.0000560 seconds
55.836: Application time: 0.0728620 seconds
55.836: [GC [PSYoungGen: 14352K->496K(15872K)] 22064K->8208K(51712K), 0.0004630 secs] [Times: user=0.00 sys=0.00, real=0.00 secs] 
55.837: Total time for which application threads were stopped: 0.0005780 seconds, Stopping threads took: 0.0000500 seconds
55.910: Application time: 0.0730030 seconds
55.910: [GC [PSYoungGen: 14320K->496K(15872K)] 22032K->8208K(51712K), 0.0005950 secs] [Times: user=0.01 sys=0.00, real=0.00 secs] 
55.910: Total time for which application threads were stopped: 0.0007100 seconds, Stopping threads took: 0.0000510 seconds
55.984: Application time: 0.0733660 seconds
55.984: [GC [PSYoungGen: 14320K->480K(15872K)] 22032K->8192K(51712K), 0.0005170 secs] [Times: user=0.00 sys=0.00, real=0.00 secs] 
55.984: Total time for which application threads were stopped: 0.0006390 seconds, Stopping threads took: 0.0000530 seconds
56.058: Application time: 0.0737270 seconds
56.058: [GC [PSYoungGen: 14304K->480K(15872K)] 22016K->8192K(51712K), 0.0004780 secs] [Times: user=0.00 sys=0.00, real=0.00 secs] 
56.059: Total time for which application threads were stopped: 0.0006050 seconds, Stopping threads took: 0.0000600 seconds
56.132: Application time: 0.0737810 seconds
56.132: [GC [PSYoungGen: 14304K->528K(15872K)] 22016K->8248K(51712K), 0.0005190 secs] [Times: user=0.00 sys=0.00, real=0.00 secs] 
56.133: Total time for which application threads were stopped: 0.0006370 seconds, Stopping threads took: 0.0000530 seconds
56.207: Application time: 0.0738010 seconds
56.207: [GC [PSYoungGen: 14352K->496K(15872K)] 22072K->8232K(51712K), 0.0004710 secs] [Times: user=0.01 sys=0.00, real=0.00 secs] 
56.207: Total time for which application threads were stopped: 0.0006110 seconds, Stopping threads took: 0.0000650 seconds
56.281: Application time: 0.0740080 seconds
56.282: [GC [PSYoungGen: 14320K->512K(15872K)] 22056K->8264K(51712K), 0.0005050 secs] [Times: user=0.00 sys=0.00, real=0.00 secs] 
56.282: Total time for which application threads were stopped: 0.0006280 seconds, Stopping threads took: 0.0000550 seconds
56.356: Application time: 0.0741030 seconds
56.356: [GC [PSYoungGen: 14336K->512K(15872K)] 22088K->8280K(51712K), 0.0005090 secs] [Times: user=0.00 sys=0.00, real=0.00 secs] 
56.357: Total time for which application threads were stopped: 0.0006290 seconds, Stopping threads took: 0.0000540 seconds
56.431: Application time: 0.0739890 seconds
56.431: [GC [PSYoungGen: 14336K->544K(15872K)] 22104K->8328K(51712K), 0.0004850 secs] [Times: user=0.00 sys=0.00, real=0.00 secs] 
56.431: Total time for which application threads were stopped: 0.0006150 seconds, Stopping threads took: 0.0000570 seconds
56.505: Application time: 0.0734390 seconds
56.505: [GC [PSYoungGen: 14368K->480K(15872K)] 22152K->8264K(51712K), 0.0005220 secs] [Times: user=0.00 sys=0.00, real=0.01 secs] 
56.506: Total time for which application threads were stopped: 0.0006450 seconds, Stopping threads took: 0.0000570 seconds
56.579: Application time: 0.0731360 seconds
56.579: [GC [PSYoungGen: 14304K->464K(15872K)] 22088K->8248K(51712K), 0.0004700 secs] [Times: user=0.00 sys=0.00, real=0.00 secs] 
56.579: Total time for which application threads were stopped: 0.0005710 seconds, Stopping threads took: 0.0000390 seconds
56.652: Application time: 0.0730900 seconds
56.653: [GC [PSYoungGen: 14288K->464K(15872K)] 22072K->8248K(51712K), 0.0004870 secs] [Times: user=0.00 sys=0.00, real=0.00 secs] 
56.654: Total time for which application threads were stopped: 0.0015720 seconds, Stopping threads took: 0.0010180 seconds
56.727: Application time: 0.0728220 seconds
56.727: [GC [PSYoungGen: 14288K->496K(15872K)] 22072K->8280K(51712K), 0.0004770 secs] [Times: user=0.00 sys=0.00, real=0.00 secs] 
56.727: Total time for which application threads were stopped: 0.0006240 seconds, Stopping threads took: 0.0000640 seconds
56.801: Application time: 0.0737030 seconds
56.801: [GC [PSYoungGen: 14320K->512K(15872K)] 22104K->8296K(51712K), 0.0004950 secs] [Times: user=0.00 sys=0.00, real=0.00 secs] 
56.802: Total time for which application threads were stopped: 0.0006180 seconds, Stopping threads took: 0.0000590 seconds
56.875: Application time: 0.0732290 seconds
56.875: [GC [PSYoungGen: 14336K->560K(15872K)] 22120K->8360K(51712K), 0.0004810 secs] [Times: user=0.00 sys=0.00, real=0.00 secs] 
56.875: Total time for which application threads were stopped: 0.0005980 seconds, Stopping threads took: 0.0000510 seconds
56.951: Application time: 0.0754220 seconds
56.951: [GC [PSYoungGen: 14384K->512K(15872K)] 22184K->8328K(51712K), 0.0005020 secs] [Times: user=0.00 sys=0.00, real=0.00 secs] 
56.952: Total time for which application threads were stopped: 0.0006230 seconds, Stopping threads took: 0.0000550 seconds
57.025: Application time: 0.0736780 seconds
57.025: [GC [PSYoungGen: 14336K->528K(15872K)] 22152K->8360K(51712K), 0.0005380 secs] [Times: user=0.00 sys=0.00, real=0.00 secs] 
57.026: Total time for which application threads were stopped: 0.0006730 seconds, Stopping threads took: 0.0000630 seconds
57.100: Application time: 0.0739550 seconds
57.100: [GC [PSYoungGen: 14352K->496K(15872K)] 22184K->8344K(51712K), 0.0005350 secs] [Times: user=0.00 sys=0.00, real=0.00 secs] 
57.101: Total time for which application threads were stopped: 0.0006690 seconds, Stopping threads took: 0.0000640 seconds
57.174: Application time: 0.0736830 seconds
57.174: [GC [PSYoungGen: 14320K->496K(15872K)] 22168K->8360K(51712K), 0.0004930 secs] [Times: user=0.00 sys=0.00, real=0.00 secs] 
57.175: Total time for which application threads were stopped: 0.0006160 seconds, Stopping threads took: 0.0000590 seconds
57.249: Application time: 0.0738210 seconds
57.249: [GC [PSYoungGen: 14320K->512K(15872K)] 22184K->8376K(51712K), 0.0005010 secs] [Times: user=0.00 sys=0.00, real=0.00 secs] 
57.249: Total time for which application threads were stopped: 0.0006440 seconds, Stopping threads took: 0.0000620 seconds
57.323: Application time: 0.0732890 seconds
57.323: [GC [PSYoungGen: 14336K->448K(15872K)] 22200K->8312K(51712K), 0.0004960 secs] [Times: user=0.00 sys=0.00, real=0.00 secs] 
57.323: Total time for which application threads were stopped: 0.0006140 seconds, Stopping threads took: 0.0000530 seconds
57.396: Application time: 0.0731230 seconds
57.396: [GC [PSYoungGen: 14272K->480K(15872K)] 22136K->8344K(51712K), 0.0005110 secs] [Times: user=0.00 sys=0.00, real=0.00 secs] 
57.397: Total time for which application threads were stopped: 0.0006440 seconds, Stopping threads took: 0.0000650 seconds
57.470: Application time: 0.0730130 seconds
57.470: [GC [PSYoungGen: 14304K->464K(15872K)] 22168K->8328K(51712K), 0.0005250 secs] [Times: user=0.00 sys=0.00, real=0.00 secs] 
57.471: Total time for which application threads were stopped: 0.0006610 seconds, Stopping threads took: 0.0000700 seconds
57.545: Application time: 0.0742630 seconds
57.545: [GC [PSYoungGen: 14288K->512K(15872K)] 22152K->8376K(51712K), 0.0004810 secs] [Times: user=0.00 sys=0.00, real=0.01 secs] 
57.546: Total time for which application threads were stopped: 0.0006050 seconds, Stopping threads took: 0.0000590 seconds
57.619: Application time: 0.0732850 seconds
57.619: [GC [PSYoungGen: 14336K->464K(15872K)] 22200K->8336K(51712K), 0.0005180 secs] [Times: user=0.00 sys=0.00, real=0.00 secs] 
57.619: Total time for which application threads were stopped: 0.0006520 seconds, Stopping threads took: 0.0000650 seconds
57.694: Application time: 0.0742580 seconds
57.694: [GC [PSYoungGen: 14288K->496K(15872K)] 22160K->8384K(51712K), 0.0004920 secs] [Times: user=0.00 sys=0.00, real=0.00 secs] 
57.694: Total time for which application threads were stopped: 0.0006240 seconds, Stopping threads took: 0.0000600 seconds
57.768: Application time: 0.0734760 seconds
57.769: [GC [PSYoungGen: 14320K->528K(15872K)] 22208K->8432K(51712K), 0.0005250 secs] [Times: user=0.00 sys=0.00, real=0.00 secs] 
57.770: Total time for which application threads were stopped: 0.0021280 seconds, Stopping threads took: 0.0015210 seconds
57.844: Application time: 0.0739050 seconds
57.844: [GC [PSYoungGen: 14352K->528K(15872K)] 22256K->8448K(51712K), 0.0005140 secs] [Times: user=0.00 sys=0.00, real=0.00 secs] 
57.844: Total time for which application threads were stopped: 0.0006380 seconds, Stopping threads took: 0.0000550 seconds
57.918: Application time: 0.0736480 seconds
57.918: [GC [PSYoungGen: 14352K->480K(15872K)] 22272K->8400K(51712K), 0.0005460 secs] [Times: user=0.00 sys=0.00, real=0.00 secs] 
57.919: Total time for which application threads were stopped: 0.0006820 seconds, Stopping threads took: 0.0000630 seconds
57.993: Application time: 0.0742130 seconds
57.993: [GC [PSYoungGen: 14304K->480K(15872K)] 22224K->8416K(51712K), 0.0004810 secs] [Times: user=0.00 sys=0.01, real=0.01 secs] 
57.994: Total time for which application threads were stopped: 0.0006040 seconds, Stopping threads took: 0.0000570 seconds
58.067: Application time: 0.0731890 seconds
58.067: [GC [PSYoungGen: 14304K->464K(15872K)] 22240K->8400K(51712K), 0.0004810 secs] [Times: user=0.00 sys=0.00, real=0.00 secs] 
58.067: Total time for which application threads were stopped: 0.0006160 seconds, Stopping threads took: 0.0000710 seconds
58.140: Application time: 0.0723460 seconds
58.140: [GC [PSYoungGen: 14288K->512K(15872K)] 22224K->8448K(51712K), 0.0004810 secs] [Times: user=0.00 sys=0.00, real=0.00 secs] 
58.140: Total time for which application threads were stopped: 0.0006080 seconds, Stopping threads took: 0.0000630 seconds
58.213: Application time: 0.0730590 seconds
58.217: [GC [PSYoungGen: 14336K->512K(15872K)] 22272K->8448K(51712K), 0.0004980 secs] [Times: user=0.00 sys=0.00, real=0.00 secs] 
58.218: Total time for which application threads were stopped: 0.0044070 seconds, Stopping threads took: 0.0038450 seconds
58.292: Application time: 0.0740540 seconds
58.292: [GC [PSYoungGen: 14336K->528K(15872K)] 22272K->8464K(51712K), 0.0004900 secs] [Times: user=0.00 sys=0.01, real=0.00 secs] 
58.293: Total time for which application threads were stopped: 0.0006280 seconds, Stopping threads took: 0.0000610 seconds
58.366: Application time: 0.0737410 seconds
58.366: [GC [PSYoungGen: 14352K->480K(15872K)] 22288K->8432K(51712K), 0.0005610 secs] [Times: user=0.01 sys=0.00, real=0.00 secs] 
58.367: Total time for which application threads were stopped: 0.0006750 seconds, Stopping threads took: 0.0000470 seconds
58.442: Application time: 0.0746300 seconds
58.442: [GC [PSYoungGen: 14304K->496K(15872K)] 22256K->8456K(51712K), 0.0004830 secs] [Times: user=0.01 sys=0.00, real=0.00 secs] 
58.442: Total time for which application threads were stopped: 0.0005980 seconds, Stopping threads took: 0.0000510 seconds
58.516: Application time: 0.0739260 seconds
58.516: [GC [PSYoungGen: 14320K->544K(15872K)] 22280K->8520K(51712K), 0.0004790 secs] [Times: user=0.00 sys=0.00, real=0.00 secs] 
58.517: Total time for which application threads were stopped: 0.0006030 seconds, Stopping threads took: 0.0000610 seconds
58.591: Application time: 0.0739560 seconds
58.591: [GC [PSYoungGen: 14368K->560K(15872K)] 22344K->8552K(51712K), 0.0005190 secs] [Times: user=0.00 sys=0.00, real=0.00 secs] 
58.591: Total time for which application threads were stopped: 0.0006390 seconds, Stopping threads took: 0.0000530 seconds
58.665: Application time: 0.0734830 seconds
58.665: [GC [PSYoungGen: 14384K->528K(15872K)] 22376K->8520K(51712K), 0.0005650 secs] [Times: user=0.00 sys=0.00, real=0.01 secs] 
58.666: Total time for which application threads were stopped: 0.0006930 seconds, Stopping threads took: 0.0000600 seconds
58.739: Application time: 0.0736460 seconds
58.739: [GC [PSYoungGen: 14352K->496K(15872K)] 22344K->8504K(51712K), 0.0005150 secs] [Times: user=0.00 sys=0.00, real=0.00 secs] 
58.740: Total time for which application threads were stopped: 0.0006530 seconds, Stopping threads took: 0.0000630 seconds
58.814: Application time: 0.0738150 seconds
58.814: [GC [PSYoungGen: 14320K->496K(15872K)] 22328K->8504K(51712K), 0.0005320 secs] [Times: user=0.00 sys=0.00, real=0.00 secs] 
58.814: Total time for which application threads were stopped: 0.0006730 seconds, Stopping threads took: 0.0000650 seconds
58.886: Application time: 0.0720660 seconds
58.886: [GC [PSYoungGen: 14320K->496K(15872K)] 22328K->8504K(51712K), 0.0005050 secs] [Times: user=0.00 sys=0.00, real=0.00 secs] 
58.887: Total time for which application threads were stopped: 0.0006270 seconds, Stopping threads took: 0.0000580 seconds
58.960: Application time: 0.0729000 seconds
58.960: [GC [PSYoungGen: 14320K->480K(15872K)] 22328K->8488K(51712K), 0.0004670 secs] [Times: user=0.00 sys=0.00, real=0.00 secs] 
58.961: Total time for which application threads were stopped: 0.0005900 seconds, Stopping threads took: 0.0000580 seconds
59.035: Application time: 0.0741440 seconds
59.035: [GC [PSYoungGen: 14304K->512K(15872K)] 22312K->8520K(51712K), 0.0004920 secs] [Times: user=0.00 sys=0.00, real=0.00 secs] 
59.035: Total time for which application threads were stopped: 0.0006220 seconds, Stopping threads took: 0.0000600 seconds
59.109: Application time: 0.0737990 seconds
59.109: [GC [PSYoungGen: 14336K->496K(15872K)] 22344K->8520K(51712K), 0.0004770 secs] [Times: user=0.00 sys=0.00, real=0.00 secs] 
59.110: Total time for which application threads were stopped: 0.0006040 seconds, Stopping threads took: 0.0000610 seconds
59.184: Application time: 0.0740800 seconds
59.184: [GC [PSYoungGen: 14320K->512K(15872K)] 22344K->8552K(51712K), 0.0005060 secs] [Times: user=0.00 sys=0.00, real=0.00 secs] 
59.184: Total time for which application threads were stopped: 0.0006330 seconds, Stopping threads took: 0.0000630 seconds
59.258: Application time: 0.0740510 seconds
59.259: [GC [PSYoungGen: 14336K->480K(15872K)] 22376K->8528K(51712K), 0.0004770 secs] [Times: user=0.00 sys=0.00, real=0.00 secs] 
59.259: Total time for which application threads were stopped: 0.0005910 seconds, Stopping threads took: 0.0000490 seconds
59.333: Application time: 0.0741230 seconds
59.337: [GC [PSYoungGen: 14304K->496K(15872K)] 22352K->8560K(51712K), 0.0005240 secs] [Times: user=0.00 sys=0.00, real=0.00 secs] 
59.338: Total time for which application threads were stopped: 0.0047600 seconds, Stopping threads took: 0.0041560 seconds
59.412: Application time: 0.0735960 seconds
59.412: [GC [PSYoungGen: 14320K->496K(15872K)] 22384K->8560K(51712K), 0.0005040 secs] [Times: user=0.00 sys=0.00, real=0.00 secs] 
59.412: Total time for which application threads were stopped: 0.0006690 seconds, Stopping threads took: 0.0000930 seconds
59.486: Application time: 0.0739600 seconds
59.486: [GC [PSYoungGen: 14320K->544K(15872K)] 22384K->8624K(51712K), 0.0004780 secs] [Times: user=0.00 sys=0.00, real=0.00 secs] 
59.487: Total time for which application threads were stopped: 0.0006120 seconds, Stopping threads took: 0.0000560 seconds
59.560: Application time: 0.0730600 seconds
59.560: [GC [PSYoungGen: 14368K->512K(15872K)] 22448K->8592K(51712K), 0.0005010 secs] [Times: user=0.00 sys=0.00, real=0.00 secs] 
59.560: Total time for which application threads were stopped: 0.0006250 seconds, Stopping threads took: 0.0000570 seconds
59.634: Application time: 0.0730870 seconds
59.634: [GC [PSYoungGen: 14336K->480K(15872K)] 22416K->8560K(51712K), 0.0005000 secs] [Times: user=0.01 sys=0.00, real=0.00 secs] 
59.634: Total time for which application threads were stopped: 0.0006370 seconds, Stopping threads took: 0.0000730 seconds
59.708: Application time: 0.0735610 seconds
59.708: [GC [PSYoungGen: 14304K->528K(15872K)] 22384K->8608K(51712K), 0.0005040 secs] [Times: user=0.00 sys=0.00, real=0.00 secs] 
59.708: Total time for which application threads were stopped: 0.0006290 seconds, Stopping threads took: 0.0000580 seconds
59.781: Application time: 0.0727320 seconds
59.781: [GC [PSYoungGen: 14352K->528K(15872K)] 22432K->8608K(51712K), 0.0004730 secs] [Times: user=0.00 sys=0.00, real=0.00 secs] 
59.782: Total time for which application threads were stopped: 0.0005980 seconds, Stopping threads took: 0.0000610 seconds
59.855: Application time: 0.0734840 seconds
59.855: [GC [PSYoungGen: 14352K->512K(15872K)] 22432K->8608K(51712K), 0.0005450 secs] [Times: user=0.00 sys=0.00, real=0.00 secs] 
59.856: Total time for which application threads were stopped: 0.0007000 seconds, Stopping threads took: 0.0000730 seconds
59.930: Application time: 0.0739100 seconds
59.930: [GC [PSYoungGen: 14336K->464K(15872K)] 22432K->8576K(51712K), 0.0005150 secs] [Times: user=0.00 sys=0.00, real=0.00 secs] 
59.930: Total time for which application threads were stopped: 0.0006430 seconds, Stopping threads took: 0.0000620 seconds
60.006: Application time: 0.0750850 seconds
60.006: [GC [PSYoungGen: 14288K->512K(15872K)] 22400K->8640K(51712K), 0.0005550 secs] [Times: user=0.00 sys=0.00, real=0.00 secs] 
60.006: Total time for which application threads were stopped: 0.0006720 seconds, Stopping threads took: 0.0000510 seconds
60.080: Application time: 0.0737800 seconds
60.080: [GC [PSYoungGen: 14336K->496K(15872K)] 22464K->8640K(51712K), 0.0004740 secs] [Times: user=0.00 sys=0.00, real=0.00 secs] 
60.081: Total time for which application threads were stopped: 0.0006040 seconds, Stopping threads took: 0.0000640 seconds
60.155: Application time: 0.0744230 seconds
60.155: [GC [PSYoungGen: 14320K->480K(15872K)] 22464K->8624K(51712K), 0.0004980 secs] [Times: user=0.00 sys=0.00, real=0.00 secs] 
60.156: Total time for which application threads were stopped: 0.0006370 seconds, Stopping threads took: 0.0000750 seconds
60.229: Application time: 0.0734570 seconds
60.229: [GC [PSYoungGen: 14304K->528K(15872K)] 22448K->8688K(51712K), 0.0004810 secs] [Times: user=0.00 sys=0.00, real=0.00 secs] 
60.230: Total time for which application threads were stopped: 0.0006090 seconds, Stopping threads took: 0.0000570 seconds
60.303: Application time: 0.0734670 seconds
60.303: [GC [PSYoungGen: 14352K->496K(15872K)] 22512K->8656K(51712K), 0.0005490 secs] [Times: user=0.00 sys=0.00, real=0.00 secs] 
60.304: Total time for which application threads were stopped: 0.0007000 seconds, Stopping threads took: 0.0000780 seconds
60.378: Application time: 0.0736040 seconds
60.378: [GC [PSYoungGen: 14320K->512K(15872K)] 22480K->8672K(51712K), 0.0004850 secs] [Times: user=0.00 sys=0.00, real=0.00 secs] 
60.378: Total time for which application threads were stopped: 0.0006190 seconds, Stopping threads took: 0.0000540 seconds
60.451: Application time: 0.0729330 seconds
60.451: [GC [PSYoungGen: 14336K->512K(15872K)] 22496K->8672K(51712K), 0.0006310 secs] [Times: user=0.00 sys=0.00, real=0.00 secs] 
60.452: Total time for which application threads were stopped: 0.0007540 seconds, Stopping threads took: 0.0000500 seconds
60.525: Application time: 0.0732810 seconds
60.525: [GC [PSYoungGen: 14336K->544K(15872K)] 22496K->8704K(51712K), 0.0004940 secs] [Times: user=0.00 sys=0.00, real=0.01 secs] 
60.526: Total time for which application threads were stopped: 0.0006250 seconds, Stopping threads took: 0.0000520 seconds
60.599: Application time: 0.0736200 seconds
60.599: [GC [PSYoungGen: 14368K->480K(15872K)] 22528K->8640K(51712K), 0.0004840 secs] [Times: user=0.00 sys=0.00, real=0.00 secs] 
60.600: Total time for which application threads were stopped: 0.0006160 seconds, Stopping threads took: 0.0000660 seconds
60.674: Application time: 0.0738220 seconds
60.674: [GC [PSYoungGen: 14304K->512K(15872K)] 22464K->8688K(51712K), 0.0005510 secs] [Times: user=0.00 sys=0.00, real=0.00 secs] 
60.674: Total time for which application threads were stopped: 0.0006680 seconds, Stopping threads took: 0.0000470 seconds
60.748: Application time: 0.0737400 seconds
60.748: [GC [PSYoungGen: 14336K->496K(15872K)] 22512K->8680K(51712K), 0.0005280 secs] [Times: user=0.00 sys=0.00, real=0.00 secs] 
60.750: Total time for which application threads were stopped: 0.0016590 seconds, Stopping threads took: 0.0000610 seconds
60.824: Application time: 0.0740010 seconds
60.824: [GC [PSYoungGen: 14320K->544K(15872K)] 22504K->8744K(51712K), 0.0004990 secs] [Times: user=0.00 sys=0.00, real=0.00 secs] 
60.824: Total time for which application threads were stopped: 0.0006180 seconds, Stopping threads took: 0.0000560 seconds
60.899: Application time: 0.0742560 seconds
60.899: [GC [PSYoungGen: 14368K->496K(15872K)] 22568K->8728K(51712K), 0.0004830 secs] [Times: user=0.01 sys=0.00, real=0.00 secs] 
60.899: Total time for which application threads were stopped: 0.0006180 seconds, Stopping threads took: 0.0000610 seconds
60.973: Application time: 0.0741010 seconds
60.974: [GC [PSYoungGen: 14320K->528K(15872K)] 22552K->8776K(51712K), 0.0005050 secs] [Times: user=0.00 sys=0.00, real=0.00 secs] 
60.974: Total time for which application threads were stopped: 0.0006370 seconds, Stopping threads took: 0.0000620 seconds
61.047: Application time: 0.0730270 seconds
61.047: [GC [PSYoungGen: 14352K->480K(15872K)] 22600K->8728K(51712K), 0.0005170 secs] [Times: user=0.01 sys=0.00, real=0.00 secs] 
61.048: Total time for which application threads were stopped: 0.0006450 seconds, Stopping threads took: 0.0000610 seconds
61.121: Application time: 0.0734980 seconds
61.121: [GC [PSYoungGen: 14304K->528K(15872K)] 22552K->8776K(51712K), 0.0004930 secs] [Times: user=0.00 sys=0.00, real=0.00 secs] 
61.122: Total time for which application threads were stopped: 0.0006130 seconds, Stopping threads took: 0.0000500 seconds
61.195: Application time: 0.0731010 seconds
61.195: [GC [PSYoungGen: 14352K->496K(15872K)] 22600K->8744K(51712K), 0.0005120 secs] [Times: user=0.01 sys=0.00, real=0.00 secs] 
61.196: Total time for which application threads were stopped: 0.0006390 seconds, Stopping threads took: 0.0000610 seconds
61.269: Application time: 0.0733460 seconds
61.269: [GC [PSYoungGen: 14320K->528K(15872K)] 22568K->8776K(51712K), 0.0005550 secs] [Times: user=0.00 sys=0.00, real=0.00 secs] 
61.270: Total time for which application threads were stopped: 0.0006850 seconds, Stopping threads took: 0.0000630 seconds
61.344: Application time: 0.0739610 seconds
61.344: [GC [PSYoungGen: 14352K->480K(15872K)] 22600K->8728K(51712K), 0.0005810 secs] [Times: user=0.00 sys=0.00, real=0.00 secs] 
61.344: Total time for which application threads were stopped: 0.0007110 seconds, Stopping threads took: 0.0000600 seconds
61.418: Application time: 0.0736760 seconds
61.418: [GC [PSYoungGen: 14304K->496K(15872K)] 22552K->8768K(51712K), 0.0005410 secs] [Times: user=0.01 sys=0.00, real=0.00 secs] 
61.419: Total time for which application threads were stopped: 0.0006840 seconds, Stopping threads took: 0.0000650 seconds
61.494: Application time: 0.0751170 seconds
61.497: [GC [PSYoungGen: 14320K->528K(15872K)] 22592K->8816K(51712K), 0.0005030 secs] [Times: user=0.00 sys=0.00, real=0.00 secs] 
61.498: Total time for which application threads were stopped: 0.0040650 seconds, Stopping threads took: 0.0034960 seconds
61.572: Application time: 0.0736960 seconds
61.572: [GC [PSYoungGen: 14352K->496K(15872K)] 22640K->8808K(51712K), 0.0005180 secs] [Times: user=0.01 sys=0.00, real=0.00 secs] 
61.572: Total time for which application threads were stopped: 0.0006520 seconds, Stopping threads took: 0.0000630 seconds
61.646: Application time: 0.0734580 seconds
61.646: [GC [PSYoungGen: 14320K->560K(15872K)] 22632K->8888K(51712K), 0.0005120 secs] [Times: user=0.01 sys=0.00, real=0.00 secs] 
61.646: Total time for which application threads were stopped: 0.0006410 seconds, Stopping threads took: 0.0000580 seconds
61.721: Application time: 0.0743420 seconds
61.721: [GC [PSYoungGen: 14384K->496K(15872K)] 22712K->8824K(51712K), 0.0005110 secs] [Times: user=0.01 sys=0.00, real=0.00 secs] 
61.721: Total time for which application threads were stopped: 0.0006420 seconds, Stopping threads took: 0.0000590 seconds
61.795: Application time: 0.0741450 seconds
61.796: [GC [PSYoungGen: 14320K->496K(15872K)] 22648K->8840K(51712K), 0.0004880 secs] [Times: user=0.00 sys=0.00, real=0.00 secs] 
61.796: Total time for which application threads were stopped: 0.0006070 seconds, Stopping threads took: 0.0000530 seconds
61.869: Application time: 0.0728590 seconds
61.869: [GC [PSYoungGen: 14317K->544K(15872K)] 22662K->8888K(51712K), 0.0005050 secs] [Times: user=0.01 sys=0.00, real=0.00 secs] 
61.870: Total time for which application threads were stopped: 0.0006260 seconds, Stopping threads took: 0.0000520 seconds
61.943: Application time: 0.0729700 seconds
61.943: [GC [PSYoungGen: 14368K->528K(15872K)] 22712K->8872K(51712K), 0.0005010 secs] [Times: user=0.00 sys=0.00, real=0.00 secs] 
61.943: Total time for which application threads were stopped: 0.0006250 seconds, Stopping threads took: 0.0000470 seconds
62.016: Application time: 0.0730620 seconds
62.016: [GC [PSYoungGen: 14352K->496K(15872K)] 22696K->8840K(51712K), 0.0004990 secs] [Times: user=0.00 sys=0.00, real=0.00 secs] 
62.017: Total time for which application threads were stopped: 0.0006210 seconds, Stopping threads took: 0.0000550 seconds
62.090: Application time: 0.0735610 seconds
62.091: [GC [PSYoungGen: 14320K->496K(15872K)] 22664K->8840K(51712K), 0.0005450 secs] [Times: user=0.00 sys=0.00, real=0.00 secs] 
62.091: Total time for which application threads were stopped: 0.0006670 seconds, Stopping threads took: 0.0000510 seconds
62.164: Application time: 0.0731480 seconds
62.164: [GC [PSYoungGen: 14320K->512K(15872K)] 22664K->8864K(51712K), 0.0005120 secs] [Times: user=0.01 sys=0.00, real=0.00 secs] 
62.165: Total time for which application threads were stopped: 0.0006350 seconds, Stopping threads took: 0.0000530 seconds
62.239: Application time: 0.0740900 seconds
62.239: [GC [PSYoungGen: 14336K->528K(15872K)] 22688K->8896K(51712K), 0.0005150 secs] [Times: user=0.00 sys=0.00, real=0.00 secs] 
62.240: Total time for which application threads were stopped: 0.0006480 seconds, Stopping threads took: 0.0000630 seconds
62.314: Application time: 0.0743810 seconds
62.314: [GC [PSYoungGen: 14352K->496K(15872K)] 22720K->8880K(51712K), 0.0004940 secs] [Times: user=0.00 sys=0.00, real=0.00 secs] 
62.315: Total time for which application threads were stopped: 0.0006110 seconds, Stopping threads took: 0.0000490 seconds
62.388: Application time: 0.0738720 seconds
62.389: [GC [PSYoungGen: 14320K->528K(15872K)] 22704K->8928K(51712K), 0.0004950 secs] [Times: user=0.00 sys=0.00, real=0.00 secs] 
62.389: Total time for which application threads were stopped: 0.0006180 seconds, Stopping threads took: 0.0000580 seconds
62.464: Application time: 0.0743840 seconds
62.464: [GC [PSYoungGen: 14352K->480K(15872K)] 22752K->8880K(51712K), 0.0004940 secs] [Times: user=0.00 sys=0.00, real=0.00 secs] 
62.464: Total time for which application threads were stopped: 0.0006190 seconds, Stopping threads took: 0.0000500 seconds
62.538: Application time: 0.0741770 seconds
62.538: [GC [PSYoungGen: 14304K->512K(15872K)] 22704K->8928K(51712K), 0.0005300 secs] [Times: user=0.01 sys=0.00, real=0.00 secs] 
62.539: Total time for which application threads were stopped: 0.0006600 seconds, Stopping threads took: 0.0000610 seconds
62.612: Application time: 0.0726370 seconds
62.612: [GC [PSYoungGen: 14336K->480K(15872K)] 22752K->8896K(51712K), 0.0005100 secs] [Times: user=0.00 sys=0.00, real=0.00 secs] 
62.612: Total time for which application threads were stopped: 0.0006340 seconds, Stopping threads took: 0.0000540 seconds
62.685: Application time: 0.0723740 seconds
62.685: [GC [PSYoungGen: 14304K->528K(15872K)] 22720K->8944K(51712K), 0.0005110 secs] [Times: user=0.01 sys=0.00, real=0.00 secs] 
62.685: Total time for which application threads were stopped: 0.0006340 seconds, Stopping threads took: 0.0000560 seconds
62.758: Application time: 0.0729700 seconds
62.758: [GC [PSYoungGen: 14352K->496K(15872K)] 22768K->8912K(51712K), 0.0005090 secs] [Times: user=0.00 sys=0.00, real=0.00 secs] 
62.759: Total time for which application threads were stopped: 0.0006290 seconds, Stopping threads took: 0.0000520 seconds
62.833: Application time: 0.0743240 seconds
62.833: [GC [PSYoungGen: 14320K->528K(15872K)] 22736K->8944K(51712K), 0.0005270 secs] [Times: user=0.00 sys=0.00, real=0.00 secs] 
62.834: Total time for which application threads were stopped: 0.0006570 seconds, Stopping threads took: 0.0000610 seconds
62.907: Application time: 0.0732700 seconds
62.907: [GC [PSYoungGen: 14352K->496K(15872K)] 22768K->8912K(51712K), 0.0004890 secs] [Times: user=0.01 sys=0.00, real=0.00 secs] 
62.908: Total time for which application threads were stopped: 0.0006220 seconds, Stopping threads took: 0.0000640 seconds
62.983: Application time: 0.0752590 seconds
62.983: [GC [PSYoungGen: 14320K->512K(15872K)] 22736K->8936K(51712K), 0.0004880 secs] [Times: user=0.00 sys=0.00, real=0.00 secs] 
62.984: Total time for which application threads were stopped: 0.0006240 seconds, Stopping threads took: 0.0000590 seconds
63.057: Application time: 0.0737240 seconds
63.061: [GC [PSYoungGen: 14336K->528K(15872K)] 22760K->8968K(51712K), 0.0005050 secs] [Times: user=0.00 sys=0.00, real=0.00 secs] 
63.062: Total time for which application threads were stopped: 0.0045660 seconds, Stopping threads took: 0.0039960 seconds
63.138: Application time: 0.0761400 seconds
63.138: [GC [PSYoungGen: 14352K->496K(15872K)] 22792K->8968K(51712K), 0.0005300 secs] [Times: user=0.00 sys=0.00, real=0.00 secs] 
63.139: Total time for which application threads were stopped: 0.0006530 seconds, Stopping threads took: 0.0000580 seconds
63.213: Application time: 0.0739230 seconds
63.213: [GC [PSYoungGen: 14320K->544K(15872K)] 22792K->9016K(51712K), 0.0004990 secs] [Times: user=0.00 sys=0.00, real=0.00 secs] 
63.213: Total time for which application threads were stopped: 0.0006260 seconds, Stopping threads took: 0.0000620 seconds
63.287: Application time: 0.0739280 seconds
63.287: [GC [PSYoungGen: 14368K->560K(15872K)] 22840K->9048K(51712K), 0.0005140 secs] [Times: user=0.00 sys=0.00, real=0.00 secs] 
63.288: Total time for which application threads were stopped: 0.0006480 seconds, Stopping threads took: 0.0000660 seconds
63.361: Application time: 0.0730770 seconds
63.361: [GC [PSYoungGen: 14384K->512K(15872K)] 22872K->9000K(51712K), 0.0005320 secs] [Times: user=0.00 sys=0.00, real=0.00 secs] 
63.362: Total time for which application threads were stopped: 0.0006580 seconds, Stopping threads took: 0.0000570 seconds
63.434: Application time: 0.0728280 seconds
63.435: [GC [PSYoungGen: 14336K->512K(15872K)] 22824K->9000K(51712K), 0.0005070 secs] [Times: user=0.01 sys=0.00, real=0.00 secs] 
63.435: Total time for which application threads were stopped: 0.0006300 seconds, Stopping threads took: 0.0000530 seconds
63.508: Application time: 0.0733030 seconds
63.508: [GC [PSYoungGen: 14336K->528K(15872K)] 22824K->9016K(51712K), 0.0004730 secs] [Times: user=0.00 sys=0.00, real=0.00 secs] 
63.509: Total time for which application threads were stopped: 0.0006100 seconds, Stopping threads took: 0.0000590 seconds
63.582: Application time: 0.0727960 seconds
63.582: [GC [PSYoungGen: 14352K->512K(15872K)] 22840K->9000K(51712K), 0.0005200 secs] [Times: user=0.00 sys=0.00, real=0.00 secs] 
63.582: Total time for which application threads were stopped: 0.0006560 seconds, Stopping threads took: 0.0000600 seconds
63.656: Application time: 0.0731700 seconds
63.656: [GC [PSYoungGen: 14336K->496K(15872K)] 22824K->8984K(51712K), 0.0004780 secs] [Times: user=0.01 sys=0.00, real=0.00 secs] 
63.656: Total time for which application threads were stopped: 0.0005950 seconds, Stopping threads took: 0.0000530 seconds
63.730: Application time: 0.0739430 seconds
63.730: [GC [PSYoungGen: 14320K->512K(15872K)] 22808K->9016K(51712K), 0.0004900 secs] [Times: user=0.00 sys=0.00, real=0.00 secs] 
63.731: Total time for which application threads were stopped: 0.0006180 seconds, Stopping threads took: 0.0000600 seconds
63.805: Application time: 0.0740490 seconds
63.805: [GC [PSYoungGen: 14336K->496K(15872K)] 22840K->9016K(51712K), 0.0004920 secs] [Times: user=0.00 sys=0.00, real=0.01 secs] 
63.805: Total time for which application threads were stopped: 0.0006260 seconds, Stopping threads took: 0.0000570 seconds
63.880: Application time: 0.0744450 seconds
63.880: [GC [PSYoungGen: 14320K->512K(15872K)] 22840K->9040K(51712K), 0.0004900 secs] [Times: user=0.00 sys=0.00, real=0.00 secs] 
63.881: Total time for which application threads were stopped: 0.0006270 seconds, Stopping threads took: 0.0000670 seconds
63.955: Application time: 0.0744440 seconds
63.955: [GC [PSYoungGen: 14336K->464K(15872K)] 22864K->8992K(51712K), 0.0005580 secs] [Times: user=0.01 sys=0.00, real=0.00 secs] 
63.956: Total time for which application threads were stopped: 0.0006780 seconds, Stopping threads took: 0.0000550 seconds
64.030: Application time: 0.0739070 seconds
64.030: [GC [PSYoungGen: 14288K->512K(15872K)] 22816K->9056K(51712K), 0.0005340 secs] [Times: user=0.00 sys=0.00, real=0.00 secs] 
64.030: Total time for which application threads were stopped: 0.0006720 seconds, Stopping threads took: 0.0000580 seconds
64.103: Application time: 0.0731250 seconds
64.103: [GC [PSYoungGen: 14336K->496K(15872K)] 22880K->9040K(51712K), 0.0004850 secs] [Times: user=0.00 sys=0.00, real=0.00 secs] 
64.104: Total time for which application threads were stopped: 0.0006070 seconds, Stopping threads took: 0.0000550 seconds
64.177: Application time: 0.0726030 seconds
64.177: [GC [PSYoungGen: 14320K->512K(15872K)] 22864K->9056K(51712K), 0.0005010 secs] [Times: user=0.00 sys=0.00, real=0.00 secs] 
64.177: Total time for which application threads were stopped: 0.0006320 seconds, Stopping threads took: 0.0000630 seconds
64.251: Application time: 0.0739940 seconds
64.251: [GC [PSYoungGen: 14336K->512K(15872K)] 22880K->9056K(51712K), 0.0005230 secs] [Times: user=0.00 sys=0.00, real=0.00 secs] 
64.252: Total time for which application threads were stopped: 0.0006550 seconds, Stopping threads took: 0.0000650 seconds
64.325: Application time: 0.0729140 seconds
64.325: [GC [PSYoungGen: 14336K->496K(15872K)] 22880K->9040K(51712K), 0.0005630 secs] [Times: user=0.00 sys=0.00, real=0.01 secs] 
64.325: Total time for which application threads were stopped: 0.0006900 seconds, Stopping threads took: 0.0000600 seconds
64.399: Application time: 0.0731720 seconds
64.399: [GC [PSYoungGen: 14320K->544K(15872K)] 22864K->9088K(51712K), 0.0004910 secs] [Times: user=0.00 sys=0.00, real=0.00 secs] 
64.399: Total time for which application threads were stopped: 0.0006190 seconds, Stopping threads took: 0.0000580 seconds
64.473: Application time: 0.0739600 seconds
64.473: [GC [PSYoungGen: 14368K->528K(15872K)] 22912K->9088K(51712K), 0.0005520 secs] [Times: user=0.00 sys=0.00, real=0.00 secs] 
64.474: Total time for which application threads were stopped: 0.0007410 seconds, Stopping threads took: 0.0001230 seconds
64.548: Application time: 0.0744750 seconds
64.549: [GC [PSYoungGen: 14352K->512K(15872K)] 22912K->9080K(51712K), 0.0004770 secs] [Times: user=0.00 sys=0.00, real=0.00 secs] 
64.549: Total time for which application threads were stopped: 0.0006090 seconds, Stopping threads took: 0.0000510 seconds
64.623: Application time: 0.0737410 seconds
64.623: [GC [PSYoungGen: 14336K->512K(15872K)] 22904K->9096K(51712K), 0.0004950 secs] [Times: user=0.00 sys=0.00, real=0.00 secs] 
64.623: Total time for which application threads were stopped: 0.0006340 seconds, Stopping threads took: 0.0000590 seconds
64.698: Application time: 0.0742530 seconds
64.698: [GC [PSYoungGen: 14336K->544K(15872K)] 22920K->9136K(51712K), 0.0005510 secs] [Times: user=0.01 sys=0.00, real=0.00 secs] 
64.698: Total time for which application threads were stopped: 0.0006730 seconds, Stopping threads took: 0.0000530 seconds
64.773: Application time: 0.0744140 seconds
64.773: [GC [PSYoungGen: 14368K->496K(15872K)] 22960K->9104K(51712K), 0.0004770 secs] [Times: user=0.00 sys=0.00, real=0.01 secs] 
64.773: Total time for which application threads were stopped: 0.0005960 seconds, Stopping threads took: 0.0000550 seconds
64.847: Application time: 0.0731650 seconds
64.847: [GC [PSYoungGen: 14320K->480K(15872K)] 22928K->9088K(51712K), 0.0005710 secs] [Times: user=0.00 sys=0.00, real=0.00 secs] 
64.847: Total time for which application threads were stopped: 0.0006900 seconds, Stopping threads took: 0.0000480 seconds
64.920: Application time: 0.0730990 seconds
64.920: [GC [PSYoungGen: 14304K->512K(15872K)] 22912K->9120K(51712K), 0.0005160 secs] [Times: user=0.00 sys=0.00, real=0.00 secs] 
64.921: Total time for which application threads were stopped: 0.0006370 seconds, Stopping threads took: 0.0000530 seconds
64.994: Application time: 0.0729060 seconds
64.994: [GC [PSYoungGen: 14336K->528K(15872K)] 22944K->9136K(51712K), 0.0004930 secs] [Times: user=0.00 sys=0.00, real=0.00 secs] 
64.994: Total time for which application threads were stopped: 0.0006180 seconds, Stopping threads took: 0.0000570 seconds
65.068: Application time: 0.0734450 seconds
65.068: [GC [PSYoungGen: 14352K->480K(15872K)] 22960K->9088K(51712K), 0.0005010 secs] [Times: user=0.00 sys=0.00, real=0.00 secs] 
65.069: Total time for which application threads were stopped: 0.0006320 seconds, Stopping threads took: 0.0000550 seconds
65.142: Application time: 0.0738830 seconds
65.143: [GC [PSYoungGen: 14304K->480K(15872K)] 22912K->9088K(51712K), 0.0004620 secs] [Times: user=0.00 sys=0.00, real=0.00 secs] 
65.143: Total time for which application threads were stopped: 0.0005850 seconds, Stopping threads took: 0.0000590 seconds
65.217: Application time: 0.0741960 seconds
65.217: [GC [PSYoungGen: 14304K->528K(15872K)] 22912K->9152K(51712K), 0.0005370 secs] [Times: user=0.00 sys=0.00, real=0.00 secs] 
65.218: Total time for which application threads were stopped: 0.0006590 seconds, Stopping threads took: 0.0000500 seconds
65.292: Application time: 0.0736290 seconds
65.292: [GC [PSYoungGen: 14352K->496K(15872K)] 22976K->9136K(51712K), 0.0005070 secs] [Times: user=0.00 sys=0.00, real=0.00 secs] 
65.292: Total time for which application threads were stopped: 0.0006450 seconds, Stopping threads took: 0.0000710 seconds
65.366: Application time: 0.0739040 seconds
65.366: [GC [PSYoungGen: 14320K->544K(15872K)] 22960K->9200K(51712K), 0.0005110 secs] [Times: user=0.00 sys=0.00, real=0.00 secs] 
65.367: Total time for which application threads were stopped: 0.0006420 seconds, Stopping threads took: 0.0000580 seconds
65.441: Application time: 0.0743660 seconds
65.441: [GC [PSYoungGen: 14368K->512K(15872K)] 23024K->9192K(51712K), 0.0005950 secs] [Times: user=0.00 sys=0.00, real=0.00 secs] 
65.442: Total time for which application threads were stopped: 0.0007210 seconds, Stopping threads took: 0.0000550 seconds
65.515: Application time: 0.0734030 seconds
65.515: [GC [PSYoungGen: 14336K->544K(15872K)] 23016K->9240K(51712K), 0.0005440 secs] [Times: user=0.00 sys=0.00, real=0.00 secs] 
65.516: Total time for which application threads were stopped: 0.0006780 seconds, Stopping threads took: 0.0000650 seconds
65.590: Application time: 0.0736800 seconds
65.590: [GC [PSYoungGen: 14368K->528K(15872K)] 23064K->9224K(51712K), 0.0004990 secs] [Times: user=0.00 sys=0.00, real=0.00 secs] 
65.590: Total time for which application threads were stopped: 0.0006470 seconds, Stopping threads took: 0.0000680 seconds
65.664: Application time: 0.0733240 seconds
65.664: [GC [PSYoungGen: 14352K->528K(15872K)] 23048K->9224K(51712K), 0.0004970 secs] [Times: user=0.00 sys=0.00, real=0.00 secs] 
65.664: Total time for which application threads were stopped: 0.0006230 seconds, Stopping threads took: 0.0000580 seconds
65.736: Application time: 0.0722970 seconds
65.737: [GC [PSYoungGen: 14352K->480K(15872K)] 23048K->9176K(51712K), 0.0004950 secs] [Times: user=0.00 sys=0.00, real=0.00 secs] 
65.737: Total time for which application threads were stopped: 0.0006340 seconds, Stopping threads took: 0.0000710 seconds
65.810: Application time: 0.0729950 seconds
65.810: [GC [PSYoungGen: 14304K->464K(15872K)] 23000K->9160K(51712K), 0.0005640 secs] [Times: user=0.00 sys=0.00, real=0.00 secs] 
65.812: Total time for which application threads were stopped: 0.0016540 seconds, Stopping threads took: 0.0000680 seconds
65.886: Application time: 0.0742880 seconds
65.886: [GC [PSYoungGen: 14288K->480K(15872K)] 22984K->9176K(51712K), 0.0004870 secs] [Times: user=0.00 sys=0.00, real=0.00 secs] 
65.887: Total time for which application threads were stopped: 0.0006300 seconds, Stopping threads took: 0.0000760 seconds
65.960: Application time: 0.0731750 seconds
65.960: [GC [PSYoungGen: 14304K->512K(15872K)] 23000K->9232K(51712K), 0.0004920 secs] [Times: user=0.01 sys=0.00, real=0.00 secs] 
65.960: Total time for which application threads were stopped: 0.0006210 seconds, Stopping threads took: 0.0000590 seconds
66.035: Application time: 0.0748530 seconds
66.035: [GC [PSYoungGen: 14336K->512K(15872K)] 23056K->9240K(51712K), 0.0005130 secs] [Times: user=0.00 sys=0.00, real=0.00 secs] 
66.036: Total time for which application threads were stopped: 0.0006450 seconds, Stopping threads took: 0.0000620 seconds
66.110: Application time: 0.0735360 seconds
66.110: [GC [PSYoungGen: 14336K->496K(15872K)] 23064K->9240K(51712K), 0.0004810 secs] [Times: user=0.01 sys=0.00, real=0.00 secs] 
66.110: Total time for which application threads were stopped: 0.0006070 seconds, Stopping threads took: 0.0000520 seconds
66.184: Application time: 0.0739030 seconds
66.184: [GC [PSYoungGen: 14320K->496K(15872K)] 23064K->9256K(51712K), 0.0004880 secs] [Times: user=0.00 sys=0.00, real=0.00 secs] 
66.185: Total time for which application threads were stopped: 0.0006100 seconds, Stopping threads took: 0.0000540 seconds
66.259: Application time: 0.0743330 seconds
66.259: [GC [PSYoungGen: 14320K->528K(15872K)] 23080K->9296K(51712K), 0.0005000 secs] [Times: user=0.00 sys=0.00, real=0.00 secs] 
66.260: Total time for which application threads were stopped: 0.0006280 seconds, Stopping threads took: 0.0000590 seconds
66.334: Application time: 0.0743830 seconds
66.334: [GC [PSYoungGen: 14352K->544K(15872K)] 23120K->9312K(51712K), 0.0005270 secs] [Times: user=0.00 sys=0.00, real=0.00 secs] 
66.335: Total time for which application threads were stopped: 0.0007030 seconds, Stopping threads took: 0.0000770 seconds
66.408: Application time: 0.0735520 seconds
66.408: [GC [PSYoungGen: 14368K->512K(15872K)] 23136K->9280K(51712K), 0.0004760 secs] [Times: user=0.00 sys=0.00, real=0.00 secs] 
66.409: Total time for which application threads were stopped: 0.0006150 seconds, Stopping threads took: 0.0000720 seconds
66.481: Application time: 0.0724330 seconds
66.485: [GC [PSYoungGen: 14336K->480K(15872K)] 23104K->9248K(51712K), 0.0005240 secs] [Times: user=0.00 sys=0.00, real=0.00 secs] 
66.486: Total time for which application threads were stopped: 0.0046550 seconds, Stopping threads took: 0.0040670 seconds
66.559: Application time: 0.0728070 seconds
66.559: [GC [PSYoungGen: 14304K->528K(15872K)] 23072K->9296K(51712K), 0.0004880 secs] [Times: user=0.00 sys=0.00, real=0.00 secs] 
66.559: Total time for which application threads were stopped: 0.0006080 seconds, Stopping threads took: 0.0000510 seconds
66.633: Application time: 0.0737090 seconds
66.633: [GC [PSYoungGen: 14352K->480K(15872K)] 23120K->9248K(51712K), 0.0005110 secs] [Times: user=0.00 sys=0.00, real=0.01 secs] 
66.634: Total time for which application threads were stopped: 0.0006420 seconds, Stopping threads took: 0.0000540 seconds
66.707: Application time: 0.0733550 seconds
66.707: [GC [PSYoungGen: 14304K->544K(15872K)] 23072K->9320K(51712K), 0.0005600 secs] [Times: user=0.00 sys=0.00, real=0.00 secs] 
66.708: Total time for which application threads were stopped: 0.0006930 seconds, Stopping threads took: 0.0000640 seconds
66.782: Application time: 0.0740810 seconds
66.782: [GC [PSYoungGen: 14368K->496K(15872K)] 23144K->9288K(51712K), 0.0004800 secs] [Times: user=0.00 sys=0.00, real=0.00 secs] 
66.782: Total time for which application threads were stopped: 0.0006020 seconds, Stopping threads took: 0.0000550 seconds
66.856: Application time: 0.0735480 seconds
66.856: [GC [PSYoungGen: 14320K->512K(15872K)] 23112K->9320K(51712K), 0.0005100 secs] [Times: user=0.00 sys=0.00, real=0.00 secs] 
66.857: Total time for which application threads were stopped: 0.0006310 seconds, Stopping threads took: 0.0000550 seconds
66.931: Application time: 0.0740820 seconds
66.933: [GC [PSYoungGen: 14336K->480K(15872K)] 23144K->9304K(51712K), 0.0005000 secs] [Times: user=0.00 sys=0.00, real=0.00 secs] 
66.934: Total time for which application threads were stopped: 0.0031750 seconds, Stopping threads took: 0.0026050 seconds
67.008: Application time: 0.0739720 seconds
67.008: [GC [PSYoungGen: 14304K->480K(15872K)] 23128K->9304K(51712K), 0.0004760 secs] [Times: user=0.01 sys=0.00, real=0.00 secs] 
67.008: Total time for which application threads were stopped: 0.0006080 seconds, Stopping threads took: 0.0000650 seconds
67.082: Application time: 0.0737720 seconds
67.082: [GC [PSYoungGen: 14304K->496K(15872K)] 23128K->9328K(51712K), 0.0004970 secs] [Times: user=0.00 sys=0.00, real=0.00 secs] 
67.083: Total time for which application threads were stopped: 0.0006090 seconds, Stopping threads took: 0.0000480 seconds
67.156: Application time: 0.0730880 seconds
67.156: [GC [PSYoungGen: 14320K->512K(15872K)] 23152K->9344K(51712K), 0.0005640 secs] [Times: user=0.01 sys=0.00, real=0.00 secs] 
67.157: Total time for which application threads were stopped: 0.0006910 seconds, Stopping threads took: 0.0000520 seconds
67.229: Application time: 0.0728250 seconds
67.230: [GC [PSYoungGen: 14336K->496K(15872K)] 23168K->9328K(51712K), 0.0004880 secs] [Times: user=0.00 sys=0.00, real=0.00 secs] 
67.230: Total time for which application threads were stopped: 0.0006080 seconds, Stopping threads took: 0.0000510 seconds
67.304: Application time: 0.0735870 seconds
67.304: [GC [PSYoungGen: 14320K->480K(15872K)] 23152K->9312K(51712K), 0.0005190 secs] [Times: user=0.00 sys=0.00, real=0.00 secs] 
67.304: Total time for which application threads were stopped: 0.0006490 seconds, Stopping threads took: 0.0000630 seconds
67.378: Application time: 0.0735600 seconds
67.378: [GC [PSYoungGen: 14304K->528K(15872K)] 23136K->9360K(51712K), 0.0004930 secs] [Times: user=0.00 sys=0.00, real=0.00 secs] 
67.379: Total time for which application threads were stopped: 0.0006290 seconds, Stopping threads took: 0.0000670 seconds
67.452: Application time: 0.0732570 seconds
67.452: [GC [PSYoungGen: 14352K->512K(15872K)] 23184K->9344K(51712K), 0.0005020 secs] [Times: user=0.00 sys=0.00, real=0.00 secs] 
67.452: Total time for which application threads were stopped: 0.0006240 seconds, Stopping threads took: 0.0000540 seconds
67.527: Application time: 0.0748590 seconds
67.527: [GC [PSYoungGen: 14336K->528K(15872K)] 23168K->9392K(51712K), 0.0005010 secs] [Times: user=0.00 sys=0.00, real=0.00 secs] 
67.528: Total time for which application threads were stopped: 0.0006240 seconds, Stopping threads took: 0.0000560 seconds
67.601: Application time: 0.0735740 seconds
67.602: [GC [PSYoungGen: 14352K->480K(15872K)] 23216K->9360K(51712K), 0.0005540 secs] [Times: user=0.00 sys=0.00, real=0.00 secs] 
67.602: Total time for which application threads were stopped: 0.0006780 seconds, Stopping threads took: 0.0000560 seconds
67.676: Application time: 0.0739260 seconds
67.676: [GC [PSYoungGen: 14304K->512K(15872K)] 23184K->9400K(51712K), 0.0005010 secs] [Times: user=0.00 sys=0.00, real=0.00 secs] 
67.677: Total time for which application threads were stopped: 0.0006360 seconds, Stopping threads took: 0.0000530 seconds
67.751: Application time: 0.0741990 seconds
67.751: [GC [PSYoungGen: 14336K->496K(15872K)] 23224K->9384K(51712K), 0.0004950 secs] [Times: user=0.01 sys=0.00, real=0.00 secs] 
67.752: Total time for which application threads were stopped: 0.0006260 seconds, Stopping threads took: 0.0000610 seconds
67.825: Application time: 0.0738910 seconds
67.826: [GC [PSYoungGen: 14320K->544K(15872K)] 23208K->9448K(51712K), 0.0005110 secs] [Times: user=0.00 sys=0.00, real=0.00 secs] 
67.826: Total time for which application threads were stopped: 0.0006340 seconds, Stopping threads took: 0.0000540 seconds
67.899: Application time: 0.0728120 seconds
67.899: [GC [PSYoungGen: 14368K->512K(15872K)] 23272K->9416K(51712K), 0.0004870 secs] [Times: user=0.00 sys=0.00, real=0.00 secs] 
67.899: Total time for which application threads were stopped: 0.0006100 seconds, Stopping threads took: 0.0000550 seconds
67.972: Application time: 0.0726580 seconds
67.972: [GC [PSYoungGen: 14336K->480K(15872K)] 23240K->9384K(51712K), 0.0004720 secs] [Times: user=0.00 sys=0.00, real=0.00 secs] 
67.973: Total time for which application threads were stopped: 0.0005890 seconds, Stopping threads took: 0.0000540 seconds
68.046: Application time: 0.0733280 seconds
68.046: [GC [PSYoungGen: 14304K->528K(15872K)] 23208K->9432K(51712K), 0.0004990 secs] [Times: user=0.00 sys=0.00, real=0.00 secs] 
68.047: Total time for which application threads were stopped: 0.0006210 seconds, Stopping threads took: 0.0000550 seconds
68.120: Application time: 0.0729450 seconds
68.120: [GC [PSYoungGen: 14352K->512K(15872K)] 23256K->9416K(51712K), 0.0005350 secs] [Times: user=0.00 sys=0.00, real=0.00 secs] 
68.120: Total time for which application threads were stopped: 0.0006610 seconds, Stopping threads took: 0.0000600 seconds
68.194: Application time: 0.0733160 seconds
68.194: [GC [PSYoungGen: 14336K->480K(15872K)] 23240K->9384K(51712K), 0.0004810 secs] [Times: user=0.00 sys=0.00, real=0.00 secs] 
68.194: Total time for which application threads were stopped: 0.0006080 seconds, Stopping threads took: 0.0000530 seconds
68.268: Application time: 0.0740810 seconds
68.268: [GC [PSYoungGen: 14304K->512K(15872K)] 23208K->9424K(51712K), 0.0004870 secs] [Times: user=0.00 sys=0.00, real=0.00 secs] 
68.269: Total time for which application threads were stopped: 0.0006260 seconds, Stopping threads took: 0.0000710 seconds
68.343: Application time: 0.0738110 seconds
68.343: [GC [PSYoungGen: 14336K->496K(15872K)] 23248K->9440K(51712K), 0.0004700 secs] [Times: user=0.00 sys=0.00, real=0.00 secs] 
68.343: Total time for which application threads were stopped: 0.0005960 seconds, Stopping threads took: 0.0000550 seconds
68.417: Application time: 0.0740160 seconds
68.417: [GC [PSYoungGen: 14320K->496K(15872K)] 23264K->9464K(51712K), 0.0005540 secs] [Times: user=0.00 sys=0.00, real=0.00 secs] 
68.418: Total time for which application threads were stopped: 0.0006780 seconds, Stopping threads took: 0.0000540 seconds
68.492: Application time: 0.0737980 seconds
68.492: [GC [PSYoungGen: 14320K->544K(15872K)] 23288K->9528K(51712K), 0.0004900 secs] [Times: user=0.00 sys=0.00, real=0.00 secs] 
68.492: Total time for which application threads were stopped: 0.0006340 seconds, Stopping threads took: 0.0000750 seconds
68.567: Application time: 0.0743790 seconds
68.567: [GC [PSYoungGen: 14368K->480K(15872K)] 23352K->9480K(51712K), 0.0004780 secs] [Times: user=0.00 sys=0.00, real=0.00 secs] 
68.567: Total time for which application threads were stopped: 0.0005940 seconds, Stopping threads took: 0.0000500 seconds
68.641: Application time: 0.0733740 seconds
68.641: [GC [PSYoungGen: 14304K->496K(15872K)] 23304K->9496K(51712K), 0.0005260 secs] [Times: user=0.01 sys=0.00, real=0.00 secs] 
68.642: Total time for which application threads were stopped: 0.0006650 seconds, Stopping threads took: 0.0000660 seconds
68.714: Application time: 0.0728710 seconds
68.715: [GC [PSYoungGen: 14320K->496K(15872K)] 23320K->9496K(51712K), 0.0004710 secs] [Times: user=0.00 sys=0.00, real=0.00 secs] 
68.715: Total time for which application threads were stopped: 0.0006240 seconds, Stopping threads took: 0.0000700 seconds
68.788: Application time: 0.0730640 seconds
68.788: [GC [PSYoungGen: 14320K->512K(15872K)] 23320K->9512K(51712K), 0.0006470 secs] [Times: user=0.00 sys=0.00, real=0.00 secs] 
68.789: Total time for which application threads were stopped: 0.0007640 seconds, Stopping threads took: 0.0000540 seconds
68.862: Application time: 0.0729780 seconds
68.862: [GC [PSYoungGen: 14336K->528K(15872K)] 23336K->9528K(51712K), 0.0005100 secs] [Times: user=0.00 sys=0.00, real=0.00 secs] 
68.862: Total time for which application threads were stopped: 0.0006340 seconds, Stopping threads took: 0.0000570 seconds
68.936: Application time: 0.0732040 seconds
68.936: [GC [PSYoungGen: 14352K->480K(15872K)] 23352K->9480K(51712K), 0.0004910 secs] [Times: user=0.01 sys=0.00, real=0.00 secs] 
68.936: Total time for which application threads were stopped: 0.0006160 seconds, Stopping threads took: 0.0000560 seconds
69.011: Application time: 0.0748100 seconds
69.011: [GC [PSYoungGen: 14304K->512K(15872K)] 23304K->9544K(51712K), 0.0004960 secs] [Times: user=0.00 sys=0.00, real=0.00 secs] 
69.012: Total time for which application threads were stopped: 0.0006260 seconds, Stopping threads took: 0.0000640 seconds
69.086: Application time: 0.0738630 seconds
69.086: [GC [PSYoungGen: 14336K->496K(15872K)] 23368K->9536K(51712K), 0.0004820 secs] [Times: user=0.01 sys=0.00, real=0.00 secs] 
69.086: Total time for which application threads were stopped: 0.0006140 seconds, Stopping threads took: 0.0000650 seconds
69.160: Application time: 0.0735530 seconds
69.160: [GC [PSYoungGen: 14320K->480K(15872K)] 23360K->9536K(51712K), 0.0005400 secs] [Times: user=0.01 sys=0.00, real=0.00 secs] 
69.160: Total time for which application threads were stopped: 0.0006640 seconds, Stopping threads took: 0.0000530 seconds
69.234: Application time: 0.0737960 seconds
69.234: [GC [PSYoungGen: 14304K->528K(15872K)] 23360K->9592K(51712K), 0.0004910 secs] [Times: user=0.00 sys=0.00, real=0.00 secs] 
69.235: Total time for which application threads were stopped: 0.0006260 seconds, Stopping threads took: 0.0000550 seconds
69.309: Application time: 0.0741190 seconds
69.309: [GC [PSYoungGen: 14352K->480K(15872K)] 23416K->9560K(51712K), 0.0004960 secs] [Times: user=0.00 sys=0.00, real=0.00 secs] 
69.310: Total time for which application threads were stopped: 0.0006430 seconds, Stopping threads took: 0.0000730 seconds
69.384: Application time: 0.0739680 seconds
69.384: [GC [PSYoungGen: 14304K->496K(15872K)] 23384K->9576K(51712K), 0.0005210 secs] [Times: user=0.01 sys=0.00, real=0.00 secs] 
69.384: Total time for which application threads were stopped: 0.0006550 seconds, Stopping threads took: 0.0000630 seconds
69.457: Application time: 0.0729980 seconds
69.457: [GC [PSYoungGen: 14320K->512K(15872K)] 23400K->9592K(51712K), 0.0005090 secs] [Times: user=0.00 sys=0.00, real=0.00 secs] 
69.458: Total time for which application threads were stopped: 0.0006450 seconds, Stopping threads took: 0.0000660 seconds
69.530: Application time: 0.0725820 seconds
69.531: [GC [PSYoungGen: 14336K->512K(15872K)] 23416K->9592K(51712K), 0.0004760 secs] [Times: user=0.00 sys=0.00, real=0.00 secs] 
69.531: Total time for which application threads were stopped: 0.0006030 seconds, Stopping threads took: 0.0000550 seconds
69.604: Application time: 0.0728210 seconds
69.604: [GC [PSYoungGen: 14336K->528K(15872K)] 23416K->9608K(51712K), 0.0005190 secs] [Times: user=0.00 sys=0.00, real=0.00 secs] 
69.605: Total time for which application threads were stopped: 0.0006400 seconds, Stopping threads took: 0.0000580 seconds
69.678: Application time: 0.0738340 seconds
69.678: [GC [PSYoungGen: 14352K->528K(15872K)] 23432K->9608K(51712K), 0.0004960 secs] [Times: user=0.01 sys=0.00, real=0.00 secs] 
69.679: Total time for which application threads were stopped: 0.0006160 seconds, Stopping threads took: 0.0000500 seconds
69.753: Application time: 0.0739000 seconds
69.753: [GC [PSYoungGen: 14352K->496K(15872K)] 23432K->9584K(51712K), 0.0005450 secs] [Times: user=0.00 sys=0.00, real=0.01 secs] 
69.754: Total time for which application threads were stopped: 0.0006800 seconds, Stopping threads took: 0.0000570 seconds
69.827: Application time: 0.0738550 seconds
69.829: [GC [PSYoungGen: 14320K->496K(15872K)] 23408K->9600K(51712K), 0.0005860 secs] [Times: user=0.00 sys=0.00, real=0.00 secs] 
69.830: Total time for which application threads were stopped: 0.0025680 seconds, Stopping threads took: 0.0019140 seconds
69.904: Application time: 0.0737550 seconds
69.904: [GC [PSYoungGen: 14320K->528K(15872K)] 23424K->9648K(51712K), 0.0004980 secs] [Times: user=0.00 sys=0.00, real=0.00 secs] 
69.904: Total time for which application threads were stopped: 0.0006210 seconds, Stopping threads took: 0.0000590 seconds
69.978: Application time: 0.0737690 seconds
69.978: [GC [PSYoungGen: 14352K->528K(15872K)] 23472K->9680K(51712K), 0.0004940 secs] [Times: user=0.00 sys=0.00, real=0.00 secs] 
69.979: Total time for which application threads were stopped: 0.0006150 seconds, Stopping threads took: 0.0000580 seconds
70.053: Application time: 0.0743480 seconds
70.053: [GC [PSYoungGen: 14352K->464K(15872K)] 23504K->9632K(51712K), 0.0005390 secs] [Times: user=0.01 sys=0.00, real=0.01 secs] 
70.054: Total time for which application threads were stopped: 0.0006610 seconds, Stopping threads took: 0.0000550 seconds
70.128: Application time: 0.0740210 seconds
70.128: [GC [PSYoungGen: 14288K->512K(15872K)] 23456K->9680K(51712K), 0.0004930 secs] [Times: user=0.00 sys=0.00, real=0.00 secs] 
70.128: Total time for which application threads were stopped: 0.0006120 seconds, Stopping threads took: 0.0000500 seconds
70.202: Application time: 0.0731180 seconds
70.202: [GC [PSYoungGen: 14336K->544K(15872K)] 23504K->9712K(51712K), 0.0005400 secs] [Times: user=0.00 sys=0.00, real=0.00 secs] 
70.202: Total time for which application threads were stopped: 0.0006550 seconds, Stopping threads took: 0.0000500 seconds
70.275: Application time: 0.0723470 seconds
70.275: [GC [PSYoungGen: 14368K->496K(15872K)] 23536K->9664K(51712K), 0.0005270 secs] [Times: user=0.00 sys=0.00, real=0.00 secs] 
70.275: Total time for which application threads were stopped: 0.0006670 seconds, Stopping threads took: 0.0000620 seconds
70.348: Application time: 0.0730820 seconds
70.348: [GC [PSYoungGen: 14320K->496K(15872K)] 23488K->9664K(51712K), 0.0004790 secs] [Times: user=0.00 sys=0.00, real=0.00 secs] 
70.349: Total time for which application threads were stopped: 0.0005950 seconds, Stopping threads took: 0.0000510 seconds
70.423: Application time: 0.0743050 seconds
70.423: [GC [PSYoungGen: 14320K->512K(15872K)] 23488K->9680K(51712K), 0.0004980 secs] [Times: user=0.00 sys=0.00, real=0.00 secs] 
70.424: Total time for which application threads were stopped: 0.0006310 seconds, Stopping threads took: 0.0000650 seconds
70.497: Application time: 0.0734080 seconds
70.497: [GC [PSYoungGen: 14336K->544K(15872K)] 23504K->9712K(51712K), 0.0004810 secs] [Times: user=0.00 sys=0.00, real=0.00 secs] 
70.498: Total time for which application threads were stopped: 0.0006060 seconds, Stopping threads took: 0.0000560 seconds
70.573: Application time: 0.0752480 seconds
70.573: [GC [PSYoungGen: 14368K->528K(15872K)] 23536K->9704K(51712K), 0.0004800 secs] [Times: user=0.00 sys=0.00, real=0.01 secs] 
70.574: Total time for which application threads were stopped: 0.0006110 seconds, Stopping threads took: 0.0000660 seconds
70.648: Application time: 0.0739290 seconds
70.648: [GC [PSYoungGen: 14352K->496K(15872K)] 23528K->9688K(51712K), 0.0004880 secs] [Times: user=0.00 sys=0.00, real=0.00 secs] 
70.648: Total time for which application threads were stopped: 0.0006150 seconds, Stopping threads took: 0.0000550 seconds
70.722: Application time: 0.0735270 seconds
70.722: [GC [PSYoungGen: 14320K->496K(15872K)] 23512K->9696K(51712K), 0.0004940 secs] [Times: user=0.01 sys=0.00, real=0.00 secs] 
70.722: Total time for which application threads were stopped: 0.0006370 seconds, Stopping threads took: 0.0000710 seconds
70.797: Application time: 0.0742370 seconds
70.797: [GC [PSYoungGen: 14320K->480K(15872K)] 23520K->9680K(51712K), 0.0004980 secs] [Times: user=0.00 sys=0.00, real=0.00 secs] 
70.797: Total time for which application threads were stopped: 0.0006550 seconds, Stopping threads took: 0.0000790 seconds
70.871: Application time: 0.0735600 seconds
70.871: [GC [PSYoungGen: 14304K->512K(15872K)] 23504K->9728K(51712K), 0.0005020 secs] [Times: user=0.00 sys=0.00, real=0.00 secs] 
70.872: Total time for which application threads were stopped: 0.0015890 seconds, Stopping threads took: 0.0000510 seconds
70.946: Application time: 0.0732980 seconds
70.946: [GC [PSYoungGen: 14336K->512K(15872K)] 23552K->9728K(51712K), 0.0005340 secs] [Times: user=0.00 sys=0.00, real=0.00 secs] 
70.946: Total time for which application threads were stopped: 0.0006590 seconds, Stopping threads took: 0.0000570 seconds
71.019: Application time: 0.0724780 seconds
71.019: [GC [PSYoungGen: 14336K->496K(15872K)] 23552K->9712K(51712K), 0.0004860 secs] [Times: user=0.00 sys=0.00, real=0.00 secs] 
71.020: Total time for which application threads were stopped: 0.0006100 seconds, Stopping threads took: 0.0000560 seconds
71.093: Application time: 0.0732970 seconds
71.093: [GC [PSYoungGen: 14320K->528K(15872K)] 23536K->9744K(51712K), 0.0004930 secs] [Times: user=0.00 sys=0.00, real=0.01 secs] 
71.093: Total time for which application threads were stopped: 0.0006170 seconds, Stopping threads took: 0.0000540 seconds
71.167: Application time: 0.0733240 seconds
71.167: [GC [PSYoungGen: 14352K->496K(15872K)] 23568K->9712K(51712K), 0.0005150 secs] [Times: user=0.00 sys=0.00, real=0.00 secs] 
71.167: Total time for which application threads were stopped: 0.0006380 seconds, Stopping threads took: 0.0000530 seconds
71.241: Application time: 0.0736760 seconds
71.241: [GC [PSYoungGen: 14320K->544K(15872K)] 23536K->9760K(51712K), 0.0027150 secs] [Times: user=0.02 sys=0.00, real=0.00 secs] 
71.244: Total time for which application threads were stopped: 0.0028400 seconds, Stopping threads took: 0.0000510 seconds
71.317: Application time: 0.0733540 seconds
71.317: [GC [PSYoungGen: 14368K->512K(15872K)] 23584K->9744K(51712K), 0.0005080 secs] [Times: user=0.00 sys=0.00, real=0.00 secs] 
71.318: Total time for which application threads were stopped: 0.0006420 seconds, Stopping threads took: 0.0000580 seconds
71.391: Application time: 0.0734310 seconds
71.391: [GC [PSYoungGen: 14336K->512K(15872K)] 23568K->9784K(51712K), 0.0005380 secs] [Times: user=0.00 sys=0.00, real=0.00 secs] 
71.392: Total time for which application threads were stopped: 0.0006610 seconds, Stopping threads took: 0.0000550 seconds
71.466: Application time: 0.0741160 seconds
71.466: [GC [PSYoungGen: 14336K->480K(15872K)] 23608K->9784K(51712K), 0.0005080 secs] [Times: user=0.00 sys=0.00, real=0.00 secs] 
71.467: Total time for which application threads were stopped: 0.0006280 seconds, Stopping threads took: 0.0000520 seconds
71.540: Application time: 0.0733900 seconds
71.540: [GC [PSYoungGen: 14304K->480K(15872K)] 23608K->9784K(51712K), 0.0004910 secs] [Times: user=0.00 sys=0.00, real=0.00 secs] 
71.541: Total time for which application threads were stopped: 0.0006070 seconds, Stopping threads took: 0.0000520 seconds
71.615: Application time: 0.0742010 seconds
71.615: [GC [PSYoungGen: 14304K->512K(15872K)] 23608K->9832K(51712K), 0.0004810 secs] [Times: user=0.00 sys=0.00, real=0.00 secs] 
71.616: Total time for which application threads were stopped: 0.0006150 seconds, Stopping threads took: 0.0000690 seconds
71.689: Application time: 0.0730380 seconds
71.689: [GC [PSYoungGen: 14336K->496K(15872K)] 23656K->9816K(51712K), 0.0005180 secs] [Times: user=0.00 sys=0.00, real=0.00 secs] 
71.689: Total time for which application threads were stopped: 0.0006430 seconds, Stopping threads took: 0.0000570 seconds
71.763: Application time: 0.0734570 seconds
71.763: [GC [PSYoungGen: 14320K->464K(15872K)] 23640K->9784K(51712K), 0.0004800 secs] [Times: user=0.01 sys=0.00, real=0.00 secs] 
71.763: Total time for which application threads were stopped: 0.0006010 seconds, Stopping threads took: 0.0000500 seconds
71.836: Application time: 0.0725600 seconds
71.836: [GC [PSYoungGen: 14288K->480K(15872K)] 23608K->9800K(51712K), 0.0005120 secs] [Times: user=0.01 sys=0.00, real=0.00 secs] 
71.837: Total time for which application threads were stopped: 0.0006440 seconds, Stopping threads took: 0.0000530 seconds
71.910: Application time: 0.0735050 seconds
71.910: [GC [PSYoungGen: 14304K->464K(15872K)] 23624K->9784K(51712K), 0.0005210 secs] [Times: user=0.01 sys=0.00, real=0.00 secs] 
71.911: Total time for which application threads were stopped: 0.0006440 seconds, Stopping threads took: 0.0000580 seconds
71.984: Application time: 0.0734870 seconds
71.984: [GC [PSYoungGen: 14288K->464K(15872K)] 23608K->9784K(51712K), 0.0004840 secs] [Times: user=0.01 sys=0.00, real=0.00 secs] 
71.985: Total time for which application threads were stopped: 0.0006090 seconds, Stopping threads took: 0.0000570 seconds
72.060: Application time: 0.0749270 seconds
72.060: [GC [PSYoungGen: 14288K->528K(15872K)] 23608K->9856K(51712K), 0.0004780 secs] [Times: user=0.00 sys=0.00, real=0.00 secs] 
72.060: Total time for which application threads were stopped: 0.0006140 seconds, Stopping threads took: 0.0000720 seconds
72.134: Application time: 0.0738430 seconds
72.134: [GC [PSYoungGen: 14352K->480K(15872K)] 23680K->9824K(51712K), 0.0005010 secs] [Times: user=0.00 sys=0.00, real=0.00 secs] 
72.135: Total time for which application threads were stopped: 0.0006190 seconds, Stopping threads took: 0.0000520 seconds
72.208: Application time: 0.0735860 seconds
72.208: [GC [PSYoungGen: 14304K->544K(15872K)] 23648K->9904K(51712K), 0.0005230 secs] [Times: user=0.00 sys=0.00, real=0.00 secs] 
72.209: Total time for which application threads were stopped: 0.0006490 seconds, Stopping threads took: 0.0000620 seconds
72.283: Application time: 0.0742640 seconds
72.283: [GC [PSYoungGen: 14368K->512K(15872K)] 23728K->9888K(51712K), 0.0005250 secs] [Times: user=0.00 sys=0.00, real=0.00 secs] 
72.284: Total time for which application threads were stopped: 0.0006520 seconds, Stopping threads took: 0.0000630 seconds
72.358: Application time: 0.0741890 seconds
72.358: [GC [PSYoungGen: 14336K->528K(15872K)] 23712K->9920K(51712K), 0.0004980 secs] [Times: user=0.00 sys=0.00, real=0.00 secs] 
72.359: Total time for which application threads were stopped: 0.0006440 seconds, Stopping threads took: 0.0000670 seconds
72.432: Application time: 0.0733620 seconds
72.432: [GC [PSYoungGen: 14352K->496K(15872K)] 23744K->9888K(51712K), 0.0004790 secs] [Times: user=0.01 sys=0.00, real=0.00 secs] 
72.433: Total time for which application threads were stopped: 0.0006020 seconds, Stopping threads took: 0.0000550 seconds
72.506: Application time: 0.0731090 seconds
72.509: [GC [PSYoungGen: 14320K->512K(15872K)] 23712K->9904K(51712K), 0.0005490 secs] [Times: user=0.00 sys=0.00, real=0.00 secs] 
72.510: Total time for which application threads were stopped: 0.0041270 seconds, Stopping threads took: 0.0035080 seconds
72.583: Application time: 0.0727910 seconds
72.583: [GC [PSYoungGen: 14336K->528K(15872K)] 23728K->9920K(51712K), 0.0004750 secs] [Times: user=0.00 sys=0.00, real=0.00 secs] 
72.583: Total time for which application threads were stopped: 0.0006010 seconds, Stopping threads took: 0.0000600 seconds
72.656: Application time: 0.0727240 seconds
72.656: [GC [PSYoungGen: 14352K->544K(15872K)] 23744K->9936K(51712K), 0.0005470 secs] [Times: user=0.00 sys=0.00, real=0.00 secs] 
72.657: Total time for which application threads were stopped: 0.0006730 seconds, Stopping threads took: 0.0000590 seconds
72.730: Application time: 0.0733770 seconds
72.730: [GC [PSYoungGen: 14368K->480K(15872K)] 23760K->9872K(51712K), 0.0004770 secs] [Times: user=0.00 sys=0.00, real=0.00 secs] 
72.731: Total time for which application threads were stopped: 0.0005960 seconds, Stopping threads took: 0.0000550 seconds
72.804: Application time: 0.0735630 seconds
72.804: [GC [PSYoungGen: 14304K->528K(15872K)] 23696K->9936K(51712K), 0.0005220 secs] [Times: user=0.00 sys=0.00, real=0.00 secs] 
72.805: Total time for which application threads were stopped: 0.0006630 seconds, Stopping threads took: 0.0000710 seconds
72.879: Application time: 0.0740680 seconds
72.879: [GC [PSYoungGen: 14352K->528K(15872K)] 23760K->9952K(51712K), 0.0004860 secs] [Times: user=0.00 sys=0.00, real=0.00 secs] 
72.880: Total time for which application threads were stopped: 0.0006210 seconds, Stopping threads took: 0.0000610 seconds
72.953: Application time: 0.0734640 seconds
72.953: [GC [PSYoungGen: 14352K->528K(15872K)] 23776K->9968K(51712K), 0.0004960 secs] [Times: user=0.00 sys=0.00, real=0.01 secs] 
72.954: Total time for which application threads were stopped: 0.0006230 seconds, Stopping threads took: 0.0000600 seconds
73.028: Application time: 0.0740310 seconds
73.028: [GC [PSYoungGen: 14352K->480K(15872K)] 23792K->9936K(51712K), 0.0005060 secs] [Times: user=0.00 sys=0.00, real=0.00 secs] 
73.028: Total time for which application threads were stopped: 0.0006280 seconds, Stopping threads took: 0.0000560 seconds
73.103: Application time: 0.0741490 seconds
73.103: [GC [PSYoungGen: 14304K->544K(15872K)] 23760K->10024K(51712K), 0.0004870 secs] [Times: user=0.00 sys=0.00, real=0.00 secs] 
73.103: Total time for which application threads were stopped: 0.0006120 seconds, Stopping threads took: 0.0000590 seconds
73.177: Application time: 0.0739010 seconds
73.177: [GC [PSYoungGen: 14368K->512K(15872K)] 23848K->9992K(51712K), 0.0004920 secs] [Times: user=0.00 sys=0.00, real=0.00 secs] 
73.178: Total time for which application threads were stopped: 0.0006120 seconds, Stopping threads took: 0.0000540 seconds
73.251: Application time: 0.0734810 seconds
73.251: [GC [PSYoungGen: 14336K->512K(15872K)] 23816K->9992K(51712K), 0.0004870 secs] [Times: user=0.00 sys=0.00, real=0.00 secs] 
73.252: Total time for which application threads were stopped: 0.0006120 seconds, Stopping threads took: 0.0000520 seconds
73.324: Application time: 0.0721200 seconds
73.324: [GC [PSYoungGen: 14336K->496K(15872K)] 23816K->9976K(51712K), 0.0004990 secs] [Times: user=0.00 sys=0.00, real=0.00 secs] 
73.325: Total time for which application threads were stopped: 0.0006230 seconds, Stopping threads took: 0.0000560 seconds
73.398: Application time: 0.0729990 seconds
73.398: [GC [PSYoungGen: 14320K->528K(15872K)] 23800K->10008K(51712K), 0.0005030 secs] [Times: user=0.00 sys=0.00, real=0.00 secs] 
73.398: Total time for which application threads were stopped: 0.0006400 seconds, Stopping threads took: 0.0000600 seconds
73.472: Application time: 0.0740320 seconds
73.472: [GC [PSYoungGen: 14352K->496K(15872K)] 23832K->9976K(51712K), 0.0004840 secs] [Times: user=0.00 sys=0.00, real=0.00 secs] 
73.473: Total time for which application threads were stopped: 0.0006020 seconds, Stopping threads took: 0.0000530 seconds
73.548: Application time: 0.0746710 seconds
73.548: [GC [PSYoungGen: 14320K->544K(15872K)] 23800K->10040K(51712K), 0.0004890 secs] [Times: user=0.00 sys=0.00, real=0.00 secs] 
73.548: Total time for which application threads were stopped: 0.0006180 seconds, Stopping threads took: 0.0000600 seconds
73.622: Application time: 0.0738440 seconds
73.622: [GC [PSYoungGen: 14368K->496K(15872K)] 23864K->10016K(51712K), 0.0004750 secs] [Times: user=0.00 sys=0.00, real=0.00 secs] 
73.623: Total time for which application threads were stopped: 0.0006030 seconds, Stopping threads took: 0.0000620 seconds
73.697: Application time: 0.0744860 seconds
73.697: [GC [PSYoungGen: 14320K->480K(15872K)] 23840K->10016K(51712K), 0.0004970 secs] [Times: user=0.01 sys=0.00, real=0.00 secs] 
73.698: Total time for which application threads were stopped: 0.0006290 seconds, Stopping threads took: 0.0000680 seconds
73.771: Application time: 0.0733490 seconds
73.771: [GC [PSYoungGen: 14304K->528K(15872K)] 23840K->10072K(51712K), 0.0005260 secs] [Times: user=0.00 sys=0.00, real=0.00 secs] 
73.772: Total time for which application threads were stopped: 0.0006540 seconds, Stopping threads took: 0.0000600 seconds
73.846: Application time: 0.0744620 seconds
73.846: [GC [PSYoungGen: 14352K->512K(15872K)] 23896K->10072K(51712K), 0.0005290 secs] [Times: user=0.00 sys=0.00, real=0.00 secs] 
73.847: Total time for which application threads were stopped: 0.0006440 seconds, Stopping threads took: 0.0000520 seconds
73.921: Application time: 0.0740890 seconds
73.921: [GC [PSYoungGen: 14336K->496K(15872K)] 23896K->10056K(51712K), 0.0004990 secs] [Times: user=0.00 sys=0.01, real=0.00 secs] 
73.922: Total time for which application threads were stopped: 0.0006350 seconds, Stopping threads took: 0.0000610 seconds
73.995: Application time: 0.0731350 seconds
73.995: [GC [PSYoungGen: 14320K->528K(15872K)] 23880K->10088K(51712K), 0.0004970 secs] [Times: user=0.00 sys=0.00, real=0.00 secs] 
73.995: Total time for which application threads were stopped: 0.0006260 seconds, Stopping threads took: 0.0000570 seconds
74.068: Application time: 0.0731790 seconds
74.069: [GC [PSYoungGen: 14352K->480K(15872K)] 23912K->10040K(51712K), 0.0005140 secs] [Times: user=0.00 sys=0.00, real=0.00 secs] 
74.069: Total time for which application threads were stopped: 0.0006500 seconds, Stopping threads took: 0.0000660 seconds
74.142: Application time: 0.0731670 seconds
74.142: [GC [PSYoungGen: 14304K->464K(15872K)] 23864K->10024K(51712K), 0.0004880 secs] [Times: user=0.00 sys=0.00, real=0.00 secs] 
74.143: Total time for which application threads were stopped: 0.0006180 seconds, Stopping threads took: 0.0000640 seconds
74.217: Application time: 0.0744080 seconds
74.217: [GC [PSYoungGen: 14288K->480K(15872K)] 23848K->10040K(51712K), 0.0005230 secs] [Times: user=0.00 sys=0.00, real=0.00 secs] 
74.218: Total time for which application threads were stopped: 0.0006430 seconds, Stopping threads took: 0.0000560 seconds
74.291: Application time: 0.0734280 seconds
74.292: [GC [PSYoungGen: 14304K->512K(15872K)] 23864K->10072K(51712K), 0.0005000 secs] [Times: user=0.00 sys=0.00, real=0.00 secs] 
74.292: Total time for which application threads were stopped: 0.0006190 seconds, Stopping threads took: 0.0000550 seconds
74.366: Application time: 0.0740850 seconds
74.366: [GC [PSYoungGen: 14336K->480K(15872K)] 23896K->10056K(51712K), 0.0005300 secs] [Times: user=0.01 sys=0.00, real=0.00 secs] 
74.367: Total time for which application threads were stopped: 0.0006540 seconds, Stopping threads took: 0.0000590 seconds
74.440: Application time: 0.0734740 seconds
74.440: [GC [PSYoungGen: 14304K->544K(15872K)] 23880K->10136K(51712K), 0.0005190 secs] [Times: user=0.00 sys=0.00, real=0.00 secs] 
74.441: Total time for which application threads were stopped: 0.0006610 seconds, Stopping threads took: 0.0000590 seconds
74.515: Application time: 0.0738170 seconds
74.515: [GC [PSYoungGen: 14368K->496K(15872K)] 23960K->10096K(51712K), 0.0005050 secs] [Times: user=0.00 sys=0.00, real=0.00 secs] 
74.515: Total time for which application threads were stopped: 0.0006330 seconds, Stopping threads took: 0.0000590 seconds
74.590: Application time: 0.0741610 seconds
74.590: [GC [PSYoungGen: 14320K->544K(15872K)] 23920K->10144K(51712K), 0.0005290 secs] [Times: user=0.00 sys=0.00, real=0.00 secs] 
74.590: Total time for which application threads were stopped: 0.0006490 seconds, Stopping threads took: 0.0000510 seconds
74.664: Application time: 0.0736480 seconds
74.664: [GC [PSYoungGen: 14368K->512K(15872K)] 23968K->10128K(51712K), 0.0004830 secs] [Times: user=0.00 sys=0.00, real=0.00 secs] 
74.664: Total time for which application threads were stopped: 0.0006100 seconds, Stopping threads took: 0.0000620 seconds
74.737: Application time: 0.0730330 seconds
74.738: [GC [PSYoungGen: 14336K->496K(15872K)] 23952K->10112K(51712K), 0.0004700 secs] [Times: user=0.00 sys=0.00, real=0.00 secs] 
74.738: Total time for which application threads were stopped: 0.0005870 seconds, Stopping threads took: 0.0000530 seconds
74.811: Application time: 0.0728120 seconds
74.811: [GC [PSYoungGen: 14320K->480K(15872K)] 23936K->10096K(51712K), 0.0004830 secs] [Times: user=0.00 sys=0.00, real=0.00 secs] 
74.812: Total time for which application threads were stopped: 0.0006210 seconds, Stopping threads took: 0.0000710 seconds
74.885: Application time: 0.0730980 seconds
74.885: [GC [PSYoungGen: 14288K->512K(15872K)] 23905K->10128K(51712K), 0.0005120 secs] [Times: user=0.00 sys=0.00, real=0.00 secs] 
74.885: Total time for which application threads were stopped: 0.0006280 seconds, Stopping threads took: 0.0000540 seconds
74.959: Application time: 0.0736690 seconds
74.959: [GC [PSYoungGen: 14336K->512K(15872K)] 23952K->10128K(51712K), 0.0004730 secs] [Times: user=0.00 sys=0.00, real=0.00 secs] 
74.960: Total time for which application threads were stopped: 0.0006050 seconds, Stopping threads took: 0.0000550 seconds
75.033: Application time: 0.0736750 seconds
75.033: [GC [PSYoungGen: 14336K->448K(15872K)] 23952K->10064K(51712K), 0.0004750 secs] [Times: user=0.00 sys=0.00, real=0.00 secs] 
75.034: Total time for which application threads were stopped: 0.0005990 seconds, Stopping threads took: 0.0000570 seconds
75.108: Application time: 0.0745230 seconds
75.108: [GC [PSYoungGen: 14272K->496K(15872K)] 23888K->10128K(51712K), 0.0004940 secs] [Times: user=0.00 sys=0.00, real=0.00 secs] 
75.109: Total time for which application threads were stopped: 0.0006270 seconds, Stopping threads took: 0.0000710 seconds
75.182: Application time: 0.0735260 seconds
75.183: [GC [PSYoungGen: 14320K->512K(15872K)] 23952K->10160K(51712K), 0.0005080 secs] [Times: user=0.00 sys=0.00, real=0.00 secs] 
75.183: Total time for which application threads were stopped: 0.0006380 seconds, Stopping threads took: 0.0000600 seconds
75.258: Application time: 0.0748440 seconds
75.258: [GC [PSYoungGen: 14336K->496K(15872K)] 23984K->10160K(51712K), 0.0005270 secs] [Times: user=0.00 sys=0.00, real=0.00 secs] 
75.259: Total time for which application threads were stopped: 0.0006490 seconds, Stopping threads took: 0.0000590 seconds
75.333: Application time: 0.0743420 seconds
75.333: [GC [PSYoungGen: 14320K->496K(15872K)] 23984K->10160K(51712K), 0.0004880 secs] [Times: user=0.00 sys=0.00, real=0.01 secs] 
75.334: Total time for which application threads were stopped: 0.0006020 seconds, Stopping threads took: 0.0000490 seconds
75.408: Application time: 0.0742330 seconds
75.408: [GC [PSYoungGen: 14320K->528K(15872K)] 23984K->10208K(51712K), 0.0005050 secs] [Times: user=0.00 sys=0.00, real=0.00 secs] 
75.408: Total time for which application threads were stopped: 0.0006320 seconds, Stopping threads took: 0.0000580 seconds
75.482: Application time: 0.0731080 seconds
75.482: [GC [PSYoungGen: 14352K->528K(15872K)] 24032K->10208K(51712K), 0.0004850 secs] [Times: user=0.00 sys=0.00, real=0.00 secs] 
75.482: Total time for which application threads were stopped: 0.0006240 seconds, Stopping threads took: 0.0000610 seconds
75.555: Application time: 0.0731930 seconds
75.555: [GC [PSYoungGen: 14352K->528K(15872K)] 24032K->10208K(51712K), 0.0004970 secs] [Times: user=0.00 sys=0.00, real=0.00 secs] 
75.556: Total time for which application threads were stopped: 0.0006370 seconds, Stopping threads took: 0.0000750 seconds
75.629: Application time: 0.0729090 seconds
75.629: [GC [PSYoungGen: 14352K->480K(15872K)] 24032K->10160K(51712K), 0.0004880 secs] [Times: user=0.00 sys=0.00, real=0.00 secs] 
75.630: Total time for which application threads were stopped: 0.0006270 seconds, Stopping threads took: 0.0000670 seconds
75.703: Application time: 0.0732850 seconds
75.703: [GC [PSYoungGen: 14304K->480K(15872K)] 23984K->10160K(51712K), 0.0005050 secs] [Times: user=0.00 sys=0.00, real=0.00 secs] 
75.703: Total time for which application threads were stopped: 0.0006240 seconds, Stopping threads took: 0.0000500 seconds
75.777: Application time: 0.0732220 seconds
75.777: [GC [PSYoungGen: 14304K->512K(15872K)] 23984K->10192K(51712K), 0.0004980 secs] [Times: user=0.00 sys=0.00, real=0.00 secs] 
75.777: Total time for which application threads were stopped: 0.0006240 seconds, Stopping threads took: 0.0000530 seconds
75.851: Application time: 0.0742080 seconds
75.852: [GC [PSYoungGen: 14336K->528K(15872K)] 24016K->10224K(51712K), 0.0005160 secs] [Times: user=0.00 sys=0.00, real=0.00 secs] 
75.852: Total time for which application threads were stopped: 0.0006430 seconds, Stopping threads took: 0.0000490 seconds
75.926: Application time: 0.0734710 seconds
75.926: [GC [PSYoungGen: 14352K->448K(15872K)] 24048K->10160K(51712K), 0.0005070 secs] [Times: user=0.00 sys=0.00, real=0.00 secs] 
75.927: Total time for which application threads were stopped: 0.0017260 seconds, Stopping threads took: 0.0000550 seconds
76.002: Application time: 0.0742360 seconds
76.002: [GC [PSYoungGen: 14272K->528K(15872K)] 23984K->10256K(51712K), 0.0005000 secs] [Times: user=0.00 sys=0.00, real=0.00 secs] 
76.002: Total time for which application threads were stopped: 0.0006330 seconds, Stopping threads took: 0.0000540 seconds
76.076: Application time: 0.0733460 seconds
76.076: [GC [PSYoungGen: 14352K->528K(15872K)] 24080K->10272K(51712K), 0.0005020 secs] [Times: user=0.00 sys=0.00, real=0.00 secs] 
76.076: Total time for which application threads were stopped: 0.0006250 seconds, Stopping threads took: 0.0000500 seconds
76.151: Application time: 0.0744220 seconds
76.151: [GC [PSYoungGen: 14352K->448K(15872K)] 24096K->10200K(51712K), 0.0004970 secs] [Times: user=0.00 sys=0.00, real=0.00 secs] 
76.151: Total time for which application threads were stopped: 0.0006320 seconds, Stopping threads took: 0.0000600 seconds
76.224: Application time: 0.0731400 seconds
76.224: [GC [PSYoungGen: 14272K->432K(15872K)] 24024K->10184K(51712K), 0.0004660 secs] [Times: user=0.00 sys=0.00, real=0.00 secs] 
76.225: Total time for which application threads were stopped: 0.0005880 seconds, Stopping threads took: 0.0000510 seconds
76.298: Application time: 0.0731350 seconds
76.298: [GC [PSYoungGen: 14256K->544K(15872K)] 24008K->10296K(51712K), 0.0004900 secs] [Times: user=0.00 sys=0.00, real=0.00 secs] 
76.299: Total time for which application threads were stopped: 0.0006170 seconds, Stopping threads took: 0.0000560 seconds
76.372: Application time: 0.0732080 seconds
76.372: [GC [PSYoungGen: 14368K->480K(15872K)] 24120K->10232K(51712K), 0.0005010 secs] [Times: user=0.00 sys=0.00, real=0.00 secs] 
76.373: Total time for which application threads were stopped: 0.0006270 seconds, Stopping threads took: 0.0000550 seconds
76.446: Application time: 0.0734820 seconds
76.446: [GC [PSYoungGen: 14304K->480K(15872K)] 24056K->10232K(51712K), 0.0005490 secs] [Times: user=0.00 sys=0.00, real=0.00 secs] 
76.447: Total time for which application threads were stopped: 0.0006780 seconds, Stopping threads took: 0.0000540 seconds
76.521: Application time: 0.0740220 seconds
76.521: [GC [PSYoungGen: 14304K->528K(15872K)] 24056K->10280K(51712K), 0.0005160 secs] [Times: user=0.00 sys=0.00, real=0.00 secs] 
76.521: Total time for which application threads were stopped: 0.0006680 seconds, Stopping threads took: 0.0000640 seconds
76.597: Application time: 0.0758240 seconds
76.597: [GC [PSYoungGen: 14352K->512K(15872K)] 24104K->10296K(51712K), 0.0004960 secs] [Times: user=0.00 sys=0.00, real=0.00 secs] 
76.598: Total time for which application threads were stopped: 0.0006200 seconds, Stopping threads took: 0.0000600 seconds
76.672: Application time: 0.0740160 seconds
76.672: [GC [PSYoungGen: 14336K->544K(15872K)] 24120K->10352K(51712K), 0.0004820 secs] [Times: user=0.00 sys=0.00, real=0.00 secs] 
76.673: Total time for which application threads were stopped: 0.0006040 seconds, Stopping threads took: 0.0000540 seconds
76.747: Application time: 0.0740400 seconds
76.747: [GC [PSYoungGen: 14368K->512K(15872K)] 24176K->10328K(51712K), 0.0004920 secs] [Times: user=0.00 sys=0.00, real=0.00 secs] 
76.747: Total time for which application threads were stopped: 0.0006210 seconds, Stopping threads took: 0.0000610 seconds
76.821: Application time: 0.0742840 seconds
76.822: [GC [PSYoungGen: 14336K->480K(15872K)] 24152K->10304K(51712K), 0.0004940 secs] [Times: user=0.00 sys=0.00, real=0.00 secs] 
76.822: Total time for which application threads were stopped: 0.0006150 seconds, Stopping threads took: 0.0000520 seconds
76.896: Application time: 0.0742970 seconds
76.896: [GC [PSYoungGen: 14304K->512K(15872K)] 24128K->10352K(51712K), 0.0004820 secs] [Times: user=0.00 sys=0.00, real=0.00 secs] 
76.897: Total time for which application threads were stopped: 0.0006270 seconds, Stopping threads took: 0.0000710 seconds
76.971: Application time: 0.0736860 seconds
76.971: [GC [PSYoungGen: 14336K->528K(15872K)] 24176K->10368K(51712K), 0.0005510 secs] [Times: user=0.01 sys=0.00, real=0.00 secs] 
76.971: Total time for which application threads were stopped: 0.0006750 seconds, Stopping threads took: 0.0000550 seconds
77.044: Application time: 0.0729440 seconds
77.044: [GC [PSYoungGen: 14352K->480K(15872K)] 24192K->10320K(51712K), 0.0005080 secs] [Times: user=0.00 sys=0.00, real=0.00 secs] 
77.045: Total time for which application threads were stopped: 0.0006370 seconds, Stopping threads took: 0.0000520 seconds
77.118: Application time: 0.0728260 seconds
77.118: [GC [PSYoungGen: 14304K->496K(15872K)] 24144K->10336K(51712K), 0.0005510 secs] [Times: user=0.01 sys=0.00, real=0.00 secs] 
77.118: Total time for which application threads were stopped: 0.0006870 seconds, Stopping threads took: 0.0000640 seconds
77.192: Application time: 0.0731790 seconds
77.192: [GC [PSYoungGen: 14320K->480K(15872K)] 24160K->10320K(51712K), 0.0005180 secs] [Times: user=0.00 sys=0.00, real=0.00 secs] 
77.192: Total time for which application threads were stopped: 0.0006400 seconds, Stopping threads took: 0.0000540 seconds
77.266: Application time: 0.0740430 seconds
77.266: [GC [PSYoungGen: 14304K->544K(15872K)] 24144K->10384K(51712K), 0.0004920 secs] [Times: user=0.00 sys=0.00, real=0.00 secs] 
77.267: Total time for which application threads were stopped: 0.0006200 seconds, Stopping threads took: 0.0000560 seconds
77.340: Application time: 0.0731240 seconds
77.340: [GC [PSYoungGen: 14368K->512K(15872K)] 24208K->10368K(51712K), 0.0004970 secs] [Times: user=0.00 sys=0.00, real=0.00 secs] 
77.341: Total time for which application threads were stopped: 0.0006280 seconds, Stopping threads took: 0.0000600 seconds
77.414: Application time: 0.0737200 seconds
77.415: [GC [PSYoungGen: 14336K->512K(15872K)] 24192K->10384K(51712K), 0.0005280 secs] [Times: user=0.00 sys=0.00, real=0.00 secs] 
77.415: Total time for which application threads were stopped: 0.0006580 seconds, Stopping threads took: 0.0000600 seconds
77.489: Application time: 0.0738340 seconds
77.489: [GC [PSYoungGen: 14336K->496K(15872K)] 24208K->10392K(51712K), 0.0005000 secs] [Times: user=0.00 sys=0.00, real=0.00 secs] 
77.490: Total time for which application threads were stopped: 0.0006290 seconds, Stopping threads took: 0.0000560 seconds
77.563: Application time: 0.0738270 seconds
77.564: [GC [PSYoungGen: 14320K->544K(15872K)] 24216K->10456K(51712K), 0.0005070 secs] [Times: user=0.00 sys=0.00, real=0.00 secs] 
77.564: Total time for which application threads were stopped: 0.0006530 seconds, Stopping threads took: 0.0000630 seconds
77.638: Application time: 0.0742930 seconds
77.638: [GC [PSYoungGen: 14368K->480K(15872K)] 24280K->10392K(51712K), 0.0004900 secs] [Times: user=0.00 sys=0.00, real=0.00 secs] 
77.639: Total time for which application threads were stopped: 0.0006280 seconds, Stopping threads took: 0.0000660 seconds
77.713: Application time: 0.0738370 seconds
77.713: [GC [PSYoungGen: 14304K->528K(15872K)] 24216K->10448K(51712K), 0.0005670 secs] [Times: user=0.00 sys=0.00, real=0.01 secs] 
77.714: Total time for which application threads were stopped: 0.0006980 seconds, Stopping threads took: 0.0000560 seconds
77.787: Application time: 0.0730090 seconds
77.787: [GC [PSYoungGen: 14352K->528K(15872K)] 24272K->10448K(51712K), 0.0005210 secs] [Times: user=0.00 sys=0.00, real=0.00 secs] 
77.787: Total time for which application threads were stopped: 0.0006500 seconds, Stopping threads took: 0.0000600 seconds
77.860: Application time: 0.0725090 seconds
77.860: [GC [PSYoungGen: 14352K->544K(15872K)] 24272K->10464K(51712K), 0.0005280 secs] [Times: user=0.00 sys=0.00, real=0.00 secs] 
77.860: Total time for which application threads were stopped: 0.0006600 seconds, Stopping threads took: 0.0000610 seconds
77.933: Application time: 0.0726010 seconds
77.933: [GC [PSYoungGen: 14368K->512K(15872K)] 24288K->10432K(51712K), 0.0005290 secs] [Times: user=0.00 sys=0.00, real=0.01 secs] 
77.934: Total time for which application threads were stopped: 0.0006630 seconds, Stopping threads took: 0.0000590 seconds
78.008: Application time: 0.0741060 seconds
78.008: [GC [PSYoungGen: 14336K->528K(15872K)] 24256K->10448K(51712K), 0.0004770 secs] [Times: user=0.00 sys=0.00, real=0.00 secs] 
78.008: Total time for which application threads were stopped: 0.0005990 seconds, Stopping threads took: 0.0000550 seconds
78.083: Application time: 0.0745830 seconds
78.083: [GC [PSYoungGen: 14352K->544K(15872K)] 24272K->10464K(51712K), 0.0004720 secs] [Times: user=0.00 sys=0.00, real=0.00 secs] 
78.084: Total time for which application threads were stopped: 0.0006070 seconds, Stopping threads took: 0.0000560 seconds
78.157: Application time: 0.0739710 seconds
78.158: [GC [PSYoungGen: 14368K->480K(15872K)] 24288K->10432K(51712K), 0.0004680 secs] [Times: user=0.00 sys=0.00, real=0.00 secs] 
78.158: Total time for which application threads were stopped: 0.0005910 seconds, Stopping threads took: 0.0000540 seconds
78.232: Application time: 0.0736310 seconds
78.232: [GC [PSYoungGen: 14304K->544K(15872K)] 24256K->10512K(51712K), 0.0005060 secs] [Times: user=0.01 sys=0.00, real=0.00 secs] 
78.232: Total time for which application threads were stopped: 0.0006290 seconds, Stopping threads took: 0.0000500 seconds
78.307: Application time: 0.0744060 seconds
78.307: [GC [PSYoungGen: 14368K->512K(15872K)] 24336K->10488K(51712K), 0.0005260 secs] [Times: user=0.00 sys=0.00, real=0.00 secs] 
78.307: Total time for which application threads were stopped: 0.0006630 seconds, Stopping threads took: 0.0000600 seconds
78.381: Application time: 0.0740240 seconds
78.382: [GC [PSYoungGen: 14336K->512K(15872K)] 24312K->10488K(51712K), 0.0005220 secs] [Times: user=0.01 sys=0.00, real=0.00 secs] 
78.382: Total time for which application threads were stopped: 0.0006500 seconds, Stopping threads took: 0.0000590 seconds
78.456: Application time: 0.0739520 seconds
78.456: [GC [PSYoungGen: 14336K->544K(15872K)] 24312K->10528K(51712K), 0.0005030 secs] [Times: user=0.00 sys=0.00, real=0.00 secs] 
78.457: Total time for which application threads were stopped: 0.0006210 seconds, Stopping threads took: 0.0000510 seconds
78.529: Application time: 0.0725910 seconds
78.529: [GC [PSYoungGen: 14368K->480K(15872K)] 24352K->10464K(51712K), 0.0004680 secs] [Times: user=0.01 sys=0.00, real=0.00 secs] 
78.530: Total time for which application threads were stopped: 0.0006070 seconds, Stopping threads took: 0.0000710 seconds
78.603: Application time: 0.0726590 seconds
78.603: [GC [PSYoungGen: 14304K->512K(15872K)] 24288K->10496K(51712K), 0.0005100 secs] [Times: user=0.00 sys=0.00, real=0.00 secs] 
78.603: Total time for which application threads were stopped: 0.0006480 seconds, Stopping threads took: 0.0000550 seconds
78.677: Application time: 0.0735070 seconds
78.677: [GC [PSYoungGen: 14336K->448K(15872K)] 24320K->10432K(51712K), 0.0005120 secs] [Times: user=0.01 sys=0.00, real=0.00 secs] 
78.677: Total time for which application threads were stopped: 0.0006410 seconds, Stopping threads took: 0.0000570 seconds
78.751: Application time: 0.0732560 seconds
78.751: [GC [PSYoungGen: 14272K->528K(15872K)] 24256K->10512K(51712K), 0.0004980 secs] [Times: user=0.00 sys=0.00, real=0.00 secs] 
78.751: Total time for which application threads were stopped: 0.0006270 seconds, Stopping threads took: 0.0000550 seconds
78.825: Application time: 0.0733340 seconds
78.825: [GC [PSYoungGen: 14352K->512K(15872K)] 24336K->10496K(51712K), 0.0005040 secs] [Times: user=0.00 sys=0.00, real=0.00 secs] 
78.825: Total time for which application threads were stopped: 0.0006310 seconds, Stopping threads took: 0.0000570 seconds
78.899: Application time: 0.0739110 seconds
78.899: [GC [PSYoungGen: 14336K->560K(15872K)] 24320K->10552K(51712K), 0.0005160 secs] [Times: user=0.01 sys=0.00, real=0.00 secs] 
78.900: Total time for which application threads were stopped: 0.0006540 seconds, Stopping threads took: 0.0000620 seconds
78.973: Application time: 0.0734610 seconds
78.973: [GC [PSYoungGen: 14384K->464K(15872K)] 24376K->10472K(51712K), 0.0005430 secs] [Times: user=0.00 sys=0.00, real=0.00 secs] 
78.974: Total time for which application threads were stopped: 0.0006740 seconds, Stopping threads took: 0.0000550 seconds
79.048: Application time: 0.0739770 seconds
79.048: [GC [PSYoungGen: 14288K->496K(15872K)] 24296K->10520K(51712K), 0.0005200 secs] [Times: user=0.01 sys=0.01, real=0.00 secs] 
79.049: Total time for which application threads were stopped: 0.0006530 seconds, Stopping threads took: 0.0000600 seconds
79.123: Application time: 0.0739970 seconds
79.123: [GC [PSYoungGen: 14320K->512K(15872K)] 24344K->10536K(51712K), 0.0004810 secs] [Times: user=0.00 sys=0.00, real=0.00 secs] 
79.123: Total time for which application threads were stopped: 0.0006190 seconds, Stopping threads took: 0.0000590 seconds
79.197: Application time: 0.0740610 seconds
79.197: [GC [PSYoungGen: 14336K->512K(15872K)] 24360K->10552K(51712K), 0.0004800 secs] [Times: user=0.00 sys=0.00, real=0.00 secs] 
79.198: Total time for which application threads were stopped: 0.0006160 seconds, Stopping threads took: 0.0000610 seconds
79.271: Application time: 0.0733080 seconds
79.271: [GC [PSYoungGen: 14336K->544K(15872K)] 24376K->10584K(51712K), 0.0005240 secs] [Times: user=0.00 sys=0.00, real=0.00 secs] 
79.272: Total time for which application threads were stopped: 0.0006390 seconds, Stopping threads took: 0.0000460 seconds
79.344: Application time: 0.0725360 seconds
79.344: [GC [PSYoungGen: 14368K->544K(15872K)] 24408K->10584K(51712K), 0.0004900 secs] [Times: user=0.00 sys=0.00, real=0.00 secs] 
79.345: Total time for which application threads were stopped: 0.0006230 seconds, Stopping threads took: 0.0000570 seconds
79.418: Application time: 0.0733880 seconds
79.418: [GC [PSYoungGen: 14368K->512K(15872K)] 24408K->10552K(51712K), 0.0004980 secs] [Times: user=0.00 sys=0.00, real=0.00 secs] 
79.419: Total time for which application threads were stopped: 0.0006400 seconds, Stopping threads took: 0.0000680 seconds
79.492: Application time: 0.0733630 seconds
79.492: [GC [PSYoungGen: 14336K->496K(15872K)] 24376K->10536K(51712K), 0.0004820 secs] [Times: user=0.00 sys=0.00, real=0.00 secs] 
79.493: Total time for which application threads were stopped: 0.0006040 seconds, Stopping threads took: 0.0000520 seconds
79.567: Application time: 0.0737660 seconds
79.567: [GC [PSYoungGen: 14320K->480K(15872K)] 24360K->10520K(51712K), 0.0004660 secs] [Times: user=0.00 sys=0.00, real=0.00 secs] 
79.567: Total time for which application threads were stopped: 0.0005990 seconds, Stopping threads took: 0.0000590 seconds
79.642: Application time: 0.0746750 seconds
79.642: [GC [PSYoungGen: 14304K->480K(15872K)] 24344K->10528K(51712K), 0.0005180 secs] [Times: user=0.00 sys=0.00, real=0.00 secs] 
79.643: Total time for which application threads were stopped: 0.0006570 seconds, Stopping threads took: 0.0000560 seconds
79.717: Application time: 0.0739110 seconds
79.717: [GC [PSYoungGen: 14304K->544K(15872K)] 24352K->10616K(51712K), 0.0005240 secs] [Times: user=0.00 sys=0.00, real=0.00 secs] 
79.717: Total time for which application threads were stopped: 0.0006520 seconds, Stopping threads took: 0.0000590 seconds
79.791: Application time: 0.0741290 seconds
79.791: [GC [PSYoungGen: 14368K->528K(15872K)] 24440K->10608K(51712K), 0.0005670 secs] [Times: user=0.00 sys=0.00, real=0.00 secs] 
79.792: Total time for which application threads were stopped: 0.0007010 seconds, Stopping threads took: 0.0000590 seconds
79.866: Application time: 0.0737500 seconds
79.866: [GC [PSYoungGen: 14352K->512K(15872K)] 24432K->10616K(51712K), 0.0005060 secs] [Times: user=0.00 sys=0.00, real=0.00 secs] 
79.866: Total time for which application threads were stopped: 0.0006370 seconds, Stopping threads took: 0.0000570 seconds
79.940: Application time: 0.0740150 seconds
79.941: [GC [PSYoungGen: 14336K->480K(15872K)] 24440K->10600K(51712K), 0.0005020 secs] [Times: user=0.00 sys=0.00, real=0.00 secs] 
79.941: Total time for which application threads were stopped: 0.0006240 seconds, Stopping threads took: 0.0000540 seconds
80.014: Application time: 0.0730810 seconds
80.014: [GC [PSYoungGen: 14304K->496K(15872K)] 24424K->10616K(51712K), 0.0004900 secs] [Times: user=0.00 sys=0.00, real=0.00 secs] 
80.015: Total time for which application threads were stopped: 0.0006220 seconds, Stopping threads took: 0.0000630 seconds
80.089: Application time: 0.0738390 seconds
80.089: [GC [PSYoungGen: 14320K->512K(15872K)] 24440K->10632K(51712K), 0.0005300 secs] [Times: user=0.00 sys=0.00, real=0.00 secs] 
80.089: Total time for which application threads were stopped: 0.0006520 seconds, Stopping threads took: 0.0000490 seconds
80.162: Application time: 0.0724460 seconds
80.162: [GC [PSYoungGen: 14336K->528K(15872K)] 24456K->10648K(51712K), 0.0005020 secs] [Times: user=0.01 sys=0.00, real=0.00 secs] 
80.162: Total time for which application threads were stopped: 0.0006350 seconds, Stopping threads took: 0.0000470 seconds
80.235: Application time: 0.0730160 seconds
80.235: [GC [PSYoungGen: 14352K->528K(15872K)] 24472K->10648K(51712K), 0.0004780 secs] [Times: user=0.00 sys=0.00, real=0.00 secs] 
80.236: Total time for which application threads were stopped: 0.0006030 seconds, Stopping threads took: 0.0000500 seconds
80.310: Application time: 0.0740840 seconds
80.310: [GC [PSYoungGen: 14352K->480K(15872K)] 24472K->10600K(51712K), 0.0005240 secs] [Times: user=0.01 sys=0.00, real=0.00 secs] 
80.311: Total time for which application threads were stopped: 0.0006640 seconds, Stopping threads took: 0.0000630 seconds
80.384: Application time: 0.0737030 seconds
80.385: [GC [PSYoungGen: 14304K->464K(15872K)] 24424K->10608K(51712K), 0.0005170 secs] [Times: user=0.01 sys=0.00, real=0.00 secs] 
80.385: Total time for which application threads were stopped: 0.0006420 seconds, Stopping threads took: 0.0000540 seconds
80.459: Application time: 0.0736630 seconds
80.459: [GC [PSYoungGen: 14288K->512K(15872K)] 24432K->10672K(51712K), 0.0004890 secs] [Times: user=0.00 sys=0.00, real=0.00 secs] 
80.459: Total time for which application threads were stopped: 0.0006270 seconds, Stopping threads took: 0.0000680 seconds
80.534: Application time: 0.0742160 seconds
80.534: [GC [PSYoungGen: 14336K->512K(15872K)] 24496K->10680K(51712K), 0.0005270 secs] [Times: user=0.00 sys=0.00, real=0.00 secs] 
80.534: Total time for which application threads were stopped: 0.0006510 seconds, Stopping threads took: 0.0000520 seconds
80.608: Application time: 0.0738530 seconds
80.608: [GC [PSYoungGen: 14336K->512K(15872K)] 24504K->10696K(51712K), 0.0004940 secs] [Times: user=0.00 sys=0.00, real=0.00 secs] 
80.609: Total time for which application threads were stopped: 0.0006260 seconds, Stopping threads took: 0.0000620 seconds
80.683: Application time: 0.0742960 seconds
80.683: [GC [PSYoungGen: 14336K->544K(15872K)] 24520K->10744K(51712K), 0.0006150 secs] [Times: user=0.00 sys=0.00, real=0.00 secs] 
80.684: Total time for which application threads were stopped: 0.0007530 seconds, Stopping threads took: 0.0000530 seconds
80.757: Application time: 0.0736290 seconds
80.758: [GC [PSYoungGen: 14368K->496K(15872K)] 24568K->10696K(51712K), 0.0004870 secs] [Times: user=0.00 sys=0.00, real=0.00 secs] 
80.758: Total time for which application threads were stopped: 0.0006170 seconds, Stopping threads took: 0.0000570 seconds
80.831: Application time: 0.0734420 seconds
80.832: [GC [PSYoungGen: 14320K->512K(15872K)] 24520K->10712K(51712K), 0.0004860 secs] [Times: user=0.00 sys=0.00, real=0.00 secs] 
80.832: Total time for which application threads were stopped: 0.0006170 seconds, Stopping threads took: 0.0000560 seconds
80.904: Application time: 0.0723150 seconds
80.905: [GC [PSYoungGen: 14336K->496K(15872K)] 24536K->10696K(51712K), 0.0004690 secs] [Times: user=0.00 sys=0.00, real=0.00 secs] 
80.905: Total time for which application threads were stopped: 0.0005990 seconds, Stopping threads took: 0.0000590 seconds
80.978: Application time: 0.0725610 seconds
80.978: [GC [PSYoungGen: 14320K->512K(15872K)] 24520K->10712K(51712K), 0.0020110 secs] [Times: user=0.00 sys=0.00, real=0.00 secs] 
80.980: Total time for which application threads were stopped: 0.0021350 seconds, Stopping threads took: 0.0000530 seconds
81.054: Application time: 0.0743190 seconds
81.054: [GC [PSYoungGen: 14336K->496K(15872K)] 24536K->10696K(51712K), 0.0005050 secs] [Times: user=0.00 sys=0.00, real=0.00 secs] 
81.055: Total time for which application threads were stopped: 0.0006250 seconds, Stopping threads took: 0.0000490 seconds
81.129: Application time: 0.0748430 seconds
81.130: [GC [PSYoungGen: 14320K->512K(15872K)] 24520K->10728K(51712K), 0.0005410 secs] [Times: user=0.00 sys=0.00, real=0.00 secs] 
81.130: Total time for which application threads were stopped: 0.0006590 seconds, Stopping threads took: 0.0000500 seconds
81.204: Application time: 0.0738030 seconds
81.204: [GC [PSYoungGen: 14336K->528K(15872K)] 24552K->10752K(51712K), 0.0004890 secs] [Times: user=0.00 sys=0.00, real=0.00 secs] 
81.205: Total time for which application threads were stopped: 0.0006280 seconds, Stopping threads took: 0.0000510 seconds
81.279: Application time: 0.0740620 seconds
81.279: [GC [PSYoungGen: 14352K->496K(15872K)] 24576K->10728K(51712K), 0.0004710 secs] [Times: user=0.00 sys=0.00, real=0.00 secs] 
81.279: Total time for which application threads were stopped: 0.0005940 seconds, Stopping threads took: 0.0000570 seconds
81.353: Application time: 0.0742380 seconds
81.354: [GC [PSYoungGen: 14320K->528K(15872K)] 24552K->10784K(51712K), 0.0004790 secs] [Times: user=0.01 sys=0.00, real=0.00 secs] 
81.354: Total time for which application threads were stopped: 0.0006030 seconds, Stopping threads took: 0.0000570 seconds
81.428: Application time: 0.0736400 seconds
81.428: [GC [PSYoungGen: 14352K->512K(15872K)] 24608K->10768K(51712K), 0.0005340 secs] [Times: user=0.00 sys=0.00, real=0.00 secs] 
81.428: Total time for which application threads were stopped: 0.0006670 seconds, Stopping threads took: 0.0000580 seconds
81.502: Application time: 0.0739870 seconds
81.502: [GC [PSYoungGen: 14336K->480K(15872K)] 24592K->10752K(51712K), 0.0005380 secs] [Times: user=0.00 sys=0.00, real=0.00 secs] 
81.503: Total time for which application threads were stopped: 0.0006620 seconds, Stopping threads took: 0.0000500 seconds
81.576: Application time: 0.0730270 seconds
81.576: [GC [PSYoungGen: 14304K->480K(15872K)] 24576K->10752K(51712K), 0.0005090 secs] [Times: user=0.00 sys=0.00, real=0.00 secs] 
81.577: Total time for which application threads were stopped: 0.0006370 seconds, Stopping threads took: 0.0000580 seconds
81.649: Application time: 0.0719560 seconds
81.649: [GC [PSYoungGen: 14304K->496K(15872K)] 24576K->10768K(51712K), 0.0005380 secs] [Times: user=0.01 sys=0.00, real=0.00 secs] 
81.649: Total time for which application threads were stopped: 0.0006650 seconds, Stopping threads took: 0.0000570 seconds
81.722: Application time: 0.0730290 seconds
81.722: [GC [PSYoungGen: 14320K->544K(15872K)] 24592K->10816K(51712K), 0.0004950 secs] [Times: user=0.00 sys=0.00, real=0.00 secs] 
81.723: Total time for which application threads were stopped: 0.0006270 seconds, Stopping threads took: 0.0000530 seconds
81.797: Application time: 0.0740920 seconds
81.797: [GC [PSYoungGen: 14368K->496K(15872K)] 24640K->10768K(51712K), 0.0005060 secs] [Times: user=0.00 sys=0.00, real=0.00 secs] 
81.798: Total time for which application threads were stopped: 0.0006350 seconds, Stopping threads took: 0.0000590 seconds
81.871: Application time: 0.0731550 seconds
81.871: [GC [PSYoungGen: 14320K->528K(15872K)] 24592K->10808K(51712K), 0.0005510 secs] [Times: user=0.00 sys=0.00, real=0.00 secs] 
81.872: Total time for which application threads were stopped: 0.0006760 seconds, Stopping threads took: 0.0000550 seconds
81.945: Application time: 0.0736500 seconds
81.945: [GC [PSYoungGen: 14352K->496K(15872K)] 24632K->10792K(51712K), 0.0004900 secs] [Times: user=0.00 sys=0.00, real=0.00 secs] 
81.946: Total time for which application threads were stopped: 0.0006310 seconds, Stopping threads took: 0.0000570 seconds
82.020: Application time: 0.0743580 seconds
82.020: [GC [PSYoungGen: 14320K->528K(15872K)] 24616K->10856K(51712K), 0.0005050 secs] [Times: user=0.01 sys=0.00, real=0.00 secs] 
82.021: Total time for which application threads were stopped: 0.0006310 seconds, Stopping threads took: 0.0000590 seconds
82.095: Application time: 0.0739000 seconds
82.095: [GC [PSYoungGen: 14352K->544K(15872K)] 24680K->10888K(51712K), 0.0004920 secs] [Times: user=0.00 sys=0.00, real=0.00 secs] 
82.095: Total time for which application threads were stopped: 0.0006160 seconds, Stopping threads took: 0.0000570 seconds
82.169: Application time: 0.0738360 seconds
82.169: [GC [PSYoungGen: 14368K->480K(15872K)] 24712K->10824K(51712K), 0.0004790 secs] [Times: user=0.00 sys=0.00, real=0.00 secs] 
82.170: Total time for which application threads were stopped: 0.0006010 seconds, Stopping threads took: 0.0000510 seconds
82.244: Application time: 0.0746270 seconds
82.245: [GC [PSYoungGen: 14304K->512K(15872K)] 24648K->10864K(51712K), 0.0005700 secs] [Times: user=0.01 sys=0.00, real=0.00 secs] 
82.245: Total time for which application threads were stopped: 0.0007080 seconds, Stopping threads took: 0.0000540 seconds
82.319: Application time: 0.0736080 seconds
82.319: [GC [PSYoungGen: 14336K->496K(15872K)] 24688K->10848K(51712K), 0.0004680 secs] [Times: user=0.00 sys=0.00, real=0.00 secs] 
82.319: Total time for which application threads were stopped: 0.0005890 seconds, Stopping threads took: 0.0000530 seconds
82.392: Application time: 0.0723680 seconds
82.392: [GC [PSYoungGen: 14320K->480K(15872K)] 24672K->10832K(51712K), 0.0005070 secs] [Times: user=0.00 sys=0.00, real=0.00 secs] 
82.392: Total time for which application threads were stopped: 0.0006330 seconds, Stopping threads took: 0.0000520 seconds
82.465: Application time: 0.0730890 seconds
82.466: [GC [PSYoungGen: 14304K->512K(15872K)] 24656K->10864K(51712K), 0.0005250 secs] [Times: user=0.00 sys=0.00, real=0.00 secs] 
82.466: Total time for which application threads were stopped: 0.0006490 seconds, Stopping threads took: 0.0000560 seconds
82.540: Application time: 0.0736710 seconds
82.540: [GC [PSYoungGen: 14336K->512K(15872K)] 24688K->10864K(51712K), 0.0004900 secs] [Times: user=0.00 sys=0.00, real=0.00 secs] 
82.540: Total time for which application threads were stopped: 0.0006270 seconds, Stopping threads took: 0.0000660 seconds
82.615: Application time: 0.0744130 seconds
82.615: [GC [PSYoungGen: 14336K->512K(15872K)] 24688K->10864K(51712K), 0.0004850 secs] [Times: user=0.00 sys=0.00, real=0.00 secs] 
82.615: Total time for which application threads were stopped: 0.0006300 seconds, Stopping threads took: 0.0000760 seconds
82.689: Application time: 0.0737850 seconds
82.689: [GC [PSYoungGen: 14336K->544K(15872K)] 24688K->10904K(51712K), 0.0005070 secs] [Times: user=0.00 sys=0.00, real=0.00 secs] 
82.690: Total time for which application threads were stopped: 0.0006390 seconds, Stopping threads took: 0.0000540 seconds
82.764: Application time: 0.0737410 seconds
82.764: [GC [PSYoungGen: 14368K->544K(15872K)] 24728K->10920K(51712K), 0.0005220 secs] [Times: user=0.00 sys=0.00, real=0.00 secs] 
82.764: Total time for which application threads were stopped: 0.0006640 seconds, Stopping threads took: 0.0000610 seconds
82.838: Application time: 0.0739470 seconds
82.838: [GC [PSYoungGen: 14368K->512K(15872K)] 24744K->10904K(51712K), 0.0005090 secs] [Times: user=0.00 sys=0.00, real=0.00 secs] 
82.839: Total time for which application threads were stopped: 0.0006300 seconds, Stopping threads took: 0.0000520 seconds
82.913: Application time: 0.0742700 seconds
82.913: [GC [PSYoungGen: 14336K->512K(15872K)] 24728K->10904K(51712K), 0.0005120 secs] [Times: user=0.00 sys=0.01, real=0.01 secs] 
82.914: Total time for which application threads were stopped: 0.0006400 seconds, Stopping threads took: 0.0000550 seconds
82.988: Application time: 0.0738900 seconds
82.989: [GC [PSYoungGen: 14336K->544K(15872K)] 24728K->10944K(51712K), 0.0005550 secs] [Times: user=0.00 sys=0.00, real=0.00 secs] 
82.990: Total time for which application threads were stopped: 0.0023130 seconds, Stopping threads took: 0.0016790 seconds
83.063: Application time: 0.0725820 seconds
83.063: [GC [PSYoungGen: 14368K->528K(15872K)] 24768K->10928K(51712K), 0.0005110 secs] [Times: user=0.00 sys=0.00, real=0.00 secs] 
83.063: Total time for which application threads were stopped: 0.0006330 seconds, Stopping threads took: 0.0000560 seconds
83.136: Application time: 0.0724140 seconds
83.136: [GC [PSYoungGen: 14352K->496K(15872K)] 24752K->10896K(51712K), 0.0005440 secs] [Times: user=0.00 sys=0.00, real=0.00 secs] 
83.136: Total time for which application threads were stopped: 0.0006680 seconds, Stopping threads took: 0.0000520 seconds
83.210: Application time: 0.0735540 seconds
83.210: [GC [PSYoungGen: 14320K->480K(15872K)] 24720K->10880K(51712K), 0.0004930 secs] [Times: user=0.00 sys=0.00, real=0.00 secs] 
83.210: Total time for which application threads were stopped: 0.0006250 seconds, Stopping threads took: 0.0000600 seconds
83.285: Application time: 0.0741370 seconds
83.285: [GC [PSYoungGen: 14304K->496K(15872K)] 24704K->10896K(51712K), 0.0005240 secs] [Times: user=0.00 sys=0.00, real=0.00 secs] 
83.285: Total time for which application threads were stopped: 0.0006640 seconds, Stopping threads took: 0.0000560 seconds
83.359: Application time: 0.0734070 seconds
83.359: [GC [PSYoungGen: 14320K->512K(15872K)] 24720K->10912K(51712K), 0.0004710 secs] [Times: user=0.00 sys=0.00, real=0.00 secs] 
83.359: Total time for which application threads were stopped: 0.0006090 seconds, Stopping threads took: 0.0000630 seconds
83.433: Application time: 0.0737600 seconds
83.433: [GC [PSYoungGen: 14336K->512K(15872K)] 24736K->10944K(51712K), 0.0005250 secs] [Times: user=0.00 sys=0.00, real=0.01 secs] 
83.434: Total time for which application threads were stopped: 0.0006590 seconds, Stopping threads took: 0.0000580 seconds
83.507: Application time: 0.0737230 seconds
83.508: [GC [PSYoungGen: 14336K->512K(15872K)] 24768K->10960K(51712K), 0.0004830 secs] [Times: user=0.00 sys=0.00, real=0.00 secs] 
83.508: Total time for which application threads were stopped: 0.0006020 seconds, Stopping threads took: 0.0000490 seconds
83.582: Application time: 0.0738860 seconds
83.582: [GC [PSYoungGen: 14336K->512K(15872K)] 24784K->10976K(51712K), 0.0005160 secs] [Times: user=0.00 sys=0.00, real=0.00 secs] 
83.583: Total time for which application threads were stopped: 0.0006460 seconds, Stopping threads took: 0.0000570 seconds
83.657: Application time: 0.0742210 seconds
83.657: [GC [PSYoungGen: 14336K->512K(15872K)] 24800K->10976K(51712K), 0.0005460 secs] [Times: user=0.01 sys=0.00, real=0.00 secs] 
83.657: Total time for which application threads were stopped: 0.0006760 seconds, Stopping threads took: 0.0000610 seconds
83.731: Application time: 0.0735270 seconds
83.731: [GC [PSYoungGen: 14336K->496K(15872K)] 24800K->10976K(51712K), 0.0005530 secs] [Times: user=0.01 sys=0.00, real=0.00 secs] 
83.732: Total time for which application threads were stopped: 0.0006770 seconds, Stopping threads took: 0.0000540 seconds
83.805: Application time: 0.0730810 seconds
83.805: [GC [PSYoungGen: 14320K->496K(15872K)] 24800K->10976K(51712K), 0.0004820 secs] [Times: user=0.00 sys=0.00, real=0.01 secs] 
83.805: Total time for which application threads were stopped: 0.0006220 seconds, Stopping threads took: 0.0000620 seconds
83.879: Application time: 0.0732280 seconds
83.879: [GC [PSYoungGen: 14320K->496K(15872K)] 24800K->10976K(51712K), 0.0004960 secs] [Times: user=0.00 sys=0.00, real=0.00 secs] 
83.879: Total time for which application threads were stopped: 0.0006500 seconds, Stopping threads took: 0.0000840 seconds
83.952: Application time: 0.0726660 seconds
83.952: [GC [PSYoungGen: 14320K->528K(15872K)] 24800K->11008K(51712K), 0.0004930 secs] [Times: user=0.00 sys=0.00, real=0.00 secs] 
83.953: Total time for which application threads were stopped: 0.0006120 seconds, Stopping threads took: 0.0000510 seconds
84.026: Application time: 0.0733020 seconds
84.026: [GC [PSYoungGen: 14352K->480K(15872K)] 24832K->10960K(51712K), 0.0005200 secs] [Times: user=0.00 sys=0.00, real=0.00 secs] 
84.027: Total time for which application threads were stopped: 0.0006540 seconds, Stopping threads took: 0.0000630 seconds
84.101: Application time: 0.0742830 seconds
84.101: [GC [PSYoungGen: 14304K->496K(15872K)] 24784K->10976K(51712K), 0.0004920 secs] [Times: user=0.00 sys=0.00, real=0.00 secs] 
84.101: Total time for which application threads were stopped: 0.0006200 seconds, Stopping threads took: 0.0000590 seconds
84.176: Application time: 0.0745650 seconds
84.177: [GC [PSYoungGen: 14320K->496K(15872K)] 24800K->10992K(51712K), 0.0005440 secs] [Times: user=0.00 sys=0.00, real=0.00 secs] 
84.178: Total time for which application threads were stopped: 0.0019520 seconds, Stopping threads took: 0.0013330 seconds
84.252: Application time: 0.0740310 seconds
84.252: [GC [PSYoungGen: 14320K->544K(15872K)] 24816K->11048K(51712K), 0.0004910 secs] [Times: user=0.00 sys=0.00, real=0.00 secs] 
84.253: Total time for which application threads were stopped: 0.0006140 seconds, Stopping threads took: 0.0000490 seconds
84.326: Application time: 0.0737220 seconds
84.329: [GC [PSYoungGen: 14368K->480K(15872K)] 24872K->11000K(51712K), 0.0005450 secs] [Times: user=0.00 sys=0.00, real=0.00 secs] 
84.330: Total time for which application threads were stopped: 0.0036800 seconds, Stopping threads took: 0.0030520 seconds
84.404: Application time: 0.0739670 seconds
84.404: [GC [PSYoungGen: 14304K->512K(15872K)] 24824K->11040K(51712K), 0.0004730 secs] [Times: user=0.00 sys=0.00, real=0.00 secs] 
84.405: Total time for which application threads were stopped: 0.0005980 seconds, Stopping threads took: 0.0000550 seconds
84.478: Application time: 0.0738730 seconds
84.479: [GC [PSYoungGen: 14336K->528K(15872K)] 24864K->11064K(51712K), 0.0005110 secs] [Times: user=0.00 sys=0.00, real=0.00 secs] 
84.479: Total time for which application threads were stopped: 0.0006450 seconds, Stopping threads took: 0.0000610 seconds
84.552: Application time: 0.0728850 seconds
84.552: [GC [PSYoungGen: 14352K->496K(15872K)] 24888K->11032K(51712K), 0.0004880 secs] [Times: user=0.00 sys=0.00, real=0.00 secs] 
84.553: Total time for which application threads were stopped: 0.0006280 seconds, Stopping threads took: 0.0000690 seconds
84.626: Application time: 0.0730890 seconds
84.626: [GC [PSYoungGen: 14320K->528K(15872K)] 24856K->11064K(51712K), 0.0005260 secs] [Times: user=0.00 sys=0.00, real=0.00 secs] 
84.626: Total time for which application threads were stopped: 0.0006540 seconds, Stopping threads took: 0.0000600 seconds
84.699: Application time: 0.0729040 seconds
84.699: [GC [PSYoungGen: 14352K->480K(15872K)] 24888K->11016K(51712K), 0.0004720 secs] [Times: user=0.00 sys=0.00, real=0.00 secs] 
84.700: Total time for which application threads were stopped: 0.0005930 seconds, Stopping threads took: 0.0000460 seconds
84.773: Application time: 0.0729860 seconds
84.773: [GC [PSYoungGen: 14304K->480K(15872K)] 24840K->11016K(51712K), 0.0005020 secs] [Times: user=0.00 sys=0.00, real=0.01 secs] 
84.773: Total time for which application threads were stopped: 0.0006270 seconds, Stopping threads took: 0.0000570 seconds
84.848: Application time: 0.0744450 seconds
84.848: [GC [PSYoungGen: 14304K->528K(15872K)] 24840K->11064K(51712K), 0.0005020 secs] [Times: user=0.00 sys=0.00, real=0.00 secs] 
84.849: Total time for which application threads were stopped: 0.0006390 seconds, Stopping threads took: 0.0000580 seconds
84.922: Application time: 0.0734150 seconds
84.922: [GC [PSYoungGen: 14352K->512K(15872K)] 24888K->11064K(51712K), 0.0005150 secs] [Times: user=0.00 sys=0.00, real=0.00 secs] 
84.923: Total time for which application threads were stopped: 0.0006570 seconds, Stopping threads took: 0.0000690 seconds
84.997: Application time: 0.0741070 seconds
84.997: [GC [PSYoungGen: 14336K->496K(15872K)] 24888K->11056K(51712K), 0.0004790 secs] [Times: user=0.01 sys=0.00, real=0.00 secs] 
84.998: Total time for which application threads were stopped: 0.0011400 seconds, Stopping threads took: 0.0005910 seconds
85.072: Application time: 0.0746130 seconds
85.073: [GC [PSYoungGen: 14320K->480K(15872K)] 24880K->11056K(51712K), 0.0005170 secs] [Times: user=0.00 sys=0.00, real=0.00 secs] 
85.073: Total time for which application threads were stopped: 0.0006520 seconds, Stopping threads took: 0.0000630 seconds
85.147: Application time: 0.0736990 seconds
85.147: [GC [PSYoungGen: 14304K->496K(15872K)] 24880K->11080K(51712K), 0.0005350 secs] [Times: user=0.00 sys=0.00, real=0.00 secs] 
85.148: Total time for which application threads were stopped: 0.0007000 seconds, Stopping threads took: 0.0000970 seconds
85.221: Application time: 0.0739250 seconds
85.222: [GC [PSYoungGen: 14320K->512K(15872K)] 24904K->11096K(51712K), 0.0004840 secs] [Times: user=0.00 sys=0.00, real=0.00 secs] 
85.222: Total time for which application threads were stopped: 0.0006170 seconds, Stopping threads took: 0.0000610 seconds
85.297: Application time: 0.0744550 seconds
85.297: [GC [PSYoungGen: 14336K->560K(15872K)] 24920K->11152K(51712K), 0.0005940 secs] [Times: user=0.00 sys=0.00, real=0.00 secs] 
85.297: Total time for which application threads were stopped: 0.0007270 seconds, Stopping threads took: 0.0000590 seconds
85.370: Application time: 0.0731060 seconds
85.370: [GC [PSYoungGen: 14384K->496K(15872K)] 24976K->11088K(51712K), 0.0005440 secs] [Times: user=0.00 sys=0.00, real=0.00 secs] 
85.371: Total time for which application threads were stopped: 0.0006920 seconds, Stopping threads took: 0.0000610 seconds
85.443: Application time: 0.0723440 seconds
85.444: [GC [PSYoungGen: 14320K->496K(15872K)] 24912K->11088K(51712K), 0.0005050 secs] [Times: user=0.00 sys=0.00, real=0.00 secs] 
85.444: Total time for which application threads were stopped: 0.0006330 seconds, Stopping threads took: 0.0000560 seconds
85.517: Application time: 0.0729880 seconds
85.517: [GC [PSYoungGen: 14320K->496K(15872K)] 24912K->11088K(51712K), 0.0005150 secs] [Times: user=0.00 sys=0.00, real=0.00 secs] 
85.518: Total time for which application threads were stopped: 0.0006400 seconds, Stopping threads took: 0.0000540 seconds
85.594: Application time: 0.0758510 seconds
85.594: [GC [PSYoungGen: 14320K->512K(15872K)] 24912K->11104K(51712K), 0.0004930 secs] [Times: user=0.00 sys=0.00, real=0.00 secs] 
85.594: Total time for which application threads were stopped: 0.0006250 seconds, Stopping threads took: 0.0000620 seconds
85.669: Application time: 0.0744000 seconds
85.669: [GC [PSYoungGen: 14336K->528K(15872K)] 24928K->11128K(51712K), 0.0004940 secs] [Times: user=0.00 sys=0.00, real=0.00 secs] 
85.669: Total time for which application threads were stopped: 0.0006210 seconds, Stopping threads took: 0.0000550 seconds
85.743: Application time: 0.0739600 seconds
85.743: [GC [PSYoungGen: 14352K->512K(15872K)] 24952K->11120K(51712K), 0.0005160 secs] [Times: user=0.00 sys=0.00, real=0.00 secs] 
85.744: Total time for which application threads were stopped: 0.0006500 seconds, Stopping threads took: 0.0000630 seconds
85.817: Application time: 0.0734420 seconds
85.817: [GC [PSYoungGen: 14336K->496K(15872K)] 24944K->11120K(51712K), 0.0005030 secs] [Times: user=0.00 sys=0.00, real=0.00 secs] 
85.818: Total time for which application threads were stopped: 0.0006250 seconds, Stopping threads took: 0.0000500 seconds
85.892: Application time: 0.0739130 seconds
85.892: [GC [PSYoungGen: 14320K->480K(15872K)] 24944K->11120K(51712K), 0.0004840 secs] [Times: user=0.00 sys=0.00, real=0.00 secs] 
85.892: Total time for which application threads were stopped: 0.0006350 seconds, Stopping threads took: 0.0000620 seconds
85.967: Application time: 0.0741170 seconds
85.967: [GC [PSYoungGen: 14304K->464K(15872K)] 24944K->11104K(51712K), 0.0004900 secs] [Times: user=0.00 sys=0.00, real=0.00 secs] 
85.967: Total time for which application threads were stopped: 0.0006430 seconds, Stopping threads took: 0.0000810 seconds
86.041: Application time: 0.0739470 seconds
86.041: [GC [PSYoungGen: 14288K->512K(15872K)] 24928K->11168K(51712K), 0.0004930 secs] [Times: user=0.00 sys=0.00, real=0.00 secs] 
86.042: Total time for which application threads were stopped: 0.0006400 seconds, Stopping threads took: 0.0000710 seconds
86.115: Application time: 0.0731570 seconds
86.115: [GC [PSYoungGen: 14336K->528K(15872K)] 24992K->11184K(51712K), 0.0005010 secs] [Times: user=0.00 sys=0.00, real=0.00 secs] 
86.116: Total time for which application threads were stopped: 0.0006220 seconds, Stopping threads took: 0.0000500 seconds
86.188: Application time: 0.0727870 seconds
86.188: [GC [PSYoungGen: 14352K->496K(15872K)] 25008K->11152K(51712K), 0.0004760 secs] [Times: user=0.00 sys=0.00, real=0.00 secs] 
86.189: Total time for which application threads were stopped: 0.0006050 seconds, Stopping threads took: 0.0000590 seconds
86.262: Application time: 0.0731630 seconds
86.262: [GC [PSYoungGen: 14320K->512K(15872K)] 24976K->11168K(51712K), 0.0004970 secs] [Times: user=0.01 sys=0.00, real=0.00 secs] 
86.263: Total time for which application threads were stopped: 0.0006130 seconds, Stopping threads took: 0.0000470 seconds
86.336: Application time: 0.0734890 seconds
86.336: [GC [PSYoungGen: 14336K->544K(15872K)] 24992K->11200K(51712K), 0.0005410 secs] [Times: user=0.00 sys=0.00, real=0.00 secs] 
86.337: Total time for which application threads were stopped: 0.0006670 seconds, Stopping threads took: 0.0000520 seconds
86.411: Application time: 0.0736300 seconds
86.411: [GC [PSYoungGen: 14368K->496K(15872K)] 25024K->11152K(51712K), 0.0005060 secs] [Times: user=0.00 sys=0.00, real=0.00 secs] 
86.411: Total time for which application threads were stopped: 0.0006360 seconds, Stopping threads took: 0.0000460 seconds
86.485: Application time: 0.0737340 seconds
86.485: [GC [PSYoungGen: 14320K->512K(15872K)] 24976K->11184K(51712K), 0.0005110 secs] [Times: user=0.00 sys=0.00, real=0.01 secs] 
86.486: Total time for which application threads were stopped: 0.0006510 seconds, Stopping threads took: 0.0000650 seconds
86.559: Application time: 0.0737570 seconds
86.559: [GC [PSYoungGen: 14336K->496K(15872K)] 25008K->11184K(51712K), 0.0005040 secs] [Times: user=0.01 sys=0.00, real=0.00 secs] 
86.560: Total time for which application threads were stopped: 0.0006240 seconds, Stopping threads took: 0.0000480 seconds
86.634: Application time: 0.0744510 seconds
86.634: [GC [PSYoungGen: 14320K->480K(15872K)] 25008K->11192K(51712K), 0.0005530 secs] [Times: user=0.00 sys=0.00, real=0.00 secs] 
86.635: Total time for which application threads were stopped: 0.0006750 seconds, Stopping threads took: 0.0000530 seconds
86.709: Application time: 0.0738620 seconds
86.709: [GC [PSYoungGen: 14304K->512K(15872K)] 25016K->11224K(51712K), 0.0004750 secs] [Times: user=0.00 sys=0.00, real=0.00 secs] 
86.710: Total time for which application threads were stopped: 0.0006050 seconds, Stopping threads took: 0.0000590 seconds
86.784: Application time: 0.0743520 seconds
86.784: [GC [PSYoungGen: 14336K->512K(15872K)] 25048K->11248K(51712K), 0.0005040 secs] [Times: user=0.01 sys=0.00, real=0.00 secs] 
86.785: Total time for which application threads were stopped: 0.0006360 seconds, Stopping threads took: 0.0000570 seconds
86.858: Application time: 0.0731210 seconds
86.858: [GC [PSYoungGen: 14336K->512K(15872K)] 25072K->11248K(51712K), 0.0005030 secs] [Times: user=0.00 sys=0.00, real=0.00 secs] 
86.858: Total time for which application threads were stopped: 0.0006460 seconds, Stopping threads took: 0.0000690 seconds
86.931: Application time: 0.0723410 seconds
86.931: [GC [PSYoungGen: 14336K->464K(15872K)] 25072K->11200K(51712K), 0.0005610 secs] [Times: user=0.00 sys=0.00, real=0.00 secs] 
86.931: Total time for which application threads were stopped: 0.0006960 seconds, Stopping threads took: 0.0000530 seconds
87.005: Application time: 0.0737680 seconds
87.005: [GC [PSYoungGen: 14288K->480K(15872K)] 25024K->11216K(51712K), 0.0004930 secs] [Times: user=0.00 sys=0.01, real=0.01 secs] 
87.006: Total time for which application threads were stopped: 0.0006220 seconds, Stopping threads took: 0.0000580 seconds
87.079: Application time: 0.0731990 seconds
87.079: [GC [PSYoungGen: 14304K->512K(15872K)] 25040K->11248K(51712K), 0.0005270 secs] [Times: user=0.00 sys=0.00, real=0.00 secs] 
87.080: Total time for which application threads were stopped: 0.0006530 seconds, Stopping threads took: 0.0000580 seconds
87.154: Application time: 0.0748290 seconds
87.155: [GC [PSYoungGen: 14336K->464K(15872K)] 25072K->11200K(51712K), 0.0004880 secs] [Times: user=0.00 sys=0.00, real=0.00 secs] 
87.155: Total time for which application threads were stopped: 0.0006120 seconds, Stopping threads took: 0.0000560 seconds
87.230: Application time: 0.0747180 seconds
87.230: [GC [PSYoungGen: 14288K->496K(15872K)] 25024K->11248K(51712K), 0.0005160 secs] [Times: user=0.00 sys=0.00, real=0.00 secs] 
87.230: Total time for which application threads were stopped: 0.0006370 seconds, Stopping threads took: 0.0000560 seconds
87.304: Application time: 0.0737770 seconds
87.304: [GC [PSYoungGen: 14320K->528K(15872K)] 25072K->11296K(51712K), 0.0005600 secs] [Times: user=0.00 sys=0.00, real=0.00 secs] 
87.305: Total time for which application threads were stopped: 0.0006880 seconds, Stopping threads took: 0.0000580 seconds
87.379: Application time: 0.0741030 seconds
87.379: [GC [PSYoungGen: 14352K->512K(15872K)] 25120K->11288K(51712K), 0.0005100 secs] [Times: user=0.00 sys=0.00, real=0.00 secs] 
87.380: Total time for which application threads were stopped: 0.0006300 seconds, Stopping threads took: 0.0000530 seconds
87.454: Application time: 0.0742080 seconds
87.454: [GC [PSYoungGen: 14336K->496K(15872K)] 25112K->11272K(51712K), 0.0005160 secs] [Times: user=0.00 sys=0.00, real=0.00 secs] 
87.454: Total time for which application threads were stopped: 0.0006630 seconds, Stopping threads took: 0.0000600 seconds
87.528: Application time: 0.0740090 seconds
87.529: [GC [PSYoungGen: 14320K->528K(15872K)] 25096K->11320K(51712K), 0.0004940 secs] [Times: user=0.00 sys=0.00, real=0.00 secs] 
87.529: Total time for which application threads were stopped: 0.0006280 seconds, Stopping threads took: 0.0000580 seconds
87.602: Application time: 0.0726630 seconds
87.602: [GC [PSYoungGen: 14352K->544K(15872K)] 25144K->11336K(51712K), 0.0004910 secs] [Times: user=0.00 sys=0.00, real=0.00 secs] 
87.602: Total time for which application threads were stopped: 0.0006340 seconds, Stopping threads took: 0.0000690 seconds
87.675: Application time: 0.0730240 seconds
87.676: [GC [PSYoungGen: 14368K->512K(15872K)] 25160K->11304K(51712K), 0.0004910 secs] [Times: user=0.00 sys=0.00, real=0.00 secs] 
87.676: Total time for which application threads were stopped: 0.0006110 seconds, Stopping threads took: 0.0000480 seconds
87.749: Application time: 0.0729870 seconds
87.749: [GC [PSYoungGen: 14336K->496K(15872K)] 25128K->11288K(51712K), 0.0004720 secs] [Times: user=0.00 sys=0.00, real=0.00 secs] 
87.750: Total time for which application threads were stopped: 0.0006030 seconds, Stopping threads took: 0.0000610 seconds
87.823: Application time: 0.0734470 seconds
87.823: [GC [PSYoungGen: 14320K->528K(15872K)] 25112K->11320K(51712K), 0.0005150 secs] [Times: user=0.00 sys=0.00, real=0.00 secs] 
87.824: Total time for which application threads were stopped: 0.0006460 seconds, Stopping threads took: 0.0000630 seconds
87.898: Application time: 0.0741650 seconds
87.898: [GC [PSYoungGen: 14352K->512K(15872K)] 25144K->11304K(51712K), 0.0004840 secs] [Times: user=0.00 sys=0.00, real=0.00 secs] 
87.899: Total time for which application threads were stopped: 0.0006080 seconds, Stopping threads took: 0.0000540 seconds
87.972: Application time: 0.0732350 seconds
87.972: [GC [PSYoungGen: 14336K->528K(15872K)] 25128K->11344K(51712K), 0.0005020 secs] [Times: user=0.00 sys=0.00, real=0.00 secs] 
87.972: Total time for which application threads were stopped: 0.0006520 seconds, Stopping threads took: 0.0000640 seconds
88.046: Application time: 0.0739120 seconds
88.046: [GC [PSYoungGen: 14352K->560K(15872K)] 25168K->11392K(51712K), 0.0004930 secs] [Times: user=0.01 sys=0.00, real=0.00 secs] 
88.047: Total time for which application threads were stopped: 0.0006200 seconds, Stopping threads took: 0.0000510 seconds
88.121: Application time: 0.0738770 seconds
88.121: [GC [PSYoungGen: 14384K->512K(15872K)] 25216K->11360K(51712K), 0.0005640 secs] [Times: user=0.00 sys=0.00, real=0.00 secs] 
88.122: Total time for which application threads were stopped: 0.0006970 seconds, Stopping threads took: 0.0000620 seconds
88.195: Application time: 0.0739890 seconds
88.196: [GC [PSYoungGen: 14336K->496K(15872K)] 25184K->11360K(51712K), 0.0005120 secs] [Times: user=0.01 sys=0.00, real=0.00 secs] 
88.196: Total time for which application threads were stopped: 0.0006410 seconds, Stopping threads took: 0.0000580 seconds
88.271: Application time: 0.0745770 seconds
88.271: [GC [PSYoungGen: 14320K->528K(15872K)] 25184K->11392K(51712K), 0.0005030 secs] [Times: user=0.00 sys=0.00, real=0.00 secs] 
88.271: Total time for which application threads were stopped: 0.0006330 seconds, Stopping threads took: 0.0000600 seconds
88.344: Application time: 0.0726250 seconds
88.344: [GC [PSYoungGen: 14352K->512K(15872K)] 25216K->11392K(51712K), 0.0005050 secs] [Times: user=0.00 sys=0.00, real=0.00 secs] 
88.345: Total time for which application threads were stopped: 0.0006290 seconds, Stopping threads took: 0.0000540 seconds
88.418: Application time: 0.0735850 seconds
88.418: [GC [PSYoungGen: 14336K->480K(15872K)] 25216K->11360K(51712K), 0.0005040 secs] [Times: user=0.00 sys=0.00, real=0.00 secs] 
88.419: Total time for which application threads were stopped: 0.0006340 seconds, Stopping threads took: 0.0000610 seconds
88.492: Application time: 0.0729880 seconds
88.492: [GC [PSYoungGen: 14304K->528K(15872K)] 25184K->11408K(51712K), 0.0004860 secs] [Times: user=0.00 sys=0.00, real=0.00 secs] 
88.492: Total time for which application threads were stopped: 0.0006160 seconds, Stopping threads took: 0.0000530 seconds
88.566: Application time: 0.0731040 seconds
88.566: [GC [PSYoungGen: 14352K->512K(15872K)] 25232K->11392K(51712K), 0.0005040 secs] [Times: user=0.00 sys=0.00, real=0.00 secs] 
88.566: Total time for which application threads were stopped: 0.0006200 seconds, Stopping threads took: 0.0000480 seconds
88.641: Application time: 0.0746320 seconds
88.641: [GC [PSYoungGen: 14336K->528K(15872K)] 25216K->11408K(51712K), 0.0005520 secs] [Times: user=0.00 sys=0.00, real=0.00 secs] 
88.642: Total time for which application threads were stopped: 0.0007230 seconds, Stopping threads took: 0.0001000 seconds
88.716: Application time: 0.0741550 seconds
88.716: [GC [PSYoungGen: 14352K->496K(15872K)] 25232K->11384K(51712K), 0.0005110 secs] [Times: user=0.01 sys=0.00, real=0.00 secs] 
88.716: Total time for which application threads were stopped: 0.0006320 seconds, Stopping threads took: 0.0000520 seconds
88.790: Application time: 0.0733120 seconds
88.790: [GC [PSYoungGen: 14320K->496K(15872K)] 25208K->11400K(51712K), 0.0004930 secs] [Times: user=0.01 sys=0.00, real=0.00 secs] 
88.790: Total time for which application threads were stopped: 0.0006230 seconds, Stopping threads took: 0.0000610 seconds
88.864: Application time: 0.0742310 seconds
88.865: [GC [PSYoungGen: 14320K->496K(15872K)] 25224K->11416K(51712K), 0.0005010 secs] [Times: user=0.00 sys=0.00, real=0.00 secs] 
88.865: Total time for which application threads were stopped: 0.0006300 seconds, Stopping threads took: 0.0000580 seconds
88.939: Application time: 0.0735030 seconds
88.939: [GC [PSYoungGen: 14320K->528K(15872K)] 25240K->11464K(51712K), 0.0005660 secs] [Times: user=0.00 sys=0.00, real=0.00 secs] 
88.939: Total time for which application threads were stopped: 0.0007030 seconds, Stopping threads took: 0.0000610 seconds
89.014: Application time: 0.0743820 seconds
89.014: [GC [PSYoungGen: 14352K->512K(15872K)] 25288K->11448K(51712K), 0.0005040 secs] [Times: user=0.00 sys=0.00, real=0.00 secs] 
89.014: Total time for which application threads were stopped: 0.0006400 seconds, Stopping threads took: 0.0000540 seconds
89.088: Application time: 0.0738100 seconds
89.088: [GC [PSYoungGen: 14336K->512K(15872K)] 25272K->11464K(51712K), 0.0005680 secs] [Times: user=0.00 sys=0.00, real=0.00 secs] 
89.089: Total time for which application threads were stopped: 0.0007040 seconds, Stopping threads took: 0.0000560 seconds
89.162: Application time: 0.0731000 seconds
89.162: [GC [PSYoungGen: 14336K->528K(15872K)] 25288K->11480K(51712K), 0.0005380 secs] [Times: user=0.00 sys=0.00, real=0.00 secs] 
89.163: Total time for which application threads were stopped: 0.0006580 seconds, Stopping threads took: 0.0000490 seconds
89.236: Application time: 0.0730150 seconds
89.236: [GC [PSYoungGen: 14352K->496K(15872K)] 25304K->11448K(51712K), 0.0004900 secs] [Times: user=0.00 sys=0.00, real=0.00 secs] 
89.236: Total time for which application threads were stopped: 0.0006180 seconds, Stopping threads took: 0.0000570 seconds
89.310: Application time: 0.0732450 seconds
89.313: [GC [PSYoungGen: 14320K->480K(15872K)] 25272K->11432K(51712K), 0.0004820 secs] [Times: user=0.00 sys=0.00, real=0.00 secs] 
89.314: Total time for which application threads were stopped: 0.0043720 seconds, Stopping threads took: 0.0038170 seconds
89.388: Application time: 0.0741420 seconds
89.388: [GC [PSYoungGen: 14304K->480K(15872K)] 25256K->11432K(51712K), 0.0004970 secs] [Times: user=0.00 sys=0.00, real=0.00 secs] 
89.389: Total time for which application threads were stopped: 0.0006320 seconds, Stopping threads took: 0.0000590 seconds
89.462: Application time: 0.0733910 seconds
89.462: [GC [PSYoungGen: 14304K->512K(15872K)] 25256K->11480K(51712K), 0.0005290 secs] [Times: user=0.00 sys=0.00, real=0.00 secs] 
89.463: Total time for which application threads were stopped: 0.0006650 seconds, Stopping threads took: 0.0000610 seconds
89.537: Application time: 0.0740110 seconds
89.537: [GC [PSYoungGen: 14336K->480K(15872K)] 25304K->11456K(51712K), 0.0004940 secs] [Times: user=0.00 sys=0.00, real=0.00 secs] 
89.537: Total time for which application threads were stopped: 0.0006410 seconds, Stopping threads took: 0.0000610 seconds
89.611: Application time: 0.0736460 seconds
89.611: [GC [PSYoungGen: 14304K->496K(15872K)] 25280K->11504K(51712K), 0.0004930 secs] [Times: user=0.01 sys=0.00, real=0.00 secs] 
89.612: Total time for which application threads were stopped: 0.0006180 seconds, Stopping threads took: 0.0000560 seconds
89.686: Application time: 0.0739540 seconds
89.686: [GC [PSYoungGen: 14320K->480K(15872K)] 25328K->11504K(51712K), 0.0005230 secs] [Times: user=0.01 sys=0.00, real=0.00 secs] 
89.686: Total time for which application threads were stopped: 0.0006540 seconds, Stopping threads took: 0.0000610 seconds
89.761: Application time: 0.0743600 seconds
89.761: [GC [PSYoungGen: 14304K->512K(15872K)] 25328K->11536K(51712K), 0.0005120 secs] [Times: user=0.00 sys=0.00, real=0.00 secs] 
89.761: Total time for which application threads were stopped: 0.0006510 seconds, Stopping threads took: 0.0000670 seconds
89.835: Application time: 0.0739520 seconds
89.835: [GC [PSYoungGen: 14336K->480K(15872K)] 25360K->11528K(51712K), 0.0004950 secs] [Times: user=0.00 sys=0.00, real=0.00 secs] 
89.836: Total time for which application threads were stopped: 0.0006210 seconds, Stopping threads took: 0.0000570 seconds
89.909: Application time: 0.0730930 seconds
89.909: [GC [PSYoungGen: 14304K->528K(15872K)] 25352K->11576K(51712K), 0.0005530 secs] [Times: user=0.00 sys=0.00, real=0.00 secs] 
89.910: Total time for which application threads were stopped: 0.0006790 seconds, Stopping threads took: 0.0000540 seconds
89.982: Application time: 0.0725980 seconds
89.985: [GC [PSYoungGen: 14352K->528K(15872K)] 25400K->11576K(51712K), 0.0005170 secs] [Times: user=0.00 sys=0.00, real=0.00 secs] 
89.986: Total time for which application threads were stopped: 0.0036830 seconds, Stopping threads took: 0.0030900 seconds
90.059: Application time: 0.0734130 seconds
90.059: [GC [PSYoungGen: 14352K->496K(15872K)] 25400K->11544K(51712K), 0.0004940 secs] [Times: user=0.01 sys=0.00, real=0.00 secs] 
90.060: Total time for which application threads were stopped: 0.0006410 seconds, Stopping threads took: 0.0000670 seconds
90.134: Application time: 0.0735860 seconds
90.134: [GC [PSYoungGen: 14320K->528K(15872K)] 25368K->11576K(51712K), 0.0004990 secs] [Times: user=0.00 sys=0.00, real=0.00 secs] 
90.134: Total time for which application threads were stopped: 0.0006230 seconds, Stopping threads took: 0.0000540 seconds
90.209: Application time: 0.0744810 seconds
90.209: [GC [PSYoungGen: 14352K->496K(15872K)] 25400K->11560K(51712K), 0.0005890 secs] [Times: user=0.01 sys=0.00, real=0.00 secs] 
90.209: Total time for which application threads were stopped: 0.0007240 seconds, Stopping threads took: 0.0000600 seconds
90.283: Application time: 0.0740470 seconds
90.284: [GC [PSYoungGen: 14320K->528K(15872K)] 25384K->11608K(51712K), 0.0004850 secs] [Times: user=0.00 sys=0.00, real=0.00 secs] 
90.284: Total time for which application threads were stopped: 0.0006060 seconds, Stopping threads took: 0.0000500 seconds
90.358: Application time: 0.0739090 seconds
90.358: [GC [PSYoungGen: 14352K->528K(15872K)] 25432K->11624K(51712K), 0.0006110 secs] [Times: user=0.00 sys=0.00, real=0.00 secs] 
90.359: Total time for which application threads were stopped: 0.0007480 seconds, Stopping threads took: 0.0000650 seconds
90.433: Application time: 0.0738670 seconds
90.433: [GC [PSYoungGen: 14352K->544K(15872K)] 25448K->11656K(51712K), 0.0005140 secs] [Times: user=0.00 sys=0.00, real=0.00 secs] 
90.433: Total time for which application threads were stopped: 0.0006450 seconds, Stopping threads took: 0.0000580 seconds
90.507: Application time: 0.0741020 seconds
90.507: [GC [PSYoungGen: 14368K->480K(15872K)] 25480K->11592K(51712K), 0.0005640 secs] [Times: user=0.00 sys=0.00, real=0.00 secs] 
90.508: Total time for which application threads were stopped: 0.0006880 seconds, Stopping threads took: 0.0000560 seconds
90.582: Application time: 0.0738870 seconds
90.582: [GC [PSYoungGen: 14304K->528K(15872K)] 25416K->11664K(51712K), 0.0004760 secs] [Times: user=0.00 sys=0.00, real=0.00 secs] 
90.583: Total time for which application threads were stopped: 0.0006150 seconds, Stopping threads took: 0.0000580 seconds
90.656: Application time: 0.0730520 seconds
90.656: [GC [PSYoungGen: 14352K->480K(15872K)] 25488K->11616K(51712K), 0.0004930 secs] [Times: user=0.00 sys=0.00, real=0.00 secs] 
90.656: Total time for which application threads were stopped: 0.0006620 seconds, Stopping threads took: 0.0000970 seconds
90.729: Application time: 0.0730720 seconds
90.733: [GC [PSYoungGen: 14304K->512K(15872K)] 25440K->11648K(51712K), 0.0005270 secs] [Times: user=0.00 sys=0.00, real=0.00 secs] 
90.734: Total time for which application threads were stopped: 0.0046180 seconds, Stopping threads took: 0.0040200 seconds
90.807: Application time: 0.0730220 seconds
90.807: [GC [PSYoungGen: 14336K->496K(15872K)] 25472K->11632K(51712K), 0.0004960 secs] [Times: user=0.00 sys=0.00, real=0.00 secs] 
90.808: Total time for which application threads were stopped: 0.0006200 seconds, Stopping threads took: 0.0000530 seconds
90.881: Application time: 0.0732910 seconds
90.881: [GC [PSYoungGen: 14320K->512K(15872K)] 25456K->11648K(51712K), 0.0005310 secs] [Times: user=0.00 sys=0.00, real=0.00 secs] 
90.882: Total time for which application threads were stopped: 0.0006560 seconds, Stopping threads took: 0.0000520 seconds
90.956: Application time: 0.0741950 seconds
90.956: [GC [PSYoungGen: 14336K->480K(15872K)] 25472K->11616K(51712K), 0.0004740 secs] [Times: user=0.00 sys=0.00, real=0.00 secs] 
90.956: Total time for which application threads were stopped: 0.0005910 seconds, Stopping threads took: 0.0000490 seconds
91.030: Application time: 0.0733060 seconds
91.030: [GC [PSYoungGen: 14304K->528K(15872K)] 25440K->11680K(51712K), 0.0005050 secs] [Times: user=0.00 sys=0.00, real=0.00 secs] 
91.030: Total time for which application threads were stopped: 0.0006290 seconds, Stopping threads took: 0.0000520 seconds
91.105: Application time: 0.0742790 seconds
91.105: [GC [PSYoungGen: 14352K->512K(15872K)] 25504K->11672K(51712K), 0.0005690 secs] [Times: user=0.00 sys=0.00, real=0.01 secs] 
91.106: Total time for which application threads were stopped: 0.0017420 seconds, Stopping threads took: 0.0000560 seconds
91.180: Application time: 0.0739120 seconds
91.180: [GC [PSYoungGen: 14336K->512K(15872K)] 25496K->11688K(51712K), 0.0005170 secs] [Times: user=0.00 sys=0.00, real=0.00 secs] 
91.181: Total time for which application threads were stopped: 0.0006430 seconds, Stopping threads took: 0.0000580 seconds
91.255: Application time: 0.0739010 seconds
91.255: [GC [PSYoungGen: 14336K->528K(15872K)] 25512K->11712K(51712K), 0.0005170 secs] [Times: user=0.00 sys=0.00, real=0.00 secs] 
91.255: Total time for which application threads were stopped: 0.0006560 seconds, Stopping threads took: 0.0000640 seconds
91.329: Application time: 0.0739410 seconds
91.329: [GC [PSYoungGen: 14352K->496K(15872K)] 25536K->11688K(51712K), 0.0005070 secs] [Times: user=0.00 sys=0.00, real=0.00 secs] 
91.330: Total time for which application threads were stopped: 0.0006390 seconds, Stopping threads took: 0.0000570 seconds
91.403: Application time: 0.0725740 seconds
91.403: [GC [PSYoungGen: 14320K->512K(15872K)] 25512K->11704K(51712K), 0.0004750 secs] [Times: user=0.00 sys=0.00, real=0.00 secs] 
91.403: Total time for which application threads were stopped: 0.0006030 seconds, Stopping threads took: 0.0000580 seconds
91.477: Application time: 0.0736110 seconds
91.477: [GC [PSYoungGen: 14336K->528K(15872K)] 25528K->11720K(51712K), 0.0005410 secs] [Times: user=0.00 sys=0.00, real=0.00 secs] 
91.477: Total time for which application threads were stopped: 0.0006750 seconds, Stopping threads took: 0.0000650 seconds
91.550: Application time: 0.0725710 seconds
91.550: [GC [PSYoungGen: 14352K->512K(15872K)] 25544K->11704K(51712K), 0.0005380 secs] [Times: user=0.00 sys=0.00, real=0.00 secs] 
91.551: Total time for which application threads were stopped: 0.0006710 seconds, Stopping threads took: 0.0000580 seconds
91.624: Application time: 0.0732270 seconds
91.624: [GC [PSYoungGen: 14336K->528K(15872K)] 25528K->11720K(51712K), 0.0005380 secs] [Times: user=0.01 sys=0.00, real=0.00 secs] 
91.625: Total time for which application threads were stopped: 0.0006770 seconds, Stopping threads took: 0.0000540 seconds
91.699: Application time: 0.0743420 seconds
91.699: [GC [PSYoungGen: 14352K->528K(15872K)] 25544K->11720K(51712K), 0.0004670 secs] [Times: user=0.00 sys=0.00, real=0.00 secs] 
91.700: Total time for which application threads were stopped: 0.0005840 seconds, Stopping threads took: 0.0000480 seconds
91.774: Application time: 0.0739880 seconds
91.774: [GC [PSYoungGen: 14352K->512K(15872K)] 25544K->11720K(51712K), 0.0005470 secs] [Times: user=0.00 sys=0.00, real=0.00 secs] 
91.774: Total time for which application threads were stopped: 0.0006700 seconds, Stopping threads took: 0.0000550 seconds
91.848: Application time: 0.0740550 seconds
91.848: [GC [PSYoungGen: 14336K->544K(15872K)] 25544K->11768K(51712K), 0.0005400 secs] [Times: user=0.01 sys=0.00, real=0.00 secs] 
91.849: Total time for which application threads were stopped: 0.0006660 seconds, Stopping threads took: 0.0000520 seconds
91.923: Application time: 0.0742230 seconds
91.923: [GC [PSYoungGen: 14368K->512K(15872K)] 25592K->11752K(51712K), 0.0005510 secs] [Times: user=0.00 sys=0.00, real=0.00 secs] 
91.924: Total time for which application threads were stopped: 0.0006880 seconds, Stopping threads took: 0.0000650 seconds
91.998: Application time: 0.0738720 seconds
91.998: [GC [PSYoungGen: 14336K->512K(15872K)] 25576K->11768K(51712K), 0.0005120 secs] [Times: user=0.01 sys=0.00, real=0.00 secs] 
91.998: Total time for which application threads were stopped: 0.0006380 seconds, Stopping threads took: 0.0000540 seconds
92.080: Application time: 0.0815680 seconds
92.080: [GC [PSYoungGen: 14336K->528K(15872K)] 25592K->11800K(51712K), 0.0005310 secs] [Times: user=0.00 sys=0.00, real=0.00 secs] 
92.081: Total time for which application threads were stopped: 0.0006670 seconds, Stopping threads took: 0.0000630 seconds
92.161: Application time: 0.0803450 seconds
92.161: [GC [PSYoungGen: 14352K->512K(15872K)] 25624K->11784K(51712K), 0.0005520 secs] [Times: user=0.01 sys=0.00, real=0.00 secs] 
92.162: Total time for which application threads were stopped: 0.0007010 seconds, Stopping threads took: 0.0000550 seconds
92.242: Application time: 0.0806860 seconds
92.243: [GC [PSYoungGen: 14336K->528K(15872K)] 25608K->11800K(51712K), 0.0005790 secs] [Times: user=0.00 sys=0.00, real=0.00 secs] 
92.244: Total time for which application threads were stopped: 0.0016190 seconds, Stopping threads took: 0.0009600 seconds
92.324: Application time: 0.0803040 seconds
92.324: [GC [PSYoungGen: 14352K->528K(15872K)] 25624K->11800K(51712K), 0.0005580 secs] [Times: user=0.00 sys=0.00, real=0.00 secs] 
92.325: Total time for which application threads were stopped: 0.0007030 seconds, Stopping threads took: 0.0000700 seconds
92.405: Application time: 0.0800980 seconds
92.405: [GC [PSYoungGen: 14352K->480K(15872K)] 25624K->11752K(51712K), 0.0005430 secs] [Times: user=0.00 sys=0.00, real=0.01 secs] 
92.406: Total time for which application threads were stopped: 0.0006680 seconds, Stopping threads took: 0.0000520 seconds
92.487: Application time: 0.0807980 seconds
92.487: [GC [PSYoungGen: 14304K->496K(15872K)] 25576K->11768K(51712K), 0.0005040 secs] [Times: user=0.00 sys=0.00, real=0.00 secs] 
92.487: Total time for which application threads were stopped: 0.0006300 seconds, Stopping threads took: 0.0000560 seconds
92.569: Application time: 0.0815840 seconds
92.569: [GC [PSYoungGen: 14320K->544K(15872K)] 25592K->11840K(51712K), 0.0005200 secs] [Times: user=0.00 sys=0.00, real=0.00 secs] 
92.569: Total time for which application threads were stopped: 0.0006670 seconds, Stopping threads took: 0.0000710 seconds
92.651: Application time: 0.0813890 seconds
92.651: [GC [PSYoungGen: 14368K->528K(15872K)] 25664K->11840K(51712K), 0.0005190 secs] [Times: user=0.00 sys=0.00, real=0.00 secs] 
92.651: Total time for which application threads were stopped: 0.0006690 seconds, Stopping threads took: 0.0000690 seconds
92.733: Application time: 0.0813480 seconds
92.733: [GC [PSYoungGen: 14352K->496K(15872K)] 25664K->11816K(51712K), 0.0005480 secs] [Times: user=0.00 sys=0.00, real=0.01 secs] 
92.734: Total time for which application threads were stopped: 0.0006830 seconds, Stopping threads took: 0.0000500 seconds
92.815: Application time: 0.0815550 seconds
92.815: [GC [PSYoungGen: 14320K->544K(15872K)] 25640K->11880K(51712K), 0.0005150 secs] [Times: user=0.00 sys=0.00, real=0.00 secs] 
92.816: Total time for which application threads were stopped: 0.0006420 seconds, Stopping threads took: 0.0000530 seconds
92.897: Application time: 0.0809390 seconds
92.897: [GC [PSYoungGen: 14368K->528K(15872K)] 25704K->11888K(51712K), 0.0005270 secs] [Times: user=0.00 sys=0.00, real=0.00 secs] 
92.897: Total time for which application threads were stopped: 0.0006640 seconds, Stopping threads took: 0.0000580 seconds
92.978: Application time: 0.0810600 seconds
92.981: [GC [PSYoungGen: 14352K->512K(15872K)] 25712K->11872K(51712K), 0.0004960 secs] [Times: user=0.00 sys=0.00, real=0.00 secs] 
92.982: Total time for which application threads were stopped: 0.0035330 seconds, Stopping threads took: 0.0029650 seconds
93.062: Application time: 0.0803930 seconds
93.062: [GC [PSYoungGen: 14336K->512K(15872K)] 25696K->11872K(51712K), 0.0005280 secs] [Times: user=0.00 sys=0.00, real=0.00 secs] 
93.063: Total time for which application threads were stopped: 0.0006560 seconds, Stopping threads took: 0.0000530 seconds
93.143: Application time: 0.0802710 seconds
93.143: [GC [PSYoungGen: 14336K->544K(15872K)] 25696K->11904K(51712K), 0.0004920 secs] [Times: user=0.00 sys=0.00, real=0.00 secs] 
93.144: Total time for which application threads were stopped: 0.0006220 seconds, Stopping threads took: 0.0000600 seconds
93.225: Application time: 0.0812810 seconds
93.225: [GC [PSYoungGen: 14368K->496K(15872K)] 25728K->11856K(51712K), 0.0005420 secs] [Times: user=0.00 sys=0.00, real=0.01 secs] 
93.226: Total time for which application threads were stopped: 0.0006650 seconds, Stopping threads took: 0.0000500 seconds
93.306: Application time: 0.0806320 seconds
93.307: [GC [PSYoungGen: 14320K->496K(15872K)] 25680K->11856K(51712K), 0.0005020 secs] [Times: user=0.00 sys=0.00, real=0.00 secs] 
93.307: Total time for which application threads were stopped: 0.0006570 seconds, Stopping threads took: 0.0000670 seconds
93.389: Application time: 0.0816210 seconds
93.389: [GC [PSYoungGen: 14320K->512K(15872K)] 25680K->11888K(51712K), 0.0005280 secs] [Times: user=0.00 sys=0.00, real=0.00 secs] 
93.389: Total time for which application threads were stopped: 0.0006670 seconds, Stopping threads took: 0.0000610 seconds
93.471: Application time: 0.0813950 seconds
93.471: [GC [PSYoungGen: 14336K->480K(15872K)] 25712K->11872K(51712K), 0.0004910 secs] [Times: user=0.00 sys=0.00, real=0.00 secs] 
93.471: Total time for which application threads were stopped: 0.0006150 seconds, Stopping threads took: 0.0000610 seconds
93.553: Application time: 0.0813930 seconds
93.553: [GC [PSYoungGen: 14304K->496K(15872K)] 25696K->11904K(51712K), 0.0005500 secs] [Times: user=0.00 sys=0.00, real=0.01 secs] 
93.553: Total time for which application threads were stopped: 0.0006790 seconds, Stopping threads took: 0.0000530 seconds
93.635: Application time: 0.0811740 seconds
93.635: [GC [PSYoungGen: 14320K->464K(15872K)] 25728K->11896K(51712K), 0.0006410 secs] [Times: user=0.00 sys=0.01, real=0.00 secs] 
93.635: Total time for which application threads were stopped: 0.0007700 seconds, Stopping threads took: 0.0000530 seconds
93.717: Application time: 0.0812980 seconds
93.717: [GC [PSYoungGen: 14288K->512K(15872K)] 25720K->11968K(51712K), 0.0005480 secs] [Times: user=0.00 sys=0.00, real=0.00 secs] 
93.717: Total time for which application threads were stopped: 0.0006780 seconds, Stopping threads took: 0.0000570 seconds
93.799: Application time: 0.0812180 seconds
93.799: [GC [PSYoungGen: 14336K->544K(15872K)] 25792K->12000K(51712K), 0.0005140 secs] [Times: user=0.00 sys=0.00, real=0.00 secs] 
93.799: Total time for which application threads were stopped: 0.0006440 seconds, Stopping threads took: 0.0000570 seconds
93.880: Application time: 0.0806290 seconds
93.880: [GC [PSYoungGen: 14368K->496K(15872K)] 25824K->11952K(51712K), 0.0005200 secs] [Times: user=0.00 sys=0.00, real=0.00 secs] 
93.881: Total time for which application threads were stopped: 0.0006700 seconds, Stopping threads took: 0.0000650 seconds
93.960: Application time: 0.0798040 seconds
93.960: [GC [PSYoungGen: 14320K->512K(15872K)] 25776K->11968K(51712K), 0.0005620 secs] [Times: user=0.00 sys=0.00, real=0.00 secs] 
93.961: Total time for which application threads were stopped: 0.0006950 seconds, Stopping threads took: 0.0000580 seconds
94.042: Application time: 0.0809330 seconds
94.042: [GC [PSYoungGen: 14336K->512K(15872K)] 25792K->11968K(51712K), 0.0005260 secs] [Times: user=0.00 sys=0.00, real=0.00 secs] 
94.043: Total time for which application threads were stopped: 0.0006570 seconds, Stopping threads took: 0.0000610 seconds
94.124: Application time: 0.0810770 seconds
94.124: [GC [PSYoungGen: 14336K->496K(15872K)] 25792K->11952K(51712K), 0.0005480 secs] [Times: user=0.00 sys=0.00, real=0.00 secs] 
94.124: Total time for which application threads were stopped: 0.0006870 seconds, Stopping threads took: 0.0000600 seconds
94.206: Application time: 0.0811080 seconds
94.206: [GC [PSYoungGen: 14320K->464K(15872K)] 25776K->11936K(51712K), 0.0005680 secs] [Times: user=0.00 sys=0.00, real=0.00 secs] 
94.206: Total time for which application threads were stopped: 0.0007110 seconds, Stopping threads took: 0.0000650 seconds
94.288: Application time: 0.0812580 seconds
94.288: [GC [PSYoungGen: 14288K->496K(15872K)] 25760K->11984K(51712K), 0.0005370 secs] [Times: user=0.00 sys=0.00, real=0.00 secs] 
94.288: Total time for which application threads were stopped: 0.0006780 seconds, Stopping threads took: 0.0000660 seconds
94.369: Application time: 0.0811510 seconds
94.369: [GC [PSYoungGen: 14320K->544K(15872K)] 25808K->12048K(51712K), 0.0005790 secs] [Times: user=0.00 sys=0.00, real=0.00 secs] 
94.370: Total time for which application threads were stopped: 0.0007020 seconds, Stopping threads took: 0.0000520 seconds
94.451: Application time: 0.0809820 seconds
94.451: [GC [PSYoungGen: 14368K->480K(15872K)] 25872K->12000K(51712K), 0.0005570 secs] [Times: user=0.01 sys=0.00, real=0.00 secs] 
94.452: Total time for which application threads were stopped: 0.0007120 seconds, Stopping threads took: 0.0000670 seconds
94.533: Application time: 0.0813630 seconds
94.533: [GC [PSYoungGen: 14304K->528K(15872K)] 25824K->12056K(51712K), 0.0005340 secs] [Times: user=0.01 sys=0.00, real=0.01 secs] 
94.534: Total time for which application threads were stopped: 0.0006730 seconds, Stopping threads took: 0.0000540 seconds
94.615: Application time: 0.0816630 seconds
94.616: [GC [PSYoungGen: 14352K->464K(15872K)] 25880K->11992K(51712K), 0.0005470 secs] [Times: user=0.00 sys=0.00, real=0.00 secs] 
94.616: Total time for which application threads were stopped: 0.0006720 seconds, Stopping threads took: 0.0000480 seconds
94.698: Application time: 0.0816290 seconds
94.698: [GC [PSYoungGen: 14288K->512K(15872K)] 25816K->12040K(51712K), 0.0004950 secs] [Times: user=0.00 sys=0.00, real=0.00 secs] 
94.698: Total time for which application threads were stopped: 0.0006100 seconds, Stopping threads took: 0.0000450 seconds
94.778: Application time: 0.0799410 seconds
94.778: [GC [PSYoungGen: 14336K->496K(15872K)] 25864K->12024K(51712K), 0.0005540 secs] [Times: user=0.01 sys=0.00, real=0.00 secs] 
94.779: Total time for which application threads were stopped: 0.0007040 seconds, Stopping threads took: 0.0000750 seconds
94.860: Application time: 0.0809460 seconds
94.860: [GC [PSYoungGen: 14320K->512K(15872K)] 25848K->12040K(51712K), 0.0005320 secs] [Times: user=0.01 sys=0.00, real=0.00 secs] 
94.861: Total time for which application threads were stopped: 0.0006620 seconds, Stopping threads took: 0.0000530 seconds
94.941: Application time: 0.0805200 seconds
94.941: [GC [PSYoungGen: 14336K->464K(15872K)] 25864K->11992K(51712K), 0.0005410 secs] [Times: user=0.00 sys=0.00, real=0.00 secs] 
94.942: Total time for which application threads were stopped: 0.0006850 seconds, Stopping threads took: 0.0000670 seconds
95.022: Application time: 0.0804420 seconds
95.022: [GC [PSYoungGen: 14288K->496K(15872K)] 25816K->12024K(51712K), 0.0005120 secs] [Times: user=0.00 sys=0.00, real=0.00 secs] 
95.023: Total time for which application threads were stopped: 0.0006630 seconds, Stopping threads took: 0.0000700 seconds
95.104: Application time: 0.0807870 seconds
95.104: [GC [PSYoungGen: 14320K->512K(15872K)] 25848K->12056K(51712K), 0.0005040 secs] [Times: user=0.00 sys=0.00, real=0.00 secs] 
95.104: Total time for which application threads were stopped: 0.0006290 seconds, Stopping threads took: 0.0000540 seconds
95.186: Application time: 0.0814420 seconds
95.189: [GC [PSYoungGen: 14336K->496K(15872K)] 25880K->12056K(51712K), 0.0005290 secs] [Times: user=0.01 sys=0.00, real=0.00 secs] 
95.190: Total time for which application threads were stopped: 0.0041410 seconds, Stopping threads took: 0.0035370 seconds
95.272: Application time: 0.0815800 seconds
95.272: [GC [PSYoungGen: 14320K->512K(15872K)] 25880K->12088K(51712K), 0.0005770 secs] [Times: user=0.00 sys=0.00, real=0.00 secs] 
95.272: Total time for which application threads were stopped: 0.0007070 seconds, Stopping threads took: 0.0000570 seconds
95.353: Application time: 0.0807730 seconds
95.353: [GC [PSYoungGen: 14336K->528K(15872K)] 25912K->12120K(51712K), 0.0005400 secs] [Times: user=0.00 sys=0.00, real=0.01 secs] 
95.354: Total time for which application threads were stopped: 0.0006610 seconds, Stopping threads took: 0.0000450 seconds
95.435: Application time: 0.0816010 seconds
95.435: [GC [PSYoungGen: 14352K->528K(15872K)] 25944K->12128K(51712K), 0.0005730 secs] [Times: user=0.00 sys=0.00, real=0.00 secs] 
95.436: Total time for which application threads were stopped: 0.0007050 seconds, Stopping threads took: 0.0000520 seconds
95.516: Application time: 0.0803050 seconds
95.516: [GC [PSYoungGen: 14352K->512K(15872K)] 25952K->12112K(51712K), 0.0004860 secs] [Times: user=0.00 sys=0.00, real=0.00 secs] 
95.517: Total time for which application threads were stopped: 0.0006310 seconds, Stopping threads took: 0.0000640 seconds
95.598: Application time: 0.0806650 seconds
95.601: [GC [PSYoungGen: 14336K->480K(15872K)] 25936K->12080K(51712K), 0.0006330 secs] [Times: user=0.00 sys=0.01, real=0.00 secs] 
95.602: Total time for which application threads were stopped: 0.0044410 seconds, Stopping threads took: 0.0037220 seconds
95.682: Application time: 0.0795780 seconds
95.682: [GC [PSYoungGen: 14304K->512K(15872K)] 25904K->12112K(51712K), 0.0005150 secs] [Times: user=0.00 sys=0.00, real=0.00 secs] 
95.682: Total time for which application threads were stopped: 0.0006490 seconds, Stopping threads took: 0.0000580 seconds
95.763: Application time: 0.0803600 seconds
95.763: [GC [PSYoungGen: 14336K->544K(15872K)] 25936K->12144K(51712K), 0.0005030 secs] [Times: user=0.00 sys=0.00, real=0.00 secs] 
95.763: Total time for which application threads were stopped: 0.0006490 seconds, Stopping threads took: 0.0000660 seconds
95.844: Application time: 0.0810940 seconds
95.844: [GC [PSYoungGen: 14368K->528K(15872K)] 25968K->12128K(51712K), 0.0005570 secs] [Times: user=0.00 sys=0.00, real=0.00 secs] 
95.845: Total time for which application threads were stopped: 0.0006930 seconds, Stopping threads took: 0.0000580 seconds
95.926: Application time: 0.0813050 seconds
95.927: [GC [PSYoungGen: 14352K->496K(15872K)] 25952K->12112K(51712K), 0.0005930 secs] [Times: user=0.01 sys=0.00, real=0.00 secs] 
95.927: Total time for which application threads were stopped: 0.0007300 seconds, Stopping threads took: 0.0000650 seconds
96.006: Application time: 0.0793770 seconds
96.007: [GC [PSYoungGen: 14320K->448K(15872K)] 25936K->12080K(51712K), 0.0004780 secs] [Times: user=0.00 sys=0.00, real=0.00 secs] 
96.007: Total time for which application threads were stopped: 0.0005960 seconds, Stopping threads took: 0.0000490 seconds
96.081: Application time: 0.0737480 seconds
96.081: [GC [PSYoungGen: 14272K->496K(15872K)] 25904K->12136K(51712K), 0.0005560 secs] [Times: user=0.00 sys=0.00, real=0.00 secs] 
96.082: Total time for which application threads were stopped: 0.0006810 seconds, Stopping threads took: 0.0000560 seconds
96.155: Application time: 0.0737250 seconds
96.155: [GC [PSYoungGen: 14320K->496K(15872K)] 25960K->12144K(51712K), 0.0006060 secs] [Times: user=0.00 sys=0.00, real=0.00 secs] 
96.157: Total time for which application threads were stopped: 0.0016360 seconds, Stopping threads took: 0.0000520 seconds
96.232: Application time: 0.0750520 seconds
96.232: [GC [PSYoungGen: 14320K->512K(15872K)] 25968K->12176K(51712K), 0.0005310 secs] [Times: user=0.00 sys=0.00, real=0.00 secs] 
96.233: Total time for which application threads were stopped: 0.0006550 seconds, Stopping threads took: 0.0000570 seconds
96.306: Application time: 0.0733180 seconds
96.306: [GC [PSYoungGen: 14336K->496K(15872K)] 26000K->12160K(51712K), 0.0005010 secs] [Times: user=0.00 sys=0.00, real=0.00 secs] 
96.307: Total time for which application threads were stopped: 0.0006250 seconds, Stopping threads took: 0.0000520 seconds
96.380: Application time: 0.0732990 seconds
96.380: [GC [PSYoungGen: 14320K->512K(15872K)] 25984K->12176K(51712K), 0.0005300 secs] [Times: user=0.00 sys=0.00, real=0.00 secs] 
96.381: Total time for which application threads were stopped: 0.0006580 seconds, Stopping threads took: 0.0000570 seconds
96.453: Application time: 0.0729200 seconds
96.457: [GC [PSYoungGen: 14336K->544K(15872K)] 26000K->12208K(51712K), 0.0005490 secs] [Times: user=0.01 sys=0.00, real=0.00 secs] 
96.458: Total time for which application threads were stopped: 0.0045310 seconds, Stopping threads took: 0.0039080 seconds
96.532: Application time: 0.0737420 seconds
96.532: [GC [PSYoungGen: 14368K->528K(15872K)] 26032K->12192K(51712K), 0.0005050 secs] [Times: user=0.00 sys=0.00, real=0.00 secs] 
96.532: Total time for which application threads were stopped: 0.0006400 seconds, Stopping threads took: 0.0000670 seconds
96.606: Application time: 0.0733390 seconds
96.606: [GC [PSYoungGen: 14352K->528K(15872K)] 26016K->12192K(51712K), 0.0005320 secs] [Times: user=0.00 sys=0.00, real=0.00 secs] 
96.606: Total time for which application threads were stopped: 0.0006610 seconds, Stopping threads took: 0.0000480 seconds
96.681: Application time: 0.0742420 seconds
96.681: [GC [PSYoungGen: 14352K->512K(15872K)] 26016K->12184K(51712K), 0.0004940 secs] [Times: user=0.00 sys=0.00, real=0.00 secs] 
96.681: Total time for which application threads were stopped: 0.0006330 seconds, Stopping threads took: 0.0000510 seconds
96.755: Application time: 0.0736070 seconds
96.755: [GC [PSYoungGen: 14336K->512K(15872K)] 26008K->12192K(51712K), 0.0005120 secs] [Times: user=0.00 sys=0.00, real=0.00 secs] 
96.755: Total time for which application threads were stopped: 0.0006500 seconds, Stopping threads took: 0.0000620 seconds
96.830: Application time: 0.0745390 seconds
96.830: [GC [PSYoungGen: 14336K->528K(15872K)] 26016K->12224K(51712K), 0.0005270 secs] [Times: user=0.00 sys=0.00, real=0.00 secs] 
96.831: Total time for which application threads were stopped: 0.0006570 seconds, Stopping threads took: 0.0000550 seconds
96.904: Application time: 0.0732730 seconds
96.904: [GC [PSYoungGen: 14352K->560K(15872K)] 26048K->12272K(51712K), 0.0004780 secs] [Times: user=0.00 sys=0.00, real=0.00 secs] 
96.905: Total time for which application threads were stopped: 0.0006080 seconds, Stopping threads took: 0.0000550 seconds
96.979: Application time: 0.0739970 seconds
96.979: [GC [PSYoungGen: 14384K->512K(15872K)] 26096K->12232K(51712K), 0.0005130 secs] [Times: user=0.00 sys=0.00, real=0.00 secs] 
96.979: Total time for which application threads were stopped: 0.0006450 seconds, Stopping threads took: 0.0000590 seconds
97.053: Application time: 0.0740180 seconds
97.053: [GC [PSYoungGen: 14336K->512K(15872K)] 26056K->12232K(51712K), 0.0005230 secs] [Times: user=0.00 sys=0.00, real=0.00 secs] 
97.054: Total time for which application threads were stopped: 0.0006660 seconds, Stopping threads took: 0.0000670 seconds
97.126: Application time: 0.0725570 seconds
97.127: [GC [PSYoungGen: 14336K->512K(15872K)] 26056K->12232K(51712K), 0.0004870 secs] [Times: user=0.00 sys=0.00, real=0.00 secs] 
97.127: Total time for which application threads were stopped: 0.0006270 seconds, Stopping threads took: 0.0000620 seconds
97.200: Application time: 0.0731620 seconds
97.200: [GC [PSYoungGen: 14336K->464K(15872K)] 26056K->12184K(51712K), 0.0005070 secs] [Times: user=0.00 sys=0.00, real=0.00 secs] 
97.201: Total time for which application threads were stopped: 0.0006580 seconds, Stopping threads took: 0.0000630 seconds
97.275: Application time: 0.0743190 seconds
97.275: [GC [PSYoungGen: 14288K->496K(15872K)] 26008K->12216K(51712K), 0.0004820 secs] [Times: user=0.00 sys=0.00, real=0.00 secs] 
97.276: Total time for which application threads were stopped: 0.0006150 seconds, Stopping threads took: 0.0000630 seconds
97.348: Application time: 0.0725830 seconds
97.349: [GC [PSYoungGen: 14320K->496K(15872K)] 26040K->12216K(51712K), 0.0004630 secs] [Times: user=0.01 sys=0.00, real=0.00 secs] 
97.349: Total time for which application threads were stopped: 0.0005990 seconds, Stopping threads took: 0.0000620 seconds
97.423: Application time: 0.0737980 seconds
97.423: [GC [PSYoungGen: 14320K->544K(15872K)] 26040K->12280K(51712K), 0.0004700 secs] [Times: user=0.00 sys=0.00, real=0.00 secs] 
97.423: Total time for which application threads were stopped: 0.0006060 seconds, Stopping threads took: 0.0000630 seconds
97.497: Application time: 0.0738410 seconds
97.497: [GC [PSYoungGen: 14368K->512K(15872K)] 26104K->12264K(51712K), 0.0006000 secs] [Times: user=0.00 sys=0.00, real=0.00 secs] 
97.498: Total time for which application threads were stopped: 0.0007220 seconds, Stopping threads took: 0.0000500 seconds
97.572: Application time: 0.0736960 seconds
97.572: [GC [PSYoungGen: 14336K->512K(15872K)] 26088K->12280K(51712K), 0.0004990 secs] [Times: user=0.00 sys=0.00, real=0.00 secs] 
97.572: Total time for which application threads were stopped: 0.0006320 seconds, Stopping threads took: 0.0000570 seconds
97.647: Application time: 0.0742860 seconds
97.647: [GC [PSYoungGen: 14336K->512K(15872K)] 26104K->12296K(51712K), 0.0005020 secs] [Times: user=0.01 sys=0.00, real=0.00 secs] 
97.647: Total time for which application threads were stopped: 0.0006350 seconds, Stopping threads took: 0.0000600 seconds
97.722: Application time: 0.0749380 seconds
97.722: [GC [PSYoungGen: 14336K->544K(15872K)] 26120K->12344K(51712K), 0.0005310 secs] [Times: user=0.00 sys=0.00, real=0.00 secs] 
97.723: Total time for which application threads were stopped: 0.0006640 seconds, Stopping threads took: 0.0000520 seconds
97.797: Application time: 0.0743710 seconds
97.797: [GC [PSYoungGen: 14368K->512K(15872K)] 26168K->12312K(51712K), 0.0005210 secs] [Times: user=0.01 sys=0.00, real=0.00 secs] 
97.798: Total time for which application threads were stopped: 0.0006520 seconds, Stopping threads took: 0.0000560 seconds
97.870: Application time: 0.0724910 seconds
97.871: [GC [PSYoungGen: 14336K->528K(15872K)] 26136K->12328K(51712K), 0.0004840 secs] [Times: user=0.00 sys=0.00, real=0.00 secs] 
97.871: Total time for which application threads were stopped: 0.0006160 seconds, Stopping threads took: 0.0000580 seconds
97.944: Application time: 0.0731860 seconds
97.944: [GC [PSYoungGen: 14352K->496K(15872K)] 26152K->12296K(51712K), 0.0005170 secs] [Times: user=0.01 sys=0.00, real=0.00 secs] 
97.945: Total time for which application threads were stopped: 0.0006360 seconds, Stopping threads took: 0.0000450 seconds
98.018: Application time: 0.0732090 seconds
98.018: [GC [PSYoungGen: 14320K->512K(15872K)] 26120K->12312K(51712K), 0.0004980 secs] [Times: user=0.00 sys=0.00, real=0.00 secs] 
98.019: Total time for which application threads were stopped: 0.0006310 seconds, Stopping threads took: 0.0000610 seconds
98.092: Application time: 0.0730300 seconds
98.092: [GC [PSYoungGen: 14336K->544K(15872K)] 26136K->12344K(51712K), 0.0004980 secs] [Times: user=0.01 sys=0.00, real=0.00 secs] 
98.092: Total time for which application threads were stopped: 0.0006320 seconds, Stopping threads took: 0.0000610 seconds
98.167: Application time: 0.0742250 seconds
98.167: [GC [PSYoungGen: 14368K->496K(15872K)] 26168K->12296K(51712K), 0.0005260 secs] [Times: user=0.00 sys=0.00, real=0.00 secs] 
98.167: Total time for which application threads were stopped: 0.0006590 seconds, Stopping threads took: 0.0000590 seconds
98.241: Application time: 0.0734270 seconds
98.241: [GC [PSYoungGen: 14320K->480K(15872K)] 26120K->12288K(51712K), 0.0004970 secs] [Times: user=0.01 sys=0.00, real=0.00 secs] 
98.241: Total time for which application threads were stopped: 0.0006390 seconds, Stopping threads took: 0.0000550 seconds
98.315: Application time: 0.0741330 seconds
98.316: [GC [PSYoungGen: 14304K->496K(15872K)] 26112K->12312K(51712K), 0.0005510 secs] [Times: user=0.01 sys=0.00, real=0.00 secs] 
98.316: Total time for which application threads were stopped: 0.0006950 seconds, Stopping threads took: 0.0000670 seconds
98.390: Application time: 0.0742150 seconds
98.390: [GC [PSYoungGen: 14320K->560K(15872K)] 26136K->12384K(51712K), 0.0005310 secs] [Times: user=0.00 sys=0.00, real=0.00 secs] 
98.391: Total time for which application threads were stopped: 0.0006700 seconds, Stopping threads took: 0.0000630 seconds
98.465: Application time: 0.0740770 seconds
98.465: [GC [PSYoungGen: 14384K->448K(15872K)] 26208K->12288K(51712K), 0.0005510 secs] [Times: user=0.00 sys=0.00, real=0.01 secs] 
98.466: Total time for which application threads were stopped: 0.0006870 seconds, Stopping threads took: 0.0000600 seconds
98.540: Application time: 0.0737210 seconds
98.540: [GC [PSYoungGen: 14272K->528K(15872K)] 26112K->12368K(51712K), 0.0004740 secs] [Times: user=0.00 sys=0.00, real=0.00 secs] 
98.540: Total time for which application threads were stopped: 0.0006090 seconds, Stopping threads took: 0.0000610 seconds
98.613: Application time: 0.0730730 seconds
98.613: [GC [PSYoungGen: 14352K->512K(15872K)] 26192K->12352K(51712K), 0.0005140 secs] [Times: user=0.01 sys=0.00, real=0.00 secs] 
98.614: Total time for which application threads were stopped: 0.0006460 seconds, Stopping threads took: 0.0000530 seconds
98.686: Application time: 0.0725680 seconds
98.687: [GC [PSYoungGen: 14336K->512K(15872K)] 26176K->12352K(51712K), 0.0004840 secs] [Times: user=0.00 sys=0.00, real=0.00 secs] 
98.687: Total time for which application threads were stopped: 0.0006070 seconds, Stopping threads took: 0.0000530 seconds
98.760: Application time: 0.0732090 seconds
98.760: [GC [PSYoungGen: 14336K->512K(15872K)] 26176K->12352K(51712K), 0.0005380 secs] [Times: user=0.01 sys=0.00, real=0.00 secs] 
98.761: Total time for which application threads were stopped: 0.0006830 seconds, Stopping threads took: 0.0000590 seconds
98.835: Application time: 0.0741490 seconds
98.835: [GC [PSYoungGen: 14336K->512K(15872K)] 26176K->12352K(51712K), 0.0005400 secs] [Times: user=0.00 sys=0.00, real=0.00 secs] 
98.836: Total time for which application threads were stopped: 0.0006720 seconds, Stopping threads took: 0.0000580 seconds
98.909: Application time: 0.0732940 seconds
98.909: [GC [PSYoungGen: 14336K->512K(15872K)] 26176K->12352K(51712K), 0.0004790 secs] [Times: user=0.00 sys=0.00, real=0.00 secs] 
98.910: Total time for which application threads were stopped: 0.0006090 seconds, Stopping threads took: 0.0000560 seconds
98.984: Application time: 0.0741350 seconds
98.984: [GC [PSYoungGen: 14336K->496K(15872K)] 26176K->12360K(51712K), 0.0005070 secs] [Times: user=0.01 sys=0.00, real=0.00 secs] 
98.984: Total time for which application threads were stopped: 0.0006420 seconds, Stopping threads took: 0.0000610 seconds
99.058: Application time: 0.0734150 seconds
99.058: [GC [PSYoungGen: 14320K->512K(15872K)] 26184K->12384K(51712K), 0.0005010 secs] [Times: user=0.01 sys=0.00, real=0.00 secs] 
99.058: Total time for which application threads were stopped: 0.0006310 seconds, Stopping threads took: 0.0000570 seconds
99.133: Application time: 0.0743170 seconds
99.133: [GC [PSYoungGen: 14336K->464K(15872K)] 26208K->12352K(51712K), 0.0005370 secs] [Times: user=0.00 sys=0.00, real=0.01 secs] 
99.133: Total time for which application threads were stopped: 0.0006680 seconds, Stopping threads took: 0.0000550 seconds
99.208: Application time: 0.0744860 seconds
99.209: [GC [PSYoungGen: 14288K->480K(15872K)] 26176K->12376K(51712K), 0.0005380 secs] [Times: user=0.00 sys=0.00, real=0.00 secs] 
99.210: Total time for which application threads were stopped: 0.0019880 seconds, Stopping threads took: 0.0013800 seconds
99.285: Application time: 0.0746890 seconds
99.285: [GC [PSYoungGen: 14304K->512K(15872K)] 26200K->12408K(51712K), 0.0004740 secs] [Times: user=0.00 sys=0.00, real=0.00 secs] 
99.285: Total time for which application threads were stopped: 0.0006130 seconds, Stopping threads took: 0.0000620 seconds
99.358: Application time: 0.0730650 seconds
99.358: [GC [PSYoungGen: 14336K->512K(15872K)] 26232K->12408K(51712K), 0.0005570 secs] [Times: user=0.00 sys=0.00, real=0.00 secs] 
99.359: Total time for which application threads were stopped: 0.0006840 seconds, Stopping threads took: 0.0000560 seconds
99.432: Application time: 0.0725860 seconds
99.432: [GC [PSYoungGen: 14336K->464K(15872K)] 26232K->12360K(51712K), 0.0005450 secs] [Times: user=0.00 sys=0.00, real=0.00 secs] 
99.432: Total time for which application threads were stopped: 0.0006720 seconds, Stopping threads took: 0.0000520 seconds
99.506: Application time: 0.0734260 seconds
99.506: [GC [PSYoungGen: 14288K->544K(15872K)] 26184K->12440K(51712K), 0.0004980 secs] [Times: user=0.00 sys=0.00, real=0.00 secs] 
99.506: Total time for which application threads were stopped: 0.0006280 seconds, Stopping threads took: 0.0000560 seconds
99.580: Application time: 0.0735490 seconds
99.580: [GC [PSYoungGen: 14368K->512K(15872K)] 26264K->12408K(51712K), 0.0005040 secs] [Times: user=0.00 sys=0.00, real=0.00 secs] 
99.581: Total time for which application threads were stopped: 0.0006390 seconds, Stopping threads took: 0.0000580 seconds
99.654: Application time: 0.0732360 seconds
99.654: [GC [PSYoungGen: 14336K->512K(15872K)] 26232K->12408K(51712K), 0.0005040 secs] [Times: user=0.00 sys=0.00, real=0.00 secs] 
99.654: Total time for which application threads were stopped: 0.0006560 seconds, Stopping threads took: 0.0000660 seconds
99.728: Application time: 0.0738480 seconds
99.728: [GC [PSYoungGen: 14336K->480K(15872K)] 26232K->12392K(51712K), 0.0005210 secs] [Times: user=0.00 sys=0.00, real=0.00 secs] 
99.729: Total time for which application threads were stopped: 0.0006630 seconds, Stopping threads took: 0.0000660 seconds
99.802: Application time: 0.0734750 seconds
99.803: [GC [PSYoungGen: 14304K->496K(15872K)] 26216K->12424K(51712K), 0.0004880 secs] [Times: user=0.00 sys=0.00, real=0.00 secs] 
99.803: Total time for which application threads were stopped: 0.0006300 seconds, Stopping threads took: 0.0000540 seconds
99.877: Application time: 0.0742650 seconds
99.877: [GC [PSYoungGen: 14320K->512K(15872K)] 26248K->12456K(51712K), 0.0004970 secs] [Times: user=0.00 sys=0.00, real=0.00 secs] 
99.878: Total time for which application threads were stopped: 0.0006310 seconds, Stopping threads took: 0.0000600 seconds
99.952: Application time: 0.0740950 seconds
99.952: [GC [PSYoungGen: 14336K->496K(15872K)] 26280K->12448K(51712K), 0.0005090 secs] [Times: user=0.00 sys=0.00, real=0.00 secs] 
99.953: Total time for which application threads were stopped: 0.0006390 seconds, Stopping threads took: 0.0000580 seconds
100.029: Application time: 0.0766560 seconds
100.029: [GC [PSYoungGen: 14320K->512K(15872K)] 26272K->12480K(51712K), 0.0005080 secs] [Times: user=0.01 sys=0.00, real=0.00 secs] 
100.030: Total time for which application threads were stopped: 0.0006450 seconds, Stopping threads took: 0.0000610 seconds
100.110: Application time: 0.0803360 seconds
100.110: [GC [PSYoungGen: 14336K->496K(15872K)] 26304K->12464K(51712K), 0.0004990 secs] [Times: user=0.00 sys=0.00, real=0.00 secs] 
100.111: Total time for which application threads were stopped: 0.0006280 seconds, Stopping threads took: 0.0000530 seconds
100.191: Application time: 0.0799350 seconds
100.191: [GC [PSYoungGen: 14320K->496K(15872K)] 26288K->12464K(51712K), 0.0005340 secs] [Times: user=0.00 sys=0.00, real=0.00 secs] 
100.192: Total time for which application threads were stopped: 0.0006760 seconds, Stopping threads took: 0.0000630 seconds
100.273: Application time: 0.0816920 seconds
100.273: [GC [PSYoungGen: 14320K->512K(15872K)] 26288K->12480K(51712K), 0.0005580 secs] [Times: user=0.01 sys=0.00, real=0.00 secs] 
100.274: Total time for which application threads were stopped: 0.0006820 seconds, Stopping threads took: 0.0000510 seconds
100.354: Application time: 0.0805100 seconds
100.357: [GC [PSYoungGen: 14336K->480K(15872K)] 26304K->12448K(51712K), 0.0005420 secs] [Times: user=0.00 sys=0.00, real=0.00 secs] 
100.358: Total time for which application threads were stopped: 0.0035500 seconds, Stopping threads took: 0.0029200 seconds
100.438: Application time: 0.0803350 seconds
100.438: [GC [PSYoungGen: 14304K->480K(15872K)] 26272K->12448K(51712K), 0.0005360 secs] [Times: user=0.00 sys=0.00, real=0.00 secs] 
100.439: Total time for which application threads were stopped: 0.0006730 seconds, Stopping threads took: 0.0000580 seconds
100.520: Application time: 0.0811290 seconds
100.520: [GC [PSYoungGen: 14304K->528K(15872K)] 26272K->12520K(51712K), 0.0005170 secs] [Times: user=0.00 sys=0.00, real=0.00 secs] 
100.521: Total time for which application threads were stopped: 0.0006510 seconds, Stopping threads took: 0.0000560 seconds
100.602: Application time: 0.0812690 seconds
100.602: [GC [PSYoungGen: 14352K->480K(15872K)] 26344K->12488K(51712K), 0.0005100 secs] [Times: user=0.00 sys=0.00, real=0.00 secs] 
100.603: Total time for which application threads were stopped: 0.0006380 seconds, Stopping threads took: 0.0000510 seconds
100.685: Application time: 0.0818170 seconds
100.685: [GC [PSYoungGen: 14304K->496K(15872K)] 26312K->12512K(51712K), 0.0005060 secs] [Times: user=0.00 sys=0.00, real=0.00 secs] 
100.685: Total time for which application threads were stopped: 0.0006480 seconds, Stopping threads took: 0.0000630 seconds
100.767: Application time: 0.0819660 seconds
100.767: [GC [PSYoungGen: 14320K->512K(15872K)] 26336K->12536K(51712K), 0.0005920 secs] [Times: user=0.00 sys=0.00, real=0.00 secs] 
100.768: Total time for which application threads were stopped: 0.0007340 seconds, Stopping threads took: 0.0000620 seconds
100.849: Application time: 0.0810540 seconds
100.849: [GC [PSYoungGen: 14336K->480K(15872K)] 26360K->12520K(51712K), 0.0005400 secs] [Times: user=0.00 sys=0.00, real=0.00 secs] 
100.850: Total time for which application threads were stopped: 0.0006740 seconds, Stopping threads took: 0.0000540 seconds
100.930: Application time: 0.0807930 seconds
100.931: [GC [PSYoungGen: 14304K->480K(15872K)] 26344K->12520K(51712K), 0.0005030 secs] [Times: user=0.00 sys=0.00, real=0.00 secs] 
100.931: Total time for which application threads were stopped: 0.0006410 seconds, Stopping threads took: 0.0000490 seconds
101.011: Application time: 0.0801040 seconds
101.011: [GC [PSYoungGen: 14304K->496K(15872K)] 26344K->12536K(51712K), 0.0005090 secs] [Times: user=0.00 sys=0.00, real=0.00 secs] 
101.012: Total time for which application threads were stopped: 0.0006430 seconds, Stopping threads took: 0.0000590 seconds
101.092: Application time: 0.0799820 seconds
101.092: [GC [PSYoungGen: 14320K->528K(15872K)] 26360K->12568K(51712K), 0.0005080 secs] [Times: user=0.01 sys=0.00, real=0.00 secs] 
101.092: Total time for which application threads were stopped: 0.0006430 seconds, Stopping threads took: 0.0000560 seconds
101.173: Application time: 0.0808870 seconds
101.173: [GC [PSYoungGen: 14352K->512K(15872K)] 26392K->12552K(51712K), 0.0006150 secs] [Times: user=0.00 sys=0.00, real=0.00 secs] 
101.175: Total time for which application threads were stopped: 0.0016980 seconds, Stopping threads took: 0.0000560 seconds
101.255: Application time: 0.0804320 seconds
101.256: [GC [PSYoungGen: 14336K->480K(15872K)] 26376K->12520K(51712K), 0.0005300 secs] [Times: user=0.00 sys=0.00, real=0.00 secs] 
101.256: Total time for which application threads were stopped: 0.0006700 seconds, Stopping threads took: 0.0000660 seconds
101.340: Application time: 0.0836570 seconds
101.341: [GC [PSYoungGen: 14304K->496K(15872K)] 26344K->12552K(51712K), 0.0005630 secs] [Times: user=0.00 sys=0.00, real=0.00 secs] 
101.342: Total time for which application threads were stopped: 0.0021920 seconds, Stopping threads took: 0.0015540 seconds
101.423: Application time: 0.0810690 seconds
101.423: [GC [PSYoungGen: 14320K->528K(15872K)] 26376K->12600K(51712K), 0.0005150 secs] [Times: user=0.01 sys=0.00, real=0.00 secs] 
101.424: Total time for which application threads were stopped: 0.0006500 seconds, Stopping threads took: 0.0000590 seconds
101.506: Application time: 0.0821540 seconds
101.506: [GC [PSYoungGen: 14352K->464K(15872K)] 26424K->12552K(51712K), 0.0005160 secs] [Times: user=0.00 sys=0.00, real=0.00 secs] 
101.507: Total time for which application threads were stopped: 0.0006650 seconds, Stopping threads took: 0.0000640 seconds
101.588: Application time: 0.0817940 seconds
101.588: [GC [PSYoungGen: 14288K->480K(15872K)] 26376K->12584K(51712K), 0.0005130 secs] [Times: user=0.00 sys=0.00, real=0.00 secs] 
101.589: Total time for which application threads were stopped: 0.0006510 seconds, Stopping threads took: 0.0000620 seconds
101.670: Application time: 0.0813330 seconds
101.670: [GC [PSYoungGen: 14304K->512K(15872K)] 26408K->12640K(51712K), 0.0005860 secs] [Times: user=0.00 sys=0.00, real=0.00 secs] 
101.671: Total time for which application threads were stopped: 0.0007220 seconds, Stopping threads took: 0.0000570 seconds
101.752: Application time: 0.0809830 seconds
101.752: [GC [PSYoungGen: 14336K->496K(15872K)] 26464K->12624K(51712K), 0.0005600 secs] [Times: user=0.00 sys=0.00, real=0.00 secs] 
101.753: Total time for which application threads were stopped: 0.0006980 seconds, Stopping threads took: 0.0000530 seconds
101.833: Application time: 0.0803100 seconds
101.833: [GC [PSYoungGen: 14320K->512K(15872K)] 26448K->12640K(51712K), 0.0004950 secs] [Times: user=0.00 sys=0.00, real=0.01 secs] 
101.834: Total time for which application threads were stopped: 0.0006550 seconds, Stopping threads took: 0.0000720 seconds
101.914: Application time: 0.0802230 seconds
101.914: [GC [PSYoungGen: 14336K->480K(15872K)] 26464K->12608K(51712K), 0.0005050 secs] [Times: user=0.01 sys=0.00, real=0.00 secs] 
101.915: Total time for which application threads were stopped: 0.0006340 seconds, Stopping threads took: 0.0000560 seconds
101.996: Application time: 0.0814350 seconds
101.996: [GC [PSYoungGen: 14304K->512K(15872K)] 26432K->12640K(51712K), 0.0005250 secs] [Times: user=0.00 sys=0.00, real=0.00 secs] 
101.997: Total time for which application threads were stopped: 0.0006760 seconds, Stopping threads took: 0.0000730 seconds
102.077: Application time: 0.0805190 seconds
102.077: [GC [PSYoungGen: 14336K->512K(15872K)] 26464K->12640K(51712K), 0.0005390 secs] [Times: user=0.01 sys=0.00, real=0.00 secs] 
102.078: Total time for which application threads were stopped: 0.0006960 seconds, Stopping threads took: 0.0000670 seconds
102.163: Application time: 0.0847850 seconds
102.163: [GC [PSYoungGen: 14336K->448K(15872K)] 26464K->12584K(51712K), 0.0007420 secs] [Times: user=0.00 sys=0.00, real=0.00 secs] 
102.164: Total time for which application threads were stopped: 0.0009890 seconds, Stopping threads took: 0.0001240 seconds
102.249: Application time: 0.0849670 seconds
102.249: [GC [PSYoungGen: 14272K->480K(15872K)] 26408K->12624K(51712K), 0.0004910 secs] [Times: user=0.00 sys=0.00, real=0.00 secs] 
102.249: Total time for which application threads were stopped: 0.0006150 seconds, Stopping threads took: 0.0000500 seconds
102.330: Application time: 0.0805410 seconds
102.330: [GC [PSYoungGen: 14304K->512K(15872K)] 26448K->12664K(51712K), 0.0005660 secs] [Times: user=0.01 sys=0.00, real=0.00 secs] 
102.330: Total time for which application threads were stopped: 0.0007010 seconds, Stopping threads took: 0.0000580 seconds
102.412: Application time: 0.0816140 seconds
102.412: [GC [PSYoungGen: 14336K->512K(15872K)] 26488K->12680K(51712K), 0.0005180 secs] [Times: user=0.00 sys=0.00, real=0.00 secs] 
102.413: Total time for which application threads were stopped: 0.0006550 seconds, Stopping threads took: 0.0000580 seconds
102.494: Application time: 0.0812270 seconds
102.494: [GC [PSYoungGen: 14336K->480K(15872K)] 26504K->12656K(51712K), 0.0005030 secs] [Times: user=0.00 sys=0.00, real=0.00 secs] 
102.495: Total time for which application threads were stopped: 0.0006490 seconds, Stopping threads took: 0.0000720 seconds
102.576: Application time: 0.0812700 seconds
102.576: [GC [PSYoungGen: 14304K->496K(15872K)] 26480K->12672K(51712K), 0.0005130 secs] [Times: user=0.00 sys=0.00, real=0.00 secs] 
102.577: Total time for which application threads were stopped: 0.0006650 seconds, Stopping threads took: 0.0000710 seconds
102.657: Application time: 0.0800140 seconds
102.657: [GC [PSYoungGen: 14320K->512K(15872K)] 26496K->12688K(51712K), 0.0005280 secs] [Times: user=0.01 sys=0.00, real=0.00 secs] 
102.657: Total time for which application threads were stopped: 0.0006750 seconds, Stopping threads took: 0.0000530 seconds
102.737: Application time: 0.0799230 seconds
102.737: [GC [PSYoungGen: 14336K->512K(15872K)] 26512K->12688K(51712K), 0.0005160 secs] [Times: user=0.01 sys=0.00, real=0.00 secs] 
102.738: Total time for which application threads were stopped: 0.0006680 seconds, Stopping threads took: 0.0000690 seconds
102.818: Application time: 0.0805140 seconds
102.818: [GC [PSYoungGen: 14336K->480K(15872K)] 26512K->12656K(51712K), 0.0005810 secs] [Times: user=0.00 sys=0.00, real=0.00 secs] 
102.819: Total time for which application threads were stopped: 0.0007130 seconds, Stopping threads took: 0.0000550 seconds
102.900: Application time: 0.0805580 seconds
102.900: [GC [PSYoungGen: 14304K->528K(15872K)] 26480K->12704K(51712K), 0.0005100 secs] [Times: user=0.00 sys=0.00, real=0.00 secs] 
102.900: Total time for which application threads were stopped: 0.0006450 seconds, Stopping threads took: 0.0000560 seconds
102.981: Application time: 0.0803610 seconds
102.981: [GC [PSYoungGen: 14352K->512K(15872K)] 26528K->12696K(51712K), 0.0005790 secs] [Times: user=0.01 sys=0.00, real=0.00 secs] 
102.981: Total time for which application threads were stopped: 0.0007210 seconds, Stopping threads took: 0.0000610 seconds
103.063: Application time: 0.0815700 seconds
103.063: [GC [PSYoungGen: 14336K->464K(15872K)] 26520K->12656K(51712K), 0.0005700 secs] [Times: user=0.00 sys=0.00, real=0.00 secs] 
103.064: Total time for which application threads were stopped: 0.0007090 seconds, Stopping threads took: 0.0000630 seconds
103.145: Application time: 0.0810600 seconds
103.145: [GC [PSYoungGen: 14288K->496K(15872K)] 26480K->12696K(51712K), 0.0005090 secs] [Times: user=0.00 sys=0.00, real=0.01 secs] 
103.145: Total time for which application threads were stopped: 0.0006670 seconds, Stopping threads took: 0.0000770 seconds
103.227: Application time: 0.0817550 seconds
103.227: [GC [PSYoungGen: 14320K->496K(15872K)] 26520K->12712K(51712K), 0.0005360 secs] [Times: user=0.00 sys=0.00, real=0.00 secs] 
103.228: Total time for which application threads were stopped: 0.0006780 seconds, Stopping threads took: 0.0000530 seconds
103.309: Application time: 0.0813330 seconds
103.309: [GC [PSYoungGen: 14320K->544K(15872K)] 26536K->12776K(51712K), 0.0005730 secs] [Times: user=0.01 sys=0.00, real=0.00 secs] 
103.310: Total time for which application threads were stopped: 0.0007300 seconds, Stopping threads took: 0.0000710 seconds
103.391: Application time: 0.0812980 seconds
103.391: [GC [PSYoungGen: 14368K->512K(15872K)] 26600K->12744K(51712K), 0.0004980 secs] [Times: user=0.01 sys=0.00, real=0.00 secs] 
103.392: Total time for which application threads were stopped: 0.0006270 seconds, Stopping threads took: 0.0000540 seconds
103.473: Application time: 0.0808560 seconds
103.473: [GC [PSYoungGen: 14336K->544K(15872K)] 26568K->12776K(51712K), 0.0005730 secs] [Times: user=0.00 sys=0.00, real=0.01 secs] 
103.473: Total time for which application threads were stopped: 0.0007160 seconds, Stopping threads took: 0.0000630 seconds
103.553: Application time: 0.0795610 seconds
103.553: [GC [PSYoungGen: 14368K->512K(15872K)] 26600K->12744K(51712K), 0.0005860 secs] [Times: user=0.00 sys=0.00, real=0.01 secs] 
103.554: Total time for which application threads were stopped: 0.0007360 seconds, Stopping threads took: 0.0000690 seconds
103.635: Application time: 0.0814700 seconds
103.635: [GC [PSYoungGen: 14336K->528K(15872K)] 26568K->12760K(51712K), 0.0005060 secs] [Times: user=0.00 sys=0.00, real=0.00 secs] 
103.636: Total time for which application threads were stopped: 0.0006500 seconds, Stopping threads took: 0.0000630 seconds
103.716: Application time: 0.0805880 seconds
103.717: [GC [PSYoungGen: 14352K->496K(15872K)] 26584K->12728K(51712K), 0.0005150 secs] [Times: user=0.00 sys=0.00, real=0.00 secs] 
103.717: Total time for which application threads were stopped: 0.0006710 seconds, Stopping threads took: 0.0000760 seconds
103.798: Application time: 0.0813810 seconds
103.799: [GC [PSYoungGen: 14320K->512K(15872K)] 26552K->12744K(51712K), 0.0005690 secs] [Times: user=0.00 sys=0.00, real=0.00 secs] 
103.799: Total time for which application threads were stopped: 0.0007080 seconds, Stopping threads took: 0.0000570 seconds
103.880: Application time: 0.0810100 seconds
103.880: [GC [PSYoungGen: 14336K->512K(15872K)] 26568K->12760K(51712K), 0.0005000 secs] [Times: user=0.00 sys=0.00, real=0.00 secs] 
103.881: Total time for which application threads were stopped: 0.0006290 seconds, Stopping threads took: 0.0000570 seconds
103.962: Application time: 0.0811190 seconds
103.965: [GC [PSYoungGen: 14336K->528K(15872K)] 26584K->12792K(51712K), 0.0005250 secs] [Times: user=0.01 sys=0.00, real=0.00 secs] 
103.966: Total time for which application threads were stopped: 0.0040270 seconds, Stopping threads took: 0.0034280 seconds
104.043: Application time: 0.0770100 seconds
104.043: [GC [PSYoungGen: 14352K->544K(15872K)] 26616K->12824K(51712K), 0.0005540 secs] [Times: user=0.00 sys=0.00, real=0.00 secs] 
104.044: Total time for which application threads were stopped: 0.0007060 seconds, Stopping threads took: 0.0000760 seconds
104.118: Application time: 0.0740280 seconds
104.118: [GC [PSYoungGen: 14368K->496K(15872K)] 26648K->12784K(51712K), 0.0005030 secs] [Times: user=0.00 sys=0.00, real=0.00 secs] 
104.118: Total time for which application threads were stopped: 0.0006280 seconds, Stopping threads took: 0.0000480 seconds
104.192: Application time: 0.0736410 seconds
104.192: [GC [PSYoungGen: 14320K->464K(15872K)] 26608K->12776K(51712K), 0.0005330 secs] [Times: user=0.00 sys=0.00, real=0.00 secs] 
104.193: Total time for which application threads were stopped: 0.0006600 seconds, Stopping threads took: 0.0000500 seconds
104.267: Application time: 0.0741660 seconds
104.267: [GC [PSYoungGen: 14288K->512K(15872K)] 26600K->12824K(51712K), 0.0004760 secs] [Times: user=0.00 sys=0.00, real=0.00 secs] 
104.267: Total time for which application threads were stopped: 0.0006030 seconds, Stopping threads took: 0.0000570 seconds
104.340: Application time: 0.0724390 seconds
104.341: [GC [PSYoungGen: 14336K->528K(15872K)] 26648K->12840K(51712K), 0.0005210 secs] [Times: user=0.00 sys=0.00, real=0.00 secs] 
104.342: Total time for which application threads were stopped: 0.0020800 seconds, Stopping threads took: 0.0014780 seconds
104.415: Application time: 0.0734320 seconds
104.416: [GC [PSYoungGen: 14352K->528K(15872K)] 26664K->12840K(51712K), 0.0005010 secs] [Times: user=0.00 sys=0.00, real=0.00 secs] 
104.416: Total time for which application threads were stopped: 0.0006630 seconds, Stopping threads took: 0.0000880 seconds
104.490: Application time: 0.0735290 seconds
104.490: [GC [PSYoungGen: 14352K->512K(15872K)] 26664K->12824K(51712K), 0.0005060 secs] [Times: user=0.00 sys=0.00, real=0.00 secs] 
104.490: Total time for which application threads were stopped: 0.0006490 seconds, Stopping threads took: 0.0000650 seconds
104.563: Application time: 0.0730130 seconds
104.563: [GC [PSYoungGen: 14336K->528K(15872K)] 26648K->12840K(51712K), 0.0005670 secs] [Times: user=0.00 sys=0.00, real=0.00 secs] 
104.564: Total time for which application threads were stopped: 0.0006980 seconds, Stopping threads took: 0.0000550 seconds
104.638: Application time: 0.0737990 seconds
104.638: [GC [PSYoungGen: 14352K->528K(15872K)] 26664K->12848K(51712K), 0.0005070 secs] [Times: user=0.00 sys=0.00, real=0.00 secs] 
104.638: Total time for which application threads were stopped: 0.0006430 seconds, Stopping threads took: 0.0000580 seconds
104.712: Application time: 0.0735100 seconds
104.712: [GC [PSYoungGen: 14352K->464K(15872K)] 26672K->12800K(51712K), 0.0005360 secs] [Times: user=0.00 sys=0.00, real=0.00 secs] 
104.713: Total time for which application threads were stopped: 0.0006670 seconds, Stopping threads took: 0.0000560 seconds
104.786: Application time: 0.0739050 seconds
104.787: [GC [PSYoungGen: 14288K->528K(15872K)] 26624K->12864K(51712K), 0.0005070 secs] [Times: user=0.00 sys=0.00, real=0.00 secs] 
104.787: Total time for which application threads were stopped: 0.0006460 seconds, Stopping threads took: 0.0000600 seconds
104.861: Application time: 0.0735930 seconds
104.861: [GC [PSYoungGen: 14352K->512K(15872K)] 26688K->12864K(51712K), 0.0005610 secs] [Times: user=0.00 sys=0.00, real=0.00 secs] 
104.861: Total time for which application threads were stopped: 0.0007040 seconds, Stopping threads took: 0.0000610 seconds
104.935: Application time: 0.0739430 seconds
104.935: [GC [PSYoungGen: 14336K->464K(15872K)] 26688K->12824K(51712K), 0.0004990 secs] [Times: user=0.00 sys=0.00, real=0.00 secs] 
104.936: Total time for which application threads were stopped: 0.0006340 seconds, Stopping threads took: 0.0000590 seconds
105.009: Application time: 0.0733640 seconds
105.009: [GC [PSYoungGen: 14288K->496K(15872K)] 26648K->12856K(51712K), 0.0005210 secs] [Times: user=0.00 sys=0.00, real=0.00 secs] 
105.010: Total time for which application threads were stopped: 0.0006690 seconds, Stopping threads took: 0.0000730 seconds
105.083: Application time: 0.0725640 seconds
105.083: [GC [PSYoungGen: 14320K->528K(15872K)] 26680K->12888K(51712K), 0.0004630 secs] [Times: user=0.01 sys=0.00, real=0.00 secs] 
105.083: Total time for which application threads were stopped: 0.0006010 seconds, Stopping threads took: 0.0000570 seconds
105.157: Application time: 0.0739800 seconds
105.157: [GC [PSYoungGen: 14352K->560K(15872K)] 26712K->12920K(51712K), 0.0005460 secs] [Times: user=0.00 sys=0.01, real=0.00 secs] 
105.158: Total time for which application threads were stopped: 0.0006790 seconds, Stopping threads took: 0.0000590 seconds
105.231: Application time: 0.0735750 seconds
105.232: [GC [PSYoungGen: 14384K->512K(15872K)] 26744K->12872K(51712K), 0.0004890 secs] [Times: user=0.00 sys=0.00, real=0.00 secs] 
105.232: Total time for which application threads were stopped: 0.0006190 seconds, Stopping threads took: 0.0000550 seconds
105.306: Application time: 0.0743870 seconds
105.307: [GC [PSYoungGen: 14336K->528K(15872K)] 26696K->12888K(51712K), 0.0005090 secs] [Times: user=0.00 sys=0.00, real=0.00 secs] 
105.307: Total time for which application threads were stopped: 0.0006450 seconds, Stopping threads took: 0.0000550 seconds
105.381: Application time: 0.0743440 seconds
105.382: [GC [PSYoungGen: 14352K->512K(15872K)] 26712K->12888K(51712K), 0.0005480 secs] [Times: user=0.00 sys=0.00, real=0.00 secs] 
105.382: Total time for which application threads were stopped: 0.0007000 seconds, Stopping threads took: 0.0000630 seconds
105.456: Application time: 0.0736950 seconds
105.456: [GC [PSYoungGen: 14336K->496K(15872K)] 26712K->12888K(51712K), 0.0005000 secs] [Times: user=0.00 sys=0.00, real=0.00 secs] 
105.456: Total time for which application threads were stopped: 0.0006280 seconds, Stopping threads took: 0.0000540 seconds
105.530: Application time: 0.0738920 seconds
105.530: [GC [PSYoungGen: 14320K->480K(15872K)] 26712K->12872K(51712K), 0.0005780 secs] [Times: user=0.00 sys=0.00, real=0.00 secs] 
105.531: Total time for which application threads were stopped: 0.0007140 seconds, Stopping threads took: 0.0000620 seconds
105.605: Application time: 0.0736030 seconds
105.605: [GC [PSYoungGen: 14304K->512K(15872K)] 26696K->12928K(51712K), 0.0004990 secs] [Times: user=0.00 sys=0.00, real=0.00 secs] 
105.605: Total time for which application threads were stopped: 0.0006340 seconds, Stopping threads took: 0.0000580 seconds
105.679: Application time: 0.0740200 seconds
105.679: [GC [PSYoungGen: 14336K->496K(15872K)] 26752K->12920K(51712K), 0.0005240 secs] [Times: user=0.01 sys=0.00, real=0.00 secs] 
105.680: Total time for which application threads were stopped: 0.0006440 seconds, Stopping threads took: 0.0000490 seconds
105.753: Application time: 0.0734980 seconds
105.754: [GC [PSYoungGen: 14320K->480K(15872K)] 26744K->12904K(51712K), 0.0005210 secs] [Times: user=0.01 sys=0.00, real=0.00 secs] 
105.754: Total time for which application threads were stopped: 0.0006490 seconds, Stopping threads took: 0.0000560 seconds
105.827: Application time: 0.0728490 seconds
105.827: [GC [PSYoungGen: 14304K->480K(15872K)] 26728K->12904K(51712K), 0.0005030 secs] [Times: user=0.00 sys=0.00, real=0.00 secs] 
105.828: Total time for which application threads were stopped: 0.0006400 seconds, Stopping threads took: 0.0000600 seconds
105.901: Application time: 0.0729710 seconds
105.901: [GC [PSYoungGen: 14304K->544K(15872K)] 26728K->12968K(51712K), 0.0005010 secs] [Times: user=0.01 sys=0.00, real=0.00 secs] 
105.901: Total time for which application threads were stopped: 0.0006470 seconds, Stopping threads took: 0.0000600 seconds
105.975: Application time: 0.0737060 seconds
105.975: [GC [PSYoungGen: 14368K->528K(15872K)] 26792K->12952K(51712K), 0.0004760 secs] [Times: user=0.00 sys=0.00, real=0.00 secs] 
105.976: Total time for which application threads were stopped: 0.0005990 seconds, Stopping threads took: 0.0000500 seconds
106.049: Application time: 0.0734960 seconds
106.049: [GC [PSYoungGen: 14352K->480K(15872K)] 26776K->12904K(51712K), 0.0004860 secs] [Times: user=0.00 sys=0.00, real=0.00 secs] 
106.050: Total time for which application threads were stopped: 0.0006160 seconds, Stopping threads took: 0.0000520 seconds
106.123: Application time: 0.0731640 seconds
106.123: [GC [PSYoungGen: 14304K->512K(15872K)] 26728K->12952K(51712K), 0.0004810 secs] [Times: user=0.00 sys=0.00, real=0.00 secs] 
106.123: Total time for which application threads were stopped: 0.0006110 seconds, Stopping threads took: 0.0000560 seconds
106.197: Application time: 0.0739110 seconds
106.197: [GC [PSYoungGen: 14336K->528K(15872K)] 26776K->12984K(51712K), 0.0005610 secs] [Times: user=0.00 sys=0.00, real=0.00 secs] 
106.199: Total time for which application threads were stopped: 0.0016840 seconds, Stopping threads took: 0.0000620 seconds
106.273: Application time: 0.0741600 seconds
106.273: [GC [PSYoungGen: 14352K->480K(15872K)] 26808K->12952K(51712K), 0.0005190 secs] [Times: user=0.00 sys=0.00, real=0.00 secs] 
106.274: Total time for which application threads were stopped: 0.0006570 seconds, Stopping threads took: 0.0000580 seconds
106.348: Application time: 0.0738700 seconds
106.348: [GC [PSYoungGen: 14304K->512K(15872K)] 26776K->13000K(51712K), 0.0005060 secs] [Times: user=0.01 sys=0.00, real=0.00 secs] 
106.348: Total time for which application threads were stopped: 0.0006390 seconds, Stopping threads took: 0.0000560 seconds
106.423: Application time: 0.0743370 seconds
106.425: [GC [PSYoungGen: 14336K->512K(15872K)] 26824K->13016K(51712K), 0.0005320 secs] [Times: user=0.00 sys=0.00, real=0.00 secs] 
106.426: Total time for which application threads were stopped: 0.0032390 seconds, Stopping threads took: 0.0026190 seconds
106.499: Application time: 0.0731800 seconds
106.499: [GC [PSYoungGen: 14336K->528K(15872K)] 26840K->13032K(51712K), 0.0004980 secs] [Times: user=0.00 sys=0.00, real=0.00 secs] 
106.500: Total time for which application threads were stopped: 0.0006240 seconds, Stopping threads took: 0.0000510 seconds
106.573: Application time: 0.0734120 seconds
106.573: [GC [PSYoungGen: 14352K->544K(15872K)] 26856K->13048K(51712K), 0.0005070 secs] [Times: user=0.00 sys=0.00, real=0.01 secs] 
106.574: Total time for which application threads were stopped: 0.0006370 seconds, Stopping threads took: 0.0000550 seconds
106.646: Application time: 0.0724600 seconds
106.646: [GC [PSYoungGen: 14368K->464K(15872K)] 26872K->12968K(51712K), 0.0004920 secs] [Times: user=0.00 sys=0.00, real=0.00 secs] 
106.647: Total time for which application threads were stopped: 0.0006430 seconds, Stopping threads took: 0.0000780 seconds
106.720: Application time: 0.0732790 seconds
106.720: [GC [PSYoungGen: 14288K->496K(15872K)] 26792K->13000K(51712K), 0.0005170 secs] [Times: user=0.00 sys=0.00, real=0.00 secs] 
106.721: Total time for which application threads were stopped: 0.0006570 seconds, Stopping threads took: 0.0000660 seconds
106.796: Application time: 0.0749840 seconds
106.796: [GC [PSYoungGen: 14320K->512K(15872K)] 26824K->13016K(51712K), 0.0005550 secs] [Times: user=0.00 sys=0.00, real=0.00 secs] 
106.797: Total time for which application threads were stopped: 0.0006840 seconds, Stopping threads took: 0.0000520 seconds
106.870: Application time: 0.0733540 seconds
106.870: [GC [PSYoungGen: 14336K->544K(15872K)] 26840K->13064K(51712K), 0.0004830 secs] [Times: user=0.00 sys=0.00, real=0.00 secs] 
106.870: Total time for which application threads were stopped: 0.0006190 seconds, Stopping threads took: 0.0000610 seconds
106.945: Application time: 0.0740640 seconds
106.945: [GC [PSYoungGen: 14368K->544K(15872K)] 26888K->13072K(51712K), 0.0005460 secs] [Times: user=0.00 sys=0.00, real=0.00 secs] 
106.945: Total time for which application threads were stopped: 0.0006940 seconds, Stopping threads took: 0.0000630 seconds
107.019: Application time: 0.0734820 seconds
107.019: [GC [PSYoungGen: 14368K->512K(15872K)] 26896K->13048K(51712K), 0.0005090 secs] [Times: user=0.00 sys=0.00, real=0.00 secs] 
107.019: Total time for which application threads were stopped: 0.0006340 seconds, Stopping threads took: 0.0000510 seconds
107.093: Application time: 0.0737760 seconds
107.093: [GC [PSYoungGen: 14336K->512K(15872K)] 26872K->13064K(51712K), 0.0005050 secs] [Times: user=0.00 sys=0.01, real=0.01 secs] 
107.094: Total time for which application threads were stopped: 0.0006400 seconds, Stopping threads took: 0.0000510 seconds
107.168: Application time: 0.0739530 seconds
107.168: [GC [PSYoungGen: 14336K->528K(15872K)] 26888K->13088K(51712K), 0.0004950 secs] [Times: user=0.00 sys=0.00, real=0.00 secs] 
107.168: Total time for which application threads were stopped: 0.0006260 seconds, Stopping threads took: 0.0000570 seconds
107.242: Application time: 0.0732350 seconds
107.242: [GC [PSYoungGen: 14352K->496K(15872K)] 26912K->13064K(51712K), 0.0006480 secs] [Times: user=0.01 sys=0.00, real=0.00 secs] 
107.242: Total time for which application threads were stopped: 0.0007880 seconds, Stopping threads took: 0.0000550 seconds
107.316: Application time: 0.0739190 seconds
107.316: [GC [PSYoungGen: 14320K->528K(15872K)] 26888K->13096K(51712K), 0.0005240 secs] [Times: user=0.01 sys=0.00, real=0.00 secs] 
107.317: Total time for which application threads were stopped: 0.0006580 seconds, Stopping threads took: 0.0000580 seconds
107.389: Application time: 0.0722780 seconds
107.389: [GC [PSYoungGen: 14352K->464K(15872K)] 26920K->13032K(51712K), 0.0005100 secs] [Times: user=0.00 sys=0.00, real=0.00 secs] 
107.390: Total time for which application threads were stopped: 0.0006440 seconds, Stopping threads took: 0.0000590 seconds
107.464: Application time: 0.0737410 seconds
107.464: [GC [PSYoungGen: 14288K->496K(15872K)] 26856K->13064K(51712K), 0.0004670 secs] [Times: user=0.01 sys=0.00, real=0.00 secs] 
107.464: Total time for which application threads were stopped: 0.0006160 seconds, Stopping threads took: 0.0000640 seconds
107.539: Application time: 0.0743170 seconds
107.539: [GC [PSYoungGen: 14320K->496K(15872K)] 26888K->13064K(51712K), 0.0005120 secs] [Times: user=0.00 sys=0.00, real=0.00 secs] 
107.539: Total time for which application threads were stopped: 0.0006570 seconds, Stopping threads took: 0.0000680 seconds
107.612: Application time: 0.0732110 seconds
107.613: [GC [PSYoungGen: 14320K->512K(15872K)] 26888K->13096K(51712K), 0.0005470 secs] [Times: user=0.00 sys=0.00, real=0.00 secs] 
107.613: Total time for which application threads were stopped: 0.0006830 seconds, Stopping threads took: 0.0000590 seconds
107.687: Application time: 0.0738120 seconds
107.687: [GC [PSYoungGen: 14336K->480K(15872K)] 26920K->13072K(51712K), 0.0005940 secs] [Times: user=0.00 sys=0.00, real=0.00 secs] 
107.688: Total time for which application threads were stopped: 0.0007260 seconds, Stopping threads took: 0.0000530 seconds
107.761: Application time: 0.0737080 seconds
107.762: [GC [PSYoungGen: 14304K->496K(15872K)] 26896K->13096K(51712K), 0.0004860 secs] [Times: user=0.00 sys=0.00, real=0.00 secs] 
107.762: Total time for which application threads were stopped: 0.0006200 seconds, Stopping threads took: 0.0000600 seconds
107.836: Application time: 0.0737680 seconds
107.836: [GC [PSYoungGen: 14320K->512K(15872K)] 26920K->13128K(51712K), 0.0005060 secs] [Times: user=0.00 sys=0.00, real=0.00 secs] 
107.836: Total time for which application threads were stopped: 0.0006340 seconds, Stopping threads took: 0.0000550 seconds
107.910: Application time: 0.0739570 seconds
107.910: [GC [PSYoungGen: 14336K->496K(15872K)] 26952K->13120K(51712K), 0.0005230 secs] [Times: user=0.00 sys=0.00, real=0.00 secs] 
107.911: Total time for which application threads were stopped: 0.0006590 seconds, Stopping threads took: 0.0000610 seconds
107.985: Application time: 0.0737380 seconds
107.985: [GC [PSYoungGen: 14320K->496K(15872K)] 26944K->13136K(51712K), 0.0005480 secs] [Times: user=0.01 sys=0.00, real=0.01 secs] 
107.985: Total time for which application threads were stopped: 0.0006910 seconds, Stopping threads took: 0.0000530 seconds
108.058: Application time: 0.0729700 seconds
108.061: [GC [PSYoungGen: 14320K->512K(15872K)] 26960K->13152K(51712K), 0.0005300 secs] [Times: user=0.01 sys=0.00, real=0.00 secs] 
108.062: Total time for which application threads were stopped: 0.0034860 seconds, Stopping threads took: 0.0028800 seconds
108.136: Application time: 0.0742020 seconds
108.137: [GC [PSYoungGen: 14336K->448K(15872K)] 26976K->13088K(51712K), 0.0005470 secs] [Times: user=0.00 sys=0.00, real=0.00 secs] 
108.138: Total time for which application threads were stopped: 0.0017820 seconds, Stopping threads took: 0.0011610 seconds
108.212: Application time: 0.0742870 seconds
108.212: [GC [PSYoungGen: 14272K->480K(15872K)] 26912K->13120K(51712K), 0.0005120 secs] [Times: user=0.01 sys=0.00, real=0.00 secs] 
108.213: Total time for which application threads were stopped: 0.0006480 seconds, Stopping threads took: 0.0000550 seconds
108.288: Application time: 0.0749100 seconds
108.288: [GC [PSYoungGen: 14304K->528K(15872K)] 26944K->13168K(51712K), 0.0004840 secs] [Times: user=0.01 sys=0.00, real=0.00 secs] 
108.288: Total time for which application threads were stopped: 0.0006110 seconds, Stopping threads took: 0.0000580 seconds
108.361: Application time: 0.0727180 seconds
108.361: [GC [PSYoungGen: 14352K->544K(15872K)] 26992K->13200K(51712K), 0.0005120 secs] [Times: user=0.00 sys=0.00, real=0.00 secs] 
108.362: Total time for which application threads were stopped: 0.0006480 seconds, Stopping threads took: 0.0000590 seconds
108.436: Application time: 0.0741940 seconds
108.436: [GC [PSYoungGen: 14368K->512K(15872K)] 27024K->13184K(51712K), 0.0005210 secs] [Times: user=0.00 sys=0.00, real=0.00 secs] 
108.437: Total time for which application threads were stopped: 0.0006670 seconds, Stopping threads took: 0.0000710 seconds
108.510: Application time: 0.0737040 seconds
108.510: [GC [PSYoungGen: 14336K->560K(15872K)] 27008K->13248K(51712K), 0.0005100 secs] [Times: user=0.00 sys=0.00, real=0.00 secs] 
108.511: Total time for which application threads were stopped: 0.0006530 seconds, Stopping threads took: 0.0000570 seconds
108.585: Application time: 0.0740060 seconds
108.585: [GC [PSYoungGen: 14384K->496K(15872K)] 27072K->13200K(51712K), 0.0004980 secs] [Times: user=0.00 sys=0.00, real=0.01 secs] 
108.586: Total time for which application threads were stopped: 0.0006330 seconds, Stopping threads took: 0.0000600 seconds
108.660: Application time: 0.0740370 seconds
108.660: [GC [PSYoungGen: 14320K->544K(15872K)] 27024K->13248K(51712K), 0.0005050 secs] [Times: user=0.00 sys=0.00, real=0.00 secs] 
108.660: Total time for which application threads were stopped: 0.0006490 seconds, Stopping threads took: 0.0000670 seconds
108.734: Application time: 0.0734780 seconds
108.734: [GC [PSYoungGen: 14368K->496K(15872K)] 27072K->13216K(51712K), 0.0004950 secs] [Times: user=0.00 sys=0.00, real=0.00 secs] 
108.734: Total time for which application threads were stopped: 0.0006240 seconds, Stopping threads took: 0.0000570 seconds
108.808: Application time: 0.0733620 seconds
108.808: [GC [PSYoungGen: 14320K->512K(15872K)] 27040K->13232K(51712K), 0.0005350 secs] [Times: user=0.01 sys=0.00, real=0.00 secs] 
108.808: Total time for which application threads were stopped: 0.0006680 seconds, Stopping threads took: 0.0000540 seconds
108.881: Application time: 0.0729110 seconds
108.881: [GC [PSYoungGen: 14336K->480K(15872K)] 27056K->13200K(51712K), 0.0005070 secs] [Times: user=0.00 sys=0.00, real=0.00 secs] 
108.882: Total time for which application threads were stopped: 0.0006370 seconds, Stopping threads took: 0.0000530 seconds
108.955: Application time: 0.0733890 seconds
108.955: [GC [PSYoungGen: 14304K->528K(15872K)] 27024K->13248K(51712K), 0.0005240 secs] [Times: user=0.00 sys=0.00, real=0.00 secs] 
108.956: Total time for which application threads were stopped: 0.0006560 seconds, Stopping threads took: 0.0000570 seconds
109.029: Application time: 0.0732920 seconds
109.029: [GC [PSYoungGen: 14352K->528K(15872K)] 27072K->13248K(51712K), 0.0005130 secs] [Times: user=0.00 sys=0.00, real=0.00 secs] 
109.030: Total time for which application threads were stopped: 0.0006680 seconds, Stopping threads took: 0.0000680 seconds
109.103: Application time: 0.0727630 seconds
109.103: [GC [PSYoungGen: 14352K->528K(15872K)] 27072K->13248K(51712K), 0.0005190 secs] [Times: user=0.01 sys=0.00, real=0.00 secs] 
109.103: Total time for which application threads were stopped: 0.0006530 seconds, Stopping threads took: 0.0000480 seconds
109.178: Application time: 0.0742360 seconds
109.178: [GC [PSYoungGen: 14352K->544K(15872K)] 27072K->13280K(51712K), 0.0005370 secs] [Times: user=0.00 sys=0.00, real=0.00 secs] 
109.178: Total time for which application threads were stopped: 0.0006580 seconds, Stopping threads took: 0.0000470 seconds
109.252: Application time: 0.0739240 seconds
109.252: [GC [PSYoungGen: 14368K->512K(15872K)] 27104K->13264K(51712K), 0.0005570 secs] [Times: user=0.00 sys=0.00, real=0.00 secs] 
109.253: Total time for which application threads were stopped: 0.0006890 seconds, Stopping threads took: 0.0000580 seconds
109.327: Application time: 0.0739590 seconds
109.327: [GC [PSYoungGen: 14336K->528K(15872K)] 27088K->13296K(51712K), 0.0005120 secs] [Times: user=0.00 sys=0.00, real=0.00 secs] 
109.328: Total time for which application threads were stopped: 0.0006530 seconds, Stopping threads took: 0.0000650 seconds
109.402: Application time: 0.0743040 seconds
109.402: [GC [PSYoungGen: 14352K->544K(15872K)] 27120K->13320K(51712K), 0.0005350 secs] [Times: user=0.00 sys=0.00, real=0.00 secs] 
109.403: Total time for which application threads were stopped: 0.0006670 seconds, Stopping threads took: 0.0000590 seconds
109.476: Application time: 0.0737700 seconds
109.476: [GC [PSYoungGen: 14368K->512K(15872K)] 27144K->13304K(51712K), 0.0004900 secs] [Times: user=0.00 sys=0.00, real=0.00 secs] 
109.477: Total time for which application threads were stopped: 0.0006230 seconds, Stopping threads took: 0.0000610 seconds
109.551: Application time: 0.0736700 seconds
109.551: [GC [PSYoungGen: 14336K->496K(15872K)] 27128K->13288K(51712K), 0.0006110 secs] [Times: user=0.00 sys=0.00, real=0.00 secs] 
109.551: Total time for which application threads were stopped: 0.0007520 seconds, Stopping threads took: 0.0000540 seconds
109.624: Application time: 0.0724100 seconds
109.624: [GC [PSYoungGen: 14320K->512K(15872K)] 27112K->13304K(51712K), 0.0004880 secs] [Times: user=0.00 sys=0.00, real=0.00 secs] 
109.624: Total time for which application threads were stopped: 0.0006130 seconds, Stopping threads took: 0.0000510 seconds
109.698: Application time: 0.0738520 seconds
109.698: [GC [PSYoungGen: 14336K->480K(15872K)] 27128K->13272K(51712K), 0.0004970 secs] [Times: user=0.00 sys=0.00, real=0.00 secs] 
109.699: Total time for which application threads were stopped: 0.0006360 seconds, Stopping threads took: 0.0000640 seconds
109.772: Application time: 0.0730800 seconds
109.772: [GC [PSYoungGen: 14304K->496K(15872K)] 27096K->13288K(51712K), 0.0005000 secs] [Times: user=0.00 sys=0.00, real=0.00 secs] 
109.773: Total time for which application threads were stopped: 0.0006330 seconds, Stopping threads took: 0.0000570 seconds
109.847: Application time: 0.0745980 seconds
109.847: [GC [PSYoungGen: 14320K->480K(15872K)] 27112K->13272K(51712K), 0.0004870 secs] [Times: user=0.00 sys=0.00, real=0.00 secs] 
109.848: Total time for which application threads were stopped: 0.0006190 seconds, Stopping threads took: 0.0000570 seconds
109.922: Application time: 0.0737950 seconds
109.922: [GC [PSYoungGen: 14304K->528K(15872K)] 27096K->13344K(51712K), 0.0004860 secs] [Times: user=0.00 sys=0.00, real=0.00 secs] 
109.922: Total time for which application threads were stopped: 0.0006240 seconds, Stopping threads took: 0.0000630 seconds
109.997: Application time: 0.0744320 seconds
109.997: [GC [PSYoungGen: 14352K->464K(15872K)] 27168K->13296K(51712K), 0.0004960 secs] [Times: user=0.00 sys=0.00, real=0.00 secs] 
109.997: Total time for which application threads were stopped: 0.0006480 seconds, Stopping threads took: 0.0000750 seconds
110.071: Application time: 0.0738810 seconds
110.071: [GC [PSYoungGen: 14288K->528K(15872K)] 27120K->13376K(51712K), 0.0004980 secs] [Times: user=0.00 sys=0.00, real=0.00 secs] 
110.072: Total time for which application threads were stopped: 0.0006380 seconds, Stopping threads took: 0.0000530 seconds
110.146: Application time: 0.0737270 seconds
110.146: [GC [PSYoungGen: 14352K->544K(15872K)] 27200K->13400K(51712K), 0.0005170 secs] [Times: user=0.00 sys=0.00, real=0.00 secs] 
110.146: Total time for which application threads were stopped: 0.0006520 seconds, Stopping threads took: 0.0000580 seconds
110.220: Application time: 0.0738520 seconds
110.220: [GC [PSYoungGen: 14368K->544K(15872K)] 27224K->13416K(51712K), 0.0005280 secs] [Times: user=0.00 sys=0.00, real=0.00 secs] 
110.221: Total time for which application threads were stopped: 0.0006800 seconds, Stopping threads took: 0.0000770 seconds
110.294: Application time: 0.0736510 seconds
110.295: [GC [PSYoungGen: 14368K->480K(15872K)] 27240K->13352K(51712K), 0.0004910 secs] [Times: user=0.00 sys=0.00, real=0.00 secs] 
110.295: Total time for which application threads were stopped: 0.0006210 seconds, Stopping threads took: 0.0000550 seconds
110.369: Application time: 0.0735650 seconds
110.369: [GC [PSYoungGen: 14304K->480K(15872K)] 27176K->13352K(51712K), 0.0005220 secs] [Times: user=0.00 sys=0.00, real=0.00 secs] 
110.369: Total time for which application threads were stopped: 0.0006530 seconds, Stopping threads took: 0.0000580 seconds
110.442: Application time: 0.0722820 seconds
110.442: [GC [PSYoungGen: 14304K->528K(15872K)] 27176K->13400K(51712K), 0.0004940 secs] [Times: user=0.00 sys=0.00, real=0.00 secs] 
110.442: Total time for which application threads were stopped: 0.0006320 seconds, Stopping threads took: 0.0000600 seconds
110.516: Application time: 0.0734240 seconds
110.516: [GC [PSYoungGen: 14352K->528K(15872K)] 27224K->13400K(51712K), 0.0004960 secs] [Times: user=0.00 sys=0.00, real=0.00 secs] 
110.516: Total time for which application threads were stopped: 0.0006220 seconds, Stopping threads took: 0.0000520 seconds
110.589: Application time: 0.0731230 seconds
110.589: [GC [PSYoungGen: 14352K->528K(15872K)] 27224K->13400K(51712K), 0.0005310 secs] [Times: user=0.01 sys=0.00, real=0.00 secs] 
110.590: Total time for which application threads were stopped: 0.0006750 seconds, Stopping threads took: 0.0000540 seconds
110.664: Application time: 0.0737360 seconds
110.664: [GC [PSYoungGen: 14352K->512K(15872K)] 27224K->13400K(51712K), 0.0005940 secs] [Times: user=0.00 sys=0.00, real=0.00 secs] 
110.664: Total time for which application threads were stopped: 0.0007260 seconds, Stopping threads took: 0.0000620 seconds
110.738: Application time: 0.0739170 seconds
110.739: [GC [PSYoungGen: 14336K->528K(15872K)] 27224K->13432K(51712K), 0.0005100 secs] [Times: user=0.00 sys=0.00, real=0.00 secs] 
110.739: Total time for which application threads were stopped: 0.0006420 seconds, Stopping threads took: 0.0000540 seconds
110.813: Application time: 0.0737230 seconds
110.813: [GC [PSYoungGen: 14352K->480K(15872K)] 27256K->13408K(51712K), 0.0005510 secs] [Times: user=0.00 sys=0.00, real=0.00 secs] 
110.814: Total time for which application threads were stopped: 0.0011950 seconds, Stopping threads took: 0.0005660 seconds
110.888: Application time: 0.0739060 seconds
110.888: [GC [PSYoungGen: 14304K->512K(15872K)] 27232K->13456K(51712K), 0.0004980 secs] [Times: user=0.00 sys=0.00, real=0.00 secs] 
110.889: Total time for which application threads were stopped: 0.0006480 seconds, Stopping threads took: 0.0000760 seconds
110.962: Application time: 0.0739760 seconds
110.963: [GC [PSYoungGen: 14336K->528K(15872K)] 27280K->13480K(51712K), 0.0005040 secs] [Times: user=0.00 sys=0.00, real=0.00 secs] 
110.963: Total time for which application threads were stopped: 0.0006390 seconds, Stopping threads took: 0.0000590 seconds
111.036: Application time: 0.0732770 seconds
111.037: [GC [PSYoungGen: 14352K->512K(15872K)] 27304K->13488K(51712K), 0.0004980 secs] [Times: user=0.00 sys=0.00, real=0.00 secs] 
111.038: Total time for which application threads were stopped: 0.0015130 seconds, Stopping threads took: 0.0009440 seconds
111.112: Application time: 0.0736200 seconds
111.112: [GC [PSYoungGen: 14336K->496K(15872K)] 27312K->13472K(51712K), 0.0005150 secs] [Times: user=0.00 sys=0.00, real=0.00 secs] 
111.112: Total time for which application threads were stopped: 0.0006700 seconds, Stopping threads took: 0.0000700 seconds
111.184: Application time: 0.0721220 seconds
111.184: [GC [PSYoungGen: 14320K->496K(15872K)] 27296K->13472K(51712K), 0.0005260 secs] [Times: user=0.00 sys=0.00, real=0.00 secs] 
111.185: Total time for which application threads were stopped: 0.0006660 seconds, Stopping threads took: 0.0000660 seconds
111.259: Application time: 0.0738140 seconds
111.259: [GC [PSYoungGen: 14320K->480K(15872K)] 27296K->13456K(51712K), 0.0005470 secs] [Times: user=0.00 sys=0.00, real=0.00 secs] 
111.260: Total time for which application threads were stopped: 0.0006870 seconds, Stopping threads took: 0.0000640 seconds
111.335: Application time: 0.0751870 seconds
111.335: [GC [PSYoungGen: 14304K->496K(15872K)] 27280K->13472K(51712K), 0.0004870 secs] [Times: user=0.00 sys=0.00, real=0.00 secs] 
111.335: Total time for which application threads were stopped: 0.0006080 seconds, Stopping threads took: 0.0000500 seconds
111.408: Application time: 0.0728470 seconds
111.408: [GC [PSYoungGen: 14320K->544K(15872K)] 27296K->13536K(51712K), 0.0004970 secs] [Times: user=0.00 sys=0.00, real=0.00 secs] 
111.409: Total time for which application threads were stopped: 0.0006330 seconds, Stopping threads took: 0.0000620 seconds
111.482: Application time: 0.0736590 seconds
111.483: [GC [PSYoungGen: 14368K->528K(15872K)] 27360K->13536K(51712K), 0.0005480 secs] [Times: user=0.00 sys=0.00, real=0.00 secs] 
111.483: Total time for which application threads were stopped: 0.0006840 seconds, Stopping threads took: 0.0000600 seconds
111.557: Application time: 0.0736650 seconds
111.557: [GC [PSYoungGen: 14352K->480K(15872K)] 27360K->13496K(51712K), 0.0005390 secs] [Times: user=0.00 sys=0.00, real=0.00 secs] 
111.557: Total time for which application threads were stopped: 0.0006670 seconds, Stopping threads took: 0.0000560 seconds
111.631: Application time: 0.0738040 seconds
111.631: [GC [PSYoungGen: 14304K->560K(15872K)] 27320K->13592K(51712K), 0.0005170 secs] [Times: user=0.00 sys=0.00, real=0.00 secs] 
111.632: Total time for which application threads were stopped: 0.0006660 seconds, Stopping threads took: 0.0000580 seconds
111.706: Application time: 0.0739750 seconds
111.706: [GC [PSYoungGen: 14384K->512K(15872K)] 27416K->13560K(51712K), 0.0004860 secs] [Times: user=0.00 sys=0.00, real=0.00 secs] 
111.707: Total time for which application threads were stopped: 0.0006130 seconds, Stopping threads took: 0.0000520 seconds
111.781: Application time: 0.0742180 seconds
111.781: [GC [PSYoungGen: 14336K->496K(15872K)] 27384K->13560K(51712K), 0.0005140 secs] [Times: user=0.00 sys=0.00, real=0.00 secs] 
111.781: Total time for which application threads were stopped: 0.0006430 seconds, Stopping threads took: 0.0000500 seconds
111.855: Application time: 0.0731250 seconds
111.855: [GC [PSYoungGen: 14320K->528K(15872K)] 27384K->13592K(51712K), 0.0005230 secs] [Times: user=0.01 sys=0.00, real=0.00 secs] 
111.855: Total time for which application threads were stopped: 0.0006600 seconds, Stopping threads took: 0.0000620 seconds
111.927: Application time: 0.0722410 seconds
111.928: [GC [PSYoungGen: 14352K->512K(15872K)] 27416K->13576K(51712K), 0.0005050 secs] [Times: user=0.01 sys=0.00, real=0.00 secs] 
111.928: Total time for which application threads were stopped: 0.0006330 seconds, Stopping threads took: 0.0000530 seconds
112.001: Application time: 0.0728120 seconds
112.001: [GC [PSYoungGen: 14336K->496K(15872K)] 27400K->13560K(51712K), 0.0005230 secs] [Times: user=0.00 sys=0.01, real=0.00 secs] 
112.002: Total time for which application threads were stopped: 0.0006520 seconds, Stopping threads took: 0.0000550 seconds
112.076: Application time: 0.0740900 seconds
112.076: [GC [PSYoungGen: 14320K->496K(15872K)] 27384K->13560K(51712K), 0.0004840 secs] [Times: user=0.00 sys=0.00, real=0.00 secs] 
112.076: Total time for which application threads were stopped: 0.0006130 seconds, Stopping threads took: 0.0000550 seconds
112.149: Application time: 0.0730510 seconds
112.149: [GC [PSYoungGen: 14320K->480K(15872K)] 27384K->13552K(51712K), 0.0004850 secs] [Times: user=0.00 sys=0.00, real=0.00 secs] 
112.150: Total time for which application threads were stopped: 0.0006230 seconds, Stopping threads took: 0.0000510 seconds
112.224: Application time: 0.0735990 seconds
112.224: [GC [PSYoungGen: 14304K->544K(15872K)] 27376K->13632K(51712K), 0.0004890 secs] [Times: user=0.00 sys=0.00, real=0.00 secs] 
112.224: Total time for which application threads were stopped: 0.0006210 seconds, Stopping threads took: 0.0000510 seconds
112.298: Application time: 0.0742230 seconds
112.298: [GC [PSYoungGen: 14368K->464K(15872K)] 27456K->13568K(51712K), 0.0004930 secs] [Times: user=0.00 sys=0.00, real=0.00 secs] 
112.299: Total time for which application threads were stopped: 0.0006390 seconds, Stopping threads took: 0.0000710 seconds
112.373: Application time: 0.0737160 seconds
112.373: [GC [PSYoungGen: 14288K->528K(15872K)] 27392K->13648K(51712K), 0.0005230 secs] [Times: user=0.00 sys=0.00, real=0.01 secs] 
112.373: Total time for which application threads were stopped: 0.0006570 seconds, Stopping threads took: 0.0000560 seconds
112.447: Application time: 0.0740380 seconds
112.448: [GC [PSYoungGen: 14352K->496K(15872K)] 27472K->13616K(51712K), 0.0004990 secs] [Times: user=0.00 sys=0.00, real=0.00 secs] 
112.448: Total time for which application threads were stopped: 0.0006260 seconds, Stopping threads took: 0.0000550 seconds
112.522: Application time: 0.0735970 seconds
112.522: [GC [PSYoungGen: 14320K->480K(15872K)] 27440K->13616K(51712K), 0.0004810 secs] [Times: user=0.00 sys=0.00, real=0.00 secs] 
112.522: Total time for which application threads were stopped: 0.0006010 seconds, Stopping threads took: 0.0000490 seconds
112.596: Application time: 0.0737420 seconds
112.596: [GC [PSYoungGen: 14304K->480K(15872K)] 27440K->13616K(51712K), 0.0005200 secs] [Times: user=0.00 sys=0.00, real=0.00 secs] 
112.597: Total time for which application threads were stopped: 0.0006510 seconds, Stopping threads took: 0.0000510 seconds
112.669: Application time: 0.0724750 seconds
112.669: [GC [PSYoungGen: 14304K->512K(15872K)] 27440K->13648K(51712K), 0.0005050 secs] [Times: user=0.00 sys=0.00, real=0.00 secs] 
112.670: Total time for which application threads were stopped: 0.0006460 seconds, Stopping threads took: 0.0000550 seconds
112.743: Application time: 0.0731030 seconds
112.743: [GC [PSYoungGen: 14336K->512K(15872K)] 27472K->13648K(51712K), 0.0005490 secs] [Times: user=0.00 sys=0.00, real=0.00 secs] 
112.744: Total time for which application threads were stopped: 0.0006730 seconds, Stopping threads took: 0.0000500 seconds
112.818: Application time: 0.0744190 seconds
112.818: [GC [PSYoungGen: 14336K->496K(15872K)] 27472K->13632K(51712K), 0.0005490 secs] [Times: user=0.00 sys=0.00, real=0.00 secs] 
112.819: Total time for which application threads were stopped: 0.0006720 seconds, Stopping threads took: 0.0000510 seconds
112.892: Application time: 0.0730200 seconds
112.892: [GC [PSYoungGen: 14320K->496K(15872K)] 27456K->13632K(51712K), 0.0004970 secs] [Times: user=0.00 sys=0.00, real=0.00 secs] 
112.892: Total time for which application threads were stopped: 0.0006310 seconds, Stopping threads took: 0.0000570 seconds
112.966: Application time: 0.0739450 seconds
112.966: [GC [PSYoungGen: 14320K->512K(15872K)] 27456K->13664K(51712K), 0.0005120 secs] [Times: user=0.00 sys=0.00, real=0.00 secs] 
112.967: Total time for which application threads were stopped: 0.0006510 seconds, Stopping threads took: 0.0000660 seconds
113.041: Application time: 0.0737510 seconds
113.041: [GC [PSYoungGen: 14336K->512K(15872K)] 27488K->13672K(51712K), 0.0004760 secs] [Times: user=0.00 sys=0.00, real=0.00 secs] 
113.041: Total time for which application threads were stopped: 0.0006100 seconds, Stopping threads took: 0.0000610 seconds
113.115: Application time: 0.0739960 seconds
113.115: [GC [PSYoungGen: 14336K->512K(15872K)] 27496K->13696K(51712K), 0.0005190 secs] [Times: user=0.00 sys=0.00, real=0.00 secs] 
113.116: Total time for which application threads were stopped: 0.0006470 seconds, Stopping threads took: 0.0000550 seconds
113.190: Application time: 0.0745070 seconds
113.191: [GC [PSYoungGen: 14336K->496K(15872K)] 27520K->13680K(51712K), 0.0005150 secs] [Times: user=0.00 sys=0.00, real=0.00 secs] 
113.191: Total time for which application threads were stopped: 0.0006450 seconds, Stopping threads took: 0.0000490 seconds
113.265: Application time: 0.0740200 seconds
113.265: [GC [PSYoungGen: 14320K->528K(15872K)] 27504K->13728K(51712K), 0.0005050 secs] [Times: user=0.00 sys=0.00, real=0.01 secs] 
113.266: Total time for which application threads were stopped: 0.0006410 seconds, Stopping threads took: 0.0000610 seconds
113.339: Application time: 0.0736390 seconds
113.339: [GC [PSYoungGen: 14352K->512K(15872K)] 27552K->13712K(51712K), 0.0005450 secs] [Times: user=0.00 sys=0.00, real=0.00 secs] 
113.340: Total time for which application threads were stopped: 0.0006810 seconds, Stopping threads took: 0.0000620 seconds
113.413: Application time: 0.0725110 seconds
113.413: [GC [PSYoungGen: 14336K->528K(15872K)] 27536K->13728K(51712K), 0.0005180 secs] [Times: user=0.00 sys=0.00, real=0.00 secs] 
113.413: Total time for which application threads were stopped: 0.0006430 seconds, Stopping threads took: 0.0000500 seconds
113.487: Application time: 0.0734710 seconds
113.487: [GC [PSYoungGen: 14352K->480K(15872K)] 27552K->13680K(51712K), 0.0005330 secs] [Times: user=0.00 sys=0.00, real=0.00 secs] 
113.487: Total time for which application threads were stopped: 0.0006680 seconds, Stopping threads took: 0.0000630 seconds
113.561: Application time: 0.0733470 seconds
113.561: [GC [PSYoungGen: 14304K->512K(15872K)] 27504K->13712K(51712K), 0.0005140 secs] [Times: user=0.00 sys=0.00, real=0.00 secs] 
113.561: Total time for which application threads were stopped: 0.0006400 seconds, Stopping threads took: 0.0000520 seconds
113.634: Application time: 0.0730590 seconds
113.635: [GC [PSYoungGen: 14336K->512K(15872K)] 27536K->13712K(51712K), 0.0005230 secs] [Times: user=0.00 sys=0.00, real=0.00 secs] 
113.635: Total time for which application threads were stopped: 0.0006520 seconds, Stopping threads took: 0.0000530 seconds
113.709: Application time: 0.0740530 seconds
113.709: [GC [PSYoungGen: 14336K->512K(15872K)] 27536K->13728K(51712K), 0.0005010 secs] [Times: user=0.00 sys=0.00, real=0.00 secs] 
113.710: Total time for which application threads were stopped: 0.0006430 seconds, Stopping threads took: 0.0000570 seconds
113.783: Application time: 0.0736000 seconds
113.783: [GC [PSYoungGen: 14336K->544K(15872K)] 27552K->13776K(51712K), 0.0004940 secs] [Times: user=0.00 sys=0.00, real=0.00 secs] 
113.784: Total time for which application threads were stopped: 0.0006210 seconds, Stopping threads took: 0.0000530 seconds
113.858: Application time: 0.0741210 seconds
113.858: [GC [PSYoungGen: 14368K->512K(15872K)] 27600K->13760K(51712K), 0.0005200 secs] [Times: user=0.00 sys=0.00, real=0.00 secs] 
113.859: Total time for which application threads were stopped: 0.0006520 seconds, Stopping threads took: 0.0000590 seconds
113.933: Application time: 0.0738910 seconds
113.933: [GC [PSYoungGen: 14336K->512K(15872K)] 27584K->13776K(51712K), 0.0005120 secs] [Times: user=0.00 sys=0.00, real=0.01 secs] 
113.933: Total time for which application threads were stopped: 0.0006560 seconds, Stopping threads took: 0.0000640 seconds
114.007: Application time: 0.0738640 seconds
114.007: [GC [PSYoungGen: 14336K->496K(15872K)] 27600K->13776K(51712K), 0.0005180 secs] [Times: user=0.01 sys=0.00, real=0.00 secs] 
114.008: Total time for which application threads were stopped: 0.0006460 seconds, Stopping threads took: 0.0000550 seconds
114.081: Application time: 0.0736410 seconds
114.082: [GC [PSYoungGen: 14320K->560K(15872K)] 27600K->13840K(51712K), 0.0004920 secs] [Times: user=0.00 sys=0.00, real=0.00 secs] 
114.082: Total time for which application threads were stopped: 0.0006180 seconds, Stopping threads took: 0.0000530 seconds
114.156: Application time: 0.0736510 seconds
114.156: [GC [PSYoungGen: 14384K->512K(15872K)] 27664K->13792K(51712K), 0.0005210 secs] [Times: user=0.00 sys=0.00, real=0.00 secs] 
114.156: Total time for which application threads were stopped: 0.0006540 seconds, Stopping threads took: 0.0000520 seconds
114.228: Application time: 0.0720490 seconds
114.229: [GC [PSYoungGen: 14336K->496K(15872K)] 27616K->13776K(51712K), 0.0004980 secs] [Times: user=0.00 sys=0.00, real=0.00 secs] 
114.229: Total time for which application threads were stopped: 0.0006360 seconds, Stopping threads took: 0.0000520 seconds
114.303: Application time: 0.0738670 seconds
114.303: [GC [PSYoungGen: 14320K->560K(15872K)] 27600K->13840K(51712K), 0.0005680 secs] [Times: user=0.00 sys=0.00, real=0.00 secs] 
114.304: Total time for which application threads were stopped: 0.0007070 seconds, Stopping threads took: 0.0000610 seconds
114.378: Application time: 0.0742720 seconds
114.378: [GC [PSYoungGen: 14384K->464K(15872K)] 27664K->13744K(51712K), 0.0005050 secs] [Times: user=0.00 sys=0.00, real=0.00 secs] 
114.379: Total time for which application threads were stopped: 0.0006280 seconds, Stopping threads took: 0.0000520 seconds
114.452: Application time: 0.0738930 seconds
114.453: [GC [PSYoungGen: 14288K->544K(15872K)] 27568K->13832K(51712K), 0.0005340 secs] [Times: user=0.00 sys=0.00, real=0.00 secs] 
114.453: Total time for which application threads were stopped: 0.0006660 seconds, Stopping threads took: 0.0000620 seconds
114.527: Application time: 0.0743490 seconds
114.528: [GC [PSYoungGen: 14368K->496K(15872K)] 27656K->13800K(51712K), 0.0005390 secs] [Times: user=0.00 sys=0.00, real=0.00 secs] 
114.528: Total time for which application threads were stopped: 0.0006710 seconds, Stopping threads took: 0.0000560 seconds
114.602: Application time: 0.0736840 seconds
114.602: [GC [PSYoungGen: 14320K->496K(15872K)] 27624K->13816K(51712K), 0.0006030 secs] [Times: user=0.00 sys=0.00, real=0.00 secs] 
114.603: Total time for which application threads were stopped: 0.0007410 seconds, Stopping threads took: 0.0000620 seconds
114.676: Application time: 0.0732520 seconds
114.676: [GC [PSYoungGen: 14320K->512K(15872K)] 27640K->13840K(51712K), 0.0005050 secs] [Times: user=0.00 sys=0.00, real=0.00 secs] 
114.676: Total time for which application threads were stopped: 0.0006450 seconds, Stopping threads took: 0.0000640 seconds
114.751: Application time: 0.0742720 seconds
114.751: [GC [PSYoungGen: 14336K->512K(15872K)] 27664K->13864K(51712K), 0.0005180 secs] [Times: user=0.00 sys=0.00, real=0.00 secs] 
114.751: Total time for which application threads were stopped: 0.0006650 seconds, Stopping threads took: 0.0000580 seconds
114.826: Application time: 0.0740910 seconds
114.826: [GC [PSYoungGen: 14336K->512K(15872K)] 27688K->13864K(51712K), 0.0005650 secs] [Times: user=0.00 sys=0.00, real=0.00 secs] 
114.826: Total time for which application threads were stopped: 0.0006970 seconds, Stopping threads took: 0.0000580 seconds
114.899: Application time: 0.0730670 seconds
114.899: [GC [PSYoungGen: 14336K->528K(15872K)] 27688K->13880K(51712K), 0.0004750 secs] [Times: user=0.00 sys=0.00, real=0.00 secs] 
114.900: Total time for which application threads were stopped: 0.0006120 seconds, Stopping threads took: 0.0000640 seconds
114.972: Application time: 0.0723500 seconds
114.972: [GC [PSYoungGen: 14352K->528K(15872K)] 27704K->13880K(51712K), 0.0005110 secs] [Times: user=0.00 sys=0.00, real=0.00 secs] 
114.973: Total time for which application threads were stopped: 0.0006390 seconds, Stopping threads took: 0.0000530 seconds
115.047: Application time: 0.0741790 seconds
115.047: [GC [PSYoungGen: 14352K->464K(15872K)] 27704K->13816K(51712K), 0.0005050 secs] [Times: user=0.01 sys=0.00, real=0.00 secs] 
115.048: Total time for which application threads were stopped: 0.0006410 seconds, Stopping threads took: 0.0000590 seconds
115.122: Application time: 0.0745380 seconds
115.122: [GC [PSYoungGen: 14288K->448K(15872K)] 27640K->13800K(51712K), 0.0005190 secs] [Times: user=0.00 sys=0.00, real=0.00 secs] 
115.123: Total time for which application threads were stopped: 0.0006550 seconds, Stopping threads took: 0.0000590 seconds
115.196: Application time: 0.0730060 seconds
115.196: [GC [PSYoungGen: 14272K->512K(15872K)] 27624K->13872K(51712K), 0.0005690 secs] [Times: user=0.00 sys=0.00, real=0.00 secs] 
115.197: Total time for which application threads were stopped: 0.0006950 seconds, Stopping threads took: 0.0000500 seconds
115.270: Application time: 0.0736960 seconds
115.270: [GC [PSYoungGen: 14336K->528K(15872K)] 27696K->13904K(51712K), 0.0005340 secs] [Times: user=0.00 sys=0.00, real=0.00 secs] 
115.271: Total time for which application threads were stopped: 0.0006700 seconds, Stopping threads took: 0.0000490 seconds
115.345: Application time: 0.0741170 seconds
115.345: [GC [PSYoungGen: 14352K->512K(15872K)] 27728K->13904K(51712K), 0.0005610 secs] [Times: user=0.00 sys=0.00, real=0.01 secs] 
115.346: Total time for which application threads were stopped: 0.0006830 seconds, Stopping threads took: 0.0000480 seconds
115.419: Application time: 0.0735660 seconds
115.419: [GC [PSYoungGen: 14336K->496K(15872K)] 27728K->13904K(51712K), 0.0005230 secs] [Times: user=0.00 sys=0.00, real=0.00 secs] 
115.420: Total time for which application threads were stopped: 0.0006460 seconds, Stopping threads took: 0.0000490 seconds
115.494: Application time: 0.0745030 seconds
115.495: [GC [PSYoungGen: 14320K->448K(15872K)] 27728K->13872K(51712K), 0.0004960 secs] [Times: user=0.00 sys=0.00, real=0.00 secs] 
115.495: Total time for which application threads were stopped: 0.0006380 seconds, Stopping threads took: 0.0000640 seconds
115.569: Application time: 0.0738880 seconds
115.569: [GC [PSYoungGen: 14272K->544K(15872K)] 27696K->13968K(51712K), 0.0005350 secs] [Times: user=0.01 sys=0.00, real=0.00 secs] 
115.570: Total time for which application threads were stopped: 0.0006620 seconds, Stopping threads took: 0.0000520 seconds
115.643: Application time: 0.0737130 seconds
115.644: [GC [PSYoungGen: 14368K->512K(15872K)] 27792K->13936K(51712K), 0.0005540 secs] [Times: user=0.00 sys=0.00, real=0.00 secs] 
115.644: Total time for which application threads were stopped: 0.0006860 seconds, Stopping threads took: 0.0000590 seconds
115.716: Application time: 0.0718070 seconds
115.716: [GC [PSYoungGen: 14336K->496K(15872K)] 27760K->13920K(51712K), 0.0005170 secs] [Times: user=0.00 sys=0.00, real=0.00 secs] 
115.717: Total time for which application threads were stopped: 0.0006480 seconds, Stopping threads took: 0.0000590 seconds
115.790: Application time: 0.0731090 seconds
115.790: [GC [PSYoungGen: 14320K->496K(15872K)] 27744K->13920K(51712K), 0.0005700 secs] [Times: user=0.00 sys=0.00, real=0.00 secs] 
115.790: Total time for which application threads were stopped: 0.0007090 seconds, Stopping threads took: 0.0000540 seconds
115.865: Application time: 0.0750350 seconds
115.866: [GC [PSYoungGen: 14320K->496K(15872K)] 27744K->13920K(51712K), 0.0005110 secs] [Times: user=0.00 sys=0.00, real=0.00 secs] 
115.866: Total time for which application threads were stopped: 0.0006410 seconds, Stopping threads took: 0.0000550 seconds
115.939: Application time: 0.0729300 seconds
115.939: [GC [PSYoungGen: 14320K->512K(15872K)] 27744K->13936K(51712K), 0.0005070 secs] [Times: user=0.00 sys=0.00, real=0.00 secs] 
115.940: Total time for which application threads were stopped: 0.0006400 seconds, Stopping threads took: 0.0000540 seconds
116.014: Application time: 0.0739530 seconds
116.014: [GC [PSYoungGen: 14336K->544K(15872K)] 27760K->13984K(51712K), 0.0005510 secs] [Times: user=0.00 sys=0.00, real=0.00 secs] 
116.014: Total time for which application threads were stopped: 0.0006990 seconds, Stopping threads took: 0.0000680 seconds
116.096: Application time: 0.0815160 seconds
116.096: [GC [PSYoungGen: 14368K->464K(15872K)] 27808K->13920K(51712K), 0.0005500 secs] [Times: user=0.01 sys=0.00, real=0.00 secs] 
116.096: Total time for which application threads were stopped: 0.0006890 seconds, Stopping threads took: 0.0000630 seconds
116.178: Application time: 0.0811150 seconds
116.178: [GC [PSYoungGen: 14288K->496K(15872K)] 27744K->13968K(51712K), 0.0005660 secs] [Times: user=0.01 sys=0.00, real=0.00 secs] 
116.178: Total time for which application threads were stopped: 0.0007100 seconds, Stopping threads took: 0.0000590 seconds
116.260: Application time: 0.0819880 seconds
116.260: [GC [PSYoungGen: 14320K->496K(15872K)] 27792K->13968K(51712K), 0.0005440 secs] [Times: user=0.00 sys=0.00, real=0.00 secs] 
116.262: Total time for which application threads were stopped: 0.0016740 seconds, Stopping threads took: 0.0000600 seconds
116.343: Application time: 0.0814150 seconds
116.344: [GC [PSYoungGen: 14320K->528K(15872K)] 27792K->14016K(51712K), 0.0005020 secs] [Times: user=0.01 sys=0.00, real=0.00 secs] 
116.344: Total time for which application threads were stopped: 0.0006500 seconds, Stopping threads took: 0.0000590 seconds
116.425: Application time: 0.0808760 seconds
116.425: [GC [PSYoungGen: 14352K->512K(15872K)] 27840K->14000K(51712K), 0.0005410 secs] [Times: user=0.00 sys=0.00, real=0.01 secs] 
116.426: Total time for which application threads were stopped: 0.0006910 seconds, Stopping threads took: 0.0000650 seconds
116.505: Application time: 0.0792040 seconds
116.505: [GC [PSYoungGen: 14336K->512K(15872K)] 27824K->14000K(51712K), 0.0005740 secs] [Times: user=0.00 sys=0.00, real=0.01 secs] 
116.506: Total time for which application threads were stopped: 0.0007090 seconds, Stopping threads took: 0.0000550 seconds
116.586: Application time: 0.0805420 seconds
116.586: [GC [PSYoungGen: 14336K->512K(15872K)] 27824K->14000K(51712K), 0.0005260 secs] [Times: user=0.00 sys=0.00, real=0.00 secs] 
116.587: Total time for which application threads were stopped: 0.0006690 seconds, Stopping threads took: 0.0000640 seconds
116.668: Application time: 0.0814460 seconds
116.668: [GC [PSYoungGen: 14336K->496K(15872K)] 27824K->13984K(51712K), 0.0005680 secs] [Times: user=0.00 sys=0.00, real=0.00 secs] 
116.669: Total time for which application threads were stopped: 0.0007150 seconds, Stopping threads took: 0.0000730 seconds
116.749: Application time: 0.0805800 seconds
116.750: [GC [PSYoungGen: 14320K->512K(15872K)] 27808K->14000K(51712K), 0.0005630 secs] [Times: user=0.00 sys=0.00, real=0.00 secs] 
116.750: Total time for which application threads were stopped: 0.0006870 seconds, Stopping threads took: 0.0000510 seconds
116.831: Application time: 0.0811590 seconds
116.831: [GC [PSYoungGen: 14336K->512K(15872K)] 27824K->14016K(51712K), 0.0005090 secs] [Times: user=0.00 sys=0.00, real=0.00 secs] 
116.832: Total time for which application threads were stopped: 0.0006370 seconds, Stopping threads took: 0.0000530 seconds
116.913: Application time: 0.0812220 seconds
116.913: [GC [PSYoungGen: 14336K->464K(15872K)] 27840K->13984K(51712K), 0.0005050 secs] [Times: user=0.00 sys=0.00, real=0.00 secs] 
116.914: Total time for which application threads were stopped: 0.0006650 seconds, Stopping threads took: 0.0000690 seconds
116.995: Application time: 0.0811410 seconds
116.995: [GC [PSYoungGen: 14288K->480K(15872K)] 27808K->14024K(51712K), 0.0005280 secs] [Times: user=0.00 sys=0.00, real=0.00 secs] 
116.996: Total time for which application threads were stopped: 0.0006630 seconds, Stopping threads took: 0.0000620 seconds
117.077: Application time: 0.0812410 seconds
117.077: [GC [PSYoungGen: 14304K->496K(15872K)] 27848K->14040K(51712K), 0.0005610 secs] [Times: user=0.00 sys=0.00, real=0.00 secs] 
117.078: Total time for which application threads were stopped: 0.0006890 seconds, Stopping threads took: 0.0000510 seconds
117.159: Application time: 0.0818000 seconds
117.160: [GC [PSYoungGen: 14320K->480K(15872K)] 27864K->14040K(51712K), 0.0005240 secs] [Times: user=0.01 sys=0.00, real=0.00 secs] 
117.160: Total time for which application threads were stopped: 0.0006660 seconds, Stopping threads took: 0.0000610 seconds
117.241: Application time: 0.0808220 seconds
117.241: [GC [PSYoungGen: 14304K->496K(15872K)] 27864K->14056K(51712K), 0.0007070 secs] [Times: user=0.00 sys=0.00, real=0.00 secs] 
117.242: Total time for which application threads were stopped: 0.0008430 seconds, Stopping threads took: 0.0000570 seconds
117.322: Application time: 0.0801160 seconds
117.322: [GC [PSYoungGen: 14320K->496K(15872K)] 27880K->14056K(51712K), 0.0005540 secs] [Times: user=0.01 sys=0.00, real=0.00 secs] 
117.323: Total time for which application threads were stopped: 0.0006860 seconds, Stopping threads took: 0.0000520 seconds
117.405: Application time: 0.0822610 seconds
117.405: [GC [PSYoungGen: 14320K->480K(15872K)] 27880K->14040K(51712K), 0.0005490 secs] [Times: user=0.00 sys=0.00, real=0.01 secs] 
117.406: Total time for which application threads were stopped: 0.0007090 seconds, Stopping threads took: 0.0000770 seconds
117.486: Application time: 0.0806380 seconds
117.486: [GC [PSYoungGen: 14304K->496K(15872K)] 27864K->14056K(51712K), 0.0005210 secs] [Times: user=0.00 sys=0.00, real=0.00 secs] 
117.487: Total time for which application threads were stopped: 0.0006680 seconds, Stopping threads took: 0.0000610 seconds
117.567: Application time: 0.0804640 seconds
117.567: [GC [PSYoungGen: 14320K->496K(15872K)] 27880K->14056K(51712K), 0.0005460 secs] [Times: user=0.01 sys=0.00, real=0.00 secs] 
117.568: Total time for which application threads were stopped: 0.0006790 seconds, Stopping threads took: 0.0000520 seconds
117.649: Application time: 0.0814160 seconds
117.650: [GC [PSYoungGen: 14320K->528K(15872K)] 27880K->14104K(51712K), 0.0005170 secs] [Times: user=0.00 sys=0.00, real=0.00 secs] 
117.650: Total time for which application threads were stopped: 0.0006590 seconds, Stopping threads took: 0.0000630 seconds
117.731: Application time: 0.0809400 seconds
117.731: [GC [PSYoungGen: 14352K->512K(15872K)] 27928K->14104K(51712K), 0.0005550 secs] [Times: user=0.00 sys=0.00, real=0.00 secs] 
117.732: Total time for which application threads were stopped: 0.0007140 seconds, Stopping threads took: 0.0000780 seconds
117.813: Application time: 0.0814510 seconds
117.813: [GC [PSYoungGen: 14336K->512K(15872K)] 27928K->14128K(51712K), 0.0005470 secs] [Times: user=0.00 sys=0.00, real=0.01 secs] 
117.814: Total time for which application threads were stopped: 0.0006840 seconds, Stopping threads took: 0.0000590 seconds
117.895: Application time: 0.0813320 seconds
117.895: [GC [PSYoungGen: 14336K->496K(15872K)] 27952K->14112K(51712K), 0.0005400 secs] [Times: user=0.00 sys=0.00, real=0.00 secs] 
117.896: Total time for which application threads were stopped: 0.0006990 seconds, Stopping threads took: 0.0000790 seconds
117.977: Application time: 0.0811780 seconds
117.977: [GC [PSYoungGen: 14320K->496K(15872K)] 27936K->14128K(51712K), 0.0005420 secs] [Times: user=0.00 sys=0.00, real=0.00 secs] 
117.978: Total time for which application threads were stopped: 0.0006780 seconds, Stopping threads took: 0.0000520 seconds
118.059: Application time: 0.0814190 seconds
118.059: [GC [PSYoungGen: 14320K->496K(15872K)] 27952K->14128K(51712K), 0.0004900 secs] [Times: user=0.00 sys=0.00, real=0.00 secs] 
118.060: Total time for which application threads were stopped: 0.0006400 seconds, Stopping threads took: 0.0000640 seconds
118.139: Application time: 0.0792840 seconds
118.139: [GC [PSYoungGen: 14320K->512K(15872K)] 27952K->14144K(51712K), 0.0005420 secs] [Times: user=0.00 sys=0.00, real=0.00 secs] 
118.140: Total time for which application threads were stopped: 0.0006890 seconds, Stopping threads took: 0.0000670 seconds
118.221: Application time: 0.0808810 seconds
118.221: [GC [PSYoungGen: 14336K->512K(15872K)] 27968K->14144K(51712K), 0.0006010 secs] [Times: user=0.00 sys=0.00, real=0.00 secs] 
118.221: Total time for which application threads were stopped: 0.0007460 seconds, Stopping threads took: 0.0000660 seconds
118.303: Application time: 0.0814520 seconds
118.303: [GC [PSYoungGen: 14336K->560K(15872K)] 27968K->14192K(51712K), 0.0005240 secs] [Times: user=0.00 sys=0.00, real=0.00 secs] 
118.304: Total time for which application threads were stopped: 0.0006770 seconds, Stopping threads took: 0.0000710 seconds
118.384: Application time: 0.0806300 seconds
118.384: [GC [PSYoungGen: 14384K->448K(15872K)] 28016K->14080K(51712K), 0.0005750 secs] [Times: user=0.00 sys=0.00, real=0.00 secs] 
118.385: Total time for which application threads were stopped: 0.0007200 seconds, Stopping threads took: 0.0000570 seconds
118.466: Application time: 0.0809960 seconds
118.466: [GC [PSYoungGen: 14272K->496K(15872K)] 27904K->14144K(51712K), 0.0005820 secs] [Times: user=0.00 sys=0.00, real=0.00 secs] 
118.467: Total time for which application threads were stopped: 0.0007190 seconds, Stopping threads took: 0.0000590 seconds
118.548: Application time: 0.0809980 seconds
118.548: [GC [PSYoungGen: 14320K->512K(15872K)] 27968K->14176K(51712K), 0.0005280 secs] [Times: user=0.00 sys=0.00, real=0.00 secs] 
118.548: Total time for which application threads were stopped: 0.0006700 seconds, Stopping threads took: 0.0000640 seconds
118.630: Application time: 0.0815410 seconds
118.633: [GC [PSYoungGen: 14336K->512K(15872K)] 28000K->14200K(51712K), 0.0005630 secs] [Times: user=0.01 sys=0.00, real=0.00 secs] 
118.634: Total time for which application threads were stopped: 0.0041650 seconds, Stopping threads took: 0.0035130 seconds
118.715: Application time: 0.0808070 seconds
118.715: [GC [PSYoungGen: 14336K->512K(15872K)] 28024K->14216K(51712K), 0.0005740 secs] [Times: user=0.01 sys=0.00, real=0.00 secs] 
118.716: Total time for which application threads were stopped: 0.0007180 seconds, Stopping threads took: 0.0000640 seconds
118.797: Application time: 0.0816500 seconds
118.797: [GC [PSYoungGen: 14336K->496K(15872K)] 28040K->14216K(51712K), 0.0005040 secs] [Times: user=0.00 sys=0.00, real=0.00 secs] 
118.798: Total time for which application threads were stopped: 0.0006460 seconds, Stopping threads took: 0.0000630 seconds
118.880: Application time: 0.0822730 seconds
118.880: [GC [PSYoungGen: 14320K->464K(15872K)] 28040K->14184K(51712K), 0.0005420 secs] [Times: user=0.00 sys=0.00, real=0.00 secs] 
118.881: Total time for which application threads were stopped: 0.0006880 seconds, Stopping threads took: 0.0000690 seconds
118.962: Application time: 0.0812770 seconds
118.962: [GC [PSYoungGen: 14288K->528K(15872K)] 28008K->14248K(51712K), 0.0005080 secs] [Times: user=0.00 sys=0.00, real=0.00 secs] 
118.963: Total time for which application threads were stopped: 0.0006440 seconds, Stopping threads took: 0.0000600 seconds
119.042: Application time: 0.0791580 seconds
119.042: [GC [PSYoungGen: 14352K->480K(15872K)] 28072K->14200K(51712K), 0.0005710 secs] [Times: user=0.00 sys=0.00, real=0.00 secs] 
119.043: Total time for which application threads were stopped: 0.0007020 seconds, Stopping threads took: 0.0000550 seconds
119.123: Application time: 0.0805680 seconds
119.123: [GC [PSYoungGen: 14304K->512K(15872K)] 28024K->14232K(51712K), 0.0006120 secs] [Times: user=0.00 sys=0.00, real=0.00 secs] 
119.124: Total time for which application threads were stopped: 0.0007560 seconds, Stopping threads took: 0.0000630 seconds
119.206: Application time: 0.0818750 seconds
119.206: [GC [PSYoungGen: 14336K->464K(15872K)] 28056K->14184K(51712K), 0.0005980 secs] [Times: user=0.01 sys=0.00, real=0.00 secs] 
119.207: Total time for which application threads were stopped: 0.0007460 seconds, Stopping threads took: 0.0000560 seconds
119.287: Application time: 0.0805640 seconds
119.287: [GC [PSYoungGen: 14288K->512K(15872K)] 28008K->14248K(51712K), 0.0005390 secs] [Times: user=0.00 sys=0.00, real=0.00 secs] 
119.288: Total time for which application threads were stopped: 0.0006810 seconds, Stopping threads took: 0.0000620 seconds
119.369: Application time: 0.0812440 seconds
119.369: [GC [PSYoungGen: 14336K->544K(15872K)] 28072K->14288K(51712K), 0.0005360 secs] [Times: user=0.00 sys=0.00, real=0.00 secs] 
119.370: Total time for which application threads were stopped: 0.0006820 seconds, Stopping threads took: 0.0000670 seconds
119.451: Application time: 0.0810620 seconds
119.451: [GC [PSYoungGen: 14368K->544K(15872K)] 28112K->14304K(51712K), 0.0005260 secs] [Times: user=0.00 sys=0.00, real=0.00 secs] 
119.451: Total time for which application threads were stopped: 0.0006710 seconds, Stopping threads took: 0.0000650 seconds
119.533: Application time: 0.0812770 seconds
119.533: [GC [PSYoungGen: 14368K->544K(15872K)] 28128K->14320K(51712K), 0.0005810 secs] [Times: user=0.00 sys=0.00, real=0.01 secs] 
119.533: Total time for which application threads were stopped: 0.0007380 seconds, Stopping threads took: 0.0000760 seconds
119.615: Application time: 0.0817170 seconds
119.615: [GC [PSYoungGen: 14368K->512K(15872K)] 28144K->14296K(51712K), 0.0005040 secs] [Times: user=0.01 sys=0.00, real=0.00 secs] 
119.616: Total time for which application threads were stopped: 0.0006340 seconds, Stopping threads took: 0.0000550 seconds
119.697: Application time: 0.0813280 seconds
119.697: [GC [PSYoungGen: 14336K->544K(15872K)] 28120K->14344K(51712K), 0.0005600 secs] [Times: user=0.00 sys=0.00, real=0.00 secs] 
119.698: Total time for which application threads were stopped: 0.0007110 seconds, Stopping threads took: 0.0000730 seconds
119.779: Application time: 0.0808480 seconds
119.779: [GC [PSYoungGen: 14368K->512K(15872K)] 28168K->14312K(51712K), 0.0005160 secs] [Times: user=0.00 sys=0.00, real=0.00 secs] 
119.779: Total time for which application threads were stopped: 0.0006570 seconds, Stopping threads took: 0.0000540 seconds
119.858: Application time: 0.0790740 seconds
119.859: [GC [PSYoungGen: 14336K->496K(15872K)] 28136K->14296K(51712K), 0.0005860 secs] [Times: user=0.01 sys=0.00, real=0.00 secs] 
119.859: Total time for which application threads were stopped: 0.0007250 seconds, Stopping threads took: 0.0000600 seconds
119.940: Application time: 0.0809920 seconds
119.940: [GC [PSYoungGen: 14320K->512K(15872K)] 28120K->14312K(51712K), 0.0005740 secs] [Times: user=0.01 sys=0.00, real=0.00 secs] 
119.941: Total time for which application threads were stopped: 0.0007170 seconds, Stopping threads took: 0.0000620 seconds
120.022: Application time: 0.0807870 seconds
120.022: [GC [PSYoungGen: 14336K->496K(15872K)] 28136K->14296K(51712K), 0.0005390 secs] [Times: user=0.00 sys=0.00, real=0.00 secs] 
120.022: Total time for which application threads were stopped: 0.0006660 seconds, Stopping threads took: 0.0000540 seconds
120.095: Application time: 0.0729550 seconds
120.095: [GC [PSYoungGen: 14320K->496K(15872K)] 28120K->14296K(51712K), 0.0004880 secs] [Times: user=0.00 sys=0.00, real=0.00 secs] 
120.096: Total time for which application threads were stopped: 0.0006140 seconds, Stopping threads took: 0.0000510 seconds
120.170: Application time: 0.0739930 seconds
120.170: [GC [PSYoungGen: 14320K->496K(15872K)] 28120K->14320K(51712K), 0.0006210 secs] [Times: user=0.00 sys=0.00, real=0.00 secs] 
120.171: Total time for which application threads were stopped: 0.0007520 seconds, Stopping threads took: 0.0000550 seconds
120.244: Application time: 0.0735240 seconds
120.244: [GC [PSYoungGen: 14320K->528K(15872K)] 28144K->14368K(51712K), 0.0005320 secs] [Times: user=0.00 sys=0.00, real=0.00 secs] 
120.245: Total time for which application threads were stopped: 0.0006630 seconds, Stopping threads took: 0.0000590 seconds
120.319: Application time: 0.0739230 seconds
120.319: [GC [PSYoungGen: 14352K->528K(15872K)] 28192K->14384K(51712K), 0.0005390 secs] [Times: user=0.01 sys=0.00, real=0.00 secs] 
120.319: Total time for which application threads were stopped: 0.0006740 seconds, Stopping threads took: 0.0000500 seconds
120.395: Application time: 0.0750620 seconds
120.395: [GC [PSYoungGen: 14352K->480K(15872K)] 28208K->14336K(51712K), 0.0005210 secs] [Times: user=0.00 sys=0.00, real=0.00 secs] 
120.395: Total time for which application threads were stopped: 0.0006570 seconds, Stopping threads took: 0.0000560 seconds
120.469: Application time: 0.0741460 seconds
120.469: [GC [PSYoungGen: 14304K->496K(15872K)] 28160K->14368K(51712K), 0.0005050 secs] [Times: user=0.00 sys=0.00, real=0.00 secs] 
120.470: Total time for which application threads were stopped: 0.0006380 seconds, Stopping threads took: 0.0000570 seconds
120.543: Application time: 0.0733690 seconds
120.543: [GC [PSYoungGen: 14320K->512K(15872K)] 28192K->14384K(51712K), 0.0005800 secs] [Times: user=0.00 sys=0.00, real=0.00 secs] 
120.544: Total time for which application threads were stopped: 0.0007200 seconds, Stopping threads took: 0.0000620 seconds
120.616: Application time: 0.0724060 seconds
120.617: [GC [PSYoungGen: 14336K->496K(15872K)] 28208K->14368K(51712K), 0.0005060 secs] [Times: user=0.00 sys=0.00, real=0.00 secs] 
120.617: Total time for which application threads were stopped: 0.0006350 seconds, Stopping threads took: 0.0000560 seconds
120.691: Application time: 0.0734090 seconds
120.691: [GC [PSYoungGen: 14320K->480K(15872K)] 28192K->14352K(51712K), 0.0005620 secs] [Times: user=0.00 sys=0.00, real=0.00 secs] 
120.691: Total time for which application threads were stopped: 0.0006900 seconds, Stopping threads took: 0.0000560 seconds
120.765: Application time: 0.0738860 seconds
120.765: [GC [PSYoungGen: 14304K->512K(15872K)] 28176K->14384K(51712K), 0.0005110 secs] [Times: user=0.00 sys=0.00, real=0.01 secs] 
120.766: Total time for which application threads were stopped: 0.0006510 seconds, Stopping threads took: 0.0000650 seconds
120.839: Application time: 0.0729660 seconds
120.839: [GC [PSYoungGen: 14336K->480K(15872K)] 28208K->14352K(51712K), 0.0004810 secs] [Times: user=0.00 sys=0.00, real=0.00 secs] 
120.839: Total time for which application threads were stopped: 0.0006120 seconds, Stopping threads took: 0.0000490 seconds
120.913: Application time: 0.0739110 seconds
120.913: [GC [PSYoungGen: 14304K->464K(15872K)] 28176K->14352K(51712K), 0.0005210 secs] [Times: user=0.00 sys=0.00, real=0.00 secs] 
120.914: Total time for which application threads were stopped: 0.0006640 seconds, Stopping threads took: 0.0000640 seconds
120.987: Application time: 0.0734800 seconds
120.987: [GC [PSYoungGen: 14288K->480K(15872K)] 28176K->14400K(51712K), 0.0005220 secs] [Times: user=0.00 sys=0.00, real=0.00 secs] 
120.988: Total time for which application threads were stopped: 0.0006580 seconds, Stopping threads took: 0.0000600 seconds
121.062: Application time: 0.0738020 seconds
121.062: [GC [PSYoungGen: 14304K->544K(15872K)] 28224K->14472K(51712K), 0.0005530 secs] [Times: user=0.00 sys=0.00, real=0.00 secs] 
121.063: Total time for which application threads were stopped: 0.0006920 seconds, Stopping threads took: 0.0000610 seconds
121.137: Application time: 0.0742680 seconds
121.137: [GC [PSYoungGen: 14368K->480K(15872K)] 28296K->14408K(51712K), 0.0005270 secs] [Times: user=0.01 sys=0.00, real=0.00 secs] 
121.137: Total time for which application threads were stopped: 0.0006460 seconds, Stopping threads took: 0.0000410 seconds
121.211: Application time: 0.0739510 seconds
121.212: [GC [PSYoungGen: 14304K->512K(15872K)] 28232K->14448K(51712K), 0.0005660 secs] [Times: user=0.00 sys=0.00, real=0.00 secs] 
121.212: Total time for which application threads were stopped: 0.0006970 seconds, Stopping threads took: 0.0000560 seconds
121.286: Application time: 0.0736920 seconds
121.286: [GC [PSYoungGen: 14336K->496K(15872K)] 28272K->14432K(51712K), 0.0005740 secs] [Times: user=0.00 sys=0.00, real=0.00 secs] 
121.287: Total time for which application threads were stopped: 0.0016480 seconds, Stopping threads took: 0.0000510 seconds
121.360: Application time: 0.0726810 seconds
121.360: [GC [PSYoungGen: 14320K->512K(15872K)] 28256K->14448K(51712K), 0.0004770 secs] [Times: user=0.00 sys=0.00, real=0.00 secs] 
121.361: Total time for which application threads were stopped: 0.0006220 seconds, Stopping threads took: 0.0000570 seconds
121.434: Application time: 0.0732070 seconds
121.434: [GC [PSYoungGen: 14336K->512K(15872K)] 28272K->14448K(51712K), 0.0005040 secs] [Times: user=0.00 sys=0.00, real=0.00 secs] 
121.435: Total time for which application threads were stopped: 0.0006600 seconds, Stopping threads took: 0.0000830 seconds
121.508: Application time: 0.0731120 seconds
121.508: [GC [PSYoungGen: 14336K->528K(15872K)] 28272K->14464K(51712K), 0.0005570 secs] [Times: user=0.01 sys=0.00, real=0.00 secs] 
121.508: Total time for which application threads were stopped: 0.0006920 seconds, Stopping threads took: 0.0000630 seconds
121.581: Application time: 0.0726090 seconds
121.581: [GC [PSYoungGen: 14352K->512K(15872K)] 28288K->14448K(51712K), 0.0005190 secs] [Times: user=0.00 sys=0.00, real=0.00 secs] 
121.582: Total time for which application threads were stopped: 0.0006530 seconds, Stopping threads took: 0.0000510 seconds
121.656: Application time: 0.0742730 seconds
121.656: [GC [PSYoungGen: 14336K->528K(15872K)] 28272K->14480K(51712K), 0.0005170 secs] [Times: user=0.00 sys=0.00, real=0.00 secs] 
121.657: Total time for which application threads were stopped: 0.0006560 seconds, Stopping threads took: 0.0000600 seconds
121.731: Application time: 0.0738850 seconds
121.731: [GC [PSYoungGen: 14352K->512K(15872K)] 28304K->14480K(51712K), 0.0004860 secs] [Times: user=0.00 sys=0.00, real=0.00 secs] 
121.731: Total time for which application threads were stopped: 0.0006360 seconds, Stopping threads took: 0.0000780 seconds
121.805: Application time: 0.0735980 seconds
121.805: [GC [PSYoungGen: 14336K->544K(15872K)] 28304K->14520K(51712K), 0.0004890 secs] [Times: user=0.00 sys=0.00, real=0.01 secs] 
121.805: Total time for which application threads were stopped: 0.0006210 seconds, Stopping threads took: 0.0000590 seconds
121.881: Application time: 0.0758460 seconds
121.881: [GC [PSYoungGen: 14368K->480K(15872K)] 28344K->14456K(51712K), 0.0006590 secs] [Times: user=0.00 sys=0.00, real=0.00 secs] 
121.882: Total time for which application threads were stopped: 0.0008050 seconds, Stopping threads took: 0.0000620 seconds
121.956: Application time: 0.0736220 seconds
121.956: [GC [PSYoungGen: 14304K->496K(15872K)] 28280K->14488K(51712K), 0.0005490 secs] [Times: user=0.00 sys=0.00, real=0.00 secs] 
121.956: Total time for which application threads were stopped: 0.0006780 seconds, Stopping threads took: 0.0000530 seconds
122.030: Application time: 0.0731730 seconds
122.030: [GC [PSYoungGen: 14320K->528K(15872K)] 28312K->14520K(51712K), 0.0005380 secs] [Times: user=0.01 sys=0.00, real=0.00 secs] 
122.030: Total time for which application threads were stopped: 0.0006660 seconds, Stopping threads took: 0.0000520 seconds
122.103: Application time: 0.0730780 seconds
122.103: [GC [PSYoungGen: 14352K->480K(15872K)] 28344K->14472K(51712K), 0.0005060 secs] [Times: user=0.00 sys=0.00, real=0.00 secs] 
122.104: Total time for which application threads were stopped: 0.0006400 seconds, Stopping threads took: 0.0000600 seconds
122.177: Application time: 0.0732960 seconds
122.177: [GC [PSYoungGen: 14304K->464K(15872K)] 28296K->14456K(51712K), 0.0004950 secs] [Times: user=0.00 sys=0.00, real=0.00 secs] 
122.178: Total time for which application threads were stopped: 0.0006280 seconds, Stopping threads took: 0.0000530 seconds
122.252: Application time: 0.0737500 seconds
122.252: [GC [PSYoungGen: 14288K->544K(15872K)] 28280K->14536K(51712K), 0.0004990 secs] [Times: user=0.00 sys=0.00, real=0.00 secs] 
122.252: Total time for which application threads were stopped: 0.0006570 seconds, Stopping threads took: 0.0000780 seconds
122.326: Application time: 0.0738960 seconds
122.326: [GC [PSYoungGen: 14368K->512K(15872K)] 28360K->14504K(51712K), 0.0005930 secs] [Times: user=0.00 sys=0.00, real=0.00 secs] 
122.327: Total time for which application threads were stopped: 0.0007220 seconds, Stopping threads took: 0.0000510 seconds
122.400: Application time: 0.0729700 seconds
122.400: [GC [PSYoungGen: 14336K->480K(15872K)] 28328K->14480K(51712K), 0.0005080 secs] [Times: user=0.00 sys=0.00, real=0.00 secs] 
122.400: Total time for which application threads were stopped: 0.0006450 seconds, Stopping threads took: 0.0000540 seconds
122.474: Application time: 0.0739800 seconds
122.475: [GC [PSYoungGen: 14304K->528K(15872K)] 28304K->14544K(51712K), 0.0005090 secs] [Times: user=0.00 sys=0.00, real=0.00 secs] 
122.475: Total time for which application threads were stopped: 0.0006600 seconds, Stopping threads took: 0.0000760 seconds
122.549: Application time: 0.0741840 seconds
122.549: [GC [PSYoungGen: 14352K->528K(15872K)] 28368K->14560K(51712K), 0.0005220 secs] [Times: user=0.00 sys=0.00, real=0.00 secs] 
122.550: Total time for which application threads were stopped: 0.0006550 seconds, Stopping threads took: 0.0000560 seconds
122.624: Application time: 0.0739030 seconds
122.624: [GC [PSYoungGen: 14352K->528K(15872K)] 28384K->14576K(51712K), 0.0004950 secs] [Times: user=0.01 sys=0.00, real=0.00 secs] 
122.624: Total time for which application threads were stopped: 0.0006270 seconds, Stopping threads took: 0.0000630 seconds
122.699: Application time: 0.0743680 seconds
122.699: [GC [PSYoungGen: 14352K->528K(15872K)] 28400K->14608K(51712K), 0.0006060 secs] [Times: user=0.00 sys=0.00, real=0.00 secs] 
122.700: Total time for which application threads were stopped: 0.0007360 seconds, Stopping threads took: 0.0000510 seconds
122.773: Application time: 0.0737200 seconds
122.773: [GC [PSYoungGen: 14352K->496K(15872K)] 28432K->14576K(51712K), 0.0004960 secs] [Times: user=0.01 sys=0.00, real=0.00 secs] 
122.774: Total time for which application threads were stopped: 0.0006340 seconds, Stopping threads took: 0.0000630 seconds
122.847: Application time: 0.0732360 seconds
122.847: [GC [PSYoungGen: 14320K->480K(15872K)] 28400K->14560K(51712K), 0.0004800 secs] [Times: user=0.00 sys=0.00, real=0.00 secs] 
122.848: Total time for which application threads were stopped: 0.0006090 seconds, Stopping threads took: 0.0000550 seconds
122.920: Application time: 0.0723910 seconds
122.920: [GC [PSYoungGen: 14304K->464K(15872K)] 28384K->14544K(51712K), 0.0004820 secs] [Times: user=0.00 sys=0.00, real=0.00 secs] 
122.921: Total time for which application threads were stopped: 0.0006220 seconds, Stopping threads took: 0.0000580 seconds
122.994: Application time: 0.0731740 seconds
122.994: [GC [PSYoungGen: 14288K->480K(15872K)] 28368K->14560K(51712K), 0.0005390 secs] [Times: user=0.00 sys=0.00, real=0.00 secs] 
122.995: Total time for which application threads were stopped: 0.0006730 seconds, Stopping threads took: 0.0000590 seconds
123.069: Application time: 0.0743690 seconds
123.069: [GC [PSYoungGen: 14304K->512K(15872K)] 28384K->14592K(51712K), 0.0005430 secs] [Times: user=0.01 sys=0.00, real=0.00 secs] 
123.070: Total time for which application threads were stopped: 0.0006830 seconds, Stopping threads took: 0.0000590 seconds
123.143: Application time: 0.0730560 seconds
123.143: [GC [PSYoungGen: 14336K->528K(15872K)] 28416K->14624K(51712K), 0.0005160 secs] [Times: user=0.00 sys=0.00, real=0.00 secs] 
123.143: Total time for which application threads were stopped: 0.0006490 seconds, Stopping threads took: 0.0000540 seconds
123.217: Application time: 0.0740420 seconds
123.218: [GC [PSYoungGen: 14352K->512K(15872K)] 28448K->14616K(51712K), 0.0005800 secs] [Times: user=0.01 sys=0.00, real=0.00 secs] 
123.218: Total time for which application threads were stopped: 0.0007130 seconds, Stopping threads took: 0.0000590 seconds
123.292: Application time: 0.0737730 seconds
123.292: [GC [PSYoungGen: 14336K->512K(15872K)] 28440K->14632K(51712K), 0.0005670 secs] [Times: user=0.01 sys=0.00, real=0.00 secs] 
123.293: Total time for which application threads were stopped: 0.0006980 seconds, Stopping threads took: 0.0000570 seconds
123.367: Application time: 0.0739910 seconds
123.367: [GC [PSYoungGen: 14336K->528K(15872K)] 28456K->14664K(51712K), 0.0005740 secs] [Times: user=0.00 sys=0.00, real=0.00 secs] 
123.367: Total time for which application threads were stopped: 0.0007080 seconds, Stopping threads took: 0.0000590 seconds
123.443: Application time: 0.0753470 seconds
123.443: [GC [PSYoungGen: 14352K->480K(15872K)] 28488K->14616K(51712K), 0.0005300 secs] [Times: user=0.01 sys=0.00, real=0.00 secs] 
123.443: Total time for which application threads were stopped: 0.0006720 seconds, Stopping threads took: 0.0000580 seconds
123.518: Application time: 0.0743490 seconds
123.518: [GC [PSYoungGen: 14291K->496K(15872K)] 28428K->14648K(51712K), 0.0005110 secs] [Times: user=0.01 sys=0.00, real=0.00 secs] 
123.518: Total time for which application threads were stopped: 0.0006380 seconds, Stopping threads took: 0.0000500 seconds
123.592: Application time: 0.0733890 seconds
123.592: [GC [PSYoungGen: 14320K->464K(15872K)] 28472K->14616K(51712K), 0.0004740 secs] [Times: user=0.00 sys=0.00, real=0.00 secs] 
123.592: Total time for which application threads were stopped: 0.0006130 seconds, Stopping threads took: 0.0000580 seconds
123.664: Application time: 0.0718820 seconds
123.664: [GC [PSYoungGen: 14288K->496K(15872K)] 28440K->14648K(51712K), 0.0004970 secs] [Times: user=0.00 sys=0.00, real=0.00 secs] 
123.665: Total time for which application threads were stopped: 0.0006210 seconds, Stopping threads took: 0.0000500 seconds
123.739: Application time: 0.0737080 seconds
123.739: [GC [PSYoungGen: 14320K->464K(15872K)] 28472K->14616K(51712K), 0.0005080 secs] [Times: user=0.00 sys=0.00, real=0.00 secs] 
123.739: Total time for which application threads were stopped: 0.0006440 seconds, Stopping threads took: 0.0000590 seconds
123.813: Application time: 0.0738910 seconds
123.813: [GC [PSYoungGen: 14288K->496K(15872K)] 28440K->14648K(51712K), 0.0005090 secs] [Times: user=0.00 sys=0.00, real=0.01 secs] 
123.814: Total time for which application threads were stopped: 0.0006570 seconds, Stopping threads took: 0.0000740 seconds
123.887: Application time: 0.0730820 seconds
123.887: [GC [PSYoungGen: 14320K->528K(15872K)] 28472K->14680K(51712K), 0.0005090 secs] [Times: user=0.00 sys=0.00, real=0.00 secs] 
123.888: Total time for which application threads were stopped: 0.0006520 seconds, Stopping threads took: 0.0000630 seconds
123.961: Application time: 0.0738590 seconds
123.962: [GC [PSYoungGen: 14352K->544K(15872K)] 28504K->14712K(51712K), 0.0005060 secs] [Times: user=0.00 sys=0.00, real=0.00 secs] 
123.962: Total time for which application threads were stopped: 0.0006520 seconds, Stopping threads took: 0.0000620 seconds
124.036: Application time: 0.0737230 seconds
124.036: [GC [PSYoungGen: 14368K->496K(15872K)] 28536K->14680K(51712K), 0.0004980 secs] [Times: user=0.00 sys=0.00, real=0.00 secs] 
124.036: Total time for which application threads were stopped: 0.0006290 seconds, Stopping threads took: 0.0000590 seconds
124.110: Application time: 0.0737850 seconds
124.110: [GC [PSYoungGen: 14320K->544K(15872K)] 28504K->14744K(51712K), 0.0004910 secs] [Times: user=0.00 sys=0.00, real=0.00 secs] 
124.111: Total time for which application threads were stopped: 0.0006310 seconds, Stopping threads took: 0.0000620 seconds
124.185: Application time: 0.0741670 seconds
124.185: [GC [PSYoungGen: 14368K->496K(15872K)] 28568K->14696K(51712K), 0.0005260 secs] [Times: user=0.00 sys=0.00, real=0.01 secs] 
124.186: Total time for which application threads were stopped: 0.0006610 seconds, Stopping threads took: 0.0000540 seconds
124.260: Application time: 0.0741990 seconds
124.260: [GC [PSYoungGen: 14320K->464K(15872K)] 28520K->14688K(51712K), 0.0004980 secs] [Times: user=0.01 sys=0.00, real=0.00 secs] 
124.260: Total time for which application threads were stopped: 0.0006260 seconds, Stopping threads took: 0.0000560 seconds
124.334: Application time: 0.0734590 seconds
124.334: [GC [PSYoungGen: 14288K->544K(15872K)] 28512K->14768K(51712K), 0.0004940 secs] [Times: user=0.00 sys=0.00, real=0.00 secs] 
124.335: Total time for which application threads were stopped: 0.0006300 seconds, Stopping threads took: 0.0000600 seconds
124.407: Application time: 0.0722470 seconds
124.407: [GC [PSYoungGen: 14368K->560K(15872K)] 28592K->14784K(51712K), 0.0005090 secs] [Times: user=0.00 sys=0.00, real=0.00 secs] 
124.407: Total time for which application threads were stopped: 0.0006580 seconds, Stopping threads took: 0.0000720 seconds
124.481: Application time: 0.0733020 seconds
124.481: [GC [PSYoungGen: 14384K->496K(15872K)] 28608K->14720K(51712K), 0.0004930 secs] [Times: user=0.00 sys=0.00, real=0.00 secs] 
124.481: Total time for which application threads were stopped: 0.0006260 seconds, Stopping threads took: 0.0000500 seconds
124.556: Application time: 0.0742080 seconds
124.556: [GC [PSYoungGen: 14320K->496K(15872K)] 28544K->14720K(51712K), 0.0005840 secs] [Times: user=0.01 sys=0.00, real=0.00 secs] 
124.556: Total time for which application threads were stopped: 0.0007280 seconds, Stopping threads took: 0.0000640 seconds
124.629: Application time: 0.0726760 seconds
124.629: [GC [PSYoungGen: 14320K->496K(15872K)] 28544K->14720K(51712K), 0.0005420 secs] [Times: user=0.00 sys=0.00, real=0.00 secs] 
124.630: Total time for which application threads were stopped: 0.0006710 seconds, Stopping threads took: 0.0000570 seconds
124.704: Application time: 0.0741670 seconds
124.704: [GC [PSYoungGen: 14320K->528K(15872K)] 28544K->14768K(51712K), 0.0005270 secs] [Times: user=0.00 sys=0.00, real=0.00 secs] 
124.705: Total time for which application threads were stopped: 0.0006600 seconds, Stopping threads took: 0.0000600 seconds
124.778: Application time: 0.0736750 seconds
124.778: [GC [PSYoungGen: 14352K->528K(15872K)] 28592K->14784K(51712K), 0.0005370 secs] [Times: user=0.01 sys=0.00, real=0.00 secs] 
124.779: Total time for which application threads were stopped: 0.0006690 seconds, Stopping threads took: 0.0000570 seconds
124.853: Application time: 0.0738810 seconds
124.853: [GC [PSYoungGen: 14352K->528K(15872K)] 28608K->14800K(51712K), 0.0005590 secs] [Times: user=0.00 sys=0.00, real=0.01 secs] 
124.853: Total time for which application threads were stopped: 0.0006880 seconds, Stopping threads took: 0.0000560 seconds
124.928: Application time: 0.0748910 seconds
124.928: [GC [PSYoungGen: 14352K->480K(15872K)] 28624K->14752K(51712K), 0.0005150 secs] [Times: user=0.01 sys=0.00, real=0.00 secs] 
124.929: Total time for which application threads were stopped: 0.0006550 seconds, Stopping threads took: 0.0000630 seconds
125.003: Application time: 0.0740790 seconds
125.003: [GC [PSYoungGen: 14304K->528K(15872K)] 28576K->14816K(51712K), 0.0004820 secs] [Times: user=0.00 sys=0.00, real=0.00 secs] 
125.004: Total time for which application threads were stopped: 0.0006230 seconds, Stopping threads took: 0.0000570 seconds
125.077: Application time: 0.0736190 seconds
125.081: [GC [PSYoungGen: 14352K->528K(15872K)] 28640K->14816K(51712K), 0.0005020 secs] [Times: user=0.00 sys=0.00, real=0.00 secs] 
125.082: Total time for which application threads were stopped: 0.0044870 seconds, Stopping threads took: 0.0039070 seconds
125.154: Application time: 0.0720770 seconds
125.154: [GC [PSYoungGen: 14352K->496K(15872K)] 28640K->14784K(51712K), 0.0005030 secs] [Times: user=0.00 sys=0.00, real=0.00 secs] 
125.155: Total time for which application threads were stopped: 0.0006330 seconds, Stopping threads took: 0.0000570 seconds
125.228: Application time: 0.0737910 seconds
125.228: [GC [PSYoungGen: 14320K->512K(15872K)] 28608K->14800K(51712K), 0.0005160 secs] [Times: user=0.00 sys=0.00, real=0.00 secs] 
125.229: Total time for which application threads were stopped: 0.0006700 seconds, Stopping threads took: 0.0000740 seconds
125.303: Application time: 0.0736660 seconds
125.303: [GC [PSYoungGen: 14336K->528K(15872K)] 28624K->14816K(51712K), 0.0004890 secs] [Times: user=0.00 sys=0.00, real=0.00 secs] 
125.303: Total time for which application threads were stopped: 0.0006380 seconds, Stopping threads took: 0.0000720 seconds
125.376: Application time: 0.0727460 seconds
125.376: [GC [PSYoungGen: 14352K->480K(15872K)] 28640K->14768K(51712K), 0.0004710 secs] [Times: user=0.00 sys=0.00, real=0.00 secs] 
125.377: Total time for which application threads were stopped: 0.0006070 seconds, Stopping threads took: 0.0000630 seconds
125.451: Application time: 0.0743540 seconds
125.451: [GC [PSYoungGen: 14304K->496K(15872K)] 28592K->14800K(51712K), 0.0005120 secs] [Times: user=0.01 sys=0.00, real=0.00 secs] 
125.452: Total time for which application threads were stopped: 0.0006280 seconds, Stopping threads took: 0.0000440 seconds
125.525: Application time: 0.0732060 seconds
125.525: [GC [PSYoungGen: 14320K->496K(15872K)] 28624K->14816K(51712K), 0.0005260 secs] [Times: user=0.00 sys=0.00, real=0.01 secs] 
125.526: Total time for which application threads were stopped: 0.0006720 seconds, Stopping threads took: 0.0000590 seconds
125.600: Application time: 0.0745230 seconds
125.600: [GC [PSYoungGen: 14320K->480K(15872K)] 28640K->14816K(51712K), 0.0005240 secs] [Times: user=0.00 sys=0.00, real=0.00 secs] 
125.601: Total time for which application threads were stopped: 0.0006540 seconds, Stopping threads took: 0.0000520 seconds
125.675: Application time: 0.0739620 seconds
125.675: [GC [PSYoungGen: 14304K->544K(15872K)] 28640K->14880K(51712K), 0.0004800 secs] [Times: user=0.01 sys=0.00, real=0.00 secs] 
125.675: Total time for which application threads were stopped: 0.0006090 seconds, Stopping threads took: 0.0000550 seconds
125.749: Application time: 0.0738940 seconds
125.749: [GC [PSYoungGen: 14368K->512K(15872K)] 28704K->14864K(51712K), 0.0005120 secs] [Times: user=0.00 sys=0.00, real=0.00 secs] 
125.750: Total time for which application threads were stopped: 0.0006670 seconds, Stopping threads took: 0.0000710 seconds
125.823: Application time: 0.0733000 seconds
125.823: [GC [PSYoungGen: 14336K->544K(15872K)] 28688K->14896K(51712K), 0.0005770 secs] [Times: user=0.00 sys=0.00, real=0.00 secs] 
125.824: Total time for which application threads were stopped: 0.0007060 seconds, Stopping threads took: 0.0000530 seconds
125.897: Application time: 0.0730970 seconds
125.897: [GC [PSYoungGen: 14368K->496K(15872K)] 28720K->14848K(51712K), 0.0005150 secs] [Times: user=0.00 sys=0.00, real=0.00 secs] 
125.898: Total time for which application threads were stopped: 0.0006450 seconds, Stopping threads took: 0.0000520 seconds
125.971: Application time: 0.0729780 seconds
125.971: [GC [PSYoungGen: 14320K->512K(15872K)] 28672K->14864K(51712K), 0.0005870 secs] [Times: user=0.00 sys=0.00, real=0.00 secs] 
125.971: Total time for which application threads were stopped: 0.0007200 seconds, Stopping threads took: 0.0000560 seconds
126.045: Application time: 0.0736880 seconds
126.045: [GC [PSYoungGen: 14336K->560K(15872K)] 28688K->14912K(51712K), 0.0004900 secs] [Times: user=0.00 sys=0.00, real=0.01 secs] 
126.046: Total time for which application threads were stopped: 0.0006270 seconds, Stopping threads took: 0.0000560 seconds
126.119: Application time: 0.0729310 seconds
126.119: [GC [PSYoungGen: 14384K->528K(15872K)] 28736K->14880K(51712K), 0.0004830 secs] [Times: user=0.00 sys=0.00, real=0.00 secs] 
126.119: Total time for which application threads were stopped: 0.0006080 seconds, Stopping threads took: 0.0000510 seconds
126.193: Application time: 0.0735630 seconds
126.193: [GC [PSYoungGen: 14352K->528K(15872K)] 28704K->14896K(51712K), 0.0005810 secs] [Times: user=0.00 sys=0.00, real=0.01 secs] 
126.193: Total time for which application threads were stopped: 0.0007210 seconds, Stopping threads took: 0.0000650 seconds
126.268: Application time: 0.0743350 seconds
126.268: [GC [PSYoungGen: 14352K->512K(15872K)] 28720K->14888K(51712K), 0.0004810 secs] [Times: user=0.00 sys=0.00, real=0.00 secs] 
126.268: Total time for which application threads were stopped: 0.0006300 seconds, Stopping threads took: 0.0000680 seconds
126.342: Application time: 0.0739940 seconds
126.343: [GC [PSYoungGen: 14336K->528K(15872K)] 28712K->14904K(51712K), 0.0005970 secs] [Times: user=0.01 sys=0.00, real=0.00 secs] 
126.344: Total time for which application threads were stopped: 0.0016900 seconds, Stopping threads took: 0.0000600 seconds
126.419: Application time: 0.0746130 seconds
126.419: [GC [PSYoungGen: 14352K->496K(15872K)] 28728K->14888K(51712K), 0.0005680 secs] [Times: user=0.00 sys=0.00, real=0.00 secs] 
126.419: Total time for which application threads were stopped: 0.0006930 seconds, Stopping threads took: 0.0000550 seconds
126.493: Application time: 0.0737350 seconds
126.493: [GC [PSYoungGen: 14320K->512K(15872K)] 28712K->14920K(51712K), 0.0004970 secs] [Times: user=0.00 sys=0.01, real=0.01 secs] 
126.494: Total time for which application threads were stopped: 0.0006470 seconds, Stopping threads took: 0.0000750 seconds
126.568: Application time: 0.0738340 seconds
126.568: [GC [PSYoungGen: 14336K->512K(15872K)] 28744K->14920K(51712K), 0.0004990 secs] [Times: user=0.00 sys=0.00, real=0.00 secs] 
126.568: Total time for which application threads were stopped: 0.0006320 seconds, Stopping threads took: 0.0000520 seconds
126.642: Application time: 0.0734970 seconds
126.642: [GC [PSYoungGen: 14336K->496K(15872K)] 28744K->14904K(51712K), 0.0005280 secs] [Times: user=0.00 sys=0.00, real=0.00 secs] 
126.642: Total time for which application threads were stopped: 0.0006570 seconds, Stopping threads took: 0.0000530 seconds
126.715: Application time: 0.0723790 seconds
126.715: [GC [PSYoungGen: 14320K->496K(15872K)] 28728K->14904K(51712K), 0.0005120 secs] [Times: user=0.00 sys=0.00, real=0.00 secs] 
126.715: Total time for which application threads were stopped: 0.0006420 seconds, Stopping threads took: 0.0000540 seconds
126.789: Application time: 0.0732110 seconds
126.789: [GC [PSYoungGen: 14320K->496K(15872K)] 28728K->14904K(51712K), 0.0005850 secs] [Times: user=0.01 sys=0.00, real=0.00 secs] 
126.789: Total time for which application threads were stopped: 0.0007160 seconds, Stopping threads took: 0.0000570 seconds
126.864: Application time: 0.0742060 seconds
126.864: [GC [PSYoungGen: 14320K->528K(15872K)] 28728K->14936K(51712K), 0.0005330 secs] [Times: user=0.00 sys=0.00, real=0.00 secs] 
126.864: Total time for which application threads were stopped: 0.0006660 seconds, Stopping threads took: 0.0000610 seconds
126.937: Application time: 0.0726020 seconds
126.937: [GC [PSYoungGen: 14352K->512K(15872K)] 28760K->14936K(51712K), 0.0004980 secs] [Times: user=0.00 sys=0.00, real=0.00 secs] 
126.937: Total time for which application threads were stopped: 0.0006300 seconds, Stopping threads took: 0.0000580 seconds
127.011: Application time: 0.0738290 seconds
127.011: [GC [PSYoungGen: 14336K->528K(15872K)] 28760K->14968K(51712K), 0.0005160 secs] [Times: user=0.00 sys=0.00, real=0.00 secs] 
127.012: Total time for which application threads were stopped: 0.0006470 seconds, Stopping threads took: 0.0000550 seconds
127.086: Application time: 0.0739200 seconds
127.086: [GC [PSYoungGen: 14352K->528K(15872K)] 28792K->14976K(51712K), 0.0005060 secs] [Times: user=0.00 sys=0.00, real=0.00 secs] 
127.087: Total time for which application threads were stopped: 0.0006530 seconds, Stopping threads took: 0.0000620 seconds
127.161: Application time: 0.0742520 seconds
127.161: [GC [PSYoungGen: 14352K->480K(15872K)] 28800K->14944K(51712K), 0.0005390 secs] [Times: user=0.00 sys=0.00, real=0.00 secs] 
127.161: Total time for which application threads were stopped: 0.0006820 seconds, Stopping threads took: 0.0000690 seconds
127.235: Application time: 0.0736350 seconds
127.235: [GC [PSYoungGen: 14304K->544K(15872K)] 28768K->15024K(51712K), 0.0005150 secs] [Times: user=0.01 sys=0.00, real=0.00 secs] 
127.236: Total time for which application threads were stopped: 0.0006460 seconds, Stopping threads took: 0.0000560 seconds
127.310: Application time: 0.0740740 seconds
127.310: [GC [PSYoungGen: 14368K->496K(15872K)] 28848K->14976K(51712K), 0.0005460 secs] [Times: user=0.00 sys=0.00, real=0.00 secs] 
127.311: Total time for which application threads were stopped: 0.0006890 seconds, Stopping threads took: 0.0000680 seconds
127.384: Application time: 0.0733450 seconds
127.384: [GC [PSYoungGen: 14320K->528K(15872K)] 28800K->15008K(51712K), 0.0004910 secs] [Times: user=0.00 sys=0.00, real=0.00 secs] 
127.385: Total time for which application threads were stopped: 0.0006230 seconds, Stopping threads took: 0.0000520 seconds
127.456: Application time: 0.0716320 seconds
127.456: [GC [PSYoungGen: 14352K->512K(15872K)] 28832K->14992K(51712K), 0.0005160 secs] [Times: user=0.00 sys=0.00, real=0.00 secs] 
127.457: Total time for which application threads were stopped: 0.0006430 seconds, Stopping threads took: 0.0000540 seconds
127.530: Application time: 0.0735830 seconds
127.530: [GC [PSYoungGen: 14336K->480K(15872K)] 28816K->14960K(51712K), 0.0005110 secs] [Times: user=0.00 sys=0.00, real=0.00 secs] 
127.531: Total time for which application threads were stopped: 0.0006380 seconds, Stopping threads took: 0.0000540 seconds
127.605: Application time: 0.0740500 seconds
127.605: [GC [PSYoungGen: 14304K->528K(15872K)] 28784K->15008K(51712K), 0.0005490 secs] [Times: user=0.00 sys=0.00, real=0.01 secs] 
127.606: Total time for which application threads were stopped: 0.0006870 seconds, Stopping threads took: 0.0000530 seconds
127.679: Application time: 0.0730400 seconds
127.679: [GC [PSYoungGen: 14352K->512K(15872K)] 28832K->15000K(51712K), 0.0005280 secs] [Times: user=0.00 sys=0.00, real=0.00 secs] 
127.679: Total time for which application threads were stopped: 0.0006620 seconds, Stopping threads took: 0.0000530 seconds
127.753: Application time: 0.0735610 seconds
127.753: [GC [PSYoungGen: 14336K->560K(15872K)] 28824K->15064K(51712K), 0.0004930 secs] [Times: user=0.00 sys=0.00, real=0.01 secs] 
127.754: Total time for which application threads were stopped: 0.0006320 seconds, Stopping threads took: 0.0000660 seconds
127.828: Application time: 0.0740000 seconds
127.829: [GC [PSYoungGen: 14384K->496K(15872K)] 28888K->15024K(51712K), 0.0005200 secs] [Times: user=0.00 sys=0.00, real=0.00 secs] 
127.830: Total time for which application threads were stopped: 0.0022790 seconds, Stopping threads took: 0.0016830 seconds
127.904: Application time: 0.0741860 seconds
127.905: [GC [PSYoungGen: 14320K->528K(15872K)] 28848K->15072K(51712K), 0.0005750 secs] [Times: user=0.00 sys=0.00, real=0.00 secs] 
127.906: Total time for which application threads were stopped: 0.0018900 seconds, Stopping threads took: 0.0012400 seconds
127.980: Application time: 0.0739280 seconds
127.980: [GC [PSYoungGen: 14352K->512K(15872K)] 28896K->15056K(51712K), 0.0005170 secs] [Times: user=0.00 sys=0.00, real=0.00 secs] 
127.981: Total time for which application threads were stopped: 0.0006510 seconds, Stopping threads took: 0.0000600 seconds
128.055: Application time: 0.0742540 seconds
128.055: [GC [PSYoungGen: 14336K->480K(15872K)] 28880K->15040K(51712K), 0.0005090 secs] [Times: user=0.00 sys=0.00, real=0.00 secs] 
128.055: Total time for which application threads were stopped: 0.0006340 seconds, Stopping threads took: 0.0000490 seconds
128.129: Application time: 0.0733800 seconds
128.129: [GC [PSYoungGen: 14304K->496K(15872K)] 28864K->15056K(51712K), 0.0005000 secs] [Times: user=0.00 sys=0.00, real=0.00 secs] 
128.130: Total time for which application threads were stopped: 0.0006440 seconds, Stopping threads took: 0.0000550 seconds
128.202: Application time: 0.0720570 seconds
128.202: [GC [PSYoungGen: 14320K->496K(15872K)] 28880K->15056K(51712K), 0.0005030 secs] [Times: user=0.00 sys=0.00, real=0.00 secs] 
128.202: Total time for which application threads were stopped: 0.0006290 seconds, Stopping threads took: 0.0000500 seconds
128.276: Application time: 0.0736610 seconds
128.276: [GC [PSYoungGen: 14320K->496K(15872K)] 28880K->15056K(51712K), 0.0005490 secs] [Times: user=0.01 sys=0.00, real=0.00 secs] 
128.277: Total time for which application threads were stopped: 0.0006850 seconds, Stopping threads took: 0.0000620 seconds
128.350: Application time: 0.0738850 seconds
128.351: [GC [PSYoungGen: 14320K->528K(15872K)] 28880K->15088K(51712K), 0.0005200 secs] [Times: user=0.00 sys=0.00, real=0.00 secs] 
128.351: Total time for which application threads were stopped: 0.0006590 seconds, Stopping threads took: 0.0000620 seconds
128.424: Application time: 0.0730230 seconds
128.424: [GC [PSYoungGen: 14352K->496K(15872K)] 28912K->15056K(51712K), 0.0005010 secs] [Times: user=0.01 sys=0.00, real=0.00 secs] 
128.425: Total time for which application threads were stopped: 0.0006280 seconds, Stopping threads took: 0.0000560 seconds
128.499: Application time: 0.0737790 seconds
128.499: [GC [PSYoungGen: 14320K->496K(15872K)] 28880K->15072K(51712K), 0.0005090 secs] [Times: user=0.00 sys=0.00, real=0.00 secs] 
128.499: Total time for which application threads were stopped: 0.0006540 seconds, Stopping threads took: 0.0000730 seconds
128.573: Application time: 0.0736860 seconds
128.573: [GC [PSYoungGen: 14320K->512K(15872K)] 28896K->15112K(51712K), 0.0005070 secs] [Times: user=0.00 sys=0.00, real=0.01 secs] 
128.574: Total time for which application threads were stopped: 0.0006390 seconds, Stopping threads took: 0.0000570 seconds
128.648: Application time: 0.0741730 seconds
128.648: [GC [PSYoungGen: 14336K->528K(15872K)] 28936K->15144K(51712K), 0.0005260 secs] [Times: user=0.01 sys=0.00, real=0.00 secs] 
128.648: Total time for which application threads were stopped: 0.0006780 seconds, Stopping threads took: 0.0000560 seconds
128.722: Application time: 0.0738030 seconds
128.722: [GC [PSYoungGen: 14352K->496K(15872K)] 28968K->15112K(51712K), 0.0005310 secs] [Times: user=0.00 sys=0.00, real=0.00 secs] 
128.723: Total time for which application threads were stopped: 0.0006550 seconds, Stopping threads took: 0.0000460 seconds
128.797: Application time: 0.0743920 seconds
128.797: [GC [PSYoungGen: 14320K->448K(15872K)] 28936K->15096K(51712K), 0.0005510 secs] [Times: user=0.00 sys=0.00, real=0.00 secs] 
128.798: Total time for which application threads were stopped: 0.0006790 seconds, Stopping threads took: 0.0000520 seconds
128.871: Application time: 0.0732010 seconds
128.871: [GC [PSYoungGen: 14272K->512K(15872K)] 28920K->15160K(51712K), 0.0005570 secs] [Times: user=0.00 sys=0.00, real=0.00 secs] 
128.872: Total time for which application threads were stopped: 0.0006900 seconds, Stopping threads took: 0.0000580 seconds
128.944: Application time: 0.0718020 seconds
128.944: [GC [PSYoungGen: 14336K->496K(15872K)] 28984K->15144K(51712K), 0.0005220 secs] [Times: user=0.01 sys=0.00, real=0.00 secs] 
128.944: Total time for which application threads were stopped: 0.0006540 seconds, Stopping threads took: 0.0000540 seconds
129.018: Application time: 0.0741150 seconds
129.021: [GC [PSYoungGen: 14320K->512K(15872K)] 28968K->15160K(51712K), 0.0005660 secs] [Times: user=0.00 sys=0.00, real=0.00 secs] 
129.022: Total time for which application threads were stopped: 0.0036120 seconds, Stopping threads took: 0.0029700 seconds
129.095: Application time: 0.0732420 seconds
129.095: [GC [PSYoungGen: 14336K->560K(15872K)] 28984K->15208K(51712K), 0.0005190 secs] [Times: user=0.00 sys=0.00, real=0.00 secs] 
129.096: Total time for which application threads were stopped: 0.0006520 seconds, Stopping threads took: 0.0000560 seconds
129.169: Application time: 0.0729480 seconds
129.169: [GC [PSYoungGen: 14384K->512K(15872K)] 29032K->15160K(51712K), 0.0005240 secs] [Times: user=0.00 sys=0.00, real=0.00 secs] 
129.169: Total time for which application threads were stopped: 0.0006620 seconds, Stopping threads took: 0.0000540 seconds
129.244: Application time: 0.0742020 seconds
129.244: [GC [PSYoungGen: 14336K->496K(15872K)] 28984K->15160K(51712K), 0.0005830 secs] [Times: user=0.00 sys=0.00, real=0.00 secs] 
129.244: Total time for which application threads were stopped: 0.0007320 seconds, Stopping threads took: 0.0000690 seconds
129.318: Application time: 0.0738060 seconds
129.318: [GC [PSYoungGen: 14320K->512K(15872K)] 28984K->15200K(51712K), 0.0005590 secs] [Times: user=0.00 sys=0.00, real=0.00 secs] 
129.319: Total time for which application threads were stopped: 0.0007060 seconds, Stopping threads took: 0.0000710 seconds
129.393: Application time: 0.0740740 seconds
129.393: [GC [PSYoungGen: 14336K->544K(15872K)] 29024K->15248K(51712K), 0.0005360 secs] [Times: user=0.00 sys=0.00, real=0.01 secs] 
129.394: Total time for which application threads were stopped: 0.0006810 seconds, Stopping threads took: 0.0000660 seconds
129.469: Application time: 0.0752690 seconds
129.469: [GC [PSYoungGen: 14368K->512K(15872K)] 29072K->15216K(51712K), 0.0005020 secs] [Times: user=0.00 sys=0.00, real=0.00 secs] 
129.470: Total time for which application threads were stopped: 0.0006380 seconds, Stopping threads took: 0.0000630 seconds
129.544: Application time: 0.0739030 seconds
129.544: [GC [PSYoungGen: 14336K->480K(15872K)] 29040K->15200K(51712K), 0.0005130 secs] [Times: user=0.00 sys=0.00, real=0.00 secs] 
129.544: Total time for which application threads were stopped: 0.0006470 seconds, Stopping threads took: 0.0000630 seconds
129.618: Application time: 0.0736420 seconds
129.618: [GC [PSYoungGen: 14304K->464K(15872K)] 29024K->15184K(51712K), 0.0005110 secs] [Times: user=0.00 sys=0.00, real=0.00 secs] 
129.618: Total time for which application threads were stopped: 0.0006460 seconds, Stopping threads took: 0.0000580 seconds
129.691: Application time: 0.0724570 seconds
129.691: [GC [PSYoungGen: 14288K->480K(15872K)] 29008K->15200K(51712K), 0.0005180 secs] [Times: user=0.00 sys=0.00, real=0.00 secs] 
129.692: Total time for which application threads were stopped: 0.0006650 seconds, Stopping threads took: 0.0000630 seconds
129.764: Application time: 0.0728420 seconds
129.765: [GC [PSYoungGen: 14304K->528K(15872K)] 29024K->15248K(51712K), 0.0005040 secs] [Times: user=0.01 sys=0.00, real=0.00 secs] 
129.765: Total time for which application threads were stopped: 0.0006360 seconds, Stopping threads took: 0.0000550 seconds
129.838: Application time: 0.0731470 seconds
129.838: [GC [PSYoungGen: 14352K->512K(15872K)] 29072K->15232K(51712K), 0.0005410 secs] [Times: user=0.00 sys=0.00, real=0.00 secs] 
129.839: Total time for which application threads were stopped: 0.0006680 seconds, Stopping threads took: 0.0000500 seconds
129.912: Application time: 0.0727910 seconds
129.912: [GC [PSYoungGen: 14336K->512K(15872K)] 29056K->15232K(51712K), 0.0005490 secs] [Times: user=0.00 sys=0.00, real=0.00 secs] 
129.912: Total time for which application threads were stopped: 0.0006770 seconds, Stopping threads took: 0.0000530 seconds
129.987: Application time: 0.0741500 seconds
129.987: [GC [PSYoungGen: 14336K->464K(15872K)] 29056K->15192K(51712K), 0.0005200 secs] [Times: user=0.00 sys=0.00, real=0.00 secs] 
129.987: Total time for which application threads were stopped: 0.0006440 seconds, Stopping threads took: 0.0000530 seconds
130.061: Application time: 0.0738840 seconds
130.061: [GC [PSYoungGen: 14288K->528K(15872K)] 29016K->15272K(51712K), 0.0005010 secs] [Times: user=0.00 sys=0.00, real=0.00 secs] 
130.062: Total time for which application threads were stopped: 0.0006370 seconds, Stopping threads took: 0.0000630 seconds
130.135: Application time: 0.0737410 seconds
130.136: [GC [PSYoungGen: 14352K->464K(15872K)] 29096K->15208K(51712K), 0.0004980 secs] [Times: user=0.00 sys=0.00, real=0.00 secs] 
130.136: Total time for which application threads were stopped: 0.0006300 seconds, Stopping threads took: 0.0000610 seconds
130.210: Application time: 0.0738690 seconds
130.210: [GC [PSYoungGen: 14288K->528K(15872K)] 29032K->15280K(51712K), 0.0005500 secs] [Times: user=0.01 sys=0.00, real=0.00 secs] 
130.211: Total time for which application threads were stopped: 0.0006860 seconds, Stopping threads took: 0.0000510 seconds
130.284: Application time: 0.0738770 seconds
130.285: [GC [PSYoungGen: 14352K->512K(15872K)] 29104K->15288K(51712K), 0.0004860 secs] [Times: user=0.00 sys=0.00, real=0.00 secs] 
130.285: Total time for which application threads were stopped: 0.0006110 seconds, Stopping threads took: 0.0000520 seconds
130.359: Application time: 0.0735470 seconds
130.359: [GC [PSYoungGen: 14336K->528K(15872K)] 29112K->15304K(51712K), 0.0005710 secs] [Times: user=0.00 sys=0.00, real=0.00 secs] 
130.359: Total time for which application threads were stopped: 0.0006940 seconds, Stopping threads took: 0.0000490 seconds
130.433: Application time: 0.0737700 seconds
130.437: [GC [PSYoungGen: 14352K->512K(15872K)] 29128K->15288K(51712K), 0.0004770 secs] [Times: user=0.00 sys=0.00, real=0.00 secs] 
130.438: Total time for which application threads were stopped: 0.0047530 seconds, Stopping threads took: 0.0042040 seconds
130.510: Application time: 0.0725680 seconds
130.511: [GC [PSYoungGen: 14336K->480K(15872K)] 29112K->15256K(51712K), 0.0005330 secs] [Times: user=0.01 sys=0.00, real=0.00 secs] 
130.511: Total time for which application threads were stopped: 0.0007020 seconds, Stopping threads took: 0.0000910 seconds
130.585: Application time: 0.0735940 seconds
130.585: [GC [PSYoungGen: 14304K->480K(15872K)] 29080K->15256K(51712K), 0.0004900 secs] [Times: user=0.01 sys=0.00, real=0.01 secs] 
130.585: Total time for which application threads were stopped: 0.0006180 seconds, Stopping threads took: 0.0000540 seconds
130.659: Application time: 0.0738290 seconds
130.659: [GC [PSYoungGen: 14304K->480K(15872K)] 29080K->15256K(51712K), 0.0004970 secs] [Times: user=0.00 sys=0.00, real=0.00 secs] 
130.660: Total time for which application threads were stopped: 0.0006350 seconds, Stopping threads took: 0.0000550 seconds
130.733: Application time: 0.0728690 seconds
130.733: [GC [PSYoungGen: 14304K->528K(15872K)] 29080K->15320K(51712K), 0.0005230 secs] [Times: user=0.00 sys=0.00, real=0.01 secs] 
130.733: Total time for which application threads were stopped: 0.0006760 seconds, Stopping threads took: 0.0000650 seconds
130.808: Application time: 0.0741430 seconds
130.808: [GC [PSYoungGen: 14352K->528K(15872K)] 29144K->15336K(51712K), 0.0005420 secs] [Times: user=0.01 sys=0.00, real=0.00 secs] 
130.808: Total time for which application threads were stopped: 0.0006830 seconds, Stopping threads took: 0.0000670 seconds
130.882: Application time: 0.0738170 seconds
130.882: [GC [PSYoungGen: 14352K->496K(15872K)] 29160K->15320K(51712K), 0.0005060 secs] [Times: user=0.00 sys=0.00, real=0.00 secs] 
130.883: Total time for which application threads were stopped: 0.0006300 seconds, Stopping threads took: 0.0000520 seconds
130.958: Application time: 0.0748620 seconds
130.958: [GC [PSYoungGen: 14320K->512K(15872K)] 29144K->15352K(51712K), 0.0004930 secs] [Times: user=0.01 sys=0.00, real=0.00 secs] 
130.958: Total time for which application threads were stopped: 0.0006390 seconds, Stopping threads took: 0.0000780 seconds
131.032: Application time: 0.0742660 seconds
131.033: [GC [PSYoungGen: 14336K->496K(15872K)] 29176K->15352K(51712K), 0.0005150 secs] [Times: user=0.00 sys=0.00, real=0.00 secs] 
131.033: Total time for which application threads were stopped: 0.0006480 seconds, Stopping threads took: 0.0000610 seconds
131.107: Application time: 0.0735210 seconds
131.107: [GC [PSYoungGen: 14320K->528K(15872K)] 29176K->15384K(51712K), 0.0005120 secs] [Times: user=0.00 sys=0.00, real=0.00 secs] 
131.107: Total time for which application threads were stopped: 0.0006440 seconds, Stopping threads took: 0.0000580 seconds
131.181: Application time: 0.0738430 seconds
131.181: [GC [PSYoungGen: 14352K->512K(15872K)] 29208K->15368K(51712K), 0.0004970 secs] [Times: user=0.01 sys=0.00, real=0.00 secs] 
131.182: Total time for which application threads were stopped: 0.0006390 seconds, Stopping threads took: 0.0000670 seconds
131.254: Application time: 0.0723340 seconds
131.254: [GC [PSYoungGen: 14336K->528K(15872K)] 29192K->15384K(51712K), 0.0005560 secs] [Times: user=0.00 sys=0.00, real=0.00 secs] 
131.255: Total time for which application threads were stopped: 0.0006980 seconds, Stopping threads took: 0.0000550 seconds
131.328: Application time: 0.0733460 seconds
131.328: [GC [PSYoungGen: 14352K->496K(15872K)] 29208K->15352K(51712K), 0.0005200 secs] [Times: user=0.00 sys=0.00, real=0.00 secs] 
131.329: Total time for which application threads were stopped: 0.0006620 seconds, Stopping threads took: 0.0000660 seconds
131.402: Application time: 0.0734400 seconds
131.402: [GC [PSYoungGen: 14320K->480K(15872K)] 29176K->15336K(51712K), 0.0005530 secs] [Times: user=0.00 sys=0.00, real=0.00 secs] 
131.404: Total time for which application threads were stopped: 0.0017320 seconds, Stopping threads took: 0.0000520 seconds
131.478: Application time: 0.0735720 seconds
131.478: [GC [PSYoungGen: 14304K->544K(15872K)] 29160K->15408K(51712K), 0.0005370 secs] [Times: user=0.00 sys=0.00, real=0.00 secs] 
131.478: Total time for which application threads were stopped: 0.0006760 seconds, Stopping threads took: 0.0000610 seconds
131.552: Application time: 0.0738730 seconds
131.552: [GC [PSYoungGen: 14368K->496K(15872K)] 29232K->15376K(51712K), 0.0005240 secs] [Times: user=0.00 sys=0.00, real=0.00 secs] 
131.553: Total time for which application threads were stopped: 0.0006510 seconds, Stopping threads took: 0.0000480 seconds
131.626: Application time: 0.0733830 seconds
131.626: [GC [PSYoungGen: 14320K->528K(15872K)] 29200K->15424K(51712K), 0.0005080 secs] [Times: user=0.00 sys=0.00, real=0.00 secs] 
131.627: Total time for which application threads were stopped: 0.0006470 seconds, Stopping threads took: 0.0000600 seconds
131.701: Application time: 0.0737770 seconds
131.701: [GC [PSYoungGen: 14352K->512K(15872K)] 29248K->15416K(51712K), 0.0005160 secs] [Times: user=0.00 sys=0.00, real=0.00 secs] 
131.701: Total time for which application threads were stopped: 0.0006460 seconds, Stopping threads took: 0.0000550 seconds
131.775: Application time: 0.0741490 seconds
131.775: [GC [PSYoungGen: 14336K->496K(15872K)] 29240K->15400K(51712K), 0.0005170 secs] [Times: user=0.00 sys=0.00, real=0.00 secs] 
131.776: Total time for which application threads were stopped: 0.0006650 seconds, Stopping threads took: 0.0000630 seconds
131.851: Application time: 0.0745330 seconds
131.851: [GC [PSYoungGen: 14320K->512K(15872K)] 29224K->15424K(51712K), 0.0006300 secs] [Times: user=0.00 sys=0.00, real=0.00 secs] 
131.851: Total time for which application threads were stopped: 0.0007700 seconds, Stopping threads took: 0.0000650 seconds
131.925: Application time: 0.0732170 seconds
131.925: [GC [PSYoungGen: 14336K->512K(15872K)] 29248K->15424K(51712K), 0.0005160 secs] [Times: user=0.00 sys=0.00, real=0.00 secs] 
131.925: Total time for which application threads were stopped: 0.0006460 seconds, Stopping threads took: 0.0000540 seconds
131.997: Application time: 0.0722340 seconds
131.998: [GC [PSYoungGen: 14336K->480K(15872K)] 29248K->15392K(51712K), 0.0005060 secs] [Times: user=0.00 sys=0.00, real=0.00 secs] 
131.998: Total time for which application threads were stopped: 0.0006550 seconds, Stopping threads took: 0.0000720 seconds
132.071: Application time: 0.0732450 seconds
132.071: [GC [PSYoungGen: 14304K->496K(15872K)] 29216K->15408K(51712K), 0.0004820 secs] [Times: user=0.00 sys=0.00, real=0.00 secs] 
132.072: Total time for which application threads were stopped: 0.0006150 seconds, Stopping threads took: 0.0000580 seconds
132.147: Application time: 0.0746710 seconds
132.147: [GC [PSYoungGen: 14320K->560K(15872K)] 29232K->15472K(51712K), 0.0004970 secs] [Times: user=0.01 sys=0.00, real=0.00 secs] 
132.147: Total time for which application threads were stopped: 0.0006200 seconds, Stopping threads took: 0.0000500 seconds
132.220: Application time: 0.0728150 seconds
132.220: [GC [PSYoungGen: 14384K->512K(15872K)] 29296K->15440K(51712K), 0.0005080 secs] [Times: user=0.01 sys=0.00, real=0.00 secs] 
132.221: Total time for which application threads were stopped: 0.0006440 seconds, Stopping threads took: 0.0000610 seconds
132.295: Application time: 0.0740750 seconds
132.295: [GC [PSYoungGen: 14336K->512K(15872K)] 29264K->15440K(51712K), 0.0005140 secs] [Times: user=0.00 sys=0.00, real=0.00 secs] 
132.295: Total time for which application threads were stopped: 0.0006520 seconds, Stopping threads took: 0.0000560 seconds
132.369: Application time: 0.0738300 seconds
132.369: [GC [PSYoungGen: 14336K->528K(15872K)] 29264K->15472K(51712K), 0.0005820 secs] [Times: user=0.00 sys=0.00, real=0.00 secs] 
132.370: Total time for which application threads were stopped: 0.0007100 seconds, Stopping threads took: 0.0000530 seconds
132.445: Application time: 0.0749600 seconds
132.445: [GC [PSYoungGen: 14352K->496K(15872K)] 29296K->15456K(51712K), 0.0004730 secs] [Times: user=0.00 sys=0.00, real=0.01 secs] 
132.446: Total time for which application threads were stopped: 0.0005970 seconds, Stopping threads took: 0.0000520 seconds
132.520: Application time: 0.0740460 seconds
132.520: [GC [PSYoungGen: 14320K->528K(15872K)] 29280K->15488K(51712K), 0.0005190 secs] [Times: user=0.00 sys=0.00, real=0.00 secs] 
132.520: Total time for which application threads were stopped: 0.0006680 seconds, Stopping threads took: 0.0000760 seconds
132.594: Application time: 0.0739840 seconds
132.594: [GC [PSYoungGen: 14352K->496K(15872K)] 29312K->15480K(51712K), 0.0005260 secs] [Times: user=0.01 sys=0.00, real=0.00 secs] 
132.595: Total time for which application threads were stopped: 0.0006670 seconds, Stopping threads took: 0.0000680 seconds
132.668: Application time: 0.0733210 seconds
132.668: [GC [PSYoungGen: 14320K->496K(15872K)] 29304K->15480K(51712K), 0.0004940 secs] [Times: user=0.00 sys=0.00, real=0.00 secs] 
132.669: Total time for which application threads were stopped: 0.0006410 seconds, Stopping threads took: 0.0000640 seconds
132.742: Application time: 0.0726930 seconds
132.742: [GC [PSYoungGen: 14320K->464K(15872K)] 29304K->15448K(51712K), 0.0004630 secs] [Times: user=0.00 sys=0.00, real=0.00 secs] 
132.742: Total time for which application threads were stopped: 0.0005920 seconds, Stopping threads took: 0.0000530 seconds
132.815: Application time: 0.0732710 seconds
132.816: [GC [PSYoungGen: 14288K->512K(15872K)] 29272K->15496K(51712K), 0.0005910 secs] [Times: user=0.01 sys=0.00, real=0.00 secs] 
132.816: Total time for which application threads were stopped: 0.0007330 seconds, Stopping threads took: 0.0000560 seconds
132.890: Application time: 0.0743120 seconds
132.891: [GC [PSYoungGen: 14336K->496K(15872K)] 29320K->15480K(51712K), 0.0005260 secs] [Times: user=0.00 sys=0.00, real=0.00 secs] 
132.891: Total time for which application threads were stopped: 0.0006520 seconds, Stopping threads took: 0.0000490 seconds
132.964: Application time: 0.0730480 seconds
132.964: [GC [PSYoungGen: 14320K->496K(15872K)] 29304K->15480K(51712K), 0.0004790 secs] [Times: user=0.00 sys=0.00, real=0.00 secs] 
132.965: Total time for which application threads were stopped: 0.0006080 seconds, Stopping threads took: 0.0000540 seconds
133.038: Application time: 0.0734330 seconds
133.038: [GC [PSYoungGen: 14320K->480K(15872K)] 29304K->15480K(51712K), 0.0005760 secs] [Times: user=0.00 sys=0.00, real=0.00 secs] 
133.039: Total time for which application threads were stopped: 0.0007120 seconds, Stopping threads took: 0.0000650 seconds
133.113: Application time: 0.0739450 seconds
133.113: [GC [PSYoungGen: 14304K->528K(15872K)] 29304K->15536K(51712K), 0.0005610 secs] [Times: user=0.00 sys=0.00, real=0.01 secs] 
133.114: Total time for which application threads were stopped: 0.0007000 seconds, Stopping threads took: 0.0000630 seconds
133.187: Application time: 0.0735460 seconds
133.187: [GC [PSYoungGen: 14352K->528K(15872K)] 29360K->15552K(51712K), 0.0005110 secs] [Times: user=0.00 sys=0.00, real=0.00 secs] 
133.188: Total time for which application threads were stopped: 0.0006480 seconds, Stopping threads took: 0.0000590 seconds
133.262: Application time: 0.0746230 seconds
133.263: [GC [PSYoungGen: 14352K->528K(15872K)] 29376K->15552K(51712K), 0.0005530 secs] [Times: user=0.00 sys=0.00, real=0.00 secs] 
133.263: Total time for which application threads were stopped: 0.0006860 seconds, Stopping threads took: 0.0000570 seconds
133.337: Application time: 0.0736380 seconds
133.337: [GC [PSYoungGen: 14352K->512K(15872K)] 29376K->15552K(51712K), 0.0005160 secs] [Times: user=0.00 sys=0.00, real=0.00 secs] 
133.337: Total time for which application threads were stopped: 0.0006700 seconds, Stopping threads took: 0.0000640 seconds
133.411: Application time: 0.0740210 seconds
133.412: [GC [PSYoungGen: 14336K->512K(15872K)] 29376K->15552K(51712K), 0.0005430 secs] [Times: user=0.00 sys=0.00, real=0.00 secs] 
133.412: Total time for which application threads were stopped: 0.0006760 seconds, Stopping threads took: 0.0000590 seconds
133.484: Application time: 0.0720900 seconds
133.484: [GC [PSYoungGen: 14336K->512K(15872K)] 29376K->15552K(51712K), 0.0004890 secs] [Times: user=0.00 sys=0.00, real=0.00 secs] 
133.485: Total time for which application threads were stopped: 0.0006390 seconds, Stopping threads took: 0.0000750 seconds
133.559: Application time: 0.0740790 seconds
133.559: [GC [PSYoungGen: 14336K->528K(15872K)] 29376K->15568K(51712K), 0.0005070 secs] [Times: user=0.00 sys=0.00, real=0.00 secs] 
133.560: Total time for which application threads were stopped: 0.0006390 seconds, Stopping threads took: 0.0000590 seconds
133.633: Application time: 0.0738010 seconds
133.633: [GC [PSYoungGen: 14352K->544K(15872K)] 29392K->15584K(51712K), 0.0005450 secs] [Times: user=0.00 sys=0.00, real=0.00 secs] 
133.634: Total time for which application threads were stopped: 0.0006720 seconds, Stopping threads took: 0.0000550 seconds
133.707: Application time: 0.0733150 seconds
133.707: [GC [PSYoungGen: 14368K->512K(15872K)] 29408K->15552K(51712K), 0.0004810 secs] [Times: user=0.00 sys=0.00, real=0.00 secs] 
133.708: Total time for which application threads were stopped: 0.0006100 seconds, Stopping threads took: 0.0000550 seconds
133.782: Application time: 0.0736010 seconds
133.782: [GC [PSYoungGen: 14336K->512K(15872K)] 29376K->15560K(51712K), 0.0005960 secs] [Times: user=0.00 sys=0.00, real=0.00 secs] 
133.782: Total time for which application threads were stopped: 0.0007210 seconds, Stopping threads took: 0.0000470 seconds
133.856: Application time: 0.0739750 seconds
133.856: [GC [PSYoungGen: 14336K->528K(15872K)] 29384K->15592K(51712K), 0.0005270 secs] [Times: user=0.00 sys=0.00, real=0.00 secs] 
133.857: Total time for which application threads were stopped: 0.0006680 seconds, Stopping threads took: 0.0000530 seconds
133.930: Application time: 0.0735500 seconds
133.931: [GC [PSYoungGen: 14352K->496K(15872K)] 29416K->15568K(51712K), 0.0005190 secs] [Times: user=0.01 sys=0.00, real=0.00 secs] 
133.931: Total time for which application threads were stopped: 0.0006560 seconds, Stopping threads took: 0.0000630 seconds
134.006: Application time: 0.0748970 seconds
134.006: [GC [PSYoungGen: 14320K->496K(15872K)] 29392K->15568K(51712K), 0.0005330 secs] [Times: user=0.00 sys=0.00, real=0.00 secs] 
134.007: Total time for which application threads were stopped: 0.0006830 seconds, Stopping threads took: 0.0000710 seconds
134.081: Application time: 0.0739650 seconds
134.081: [GC [PSYoungGen: 14320K->512K(15872K)] 29392K->15608K(51712K), 0.0004920 secs] [Times: user=0.00 sys=0.00, real=0.00 secs] 
134.081: Total time for which application threads were stopped: 0.0006410 seconds, Stopping threads took: 0.0000740 seconds
134.155: Application time: 0.0736390 seconds
134.155: [GC [PSYoungGen: 14336K->496K(15872K)] 29432K->15592K(51712K), 0.0004790 secs] [Times: user=0.00 sys=0.00, real=0.00 secs] 
134.156: Total time for which application threads were stopped: 0.0006110 seconds, Stopping threads took: 0.0000600 seconds
134.230: Application time: 0.0739880 seconds
134.230: [GC [PSYoungGen: 14320K->512K(15872K)] 29416K->15608K(51712K), 0.0005100 secs] [Times: user=0.00 sys=0.00, real=0.00 secs] 
134.230: Total time for which application threads were stopped: 0.0006380 seconds, Stopping threads took: 0.0000500 seconds
134.303: Application time: 0.0725350 seconds
134.303: [GC [PSYoungGen: 14336K->512K(15872K)] 29432K->15608K(51712K), 0.0005200 secs] [Times: user=0.00 sys=0.00, real=0.00 secs] 
134.303: Total time for which application threads were stopped: 0.0006750 seconds, Stopping threads took: 0.0000770 seconds
134.377: Application time: 0.0732700 seconds
134.377: [GC [PSYoungGen: 14336K->480K(15872K)] 29432K->15576K(51712K), 0.0005210 secs] [Times: user=0.00 sys=0.00, real=0.00 secs] 
134.377: Total time for which application threads were stopped: 0.0006650 seconds, Stopping threads took: 0.0000610 seconds
134.451: Application time: 0.0739940 seconds
134.451: [GC [PSYoungGen: 14304K->496K(15872K)] 29400K->15592K(51712K), 0.0004890 secs] [Times: user=0.01 sys=0.00, real=0.00 secs] 
134.452: Total time for which application threads were stopped: 0.0006270 seconds, Stopping threads took: 0.0000640 seconds
134.525: Application time: 0.0732900 seconds
134.525: [GC [PSYoungGen: 14320K->528K(15872K)] 29416K->15632K(51712K), 0.0004950 secs] [Times: user=0.00 sys=0.00, real=0.00 secs] 
134.526: Total time for which application threads were stopped: 0.0006410 seconds, Stopping threads took: 0.0000720 seconds
134.600: Application time: 0.0736510 seconds
134.600: [GC [PSYoungGen: 14352K->544K(15872K)] 29456K->15672K(51712K), 0.0005010 secs] [Times: user=0.00 sys=0.00, real=0.00 secs] 
134.600: Total time for which application threads were stopped: 0.0006470 seconds, Stopping threads took: 0.0000700 seconds
134.674: Application time: 0.0741280 seconds
134.674: [GC [PSYoungGen: 14368K->464K(15872K)] 29496K->15592K(51712K), 0.0005050 secs] [Times: user=0.00 sys=0.00, real=0.00 secs] 
134.675: Total time for which application threads were stopped: 0.0006520 seconds, Stopping threads took: 0.0000600 seconds
134.749: Application time: 0.0739960 seconds
134.749: [GC [PSYoungGen: 14288K->528K(15872K)] 29416K->15672K(51712K), 0.0005830 secs] [Times: user=0.00 sys=0.00, real=0.00 secs] 
134.750: Total time for which application threads were stopped: 0.0007150 seconds, Stopping threads took: 0.0000540 seconds
134.824: Application time: 0.0744510 seconds
134.824: [GC [PSYoungGen: 14352K->528K(15872K)] 29496K->15688K(51712K), 0.0005180 secs] [Times: user=0.00 sys=0.00, real=0.00 secs] 
134.825: Total time for which application threads were stopped: 0.0006530 seconds, Stopping threads took: 0.0000590 seconds
134.898: Application time: 0.0732560 seconds
134.898: [GC [PSYoungGen: 14352K->480K(15872K)] 29512K->15640K(51712K), 0.0004980 secs] [Times: user=0.00 sys=0.00, real=0.00 secs] 
134.899: Total time for which application threads were stopped: 0.0006310 seconds, Stopping threads took: 0.0000480 seconds
134.973: Application time: 0.0743260 seconds
134.973: [GC [PSYoungGen: 14304K->480K(15872K)] 29464K->15640K(51712K), 0.0005020 secs] [Times: user=0.00 sys=0.00, real=0.01 secs] 
134.974: Total time for which application threads were stopped: 0.0006360 seconds, Stopping threads took: 0.0000600 seconds
135.046: Application time: 0.0720320 seconds
135.046: [GC [PSYoungGen: 14304K->496K(15872K)] 29464K->15656K(51712K), 0.0005250 secs] [Times: user=0.00 sys=0.00, real=0.00 secs] 
135.046: Total time for which application threads were stopped: 0.0006520 seconds, Stopping threads took: 0.0000540 seconds
135.120: Application time: 0.0732390 seconds
135.120: [GC [PSYoungGen: 14320K->464K(15872K)] 29480K->15624K(51712K), 0.0005000 secs] [Times: user=0.00 sys=0.00, real=0.00 secs] 
135.120: Total time for which application threads were stopped: 0.0006190 seconds, Stopping threads took: 0.0000460 seconds
135.195: Application time: 0.0742860 seconds
135.195: [GC [PSYoungGen: 14288K->496K(15872K)] 29448K->15656K(51712K), 0.0005300 secs] [Times: user=0.00 sys=0.00, real=0.00 secs] 
135.195: Total time for which application threads were stopped: 0.0006610 seconds, Stopping threads took: 0.0000580 seconds
135.268: Application time: 0.0732000 seconds
135.268: [GC [PSYoungGen: 14320K->480K(15872K)] 29480K->15656K(51712K), 0.0005020 secs] [Times: user=0.00 sys=0.00, real=0.00 secs] 
135.269: Total time for which application threads were stopped: 0.0006350 seconds, Stopping threads took: 0.0000610 seconds
135.343: Application time: 0.0739090 seconds
135.343: [GC [PSYoungGen: 14304K->512K(15872K)] 29480K->15688K(51712K), 0.0005320 secs] [Times: user=0.00 sys=0.00, real=0.00 secs] 
135.344: Total time for which application threads were stopped: 0.0006580 seconds, Stopping threads took: 0.0000520 seconds
135.417: Application time: 0.0735600 seconds
135.421: [GC [PSYoungGen: 14336K->480K(15872K)] 29512K->15680K(51712K), 0.0005640 secs] [Times: user=0.01 sys=0.00, real=0.00 secs] 
135.422: Total time for which application threads were stopped: 0.0048340 seconds, Stopping threads took: 0.0041860 seconds
135.497: Application time: 0.0748360 seconds
135.497: [GC [PSYoungGen: 14304K->544K(15872K)] 29504K->15760K(51712K), 0.0005160 secs] [Times: user=0.00 sys=0.00, real=0.00 secs] 
135.497: Total time for which application threads were stopped: 0.0006600 seconds, Stopping threads took: 0.0000680 seconds
135.572: Application time: 0.0741600 seconds
135.572: [GC [PSYoungGen: 14368K->496K(15872K)] 29584K->15712K(51712K), 0.0005150 secs] [Times: user=0.00 sys=0.00, real=0.00 secs] 
135.572: Total time for which application threads were stopped: 0.0006470 seconds, Stopping threads took: 0.0000550 seconds
135.646: Application time: 0.0741820 seconds
135.647: [GC [PSYoungGen: 14320K->512K(15872K)] 29536K->15752K(51712K), 0.0004930 secs] [Times: user=0.00 sys=0.00, real=0.00 secs] 
135.647: Total time for which application threads were stopped: 0.0006300 seconds, Stopping threads took: 0.0000620 seconds
135.721: Application time: 0.0736500 seconds
135.721: [GC [PSYoungGen: 14336K->560K(15872K)] 29576K->15800K(51712K), 0.0005630 secs] [Times: user=0.00 sys=0.00, real=0.00 secs] 
135.721: Total time for which application threads were stopped: 0.0007130 seconds, Stopping threads took: 0.0000680 seconds
135.793: Application time: 0.0718730 seconds
135.793: [GC [PSYoungGen: 14384K->480K(15872K)] 29624K->15720K(51712K), 0.0004820 secs] [Times: user=0.00 sys=0.00, real=0.00 secs] 
135.794: Total time for which application threads were stopped: 0.0006170 seconds, Stopping threads took: 0.0000590 seconds
135.868: Application time: 0.0737330 seconds
135.868: [GC [PSYoungGen: 14304K->480K(15872K)] 29544K->15720K(51712K), 0.0005290 secs] [Times: user=0.00 sys=0.00, real=0.00 secs] 
135.868: Total time for which application threads were stopped: 0.0006760 seconds, Stopping threads took: 0.0000720 seconds
135.942: Application time: 0.0734990 seconds
135.942: [GC [PSYoungGen: 14304K->480K(15872K)] 29544K->15720K(51712K), 0.0004980 secs] [Times: user=0.00 sys=0.00, real=0.00 secs] 
135.943: Total time for which application threads were stopped: 0.0006610 seconds, Stopping threads took: 0.0000790 seconds
135.973: Application time: 0.0303860 seconds
135.973: Total time for which application threads were stopped: 0.0000640 seconds, Stopping threads took: 0.0000400 seconds
136.017: Application time: 0.0438130 seconds
136.017: [GC [PSYoungGen: 14304K->480K(15872K)] 29544K->15736K(51712K), 0.0006010 secs] [Times: user=0.01 sys=0.00, real=0.00 secs] 
136.018: Total time for which application threads were stopped: 0.0007130 seconds, Stopping threads took: 0.0000390 seconds
136.093: Application time: 0.0753430 seconds
136.093: [GC [PSYoungGen: 14304K->480K(15872K)] 29560K->15736K(51712K), 0.0004640 secs] [Times: user=0.01 sys=0.00, real=0.01 secs] 
136.093: Total time for which application threads were stopped: 0.0005970 seconds, Stopping threads took: 0.0000560 seconds
136.169: Application time: 0.0751550 seconds
136.169: [GC [PSYoungGen: 14304K->432K(15872K)] 29560K->15704K(51712K), 0.0005580 secs] [Times: user=0.00 sys=0.00, real=0.00 secs] 
136.169: Total time for which application threads were stopped: 0.0006830 seconds, Stopping threads took: 0.0000460 seconds
136.245: Application time: 0.0757460 seconds
136.245: [GC [PSYoungGen: 14256K->464K(15872K)] 29528K->15752K(51712K), 0.0005300 secs] [Times: user=0.00 sys=0.01, real=0.01 secs] 
136.246: Total time for which application threads were stopped: 0.0006520 seconds, Stopping threads took: 0.0000470 seconds
136.322: Application time: 0.0764910 seconds
136.322: [GC [PSYoungGen: 14288K->384K(15872K)] 29576K->15672K(51712K), 0.0004760 secs] [Times: user=0.00 sys=0.00, real=0.00 secs] 
136.323: Total time for which application threads were stopped: 0.0005930 seconds, Stopping threads took: 0.0000440 seconds
136.395: Application time: 0.0717070 seconds
136.395: Total time for which application threads were stopped: 0.0001210 seconds, Stopping threads took: 0.0000850 seconds
136.419: Application time: 0.0244160 seconds
136.419: [GC [PSYoungGen: 14208K->336K(15872K)] 29496K->15640K(51712K), 0.0004500 secs] [Times: user=0.00 sys=0.00, real=0.00 secs] 
136.421: Total time for which application threads were stopped: 0.0016180 seconds, Stopping threads took: 0.0000340 seconds
136.423: Application time: 0.0026550 seconds
136.423: Total time for which application threads were stopped: 0.0000770 seconds, Stopping threads took: 0.0000640 seconds
136.468: Application time: 0.0442150 seconds
136.468: Total time for which application threads were stopped: 0.0000780 seconds, Stopping threads took: 0.0000450 seconds
136.477: Application time: 0.0089810 seconds
136.477: Total time for which application threads were stopped: 0.0000270 seconds, Stopping threads took: 0.0000160 seconds
136.509: Application time: 0.0325550 seconds
136.509: Total time for which application threads were stopped: 0.0000290 seconds, Stopping threads took: 0.0000140 seconds
136.568: Application time: 0.0590560 seconds
136.568: [GC [PSYoungGen: 14160K->192K(15872K)] 29464K->15496K(51712K), 0.0006520 secs] [Times: user=0.00 sys=0.00, real=0.00 secs] 
136.569: Total time for which application threads were stopped: 0.0007230 seconds, Stopping threads took: 0.0000190 seconds
136.620: Application time: 0.0505460 seconds
136.620: Total time for which application threads were stopped: 0.0000340 seconds, Stopping threads took: 0.0000100 seconds
136.620: Application time: 0.0003290 seconds
136.620: Total time for which application threads were stopped: 0.0000370 seconds, Stopping threads took: 0.0000260 seconds
136.670: Application time: 0.0502970 seconds
136.670: [GC [PSYoungGen: 14016K->528K(15872K)] 29320K->15832K(51712K), 0.0005310 secs] [Times: user=0.01 sys=0.00, real=0.00 secs] 
136.671: Total time for which application threads were stopped: 0.0006740 seconds, Stopping threads took: 0.0000740 seconds
136.745: Application time: 0.0737830 seconds
136.745: [GC [PSYoungGen: 14352K->496K(15872K)] 29656K->15800K(51712K), 0.0005460 secs] [Times: user=0.01 sys=0.00, real=0.01 secs] 
136.745: Total time for which application threads were stopped: 0.0006760 seconds, Stopping threads took: 0.0000550 seconds
136.820: Application time: 0.0742150 seconds
136.820: [GC [PSYoungGen: 14320K->544K(15872K)] 29624K->15848K(51712K), 0.0006100 secs] [Times: user=0.00 sys=0.00, real=0.00 secs] 
136.820: Total time for which application threads were stopped: 0.0007550 seconds, Stopping threads took: 0.0000670 seconds
136.895: Application time: 0.0746590 seconds
136.895: [GC [PSYoungGen: 14368K->496K(15872K)] 29672K->15800K(51712K), 0.0005330 secs] [Times: user=0.01 sys=0.00, real=0.00 secs] 
136.896: Total time for which application threads were stopped: 0.0006820 seconds, Stopping threads took: 0.0000570 seconds
136.971: Application time: 0.0748720 seconds
136.971: [GC [PSYoungGen: 14320K->544K(15872K)] 29624K->15864K(51712K), 0.0004990 secs] [Times: user=0.00 sys=0.00, real=0.00 secs] 
136.971: Total time for which application threads were stopped: 0.0006330 seconds, Stopping threads took: 0.0000530 seconds
137.044: Application time: 0.0731470 seconds
137.045: [GC [PSYoungGen: 14368K->496K(15872K)] 29688K->15832K(51712K), 0.0005130 secs] [Times: user=0.01 sys=0.00, real=0.00 secs] 
137.045: Total time for which application threads were stopped: 0.0006380 seconds, Stopping threads took: 0.0000530 seconds
137.119: Application time: 0.0739480 seconds
137.119: [GC [PSYoungGen: 14320K->496K(15872K)] 29656K->15848K(51712K), 0.0005360 secs] [Times: user=0.00 sys=0.00, real=0.00 secs] 
137.120: Total time for which application threads were stopped: 0.0006820 seconds, Stopping threads took: 0.0000660 seconds
137.194: Application time: 0.0741280 seconds
137.194: [GC [PSYoungGen: 14320K->528K(15872K)] 29672K->15880K(51712K), 0.0005330 secs] [Times: user=0.00 sys=0.00, real=0.00 secs] 
137.195: Total time for which application threads were stopped: 0.0006720 seconds, Stopping threads took: 0.0000630 seconds
137.269: Application time: 0.0743390 seconds
137.269: [GC [PSYoungGen: 14352K->560K(15872K)] 29704K->15928K(51712K), 0.0005090 secs] [Times: user=0.00 sys=0.00, real=0.00 secs] 
137.270: Total time for which application threads were stopped: 0.0006440 seconds, Stopping threads took: 0.0000580 seconds
137.343: Application time: 0.0735580 seconds
137.343: [GC [PSYoungGen: 14384K->528K(15872K)] 29752K->15896K(51712K), 0.0005110 secs] [Times: user=0.01 sys=0.00, real=0.00 secs] 
137.344: Total time for which application threads were stopped: 0.0006360 seconds, Stopping threads took: 0.0000520 seconds
137.414: Application time: 0.0699920 seconds
137.414: [GC [PSYoungGen: 14352K->480K(15872K)] 29720K->15848K(51712K), 0.0005480 secs] [Times: user=0.00 sys=0.00, real=0.00 secs] 
137.414: Total time for which application threads were stopped: 0.0006740 seconds, Stopping threads took: 0.0000520 seconds
137.489: Application time: 0.0745620 seconds
137.489: [GC [PSYoungGen: 14304K->480K(15872K)] 29672K->15848K(51712K), 0.0005090 secs] [Times: user=0.00 sys=0.00, real=0.00 secs] 
137.490: Total time for which application threads were stopped: 0.0006430 seconds, Stopping threads took: 0.0000530 seconds
137.564: Application time: 0.0743620 seconds
137.564: [GC [PSYoungGen: 14304K->512K(15872K)] 29672K->15880K(51712K), 0.0005460 secs] [Times: user=0.00 sys=0.00, real=0.00 secs] 
137.565: Total time for which application threads were stopped: 0.0006740 seconds, Stopping threads took: 0.0000530 seconds
137.638: Application time: 0.0735610 seconds
137.638: [GC [PSYoungGen: 14336K->512K(15872K)] 29704K->15880K(51712K), 0.0005180 secs] [Times: user=0.00 sys=0.00, real=0.00 secs] 
137.639: Total time for which application threads were stopped: 0.0006400 seconds, Stopping threads took: 0.0000500 seconds
137.713: Application time: 0.0741850 seconds
137.713: [GC [PSYoungGen: 14336K->512K(15872K)] 29704K->15880K(51712K), 0.0005680 secs] [Times: user=0.00 sys=0.00, real=0.01 secs] 
137.714: Total time for which application threads were stopped: 0.0006970 seconds, Stopping threads took: 0.0000500 seconds
137.787: Application time: 0.0731950 seconds
137.787: [GC [PSYoungGen: 14336K->512K(15872K)] 29704K->15944K(51712K), 0.0005260 secs] [Times: user=0.00 sys=0.00, real=0.00 secs] 
137.788: Total time for which application threads were stopped: 0.0006630 seconds, Stopping threads took: 0.0000640 seconds
137.862: Application time: 0.0743750 seconds
137.862: [GC [PSYoungGen: 14336K->496K(15872K)] 29768K->15928K(51712K), 0.0005130 secs] [Times: user=0.01 sys=0.00, real=0.00 secs] 
137.863: Total time for which application threads were stopped: 0.0006410 seconds, Stopping threads took: 0.0000560 seconds
137.937: Application time: 0.0745080 seconds
137.937: [GC [PSYoungGen: 14320K->464K(15872K)] 29752K->15896K(51712K), 0.0005100 secs] [Times: user=0.00 sys=0.00, real=0.00 secs] 
137.938: Total time for which application threads were stopped: 0.0006260 seconds, Stopping threads took: 0.0000380 seconds
138.012: Application time: 0.0740120 seconds
138.012: [GC [PSYoungGen: 14288K->496K(15872K)] 29720K->15928K(51712K), 0.0005970 secs] [Times: user=0.00 sys=0.00, real=0.00 secs] 
138.012: Total time for which application threads were stopped: 0.0007510 seconds, Stopping threads took: 0.0000680 seconds
138.087: Application time: 0.0746780 seconds
138.087: [GC [PSYoungGen: 14320K->480K(15872K)] 29752K->15912K(51712K), 0.0005430 secs] [Times: user=0.00 sys=0.00, real=0.00 secs] 
138.088: Total time for which application threads were stopped: 0.0006800 seconds, Stopping threads took: 0.0000620 seconds
138.158: Application time: 0.0705020 seconds
138.158: [GC [PSYoungGen: 14304K->496K(15872K)] 29736K->15928K(51712K), 0.0004880 secs] [Times: user=0.00 sys=0.00, real=0.00 secs] 
138.159: Total time for which application threads were stopped: 0.0006180 seconds, Stopping threads took: 0.0000570 seconds
138.233: Application time: 0.0738900 seconds
138.233: [GC [PSYoungGen: 14320K->480K(15872K)] 29752K->15912K(51712K), 0.0005300 secs] [Times: user=0.00 sys=0.00, real=0.01 secs] 
138.234: Total time for which application threads were stopped: 0.0006740 seconds, Stopping threads took: 0.0000670 seconds
138.308: Application time: 0.0742410 seconds
138.308: [GC [PSYoungGen: 14304K->528K(15872K)] 29736K->15960K(51712K), 0.0005350 secs] [Times: user=0.00 sys=0.00, real=0.00 secs] 
138.308: Total time for which application threads were stopped: 0.0006730 seconds, Stopping threads took: 0.0000600 seconds
138.383: Application time: 0.0741760 seconds
138.383: [GC [PSYoungGen: 14352K->544K(15872K)] 29784K->15976K(51712K), 0.0005130 secs] [Times: user=0.00 sys=0.00, real=0.00 secs] 
138.383: Total time for which application threads were stopped: 0.0006470 seconds, Stopping threads took: 0.0000620 seconds
138.457: Application time: 0.0738900 seconds
138.457: [GC [PSYoungGen: 14368K->480K(15872K)] 29800K->15912K(51712K), 0.0005580 secs] [Times: user=0.01 sys=0.00, real=0.00 secs] 
138.458: Total time for which application threads were stopped: 0.0006980 seconds, Stopping threads took: 0.0000620 seconds
138.533: Application time: 0.0746260 seconds
138.533: [GC [PSYoungGen: 14304K->528K(15872K)] 29736K->16016K(51712K), 0.0005170 secs] [Times: user=0.00 sys=0.00, real=0.00 secs] 
138.533: Total time for which application threads were stopped: 0.0006700 seconds, Stopping threads took: 0.0000610 seconds
138.607: Application time: 0.0742470 seconds
138.608: [GC [PSYoungGen: 14352K->528K(15872K)] 29840K->16016K(51712K), 0.0005370 secs] [Times: user=0.01 sys=0.00, real=0.00 secs] 
138.608: Total time for which application threads were stopped: 0.0006600 seconds, Stopping threads took: 0.0000500 seconds
138.682: Application time: 0.0737690 seconds
138.682: [GC [PSYoungGen: 14352K->528K(15872K)] 29840K->16016K(51712K), 0.0005140 secs] [Times: user=0.00 sys=0.00, real=0.00 secs] 
138.683: Total time for which application threads were stopped: 0.0006430 seconds, Stopping threads took: 0.0000530 seconds
138.757: Application time: 0.0743730 seconds
138.757: [GC [PSYoungGen: 14352K->496K(15872K)] 29840K->15984K(51712K), 0.0004960 secs] [Times: user=0.00 sys=0.00, real=0.00 secs] 
138.758: Total time for which application threads were stopped: 0.0006300 seconds, Stopping threads took: 0.0000600 seconds
138.831: Application time: 0.0739410 seconds
138.832: [GC [PSYoungGen: 14320K->512K(15872K)] 29808K->16000K(51712K), 0.0005260 secs] [Times: user=0.00 sys=0.00, real=0.00 secs] 
138.832: Total time for which application threads were stopped: 0.0006630 seconds, Stopping threads took: 0.0000610 seconds
138.903: Application time: 0.0705440 seconds
138.903: [GC [PSYoungGen: 14336K->576K(15872K)] 29824K->16064K(51712K), 0.0004770 secs] [Times: user=0.01 sys=0.00, real=0.00 secs] 
138.903: Total time for which application threads were stopped: 0.0006060 seconds, Stopping threads took: 0.0000540 seconds
138.977: Application time: 0.0737810 seconds
138.977: [GC [PSYoungGen: 14400K->512K(15872K)] 29888K->16000K(51712K), 0.0005310 secs] [Times: user=0.00 sys=0.00, real=0.00 secs] 
138.978: Total time for which application threads were stopped: 0.0006680 seconds, Stopping threads took: 0.0000590 seconds
139.051: Application time: 0.0736820 seconds
139.052: [GC [PSYoungGen: 14336K->512K(15872K)] 29824K->16000K(51712K), 0.0005040 secs] [Times: user=0.00 sys=0.00, real=0.00 secs] 
139.052: Total time for which application threads were stopped: 0.0006510 seconds, Stopping threads took: 0.0000630 seconds
139.126: Application time: 0.0744140 seconds
139.127: [GC [PSYoungGen: 14336K->512K(15872K)] 29824K->16000K(51712K), 0.0005170 secs] [Times: user=0.01 sys=0.00, real=0.00 secs] 
139.127: Total time for which application threads were stopped: 0.0006490 seconds, Stopping threads took: 0.0000580 seconds
139.201: Application time: 0.0741460 seconds
139.201: [GC [PSYoungGen: 14336K->512K(15872K)] 29824K->16000K(51712K), 0.0005190 secs] [Times: user=0.00 sys=0.00, real=0.00 secs] 
139.202: Total time for which application threads were stopped: 0.0006590 seconds, Stopping threads took: 0.0000630 seconds
139.276: Application time: 0.0736520 seconds
139.276: [GC [PSYoungGen: 14336K->464K(15872K)] 29824K->15960K(51712K), 0.0004790 secs] [Times: user=0.01 sys=0.00, real=0.00 secs] 
139.276: Total time for which application threads were stopped: 0.0006140 seconds, Stopping threads took: 0.0000600 seconds
139.350: Application time: 0.0735140 seconds
139.350: [GC [PSYoungGen: 14288K->544K(15872K)] 29784K->16048K(51712K), 0.0004900 secs] [Times: user=0.01 sys=0.00, real=0.00 secs] 
139.350: Total time for which application threads were stopped: 0.0006440 seconds, Stopping threads took: 0.0000820 seconds
139.425: Application time: 0.0741770 seconds
139.425: [GC [PSYoungGen: 14368K->544K(15872K)] 29872K->16048K(51712K), 0.0005440 secs] [Times: user=0.00 sys=0.00, real=0.00 secs] 
139.425: Total time for which application threads were stopped: 0.0006780 seconds, Stopping threads took: 0.0000570 seconds
139.500: Application time: 0.0744740 seconds
139.500: [GC [PSYoungGen: 14368K->496K(15872K)] 29872K->16000K(51712K), 0.0005750 secs] [Times: user=0.00 sys=0.00, real=0.00 secs] 
139.500: Total time for which application threads were stopped: 0.0007010 seconds, Stopping threads took: 0.0000500 seconds
139.575: Application time: 0.0745740 seconds
139.575: [GC [PSYoungGen: 14320K->448K(15872K)] 29824K->15952K(51712K), 0.0004990 secs] [Times: user=0.01 sys=0.00, real=0.00 secs] 
139.576: Total time for which application threads were stopped: 0.0006290 seconds, Stopping threads took: 0.0000470 seconds
139.647: Application time: 0.0717700 seconds
139.647: [GC [PSYoungGen: 14266K->448K(15872K)] 29771K->15952K(51712K), 0.0005050 secs] [Times: user=0.00 sys=0.00, real=0.00 secs] 
139.648: Total time for which application threads were stopped: 0.0006280 seconds, Stopping threads took: 0.0000490 seconds
139.720: Application time: 0.0717550 seconds
139.720: [GC [PSYoungGen: 14272K->480K(15872K)] 29776K->15984K(51712K), 0.0005340 secs] [Times: user=0.00 sys=0.00, real=0.00 secs] 
139.720: Total time for which application threads were stopped: 0.0006710 seconds, Stopping threads took: 0.0000600 seconds
139.795: Application time: 0.0743720 seconds
139.795: [GC [PSYoungGen: 14304K->480K(15872K)] 29808K->15984K(51712K), 0.0005420 secs] [Times: user=0.00 sys=0.00, real=0.00 secs] 
139.795: Total time for which application threads were stopped: 0.0006600 seconds, Stopping threads took: 0.0000450 seconds
139.869: Application time: 0.0739950 seconds
139.870: [GC [PSYoungGen: 14304K->528K(15872K)] 29808K->16032K(51712K), 0.0004980 secs] [Times: user=0.00 sys=0.00, real=0.00 secs] 
139.870: Total time for which application threads were stopped: 0.0006280 seconds, Stopping threads took: 0.0000540 seconds
139.944: Application time: 0.0741790 seconds
139.944: [GC [PSYoungGen: 14352K->528K(15872K)] 29856K->16032K(51712K), 0.0005300 secs] [Times: user=0.00 sys=0.00, real=0.00 secs] 
139.945: Total time for which application threads were stopped: 0.0006830 seconds, Stopping threads took: 0.0000720 seconds
140.020: Application time: 0.0749510 seconds
140.020: [GC [PSYoungGen: 14352K->512K(15872K)] 29856K->16064K(51712K), 0.0004870 secs] [Times: user=0.00 sys=0.00, real=0.00 secs] 
140.021: Total time for which application threads were stopped: 0.0006090 seconds, Stopping threads took: 0.0000530 seconds
140.094: Application time: 0.0733850 seconds
140.094: [GC [PSYoungGen: 14336K->480K(15872K)] 29888K->16056K(51712K), 0.0005770 secs] [Times: user=0.00 sys=0.00, real=0.00 secs] 
140.095: Total time for which application threads were stopped: 0.0007350 seconds, Stopping threads took: 0.0000670 seconds
140.168: Application time: 0.0738370 seconds
140.169: [GC [PSYoungGen: 14304K->496K(15872K)] 29880K->16072K(51712K), 0.0005250 secs] [Times: user=0.00 sys=0.00, real=0.00 secs] 
140.169: Total time for which application threads were stopped: 0.0006610 seconds, Stopping threads took: 0.0000600 seconds
140.243: Application time: 0.0741170 seconds
140.244: [GC [PSYoungGen: 14320K->512K(15872K)] 29896K->16088K(51712K), 0.0005460 secs] [Times: user=0.00 sys=0.00, real=0.00 secs] 
140.244: Total time for which application threads were stopped: 0.0008350 seconds, Stopping threads took: 0.0001990 seconds
140.318: Application time: 0.0741080 seconds
140.318: [GC [PSYoungGen: 14336K->464K(15872K)] 29912K->16040K(51712K), 0.0004990 secs] [Times: user=0.00 sys=0.00, real=0.00 secs] 
140.319: Total time for which application threads were stopped: 0.0006340 seconds, Stopping threads took: 0.0000590 seconds
140.392: Application time: 0.0733750 seconds
140.392: [GC [PSYoungGen: 14288K->528K(15872K)] 29864K->16104K(51712K), 0.0004810 secs] [Times: user=0.00 sys=0.00, real=0.00 secs] 
140.393: Total time for which application threads were stopped: 0.0006220 seconds, Stopping threads took: 0.0000650 seconds
140.464: Application time: 0.0706560 seconds
140.464: [GC [PSYoungGen: 14352K->528K(15872K)] 29928K->16104K(51712K), 0.0005320 secs] [Times: user=0.00 sys=0.00, real=0.00 secs] 
140.464: Total time for which application threads were stopped: 0.0006600 seconds, Stopping threads took: 0.0000520 seconds
140.538: Application time: 0.0740870 seconds
140.538: [GC [PSYoungGen: 14352K->496K(15872K)] 29928K->16072K(51712K), 0.0004910 secs] [Times: user=0.00 sys=0.00, real=0.00 secs] 
140.539: Total time for which application threads were stopped: 0.0006290 seconds, Stopping threads took: 0.0000590 seconds
140.613: Application time: 0.0740320 seconds
140.613: [GC [PSYoungGen: 14320K->544K(15872K)] 29896K->16120K(51712K), 0.0005180 secs] [Times: user=0.00 sys=0.00, real=0.01 secs] 
140.614: Total time for which application threads were stopped: 0.0006750 seconds, Stopping threads took: 0.0000700 seconds
140.688: Application time: 0.0739320 seconds
140.688: [GC [PSYoungGen: 14368K->512K(15872K)] 29944K->16088K(51712K), 0.0005040 secs] [Times: user=0.00 sys=0.00, real=0.00 secs] 
140.688: Total time for which application threads were stopped: 0.0006440 seconds, Stopping threads took: 0.0000630 seconds
140.762: Application time: 0.0743070 seconds
140.763: [GC [PSYoungGen: 14336K->528K(15872K)] 29912K->16112K(51712K), 0.0005510 secs] [Times: user=0.00 sys=0.00, real=0.00 secs] 
140.763: Total time for which application threads were stopped: 0.0006940 seconds, Stopping threads took: 0.0000670 seconds
140.836: Application time: 0.0730800 seconds
140.836: [GC [PSYoungGen: 14352K->464K(15872K)] 29936K->16056K(51712K), 0.0005410 secs] [Times: user=0.00 sys=0.00, real=0.00 secs] 
140.837: Total time for which application threads were stopped: 0.0006720 seconds, Stopping threads took: 0.0000590 seconds
140.911: Application time: 0.0739360 seconds
140.911: [GC [PSYoungGen: 14288K->512K(15872K)] 29880K->16104K(51712K), 0.0004860 secs] [Times: user=0.00 sys=0.00, real=0.00 secs] 
140.911: Total time for which application threads were stopped: 0.0006200 seconds, Stopping threads took: 0.0000590 seconds
140.986: Application time: 0.0744100 seconds
140.986: [GC [PSYoungGen: 14336K->512K(15872K)] 29928K->16104K(51712K), 0.0005140 secs] [Times: user=0.01 sys=0.00, real=0.00 secs] 
140.987: Total time for which application threads were stopped: 0.0006480 seconds, Stopping threads took: 0.0000570 seconds
141.061: Application time: 0.0741950 seconds
141.061: [GC [PSYoungGen: 14336K->528K(15872K)] 29928K->16120K(51712K), 0.0005370 secs] [Times: user=0.00 sys=0.00, real=0.00 secs] 
141.061: Total time for which application threads were stopped: 0.0006650 seconds, Stopping threads took: 0.0000520 seconds
141.135: Application time: 0.0740210 seconds
141.136: [GC [PSYoungGen: 14352K->496K(15872K)] 29944K->16088K(51712K), 0.0005380 secs] [Times: user=0.00 sys=0.00, real=0.00 secs] 
141.136: Total time for which application threads were stopped: 0.0006840 seconds, Stopping threads took: 0.0000630 seconds
141.207: Application time: 0.0709150 seconds
141.207: [GC [PSYoungGen: 14320K->496K(15872K)] 29912K->16088K(51712K), 0.0005260 secs] [Times: user=0.00 sys=0.00, real=0.00 secs] 
141.208: Total time for which application threads were stopped: 0.0006510 seconds, Stopping threads took: 0.0000550 seconds
141.282: Application time: 0.0741310 seconds
141.282: [GC [PSYoungGen: 14320K->512K(15872K)] 29912K->16104K(51712K), 0.0005620 secs] [Times: user=0.00 sys=0.00, real=0.00 secs] 
141.283: Total time for which application threads were stopped: 0.0006920 seconds, Stopping threads took: 0.0000550 seconds
141.357: Application time: 0.0739990 seconds
141.357: [GC [PSYoungGen: 14336K->528K(15872K)] 29928K->16120K(51712K), 0.0004880 secs] [Times: user=0.00 sys=0.00, real=0.00 secs] 
141.357: Total time for which application threads were stopped: 0.0006230 seconds, Stopping threads took: 0.0000620 seconds
141.431: Application time: 0.0742010 seconds
141.431: [GC [PSYoungGen: 14352K->480K(15872K)] 29944K->16072K(51712K), 0.0006290 secs] [Times: user=0.00 sys=0.00, real=0.00 secs] 
141.433: Total time for which application threads were stopped: 0.0017790 seconds, Stopping threads took: 0.0000530 seconds
141.508: Application time: 0.0750600 seconds
141.508: [GC [PSYoungGen: 14304K->544K(15872K)] 29896K->16144K(51712K), 0.0005640 secs] [Times: user=0.01 sys=0.00, real=0.00 secs] 
141.509: Total time for which application threads were stopped: 0.0006890 seconds, Stopping threads took: 0.0000500 seconds
141.582: Application time: 0.0733260 seconds
141.582: [GC [PSYoungGen: 14368K->464K(15872K)] 29968K->16072K(51712K), 0.0005440 secs] [Times: user=0.01 sys=0.00, real=0.00 secs] 
141.583: Total time for which application threads were stopped: 0.0006750 seconds, Stopping threads took: 0.0000570 seconds
141.657: Application time: 0.0742400 seconds
141.657: [GC [PSYoungGen: 14288K->448K(15872K)] 29896K->16056K(51712K), 0.0004950 secs] [Times: user=0.00 sys=0.00, real=0.00 secs] 
141.658: Total time for which application threads were stopped: 0.0006280 seconds, Stopping threads took: 0.0000530 seconds
141.732: Application time: 0.0744880 seconds
141.732: [GC [PSYoungGen: 14272K->480K(15872K)] 29880K->16088K(51712K), 0.0005090 secs] [Times: user=0.00 sys=0.00, real=0.00 secs] 
141.733: Total time for which application threads were stopped: 0.0006340 seconds, Stopping threads took: 0.0000500 seconds
141.807: Application time: 0.0741320 seconds
141.807: [GC [PSYoungGen: 14304K->512K(15872K)] 29912K->16120K(51712K), 0.0005210 secs] [Times: user=0.00 sys=0.00, real=0.00 secs] 
141.808: Total time for which application threads were stopped: 0.0006480 seconds, Stopping threads took: 0.0000520 seconds
141.881: Application time: 0.0735770 seconds
141.881: [GC [PSYoungGen: 14336K->512K(15872K)] 29944K->16120K(51712K), 0.0005270 secs] [Times: user=0.00 sys=0.00, real=0.00 secs] 
141.882: Total time for which application threads were stopped: 0.0006660 seconds, Stopping threads took: 0.0000590 seconds
141.953: Application time: 0.0706570 seconds
141.953: [GC [PSYoungGen: 14336K->512K(15872K)] 29944K->16120K(51712K), 0.0004720 secs] [Times: user=0.00 sys=0.00, real=0.00 secs] 
141.953: Total time for which application threads were stopped: 0.0006050 seconds, Stopping threads took: 0.0000600 seconds
142.027: Application time: 0.0738370 seconds
142.027: [GC [PSYoungGen: 14336K->496K(15872K)] 29944K->16104K(51712K), 0.0005610 secs] [Times: user=0.00 sys=0.00, real=0.00 secs] 
142.028: Total time for which application threads were stopped: 0.0006940 seconds, Stopping threads took: 0.0000580 seconds
142.101: Application time: 0.0735570 seconds
142.101: [GC [PSYoungGen: 14320K->512K(15872K)] 29928K->16120K(51712K), 0.0005070 secs] [Times: user=0.00 sys=0.00, real=0.00 secs] 
142.102: Total time for which application threads were stopped: 0.0006470 seconds, Stopping threads took: 0.0000650 seconds
142.176: Application time: 0.0741390 seconds
142.176: [GC [PSYoungGen: 14336K->512K(15872K)] 29944K->16120K(51712K), 0.0005040 secs] [Times: user=0.00 sys=0.00, real=0.00 secs] 
142.177: Total time for which application threads were stopped: 0.0006440 seconds, Stopping threads took: 0.0000510 seconds
142.252: Application time: 0.0749860 seconds
142.252: [GC [PSYoungGen: 14336K->528K(15872K)] 29944K->16136K(51712K), 0.0005150 secs] [Times: user=0.00 sys=0.00, real=0.00 secs] 
142.252: Total time for which application threads were stopped: 0.0006560 seconds, Stopping threads took: 0.0000650 seconds
142.326: Application time: 0.0732800 seconds
142.326: [GC [PSYoungGen: 14352K->496K(15872K)] 29960K->16136K(51712K), 0.0005500 secs] [Times: user=0.01 sys=0.00, real=0.00 secs] 
142.326: Total time for which application threads were stopped: 0.0007060 seconds, Stopping threads took: 0.0000780 seconds
142.400: Application time: 0.0735230 seconds
142.400: [GC [PSYoungGen: 14320K->496K(15872K)] 29960K->16136K(51712K), 0.0005080 secs] [Times: user=0.01 sys=0.00, real=0.00 secs] 
142.401: Total time for which application threads were stopped: 0.0006450 seconds, Stopping threads took: 0.0000600 seconds
142.475: Application time: 0.0742490 seconds
142.475: [GC [PSYoungGen: 14320K->464K(15872K)] 29960K->16104K(51712K), 0.0005190 secs] [Times: user=0.00 sys=0.00, real=0.00 secs] 
142.475: Total time for which application threads were stopped: 0.0006430 seconds, Stopping threads took: 0.0000500 seconds
142.549: Application time: 0.0740930 seconds
142.550: [GC [PSYoungGen: 14288K->496K(15872K)] 29928K->16136K(51712K), 0.0005300 secs] [Times: user=0.01 sys=0.00, real=0.00 secs] 
142.550: Total time for which application threads were stopped: 0.0006610 seconds, Stopping threads took: 0.0000510 seconds
142.624: Application time: 0.0741560 seconds
142.624: [GC [PSYoungGen: 14320K->496K(15872K)] 29960K->16136K(51712K), 0.0004970 secs] [Times: user=0.00 sys=0.00, real=0.00 secs] 
142.625: Total time for which application threads were stopped: 0.0006270 seconds, Stopping threads took: 0.0000590 seconds
142.696: Application time: 0.0708290 seconds
142.696: [GC [PSYoungGen: 14320K->480K(15872K)] 29960K->16120K(51712K), 0.0004770 secs] [Times: user=0.01 sys=0.00, real=0.00 secs] 
142.696: Total time for which application threads were stopped: 0.0006180 seconds, Stopping threads took: 0.0000570 seconds
142.770: Application time: 0.0732150 seconds
142.770: [GC [PSYoungGen: 14304K->448K(15872K)] 29944K->16088K(51712K), 0.0005470 secs] [Times: user=0.00 sys=0.00, real=0.00 secs] 
142.770: Total time for which application threads were stopped: 0.0006780 seconds, Stopping threads took: 0.0000570 seconds
142.844: Application time: 0.0738310 seconds
142.844: [GC [PSYoungGen: 14272K->496K(15872K)] 29912K->16136K(51712K), 0.0005200 secs] [Times: user=0.01 sys=0.00, real=0.00 secs] 
142.845: Total time for which application threads were stopped: 0.0006550 seconds, Stopping threads took: 0.0000560 seconds
142.919: Application time: 0.0739830 seconds
142.919: [GC [PSYoungGen: 14320K->512K(15872K)] 29960K->16152K(51712K), 0.0005190 secs] [Times: user=0.00 sys=0.00, real=0.00 secs] 
142.919: Total time for which application threads were stopped: 0.0006510 seconds, Stopping threads took: 0.0000580 seconds
142.994: Application time: 0.0742860 seconds
142.994: [GC [PSYoungGen: 14336K->512K(15872K)] 29976K->16152K(51712K), 0.0005310 secs] [Times: user=0.00 sys=0.00, real=0.00 secs] 
142.994: Total time for which application threads were stopped: 0.0006660 seconds, Stopping threads took: 0.0000590 seconds
143.069: Application time: 0.0745240 seconds
143.069: [GC [PSYoungGen: 14336K->528K(15872K)] 29976K->16176K(51712K), 0.0005060 secs] [Times: user=0.00 sys=0.00, real=0.00 secs] 
143.070: Total time for which application threads were stopped: 0.0006370 seconds, Stopping threads took: 0.0000570 seconds
143.143: Application time: 0.0735290 seconds
143.143: [GC [PSYoungGen: 14352K->480K(15872K)] 30000K->16136K(51712K), 0.0007130 secs] [Times: user=0.00 sys=0.00, real=0.00 secs] 
143.144: Total time for which application threads were stopped: 0.0008540 seconds, Stopping threads took: 0.0000600 seconds
143.218: Application time: 0.0739800 seconds
143.218: [GC [PSYoungGen: 14304K->528K(15872K)] 29960K->16184K(51712K), 0.0005160 secs] [Times: user=0.00 sys=0.00, real=0.00 secs] 
143.219: Total time for which application threads were stopped: 0.0006590 seconds, Stopping threads took: 0.0000520 seconds
143.293: Application time: 0.0743070 seconds
143.293: [GC [PSYoungGen: 14352K->528K(15872K)] 30008K->16184K(51712K), 0.0005570 secs] [Times: user=0.00 sys=0.00, real=0.01 secs] 
143.294: Total time for which application threads were stopped: 0.0006980 seconds, Stopping threads took: 0.0000620 seconds
143.368: Application time: 0.0740700 seconds
143.368: [GC [PSYoungGen: 14352K->496K(15872K)] 30008K->16152K(51712K), 0.0005140 secs] [Times: user=0.00 sys=0.00, real=0.00 secs] 
143.368: Total time for which application threads were stopped: 0.0006430 seconds, Stopping threads took: 0.0000490 seconds
143.440: Application time: 0.0712600 seconds
143.441: [GC [PSYoungGen: 14320K->496K(15872K)] 29976K->16152K(51712K), 0.0005090 secs] [Times: user=0.00 sys=0.00, real=0.00 secs] 
143.442: Total time for which application threads were stopped: 0.0023780 seconds, Stopping threads took: 0.0017960 seconds
143.514: Application time: 0.0722260 seconds
143.514: [GC [PSYoungGen: 14320K->464K(15872K)] 29976K->16120K(51712K), 0.0005130 secs] [Times: user=0.00 sys=0.00, real=0.00 secs] 
143.515: Total time for which application threads were stopped: 0.0006650 seconds, Stopping threads took: 0.0000740 seconds
143.589: Application time: 0.0739350 seconds
143.589: [GC [PSYoungGen: 14288K->480K(15872K)] 29944K->16136K(51712K), 0.0005520 secs] [Times: user=0.00 sys=0.00, real=0.00 secs] 
143.589: Total time for which application threads were stopped: 0.0006850 seconds, Stopping threads took: 0.0000580 seconds
143.663: Application time: 0.0737930 seconds
143.663: [GC [PSYoungGen: 14304K->528K(15872K)] 29960K->16184K(51712K), 0.0005580 secs] [Times: user=0.00 sys=0.00, real=0.00 secs] 
143.664: Total time for which application threads were stopped: 0.0007000 seconds, Stopping threads took: 0.0000660 seconds
143.738: Application time: 0.0741720 seconds
143.738: [GC [PSYoungGen: 14352K->512K(15872K)] 30008K->16168K(51712K), 0.0005060 secs] [Times: user=0.00 sys=0.00, real=0.00 secs] 
143.739: Total time for which application threads were stopped: 0.0006500 seconds, Stopping threads took: 0.0000580 seconds
143.812: Application time: 0.0735630 seconds
143.812: [GC [PSYoungGen: 14336K->512K(15872K)] 29992K->16176K(51712K), 0.0005190 secs] [Times: user=0.00 sys=0.00, real=0.00 secs] 
143.813: Total time for which application threads were stopped: 0.0006550 seconds, Stopping threads took: 0.0000600 seconds
143.887: Application time: 0.0741290 seconds
143.887: [GC [PSYoungGen: 14336K->496K(15872K)] 30000K->16168K(51712K), 0.0005960 secs] [Times: user=0.01 sys=0.00, real=0.00 secs] 
143.888: Total time for which application threads were stopped: 0.0007180 seconds, Stopping threads took: 0.0000500 seconds
143.962: Application time: 0.0738970 seconds
143.962: [GC [PSYoungGen: 14320K->512K(15872K)] 29992K->16184K(51712K), 0.0004830 secs] [Times: user=0.00 sys=0.00, real=0.00 secs] 
143.962: Total time for which application threads were stopped: 0.0006100 seconds, Stopping threads took: 0.0000520 seconds
144.037: Application time: 0.0743250 seconds
144.037: [GC [PSYoungGen: 14336K->528K(15872K)] 30008K->16200K(51712K), 0.0005150 secs] [Times: user=0.00 sys=0.00, real=0.00 secs] 
144.037: Total time for which application threads were stopped: 0.0006390 seconds, Stopping threads took: 0.0000530 seconds
144.111: Application time: 0.0740320 seconds
144.111: [GC [PSYoungGen: 14352K->480K(15872K)] 30024K->16152K(51712K), 0.0005860 secs] [Times: user=0.00 sys=0.00, real=0.00 secs] 
144.112: Total time for which application threads were stopped: 0.0007200 seconds, Stopping threads took: 0.0000590 seconds
144.186: Application time: 0.0739480 seconds
144.186: [GC [PSYoungGen: 14304K->480K(15872K)] 29976K->16152K(51712K), 0.0005350 secs] [Times: user=0.00 sys=0.00, real=0.00 secs] 
144.187: Total time for which application threads were stopped: 0.0006600 seconds, Stopping threads took: 0.0000500 seconds
144.257: Application time: 0.0703730 seconds
144.257: [GC [PSYoungGen: 14304K->512K(15872K)] 29976K->16184K(51712K), 0.0005310 secs] [Times: user=0.00 sys=0.00, real=0.00 secs] 
144.258: Total time for which application threads were stopped: 0.0006920 seconds, Stopping threads took: 0.0000730 seconds
144.332: Application time: 0.0744800 seconds
144.332: [GC [PSYoungGen: 14336K->480K(15872K)] 30008K->16152K(51712K), 0.0004980 secs] [Times: user=0.00 sys=0.00, real=0.00 secs] 
144.333: Total time for which application threads were stopped: 0.0006220 seconds, Stopping threads took: 0.0000530 seconds
144.407: Application time: 0.0744270 seconds
144.407: [GC [PSYoungGen: 14304K->480K(15872K)] 29976K->16152K(51712K), 0.0004930 secs] [Times: user=0.00 sys=0.00, real=0.00 secs] 
144.408: Total time for which application threads were stopped: 0.0006270 seconds, Stopping threads took: 0.0000590 seconds
144.482: Application time: 0.0735960 seconds
144.482: [GC [PSYoungGen: 14304K->528K(15872K)] 29976K->16200K(51712K), 0.0005410 secs] [Times: user=0.00 sys=0.00, real=0.00 secs] 
144.482: Total time for which application threads were stopped: 0.0006690 seconds, Stopping threads took: 0.0000540 seconds
144.557: Application time: 0.0752810 seconds
144.558: [GC [PSYoungGen: 14352K->512K(15872K)] 30024K->16192K(51712K), 0.0005340 secs] [Times: user=0.00 sys=0.00, real=0.00 secs] 
144.558: Total time for which application threads were stopped: 0.0006730 seconds, Stopping threads took: 0.0000660 seconds
144.631: Application time: 0.0733350 seconds
144.632: [GC [PSYoungGen: 14336K->512K(15872K)] 30016K->16200K(51712K), 0.0004830 secs] [Times: user=0.00 sys=0.00, real=0.00 secs] 
144.632: Total time for which application threads were stopped: 0.0006100 seconds, Stopping threads took: 0.0000540 seconds
144.706: Application time: 0.0742470 seconds
144.706: [GC [PSYoungGen: 14336K->480K(15872K)] 30024K->16168K(51712K), 0.0004970 secs] [Times: user=0.00 sys=0.00, real=0.00 secs] 
144.707: Total time for which application threads were stopped: 0.0006320 seconds, Stopping threads took: 0.0000590 seconds
144.781: Application time: 0.0742170 seconds
144.781: [GC [PSYoungGen: 14304K->512K(15872K)] 29992K->16200K(51712K), 0.0004960 secs] [Times: user=0.01 sys=0.00, real=0.00 secs] 
144.782: Total time for which application threads were stopped: 0.0006530 seconds, Stopping threads took: 0.0000720 seconds
144.856: Application time: 0.0741930 seconds
144.856: [GC [PSYoungGen: 14336K->480K(15872K)] 30024K->16168K(51712K), 0.0004970 secs] [Times: user=0.00 sys=0.00, real=0.00 secs] 
144.857: Total time for which application threads were stopped: 0.0006510 seconds, Stopping threads took: 0.0000810 seconds
144.930: Application time: 0.0735140 seconds
144.930: [GC [PSYoungGen: 14304K->480K(15872K)] 29992K->16168K(51712K), 0.0005340 secs] [Times: user=0.00 sys=0.00, real=0.00 secs] 
144.931: Total time for which application threads were stopped: 0.0006540 seconds, Stopping threads took: 0.0000450 seconds
145.001: Application time: 0.0702060 seconds
145.001: [GC [PSYoungGen: 14304K->496K(15872K)] 29992K->16184K(51712K), 0.0005840 secs] [Times: user=0.01 sys=0.00, real=0.00 secs] 
145.002: Total time for which application threads were stopped: 0.0007190 seconds, Stopping threads took: 0.0000570 seconds
145.075: Application time: 0.0734500 seconds
145.075: [GC [PSYoungGen: 14320K->512K(15872K)] 30008K->16200K(51712K), 0.0005190 secs] [Times: user=0.00 sys=0.00, real=0.00 secs] 
145.076: Total time for which application threads were stopped: 0.0006500 seconds, Stopping threads took: 0.0000590 seconds
145.150: Application time: 0.0743300 seconds
145.150: [GC [PSYoungGen: 14336K->528K(15872K)] 30024K->16216K(51712K), 0.0005250 secs] [Times: user=0.00 sys=0.00, real=0.00 secs] 
145.151: Total time for which application threads were stopped: 0.0006470 seconds, Stopping threads took: 0.0000520 seconds
145.225: Application time: 0.0743810 seconds
145.225: [GC [PSYoungGen: 14352K->496K(15872K)] 30040K->16184K(51712K), 0.0005310 secs] [Times: user=0.01 sys=0.00, real=0.00 secs] 
145.226: Total time for which application threads were stopped: 0.0006650 seconds, Stopping threads took: 0.0000540 seconds
145.300: Application time: 0.0739500 seconds
145.300: [GC [PSYoungGen: 14320K->512K(15872K)] 30008K->16208K(51712K), 0.0005520 secs] [Times: user=0.00 sys=0.00, real=0.00 secs] 
145.301: Total time for which application threads were stopped: 0.0006940 seconds, Stopping threads took: 0.0000520 seconds
145.374: Application time: 0.0736530 seconds
145.374: [GC [PSYoungGen: 14336K->528K(15872K)] 30032K->16232K(51712K), 0.0004990 secs] [Times: user=0.00 sys=0.00, real=0.00 secs] 
145.375: Total time for which application threads were stopped: 0.0006300 seconds, Stopping threads took: 0.0000580 seconds
145.448: Application time: 0.0733870 seconds
145.448: [GC [PSYoungGen: 14352K->528K(15872K)] 30056K->16232K(51712K), 0.0005500 secs] [Times: user=0.00 sys=0.00, real=0.00 secs] 
145.449: Total time for which application threads were stopped: 0.0006760 seconds, Stopping threads took: 0.0000540 seconds
145.523: Application time: 0.0743270 seconds
145.523: [GC [PSYoungGen: 14352K->512K(15872K)] 30056K->16216K(51712K), 0.0005420 secs] [Times: user=0.00 sys=0.00, real=0.00 secs] 
145.524: Total time for which application threads were stopped: 0.0006790 seconds, Stopping threads took: 0.0000610 seconds
145.598: Application time: 0.0736730 seconds
145.598: [GC [PSYoungGen: 14336K->544K(15872K)] 30040K->16248K(51712K), 0.0005260 secs] [Times: user=0.00 sys=0.00, real=0.00 secs] 
145.598: Total time for which application threads were stopped: 0.0006730 seconds, Stopping threads took: 0.0000650 seconds
145.672: Application time: 0.0739240 seconds
145.672: [GC [PSYoungGen: 14368K->528K(15872K)] 30072K->16232K(51712K), 0.0006050 secs] [Times: user=0.01 sys=0.00, real=0.00 secs] 
145.673: Total time for which application threads were stopped: 0.0007340 seconds, Stopping threads took: 0.0000520 seconds
145.743: Application time: 0.0704730 seconds
145.744: [GC [PSYoungGen: 14352K->464K(15872K)] 30056K->16168K(51712K), 0.0005000 secs] [Times: user=0.00 sys=0.00, real=0.00 secs] 
145.744: Total time for which application threads were stopped: 0.0006380 seconds, Stopping threads took: 0.0000610 seconds
145.817: Application time: 0.0733580 seconds
145.818: [GC [PSYoungGen: 14288K->512K(15872K)] 29992K->16216K(51712K), 0.0005450 secs] [Times: user=0.00 sys=0.00, real=0.00 secs] 
145.818: Total time for which application threads were stopped: 0.0006820 seconds, Stopping threads took: 0.0000550 seconds
145.892: Application time: 0.0739650 seconds
145.892: [GC [PSYoungGen: 14336K->512K(15872K)] 30040K->16216K(51712K), 0.0005510 secs] [Times: user=0.00 sys=0.00, real=0.00 secs] 
145.893: Total time for which application threads were stopped: 0.0006920 seconds, Stopping threads took: 0.0000650 seconds
145.966: Application time: 0.0736520 seconds
145.967: [GC [PSYoungGen: 14336K->496K(15872K)] 30040K->16200K(51712K), 0.0004880 secs] [Times: user=0.00 sys=0.00, real=0.00 secs] 
145.967: Total time for which application threads were stopped: 0.0006210 seconds, Stopping threads took: 0.0000600 seconds
146.042: Application time: 0.0752290 seconds
146.042: [GC [PSYoungGen: 14320K->512K(15872K)] 30024K->16224K(51712K), 0.0004990 secs] [Times: user=0.00 sys=0.00, real=0.00 secs] 
146.043: Total time for which application threads were stopped: 0.0006370 seconds, Stopping threads took: 0.0000700 seconds
146.116: Application time: 0.0734310 seconds
146.116: [GC [PSYoungGen: 14336K->480K(15872K)] 30048K->16224K(51712K), 0.0005820 secs] [Times: user=0.01 sys=0.00, real=0.00 secs] 
146.117: Total time for which application threads were stopped: 0.0006980 seconds, Stopping threads took: 0.0000450 seconds
146.191: Application time: 0.0737610 seconds
146.191: [GC [PSYoungGen: 14304K->528K(15872K)] 30048K->16272K(51712K), 0.0005660 secs] [Times: user=0.01 sys=0.00, real=0.00 secs] 
146.191: Total time for which application threads were stopped: 0.0006950 seconds, Stopping threads took: 0.0000560 seconds
146.266: Application time: 0.0745890 seconds
146.266: [GC [PSYoungGen: 14352K->496K(15872K)] 30096K->16240K(51712K), 0.0004890 secs] [Times: user=0.01 sys=0.00, real=0.00 secs] 
146.267: Total time for which application threads were stopped: 0.0006210 seconds, Stopping threads took: 0.0000590 seconds
146.341: Application time: 0.0739130 seconds
146.341: [GC [PSYoungGen: 14320K->512K(15872K)] 30064K->16256K(51712K), 0.0004930 secs] [Times: user=0.00 sys=0.00, real=0.00 secs] 
146.341: Total time for which application threads were stopped: 0.0006390 seconds, Stopping threads took: 0.0000660 seconds
146.415: Application time: 0.0739150 seconds
146.415: [GC [PSYoungGen: 14336K->512K(15872K)] 30080K->16256K(51712K), 0.0005260 secs] [Times: user=0.00 sys=0.00, real=0.00 secs] 
146.416: Total time for which application threads were stopped: 0.0006600 seconds, Stopping threads took: 0.0000590 seconds
146.488: Application time: 0.0717120 seconds
146.488: [GC [PSYoungGen: 14336K->544K(15872K)] 30080K->16288K(51712K), 0.0005030 secs] [Times: user=0.00 sys=0.00, real=0.00 secs] 
146.489: Total time for which application threads were stopped: 0.0016190 seconds, Stopping threads took: 0.0000520 seconds
146.561: Application time: 0.0721050 seconds
146.561: [GC [PSYoungGen: 14368K->496K(15872K)] 30112K->16240K(51712K), 0.0005530 secs] [Times: user=0.00 sys=0.00, real=0.00 secs] 
146.562: Total time for which application threads were stopped: 0.0006770 seconds, Stopping threads took: 0.0000510 seconds
146.636: Application time: 0.0743960 seconds
146.636: [GC [PSYoungGen: 14320K->528K(15872K)] 30064K->16272K(51712K), 0.0005430 secs] [Times: user=0.00 sys=0.00, real=0.00 secs] 
146.637: Total time for which application threads were stopped: 0.0006680 seconds, Stopping threads took: 0.0000500 seconds
146.711: Application time: 0.0737150 seconds
146.711: [GC [PSYoungGen: 14352K->528K(15872K)] 30096K->16272K(51712K), 0.0005040 secs] [Times: user=0.00 sys=0.00, real=0.00 secs] 
146.711: Total time for which application threads were stopped: 0.0006310 seconds, Stopping threads took: 0.0000540 seconds
146.786: Application time: 0.0742300 seconds
146.786: [GC [PSYoungGen: 14352K->512K(15872K)] 30096K->16256K(51712K), 0.0005520 secs] [Times: user=0.00 sys=0.00, real=0.00 secs] 
146.786: Total time for which application threads were stopped: 0.0006830 seconds, Stopping threads took: 0.0000570 seconds
146.859: Application time: 0.0731880 seconds
146.860: [GC [PSYoungGen: 14336K->512K(15872K)] 30080K->16264K(51712K), 0.0005060 secs] [Times: user=0.00 sys=0.00, real=0.00 secs] 
146.860: Total time for which application threads were stopped: 0.0006520 seconds, Stopping threads took: 0.0000610 seconds
146.934: Application time: 0.0739240 seconds
146.934: [GC [PSYoungGen: 14336K->464K(15872K)] 30088K->16224K(51712K), 0.0005000 secs] [Times: user=0.01 sys=0.00, real=0.00 secs] 
146.935: Total time for which application threads were stopped: 0.0006710 seconds, Stopping threads took: 0.0000950 seconds
147.009: Application time: 0.0744800 seconds
147.009: [GC [PSYoungGen: 14288K->480K(15872K)] 30048K->16240K(51712K), 0.0005270 secs] [Times: user=0.00 sys=0.00, real=0.00 secs] 
147.010: Total time for which application threads were stopped: 0.0006610 seconds, Stopping threads took: 0.0000500 seconds
147.084: Application time: 0.0742040 seconds
147.084: [GC [PSYoungGen: 14304K->496K(15872K)] 30064K->16256K(51712K), 0.0004760 secs] [Times: user=0.00 sys=0.00, real=0.00 secs] 
147.085: Total time for which application threads were stopped: 0.0006010 seconds, Stopping threads took: 0.0000550 seconds
147.159: Application time: 0.0740910 seconds
147.159: [GC [PSYoungGen: 14320K->528K(15872K)] 30080K->16288K(51712K), 0.0005660 secs] [Times: user=0.01 sys=0.00, real=0.00 secs] 
147.159: Total time for which application threads were stopped: 0.0006950 seconds, Stopping threads took: 0.0000520 seconds
147.231: Application time: 0.0712600 seconds
147.231: [GC [PSYoungGen: 14352K->496K(15872K)] 30112K->16256K(51712K), 0.0004830 secs] [Times: user=0.00 sys=0.00, real=0.00 secs] 
147.231: Total time for which application threads were stopped: 0.0006090 seconds, Stopping threads took: 0.0000520 seconds
147.304: Application time: 0.0728310 seconds
147.304: [GC [PSYoungGen: 14320K->512K(15872K)] 30080K->16272K(51712K), 0.0004870 secs] [Times: user=0.00 sys=0.00, real=0.00 secs] 
147.305: Total time for which application threads were stopped: 0.0006210 seconds, Stopping threads took: 0.0000580 seconds
147.379: Application time: 0.0743730 seconds
147.379: [GC [PSYoungGen: 14336K->480K(15872K)] 30096K->16240K(51712K), 0.0005870 secs] [Times: user=0.00 sys=0.00, real=0.00 secs] 
147.380: Total time for which application threads were stopped: 0.0007350 seconds, Stopping threads took: 0.0000590 seconds
147.454: Application time: 0.0741220 seconds
147.454: [GC [PSYoungGen: 14304K->480K(15872K)] 30064K->16240K(51712K), 0.0006150 secs] [Times: user=0.00 sys=0.00, real=0.00 secs] 
147.455: Total time for which application threads were stopped: 0.0007470 seconds, Stopping threads took: 0.0000570 seconds
147.529: Application time: 0.0743220 seconds
147.529: [GC [PSYoungGen: 14304K->464K(15872K)] 30064K->16224K(51712K), 0.0086860 secs] [Times: user=0.06 sys=0.00, real=0.01 secs] 
147.538: Total time for which application threads were stopped: 0.0088260 seconds, Stopping threads took: 0.0000600 seconds
147.611: Application time: 0.0735230 seconds
147.612: [GC [PSYoungGen: 14288K->528K(15872K)] 30048K->16296K(51712K), 0.0005770 secs] [Times: user=0.01 sys=0.00, real=0.00 secs] 
147.612: Total time for which application threads were stopped: 0.0007190 seconds, Stopping threads took: 0.0000610 seconds
147.686: Application time: 0.0741250 seconds
147.686: [GC [PSYoungGen: 14352K->464K(15872K)] 30120K->16240K(51712K), 0.0005140 secs] [Times: user=0.00 sys=0.00, real=0.00 secs] 
147.687: Total time for which application threads were stopped: 0.0006400 seconds, Stopping threads took: 0.0000520 seconds
147.761: Application time: 0.0738600 seconds
147.761: [GC [PSYoungGen: 14288K->528K(15872K)] 30064K->16304K(51712K), 0.0005190 secs] [Times: user=0.00 sys=0.00, real=0.00 secs] 
147.761: Total time for which application threads were stopped: 0.0006540 seconds, Stopping threads took: 0.0000600 seconds
147.836: Application time: 0.0740950 seconds
147.836: [GC [PSYoungGen: 14352K->496K(15872K)] 30128K->16272K(51712K), 0.0005160 secs] [Times: user=0.01 sys=0.00, real=0.00 secs] 
147.836: Total time for which application threads were stopped: 0.0006490 seconds, Stopping threads took: 0.0000590 seconds
147.910: Application time: 0.0739530 seconds
147.910: [GC [PSYoungGen: 14320K->496K(15872K)] 30096K->16272K(51712K), 0.0005960 secs] [Times: user=0.00 sys=0.00, real=0.00 secs] 
147.911: Total time for which application threads were stopped: 0.0007390 seconds, Stopping threads took: 0.0000560 seconds
147.983: Application time: 0.0716480 seconds
147.983: [GC [PSYoungGen: 14320K->544K(15872K)] 30096K->16320K(51712K), 0.0005110 secs] [Times: user=0.00 sys=0.00, real=0.00 secs] 
147.983: Total time for which application threads were stopped: 0.0006350 seconds, Stopping threads took: 0.0000500 seconds
148.055: Application time: 0.0719660 seconds
148.055: [GC [PSYoungGen: 14368K->512K(15872K)] 30144K->16288K(51712K), 0.0005090 secs] [Times: user=0.00 sys=0.00, real=0.00 secs] 
148.056: Total time for which application threads were stopped: 0.0006600 seconds, Stopping threads took: 0.0000740 seconds
148.130: Application time: 0.0740360 seconds
148.130: [GC [PSYoungGen: 14336K->480K(15872K)] 30112K->16256K(51712K), 0.0005250 secs] [Times: user=0.00 sys=0.00, real=0.00 secs] 
148.131: Total time for which application threads were stopped: 0.0006630 seconds, Stopping threads took: 0.0000620 seconds
148.205: Application time: 0.0744830 seconds
148.205: [GC [PSYoungGen: 14304K->512K(15872K)] 30080K->16288K(51712K), 0.0005300 secs] [Times: user=0.00 sys=0.00, real=0.01 secs] 
148.206: Total time for which application threads were stopped: 0.0006690 seconds, Stopping threads took: 0.0000610 seconds
148.280: Application time: 0.0744900 seconds
148.280: [GC [PSYoungGen: 14336K->496K(15872K)] 30112K->16272K(51712K), 0.0004760 secs] [Times: user=0.00 sys=0.00, real=0.00 secs] 
148.281: Total time for which application threads were stopped: 0.0006020 seconds, Stopping threads took: 0.0000520 seconds
148.354: Application time: 0.0732670 seconds
148.354: [GC [PSYoungGen: 14320K->528K(15872K)] 30096K->16312K(51712K), 0.0005680 secs] [Times: user=0.01 sys=0.00, real=0.00 secs] 
148.355: Total time for which application threads were stopped: 0.0006980 seconds, Stopping threads took: 0.0000540 seconds
148.428: Application time: 0.0735540 seconds
148.428: [GC [PSYoungGen: 14352K->496K(15872K)] 30136K->16288K(51712K), 0.0005460 secs] [Times: user=0.01 sys=0.00, real=0.00 secs] 
148.429: Total time for which application threads were stopped: 0.0006920 seconds, Stopping threads took: 0.0000580 seconds
148.503: Application time: 0.0741370 seconds
148.503: [GC [PSYoungGen: 14320K->448K(15872K)] 30112K->16240K(51712K), 0.0005190 secs] [Times: user=0.00 sys=0.00, real=0.00 secs] 
148.504: Total time for which application threads were stopped: 0.0006560 seconds, Stopping threads took: 0.0000620 seconds
148.578: Application time: 0.0744550 seconds
148.578: [GC [PSYoungGen: 14272K->528K(15872K)] 30064K->16320K(51712K), 0.0005220 secs] [Times: user=0.01 sys=0.00, real=0.00 secs] 
148.579: Total time for which application threads were stopped: 0.0006590 seconds, Stopping threads took: 0.0000590 seconds
148.653: Application time: 0.0740170 seconds
148.653: [GC [PSYoungGen: 14352K->480K(15872K)] 30144K->16272K(51712K), 0.0005040 secs] [Times: user=0.00 sys=0.00, real=0.01 secs] 
148.654: Total time for which application threads were stopped: 0.0006400 seconds, Stopping threads took: 0.0000590 seconds
148.727: Application time: 0.0732290 seconds
148.727: [GC [PSYoungGen: 14304K->464K(15872K)] 30096K->16256K(51712K), 0.0005120 secs] [Times: user=0.00 sys=0.00, real=0.00 secs] 
148.727: Total time for which application threads were stopped: 0.0006640 seconds, Stopping threads took: 0.0000770 seconds
148.798: Application time: 0.0707270 seconds
148.798: [GC [PSYoungGen: 14288K->480K(15872K)] 30080K->16272K(51712K), 0.0005400 secs] [Times: user=0.00 sys=0.00, real=0.00 secs] 
148.799: Total time for which application threads were stopped: 0.0006710 seconds, Stopping threads took: 0.0000580 seconds
148.873: Application time: 0.0740320 seconds
148.873: [GC [PSYoungGen: 14304K->480K(15872K)] 30096K->16272K(51712K), 0.0005230 secs] [Times: user=0.00 sys=0.00, real=0.01 secs] 
148.874: Total time for which application threads were stopped: 0.0006600 seconds, Stopping threads took: 0.0000630 seconds
148.948: Application time: 0.0743330 seconds
148.948: [GC [PSYoungGen: 14304K->512K(15872K)] 30096K->16304K(51712K), 0.0005150 secs] [Times: user=0.00 sys=0.00, real=0.00 secs] 
148.949: Total time for which application threads were stopped: 0.0006580 seconds, Stopping threads took: 0.0000600 seconds
149.023: Application time: 0.0739670 seconds
149.023: [GC [PSYoungGen: 14336K->528K(15872K)] 30128K->16320K(51712K), 0.0005140 secs] [Times: user=0.01 sys=0.00, real=0.00 secs] 
149.023: Total time for which application threads were stopped: 0.0006450 seconds, Stopping threads took: 0.0000530 seconds
149.098: Application time: 0.0750140 seconds
149.098: [GC [PSYoungGen: 14352K->496K(15872K)] 30144K->16296K(51712K), 0.0005330 secs] [Times: user=0.00 sys=0.00, real=0.00 secs] 
149.099: Total time for which application threads were stopped: 0.0006560 seconds, Stopping threads took: 0.0000520 seconds
149.172: Application time: 0.0730790 seconds
149.172: [GC [PSYoungGen: 14320K->512K(15872K)] 30120K->16328K(51712K), 0.0005710 secs] [Times: user=0.00 sys=0.00, real=0.00 secs] 
149.173: Total time for which application threads were stopped: 0.0007090 seconds, Stopping threads took: 0.0000630 seconds
149.247: Application time: 0.0745430 seconds
149.247: [GC [PSYoungGen: 14336K->496K(15872K)] 30152K->16312K(51712K), 0.0005470 secs] [Times: user=0.01 sys=0.00, real=0.00 secs] 
149.248: Total time for which application threads were stopped: 0.0006850 seconds, Stopping threads took: 0.0000590 seconds
149.322: Application time: 0.0741930 seconds
149.322: [GC [PSYoungGen: 14320K->512K(15872K)] 30136K->16328K(51712K), 0.0005160 secs] [Times: user=0.00 sys=0.00, real=0.00 secs] 
149.323: Total time for which application threads were stopped: 0.0006430 seconds, Stopping threads took: 0.0000500 seconds
149.397: Application time: 0.0742130 seconds
149.397: [GC [PSYoungGen: 14336K->512K(15872K)] 30152K->16328K(51712K), 0.0005080 secs] [Times: user=0.00 sys=0.00, real=0.00 secs] 
149.398: Total time for which application threads were stopped: 0.0006300 seconds, Stopping threads took: 0.0000510 seconds
149.471: Application time: 0.0737840 seconds
149.471: [GC [PSYoungGen: 14336K->512K(15872K)] 30152K->16328K(51712K), 0.0004950 secs] [Times: user=0.00 sys=0.00, real=0.00 secs] 
149.472: Total time for which application threads were stopped: 0.0006370 seconds, Stopping threads took: 0.0000570 seconds
149.543: Application time: 0.0708130 seconds
149.543: [GC [PSYoungGen: 14336K->496K(15872K)] 30152K->16312K(51712K), 0.0005150 secs] [Times: user=0.01 sys=0.00, real=0.00 secs] 
149.543: Total time for which application threads were stopped: 0.0006520 seconds, Stopping threads took: 0.0000650 seconds
149.617: Application time: 0.0738990 seconds
149.617: [GC [PSYoungGen: 14320K->464K(15872K)] 30136K->16280K(51712K), 0.0005030 secs] [Times: user=0.01 sys=0.00, real=0.00 secs] 
149.618: Total time for which application threads were stopped: 0.0006440 seconds, Stopping threads took: 0.0000560 seconds
149.692: Application time: 0.0744870 seconds
149.693: [GC [PSYoungGen: 14288K->496K(15872K)] 30104K->16312K(51712K), 0.0005260 secs] [Times: user=0.01 sys=0.00, real=0.00 secs] 
149.693: Total time for which application threads were stopped: 0.0006640 seconds, Stopping threads took: 0.0000590 seconds
149.767: Application time: 0.0739670 seconds
149.767: [GC [PSYoungGen: 14320K->528K(15872K)] 30136K->16344K(51712K), 0.0005110 secs] [Times: user=0.00 sys=0.00, real=0.00 secs] 
149.768: Total time for which application threads were stopped: 0.0006490 seconds, Stopping threads took: 0.0000600 seconds
149.841: Application time: 0.0736220 seconds
149.841: [GC [PSYoungGen: 14352K->528K(15872K)] 30168K->16352K(51712K), 0.0004950 secs] [Times: user=0.00 sys=0.00, real=0.00 secs] 
149.842: Total time for which application threads were stopped: 0.0006260 seconds, Stopping threads took: 0.0000510 seconds
149.915: Application time: 0.0730620 seconds
149.915: [GC [PSYoungGen: 14352K->512K(15872K)] 30176K->16344K(51712K), 0.0005000 secs] [Times: user=0.00 sys=0.00, real=0.00 secs] 
149.916: Total time for which application threads were stopped: 0.0006260 seconds, Stopping threads took: 0.0000530 seconds
149.990: Application time: 0.0740620 seconds
149.990: [GC [PSYoungGen: 14336K->512K(15872K)] 30168K->16344K(51712K), 0.0005160 secs] [Times: user=0.00 sys=0.00, real=0.00 secs] 
149.990: Total time for which application threads were stopped: 0.0006710 seconds, Stopping threads took: 0.0000750 seconds
150.064: Application time: 0.0739680 seconds
150.065: [GC [PSYoungGen: 14336K->528K(15872K)] 30168K->16360K(51712K), 0.0005010 secs] [Times: user=0.00 sys=0.00, real=0.00 secs] 
150.065: Total time for which application threads were stopped: 0.0006360 seconds, Stopping threads took: 0.0000630 seconds
150.139: Application time: 0.0738540 seconds
150.139: [GC [PSYoungGen: 14352K->528K(15872K)] 30184K->16360K(51712K), 0.0005390 secs] [Times: user=0.00 sys=0.00, real=0.00 secs] 
150.140: Total time for which application threads were stopped: 0.0006720 seconds, Stopping threads took: 0.0000580 seconds
150.214: Application time: 0.0742050 seconds
150.214: [GC [PSYoungGen: 14352K->464K(15872K)] 30184K->16296K(51712K), 0.0005820 secs] [Times: user=0.00 sys=0.00, real=0.00 secs] 
150.215: Total time for which application threads were stopped: 0.0007290 seconds, Stopping threads took: 0.0000700 seconds
150.286: Application time: 0.0715620 seconds
150.286: [GC [PSYoungGen: 14288K->432K(15872K)] 30120K->16264K(51712K), 0.0005030 secs] [Times: user=0.00 sys=0.00, real=0.00 secs] 
150.287: Total time for which application threads were stopped: 0.0006320 seconds, Stopping threads took: 0.0000570 seconds
150.359: Application time: 0.0727020 seconds
150.360: [GC [PSYoungGen: 14256K->480K(15872K)] 30088K->16312K(51712K), 0.0005010 secs] [Times: user=0.00 sys=0.00, real=0.00 secs] 
150.360: Total time for which application threads were stopped: 0.0006270 seconds, Stopping threads took: 0.0000540 seconds
150.434: Application time: 0.0738580 seconds
150.434: [GC [PSYoungGen: 14304K->512K(15872K)] 30136K->16344K(51712K), 0.0005500 secs] [Times: user=0.00 sys=0.00, real=0.00 secs] 
150.435: Total time for which application threads were stopped: 0.0006810 seconds, Stopping threads took: 0.0000580 seconds
150.509: Application time: 0.0739940 seconds
150.509: [GC [PSYoungGen: 14336K->512K(15872K)] 30168K->16344K(51712K), 0.0005070 secs] [Times: user=0.00 sys=0.00, real=0.00 secs] 
150.509: Total time for which application threads were stopped: 0.0006450 seconds, Stopping threads took: 0.0000570 seconds
150.584: Application time: 0.0750380 seconds
150.584: [GC [PSYoungGen: 14336K->496K(15872K)] 30168K->16328K(51712K), 0.0006030 secs] [Times: user=0.00 sys=0.00, real=0.00 secs] 
150.585: Total time for which application threads were stopped: 0.0007300 seconds, Stopping threads took: 0.0000580 seconds
150.659: Application time: 0.0740480 seconds
150.659: [GC [PSYoungGen: 14320K->528K(15872K)] 30152K->16368K(51712K), 0.0005180 secs] [Times: user=0.00 sys=0.00, real=0.00 secs] 
150.660: Total time for which application threads were stopped: 0.0006500 seconds, Stopping threads took: 0.0000570 seconds
150.733: Application time: 0.0735360 seconds
150.733: [GC [PSYoungGen: 14352K->480K(15872K)] 30192K->16320K(51712K), 0.0005580 secs] [Times: user=0.01 sys=0.00, real=0.00 secs] 
150.734: Total time for which application threads were stopped: 0.0006990 seconds, Stopping threads took: 0.0000620 seconds
150.808: Application time: 0.0740990 seconds
150.808: [GC [PSYoungGen: 14304K->496K(15872K)] 30144K->16336K(51712K), 0.0005280 secs] [Times: user=0.00 sys=0.00, real=0.00 secs] 
150.809: Total time for which application threads were stopped: 0.0006690 seconds, Stopping threads took: 0.0000660 seconds
150.883: Application time: 0.0744080 seconds
150.883: [GC [PSYoungGen: 14320K->512K(15872K)] 30160K->16352K(51712K), 0.0005180 secs] [Times: user=0.00 sys=0.00, real=0.00 secs] 
150.884: Total time for which application threads were stopped: 0.0006430 seconds, Stopping threads took: 0.0000520 seconds
150.958: Application time: 0.0739310 seconds
150.958: [GC [PSYoungGen: 14336K->528K(15872K)] 30176K->16368K(51712K), 0.0005610 secs] [Times: user=0.00 sys=0.00, real=0.00 secs] 
150.958: Total time for which application threads were stopped: 0.0006970 seconds, Stopping threads took: 0.0000590 seconds
151.029: Application time: 0.0710770 seconds
151.030: [GC [PSYoungGen: 14352K->480K(15872K)] 30192K->16320K(51712K), 0.0004800 secs] [Times: user=0.00 sys=0.00, real=0.00 secs] 
151.030: Total time for which application threads were stopped: 0.0006220 seconds, Stopping threads took: 0.0000600 seconds
151.103: Application time: 0.0729380 seconds
151.103: [GC [PSYoungGen: 14304K->480K(15872K)] 30144K->16320K(51712K), 0.0005970 secs] [Times: user=0.01 sys=0.00, real=0.00 secs] 
151.104: Total time for which application threads were stopped: 0.0007390 seconds, Stopping threads took: 0.0000670 seconds
151.178: Application time: 0.0744140 seconds
151.178: [GC [PSYoungGen: 14304K->448K(15872K)] 30144K->16288K(51712K), 0.0005250 secs] [Times: user=0.00 sys=0.00, real=0.00 secs] 
151.179: Total time for which application threads were stopped: 0.0006540 seconds, Stopping threads took: 0.0000530 seconds
151.253: Application time: 0.0745500 seconds
151.254: [GC [PSYoungGen: 14272K->464K(15872K)] 30112K->16304K(51712K), 0.0005060 secs] [Times: user=0.01 sys=0.00, real=0.00 secs] 
151.254: Total time for which application threads were stopped: 0.0006390 seconds, Stopping threads took: 0.0000610 seconds
151.328: Application time: 0.0742070 seconds
151.328: [GC [PSYoungGen: 14288K->480K(15872K)] 30128K->16320K(51712K), 0.0004890 secs] [Times: user=0.00 sys=0.00, real=0.00 secs] 
151.329: Total time for which application threads were stopped: 0.0006200 seconds, Stopping threads took: 0.0000560 seconds
151.402: Application time: 0.0735380 seconds
151.403: [GC [PSYoungGen: 14304K->528K(15872K)] 30144K->16376K(51712K), 0.0004830 secs] [Times: user=0.00 sys=0.00, real=0.00 secs] 
151.403: Total time for which application threads were stopped: 0.0006140 seconds, Stopping threads took: 0.0000570 seconds
151.476: Application time: 0.0732810 seconds
151.476: [GC [PSYoungGen: 14352K->512K(15872K)] 30200K->16368K(51712K), 0.0005300 secs] [Times: user=0.00 sys=0.00, real=0.00 secs] 
151.477: Total time for which application threads were stopped: 0.0006620 seconds, Stopping threads took: 0.0000550 seconds
151.551: Application time: 0.0741930 seconds
151.551: [GC [PSYoungGen: 14336K->496K(15872K)] 30192K->16352K(51712K), 0.0005150 secs] [Times: user=0.00 sys=0.00, real=0.01 secs] 
151.554: Total time for which application threads were stopped: 0.0032350 seconds, Stopping threads took: 0.0000550 seconds
151.629: Application time: 0.0742030 seconds
151.629: [GC [PSYoungGen: 14320K->496K(15872K)] 30176K->16352K(51712K), 0.0005910 secs] [Times: user=0.00 sys=0.00, real=0.00 secs] 
151.629: Total time for which application threads were stopped: 0.0007300 seconds, Stopping threads took: 0.0000580 seconds
151.703: Application time: 0.0740240 seconds
151.703: [GC [PSYoungGen: 14320K->496K(15872K)] 30176K->16352K(51712K), 0.0005000 secs] [Times: user=0.00 sys=0.00, real=0.00 secs] 
151.704: Total time for which application threads were stopped: 0.0006320 seconds, Stopping threads took: 0.0000570 seconds
151.776: Application time: 0.0718610 seconds
151.776: [GC [PSYoungGen: 14320K->528K(15872K)] 30176K->16384K(51712K), 0.0004970 secs] [Times: user=0.00 sys=0.00, real=0.00 secs] 
151.776: Total time for which application threads were stopped: 0.0006290 seconds, Stopping threads took: 0.0000580 seconds
151.848: Application time: 0.0716770 seconds
151.848: [GC [PSYoungGen: 14352K->480K(15872K)] 30208K->16336K(51712K), 0.0005470 secs] [Times: user=0.00 sys=0.00, real=0.00 secs] 
151.849: Total time for which application threads were stopped: 0.0006770 seconds, Stopping threads took: 0.0000510 seconds
151.922: Application time: 0.0736060 seconds
151.923: [GC [PSYoungGen: 14304K->480K(15872K)] 30160K->16336K(51712K), 0.0005650 secs] [Times: user=0.00 sys=0.00, real=0.00 secs] 
151.923: Total time for which application threads were stopped: 0.0006890 seconds, Stopping threads took: 0.0000490 seconds
151.997: Application time: 0.0739480 seconds
151.997: [GC [PSYoungGen: 14304K->496K(15872K)] 30160K->16352K(51712K), 0.0005200 secs] [Times: user=0.00 sys=0.00, real=0.00 secs] 
151.998: Total time for which application threads were stopped: 0.0006550 seconds, Stopping threads took: 0.0000600 seconds
152.073: Application time: 0.0750960 seconds
152.073: [GC [PSYoungGen: 14320K->528K(15872K)] 30176K->16384K(51712K), 0.0004980 secs] [Times: user=0.00 sys=0.00, real=0.01 secs] 
152.073: Total time for which application threads were stopped: 0.0006310 seconds, Stopping threads took: 0.0000510 seconds
152.148: Application time: 0.0741150 seconds
152.148: [GC [PSYoungGen: 14352K->528K(15872K)] 30208K->16392K(51712K), 0.0005310 secs] [Times: user=0.01 sys=0.00, real=0.00 secs] 
152.148: Total time for which application threads were stopped: 0.0006630 seconds, Stopping threads took: 0.0000580 seconds
152.222: Application time: 0.0736280 seconds
152.222: [GC [PSYoungGen: 14352K->496K(15872K)] 30216K->16368K(51712K), 0.0005040 secs] [Times: user=0.00 sys=0.00, real=0.00 secs] 
152.223: Total time for which application threads were stopped: 0.0006270 seconds, Stopping threads took: 0.0000490 seconds
152.297: Application time: 0.0744260 seconds
152.297: [GC [PSYoungGen: 14320K->544K(15872K)] 30192K->16416K(51712K), 0.0005550 secs] [Times: user=0.00 sys=0.00, real=0.00 secs] 
152.298: Total time for which application threads were stopped: 0.0006880 seconds, Stopping threads took: 0.0000550 seconds
152.372: Application time: 0.0740050 seconds
152.372: [GC [PSYoungGen: 14368K->496K(15872K)] 30240K->16368K(51712K), 0.0004940 secs] [Times: user=0.00 sys=0.00, real=0.00 secs] 
152.372: Total time for which application threads were stopped: 0.0006250 seconds, Stopping threads took: 0.0000560 seconds
152.446: Application time: 0.0740900 seconds
152.446: [GC [PSYoungGen: 14320K->480K(15872K)] 30192K->16352K(51712K), 0.0005310 secs] [Times: user=0.00 sys=0.00, real=0.00 secs] 
152.447: Total time for which application threads were stopped: 0.0006680 seconds, Stopping threads took: 0.0000620 seconds
152.520: Application time: 0.0725370 seconds
152.520: [GC [PSYoungGen: 14304K->496K(15872K)] 30176K->16368K(51712K), 0.0004770 secs] [Times: user=0.00 sys=0.00, real=0.00 secs] 
152.520: Total time for which application threads were stopped: 0.0006100 seconds, Stopping threads took: 0.0000600 seconds
152.591: Application time: 0.0711450 seconds
152.591: [GC [PSYoungGen: 14320K->496K(15872K)] 30192K->16368K(51712K), 0.0004820 secs] [Times: user=0.01 sys=0.00, real=0.00 secs] 
152.592: Total time for which application threads were stopped: 0.0006260 seconds, Stopping threads took: 0.0000570 seconds
152.666: Application time: 0.0741510 seconds
152.666: [GC [PSYoungGen: 14320K->480K(15872K)] 30192K->16352K(51712K), 0.0005320 secs] [Times: user=0.00 sys=0.00, real=0.00 secs] 
152.667: Total time for which application threads were stopped: 0.0006850 seconds, Stopping threads took: 0.0000640 seconds
152.741: Application time: 0.0744850 seconds
152.745: [GC [PSYoungGen: 14304K->512K(15872K)] 30176K->16384K(51712K), 0.0005660 secs] [Times: user=0.01 sys=0.00, real=0.00 secs] 
152.746: Total time for which application threads were stopped: 0.0046750 seconds, Stopping threads took: 0.0040340 seconds
152.820: Application time: 0.0739340 seconds
152.820: [GC [PSYoungGen: 14336K->512K(15872K)] 30208K->16384K(51712K), 0.0005170 secs] [Times: user=0.00 sys=0.00, real=0.00 secs] 
152.821: Total time for which application threads were stopped: 0.0006460 seconds, Stopping threads took: 0.0000520 seconds
152.894: Application time: 0.0738500 seconds
152.895: [GC [PSYoungGen: 14336K->496K(15872K)] 30208K->16376K(51712K), 0.0004820 secs] [Times: user=0.00 sys=0.00, real=0.00 secs] 
152.895: Total time for which application threads were stopped: 0.0006200 seconds, Stopping threads took: 0.0000670 seconds
152.968: Application time: 0.0732930 seconds
152.968: [GC [PSYoungGen: 14320K->480K(15872K)] 30200K->16368K(51712K), 0.0004960 secs] [Times: user=0.00 sys=0.00, real=0.00 secs] 
152.969: Total time for which application threads were stopped: 0.0006180 seconds, Stopping threads took: 0.0000490 seconds
153.043: Application time: 0.0740600 seconds
153.043: [GC [PSYoungGen: 14304K->480K(15872K)] 30192K->16368K(51712K), 0.0005600 secs] [Times: user=0.00 sys=0.00, real=0.00 secs] 
153.044: Total time for which application threads were stopped: 0.0006910 seconds, Stopping threads took: 0.0000580 seconds
153.118: Application time: 0.0742750 seconds
153.118: [GC [PSYoungGen: 14304K->496K(15872K)] 30192K->16384K(51712K), 0.0005400 secs] [Times: user=0.00 sys=0.00, real=0.00 secs] 
153.119: Total time for which application threads were stopped: 0.0006830 seconds, Stopping threads took: 0.0000540 seconds
153.193: Application time: 0.0738910 seconds
153.193: [GC [PSYoungGen: 14320K->496K(15872K)] 30208K->16384K(51712K), 0.0004890 secs] [Times: user=0.00 sys=0.00, real=0.00 secs] 
153.193: Total time for which application threads were stopped: 0.0006180 seconds, Stopping threads took: 0.0000550 seconds
153.268: Application time: 0.0743540 seconds
153.268: [GC [PSYoungGen: 14320K->512K(15872K)] 30208K->16400K(51712K), 0.0004830 secs] [Times: user=0.00 sys=0.00, real=0.00 secs] 
153.268: Total time for which application threads were stopped: 0.0006150 seconds, Stopping threads took: 0.0000550 seconds
153.338: Application time: 0.0702420 seconds
153.338: [GC [PSYoungGen: 14336K->480K(15872K)] 30224K->16368K(51712K), 0.0005640 secs] [Times: user=0.00 sys=0.00, real=0.00 secs] 
153.339: Total time for which application threads were stopped: 0.0007080 seconds, Stopping threads took: 0.0000670 seconds
153.413: Application time: 0.0736000 seconds
153.413: [GC [PSYoungGen: 14304K->480K(15872K)] 30192K->16368K(51712K), 0.0005060 secs] [Times: user=0.00 sys=0.00, real=0.01 secs] 
153.413: Total time for which application threads were stopped: 0.0006320 seconds, Stopping threads took: 0.0000470 seconds
153.487: Application time: 0.0740370 seconds
153.487: [GC [PSYoungGen: 14304K->544K(15872K)] 30192K->16432K(51712K), 0.0005230 secs] [Times: user=0.01 sys=0.00, real=0.00 secs] 
153.488: Total time for which application threads were stopped: 0.0006560 seconds, Stopping threads took: 0.0000590 seconds
153.562: Application time: 0.0740530 seconds
153.562: [GC [PSYoungGen: 14368K->496K(15872K)] 30256K->16384K(51712K), 0.0005180 secs] [Times: user=0.00 sys=0.00, real=0.00 secs] 
153.563: Total time for which application threads were stopped: 0.0006520 seconds, Stopping threads took: 0.0000560 seconds
153.638: Application time: 0.0753020 seconds
153.638: [GC [PSYoungGen: 14320K->480K(15872K)] 30208K->16384K(51712K), 0.0005480 secs] [Times: user=0.00 sys=0.00, real=0.00 secs] 
153.639: Total time for which application threads were stopped: 0.0006980 seconds, Stopping threads took: 0.0000620 seconds
153.712: Application time: 0.0733110 seconds
153.712: [GC [PSYoungGen: 14304K->480K(15872K)] 30208K->16392K(51712K), 0.0005170 secs] [Times: user=0.00 sys=0.00, real=0.00 secs] 
153.713: Total time for which application threads were stopped: 0.0006460 seconds, Stopping threads took: 0.0000540 seconds
153.787: Application time: 0.0744250 seconds
153.787: [GC [PSYoungGen: 14304K->496K(15872K)] 30216K->16408K(51712K), 0.0005760 secs] [Times: user=0.00 sys=0.00, real=0.00 secs] 
153.788: Total time for which application threads were stopped: 0.0006980 seconds, Stopping threads took: 0.0000450 seconds
153.862: Application time: 0.0739800 seconds
153.862: [GC [PSYoungGen: 14320K->512K(15872K)] 30232K->16424K(51712K), 0.0005030 secs] [Times: user=0.01 sys=0.00, real=0.00 secs] 
153.862: Total time for which application threads were stopped: 0.0006360 seconds, Stopping threads took: 0.0000600 seconds
153.936: Application time: 0.0739160 seconds
153.936: [GC [PSYoungGen: 14336K->528K(15872K)] 30248K->16440K(51712K), 0.0005460 secs] [Times: user=0.00 sys=0.00, real=0.00 secs] 
153.937: Total time for which application threads were stopped: 0.0006840 seconds, Stopping threads took: 0.0000620 seconds
154.011: Application time: 0.0743880 seconds
154.013: [GC [PSYoungGen: 14352K->464K(15872K)] 30264K->16376K(51712K), 0.0005400 secs] [Times: user=0.00 sys=0.00, real=0.00 secs] 
154.014: Total time for which application threads were stopped: 0.0025140 seconds, Stopping threads took: 0.0018960 seconds
154.084: Application time: 0.0703590 seconds
154.084: [GC [PSYoungGen: 14288K->560K(15872K)] 30200K->16472K(51712K), 0.0004970 secs] [Times: user=0.00 sys=0.00, real=0.00 secs] 
154.085: Total time for which application threads were stopped: 0.0006340 seconds, Stopping threads took: 0.0000620 seconds
154.158: Application time: 0.0732780 seconds
154.158: [GC [PSYoungGen: 14384K->480K(15872K)] 30296K->16392K(51712K), 0.0005230 secs] [Times: user=0.00 sys=0.00, real=0.00 secs] 
154.159: Total time for which application threads were stopped: 0.0006570 seconds, Stopping threads took: 0.0000470 seconds
154.233: Application time: 0.0741040 seconds
154.233: [GC [PSYoungGen: 14304K->480K(15872K)] 30216K->16392K(51712K), 0.0005070 secs] [Times: user=0.00 sys=0.00, real=0.01 secs] 
154.234: Total time for which application threads were stopped: 0.0006370 seconds, Stopping threads took: 0.0000590 seconds
154.308: Application time: 0.0745050 seconds
154.309: [GC [PSYoungGen: 14304K->480K(15872K)] 30216K->16392K(51712K), 0.0005600 secs] [Times: user=0.00 sys=0.00, real=0.00 secs] 
154.310: Total time for which application threads were stopped: 0.0018610 seconds, Stopping threads took: 0.0012250 seconds
154.384: Application time: 0.0739840 seconds
154.384: [GC [PSYoungGen: 14304K->496K(15872K)] 30216K->16408K(51712K), 0.0005310 secs] [Times: user=0.00 sys=0.00, real=0.00 secs] 
154.385: Total time for which application threads were stopped: 0.0006620 seconds, Stopping threads took: 0.0000600 seconds
154.458: Application time: 0.0735050 seconds
154.458: [GC [PSYoungGen: 14320K->496K(15872K)] 30232K->16424K(51712K), 0.0005350 secs] [Times: user=0.00 sys=0.00, real=0.00 secs] 
154.459: Total time for which application threads were stopped: 0.0006730 seconds, Stopping threads took: 0.0000620 seconds
154.533: Application time: 0.0740640 seconds
154.533: [GC [PSYoungGen: 14320K->528K(15872K)] 30248K->16480K(51712K), 0.0005170 secs] [Times: user=0.00 sys=0.00, real=0.01 secs] 
154.534: Total time for which application threads were stopped: 0.0006610 seconds, Stopping threads took: 0.0000660 seconds
154.607: Application time: 0.0739530 seconds
154.608: [GC [PSYoungGen: 14352K->512K(15872K)] 30304K->16464K(51712K), 0.0004840 secs] [Times: user=0.00 sys=0.00, real=0.00 secs] 
154.608: Total time for which application threads were stopped: 0.0006320 seconds, Stopping threads took: 0.0000740 seconds
154.682: Application time: 0.0741500 seconds
154.682: [GC [PSYoungGen: 14336K->496K(15872K)] 30288K->16448K(51712K), 0.0005380 secs] [Times: user=0.00 sys=0.00, real=0.00 secs] 
154.683: Total time for which application threads were stopped: 0.0006800 seconds, Stopping threads took: 0.0000470 seconds
154.757: Application time: 0.0741160 seconds
154.757: [GC [PSYoungGen: 14320K->480K(15872K)] 30272K->16432K(51712K), 0.0005440 secs] [Times: user=0.00 sys=0.00, real=0.00 secs] 
154.758: Total time for which application threads were stopped: 0.0006750 seconds, Stopping threads took: 0.0000570 seconds
154.828: Application time: 0.0706270 seconds
154.828: [GC [PSYoungGen: 14299K->432K(15872K)] 30252K->16384K(51712K), 0.0004900 secs] [Times: user=0.00 sys=0.00, real=0.00 secs] 
154.829: Total time for which application threads were stopped: 0.0006170 seconds, Stopping threads took: 0.0000550 seconds
154.902: Application time: 0.0728600 seconds
154.902: [GC [PSYoungGen: 14256K->480K(15872K)] 30208K->16432K(51712K), 0.0005550 secs] [Times: user=0.00 sys=0.00, real=0.00 secs] 
154.903: Total time for which application threads were stopped: 0.0006810 seconds, Stopping threads took: 0.0000530 seconds
154.977: Application time: 0.0743000 seconds
154.977: [GC [PSYoungGen: 14304K->512K(15872K)] 30256K->16464K(51712K), 0.0005380 secs] [Times: user=0.00 sys=0.00, real=0.00 secs] 
154.978: Total time for which application threads were stopped: 0.0006680 seconds, Stopping threads took: 0.0000550 seconds
155.051: Application time: 0.0734750 seconds
155.051: [GC [PSYoungGen: 14336K->496K(15872K)] 30288K->16448K(51712K), 0.0005000 secs] [Times: user=0.00 sys=0.00, real=0.00 secs] 
155.052: Total time for which application threads were stopped: 0.0006380 seconds, Stopping threads took: 0.0000640 seconds
155.127: Application time: 0.0756960 seconds
155.127: [GC [PSYoungGen: 14320K->528K(15872K)] 30272K->16480K(51712K), 0.0005110 secs] [Times: user=0.01 sys=0.00, real=0.00 secs] 
155.128: Total time for which application threads were stopped: 0.0006660 seconds, Stopping threads took: 0.0000790 seconds
155.202: Application time: 0.0735130 seconds
155.202: [GC [PSYoungGen: 14352K->528K(15872K)] 30304K->16488K(51712K), 0.0005270 secs] [Times: user=0.01 sys=0.00, real=0.00 secs] 
155.202: Total time for which application threads were stopped: 0.0006690 seconds, Stopping threads took: 0.0000590 seconds
155.276: Application time: 0.0737940 seconds
155.276: [GC [PSYoungGen: 14352K->496K(15872K)] 30312K->16464K(51712K), 0.0005230 secs] [Times: user=0.01 sys=0.00, real=0.00 secs] 
155.277: Total time for which application threads were stopped: 0.0006440 seconds, Stopping threads took: 0.0000500 seconds
155.351: Application time: 0.0740440 seconds
155.351: [GC [PSYoungGen: 14320K->512K(15872K)] 30288K->16480K(51712K), 0.0005220 secs] [Times: user=0.00 sys=0.00, real=0.00 secs] 
155.351: Total time for which application threads were stopped: 0.0006500 seconds, Stopping threads took: 0.0000530 seconds
155.425: Application time: 0.0739550 seconds
155.425: [GC [PSYoungGen: 14336K->528K(15872K)] 30304K->16496K(51712K), 0.0005010 secs] [Times: user=0.00 sys=0.00, real=0.00 secs] 
155.426: Total time for which application threads were stopped: 0.0006480 seconds, Stopping threads took: 0.0000750 seconds
155.500: Application time: 0.0737580 seconds
155.500: [GC [PSYoungGen: 14352K->512K(15872K)] 30320K->16480K(51712K), 0.0005450 secs] [Times: user=0.01 sys=0.00, real=0.00 secs] 
155.500: Total time for which application threads were stopped: 0.0006720 seconds, Stopping threads took: 0.0000540 seconds
155.572: Application time: 0.0720490 seconds
155.573: [GC [PSYoungGen: 14336K->480K(15872K)] 30304K->16448K(51712K), 0.0005430 secs] [Times: user=0.00 sys=0.00, real=0.00 secs] 
155.573: Total time for which application threads were stopped: 0.0006620 seconds, Stopping threads took: 0.0000480 seconds
155.645: Application time: 0.0718840 seconds
155.645: [GC [PSYoungGen: 14304K->464K(15872K)] 30272K->16432K(51712K), 0.0005140 secs] [Times: user=0.00 sys=0.00, real=0.01 secs] 
155.646: Total time for which application threads were stopped: 0.0006430 seconds, Stopping threads took: 0.0000530 seconds
155.720: Application time: 0.0740710 seconds
155.720: [GC [PSYoungGen: 14288K->512K(15872K)] 30256K->16480K(51712K), 0.0005830 secs] [Times: user=0.00 sys=0.00, real=0.00 secs] 
155.720: Total time for which application threads were stopped: 0.0007200 seconds, Stopping threads took: 0.0000490 seconds
155.794: Application time: 0.0739980 seconds
155.795: [GC [PSYoungGen: 14336K->464K(15872K)] 30304K->16432K(51712K), 0.0005300 secs] [Times: user=0.00 sys=0.00, real=0.00 secs] 
155.795: Total time for which application threads were stopped: 0.0006600 seconds, Stopping threads took: 0.0000560 seconds
155.870: Application time: 0.0744760 seconds
155.870: [GC [PSYoungGen: 14288K->512K(15872K)] 30256K->16480K(51712K), 0.0005250 secs] [Times: user=0.00 sys=0.00, real=0.00 secs] 
155.870: Total time for which application threads were stopped: 0.0006510 seconds, Stopping threads took: 0.0000520 seconds
155.944: Application time: 0.0733670 seconds
155.944: [GC [PSYoungGen: 14336K->544K(15872K)] 30304K->16520K(51712K), 0.0004750 secs] [Times: user=0.00 sys=0.00, real=0.00 secs] 
155.944: Total time for which application threads were stopped: 0.0006060 seconds, Stopping threads took: 0.0000520 seconds
156.018: Application time: 0.0736530 seconds
156.018: [GC [PSYoungGen: 14368K->480K(15872K)] 30344K->16464K(51712K), 0.0005250 secs] [Times: user=0.00 sys=0.00, real=0.00 secs] 
156.018: Total time for which application threads were stopped: 0.0006500 seconds, Stopping threads took: 0.0000520 seconds
156.093: Application time: 0.0746130 seconds
156.093: [GC [PSYoungGen: 14304K->480K(15872K)] 30288K->16464K(51712K), 0.0005010 secs] [Times: user=0.00 sys=0.00, real=0.01 secs] 
156.094: Total time for which application threads were stopped: 0.0006340 seconds, Stopping threads took: 0.0000600 seconds
156.168: Application time: 0.0740030 seconds
156.168: [GC [PSYoungGen: 14304K->480K(15872K)] 30288K->16464K(51712K), 0.0005000 secs] [Times: user=0.01 sys=0.00, real=0.00 secs] 
156.168: Total time for which application threads were stopped: 0.0006270 seconds, Stopping threads took: 0.0000530 seconds
156.242: Application time: 0.0740420 seconds
156.243: [GC [PSYoungGen: 14304K->464K(15872K)] 30288K->16448K(51712K), 0.0006440 secs] [Times: user=0.00 sys=0.00, real=0.00 secs] 
156.244: Total time for which application threads were stopped: 0.0012860 seconds, Stopping threads took: 0.0005530 seconds
156.317: Application time: 0.0734420 seconds
156.317: [GC [PSYoungGen: 14288K->512K(15872K)] 30272K->16496K(51712K), 0.0004810 secs] [Times: user=0.00 sys=0.00, real=0.00 secs] 
156.318: Total time for which application threads were stopped: 0.0006150 seconds, Stopping threads took: 0.0000580 seconds
156.389: Application time: 0.0709870 seconds
156.389: [GC [PSYoungGen: 14336K->496K(15872K)] 30320K->16480K(51712K), 0.0004960 secs] [Times: user=0.00 sys=0.00, real=0.00 secs] 
156.389: Total time for which application threads were stopped: 0.0006500 seconds, Stopping threads took: 0.0000790 seconds
156.464: Application time: 0.0743400 seconds
156.464: [GC [PSYoungGen: 14320K->480K(15872K)] 30304K->16464K(51712K), 0.0004980 secs] [Times: user=0.01 sys=0.00, real=0.00 secs] 
156.464: Total time for which application threads were stopped: 0.0006300 seconds, Stopping threads took: 0.0000600 seconds
156.538: Application time: 0.0734510 seconds
156.538: [GC [PSYoungGen: 14304K->512K(15872K)] 30288K->16496K(51712K), 0.0004900 secs] [Times: user=0.01 sys=0.00, real=0.00 secs] 
156.538: Total time for which application threads were stopped: 0.0006170 seconds, Stopping threads took: 0.0000550 seconds
156.614: Application time: 0.0757340 seconds
156.614: [GC [PSYoungGen: 14336K->496K(15872K)] 30320K->16480K(51712K), 0.0005240 secs] [Times: user=0.00 sys=0.00, real=0.00 secs] 
156.615: Total time for which application threads were stopped: 0.0006450 seconds, Stopping threads took: 0.0000510 seconds
156.688: Application time: 0.0732770 seconds
156.688: [GC [PSYoungGen: 14320K->480K(15872K)] 30304K->16472K(51712K), 0.0004890 secs] [Times: user=0.00 sys=0.00, real=0.00 secs] 
156.689: Total time for which application threads were stopped: 0.0006300 seconds, Stopping threads took: 0.0000620 seconds
156.762: Application time: 0.0736900 seconds
156.763: [GC [PSYoungGen: 14304K->528K(15872K)] 30296K->16528K(51712K), 0.0004850 secs] [Times: user=0.00 sys=0.00, real=0.00 secs] 
156.763: Total time for which application threads were stopped: 0.0006250 seconds, Stopping threads took: 0.0000590 seconds
156.837: Application time: 0.0742870 seconds
156.837: [GC [PSYoungGen: 14352K->464K(15872K)] 30352K->16464K(51712K), 0.0005000 secs] [Times: user=0.01 sys=0.00, real=0.00 secs] 
156.838: Total time for which application threads were stopped: 0.0006270 seconds, Stopping threads took: 0.0000540 seconds
156.912: Application time: 0.0739910 seconds
156.912: [GC [PSYoungGen: 14288K->512K(15872K)] 30288K->16512K(51712K), 0.0004960 secs] [Times: user=0.00 sys=0.00, real=0.00 secs] 
156.913: Total time for which application threads were stopped: 0.0006400 seconds, Stopping threads took: 0.0000720 seconds
156.987: Application time: 0.0739730 seconds
156.987: [GC [PSYoungGen: 14336K->560K(15872K)] 30336K->16560K(51712K), 0.0005020 secs] [Times: user=0.00 sys=0.00, real=0.00 secs] 
156.987: Total time for which application threads were stopped: 0.0006260 seconds, Stopping threads took: 0.0000520 seconds
157.061: Application time: 0.0735390 seconds
157.061: [GC [PSYoungGen: 14384K->464K(15872K)] 30384K->16464K(51712K), 0.0005050 secs] [Times: user=0.00 sys=0.00, real=0.00 secs] 
157.061: Total time for which application threads were stopped: 0.0006360 seconds, Stopping threads took: 0.0000530 seconds
157.132: Application time: 0.0707160 seconds
157.132: [GC [PSYoungGen: 14288K->496K(15872K)] 30288K->16496K(51712K), 0.0005680 secs] [Times: user=0.00 sys=0.00, real=0.00 secs] 
157.133: Total time for which application threads were stopped: 0.0007010 seconds, Stopping threads took: 0.0000580 seconds
157.206: Application time: 0.0731620 seconds
157.206: [GC [PSYoungGen: 14320K->528K(15872K)] 30320K->16528K(51712K), 0.0005380 secs] [Times: user=0.00 sys=0.00, real=0.00 secs] 
157.207: Total time for which application threads were stopped: 0.0006590 seconds, Stopping threads took: 0.0000480 seconds
157.281: Application time: 0.0740710 seconds
157.281: [GC [PSYoungGen: 14352K->496K(15872K)] 30352K->16496K(51712K), 0.0004930 secs] [Times: user=0.00 sys=0.00, real=0.00 secs] 
157.281: Total time for which application threads were stopped: 0.0006460 seconds, Stopping threads took: 0.0000650 seconds
157.356: Application time: 0.0741670 seconds
157.356: [GC [PSYoungGen: 14320K->496K(15872K)] 30320K->16496K(51712K), 0.0005130 secs] [Times: user=0.00 sys=0.00, real=0.00 secs] 
157.356: Total time for which application threads were stopped: 0.0006450 seconds, Stopping threads took: 0.0000600 seconds
157.430: Application time: 0.0740150 seconds
157.430: [GC [PSYoungGen: 14320K->448K(15872K)] 30320K->16456K(51712K), 0.0004830 secs] [Times: user=0.00 sys=0.00, real=0.00 secs] 
157.431: Total time for which application threads were stopped: 0.0006100 seconds, Stopping threads took: 0.0000530 seconds
157.504: Application time: 0.0732990 seconds
157.504: [GC [PSYoungGen: 14272K->528K(15872K)] 30280K->16544K(51712K), 0.0005060 secs] [Times: user=0.00 sys=0.00, real=0.00 secs] 
157.505: Total time for which application threads were stopped: 0.0006430 seconds, Stopping threads took: 0.0000660 seconds
157.579: Application time: 0.0744240 seconds
157.579: [GC [PSYoungGen: 14352K->448K(15872K)] 30368K->16464K(51712K), 0.0005300 secs] [Times: user=0.01 sys=0.00, real=0.00 secs] 
157.580: Total time for which application threads were stopped: 0.0006750 seconds, Stopping threads took: 0.0000710 seconds
157.654: Application time: 0.0744740 seconds
157.654: [GC [PSYoungGen: 14272K->512K(15872K)] 30288K->16528K(51712K), 0.0005440 secs] [Times: user=0.00 sys=0.00, real=0.00 secs] 
157.655: Total time for which application threads were stopped: 0.0006840 seconds, Stopping threads took: 0.0000610 seconds
157.730: Application time: 0.0745150 seconds
157.730: [GC [PSYoungGen: 14336K->496K(15872K)] 30352K->16512K(51712K), 0.0005620 secs] [Times: user=0.00 sys=0.00, real=0.00 secs] 
157.730: Total time for which application threads were stopped: 0.0006860 seconds, Stopping threads took: 0.0000500 seconds
157.804: Application time: 0.0736170 seconds
157.804: [GC [PSYoungGen: 14320K->528K(15872K)] 30336K->16544K(51712K), 0.0005130 secs] [Times: user=0.00 sys=0.00, real=0.00 secs] 
157.804: Total time for which application threads were stopped: 0.0006520 seconds, Stopping threads took: 0.0000510 seconds
157.876: Application time: 0.0712090 seconds
157.876: [GC [PSYoungGen: 14352K->512K(15872K)] 30368K->16528K(51712K), 0.0005300 secs] [Times: user=0.01 sys=0.00, real=0.00 secs] 
157.876: Total time for which application threads were stopped: 0.0006610 seconds, Stopping threads took: 0.0000570 seconds
157.949: Application time: 0.0729070 seconds
157.949: [GC [PSYoungGen: 14336K->528K(15872K)] 30352K->16544K(51712K), 0.0005090 secs] [Times: user=0.00 sys=0.00, real=0.00 secs] 
157.950: Total time for which application threads were stopped: 0.0006410 seconds, Stopping threads took: 0.0000580 seconds
158.024: Application time: 0.0741550 seconds
158.024: [GC [PSYoungGen: 14352K->512K(15872K)] 30368K->16528K(51712K), 0.0005010 secs] [Times: user=0.00 sys=0.00, real=0.00 secs] 
158.025: Total time for which application threads were stopped: 0.0006280 seconds, Stopping threads took: 0.0000560 seconds
158.098: Application time: 0.0737850 seconds
158.099: [GC [PSYoungGen: 14336K->512K(15872K)] 30352K->16528K(51712K), 0.0004980 secs] [Times: user=0.01 sys=0.00, real=0.00 secs] 
158.099: Total time for which application threads were stopped: 0.0006270 seconds, Stopping threads took: 0.0000580 seconds
158.174: Application time: 0.0752590 seconds
158.174: [GC [PSYoungGen: 14336K->528K(15872K)] 30352K->16552K(51712K), 0.0005280 secs] [Times: user=0.00 sys=0.00, real=0.00 secs] 
158.175: Total time for which application threads were stopped: 0.0006620 seconds, Stopping threads took: 0.0000570 seconds
158.249: Application time: 0.0738850 seconds
158.249: [GC [PSYoungGen: 14352K->496K(15872K)] 30376K->16528K(51712K), 0.0005520 secs] [Times: user=0.00 sys=0.00, real=0.00 secs] 
158.250: Total time for which application threads were stopped: 0.0006790 seconds, Stopping threads took: 0.0000500 seconds
158.323: Application time: 0.0737110 seconds
158.323: [GC [PSYoungGen: 14320K->528K(15872K)] 30352K->16568K(51712K), 0.0005470 secs] [Times: user=0.01 sys=0.00, real=0.00 secs] 
158.324: Total time for which application threads were stopped: 0.0006920 seconds, Stopping threads took: 0.0000560 seconds
158.398: Application time: 0.0739330 seconds
158.398: [GC [PSYoungGen: 14352K->512K(15872K)] 30392K->16552K(51712K), 0.0004980 secs] [Times: user=0.00 sys=0.00, real=0.00 secs] 
158.399: Total time for which application threads were stopped: 0.0006320 seconds, Stopping threads took: 0.0000600 seconds
158.473: Application time: 0.0740200 seconds
158.473: [GC [PSYoungGen: 14336K->528K(15872K)] 30376K->16568K(51712K), 0.0005010 secs] [Times: user=0.00 sys=0.00, real=0.00 secs] 
158.473: Total time for which application threads were stopped: 0.0006430 seconds, Stopping threads took: 0.0000660 seconds
158.548: Application time: 0.0743000 seconds
158.548: [GC [PSYoungGen: 14352K->496K(15872K)] 30392K->16536K(51712K), 0.0005560 secs] [Times: user=0.00 sys=0.00, real=0.00 secs] 
158.548: Total time for which application threads were stopped: 0.0006860 seconds, Stopping threads took: 0.0000560 seconds
158.620: Application time: 0.0714120 seconds
158.620: [GC [PSYoungGen: 14320K->496K(15872K)] 30360K->16536K(51712K), 0.0005030 secs] [Times: user=0.00 sys=0.00, real=0.00 secs] 
158.620: Total time for which application threads were stopped: 0.0006320 seconds, Stopping threads took: 0.0000500 seconds
158.692: Application time: 0.0720510 seconds
158.692: [GC [PSYoungGen: 14320K->512K(15872K)] 30360K->16552K(51712K), 0.0005200 secs] [Times: user=0.00 sys=0.00, real=0.00 secs] 
158.693: Total time for which application threads were stopped: 0.0006560 seconds, Stopping threads took: 0.0000550 seconds
158.767: Application time: 0.0741710 seconds
158.767: [GC [PSYoungGen: 14336K->512K(15872K)] 30376K->16552K(51712K), 0.0005140 secs] [Times: user=0.00 sys=0.00, real=0.00 secs] 
158.768: Total time for which application threads were stopped: 0.0006430 seconds, Stopping threads took: 0.0000530 seconds
158.842: Application time: 0.0737960 seconds
158.842: [GC [PSYoungGen: 14336K->544K(15872K)] 30376K->16584K(51712K), 0.0005490 secs] [Times: user=0.01 sys=0.00, real=0.00 secs] 
158.842: Total time for which application threads were stopped: 0.0006950 seconds, Stopping threads took: 0.0000530 seconds
158.916: Application time: 0.0738260 seconds
158.916: [GC [PSYoungGen: 14368K->512K(15872K)] 30408K->16560K(51712K), 0.0005380 secs] [Times: user=0.00 sys=0.00, real=0.00 secs] 
158.917: Total time for which application threads were stopped: 0.0006730 seconds, Stopping threads took: 0.0000580 seconds
158.990: Application time: 0.0735750 seconds
158.990: [GC [PSYoungGen: 14336K->512K(15872K)] 30384K->16568K(51712K), 0.0005020 secs] [Times: user=0.00 sys=0.00, real=0.00 secs] 
158.991: Total time for which application threads were stopped: 0.0006330 seconds, Stopping threads took: 0.0000530 seconds
159.065: Application time: 0.0741980 seconds
159.065: [GC [PSYoungGen: 14336K->448K(15872K)] 30392K->16512K(51712K), 0.0005100 secs] [Times: user=0.00 sys=0.00, real=0.00 secs] 
159.066: Total time for which application threads were stopped: 0.0006370 seconds, Stopping threads took: 0.0000490 seconds
159.140: Application time: 0.0737130 seconds
159.140: [GC [PSYoungGen: 14272K->464K(15872K)] 30336K->16528K(51712K), 0.0005310 secs] [Times: user=0.01 sys=0.00, real=0.00 secs] 
159.140: Total time for which application threads were stopped: 0.0006570 seconds, Stopping threads took: 0.0000530 seconds
159.214: Application time: 0.0742270 seconds
159.215: [GC [PSYoungGen: 14288K->544K(15872K)] 30352K->16608K(51712K), 0.0005170 secs] [Times: user=0.00 sys=0.00, real=0.00 secs] 
159.215: Total time for which application threads were stopped: 0.0006530 seconds, Stopping threads took: 0.0000590 seconds
159.289: Application time: 0.0741860 seconds
159.289: [GC [PSYoungGen: 14368K->464K(15872K)] 30432K->16528K(51712K), 0.0006120 secs] [Times: user=0.01 sys=0.00, real=0.00 secs] 
159.290: Total time for which application threads were stopped: 0.0007370 seconds, Stopping threads took: 0.0000540 seconds
159.361: Application time: 0.0713830 seconds
159.362: [GC [PSYoungGen: 14288K->480K(15872K)] 30352K->16544K(51712K), 0.0004910 secs] [Times: user=0.00 sys=0.00, real=0.00 secs] 
159.362: Total time for which application threads were stopped: 0.0006320 seconds, Stopping threads took: 0.0000600 seconds
159.434: Application time: 0.0724250 seconds
159.435: [GC [PSYoungGen: 14304K->512K(15872K)] 30368K->16576K(51712K), 0.0005070 secs] [Times: user=0.01 sys=0.00, real=0.00 secs] 
159.435: Total time for which application threads were stopped: 0.0006320 seconds, Stopping threads took: 0.0000490 seconds
159.509: Application time: 0.0740970 seconds
159.509: [GC [PSYoungGen: 14336K->528K(15872K)] 30400K->16592K(51712K), 0.0004930 secs] [Times: user=0.00 sys=0.00, real=0.00 secs] 
159.510: Total time for which application threads were stopped: 0.0006220 seconds, Stopping threads took: 0.0000540 seconds
159.584: Application time: 0.0738310 seconds
159.584: [GC [PSYoungGen: 14352K->480K(15872K)] 30416K->16544K(51712K), 0.0005030 secs] [Times: user=0.00 sys=0.00, real=0.00 secs] 
159.584: Total time for which application threads were stopped: 0.0006340 seconds, Stopping threads took: 0.0000550 seconds
159.660: Application time: 0.0752200 seconds
159.660: [GC [PSYoungGen: 14304K->480K(15872K)] 30368K->16544K(51712K), 0.0004870 secs] [Times: user=0.00 sys=0.00, real=0.00 secs] 
159.660: Total time for which application threads were stopped: 0.0006120 seconds, Stopping threads took: 0.0000570 seconds
159.734: Application time: 0.0739340 seconds
159.734: [GC [PSYoungGen: 14304K->496K(15872K)] 30368K->16568K(51712K), 0.0005050 secs] [Times: user=0.00 sys=0.00, real=0.00 secs] 
159.735: Total time for which application threads were stopped: 0.0006430 seconds, Stopping threads took: 0.0000590 seconds
159.808: Application time: 0.0737730 seconds
159.809: [GC [PSYoungGen: 14320K->528K(15872K)] 30392K->16608K(51712K), 0.0005060 secs] [Times: user=0.01 sys=0.00, real=0.00 secs] 
159.809: Total time for which application threads were stopped: 0.0006660 seconds, Stopping threads took: 0.0000900 seconds
159.884: Application time: 0.0743880 seconds
159.884: [GC [PSYoungGen: 14352K->512K(15872K)] 30432K->16592K(51712K), 0.0004910 secs] [Times: user=0.00 sys=0.00, real=0.00 secs] 
159.884: Total time for which application threads were stopped: 0.0006240 seconds, Stopping threads took: 0.0000540 seconds
159.958: Application time: 0.0743320 seconds
159.959: [GC [PSYoungGen: 14336K->496K(15872K)] 30416K->16576K(51712K), 0.0005480 secs] [Times: user=0.00 sys=0.00, real=0.00 secs] 
159.959: Total time for which application threads were stopped: 0.0006720 seconds, Stopping threads took: 0.0000520 seconds
160.033: Application time: 0.0738410 seconds
160.033: [GC [PSYoungGen: 14320K->480K(15872K)] 30400K->16560K(51712K), 0.0005020 secs] [Times: user=0.00 sys=0.00, real=0.01 secs] 
160.034: Total time for which application threads were stopped: 0.0006300 seconds, Stopping threads took: 0.0000530 seconds
160.106: Application time: 0.0725460 seconds
160.106: [GC [PSYoungGen: 14304K->512K(15872K)] 30384K->16592K(51712K), 0.0004970 secs] [Times: user=0.00 sys=0.00, real=0.00 secs] 
160.107: Total time for which application threads were stopped: 0.0006290 seconds, Stopping threads took: 0.0000590 seconds
160.178: Application time: 0.0715080 seconds
160.178: [GC [PSYoungGen: 14336K->480K(15872K)] 30416K->16560K(51712K), 0.0005140 secs] [Times: user=0.00 sys=0.00, real=0.00 secs] 
160.179: Total time for which application threads were stopped: 0.0006690 seconds, Stopping threads took: 0.0000760 seconds
160.253: Application time: 0.0739960 seconds
160.253: [GC [PSYoungGen: 14304K->496K(15872K)] 30384K->16576K(51712K), 0.0005400 secs] [Times: user=0.01 sys=0.00, real=0.01 secs] 
160.254: Total time for which application threads were stopped: 0.0006740 seconds, Stopping threads took: 0.0000550 seconds
160.328: Application time: 0.0740510 seconds
160.328: [GC [PSYoungGen: 14320K->512K(15872K)] 30400K->16592K(51712K), 0.0005050 secs] [Times: user=0.00 sys=0.00, real=0.00 secs] 
160.328: Total time for which application threads were stopped: 0.0006310 seconds, Stopping threads took: 0.0000510 seconds
160.402: Application time: 0.0738960 seconds
160.402: [GC [PSYoungGen: 14336K->512K(15872K)] 30416K->16592K(51712K), 0.0004920 secs] [Times: user=0.00 sys=0.00, real=0.00 secs] 
160.403: Total time for which application threads were stopped: 0.0006250 seconds, Stopping threads took: 0.0000520 seconds
160.477: Application time: 0.0737250 seconds
160.477: [GC [PSYoungGen: 14336K->496K(15872K)] 30416K->16584K(51712K), 0.0005170 secs] [Times: user=0.00 sys=0.00, real=0.00 secs] 
160.478: Total time for which application threads were stopped: 0.0013000 seconds, Stopping threads took: 0.0007120 seconds
160.551: Application time: 0.0732390 seconds
160.551: [GC [PSYoungGen: 14320K->496K(15872K)] 30408K->16592K(51712K), 0.0004880 secs] [Times: user=0.00 sys=0.00, real=0.00 secs] 
160.552: Total time for which application threads were stopped: 0.0006430 seconds, Stopping threads took: 0.0000810 seconds
160.626: Application time: 0.0743070 seconds
160.626: [GC [PSYoungGen: 14320K->432K(15872K)] 30416K->16528K(51712K), 0.0005350 secs] [Times: user=0.00 sys=0.00, real=0.00 secs] 
160.627: Total time for which application threads were stopped: 0.0006670 seconds, Stopping threads took: 0.0000610 seconds
160.701: Application time: 0.0739860 seconds
160.701: [GC [PSYoungGen: 14256K->496K(15872K)] 30352K->16592K(51712K), 0.0004860 secs] [Times: user=0.01 sys=0.00, real=0.00 secs] 
160.701: Total time for which application threads were stopped: 0.0006300 seconds, Stopping threads took: 0.0000710 seconds
160.776: Application time: 0.0742540 seconds
160.776: [GC [PSYoungGen: 14320K->512K(15872K)] 30416K->16608K(51712K), 0.0005430 secs] [Times: user=0.00 sys=0.00, real=0.00 secs] 
160.776: Total time for which application threads were stopped: 0.0006990 seconds, Stopping threads took: 0.0000810 seconds
160.850: Application time: 0.0735370 seconds
160.850: [GC [PSYoungGen: 14336K->464K(15872K)] 30432K->16560K(51712K), 0.0005280 secs] [Times: user=0.00 sys=0.00, real=0.00 secs] 
160.851: Total time for which application threads were stopped: 0.0006620 seconds, Stopping threads took: 0.0000630 seconds
160.922: Application time: 0.0709440 seconds
160.922: [GC [PSYoungGen: 14288K->480K(15872K)] 30384K->16576K(51712K), 0.0005010 secs] [Times: user=0.01 sys=0.00, real=0.00 secs] 
160.922: Total time for which application threads were stopped: 0.0006370 seconds, Stopping threads took: 0.0000510 seconds
160.995: Application time: 0.0731770 seconds
160.995: [GC [PSYoungGen: 14304K->512K(15872K)] 30400K->16608K(51712K), 0.0005110 secs] [Times: user=0.00 sys=0.00, real=0.00 secs] 
160.996: Total time for which application threads were stopped: 0.0006400 seconds, Stopping threads took: 0.0000570 seconds
161.070: Application time: 0.0740830 seconds
161.073: [GC [PSYoungGen: 14336K->544K(15872K)] 30432K->16640K(51712K), 0.0005550 secs] [Times: user=0.00 sys=0.00, real=0.00 secs] 
161.074: Total time for which application threads were stopped: 0.0039110 seconds, Stopping threads took: 0.0032820 seconds
161.149: Application time: 0.0750850 seconds
161.149: [GC [PSYoungGen: 14368K->464K(15872K)] 30464K->16560K(51712K), 0.0005230 secs] [Times: user=0.00 sys=0.00, real=0.00 secs] 
161.150: Total time for which application threads were stopped: 0.0006410 seconds, Stopping threads took: 0.0000470 seconds
161.224: Application time: 0.0739990 seconds
161.224: [GC [PSYoungGen: 14288K->528K(15872K)] 30384K->16632K(51712K), 0.0005680 secs] [Times: user=0.00 sys=0.00, real=0.00 secs] 
161.224: Total time for which application threads were stopped: 0.0007020 seconds, Stopping threads took: 0.0000570 seconds
161.298: Application time: 0.0736910 seconds
161.298: [GC [PSYoungGen: 14352K->512K(15872K)] 30456K->16624K(51712K), 0.0006250 secs] [Times: user=0.01 sys=0.00, real=0.00 secs] 
161.299: Total time for which application threads were stopped: 0.0007560 seconds, Stopping threads took: 0.0000580 seconds
161.373: Application time: 0.0741670 seconds
161.373: [GC [PSYoungGen: 14336K->480K(15872K)] 30448K->16592K(51712K), 0.0005270 secs] [Times: user=0.00 sys=0.00, real=0.01 secs] 
161.374: Total time for which application threads were stopped: 0.0006660 seconds, Stopping threads took: 0.0000590 seconds
161.448: Application time: 0.0742450 seconds
161.448: [GC [PSYoungGen: 14304K->496K(15872K)] 30416K->16608K(51712K), 0.0005260 secs] [Times: user=0.00 sys=0.00, real=0.00 secs] 
161.449: Total time for which application threads were stopped: 0.0006620 seconds, Stopping threads took: 0.0000520 seconds
161.522: Application time: 0.0738550 seconds
161.523: [GC [PSYoungGen: 14320K->480K(15872K)] 30432K->16592K(51712K), 0.0005360 secs] [Times: user=0.00 sys=0.00, real=0.00 secs] 
161.523: Total time for which application threads were stopped: 0.0006720 seconds, Stopping threads took: 0.0000660 seconds
161.597: Application time: 0.0734710 seconds
161.597: [GC [PSYoungGen: 14304K->496K(15872K)] 30416K->16608K(51712K), 0.0004860 secs] [Times: user=0.00 sys=0.00, real=0.00 secs] 
161.597: Total time for which application threads were stopped: 0.0006170 seconds, Stopping threads took: 0.0000560 seconds
161.669: Application time: 0.0717220 seconds
161.669: [GC [PSYoungGen: 14320K->464K(15872K)] 30432K->16576K(51712K), 0.0005890 secs] [Times: user=0.00 sys=0.00, real=0.00 secs] 
161.671: Total time for which application threads were stopped: 0.0016230 seconds, Stopping threads took: 0.0000740 seconds
161.743: Application time: 0.0727940 seconds
161.743: [GC [PSYoungGen: 14288K->528K(15872K)] 30400K->16640K(51712K), 0.0005870 secs] [Times: user=0.00 sys=0.00, real=0.00 secs] 
161.744: Total time for which application threads were stopped: 0.0007320 seconds, Stopping threads took: 0.0000590 seconds
161.818: Application time: 0.0737750 seconds
161.818: [GC [PSYoungGen: 14352K->512K(15872K)] 30464K->16624K(51712K), 0.0005510 secs] [Times: user=0.00 sys=0.00, real=0.00 secs] 
161.819: Total time for which application threads were stopped: 0.0006860 seconds, Stopping threads took: 0.0000580 seconds
161.893: Application time: 0.0744370 seconds
161.897: [GC [PSYoungGen: 14336K->448K(15872K)] 30448K->16560K(51712K), 0.0005930 secs] [Times: user=0.00 sys=0.00, real=0.00 secs] 
161.898: Total time for which application threads were stopped: 0.0050370 seconds, Stopping threads took: 0.0043690 seconds
161.972: Application time: 0.0739020 seconds
161.972: [GC [PSYoungGen: 14272K->512K(15872K)] 30384K->16632K(51712K), 0.0005130 secs] [Times: user=0.00 sys=0.00, real=0.00 secs] 
161.973: Total time for which application threads were stopped: 0.0006790 seconds, Stopping threads took: 0.0000790 seconds
162.046: Application time: 0.0735240 seconds
162.046: [GC [PSYoungGen: 14336K->464K(15872K)] 30456K->16592K(51712K), 0.0005140 secs] [Times: user=0.00 sys=0.00, real=0.00 secs] 
162.047: Total time for which application threads were stopped: 0.0006510 seconds, Stopping threads took: 0.0000630 seconds
162.120: Application time: 0.0735710 seconds
162.120: [GC [PSYoungGen: 14288K->480K(15872K)] 30416K->16616K(51712K), 0.0005420 secs] [Times: user=0.00 sys=0.00, real=0.00 secs] 
162.121: Total time for which application threads were stopped: 0.0006940 seconds, Stopping threads took: 0.0000730 seconds
162.195: Application time: 0.0739250 seconds
162.195: [GC [PSYoungGen: 14304K->496K(15872K)] 30440K->16632K(51712K), 0.0005440 secs] [Times: user=0.00 sys=0.00, real=0.00 secs] 
162.196: Total time for which application threads were stopped: 0.0006830 seconds, Stopping threads took: 0.0000610 seconds
162.270: Application time: 0.0743480 seconds
162.270: [GC [PSYoungGen: 14320K->512K(15872K)] 30456K->16648K(51712K), 0.0004850 secs] [Times: user=0.00 sys=0.00, real=0.00 secs] 
162.271: Total time for which application threads were stopped: 0.0006160 seconds, Stopping threads took: 0.0000580 seconds
162.345: Application time: 0.0741450 seconds
162.345: [GC [PSYoungGen: 14336K->512K(15872K)] 30472K->16648K(51712K), 0.0005120 secs] [Times: user=0.00 sys=0.00, real=0.01 secs] 
162.345: Total time for which application threads were stopped: 0.0006390 seconds, Stopping threads took: 0.0000530 seconds
162.417: Application time: 0.0716370 seconds
162.417: [GC [PSYoungGen: 14336K->512K(15872K)] 30472K->16648K(51712K), 0.0004900 secs] [Times: user=0.00 sys=0.00, real=0.00 secs] 
162.418: Total time for which application threads were stopped: 0.0006160 seconds, Stopping threads took: 0.0000530 seconds
162.490: Application time: 0.0719350 seconds
162.490: [GC [PSYoungGen: 14336K->512K(15872K)] 30472K->16648K(51712K), 0.0005160 secs] [Times: user=0.00 sys=0.00, real=0.00 secs] 
162.490: Total time for which application threads were stopped: 0.0006510 seconds, Stopping threads took: 0.0000530 seconds
162.565: Application time: 0.0745080 seconds
162.565: [GC [PSYoungGen: 14336K->496K(15872K)] 30472K->16632K(51712K), 0.0005150 secs] [Times: user=0.00 sys=0.00, real=0.01 secs] 
162.565: Total time for which application threads were stopped: 0.0006460 seconds, Stopping threads took: 0.0000560 seconds
162.641: Application time: 0.0752870 seconds
162.641: [GC [PSYoungGen: 14320K->496K(15872K)] 30456K->16632K(51712K), 0.0005110 secs] [Times: user=0.00 sys=0.00, real=0.00 secs] 
162.641: Total time for which application threads were stopped: 0.0006280 seconds, Stopping threads took: 0.0000470 seconds
162.715: Application time: 0.0737680 seconds
162.715: [GC [PSYoungGen: 14320K->528K(15872K)] 30456K->16672K(51712K), 0.0005080 secs] [Times: user=0.01 sys=0.00, real=0.00 secs] 
162.716: Total time for which application threads were stopped: 0.0006400 seconds, Stopping threads took: 0.0000560 seconds
162.790: Application time: 0.0739500 seconds
162.790: [GC [PSYoungGen: 14352K->480K(15872K)] 30496K->16632K(51712K), 0.0005010 secs] [Times: user=0.00 sys=0.00, real=0.00 secs] 
162.790: Total time for which application threads were stopped: 0.0006390 seconds, Stopping threads took: 0.0000650 seconds
162.864: Application time: 0.0733060 seconds
162.864: [GC [PSYoungGen: 14304K->480K(15872K)] 30456K->16640K(51712K), 0.0005920 secs] [Times: user=0.00 sys=0.00, real=0.00 secs] 
162.864: Total time for which application threads were stopped: 0.0007210 seconds, Stopping threads took: 0.0000530 seconds
162.939: Application time: 0.0744810 seconds
162.939: [GC [PSYoungGen: 14304K->480K(15872K)] 30464K->16640K(51712K), 0.0005270 secs] [Times: user=0.00 sys=0.00, real=0.00 secs] 
162.940: Total time for which application threads were stopped: 0.0006560 seconds, Stopping threads took: 0.0000490 seconds
163.013: Application time: 0.0738970 seconds
163.014: [GC [PSYoungGen: 14304K->480K(15872K)] 30464K->16640K(51712K), 0.0005040 secs] [Times: user=0.00 sys=0.00, real=0.00 secs] 
163.014: Total time for which application threads were stopped: 0.0006440 seconds, Stopping threads took: 0.0000520 seconds
163.088: Application time: 0.0741570 seconds
163.088: [GC [PSYoungGen: 14304K->512K(15872K)] 30464K->16672K(51712K), 0.0005230 secs] [Times: user=0.01 sys=0.00, real=0.00 secs] 
163.089: Total time for which application threads were stopped: 0.0006480 seconds, Stopping threads took: 0.0000540 seconds
163.160: Application time: 0.0714660 seconds
163.160: [GC [PSYoungGen: 14336K->528K(15872K)] 30496K->16688K(51712K), 0.0004860 secs] [Times: user=0.00 sys=0.00, real=0.00 secs] 
163.161: Total time for which application threads were stopped: 0.0006130 seconds, Stopping threads took: 0.0000560 seconds
163.234: Application time: 0.0725700 seconds
163.234: [GC [PSYoungGen: 14352K->464K(15872K)] 30512K->16624K(51712K), 0.0005210 secs] [Times: user=0.00 sys=0.00, real=0.00 secs] 
163.234: Total time for which application threads were stopped: 0.0006580 seconds, Stopping threads took: 0.0000610 seconds
163.308: Application time: 0.0742160 seconds
163.309: [GC [PSYoungGen: 14288K->512K(15872K)] 30448K->16672K(51712K), 0.0005100 secs] [Times: user=0.00 sys=0.00, real=0.00 secs] 
163.309: Total time for which application threads were stopped: 0.0006450 seconds, Stopping threads took: 0.0000630 seconds
163.382: Application time: 0.0733170 seconds
163.382: [GC [PSYoungGen: 14336K->528K(15872K)] 30496K->16688K(51712K), 0.0005050 secs] [Times: user=0.00 sys=0.00, real=0.00 secs] 
163.383: Total time for which application threads were stopped: 0.0006360 seconds, Stopping threads took: 0.0000590 seconds
163.457: Application time: 0.0744480 seconds
163.458: [GC [PSYoungGen: 14352K->512K(15872K)] 30512K->16672K(51712K), 0.0005110 secs] [Times: user=0.00 sys=0.00, real=0.00 secs] 
163.458: Total time for which application threads were stopped: 0.0006400 seconds, Stopping threads took: 0.0000550 seconds
163.532: Application time: 0.0737120 seconds
163.532: [GC [PSYoungGen: 14336K->480K(15872K)] 30496K->16648K(51712K), 0.0005910 secs] [Times: user=0.00 sys=0.00, real=0.00 secs] 
163.533: Total time for which application threads were stopped: 0.0007280 seconds, Stopping threads took: 0.0000550 seconds
163.606: Application time: 0.0737100 seconds
163.606: [GC [PSYoungGen: 14304K->464K(15872K)] 30472K->16640K(51712K), 0.0005140 secs] [Times: user=0.00 sys=0.00, real=0.00 secs] 
163.607: Total time for which application threads were stopped: 0.0006530 seconds, Stopping threads took: 0.0000640 seconds
163.681: Application time: 0.0739680 seconds
163.681: [GC [PSYoungGen: 14288K->480K(15872K)] 30464K->16656K(51712K), 0.0005390 secs] [Times: user=0.00 sys=0.00, real=0.00 secs] 
163.682: Total time for which application threads were stopped: 0.0006670 seconds, Stopping threads took: 0.0000530 seconds
163.756: Application time: 0.0744620 seconds
163.756: [GC [PSYoungGen: 14304K->528K(15872K)] 30480K->16704K(51712K), 0.0005040 secs] [Times: user=0.00 sys=0.00, real=0.00 secs] 
163.757: Total time for which application threads were stopped: 0.0006470 seconds, Stopping threads took: 0.0000620 seconds
163.831: Application time: 0.0744140 seconds
163.831: [GC [PSYoungGen: 14352K->496K(15872K)] 30528K->16672K(51712K), 0.0005380 secs] [Times: user=0.01 sys=0.00, real=0.00 secs] 
163.832: Total time for which application threads were stopped: 0.0006660 seconds, Stopping threads took: 0.0000520 seconds
163.905: Application time: 0.0731700 seconds
163.905: [GC [PSYoungGen: 14320K->496K(15872K)] 30496K->16672K(51712K), 0.0005010 secs] [Times: user=0.00 sys=0.00, real=0.01 secs] 
163.906: Total time for which application threads were stopped: 0.0006460 seconds, Stopping threads took: 0.0000710 seconds
163.977: Application time: 0.0717550 seconds
163.977: [GC [PSYoungGen: 14320K->464K(15872K)] 30496K->16640K(51712K), 0.0005110 secs] [Times: user=0.00 sys=0.00, real=0.00 secs] 
163.978: Total time for which application threads were stopped: 0.0006400 seconds, Stopping threads took: 0.0000530 seconds
164.052: Application time: 0.0743190 seconds
164.052: [GC [PSYoungGen: 14288K->464K(15872K)] 30464K->16640K(51712K), 0.0005220 secs] [Times: user=0.00 sys=0.00, real=0.00 secs] 
164.053: Total time for which application threads were stopped: 0.0006550 seconds, Stopping threads took: 0.0000490 seconds
164.126: Application time: 0.0734830 seconds
164.127: [GC [PSYoungGen: 14288K->496K(15872K)] 30464K->16672K(51712K), 0.0005030 secs] [Times: user=0.00 sys=0.00, real=0.00 secs] 
164.127: Total time for which application threads were stopped: 0.0006450 seconds, Stopping threads took: 0.0000700 seconds
164.203: Application time: 0.0755620 seconds
164.203: [GC [PSYoungGen: 14320K->480K(15872K)] 30496K->16656K(51712K), 0.0005360 secs] [Times: user=0.00 sys=0.00, real=0.00 secs] 
164.203: Total time for which application threads were stopped: 0.0006660 seconds, Stopping threads took: 0.0000550 seconds
164.277: Application time: 0.0739430 seconds
164.277: [GC [PSYoungGen: 14304K->464K(15872K)] 30480K->16648K(51712K), 0.0004870 secs] [Times: user=0.00 sys=0.00, real=0.00 secs] 
164.278: Total time for which application threads were stopped: 0.0006100 seconds, Stopping threads took: 0.0000520 seconds
164.354: Application time: 0.0760580 seconds
164.354: [GC [PSYoungGen: 14288K->496K(15872K)] 30472K->16688K(51712K), 0.0004680 secs] [Times: user=0.01 sys=0.00, real=0.00 secs] 
164.355: Total time for which application threads were stopped: 0.0006010 seconds, Stopping threads took: 0.0000600 seconds
164.429: Application time: 0.0744500 seconds
164.429: [GC [PSYoungGen: 14320K->496K(15872K)] 30512K->16688K(51712K), 0.0005390 secs] [Times: user=0.00 sys=0.00, real=0.00 secs] 
164.430: Total time for which application threads were stopped: 0.0006790 seconds, Stopping threads took: 0.0000620 seconds
164.504: Application time: 0.0744980 seconds
164.504: [GC [PSYoungGen: 14320K->528K(15872K)] 30512K->16720K(51712K), 0.0006020 secs] [Times: user=0.01 sys=0.00, real=0.00 secs] 
164.505: Total time for which application threads were stopped: 0.0007330 seconds, Stopping threads took: 0.0000580 seconds
164.579: Application time: 0.0738820 seconds
164.579: [GC [PSYoungGen: 14352K->496K(15872K)] 30544K->16688K(51712K), 0.0004980 secs] [Times: user=0.00 sys=0.00, real=0.00 secs] 
164.579: Total time for which application threads were stopped: 0.0006370 seconds, Stopping threads took: 0.0000550 seconds
164.653: Application time: 0.0731970 seconds
164.653: [GC [PSYoungGen: 14320K->528K(15872K)] 30512K->16720K(51712K), 0.0005180 secs] [Times: user=0.00 sys=0.00, real=0.00 secs] 
164.653: Total time for which application threads were stopped: 0.0006550 seconds, Stopping threads took: 0.0000630 seconds
164.724: Application time: 0.0710960 seconds
164.724: [GC [PSYoungGen: 14352K->512K(15872K)] 30544K->16704K(51712K), 0.0004820 secs] [Times: user=0.00 sys=0.00, real=0.00 secs] 
164.725: Total time for which application threads were stopped: 0.0006140 seconds, Stopping threads took: 0.0000560 seconds
164.799: Application time: 0.0736260 seconds
164.799: [GC [PSYoungGen: 14336K->528K(15872K)] 30528K->16720K(51712K), 0.0005160 secs] [Times: user=0.00 sys=0.00, real=0.00 secs] 
164.799: Total time for which application threads were stopped: 0.0006450 seconds, Stopping threads took: 0.0000560 seconds
164.873: Application time: 0.0738200 seconds
164.873: [GC [PSYoungGen: 14352K->512K(15872K)] 30544K->16704K(51712K), 0.0005170 secs] [Times: user=0.00 sys=0.00, real=0.01 secs] 
164.874: Total time for which application threads were stopped: 0.0006490 seconds, Stopping threads took: 0.0000540 seconds
164.948: Application time: 0.0739720 seconds
164.948: [GC [PSYoungGen: 14336K->496K(15872K)] 30528K->16688K(51712K), 0.0005060 secs] [Times: user=0.00 sys=0.00, real=0.00 secs] 
164.948: Total time for which application threads were stopped: 0.0006390 seconds, Stopping threads took: 0.0000560 seconds
165.022: Application time: 0.0735860 seconds
165.022: [GC [PSYoungGen: 14320K->496K(15872K)] 30512K->16696K(51712K), 0.0005180 secs] [Times: user=0.00 sys=0.00, real=0.00 secs] 
165.023: Total time for which application threads were stopped: 0.0006470 seconds, Stopping threads took: 0.0000570 seconds
165.097: Application time: 0.0741660 seconds
165.097: [GC [PSYoungGen: 14320K->528K(15872K)] 30520K->16736K(51712K), 0.0005740 secs] [Times: user=0.00 sys=0.00, real=0.00 secs] 
165.097: Total time for which application threads were stopped: 0.0007080 seconds, Stopping threads took: 0.0000540 seconds
165.171: Application time: 0.0737230 seconds
165.171: [GC [PSYoungGen: 14352K->544K(15872K)] 30560K->16752K(51712K), 0.0005580 secs] [Times: user=0.00 sys=0.00, real=0.00 secs] 
165.172: Total time for which application threads were stopped: 0.0006830 seconds, Stopping threads took: 0.0000550 seconds
165.253: Application time: 0.0808730 seconds
165.253: [GC [PSYoungGen: 14368K->480K(15872K)] 30576K->16688K(51712K), 0.0005140 secs] [Times: user=0.00 sys=0.00, real=0.01 secs] 
165.253: Total time for which application threads were stopped: 0.0006540 seconds, Stopping threads took: 0.0000640 seconds
165.328: Application time: 0.0741480 seconds
165.328: [GC [PSYoungGen: 14304K->496K(15872K)] 30512K->16704K(51712K), 0.0005570 secs] [Times: user=0.00 sys=0.00, real=0.00 secs] 
165.328: Total time for which application threads were stopped: 0.0006920 seconds, Stopping threads took: 0.0000600 seconds
165.401: Application time: 0.0730440 seconds
165.401: [GC [PSYoungGen: 14320K->528K(15872K)] 30528K->16736K(51712K), 0.0005300 secs] [Times: user=0.00 sys=0.00, real=0.00 secs] 
165.402: Total time for which application threads were stopped: 0.0006590 seconds, Stopping threads took: 0.0000530 seconds
165.473: Application time: 0.0712390 seconds
165.473: [GC [PSYoungGen: 14352K->512K(15872K)] 30560K->16720K(51712K), 0.0005070 secs] [Times: user=0.00 sys=0.00, real=0.00 secs] 
165.474: Total time for which application threads were stopped: 0.0006640 seconds, Stopping threads took: 0.0000790 seconds
165.548: Application time: 0.0741250 seconds
165.548: [GC [PSYoungGen: 14336K->480K(15872K)] 30544K->16688K(51712K), 0.0005100 secs] [Times: user=0.01 sys=0.00, real=0.00 secs] 
165.549: Total time for which application threads were stopped: 0.0006400 seconds, Stopping threads took: 0.0000560 seconds
165.622: Application time: 0.0735080 seconds
165.622: [GC [PSYoungGen: 14304K->464K(15872K)] 30512K->16672K(51712K), 0.0005130 secs] [Times: user=0.00 sys=0.00, real=0.00 secs] 
165.623: Total time for which application threads were stopped: 0.0006560 seconds, Stopping threads took: 0.0000560 seconds
165.698: Application time: 0.0751090 seconds
165.698: [GC [PSYoungGen: 14288K->480K(15872K)] 30496K->16688K(51712K), 0.0004990 secs] [Times: user=0.00 sys=0.00, real=0.00 secs] 
165.699: Total time for which application threads were stopped: 0.0006290 seconds, Stopping threads took: 0.0000570 seconds
165.773: Application time: 0.0742950 seconds
165.777: [GC [PSYoungGen: 14304K->496K(15872K)] 30512K->16712K(51712K), 0.0005310 secs] [Times: user=0.00 sys=0.00, real=0.00 secs] 
165.778: Total time for which application threads were stopped: 0.0051400 seconds, Stopping threads took: 0.0045290 seconds
165.851: Application time: 0.0733980 seconds
165.851: [GC [PSYoungGen: 14320K->560K(15872K)] 30536K->16784K(51712K), 0.0004910 secs] [Times: user=0.00 sys=0.00, real=0.00 secs] 
165.852: Total time for which application threads were stopped: 0.0006250 seconds, Stopping threads took: 0.0000550 seconds
165.926: Application time: 0.0742450 seconds
165.926: [GC [PSYoungGen: 14384K->560K(15872K)] 30608K->16792K(51712K), 0.0005050 secs] [Times: user=0.00 sys=0.00, real=0.00 secs] 
165.927: Total time for which application threads were stopped: 0.0006510 seconds, Stopping threads took: 0.0000730 seconds
166.001: Application time: 0.0739170 seconds
166.001: [GC [PSYoungGen: 14384K->480K(15872K)] 30616K->16712K(51712K), 0.0005220 secs] [Times: user=0.00 sys=0.00, real=0.00 secs] 
166.001: Total time for which application threads were stopped: 0.0006600 seconds, Stopping threads took: 0.0000600 seconds
166.076: Application time: 0.0742840 seconds
166.076: [GC [PSYoungGen: 14304K->496K(15872K)] 30536K->16728K(51712K), 0.0005490 secs] [Times: user=0.00 sys=0.00, real=0.00 secs] 
166.076: Total time for which application threads were stopped: 0.0006750 seconds, Stopping threads took: 0.0000500 seconds
166.150: Application time: 0.0735900 seconds
166.150: [GC [PSYoungGen: 14320K->496K(15872K)] 30552K->16728K(51712K), 0.0005130 secs] [Times: user=0.01 sys=0.00, real=0.00 secs] 
166.151: Total time for which application threads were stopped: 0.0006560 seconds, Stopping threads took: 0.0000600 seconds
166.222: Application time: 0.0708460 seconds
166.222: [GC [PSYoungGen: 14320K->496K(15872K)] 30552K->16728K(51712K), 0.0004830 secs] [Times: user=0.00 sys=0.00, real=0.00 secs] 
166.222: Total time for which application threads were stopped: 0.0006090 seconds, Stopping threads took: 0.0000530 seconds
166.296: Application time: 0.0740070 seconds
166.297: [GC [PSYoungGen: 14320K->496K(15872K)] 30552K->16728K(51712K), 0.0005750 secs] [Times: user=0.00 sys=0.00, real=0.00 secs] 
166.298: Total time for which application threads were stopped: 0.0018760 seconds, Stopping threads took: 0.0012270 seconds
166.372: Application time: 0.0740650 seconds
166.372: [GC [PSYoungGen: 14320K->480K(15872K)] 30552K->16712K(51712K), 0.0004920 secs] [Times: user=0.01 sys=0.00, real=0.00 secs] 
166.373: Total time for which application threads were stopped: 0.0006240 seconds, Stopping threads took: 0.0000610 seconds
166.447: Application time: 0.0739570 seconds
166.447: [GC [PSYoungGen: 14304K->512K(15872K)] 30536K->16744K(51712K), 0.0004990 secs] [Times: user=0.00 sys=0.00, real=0.00 secs] 
166.447: Total time for which application threads were stopped: 0.0006420 seconds, Stopping threads took: 0.0000700 seconds
166.521: Application time: 0.0740370 seconds
166.521: [GC [PSYoungGen: 14336K->496K(15872K)] 30568K->16736K(51712K), 0.0005380 secs] [Times: user=0.00 sys=0.00, real=0.00 secs] 
166.522: Total time for which application threads were stopped: 0.0006780 seconds, Stopping threads took: 0.0000670 seconds
166.595: Application time: 0.0731570 seconds
166.595: [GC [PSYoungGen: 14320K->480K(15872K)] 30560K->16728K(51712K), 0.0005230 secs] [Times: user=0.00 sys=0.00, real=0.00 secs] 
166.596: Total time for which application threads were stopped: 0.0006510 seconds, Stopping threads took: 0.0000520 seconds
166.670: Application time: 0.0738810 seconds
166.670: [GC [PSYoungGen: 14304K->528K(15872K)] 30552K->16776K(51712K), 0.0005830 secs] [Times: user=0.00 sys=0.00, real=0.00 secs] 
166.671: Total time for which application threads were stopped: 0.0017300 seconds, Stopping threads took: 0.0000800 seconds
166.745: Application time: 0.0739940 seconds
166.746: [GC [PSYoungGen: 14352K->496K(15872K)] 30600K->16752K(51712K), 0.0005280 secs] [Times: user=0.00 sys=0.00, real=0.00 secs] 
166.746: Total time for which application threads were stopped: 0.0006700 seconds, Stopping threads took: 0.0000650 seconds
166.820: Application time: 0.0741790 seconds
166.820: [GC [PSYoungGen: 14320K->480K(15872K)] 30576K->16736K(51712K), 0.0004990 secs] [Times: user=0.00 sys=0.00, real=0.00 secs] 
166.821: Total time for which application threads were stopped: 0.0006290 seconds, Stopping threads took: 0.0000570 seconds
166.895: Application time: 0.0739630 seconds
166.895: [GC [PSYoungGen: 14304K->512K(15872K)] 30560K->16768K(51712K), 0.0004990 secs] [Times: user=0.00 sys=0.00, real=0.00 secs] 
166.896: Total time for which application threads were stopped: 0.0006490 seconds, Stopping threads took: 0.0000720 seconds
166.967: Application time: 0.0714450 seconds
166.967: [GC [PSYoungGen: 14336K->528K(15872K)] 30592K->16784K(51712K), 0.0005130 secs] [Times: user=0.00 sys=0.00, real=0.00 secs] 
166.968: Total time for which application threads were stopped: 0.0006500 seconds, Stopping threads took: 0.0000620 seconds
167.042: Application time: 0.0741830 seconds
167.042: [GC [PSYoungGen: 14352K->480K(15872K)] 30608K->16736K(51712K), 0.0005060 secs] [Times: user=0.00 sys=0.00, real=0.00 secs] 
167.042: Total time for which application threads were stopped: 0.0006280 seconds, Stopping threads took: 0.0000470 seconds
167.116: Application time: 0.0732590 seconds
167.116: [GC [PSYoungGen: 14304K->464K(15872K)] 30560K->16720K(51712K), 0.0005070 secs] [Times: user=0.00 sys=0.00, real=0.00 secs] 
167.116: Total time for which application threads were stopped: 0.0006640 seconds, Stopping threads took: 0.0000840 seconds
167.191: Application time: 0.0747760 seconds
167.191: [GC [PSYoungGen: 14288K->496K(15872K)] 30544K->16752K(51712K), 0.0005110 secs] [Times: user=0.00 sys=0.00, real=0.00 secs] 
167.192: Total time for which application threads were stopped: 0.0006440 seconds, Stopping threads took: 0.0000540 seconds
167.266: Application time: 0.0746560 seconds
167.267: [GC [PSYoungGen: 14320K->544K(15872K)] 30576K->16808K(51712K), 0.0005550 secs] [Times: user=0.00 sys=0.00, real=0.00 secs] 
167.267: Total time for which application threads were stopped: 0.0006820 seconds, Stopping threads took: 0.0000520 seconds
167.341: Application time: 0.0733630 seconds
167.341: [GC [PSYoungGen: 14368K->512K(15872K)] 30632K->16784K(51712K), 0.0004800 secs] [Times: user=0.00 sys=0.00, real=0.00 secs] 
167.341: Total time for which application threads were stopped: 0.0006020 seconds, Stopping threads took: 0.0000460 seconds
167.415: Application time: 0.0739670 seconds
167.415: [GC [PSYoungGen: 14336K->496K(15872K)] 30608K->16768K(51712K), 0.0004980 secs] [Times: user=0.01 sys=0.00, real=0.00 secs] 
167.416: Total time for which application threads were stopped: 0.0006190 seconds, Stopping threads took: 0.0000490 seconds
167.490: Application time: 0.0742000 seconds
167.490: [GC [PSYoungGen: 14320K->576K(15872K)] 30592K->16856K(51712K), 0.0005610 secs] [Times: user=0.00 sys=0.00, real=0.00 secs] 
167.491: Total time for which application threads were stopped: 0.0006870 seconds, Stopping threads took: 0.0000520 seconds
167.564: Application time: 0.0738820 seconds
167.565: [GC [PSYoungGen: 14400K->512K(15872K)] 30680K->16792K(51712K), 0.0005690 secs] [Times: user=0.00 sys=0.00, real=0.00 secs] 
167.565: Total time for which application threads were stopped: 0.0006930 seconds, Stopping threads took: 0.0000490 seconds
167.639: Application time: 0.0741870 seconds
167.639: [GC [PSYoungGen: 14336K->512K(15872K)] 30616K->16792K(51712K), 0.0005200 secs] [Times: user=0.00 sys=0.00, real=0.00 secs] 
167.640: Total time for which application threads were stopped: 0.0006530 seconds, Stopping threads took: 0.0000560 seconds
167.711: Application time: 0.0711340 seconds
167.711: [GC [PSYoungGen: 14336K->496K(15872K)] 30616K->16776K(51712K), 0.0005770 secs] [Times: user=0.00 sys=0.00, real=0.00 secs] 
167.712: Total time for which application threads were stopped: 0.0007190 seconds, Stopping threads took: 0.0000550 seconds
167.785: Application time: 0.0731320 seconds
167.785: [GC [PSYoungGen: 14320K->496K(15872K)] 30600K->16776K(51712K), 0.0005700 secs] [Times: user=0.00 sys=0.00, real=0.01 secs] 
167.786: Total time for which application threads were stopped: 0.0006940 seconds, Stopping threads took: 0.0000520 seconds
167.859: Application time: 0.0732370 seconds
167.859: [GC [PSYoungGen: 14320K->496K(15872K)] 30600K->16776K(51712K), 0.0004890 secs] [Times: user=0.00 sys=0.00, real=0.00 secs] 
167.860: Total time for which application threads were stopped: 0.0006190 seconds, Stopping threads took: 0.0000590 seconds
167.934: Application time: 0.0741730 seconds
167.934: [GC [PSYoungGen: 14320K->480K(15872K)] 30600K->16760K(51712K), 0.0005230 secs] [Times: user=0.00 sys=0.00, real=0.00 secs] 
167.934: Total time for which application threads were stopped: 0.0006610 seconds, Stopping threads took: 0.0000610 seconds
168.009: Application time: 0.0741190 seconds
168.009: [GC [PSYoungGen: 14304K->496K(15872K)] 30584K->16776K(51712K), 0.0005270 secs] [Times: user=0.01 sys=0.00, real=0.00 secs] 
168.009: Total time for which application threads were stopped: 0.0006810 seconds, Stopping threads took: 0.0000770 seconds
168.083: Application time: 0.0735380 seconds
168.083: [GC [PSYoungGen: 14320K->512K(15872K)] 30600K->16816K(51712K), 0.0004960 secs] [Times: user=0.01 sys=0.00, real=0.00 secs] 
168.083: Total time for which application threads were stopped: 0.0006200 seconds, Stopping threads took: 0.0000510 seconds
168.157: Application time: 0.0735260 seconds
168.157: [GC [PSYoungGen: 14336K->528K(15872K)] 30640K->16840K(51712K), 0.0004910 secs] [Times: user=0.01 sys=0.00, real=0.00 secs] 
168.158: Total time for which application threads were stopped: 0.0006250 seconds, Stopping threads took: 0.0000610 seconds
168.232: Application time: 0.0742440 seconds
168.232: [GC [PSYoungGen: 14352K->528K(15872K)] 30664K->16848K(51712K), 0.0004980 secs] [Times: user=0.00 sys=0.00, real=0.00 secs] 
168.232: Total time for which application threads were stopped: 0.0006340 seconds, Stopping threads took: 0.0000560 seconds
168.307: Application time: 0.0744930 seconds
168.307: [GC [PSYoungGen: 14352K->496K(15872K)] 30672K->16816K(51712K), 0.0005260 secs] [Times: user=0.00 sys=0.00, real=0.00 secs] 
168.308: Total time for which application threads were stopped: 0.0006530 seconds, Stopping threads took: 0.0000510 seconds
168.381: Application time: 0.0738590 seconds
168.382: [GC [PSYoungGen: 14320K->512K(15872K)] 30640K->16832K(51712K), 0.0005090 secs] [Times: user=0.00 sys=0.00, real=0.00 secs] 
168.382: Total time for which application threads were stopped: 0.0006480 seconds, Stopping threads took: 0.0000610 seconds
168.454: Application time: 0.0718520 seconds
168.454: [GC [PSYoungGen: 14336K->480K(15872K)] 30656K->16800K(51712K), 0.0005700 secs] [Times: user=0.01 sys=0.00, real=0.00 secs] 
168.455: Total time for which application threads were stopped: 0.0007040 seconds, Stopping threads took: 0.0000600 seconds
168.527: Application time: 0.0725680 seconds
168.527: [GC [PSYoungGen: 14304K->528K(15872K)] 30624K->16848K(51712K), 0.0005060 secs] [Times: user=0.00 sys=0.00, real=0.00 secs] 
168.528: Total time for which application threads were stopped: 0.0006400 seconds, Stopping threads took: 0.0000610 seconds
168.602: Application time: 0.0742110 seconds
168.602: [GC [PSYoungGen: 14352K->512K(15872K)] 30672K->16832K(51712K), 0.0005710 secs] [Times: user=0.00 sys=0.00, real=0.00 secs] 
168.603: Total time for which application threads were stopped: 0.0006960 seconds, Stopping threads took: 0.0000520 seconds
168.677: Application time: 0.0743260 seconds
168.677: [GC [PSYoungGen: 14336K->496K(15872K)] 30656K->16816K(51712K), 0.0005700 secs] [Times: user=0.00 sys=0.00, real=0.00 secs] 
168.678: Total time for which application threads were stopped: 0.0008990 seconds, Stopping threads took: 0.0002530 seconds
168.752: Application time: 0.0742590 seconds
168.752: [GC [PSYoungGen: 14320K->496K(15872K)] 30640K->16816K(51712K), 0.0005420 secs] [Times: user=0.00 sys=0.00, real=0.00 secs] 
168.753: Total time for which application threads were stopped: 0.0006860 seconds, Stopping threads took: 0.0000580 seconds
168.827: Application time: 0.0736020 seconds
168.829: [GC [PSYoungGen: 14320K->480K(15872K)] 30640K->16808K(51712K), 0.0005440 secs] [Times: user=0.00 sys=0.00, real=0.00 secs] 
168.830: Total time for which application threads were stopped: 0.0034320 seconds, Stopping threads took: 0.0028100 seconds
168.904: Application time: 0.0736200 seconds
168.904: [GC [PSYoungGen: 14304K->480K(15872K)] 30632K->16816K(51712K), 0.0004790 secs] [Times: user=0.01 sys=0.00, real=0.00 secs] 
168.904: Total time for which application threads were stopped: 0.0006210 seconds, Stopping threads took: 0.0000670 seconds
168.978: Application time: 0.0739230 seconds
168.978: [GC [PSYoungGen: 14304K->496K(15872K)] 30640K->16840K(51712K), 0.0005480 secs] [Times: user=0.00 sys=0.00, real=0.00 secs] 
168.979: Total time for which application threads were stopped: 0.0006760 seconds, Stopping threads took: 0.0000550 seconds
169.053: Application time: 0.0738560 seconds
169.053: [GC [PSYoungGen: 14320K->496K(15872K)] 30664K->16840K(51712K), 0.0005110 secs] [Times: user=0.00 sys=0.00, real=0.01 secs] 
169.053: Total time for which application threads were stopped: 0.0006470 seconds, Stopping threads took: 0.0000540 seconds
169.127: Application time: 0.0741430 seconds
169.128: [GC [PSYoungGen: 14320K->528K(15872K)] 30664K->16872K(51712K), 0.0005440 secs] [Times: user=0.00 sys=0.00, real=0.00 secs] 
169.128: Total time for which application threads were stopped: 0.0006960 seconds, Stopping threads took: 0.0000780 seconds
169.201: Application time: 0.0724720 seconds
169.201: [GC [PSYoungGen: 14345K->512K(15872K)] 30689K->16856K(51712K), 0.0005470 secs] [Times: user=0.00 sys=0.00, real=0.00 secs] 
169.201: Total time for which application threads were stopped: 0.0006880 seconds, Stopping threads took: 0.0000650 seconds
169.273: Application time: 0.0720390 seconds
169.273: [GC [PSYoungGen: 14336K->464K(15872K)] 30680K->16808K(51712K), 0.0004820 secs] [Times: user=0.00 sys=0.00, real=0.00 secs] 
169.274: Total time for which application threads were stopped: 0.0006160 seconds, Stopping threads took: 0.0000530 seconds
169.348: Application time: 0.0737500 seconds
169.348: [GC [PSYoungGen: 14288K->480K(15872K)] 30632K->16824K(51712K), 0.0006140 secs] [Times: user=0.01 sys=0.00, real=0.00 secs] 
169.348: Total time for which application threads were stopped: 0.0007490 seconds, Stopping threads took: 0.0000590 seconds
169.421: Application time: 0.0729370 seconds
169.422: [GC [PSYoungGen: 14304K->496K(15872K)] 30648K->16840K(51712K), 0.0004950 secs] [Times: user=0.00 sys=0.00, real=0.00 secs] 
169.422: Total time for which application threads were stopped: 0.0006270 seconds, Stopping threads took: 0.0000600 seconds
169.496: Application time: 0.0741240 seconds
169.497: [GC [PSYoungGen: 14320K->480K(15872K)] 30664K->16824K(51712K), 0.0005150 secs] [Times: user=0.00 sys=0.00, real=0.00 secs] 
169.498: Total time for which application threads were stopped: 0.0017520 seconds, Stopping threads took: 0.0011620 seconds
169.572: Application time: 0.0741630 seconds
169.572: [GC [PSYoungGen: 14304K->480K(15872K)] 30648K->16832K(51712K), 0.0005340 secs] [Times: user=0.00 sys=0.00, real=0.00 secs] 
169.573: Total time for which application threads were stopped: 0.0006680 seconds, Stopping threads took: 0.0000540 seconds
169.646: Application time: 0.0733340 seconds
169.646: [GC [PSYoungGen: 14304K->496K(15872K)] 30656K->16856K(51712K), 0.0006110 secs] [Times: user=0.00 sys=0.00, real=0.00 secs] 
169.647: Total time for which application threads were stopped: 0.0007380 seconds, Stopping threads took: 0.0000510 seconds
169.721: Application time: 0.0741480 seconds
169.721: [GC [PSYoungGen: 14320K->512K(15872K)] 30680K->16872K(51712K), 0.0005390 secs] [Times: user=0.00 sys=0.00, real=0.00 secs] 
169.722: Total time for which application threads were stopped: 0.0006670 seconds, Stopping threads took: 0.0000560 seconds
169.796: Application time: 0.0739140 seconds
169.796: [GC [PSYoungGen: 14336K->480K(15872K)] 30696K->16848K(51712K), 0.0005250 secs] [Times: user=0.00 sys=0.00, real=0.00 secs] 
169.796: Total time for which application threads were stopped: 0.0006750 seconds, Stopping threads took: 0.0000610 seconds
169.870: Application time: 0.0740990 seconds
169.870: [GC [PSYoungGen: 14304K->512K(15872K)] 30672K->16880K(51712K), 0.0005500 secs] [Times: user=0.00 sys=0.00, real=0.00 secs] 
169.871: Total time for which application threads were stopped: 0.0006940 seconds, Stopping threads took: 0.0000670 seconds
169.945: Application time: 0.0738820 seconds
169.945: [GC [PSYoungGen: 14336K->448K(15872K)] 30704K->16816K(51712K), 0.0005120 secs] [Times: user=0.00 sys=0.00, real=0.01 secs] 
169.946: Total time for which application threads were stopped: 0.0006330 seconds, Stopping threads took: 0.0000400 seconds
170.017: Application time: 0.0712130 seconds
170.025: [GC [PSYoungGen: 14272K->448K(15872K)] 30640K->16816K(51712K), 0.0005400 secs] [Times: user=0.00 sys=0.00, real=0.01 secs] 
170.025: Total time for which application threads were stopped: 0.0086460 seconds, Stopping threads took: 0.0080300 seconds
170.099: Application time: 0.0730930 seconds
170.099: [GC [PSYoungGen: 14272K->512K(15872K)] 30640K->16880K(51712K), 0.0005650 secs] [Times: user=0.01 sys=0.00, real=0.00 secs] 
170.099: Total time for which application threads were stopped: 0.0006970 seconds, Stopping threads took: 0.0000560 seconds
170.173: Application time: 0.0734460 seconds
170.173: [GC [PSYoungGen: 14336K->496K(15872K)] 30704K->16864K(51712K), 0.0005000 secs] [Times: user=0.01 sys=0.00, real=0.00 secs] 
170.173: Total time for which application threads were stopped: 0.0006310 seconds, Stopping threads took: 0.0000540 seconds
170.249: Application time: 0.0755760 seconds
170.249: [GC [PSYoungGen: 14320K->448K(15872K)] 30688K->16816K(51712K), 0.0005300 secs] [Times: user=0.00 sys=0.00, real=0.00 secs] 
170.250: Total time for which application threads were stopped: 0.0006670 seconds, Stopping threads took: 0.0000610 seconds
170.323: Application time: 0.0738730 seconds
170.324: [GC [PSYoungGen: 14272K->544K(15872K)] 30640K->16920K(51712K), 0.0005280 secs] [Times: user=0.00 sys=0.00, real=0.00 secs] 
170.324: Total time for which application threads were stopped: 0.0006650 seconds, Stopping threads took: 0.0000590 seconds
170.398: Application time: 0.0735420 seconds
170.398: [GC [PSYoungGen: 14368K->464K(15872K)] 30744K->16848K(51712K), 0.0005560 secs] [Times: user=0.00 sys=0.00, real=0.00 secs] 
170.398: Total time for which application threads were stopped: 0.0006900 seconds, Stopping threads took: 0.0000610 seconds
170.472: Application time: 0.0737160 seconds
170.472: [GC [PSYoungGen: 14288K->512K(15872K)] 30672K->16896K(51712K), 0.0005180 secs] [Times: user=0.00 sys=0.00, real=0.00 secs] 
170.473: Total time for which application threads were stopped: 0.0006530 seconds, Stopping threads took: 0.0000570 seconds
170.547: Application time: 0.0742110 seconds
170.547: [GC [PSYoungGen: 14336K->512K(15872K)] 30720K->16912K(51712K), 0.0005660 secs] [Times: user=0.00 sys=0.00, real=0.00 secs] 
170.548: Total time for which application threads were stopped: 0.0006960 seconds, Stopping threads took: 0.0000550 seconds
170.622: Application time: 0.0741610 seconds
170.622: [GC [PSYoungGen: 14336K->512K(15872K)] 30736K->16912K(51712K), 0.0005410 secs] [Times: user=0.00 sys=0.00, real=0.00 secs] 
170.622: Total time for which application threads were stopped: 0.0006730 seconds, Stopping threads took: 0.0000550 seconds
170.696: Application time: 0.0738590 seconds
170.696: [GC [PSYoungGen: 14336K->496K(15872K)] 30736K->16896K(51712K), 0.0005260 secs] [Times: user=0.00 sys=0.00, real=0.00 secs] 
170.697: Total time for which application threads were stopped: 0.0006570 seconds, Stopping threads took: 0.0000540 seconds
170.768: Application time: 0.0712490 seconds
170.768: [GC [PSYoungGen: 14320K->528K(15872K)] 30720K->16928K(51712K), 0.0005270 secs] [Times: user=0.00 sys=0.00, real=0.00 secs] 
170.769: Total time for which application threads were stopped: 0.0006420 seconds, Stopping threads took: 0.0000430 seconds
170.842: Application time: 0.0734820 seconds
170.842: [GC [PSYoungGen: 14352K->480K(15872K)] 30752K->16880K(51712K), 0.0005050 secs] [Times: user=0.00 sys=0.00, real=0.00 secs] 
170.843: Total time for which application threads were stopped: 0.0006500 seconds, Stopping threads took: 0.0000540 seconds
170.916: Application time: 0.0733070 seconds
170.916: [GC [PSYoungGen: 14304K->512K(15872K)] 30704K->16912K(51712K), 0.0005080 secs] [Times: user=0.00 sys=0.00, real=0.00 secs] 
170.917: Total time for which application threads were stopped: 0.0006410 seconds, Stopping threads took: 0.0000600 seconds
170.991: Application time: 0.0740360 seconds
170.991: [GC [PSYoungGen: 14336K->544K(15872K)] 30736K->16944K(51712K), 0.0005030 secs] [Times: user=0.01 sys=0.00, real=0.00 secs] 
170.992: Total time for which application threads were stopped: 0.0006390 seconds, Stopping threads took: 0.0000590 seconds
171.065: Application time: 0.0736400 seconds
171.065: [GC [PSYoungGen: 14368K->512K(15872K)] 30768K->16912K(51712K), 0.0005240 secs] [Times: user=0.00 sys=0.00, real=0.00 secs] 
171.066: Total time for which application threads were stopped: 0.0006650 seconds, Stopping threads took: 0.0000620 seconds
171.140: Application time: 0.0737850 seconds
171.140: [GC [PSYoungGen: 14336K->528K(15872K)] 30736K->16936K(51712K), 0.0005330 secs] [Times: user=0.00 sys=0.00, real=0.00 secs] 
171.140: Total time for which application threads were stopped: 0.0006700 seconds, Stopping threads took: 0.0000590 seconds
171.214: Application time: 0.0734190 seconds
171.214: [GC [PSYoungGen: 14352K->528K(15872K)] 30760K->16952K(51712K), 0.0005680 secs] [Times: user=0.00 sys=0.00, real=0.00 secs] 
171.214: Total time for which application threads were stopped: 0.0006970 seconds, Stopping threads took: 0.0000560 seconds
171.289: Application time: 0.0742320 seconds
171.289: [GC [PSYoungGen: 14352K->544K(15872K)] 30776K->16976K(51712K), 0.0005270 secs] [Times: user=0.00 sys=0.00, real=0.00 secs] 
171.289: Total time for which application threads were stopped: 0.0006590 seconds, Stopping threads took: 0.0000590 seconds
171.364: Application time: 0.0742980 seconds
171.364: [GC [PSYoungGen: 14368K->464K(15872K)] 30800K->16896K(51712K), 0.0005040 secs] [Times: user=0.00 sys=0.00, real=0.00 secs] 
171.364: Total time for which application threads were stopped: 0.0006450 seconds, Stopping threads took: 0.0000550 seconds
171.438: Application time: 0.0740060 seconds
171.438: [GC [PSYoungGen: 14288K->512K(15872K)] 30720K->16944K(51712K), 0.0005020 secs] [Times: user=0.01 sys=0.00, real=0.00 secs] 
171.439: Total time for which application threads were stopped: 0.0006540 seconds, Stopping threads took: 0.0000760 seconds
171.510: Application time: 0.0714230 seconds
171.511: [GC [PSYoungGen: 14336K->496K(15872K)] 30768K->16928K(51712K), 0.0005380 secs] [Times: user=0.00 sys=0.00, real=0.00 secs] 
171.511: Total time for which application threads were stopped: 0.0006680 seconds, Stopping threads took: 0.0000540 seconds
171.584: Application time: 0.0730430 seconds
171.584: [GC [PSYoungGen: 14320K->496K(15872K)] 30752K->16928K(51712K), 0.0005740 secs] [Times: user=0.01 sys=0.00, real=0.00 secs] 
171.585: Total time for which application threads were stopped: 0.0007010 seconds, Stopping threads took: 0.0000510 seconds
171.659: Application time: 0.0737670 seconds
171.659: [GC [PSYoungGen: 14320K->480K(15872K)] 30752K->16912K(51712K), 0.0005570 secs] [Times: user=0.00 sys=0.00, real=0.00 secs] 
171.659: Total time for which application threads were stopped: 0.0006870 seconds, Stopping threads took: 0.0000520 seconds
171.734: Application time: 0.0751370 seconds
171.735: [GC [PSYoungGen: 14304K->496K(15872K)] 30736K->16928K(51712K), 0.0005320 secs] [Times: user=0.00 sys=0.00, real=0.00 secs] 
171.736: Total time for which application threads were stopped: 0.0017110 seconds, Stopping threads took: 0.0000510 seconds
171.810: Application time: 0.0741040 seconds
171.810: [GC [PSYoungGen: 14320K->528K(15872K)] 30752K->16960K(51712K), 0.0005050 secs] [Times: user=0.00 sys=0.00, real=0.00 secs] 
171.811: Total time for which application threads were stopped: 0.0006330 seconds, Stopping threads took: 0.0000560 seconds
171.884: Application time: 0.0735490 seconds
171.885: [GC [PSYoungGen: 14352K->464K(15872K)] 30784K->16904K(51712K), 0.0005100 secs] [Times: user=0.00 sys=0.00, real=0.00 secs] 
171.885: Total time for which application threads were stopped: 0.0006700 seconds, Stopping threads took: 0.0000740 seconds
171.959: Application time: 0.0736680 seconds
171.959: [GC [PSYoungGen: 14288K->528K(15872K)] 30728K->16984K(51712K), 0.0005240 secs] [Times: user=0.00 sys=0.00, real=0.00 secs] 
171.959: Total time for which application threads were stopped: 0.0006580 seconds, Stopping threads took: 0.0000600 seconds
172.033: Application time: 0.0738870 seconds
172.037: [GC [PSYoungGen: 14352K->512K(15872K)] 30808K->16992K(51712K), 0.0005070 secs] [Times: user=0.01 sys=0.00, real=0.00 secs] 
172.038: Total time for which application threads were stopped: 0.0045750 seconds, Stopping threads took: 0.0039950 seconds
172.112: Application time: 0.0744310 seconds
172.112: [GC [PSYoungGen: 14336K->496K(15872K)] 30816K->16976K(51712K), 0.0005210 secs] [Times: user=0.00 sys=0.00, real=0.00 secs] 
172.113: Total time for which application threads were stopped: 0.0006560 seconds, Stopping threads took: 0.0000590 seconds
172.187: Application time: 0.0739060 seconds
172.187: [GC [PSYoungGen: 14320K->496K(15872K)] 30800K->16976K(51712K), 0.0004940 secs] [Times: user=0.00 sys=0.00, real=0.00 secs] 
172.188: Total time for which application threads were stopped: 0.0006230 seconds, Stopping threads took: 0.0000560 seconds
172.260: Application time: 0.0722480 seconds
172.260: [GC [PSYoungGen: 14320K->512K(15872K)] 30800K->16992K(51712K), 0.0005470 secs] [Times: user=0.01 sys=0.00, real=0.00 secs] 
172.260: Total time for which application threads were stopped: 0.0007010 seconds, Stopping threads took: 0.0000830 seconds
172.333: Application time: 0.0722870 seconds
172.333: [GC [PSYoungGen: 14336K->496K(15872K)] 30816K->16976K(51712K), 0.0006030 secs] [Times: user=0.01 sys=0.00, real=0.01 secs] 
172.334: Total time for which application threads were stopped: 0.0007380 seconds, Stopping threads took: 0.0000550 seconds
172.408: Application time: 0.0740300 seconds
172.408: [GC [PSYoungGen: 14320K->448K(15872K)] 30800K->16928K(51712K), 0.0005900 secs] [Times: user=0.00 sys=0.00, real=0.00 secs] 
172.408: Total time for which application threads were stopped: 0.0007470 seconds, Stopping threads took: 0.0000680 seconds
172.482: Application time: 0.0732720 seconds
172.485: [GC [PSYoungGen: 14272K->496K(15872K)] 30752K->16976K(51712K), 0.0005600 secs] [Times: user=0.00 sys=0.00, real=0.00 secs] 
172.486: Total time for which application threads were stopped: 0.0043970 seconds, Stopping threads took: 0.0037580 seconds
172.560: Application time: 0.0737830 seconds
172.560: [GC [PSYoungGen: 14320K->512K(15872K)] 30800K->16992K(51712K), 0.0005200 secs] [Times: user=0.00 sys=0.00, real=0.00 secs] 
172.560: Total time for which application threads were stopped: 0.0006620 seconds, Stopping threads took: 0.0000630 seconds
172.634: Application time: 0.0738130 seconds
172.634: [GC [PSYoungGen: 14336K->528K(15872K)] 30816K->17016K(51712K), 0.0005160 secs] [Times: user=0.00 sys=0.00, real=0.00 secs] 
172.635: Total time for which application threads were stopped: 0.0006440 seconds, Stopping threads took: 0.0000550 seconds
172.708: Application time: 0.0735880 seconds
172.709: [GC [PSYoungGen: 14352K->512K(15872K)] 30840K->17008K(51712K), 0.0005590 secs] [Times: user=0.00 sys=0.00, real=0.00 secs] 
172.709: Total time for which application threads were stopped: 0.0006930 seconds, Stopping threads took: 0.0000540 seconds
172.783: Application time: 0.0739330 seconds
172.783: [GC [PSYoungGen: 14336K->496K(15872K)] 30832K->17000K(51712K), 0.0005860 secs] [Times: user=0.01 sys=0.00, real=0.00 secs] 
172.784: Total time for which application threads were stopped: 0.0007170 seconds, Stopping threads took: 0.0000580 seconds
172.857: Application time: 0.0736110 seconds
172.858: [GC [PSYoungGen: 14320K->480K(15872K)] 30824K->16984K(51712K), 0.0006050 secs] [Times: user=0.01 sys=0.00, real=0.00 secs] 
172.858: Total time for which application threads were stopped: 0.0007300 seconds, Stopping threads took: 0.0000460 seconds
172.932: Application time: 0.0739610 seconds
172.932: [GC [PSYoungGen: 14304K->512K(15872K)] 30808K->17016K(51712K), 0.0005000 secs] [Times: user=0.01 sys=0.00, real=0.00 secs] 
172.933: Total time for which application threads were stopped: 0.0006420 seconds, Stopping threads took: 0.0000530 seconds
173.005: Application time: 0.0726500 seconds
173.006: [GC [PSYoungGen: 14336K->496K(15872K)] 30840K->17000K(51712K), 0.0005060 secs] [Times: user=0.00 sys=0.00, real=0.00 secs] 
173.006: Total time for which application threads were stopped: 0.0006650 seconds, Stopping threads took: 0.0000830 seconds
173.079: Application time: 0.0724570 seconds
173.079: [GC [PSYoungGen: 14320K->528K(15872K)] 30824K->17032K(51712K), 0.0005140 secs] [Times: user=0.01 sys=0.00, real=0.00 secs] 
173.079: Total time for which application threads were stopped: 0.0006450 seconds, Stopping threads took: 0.0000590 seconds
173.153: Application time: 0.0735060 seconds
173.153: [GC [PSYoungGen: 14352K->512K(15872K)] 30856K->17016K(51712K), 0.0005320 secs] [Times: user=0.00 sys=0.00, real=0.00 secs] 
173.154: Total time for which application threads were stopped: 0.0012340 seconds, Stopping threads took: 0.0006300 seconds
173.229: Application time: 0.0746410 seconds
173.229: [GC [PSYoungGen: 14336K->512K(15872K)] 30840K->17016K(51712K), 0.0005650 secs] [Times: user=0.01 sys=0.00, real=0.00 secs] 
173.229: Total time for which application threads were stopped: 0.0007020 seconds, Stopping threads took: 0.0000620 seconds
173.304: Application time: 0.0745530 seconds
173.304: [GC [PSYoungGen: 14336K->512K(15872K)] 30840K->17016K(51712K), 0.0005030 secs] [Times: user=0.00 sys=0.00, real=0.00 secs] 
173.304: Total time for which application threads were stopped: 0.0006380 seconds, Stopping threads took: 0.0000620 seconds
173.378: Application time: 0.0735550 seconds
173.378: [GC [PSYoungGen: 14336K->496K(15872K)] 30840K->17032K(51712K), 0.0005540 secs] [Times: user=0.01 sys=0.00, real=0.00 secs] 
173.379: Total time for which application threads were stopped: 0.0006900 seconds, Stopping threads took: 0.0000620 seconds
173.452: Application time: 0.0733110 seconds
173.452: [GC [PSYoungGen: 14320K->544K(15872K)] 30856K->17088K(51712K), 0.0005140 secs] [Times: user=0.00 sys=0.00, real=0.00 secs] 
173.453: Total time for which application threads were stopped: 0.0006670 seconds, Stopping threads took: 0.0000630 seconds
173.527: Application time: 0.0743310 seconds
173.527: [GC [PSYoungGen: 14368K->496K(15872K)] 30912K->17040K(51712K), 0.0005520 secs] [Times: user=0.00 sys=0.00, real=0.00 secs] 
173.528: Total time for which application threads were stopped: 0.0006760 seconds, Stopping threads took: 0.0000490 seconds
173.602: Application time: 0.0744950 seconds
173.602: [GC [PSYoungGen: 14320K->528K(15872K)] 30864K->17080K(51712K), 0.0004930 secs] [Times: user=0.00 sys=0.00, real=0.00 secs] 
173.603: Total time for which application threads were stopped: 0.0006220 seconds, Stopping threads took: 0.0000540 seconds
173.677: Application time: 0.0737500 seconds
173.677: [GC [PSYoungGen: 14352K->528K(15872K)] 30904K->17080K(51712K), 0.0005140 secs] [Times: user=0.00 sys=0.00, real=0.00 secs] 
173.677: Total time for which application threads were stopped: 0.0006470 seconds, Stopping threads took: 0.0000610 seconds
173.751: Application time: 0.0738480 seconds
173.751: [GC [PSYoungGen: 14352K->544K(15872K)] 30904K->17096K(51712K), 0.0005420 secs] [Times: user=0.00 sys=0.00, real=0.00 secs] 
173.752: Total time for which application threads were stopped: 0.0006830 seconds, Stopping threads took: 0.0000630 seconds
173.823: Application time: 0.0713430 seconds
173.823: [GC [PSYoungGen: 14368K->528K(15872K)] 30920K->17080K(51712K), 0.0005070 secs] [Times: user=0.00 sys=0.00, real=0.00 secs] 
173.824: Total time for which application threads were stopped: 0.0006490 seconds, Stopping threads took: 0.0000680 seconds
173.897: Application time: 0.0734060 seconds
173.897: [GC [PSYoungGen: 14352K->528K(15872K)] 30904K->17080K(51712K), 0.0005840 secs] [Times: user=0.00 sys=0.00, real=0.00 secs] 
173.898: Total time for which application threads were stopped: 0.0007180 seconds, Stopping threads took: 0.0000600 seconds
173.971: Application time: 0.0733970 seconds
173.971: [GC [PSYoungGen: 14352K->480K(15872K)] 30904K->17032K(51712K), 0.0005270 secs] [Times: user=0.00 sys=0.00, real=0.00 secs] 
173.972: Total time for which application threads were stopped: 0.0006930 seconds, Stopping threads took: 0.0000790 seconds
174.045: Application time: 0.0734380 seconds
174.046: [GC [PSYoungGen: 14304K->464K(15872K)] 30856K->17016K(51712K), 0.0005160 secs] [Times: user=0.01 sys=0.00, real=0.00 secs] 
174.046: Total time for which application threads were stopped: 0.0006450 seconds, Stopping threads took: 0.0000550 seconds
174.120: Application time: 0.0741620 seconds
174.120: [GC [PSYoungGen: 14288K->464K(15872K)] 30840K->17024K(51712K), 0.0005020 secs] [Times: user=0.00 sys=0.00, real=0.00 secs] 
174.121: Total time for which application threads were stopped: 0.0006390 seconds, Stopping threads took: 0.0000670 seconds
174.195: Application time: 0.0737330 seconds
174.195: [GC [PSYoungGen: 14288K->512K(15872K)] 30848K->17080K(51712K), 0.0005060 secs] [Times: user=0.00 sys=0.00, real=0.00 secs] 
174.195: Total time for which application threads were stopped: 0.0006410 seconds, Stopping threads took: 0.0000590 seconds
174.270: Application time: 0.0742970 seconds
174.270: [GC [PSYoungGen: 14336K->528K(15872K)] 30904K->17096K(51712K), 0.0005160 secs] [Times: user=0.00 sys=0.00, real=0.00 secs] 
174.270: Total time for which application threads were stopped: 0.0006470 seconds, Stopping threads took: 0.0000570 seconds
174.344: Application time: 0.0735980 seconds
174.344: [GC [PSYoungGen: 14352K->560K(15872K)] 30920K->17136K(51712K), 0.0005010 secs] [Times: user=0.01 sys=0.00, real=0.00 secs] 
174.344: Total time for which application threads were stopped: 0.0006380 seconds, Stopping threads took: 0.0000600 seconds
174.419: Application time: 0.0742430 seconds
174.419: [GC [PSYoungGen: 14384K->512K(15872K)] 30960K->17088K(51712K), 0.0005810 secs] [Times: user=0.00 sys=0.00, real=0.00 secs] 
174.419: Total time for which application threads were stopped: 0.0007070 seconds, Stopping threads took: 0.0000510 seconds
174.494: Application time: 0.0741330 seconds
174.497: [GC [PSYoungGen: 14336K->480K(15872K)] 30912K->17056K(51712K), 0.0004890 secs] [Times: user=0.00 sys=0.00, real=0.00 secs] 
174.498: Total time for which application threads were stopped: 0.0043740 seconds, Stopping threads took: 0.0038020 seconds
174.569: Application time: 0.0710860 seconds
174.569: [GC [PSYoungGen: 14304K->512K(15872K)] 30880K->17088K(51712K), 0.0005300 secs] [Times: user=0.01 sys=0.00, real=0.00 secs] 
174.570: Total time for which application threads were stopped: 0.0006610 seconds, Stopping threads took: 0.0000560 seconds
174.643: Application time: 0.0732770 seconds
174.643: [GC [PSYoungGen: 14336K->496K(15872K)] 30912K->17072K(51712K), 0.0005670 secs] [Times: user=0.01 sys=0.00, real=0.00 secs] 
174.644: Total time for which application threads were stopped: 0.0007060 seconds, Stopping threads took: 0.0000630 seconds
174.718: Application time: 0.0747910 seconds
174.719: [GC [PSYoungGen: 14320K->480K(15872K)] 30896K->17056K(51712K), 0.0004680 secs] [Times: user=0.01 sys=0.00, real=0.00 secs] 
174.719: Total time for which application threads were stopped: 0.0006060 seconds, Stopping threads took: 0.0000680 seconds
174.793: Application time: 0.0738690 seconds
174.793: [GC [PSYoungGen: 14304K->528K(15872K)] 30880K->17104K(51712K), 0.0005400 secs] [Times: user=0.00 sys=0.01, real=0.01 secs] 
174.794: Total time for which application threads were stopped: 0.0006790 seconds, Stopping threads took: 0.0000640 seconds
174.868: Application time: 0.0743550 seconds
174.868: [GC [PSYoungGen: 14352K->560K(15872K)] 30928K->17136K(51712K), 0.0005100 secs] [Times: user=0.01 sys=0.00, real=0.00 secs] 
174.869: Total time for which application threads were stopped: 0.0006490 seconds, Stopping threads took: 0.0000660 seconds
174.942: Application time: 0.0738290 seconds
174.943: [GC [PSYoungGen: 14384K->528K(15872K)] 30960K->17112K(51712K), 0.0005270 secs] [Times: user=0.00 sys=0.00, real=0.00 secs] 
174.943: Total time for which application threads were stopped: 0.0006690 seconds, Stopping threads took: 0.0000710 seconds
175.017: Application time: 0.0740170 seconds
175.017: [GC [PSYoungGen: 14352K->528K(15872K)] 30936K->17120K(51712K), 0.0005310 secs] [Times: user=0.00 sys=0.00, real=0.00 secs] 
175.018: Total time for which application threads were stopped: 0.0006700 seconds, Stopping threads took: 0.0000520 seconds
175.092: Application time: 0.0739990 seconds
175.092: [GC [PSYoungGen: 14352K->496K(15872K)] 30944K->17104K(51712K), 0.0005710 secs] [Times: user=0.00 sys=0.00, real=0.00 secs] 
175.092: Total time for which application threads were stopped: 0.0007030 seconds, Stopping threads took: 0.0000620 seconds
175.166: Application time: 0.0737340 seconds
175.166: [GC [PSYoungGen: 14320K->480K(15872K)] 30928K->17088K(51712K), 0.0005100 secs] [Times: user=0.00 sys=0.00, real=0.00 secs] 
175.167: Total time for which application threads were stopped: 0.0006480 seconds, Stopping threads took: 0.0000580 seconds
175.241: Application time: 0.0739360 seconds
175.241: [GC [PSYoungGen: 14304K->512K(15872K)] 30912K->17120K(51712K), 0.0005180 secs] [Times: user=0.00 sys=0.00, real=0.00 secs] 
175.241: Total time for which application threads were stopped: 0.0006580 seconds, Stopping threads took: 0.0000690 seconds
175.313: Application time: 0.0716800 seconds
175.313: [GC [PSYoungGen: 14336K->528K(15872K)] 30944K->17136K(51712K), 0.0005390 secs] [Times: user=0.00 sys=0.00, real=0.01 secs] 
175.314: Total time for which application threads were stopped: 0.0006730 seconds, Stopping threads took: 0.0000590 seconds
175.387: Application time: 0.0730020 seconds
175.387: [GC [PSYoungGen: 14352K->496K(15872K)] 30960K->17104K(51712K), 0.0005150 secs] [Times: user=0.00 sys=0.00, real=0.00 secs] 
175.387: Total time for which application threads were stopped: 0.0006460 seconds, Stopping threads took: 0.0000590 seconds
175.461: Application time: 0.0739850 seconds
175.462: [GC [PSYoungGen: 14320K->480K(15872K)] 30928K->17088K(51712K), 0.0005550 secs] [Times: user=0.00 sys=0.00, real=0.00 secs] 
175.462: Total time for which application threads were stopped: 0.0006780 seconds, Stopping threads took: 0.0000490 seconds
175.536: Application time: 0.0738380 seconds
175.536: [GC [PSYoungGen: 14304K->496K(15872K)] 30912K->17104K(51712K), 0.0006000 secs] [Times: user=0.00 sys=0.00, real=0.00 secs] 
175.537: Total time for which application threads were stopped: 0.0007500 seconds, Stopping threads took: 0.0000620 seconds
175.611: Application time: 0.0743800 seconds
175.611: [GC [PSYoungGen: 14320K->496K(15872K)] 30928K->17104K(51712K), 0.0005600 secs] [Times: user=0.01 sys=0.00, real=0.00 secs] 
175.612: Total time for which application threads were stopped: 0.0006910 seconds, Stopping threads took: 0.0000510 seconds
175.685: Application time: 0.0731780 seconds
175.685: [GC [PSYoungGen: 14320K->496K(15872K)] 30928K->17112K(51712K), 0.0005480 secs] [Times: user=0.00 sys=0.00, real=0.01 secs] 
175.686: Total time for which application threads were stopped: 0.0006870 seconds, Stopping threads took: 0.0000600 seconds
175.760: Application time: 0.0740430 seconds
175.760: [GC [PSYoungGen: 14320K->528K(15872K)] 30936K->17152K(51712K), 0.0005140 secs] [Times: user=0.00 sys=0.00, real=0.00 secs] 
175.760: Total time for which application threads were stopped: 0.0006430 seconds, Stopping threads took: 0.0000540 seconds
175.835: Application time: 0.0742130 seconds
175.835: [GC [PSYoungGen: 14352K->512K(15872K)] 30976K->17144K(51712K), 0.0005120 secs] [Times: user=0.00 sys=0.00, real=0.00 secs] 
175.835: Total time for which application threads were stopped: 0.0006410 seconds, Stopping threads took: 0.0000540 seconds
175.909: Application time: 0.0740770 seconds
175.909: [GC [PSYoungGen: 14336K->512K(15872K)] 30968K->17144K(51712K), 0.0005700 secs] [Times: user=0.00 sys=0.00, real=0.00 secs] 
175.910: Total time for which application threads were stopped: 0.0007070 seconds, Stopping threads took: 0.0000610 seconds
175.985: Application time: 0.0746930 seconds
175.985: [GC [PSYoungGen: 14336K->496K(15872K)] 30968K->17128K(51712K), 0.0005690 secs] [Times: user=0.00 sys=0.00, real=0.01 secs] 
175.985: Total time for which application threads were stopped: 0.0007100 seconds, Stopping threads took: 0.0000630 seconds
176.057: Application time: 0.0717120 seconds
176.057: [GC [PSYoungGen: 14320K->464K(15872K)] 30952K->17096K(51712K), 0.0004760 secs] [Times: user=0.00 sys=0.01, real=0.00 secs] 
176.058: Total time for which application threads were stopped: 0.0006180 seconds, Stopping threads took: 0.0000580 seconds
176.131: Application time: 0.0731000 seconds
176.131: [GC [PSYoungGen: 14288K->528K(15872K)] 30920K->17160K(51712K), 0.0005020 secs] [Times: user=0.01 sys=0.00, real=0.00 secs] 
176.131: Total time for which application threads were stopped: 0.0006390 seconds, Stopping threads took: 0.0000650 seconds
176.205: Application time: 0.0732130 seconds
176.205: [GC [PSYoungGen: 14352K->512K(15872K)] 30984K->17144K(51712K), 0.0005190 secs] [Times: user=0.00 sys=0.00, real=0.01 secs] 
176.205: Total time for which application threads were stopped: 0.0006480 seconds, Stopping threads took: 0.0000550 seconds
176.281: Application time: 0.0751650 seconds
176.281: [GC [PSYoungGen: 14336K->496K(15872K)] 30968K->17128K(51712K), 0.0005100 secs] [Times: user=0.01 sys=0.00, real=0.00 secs] 
176.281: Total time for which application threads were stopped: 0.0006470 seconds, Stopping threads took: 0.0000640 seconds
176.355: Application time: 0.0741650 seconds
176.355: [GC [PSYoungGen: 14320K->512K(15872K)] 30952K->17144K(51712K), 0.0005580 secs] [Times: user=0.00 sys=0.00, real=0.00 secs] 
176.356: Total time for which application threads were stopped: 0.0006930 seconds, Stopping threads took: 0.0000600 seconds
176.429: Application time: 0.0734710 seconds
176.430: [GC [PSYoungGen: 14336K->544K(15872K)] 30968K->17184K(51712K), 0.0005230 secs] [Times: user=0.00 sys=0.00, real=0.00 secs] 
176.430: Total time for which application threads were stopped: 0.0006500 seconds, Stopping threads took: 0.0000540 seconds
176.504: Application time: 0.0737400 seconds
176.504: [GC [PSYoungGen: 14368K->544K(15872K)] 31008K->17192K(51712K), 0.0005080 secs] [Times: user=0.00 sys=0.00, real=0.00 secs] 
176.505: Total time for which application threads were stopped: 0.0006430 seconds, Stopping threads took: 0.0000580 seconds
176.579: Application time: 0.0740640 seconds
176.579: [GC [PSYoungGen: 14368K->544K(15872K)] 31016K->17200K(51712K), 0.0005600 secs] [Times: user=0.00 sys=0.00, real=0.00 secs] 
176.579: Total time for which application threads were stopped: 0.0006980 seconds, Stopping threads took: 0.0000540 seconds
176.653: Application time: 0.0741850 seconds
176.654: [GC [PSYoungGen: 14368K->512K(15872K)] 31024K->17168K(51712K), 0.0005010 secs] [Times: user=0.00 sys=0.00, real=0.00 secs] 
176.654: Total time for which application threads were stopped: 0.0006370 seconds, Stopping threads took: 0.0000570 seconds
176.728: Application time: 0.0741530 seconds
176.728: [GC [PSYoungGen: 14336K->480K(15872K)] 30992K->17136K(51712K), 0.0005470 secs] [Times: user=0.01 sys=0.00, real=0.00 secs] 
176.729: Total time for which application threads were stopped: 0.0006930 seconds, Stopping threads took: 0.0000720 seconds
176.801: Application time: 0.0719730 seconds
176.801: [GC [PSYoungGen: 14304K->512K(15872K)] 30960K->17168K(51712K), 0.0005370 secs] [Times: user=0.01 sys=0.00, real=0.00 secs] 
176.803: Total time for which application threads were stopped: 0.0017070 seconds, Stopping threads took: 0.0000620 seconds
176.875: Application time: 0.0722490 seconds
176.875: [GC [PSYoungGen: 14336K->496K(15872K)] 30992K->17152K(51712K), 0.0006910 secs] [Times: user=0.01 sys=0.00, real=0.00 secs] 
176.876: Total time for which application threads were stopped: 0.0008200 seconds, Stopping threads took: 0.0000550 seconds
176.950: Application time: 0.0738350 seconds
176.950: [GC [PSYoungGen: 14320K->512K(15872K)] 30976K->17168K(51712K), 0.0004920 secs] [Times: user=0.00 sys=0.00, real=0.00 secs] 
176.950: Total time for which application threads were stopped: 0.0006190 seconds, Stopping threads took: 0.0000510 seconds
177.024: Application time: 0.0737440 seconds
177.024: [GC [PSYoungGen: 14336K->512K(15872K)] 30992K->17168K(51712K), 0.0005390 secs] [Times: user=0.00 sys=0.00, real=0.00 secs] 
177.025: Total time for which application threads were stopped: 0.0006680 seconds, Stopping threads took: 0.0000520 seconds
177.099: Application time: 0.0743210 seconds
177.099: [GC [PSYoungGen: 14336K->464K(15872K)] 30992K->17120K(51712K), 0.0004870 secs] [Times: user=0.00 sys=0.00, real=0.00 secs] 
177.100: Total time for which application threads were stopped: 0.0006310 seconds, Stopping threads took: 0.0000610 seconds
177.174: Application time: 0.0740400 seconds
177.174: [GC [PSYoungGen: 14288K->448K(15872K)] 30944K->17112K(51712K), 0.0005120 secs] [Times: user=0.00 sys=0.00, real=0.00 secs] 
177.174: Total time for which application threads were stopped: 0.0006440 seconds, Stopping threads took: 0.0000560 seconds
177.248: Application time: 0.0735110 seconds
177.248: [GC [PSYoungGen: 14272K->480K(15872K)] 30936K->17152K(51712K), 0.0005820 secs] [Times: user=0.00 sys=0.00, real=0.00 secs] 
177.248: Total time for which application threads were stopped: 0.0007230 seconds, Stopping threads took: 0.0000580 seconds
177.323: Application time: 0.0743120 seconds
177.323: [GC [PSYoungGen: 14304K->464K(15872K)] 30976K->17144K(51712K), 0.0005580 secs] [Times: user=0.00 sys=0.00, real=0.00 secs] 
177.323: Total time for which application threads were stopped: 0.0006800 seconds, Stopping threads took: 0.0000450 seconds
177.397: Application time: 0.0737960 seconds
177.397: [GC [PSYoungGen: 14288K->544K(15872K)] 30968K->17224K(51712K), 0.0005550 secs] [Times: user=0.00 sys=0.00, real=0.00 secs] 
177.398: Total time for which application threads were stopped: 0.0006830 seconds, Stopping threads took: 0.0000530 seconds
177.473: Application time: 0.0752720 seconds
177.473: [GC [PSYoungGen: 14368K->496K(15872K)] 31048K->17176K(51712K), 0.0005250 secs] [Times: user=0.00 sys=0.00, real=0.00 secs] 
177.474: Total time for which application threads were stopped: 0.0006570 seconds, Stopping threads took: 0.0000550 seconds
177.547: Application time: 0.0732240 seconds
177.547: [GC [PSYoungGen: 14320K->512K(15872K)] 31000K->17192K(51712K), 0.0005070 secs] [Times: user=0.00 sys=0.00, real=0.00 secs] 
177.548: Total time for which application threads were stopped: 0.0006460 seconds, Stopping threads took: 0.0000640 seconds
177.619: Application time: 0.0712950 seconds
177.619: [GC [PSYoungGen: 14336K->544K(15872K)] 31016K->17224K(51712K), 0.0005230 secs] [Times: user=0.00 sys=0.00, real=0.00 secs] 
177.620: Total time for which application threads were stopped: 0.0006630 seconds, Stopping threads took: 0.0000570 seconds
177.693: Application time: 0.0735950 seconds
177.693: [GC [PSYoungGen: 14368K->512K(15872K)] 31048K->17192K(51712K), 0.0005390 secs] [Times: user=0.00 sys=0.00, real=0.00 secs] 
177.694: Total time for which application threads were stopped: 0.0006730 seconds, Stopping threads took: 0.0000560 seconds
177.769: Application time: 0.0745720 seconds
177.769: [GC [PSYoungGen: 14336K->512K(15872K)] 31016K->17192K(51712K), 0.0004730 secs] [Times: user=0.00 sys=0.00, real=0.00 secs] 
177.769: Total time for which application threads were stopped: 0.0005980 seconds, Stopping threads took: 0.0000530 seconds
177.843: Application time: 0.0739540 seconds
177.843: [GC [PSYoungGen: 14336K->528K(15872K)] 31016K->17208K(51712K), 0.0005280 secs] [Times: user=0.00 sys=0.00, real=0.00 secs] 
177.844: Total time for which application threads were stopped: 0.0006600 seconds, Stopping threads took: 0.0000540 seconds
177.918: Application time: 0.0739320 seconds
177.918: [GC [PSYoungGen: 14352K->496K(15872K)] 31032K->17184K(51712K), 0.0004990 secs] [Times: user=0.01 sys=0.00, real=0.00 secs] 
177.918: Total time for which application threads were stopped: 0.0006420 seconds, Stopping threads took: 0.0000610 seconds
177.992: Application time: 0.0731640 seconds
177.992: [GC [PSYoungGen: 14320K->512K(15872K)] 31008K->17232K(51712K), 0.0005110 secs] [Times: user=0.00 sys=0.00, real=0.00 secs] 
177.992: Total time for which application threads were stopped: 0.0006470 seconds, Stopping threads took: 0.0000620 seconds
178.067: Application time: 0.0744390 seconds
178.067: [GC [PSYoungGen: 14336K->496K(15872K)] 31056K->17216K(51712K), 0.0005670 secs] [Times: user=0.00 sys=0.00, real=0.00 secs] 
178.067: Total time for which application threads were stopped: 0.0007040 seconds, Stopping threads took: 0.0000600 seconds
178.141: Application time: 0.0735870 seconds
178.141: [GC [PSYoungGen: 14320K->528K(15872K)] 31040K->17256K(51712K), 0.0005010 secs] [Times: user=0.00 sys=0.00, real=0.00 secs] 
178.142: Total time for which application threads were stopped: 0.0006440 seconds, Stopping threads took: 0.0000550 seconds
178.216: Application time: 0.0742820 seconds
178.216: [GC [PSYoungGen: 14352K->512K(15872K)] 31080K->17240K(51712K), 0.0005430 secs] [Times: user=0.00 sys=0.00, real=0.00 secs] 
178.217: Total time for which application threads were stopped: 0.0006750 seconds, Stopping threads took: 0.0000530 seconds
178.291: Application time: 0.0745530 seconds
178.291: [GC [PSYoungGen: 14336K->448K(15872K)] 31064K->17176K(51712K), 0.0005210 secs] [Times: user=0.01 sys=0.00, real=0.00 secs] 
178.292: Total time for which application threads were stopped: 0.0006500 seconds, Stopping threads took: 0.0000530 seconds
178.363: Application time: 0.0717160 seconds
178.364: [GC [PSYoungGen: 14272K->528K(15872K)] 31000K->17256K(51712K), 0.0005250 secs] [Times: user=0.01 sys=0.00, real=0.00 secs] 
178.364: Total time for which application threads were stopped: 0.0006650 seconds, Stopping threads took: 0.0000630 seconds
178.437: Application time: 0.0730530 seconds
178.437: [GC [PSYoungGen: 14352K->464K(15872K)] 31080K->17192K(51712K), 0.0005980 secs] [Times: user=0.00 sys=0.00, real=0.00 secs] 
178.438: Total time for which application threads were stopped: 0.0007280 seconds, Stopping threads took: 0.0000560 seconds
178.511: Application time: 0.0733110 seconds
178.511: [GC [PSYoungGen: 14288K->512K(15872K)] 31016K->17240K(51712K), 0.0005320 secs] [Times: user=0.00 sys=0.00, real=0.00 secs] 
178.512: Total time for which application threads were stopped: 0.0006630 seconds, Stopping threads took: 0.0000560 seconds
178.586: Application time: 0.0739010 seconds
178.586: [GC [PSYoungGen: 14336K->528K(15872K)] 31064K->17256K(51712K), 0.0005390 secs] [Times: user=0.00 sys=0.00, real=0.00 secs] 
178.586: Total time for which application threads were stopped: 0.0006650 seconds, Stopping threads took: 0.0000530 seconds
178.660: Application time: 0.0737750 seconds
178.660: [GC [PSYoungGen: 14352K->464K(15872K)] 31080K->17200K(51712K), 0.0005560 secs] [Times: user=0.01 sys=0.00, real=0.00 secs] 
178.661: Total time for which application threads were stopped: 0.0007030 seconds, Stopping threads took: 0.0000580 seconds
178.735: Application time: 0.0737090 seconds
178.735: [GC [PSYoungGen: 14288K->480K(15872K)] 31024K->17224K(51712K), 0.0005800 secs] [Times: user=0.00 sys=0.00, real=0.00 secs] 
178.735: Total time for which application threads were stopped: 0.0007160 seconds, Stopping threads took: 0.0000570 seconds
178.809: Application time: 0.0740440 seconds
178.810: [GC [PSYoungGen: 14304K->512K(15872K)] 31048K->17256K(51712K), 0.0005210 secs] [Times: user=0.00 sys=0.00, real=0.00 secs] 
178.810: Total time for which application threads were stopped: 0.0006500 seconds, Stopping threads took: 0.0000510 seconds
178.884: Application time: 0.0741870 seconds
178.885: [GC [PSYoungGen: 14336K->496K(15872K)] 31080K->17248K(51712K), 0.0005070 secs] [Times: user=0.00 sys=0.00, real=0.00 secs] 
178.886: Total time for which application threads were stopped: 0.0016600 seconds, Stopping threads took: 0.0010810 seconds
178.960: Application time: 0.0743640 seconds
178.960: [GC [PSYoungGen: 14320K->528K(15872K)] 31072K->17280K(51712K), 0.0005280 secs] [Times: user=0.00 sys=0.00, real=0.00 secs] 
178.961: Total time for which application threads were stopped: 0.0006760 seconds, Stopping threads took: 0.0000700 seconds
179.035: Application time: 0.0735610 seconds
179.035: [GC [PSYoungGen: 14352K->512K(15872K)] 31104K->17264K(51712K), 0.0005410 secs] [Times: user=0.00 sys=0.00, real=0.00 secs] 
179.035: Total time for which application threads were stopped: 0.0006760 seconds, Stopping threads took: 0.0000610 seconds
179.107: Application time: 0.0713440 seconds
179.107: [GC [PSYoungGen: 14336K->512K(15872K)] 31088K->17264K(51712K), 0.0005070 secs] [Times: user=0.00 sys=0.00, real=0.00 secs] 
179.107: Total time for which application threads were stopped: 0.0006430 seconds, Stopping threads took: 0.0000560 seconds
179.180: Application time: 0.0729400 seconds
179.180: [GC [PSYoungGen: 14336K->496K(15872K)] 31088K->17248K(51712K), 0.0005200 secs] [Times: user=0.01 sys=0.00, real=0.00 secs] 
179.181: Total time for which application threads were stopped: 0.0006640 seconds, Stopping threads took: 0.0000590 seconds
179.256: Application time: 0.0750320 seconds
179.256: [GC [PSYoungGen: 14320K->512K(15872K)] 31072K->17264K(51712K), 0.0004930 secs] [Times: user=0.00 sys=0.00, real=0.00 secs] 
179.256: Total time for which application threads were stopped: 0.0006150 seconds, Stopping threads took: 0.0000520 seconds
179.330: Application time: 0.0735750 seconds
179.330: [GC [PSYoungGen: 14336K->528K(15872K)] 31088K->17280K(51712K), 0.0004910 secs] [Times: user=0.00 sys=0.00, real=0.00 secs] 
179.331: Total time for which application threads were stopped: 0.0006150 seconds, Stopping threads took: 0.0000520 seconds
179.405: Application time: 0.0741300 seconds
179.405: [GC [PSYoungGen: 14352K->512K(15872K)] 31104K->17264K(51712K), 0.0005340 secs] [Times: user=0.00 sys=0.00, real=0.01 secs] 
179.405: Total time for which application threads were stopped: 0.0006650 seconds, Stopping threads took: 0.0000550 seconds
179.479: Application time: 0.0732810 seconds
179.479: [GC [PSYoungGen: 14336K->544K(15872K)] 31088K->17304K(51712K), 0.0004920 secs] [Times: user=0.00 sys=0.00, real=0.00 secs] 
179.479: Total time for which application threads were stopped: 0.0006190 seconds, Stopping threads took: 0.0000530 seconds
179.554: Application time: 0.0743100 seconds
179.554: [GC [PSYoungGen: 14368K->496K(15872K)] 31128K->17264K(51712K), 0.0005330 secs] [Times: user=0.00 sys=0.00, real=0.00 secs] 
179.554: Total time for which application threads were stopped: 0.0006600 seconds, Stopping threads took: 0.0000520 seconds
179.628: Application time: 0.0739980 seconds
179.628: [GC [PSYoungGen: 14320K->496K(15872K)] 31088K->17272K(51712K), 0.0005060 secs] [Times: user=0.00 sys=0.00, real=0.00 secs] 
179.629: Total time for which application threads were stopped: 0.0006460 seconds, Stopping threads took: 0.0000640 seconds
179.703: Application time: 0.0741750 seconds
179.703: [GC [PSYoungGen: 14320K->480K(15872K)] 31096K->17256K(51712K), 0.0005870 secs] [Times: user=0.01 sys=0.00, real=0.00 secs] 
179.704: Total time for which application threads were stopped: 0.0007270 seconds, Stopping threads took: 0.0000520 seconds
179.778: Application time: 0.0737370 seconds
179.778: [GC [PSYoungGen: 14304K->448K(15872K)] 31080K->17224K(51712K), 0.0005430 secs] [Times: user=0.00 sys=0.00, real=0.00 secs] 
179.778: Total time for which application threads were stopped: 0.0006710 seconds, Stopping threads took: 0.0000550 seconds
179.850: Application time: 0.0718220 seconds
179.850: [GC [PSYoungGen: 14272K->480K(15872K)] 31048K->17256K(51712K), 0.0005350 secs] [Times: user=0.00 sys=0.00, real=0.00 secs] 
179.851: Total time for which application threads were stopped: 0.0006670 seconds, Stopping threads took: 0.0000570 seconds
179.923: Application time: 0.0725210 seconds
179.923: [GC [PSYoungGen: 14304K->528K(15872K)] 31080K->17304K(51712K), 0.0005080 secs] [Times: user=0.00 sys=0.00, real=0.00 secs] 
179.924: Total time for which application threads were stopped: 0.0006500 seconds, Stopping threads took: 0.0000560 seconds
179.997: Application time: 0.0734330 seconds
179.997: [GC [PSYoungGen: 14352K->480K(15872K)] 31128K->17256K(51712K), 0.0005020 secs] [Times: user=0.00 sys=0.00, real=0.00 secs] 
179.998: Total time for which application threads were stopped: 0.0006280 seconds, Stopping threads took: 0.0000500 seconds
180.072: Application time: 0.0740590 seconds
180.072: [GC [PSYoungGen: 14304K->528K(15872K)] 31080K->17304K(51712K), 0.0005100 secs] [Times: user=0.00 sys=0.00, real=0.00 secs] 
180.073: Total time for which application threads were stopped: 0.0006320 seconds, Stopping threads took: 0.0000490 seconds
180.147: Application time: 0.0740130 seconds
180.147: [GC [PSYoungGen: 14352K->464K(15872K)] 31128K->17240K(51712K), 0.0006030 secs] [Times: user=0.00 sys=0.00, real=0.00 secs] 
180.147: Total time for which application threads were stopped: 0.0007370 seconds, Stopping threads took: 0.0000590 seconds
180.221: Application time: 0.0736510 seconds
180.221: [GC [PSYoungGen: 14288K->496K(15872K)] 31064K->17280K(51712K), 0.0005770 secs] [Times: user=0.00 sys=0.00, real=0.00 secs] 
180.222: Total time for which application threads were stopped: 0.0007210 seconds, Stopping threads took: 0.0000560 seconds
180.296: Application time: 0.0739650 seconds
180.296: [GC [PSYoungGen: 14320K->512K(15872K)] 31104K->17304K(51712K), 0.0006000 secs] [Times: user=0.00 sys=0.00, real=0.00 secs] 
180.297: Total time for which application threads were stopped: 0.0007340 seconds, Stopping threads took: 0.0000540 seconds
180.370: Application time: 0.0739530 seconds
180.371: [GC [PSYoungGen: 14336K->528K(15872K)] 31128K->17328K(51712K), 0.0005000 secs] [Times: user=0.00 sys=0.00, real=0.00 secs] 
180.371: Total time for which application threads were stopped: 0.0006390 seconds, Stopping threads took: 0.0000640 seconds
180.445: Application time: 0.0741440 seconds
180.445: [GC [PSYoungGen: 14352K->496K(15872K)] 31152K->17296K(51712K), 0.0005610 secs] [Times: user=0.00 sys=0.00, real=0.00 secs] 
180.446: Total time for which application threads were stopped: 0.0006990 seconds, Stopping threads took: 0.0000610 seconds
180.521: Application time: 0.0749320 seconds
180.521: [GC [PSYoungGen: 14320K->576K(15872K)] 31120K->17376K(51712K), 0.0005630 secs] [Times: user=0.00 sys=0.00, real=0.00 secs] 
180.522: Total time for which application threads were stopped: 0.0007020 seconds, Stopping threads took: 0.0000620 seconds
180.594: Application time: 0.0723350 seconds
180.594: [GC [PSYoungGen: 14400K->512K(15872K)] 31200K->17312K(51712K), 0.0005190 secs] [Times: user=0.00 sys=0.00, real=0.00 secs] 
180.595: Total time for which application threads were stopped: 0.0006580 seconds, Stopping threads took: 0.0000650 seconds
180.667: Application time: 0.0721920 seconds
180.667: [GC [PSYoungGen: 14336K->480K(15872K)] 31136K->17280K(51712K), 0.0005040 secs] [Times: user=0.00 sys=0.00, real=0.00 secs] 
180.667: Total time for which application threads were stopped: 0.0006250 seconds, Stopping threads took: 0.0000460 seconds
180.742: Application time: 0.0741460 seconds
180.742: [GC [PSYoungGen: 14304K->480K(15872K)] 31104K->17280K(51712K), 0.0005160 secs] [Times: user=0.01 sys=0.00, real=0.00 secs] 
180.742: Total time for which application threads were stopped: 0.0006540 seconds, Stopping threads took: 0.0000570 seconds
180.817: Application time: 0.0748440 seconds
180.817: [GC [PSYoungGen: 14304K->496K(15872K)] 31104K->17296K(51712K), 0.0005470 secs] [Times: user=0.00 sys=0.00, real=0.00 secs] 
180.818: Total time for which application threads were stopped: 0.0006840 seconds, Stopping threads took: 0.0000540 seconds
180.892: Application time: 0.0741160 seconds
180.892: [GC [PSYoungGen: 14320K->544K(15872K)] 31120K->17344K(51712K), 0.0004900 secs] [Times: user=0.00 sys=0.00, real=0.00 secs] 
180.892: Total time for which application threads were stopped: 0.0006200 seconds, Stopping threads took: 0.0000550 seconds
180.966: Application time: 0.0739420 seconds
180.967: [GC [PSYoungGen: 14368K->496K(15872K)] 31168K->17304K(51712K), 0.0005030 secs] [Times: user=0.00 sys=0.00, real=0.00 secs] 
180.967: Total time for which application threads were stopped: 0.0006340 seconds, Stopping threads took: 0.0000580 seconds
181.041: Application time: 0.0737400 seconds
181.041: [GC [PSYoungGen: 14320K->496K(15872K)] 31128K->17312K(51712K), 0.0004920 secs] [Times: user=0.00 sys=0.00, real=0.00 secs] 
181.041: Total time for which application threads were stopped: 0.0006170 seconds, Stopping threads took: 0.0000540 seconds
181.115: Application time: 0.0736380 seconds
181.115: [GC [PSYoungGen: 14320K->512K(15872K)] 31136K->17336K(51712K), 0.0005290 secs] [Times: user=0.00 sys=0.00, real=0.00 secs] 
181.116: Total time for which application threads were stopped: 0.0006560 seconds, Stopping threads took: 0.0000530 seconds
181.190: Application time: 0.0742960 seconds
181.190: [GC [PSYoungGen: 14336K->512K(15872K)] 31160K->17336K(51712K), 0.0004980 secs] [Times: user=0.01 sys=0.00, real=0.00 secs] 
181.191: Total time for which application threads were stopped: 0.0006240 seconds, Stopping threads took: 0.0000490 seconds
181.265: Application time: 0.0740860 seconds
181.265: [GC [PSYoungGen: 14336K->512K(15872K)] 31160K->17336K(51712K), 0.0005650 secs] [Times: user=0.00 sys=0.00, real=0.01 secs] 
181.265: Total time for which application threads were stopped: 0.0007000 seconds, Stopping threads took: 0.0000550 seconds
181.339: Application time: 0.0732860 seconds
181.339: [GC [PSYoungGen: 14336K->480K(15872K)] 31160K->17304K(51712K), 0.0004920 secs] [Times: user=0.00 sys=0.00, real=0.00 secs] 
181.339: Total time for which application threads were stopped: 0.0006330 seconds, Stopping threads took: 0.0000640 seconds
181.411: Application time: 0.0713440 seconds
181.411: [GC [PSYoungGen: 14304K->496K(15872K)] 31128K->17320K(51712K), 0.0005300 secs] [Times: user=0.00 sys=0.00, real=0.00 secs] 
181.411: Total time for which application threads were stopped: 0.0006520 seconds, Stopping threads took: 0.0000480 seconds
181.486: Application time: 0.0742360 seconds
181.486: [GC [PSYoungGen: 14320K->496K(15872K)] 31144K->17320K(51712K), 0.0004960 secs] [Times: user=0.00 sys=0.00, real=0.00 secs] 
181.486: Total time for which application threads were stopped: 0.0006180 seconds, Stopping threads took: 0.0000510 seconds
181.559: Application time: 0.0732540 seconds
181.560: [GC [PSYoungGen: 14320K->512K(15872K)] 31144K->17336K(51712K), 0.0005060 secs] [Times: user=0.00 sys=0.00, real=0.00 secs] 
181.560: Total time for which application threads were stopped: 0.0006410 seconds, Stopping threads took: 0.0000630 seconds
181.634: Application time: 0.0737320 seconds
181.634: [GC [PSYoungGen: 14336K->496K(15872K)] 31160K->17320K(51712K), 0.0005150 secs] [Times: user=0.00 sys=0.00, real=0.00 secs] 
181.634: Total time for which application threads were stopped: 0.0006490 seconds, Stopping threads took: 0.0000600 seconds
181.709: Application time: 0.0742950 seconds
181.709: [GC [PSYoungGen: 14320K->544K(15872K)] 31144K->17376K(51712K), 0.0005170 secs] [Times: user=0.00 sys=0.00, real=0.00 secs] 
181.709: Total time for which application threads were stopped: 0.0006450 seconds, Stopping threads took: 0.0000560 seconds
181.783: Application time: 0.0732820 seconds
181.783: [GC [PSYoungGen: 14368K->512K(15872K)] 31200K->17352K(51712K), 0.0005110 secs] [Times: user=0.01 sys=0.00, real=0.00 secs] 
181.783: Total time for which application threads were stopped: 0.0006590 seconds, Stopping threads took: 0.0000630 seconds
181.858: Application time: 0.0741950 seconds
181.858: [GC [PSYoungGen: 14336K->544K(15872K)] 31176K->17384K(51712K), 0.0005830 secs] [Times: user=0.00 sys=0.00, real=0.00 secs] 
181.858: Total time for which application threads were stopped: 0.0007140 seconds, Stopping threads took: 0.0000530 seconds
181.932: Application time: 0.0737900 seconds
181.932: [GC [PSYoungGen: 14368K->496K(15872K)] 31208K->17344K(51712K), 0.0005270 secs] [Times: user=0.00 sys=0.00, real=0.00 secs] 
181.933: Total time for which application threads were stopped: 0.0006690 seconds, Stopping threads took: 0.0000570 seconds
182.007: Application time: 0.0737550 seconds
182.007: [GC [PSYoungGen: 14320K->496K(15872K)] 31168K->17344K(51712K), 0.0005250 secs] [Times: user=0.00 sys=0.00, real=0.00 secs] 
182.007: Total time for which application threads were stopped: 0.0006580 seconds, Stopping threads took: 0.0000580 seconds
182.082: Application time: 0.0744020 seconds
182.082: [GC [PSYoungGen: 14320K->496K(15872K)] 31168K->17344K(51712K), 0.0005310 secs] [Times: user=0.01 sys=0.00, real=0.00 secs] 
182.082: Total time for which application threads were stopped: 0.0006590 seconds, Stopping threads took: 0.0000550 seconds
182.153: Application time: 0.0705260 seconds
182.153: [GC [PSYoungGen: 14320K->512K(15872K)] 31168K->17360K(51712K), 0.0004830 secs] [Times: user=0.00 sys=0.00, real=0.01 secs] 
182.153: Total time for which application threads were stopped: 0.0006170 seconds, Stopping threads took: 0.0000570 seconds
182.227: Application time: 0.0739700 seconds
182.227: [GC [PSYoungGen: 14336K->512K(15872K)] 31184K->17360K(51712K), 0.0005320 secs] [Times: user=0.01 sys=0.00, real=0.00 secs] 
182.228: Total time for which application threads were stopped: 0.0006690 seconds, Stopping threads took: 0.0000620 seconds
182.303: Application time: 0.0746730 seconds
182.303: [GC [PSYoungGen: 14336K->512K(15872K)] 31184K->17360K(51712K), 0.0004970 secs] [Times: user=0.01 sys=0.00, real=0.00 secs] 
182.303: Total time for which application threads were stopped: 0.0006470 seconds, Stopping threads took: 0.0000680 seconds
182.377: Application time: 0.0738890 seconds
182.377: [GC [PSYoungGen: 14336K->512K(15872K)] 31184K->17360K(51712K), 0.0005020 secs] [Times: user=0.00 sys=0.00, real=0.00 secs] 
182.378: Total time for which application threads were stopped: 0.0006340 seconds, Stopping threads took: 0.0000560 seconds
182.452: Application time: 0.0744040 seconds
182.452: [GC [PSYoungGen: 14336K->496K(15872K)] 31184K->17360K(51712K), 0.0005330 secs] [Times: user=0.00 sys=0.00, real=0.00 secs] 
182.453: Total time for which application threads were stopped: 0.0006750 seconds, Stopping threads took: 0.0000620 seconds
182.526: Application time: 0.0732930 seconds
182.526: [GC [PSYoungGen: 14320K->528K(15872K)] 31184K->17416K(51712K), 0.0005130 secs] [Times: user=0.00 sys=0.00, real=0.00 secs] 
182.527: Total time for which application threads were stopped: 0.0006450 seconds, Stopping threads took: 0.0000590 seconds
182.601: Application time: 0.0743900 seconds
182.601: [GC [PSYoungGen: 14352K->496K(15872K)] 31240K->17384K(51712K), 0.0004880 secs] [Times: user=0.00 sys=0.00, real=0.00 secs] 
182.602: Total time for which application threads were stopped: 0.0006150 seconds, Stopping threads took: 0.0000550 seconds
182.676: Application time: 0.0738730 seconds
182.676: [GC [PSYoungGen: 14320K->528K(15872K)] 31208K->17424K(51712K), 0.0005590 secs] [Times: user=0.00 sys=0.00, real=0.00 secs] 
182.676: Total time for which application threads were stopped: 0.0006920 seconds, Stopping threads took: 0.0000600 seconds
182.750: Application time: 0.0738040 seconds
182.750: [GC [PSYoungGen: 14352K->496K(15872K)] 31248K->17392K(51712K), 0.0005330 secs] [Times: user=0.00 sys=0.00, real=0.00 secs] 
182.751: Total time for which application threads were stopped: 0.0006620 seconds, Stopping threads took: 0.0000570 seconds
182.825: Application time: 0.0740810 seconds
182.825: [GC [PSYoungGen: 14320K->496K(15872K)] 31216K->17392K(51712K), 0.0005430 secs] [Times: user=0.00 sys=0.00, real=0.01 secs] 
182.826: Total time for which application threads were stopped: 0.0006890 seconds, Stopping threads took: 0.0000610 seconds
182.897: Application time: 0.0708480 seconds
182.897: [GC [PSYoungGen: 14320K->544K(15872K)] 31216K->17440K(51712K), 0.0005030 secs] [Times: user=0.00 sys=0.00, real=0.00 secs] 
182.897: Total time for which application threads were stopped: 0.0006380 seconds, Stopping threads took: 0.0000590 seconds
182.971: Application time: 0.0733860 seconds
182.971: [GC [PSYoungGen: 14368K->496K(15872K)] 31264K->17392K(51712K), 0.0005330 secs] [Times: user=0.00 sys=0.00, real=0.00 secs] 
182.971: Total time for which application threads were stopped: 0.0006680 seconds, Stopping threads took: 0.0000550 seconds
183.045: Application time: 0.0733260 seconds
183.045: [GC [PSYoungGen: 14320K->544K(15872K)] 31216K->17440K(51712K), 0.0005480 secs] [Times: user=0.00 sys=0.00, real=0.00 secs] 
183.045: Total time for which application threads were stopped: 0.0006800 seconds, Stopping threads took: 0.0000550 seconds
183.120: Application time: 0.0742570 seconds
183.120: [GC [PSYoungGen: 14368K->480K(15872K)] 31264K->17376K(51712K), 0.0005300 secs] [Times: user=0.00 sys=0.00, real=0.00 secs] 
183.120: Total time for which application threads were stopped: 0.0006660 seconds, Stopping threads took: 0.0000560 seconds
183.195: Application time: 0.0744640 seconds
183.195: [GC [PSYoungGen: 14304K->480K(15872K)] 31200K->17376K(51712K), 0.0005500 secs] [Times: user=0.00 sys=0.00, real=0.00 secs] 
183.195: Total time for which application threads were stopped: 0.0006890 seconds, Stopping threads took: 0.0000620 seconds
183.269: Application time: 0.0736260 seconds
183.269: [GC [PSYoungGen: 14304K->496K(15872K)] 31200K->17400K(51712K), 0.0005110 secs] [Times: user=0.01 sys=0.00, real=0.00 secs] 
183.270: Total time for which application threads were stopped: 0.0006380 seconds, Stopping threads took: 0.0000530 seconds
183.343: Application time: 0.0738340 seconds
183.344: [GC [PSYoungGen: 14320K->496K(15872K)] 31224K->17400K(51712K), 0.0004880 secs] [Times: user=0.01 sys=0.00, real=0.00 secs] 
183.344: Total time for which application threads were stopped: 0.0006320 seconds, Stopping threads took: 0.0000580 seconds
183.418: Application time: 0.0737010 seconds
183.418: [GC [PSYoungGen: 14320K->512K(15872K)] 31224K->17424K(51712K), 0.0005350 secs] [Times: user=0.00 sys=0.00, real=0.00 secs] 
183.418: Total time for which application threads were stopped: 0.0006720 seconds, Stopping threads took: 0.0000620 seconds
183.492: Application time: 0.0739620 seconds
183.493: [GC [PSYoungGen: 14336K->512K(15872K)] 31248K->17424K(51712K), 0.0005310 secs] [Times: user=0.00 sys=0.00, real=0.00 secs] 
183.493: Total time for which application threads were stopped: 0.0006600 seconds, Stopping threads took: 0.0000550 seconds
183.567: Application time: 0.0738630 seconds
183.567: [GC [PSYoungGen: 14336K->496K(15872K)] 31248K->17408K(51712K), 0.0005070 secs] [Times: user=0.00 sys=0.00, real=0.00 secs] 
183.568: Total time for which application threads were stopped: 0.0006280 seconds, Stopping threads took: 0.0000490 seconds
183.639: Application time: 0.0717180 seconds
183.639: [GC [PSYoungGen: 14320K->496K(15872K)] 31232K->17408K(51712K), 0.0004900 secs] [Times: user=0.00 sys=0.00, real=0.00 secs] 
183.640: Total time for which application threads were stopped: 0.0006230 seconds, Stopping threads took: 0.0000590 seconds
183.712: Application time: 0.0724030 seconds
183.712: [GC [PSYoungGen: 14320K->480K(15872K)] 31232K->17392K(51712K), 0.0005640 secs] [Times: user=0.00 sys=0.00, real=0.00 secs] 
183.713: Total time for which application threads were stopped: 0.0006900 seconds, Stopping threads took: 0.0000510 seconds
183.788: Application time: 0.0752500 seconds
183.788: [GC [PSYoungGen: 14304K->544K(15872K)] 31216K->17456K(51712K), 0.0005070 secs] [Times: user=0.01 sys=0.00, real=0.00 secs] 
183.789: Total time for which application threads were stopped: 0.0006320 seconds, Stopping threads took: 0.0000560 seconds
183.862: Application time: 0.0735810 seconds
183.863: [GC [PSYoungGen: 14368K->480K(15872K)] 31280K->17392K(51712K), 0.0005340 secs] [Times: user=0.01 sys=0.00, real=0.00 secs] 
183.863: Total time for which application threads were stopped: 0.0006740 seconds, Stopping threads took: 0.0000590 seconds
183.937: Application time: 0.0740290 seconds
183.937: [GC [PSYoungGen: 14304K->480K(15872K)] 31216K->17392K(51712K), 0.0005300 secs] [Times: user=0.01 sys=0.00, real=0.00 secs] 
183.938: Total time for which application threads were stopped: 0.0006650 seconds, Stopping threads took: 0.0000560 seconds
184.012: Application time: 0.0736820 seconds
184.012: [GC [PSYoungGen: 14304K->512K(15872K)] 31216K->17432K(51712K), 0.0005360 secs] [Times: user=0.00 sys=0.00, real=0.00 secs] 
184.012: Total time for which application threads were stopped: 0.0006710 seconds, Stopping threads took: 0.0000560 seconds
184.086: Application time: 0.0737550 seconds
184.086: [GC [PSYoungGen: 14336K->496K(15872K)] 31256K->17440K(51712K), 0.0005280 secs] [Times: user=0.00 sys=0.00, real=0.00 secs] 
184.087: Total time for which application threads were stopped: 0.0006670 seconds, Stopping threads took: 0.0000610 seconds
184.160: Application time: 0.0738340 seconds
184.161: [GC [PSYoungGen: 14320K->512K(15872K)] 31264K->17464K(51712K), 0.0005350 secs] [Times: user=0.00 sys=0.00, real=0.00 secs] 
184.161: Total time for which application threads were stopped: 0.0006730 seconds, Stopping threads took: 0.0000620 seconds
184.235: Application time: 0.0741700 seconds
184.235: [GC [PSYoungGen: 14336K->512K(15872K)] 31288K->17464K(51712K), 0.0005180 secs] [Times: user=0.01 sys=0.00, real=0.00 secs] 
184.236: Total time for which application threads were stopped: 0.0006470 seconds, Stopping threads took: 0.0000510 seconds
184.310: Application time: 0.0744650 seconds
184.311: [GC [PSYoungGen: 14336K->512K(15872K)] 31288K->17464K(51712K), 0.0005140 secs] [Times: user=0.00 sys=0.00, real=0.00 secs] 
184.311: Total time for which application threads were stopped: 0.0006490 seconds, Stopping threads took: 0.0000620 seconds
184.383: Application time: 0.0720340 seconds
184.383: [GC [PSYoungGen: 14336K->512K(15872K)] 31288K->17464K(51712K), 0.0005430 secs] [Times: user=0.00 sys=0.00, real=0.00 secs] 
184.384: Total time for which application threads were stopped: 0.0006740 seconds, Stopping threads took: 0.0000470 seconds
184.456: Application time: 0.0722560 seconds
184.456: [GC [PSYoungGen: 14336K->512K(15872K)] 31288K->17464K(51712K), 0.0005050 secs] [Times: user=0.00 sys=0.00, real=0.00 secs] 
184.457: Total time for which application threads were stopped: 0.0006360 seconds, Stopping threads took: 0.0000550 seconds
184.531: Application time: 0.0739830 seconds
184.531: [GC [PSYoungGen: 14336K->512K(15872K)] 31288K->17464K(51712K), 0.0005310 secs] [Times: user=0.00 sys=0.00, real=0.00 secs] 
184.531: Total time for which application threads were stopped: 0.0006720 seconds, Stopping threads took: 0.0000640 seconds
184.605: Application time: 0.0738550 seconds
184.605: [GC [PSYoungGen: 14336K->496K(15872K)] 31288K->17448K(51712K), 0.0005000 secs] [Times: user=0.00 sys=0.00, real=0.00 secs] 
184.606: Total time for which application threads were stopped: 0.0006420 seconds, Stopping threads took: 0.0000630 seconds
184.680: Application time: 0.0743030 seconds
184.680: [GC [PSYoungGen: 14320K->512K(15872K)] 31272K->17464K(51712K), 0.0004890 secs] [Times: user=0.00 sys=0.00, real=0.00 secs] 
184.681: Total time for which application threads were stopped: 0.0006170 seconds, Stopping threads took: 0.0000550 seconds
184.754: Application time: 0.0733140 seconds
184.754: [GC [PSYoungGen: 14336K->512K(15872K)] 31288K->17488K(51712K), 0.0005030 secs] [Times: user=0.01 sys=0.00, real=0.00 secs] 
184.755: Total time for which application threads were stopped: 0.0006310 seconds, Stopping threads took: 0.0000550 seconds
184.828: Application time: 0.0737180 seconds
184.829: [GC [PSYoungGen: 14336K->560K(15872K)] 31312K->17544K(51712K), 0.0004940 secs] [Times: user=0.00 sys=0.00, real=0.00 secs] 
184.829: Total time for which application threads were stopped: 0.0006210 seconds, Stopping threads took: 0.0000540 seconds
184.903: Application time: 0.0738960 seconds
184.903: [GC [PSYoungGen: 14384K->464K(15872K)] 31368K->17448K(51712K), 0.0004920 secs] [Times: user=0.00 sys=0.00, real=0.00 secs] 
184.904: Total time for which application threads were stopped: 0.0006500 seconds, Stopping threads took: 0.0000770 seconds
184.978: Application time: 0.0740440 seconds
184.978: [GC [PSYoungGen: 14288K->464K(15872K)] 31272K->17456K(51712K), 0.0005700 secs] [Times: user=0.00 sys=0.00, real=0.00 secs] 
184.978: Total time for which application threads were stopped: 0.0007080 seconds, Stopping threads took: 0.0000510 seconds
185.053: Application time: 0.0742160 seconds
185.053: [GC [PSYoungGen: 14288K->512K(15872K)] 31280K->17504K(51712K), 0.0005240 secs] [Times: user=0.01 sys=0.00, real=0.00 secs] 
185.053: Total time for which application threads were stopped: 0.0006530 seconds, Stopping threads took: 0.0000570 seconds
185.125: Application time: 0.0721600 seconds
185.126: [GC [PSYoungGen: 14336K->480K(15872K)] 31328K->17472K(51712K), 0.0005130 secs] [Times: user=0.00 sys=0.00, real=0.00 secs] 
185.126: Total time for which application threads were stopped: 0.0006480 seconds, Stopping threads took: 0.0000590 seconds
185.198: Application time: 0.0720790 seconds
185.198: [GC [PSYoungGen: 14304K->480K(15872K)] 31296K->17472K(51712K), 0.0005510 secs] [Times: user=0.00 sys=0.00, real=0.00 secs] 
185.199: Total time for which application threads were stopped: 0.0006890 seconds, Stopping threads took: 0.0000630 seconds
185.273: Application time: 0.0739380 seconds
185.273: [GC [PSYoungGen: 14304K->512K(15872K)] 31296K->17504K(51712K), 0.0004920 secs] [Times: user=0.01 sys=0.00, real=0.01 secs] 
185.273: Total time for which application threads were stopped: 0.0006160 seconds, Stopping threads took: 0.0000500 seconds
185.348: Application time: 0.0747330 seconds
185.348: [GC [PSYoungGen: 14336K->528K(15872K)] 31328K->17520K(51712K), 0.0005580 secs] [Times: user=0.01 sys=0.00, real=0.00 secs] 
185.349: Total time for which application threads were stopped: 0.0006930 seconds, Stopping threads took: 0.0000600 seconds
185.423: Application time: 0.0740600 seconds
185.423: [GC [PSYoungGen: 14352K->480K(15872K)] 31344K->17472K(51712K), 0.0005180 secs] [Times: user=0.00 sys=0.00, real=0.00 secs] 
185.424: Total time for which application threads were stopped: 0.0006600 seconds, Stopping threads took: 0.0000510 seconds
185.498: Application time: 0.0741040 seconds
185.498: [GC [PSYoungGen: 14304K->528K(15872K)] 31296K->17528K(51712K), 0.0005310 secs] [Times: user=0.01 sys=0.00, real=0.00 secs] 
185.498: Total time for which application threads were stopped: 0.0006610 seconds, Stopping threads took: 0.0000550 seconds
185.572: Application time: 0.0734240 seconds
185.572: [GC [PSYoungGen: 14352K->512K(15872K)] 31352K->17520K(51712K), 0.0005360 secs] [Times: user=0.00 sys=0.00, real=0.00 secs] 
185.572: Total time for which application threads were stopped: 0.0006610 seconds, Stopping threads took: 0.0000520 seconds
185.647: Application time: 0.0742990 seconds
185.647: [GC [PSYoungGen: 14336K->464K(15872K)] 31344K->17472K(51712K), 0.0005460 secs] [Times: user=0.01 sys=0.00, real=0.00 secs] 
185.647: Total time for which application threads were stopped: 0.0006750 seconds, Stopping threads took: 0.0000530 seconds
185.721: Application time: 0.0733650 seconds
185.721: [GC [PSYoungGen: 14288K->528K(15872K)] 31296K->17544K(51712K), 0.0005330 secs] [Times: user=0.00 sys=0.00, real=0.00 secs] 
185.721: Total time for which application threads were stopped: 0.0006730 seconds, Stopping threads took: 0.0000640 seconds
185.796: Application time: 0.0744140 seconds
185.796: [GC [PSYoungGen: 14352K->512K(15872K)] 31368K->17528K(51712K), 0.0006050 secs] [Times: user=0.00 sys=0.00, real=0.00 secs] 
185.797: Total time for which application threads were stopped: 0.0007390 seconds, Stopping threads took: 0.0000600 seconds
185.871: Application time: 0.0739930 seconds
185.871: [GC [PSYoungGen: 14336K->496K(15872K)] 31352K->17512K(51712K), 0.0005090 secs] [Times: user=0.00 sys=0.00, real=0.00 secs] 
185.871: Total time for which application threads were stopped: 0.0006480 seconds, Stopping threads took: 0.0000610 seconds
185.942: Application time: 0.0707370 seconds
185.942: [GC [PSYoungGen: 14320K->496K(15872K)] 31336K->17512K(51712K), 0.0004810 secs] [Times: user=0.00 sys=0.00, real=0.00 secs] 
185.943: Total time for which application threads were stopped: 0.0006170 seconds, Stopping threads took: 0.0000530 seconds
186.016: Application time: 0.0735170 seconds
186.016: [GC [PSYoungGen: 14320K->512K(15872K)] 31336K->17528K(51712K), 0.0005250 secs] [Times: user=0.01 sys=0.00, real=0.00 secs] 
186.017: Total time for which application threads were stopped: 0.0006620 seconds, Stopping threads took: 0.0000580 seconds
186.090: Application time: 0.0734330 seconds
186.093: [GC [PSYoungGen: 14336K->480K(15872K)] 31352K->17496K(51712K), 0.0005250 secs] [Times: user=0.00 sys=0.00, real=0.00 secs] 
186.094: Total time for which application threads were stopped: 0.0037610 seconds, Stopping threads took: 0.0031620 seconds
186.168: Application time: 0.0739870 seconds
186.168: [GC [PSYoungGen: 14304K->496K(15872K)] 31320K->17512K(51712K), 0.0005140 secs] [Times: user=0.00 sys=0.00, real=0.00 secs] 
186.169: Total time for which application threads were stopped: 0.0006660 seconds, Stopping threads took: 0.0000780 seconds
186.243: Application time: 0.0745720 seconds
186.244: [GC [PSYoungGen: 14320K->528K(15872K)] 31336K->17552K(51712K), 0.0005810 secs] [Times: user=0.01 sys=0.00, real=0.00 secs] 
186.244: Total time for which application threads were stopped: 0.0009590 seconds, Stopping threads took: 0.0003000 seconds
186.318: Application time: 0.0735090 seconds
186.318: [GC [PSYoungGen: 14352K->544K(15872K)] 31376K->17576K(51712K), 0.0005050 secs] [Times: user=0.01 sys=0.00, real=0.00 secs] 
186.318: Total time for which application threads were stopped: 0.0006380 seconds, Stopping threads took: 0.0000590 seconds
186.392: Application time: 0.0740680 seconds
186.392: [GC [PSYoungGen: 14368K->544K(15872K)] 31400K->17576K(51712K), 0.0005260 secs] [Times: user=0.00 sys=0.00, real=0.00 secs] 
186.393: Total time for which application threads were stopped: 0.0006570 seconds, Stopping threads took: 0.0000520 seconds
186.467: Application time: 0.0740790 seconds
186.467: [GC [PSYoungGen: 14368K->496K(15872K)] 31400K->17536K(51712K), 0.0005760 secs] [Times: user=0.01 sys=0.00, real=0.00 secs] 
186.468: Total time for which application threads were stopped: 0.0007050 seconds, Stopping threads took: 0.0000470 seconds
186.542: Application time: 0.0740870 seconds
186.542: [GC [PSYoungGen: 14320K->480K(15872K)] 31360K->17520K(51712K), 0.0005540 secs] [Times: user=0.00 sys=0.00, real=0.00 secs] 
186.543: Total time for which application threads were stopped: 0.0006830 seconds, Stopping threads took: 0.0000520 seconds
186.617: Application time: 0.0744030 seconds
186.617: [GC [PSYoungGen: 14304K->512K(15872K)] 31344K->17552K(51712K), 0.0005230 secs] [Times: user=0.00 sys=0.00, real=0.00 secs] 
186.618: Total time for which application threads were stopped: 0.0006760 seconds, Stopping threads took: 0.0000730 seconds
186.689: Application time: 0.0712850 seconds
186.689: [GC [PSYoungGen: 14336K->512K(15872K)] 31376K->17552K(51712K), 0.0005100 secs] [Times: user=0.00 sys=0.00, real=0.00 secs] 
186.690: Total time for which application threads were stopped: 0.0006570 seconds, Stopping threads took: 0.0000730 seconds
186.763: Application time: 0.0738220 seconds
186.764: [GC [PSYoungGen: 14336K->512K(15872K)] 31376K->17552K(51712K), 0.0006010 secs] [Times: user=0.00 sys=0.00, real=0.00 secs] 
186.764: Total time for which application threads were stopped: 0.0007450 seconds, Stopping threads took: 0.0000690 seconds
186.839: Application time: 0.0743740 seconds
186.839: [GC [PSYoungGen: 14336K->496K(15872K)] 31376K->17536K(51712K), 0.0005100 secs] [Times: user=0.00 sys=0.00, real=0.00 secs] 
186.839: Total time for which application threads were stopped: 0.0006400 seconds, Stopping threads took: 0.0000560 seconds
186.913: Application time: 0.0736130 seconds
186.913: [GC [PSYoungGen: 14320K->480K(15872K)] 31360K->17520K(51712K), 0.0005490 secs] [Times: user=0.01 sys=0.00, real=0.01 secs] 
186.915: Total time for which application threads were stopped: 0.0017340 seconds, Stopping threads took: 0.0000500 seconds
186.989: Application time: 0.0739920 seconds
186.989: [GC [PSYoungGen: 14304K->512K(15872K)] 31344K->17552K(51712K), 0.0005540 secs] [Times: user=0.00 sys=0.00, real=0.00 secs] 
186.989: Total time for which application threads were stopped: 0.0007130 seconds, Stopping threads took: 0.0000630 seconds
187.063: Application time: 0.0737140 seconds
187.063: [GC [PSYoungGen: 14336K->512K(15872K)] 31376K->17584K(51712K), 0.0005250 secs] [Times: user=0.01 sys=0.00, real=0.00 secs] 
187.064: Total time for which application threads were stopped: 0.0006660 seconds, Stopping threads took: 0.0000610 seconds
187.137: Application time: 0.0735690 seconds
187.137: [GC [PSYoungGen: 14336K->496K(15872K)] 31408K->17568K(51712K), 0.0005050 secs] [Times: user=0.00 sys=0.00, real=0.00 secs] 
187.138: Total time for which application threads were stopped: 0.0006380 seconds, Stopping threads took: 0.0000560 seconds
187.212: Application time: 0.0742050 seconds
187.212: [GC [PSYoungGen: 14320K->496K(15872K)] 31392K->17576K(51712K), 0.0005010 secs] [Times: user=0.00 sys=0.00, real=0.00 secs] 
187.213: Total time for which application threads were stopped: 0.0006360 seconds, Stopping threads took: 0.0000610 seconds
187.287: Application time: 0.0745730 seconds
187.287: [GC [PSYoungGen: 14320K->496K(15872K)] 31400K->17576K(51712K), 0.0005020 secs] [Times: user=0.01 sys=0.00, real=0.00 secs] 
187.288: Total time for which application threads were stopped: 0.0006410 seconds, Stopping threads took: 0.0000650 seconds
187.362: Application time: 0.0740260 seconds
187.362: [GC [PSYoungGen: 14320K->528K(15872K)] 31400K->17608K(51712K), 0.0005200 secs] [Times: user=0.00 sys=0.00, real=0.00 secs] 
187.363: Total time for which application threads were stopped: 0.0006460 seconds, Stopping threads took: 0.0000510 seconds
187.435: Application time: 0.0720430 seconds
187.437: [GC [PSYoungGen: 14352K->464K(15872K)] 31432K->17544K(51712K), 0.0005290 secs] [Times: user=0.00 sys=0.00, real=0.00 secs] 
187.438: Total time for which application threads were stopped: 0.0032980 seconds, Stopping threads took: 0.0026980 seconds
187.510: Application time: 0.0720620 seconds
187.510: [GC [PSYoungGen: 14288K->496K(15872K)] 31368K->17576K(51712K), 0.0005460 secs] [Times: user=0.01 sys=0.00, real=0.00 secs] 
187.511: Total time for which application threads were stopped: 0.0006870 seconds, Stopping threads took: 0.0000550 seconds
187.585: Application time: 0.0739260 seconds
187.585: [GC [PSYoungGen: 14320K->496K(15872K)] 31400K->17576K(51712K), 0.0005250 secs] [Times: user=0.00 sys=0.00, real=0.00 secs] 
187.585: Total time for which application threads were stopped: 0.0006540 seconds, Stopping threads took: 0.0000530 seconds
187.659: Application time: 0.0733510 seconds
187.659: [GC [PSYoungGen: 14320K->496K(15872K)] 31400K->17576K(51712K), 0.0005260 secs] [Times: user=0.00 sys=0.00, real=0.00 secs] 
187.659: Total time for which application threads were stopped: 0.0006650 seconds, Stopping threads took: 0.0000650 seconds
187.733: Application time: 0.0741510 seconds
187.734: [GC [PSYoungGen: 14320K->528K(15872K)] 31400K->17608K(51712K), 0.0004880 secs] [Times: user=0.00 sys=0.00, real=0.00 secs] 
187.734: Total time for which application threads were stopped: 0.0006170 seconds, Stopping threads took: 0.0000570 seconds
187.808: Application time: 0.0737460 seconds
187.808: [GC [PSYoungGen: 14352K->464K(15872K)] 31432K->17552K(51712K), 0.0005930 secs] [Times: user=0.00 sys=0.00, real=0.00 secs] 
187.809: Total time for which application threads were stopped: 0.0007240 seconds, Stopping threads took: 0.0000560 seconds
187.882: Application time: 0.0733670 seconds
187.882: [GC [PSYoungGen: 14288K->480K(15872K)] 31376K->17576K(51712K), 0.0006300 secs] [Times: user=0.00 sys=0.00, real=0.00 secs] 
187.883: Total time for which application threads were stopped: 0.0007640 seconds, Stopping threads took: 0.0000620 seconds
187.957: Application time: 0.0741070 seconds
187.957: [GC [PSYoungGen: 14304K->512K(15872K)] 31400K->17616K(51712K), 0.0005020 secs] [Times: user=0.00 sys=0.00, real=0.00 secs] 
187.957: Total time for which application threads were stopped: 0.0006340 seconds, Stopping threads took: 0.0000560 seconds
188.032: Application time: 0.0743430 seconds
188.032: [GC [PSYoungGen: 14336K->496K(15872K)] 31440K->17600K(51712K), 0.0005340 secs] [Times: user=0.00 sys=0.00, real=0.00 secs] 
188.032: Total time for which application threads were stopped: 0.0006760 seconds, Stopping threads took: 0.0000600 seconds
188.107: Application time: 0.0741990 seconds
188.107: [GC [PSYoungGen: 14320K->480K(15872K)] 31424K->17584K(51712K), 0.0005580 secs] [Times: user=0.00 sys=0.00, real=0.00 secs] 
188.107: Total time for which application threads were stopped: 0.0006890 seconds, Stopping threads took: 0.0000550 seconds
188.179: Application time: 0.0719110 seconds
188.179: [GC [PSYoungGen: 14304K->496K(15872K)] 31408K->17600K(51712K), 0.0004880 secs] [Times: user=0.00 sys=0.00, real=0.00 secs] 
188.180: Total time for which application threads were stopped: 0.0006130 seconds, Stopping threads took: 0.0000540 seconds
188.252: Application time: 0.0725320 seconds
188.252: [GC [PSYoungGen: 14320K->528K(15872K)] 31424K->17632K(51712K), 0.0005170 secs] [Times: user=0.00 sys=0.00, real=0.00 secs] 
188.253: Total time for which application threads were stopped: 0.0006620 seconds, Stopping threads took: 0.0000670 seconds
188.328: Application time: 0.0748370 seconds
188.328: [GC [PSYoungGen: 14352K->512K(15872K)] 31456K->17616K(51712K), 0.0004900 secs] [Times: user=0.01 sys=0.00, real=0.00 secs] 
188.328: Total time for which application threads were stopped: 0.0006090 seconds, Stopping threads took: 0.0000480 seconds
188.402: Application time: 0.0736970 seconds
188.402: [GC [PSYoungGen: 14336K->512K(15872K)] 31440K->17616K(51712K), 0.0005630 secs] [Times: user=0.00 sys=0.00, real=0.00 secs] 
188.403: Total time for which application threads were stopped: 0.0006900 seconds, Stopping threads took: 0.0000510 seconds
188.477: Application time: 0.0739760 seconds
188.477: [GC [PSYoungGen: 14336K->496K(15872K)] 31440K->17600K(51712K), 0.0005130 secs] [Times: user=0.00 sys=0.00, real=0.00 secs] 
188.477: Total time for which application threads were stopped: 0.0006420 seconds, Stopping threads took: 0.0000500 seconds
188.551: Application time: 0.0733790 seconds
188.551: [GC [PSYoungGen: 14320K->528K(15872K)] 31424K->17640K(51712K), 0.0005130 secs] [Times: user=0.00 sys=0.00, real=0.00 secs] 
188.552: Total time for which application threads were stopped: 0.0006610 seconds, Stopping threads took: 0.0000600 seconds
188.625: Application time: 0.0736480 seconds
188.625: [GC [PSYoungGen: 14352K->528K(15872K)] 31464K->17672K(51712K), 0.0005190 secs] [Times: user=0.00 sys=0.00, real=0.00 secs] 
188.626: Total time for which application threads were stopped: 0.0006550 seconds, Stopping threads took: 0.0000600 seconds
188.700: Application time: 0.0739120 seconds
188.700: [GC [PSYoungGen: 14352K->512K(15872K)] 31496K->17656K(51712K), 0.0005660 secs] [Times: user=0.00 sys=0.00, real=0.00 secs] 
188.700: Total time for which application threads were stopped: 0.0006940 seconds, Stopping threads took: 0.0000530 seconds
188.775: Application time: 0.0743990 seconds
188.775: [GC [PSYoungGen: 14336K->512K(15872K)] 31480K->17664K(51712K), 0.0005470 secs] [Times: user=0.00 sys=0.00, real=0.00 secs] 
188.776: Total time for which application threads were stopped: 0.0006710 seconds, Stopping threads took: 0.0000510 seconds
188.850: Application time: 0.0741320 seconds
188.850: [GC [PSYoungGen: 14336K->496K(15872K)] 31488K->17648K(51712K), 0.0005320 secs] [Times: user=0.00 sys=0.00, real=0.00 secs] 
188.850: Total time for which application threads were stopped: 0.0006710 seconds, Stopping threads took: 0.0000640 seconds
188.922: Application time: 0.0719550 seconds
188.922: [GC [PSYoungGen: 14320K->496K(15872K)] 31472K->17648K(51712K), 0.0005430 secs] [Times: user=0.00 sys=0.00, real=0.00 secs] 
188.923: Total time for which application threads were stopped: 0.0006810 seconds, Stopping threads took: 0.0000600 seconds
188.995: Application time: 0.0723140 seconds
188.995: [GC [PSYoungGen: 14320K->496K(15872K)] 31472K->17648K(51712K), 0.0005200 secs] [Times: user=0.00 sys=0.00, real=0.00 secs] 
188.996: Total time for which application threads were stopped: 0.0006620 seconds, Stopping threads took: 0.0000590 seconds
189.070: Application time: 0.0741800 seconds
189.070: [GC [PSYoungGen: 14320K->528K(15872K)] 31472K->17680K(51712K), 0.0005130 secs] [Times: user=0.01 sys=0.00, real=0.00 secs] 
189.071: Total time for which application threads were stopped: 0.0006580 seconds, Stopping threads took: 0.0000580 seconds
189.144: Application time: 0.0731430 seconds
189.144: [GC [PSYoungGen: 14352K->496K(15872K)] 31504K->17648K(51712K), 0.0005180 secs] [Times: user=0.00 sys=0.00, real=0.00 secs] 
189.145: Total time for which application threads were stopped: 0.0006590 seconds, Stopping threads took: 0.0000630 seconds
189.218: Application time: 0.0737800 seconds
189.218: [GC [PSYoungGen: 14320K->512K(15872K)] 31472K->17664K(51712K), 0.0006150 secs] [Times: user=0.01 sys=0.00, real=0.00 secs] 
189.219: Total time for which application threads were stopped: 0.0007540 seconds, Stopping threads took: 0.0000610 seconds
189.293: Application time: 0.0742830 seconds
189.294: [GC [PSYoungGen: 14336K->496K(15872K)] 31488K->17656K(51712K), 0.0005350 secs] [Times: user=0.00 sys=0.00, real=0.00 secs] 
189.294: Total time for which application threads were stopped: 0.0006650 seconds, Stopping threads took: 0.0000560 seconds
189.368: Application time: 0.0734570 seconds
189.368: [GC [PSYoungGen: 14320K->528K(15872K)] 31480K->17696K(51712K), 0.0005050 secs] [Times: user=0.00 sys=0.00, real=0.00 secs] 
189.368: Total time for which application threads were stopped: 0.0006310 seconds, Stopping threads took: 0.0000510 seconds
189.442: Application time: 0.0743220 seconds
189.443: [GC [PSYoungGen: 14352K->528K(15872K)] 31520K->17696K(51712K), 0.0005150 secs] [Times: user=0.00 sys=0.00, real=0.00 secs] 
189.443: Total time for which application threads were stopped: 0.0006400 seconds, Stopping threads took: 0.0000510 seconds
189.517: Application time: 0.0739330 seconds
189.517: [GC [PSYoungGen: 14352K->528K(15872K)] 31520K->17704K(51712K), 0.0005450 secs] [Times: user=0.00 sys=0.00, real=0.00 secs] 
189.518: Total time for which application threads were stopped: 0.0006750 seconds, Stopping threads took: 0.0000560 seconds
189.592: Application time: 0.0741730 seconds
189.592: [GC [PSYoungGen: 14352K->496K(15872K)] 31528K->17672K(51712K), 0.0006030 secs] [Times: user=0.00 sys=0.00, real=0.00 secs] 
189.593: Total time for which application threads were stopped: 0.0007410 seconds, Stopping threads took: 0.0000510 seconds
189.666: Application time: 0.0734960 seconds
189.666: [GC [PSYoungGen: 14320K->512K(15872K)] 31496K->17688K(51712K), 0.0006140 secs] [Times: user=0.00 sys=0.00, real=0.00 secs] 
189.667: Total time for which application threads were stopped: 0.0007640 seconds, Stopping threads took: 0.0000750 seconds
189.738: Application time: 0.0709200 seconds
189.738: [GC [PSYoungGen: 14336K->496K(15872K)] 31512K->17672K(51712K), 0.0005860 secs] [Times: user=0.00 sys=0.00, real=0.00 secs] 
189.739: Total time for which application threads were stopped: 0.0007210 seconds, Stopping threads took: 0.0000580 seconds
189.813: Application time: 0.0742290 seconds
189.813: [GC [PSYoungGen: 14320K->512K(15872K)] 31496K->17688K(51712K), 0.0005840 secs] [Times: user=0.00 sys=0.00, real=0.00 secs] 
189.814: Total time for which application threads were stopped: 0.0011950 seconds, Stopping threads took: 0.0005330 seconds
189.888: Application time: 0.0742400 seconds
189.888: [GC [PSYoungGen: 14336K->512K(15872K)] 31512K->17688K(51712K), 0.0005400 secs] [Times: user=0.00 sys=0.00, real=0.00 secs] 
189.889: Total time for which application threads were stopped: 0.0006720 seconds, Stopping threads took: 0.0000560 seconds
189.963: Application time: 0.0738370 seconds
189.963: [GC [PSYoungGen: 14336K->512K(15872K)] 31512K->17688K(51712K), 0.0005750 secs] [Times: user=0.00 sys=0.00, real=0.00 secs] 
189.963: Total time for which application threads were stopped: 0.0007080 seconds, Stopping threads took: 0.0000580 seconds
190.037: Application time: 0.0737720 seconds
190.037: [GC [PSYoungGen: 14336K->496K(15872K)] 31512K->17680K(51712K), 0.0005350 secs] [Times: user=0.01 sys=0.00, real=0.00 secs] 
190.038: Total time for which application threads were stopped: 0.0006720 seconds, Stopping threads took: 0.0000610 seconds
190.112: Application time: 0.0741910 seconds
190.112: [GC [PSYoungGen: 14320K->512K(15872K)] 31504K->17704K(51712K), 0.0005170 secs] [Times: user=0.00 sys=0.00, real=0.00 secs] 
190.113: Total time for which application threads were stopped: 0.0006560 seconds, Stopping threads took: 0.0000550 seconds
190.186: Application time: 0.0734570 seconds
190.186: [GC [PSYoungGen: 14336K->528K(15872K)] 31528K->17720K(51712K), 0.0005360 secs] [Times: user=0.00 sys=0.00, real=0.00 secs] 
190.187: Total time for which application threads were stopped: 0.0006700 seconds, Stopping threads took: 0.0000620 seconds
190.261: Application time: 0.0744020 seconds
190.261: [GC [PSYoungGen: 14352K->480K(15872K)] 31544K->17680K(51712K), 0.0005360 secs] [Times: user=0.00 sys=0.00, real=0.00 secs] 
190.262: Total time for which application threads were stopped: 0.0006610 seconds, Stopping threads took: 0.0000530 seconds
190.336: Application time: 0.0738120 seconds
190.336: [GC [PSYoungGen: 14304K->496K(15872K)] 31504K->17696K(51712K), 0.0005460 secs] [Times: user=0.00 sys=0.00, real=0.00 secs] 
190.336: Total time for which application threads were stopped: 0.0006700 seconds, Stopping threads took: 0.0000530 seconds
190.410: Application time: 0.0735450 seconds
190.410: [GC [PSYoungGen: 14320K->480K(15872K)] 31520K->17680K(51712K), 0.0005160 secs] [Times: user=0.00 sys=0.00, real=0.00 secs] 
190.411: Total time for which application threads were stopped: 0.0006530 seconds, Stopping threads took: 0.0000610 seconds
190.482: Application time: 0.0713580 seconds
190.482: [GC [PSYoungGen: 14304K->448K(15872K)] 31504K->17648K(51712K), 0.0005030 secs] [Times: user=0.00 sys=0.00, real=0.00 secs] 
190.483: Total time for which application threads were stopped: 0.0006270 seconds, Stopping threads took: 0.0000530 seconds
190.556: Application time: 0.0738560 seconds
190.557: [GC [PSYoungGen: 14272K->512K(15872K)] 31472K->17712K(51712K), 0.0005580 secs] [Times: user=0.00 sys=0.00, real=0.00 secs] 
190.557: Total time for which application threads were stopped: 0.0006920 seconds, Stopping threads took: 0.0000580 seconds
190.631: Application time: 0.0737910 seconds
190.631: [GC [PSYoungGen: 14336K->464K(15872K)] 31536K->17664K(51712K), 0.0005140 secs] [Times: user=0.00 sys=0.00, real=0.00 secs] 
190.632: Total time for which application threads were stopped: 0.0006520 seconds, Stopping threads took: 0.0000540 seconds
190.706: Application time: 0.0739050 seconds
190.706: [GC [PSYoungGen: 14288K->480K(15872K)] 31488K->17680K(51712K), 0.0005330 secs] [Times: user=0.00 sys=0.00, real=0.00 secs] 
190.706: Total time for which application threads were stopped: 0.0006690 seconds, Stopping threads took: 0.0000580 seconds
190.780: Application time: 0.0739680 seconds
190.780: [GC [PSYoungGen: 14304K->512K(15872K)] 31504K->17720K(51712K), 0.0005090 secs] [Times: user=0.00 sys=0.00, real=0.00 secs] 
190.781: Total time for which application threads were stopped: 0.0006430 seconds, Stopping threads took: 0.0000540 seconds
190.855: Application time: 0.0743010 seconds
190.855: [GC [PSYoungGen: 14336K->464K(15872K)] 31544K->17680K(51712K), 0.0004990 secs] [Times: user=0.01 sys=0.00, real=0.00 secs] 
190.856: Total time for which application threads were stopped: 0.0006260 seconds, Stopping threads took: 0.0000540 seconds
190.929: Application time: 0.0735450 seconds
190.929: [GC [PSYoungGen: 14288K->512K(15872K)] 31504K->17728K(51712K), 0.0005810 secs] [Times: user=0.00 sys=0.00, real=0.00 secs] 
190.930: Total time for which application threads were stopped: 0.0007080 seconds, Stopping threads took: 0.0000520 seconds
191.004: Application time: 0.0739940 seconds
191.005: [GC [PSYoungGen: 14336K->512K(15872K)] 31552K->17736K(51712K), 0.0004930 secs] [Times: user=0.00 sys=0.00, real=0.00 secs] 
191.006: Total time for which application threads were stopped: 0.0018810 seconds, Stopping threads took: 0.0013130 seconds
191.080: Application time: 0.0744080 seconds
191.080: [GC [PSYoungGen: 14336K->480K(15872K)] 31560K->17704K(51712K), 0.0005360 secs] [Times: user=0.00 sys=0.00, real=0.00 secs] 
191.081: Total time for which application threads were stopped: 0.0006740 seconds, Stopping threads took: 0.0000660 seconds
191.154: Application time: 0.0733450 seconds
191.154: [GC [PSYoungGen: 14304K->512K(15872K)] 31528K->17736K(51712K), 0.0005090 secs] [Times: user=0.00 sys=0.00, real=0.00 secs] 
191.155: Total time for which application threads were stopped: 0.0006450 seconds, Stopping threads took: 0.0000580 seconds
191.227: Application time: 0.0719580 seconds
191.227: [GC [PSYoungGen: 14336K->512K(15872K)] 31560K->17736K(51712K), 0.0005480 secs] [Times: user=0.00 sys=0.00, real=0.00 secs] 
191.228: Total time for which application threads were stopped: 0.0006750 seconds, Stopping threads took: 0.0000500 seconds
191.300: Application time: 0.0727310 seconds
191.300: [GC [PSYoungGen: 14336K->528K(15872K)] 31560K->17752K(51712K), 0.0005260 secs] [Times: user=0.00 sys=0.00, real=0.00 secs] 
191.301: Total time for which application threads were stopped: 0.0006560 seconds, Stopping threads took: 0.0000530 seconds
191.376: Application time: 0.0746840 seconds
191.376: [GC [PSYoungGen: 14352K->496K(15872K)] 31576K->17720K(51712K), 0.0005240 secs] [Times: user=0.01 sys=0.00, real=0.00 secs] 
191.376: Total time for which application threads were stopped: 0.0006530 seconds, Stopping threads took: 0.0000520 seconds
191.451: Application time: 0.0742100 seconds
191.451: [GC [PSYoungGen: 14320K->496K(15872K)] 31544K->17720K(51712K), 0.0005190 secs] [Times: user=0.00 sys=0.00, real=0.00 secs] 
191.451: Total time for which application threads were stopped: 0.0006570 seconds, Stopping threads took: 0.0000670 seconds
191.525: Application time: 0.0741140 seconds
191.525: [GC [PSYoungGen: 14320K->512K(15872K)] 31544K->17744K(51712K), 0.0005770 secs] [Times: user=0.00 sys=0.00, real=0.00 secs] 
191.526: Total time for which application threads were stopped: 0.0007010 seconds, Stopping threads took: 0.0000500 seconds
191.600: Application time: 0.0737350 seconds
191.600: [GC [PSYoungGen: 14336K->496K(15872K)] 31568K->17736K(51712K), 0.0005170 secs] [Times: user=0.01 sys=0.00, real=0.00 secs] 
191.600: Total time for which application threads were stopped: 0.0006580 seconds, Stopping threads took: 0.0000660 seconds
191.674: Application time: 0.0734340 seconds
191.674: [GC [PSYoungGen: 14320K->496K(15872K)] 31560K->17744K(51712K), 0.0005040 secs] [Times: user=0.01 sys=0.00, real=0.00 secs] 
191.675: Total time for which application threads were stopped: 0.0006470 seconds, Stopping threads took: 0.0000570 seconds
191.749: Application time: 0.0741600 seconds
191.749: [GC [PSYoungGen: 14320K->496K(15872K)] 31568K->17752K(51712K), 0.0006240 secs] [Times: user=0.01 sys=0.00, real=0.00 secs] 
191.749: Total time for which application threads were stopped: 0.0007570 seconds, Stopping threads took: 0.0000550 seconds
191.823: Application time: 0.0737820 seconds
191.823: [GC [PSYoungGen: 14320K->496K(15872K)] 31576K->17752K(51712K), 0.0005190 secs] [Times: user=0.00 sys=0.00, real=0.00 secs] 
191.824: Total time for which application threads were stopped: 0.0006590 seconds, Stopping threads took: 0.0000610 seconds
191.898: Application time: 0.0742050 seconds
191.901: [GC [PSYoungGen: 14320K->464K(15872K)] 31576K->17720K(51712K), 0.0005740 secs] [Times: user=0.00 sys=0.00, real=0.00 secs] 
191.902: Total time for which application threads were stopped: 0.0039180 seconds, Stopping threads took: 0.0032740 seconds
191.974: Application time: 0.0717550 seconds
191.974: [GC [PSYoungGen: 14288K->512K(15872K)] 31544K->17768K(51712K), 0.0005440 secs] [Times: user=0.00 sys=0.00, real=0.00 secs] 
191.975: Total time for which application threads were stopped: 0.0017110 seconds, Stopping threads took: 0.0000720 seconds
192.048: Application time: 0.0726260 seconds
192.048: [GC [PSYoungGen: 14336K->512K(15872K)] 31592K->17768K(51712K), 0.0005310 secs] [Times: user=0.00 sys=0.00, real=0.00 secs] 
192.049: Total time for which application threads were stopped: 0.0006570 seconds, Stopping threads took: 0.0000520 seconds
192.126: Application time: 0.0769030 seconds
192.126: [GC [PSYoungGen: 14336K->496K(15872K)] 31592K->17752K(51712K), 0.0005660 secs] [Times: user=0.00 sys=0.00, real=0.00 secs] 
192.126: Total time for which application threads were stopped: 0.0006980 seconds, Stopping threads took: 0.0000560 seconds
192.207: Application time: 0.0810500 seconds
192.208: [GC [PSYoungGen: 14320K->480K(15872K)] 31576K->17736K(51712K), 0.0005320 secs] [Times: user=0.00 sys=0.00, real=0.00 secs] 
192.208: Total time for which application threads were stopped: 0.0006850 seconds, Stopping threads took: 0.0000650 seconds
192.290: Application time: 0.0814930 seconds
192.290: [GC [PSYoungGen: 14304K->544K(15872K)] 31560K->17800K(51712K), 0.0005550 secs] [Times: user=0.00 sys=0.00, real=0.00 secs] 
192.290: Total time for which application threads were stopped: 0.0006970 seconds, Stopping threads took: 0.0000610 seconds
192.371: Application time: 0.0809970 seconds
192.371: [GC [PSYoungGen: 14368K->512K(15872K)] 31624K->17776K(51712K), 0.0005730 secs] [Times: user=0.00 sys=0.00, real=0.00 secs] 
192.372: Total time for which application threads were stopped: 0.0007210 seconds, Stopping threads took: 0.0000690 seconds
192.453: Application time: 0.0807790 seconds
192.453: [GC [PSYoungGen: 14336K->528K(15872K)] 31600K->17800K(51712K), 0.0005140 secs] [Times: user=0.00 sys=0.00, real=0.01 secs] 
192.453: Total time for which application threads were stopped: 0.0006500 seconds, Stopping threads took: 0.0000570 seconds
192.535: Application time: 0.0818960 seconds
192.535: [GC [PSYoungGen: 14352K->496K(15872K)] 31624K->17776K(51712K), 0.0005230 secs] [Times: user=0.01 sys=0.00, real=0.00 secs] 
192.536: Total time for which application threads were stopped: 0.0006560 seconds, Stopping threads took: 0.0000600 seconds
192.617: Application time: 0.0812960 seconds
192.617: [GC [PSYoungGen: 14320K->528K(15872K)] 31600K->17808K(51712K), 0.0005310 secs] [Times: user=0.00 sys=0.00, real=0.00 secs] 
192.618: Total time for which application threads were stopped: 0.0006610 seconds, Stopping threads took: 0.0000520 seconds
192.700: Application time: 0.0817780 seconds
192.700: [GC [PSYoungGen: 14352K->464K(15872K)] 31632K->17744K(51712K), 0.0005640 secs] [Times: user=0.01 sys=0.00, real=0.00 secs] 
192.700: Total time for which application threads were stopped: 0.0006980 seconds, Stopping threads took: 0.0000610 seconds
192.779: Application time: 0.0790080 seconds
192.780: [GC [PSYoungGen: 14288K->480K(15872K)] 31568K->17760K(51712K), 0.0005220 secs] [Times: user=0.00 sys=0.00, real=0.00 secs] 
192.780: Total time for which application threads were stopped: 0.0006710 seconds, Stopping threads took: 0.0000600 seconds
192.861: Application time: 0.0809470 seconds
192.861: [GC [PSYoungGen: 14304K->496K(15872K)] 31584K->17776K(51712K), 0.0005290 secs] [Times: user=0.00 sys=0.00, real=0.00 secs] 
192.862: Total time for which application threads were stopped: 0.0006580 seconds, Stopping threads took: 0.0000570 seconds
192.943: Application time: 0.0817060 seconds
192.944: [GC [PSYoungGen: 14320K->496K(15872K)] 31600K->17776K(51712K), 0.0005840 secs] [Times: user=0.00 sys=0.00, real=0.00 secs] 
192.944: Total time for which application threads were stopped: 0.0007250 seconds, Stopping threads took: 0.0000620 seconds
193.025: Application time: 0.0807830 seconds
193.029: [GC [PSYoungGen: 14320K->496K(15872K)] 31600K->17776K(51712K), 0.0006250 secs] [Times: user=0.00 sys=0.00, real=0.00 secs] 
193.030: Total time for which application threads were stopped: 0.0050950 seconds, Stopping threads took: 0.0043940 seconds
193.111: Application time: 0.0811880 seconds
193.111: [GC [PSYoungGen: 14320K->512K(15872K)] 31600K->17792K(51712K), 0.0005470 secs] [Times: user=0.00 sys=0.00, real=0.00 secs] 
193.112: Total time for which application threads were stopped: 0.0007050 seconds, Stopping threads took: 0.0000760 seconds
193.194: Application time: 0.0817930 seconds
193.194: [GC [PSYoungGen: 14336K->512K(15872K)] 31616K->17800K(51712K), 0.0005390 secs] [Times: user=0.00 sys=0.00, real=0.00 secs] 
193.194: Total time for which application threads were stopped: 0.0006680 seconds, Stopping threads took: 0.0000530 seconds
193.276: Application time: 0.0813440 seconds
193.276: [GC [PSYoungGen: 14336K->496K(15872K)] 31624K->17792K(51712K), 0.0005740 secs] [Times: user=0.01 sys=0.00, real=0.00 secs] 
193.276: Total time for which application threads were stopped: 0.0007020 seconds, Stopping threads took: 0.0000530 seconds
193.358: Application time: 0.0817900 seconds
193.358: [GC [PSYoungGen: 14320K->528K(15872K)] 31616K->17824K(51712K), 0.0005770 secs] [Times: user=0.00 sys=0.00, real=0.00 secs] 
193.359: Total time for which application threads were stopped: 0.0007240 seconds, Stopping threads took: 0.0000580 seconds
193.440: Application time: 0.0808280 seconds
193.440: [GC [PSYoungGen: 14352K->512K(15872K)] 31648K->17816K(51712K), 0.0005370 secs] [Times: user=0.00 sys=0.00, real=0.00 secs] 
193.440: Total time for which application threads were stopped: 0.0006710 seconds, Stopping threads took: 0.0000510 seconds
193.522: Application time: 0.0811600 seconds
193.522: [GC [PSYoungGen: 14336K->496K(15872K)] 31640K->17800K(51712K), 0.0005760 secs] [Times: user=0.00 sys=0.00, real=0.00 secs] 
193.522: Total time for which application threads were stopped: 0.0007110 seconds, Stopping threads took: 0.0000560 seconds
193.603: Application time: 0.0809890 seconds
193.603: [GC [PSYoungGen: 14320K->480K(15872K)] 31624K->17784K(51712K), 0.0005340 secs] [Times: user=0.01 sys=0.00, real=0.00 secs] 
193.604: Total time for which application threads were stopped: 0.0006750 seconds, Stopping threads took: 0.0000640 seconds
193.682: Application time: 0.0775440 seconds
193.682: [GC [PSYoungGen: 14304K->496K(15872K)] 31608K->17800K(51712K), 0.0005230 secs] [Times: user=0.00 sys=0.00, real=0.00 secs] 
193.682: Total time for which application threads were stopped: 0.0006570 seconds, Stopping threads took: 0.0000540 seconds
193.764: Application time: 0.0818780 seconds
193.764: [GC [PSYoungGen: 14320K->480K(15872K)] 31624K->17784K(51712K), 0.0005820 secs] [Times: user=0.00 sys=0.00, real=0.00 secs] 
193.765: Total time for which application threads were stopped: 0.0007200 seconds, Stopping threads took: 0.0000630 seconds
193.846: Application time: 0.0808090 seconds
193.846: [GC [PSYoungGen: 14304K->528K(15872K)] 31608K->17832K(51712K), 0.0005320 secs] [Times: user=0.00 sys=0.00, real=0.00 secs] 
193.846: Total time for which application threads were stopped: 0.0006760 seconds, Stopping threads took: 0.0000650 seconds
193.928: Application time: 0.0814030 seconds
193.928: [GC [PSYoungGen: 14352K->528K(15872K)] 31656K->17832K(51712K), 0.0005280 secs] [Times: user=0.00 sys=0.00, real=0.00 secs] 
193.928: Total time for which application threads were stopped: 0.0006620 seconds, Stopping threads took: 0.0000490 seconds
194.010: Application time: 0.0816960 seconds
194.013: [GC [PSYoungGen: 14352K->496K(15872K)] 31656K->17808K(51712K), 0.0005610 secs] [Times: user=0.01 sys=0.00, real=0.00 secs] 
194.014: Total time for which application threads were stopped: 0.0039150 seconds, Stopping threads took: 0.0032770 seconds
194.095: Application time: 0.0806090 seconds
194.095: [GC [PSYoungGen: 14320K->544K(15872K)] 31632K->17864K(51712K), 0.0005290 secs] [Times: user=0.00 sys=0.00, real=0.00 secs] 
194.095: Total time for which application threads were stopped: 0.0006670 seconds, Stopping threads took: 0.0000620 seconds
194.177: Application time: 0.0818810 seconds
194.177: [GC [PSYoungGen: 14368K->496K(15872K)] 31688K->17816K(51712K), 0.0005340 secs] [Times: user=0.00 sys=0.00, real=0.00 secs] 
194.178: Total time for which application threads were stopped: 0.0006670 seconds, Stopping threads took: 0.0000570 seconds
194.260: Application time: 0.0817270 seconds
194.260: [GC [PSYoungGen: 14320K->496K(15872K)] 31640K->17824K(51712K), 0.0005360 secs] [Times: user=0.00 sys=0.00, real=0.00 secs] 
194.260: Total time for which application threads were stopped: 0.0006800 seconds, Stopping threads took: 0.0000580 seconds
194.342: Application time: 0.0813310 seconds
194.345: [GC [PSYoungGen: 14320K->544K(15872K)] 31648K->17872K(51712K), 0.0005790 secs] [Times: user=0.00 sys=0.00, real=0.00 secs] 
194.346: Total time for which application threads were stopped: 0.0044300 seconds, Stopping threads took: 0.0037690 seconds
194.428: Application time: 0.0820290 seconds
194.428: [GC [PSYoungGen: 14368K->544K(15872K)] 31696K->17872K(51712K), 0.0005180 secs] [Times: user=0.00 sys=0.00, real=0.00 secs] 
194.429: Total time for which application threads were stopped: 0.0006620 seconds, Stopping threads took: 0.0000660 seconds
194.507: Application time: 0.0782710 seconds
194.509: [GC [PSYoungGen: 14368K->496K(15872K)] 31696K->17824K(51712K), 0.0005400 secs] [Times: user=0.01 sys=0.00, real=0.00 secs] 
194.510: Total time for which application threads were stopped: 0.0030250 seconds, Stopping threads took: 0.0024000 seconds
194.591: Application time: 0.0807090 seconds
194.591: [GC [PSYoungGen: 14320K->496K(15872K)] 31648K->17824K(51712K), 0.0006360 secs] [Times: user=0.01 sys=0.00, real=0.00 secs] 
194.591: Total time for which application threads were stopped: 0.0007900 seconds, Stopping threads took: 0.0000800 seconds
194.672: Application time: 0.0807880 seconds
194.672: [GC [PSYoungGen: 14320K->496K(15872K)] 31648K->17824K(51712K), 0.0005530 secs] [Times: user=0.01 sys=0.00, real=0.00 secs] 
194.673: Total time for which application threads were stopped: 0.0007290 seconds, Stopping threads took: 0.0000950 seconds
194.755: Application time: 0.0816420 seconds
194.755: [GC [PSYoungGen: 14320K->496K(15872K)] 31648K->17824K(51712K), 0.0005560 secs] [Times: user=0.00 sys=0.00, real=0.00 secs] 
194.755: Total time for which application threads were stopped: 0.0006960 seconds, Stopping threads took: 0.0000630 seconds
194.837: Application time: 0.0817560 seconds
194.837: [GC [PSYoungGen: 14320K->496K(15872K)] 31648K->17832K(51712K), 0.0005430 secs] [Times: user=0.00 sys=0.00, real=0.00 secs] 
194.838: Total time for which application threads were stopped: 0.0006760 seconds, Stopping threads took: 0.0000550 seconds
194.919: Application time: 0.0812430 seconds
194.919: [GC [PSYoungGen: 14320K->512K(15872K)] 31656K->17856K(51712K), 0.0005850 secs] [Times: user=0.00 sys=0.00, real=0.00 secs] 
194.920: Total time for which application threads were stopped: 0.0007200 seconds, Stopping threads took: 0.0000570 seconds
195.001: Application time: 0.0816540 seconds
195.002: [GC [PSYoungGen: 14336K->480K(15872K)] 31680K->17824K(51712K), 0.0006000 secs] [Times: user=0.01 sys=0.00, real=0.00 secs] 
195.002: Total time for which application threads were stopped: 0.0007330 seconds, Stopping threads took: 0.0000520 seconds
195.083: Application time: 0.0812270 seconds
195.083: [GC [PSYoungGen: 14304K->480K(15872K)] 31648K->17832K(51712K), 0.0005190 secs] [Times: user=0.00 sys=0.00, real=0.00 secs] 
195.084: Total time for which application threads were stopped: 0.0006520 seconds, Stopping threads took: 0.0000500 seconds
195.166: Application time: 0.0818150 seconds
195.166: [GC [PSYoungGen: 14304K->496K(15872K)] 31656K->17848K(51712K), 0.0006010 secs] [Times: user=0.00 sys=0.00, real=0.00 secs] 
195.167: Total time for which application threads were stopped: 0.0007480 seconds, Stopping threads took: 0.0000640 seconds
195.248: Application time: 0.0811210 seconds
195.248: [GC [PSYoungGen: 14320K->544K(15872K)] 31672K->17896K(51712K), 0.0006150 secs] [Times: user=0.00 sys=0.00, real=0.00 secs] 
195.248: Total time for which application threads were stopped: 0.0007580 seconds, Stopping threads took: 0.0000600 seconds
195.327: Application time: 0.0782530 seconds
195.327: [GC [PSYoungGen: 14368K->496K(15872K)] 31720K->17848K(51712K), 0.0005240 secs] [Times: user=0.00 sys=0.00, real=0.00 secs] 
195.327: Total time for which application threads were stopped: 0.0006710 seconds, Stopping threads took: 0.0000700 seconds
195.409: Application time: 0.0812320 seconds
195.409: [GC [PSYoungGen: 14320K->512K(15872K)] 31672K->17864K(51712K), 0.0005860 secs] [Times: user=0.00 sys=0.00, real=0.00 secs] 
195.409: Total time for which application threads were stopped: 0.0007150 seconds, Stopping threads took: 0.0000520 seconds
195.491: Application time: 0.0811740 seconds
195.491: [GC [PSYoungGen: 14336K->464K(15872K)] 31688K->17816K(51712K), 0.0005840 secs] [Times: user=0.00 sys=0.00, real=0.00 secs] 
195.491: Total time for which application threads were stopped: 0.0007130 seconds, Stopping threads took: 0.0000560 seconds
195.572: Application time: 0.0812180 seconds
195.573: [GC [PSYoungGen: 14288K->512K(15872K)] 31640K->17864K(51712K), 0.0005560 secs] [Times: user=0.00 sys=0.00, real=0.00 secs] 
195.573: Total time for which application threads were stopped: 0.0006870 seconds, Stopping threads took: 0.0000520 seconds
195.655: Application time: 0.0814660 seconds
195.655: [GC [PSYoungGen: 14336K->448K(15872K)] 31688K->17808K(51712K), 0.0005410 secs] [Times: user=0.00 sys=0.00, real=0.00 secs] 
195.655: Total time for which application threads were stopped: 0.0006940 seconds, Stopping threads took: 0.0000630 seconds
195.736: Application time: 0.0808850 seconds
195.736: [GC [PSYoungGen: 14272K->512K(15872K)] 31632K->17880K(51712K), 0.0005340 secs] [Times: user=0.00 sys=0.00, real=0.00 secs] 
195.737: Total time for which application threads were stopped: 0.0006790 seconds, Stopping threads took: 0.0000650 seconds
195.818: Application time: 0.0812970 seconds
195.818: [GC [PSYoungGen: 14336K->480K(15872K)] 31704K->17856K(51712K), 0.0005460 secs] [Times: user=0.01 sys=0.00, real=0.00 secs] 
195.819: Total time for which application threads were stopped: 0.0006740 seconds, Stopping threads took: 0.0000520 seconds
195.901: Application time: 0.0825920 seconds
195.902: [GC [PSYoungGen: 14304K->496K(15872K)] 31680K->17880K(51712K), 0.0005460 secs] [Times: user=0.00 sys=0.00, real=0.00 secs] 
195.902: Total time for which application threads were stopped: 0.0006980 seconds, Stopping threads took: 0.0000720 seconds
195.983: Application time: 0.0812800 seconds
195.984: [GC [PSYoungGen: 14320K->464K(15872K)] 31704K->17848K(51712K), 0.0005860 secs] [Times: user=0.00 sys=0.00, real=0.00 secs] 
195.984: Total time for which application threads were stopped: 0.0007140 seconds, Stopping threads took: 0.0000490 seconds
196.066: Application time: 0.0816380 seconds
196.066: [GC [PSYoungGen: 14288K->496K(15872K)] 31672K->17880K(51712K), 0.0005180 secs] [Times: user=0.01 sys=0.00, real=0.00 secs] 
196.066: Total time for which application threads were stopped: 0.0006560 seconds, Stopping threads took: 0.0000630 seconds
196.141: Application time: 0.0745350 seconds
196.141: [GC [PSYoungGen: 14320K->464K(15872K)] 31704K->17848K(51712K), 0.0005120 secs] [Times: user=0.00 sys=0.00, real=0.00 secs] 
196.142: Total time for which application threads were stopped: 0.0006370 seconds, Stopping threads took: 0.0000530 seconds
196.214: Application time: 0.0723420 seconds
196.214: [GC [PSYoungGen: 14288K->448K(15872K)] 31672K->17832K(51712K), 0.0005100 secs] [Times: user=0.00 sys=0.00, real=0.00 secs] 
196.215: Total time for which application threads were stopped: 0.0006580 seconds, Stopping threads took: 0.0000630 seconds
196.289: Application time: 0.0745890 seconds
196.289: [GC [PSYoungGen: 14272K->480K(15872K)] 31656K->17864K(51712K), 0.0005390 secs] [Times: user=0.00 sys=0.00, real=0.00 secs] 
196.290: Total time for which application threads were stopped: 0.0006760 seconds, Stopping threads took: 0.0000550 seconds
196.363: Application time: 0.0731920 seconds
196.363: [GC [PSYoungGen: 14304K->512K(15872K)] 31688K->17896K(51712K), 0.0005320 secs] [Times: user=0.00 sys=0.00, real=0.00 secs] 
196.364: Total time for which application threads were stopped: 0.0006630 seconds, Stopping threads took: 0.0000550 seconds
196.438: Application time: 0.0738880 seconds
196.438: [GC [PSYoungGen: 14336K->496K(15872K)] 31720K->17888K(51712K), 0.0004890 secs] [Times: user=0.00 sys=0.00, real=0.00 secs] 
196.438: Total time for which application threads were stopped: 0.0006300 seconds, Stopping threads took: 0.0000600 seconds
196.512: Application time: 0.0735800 seconds
196.512: [GC [PSYoungGen: 14320K->512K(15872K)] 31712K->17920K(51712K), 0.0005420 secs] [Times: user=0.00 sys=0.00, real=0.00 secs] 
196.513: Total time for which application threads were stopped: 0.0006710 seconds, Stopping threads took: 0.0000550 seconds
196.586: Application time: 0.0734050 seconds
196.586: [GC [PSYoungGen: 14336K->512K(15872K)] 31744K->17928K(51712K), 0.0005500 secs] [Times: user=0.00 sys=0.00, real=0.00 secs] 
196.587: Total time for which application threads were stopped: 0.0007040 seconds, Stopping threads took: 0.0000780 seconds
196.661: Application time: 0.0739360 seconds
196.661: [GC [PSYoungGen: 14336K->480K(15872K)] 31752K->17904K(51712K), 0.0005760 secs] [Times: user=0.00 sys=0.00, real=0.00 secs] 
196.661: Total time for which application threads were stopped: 0.0007050 seconds, Stopping threads took: 0.0000520 seconds
196.735: Application time: 0.0737820 seconds
196.735: [GC [PSYoungGen: 14304K->512K(15872K)] 31728K->17936K(51712K), 0.0005000 secs] [Times: user=0.00 sys=0.00, real=0.00 secs] 
196.736: Total time for which application threads were stopped: 0.0006470 seconds, Stopping threads took: 0.0000670 seconds
196.810: Application time: 0.0742300 seconds
196.810: [GC [PSYoungGen: 14336K->512K(15872K)] 31760K->17936K(51712K), 0.0004880 secs] [Times: user=0.00 sys=0.00, real=0.00 secs] 
196.811: Total time for which application threads were stopped: 0.0006150 seconds, Stopping threads took: 0.0000550 seconds
196.883: Application time: 0.0723010 seconds
196.883: [GC [PSYoungGen: 14336K->448K(15872K)] 31760K->17872K(51712K), 0.0005370 secs] [Times: user=0.00 sys=0.00, real=0.00 secs] 
196.884: Total time for which application threads were stopped: 0.0006550 seconds, Stopping threads took: 0.0000490 seconds
196.956: Application time: 0.0723290 seconds
196.956: [GC [PSYoungGen: 14272K->496K(15872K)] 31696K->17920K(51712K), 0.0005650 secs] [Times: user=0.00 sys=0.00, real=0.00 secs] 
196.957: Total time for which application threads were stopped: 0.0006960 seconds, Stopping threads took: 0.0000570 seconds
197.030: Application time: 0.0738160 seconds
197.030: [GC [PSYoungGen: 14320K->576K(15872K)] 31744K->18000K(51712K), 0.0005650 secs] [Times: user=0.00 sys=0.00, real=0.00 secs] 
197.032: Total time for which application threads were stopped: 0.0016290 seconds, Stopping threads took: 0.0000510 seconds
197.105: Application time: 0.0732240 seconds
197.105: [GC [PSYoungGen: 14400K->496K(15872K)] 31824K->17920K(51712K), 0.0005460 secs] [Times: user=0.00 sys=0.00, real=0.00 secs] 
197.106: Total time for which application threads were stopped: 0.0007090 seconds, Stopping threads took: 0.0000840 seconds
197.180: Application time: 0.0742050 seconds
197.181: [GC [PSYoungGen: 14320K->496K(15872K)] 31744K->17920K(51712K), 0.0005790 secs] [Times: user=0.00 sys=0.00, real=0.00 secs] 
197.182: Total time for which application threads were stopped: 0.0018960 seconds, Stopping threads took: 0.0012420 seconds
197.256: Application time: 0.0736750 seconds
197.256: [GC [PSYoungGen: 14320K->496K(15872K)] 31744K->17928K(51712K), 0.0005720 secs] [Times: user=0.00 sys=0.00, real=0.00 secs] 
197.256: Total time for which application threads were stopped: 0.0007110 seconds, Stopping threads took: 0.0000550 seconds
197.330: Application time: 0.0737050 seconds
197.330: [GC [PSYoungGen: 14320K->560K(15872K)] 31752K->18000K(51712K), 0.0004850 secs] [Times: user=0.00 sys=0.00, real=0.00 secs] 
197.331: Total time for which application threads were stopped: 0.0006110 seconds, Stopping threads took: 0.0000520 seconds
197.406: Application time: 0.0751660 seconds
197.406: [GC [PSYoungGen: 14384K->512K(15872K)] 31824K->17952K(51712K), 0.0005200 secs] [Times: user=0.00 sys=0.00, real=0.00 secs] 
197.407: Total time for which application threads were stopped: 0.0006530 seconds, Stopping threads took: 0.0000580 seconds
197.480: Application time: 0.0737170 seconds
197.480: [GC [PSYoungGen: 14336K->512K(15872K)] 31776K->17960K(51712K), 0.0005590 secs] [Times: user=0.01 sys=0.00, real=0.00 secs] 
197.481: Total time for which application threads were stopped: 0.0006890 seconds, Stopping threads took: 0.0000530 seconds
197.555: Application time: 0.0739290 seconds
197.555: [GC [PSYoungGen: 14336K->528K(15872K)] 31784K->17976K(51712K), 0.0005100 secs] [Times: user=0.00 sys=0.00, real=0.00 secs] 
197.556: Total time for which application threads were stopped: 0.0006460 seconds, Stopping threads took: 0.0000590 seconds
197.629: Application time: 0.0731430 seconds
197.629: [GC [PSYoungGen: 14352K->496K(15872K)] 31800K->17944K(51712K), 0.0005140 secs] [Times: user=0.00 sys=0.00, real=0.00 secs] 
197.629: Total time for which application threads were stopped: 0.0006500 seconds, Stopping threads took: 0.0000600 seconds
197.701: Application time: 0.0716520 seconds
197.701: [GC [PSYoungGen: 14320K->528K(15872K)] 31768K->17976K(51712K), 0.0004870 secs] [Times: user=0.01 sys=0.00, real=0.00 secs] 
197.702: Total time for which application threads were stopped: 0.0006210 seconds, Stopping threads took: 0.0000600 seconds
197.776: Application time: 0.0743460 seconds
197.776: [GC [PSYoungGen: 14352K->528K(15872K)] 31800K->17976K(51712K), 0.0005960 secs] [Times: user=0.00 sys=0.00, real=0.00 secs] 
197.777: Total time for which application threads were stopped: 0.0007420 seconds, Stopping threads took: 0.0000600 seconds
197.850: Application time: 0.0731880 seconds
197.850: [GC [PSYoungGen: 14352K->480K(15872K)] 31800K->17928K(51712K), 0.0005980 secs] [Times: user=0.01 sys=0.00, real=0.00 secs] 
197.851: Total time for which application threads were stopped: 0.0007290 seconds, Stopping threads took: 0.0000530 seconds
197.924: Application time: 0.0737960 seconds
197.925: [GC [PSYoungGen: 14304K->528K(15872K)] 31752K->17976K(51712K), 0.0005290 secs] [Times: user=0.00 sys=0.00, real=0.00 secs] 
197.925: Total time for which application threads were stopped: 0.0006530 seconds, Stopping threads took: 0.0000510 seconds
197.999: Application time: 0.0736410 seconds
197.999: [GC [PSYoungGen: 14352K->496K(15872K)] 31800K->17952K(51712K), 0.0005390 secs] [Times: user=0.00 sys=0.00, real=0.00 secs] 
197.999: Total time for which application threads were stopped: 0.0006730 seconds, Stopping threads took: 0.0000590 seconds
198.073: Application time: 0.0739550 seconds
198.073: [GC [PSYoungGen: 14320K->512K(15872K)] 31776K->18008K(51712K), 0.0004990 secs] [Times: user=0.00 sys=0.00, real=0.00 secs] 
198.074: Total time for which application threads were stopped: 0.0006310 seconds, Stopping threads took: 0.0000580 seconds
198.148: Application time: 0.0737950 seconds
198.148: [GC [PSYoungGen: 14336K->480K(15872K)] 31832K->17976K(51712K), 0.0005750 secs] [Times: user=0.00 sys=0.00, real=0.00 secs] 
198.149: Total time for which application threads were stopped: 0.0007110 seconds, Stopping threads took: 0.0000570 seconds
198.222: Application time: 0.0739420 seconds
198.223: [GC [PSYoungGen: 14304K->464K(15872K)] 31800K->17984K(51712K), 0.0005180 secs] [Times: user=0.01 sys=0.00, real=0.00 secs] 
198.223: Total time for which application threads were stopped: 0.0006490 seconds, Stopping threads took: 0.0000560 seconds
198.297: Application time: 0.0742510 seconds
198.297: [GC [PSYoungGen: 14288K->512K(15872K)] 31808K->18032K(51712K), 0.0005660 secs] [Times: user=0.00 sys=0.00, real=0.00 secs] 
198.298: Total time for which application threads were stopped: 0.0007150 seconds, Stopping threads took: 0.0000590 seconds
198.372: Application time: 0.0735400 seconds
198.372: [GC [PSYoungGen: 14336K->496K(15872K)] 31856K->18016K(51712K), 0.0005580 secs] [Times: user=0.00 sys=0.00, real=0.00 secs] 
198.372: Total time for which application threads were stopped: 0.0006840 seconds, Stopping threads took: 0.0000520 seconds
198.444: Application time: 0.0715920 seconds
198.444: [GC [PSYoungGen: 14320K->496K(15872K)] 31840K->18016K(51712K), 0.0005380 secs] [Times: user=0.00 sys=0.00, real=0.00 secs] 
198.445: Total time for which application threads were stopped: 0.0006780 seconds, Stopping threads took: 0.0000560 seconds
198.519: Application time: 0.0739660 seconds
198.519: [GC [PSYoungGen: 14320K->496K(15872K)] 31840K->18016K(51712K), 0.0005160 secs] [Times: user=0.00 sys=0.00, real=0.00 secs] 
198.519: Total time for which application threads were stopped: 0.0006620 seconds, Stopping threads took: 0.0000680 seconds
198.593: Application time: 0.0735110 seconds
198.593: [GC [PSYoungGen: 14320K->496K(15872K)] 31840K->18016K(51712K), 0.0005450 secs] [Times: user=0.00 sys=0.00, real=0.01 secs] 
198.593: Total time for which application threads were stopped: 0.0006770 seconds, Stopping threads took: 0.0000560 seconds
198.668: Application time: 0.0744490 seconds
198.668: [GC [PSYoungGen: 14320K->480K(15872K)] 31840K->18000K(51712K), 0.0005030 secs] [Times: user=0.00 sys=0.00, real=0.00 secs] 
198.668: Total time for which application threads were stopped: 0.0006390 seconds, Stopping threads took: 0.0000600 seconds
198.742: Application time: 0.0739130 seconds
198.743: [GC [PSYoungGen: 14304K->512K(15872K)] 31824K->18040K(51712K), 0.0005270 secs] [Times: user=0.01 sys=0.00, real=0.00 secs] 
198.743: Total time for which application threads were stopped: 0.0006750 seconds, Stopping threads took: 0.0000700 seconds
198.817: Application time: 0.0740390 seconds
198.819: [GC [PSYoungGen: 14336K->464K(15872K)] 31864K->18000K(51712K), 0.0005170 secs] [Times: user=0.01 sys=0.00, real=0.00 secs] 
198.820: Total time for which application threads were stopped: 0.0025000 seconds, Stopping threads took: 0.0018980 seconds
198.894: Application time: 0.0745300 seconds
198.894: [GC [PSYoungGen: 14288K->496K(15872K)] 31824K->18032K(51712K), 0.0005420 secs] [Times: user=0.00 sys=0.00, real=0.00 secs] 
198.895: Total time for which application threads were stopped: 0.0006800 seconds, Stopping threads took: 0.0000700 seconds
198.969: Application time: 0.0743990 seconds
198.969: [GC [PSYoungGen: 14320K->512K(15872K)] 31856K->18056K(51712K), 0.0005070 secs] [Times: user=0.00 sys=0.00, real=0.00 secs] 
198.970: Total time for which application threads were stopped: 0.0006370 seconds, Stopping threads took: 0.0000540 seconds
199.044: Application time: 0.0740060 seconds
199.044: [GC [PSYoungGen: 14336K->496K(15872K)] 31880K->18040K(51712K), 0.0005180 secs] [Times: user=0.00 sys=0.00, real=0.00 secs] 
199.045: Total time for which application threads were stopped: 0.0006520 seconds, Stopping threads took: 0.0000580 seconds
199.118: Application time: 0.0737150 seconds
199.118: [GC [PSYoungGen: 14320K->464K(15872K)] 31864K->18008K(51712K), 0.0005170 secs] [Times: user=0.01 sys=0.00, real=0.00 secs] 
199.119: Total time for which application threads were stopped: 0.0006560 seconds, Stopping threads took: 0.0000610 seconds
199.192: Application time: 0.0726080 seconds
199.192: [GC [PSYoungGen: 14288K->496K(15872K)] 31832K->18040K(51712K), 0.0004970 secs] [Times: user=0.00 sys=0.00, real=0.00 secs] 
199.192: Total time for which application threads were stopped: 0.0006230 seconds, Stopping threads took: 0.0000570 seconds
199.265: Application time: 0.0725910 seconds
199.265: [GC [PSYoungGen: 14320K->512K(15872K)] 31864K->18056K(51712K), 0.0005060 secs] [Times: user=0.00 sys=0.00, real=0.01 secs] 
199.265: Total time for which application threads were stopped: 0.0006320 seconds, Stopping threads took: 0.0000530 seconds
199.339: Application time: 0.0734600 seconds
199.339: [GC [PSYoungGen: 14336K->496K(15872K)] 31880K->18040K(51712K), 0.0005250 secs] [Times: user=0.00 sys=0.00, real=0.00 secs] 
199.340: Total time for which application threads were stopped: 0.0006770 seconds, Stopping threads took: 0.0000640 seconds
199.414: Application time: 0.0743040 seconds
199.414: [GC [PSYoungGen: 14320K->512K(15872K)] 31864K->18056K(51712K), 0.0005140 secs] [Times: user=0.00 sys=0.00, real=0.00 secs] 
199.414: Total time for which application threads were stopped: 0.0006490 seconds, Stopping threads took: 0.0000630 seconds
199.488: Application time: 0.0739710 seconds
199.489: [GC [PSYoungGen: 14336K->448K(15872K)] 31880K->18000K(51712K), 0.0005570 secs] [Times: user=0.00 sys=0.00, real=0.00 secs] 
199.489: Total time for which application threads were stopped: 0.0006820 seconds, Stopping threads took: 0.0000550 seconds
199.563: Application time: 0.0736890 seconds
199.563: [GC [PSYoungGen: 14272K->496K(15872K)] 31824K->18056K(51712K), 0.0005260 secs] [Times: user=0.01 sys=0.00, real=0.00 secs] 
199.563: Total time for which application threads were stopped: 0.0006600 seconds, Stopping threads took: 0.0000580 seconds
199.637: Application time: 0.0739360 seconds
199.638: [GC [PSYoungGen: 14320K->480K(15872K)] 31880K->18048K(51712K), 0.0005030 secs] [Times: user=0.00 sys=0.00, real=0.00 secs] 
199.638: Total time for which application threads were stopped: 0.0006460 seconds, Stopping threads took: 0.0000700 seconds
199.712: Application time: 0.0737910 seconds
199.712: [GC [PSYoungGen: 14304K->528K(15872K)] 31872K->18104K(51712K), 0.0005130 secs] [Times: user=0.00 sys=0.00, real=0.00 secs] 
199.712: Total time for which application threads were stopped: 0.0006450 seconds, Stopping threads took: 0.0000580 seconds
199.787: Application time: 0.0741530 seconds
199.787: [GC [PSYoungGen: 14352K->512K(15872K)] 31928K->18088K(51712K), 0.0005250 secs] [Times: user=0.01 sys=0.00, real=0.00 secs] 
199.787: Total time for which application threads were stopped: 0.0006540 seconds, Stopping threads took: 0.0000570 seconds
199.862: Application time: 0.0744190 seconds
199.862: [GC [PSYoungGen: 14336K->512K(15872K)] 31912K->18088K(51712K), 0.0005150 secs] [Times: user=0.00 sys=0.00, real=0.00 secs] 
199.862: Total time for which application threads were stopped: 0.0006710 seconds, Stopping threads took: 0.0000710 seconds
199.934: Application time: 0.0718190 seconds
199.934: [GC [PSYoungGen: 14336K->528K(15872K)] 31912K->18104K(51712K), 0.0005340 secs] [Times: user=0.01 sys=0.00, real=0.00 secs] 
199.935: Total time for which application threads were stopped: 0.0006600 seconds, Stopping threads took: 0.0000530 seconds
200.008: Application time: 0.0728080 seconds
200.008: [GC [PSYoungGen: 14352K->480K(15872K)] 31928K->18056K(51712K), 0.0005460 secs] [Times: user=0.00 sys=0.00, real=0.00 secs] 
200.008: Total time for which application threads were stopped: 0.0006760 seconds, Stopping threads took: 0.0000550 seconds
200.082: Application time: 0.0732960 seconds
200.082: [GC [PSYoungGen: 14304K->480K(15872K)] 31880K->18056K(51712K), 0.0006150 secs] [Times: user=0.00 sys=0.00, real=0.00 secs] 
200.082: Total time for which application threads were stopped: 0.0007530 seconds, Stopping threads took: 0.0000630 seconds
200.157: Application time: 0.0742650 seconds
200.157: [GC [PSYoungGen: 14304K->512K(15872K)] 31880K->18088K(51712K), 0.0005230 secs] [Times: user=0.01 sys=0.00, real=0.00 secs] 
200.157: Total time for which application threads were stopped: 0.0006760 seconds, Stopping threads took: 0.0000750 seconds
200.231: Application time: 0.0739720 seconds
200.231: [GC [PSYoungGen: 14336K->480K(15872K)] 31912K->18064K(51712K), 0.0005010 secs] [Times: user=0.00 sys=0.00, real=0.00 secs] 
200.232: Total time for which application threads were stopped: 0.0006300 seconds, Stopping threads took: 0.0000590 seconds
200.306: Application time: 0.0740880 seconds
200.306: [GC [PSYoungGen: 14304K->528K(15872K)] 31888K->18120K(51712K), 0.0005100 secs] [Times: user=0.00 sys=0.00, real=0.00 secs] 
200.307: Total time for which application threads were stopped: 0.0006390 seconds, Stopping threads took: 0.0000570 seconds
200.381: Application time: 0.0742350 seconds
200.381: [GC [PSYoungGen: 14352K->512K(15872K)] 31944K->18112K(51712K), 0.0005510 secs] [Times: user=0.00 sys=0.00, real=0.00 secs] 
200.382: Total time for which application threads were stopped: 0.0010300 seconds, Stopping threads took: 0.0003910 seconds
200.457: Application time: 0.0748430 seconds
200.457: [GC [PSYoungGen: 14336K->496K(15872K)] 31936K->18104K(51712K), 0.0005620 secs] [Times: user=0.00 sys=0.00, real=0.00 secs] 
200.458: Total time for which application threads were stopped: 0.0007090 seconds, Stopping threads took: 0.0000710 seconds
200.531: Application time: 0.0737430 seconds
200.531: [GC [PSYoungGen: 14320K->528K(15872K)] 31928K->18136K(51712K), 0.0005880 secs] [Times: user=0.00 sys=0.00, real=0.00 secs] 
200.532: Total time for which application threads were stopped: 0.0007260 seconds, Stopping threads took: 0.0000620 seconds
200.606: Application time: 0.0741290 seconds
200.606: [GC [PSYoungGen: 14352K->496K(15872K)] 31960K->18104K(51712K), 0.0005270 secs] [Times: user=0.00 sys=0.00, real=0.00 secs] 
200.607: Total time for which application threads were stopped: 0.0006750 seconds, Stopping threads took: 0.0000740 seconds
200.679: Application time: 0.0719410 seconds
200.679: [GC [PSYoungGen: 14320K->512K(15872K)] 31928K->18120K(51712K), 0.0005650 secs] [Times: user=0.00 sys=0.00, real=0.00 secs] 
200.679: Total time for which application threads were stopped: 0.0006930 seconds, Stopping threads took: 0.0000520 seconds
200.752: Application time: 0.0725280 seconds
200.752: [GC [PSYoungGen: 14336K->480K(15872K)] 31944K->18088K(51712K), 0.0005480 secs] [Times: user=0.00 sys=0.00, real=0.00 secs] 
200.753: Total time for which application threads were stopped: 0.0006670 seconds, Stopping threads took: 0.0000450 seconds
200.826: Application time: 0.0732060 seconds
200.826: [GC [PSYoungGen: 14304K->512K(15872K)] 31912K->18120K(51712K), 0.0005110 secs] [Times: user=0.00 sys=0.00, real=0.00 secs] 
200.826: Total time for which application threads were stopped: 0.0006480 seconds, Stopping threads took: 0.0000620 seconds
200.901: Application time: 0.0741140 seconds
200.901: [GC [PSYoungGen: 14336K->480K(15872K)] 31944K->18088K(51712K), 0.0005150 secs] [Times: user=0.00 sys=0.00, real=0.00 secs] 
200.901: Total time for which application threads were stopped: 0.0006560 seconds, Stopping threads took: 0.0000570 seconds
200.975: Application time: 0.0739930 seconds
200.975: [GC [PSYoungGen: 14304K->512K(15872K)] 31912K->18120K(51712K), 0.0005260 secs] [Times: user=0.00 sys=0.00, real=0.00 secs] 
200.976: Total time for which application threads were stopped: 0.0006820 seconds, Stopping threads took: 0.0000790 seconds
201.050: Application time: 0.0738830 seconds
201.050: [GC [PSYoungGen: 14336K->512K(15872K)] 31944K->18128K(51712K), 0.0005110 secs] [Times: user=0.01 sys=0.00, real=0.00 secs] 
201.050: Total time for which application threads were stopped: 0.0006390 seconds, Stopping threads took: 0.0000550 seconds
201.125: Application time: 0.0740890 seconds
201.125: [GC [PSYoungGen: 14336K->512K(15872K)] 31952K->18136K(51712K), 0.0005930 secs] [Times: user=0.00 sys=0.00, real=0.00 secs] 
201.125: Total time for which application threads were stopped: 0.0007100 seconds, Stopping threads took: 0.0000490 seconds
201.200: Application time: 0.0742400 seconds
201.200: [GC [PSYoungGen: 14336K->528K(15872K)] 31960K->18168K(51712K), 0.0005140 secs] [Times: user=0.00 sys=0.00, real=0.00 secs] 
201.200: Total time for which application threads were stopped: 0.0006410 seconds, Stopping threads took: 0.0000510 seconds
201.275: Application time: 0.0744220 seconds
201.275: [GC [PSYoungGen: 14352K->496K(15872K)] 31992K->18136K(51712K), 0.0005240 secs] [Times: user=0.00 sys=0.00, real=0.00 secs] 
201.275: Total time for which application threads were stopped: 0.0006510 seconds, Stopping threads took: 0.0000520 seconds
201.349: Application time: 0.0738140 seconds
201.349: [GC [PSYoungGen: 14320K->544K(15872K)] 31960K->18184K(51712K), 0.0005410 secs] [Times: user=0.00 sys=0.00, real=0.00 secs] 
201.350: Total time for which application threads were stopped: 0.0006710 seconds, Stopping threads took: 0.0000520 seconds
201.423: Application time: 0.0731480 seconds
201.423: [GC [PSYoungGen: 14368K->528K(15872K)] 32008K->18168K(51712K), 0.0005220 secs] [Times: user=0.00 sys=0.00, real=0.00 secs] 
201.424: Total time for which application threads were stopped: 0.0006820 seconds, Stopping threads took: 0.0000740 seconds
201.495: Application time: 0.0713360 seconds
201.495: [GC [PSYoungGen: 14352K->528K(15872K)] 31992K->18168K(51712K), 0.0005600 secs] [Times: user=0.00 sys=0.00, real=0.00 secs] 
201.496: Total time for which application threads were stopped: 0.0006990 seconds, Stopping threads took: 0.0000540 seconds
201.570: Application time: 0.0741630 seconds
201.570: [GC [PSYoungGen: 14352K->512K(15872K)] 31992K->18152K(51712K), 0.0005950 secs] [Times: user=0.00 sys=0.00, real=0.00 secs] 
201.570: Total time for which application threads were stopped: 0.0007300 seconds, Stopping threads took: 0.0000580 seconds
201.644: Application time: 0.0735190 seconds
201.644: [GC [PSYoungGen: 14336K->480K(15872K)] 31976K->18120K(51712K), 0.0005200 secs] [Times: user=0.00 sys=0.00, real=0.00 secs] 
201.645: Total time for which application threads were stopped: 0.0006620 seconds, Stopping threads took: 0.0000630 seconds
201.719: Application time: 0.0740600 seconds
201.719: [GC [PSYoungGen: 14304K->512K(15872K)] 31944K->18152K(51712K), 0.0005950 secs] [Times: user=0.01 sys=0.00, real=0.00 secs] 
201.719: Total time for which application threads were stopped: 0.0007400 seconds, Stopping threads took: 0.0000660 seconds
201.793: Application time: 0.0735810 seconds
201.793: [GC [PSYoungGen: 14336K->512K(15872K)] 31976K->18160K(51712K), 0.0005390 secs] [Times: user=0.01 sys=0.00, real=0.01 secs] 
201.794: Total time for which application threads were stopped: 0.0006780 seconds, Stopping threads took: 0.0000650 seconds
201.868: Application time: 0.0739970 seconds
201.868: [GC [PSYoungGen: 14336K->528K(15872K)] 31984K->18184K(51712K), 0.0004920 secs] [Times: user=0.00 sys=0.00, real=0.00 secs] 
201.868: Total time for which application threads were stopped: 0.0006170 seconds, Stopping threads took: 0.0000520 seconds
201.943: Application time: 0.0748790 seconds
201.945: [GC [PSYoungGen: 14352K->512K(15872K)] 32008K->18176K(51712K), 0.0005320 secs] [Times: user=0.00 sys=0.00, real=0.00 secs] 
201.946: Total time for which application threads were stopped: 0.0027220 seconds, Stopping threads took: 0.0021090 seconds
202.020: Application time: 0.0744360 seconds
202.020: [GC [PSYoungGen: 14336K->496K(15872K)] 32000K->18160K(51712K), 0.0005410 secs] [Times: user=0.00 sys=0.00, real=0.00 secs] 
202.021: Total time for which application threads were stopped: 0.0006610 seconds, Stopping threads took: 0.0000460 seconds
202.095: Application time: 0.0738660 seconds
202.095: [GC [PSYoungGen: 14320K->544K(15872K)] 31984K->18208K(51712K), 0.0005520 secs] [Times: user=0.00 sys=0.00, real=0.00 secs] 
202.096: Total time for which application threads were stopped: 0.0006910 seconds, Stopping threads took: 0.0000630 seconds
202.169: Application time: 0.0732880 seconds
202.169: [GC [PSYoungGen: 14368K->512K(15872K)] 32032K->18176K(51712K), 0.0005270 secs] [Times: user=0.00 sys=0.00, real=0.00 secs] 
202.170: Total time for which application threads were stopped: 0.0006650 seconds, Stopping threads took: 0.0000620 seconds
202.241: Application time: 0.0713230 seconds
202.241: [GC [PSYoungGen: 14336K->496K(15872K)] 32000K->18160K(51712K), 0.0004870 secs] [Times: user=0.00 sys=0.00, real=0.00 secs] 
202.242: Total time for which application threads were stopped: 0.0006160 seconds, Stopping threads took: 0.0000550 seconds
202.315: Application time: 0.0738670 seconds
202.315: [GC [PSYoungGen: 14320K->496K(15872K)] 31984K->18160K(51712K), 0.0005510 secs] [Times: user=0.00 sys=0.00, real=0.00 secs] 
202.316: Total time for which application threads were stopped: 0.0006950 seconds, Stopping threads took: 0.0000650 seconds
202.390: Application time: 0.0738220 seconds
202.390: [GC [PSYoungGen: 14320K->528K(15872K)] 31984K->18192K(51712K), 0.0005010 secs] [Times: user=0.00 sys=0.00, real=0.00 secs] 
202.391: Total time for which application threads were stopped: 0.0006480 seconds, Stopping threads took: 0.0000720 seconds
202.465: Application time: 0.0741600 seconds
202.465: [GC [PSYoungGen: 14352K->544K(15872K)] 32016K->18208K(51712K), 0.0005410 secs] [Times: user=0.00 sys=0.00, real=0.01 secs] 
202.465: Total time for which application threads were stopped: 0.0006950 seconds, Stopping threads took: 0.0000680 seconds
202.539: Application time: 0.0736840 seconds
202.539: [GC [PSYoungGen: 14368K->512K(15872K)] 32032K->18184K(51712K), 0.0005370 secs] [Times: user=0.00 sys=0.00, real=0.00 secs] 
202.540: Total time for which application threads were stopped: 0.0006790 seconds, Stopping threads took: 0.0000620 seconds
202.614: Application time: 0.0743560 seconds
202.614: [GC [PSYoungGen: 14336K->512K(15872K)] 32008K->18192K(51712K), 0.0005070 secs] [Times: user=0.00 sys=0.00, real=0.00 secs] 
202.615: Total time for which application threads were stopped: 0.0006390 seconds, Stopping threads took: 0.0000560 seconds
202.688: Application time: 0.0734480 seconds
202.688: [GC [PSYoungGen: 14336K->512K(15872K)] 32016K->18192K(51712K), 0.0005210 secs] [Times: user=0.01 sys=0.00, real=0.00 secs] 
202.689: Total time for which application threads were stopped: 0.0006490 seconds, Stopping threads took: 0.0000540 seconds
202.763: Application time: 0.0744170 seconds
202.763: [GC [PSYoungGen: 14336K->528K(15872K)] 32016K->18216K(51712K), 0.0005340 secs] [Times: user=0.00 sys=0.00, real=0.00 secs] 
202.764: Total time for which application threads were stopped: 0.0006630 seconds, Stopping threads took: 0.0000540 seconds
202.838: Application time: 0.0741100 seconds
202.838: [GC [PSYoungGen: 14352K->544K(15872K)] 32040K->18232K(51712K), 0.0005390 secs] [Times: user=0.00 sys=0.00, real=0.00 secs] 
202.839: Total time for which application threads were stopped: 0.0006670 seconds, Stopping threads took: 0.0000540 seconds
202.913: Application time: 0.0741330 seconds
202.913: [GC [PSYoungGen: 14368K->464K(15872K)] 32056K->18152K(51712K), 0.0005620 secs] [Times: user=0.00 sys=0.00, real=0.01 secs] 
202.914: Total time for which application threads were stopped: 0.0007150 seconds, Stopping threads took: 0.0000780 seconds
202.985: Application time: 0.0711630 seconds
202.985: [GC [PSYoungGen: 14288K->496K(15872K)] 31976K->18184K(51712K), 0.0004920 secs] [Times: user=0.00 sys=0.00, real=0.01 secs] 
202.985: Total time for which application threads were stopped: 0.0006300 seconds, Stopping threads took: 0.0000560 seconds
203.059: Application time: 0.0736960 seconds
203.059: [GC [PSYoungGen: 14320K->496K(15872K)] 32008K->18184K(51712K), 0.0005140 secs] [Times: user=0.00 sys=0.00, real=0.00 secs] 
203.060: Total time for which application threads were stopped: 0.0006400 seconds, Stopping threads took: 0.0000520 seconds
203.134: Application time: 0.0738310 seconds
203.134: [GC [PSYoungGen: 14320K->480K(15872K)] 32008K->18168K(51712K), 0.0005120 secs] [Times: user=0.00 sys=0.00, real=0.00 secs] 
203.134: Total time for which application threads were stopped: 0.0006320 seconds, Stopping threads took: 0.0000430 seconds
203.209: Application time: 0.0743190 seconds
203.209: [GC [PSYoungGen: 14304K->528K(15872K)] 31992K->18216K(51712K), 0.0005050 secs] [Times: user=0.00 sys=0.00, real=0.00 secs] 
203.209: Total time for which application threads were stopped: 0.0006300 seconds, Stopping threads took: 0.0000510 seconds
203.283: Application time: 0.0739670 seconds
203.283: [GC [PSYoungGen: 14352K->480K(15872K)] 32040K->18176K(51712K), 0.0005140 secs] [Times: user=0.00 sys=0.00, real=0.00 secs] 
203.284: Total time for which application threads were stopped: 0.0006500 seconds, Stopping threads took: 0.0000610 seconds
203.357: Application time: 0.0736200 seconds
203.357: [GC [PSYoungGen: 14304K->464K(15872K)] 32000K->18168K(51712K), 0.0005510 secs] [Times: user=0.00 sys=0.00, real=0.00 secs] 
203.358: Total time for which application threads were stopped: 0.0006760 seconds, Stopping threads took: 0.0000510 seconds
203.433: Application time: 0.0745920 seconds
203.433: [GC [PSYoungGen: 14288K->480K(15872K)] 31992K->18184K(51712K), 0.0005950 secs] [Times: user=0.00 sys=0.00, real=0.01 secs] 
203.433: Total time for which application threads were stopped: 0.0007280 seconds, Stopping threads took: 0.0000620 seconds
203.507: Application time: 0.0739490 seconds
203.507: [GC [PSYoungGen: 14304K->512K(15872K)] 32008K->18232K(51712K), 0.0005060 secs] [Times: user=0.00 sys=0.00, real=0.00 secs] 
203.508: Total time for which application threads were stopped: 0.0006560 seconds, Stopping threads took: 0.0000560 seconds
203.582: Application time: 0.0740340 seconds
203.582: [GC [PSYoungGen: 14336K->512K(15872K)] 32056K->18232K(51712K), 0.0005630 secs] [Times: user=0.00 sys=0.00, real=0.00 secs] 
203.583: Total time for which application threads were stopped: 0.0006960 seconds, Stopping threads took: 0.0000550 seconds
203.657: Application time: 0.0739640 seconds
203.657: [GC [PSYoungGen: 14336K->528K(15872K)] 32056K->18248K(51712K), 0.0005260 secs] [Times: user=0.00 sys=0.00, real=0.00 secs] 
203.657: Total time for which application threads were stopped: 0.0006520 seconds, Stopping threads took: 0.0000510 seconds
203.729: Application time: 0.0719310 seconds
203.729: [GC [PSYoungGen: 14352K->480K(15872K)] 32072K->18200K(51712K), 0.0005090 secs] [Times: user=0.00 sys=0.00, real=0.00 secs] 
203.730: Total time for which application threads were stopped: 0.0006400 seconds, Stopping threads took: 0.0000540 seconds
203.802: Application time: 0.0723640 seconds
203.802: [GC [PSYoungGen: 14304K->512K(15872K)] 32024K->18232K(51712K), 0.0005240 secs] [Times: user=0.00 sys=0.00, real=0.00 secs] 
203.803: Total time for which application threads were stopped: 0.0006610 seconds, Stopping threads took: 0.0000600 seconds
203.877: Application time: 0.0735730 seconds
203.877: [GC [PSYoungGen: 14336K->544K(15872K)] 32056K->18264K(51712K), 0.0005030 secs] [Times: user=0.00 sys=0.00, real=0.00 secs] 
203.877: Total time for which application threads were stopped: 0.0006420 seconds, Stopping threads took: 0.0000620 seconds
203.951: Application time: 0.0737880 seconds
203.951: [GC [PSYoungGen: 14368K->448K(15872K)] 32088K->18168K(51712K), 0.0005710 secs] [Times: user=0.00 sys=0.00, real=0.00 secs] 
203.952: Total time for which application threads were stopped: 0.0007070 seconds, Stopping threads took: 0.0000570 seconds
204.026: Application time: 0.0744600 seconds
204.026: [GC [PSYoungGen: 14272K->480K(15872K)] 31992K->18200K(51712K), 0.0005070 secs] [Times: user=0.00 sys=0.00, real=0.00 secs] 
204.027: Total time for which application threads were stopped: 0.0006410 seconds, Stopping threads took: 0.0000490 seconds
204.100: Application time: 0.0733870 seconds
204.100: [GC [PSYoungGen: 14304K->528K(15872K)] 32024K->18256K(51712K), 0.0005090 secs] [Times: user=0.01 sys=0.00, real=0.00 secs] 
204.101: Total time for which application threads were stopped: 0.0006420 seconds, Stopping threads took: 0.0000580 seconds
204.175: Application time: 0.0741290 seconds
204.175: [GC [PSYoungGen: 14352K->496K(15872K)] 32080K->18232K(51712K), 0.0004930 secs] [Times: user=0.00 sys=0.00, real=0.00 secs] 
204.176: Total time for which application threads were stopped: 0.0006230 seconds, Stopping threads took: 0.0000560 seconds
204.250: Application time: 0.0740790 seconds
204.250: [GC [PSYoungGen: 14320K->512K(15872K)] 32056K->18256K(51712K), 0.0005390 secs] [Times: user=0.01 sys=0.00, real=0.00 secs] 
204.250: Total time for which application threads were stopped: 0.0006770 seconds, Stopping threads took: 0.0000610 seconds
204.324: Application time: 0.0737470 seconds
204.324: [GC [PSYoungGen: 14336K->512K(15872K)] 32080K->18256K(51712K), 0.0005480 secs] [Times: user=0.00 sys=0.00, real=0.00 secs] 
204.325: Total time for which application threads were stopped: 0.0006750 seconds, Stopping threads took: 0.0000540 seconds
204.399: Application time: 0.0742810 seconds
204.399: [GC [PSYoungGen: 14336K->512K(15872K)] 32080K->18256K(51712K), 0.0005150 secs] [Times: user=0.00 sys=0.00, real=0.00 secs] 
204.400: Total time for which application threads were stopped: 0.0006390 seconds, Stopping threads took: 0.0000490 seconds
204.472: Application time: 0.0721910 seconds
204.472: [GC [PSYoungGen: 14336K->512K(15872K)] 32080K->18256K(51712K), 0.0004870 secs] [Times: user=0.00 sys=0.00, real=0.00 secs] 
204.472: Total time for which application threads were stopped: 0.0006170 seconds, Stopping threads took: 0.0000580 seconds
204.545: Application time: 0.0722900 seconds
204.545: [GC [PSYoungGen: 14336K->496K(15872K)] 32080K->18240K(51712K), 0.0006010 secs] [Times: user=0.00 sys=0.00, real=0.01 secs] 
204.546: Total time for which application threads were stopped: 0.0007520 seconds, Stopping threads took: 0.0000620 seconds
204.619: Application time: 0.0731360 seconds
204.619: [GC [PSYoungGen: 14320K->496K(15872K)] 32064K->18240K(51712K), 0.0004880 secs] [Times: user=0.01 sys=0.00, real=0.00 secs] 
204.619: Total time for which application threads were stopped: 0.0006110 seconds, Stopping threads took: 0.0000520 seconds
204.694: Application time: 0.0743090 seconds
204.694: [GC [PSYoungGen: 14320K->528K(15872K)] 32064K->18272K(51712K), 0.0005800 secs] [Times: user=0.00 sys=0.00, real=0.00 secs] 
204.694: Total time for which application threads were stopped: 0.0007140 seconds, Stopping threads took: 0.0000580 seconds
204.768: Application time: 0.0739970 seconds
204.768: [GC [PSYoungGen: 14352K->496K(15872K)] 32096K->18240K(51712K), 0.0005340 secs] [Times: user=0.00 sys=0.00, real=0.00 secs] 
204.769: Total time for which application threads were stopped: 0.0006740 seconds, Stopping threads took: 0.0000680 seconds
204.842: Application time: 0.0734800 seconds
204.843: [GC [PSYoungGen: 14320K->528K(15872K)] 32064K->18280K(51712K), 0.0005210 secs] [Times: user=0.00 sys=0.00, real=0.00 secs] 
204.843: Total time for which application threads were stopped: 0.0006520 seconds, Stopping threads took: 0.0000580 seconds
204.918: Application time: 0.0745480 seconds
204.918: [GC [PSYoungGen: 14352K->512K(15872K)] 32104K->18272K(51712K), 0.0005550 secs] [Times: user=0.00 sys=0.00, real=0.00 secs] 
204.918: Total time for which application threads were stopped: 0.0007310 seconds, Stopping threads took: 0.0000950 seconds
204.993: Application time: 0.0743140 seconds
204.993: [GC [PSYoungGen: 14336K->480K(15872K)] 32096K->18248K(51712K), 0.0005180 secs] [Times: user=0.00 sys=0.00, real=0.01 secs] 
204.993: Total time for which application threads were stopped: 0.0006570 seconds, Stopping threads took: 0.0000620 seconds
205.068: Application time: 0.0742140 seconds
205.068: [GC [PSYoungGen: 14304K->496K(15872K)] 32072K->18264K(51712K), 0.0005840 secs] [Times: user=0.00 sys=0.00, real=0.00 secs] 
205.068: Total time for which application threads were stopped: 0.0007280 seconds, Stopping threads took: 0.0000590 seconds
205.143: Application time: 0.0744280 seconds
205.143: [GC [PSYoungGen: 14320K->512K(15872K)] 32088K->18280K(51712K), 0.0005540 secs] [Times: user=0.00 sys=0.00, real=0.00 secs] 
205.143: Total time for which application threads were stopped: 0.0006840 seconds, Stopping threads took: 0.0000550 seconds
205.215: Application time: 0.0719630 seconds
205.215: [GC [PSYoungGen: 14336K->496K(15872K)] 32104K->18264K(51712K), 0.0004860 secs] [Times: user=0.00 sys=0.00, real=0.00 secs] 
205.216: Total time for which application threads were stopped: 0.0006150 seconds, Stopping threads took: 0.0000570 seconds
205.288: Application time: 0.0723120 seconds
205.288: [GC [PSYoungGen: 14320K->496K(15872K)] 32088K->18264K(51712K), 0.0005450 secs] [Times: user=0.00 sys=0.00, real=0.00 secs] 
205.289: Total time for which application threads were stopped: 0.0006760 seconds, Stopping threads took: 0.0000570 seconds
205.362: Application time: 0.0733640 seconds
205.362: [GC [PSYoungGen: 14320K->464K(15872K)] 32088K->18232K(51712K), 0.0005500 secs] [Times: user=0.00 sys=0.00, real=0.00 secs] 
205.363: Total time for which application threads were stopped: 0.0006850 seconds, Stopping threads took: 0.0000580 seconds
205.437: Application time: 0.0741180 seconds
205.441: [GC [PSYoungGen: 14288K->496K(15872K)] 32056K->18264K(51712K), 0.0004990 secs] [Times: user=0.00 sys=0.00, real=0.00 secs] 
205.442: Total time for which application threads were stopped: 0.0047310 seconds, Stopping threads took: 0.0041600 seconds
205.515: Application time: 0.0735770 seconds
205.516: [GC [PSYoungGen: 14320K->528K(15872K)] 32088K->18296K(51712K), 0.0006040 secs] [Times: user=0.00 sys=0.00, real=0.00 secs] 
205.516: Total time for which application threads were stopped: 0.0007570 seconds, Stopping threads took: 0.0000660 seconds
205.590: Application time: 0.0741220 seconds
205.590: [GC [PSYoungGen: 14352K->544K(15872K)] 32120K->18320K(51712K), 0.0005010 secs] [Times: user=0.00 sys=0.00, real=0.00 secs] 
205.591: Total time for which application threads were stopped: 0.0006400 seconds, Stopping threads took: 0.0000560 seconds
205.664: Application time: 0.0732950 seconds
205.665: [GC [PSYoungGen: 14368K->480K(15872K)] 32144K->18264K(51712K), 0.0005170 secs] [Times: user=0.00 sys=0.00, real=0.00 secs] 
205.666: Total time for which application threads were stopped: 0.0016370 seconds, Stopping threads took: 0.0010440 seconds
205.740: Application time: 0.0743420 seconds
205.740: [GC [PSYoungGen: 14304K->432K(15872K)] 32088K->18224K(51712K), 0.0005270 secs] [Times: user=0.01 sys=0.00, real=0.00 secs] 
205.741: Total time for which application threads were stopped: 0.0006870 seconds, Stopping threads took: 0.0000830 seconds
205.814: Application time: 0.0733580 seconds
205.814: [GC [PSYoungGen: 14256K->512K(15872K)] 32048K->18304K(51712K), 0.0005110 secs] [Times: user=0.00 sys=0.00, real=0.00 secs] 
205.815: Total time for which application threads were stopped: 0.0006360 seconds, Stopping threads took: 0.0000500 seconds
205.889: Application time: 0.0742610 seconds
205.889: [GC [PSYoungGen: 14336K->480K(15872K)] 32128K->18272K(51712K), 0.0005570 secs] [Times: user=0.00 sys=0.00, real=0.00 secs] 
205.890: Total time for which application threads were stopped: 0.0006910 seconds, Stopping threads took: 0.0000550 seconds
205.963: Application time: 0.0732040 seconds
205.963: [GC [PSYoungGen: 14304K->512K(15872K)] 32096K->18304K(51712K), 0.0005160 secs] [Times: user=0.00 sys=0.00, real=0.00 secs] 
205.964: Total time for which application threads were stopped: 0.0006420 seconds, Stopping threads took: 0.0000520 seconds
206.036: Application time: 0.0722480 seconds
206.036: [GC [PSYoungGen: 14336K->496K(15872K)] 32128K->18288K(51712K), 0.0005230 secs] [Times: user=0.01 sys=0.00, real=0.00 secs] 
206.037: Total time for which application threads were stopped: 0.0006590 seconds, Stopping threads took: 0.0000580 seconds
206.110: Application time: 0.0733660 seconds
206.113: [GC [PSYoungGen: 14320K->464K(15872K)] 32112K->18256K(51712K), 0.0005300 secs] [Times: user=0.00 sys=0.00, real=0.00 secs] 
206.114: Total time for which application threads were stopped: 0.0039210 seconds, Stopping threads took: 0.0033010 seconds
206.187: Application time: 0.0735190 seconds
206.188: [GC [PSYoungGen: 14288K->496K(15872K)] 32080K->18288K(51712K), 0.0005120 secs] [Times: user=0.00 sys=0.00, real=0.00 secs] 
206.188: Total time for which application threads were stopped: 0.0006370 seconds, Stopping threads took: 0.0000520 seconds
206.262: Application time: 0.0742290 seconds
206.262: [GC [PSYoungGen: 14320K->512K(15872K)] 32112K->18304K(51712K), 0.0005620 secs] [Times: user=0.00 sys=0.00, real=0.00 secs] 
206.263: Total time for which application threads were stopped: 0.0006900 seconds, Stopping threads took: 0.0000540 seconds
206.337: Application time: 0.0741810 seconds
206.337: [GC [PSYoungGen: 14336K->496K(15872K)] 32128K->18296K(51712K), 0.0005000 secs] [Times: user=0.01 sys=0.00, real=0.00 secs] 
206.338: Total time for which application threads were stopped: 0.0006370 seconds, Stopping threads took: 0.0000630 seconds
206.411: Application time: 0.0730760 seconds
206.411: [GC [PSYoungGen: 14320K->512K(15872K)] 32120K->18320K(51712K), 0.0005090 secs] [Times: user=0.00 sys=0.00, real=0.00 secs] 
206.412: Total time for which application threads were stopped: 0.0006300 seconds, Stopping threads took: 0.0000490 seconds
206.487: Application time: 0.0749430 seconds
206.487: [GC [PSYoungGen: 14336K->528K(15872K)] 32144K->18344K(51712K), 0.0005450 secs] [Times: user=0.01 sys=0.00, real=0.00 secs] 
206.487: Total time for which application threads were stopped: 0.0006880 seconds, Stopping threads took: 0.0000620 seconds
206.561: Application time: 0.0737670 seconds
206.561: [GC [PSYoungGen: 14352K->496K(15872K)] 32168K->18312K(51712K), 0.0005230 secs] [Times: user=0.00 sys=0.00, real=0.00 secs] 
206.562: Total time for which application threads were stopped: 0.0006590 seconds, Stopping threads took: 0.0000610 seconds
206.636: Application time: 0.0742420 seconds
206.636: [GC [PSYoungGen: 14320K->464K(15872K)] 32136K->18280K(51712K), 0.0005630 secs] [Times: user=0.00 sys=0.00, real=0.00 secs] 
206.637: Total time for which application threads were stopped: 0.0007170 seconds, Stopping threads took: 0.0000670 seconds
206.710: Application time: 0.0736670 seconds
206.713: [GC [PSYoungGen: 14288K->512K(15872K)] 32104K->18328K(51712K), 0.0005180 secs] [Times: user=0.00 sys=0.00, real=0.00 secs] 
206.714: Total time for which application threads were stopped: 0.0036450 seconds, Stopping threads took: 0.0030520 seconds
206.786: Application time: 0.0717880 seconds
206.786: [GC [PSYoungGen: 14336K->512K(15872K)] 32152K->18328K(51712K), 0.0005210 secs] [Times: user=0.00 sys=0.00, real=0.00 secs] 
206.786: Total time for which application threads were stopped: 0.0006540 seconds, Stopping threads took: 0.0000570 seconds
206.859: Application time: 0.0730060 seconds
206.859: [GC [PSYoungGen: 14336K->544K(15872K)] 32152K->18360K(51712K), 0.0005380 secs] [Times: user=0.00 sys=0.00, real=0.00 secs] 
206.860: Total time for which application threads were stopped: 0.0006720 seconds, Stopping threads took: 0.0000560 seconds
206.934: Application time: 0.0738230 seconds
206.934: [GC [PSYoungGen: 14368K->544K(15872K)] 32184K->18360K(51712K), 0.0005060 secs] [Times: user=0.01 sys=0.00, real=0.00 secs] 
206.935: Total time for which application threads were stopped: 0.0006350 seconds, Stopping threads took: 0.0000570 seconds
207.008: Application time: 0.0737620 seconds
207.008: [GC [PSYoungGen: 14368K->512K(15872K)] 32184K->18328K(51712K), 0.0004930 secs] [Times: user=0.00 sys=0.00, real=0.00 secs] 
207.009: Total time for which application threads were stopped: 0.0006150 seconds, Stopping threads took: 0.0000490 seconds
207.083: Application time: 0.0738570 seconds
207.083: [GC [PSYoungGen: 14331K->544K(15872K)] 32148K->18368K(51712K), 0.0005370 secs] [Times: user=0.00 sys=0.00, real=0.00 secs] 
207.083: Total time for which application threads were stopped: 0.0006690 seconds, Stopping threads took: 0.0000520 seconds
207.157: Application time: 0.0732920 seconds
207.157: [GC [PSYoungGen: 14368K->496K(15872K)] 32192K->18328K(51712K), 0.0005180 secs] [Times: user=0.00 sys=0.00, real=0.00 secs] 
207.157: Total time for which application threads were stopped: 0.0006610 seconds, Stopping threads took: 0.0000590 seconds
207.231: Application time: 0.0736490 seconds
207.231: [GC [PSYoungGen: 14320K->512K(15872K)] 32152K->18352K(51712K), 0.0005190 secs] [Times: user=0.00 sys=0.00, real=0.00 secs] 
207.232: Total time for which application threads were stopped: 0.0006490 seconds, Stopping threads took: 0.0000580 seconds
207.306: Application time: 0.0745180 seconds
207.306: [GC [PSYoungGen: 14336K->528K(15872K)] 32176K->18392K(51712K), 0.0005530 secs] [Times: user=0.00 sys=0.00, real=0.00 secs] 
207.307: Total time for which application threads were stopped: 0.0006880 seconds, Stopping threads took: 0.0000620 seconds
207.382: Application time: 0.0746950 seconds
207.382: [GC [PSYoungGen: 14352K->512K(15872K)] 32216K->18376K(51712K), 0.0005230 secs] [Times: user=0.00 sys=0.00, real=0.00 secs] 
207.382: Total time for which application threads were stopped: 0.0006530 seconds, Stopping threads took: 0.0000530 seconds
207.456: Application time: 0.0741450 seconds
207.456: [GC [PSYoungGen: 14336K->496K(15872K)] 32200K->18360K(51712K), 0.0005230 secs] [Times: user=0.00 sys=0.00, real=0.00 secs] 
207.457: Total time for which application threads were stopped: 0.0006540 seconds, Stopping threads took: 0.0000550 seconds
207.529: Application time: 0.0716900 seconds
207.529: [GC [PSYoungGen: 14320K->496K(15872K)] 32184K->18360K(51712K), 0.0005580 secs] [Times: user=0.00 sys=0.00, real=0.00 secs] 
207.529: Total time for which application threads were stopped: 0.0006840 seconds, Stopping threads took: 0.0000520 seconds
207.602: Application time: 0.0725970 seconds
207.602: [GC [PSYoungGen: 14320K->496K(15872K)] 32184K->18360K(51712K), 0.0005520 secs] [Times: user=0.00 sys=0.00, real=0.00 secs] 
207.603: Total time for which application threads were stopped: 0.0006720 seconds, Stopping threads took: 0.0000460 seconds
207.676: Application time: 0.0735230 seconds
207.676: [GC [PSYoungGen: 14320K->496K(15872K)] 32184K->18360K(51712K), 0.0005080 secs] [Times: user=0.00 sys=0.00, real=0.00 secs] 
207.677: Total time for which application threads were stopped: 0.0006510 seconds, Stopping threads took: 0.0000580 seconds
207.751: Application time: 0.0738850 seconds
207.751: [GC [PSYoungGen: 14320K->528K(15872K)] 32184K->18392K(51712K), 0.0005450 secs] [Times: user=0.00 sys=0.00, real=0.00 secs] 
207.751: Total time for which application threads were stopped: 0.0006820 seconds, Stopping threads took: 0.0000570 seconds
207.826: Application time: 0.0742060 seconds
207.826: [GC [PSYoungGen: 14352K->496K(15872K)] 32216K->18368K(51712K), 0.0005070 secs] [Times: user=0.00 sys=0.00, real=0.00 secs] 
207.826: Total time for which application threads were stopped: 0.0006360 seconds, Stopping threads took: 0.0000550 seconds
207.900: Application time: 0.0732660 seconds
207.900: [GC [PSYoungGen: 14320K->576K(15872K)] 32192K->18456K(51712K), 0.0005860 secs] [Times: user=0.00 sys=0.00, real=0.00 secs] 
207.900: Total time for which application threads were stopped: 0.0007300 seconds, Stopping threads took: 0.0000650 seconds
207.975: Application time: 0.0749510 seconds
207.975: [GC [PSYoungGen: 14400K->464K(15872K)] 32280K->18352K(51712K), 0.0005580 secs] [Times: user=0.00 sys=0.00, real=0.00 secs] 
207.976: Total time for which application threads were stopped: 0.0007010 seconds, Stopping threads took: 0.0000660 seconds
208.050: Application time: 0.0742760 seconds
208.050: [GC [PSYoungGen: 14288K->496K(15872K)] 32176K->18392K(51712K), 0.0005320 secs] [Times: user=0.00 sys=0.00, real=0.00 secs] 
208.051: Total time for which application threads were stopped: 0.0006800 seconds, Stopping threads took: 0.0000720 seconds
208.125: Application time: 0.0744900 seconds
208.125: [GC [PSYoungGen: 14320K->496K(15872K)] 32216K->18392K(51712K), 0.0005160 secs] [Times: user=0.00 sys=0.00, real=0.00 secs] 
208.126: Total time for which application threads were stopped: 0.0006390 seconds, Stopping threads took: 0.0000500 seconds
208.200: Application time: 0.0743450 seconds
208.200: [GC [PSYoungGen: 14320K->496K(15872K)] 32216K->18392K(51712K), 0.0005340 secs] [Times: user=0.00 sys=0.00, real=0.00 secs] 
208.201: Total time for which application threads were stopped: 0.0006850 seconds, Stopping threads took: 0.0000630 seconds
208.273: Application time: 0.0721540 seconds
208.273: [GC [PSYoungGen: 14320K->480K(15872K)] 32216K->18376K(51712K), 0.0005240 secs] [Times: user=0.00 sys=0.00, real=0.00 secs] 
208.274: Total time for which application threads were stopped: 0.0006530 seconds, Stopping threads took: 0.0000510 seconds
208.346: Application time: 0.0722340 seconds
208.346: [GC [PSYoungGen: 14304K->528K(15872K)] 32200K->18424K(51712K), 0.0005090 secs] [Times: user=0.00 sys=0.00, real=0.00 secs] 
208.347: Total time for which application threads were stopped: 0.0006400 seconds, Stopping threads took: 0.0000530 seconds
208.421: Application time: 0.0738880 seconds
208.421: [GC [PSYoungGen: 14352K->528K(15872K)] 32248K->18424K(51712K), 0.0005610 secs] [Times: user=0.01 sys=0.00, real=0.00 secs] 
208.421: Total time for which application threads were stopped: 0.0006980 seconds, Stopping threads took: 0.0000600 seconds
208.495: Application time: 0.0738350 seconds
208.495: [GC [PSYoungGen: 14352K->480K(15872K)] 32248K->18376K(51712K), 0.0005090 secs] [Times: user=0.00 sys=0.00, real=0.00 secs] 
208.496: Total time for which application threads were stopped: 0.0006470 seconds, Stopping threads took: 0.0000630 seconds
208.570: Application time: 0.0742030 seconds
208.570: [GC [PSYoungGen: 14304K->480K(15872K)] 32200K->18376K(51712K), 0.0005680 secs] [Times: user=0.00 sys=0.00, real=0.00 secs] 
208.571: Total time for which application threads were stopped: 0.0007150 seconds, Stopping threads took: 0.0000680 seconds
208.644: Application time: 0.0735750 seconds
208.644: [GC [PSYoungGen: 14304K->496K(15872K)] 32200K->18400K(51712K), 0.0005120 secs] [Times: user=0.00 sys=0.00, real=0.00 secs] 
208.645: Total time for which application threads were stopped: 0.0006410 seconds, Stopping threads took: 0.0000520 seconds
208.719: Application time: 0.0737250 seconds
208.719: [GC [PSYoungGen: 14320K->528K(15872K)] 32224K->18464K(51712K), 0.0005750 secs] [Times: user=0.00 sys=0.00, real=0.00 secs] 
208.719: Total time for which application threads were stopped: 0.0007170 seconds, Stopping threads took: 0.0000550 seconds
208.793: Application time: 0.0737660 seconds
208.793: [GC [PSYoungGen: 14352K->496K(15872K)] 32288K->18448K(51712K), 0.0005430 secs] [Times: user=0.01 sys=0.00, real=0.01 secs] 
208.794: Total time for which application threads were stopped: 0.0006700 seconds, Stopping threads took: 0.0000540 seconds
208.868: Application time: 0.0742790 seconds
208.868: [GC [PSYoungGen: 14320K->528K(15872K)] 32272K->18480K(51712K), 0.0005150 secs] [Times: user=0.00 sys=0.00, real=0.00 secs] 
208.869: Total time for which application threads were stopped: 0.0006480 seconds, Stopping threads took: 0.0000580 seconds
208.943: Application time: 0.0740810 seconds
208.943: [GC [PSYoungGen: 14352K->528K(15872K)] 32304K->18480K(51712K), 0.0005090 secs] [Times: user=0.00 sys=0.00, real=0.00 secs] 
208.943: Total time for which application threads were stopped: 0.0006350 seconds, Stopping threads took: 0.0000490 seconds
209.016: Application time: 0.0729300 seconds
209.017: [GC [PSYoungGen: 14352K->496K(15872K)] 32304K->18448K(51712K), 0.0005100 secs] [Times: user=0.00 sys=0.00, real=0.00 secs] 
209.017: Total time for which application threads were stopped: 0.0006480 seconds, Stopping threads took: 0.0000610 seconds
209.089: Application time: 0.0721210 seconds
209.089: [GC [PSYoungGen: 14320K->512K(15872K)] 32272K->18464K(51712K), 0.0005190 secs] [Times: user=0.00 sys=0.00, real=0.00 secs] 
209.090: Total time for which application threads were stopped: 0.0006550 seconds, Stopping threads took: 0.0000580 seconds
209.163: Application time: 0.0727950 seconds
209.163: [GC [PSYoungGen: 14336K->480K(15872K)] 32288K->18432K(51712K), 0.0005380 secs] [Times: user=0.01 sys=0.00, real=0.00 secs] 
209.163: Total time for which application threads were stopped: 0.0006750 seconds, Stopping threads took: 0.0000630 seconds
209.238: Application time: 0.0744910 seconds
209.241: [GC [PSYoungGen: 14304K->480K(15872K)] 32256K->18432K(51712K), 0.0006540 secs] [Times: user=0.00 sys=0.00, real=0.00 secs] 
209.242: Total time for which application threads were stopped: 0.0042610 seconds, Stopping threads took: 0.0035220 seconds
209.317: Application time: 0.0745770 seconds
209.317: [GC [PSYoungGen: 14304K->496K(15872K)] 32256K->18448K(51712K), 0.0005420 secs] [Times: user=0.00 sys=0.00, real=0.00 secs] 
209.317: Total time for which application threads were stopped: 0.0006770 seconds, Stopping threads took: 0.0000620 seconds
209.391: Application time: 0.0732250 seconds
209.391: [GC [PSYoungGen: 14320K->512K(15872K)] 32272K->18472K(51712K), 0.0005310 secs] [Times: user=0.00 sys=0.00, real=0.00 secs] 
209.391: Total time for which application threads were stopped: 0.0006640 seconds, Stopping threads took: 0.0000570 seconds
209.466: Application time: 0.0750400 seconds
209.466: [GC [PSYoungGen: 14336K->512K(15872K)] 32296K->18480K(51712K), 0.0004870 secs] [Times: user=0.01 sys=0.00, real=0.00 secs] 
209.467: Total time for which application threads were stopped: 0.0006150 seconds, Stopping threads took: 0.0000590 seconds
209.541: Application time: 0.0742220 seconds
209.541: [GC [PSYoungGen: 14336K->496K(15872K)] 32304K->18480K(51712K), 0.0005450 secs] [Times: user=0.00 sys=0.00, real=0.00 secs] 
209.542: Total time for which application threads were stopped: 0.0006710 seconds, Stopping threads took: 0.0000550 seconds
209.616: Application time: 0.0740210 seconds
209.616: [GC [PSYoungGen: 14320K->496K(15872K)] 32304K->18480K(51712K), 0.0005660 secs] [Times: user=0.00 sys=0.00, real=0.00 secs] 
209.616: Total time for which application threads were stopped: 0.0006890 seconds, Stopping threads took: 0.0000500 seconds
209.690: Application time: 0.0739010 seconds
209.690: [GC [PSYoungGen: 14320K->496K(15872K)] 32304K->18480K(51712K), 0.0005220 secs] [Times: user=0.00 sys=0.00, real=0.00 secs] 
209.691: Total time for which application threads were stopped: 0.0006490 seconds, Stopping threads took: 0.0000520 seconds
209.764: Application time: 0.0727790 seconds
209.764: [GC [PSYoungGen: 14320K->496K(15872K)] 32304K->18480K(51712K), 0.0005310 secs] [Times: user=0.01 sys=0.00, real=0.00 secs] 
209.764: Total time for which application threads were stopped: 0.0006730 seconds, Stopping threads took: 0.0000550 seconds
209.837: Application time: 0.0725650 seconds
209.837: [GC [PSYoungGen: 14320K->496K(15872K)] 32304K->18480K(51712K), 0.0005360 secs] [Times: user=0.00 sys=0.00, real=0.00 secs] 
209.838: Total time for which application threads were stopped: 0.0006620 seconds, Stopping threads took: 0.0000550 seconds
209.911: Application time: 0.0735150 seconds
209.911: [GC [PSYoungGen: 14320K->464K(15872K)] 32304K->18448K(51712K), 0.0005080 secs] [Times: user=0.01 sys=0.00, real=0.00 secs] 
209.912: Total time for which application threads were stopped: 0.0006430 seconds, Stopping threads took: 0.0000600 seconds
209.985: Application time: 0.0730590 seconds
209.985: [GC [PSYoungGen: 14288K->496K(15872K)] 32272K->18480K(51712K), 0.0005000 secs] [Times: user=0.00 sys=0.00, real=0.01 secs] 
209.986: Total time for which application threads were stopped: 0.0006320 seconds, Stopping threads took: 0.0000570 seconds
210.060: Application time: 0.0739760 seconds
210.060: [GC [PSYoungGen: 14320K->496K(15872K)] 32304K->18480K(51712K), 0.0005880 secs] [Times: user=0.01 sys=0.00, real=0.00 secs] 
210.060: Total time for which application threads were stopped: 0.0007220 seconds, Stopping threads took: 0.0000570 seconds
210.134: Application time: 0.0738140 seconds
210.134: [GC [PSYoungGen: 14320K->480K(15872K)] 32304K->18472K(51712K), 0.0005300 secs] [Times: user=0.00 sys=0.00, real=0.00 secs] 
210.135: Total time for which application threads were stopped: 0.0006740 seconds, Stopping threads took: 0.0000690 seconds
210.208: Application time: 0.0734920 seconds
210.208: [GC [PSYoungGen: 14304K->528K(15872K)] 32296K->18528K(51712K), 0.0005200 secs] [Times: user=0.00 sys=0.00, real=0.00 secs] 
210.209: Total time for which application threads were stopped: 0.0006560 seconds, Stopping threads took: 0.0000580 seconds
210.283: Application time: 0.0741430 seconds
210.283: [GC [PSYoungGen: 14352K->528K(15872K)] 32352K->18536K(51712K), 0.0004990 secs] [Times: user=0.00 sys=0.00, real=0.00 secs] 
210.284: Total time for which application threads were stopped: 0.0006540 seconds, Stopping threads took: 0.0000740 seconds
210.358: Application time: 0.0741330 seconds
210.358: [GC [PSYoungGen: 14352K->544K(15872K)] 32360K->18552K(51712K), 0.0005010 secs] [Times: user=0.00 sys=0.00, real=0.00 secs] 
210.358: Total time for which application threads were stopped: 0.0006260 seconds, Stopping threads took: 0.0000510 seconds
210.432: Application time: 0.0738950 seconds
210.432: [GC [PSYoungGen: 14368K->496K(15872K)] 32376K->18504K(51712K), 0.0004920 secs] [Times: user=0.00 sys=0.00, real=0.00 secs] 
210.433: Total time for which application threads were stopped: 0.0006200 seconds, Stopping threads took: 0.0000550 seconds
210.506: Application time: 0.0733200 seconds
210.506: [GC [PSYoungGen: 14320K->528K(15872K)] 32328K->18536K(51712K), 0.0005160 secs] [Times: user=0.01 sys=0.00, real=0.00 secs] 
210.507: Total time for which application threads were stopped: 0.0006470 seconds, Stopping threads took: 0.0000550 seconds
210.579: Application time: 0.0716850 seconds
210.579: [GC [PSYoungGen: 14352K->464K(15872K)] 32360K->18472K(51712K), 0.0004950 secs] [Times: user=0.00 sys=0.00, real=0.00 secs] 
210.579: Total time for which application threads were stopped: 0.0006270 seconds, Stopping threads took: 0.0000490 seconds
210.653: Application time: 0.0733460 seconds
210.653: [GC [PSYoungGen: 14288K->496K(15872K)] 32296K->18504K(51712K), 0.0005260 secs] [Times: user=0.00 sys=0.00, real=0.01 secs] 
210.653: Total time for which application threads were stopped: 0.0006690 seconds, Stopping threads took: 0.0000640 seconds
210.727: Application time: 0.0733700 seconds
210.727: [GC [PSYoungGen: 14320K->512K(15872K)] 32328K->18520K(51712K), 0.0005570 secs] [Times: user=0.01 sys=0.00, real=0.00 secs] 
210.727: Total time for which application threads were stopped: 0.0006830 seconds, Stopping threads took: 0.0000520 seconds
210.801: Application time: 0.0739160 seconds
210.801: [GC [PSYoungGen: 14336K->528K(15872K)] 32344K->18536K(51712K), 0.0005010 secs] [Times: user=0.00 sys=0.00, real=0.00 secs] 
210.802: Total time for which application threads were stopped: 0.0006390 seconds, Stopping threads took: 0.0000530 seconds
210.876: Application time: 0.0735970 seconds
210.876: [GC [PSYoungGen: 14352K->512K(15872K)] 32360K->18528K(51712K), 0.0005400 secs] [Times: user=0.00 sys=0.00, real=0.00 secs] 
210.876: Total time for which application threads were stopped: 0.0006750 seconds, Stopping threads took: 0.0000620 seconds
210.950: Application time: 0.0739200 seconds
210.953: [GC [PSYoungGen: 14336K->512K(15872K)] 32352K->18536K(51712K), 0.0005890 secs] [Times: user=0.00 sys=0.00, real=0.00 secs] 
210.954: Total time for which application threads were stopped: 0.0038810 seconds, Stopping threads took: 0.0032170 seconds
211.028: Application time: 0.0740230 seconds
211.028: [GC [PSYoungGen: 14336K->528K(15872K)] 32360K->18560K(51712K), 0.0005140 secs] [Times: user=0.00 sys=0.00, real=0.00 secs] 
211.029: Total time for which application threads were stopped: 0.0006380 seconds, Stopping threads took: 0.0000510 seconds
211.104: Application time: 0.0748650 seconds
211.104: [GC [PSYoungGen: 14352K->448K(15872K)] 32384K->18488K(51712K), 0.0004970 secs] [Times: user=0.00 sys=0.00, real=0.00 secs] 
211.104: Total time for which application threads were stopped: 0.0006320 seconds, Stopping threads took: 0.0000630 seconds
211.178: Application time: 0.0733990 seconds
211.178: [GC [PSYoungGen: 14272K->528K(15872K)] 32312K->18568K(51712K), 0.0005610 secs] [Times: user=0.00 sys=0.00, real=0.00 secs] 
211.178: Total time for which application threads were stopped: 0.0006910 seconds, Stopping threads took: 0.0000560 seconds
211.253: Application time: 0.0742960 seconds
211.253: [GC [PSYoungGen: 14352K->496K(15872K)] 32392K->18536K(51712K), 0.0005430 secs] [Times: user=0.00 sys=0.00, real=0.00 secs] 
211.253: Total time for which application threads were stopped: 0.0006660 seconds, Stopping threads took: 0.0000480 seconds
211.325: Application time: 0.0718020 seconds
211.325: [GC [PSYoungGen: 14320K->576K(15872K)] 32360K->18616K(51712K), 0.0005250 secs] [Times: user=0.00 sys=0.00, real=0.01 secs] 
211.326: Total time for which application threads were stopped: 0.0006610 seconds, Stopping threads took: 0.0000520 seconds
211.399: Application time: 0.0728910 seconds
211.399: [GC [PSYoungGen: 14400K->512K(15872K)] 32440K->18552K(51712K), 0.0005700 secs] [Times: user=0.00 sys=0.00, real=0.00 secs] 
211.399: Total time for which application threads were stopped: 0.0007010 seconds, Stopping threads took: 0.0000550 seconds
211.473: Application time: 0.0736710 seconds
211.473: [GC [PSYoungGen: 14336K->528K(15872K)] 32376K->18568K(51712K), 0.0004930 secs] [Times: user=0.00 sys=0.00, real=0.01 secs] 
211.474: Total time for which application threads were stopped: 0.0006270 seconds, Stopping threads took: 0.0000610 seconds
211.547: Application time: 0.0738890 seconds
211.548: [GC [PSYoungGen: 14352K->512K(15872K)] 32392K->18552K(51712K), 0.0005660 secs] [Times: user=0.00 sys=0.00, real=0.00 secs] 
211.548: Total time for which application threads were stopped: 0.0007050 seconds, Stopping threads took: 0.0000610 seconds
211.622: Application time: 0.0739440 seconds
211.622: [GC [PSYoungGen: 14336K->512K(15872K)] 32376K->18560K(51712K), 0.0005140 secs] [Times: user=0.00 sys=0.00, real=0.00 secs] 
211.623: Total time for which application threads were stopped: 0.0006520 seconds, Stopping threads took: 0.0000640 seconds
211.697: Application time: 0.0737590 seconds
211.697: [GC [PSYoungGen: 14336K->496K(15872K)] 32384K->18552K(51712K), 0.0004940 secs] [Times: user=0.00 sys=0.00, real=0.00 secs] 
211.697: Total time for which application threads were stopped: 0.0006180 seconds, Stopping threads took: 0.0000520 seconds
211.771: Application time: 0.0739000 seconds
211.773: [GC [PSYoungGen: 14320K->512K(15872K)] 32376K->18584K(51712K), 0.0006090 secs] [Times: user=0.01 sys=0.00, real=0.00 secs] 
211.774: Total time for which application threads were stopped: 0.0029510 seconds, Stopping threads took: 0.0022620 seconds
211.848: Application time: 0.0737440 seconds
211.848: [GC [PSYoungGen: 14336K->496K(15872K)] 32408K->18576K(51712K), 0.0005090 secs] [Times: user=0.00 sys=0.00, real=0.00 secs] 
211.848: Total time for which application threads were stopped: 0.0006640 seconds, Stopping threads took: 0.0000730 seconds
211.922: Application time: 0.0740040 seconds
211.923: [GC [PSYoungGen: 14320K->496K(15872K)] 32400K->18576K(51712K), 0.0005450 secs] [Times: user=0.00 sys=0.00, real=0.00 secs] 
211.923: Total time for which application threads were stopped: 0.0006700 seconds, Stopping threads took: 0.0000510 seconds
211.997: Application time: 0.0742320 seconds
212.001: [GC [PSYoungGen: 14320K->496K(15872K)] 32400K->18576K(51712K), 0.0005550 secs] [Times: user=0.00 sys=0.00, real=0.00 secs] 
212.002: Total time for which application threads were stopped: 0.0046210 seconds, Stopping threads took: 0.0039880 seconds
212.074: Application time: 0.0719660 seconds
212.074: [GC [PSYoungGen: 14320K->544K(15872K)] 32400K->18624K(51712K), 0.0005060 secs] [Times: user=0.00 sys=0.00, real=0.00 secs] 
212.075: Total time for which application threads were stopped: 0.0006380 seconds, Stopping threads took: 0.0000560 seconds
212.147: Application time: 0.0726510 seconds
212.147: [GC [PSYoungGen: 14368K->528K(15872K)] 32448K->18608K(51712K), 0.0005750 secs] [Times: user=0.00 sys=0.00, real=0.00 secs] 
212.149: Total time for which application threads were stopped: 0.0016940 seconds, Stopping threads took: 0.0000560 seconds
212.222: Application time: 0.0735080 seconds
212.223: [GC [PSYoungGen: 14352K->496K(15872K)] 32432K->18576K(51712K), 0.0005230 secs] [Times: user=0.00 sys=0.00, real=0.00 secs] 
212.223: Total time for which application threads were stopped: 0.0006550 seconds, Stopping threads took: 0.0000540 seconds
212.297: Application time: 0.0741190 seconds
212.297: [GC [PSYoungGen: 14320K->528K(15872K)] 32400K->18608K(51712K), 0.0005410 secs] [Times: user=0.00 sys=0.00, real=0.00 secs] 
212.298: Total time for which application threads were stopped: 0.0006790 seconds, Stopping threads took: 0.0000540 seconds
212.372: Application time: 0.0742980 seconds
212.372: [GC [PSYoungGen: 14352K->496K(15872K)] 32432K->18584K(51712K), 0.0005090 secs] [Times: user=0.01 sys=0.00, real=0.00 secs] 
212.373: Total time for which application threads were stopped: 0.0006480 seconds, Stopping threads took: 0.0000570 seconds
212.447: Application time: 0.0738250 seconds
212.447: [GC [PSYoungGen: 14320K->544K(15872K)] 32408K->18640K(51712K), 0.0005000 secs] [Times: user=0.00 sys=0.00, real=0.00 secs] 
212.447: Total time for which application threads were stopped: 0.0006280 seconds, Stopping threads took: 0.0000520 seconds
212.522: Application time: 0.0750600 seconds
212.522: [GC [PSYoungGen: 14368K->512K(15872K)] 32464K->18616K(51712K), 0.0006020 secs] [Times: user=0.00 sys=0.00, real=0.00 secs] 
212.523: Total time for which application threads were stopped: 0.0007310 seconds, Stopping threads took: 0.0000540 seconds
212.597: Application time: 0.0738910 seconds
212.597: [GC [PSYoungGen: 14336K->512K(15872K)] 32440K->18624K(51712K), 0.0005170 secs] [Times: user=0.00 sys=0.00, real=0.00 secs] 
212.598: Total time for which application threads were stopped: 0.0006560 seconds, Stopping threads took: 0.0000590 seconds
212.672: Application time: 0.0739770 seconds
212.672: [GC [PSYoungGen: 14336K->496K(15872K)] 32448K->18608K(51712K), 0.0005190 secs] [Times: user=0.00 sys=0.00, real=0.00 secs] 
212.672: Total time for which application threads were stopped: 0.0006450 seconds, Stopping threads took: 0.0000490 seconds
212.747: Application time: 0.0743420 seconds
212.747: [GC [PSYoungGen: 14320K->512K(15872K)] 32432K->18624K(51712K), 0.0006010 secs] [Times: user=0.00 sys=0.00, real=0.00 secs] 
212.747: Total time for which application threads were stopped: 0.0007350 seconds, Stopping threads took: 0.0000570 seconds
212.819: Application time: 0.0720680 seconds
212.820: [GC [PSYoungGen: 14336K->512K(15872K)] 32448K->18624K(51712K), 0.0005670 secs] [Times: user=0.00 sys=0.00, real=0.00 secs] 
212.820: Total time for which application threads were stopped: 0.0007020 seconds, Stopping threads took: 0.0000600 seconds
212.892: Application time: 0.0721830 seconds
212.892: [GC [PSYoungGen: 14336K->528K(15872K)] 32448K->18640K(51712K), 0.0005310 secs] [Times: user=0.00 sys=0.00, real=0.00 secs] 
212.893: Total time for which application threads were stopped: 0.0006660 seconds, Stopping threads took: 0.0000500 seconds
212.966: Application time: 0.0733650 seconds
212.966: [GC [PSYoungGen: 14352K->512K(15872K)] 32464K->18624K(51712K), 0.0005660 secs] [Times: user=0.00 sys=0.00, real=0.00 secs] 
212.967: Total time for which application threads were stopped: 0.0006970 seconds, Stopping threads took: 0.0000560 seconds
213.041: Application time: 0.0741780 seconds
213.041: [GC [PSYoungGen: 14336K->528K(15872K)] 32448K->18640K(51712K), 0.0005010 secs] [Times: user=0.00 sys=0.00, real=0.00 secs] 
213.042: Total time for which application threads were stopped: 0.0006520 seconds, Stopping threads took: 0.0000740 seconds
213.116: Application time: 0.0739440 seconds
213.116: [GC [PSYoungGen: 14352K->544K(15872K)] 32464K->18656K(51712K), 0.0005030 secs] [Times: user=0.00 sys=0.00, real=0.00 secs] 
213.116: Total time for which application threads were stopped: 0.0006420 seconds, Stopping threads took: 0.0000610 seconds
213.190: Application time: 0.0738710 seconds
213.190: [GC [PSYoungGen: 14368K->512K(15872K)] 32480K->18632K(51712K), 0.0005070 secs] [Times: user=0.00 sys=0.00, real=0.00 secs] 
213.191: Total time for which application threads were stopped: 0.0006280 seconds, Stopping threads took: 0.0000440 seconds
213.266: Application time: 0.0745860 seconds
213.266: [GC [PSYoungGen: 14336K->528K(15872K)] 32456K->18656K(51712K), 0.0004870 secs] [Times: user=0.00 sys=0.00, real=0.00 secs] 
213.266: Total time for which application threads were stopped: 0.0006250 seconds, Stopping threads took: 0.0000650 seconds
213.340: Application time: 0.0741030 seconds
213.340: [GC [PSYoungGen: 14352K->512K(15872K)] 32480K->18648K(51712K), 0.0005180 secs] [Times: user=0.00 sys=0.00, real=0.00 secs] 
213.341: Total time for which application threads were stopped: 0.0006550 seconds, Stopping threads took: 0.0000600 seconds
213.415: Application time: 0.0739530 seconds
213.415: [GC [PSYoungGen: 14336K->528K(15872K)] 32472K->18664K(51712K), 0.0005230 secs] [Times: user=0.01 sys=0.00, real=0.00 secs] 
213.416: Total time for which application threads were stopped: 0.0006720 seconds, Stopping threads took: 0.0000600 seconds
213.489: Application time: 0.0737520 seconds
213.489: [GC [PSYoungGen: 14352K->512K(15872K)] 32488K->18648K(51712K), 0.0005850 secs] [Times: user=0.00 sys=0.00, real=0.00 secs] 
213.490: Total time for which application threads were stopped: 0.0007290 seconds, Stopping threads took: 0.0000650 seconds
213.562: Application time: 0.0721840 seconds
213.562: [GC [PSYoungGen: 14336K->464K(15872K)] 32472K->18600K(51712K), 0.0005020 secs] [Times: user=0.00 sys=0.00, real=0.00 secs] 
213.563: Total time for which application threads were stopped: 0.0006400 seconds, Stopping threads took: 0.0000610 seconds
213.636: Application time: 0.0729030 seconds
213.636: [GC [PSYoungGen: 14288K->496K(15872K)] 32424K->18632K(51712K), 0.0005450 secs] [Times: user=0.00 sys=0.00, real=0.00 secs] 
213.636: Total time for which application threads were stopped: 0.0007050 seconds, Stopping threads took: 0.0000860 seconds
213.710: Application time: 0.0733330 seconds
213.710: [GC [PSYoungGen: 14320K->528K(15872K)] 32456K->18664K(51712K), 0.0005170 secs] [Times: user=0.00 sys=0.00, real=0.00 secs] 
213.710: Total time for which application threads were stopped: 0.0006400 seconds, Stopping threads took: 0.0000440 seconds
213.784: Application time: 0.0734850 seconds
213.784: [GC [PSYoungGen: 14352K->496K(15872K)] 32488K->18632K(51712K), 0.0005870 secs] [Times: user=0.00 sys=0.00, real=0.00 secs] 
213.785: Total time for which application threads were stopped: 0.0007150 seconds, Stopping threads took: 0.0000520 seconds
213.859: Application time: 0.0741920 seconds
213.859: [GC [PSYoungGen: 14320K->496K(15872K)] 32456K->18632K(51712K), 0.0005770 secs] [Times: user=0.00 sys=0.00, real=0.00 secs] 
213.860: Total time for which application threads were stopped: 0.0007080 seconds, Stopping threads took: 0.0000540 seconds
213.934: Application time: 0.0740340 seconds
213.934: [GC [PSYoungGen: 14320K->496K(15872K)] 32456K->18640K(51712K), 0.0005170 secs] [Times: user=0.00 sys=0.00, real=0.00 secs] 
213.934: Total time for which application threads were stopped: 0.0006630 seconds, Stopping threads took: 0.0000550 seconds
214.010: Application time: 0.0752540 seconds
214.010: [GC [PSYoungGen: 14320K->528K(15872K)] 32464K->18680K(51712K), 0.0005290 secs] [Times: user=0.00 sys=0.00, real=0.00 secs] 
214.010: Total time for which application threads were stopped: 0.0006620 seconds, Stopping threads took: 0.0000570 seconds
214.084: Application time: 0.0740790 seconds
214.084: [GC [PSYoungGen: 14352K->496K(15872K)] 32504K->18672K(51712K), 0.0005240 secs] [Times: user=0.01 sys=0.00, real=0.00 secs] 
214.085: Total time for which application threads were stopped: 0.0006540 seconds, Stopping threads took: 0.0000490 seconds
214.158: Application time: 0.0735730 seconds
214.159: [GC [PSYoungGen: 14320K->512K(15872K)] 32496K->18688K(51712K), 0.0005080 secs] [Times: user=0.01 sys=0.00, real=0.00 secs] 
214.159: Total time for which application threads were stopped: 0.0006410 seconds, Stopping threads took: 0.0000540 seconds
214.234: Application time: 0.0745120 seconds
214.234: [GC [PSYoungGen: 14336K->496K(15872K)] 32512K->18672K(51712K), 0.0005340 secs] [Times: user=0.01 sys=0.00, real=0.00 secs] 
214.234: Total time for which application threads were stopped: 0.0006840 seconds, Stopping threads took: 0.0000700 seconds
214.308: Application time: 0.0739930 seconds
214.308: [GC [PSYoungGen: 14320K->544K(15872K)] 32496K->18720K(51712K), 0.0005760 secs] [Times: user=0.00 sys=0.00, real=0.00 secs] 
214.309: Total time for which application threads were stopped: 0.0007240 seconds, Stopping threads took: 0.0000640 seconds
214.380: Application time: 0.0714430 seconds
214.381: [GC [PSYoungGen: 14368K->496K(15872K)] 32544K->18672K(51712K), 0.0005060 secs] [Times: user=0.01 sys=0.00, real=0.00 secs] 
214.381: Total time for which application threads were stopped: 0.0006630 seconds, Stopping threads took: 0.0000740 seconds
214.455: Application time: 0.0736080 seconds
214.455: [GC [PSYoungGen: 14320K->464K(15872K)] 32496K->18640K(51712K), 0.0005200 secs] [Times: user=0.00 sys=0.00, real=0.00 secs] 
214.455: Total time for which application threads were stopped: 0.0006700 seconds, Stopping threads took: 0.0000590 seconds
214.529: Application time: 0.0735640 seconds
214.529: [GC [PSYoungGen: 14288K->512K(15872K)] 32464K->18688K(51712K), 0.0005260 secs] [Times: user=0.01 sys=0.00, real=0.00 secs] 
214.530: Total time for which application threads were stopped: 0.0006690 seconds, Stopping threads took: 0.0000590 seconds
214.604: Application time: 0.0743830 seconds
214.604: [GC [PSYoungGen: 14336K->528K(15872K)] 32512K->18704K(51712K), 0.0005300 secs] [Times: user=0.00 sys=0.00, real=0.00 secs] 
214.605: Total time for which application threads were stopped: 0.0006780 seconds, Stopping threads took: 0.0000610 seconds
214.679: Application time: 0.0740690 seconds
214.679: [GC [PSYoungGen: 14352K->528K(15872K)] 32528K->18712K(51712K), 0.0005290 secs] [Times: user=0.00 sys=0.00, real=0.00 secs] 
214.679: Total time for which application threads were stopped: 0.0006630 seconds, Stopping threads took: 0.0000520 seconds
214.753: Application time: 0.0736640 seconds
214.753: [GC [PSYoungGen: 14352K->480K(15872K)] 32536K->18672K(51712K), 0.0005280 secs] [Times: user=0.00 sys=0.00, real=0.01 secs] 
214.754: Total time for which application threads were stopped: 0.0006710 seconds, Stopping threads took: 0.0000610 seconds
214.828: Application time: 0.0742370 seconds
214.828: [GC [PSYoungGen: 14304K->512K(15872K)] 32496K->18712K(51712K), 0.0005400 secs] [Times: user=0.00 sys=0.00, real=0.00 secs] 
214.829: Total time for which application threads were stopped: 0.0006740 seconds, Stopping threads took: 0.0000610 seconds
214.903: Application time: 0.0739820 seconds
214.903: [GC [PSYoungGen: 14336K->528K(15872K)] 32536K->18744K(51712K), 0.0005210 secs] [Times: user=0.00 sys=0.00, real=0.00 secs] 
214.903: Total time for which application threads were stopped: 0.0006620 seconds, Stopping threads took: 0.0000620 seconds
214.977: Application time: 0.0739390 seconds
214.977: [GC [PSYoungGen: 14352K->496K(15872K)] 32568K->18712K(51712K), 0.0005200 secs] [Times: user=0.00 sys=0.00, real=0.00 secs] 
214.978: Total time for which application threads were stopped: 0.0006580 seconds, Stopping threads took: 0.0000520 seconds
215.052: Application time: 0.0735530 seconds
215.052: [GC [PSYoungGen: 14320K->496K(15872K)] 32536K->18712K(51712K), 0.0005960 secs] [Times: user=0.00 sys=0.00, real=0.00 secs] 
215.052: Total time for which application threads were stopped: 0.0007320 seconds, Stopping threads took: 0.0000570 seconds
215.124: Application time: 0.0717580 seconds
215.124: [GC [PSYoungGen: 14320K->528K(15872K)] 32536K->18744K(51712K), 0.0004810 secs] [Times: user=0.00 sys=0.00, real=0.00 secs] 
215.125: Total time for which application threads were stopped: 0.0006120 seconds, Stopping threads took: 0.0000500 seconds
215.198: Application time: 0.0734550 seconds
215.198: [GC [PSYoungGen: 14352K->528K(15872K)] 32568K->18744K(51712K), 0.0005630 secs] [Times: user=0.00 sys=0.00, real=0.00 secs] 
215.199: Total time for which application threads were stopped: 0.0007230 seconds, Stopping threads took: 0.0000800 seconds
215.273: Application time: 0.0739570 seconds
215.273: [GC [PSYoungGen: 14352K->512K(15872K)] 32568K->18728K(51712K), 0.0005230 secs] [Times: user=0.00 sys=0.00, real=0.01 secs] 
215.273: Total time for which application threads were stopped: 0.0006690 seconds, Stopping threads took: 0.0000650 seconds
215.348: Application time: 0.0742300 seconds
215.348: [GC [PSYoungGen: 14336K->528K(15872K)] 32552K->18744K(51712K), 0.0005270 secs] [Times: user=0.00 sys=0.00, real=0.00 secs] 
215.348: Total time for which application threads were stopped: 0.0006670 seconds, Stopping threads took: 0.0000580 seconds
215.422: Application time: 0.0739380 seconds
215.422: [GC [PSYoungGen: 14352K->512K(15872K)] 32568K->18744K(51712K), 0.0005110 secs] [Times: user=0.00 sys=0.00, real=0.00 secs] 
215.423: Total time for which application threads were stopped: 0.0006490 seconds, Stopping threads took: 0.0000560 seconds
215.498: Application time: 0.0750010 seconds
215.498: [GC [PSYoungGen: 14336K->496K(15872K)] 32568K->18736K(51712K), 0.0005100 secs] [Times: user=0.00 sys=0.00, real=0.00 secs] 
215.499: Total time for which application threads were stopped: 0.0006420 seconds, Stopping threads took: 0.0000450 seconds
215.572: Application time: 0.0733080 seconds
215.572: [GC [PSYoungGen: 14320K->528K(15872K)] 32560K->18776K(51712K), 0.0005070 secs] [Times: user=0.00 sys=0.00, real=0.00 secs] 
215.573: Total time for which application threads were stopped: 0.0006390 seconds, Stopping threads took: 0.0000530 seconds
215.647: Application time: 0.0739720 seconds
215.647: [GC [PSYoungGen: 14352K->528K(15872K)] 32600K->18784K(51712K), 0.0005180 secs] [Times: user=0.00 sys=0.00, real=0.00 secs] 
215.647: Total time for which application threads were stopped: 0.0006630 seconds, Stopping threads took: 0.0000650 seconds
215.721: Application time: 0.0741020 seconds
215.721: [GC [PSYoungGen: 14352K->512K(15872K)] 32608K->18768K(51712K), 0.0005160 secs] [Times: user=0.00 sys=0.00, real=0.00 secs] 
215.722: Total time for which application threads were stopped: 0.0006450 seconds, Stopping threads took: 0.0000530 seconds
215.796: Application time: 0.0740210 seconds
215.796: [GC [PSYoungGen: 14336K->512K(15872K)] 32592K->18768K(51712K), 0.0005300 secs] [Times: user=0.00 sys=0.00, real=0.00 secs] 
215.797: Total time for which application threads were stopped: 0.0006670 seconds, Stopping threads took: 0.0000550 seconds
215.868: Application time: 0.0713280 seconds
215.868: [GC [PSYoungGen: 14336K->544K(15872K)] 32592K->18800K(51712K), 0.0005010 secs] [Times: user=0.01 sys=0.00, real=0.00 secs] 
215.869: Total time for which application threads were stopped: 0.0006340 seconds, Stopping threads took: 0.0000560 seconds
215.942: Application time: 0.0733290 seconds
215.942: [GC [PSYoungGen: 14368K->512K(15872K)] 32624K->18768K(51712K), 0.0005670 secs] [Times: user=0.00 sys=0.00, real=0.00 secs] 
215.943: Total time for which application threads were stopped: 0.0006960 seconds, Stopping threads took: 0.0000540 seconds
216.016: Application time: 0.0734610 seconds
216.016: [GC [PSYoungGen: 14336K->512K(15872K)] 32592K->18768K(51712K), 0.0005520 secs] [Times: user=0.00 sys=0.00, real=0.00 secs] 
216.017: Total time for which application threads were stopped: 0.0006900 seconds, Stopping threads took: 0.0000510 seconds
216.091: Application time: 0.0743710 seconds
216.091: [GC [PSYoungGen: 14336K->464K(15872K)] 32592K->18720K(51712K), 0.0004880 secs] [Times: user=0.00 sys=0.00, real=0.00 secs] 
216.092: Total time for which application threads were stopped: 0.0006200 seconds, Stopping threads took: 0.0000560 seconds
216.165: Application time: 0.0736610 seconds
216.166: [GC [PSYoungGen: 14288K->544K(15872K)] 32544K->18808K(51712K), 0.0005320 secs] [Times: user=0.00 sys=0.00, real=0.00 secs] 
216.166: Total time for which application threads were stopped: 0.0006640 seconds, Stopping threads took: 0.0000520 seconds
216.240: Application time: 0.0736680 seconds
216.240: [GC [PSYoungGen: 14368K->528K(15872K)] 32632K->18800K(51712K), 0.0005060 secs] [Times: user=0.00 sys=0.00, real=0.00 secs] 
216.240: Total time for which application threads were stopped: 0.0006460 seconds, Stopping threads took: 0.0000580 seconds
216.314: Application time: 0.0739840 seconds
216.314: [GC [PSYoungGen: 14352K->512K(15872K)] 32624K->18792K(51712K), 0.0005120 secs] [Times: user=0.01 sys=0.00, real=0.00 secs] 
216.315: Total time for which application threads were stopped: 0.0006530 seconds, Stopping threads took: 0.0000560 seconds
216.389: Application time: 0.0740820 seconds
216.389: [GC [PSYoungGen: 14336K->464K(15872K)] 32616K->18768K(51712K), 0.0005170 secs] [Times: user=0.00 sys=0.00, real=0.00 secs] 
216.390: Total time for which application threads were stopped: 0.0006790 seconds, Stopping threads took: 0.0000780 seconds
216.464: Application time: 0.0740670 seconds
216.464: [GC [PSYoungGen: 14288K->512K(15872K)] 32592K->18816K(51712K), 0.0005660 secs] [Times: user=0.00 sys=0.00, real=0.00 secs] 
216.465: Total time for which application threads were stopped: 0.0007090 seconds, Stopping threads took: 0.0000620 seconds
216.538: Application time: 0.0736390 seconds
216.538: [GC [PSYoungGen: 14336K->560K(15872K)] 32640K->18864K(51712K), 0.0005820 secs] [Times: user=0.00 sys=0.00, real=0.00 secs] 
216.539: Total time for which application threads were stopped: 0.0007330 seconds, Stopping threads took: 0.0000590 seconds
216.611: Application time: 0.0724980 seconds
216.613: [GC [PSYoungGen: 14384K->448K(15872K)] 32688K->18752K(51712K), 0.0005680 secs] [Times: user=0.00 sys=0.00, real=0.00 secs] 
216.614: Total time for which application threads were stopped: 0.0025400 seconds, Stopping threads took: 0.0018930 seconds
216.686: Application time: 0.0724490 seconds
216.687: [GC [PSYoungGen: 14272K->448K(15872K)] 32576K->18752K(51712K), 0.0005380 secs] [Times: user=0.00 sys=0.00, real=0.00 secs] 
216.687: Total time for which application threads were stopped: 0.0006610 seconds, Stopping threads took: 0.0000480 seconds
216.761: Application time: 0.0738870 seconds
216.761: [GC [PSYoungGen: 14272K->496K(15872K)] 32576K->18800K(51712K), 0.0005250 secs] [Times: user=0.00 sys=0.00, real=0.00 secs] 
216.762: Total time for which application threads were stopped: 0.0006610 seconds, Stopping threads took: 0.0000600 seconds
216.835: Application time: 0.0737580 seconds
216.836: [GC [PSYoungGen: 14320K->496K(15872K)] 32624K->18800K(51712K), 0.0005010 secs] [Times: user=0.00 sys=0.00, real=0.00 secs] 
216.836: Total time for which application threads were stopped: 0.0006500 seconds, Stopping threads took: 0.0000670 seconds
216.910: Application time: 0.0742940 seconds
216.910: [GC [PSYoungGen: 14320K->512K(15872K)] 32624K->18816K(51712K), 0.0005360 secs] [Times: user=0.00 sys=0.00, real=0.00 secs] 
216.911: Total time for which application threads were stopped: 0.0006730 seconds, Stopping threads took: 0.0000600 seconds
216.985: Application time: 0.0737030 seconds
216.985: [GC [PSYoungGen: 14336K->464K(15872K)] 32640K->18776K(51712K), 0.0005290 secs] [Times: user=0.00 sys=0.00, real=0.01 secs] 
216.985: Total time for which application threads were stopped: 0.0006700 seconds, Stopping threads took: 0.0000600 seconds
217.060: Application time: 0.0749130 seconds
217.060: [GC [PSYoungGen: 14288K->512K(15872K)] 32600K->18832K(51712K), 0.0005040 secs] [Times: user=0.01 sys=0.00, real=0.00 secs] 
217.061: Total time for which application threads were stopped: 0.0006530 seconds, Stopping threads took: 0.0000580 seconds
217.135: Application time: 0.0741100 seconds
217.135: [GC [PSYoungGen: 14336K->512K(15872K)] 32656K->18840K(51712K), 0.0005930 secs] [Times: user=0.00 sys=0.00, real=0.00 secs] 
217.136: Total time for which application threads were stopped: 0.0007520 seconds, Stopping threads took: 0.0000790 seconds
217.210: Application time: 0.0740510 seconds
217.210: [GC [PSYoungGen: 14336K->512K(15872K)] 32664K->18840K(51712K), 0.0005590 secs] [Times: user=0.00 sys=0.00, real=0.00 secs] 
217.211: Total time for which application threads were stopped: 0.0006950 seconds, Stopping threads took: 0.0000550 seconds
217.284: Application time: 0.0737900 seconds
217.285: [GC [PSYoungGen: 14336K->496K(15872K)] 32664K->18824K(51712K), 0.0005210 secs] [Times: user=0.01 sys=0.00, real=0.00 secs] 
217.285: Total time for which application threads were stopped: 0.0006660 seconds, Stopping threads took: 0.0000620 seconds
217.358: Application time: 0.0731440 seconds
217.358: [GC [PSYoungGen: 14320K->512K(15872K)] 32648K->18840K(51712K), 0.0005300 secs] [Times: user=0.00 sys=0.00, real=0.00 secs] 
217.359: Total time for which application threads were stopped: 0.0006710 seconds, Stopping threads took: 0.0000580 seconds
217.431: Application time: 0.0719870 seconds
217.431: [GC [PSYoungGen: 14336K->464K(15872K)] 32664K->18792K(51712K), 0.0004900 secs] [Times: user=0.00 sys=0.00, real=0.00 secs] 
217.431: Total time for which application threads were stopped: 0.0006210 seconds, Stopping threads took: 0.0000540 seconds
217.505: Application time: 0.0731870 seconds
217.505: [GC [PSYoungGen: 14288K->480K(15872K)] 32616K->18808K(51712K), 0.0006520 secs] [Times: user=0.00 sys=0.00, real=0.01 secs] 
217.505: Total time for which application threads were stopped: 0.0007940 seconds, Stopping threads took: 0.0000600 seconds
217.579: Application time: 0.0738640 seconds
217.579: [GC [PSYoungGen: 14304K->544K(15872K)] 32632K->18872K(51712K), 0.0005400 secs] [Times: user=0.00 sys=0.00, real=0.00 secs] 
217.580: Total time for which application threads were stopped: 0.0006870 seconds, Stopping threads took: 0.0000570 seconds
217.654: Application time: 0.0738540 seconds
217.654: [GC [PSYoungGen: 14368K->544K(15872K)] 32696K->18872K(51712K), 0.0005680 secs] [Times: user=0.00 sys=0.00, real=0.00 secs] 
217.655: Total time for which application threads were stopped: 0.0007080 seconds, Stopping threads took: 0.0000500 seconds
217.729: Application time: 0.0744070 seconds
217.729: [GC [PSYoungGen: 14368K->480K(15872K)] 32696K->18816K(51712K), 0.0005160 secs] [Times: user=0.00 sys=0.00, real=0.00 secs] 
217.730: Total time for which application threads were stopped: 0.0006390 seconds, Stopping threads took: 0.0000440 seconds
217.803: Application time: 0.0738460 seconds
217.804: [GC [PSYoungGen: 14304K->528K(15872K)] 32640K->18872K(51712K), 0.0005500 secs] [Times: user=0.00 sys=0.00, real=0.00 secs] 
217.804: Total time for which application threads were stopped: 0.0006760 seconds, Stopping threads took: 0.0000500 seconds
217.878: Application time: 0.0738550 seconds
217.878: [GC [PSYoungGen: 14352K->512K(15872K)] 32696K->18880K(51712K), 0.0005270 secs] [Times: user=0.00 sys=0.00, real=0.00 secs] 
217.879: Total time for which application threads were stopped: 0.0006580 seconds, Stopping threads took: 0.0000570 seconds
217.953: Application time: 0.0739480 seconds
217.953: [GC [PSYoungGen: 14336K->528K(15872K)] 32704K->18896K(51712K), 0.0005230 secs] [Times: user=0.01 sys=0.00, real=0.00 secs] 
217.953: Total time for which application threads were stopped: 0.0006600 seconds, Stopping threads took: 0.0000550 seconds
218.027: Application time: 0.0740010 seconds
218.027: [GC [PSYoungGen: 14352K->512K(15872K)] 32720K->18880K(51712K), 0.0005240 secs] [Times: user=0.00 sys=0.00, real=0.00 secs] 
218.028: Total time for which application threads were stopped: 0.0006680 seconds, Stopping threads took: 0.0000640 seconds
218.102: Application time: 0.0736620 seconds
218.102: [GC [PSYoungGen: 14336K->544K(15872K)] 32704K->18912K(51712K), 0.0005610 secs] [Times: user=0.00 sys=0.00, real=0.00 secs] 
218.102: Total time for which application threads were stopped: 0.0006990 seconds, Stopping threads took: 0.0000480 seconds
218.174: Application time: 0.0714060 seconds
218.174: [GC [PSYoungGen: 14368K->480K(15872K)] 32736K->18848K(51712K), 0.0005440 secs] [Times: user=0.00 sys=0.00, real=0.00 secs] 
218.174: Total time for which application threads were stopped: 0.0006690 seconds, Stopping threads took: 0.0000480 seconds
218.248: Application time: 0.0735130 seconds
218.248: [GC [PSYoungGen: 14304K->512K(15872K)] 32672K->18880K(51712K), 0.0005230 secs] [Times: user=0.00 sys=0.00, real=0.00 secs] 
218.249: Total time for which application threads were stopped: 0.0006680 seconds, Stopping threads took: 0.0000640 seconds
218.322: Application time: 0.0733990 seconds
218.322: [GC [PSYoungGen: 14336K->512K(15872K)] 32704K->18880K(51712K), 0.0005640 secs] [Times: user=0.00 sys=0.00, real=0.00 secs] 
218.323: Total time for which application threads were stopped: 0.0006990 seconds, Stopping threads took: 0.0000580 seconds
218.397: Application time: 0.0739470 seconds
218.397: [GC [PSYoungGen: 14336K->496K(15872K)] 32704K->18864K(51712K), 0.0005750 secs] [Times: user=0.00 sys=0.00, real=0.00 secs] 
218.398: Total time for which application threads were stopped: 0.0017530 seconds, Stopping threads took: 0.0000680 seconds
218.473: Application time: 0.0741070 seconds
218.473: [GC [PSYoungGen: 14320K->528K(15872K)] 32688K->18904K(51712K), 0.0006190 secs] [Times: user=0.00 sys=0.00, real=0.00 secs] 
218.473: Total time for which application threads were stopped: 0.0007570 seconds, Stopping threads took: 0.0000590 seconds
218.549: Application time: 0.0756300 seconds
218.553: [GC [PSYoungGen: 14352K->496K(15872K)] 32728K->18912K(51712K), 0.0005880 secs] [Times: user=0.00 sys=0.00, real=0.00 secs] 
218.554: Total time for which application threads were stopped: 0.0051400 seconds, Stopping threads took: 0.0044730 seconds
218.628: Application time: 0.0736140 seconds
218.628: [GC [PSYoungGen: 14320K->512K(15872K)] 32736K->18936K(51712K), 0.0004960 secs] [Times: user=0.00 sys=0.00, real=0.00 secs] 
218.628: Total time for which application threads were stopped: 0.0006670 seconds, Stopping threads took: 0.0000790 seconds
218.702: Application time: 0.0739750 seconds
218.702: [GC [PSYoungGen: 14336K->480K(15872K)] 32760K->18912K(51712K), 0.0005760 secs] [Times: user=0.00 sys=0.00, real=0.00 secs] 
218.703: Total time for which application threads were stopped: 0.0007060 seconds, Stopping threads took: 0.0000530 seconds
218.777: Application time: 0.0737190 seconds
218.777: [GC [PSYoungGen: 14304K->544K(15872K)] 32736K->18976K(51712K), 0.0005050 secs] [Times: user=0.00 sys=0.00, real=0.00 secs] 
218.777: Total time for which application threads were stopped: 0.0006420 seconds, Stopping threads took: 0.0000510 seconds
218.851: Application time: 0.0738180 seconds
218.851: [GC [PSYoungGen: 14368K->512K(15872K)] 32800K->18944K(51712K), 0.0005410 secs] [Times: user=0.00 sys=0.00, real=0.00 secs] 
218.852: Total time for which application threads were stopped: 0.0006810 seconds, Stopping threads took: 0.0000630 seconds
218.923: Application time: 0.0715620 seconds
218.924: [GC [PSYoungGen: 14336K->512K(15872K)] 32768K->18944K(51712K), 0.0005360 secs] [Times: user=0.00 sys=0.00, real=0.00 secs] 
218.924: Total time for which application threads were stopped: 0.0006910 seconds, Stopping threads took: 0.0000720 seconds
218.998: Application time: 0.0734260 seconds
218.998: [GC [PSYoungGen: 14336K->496K(15872K)] 32768K->18928K(51712K), 0.0005280 secs] [Times: user=0.00 sys=0.00, real=0.00 secs] 
218.998: Total time for which application threads were stopped: 0.0006720 seconds, Stopping threads took: 0.0000630 seconds
219.072: Application time: 0.0735470 seconds
219.072: [GC [PSYoungGen: 14320K->480K(15872K)] 32752K->18912K(51712K), 0.0005920 secs] [Times: user=0.01 sys=0.00, real=0.00 secs] 
219.073: Total time for which application threads were stopped: 0.0007290 seconds, Stopping threads took: 0.0000590 seconds
219.147: Application time: 0.0740960 seconds
219.147: [GC [PSYoungGen: 14304K->480K(15872K)] 32736K->18912K(51712K), 0.0005160 secs] [Times: user=0.00 sys=0.00, real=0.00 secs] 
219.147: Total time for which application threads were stopped: 0.0006560 seconds, Stopping threads took: 0.0000480 seconds
219.221: Application time: 0.0738010 seconds
219.221: [GC [PSYoungGen: 14304K->496K(15872K)] 32736K->18936K(51712K), 0.0005050 secs] [Times: user=0.00 sys=0.00, real=0.00 secs] 
219.222: Total time for which application threads were stopped: 0.0006420 seconds, Stopping threads took: 0.0000600 seconds
219.295: Application time: 0.0735390 seconds
219.295: [GC [PSYoungGen: 14320K->544K(15872K)] 32760K->18992K(51712K), 0.0005140 secs] [Times: user=0.00 sys=0.00, real=0.00 secs] 
219.296: Total time for which application threads were stopped: 0.0006570 seconds, Stopping threads took: 0.0000640 seconds
219.370: Application time: 0.0740750 seconds
219.370: [GC [PSYoungGen: 14368K->528K(15872K)] 32816K->18984K(51712K), 0.0005070 secs] [Times: user=0.01 sys=0.00, real=0.00 secs] 
219.371: Total time for which application threads were stopped: 0.0006570 seconds, Stopping threads took: 0.0000720 seconds
219.444: Application time: 0.0735000 seconds
219.444: [GC [PSYoungGen: 14352K->528K(15872K)] 32808K->18992K(51712K), 0.0005970 secs] [Times: user=0.01 sys=0.00, real=0.00 secs] 
219.445: Total time for which application threads were stopped: 0.0007460 seconds, Stopping threads took: 0.0000730 seconds
219.519: Application time: 0.0742360 seconds
219.519: [GC [PSYoungGen: 14352K->464K(15872K)] 32816K->18928K(51712K), 0.0005240 secs] [Times: user=0.00 sys=0.00, real=0.00 secs] 
219.520: Total time for which application threads were stopped: 0.0006550 seconds, Stopping threads took: 0.0000510 seconds
219.593: Application time: 0.0732410 seconds
219.593: [GC [PSYoungGen: 14288K->496K(15872K)] 32752K->18960K(51712K), 0.0005380 secs] [Times: user=0.00 sys=0.00, real=0.01 secs] 
219.594: Total time for which application threads were stopped: 0.0006900 seconds, Stopping threads took: 0.0000750 seconds
219.666: Application time: 0.0718430 seconds
219.666: [GC [PSYoungGen: 14320K->496K(15872K)] 32784K->18960K(51712K), 0.0005190 secs] [Times: user=0.00 sys=0.00, real=0.00 secs] 
219.666: Total time for which application threads were stopped: 0.0006760 seconds, Stopping threads took: 0.0000580 seconds
219.739: Application time: 0.0729600 seconds
219.739: [GC [PSYoungGen: 14320K->480K(15872K)] 32784K->18944K(51712K), 0.0005100 secs] [Times: user=0.00 sys=0.00, real=0.00 secs] 
219.740: Total time for which application threads were stopped: 0.0006360 seconds, Stopping threads took: 0.0000520 seconds
219.814: Application time: 0.0737040 seconds
219.814: [GC [PSYoungGen: 14304K->496K(15872K)] 32768K->18960K(51712K), 0.0005180 secs] [Times: user=0.01 sys=0.00, real=0.00 secs] 
219.814: Total time for which application threads were stopped: 0.0006530 seconds, Stopping threads took: 0.0000570 seconds
219.888: Application time: 0.0738730 seconds
219.888: [GC [PSYoungGen: 14320K->496K(15872K)] 32784K->18960K(51712K), 0.0004980 secs] [Times: user=0.00 sys=0.00, real=0.00 secs] 
219.889: Total time for which application threads were stopped: 0.0006330 seconds, Stopping threads took: 0.0000550 seconds
219.963: Application time: 0.0743390 seconds
219.963: [GC [PSYoungGen: 14320K->512K(15872K)] 32784K->18984K(51712K), 0.0005360 secs] [Times: user=0.01 sys=0.00, real=0.00 secs] 
219.964: Total time for which application threads were stopped: 0.0006640 seconds, Stopping threads took: 0.0000510 seconds
220.039: Application time: 0.0748420 seconds
220.039: [GC [PSYoungGen: 14336K->528K(15872K)] 32808K->19008K(51712K), 0.0004990 secs] [Times: user=0.01 sys=0.00, real=0.00 secs] 
220.039: Total time for which application threads were stopped: 0.0006400 seconds, Stopping threads took: 0.0000660 seconds
220.113: Application time: 0.0735620 seconds
220.113: [GC [PSYoungGen: 14352K->528K(15872K)] 32832K->19016K(51712K), 0.0005460 secs] [Times: user=0.00 sys=0.00, real=0.01 secs] 
220.113: Total time for which application threads were stopped: 0.0006830 seconds, Stopping threads took: 0.0000550 seconds
220.194: Application time: 0.0807210 seconds
220.194: [GC [PSYoungGen: 14352K->512K(15872K)] 32840K->19016K(51712K), 0.0005620 secs] [Times: user=0.00 sys=0.00, real=0.00 secs] 
220.195: Total time for which application threads were stopped: 0.0007160 seconds, Stopping threads took: 0.0000560 seconds
220.276: Application time: 0.0815730 seconds
220.277: [GC [PSYoungGen: 14336K->544K(15872K)] 32840K->19048K(51712K), 0.0006130 secs] [Times: user=0.01 sys=0.00, real=0.00 secs] 
220.277: Total time for which application threads were stopped: 0.0007450 seconds, Stopping threads took: 0.0000500 seconds
220.358: Application time: 0.0812550 seconds
220.359: [GC [PSYoungGen: 14368K->528K(15872K)] 32872K->19032K(51712K), 0.0005060 secs] [Times: user=0.00 sys=0.00, real=0.00 secs] 
220.359: Total time for which application threads were stopped: 0.0006510 seconds, Stopping threads took: 0.0000650 seconds
220.438: Application time: 0.0790170 seconds
220.438: [GC [PSYoungGen: 14352K->528K(15872K)] 32856K->19032K(51712K), 0.0005940 secs] [Times: user=0.00 sys=0.00, real=0.00 secs] 
220.439: Total time for which application threads were stopped: 0.0007410 seconds, Stopping threads took: 0.0000610 seconds
220.519: Application time: 0.0799100 seconds
220.519: [GC [PSYoungGen: 14352K->480K(15872K)] 32856K->18984K(51712K), 0.0005460 secs] [Times: user=0.00 sys=0.00, real=0.00 secs] 
220.519: Total time for which application threads were stopped: 0.0006850 seconds, Stopping threads took: 0.0000570 seconds
220.600: Application time: 0.0804960 seconds
220.600: [GC [PSYoungGen: 14304K->480K(15872K)] 32808K->18984K(51712K), 0.0005490 secs] [Times: user=0.00 sys=0.00, real=0.00 secs] 
220.601: Total time for which application threads were stopped: 0.0007010 seconds, Stopping threads took: 0.0000700 seconds
220.683: Application time: 0.0818190 seconds
220.683: [GC [PSYoungGen: 14304K->464K(15872K)] 32808K->18968K(51712K), 0.0005550 secs] [Times: user=0.01 sys=0.00, real=0.00 secs] 
220.683: Total time for which application threads were stopped: 0.0006950 seconds, Stopping threads took: 0.0000610 seconds
220.764: Application time: 0.0809260 seconds
220.764: [GC [PSYoungGen: 14288K->528K(15872K)] 32792K->19056K(51712K), 0.0005660 secs] [Times: user=0.01 sys=0.00, real=0.00 secs] 
220.765: Total time for which application threads were stopped: 0.0007220 seconds, Stopping threads took: 0.0000620 seconds
220.846: Application time: 0.0813000 seconds
220.846: [GC [PSYoungGen: 14352K->480K(15872K)] 32880K->19016K(51712K), 0.0006570 secs] [Times: user=0.00 sys=0.00, real=0.00 secs] 
220.847: Total time for which application threads were stopped: 0.0008020 seconds, Stopping threads took: 0.0000630 seconds
220.928: Application time: 0.0810730 seconds
220.928: [GC [PSYoungGen: 14304K->512K(15872K)] 32840K->19056K(51712K), 0.0005820 secs] [Times: user=0.00 sys=0.00, real=0.00 secs] 
220.929: Total time for which application threads were stopped: 0.0007290 seconds, Stopping threads took: 0.0000640 seconds
221.010: Application time: 0.0814340 seconds
221.010: [GC [PSYoungGen: 14336K->544K(15872K)] 32880K->19096K(51712K), 0.0005240 secs] [Times: user=0.00 sys=0.00, real=0.00 secs] 
221.011: Total time for which application threads were stopped: 0.0006670 seconds, Stopping threads took: 0.0000660 seconds
221.093: Application time: 0.0819570 seconds
221.093: [GC [PSYoungGen: 14368K->480K(15872K)] 32920K->19032K(51712K), 0.0005470 secs] [Times: user=0.00 sys=0.00, real=0.01 secs] 
221.094: Total time for which application threads were stopped: 0.0006870 seconds, Stopping threads took: 0.0000580 seconds
221.175: Application time: 0.0812350 seconds
221.177: [GC [PSYoungGen: 14304K->496K(15872K)] 32856K->19048K(51712K), 0.0005670 secs] [Times: user=0.00 sys=0.00, real=0.00 secs] 
221.178: Total time for which application threads were stopped: 0.0032170 seconds, Stopping threads took: 0.0025720 seconds
221.259: Application time: 0.0814410 seconds
221.260: [GC [PSYoungGen: 14320K->496K(15872K)] 32872K->19048K(51712K), 0.0005070 secs] [Times: user=0.00 sys=0.00, real=0.00 secs] 
221.260: Total time for which application threads were stopped: 0.0006480 seconds, Stopping threads took: 0.0000630 seconds
221.339: Application time: 0.0787260 seconds
221.339: [GC [PSYoungGen: 14320K->512K(15872K)] 32872K->19064K(51712K), 0.0005460 secs] [Times: user=0.00 sys=0.00, real=0.00 secs] 
221.340: Total time for which application threads were stopped: 0.0007100 seconds, Stopping threads took: 0.0000740 seconds
221.420: Application time: 0.0808770 seconds
221.421: [GC [PSYoungGen: 14336K->528K(15872K)] 32888K->19080K(51712K), 0.0005140 secs] [Times: user=0.00 sys=0.00, real=0.00 secs] 
221.421: Total time for which application threads were stopped: 0.0006660 seconds, Stopping threads took: 0.0000740 seconds
221.502: Application time: 0.0814200 seconds
221.503: [GC [PSYoungGen: 14352K->496K(15872K)] 32904K->19048K(51712K), 0.0006430 secs] [Times: user=0.01 sys=0.00, real=0.00 secs] 
221.503: Total time for which application threads were stopped: 0.0007850 seconds, Stopping threads took: 0.0000610 seconds
221.586: Application time: 0.0826630 seconds
221.586: [GC [PSYoungGen: 14320K->496K(15872K)] 32872K->19048K(51712K), 0.0005580 secs] [Times: user=0.00 sys=0.00, real=0.00 secs] 
221.587: Total time for which application threads were stopped: 0.0006990 seconds, Stopping threads took: 0.0000570 seconds
221.668: Application time: 0.0813430 seconds
221.668: [GC [PSYoungGen: 14320K->496K(15872K)] 32872K->19056K(51712K), 0.0005900 secs] [Times: user=0.00 sys=0.00, real=0.00 secs] 
221.669: Total time for which application threads were stopped: 0.0007300 seconds, Stopping threads took: 0.0000580 seconds
221.750: Application time: 0.0811040 seconds
221.750: [GC [PSYoungGen: 14320K->464K(15872K)] 32880K->19032K(51712K), 0.0005430 secs] [Times: user=0.00 sys=0.00, real=0.00 secs] 
221.750: Total time for which application threads were stopped: 0.0006860 seconds, Stopping threads took: 0.0000590 seconds
221.832: Application time: 0.0815310 seconds
221.832: [GC [PSYoungGen: 14288K->544K(15872K)] 32856K->19120K(51712K), 0.0005310 secs] [Times: user=0.01 sys=0.00, real=0.00 secs] 
221.833: Total time for which application threads were stopped: 0.0006800 seconds, Stopping threads took: 0.0000620 seconds
221.914: Application time: 0.0816620 seconds
221.917: [GC [PSYoungGen: 14368K->512K(15872K)] 32944K->19088K(51712K), 0.0005810 secs] [Times: user=0.00 sys=0.00, real=0.00 secs] 
221.918: Total time for which application threads were stopped: 0.0036340 seconds, Stopping threads took: 0.0029610 seconds
222.000: Application time: 0.0819490 seconds
222.000: [GC [PSYoungGen: 14336K->528K(15872K)] 32912K->19104K(51712K), 0.0005580 secs] [Times: user=0.00 sys=0.00, real=0.00 secs] 
222.001: Total time for which application threads were stopped: 0.0007060 seconds, Stopping threads took: 0.0000620 seconds
222.082: Application time: 0.0810840 seconds
222.082: [GC [PSYoungGen: 14352K->480K(15872K)] 32928K->19056K(51712K), 0.0005300 secs] [Times: user=0.01 sys=0.00, real=0.00 secs] 
222.082: Total time for which application threads were stopped: 0.0006720 seconds, Stopping threads took: 0.0000600 seconds
222.161: Application time: 0.0781420 seconds
222.161: [GC [PSYoungGen: 14304K->496K(15872K)] 32880K->19072K(51712K), 0.0005540 secs] [Times: user=0.00 sys=0.00, real=0.00 secs] 
222.161: Total time for which application threads were stopped: 0.0007000 seconds, Stopping threads took: 0.0000630 seconds
222.241: Application time: 0.0802150 seconds
222.243: [GC [PSYoungGen: 14320K->496K(15872K)] 32896K->19072K(51712K), 0.0005890 secs] [Times: user=0.00 sys=0.00, real=0.00 secs] 
222.244: Total time for which application threads were stopped: 0.0025100 seconds, Stopping threads took: 0.0017140 seconds
222.326: Application time: 0.0816190 seconds
222.326: [GC [PSYoungGen: 14320K->496K(15872K)] 32896K->19072K(51712K), 0.0005800 secs] [Times: user=0.00 sys=0.00, real=0.00 secs] 
222.326: Total time for which application threads were stopped: 0.0007200 seconds, Stopping threads took: 0.0000630 seconds
222.408: Application time: 0.0812290 seconds
222.408: [GC [PSYoungGen: 14320K->464K(15872K)] 32896K->19040K(51712K), 0.0005230 secs] [Times: user=0.00 sys=0.00, real=0.00 secs] 
222.408: Total time for which application threads were stopped: 0.0006550 seconds, Stopping threads took: 0.0000520 seconds
222.489: Application time: 0.0810750 seconds
222.489: [GC [PSYoungGen: 14288K->544K(15872K)] 32864K->19128K(51712K), 0.0005740 secs] [Times: user=0.00 sys=0.00, real=0.00 secs] 
222.490: Total time for which application threads were stopped: 0.0007200 seconds, Stopping threads took: 0.0000560 seconds
222.571: Application time: 0.0807810 seconds
222.571: [GC [PSYoungGen: 14368K->528K(15872K)] 32952K->19120K(51712K), 0.0005670 secs] [Times: user=0.01 sys=0.00, real=0.00 secs] 
222.572: Total time for which application threads were stopped: 0.0007040 seconds, Stopping threads took: 0.0000510 seconds
222.653: Application time: 0.0813510 seconds
222.653: [GC [PSYoungGen: 14352K->528K(15872K)] 32944K->19128K(51712K), 0.0005550 secs] [Times: user=0.00 sys=0.01, real=0.01 secs] 
222.654: Total time for which application threads were stopped: 0.0006970 seconds, Stopping threads took: 0.0000590 seconds
222.735: Application time: 0.0811240 seconds
222.735: [GC [PSYoungGen: 14352K->496K(15872K)] 32952K->19096K(51712K), 0.0005930 secs] [Times: user=0.00 sys=0.00, real=0.00 secs] 
222.735: Total time for which application threads were stopped: 0.0007360 seconds, Stopping threads took: 0.0000610 seconds
222.817: Application time: 0.0814320 seconds
222.817: [GC [PSYoungGen: 14320K->512K(15872K)] 32920K->19112K(51712K), 0.0005320 secs] [Times: user=0.00 sys=0.00, real=0.00 secs] 
222.818: Total time for which application threads were stopped: 0.0006870 seconds, Stopping threads took: 0.0000700 seconds
222.898: Application time: 0.0809360 seconds
222.899: [GC [PSYoungGen: 14336K->512K(15872K)] 32936K->19112K(51712K), 0.0005680 secs] [Times: user=0.00 sys=0.00, real=0.00 secs] 
222.899: Total time for which application threads were stopped: 0.0007130 seconds, Stopping threads took: 0.0000620 seconds
222.978: Application time: 0.0789560 seconds
222.978: [GC [PSYoungGen: 14336K->480K(15872K)] 32936K->19080K(51712K), 0.0005950 secs] [Times: user=0.00 sys=0.00, real=0.00 secs] 
222.979: Total time for which application threads were stopped: 0.0007370 seconds, Stopping threads took: 0.0000620 seconds
223.061: Application time: 0.0818790 seconds
223.061: [GC [PSYoungGen: 14304K->512K(15872K)] 32904K->19112K(51712K), 0.0005640 secs] [Times: user=0.00 sys=0.00, real=0.00 secs] 
223.062: Total time for which application threads were stopped: 0.0007290 seconds, Stopping threads took: 0.0000750 seconds
223.143: Application time: 0.0811550 seconds
223.143: [GC [PSYoungGen: 14336K->480K(15872K)] 32936K->19080K(51712K), 0.0005690 secs] [Times: user=0.00 sys=0.00, real=0.00 secs] 
223.143: Total time for which application threads were stopped: 0.0007570 seconds, Stopping threads took: 0.0001040 seconds
223.225: Application time: 0.0813420 seconds
223.225: [GC [PSYoungGen: 14304K->512K(15872K)] 32904K->19112K(51712K), 0.0005700 secs] [Times: user=0.00 sys=0.00, real=0.01 secs] 
223.225: Total time for which application threads were stopped: 0.0007160 seconds, Stopping threads took: 0.0000610 seconds
223.307: Application time: 0.0818500 seconds
223.307: [GC [PSYoungGen: 14336K->464K(15872K)] 32936K->19072K(51712K), 0.0005520 secs] [Times: user=0.00 sys=0.00, real=0.00 secs] 
223.308: Total time for which application threads were stopped: 0.0006970 seconds, Stopping threads took: 0.0000570 seconds
223.389: Application time: 0.0809300 seconds
223.389: [GC [PSYoungGen: 14288K->512K(15872K)] 32896K->19128K(51712K), 0.0005330 secs] [Times: user=0.01 sys=0.00, real=0.00 secs] 
223.390: Total time for which application threads were stopped: 0.0006770 seconds, Stopping threads took: 0.0000660 seconds
223.471: Application time: 0.0811950 seconds
223.471: [GC [PSYoungGen: 14336K->464K(15872K)] 32952K->19088K(51712K), 0.0005840 secs] [Times: user=0.01 sys=0.00, real=0.00 secs] 
223.473: Total time for which application threads were stopped: 0.0017210 seconds, Stopping threads took: 0.0000640 seconds
223.554: Application time: 0.0814340 seconds
223.554: [GC [PSYoungGen: 14288K->512K(15872K)] 32912K->19136K(51712K), 0.0005640 secs] [Times: user=0.00 sys=0.00, real=0.00 secs] 
223.555: Total time for which application threads were stopped: 0.0007070 seconds, Stopping threads took: 0.0000620 seconds
223.636: Application time: 0.0811710 seconds
223.636: [GC [PSYoungGen: 14336K->464K(15872K)] 32960K->19088K(51712K), 0.0005630 secs] [Times: user=0.00 sys=0.00, real=0.00 secs] 
223.637: Total time for which application threads were stopped: 0.0007240 seconds, Stopping threads took: 0.0000700 seconds
223.717: Application time: 0.0806270 seconds
223.717: [GC [PSYoungGen: 14288K->528K(15872K)] 32912K->19152K(51712K), 0.0005650 secs] [Times: user=0.01 sys=0.00, real=0.00 secs] 
223.718: Total time for which application threads were stopped: 0.0007080 seconds, Stopping threads took: 0.0000600 seconds
223.797: Application time: 0.0792310 seconds
223.797: [GC [PSYoungGen: 14352K->496K(15872K)] 32976K->19120K(51712K), 0.0005500 secs] [Times: user=0.00 sys=0.00, real=0.00 secs] 
223.798: Total time for which application threads were stopped: 0.0006970 seconds, Stopping threads took: 0.0000620 seconds
223.878: Application time: 0.0801970 seconds
223.878: [GC [PSYoungGen: 14320K->496K(15872K)] 32944K->19120K(51712K), 0.0005470 secs] [Times: user=0.01 sys=0.00, real=0.00 secs] 
223.879: Total time for which application threads were stopped: 0.0006870 seconds, Stopping threads took: 0.0000570 seconds
223.960: Application time: 0.0810590 seconds
223.960: [GC [PSYoungGen: 14320K->496K(15872K)] 32944K->19120K(51712K), 0.0005370 secs] [Times: user=0.00 sys=0.00, real=0.00 secs] 
223.961: Total time for which application threads were stopped: 0.0006760 seconds, Stopping threads took: 0.0000540 seconds
224.042: Application time: 0.0818710 seconds
224.042: [GC [PSYoungGen: 14320K->448K(15872K)] 32944K->19072K(51712K), 0.0005460 secs] [Times: user=0.00 sys=0.00, real=0.00 secs] 
224.043: Total time for which application threads were stopped: 0.0006950 seconds, Stopping threads took: 0.0000680 seconds
224.124: Application time: 0.0805760 seconds
224.124: [GC [PSYoungGen: 14272K->512K(15872K)] 32896K->19144K(51712K), 0.0005060 secs] [Times: user=0.01 sys=0.00, real=0.00 secs] 
224.124: Total time for which application threads were stopped: 0.0006320 seconds, Stopping threads took: 0.0000490 seconds
224.198: Application time: 0.0737170 seconds
224.198: [GC [PSYoungGen: 14336K->480K(15872K)] 32968K->19120K(51712K), 0.0005720 secs] [Times: user=0.00 sys=0.00, real=0.00 secs] 
224.199: Total time for which application threads were stopped: 0.0007210 seconds, Stopping threads took: 0.0000610 seconds
224.273: Application time: 0.0746010 seconds
224.273: [GC [PSYoungGen: 14304K->496K(15872K)] 32944K->19144K(51712K), 0.0005220 secs] [Times: user=0.00 sys=0.00, real=0.00 secs] 
224.274: Total time for which application threads were stopped: 0.0006470 seconds, Stopping threads took: 0.0000470 seconds
224.348: Application time: 0.0743270 seconds
224.348: [GC [PSYoungGen: 14320K->480K(15872K)] 32968K->19136K(51712K), 0.0005870 secs] [Times: user=0.00 sys=0.00, real=0.00 secs] 
224.349: Total time for which application threads were stopped: 0.0007230 seconds, Stopping threads took: 0.0000550 seconds
224.423: Application time: 0.0740700 seconds
224.423: [GC [PSYoungGen: 14304K->512K(15872K)] 32960K->19168K(51712K), 0.0005430 secs] [Times: user=0.01 sys=0.00, real=0.00 secs] 
224.424: Total time for which application threads were stopped: 0.0006800 seconds, Stopping threads took: 0.0000590 seconds
224.497: Application time: 0.0736230 seconds
224.498: [GC [PSYoungGen: 14336K->464K(15872K)] 32992K->19120K(51712K), 0.0005500 secs] [Times: user=0.00 sys=0.00, real=0.00 secs] 
224.498: Total time for which application threads were stopped: 0.0006820 seconds, Stopping threads took: 0.0000540 seconds
224.572: Application time: 0.0741400 seconds
224.572: [GC [PSYoungGen: 14288K->432K(15872K)] 32944K->19088K(51712K), 0.0005530 secs] [Times: user=0.00 sys=0.00, real=0.00 secs] 
224.573: Total time for which application threads were stopped: 0.0006930 seconds, Stopping threads took: 0.0000650 seconds
224.645: Application time: 0.0718620 seconds
224.645: [GC [PSYoungGen: 14256K->464K(15872K)] 32912K->19120K(51712K), 0.0005050 secs] [Times: user=0.00 sys=0.00, real=0.01 secs] 
224.645: Total time for which application threads were stopped: 0.0006510 seconds, Stopping threads took: 0.0000660 seconds
224.719: Application time: 0.0738470 seconds
224.719: [GC [PSYoungGen: 14288K->464K(15872K)] 32944K->19120K(51712K), 0.0005120 secs] [Times: user=0.00 sys=0.00, real=0.00 secs] 
224.720: Total time for which application threads were stopped: 0.0006400 seconds, Stopping threads took: 0.0000420 seconds
224.794: Application time: 0.0736360 seconds
224.797: [GC [PSYoungGen: 14288K->464K(15872K)] 32944K->19120K(51712K), 0.0005180 secs] [Times: user=0.00 sys=0.00, real=0.00 secs] 
224.798: Total time for which application threads were stopped: 0.0043500 seconds, Stopping threads took: 0.0037570 seconds
224.872: Application time: 0.0738960 seconds
224.872: [GC [PSYoungGen: 14288K->512K(15872K)] 32944K->19176K(51712K), 0.0005220 secs] [Times: user=0.00 sys=0.00, real=0.00 secs] 
224.873: Total time for which application threads were stopped: 0.0006840 seconds, Stopping threads took: 0.0000780 seconds
224.946: Application time: 0.0735850 seconds
224.946: [GC [PSYoungGen: 14336K->464K(15872K)] 33000K->19136K(51712K), 0.0005320 secs] [Times: user=0.00 sys=0.00, real=0.00 secs] 
224.947: Total time for which application threads were stopped: 0.0006770 seconds, Stopping threads took: 0.0000650 seconds
225.021: Application time: 0.0739350 seconds
225.021: [GC [PSYoungGen: 14288K->544K(15872K)] 32960K->19224K(51712K), 0.0005670 secs] [Times: user=0.01 sys=0.00, real=0.00 secs] 
225.021: Total time for which application threads were stopped: 0.0007050 seconds, Stopping threads took: 0.0000610 seconds
225.095: Application time: 0.0739180 seconds
225.095: [GC [PSYoungGen: 14368K->496K(15872K)] 33048K->19184K(51712K), 0.0005420 secs] [Times: user=0.00 sys=0.00, real=0.00 secs] 
225.096: Total time for which application threads were stopped: 0.0006950 seconds, Stopping threads took: 0.0000680 seconds
225.170: Application time: 0.0740690 seconds
225.170: [GC [PSYoungGen: 14320K->528K(15872K)] 33008K->19216K(51712K), 0.0005160 secs] [Times: user=0.00 sys=0.00, real=0.00 secs] 
225.171: Total time for which application threads were stopped: 0.0006400 seconds, Stopping threads took: 0.0000500 seconds
225.245: Application time: 0.0744970 seconds
225.245: [GC [PSYoungGen: 14352K->512K(15872K)] 33040K->19200K(51712K), 0.0006140 secs] [Times: user=0.00 sys=0.00, real=0.00 secs] 
225.246: Total time for which application threads were stopped: 0.0008290 seconds, Stopping threads took: 0.0001060 seconds
225.319: Application time: 0.0727490 seconds
225.319: [GC [PSYoungGen: 14336K->528K(15872K)] 33024K->19216K(51712K), 0.0005390 secs] [Times: user=0.00 sys=0.00, real=0.00 secs] 
225.320: Total time for which application threads were stopped: 0.0006800 seconds, Stopping threads took: 0.0000600 seconds
225.391: Application time: 0.0717610 seconds
225.391: [GC [PSYoungGen: 14352K->528K(15872K)] 33040K->19216K(51712K), 0.0005190 secs] [Times: user=0.00 sys=0.00, real=0.00 secs] 
225.392: Total time for which application threads were stopped: 0.0006660 seconds, Stopping threads took: 0.0000660 seconds
225.465: Application time: 0.0733060 seconds
225.465: [GC [PSYoungGen: 14352K->528K(15872K)] 33040K->19216K(51712K), 0.0005580 secs] [Times: user=0.00 sys=0.00, real=0.00 secs] 
225.466: Total time for which application threads were stopped: 0.0006920 seconds, Stopping threads took: 0.0000550 seconds
225.540: Application time: 0.0742060 seconds
225.541: [GC [PSYoungGen: 14352K->464K(15872K)] 33040K->19152K(51712K), 0.0005720 secs] [Times: user=0.00 sys=0.00, real=0.00 secs] 
225.542: Total time for which application threads were stopped: 0.0018310 seconds, Stopping threads took: 0.0011780 seconds
225.616: Application time: 0.0741460 seconds
225.616: [GC [PSYoungGen: 14288K->528K(15872K)] 32976K->19224K(51712K), 0.0005580 secs] [Times: user=0.00 sys=0.00, real=0.00 secs] 
225.617: Total time for which application threads were stopped: 0.0006970 seconds, Stopping threads took: 0.0000660 seconds
225.691: Application time: 0.0743960 seconds
225.691: [GC [PSYoungGen: 14352K->480K(15872K)] 33048K->19184K(51712K), 0.0005250 secs] [Times: user=0.00 sys=0.00, real=0.00 secs] 
225.692: Total time for which application threads were stopped: 0.0006560 seconds, Stopping threads took: 0.0000550 seconds
225.765: Application time: 0.0732720 seconds
225.765: [GC [PSYoungGen: 14304K->512K(15872K)] 33008K->19224K(51712K), 0.0005040 secs] [Times: user=0.00 sys=0.01, real=0.01 secs] 
225.766: Total time for which application threads were stopped: 0.0006410 seconds, Stopping threads took: 0.0000510 seconds
225.840: Application time: 0.0742040 seconds
225.840: [GC [PSYoungGen: 14336K->544K(15872K)] 33048K->19264K(51712K), 0.0005200 secs] [Times: user=0.00 sys=0.00, real=0.00 secs] 
225.841: Total time for which application threads were stopped: 0.0006730 seconds, Stopping threads took: 0.0000740 seconds
225.915: Application time: 0.0741580 seconds
225.915: [GC [PSYoungGen: 14368K->528K(15872K)] 33088K->19248K(51712K), 0.0005410 secs] [Times: user=0.00 sys=0.00, real=0.00 secs] 
225.916: Total time for which application threads were stopped: 0.0006850 seconds, Stopping threads took: 0.0000620 seconds
225.990: Application time: 0.0743660 seconds
225.990: [GC [PSYoungGen: 14352K->496K(15872K)] 33072K->19216K(51712K), 0.0005050 secs] [Times: user=0.00 sys=0.00, real=0.00 secs] 
225.991: Total time for which application threads were stopped: 0.0006460 seconds, Stopping threads took: 0.0000630 seconds
226.065: Application time: 0.0744460 seconds
226.065: [GC [PSYoungGen: 14320K->464K(15872K)] 33040K->19184K(51712K), 0.0004840 secs] [Times: user=0.00 sys=0.00, real=0.01 secs] 
226.066: Total time for which application threads were stopped: 0.0006140 seconds, Stopping threads took: 0.0000610 seconds
226.137: Application time: 0.0712640 seconds
226.137: [GC [PSYoungGen: 14288K->480K(15872K)] 33008K->19200K(51712K), 0.0006020 secs] [Times: user=0.00 sys=0.00, real=0.00 secs] 
226.138: Total time for which application threads were stopped: 0.0007380 seconds, Stopping threads took: 0.0000560 seconds
226.211: Application time: 0.0735270 seconds
226.211: [GC [PSYoungGen: 14304K->496K(15872K)] 33024K->19216K(51712K), 0.0005170 secs] [Times: user=0.00 sys=0.00, real=0.00 secs] 
226.212: Total time for which application threads were stopped: 0.0006610 seconds, Stopping threads took: 0.0000670 seconds
226.286: Application time: 0.0739180 seconds
226.286: [GC [PSYoungGen: 14320K->496K(15872K)] 33040K->19216K(51712K), 0.0005660 secs] [Times: user=0.00 sys=0.00, real=0.00 secs] 
226.286: Total time for which application threads were stopped: 0.0007180 seconds, Stopping threads took: 0.0000610 seconds
226.361: Application time: 0.0740780 seconds
226.361: [GC [PSYoungGen: 14320K->528K(15872K)] 33040K->19248K(51712K), 0.0005310 secs] [Times: user=0.00 sys=0.00, real=0.00 secs] 
226.361: Total time for which application threads were stopped: 0.0006690 seconds, Stopping threads took: 0.0000610 seconds
226.435: Application time: 0.0740650 seconds
226.435: [GC [PSYoungGen: 14352K->512K(15872K)] 33072K->19240K(51712K), 0.0005750 secs] [Times: user=0.00 sys=0.00, real=0.00 secs] 
226.436: Total time for which application threads were stopped: 0.0007040 seconds, Stopping threads took: 0.0000480 seconds
226.509: Application time: 0.0733580 seconds
226.509: [GC [PSYoungGen: 14336K->512K(15872K)] 33064K->19248K(51712K), 0.0005050 secs] [Times: user=0.00 sys=0.00, real=0.00 secs] 
226.510: Total time for which application threads were stopped: 0.0006310 seconds, Stopping threads took: 0.0000480 seconds
226.584: Application time: 0.0742960 seconds
226.584: [GC [PSYoungGen: 14336K->512K(15872K)] 33072K->19256K(51712K), 0.0005370 secs] [Times: user=0.00 sys=0.00, real=0.00 secs] 
226.585: Total time for which application threads were stopped: 0.0006680 seconds, Stopping threads took: 0.0000510 seconds
226.659: Application time: 0.0742090 seconds
226.659: [GC [PSYoungGen: 14336K->496K(15872K)] 33080K->19240K(51712K), 0.0005130 secs] [Times: user=0.00 sys=0.00, real=0.00 secs] 
226.660: Total time for which application threads were stopped: 0.0006470 seconds, Stopping threads took: 0.0000570 seconds
226.734: Application time: 0.0738890 seconds
226.734: [GC [PSYoungGen: 14320K->528K(15872K)] 33064K->19272K(51712K), 0.0005420 secs] [Times: user=0.00 sys=0.00, real=0.00 secs] 
226.734: Total time for which application threads were stopped: 0.0006720 seconds, Stopping threads took: 0.0000540 seconds
226.808: Application time: 0.0735120 seconds
226.808: [GC [PSYoungGen: 14352K->512K(15872K)] 33096K->19256K(51712K), 0.0005610 secs] [Times: user=0.00 sys=0.00, real=0.00 secs] 
226.809: Total time for which application threads were stopped: 0.0007060 seconds, Stopping threads took: 0.0000610 seconds
226.880: Application time: 0.0715540 seconds
226.880: [GC [PSYoungGen: 14336K->496K(15872K)] 33080K->19240K(51712K), 0.0004860 secs] [Times: user=0.00 sys=0.00, real=0.00 secs] 
226.881: Total time for which application threads were stopped: 0.0006150 seconds, Stopping threads took: 0.0000540 seconds
226.953: Application time: 0.0722310 seconds
226.953: [GC [PSYoungGen: 14320K->464K(15872K)] 33064K->19208K(51712K), 0.0004910 secs] [Times: user=0.00 sys=0.00, real=0.01 secs] 
226.954: Total time for which application threads were stopped: 0.0006310 seconds, Stopping threads took: 0.0000630 seconds
227.027: Application time: 0.0739060 seconds
227.028: [GC [PSYoungGen: 14288K->496K(15872K)] 33032K->19240K(51712K), 0.0005000 secs] [Times: user=0.00 sys=0.00, real=0.00 secs] 
227.028: Total time for which application threads were stopped: 0.0006420 seconds, Stopping threads took: 0.0000650 seconds
227.102: Application time: 0.0735600 seconds
227.102: [GC [PSYoungGen: 14320K->496K(15872K)] 33064K->19240K(51712K), 0.0005230 secs] [Times: user=0.00 sys=0.00, real=0.00 secs] 
227.102: Total time for which application threads were stopped: 0.0006700 seconds, Stopping threads took: 0.0000620 seconds
227.177: Application time: 0.0743190 seconds
227.177: [GC [PSYoungGen: 14320K->512K(15872K)] 33064K->19264K(51712K), 0.0005190 secs] [Times: user=0.00 sys=0.00, real=0.00 secs] 
227.177: Total time for which application threads were stopped: 0.0006610 seconds, Stopping threads took: 0.0000620 seconds
227.251: Application time: 0.0737140 seconds
227.251: [GC [PSYoungGen: 14336K->496K(15872K)] 33088K->19256K(51712K), 0.0005230 secs] [Times: user=0.00 sys=0.00, real=0.00 secs] 
227.252: Total time for which application threads were stopped: 0.0006570 seconds, Stopping threads took: 0.0000540 seconds
227.328: Application time: 0.0765060 seconds
227.328: [GC [PSYoungGen: 14320K->512K(15872K)] 33080K->19280K(51712K), 0.0005300 secs] [Times: user=0.00 sys=0.00, real=0.00 secs] 
227.329: Total time for which application threads were stopped: 0.0006990 seconds, Stopping threads took: 0.0000750 seconds
227.403: Application time: 0.0737210 seconds
227.403: [GC [PSYoungGen: 14336K->528K(15872K)] 33104K->19296K(51712K), 0.0005230 secs] [Times: user=0.01 sys=0.00, real=0.00 secs] 
227.403: Total time for which application threads were stopped: 0.0006620 seconds, Stopping threads took: 0.0000560 seconds
227.477: Application time: 0.0740680 seconds
227.478: [GC [PSYoungGen: 14352K->544K(15872K)] 33120K->19312K(51712K), 0.0005310 secs] [Times: user=0.01 sys=0.00, real=0.00 secs] 
227.478: Total time for which application threads were stopped: 0.0006670 seconds, Stopping threads took: 0.0000540 seconds
227.551: Application time: 0.0734340 seconds
227.552: [GC [PSYoungGen: 14368K->560K(15872K)] 33136K->19328K(51712K), 0.0005220 secs] [Times: user=0.00 sys=0.00, real=0.00 secs] 
227.552: Total time for which application threads were stopped: 0.0006580 seconds, Stopping threads took: 0.0000590 seconds
227.626: Application time: 0.0737580 seconds
227.626: [GC [PSYoungGen: 14384K->512K(15872K)] 33152K->19280K(51712K), 0.0005330 secs] [Times: user=0.00 sys=0.00, real=0.00 secs] 
227.627: Total time for which application threads were stopped: 0.0007040 seconds, Stopping threads took: 0.0000920 seconds
227.700: Application time: 0.0731320 seconds
227.700: [GC [PSYoungGen: 14336K->528K(15872K)] 33104K->19296K(51712K), 0.0005680 secs] [Times: user=0.01 sys=0.00, real=0.00 secs] 
227.700: Total time for which application threads were stopped: 0.0007240 seconds, Stopping threads took: 0.0000740 seconds
227.774: Application time: 0.0733470 seconds
227.774: [GC [PSYoungGen: 14352K->480K(15872K)] 33120K->19248K(51712K), 0.0005610 secs] [Times: user=0.01 sys=0.00, real=0.00 secs] 
227.775: Total time for which application threads were stopped: 0.0006920 seconds, Stopping threads took: 0.0000540 seconds
227.849: Application time: 0.0744710 seconds
227.849: [GC [PSYoungGen: 14304K->496K(15872K)] 33072K->19264K(51712K), 0.0005850 secs] [Times: user=0.00 sys=0.00, real=0.00 secs] 
227.850: Total time for which application threads were stopped: 0.0007250 seconds, Stopping threads took: 0.0000520 seconds
227.924: Application time: 0.0744690 seconds
227.924: [GC [PSYoungGen: 14320K->512K(15872K)] 33088K->19304K(51712K), 0.0004950 secs] [Times: user=0.00 sys=0.00, real=0.00 secs] 
227.925: Total time for which application threads were stopped: 0.0006270 seconds, Stopping threads took: 0.0000530 seconds
227.998: Application time: 0.0735090 seconds
227.998: [GC [PSYoungGen: 14336K->512K(15872K)] 33128K->19312K(51712K), 0.0005700 secs] [Times: user=0.00 sys=0.00, real=0.00 secs] 
227.999: Total time for which application threads were stopped: 0.0007110 seconds, Stopping threads took: 0.0000640 seconds
228.074: Application time: 0.0751010 seconds
228.074: [GC [PSYoungGen: 14336K->496K(15872K)] 33136K->19304K(51712K), 0.0004960 secs] [Times: user=0.00 sys=0.00, real=0.00 secs] 
228.075: Total time for which application threads were stopped: 0.0006320 seconds, Stopping threads took: 0.0000540 seconds
228.153: Application time: 0.0779370 seconds
228.153: [GC [PSYoungGen: 14320K->512K(15872K)] 33128K->19328K(51712K), 0.0005340 secs] [Times: user=0.01 sys=0.00, real=0.01 secs] 
228.153: Total time for which application threads were stopped: 0.0006630 seconds, Stopping threads took: 0.0000510 seconds
228.229: Application time: 0.0752010 seconds
228.229: [GC [PSYoungGen: 14336K->528K(15872K)] 33152K->19344K(51712K), 0.0005510 secs] [Times: user=0.00 sys=0.00, real=0.00 secs] 
228.229: Total time for which application threads were stopped: 0.0006910 seconds, Stopping threads took: 0.0000580 seconds
228.303: Application time: 0.0738640 seconds
228.303: [GC [PSYoungGen: 14352K->528K(15872K)] 33168K->19344K(51712K), 0.0005340 secs] [Times: user=0.01 sys=0.00, real=0.00 secs] 
228.304: Total time for which application threads were stopped: 0.0006780 seconds, Stopping threads took: 0.0000660 seconds
228.376: Application time: 0.0719620 seconds
228.376: [GC [PSYoungGen: 14352K->496K(15872K)] 33168K->19312K(51712K), 0.0005640 secs] [Times: user=0.00 sys=0.00, real=0.00 secs] 
228.377: Total time for which application threads were stopped: 0.0007120 seconds, Stopping threads took: 0.0000550 seconds
228.449: Application time: 0.0725310 seconds
228.449: [GC [PSYoungGen: 14320K->464K(15872K)] 33136K->19280K(51712K), 0.0005270 secs] [Times: user=0.00 sys=0.00, real=0.00 secs] 
228.450: Total time for which application threads were stopped: 0.0006540 seconds, Stopping threads took: 0.0000490 seconds
228.523: Application time: 0.0734230 seconds
228.523: [GC [PSYoungGen: 14288K->528K(15872K)] 33104K->19344K(51712K), 0.0006460 secs] [Times: user=0.00 sys=0.00, real=0.00 secs] 
228.524: Total time for which application threads were stopped: 0.0008070 seconds, Stopping threads took: 0.0000780 seconds
228.598: Application time: 0.0742830 seconds
228.598: [GC [PSYoungGen: 14352K->480K(15872K)] 33168K->19296K(51712K), 0.0006010 secs] [Times: user=0.00 sys=0.00, real=0.00 secs] 
228.599: Total time for which application threads were stopped: 0.0007350 seconds, Stopping threads took: 0.0000530 seconds
228.673: Application time: 0.0744250 seconds
228.673: [GC [PSYoungGen: 14304K->512K(15872K)] 33120K->19336K(51712K), 0.0005330 secs] [Times: user=0.00 sys=0.00, real=0.00 secs] 
228.674: Total time for which application threads were stopped: 0.0006670 seconds, Stopping threads took: 0.0000530 seconds
228.748: Application time: 0.0736070 seconds
228.748: [GC [PSYoungGen: 14336K->528K(15872K)] 33160K->19360K(51712K), 0.0005940 secs] [Times: user=0.01 sys=0.00, real=0.00 secs] 
228.748: Total time for which application threads were stopped: 0.0007380 seconds, Stopping threads took: 0.0000630 seconds
228.822: Application time: 0.0737320 seconds
228.822: [GC [PSYoungGen: 14352K->512K(15872K)] 33184K->19352K(51712K), 0.0005180 secs] [Times: user=0.00 sys=0.00, real=0.00 secs] 
228.823: Total time for which application threads were stopped: 0.0006690 seconds, Stopping threads took: 0.0000680 seconds
228.897: Application time: 0.0738740 seconds
228.897: [GC [PSYoungGen: 14336K->464K(15872K)] 33176K->19312K(51712K), 0.0005900 secs] [Times: user=0.00 sys=0.00, real=0.00 secs] 
228.898: Total time for which application threads were stopped: 0.0013240 seconds, Stopping threads took: 0.0006490 seconds
228.972: Application time: 0.0742320 seconds
228.972: [GC [PSYoungGen: 14288K->512K(15872K)] 33136K->19360K(51712K), 0.0005010 secs] [Times: user=0.00 sys=0.00, real=0.00 secs] 
228.973: Total time for which application threads were stopped: 0.0006500 seconds, Stopping threads took: 0.0000720 seconds
229.047: Application time: 0.0742850 seconds
229.047: [GC [PSYoungGen: 14336K->496K(15872K)] 33184K->19344K(51712K), 0.0005200 secs] [Times: user=0.00 sys=0.00, real=0.00 secs] 
229.048: Total time for which application threads were stopped: 0.0006560 seconds, Stopping threads took: 0.0000580 seconds
229.121: Application time: 0.0736640 seconds
229.122: [GC [PSYoungGen: 14320K->496K(15872K)] 33168K->19344K(51712K), 0.0004970 secs] [Times: user=0.00 sys=0.00, real=0.00 secs] 
229.122: Total time for which application threads were stopped: 0.0007240 seconds, Stopping threads took: 0.0001390 seconds
229.194: Application time: 0.0716350 seconds
229.194: [GC [PSYoungGen: 14320K->528K(15872K)] 33168K->19376K(51712K), 0.0004790 secs] [Times: user=0.00 sys=0.00, real=0.00 secs] 
229.194: Total time for which application threads were stopped: 0.0006230 seconds, Stopping threads took: 0.0000650 seconds
229.268: Application time: 0.0734930 seconds
229.268: [GC [PSYoungGen: 14352K->496K(15872K)] 33200K->19344K(51712K), 0.0004940 secs] [Times: user=0.00 sys=0.00, real=0.00 secs] 
229.269: Total time for which application threads were stopped: 0.0006190 seconds, Stopping threads took: 0.0000490 seconds
229.343: Application time: 0.0740460 seconds
229.343: [GC [PSYoungGen: 14320K->512K(15872K)] 33168K->19360K(51712K), 0.0005310 secs] [Times: user=0.01 sys=0.00, real=0.00 secs] 
229.343: Total time for which application threads were stopped: 0.0006630 seconds, Stopping threads took: 0.0000550 seconds
229.418: Application time: 0.0742110 seconds
229.418: [GC [PSYoungGen: 14336K->496K(15872K)] 33184K->19344K(51712K), 0.0005060 secs] [Times: user=0.00 sys=0.00, real=0.00 secs] 
229.418: Total time for which application threads were stopped: 0.0006520 seconds, Stopping threads took: 0.0000580 seconds
229.492: Application time: 0.0736190 seconds
229.492: [GC [PSYoungGen: 14320K->512K(15872K)] 33168K->19368K(51712K), 0.0005940 secs] [Times: user=0.00 sys=0.00, real=0.00 secs] 
229.493: Total time for which application threads were stopped: 0.0007420 seconds, Stopping threads took: 0.0000650 seconds
229.566: Application time: 0.0735400 seconds
229.566: [GC [PSYoungGen: 14336K->512K(15872K)] 33192K->19376K(51712K), 0.0005490 secs] [Times: user=0.00 sys=0.00, real=0.00 secs] 
229.567: Total time for which application threads were stopped: 0.0006900 seconds, Stopping threads took: 0.0000550 seconds
229.641: Application time: 0.0739410 seconds
229.641: [GC [PSYoungGen: 14336K->512K(15872K)] 33200K->19384K(51712K), 0.0005090 secs] [Times: user=0.00 sys=0.00, real=0.00 secs] 
229.641: Total time for which application threads were stopped: 0.0006500 seconds, Stopping threads took: 0.0000650 seconds
229.715: Application time: 0.0738720 seconds
229.715: [GC [PSYoungGen: 14336K->512K(15872K)] 33208K->19384K(51712K), 0.0005000 secs] [Times: user=0.00 sys=0.00, real=0.00 secs] 
229.716: Total time for which application threads were stopped: 0.0006290 seconds, Stopping threads took: 0.0000490 seconds
229.790: Application time: 0.0744770 seconds
229.790: [GC [PSYoungGen: 14336K->528K(15872K)] 33208K->19400K(51712K), 0.0005110 secs] [Times: user=0.00 sys=0.00, real=0.00 secs] 
229.791: Total time for which application threads were stopped: 0.0006410 seconds, Stopping threads took: 0.0000530 seconds
229.864: Application time: 0.0734950 seconds
229.865: [GC [PSYoungGen: 14352K->448K(15872K)] 33224K->19320K(51712K), 0.0004770 secs] [Times: user=0.00 sys=0.00, real=0.00 secs] 
229.865: Total time for which application threads were stopped: 0.0006130 seconds, Stopping threads took: 0.0000580 seconds
229.936: Application time: 0.0705880 seconds
229.936: [GC [PSYoungGen: 14272K->560K(15872K)] 33144K->19432K(51712K), 0.0004940 secs] [Times: user=0.01 sys=0.00, real=0.00 secs] 
229.936: Total time for which application threads were stopped: 0.0006540 seconds, Stopping threads took: 0.0000730 seconds
230.010: Application time: 0.0735980 seconds
230.010: [GC [PSYoungGen: 14384K->512K(15872K)] 33256K->19384K(51712K), 0.0005320 secs] [Times: user=0.01 sys=0.00, real=0.00 secs] 
230.011: Total time for which application threads were stopped: 0.0006820 seconds, Stopping threads took: 0.0000720 seconds
230.085: Application time: 0.0739270 seconds
230.085: [GC [PSYoungGen: 14336K->528K(15872K)] 33208K->19400K(51712K), 0.0005190 secs] [Times: user=0.00 sys=0.00, real=0.00 secs] 
230.085: Total time for which application threads were stopped: 0.0006570 seconds, Stopping threads took: 0.0000620 seconds
230.159: Application time: 0.0740130 seconds
230.159: [GC [PSYoungGen: 14352K->496K(15872K)] 33224K->19368K(51712K), 0.0005260 secs] [Times: user=0.00 sys=0.00, real=0.00 secs] 
230.160: Total time for which application threads were stopped: 0.0006620 seconds, Stopping threads took: 0.0000600 seconds
230.234: Application time: 0.0742440 seconds
230.234: [GC [PSYoungGen: 14320K->528K(15872K)] 33192K->19408K(51712K), 0.0004980 secs] [Times: user=0.00 sys=0.00, real=0.00 secs] 
230.235: Total time for which application threads were stopped: 0.0006300 seconds, Stopping threads took: 0.0000540 seconds
230.309: Application time: 0.0739120 seconds
230.309: [GC [PSYoungGen: 14352K->528K(15872K)] 33232K->19416K(51712K), 0.0005630 secs] [Times: user=0.00 sys=0.00, real=0.00 secs] 
230.309: Total time for which application threads were stopped: 0.0007010 seconds, Stopping threads took: 0.0000600 seconds
230.383: Application time: 0.0737780 seconds
230.383: [GC [PSYoungGen: 14352K->496K(15872K)] 33240K->19392K(51712K), 0.0005580 secs] [Times: user=0.00 sys=0.00, real=0.00 secs] 
230.384: Total time for which application threads were stopped: 0.0006930 seconds, Stopping threads took: 0.0000580 seconds
230.458: Application time: 0.0744670 seconds
230.458: [GC [PSYoungGen: 14320K->512K(15872K)] 33216K->19408K(51712K), 0.0005070 secs] [Times: user=0.00 sys=0.00, real=0.00 secs] 
230.459: Total time for which application threads were stopped: 0.0006600 seconds, Stopping threads took: 0.0000630 seconds
230.533: Application time: 0.0737510 seconds
230.533: [GC [PSYoungGen: 14336K->480K(15872K)] 33232K->19376K(51712K), 0.0005140 secs] [Times: user=0.00 sys=0.00, real=0.01 secs] 
230.533: Total time for which application threads were stopped: 0.0006510 seconds, Stopping threads took: 0.0000600 seconds
230.608: Application time: 0.0744280 seconds
230.608: [GC [PSYoungGen: 14304K->512K(15872K)] 33200K->19408K(51712K), 0.0005050 secs] [Times: user=0.00 sys=0.00, real=0.00 secs] 
230.608: Total time for which application threads were stopped: 0.0006330 seconds, Stopping threads took: 0.0000570 seconds
230.680: Application time: 0.0718800 seconds
230.680: [GC [PSYoungGen: 14336K->432K(15872K)] 33232K->19328K(51712K), 0.0004790 secs] [Times: user=0.00 sys=0.00, real=0.00 secs] 
230.681: Total time for which application threads were stopped: 0.0006230 seconds, Stopping threads took: 0.0000690 seconds
230.754: Application time: 0.0726340 seconds
230.754: [GC [PSYoungGen: 14256K->512K(15872K)] 33152K->19408K(51712K), 0.0005040 secs] [Times: user=0.00 sys=0.00, real=0.00 secs] 
230.754: Total time for which application threads were stopped: 0.0006390 seconds, Stopping threads took: 0.0000550 seconds
230.828: Application time: 0.0741040 seconds
230.828: [GC [PSYoungGen: 14336K->496K(15872K)] 33232K->19392K(51712K), 0.0005160 secs] [Times: user=0.00 sys=0.00, real=0.00 secs] 
230.829: Total time for which application threads were stopped: 0.0006650 seconds, Stopping threads took: 0.0000710 seconds
230.903: Application time: 0.0739290 seconds
230.903: [GC [PSYoungGen: 14320K->512K(15872K)] 33216K->19408K(51712K), 0.0005070 secs] [Times: user=0.00 sys=0.00, real=0.00 secs] 
230.904: Total time for which application threads were stopped: 0.0006430 seconds, Stopping threads took: 0.0000600 seconds
230.977: Application time: 0.0738290 seconds
230.978: [GC [PSYoungGen: 14336K->528K(15872K)] 33232K->19448K(51712K), 0.0006130 secs] [Times: user=0.00 sys=0.00, real=0.00 secs] 
230.978: Total time for which application threads were stopped: 0.0007540 seconds, Stopping threads took: 0.0000540 seconds
231.052: Application time: 0.0738240 seconds
231.052: [GC [PSYoungGen: 14352K->528K(15872K)] 33272K->19456K(51712K), 0.0005250 secs] [Times: user=0.01 sys=0.00, real=0.00 secs] 
231.053: Total time for which application threads were stopped: 0.0006560 seconds, Stopping threads took: 0.0000540 seconds
231.126: Application time: 0.0737530 seconds
231.127: [GC [PSYoungGen: 14352K->464K(15872K)] 33280K->19400K(51712K), 0.0005230 secs] [Times: user=0.00 sys=0.00, real=0.00 secs] 
231.127: Total time for which application threads were stopped: 0.0006730 seconds, Stopping threads took: 0.0000610 seconds
231.201: Application time: 0.0738550 seconds
231.201: [GC [PSYoungGen: 14288K->480K(15872K)] 33224K->19416K(51712K), 0.0005420 secs] [Times: user=0.00 sys=0.00, real=0.00 secs] 
231.202: Total time for which application threads were stopped: 0.0006760 seconds, Stopping threads took: 0.0000530 seconds
231.276: Application time: 0.0743010 seconds
231.276: [GC [PSYoungGen: 14304K->528K(15872K)] 33240K->19464K(51712K), 0.0005500 secs] [Times: user=0.00 sys=0.00, real=0.00 secs] 
231.277: Total time for which application threads were stopped: 0.0006810 seconds, Stopping threads took: 0.0000550 seconds
231.350: Application time: 0.0735290 seconds
231.350: [GC [PSYoungGen: 14352K->480K(15872K)] 33288K->19416K(51712K), 0.0005650 secs] [Times: user=0.00 sys=0.00, real=0.00 secs] 
231.351: Total time for which application threads were stopped: 0.0007010 seconds, Stopping threads took: 0.0000510 seconds
231.422: Application time: 0.0715480 seconds
231.423: [GC [PSYoungGen: 14304K->528K(15872K)] 33240K->19464K(51712K), 0.0005110 secs] [Times: user=0.00 sys=0.00, real=0.00 secs] 
231.423: Total time for which application threads were stopped: 0.0006470 seconds, Stopping threads took: 0.0000580 seconds
231.496: Application time: 0.0724740 seconds
231.496: [GC [PSYoungGen: 14352K->512K(15872K)] 33288K->19448K(51712K), 0.0005120 secs] [Times: user=0.01 sys=0.00, real=0.00 secs] 
231.496: Total time for which application threads were stopped: 0.0006610 seconds, Stopping threads took: 0.0000590 seconds
231.570: Application time: 0.0742800 seconds
231.571: [GC [PSYoungGen: 14336K->528K(15872K)] 33272K->19464K(51712K), 0.0005400 secs] [Times: user=0.00 sys=0.00, real=0.00 secs] 
231.571: Total time for which application threads were stopped: 0.0006710 seconds, Stopping threads took: 0.0000520 seconds
231.644: Application time: 0.0733410 seconds
231.645: [GC [PSYoungGen: 14352K->496K(15872K)] 33288K->19432K(51712K), 0.0005020 secs] [Times: user=0.00 sys=0.00, real=0.00 secs] 
231.645: Total time for which application threads were stopped: 0.0006370 seconds, Stopping threads took: 0.0000590 seconds
231.719: Application time: 0.0740920 seconds
231.719: [GC [PSYoungGen: 14320K->496K(15872K)] 33256K->19440K(51712K), 0.0005340 secs] [Times: user=0.00 sys=0.00, real=0.00 secs] 
231.720: Total time for which application threads were stopped: 0.0006750 seconds, Stopping threads took: 0.0000590 seconds
231.794: Application time: 0.0737350 seconds
231.794: [GC [PSYoungGen: 14320K->480K(15872K)] 33264K->19432K(51712K), 0.0005450 secs] [Times: user=0.01 sys=0.00, real=0.00 secs] 
231.794: Total time for which application threads were stopped: 0.0006900 seconds, Stopping threads took: 0.0000660 seconds
231.868: Application time: 0.0738140 seconds
231.868: [GC [PSYoungGen: 14304K->512K(15872K)] 33256K->19496K(51712K), 0.0005140 secs] [Times: user=0.00 sys=0.00, real=0.00 secs] 
231.869: Total time for which application threads were stopped: 0.0006500 seconds, Stopping threads took: 0.0000580 seconds
231.943: Application time: 0.0737880 seconds
231.943: [GC [PSYoungGen: 14336K->544K(15872K)] 33320K->19528K(51712K), 0.0004940 secs] [Times: user=0.01 sys=0.00, real=0.00 secs] 
231.943: Total time for which application threads were stopped: 0.0006280 seconds, Stopping threads took: 0.0000560 seconds
232.017: Application time: 0.0741480 seconds
232.017: [GC [PSYoungGen: 14368K->480K(15872K)] 33352K->19464K(51712K), 0.0005450 secs] [Times: user=0.00 sys=0.00, real=0.00 secs] 
232.018: Total time for which application threads were stopped: 0.0007140 seconds, Stopping threads took: 0.0000770 seconds
232.091: Application time: 0.0734010 seconds
232.093: [GC [PSYoungGen: 14304K->512K(15872K)] 33288K->19496K(51712K), 0.0005830 secs] [Times: user=0.00 sys=0.00, real=0.00 secs] 
232.094: Total time for which application threads were stopped: 0.0025350 seconds, Stopping threads took: 0.0018690 seconds
232.171: Application time: 0.0770110 seconds
232.171: [GC [PSYoungGen: 14336K->480K(15872K)] 33320K->19464K(51712K), 0.0005630 secs] [Times: user=0.01 sys=0.00, real=0.00 secs] 
232.172: Total time for which application threads were stopped: 0.0007020 seconds, Stopping threads took: 0.0000600 seconds
232.251: Application time: 0.0790670 seconds
232.251: [GC [PSYoungGen: 14304K->512K(15872K)] 33288K->19496K(51712K), 0.0005560 secs] [Times: user=0.00 sys=0.00, real=0.00 secs] 
232.252: Total time for which application threads were stopped: 0.0007160 seconds, Stopping threads took: 0.0000760 seconds
232.332: Application time: 0.0808520 seconds
232.332: [GC [PSYoungGen: 14336K->528K(15872K)] 33320K->19512K(51712K), 0.0005270 secs] [Times: user=0.00 sys=0.00, real=0.00 secs] 
232.333: Total time for which application threads were stopped: 0.0006880 seconds, Stopping threads took: 0.0000760 seconds
232.415: Application time: 0.0816240 seconds
232.415: [GC [PSYoungGen: 14352K->528K(15872K)] 33336K->19512K(51712K), 0.0006290 secs] [Times: user=0.00 sys=0.00, real=0.00 secs] 
232.415: Total time for which application threads were stopped: 0.0007710 seconds, Stopping threads took: 0.0000590 seconds
232.497: Application time: 0.0815700 seconds
232.497: [GC [PSYoungGen: 14352K->544K(15872K)] 33336K->19544K(51712K), 0.0005310 secs] [Times: user=0.01 sys=0.00, real=0.00 secs] 
232.498: Total time for which application threads were stopped: 0.0006860 seconds, Stopping threads took: 0.0000690 seconds
232.579: Application time: 0.0811340 seconds
232.579: [GC [PSYoungGen: 14368K->512K(15872K)] 33368K->19520K(51712K), 0.0005360 secs] [Times: user=0.00 sys=0.00, real=0.00 secs] 
232.580: Total time for which application threads were stopped: 0.0006810 seconds, Stopping threads took: 0.0000530 seconds
232.661: Application time: 0.0812020 seconds
232.661: [GC [PSYoungGen: 14336K->480K(15872K)] 33344K->19496K(51712K), 0.0005770 secs] [Times: user=0.00 sys=0.00, real=0.00 secs] 
232.661: Total time for which application threads were stopped: 0.0007170 seconds, Stopping threads took: 0.0000560 seconds
232.743: Application time: 0.0811110 seconds
232.743: [GC [PSYoungGen: 14304K->512K(15872K)] 33320K->19528K(51712K), 0.0005350 secs] [Times: user=0.00 sys=0.00, real=0.00 secs] 
232.743: Total time for which application threads were stopped: 0.0006700 seconds, Stopping threads took: 0.0000540 seconds
232.825: Application time: 0.0816310 seconds
232.825: [GC [PSYoungGen: 14336K->496K(15872K)] 33352K->19512K(51712K), 0.0005230 secs] [Times: user=0.00 sys=0.00, real=0.01 secs] 
232.826: Total time for which application threads were stopped: 0.0006580 seconds, Stopping threads took: 0.0000540 seconds
232.907: Application time: 0.0813040 seconds
232.907: [GC [PSYoungGen: 14320K->560K(15872K)] 33336K->19576K(51712K), 0.0005500 secs] [Times: user=0.00 sys=0.00, real=0.00 secs] 
232.908: Total time for which application threads were stopped: 0.0006930 seconds, Stopping threads took: 0.0000610 seconds
232.987: Application time: 0.0799370 seconds
232.988: [GC [PSYoungGen: 14384K->512K(15872K)] 33400K->19528K(51712K), 0.0005350 secs] [Times: user=0.00 sys=0.00, real=0.00 secs] 
232.988: Total time for which application threads were stopped: 0.0006820 seconds, Stopping threads took: 0.0000670 seconds
233.067: Application time: 0.0789270 seconds
233.067: [GC [PSYoungGen: 14336K->544K(15872K)] 33352K->19560K(51712K), 0.0005230 secs] [Times: user=0.00 sys=0.00, real=0.00 secs] 
233.068: Total time for which application threads were stopped: 0.0006620 seconds, Stopping threads took: 0.0000610 seconds
233.148: Application time: 0.0807510 seconds
233.149: [GC [PSYoungGen: 14368K->512K(15872K)] 33384K->19528K(51712K), 0.0005390 secs] [Times: user=0.00 sys=0.00, real=0.00 secs] 
233.150: Total time for which application threads were stopped: 0.0016960 seconds, Stopping threads took: 0.0000610 seconds
233.232: Application time: 0.0813910 seconds
233.232: [GC [PSYoungGen: 14336K->480K(15872K)] 33352K->19496K(51712K), 0.0006020 secs] [Times: user=0.00 sys=0.00, real=0.00 secs] 
233.232: Total time for which application threads were stopped: 0.0007340 seconds, Stopping threads took: 0.0000510 seconds
233.314: Application time: 0.0819010 seconds
233.314: [GC [PSYoungGen: 14304K->480K(15872K)] 33320K->19504K(51712K), 0.0006060 secs] [Times: user=0.00 sys=0.00, real=0.00 secs] 
233.315: Total time for which application threads were stopped: 0.0007550 seconds, Stopping threads took: 0.0000660 seconds
233.396: Application time: 0.0807040 seconds
233.396: [GC [PSYoungGen: 14304K->496K(15872K)] 33328K->19528K(51712K), 0.0005220 secs] [Times: user=0.01 sys=0.00, real=0.00 secs] 
233.396: Total time for which application threads were stopped: 0.0006710 seconds, Stopping threads took: 0.0000690 seconds
233.478: Application time: 0.0812300 seconds
233.478: [GC [PSYoungGen: 14320K->560K(15872K)] 33352K->19640K(51712K), 0.0006130 secs] [Times: user=0.00 sys=0.00, real=0.00 secs] 
233.478: Total time for which application threads were stopped: 0.0007520 seconds, Stopping threads took: 0.0000580 seconds
233.560: Application time: 0.0815940 seconds
233.560: [GC [PSYoungGen: 14384K->512K(15872K)] 33464K->19600K(51712K), 0.0005480 secs] [Times: user=0.00 sys=0.00, real=0.00 secs] 
233.561: Total time for which application threads were stopped: 0.0006920 seconds, Stopping threads took: 0.0000610 seconds
233.643: Application time: 0.0823760 seconds
233.643: [GC [PSYoungGen: 14336K->512K(15872K)] 33424K->19600K(51712K), 0.0006000 secs] [Times: user=0.00 sys=0.00, real=0.00 secs] 
233.644: Total time for which application threads were stopped: 0.0007620 seconds, Stopping threads took: 0.0000780 seconds
233.726: Application time: 0.0817610 seconds
233.726: [GC [PSYoungGen: 14336K->496K(15872K)] 33424K->19584K(51712K), 0.0005390 secs] [Times: user=0.00 sys=0.00, real=0.00 secs] 
233.726: Total time for which application threads were stopped: 0.0007000 seconds, Stopping threads took: 0.0000730 seconds
233.806: Application time: 0.0802290 seconds
233.807: [GC [PSYoungGen: 14320K->496K(15872K)] 33408K->19584K(51712K), 0.0005270 secs] [Times: user=0.00 sys=0.00, real=0.00 secs] 
233.807: Total time for which application threads were stopped: 0.0006650 seconds, Stopping threads took: 0.0000590 seconds
233.886: Application time: 0.0788090 seconds
233.886: [GC [PSYoungGen: 14320K->496K(15872K)] 33408K->19584K(51712K), 0.0005260 secs] [Times: user=0.00 sys=0.00, real=0.00 secs] 
233.887: Total time for which application threads were stopped: 0.0006780 seconds, Stopping threads took: 0.0000720 seconds
233.967: Application time: 0.0804560 seconds
233.967: [GC [PSYoungGen: 14320K->512K(15872K)] 33408K->19600K(51712K), 0.0005240 secs] [Times: user=0.00 sys=0.00, real=0.00 secs] 
233.968: Total time for which application threads were stopped: 0.0006580 seconds, Stopping threads took: 0.0000550 seconds
234.049: Application time: 0.0816870 seconds
234.050: [GC [PSYoungGen: 14336K->496K(15872K)] 33424K->19584K(51712K), 0.0005310 secs] [Times: user=0.00 sys=0.00, real=0.00 secs] 
234.050: Total time for which application threads were stopped: 0.0006660 seconds, Stopping threads took: 0.0000580 seconds
234.131: Application time: 0.0810910 seconds
234.131: [GC [PSYoungGen: 14320K->528K(15872K)] 33408K->19616K(51712K), 0.0005360 secs] [Times: user=0.00 sys=0.00, real=0.00 secs] 
234.132: Total time for which application threads were stopped: 0.0006770 seconds, Stopping threads took: 0.0000600 seconds
234.213: Application time: 0.0812450 seconds
234.213: [GC [PSYoungGen: 14352K->464K(15872K)] 33440K->19560K(51712K), 0.0005730 secs] [Times: user=0.00 sys=0.00, real=0.01 secs] 
234.214: Total time for which application threads were stopped: 0.0007100 seconds, Stopping threads took: 0.0000590 seconds
234.295: Application time: 0.0810530 seconds
234.295: [GC [PSYoungGen: 14288K->528K(15872K)] 33384K->19632K(51712K), 0.0005380 secs] [Times: user=0.00 sys=0.00, real=0.00 secs] 
234.296: Total time for which application threads were stopped: 0.0006950 seconds, Stopping threads took: 0.0000650 seconds
234.377: Application time: 0.0813710 seconds
234.385: [GC [PSYoungGen: 14352K->512K(15872K)] 33456K->19624K(51712K), 0.0005920 secs] [Times: user=0.01 sys=0.00, real=0.01 secs] 
234.386: Total time for which application threads were stopped: 0.0087290 seconds, Stopping threads took: 0.0080440 seconds
234.467: Application time: 0.0812530 seconds
234.467: [GC [PSYoungGen: 14336K->560K(15872K)] 33448K->19672K(51712K), 0.0005510 secs] [Times: user=0.00 sys=0.00, real=0.00 secs] 
234.468: Total time for which application threads were stopped: 0.0007080 seconds, Stopping threads took: 0.0000760 seconds
234.549: Application time: 0.0814560 seconds
234.549: [GC [PSYoungGen: 14384K->480K(15872K)] 33496K->19592K(51712K), 0.0005720 secs] [Times: user=0.00 sys=0.01, real=0.00 secs] 
234.550: Total time for which application threads were stopped: 0.0007200 seconds, Stopping threads took: 0.0000670 seconds
234.630: Application time: 0.0806480 seconds
234.631: [GC [PSYoungGen: 14304K->496K(15872K)] 33416K->19608K(51712K), 0.0006070 secs] [Times: user=0.01 sys=0.00, real=0.00 secs] 
234.631: Total time for which application threads were stopped: 0.0007480 seconds, Stopping threads took: 0.0000610 seconds
234.710: Application time: 0.0785180 seconds
234.710: [GC [PSYoungGen: 14320K->512K(15872K)] 33432K->19624K(51712K), 0.0005240 secs] [Times: user=0.00 sys=0.00, real=0.00 secs] 
234.710: Total time for which application threads were stopped: 0.0006910 seconds, Stopping threads took: 0.0000860 seconds
234.791: Application time: 0.0801860 seconds
234.791: [GC [PSYoungGen: 14336K->480K(15872K)] 33448K->19592K(51712K), 0.0005260 secs] [Times: user=0.00 sys=0.00, real=0.00 secs] 
234.791: Total time for which application threads were stopped: 0.0006660 seconds, Stopping threads took: 0.0000590 seconds
234.873: Application time: 0.0814830 seconds
234.873: [GC [PSYoungGen: 14304K->512K(15872K)] 33416K->19624K(51712K), 0.0005930 secs] [Times: user=0.01 sys=0.00, real=0.01 secs] 
234.874: Total time for which application threads were stopped: 0.0007340 seconds, Stopping threads took: 0.0000440 seconds
234.955: Application time: 0.0817840 seconds
234.955: [GC [PSYoungGen: 14336K->496K(15872K)] 33448K->19608K(51712K), 0.0005530 secs] [Times: user=0.00 sys=0.00, real=0.00 secs] 
234.956: Total time for which application threads were stopped: 0.0006940 seconds, Stopping threads took: 0.0000600 seconds
235.037: Application time: 0.0808270 seconds
235.037: [GC [PSYoungGen: 14320K->528K(15872K)] 33432K->19648K(51712K), 0.0005560 secs] [Times: user=0.00 sys=0.00, real=0.00 secs] 
235.038: Total time for which application threads were stopped: 0.0006920 seconds, Stopping threads took: 0.0000530 seconds
235.120: Application time: 0.0824890 seconds
235.120: [GC [PSYoungGen: 14352K->480K(15872K)] 33472K->19608K(51712K), 0.0006060 secs] [Times: user=0.01 sys=0.00, real=0.00 secs] 
235.121: Total time for which application threads were stopped: 0.0007580 seconds, Stopping threads took: 0.0000750 seconds
235.202: Application time: 0.0810250 seconds
235.202: [GC [PSYoungGen: 14304K->512K(15872K)] 33432K->19664K(51712K), 0.0005490 secs] [Times: user=0.01 sys=0.00, real=0.00 secs] 
235.202: Total time for which application threads were stopped: 0.0006870 seconds, Stopping threads took: 0.0000570 seconds
235.284: Application time: 0.0817560 seconds
235.284: [GC [PSYoungGen: 14336K->512K(15872K)] 33488K->19664K(51712K), 0.0005380 secs] [Times: user=0.00 sys=0.00, real=0.00 secs] 
235.285: Total time for which application threads were stopped: 0.0006740 seconds, Stopping threads took: 0.0000500 seconds
235.367: Application time: 0.0818700 seconds
235.367: [GC [PSYoungGen: 14336K->464K(15872K)] 33488K->19616K(51712K), 0.0006210 secs] [Times: user=0.00 sys=0.00, real=0.00 secs] 
235.368: Total time for which application threads were stopped: 0.0007660 seconds, Stopping threads took: 0.0000630 seconds
235.448: Application time: 0.0805980 seconds
235.448: [GC [PSYoungGen: 14288K->496K(15872K)] 33440K->19648K(51712K), 0.0005110 secs] [Times: user=0.00 sys=0.00, real=0.00 secs] 
235.449: Total time for which application threads were stopped: 0.0006560 seconds, Stopping threads took: 0.0000550 seconds
235.528: Application time: 0.0788850 seconds
235.528: [GC [PSYoungGen: 14320K->512K(15872K)] 33472K->19664K(51712K), 0.0005420 secs] [Times: user=0.00 sys=0.00, real=0.00 secs] 
235.528: Total time for which application threads were stopped: 0.0006830 seconds, Stopping threads took: 0.0000600 seconds
235.609: Application time: 0.0801750 seconds
235.609: [GC [PSYoungGen: 14336K->480K(15872K)] 33488K->19632K(51712K), 0.0006030 secs] [Times: user=0.00 sys=0.00, real=0.00 secs] 
235.609: Total time for which application threads were stopped: 0.0007450 seconds, Stopping threads took: 0.0000610 seconds
235.691: Application time: 0.0812860 seconds
235.691: [GC [PSYoungGen: 14304K->496K(15872K)] 33456K->19648K(51712K), 0.0005440 secs] [Times: user=0.00 sys=0.00, real=0.00 secs] 
235.691: Total time for which application threads were stopped: 0.0006820 seconds, Stopping threads took: 0.0000530 seconds
235.772: Application time: 0.0811930 seconds
235.773: [GC [PSYoungGen: 14320K->512K(15872K)] 33472K->19664K(51712K), 0.0005460 secs] [Times: user=0.00 sys=0.00, real=0.00 secs] 
235.773: Total time for which application threads were stopped: 0.0006860 seconds, Stopping threads took: 0.0000550 seconds
235.855: Application time: 0.0816400 seconds
235.855: [GC [PSYoungGen: 14336K->496K(15872K)] 33488K->19656K(51712K), 0.0005390 secs] [Times: user=0.01 sys=0.00, real=0.00 secs] 
235.855: Total time for which application threads were stopped: 0.0006820 seconds, Stopping threads took: 0.0000650 seconds
235.936: Application time: 0.0807020 seconds
235.936: [GC [PSYoungGen: 14320K->512K(15872K)] 33480K->19680K(51712K), 0.0006300 secs] [Times: user=0.00 sys=0.00, real=0.00 secs] 
235.937: Total time for which application threads were stopped: 0.0007770 seconds, Stopping threads took: 0.0000650 seconds
236.019: Application time: 0.0816310 seconds
236.019: [GC [PSYoungGen: 14336K->512K(15872K)] 33504K->19688K(51712K), 0.0005760 secs] [Times: user=0.01 sys=0.00, real=0.00 secs] 
236.019: Total time for which application threads were stopped: 0.0007290 seconds, Stopping threads took: 0.0000570 seconds
236.100: Application time: 0.0810690 seconds
236.101: [GC [PSYoungGen: 14336K->528K(15872K)] 33512K->19704K(51712K), 0.0005570 secs] [Times: user=0.01 sys=0.00, real=0.00 secs] 
236.101: Total time for which application threads were stopped: 0.0006930 seconds, Stopping threads took: 0.0000530 seconds
236.178: Application time: 0.0765230 seconds
236.178: [GC [PSYoungGen: 14352K->528K(15872K)] 33528K->19704K(51712K), 0.0005600 secs] [Times: user=0.00 sys=0.00, real=0.00 secs] 
236.178: Total time for which application threads were stopped: 0.0007100 seconds, Stopping threads took: 0.0000720 seconds
236.252: Application time: 0.0737310 seconds
236.252: [GC [PSYoungGen: 14352K->544K(15872K)] 33528K->19720K(51712K), 0.0005050 secs] [Times: user=0.00 sys=0.00, real=0.00 secs] 
236.253: Total time for which application threads were stopped: 0.0006300 seconds, Stopping threads took: 0.0000490 seconds
236.325: Application time: 0.0722350 seconds
236.325: [GC [PSYoungGen: 14368K->464K(15872K)] 33544K->19640K(51712K), 0.0005110 secs] [Times: user=0.00 sys=0.00, real=0.01 secs] 
236.326: Total time for which application threads were stopped: 0.0006610 seconds, Stopping threads took: 0.0000670 seconds
236.398: Application time: 0.0723720 seconds
236.398: [GC [PSYoungGen: 14288K->512K(15872K)] 33464K->19688K(51712K), 0.0004990 secs] [Times: user=0.00 sys=0.00, real=0.00 secs] 
236.399: Total time for which application threads were stopped: 0.0006370 seconds, Stopping threads took: 0.0000620 seconds
236.472: Application time: 0.0733480 seconds
236.472: [GC [PSYoungGen: 14336K->528K(15872K)] 33512K->19704K(51712K), 0.0004970 secs] [Times: user=0.00 sys=0.00, real=0.00 secs] 
236.473: Total time for which application threads were stopped: 0.0006370 seconds, Stopping threads took: 0.0000640 seconds
236.546: Application time: 0.0738540 seconds
236.547: [GC [PSYoungGen: 14352K->496K(15872K)] 33528K->19672K(51712K), 0.0005160 secs] [Times: user=0.00 sys=0.00, real=0.00 secs] 
236.547: Total time for which application threads were stopped: 0.0006890 seconds, Stopping threads took: 0.0000770 seconds
236.622: Application time: 0.0744890 seconds
236.622: [GC [PSYoungGen: 14320K->496K(15872K)] 33496K->19680K(51712K), 0.0005840 secs] [Times: user=0.01 sys=0.00, real=0.00 secs] 
236.622: Total time for which application threads were stopped: 0.0007550 seconds, Stopping threads took: 0.0000910 seconds
236.697: Application time: 0.0745740 seconds
236.697: [GC [PSYoungGen: 14320K->480K(15872K)] 33504K->19672K(51712K), 0.0005040 secs] [Times: user=0.00 sys=0.00, real=0.00 secs] 
236.698: Total time for which application threads were stopped: 0.0006360 seconds, Stopping threads took: 0.0000570 seconds
236.771: Application time: 0.0736640 seconds
236.771: [GC [PSYoungGen: 14304K->528K(15872K)] 33496K->19744K(51712K), 0.0005570 secs] [Times: user=0.01 sys=0.00, real=0.00 secs] 
236.772: Total time for which application threads were stopped: 0.0006940 seconds, Stopping threads took: 0.0000570 seconds
236.846: Application time: 0.0738090 seconds
236.846: [GC [PSYoungGen: 14352K->496K(15872K)] 33568K->19712K(51712K), 0.0005230 secs] [Times: user=0.00 sys=0.00, real=0.00 secs] 
236.846: Total time for which application threads were stopped: 0.0006630 seconds, Stopping threads took: 0.0000570 seconds
236.921: Application time: 0.0743520 seconds
236.921: [GC [PSYoungGen: 14320K->480K(15872K)] 33536K->19696K(51712K), 0.0005540 secs] [Times: user=0.01 sys=0.00, real=0.00 secs] 
236.921: Total time for which application threads were stopped: 0.0006890 seconds, Stopping threads took: 0.0000580 seconds
236.995: Application time: 0.0739850 seconds
236.996: [GC [PSYoungGen: 14304K->480K(15872K)] 33520K->19696K(51712K), 0.0005010 secs] [Times: user=0.01 sys=0.00, real=0.00 secs] 
236.996: Total time for which application threads were stopped: 0.0006290 seconds, Stopping threads took: 0.0000550 seconds
237.069: Application time: 0.0730880 seconds
237.069: [GC [PSYoungGen: 14304K->528K(15872K)] 33520K->19744K(51712K), 0.0005090 secs] [Times: user=0.00 sys=0.00, real=0.00 secs] 
237.070: Total time for which application threads were stopped: 0.0006740 seconds, Stopping threads took: 0.0000700 seconds
237.141: Application time: 0.0715450 seconds
237.142: [GC [PSYoungGen: 14352K->464K(15872K)] 33568K->19680K(51712K), 0.0005400 secs] [Times: user=0.00 sys=0.00, real=0.00 secs] 
237.142: Total time for which application threads were stopped: 0.0006620 seconds, Stopping threads took: 0.0000460 seconds
237.216: Application time: 0.0737300 seconds
237.216: [GC [PSYoungGen: 14288K->480K(15872K)] 33504K->19696K(51712K), 0.0005290 secs] [Times: user=0.00 sys=0.00, real=0.00 secs] 
237.216: Total time for which application threads were stopped: 0.0006860 seconds, Stopping threads took: 0.0000720 seconds
237.291: Application time: 0.0745200 seconds
237.291: [GC [PSYoungGen: 14304K->528K(15872K)] 33520K->19744K(51712K), 0.0005290 secs] [Times: user=0.01 sys=0.00, real=0.00 secs] 
237.292: Total time for which application threads were stopped: 0.0006840 seconds, Stopping threads took: 0.0000730 seconds
237.366: Application time: 0.0738270 seconds
237.366: [GC [PSYoungGen: 14352K->528K(15872K)] 33568K->19752K(51712K), 0.0005330 secs] [Times: user=0.00 sys=0.00, real=0.00 secs] 
237.366: Total time for which application threads were stopped: 0.0006750 seconds, Stopping threads took: 0.0000630 seconds
237.440: Application time: 0.0737920 seconds
237.440: [GC [PSYoungGen: 14352K->448K(15872K)] 33576K->19680K(51712K), 0.0005280 secs] [Times: user=0.00 sys=0.00, real=0.00 secs] 
237.441: Total time for which application threads were stopped: 0.0006700 seconds, Stopping threads took: 0.0000570 seconds
237.514: Application time: 0.0732330 seconds
237.514: [GC [PSYoungGen: 14272K->528K(15872K)] 33504K->19776K(51712K), 0.0005710 secs] [Times: user=0.00 sys=0.00, real=0.00 secs] 
237.515: Total time for which application threads were stopped: 0.0007180 seconds, Stopping threads took: 0.0000620 seconds
237.589: Application time: 0.0741760 seconds
237.589: [GC [PSYoungGen: 14352K->496K(15872K)] 33600K->19752K(51712K), 0.0005270 secs] [Times: user=0.00 sys=0.00, real=0.00 secs] 
237.589: Total time for which application threads were stopped: 0.0006730 seconds, Stopping threads took: 0.0000560 seconds
237.664: Application time: 0.0741390 seconds
237.664: [GC [PSYoungGen: 14320K->480K(15872K)] 33576K->19736K(51712K), 0.0005280 secs] [Times: user=0.00 sys=0.00, real=0.00 secs] 
237.664: Total time for which application threads were stopped: 0.0006770 seconds, Stopping threads took: 0.0000700 seconds
237.738: Application time: 0.0738550 seconds
237.738: [GC [PSYoungGen: 14304K->512K(15872K)] 33560K->19768K(51712K), 0.0005220 secs] [Times: user=0.01 sys=0.00, real=0.00 secs] 
237.739: Total time for which application threads were stopped: 0.0006540 seconds, Stopping threads took: 0.0000560 seconds
237.812: Application time: 0.0731860 seconds
237.812: [GC [PSYoungGen: 14336K->512K(15872K)] 33592K->19768K(51712K), 0.0005010 secs] [Times: user=0.00 sys=0.00, real=0.00 secs] 
237.813: Total time for which application threads were stopped: 0.0006370 seconds, Stopping threads took: 0.0000590 seconds
237.885: Application time: 0.0719070 seconds
237.885: [GC [PSYoungGen: 14336K->448K(15872K)] 33592K->19704K(51712K), 0.0005260 secs] [Times: user=0.00 sys=0.00, real=0.00 secs] 
237.885: Total time for which application threads were stopped: 0.0006560 seconds, Stopping threads took: 0.0000520 seconds
237.958: Application time: 0.0726820 seconds
237.958: [GC [PSYoungGen: 14272K->544K(15872K)] 33528K->19800K(51712K), 0.0005290 secs] [Times: user=0.00 sys=0.00, real=0.00 secs] 
237.959: Total time for which application threads were stopped: 0.0006650 seconds, Stopping threads took: 0.0000560 seconds
238.033: Application time: 0.0742910 seconds
238.033: [GC [PSYoungGen: 14368K->512K(15872K)] 33624K->19768K(51712K), 0.0005570 secs] [Times: user=0.00 sys=0.01, real=0.01 secs] 
238.034: Total time for which application threads were stopped: 0.0006920 seconds, Stopping threads took: 0.0000540 seconds
238.108: Application time: 0.0739860 seconds
238.108: [GC [PSYoungGen: 14336K->544K(15872K)] 33592K->19800K(51712K), 0.0005470 secs] [Times: user=0.00 sys=0.00, real=0.00 secs] 
238.108: Total time for which application threads were stopped: 0.0006850 seconds, Stopping threads took: 0.0000480 seconds
238.183: Application time: 0.0748210 seconds
238.183: [GC [PSYoungGen: 14368K->512K(15872K)] 33624K->19776K(51712K), 0.0006330 secs] [Times: user=0.01 sys=0.00, real=0.00 secs] 
238.184: Total time for which application threads were stopped: 0.0007650 seconds, Stopping threads took: 0.0000540 seconds
238.258: Application time: 0.0739800 seconds
238.258: [GC [PSYoungGen: 14336K->480K(15872K)] 33600K->19752K(51712K), 0.0005280 secs] [Times: user=0.00 sys=0.00, real=0.00 secs] 
238.258: Total time for which application threads were stopped: 0.0006610 seconds, Stopping threads took: 0.0000570 seconds
238.332: Application time: 0.0736410 seconds
238.332: [GC [PSYoungGen: 14304K->496K(15872K)] 33576K->19792K(51712K), 0.0005760 secs] [Times: user=0.00 sys=0.00, real=0.00 secs] 
238.333: Total time for which application threads were stopped: 0.0007040 seconds, Stopping threads took: 0.0000490 seconds
238.407: Application time: 0.0741910 seconds
238.407: [GC [PSYoungGen: 14320K->544K(15872K)] 33616K->19840K(51712K), 0.0005310 secs] [Times: user=0.00 sys=0.00, real=0.00 secs] 
238.408: Total time for which application threads were stopped: 0.0006730 seconds, Stopping threads took: 0.0000620 seconds
238.482: Application time: 0.0742860 seconds
238.482: [GC [PSYoungGen: 14368K->464K(15872K)] 33664K->19760K(51712K), 0.0006020 secs] [Times: user=0.00 sys=0.00, real=0.00 secs] 
238.483: Total time for which application threads were stopped: 0.0007380 seconds, Stopping threads took: 0.0000600 seconds
238.556: Application time: 0.0732120 seconds
238.556: [GC [PSYoungGen: 14281K->464K(15872K)] 33577K->19760K(51712K), 0.0005490 secs] [Times: user=0.00 sys=0.00, real=0.00 secs] 
238.557: Total time for which application threads were stopped: 0.0006930 seconds, Stopping threads took: 0.0000600 seconds
238.628: Application time: 0.0717140 seconds
238.628: [GC [PSYoungGen: 14288K->560K(15872K)] 33584K->19856K(51712K), 0.0005300 secs] [Times: user=0.00 sys=0.00, real=0.00 secs] 
238.629: Total time for which application threads were stopped: 0.0006880 seconds, Stopping threads took: 0.0000660 seconds
238.702: Application time: 0.0727220 seconds
238.702: [GC [PSYoungGen: 14384K->544K(15872K)] 33680K->19840K(51712K), 0.0005700 secs] [Times: user=0.00 sys=0.00, real=0.00 secs] 
238.702: Total time for which application threads were stopped: 0.0007100 seconds, Stopping threads took: 0.0000630 seconds
238.776: Application time: 0.0738370 seconds
238.776: [GC [PSYoungGen: 14368K->496K(15872K)] 33664K->19792K(51712K), 0.0005030 secs] [Times: user=0.00 sys=0.00, real=0.00 secs] 
238.777: Total time for which application threads were stopped: 0.0006340 seconds, Stopping threads took: 0.0000560 seconds
238.851: Application time: 0.0738090 seconds
238.851: [GC [PSYoungGen: 14320K->544K(15872K)] 33616K->19840K(51712K), 0.0005970 secs] [Times: user=0.01 sys=0.00, real=0.00 secs] 
238.851: Total time for which application threads were stopped: 0.0007290 seconds, Stopping threads took: 0.0000540 seconds
238.925: Application time: 0.0737340 seconds
238.925: [GC [PSYoungGen: 14368K->512K(15872K)] 33664K->19840K(51712K), 0.0005370 secs] [Times: user=0.00 sys=0.00, real=0.01 secs] 
238.926: Total time for which application threads were stopped: 0.0006690 seconds, Stopping threads took: 0.0000530 seconds
238.999: Application time: 0.0735750 seconds
239.000: [GC [PSYoungGen: 14336K->496K(15872K)] 33664K->19832K(51712K), 0.0005340 secs] [Times: user=0.00 sys=0.00, real=0.00 secs] 
239.000: Total time for which application threads were stopped: 0.0007000 seconds, Stopping threads took: 0.0000820 seconds
239.074: Application time: 0.0738610 seconds
239.074: [GC [PSYoungGen: 14320K->512K(15872K)] 33656K->19856K(51712K), 0.0005370 secs] [Times: user=0.00 sys=0.00, real=0.00 secs] 
239.075: Total time for which application threads were stopped: 0.0006700 seconds, Stopping threads took: 0.0000560 seconds
239.149: Application time: 0.0742230 seconds
239.149: [GC [PSYoungGen: 14336K->496K(15872K)] 33680K->19840K(51712K), 0.0005260 secs] [Times: user=0.00 sys=0.00, real=0.00 secs] 
239.150: Total time for which application threads were stopped: 0.0006770 seconds, Stopping threads took: 0.0000590 seconds
239.224: Application time: 0.0739420 seconds
239.224: [GC [PSYoungGen: 14320K->512K(15872K)] 33664K->19856K(51712K), 0.0005230 secs] [Times: user=0.01 sys=0.00, real=0.00 secs] 
239.224: Total time for which application threads were stopped: 0.0006600 seconds, Stopping threads took: 0.0000600 seconds
239.298: Application time: 0.0739300 seconds
239.298: [GC [PSYoungGen: 14336K->528K(15872K)] 33680K->19872K(51712K), 0.0005170 secs] [Times: user=0.01 sys=0.00, real=0.00 secs] 
239.299: Total time for which application threads were stopped: 0.0006590 seconds, Stopping threads took: 0.0000620 seconds
239.371: Application time: 0.0723070 seconds
239.371: [GC [PSYoungGen: 14352K->496K(15872K)] 33696K->19840K(51712K), 0.0005240 secs] [Times: user=0.00 sys=0.00, real=0.00 secs] 
239.372: Total time for which application threads were stopped: 0.0006560 seconds, Stopping threads took: 0.0000530 seconds
239.445: Application time: 0.0728020 seconds
239.445: [GC [PSYoungGen: 14320K->448K(15872K)] 33664K->19792K(51712K), 0.0004900 secs] [Times: user=0.00 sys=0.00, real=0.00 secs] 
239.445: Total time for which application threads were stopped: 0.0006250 seconds, Stopping threads took: 0.0000590 seconds
239.519: Application time: 0.0740090 seconds
239.519: [GC [PSYoungGen: 14272K->512K(15872K)] 33616K->19856K(51712K), 0.0005570 secs] [Times: user=0.00 sys=0.00, real=0.00 secs] 
239.520: Total time for which application threads were stopped: 0.0006920 seconds, Stopping threads took: 0.0000580 seconds
239.594: Application time: 0.0737220 seconds
239.594: [GC [PSYoungGen: 14336K->512K(15872K)] 33680K->19856K(51712K), 0.0005420 secs] [Times: user=0.00 sys=0.00, real=0.00 secs] 
239.594: Total time for which application threads were stopped: 0.0006760 seconds, Stopping threads took: 0.0000520 seconds
239.669: Application time: 0.0748890 seconds
239.669: [GC [PSYoungGen: 14336K->528K(15872K)] 33680K->19880K(51712K), 0.0005820 secs] [Times: user=0.00 sys=0.00, real=0.00 secs] 
239.670: Total time for which application threads were stopped: 0.0007160 seconds, Stopping threads took: 0.0000500 seconds
239.744: Application time: 0.0737720 seconds
239.744: [GC [PSYoungGen: 14352K->512K(15872K)] 33704K->19872K(51712K), 0.0005160 secs] [Times: user=0.00 sys=0.00, real=0.00 secs] 
239.744: Total time for which application threads were stopped: 0.0006620 seconds, Stopping threads took: 0.0000650 seconds
239.818: Application time: 0.0732950 seconds
239.818: [GC [PSYoungGen: 14336K->512K(15872K)] 33696K->19880K(51712K), 0.0005580 secs] [Times: user=0.00 sys=0.00, real=0.00 secs] 
239.818: Total time for which application threads were stopped: 0.0006940 seconds, Stopping threads took: 0.0000610 seconds
239.893: Application time: 0.0744030 seconds
239.893: [GC [PSYoungGen: 14336K->464K(15872K)] 33704K->19832K(51712K), 0.0005250 secs] [Times: user=0.00 sys=0.00, real=0.01 secs] 
239.893: Total time for which application threads were stopped: 0.0006590 seconds, Stopping threads took: 0.0000630 seconds
239.968: Application time: 0.0742260 seconds
239.968: [GC [PSYoungGen: 14288K->496K(15872K)] 33656K->19864K(51712K), 0.0005650 secs] [Times: user=0.00 sys=0.00, real=0.00 secs] 
239.968: Total time for which application threads were stopped: 0.0007000 seconds, Stopping threads took: 0.0000560 seconds
240.041: Application time: 0.0731890 seconds
240.045: [GC [PSYoungGen: 14320K->560K(15872K)] 33688K->19928K(51712K), 0.0005130 secs] [Times: user=0.00 sys=0.00, real=0.00 secs] 
240.046: Total time for which application threads were stopped: 0.0044240 seconds, Stopping threads took: 0.0038360 seconds
240.118: Application time: 0.0719510 seconds
240.118: [GC [PSYoungGen: 14384K->512K(15872K)] 33752K->19880K(51712K), 0.0005070 secs] [Times: user=0.00 sys=0.00, real=0.00 secs] 
240.118: Total time for which application threads were stopped: 0.0006330 seconds, Stopping threads took: 0.0000480 seconds
240.191: Application time: 0.0729370 seconds
240.192: [GC [PSYoungGen: 14336K->448K(15872K)] 33704K->19816K(51712K), 0.0005150 secs] [Times: user=0.01 sys=0.00, real=0.00 secs] 
240.192: Total time for which application threads were stopped: 0.0006640 seconds, Stopping threads took: 0.0000570 seconds
240.265: Application time: 0.0732140 seconds
240.265: [GC [PSYoungGen: 14272K->496K(15872K)] 33640K->19864K(51712K), 0.0004980 secs] [Times: user=0.00 sys=0.00, real=0.00 secs] 
240.266: Total time for which application threads were stopped: 0.0006290 seconds, Stopping threads took: 0.0000560 seconds
240.340: Application time: 0.0743230 seconds
240.340: [GC [PSYoungGen: 14320K->496K(15872K)] 33688K->19864K(51712K), 0.0005010 secs] [Times: user=0.00 sys=0.00, real=0.00 secs] 
240.341: Total time for which application threads were stopped: 0.0006370 seconds, Stopping threads took: 0.0000580 seconds
240.415: Application time: 0.0743800 seconds
240.415: [GC [PSYoungGen: 14320K->480K(15872K)] 33688K->19856K(51712K), 0.0005470 secs] [Times: user=0.01 sys=0.00, real=0.00 secs] 
240.416: Total time for which application threads were stopped: 0.0007010 seconds, Stopping threads took: 0.0000760 seconds
240.490: Application time: 0.0743570 seconds
240.490: [GC [PSYoungGen: 14304K->496K(15872K)] 33680K->19880K(51712K), 0.0005450 secs] [Times: user=0.00 sys=0.00, real=0.00 secs] 
240.491: Total time for which application threads were stopped: 0.0006710 seconds, Stopping threads took: 0.0000480 seconds
240.564: Application time: 0.0732340 seconds
240.565: [GC [PSYoungGen: 14320K->528K(15872K)] 33704K->19920K(51712K), 0.0005190 secs] [Times: user=0.00 sys=0.00, real=0.00 secs] 
240.566: Total time for which application threads were stopped: 0.0016690 seconds, Stopping threads took: 0.0010740 seconds
240.640: Application time: 0.0744690 seconds
240.641: [GC [PSYoungGen: 14352K->464K(15872K)] 33744K->19856K(51712K), 0.0005300 secs] [Times: user=0.00 sys=0.00, real=0.00 secs] 
240.641: Total time for which application threads were stopped: 0.0006530 seconds, Stopping threads took: 0.0000460 seconds
240.715: Application time: 0.0743660 seconds
240.716: [GC [PSYoungGen: 14288K->512K(15872K)] 33680K->19904K(51712K), 0.0005470 secs] [Times: user=0.00 sys=0.00, real=0.00 secs] 
240.716: Total time for which application threads were stopped: 0.0006890 seconds, Stopping threads took: 0.0000520 seconds
240.789: Application time: 0.0732390 seconds
240.793: [GC [PSYoungGen: 14336K->512K(15872K)] 33728K->19904K(51712K), 0.0005020 secs] [Times: user=0.01 sys=0.00, real=0.00 secs] 
240.794: Total time for which application threads were stopped: 0.0045460 seconds, Stopping threads took: 0.0039670 seconds
240.868: Application time: 0.0736860 seconds
240.869: [GC [PSYoungGen: 14336K->496K(15872K)] 33728K->19888K(51712K), 0.0005590 secs] [Times: user=0.00 sys=0.00, real=0.00 secs] 
240.870: Total time for which application threads were stopped: 0.0023880 seconds, Stopping threads took: 0.0017490 seconds
240.941: Application time: 0.0712510 seconds
240.941: [GC [PSYoungGen: 14320K->512K(15872K)] 33712K->19904K(51712K), 0.0004990 secs] [Times: user=0.00 sys=0.00, real=0.00 secs] 
240.942: Total time for which application threads were stopped: 0.0006450 seconds, Stopping threads took: 0.0000620 seconds
241.016: Application time: 0.0738800 seconds
241.016: [GC [PSYoungGen: 14336K->544K(15872K)] 33728K->19936K(51712K), 0.0005410 secs] [Times: user=0.01 sys=0.00, real=0.00 secs] 
241.016: Total time for which application threads were stopped: 0.0006790 seconds, Stopping threads took: 0.0000570 seconds
241.091: Application time: 0.0748930 seconds
241.091: [GC [PSYoungGen: 14368K->480K(15872K)] 33760K->19872K(51712K), 0.0005070 secs] [Times: user=0.00 sys=0.00, real=0.00 secs] 
241.092: Total time for which application threads were stopped: 0.0006480 seconds, Stopping threads took: 0.0000630 seconds
241.167: Application time: 0.0751350 seconds
241.167: [GC [PSYoungGen: 14304K->528K(15872K)] 33696K->19928K(51712K), 0.0005640 secs] [Times: user=0.00 sys=0.00, real=0.00 secs] 
241.168: Total time for which application threads were stopped: 0.0006920 seconds, Stopping threads took: 0.0000550 seconds
241.242: Application time: 0.0742720 seconds
241.243: [GC [PSYoungGen: 14352K->448K(15872K)] 33752K->19856K(51712K), 0.0006070 secs] [Times: user=0.00 sys=0.00, real=0.00 secs] 
241.244: Total time for which application threads were stopped: 0.0017950 seconds, Stopping threads took: 0.0010870 seconds
241.318: Application time: 0.0737510 seconds
241.318: [GC [PSYoungGen: 14272K->496K(15872K)] 33680K->19912K(51712K), 0.0005150 secs] [Times: user=0.00 sys=0.00, real=0.00 secs] 
241.318: Total time for which application threads were stopped: 0.0006390 seconds, Stopping threads took: 0.0000470 seconds
241.393: Application time: 0.0743420 seconds
241.393: [GC [PSYoungGen: 14320K->528K(15872K)] 33736K->19952K(51712K), 0.0005610 secs] [Times: user=0.00 sys=0.00, real=0.01 secs] 
241.393: Total time for which application threads were stopped: 0.0007030 seconds, Stopping threads took: 0.0000600 seconds
241.467: Application time: 0.0737910 seconds
241.467: [GC [PSYoungGen: 14352K->512K(15872K)] 33776K->19936K(51712K), 0.0005780 secs] [Times: user=0.01 sys=0.00, real=0.00 secs] 
241.468: Total time for which application threads were stopped: 0.0007150 seconds, Stopping threads took: 0.0000630 seconds
241.542: Application time: 0.0739580 seconds
241.542: [GC [PSYoungGen: 14336K->480K(15872K)] 33760K->19904K(51712K), 0.0005210 secs] [Times: user=0.00 sys=0.00, real=0.00 secs] 
241.542: Total time for which application threads were stopped: 0.0006550 seconds, Stopping threads took: 0.0000540 seconds
241.615: Application time: 0.0730540 seconds
241.617: [GC [PSYoungGen: 14304K->496K(15872K)] 33728K->19920K(51712K), 0.0005420 secs] [Times: user=0.00 sys=0.00, real=0.00 secs] 
241.618: Total time for which application threads were stopped: 0.0024470 seconds, Stopping threads took: 0.0018180 seconds
241.689: Application time: 0.0714560 seconds
241.690: [GC [PSYoungGen: 14320K->512K(15872K)] 33744K->19936K(51712K), 0.0005030 secs] [Times: user=0.00 sys=0.00, real=0.00 secs] 
241.690: Total time for which application threads were stopped: 0.0006360 seconds, Stopping threads took: 0.0000570 seconds
241.763: Application time: 0.0732640 seconds
241.763: [GC [PSYoungGen: 14336K->544K(15872K)] 33760K->19968K(51712K), 0.0005230 secs] [Times: user=0.01 sys=0.00, real=0.00 secs] 
241.764: Total time for which application threads were stopped: 0.0006860 seconds, Stopping threads took: 0.0000740 seconds
241.838: Application time: 0.0740190 seconds
241.838: [GC [PSYoungGen: 14368K->496K(15872K)] 33792K->19920K(51712K), 0.0005650 secs] [Times: user=0.00 sys=0.00, real=0.00 secs] 
241.839: Total time for which application threads were stopped: 0.0007050 seconds, Stopping threads took: 0.0000640 seconds
241.913: Application time: 0.0744460 seconds
241.913: [GC [PSYoungGen: 14320K->528K(15872K)] 33744K->19960K(51712K), 0.0005750 secs] [Times: user=0.00 sys=0.00, real=0.00 secs] 
241.914: Total time for which application threads were stopped: 0.0007230 seconds, Stopping threads took: 0.0000670 seconds
241.988: Application time: 0.0739980 seconds
241.988: [GC [PSYoungGen: 14352K->496K(15872K)] 33784K->19936K(51712K), 0.0005620 secs] [Times: user=0.00 sys=0.00, real=0.00 secs] 
241.989: Total time for which application threads were stopped: 0.0007020 seconds, Stopping threads took: 0.0000610 seconds
242.062: Application time: 0.0736990 seconds
242.062: [GC [PSYoungGen: 14320K->480K(15872K)] 33760K->19928K(51712K), 0.0005930 secs] [Times: user=0.01 sys=0.00, real=0.00 secs] 
242.063: Total time for which application threads were stopped: 0.0007310 seconds, Stopping threads took: 0.0000590 seconds
242.137: Application time: 0.0742630 seconds
242.137: [GC [PSYoungGen: 14304K->560K(15872K)] 33752K->20016K(51712K), 0.0005180 secs] [Times: user=0.00 sys=0.00, real=0.00 secs] 
242.138: Total time for which application threads were stopped: 0.0006590 seconds, Stopping threads took: 0.0000590 seconds
242.212: Application time: 0.0739990 seconds
242.212: [GC [PSYoungGen: 14384K->496K(15872K)] 33840K->19952K(51712K), 0.0005160 secs] [Times: user=0.00 sys=0.00, real=0.00 secs] 
242.213: Total time for which application threads were stopped: 0.0006510 seconds, Stopping threads took: 0.0000530 seconds
242.287: Application time: 0.0739510 seconds
242.287: [GC [PSYoungGen: 14320K->528K(15872K)] 33776K->19984K(51712K), 0.0005030 secs] [Times: user=0.00 sys=0.00, real=0.00 secs] 
242.287: Total time for which application threads were stopped: 0.0006480 seconds, Stopping threads took: 0.0000550 seconds
242.361: Application time: 0.0736990 seconds
242.361: [GC [PSYoungGen: 14352K->480K(15872K)] 33808K->19936K(51712K), 0.0005040 secs] [Times: user=0.01 sys=0.00, real=0.00 secs] 
242.362: Total time for which application threads were stopped: 0.0006420 seconds, Stopping threads took: 0.0000580 seconds
242.433: Application time: 0.0717760 seconds
242.433: [GC [PSYoungGen: 14304K->512K(15872K)] 33760K->19968K(51712K), 0.0004980 secs] [Times: user=0.00 sys=0.00, real=0.00 secs] 
242.434: Total time for which application threads were stopped: 0.0006400 seconds, Stopping threads took: 0.0000640 seconds
242.506: Application time: 0.0724900 seconds
242.507: [GC [PSYoungGen: 14336K->496K(15872K)] 33792K->19952K(51712K), 0.0004960 secs] [Times: user=0.00 sys=0.00, real=0.00 secs] 
242.507: Total time for which application threads were stopped: 0.0006290 seconds, Stopping threads took: 0.0000550 seconds
242.581: Application time: 0.0737460 seconds
242.581: [GC [PSYoungGen: 14320K->512K(15872K)] 33776K->19968K(51712K), 0.0005200 secs] [Times: user=0.00 sys=0.00, real=0.00 secs] 
242.582: Total time for which application threads were stopped: 0.0006610 seconds, Stopping threads took: 0.0000630 seconds
242.655: Application time: 0.0738480 seconds
242.657: [GC [PSYoungGen: 14336K->480K(15872K)] 33792K->19936K(51712K), 0.0005890 secs] [Times: user=0.00 sys=0.00, real=0.00 secs] 
242.658: Total time for which application threads were stopped: 0.0026170 seconds, Stopping threads took: 0.0019510 seconds
242.733: Application time: 0.0747510 seconds
242.733: [GC [PSYoungGen: 14304K->496K(15872K)] 33760K->19960K(51712K), 0.0005870 secs] [Times: user=0.01 sys=0.00, real=0.01 secs] 
242.733: Total time for which application threads were stopped: 0.0007290 seconds, Stopping threads took: 0.0000550 seconds
242.808: Application time: 0.0741030 seconds
242.808: [GC [PSYoungGen: 14320K->512K(15872K)] 33784K->19984K(51712K), 0.0005590 secs] [Times: user=0.01 sys=0.00, real=0.00 secs] 
242.808: Total time for which application threads were stopped: 0.0006990 seconds, Stopping threads took: 0.0000510 seconds
242.882: Application time: 0.0734650 seconds
242.882: [GC [PSYoungGen: 14336K->544K(15872K)] 33808K->20040K(51712K), 0.0005450 secs] [Times: user=0.00 sys=0.00, real=0.00 secs] 
242.882: Total time for which application threads were stopped: 0.0006760 seconds, Stopping threads took: 0.0000510 seconds
242.957: Application time: 0.0742020 seconds
242.957: [GC [PSYoungGen: 14368K->480K(15872K)] 33864K->19976K(51712K), 0.0004960 secs] [Times: user=0.00 sys=0.00, real=0.00 secs] 
242.957: Total time for which application threads were stopped: 0.0006300 seconds, Stopping threads took: 0.0000570 seconds
243.031: Application time: 0.0742010 seconds
243.032: [GC [PSYoungGen: 14304K->512K(15872K)] 33800K->20008K(51712K), 0.0005750 secs] [Times: user=0.01 sys=0.00, real=0.00 secs] 
243.032: Total time for which application threads were stopped: 0.0007100 seconds, Stopping threads took: 0.0000570 seconds
243.106: Application time: 0.0735910 seconds
243.106: [GC [PSYoungGen: 14336K->496K(15872K)] 33832K->19992K(51712K), 0.0004990 secs] [Times: user=0.01 sys=0.00, real=0.00 secs] 
243.106: Total time for which application threads were stopped: 0.0006350 seconds, Stopping threads took: 0.0000560 seconds
243.178: Application time: 0.0720160 seconds
243.179: [GC [PSYoungGen: 14320K->496K(15872K)] 33816K->19992K(51712K), 0.0005080 secs] [Times: user=0.00 sys=0.00, real=0.00 secs] 
243.179: Total time for which application threads were stopped: 0.0006600 seconds, Stopping threads took: 0.0000720 seconds
243.252: Application time: 0.0725650 seconds
243.252: [GC [PSYoungGen: 14320K->496K(15872K)] 33816K->19992K(51712K), 0.0005690 secs] [Times: user=0.00 sys=0.00, real=0.01 secs] 
243.253: Total time for which application threads were stopped: 0.0016800 seconds, Stopping threads took: 0.0000570 seconds
243.327: Application time: 0.0738240 seconds
243.327: [GC [PSYoungGen: 14320K->496K(15872K)] 33816K->19992K(51712K), 0.0005290 secs] [Times: user=0.00 sys=0.00, real=0.00 secs] 
243.328: Total time for which application threads were stopped: 0.0006730 seconds, Stopping threads took: 0.0000560 seconds
243.402: Application time: 0.0739010 seconds
243.402: [GC [PSYoungGen: 14320K->496K(15872K)] 33816K->19992K(51712K), 0.0005090 secs] [Times: user=0.00 sys=0.00, real=0.00 secs] 
243.402: Total time for which application threads were stopped: 0.0006680 seconds, Stopping threads took: 0.0000760 seconds
243.477: Application time: 0.0743450 seconds
243.477: [GC [PSYoungGen: 14320K->480K(15872K)] 33816K->19984K(51712K), 0.0006210 secs] [Times: user=0.00 sys=0.00, real=0.00 secs] 
243.478: Total time for which application threads were stopped: 0.0007720 seconds, Stopping threads took: 0.0000750 seconds
243.551: Application time: 0.0735150 seconds
243.551: [GC [PSYoungGen: 14304K->512K(15872K)] 33808K->20024K(51712K), 0.0005050 secs] [Times: user=0.01 sys=0.00, real=0.00 secs] 
243.552: Total time for which application threads were stopped: 0.0006450 seconds, Stopping threads took: 0.0000590 seconds
243.625: Application time: 0.0732400 seconds
243.625: [GC [PSYoungGen: 14336K->512K(15872K)] 33848K->20032K(51712K), 0.0005220 secs] [Times: user=0.00 sys=0.00, real=0.01 secs] 
243.626: Total time for which application threads were stopped: 0.0006680 seconds, Stopping threads took: 0.0000600 seconds
243.700: Application time: 0.0742850 seconds
243.700: [GC [PSYoungGen: 14336K->464K(15872K)] 33856K->19984K(51712K), 0.0004990 secs] [Times: user=0.00 sys=0.00, real=0.00 secs] 
243.701: Total time for which application threads were stopped: 0.0006310 seconds, Stopping threads took: 0.0000540 seconds
243.775: Application time: 0.0741860 seconds
243.775: [GC [PSYoungGen: 14288K->496K(15872K)] 33808K->20016K(51712K), 0.0005090 secs] [Times: user=0.00 sys=0.00, real=0.00 secs] 
243.775: Total time for which application threads were stopped: 0.0006410 seconds, Stopping threads took: 0.0000550 seconds
243.849: Application time: 0.0733460 seconds
243.849: [GC [PSYoungGen: 14320K->512K(15872K)] 33840K->20032K(51712K), 0.0005810 secs] [Times: user=0.00 sys=0.00, real=0.00 secs] 
243.849: Total time for which application threads were stopped: 0.0007250 seconds, Stopping threads took: 0.0000600 seconds
243.922: Application time: 0.0723040 seconds
243.922: [GC [PSYoungGen: 14336K->512K(15872K)] 33856K->20032K(51712K), 0.0005380 secs] [Times: user=0.00 sys=0.00, real=0.00 secs] 
243.922: Total time for which application threads were stopped: 0.0006710 seconds, Stopping threads took: 0.0000570 seconds
243.994: Application time: 0.0719610 seconds
243.994: [GC [PSYoungGen: 14336K->496K(15872K)] 33856K->20016K(51712K), 0.0005470 secs] [Times: user=0.00 sys=0.00, real=0.00 secs] 
243.995: Total time for which application threads were stopped: 0.0006860 seconds, Stopping threads took: 0.0000600 seconds
244.069: Application time: 0.0735010 seconds
244.069: [GC [PSYoungGen: 14320K->480K(15872K)] 33840K->20000K(51712K), 0.0005230 secs] [Times: user=0.00 sys=0.00, real=0.00 secs] 
244.069: Total time for which application threads were stopped: 0.0006560 seconds, Stopping threads took: 0.0000530 seconds
244.143: Application time: 0.0741180 seconds
244.143: [GC [PSYoungGen: 14304K->528K(15872K)] 33824K->20048K(51712K), 0.0006580 secs] [Times: user=0.00 sys=0.00, real=0.00 secs] 
244.144: Total time for which application threads were stopped: 0.0008000 seconds, Stopping threads took: 0.0000610 seconds
244.227: Application time: 0.0824820 seconds
244.227: [GC [PSYoungGen: 14352K->496K(15872K)] 33872K->20024K(51712K), 0.0005730 secs] [Times: user=0.01 sys=0.00, real=0.00 secs] 
244.227: Total time for which application threads were stopped: 0.0007110 seconds, Stopping threads took: 0.0000590 seconds
244.309: Application time: 0.0814930 seconds
244.309: [GC [PSYoungGen: 14320K->496K(15872K)] 33848K->20032K(51712K), 0.0005640 secs] [Times: user=0.00 sys=0.00, real=0.00 secs] 
244.310: Total time for which application threads were stopped: 0.0007120 seconds, Stopping threads took: 0.0000610 seconds
244.390: Application time: 0.0808550 seconds
244.391: [GC [PSYoungGen: 14320K->544K(15872K)] 33856K->20088K(51712K), 0.0005810 secs] [Times: user=0.00 sys=0.00, real=0.00 secs] 
244.391: Total time for which application threads were stopped: 0.0007290 seconds, Stopping threads took: 0.0000510 seconds
244.473: Application time: 0.0817750 seconds
244.473: [GC [PSYoungGen: 14368K->496K(15872K)] 33912K->20040K(51712K), 0.0005420 secs] [Times: user=0.00 sys=0.00, real=0.01 secs] 
244.474: Total time for which application threads were stopped: 0.0006850 seconds, Stopping threads took: 0.0000580 seconds
244.555: Application time: 0.0812660 seconds
244.555: [GC [PSYoungGen: 14320K->464K(15872K)] 33864K->20008K(51712K), 0.0005440 secs] [Times: user=0.00 sys=0.00, real=0.00 secs] 
244.556: Total time for which application threads were stopped: 0.0006820 seconds, Stopping threads took: 0.0000600 seconds
244.636: Application time: 0.0808520 seconds
244.636: [GC [PSYoungGen: 14288K->480K(15872K)] 33832K->20024K(51712K), 0.0005450 secs] [Times: user=0.00 sys=0.00, real=0.00 secs] 
244.637: Total time for which application threads were stopped: 0.0006840 seconds, Stopping threads took: 0.0000580 seconds
244.717: Application time: 0.0798780 seconds
244.717: [GC [PSYoungGen: 14304K->496K(15872K)] 33848K->20040K(51712K), 0.0005300 secs] [Times: user=0.00 sys=0.00, real=0.00 secs] 
244.718: Total time for which application threads were stopped: 0.0006740 seconds, Stopping threads took: 0.0000650 seconds
244.796: Application time: 0.0788690 seconds
244.797: [GC [PSYoungGen: 14320K->480K(15872K)] 33864K->20024K(51712K), 0.0005230 secs] [Times: user=0.01 sys=0.00, real=0.00 secs] 
244.797: Total time for which application threads were stopped: 0.0006570 seconds, Stopping threads took: 0.0000570 seconds
244.878: Application time: 0.0810980 seconds
244.878: [GC [PSYoungGen: 14304K->544K(15872K)] 33848K->20088K(51712K), 0.0005790 secs] [Times: user=0.01 sys=0.00, real=0.00 secs] 
244.879: Total time for which application threads were stopped: 0.0007100 seconds, Stopping threads took: 0.0000540 seconds
244.960: Application time: 0.0814630 seconds
244.961: [GC [PSYoungGen: 14368K->512K(15872K)] 33912K->20056K(51712K), 0.0005310 secs] [Times: user=0.00 sys=0.00, real=0.00 secs] 
244.961: Total time for which application threads were stopped: 0.0006740 seconds, Stopping threads took: 0.0000500 seconds
245.043: Application time: 0.0815070 seconds
245.043: [GC [PSYoungGen: 14336K->512K(15872K)] 33880K->20064K(51712K), 0.0005900 secs] [Times: user=0.00 sys=0.00, real=0.00 secs] 
245.043: Total time for which application threads were stopped: 0.0007180 seconds, Stopping threads took: 0.0000470 seconds
245.124: Application time: 0.0808520 seconds
245.124: [GC [PSYoungGen: 14336K->480K(15872K)] 33888K->20040K(51712K), 0.0005890 secs] [Times: user=0.00 sys=0.00, real=0.00 secs] 
245.125: Total time for which application threads were stopped: 0.0007170 seconds, Stopping threads took: 0.0000480 seconds
245.206: Application time: 0.0815620 seconds
245.207: [GC [PSYoungGen: 14304K->528K(15872K)] 33864K->20096K(51712K), 0.0005460 secs] [Times: user=0.00 sys=0.00, real=0.00 secs] 
245.207: Total time for which application threads were stopped: 0.0006890 seconds, Stopping threads took: 0.0000610 seconds
245.289: Application time: 0.0822470 seconds
245.290: [GC [PSYoungGen: 14352K->528K(15872K)] 33920K->20096K(51712K), 0.0005230 secs] [Times: user=0.00 sys=0.00, real=0.00 secs] 
245.290: Total time for which application threads were stopped: 0.0006590 seconds, Stopping threads took: 0.0000580 seconds
245.372: Application time: 0.0816470 seconds
245.372: [GC [PSYoungGen: 14352K->480K(15872K)] 33920K->20048K(51712K), 0.0005530 secs] [Times: user=0.00 sys=0.00, real=0.00 secs] 
245.372: Total time for which application threads were stopped: 0.0006860 seconds, Stopping threads took: 0.0000530 seconds
245.454: Application time: 0.0812240 seconds
245.454: [GC [PSYoungGen: 14304K->480K(15872K)] 33872K->20048K(51712K), 0.0005380 secs] [Times: user=0.00 sys=0.00, real=0.00 secs] 
245.454: Total time for which application threads were stopped: 0.0006700 seconds, Stopping threads took: 0.0000540 seconds
245.535: Application time: 0.0805810 seconds
245.535: [GC [PSYoungGen: 14304K->528K(15872K)] 33872K->20096K(51712K), 0.0005990 secs] [Times: user=0.00 sys=0.00, real=0.00 secs] 
245.536: Total time for which application threads were stopped: 0.0007420 seconds, Stopping threads took: 0.0000530 seconds
245.614: Application time: 0.0783960 seconds
245.614: [GC [PSYoungGen: 14352K->512K(15872K)] 33920K->20080K(51712K), 0.0005240 secs] [Times: user=0.00 sys=0.00, real=0.00 secs] 
245.615: Total time for which application threads were stopped: 0.0006730 seconds, Stopping threads took: 0.0000700 seconds
245.697: Application time: 0.0820570 seconds
245.697: [GC [PSYoungGen: 14336K->448K(15872K)] 33904K->20016K(51712K), 0.0005770 secs] [Times: user=0.00 sys=0.00, real=0.00 secs] 
245.697: Total time for which application threads were stopped: 0.0007170 seconds, Stopping threads took: 0.0000590 seconds
245.779: Application time: 0.0812950 seconds
245.779: [GC [PSYoungGen: 14272K->512K(15872K)] 33840K->20080K(51712K), 0.0005510 secs] [Times: user=0.00 sys=0.00, real=0.00 secs] 
245.779: Total time for which application threads were stopped: 0.0007180 seconds, Stopping threads took: 0.0000750 seconds
245.861: Application time: 0.0817000 seconds
245.861: [GC [PSYoungGen: 14336K->496K(15872K)] 33904K->20072K(51712K), 0.0005550 secs] [Times: user=0.00 sys=0.00, real=0.00 secs] 
245.862: Total time for which application threads were stopped: 0.0006950 seconds, Stopping threads took: 0.0000580 seconds
245.943: Application time: 0.0809210 seconds
245.943: [GC [PSYoungGen: 14320K->560K(15872K)] 33896K->20144K(51712K), 0.0005710 secs] [Times: user=0.00 sys=0.00, real=0.00 secs] 
245.944: Total time for which application threads were stopped: 0.0007080 seconds, Stopping threads took: 0.0000560 seconds
246.024: Application time: 0.0804970 seconds
246.024: [GC [PSYoungGen: 14384K->496K(15872K)] 33968K->20088K(51712K), 0.0005400 secs] [Times: user=0.01 sys=0.00, real=0.00 secs] 
246.025: Total time for which application threads were stopped: 0.0006740 seconds, Stopping threads took: 0.0000550 seconds
246.106: Application time: 0.0814960 seconds
246.106: [GC [PSYoungGen: 14320K->496K(15872K)] 33912K->20088K(51712K), 0.0005440 secs] [Times: user=0.00 sys=0.00, real=0.00 secs] 
246.107: Total time for which application threads were stopped: 0.0006910 seconds, Stopping threads took: 0.0000540 seconds
246.188: Application time: 0.0815260 seconds
246.189: [GC [PSYoungGen: 14320K->448K(15872K)] 33912K->20040K(51712K), 0.0005410 secs] [Times: user=0.00 sys=0.00, real=0.00 secs] 
246.189: Total time for which application threads were stopped: 0.0006740 seconds, Stopping threads took: 0.0000540 seconds
246.271: Application time: 0.0820040 seconds
246.271: [GC [PSYoungGen: 14272K->448K(15872K)] 33864K->20040K(51712K), 0.0005430 secs] [Times: user=0.00 sys=0.00, real=0.00 secs] 
246.272: Total time for which application threads were stopped: 0.0006880 seconds, Stopping threads took: 0.0000640 seconds
246.352: Application time: 0.0805320 seconds
246.352: [GC [PSYoungGen: 14272K->528K(15872K)] 33864K->20120K(51712K), 0.0005370 secs] [Times: user=0.00 sys=0.00, real=0.00 secs] 
246.353: Total time for which application threads were stopped: 0.0006690 seconds, Stopping threads took: 0.0000490 seconds
246.431: Application time: 0.0779520 seconds
246.431: [GC [PSYoungGen: 14352K->512K(15872K)] 33944K->20104K(51712K), 0.0005010 secs] [Times: user=0.01 sys=0.00, real=0.00 secs] 
246.432: Total time for which application threads were stopped: 0.0006330 seconds, Stopping threads took: 0.0000510 seconds
246.513: Application time: 0.0810540 seconds
246.513: [GC [PSYoungGen: 14336K->480K(15872K)] 33928K->20072K(51712K), 0.0005920 secs] [Times: user=0.01 sys=0.00, real=0.01 secs] 
246.513: Total time for which application threads were stopped: 0.0007310 seconds, Stopping threads took: 0.0000540 seconds
246.594: Application time: 0.0809200 seconds
246.597: [GC [PSYoungGen: 14304K->528K(15872K)] 33896K->20120K(51712K), 0.0005360 secs] [Times: user=0.00 sys=0.00, real=0.00 secs] 
246.598: Total time for which application threads were stopped: 0.0036690 seconds, Stopping threads took: 0.0030540 seconds
246.679: Application time: 0.0814970 seconds
246.680: [GC [PSYoungGen: 14352K->528K(15872K)] 33944K->20120K(51712K), 0.0005580 secs] [Times: user=0.00 sys=0.00, real=0.00 secs] 
246.680: Total time for which application threads were stopped: 0.0007280 seconds, Stopping threads took: 0.0000800 seconds
246.762: Application time: 0.0814290 seconds
246.762: [GC [PSYoungGen: 14352K->496K(15872K)] 33944K->20096K(51712K), 0.0005420 secs] [Times: user=0.00 sys=0.00, real=0.00 secs] 
246.762: Total time for which application threads were stopped: 0.0006890 seconds, Stopping threads took: 0.0000630 seconds
246.843: Application time: 0.0809790 seconds
246.843: [GC [PSYoungGen: 14320K->528K(15872K)] 33920K->20136K(51712K), 0.0005280 secs] [Times: user=0.00 sys=0.00, real=0.00 secs] 
246.844: Total time for which application threads were stopped: 0.0006750 seconds, Stopping threads took: 0.0000620 seconds
246.925: Application time: 0.0814540 seconds
246.926: [GC [PSYoungGen: 14352K->512K(15872K)] 33960K->20144K(51712K), 0.0005610 secs] [Times: user=0.01 sys=0.00, real=0.00 secs] 
246.926: Total time for which application threads were stopped: 0.0007150 seconds, Stopping threads took: 0.0000740 seconds
247.008: Application time: 0.0814510 seconds
247.008: [GC [PSYoungGen: 14336K->464K(15872K)] 33968K->20096K(51712K), 0.0005450 secs] [Times: user=0.01 sys=0.00, real=0.00 secs] 
247.008: Total time for which application threads were stopped: 0.0007060 seconds, Stopping threads took: 0.0000790 seconds
247.090: Application time: 0.0818050 seconds
247.090: [GC [PSYoungGen: 14288K->512K(15872K)] 33920K->20144K(51712K), 0.0005800 secs] [Times: user=0.00 sys=0.00, real=0.00 secs] 
247.091: Total time for which application threads were stopped: 0.0007540 seconds, Stopping threads took: 0.0000920 seconds
247.172: Application time: 0.0807900 seconds
247.172: [GC [PSYoungGen: 14336K->480K(15872K)] 33968K->20112K(51712K), 0.0005370 secs] [Times: user=0.00 sys=0.00, real=0.00 secs] 
247.172: Total time for which application threads were stopped: 0.0006820 seconds, Stopping threads took: 0.0000580 seconds
247.253: Application time: 0.0807060 seconds
247.253: [GC [PSYoungGen: 14304K->448K(15872K)] 33936K->20080K(51712K), 0.0005460 secs] [Times: user=0.01 sys=0.00, real=0.01 secs] 
247.254: Total time for which application threads were stopped: 0.0006900 seconds, Stopping threads took: 0.0000530 seconds
247.333: Application time: 0.0796450 seconds
247.334: [GC [PSYoungGen: 14272K->496K(15872K)] 33904K->20128K(51712K), 0.0005270 secs] [Times: user=0.00 sys=0.00, real=0.00 secs] 
247.334: Total time for which application threads were stopped: 0.0007070 seconds, Stopping threads took: 0.0001000 seconds
247.416: Application time: 0.0815910 seconds
247.416: [GC [PSYoungGen: 14320K->528K(15872K)] 33952K->20160K(51712K), 0.0005310 secs] [Times: user=0.00 sys=0.00, real=0.00 secs] 
247.416: Total time for which application threads were stopped: 0.0006780 seconds, Stopping threads took: 0.0000660 seconds
247.498: Application time: 0.0812400 seconds
247.498: [GC [PSYoungGen: 14352K->512K(15872K)] 33984K->20144K(51712K), 0.0005330 secs] [Times: user=0.00 sys=0.00, real=0.00 secs] 
247.498: Total time for which application threads were stopped: 0.0006760 seconds, Stopping threads took: 0.0000660 seconds
247.580: Application time: 0.0814110 seconds
247.580: [GC [PSYoungGen: 14336K->528K(15872K)] 33968K->20184K(51712K), 0.0005430 secs] [Times: user=0.00 sys=0.00, real=0.00 secs] 
247.580: Total time for which application threads were stopped: 0.0006950 seconds, Stopping threads took: 0.0000700 seconds
247.661: Application time: 0.0807870 seconds
247.661: [GC [PSYoungGen: 14352K->512K(15872K)] 34008K->20176K(51712K), 0.0006130 secs] [Times: user=0.00 sys=0.00, real=0.00 secs] 
247.662: Total time for which application threads were stopped: 0.0007510 seconds, Stopping threads took: 0.0000570 seconds
247.743: Application time: 0.0806640 seconds
247.743: [GC [PSYoungGen: 14336K->528K(15872K)] 34000K->20208K(51712K), 0.0005410 secs] [Times: user=0.01 sys=0.00, real=0.00 secs] 
247.743: Total time for which application threads were stopped: 0.0006740 seconds, Stopping threads took: 0.0000550 seconds
247.825: Application time: 0.0817050 seconds
247.825: [GC [PSYoungGen: 14352K->512K(15872K)] 34032K->20192K(51712K), 0.0005300 secs] [Times: user=0.00 sys=0.00, real=0.01 secs] 
247.826: Total time for which application threads were stopped: 0.0006760 seconds, Stopping threads took: 0.0000560 seconds
247.907: Application time: 0.0814910 seconds
247.907: [GC [PSYoungGen: 14336K->496K(15872K)] 34016K->20176K(51712K), 0.0005210 secs] [Times: user=0.01 sys=0.00, real=0.00 secs] 
247.908: Total time for which application threads were stopped: 0.0006670 seconds, Stopping threads took: 0.0000660 seconds
247.989: Application time: 0.0808400 seconds
247.989: [GC [PSYoungGen: 14320K->496K(15872K)] 34000K->20176K(51712K), 0.0005190 secs] [Times: user=0.00 sys=0.00, real=0.00 secs] 
247.990: Total time for which application threads were stopped: 0.0012650 seconds, Stopping threads took: 0.0006560 seconds
248.069: Application time: 0.0789670 seconds
248.069: [GC [PSYoungGen: 14320K->512K(15872K)] 34000K->20192K(51712K), 0.0005240 secs] [Times: user=0.00 sys=0.01, real=0.00 secs] 
248.070: Total time for which application threads were stopped: 0.0006600 seconds, Stopping threads took: 0.0000520 seconds
248.148: Application time: 0.0787050 seconds
248.148: [GC [PSYoungGen: 14336K->480K(15872K)] 34016K->20160K(51712K), 0.0005400 secs] [Times: user=0.00 sys=0.00, real=0.00 secs] 
248.149: Total time for which application threads were stopped: 0.0006700 seconds, Stopping threads took: 0.0000570 seconds
248.223: Application time: 0.0739450 seconds
248.223: [GC [PSYoungGen: 14304K->496K(15872K)] 33984K->20176K(51712K), 0.0005140 secs] [Times: user=0.00 sys=0.00, real=0.00 secs] 
248.224: Total time for which application threads were stopped: 0.0006460 seconds, Stopping threads took: 0.0000550 seconds
248.298: Application time: 0.0744240 seconds
248.298: [GC [PSYoungGen: 14320K->528K(15872K)] 34000K->20208K(51712K), 0.0005750 secs] [Times: user=0.00 sys=0.00, real=0.00 secs] 
248.300: Total time for which application threads were stopped: 0.0017200 seconds, Stopping threads took: 0.0000550 seconds
248.373: Application time: 0.0736970 seconds
248.374: [GC [PSYoungGen: 14352K->544K(15872K)] 34032K->20232K(51712K), 0.0005940 secs] [Times: user=0.00 sys=0.00, real=0.00 secs] 
248.374: Total time for which application threads were stopped: 0.0007480 seconds, Stopping threads took: 0.0000620 seconds
248.448: Application time: 0.0740830 seconds
248.448: [GC [PSYoungGen: 14368K->528K(15872K)] 34056K->20224K(51712K), 0.0005420 secs] [Times: user=0.01 sys=0.00, real=0.00 secs] 
248.449: Total time for which application threads were stopped: 0.0006820 seconds, Stopping threads took: 0.0000600 seconds
248.523: Application time: 0.0736090 seconds
248.523: [GC [PSYoungGen: 14352K->528K(15872K)] 34048K->20232K(51712K), 0.0005220 secs] [Times: user=0.01 sys=0.00, real=0.00 secs] 
248.523: Total time for which application threads were stopped: 0.0006580 seconds, Stopping threads took: 0.0000560 seconds
248.598: Application time: 0.0743890 seconds
248.598: [GC [PSYoungGen: 14352K->464K(15872K)] 34056K->20168K(51712K), 0.0005600 secs] [Times: user=0.00 sys=0.00, real=0.00 secs] 
248.598: Total time for which application threads were stopped: 0.0007050 seconds, Stopping threads took: 0.0000620 seconds
248.672: Application time: 0.0740830 seconds
248.672: [GC [PSYoungGen: 14288K->496K(15872K)] 33992K->20200K(51712K), 0.0005630 secs] [Times: user=0.00 sys=0.00, real=0.00 secs] 
248.673: Total time for which application threads were stopped: 0.0006900 seconds, Stopping threads took: 0.0000510 seconds
248.748: Application time: 0.0746870 seconds
248.748: [GC [PSYoungGen: 14320K->512K(15872K)] 34024K->20216K(51712K), 0.0005010 secs] [Times: user=0.01 sys=0.00, real=0.00 secs] 
248.748: Total time for which application threads were stopped: 0.0006390 seconds, Stopping threads took: 0.0000630 seconds
248.821: Application time: 0.0723380 seconds
248.821: [GC [PSYoungGen: 14336K->496K(15872K)] 34040K->20200K(51712K), 0.0005640 secs] [Times: user=0.00 sys=0.00, real=0.00 secs] 
248.821: Total time for which application threads were stopped: 0.0006960 seconds, Stopping threads took: 0.0000580 seconds
248.894: Application time: 0.0724330 seconds
248.894: [GC [PSYoungGen: 14320K->512K(15872K)] 34024K->20216K(51712K), 0.0005720 secs] [Times: user=0.00 sys=0.00, real=0.00 secs] 
248.895: Total time for which application threads were stopped: 0.0007140 seconds, Stopping threads took: 0.0000550 seconds
248.968: Application time: 0.0734130 seconds
248.968: [GC [PSYoungGen: 14336K->512K(15872K)] 34040K->20216K(51712K), 0.0005470 secs] [Times: user=0.00 sys=0.00, real=0.00 secs] 
248.969: Total time for which application threads were stopped: 0.0006760 seconds, Stopping threads took: 0.0000510 seconds
249.043: Application time: 0.0740760 seconds
249.045: [GC [PSYoungGen: 14336K->480K(15872K)] 34040K->20184K(51712K), 0.0005330 secs] [Times: user=0.01 sys=0.00, real=0.00 secs] 
249.046: Total time for which application threads were stopped: 0.0032200 seconds, Stopping threads took: 0.0026090 seconds
249.120: Application time: 0.0744520 seconds
249.121: [GC [PSYoungGen: 14304K->512K(15872K)] 34008K->20224K(51712K), 0.0005760 secs] [Times: user=0.00 sys=0.00, real=0.00 secs] 
249.121: Total time for which application threads were stopped: 0.0007180 seconds, Stopping threads took: 0.0000620 seconds
249.195: Application time: 0.0738170 seconds
249.197: [GC [PSYoungGen: 14336K->496K(15872K)] 34048K->20216K(51712K), 0.0006010 secs] [Times: user=0.00 sys=0.00, real=0.00 secs] 
249.198: Total time for which application threads were stopped: 0.0030800 seconds, Stopping threads took: 0.0023970 seconds
249.272: Application time: 0.0739320 seconds
249.272: [GC [PSYoungGen: 14320K->480K(15872K)] 34040K->20208K(51712K), 0.0004910 secs] [Times: user=0.00 sys=0.00, real=0.00 secs] 
249.273: Total time for which application threads were stopped: 0.0006240 seconds, Stopping threads took: 0.0000520 seconds
249.347: Application time: 0.0743470 seconds
249.347: [GC [PSYoungGen: 14304K->528K(15872K)] 34032K->20256K(51712K), 0.0005230 secs] [Times: user=0.01 sys=0.00, real=0.00 secs] 
249.348: Total time for which application threads were stopped: 0.0006610 seconds, Stopping threads took: 0.0000590 seconds
249.421: Application time: 0.0738480 seconds
249.422: [GC [PSYoungGen: 14352K->496K(15872K)] 34080K->20224K(51712K), 0.0005230 secs] [Times: user=0.01 sys=0.00, real=0.00 secs] 
249.422: Total time for which application threads were stopped: 0.0006820 seconds, Stopping threads took: 0.0000690 seconds
249.496: Application time: 0.0740050 seconds
249.496: [GC [PSYoungGen: 14320K->496K(15872K)] 34048K->20224K(51712K), 0.0005340 secs] [Times: user=0.00 sys=0.00, real=0.00 secs] 
249.497: Total time for which application threads were stopped: 0.0006770 seconds, Stopping threads took: 0.0000620 seconds
249.570: Application time: 0.0733560 seconds
249.570: [GC [PSYoungGen: 14320K->480K(15872K)] 34048K->20208K(51712K), 0.0005580 secs] [Times: user=0.00 sys=0.00, real=0.00 secs] 
249.571: Total time for which application threads were stopped: 0.0006880 seconds, Stopping threads took: 0.0000480 seconds
249.642: Application time: 0.0714880 seconds
249.642: [GC [PSYoungGen: 14304K->496K(15872K)] 34032K->20224K(51712K), 0.0005520 secs] [Times: user=0.00 sys=0.00, real=0.00 secs] 
249.643: Total time for which application threads were stopped: 0.0006890 seconds, Stopping threads took: 0.0000580 seconds
249.717: Application time: 0.0736440 seconds
249.717: [GC [PSYoungGen: 14320K->448K(15872K)] 34048K->20176K(51712K), 0.0005560 secs] [Times: user=0.00 sys=0.00, real=0.00 secs] 
249.717: Total time for which application threads were stopped: 0.0006960 seconds, Stopping threads took: 0.0000630 seconds
249.791: Application time: 0.0736460 seconds
249.791: [GC [PSYoungGen: 14272K->512K(15872K)] 34000K->20240K(51712K), 0.0005300 secs] [Times: user=0.00 sys=0.00, real=0.00 secs] 
249.792: Total time for which application threads were stopped: 0.0006680 seconds, Stopping threads took: 0.0000540 seconds
249.866: Application time: 0.0741980 seconds
249.866: [GC [PSYoungGen: 14336K->512K(15872K)] 34064K->20248K(51712K), 0.0005420 secs] [Times: user=0.01 sys=0.00, real=0.00 secs] 
249.867: Total time for which application threads were stopped: 0.0006780 seconds, Stopping threads took: 0.0000570 seconds
249.941: Application time: 0.0744700 seconds
249.941: [GC [PSYoungGen: 14336K->512K(15872K)] 34072K->20272K(51712K), 0.0005190 secs] [Times: user=0.00 sys=0.00, real=0.00 secs] 
249.942: Total time for which application threads were stopped: 0.0006610 seconds, Stopping threads took: 0.0000540 seconds
250.015: Application time: 0.0733240 seconds
250.015: [GC [PSYoungGen: 14336K->496K(15872K)] 34096K->20264K(51712K), 0.0005040 secs] [Times: user=0.00 sys=0.00, real=0.00 secs] 
250.016: Total time for which application threads were stopped: 0.0006490 seconds, Stopping threads took: 0.0000680 seconds
250.090: Application time: 0.0738550 seconds
250.090: [GC [PSYoungGen: 14320K->512K(15872K)] 34088K->20288K(51712K), 0.0006150 secs] [Times: user=0.00 sys=0.00, real=0.00 secs] 
250.090: Total time for which application threads were stopped: 0.0007450 seconds, Stopping threads took: 0.0000510 seconds
250.164: Application time: 0.0741090 seconds
250.165: [GC [PSYoungGen: 14336K->528K(15872K)] 34112K->20304K(51712K), 0.0005470 secs] [Times: user=0.00 sys=0.00, real=0.00 secs] 
250.165: Total time for which application threads were stopped: 0.0006750 seconds, Stopping threads took: 0.0000530 seconds
250.240: Application time: 0.0751110 seconds
250.240: [GC [PSYoungGen: 14352K->512K(15872K)] 34128K->20288K(51712K), 0.0005330 secs] [Times: user=0.00 sys=0.00, real=0.00 secs] 
250.241: Total time for which application threads were stopped: 0.0006560 seconds, Stopping threads took: 0.0000480 seconds
250.315: Application time: 0.0740840 seconds
250.315: [GC [PSYoungGen: 14336K->528K(15872K)] 34112K->20304K(51712K), 0.0005430 secs] [Times: user=0.00 sys=0.00, real=0.00 secs] 
250.316: Total time for which application threads were stopped: 0.0006840 seconds, Stopping threads took: 0.0000580 seconds
250.386: Application time: 0.0706470 seconds
250.386: [GC [PSYoungGen: 14352K->496K(15872K)] 34128K->20272K(51712K), 0.0005210 secs] [Times: user=0.00 sys=0.00, real=0.00 secs] 
250.387: Total time for which application threads were stopped: 0.0006730 seconds, Stopping threads took: 0.0000710 seconds
250.461: Application time: 0.0736680 seconds
250.461: [GC [PSYoungGen: 14320K->464K(15872K)] 34096K->20240K(51712K), 0.0005410 secs] [Times: user=0.00 sys=0.00, real=0.00 secs] 
250.461: Total time for which application threads were stopped: 0.0006880 seconds, Stopping threads took: 0.0000500 seconds
250.535: Application time: 0.0738640 seconds
250.535: [GC [PSYoungGen: 14288K->496K(15872K)] 34064K->20272K(51712K), 0.0005080 secs] [Times: user=0.00 sys=0.00, real=0.00 secs] 
250.536: Total time for which application threads were stopped: 0.0006470 seconds, Stopping threads took: 0.0000630 seconds
250.610: Application time: 0.0742400 seconds
250.610: [GC [PSYoungGen: 14320K->512K(15872K)] 34096K->20296K(51712K), 0.0005780 secs] [Times: user=0.00 sys=0.00, real=0.00 secs] 
250.611: Total time for which application threads were stopped: 0.0007170 seconds, Stopping threads took: 0.0000540 seconds
250.685: Application time: 0.0737300 seconds
250.685: [GC [PSYoungGen: 14336K->480K(15872K)] 34120K->20272K(51712K), 0.0005670 secs] [Times: user=0.01 sys=0.00, real=0.00 secs] 
250.685: Total time for which application threads were stopped: 0.0007060 seconds, Stopping threads took: 0.0000590 seconds
250.759: Application time: 0.0733660 seconds
250.759: [GC [PSYoungGen: 14304K->512K(15872K)] 34096K->20312K(51712K), 0.0005010 secs] [Times: user=0.00 sys=0.00, real=0.00 secs] 
250.759: Total time for which application threads were stopped: 0.0006410 seconds, Stopping threads took: 0.0000580 seconds
250.833: Application time: 0.0737580 seconds
250.833: [GC [PSYoungGen: 14336K->512K(15872K)] 34136K->20320K(51712K), 0.0005320 secs] [Times: user=0.01 sys=0.00, real=0.01 secs] 
250.834: Total time for which application threads were stopped: 0.0006600 seconds, Stopping threads took: 0.0000480 seconds
250.908: Application time: 0.0742440 seconds
250.908: [GC [PSYoungGen: 14336K->496K(15872K)] 34144K->20304K(51712K), 0.0005340 secs] [Times: user=0.00 sys=0.00, real=0.00 secs] 
250.909: Total time for which application threads were stopped: 0.0006720 seconds, Stopping threads took: 0.0000580 seconds
250.983: Application time: 0.0741810 seconds
250.983: [GC [PSYoungGen: 14320K->528K(15872K)] 34128K->20336K(51712K), 0.0005340 secs] [Times: user=0.01 sys=0.00, real=0.00 secs] 
250.983: Total time for which application threads were stopped: 0.0006800 seconds, Stopping threads took: 0.0000530 seconds
251.057: Application time: 0.0733170 seconds
251.057: [GC [PSYoungGen: 14352K->512K(15872K)] 34160K->20320K(51712K), 0.0005390 secs] [Times: user=0.00 sys=0.00, real=0.00 secs] 
251.057: Total time for which application threads were stopped: 0.0006860 seconds, Stopping threads took: 0.0000560 seconds
251.129: Application time: 0.0713400 seconds
251.129: [GC [PSYoungGen: 14336K->480K(15872K)] 34144K->20288K(51712K), 0.0005110 secs] [Times: user=0.00 sys=0.00, real=0.00 secs] 
251.129: Total time for which application threads were stopped: 0.0006430 seconds, Stopping threads took: 0.0000540 seconds
251.202: Application time: 0.0729820 seconds
251.203: [GC [PSYoungGen: 14304K->480K(15872K)] 34112K->20288K(51712K), 0.0005090 secs] [Times: user=0.00 sys=0.00, real=0.00 secs] 
251.203: Total time for which application threads were stopped: 0.0006480 seconds, Stopping threads took: 0.0000580 seconds
251.277: Application time: 0.0741080 seconds
251.277: [GC [PSYoungGen: 14304K->480K(15872K)] 34112K->20288K(51712K), 0.0005450 secs] [Times: user=0.00 sys=0.00, real=0.00 secs] 
251.278: Total time for which application threads were stopped: 0.0006730 seconds, Stopping threads took: 0.0000490 seconds
251.352: Application time: 0.0736780 seconds
251.352: [GC [PSYoungGen: 14304K->512K(15872K)] 34112K->20320K(51712K), 0.0005110 secs] [Times: user=0.00 sys=0.00, real=0.00 secs] 
251.352: Total time for which application threads were stopped: 0.0006540 seconds, Stopping threads took: 0.0000610 seconds
251.426: Application time: 0.0741120 seconds
251.426: [GC [PSYoungGen: 14336K->496K(15872K)] 34144K->20312K(51712K), 0.0005140 secs] [Times: user=0.01 sys=0.00, real=0.00 secs] 
251.427: Total time for which application threads were stopped: 0.0006470 seconds, Stopping threads took: 0.0000540 seconds
251.500: Application time: 0.0733980 seconds
251.500: [GC [PSYoungGen: 14320K->496K(15872K)] 34136K->20344K(51712K), 0.0005740 secs] [Times: user=0.01 sys=0.00, real=0.00 secs] 
251.501: Total time for which application threads were stopped: 0.0007250 seconds, Stopping threads took: 0.0000640 seconds
251.575: Application time: 0.0744090 seconds
251.576: [GC [PSYoungGen: 14320K->464K(15872K)] 34168K->20320K(51712K), 0.0005980 secs] [Times: user=0.00 sys=0.00, real=0.00 secs] 
251.576: Total time for which application threads were stopped: 0.0007410 seconds, Stopping threads took: 0.0000660 seconds
251.650: Application time: 0.0738970 seconds
251.650: [GC [PSYoungGen: 14288K->496K(15872K)] 34144K->20352K(51712K), 0.0005280 secs] [Times: user=0.00 sys=0.00, real=0.00 secs] 
251.651: Total time for which application threads were stopped: 0.0006660 seconds, Stopping threads took: 0.0000570 seconds
251.725: Application time: 0.0744090 seconds
251.725: [GC [PSYoungGen: 14320K->512K(15872K)] 34176K->20368K(51712K), 0.0005580 secs] [Times: user=0.01 sys=0.00, real=0.00 secs] 
251.726: Total time for which application threads were stopped: 0.0007720 seconds, Stopping threads took: 0.0001330 seconds
251.800: Application time: 0.0740390 seconds
251.800: [GC [PSYoungGen: 14336K->512K(15872K)] 34192K->20368K(51712K), 0.0005520 secs] [Times: user=0.00 sys=0.00, real=0.00 secs] 
251.801: Total time for which application threads were stopped: 0.0006900 seconds, Stopping threads took: 0.0000610 seconds
251.873: Application time: 0.0721800 seconds
251.873: [GC [PSYoungGen: 14336K->512K(15872K)] 34192K->20368K(51712K), 0.0004810 secs] [Times: user=0.00 sys=0.00, real=0.01 secs] 
251.874: Total time for which application threads were stopped: 0.0006170 seconds, Stopping threads took: 0.0000610 seconds
251.946: Application time: 0.0726270 seconds
251.946: [GC [PSYoungGen: 14336K->544K(15872K)] 34192K->20400K(51712K), 0.0005190 secs] [Times: user=0.00 sys=0.00, real=0.00 secs] 
251.947: Total time for which application threads were stopped: 0.0006510 seconds, Stopping threads took: 0.0000520 seconds
252.021: Application time: 0.0739200 seconds
252.021: [GC [PSYoungGen: 14368K->512K(15872K)] 34224K->20368K(51712K), 0.0005180 secs] [Times: user=0.01 sys=0.00, real=0.00 secs] 
252.021: Total time for which application threads were stopped: 0.0006640 seconds, Stopping threads took: 0.0000550 seconds
252.097: Application time: 0.0751350 seconds
252.097: [GC [PSYoungGen: 14336K->496K(15872K)] 34192K->20352K(51712K), 0.0005320 secs] [Times: user=0.00 sys=0.00, real=0.00 secs] 
252.097: Total time for which application threads were stopped: 0.0006770 seconds, Stopping threads took: 0.0000650 seconds
252.171: Application time: 0.0742840 seconds
252.172: [GC [PSYoungGen: 14320K->480K(15872K)] 34176K->20344K(51712K), 0.0005200 secs] [Times: user=0.00 sys=0.00, real=0.00 secs] 
252.172: Total time for which application threads were stopped: 0.0006560 seconds, Stopping threads took: 0.0000590 seconds
252.246: Application time: 0.0736210 seconds
252.246: [GC [PSYoungGen: 14304K->528K(15872K)] 34168K->20400K(51712K), 0.0005520 secs] [Times: user=0.01 sys=0.00, real=0.00 secs] 
252.246: Total time for which application threads were stopped: 0.0007100 seconds, Stopping threads took: 0.0000740 seconds
252.320: Application time: 0.0736200 seconds
252.320: [GC [PSYoungGen: 14352K->496K(15872K)] 34224K->20384K(51712K), 0.0005690 secs] [Times: user=0.01 sys=0.00, real=0.00 secs] 
252.321: Total time for which application threads were stopped: 0.0007060 seconds, Stopping threads took: 0.0000540 seconds
252.394: Application time: 0.0736880 seconds
252.395: [GC [PSYoungGen: 14320K->528K(15872K)] 34208K->20416K(51712K), 0.0006000 secs] [Times: user=0.00 sys=0.00, real=0.00 secs] 
252.395: Total time for which application threads were stopped: 0.0007620 seconds, Stopping threads took: 0.0000780 seconds
252.469: Application time: 0.0740580 seconds
252.469: [GC [PSYoungGen: 14352K->512K(15872K)] 34240K->20400K(51712K), 0.0005110 secs] [Times: user=0.01 sys=0.00, real=0.00 secs] 
252.470: Total time for which application threads were stopped: 0.0006620 seconds, Stopping threads took: 0.0000710 seconds
252.544: Application time: 0.0735970 seconds
252.544: [GC [PSYoungGen: 14336K->496K(15872K)] 34224K->20384K(51712K), 0.0005210 secs] [Times: user=0.00 sys=0.00, real=0.00 secs] 
252.544: Total time for which application threads were stopped: 0.0006590 seconds, Stopping threads took: 0.0000530 seconds
252.617: Application time: 0.0725710 seconds
252.617: [GC [PSYoungGen: 14320K->512K(15872K)] 34208K->20400K(51712K), 0.0005380 secs] [Times: user=0.00 sys=0.00, real=0.00 secs] 
252.617: Total time for which application threads were stopped: 0.0006800 seconds, Stopping threads took: 0.0000650 seconds
252.690: Application time: 0.0724070 seconds
252.690: [GC [PSYoungGen: 14336K->480K(15872K)] 34224K->20368K(51712K), 0.0005520 secs] [Times: user=0.00 sys=0.00, real=0.00 secs] 
252.691: Total time for which application threads were stopped: 0.0006860 seconds, Stopping threads took: 0.0000530 seconds
252.764: Application time: 0.0736920 seconds
252.765: [GC [PSYoungGen: 14304K->496K(15872K)] 34192K->20384K(51712K), 0.0005510 secs] [Times: user=0.00 sys=0.00, real=0.00 secs] 
252.766: Total time for which application threads were stopped: 0.0016850 seconds, Stopping threads took: 0.0010510 seconds
252.840: Application time: 0.0741000 seconds
252.840: [GC [PSYoungGen: 14320K->512K(15872K)] 34208K->20400K(51712K), 0.0004970 secs] [Times: user=0.00 sys=0.00, real=0.00 secs] 
252.841: Total time for which application threads were stopped: 0.0006360 seconds, Stopping threads took: 0.0000580 seconds
252.914: Application time: 0.0736190 seconds
252.914: [GC [PSYoungGen: 14336K->512K(15872K)] 34224K->20408K(51712K), 0.0005090 secs] [Times: user=0.00 sys=0.00, real=0.00 secs] 
252.915: Total time for which application threads were stopped: 0.0006390 seconds, Stopping threads took: 0.0000530 seconds
252.989: Application time: 0.0740220 seconds
252.989: [GC [PSYoungGen: 14336K->512K(15872K)] 34232K->20416K(51712K), 0.0005500 secs] [Times: user=0.00 sys=0.00, real=0.00 secs] 
252.990: Total time for which application threads were stopped: 0.0006760 seconds, Stopping threads took: 0.0000500 seconds
253.063: Application time: 0.0738030 seconds
253.064: [GC [PSYoungGen: 14336K->496K(15872K)] 34240K->20408K(51712K), 0.0005950 secs] [Times: user=0.00 sys=0.00, real=0.00 secs] 
253.064: Total time for which application threads were stopped: 0.0007470 seconds, Stopping threads took: 0.0000600 seconds
253.138: Application time: 0.0737880 seconds
253.138: [GC [PSYoungGen: 14320K->512K(15872K)] 34232K->20424K(51712K), 0.0005170 secs] [Times: user=0.00 sys=0.00, real=0.00 secs] 
253.139: Total time for which application threads were stopped: 0.0006490 seconds, Stopping threads took: 0.0000580 seconds
253.213: Application time: 0.0739380 seconds
253.213: [GC [PSYoungGen: 14336K->528K(15872K)] 34248K->20440K(51712K), 0.0005290 secs] [Times: user=0.00 sys=0.00, real=0.00 secs] 
253.213: Total time for which application threads were stopped: 0.0006670 seconds, Stopping threads took: 0.0000550 seconds
253.288: Application time: 0.0745640 seconds
253.288: [GC [PSYoungGen: 14352K->512K(15872K)] 34264K->20424K(51712K), 0.0005050 secs] [Times: user=0.00 sys=0.00, real=0.00 secs] 
253.288: Total time for which application threads were stopped: 0.0006460 seconds, Stopping threads took: 0.0000620 seconds
253.362: Application time: 0.0734030 seconds
253.362: [GC [PSYoungGen: 14336K->512K(15872K)] 34248K->20424K(51712K), 0.0006230 secs] [Times: user=0.00 sys=0.00, real=0.00 secs] 
253.364: Total time for which application threads were stopped: 0.0016730 seconds, Stopping threads took: 0.0000670 seconds
253.435: Application time: 0.0716480 seconds
253.435: [GC [PSYoungGen: 14336K->496K(15872K)] 34248K->20408K(51712K), 0.0005730 secs] [Times: user=0.00 sys=0.00, real=0.00 secs] 
253.436: Total time for which application threads were stopped: 0.0007090 seconds, Stopping threads took: 0.0000540 seconds
253.509: Application time: 0.0735340 seconds
253.510: [GC [PSYoungGen: 14320K->496K(15872K)] 34232K->20408K(51712K), 0.0005190 secs] [Times: user=0.00 sys=0.00, real=0.00 secs] 
253.510: Total time for which application threads were stopped: 0.0006830 seconds, Stopping threads took: 0.0000780 seconds
253.584: Application time: 0.0741900 seconds
253.584: [GC [PSYoungGen: 14320K->512K(15872K)] 34232K->20424K(51712K), 0.0005080 secs] [Times: user=0.01 sys=0.00, real=0.00 secs] 
253.585: Total time for which application threads were stopped: 0.0006540 seconds, Stopping threads took: 0.0000600 seconds
253.659: Application time: 0.0739620 seconds
253.659: [GC [PSYoungGen: 14336K->512K(15872K)] 34248K->20432K(51712K), 0.0005230 secs] [Times: user=0.00 sys=0.00, real=0.00 secs] 
253.660: Total time for which application threads were stopped: 0.0006660 seconds, Stopping threads took: 0.0000630 seconds
253.733: Application time: 0.0737930 seconds
253.734: [GC [PSYoungGen: 14336K->496K(15872K)] 34256K->20424K(51712K), 0.0005220 secs] [Times: user=0.00 sys=0.00, real=0.00 secs] 
253.734: Total time for which application threads were stopped: 0.0006670 seconds, Stopping threads took: 0.0000660 seconds
253.808: Application time: 0.0735150 seconds
253.808: [GC [PSYoungGen: 14320K->496K(15872K)] 34248K->20432K(51712K), 0.0005050 secs] [Times: user=0.00 sys=0.00, real=0.00 secs] 
253.808: Total time for which application threads were stopped: 0.0006360 seconds, Stopping threads took: 0.0000550 seconds
253.882: Application time: 0.0741610 seconds
253.882: [GC [PSYoungGen: 14320K->496K(15872K)] 34256K->20440K(51712K), 0.0005120 secs] [Times: user=0.00 sys=0.00, real=0.00 secs] 
253.883: Total time for which application threads were stopped: 0.0006400 seconds, Stopping threads took: 0.0000510 seconds
253.957: Application time: 0.0741240 seconds
253.957: [GC [PSYoungGen: 14320K->480K(15872K)] 34264K->20424K(51712K), 0.0005650 secs] [Times: user=0.00 sys=0.00, real=0.00 secs] 
253.958: Total time for which application threads were stopped: 0.0007100 seconds, Stopping threads took: 0.0000650 seconds
254.031: Application time: 0.0736260 seconds
254.032: [GC [PSYoungGen: 14304K->448K(15872K)] 34248K->20392K(51712K), 0.0005170 secs] [Times: user=0.00 sys=0.00, real=0.00 secs] 
254.032: Total time for which application threads were stopped: 0.0006610 seconds, Stopping threads took: 0.0000700 seconds
254.106: Application time: 0.0735280 seconds
254.106: [GC [PSYoungGen: 14269K->464K(15872K)] 34214K->20408K(51712K), 0.0005300 secs] [Times: user=0.00 sys=0.00, real=0.00 secs] 
254.106: Total time for which application threads were stopped: 0.0006740 seconds, Stopping threads took: 0.0000550 seconds
254.178: Application time: 0.0712090 seconds
254.178: [GC [PSYoungGen: 14288K->528K(15872K)] 34232K->20472K(51712K), 0.0005340 secs] [Times: user=0.00 sys=0.00, real=0.00 secs] 
254.178: Total time for which application threads were stopped: 0.0006610 seconds, Stopping threads took: 0.0000520 seconds
254.252: Application time: 0.0741440 seconds
254.252: [GC [PSYoungGen: 14352K->512K(15872K)] 34296K->20456K(51712K), 0.0005150 secs] [Times: user=0.00 sys=0.00, real=0.00 secs] 
254.253: Total time for which application threads were stopped: 0.0006490 seconds, Stopping threads took: 0.0000540 seconds
254.327: Application time: 0.0735200 seconds
254.327: [GC [PSYoungGen: 14336K->512K(15872K)] 34280K->20456K(51712K), 0.0005120 secs] [Times: user=0.01 sys=0.00, real=0.00 secs] 
254.327: Total time for which application threads were stopped: 0.0006640 seconds, Stopping threads took: 0.0000740 seconds
254.401: Application time: 0.0741830 seconds
254.402: [GC [PSYoungGen: 14336K->512K(15872K)] 34280K->20472K(51712K), 0.0005560 secs] [Times: user=0.00 sys=0.00, real=0.00 secs] 
254.402: Total time for which application threads were stopped: 0.0006990 seconds, Stopping threads took: 0.0000600 seconds
254.476: Application time: 0.0742870 seconds
254.476: [GC [PSYoungGen: 14336K->496K(15872K)] 34296K->20464K(51712K), 0.0005110 secs] [Times: user=0.00 sys=0.00, real=0.00 secs] 
254.477: Total time for which application threads were stopped: 0.0006470 seconds, Stopping threads took: 0.0000530 seconds
254.550: Application time: 0.0733680 seconds
254.551: [GC [PSYoungGen: 14320K->528K(15872K)] 34288K->20504K(51712K), 0.0005280 secs] [Times: user=0.00 sys=0.00, real=0.00 secs] 
254.551: Total time for which application threads were stopped: 0.0006580 seconds, Stopping threads took: 0.0000540 seconds
254.625: Application time: 0.0741700 seconds
254.625: [GC [PSYoungGen: 14352K->496K(15872K)] 34328K->20480K(51712K), 0.0005030 secs] [Times: user=0.00 sys=0.00, real=0.00 secs] 
254.626: Total time for which application threads were stopped: 0.0006510 seconds, Stopping threads took: 0.0000570 seconds
254.700: Application time: 0.0740080 seconds
254.700: [GC [PSYoungGen: 14320K->528K(15872K)] 34304K->20512K(51712K), 0.0005070 secs] [Times: user=0.00 sys=0.00, real=0.00 secs] 
254.701: Total time for which application threads were stopped: 0.0006490 seconds, Stopping threads took: 0.0000650 seconds
254.776: Application time: 0.0752210 seconds
254.776: [GC [PSYoungGen: 14352K->512K(15872K)] 34336K->20496K(51712K), 0.0005310 secs] [Times: user=0.01 sys=0.00, real=0.00 secs] 
254.776: Total time for which application threads were stopped: 0.0006650 seconds, Stopping threads took: 0.0000610 seconds
254.850: Application time: 0.0733370 seconds
254.850: [GC [PSYoungGen: 14336K->512K(15872K)] 34320K->20496K(51712K), 0.0005160 secs] [Times: user=0.01 sys=0.00, real=0.00 secs] 
254.850: Total time for which application threads were stopped: 0.0006520 seconds, Stopping threads took: 0.0000610 seconds
254.922: Application time: 0.0715550 seconds
254.922: [GC [PSYoungGen: 14336K->496K(15872K)] 34320K->20480K(51712K), 0.0004930 secs] [Times: user=0.00 sys=0.00, real=0.00 secs] 
254.923: Total time for which application threads were stopped: 0.0006410 seconds, Stopping threads took: 0.0000700 seconds
254.996: Application time: 0.0729490 seconds
254.996: [GC [PSYoungGen: 14320K->512K(15872K)] 34304K->20496K(51712K), 0.0006110 secs] [Times: user=0.00 sys=0.00, real=0.00 secs] 
254.996: Total time for which application threads were stopped: 0.0007540 seconds, Stopping threads took: 0.0000620 seconds
255.070: Application time: 0.0740700 seconds
255.071: [GC [PSYoungGen: 14336K->480K(15872K)] 34320K->20464K(51712K), 0.0005000 secs] [Times: user=0.00 sys=0.00, real=0.00 secs] 
255.071: Total time for which application threads were stopped: 0.0006470 seconds, Stopping threads took: 0.0000610 seconds
255.145: Application time: 0.0735410 seconds
255.145: [GC [PSYoungGen: 14304K->512K(15872K)] 34288K->20496K(51712K), 0.0005240 secs] [Times: user=0.00 sys=0.00, real=0.00 secs] 
255.145: Total time for which application threads were stopped: 0.0006660 seconds, Stopping threads took: 0.0000540 seconds
255.220: Application time: 0.0742700 seconds
255.220: [GC [PSYoungGen: 14336K->496K(15872K)] 34320K->20512K(51712K), 0.0005450 secs] [Times: user=0.00 sys=0.00, real=0.00 secs] 
255.220: Total time for which application threads were stopped: 0.0006840 seconds, Stopping threads took: 0.0000600 seconds
255.294: Application time: 0.0739950 seconds
255.294: [GC [PSYoungGen: 14320K->512K(15872K)] 34336K->20568K(51712K), 0.0005550 secs] [Times: user=0.00 sys=0.00, real=0.00 secs] 
255.295: Total time for which application threads were stopped: 0.0006930 seconds, Stopping threads took: 0.0000580 seconds
255.369: Application time: 0.0737370 seconds
255.369: [GC [PSYoungGen: 14336K->544K(15872K)] 34392K->20616K(51712K), 0.0005920 secs] [Times: user=0.00 sys=0.00, real=0.00 secs] 
255.369: Total time for which application threads were stopped: 0.0007240 seconds, Stopping threads took: 0.0000560 seconds
255.443: Application time: 0.0737260 seconds
255.443: [GC [PSYoungGen: 14368K->512K(15872K)] 34440K->20584K(51712K), 0.0005140 secs] [Times: user=0.00 sys=0.00, real=0.00 secs] 
255.444: Total time for which application threads were stopped: 0.0006480 seconds, Stopping threads took: 0.0000560 seconds
255.518: Application time: 0.0743910 seconds
255.518: [GC [PSYoungGen: 14336K->512K(15872K)] 34408K->20584K(51712K), 0.0005000 secs] [Times: user=0.00 sys=0.00, real=0.00 secs] 
255.519: Total time for which application threads were stopped: 0.0006390 seconds, Stopping threads took: 0.0000630 seconds
255.592: Application time: 0.0733030 seconds
255.592: [GC [PSYoungGen: 14336K->480K(15872K)] 34408K->20552K(51712K), 0.0005070 secs] [Times: user=0.00 sys=0.00, real=0.00 secs] 
255.593: Total time for which application threads were stopped: 0.0006440 seconds, Stopping threads took: 0.0000570 seconds
255.665: Application time: 0.0720960 seconds
255.665: [GC [PSYoungGen: 14304K->528K(15872K)] 34376K->20600K(51712K), 0.0005350 secs] [Times: user=0.00 sys=0.00, real=0.01 secs] 
255.666: Total time for which application threads were stopped: 0.0006750 seconds, Stopping threads took: 0.0000530 seconds
255.738: Application time: 0.0722370 seconds
255.738: [GC [PSYoungGen: 14352K->496K(15872K)] 34424K->20568K(51712K), 0.0005140 secs] [Times: user=0.00 sys=0.00, real=0.00 secs] 
255.738: Total time for which application threads were stopped: 0.0006530 seconds, Stopping threads took: 0.0000510 seconds
255.813: Application time: 0.0742060 seconds
255.813: [GC [PSYoungGen: 14320K->480K(15872K)] 34392K->20552K(51712K), 0.0005210 secs] [Times: user=0.00 sys=0.00, real=0.00 secs] 
255.813: Total time for which application threads were stopped: 0.0006580 seconds, Stopping threads took: 0.0000600 seconds
255.887: Application time: 0.0739650 seconds
255.887: [GC [PSYoungGen: 14304K->480K(15872K)] 34376K->20552K(51712K), 0.0005830 secs] [Times: user=0.00 sys=0.00, real=0.00 secs] 
255.888: Total time for which application threads were stopped: 0.0007180 seconds, Stopping threads took: 0.0000600 seconds
255.962: Application time: 0.0737900 seconds
255.962: [GC [PSYoungGen: 14304K->480K(15872K)] 34376K->20560K(51712K), 0.0005920 secs] [Times: user=0.00 sys=0.00, real=0.00 secs] 
255.962: Total time for which application threads were stopped: 0.0007200 seconds, Stopping threads took: 0.0000510 seconds
256.036: Application time: 0.0737310 seconds
256.036: [GC [PSYoungGen: 14304K->528K(15872K)] 34384K->20616K(51712K), 0.0004970 secs] [Times: user=0.01 sys=0.00, real=0.00 secs] 
256.037: Total time for which application threads were stopped: 0.0006390 seconds, Stopping threads took: 0.0000600 seconds
256.110: Application time: 0.0735090 seconds
256.113: [GC [PSYoungGen: 14352K->512K(15872K)] 34440K->20608K(51712K), 0.0005510 secs] [Times: user=0.00 sys=0.00, real=0.00 secs] 
256.114: Total time for which application threads were stopped: 0.0035950 seconds, Stopping threads took: 0.0029640 seconds
256.188: Application time: 0.0742550 seconds
256.188: [GC [PSYoungGen: 14336K->512K(15872K)] 34432K->20608K(51712K), 0.0005200 secs] [Times: user=0.00 sys=0.00, real=0.00 secs] 
256.189: Total time for which application threads were stopped: 0.0006840 seconds, Stopping threads took: 0.0000750 seconds
256.264: Application time: 0.0748850 seconds
256.264: [GC [PSYoungGen: 14336K->496K(15872K)] 34432K->20592K(51712K), 0.0004800 secs] [Times: user=0.00 sys=0.00, real=0.00 secs] 
256.264: Total time for which application threads were stopped: 0.0006110 seconds, Stopping threads took: 0.0000610 seconds
256.338: Application time: 0.0736990 seconds
256.338: [GC [PSYoungGen: 14320K->496K(15872K)] 34416K->20592K(51712K), 0.0005140 secs] [Times: user=0.00 sys=0.00, real=0.00 secs] 
256.339: Total time for which application threads were stopped: 0.0006490 seconds, Stopping threads took: 0.0000560 seconds
256.412: Application time: 0.0730010 seconds
256.412: [GC [PSYoungGen: 14320K->528K(15872K)] 34416K->20624K(51712K), 0.0005120 secs] [Times: user=0.00 sys=0.00, real=0.00 secs] 
256.412: Total time for which application threads were stopped: 0.0006600 seconds, Stopping threads took: 0.0000700 seconds
256.485: Application time: 0.0721930 seconds
256.485: [GC [PSYoungGen: 14352K->528K(15872K)] 34448K->20624K(51712K), 0.0005480 secs] [Times: user=0.00 sys=0.00, real=0.00 secs] 
256.485: Total time for which application threads were stopped: 0.0006940 seconds, Stopping threads took: 0.0000600 seconds
256.559: Application time: 0.0733120 seconds
256.559: [GC [PSYoungGen: 14352K->480K(15872K)] 34448K->20576K(51712K), 0.0005220 secs] [Times: user=0.00 sys=0.00, real=0.00 secs] 
256.559: Total time for which application threads were stopped: 0.0006530 seconds, Stopping threads took: 0.0000510 seconds
256.633: Application time: 0.0738400 seconds
256.633: [GC [PSYoungGen: 14304K->512K(15872K)] 34400K->20608K(51712K), 0.0005250 secs] [Times: user=0.00 sys=0.00, real=0.01 secs] 
256.634: Total time for which application threads were stopped: 0.0006860 seconds, Stopping threads took: 0.0000760 seconds
256.708: Application time: 0.0737760 seconds
256.708: [GC [PSYoungGen: 14336K->464K(15872K)] 34432K->20568K(51712K), 0.0005450 secs] [Times: user=0.00 sys=0.00, real=0.00 secs] 
256.708: Total time for which application threads were stopped: 0.0006900 seconds, Stopping threads took: 0.0000590 seconds
256.783: Application time: 0.0743390 seconds
256.783: [GC [PSYoungGen: 14288K->512K(15872K)] 34392K->20624K(51712K), 0.0005050 secs] [Times: user=0.00 sys=0.00, real=0.00 secs] 
256.783: Total time for which application threads were stopped: 0.0006380 seconds, Stopping threads took: 0.0000570 seconds
256.856: Application time: 0.0731800 seconds
256.857: [GC [PSYoungGen: 14336K->528K(15872K)] 34448K->20648K(51712K), 0.0005170 secs] [Times: user=0.01 sys=0.00, real=0.00 secs] 
256.857: Total time for which application threads were stopped: 0.0006540 seconds, Stopping threads took: 0.0000540 seconds
256.931: Application time: 0.0738690 seconds
256.931: [GC [PSYoungGen: 14352K->512K(15872K)] 34472K->20632K(51712K), 0.0005170 secs] [Times: user=0.00 sys=0.00, real=0.00 secs] 
256.932: Total time for which application threads were stopped: 0.0006830 seconds, Stopping threads took: 0.0000860 seconds
257.006: Application time: 0.0744070 seconds
257.006: [GC [PSYoungGen: 14336K->512K(15872K)] 34456K->20632K(51712K), 0.0005530 secs] [Times: user=0.00 sys=0.00, real=0.00 secs] 
257.007: Total time for which application threads were stopped: 0.0006880 seconds, Stopping threads took: 0.0000590 seconds
257.080: Application time: 0.0736400 seconds
257.080: [GC [PSYoungGen: 14336K->528K(15872K)] 34456K->20648K(51712K), 0.0005360 secs] [Times: user=0.00 sys=0.00, real=0.00 secs] 
257.081: Total time for which application threads were stopped: 0.0006650 seconds, Stopping threads took: 0.0000530 seconds
257.154: Application time: 0.0732160 seconds
257.154: [GC [PSYoungGen: 14352K->544K(15872K)] 34472K->20664K(51712K), 0.0005720 secs] [Times: user=0.01 sys=0.00, real=0.00 secs] 
257.155: Total time for which application threads were stopped: 0.0007090 seconds, Stopping threads took: 0.0000570 seconds
257.227: Application time: 0.0715410 seconds
257.227: [GC [PSYoungGen: 14368K->496K(15872K)] 34488K->20616K(51712K), 0.0005280 secs] [Times: user=0.00 sys=0.00, real=0.00 secs] 
257.227: Total time for which application threads were stopped: 0.0006700 seconds, Stopping threads took: 0.0000550 seconds
257.301: Application time: 0.0738190 seconds
257.301: [GC [PSYoungGen: 14320K->496K(15872K)] 34440K->20616K(51712K), 0.0006070 secs] [Times: user=0.00 sys=0.01, real=0.00 secs] 
257.302: Total time for which application threads were stopped: 0.0007390 seconds, Stopping threads took: 0.0000570 seconds
257.376: Application time: 0.0741410 seconds
257.376: [GC [PSYoungGen: 14320K->512K(15872K)] 34440K->20632K(51712K), 0.0005280 secs] [Times: user=0.00 sys=0.00, real=0.00 secs] 
257.377: Total time for which application threads were stopped: 0.0006730 seconds, Stopping threads took: 0.0000640 seconds
257.451: Application time: 0.0741020 seconds
257.451: [GC [PSYoungGen: 14336K->496K(15872K)] 34456K->20624K(51712K), 0.0005120 secs] [Times: user=0.00 sys=0.00, real=0.00 secs] 
257.451: Total time for which application threads were stopped: 0.0006500 seconds, Stopping threads took: 0.0000600 seconds
257.525: Application time: 0.0736180 seconds
257.525: [GC [PSYoungGen: 14320K->496K(15872K)] 34448K->20632K(51712K), 0.0005160 secs] [Times: user=0.00 sys=0.00, real=0.01 secs] 
257.526: Total time for which application threads were stopped: 0.0006500 seconds, Stopping threads took: 0.0000540 seconds
257.599: Application time: 0.0731950 seconds
257.599: [GC [PSYoungGen: 14320K->512K(15872K)] 34456K->20656K(51712K), 0.0005270 secs] [Times: user=0.00 sys=0.00, real=0.00 secs] 
257.599: Total time for which application threads were stopped: 0.0006810 seconds, Stopping threads took: 0.0000770 seconds
257.673: Application time: 0.0740170 seconds
257.674: [GC [PSYoungGen: 14336K->480K(15872K)] 34480K->20632K(51712K), 0.0005120 secs] [Times: user=0.00 sys=0.00, real=0.00 secs] 
257.674: Total time for which application threads were stopped: 0.0006460 seconds, Stopping threads took: 0.0000560 seconds
257.748: Application time: 0.0742620 seconds
257.749: [GC [PSYoungGen: 14304K->496K(15872K)] 34456K->20648K(51712K), 0.0005090 secs] [Times: user=0.01 sys=0.00, real=0.00 secs] 
257.749: Total time for which application threads were stopped: 0.0006530 seconds, Stopping threads took: 0.0000540 seconds
257.824: Application time: 0.0748700 seconds
257.824: [GC [PSYoungGen: 14320K->496K(15872K)] 34472K->20648K(51712K), 0.0005140 secs] [Times: user=0.01 sys=0.00, real=0.00 secs] 
257.825: Total time for which application threads were stopped: 0.0006530 seconds, Stopping threads took: 0.0000590 seconds
257.898: Application time: 0.0737970 seconds
257.899: [GC [PSYoungGen: 14320K->480K(15872K)] 34472K->20632K(51712K), 0.0005220 secs] [Times: user=0.01 sys=0.00, real=0.00 secs] 
257.899: Total time for which application threads were stopped: 0.0006700 seconds, Stopping threads took: 0.0000720 seconds
257.971: Application time: 0.0716560 seconds
257.971: [GC [PSYoungGen: 14304K->480K(15872K)] 34456K->20632K(51712K), 0.0005360 secs] [Times: user=0.00 sys=0.00, real=0.00 secs] 
257.971: Total time for which application threads were stopped: 0.0006740 seconds, Stopping threads took: 0.0000620 seconds
258.045: Application time: 0.0732030 seconds
258.045: [GC [PSYoungGen: 14304K->496K(15872K)] 34456K->20648K(51712K), 0.0005650 secs] [Times: user=0.00 sys=0.00, real=0.00 secs] 
258.045: Total time for which application threads were stopped: 0.0007080 seconds, Stopping threads took: 0.0000640 seconds
258.120: Application time: 0.0744460 seconds
258.120: [GC [PSYoungGen: 14320K->448K(15872K)] 34472K->20600K(51712K), 0.0005190 secs] [Times: user=0.00 sys=0.00, real=0.00 secs] 
258.120: Total time for which application threads were stopped: 0.0006630 seconds, Stopping threads took: 0.0000580 seconds
258.194: Application time: 0.0738840 seconds
258.194: [GC [PSYoungGen: 14272K->528K(15872K)] 34424K->20688K(51712K), 0.0005350 secs] [Times: user=0.00 sys=0.00, real=0.00 secs] 
258.195: Total time for which application threads were stopped: 0.0006700 seconds, Stopping threads took: 0.0000570 seconds
258.269: Application time: 0.0742330 seconds
258.269: [GC [PSYoungGen: 14352K->528K(15872K)] 34512K->20696K(51712K), 0.0005110 secs] [Times: user=0.00 sys=0.00, real=0.00 secs] 
258.270: Total time for which application threads were stopped: 0.0006640 seconds, Stopping threads took: 0.0000620 seconds
258.343: Application time: 0.0734110 seconds
258.343: [GC [PSYoungGen: 14352K->496K(15872K)] 34520K->20672K(51712K), 0.0005100 secs] [Times: user=0.00 sys=0.00, real=0.00 secs] 
258.344: Total time for which application threads were stopped: 0.0006430 seconds, Stopping threads took: 0.0000540 seconds
258.418: Application time: 0.0741960 seconds
258.418: [GC [PSYoungGen: 14320K->496K(15872K)] 34496K->20680K(51712K), 0.0005530 secs] [Times: user=0.00 sys=0.00, real=0.00 secs] 
258.420: Total time for which application threads were stopped: 0.0016840 seconds, Stopping threads took: 0.0000620 seconds
258.494: Application time: 0.0741570 seconds
258.494: [GC [PSYoungGen: 14320K->512K(15872K)] 34504K->20696K(51712K), 0.0006260 secs] [Times: user=0.00 sys=0.00, real=0.00 secs] 
258.495: Total time for which application threads were stopped: 0.0007790 seconds, Stopping threads took: 0.0000730 seconds
258.569: Application time: 0.0739720 seconds
258.569: [GC [PSYoungGen: 14336K->512K(15872K)] 34520K->20696K(51712K), 0.0005220 secs] [Times: user=0.00 sys=0.00, real=0.00 secs] 
258.569: Total time for which application threads were stopped: 0.0006560 seconds, Stopping threads took: 0.0000570 seconds
258.643: Application time: 0.0736370 seconds
258.643: [GC [PSYoungGen: 14336K->496K(15872K)] 34520K->20680K(51712K), 0.0005110 secs] [Times: user=0.00 sys=0.00, real=0.00 secs] 
258.644: Total time for which application threads were stopped: 0.0006560 seconds, Stopping threads took: 0.0000690 seconds
258.715: Application time: 0.0708420 seconds
258.715: [GC [PSYoungGen: 14320K->512K(15872K)] 34504K->20696K(51712K), 0.0005310 secs] [Times: user=0.00 sys=0.00, real=0.00 secs] 
258.715: Total time for which application threads were stopped: 0.0006720 seconds, Stopping threads took: 0.0000610 seconds
258.789: Application time: 0.0736300 seconds
258.789: [GC [PSYoungGen: 14336K->448K(15872K)] 34520K->20632K(51712K), 0.0005340 secs] [Times: user=0.00 sys=0.00, real=0.00 secs] 
258.790: Total time for which application threads were stopped: 0.0006830 seconds, Stopping threads took: 0.0000620 seconds
258.864: Application time: 0.0744380 seconds
258.864: [GC [PSYoungGen: 14272K->496K(15872K)] 34456K->20680K(51712K), 0.0005100 secs] [Times: user=0.00 sys=0.01, real=0.00 secs] 
258.865: Total time for which application threads were stopped: 0.0006330 seconds, Stopping threads took: 0.0000470 seconds
258.938: Application time: 0.0739080 seconds
258.939: [GC [PSYoungGen: 14320K->496K(15872K)] 34504K->20688K(51712K), 0.0005210 secs] [Times: user=0.00 sys=0.00, real=0.00 secs] 
258.939: Total time for which application threads were stopped: 0.0006530 seconds, Stopping threads took: 0.0000580 seconds
259.013: Application time: 0.0738520 seconds
259.013: [GC [PSYoungGen: 14320K->496K(15872K)] 34512K->20696K(51712K), 0.0005200 secs] [Times: user=0.00 sys=0.00, real=0.01 secs] 
259.014: Total time for which application threads were stopped: 0.0006560 seconds, Stopping threads took: 0.0000590 seconds
259.087: Application time: 0.0736460 seconds
259.087: [GC [PSYoungGen: 14320K->448K(15872K)] 34520K->20656K(51712K), 0.0005680 secs] [Times: user=0.00 sys=0.00, real=0.00 secs] 
259.088: Total time for which application threads were stopped: 0.0007050 seconds, Stopping threads took: 0.0000540 seconds
259.162: Application time: 0.0738280 seconds
259.162: [GC [PSYoungGen: 14272K->448K(15872K)] 34480K->20664K(51712K), 0.0005880 secs] [Times: user=0.00 sys=0.00, real=0.00 secs] 
259.163: Total time for which application threads were stopped: 0.0007160 seconds, Stopping threads took: 0.0000490 seconds
259.236: Application time: 0.0737390 seconds
259.236: [GC [PSYoungGen: 14272K->464K(15872K)] 34488K->20680K(51712K), 0.0005200 secs] [Times: user=0.00 sys=0.00, real=0.00 secs] 
259.237: Total time for which application threads were stopped: 0.0006580 seconds, Stopping threads took: 0.0000630 seconds
259.313: Application time: 0.0756130 seconds
259.313: [GC [PSYoungGen: 14288K->544K(15872K)] 34504K->20760K(51712K), 0.0004900 secs] [Times: user=0.00 sys=0.00, real=0.00 secs] 
259.313: Total time for which application threads were stopped: 0.0006220 seconds, Stopping threads took: 0.0000480 seconds
259.387: Application time: 0.0738170 seconds
259.387: [GC [PSYoungGen: 14368K->480K(15872K)] 34584K->20696K(51712K), 0.0005030 secs] [Times: user=0.00 sys=0.00, real=0.00 secs] 
259.388: Total time for which application threads were stopped: 0.0006310 seconds, Stopping threads took: 0.0000510 seconds
259.460: Application time: 0.0721000 seconds
259.460: [GC [PSYoungGen: 14304K->480K(15872K)] 34520K->20696K(51712K), 0.0005370 secs] [Times: user=0.00 sys=0.00, real=0.00 secs] 
259.460: Total time for which application threads were stopped: 0.0006750 seconds, Stopping threads took: 0.0000600 seconds
259.533: Application time: 0.0725420 seconds
259.533: [GC [PSYoungGen: 14304K->464K(15872K)] 34520K->20680K(51712K), 0.0005000 secs] [Times: user=0.01 sys=0.00, real=0.01 secs] 
259.534: Total time for which application threads were stopped: 0.0006440 seconds, Stopping threads took: 0.0000620 seconds
259.608: Application time: 0.0740540 seconds
259.608: [GC [PSYoungGen: 14288K->512K(15872K)] 34504K->20728K(51712K), 0.0005580 secs] [Times: user=0.00 sys=0.00, real=0.00 secs] 
259.608: Total time for which application threads were stopped: 0.0006960 seconds, Stopping threads took: 0.0000620 seconds
259.683: Application time: 0.0744210 seconds
259.683: [GC [PSYoungGen: 14336K->464K(15872K)] 34552K->20680K(51712K), 0.0005210 secs] [Times: user=0.00 sys=0.00, real=0.00 secs] 
259.683: Total time for which application threads were stopped: 0.0006530 seconds, Stopping threads took: 0.0000540 seconds
259.758: Application time: 0.0741500 seconds
259.758: [GC [PSYoungGen: 14288K->528K(15872K)] 34504K->20752K(51712K), 0.0005720 secs] [Times: user=0.01 sys=0.00, real=0.00 secs] 
259.758: Total time for which application threads were stopped: 0.0007160 seconds, Stopping threads took: 0.0000610 seconds
259.832: Application time: 0.0735260 seconds
259.832: [GC [PSYoungGen: 14352K->512K(15872K)] 34576K->20744K(51712K), 0.0005300 secs] [Times: user=0.00 sys=0.00, real=0.00 secs] 
259.833: Total time for which application threads were stopped: 0.0006790 seconds, Stopping threads took: 0.0000640 seconds
259.906: Application time: 0.0734010 seconds
259.906: [GC [PSYoungGen: 14336K->496K(15872K)] 34568K->20736K(51712K), 0.0005120 secs] [Times: user=0.00 sys=0.00, real=0.00 secs] 
259.907: Total time for which application threads were stopped: 0.0006590 seconds, Stopping threads took: 0.0000670 seconds
259.981: Application time: 0.0748540 seconds
259.982: [GC [PSYoungGen: 14320K->528K(15872K)] 34560K->20768K(51712K), 0.0005530 secs] [Times: user=0.00 sys=0.00, real=0.00 secs] 
259.982: Total time for which application threads were stopped: 0.0006850 seconds, Stopping threads took: 0.0000520 seconds
260.056: Application time: 0.0738930 seconds
260.056: [GC [PSYoungGen: 14352K->496K(15872K)] 34592K->20736K(51712K), 0.0005210 secs] [Times: user=0.00 sys=0.00, real=0.00 secs] 
260.057: Total time for which application threads were stopped: 0.0006710 seconds, Stopping threads took: 0.0000680 seconds
260.130: Application time: 0.0735510 seconds
260.130: [GC [PSYoungGen: 14320K->512K(15872K)] 34560K->20752K(51712K), 0.0005730 secs] [Times: user=0.00 sys=0.00, real=0.00 secs] 
260.131: Total time for which application threads were stopped: 0.0007170 seconds, Stopping threads took: 0.0000560 seconds
260.204: Application time: 0.0725400 seconds
260.204: [GC [PSYoungGen: 14336K->496K(15872K)] 34576K->20736K(51712K), 0.0005170 secs] [Times: user=0.00 sys=0.00, real=0.00 secs] 
260.204: Total time for which application threads were stopped: 0.0006600 seconds, Stopping threads took: 0.0000650 seconds
260.277: Application time: 0.0726710 seconds
260.277: [GC [PSYoungGen: 14320K->496K(15872K)] 34560K->20736K(51712K), 0.0005050 secs] [Times: user=0.00 sys=0.00, real=0.00 secs] 
260.277: Total time for which application threads were stopped: 0.0006370 seconds, Stopping threads took: 0.0000590 seconds
260.351: Application time: 0.0736820 seconds
260.351: [GC [PSYoungGen: 14320K->512K(15872K)] 34560K->20752K(51712K), 0.0005100 secs] [Times: user=0.00 sys=0.00, real=0.00 secs] 
260.352: Total time for which application threads were stopped: 0.0006530 seconds, Stopping threads took: 0.0000570 seconds
260.426: Application time: 0.0737360 seconds
260.426: [GC [PSYoungGen: 14336K->544K(15872K)] 34576K->20784K(51712K), 0.0005310 secs] [Times: user=0.00 sys=0.00, real=0.00 secs] 
260.426: Total time for which application threads were stopped: 0.0006690 seconds, Stopping threads took: 0.0000610 seconds
260.500: Application time: 0.0737770 seconds
260.500: [GC [PSYoungGen: 14368K->512K(15872K)] 34608K->20760K(51712K), 0.0006210 secs] [Times: user=0.00 sys=0.00, real=0.00 secs] 
260.501: Total time for which application threads were stopped: 0.0007620 seconds, Stopping threads took: 0.0000600 seconds
260.574: Application time: 0.0735550 seconds
260.574: [GC [PSYoungGen: 14336K->528K(15872K)] 34584K->20784K(51712K), 0.0004950 secs] [Times: user=0.00 sys=0.00, real=0.00 secs] 
260.575: Total time for which application threads were stopped: 0.0006270 seconds, Stopping threads took: 0.0000540 seconds
260.649: Application time: 0.0738950 seconds
260.649: [GC [PSYoungGen: 14352K->496K(15872K)] 34608K->20768K(51712K), 0.0005530 secs] [Times: user=0.00 sys=0.00, real=0.00 secs] 
260.650: Total time for which application threads were stopped: 0.0006910 seconds, Stopping threads took: 0.0000570 seconds
260.724: Application time: 0.0740040 seconds
260.724: [GC [PSYoungGen: 14320K->512K(15872K)] 34592K->20784K(51712K), 0.0005140 secs] [Times: user=0.00 sys=0.00, real=0.00 secs] 
260.724: Total time for which application threads were stopped: 0.0006420 seconds, Stopping threads took: 0.0000510 seconds
260.799: Application time: 0.0750840 seconds
260.799: [GC [PSYoungGen: 14336K->528K(15872K)] 34608K->20800K(51712K), 0.0005800 secs] [Times: user=0.00 sys=0.00, real=0.00 secs] 
260.800: Total time for which application threads were stopped: 0.0007170 seconds, Stopping threads took: 0.0000630 seconds
260.873: Application time: 0.0732660 seconds
260.873: [GC [PSYoungGen: 14352K->496K(15872K)] 34624K->20768K(51712K), 0.0005040 secs] [Times: user=0.00 sys=0.00, real=0.00 secs] 
260.874: Total time for which application threads were stopped: 0.0006670 seconds, Stopping threads took: 0.0000700 seconds
260.947: Application time: 0.0734290 seconds
260.947: [GC [PSYoungGen: 14320K->496K(15872K)] 34592K->20768K(51712K), 0.0004970 secs] [Times: user=0.00 sys=0.00, real=0.00 secs] 
260.948: Total time for which application threads were stopped: 0.0006220 seconds, Stopping threads took: 0.0000490 seconds
261.019: Application time: 0.0714110 seconds
261.021: [GC [PSYoungGen: 14320K->464K(15872K)] 34592K->20736K(51712K), 0.0005380 secs] [Times: user=0.00 sys=0.00, real=0.00 secs] 
261.022: Total time for which application threads were stopped: 0.0025470 seconds, Stopping threads took: 0.0019310 seconds
261.096: Application time: 0.0735580 seconds
261.096: [GC [PSYoungGen: 14288K->528K(15872K)] 34560K->20800K(51712K), 0.0005290 secs] [Times: user=0.01 sys=0.00, real=0.00 secs] 
261.096: Total time for which application threads were stopped: 0.0006630 seconds, Stopping threads took: 0.0000560 seconds
261.170: Application time: 0.0738370 seconds
261.170: [GC [PSYoungGen: 14352K->560K(15872K)] 34624K->20832K(51712K), 0.0005740 secs] [Times: user=0.00 sys=0.00, real=0.00 secs] 
261.171: Total time for which application threads were stopped: 0.0007120 seconds, Stopping threads took: 0.0000590 seconds
261.245: Application time: 0.0742720 seconds
261.245: [GC [PSYoungGen: 14384K->512K(15872K)] 34656K->20792K(51712K), 0.0005460 secs] [Times: user=0.00 sys=0.00, real=0.01 secs] 
261.246: Total time for which application threads were stopped: 0.0006780 seconds, Stopping threads took: 0.0000510 seconds
261.320: Application time: 0.0743910 seconds
261.320: [GC [PSYoungGen: 14336K->560K(15872K)] 34616K->20848K(51712K), 0.0005260 secs] [Times: user=0.00 sys=0.00, real=0.00 secs] 
261.321: Total time for which application threads were stopped: 0.0006630 seconds, Stopping threads took: 0.0000580 seconds
261.394: Application time: 0.0733270 seconds
261.394: [GC [PSYoungGen: 14384K->464K(15872K)] 34672K->20760K(51712K), 0.0005290 secs] [Times: user=0.00 sys=0.00, real=0.00 secs] 
261.395: Total time for which application threads were stopped: 0.0006770 seconds, Stopping threads took: 0.0000590 seconds
261.469: Application time: 0.0742600 seconds
261.469: [GC [PSYoungGen: 14288K->512K(15872K)] 34584K->20816K(51712K), 0.0005210 secs] [Times: user=0.00 sys=0.00, real=0.00 secs] 
261.470: Total time for which application threads were stopped: 0.0006580 seconds, Stopping threads took: 0.0000510 seconds
261.543: Application time: 0.0733780 seconds
261.543: [GC [PSYoungGen: 14336K->528K(15872K)] 34640K->20832K(51712K), 0.0005290 secs] [Times: user=0.01 sys=0.00, real=0.00 secs] 
261.544: Total time for which application threads were stopped: 0.0006730 seconds, Stopping threads took: 0.0000640 seconds
261.617: Application time: 0.0737330 seconds
261.618: [GC [PSYoungGen: 14352K->496K(15872K)] 34656K->20800K(51712K), 0.0005030 secs] [Times: user=0.00 sys=0.00, real=0.00 secs] 
261.618: Total time for which application threads were stopped: 0.0006420 seconds, Stopping threads took: 0.0000640 seconds
261.692: Application time: 0.0734850 seconds
261.692: [GC [PSYoungGen: 14320K->544K(15872K)] 34624K->20848K(51712K), 0.0005020 secs] [Times: user=0.01 sys=0.00, real=0.00 secs] 
261.692: Total time for which application threads were stopped: 0.0006280 seconds, Stopping threads took: 0.0000470 seconds
261.763: Application time: 0.0708640 seconds
261.763: [GC [PSYoungGen: 14368K->496K(15872K)] 34672K->20800K(51712K), 0.0004920 secs] [Times: user=0.00 sys=0.00, real=0.00 secs] 
261.764: Total time for which application threads were stopped: 0.0006270 seconds, Stopping threads took: 0.0000590 seconds
261.838: Application time: 0.0739270 seconds
261.838: [GC [PSYoungGen: 14320K->496K(15872K)] 34624K->20800K(51712K), 0.0005300 secs] [Times: user=0.01 sys=0.00, real=0.00 secs] 
261.838: Total time for which application threads were stopped: 0.0006810 seconds, Stopping threads took: 0.0000690 seconds
261.912: Application time: 0.0740320 seconds
261.912: [GC [PSYoungGen: 14320K->560K(15872K)] 34624K->20864K(51712K), 0.0005580 secs] [Times: user=0.01 sys=0.00, real=0.00 secs] 
261.913: Total time for which application threads were stopped: 0.0006950 seconds, Stopping threads took: 0.0000510 seconds
261.987: Application time: 0.0736500 seconds
261.987: [GC [PSYoungGen: 14384K->496K(15872K)] 34688K->20808K(51712K), 0.0005640 secs] [Times: user=0.00 sys=0.00, real=0.00 secs] 
261.987: Total time for which application threads were stopped: 0.0006930 seconds, Stopping threads took: 0.0000490 seconds
262.062: Application time: 0.0742920 seconds
262.065: [GC [PSYoungGen: 14320K->480K(15872K)] 34632K->20800K(51712K), 0.0005360 secs] [Times: user=0.00 sys=0.00, real=0.00 secs] 
262.066: Total time for which application threads were stopped: 0.0042580 seconds, Stopping threads took: 0.0036420 seconds
262.139: Application time: 0.0732680 seconds
262.139: [GC [PSYoungGen: 14304K->496K(15872K)] 34624K->20832K(51712K), 0.0005270 secs] [Times: user=0.01 sys=0.00, real=0.00 secs] 
262.140: Total time for which application threads were stopped: 0.0006680 seconds, Stopping threads took: 0.0000570 seconds
262.214: Application time: 0.0738250 seconds
262.214: [GC [PSYoungGen: 14320K->528K(15872K)] 34656K->20872K(51712K), 0.0005250 secs] [Times: user=0.00 sys=0.00, real=0.00 secs] 
262.214: Total time for which application threads were stopped: 0.0006530 seconds, Stopping threads took: 0.0000510 seconds
262.289: Application time: 0.0742830 seconds
262.289: [GC [PSYoungGen: 14352K->544K(15872K)] 34696K->20888K(51712K), 0.0005630 secs] [Times: user=0.00 sys=0.00, real=0.00 secs] 
262.289: Total time for which application threads were stopped: 0.0006970 seconds, Stopping threads took: 0.0000540 seconds
262.364: Application time: 0.0750460 seconds
262.365: [GC [PSYoungGen: 14368K->464K(15872K)] 34712K->20808K(51712K), 0.0005660 secs] [Times: user=0.00 sys=0.00, real=0.00 secs] 
262.365: Total time for which application threads were stopped: 0.0007030 seconds, Stopping threads took: 0.0000550 seconds
262.438: Application time: 0.0731770 seconds
262.438: [GC [PSYoungGen: 14288K->496K(15872K)] 34632K->20840K(51712K), 0.0004910 secs] [Times: user=0.01 sys=0.00, real=0.00 secs] 
262.439: Total time for which application threads were stopped: 0.0006320 seconds, Stopping threads took: 0.0000530 seconds
262.510: Application time: 0.0712390 seconds
262.510: [GC [PSYoungGen: 14320K->544K(15872K)] 34664K->20888K(51712K), 0.0005650 secs] [Times: user=0.00 sys=0.00, real=0.00 secs] 
262.511: Total time for which application threads were stopped: 0.0006890 seconds, Stopping threads took: 0.0000470 seconds
262.585: Application time: 0.0738250 seconds
262.585: [GC [PSYoungGen: 14368K->464K(15872K)] 34712K->20808K(51712K), 0.0005500 secs] [Times: user=0.00 sys=0.00, real=0.01 secs] 
262.585: Total time for which application threads were stopped: 0.0006810 seconds, Stopping threads took: 0.0000520 seconds
262.659: Application time: 0.0738600 seconds
262.659: [GC [PSYoungGen: 14288K->496K(15872K)] 34632K->20840K(51712K), 0.0005200 secs] [Times: user=0.00 sys=0.00, real=0.00 secs] 
262.660: Total time for which application threads were stopped: 0.0006550 seconds, Stopping threads took: 0.0000590 seconds
262.734: Application time: 0.0746040 seconds
262.735: [GC [PSYoungGen: 14320K->528K(15872K)] 34664K->20880K(51712K), 0.0005090 secs] [Times: user=0.00 sys=0.00, real=0.00 secs] 
262.735: Total time for which application threads were stopped: 0.0006420 seconds, Stopping threads took: 0.0000590 seconds
262.809: Application time: 0.0742910 seconds
262.810: [GC [PSYoungGen: 14352K->512K(15872K)] 34704K->20880K(51712K), 0.0005340 secs] [Times: user=0.00 sys=0.00, real=0.00 secs] 
262.810: Total time for which application threads were stopped: 0.0006900 seconds, Stopping threads took: 0.0000760 seconds
262.884: Application time: 0.0734020 seconds
262.884: [GC [PSYoungGen: 14336K->512K(15872K)] 34704K->20888K(51712K), 0.0005130 secs] [Times: user=0.00 sys=0.00, real=0.00 secs] 
262.884: Total time for which application threads were stopped: 0.0006580 seconds, Stopping threads took: 0.0000640 seconds
262.958: Application time: 0.0740190 seconds
262.958: [GC [PSYoungGen: 14336K->480K(15872K)] 34712K->20864K(51712K), 0.0005000 secs] [Times: user=0.01 sys=0.00, real=0.00 secs] 
262.959: Total time for which application threads were stopped: 0.0006480 seconds, Stopping threads took: 0.0000610 seconds
263.033: Application time: 0.0739240 seconds
263.033: [GC [PSYoungGen: 14304K->512K(15872K)] 34688K->20896K(51712K), 0.0005360 secs] [Times: user=0.00 sys=0.00, real=0.01 secs] 
263.033: Total time for which application threads were stopped: 0.0006720 seconds, Stopping threads took: 0.0000530 seconds
263.107: Application time: 0.0739210 seconds
263.107: [GC [PSYoungGen: 14336K->448K(15872K)] 34720K->20832K(51712K), 0.0005260 secs] [Times: user=0.00 sys=0.00, real=0.00 secs] 
263.108: Total time for which application threads were stopped: 0.0006700 seconds, Stopping threads took: 0.0000650 seconds
263.182: Application time: 0.0736710 seconds
263.182: [GC [PSYoungGen: 14272K->496K(15872K)] 34656K->20880K(51712K), 0.0005350 secs] [Times: user=0.00 sys=0.00, real=0.00 secs] 
263.182: Total time for which application threads were stopped: 0.0006660 seconds, Stopping threads took: 0.0000540 seconds
263.253: Application time: 0.0709820 seconds
263.253: [GC [PSYoungGen: 14320K->464K(15872K)] 34704K->20848K(51712K), 0.0004940 secs] [Times: user=0.00 sys=0.00, real=0.00 secs] 
263.254: Total time for which application threads were stopped: 0.0006160 seconds, Stopping threads took: 0.0000450 seconds
263.327: Application time: 0.0732830 seconds
263.327: [GC [PSYoungGen: 14288K->464K(15872K)] 34672K->20848K(51712K), 0.0005480 secs] [Times: user=0.01 sys=0.00, real=0.00 secs] 
263.328: Total time for which application threads were stopped: 0.0006790 seconds, Stopping threads took: 0.0000500 seconds
263.402: Application time: 0.0740220 seconds
263.405: [GC [PSYoungGen: 14288K->480K(15872K)] 34672K->20864K(51712K), 0.0005190 secs] [Times: user=0.00 sys=0.00, real=0.00 secs] 
263.406: Total time for which application threads were stopped: 0.0039630 seconds, Stopping threads took: 0.0033690 seconds
263.480: Application time: 0.0743990 seconds
263.480: [GC [PSYoungGen: 14304K->496K(15872K)] 34688K->20880K(51712K), 0.0005370 secs] [Times: user=0.00 sys=0.00, real=0.00 secs] 
263.481: Total time for which application threads were stopped: 0.0007190 seconds, Stopping threads took: 0.0000920 seconds
263.555: Application time: 0.0742640 seconds
263.555: [GC [PSYoungGen: 14320K->512K(15872K)] 34704K->20904K(51712K), 0.0005110 secs] [Times: user=0.00 sys=0.00, real=0.00 secs] 
263.556: Total time for which application threads were stopped: 0.0006580 seconds, Stopping threads took: 0.0000700 seconds
263.629: Application time: 0.0734740 seconds
263.630: [GC [PSYoungGen: 14336K->464K(15872K)] 34728K->20896K(51712K), 0.0005340 secs] [Times: user=0.00 sys=0.00, real=0.00 secs] 
263.630: Total time for which application threads were stopped: 0.0006700 seconds, Stopping threads took: 0.0000570 seconds
263.704: Application time: 0.0740920 seconds
263.704: [GC [PSYoungGen: 14288K->480K(15872K)] 34720K->20920K(51712K), 0.0005280 secs] [Times: user=0.00 sys=0.00, real=0.00 secs] 
263.705: Total time for which application threads were stopped: 0.0006670 seconds, Stopping threads took: 0.0000590 seconds
263.779: Application time: 0.0739310 seconds
263.779: [GC [PSYoungGen: 14304K->512K(15872K)] 34744K->20952K(51712K), 0.0005130 secs] [Times: user=0.00 sys=0.00, real=0.00 secs] 
263.779: Total time for which application threads were stopped: 0.0006410 seconds, Stopping threads took: 0.0000520 seconds
263.854: Application time: 0.0749290 seconds
263.854: [GC [PSYoungGen: 14336K->528K(15872K)] 34776K->20968K(51712K), 0.0006340 secs] [Times: user=0.00 sys=0.00, real=0.00 secs] 
263.855: Total time for which application threads were stopped: 0.0007700 seconds, Stopping threads took: 0.0000560 seconds
263.929: Application time: 0.0735290 seconds
263.929: [GC [PSYoungGen: 14352K->496K(15872K)] 34792K->20936K(51712K), 0.0004990 secs] [Times: user=0.01 sys=0.00, real=0.00 secs] 
263.930: Total time for which application threads were stopped: 0.0012080 seconds, Stopping threads took: 0.0006280 seconds
264.002: Application time: 0.0717470 seconds
264.002: [GC [PSYoungGen: 14320K->512K(15872K)] 34760K->20952K(51712K), 0.0005220 secs] [Times: user=0.00 sys=0.00, real=0.00 secs] 
264.002: Total time for which application threads were stopped: 0.0006960 seconds, Stopping threads took: 0.0000830 seconds
264.075: Application time: 0.0728320 seconds
264.077: [GC [PSYoungGen: 14336K->448K(15872K)] 34776K->20888K(51712K), 0.0005040 secs] [Times: user=0.00 sys=0.00, real=0.00 secs] 
264.078: Total time for which application threads were stopped: 0.0027140 seconds, Stopping threads took: 0.0021330 seconds
264.151: Application time: 0.0734190 seconds
264.151: [GC [PSYoungGen: 14272K->480K(15872K)] 34712K->20920K(51712K), 0.0005640 secs] [Times: user=0.00 sys=0.00, real=0.00 secs] 
264.152: Total time for which application threads were stopped: 0.0007050 seconds, Stopping threads took: 0.0000570 seconds
264.226: Application time: 0.0739890 seconds
264.226: [GC [PSYoungGen: 14304K->496K(15872K)] 34744K->20936K(51712K), 0.0005670 secs] [Times: user=0.00 sys=0.00, real=0.00 secs] 
264.227: Total time for which application threads were stopped: 0.0006970 seconds, Stopping threads took: 0.0000550 seconds
264.301: Application time: 0.0740530 seconds
264.301: [GC [PSYoungGen: 14320K->512K(15872K)] 34760K->20960K(51712K), 0.0005950 secs] [Times: user=0.01 sys=0.00, real=0.00 secs] 
264.301: Total time for which application threads were stopped: 0.0007250 seconds, Stopping threads took: 0.0000510 seconds
264.375: Application time: 0.0737990 seconds
264.375: [GC [PSYoungGen: 14336K->496K(15872K)] 34784K->20952K(51712K), 0.0004980 secs] [Times: user=0.00 sys=0.00, real=0.00 secs] 
264.376: Total time for which application threads were stopped: 0.0006290 seconds, Stopping threads took: 0.0000540 seconds
264.450: Application time: 0.0737420 seconds
264.450: [GC [PSYoungGen: 14320K->496K(15872K)] 34776K->20960K(51712K), 0.0005450 secs] [Times: user=0.00 sys=0.00, real=0.00 secs] 
264.450: Total time for which application threads were stopped: 0.0006840 seconds, Stopping threads took: 0.0000570 seconds
264.524: Application time: 0.0741360 seconds
264.525: [GC [PSYoungGen: 14320K->512K(15872K)] 34784K->20976K(51712K), 0.0005220 secs] [Times: user=0.00 sys=0.00, real=0.00 secs] 
264.526: Total time for which application threads were stopped: 0.0014440 seconds, Stopping threads took: 0.0008390 seconds
264.600: Application time: 0.0738670 seconds
264.600: [GC [PSYoungGen: 14336K->496K(15872K)] 34800K->20960K(51712K), 0.0005690 secs] [Times: user=0.00 sys=0.00, real=0.00 secs] 
264.601: Total time for which application threads were stopped: 0.0007290 seconds, Stopping threads took: 0.0000790 seconds
264.674: Application time: 0.0737180 seconds
264.674: [GC [PSYoungGen: 14320K->512K(15872K)] 34784K->20976K(51712K), 0.0005180 secs] [Times: user=0.00 sys=0.00, real=0.00 secs] 
264.675: Total time for which application threads were stopped: 0.0006450 seconds, Stopping threads took: 0.0000480 seconds
264.748: Application time: 0.0731010 seconds
264.748: [GC [PSYoungGen: 14336K->496K(15872K)] 34800K->20960K(51712K), 0.0005210 secs] [Times: user=0.01 sys=0.00, real=0.00 secs] 
264.749: Total time for which application threads were stopped: 0.0006600 seconds, Stopping threads took: 0.0000600 seconds
264.820: Application time: 0.0715740 seconds
264.820: [GC [PSYoungGen: 14320K->448K(15872K)] 34784K->20912K(51712K), 0.0005060 secs] [Times: user=0.01 sys=0.00, real=0.00 secs] 
264.821: Total time for which application threads were stopped: 0.0006320 seconds, Stopping threads took: 0.0000510 seconds
264.894: Application time: 0.0731890 seconds
264.897: [GC [PSYoungGen: 14272K->528K(15872K)] 34736K->20992K(51712K), 0.0005560 secs] [Times: user=0.00 sys=0.00, real=0.00 secs] 
264.898: Total time for which application threads were stopped: 0.0038840 seconds, Stopping threads took: 0.0032540 seconds
264.972: Application time: 0.0744770 seconds
264.973: [GC [PSYoungGen: 14352K->464K(15872K)] 34816K->20928K(51712K), 0.0005530 secs] [Times: user=0.01 sys=0.00, real=0.00 secs] 
264.973: Total time for which application threads were stopped: 0.0007000 seconds, Stopping threads took: 0.0000700 seconds
265.047: Application time: 0.0741440 seconds
265.047: [GC [PSYoungGen: 14280K->512K(15872K)] 34745K->20984K(51712K), 0.0005210 secs] [Times: user=0.00 sys=0.00, real=0.00 secs] 
265.048: Total time for which application threads were stopped: 0.0006650 seconds, Stopping threads took: 0.0000530 seconds
265.122: Application time: 0.0737500 seconds
265.122: [GC [PSYoungGen: 14336K->496K(15872K)] 34808K->20976K(51712K), 0.0005600 secs] [Times: user=0.00 sys=0.00, real=0.00 secs] 
265.122: Total time for which application threads were stopped: 0.0006990 seconds, Stopping threads took: 0.0000560 seconds
265.196: Application time: 0.0739040 seconds
265.196: [GC [PSYoungGen: 14320K->496K(15872K)] 34800K->20984K(51712K), 0.0005320 secs] [Times: user=0.00 sys=0.00, real=0.00 secs] 
265.197: Total time for which application threads were stopped: 0.0006660 seconds, Stopping threads took: 0.0000580 seconds
265.271: Application time: 0.0740770 seconds
265.271: [GC [PSYoungGen: 14320K->496K(15872K)] 34808K->20984K(51712K), 0.0005130 secs] [Times: user=0.00 sys=0.00, real=0.00 secs] 
265.272: Total time for which application threads were stopped: 0.0006470 seconds, Stopping threads took: 0.0000570 seconds
265.347: Application time: 0.0751810 seconds
265.347: [GC [PSYoungGen: 14320K->528K(15872K)] 34808K->21016K(51712K), 0.0005190 secs] [Times: user=0.00 sys=0.00, real=0.00 secs] 
265.348: Total time for which application threads were stopped: 0.0006510 seconds, Stopping threads took: 0.0000570 seconds
265.422: Application time: 0.0739800 seconds
265.422: [GC [PSYoungGen: 14352K->496K(15872K)] 34840K->20984K(51712K), 0.0005490 secs] [Times: user=0.00 sys=0.00, real=0.00 secs] 
265.422: Total time for which application threads were stopped: 0.0007030 seconds, Stopping threads took: 0.0000790 seconds
265.495: Application time: 0.0732120 seconds
265.496: [GC [PSYoungGen: 14320K->496K(15872K)] 34808K->20984K(51712K), 0.0005190 secs] [Times: user=0.00 sys=0.00, real=0.00 secs] 
265.496: Total time for which application threads were stopped: 0.0006640 seconds, Stopping threads took: 0.0000660 seconds
265.568: Application time: 0.0714310 seconds
265.568: [GC [PSYoungGen: 14320K->496K(15872K)] 34808K->20984K(51712K), 0.0005190 secs] [Times: user=0.00 sys=0.00, real=0.00 secs] 
265.568: Total time for which application threads were stopped: 0.0006900 seconds, Stopping threads took: 0.0000780 seconds
265.642: Application time: 0.0733390 seconds
265.642: [GC [PSYoungGen: 14320K->480K(15872K)] 34808K->20968K(51712K), 0.0005340 secs] [Times: user=0.00 sys=0.00, real=0.00 secs] 
265.642: Total time for which application threads were stopped: 0.0006880 seconds, Stopping threads took: 0.0000710 seconds
265.716: Application time: 0.0737760 seconds
265.716: [GC [PSYoungGen: 14304K->512K(15872K)] 34792K->21000K(51712K), 0.0005280 secs] [Times: user=0.00 sys=0.00, real=0.00 secs] 
265.717: Total time for which application threads were stopped: 0.0006710 seconds, Stopping threads took: 0.0000620 seconds
265.791: Application time: 0.0738420 seconds
265.791: [GC [PSYoungGen: 14336K->496K(15872K)] 34824K->20992K(51712K), 0.0005390 secs] [Times: user=0.00 sys=0.00, real=0.00 secs] 
265.791: Total time for which application threads were stopped: 0.0006750 seconds, Stopping threads took: 0.0000540 seconds
265.865: Application time: 0.0737780 seconds
265.865: [GC [PSYoungGen: 14320K->512K(15872K)] 34816K->21016K(51712K), 0.0005130 secs] [Times: user=0.00 sys=0.00, real=0.01 secs] 
265.866: Total time for which application threads were stopped: 0.0006530 seconds, Stopping threads took: 0.0000580 seconds
265.939: Application time: 0.0732640 seconds
265.939: [GC [PSYoungGen: 14336K->528K(15872K)] 34840K->21048K(51712K), 0.0005670 secs] [Times: user=0.00 sys=0.00, real=0.00 secs] 
265.940: Total time for which application threads were stopped: 0.0006980 seconds, Stopping threads took: 0.0000550 seconds
266.013: Application time: 0.0737090 seconds
266.013: [GC [PSYoungGen: 14352K->560K(15872K)] 34872K->21096K(51712K), 0.0005300 secs] [Times: user=0.00 sys=0.00, real=0.00 secs] 
266.014: Total time for which application threads were stopped: 0.0006610 seconds, Stopping threads took: 0.0000490 seconds
266.088: Application time: 0.0740620 seconds
266.088: [GC [PSYoungGen: 14384K->512K(15872K)] 34920K->21048K(51712K), 0.0005120 secs] [Times: user=0.01 sys=0.00, real=0.00 secs] 
266.089: Total time for which application threads were stopped: 0.0006740 seconds, Stopping threads took: 0.0000740 seconds
266.163: Application time: 0.0742390 seconds
266.163: [GC [PSYoungGen: 14336K->496K(15872K)] 34872K->21032K(51712K), 0.0005450 secs] [Times: user=0.00 sys=0.00, real=0.00 secs] 
266.164: Total time for which application threads were stopped: 0.0006920 seconds, Stopping threads took: 0.0000690 seconds
266.237: Application time: 0.0730090 seconds
266.237: [GC [PSYoungGen: 14320K->528K(15872K)] 34856K->21064K(51712K), 0.0006030 secs] [Times: user=0.01 sys=0.00, real=0.00 secs] 
266.237: Total time for which application threads were stopped: 0.0007310 seconds, Stopping threads took: 0.0000560 seconds
266.309: Application time: 0.0715610 seconds
266.309: [GC [PSYoungGen: 14352K->496K(15872K)] 34888K->21032K(51712K), 0.0005200 secs] [Times: user=0.00 sys=0.00, real=0.00 secs] 
266.310: Total time for which application threads were stopped: 0.0006590 seconds, Stopping threads took: 0.0000580 seconds
266.383: Application time: 0.0731050 seconds
266.383: [GC [PSYoungGen: 14320K->512K(15872K)] 34856K->21048K(51712K), 0.0005250 secs] [Times: user=0.01 sys=0.00, real=0.00 secs] 
266.383: Total time for which application threads were stopped: 0.0006680 seconds, Stopping threads took: 0.0000580 seconds
266.457: Application time: 0.0736180 seconds
266.457: [GC [PSYoungGen: 14336K->512K(15872K)] 34872K->21048K(51712K), 0.0004970 secs] [Times: user=0.00 sys=0.00, real=0.00 secs] 
266.458: Total time for which application threads were stopped: 0.0006450 seconds, Stopping threads took: 0.0000680 seconds
266.532: Application time: 0.0739810 seconds
266.532: [GC [PSYoungGen: 14336K->496K(15872K)] 34872K->21032K(51712K), 0.0005640 secs] [Times: user=0.01 sys=0.00, real=0.00 secs] 
266.532: Total time for which application threads were stopped: 0.0007040 seconds, Stopping threads took: 0.0000580 seconds
266.607: Application time: 0.0741700 seconds
266.607: [GC [PSYoungGen: 14320K->496K(15872K)] 34856K->21040K(51712K), 0.0005520 secs] [Times: user=0.00 sys=0.00, real=0.00 secs] 
266.607: Total time for which application threads were stopped: 0.0007190 seconds, Stopping threads took: 0.0000740 seconds
266.681: Application time: 0.0733020 seconds
266.681: [GC [PSYoungGen: 14320K->528K(15872K)] 34864K->21096K(51712K), 0.0005470 secs] [Times: user=0.00 sys=0.00, real=0.00 secs] 
266.681: Total time for which application threads were stopped: 0.0006770 seconds, Stopping threads took: 0.0000510 seconds
266.755: Application time: 0.0741470 seconds
266.755: [GC [PSYoungGen: 14352K->528K(15872K)] 34920K->21104K(51712K), 0.0005150 secs] [Times: user=0.00 sys=0.00, real=0.00 secs] 
266.756: Total time for which application threads were stopped: 0.0006430 seconds, Stopping threads took: 0.0000510 seconds
266.831: Application time: 0.0747640 seconds
266.831: [GC [PSYoungGen: 14352K->512K(15872K)] 34928K->21088K(51712K), 0.0005290 secs] [Times: user=0.00 sys=0.00, real=0.00 secs] 
266.831: Total time for which application threads were stopped: 0.0006580 seconds, Stopping threads took: 0.0000550 seconds
266.905: Application time: 0.0738490 seconds
266.905: [GC [PSYoungGen: 14336K->512K(15872K)] 34912K->21088K(51712K), 0.0005260 secs] [Times: user=0.00 sys=0.00, real=0.00 secs] 
266.906: Total time for which application threads were stopped: 0.0006660 seconds, Stopping threads took: 0.0000570 seconds
266.980: Application time: 0.0738830 seconds
266.980: [GC [PSYoungGen: 14336K->448K(15872K)] 34912K->21024K(51712K), 0.0005360 secs] [Times: user=0.00 sys=0.00, real=0.00 secs] 
266.981: Total time for which application threads were stopped: 0.0006760 seconds, Stopping threads took: 0.0000620 seconds
267.052: Application time: 0.0717400 seconds
267.052: [GC [PSYoungGen: 14272K->480K(15872K)] 34848K->21056K(51712K), 0.0005690 secs] [Times: user=0.00 sys=0.00, real=0.00 secs] 
267.053: Total time for which application threads were stopped: 0.0006980 seconds, Stopping threads took: 0.0000490 seconds
267.126: Application time: 0.0731180 seconds
267.126: [GC [PSYoungGen: 14304K->496K(15872K)] 34880K->21072K(51712K), 0.0005940 secs] [Times: user=0.00 sys=0.00, real=0.00 secs] 
267.127: Total time for which application threads were stopped: 0.0007320 seconds, Stopping threads took: 0.0000520 seconds
267.201: Application time: 0.0742160 seconds
267.201: [GC [PSYoungGen: 14320K->496K(15872K)] 34896K->21072K(51712K), 0.0005670 secs] [Times: user=0.00 sys=0.01, real=0.00 secs] 
267.202: Total time for which application threads were stopped: 0.0007160 seconds, Stopping threads took: 0.0000570 seconds
267.276: Application time: 0.0744340 seconds
267.276: [GC [PSYoungGen: 14320K->496K(15872K)] 34896K->21072K(51712K), 0.0005480 secs] [Times: user=0.00 sys=0.00, real=0.00 secs] 
267.277: Total time for which application threads were stopped: 0.0006810 seconds, Stopping threads took: 0.0000550 seconds
267.351: Application time: 0.0738850 seconds
267.351: [GC [PSYoungGen: 14320K->512K(15872K)] 34896K->21096K(51712K), 0.0005390 secs] [Times: user=0.00 sys=0.00, real=0.00 secs] 
267.351: Total time for which application threads were stopped: 0.0006750 seconds, Stopping threads took: 0.0000550 seconds
267.425: Application time: 0.0735490 seconds
267.425: [GC [PSYoungGen: 14336K->544K(15872K)] 34920K->21136K(51712K), 0.0005060 secs] [Times: user=0.00 sys=0.00, real=0.01 secs] 
267.426: Total time for which application threads were stopped: 0.0006360 seconds, Stopping threads took: 0.0000510 seconds
267.499: Application time: 0.0735340 seconds
267.499: [GC [PSYoungGen: 14368K->528K(15872K)] 34960K->21128K(51712K), 0.0005340 secs] [Times: user=0.00 sys=0.00, real=0.00 secs] 
267.500: Total time for which application threads were stopped: 0.0006690 seconds, Stopping threads took: 0.0000570 seconds
267.574: Application time: 0.0742460 seconds
267.574: [GC [PSYoungGen: 14352K->512K(15872K)] 34952K->21112K(51712K), 0.0005430 secs] [Times: user=0.01 sys=0.00, real=0.00 secs] 
267.575: Total time for which application threads were stopped: 0.0006760 seconds, Stopping threads took: 0.0000540 seconds
267.649: Application time: 0.0744140 seconds
267.649: [GC [PSYoungGen: 14336K->480K(15872K)] 34936K->21080K(51712K), 0.0005220 secs] [Times: user=0.00 sys=0.00, real=0.00 secs] 
267.650: Total time for which application threads were stopped: 0.0006700 seconds, Stopping threads took: 0.0000550 seconds
267.723: Application time: 0.0735340 seconds
267.724: [GC [PSYoungGen: 14304K->496K(15872K)] 34904K->21096K(51712K), 0.0005890 secs] [Times: user=0.00 sys=0.00, real=0.00 secs] 
267.724: Total time for which application threads were stopped: 0.0007270 seconds, Stopping threads took: 0.0000580 seconds
267.796: Application time: 0.0717490 seconds
267.796: [GC [PSYoungGen: 14320K->480K(15872K)] 34920K->21080K(51712K), 0.0005540 secs] [Times: user=0.01 sys=0.00, real=0.00 secs] 
267.797: Total time for which application threads were stopped: 0.0006790 seconds, Stopping threads took: 0.0000490 seconds
267.869: Application time: 0.0728570 seconds
267.870: [GC [PSYoungGen: 14304K->496K(15872K)] 34904K->21096K(51712K), 0.0005350 secs] [Times: user=0.00 sys=0.00, real=0.00 secs] 
267.870: Total time for which application threads were stopped: 0.0006620 seconds, Stopping threads took: 0.0000500 seconds
267.944: Application time: 0.0737850 seconds
267.944: [GC [PSYoungGen: 14320K->464K(15872K)] 34920K->21064K(51712K), 0.0005660 secs] [Times: user=0.00 sys=0.00, real=0.00 secs] 
267.945: Total time for which application threads were stopped: 0.0006980 seconds, Stopping threads took: 0.0000530 seconds
268.018: Application time: 0.0738310 seconds
268.019: [GC [PSYoungGen: 14288K->528K(15872K)] 34888K->21128K(51712K), 0.0005590 secs] [Times: user=0.01 sys=0.00, real=0.00 secs] 
268.019: Total time for which application threads were stopped: 0.0007080 seconds, Stopping threads took: 0.0000730 seconds
268.093: Application time: 0.0739740 seconds
268.093: [GC [PSYoungGen: 14352K->544K(15872K)] 34952K->21152K(51712K), 0.0005440 secs] [Times: user=0.00 sys=0.00, real=0.01 secs] 
268.094: Total time for which application threads were stopped: 0.0006720 seconds, Stopping threads took: 0.0000530 seconds
268.167: Application time: 0.0734240 seconds
268.167: [GC [PSYoungGen: 14368K->544K(15872K)] 34976K->21160K(51712K), 0.0004980 secs] [Times: user=0.01 sys=0.00, real=0.00 secs] 
268.168: Total time for which application threads were stopped: 0.0006490 seconds, Stopping threads took: 0.0000620 seconds
268.242: Application time: 0.0739280 seconds
268.243: [GC [PSYoungGen: 14368K->528K(15872K)] 34984K->21152K(51712K), 0.0005550 secs] [Times: user=0.00 sys=0.00, real=0.00 secs] 
268.244: Total time for which application threads were stopped: 0.0022540 seconds, Stopping threads took: 0.0016070 seconds
268.318: Application time: 0.0737590 seconds
268.318: [GC [PSYoungGen: 14352K->496K(15872K)] 34976K->21120K(51712K), 0.0005950 secs] [Times: user=0.00 sys=0.00, real=0.00 secs] 
268.319: Total time for which application threads were stopped: 0.0007650 seconds, Stopping threads took: 0.0000870 seconds
268.394: Application time: 0.0754490 seconds
268.394: [GC [PSYoungGen: 14320K->528K(15872K)] 34944K->21152K(51712K), 0.0005660 secs] [Times: user=0.00 sys=0.00, real=0.00 secs] 
268.395: Total time for which application threads were stopped: 0.0007020 seconds, Stopping threads took: 0.0000530 seconds
268.468: Application time: 0.0734490 seconds
268.468: [GC [PSYoungGen: 14352K->512K(15872K)] 34976K->21136K(51712K), 0.0005090 secs] [Times: user=0.00 sys=0.00, real=0.00 secs] 
268.469: Total time for which application threads were stopped: 0.0006440 seconds, Stopping threads took: 0.0000570 seconds
268.542: Application time: 0.0734500 seconds
268.542: [GC [PSYoungGen: 14336K->464K(15872K)] 34960K->21088K(51712K), 0.0005220 secs] [Times: user=0.00 sys=0.00, real=0.00 secs] 
268.543: Total time for which application threads were stopped: 0.0006750 seconds, Stopping threads took: 0.0000720 seconds
268.614: Application time: 0.0711170 seconds
268.614: [GC [PSYoungGen: 14288K->496K(15872K)] 34912K->21120K(51712K), 0.0005850 secs] [Times: user=0.00 sys=0.00, real=0.00 secs] 
268.615: Total time for which application threads were stopped: 0.0007200 seconds, Stopping threads took: 0.0000540 seconds
268.688: Application time: 0.0731730 seconds
268.688: [GC [PSYoungGen: 14320K->512K(15872K)] 34944K->21136K(51712K), 0.0005400 secs] [Times: user=0.00 sys=0.00, real=0.00 secs] 
268.689: Total time for which application threads were stopped: 0.0006850 seconds, Stopping threads took: 0.0000570 seconds
268.763: Application time: 0.0743010 seconds
268.763: [GC [PSYoungGen: 14336K->496K(15872K)] 34960K->21120K(51712K), 0.0004970 secs] [Times: user=0.01 sys=0.00, real=0.00 secs] 
268.764: Total time for which application threads were stopped: 0.0006300 seconds, Stopping threads took: 0.0000550 seconds
268.838: Application time: 0.0742660 seconds
268.838: [GC [PSYoungGen: 14320K->512K(15872K)] 34944K->21144K(51712K), 0.0005700 secs] [Times: user=0.00 sys=0.00, real=0.00 secs] 
268.839: Total time for which application threads were stopped: 0.0007020 seconds, Stopping threads took: 0.0000500 seconds
268.912: Application time: 0.0734440 seconds
268.912: [GC [PSYoungGen: 14336K->496K(15872K)] 34968K->21152K(51712K), 0.0005960 secs] [Times: user=0.00 sys=0.00, real=0.00 secs] 
268.913: Total time for which application threads were stopped: 0.0007280 seconds, Stopping threads took: 0.0000560 seconds
268.987: Application time: 0.0741640 seconds
268.987: [GC [PSYoungGen: 14320K->528K(15872K)] 34976K->21192K(51712K), 0.0005290 secs] [Times: user=0.00 sys=0.00, real=0.00 secs] 
268.988: Total time for which application threads were stopped: 0.0006610 seconds, Stopping threads took: 0.0000520 seconds
269.061: Application time: 0.0739430 seconds
269.062: [GC [PSYoungGen: 14352K->496K(15872K)] 35016K->21160K(51712K), 0.0005420 secs] [Times: user=0.00 sys=0.00, real=0.00 secs] 
269.062: Total time for which application threads were stopped: 0.0006700 seconds, Stopping threads took: 0.0000520 seconds
269.136: Application time: 0.0740190 seconds
269.136: [GC [PSYoungGen: 14320K->512K(15872K)] 34984K->21176K(51712K), 0.0005380 secs] [Times: user=0.01 sys=0.00, real=0.00 secs] 
269.137: Total time for which application threads were stopped: 0.0006760 seconds, Stopping threads took: 0.0000620 seconds
269.211: Application time: 0.0738600 seconds
269.211: [GC [PSYoungGen: 14336K->496K(15872K)] 35000K->21160K(51712K), 0.0005100 secs] [Times: user=0.00 sys=0.00, real=0.00 secs] 
269.211: Total time for which application threads were stopped: 0.0006690 seconds, Stopping threads took: 0.0000620 seconds
269.285: Application time: 0.0734420 seconds
269.285: [GC [PSYoungGen: 14320K->496K(15872K)] 34984K->21160K(51712K), 0.0005380 secs] [Times: user=0.00 sys=0.00, real=0.01 secs] 
269.285: Total time for which application threads were stopped: 0.0006810 seconds, Stopping threads took: 0.0000640 seconds
269.357: Application time: 0.0714470 seconds
269.357: [GC [PSYoungGen: 14320K->496K(15872K)] 34984K->21160K(51712K), 0.0005710 secs] [Times: user=0.00 sys=0.00, real=0.00 secs] 
269.358: Total time for which application threads were stopped: 0.0007130 seconds, Stopping threads took: 0.0000640 seconds
269.431: Application time: 0.0738170 seconds
269.432: [GC [PSYoungGen: 14320K->544K(15872K)] 34984K->21208K(51712K), 0.0005240 secs] [Times: user=0.00 sys=0.00, real=0.00 secs] 
269.432: Total time for which application threads were stopped: 0.0006640 seconds, Stopping threads took: 0.0000580 seconds
269.506: Application time: 0.0734300 seconds
269.506: [GC [PSYoungGen: 14368K->496K(15872K)] 35032K->21160K(51712K), 0.0005470 secs] [Times: user=0.00 sys=0.00, real=0.00 secs] 
269.506: Total time for which application threads were stopped: 0.0006860 seconds, Stopping threads took: 0.0000600 seconds
269.580: Application time: 0.0741660 seconds
269.581: [GC [PSYoungGen: 14320K->544K(15872K)] 34984K->21216K(51712K), 0.0005280 secs] [Times: user=0.00 sys=0.00, real=0.00 secs] 
269.581: Total time for which application threads were stopped: 0.0006700 seconds, Stopping threads took: 0.0000620 seconds
269.655: Application time: 0.0735600 seconds
269.655: [GC [PSYoungGen: 14368K->512K(15872K)] 35040K->21192K(51712K), 0.0005730 secs] [Times: user=0.00 sys=0.00, real=0.00 secs] 
269.655: Total time for which application threads were stopped: 0.0007090 seconds, Stopping threads took: 0.0000530 seconds
269.729: Application time: 0.0732750 seconds
269.729: [GC [PSYoungGen: 14336K->512K(15872K)] 35016K->21200K(51712K), 0.0005830 secs] [Times: user=0.00 sys=0.00, real=0.00 secs] 
269.729: Total time for which application threads were stopped: 0.0007260 seconds, Stopping threads took: 0.0000580 seconds
269.804: Application time: 0.0742710 seconds
269.805: [GC [PSYoungGen: 14336K->464K(15872K)] 35024K->21160K(51712K), 0.0005810 secs] [Times: user=0.00 sys=0.00, real=0.00 secs] 
269.806: Total time for which application threads were stopped: 0.0023240 seconds, Stopping threads took: 0.0016630 seconds
269.881: Application time: 0.0747290 seconds
269.881: [GC [PSYoungGen: 14288K->544K(15872K)] 34984K->21240K(51712K), 0.0005180 secs] [Times: user=0.00 sys=0.00, real=0.00 secs] 
269.881: Total time for which application threads were stopped: 0.0006480 seconds, Stopping threads took: 0.0000490 seconds
269.956: Application time: 0.0743100 seconds
269.956: [GC [PSYoungGen: 14368K->464K(15872K)] 35064K->21160K(51712K), 0.0005280 secs] [Times: user=0.01 sys=0.00, real=0.00 secs] 
269.956: Total time for which application threads were stopped: 0.0006600 seconds, Stopping threads took: 0.0000510 seconds
270.029: Application time: 0.0730540 seconds
270.029: [GC [PSYoungGen: 14288K->512K(15872K)] 34984K->21208K(51712K), 0.0005120 secs] [Times: user=0.00 sys=0.00, real=0.00 secs] 
270.030: Total time for which application threads were stopped: 0.0006390 seconds, Stopping threads took: 0.0000470 seconds
270.101: Application time: 0.0710470 seconds
270.101: [GC [PSYoungGen: 14336K->512K(15872K)] 35032K->21208K(51712K), 0.0005460 secs] [Times: user=0.00 sys=0.00, real=0.00 secs] 
270.102: Total time for which application threads were stopped: 0.0006820 seconds, Stopping threads took: 0.0000550 seconds
270.175: Application time: 0.0734420 seconds
270.175: [GC [PSYoungGen: 14336K->496K(15872K)] 35032K->21192K(51712K), 0.0005640 secs] [Times: user=0.00 sys=0.00, real=0.00 secs] 
270.176: Total time for which application threads were stopped: 0.0006920 seconds, Stopping threads took: 0.0000510 seconds
270.250: Application time: 0.0739060 seconds
270.250: [GC [PSYoungGen: 14320K->496K(15872K)] 35016K->21192K(51712K), 0.0005570 secs] [Times: user=0.01 sys=0.00, real=0.00 secs] 
270.251: Total time for which application threads were stopped: 0.0007070 seconds, Stopping threads took: 0.0000570 seconds
270.324: Application time: 0.0739860 seconds
270.325: [GC [PSYoungGen: 14320K->480K(15872K)] 35016K->21184K(51712K), 0.0005280 secs] [Times: user=0.00 sys=0.00, real=0.00 secs] 
270.325: Total time for which application threads were stopped: 0.0006610 seconds, Stopping threads took: 0.0000570 seconds
270.399: Application time: 0.0739920 seconds
270.399: [GC [PSYoungGen: 14304K->496K(15872K)] 35008K->21216K(51712K), 0.0005360 secs] [Times: user=0.00 sys=0.00, real=0.00 secs] 
270.400: Total time for which application threads were stopped: 0.0006720 seconds, Stopping threads took: 0.0000560 seconds
270.474: Application time: 0.0737470 seconds
270.474: [GC [PSYoungGen: 14320K->464K(15872K)] 35040K->21192K(51712K), 0.0005540 secs] [Times: user=0.00 sys=0.00, real=0.00 secs] 
270.474: Total time for which application threads were stopped: 0.0006770 seconds, Stopping threads took: 0.0000450 seconds
270.548: Application time: 0.0738340 seconds
270.548: [GC [PSYoungGen: 14288K->528K(15872K)] 35016K->21264K(51712K), 0.0005070 secs] [Times: user=0.01 sys=0.00, real=0.00 secs] 
270.549: Total time for which application threads were stopped: 0.0006410 seconds, Stopping threads took: 0.0000590 seconds
270.623: Application time: 0.0743420 seconds
270.623: [GC [PSYoungGen: 14352K->512K(15872K)] 35088K->21248K(51712K), 0.0005080 secs] [Times: user=0.00 sys=0.00, real=0.00 secs] 
270.624: Total time for which application threads were stopped: 0.0006380 seconds, Stopping threads took: 0.0000590 seconds
270.698: Application time: 0.0740660 seconds
270.698: [GC [PSYoungGen: 14336K->528K(15872K)] 35072K->21264K(51712K), 0.0005180 secs] [Times: user=0.00 sys=0.00, real=0.00 secs] 
270.698: Total time for which application threads were stopped: 0.0006500 seconds, Stopping threads took: 0.0000560 seconds
270.772: Application time: 0.0736000 seconds
270.772: [GC [PSYoungGen: 14352K->496K(15872K)] 35088K->21232K(51712K), 0.0005350 secs] [Times: user=0.00 sys=0.00, real=0.00 secs] 
270.773: Total time for which application threads were stopped: 0.0006850 seconds, Stopping threads took: 0.0000620 seconds
270.844: Application time: 0.0711620 seconds
270.844: [GC [PSYoungGen: 14320K->496K(15872K)] 35056K->21232K(51712K), 0.0005190 secs] [Times: user=0.00 sys=0.00, real=0.00 secs] 
270.845: Total time for which application threads were stopped: 0.0006500 seconds, Stopping threads took: 0.0000530 seconds
270.918: Application time: 0.0736630 seconds
270.918: [GC [PSYoungGen: 14320K->480K(15872K)] 35056K->21216K(51712K), 0.0005540 secs] [Times: user=0.00 sys=0.00, real=0.00 secs] 
270.919: Total time for which application threads were stopped: 0.0006820 seconds, Stopping threads took: 0.0000520 seconds
270.993: Application time: 0.0738850 seconds
270.993: [GC [PSYoungGen: 14304K->464K(15872K)] 35040K->21200K(51712K), 0.0005330 secs] [Times: user=0.00 sys=0.00, real=0.01 secs] 
270.993: Total time for which application threads were stopped: 0.0006640 seconds, Stopping threads took: 0.0000520 seconds
271.067: Application time: 0.0733630 seconds
271.067: [GC [PSYoungGen: 14288K->496K(15872K)] 35024K->21232K(51712K), 0.0005000 secs] [Times: user=0.00 sys=0.00, real=0.00 secs] 
271.067: Total time for which application threads were stopped: 0.0006320 seconds, Stopping threads took: 0.0000560 seconds
271.142: Application time: 0.0743240 seconds
271.142: [GC [PSYoungGen: 14320K->496K(15872K)] 35056K->21240K(51712K), 0.0005460 secs] [Times: user=0.00 sys=0.00, real=0.00 secs] 
271.142: Total time for which application threads were stopped: 0.0006830 seconds, Stopping threads took: 0.0000570 seconds
271.216: Application time: 0.0735800 seconds
271.216: [GC [PSYoungGen: 14320K->512K(15872K)] 35064K->21264K(51712K), 0.0005570 secs] [Times: user=0.00 sys=0.00, real=0.00 secs] 
271.217: Total time for which application threads were stopped: 0.0007030 seconds, Stopping threads took: 0.0000620 seconds
271.291: Application time: 0.0742900 seconds
271.291: [GC [PSYoungGen: 14336K->496K(15872K)] 35088K->21256K(51712K), 0.0005550 secs] [Times: user=0.00 sys=0.00, real=0.00 secs] 
271.292: Total time for which application threads were stopped: 0.0007060 seconds, Stopping threads took: 0.0000620 seconds
271.367: Application time: 0.0751620 seconds
271.367: [GC [PSYoungGen: 14320K->512K(15872K)] 35080K->21272K(51712K), 0.0005130 secs] [Times: user=0.00 sys=0.00, real=0.00 secs] 
271.368: Total time for which application threads were stopped: 0.0006390 seconds, Stopping threads took: 0.0000520 seconds
271.441: Application time: 0.0738130 seconds
271.441: [GC [PSYoungGen: 14336K->528K(15872K)] 35096K->21288K(51712K), 0.0005610 secs] [Times: user=0.00 sys=0.00, real=0.00 secs] 
271.442: Total time for which application threads were stopped: 0.0006990 seconds, Stopping threads took: 0.0000570 seconds
271.516: Application time: 0.0736370 seconds
271.516: [GC [PSYoungGen: 14352K->512K(15872K)] 35112K->21272K(51712K), 0.0005130 secs] [Times: user=0.00 sys=0.00, real=0.00 secs] 
271.516: Total time for which application threads were stopped: 0.0006540 seconds, Stopping threads took: 0.0000600 seconds
271.589: Application time: 0.0722750 seconds
271.589: [GC [PSYoungGen: 14336K->464K(15872K)] 35096K->21224K(51712K), 0.0004990 secs] [Times: user=0.00 sys=0.00, real=0.00 secs] 
271.589: Total time for which application threads were stopped: 0.0006540 seconds, Stopping threads took: 0.0000770 seconds
271.662: Application time: 0.0729850 seconds
271.662: [GC [PSYoungGen: 14288K->512K(15872K)] 35048K->21272K(51712K), 0.0005460 secs] [Times: user=0.00 sys=0.00, real=0.00 secs] 
271.663: Total time for which application threads were stopped: 0.0006820 seconds, Stopping threads took: 0.0000570 seconds
271.736: Application time: 0.0733210 seconds
271.736: [GC [PSYoungGen: 14336K->512K(15872K)] 35096K->21272K(51712K), 0.0005140 secs] [Times: user=0.00 sys=0.00, real=0.00 secs] 
271.737: Total time for which application threads were stopped: 0.0006490 seconds, Stopping threads took: 0.0000570 seconds
271.811: Application time: 0.0743370 seconds
271.811: [GC [PSYoungGen: 14336K->496K(15872K)] 35096K->21256K(51712K), 0.0005270 secs] [Times: user=0.01 sys=0.00, real=0.00 secs] 
271.812: Total time for which application threads were stopped: 0.0006750 seconds, Stopping threads took: 0.0000560 seconds
271.886: Application time: 0.0737180 seconds
271.886: [GC [PSYoungGen: 14320K->512K(15872K)] 35080K->21280K(51712K), 0.0005720 secs] [Times: user=0.01 sys=0.00, real=0.00 secs] 
271.886: Total time for which application threads were stopped: 0.0007140 seconds, Stopping threads took: 0.0000570 seconds
271.960: Application time: 0.0735900 seconds
271.960: [GC [PSYoungGen: 14336K->496K(15872K)] 35104K->21272K(51712K), 0.0005240 secs] [Times: user=0.00 sys=0.00, real=0.00 secs] 
271.961: Total time for which application threads were stopped: 0.0006620 seconds, Stopping threads took: 0.0000580 seconds
272.034: Application time: 0.0734380 seconds
272.034: [GC [PSYoungGen: 14319K->528K(15872K)] 35096K->21312K(51712K), 0.0005180 secs] [Times: user=0.00 sys=0.00, real=0.00 secs] 
272.035: Total time for which application threads were stopped: 0.0006530 seconds, Stopping threads took: 0.0000530 seconds
272.109: Application time: 0.0739460 seconds
272.109: [GC [PSYoungGen: 14352K->528K(15872K)] 35136K->21320K(51712K), 0.0005200 secs] [Times: user=0.01 sys=0.00, real=0.00 secs] 
272.109: Total time for which application threads were stopped: 0.0006480 seconds, Stopping threads took: 0.0000510 seconds
272.183: Application time: 0.0737870 seconds
272.183: [GC [PSYoungGen: 14352K->480K(15872K)] 35144K->21272K(51712K), 0.0005680 secs] [Times: user=0.00 sys=0.00, real=0.00 secs] 
272.184: Total time for which application threads were stopped: 0.0007080 seconds, Stopping threads took: 0.0000590 seconds
272.258: Application time: 0.0741130 seconds
272.258: [GC [PSYoungGen: 14304K->496K(15872K)] 35096K->21288K(51712K), 0.0005290 secs] [Times: user=0.01 sys=0.00, real=0.00 secs] 
272.259: Total time for which application threads were stopped: 0.0006680 seconds, Stopping threads took: 0.0000630 seconds
272.332: Application time: 0.0729690 seconds
272.332: [GC [PSYoungGen: 14320K->512K(15872K)] 35112K->21304K(51712K), 0.0005310 secs] [Times: user=0.00 sys=0.00, real=0.00 secs] 
272.332: Total time for which application threads were stopped: 0.0006820 seconds, Stopping threads took: 0.0000630 seconds
272.404: Application time: 0.0719440 seconds
272.404: [GC [PSYoungGen: 14336K->496K(15872K)] 35128K->21288K(51712K), 0.0005420 secs] [Times: user=0.00 sys=0.00, real=0.00 secs] 
272.405: Total time for which application threads were stopped: 0.0006790 seconds, Stopping threads took: 0.0000550 seconds
272.478: Application time: 0.0733340 seconds
272.478: [GC [PSYoungGen: 14320K->512K(15872K)] 35112K->21304K(51712K), 0.0005360 secs] [Times: user=0.00 sys=0.00, real=0.00 secs] 
272.479: Total time for which application threads were stopped: 0.0006780 seconds, Stopping threads took: 0.0000630 seconds
272.553: Application time: 0.0737940 seconds
272.553: [GC [PSYoungGen: 14336K->480K(15872K)] 35128K->21272K(51712K), 0.0005600 secs] [Times: user=0.00 sys=0.00, real=0.01 secs] 
272.553: Total time for which application threads were stopped: 0.0006950 seconds, Stopping threads took: 0.0000510 seconds
272.627: Application time: 0.0736220 seconds
272.627: [GC [PSYoungGen: 14304K->512K(15872K)] 35096K->21312K(51712K), 0.0005180 secs] [Times: user=0.00 sys=0.00, real=0.00 secs] 
272.628: Total time for which application threads were stopped: 0.0006620 seconds, Stopping threads took: 0.0000630 seconds
272.702: Application time: 0.0746220 seconds
272.702: [GC [PSYoungGen: 14336K->464K(15872K)] 35136K->21272K(51712K), 0.0005380 secs] [Times: user=0.01 sys=0.00, real=0.00 secs] 
272.703: Total time for which application threads were stopped: 0.0006620 seconds, Stopping threads took: 0.0000470 seconds
272.777: Application time: 0.0743080 seconds
272.777: [GC [PSYoungGen: 14288K->512K(15872K)] 35096K->21328K(51712K), 0.0005310 secs] [Times: user=0.00 sys=0.00, real=0.00 secs] 
272.778: Total time for which application threads were stopped: 0.0006890 seconds, Stopping threads took: 0.0000790 seconds
272.852: Application time: 0.0736740 seconds
272.852: [GC [PSYoungGen: 14336K->528K(15872K)] 35152K->21352K(51712K), 0.0005060 secs] [Times: user=0.00 sys=0.00, real=0.00 secs] 
272.852: Total time for which application threads were stopped: 0.0006520 seconds, Stopping threads took: 0.0000560 seconds
272.928: Application time: 0.0753360 seconds
272.928: [GC [PSYoungGen: 14352K->496K(15872K)] 35176K->21320K(51712K), 0.0006070 secs] [Times: user=0.01 sys=0.00, real=0.00 secs] 
272.928: Total time for which application threads were stopped: 0.0007510 seconds, Stopping threads took: 0.0000620 seconds
273.002: Application time: 0.0732650 seconds
273.002: [GC [PSYoungGen: 14320K->512K(15872K)] 35144K->21336K(51712K), 0.0005350 secs] [Times: user=0.00 sys=0.00, real=0.00 secs] 
273.002: Total time for which application threads were stopped: 0.0006700 seconds, Stopping threads took: 0.0000550 seconds
273.076: Application time: 0.0732670 seconds
273.076: [GC [PSYoungGen: 14336K->512K(15872K)] 35160K->21336K(51712K), 0.0005300 secs] [Times: user=0.00 sys=0.00, real=0.00 secs] 
273.076: Total time for which application threads were stopped: 0.0006610 seconds, Stopping threads took: 0.0000520 seconds
273.148: Application time: 0.0716370 seconds
273.148: [GC [PSYoungGen: 14336K->528K(15872K)] 35160K->21352K(51712K), 0.0005600 secs] [Times: user=0.00 sys=0.00, real=0.00 secs] 
273.149: Total time for which application threads were stopped: 0.0006950 seconds, Stopping threads took: 0.0000570 seconds
273.223: Application time: 0.0740370 seconds
273.223: [GC [PSYoungGen: 14352K->496K(15872K)] 35176K->21320K(51712K), 0.0005690 secs] [Times: user=0.00 sys=0.00, real=0.00 secs] 
273.223: Total time for which application threads were stopped: 0.0007000 seconds, Stopping threads took: 0.0000490 seconds
273.298: Application time: 0.0746800 seconds
273.298: [GC [PSYoungGen: 14320K->512K(15872K)] 35144K->21336K(51712K), 0.0005230 secs] [Times: user=0.00 sys=0.00, real=0.00 secs] 
273.299: Total time for which application threads were stopped: 0.0006550 seconds, Stopping threads took: 0.0000500 seconds
273.372: Application time: 0.0737750 seconds
273.373: [GC [PSYoungGen: 14336K->512K(15872K)] 35160K->21344K(51712K), 0.0005440 secs] [Times: user=0.01 sys=0.00, real=0.00 secs] 
273.373: Total time for which application threads were stopped: 0.0006970 seconds, Stopping threads took: 0.0000590 seconds
273.447: Application time: 0.0736730 seconds
273.447: [GC [PSYoungGen: 14336K->480K(15872K)] 35168K->21320K(51712K), 0.0005430 secs] [Times: user=0.00 sys=0.00, real=0.00 secs] 
273.447: Total time for which application threads were stopped: 0.0006810 seconds, Stopping threads took: 0.0000590 seconds
273.521: Application time: 0.0737820 seconds
273.521: [GC [PSYoungGen: 14304K->512K(15872K)] 35144K->21360K(51712K), 0.0006510 secs] [Times: user=0.00 sys=0.00, real=0.00 secs] 
273.522: Total time for which application threads were stopped: 0.0007870 seconds, Stopping threads took: 0.0000520 seconds
273.596: Application time: 0.0737880 seconds
273.596: [GC [PSYoungGen: 14336K->512K(15872K)] 35184K->21368K(51712K), 0.0005770 secs] [Times: user=0.01 sys=0.00, real=0.00 secs] 
273.598: Total time for which application threads were stopped: 0.0016930 seconds, Stopping threads took: 0.0000530 seconds
273.672: Application time: 0.0742090 seconds
273.672: [GC [PSYoungGen: 14336K->528K(15872K)] 35192K->21384K(51712K), 0.0005910 secs] [Times: user=0.00 sys=0.00, real=0.00 secs] 
273.673: Total time for which application threads were stopped: 0.0007280 seconds, Stopping threads took: 0.0000570 seconds
273.747: Application time: 0.0740850 seconds
273.747: [GC [PSYoungGen: 14352K->496K(15872K)] 35208K->21352K(51712K), 0.0005120 secs] [Times: user=0.00 sys=0.00, real=0.00 secs] 
273.747: Total time for which application threads were stopped: 0.0006740 seconds, Stopping threads took: 0.0000860 seconds
273.820: Application time: 0.0728040 seconds
273.820: [GC [PSYoungGen: 14320K->496K(15872K)] 35176K->21352K(51712K), 0.0006240 secs] [Times: user=0.00 sys=0.00, real=0.00 secs] 
273.821: Total time for which application threads were stopped: 0.0007600 seconds, Stopping threads took: 0.0000610 seconds
273.892: Application time: 0.0714700 seconds
273.892: [GC [PSYoungGen: 14320K->512K(15872K)] 35176K->21368K(51712K), 0.0005750 secs] [Times: user=0.00 sys=0.00, real=0.00 secs] 
273.893: Total time for which application threads were stopped: 0.0007140 seconds, Stopping threads took: 0.0000510 seconds
273.967: Application time: 0.0738780 seconds
273.967: [GC [PSYoungGen: 14336K->464K(15872K)] 35192K->21320K(51712K), 0.0006040 secs] [Times: user=0.00 sys=0.00, real=0.00 secs] 
273.968: Total time for which application threads were stopped: 0.0007360 seconds, Stopping threads took: 0.0000560 seconds
274.041: Application time: 0.0733220 seconds
274.041: [GC [PSYoungGen: 14288K->496K(15872K)] 35144K->21352K(51712K), 0.0005430 secs] [Times: user=0.00 sys=0.00, real=0.00 secs] 
274.042: Total time for which application threads were stopped: 0.0006820 seconds, Stopping threads took: 0.0000640 seconds
274.116: Application time: 0.0742660 seconds
274.117: [GC [PSYoungGen: 14320K->464K(15872K)] 35176K->21328K(51712K), 0.0006340 secs] [Times: user=0.00 sys=0.00, real=0.00 secs] 
274.118: Total time for which application threads were stopped: 0.0021490 seconds, Stopping threads took: 0.0014340 seconds
274.192: Application time: 0.0743530 seconds
274.193: [GC [PSYoungGen: 14288K->496K(15872K)] 35152K->21368K(51712K), 0.0005120 secs] [Times: user=0.00 sys=0.00, real=0.00 secs] 
274.193: Total time for which application threads were stopped: 0.0006500 seconds, Stopping threads took: 0.0000630 seconds
274.267: Application time: 0.0736370 seconds
274.267: [GC [PSYoungGen: 14320K->480K(15872K)] 35192K->21392K(51712K), 0.0005110 secs] [Times: user=0.00 sys=0.00, real=0.00 secs] 
274.267: Total time for which application threads were stopped: 0.0006480 seconds, Stopping threads took: 0.0000570 seconds
274.341: Application time: 0.0737510 seconds
274.341: [GC [PSYoungGen: 14304K->512K(15872K)] 35216K->21432K(51712K), 0.0005310 secs] [Times: user=0.01 sys=0.00, real=0.00 secs] 
274.342: Total time for which application threads were stopped: 0.0006750 seconds, Stopping threads took: 0.0000630 seconds
274.417: Application time: 0.0750850 seconds
274.417: [GC [PSYoungGen: 14336K->544K(15872K)] 35256K->21464K(51712K), 0.0007760 secs] [Times: user=0.00 sys=0.00, real=0.00 secs] 
274.418: Total time for which application threads were stopped: 0.0009220 seconds, Stopping threads took: 0.0000630 seconds
274.492: Application time: 0.0741720 seconds
274.492: [GC [PSYoungGen: 14368K->512K(15872K)] 35288K->21432K(51712K), 0.0005460 secs] [Times: user=0.00 sys=0.00, real=0.00 secs] 
274.493: Total time for which application threads were stopped: 0.0006890 seconds, Stopping threads took: 0.0000660 seconds
274.565: Application time: 0.0726080 seconds
274.565: [GC [PSYoungGen: 14336K->544K(15872K)] 35256K->21464K(51712K), 0.0005280 secs] [Times: user=0.00 sys=0.00, real=0.00 secs] 
274.566: Total time for which application threads were stopped: 0.0006850 seconds, Stopping threads took: 0.0000800 seconds
274.638: Application time: 0.0722400 seconds
274.638: [GC [PSYoungGen: 14368K->544K(15872K)] 35288K->21464K(51712K), 0.0005230 secs] [Times: user=0.00 sys=0.00, real=0.00 secs] 
274.639: Total time for which application threads were stopped: 0.0006770 seconds, Stopping threads took: 0.0000760 seconds
274.713: Application time: 0.0738010 seconds
274.713: [GC [PSYoungGen: 14368K->512K(15872K)] 35288K->21432K(51712K), 0.0005700 secs] [Times: user=0.00 sys=0.00, real=0.01 secs] 
274.713: Total time for which application threads were stopped: 0.0007110 seconds, Stopping threads took: 0.0000590 seconds
274.787: Application time: 0.0734170 seconds
274.787: [GC [PSYoungGen: 14336K->480K(15872K)] 35256K->21400K(51712K), 0.0005240 secs] [Times: user=0.00 sys=0.00, real=0.00 secs] 
274.787: Total time for which application threads were stopped: 0.0006540 seconds, Stopping threads took: 0.0000520 seconds
274.862: Application time: 0.0742560 seconds
274.862: [GC [PSYoungGen: 14304K->528K(15872K)] 35224K->21448K(51712K), 0.0005880 secs] [Times: user=0.01 sys=0.00, real=0.00 secs] 
274.862: Total time for which application threads were stopped: 0.0007250 seconds, Stopping threads took: 0.0000610 seconds
274.936: Application time: 0.0739190 seconds
274.936: [GC [PSYoungGen: 14352K->496K(15872K)] 35272K->21424K(51712K), 0.0005870 secs] [Times: user=0.00 sys=0.00, real=0.00 secs] 
274.937: Total time for which application threads were stopped: 0.0007380 seconds, Stopping threads took: 0.0000600 seconds
275.011: Application time: 0.0738790 seconds
275.011: [GC [PSYoungGen: 14320K->480K(15872K)] 35248K->21416K(51712K), 0.0006180 secs] [Times: user=0.00 sys=0.00, real=0.00 secs] 
275.012: Total time for which application threads were stopped: 0.0007450 seconds, Stopping threads took: 0.0000470 seconds
275.086: Application time: 0.0739730 seconds
275.086: [GC [PSYoungGen: 14304K->480K(15872K)] 35240K->21416K(51712K), 0.0005320 secs] [Times: user=0.01 sys=0.00, real=0.00 secs] 
275.086: Total time for which application threads were stopped: 0.0006720 seconds, Stopping threads took: 0.0000590 seconds
275.160: Application time: 0.0738400 seconds
275.160: [GC [PSYoungGen: 14304K->512K(15872K)] 35240K->21456K(51712K), 0.0005520 secs] [Times: user=0.01 sys=0.00, real=0.00 secs] 
275.161: Total time for which application threads were stopped: 0.0006930 seconds, Stopping threads took: 0.0000610 seconds
275.235: Application time: 0.0742770 seconds
275.235: [GC [PSYoungGen: 14336K->512K(15872K)] 35280K->21456K(51712K), 0.0005240 secs] [Times: user=0.00 sys=0.00, real=0.00 secs] 
275.236: Total time for which application threads were stopped: 0.0006670 seconds, Stopping threads took: 0.0000580 seconds
275.309: Application time: 0.0735620 seconds
275.310: [GC [PSYoungGen: 14336K->480K(15872K)] 35280K->21424K(51712K), 0.0005490 secs] [Times: user=0.00 sys=0.00, real=0.00 secs] 
275.310: Total time for which application threads were stopped: 0.0006990 seconds, Stopping threads took: 0.0000670 seconds
275.382: Application time: 0.0717280 seconds
275.382: [GC [PSYoungGen: 14304K->480K(15872K)] 35248K->21424K(51712K), 0.0005000 secs] [Times: user=0.00 sys=0.00, real=0.00 secs] 
275.383: Total time for which application threads were stopped: 0.0006450 seconds, Stopping threads took: 0.0000650 seconds
275.455: Application time: 0.0729710 seconds
275.456: [GC [PSYoungGen: 14304K->512K(15872K)] 35248K->21456K(51712K), 0.0005920 secs] [Times: user=0.00 sys=0.00, real=0.00 secs] 
275.456: Total time for which application threads were stopped: 0.0007450 seconds, Stopping threads took: 0.0000620 seconds
275.530: Application time: 0.0736740 seconds
275.530: [GC [PSYoungGen: 14336K->480K(15872K)] 35280K->21424K(51712K), 0.0005370 secs] [Times: user=0.00 sys=0.00, real=0.00 secs] 
275.531: Total time for which application threads were stopped: 0.0006630 seconds, Stopping threads took: 0.0000500 seconds
275.605: Application time: 0.0740720 seconds
275.605: [GC [PSYoungGen: 14304K->496K(15872K)] 35248K->21440K(51712K), 0.0005380 secs] [Times: user=0.00 sys=0.00, real=0.01 secs] 
275.605: Total time for which application threads were stopped: 0.0006760 seconds, Stopping threads took: 0.0000550 seconds
275.679: Application time: 0.0736080 seconds
275.679: [GC [PSYoungGen: 14320K->512K(15872K)] 35264K->21464K(51712K), 0.0005140 secs] [Times: user=0.01 sys=0.00, real=0.00 secs] 
275.680: Total time for which application threads were stopped: 0.0006580 seconds, Stopping threads took: 0.0000650 seconds
275.754: Application time: 0.0745450 seconds
275.754: [GC [PSYoungGen: 14336K->448K(15872K)] 35288K->21408K(51712K), 0.0005460 secs] [Times: user=0.00 sys=0.00, real=0.00 secs] 
275.755: Total time for which application threads were stopped: 0.0006830 seconds, Stopping threads took: 0.0000630 seconds
275.828: Application time: 0.0732870 seconds
275.828: [GC [PSYoungGen: 14272K->528K(15872K)] 35232K->21504K(51712K), 0.0005440 secs] [Times: user=0.00 sys=0.00, real=0.00 secs] 
275.829: Total time for which application threads were stopped: 0.0006820 seconds, Stopping threads took: 0.0000590 seconds
275.904: Application time: 0.0752250 seconds
275.904: [GC [PSYoungGen: 14352K->464K(15872K)] 35328K->21448K(51712K), 0.0005620 secs] [Times: user=0.00 sys=0.00, real=0.00 secs] 
275.905: Total time for which application threads were stopped: 0.0006880 seconds, Stopping threads took: 0.0000500 seconds
275.979: Application time: 0.0741270 seconds
275.979: [GC [PSYoungGen: 14288K->528K(15872K)] 35272K->21512K(51712K), 0.0005500 secs] [Times: user=0.00 sys=0.00, real=0.00 secs] 
275.980: Total time for which application threads were stopped: 0.0006880 seconds, Stopping threads took: 0.0000500 seconds
276.053: Application time: 0.0735600 seconds
276.053: [GC [PSYoungGen: 14352K->512K(15872K)] 35336K->21496K(51712K), 0.0005420 secs] [Times: user=0.00 sys=0.00, real=0.01 secs] 
276.054: Total time for which application threads were stopped: 0.0006720 seconds, Stopping threads took: 0.0000500 seconds
276.127: Application time: 0.0731160 seconds
276.127: [GC [PSYoungGen: 14336K->480K(15872K)] 35320K->21464K(51712K), 0.0005160 secs] [Times: user=0.00 sys=0.00, real=0.00 secs] 
276.128: Total time for which application threads were stopped: 0.0006750 seconds, Stopping threads took: 0.0000800 seconds
276.202: Application time: 0.0740730 seconds
276.202: [GC [PSYoungGen: 14304K->480K(15872K)] 35288K->21464K(51712K), 0.0005300 secs] [Times: user=0.00 sys=0.00, real=0.00 secs] 
276.202: Total time for which application threads were stopped: 0.0006630 seconds, Stopping threads took: 0.0000530 seconds
276.284: Application time: 0.0815310 seconds
276.284: [GC [PSYoungGen: 14304K->496K(15872K)] 35288K->21480K(51712K), 0.0005400 secs] [Times: user=0.00 sys=0.00, real=0.00 secs] 
276.285: Total time for which application threads were stopped: 0.0006870 seconds, Stopping threads took: 0.0000570 seconds
276.366: Application time: 0.0810890 seconds
276.366: [GC [PSYoungGen: 14320K->544K(15872K)] 35304K->21528K(51712K), 0.0005690 secs] [Times: user=0.00 sys=0.00, real=0.00 secs] 
276.366: Total time for which application threads were stopped: 0.0007160 seconds, Stopping threads took: 0.0000600 seconds
276.448: Application time: 0.0813820 seconds
276.449: [GC [PSYoungGen: 14368K->480K(15872K)] 35352K->21472K(51712K), 0.0005440 secs] [Times: user=0.01 sys=0.00, real=0.00 secs] 
276.450: Total time for which application threads were stopped: 0.0022540 seconds, Stopping threads took: 0.0016310 seconds
276.531: Application time: 0.0811540 seconds
276.531: [GC [PSYoungGen: 14304K->496K(15872K)] 35296K->21496K(51712K), 0.0005320 secs] [Times: user=0.00 sys=0.00, real=0.00 secs] 
276.532: Total time for which application threads were stopped: 0.0006760 seconds, Stopping threads took: 0.0000580 seconds
276.613: Application time: 0.0811090 seconds
276.613: [GC [PSYoungGen: 14320K->528K(15872K)] 35320K->21536K(51712K), 0.0005560 secs] [Times: user=0.00 sys=0.00, real=0.01 secs] 
276.614: Total time for which application threads were stopped: 0.0006990 seconds, Stopping threads took: 0.0000630 seconds
276.696: Application time: 0.0822790 seconds
276.696: [GC [PSYoungGen: 14352K->464K(15872K)] 35360K->21480K(51712K), 0.0005750 secs] [Times: user=0.00 sys=0.00, real=0.00 secs] 
276.697: Total time for which application threads were stopped: 0.0007180 seconds, Stopping threads took: 0.0000630 seconds
276.778: Application time: 0.0816520 seconds
276.778: [GC [PSYoungGen: 14288K->480K(15872K)] 35304K->21496K(51712K), 0.0005340 secs] [Times: user=0.01 sys=0.00, real=0.00 secs] 
276.779: Total time for which application threads were stopped: 0.0006650 seconds, Stopping threads took: 0.0000540 seconds
276.860: Application time: 0.0808190 seconds
276.860: [GC [PSYoungGen: 14304K->512K(15872K)] 35320K->21528K(51712K), 0.0005340 secs] [Times: user=0.01 sys=0.00, real=0.00 secs] 
276.860: Total time for which application threads were stopped: 0.0006850 seconds, Stopping threads took: 0.0000680 seconds
276.941: Application time: 0.0801590 seconds
276.941: [GC [PSYoungGen: 14336K->448K(15872K)] 35352K->21464K(51712K), 0.0005670 secs] [Times: user=0.00 sys=0.00, real=0.00 secs] 
276.941: Total time for which application threads were stopped: 0.0007030 seconds, Stopping threads took: 0.0000530 seconds
277.020: Application time: 0.0789500 seconds
277.020: [GC [PSYoungGen: 14272K->528K(15872K)] 35288K->21544K(51712K), 0.0005680 secs] [Times: user=0.00 sys=0.00, real=0.00 secs] 
277.021: Total time for which application threads were stopped: 0.0007090 seconds, Stopping threads took: 0.0000640 seconds
277.102: Application time: 0.0807440 seconds
277.102: [GC [PSYoungGen: 14352K->544K(15872K)] 35368K->21560K(51712K), 0.0005560 secs] [Times: user=0.00 sys=0.00, real=0.00 secs] 
277.102: Total time for which application threads were stopped: 0.0007020 seconds, Stopping threads took: 0.0000530 seconds
277.184: Application time: 0.0814990 seconds
277.185: [GC [PSYoungGen: 14368K->496K(15872K)] 35384K->21512K(51712K), 0.0005460 secs] [Times: user=0.01 sys=0.00, real=0.00 secs] 
277.186: Total time for which application threads were stopped: 0.0020390 seconds, Stopping threads took: 0.0014080 seconds
277.268: Application time: 0.0816480 seconds
277.268: [GC [PSYoungGen: 14320K->496K(15872K)] 35336K->21520K(51712K), 0.0005650 secs] [Times: user=0.00 sys=0.00, real=0.00 secs] 
277.268: Total time for which application threads were stopped: 0.0007060 seconds, Stopping threads took: 0.0000600 seconds
277.350: Application time: 0.0813440 seconds
277.350: [GC [PSYoungGen: 14320K->512K(15872K)] 35344K->21544K(51712K), 0.0005500 secs] [Times: user=0.00 sys=0.00, real=0.00 secs] 
277.350: Total time for which application threads were stopped: 0.0006900 seconds, Stopping threads took: 0.0000570 seconds
277.433: Application time: 0.0822860 seconds
277.433: [GC [PSYoungGen: 14336K->528K(15872K)] 35368K->21568K(51712K), 0.0005280 secs] [Times: user=0.01 sys=0.00, real=0.00 secs] 
277.433: Total time for which application threads were stopped: 0.0006750 seconds, Stopping threads took: 0.0000580 seconds
277.514: Application time: 0.0810170 seconds
277.514: [GC [PSYoungGen: 14352K->496K(15872K)] 35392K->21544K(51712K), 0.0006010 secs] [Times: user=0.00 sys=0.00, real=0.00 secs] 
277.515: Total time for which application threads were stopped: 0.0007630 seconds, Stopping threads took: 0.0000820 seconds
277.597: Application time: 0.0815970 seconds
277.597: [GC [PSYoungGen: 14320K->496K(15872K)] 35368K->21544K(51712K), 0.0005530 secs] [Times: user=0.00 sys=0.00, real=0.00 secs] 
277.597: Total time for which application threads were stopped: 0.0007010 seconds, Stopping threads took: 0.0000650 seconds
277.679: Application time: 0.0811700 seconds
277.679: [GC [PSYoungGen: 14320K->480K(15872K)] 35368K->21528K(51712K), 0.0005230 secs] [Times: user=0.00 sys=0.00, real=0.00 secs] 
277.679: Total time for which application threads were stopped: 0.0006780 seconds, Stopping threads took: 0.0000650 seconds
277.760: Application time: 0.0808240 seconds
277.760: [GC [PSYoungGen: 14304K->528K(15872K)] 35352K->21576K(51712K), 0.0005460 secs] [Times: user=0.00 sys=0.00, real=0.00 secs] 
277.761: Total time for which application threads were stopped: 0.0006860 seconds, Stopping threads took: 0.0000590 seconds
277.839: Application time: 0.0786280 seconds
277.840: [GC [PSYoungGen: 14352K->512K(15872K)] 35400K->21560K(51712K), 0.0005370 secs] [Times: user=0.01 sys=0.00, real=0.00 secs] 
277.840: Total time for which application threads were stopped: 0.0006790 seconds, Stopping threads took: 0.0000650 seconds
277.922: Application time: 0.0815540 seconds
277.922: [GC [PSYoungGen: 14336K->496K(15872K)] 35384K->21544K(51712K), 0.0005310 secs] [Times: user=0.00 sys=0.00, real=0.00 secs] 
277.922: Total time for which application threads were stopped: 0.0006680 seconds, Stopping threads took: 0.0000590 seconds
278.003: Application time: 0.0807480 seconds
278.003: [GC [PSYoungGen: 14320K->528K(15872K)] 35368K->21576K(51712K), 0.0005520 secs] [Times: user=0.00 sys=0.00, real=0.00 secs] 
278.004: Total time for which application threads were stopped: 0.0006890 seconds, Stopping threads took: 0.0000540 seconds
278.085: Application time: 0.0814220 seconds
278.085: [GC [PSYoungGen: 14352K->496K(15872K)] 35400K->21552K(51712K), 0.0005330 secs] [Times: user=0.00 sys=0.01, real=0.01 secs] 
278.086: Total time for which application threads were stopped: 0.0006760 seconds, Stopping threads took: 0.0000610 seconds
278.167: Application time: 0.0808010 seconds
278.169: [GC [PSYoungGen: 14320K->480K(15872K)] 35376K->21568K(51712K), 0.0005330 secs] [Times: user=0.00 sys=0.00, real=0.00 secs] 
278.170: Total time for which application threads were stopped: 0.0033280 seconds, Stopping threads took: 0.0027190 seconds
278.251: Application time: 0.0814300 seconds
278.252: [GC [PSYoungGen: 14304K->528K(15872K)] 35392K->21624K(51712K), 0.0005510 secs] [Times: user=0.01 sys=0.00, real=0.00 secs] 
278.252: Total time for which application threads were stopped: 0.0007040 seconds, Stopping threads took: 0.0000640 seconds
278.333: Application time: 0.0813330 seconds
278.334: [GC [PSYoungGen: 14352K->512K(15872K)] 35448K->21616K(51712K), 0.0005420 secs] [Times: user=0.00 sys=0.00, real=0.00 secs] 
278.334: Total time for which application threads were stopped: 0.0006830 seconds, Stopping threads took: 0.0000600 seconds
278.416: Application time: 0.0814670 seconds
278.416: [GC [PSYoungGen: 14336K->496K(15872K)] 35440K->21600K(51712K), 0.0005410 secs] [Times: user=0.00 sys=0.00, real=0.00 secs] 
278.416: Total time for which application threads were stopped: 0.0006820 seconds, Stopping threads took: 0.0000630 seconds
278.498: Application time: 0.0813490 seconds
278.498: [GC [PSYoungGen: 14320K->528K(15872K)] 35424K->21632K(51712K), 0.0006020 secs] [Times: user=0.00 sys=0.00, real=0.00 secs] 
278.498: Total time for which application threads were stopped: 0.0007480 seconds, Stopping threads took: 0.0000560 seconds
278.579: Application time: 0.0804950 seconds
278.579: [GC [PSYoungGen: 14352K->496K(15872K)] 35456K->21600K(51712K), 0.0005920 secs] [Times: user=0.00 sys=0.00, real=0.00 secs] 
278.580: Total time for which application threads were stopped: 0.0007380 seconds, Stopping threads took: 0.0000640 seconds
278.658: Application time: 0.0781170 seconds
278.658: [GC [PSYoungGen: 14320K->512K(15872K)] 35424K->21616K(51712K), 0.0005690 secs] [Times: user=0.00 sys=0.00, real=0.00 secs] 
278.659: Total time for which application threads were stopped: 0.0017330 seconds, Stopping threads took: 0.0000550 seconds
278.741: Application time: 0.0814010 seconds
278.741: [GC [PSYoungGen: 14336K->480K(15872K)] 35440K->21584K(51712K), 0.0006200 secs] [Times: user=0.00 sys=0.00, real=0.00 secs] 
278.742: Total time for which application threads were stopped: 0.0007830 seconds, Stopping threads took: 0.0000800 seconds
278.822: Application time: 0.0806670 seconds
278.822: [GC [PSYoungGen: 14304K->512K(15872K)] 35408K->21616K(51712K), 0.0005240 secs] [Times: user=0.01 sys=0.00, real=0.00 secs] 
278.823: Total time for which application threads were stopped: 0.0006990 seconds, Stopping threads took: 0.0000840 seconds
278.905: Application time: 0.0817570 seconds
278.905: [GC [PSYoungGen: 14336K->528K(15872K)] 35440K->21640K(51712K), 0.0005750 secs] [Times: user=0.00 sys=0.00, real=0.00 secs] 
278.906: Total time for which application threads were stopped: 0.0012040 seconds, Stopping threads took: 0.0005450 seconds
278.988: Application time: 0.0819270 seconds
278.988: [GC [PSYoungGen: 14352K->512K(15872K)] 35464K->21632K(51712K), 0.0005600 secs] [Times: user=0.01 sys=0.00, real=0.00 secs] 
278.989: Total time for which application threads were stopped: 0.0006970 seconds, Stopping threads took: 0.0000550 seconds
279.069: Application time: 0.0807930 seconds
279.070: [GC [PSYoungGen: 14336K->512K(15872K)] 35456K->21640K(51712K), 0.0005360 secs] [Times: user=0.00 sys=0.00, real=0.00 secs] 
279.070: Total time for which application threads were stopped: 0.0006820 seconds, Stopping threads took: 0.0000670 seconds
279.152: Application time: 0.0815220 seconds
279.152: [GC [PSYoungGen: 14336K->480K(15872K)] 35464K->21608K(51712K), 0.0005720 secs] [Times: user=0.01 sys=0.00, real=0.00 secs] 
279.152: Total time for which application threads were stopped: 0.0007130 seconds, Stopping threads took: 0.0000610 seconds
279.234: Application time: 0.0817660 seconds
279.234: [GC [PSYoungGen: 14304K->512K(15872K)] 35432K->21648K(51712K), 0.0005350 secs] [Times: user=0.00 sys=0.00, real=0.00 secs] 
279.235: Total time for which application threads were stopped: 0.0006780 seconds, Stopping threads took: 0.0000590 seconds
279.316: Application time: 0.0814420 seconds
279.316: [GC [PSYoungGen: 14336K->496K(15872K)] 35472K->21632K(51712K), 0.0005630 secs] [Times: user=0.00 sys=0.00, real=0.00 secs] 
279.317: Total time for which application threads were stopped: 0.0007030 seconds, Stopping threads took: 0.0000600 seconds
279.398: Application time: 0.0810460 seconds
279.398: [GC [PSYoungGen: 14320K->496K(15872K)] 35456K->21632K(51712K), 0.0005200 secs] [Times: user=0.00 sys=0.00, real=0.00 secs] 
279.399: Total time for which application threads were stopped: 0.0006910 seconds, Stopping threads took: 0.0000810 seconds
279.477: Application time: 0.0786070 seconds
279.477: [GC [PSYoungGen: 14316K->512K(15872K)] 35453K->21648K(51712K), 0.0005850 secs] [Times: user=0.01 sys=0.00, real=0.00 secs] 
279.478: Total time for which application threads were stopped: 0.0007230 seconds, Stopping threads took: 0.0000590 seconds
279.558: Application time: 0.0801660 seconds
279.558: [GC [PSYoungGen: 14336K->480K(15872K)] 35472K->21616K(51712K), 0.0005440 secs] [Times: user=0.01 sys=0.00, real=0.00 secs] 
279.559: Total time for which application threads were stopped: 0.0006820 seconds, Stopping threads took: 0.0000540 seconds
279.640: Application time: 0.0810260 seconds
279.640: [GC [PSYoungGen: 14304K->512K(15872K)] 35440K->21648K(51712K), 0.0005420 secs] [Times: user=0.00 sys=0.00, real=0.00 secs] 
279.641: Total time for which application threads were stopped: 0.0006760 seconds, Stopping threads took: 0.0000540 seconds
279.722: Application time: 0.0812510 seconds
279.722: [GC [PSYoungGen: 14336K->496K(15872K)] 35472K->21632K(51712K), 0.0005840 secs] [Times: user=0.00 sys=0.00, real=0.00 secs] 
279.723: Total time for which application threads were stopped: 0.0007280 seconds, Stopping threads took: 0.0000640 seconds
279.804: Application time: 0.0813810 seconds
279.804: [GC [PSYoungGen: 14320K->512K(15872K)] 35456K->21656K(51712K), 0.0005600 secs] [Times: user=0.00 sys=0.00, real=0.00 secs] 
279.805: Total time for which application threads were stopped: 0.0007020 seconds, Stopping threads took: 0.0000600 seconds
279.885: Application time: 0.0808200 seconds
279.886: [GC [PSYoungGen: 14336K->512K(15872K)] 35480K->21664K(51712K), 0.0005330 secs] [Times: user=0.00 sys=0.00, real=0.00 secs] 
279.886: Total time for which application threads were stopped: 0.0006710 seconds, Stopping threads took: 0.0000550 seconds
279.967: Application time: 0.0810620 seconds
279.967: [GC [PSYoungGen: 14336K->528K(15872K)] 35488K->21680K(51712K), 0.0005470 secs] [Times: user=0.00 sys=0.00, real=0.00 secs] 
279.968: Total time for which application threads were stopped: 0.0007020 seconds, Stopping threads took: 0.0000610 seconds
280.049: Application time: 0.0813050 seconds
280.053: [GC [PSYoungGen: 14352K->480K(15872K)] 35504K->21640K(51712K), 0.0005880 secs] [Times: user=0.01 sys=0.00, real=0.00 secs] 
280.054: Total time for which application threads were stopped: 0.0048550 seconds, Stopping threads took: 0.0041830 seconds
280.135: Application time: 0.0813380 seconds
280.136: [GC [PSYoungGen: 14304K->528K(15872K)] 35464K->21688K(51712K), 0.0005580 secs] [Times: user=0.00 sys=0.00, real=0.00 secs] 
280.136: Total time for which application threads were stopped: 0.0007200 seconds, Stopping threads took: 0.0000800 seconds
280.213: Application time: 0.0773810 seconds
280.214: [GC [PSYoungGen: 14352K->496K(15872K)] 35512K->21656K(51712K), 0.0006060 secs] [Times: user=0.00 sys=0.00, real=0.00 secs] 
280.214: Total time for which application threads were stopped: 0.0007470 seconds, Stopping threads took: 0.0000590 seconds
280.286: Application time: 0.0721090 seconds
280.286: [GC [PSYoungGen: 14320K->544K(15872K)] 35480K->21704K(51712K), 0.0004860 secs] [Times: user=0.01 sys=0.00, real=0.00 secs] 
280.287: Total time for which application threads were stopped: 0.0006210 seconds, Stopping threads took: 0.0000570 seconds
280.360: Application time: 0.0727570 seconds
280.360: [GC [PSYoungGen: 14368K->512K(15872K)] 35528K->21672K(51712K), 0.0005480 secs] [Times: user=0.00 sys=0.00, real=0.00 secs] 
280.360: Total time for which application threads were stopped: 0.0006950 seconds, Stopping threads took: 0.0000700 seconds
280.435: Application time: 0.0744130 seconds
280.435: [GC [PSYoungGen: 14336K->464K(15872K)] 35496K->21624K(51712K), 0.0005490 secs] [Times: user=0.00 sys=0.00, real=0.00 secs] 
280.436: Total time for which application threads were stopped: 0.0006770 seconds, Stopping threads took: 0.0000560 seconds
280.510: Application time: 0.0741300 seconds
280.510: [GC [PSYoungGen: 14288K->464K(15872K)] 35448K->21624K(51712K), 0.0005260 secs] [Times: user=0.00 sys=0.00, real=0.00 secs] 
280.510: Total time for which application threads were stopped: 0.0006850 seconds, Stopping threads took: 0.0000740 seconds
280.584: Application time: 0.0736520 seconds
280.584: [GC [PSYoungGen: 14288K->528K(15872K)] 35448K->21696K(51712K), 0.0005660 secs] [Times: user=0.00 sys=0.00, real=0.00 secs] 
280.585: Total time for which application threads were stopped: 0.0007030 seconds, Stopping threads took: 0.0000570 seconds
280.659: Application time: 0.0739150 seconds
280.659: [GC [PSYoungGen: 14352K->480K(15872K)] 35520K->21656K(51712K), 0.0005860 secs] [Times: user=0.00 sys=0.00, real=0.00 secs] 
280.659: Total time for which application threads were stopped: 0.0007270 seconds, Stopping threads took: 0.0000570 seconds
280.733: Application time: 0.0735240 seconds
280.733: [GC [PSYoungGen: 14304K->480K(15872K)] 35480K->21664K(51712K), 0.0005270 secs] [Times: user=0.00 sys=0.00, real=0.01 secs] 
280.734: Total time for which application threads were stopped: 0.0006660 seconds, Stopping threads took: 0.0000630 seconds
280.808: Application time: 0.0743330 seconds
280.808: [GC [PSYoungGen: 14304K->544K(15872K)] 35488K->21736K(51712K), 0.0006280 secs] [Times: user=0.01 sys=0.00, real=0.00 secs] 
280.809: Total time for which application threads were stopped: 0.0007710 seconds, Stopping threads took: 0.0000630 seconds
280.883: Application time: 0.0739350 seconds
280.883: [GC [PSYoungGen: 14368K->512K(15872K)] 35560K->21704K(51712K), 0.0005120 secs] [Times: user=0.00 sys=0.00, real=0.00 secs] 
280.883: Total time for which application threads were stopped: 0.0006490 seconds, Stopping threads took: 0.0000610 seconds
280.957: Application time: 0.0734910 seconds
280.957: [GC [PSYoungGen: 14336K->496K(15872K)] 35528K->21688K(51712K), 0.0005290 secs] [Times: user=0.01 sys=0.00, real=0.00 secs] 
280.957: Total time for which application threads were stopped: 0.0006800 seconds, Stopping threads took: 0.0000700 seconds
281.030: Application time: 0.0726430 seconds
281.030: [GC [PSYoungGen: 14320K->544K(15872K)] 35512K->21736K(51712K), 0.0005370 secs] [Times: user=0.01 sys=0.00, real=0.00 secs] 
281.031: Total time for which application threads were stopped: 0.0006770 seconds, Stopping threads took: 0.0000480 seconds
281.103: Application time: 0.0720320 seconds
281.103: [GC [PSYoungGen: 14368K->496K(15872K)] 35560K->21688K(51712K), 0.0005390 secs] [Times: user=0.00 sys=0.00, real=0.00 secs] 
281.103: Total time for which application threads were stopped: 0.0006740 seconds, Stopping threads took: 0.0000540 seconds
281.177: Application time: 0.0736920 seconds
281.177: [GC [PSYoungGen: 14320K->496K(15872K)] 35512K->21688K(51712K), 0.0005300 secs] [Times: user=0.00 sys=0.00, real=0.00 secs] 
281.178: Total time for which application threads were stopped: 0.0006640 seconds, Stopping threads took: 0.0000560 seconds
281.252: Application time: 0.0739820 seconds
281.252: [GC [PSYoungGen: 14320K->512K(15872K)] 35512K->21704K(51712K), 0.0005410 secs] [Times: user=0.00 sys=0.00, real=0.00 secs] 
281.252: Total time for which application threads were stopped: 0.0006800 seconds, Stopping threads took: 0.0000640 seconds
281.327: Application time: 0.0741520 seconds
281.327: [GC [PSYoungGen: 14336K->544K(15872K)] 35528K->21744K(51712K), 0.0005180 secs] [Times: user=0.00 sys=0.00, real=0.00 secs] 
281.327: Total time for which application threads were stopped: 0.0006510 seconds, Stopping threads took: 0.0000520 seconds
281.401: Application time: 0.0739110 seconds
281.401: [GC [PSYoungGen: 14368K->464K(15872K)] 35568K->21672K(51712K), 0.0005490 secs] [Times: user=0.01 sys=0.00, real=0.00 secs] 
281.402: Total time for which application threads were stopped: 0.0007000 seconds, Stopping threads took: 0.0000720 seconds
281.475: Application time: 0.0732590 seconds
281.475: [GC [PSYoungGen: 14288K->528K(15872K)] 35496K->21744K(51712K), 0.0005780 secs] [Times: user=0.00 sys=0.00, real=0.00 secs] 
281.476: Total time for which application threads were stopped: 0.0007200 seconds, Stopping threads took: 0.0000630 seconds
281.550: Application time: 0.0743500 seconds
281.550: [GC [PSYoungGen: 14352K->512K(15872K)] 35568K->21736K(51712K), 0.0005160 secs] [Times: user=0.00 sys=0.00, real=0.00 secs] 
281.551: Total time for which application threads were stopped: 0.0006420 seconds, Stopping threads took: 0.0000390 seconds
281.625: Application time: 0.0736870 seconds
281.625: [GC [PSYoungGen: 14336K->512K(15872K)] 35560K->21736K(51712K), 0.0005390 secs] [Times: user=0.00 sys=0.00, real=0.00 secs] 
281.625: Total time for which application threads were stopped: 0.0006670 seconds, Stopping threads took: 0.0000520 seconds
281.699: Application time: 0.0738190 seconds
281.699: [GC [PSYoungGen: 14336K->528K(15872K)] 35560K->21752K(51712K), 0.0006540 secs] [Times: user=0.01 sys=0.00, real=0.00 secs] 
281.700: Total time for which application threads were stopped: 0.0007850 seconds, Stopping threads took: 0.0000510 seconds
281.773: Application time: 0.0735050 seconds
281.773: [GC [PSYoungGen: 14352K->512K(15872K)] 35576K->21736K(51712K), 0.0005940 secs] [Times: user=0.01 sys=0.00, real=0.00 secs] 
281.774: Total time for which application threads were stopped: 0.0007230 seconds, Stopping threads took: 0.0000490 seconds
281.845: Application time: 0.0714420 seconds
281.846: [GC [PSYoungGen: 14336K->528K(15872K)] 35560K->21752K(51712K), 0.0005280 secs] [Times: user=0.00 sys=0.00, real=0.00 secs] 
281.846: Total time for which application threads were stopped: 0.0006620 seconds, Stopping threads took: 0.0000530 seconds
281.920: Application time: 0.0742010 seconds
281.920: [GC [PSYoungGen: 14352K->528K(15872K)] 35576K->21752K(51712K), 0.0005260 secs] [Times: user=0.00 sys=0.00, real=0.00 secs] 
281.921: Total time for which application threads were stopped: 0.0006640 seconds, Stopping threads took: 0.0000580 seconds
281.996: Application time: 0.0746120 seconds
281.996: [GC [PSYoungGen: 14352K->496K(15872K)] 35576K->21720K(51712K), 0.0005570 secs] [Times: user=0.00 sys=0.00, real=0.00 secs] 
281.996: Total time for which application threads were stopped: 0.0006910 seconds, Stopping threads took: 0.0000530 seconds
282.070: Application time: 0.0737540 seconds
282.070: [GC [PSYoungGen: 14320K->560K(15872K)] 35544K->21808K(51712K), 0.0005280 secs] [Times: user=0.00 sys=0.00, real=0.00 secs] 
282.071: Total time for which application threads were stopped: 0.0006680 seconds, Stopping threads took: 0.0000510 seconds
282.145: Application time: 0.0741290 seconds
282.145: [GC [PSYoungGen: 14384K->496K(15872K)] 35632K->21752K(51712K), 0.0005170 secs] [Times: user=0.00 sys=0.00, real=0.01 secs] 
282.146: Total time for which application threads were stopped: 0.0006470 seconds, Stopping threads took: 0.0000540 seconds
282.219: Application time: 0.0731700 seconds
282.219: [GC [PSYoungGen: 14320K->512K(15872K)] 35576K->21776K(51712K), 0.0005460 secs] [Times: user=0.00 sys=0.00, real=0.00 secs] 
282.219: Total time for which application threads were stopped: 0.0006810 seconds, Stopping threads took: 0.0000580 seconds
282.294: Application time: 0.0742530 seconds
282.294: [GC [PSYoungGen: 14336K->528K(15872K)] 35600K->21800K(51712K), 0.0005420 secs] [Times: user=0.01 sys=0.00, real=0.00 secs] 
282.294: Total time for which application threads were stopped: 0.0006760 seconds, Stopping threads took: 0.0000520 seconds
282.368: Application time: 0.0738810 seconds
282.369: [GC [PSYoungGen: 14352K->528K(15872K)] 35624K->21800K(51712K), 0.0005490 secs] [Times: user=0.01 sys=0.00, real=0.00 secs] 
282.370: Total time for which application threads were stopped: 0.0017590 seconds, Stopping threads took: 0.0011310 seconds
282.444: Application time: 0.0737590 seconds
282.444: [GC [PSYoungGen: 14352K->544K(15872K)] 35624K->21816K(51712K), 0.0005260 secs] [Times: user=0.00 sys=0.00, real=0.00 secs] 
282.444: Total time for which application threads were stopped: 0.0006650 seconds, Stopping threads took: 0.0000580 seconds
282.518: Application time: 0.0737120 seconds
282.518: [GC [PSYoungGen: 14368K->512K(15872K)] 35640K->21784K(51712K), 0.0006060 secs] [Times: user=0.00 sys=0.00, real=0.00 secs] 
282.519: Total time for which application threads were stopped: 0.0007480 seconds, Stopping threads took: 0.0000640 seconds
282.590: Application time: 0.0713550 seconds
282.590: [GC [PSYoungGen: 14336K->528K(15872K)] 35608K->21800K(51712K), 0.0006240 secs] [Times: user=0.00 sys=0.00, real=0.00 secs] 
282.591: Total time for which application threads were stopped: 0.0007660 seconds, Stopping threads took: 0.0000520 seconds
282.665: Application time: 0.0740140 seconds
282.665: [GC [PSYoungGen: 14352K->496K(15872K)] 35624K->21768K(51712K), 0.0005100 secs] [Times: user=0.01 sys=0.00, real=0.01 secs] 
282.666: Total time for which application threads were stopped: 0.0006540 seconds, Stopping threads took: 0.0000650 seconds
282.739: Application time: 0.0734620 seconds
282.739: [GC [PSYoungGen: 14320K->528K(15872K)] 35592K->21800K(51712K), 0.0005190 secs] [Times: user=0.01 sys=0.00, real=0.00 secs] 
282.740: Total time for which application threads were stopped: 0.0006540 seconds, Stopping threads took: 0.0000560 seconds
282.814: Application time: 0.0741240 seconds
282.814: [GC [PSYoungGen: 14352K->496K(15872K)] 35624K->21776K(51712K), 0.0005450 secs] [Times: user=0.00 sys=0.00, real=0.00 secs] 
282.815: Total time for which application threads were stopped: 0.0006780 seconds, Stopping threads took: 0.0000510 seconds
282.888: Application time: 0.0737020 seconds
282.888: [GC [PSYoungGen: 14320K->528K(15872K)] 35600K->21824K(51712K), 0.0005170 secs] [Times: user=0.00 sys=0.00, real=0.00 secs] 
282.889: Total time for which application threads were stopped: 0.0006590 seconds, Stopping threads took: 0.0000660 seconds
282.962: Application time: 0.0732690 seconds
282.962: [GC [PSYoungGen: 14352K->528K(15872K)] 35648K->21832K(51712K), 0.0005340 secs] [Times: user=0.00 sys=0.00, real=0.00 secs] 
282.963: Total time for which application threads were stopped: 0.0006830 seconds, Stopping threads took: 0.0000710 seconds
283.037: Application time: 0.0743460 seconds
283.037: [GC [PSYoungGen: 14352K->528K(15872K)] 35656K->21832K(51712K), 0.0005090 secs] [Times: user=0.01 sys=0.00, real=0.00 secs] 
283.038: Total time for which application threads were stopped: 0.0006550 seconds, Stopping threads took: 0.0000680 seconds
283.112: Application time: 0.0737840 seconds
283.112: [GC [PSYoungGen: 14352K->496K(15872K)] 35656K->21808K(51712K), 0.0005200 secs] [Times: user=0.00 sys=0.00, real=0.00 secs] 
283.112: Total time for which application threads were stopped: 0.0006710 seconds, Stopping threads took: 0.0000610 seconds
283.186: Application time: 0.0737640 seconds
283.186: [GC [PSYoungGen: 14320K->480K(15872K)] 35632K->21792K(51712K), 0.0005380 secs] [Times: user=0.00 sys=0.00, real=0.00 secs] 
283.187: Total time for which application threads were stopped: 0.0006750 seconds, Stopping threads took: 0.0000590 seconds
283.260: Application time: 0.0735480 seconds
283.260: [GC [PSYoungGen: 14304K->528K(15872K)] 35616K->21840K(51712K), 0.0005800 secs] [Times: user=0.00 sys=0.00, real=0.00 secs] 
283.261: Total time for which application threads were stopped: 0.0007090 seconds, Stopping threads took: 0.0000490 seconds
283.332: Application time: 0.0713270 seconds
283.333: [GC [PSYoungGen: 14352K->496K(15872K)] 35664K->21808K(51712K), 0.0005010 secs] [Times: user=0.00 sys=0.00, real=0.00 secs] 
283.333: Total time for which application threads were stopped: 0.0006470 seconds, Stopping threads took: 0.0000640 seconds
283.406: Application time: 0.0733510 seconds
283.407: [GC [PSYoungGen: 14320K->528K(15872K)] 35632K->21840K(51712K), 0.0005420 secs] [Times: user=0.00 sys=0.00, real=0.00 secs] 
283.407: Total time for which application threads were stopped: 0.0006860 seconds, Stopping threads took: 0.0000640 seconds
283.482: Application time: 0.0747830 seconds
283.482: [GC [PSYoungGen: 14352K->512K(15872K)] 35664K->21824K(51712K), 0.0005170 secs] [Times: user=0.00 sys=0.00, real=0.00 secs] 
283.483: Total time for which application threads were stopped: 0.0006480 seconds, Stopping threads took: 0.0000510 seconds
283.556: Application time: 0.0735310 seconds
283.556: [GC [PSYoungGen: 14336K->512K(15872K)] 35648K->21832K(51712K), 0.0005060 secs] [Times: user=0.00 sys=0.00, real=0.00 secs] 
283.557: Total time for which application threads were stopped: 0.0006390 seconds, Stopping threads took: 0.0000560 seconds
283.631: Application time: 0.0740500 seconds
283.631: [GC [PSYoungGen: 14336K->512K(15872K)] 35656K->21840K(51712K), 0.0005500 secs] [Times: user=0.00 sys=0.00, real=0.00 secs] 
283.631: Total time for which application threads were stopped: 0.0006940 seconds, Stopping threads took: 0.0000570 seconds
283.705: Application time: 0.0732830 seconds
283.705: [GC [PSYoungGen: 14336K->448K(15872K)] 35664K->21784K(51712K), 0.0005650 secs] [Times: user=0.00 sys=0.00, real=0.01 secs] 
283.706: Total time for which application threads were stopped: 0.0017240 seconds, Stopping threads took: 0.0000580 seconds
283.780: Application time: 0.0739510 seconds
283.781: [GC [PSYoungGen: 14272K->512K(15872K)] 35608K->21848K(51712K), 0.0005440 secs] [Times: user=0.01 sys=0.00, real=0.00 secs] 
283.781: Total time for which application threads were stopped: 0.0007040 seconds, Stopping threads took: 0.0000780 seconds
283.855: Application time: 0.0739360 seconds
283.855: [GC [PSYoungGen: 14336K->512K(15872K)] 35672K->21856K(51712K), 0.0005990 secs] [Times: user=0.00 sys=0.00, real=0.00 secs] 
283.856: Total time for which application threads were stopped: 0.0007560 seconds, Stopping threads took: 0.0000760 seconds
283.930: Application time: 0.0743170 seconds
283.930: [GC [PSYoungGen: 14336K->512K(15872K)] 35680K->21856K(51712K), 0.0005210 secs] [Times: user=0.00 sys=0.00, real=0.00 secs] 
283.931: Total time for which application threads were stopped: 0.0006540 seconds, Stopping threads took: 0.0000530 seconds
284.004: Application time: 0.0733930 seconds
284.004: [GC [PSYoungGen: 14336K->480K(15872K)] 35680K->21824K(51712K), 0.0005480 secs] [Times: user=0.00 sys=0.00, real=0.00 secs] 
284.005: Total time for which application threads were stopped: 0.0006870 seconds, Stopping threads took: 0.0000590 seconds
284.077: Application time: 0.0725530 seconds
284.078: [GC [PSYoungGen: 14304K->528K(15872K)] 35648K->21872K(51712K), 0.0005490 secs] [Times: user=0.01 sys=0.00, real=0.00 secs] 
284.078: Total time for which application threads were stopped: 0.0006780 seconds, Stopping threads took: 0.0000480 seconds
284.151: Application time: 0.0724430 seconds
284.151: [GC [PSYoungGen: 14352K->528K(15872K)] 35696K->21872K(51712K), 0.0005450 secs] [Times: user=0.00 sys=0.00, real=0.00 secs] 
284.151: Total time for which application threads were stopped: 0.0006980 seconds, Stopping threads took: 0.0000610 seconds
284.225: Application time: 0.0740780 seconds
284.225: [GC [PSYoungGen: 14352K->496K(15872K)] 35696K->21840K(51712K), 0.0005050 secs] [Times: user=0.01 sys=0.00, real=0.00 secs] 
284.226: Total time for which application threads were stopped: 0.0006380 seconds, Stopping threads took: 0.0000500 seconds
284.301: Application time: 0.0746330 seconds
284.301: [GC [PSYoungGen: 14320K->512K(15872K)] 35664K->21856K(51712K), 0.0005610 secs] [Times: user=0.00 sys=0.00, real=0.00 secs] 
284.301: Total time for which application threads were stopped: 0.0007210 seconds, Stopping threads took: 0.0000710 seconds
284.376: Application time: 0.0743190 seconds
284.376: [GC [PSYoungGen: 14336K->512K(15872K)] 35680K->21864K(51712K), 0.0005240 secs] [Times: user=0.00 sys=0.00, real=0.00 secs] 
284.376: Total time for which application threads were stopped: 0.0006850 seconds, Stopping threads took: 0.0000800 seconds
284.450: Application time: 0.0734710 seconds
284.450: [GC [PSYoungGen: 14336K->544K(15872K)] 35688K->21904K(51712K), 0.0005580 secs] [Times: user=0.00 sys=0.00, real=0.00 secs] 
284.450: Total time for which application threads were stopped: 0.0006870 seconds, Stopping threads took: 0.0000510 seconds
284.525: Application time: 0.0741450 seconds
284.525: [GC [PSYoungGen: 14368K->512K(15872K)] 35728K->21880K(51712K), 0.0006030 secs] [Times: user=0.00 sys=0.00, real=0.01 secs] 
284.525: Total time for which application threads were stopped: 0.0007350 seconds, Stopping threads took: 0.0000560 seconds
284.599: Application time: 0.0738850 seconds
284.599: [GC [PSYoungGen: 14336K->544K(15872K)] 35704K->21920K(51712K), 0.0005800 secs] [Times: user=0.00 sys=0.00, real=0.00 secs] 
284.600: Total time for which application threads were stopped: 0.0007120 seconds, Stopping threads took: 0.0000540 seconds
284.674: Application time: 0.0738120 seconds
284.677: [GC [PSYoungGen: 14368K->464K(15872K)] 35744K->21840K(51712K), 0.0005180 secs] [Times: user=0.00 sys=0.00, real=0.00 secs] 
284.678: Total time for which application threads were stopped: 0.0041420 seconds, Stopping threads took: 0.0035390 seconds
284.752: Application time: 0.0739720 seconds
284.752: [GC [PSYoungGen: 14288K->512K(15872K)] 35664K->21888K(51712K), 0.0005240 secs] [Times: user=0.00 sys=0.00, real=0.00 secs] 
284.753: Total time for which application threads were stopped: 0.0006730 seconds, Stopping threads took: 0.0000730 seconds
284.825: Application time: 0.0725700 seconds
284.825: [GC [PSYoungGen: 14336K->528K(15872K)] 35712K->21904K(51712K), 0.0005340 secs] [Times: user=0.00 sys=0.01, real=0.01 secs] 
284.826: Total time for which application threads were stopped: 0.0006710 seconds, Stopping threads took: 0.0000580 seconds
284.898: Application time: 0.0723070 seconds
284.898: [GC [PSYoungGen: 14352K->528K(15872K)] 35728K->21904K(51712K), 0.0005140 secs] [Times: user=0.01 sys=0.00, real=0.00 secs] 
284.899: Total time for which application threads were stopped: 0.0006690 seconds, Stopping threads took: 0.0000780 seconds
284.974: Application time: 0.0751960 seconds
284.974: [GC [PSYoungGen: 14352K->480K(15872K)] 35728K->21856K(51712K), 0.0005010 secs] [Times: user=0.00 sys=0.00, real=0.00 secs] 
284.975: Total time for which application threads were stopped: 0.0006260 seconds, Stopping threads took: 0.0000510 seconds
285.048: Application time: 0.0733920 seconds
285.048: [GC [PSYoungGen: 14304K->496K(15872K)] 35680K->21872K(51712K), 0.0005520 secs] [Times: user=0.00 sys=0.00, real=0.00 secs] 
285.049: Total time for which application threads were stopped: 0.0006920 seconds, Stopping threads took: 0.0000640 seconds
285.123: Application time: 0.0743130 seconds
285.123: [GC [PSYoungGen: 14320K->496K(15872K)] 35696K->21880K(51712K), 0.0005200 secs] [Times: user=0.00 sys=0.00, real=0.00 secs] 
285.124: Total time for which application threads were stopped: 0.0006530 seconds, Stopping threads took: 0.0000540 seconds
285.197: Application time: 0.0733710 seconds
285.197: [GC [PSYoungGen: 14320K->464K(15872K)] 35704K->21856K(51712K), 0.0005470 secs] [Times: user=0.00 sys=0.00, real=0.00 secs] 
285.198: Total time for which application threads were stopped: 0.0006850 seconds, Stopping threads took: 0.0000490 seconds
285.272: Application time: 0.0742050 seconds
285.272: [GC [PSYoungGen: 14288K->528K(15872K)] 35680K->21928K(51712K), 0.0005380 secs] [Times: user=0.00 sys=0.00, real=0.00 secs] 
285.273: Total time for which application threads were stopped: 0.0006680 seconds, Stopping threads took: 0.0000520 seconds
285.347: Application time: 0.0739470 seconds
285.347: [GC [PSYoungGen: 14352K->480K(15872K)] 35752K->21888K(51712K), 0.0005290 secs] [Times: user=0.00 sys=0.00, real=0.00 secs] 
285.347: Total time for which application threads were stopped: 0.0006740 seconds, Stopping threads took: 0.0000660 seconds
285.422: Application time: 0.0744390 seconds
285.425: [GC [PSYoungGen: 14304K->496K(15872K)] 35712K->21904K(51712K), 0.0005700 secs] [Times: user=0.01 sys=0.00, real=0.00 secs] 
285.426: Total time for which application threads were stopped: 0.0043530 seconds, Stopping threads took: 0.0037050 seconds
285.499: Application time: 0.0733820 seconds
285.500: [GC [PSYoungGen: 14320K->528K(15872K)] 35728K->21936K(51712K), 0.0005400 secs] [Times: user=0.01 sys=0.00, real=0.00 secs] 
285.500: Total time for which application threads were stopped: 0.0006920 seconds, Stopping threads took: 0.0000730 seconds
285.574: Application time: 0.0740200 seconds
285.574: [GC [PSYoungGen: 14352K->512K(15872K)] 35760K->21920K(51712K), 0.0005050 secs] [Times: user=0.00 sys=0.00, real=0.00 secs] 
285.575: Total time for which application threads were stopped: 0.0006460 seconds, Stopping threads took: 0.0000580 seconds
285.646: Application time: 0.0714770 seconds
285.646: [GC [PSYoungGen: 14336K->528K(15872K)] 35744K->21936K(51712K), 0.0004840 secs] [Times: user=0.00 sys=0.00, real=0.00 secs] 
285.647: Total time for which application threads were stopped: 0.0006190 seconds, Stopping threads took: 0.0000610 seconds
285.721: Application time: 0.0738930 seconds
285.721: [GC [PSYoungGen: 14352K->464K(15872K)] 35760K->21872K(51712K), 0.0005300 secs] [Times: user=0.00 sys=0.00, real=0.00 secs] 
285.721: Total time for which application threads were stopped: 0.0006820 seconds, Stopping threads took: 0.0000580 seconds
285.795: Application time: 0.0735520 seconds
285.795: [GC [PSYoungGen: 14288K->496K(15872K)] 35696K->21904K(51712K), 0.0005560 secs] [Times: user=0.00 sys=0.00, real=0.00 secs] 
285.796: Total time for which application threads were stopped: 0.0006870 seconds, Stopping threads took: 0.0000510 seconds
285.870: Application time: 0.0743580 seconds
285.873: [GC [PSYoungGen: 14320K->464K(15872K)] 35728K->21880K(51712K), 0.0005660 secs] [Times: user=0.00 sys=0.00, real=0.00 secs] 
285.874: Total time for which application threads were stopped: 0.0039280 seconds, Stopping threads took: 0.0032860 seconds
285.948: Application time: 0.0741430 seconds
285.948: [GC [PSYoungGen: 14288K->480K(15872K)] 35704K->21904K(51712K), 0.0005420 secs] [Times: user=0.00 sys=0.00, real=0.00 secs] 
285.949: Total time for which application threads were stopped: 0.0006880 seconds, Stopping threads took: 0.0000630 seconds
286.022: Application time: 0.0735070 seconds
286.022: [GC [PSYoungGen: 14304K->544K(15872K)] 35728K->21976K(51712K), 0.0005150 secs] [Times: user=0.00 sys=0.00, real=0.00 secs] 
286.023: Total time for which application threads were stopped: 0.0006490 seconds, Stopping threads took: 0.0000540 seconds
286.097: Application time: 0.0741000 seconds
286.097: [GC [PSYoungGen: 14368K->528K(15872K)] 35800K->21968K(51712K), 0.0005420 secs] [Times: user=0.00 sys=0.00, real=0.00 secs] 
286.098: Total time for which application threads were stopped: 0.0006810 seconds, Stopping threads took: 0.0000610 seconds
286.172: Application time: 0.0741100 seconds
286.172: [GC [PSYoungGen: 14352K->496K(15872K)] 35792K->21936K(51712K), 0.0005240 secs] [Times: user=0.00 sys=0.00, real=0.00 secs] 
286.173: Total time for which application threads were stopped: 0.0006560 seconds, Stopping threads took: 0.0000540 seconds
286.246: Application time: 0.0735390 seconds
286.246: [GC [PSYoungGen: 14320K->512K(15872K)] 35760K->21952K(51712K), 0.0005270 secs] [Times: user=0.00 sys=0.00, real=0.00 secs] 
286.247: Total time for which application threads were stopped: 0.0006790 seconds, Stopping threads took: 0.0000660 seconds
286.321: Application time: 0.0738870 seconds
286.321: [GC [PSYoungGen: 14336K->480K(15872K)] 35776K->21920K(51712K), 0.0005720 secs] [Times: user=0.00 sys=0.00, real=0.00 secs] 
286.321: Total time for which application threads were stopped: 0.0007130 seconds, Stopping threads took: 0.0000590 seconds
286.392: Application time: 0.0705100 seconds
286.392: [GC [PSYoungGen: 14304K->528K(15872K)] 35744K->21968K(51712K), 0.0005450 secs] [Times: user=0.00 sys=0.00, real=0.00 secs] 
286.393: Total time for which application threads were stopped: 0.0006820 seconds, Stopping threads took: 0.0000550 seconds
286.468: Application time: 0.0749500 seconds
286.468: [GC [PSYoungGen: 14352K->528K(15872K)] 35792K->21968K(51712K), 0.0004880 secs] [Times: user=0.00 sys=0.00, real=0.00 secs] 
286.468: Total time for which application threads were stopped: 0.0006180 seconds, Stopping threads took: 0.0000560 seconds
286.541: Application time: 0.0733710 seconds
286.542: [GC [PSYoungGen: 14352K->496K(15872K)] 35792K->21936K(51712K), 0.0005310 secs] [Times: user=0.00 sys=0.00, real=0.00 secs] 
286.542: Total time for which application threads were stopped: 0.0006700 seconds, Stopping threads took: 0.0000610 seconds
286.616: Application time: 0.0742280 seconds
286.617: [GC [PSYoungGen: 14320K->512K(15872K)] 35760K->21960K(51712K), 0.0006360 secs] [Times: user=0.00 sys=0.00, real=0.00 secs] 
286.617: Total time for which application threads were stopped: 0.0007800 seconds, Stopping threads took: 0.0000610 seconds
286.691: Application time: 0.0734920 seconds
286.691: [GC [PSYoungGen: 14336K->544K(15872K)] 35784K->22000K(51712K), 0.0005260 secs] [Times: user=0.00 sys=0.00, real=0.00 secs] 
286.691: Total time for which application threads were stopped: 0.0006660 seconds, Stopping threads took: 0.0000590 seconds
286.765: Application time: 0.0737980 seconds
286.765: [GC [PSYoungGen: 14368K->480K(15872K)] 35824K->21944K(51712K), 0.0006130 secs] [Times: user=0.00 sys=0.00, real=0.01 secs] 
286.766: Total time for which application threads were stopped: 0.0007610 seconds, Stopping threads took: 0.0000620 seconds
286.840: Application time: 0.0738850 seconds
286.840: [GC [PSYoungGen: 14304K->544K(15872K)] 35768K->22008K(51712K), 0.0005620 secs] [Times: user=0.01 sys=0.00, real=0.00 secs] 
286.840: Total time for which application threads were stopped: 0.0006970 seconds, Stopping threads took: 0.0000560 seconds
286.914: Application time: 0.0738110 seconds
286.914: [GC [PSYoungGen: 14368K->528K(15872K)] 35832K->22000K(51712K), 0.0005870 secs] [Times: user=0.00 sys=0.00, real=0.00 secs] 
286.915: Total time for which application threads were stopped: 0.0007190 seconds, Stopping threads took: 0.0000510 seconds
286.989: Application time: 0.0737780 seconds
286.989: [GC [PSYoungGen: 14352K->512K(15872K)] 35824K->21984K(51712K), 0.0006020 secs] [Times: user=0.00 sys=0.01, real=0.00 secs] 
286.990: Total time for which application threads were stopped: 0.0007370 seconds, Stopping threads took: 0.0000560 seconds
287.063: Application time: 0.0732150 seconds
287.063: [GC [PSYoungGen: 14336K->480K(15872K)] 35808K->21952K(51712K), 0.0005670 secs] [Times: user=0.01 sys=0.00, real=0.00 secs] 
287.063: Total time for which application threads were stopped: 0.0007090 seconds, Stopping threads took: 0.0000600 seconds
287.134: Application time: 0.0708670 seconds
287.134: [GC [PSYoungGen: 14304K->496K(15872K)] 35776K->21968K(51712K), 0.0004810 secs] [Times: user=0.01 sys=0.00, real=0.00 secs] 
287.135: Total time for which application threads were stopped: 0.0006090 seconds, Stopping threads took: 0.0000520 seconds
287.209: Application time: 0.0739920 seconds
287.209: [GC [PSYoungGen: 14320K->496K(15872K)] 35792K->21968K(51712K), 0.0005460 secs] [Times: user=0.00 sys=0.00, real=0.00 secs] 
287.210: Total time for which application threads were stopped: 0.0006820 seconds, Stopping threads took: 0.0000560 seconds
287.283: Application time: 0.0734190 seconds
287.283: [GC [PSYoungGen: 14320K->480K(15872K)] 35792K->21952K(51712K), 0.0005260 secs] [Times: user=0.01 sys=0.00, real=0.00 secs] 
287.284: Total time for which application threads were stopped: 0.0006680 seconds, Stopping threads took: 0.0000540 seconds
287.358: Application time: 0.0744650 seconds
287.358: [GC [PSYoungGen: 14304K->496K(15872K)] 35776K->21976K(51712K), 0.0005530 secs] [Times: user=0.01 sys=0.00, real=0.00 secs] 
287.359: Total time for which application threads were stopped: 0.0006870 seconds, Stopping threads took: 0.0000540 seconds
287.433: Application time: 0.0744070 seconds
287.433: [GC [PSYoungGen: 14320K->496K(15872K)] 35800K->21976K(51712K), 0.0005340 secs] [Times: user=0.01 sys=0.00, real=0.00 secs] 
287.434: Total time for which application threads were stopped: 0.0006710 seconds, Stopping threads took: 0.0000590 seconds
287.507: Application time: 0.0731530 seconds
287.507: [GC [PSYoungGen: 14320K->512K(15872K)] 35800K->22000K(51712K), 0.0005110 secs] [Times: user=0.00 sys=0.00, real=0.00 secs] 
287.508: Total time for which application threads were stopped: 0.0006500 seconds, Stopping threads took: 0.0000590 seconds
287.582: Application time: 0.0739280 seconds
287.582: [GC [PSYoungGen: 14336K->496K(15872K)] 35824K->21984K(51712K), 0.0005460 secs] [Times: user=0.01 sys=0.00, real=0.00 secs] 
287.582: Total time for which application threads were stopped: 0.0006710 seconds, Stopping threads took: 0.0000470 seconds
287.656: Application time: 0.0737450 seconds
287.656: [GC [PSYoungGen: 14320K->528K(15872K)] 35808K->22024K(51712K), 0.0005170 secs] [Times: user=0.00 sys=0.00, real=0.00 secs] 
287.657: Total time for which application threads were stopped: 0.0006460 seconds, Stopping threads took: 0.0000560 seconds
287.731: Application time: 0.0743920 seconds
287.731: [GC [PSYoungGen: 14352K->496K(15872K)] 35848K->21992K(51712K), 0.0005190 secs] [Times: user=0.00 sys=0.00, real=0.00 secs] 
287.732: Total time for which application threads were stopped: 0.0006730 seconds, Stopping threads took: 0.0000670 seconds
287.805: Application time: 0.0734770 seconds
287.805: [GC [PSYoungGen: 14320K->528K(15872K)] 35816K->22024K(51712K), 0.0005200 secs] [Times: user=0.00 sys=0.00, real=0.00 secs] 
287.806: Total time for which application threads were stopped: 0.0006690 seconds, Stopping threads took: 0.0000550 seconds
287.878: Application time: 0.0721010 seconds
287.878: [GC [PSYoungGen: 14352K->448K(15872K)] 35848K->21944K(51712K), 0.0004690 secs] [Times: user=0.01 sys=0.00, real=0.00 secs] 
287.879: Total time for which application threads were stopped: 0.0006130 seconds, Stopping threads took: 0.0000650 seconds
287.951: Application time: 0.0725400 seconds
287.951: [GC [PSYoungGen: 14272K->496K(15872K)] 35768K->21992K(51712K), 0.0005520 secs] [Times: user=0.01 sys=0.00, real=0.00 secs] 
287.952: Total time for which application threads were stopped: 0.0006880 seconds, Stopping threads took: 0.0000550 seconds
288.026: Application time: 0.0745280 seconds
288.027: [GC [PSYoungGen: 14320K->512K(15872K)] 35816K->22008K(51712K), 0.0006030 secs] [Times: user=0.01 sys=0.00, real=0.00 secs] 
288.027: Total time for which application threads were stopped: 0.0007380 seconds, Stopping threads took: 0.0000560 seconds
288.101: Application time: 0.0741310 seconds
288.101: [GC [PSYoungGen: 14336K->528K(15872K)] 35832K->22024K(51712K), 0.0005740 secs] [Times: user=0.00 sys=0.00, real=0.00 secs] 
288.102: Total time for which application threads were stopped: 0.0007120 seconds, Stopping threads took: 0.0000600 seconds
288.176: Application time: 0.0741790 seconds
288.176: [GC [PSYoungGen: 14352K->528K(15872K)] 35848K->22032K(51712K), 0.0005560 secs] [Times: user=0.00 sys=0.00, real=0.00 secs] 
288.177: Total time for which application threads were stopped: 0.0006950 seconds, Stopping threads took: 0.0000600 seconds
288.251: Application time: 0.0738120 seconds
288.251: [GC [PSYoungGen: 14352K->528K(15872K)] 35856K->22040K(51712K), 0.0005580 secs] [Times: user=0.00 sys=0.00, real=0.00 secs] 
288.251: Total time for which application threads were stopped: 0.0006940 seconds, Stopping threads took: 0.0000600 seconds
288.325: Application time: 0.0738250 seconds
288.325: [GC [PSYoungGen: 14352K->496K(15872K)] 35864K->22008K(51712K), 0.0005380 secs] [Times: user=0.00 sys=0.00, real=0.00 secs] 
288.326: Total time for which application threads were stopped: 0.0006790 seconds, Stopping threads took: 0.0000560 seconds
288.400: Application time: 0.0742590 seconds
288.400: [GC [PSYoungGen: 14320K->464K(15872K)] 35832K->21984K(51712K), 0.0005350 secs] [Times: user=0.00 sys=0.00, real=0.00 secs] 
288.401: Total time for which application threads were stopped: 0.0006670 seconds, Stopping threads took: 0.0000570 seconds
288.475: Application time: 0.0740860 seconds
288.475: [GC [PSYoungGen: 14288K->528K(15872K)] 35808K->22048K(51712K), 0.0005290 secs] [Times: user=0.00 sys=0.00, real=0.00 secs] 
288.476: Total time for which application threads were stopped: 0.0006680 seconds, Stopping threads took: 0.0000590 seconds
288.549: Application time: 0.0737400 seconds
288.549: [GC [PSYoungGen: 14352K->528K(15872K)] 35872K->22048K(51712K), 0.0005260 secs] [Times: user=0.01 sys=0.00, real=0.00 secs] 
288.550: Total time for which application threads were stopped: 0.0006790 seconds, Stopping threads took: 0.0000710 seconds
288.623: Application time: 0.0727790 seconds
288.623: [GC [PSYoungGen: 14352K->528K(15872K)] 35872K->22048K(51712K), 0.0005340 secs] [Times: user=0.00 sys=0.00, real=0.00 secs] 
288.623: Total time for which application threads were stopped: 0.0006650 seconds, Stopping threads took: 0.0000510 seconds
288.696: Application time: 0.0725260 seconds
288.696: [GC [PSYoungGen: 14352K->528K(15872K)] 35872K->22048K(51712K), 0.0005440 secs] [Times: user=0.00 sys=0.00, real=0.00 secs] 
288.697: Total time for which application threads were stopped: 0.0006840 seconds, Stopping threads took: 0.0000610 seconds
288.770: Application time: 0.0737890 seconds
288.771: [GC [PSYoungGen: 14352K->496K(15872K)] 35872K->22016K(51712K), 0.0005710 secs] [Times: user=0.00 sys=0.00, real=0.00 secs] 
288.771: Total time for which application threads were stopped: 0.0007150 seconds, Stopping threads took: 0.0000650 seconds
288.845: Application time: 0.0733450 seconds
288.845: [GC [PSYoungGen: 14320K->496K(15872K)] 35840K->22016K(51712K), 0.0005640 secs] [Times: user=0.00 sys=0.00, real=0.00 secs] 
288.845: Total time for which application threads were stopped: 0.0007210 seconds, Stopping threads took: 0.0000720 seconds
288.919: Application time: 0.0739730 seconds
288.919: [GC [PSYoungGen: 14320K->528K(15872K)] 35840K->22064K(51712K), 0.0005830 secs] [Times: user=0.01 sys=0.00, real=0.00 secs] 
288.920: Total time for which application threads were stopped: 0.0007200 seconds, Stopping threads took: 0.0000600 seconds
288.994: Application time: 0.0738780 seconds
288.994: [GC [PSYoungGen: 14352K->512K(15872K)] 35888K->22056K(51712K), 0.0005410 secs] [Times: user=0.00 sys=0.00, real=0.00 secs] 
288.995: Total time for which application threads were stopped: 0.0006870 seconds, Stopping threads took: 0.0000660 seconds
289.068: Application time: 0.0737460 seconds
289.068: [GC [PSYoungGen: 14336K->496K(15872K)] 35880K->22072K(51712K), 0.0005560 secs] [Times: user=0.00 sys=0.00, real=0.00 secs] 
289.069: Total time for which application threads were stopped: 0.0007060 seconds, Stopping threads took: 0.0000750 seconds
289.143: Application time: 0.0741020 seconds
289.143: [GC [PSYoungGen: 14320K->496K(15872K)] 35896K->22080K(51712K), 0.0005090 secs] [Times: user=0.01 sys=0.00, real=0.00 secs] 
289.144: Total time for which application threads were stopped: 0.0006420 seconds, Stopping threads took: 0.0000560 seconds
289.218: Application time: 0.0740020 seconds
289.218: [GC [PSYoungGen: 14320K->480K(15872K)] 35904K->22064K(51712K), 0.0005320 secs] [Times: user=0.01 sys=0.00, real=0.00 secs] 
289.218: Total time for which application threads were stopped: 0.0006880 seconds, Stopping threads took: 0.0000780 seconds
289.292: Application time: 0.0740340 seconds
289.293: [GC [PSYoungGen: 14304K->512K(15872K)] 35888K->22096K(51712K), 0.0005820 secs] [Times: user=0.01 sys=0.00, real=0.00 secs] 
289.293: Total time for which application threads were stopped: 0.0007690 seconds, Stopping threads took: 0.0001050 seconds
289.366: Application time: 0.0731990 seconds
289.367: [GC [PSYoungGen: 14336K->480K(15872K)] 35920K->22064K(51712K), 0.0005780 secs] [Times: user=0.00 sys=0.00, real=0.00 secs] 
289.367: Total time for which application threads were stopped: 0.0007280 seconds, Stopping threads took: 0.0000620 seconds
289.439: Application time: 0.0715620 seconds
289.439: [GC [PSYoungGen: 14304K->528K(15872K)] 35888K->22112K(51712K), 0.0005110 secs] [Times: user=0.01 sys=0.00, real=0.00 secs] 
289.439: Total time for which application threads were stopped: 0.0006490 seconds, Stopping threads took: 0.0000610 seconds
289.514: Application time: 0.0751150 seconds
289.518: [GC [PSYoungGen: 14352K->496K(15872K)] 35936K->22080K(51712K), 0.0007580 secs] [Times: user=0.00 sys=0.00, real=0.00 secs] 
289.518: Total time for which application threads were stopped: 0.0039230 seconds, Stopping threads took: 0.0030910 seconds
289.592: Application time: 0.0740320 seconds
289.593: [GC [PSYoungGen: 14320K->464K(15872K)] 35904K->22048K(51712K), 0.0005570 secs] [Times: user=0.00 sys=0.00, real=0.00 secs] 
289.593: Total time for which application threads were stopped: 0.0007130 seconds, Stopping threads took: 0.0000790 seconds
289.668: Application time: 0.0743710 seconds
289.668: [GC [PSYoungGen: 14288K->496K(15872K)] 35872K->22088K(51712K), 0.0005020 secs] [Times: user=0.00 sys=0.00, real=0.00 secs] 
289.668: Total time for which application threads were stopped: 0.0006360 seconds, Stopping threads took: 0.0000570 seconds
289.742: Application time: 0.0735770 seconds
289.742: [GC [PSYoungGen: 14320K->528K(15872K)] 35912K->22136K(51712K), 0.0005490 secs] [Times: user=0.00 sys=0.00, real=0.00 secs] 
289.742: Total time for which application threads were stopped: 0.0007010 seconds, Stopping threads took: 0.0000730 seconds
289.816: Application time: 0.0739800 seconds
289.817: [GC [PSYoungGen: 14352K->512K(15872K)] 35960K->22128K(51712K), 0.0005310 secs] [Times: user=0.00 sys=0.00, real=0.00 secs] 
289.817: Total time for which application threads were stopped: 0.0006570 seconds, Stopping threads took: 0.0000530 seconds
289.891: Application time: 0.0740040 seconds
289.893: [GC [PSYoungGen: 14336K->496K(15872K)] 35952K->22112K(51712K), 0.0005380 secs] [Times: user=0.01 sys=0.00, real=0.00 secs] 
289.894: Total time for which application threads were stopped: 0.0028690 seconds, Stopping threads took: 0.0022440 seconds
289.968: Application time: 0.0736310 seconds
289.968: [GC [PSYoungGen: 14320K->512K(15872K)] 35936K->22136K(51712K), 0.0005270 secs] [Times: user=0.00 sys=0.00, real=0.00 secs] 
289.968: Total time for which application threads were stopped: 0.0006740 seconds, Stopping threads took: 0.0000680 seconds
290.042: Application time: 0.0741400 seconds
290.043: [GC [PSYoungGen: 14336K->512K(15872K)] 35960K->22136K(51712K), 0.0005580 secs] [Times: user=0.00 sys=0.00, real=0.00 secs] 
290.043: Total time for which application threads were stopped: 0.0006960 seconds, Stopping threads took: 0.0000610 seconds
290.116: Application time: 0.0732580 seconds
290.117: [GC [PSYoungGen: 14336K->480K(15872K)] 35960K->22104K(51712K), 0.0005490 secs] [Times: user=0.00 sys=0.00, real=0.00 secs] 
290.117: Total time for which application threads were stopped: 0.0006960 seconds, Stopping threads took: 0.0000660 seconds
290.188: Application time: 0.0709570 seconds
290.188: [GC [PSYoungGen: 14304K->528K(15872K)] 35928K->22152K(51712K), 0.0005220 secs] [Times: user=0.00 sys=0.00, real=0.00 secs] 
290.189: Total time for which application threads were stopped: 0.0006620 seconds, Stopping threads took: 0.0000600 seconds
290.263: Application time: 0.0740370 seconds
290.263: [GC [PSYoungGen: 14352K->512K(15872K)] 35976K->22136K(51712K), 0.0005270 secs] [Times: user=0.01 sys=0.00, real=0.00 secs] 
290.263: Total time for which application threads were stopped: 0.0006760 seconds, Stopping threads took: 0.0000690 seconds
290.340: Application time: 0.0761760 seconds
290.340: [GC [PSYoungGen: 14336K->512K(15872K)] 35960K->22136K(51712K), 0.0005310 secs] [Times: user=0.00 sys=0.00, real=0.00 secs] 
290.340: Total time for which application threads were stopped: 0.0006650 seconds, Stopping threads took: 0.0000590 seconds
290.414: Application time: 0.0741190 seconds
290.414: [GC [PSYoungGen: 14336K->496K(15872K)] 35960K->22128K(51712K), 0.0005370 secs] [Times: user=0.00 sys=0.00, real=0.00 secs] 
290.415: Total time for which application threads were stopped: 0.0006740 seconds, Stopping threads took: 0.0000400 seconds
290.489: Application time: 0.0741420 seconds
290.489: [GC [PSYoungGen: 14320K->512K(15872K)] 35952K->22152K(51712K), 0.0005260 secs] [Times: user=0.00 sys=0.00, real=0.00 secs] 
290.490: Total time for which application threads were stopped: 0.0006700 seconds, Stopping threads took: 0.0000630 seconds
290.564: Application time: 0.0737490 seconds
290.564: [GC [PSYoungGen: 14336K->496K(15872K)] 35976K->22144K(51712K), 0.0005260 secs] [Times: user=0.00 sys=0.00, real=0.00 secs] 
290.564: Total time for which application threads were stopped: 0.0006650 seconds, Stopping threads took: 0.0000590 seconds
290.639: Application time: 0.0744270 seconds
290.639: [GC [PSYoungGen: 14320K->496K(15872K)] 35968K->22144K(51712K), 0.0005420 secs] [Times: user=0.00 sys=0.00, real=0.00 secs] 
290.639: Total time for which application threads were stopped: 0.0006790 seconds, Stopping threads took: 0.0000580 seconds
290.714: Application time: 0.0743690 seconds
290.714: [GC [PSYoungGen: 14320K->528K(15872K)] 35968K->22200K(51712K), 0.0005330 secs] [Times: user=0.01 sys=0.00, real=0.00 secs] 
290.714: Total time for which application threads were stopped: 0.0006790 seconds, Stopping threads took: 0.0000670 seconds
290.789: Application time: 0.0741180 seconds
290.789: [GC [PSYoungGen: 14352K->496K(15872K)] 36024K->22168K(51712K), 0.0005670 secs] [Times: user=0.00 sys=0.00, real=0.00 secs] 
290.789: Total time for which application threads were stopped: 0.0007190 seconds, Stopping threads took: 0.0000600 seconds
290.863: Application time: 0.0738100 seconds
290.863: [GC [PSYoungGen: 14320K->464K(15872K)] 35992K->22136K(51712K), 0.0005200 secs] [Times: user=0.00 sys=0.00, real=0.00 secs] 
290.864: Total time for which application threads were stopped: 0.0006670 seconds, Stopping threads took: 0.0000670 seconds
290.935: Application time: 0.0709860 seconds
290.935: [GC [PSYoungGen: 14284K->464K(15872K)] 35956K->22136K(51712K), 0.0005830 secs] [Times: user=0.00 sys=0.00, real=0.00 secs] 
290.935: Total time for which application threads were stopped: 0.0007290 seconds, Stopping threads took: 0.0000560 seconds
291.010: Application time: 0.0749990 seconds
291.011: [GC [PSYoungGen: 14288K->496K(15872K)] 35960K->22168K(51712K), 0.0004990 secs] [Times: user=0.00 sys=0.00, real=0.00 secs] 
291.011: Total time for which application threads were stopped: 0.0006230 seconds, Stopping threads took: 0.0000540 seconds
291.086: Application time: 0.0744680 seconds
291.086: [GC [PSYoungGen: 14320K->528K(15872K)] 35992K->22200K(51712K), 0.0004940 secs] [Times: user=0.00 sys=0.00, real=0.00 secs] 
291.086: Total time for which application threads were stopped: 0.0006220 seconds, Stopping threads took: 0.0000550 seconds
291.161: Application time: 0.0751250 seconds
291.166: [GC [PSYoungGen: 14352K->464K(15872K)] 36024K->22136K(51712K), 0.0009760 secs] [Times: user=0.00 sys=0.00, real=0.00 secs] 
291.167: Total time for which application threads were stopped: 0.0052090 seconds, Stopping threads took: 0.0041150 seconds
291.248: Application time: 0.0811530 seconds
291.249: [GC [PSYoungGen: 14288K->512K(15872K)] 35960K->22208K(51712K), 0.0005690 secs] [Times: user=0.00 sys=0.00, real=0.00 secs] 
291.250: Total time for which application threads were stopped: 0.0022820 seconds, Stopping threads took: 0.0016340 seconds
291.323: Application time: 0.0733500 seconds
291.323: [GC [PSYoungGen: 14336K->512K(15872K)] 36032K->22216K(51712K), 0.0005510 secs] [Times: user=0.00 sys=0.00, real=0.00 secs] 
291.324: Total time for which application threads were stopped: 0.0006880 seconds, Stopping threads took: 0.0000550 seconds
291.398: Application time: 0.0738490 seconds
291.398: [GC [PSYoungGen: 14336K->512K(15872K)] 36040K->22216K(51712K), 0.0005370 secs] [Times: user=0.01 sys=0.00, real=0.00 secs] 
291.399: Total time for which application threads were stopped: 0.0006670 seconds, Stopping threads took: 0.0000520 seconds
291.473: Application time: 0.0741730 seconds
291.473: [GC [PSYoungGen: 14336K->512K(15872K)] 36040K->22224K(51712K), 0.0005660 secs] [Times: user=0.00 sys=0.00, real=0.01 secs] 
291.473: Total time for which application threads were stopped: 0.0007090 seconds, Stopping threads took: 0.0000520 seconds
291.547: Application time: 0.0739490 seconds
291.547: [GC [PSYoungGen: 14336K->512K(15872K)] 36048K->22224K(51712K), 0.0005530 secs] [Times: user=0.00 sys=0.00, real=0.00 secs] 
291.548: Total time for which application threads were stopped: 0.0006820 seconds, Stopping threads took: 0.0000520 seconds
291.622: Application time: 0.0737050 seconds
291.622: [GC [PSYoungGen: 14336K->512K(15872K)] 36048K->22224K(51712K), 0.0005430 secs] [Times: user=0.00 sys=0.00, real=0.00 secs] 
291.622: Total time for which application threads were stopped: 0.0006780 seconds, Stopping threads took: 0.0000550 seconds
291.694: Application time: 0.0716780 seconds
291.694: [GC [PSYoungGen: 14336K->512K(15872K)] 36048K->22224K(51712K), 0.0005350 secs] [Times: user=0.00 sys=0.00, real=0.00 secs] 
291.695: Total time for which application threads were stopped: 0.0006640 seconds, Stopping threads took: 0.0000500 seconds
291.768: Application time: 0.0731490 seconds
291.768: [GC [PSYoungGen: 14336K->496K(15872K)] 36048K->22208K(51712K), 0.0005600 secs] [Times: user=0.01 sys=0.00, real=0.00 secs] 
291.769: Total time for which application threads were stopped: 0.0006980 seconds, Stopping threads took: 0.0000560 seconds
291.842: Application time: 0.0736410 seconds
291.842: [GC [PSYoungGen: 14320K->480K(15872K)] 36032K->22192K(51712K), 0.0005660 secs] [Times: user=0.00 sys=0.00, real=0.00 secs] 
291.843: Total time for which application threads were stopped: 0.0007040 seconds, Stopping threads took: 0.0000530 seconds
291.917: Application time: 0.0742480 seconds
291.917: [GC [PSYoungGen: 14304K->512K(15872K)] 36016K->22224K(51712K), 0.0005260 secs] [Times: user=0.00 sys=0.00, real=0.00 secs] 
291.918: Total time for which application threads were stopped: 0.0006760 seconds, Stopping threads took: 0.0000690 seconds
291.992: Application time: 0.0742030 seconds
291.992: [GC [PSYoungGen: 14336K->528K(15872K)] 36048K->22248K(51712K), 0.0005130 secs] [Times: user=0.00 sys=0.00, real=0.00 secs] 
291.993: Total time for which application threads were stopped: 0.0006550 seconds, Stopping threads took: 0.0000530 seconds
292.066: Application time: 0.0733520 seconds
292.066: [GC [PSYoungGen: 14352K->464K(15872K)] 36072K->22192K(51712K), 0.0005330 secs] [Times: user=0.00 sys=0.00, real=0.00 secs] 
292.067: Total time for which application threads were stopped: 0.0006710 seconds, Stopping threads took: 0.0000610 seconds
292.141: Application time: 0.0740120 seconds
292.141: [GC [PSYoungGen: 14288K->528K(15872K)] 36016K->22256K(51712K), 0.0005580 secs] [Times: user=0.00 sys=0.00, real=0.00 secs] 
292.142: Total time for which application threads were stopped: 0.0006840 seconds, Stopping threads took: 0.0000500 seconds
292.215: Application time: 0.0738260 seconds
292.215: [GC [PSYoungGen: 14352K->496K(15872K)] 36080K->22232K(51712K), 0.0005130 secs] [Times: user=0.00 sys=0.00, real=0.00 secs] 
292.216: Total time for which application threads were stopped: 0.0006480 seconds, Stopping threads took: 0.0000600 seconds
292.290: Application time: 0.0743740 seconds
292.290: [GC [PSYoungGen: 14320K->496K(15872K)] 36056K->22232K(51712K), 0.0005690 secs] [Times: user=0.00 sys=0.00, real=0.00 secs] 
292.291: Total time for which application threads were stopped: 0.0007130 seconds, Stopping threads took: 0.0000680 seconds
292.365: Application time: 0.0739060 seconds
292.365: [GC [PSYoungGen: 14320K->480K(15872K)] 36056K->22216K(51712K), 0.0005190 secs] [Times: user=0.01 sys=0.00, real=0.01 secs] 
292.366: Total time for which application threads were stopped: 0.0006620 seconds, Stopping threads took: 0.0000650 seconds
292.438: Application time: 0.0718780 seconds
292.438: [GC [PSYoungGen: 14304K->464K(15872K)] 36040K->22200K(51712K), 0.0006010 secs] [Times: user=0.00 sys=0.00, real=0.00 secs] 
292.438: Total time for which application threads were stopped: 0.0007290 seconds, Stopping threads took: 0.0000540 seconds
292.512: Application time: 0.0739050 seconds
292.512: [GC [PSYoungGen: 14288K->528K(15872K)] 36024K->22264K(51712K), 0.0005430 secs] [Times: user=0.00 sys=0.00, real=0.00 secs] 
292.513: Total time for which application threads were stopped: 0.0006940 seconds, Stopping threads took: 0.0000650 seconds
292.587: Application time: 0.0739250 seconds
292.587: [GC [PSYoungGen: 14343K->464K(15872K)] 36080K->22200K(51712K), 0.0005370 secs] [Times: user=0.00 sys=0.00, real=0.00 secs] 
292.587: Total time for which application threads were stopped: 0.0006970 seconds, Stopping threads took: 0.0000810 seconds
292.661: Application time: 0.0737250 seconds
292.661: [GC [PSYoungGen: 14288K->512K(15872K)] 36024K->22248K(51712K), 0.0005350 secs] [Times: user=0.01 sys=0.00, real=0.00 secs] 
292.662: Total time for which application threads were stopped: 0.0006670 seconds, Stopping threads took: 0.0000510 seconds
292.736: Application time: 0.0739420 seconds
292.736: [GC [PSYoungGen: 14336K->496K(15872K)] 36072K->22240K(51712K), 0.0005230 secs] [Times: user=0.00 sys=0.00, real=0.00 secs] 
292.736: Total time for which application threads were stopped: 0.0006550 seconds, Stopping threads took: 0.0000560 seconds
292.810: Application time: 0.0737350 seconds
292.810: [GC [PSYoungGen: 14320K->496K(15872K)] 36064K->22248K(51712K), 0.0005160 secs] [Times: user=0.00 sys=0.00, real=0.00 secs] 
292.811: Total time for which application threads were stopped: 0.0006650 seconds, Stopping threads took: 0.0000630 seconds
292.885: Application time: 0.0739060 seconds
292.885: [GC [PSYoungGen: 14320K->480K(15872K)] 36072K->22240K(51712K), 0.0005180 secs] [Times: user=0.01 sys=0.00, real=0.01 secs] 
292.885: Total time for which application threads were stopped: 0.0006600 seconds, Stopping threads took: 0.0000630 seconds
292.960: Application time: 0.0742980 seconds
292.960: [GC [PSYoungGen: 14304K->544K(15872K)] 36064K->22312K(51712K), 0.0005420 secs] [Times: user=0.00 sys=0.00, real=0.00 secs] 
292.960: Total time for which application threads were stopped: 0.0006840 seconds, Stopping threads took: 0.0000600 seconds
293.034: Application time: 0.0738020 seconds
293.034: [GC [PSYoungGen: 14368K->528K(15872K)] 36136K->22296K(51712K), 0.0005560 secs] [Times: user=0.00 sys=0.00, real=0.00 secs] 
293.035: Total time for which application threads were stopped: 0.0007330 seconds, Stopping threads took: 0.0000850 seconds
293.108: Application time: 0.0732580 seconds
293.108: [GC [PSYoungGen: 14352K->512K(15872K)] 36120K->22280K(51712K), 0.0006180 secs] [Times: user=0.01 sys=0.00, real=0.00 secs] 
293.109: Total time for which application threads were stopped: 0.0007600 seconds, Stopping threads took: 0.0000600 seconds
293.182: Application time: 0.0729460 seconds
293.182: [GC [PSYoungGen: 14336K->464K(15872K)] 36104K->22232K(51712K), 0.0004950 secs] [Times: user=0.00 sys=0.00, real=0.00 secs] 
293.183: Total time for which application threads were stopped: 0.0006240 seconds, Stopping threads took: 0.0000540 seconds
293.255: Application time: 0.0720960 seconds
293.255: [GC [PSYoungGen: 14288K->480K(15872K)] 36056K->22248K(51712K), 0.0005580 secs] [Times: user=0.00 sys=0.00, real=0.00 secs] 
293.255: Total time for which application threads were stopped: 0.0006890 seconds, Stopping threads took: 0.0000560 seconds
293.329: Application time: 0.0737000 seconds
293.329: [GC [PSYoungGen: 14304K->480K(15872K)] 36072K->22248K(51712K), 0.0005260 secs] [Times: user=0.00 sys=0.00, real=0.00 secs] 
293.330: Total time for which application threads were stopped: 0.0006500 seconds, Stopping threads took: 0.0000480 seconds
293.404: Application time: 0.0740380 seconds
293.404: [GC [PSYoungGen: 14304K->480K(15872K)] 36072K->22248K(51712K), 0.0005160 secs] [Times: user=0.00 sys=0.00, real=0.00 secs] 
293.404: Total time for which application threads were stopped: 0.0006500 seconds, Stopping threads took: 0.0000540 seconds
293.478: Application time: 0.0736060 seconds
293.478: [GC [PSYoungGen: 14304K->512K(15872K)] 36072K->22288K(51712K), 0.0005000 secs] [Times: user=0.00 sys=0.00, real=0.00 secs] 
293.479: Total time for which application threads were stopped: 0.0006300 seconds, Stopping threads took: 0.0000530 seconds
293.553: Application time: 0.0742640 seconds
293.553: [GC [PSYoungGen: 14336K->544K(15872K)] 36112K->22328K(51712K), 0.0005570 secs] [Times: user=0.01 sys=0.00, real=0.01 secs] 
293.554: Total time for which application threads were stopped: 0.0007050 seconds, Stopping threads took: 0.0000620 seconds
293.627: Application time: 0.0732790 seconds
293.627: [GC [PSYoungGen: 14368K->512K(15872K)] 36152K->22304K(51712K), 0.0005440 secs] [Times: user=0.00 sys=0.00, real=0.00 secs] 
293.628: Total time for which application threads were stopped: 0.0006850 seconds, Stopping threads took: 0.0000640 seconds
293.702: Application time: 0.0739800 seconds
293.702: [GC [PSYoungGen: 14336K->512K(15872K)] 36128K->22304K(51712K), 0.0005870 secs] [Times: user=0.01 sys=0.00, real=0.00 secs] 
293.702: Total time for which application threads were stopped: 0.0007260 seconds, Stopping threads took: 0.0000590 seconds
293.776: Application time: 0.0739680 seconds
293.776: [GC [PSYoungGen: 14336K->496K(15872K)] 36128K->22296K(51712K), 0.0006250 secs] [Times: user=0.00 sys=0.00, real=0.00 secs] 
293.778: Total time for which application threads were stopped: 0.0017550 seconds, Stopping threads took: 0.0000780 seconds
293.851: Application time: 0.0733450 seconds
293.851: [GC [PSYoungGen: 14320K->496K(15872K)] 36120K->22296K(51712K), 0.0006930 secs] [Times: user=0.01 sys=0.00, real=0.00 secs] 
293.852: Total time for which application threads were stopped: 0.0008430 seconds, Stopping threads took: 0.0000690 seconds
293.926: Application time: 0.0738510 seconds
293.926: [GC [PSYoungGen: 14320K->528K(15872K)] 36120K->22328K(51712K), 0.0005760 secs] [Times: user=0.00 sys=0.00, real=0.00 secs] 
293.927: Total time for which application threads were stopped: 0.0007110 seconds, Stopping threads took: 0.0000560 seconds
293.998: Application time: 0.0710730 seconds
293.998: [GC [PSYoungGen: 14352K->496K(15872K)] 36152K->22296K(51712K), 0.0005150 secs] [Times: user=0.01 sys=0.00, real=0.00 secs] 
293.998: Total time for which application threads were stopped: 0.0006520 seconds, Stopping threads took: 0.0000590 seconds
294.074: Application time: 0.0750960 seconds
294.074: [GC [PSYoungGen: 14320K->480K(15872K)] 36120K->22280K(51712K), 0.0005540 secs] [Times: user=0.01 sys=0.00, real=0.00 secs] 
294.074: Total time for which application threads were stopped: 0.0007080 seconds, Stopping threads took: 0.0000630 seconds
294.148: Application time: 0.0735010 seconds
294.148: [GC [PSYoungGen: 14304K->512K(15872K)] 36104K->22312K(51712K), 0.0005430 secs] [Times: user=0.00 sys=0.00, real=0.00 secs] 
294.148: Total time for which application threads were stopped: 0.0006780 seconds, Stopping threads took: 0.0000560 seconds
294.223: Application time: 0.0741410 seconds
294.223: [GC [PSYoungGen: 14336K->480K(15872K)] 36136K->22288K(51712K), 0.0005610 secs] [Times: user=0.01 sys=0.00, real=0.00 secs] 
294.223: Total time for which application threads were stopped: 0.0007140 seconds, Stopping threads took: 0.0000760 seconds
294.298: Application time: 0.0742680 seconds
294.298: [GC [PSYoungGen: 14304K->480K(15872K)] 36112K->22312K(51712K), 0.0005150 secs] [Times: user=0.00 sys=0.00, real=0.00 secs] 
294.298: Total time for which application threads were stopped: 0.0006660 seconds, Stopping threads took: 0.0000710 seconds
294.372: Application time: 0.0733250 seconds
294.372: [GC [PSYoungGen: 14304K->480K(15872K)] 36136K->22320K(51712K), 0.0005860 secs] [Times: user=0.00 sys=0.00, real=0.00 secs] 
294.372: Total time for which application threads were stopped: 0.0007210 seconds, Stopping threads took: 0.0000560 seconds
294.446: Application time: 0.0739300 seconds
294.446: [GC [PSYoungGen: 14304K->480K(15872K)] 36144K->22320K(51712K), 0.0005370 secs] [Times: user=0.00 sys=0.00, real=0.00 secs] 
294.447: Total time for which application threads were stopped: 0.0006720 seconds, Stopping threads took: 0.0000540 seconds
294.521: Application time: 0.0740680 seconds
294.521: [GC [PSYoungGen: 14304K->496K(15872K)] 36144K->22344K(51712K), 0.0005350 secs] [Times: user=0.00 sys=0.00, real=0.00 secs] 
294.522: Total time for which application threads were stopped: 0.0006950 seconds, Stopping threads took: 0.0000790 seconds
294.596: Application time: 0.0741580 seconds
294.596: [GC [PSYoungGen: 14320K->480K(15872K)] 36168K->22328K(51712K), 0.0005800 secs] [Times: user=0.00 sys=0.00, real=0.00 secs] 
294.597: Total time for which application threads were stopped: 0.0007310 seconds, Stopping threads took: 0.0000600 seconds
294.670: Application time: 0.0733970 seconds
294.670: [GC [PSYoungGen: 14304K->464K(15872K)] 36152K->22312K(51712K), 0.0005710 secs] [Times: user=0.00 sys=0.00, real=0.00 secs] 
294.671: Total time for which application threads were stopped: 0.0007100 seconds, Stopping threads took: 0.0000570 seconds
294.742: Application time: 0.0708370 seconds
294.742: [GC [PSYoungGen: 14288K->512K(15872K)] 36136K->22360K(51712K), 0.0005220 secs] [Times: user=0.00 sys=0.00, real=0.00 secs] 
294.742: Total time for which application threads were stopped: 0.0006640 seconds, Stopping threads took: 0.0000630 seconds
294.816: Application time: 0.0741950 seconds
294.817: [GC [PSYoungGen: 14336K->512K(15872K)] 36184K->22360K(51712K), 0.0005560 secs] [Times: user=0.00 sys=0.00, real=0.00 secs] 
294.817: Total time for which application threads were stopped: 0.0007100 seconds, Stopping threads took: 0.0000640 seconds
294.890: Application time: 0.0731890 seconds
294.890: [GC [PSYoungGen: 14336K->496K(15872K)] 36184K->22344K(51712K), 0.0005280 secs] [Times: user=0.00 sys=0.00, real=0.00 secs] 
294.891: Total time for which application threads were stopped: 0.0006620 seconds, Stopping threads took: 0.0000570 seconds
294.965: Application time: 0.0740250 seconds
294.965: [GC [PSYoungGen: 14320K->544K(15872K)] 36168K->22400K(51712K), 0.0005160 secs] [Times: user=0.01 sys=0.00, real=0.01 secs] 
294.966: Total time for which application threads were stopped: 0.0006600 seconds, Stopping threads took: 0.0000670 seconds
295.040: Application time: 0.0738880 seconds
295.040: [GC [PSYoungGen: 14368K->496K(15872K)] 36224K->22352K(51712K), 0.0006070 secs] [Times: user=0.00 sys=0.00, real=0.00 secs] 
295.040: Total time for which application threads were stopped: 0.0007550 seconds, Stopping threads took: 0.0000680 seconds
295.114: Application time: 0.0736580 seconds
295.114: [GC [PSYoungGen: 14320K->496K(15872K)] 36176K->22360K(51712K), 0.0005510 secs] [Times: user=0.00 sys=0.00, real=0.00 secs] 
295.115: Total time for which application threads were stopped: 0.0006960 seconds, Stopping threads took: 0.0000570 seconds
295.189: Application time: 0.0739510 seconds
295.189: [GC [PSYoungGen: 14320K->512K(15872K)] 36184K->22376K(51712K), 0.0005250 secs] [Times: user=0.00 sys=0.00, real=0.00 secs] 
295.189: Total time for which application threads were stopped: 0.0006620 seconds, Stopping threads took: 0.0000600 seconds
295.264: Application time: 0.0744650 seconds
295.264: [GC [PSYoungGen: 14336K->544K(15872K)] 36200K->22416K(51712K), 0.0005030 secs] [Times: user=0.00 sys=0.00, real=0.00 secs] 
295.264: Total time for which application threads were stopped: 0.0006240 seconds, Stopping threads took: 0.0000470 seconds
295.339: Application time: 0.0745880 seconds
295.339: [GC [PSYoungGen: 14368K->448K(15872K)] 36240K->22320K(51712K), 0.0005110 secs] [Times: user=0.00 sys=0.00, real=0.00 secs] 
295.340: Total time for which application threads were stopped: 0.0006400 seconds, Stopping threads took: 0.0000560 seconds
295.413: Application time: 0.0737800 seconds
295.413: [GC [PSYoungGen: 14272K->480K(15872K)] 36144K->22352K(51712K), 0.0005030 secs] [Times: user=0.01 sys=0.00, real=0.00 secs] 
295.414: Total time for which application threads were stopped: 0.0006460 seconds, Stopping threads took: 0.0000610 seconds
295.485: Application time: 0.0709980 seconds
295.485: [GC [PSYoungGen: 14304K->464K(15872K)] 36176K->22336K(51712K), 0.0005740 secs] [Times: user=0.01 sys=0.00, real=0.01 secs] 
295.486: Total time for which application threads were stopped: 0.0007110 seconds, Stopping threads took: 0.0000610 seconds
295.561: Application time: 0.0754810 seconds
295.561: [GC [PSYoungGen: 14288K->496K(15872K)] 36160K->22368K(51712K), 0.0006070 secs] [Times: user=0.00 sys=0.00, real=0.00 secs] 
295.562: Total time for which application threads were stopped: 0.0007460 seconds, Stopping threads took: 0.0000600 seconds
295.635: Application time: 0.0734170 seconds
295.636: [GC [PSYoungGen: 14320K->512K(15872K)] 36192K->22384K(51712K), 0.0005670 secs] [Times: user=0.00 sys=0.00, real=0.00 secs] 
295.636: Total time for which application threads were stopped: 0.0007510 seconds, Stopping threads took: 0.0000950 seconds
295.710: Application time: 0.0736330 seconds
295.710: [GC [PSYoungGen: 14336K->528K(15872K)] 36208K->22400K(51712K), 0.0005380 secs] [Times: user=0.00 sys=0.00, real=0.00 secs] 
295.710: Total time for which application threads were stopped: 0.0006760 seconds, Stopping threads took: 0.0000590 seconds
295.785: Application time: 0.0743320 seconds
295.785: [GC [PSYoungGen: 14352K->480K(15872K)] 36224K->22360K(51712K), 0.0005390 secs] [Times: user=0.00 sys=0.00, real=0.01 secs] 
295.785: Total time for which application threads were stopped: 0.0006710 seconds, Stopping threads took: 0.0000530 seconds
295.859: Application time: 0.0737220 seconds
295.859: [GC [PSYoungGen: 14304K->512K(15872K)] 36184K->22400K(51712K), 0.0005750 secs] [Times: user=0.01 sys=0.00, real=0.00 secs] 
295.860: Total time for which application threads were stopped: 0.0007230 seconds, Stopping threads took: 0.0000670 seconds
295.934: Application time: 0.0741180 seconds
295.934: [GC [PSYoungGen: 14336K->496K(15872K)] 36224K->22384K(51712K), 0.0005890 secs] [Times: user=0.00 sys=0.00, real=0.00 secs] 
295.935: Total time for which application threads were stopped: 0.0007270 seconds, Stopping threads took: 0.0000570 seconds
296.009: Application time: 0.0740980 seconds
296.009: [GC [PSYoungGen: 14320K->480K(15872K)] 36208K->22376K(51712K), 0.0006370 secs] [Times: user=0.00 sys=0.00, real=0.00 secs] 
296.010: Total time for which application threads were stopped: 0.0007840 seconds, Stopping threads took: 0.0000680 seconds
296.084: Application time: 0.0741140 seconds
296.084: [GC [PSYoungGen: 14304K->512K(15872K)] 36200K->22408K(51712K), 0.0006030 secs] [Times: user=0.00 sys=0.00, real=0.00 secs] 
296.084: Total time for which application threads were stopped: 0.0007360 seconds, Stopping threads took: 0.0000490 seconds
296.158: Application time: 0.0735650 seconds
296.158: [GC [PSYoungGen: 14336K->512K(15872K)] 36232K->22408K(51712K), 0.0005230 secs] [Times: user=0.00 sys=0.00, real=0.00 secs] 
296.159: Total time for which application threads were stopped: 0.0006630 seconds, Stopping threads took: 0.0000550 seconds
296.231: Application time: 0.0718260 seconds
296.231: [GC [PSYoungGen: 14336K->496K(15872K)] 36232K->22392K(51712K), 0.0005500 secs] [Times: user=0.00 sys=0.00, real=0.00 secs] 
296.231: Total time for which application threads were stopped: 0.0006890 seconds, Stopping threads took: 0.0000610 seconds
296.304: Application time: 0.0728430 seconds
296.304: [GC [PSYoungGen: 14320K->528K(15872K)] 36216K->22424K(51712K), 0.0005690 secs] [Times: user=0.01 sys=0.00, real=0.00 secs] 
296.305: Total time for which application threads were stopped: 0.0007140 seconds, Stopping threads took: 0.0000660 seconds
296.378: Application time: 0.0732730 seconds
296.378: [GC [PSYoungGen: 14352K->496K(15872K)] 36248K->22392K(51712K), 0.0005370 secs] [Times: user=0.01 sys=0.00, real=0.00 secs] 
296.379: Total time for which application threads were stopped: 0.0006710 seconds, Stopping threads took: 0.0000510 seconds
296.453: Application time: 0.0741380 seconds
296.453: [GC [PSYoungGen: 14320K->544K(15872K)] 36216K->22440K(51712K), 0.0005360 secs] [Times: user=0.00 sys=0.00, real=0.01 secs] 
296.454: Total time for which application threads were stopped: 0.0006700 seconds, Stopping threads took: 0.0000520 seconds
296.527: Application time: 0.0735680 seconds
296.527: [GC [PSYoungGen: 14368K->528K(15872K)] 36264K->22432K(51712K), 0.0005820 secs] [Times: user=0.00 sys=0.00, real=0.00 secs] 
296.528: Total time for which application threads were stopped: 0.0007300 seconds, Stopping threads took: 0.0000660 seconds
296.602: Application time: 0.0738070 seconds
296.602: [GC [PSYoungGen: 14352K->528K(15872K)] 36256K->22440K(51712K), 0.0005340 secs] [Times: user=0.00 sys=0.00, real=0.00 secs] 
296.602: Total time for which application threads were stopped: 0.0006680 seconds, Stopping threads took: 0.0000510 seconds
296.677: Application time: 0.0743150 seconds
296.677: [GC [PSYoungGen: 14352K->528K(15872K)] 36264K->22448K(51712K), 0.0005350 secs] [Times: user=0.00 sys=0.00, real=0.00 secs] 
296.677: Total time for which application threads were stopped: 0.0006850 seconds, Stopping threads took: 0.0000610 seconds
296.751: Application time: 0.0739080 seconds
296.751: [GC [PSYoungGen: 14352K->512K(15872K)] 36272K->22440K(51712K), 0.0005270 secs] [Times: user=0.00 sys=0.00, real=0.00 secs] 
296.752: Total time for which application threads were stopped: 0.0006750 seconds, Stopping threads took: 0.0000670 seconds
296.826: Application time: 0.0741680 seconds
296.829: [GC [PSYoungGen: 14336K->480K(15872K)] 36264K->22408K(51712K), 0.0006280 secs] [Times: user=0.00 sys=0.00, real=0.00 secs] 
296.830: Total time for which application threads were stopped: 0.0039460 seconds, Stopping threads took: 0.0032420 seconds
296.903: Application time: 0.0731040 seconds
296.903: [GC [PSYoungGen: 14304K->528K(15872K)] 36232K->22456K(51712K), 0.0005420 secs] [Times: user=0.00 sys=0.00, real=0.00 secs] 
296.904: Total time for which application threads were stopped: 0.0006770 seconds, Stopping threads took: 0.0000570 seconds
296.977: Application time: 0.0727460 seconds
296.977: [GC [PSYoungGen: 14352K->448K(15872K)] 36280K->22376K(51712K), 0.0005170 secs] [Times: user=0.00 sys=0.00, real=0.00 secs] 
296.977: Total time for which application threads were stopped: 0.0006520 seconds, Stopping threads took: 0.0000560 seconds
297.051: Application time: 0.0733500 seconds
297.051: [GC [PSYoungGen: 14272K->528K(15872K)] 36200K->22456K(51712K), 0.0005110 secs] [Times: user=0.00 sys=0.00, real=0.00 secs] 
297.051: Total time for which application threads were stopped: 0.0006470 seconds, Stopping threads took: 0.0000610 seconds
297.125: Application time: 0.0737280 seconds
297.125: [GC [PSYoungGen: 14352K->544K(15872K)] 36280K->22472K(51712K), 0.0005220 secs] [Times: user=0.00 sys=0.00, real=0.01 secs] 
297.126: Total time for which application threads were stopped: 0.0006650 seconds, Stopping threads took: 0.0000630 seconds
297.199: Application time: 0.0737150 seconds
297.199: [GC [PSYoungGen: 14368K->544K(15872K)] 36296K->22472K(51712K), 0.0005980 secs] [Times: user=0.01 sys=0.00, real=0.00 secs] 
297.200: Total time for which application threads were stopped: 0.0007490 seconds, Stopping threads took: 0.0000620 seconds
297.274: Application time: 0.0741950 seconds
297.274: [GC [PSYoungGen: 14368K->480K(15872K)] 36296K->22416K(51712K), 0.0005040 secs] [Times: user=0.00 sys=0.00, real=0.00 secs] 
297.275: Total time for which application threads were stopped: 0.0006330 seconds, Stopping threads took: 0.0000560 seconds
297.349: Application time: 0.0739430 seconds
297.349: [GC [PSYoungGen: 14304K->576K(15872K)] 36240K->22520K(51712K), 0.0005170 secs] [Times: user=0.00 sys=0.00, real=0.00 secs] 
297.350: Total time for which application threads were stopped: 0.0006550 seconds, Stopping threads took: 0.0000610 seconds
297.423: Application time: 0.0738360 seconds
297.423: [GC [PSYoungGen: 14400K->448K(15872K)] 36344K->22400K(51712K), 0.0006110 secs] [Times: user=0.00 sys=0.00, real=0.00 secs] 
297.424: Total time for which application threads were stopped: 0.0007610 seconds, Stopping threads took: 0.0000740 seconds
297.498: Application time: 0.0740820 seconds
297.498: [GC [PSYoungGen: 14272K->496K(15872K)] 36224K->22456K(51712K), 0.0005610 secs] [Times: user=0.00 sys=0.00, real=0.00 secs] 
297.499: Total time for which application threads were stopped: 0.0007010 seconds, Stopping threads took: 0.0000580 seconds
297.573: Application time: 0.0737710 seconds
297.573: [GC [PSYoungGen: 14320K->432K(15872K)] 36280K->22392K(51712K), 0.0005510 secs] [Times: user=0.00 sys=0.00, real=0.01 secs] 
297.573: Total time for which application threads were stopped: 0.0006920 seconds, Stopping threads took: 0.0000590 seconds
297.647: Application time: 0.0734570 seconds
297.647: [GC [PSYoungGen: 14256K->496K(15872K)] 36216K->22456K(51712K), 0.0005830 secs] [Times: user=0.00 sys=0.00, real=0.00 secs] 
297.648: Total time for which application threads were stopped: 0.0007280 seconds, Stopping threads took: 0.0000650 seconds
297.721: Application time: 0.0732990 seconds
297.721: [GC [PSYoungGen: 14320K->480K(15872K)] 36280K->22440K(51712K), 0.0005960 secs] [Times: user=0.00 sys=0.00, real=0.00 secs] 
297.722: Total time for which application threads were stopped: 0.0007430 seconds, Stopping threads took: 0.0000550 seconds
297.793: Application time: 0.0710050 seconds
297.793: [GC [PSYoungGen: 14304K->464K(15872K)] 36264K->22424K(51712K), 0.0005070 secs] [Times: user=0.00 sys=0.00, real=0.00 secs] 
297.793: Total time for which application threads were stopped: 0.0006300 seconds, Stopping threads took: 0.0000460 seconds
297.868: Application time: 0.0745030 seconds
297.868: [GC [PSYoungGen: 14288K->512K(15872K)] 36248K->22472K(51712K), 0.0005550 secs] [Times: user=0.00 sys=0.00, real=0.00 secs] 
297.868: Total time for which application threads were stopped: 0.0006930 seconds, Stopping threads took: 0.0000560 seconds
297.942: Application time: 0.0736900 seconds
297.942: [GC [PSYoungGen: 14336K->528K(15872K)] 36296K->22488K(51712K), 0.0005140 secs] [Times: user=0.00 sys=0.00, real=0.00 secs] 
297.943: Total time for which application threads were stopped: 0.0006750 seconds, Stopping threads took: 0.0000830 seconds
298.017: Application time: 0.0739440 seconds
298.017: [GC [PSYoungGen: 14352K->496K(15872K)] 36312K->22464K(51712K), 0.0005680 secs] [Times: user=0.00 sys=0.00, real=0.00 secs] 
298.017: Total time for which application threads were stopped: 0.0007130 seconds, Stopping threads took: 0.0000700 seconds
298.092: Application time: 0.0743850 seconds
298.092: [GC [PSYoungGen: 14320K->496K(15872K)] 36288K->22472K(51712K), 0.0005750 secs] [Times: user=0.00 sys=0.00, real=0.00 secs] 
298.093: Total time for which application threads were stopped: 0.0007120 seconds, Stopping threads took: 0.0000540 seconds
298.166: Application time: 0.0731930 seconds
298.166: [GC [PSYoungGen: 14320K->464K(15872K)] 36296K->22448K(51712K), 0.0005250 secs] [Times: user=0.01 sys=0.00, real=0.00 secs] 
298.166: Total time for which application threads were stopped: 0.0006620 seconds, Stopping threads took: 0.0000580 seconds
298.241: Application time: 0.0744010 seconds
298.241: [GC [PSYoungGen: 14288K->480K(15872K)] 36272K->22464K(51712K), 0.0006050 secs] [Times: user=0.00 sys=0.00, real=0.00 secs] 
298.242: Total time for which application threads were stopped: 0.0007650 seconds, Stopping threads took: 0.0000670 seconds
298.316: Application time: 0.0742190 seconds
298.316: [GC [PSYoungGen: 14304K->512K(15872K)] 36288K->22504K(51712K), 0.0005760 secs] [Times: user=0.00 sys=0.00, real=0.00 secs] 
298.317: Total time for which application threads were stopped: 0.0007190 seconds, Stopping threads took: 0.0000630 seconds
298.391: Application time: 0.0740400 seconds
298.391: [GC [PSYoungGen: 14336K->496K(15872K)] 36328K->22488K(51712K), 0.0005790 secs] [Times: user=0.01 sys=0.00, real=0.00 secs] 
298.391: Total time for which application threads were stopped: 0.0007300 seconds, Stopping threads took: 0.0000720 seconds
298.465: Application time: 0.0739060 seconds
298.465: [GC [PSYoungGen: 14320K->528K(15872K)] 36312K->22520K(51712K), 0.0005450 secs] [Times: user=0.00 sys=0.00, real=0.00 secs] 
298.466: Total time for which application threads were stopped: 0.0006960 seconds, Stopping threads took: 0.0000740 seconds
298.538: Application time: 0.0715770 seconds
298.540: [GC [PSYoungGen: 14352K->496K(15872K)] 36344K->22488K(51712K), 0.0006240 secs] [Times: user=0.01 sys=0.00, real=0.00 secs] 
298.540: Total time for which application threads were stopped: 0.0027170 seconds, Stopping threads took: 0.0020200 seconds
298.614: Application time: 0.0740010 seconds
298.614: [GC [PSYoungGen: 14320K->496K(15872K)] 36312K->22488K(51712K), 0.0005350 secs] [Times: user=0.00 sys=0.00, real=0.00 secs] 
298.615: Total time for which application threads were stopped: 0.0006730 seconds, Stopping threads took: 0.0000590 seconds
298.688: Application time: 0.0733770 seconds
298.688: [GC [PSYoungGen: 14320K->528K(15872K)] 36312K->22520K(51712K), 0.0005070 secs] [Times: user=0.00 sys=0.00, real=0.00 secs] 
298.689: Total time for which application threads were stopped: 0.0006460 seconds, Stopping threads took: 0.0000640 seconds
298.763: Application time: 0.0741480 seconds
298.763: [GC [PSYoungGen: 14352K->480K(15872K)] 36344K->22480K(51712K), 0.0005390 secs] [Times: user=0.00 sys=0.00, real=0.00 secs] 
298.764: Total time for which application threads were stopped: 0.0006920 seconds, Stopping threads took: 0.0000680 seconds
298.837: Application time: 0.0736890 seconds
298.838: [GC [PSYoungGen: 14304K->512K(15872K)] 36304K->22520K(51712K), 0.0005640 secs] [Times: user=0.00 sys=0.00, real=0.00 secs] 
298.839: Total time for which application threads were stopped: 0.0016380 seconds, Stopping threads took: 0.0000710 seconds
298.913: Application time: 0.0739690 seconds
298.913: [GC [PSYoungGen: 14336K->464K(15872K)] 36344K->22480K(51712K), 0.0006020 secs] [Times: user=0.01 sys=0.00, real=0.01 secs] 
298.914: Total time for which application threads were stopped: 0.0007550 seconds, Stopping threads took: 0.0000700 seconds
298.988: Application time: 0.0741140 seconds
298.988: [GC [PSYoungGen: 14288K->528K(15872K)] 36304K->22544K(51712K), 0.0005280 secs] [Times: user=0.00 sys=0.00, real=0.00 secs] 
298.989: Total time for which application threads were stopped: 0.0006660 seconds, Stopping threads took: 0.0000600 seconds
299.062: Application time: 0.0737990 seconds
299.063: [GC [PSYoungGen: 14352K->496K(15872K)] 36368K->22520K(51712K), 0.0005290 secs] [Times: user=0.00 sys=0.00, real=0.00 secs] 
299.063: Total time for which application threads were stopped: 0.0006700 seconds, Stopping threads took: 0.0000620 seconds
299.137: Application time: 0.0739920 seconds
299.137: [GC [PSYoungGen: 14320K->496K(15872K)] 36344K->22520K(51712K), 0.0005120 secs] [Times: user=0.01 sys=0.00, real=0.00 secs] 
299.138: Total time for which application threads were stopped: 0.0006570 seconds, Stopping threads took: 0.0000670 seconds
299.211: Application time: 0.0733720 seconds
299.211: [GC [PSYoungGen: 14320K->512K(15872K)] 36344K->22536K(51712K), 0.0005190 secs] [Times: user=0.00 sys=0.00, real=0.00 secs] 
299.212: Total time for which application threads were stopped: 0.0006540 seconds, Stopping threads took: 0.0000560 seconds
299.284: Application time: 0.0717660 seconds
299.284: [GC [PSYoungGen: 14336K->496K(15872K)] 36360K->22520K(51712K), 0.0005140 secs] [Times: user=0.00 sys=0.00, real=0.00 secs] 
299.284: Total time for which application threads were stopped: 0.0006500 seconds, Stopping threads took: 0.0000500 seconds
299.358: Application time: 0.0733520 seconds
299.358: [GC [PSYoungGen: 14320K->512K(15872K)] 36344K->22536K(51712K), 0.0005430 secs] [Times: user=0.00 sys=0.00, real=0.00 secs] 
299.358: Total time for which application threads were stopped: 0.0006780 seconds, Stopping threads took: 0.0000560 seconds
299.432: Application time: 0.0733370 seconds
299.432: [GC [PSYoungGen: 14336K->560K(15872K)] 36360K->22584K(51712K), 0.0005150 secs] [Times: user=0.00 sys=0.00, real=0.00 secs] 
299.432: Total time for which application threads were stopped: 0.0006460 seconds, Stopping threads took: 0.0000490 seconds
299.506: Application time: 0.0741090 seconds
299.506: [GC [PSYoungGen: 14384K->496K(15872K)] 36408K->22520K(51712K), 0.0005180 secs] [Times: user=0.01 sys=0.00, real=0.00 secs] 
299.507: Total time for which application threads were stopped: 0.0006630 seconds, Stopping threads took: 0.0000640 seconds
299.581: Application time: 0.0744510 seconds
299.582: [GC [PSYoungGen: 14320K->544K(15872K)] 36344K->22576K(51712K), 0.0005500 secs] [Times: user=0.00 sys=0.00, real=0.00 secs] 
299.582: Total time for which application threads were stopped: 0.0006870 seconds, Stopping threads took: 0.0000510 seconds
299.656: Application time: 0.0738110 seconds
299.656: [GC [PSYoungGen: 14368K->512K(15872K)] 36400K->22560K(51712K), 0.0005270 secs] [Times: user=0.00 sys=0.00, real=0.00 secs] 
299.657: Total time for which application threads were stopped: 0.0006750 seconds, Stopping threads took: 0.0000660 seconds
299.730: Application time: 0.0737950 seconds
299.731: [GC [PSYoungGen: 14336K->496K(15872K)] 36384K->22544K(51712K), 0.0005400 secs] [Times: user=0.01 sys=0.00, real=0.00 secs] 
299.731: Total time for which application threads were stopped: 0.0006850 seconds, Stopping threads took: 0.0000660 seconds
299.805: Application time: 0.0742920 seconds
299.806: [GC [PSYoungGen: 14320K->480K(15872K)] 36368K->22536K(51712K), 0.0005530 secs] [Times: user=0.01 sys=0.00, real=0.00 secs] 
299.806: Total time for which application threads were stopped: 0.0006970 seconds, Stopping threads took: 0.0000520 seconds
299.880: Application time: 0.0735910 seconds
299.880: [GC [PSYoungGen: 14304K->528K(15872K)] 36360K->22584K(51712K), 0.0005400 secs] [Times: user=0.00 sys=0.00, real=0.00 secs] 
299.880: Total time for which application threads were stopped: 0.0006910 seconds, Stopping threads took: 0.0000610 seconds
299.954: Application time: 0.0738170 seconds
299.954: [GC [PSYoungGen: 14352K->512K(15872K)] 36408K->22568K(51712K), 0.0005890 secs] [Times: user=0.01 sys=0.00, real=0.00 secs] 
299.955: Total time for which application threads were stopped: 0.0007280 seconds, Stopping threads took: 0.0000570 seconds
300.026: Application time: 0.0709840 seconds
300.026: [GC [PSYoungGen: 14336K->528K(15872K)] 36392K->22584K(51712K), 0.0004960 secs] [Times: user=0.00 sys=0.00, real=0.00 secs] 
300.027: Total time for which application threads were stopped: 0.0006280 seconds, Stopping threads took: 0.0000540 seconds
300.101: Application time: 0.0746270 seconds
300.101: [GC [PSYoungGen: 14352K->464K(15872K)] 36408K->22520K(51712K), 0.0005230 secs] [Times: user=0.00 sys=0.00, real=0.00 secs] 
300.102: Total time for which application threads were stopped: 0.0006590 seconds, Stopping threads took: 0.0000590 seconds
300.176: Application time: 0.0740480 seconds
300.176: [GC [PSYoungGen: 14288K->512K(15872K)] 36344K->22568K(51712K), 0.0004890 secs] [Times: user=0.00 sys=0.00, real=0.00 secs] 
300.177: Total time for which application threads were stopped: 0.0006400 seconds, Stopping threads took: 0.0000710 seconds
300.251: Application time: 0.0743270 seconds
300.251: [GC [PSYoungGen: 14336K->528K(15872K)] 36392K->22584K(51712K), 0.0006130 secs] [Times: user=0.01 sys=0.00, real=0.00 secs] 
300.252: Total time for which application threads were stopped: 0.0007500 seconds, Stopping threads took: 0.0000580 seconds
300.326: Application time: 0.0744340 seconds
300.326: [GC [PSYoungGen: 14352K->544K(15872K)] 36408K->22608K(51712K), 0.0005650 secs] [Times: user=0.00 sys=0.00, real=0.00 secs] 
300.327: Total time for which application threads were stopped: 0.0007000 seconds, Stopping threads took: 0.0000520 seconds
300.400: Application time: 0.0736210 seconds
300.400: [GC [PSYoungGen: 14368K->512K(15872K)] 36432K->22592K(51712K), 0.0005320 secs] [Times: user=0.00 sys=0.00, real=0.00 secs] 
300.401: Total time for which application threads were stopped: 0.0006720 seconds, Stopping threads took: 0.0000580 seconds
300.475: Application time: 0.0738910 seconds
300.475: [GC [PSYoungGen: 14336K->528K(15872K)] 36416K->22616K(51712K), 0.0005630 secs] [Times: user=0.01 sys=0.00, real=0.00 secs] 
300.476: Total time for which application threads were stopped: 0.0007120 seconds, Stopping threads took: 0.0000720 seconds
300.550: Application time: 0.0740530 seconds
300.550: [GC [PSYoungGen: 14352K->544K(15872K)] 36440K->22640K(51712K), 0.0006010 secs] [Times: user=0.01 sys=0.00, real=0.00 secs] 
300.550: Total time for which application threads were stopped: 0.0007310 seconds, Stopping threads took: 0.0000510 seconds
300.624: Application time: 0.0740700 seconds
300.625: [GC [PSYoungGen: 14368K->512K(15872K)] 36464K->22608K(51712K), 0.0005140 secs] [Times: user=0.00 sys=0.00, real=0.00 secs] 
300.625: Total time for which application threads were stopped: 0.0006460 seconds, Stopping threads took: 0.0000560 seconds
300.699: Application time: 0.0733980 seconds
300.699: [GC [PSYoungGen: 14336K->496K(15872K)] 36432K->22592K(51712K), 0.0005840 secs] [Times: user=0.00 sys=0.00, real=0.00 secs] 
300.699: Total time for which application threads were stopped: 0.0007190 seconds, Stopping threads took: 0.0000570 seconds
300.772: Application time: 0.0725310 seconds
300.772: [GC [PSYoungGen: 14320K->496K(15872K)] 36416K->22592K(51712K), 0.0004970 secs] [Times: user=0.00 sys=0.00, real=0.00 secs] 
300.772: Total time for which application threads were stopped: 0.0006370 seconds, Stopping threads took: 0.0000590 seconds
300.845: Application time: 0.0730230 seconds
300.846: [GC [PSYoungGen: 14320K->528K(15872K)] 36416K->22624K(51712K), 0.0005310 secs] [Times: user=0.00 sys=0.00, real=0.00 secs] 
300.846: Total time for which application threads were stopped: 0.0006750 seconds, Stopping threads took: 0.0000560 seconds
300.920: Application time: 0.0740690 seconds
300.920: [GC [PSYoungGen: 14352K->496K(15872K)] 36448K->22592K(51712K), 0.0005420 secs] [Times: user=0.01 sys=0.00, real=0.00 secs] 
300.921: Total time for which application threads were stopped: 0.0006710 seconds, Stopping threads took: 0.0000540 seconds
300.994: Application time: 0.0733860 seconds
300.994: [GC [PSYoungGen: 14320K->496K(15872K)] 36416K->22592K(51712K), 0.0005380 secs] [Times: user=0.01 sys=0.00, real=0.00 secs] 
300.995: Total time for which application threads were stopped: 0.0006680 seconds, Stopping threads took: 0.0000500 seconds
301.069: Application time: 0.0738760 seconds
301.069: [GC [PSYoungGen: 14320K->528K(15872K)] 36416K->22632K(51712K), 0.0005350 secs] [Times: user=0.00 sys=0.00, real=0.00 secs] 
301.069: Total time for which application threads were stopped: 0.0006710 seconds, Stopping threads took: 0.0000560 seconds
301.143: Application time: 0.0738190 seconds
301.143: [GC [PSYoungGen: 14352K->464K(15872K)] 36456K->22576K(51712K), 0.0005130 secs] [Times: user=0.01 sys=0.00, real=0.00 secs] 
301.144: Total time for which application threads were stopped: 0.0006530 seconds, Stopping threads took: 0.0000640 seconds
301.218: Application time: 0.0740830 seconds
301.218: [GC [PSYoungGen: 14288K->512K(15872K)] 36400K->22632K(51712K), 0.0005420 secs] [Times: user=0.01 sys=0.00, real=0.00 secs] 
301.219: Total time for which application threads were stopped: 0.0006710 seconds, Stopping threads took: 0.0000540 seconds
301.293: Application time: 0.0745760 seconds
301.293: [GC [PSYoungGen: 14336K->480K(15872K)] 36456K->22608K(51712K), 0.0005450 secs] [Times: user=0.01 sys=0.00, real=0.00 secs] 
301.294: Total time for which application threads were stopped: 0.0006820 seconds, Stopping threads took: 0.0000540 seconds
301.368: Application time: 0.0738950 seconds
301.368: [GC [PSYoungGen: 14304K->528K(15872K)] 36432K->22656K(51712K), 0.0005040 secs] [Times: user=0.00 sys=0.00, real=0.00 secs] 
301.369: Total time for which application threads were stopped: 0.0006610 seconds, Stopping threads took: 0.0000670 seconds
301.442: Application time: 0.0737880 seconds
301.442: [GC [PSYoungGen: 14352K->528K(15872K)] 36480K->22656K(51712K), 0.0005400 secs] [Times: user=0.00 sys=0.00, real=0.00 secs] 
301.443: Total time for which application threads were stopped: 0.0006670 seconds, Stopping threads took: 0.0000480 seconds
301.517: Application time: 0.0736380 seconds
301.517: [GC [PSYoungGen: 14352K->496K(15872K)] 36480K->22624K(51712K), 0.0005060 secs] [Times: user=0.00 sys=0.00, real=0.00 secs] 
301.517: Total time for which application threads were stopped: 0.0006360 seconds, Stopping threads took: 0.0000530 seconds
301.589: Application time: 0.0721750 seconds
301.590: [GC [PSYoungGen: 14320K->480K(15872K)] 36448K->22608K(51712K), 0.0006240 secs] [Times: user=0.00 sys=0.00, real=0.00 secs] 
301.590: Total time for which application threads were stopped: 0.0007560 seconds, Stopping threads took: 0.0000530 seconds
301.664: Application time: 0.0740010 seconds
301.664: [GC [PSYoungGen: 14304K->512K(15872K)] 36432K->22640K(51712K), 0.0005600 secs] [Times: user=0.00 sys=0.00, real=0.00 secs] 
301.665: Total time for which application threads were stopped: 0.0006940 seconds, Stopping threads took: 0.0000560 seconds
301.738: Application time: 0.0734260 seconds
301.738: [GC [PSYoungGen: 14336K->528K(15872K)] 36464K->22656K(51712K), 0.0005110 secs] [Times: user=0.00 sys=0.00, real=0.00 secs] 
301.739: Total time for which application threads were stopped: 0.0006460 seconds, Stopping threads took: 0.0000580 seconds
301.812: Application time: 0.0734290 seconds
301.813: [GC [PSYoungGen: 14352K->544K(15872K)] 36480K->22680K(51712K), 0.0005310 secs] [Times: user=0.00 sys=0.00, real=0.00 secs] 
301.813: Total time for which application threads were stopped: 0.0006660 seconds, Stopping threads took: 0.0000560 seconds
301.888: Application time: 0.0744980 seconds
301.888: [GC [PSYoungGen: 14368K->480K(15872K)] 36504K->22624K(51712K), 0.0005670 secs] [Times: user=0.00 sys=0.00, real=0.00 secs] 
301.888: Total time for which application threads were stopped: 0.0007200 seconds, Stopping threads took: 0.0000540 seconds
301.962: Application time: 0.0737100 seconds
301.962: [GC [PSYoungGen: 14304K->544K(15872K)] 36448K->22696K(51712K), 0.0005300 secs] [Times: user=0.00 sys=0.00, real=0.00 secs] 
301.963: Total time for which application threads were stopped: 0.0006630 seconds, Stopping threads took: 0.0000540 seconds
302.037: Application time: 0.0742060 seconds
302.037: [GC [PSYoungGen: 14368K->560K(15872K)] 36520K->22712K(51712K), 0.0005290 secs] [Times: user=0.00 sys=0.00, real=0.00 secs] 
302.038: Total time for which application threads were stopped: 0.0006770 seconds, Stopping threads took: 0.0000640 seconds
302.112: Application time: 0.0742480 seconds
302.112: [GC [PSYoungGen: 14384K->496K(15872K)] 36536K->22656K(51712K), 0.0005600 secs] [Times: user=0.01 sys=0.00, real=0.00 secs] 
302.113: Total time for which application threads were stopped: 0.0007040 seconds, Stopping threads took: 0.0000620 seconds
302.187: Application time: 0.0740930 seconds
302.187: [GC [PSYoungGen: 14320K->480K(15872K)] 36480K->22640K(51712K), 0.0005440 secs] [Times: user=0.00 sys=0.00, real=0.00 secs] 
302.187: Total time for which application threads were stopped: 0.0006790 seconds, Stopping threads took: 0.0000550 seconds
302.261: Application time: 0.0737060 seconds
302.265: [GC [PSYoungGen: 14304K->512K(15872K)] 36464K->22672K(51712K), 0.0005990 secs] [Times: user=0.01 sys=0.00, real=0.00 secs] 
302.266: Total time for which application threads were stopped: 0.0050260 seconds, Stopping threads took: 0.0043490 seconds
302.337: Application time: 0.0708720 seconds
302.337: [GC [PSYoungGen: 14336K->464K(15872K)] 36496K->22624K(51712K), 0.0006370 secs] [Times: user=0.00 sys=0.00, real=0.00 secs] 
302.338: Total time for which application threads were stopped: 0.0007820 seconds, Stopping threads took: 0.0000580 seconds
302.412: Application time: 0.0738940 seconds
302.412: [GC [PSYoungGen: 14288K->496K(15872K)] 36448K->22656K(51712K), 0.0005270 secs] [Times: user=0.00 sys=0.00, real=0.00 secs] 
302.412: Total time for which application threads were stopped: 0.0006810 seconds, Stopping threads took: 0.0000620 seconds
302.485: Application time: 0.0731110 seconds
302.485: [GC [PSYoungGen: 14320K->512K(15872K)] 36480K->22672K(51712K), 0.0005630 secs] [Times: user=0.00 sys=0.00, real=0.00 secs] 
302.486: Total time for which application threads were stopped: 0.0006850 seconds, Stopping threads took: 0.0000470 seconds
302.560: Application time: 0.0738600 seconds
302.560: [GC [PSYoungGen: 14336K->528K(15872K)] 36496K->22696K(51712K), 0.0005220 secs] [Times: user=0.01 sys=0.00, real=0.00 secs] 
302.561: Total time for which application threads were stopped: 0.0006690 seconds, Stopping threads took: 0.0000700 seconds
302.635: Application time: 0.0739950 seconds
302.635: [GC [PSYoungGen: 14352K->544K(15872K)] 36520K->22720K(51712K), 0.0005720 secs] [Times: user=0.00 sys=0.00, real=0.00 secs] 
302.635: Total time for which application threads were stopped: 0.0007020 seconds, Stopping threads took: 0.0000550 seconds
302.709: Application time: 0.0733120 seconds
302.709: [GC [PSYoungGen: 14368K->496K(15872K)] 36544K->22680K(51712K), 0.0005000 secs] [Times: user=0.01 sys=0.00, real=0.00 secs] 
302.709: Total time for which application threads were stopped: 0.0006350 seconds, Stopping threads took: 0.0000560 seconds
302.783: Application time: 0.0742460 seconds
302.784: [GC [PSYoungGen: 14320K->480K(15872K)] 36504K->22664K(51712K), 0.0005390 secs] [Times: user=0.00 sys=0.00, real=0.00 secs] 
302.784: Total time for which application threads were stopped: 0.0006830 seconds, Stopping threads took: 0.0000640 seconds
302.859: Application time: 0.0744300 seconds
302.859: [GC [PSYoungGen: 14304K->480K(15872K)] 36488K->22672K(51712K), 0.0006190 secs] [Times: user=0.00 sys=0.00, real=0.00 secs] 
302.859: Total time for which application threads were stopped: 0.0007610 seconds, Stopping threads took: 0.0000610 seconds
302.933: Application time: 0.0736200 seconds
302.933: [GC [PSYoungGen: 14304K->512K(15872K)] 36496K->22704K(51712K), 0.0005640 secs] [Times: user=0.00 sys=0.00, real=0.01 secs] 
302.934: Total time for which application threads were stopped: 0.0007110 seconds, Stopping threads took: 0.0000580 seconds
303.007: Application time: 0.0734370 seconds
303.007: [GC [PSYoungGen: 14336K->496K(15872K)] 36528K->22688K(51712K), 0.0005320 secs] [Times: user=0.00 sys=0.00, real=0.00 secs] 
303.008: Total time for which application threads were stopped: 0.0006750 seconds, Stopping threads took: 0.0000620 seconds
303.080: Application time: 0.0720600 seconds
303.080: [GC [PSYoungGen: 14320K->512K(15872K)] 36512K->22704K(51712K), 0.0005120 secs] [Times: user=0.00 sys=0.00, real=0.00 secs] 
303.081: Total time for which application threads were stopped: 0.0006460 seconds, Stopping threads took: 0.0000600 seconds
303.154: Application time: 0.0737620 seconds
303.154: [GC [PSYoungGen: 14336K->480K(15872K)] 36528K->22672K(51712K), 0.0005460 secs] [Times: user=0.01 sys=0.00, real=0.00 secs] 
303.155: Total time for which application threads were stopped: 0.0006780 seconds, Stopping threads took: 0.0000530 seconds
303.228: Application time: 0.0732750 seconds
303.228: [GC [PSYoungGen: 14304K->528K(15872K)] 36496K->22720K(51712K), 0.0005170 secs] [Times: user=0.00 sys=0.00, real=0.00 secs] 
303.229: Total time for which application threads were stopped: 0.0006560 seconds, Stopping threads took: 0.0000560 seconds
303.303: Application time: 0.0743130 seconds
303.303: [GC [PSYoungGen: 14352K->544K(15872K)] 36544K->22736K(51712K), 0.0005250 secs] [Times: user=0.00 sys=0.00, real=0.00 secs] 
303.304: Total time for which application threads were stopped: 0.0006640 seconds, Stopping threads took: 0.0000610 seconds
303.378: Application time: 0.0739900 seconds
303.378: [GC [PSYoungGen: 14368K->512K(15872K)] 36560K->22712K(51712K), 0.0005430 secs] [Times: user=0.00 sys=0.00, real=0.00 secs] 
303.379: Total time for which application threads were stopped: 0.0006830 seconds, Stopping threads took: 0.0000580 seconds
303.452: Application time: 0.0736920 seconds
303.452: [GC [PSYoungGen: 14336K->480K(15872K)] 36536K->22688K(51712K), 0.0005010 secs] [Times: user=0.00 sys=0.00, real=0.00 secs] 
303.453: Total time for which application threads were stopped: 0.0006370 seconds, Stopping threads took: 0.0000510 seconds
303.527: Application time: 0.0738880 seconds
303.527: [GC [PSYoungGen: 14304K->480K(15872K)] 36512K->22688K(51712K), 0.0005590 secs] [Times: user=0.00 sys=0.00, real=0.00 secs] 
303.527: Total time for which application threads were stopped: 0.0007060 seconds, Stopping threads took: 0.0000670 seconds
303.601: Application time: 0.0739260 seconds
303.602: [GC [PSYoungGen: 14304K->544K(15872K)] 36512K->22760K(51712K), 0.0005240 secs] [Times: user=0.00 sys=0.00, real=0.00 secs] 
303.602: Total time for which application threads were stopped: 0.0006610 seconds, Stopping threads took: 0.0000570 seconds
303.676: Application time: 0.0741480 seconds
303.676: [GC [PSYoungGen: 14368K->496K(15872K)] 36584K->22712K(51712K), 0.0006230 secs] [Times: user=0.01 sys=0.00, real=0.00 secs] 
303.677: Total time for which application threads were stopped: 0.0007630 seconds, Stopping threads took: 0.0000600 seconds
303.750: Application time: 0.0734020 seconds
303.751: [GC [PSYoungGen: 14320K->496K(15872K)] 36536K->22712K(51712K), 0.0005090 secs] [Times: user=0.01 sys=0.00, real=0.00 secs] 
303.751: Total time for which application threads were stopped: 0.0006330 seconds, Stopping threads took: 0.0000500 seconds
303.823: Application time: 0.0718570 seconds
303.825: [GC [PSYoungGen: 14320K->480K(15872K)] 36536K->22696K(51712K), 0.0005530 secs] [Times: user=0.01 sys=0.00, real=0.00 secs] 
303.826: Total time for which application threads were stopped: 0.0030840 seconds, Stopping threads took: 0.0024500 seconds
303.899: Application time: 0.0728820 seconds
303.899: [GC [PSYoungGen: 14304K->512K(15872K)] 36520K->22728K(51712K), 0.0006260 secs] [Times: user=0.00 sys=0.00, real=0.00 secs] 
303.900: Total time for which application threads were stopped: 0.0007930 seconds, Stopping threads took: 0.0000790 seconds
303.973: Application time: 0.0737420 seconds
303.977: [GC [PSYoungGen: 14336K->496K(15872K)] 36552K->22712K(51712K), 0.0005540 secs] [Times: user=0.01 sys=0.00, real=0.00 secs] 
303.978: Total time for which application threads were stopped: 0.0045650 seconds, Stopping threads took: 0.0039190 seconds
304.052: Application time: 0.0735760 seconds
304.052: [GC [PSYoungGen: 14320K->496K(15872K)] 36536K->22712K(51712K), 0.0005290 secs] [Times: user=0.01 sys=0.00, real=0.00 secs] 
304.052: Total time for which application threads were stopped: 0.0006690 seconds, Stopping threads took: 0.0000540 seconds
304.126: Application time: 0.0738380 seconds
304.126: [GC [PSYoungGen: 14320K->496K(15872K)] 36536K->22720K(51712K), 0.0005410 secs] [Times: user=0.00 sys=0.00, real=0.00 secs] 
304.127: Total time for which application threads were stopped: 0.0006800 seconds, Stopping threads took: 0.0000590 seconds
304.200: Application time: 0.0735300 seconds
304.200: [GC [PSYoungGen: 14320K->512K(15872K)] 36544K->22744K(51712K), 0.0005200 secs] [Times: user=0.00 sys=0.00, real=0.00 secs] 
304.201: Total time for which application threads were stopped: 0.0006490 seconds, Stopping threads took: 0.0000520 seconds
304.275: Application time: 0.0741400 seconds
304.275: [GC [PSYoungGen: 14336K->528K(15872K)] 36568K->22760K(51712K), 0.0005180 secs] [Times: user=0.00 sys=0.00, real=0.00 secs] 
304.276: Total time for which application threads were stopped: 0.0006500 seconds, Stopping threads took: 0.0000530 seconds
304.350: Application time: 0.0739520 seconds
304.350: [GC [PSYoungGen: 14342K->528K(15872K)] 36575K->22768K(51712K), 0.0005320 secs] [Times: user=0.01 sys=0.00, real=0.00 secs] 
304.350: Total time for which application threads were stopped: 0.0006830 seconds, Stopping threads took: 0.0000690 seconds
304.424: Application time: 0.0736410 seconds
304.424: [GC [PSYoungGen: 14352K->512K(15872K)] 36592K->22752K(51712K), 0.0006050 secs] [Times: user=0.00 sys=0.00, real=0.00 secs] 
304.425: Total time for which application threads were stopped: 0.0007420 seconds, Stopping threads took: 0.0000580 seconds
304.498: Application time: 0.0735080 seconds
304.498: [GC [PSYoungGen: 14336K->464K(15872K)] 36576K->22704K(51712K), 0.0005310 secs] [Times: user=0.01 sys=0.00, real=0.00 secs] 
304.499: Total time for which application threads were stopped: 0.0006730 seconds, Stopping threads took: 0.0000520 seconds
304.571: Application time: 0.0722580 seconds
304.571: [GC [PSYoungGen: 14288K->480K(15872K)] 36528K->22720K(51712K), 0.0005670 secs] [Times: user=0.01 sys=0.00, real=0.00 secs] 
304.572: Total time for which application threads were stopped: 0.0007080 seconds, Stopping threads took: 0.0000590 seconds
304.645: Application time: 0.0733250 seconds
304.645: [GC [PSYoungGen: 14304K->528K(15872K)] 36544K->22768K(51712K), 0.0006210 secs] [Times: user=0.00 sys=0.00, real=0.00 secs] 
304.646: Total time for which application threads were stopped: 0.0007580 seconds, Stopping threads took: 0.0000580 seconds
304.720: Application time: 0.0738610 seconds
304.720: [GC [PSYoungGen: 14352K->464K(15872K)] 36592K->22704K(51712K), 0.0005430 secs] [Times: user=0.00 sys=0.00, real=0.00 secs] 
304.721: Total time for which application threads were stopped: 0.0006780 seconds, Stopping threads took: 0.0000570 seconds
304.794: Application time: 0.0732060 seconds
304.794: [GC [PSYoungGen: 14288K->480K(15872K)] 36528K->22720K(51712K), 0.0005320 secs] [Times: user=0.01 sys=0.00, real=0.00 secs] 
304.794: Total time for which application threads were stopped: 0.0006630 seconds, Stopping threads took: 0.0000550 seconds
304.868: Application time: 0.0738020 seconds
304.868: [GC [PSYoungGen: 14304K->528K(15872K)] 36544K->22776K(51712K), 0.0005060 secs] [Times: user=0.00 sys=0.00, real=0.00 secs] 
304.869: Total time for which application threads were stopped: 0.0006490 seconds, Stopping threads took: 0.0000670 seconds
304.943: Application time: 0.0738650 seconds
304.943: [GC [PSYoungGen: 14352K->480K(15872K)] 36600K->22736K(51712K), 0.0005670 secs] [Times: user=0.00 sys=0.00, real=0.00 secs] 
304.943: Total time for which application threads were stopped: 0.0006940 seconds, Stopping threads took: 0.0000470 seconds
305.017: Application time: 0.0736700 seconds
305.017: [GC [PSYoungGen: 14304K->464K(15872K)] 36560K->22728K(51712K), 0.0005210 secs] [Times: user=0.00 sys=0.00, real=0.00 secs] 
305.018: Total time for which application threads were stopped: 0.0006680 seconds, Stopping threads took: 0.0000570 seconds
305.092: Application time: 0.0739180 seconds
305.092: [GC [PSYoungGen: 14288K->544K(15872K)] 36552K->22816K(51712K), 0.0005040 secs] [Times: user=0.00 sys=0.00, real=0.00 secs] 
305.092: Total time for which application threads were stopped: 0.0006320 seconds, Stopping threads took: 0.0000510 seconds
305.167: Application time: 0.0742960 seconds
305.167: [GC [PSYoungGen: 14368K->512K(15872K)] 36640K->22784K(51712K), 0.0005050 secs] [Times: user=0.00 sys=0.00, real=0.00 secs] 
305.167: Total time for which application threads were stopped: 0.0006360 seconds, Stopping threads took: 0.0000510 seconds
305.241: Application time: 0.0736380 seconds
305.241: [GC [PSYoungGen: 14336K->480K(15872K)] 36608K->22752K(51712K), 0.0005160 secs] [Times: user=0.00 sys=0.00, real=0.00 secs] 
305.242: Total time for which application threads were stopped: 0.0006450 seconds, Stopping threads took: 0.0000520 seconds
305.314: Application time: 0.0727760 seconds
305.314: [GC [PSYoungGen: 14304K->528K(15872K)] 36576K->22800K(51712K), 0.0005380 secs] [Times: user=0.01 sys=0.00, real=0.00 secs] 
305.315: Total time for which application threads were stopped: 0.0006680 seconds, Stopping threads took: 0.0000520 seconds
305.387: Application time: 0.0721370 seconds
305.387: [GC [PSYoungGen: 14352K->496K(15872K)] 36624K->22768K(51712K), 0.0005200 secs] [Times: user=0.00 sys=0.00, real=0.00 secs] 
305.388: Total time for which application threads were stopped: 0.0006520 seconds, Stopping threads took: 0.0000530 seconds
305.462: Application time: 0.0738720 seconds
305.462: [GC [PSYoungGen: 14320K->480K(15872K)] 36592K->22752K(51712K), 0.0005520 secs] [Times: user=0.01 sys=0.00, real=0.00 secs] 
305.462: Total time for which application threads were stopped: 0.0006780 seconds, Stopping threads took: 0.0000500 seconds
305.536: Application time: 0.0736710 seconds
305.536: [GC [PSYoungGen: 14304K->496K(15872K)] 36576K->22768K(51712K), 0.0005410 secs] [Times: user=0.00 sys=0.00, real=0.00 secs] 
305.537: Total time for which application threads were stopped: 0.0006960 seconds, Stopping threads took: 0.0000680 seconds
305.610: Application time: 0.0735370 seconds
305.610: [GC [PSYoungGen: 14320K->528K(15872K)] 36592K->22808K(51712K), 0.0005170 secs] [Times: user=0.00 sys=0.00, real=0.00 secs] 
305.611: Total time for which application threads were stopped: 0.0006520 seconds, Stopping threads took: 0.0000560 seconds
305.685: Application time: 0.0740770 seconds
305.685: [GC [PSYoungGen: 14352K->496K(15872K)] 36632K->22784K(51712K), 0.0005200 secs] [Times: user=0.00 sys=0.00, real=0.01 secs] 
305.686: Total time for which application threads were stopped: 0.0006560 seconds, Stopping threads took: 0.0000560 seconds
305.759: Application time: 0.0736440 seconds
305.759: [GC [PSYoungGen: 14320K->480K(15872K)] 36608K->22776K(51712K), 0.0005150 secs] [Times: user=0.00 sys=0.00, real=0.00 secs] 
305.760: Total time for which application threads were stopped: 0.0006420 seconds, Stopping threads took: 0.0000490 seconds
305.834: Application time: 0.0740620 seconds
305.834: [GC [PSYoungGen: 14304K->512K(15872K)] 36600K->22808K(51712K), 0.0005110 secs] [Times: user=0.00 sys=0.00, real=0.00 secs] 
305.835: Total time for which application threads were stopped: 0.0006560 seconds, Stopping threads took: 0.0000680 seconds
305.909: Application time: 0.0739790 seconds
305.909: [GC [PSYoungGen: 14336K->512K(15872K)] 36632K->22816K(51712K), 0.0005260 secs] [Times: user=0.01 sys=0.00, real=0.00 secs] 
305.909: Total time for which application threads were stopped: 0.0006610 seconds, Stopping threads took: 0.0000550 seconds
305.983: Application time: 0.0739890 seconds
305.983: [GC [PSYoungGen: 14336K->496K(15872K)] 36640K->22800K(51712K), 0.0005220 secs] [Times: user=0.00 sys=0.00, real=0.00 secs] 
305.984: Total time for which application threads were stopped: 0.0006480 seconds, Stopping threads took: 0.0000500 seconds
306.058: Application time: 0.0737880 seconds
306.058: [GC [PSYoungGen: 14320K->464K(15872K)] 36624K->22768K(51712K), 0.0005030 secs] [Times: user=0.00 sys=0.00, real=0.00 secs] 
306.058: Total time for which application threads were stopped: 0.0006450 seconds, Stopping threads took: 0.0000490 seconds
306.130: Application time: 0.0718720 seconds
306.130: [GC [PSYoungGen: 14288K->512K(15872K)] 36592K->22816K(51712K), 0.0005470 secs] [Times: user=0.00 sys=0.00, real=0.00 secs] 
306.131: Total time for which application threads were stopped: 0.0006830 seconds, Stopping threads took: 0.0000560 seconds
306.205: Application time: 0.0743590 seconds
306.205: [GC [PSYoungGen: 14336K->512K(15872K)] 36640K->22816K(51712K), 0.0005300 secs] [Times: user=0.01 sys=0.00, real=0.00 secs] 
306.206: Total time for which application threads were stopped: 0.0006710 seconds, Stopping threads took: 0.0000580 seconds
306.279: Application time: 0.0733580 seconds
306.279: [GC [PSYoungGen: 14336K->448K(15872K)] 36640K->22752K(51712K), 0.0005540 secs] [Times: user=0.00 sys=0.00, real=0.00 secs] 
306.280: Total time for which application threads were stopped: 0.0006900 seconds, Stopping threads took: 0.0000600 seconds
306.354: Application time: 0.0742540 seconds
306.354: [GC [PSYoungGen: 14272K->464K(15872K)] 36576K->22776K(51712K), 0.0005450 secs] [Times: user=0.00 sys=0.00, real=0.00 secs] 
306.355: Total time for which application threads were stopped: 0.0006870 seconds, Stopping threads took: 0.0000620 seconds
306.429: Application time: 0.0739780 seconds
306.429: [GC [PSYoungGen: 14288K->528K(15872K)] 36600K->22848K(51712K), 0.0005450 secs] [Times: user=0.00 sys=0.00, real=0.00 secs] 
306.430: Total time for which application threads were stopped: 0.0006770 seconds, Stopping threads took: 0.0000530 seconds
306.504: Application time: 0.0744400 seconds
306.504: [GC [PSYoungGen: 14352K->496K(15872K)] 36672K->22824K(51712K), 0.0005790 secs] [Times: user=0.00 sys=0.00, real=0.00 secs] 
306.505: Total time for which application threads were stopped: 0.0007210 seconds, Stopping threads took: 0.0000600 seconds
306.579: Application time: 0.0741360 seconds
306.579: [GC [PSYoungGen: 14320K->496K(15872K)] 36648K->22824K(51712K), 0.0005430 secs] [Times: user=0.00 sys=0.00, real=0.00 secs] 
306.580: Total time for which application threads were stopped: 0.0006830 seconds, Stopping threads took: 0.0000540 seconds
306.653: Application time: 0.0735750 seconds
306.653: [GC [PSYoungGen: 14320K->496K(15872K)] 36648K->22832K(51712K), 0.0005350 secs] [Times: user=0.00 sys=0.00, real=0.01 secs] 
306.654: Total time for which application threads were stopped: 0.0006690 seconds, Stopping threads took: 0.0000520 seconds
306.728: Application time: 0.0743250 seconds
306.728: [GC [PSYoungGen: 14320K->496K(15872K)] 36656K->22832K(51712K), 0.0005660 secs] [Times: user=0.01 sys=0.00, real=0.00 secs] 
306.729: Total time for which application threads were stopped: 0.0007010 seconds, Stopping threads took: 0.0000550 seconds
306.802: Application time: 0.0735770 seconds
306.805: [GC [PSYoungGen: 14320K->512K(15872K)] 36656K->22848K(51712K), 0.0005600 secs] [Times: user=0.01 sys=0.00, real=0.00 secs] 
306.806: Total time for which application threads were stopped: 0.0035350 seconds, Stopping threads took: 0.0028980 seconds
306.876: Application time: 0.0705020 seconds
306.877: [GC [PSYoungGen: 14336K->496K(15872K)] 36672K->22832K(51712K), 0.0005390 secs] [Times: user=0.00 sys=0.00, real=0.00 secs] 
306.877: Total time for which application threads were stopped: 0.0006960 seconds, Stopping threads took: 0.0000770 seconds
306.951: Application time: 0.0743160 seconds
306.952: [GC [PSYoungGen: 14320K->528K(15872K)] 36656K->22864K(51712K), 0.0005200 secs] [Times: user=0.00 sys=0.00, real=0.00 secs] 
306.952: Total time for which application threads were stopped: 0.0006660 seconds, Stopping threads took: 0.0000610 seconds
307.025: Application time: 0.0733270 seconds
307.026: [GC [PSYoungGen: 14352K->464K(15872K)] 36688K->22800K(51712K), 0.0005620 secs] [Times: user=0.00 sys=0.00, real=0.00 secs] 
307.026: Total time for which application threads were stopped: 0.0006970 seconds, Stopping threads took: 0.0000580 seconds
307.100: Application time: 0.0737340 seconds
307.100: [GC [PSYoungGen: 14288K->496K(15872K)] 36624K->22832K(51712K), 0.0005860 secs] [Times: user=0.00 sys=0.00, real=0.00 secs] 
307.101: Total time for which application threads were stopped: 0.0007310 seconds, Stopping threads took: 0.0000540 seconds
307.175: Application time: 0.0738970 seconds
307.175: [GC [PSYoungGen: 14320K->544K(15872K)] 36656K->22888K(51712K), 0.0005620 secs] [Times: user=0.00 sys=0.00, real=0.00 secs] 
307.175: Total time for which application threads were stopped: 0.0007070 seconds, Stopping threads took: 0.0000660 seconds
307.249: Application time: 0.0738020 seconds
307.249: [GC [PSYoungGen: 14368K->464K(15872K)] 36712K->22816K(51712K), 0.0005230 secs] [Times: user=0.00 sys=0.00, real=0.00 secs] 
307.250: Total time for which application threads were stopped: 0.0006650 seconds, Stopping threads took: 0.0000630 seconds
307.324: Application time: 0.0740980 seconds
307.324: [GC [PSYoungGen: 14288K->512K(15872K)] 36640K->22864K(51712K), 0.0005150 secs] [Times: user=0.00 sys=0.00, real=0.00 secs] 
307.324: Total time for which application threads were stopped: 0.0006470 seconds, Stopping threads took: 0.0000560 seconds
307.399: Application time: 0.0742340 seconds
307.399: [GC [PSYoungGen: 14336K->544K(15872K)] 36688K->22904K(51712K), 0.0006020 secs] [Times: user=0.00 sys=0.00, real=0.00 secs] 
307.399: Total time for which application threads were stopped: 0.0007290 seconds, Stopping threads took: 0.0000500 seconds
307.473: Application time: 0.0736690 seconds
307.473: [GC [PSYoungGen: 14368K->512K(15872K)] 36728K->22872K(51712K), 0.0005030 secs] [Times: user=0.00 sys=0.00, real=0.01 secs] 
307.474: Total time for which application threads were stopped: 0.0006330 seconds, Stopping threads took: 0.0000530 seconds
307.547: Application time: 0.0736510 seconds
307.548: [GC [PSYoungGen: 14336K->544K(15872K)] 36696K->22904K(51712K), 0.0005810 secs] [Times: user=0.00 sys=0.00, real=0.00 secs] 
307.548: Total time for which application threads were stopped: 0.0007360 seconds, Stopping threads took: 0.0000760 seconds
307.620: Application time: 0.0723180 seconds
307.621: [GC [PSYoungGen: 14368K->464K(15872K)] 36728K->22824K(51712K), 0.0005570 secs] [Times: user=0.00 sys=0.00, real=0.00 secs] 
307.621: Total time for which application threads were stopped: 0.0006940 seconds, Stopping threads took: 0.0000570 seconds
307.695: Application time: 0.0737380 seconds
307.695: [GC [PSYoungGen: 14288K->480K(15872K)] 36648K->22840K(51712K), 0.0005180 secs] [Times: user=0.01 sys=0.00, real=0.00 secs] 
307.696: Total time for which application threads were stopped: 0.0006580 seconds, Stopping threads took: 0.0000620 seconds
307.769: Application time: 0.0735400 seconds
307.769: [GC [PSYoungGen: 14304K->528K(15872K)] 36664K->22888K(51712K), 0.0005290 secs] [Times: user=0.00 sys=0.00, real=0.00 secs] 
307.770: Total time for which application threads were stopped: 0.0006950 seconds, Stopping threads took: 0.0000820 seconds
307.844: Application time: 0.0739980 seconds
307.844: [GC [PSYoungGen: 14352K->496K(15872K)] 36712K->22856K(51712K), 0.0005420 secs] [Times: user=0.01 sys=0.00, real=0.00 secs] 
307.844: Total time for which application threads were stopped: 0.0006950 seconds, Stopping threads took: 0.0000750 seconds
307.919: Application time: 0.0742820 seconds
307.919: [GC [PSYoungGen: 14320K->480K(15872K)] 36680K->22848K(51712K), 0.0005180 secs] [Times: user=0.00 sys=0.00, real=0.00 secs] 
307.919: Total time for which application threads were stopped: 0.0006570 seconds, Stopping threads took: 0.0000620 seconds
307.993: Application time: 0.0732880 seconds
307.993: [GC [PSYoungGen: 14304K->528K(15872K)] 36672K->22904K(51712K), 0.0005480 secs] [Times: user=0.00 sys=0.00, real=0.01 secs] 
307.993: Total time for which application threads were stopped: 0.0006780 seconds, Stopping threads took: 0.0000520 seconds
308.068: Application time: 0.0743970 seconds
308.068: [GC [PSYoungGen: 14352K->464K(15872K)] 36728K->22840K(51712K), 0.0005260 secs] [Times: user=0.01 sys=0.00, real=0.00 secs] 
308.068: Total time for which application threads were stopped: 0.0006590 seconds, Stopping threads took: 0.0000570 seconds
308.142: Application time: 0.0739820 seconds
308.143: [GC [PSYoungGen: 14288K->544K(15872K)] 36664K->22928K(51712K), 0.0006080 secs] [Times: user=0.00 sys=0.00, real=0.00 secs] 
308.143: Total time for which application threads were stopped: 0.0007440 seconds, Stopping threads took: 0.0000480 seconds
308.218: Application time: 0.0751940 seconds
308.218: [GC [PSYoungGen: 14368K->512K(15872K)] 36752K->22896K(51712K), 0.0005870 secs] [Times: user=0.00 sys=0.00, real=0.00 secs] 
308.219: Total time for which application threads were stopped: 0.0007240 seconds, Stopping threads took: 0.0000580 seconds
308.300: Application time: 0.0808580 seconds
308.300: [GC [PSYoungGen: 14336K->464K(15872K)] 36720K->22848K(51712K), 0.0005990 secs] [Times: user=0.00 sys=0.00, real=0.00 secs] 
308.301: Total time for which application threads were stopped: 0.0007490 seconds, Stopping threads took: 0.0000640 seconds
308.380: Application time: 0.0792760 seconds
308.380: [GC [PSYoungGen: 14288K->512K(15872K)] 36672K->22896K(51712K), 0.0005310 secs] [Times: user=0.00 sys=0.00, real=0.00 secs] 
308.381: Total time for which application threads were stopped: 0.0006730 seconds, Stopping threads took: 0.0000570 seconds
308.461: Application time: 0.0800430 seconds
308.461: [GC [PSYoungGen: 14336K->496K(15872K)] 36720K->22880K(51712K), 0.0005990 secs] [Times: user=0.00 sys=0.00, real=0.00 secs] 
308.461: Total time for which application threads were stopped: 0.0007440 seconds, Stopping threads took: 0.0000630 seconds
308.543: Application time: 0.0817120 seconds
308.545: [GC [PSYoungGen: 14320K->496K(15872K)] 36704K->22880K(51712K), 0.0006040 secs] [Times: user=0.00 sys=0.00, real=0.00 secs] 
308.546: Total time for which application threads were stopped: 0.0028390 seconds, Stopping threads took: 0.0021570 seconds
308.627: Application time: 0.0807170 seconds
308.627: [GC [PSYoungGen: 14320K->496K(15872K)] 36704K->22880K(51712K), 0.0005500 secs] [Times: user=0.00 sys=0.00, real=0.00 secs] 
308.627: Total time for which application threads were stopped: 0.0006790 seconds, Stopping threads took: 0.0000520 seconds
308.709: Application time: 0.0812960 seconds
308.709: [GC [PSYoungGen: 14320K->512K(15872K)] 36704K->22904K(51712K), 0.0005640 secs] [Times: user=0.00 sys=0.00, real=0.00 secs] 
308.709: Total time for which application threads were stopped: 0.0007240 seconds, Stopping threads took: 0.0000690 seconds
308.791: Application time: 0.0816640 seconds
308.791: [GC [PSYoungGen: 14336K->496K(15872K)] 36728K->22896K(51712K), 0.0005250 secs] [Times: user=0.00 sys=0.00, real=0.00 secs] 
308.792: Total time for which application threads were stopped: 0.0006670 seconds, Stopping threads took: 0.0000610 seconds
308.873: Application time: 0.0811950 seconds
308.873: [GC [PSYoungGen: 14320K->512K(15872K)] 36720K->22920K(51712K), 0.0005460 secs] [Times: user=0.00 sys=0.00, real=0.01 secs] 
308.874: Total time for which application threads were stopped: 0.0006790 seconds, Stopping threads took: 0.0000530 seconds
308.955: Application time: 0.0813770 seconds
308.955: [GC [PSYoungGen: 14336K->512K(15872K)] 36744K->22928K(51712K), 0.0006310 secs] [Times: user=0.01 sys=0.00, real=0.00 secs] 
308.957: Total time for which application threads were stopped: 0.0017360 seconds, Stopping threads took: 0.0000620 seconds
309.039: Application time: 0.0818040 seconds
309.041: [GC [PSYoungGen: 14336K->496K(15872K)] 36752K->22912K(51712K), 0.0006050 secs] [Times: user=0.00 sys=0.00, real=0.00 secs] 
309.042: Total time for which application threads were stopped: 0.0035130 seconds, Stopping threads took: 0.0028180 seconds
309.124: Application time: 0.0817900 seconds
309.124: [GC [PSYoungGen: 14320K->512K(15872K)] 36736K->22928K(51712K), 0.0005640 secs] [Times: user=0.00 sys=0.00, real=0.00 secs] 
309.125: Total time for which application threads were stopped: 0.0006960 seconds, Stopping threads took: 0.0000550 seconds
309.205: Application time: 0.0801390 seconds
309.205: [GC [PSYoungGen: 14336K->528K(15872K)] 36752K->22944K(51712K), 0.0005950 secs] [Times: user=0.00 sys=0.00, real=0.01 secs] 
309.205: Total time for which application threads were stopped: 0.0007330 seconds, Stopping threads took: 0.0000530 seconds
309.285: Application time: 0.0796430 seconds
309.285: [GC [PSYoungGen: 14352K->496K(15872K)] 36768K->22912K(51712K), 0.0005260 secs] [Times: user=0.01 sys=0.00, real=0.01 secs] 
309.286: Total time for which application threads were stopped: 0.0006710 seconds, Stopping threads took: 0.0000590 seconds
309.367: Application time: 0.0816800 seconds
309.368: [GC [PSYoungGen: 14320K->496K(15872K)] 36736K->22912K(51712K), 0.0005510 secs] [Times: user=0.00 sys=0.00, real=0.00 secs] 
309.368: Total time for which application threads were stopped: 0.0007030 seconds, Stopping threads took: 0.0000670 seconds
309.449: Application time: 0.0807670 seconds
309.449: [GC [PSYoungGen: 14320K->512K(15872K)] 36736K->22928K(51712K), 0.0005530 secs] [Times: user=0.00 sys=0.00, real=0.00 secs] 
309.450: Total time for which application threads were stopped: 0.0006980 seconds, Stopping threads took: 0.0000630 seconds
309.531: Application time: 0.0817280 seconds
309.531: [GC [PSYoungGen: 14336K->512K(15872K)] 36752K->22944K(51712K), 0.0006330 secs] [Times: user=0.01 sys=0.00, real=0.00 secs] 
309.532: Total time for which application threads were stopped: 0.0007800 seconds, Stopping threads took: 0.0000610 seconds
309.613: Application time: 0.0812040 seconds
309.613: [GC [PSYoungGen: 14336K->496K(15872K)] 36768K->22936K(51712K), 0.0005540 secs] [Times: user=0.00 sys=0.00, real=0.00 secs] 
309.614: Total time for which application threads were stopped: 0.0007050 seconds, Stopping threads took: 0.0000680 seconds
309.695: Application time: 0.0810930 seconds
309.695: [GC [PSYoungGen: 14320K->512K(15872K)] 36760K->22960K(51712K), 0.0005420 secs] [Times: user=0.00 sys=0.00, real=0.00 secs] 
309.696: Total time for which application threads were stopped: 0.0006970 seconds, Stopping threads took: 0.0000720 seconds
309.777: Application time: 0.0815550 seconds
309.778: [GC [PSYoungGen: 14336K->528K(15872K)] 36784K->22976K(51712K), 0.0006330 secs] [Times: user=0.01 sys=0.00, real=0.00 secs] 
309.778: Total time for which application threads were stopped: 0.0007810 seconds, Stopping threads took: 0.0000640 seconds
309.860: Application time: 0.0813420 seconds
309.860: [GC [PSYoungGen: 14352K->512K(15872K)] 36800K->22968K(51712K), 0.0005730 secs] [Times: user=0.00 sys=0.00, real=0.00 secs] 
309.860: Total time for which application threads were stopped: 0.0007420 seconds, Stopping threads took: 0.0000780 seconds
309.941: Application time: 0.0808050 seconds
309.941: [GC [PSYoungGen: 14336K->512K(15872K)] 36792K->22968K(51712K), 0.0006060 secs] [Times: user=0.00 sys=0.00, real=0.00 secs] 
309.942: Total time for which application threads were stopped: 0.0007550 seconds, Stopping threads took: 0.0000630 seconds
310.022: Application time: 0.0803470 seconds
310.022: [GC [PSYoungGen: 14336K->496K(15872K)] 36792K->22952K(51712K), 0.0005340 secs] [Times: user=0.00 sys=0.00, real=0.00 secs] 
310.023: Total time for which application threads were stopped: 0.0006880 seconds, Stopping threads took: 0.0000740 seconds
310.102: Application time: 0.0795670 seconds
310.103: [GC [PSYoungGen: 14320K->512K(15872K)] 36776K->22968K(51712K), 0.0006460 secs] [Times: user=0.00 sys=0.00, real=0.00 secs] 
310.103: Total time for which application threads were stopped: 0.0007810 seconds, Stopping threads took: 0.0000540 seconds
310.185: Application time: 0.0813520 seconds
310.185: [GC [PSYoungGen: 14336K->480K(15872K)] 36792K->22936K(51712K), 0.0005570 secs] [Times: user=0.00 sys=0.00, real=0.00 secs] 
310.185: Total time for which application threads were stopped: 0.0007050 seconds, Stopping threads took: 0.0000650 seconds
310.267: Application time: 0.0817770 seconds
310.267: [GC [PSYoungGen: 14304K->464K(15872K)] 36760K->22920K(51712K), 0.0005720 secs] [Times: user=0.00 sys=0.00, real=0.00 secs] 
310.268: Total time for which application threads were stopped: 0.0007050 seconds, Stopping threads took: 0.0000570 seconds
310.349: Application time: 0.0811450 seconds
310.349: [GC [PSYoungGen: 14288K->528K(15872K)] 36744K->22992K(51712K), 0.0005630 secs] [Times: user=0.00 sys=0.00, real=0.00 secs] 
310.350: Total time for which application threads were stopped: 0.0007110 seconds, Stopping threads took: 0.0000660 seconds
310.431: Application time: 0.0814400 seconds
310.431: [GC [PSYoungGen: 14352K->512K(15872K)] 36816K->22984K(51712K), 0.0006020 secs] [Times: user=0.00 sys=0.00, real=0.00 secs] 
310.432: Total time for which application threads were stopped: 0.0007520 seconds, Stopping threads took: 0.0000560 seconds
310.513: Application time: 0.0808660 seconds
310.513: [GC [PSYoungGen: 14336K->496K(15872K)] 36808K->22976K(51712K), 0.0005770 secs] [Times: user=0.00 sys=0.00, real=0.01 secs] 
310.513: Total time for which application threads were stopped: 0.0007130 seconds, Stopping threads took: 0.0000560 seconds
310.595: Application time: 0.0819490 seconds
310.595: [GC [PSYoungGen: 14320K->464K(15872K)] 36800K->22944K(51712K), 0.0006300 secs] [Times: user=0.00 sys=0.00, real=0.00 secs] 
310.596: Total time for which application threads were stopped: 0.0007720 seconds, Stopping threads took: 0.0000600 seconds
310.678: Application time: 0.0821070 seconds
310.678: [GC [PSYoungGen: 14288K->512K(15872K)] 36768K->23000K(51712K), 0.0006220 secs] [Times: user=0.00 sys=0.00, real=0.00 secs] 
310.679: Total time for which application threads were stopped: 0.0007700 seconds, Stopping threads took: 0.0000640 seconds
310.760: Application time: 0.0814690 seconds
310.761: [GC [PSYoungGen: 14336K->512K(15872K)] 36824K->23000K(51712K), 0.0005460 secs] [Times: user=0.00 sys=0.00, real=0.00 secs] 
310.761: Total time for which application threads were stopped: 0.0006920 seconds, Stopping threads took: 0.0000640 seconds
310.842: Application time: 0.0806200 seconds
310.842: [GC [PSYoungGen: 14336K->464K(15872K)] 36824K->22952K(51712K), 0.0005780 secs] [Times: user=0.00 sys=0.00, real=0.00 secs] 
310.843: Total time for which application threads were stopped: 0.0007190 seconds, Stopping threads took: 0.0000620 seconds
310.921: Application time: 0.0788230 seconds
310.921: [GC [PSYoungGen: 14288K->480K(15872K)] 36776K->22968K(51712K), 0.0005250 secs] [Times: user=0.00 sys=0.00, real=0.00 secs] 
310.922: Total time for which application threads were stopped: 0.0006590 seconds, Stopping threads took: 0.0000600 seconds
311.003: Application time: 0.0812270 seconds
311.003: [GC [PSYoungGen: 14304K->512K(15872K)] 36792K->23000K(51712K), 0.0005450 secs] [Times: user=0.00 sys=0.00, real=0.00 secs] 
311.004: Total time for which application threads were stopped: 0.0006870 seconds, Stopping threads took: 0.0000530 seconds
311.085: Application time: 0.0810940 seconds
311.089: [GC [PSYoungGen: 14336K->480K(15872K)] 36824K->22968K(51712K), 0.0005910 secs] [Times: user=0.01 sys=0.00, real=0.00 secs] 
311.090: Total time for which application threads were stopped: 0.0049960 seconds, Stopping threads took: 0.0043250 seconds
311.172: Application time: 0.0818110 seconds
311.173: [GC [PSYoungGen: 14304K->544K(15872K)] 36792K->23040K(51712K), 0.0006190 secs] [Times: user=0.01 sys=0.00, real=0.00 secs] 
311.174: Total time for which application threads were stopped: 0.0022050 seconds, Stopping threads took: 0.0015030 seconds
311.255: Application time: 0.0811250 seconds
311.255: [GC [PSYoungGen: 14368K->512K(15872K)] 36864K->23016K(51712K), 0.0005560 secs] [Times: user=0.01 sys=0.00, real=0.00 secs] 
311.256: Total time for which application threads were stopped: 0.0007120 seconds, Stopping threads took: 0.0000620 seconds
311.337: Application time: 0.0809800 seconds
311.337: [GC [PSYoungGen: 14336K->480K(15872K)] 36840K->22992K(51712K), 0.0006000 secs] [Times: user=0.00 sys=0.00, real=0.00 secs] 
311.338: Total time for which application threads were stopped: 0.0007490 seconds, Stopping threads took: 0.0000630 seconds
311.419: Application time: 0.0812730 seconds
311.419: [GC [PSYoungGen: 14304K->528K(15872K)] 36816K->23040K(51712K), 0.0006040 secs] [Times: user=0.00 sys=0.00, real=0.00 secs] 
311.420: Total time for which application threads were stopped: 0.0007510 seconds, Stopping threads took: 0.0000660 seconds
311.501: Application time: 0.0814310 seconds
311.501: [GC [PSYoungGen: 14352K->464K(15872K)] 36864K->22984K(51712K), 0.0005870 secs] [Times: user=0.00 sys=0.01, real=0.00 secs] 
311.502: Total time for which application threads were stopped: 0.0007290 seconds, Stopping threads took: 0.0000620 seconds
311.584: Application time: 0.0817550 seconds
311.584: [GC [PSYoungGen: 14288K->512K(15872K)] 36808K->23032K(51712K), 0.0005650 secs] [Times: user=0.00 sys=0.00, real=0.00 secs] 
311.584: Total time for which application threads were stopped: 0.0007150 seconds, Stopping threads took: 0.0000580 seconds
311.665: Application time: 0.0811520 seconds
311.666: [GC [PSYoungGen: 14336K->512K(15872K)] 36856K->23032K(51712K), 0.0006710 secs] [Times: user=0.00 sys=0.00, real=0.00 secs] 
311.666: Total time for which application threads were stopped: 0.0008060 seconds, Stopping threads took: 0.0000580 seconds
311.745: Application time: 0.0783360 seconds
311.745: [GC [PSYoungGen: 14336K->496K(15872K)] 36856K->23016K(51712K), 0.0005400 secs] [Times: user=0.00 sys=0.00, real=0.00 secs] 
311.745: Total time for which application threads were stopped: 0.0006750 seconds, Stopping threads took: 0.0000540 seconds
311.826: Application time: 0.0810860 seconds
311.826: [GC [PSYoungGen: 14320K->496K(15872K)] 36840K->23016K(51712K), 0.0005420 secs] [Times: user=0.01 sys=0.00, real=0.00 secs] 
311.827: Total time for which application threads were stopped: 0.0006810 seconds, Stopping threads took: 0.0000540 seconds
311.908: Application time: 0.0807780 seconds
311.908: [GC [PSYoungGen: 14320K->528K(15872K)] 36840K->23048K(51712K), 0.0005550 secs] [Times: user=0.01 sys=0.00, real=0.00 secs] 
311.908: Total time for which application threads were stopped: 0.0006980 seconds, Stopping threads took: 0.0000600 seconds
311.990: Application time: 0.0816390 seconds
311.990: [GC [PSYoungGen: 14352K->496K(15872K)] 36872K->23024K(51712K), 0.0005860 secs] [Times: user=0.00 sys=0.00, real=0.00 secs] 
311.991: Total time for which application threads were stopped: 0.0007310 seconds, Stopping threads took: 0.0000580 seconds
312.072: Application time: 0.0815740 seconds
312.073: [GC [PSYoungGen: 14320K->528K(15872K)] 36848K->23064K(51712K), 0.0005570 secs] [Times: user=0.00 sys=0.00, real=0.00 secs] 
312.073: Total time for which application threads were stopped: 0.0006970 seconds, Stopping threads took: 0.0000590 seconds
312.155: Application time: 0.0822130 seconds
312.155: [GC [PSYoungGen: 14352K->528K(15872K)] 36888K->23080K(51712K), 0.0005120 secs] [Times: user=0.00 sys=0.00, real=0.00 secs] 
312.156: Total time for which application threads were stopped: 0.0006480 seconds, Stopping threads took: 0.0000510 seconds
312.234: Application time: 0.0783170 seconds
312.234: [GC [PSYoungGen: 14352K->496K(15872K)] 36904K->23072K(51712K), 0.0006470 secs] [Times: user=0.01 sys=0.00, real=0.00 secs] 
312.235: Total time for which application threads were stopped: 0.0008030 seconds, Stopping threads took: 0.0000770 seconds
312.309: Application time: 0.0743390 seconds
312.310: [GC [PSYoungGen: 14320K->512K(15872K)] 36896K->23096K(51712K), 0.0005340 secs] [Times: user=0.01 sys=0.00, real=0.00 secs] 
312.310: Total time for which application threads were stopped: 0.0006770 seconds, Stopping threads took: 0.0000610 seconds
312.384: Application time: 0.0743430 seconds
312.385: [GC [PSYoungGen: 14336K->448K(15872K)] 36920K->23032K(51712K), 0.0005420 secs] [Times: user=0.00 sys=0.00, real=0.00 secs] 
312.385: Total time for which application threads were stopped: 0.0006730 seconds, Stopping threads took: 0.0000550 seconds
312.458: Application time: 0.0730720 seconds
312.458: [GC [PSYoungGen: 14272K->512K(15872K)] 36856K->23096K(51712K), 0.0005540 secs] [Times: user=0.01 sys=0.00, real=0.00 secs] 
312.459: Total time for which application threads were stopped: 0.0007040 seconds, Stopping threads took: 0.0000730 seconds
312.531: Application time: 0.0725010 seconds
312.532: [GC [PSYoungGen: 14336K->496K(15872K)] 36920K->23080K(51712K), 0.0005220 secs] [Times: user=0.00 sys=0.00, real=0.00 secs] 
312.532: Total time for which application threads were stopped: 0.0006540 seconds, Stopping threads took: 0.0000580 seconds
312.604: Application time: 0.0720570 seconds
312.604: [GC [PSYoungGen: 14320K->464K(15872K)] 36904K->23048K(51712K), 0.0005960 secs] [Times: user=0.00 sys=0.00, real=0.00 secs] 
312.605: Total time for which application threads were stopped: 0.0007670 seconds, Stopping threads took: 0.0000930 seconds
312.679: Application time: 0.0737910 seconds
312.679: [GC [PSYoungGen: 14288K->544K(15872K)] 36872K->23128K(51712K), 0.0005220 secs] [Times: user=0.00 sys=0.00, real=0.00 secs] 
312.679: Total time for which application threads were stopped: 0.0006860 seconds, Stopping threads took: 0.0000710 seconds
312.753: Application time: 0.0735960 seconds
312.753: [GC [PSYoungGen: 14368K->544K(15872K)] 36952K->23128K(51712K), 0.0005880 secs] [Times: user=0.00 sys=0.00, real=0.01 secs] 
312.754: Total time for which application threads were stopped: 0.0007330 seconds, Stopping threads took: 0.0000630 seconds
312.827: Application time: 0.0736120 seconds
312.827: [GC [PSYoungGen: 14368K->528K(15872K)] 36952K->23120K(51712K), 0.0005100 secs] [Times: user=0.00 sys=0.00, real=0.00 secs] 
312.828: Total time for which application threads were stopped: 0.0006530 seconds, Stopping threads took: 0.0000670 seconds
312.902: Application time: 0.0738570 seconds
312.902: [GC [PSYoungGen: 14352K->448K(15872K)] 36944K->23088K(51712K), 0.0005670 secs] [Times: user=0.00 sys=0.00, real=0.00 secs] 
312.903: Total time for which application threads were stopped: 0.0007060 seconds, Stopping threads took: 0.0000570 seconds
312.976: Application time: 0.0736860 seconds
312.976: [GC [PSYoungGen: 14272K->512K(15872K)] 36912K->23160K(51712K), 0.0005230 secs] [Times: user=0.00 sys=0.00, real=0.00 secs] 
312.977: Total time for which application threads were stopped: 0.0006570 seconds, Stopping threads took: 0.0000590 seconds
313.051: Application time: 0.0743640 seconds
313.051: [GC [PSYoungGen: 14336K->480K(15872K)] 36984K->23152K(51712K), 0.0005280 secs] [Times: user=0.00 sys=0.00, real=0.00 secs] 
313.052: Total time for which application threads were stopped: 0.0006600 seconds, Stopping threads took: 0.0000540 seconds
313.126: Application time: 0.0737910 seconds
313.126: [GC [PSYoungGen: 14304K->544K(15872K)] 36976K->23216K(51712K), 0.0005030 secs] [Times: user=0.00 sys=0.00, real=0.00 secs] 
313.126: Total time for which application threads were stopped: 0.0006390 seconds, Stopping threads took: 0.0000580 seconds
313.201: Application time: 0.0746470 seconds
313.201: [GC [PSYoungGen: 14368K->512K(15872K)] 37040K->23184K(51712K), 0.0005420 secs] [Times: user=0.00 sys=0.00, real=0.00 secs] 
313.202: Total time for which application threads were stopped: 0.0006890 seconds, Stopping threads took: 0.0000620 seconds
313.275: Application time: 0.0732930 seconds
313.275: [GC [PSYoungGen: 14336K->480K(15872K)] 37008K->23152K(51712K), 0.0005880 secs] [Times: user=0.01 sys=0.00, real=0.00 secs] 
313.276: Total time for which application threads were stopped: 0.0007160 seconds, Stopping threads took: 0.0000530 seconds
313.347: Application time: 0.0715360 seconds
313.347: [GC [PSYoungGen: 14304K->512K(15872K)] 36976K->23184K(51712K), 0.0005340 secs] [Times: user=0.01 sys=0.00, real=0.00 secs] 
313.348: Total time for which application threads were stopped: 0.0006700 seconds, Stopping threads took: 0.0000570 seconds
313.422: Application time: 0.0737620 seconds
313.422: [GC [PSYoungGen: 14336K->480K(15872K)] 37008K->23152K(51712K), 0.0006070 secs] [Times: user=0.00 sys=0.00, real=0.00 secs] 
313.422: Total time for which application threads were stopped: 0.0007390 seconds, Stopping threads took: 0.0000520 seconds
313.496: Application time: 0.0735460 seconds
313.496: [GC [PSYoungGen: 14304K->464K(15872K)] 36976K->23136K(51712K), 0.0005210 secs] [Times: user=0.00 sys=0.00, real=0.00 secs] 
313.497: Total time for which application threads were stopped: 0.0006710 seconds, Stopping threads took: 0.0000700 seconds
313.570: Application time: 0.0737910 seconds
313.573: [GC [PSYoungGen: 14288K->528K(15872K)] 36960K->23208K(51712K), 0.0005800 secs] [Times: user=0.00 sys=0.00, real=0.00 secs] 
313.574: Total time for which application threads were stopped: 0.0035520 seconds, Stopping threads took: 0.0028900 seconds
313.649: Application time: 0.0751230 seconds
313.649: [GC [PSYoungGen: 14352K->544K(15872K)] 37032K->23232K(51712K), 0.0005130 secs] [Times: user=0.00 sys=0.00, real=0.00 secs] 
313.650: Total time for which application threads were stopped: 0.0006570 seconds, Stopping threads took: 0.0000680 seconds
313.724: Application time: 0.0737940 seconds
313.724: [GC [PSYoungGen: 14368K->464K(15872K)] 37056K->23160K(51712K), 0.0005370 secs] [Times: user=0.00 sys=0.00, real=0.00 secs] 
313.724: Total time for which application threads were stopped: 0.0006840 seconds, Stopping threads took: 0.0000590 seconds
313.798: Application time: 0.0738230 seconds
313.798: [GC [PSYoungGen: 14288K->512K(15872K)] 36984K->23208K(51712K), 0.0005840 secs] [Times: user=0.01 sys=0.00, real=0.00 secs] 
313.799: Total time for which application threads were stopped: 0.0007150 seconds, Stopping threads took: 0.0000520 seconds
313.873: Application time: 0.0740350 seconds
313.873: [GC [PSYoungGen: 14336K->496K(15872K)] 37032K->23200K(51712K), 0.0005570 secs] [Times: user=0.00 sys=0.00, real=0.01 secs] 
313.874: Total time for which application threads were stopped: 0.0006970 seconds, Stopping threads took: 0.0000630 seconds
313.947: Application time: 0.0734780 seconds
313.947: [GC [PSYoungGen: 14320K->448K(15872K)] 37024K->23152K(51712K), 0.0005280 secs] [Times: user=0.00 sys=0.00, real=0.00 secs] 
313.948: Total time for which application threads were stopped: 0.0006610 seconds, Stopping threads took: 0.0000510 seconds
314.021: Application time: 0.0730860 seconds
314.021: [GC [PSYoungGen: 14272K->512K(15872K)] 36976K->23216K(51712K), 0.0005640 secs] [Times: user=0.00 sys=0.00, real=0.00 secs] 
314.021: Total time for which application threads were stopped: 0.0006940 seconds, Stopping threads took: 0.0000480 seconds
314.093: Application time: 0.0718290 seconds
314.093: [GC [PSYoungGen: 14336K->496K(15872K)] 37040K->23200K(51712K), 0.0004920 secs] [Times: user=0.00 sys=0.00, real=0.00 secs] 
314.094: Total time for which application threads were stopped: 0.0006230 seconds, Stopping threads took: 0.0000540 seconds
314.168: Application time: 0.0742400 seconds
314.168: [GC [PSYoungGen: 14320K->512K(15872K)] 37024K->23216K(51712K), 0.0005220 secs] [Times: user=0.01 sys=0.00, real=0.00 secs] 
314.169: Total time for which application threads were stopped: 0.0006630 seconds, Stopping threads took: 0.0000630 seconds
314.242: Application time: 0.0732100 seconds
314.243: [GC [PSYoungGen: 14336K->512K(15872K)] 37040K->23216K(51712K), 0.0005470 secs] [Times: user=0.01 sys=0.00, real=0.00 secs] 
314.244: Total time for which application threads were stopped: 0.0015350 seconds, Stopping threads took: 0.0008780 seconds
314.317: Application time: 0.0738680 seconds
314.318: [GC [PSYoungGen: 14336K->496K(15872K)] 37040K->23208K(51712K), 0.0005840 secs] [Times: user=0.00 sys=0.00, real=0.00 secs] 
314.318: Total time for which application threads were stopped: 0.0007170 seconds, Stopping threads took: 0.0000580 seconds
314.392: Application time: 0.0736160 seconds
314.392: [GC [PSYoungGen: 14320K->528K(15872K)] 37032K->23248K(51712K), 0.0005330 secs] [Times: user=0.00 sys=0.00, real=0.00 secs] 
314.392: Total time for which application threads were stopped: 0.0006950 seconds, Stopping threads took: 0.0000790 seconds
314.466: Application time: 0.0737830 seconds
314.466: [GC [PSYoungGen: 14352K->512K(15872K)] 37072K->23240K(51712K), 0.0005650 secs] [Times: user=0.00 sys=0.00, real=0.00 secs] 
314.467: Total time for which application threads were stopped: 0.0006930 seconds, Stopping threads took: 0.0000490 seconds
314.541: Application time: 0.0735760 seconds
314.541: [GC [PSYoungGen: 14336K->496K(15872K)] 37064K->23224K(51712K), 0.0005500 secs] [Times: user=0.00 sys=0.00, real=0.00 secs] 
314.541: Total time for which application threads were stopped: 0.0006960 seconds, Stopping threads took: 0.0000600 seconds
314.615: Application time: 0.0740810 seconds
314.615: [GC [PSYoungGen: 14320K->496K(15872K)] 37048K->23232K(51712K), 0.0005400 secs] [Times: user=0.01 sys=0.00, real=0.00 secs] 
314.616: Total time for which application threads were stopped: 0.0006720 seconds, Stopping threads took: 0.0000560 seconds
314.689: Application time: 0.0734250 seconds
314.690: [GC [PSYoungGen: 14320K->496K(15872K)] 37056K->23232K(51712K), 0.0005180 secs] [Times: user=0.01 sys=0.00, real=0.00 secs] 
314.690: Total time for which application threads were stopped: 0.0006570 seconds, Stopping threads took: 0.0000570 seconds
314.763: Application time: 0.0733740 seconds
314.764: [GC [PSYoungGen: 14320K->480K(15872K)] 37056K->23216K(51712K), 0.0005340 secs] [Times: user=0.01 sys=0.00, real=0.00 secs] 
314.764: Total time for which application threads were stopped: 0.0006610 seconds, Stopping threads took: 0.0000440 seconds
314.835: Application time: 0.0713080 seconds
314.836: [GC [PSYoungGen: 14304K->512K(15872K)] 37040K->23248K(51712K), 0.0005180 secs] [Times: user=0.00 sys=0.00, real=0.00 secs] 
314.836: Total time for which application threads were stopped: 0.0006410 seconds, Stopping threads took: 0.0000440 seconds
314.910: Application time: 0.0737460 seconds
314.910: [GC [PSYoungGen: 14336K->464K(15872K)] 37072K->23200K(51712K), 0.0005290 secs] [Times: user=0.00 sys=0.00, real=0.00 secs] 
314.910: Total time for which application threads were stopped: 0.0006620 seconds, Stopping threads took: 0.0000570 seconds
314.984: Application time: 0.0733160 seconds
314.984: [GC [PSYoungGen: 14288K->480K(15872K)] 37024K->23216K(51712K), 0.0005380 secs] [Times: user=0.01 sys=0.00, real=0.00 secs] 
314.984: Total time for which application threads were stopped: 0.0006710 seconds, Stopping threads took: 0.0000570 seconds
315.058: Application time: 0.0739770 seconds
315.059: [GC [PSYoungGen: 14304K->512K(15872K)] 37040K->23256K(51712K), 0.0005330 secs] [Times: user=0.00 sys=0.00, real=0.00 secs] 
315.059: Total time for which application threads were stopped: 0.0006730 seconds, Stopping threads took: 0.0000610 seconds
315.133: Application time: 0.0734260 seconds
315.133: [GC [PSYoungGen: 14336K->528K(15872K)] 37080K->23280K(51712K), 0.0005340 secs] [Times: user=0.00 sys=0.00, real=0.00 secs] 
315.133: Total time for which application threads were stopped: 0.0006740 seconds, Stopping threads took: 0.0000620 seconds
315.208: Application time: 0.0744810 seconds
315.208: [GC [PSYoungGen: 14352K->512K(15872K)] 37104K->23272K(51712K), 0.0005150 secs] [Times: user=0.00 sys=0.00, real=0.00 secs] 
315.208: Total time for which application threads were stopped: 0.0006470 seconds, Stopping threads took: 0.0000550 seconds
315.283: Application time: 0.0741630 seconds
315.283: [GC [PSYoungGen: 14336K->528K(15872K)] 37096K->23288K(51712K), 0.0005720 secs] [Times: user=0.01 sys=0.00, real=0.00 secs] 
315.283: Total time for which application threads were stopped: 0.0007100 seconds, Stopping threads took: 0.0000520 seconds
315.357: Application time: 0.0738890 seconds
315.357: [GC [PSYoungGen: 14352K->544K(15872K)] 37112K->23312K(51712K), 0.0005080 secs] [Times: user=0.00 sys=0.00, real=0.00 secs] 
315.358: Total time for which application threads were stopped: 0.0006450 seconds, Stopping threads took: 0.0000560 seconds
315.432: Application time: 0.0742730 seconds
315.432: [GC [PSYoungGen: 14368K->528K(15872K)] 37136K->23296K(51712K), 0.0005740 secs] [Times: user=0.00 sys=0.00, real=0.00 secs] 
315.433: Total time for which application threads were stopped: 0.0007160 seconds, Stopping threads took: 0.0000670 seconds
315.506: Application time: 0.0736460 seconds
315.507: [GC [PSYoungGen: 14352K->464K(15872K)] 37120K->23232K(51712K), 0.0005380 secs] [Times: user=0.00 sys=0.00, real=0.00 secs] 
315.507: Total time for which application threads were stopped: 0.0006680 seconds, Stopping threads took: 0.0000500 seconds
315.578: Application time: 0.0711560 seconds
315.578: [GC [PSYoungGen: 14288K->528K(15872K)] 37056K->23296K(51712K), 0.0005560 secs] [Times: user=0.00 sys=0.00, real=0.00 secs] 
315.579: Total time for which application threads were stopped: 0.0006960 seconds, Stopping threads took: 0.0000610 seconds
315.653: Application time: 0.0738500 seconds
315.653: [GC [PSYoungGen: 14352K->496K(15872K)] 37120K->23264K(51712K), 0.0005730 secs] [Times: user=0.00 sys=0.00, real=0.01 secs] 
315.654: Total time for which application threads were stopped: 0.0007080 seconds, Stopping threads took: 0.0000530 seconds
315.727: Application time: 0.0733640 seconds
315.727: [GC [PSYoungGen: 14320K->544K(15872K)] 37088K->23312K(51712K), 0.0005030 secs] [Times: user=0.00 sys=0.00, real=0.00 secs] 
315.728: Total time for which application threads were stopped: 0.0006390 seconds, Stopping threads took: 0.0000580 seconds
315.802: Application time: 0.0741640 seconds
315.802: [GC [PSYoungGen: 14368K->544K(15872K)] 37136K->23320K(51712K), 0.0005330 secs] [Times: user=0.01 sys=0.00, real=0.00 secs] 
315.802: Total time for which application threads were stopped: 0.0006730 seconds, Stopping threads took: 0.0000510 seconds
315.876: Application time: 0.0733490 seconds
315.876: [GC [PSYoungGen: 14368K->544K(15872K)] 37144K->23328K(51712K), 0.0005920 secs] [Times: user=0.01 sys=0.00, real=0.00 secs] 
315.876: Total time for which application threads were stopped: 0.0007290 seconds, Stopping threads took: 0.0000570 seconds
315.950: Application time: 0.0740430 seconds
315.951: [GC [PSYoungGen: 14368K->512K(15872K)] 37152K->23304K(51712K), 0.0005390 secs] [Times: user=0.00 sys=0.00, real=0.00 secs] 
315.951: Total time for which application threads were stopped: 0.0006760 seconds, Stopping threads took: 0.0000570 seconds
316.025: Application time: 0.0734830 seconds
316.025: [GC [PSYoungGen: 14336K->496K(15872K)] 37128K->23288K(51712K), 0.0005110 secs] [Times: user=0.00 sys=0.00, real=0.00 secs] 
316.025: Total time for which application threads were stopped: 0.0006440 seconds, Stopping threads took: 0.0000600 seconds
316.099: Application time: 0.0742060 seconds
316.100: [GC [PSYoungGen: 14320K->512K(15872K)] 37112K->23312K(51712K), 0.0005350 secs] [Times: user=0.01 sys=0.00, real=0.00 secs] 
316.100: Total time for which application threads were stopped: 0.0006720 seconds, Stopping threads took: 0.0000610 seconds
316.174: Application time: 0.0738770 seconds
316.174: [GC [PSYoungGen: 14336K->512K(15872K)] 37136K->23312K(51712K), 0.0005770 secs] [Times: user=0.01 sys=0.00, real=0.00 secs] 
316.175: Total time for which application threads were stopped: 0.0007150 seconds, Stopping threads took: 0.0000570 seconds
316.251: Application time: 0.0764130 seconds
316.251: [GC [PSYoungGen: 14336K->464K(15872K)] 37136K->23264K(51712K), 0.0005950 secs] [Times: user=0.00 sys=0.00, real=0.00 secs] 
316.252: Total time for which application threads were stopped: 0.0007320 seconds, Stopping threads took: 0.0000550 seconds
316.332: Application time: 0.0796230 seconds
316.332: [GC [PSYoungGen: 14288K->528K(15872K)] 37088K->23328K(51712K), 0.0005490 secs] [Times: user=0.00 sys=0.00, real=0.00 secs] 
316.332: Total time for which application threads were stopped: 0.0006940 seconds, Stopping threads took: 0.0000510 seconds
316.412: Application time: 0.0796870 seconds
316.412: [GC [PSYoungGen: 14352K->512K(15872K)] 37152K->23312K(51712K), 0.0005740 secs] [Times: user=0.00 sys=0.00, real=0.00 secs] 
316.413: Total time for which application threads were stopped: 0.0007200 seconds, Stopping threads took: 0.0000490 seconds
316.494: Application time: 0.0814010 seconds
316.494: [GC [PSYoungGen: 14336K->512K(15872K)] 37136K->23312K(51712K), 0.0005520 secs] [Times: user=0.00 sys=0.00, real=0.00 secs] 
316.495: Total time for which application threads were stopped: 0.0006920 seconds, Stopping threads took: 0.0000540 seconds
316.575: Application time: 0.0806590 seconds
316.576: [GC [PSYoungGen: 14336K->496K(15872K)] 37136K->23296K(51712K), 0.0005840 secs] [Times: user=0.00 sys=0.00, real=0.00 secs] 
316.576: Total time for which application threads were stopped: 0.0007160 seconds, Stopping threads took: 0.0000550 seconds
316.658: Application time: 0.0820280 seconds
316.661: [GC [PSYoungGen: 14320K->512K(15872K)] 37120K->23320K(51712K), 0.0005520 secs] [Times: user=0.00 sys=0.00, real=0.00 secs] 
316.662: Total time for which application threads were stopped: 0.0037790 seconds, Stopping threads took: 0.0031370 seconds
316.743: Application time: 0.0810160 seconds
316.743: [GC [PSYoungGen: 14336K->496K(15872K)] 37144K->23312K(51712K), 0.0005320 secs] [Times: user=0.00 sys=0.00, real=0.00 secs] 
316.744: Total time for which application threads were stopped: 0.0006600 seconds, Stopping threads took: 0.0000480 seconds
316.825: Application time: 0.0813430 seconds
316.825: [GC [PSYoungGen: 14320K->480K(15872K)] 37136K->23296K(51712K), 0.0005740 secs] [Times: user=0.00 sys=0.00, real=0.01 secs] 
316.826: Total time for which application threads were stopped: 0.0007150 seconds, Stopping threads took: 0.0000620 seconds
316.907: Application time: 0.0813750 seconds
316.907: [GC [PSYoungGen: 14304K->512K(15872K)] 37120K->23344K(51712K), 0.0005660 secs] [Times: user=0.00 sys=0.00, real=0.00 secs] 
316.908: Total time for which application threads were stopped: 0.0007230 seconds, Stopping threads took: 0.0000670 seconds
316.989: Application time: 0.0813540 seconds
316.989: [GC [PSYoungGen: 14336K->512K(15872K)] 37168K->23344K(51712K), 0.0005390 secs] [Times: user=0.01 sys=0.00, real=0.00 secs] 
316.990: Total time for which application threads were stopped: 0.0006770 seconds, Stopping threads took: 0.0000590 seconds
317.071: Application time: 0.0807500 seconds
317.071: [GC [PSYoungGen: 14336K->464K(15872K)] 37168K->23296K(51712K), 0.0005550 secs] [Times: user=0.00 sys=0.00, real=0.00 secs] 
317.071: Total time for which application threads were stopped: 0.0006890 seconds, Stopping threads took: 0.0000550 seconds
317.152: Application time: 0.0803020 seconds
317.152: [GC [PSYoungGen: 14288K->480K(15872K)] 37120K->23312K(51712K), 0.0005450 secs] [Times: user=0.00 sys=0.00, real=0.00 secs] 
317.152: Total time for which application threads were stopped: 0.0006900 seconds, Stopping threads took: 0.0000660 seconds
317.231: Application time: 0.0789290 seconds
317.231: [GC [PSYoungGen: 14304K->512K(15872K)] 37136K->23344K(51712K), 0.0005450 secs] [Times: user=0.00 sys=0.00, real=0.00 secs] 
317.232: Total time for which application threads were stopped: 0.0006810 seconds, Stopping threads took: 0.0000520 seconds
317.313: Application time: 0.0815360 seconds
317.314: [GC [PSYoungGen: 14336K->512K(15872K)] 37168K->23344K(51712K), 0.0005630 secs] [Times: user=0.01 sys=0.00, real=0.00 secs] 
317.314: Total time for which application threads were stopped: 0.0007040 seconds, Stopping threads took: 0.0000560 seconds
317.395: Application time: 0.0810390 seconds
317.395: [GC [PSYoungGen: 14336K->480K(15872K)] 37168K->23312K(51712K), 0.0006060 secs] [Times: user=0.01 sys=0.00, real=0.00 secs] 
317.396: Total time for which application threads were stopped: 0.0007630 seconds, Stopping threads took: 0.0000710 seconds
317.477: Application time: 0.0811400 seconds
317.477: [GC [PSYoungGen: 14304K->464K(15872K)] 37136K->23304K(51712K), 0.0005530 secs] [Times: user=0.00 sys=0.00, real=0.00 secs] 
317.478: Total time for which application threads were stopped: 0.0007160 seconds, Stopping threads took: 0.0000680 seconds
317.559: Application time: 0.0810830 seconds
317.559: [GC [PSYoungGen: 14288K->528K(15872K)] 37128K->23376K(51712K), 0.0005430 secs] [Times: user=0.00 sys=0.00, real=0.00 secs] 
317.560: Total time for which application threads were stopped: 0.0006860 seconds, Stopping threads took: 0.0000610 seconds
317.641: Application time: 0.0812110 seconds
317.641: [GC [PSYoungGen: 14352K->464K(15872K)] 37200K->23320K(51712K), 0.0006340 secs] [Times: user=0.01 sys=0.00, real=0.00 secs] 
317.642: Total time for which application threads were stopped: 0.0007740 seconds, Stopping threads took: 0.0000560 seconds
317.723: Application time: 0.0818180 seconds
317.723: [GC [PSYoungGen: 14288K->528K(15872K)] 37144K->23384K(51712K), 0.0005620 secs] [Times: user=0.00 sys=0.00, real=0.00 secs] 
317.724: Total time for which application threads were stopped: 0.0007100 seconds, Stopping threads took: 0.0000630 seconds
317.806: Application time: 0.0816090 seconds
317.806: [GC [PSYoungGen: 14352K->480K(15872K)] 37208K->23344K(51712K), 0.0005490 secs] [Times: user=0.00 sys=0.00, real=0.00 secs] 
317.806: Total time for which application threads were stopped: 0.0007030 seconds, Stopping threads took: 0.0000740 seconds
317.887: Application time: 0.0808630 seconds
317.887: [GC [PSYoungGen: 14304K->480K(15872K)] 37168K->23344K(51712K), 0.0005310 secs] [Times: user=0.00 sys=0.00, real=0.00 secs] 
317.888: Total time for which application threads were stopped: 0.0006770 seconds, Stopping threads took: 0.0000690 seconds
317.969: Application time: 0.0807460 seconds
317.969: [GC [PSYoungGen: 14304K->480K(15872K)] 37168K->23344K(51712K), 0.0005500 secs] [Times: user=0.00 sys=0.00, real=0.00 secs] 
317.969: Total time for which application threads were stopped: 0.0007030 seconds, Stopping threads took: 0.0000710 seconds
318.048: Application time: 0.0786350 seconds
318.048: [GC [PSYoungGen: 14304K->496K(15872K)] 37168K->23360K(51712K), 0.0005540 secs] [Times: user=0.00 sys=0.00, real=0.00 secs] 
318.049: Total time for which application threads were stopped: 0.0007030 seconds, Stopping threads took: 0.0000590 seconds
318.130: Application time: 0.0813760 seconds
318.130: [GC [PSYoungGen: 14320K->512K(15872K)] 37184K->23376K(51712K), 0.0006020 secs] [Times: user=0.00 sys=0.00, real=0.00 secs] 
318.131: Total time for which application threads were stopped: 0.0007440 seconds, Stopping threads took: 0.0000560 seconds
318.213: Application time: 0.0821480 seconds
318.213: [GC [PSYoungGen: 14336K->496K(15872K)] 37200K->23360K(51712K), 0.0008030 secs] [Times: user=0.00 sys=0.00, real=0.01 secs] 
318.214: Total time for which application threads were stopped: 0.0009320 seconds, Stopping threads took: 0.0000520 seconds
318.295: Application time: 0.0814540 seconds
318.295: [GC [PSYoungGen: 14320K->528K(15872K)] 37184K->23400K(51712K), 0.0006000 secs] [Times: user=0.01 sys=0.00, real=0.00 secs] 
318.296: Total time for which application threads were stopped: 0.0007330 seconds, Stopping threads took: 0.0000520 seconds
318.378: Application time: 0.0814100 seconds
318.378: [GC [PSYoungGen: 14352K->512K(15872K)] 37224K->23392K(51712K), 0.0005760 secs] [Times: user=0.00 sys=0.00, real=0.00 secs] 
318.378: Total time for which application threads were stopped: 0.0007110 seconds, Stopping threads took: 0.0000570 seconds
318.459: Application time: 0.0808080 seconds
318.459: [GC [PSYoungGen: 14336K->464K(15872K)] 37216K->23352K(51712K), 0.0005330 secs] [Times: user=0.01 sys=0.00, real=0.00 secs] 
318.460: Total time for which application threads were stopped: 0.0006760 seconds, Stopping threads took: 0.0000580 seconds
318.541: Application time: 0.0816260 seconds
318.541: [GC [PSYoungGen: 14288K->512K(15872K)] 37176K->23400K(51712K), 0.0005420 secs] [Times: user=0.00 sys=0.00, real=0.00 secs] 
318.542: Total time for which application threads were stopped: 0.0006940 seconds, Stopping threads took: 0.0000710 seconds
318.623: Application time: 0.0814480 seconds
318.624: [GC [PSYoungGen: 14336K->448K(15872K)] 37224K->23344K(51712K), 0.0005690 secs] [Times: user=0.00 sys=0.00, real=0.00 secs] 
318.624: Total time for which application threads were stopped: 0.0007290 seconds, Stopping threads took: 0.0000570 seconds
318.705: Application time: 0.0809930 seconds
318.705: [GC [PSYoungGen: 14272K->496K(15872K)] 37168K->23392K(51712K), 0.0005750 secs] [Times: user=0.00 sys=0.00, real=0.00 secs] 
318.706: Total time for which application threads were stopped: 0.0007240 seconds, Stopping threads took: 0.0000610 seconds
318.788: Application time: 0.0816790 seconds
318.788: [GC [PSYoungGen: 14320K->528K(15872K)] 37216K->23424K(51712K), 0.0005650 secs] [Times: user=0.00 sys=0.00, real=0.00 secs] 
318.788: Total time for which application threads were stopped: 0.0007080 seconds, Stopping threads took: 0.0000600 seconds
318.867: Application time: 0.0789420 seconds
318.867: [GC [PSYoungGen: 14352K->512K(15872K)] 37248K->23408K(51712K), 0.0005930 secs] [Times: user=0.01 sys=0.00, real=0.00 secs] 
318.868: Total time for which application threads were stopped: 0.0007520 seconds, Stopping threads took: 0.0000740 seconds
318.949: Application time: 0.0807420 seconds
318.949: [GC [PSYoungGen: 14336K->560K(15872K)] 37232K->23456K(51712K), 0.0005410 secs] [Times: user=0.00 sys=0.00, real=0.00 secs] 
318.949: Total time for which application threads were stopped: 0.0006830 seconds, Stopping threads took: 0.0000620 seconds
319.030: Application time: 0.0808780 seconds
319.030: [GC [PSYoungGen: 14384K->480K(15872K)] 37280K->23376K(51712K), 0.0006430 secs] [Times: user=0.00 sys=0.00, real=0.00 secs] 
319.031: Total time for which application threads were stopped: 0.0007810 seconds, Stopping threads took: 0.0000530 seconds
319.113: Application time: 0.0814120 seconds
319.113: [GC [PSYoungGen: 14304K->528K(15872K)] 37200K->23432K(51712K), 0.0005360 secs] [Times: user=0.00 sys=0.00, real=0.00 secs] 
319.113: Total time for which application threads were stopped: 0.0006730 seconds, Stopping threads took: 0.0000570 seconds
319.194: Application time: 0.0809640 seconds
319.194: [GC [PSYoungGen: 14352K->512K(15872K)] 37256K->23424K(51712K), 0.0006040 secs] [Times: user=0.00 sys=0.00, real=0.00 secs] 
319.195: Total time for which application threads were stopped: 0.0007550 seconds, Stopping threads took: 0.0000600 seconds
319.276: Application time: 0.0811780 seconds
319.276: [GC [PSYoungGen: 14336K->544K(15872K)] 37248K->23464K(51712K), 0.0005410 secs] [Times: user=0.00 sys=0.00, real=0.00 secs] 
319.277: Total time for which application threads were stopped: 0.0006770 seconds, Stopping threads took: 0.0000580 seconds
319.358: Application time: 0.0815030 seconds
319.358: [GC [PSYoungGen: 14368K->512K(15872K)] 37288K->23432K(51712K), 0.0006160 secs] [Times: user=0.00 sys=0.00, real=0.00 secs] 
319.359: Total time for which application threads were stopped: 0.0007510 seconds, Stopping threads took: 0.0000510 seconds
319.440: Application time: 0.0813490 seconds
319.441: [GC [PSYoungGen: 14336K->512K(15872K)] 37256K->23440K(51712K), 0.0005810 secs] [Times: user=0.01 sys=0.00, real=0.00 secs] 
319.441: Total time for which application threads were stopped: 0.0007280 seconds, Stopping threads took: 0.0000630 seconds
319.522: Application time: 0.0811170 seconds
319.522: [GC [PSYoungGen: 14336K->528K(15872K)] 37264K->23456K(51712K), 0.0005570 secs] [Times: user=0.01 sys=0.00, real=0.00 secs] 
319.523: Total time for which application threads were stopped: 0.0006840 seconds, Stopping threads took: 0.0000480 seconds
319.605: Application time: 0.0818030 seconds
319.605: [GC [PSYoungGen: 14352K->496K(15872K)] 37280K->23424K(51712K), 0.0005890 secs] [Times: user=0.00 sys=0.00, real=0.01 secs] 
319.605: Total time for which application threads were stopped: 0.0007230 seconds, Stopping threads took: 0.0000580 seconds
319.685: Application time: 0.0796880 seconds
319.685: [GC [PSYoungGen: 14320K->528K(15872K)] 37248K->23456K(51712K), 0.0005280 secs] [Times: user=0.00 sys=0.00, real=0.01 secs] 
319.686: Total time for which application threads were stopped: 0.0006580 seconds, Stopping threads took: 0.0000530 seconds
319.767: Application time: 0.0812240 seconds
319.767: [GC [PSYoungGen: 14352K->512K(15872K)] 37280K->23440K(51712K), 0.0005460 secs] [Times: user=0.00 sys=0.00, real=0.00 secs] 
319.768: Total time for which application threads were stopped: 0.0006900 seconds, Stopping threads took: 0.0000550 seconds
319.849: Application time: 0.0810160 seconds
319.849: [GC [PSYoungGen: 14336K->480K(15872K)] 37264K->23408K(51712K), 0.0005590 secs] [Times: user=0.01 sys=0.00, real=0.00 secs] 
319.849: Total time for which application threads were stopped: 0.0007000 seconds, Stopping threads took: 0.0000620 seconds
319.931: Application time: 0.0815050 seconds
319.931: [GC [PSYoungGen: 14304K->496K(15872K)] 37232K->23432K(51712K), 0.0005710 secs] [Times: user=0.00 sys=0.00, real=0.00 secs] 
319.932: Total time for which application threads were stopped: 0.0007200 seconds, Stopping threads took: 0.0000650 seconds
320.013: Application time: 0.0817570 seconds
320.014: [GC [PSYoungGen: 14320K->544K(15872K)] 37256K->23488K(51712K), 0.0006360 secs] [Times: user=0.00 sys=0.00, real=0.00 secs] 
320.014: Total time for which application threads were stopped: 0.0007750 seconds, Stopping threads took: 0.0000600 seconds
320.095: Application time: 0.0808840 seconds
320.095: [GC [PSYoungGen: 14368K->496K(15872K)] 37312K->23448K(51712K), 0.0005540 secs] [Times: user=0.01 sys=0.00, real=0.00 secs] 
320.096: Total time for which application threads were stopped: 0.0007060 seconds, Stopping threads took: 0.0000680 seconds
320.177: Application time: 0.0811060 seconds
320.177: [GC [PSYoungGen: 14320K->528K(15872K)] 37272K->23480K(51712K), 0.0005560 secs] [Times: user=0.01 sys=0.00, real=0.00 secs] 
320.178: Total time for which application threads were stopped: 0.0007030 seconds, Stopping threads took: 0.0000620 seconds
320.255: Application time: 0.0773480 seconds
320.255: [GC [PSYoungGen: 14352K->544K(15872K)] 37304K->23504K(51712K), 0.0005100 secs] [Times: user=0.01 sys=0.00, real=0.00 secs] 
320.256: Total time for which application threads were stopped: 0.0006520 seconds, Stopping threads took: 0.0000650 seconds
320.330: Application time: 0.0742800 seconds
320.330: [GC [PSYoungGen: 14368K->496K(15872K)] 37328K->23456K(51712K), 0.0005260 secs] [Times: user=0.00 sys=0.00, real=0.00 secs] 
320.331: Total time for which application threads were stopped: 0.0006720 seconds, Stopping threads took: 0.0000580 seconds
320.404: Application time: 0.0735800 seconds
320.404: [GC [PSYoungGen: 14320K->496K(15872K)] 37280K->23456K(51712K), 0.0005340 secs] [Times: user=0.00 sys=0.00, real=0.00 secs] 
320.405: Total time for which application threads were stopped: 0.0006820 seconds, Stopping threads took: 0.0000700 seconds
320.477: Application time: 0.0725790 seconds
320.478: [GC [PSYoungGen: 14320K->496K(15872K)] 37280K->23456K(51712K), 0.0005660 secs] [Times: user=0.00 sys=0.00, real=0.00 secs] 
320.478: Total time for which application threads were stopped: 0.0007040 seconds, Stopping threads took: 0.0000560 seconds
320.550: Application time: 0.0723560 seconds
320.551: [GC [PSYoungGen: 14320K->496K(15872K)] 37280K->23456K(51712K), 0.0005210 secs] [Times: user=0.00 sys=0.00, real=0.00 secs] 
320.551: Total time for which application threads were stopped: 0.0006630 seconds, Stopping threads took: 0.0000650 seconds
320.625: Application time: 0.0742980 seconds
320.626: [GC [PSYoungGen: 14320K->464K(15872K)] 37280K->23424K(51712K), 0.0005280 secs] [Times: user=0.01 sys=0.00, real=0.00 secs] 
320.626: Total time for which application threads were stopped: 0.0006590 seconds, Stopping threads took: 0.0000550 seconds
320.700: Application time: 0.0739590 seconds
320.700: [GC [PSYoungGen: 14288K->528K(15872K)] 37248K->23496K(51712K), 0.0005780 secs] [Times: user=0.00 sys=0.00, real=0.00 secs] 
320.701: Total time for which application threads were stopped: 0.0007110 seconds, Stopping threads took: 0.0000520 seconds
320.774: Application time: 0.0733440 seconds
320.774: [GC [PSYoungGen: 14352K->528K(15872K)] 37320K->23496K(51712K), 0.0005650 secs] [Times: user=0.00 sys=0.00, real=0.00 secs] 
320.775: Total time for which application threads were stopped: 0.0007020 seconds, Stopping threads took: 0.0000500 seconds
320.849: Application time: 0.0739440 seconds
320.849: [GC [PSYoungGen: 14352K->544K(15872K)] 37320K->23520K(51712K), 0.0005300 secs] [Times: user=0.00 sys=0.00, real=0.00 secs] 
320.849: Total time for which application threads were stopped: 0.0006720 seconds, Stopping threads took: 0.0000530 seconds
320.923: Application time: 0.0736500 seconds
320.923: [GC [PSYoungGen: 14368K->480K(15872K)] 37344K->23464K(51712K), 0.0005340 secs] [Times: user=0.00 sys=0.00, real=0.00 secs] 
320.924: Total time for which application threads were stopped: 0.0006720 seconds, Stopping threads took: 0.0000590 seconds
320.998: Application time: 0.0743170 seconds
320.998: [GC [PSYoungGen: 14304K->544K(15872K)] 37288K->23536K(51712K), 0.0006140 secs] [Times: user=0.00 sys=0.00, real=0.00 secs] 
320.999: Total time for which application threads were stopped: 0.0007480 seconds, Stopping threads took: 0.0000560 seconds
321.072: Application time: 0.0736250 seconds
321.073: [GC [PSYoungGen: 14368K->528K(15872K)] 37360K->23520K(51712K), 0.0005110 secs] [Times: user=0.00 sys=0.00, real=0.00 secs] 
321.073: Total time for which application threads were stopped: 0.0006400 seconds, Stopping threads took: 0.0000500 seconds
321.147: Application time: 0.0739350 seconds
321.147: [GC [PSYoungGen: 14352K->496K(15872K)] 37344K->23488K(51712K), 0.0005690 secs] [Times: user=0.00 sys=0.00, real=0.00 secs] 
321.148: Total time for which application threads were stopped: 0.0007120 seconds, Stopping threads took: 0.0000640 seconds
321.221: Application time: 0.0733120 seconds
321.221: [GC [PSYoungGen: 14320K->496K(15872K)] 37312K->23488K(51712K), 0.0005350 secs] [Times: user=0.00 sys=0.00, real=0.00 secs] 
321.222: Total time for which application threads were stopped: 0.0006600 seconds, Stopping threads took: 0.0000530 seconds
321.295: Application time: 0.0729850 seconds
321.295: [GC [PSYoungGen: 14320K->544K(15872K)] 37312K->23536K(51712K), 0.0005410 secs] [Times: user=0.01 sys=0.00, real=0.00 secs] 
321.295: Total time for which application threads were stopped: 0.0006880 seconds, Stopping threads took: 0.0000650 seconds
321.369: Application time: 0.0737640 seconds
321.373: [GC [PSYoungGen: 14368K->512K(15872K)] 37360K->23504K(51712K), 0.0005390 secs] [Times: user=0.01 sys=0.00, real=0.00 secs] 
321.374: Total time for which application threads were stopped: 0.0047880 seconds, Stopping threads took: 0.0041650 seconds
321.448: Application time: 0.0737400 seconds
321.449: [GC [PSYoungGen: 14336K->544K(15872K)] 37328K->23536K(51712K), 0.0005950 secs] [Times: user=0.00 sys=0.00, real=0.00 secs] 
321.450: Total time for which application threads were stopped: 0.0023380 seconds, Stopping threads took: 0.0016600 seconds
321.524: Application time: 0.0738960 seconds
321.524: [GC [PSYoungGen: 14368K->528K(15872K)] 37360K->23528K(51712K), 0.0005230 secs] [Times: user=0.00 sys=0.00, real=0.00 secs] 
321.525: Total time for which application threads were stopped: 0.0006540 seconds, Stopping threads took: 0.0000530 seconds
321.598: Application time: 0.0737960 seconds
321.599: [GC [PSYoungGen: 14352K->528K(15872K)] 37352K->23544K(51712K), 0.0005490 secs] [Times: user=0.01 sys=0.00, real=0.00 secs] 
321.599: Total time for which application threads were stopped: 0.0006960 seconds, Stopping threads took: 0.0000640 seconds
321.673: Application time: 0.0736500 seconds
321.673: [GC [PSYoungGen: 14352K->528K(15872K)] 37368K->23560K(51712K), 0.0005380 secs] [Times: user=0.00 sys=0.00, real=0.01 secs] 
321.673: Total time for which application threads were stopped: 0.0006740 seconds, Stopping threads took: 0.0000530 seconds
321.747: Application time: 0.0738800 seconds
321.747: [GC [PSYoungGen: 14352K->480K(15872K)] 37384K->23512K(51712K), 0.0006120 secs] [Times: user=0.00 sys=0.00, real=0.00 secs] 
321.748: Total time for which application threads were stopped: 0.0007500 seconds, Stopping threads took: 0.0000620 seconds
321.822: Application time: 0.0739240 seconds
321.822: [GC [PSYoungGen: 14304K->512K(15872K)] 37336K->23552K(51712K), 0.0005840 secs] [Times: user=0.00 sys=0.00, real=0.00 secs] 
321.823: Total time for which application threads were stopped: 0.0007170 seconds, Stopping threads took: 0.0000530 seconds
321.896: Application time: 0.0733940 seconds
321.896: [GC [PSYoungGen: 14336K->496K(15872K)] 37376K->23536K(51712K), 0.0005700 secs] [Times: user=0.00 sys=0.00, real=0.00 secs] 
321.897: Total time for which application threads were stopped: 0.0007170 seconds, Stopping threads took: 0.0000570 seconds
321.970: Application time: 0.0729180 seconds
321.970: [GC [PSYoungGen: 14320K->560K(15872K)] 37360K->23600K(51712K), 0.0005530 secs] [Times: user=0.00 sys=0.00, real=0.00 secs] 
321.970: Total time for which application threads were stopped: 0.0006850 seconds, Stopping threads took: 0.0000530 seconds
322.042: Application time: 0.0715800 seconds
322.045: [GC [PSYoungGen: 14384K->512K(15872K)] 37424K->23552K(51712K), 0.0006130 secs] [Times: user=0.00 sys=0.00, real=0.00 secs] 
322.046: Total time for which application threads were stopped: 0.0040130 seconds, Stopping threads took: 0.0033230 seconds
322.120: Application time: 0.0736520 seconds
322.120: [GC [PSYoungGen: 14336K->512K(15872K)] 37376K->23552K(51712K), 0.0005410 secs] [Times: user=0.01 sys=0.00, real=0.00 secs] 
322.120: Total time for which application threads were stopped: 0.0006810 seconds, Stopping threads took: 0.0000580 seconds
322.194: Application time: 0.0739930 seconds
322.194: [GC [PSYoungGen: 14336K->480K(15872K)] 37376K->23520K(51712K), 0.0005500 secs] [Times: user=0.00 sys=0.00, real=0.00 secs] 
322.195: Total time for which application threads were stopped: 0.0006830 seconds, Stopping threads took: 0.0000540 seconds
322.269: Application time: 0.0740760 seconds
322.269: [GC [PSYoungGen: 14304K->528K(15872K)] 37344K->23576K(51712K), 0.0005330 secs] [Times: user=0.00 sys=0.00, real=0.00 secs] 
322.270: Total time for which application threads were stopped: 0.0006890 seconds, Stopping threads took: 0.0000820 seconds
322.344: Application time: 0.0740680 seconds
322.344: [GC [PSYoungGen: 14352K->512K(15872K)] 37400K->23568K(51712K), 0.0005120 secs] [Times: user=0.00 sys=0.00, real=0.00 secs] 
322.345: Total time for which application threads were stopped: 0.0006500 seconds, Stopping threads took: 0.0000640 seconds
322.418: Application time: 0.0737040 seconds
322.418: [GC [PSYoungGen: 14336K->512K(15872K)] 37392K->23576K(51712K), 0.0005270 secs] [Times: user=0.00 sys=0.00, real=0.00 secs] 
322.419: Total time for which application threads were stopped: 0.0006780 seconds, Stopping threads took: 0.0000620 seconds
322.493: Application time: 0.0739810 seconds
322.493: [GC [PSYoungGen: 14336K->448K(15872K)] 37400K->23512K(51712K), 0.0005110 secs] [Times: user=0.00 sys=0.00, real=0.01 secs] 
322.494: Total time for which application threads were stopped: 0.0006370 seconds, Stopping threads took: 0.0000490 seconds
322.568: Application time: 0.0742080 seconds
322.568: [GC [PSYoungGen: 14272K->528K(15872K)] 37336K->23608K(51712K), 0.0005890 secs] [Times: user=0.01 sys=0.00, real=0.00 secs] 
322.568: Total time for which application threads were stopped: 0.0007240 seconds, Stopping threads took: 0.0000540 seconds
322.642: Application time: 0.0736460 seconds
322.642: [GC [PSYoungGen: 14352K->512K(15872K)] 37432K->23592K(51712K), 0.0005240 secs] [Times: user=0.00 sys=0.00, real=0.00 secs] 
322.643: Total time for which application threads were stopped: 0.0006530 seconds, Stopping threads took: 0.0000500 seconds
322.717: Application time: 0.0745190 seconds
322.717: [GC [PSYoungGen: 14336K->480K(15872K)] 37416K->23560K(51712K), 0.0004970 secs] [Times: user=0.00 sys=0.00, real=0.00 secs] 
322.718: Total time for which application threads were stopped: 0.0006210 seconds, Stopping threads took: 0.0000550 seconds
322.789: Application time: 0.0715520 seconds
322.790: [GC [PSYoungGen: 14304K->528K(15872K)] 37384K->23608K(51712K), 0.0005270 secs] [Times: user=0.00 sys=0.00, real=0.00 secs] 
322.790: Total time for which application threads were stopped: 0.0006630 seconds, Stopping threads took: 0.0000590 seconds
322.864: Application time: 0.0735340 seconds
322.864: [GC [PSYoungGen: 14352K->512K(15872K)] 37432K->23592K(51712K), 0.0005440 secs] [Times: user=0.00 sys=0.00, real=0.00 secs] 
322.864: Total time for which application threads were stopped: 0.0006810 seconds, Stopping threads took: 0.0000570 seconds
322.938: Application time: 0.0735360 seconds
322.938: [GC [PSYoungGen: 14336K->528K(15872K)] 37416K->23608K(51712K), 0.0005350 secs] [Times: user=0.00 sys=0.00, real=0.00 secs] 
322.939: Total time for which application threads were stopped: 0.0006800 seconds, Stopping threads took: 0.0000530 seconds
323.013: Application time: 0.0739630 seconds
323.013: [GC [PSYoungGen: 14352K->480K(15872K)] 37432K->23584K(51712K), 0.0005390 secs] [Times: user=0.00 sys=0.00, real=0.00 secs] 
323.013: Total time for which application threads were stopped: 0.0006670 seconds, Stopping threads took: 0.0000470 seconds
323.087: Application time: 0.0741110 seconds
323.087: [GC [PSYoungGen: 14304K->544K(15872K)] 37408K->23656K(51712K), 0.0005100 secs] [Times: user=0.00 sys=0.00, real=0.00 secs] 
323.088: Total time for which application threads were stopped: 0.0006510 seconds, Stopping threads took: 0.0000600 seconds
323.161: Application time: 0.0734330 seconds
323.162: [GC [PSYoungGen: 14368K->496K(15872K)] 37480K->23616K(51712K), 0.0005380 secs] [Times: user=0.00 sys=0.00, real=0.00 secs] 
323.162: Total time for which application threads were stopped: 0.0006750 seconds, Stopping threads took: 0.0000570 seconds
323.236: Application time: 0.0737170 seconds
323.236: [GC [PSYoungGen: 14320K->496K(15872K)] 37440K->23616K(51712K), 0.0005270 secs] [Times: user=0.00 sys=0.00, real=0.00 secs] 
323.236: Total time for which application threads were stopped: 0.0006650 seconds, Stopping threads took: 0.0000610 seconds
323.311: Application time: 0.0743540 seconds
323.313: [GC [PSYoungGen: 14320K->512K(15872K)] 37440K->23640K(51712K), 0.0006330 secs] [Times: user=0.00 sys=0.00, real=0.00 secs] 
323.314: Total time for which application threads were stopped: 0.0032370 seconds, Stopping threads took: 0.0025250 seconds
323.388: Application time: 0.0735330 seconds
323.388: [GC [PSYoungGen: 14336K->464K(15872K)] 37464K->23592K(51712K), 0.0005690 secs] [Times: user=0.00 sys=0.00, real=0.00 secs] 
323.388: Total time for which application threads were stopped: 0.0007090 seconds, Stopping threads took: 0.0000600 seconds
323.462: Application time: 0.0733910 seconds
323.462: [GC [PSYoungGen: 14288K->576K(15872K)] 37416K->23704K(51712K), 0.0005850 secs] [Times: user=0.00 sys=0.00, real=0.00 secs] 
323.462: Total time for which application threads were stopped: 0.0007270 seconds, Stopping threads took: 0.0000540 seconds
323.535: Application time: 0.0723780 seconds
323.535: [GC [PSYoungGen: 14400K->512K(15872K)] 37528K->23640K(51712K), 0.0004980 secs] [Times: user=0.00 sys=0.00, real=0.00 secs] 
323.535: Total time for which application threads were stopped: 0.0006380 seconds, Stopping threads took: 0.0000600 seconds
323.609: Application time: 0.0733860 seconds
323.609: [GC [PSYoungGen: 14336K->512K(15872K)] 37464K->23640K(51712K), 0.0005430 secs] [Times: user=0.00 sys=0.00, real=0.00 secs] 
323.610: Total time for which application threads were stopped: 0.0006850 seconds, Stopping threads took: 0.0000570 seconds
323.683: Application time: 0.0732690 seconds
323.683: [GC [PSYoungGen: 14336K->496K(15872K)] 37464K->23624K(51712K), 0.0005390 secs] [Times: user=0.00 sys=0.00, real=0.00 secs] 
323.683: Total time for which application threads were stopped: 0.0006670 seconds, Stopping threads took: 0.0000500 seconds
323.758: Application time: 0.0742250 seconds
323.758: [GC [PSYoungGen: 14320K->496K(15872K)] 37448K->23632K(51712K), 0.0006250 secs] [Times: user=0.01 sys=0.00, real=0.00 secs] 
323.758: Total time for which application threads were stopped: 0.0007480 seconds, Stopping threads took: 0.0000440 seconds
323.832: Application time: 0.0733970 seconds
323.832: [GC [PSYoungGen: 14320K->480K(15872K)] 37456K->23624K(51712K), 0.0005590 secs] [Times: user=0.01 sys=0.00, real=0.00 secs] 
323.833: Total time for which application threads were stopped: 0.0007010 seconds, Stopping threads took: 0.0000530 seconds
323.906: Application time: 0.0735320 seconds
323.906: [GC [PSYoungGen: 14304K->528K(15872K)] 37448K->23688K(51712K), 0.0005190 secs] [Times: user=0.01 sys=0.00, real=0.00 secs] 
323.907: Total time for which application threads were stopped: 0.0006560 seconds, Stopping threads took: 0.0000590 seconds
323.981: Application time: 0.0739100 seconds
323.981: [GC [PSYoungGen: 14352K->512K(15872K)] 37512K->23672K(51712K), 0.0005310 secs] [Times: user=0.00 sys=0.00, real=0.00 secs] 
323.981: Total time for which application threads were stopped: 0.0006860 seconds, Stopping threads took: 0.0000610 seconds
324.056: Application time: 0.0743420 seconds
324.056: [GC [PSYoungGen: 14336K->480K(15872K)] 37496K->23648K(51712K), 0.0006070 secs] [Times: user=0.00 sys=0.00, real=0.00 secs] 
324.057: Total time for which application threads were stopped: 0.0016170 seconds, Stopping threads took: 0.0000580 seconds
324.131: Application time: 0.0734010 seconds
324.131: [GC [PSYoungGen: 14304K->496K(15872K)] 37472K->23664K(51712K), 0.0005380 secs] [Times: user=0.00 sys=0.00, real=0.00 secs] 
324.131: Total time for which application threads were stopped: 0.0006880 seconds, Stopping threads took: 0.0000670 seconds
324.205: Application time: 0.0739370 seconds
324.205: [GC [PSYoungGen: 14320K->496K(15872K)] 37488K->23664K(51712K), 0.0005950 secs] [Times: user=0.00 sys=0.00, real=0.00 secs] 
324.206: Total time for which application threads were stopped: 0.0007880 seconds, Stopping threads took: 0.0001110 seconds
324.280: Application time: 0.0735240 seconds
324.280: [GC [PSYoungGen: 14320K->528K(15872K)] 37488K->23696K(51712K), 0.0005340 secs] [Times: user=0.01 sys=0.00, real=0.00 secs] 
324.280: Total time for which application threads were stopped: 0.0006690 seconds, Stopping threads took: 0.0000540 seconds
324.353: Application time: 0.0725890 seconds
324.353: [GC [PSYoungGen: 14352K->528K(15872K)] 37520K->23696K(51712K), 0.0005390 secs] [Times: user=0.01 sys=0.00, real=0.01 secs] 
324.354: Total time for which application threads were stopped: 0.0006850 seconds, Stopping threads took: 0.0000630 seconds
324.427: Application time: 0.0738220 seconds
324.428: [GC [PSYoungGen: 14352K->512K(15872K)] 37520K->23680K(51712K), 0.0005060 secs] [Times: user=0.00 sys=0.00, real=0.00 secs] 
324.428: Total time for which application threads were stopped: 0.0006430 seconds, Stopping threads took: 0.0000580 seconds
324.502: Application time: 0.0736800 seconds
324.502: [GC [PSYoungGen: 14336K->560K(15872K)] 37504K->23736K(51712K), 0.0005160 secs] [Times: user=0.00 sys=0.00, real=0.00 secs] 
324.502: Total time for which application threads were stopped: 0.0006760 seconds, Stopping threads took: 0.0000720 seconds
324.576: Application time: 0.0739790 seconds
324.576: [GC [PSYoungGen: 14384K->512K(15872K)] 37560K->23696K(51712K), 0.0005280 secs] [Times: user=0.00 sys=0.00, real=0.00 secs] 
324.577: Total time for which application threads were stopped: 0.0006660 seconds, Stopping threads took: 0.0000600 seconds
324.651: Application time: 0.0739940 seconds
324.651: [GC [PSYoungGen: 14336K->496K(15872K)] 37520K->23688K(51712K), 0.0005240 secs] [Times: user=0.00 sys=0.00, real=0.00 secs] 
324.652: Total time for which application threads were stopped: 0.0006520 seconds, Stopping threads took: 0.0000510 seconds
324.725: Application time: 0.0735690 seconds
324.725: [GC [PSYoungGen: 14320K->512K(15872K)] 37512K->23712K(51712K), 0.0005180 secs] [Times: user=0.01 sys=0.00, real=0.00 secs] 
324.726: Total time for which application threads were stopped: 0.0006530 seconds, Stopping threads took: 0.0000600 seconds
324.800: Application time: 0.0742030 seconds
324.800: [GC [PSYoungGen: 14336K->512K(15872K)] 37536K->23720K(51712K), 0.0005510 secs] [Times: user=0.00 sys=0.00, real=0.00 secs] 
324.801: Total time for which application threads were stopped: 0.0006930 seconds, Stopping threads took: 0.0000610 seconds
324.875: Application time: 0.0741750 seconds
324.877: [GC [PSYoungGen: 14336K->496K(15872K)] 37544K->23704K(51712K), 0.0005790 secs] [Times: user=0.00 sys=0.00, real=0.00 secs] 
324.878: Total time for which application threads were stopped: 0.0029930 seconds, Stopping threads took: 0.0023380 seconds
324.951: Application time: 0.0734790 seconds
324.952: [GC [PSYoungGen: 14320K->496K(15872K)] 37528K->23704K(51712K), 0.0005550 secs] [Times: user=0.00 sys=0.00, real=0.00 secs] 
324.952: Total time for which application threads were stopped: 0.0006940 seconds, Stopping threads took: 0.0000610 seconds
325.024: Application time: 0.0722540 seconds
325.025: [GC [PSYoungGen: 14320K->512K(15872K)] 37528K->23720K(51712K), 0.0005030 secs] [Times: user=0.00 sys=0.00, real=0.00 secs] 
325.025: Total time for which application threads were stopped: 0.0006440 seconds, Stopping threads took: 0.0000570 seconds
325.097: Application time: 0.0722670 seconds
325.097: [GC [PSYoungGen: 14336K->512K(15872K)] 37544K->23720K(51712K), 0.0005710 secs] [Times: user=0.00 sys=0.00, real=0.00 secs] 
325.098: Total time for which application threads were stopped: 0.0006980 seconds, Stopping threads took: 0.0000510 seconds
325.172: Application time: 0.0736840 seconds
325.172: [GC [PSYoungGen: 14336K->528K(15872K)] 37544K->23736K(51712K), 0.0005340 secs] [Times: user=0.00 sys=0.00, real=0.00 secs] 
325.172: Total time for which application threads were stopped: 0.0006760 seconds, Stopping threads took: 0.0000620 seconds
325.246: Application time: 0.0738250 seconds
325.246: [GC [PSYoungGen: 14352K->528K(15872K)] 37560K->23744K(51712K), 0.0005350 secs] [Times: user=0.00 sys=0.00, real=0.00 secs] 
325.247: Total time for which application threads were stopped: 0.0006940 seconds, Stopping threads took: 0.0000800 seconds
325.321: Application time: 0.0738140 seconds
325.321: [GC [PSYoungGen: 14352K->496K(15872K)] 37568K->23720K(51712K), 0.0005160 secs] [Times: user=0.01 sys=0.00, real=0.00 secs] 
325.321: Total time for which application threads were stopped: 0.0006520 seconds, Stopping threads took: 0.0000580 seconds
325.396: Application time: 0.0744770 seconds
325.396: [GC [PSYoungGen: 14320K->480K(15872K)] 37544K->23712K(51712K), 0.0005450 secs] [Times: user=0.00 sys=0.00, real=0.00 secs] 
325.397: Total time for which application threads were stopped: 0.0006750 seconds, Stopping threads took: 0.0000520 seconds
325.470: Application time: 0.0737590 seconds
325.470: [GC [PSYoungGen: 14304K->464K(15872K)] 37536K->23704K(51712K), 0.0005680 secs] [Times: user=0.00 sys=0.00, real=0.00 secs] 
325.471: Total time for which application threads were stopped: 0.0007360 seconds, Stopping threads took: 0.0000850 seconds
325.545: Application time: 0.0739590 seconds
325.545: [GC [PSYoungGen: 14288K->528K(15872K)] 37528K->23768K(51712K), 0.0005440 secs] [Times: user=0.00 sys=0.00, real=0.01 secs] 
325.546: Total time for which application threads were stopped: 0.0006820 seconds, Stopping threads took: 0.0000480 seconds
325.620: Application time: 0.0742790 seconds
325.620: [GC [PSYoungGen: 14352K->512K(15872K)] 37592K->23760K(51712K), 0.0005660 secs] [Times: user=0.01 sys=0.00, real=0.00 secs] 
325.621: Total time for which application threads were stopped: 0.0007010 seconds, Stopping threads took: 0.0000600 seconds
325.694: Application time: 0.0731640 seconds
325.694: [GC [PSYoungGen: 14336K->464K(15872K)] 37584K->23712K(51712K), 0.0005020 secs] [Times: user=0.00 sys=0.00, real=0.00 secs] 
325.694: Total time for which application threads were stopped: 0.0006290 seconds, Stopping threads took: 0.0000510 seconds
325.769: Application time: 0.0745670 seconds
325.769: [GC [PSYoungGen: 14288K->496K(15872K)] 37536K->23744K(51712K), 0.0005880 secs] [Times: user=0.00 sys=0.00, real=0.00 secs] 
325.770: Total time for which application threads were stopped: 0.0007180 seconds, Stopping threads took: 0.0000500 seconds
325.841: Application time: 0.0716040 seconds
325.841: [GC [PSYoungGen: 14320K->480K(15872K)] 37568K->23728K(51712K), 0.0005260 secs] [Times: user=0.00 sys=0.00, real=0.00 secs] 
325.842: Total time for which application threads were stopped: 0.0006570 seconds, Stopping threads took: 0.0000450 seconds
325.916: Application time: 0.0738260 seconds
325.916: [GC [PSYoungGen: 14304K->528K(15872K)] 37552K->23776K(51712K), 0.0005310 secs] [Times: user=0.00 sys=0.00, real=0.00 secs] 
325.917: Total time for which application threads were stopped: 0.0006950 seconds, Stopping threads took: 0.0000830 seconds
325.990: Application time: 0.0736010 seconds
325.990: [GC [PSYoungGen: 14352K->464K(15872K)] 37600K->23712K(51712K), 0.0005490 secs] [Times: user=0.01 sys=0.00, real=0.00 secs] 
325.991: Total time for which application threads were stopped: 0.0006810 seconds, Stopping threads took: 0.0000560 seconds
326.065: Application time: 0.0740080 seconds
326.065: [GC [PSYoungGen: 14288K->480K(15872K)] 37536K->23736K(51712K), 0.0005670 secs] [Times: user=0.01 sys=0.00, real=0.01 secs] 
326.066: Total time for which application threads were stopped: 0.0007150 seconds, Stopping threads took: 0.0000630 seconds
326.140: Application time: 0.0742950 seconds
326.140: [GC [PSYoungGen: 14304K->480K(15872K)] 37560K->23744K(51712K), 0.0005240 secs] [Times: user=0.00 sys=0.00, real=0.00 secs] 
326.141: Total time for which application threads were stopped: 0.0006640 seconds, Stopping threads took: 0.0000590 seconds
326.214: Application time: 0.0733370 seconds
326.214: [GC [PSYoungGen: 14304K->480K(15872K)] 37568K->23752K(51712K), 0.0005550 secs] [Times: user=0.00 sys=0.00, real=0.00 secs] 
326.215: Total time for which application threads were stopped: 0.0006860 seconds, Stopping threads took: 0.0000500 seconds
326.289: Application time: 0.0744440 seconds
326.289: [GC [PSYoungGen: 14304K->512K(15872K)] 37576K->23784K(51712K), 0.0005110 secs] [Times: user=0.00 sys=0.00, real=0.00 secs] 
326.290: Total time for which application threads were stopped: 0.0006460 seconds, Stopping threads took: 0.0000580 seconds
326.364: Application time: 0.0741730 seconds
326.364: [GC [PSYoungGen: 14336K->496K(15872K)] 37608K->23776K(51712K), 0.0005800 secs] [Times: user=0.00 sys=0.00, real=0.00 secs] 
326.365: Total time for which application threads were stopped: 0.0007140 seconds, Stopping threads took: 0.0000530 seconds
326.438: Application time: 0.0730620 seconds
326.438: [GC [PSYoungGen: 14320K->512K(15872K)] 37600K->23792K(51712K), 0.0005200 secs] [Times: user=0.00 sys=0.00, real=0.00 secs] 
326.438: Total time for which application threads were stopped: 0.0006570 seconds, Stopping threads took: 0.0000610 seconds
326.512: Application time: 0.0735710 seconds
326.512: [GC [PSYoungGen: 14336K->480K(15872K)] 37616K->23760K(51712K), 0.0006170 secs] [Times: user=0.00 sys=0.00, real=0.00 secs] 
326.513: Total time for which application threads were stopped: 0.0007550 seconds, Stopping threads took: 0.0000580 seconds
326.584: Application time: 0.0712420 seconds
326.584: [GC [PSYoungGen: 14304K->544K(15872K)] 37584K->23824K(51712K), 0.0005130 secs] [Times: user=0.00 sys=0.00, real=0.00 secs] 
326.584: Total time for which application threads were stopped: 0.0006610 seconds, Stopping threads took: 0.0000600 seconds
326.659: Application time: 0.0742980 seconds
326.659: [GC [PSYoungGen: 14368K->528K(15872K)] 37648K->23808K(51712K), 0.0005870 secs] [Times: user=0.00 sys=0.00, real=0.00 secs] 
326.660: Total time for which application threads were stopped: 0.0007210 seconds, Stopping threads took: 0.0000590 seconds
326.734: Application time: 0.0741490 seconds
326.734: [GC [PSYoungGen: 14352K->512K(15872K)] 37632K->23792K(51712K), 0.0005430 secs] [Times: user=0.00 sys=0.00, real=0.00 secs] 
326.734: Total time for which application threads were stopped: 0.0006760 seconds, Stopping threads took: 0.0000510 seconds
326.808: Application time: 0.0732970 seconds
326.808: [GC [PSYoungGen: 14336K->496K(15872K)] 37616K->23792K(51712K), 0.0005440 secs] [Times: user=0.00 sys=0.00, real=0.00 secs] 
326.808: Total time for which application threads were stopped: 0.0006870 seconds, Stopping threads took: 0.0000590 seconds
326.883: Application time: 0.0744350 seconds
326.883: [GC [PSYoungGen: 14320K->480K(15872K)] 37616K->23784K(51712K), 0.0005940 secs] [Times: user=0.00 sys=0.00, real=0.00 secs] 
326.883: Total time for which application threads were stopped: 0.0007310 seconds, Stopping threads took: 0.0000600 seconds
326.957: Application time: 0.0732560 seconds
326.957: [GC [PSYoungGen: 14304K->496K(15872K)] 37608K->23808K(51712K), 0.0005430 secs] [Times: user=0.00 sys=0.00, real=0.00 secs] 
326.957: Total time for which application threads were stopped: 0.0006670 seconds, Stopping threads took: 0.0000500 seconds
327.032: Application time: 0.0744580 seconds
327.032: [GC [PSYoungGen: 14320K->512K(15872K)] 37632K->23824K(51712K), 0.0005210 secs] [Times: user=0.00 sys=0.00, real=0.00 secs] 
327.033: Total time for which application threads were stopped: 0.0006550 seconds, Stopping threads took: 0.0000590 seconds
327.107: Application time: 0.0742910 seconds
327.109: [GC [PSYoungGen: 14336K->528K(15872K)] 37648K->23848K(51712K), 0.0005720 secs] [Times: user=0.00 sys=0.00, real=0.00 secs] 
327.110: Total time for which application threads were stopped: 0.0031540 seconds, Stopping threads took: 0.0024930 seconds
327.183: Application time: 0.0733570 seconds
327.183: [GC [PSYoungGen: 14352K->496K(15872K)] 37672K->23816K(51712K), 0.0005530 secs] [Times: user=0.00 sys=0.00, real=0.00 secs] 
327.184: Total time for which application threads were stopped: 0.0006850 seconds, Stopping threads took: 0.0000550 seconds
327.259: Application time: 0.0751340 seconds
327.259: [GC [PSYoungGen: 14320K->496K(15872K)] 37640K->23816K(51712K), 0.0005050 secs] [Times: user=0.00 sys=0.00, real=0.00 secs] 
327.260: Total time for which application threads were stopped: 0.0006490 seconds, Stopping threads took: 0.0000650 seconds
327.332: Application time: 0.0721900 seconds
327.332: [GC [PSYoungGen: 14320K->528K(15872K)] 37640K->23848K(51712K), 0.0005210 secs] [Times: user=0.00 sys=0.00, real=0.00 secs] 
327.333: Total time for which application threads were stopped: 0.0006580 seconds, Stopping threads took: 0.0000570 seconds
327.406: Application time: 0.0732440 seconds
327.406: [GC [PSYoungGen: 14352K->496K(15872K)] 37672K->23816K(51712K), 0.0005230 secs] [Times: user=0.00 sys=0.00, real=0.00 secs] 
327.407: Total time for which application threads were stopped: 0.0006610 seconds, Stopping threads took: 0.0000610 seconds
327.480: Application time: 0.0731140 seconds
327.480: [GC [PSYoungGen: 14320K->480K(15872K)] 37640K->23800K(51712K), 0.0005780 secs] [Times: user=0.00 sys=0.00, real=0.00 secs] 
327.480: Total time for which application threads were stopped: 0.0007090 seconds, Stopping threads took: 0.0000540 seconds
327.555: Application time: 0.0742870 seconds
327.557: [GC [PSYoungGen: 14304K->512K(15872K)] 37624K->23840K(51712K), 0.0005410 secs] [Times: user=0.00 sys=0.00, real=0.00 secs] 
327.558: Total time for which application threads were stopped: 0.0032540 seconds, Stopping threads took: 0.0026360 seconds
327.633: Application time: 0.0747920 seconds
327.633: [GC [PSYoungGen: 14336K->512K(15872K)] 37664K->23848K(51712K), 0.0005360 secs] [Times: user=0.00 sys=0.00, real=0.01 secs] 
327.633: Total time for which application threads were stopped: 0.0006750 seconds, Stopping threads took: 0.0000500 seconds
327.707: Application time: 0.0734760 seconds
327.707: [GC [PSYoungGen: 14336K->496K(15872K)] 37672K->23840K(51712K), 0.0005540 secs] [Times: user=0.00 sys=0.00, real=0.00 secs] 
327.708: Total time for which application threads were stopped: 0.0007100 seconds, Stopping threads took: 0.0000740 seconds
327.782: Application time: 0.0743690 seconds
327.782: [GC [PSYoungGen: 14320K->496K(15872K)] 37664K->23840K(51712K), 0.0005610 secs] [Times: user=0.01 sys=0.00, real=0.00 secs] 
327.783: Total time for which application threads were stopped: 0.0006990 seconds, Stopping threads took: 0.0000550 seconds
327.857: Application time: 0.0739490 seconds
327.857: [GC [PSYoungGen: 14320K->544K(15872K)] 37664K->23896K(51712K), 0.0005310 secs] [Times: user=0.00 sys=0.00, real=0.00 secs] 
327.857: Total time for which application threads were stopped: 0.0006760 seconds, Stopping threads took: 0.0000540 seconds
327.931: Application time: 0.0737580 seconds
327.931: [GC [PSYoungGen: 14368K->464K(15872K)] 37720K->23816K(51712K), 0.0006140 secs] [Times: user=0.00 sys=0.00, real=0.00 secs] 
327.932: Total time for which application threads were stopped: 0.0007540 seconds, Stopping threads took: 0.0000580 seconds
328.005: Application time: 0.0730390 seconds
328.005: [GC [PSYoungGen: 14288K->496K(15872K)] 37640K->23848K(51712K), 0.0005740 secs] [Times: user=0.00 sys=0.00, real=0.01 secs] 
328.006: Total time for which application threads were stopped: 0.0007160 seconds, Stopping threads took: 0.0000650 seconds
328.079: Application time: 0.0729330 seconds
328.079: [GC [PSYoungGen: 14320K->528K(15872K)] 37672K->23880K(51712K), 0.0005340 secs] [Times: user=0.00 sys=0.00, real=0.00 secs] 
328.079: Total time for which application threads were stopped: 0.0006690 seconds, Stopping threads took: 0.0000540 seconds
328.152: Application time: 0.0724250 seconds
328.152: [GC [PSYoungGen: 14352K->512K(15872K)] 37704K->23864K(51712K), 0.0005040 secs] [Times: user=0.00 sys=0.00, real=0.00 secs] 
328.152: Total time for which application threads were stopped: 0.0006570 seconds, Stopping threads took: 0.0000630 seconds
328.226: Application time: 0.0735480 seconds
328.226: [GC [PSYoungGen: 14336K->480K(15872K)] 37688K->23832K(51712K), 0.0005740 secs] [Times: user=0.00 sys=0.00, real=0.00 secs] 
328.227: Total time for which application threads were stopped: 0.0007110 seconds, Stopping threads took: 0.0000600 seconds
328.301: Application time: 0.0742460 seconds
328.301: [GC [PSYoungGen: 14304K->560K(15872K)] 37656K->23920K(51712K), 0.0005660 secs] [Times: user=0.00 sys=0.00, real=0.00 secs] 
328.301: Total time for which application threads were stopped: 0.0007080 seconds, Stopping threads took: 0.0000620 seconds
328.375: Application time: 0.0739580 seconds
328.376: [GC [PSYoungGen: 14384K->512K(15872K)] 37744K->23880K(51712K), 0.0005140 secs] [Times: user=0.00 sys=0.00, real=0.00 secs] 
328.376: Total time for which application threads were stopped: 0.0006540 seconds, Stopping threads took: 0.0000660 seconds
328.450: Application time: 0.0736580 seconds
328.450: [GC [PSYoungGen: 14336K->544K(15872K)] 37704K->23920K(51712K), 0.0005150 secs] [Times: user=0.00 sys=0.00, real=0.00 secs] 
328.450: Total time for which application threads were stopped: 0.0006560 seconds, Stopping threads took: 0.0000650 seconds
328.524: Application time: 0.0739660 seconds
328.524: [GC [PSYoungGen: 14368K->480K(15872K)] 37744K->23864K(51712K), 0.0005130 secs] [Times: user=0.00 sys=0.00, real=0.00 secs] 
328.525: Total time for which application threads were stopped: 0.0006560 seconds, Stopping threads took: 0.0000640 seconds
328.599: Application time: 0.0737460 seconds
328.599: [GC [PSYoungGen: 14304K->512K(15872K)] 37688K->23904K(51712K), 0.0005430 secs] [Times: user=0.01 sys=0.00, real=0.00 secs] 
328.599: Total time for which application threads were stopped: 0.0006800 seconds, Stopping threads took: 0.0000570 seconds
328.674: Application time: 0.0742530 seconds
328.674: [GC [PSYoungGen: 14336K->528K(15872K)] 37728K->23920K(51712K), 0.0005730 secs] [Times: user=0.00 sys=0.00, real=0.00 secs] 
328.674: Total time for which application threads were stopped: 0.0007580 seconds, Stopping threads took: 0.0000870 seconds
328.749: Application time: 0.0745700 seconds
328.749: [GC [PSYoungGen: 14352K->496K(15872K)] 37744K->23888K(51712K), 0.0005650 secs] [Times: user=0.00 sys=0.00, real=0.00 secs] 
328.750: Total time for which application threads were stopped: 0.0007070 seconds, Stopping threads took: 0.0000670 seconds
328.822: Application time: 0.0727330 seconds
328.825: [GC [PSYoungGen: 14320K->512K(15872K)] 37712K->23904K(51712K), 0.0005060 secs] [Times: user=0.00 sys=0.00, real=0.00 secs] 
328.826: Total time for which application threads were stopped: 0.0034100 seconds, Stopping threads took: 0.0028240 seconds
328.898: Application time: 0.0722890 seconds
328.898: [GC [PSYoungGen: 14336K->528K(15872K)] 37728K->23920K(51712K), 0.0005350 secs] [Times: user=0.00 sys=0.00, real=0.00 secs] 
328.899: Total time for which application threads were stopped: 0.0006810 seconds, Stopping threads took: 0.0000670 seconds
328.972: Application time: 0.0734570 seconds
328.972: [GC [PSYoungGen: 14352K->496K(15872K)] 37744K->23888K(51712K), 0.0005320 secs] [Times: user=0.00 sys=0.00, real=0.00 secs] 
328.973: Total time for which application threads were stopped: 0.0006620 seconds, Stopping threads took: 0.0000520 seconds
329.048: Application time: 0.0745430 seconds
329.048: [GC [PSYoungGen: 14320K->528K(15872K)] 37712K->23920K(51712K), 0.0005050 secs] [Times: user=0.00 sys=0.00, real=0.00 secs] 
329.048: Total time for which application threads were stopped: 0.0006840 seconds, Stopping threads took: 0.0001030 seconds
329.122: Application time: 0.0736820 seconds
329.122: [GC [PSYoungGen: 14352K->528K(15872K)] 37744K->23928K(51712K), 0.0006160 secs] [Times: user=0.00 sys=0.00, real=0.00 secs] 
329.124: Total time for which application threads were stopped: 0.0017460 seconds, Stopping threads took: 0.0000570 seconds
329.198: Application time: 0.0740750 seconds
329.198: [GC [PSYoungGen: 14352K->512K(15872K)] 37752K->23920K(51712K), 0.0005060 secs] [Times: user=0.00 sys=0.00, real=0.00 secs] 
329.198: Total time for which application threads were stopped: 0.0006560 seconds, Stopping threads took: 0.0000650 seconds
329.272: Application time: 0.0735280 seconds
329.272: [GC [PSYoungGen: 14336K->496K(15872K)] 37744K->23912K(51712K), 0.0005340 secs] [Times: user=0.00 sys=0.00, real=0.00 secs] 
329.273: Total time for which application threads were stopped: 0.0006750 seconds, Stopping threads took: 0.0000630 seconds
329.347: Application time: 0.0739390 seconds
329.349: [GC [PSYoungGen: 14320K->432K(15872K)] 37736K->23856K(51712K), 0.0005980 secs] [Times: user=0.01 sys=0.00, real=0.00 secs] 
329.350: Total time for which application threads were stopped: 0.0034830 seconds, Stopping threads took: 0.0028030 seconds
329.424: Application time: 0.0736380 seconds
329.424: [GC [PSYoungGen: 14256K->512K(15872K)] 37680K->23936K(51712K), 0.0005230 secs] [Times: user=0.01 sys=0.00, real=0.00 secs] 
329.424: Total time for which application threads were stopped: 0.0006690 seconds, Stopping threads took: 0.0000680 seconds
329.498: Application time: 0.0738330 seconds
329.498: [GC [PSYoungGen: 14336K->480K(15872K)] 37760K->23904K(51712K), 0.0005390 secs] [Times: user=0.00 sys=0.00, real=0.00 secs] 
329.499: Total time for which application threads were stopped: 0.0006760 seconds, Stopping threads took: 0.0000580 seconds
329.572: Application time: 0.0733050 seconds
329.572: [GC [PSYoungGen: 14304K->496K(15872K)] 37728K->23920K(51712K), 0.0006750 secs] [Times: user=0.00 sys=0.00, real=0.00 secs] 
329.573: Total time for which application threads were stopped: 0.0008270 seconds, Stopping threads took: 0.0000680 seconds
329.644: Application time: 0.0712650 seconds
329.644: [GC [PSYoungGen: 14320K->528K(15872K)] 37744K->23952K(51712K), 0.0005210 secs] [Times: user=0.00 sys=0.00, real=0.00 secs] 
329.645: Total time for which application threads were stopped: 0.0006720 seconds, Stopping threads took: 0.0000720 seconds
329.719: Application time: 0.0739290 seconds
329.719: [GC [PSYoungGen: 14352K->496K(15872K)] 37776K->23920K(51712K), 0.0005710 secs] [Times: user=0.00 sys=0.00, real=0.00 secs] 
329.720: Total time for which application threads were stopped: 0.0007100 seconds, Stopping threads took: 0.0000520 seconds
329.793: Application time: 0.0730820 seconds
329.793: [GC [PSYoungGen: 14320K->512K(15872K)] 37744K->23936K(51712K), 0.0005250 secs] [Times: user=0.00 sys=0.00, real=0.01 secs] 
329.793: Total time for which application threads were stopped: 0.0006800 seconds, Stopping threads took: 0.0000760 seconds
329.867: Application time: 0.0739030 seconds
329.867: [GC [PSYoungGen: 14336K->528K(15872K)] 37760K->23960K(51712K), 0.0005490 secs] [Times: user=0.01 sys=0.00, real=0.00 secs] 
329.868: Total time for which application threads were stopped: 0.0006890 seconds, Stopping threads took: 0.0000610 seconds
329.942: Application time: 0.0737370 seconds
329.942: [GC [PSYoungGen: 14352K->544K(15872K)] 37784K->23984K(51712K), 0.0005530 secs] [Times: user=0.00 sys=0.00, real=0.00 secs] 
329.942: Total time for which application threads were stopped: 0.0006860 seconds, Stopping threads took: 0.0000510 seconds
330.016: Application time: 0.0737560 seconds
330.016: [GC [PSYoungGen: 14368K->512K(15872K)] 37808K->23960K(51712K), 0.0005150 secs] [Times: user=0.00 sys=0.00, real=0.00 secs] 
330.017: Total time for which application threads were stopped: 0.0006580 seconds, Stopping threads took: 0.0000650 seconds
330.091: Application time: 0.0740310 seconds
330.091: [GC [PSYoungGen: 14336K->512K(15872K)] 37784K->23968K(51712K), 0.0005270 secs] [Times: user=0.01 sys=0.00, real=0.00 secs] 
330.091: Total time for which application threads were stopped: 0.0006690 seconds, Stopping threads took: 0.0000610 seconds
330.165: Application time: 0.0739190 seconds
330.165: [GC [PSYoungGen: 14336K->464K(15872K)] 37792K->23920K(51712K), 0.0005410 secs] [Times: user=0.00 sys=0.00, real=0.00 secs] 
330.166: Total time for which application threads were stopped: 0.0006700 seconds, Stopping threads took: 0.0000480 seconds
330.239: Application time: 0.0732110 seconds
330.239: [GC [PSYoungGen: 14288K->512K(15872K)] 37744K->23968K(51712K), 0.0005790 secs] [Times: user=0.00 sys=0.00, real=0.00 secs] 
330.240: Total time for which application threads were stopped: 0.0007260 seconds, Stopping threads took: 0.0000600 seconds
330.315: Application time: 0.0749350 seconds
330.315: [GC [PSYoungGen: 14336K->512K(15872K)] 37792K->23968K(51712K), 0.0005280 secs] [Times: user=0.01 sys=0.00, real=0.00 secs] 
330.316: Total time for which application threads were stopped: 0.0006650 seconds, Stopping threads took: 0.0000570 seconds
330.387: Application time: 0.0717410 seconds
330.387: [GC [PSYoungGen: 14336K->528K(15872K)] 37792K->23984K(51712K), 0.0005970 secs] [Times: user=0.00 sys=0.00, real=0.00 secs] 
330.388: Total time for which application threads were stopped: 0.0007230 seconds, Stopping threads took: 0.0000510 seconds
330.462: Application time: 0.0739890 seconds
330.462: [GC [PSYoungGen: 14352K->480K(15872K)] 37808K->23936K(51712K), 0.0005330 secs] [Times: user=0.00 sys=0.00, real=0.00 secs] 
330.463: Total time for which application threads were stopped: 0.0006630 seconds, Stopping threads took: 0.0000490 seconds
330.536: Application time: 0.0731370 seconds
330.536: [GC [PSYoungGen: 14304K->480K(15872K)] 37760K->23936K(51712K), 0.0005320 secs] [Times: user=0.01 sys=0.00, real=0.00 secs] 
330.537: Total time for which application threads were stopped: 0.0006890 seconds, Stopping threads took: 0.0000760 seconds
330.611: Application time: 0.0739860 seconds
330.613: [GC [PSYoungGen: 14304K->496K(15872K)] 37760K->23960K(51712K), 0.0005540 secs] [Times: user=0.00 sys=0.00, real=0.00 secs] 
330.614: Total time for which application threads were stopped: 0.0034230 seconds, Stopping threads took: 0.0027950 seconds
330.688: Application time: 0.0740840 seconds
330.688: [GC [PSYoungGen: 14320K->512K(15872K)] 37784K->23984K(51712K), 0.0005560 secs] [Times: user=0.01 sys=0.00, real=0.00 secs] 
330.689: Total time for which application threads were stopped: 0.0007070 seconds, Stopping threads took: 0.0000670 seconds
330.762: Application time: 0.0731990 seconds
330.762: [GC [PSYoungGen: 14336K->496K(15872K)] 37808K->23976K(51712K), 0.0005210 secs] [Times: user=0.00 sys=0.00, real=0.00 secs] 
330.763: Total time for which application threads were stopped: 0.0006730 seconds, Stopping threads took: 0.0000650 seconds
330.837: Application time: 0.0741700 seconds
330.837: [GC [PSYoungGen: 14320K->512K(15872K)] 37800K->23992K(51712K), 0.0005810 secs] [Times: user=0.00 sys=0.00, real=0.00 secs] 
330.838: Total time for which application threads were stopped: 0.0007140 seconds, Stopping threads took: 0.0000550 seconds
330.912: Application time: 0.0740560 seconds
330.912: [GC [PSYoungGen: 14336K->496K(15872K)] 37816K->24000K(51712K), 0.0005580 secs] [Times: user=0.01 sys=0.00, real=0.00 secs] 
330.912: Total time for which application threads were stopped: 0.0006920 seconds, Stopping threads took: 0.0000540 seconds
330.986: Application time: 0.0736320 seconds
330.986: [GC [PSYoungGen: 14320K->496K(15872K)] 37824K->24000K(51712K), 0.0005100 secs] [Times: user=0.00 sys=0.00, real=0.00 secs] 
330.987: Total time for which application threads were stopped: 0.0006470 seconds, Stopping threads took: 0.0000580 seconds
331.060: Application time: 0.0738580 seconds
331.061: [GC [PSYoungGen: 14320K->480K(15872K)] 37824K->23984K(51712K), 0.0005370 secs] [Times: user=0.00 sys=0.00, real=0.00 secs] 
331.061: Total time for which application threads were stopped: 0.0006620 seconds, Stopping threads took: 0.0000490 seconds
331.133: Application time: 0.0718230 seconds
331.133: [GC [PSYoungGen: 14304K->560K(15872K)] 37808K->24064K(51712K), 0.0005890 secs] [Times: user=0.01 sys=0.00, real=0.01 secs] 
331.134: Total time for which application threads were stopped: 0.0007180 seconds, Stopping threads took: 0.0000520 seconds
331.207: Application time: 0.0732980 seconds
331.207: [GC [PSYoungGen: 14384K->512K(15872K)] 37888K->24016K(51712K), 0.0005410 secs] [Times: user=0.00 sys=0.00, real=0.00 secs] 
331.208: Total time for which application threads were stopped: 0.0006760 seconds, Stopping threads took: 0.0000520 seconds
331.282: Application time: 0.0740420 seconds
331.282: [GC [PSYoungGen: 14336K->448K(15872K)] 37840K->23952K(51712K), 0.0005310 secs] [Times: user=0.00 sys=0.00, real=0.00 secs] 
331.282: Total time for which application threads were stopped: 0.0006760 seconds, Stopping threads took: 0.0000550 seconds
331.356: Application time: 0.0735950 seconds
331.356: [GC [PSYoungGen: 14272K->512K(15872K)] 37776K->24024K(51712K), 0.0005030 secs] [Times: user=0.00 sys=0.00, real=0.00 secs] 
331.357: Total time for which application threads were stopped: 0.0006340 seconds, Stopping threads took: 0.0000540 seconds
331.431: Application time: 0.0739500 seconds
331.431: [GC [PSYoungGen: 14336K->512K(15872K)] 37848K->24032K(51712K), 0.0005020 secs] [Times: user=0.00 sys=0.00, real=0.00 secs] 
331.431: Total time for which application threads were stopped: 0.0006460 seconds, Stopping threads took: 0.0000670 seconds
331.505: Application time: 0.0736440 seconds
331.505: [GC [PSYoungGen: 14336K->480K(15872K)] 37856K->24008K(51712K), 0.0005410 secs] [Times: user=0.00 sys=0.00, real=0.01 secs] 
331.505: Total time for which application threads were stopped: 0.0006760 seconds, Stopping threads took: 0.0000580 seconds
331.580: Application time: 0.0741370 seconds
331.581: [GC [PSYoungGen: 14304K->480K(15872K)] 37832K->24008K(51712K), 0.0005870 secs] [Times: user=0.01 sys=0.00, real=0.00 secs] 
331.582: Total time for which application threads were stopped: 0.0023650 seconds, Stopping threads took: 0.0017000 seconds
331.656: Application time: 0.0741180 seconds
331.656: [GC [PSYoungGen: 14304K->496K(15872K)] 37832K->24032K(51712K), 0.0005400 secs] [Times: user=0.00 sys=0.00, real=0.00 secs] 
331.657: Total time for which application threads were stopped: 0.0006710 seconds, Stopping threads took: 0.0000510 seconds
331.730: Application time: 0.0736640 seconds
331.731: [GC [PSYoungGen: 14320K->496K(15872K)] 37856K->24032K(51712K), 0.0005530 secs] [Times: user=0.00 sys=0.00, real=0.00 secs] 
331.731: Total time for which application threads were stopped: 0.0007510 seconds, Stopping threads took: 0.0001160 seconds
331.806: Application time: 0.0746180 seconds
331.806: [GC [PSYoungGen: 14320K->496K(15872K)] 37856K->24032K(51712K), 0.0005050 secs] [Times: user=0.00 sys=0.00, real=0.00 secs] 
331.806: Total time for which application threads were stopped: 0.0006410 seconds, Stopping threads took: 0.0000490 seconds
331.879: Application time: 0.0724390 seconds
331.879: [GC [PSYoungGen: 14320K->448K(15872K)] 37856K->23984K(51712K), 0.0004870 secs] [Times: user=0.00 sys=0.00, real=0.00 secs] 
331.880: Total time for which application threads were stopped: 0.0006090 seconds, Stopping threads took: 0.0000480 seconds
331.952: Application time: 0.0727930 seconds
331.952: [GC [PSYoungGen: 14272K->512K(15872K)] 37808K->24048K(51712K), 0.0005420 secs] [Times: user=0.00 sys=0.00, real=0.00 secs] 
331.953: Total time for which application threads were stopped: 0.0006790 seconds, Stopping threads took: 0.0000570 seconds
332.026: Application time: 0.0733630 seconds
332.026: [GC [PSYoungGen: 14336K->512K(15872K)] 37872K->24048K(51712K), 0.0005810 secs] [Times: user=0.00 sys=0.00, real=0.00 secs] 
332.027: Total time for which application threads were stopped: 0.0007190 seconds, Stopping threads took: 0.0000590 seconds
332.101: Application time: 0.0738740 seconds
332.101: [GC [PSYoungGen: 14336K->544K(15872K)] 37872K->24088K(51712K), 0.0005980 secs] [Times: user=0.00 sys=0.01, real=0.00 secs] 
332.102: Total time for which application threads were stopped: 0.0007270 seconds, Stopping threads took: 0.0000500 seconds
332.176: Application time: 0.0741330 seconds
332.176: [GC [PSYoungGen: 14368K->480K(15872K)] 37912K->24032K(51712K), 0.0005890 secs] [Times: user=0.01 sys=0.00, real=0.00 secs] 
332.177: Total time for which application threads were stopped: 0.0007300 seconds, Stopping threads took: 0.0000570 seconds
332.250: Application time: 0.0738920 seconds
332.251: [GC [PSYoungGen: 14304K->496K(15872K)] 37856K->24056K(51712K), 0.0005540 secs] [Times: user=0.00 sys=0.00, real=0.00 secs] 
332.251: Total time for which application threads were stopped: 0.0007000 seconds, Stopping threads took: 0.0000620 seconds
332.325: Application time: 0.0738880 seconds
332.325: [GC [PSYoungGen: 14320K->512K(15872K)] 37880K->24080K(51712K), 0.0005190 secs] [Times: user=0.00 sys=0.00, real=0.01 secs] 
332.326: Total time for which application threads were stopped: 0.0006650 seconds, Stopping threads took: 0.0000570 seconds
332.400: Application time: 0.0740880 seconds
332.400: [GC [PSYoungGen: 14336K->496K(15872K)] 37904K->24072K(51712K), 0.0005270 secs] [Times: user=0.01 sys=0.00, real=0.00 secs] 
332.400: Total time for which application threads were stopped: 0.0006680 seconds, Stopping threads took: 0.0000600 seconds
332.475: Application time: 0.0740560 seconds
332.475: [GC [PSYoungGen: 14320K->496K(15872K)] 37896K->24072K(51712K), 0.0006240 secs] [Times: user=0.00 sys=0.00, real=0.00 secs] 
332.475: Total time for which application threads were stopped: 0.0007540 seconds, Stopping threads took: 0.0000510 seconds
332.548: Application time: 0.0729290 seconds
332.548: [GC [PSYoungGen: 14320K->512K(15872K)] 37896K->24088K(51712K), 0.0005570 secs] [Times: user=0.00 sys=0.00, real=0.00 secs] 
332.549: Total time for which application threads were stopped: 0.0006860 seconds, Stopping threads took: 0.0000500 seconds
332.622: Application time: 0.0734530 seconds
332.622: [GC [PSYoungGen: 14336K->512K(15872K)] 37912K->24088K(51712K), 0.0005240 secs] [Times: user=0.00 sys=0.00, real=0.00 secs] 
332.623: Total time for which application threads were stopped: 0.0006580 seconds, Stopping threads took: 0.0000580 seconds
332.695: Application time: 0.0723040 seconds
332.695: [GC [PSYoungGen: 14336K->496K(15872K)] 37912K->24072K(51712K), 0.0005640 secs] [Times: user=0.00 sys=0.00, real=0.00 secs] 
332.696: Total time for which application threads were stopped: 0.0007010 seconds, Stopping threads took: 0.0000600 seconds
332.770: Application time: 0.0738460 seconds
332.770: [GC [PSYoungGen: 14320K->496K(15872K)] 37896K->24072K(51712K), 0.0005210 secs] [Times: user=0.00 sys=0.00, real=0.00 secs] 
332.771: Total time for which application threads were stopped: 0.0006640 seconds, Stopping threads took: 0.0000680 seconds
332.844: Application time: 0.0738250 seconds
332.844: [GC [PSYoungGen: 14320K->512K(15872K)] 37896K->24096K(51712K), 0.0005280 secs] [Times: user=0.00 sys=0.00, real=0.00 secs] 
332.845: Total time for which application threads were stopped: 0.0006690 seconds, Stopping threads took: 0.0000550 seconds
332.919: Application time: 0.0737730 seconds
332.921: [GC [PSYoungGen: 14336K->432K(15872K)] 37920K->24024K(51712K), 0.0005460 secs] [Times: user=0.00 sys=0.00, real=0.00 secs] 
332.922: Total time for which application threads were stopped: 0.0031830 seconds, Stopping threads took: 0.0025550 seconds
332.996: Application time: 0.0738870 seconds
332.996: [GC [PSYoungGen: 14256K->512K(15872K)] 37848K->24112K(51712K), 0.0006080 secs] [Times: user=0.01 sys=0.00, real=0.00 secs] 
332.997: Total time for which application threads were stopped: 0.0007370 seconds, Stopping threads took: 0.0000500 seconds
333.070: Application time: 0.0738300 seconds
333.071: [GC [PSYoungGen: 14336K->512K(15872K)] 37936K->24120K(51712K), 0.0005160 secs] [Times: user=0.00 sys=0.00, real=0.00 secs] 
333.071: Total time for which application threads were stopped: 0.0006540 seconds, Stopping threads took: 0.0000620 seconds
333.145: Application time: 0.0741380 seconds
333.145: [GC [PSYoungGen: 14336K->480K(15872K)] 37944K->24096K(51712K), 0.0005430 secs] [Times: user=0.00 sys=0.00, real=0.00 secs] 
333.146: Total time for which application threads were stopped: 0.0006840 seconds, Stopping threads took: 0.0000580 seconds
333.220: Application time: 0.0740250 seconds
333.220: [GC [PSYoungGen: 14304K->512K(15872K)] 37920K->24128K(51712K), 0.0005170 secs] [Times: user=0.00 sys=0.00, real=0.00 secs] 
333.221: Total time for which application threads were stopped: 0.0006660 seconds, Stopping threads took: 0.0000710 seconds
333.295: Application time: 0.0743280 seconds
333.295: [GC [PSYoungGen: 14336K->480K(15872K)] 37952K->24096K(51712K), 0.0005180 secs] [Times: user=0.00 sys=0.00, real=0.00 secs] 
333.296: Total time for which application threads were stopped: 0.0006420 seconds, Stopping threads took: 0.0000510 seconds
333.369: Application time: 0.0732200 seconds
333.369: [GC [PSYoungGen: 14304K->528K(15872K)] 37920K->24144K(51712K), 0.0005250 secs] [Times: user=0.00 sys=0.00, real=0.00 secs] 
333.369: Total time for which application threads were stopped: 0.0006680 seconds, Stopping threads took: 0.0000480 seconds
333.442: Application time: 0.0721720 seconds
333.442: [GC [PSYoungGen: 14352K->544K(15872K)] 37968K->24160K(51712K), 0.0005180 secs] [Times: user=0.00 sys=0.00, real=0.00 secs] 
333.442: Total time for which application threads were stopped: 0.0006480 seconds, Stopping threads took: 0.0000550 seconds
333.516: Application time: 0.0738680 seconds
333.516: [GC [PSYoungGen: 14368K->560K(15872K)] 37984K->24176K(51712K), 0.0005410 secs] [Times: user=0.00 sys=0.00, real=0.00 secs] 
333.517: Total time for which application threads were stopped: 0.0006830 seconds, Stopping threads took: 0.0000630 seconds
333.590: Application time: 0.0734290 seconds
333.590: [GC [PSYoungGen: 14384K->512K(15872K)] 38000K->24128K(51712K), 0.0005290 secs] [Times: user=0.00 sys=0.00, real=0.00 secs] 
333.591: Total time for which application threads were stopped: 0.0006690 seconds, Stopping threads took: 0.0000630 seconds
333.665: Application time: 0.0736910 seconds
333.665: [GC [PSYoungGen: 14336K->496K(15872K)] 37952K->24136K(51712K), 0.0005460 secs] [Times: user=0.00 sys=0.00, real=0.01 secs] 
333.665: Total time for which application threads were stopped: 0.0006800 seconds, Stopping threads took: 0.0000510 seconds
333.739: Application time: 0.0739080 seconds
333.739: [GC [PSYoungGen: 14320K->448K(15872K)] 37960K->24104K(51712K), 0.0005440 secs] [Times: user=0.00 sys=0.00, real=0.00 secs] 
333.740: Total time for which application threads were stopped: 0.0006820 seconds, Stopping threads took: 0.0000580 seconds
333.813: Application time: 0.0735130 seconds
333.814: [GC [PSYoungGen: 14272K->512K(15872K)] 37928K->24192K(51712K), 0.0005430 secs] [Times: user=0.01 sys=0.00, real=0.00 secs] 
333.814: Total time for which application threads were stopped: 0.0006990 seconds, Stopping threads took: 0.0000730 seconds
333.888: Application time: 0.0738420 seconds
333.888: [GC [PSYoungGen: 14336K->512K(15872K)] 38016K->24192K(51712K), 0.0005540 secs] [Times: user=0.01 sys=0.00, real=0.00 secs] 
333.889: Total time for which application threads were stopped: 0.0007240 seconds, Stopping threads took: 0.0000790 seconds
333.962: Application time: 0.0737880 seconds
333.963: [GC [PSYoungGen: 14336K->480K(15872K)] 38016K->24168K(51712K), 0.0005740 secs] [Times: user=0.00 sys=0.00, real=0.00 secs] 
333.963: Total time for which application threads were stopped: 0.0007100 seconds, Stopping threads took: 0.0000550 seconds
334.037: Application time: 0.0735370 seconds
334.037: [GC [PSYoungGen: 14304K->528K(15872K)] 37992K->24216K(51712K), 0.0005230 secs] [Times: user=0.01 sys=0.00, real=0.00 secs] 
334.037: Total time for which application threads were stopped: 0.0006460 seconds, Stopping threads took: 0.0000490 seconds
334.111: Application time: 0.0734700 seconds
334.111: [GC [PSYoungGen: 14352K->512K(15872K)] 38040K->24200K(51712K), 0.0005390 secs] [Times: user=0.01 sys=0.00, real=0.00 secs] 
334.112: Total time for which application threads were stopped: 0.0006700 seconds, Stopping threads took: 0.0000500 seconds
334.183: Application time: 0.0715000 seconds
334.183: [GC [PSYoungGen: 14336K->464K(15872K)] 38024K->24152K(51712K), 0.0005800 secs] [Times: user=0.00 sys=0.00, real=0.00 secs] 
334.185: Total time for which application threads were stopped: 0.0016620 seconds, Stopping threads took: 0.0000710 seconds
334.259: Application time: 0.0740770 seconds
334.259: [GC [PSYoungGen: 14288K->512K(15872K)] 37976K->24200K(51712K), 0.0005190 secs] [Times: user=0.00 sys=0.00, real=0.00 secs] 
334.259: Total time for which application threads were stopped: 0.0006800 seconds, Stopping threads took: 0.0000790 seconds
334.334: Application time: 0.0741700 seconds
334.334: [GC [PSYoungGen: 14336K->480K(15872K)] 38024K->24168K(51712K), 0.0005740 secs] [Times: user=0.01 sys=0.00, real=0.00 secs] 
334.334: Total time for which application threads were stopped: 0.0007200 seconds, Stopping threads took: 0.0000670 seconds
334.408: Application time: 0.0733290 seconds
334.408: [GC [PSYoungGen: 14304K->464K(15872K)] 37992K->24160K(51712K), 0.0005130 secs] [Times: user=0.00 sys=0.00, real=0.00 secs] 
334.408: Total time for which application threads were stopped: 0.0006640 seconds, Stopping threads took: 0.0000660 seconds
334.483: Application time: 0.0743210 seconds
334.485: [GC [PSYoungGen: 14288K->464K(15872K)] 37984K->24168K(51712K), 0.0005410 secs] [Times: user=0.01 sys=0.00, real=0.00 secs] 
334.486: Total time for which application threads were stopped: 0.0032850 seconds, Stopping threads took: 0.0026690 seconds
334.559: Application time: 0.0734430 seconds
334.560: [GC [PSYoungGen: 14288K->512K(15872K)] 37992K->24224K(51712K), 0.0005270 secs] [Times: user=0.01 sys=0.00, real=0.00 secs] 
334.560: Total time for which application threads were stopped: 0.0006610 seconds, Stopping threads took: 0.0000550 seconds
334.634: Application time: 0.0741000 seconds
334.634: [GC [PSYoungGen: 14336K->496K(15872K)] 38048K->24208K(51712K), 0.0005230 secs] [Times: user=0.00 sys=0.00, real=0.00 secs] 
334.635: Total time for which application threads were stopped: 0.0006650 seconds, Stopping threads took: 0.0000590 seconds
334.709: Application time: 0.0741190 seconds
334.709: [GC [PSYoungGen: 14320K->512K(15872K)] 38032K->24232K(51712K), 0.0005720 secs] [Times: user=0.00 sys=0.00, real=0.00 secs] 
334.710: Total time for which application threads were stopped: 0.0007340 seconds, Stopping threads took: 0.0000810 seconds
334.784: Application time: 0.0745790 seconds
334.784: [GC [PSYoungGen: 14336K->480K(15872K)] 38056K->24200K(51712K), 0.0005170 secs] [Times: user=0.00 sys=0.00, real=0.00 secs] 
334.785: Total time for which application threads were stopped: 0.0006400 seconds, Stopping threads took: 0.0000500 seconds
334.858: Application time: 0.0732800 seconds
334.858: [GC [PSYoungGen: 14304K->528K(15872K)] 38024K->24248K(51712K), 0.0005160 secs] [Times: user=0.00 sys=0.00, real=0.00 secs] 
334.859: Total time for which application threads were stopped: 0.0006470 seconds, Stopping threads took: 0.0000530 seconds
334.930: Application time: 0.0716600 seconds
334.931: [GC [PSYoungGen: 14337K->464K(15872K)] 38058K->24184K(51712K), 0.0005340 secs] [Times: user=0.00 sys=0.00, real=0.00 secs] 
334.931: Total time for which application threads were stopped: 0.0006850 seconds, Stopping threads took: 0.0000560 seconds
335.005: Application time: 0.0739130 seconds
335.005: [GC [PSYoungGen: 14288K->512K(15872K)] 38008K->24232K(51712K), 0.0005510 secs] [Times: user=0.00 sys=0.00, real=0.01 secs] 
335.006: Total time for which application threads were stopped: 0.0006890 seconds, Stopping threads took: 0.0000610 seconds
335.080: Application time: 0.0742900 seconds
335.080: [GC [PSYoungGen: 14336K->496K(15872K)] 38056K->24216K(51712K), 0.0005710 secs] [Times: user=0.00 sys=0.00, real=0.00 secs] 
335.081: Total time for which application threads were stopped: 0.0007200 seconds, Stopping threads took: 0.0000730 seconds
335.154: Application time: 0.0733320 seconds
335.154: [GC [PSYoungGen: 14320K->496K(15872K)] 38040K->24224K(51712K), 0.0005470 secs] [Times: user=0.00 sys=0.00, real=0.00 secs] 
335.155: Total time for which application threads were stopped: 0.0006920 seconds, Stopping threads took: 0.0000640 seconds
335.229: Application time: 0.0740690 seconds
335.229: [GC [PSYoungGen: 14320K->496K(15872K)] 38048K->24232K(51712K), 0.0005520 secs] [Times: user=0.00 sys=0.00, real=0.00 secs] 
335.230: Total time for which application threads were stopped: 0.0006840 seconds, Stopping threads took: 0.0000550 seconds
335.303: Application time: 0.0735020 seconds
335.303: [GC [PSYoungGen: 14320K->512K(15872K)] 38056K->24256K(51712K), 0.0005740 secs] [Times: user=0.00 sys=0.00, real=0.00 secs] 
335.304: Total time for which application threads were stopped: 0.0007100 seconds, Stopping threads took: 0.0000540 seconds
335.378: Application time: 0.0738600 seconds
335.378: [GC [PSYoungGen: 14336K->496K(15872K)] 38080K->24240K(51712K), 0.0005590 secs] [Times: user=0.01 sys=0.00, real=0.00 secs] 
335.378: Total time for which application threads were stopped: 0.0006900 seconds, Stopping threads took: 0.0000530 seconds
335.452: Application time: 0.0738120 seconds
335.452: [GC [PSYoungGen: 14320K->512K(15872K)] 38064K->24264K(51712K), 0.0005390 secs] [Times: user=0.00 sys=0.00, real=0.00 secs] 
335.453: Total time for which application threads were stopped: 0.0007020 seconds, Stopping threads took: 0.0000680 seconds
335.527: Application time: 0.0739320 seconds
335.527: [GC [PSYoungGen: 14336K->512K(15872K)] 38088K->24264K(51712K), 0.0005410 secs] [Times: user=0.01 sys=0.00, real=0.00 secs] 
335.527: Total time for which application threads were stopped: 0.0006740 seconds, Stopping threads took: 0.0000530 seconds
335.601: Application time: 0.0733580 seconds
335.601: [GC [PSYoungGen: 14336K->528K(15872K)] 38088K->24280K(51712K), 0.0005390 secs] [Times: user=0.00 sys=0.00, real=0.00 secs] 
335.602: Total time for which application threads were stopped: 0.0006700 seconds, Stopping threads took: 0.0000490 seconds
335.674: Application time: 0.0726600 seconds
335.674: [GC [PSYoungGen: 14352K->480K(15872K)] 38104K->24232K(51712K), 0.0005260 secs] [Times: user=0.00 sys=0.00, real=0.00 secs] 
335.675: Total time for which application threads were stopped: 0.0006600 seconds, Stopping threads took: 0.0000540 seconds
335.748: Application time: 0.0727910 seconds
335.748: [GC [PSYoungGen: 14304K->480K(15872K)] 38056K->24232K(51712K), 0.0005650 secs] [Times: user=0.00 sys=0.00, real=0.00 secs] 
335.748: Total time for which application threads were stopped: 0.0006920 seconds, Stopping threads took: 0.0000510 seconds
335.822: Application time: 0.0734940 seconds
335.822: [GC [PSYoungGen: 14304K->512K(15872K)] 38056K->24264K(51712K), 0.0005590 secs] [Times: user=0.00 sys=0.00, real=0.00 secs] 
335.823: Total time for which application threads were stopped: 0.0006890 seconds, Stopping threads took: 0.0000500 seconds
335.897: Application time: 0.0740080 seconds
335.897: [GC [PSYoungGen: 14336K->496K(15872K)] 38088K->24256K(51712K), 0.0005750 secs] [Times: user=0.00 sys=0.00, real=0.00 secs] 
335.897: Total time for which application threads were stopped: 0.0007050 seconds, Stopping threads took: 0.0000520 seconds
335.971: Application time: 0.0736910 seconds
335.971: [GC [PSYoungGen: 14320K->512K(15872K)] 38080K->24280K(51712K), 0.0005480 secs] [Times: user=0.00 sys=0.00, real=0.00 secs] 
335.972: Total time for which application threads were stopped: 0.0006930 seconds, Stopping threads took: 0.0000550 seconds
336.046: Application time: 0.0739290 seconds
336.046: [GC [PSYoungGen: 14336K->512K(15872K)] 38104K->24296K(51712K), 0.0006000 secs] [Times: user=0.00 sys=0.00, real=0.00 secs] 
336.046: Total time for which application threads were stopped: 0.0007340 seconds, Stopping threads took: 0.0000560 seconds
336.120: Application time: 0.0735850 seconds
336.120: [GC [PSYoungGen: 14336K->512K(15872K)] 38120K->24304K(51712K), 0.0005780 secs] [Times: user=0.00 sys=0.00, real=0.00 secs] 
336.121: Total time for which application threads were stopped: 0.0007220 seconds, Stopping threads took: 0.0000650 seconds
336.195: Application time: 0.0743290 seconds
336.195: [GC [PSYoungGen: 14336K->512K(15872K)] 38128K->24312K(51712K), 0.0005970 secs] [Times: user=0.00 sys=0.00, real=0.00 secs] 
336.196: Total time for which application threads were stopped: 0.0007390 seconds, Stopping threads took: 0.0000600 seconds
336.270: Application time: 0.0742360 seconds
336.270: [GC [PSYoungGen: 14336K->512K(15872K)] 38136K->24312K(51712K), 0.0005220 secs] [Times: user=0.00 sys=0.00, real=0.00 secs] 
336.271: Total time for which application threads were stopped: 0.0006590 seconds, Stopping threads took: 0.0000630 seconds
336.344: Application time: 0.0738660 seconds
336.345: [GC [PSYoungGen: 14336K->528K(15872K)] 38136K->24328K(51712K), 0.0006200 secs] [Times: user=0.00 sys=0.00, real=0.00 secs] 
336.345: Total time for which application threads were stopped: 0.0007640 seconds, Stopping threads took: 0.0000640 seconds
336.419: Application time: 0.0735320 seconds
336.419: [GC [PSYoungGen: 14352K->480K(15872K)] 38152K->24280K(51712K), 0.0005380 secs] [Times: user=0.00 sys=0.00, real=0.00 secs] 
336.419: Total time for which application threads were stopped: 0.0006740 seconds, Stopping threads took: 0.0000590 seconds
336.492: Application time: 0.0725100 seconds
336.492: [GC [PSYoungGen: 14304K->528K(15872K)] 38104K->24328K(51712K), 0.0005410 secs] [Times: user=0.00 sys=0.00, real=0.00 secs] 
336.493: Total time for which application threads were stopped: 0.0006810 seconds, Stopping threads took: 0.0000530 seconds
336.566: Application time: 0.0733370 seconds
336.566: [GC [PSYoungGen: 14352K->528K(15872K)] 38152K->24328K(51712K), 0.0005380 secs] [Times: user=0.01 sys=0.00, real=0.00 secs] 
336.567: Total time for which application threads were stopped: 0.0006760 seconds, Stopping threads took: 0.0000560 seconds
336.641: Application time: 0.0739910 seconds
336.641: [GC [PSYoungGen: 14352K->512K(15872K)] 38152K->24320K(51712K), 0.0005410 secs] [Times: user=0.00 sys=0.00, real=0.00 secs] 
336.641: Total time for which application threads were stopped: 0.0006930 seconds, Stopping threads took: 0.0000640 seconds
336.715: Application time: 0.0738050 seconds
336.715: [GC [PSYoungGen: 14336K->448K(15872K)] 38144K->24264K(51712K), 0.0006070 secs] [Times: user=0.00 sys=0.00, real=0.00 secs] 
336.716: Total time for which application threads were stopped: 0.0007410 seconds, Stopping threads took: 0.0000540 seconds
336.790: Application time: 0.0738010 seconds
336.790: [GC [PSYoungGen: 14272K->464K(15872K)] 38088K->24288K(51712K), 0.0005790 secs] [Times: user=0.01 sys=0.00, real=0.00 secs] 
336.790: Total time for which application threads were stopped: 0.0007170 seconds, Stopping threads took: 0.0000580 seconds
336.864: Application time: 0.0734640 seconds
336.864: [GC [PSYoungGen: 14288K->512K(15872K)] 38112K->24344K(51712K), 0.0005340 secs] [Times: user=0.00 sys=0.00, real=0.00 secs] 
336.865: Total time for which application threads were stopped: 0.0006650 seconds, Stopping threads took: 0.0000540 seconds
336.939: Application time: 0.0741510 seconds
336.939: [GC [PSYoungGen: 14336K->480K(15872K)] 38168K->24320K(51712K), 0.0006370 secs] [Times: user=0.00 sys=0.00, real=0.00 secs] 
336.939: Total time for which application threads were stopped: 0.0007890 seconds, Stopping threads took: 0.0000590 seconds
337.014: Application time: 0.0742520 seconds
337.014: [GC [PSYoungGen: 14304K->496K(15872K)] 38144K->24336K(51712K), 0.0005070 secs] [Times: user=0.00 sys=0.00, real=0.00 secs] 
337.014: Total time for which application threads were stopped: 0.0006390 seconds, Stopping threads took: 0.0000440 seconds
337.088: Application time: 0.0740000 seconds
337.088: [GC [PSYoungGen: 14320K->496K(15872K)] 38160K->24336K(51712K), 0.0005800 secs] [Times: user=0.01 sys=0.00, real=0.00 secs] 
337.089: Total time for which application threads were stopped: 0.0007270 seconds, Stopping threads took: 0.0000740 seconds
337.162: Application time: 0.0728950 seconds
337.162: [GC [PSYoungGen: 14320K->496K(15872K)] 38160K->24336K(51712K), 0.0005460 secs] [Times: user=0.00 sys=0.00, real=0.00 secs] 
337.163: Total time for which application threads were stopped: 0.0006880 seconds, Stopping threads took: 0.0000650 seconds
337.235: Application time: 0.0719510 seconds
337.235: [GC [PSYoungGen: 14320K->496K(15872K)] 38160K->24336K(51712K), 0.0005210 secs] [Times: user=0.00 sys=0.00, real=0.00 secs] 
337.235: Total time for which application threads were stopped: 0.0006590 seconds, Stopping threads took: 0.0000590 seconds
337.309: Application time: 0.0741360 seconds
337.310: [GC [PSYoungGen: 14320K->464K(15872K)] 38160K->24304K(51712K), 0.0005060 secs] [Times: user=0.00 sys=0.00, real=0.00 secs] 
337.310: Total time for which application threads were stopped: 0.0006450 seconds, Stopping threads took: 0.0000610 seconds
337.383: Application time: 0.0732550 seconds
337.383: [GC [PSYoungGen: 14288K->528K(15872K)] 38128K->24368K(51712K), 0.0005640 secs] [Times: user=0.00 sys=0.00, real=0.00 secs] 
337.384: Total time for which application threads were stopped: 0.0006990 seconds, Stopping threads took: 0.0000530 seconds
337.458: Application time: 0.0742240 seconds
337.458: [GC [PSYoungGen: 14352K->496K(15872K)] 38192K->24344K(51712K), 0.0005480 secs] [Times: user=0.00 sys=0.00, real=0.00 secs] 
337.459: Total time for which application threads were stopped: 0.0006810 seconds, Stopping threads took: 0.0000530 seconds
337.533: Application time: 0.0737900 seconds
337.533: [GC [PSYoungGen: 14320K->496K(15872K)] 38168K->24368K(51712K), 0.0005390 secs] [Times: user=0.01 sys=0.00, real=0.01 secs] 
337.533: Total time for which application threads were stopped: 0.0006970 seconds, Stopping threads took: 0.0000650 seconds
337.607: Application time: 0.0738910 seconds
337.607: [GC [PSYoungGen: 14320K->464K(15872K)] 38192K->24344K(51712K), 0.0005570 secs] [Times: user=0.00 sys=0.00, real=0.00 secs] 
337.608: Total time for which application threads were stopped: 0.0006950 seconds, Stopping threads took: 0.0000590 seconds
337.682: Application time: 0.0737770 seconds
337.682: [GC [PSYoungGen: 14288K->464K(15872K)] 38168K->24352K(51712K), 0.0006300 secs] [Times: user=0.00 sys=0.00, real=0.00 secs] 
337.683: Total time for which application threads were stopped: 0.0007840 seconds, Stopping threads took: 0.0000790 seconds
337.757: Application time: 0.0743250 seconds
337.757: [GC [PSYoungGen: 14288K->496K(15872K)] 38176K->24384K(51712K), 0.0005290 secs] [Times: user=0.00 sys=0.00, real=0.00 secs] 
337.758: Total time for which application threads were stopped: 0.0006620 seconds, Stopping threads took: 0.0000560 seconds
337.832: Application time: 0.0744350 seconds
337.832: [GC [PSYoungGen: 14320K->496K(15872K)] 38208K->24384K(51712K), 0.0005260 secs] [Times: user=0.00 sys=0.00, real=0.00 secs] 
337.833: Total time for which application threads were stopped: 0.0006570 seconds, Stopping threads took: 0.0000560 seconds
337.906: Application time: 0.0733990 seconds
337.906: [GC [PSYoungGen: 14320K->480K(15872K)] 38208K->24368K(51712K), 0.0005150 secs] [Times: user=0.00 sys=0.00, real=0.00 secs] 
337.907: Total time for which application threads were stopped: 0.0006660 seconds, Stopping threads took: 0.0000760 seconds
337.979: Application time: 0.0726430 seconds
337.979: [GC [PSYoungGen: 14304K->496K(15872K)] 38192K->24384K(51712K), 0.0005270 secs] [Times: user=0.00 sys=0.00, real=0.00 secs] 
337.980: Total time for which application threads were stopped: 0.0006540 seconds, Stopping threads took: 0.0000500 seconds
338.054: Application time: 0.0738190 seconds
338.054: [GC [PSYoungGen: 14320K->528K(15872K)] 38208K->24416K(51712K), 0.0005310 secs] [Times: user=0.00 sys=0.00, real=0.00 secs] 
338.055: Total time for which application threads were stopped: 0.0006860 seconds, Stopping threads took: 0.0000600 seconds
338.128: Application time: 0.0737610 seconds
338.128: [GC [PSYoungGen: 14352K->528K(15872K)] 38240K->24416K(51712K), 0.0005850 secs] [Times: user=0.00 sys=0.00, real=0.00 secs] 
338.129: Total time for which application threads were stopped: 0.0007230 seconds, Stopping threads took: 0.0000570 seconds
338.203: Application time: 0.0735970 seconds
338.203: [GC [PSYoungGen: 14352K->512K(15872K)] 38240K->24408K(51712K), 0.0005610 secs] [Times: user=0.01 sys=0.00, real=0.00 secs] 
338.203: Total time for which application threads were stopped: 0.0006920 seconds, Stopping threads took: 0.0000540 seconds
338.278: Application time: 0.0744510 seconds
338.278: [GC [PSYoungGen: 14336K->464K(15872K)] 38232K->24368K(51712K), 0.0005460 secs] [Times: user=0.00 sys=0.00, real=0.00 secs] 
338.278: Total time for which application threads were stopped: 0.0006810 seconds, Stopping threads took: 0.0000550 seconds
338.352: Application time: 0.0732930 seconds
338.352: [GC [PSYoungGen: 14288K->528K(15872K)] 38192K->24448K(51712K), 0.0005280 secs] [Times: user=0.00 sys=0.00, real=0.00 secs] 
338.352: Total time for which application threads were stopped: 0.0006700 seconds, Stopping threads took: 0.0000620 seconds
338.427: Application time: 0.0742680 seconds
338.427: [GC [PSYoungGen: 14352K->512K(15872K)] 38272K->24432K(51712K), 0.0005310 secs] [Times: user=0.01 sys=0.00, real=0.00 secs] 
338.427: Total time for which application threads were stopped: 0.0006600 seconds, Stopping threads took: 0.0000500 seconds
338.501: Application time: 0.0739500 seconds
338.501: [GC [PSYoungGen: 14336K->464K(15872K)] 38256K->24392K(51712K), 0.0005530 secs] [Times: user=0.00 sys=0.00, real=0.00 secs] 
338.502: Total time for which application threads were stopped: 0.0006870 seconds, Stopping threads took: 0.0000580 seconds
338.576: Application time: 0.0736390 seconds
338.576: [GC [PSYoungGen: 14288K->480K(15872K)] 38216K->24408K(51712K), 0.0005380 secs] [Times: user=0.00 sys=0.00, real=0.00 secs] 
338.576: Total time for which application threads were stopped: 0.0006770 seconds, Stopping threads took: 0.0000550 seconds
338.650: Application time: 0.0735910 seconds
338.650: [GC [PSYoungGen: 14304K->528K(15872K)] 38232K->24456K(51712K), 0.0005230 secs] [Times: user=0.00 sys=0.00, real=0.00 secs] 
338.651: Total time for which application threads were stopped: 0.0006750 seconds, Stopping threads took: 0.0000730 seconds
338.722: Application time: 0.0719140 seconds
338.723: [GC [PSYoungGen: 14352K->512K(15872K)] 38280K->24440K(51712K), 0.0005570 secs] [Times: user=0.00 sys=0.00, real=0.00 secs] 
338.723: Total time for which application threads were stopped: 0.0006980 seconds, Stopping threads took: 0.0000600 seconds
338.797: Application time: 0.0734570 seconds
338.797: [GC [PSYoungGen: 14336K->496K(15872K)] 38264K->24424K(51712K), 0.0005550 secs] [Times: user=0.00 sys=0.00, real=0.00 secs] 
338.797: Total time for which application threads were stopped: 0.0006990 seconds, Stopping threads took: 0.0000640 seconds
338.871: Application time: 0.0732750 seconds
338.871: [GC [PSYoungGen: 14320K->528K(15872K)] 38248K->24456K(51712K), 0.0005220 secs] [Times: user=0.01 sys=0.00, real=0.00 secs] 
338.871: Total time for which application threads were stopped: 0.0006570 seconds, Stopping threads took: 0.0000570 seconds
338.945: Application time: 0.0739350 seconds
338.945: [GC [PSYoungGen: 14352K->448K(15872K)] 38280K->24384K(51712K), 0.0005730 secs] [Times: user=0.00 sys=0.00, real=0.00 secs] 
338.946: Total time for which application threads were stopped: 0.0007210 seconds, Stopping threads took: 0.0000650 seconds
339.020: Application time: 0.0737410 seconds
339.020: [GC [PSYoungGen: 14272K->528K(15872K)] 38208K->24472K(51712K), 0.0006100 secs] [Times: user=0.00 sys=0.00, real=0.00 secs] 
339.020: Total time for which application threads were stopped: 0.0007370 seconds, Stopping threads took: 0.0000490 seconds
339.094: Application time: 0.0734810 seconds
339.094: [GC [PSYoungGen: 14352K->544K(15872K)] 38296K->24496K(51712K), 0.0005340 secs] [Times: user=0.00 sys=0.00, real=0.00 secs] 
339.095: Total time for which application threads were stopped: 0.0006810 seconds, Stopping threads took: 0.0000590 seconds
339.168: Application time: 0.0736990 seconds
339.168: [GC [PSYoungGen: 14368K->528K(15872K)] 38320K->24488K(51712K), 0.0005270 secs] [Times: user=0.00 sys=0.00, real=0.00 secs] 
339.169: Total time for which application threads were stopped: 0.0006630 seconds, Stopping threads took: 0.0000610 seconds
339.243: Application time: 0.0739640 seconds
339.243: [GC [PSYoungGen: 14352K->496K(15872K)] 38312K->24464K(51712K), 0.0006690 secs] [Times: user=0.00 sys=0.00, real=0.00 secs] 
339.245: Total time for which application threads were stopped: 0.0016330 seconds, Stopping threads took: 0.0000610 seconds
339.320: Application time: 0.0750030 seconds
339.320: [GC [PSYoungGen: 14320K->512K(15872K)] 38288K->24480K(51712K), 0.0005230 secs] [Times: user=0.00 sys=0.00, real=0.00 secs] 
339.320: Total time for which application threads were stopped: 0.0006830 seconds, Stopping threads took: 0.0000810 seconds
339.394: Application time: 0.0737510 seconds
339.394: [GC [PSYoungGen: 14336K->528K(15872K)] 38304K->24496K(51712K), 0.0005320 secs] [Times: user=0.00 sys=0.00, real=0.00 secs] 
339.395: Total time for which application threads were stopped: 0.0006950 seconds, Stopping threads took: 0.0000820 seconds
339.467: Application time: 0.0718460 seconds
339.467: [GC [PSYoungGen: 14352K->512K(15872K)] 38320K->24480K(51712K), 0.0005860 secs] [Times: user=0.00 sys=0.00, real=0.00 secs] 
339.467: Total time for which application threads were stopped: 0.0007230 seconds, Stopping threads took: 0.0000610 seconds
339.541: Application time: 0.0734070 seconds
339.541: [GC [PSYoungGen: 14336K->544K(15872K)] 38304K->24512K(51712K), 0.0005980 secs] [Times: user=0.00 sys=0.00, real=0.00 secs] 
339.541: Total time for which application threads were stopped: 0.0007360 seconds, Stopping threads took: 0.0000610 seconds
339.615: Application time: 0.0731840 seconds
339.615: [GC [PSYoungGen: 14368K->512K(15872K)] 38336K->24480K(51712K), 0.0005800 secs] [Times: user=0.00 sys=0.00, real=0.00 secs] 
339.615: Total time for which application threads were stopped: 0.0007200 seconds, Stopping threads took: 0.0000540 seconds
339.689: Application time: 0.0737690 seconds
339.689: [GC [PSYoungGen: 14336K->512K(15872K)] 38304K->24488K(51712K), 0.0005440 secs] [Times: user=0.00 sys=0.00, real=0.00 secs] 
339.690: Total time for which application threads were stopped: 0.0006780 seconds, Stopping threads took: 0.0000530 seconds
339.764: Application time: 0.0743420 seconds
339.764: [GC [PSYoungGen: 14336K->464K(15872K)] 38312K->24448K(51712K), 0.0005630 secs] [Times: user=0.00 sys=0.00, real=0.00 secs] 
339.765: Total time for which application threads were stopped: 0.0006990 seconds, Stopping threads took: 0.0000570 seconds
339.839: Application time: 0.0742920 seconds
339.839: [GC [PSYoungGen: 14288K->464K(15872K)] 38272K->24456K(51712K), 0.0005390 secs] [Times: user=0.00 sys=0.00, real=0.00 secs] 
339.840: Total time for which application threads were stopped: 0.0006860 seconds, Stopping threads took: 0.0000670 seconds
339.913: Application time: 0.0733300 seconds
339.913: [GC [PSYoungGen: 14288K->512K(15872K)] 38280K->24528K(51712K), 0.0005100 secs] [Times: user=0.00 sys=0.00, real=0.01 secs] 
339.914: Total time for which application threads were stopped: 0.0006380 seconds, Stopping threads took: 0.0000480 seconds
339.988: Application time: 0.0739810 seconds
339.988: [GC [PSYoungGen: 14336K->496K(15872K)] 38352K->24520K(51712K), 0.0005130 secs] [Times: user=0.00 sys=0.00, real=0.00 secs] 
339.988: Total time for which application threads were stopped: 0.0006580 seconds, Stopping threads took: 0.0000560 seconds
340.063: Application time: 0.0743160 seconds
340.063: [GC [PSYoungGen: 14320K->512K(15872K)] 38344K->24536K(51712K), 0.0005390 secs] [Times: user=0.01 sys=0.00, real=0.00 secs] 
340.063: Total time for which application threads were stopped: 0.0006680 seconds, Stopping threads took: 0.0000520 seconds
340.136: Application time: 0.0730610 seconds
340.137: [GC [PSYoungGen: 14336K->512K(15872K)] 38360K->24536K(51712K), 0.0005660 secs] [Times: user=0.00 sys=0.00, real=0.00 secs] 
340.137: Total time for which application threads were stopped: 0.0007070 seconds, Stopping threads took: 0.0000540 seconds
340.210: Application time: 0.0728610 seconds
340.210: [GC [PSYoungGen: 14336K->496K(15872K)] 38360K->24520K(51712K), 0.0005730 secs] [Times: user=0.00 sys=0.00, real=0.00 secs] 
340.211: Total time for which application threads were stopped: 0.0007090 seconds, Stopping threads took: 0.0000530 seconds
340.283: Application time: 0.0726460 seconds
340.284: [GC [PSYoungGen: 14320K->480K(15872K)] 38344K->24504K(51712K), 0.0005350 secs] [Times: user=0.00 sys=0.00, real=0.00 secs] 
340.284: Total time for which application threads were stopped: 0.0006860 seconds, Stopping threads took: 0.0000680 seconds
340.357: Application time: 0.0732390 seconds
340.357: [GC [PSYoungGen: 14304K->496K(15872K)] 38328K->24520K(51712K), 0.0005610 secs] [Times: user=0.01 sys=0.00, real=0.00 secs] 
340.358: Total time for which application threads were stopped: 0.0006850 seconds, Stopping threads took: 0.0000500 seconds
340.432: Application time: 0.0743430 seconds
340.432: [GC [PSYoungGen: 14320K->512K(15872K)] 38344K->24544K(51712K), 0.0005550 secs] [Times: user=0.00 sys=0.00, real=0.00 secs] 
340.433: Total time for which application threads were stopped: 0.0006900 seconds, Stopping threads took: 0.0000590 seconds
340.507: Application time: 0.0738580 seconds
340.507: [GC [PSYoungGen: 14336K->496K(15872K)] 38368K->24536K(51712K), 0.0005980 secs] [Times: user=0.01 sys=0.00, real=0.00 secs] 
340.508: Total time for which application threads were stopped: 0.0007280 seconds, Stopping threads took: 0.0000500 seconds
340.581: Application time: 0.0737200 seconds
340.581: [GC [PSYoungGen: 14320K->464K(15872K)] 38360K->24512K(51712K), 0.0006190 secs] [Times: user=0.00 sys=0.00, real=0.00 secs] 
340.582: Total time for which application threads were stopped: 0.0007520 seconds, Stopping threads took: 0.0000550 seconds
340.656: Application time: 0.0739280 seconds
340.656: [GC [PSYoungGen: 14288K->496K(15872K)] 38336K->24552K(51712K), 0.0006130 secs] [Times: user=0.00 sys=0.00, real=0.00 secs] 
340.657: Total time for which application threads were stopped: 0.0007580 seconds, Stopping threads took: 0.0000530 seconds
340.731: Application time: 0.0743370 seconds
340.731: [GC [PSYoungGen: 14320K->496K(15872K)] 38376K->24560K(51712K), 0.0005410 secs] [Times: user=0.00 sys=0.00, real=0.00 secs] 
340.732: Total time for which application threads were stopped: 0.0006840 seconds, Stopping threads took: 0.0000610 seconds
340.806: Application time: 0.0743330 seconds
340.806: [GC [PSYoungGen: 14320K->480K(15872K)] 38384K->24544K(51712K), 0.0005390 secs] [Times: user=0.01 sys=0.00, real=0.00 secs] 
340.807: Total time for which application threads were stopped: 0.0006860 seconds, Stopping threads took: 0.0000660 seconds
340.881: Application time: 0.0742730 seconds
340.881: [GC [PSYoungGen: 14304K->448K(15872K)] 38368K->24512K(51712K), 0.0005210 secs] [Times: user=0.00 sys=0.00, real=0.00 secs] 
340.882: Total time for which application threads were stopped: 0.0006760 seconds, Stopping threads took: 0.0000790 seconds
340.955: Application time: 0.0731280 seconds
340.955: [GC [PSYoungGen: 14272K->528K(15872K)] 38336K->24592K(51712K), 0.0005800 secs] [Times: user=0.01 sys=0.00, real=0.00 secs] 
340.956: Total time for which application threads were stopped: 0.0007150 seconds, Stopping threads took: 0.0000590 seconds
341.028: Application time: 0.0726250 seconds
341.028: [GC [PSYoungGen: 14352K->496K(15872K)] 38416K->24560K(51712K), 0.0006080 secs] [Times: user=0.00 sys=0.00, real=0.00 secs] 
341.029: Total time for which application threads were stopped: 0.0007450 seconds, Stopping threads took: 0.0000580 seconds
341.102: Application time: 0.0734400 seconds
341.103: [GC [PSYoungGen: 14320K->512K(15872K)] 38384K->24576K(51712K), 0.0005260 secs] [Times: user=0.00 sys=0.00, real=0.00 secs] 
341.103: Total time for which application threads were stopped: 0.0006650 seconds, Stopping threads took: 0.0000560 seconds
341.177: Application time: 0.0735340 seconds
341.177: [GC [PSYoungGen: 14336K->528K(15872K)] 38400K->24592K(51712K), 0.0005260 secs] [Times: user=0.00 sys=0.00, real=0.00 secs] 
341.177: Total time for which application threads were stopped: 0.0006710 seconds, Stopping threads took: 0.0000560 seconds
341.251: Application time: 0.0739810 seconds
341.251: [GC [PSYoungGen: 14352K->528K(15872K)] 38416K->24600K(51712K), 0.0005900 secs] [Times: user=0.00 sys=0.00, real=0.00 secs] 
341.252: Total time for which application threads were stopped: 0.0007240 seconds, Stopping threads took: 0.0000540 seconds
341.326: Application time: 0.0734910 seconds
341.326: [GC [PSYoungGen: 14352K->512K(15872K)] 38424K->24592K(51712K), 0.0005320 secs] [Times: user=0.00 sys=0.00, real=0.00 secs] 
341.326: Total time for which application threads were stopped: 0.0006750 seconds, Stopping threads took: 0.0000660 seconds
341.400: Application time: 0.0739610 seconds
341.400: [GC [PSYoungGen: 14336K->512K(15872K)] 38416K->24600K(51712K), 0.0005210 secs] [Times: user=0.00 sys=0.00, real=0.00 secs] 
341.401: Total time for which application threads were stopped: 0.0006510 seconds, Stopping threads took: 0.0000560 seconds
341.475: Application time: 0.0741390 seconds
341.475: [GC [PSYoungGen: 14336K->496K(15872K)] 38424K->24592K(51712K), 0.0005330 secs] [Times: user=0.00 sys=0.00, real=0.00 secs] 
341.476: Total time for which application threads were stopped: 0.0006650 seconds, Stopping threads took: 0.0000550 seconds
341.550: Application time: 0.0740920 seconds
341.550: [GC [PSYoungGen: 14320K->448K(15872K)] 38416K->24544K(51712K), 0.0005200 secs] [Times: user=0.00 sys=0.00, real=0.00 secs] 
341.550: Total time for which application threads were stopped: 0.0006520 seconds, Stopping threads took: 0.0000520 seconds
341.624: Application time: 0.0732600 seconds
341.624: [GC [PSYoungGen: 14272K->512K(15872K)] 38368K->24608K(51712K), 0.0005320 secs] [Times: user=0.00 sys=0.00, real=0.00 secs] 
341.624: Total time for which application threads were stopped: 0.0006840 seconds, Stopping threads took: 0.0000730 seconds
341.698: Application time: 0.0735320 seconds
341.698: [GC [PSYoungGen: 14336K->480K(15872K)] 38432K->24576K(51712K), 0.0005470 secs] [Times: user=0.00 sys=0.00, real=0.00 secs] 
341.699: Total time for which application threads were stopped: 0.0006950 seconds, Stopping threads took: 0.0000570 seconds
341.770: Application time: 0.0717810 seconds
341.770: [GC [PSYoungGen: 14304K->496K(15872K)] 38400K->24592K(51712K), 0.0005540 secs] [Times: user=0.00 sys=0.00, real=0.00 secs] 
341.771: Total time for which application threads were stopped: 0.0006970 seconds, Stopping threads took: 0.0000640 seconds
341.845: Application time: 0.0737340 seconds
341.845: [GC [PSYoungGen: 14320K->496K(15872K)] 38416K->24592K(51712K), 0.0005420 secs] [Times: user=0.00 sys=0.00, real=0.01 secs] 
341.845: Total time for which application threads were stopped: 0.0006780 seconds, Stopping threads took: 0.0000530 seconds
341.919: Application time: 0.0731070 seconds
341.919: [GC [PSYoungGen: 14320K->512K(15872K)] 38416K->24608K(51712K), 0.0005790 secs] [Times: user=0.01 sys=0.00, real=0.00 secs] 
341.919: Total time for which application threads were stopped: 0.0007160 seconds, Stopping threads took: 0.0000590 seconds
341.993: Application time: 0.0738720 seconds
341.993: [GC [PSYoungGen: 14336K->464K(15872K)] 38432K->24568K(51712K), 0.0005680 secs] [Times: user=0.00 sys=0.00, real=0.01 secs] 
341.994: Total time for which application threads were stopped: 0.0007070 seconds, Stopping threads took: 0.0000470 seconds
342.068: Application time: 0.0738860 seconds
342.068: [GC [PSYoungGen: 14288K->528K(15872K)] 38392K->24640K(51712K), 0.0005150 secs] [Times: user=0.00 sys=0.00, real=0.00 secs] 
342.068: Total time for which application threads were stopped: 0.0006430 seconds, Stopping threads took: 0.0000480 seconds
342.142: Application time: 0.0736420 seconds
342.142: [GC [PSYoungGen: 14352K->512K(15872K)] 38464K->24632K(51712K), 0.0005720 secs] [Times: user=0.00 sys=0.00, real=0.00 secs] 
342.143: Total time for which application threads were stopped: 0.0007070 seconds, Stopping threads took: 0.0000520 seconds
342.217: Application time: 0.0738630 seconds
342.217: [GC [PSYoungGen: 14336K->464K(15872K)] 38456K->24608K(51712K), 0.0005840 secs] [Times: user=0.01 sys=0.00, real=0.00 secs] 
342.217: Total time for which application threads were stopped: 0.0007280 seconds, Stopping threads took: 0.0000530 seconds
342.292: Application time: 0.0743120 seconds
342.292: [GC [PSYoungGen: 14288K->512K(15872K)] 38432K->24656K(51712K), 0.0005500 secs] [Times: user=0.00 sys=0.00, real=0.00 secs] 
342.292: Total time for which application threads were stopped: 0.0006880 seconds, Stopping threads took: 0.0000630 seconds
342.367: Application time: 0.0747180 seconds
342.367: [GC [PSYoungGen: 14336K->496K(15872K)] 38480K->24640K(51712K), 0.0005210 secs] [Times: user=0.00 sys=0.00, real=0.00 secs] 
342.368: Total time for which application threads were stopped: 0.0006550 seconds, Stopping threads took: 0.0000560 seconds
342.441: Application time: 0.0731930 seconds
342.441: [GC [PSYoungGen: 14320K->512K(15872K)] 38464K->24656K(51712K), 0.0005610 secs] [Times: user=0.00 sys=0.00, real=0.00 secs] 
342.442: Total time for which application threads were stopped: 0.0006940 seconds, Stopping threads took: 0.0000530 seconds
342.513: Application time: 0.0718750 seconds
342.514: [GC [PSYoungGen: 14336K->496K(15872K)] 38480K->24640K(51712K), 0.0005480 secs] [Times: user=0.01 sys=0.00, real=0.00 secs] 
342.514: Total time for which application threads were stopped: 0.0006870 seconds, Stopping threads took: 0.0000550 seconds
342.588: Application time: 0.0734280 seconds
342.588: [GC [PSYoungGen: 14320K->496K(15872K)] 38464K->24640K(51712K), 0.0005610 secs] [Times: user=0.01 sys=0.00, real=0.00 secs] 
342.588: Total time for which application threads were stopped: 0.0007000 seconds, Stopping threads took: 0.0000550 seconds
342.661: Application time: 0.0730890 seconds
342.662: [GC [PSYoungGen: 14320K->496K(15872K)] 38464K->24640K(51712K), 0.0005180 secs] [Times: user=0.00 sys=0.00, real=0.00 secs] 
342.662: Total time for which application threads were stopped: 0.0006620 seconds, Stopping threads took: 0.0000630 seconds
342.736: Application time: 0.0738550 seconds
342.736: [GC [PSYoungGen: 14320K->480K(15872K)] 38464K->24632K(51712K), 0.0005060 secs] [Times: user=0.00 sys=0.00, real=0.00 secs] 
342.737: Total time for which application threads were stopped: 0.0006520 seconds, Stopping threads took: 0.0000600 seconds
342.810: Application time: 0.0738800 seconds
342.811: [GC [PSYoungGen: 14304K->512K(15872K)] 38456K->24672K(51712K), 0.0005530 secs] [Times: user=0.00 sys=0.00, real=0.00 secs] 
342.811: Total time for which application threads were stopped: 0.0006900 seconds, Stopping threads took: 0.0000600 seconds
342.885: Application time: 0.0737490 seconds
342.885: [GC [PSYoungGen: 14336K->496K(15872K)] 38496K->24664K(51712K), 0.0005410 secs] [Times: user=0.00 sys=0.00, real=0.01 secs] 
342.886: Total time for which application threads were stopped: 0.0006770 seconds, Stopping threads took: 0.0000540 seconds
342.960: Application time: 0.0740560 seconds
342.960: [GC [PSYoungGen: 14320K->496K(15872K)] 38488K->24672K(51712K), 0.0005330 secs] [Times: user=0.00 sys=0.00, real=0.00 secs] 
342.960: Total time for which application threads were stopped: 0.0006810 seconds, Stopping threads took: 0.0000700 seconds
343.034: Application time: 0.0738870 seconds
343.037: [GC [PSYoungGen: 14320K->496K(15872K)] 38496K->24680K(51712K), 0.0006050 secs] [Times: user=0.00 sys=0.00, real=0.00 secs] 
343.038: Total time for which application threads were stopped: 0.0038140 seconds, Stopping threads took: 0.0031330 seconds
343.111: Application time: 0.0733750 seconds
343.111: [GC [PSYoungGen: 14320K->512K(15872K)] 38504K->24696K(51712K), 0.0005660 secs] [Times: user=0.00 sys=0.00, real=0.00 secs] 
343.112: Total time for which application threads were stopped: 0.0006990 seconds, Stopping threads took: 0.0000540 seconds
343.186: Application time: 0.0736350 seconds
343.186: [GC [PSYoungGen: 14336K->512K(15872K)] 38520K->24696K(51712K), 0.0005190 secs] [Times: user=0.00 sys=0.00, real=0.00 secs] 
343.186: Total time for which application threads were stopped: 0.0006500 seconds, Stopping threads took: 0.0000480 seconds
343.259: Application time: 0.0721800 seconds
343.259: [GC [PSYoungGen: 14336K->512K(15872K)] 38520K->24696K(51712K), 0.0005160 secs] [Times: user=0.00 sys=0.00, real=0.00 secs] 
343.259: Total time for which application threads were stopped: 0.0006520 seconds, Stopping threads took: 0.0000450 seconds
343.333: Application time: 0.0735400 seconds
343.333: [GC [PSYoungGen: 14336K->528K(15872K)] 38520K->24712K(51712K), 0.0005240 secs] [Times: user=0.00 sys=0.00, real=0.01 secs] 
343.333: Total time for which application threads were stopped: 0.0006790 seconds, Stopping threads took: 0.0000750 seconds
343.408: Application time: 0.0741100 seconds
343.408: [GC [PSYoungGen: 14352K->464K(15872K)] 38536K->24648K(51712K), 0.0005360 secs] [Times: user=0.01 sys=0.00, real=0.00 secs] 
343.408: Total time for which application threads were stopped: 0.0006610 seconds, Stopping threads took: 0.0000500 seconds
343.482: Application time: 0.0742680 seconds
343.483: [GC [PSYoungGen: 14288K->544K(15872K)] 38472K->24736K(51712K), 0.0005280 secs] [Times: user=0.00 sys=0.00, real=0.00 secs] 
343.483: Total time for which application threads were stopped: 0.0006590 seconds, Stopping threads took: 0.0000520 seconds
343.557: Application time: 0.0736730 seconds
343.557: [GC [PSYoungGen: 14368K->496K(15872K)] 38560K->24696K(51712K), 0.0005500 secs] [Times: user=0.00 sys=0.00, real=0.00 secs] 
343.557: Total time for which application threads were stopped: 0.0006790 seconds, Stopping threads took: 0.0000480 seconds
343.631: Application time: 0.0739660 seconds
343.632: [GC [PSYoungGen: 14320K->496K(15872K)] 38520K->24704K(51712K), 0.0005630 secs] [Times: user=0.00 sys=0.00, real=0.00 secs] 
343.632: Total time for which application threads were stopped: 0.0006950 seconds, Stopping threads took: 0.0000500 seconds
343.706: Application time: 0.0734840 seconds
343.706: [GC [PSYoungGen: 14320K->528K(15872K)] 38528K->24752K(51712K), 0.0005500 secs] [Times: user=0.00 sys=0.00, real=0.00 secs] 
343.706: Total time for which application threads were stopped: 0.0006860 seconds, Stopping threads took: 0.0000570 seconds
343.780: Application time: 0.0739340 seconds
343.780: [GC [PSYoungGen: 14352K->512K(15872K)] 38576K->24744K(51712K), 0.0005630 secs] [Times: user=0.00 sys=0.00, real=0.00 secs] 
343.781: Total time for which application threads were stopped: 0.0007130 seconds, Stopping threads took: 0.0000550 seconds
343.856: Application time: 0.0747320 seconds
343.856: [GC [PSYoungGen: 14335K->416K(15872K)] 38568K->24648K(51712K), 0.0005100 secs] [Times: user=0.00 sys=0.00, real=0.00 secs] 
343.856: Total time for which application threads were stopped: 0.0006320 seconds, Stopping threads took: 0.0000530 seconds
343.930: Application time: 0.0734970 seconds
343.930: [GC [PSYoungGen: 14240K->464K(15872K)] 38472K->24696K(51712K), 0.0006280 secs] [Times: user=0.00 sys=0.00, real=0.00 secs] 
343.931: Total time for which application threads were stopped: 0.0007570 seconds, Stopping threads took: 0.0000500 seconds
344.004: Application time: 0.0732140 seconds
344.004: [GC [PSYoungGen: 14288K->480K(15872K)] 38520K->24712K(51712K), 0.0005370 secs] [Times: user=0.01 sys=0.00, real=0.00 secs] 
344.004: Total time for which application threads were stopped: 0.0006730 seconds, Stopping threads took: 0.0000510 seconds
344.077: Application time: 0.0722660 seconds
344.077: [GC [PSYoungGen: 14304K->496K(15872K)] 38536K->24728K(51712K), 0.0005620 secs] [Times: user=0.01 sys=0.00, real=0.00 secs] 
344.077: Total time for which application threads were stopped: 0.0007020 seconds, Stopping threads took: 0.0000610 seconds
344.152: Application time: 0.0740820 seconds
344.152: [GC [PSYoungGen: 14320K->512K(15872K)] 38552K->24744K(51712K), 0.0005520 secs] [Times: user=0.00 sys=0.00, real=0.00 secs] 
344.152: Total time for which application threads were stopped: 0.0006770 seconds, Stopping threads took: 0.0000470 seconds
344.225: Application time: 0.0732650 seconds
344.226: [GC [PSYoungGen: 14336K->528K(15872K)] 38568K->24776K(51712K), 0.0005640 secs] [Times: user=0.00 sys=0.00, real=0.00 secs] 
344.226: Total time for which application threads were stopped: 0.0006940 seconds, Stopping threads took: 0.0000540 seconds
344.301: Application time: 0.0744170 seconds
344.301: [GC [PSYoungGen: 14352K->448K(15872K)] 38600K->24704K(51712K), 0.0005900 secs] [Times: user=0.00 sys=0.00, real=0.00 secs] 
344.302: Total time for which application threads were stopped: 0.0016590 seconds, Stopping threads took: 0.0000620 seconds
344.376: Application time: 0.0742230 seconds
344.377: [GC [PSYoungGen: 14272K->512K(15872K)] 38528K->24776K(51712K), 0.0005320 secs] [Times: user=0.00 sys=0.00, real=0.00 secs] 
344.377: Total time for which application threads were stopped: 0.0006640 seconds, Stopping threads took: 0.0000520 seconds
344.451: Application time: 0.0735720 seconds
344.451: [GC [PSYoungGen: 14336K->528K(15872K)] 38600K->24800K(51712K), 0.0005740 secs] [Times: user=0.00 sys=0.00, real=0.00 secs] 
344.451: Total time for which application threads were stopped: 0.0007170 seconds, Stopping threads took: 0.0000620 seconds
344.526: Application time: 0.0741220 seconds
344.526: [GC [PSYoungGen: 14352K->480K(15872K)] 38624K->24760K(51712K), 0.0005270 secs] [Times: user=0.00 sys=0.00, real=0.00 secs] 
344.526: Total time for which application threads were stopped: 0.0006750 seconds, Stopping threads took: 0.0000660 seconds
344.600: Application time: 0.0742020 seconds
344.601: [GC [PSYoungGen: 14304K->528K(15872K)] 38584K->24808K(51712K), 0.0005220 secs] [Times: user=0.00 sys=0.00, real=0.00 secs] 
344.601: Total time for which application threads were stopped: 0.0006430 seconds, Stopping threads took: 0.0000450 seconds
344.674: Application time: 0.0730870 seconds
344.674: [GC [PSYoungGen: 14352K->512K(15872K)] 38632K->24792K(51712K), 0.0006110 secs] [Times: user=0.00 sys=0.00, real=0.00 secs] 
344.675: Total time for which application threads were stopped: 0.0007500 seconds, Stopping threads took: 0.0000580 seconds
344.748: Application time: 0.0727770 seconds
344.748: [GC [PSYoungGen: 14336K->496K(15872K)] 38616K->24776K(51712K), 0.0005140 secs] [Times: user=0.00 sys=0.00, real=0.00 secs] 
344.748: Total time for which application threads were stopped: 0.0006480 seconds, Stopping threads took: 0.0000560 seconds
344.821: Application time: 0.0731360 seconds
344.822: [GC [PSYoungGen: 14320K->512K(15872K)] 38600K->24792K(51712K), 0.0005400 secs] [Times: user=0.00 sys=0.00, real=0.00 secs] 
344.822: Total time for which application threads were stopped: 0.0006860 seconds, Stopping threads took: 0.0000590 seconds
344.895: Application time: 0.0728100 seconds
344.895: [GC [PSYoungGen: 14336K->512K(15872K)] 38616K->24792K(51712K), 0.0005150 secs] [Times: user=0.00 sys=0.00, real=0.00 secs] 
344.896: Total time for which application threads were stopped: 0.0006500 seconds, Stopping threads took: 0.0000590 seconds
344.970: Application time: 0.0744320 seconds
344.970: [GC [PSYoungGen: 14336K->512K(15872K)] 38616K->24800K(51712K), 0.0005330 secs] [Times: user=0.01 sys=0.00, real=0.00 secs] 
344.971: Total time for which application threads were stopped: 0.0006800 seconds, Stopping threads took: 0.0000720 seconds
345.045: Application time: 0.0741410 seconds
345.045: [GC [PSYoungGen: 14336K->544K(15872K)] 38624K->24840K(51712K), 0.0005530 secs] [Times: user=0.00 sys=0.00, real=0.01 secs] 
345.046: Total time for which application threads were stopped: 0.0006880 seconds, Stopping threads took: 0.0000540 seconds
345.119: Application time: 0.0734610 seconds
345.119: [GC [PSYoungGen: 14368K->496K(15872K)] 38664K->24800K(51712K), 0.0005240 secs] [Times: user=0.00 sys=0.00, real=0.00 secs] 
345.120: Total time for which application threads were stopped: 0.0006640 seconds, Stopping threads took: 0.0000640 seconds
345.194: Application time: 0.0740730 seconds
345.194: [GC [PSYoungGen: 14320K->512K(15872K)] 38624K->24824K(51712K), 0.0005350 secs] [Times: user=0.01 sys=0.00, real=0.00 secs] 
345.194: Total time for which application threads were stopped: 0.0006720 seconds, Stopping threads took: 0.0000600 seconds
345.269: Application time: 0.0743730 seconds
345.269: [GC [PSYoungGen: 14336K->464K(15872K)] 38648K->24792K(51712K), 0.0005590 secs] [Times: user=0.00 sys=0.00, real=0.00 secs] 
345.270: Total time for which application threads were stopped: 0.0006860 seconds, Stopping threads took: 0.0000520 seconds
345.343: Application time: 0.0738160 seconds
345.343: [GC [PSYoungGen: 14288K->480K(15872K)] 38616K->24808K(51712K), 0.0006550 secs] [Times: user=0.00 sys=0.00, real=0.00 secs] 
345.344: Total time for which application threads were stopped: 0.0007940 seconds, Stopping threads took: 0.0000490 seconds
345.419: Application time: 0.0743770 seconds
345.419: [GC [PSYoungGen: 14304K->464K(15872K)] 38632K->24792K(51712K), 0.0005410 secs] [Times: user=0.01 sys=0.00, real=0.00 secs] 
345.419: Total time for which application threads were stopped: 0.0006690 seconds, Stopping threads took: 0.0000490 seconds
345.493: Application time: 0.0736750 seconds
345.493: [GC [PSYoungGen: 14288K->512K(15872K)] 38616K->24840K(51712K), 0.0005480 secs] [Times: user=0.01 sys=0.00, real=0.01 secs] 
345.494: Total time for which application threads were stopped: 0.0007060 seconds, Stopping threads took: 0.0000790 seconds
345.566: Application time: 0.0722030 seconds
345.566: [GC [PSYoungGen: 14336K->480K(15872K)] 38664K->24808K(51712K), 0.0005280 secs] [Times: user=0.00 sys=0.00, real=0.00 secs] 
345.566: Total time for which application threads were stopped: 0.0006620 seconds, Stopping threads took: 0.0000520 seconds
345.640: Application time: 0.0731550 seconds
345.640: [GC [PSYoungGen: 14304K->512K(15872K)] 38632K->24840K(51712K), 0.0005560 secs] [Times: user=0.00 sys=0.00, real=0.00 secs] 
345.640: Total time for which application threads were stopped: 0.0006920 seconds, Stopping threads took: 0.0000550 seconds
345.714: Application time: 0.0737820 seconds
345.714: [GC [PSYoungGen: 14336K->496K(15872K)] 38664K->24824K(51712K), 0.0005240 secs] [Times: user=0.01 sys=0.00, real=0.00 secs] 
345.715: Total time for which application threads were stopped: 0.0006560 seconds, Stopping threads took: 0.0000550 seconds
345.789: Application time: 0.0737860 seconds
345.789: [GC [PSYoungGen: 14320K->496K(15872K)] 38648K->24832K(51712K), 0.0005760 secs] [Times: user=0.00 sys=0.00, real=0.00 secs] 
345.790: Total time for which application threads were stopped: 0.0014590 seconds, Stopping threads took: 0.0008000 seconds
345.864: Application time: 0.0738250 seconds
345.865: [GC [PSYoungGen: 14320K->480K(15872K)] 38656K->24824K(51712K), 0.0005570 secs] [Times: user=0.00 sys=0.00, real=0.00 secs] 
345.866: Total time for which application threads were stopped: 0.0021790 seconds, Stopping threads took: 0.0015350 seconds
345.940: Application time: 0.0736380 seconds
345.940: [GC [PSYoungGen: 14304K->480K(15872K)] 38648K->24840K(51712K), 0.0005540 secs] [Times: user=0.00 sys=0.00, real=0.00 secs] 
345.940: Total time for which application threads were stopped: 0.0007140 seconds, Stopping threads took: 0.0000790 seconds
346.014: Application time: 0.0740250 seconds
346.014: [GC [PSYoungGen: 14304K->496K(15872K)] 38664K->24864K(51712K), 0.0005550 secs] [Times: user=0.00 sys=0.00, real=0.00 secs] 
346.015: Total time for which application threads were stopped: 0.0006920 seconds, Stopping threads took: 0.0000570 seconds
346.089: Application time: 0.0738240 seconds
346.089: [GC [PSYoungGen: 14320K->496K(15872K)] 38688K->24864K(51712K), 0.0005790 secs] [Times: user=0.01 sys=0.00, real=0.00 secs] 
346.090: Total time for which application threads were stopped: 0.0007110 seconds, Stopping threads took: 0.0000510 seconds
346.163: Application time: 0.0735720 seconds
346.163: [GC [PSYoungGen: 14320K->512K(15872K)] 38688K->24880K(51712K), 0.0005430 secs] [Times: user=0.00 sys=0.00, real=0.00 secs] 
346.164: Total time for which application threads were stopped: 0.0006780 seconds, Stopping threads took: 0.0000560 seconds
346.237: Application time: 0.0729310 seconds
346.237: [GC [PSYoungGen: 14336K->480K(15872K)] 38704K->24848K(51712K), 0.0005870 secs] [Times: user=0.00 sys=0.00, real=0.00 secs] 
346.238: Total time for which application threads were stopped: 0.0007180 seconds, Stopping threads took: 0.0000520 seconds
346.310: Application time: 0.0726100 seconds
346.310: [GC [PSYoungGen: 14304K->448K(15872K)] 38672K->24816K(51712K), 0.0005420 secs] [Times: user=0.01 sys=0.00, real=0.00 secs] 
346.311: Total time for which application threads were stopped: 0.0006870 seconds, Stopping threads took: 0.0000620 seconds
346.385: Application time: 0.0738390 seconds
346.385: [GC [PSYoungGen: 14272K->528K(15872K)] 38640K->24896K(51712K), 0.0005650 secs] [Times: user=0.00 sys=0.00, real=0.01 secs] 
346.385: Total time for which application threads were stopped: 0.0007280 seconds, Stopping threads took: 0.0000760 seconds
346.459: Application time: 0.0733100 seconds
346.459: [GC [PSYoungGen: 14352K->496K(15872K)] 38720K->24864K(51712K), 0.0005230 secs] [Times: user=0.01 sys=0.00, real=0.00 secs] 
346.459: Total time for which application threads were stopped: 0.0006500 seconds, Stopping threads took: 0.0000530 seconds
346.533: Application time: 0.0740960 seconds
346.534: [GC [PSYoungGen: 14320K->496K(15872K)] 38688K->24872K(51712K), 0.0005460 secs] [Times: user=0.00 sys=0.00, real=0.00 secs] 
346.534: Total time for which application threads were stopped: 0.0006790 seconds, Stopping threads took: 0.0000510 seconds
346.608: Application time: 0.0734120 seconds
346.608: [GC [PSYoungGen: 14320K->496K(15872K)] 38696K->24880K(51712K), 0.0005480 secs] [Times: user=0.00 sys=0.00, real=0.00 secs] 
346.608: Total time for which application threads were stopped: 0.0006870 seconds, Stopping threads took: 0.0000590 seconds
346.682: Application time: 0.0739840 seconds
346.682: [GC [PSYoungGen: 14320K->480K(15872K)] 38704K->24872K(51712K), 0.0005870 secs] [Times: user=0.00 sys=0.00, real=0.00 secs] 
346.683: Total time for which application threads were stopped: 0.0007270 seconds, Stopping threads took: 0.0000620 seconds
346.757: Application time: 0.0742010 seconds
346.757: [GC [PSYoungGen: 14304K->496K(15872K)] 38696K->24896K(51712K), 0.0006550 secs] [Times: user=0.00 sys=0.00, real=0.00 secs] 
346.758: Total time for which application threads were stopped: 0.0008000 seconds, Stopping threads took: 0.0000630 seconds
346.832: Application time: 0.0739050 seconds
346.832: [GC [PSYoungGen: 14320K->528K(15872K)] 38720K->24936K(51712K), 0.0005520 secs] [Times: user=0.00 sys=0.00, real=0.00 secs] 
346.833: Total time for which application threads were stopped: 0.0006950 seconds, Stopping threads took: 0.0000590 seconds
346.907: Application time: 0.0741470 seconds
346.907: [GC [PSYoungGen: 14352K->496K(15872K)] 38760K->24904K(51712K), 0.0005660 secs] [Times: user=0.00 sys=0.00, real=0.00 secs] 
346.907: Total time for which application threads were stopped: 0.0007090 seconds, Stopping threads took: 0.0000530 seconds
346.981: Application time: 0.0736750 seconds
346.981: [GC [PSYoungGen: 14320K->544K(15872K)] 38728K->24952K(51712K), 0.0005730 secs] [Times: user=0.00 sys=0.00, real=0.00 secs] 
346.982: Total time for which application threads were stopped: 0.0007070 seconds, Stopping threads took: 0.0000560 seconds
347.054: Application time: 0.0719990 seconds
347.054: [GC [PSYoungGen: 14368K->480K(15872K)] 38776K->24888K(51712K), 0.0005240 secs] [Times: user=0.00 sys=0.00, real=0.00 secs] 
347.054: Total time for which application threads were stopped: 0.0006510 seconds, Stopping threads took: 0.0000470 seconds
347.128: Application time: 0.0732680 seconds
347.128: [GC [PSYoungGen: 14304K->496K(15872K)] 38712K->24904K(51712K), 0.0005710 secs] [Times: user=0.00 sys=0.00, real=0.00 secs] 
347.128: Total time for which application threads were stopped: 0.0007090 seconds, Stopping threads took: 0.0000570 seconds
347.203: Application time: 0.0740920 seconds
347.203: [GC [PSYoungGen: 14320K->448K(15872K)] 38728K->24856K(51712K), 0.0005290 secs] [Times: user=0.01 sys=0.00, real=0.00 secs] 
347.203: Total time for which application threads were stopped: 0.0006880 seconds, Stopping threads took: 0.0000800 seconds
347.278: Application time: 0.0744850 seconds
347.278: [GC [PSYoungGen: 14272K->512K(15872K)] 38680K->24928K(51712K), 0.0005970 secs] [Times: user=0.00 sys=0.00, real=0.00 secs] 
347.278: Total time for which application threads were stopped: 0.0007240 seconds, Stopping threads took: 0.0000480 seconds
347.352: Application time: 0.0734590 seconds
347.352: [GC [PSYoungGen: 14336K->496K(15872K)] 38752K->24928K(51712K), 0.0006260 secs] [Times: user=0.00 sys=0.00, real=0.00 secs] 
347.353: Total time for which application threads were stopped: 0.0007510 seconds, Stopping threads took: 0.0000460 seconds
347.427: Application time: 0.0739280 seconds
347.427: [GC [PSYoungGen: 14320K->544K(15872K)] 38752K->24984K(51712K), 0.0005350 secs] [Times: user=0.00 sys=0.00, real=0.00 secs] 
347.427: Total time for which application threads were stopped: 0.0006770 seconds, Stopping threads took: 0.0000530 seconds
347.501: Application time: 0.0736600 seconds
347.501: [GC [PSYoungGen: 14368K->528K(15872K)] 38808K->24976K(51712K), 0.0005330 secs] [Times: user=0.00 sys=0.00, real=0.00 secs] 
347.502: Total time for which application threads were stopped: 0.0006690 seconds, Stopping threads took: 0.0000590 seconds
347.576: Application time: 0.0741530 seconds
347.576: [GC [PSYoungGen: 14352K->544K(15872K)] 38800K->25000K(51712K), 0.0005630 secs] [Times: user=0.00 sys=0.00, real=0.00 secs] 
347.576: Total time for which application threads were stopped: 0.0007070 seconds, Stopping threads took: 0.0000690 seconds
347.650: Application time: 0.0740030 seconds
347.651: [GC [PSYoungGen: 14368K->496K(15872K)] 38824K->24952K(51712K), 0.0005970 secs] [Times: user=0.01 sys=0.00, real=0.00 secs] 
347.651: Total time for which application threads were stopped: 0.0007330 seconds, Stopping threads took: 0.0000610 seconds
347.724: Application time: 0.0730130 seconds
347.724: [GC [PSYoungGen: 14320K->480K(15872K)] 38776K->24936K(51712K), 0.0005550 secs] [Times: user=0.01 sys=0.00, real=0.00 secs] 
347.725: Total time for which application threads were stopped: 0.0006910 seconds, Stopping threads took: 0.0000560 seconds
347.798: Application time: 0.0726430 seconds
347.798: [GC [PSYoungGen: 14304K->528K(15872K)] 38760K->24984K(51712K), 0.0005920 secs] [Times: user=0.00 sys=0.00, real=0.00 secs] 
347.798: Total time for which application threads were stopped: 0.0007240 seconds, Stopping threads took: 0.0000530 seconds
347.872: Application time: 0.0734730 seconds
347.872: [GC [PSYoungGen: 14352K->496K(15872K)] 38808K->24952K(51712K), 0.0005670 secs] [Times: user=0.00 sys=0.00, real=0.00 secs] 
347.872: Total time for which application threads were stopped: 0.0007010 seconds, Stopping threads took: 0.0000530 seconds
347.946: Application time: 0.0734700 seconds
347.946: [GC [PSYoungGen: 14320K->528K(15872K)] 38776K->24984K(51712K), 0.0005610 secs] [Times: user=0.00 sys=0.00, real=0.00 secs] 
347.947: Total time for which application threads were stopped: 0.0007040 seconds, Stopping threads took: 0.0000560 seconds
348.020: Application time: 0.0736820 seconds
348.020: [GC [PSYoungGen: 14352K->496K(15872K)] 38808K->24960K(51712K), 0.0005900 secs] [Times: user=0.00 sys=0.00, real=0.00 secs] 
348.021: Total time for which application threads were stopped: 0.0007280 seconds, Stopping threads took: 0.0000550 seconds
348.094: Application time: 0.0733990 seconds
348.095: [GC [PSYoungGen: 14320K->528K(15872K)] 38784K->25000K(51712K), 0.0005800 secs] [Times: user=0.00 sys=0.00, real=0.00 secs] 
348.095: Total time for which application threads were stopped: 0.0007070 seconds, Stopping threads took: 0.0000480 seconds
348.169: Application time: 0.0741810 seconds
348.169: [GC [PSYoungGen: 14352K->528K(15872K)] 38824K->25008K(51712K), 0.0005560 secs] [Times: user=0.00 sys=0.00, real=0.00 secs] 
348.170: Total time for which application threads were stopped: 0.0006940 seconds, Stopping threads took: 0.0000580 seconds
348.244: Application time: 0.0738480 seconds
348.244: [GC [PSYoungGen: 14352K->544K(15872K)] 38832K->25032K(51712K), 0.0005910 secs] [Times: user=0.01 sys=0.00, real=0.00 secs] 
348.245: Total time for which application threads were stopped: 0.0007260 seconds, Stopping threads took: 0.0000540 seconds
348.319: Application time: 0.0740090 seconds
348.319: [GC [PSYoungGen: 14368K->528K(15872K)] 38856K->25024K(51712K), 0.0005520 secs] [Times: user=0.00 sys=0.00, real=0.00 secs] 
348.319: Total time for which application threads were stopped: 0.0006840 seconds, Stopping threads took: 0.0000560 seconds
348.394: Application time: 0.0749920 seconds
348.394: [GC [PSYoungGen: 14352K->528K(15872K)] 38848K->25024K(51712K), 0.0005260 secs] [Times: user=0.00 sys=0.00, real=0.00 secs] 
348.395: Total time for which application threads were stopped: 0.0006550 seconds, Stopping threads took: 0.0000520 seconds
348.468: Application time: 0.0729750 seconds
348.468: [GC [PSYoungGen: 14352K->528K(15872K)] 38848K->25024K(51712K), 0.0005830 secs] [Times: user=0.01 sys=0.00, real=0.00 secs] 
348.469: Total time for which application threads were stopped: 0.0007310 seconds, Stopping threads took: 0.0000610 seconds
348.541: Application time: 0.0726340 seconds
348.541: [GC [PSYoungGen: 14352K->496K(15872K)] 38848K->24992K(51712K), 0.0005290 secs] [Times: user=0.00 sys=0.00, real=0.00 secs] 
348.542: Total time for which application threads were stopped: 0.0006710 seconds, Stopping threads took: 0.0000610 seconds
348.615: Application time: 0.0727660 seconds
348.615: [GC [PSYoungGen: 14320K->512K(15872K)] 38816K->25008K(51712K), 0.0005660 secs] [Times: user=0.00 sys=0.00, real=0.00 secs] 
348.615: Total time for which application threads were stopped: 0.0007010 seconds, Stopping threads took: 0.0000560 seconds
348.689: Application time: 0.0736650 seconds
348.689: [GC [PSYoungGen: 14336K->528K(15872K)] 38832K->25024K(51712K), 0.0005320 secs] [Times: user=0.00 sys=0.00, real=0.00 secs] 
348.690: Total time for which application threads were stopped: 0.0006700 seconds, Stopping threads took: 0.0000570 seconds
348.763: Application time: 0.0736840 seconds
348.764: [GC [PSYoungGen: 14352K->496K(15872K)] 38848K->24992K(51712K), 0.0005440 secs] [Times: user=0.01 sys=0.00, real=0.00 secs] 
348.764: Total time for which application threads were stopped: 0.0006760 seconds, Stopping threads took: 0.0000530 seconds
348.838: Application time: 0.0738160 seconds
348.838: [GC [PSYoungGen: 14320K->512K(15872K)] 38816K->25040K(51712K), 0.0005430 secs] [Times: user=0.00 sys=0.00, real=0.00 secs] 
348.839: Total time for which application threads were stopped: 0.0006870 seconds, Stopping threads took: 0.0000640 seconds
348.912: Application time: 0.0735020 seconds
348.912: [GC [PSYoungGen: 14336K->528K(15872K)] 38864K->25064K(51712K), 0.0005240 secs] [Times: user=0.01 sys=0.00, real=0.00 secs] 
348.913: Total time for which application threads were stopped: 0.0006660 seconds, Stopping threads took: 0.0000580 seconds
348.987: Application time: 0.0739850 seconds
348.987: [GC [PSYoungGen: 14352K->496K(15872K)] 38888K->25040K(51712K), 0.0005520 secs] [Times: user=0.01 sys=0.00, real=0.00 secs] 
348.987: Total time for which application threads were stopped: 0.0006940 seconds, Stopping threads took: 0.0000520 seconds
349.061: Application time: 0.0736020 seconds
349.061: [GC [PSYoungGen: 14320K->496K(15872K)] 38864K->25048K(51712K), 0.0005280 secs] [Times: user=0.00 sys=0.00, real=0.00 secs] 
349.062: Total time for which application threads were stopped: 0.0006660 seconds, Stopping threads took: 0.0000530 seconds
349.136: Application time: 0.0745930 seconds
349.136: [GC [PSYoungGen: 14320K->512K(15872K)] 38872K->25072K(51712K), 0.0005660 secs] [Times: user=0.00 sys=0.00, real=0.00 secs] 
349.137: Total time for which application threads were stopped: 0.0007030 seconds, Stopping threads took: 0.0000630 seconds
349.210: Application time: 0.0729040 seconds
349.210: [GC [PSYoungGen: 14336K->512K(15872K)] 38896K->25072K(51712K), 0.0005200 secs] [Times: user=0.00 sys=0.00, real=0.00 secs] 
349.211: Total time for which application threads were stopped: 0.0006480 seconds, Stopping threads took: 0.0000540 seconds
349.284: Application time: 0.0737490 seconds
349.284: [GC [PSYoungGen: 14336K->480K(15872K)] 38896K->25040K(51712K), 0.0005150 secs] [Times: user=0.00 sys=0.00, real=0.00 secs] 
349.285: Total time for which application threads were stopped: 0.0006550 seconds, Stopping threads took: 0.0000610 seconds
349.358: Application time: 0.0725240 seconds
349.358: [GC [PSYoungGen: 14304K->496K(15872K)] 38864K->25056K(51712K), 0.0005440 secs] [Times: user=0.00 sys=0.00, real=0.00 secs] 
349.358: Total time for which application threads were stopped: 0.0006780 seconds, Stopping threads took: 0.0000570 seconds
349.432: Application time: 0.0736390 seconds
349.432: [GC [PSYoungGen: 14320K->496K(15872K)] 38880K->25056K(51712K), 0.0005510 secs] [Times: user=0.00 sys=0.00, real=0.00 secs] 
349.433: Total time for which application threads were stopped: 0.0006790 seconds, Stopping threads took: 0.0000540 seconds
349.506: Application time: 0.0738110 seconds
349.506: [GC [PSYoungGen: 14320K->496K(15872K)] 38880K->25056K(51712K), 0.0005420 secs] [Times: user=0.00 sys=0.00, real=0.00 secs] 
349.507: Total time for which application threads were stopped: 0.0006830 seconds, Stopping threads took: 0.0000550 seconds
349.580: Application time: 0.0733360 seconds
349.581: [GC [PSYoungGen: 14320K->480K(15872K)] 38880K->25048K(51712K), 0.0005550 secs] [Times: user=0.00 sys=0.00, real=0.00 secs] 
349.582: Total time for which application threads were stopped: 0.0015910 seconds, Stopping threads took: 0.0009580 seconds
349.656: Application time: 0.0743490 seconds
349.656: [GC [PSYoungGen: 14304K->448K(15872K)] 38872K->25040K(51712K), 0.0005410 secs] [Times: user=0.01 sys=0.00, real=0.00 secs] 
349.657: Total time for which application threads were stopped: 0.0006790 seconds, Stopping threads took: 0.0000570 seconds
349.730: Application time: 0.0732590 seconds
349.730: [GC [PSYoungGen: 14272K->480K(15872K)] 38864K->25080K(51712K), 0.0005970 secs] [Times: user=0.00 sys=0.00, real=0.00 secs] 
349.731: Total time for which application threads were stopped: 0.0007310 seconds, Stopping threads took: 0.0000550 seconds
349.805: Application time: 0.0744560 seconds
349.806: [GC [PSYoungGen: 14304K->512K(15872K)] 38904K->25128K(51712K), 0.0005330 secs] [Times: user=0.01 sys=0.00, real=0.00 secs] 
349.806: Total time for which application threads were stopped: 0.0006750 seconds, Stopping threads took: 0.0000650 seconds
349.881: Application time: 0.0750870 seconds
349.881: [GC [PSYoungGen: 14336K->448K(15872K)] 38952K->25072K(51712K), 0.0006490 secs] [Times: user=0.00 sys=0.00, real=0.00 secs] 
349.882: Total time for which application threads were stopped: 0.0008340 seconds, Stopping threads took: 0.0001100 seconds
349.955: Application time: 0.0732390 seconds
349.955: [GC [PSYoungGen: 14272K->464K(15872K)] 38896K->25088K(51712K), 0.0004910 secs] [Times: user=0.00 sys=0.00, real=0.00 secs] 
349.956: Total time for which application threads were stopped: 0.0006310 seconds, Stopping threads took: 0.0000620 seconds
350.029: Application time: 0.0732050 seconds
350.029: [GC [PSYoungGen: 14288K->496K(15872K)] 38912K->25120K(51712K), 0.0005850 secs] [Times: user=0.00 sys=0.00, real=0.00 secs] 
350.030: Total time for which application threads were stopped: 0.0007430 seconds, Stopping threads took: 0.0000730 seconds
350.102: Application time: 0.0720040 seconds
350.102: [GC [PSYoungGen: 14320K->512K(15872K)] 38944K->25136K(51712K), 0.0005320 secs] [Times: user=0.00 sys=0.00, real=0.00 secs] 
350.103: Total time for which application threads were stopped: 0.0006670 seconds, Stopping threads took: 0.0000580 seconds
350.176: Application time: 0.0734380 seconds
350.176: [GC [PSYoungGen: 14336K->512K(15872K)] 38960K->25136K(51712K), 0.0005240 secs] [Times: user=0.00 sys=0.00, real=0.00 secs] 
350.177: Total time for which application threads were stopped: 0.0006540 seconds, Stopping threads took: 0.0000560 seconds
350.250: Application time: 0.0738510 seconds
350.253: [GC [PSYoungGen: 14336K->512K(15872K)] 38960K->25136K(51712K), 0.0006030 secs] [Times: user=0.01 sys=0.00, real=0.00 secs] 
350.254: Total time for which application threads were stopped: 0.0035180 seconds, Stopping threads took: 0.0028370 seconds
350.328: Application time: 0.0740620 seconds
350.328: [GC [PSYoungGen: 14336K->480K(15872K)] 38960K->25112K(51712K), 0.0005210 secs] [Times: user=0.00 sys=0.00, real=0.00 secs] 
350.329: Total time for which application threads were stopped: 0.0006500 seconds, Stopping threads took: 0.0000510 seconds
350.402: Application time: 0.0735250 seconds
350.402: [GC [PSYoungGen: 14304K->496K(15872K)] 38936K->25152K(51712K), 0.0005250 secs] [Times: user=0.00 sys=0.00, real=0.00 secs] 
350.403: Total time for which application threads were stopped: 0.0006810 seconds, Stopping threads took: 0.0000780 seconds
350.477: Application time: 0.0736940 seconds
350.477: [GC [PSYoungGen: 14320K->512K(15872K)] 38976K->25176K(51712K), 0.0005190 secs] [Times: user=0.00 sys=0.00, real=0.00 secs] 
350.477: Total time for which application threads were stopped: 0.0006640 seconds, Stopping threads took: 0.0000610 seconds
350.551: Application time: 0.0737970 seconds
350.551: [GC [PSYoungGen: 14336K->480K(15872K)] 39000K->25152K(51712K), 0.0005410 secs] [Times: user=0.00 sys=0.00, real=0.00 secs] 
350.552: Total time for which application threads were stopped: 0.0006870 seconds, Stopping threads took: 0.0000550 seconds
350.626: Application time: 0.0740220 seconds
350.626: [GC [PSYoungGen: 14304K->496K(15872K)] 38976K->25176K(51712K), 0.0005230 secs] [Times: user=0.00 sys=0.00, real=0.00 secs] 
350.626: Total time for which application threads were stopped: 0.0006500 seconds, Stopping threads took: 0.0000510 seconds
350.700: Application time: 0.0735320 seconds
350.700: [GC [PSYoungGen: 14320K->512K(15872K)] 39000K->25192K(51712K), 0.0005260 secs] [Times: user=0.00 sys=0.00, real=0.00 secs] 
350.701: Total time for which application threads were stopped: 0.0006590 seconds, Stopping threads took: 0.0000600 seconds
350.774: Application time: 0.0734860 seconds
350.774: [GC [PSYoungGen: 14336K->480K(15872K)] 39016K->25160K(51712K), 0.0005740 secs] [Times: user=0.00 sys=0.00, real=0.00 secs] 
350.775: Total time for which application threads were stopped: 0.0007090 seconds, Stopping threads took: 0.0000570 seconds
350.847: Application time: 0.0720040 seconds
350.847: [GC [PSYoungGen: 14304K->496K(15872K)] 38984K->25176K(51712K), 0.0005570 secs] [Times: user=0.00 sys=0.00, real=0.00 secs] 
350.848: Total time for which application threads were stopped: 0.0006860 seconds, Stopping threads took: 0.0000510 seconds
350.921: Application time: 0.0734270 seconds
350.921: [GC [PSYoungGen: 14320K->528K(15872K)] 39000K->25208K(51712K), 0.0005320 secs] [Times: user=0.01 sys=0.00, real=0.00 secs] 
350.922: Total time for which application threads were stopped: 0.0006690 seconds, Stopping threads took: 0.0000590 seconds
350.995: Application time: 0.0733700 seconds
350.995: [GC [PSYoungGen: 14352K->496K(15872K)] 39032K->25176K(51712K), 0.0005100 secs] [Times: user=0.00 sys=0.00, real=0.00 secs] 
350.996: Total time for which application threads were stopped: 0.0006490 seconds, Stopping threads took: 0.0000610 seconds
351.069: Application time: 0.0737760 seconds
351.070: [GC [PSYoungGen: 14320K->496K(15872K)] 39000K->25184K(51712K), 0.0005470 secs] [Times: user=0.00 sys=0.00, real=0.00 secs] 
351.070: Total time for which application threads were stopped: 0.0006910 seconds, Stopping threads took: 0.0000510 seconds
351.144: Application time: 0.0737840 seconds
351.144: [GC [PSYoungGen: 14320K->512K(15872K)] 39008K->25208K(51712K), 0.0005220 secs] [Times: user=0.00 sys=0.00, real=0.00 secs] 
351.145: Total time for which application threads were stopped: 0.0006540 seconds, Stopping threads took: 0.0000550 seconds
351.218: Application time: 0.0734590 seconds
351.218: [GC [PSYoungGen: 14336K->528K(15872K)] 39032K->25240K(51712K), 0.0005060 secs] [Times: user=0.00 sys=0.00, real=0.00 secs] 
351.219: Total time for which application threads were stopped: 0.0006340 seconds, Stopping threads took: 0.0000500 seconds
351.293: Application time: 0.0741440 seconds
351.293: [GC [PSYoungGen: 14352K->496K(15872K)] 39064K->25216K(51712K), 0.0005360 secs] [Times: user=0.00 sys=0.00, real=0.01 secs] 
351.294: Total time for which application threads were stopped: 0.0006890 seconds, Stopping threads took: 0.0000690 seconds
351.367: Application time: 0.0739130 seconds
351.368: [GC [PSYoungGen: 14320K->496K(15872K)] 39040K->25224K(51712K), 0.0005700 secs] [Times: user=0.00 sys=0.00, real=0.00 secs] 
351.368: Total time for which application threads were stopped: 0.0007060 seconds, Stopping threads took: 0.0000580 seconds
351.443: Application time: 0.0744930 seconds
351.443: [GC [PSYoungGen: 14320K->512K(15872K)] 39048K->25240K(51712K), 0.0005370 secs] [Times: user=0.00 sys=0.00, real=0.00 secs] 
351.443: Total time for which application threads were stopped: 0.0006790 seconds, Stopping threads took: 0.0000630 seconds
351.517: Application time: 0.0737970 seconds
351.517: [GC [PSYoungGen: 14336K->512K(15872K)] 39064K->25240K(51712K), 0.0005780 secs] [Times: user=0.00 sys=0.00, real=0.00 secs] 
351.518: Total time for which application threads were stopped: 0.0007130 seconds, Stopping threads took: 0.0000550 seconds
351.590: Application time: 0.0719930 seconds
351.590: [GC [PSYoungGen: 14336K->480K(15872K)] 39064K->25208K(51712K), 0.0005440 secs] [Times: user=0.00 sys=0.00, real=0.00 secs] 
351.591: Total time for which application threads were stopped: 0.0006960 seconds, Stopping threads took: 0.0000630 seconds
351.664: Application time: 0.0733940 seconds
351.664: [GC [PSYoungGen: 14304K->496K(15872K)] 39032K->25224K(51712K), 0.0005420 secs] [Times: user=0.00 sys=0.00, real=0.00 secs] 
351.665: Total time for which application threads were stopped: 0.0006710 seconds, Stopping threads took: 0.0000540 seconds
351.739: Application time: 0.0741550 seconds
351.739: [GC [PSYoungGen: 14320K->480K(15872K)] 39048K->25208K(51712K), 0.0005520 secs] [Times: user=0.00 sys=0.00, real=0.00 secs] 
351.739: Total time for which application threads were stopped: 0.0006800 seconds, Stopping threads took: 0.0000520 seconds
351.813: Application time: 0.0736850 seconds
351.813: [GC [PSYoungGen: 14304K->528K(15872K)] 39032K->25264K(51712K), 0.0005950 secs] [Times: user=0.00 sys=0.01, real=0.01 secs] 
351.814: Total time for which application threads were stopped: 0.0007280 seconds, Stopping threads took: 0.0000540 seconds
351.888: Application time: 0.0736800 seconds
351.888: [GC [PSYoungGen: 14352K->512K(15872K)] 39088K->25256K(51712K), 0.0005450 secs] [Times: user=0.00 sys=0.00, real=0.00 secs] 
351.888: Total time for which application threads were stopped: 0.0006780 seconds, Stopping threads took: 0.0000540 seconds
351.962: Application time: 0.0734990 seconds
351.962: [GC [PSYoungGen: 14336K->544K(15872K)] 39080K->25296K(51712K), 0.0005320 secs] [Times: user=0.00 sys=0.00, real=0.00 secs] 
351.962: Total time for which application threads were stopped: 0.0006640 seconds, Stopping threads took: 0.0000500 seconds
352.037: Application time: 0.0742200 seconds
352.037: [GC [PSYoungGen: 14368K->512K(15872K)] 39120K->25272K(51712K), 0.0005370 secs] [Times: user=0.00 sys=0.00, real=0.00 secs] 
352.037: Total time for which application threads were stopped: 0.0007010 seconds, Stopping threads took: 0.0000820 seconds
352.111: Application time: 0.0735670 seconds
352.111: [GC [PSYoungGen: 14336K->496K(15872K)] 39096K->25264K(51712K), 0.0005310 secs] [Times: user=0.00 sys=0.00, real=0.00 secs] 
352.112: Total time for which application threads were stopped: 0.0006710 seconds, Stopping threads took: 0.0000530 seconds
352.186: Application time: 0.0742930 seconds
352.186: [GC [PSYoungGen: 14320K->464K(15872K)] 39088K->25232K(51712K), 0.0005390 secs] [Times: user=0.00 sys=0.00, real=0.00 secs] 
352.187: Total time for which application threads were stopped: 0.0006830 seconds, Stopping threads took: 0.0000650 seconds
352.261: Application time: 0.0741220 seconds
352.261: [GC [PSYoungGen: 14288K->496K(15872K)] 39056K->25264K(51712K), 0.0006290 secs] [Times: user=0.00 sys=0.00, real=0.00 secs] 
352.261: Total time for which application threads were stopped: 0.0007760 seconds, Stopping threads took: 0.0000690 seconds
352.341: Application time: 0.0797500 seconds
352.341: [GC [PSYoungGen: 14319K->480K(15872K)] 39088K->25248K(51712K), 0.0005530 secs] [Times: user=0.00 sys=0.00, real=0.00 secs] 
352.342: Total time for which application threads were stopped: 0.0006980 seconds, Stopping threads took: 0.0000640 seconds
352.422: Application time: 0.0804830 seconds
352.422: [GC [PSYoungGen: 14304K->512K(15872K)] 39072K->25280K(51712K), 0.0006060 secs] [Times: user=0.00 sys=0.00, real=0.00 secs] 
352.423: Total time for which application threads were stopped: 0.0007550 seconds, Stopping threads took: 0.0000650 seconds
352.504: Application time: 0.0810890 seconds
352.504: [GC [PSYoungGen: 14336K->480K(15872K)] 39104K->25248K(51712K), 0.0005950 secs] [Times: user=0.00 sys=0.00, real=0.00 secs] 
352.505: Total time for which application threads were stopped: 0.0007350 seconds, Stopping threads took: 0.0000570 seconds
352.585: Application time: 0.0803940 seconds
352.585: [GC [PSYoungGen: 14304K->544K(15872K)] 39072K->25320K(51712K), 0.0006620 secs] [Times: user=0.00 sys=0.00, real=0.00 secs] 
352.586: Total time for which application threads were stopped: 0.0007980 seconds, Stopping threads took: 0.0000520 seconds
352.668: Application time: 0.0814050 seconds
352.668: [GC [PSYoungGen: 14368K->512K(15872K)] 39144K->25296K(51712K), 0.0005570 secs] [Times: user=0.00 sys=0.00, real=0.00 secs] 
352.668: Total time for which application threads were stopped: 0.0006990 seconds, Stopping threads took: 0.0000510 seconds
352.749: Application time: 0.0810320 seconds
352.749: [GC [PSYoungGen: 14336K->496K(15872K)] 39120K->25288K(51712K), 0.0005650 secs] [Times: user=0.00 sys=0.00, real=0.00 secs] 
352.750: Total time for which application threads were stopped: 0.0007090 seconds, Stopping threads took: 0.0000610 seconds
352.831: Application time: 0.0813420 seconds
352.831: [GC [PSYoungGen: 14320K->496K(15872K)] 39112K->25296K(51712K), 0.0005710 secs] [Times: user=0.00 sys=0.00, real=0.00 secs] 
352.832: Total time for which application threads were stopped: 0.0007180 seconds, Stopping threads took: 0.0000600 seconds
352.914: Application time: 0.0824070 seconds
352.915: [GC [PSYoungGen: 14320K->512K(15872K)] 39120K->25312K(51712K), 0.0005460 secs] [Times: user=0.01 sys=0.00, real=0.00 secs] 
352.915: Total time for which application threads were stopped: 0.0006880 seconds, Stopping threads took: 0.0000630 seconds
352.997: Application time: 0.0814880 seconds
352.997: [GC [PSYoungGen: 14336K->480K(15872K)] 39136K->25288K(51712K), 0.0005480 secs] [Times: user=0.00 sys=0.00, real=0.00 secs] 
352.997: Total time for which application threads were stopped: 0.0007040 seconds, Stopping threads took: 0.0000680 seconds
353.078: Application time: 0.0803090 seconds
353.078: [GC [PSYoungGen: 14304K->448K(15872K)] 39112K->25256K(51712K), 0.0005630 secs] [Times: user=0.01 sys=0.00, real=0.00 secs] 
353.078: Total time for which application threads were stopped: 0.0007070 seconds, Stopping threads took: 0.0000640 seconds
353.159: Application time: 0.0806660 seconds
353.159: [GC [PSYoungGen: 14272K->512K(15872K)] 39080K->25320K(51712K), 0.0005560 secs] [Times: user=0.00 sys=0.00, real=0.00 secs] 
353.160: Total time for which application threads were stopped: 0.0007070 seconds, Stopping threads took: 0.0000580 seconds
353.240: Application time: 0.0797810 seconds
353.240: [GC [PSYoungGen: 14336K->512K(15872K)] 39144K->25320K(51712K), 0.0005500 secs] [Times: user=0.00 sys=0.00, real=0.00 secs] 
353.240: Total time for which application threads were stopped: 0.0007290 seconds, Stopping threads took: 0.0000860 seconds
353.324: Application time: 0.0833310 seconds
353.324: [GC [PSYoungGen: 14336K->496K(15872K)] 39144K->25304K(51712K), 0.0005880 secs] [Times: user=0.00 sys=0.00, real=0.00 secs] 
353.324: Total time for which application threads were stopped: 0.0007330 seconds, Stopping threads took: 0.0000640 seconds
353.405: Application time: 0.0809880 seconds
353.405: [GC [PSYoungGen: 14320K->528K(15872K)] 39128K->25336K(51712K), 0.0005850 secs] [Times: user=0.01 sys=0.00, real=0.00 secs] 
353.406: Total time for which application threads were stopped: 0.0007310 seconds, Stopping threads took: 0.0000650 seconds
353.488: Application time: 0.0816250 seconds
353.488: [GC [PSYoungGen: 14352K->560K(15872K)] 39160K->25376K(51712K), 0.0005630 secs] [Times: user=0.00 sys=0.00, real=0.00 secs] 
353.488: Total time for which application threads were stopped: 0.0007060 seconds, Stopping threads took: 0.0000610 seconds
353.570: Application time: 0.0817530 seconds
353.570: [GC [PSYoungGen: 14384K->448K(15872K)] 39200K->25272K(51712K), 0.0005410 secs] [Times: user=0.00 sys=0.00, real=0.00 secs] 
353.571: Total time for which application threads were stopped: 0.0006840 seconds, Stopping threads took: 0.0000610 seconds
353.652: Application time: 0.0813950 seconds
353.652: [GC [PSYoungGen: 14272K->448K(15872K)] 39096K->25280K(51712K), 0.0005630 secs] [Times: user=0.00 sys=0.00, real=0.00 secs] 
353.653: Total time for which application threads were stopped: 0.0007070 seconds, Stopping threads took: 0.0000580 seconds
353.735: Application time: 0.0819290 seconds
353.735: [GC [PSYoungGen: 14272K->528K(15872K)] 39104K->25368K(51712K), 0.0005650 secs] [Times: user=0.00 sys=0.00, real=0.00 secs] 
353.736: Total time for which application threads were stopped: 0.0007100 seconds, Stopping threads took: 0.0000680 seconds
353.817: Application time: 0.0813240 seconds
353.817: [GC [PSYoungGen: 14352K->512K(15872K)] 39192K->25360K(51712K), 0.0005700 secs] [Times: user=0.01 sys=0.00, real=0.00 secs] 
353.818: Total time for which application threads were stopped: 0.0007130 seconds, Stopping threads took: 0.0000560 seconds
353.898: Application time: 0.0802940 seconds
353.898: [GC [PSYoungGen: 14336K->512K(15872K)] 39184K->25360K(51712K), 0.0005640 secs] [Times: user=0.00 sys=0.00, real=0.00 secs] 
353.899: Total time for which application threads were stopped: 0.0006930 seconds, Stopping threads took: 0.0000480 seconds
353.981: Application time: 0.0819530 seconds
353.981: [GC [PSYoungGen: 14336K->480K(15872K)] 39184K->25328K(51712K), 0.0006160 secs] [Times: user=0.01 sys=0.00, real=0.00 secs] 
353.981: Total time for which application threads were stopped: 0.0007640 seconds, Stopping threads took: 0.0000600 seconds
354.060: Application time: 0.0790040 seconds
354.060: [GC [PSYoungGen: 14304K->544K(15872K)] 39152K->25392K(51712K), 0.0005860 secs] [Times: user=0.00 sys=0.00, real=0.00 secs] 
354.061: Total time for which application threads were stopped: 0.0007310 seconds, Stopping threads took: 0.0000620 seconds
354.143: Application time: 0.0818200 seconds
354.144: [GC [PSYoungGen: 14368K->496K(15872K)] 39216K->25344K(51712K), 0.0007990 secs] [Times: user=0.00 sys=0.00, real=0.00 secs] 
354.145: Total time for which application threads were stopped: 0.0017190 seconds, Stopping threads took: 0.0008210 seconds
354.232: Application time: 0.0874210 seconds
354.232: [GC [PSYoungGen: 14320K->496K(15872K)] 39168K->25344K(51712K), 0.0005280 secs] [Times: user=0.00 sys=0.00, real=0.00 secs] 
354.233: Total time for which application threads were stopped: 0.0006690 seconds, Stopping threads took: 0.0000590 seconds
354.313: Application time: 0.0805100 seconds
354.313: [GC [PSYoungGen: 14320K->496K(15872K)] 39168K->25352K(51712K), 0.0005890 secs] [Times: user=0.00 sys=0.00, real=0.00 secs] 
354.314: Total time for which application threads were stopped: 0.0007600 seconds, Stopping threads took: 0.0000820 seconds
354.395: Application time: 0.0814850 seconds
354.396: [GC [PSYoungGen: 14320K->512K(15872K)] 39176K->25376K(51712K), 0.0006420 secs] [Times: user=0.00 sys=0.00, real=0.00 secs] 
354.397: Total time for which application threads were stopped: 0.0017340 seconds, Stopping threads took: 0.0000660 seconds
354.479: Application time: 0.0820990 seconds
354.479: [GC [PSYoungGen: 14336K->512K(15872K)] 39200K->25384K(51712K), 0.0006320 secs] [Times: user=0.01 sys=0.00, real=0.00 secs] 
354.480: Total time for which application threads were stopped: 0.0007880 seconds, Stopping threads took: 0.0000730 seconds
354.561: Application time: 0.0813490 seconds
354.562: [GC [PSYoungGen: 14336K->544K(15872K)] 39208K->25424K(51712K), 0.0005960 secs] [Times: user=0.00 sys=0.00, real=0.00 secs] 
354.562: Total time for which application threads were stopped: 0.0007400 seconds, Stopping threads took: 0.0000620 seconds
354.644: Application time: 0.0816610 seconds
354.644: [GC [PSYoungGen: 14368K->512K(15872K)] 39248K->25400K(51712K), 0.0005420 secs] [Times: user=0.00 sys=0.00, real=0.00 secs] 
354.645: Total time for which application threads were stopped: 0.0006860 seconds, Stopping threads took: 0.0000620 seconds
354.725: Application time: 0.0805940 seconds
354.725: [GC [PSYoungGen: 14336K->512K(15872K)] 39224K->25400K(51712K), 0.0005480 secs] [Times: user=0.00 sys=0.01, real=0.01 secs] 
354.726: Total time for which application threads were stopped: 0.0006920 seconds, Stopping threads took: 0.0000630 seconds
354.806: Application time: 0.0802850 seconds
354.806: [GC [PSYoungGen: 14336K->496K(15872K)] 39224K->25384K(51712K), 0.0005630 secs] [Times: user=0.00 sys=0.00, real=0.00 secs] 
354.807: Total time for which application threads were stopped: 0.0006970 seconds, Stopping threads took: 0.0000530 seconds
354.886: Application time: 0.0789230 seconds
354.886: [GC [PSYoungGen: 14320K->528K(15872K)] 39208K->25416K(51712K), 0.0005280 secs] [Times: user=0.00 sys=0.00, real=0.00 secs] 
354.886: Total time for which application threads were stopped: 0.0006760 seconds, Stopping threads took: 0.0000640 seconds
354.968: Application time: 0.0818110 seconds
354.968: [GC [PSYoungGen: 14352K->560K(15872K)] 39240K->25448K(51712K), 0.0005470 secs] [Times: user=0.00 sys=0.00, real=0.00 secs] 
354.969: Total time for which application threads were stopped: 0.0006970 seconds, Stopping threads took: 0.0000610 seconds
355.051: Application time: 0.0816180 seconds
355.053: [GC [PSYoungGen: 14384K->496K(15872K)] 39272K->25384K(51712K), 0.0005570 secs] [Times: user=0.00 sys=0.00, real=0.00 secs] 
355.054: Total time for which application threads were stopped: 0.0035050 seconds, Stopping threads took: 0.0028690 seconds
355.136: Application time: 0.0815270 seconds
355.136: [GC [PSYoungGen: 14320K->528K(15872K)] 39208K->25424K(51712K), 0.0006430 secs] [Times: user=0.00 sys=0.00, real=0.00 secs] 
355.136: Total time for which application threads were stopped: 0.0008130 seconds, Stopping threads took: 0.0000890 seconds
355.217: Application time: 0.0806980 seconds
355.217: [GC [PSYoungGen: 14352K->528K(15872K)] 39248K->25424K(51712K), 0.0005540 secs] [Times: user=0.01 sys=0.00, real=0.00 secs] 
355.218: Total time for which application threads were stopped: 0.0006990 seconds, Stopping threads took: 0.0000640 seconds
355.300: Application time: 0.0817690 seconds
355.300: [GC [PSYoungGen: 14352K->528K(15872K)] 39248K->25432K(51712K), 0.0006730 secs] [Times: user=0.00 sys=0.00, real=0.00 secs] 
355.300: Total time for which application threads were stopped: 0.0008090 seconds, Stopping threads took: 0.0000520 seconds
355.381: Application time: 0.0809810 seconds
355.381: [GC [PSYoungGen: 14352K->528K(15872K)] 39256K->25440K(51712K), 0.0005570 secs] [Times: user=0.00 sys=0.00, real=0.00 secs] 
355.382: Total time for which application threads were stopped: 0.0007020 seconds, Stopping threads took: 0.0000620 seconds
355.464: Application time: 0.0815560 seconds
355.464: [GC [PSYoungGen: 14352K->496K(15872K)] 39264K->25408K(51712K), 0.0005380 secs] [Times: user=0.01 sys=0.00, real=0.00 secs] 
355.464: Total time for which application threads were stopped: 0.0007010 seconds, Stopping threads took: 0.0000830 seconds
355.546: Application time: 0.0813470 seconds
355.546: [GC [PSYoungGen: 14320K->480K(15872K)] 39232K->25400K(51712K), 0.0006040 secs] [Times: user=0.00 sys=0.00, real=0.00 secs] 
355.546: Total time for which application threads were stopped: 0.0007520 seconds, Stopping threads took: 0.0000540 seconds
355.627: Application time: 0.0804200 seconds
355.627: [GC [PSYoungGen: 14304K->496K(15872K)] 39224K->25416K(51712K), 0.0005400 secs] [Times: user=0.01 sys=0.00, real=0.00 secs] 
355.627: Total time for which application threads were stopped: 0.0006770 seconds, Stopping threads took: 0.0000570 seconds
355.707: Application time: 0.0790650 seconds
355.707: [GC [PSYoungGen: 14320K->480K(15872K)] 39240K->25400K(51712K), 0.0005940 secs] [Times: user=0.00 sys=0.00, real=0.00 secs] 
355.707: Total time for which application threads were stopped: 0.0007420 seconds, Stopping threads took: 0.0000620 seconds
355.788: Application time: 0.0807730 seconds
355.788: [GC [PSYoungGen: 14304K->464K(15872K)] 39224K->25384K(51712K), 0.0005820 secs] [Times: user=0.01 sys=0.00, real=0.00 secs] 
355.789: Total time for which application threads were stopped: 0.0007190 seconds, Stopping threads took: 0.0000560 seconds
355.870: Application time: 0.0810370 seconds
355.870: [GC [PSYoungGen: 14288K->512K(15872K)] 39208K->25432K(51712K), 0.0005970 secs] [Times: user=0.01 sys=0.00, real=0.00 secs] 
355.871: Total time for which application threads were stopped: 0.0007420 seconds, Stopping threads took: 0.0000610 seconds
355.953: Application time: 0.0821030 seconds
355.953: [GC [PSYoungGen: 14336K->560K(15872K)] 39256K->25504K(51712K), 0.0005640 secs] [Times: user=0.00 sys=0.00, real=0.01 secs] 
355.953: Total time for which application threads were stopped: 0.0006950 seconds, Stopping threads took: 0.0000510 seconds
356.035: Application time: 0.0813340 seconds
356.035: [GC [PSYoungGen: 14384K->560K(15872K)] 39328K->25512K(51712K), 0.0005300 secs] [Times: user=0.00 sys=0.00, real=0.00 secs] 
356.035: Total time for which application threads were stopped: 0.0006670 seconds, Stopping threads took: 0.0000590 seconds
356.117: Application time: 0.0811970 seconds
356.117: [GC [PSYoungGen: 14384K->464K(15872K)] 39336K->25424K(51712K), 0.0005290 secs] [Times: user=0.00 sys=0.00, real=0.00 secs] 
356.117: Total time for which application threads were stopped: 0.0006740 seconds, Stopping threads took: 0.0000550 seconds
356.198: Application time: 0.0808600 seconds
356.198: [GC [PSYoungGen: 14288K->480K(15872K)] 39248K->25448K(51712K), 0.0006060 secs] [Times: user=0.01 sys=0.00, real=0.00 secs] 
356.199: Total time for which application threads were stopped: 0.0007500 seconds, Stopping threads took: 0.0000590 seconds
356.278: Application time: 0.0792470 seconds
356.278: [GC [PSYoungGen: 14304K->528K(15872K)] 39272K->25496K(51712K), 0.0005410 secs] [Times: user=0.01 sys=0.00, real=0.00 secs] 
356.279: Total time for which application threads were stopped: 0.0006810 seconds, Stopping threads took: 0.0000600 seconds
356.353: Application time: 0.0743700 seconds
356.353: [GC [PSYoungGen: 14352K->480K(15872K)] 39320K->25456K(51712K), 0.0005280 secs] [Times: user=0.00 sys=0.00, real=0.01 secs] 
356.354: Total time for which application threads were stopped: 0.0006580 seconds, Stopping threads took: 0.0000490 seconds
356.427: Application time: 0.0731030 seconds
356.427: [GC [PSYoungGen: 14304K->496K(15872K)] 39280K->25472K(51712K), 0.0005790 secs] [Times: user=0.00 sys=0.00, real=0.00 secs] 
356.428: Total time for which application threads were stopped: 0.0007100 seconds, Stopping threads took: 0.0000510 seconds
356.501: Application time: 0.0731330 seconds
356.501: [GC [PSYoungGen: 14320K->496K(15872K)] 39296K->25472K(51712K), 0.0006050 secs] [Times: user=0.00 sys=0.00, real=0.00 secs] 
356.502: Total time for which application threads were stopped: 0.0007540 seconds, Stopping threads took: 0.0000590 seconds
356.574: Application time: 0.0722460 seconds
356.574: [GC [PSYoungGen: 14320K->480K(15872K)] 39296K->25456K(51712K), 0.0005600 secs] [Times: user=0.00 sys=0.00, real=0.00 secs] 
356.574: Total time for which application threads were stopped: 0.0006950 seconds, Stopping threads took: 0.0000540 seconds
356.648: Application time: 0.0740150 seconds
356.649: [GC [PSYoungGen: 14304K->496K(15872K)] 39280K->25472K(51712K), 0.0005870 secs] [Times: user=0.00 sys=0.00, real=0.00 secs] 
356.649: Total time for which application threads were stopped: 0.0007310 seconds, Stopping threads took: 0.0000540 seconds
356.723: Application time: 0.0735660 seconds
356.723: [GC [PSYoungGen: 14320K->496K(15872K)] 39296K->25472K(51712K), 0.0005910 secs] [Times: user=0.00 sys=0.00, real=0.00 secs] 
356.724: Total time for which application threads were stopped: 0.0007390 seconds, Stopping threads took: 0.0000700 seconds
356.798: Application time: 0.0741050 seconds
356.798: [GC [PSYoungGen: 14320K->512K(15872K)] 39296K->25496K(51712K), 0.0005240 secs] [Times: user=0.00 sys=0.00, real=0.00 secs] 
356.798: Total time for which application threads were stopped: 0.0006450 seconds, Stopping threads took: 0.0000450 seconds
356.872: Application time: 0.0734870 seconds
356.872: [GC [PSYoungGen: 14336K->496K(15872K)] 39320K->25520K(51712K), 0.0005540 secs] [Times: user=0.00 sys=0.00, real=0.00 secs] 
356.872: Total time for which application threads were stopped: 0.0007060 seconds, Stopping threads took: 0.0000740 seconds
356.947: Application time: 0.0741060 seconds
356.947: [GC [PSYoungGen: 14320K->528K(15872K)] 39344K->25568K(51712K), 0.0005690 secs] [Times: user=0.01 sys=0.00, real=0.00 secs] 
356.947: Total time for which application threads were stopped: 0.0007150 seconds, Stopping threads took: 0.0000650 seconds
357.021: Application time: 0.0740900 seconds
357.022: [GC [PSYoungGen: 14352K->528K(15872K)] 39392K->25568K(51712K), 0.0005370 secs] [Times: user=0.00 sys=0.00, real=0.00 secs] 
357.022: Total time for which application threads were stopped: 0.0006760 seconds, Stopping threads took: 0.0000620 seconds
357.096: Application time: 0.0739840 seconds
357.096: [GC [PSYoungGen: 14352K->544K(15872K)] 39392K->25592K(51712K), 0.0005350 secs] [Times: user=0.01 sys=0.00, real=0.00 secs] 
357.097: Total time for which application threads were stopped: 0.0006780 seconds, Stopping threads took: 0.0000660 seconds
357.170: Application time: 0.0734120 seconds
357.173: [GC [PSYoungGen: 14368K->512K(15872K)] 39416K->25560K(51712K), 0.0005680 secs] [Times: user=0.01 sys=0.00, real=0.00 secs] 
357.174: Total time for which application threads were stopped: 0.0038230 seconds, Stopping threads took: 0.0031670 seconds
357.247: Application time: 0.0735060 seconds
357.248: [GC [PSYoungGen: 14336K->464K(15872K)] 39384K->25512K(51712K), 0.0005390 secs] [Times: user=0.00 sys=0.00, real=0.00 secs] 
357.248: Total time for which application threads were stopped: 0.0007000 seconds, Stopping threads took: 0.0000830 seconds
357.320: Application time: 0.0722780 seconds
357.321: [GC [PSYoungGen: 14288K->480K(15872K)] 39336K->25528K(51712K), 0.0005160 secs] [Times: user=0.01 sys=0.00, real=0.00 secs] 
357.321: Total time for which application threads were stopped: 0.0006490 seconds, Stopping threads took: 0.0000560 seconds
357.395: Application time: 0.0743250 seconds
357.396: [GC [PSYoungGen: 14304K->512K(15872K)] 39352K->25560K(51712K), 0.0005190 secs] [Times: user=0.00 sys=0.00, real=0.00 secs] 
357.396: Total time for which application threads were stopped: 0.0006560 seconds, Stopping threads took: 0.0000590 seconds
357.470: Application time: 0.0743450 seconds
357.471: [GC [PSYoungGen: 14336K->496K(15872K)] 39384K->25544K(51712K), 0.0004980 secs] [Times: user=0.00 sys=0.00, real=0.00 secs] 
357.471: Total time for which application threads were stopped: 0.0006190 seconds, Stopping threads took: 0.0000470 seconds
357.545: Application time: 0.0738270 seconds
357.545: [GC [PSYoungGen: 14320K->512K(15872K)] 39368K->25568K(51712K), 0.0005570 secs] [Times: user=0.00 sys=0.00, real=0.01 secs] 
357.546: Total time for which application threads were stopped: 0.0006930 seconds, Stopping threads took: 0.0000530 seconds
357.620: Application time: 0.0742850 seconds
357.620: [GC [PSYoungGen: 14336K->464K(15872K)] 39392K->25528K(51712K), 0.0005760 secs] [Times: user=0.01 sys=0.00, real=0.00 secs] 
357.621: Total time for which application threads were stopped: 0.0007090 seconds, Stopping threads took: 0.0000540 seconds
357.694: Application time: 0.0736430 seconds
357.694: [GC [PSYoungGen: 14288K->464K(15872K)] 39352K->25544K(51712K), 0.0005070 secs] [Times: user=0.00 sys=0.00, real=0.00 secs] 
357.695: Total time for which application threads were stopped: 0.0006510 seconds, Stopping threads took: 0.0000540 seconds
357.769: Application time: 0.0739250 seconds
357.769: [GC [PSYoungGen: 14288K->528K(15872K)] 39368K->25608K(51712K), 0.0005520 secs] [Times: user=0.01 sys=0.00, real=0.00 secs] 
357.770: Total time for which application threads were stopped: 0.0006900 seconds, Stopping threads took: 0.0000570 seconds
357.844: Application time: 0.0741530 seconds
357.844: [GC [PSYoungGen: 14352K->512K(15872K)] 39432K->25600K(51712K), 0.0005630 secs] [Times: user=0.00 sys=0.00, real=0.00 secs] 
357.844: Total time for which application threads were stopped: 0.0006970 seconds, Stopping threads took: 0.0000520 seconds
357.917: Application time: 0.0730460 seconds
357.918: [GC [PSYoungGen: 14336K->496K(15872K)] 39424K->25584K(51712K), 0.0005610 secs] [Times: user=0.00 sys=0.00, real=0.00 secs] 
357.918: Total time for which application threads were stopped: 0.0007000 seconds, Stopping threads took: 0.0000590 seconds
357.992: Application time: 0.0737460 seconds
357.992: [GC [PSYoungGen: 14320K->528K(15872K)] 39408K->25616K(51712K), 0.0005270 secs] [Times: user=0.00 sys=0.00, real=0.00 secs] 
357.993: Total time for which application threads were stopped: 0.0006690 seconds, Stopping threads took: 0.0000620 seconds
358.064: Application time: 0.0719530 seconds
358.065: [GC [PSYoungGen: 14352K->496K(15872K)] 39440K->25584K(51712K), 0.0005390 secs] [Times: user=0.01 sys=0.00, real=0.00 secs] 
358.065: Total time for which application threads were stopped: 0.0006680 seconds, Stopping threads took: 0.0000560 seconds
358.139: Application time: 0.0733870 seconds
358.139: [GC [PSYoungGen: 14320K->496K(15872K)] 39408K->25584K(51712K), 0.0005690 secs] [Times: user=0.01 sys=0.00, real=0.00 secs] 
358.139: Total time for which application threads were stopped: 0.0007070 seconds, Stopping threads took: 0.0000580 seconds
358.213: Application time: 0.0740640 seconds
358.213: [GC [PSYoungGen: 14320K->512K(15872K)] 39408K->25600K(51712K), 0.0005720 secs] [Times: user=0.00 sys=0.00, real=0.00 secs] 
358.214: Total time for which application threads were stopped: 0.0007040 seconds, Stopping threads took: 0.0000450 seconds
358.287: Application time: 0.0731000 seconds
358.287: [GC [PSYoungGen: 14336K->512K(15872K)] 39424K->25608K(51712K), 0.0005860 secs] [Times: user=0.00 sys=0.00, real=0.00 secs] 
358.288: Total time for which application threads were stopped: 0.0007310 seconds, Stopping threads took: 0.0000630 seconds
358.362: Application time: 0.0743630 seconds
358.362: [GC [PSYoungGen: 14336K->528K(15872K)] 39432K->25632K(51712K), 0.0005630 secs] [Times: user=0.01 sys=0.00, real=0.00 secs] 
358.363: Total time for which application threads were stopped: 0.0007030 seconds, Stopping threads took: 0.0000630 seconds
358.436: Application time: 0.0734090 seconds
358.436: [GC [PSYoungGen: 14352K->496K(15872K)] 39456K->25608K(51712K), 0.0005520 secs] [Times: user=0.01 sys=0.00, real=0.00 secs] 
358.437: Total time for which application threads were stopped: 0.0006880 seconds, Stopping threads took: 0.0000550 seconds
358.511: Application time: 0.0742010 seconds
358.511: [GC [PSYoungGen: 14320K->496K(15872K)] 39432K->25608K(51712K), 0.0005700 secs] [Times: user=0.00 sys=0.00, real=0.00 secs] 
358.512: Total time for which application threads were stopped: 0.0007110 seconds, Stopping threads took: 0.0000550 seconds
358.586: Application time: 0.0738160 seconds
358.586: [GC [PSYoungGen: 14320K->496K(15872K)] 39432K->25616K(51712K), 0.0005540 secs] [Times: user=0.00 sys=0.00, real=0.00 secs] 
358.586: Total time for which application threads were stopped: 0.0006920 seconds, Stopping threads took: 0.0000580 seconds
358.660: Application time: 0.0734930 seconds
358.660: [GC [PSYoungGen: 14320K->528K(15872K)] 39440K->25648K(51712K), 0.0005450 secs] [Times: user=0.00 sys=0.00, real=0.00 secs] 
358.661: Total time for which application threads were stopped: 0.0006790 seconds, Stopping threads took: 0.0000570 seconds
358.734: Application time: 0.0732280 seconds
358.734: [GC [PSYoungGen: 14352K->480K(15872K)] 39472K->25600K(51712K), 0.0005410 secs] [Times: user=0.00 sys=0.00, real=0.00 secs] 
358.735: Total time for which application threads were stopped: 0.0006970 seconds, Stopping threads took: 0.0000630 seconds
358.807: Application time: 0.0719460 seconds
358.807: [GC [PSYoungGen: 14304K->512K(15872K)] 39424K->25632K(51712K), 0.0005180 secs] [Times: user=0.00 sys=0.00, real=0.00 secs] 
358.807: Total time for which application threads were stopped: 0.0006550 seconds, Stopping threads took: 0.0000590 seconds
358.880: Application time: 0.0732820 seconds
358.881: [GC [PSYoungGen: 14336K->512K(15872K)] 39456K->25632K(51712K), 0.0005460 secs] [Times: user=0.01 sys=0.00, real=0.00 secs] 
358.881: Total time for which application threads were stopped: 0.0006810 seconds, Stopping threads took: 0.0000550 seconds
358.956: Application time: 0.0749490 seconds
358.956: [GC [PSYoungGen: 14336K->480K(15872K)] 39456K->25600K(51712K), 0.0005320 secs] [Times: user=0.01 sys=0.00, real=0.00 secs] 
358.957: Total time for which application threads were stopped: 0.0006660 seconds, Stopping threads took: 0.0000580 seconds
359.031: Application time: 0.0739110 seconds
359.031: [GC [PSYoungGen: 14304K->512K(15872K)] 39424K->25640K(51712K), 0.0005880 secs] [Times: user=0.00 sys=0.00, real=0.00 secs] 
359.031: Total time for which application threads were stopped: 0.0007150 seconds, Stopping threads took: 0.0000510 seconds
359.105: Application time: 0.0738210 seconds
359.105: [GC [PSYoungGen: 14336K->480K(15872K)] 39464K->25608K(51712K), 0.0005530 secs] [Times: user=0.00 sys=0.00, real=0.00 secs] 
359.106: Total time for which application threads were stopped: 0.0006840 seconds, Stopping threads took: 0.0000490 seconds
359.180: Application time: 0.0739370 seconds
359.180: [GC [PSYoungGen: 14304K->512K(15872K)] 39432K->25648K(51712K), 0.0005410 secs] [Times: user=0.00 sys=0.00, real=0.00 secs] 
359.181: Total time for which application threads were stopped: 0.0006840 seconds, Stopping threads took: 0.0000620 seconds
359.255: Application time: 0.0742120 seconds
359.255: [GC [PSYoungGen: 14336K->512K(15872K)] 39472K->25664K(51712K), 0.0005450 secs] [Times: user=0.00 sys=0.00, real=0.00 secs] 
359.255: Total time for which application threads were stopped: 0.0006910 seconds, Stopping threads took: 0.0000540 seconds
359.330: Application time: 0.0741840 seconds
359.330: [GC [PSYoungGen: 14336K->464K(15872K)] 39488K->25616K(51712K), 0.0005550 secs] [Times: user=0.01 sys=0.00, real=0.00 secs] 
359.330: Total time for which application threads were stopped: 0.0006840 seconds, Stopping threads took: 0.0000510 seconds
359.404: Application time: 0.0737980 seconds
359.404: [GC [PSYoungGen: 14288K->496K(15872K)] 39440K->25656K(51712K), 0.0005330 secs] [Times: user=0.01 sys=0.00, real=0.00 secs] 
359.405: Total time for which application threads were stopped: 0.0006890 seconds, Stopping threads took: 0.0000800 seconds
359.478: Application time: 0.0732970 seconds
359.478: [GC [PSYoungGen: 14320K->496K(15872K)] 39480K->25656K(51712K), 0.0005310 secs] [Times: user=0.00 sys=0.00, real=0.00 secs] 
359.479: Total time for which application threads were stopped: 0.0006880 seconds, Stopping threads took: 0.0000780 seconds
359.551: Application time: 0.0722390 seconds
359.551: [GC [PSYoungGen: 14320K->464K(15872K)] 39480K->25624K(51712K), 0.0005360 secs] [Times: user=0.00 sys=0.00, real=0.00 secs] 
359.552: Total time for which application threads were stopped: 0.0006800 seconds, Stopping threads took: 0.0000670 seconds
359.625: Application time: 0.0732510 seconds
359.625: [GC [PSYoungGen: 14288K->496K(15872K)] 39448K->25656K(51712K), 0.0005120 secs] [Times: user=0.00 sys=0.00, real=0.01 secs] 
359.626: Total time for which application threads were stopped: 0.0006490 seconds, Stopping threads took: 0.0000590 seconds
359.700: Application time: 0.0742360 seconds
359.700: [GC [PSYoungGen: 14320K->496K(15872K)] 39480K->25656K(51712K), 0.0005630 secs] [Times: user=0.01 sys=0.00, real=0.00 secs] 
359.701: Total time for which application threads were stopped: 0.0007010 seconds, Stopping threads took: 0.0000600 seconds
359.774: Application time: 0.0732690 seconds
359.774: [GC [PSYoungGen: 14320K->512K(15872K)] 39480K->25680K(51712K), 0.0005780 secs] [Times: user=0.00 sys=0.00, real=0.00 secs] 
359.775: Total time for which application threads were stopped: 0.0007360 seconds, Stopping threads took: 0.0000620 seconds
359.849: Application time: 0.0744180 seconds
359.849: [GC [PSYoungGen: 14336K->496K(15872K)] 39504K->25672K(51712K), 0.0006370 secs] [Times: user=0.00 sys=0.00, real=0.00 secs] 
359.850: Total time for which application threads were stopped: 0.0007640 seconds, Stopping threads took: 0.0000480 seconds
359.923: Application time: 0.0736570 seconds
359.923: [GC [PSYoungGen: 14320K->496K(15872K)] 39496K->25680K(51712K), 0.0005090 secs] [Times: user=0.00 sys=0.00, real=0.00 secs] 
359.924: Total time for which application threads were stopped: 0.0006430 seconds, Stopping threads took: 0.0000580 seconds
359.998: Application time: 0.0744110 seconds
359.999: [GC [PSYoungGen: 14320K->464K(15872K)] 39504K->25656K(51712K), 0.0005590 secs] [Times: user=0.00 sys=0.00, real=0.00 secs] 
359.999: Total time for which application threads were stopped: 0.0007190 seconds, Stopping threads took: 0.0000760 seconds
360.074: Application time: 0.0744140 seconds
360.074: [GC [PSYoungGen: 14288K->480K(15872K)] 39480K->25672K(51712K), 0.0005540 secs] [Times: user=0.00 sys=0.00, real=0.00 secs] 
360.074: Total time for which application threads were stopped: 0.0006850 seconds, Stopping threads took: 0.0000560 seconds
360.148: Application time: 0.0735690 seconds
360.148: [GC [PSYoungGen: 14304K->512K(15872K)] 39496K->25712K(51712K), 0.0005450 secs] [Times: user=0.01 sys=0.00, real=0.00 secs] 
360.149: Total time for which application threads were stopped: 0.0006990 seconds, Stopping threads took: 0.0000780 seconds
360.222: Application time: 0.0733030 seconds
360.222: [GC [PSYoungGen: 14336K->528K(15872K)] 39536K->25728K(51712K), 0.0005120 secs] [Times: user=0.00 sys=0.00, real=0.00 secs] 
360.222: Total time for which application threads were stopped: 0.0006370 seconds, Stopping threads took: 0.0000500 seconds
360.296: Application time: 0.0735990 seconds
360.296: [GC [PSYoungGen: 14352K->496K(15872K)] 39552K->25696K(51712K), 0.0005260 secs] [Times: user=0.00 sys=0.00, real=0.00 secs] 
360.297: Total time for which application threads were stopped: 0.0006640 seconds, Stopping threads took: 0.0000470 seconds
360.369: Application time: 0.0723530 seconds
360.369: [GC [PSYoungGen: 14320K->496K(15872K)] 39520K->25696K(51712K), 0.0005230 secs] [Times: user=0.00 sys=0.00, real=0.00 secs] 
360.370: Total time for which application threads were stopped: 0.0006530 seconds, Stopping threads took: 0.0000510 seconds
360.443: Application time: 0.0736840 seconds
360.444: [GC [PSYoungGen: 14320K->512K(15872K)] 39520K->25712K(51712K), 0.0005720 secs] [Times: user=0.00 sys=0.00, real=0.00 secs] 
360.444: Total time for which application threads were stopped: 0.0007020 seconds, Stopping threads took: 0.0000510 seconds
360.518: Application time: 0.0741600 seconds
360.518: [GC [PSYoungGen: 14336K->528K(15872K)] 39536K->25736K(51712K), 0.0005410 secs] [Times: user=0.01 sys=0.00, real=0.00 secs] 
360.519: Total time for which application threads were stopped: 0.0006860 seconds, Stopping threads took: 0.0000580 seconds
360.593: Application time: 0.0741510 seconds
360.593: [GC [PSYoungGen: 14352K->512K(15872K)] 39560K->25728K(51712K), 0.0005140 secs] [Times: user=0.00 sys=0.00, real=0.01 secs] 
360.594: Total time for which application threads were stopped: 0.0006480 seconds, Stopping threads took: 0.0000540 seconds
360.667: Application time: 0.0736450 seconds
360.668: [GC [PSYoungGen: 14336K->464K(15872K)] 39552K->25688K(51712K), 0.0005230 secs] [Times: user=0.00 sys=0.00, real=0.00 secs] 
360.668: Total time for which application threads were stopped: 0.0006570 seconds, Stopping threads took: 0.0000560 seconds
360.742: Application time: 0.0738980 seconds
360.742: [GC [PSYoungGen: 14288K->480K(15872K)] 39512K->25712K(51712K), 0.0005580 secs] [Times: user=0.01 sys=0.00, real=0.00 secs] 
360.743: Total time for which application threads were stopped: 0.0006860 seconds, Stopping threads took: 0.0000480 seconds
360.816: Application time: 0.0735760 seconds
360.816: [GC [PSYoungGen: 14304K->512K(15872K)] 39536K->25744K(51712K), 0.0005310 secs] [Times: user=0.01 sys=0.00, real=0.00 secs] 
360.817: Total time for which application threads were stopped: 0.0006800 seconds, Stopping threads took: 0.0000620 seconds
360.891: Application time: 0.0741960 seconds
360.891: [GC [PSYoungGen: 14336K->448K(15872K)] 39568K->25688K(51712K), 0.0005290 secs] [Times: user=0.01 sys=0.00, real=0.00 secs] 
360.892: Total time for which application threads were stopped: 0.0006860 seconds, Stopping threads took: 0.0000770 seconds
360.965: Application time: 0.0730680 seconds
360.965: [GC [PSYoungGen: 14272K->464K(15872K)] 39512K->25704K(51712K), 0.0005790 secs] [Times: user=0.00 sys=0.00, real=0.01 secs] 
360.966: Total time for which application threads were stopped: 0.0007110 seconds, Stopping threads took: 0.0000530 seconds
361.039: Application time: 0.0731080 seconds
361.041: [GC [PSYoungGen: 14288K->528K(15872K)] 39528K->25768K(51712K), 0.0005240 secs] [Times: user=0.00 sys=0.00, real=0.00 secs] 
361.042: Total time for which application threads were stopped: 0.0032560 seconds, Stopping threads took: 0.0026580 seconds
361.114: Application time: 0.0723320 seconds
361.114: [GC [PSYoungGen: 14352K->512K(15872K)] 39592K->25752K(51712K), 0.0005450 secs] [Times: user=0.00 sys=0.00, real=0.00 secs] 
361.115: Total time for which application threads were stopped: 0.0006950 seconds, Stopping threads took: 0.0000720 seconds
361.189: Application time: 0.0741250 seconds
361.189: [GC [PSYoungGen: 14336K->496K(15872K)] 39576K->25736K(51712K), 0.0005580 secs] [Times: user=0.01 sys=0.00, real=0.00 secs] 
361.190: Total time for which application threads were stopped: 0.0007050 seconds, Stopping threads took: 0.0000630 seconds
361.264: Application time: 0.0745100 seconds
361.264: [GC [PSYoungGen: 14320K->512K(15872K)] 39560K->25752K(51712K), 0.0005380 secs] [Times: user=0.01 sys=0.00, real=0.00 secs] 
361.265: Total time for which application threads were stopped: 0.0006730 seconds, Stopping threads took: 0.0000560 seconds
361.338: Application time: 0.0731990 seconds
361.338: [GC [PSYoungGen: 14336K->544K(15872K)] 39576K->25792K(51712K), 0.0005480 secs] [Times: user=0.00 sys=0.00, real=0.00 secs] 
361.339: Total time for which application threads were stopped: 0.0007090 seconds, Stopping threads took: 0.0000700 seconds
361.413: Application time: 0.0737260 seconds
361.413: [GC [PSYoungGen: 14368K->496K(15872K)] 39616K->25752K(51712K), 0.0005180 secs] [Times: user=0.01 sys=0.00, real=0.01 secs] 
361.413: Total time for which application threads were stopped: 0.0006830 seconds, Stopping threads took: 0.0000870 seconds
361.487: Application time: 0.0736640 seconds
361.487: [GC [PSYoungGen: 14320K->512K(15872K)] 39576K->25776K(51712K), 0.0005970 secs] [Times: user=0.00 sys=0.00, real=0.00 secs] 
361.488: Total time for which application threads were stopped: 0.0007430 seconds, Stopping threads took: 0.0000670 seconds
361.562: Application time: 0.0739480 seconds
361.562: [GC [PSYoungGen: 14336K->512K(15872K)] 39600K->25776K(51712K), 0.0005200 secs] [Times: user=0.00 sys=0.00, real=0.00 secs] 
361.562: Total time for which application threads were stopped: 0.0006450 seconds, Stopping threads took: 0.0000480 seconds
361.636: Application time: 0.0738210 seconds
361.636: [GC [PSYoungGen: 14336K->496K(15872K)] 39600K->25768K(51712K), 0.0005270 secs] [Times: user=0.00 sys=0.00, real=0.00 secs] 
361.637: Total time for which application threads were stopped: 0.0006690 seconds, Stopping threads took: 0.0000650 seconds
361.710: Application time: 0.0730670 seconds
361.710: [GC [PSYoungGen: 14320K->496K(15872K)] 39592K->25768K(51712K), 0.0005460 secs] [Times: user=0.01 sys=0.00, real=0.00 secs] 
361.711: Total time for which application threads were stopped: 0.0007030 seconds, Stopping threads took: 0.0000730 seconds
361.784: Application time: 0.0735610 seconds
361.784: [GC [PSYoungGen: 14320K->496K(15872K)] 39592K->25768K(51712K), 0.0005820 secs] [Times: user=0.00 sys=0.00, real=0.00 secs] 
361.785: Total time for which application threads were stopped: 0.0007260 seconds, Stopping threads took: 0.0000590 seconds
361.857: Application time: 0.0717180 seconds
361.857: [GC [PSYoungGen: 14320K->560K(15872K)] 39592K->25832K(51712K), 0.0005620 secs] [Times: user=0.01 sys=0.00, real=0.00 secs] 
361.857: Total time for which application threads were stopped: 0.0007140 seconds, Stopping threads took: 0.0000610 seconds
361.931: Application time: 0.0738090 seconds
361.931: [GC [PSYoungGen: 14384K->512K(15872K)] 39656K->25784K(51712K), 0.0005910 secs] [Times: user=0.00 sys=0.00, real=0.00 secs] 
361.932: Total time for which application threads were stopped: 0.0007220 seconds, Stopping threads took: 0.0000550 seconds
362.007: Application time: 0.0749830 seconds
362.007: [GC [PSYoungGen: 14336K->512K(15872K)] 39608K->25784K(51712K), 0.0005590 secs] [Times: user=0.00 sys=0.00, real=0.00 secs] 
362.008: Total time for which application threads were stopped: 0.0006980 seconds, Stopping threads took: 0.0000610 seconds
362.081: Application time: 0.0732750 seconds
362.081: [GC [PSYoungGen: 14336K->560K(15872K)] 39608K->25840K(51712K), 0.0005560 secs] [Times: user=0.00 sys=0.00, real=0.00 secs] 
362.082: Total time for which application threads were stopped: 0.0007030 seconds, Stopping threads took: 0.0000660 seconds
362.155: Application time: 0.0738080 seconds
362.155: [GC [PSYoungGen: 14384K->512K(15872K)] 39664K->25800K(51712K), 0.0005790 secs] [Times: user=0.00 sys=0.00, real=0.00 secs] 
362.156: Total time for which application threads were stopped: 0.0007140 seconds, Stopping threads took: 0.0000540 seconds
362.230: Application time: 0.0738770 seconds
362.230: [GC [PSYoungGen: 14336K->480K(15872K)] 39624K->25776K(51712K), 0.0005220 secs] [Times: user=0.00 sys=0.00, real=0.00 secs] 
362.231: Total time for which application threads were stopped: 0.0006650 seconds, Stopping threads took: 0.0000640 seconds
362.305: Application time: 0.0742590 seconds
362.305: [GC [PSYoungGen: 14304K->480K(15872K)] 39600K->25776K(51712K), 0.0005300 secs] [Times: user=0.00 sys=0.00, real=0.01 secs] 
362.306: Total time for which application threads were stopped: 0.0006620 seconds, Stopping threads took: 0.0000540 seconds
362.379: Application time: 0.0738470 seconds
362.380: [GC [PSYoungGen: 14304K->512K(15872K)] 39600K->25808K(51712K), 0.0005200 secs] [Times: user=0.00 sys=0.00, real=0.00 secs] 
362.380: Total time for which application threads were stopped: 0.0006680 seconds, Stopping threads took: 0.0000640 seconds
362.453: Application time: 0.0727040 seconds
362.453: [GC [PSYoungGen: 14336K->528K(15872K)] 39632K->25832K(51712K), 0.0005100 secs] [Times: user=0.00 sys=0.00, real=0.01 secs] 
362.453: Total time for which application threads were stopped: 0.0006520 seconds, Stopping threads took: 0.0000650 seconds
362.527: Application time: 0.0738800 seconds
362.527: [GC [PSYoungGen: 14352K->528K(15872K)] 39656K->25832K(51712K), 0.0005870 secs] [Times: user=0.00 sys=0.00, real=0.00 secs] 
362.528: Total time for which application threads were stopped: 0.0007220 seconds, Stopping threads took: 0.0000590 seconds
362.600: Application time: 0.0717650 seconds
362.600: [GC [PSYoungGen: 14352K->544K(15872K)] 39656K->25848K(51712K), 0.0005080 secs] [Times: user=0.00 sys=0.00, real=0.00 secs] 
362.600: Total time for which application threads were stopped: 0.0006470 seconds, Stopping threads took: 0.0000630 seconds
362.674: Application time: 0.0737000 seconds
362.674: [GC [PSYoungGen: 14368K->512K(15872K)] 39672K->25816K(51712K), 0.0005250 secs] [Times: user=0.01 sys=0.00, real=0.00 secs] 
362.675: Total time for which application threads were stopped: 0.0006620 seconds, Stopping threads took: 0.0000600 seconds
362.749: Application time: 0.0744960 seconds
362.749: [GC [PSYoungGen: 14336K->512K(15872K)] 39640K->25816K(51712K), 0.0005180 secs] [Times: user=0.00 sys=0.00, real=0.00 secs] 
362.750: Total time for which application threads were stopped: 0.0006490 seconds, Stopping threads took: 0.0000530 seconds
362.823: Application time: 0.0732330 seconds
362.823: [GC [PSYoungGen: 14336K->480K(15872K)] 39640K->25792K(51712K), 0.0005340 secs] [Times: user=0.00 sys=0.00, real=0.00 secs] 
362.824: Total time for which application threads were stopped: 0.0006910 seconds, Stopping threads took: 0.0000750 seconds
362.898: Application time: 0.0740770 seconds
362.898: [GC [PSYoungGen: 14304K->512K(15872K)] 39616K->25848K(51712K), 0.0005460 secs] [Times: user=0.01 sys=0.00, real=0.00 secs] 
362.899: Total time for which application threads were stopped: 0.0007160 seconds, Stopping threads took: 0.0000780 seconds
362.972: Application time: 0.0737340 seconds
362.973: [GC [PSYoungGen: 14336K->496K(15872K)] 39672K->25840K(51712K), 0.0005240 secs] [Times: user=0.00 sys=0.00, real=0.00 secs] 
362.973: Total time for which application threads were stopped: 0.0006630 seconds, Stopping threads took: 0.0000560 seconds
363.047: Application time: 0.0739070 seconds
363.047: [GC [PSYoungGen: 14320K->480K(15872K)] 39664K->25824K(51712K), 0.0005140 secs] [Times: user=0.00 sys=0.00, real=0.00 secs] 
363.048: Total time for which application threads were stopped: 0.0006470 seconds, Stopping threads took: 0.0000530 seconds
363.122: Application time: 0.0745940 seconds
363.122: [GC [PSYoungGen: 14304K->480K(15872K)] 39648K->25824K(51712K), 0.0005450 secs] [Times: user=0.00 sys=0.00, real=0.00 secs] 
363.123: Total time for which application threads were stopped: 0.0006790 seconds, Stopping threads took: 0.0000550 seconds
363.196: Application time: 0.0729950 seconds
363.196: [GC [PSYoungGen: 14304K->496K(15872K)] 39648K->25848K(51712K), 0.0005880 secs] [Times: user=0.00 sys=0.00, real=0.00 secs] 
363.197: Total time for which application threads were stopped: 0.0007300 seconds, Stopping threads took: 0.0000640 seconds
363.271: Application time: 0.0740750 seconds
363.271: [GC [PSYoungGen: 14320K->480K(15872K)] 39672K->25832K(51712K), 0.0005280 secs] [Times: user=0.00 sys=0.00, real=0.00 secs] 
363.271: Total time for which application threads were stopped: 0.0006670 seconds, Stopping threads took: 0.0000620 seconds
363.344: Application time: 0.0721610 seconds
363.344: [GC [PSYoungGen: 14304K->496K(15872K)] 39656K->25848K(51712K), 0.0004960 secs] [Times: user=0.00 sys=0.00, real=0.00 secs] 
363.344: Total time for which application threads were stopped: 0.0006320 seconds, Stopping threads took: 0.0000590 seconds
363.417: Application time: 0.0731530 seconds
363.417: [GC [PSYoungGen: 14320K->544K(15872K)] 39672K->25896K(51712K), 0.0005630 secs] [Times: user=0.00 sys=0.00, real=0.00 secs] 
363.418: Total time for which application threads were stopped: 0.0007090 seconds, Stopping threads took: 0.0000510 seconds
363.493: Application time: 0.0751240 seconds
363.493: [GC [PSYoungGen: 14368K->464K(15872K)] 39720K->25816K(51712K), 0.0005520 secs] [Times: user=0.00 sys=0.01, real=0.01 secs] 
363.494: Total time for which application threads were stopped: 0.0006740 seconds, Stopping threads took: 0.0000490 seconds
363.568: Application time: 0.0737700 seconds
363.568: [GC [PSYoungGen: 14288K->512K(15872K)] 39640K->25872K(51712K), 0.0005190 secs] [Times: user=0.00 sys=0.00, real=0.00 secs] 
363.568: Total time for which application threads were stopped: 0.0006570 seconds, Stopping threads took: 0.0000640 seconds
363.642: Application time: 0.0738140 seconds
363.645: [GC [PSYoungGen: 14336K->528K(15872K)] 39696K->25888K(51712K), 0.0005730 secs] [Times: user=0.01 sys=0.00, real=0.00 secs] 
363.646: Total time for which application threads were stopped: 0.0038930 seconds, Stopping threads took: 0.0032460 seconds
363.720: Application time: 0.0738720 seconds
363.720: [GC [PSYoungGen: 14352K->496K(15872K)] 39712K->25864K(51712K), 0.0005170 secs] [Times: user=0.00 sys=0.00, real=0.00 secs] 
363.721: Total time for which application threads were stopped: 0.0006490 seconds, Stopping threads took: 0.0000540 seconds
363.794: Application time: 0.0738590 seconds
363.794: [GC [PSYoungGen: 14320K->512K(15872K)] 39688K->25888K(51712K), 0.0005230 secs] [Times: user=0.00 sys=0.00, real=0.00 secs] 
363.795: Total time for which application threads were stopped: 0.0006630 seconds, Stopping threads took: 0.0000620 seconds
363.869: Application time: 0.0741030 seconds
363.869: [GC [PSYoungGen: 14336K->496K(15872K)] 39712K->25872K(51712K), 0.0005230 secs] [Times: user=0.00 sys=0.00, real=0.00 secs] 
363.870: Total time for which application threads were stopped: 0.0006620 seconds, Stopping threads took: 0.0000610 seconds
363.944: Application time: 0.0740490 seconds
363.945: [GC [PSYoungGen: 14320K->512K(15872K)] 39696K->25896K(51712K), 0.0005700 secs] [Times: user=0.00 sys=0.00, real=0.00 secs] 
363.946: Total time for which application threads were stopped: 0.0021760 seconds, Stopping threads took: 0.0015150 seconds
364.019: Application time: 0.0731870 seconds
364.019: [GC [PSYoungGen: 14336K->480K(15872K)] 39720K->25864K(51712K), 0.0005560 secs] [Times: user=0.01 sys=0.00, real=0.00 secs] 
364.020: Total time for which application threads were stopped: 0.0006900 seconds, Stopping threads took: 0.0000560 seconds
364.093: Application time: 0.0730290 seconds
364.093: [GC [PSYoungGen: 14304K->448K(15872K)] 39688K->25832K(51712K), 0.0005330 secs] [Times: user=0.00 sys=0.00, real=0.01 secs] 
364.094: Total time for which application threads were stopped: 0.0006620 seconds, Stopping threads took: 0.0000490 seconds
364.166: Application time: 0.0724180 seconds
364.166: [GC [PSYoungGen: 14272K->480K(15872K)] 39656K->25864K(51712K), 0.0005510 secs] [Times: user=0.01 sys=0.00, real=0.00 secs] 
364.167: Total time for which application threads were stopped: 0.0006770 seconds, Stopping threads took: 0.0000470 seconds
364.241: Application time: 0.0739670 seconds
364.241: [GC [PSYoungGen: 14304K->544K(15872K)] 39688K->25928K(51712K), 0.0005500 secs] [Times: user=0.00 sys=0.00, real=0.00 secs] 
364.241: Total time for which application threads were stopped: 0.0006870 seconds, Stopping threads took: 0.0000560 seconds
364.315: Application time: 0.0739440 seconds
364.315: [GC [PSYoungGen: 14368K->464K(15872K)] 39752K->25856K(51712K), 0.0005730 secs] [Times: user=0.00 sys=0.00, real=0.00 secs] 
364.316: Total time for which application threads were stopped: 0.0007090 seconds, Stopping threads took: 0.0000540 seconds
364.390: Application time: 0.0737980 seconds
364.390: [GC [PSYoungGen: 14288K->512K(15872K)] 39680K->25904K(51712K), 0.0005160 secs] [Times: user=0.00 sys=0.00, real=0.00 secs] 
364.390: Total time for which application threads were stopped: 0.0006540 seconds, Stopping threads took: 0.0000610 seconds
364.464: Application time: 0.0737720 seconds
364.464: [GC [PSYoungGen: 14336K->448K(15872K)] 39728K->25848K(51712K), 0.0005540 secs] [Times: user=0.01 sys=0.00, real=0.01 secs] 
364.466: Total time for which application threads were stopped: 0.0016690 seconds, Stopping threads took: 0.0000570 seconds
364.540: Application time: 0.0739610 seconds
364.540: [GC [PSYoungGen: 14272K->528K(15872K)] 39672K->25936K(51712K), 0.0005330 secs] [Times: user=0.00 sys=0.00, real=0.00 secs] 
364.541: Total time for which application threads were stopped: 0.0006960 seconds, Stopping threads took: 0.0000910 seconds
364.615: Application time: 0.0739540 seconds
364.615: [GC [PSYoungGen: 14352K->512K(15872K)] 39760K->25920K(51712K), 0.0005660 secs] [Times: user=0.00 sys=0.00, real=0.00 secs] 
364.615: Total time for which application threads were stopped: 0.0007140 seconds, Stopping threads took: 0.0000740 seconds
364.689: Application time: 0.0742210 seconds
364.690: [GC [PSYoungGen: 14336K->512K(15872K)] 39744K->25928K(51712K), 0.0006010 secs] [Times: user=0.01 sys=0.00, real=0.00 secs] 
364.690: Total time for which application threads were stopped: 0.0007350 seconds, Stopping threads took: 0.0000530 seconds
364.763: Application time: 0.0730490 seconds
364.763: [GC [PSYoungGen: 14336K->464K(15872K)] 39752K->25880K(51712K), 0.0005560 secs] [Times: user=0.00 sys=0.00, real=0.00 secs] 
364.764: Total time for which application threads were stopped: 0.0006900 seconds, Stopping threads took: 0.0000530 seconds
364.837: Application time: 0.0731300 seconds
364.837: [GC [PSYoungGen: 14288K->480K(15872K)] 39704K->25896K(51712K), 0.0006050 secs] [Times: user=0.00 sys=0.00, real=0.00 secs] 
364.838: Total time for which application threads were stopped: 0.0007360 seconds, Stopping threads took: 0.0000490 seconds
364.910: Application time: 0.0720860 seconds
364.910: [GC [PSYoungGen: 14304K->496K(15872K)] 39720K->25912K(51712K), 0.0005390 secs] [Times: user=0.00 sys=0.00, real=0.00 secs] 
364.911: Total time for which application threads were stopped: 0.0006670 seconds, Stopping threads took: 0.0000480 seconds
364.986: Application time: 0.0753790 seconds
364.986: [GC [PSYoungGen: 14320K->480K(15872K)] 39736K->25896K(51712K), 0.0006160 secs] [Times: user=0.00 sys=0.00, real=0.00 secs] 
364.987: Total time for which application threads were stopped: 0.0007630 seconds, Stopping threads took: 0.0000590 seconds
365.060: Application time: 0.0737620 seconds
365.061: [GC [PSYoungGen: 14304K->496K(15872K)] 39720K->25912K(51712K), 0.0005370 secs] [Times: user=0.01 sys=0.00, real=0.00 secs] 
365.061: Total time for which application threads were stopped: 0.0006710 seconds, Stopping threads took: 0.0000550 seconds
365.135: Application time: 0.0736190 seconds
365.135: [GC [PSYoungGen: 14320K->496K(15872K)] 39736K->25920K(51712K), 0.0005830 secs] [Times: user=0.01 sys=0.00, real=0.00 secs] 
365.135: Total time for which application threads were stopped: 0.0007270 seconds, Stopping threads took: 0.0000660 seconds
365.209: Application time: 0.0737100 seconds
365.213: [GC [PSYoungGen: 14320K->480K(15872K)] 39744K->25928K(51712K), 0.0005190 secs] [Times: user=0.00 sys=0.00, real=0.00 secs] 
365.214: Total time for which application threads were stopped: 0.0047020 seconds, Stopping threads took: 0.0041050 seconds
365.288: Application time: 0.0741790 seconds
365.288: [GC [PSYoungGen: 14304K->544K(15872K)] 39752K->26000K(51712K), 0.0005890 secs] [Times: user=0.00 sys=0.00, real=0.00 secs] 
365.289: Total time for which application threads were stopped: 0.0007220 seconds, Stopping threads took: 0.0000520 seconds
365.363: Application time: 0.0738010 seconds
365.363: [GC [PSYoungGen: 14368K->528K(15872K)] 39824K->25984K(51712K), 0.0005250 secs] [Times: user=0.01 sys=0.00, real=0.00 secs] 
365.363: Total time for which application threads were stopped: 0.0006600 seconds, Stopping threads took: 0.0000570 seconds
365.437: Application time: 0.0738380 seconds
365.437: [GC [PSYoungGen: 14352K->496K(15872K)] 39808K->25960K(51712K), 0.0005250 secs] [Times: user=0.00 sys=0.00, real=0.00 secs] 
365.438: Total time for which application threads were stopped: 0.0006640 seconds, Stopping threads took: 0.0000600 seconds
365.511: Application time: 0.0730610 seconds
365.511: [GC [PSYoungGen: 14320K->512K(15872K)] 39784K->25976K(51712K), 0.0005110 secs] [Times: user=0.01 sys=0.00, real=0.00 secs] 
365.512: Total time for which application threads were stopped: 0.0006590 seconds, Stopping threads took: 0.0000630 seconds
365.585: Application time: 0.0739370 seconds
365.586: [GC [PSYoungGen: 14336K->528K(15872K)] 39800K->25992K(51712K), 0.0005590 secs] [Times: user=0.00 sys=0.00, real=0.00 secs] 
365.586: Total time for which application threads were stopped: 0.0006970 seconds, Stopping threads took: 0.0000500 seconds
365.657: Application time: 0.0710600 seconds
365.657: [GC [PSYoungGen: 14352K->528K(15872K)] 39816K->25992K(51712K), 0.0005160 secs] [Times: user=0.00 sys=0.00, real=0.00 secs] 
365.658: Total time for which application threads were stopped: 0.0006460 seconds, Stopping threads took: 0.0000500 seconds
365.732: Application time: 0.0741620 seconds
365.732: [GC [PSYoungGen: 14352K->512K(15872K)] 39816K->25976K(51712K), 0.0005980 secs] [Times: user=0.00 sys=0.00, real=0.00 secs] 
365.733: Total time for which application threads were stopped: 0.0007320 seconds, Stopping threads took: 0.0000550 seconds
365.807: Application time: 0.0738980 seconds
365.807: [GC [PSYoungGen: 14336K->528K(15872K)] 39800K->25992K(51712K), 0.0005970 secs] [Times: user=0.00 sys=0.00, real=0.00 secs] 
365.807: Total time for which application threads were stopped: 0.0007360 seconds, Stopping threads took: 0.0000600 seconds
365.881: Application time: 0.0733900 seconds
365.881: [GC [PSYoungGen: 14352K->496K(15872K)] 39816K->25968K(51712K), 0.0005230 secs] [Times: user=0.01 sys=0.00, real=0.00 secs] 
365.881: Total time for which application threads were stopped: 0.0006600 seconds, Stopping threads took: 0.0000610 seconds
365.955: Application time: 0.0738520 seconds
365.955: [GC [PSYoungGen: 14320K->528K(15872K)] 39792K->26008K(51712K), 0.0006170 secs] [Times: user=0.00 sys=0.00, real=0.00 secs] 
365.956: Total time for which application threads were stopped: 0.0007520 seconds, Stopping threads took: 0.0000540 seconds
366.030: Application time: 0.0738120 seconds
366.030: [GC [PSYoungGen: 14352K->480K(15872K)] 39832K->25968K(51712K), 0.0005440 secs] [Times: user=0.00 sys=0.00, real=0.00 secs] 
366.031: Total time for which application threads were stopped: 0.0006920 seconds, Stopping threads took: 0.0000560 seconds
366.104: Application time: 0.0738320 seconds
366.105: [GC [PSYoungGen: 14304K->544K(15872K)] 39792K->26032K(51712K), 0.0005750 secs] [Times: user=0.01 sys=0.00, real=0.00 secs] 
366.105: Total time for which application threads were stopped: 0.0007260 seconds, Stopping threads took: 0.0000700 seconds
366.180: Application time: 0.0744280 seconds
366.180: [GC [PSYoungGen: 14368K->560K(15872K)] 39856K->26048K(51712K), 0.0005120 secs] [Times: user=0.00 sys=0.00, real=0.00 secs] 
366.180: Total time for which application threads were stopped: 0.0006590 seconds, Stopping threads took: 0.0000640 seconds
366.253: Application time: 0.0729600 seconds
366.253: [GC [PSYoungGen: 14384K->480K(15872K)] 39872K->25984K(51712K), 0.0005860 secs] [Times: user=0.01 sys=0.00, real=0.00 secs] 
366.254: Total time for which application threads were stopped: 0.0007320 seconds, Stopping threads took: 0.0000690 seconds
366.328: Application time: 0.0740020 seconds
366.328: [GC [PSYoungGen: 14304K->512K(15872K)] 39808K->26016K(51712K), 0.0005210 secs] [Times: user=0.01 sys=0.00, real=0.00 secs] 
366.329: Total time for which application threads were stopped: 0.0006560 seconds, Stopping threads took: 0.0000600 seconds
366.401: Application time: 0.0722610 seconds
366.401: [GC [PSYoungGen: 14336K->480K(15872K)] 39840K->25984K(51712K), 0.0005290 secs] [Times: user=0.00 sys=0.00, real=0.00 secs] 
366.402: Total time for which application threads were stopped: 0.0006650 seconds, Stopping threads took: 0.0000580 seconds
366.475: Application time: 0.0734960 seconds
366.475: [GC [PSYoungGen: 14304K->512K(15872K)] 39808K->26016K(51712K), 0.0005410 secs] [Times: user=0.00 sys=0.00, real=0.00 secs] 
366.476: Total time for which application threads were stopped: 0.0006700 seconds, Stopping threads took: 0.0000500 seconds
366.550: Application time: 0.0746730 seconds
366.550: [GC [PSYoungGen: 14336K->512K(15872K)] 39840K->26016K(51712K), 0.0005500 secs] [Times: user=0.00 sys=0.00, real=0.00 secs] 
366.551: Total time for which application threads were stopped: 0.0007000 seconds, Stopping threads took: 0.0000570 seconds
366.624: Application time: 0.0733140 seconds
366.624: [GC [PSYoungGen: 14336K->512K(15872K)] 39840K->26024K(51712K), 0.0005620 secs] [Times: user=0.01 sys=0.00, real=0.00 secs] 
366.625: Total time for which application threads were stopped: 0.0007220 seconds, Stopping threads took: 0.0000830 seconds
366.699: Application time: 0.0741850 seconds
366.699: [GC [PSYoungGen: 14336K->496K(15872K)] 39848K->26008K(51712K), 0.0005470 secs] [Times: user=0.00 sys=0.00, real=0.00 secs] 
366.700: Total time for which application threads were stopped: 0.0006790 seconds, Stopping threads took: 0.0000560 seconds
366.774: Application time: 0.0739680 seconds
366.774: [GC [PSYoungGen: 14320K->496K(15872K)] 39832K->26016K(51712K), 0.0005530 secs] [Times: user=0.00 sys=0.00, real=0.00 secs] 
366.775: Total time for which application threads were stopped: 0.0006870 seconds, Stopping threads took: 0.0000560 seconds
366.849: Application time: 0.0742570 seconds
366.849: [GC [PSYoungGen: 14320K->512K(15872K)] 39840K->26032K(51712K), 0.0005550 secs] [Times: user=0.00 sys=0.00, real=0.00 secs] 
366.850: Total time for which application threads were stopped: 0.0006890 seconds, Stopping threads took: 0.0000550 seconds
366.923: Application time: 0.0736420 seconds
366.923: [GC [PSYoungGen: 14336K->528K(15872K)] 39856K->26048K(51712K), 0.0005610 secs] [Times: user=0.00 sys=0.00, real=0.00 secs] 
366.924: Total time for which application threads were stopped: 0.0006890 seconds, Stopping threads took: 0.0000530 seconds
366.997: Application time: 0.0731860 seconds
366.997: [GC [PSYoungGen: 14352K->480K(15872K)] 39872K->26016K(51712K), 0.0005900 secs] [Times: user=0.00 sys=0.00, real=0.00 secs] 
366.998: Total time for which application threads were stopped: 0.0007310 seconds, Stopping threads took: 0.0000620 seconds
367.072: Application time: 0.0741420 seconds
367.072: [GC [PSYoungGen: 14304K->496K(15872K)] 39840K->26032K(51712K), 0.0005300 secs] [Times: user=0.00 sys=0.00, real=0.00 secs] 
367.073: Total time for which application threads were stopped: 0.0006800 seconds, Stopping threads took: 0.0000650 seconds
367.145: Application time: 0.0719620 seconds
367.145: [GC [PSYoungGen: 14320K->496K(15872K)] 39856K->26032K(51712K), 0.0005100 secs] [Times: user=0.00 sys=0.00, real=0.00 secs] 
367.145: Total time for which application threads were stopped: 0.0006450 seconds, Stopping threads took: 0.0000590 seconds
367.218: Application time: 0.0732230 seconds
367.219: [GC [PSYoungGen: 14320K->480K(15872K)] 39856K->26016K(51712K), 0.0005760 secs] [Times: user=0.01 sys=0.00, real=0.00 secs] 
367.219: Total time for which application threads were stopped: 0.0007130 seconds, Stopping threads took: 0.0000580 seconds
367.294: Application time: 0.0743970 seconds
367.294: [GC [PSYoungGen: 14304K->496K(15872K)] 39840K->26032K(51712K), 0.0006200 secs] [Times: user=0.00 sys=0.00, real=0.00 secs] 
367.294: Total time for which application threads were stopped: 0.0007640 seconds, Stopping threads took: 0.0000620 seconds
367.368: Application time: 0.0732120 seconds
367.368: [GC [PSYoungGen: 14320K->512K(15872K)] 39856K->26056K(51712K), 0.0005440 secs] [Times: user=0.00 sys=0.00, real=0.00 secs] 
367.368: Total time for which application threads were stopped: 0.0006760 seconds, Stopping threads took: 0.0000540 seconds
367.442: Application time: 0.0739030 seconds
367.442: [GC [PSYoungGen: 14336K->528K(15872K)] 39880K->26072K(51712K), 0.0006010 secs] [Times: user=0.00 sys=0.00, real=0.00 secs] 
367.443: Total time for which application threads were stopped: 0.0007390 seconds, Stopping threads took: 0.0000620 seconds
367.517: Application time: 0.0741070 seconds
367.517: [GC [PSYoungGen: 14352K->480K(15872K)] 39896K->26032K(51712K), 0.0005610 secs] [Times: user=0.00 sys=0.00, real=0.00 secs] 
367.518: Total time for which application threads were stopped: 0.0007110 seconds, Stopping threads took: 0.0000690 seconds
367.592: Application time: 0.0738060 seconds
367.592: [GC [PSYoungGen: 14304K->496K(15872K)] 39856K->26056K(51712K), 0.0005790 secs] [Times: user=0.00 sys=0.00, real=0.00 secs] 
367.592: Total time for which application threads were stopped: 0.0007390 seconds, Stopping threads took: 0.0000630 seconds
367.666: Application time: 0.0738430 seconds
367.666: [GC [PSYoungGen: 14320K->560K(15872K)] 39880K->26120K(51712K), 0.0005230 secs] [Times: user=0.01 sys=0.00, real=0.00 secs] 
367.667: Total time for which application threads were stopped: 0.0006720 seconds, Stopping threads took: 0.0000710 seconds
367.741: Application time: 0.0742950 seconds
367.741: [GC [PSYoungGen: 14384K->496K(15872K)] 39944K->26064K(51712K), 0.0005020 secs] [Times: user=0.00 sys=0.00, real=0.00 secs] 
367.742: Total time for which application threads were stopped: 0.0006360 seconds, Stopping threads took: 0.0000570 seconds
367.815: Application time: 0.0731750 seconds
367.815: [GC [PSYoungGen: 14320K->496K(15872K)] 39888K->26064K(51712K), 0.0005190 secs] [Times: user=0.00 sys=0.00, real=0.00 secs] 
367.816: Total time for which application threads were stopped: 0.0006630 seconds, Stopping threads took: 0.0000670 seconds
367.888: Application time: 0.0720730 seconds
367.888: [GC [PSYoungGen: 14320K->528K(15872K)] 39888K->26096K(51712K), 0.0005630 secs] [Times: user=0.00 sys=0.00, real=0.00 secs] 
367.888: Total time for which application threads were stopped: 0.0006950 seconds, Stopping threads took: 0.0000530 seconds
367.961: Application time: 0.0728700 seconds
367.961: [GC [PSYoungGen: 14352K->480K(15872K)] 39920K->26048K(51712K), 0.0006050 secs] [Times: user=0.00 sys=0.00, real=0.00 secs] 
367.962: Total time for which application threads were stopped: 0.0007410 seconds, Stopping threads took: 0.0000580 seconds
368.037: Application time: 0.0751390 seconds
368.037: [GC [PSYoungGen: 14304K->528K(15872K)] 39872K->26096K(51712K), 0.0007660 secs] [Times: user=0.01 sys=0.00, real=0.00 secs] 
368.038: Total time for which application threads were stopped: 0.0008950 seconds, Stopping threads took: 0.0000520 seconds
368.112: Application time: 0.0742270 seconds
368.112: [GC [PSYoungGen: 14352K->496K(15872K)] 39920K->26072K(51712K), 0.0005250 secs] [Times: user=0.00 sys=0.00, real=0.00 secs] 
368.113: Total time for which application threads were stopped: 0.0006810 seconds, Stopping threads took: 0.0000640 seconds
368.186: Application time: 0.0735080 seconds
368.187: [GC [PSYoungGen: 14320K->480K(15872K)] 39896K->26056K(51712K), 0.0005460 secs] [Times: user=0.00 sys=0.00, real=0.00 secs] 
368.187: Total time for which application threads were stopped: 0.0007000 seconds, Stopping threads took: 0.0000740 seconds
368.261: Application time: 0.0743650 seconds
368.262: [GC [PSYoungGen: 14304K->448K(15872K)] 39880K->26032K(51712K), 0.0005590 secs] [Times: user=0.00 sys=0.00, real=0.00 secs] 
368.262: Total time for which application threads were stopped: 0.0006970 seconds, Stopping threads took: 0.0000600 seconds
368.336: Application time: 0.0737700 seconds
368.336: [GC [PSYoungGen: 14272K->544K(15872K)] 39856K->26144K(51712K), 0.0005160 secs] [Times: user=0.00 sys=0.00, real=0.00 secs] 
368.337: Total time for which application threads were stopped: 0.0006490 seconds, Stopping threads took: 0.0000560 seconds
368.410: Application time: 0.0738980 seconds
368.411: [GC [PSYoungGen: 14368K->496K(15872K)] 39968K->26096K(51712K), 0.0005140 secs] [Times: user=0.00 sys=0.00, real=0.00 secs] 
368.411: Total time for which application threads were stopped: 0.0006470 seconds, Stopping threads took: 0.0000570 seconds
368.485: Application time: 0.0737440 seconds
368.485: [GC [PSYoungGen: 14320K->496K(15872K)] 39920K->26104K(51712K), 0.0005480 secs] [Times: user=0.01 sys=0.00, real=0.01 secs] 
368.486: Total time for which application threads were stopped: 0.0006880 seconds, Stopping threads took: 0.0000640 seconds
368.558: Application time: 0.0729000 seconds
368.559: [GC [PSYoungGen: 14320K->512K(15872K)] 39928K->26120K(51712K), 0.0005640 secs] [Times: user=0.00 sys=0.00, real=0.00 secs] 
368.559: Total time for which application threads were stopped: 0.0007050 seconds, Stopping threads took: 0.0000600 seconds
368.632: Application time: 0.0730380 seconds
368.632: [GC [PSYoungGen: 14336K->528K(15872K)] 39944K->26136K(51712K), 0.0005300 secs] [Times: user=0.01 sys=0.00, real=0.00 secs] 
368.633: Total time for which application threads were stopped: 0.0006780 seconds, Stopping threads took: 0.0000620 seconds
368.705: Application time: 0.0726000 seconds
368.706: [GC [PSYoungGen: 14352K->512K(15872K)] 39960K->26120K(51712K), 0.0005320 secs] [Times: user=0.00 sys=0.00, real=0.00 secs] 
368.706: Total time for which application threads were stopped: 0.0006660 seconds, Stopping threads took: 0.0000560 seconds
368.781: Application time: 0.0743560 seconds
368.781: [GC [PSYoungGen: 14336K->512K(15872K)] 39944K->26120K(51712K), 0.0005270 secs] [Times: user=0.00 sys=0.00, real=0.00 secs] 
368.781: Total time for which application threads were stopped: 0.0006590 seconds, Stopping threads took: 0.0000520 seconds
368.855: Application time: 0.0738860 seconds
368.855: [GC [PSYoungGen: 14336K->512K(15872K)] 39944K->26144K(51712K), 0.0005470 secs] [Times: user=0.01 sys=0.00, real=0.00 secs] 
368.856: Total time for which application threads were stopped: 0.0006900 seconds, Stopping threads took: 0.0000600 seconds
368.929: Application time: 0.0736360 seconds
368.930: [GC [PSYoungGen: 14336K->496K(15872K)] 39968K->26136K(51712K), 0.0005380 secs] [Times: user=0.01 sys=0.00, real=0.00 secs] 
368.930: Total time for which application threads were stopped: 0.0006640 seconds, Stopping threads took: 0.0000520 seconds
369.004: Application time: 0.0739170 seconds
369.004: [GC [PSYoungGen: 14320K->528K(15872K)] 39960K->26176K(51712K), 0.0005220 secs] [Times: user=0.00 sys=0.00, real=0.00 secs] 
369.005: Total time for which application threads were stopped: 0.0006510 seconds, Stopping threads took: 0.0000510 seconds
369.079: Application time: 0.0739790 seconds
369.079: [GC [PSYoungGen: 14352K->512K(15872K)] 40000K->26176K(51712K), 0.0005750 secs] [Times: user=0.01 sys=0.00, real=0.00 secs] 
369.079: Total time for which application threads were stopped: 0.0007130 seconds, Stopping threads took: 0.0000630 seconds
369.153: Application time: 0.0739910 seconds
369.153: [GC [PSYoungGen: 14336K->496K(15872K)] 40000K->26160K(51712K), 0.0005770 secs] [Times: user=0.00 sys=0.00, real=0.00 secs] 
369.154: Total time for which application threads were stopped: 0.0007230 seconds, Stopping threads took: 0.0000530 seconds
369.228: Application time: 0.0742440 seconds
369.228: [GC [PSYoungGen: 14320K->496K(15872K)] 39984K->26160K(51712K), 0.0005470 secs] [Times: user=0.01 sys=0.00, real=0.00 secs] 
369.229: Total time for which application threads were stopped: 0.0006860 seconds, Stopping threads took: 0.0000620 seconds
369.302: Application time: 0.0727170 seconds
369.302: [GC [PSYoungGen: 14320K->480K(15872K)] 39984K->26152K(51712K), 0.0005640 secs] [Times: user=0.00 sys=0.00, real=0.00 secs] 
369.302: Total time for which application threads were stopped: 0.0006980 seconds, Stopping threads took: 0.0000550 seconds
369.376: Application time: 0.0734610 seconds
369.376: [GC [PSYoungGen: 14304K->496K(15872K)] 39976K->26168K(51712K), 0.0005840 secs] [Times: user=0.01 sys=0.00, real=0.00 secs] 
369.377: Total time for which application threads were stopped: 0.0007210 seconds, Stopping threads took: 0.0000570 seconds
369.448: Application time: 0.0716560 seconds
369.448: [GC [PSYoungGen: 14320K->512K(15872K)] 39992K->26184K(51712K), 0.0005230 secs] [Times: user=0.00 sys=0.00, real=0.00 secs] 
369.449: Total time for which application threads were stopped: 0.0006600 seconds, Stopping threads took: 0.0000570 seconds
369.527: Application time: 0.0780460 seconds
369.527: [GC [PSYoungGen: 14336K->464K(15872K)] 40008K->26136K(51712K), 0.0005660 secs] [Times: user=0.00 sys=0.00, real=0.00 secs] 
369.529: Total time for which application threads were stopped: 0.0016440 seconds, Stopping threads took: 0.0000470 seconds
369.603: Application time: 0.0739260 seconds
369.603: [GC [PSYoungGen: 14288K->528K(15872K)] 39960K->26200K(51712K), 0.0005870 secs] [Times: user=0.00 sys=0.00, real=0.00 secs] 
369.603: Total time for which application threads were stopped: 0.0007380 seconds, Stopping threads took: 0.0000620 seconds
369.676: Application time: 0.0731440 seconds
369.677: [GC [PSYoungGen: 14352K->512K(15872K)] 40024K->26192K(51712K), 0.0005250 secs] [Times: user=0.00 sys=0.00, real=0.00 secs] 
369.677: Total time for which application threads were stopped: 0.0006850 seconds, Stopping threads took: 0.0000720 seconds
369.751: Application time: 0.0737380 seconds
369.751: [GC [PSYoungGen: 14336K->496K(15872K)] 40016K->26184K(51712K), 0.0005580 secs] [Times: user=0.00 sys=0.00, real=0.00 secs] 
369.752: Total time for which application threads were stopped: 0.0006930 seconds, Stopping threads took: 0.0000540 seconds
369.825: Application time: 0.0735300 seconds
369.825: [GC [PSYoungGen: 14320K->512K(15872K)] 40008K->26208K(51712K), 0.0005920 secs] [Times: user=0.00 sys=0.00, real=0.01 secs] 
369.826: Total time for which application threads were stopped: 0.0007300 seconds, Stopping threads took: 0.0000580 seconds
369.900: Application time: 0.0740900 seconds
369.900: [GC [PSYoungGen: 14336K->512K(15872K)] 40032K->26208K(51712K), 0.0005320 secs] [Times: user=0.00 sys=0.00, real=0.00 secs] 
369.901: Total time for which application threads were stopped: 0.0006680 seconds, Stopping threads took: 0.0000610 seconds
369.975: Application time: 0.0742290 seconds
369.975: [GC [PSYoungGen: 14336K->544K(15872K)] 40032K->26240K(51712K), 0.0005880 secs] [Times: user=0.00 sys=0.00, real=0.00 secs] 
369.976: Total time for which application threads were stopped: 0.0007360 seconds, Stopping threads took: 0.0000690 seconds
370.048: Application time: 0.0725130 seconds
370.048: [GC [PSYoungGen: 14368K->512K(15872K)] 40064K->26216K(51712K), 0.0005800 secs] [Times: user=0.00 sys=0.00, real=0.00 secs] 
370.049: Total time for which application threads were stopped: 0.0007140 seconds, Stopping threads took: 0.0000520 seconds
370.123: Application time: 0.0739260 seconds
370.123: [GC [PSYoungGen: 14336K->496K(15872K)] 40040K->26200K(51712K), 0.0005300 secs] [Times: user=0.00 sys=0.00, real=0.00 secs] 
370.123: Total time for which application threads were stopped: 0.0006680 seconds, Stopping threads took: 0.0000640 seconds
370.195: Application time: 0.0716120 seconds
370.195: [GC [PSYoungGen: 14320K->464K(15872K)] 40024K->26168K(51712K), 0.0005270 secs] [Times: user=0.00 sys=0.00, real=0.00 secs] 
370.196: Total time for which application threads were stopped: 0.0006550 seconds, Stopping threads took: 0.0000420 seconds
370.270: Application time: 0.0740020 seconds
370.270: [GC [PSYoungGen: 14288K->496K(15872K)] 39992K->26200K(51712K), 0.0005280 secs] [Times: user=0.00 sys=0.00, real=0.00 secs] 
370.270: Total time for which application threads were stopped: 0.0006640 seconds, Stopping threads took: 0.0000570 seconds
370.345: Application time: 0.0742540 seconds
370.345: [GC [PSYoungGen: 14320K->496K(15872K)] 40024K->26200K(51712K), 0.0005250 secs] [Times: user=0.00 sys=0.00, real=0.00 secs] 
370.345: Total time for which application threads were stopped: 0.0006600 seconds, Stopping threads took: 0.0000560 seconds
370.418: Application time: 0.0732780 seconds
370.419: [GC [PSYoungGen: 14320K->528K(15872K)] 40024K->26240K(51712K), 0.0005990 secs] [Times: user=0.00 sys=0.00, real=0.00 secs] 
370.419: Total time for which application threads were stopped: 0.0007320 seconds, Stopping threads took: 0.0000590 seconds
370.493: Application time: 0.0742270 seconds
370.494: [GC [PSYoungGen: 14352K->528K(15872K)] 40064K->26248K(51712K), 0.0005280 secs] [Times: user=0.00 sys=0.00, real=0.00 secs] 
370.494: Total time for which application threads were stopped: 0.0006590 seconds, Stopping threads took: 0.0000550 seconds
370.567: Application time: 0.0733540 seconds
370.568: [GC [PSYoungGen: 14352K->480K(15872K)] 40072K->26208K(51712K), 0.0005710 secs] [Times: user=0.00 sys=0.00, real=0.00 secs] 
370.568: Total time for which application threads were stopped: 0.0007010 seconds, Stopping threads took: 0.0000530 seconds
370.643: Application time: 0.0743540 seconds
370.643: [GC [PSYoungGen: 14304K->480K(15872K)] 40032K->26208K(51712K), 0.0006560 secs] [Times: user=0.00 sys=0.00, real=0.00 secs] 
370.643: Total time for which application threads were stopped: 0.0007790 seconds, Stopping threads took: 0.0000440 seconds
370.718: Application time: 0.0744850 seconds
370.718: [GC [PSYoungGen: 14304K->496K(15872K)] 40032K->26224K(51712K), 0.0005230 secs] [Times: user=0.01 sys=0.00, real=0.00 secs] 
370.718: Total time for which application threads were stopped: 0.0006620 seconds, Stopping threads took: 0.0000570 seconds
370.792: Application time: 0.0738320 seconds
370.792: [GC [PSYoungGen: 14320K->544K(15872K)] 40048K->26280K(51712K), 0.0005540 secs] [Times: user=0.00 sys=0.00, real=0.00 secs] 
370.793: Total time for which application threads were stopped: 0.0006960 seconds, Stopping threads took: 0.0000600 seconds
370.866: Application time: 0.0735140 seconds
370.867: [GC [PSYoungGen: 14368K->480K(15872K)] 40104K->26216K(51712K), 0.0005660 secs] [Times: user=0.00 sys=0.00, real=0.00 secs] 
370.867: Total time for which application threads were stopped: 0.0006990 seconds, Stopping threads took: 0.0000510 seconds
370.940: Application time: 0.0725400 seconds
370.940: [GC [PSYoungGen: 14304K->496K(15872K)] 40040K->26232K(51712K), 0.0005630 secs] [Times: user=0.01 sys=0.00, real=0.00 secs] 
370.940: Total time for which application threads were stopped: 0.0007110 seconds, Stopping threads took: 0.0000640 seconds
371.013: Application time: 0.0729780 seconds
371.017: [GC [PSYoungGen: 14320K->528K(15872K)] 40056K->26264K(51712K), 0.0006930 secs] [Times: user=0.00 sys=0.00, real=0.00 secs] 
371.018: Total time for which application threads were stopped: 0.0046810 seconds, Stopping threads took: 0.0039030 seconds
371.092: Application time: 0.0743270 seconds
371.093: [GC [PSYoungGen: 14352K->528K(15872K)] 40088K->26264K(51712K), 0.0005710 secs] [Times: user=0.00 sys=0.00, real=0.00 secs] 
371.093: Total time for which application threads were stopped: 0.0006960 seconds, Stopping threads took: 0.0000490 seconds
371.167: Application time: 0.0736160 seconds
371.167: [GC [PSYoungGen: 14352K->512K(15872K)] 40088K->26256K(51712K), 0.0005640 secs] [Times: user=0.00 sys=0.00, real=0.00 secs] 
371.167: Total time for which application threads were stopped: 0.0007050 seconds, Stopping threads took: 0.0000650 seconds
371.241: Application time: 0.0739310 seconds
371.242: [GC [PSYoungGen: 14336K->496K(15872K)] 40080K->26240K(51712K), 0.0007190 secs] [Times: user=0.00 sys=0.00, real=0.00 secs] 
371.242: Total time for which application threads were stopped: 0.0009740 seconds, Stopping threads took: 0.0001470 seconds
371.316: Application time: 0.0738630 seconds
371.316: [GC [PSYoungGen: 14320K->480K(15872K)] 40064K->26232K(51712K), 0.0005580 secs] [Times: user=0.01 sys=0.00, real=0.00 secs] 
371.317: Total time for which application threads were stopped: 0.0006980 seconds, Stopping threads took: 0.0000550 seconds
371.391: Application time: 0.0742380 seconds
371.391: [GC [PSYoungGen: 14304K->512K(15872K)] 40056K->26264K(51712K), 0.0005820 secs] [Times: user=0.00 sys=0.00, real=0.00 secs] 
371.392: Total time for which application threads were stopped: 0.0007150 seconds, Stopping threads took: 0.0000540 seconds
371.466: Application time: 0.0738450 seconds
371.466: [GC [PSYoungGen: 14336K->480K(15872K)] 40088K->26232K(51712K), 0.0005270 secs] [Times: user=0.01 sys=0.00, real=0.00 secs] 
371.466: Total time for which application threads were stopped: 0.0006690 seconds, Stopping threads took: 0.0000620 seconds
371.540: Application time: 0.0738460 seconds
371.540: [GC [PSYoungGen: 14304K->480K(15872K)] 40056K->26240K(51712K), 0.0005850 secs] [Times: user=0.00 sys=0.00, real=0.00 secs] 
371.541: Total time for which application threads were stopped: 0.0007290 seconds, Stopping threads took: 0.0000620 seconds
371.614: Application time: 0.0730470 seconds
371.614: [GC [PSYoungGen: 14304K->496K(15872K)] 40064K->26256K(51712K), 0.0005670 secs] [Times: user=0.01 sys=0.00, real=0.00 secs] 
371.615: Total time for which application threads were stopped: 0.0006980 seconds, Stopping threads took: 0.0000540 seconds
371.688: Application time: 0.0729020 seconds
371.688: [GC [PSYoungGen: 14320K->512K(15872K)] 40080K->26272K(51712K), 0.0005730 secs] [Times: user=0.00 sys=0.00, real=0.00 secs] 
371.688: Total time for which application threads were stopped: 0.0007220 seconds, Stopping threads took: 0.0000720 seconds
371.761: Application time: 0.0724960 seconds
371.761: [GC [PSYoungGen: 14336K->528K(15872K)] 40096K->26288K(51712K), 0.0005840 secs] [Times: user=0.00 sys=0.00, real=0.00 secs] 
371.762: Total time for which application threads were stopped: 0.0007360 seconds, Stopping threads took: 0.0000640 seconds
371.836: Application time: 0.0739360 seconds
371.836: [GC [PSYoungGen: 14352K->448K(15872K)] 40112K->26208K(51712K), 0.0005660 secs] [Times: user=0.00 sys=0.00, real=0.00 secs] 
371.836: Total time for which application threads were stopped: 0.0007020 seconds, Stopping threads took: 0.0000590 seconds
371.910: Application time: 0.0736180 seconds
371.910: [GC [PSYoungGen: 14272K->496K(15872K)] 40032K->26264K(51712K), 0.0005380 secs] [Times: user=0.00 sys=0.00, real=0.00 secs] 
371.911: Total time for which application threads were stopped: 0.0006810 seconds, Stopping threads took: 0.0000640 seconds
371.984: Application time: 0.0737630 seconds
371.984: [GC [PSYoungGen: 14320K->512K(15872K)] 40088K->26288K(51712K), 0.0005390 secs] [Times: user=0.00 sys=0.00, real=0.00 secs] 
371.985: Total time for which application threads were stopped: 0.0006830 seconds, Stopping threads took: 0.0000650 seconds
372.059: Application time: 0.0738210 seconds
372.059: [GC [PSYoungGen: 14336K->512K(15872K)] 40112K->26296K(51712K), 0.0005110 secs] [Times: user=0.01 sys=0.00, real=0.00 secs] 
372.059: Total time for which application threads were stopped: 0.0006380 seconds, Stopping threads took: 0.0000500 seconds
372.133: Application time: 0.0737420 seconds
372.133: [GC [PSYoungGen: 14336K->480K(15872K)] 40120K->26272K(51712K), 0.0005810 secs] [Times: user=0.00 sys=0.00, real=0.00 secs] 
372.134: Total time for which application threads were stopped: 0.0007250 seconds, Stopping threads took: 0.0000600 seconds
372.208: Application time: 0.0740830 seconds
372.208: [GC [PSYoungGen: 14304K->528K(15872K)] 40096K->26320K(51712K), 0.0005690 secs] [Times: user=0.00 sys=0.00, real=0.00 secs] 
372.209: Total time for which application threads were stopped: 0.0007040 seconds, Stopping threads took: 0.0000550 seconds
372.283: Application time: 0.0738610 seconds
372.283: [GC [PSYoungGen: 14352K->480K(15872K)] 40144K->26280K(51712K), 0.0005110 secs] [Times: user=0.00 sys=0.00, real=0.00 secs] 
372.283: Total time for which application threads were stopped: 0.0006660 seconds, Stopping threads took: 0.0000710 seconds
372.356: Application time: 0.0729860 seconds
372.356: [GC [PSYoungGen: 14304K->512K(15872K)] 40104K->26312K(51712K), 0.0005410 secs] [Times: user=0.00 sys=0.00, real=0.00 secs] 
372.357: Total time for which application threads were stopped: 0.0006800 seconds, Stopping threads took: 0.0000560 seconds
372.429: Application time: 0.0721610 seconds
372.429: [GC [PSYoungGen: 14336K->496K(15872K)] 40136K->26296K(51712K), 0.0005390 secs] [Times: user=0.00 sys=0.00, real=0.00 secs] 
372.430: Total time for which application threads were stopped: 0.0006680 seconds, Stopping threads took: 0.0000540 seconds
372.503: Application time: 0.0727810 seconds
372.503: [GC [PSYoungGen: 14320K->512K(15872K)] 40120K->26312K(51712K), 0.0006080 secs] [Times: user=0.00 sys=0.00, real=0.00 secs] 
372.503: Total time for which application threads were stopped: 0.0007480 seconds, Stopping threads took: 0.0000600 seconds
372.578: Application time: 0.0749630 seconds
372.578: [GC [PSYoungGen: 14336K->512K(15872K)] 40136K->26312K(51712K), 0.0005610 secs] [Times: user=0.01 sys=0.00, real=0.00 secs] 
372.579: Total time for which application threads were stopped: 0.0006920 seconds, Stopping threads took: 0.0000510 seconds
372.653: Application time: 0.0740800 seconds
372.653: [GC [PSYoungGen: 14336K->528K(15872K)] 40136K->26328K(51712K), 0.0005720 secs] [Times: user=0.00 sys=0.00, real=0.01 secs] 
372.654: Total time for which application threads were stopped: 0.0007080 seconds, Stopping threads took: 0.0000500 seconds
372.727: Application time: 0.0731650 seconds
372.727: [GC [PSYoungGen: 14352K->512K(15872K)] 40152K->26320K(51712K), 0.0005300 secs] [Times: user=0.00 sys=0.00, real=0.00 secs] 
372.728: Total time for which application threads were stopped: 0.0006620 seconds, Stopping threads took: 0.0000510 seconds
372.802: Application time: 0.0741120 seconds
372.802: [GC [PSYoungGen: 14336K->512K(15872K)] 40144K->26328K(51712K), 0.0005500 secs] [Times: user=0.00 sys=0.00, real=0.00 secs] 
372.802: Total time for which application threads were stopped: 0.0006890 seconds, Stopping threads took: 0.0000520 seconds
372.876: Application time: 0.0735540 seconds
372.876: [GC [PSYoungGen: 14336K->496K(15872K)] 40152K->26320K(51712K), 0.0005790 secs] [Times: user=0.00 sys=0.00, real=0.00 secs] 
372.877: Total time for which application threads were stopped: 0.0007450 seconds, Stopping threads took: 0.0000870 seconds
372.951: Application time: 0.0740140 seconds
372.951: [GC [PSYoungGen: 14320K->512K(15872K)] 40144K->26336K(51712K), 0.0005270 secs] [Times: user=0.01 sys=0.00, real=0.00 secs] 
372.951: Total time for which application threads were stopped: 0.0006770 seconds, Stopping threads took: 0.0000660 seconds
373.026: Application time: 0.0742580 seconds
373.026: [GC [PSYoungGen: 14336K->496K(15872K)] 40160K->26328K(51712K), 0.0005300 secs] [Times: user=0.00 sys=0.00, real=0.00 secs] 
373.026: Total time for which application threads were stopped: 0.0006670 seconds, Stopping threads took: 0.0000590 seconds
373.099: Application time: 0.0730880 seconds
373.099: [GC [PSYoungGen: 14320K->496K(15872K)] 40152K->26328K(51712K), 0.0005250 secs] [Times: user=0.00 sys=0.00, real=0.00 secs] 
373.100: Total time for which application threads were stopped: 0.0006460 seconds, Stopping threads took: 0.0000450 seconds
373.173: Application time: 0.0729760 seconds
373.173: [GC [PSYoungGen: 14320K->480K(15872K)] 40152K->26312K(51712K), 0.0005850 secs] [Times: user=0.01 sys=0.00, real=0.01 secs] 
373.174: Total time for which application threads were stopped: 0.0007240 seconds, Stopping threads took: 0.0000580 seconds
373.246: Application time: 0.0721630 seconds
373.246: [GC [PSYoungGen: 14304K->432K(15872K)] 40136K->26264K(51712K), 0.0005070 secs] [Times: user=0.00 sys=0.00, real=0.00 secs] 
373.247: Total time for which application threads were stopped: 0.0006410 seconds, Stopping threads took: 0.0000570 seconds
373.321: Application time: 0.0742010 seconds
373.321: [GC [PSYoungGen: 14256K->528K(15872K)] 40088K->26360K(51712K), 0.0005590 secs] [Times: user=0.00 sys=0.00, real=0.00 secs] 
373.321: Total time for which application threads were stopped: 0.0007120 seconds, Stopping threads took: 0.0000660 seconds
373.395: Application time: 0.0736080 seconds
373.395: [GC [PSYoungGen: 14352K->496K(15872K)] 40184K->26328K(51712K), 0.0005820 secs] [Times: user=0.00 sys=0.00, real=0.00 secs] 
373.396: Total time for which application threads were stopped: 0.0007190 seconds, Stopping threads took: 0.0000590 seconds
373.469: Application time: 0.0736190 seconds
373.470: [GC [PSYoungGen: 14320K->496K(15872K)] 40152K->26336K(51712K), 0.0005450 secs] [Times: user=0.00 sys=0.00, real=0.00 secs] 
373.470: Total time for which application threads were stopped: 0.0006880 seconds, Stopping threads took: 0.0000640 seconds
373.544: Application time: 0.0738560 seconds
373.544: [GC [PSYoungGen: 14320K->464K(15872K)] 40160K->26328K(51712K), 0.0005710 secs] [Times: user=0.00 sys=0.00, real=0.00 secs] 
373.545: Total time for which application threads were stopped: 0.0007010 seconds, Stopping threads took: 0.0000520 seconds
373.618: Application time: 0.0731890 seconds
373.618: [GC [PSYoungGen: 14288K->512K(15872K)] 40152K->26384K(51712K), 0.0005650 secs] [Times: user=0.01 sys=0.00, real=0.00 secs] 
373.619: Total time for which application threads were stopped: 0.0007010 seconds, Stopping threads took: 0.0000580 seconds
373.693: Application time: 0.0743800 seconds
373.701: [GC [PSYoungGen: 14336K->432K(15872K)] 40208K->26304K(51712K), 0.0005450 secs] [Times: user=0.00 sys=0.00, real=0.00 secs] 
373.702: Total time for which application threads were stopped: 0.0086490 seconds, Stopping threads took: 0.0080260 seconds
373.775: Application time: 0.0738800 seconds
373.776: [GC [PSYoungGen: 14256K->496K(15872K)] 40128K->26368K(51712K), 0.0005510 secs] [Times: user=0.00 sys=0.00, real=0.00 secs] 
373.776: Total time for which application threads were stopped: 0.0006900 seconds, Stopping threads took: 0.0000620 seconds
373.849: Application time: 0.0731770 seconds
373.849: [GC [PSYoungGen: 14320K->496K(15872K)] 40192K->26376K(51712K), 0.0005150 secs] [Times: user=0.00 sys=0.00, real=0.00 secs] 
373.850: Total time for which application threads were stopped: 0.0006520 seconds, Stopping threads took: 0.0000460 seconds
373.924: Application time: 0.0738380 seconds
373.924: [GC [PSYoungGen: 14320K->496K(15872K)] 40200K->26376K(51712K), 0.0005040 secs] [Times: user=0.00 sys=0.00, real=0.00 secs] 
373.924: Total time for which application threads were stopped: 0.0006270 seconds, Stopping threads took: 0.0000450 seconds
373.996: Application time: 0.0716930 seconds
373.996: [GC [PSYoungGen: 14320K->496K(15872K)] 40200K->26376K(51712K), 0.0006250 secs] [Times: user=0.00 sys=0.00, real=0.00 secs] 
373.997: Total time for which application threads were stopped: 0.0007700 seconds, Stopping threads took: 0.0000660 seconds
374.072: Application time: 0.0748190 seconds
374.072: [GC [PSYoungGen: 14320K->496K(15872K)] 40200K->26376K(51712K), 0.0005110 secs] [Times: user=0.01 sys=0.00, real=0.00 secs] 
374.072: Total time for which application threads were stopped: 0.0006410 seconds, Stopping threads took: 0.0000490 seconds
374.147: Application time: 0.0742840 seconds
374.147: [GC [PSYoungGen: 14320K->512K(15872K)] 40200K->26392K(51712K), 0.0005360 secs] [Times: user=0.00 sys=0.00, real=0.00 secs] 
374.147: Total time for which application threads were stopped: 0.0006770 seconds, Stopping threads took: 0.0000580 seconds
374.220: Application time: 0.0731550 seconds
374.221: [GC [PSYoungGen: 14336K->512K(15872K)] 40216K->26400K(51712K), 0.0005790 secs] [Times: user=0.01 sys=0.00, real=0.00 secs] 
374.221: Total time for which application threads were stopped: 0.0007160 seconds, Stopping threads took: 0.0000620 seconds
374.295: Application time: 0.0742050 seconds
374.296: [GC [PSYoungGen: 14336K->528K(15872K)] 40224K->26424K(51712K), 0.0005450 secs] [Times: user=0.00 sys=0.00, real=0.00 secs] 
374.296: Total time for which application threads were stopped: 0.0006970 seconds, Stopping threads took: 0.0000720 seconds
374.370: Application time: 0.0736920 seconds
374.370: [GC [PSYoungGen: 14352K->512K(15872K)] 40248K->26416K(51712K), 0.0005410 secs] [Times: user=0.00 sys=0.00, real=0.00 secs] 
374.371: Total time for which application threads were stopped: 0.0006960 seconds, Stopping threads took: 0.0000680 seconds
374.444: Application time: 0.0738130 seconds
374.444: [GC [PSYoungGen: 14336K->560K(15872K)] 40240K->26464K(51712K), 0.0006200 secs] [Times: user=0.00 sys=0.00, real=0.00 secs] 
374.445: Total time for which application threads were stopped: 0.0007570 seconds, Stopping threads took: 0.0000560 seconds
374.519: Application time: 0.0744050 seconds
374.520: [GC [PSYoungGen: 14384K->496K(15872K)] 40288K->26400K(51712K), 0.0005490 secs] [Times: user=0.00 sys=0.00, real=0.00 secs] 
374.520: Total time for which application threads were stopped: 0.0006850 seconds, Stopping threads took: 0.0000550 seconds
374.593: Application time: 0.0731120 seconds
374.593: [GC [PSYoungGen: 14320K->528K(15872K)] 40224K->26440K(51712K), 0.0005670 secs] [Times: user=0.00 sys=0.00, real=0.00 secs] 
374.595: Total time for which application threads were stopped: 0.0016630 seconds, Stopping threads took: 0.0000630 seconds
374.669: Application time: 0.0742780 seconds
374.669: [GC [PSYoungGen: 14352K->432K(15872K)] 40264K->26344K(51712K), 0.0005270 secs] [Times: user=0.00 sys=0.00, real=0.00 secs] 
374.670: Total time for which application threads were stopped: 0.0006700 seconds, Stopping threads took: 0.0000580 seconds
374.743: Application time: 0.0729130 seconds
374.743: [GC [PSYoungGen: 14256K->512K(15872K)] 40168K->26424K(51712K), 0.0005600 secs] [Times: user=0.00 sys=0.00, real=0.00 secs] 
374.744: Total time for which application threads were stopped: 0.0008490 seconds, Stopping threads took: 0.0002140 seconds
374.817: Application time: 0.0735620 seconds
374.817: [GC [PSYoungGen: 14336K->512K(15872K)] 40248K->26424K(51712K), 0.0005750 secs] [Times: user=0.00 sys=0.00, real=0.00 secs] 
374.818: Total time for which application threads were stopped: 0.0007360 seconds, Stopping threads took: 0.0000800 seconds
374.892: Application time: 0.0744770 seconds
374.893: [GC [PSYoungGen: 14336K->512K(15872K)] 40248K->26424K(51712K), 0.0006050 secs] [Times: user=0.00 sys=0.00, real=0.00 secs] 
374.893: Total time for which application threads were stopped: 0.0007520 seconds, Stopping threads took: 0.0000530 seconds
374.967: Application time: 0.0733080 seconds
374.967: [GC [PSYoungGen: 14336K->464K(15872K)] 40248K->26384K(51712K), 0.0006560 secs] [Times: user=0.00 sys=0.00, real=0.00 secs] 
374.967: Total time for which application threads were stopped: 0.0007980 seconds, Stopping threads took: 0.0000620 seconds
375.042: Application time: 0.0743660 seconds
375.042: [GC [PSYoungGen: 14288K->480K(15872K)] 40208K->26400K(51712K), 0.0006230 secs] [Times: user=0.00 sys=0.00, real=0.00 secs] 
375.042: Total time for which application threads were stopped: 0.0007780 seconds, Stopping threads took: 0.0000770 seconds
375.116: Application time: 0.0736060 seconds
375.116: [GC [PSYoungGen: 14304K->512K(15872K)] 40224K->26440K(51712K), 0.0005410 secs] [Times: user=0.01 sys=0.00, real=0.00 secs] 
375.117: Total time for which application threads were stopped: 0.0006710 seconds, Stopping threads took: 0.0000520 seconds
375.190: Application time: 0.0735930 seconds
375.190: [GC [PSYoungGen: 14336K->512K(15872K)] 40264K->26440K(51712K), 0.0005320 secs] [Times: user=0.01 sys=0.00, real=0.00 secs] 
375.191: Total time for which application threads were stopped: 0.0006650 seconds, Stopping threads took: 0.0000580 seconds
375.266: Application time: 0.0746460 seconds
375.266: [GC [PSYoungGen: 14336K->480K(15872K)] 40264K->26408K(51712K), 0.0005170 secs] [Times: user=0.00 sys=0.00, real=0.00 secs] 
375.266: Total time for which application threads were stopped: 0.0006480 seconds, Stopping threads took: 0.0000560 seconds
375.340: Application time: 0.0733860 seconds
375.340: [GC [PSYoungGen: 14304K->464K(15872K)] 40232K->26400K(51712K), 0.0005220 secs] [Times: user=0.00 sys=0.00, real=0.00 secs] 
375.340: Total time for which application threads were stopped: 0.0006570 seconds, Stopping threads took: 0.0000590 seconds
375.414: Application time: 0.0732710 seconds
375.414: [GC [PSYoungGen: 14288K->512K(15872K)] 40224K->26448K(51712K), 0.0005300 secs] [Times: user=0.00 sys=0.00, real=0.00 secs] 
375.414: Total time for which application threads were stopped: 0.0006700 seconds, Stopping threads took: 0.0000540 seconds
375.487: Application time: 0.0727930 seconds
375.487: [GC [PSYoungGen: 14336K->480K(15872K)] 40272K->26416K(51712K), 0.0005670 secs] [Times: user=0.00 sys=0.00, real=0.00 secs] 
375.488: Total time for which application threads were stopped: 0.0007110 seconds, Stopping threads took: 0.0000660 seconds
375.562: Application time: 0.0737850 seconds
375.562: [GC [PSYoungGen: 14304K->528K(15872K)] 40240K->26464K(51712K), 0.0005150 secs] [Times: user=0.00 sys=0.00, real=0.00 secs] 
375.562: Total time for which application threads were stopped: 0.0006560 seconds, Stopping threads took: 0.0000660 seconds
375.636: Application time: 0.0740140 seconds
375.636: [GC [PSYoungGen: 14352K->464K(15872K)] 40288K->26400K(51712K), 0.0005980 secs] [Times: user=0.01 sys=0.00, real=0.00 secs] 
375.637: Total time for which application threads were stopped: 0.0007330 seconds, Stopping threads took: 0.0000580 seconds
375.710: Application time: 0.0734970 seconds
375.711: [GC [PSYoungGen: 14288K->512K(15872K)] 40224K->26456K(51712K), 0.0005190 secs] [Times: user=0.01 sys=0.00, real=0.00 secs] 
375.711: Total time for which application threads were stopped: 0.0006570 seconds, Stopping threads took: 0.0000580 seconds
375.785: Application time: 0.0741550 seconds
375.785: [GC [PSYoungGen: 14336K->496K(15872K)] 40280K->26440K(51712K), 0.0005500 secs] [Times: user=0.00 sys=0.00, real=0.00 secs] 
375.786: Total time for which application threads were stopped: 0.0006790 seconds, Stopping threads took: 0.0000510 seconds
375.860: Application time: 0.0737940 seconds
375.860: [GC [PSYoungGen: 14320K->512K(15872K)] 40264K->26480K(51712K), 0.0005310 secs] [Times: user=0.00 sys=0.00, real=0.00 secs] 
375.860: Total time for which application threads were stopped: 0.0006600 seconds, Stopping threads took: 0.0000540 seconds
375.934: Application time: 0.0738220 seconds
375.934: [GC [PSYoungGen: 14336K->512K(15872K)] 40304K->26488K(51712K), 0.0005440 secs] [Times: user=0.01 sys=0.00, real=0.00 secs] 
375.935: Total time for which application threads were stopped: 0.0006940 seconds, Stopping threads took: 0.0000590 seconds
376.009: Application time: 0.0744580 seconds
376.010: [GC [PSYoungGen: 14336K->496K(15872K)] 40312K->26472K(51712K), 0.0005650 secs] [Times: user=0.00 sys=0.00, real=0.00 secs] 
376.010: Total time for which application threads were stopped: 0.0006960 seconds, Stopping threads took: 0.0000540 seconds
376.084: Application time: 0.0739050 seconds
376.084: [GC [PSYoungGen: 14320K->464K(15872K)] 40296K->26448K(51712K), 0.0005400 secs] [Times: user=0.00 sys=0.00, real=0.00 secs] 
376.085: Total time for which application threads were stopped: 0.0006700 seconds, Stopping threads took: 0.0000530 seconds
376.158: Application time: 0.0730650 seconds
376.158: [GC [PSYoungGen: 14288K->496K(15872K)] 40272K->26480K(51712K), 0.0005300 secs] [Times: user=0.01 sys=0.00, real=0.00 secs] 
376.158: Total time for which application threads were stopped: 0.0006640 seconds, Stopping threads took: 0.0000570 seconds
376.231: Application time: 0.0724900 seconds
376.231: [GC [PSYoungGen: 14320K->496K(15872K)] 40304K->26480K(51712K), 0.0005280 secs] [Times: user=0.00 sys=0.00, real=0.00 secs] 
376.232: Total time for which application threads were stopped: 0.0006590 seconds, Stopping threads took: 0.0000540 seconds
376.305: Application time: 0.0732730 seconds
376.305: [GC [PSYoungGen: 14320K->512K(15872K)] 40304K->26496K(51712K), 0.0005660 secs] [Times: user=0.00 sys=0.00, real=0.01 secs] 
376.306: Total time for which application threads were stopped: 0.0007050 seconds, Stopping threads took: 0.0000610 seconds
376.380: Application time: 0.0742950 seconds
376.380: [GC [PSYoungGen: 14336K->512K(15872K)] 40320K->26496K(51712K), 0.0005460 secs] [Times: user=0.00 sys=0.00, real=0.00 secs] 
376.381: Total time for which application threads were stopped: 0.0006820 seconds, Stopping threads took: 0.0000590 seconds
376.454: Application time: 0.0738700 seconds
376.455: [GC [PSYoungGen: 14336K->480K(15872K)] 40320K->26472K(51712K), 0.0005890 secs] [Times: user=0.01 sys=0.00, real=0.00 secs] 
376.455: Total time for which application threads were stopped: 0.0007290 seconds, Stopping threads took: 0.0000520 seconds
376.528: Application time: 0.0731210 seconds
376.528: [GC [PSYoungGen: 14304K->480K(15872K)] 40296K->26480K(51712K), 0.0007090 secs] [Times: user=0.00 sys=0.00, real=0.00 secs] 
376.529: Total time for which application threads were stopped: 0.0008380 seconds, Stopping threads took: 0.0000480 seconds
376.603: Application time: 0.0737400 seconds
376.603: [GC [PSYoungGen: 14304K->480K(15872K)] 40304K->26488K(51712K), 0.0005180 secs] [Times: user=0.01 sys=0.00, real=0.00 secs] 
376.604: Total time for which application threads were stopped: 0.0006590 seconds, Stopping threads took: 0.0000640 seconds
376.678: Application time: 0.0745060 seconds
376.678: [GC [PSYoungGen: 14304K->496K(15872K)] 40312K->26528K(51712K), 0.0005280 secs] [Times: user=0.00 sys=0.00, real=0.00 secs] 
376.679: Total time for which application threads were stopped: 0.0006600 seconds, Stopping threads took: 0.0000500 seconds
376.753: Application time: 0.0744870 seconds
376.753: [GC [PSYoungGen: 14320K->448K(15872K)] 40352K->26480K(51712K), 0.0006270 secs] [Times: user=0.00 sys=0.00, real=0.01 secs] 
376.754: Total time for which application threads were stopped: 0.0007570 seconds, Stopping threads took: 0.0000550 seconds
376.828: Application time: 0.0744850 seconds
376.829: [GC [PSYoungGen: 14272K->480K(15872K)] 40304K->26520K(51712K), 0.0005550 secs] [Times: user=0.01 sys=0.00, real=0.00 secs] 
376.829: Total time for which application threads were stopped: 0.0007050 seconds, Stopping threads took: 0.0000680 seconds
376.902: Application time: 0.0727140 seconds
376.902: [GC [PSYoungGen: 14304K->480K(15872K)] 40344K->26520K(51712K), 0.0005350 secs] [Times: user=0.00 sys=0.00, real=0.00 secs] 
376.903: Total time for which application threads were stopped: 0.0006810 seconds, Stopping threads took: 0.0000620 seconds
376.975: Application time: 0.0727940 seconds
376.975: [GC [PSYoungGen: 14304K->464K(15872K)] 40344K->26504K(51712K), 0.0005410 secs] [Times: user=0.00 sys=0.00, real=0.00 secs] 
376.976: Total time for which application threads were stopped: 0.0006800 seconds, Stopping threads took: 0.0000520 seconds
377.049: Application time: 0.0728920 seconds
377.049: [GC [PSYoungGen: 14288K->512K(15872K)] 40328K->26552K(51712K), 0.0005270 secs] [Times: user=0.00 sys=0.00, real=0.00 secs] 
377.050: Total time for which application threads were stopped: 0.0006530 seconds, Stopping threads took: 0.0000500 seconds
377.124: Application time: 0.0749550 seconds
377.125: [GC [PSYoungGen: 14336K->448K(15872K)] 40376K->26488K(51712K), 0.0005460 secs] [Times: user=0.01 sys=0.00, real=0.00 secs] 
377.125: Total time for which application threads were stopped: 0.0006760 seconds, Stopping threads took: 0.0000550 seconds
377.199: Application time: 0.0740410 seconds
377.199: [GC [PSYoungGen: 14272K->496K(15872K)] 40312K->26536K(51712K), 0.0005420 secs] [Times: user=0.00 sys=0.00, real=0.00 secs] 
377.200: Total time for which application threads were stopped: 0.0006790 seconds, Stopping threads took: 0.0000590 seconds
377.224: Application time: 0.0240750 seconds
377.224: Total time for which application threads were stopped: 0.0000710 seconds, Stopping threads took: 0.0000440 seconds
377.274: Application time: 0.0503510 seconds
377.275: [GC [PSYoungGen: 14320K->480K(15872K)] 40360K->26528K(51712K), 0.0005460 secs] [Times: user=0.01 sys=0.00, real=0.00 secs] 
377.275: Total time for which application threads were stopped: 0.0006720 seconds, Stopping threads took: 0.0000520 seconds
377.350: Application time: 0.0749570 seconds
377.350: [GC [PSYoungGen: 14304K->448K(15872K)] 40352K->26504K(51712K), 0.0005310 secs] [Times: user=0.00 sys=0.00, real=0.00 secs] 
377.351: Total time for which application threads were stopped: 0.0006500 seconds, Stopping threads took: 0.0000410 seconds
377.426: Application time: 0.0752930 seconds
377.426: [GC [PSYoungGen: 14272K->496K(15872K)] 40328K->26568K(51712K), 0.0005650 secs] [Times: user=0.00 sys=0.00, real=0.00 secs] 
377.427: Total time for which application threads were stopped: 0.0006890 seconds, Stopping threads took: 0.0000450 seconds
377.490: Application time: 0.0633470 seconds
377.490: Total time for which application threads were stopped: 0.0001100 seconds, Stopping threads took: 0.0000610 seconds
377.505: Application time: 0.0150520 seconds
377.505: [GC [PSYoungGen: 14320K->400K(15872K)] 40392K->26472K(51712K), 0.0005690 secs] [Times: user=0.00 sys=0.00, real=0.01 secs] 
377.506: Total time for which application threads were stopped: 0.0006640 seconds, Stopping threads took: 0.0000350 seconds
377.573: Application time: 0.0675580 seconds
377.573: Total time for which application threads were stopped: 0.0000800 seconds, Stopping threads took: 0.0000420 seconds
377.591: Application time: 0.0176580 seconds
377.591: [GC [PSYoungGen: 14224K->352K(15872K)] 40296K->26424K(51712K), 0.0004830 secs] [Times: user=0.00 sys=0.00, real=0.00 secs] 
377.592: Total time for which application threads were stopped: 0.0005720 seconds, Stopping threads took: 0.0000290 seconds
377.621: Application time: 0.0295750 seconds
377.621: Total time for which application threads were stopped: 0.0000650 seconds, Stopping threads took: 0.0000450 seconds
377.630: Application time: 0.0087550 seconds
377.630: Total time for which application threads were stopped: 0.0000390 seconds, Stopping threads took: 0.0000280 seconds
377.694: Application time: 0.0640780 seconds
377.694: Total time for which application threads were stopped: 0.0000500 seconds, Stopping threads took: 0.0000250 seconds
377.706: Application time: 0.0117670 seconds
377.706: [GC [PSYoungGen: 14176K->224K(15872K)] 40248K->26320K(51712K), 0.0004800 secs] [Times: user=0.00 sys=0.00, real=0.00 secs] 
377.707: Total time for which application threads were stopped: 0.0005420 seconds, Stopping threads took: 0.0000160 seconds
377.763: Application time: 0.0559840 seconds
377.763: Total time for which application threads were stopped: 0.0000940 seconds, Stopping threads took: 0.0000200 seconds
377.890: Application time: 0.1276050 seconds
377.890: [GC [PSYoungGen: 14048K->2021K(15872K)] 40144K->29923K(51712K), 0.0019670 secs] [Times: user=0.01 sys=0.00, real=0.00 secs] 
377.892: Total time for which application threads were stopped: 0.0020860 seconds, Stopping threads took: 0.0000130 seconds
377.966: Application time: 0.0738180 seconds
377.966: Total time for which application threads were stopped: 0.0000400 seconds, Stopping threads took: 0.0000080 seconds
377.966: Application time: 0.0000200 seconds
377.966: Total time for which application threads were stopped: 0.0000090 seconds, Stopping threads took: 0.0000030 seconds
377.976: Application time: 0.0098850 seconds
377.976: Total time for which application threads were stopped: 0.0001040 seconds, Stopping threads took: 0.0000130 seconds
378.031: Application time: 0.0549910 seconds
378.031: [GC-- [PSYoungGen: 15835K->15835K(15872K)] 43737K->51384K(51712K), 0.0053100 secs] [Times: user=0.01 sys=0.01, real=0.01 secs] 
378.037: [Full GC [PSYoungGen: 15835K->0K(15872K)] [ParOldGen: 35548K->8462K(35840K)] 51384K->8462K(51712K) [PSPermGen: 13177K->13169K(24064K)], 0.0267550 secs] [Times: user=0.11 sys=0.00, real=0.02 secs] 
378.063: Total time for which application threads were stopped: 0.0322520 seconds, Stopping threads took: 0.0000110 seconds
378.064: Application time: 0.0000880 seconds
378.064: Total time for which application threads were stopped: 0.0000780 seconds, Stopping threads took: 0.0000300 seconds
378.064: Application time: 0.0000420 seconds
378.064: Total time for which application threads were stopped: 0.0000680 seconds, Stopping threads took: 0.0000470 seconds
378.064: Application time: 0.0002460 seconds
378.064: Total time for which application threads were stopped: 0.0000240 seconds, Stopping threads took: 0.0000080 seconds
378.064: Application time: 0.0000360 seconds
378.064: Total time for which application threads were stopped: 0.0000200 seconds, Stopping threads took: 0.0000070 seconds
378.064: Application time: 0.0000530 seconds
378.064: Total time for which application threads were stopped: 0.0000170 seconds, Stopping threads took: 0.0000050 seconds
378.439: Application time: 0.3751550 seconds
378.439: [GC [PSYoungGen: 13824K->1760K(15872K)] 22286K->16550K(51712K), 0.0024440 secs] [Times: user=0.01 sys=0.00, real=0.00 secs] 
378.442: Total time for which application threads were stopped: 0.0025800 seconds, Stopping threads took: 0.0000110 seconds
378.442: Application time: 0.0000850 seconds
378.442: Total time for which application threads were stopped: 0.0001050 seconds, Stopping threads took: 0.0000390 seconds
378.513: Application time: 0.0706040 seconds
378.513: Total time for which application threads were stopped: 0.0000680 seconds, Stopping threads took: 0.0000150 seconds
378.515: Application time: 0.0018970 seconds
378.515: Total time for which application threads were stopped: 0.0000280 seconds, Stopping threads took: 0.0000100 seconds
Heap
 PSYoungGen      total 15872K, used 12842K [0x00000000fee80000, 0x0000000100000000, 0x0000000100000000)
  eden space 13824K, 80% used [0x00000000fee80000,0x00000000ff9528b0,0x00000000ffc00000)
  from space 2048K, 85% used [0x00000000ffc00000,0x00000000ffdb8000,0x00000000ffe00000)
  to   space 2048K, 0% used [0x00000000ffe00000,0x00000000ffe00000,0x0000000100000000)
 ParOldGen       total 35840K, used 14790K [0x00000000fcb80000, 0x00000000fee80000, 0x00000000fee80000)
  object space 35840K, 41% used [0x00000000fcb80000,0x00000000fd9f1960,0x00000000fee80000)
 PSPermGen       total 24064K, used 13577K [0x00000000f7980000, 0x00000000f9100000, 0x00000000fcb80000)
  object space 24064K, 56% used [0x00000000f7980000,0x00000000f86c2668,0x00000000f9100000)
378.515: Application time: 0.0001900 seconds
