Java HotSpot(TM) 64-Bit Server VM (24.80-b11) for linux-amd64 JRE (1.7.0_80-b15), built on Apr 10 2015 19:53:14 by "java_re" with gcc 4.3.0 20080428 (Red Hat 4.3.0-8)
Memory: 4k page, physical 8000092k(6176152k free), swap 8218620k(8218620k free)
CommandLine flags: -XX:InitialHeapSize=392273920 -XX:MaxHeapSize=392273920 -XX:+PrintGC -XX:+PrintGCApplicationConcurrentTime -XX:+PrintGCApplicationStoppedTime -XX:+PrintGCDetails -XX:+PrintGCTimeStamps -XX:-UseAdaptiveSizePolicy -XX:+UseCompressedOops -XX:+UseSerialGC 
1.009: Application time: 0.9867090 seconds
1.009: Total time for which application threads were stopped: 0.0000430 seconds, Stopping threads took: 0.0000100 seconds
4.027: Application time: 3.0187310 seconds
4.027: Total time for which application threads were stopped: 0.0000700 seconds, Stopping threads took: 0.0000120 seconds
14.781: Application time: 10.7537740 seconds
14.781: Total time for which application threads were stopped: 0.0000240 seconds, Stopping threads took: 0.0000090 seconds
14.781: Application time: 0.0000360 seconds
14.781: Total time for which application threads were stopped: 0.0000080 seconds, Stopping threads took: 0.0000030 seconds
14.783: Application time: 0.0014670 seconds
14.783: Total time for which application threads were stopped: 0.0000200 seconds, Stopping threads took: 0.0000030 seconds
14.801: Application time: 0.0184260 seconds
14.801: Total time for which application threads were stopped: 0.0000410 seconds, Stopping threads took: 0.0000110 seconds
14.815: Application time: 0.0141080 seconds
14.815: [Full GC14.815: [Tenured: 0K->3145K(255424K), 0.0087950 secs] 14309K->3145K(370368K), [Perm : 5075K->5075K(21248K)], 0.0088560 secs] [Times: user=0.01 sys=0.00, real=0.01 secs] 
14.824: Total time for which application threads were stopped: 0.0089200 seconds, Stopping threads took: 0.0000170 seconds
14.824: Application time: 0.0000740 seconds
14.824: [Full GC14.824: [Tenured: 3145K->3145K(255424K), 0.0075760 secs] 3145K->3145K(370432K), [Perm : 5075K->5075K(21248K)], 0.0076050 secs] [Times: user=0.01 sys=0.00, real=0.01 secs] 
14.832: Total time for which application threads were stopped: 0.0076600 seconds, Stopping threads took: 0.0000080 seconds
14.832: Application time: 0.0002270 seconds
14.832: Total time for which application threads were stopped: 0.0001140 seconds, Stopping threads took: 0.0000790 seconds
14.832: Application time: 0.0000720 seconds
14.833: Total time for which application threads were stopped: 0.0000780 seconds, Stopping threads took: 0.0000460 seconds
14.833: Application time: 0.0000700 seconds
14.833: Total time for which application threads were stopped: 0.0001020 seconds, Stopping threads took: 0.0000690 seconds
14.833: Application time: 0.0000330 seconds
14.833: Total time for which application threads were stopped: 0.0000150 seconds, Stopping threads took: 0.0000110 seconds
14.833: Application time: 0.0000200 seconds
14.833: Total time for which application threads were stopped: 0.0000200 seconds, Stopping threads took: 0.0000150 seconds
14.833: Application time: 0.0000130 seconds
14.833: Total time for which application threads were stopped: 0.0000150 seconds, Stopping threads took: 0.0000120 seconds
14.833: Application time: 0.0000110 seconds
14.833: Total time for which application threads were stopped: 0.0000130 seconds, Stopping threads took: 0.0000100 seconds
14.833: Application time: 0.0000100 seconds
14.833: Total time for which application threads were stopped: 0.0000140 seconds, Stopping threads took: 0.0000110 seconds
14.833: Application time: 0.0000100 seconds
14.833: Total time for which application threads were stopped: 0.0000140 seconds, Stopping threads took: 0.0000110 seconds
14.833: Application time: 0.0000100 seconds
14.833: Total time for which application threads were stopped: 0.0000120 seconds, Stopping threads took: 0.0000090 seconds
14.833: Application time: 0.0000110 seconds
14.833: Total time for which application threads were stopped: 0.0000160 seconds, Stopping threads took: 0.0000130 seconds
14.833: Application time: 0.0000100 seconds
14.833: Total time for which application threads were stopped: 0.0000150 seconds, Stopping threads took: 0.0000120 seconds
14.833: Application time: 0.0000100 seconds
14.833: Total time for which application threads were stopped: 0.0000140 seconds, Stopping threads took: 0.0000110 seconds
14.833: Application time: 0.0000100 seconds
14.833: Total time for which application threads were stopped: 0.0000120 seconds, Stopping threads took: 0.0000080 seconds
14.833: Application time: 0.0000080 seconds
14.833: Total time for which application threads were stopped: 0.0000110 seconds, Stopping threads took: 0.0000080 seconds
14.833: Application time: 0.0000080 seconds
14.833: Total time for which application threads were stopped: 0.0000120 seconds, Stopping threads took: 0.0000080 seconds
14.833: Application time: 0.0000090 seconds
14.833: Total time for which application threads were stopped: 0.0000070 seconds, Stopping threads took: 0.0000040 seconds
14.833: Application time: 0.0000080 seconds
14.833: Total time for which application threads were stopped: 0.0000080 seconds, Stopping threads took: 0.0000050 seconds
14.833: Application time: 0.0000080 seconds
14.833: Total time for which application threads were stopped: 0.0000070 seconds, Stopping threads took: 0.0000040 seconds
14.833: Application time: 0.0000090 seconds
14.833: Total time for which application threads were stopped: 0.0000150 seconds, Stopping threads took: 0.0000060 seconds
15.156: Application time: 0.3231260 seconds
15.156: Total time for which application threads were stopped: 0.0000790 seconds, Stopping threads took: 0.0000200 seconds
15.179: Application time: 0.0226270 seconds
15.179: Total time for which application threads were stopped: 0.0000430 seconds, Stopping threads took: 0.0000190 seconds
15.200: Application time: 0.0213400 seconds
15.200: Total time for which application threads were stopped: 0.0000400 seconds, Stopping threads took: 0.0000190 seconds
15.235: Application time: 0.0341270 seconds
15.235: Total time for which application threads were stopped: 0.0000420 seconds, Stopping threads took: 0.0000110 seconds
15.235: Application time: 0.0000410 seconds
15.235: Total time for which application threads were stopped: 0.0000280 seconds, Stopping threads took: 0.0000070 seconds
15.250: Application time: 0.0155480 seconds
15.250: Total time for which application threads were stopped: 0.0000400 seconds, Stopping threads took: 0.0000190 seconds
15.253: Application time: 0.0022810 seconds
15.253: Total time for which application threads were stopped: 0.0000350 seconds, Stopping threads took: 0.0000170 seconds
15.253: Application time: 0.0008550 seconds
15.253: Total time for which application threads were stopped: 0.0000370 seconds, Stopping threads took: 0.0000080 seconds
15.312: Application time: 0.0582720 seconds
15.312: Total time for which application threads were stopped: 0.0000480 seconds, Stopping threads took: 0.0000100 seconds
15.312: Application time: 0.0000420 seconds
15.312: Total time for which application threads were stopped: 0.0000270 seconds, Stopping threads took: 0.0000060 seconds
15.323: Application time: 0.0106380 seconds
15.323: Total time for which application threads were stopped: 0.0000400 seconds, Stopping threads took: 0.0000190 seconds
15.340: Application time: 0.0178930 seconds
15.341: Total time for which application threads were stopped: 0.0000380 seconds, Stopping threads took: 0.0000180 seconds
15.341: Application time: 0.0009680 seconds
15.342: Total time for which application threads were stopped: 0.0000360 seconds, Stopping threads took: 0.0000180 seconds
15.465: Application time: 0.1234300 seconds
15.465: Total time for which application threads were stopped: 0.0000560 seconds, Stopping threads took: 0.0000150 seconds
15.468: Application time: 0.0030160 seconds
15.468: Total time for which application threads were stopped: 0.0000290 seconds, Stopping threads took: 0.0000090 seconds
15.476: Application time: 0.0081430 seconds
15.476: Total time for which application threads were stopped: 0.0000350 seconds, Stopping threads took: 0.0000080 seconds
15.486: Application time: 0.0099530 seconds
15.486: Total time for which application threads were stopped: 0.0000330 seconds, Stopping threads took: 0.0000060 seconds
15.829: Application time: 0.3429450 seconds
15.829: Total time for which application threads were stopped: 0.0000730 seconds, Stopping threads took: 0.0000200 seconds
16.003: Application time: 0.1735260 seconds
16.003: Total time for which application threads were stopped: 0.0000920 seconds, Stopping threads took: 0.0000200 seconds
16.003: Application time: 0.0000800 seconds
16.003: Total time for which application threads were stopped: 0.0000360 seconds, Stopping threads took: 0.0000180 seconds
16.003: Application time: 0.0000620 seconds
16.003: Total time for which application threads were stopped: 0.0000320 seconds, Stopping threads took: 0.0000180 seconds
16.004: Application time: 0.0009960 seconds
16.004: Total time for which application threads were stopped: 0.0000320 seconds, Stopping threads took: 0.0000180 seconds
16.004: Application time: 0.0000750 seconds
16.004: Total time for which application threads were stopped: 0.0000320 seconds, Stopping threads took: 0.0000180 seconds
16.004: Application time: 0.0000720 seconds
16.004: Total time for which application threads were stopped: 0.0000190 seconds, Stopping threads took: 0.0000050 seconds
16.004: Application time: 0.0000090 seconds
16.004: Total time for which application threads were stopped: 0.0000140 seconds, Stopping threads took: 0.0000030 seconds
16.004: Application time: 0.0000580 seconds
16.004: Total time for which application threads were stopped: 0.0000180 seconds, Stopping threads took: 0.0000050 seconds
16.004: Application time: 0.0000180 seconds
16.004: Total time for which application threads were stopped: 0.0000150 seconds, Stopping threads took: 0.0000030 seconds
16.005: Application time: 0.0000570 seconds
16.005: Total time for which application threads were stopped: 0.0000140 seconds, Stopping threads took: 0.0000030 seconds
16.005: Application time: 0.0000100 seconds
16.005: Total time for which application threads were stopped: 0.0000130 seconds, Stopping threads took: 0.0000020 seconds
16.005: Application time: 0.0000500 seconds
16.005: Total time for which application threads were stopped: 0.0000140 seconds, Stopping threads took: 0.0000030 seconds
16.005: Application time: 0.0000420 seconds
16.005: Total time for which application threads were stopped: 0.0000130 seconds, Stopping threads took: 0.0000030 seconds
16.005: Application time: 0.0000680 seconds
16.005: Total time for which application threads were stopped: 0.0000130 seconds, Stopping threads took: 0.0000030 seconds
16.005: Application time: 0.0000500 seconds
16.005: Total time for which application threads were stopped: 0.0000130 seconds, Stopping threads took: 0.0000030 seconds
16.005: Application time: 0.0000980 seconds
16.005: Total time for which application threads were stopped: 0.0000130 seconds, Stopping threads took: 0.0000030 seconds
16.005: Application time: 0.0000590 seconds
16.005: Total time for which application threads were stopped: 0.0000130 seconds, Stopping threads took: 0.0000030 seconds
16.005: Application time: 0.0004360 seconds
16.005: Total time for which application threads were stopped: 0.0000130 seconds, Stopping threads took: 0.0000030 seconds
16.006: Application time: 0.0000490 seconds
16.006: Total time for which application threads were stopped: 0.0000130 seconds, Stopping threads took: 0.0000030 seconds
16.006: Application time: 0.0001880 seconds
16.006: Total time for which application threads were stopped: 0.0000130 seconds, Stopping threads took: 0.0000030 seconds
16.006: Application time: 0.0000210 seconds
16.006: Total time for which application threads were stopped: 0.0000130 seconds, Stopping threads took: 0.0000030 seconds
16.006: Application time: 0.0000130 seconds
16.006: Total time for which application threads were stopped: 0.0000140 seconds, Stopping threads took: 0.0000040 seconds
16.006: Application time: 0.0000270 seconds
16.006: Total time for which application threads were stopped: 0.0000130 seconds, Stopping threads took: 0.0000030 seconds
16.007: Application time: 0.0010990 seconds
16.007: Total time for which application threads were stopped: 0.0000140 seconds, Stopping threads took: 0.0000030 seconds
16.007: Application time: 0.0000610 seconds
16.007: Total time for which application threads were stopped: 0.0000130 seconds, Stopping threads took: 0.0000030 seconds
16.007: Application time: 0.0000840 seconds
16.007: Total time for which application threads were stopped: 0.0000130 seconds, Stopping threads took: 0.0000030 seconds
16.007: Application time: 0.0000470 seconds
16.007: Total time for which application threads were stopped: 0.0000130 seconds, Stopping threads took: 0.0000030 seconds
16.007: Application time: 0.0001390 seconds
16.007: Total time for which application threads were stopped: 0.0000120 seconds, Stopping threads took: 0.0000030 seconds
16.008: Application time: 0.0003610 seconds
16.008: Total time for which application threads were stopped: 0.0000140 seconds, Stopping threads took: 0.0000030 seconds
16.009: Application time: 0.0008520 seconds
16.009: Total time for which application threads were stopped: 0.0000260 seconds, Stopping threads took: 0.0000080 seconds
16.009: Application time: 0.0001010 seconds
16.009: Total time for which application threads were stopped: 0.0000200 seconds, Stopping threads took: 0.0000060 seconds
16.009: Application time: 0.0002280 seconds
16.009: Total time for which application threads were stopped: 0.0000210 seconds, Stopping threads took: 0.0000070 seconds
16.009: Application time: 0.0000360 seconds
16.009: Total time for which application threads were stopped: 0.0000210 seconds, Stopping threads took: 0.0000070 seconds
16.009: Application time: 0.0000560 seconds
16.009: Total time for which application threads were stopped: 0.0000200 seconds, Stopping threads took: 0.0000070 seconds
16.009: Application time: 0.0001100 seconds
16.009: Total time for which application threads were stopped: 0.0000200 seconds, Stopping threads took: 0.0000060 seconds
16.009: Application time: 0.0000390 seconds
16.009: Total time for which application threads were stopped: 0.0000200 seconds, Stopping threads took: 0.0000070 seconds
16.014: Application time: 0.0047730 seconds
16.014: Total time for which application threads were stopped: 0.0000350 seconds, Stopping threads took: 0.0000100 seconds
16.014: Application time: 0.0000810 seconds
16.014: Total time for which application threads were stopped: 0.0000240 seconds, Stopping threads took: 0.0000080 seconds
16.014: Application time: 0.0000370 seconds
16.014: Total time for which application threads were stopped: 0.0000230 seconds, Stopping threads took: 0.0000070 seconds
16.014: Application time: 0.0000350 seconds
16.014: Total time for which application threads were stopped: 0.0000220 seconds, Stopping threads took: 0.0000070 seconds
16.014: Application time: 0.0000380 seconds
16.014: Total time for which application threads were stopped: 0.0000210 seconds, Stopping threads took: 0.0000070 seconds
16.015: Application time: 0.0000860 seconds
16.015: Total time for which application threads were stopped: 0.0000220 seconds, Stopping threads took: 0.0000070 seconds
16.015: Application time: 0.0000360 seconds
16.015: Total time for which application threads were stopped: 0.0000210 seconds, Stopping threads took: 0.0000070 seconds
16.015: Application time: 0.0000280 seconds
16.015: Total time for which application threads were stopped: 0.0000170 seconds, Stopping threads took: 0.0000050 seconds
16.015: Application time: 0.0001170 seconds
16.015: Total time for which application threads were stopped: 0.0000170 seconds, Stopping threads took: 0.0000050 seconds
16.015: Application time: 0.0000230 seconds
16.015: Total time for which application threads were stopped: 0.0000190 seconds, Stopping threads took: 0.0000050 seconds
16.015: Application time: 0.0000580 seconds
16.015: Total time for which application threads were stopped: 0.0000180 seconds, Stopping threads took: 0.0000050 seconds
16.015: Application time: 0.0000200 seconds
16.015: Total time for which application threads were stopped: 0.0000160 seconds, Stopping threads took: 0.0000050 seconds
16.016: Application time: 0.0006670 seconds
16.016: Total time for which application threads were stopped: 0.0000160 seconds, Stopping threads took: 0.0000050 seconds
16.016: Application time: 0.0000100 seconds
16.016: Total time for which application threads were stopped: 0.0000150 seconds, Stopping threads took: 0.0000050 seconds
16.016: Application time: 0.0000150 seconds
16.016: Total time for which application threads were stopped: 0.0000290 seconds, Stopping threads took: 0.0000180 seconds
16.036: Application time: 0.0202680 seconds
16.036: Total time for which application threads were stopped: 0.0000300 seconds, Stopping threads took: 0.0000080 seconds
16.050: Application time: 0.0135990 seconds
16.050: Total time for which application threads were stopped: 0.0000360 seconds, Stopping threads took: 0.0000050 seconds
16.192: Application time: 0.1425930 seconds
16.192: Total time for which application threads were stopped: 0.0001010 seconds, Stopping threads took: 0.0000150 seconds
16.263: Application time: 0.0704810 seconds
16.263: Total time for which application threads were stopped: 0.0000830 seconds, Stopping threads took: 0.0000140 seconds
16.274: Application time: 0.0113730 seconds
16.274: Total time for which application threads were stopped: 0.0000630 seconds, Stopping threads took: 0.0000150 seconds
16.275: Application time: 0.0009270 seconds
16.275: [GC16.275: [DefNew: 102272K->12736K(115008K), 0.0294730 secs] 105417K->22849K(370432K), 0.0295100 secs] [Times: user=0.03 sys=0.00, real=0.03 secs] 
16.305: Total time for which application threads were stopped: 0.0295710 seconds, Stopping threads took: 0.0000050 seconds
16.305: Application time: 0.0000720 seconds
16.305: Total time for which application threads were stopped: 0.0000580 seconds, Stopping threads took: 0.0000170 seconds
16.305: Application time: 0.0000330 seconds
16.305: Total time for which application threads were stopped: 0.0000300 seconds, Stopping threads took: 0.0000150 seconds
16.305: Application time: 0.0000290 seconds
16.305: Total time for which application threads were stopped: 0.0000240 seconds, Stopping threads took: 0.0000140 seconds
16.305: Application time: 0.0000290 seconds
16.305: Total time for which application threads were stopped: 0.0000220 seconds, Stopping threads took: 0.0000120 seconds
16.305: Application time: 0.0000280 seconds
16.305: Total time for which application threads were stopped: 0.0000260 seconds, Stopping threads took: 0.0000170 seconds
16.305: Application time: 0.0000270 seconds
16.305: Total time for which application threads were stopped: 0.0000220 seconds, Stopping threads took: 0.0000130 seconds
16.305: Application time: 0.0000280 seconds
16.305: Total time for which application threads were stopped: 0.0000220 seconds, Stopping threads took: 0.0000130 seconds
16.305: Application time: 0.0000110 seconds
16.305: Total time for which application threads were stopped: 0.0000210 seconds, Stopping threads took: 0.0000120 seconds
16.305: Application time: 0.0000110 seconds
16.305: Total time for which application threads were stopped: 0.0000220 seconds, Stopping threads took: 0.0000130 seconds
16.305: Application time: 0.0000100 seconds
16.305: Total time for which application threads were stopped: 0.0000210 seconds, Stopping threads took: 0.0000120 seconds
16.305: Application time: 0.0000100 seconds
16.305: Total time for which application threads were stopped: 0.0000210 seconds, Stopping threads took: 0.0000130 seconds
16.706: Application time: 0.4006230 seconds
16.706: Total time for which application threads were stopped: 0.0003050 seconds, Stopping threads took: 0.0000100 seconds
16.945: Application time: 0.2382700 seconds
16.945: Total time for which application threads were stopped: 0.0002760 seconds, Stopping threads took: 0.0000150 seconds
17.039: Application time: 0.0936410 seconds
17.039: [GC17.039: [DefNew: 115008K->6241K(115008K), 0.0191670 secs] 125121K->28886K(370432K), 0.0192000 secs] [Times: user=0.02 sys=0.00, real=0.02 secs] 
17.058: Total time for which application threads were stopped: 0.0194520 seconds, Stopping threads took: 0.0000120 seconds
17.058: Application time: 0.0000690 seconds
17.058: Total time for which application threads were stopped: 0.0001370 seconds, Stopping threads took: 0.0000120 seconds
17.058: Application time: 0.0000180 seconds
17.058: Total time for which application threads were stopped: 0.0000320 seconds, Stopping threads took: 0.0000080 seconds
17.168: Application time: 0.1101680 seconds
17.169: Total time for which application threads were stopped: 0.0002360 seconds, Stopping threads took: 0.0000130 seconds
17.480: Application time: 0.3112460 seconds
17.480: Total time for which application threads were stopped: 0.0004840 seconds, Stopping threads took: 0.0000110 seconds
17.480: Application time: 0.0000960 seconds
17.481: Total time for which application threads were stopped: 0.0000570 seconds, Stopping threads took: 0.0000080 seconds
17.481: Application time: 0.0000270 seconds
17.481: Total time for which application threads were stopped: 0.0000510 seconds, Stopping threads took: 0.0000120 seconds
17.481: Application time: 0.0000290 seconds
17.481: Total time for which application threads were stopped: 0.0000430 seconds, Stopping threads took: 0.0000060 seconds
17.481: Application time: 0.0000290 seconds
17.481: Total time for which application threads were stopped: 0.0000460 seconds, Stopping threads took: 0.0000070 seconds
17.481: Application time: 0.0000290 seconds
17.481: Total time for which application threads were stopped: 0.0000430 seconds, Stopping threads took: 0.0000060 seconds
17.481: Application time: 0.0002770 seconds
17.481: Total time for which application threads were stopped: 0.0000530 seconds, Stopping threads took: 0.0000050 seconds
17.499: Application time: 0.0182130 seconds
17.500: Total time for which application threads were stopped: 0.0002520 seconds, Stopping threads took: 0.0000150 seconds
17.500: Application time: 0.0000270 seconds
17.500: [GC17.500: [DefNew: 108545K->12735K(115008K), 0.0106220 secs] 131190K->35469K(370432K), 0.0106540 secs] [Times: user=0.01 sys=0.00, real=0.01 secs] 
17.510: Total time for which application threads were stopped: 0.0107550 seconds, Stopping threads took: 0.0000200 seconds
17.513: Application time: 0.0021150 seconds
17.513: Total time for which application threads were stopped: 0.0002710 seconds, Stopping threads took: 0.0000310 seconds
17.513: Application time: 0.0001090 seconds
17.513: Total time for which application threads were stopped: 0.0000790 seconds, Stopping threads took: 0.0000160 seconds
17.513: Application time: 0.0000590 seconds
17.513: Total time for which application threads were stopped: 0.0000830 seconds, Stopping threads took: 0.0000240 seconds
17.513: Application time: 0.0002430 seconds
17.513: Total time for which application threads were stopped: 0.0000740 seconds, Stopping threads took: 0.0000140 seconds
17.514: Application time: 0.0002520 seconds
17.514: Total time for which application threads were stopped: 0.0000700 seconds, Stopping threads took: 0.0000100 seconds
17.514: Application time: 0.0001300 seconds
17.514: Total time for which application threads were stopped: 0.0000690 seconds, Stopping threads took: 0.0000090 seconds
17.514: Application time: 0.0000680 seconds
17.514: Total time for which application threads were stopped: 0.0000660 seconds, Stopping threads took: 0.0000070 seconds
17.514: Application time: 0.0001290 seconds
17.514: Total time for which application threads were stopped: 0.0000660 seconds, Stopping threads took: 0.0000070 seconds
17.518: Application time: 0.0035360 seconds
17.518: Total time for which application threads were stopped: 0.0000770 seconds, Stopping threads took: 0.0000090 seconds
17.518: Application time: 0.0001650 seconds
17.518: Total time for which application threads were stopped: 0.0000660 seconds, Stopping threads took: 0.0000060 seconds
17.518: Application time: 0.0001640 seconds
17.518: Total time for which application threads were stopped: 0.0000640 seconds, Stopping threads took: 0.0000060 seconds
17.518: Application time: 0.0000750 seconds
17.519: Total time for which application threads were stopped: 0.0000630 seconds, Stopping threads took: 0.0000050 seconds
17.519: Application time: 0.0002640 seconds
17.519: Total time for which application threads were stopped: 0.0000620 seconds, Stopping threads took: 0.0000050 seconds
17.519: Application time: 0.0000880 seconds
17.519: Total time for which application threads were stopped: 0.0000600 seconds, Stopping threads took: 0.0000040 seconds
17.519: Application time: 0.0000560 seconds
17.519: Total time for which application threads were stopped: 0.0000610 seconds, Stopping threads took: 0.0000040 seconds
17.519: Application time: 0.0000540 seconds
17.519: Total time for which application threads were stopped: 0.0000490 seconds, Stopping threads took: 0.0000040 seconds
17.519: Application time: 0.0000420 seconds
17.519: Total time for which application threads were stopped: 0.0000490 seconds, Stopping threads took: 0.0000040 seconds
17.519: Application time: 0.0000430 seconds
17.519: Total time for which application threads were stopped: 0.0000530 seconds, Stopping threads took: 0.0000070 seconds
17.520: Application time: 0.0000670 seconds
17.520: Total time for which application threads were stopped: 0.0000510 seconds, Stopping threads took: 0.0000060 seconds
17.520: Application time: 0.0000960 seconds
17.520: Total time for which application threads were stopped: 0.0000520 seconds, Stopping threads took: 0.0000070 seconds
17.520: Application time: 0.0000910 seconds
17.520: Total time for which application threads were stopped: 0.0000510 seconds, Stopping threads took: 0.0000060 seconds
17.520: Application time: 0.0000710 seconds
17.520: Total time for which application threads were stopped: 0.0000510 seconds, Stopping threads took: 0.0000060 seconds
17.520: Application time: 0.0000710 seconds
17.520: Total time for which application threads were stopped: 0.0000860 seconds, Stopping threads took: 0.0000120 seconds
17.520: Application time: 0.0001240 seconds
17.520: Total time for which application threads were stopped: 0.0000660 seconds, Stopping threads took: 0.0000190 seconds
17.520: Application time: 0.0001090 seconds
17.521: Total time for which application threads were stopped: 0.0000520 seconds, Stopping threads took: 0.0000060 seconds
17.522: Application time: 0.0017220 seconds
17.522: Total time for which application threads were stopped: 0.0000530 seconds, Stopping threads took: 0.0000140 seconds
17.529: Application time: 0.0070110 seconds
17.529: Total time for which application threads were stopped: 0.0000470 seconds, Stopping threads took: 0.0000070 seconds
17.537: Application time: 0.0078120 seconds
17.537: Total time for which application threads were stopped: 0.0000730 seconds, Stopping threads took: 0.0000230 seconds
17.553: Application time: 0.0162060 seconds
17.553: Total time for which application threads were stopped: 0.0000470 seconds, Stopping threads took: 0.0000060 seconds
17.554: Application time: 0.0008650 seconds
17.554: Total time for which application threads were stopped: 0.0000510 seconds, Stopping threads took: 0.0000110 seconds
17.556: Application time: 0.0018020 seconds
17.556: Total time for which application threads were stopped: 0.0000470 seconds, Stopping threads took: 0.0000060 seconds
17.564: Application time: 0.0082010 seconds
17.565: Total time for which application threads were stopped: 0.0000600 seconds, Stopping threads took: 0.0000210 seconds
17.565: Application time: 0.0007040 seconds
17.565: Total time for which application threads were stopped: 0.0000460 seconds, Stopping threads took: 0.0000080 seconds
17.566: Application time: 0.0006810 seconds
17.566: Total time for which application threads were stopped: 0.0000450 seconds, Stopping threads took: 0.0000070 seconds
17.567: Application time: 0.0006950 seconds
17.567: Total time for which application threads were stopped: 0.0000440 seconds, Stopping threads took: 0.0000060 seconds
17.572: Application time: 0.0053760 seconds
17.572: Total time for which application threads were stopped: 0.0000510 seconds, Stopping threads took: 0.0000120 seconds
17.573: Application time: 0.0007050 seconds
17.573: Total time for which application threads were stopped: 0.0000590 seconds, Stopping threads took: 0.0000200 seconds
17.574: Application time: 0.0007630 seconds
17.574: Total time for which application threads were stopped: 0.0000530 seconds, Stopping threads took: 0.0000100 seconds
17.580: Application time: 0.0066720 seconds
17.580: Total time for which application threads were stopped: 0.0000500 seconds, Stopping threads took: 0.0000080 seconds
17.581: Application time: 0.0007750 seconds
17.581: Total time for which application threads were stopped: 0.0000490 seconds, Stopping threads took: 0.0000090 seconds
17.582: Application time: 0.0007390 seconds
17.582: Total time for which application threads were stopped: 0.0000470 seconds, Stopping threads took: 0.0000090 seconds
17.583: Application time: 0.0006150 seconds
17.583: Total time for which application threads were stopped: 0.0000700 seconds, Stopping threads took: 0.0000080 seconds
18.012: Application time: 0.4292870 seconds
18.013: [GC18.013: [DefNew: 115007K->7053K(115008K), 0.0126560 secs] 137741K->41764K(370432K), 0.0126950 secs] [Times: user=0.01 sys=0.00, real=0.01 secs] 
18.025: Total time for which application threads were stopped: 0.0133020 seconds, Stopping threads took: 0.0000100 seconds
18.025: Application time: 0.0000840 seconds
18.026: Total time for which application threads were stopped: 0.0003330 seconds, Stopping threads took: 0.0000190 seconds
18.026: Application time: 0.0000360 seconds
18.026: Total time for which application threads were stopped: 0.0000590 seconds, Stopping threads took: 0.0000130 seconds
18.131: Application time: 0.1046980 seconds
18.131: Total time for which application threads were stopped: 0.0003480 seconds, Stopping threads took: 0.0000120 seconds
18.131: Application time: 0.0000370 seconds
18.131: Total time for which application threads were stopped: 0.0000530 seconds, Stopping threads took: 0.0000040 seconds
18.470: Application time: 0.3387470 seconds
18.470: Total time for which application threads were stopped: 0.0005580 seconds, Stopping threads took: 0.0000120 seconds
18.485: Application time: 0.0146750 seconds
18.485: [GC18.485: [DefNew: 109325K->7460K(115008K), 0.0114930 secs] 144036K->48902K(370432K), 0.0115250 secs] [Times: user=0.01 sys=0.00, real=0.01 secs] 
18.497: Total time for which application threads were stopped: 0.0118160 seconds, Stopping threads took: 0.0000120 seconds
18.570: Application time: 0.0735110 seconds
18.571: Total time for which application threads were stopped: 0.0003350 seconds, Stopping threads took: 0.0000120 seconds
18.971: Application time: 0.4007370 seconds
18.972: [GC18.972: [DefNew: 109732K->7408K(115008K), 0.0124020 secs] 151174K->55928K(370432K), 0.0124340 secs] [Times: user=0.01 sys=0.00, real=0.01 secs] 
18.985: Total time for which application threads were stopped: 0.0131770 seconds, Stopping threads took: 0.0000110 seconds
19.466: Application time: 0.4813000 seconds
19.467: [GC19.467: [DefNew: 109680K->7140K(115008K), 0.0122830 secs] 158200K->62575K(370432K), 0.0123160 secs] [Times: user=0.01 sys=0.00, real=0.01 secs] 
19.479: Total time for which application threads were stopped: 0.0129840 seconds, Stopping threads took: 0.0000110 seconds
19.485: Application time: 0.0057600 seconds
19.485: Total time for which application threads were stopped: 0.0003670 seconds, Stopping threads took: 0.0000220 seconds
19.968: Application time: 0.4829800 seconds
19.969: [GC19.969: [DefNew: 109412K->7721K(115008K), 0.0125390 secs] 164847K->70003K(370432K), 0.0125740 secs] [Times: user=0.01 sys=0.00, real=0.01 secs] 
19.981: Total time for which application threads were stopped: 0.0133590 seconds, Stopping threads took: 0.0000090 seconds
20.411: Application time: 0.4294180 seconds
20.411: Total time for which application threads were stopped: 0.0007210 seconds, Stopping threads took: 0.0000130 seconds
20.429: Application time: 0.0176530 seconds
20.430: [GC20.430: [DefNew: 109993K->7355K(115008K), 0.0118060 secs] 172275K->76921K(370432K), 0.0118440 secs] [Times: user=0.00 sys=0.00, real=0.01 secs] 
20.441: Total time for which application threads were stopped: 0.0122570 seconds, Stopping threads took: 0.0000150 seconds
20.615: Application time: 0.1732030 seconds
20.615: Total time for which application threads were stopped: 0.0004130 seconds, Stopping threads took: 0.0000100 seconds
20.943: Application time: 0.3275840 seconds
20.943: [GC20.943: [DefNew: 109627K->7601K(115008K), 0.0124760 secs] 179193K->84150K(370432K), 0.0125090 secs] [Times: user=0.01 sys=0.00, real=0.01 secs] 
20.956: Total time for which application threads were stopped: 0.0132200 seconds, Stopping threads took: 0.0000140 seconds
21.369: Application time: 0.4131300 seconds
21.370: Total time for which application threads were stopped: 0.0007830 seconds, Stopping threads took: 0.0000120 seconds
21.389: Application time: 0.0197440 seconds
21.390: Total time for which application threads were stopped: 0.0003520 seconds, Stopping threads took: 0.0000120 seconds
21.437: Application time: 0.0471870 seconds
21.437: [GC21.437: [DefNew: 109873K->7349K(115008K), 0.0151350 secs] 186422K->91025K(370432K), 0.0151730 secs] [Times: user=0.01 sys=0.01, real=0.02 secs] 
21.453: Total time for which application threads were stopped: 0.0156570 seconds, Stopping threads took: 0.0000380 seconds
21.890: Application time: 0.4372880 seconds
21.891: [GC21.891: [DefNew: 109621K->7001K(115008K), 0.0111110 secs] 193297K->97472K(370432K), 0.0111440 secs] [Times: user=0.01 sys=0.00, real=0.01 secs] 
21.902: Total time for which application threads were stopped: 0.0118120 seconds, Stopping threads took: 0.0000110 seconds
22.386: Application time: 0.4841400 seconds
22.387: [GC22.387: [DefNew: 109273K->7565K(115008K), 0.0136460 secs] 199744K->104577K(370432K), 0.0136820 secs] [Times: user=0.01 sys=0.00, real=0.02 secs] 
22.400: Total time for which application threads were stopped: 0.0144480 seconds, Stopping threads took: 0.0000130 seconds
22.454: Application time: 0.0541150 seconds
22.455: Total time for which application threads were stopped: 0.0004100 seconds, Stopping threads took: 0.0000120 seconds
22.889: Application time: 0.4337780 seconds
22.889: [GC22.889: [DefNew: 109837K->7700K(115008K), 0.0130730 secs] 206849K->111823K(370432K), 0.0131070 secs] [Times: user=0.01 sys=0.00, real=0.01 secs] 
22.903: Total time for which application threads were stopped: 0.0138420 seconds, Stopping threads took: 0.0000130 seconds
23.351: Application time: 0.4481050 seconds
23.351: [GC23.351: [DefNew: 109972K->7665K(115008K), 0.0128000 secs] 214095K->118999K(370432K), 0.0128320 secs] [Times: user=0.01 sys=0.00, real=0.01 secs] 
23.364: Total time for which application threads were stopped: 0.0136960 seconds, Stopping threads took: 0.0000120 seconds
23.375: Application time: 0.0106280 seconds
23.375: Total time for which application threads were stopped: 0.0004120 seconds, Stopping threads took: 0.0000190 seconds
23.889: Application time: 0.5136170 seconds
23.890: [GC23.890: [DefNew: 109937K->7559K(115008K), 0.0145520 secs] 221271K->126042K(370432K), 0.0145850 secs] [Times: user=0.02 sys=0.01, real=0.01 secs] 
23.904: Total time for which application threads were stopped: 0.0154020 seconds, Stopping threads took: 0.0000130 seconds
24.347: Application time: 0.4428720 seconds
24.348: [GC24.348: [DefNew: 109831K->7380K(115008K), 0.0129730 secs] 228314K->132820K(370432K), 0.0130060 secs] [Times: user=0.02 sys=0.00, real=0.01 secs] 
24.361: Total time for which application threads were stopped: 0.0137030 seconds, Stopping threads took: 0.0000120 seconds
24.375: Application time: 0.0142470 seconds
24.376: Total time for which application threads were stopped: 0.0004280 seconds, Stopping threads took: 0.0000110 seconds
24.376: Application time: 0.0000180 seconds
24.376: Total time for which application threads were stopped: 0.0000690 seconds, Stopping threads took: 0.0000030 seconds
24.376: Application time: 0.0000840 seconds
24.376: Total time for which application threads were stopped: 0.0000610 seconds, Stopping threads took: 0.0000030 seconds
24.376: Application time: 0.0000310 seconds
24.376: Total time for which application threads were stopped: 0.0000600 seconds, Stopping threads took: 0.0000030 seconds
24.376: Application time: 0.0000410 seconds
24.376: Total time for which application threads were stopped: 0.0000610 seconds, Stopping threads took: 0.0000040 seconds
24.376: Application time: 0.0000160 seconds
24.376: Total time for which application threads were stopped: 0.0000590 seconds, Stopping threads took: 0.0000030 seconds
24.442: Application time: 0.0658690 seconds
24.443: Total time for which application threads were stopped: 0.0004750 seconds, Stopping threads took: 0.0000470 seconds
24.446: Application time: 0.0031710 seconds
24.446: Total time for which application threads were stopped: 0.0001950 seconds, Stopping threads took: 0.0000110 seconds
24.449: Application time: 0.0026360 seconds
24.449: Total time for which application threads were stopped: 0.0003310 seconds, Stopping threads took: 0.0000100 seconds
24.924: Application time: 0.4755250 seconds
24.925: [GC24.925: [DefNew: 109652K->6030K(115008K), 0.0098220 secs] 235092K->138513K(370432K), 0.0098620 secs] [Times: user=0.01 sys=0.00, real=0.01 secs] 
24.935: Total time for which application threads were stopped: 0.0105440 seconds, Stopping threads took: 0.0000120 seconds
25.413: Application time: 0.4778570 seconds
25.414: [GC25.414: [DefNew: 108302K->12736K(115008K), 0.0095990 secs] 240785K->145265K(370432K), 0.0096300 secs] [Times: user=0.01 sys=0.00, real=0.01 secs] 
25.423: Total time for which application threads were stopped: 0.0103930 seconds, Stopping threads took: 0.0000130 seconds
25.515: Application time: 0.0922960 seconds
25.516: Total time for which application threads were stopped: 0.0003930 seconds, Stopping threads took: 0.0000120 seconds
25.539: Application time: 0.0235480 seconds
25.540: Total time for which application threads were stopped: 0.0003260 seconds, Stopping threads took: 0.0000210 seconds
25.540: Application time: 0.0001600 seconds
25.540: Total time for which application threads were stopped: 0.0001330 seconds, Stopping threads took: 0.0000130 seconds
25.901: Application time: 0.3612380 seconds
25.902: [GC25.902: [DefNew: 115008K->6869K(115008K), 0.0126270 secs] 247537K->151286K(370432K), 0.0126590 secs] [Times: user=0.01 sys=0.00, real=0.01 secs] 
25.915: Total time for which application threads were stopped: 0.0132700 seconds, Stopping threads took: 0.0000130 seconds
26.376: Application time: 0.4613440 seconds
26.377: [GC26.377: [DefNew: 109141K->7439K(115008K), 0.0114270 secs] 253558K->158353K(370432K), 0.0114590 secs] [Times: user=0.01 sys=0.00, real=0.02 secs] 
26.388: Total time for which application threads were stopped: 0.0122600 seconds, Stopping threads took: 0.0000130 seconds
26.500: Application time: 0.1114600 seconds
26.500: Total time for which application threads were stopped: 0.0003310 seconds, Stopping threads took: 0.0000100 seconds
26.904: Application time: 0.4036710 seconds
26.904: [GC26.904: [DefNew: 109711K->7620K(115008K), 0.0120740 secs] 260625K->165701K(370432K), 0.0121080 secs] [Times: user=0.01 sys=0.00, real=0.01 secs] 
26.916: Total time for which application threads were stopped: 0.0128680 seconds, Stopping threads took: 0.0000120 seconds
27.378: Application time: 0.4611280 seconds
27.378: [GC27.378: [DefNew: 109892K->7038K(115008K), 0.0108020 secs] 267973K->172148K(370432K), 0.0108340 secs] [Times: user=0.01 sys=0.00, real=0.02 secs] 
27.389: Total time for which application threads were stopped: 0.0115040 seconds, Stopping threads took: 0.0000120 seconds
27.516: Application time: 0.1265610 seconds
27.516: Total time for which application threads were stopped: 0.0005060 seconds, Stopping threads took: 0.0000130 seconds
27.907: Application time: 0.3908130 seconds
27.908: [GC27.908: [DefNew: 109310K->7607K(115008K), 0.0120560 secs] 274420K->179454K(370432K), 0.0120880 secs] [Times: user=0.00 sys=0.00, real=0.01 secs] 
27.920: Total time for which application threads were stopped: 0.0128060 seconds, Stopping threads took: 0.0000120 seconds
28.387: Application time: 0.4674880 seconds
28.388: [GC28.388: [DefNew: 109879K->7391K(115008K), 0.0119390 secs] 281726K->186453K(370432K), 0.0119700 secs] [Times: user=0.01 sys=0.00, real=0.01 secs] 
28.400: Total time for which application threads were stopped: 0.0126880 seconds, Stopping threads took: 0.0000110 seconds
28.515: Application time: 0.1154150 seconds
28.516: Total time for which application threads were stopped: 0.0003480 seconds, Stopping threads took: 0.0000100 seconds
28.526: Application time: 0.0102750 seconds
28.526: Total time for which application threads were stopped: 0.0003340 seconds, Stopping threads took: 0.0000110 seconds
28.940: Application time: 0.4136370 seconds
28.941: [GC28.941: [DefNew: 109663K->7474K(115008K), 0.0122530 secs] 288725K->193517K(370432K), 0.0122870 secs] [Times: user=0.01 sys=0.00, real=0.01 secs] 
28.953: Total time for which application threads were stopped: 0.0130400 seconds, Stopping threads took: 0.0000130 seconds
29.436: Application time: 0.4828350 seconds
29.437: [GC29.437: [DefNew: 109746K->7486K(115008K), 0.0129590 secs] 295789K->200579K(370432K), 0.0129940 secs] [Times: user=0.02 sys=0.00, real=0.02 secs] 
29.450: Total time for which application threads were stopped: 0.0137270 seconds, Stopping threads took: 0.0000110 seconds
29.528: Application time: 0.0781280 seconds
29.528: Total time for which application threads were stopped: 0.0004470 seconds, Stopping threads took: 0.0000120 seconds
29.918: Application time: 0.3898910 seconds
29.919: [GC29.919: [DefNew: 109758K->6977K(115008K), 0.0109420 secs] 302851K->206952K(370432K), 0.0109760 secs] [Times: user=0.01 sys=0.00, real=0.02 secs] 
29.930: Total time for which application threads were stopped: 0.0115990 seconds, Stopping threads took: 0.0000160 seconds
30.410: Application time: 0.4807980 seconds
30.411: [GC30.411: [DefNew: 109249K->7394K(115008K), 0.0116490 secs] 309224K->213905K(370432K), 0.0116800 secs] [Times: user=0.01 sys=0.00, real=0.01 secs] 
30.423: Total time for which application threads were stopped: 0.0124200 seconds, Stopping threads took: 0.0000120 seconds
30.619: Application time: 0.1959850 seconds
30.619: Total time for which application threads were stopped: 0.0005550 seconds, Stopping threads took: 0.0000120 seconds
30.933: Application time: 0.3133330 seconds
30.933: [GC30.933: [DefNew: 109666K->7655K(115008K), 0.0146410 secs] 316177K->221119K(370432K), 0.0146730 secs] [Times: user=0.01 sys=0.00, real=0.02 secs] 
30.948: Total time for which application threads were stopped: 0.0152510 seconds, Stopping threads took: 0.0000100 seconds
31.415: Application time: 0.4671710 seconds
31.416: [GC31.416: [DefNew: 109927K->7646K(115008K), 0.0128930 secs] 323391K->228297K(370432K), 0.0129250 secs] [Times: user=0.02 sys=0.00, real=0.02 secs] 
31.429: Total time for which application threads were stopped: 0.0137910 seconds, Stopping threads took: 0.0000140 seconds
31.561: Application time: 0.1324160 seconds
31.562: Total time for which application threads were stopped: 0.0005150 seconds, Stopping threads took: 0.0000120 seconds
31.931: Application time: 0.3692590 seconds
31.932: [GC31.932: [DefNew: 109918K->7638K(115008K), 0.0126070 secs] 330569K->235420K(370432K), 0.0126370 secs] [Times: user=0.01 sys=0.00, real=0.01 secs] 
31.945: Total time for which application threads were stopped: 0.0133760 seconds, Stopping threads took: 0.0000140 seconds
32.434: Application time: 0.4890230 seconds
32.434: [GC32.434: [DefNew: 109910K->7274K(115008K), 0.0117790 secs] 337692K->242067K(370432K), 0.0118110 secs] [Times: user=0.00 sys=0.00, real=0.01 secs] 
32.446: Total time for which application threads were stopped: 0.0125190 seconds, Stopping threads took: 0.0000130 seconds
32.567: Application time: 0.1210540 seconds
32.568: Total time for which application threads were stopped: 0.0004800 seconds, Stopping threads took: 0.0000120 seconds
32.568: Application time: 0.0006860 seconds
32.568: Total time for which application threads were stopped: 0.0001110 seconds, Stopping threads took: 0.0000190 seconds
32.570: Application time: 0.0013000 seconds
32.570: Total time for which application threads were stopped: 0.0001570 seconds, Stopping threads took: 0.0000170 seconds
32.572: Application time: 0.0016700 seconds
32.572: Total time for which application threads were stopped: 0.0000870 seconds, Stopping threads took: 0.0000180 seconds
32.577: Application time: 0.0054680 seconds
32.577: Total time for which application threads were stopped: 0.0001660 seconds, Stopping threads took: 0.0000090 seconds
32.582: Application time: 0.0049970 seconds
32.583: Total time for which application threads were stopped: 0.0002140 seconds, Stopping threads took: 0.0000190 seconds
32.601: Application time: 0.0186710 seconds
32.602: Total time for which application threads were stopped: 0.0003800 seconds, Stopping threads took: 0.0000160 seconds
32.618: Application time: 0.0161160 seconds
32.618: Total time for which application threads were stopped: 0.0000940 seconds, Stopping threads took: 0.0000180 seconds
32.636: Application time: 0.0178350 seconds
32.636: Total time for which application threads were stopped: 0.0000760 seconds, Stopping threads took: 0.0000080 seconds
32.639: Application time: 0.0033320 seconds
32.639: Total time for which application threads were stopped: 0.0000780 seconds, Stopping threads took: 0.0000180 seconds
33.188: Application time: 0.5491400 seconds
33.189: Total time for which application threads were stopped: 0.0002780 seconds, Stopping threads took: 0.0000090 seconds
33.678: Application time: 0.4898750 seconds
33.679: Total time for which application threads were stopped: 0.0002790 seconds, Stopping threads took: 0.0000200 seconds
33.687: Application time: 0.0083860 seconds
33.687: Total time for which application threads were stopped: 0.0001470 seconds, Stopping threads took: 0.0000190 seconds
33.695: Application time: 0.0078210 seconds
33.695: Total time for which application threads were stopped: 0.0001580 seconds, Stopping threads took: 0.0000300 seconds
33.696: Application time: 0.0003780 seconds
33.696: Total time for which application threads were stopped: 0.0001140 seconds, Stopping threads took: 0.0000220 seconds
33.696: Application time: 0.0000150 seconds
33.696: Total time for which application threads were stopped: 0.0001030 seconds, Stopping threads took: 0.0000180 seconds
33.696: Application time: 0.0000600 seconds
33.696: Total time for which application threads were stopped: 0.0001140 seconds, Stopping threads took: 0.0000550 seconds
33.696: Application time: 0.0002560 seconds
33.696: Total time for which application threads were stopped: 0.0000900 seconds, Stopping threads took: 0.0000120 seconds
33.696: Application time: 0.0000130 seconds
33.696: Total time for which application threads were stopped: 0.0000730 seconds, Stopping threads took: 0.0000180 seconds
33.697: Application time: 0.0000100 seconds
33.697: Total time for which application threads were stopped: 0.0000680 seconds, Stopping threads took: 0.0000140 seconds
33.697: Application time: 0.0000130 seconds
33.697: Total time for which application threads were stopped: 0.0000680 seconds, Stopping threads took: 0.0000150 seconds
33.697: Application time: 0.0000880 seconds
33.697: Total time for which application threads were stopped: 0.0000900 seconds, Stopping threads took: 0.0000150 seconds
33.697: Application time: 0.0001210 seconds
33.697: Total time for which application threads were stopped: 0.0000740 seconds, Stopping threads took: 0.0000200 seconds
33.697: Application time: 0.0001450 seconds
33.697: Total time for which application threads were stopped: 0.0000710 seconds, Stopping threads took: 0.0000160 seconds
33.697: Application time: 0.0000610 seconds
33.697: Total time for which application threads were stopped: 0.0001480 seconds, Stopping threads took: 0.0000370 seconds
33.698: Application time: 0.0000330 seconds
33.698: Total time for which application threads were stopped: 0.0001200 seconds, Stopping threads took: 0.0000430 seconds
33.698: Application time: 0.0001470 seconds
33.698: Total time for which application threads were stopped: 0.0001080 seconds, Stopping threads took: 0.0000420 seconds
33.698: Application time: 0.0000680 seconds
33.698: Total time for which application threads were stopped: 0.0001090 seconds, Stopping threads took: 0.0000450 seconds
33.698: Application time: 0.0001020 seconds
33.698: Total time for which application threads were stopped: 0.0000840 seconds, Stopping threads took: 0.0000240 seconds
33.698: Application time: 0.0000280 seconds
33.698: Total time for which application threads were stopped: 0.0000910 seconds, Stopping threads took: 0.0000290 seconds
33.698: Application time: 0.0001080 seconds
33.699: Total time for which application threads were stopped: 0.0000790 seconds, Stopping threads took: 0.0000190 seconds
33.702: Application time: 0.0032440 seconds
33.702: Total time for which application threads were stopped: 0.0000900 seconds, Stopping threads took: 0.0000070 seconds
33.702: Application time: 0.0000610 seconds
33.702: Total time for which application threads were stopped: 0.0000680 seconds, Stopping threads took: 0.0000070 seconds
33.704: Application time: 0.0023440 seconds
33.704: Total time for which application threads were stopped: 0.0001120 seconds, Stopping threads took: 0.0000240 seconds
33.705: Application time: 0.0006070 seconds
33.705: Total time for which application threads were stopped: 0.0000870 seconds, Stopping threads took: 0.0000140 seconds
33.705: Application time: 0.0003140 seconds
33.706: Total time for which application threads were stopped: 0.0000770 seconds, Stopping threads took: 0.0000160 seconds
33.706: Application time: 0.0002710 seconds
33.706: Total time for which application threads were stopped: 0.0000680 seconds, Stopping threads took: 0.0000070 seconds
33.706: Application time: 0.0004170 seconds
33.706: Total time for which application threads were stopped: 0.0000720 seconds, Stopping threads took: 0.0000100 seconds
33.707: Application time: 0.0003910 seconds
33.707: Total time for which application threads were stopped: 0.0000710 seconds, Stopping threads took: 0.0000170 seconds
33.708: Application time: 0.0015500 seconds
33.709: Total time for which application threads were stopped: 0.0001050 seconds, Stopping threads took: 0.0000160 seconds
33.709: Application time: 0.0004510 seconds
33.709: Total time for which application threads were stopped: 0.0000930 seconds, Stopping threads took: 0.0000150 seconds
33.710: Application time: 0.0006430 seconds
33.710: Total time for which application threads were stopped: 0.0001030 seconds, Stopping threads took: 0.0000230 seconds
33.711: Application time: 0.0013890 seconds
33.711: Total time for which application threads were stopped: 0.0000870 seconds, Stopping threads took: 0.0000180 seconds
33.711: Application time: 0.0000210 seconds
33.711: Total time for which application threads were stopped: 0.0000660 seconds, Stopping threads took: 0.0000050 seconds
33.711: Application time: 0.0000790 seconds
33.712: Total time for which application threads were stopped: 0.0000870 seconds, Stopping threads took: 0.0000120 seconds
33.712: Application time: 0.0005210 seconds
33.712: Total time for which application threads were stopped: 0.0000930 seconds, Stopping threads took: 0.0000230 seconds
33.712: Application time: 0.0002900 seconds
33.713: Total time for which application threads were stopped: 0.0000750 seconds, Stopping threads took: 0.0000060 seconds
33.713: Application time: 0.0004560 seconds
33.713: Total time for which application threads were stopped: 0.0000920 seconds, Stopping threads took: 0.0000230 seconds
33.714: Application time: 0.0006600 seconds
33.714: Total time for which application threads were stopped: 0.0000750 seconds, Stopping threads took: 0.0000070 seconds
33.715: Application time: 0.0014570 seconds
33.715: Total time for which application threads were stopped: 0.0000860 seconds, Stopping threads took: 0.0000130 seconds
33.717: Application time: 0.0015640 seconds
33.717: Total time for which application threads were stopped: 0.0000960 seconds, Stopping threads took: 0.0000170 seconds
33.717: Application time: 0.0002010 seconds
33.717: Total time for which application threads were stopped: 0.0001580 seconds, Stopping threads took: 0.0000070 seconds
33.718: Application time: 0.0005500 seconds
33.718: Total time for which application threads were stopped: 0.0001220 seconds, Stopping threads took: 0.0000370 seconds
33.718: Application time: 0.0001300 seconds
33.718: Total time for which application threads were stopped: 0.0001400 seconds, Stopping threads took: 0.0000490 seconds
33.719: Application time: 0.0002670 seconds
33.719: Total time for which application threads were stopped: 0.0000790 seconds, Stopping threads took: 0.0000110 seconds
33.719: Application time: 0.0001150 seconds
33.719: Total time for which application threads were stopped: 0.0000900 seconds, Stopping threads took: 0.0000320 seconds
33.719: Application time: 0.0001160 seconds
33.719: Total time for which application threads were stopped: 0.0000800 seconds, Stopping threads took: 0.0000200 seconds
33.719: Application time: 0.0000940 seconds
33.719: Total time for which application threads were stopped: 0.0000700 seconds, Stopping threads took: 0.0000120 seconds
33.719: Application time: 0.0000730 seconds
33.719: Total time for which application threads were stopped: 0.0000770 seconds, Stopping threads took: 0.0000180 seconds
33.720: Application time: 0.0001250 seconds
33.720: Total time for which application threads were stopped: 0.0000740 seconds, Stopping threads took: 0.0000140 seconds
33.720: Application time: 0.0000400 seconds
33.720: Total time for which application threads were stopped: 0.0000660 seconds, Stopping threads took: 0.0000130 seconds
33.720: Application time: 0.0000190 seconds
33.720: Total time for which application threads were stopped: 0.0000730 seconds, Stopping threads took: 0.0000160 seconds
33.720: Application time: 0.0000690 seconds
33.720: Total time for which application threads were stopped: 0.0000670 seconds, Stopping threads took: 0.0000090 seconds
33.720: Application time: 0.0000940 seconds
33.720: Total time for which application threads were stopped: 0.0000730 seconds, Stopping threads took: 0.0000160 seconds
33.721: Application time: 0.0005040 seconds
33.721: Total time for which application threads were stopped: 0.0000930 seconds, Stopping threads took: 0.0000200 seconds
33.721: Application time: 0.0000710 seconds
33.721: Total time for which application threads were stopped: 0.0000750 seconds, Stopping threads took: 0.0000140 seconds
33.721: Application time: 0.0001110 seconds
33.721: Total time for which application threads were stopped: 0.0000690 seconds, Stopping threads took: 0.0000140 seconds
33.721: Application time: 0.0000160 seconds
33.721: Total time for which application threads were stopped: 0.0000750 seconds, Stopping threads took: 0.0000210 seconds
33.721: Application time: 0.0001400 seconds
33.721: Total time for which application threads were stopped: 0.0000630 seconds, Stopping threads took: 0.0000060 seconds
33.721: Application time: 0.0000890 seconds
33.721: Total time for which application threads were stopped: 0.0000700 seconds, Stopping threads took: 0.0000110 seconds
33.722: Application time: 0.0000150 seconds
33.722: Total time for which application threads were stopped: 0.0000700 seconds, Stopping threads took: 0.0000120 seconds
33.722: Application time: 0.0000280 seconds
33.722: Total time for which application threads were stopped: 0.0000760 seconds, Stopping threads took: 0.0000190 seconds
33.722: Application time: 0.0006090 seconds
33.722: Total time for which application threads were stopped: 0.0000790 seconds, Stopping threads took: 0.0000180 seconds
33.724: Application time: 0.0014410 seconds
33.724: Total time for which application threads were stopped: 0.0002040 seconds, Stopping threads took: 0.0000480 seconds
33.726: Application time: 0.0017020 seconds
33.726: Total time for which application threads were stopped: 0.0001990 seconds, Stopping threads took: 0.0000100 seconds
33.726: Application time: 0.0003720 seconds
33.726: Total time for which application threads were stopped: 0.0001150 seconds, Stopping threads took: 0.0000290 seconds
33.727: Application time: 0.0006660 seconds
33.727: Total time for which application threads were stopped: 0.0001240 seconds, Stopping threads took: 0.0000450 seconds
33.728: Application time: 0.0009040 seconds
33.728: Total time for which application threads were stopped: 0.0000860 seconds, Stopping threads took: 0.0000090 seconds
33.728: Application time: 0.0000450 seconds
33.728: Total time for which application threads were stopped: 0.0000860 seconds, Stopping threads took: 0.0000230 seconds
33.729: Application time: 0.0011430 seconds
33.730: Total time for which application threads were stopped: 0.0001130 seconds, Stopping threads took: 0.0000410 seconds
33.730: Application time: 0.0007530 seconds
33.730: Total time for which application threads were stopped: 0.0000830 seconds, Stopping threads took: 0.0000210 seconds
33.730: Application time: 0.0000370 seconds
33.731: Total time for which application threads were stopped: 0.0000680 seconds, Stopping threads took: 0.0000110 seconds
33.735: Application time: 0.0043770 seconds
33.735: Total time for which application threads were stopped: 0.0001840 seconds, Stopping threads took: 0.0000530 seconds
33.735: Application time: 0.0000450 seconds
33.735: Total time for which application threads were stopped: 0.0001360 seconds, Stopping threads took: 0.0000370 seconds
33.735: Application time: 0.0000180 seconds
33.735: Total time for which application threads were stopped: 0.0001000 seconds, Stopping threads took: 0.0000060 seconds
33.735: Application time: 0.0000250 seconds
33.736: Total time for which application threads were stopped: 0.0001190 seconds, Stopping threads took: 0.0000240 seconds
33.736: Application time: 0.0000640 seconds
33.736: Total time for which application threads were stopped: 0.0001040 seconds, Stopping threads took: 0.0000190 seconds
33.738: Application time: 0.0019040 seconds
33.738: Total time for which application threads were stopped: 0.0001310 seconds, Stopping threads took: 0.0000420 seconds
33.738: Application time: 0.0000880 seconds
33.738: Total time for which application threads were stopped: 0.0001560 seconds, Stopping threads took: 0.0000220 seconds
33.739: Application time: 0.0011960 seconds
33.739: Total time for which application threads were stopped: 0.0001250 seconds, Stopping threads took: 0.0000370 seconds
33.741: Application time: 0.0021010 seconds
33.742: Total time for which application threads were stopped: 0.0002280 seconds, Stopping threads took: 0.0001240 seconds
33.742: Application time: 0.0005750 seconds
33.742: Total time for which application threads were stopped: 0.0001580 seconds, Stopping threads took: 0.0000650 seconds
33.743: Application time: 0.0005080 seconds
33.743: Total time for which application threads were stopped: 0.0001700 seconds, Stopping threads took: 0.0000870 seconds
33.743: Application time: 0.0000720 seconds
33.743: Total time for which application threads were stopped: 0.0001520 seconds, Stopping threads took: 0.0000600 seconds
33.745: Application time: 0.0020530 seconds
33.745: Total time for which application threads were stopped: 0.0001310 seconds, Stopping threads took: 0.0000460 seconds
33.746: Application time: 0.0008710 seconds
33.747: Total time for which application threads were stopped: 0.0009040 seconds, Stopping threads took: 0.0008080 seconds
33.804: Application time: 0.0566980 seconds
33.804: Total time for which application threads were stopped: 0.0004840 seconds, Stopping threads took: 0.0000690 seconds
33.805: Application time: 0.0009690 seconds
33.806: Total time for which application threads were stopped: 0.0002050 seconds, Stopping threads took: 0.0000450 seconds
33.808: Application time: 0.0026880 seconds
33.809: Total time for which application threads were stopped: 0.0002750 seconds, Stopping threads took: 0.0000490 seconds
33.813: Application time: 0.0047600 seconds
33.814: Total time for which application threads were stopped: 0.0002960 seconds, Stopping threads took: 0.0000430 seconds
33.814: Application time: 0.0002380 seconds
33.814: Total time for which application threads were stopped: 0.0001900 seconds, Stopping threads took: 0.0000290 seconds
33.831: Application time: 0.0171900 seconds
33.832: Total time for which application threads were stopped: 0.0004530 seconds, Stopping threads took: 0.0000540 seconds
33.832: Application time: 0.0000630 seconds
33.832: Total time for which application threads were stopped: 0.0001430 seconds, Stopping threads took: 0.0000410 seconds
33.835: Application time: 0.0027100 seconds
33.835: Total time for which application threads were stopped: 0.0002540 seconds, Stopping threads took: 0.0000550 seconds
33.836: Application time: 0.0011940 seconds
33.836: Total time for which application threads were stopped: 0.0001990 seconds, Stopping threads took: 0.0000530 seconds
33.842: Application time: 0.0052410 seconds
33.844: Total time for which application threads were stopped: 0.0023240 seconds, Stopping threads took: 0.0019990 seconds
33.920: Application time: 0.0760480 seconds
33.920: [GC33.920: [DefNew: 109546K->12735K(115008K), 0.0199630 secs] 344339K->260997K(370432K), 0.0200250 secs] [Times: user=0.03 sys=0.01, real=0.02 secs] 
33.940: Total time for which application threads were stopped: 0.0205320 seconds, Stopping threads took: 0.0000470 seconds
33.954: Application time: 0.0135010 seconds
33.954: Total time for which application threads were stopped: 0.0004780 seconds, Stopping threads took: 0.0000980 seconds
33.955: Application time: 0.0000710 seconds
33.955: Total time for which application threads were stopped: 0.0001670 seconds, Stopping threads took: 0.0000580 seconds
33.990: Application time: 0.0354160 seconds
33.991: Total time for which application threads were stopped: 0.0004970 seconds, Stopping threads took: 0.0000880 seconds
34.212: Application time: 0.2209140 seconds
34.212: [GC34.212: [DefNew: 115007K->115007K(115008K), 0.0000090 secs]34.212: [Tenured: 248261K->255402K(255424K), 0.1316060 secs] 363269K->262701K(370432K), [Perm : 13406K->13406K(21248K)], 0.1316810 secs] [Times: user=0.12 sys=0.00, real=0.13 secs] 
34.344: Total time for which application threads were stopped: 0.1322480 seconds, Stopping threads took: 0.0001070 seconds
34.344: Application time: 0.0002110 seconds
34.344: Total time for which application threads were stopped: 0.0004220 seconds, Stopping threads took: 0.0001200 seconds
34.348: Application time: 0.0031020 seconds
34.348: Total time for which application threads were stopped: 0.0004080 seconds, Stopping threads took: 0.0000850 seconds
34.348: Application time: 0.0000480 seconds
34.348: Total time for which application threads were stopped: 0.0001320 seconds, Stopping threads took: 0.0000350 seconds
34.348: Application time: 0.0000260 seconds
34.348: Total time for which application threads were stopped: 0.0001880 seconds, Stopping threads took: 0.0000640 seconds
34.491: Application time: 0.1427600 seconds
34.492: [Full GC34.492: [Tenured: 256703K->250162K(256704K), 0.1921710 secs] 372223K->250162K(372224K), [Perm : 13493K->13477K(21248K)], 0.1922170 secs] [Times: user=0.19 sys=0.01, real=0.19 secs] 
34.684: Total time for which application threads were stopped: 0.1927200 seconds, Stopping threads took: 0.0000210 seconds
34.732: Application time: 0.0486140 seconds
34.733: [GC34.733: [DefNew: 102720K->102720K(115520K), 0.0000090 secs]34.733: [Tenured: 250162K->255290K(256704K), 0.1194140 secs] 352882K->255290K(372224K), [Perm : 13477K->13477K(21248K)], 0.1194690 secs] [Times: user=0.12 sys=0.00, real=0.12 secs] 
34.853: Total time for which application threads were stopped: 0.1201220 seconds, Stopping threads took: 0.0001720 seconds
34.889: Application time: 0.0368450 seconds
34.890: [GC34.890: [DefNew: 102720K->102720K(115520K), 0.0000090 secs]34.890: [Tenured: 255290K->256675K(256704K), 0.1267150 secs] 358010K->259407K(372224K), [Perm : 13478K->13478K(21248K)], 0.1267800 secs] [Times: user=0.12 sys=0.00, real=0.12 secs] 
35.017: Total time for which application threads were stopped: 0.1273680 seconds, Stopping threads took: 0.0001260 seconds
35.109: Application time: 0.0922830 seconds
35.110: [Full GC35.110: [Tenured: 256703K->256703K(256704K), 0.1194020 secs] 372223K->264285K(372224K), [Perm : 13478K->13478K(21248K)], 0.1194460 secs] [Times: user=0.12 sys=0.00, real=0.12 secs] 
35.229: Total time for which application threads were stopped: 0.1199400 seconds, Stopping threads took: 0.0000350 seconds
35.321: Application time: 0.0916610 seconds
35.321: [Full GC35.321: [Tenured: 256703K->256696K(256704K), 0.1731910 secs] 372223K->268824K(372224K), [Perm : 13479K->13479K(21248K)], 0.1732370 secs] [Times: user=0.17 sys=0.00, real=0.17 secs] 
35.494: Total time for which application threads were stopped: 0.1736710 seconds, Stopping threads took: 0.0000120 seconds
35.585: Application time: 0.0911390 seconds
35.586: [Full GC35.586: [Tenured: 256704K->256704K(256704K), 0.1225720 secs] 372224K->273431K(372224K), [Perm : 13481K->13481K(21248K)], 0.1226150 secs] [Times: user=0.12 sys=0.00, real=0.13 secs] 
35.709: Total time for which application threads were stopped: 0.1230330 seconds, Stopping threads took: 0.0000120 seconds
35.799: Application time: 0.0908040 seconds
35.800: [Full GC35.800: [Tenured: 256704K->256704K(256704K), 0.1249080 secs] 372223K->277692K(372224K), [Perm : 13483K->13483K(21248K)], 0.1249530 secs] [Times: user=0.13 sys=0.00, real=0.12 secs] 
35.925: Total time for which application threads were stopped: 0.1253950 seconds, Stopping threads took: 0.0000130 seconds
36.008: Application time: 0.0830970 seconds
36.008: [Full GC36.008: [Tenured: 256704K->256704K(256704K), 0.1286050 secs] 372223K->281881K(372224K), [Perm : 13484K->13484K(21248K)], 0.1286500 secs] [Times: user=0.13 sys=0.00, real=0.12 secs] 
36.137: Total time for which application threads were stopped: 0.1290980 seconds, Stopping threads took: 0.0000130 seconds
36.219: Application time: 0.0817190 seconds
36.219: [Full GC36.219: [Tenured: 256704K->256684K(256704K), 0.1791680 secs] 372223K->285564K(372224K), [Perm : 13485K->13485K(21248K)], 0.1792170 secs] [Times: user=0.18 sys=0.00, real=0.18 secs] 
36.398: Total time for which application threads were stopped: 0.1796780 seconds, Stopping threads took: 0.0000140 seconds
36.487: Application time: 0.0885260 seconds
36.487: [Full GC36.487: [Tenured: 256703K->256703K(256704K), 0.1244710 secs] 372223K->289574K(372224K), [Perm : 13491K->13491K(21248K)], 0.1245160 secs] [Times: user=0.13 sys=0.00, real=0.13 secs] 
36.612: Total time for which application threads were stopped: 0.1249730 seconds, Stopping threads took: 0.0000130 seconds
36.701: Application time: 0.0887840 seconds
36.701: [Full GC36.701: [Tenured: 256703K->256703K(256704K), 0.1302660 secs] 372223K->292893K(372224K), [Perm : 13495K->13495K(21248K)], 0.1303120 secs] [Times: user=0.13 sys=0.00, real=0.13 secs] 
36.831: Total time for which application threads were stopped: 0.1307990 seconds, Stopping threads took: 0.0000130 seconds
36.914: Application time: 0.0828560 seconds
36.915: [Full GC36.915: [Tenured: 256703K->256703K(256704K), 0.1283380 secs] 372223K->296437K(372224K), [Perm : 13500K->13500K(21248K)], 0.1283830 secs] [Times: user=0.13 sys=0.00, real=0.13 secs] 
37.043: Total time for which application threads were stopped: 0.1288410 seconds, Stopping threads took: 0.0000120 seconds
37.118: Application time: 0.0751010 seconds
37.119: [Full GC37.119: [Tenured: 256703K->256703K(256704K), 0.1847690 secs] 372223K->299546K(372224K), [Perm : 13501K->13501K(21248K)], 0.1848120 secs] [Times: user=0.19 sys=0.00, real=0.19 secs] 
37.303: Total time for which application threads were stopped: 0.1852640 seconds, Stopping threads took: 0.0000130 seconds
37.377: Application time: 0.0733610 seconds
37.377: [Full GC37.377: [Tenured: 256703K->256703K(256704K), 0.1321510 secs] 372223K->302615K(372224K), [Perm : 13502K->13502K(21248K)], 0.1321970 secs] [Times: user=0.14 sys=0.00, real=0.14 secs] 
37.510: Total time for which application threads were stopped: 0.1326860 seconds, Stopping threads took: 0.0000130 seconds
37.586: Application time: 0.0761190 seconds
37.586: [Full GC37.586: [Tenured: 256703K->256703K(256704K), 0.1338020 secs] 372223K->305775K(372224K), [Perm : 13502K->13502K(21248K)], 0.1338460 secs] [Times: user=0.14 sys=0.00, real=0.14 secs] 
37.720: Total time for which application threads were stopped: 0.1343000 seconds, Stopping threads took: 0.0000130 seconds
37.798: Application time: 0.0777110 seconds
37.798: [Full GC37.798: [Tenured: 256703K->256703K(256704K), 0.1344090 secs] 372223K->308530K(372224K), [Perm : 13502K->13502K(21248K)], 0.1344550 secs] [Times: user=0.14 sys=0.00, real=0.14 secs] 
37.933: Total time for which application threads were stopped: 0.1349430 seconds, Stopping threads took: 0.0000130 seconds
38.009: Application time: 0.0761360 seconds
38.009: [Full GC38.009: [Tenured: 256703K->256685K(256704K), 0.1898810 secs] 372223K->311399K(372224K), [Perm : 13504K->13504K(21248K)], 0.1899240 secs] [Times: user=0.19 sys=0.00, real=0.18 secs] 
38.199: Total time for which application threads were stopped: 0.1903860 seconds, Stopping threads took: 0.0000120 seconds
38.273: Application time: 0.0743350 seconds
38.274: [Full GC38.274: [Tenured: 256703K->256703K(256704K), 0.1390240 secs] 372223K->314171K(372224K), [Perm : 13506K->13506K(21248K)], 0.1390670 secs] [Times: user=0.14 sys=0.00, real=0.14 secs] 
38.413: Total time for which application threads were stopped: 0.1395170 seconds, Stopping threads took: 0.0000130 seconds
38.493: Application time: 0.0799230 seconds
38.493: [Full GC38.493: [Tenured: 256703K->256703K(256704K), 0.1300070 secs] 372223K->317106K(372224K), [Perm : 13506K->13506K(21248K)], 0.1300500 secs] [Times: user=0.13 sys=0.00, real=0.13 secs] 
38.623: Total time for which application threads were stopped: 0.1305120 seconds, Stopping threads took: 0.0000120 seconds
38.698: Application time: 0.0741660 seconds
38.698: [Full GC38.698: [Tenured: 256703K->256703K(256704K), 0.1390170 secs] 372223K->319355K(372224K), [Perm : 13509K->13509K(21248K)], 0.1390670 secs] [Times: user=0.14 sys=0.00, real=0.14 secs] 
38.837: Total time for which application threads were stopped: 0.1394950 seconds, Stopping threads took: 0.0000130 seconds
38.916: Application time: 0.0784350 seconds
38.916: [Full GC38.916: [Tenured: 256703K->256679K(256704K), 0.1958230 secs] 372223K->321508K(372224K), [Perm : 13512K->13512K(21248K)], 0.1958680 secs] [Times: user=0.19 sys=0.00, real=0.20 secs] 
39.112: Total time for which application threads were stopped: 0.1963320 seconds, Stopping threads took: 0.0000130 seconds
39.186: Application time: 0.0738060 seconds
39.186: [Full GC39.186: [Tenured: 256703K->256703K(256704K), 0.1311710 secs] 372223K->323943K(372224K), [Perm : 13512K->13512K(21248K)], 0.1312150 secs] [Times: user=0.13 sys=0.00, real=0.13 secs] 
39.317: Total time for which application threads were stopped: 0.1316610 seconds, Stopping threads took: 0.0000120 seconds
39.395: Application time: 0.0780330 seconds
39.396: [Full GC39.396: [Tenured: 256704K->256704K(256704K), 0.1382220 secs] 372223K->326055K(372224K), [Perm : 13512K->13512K(21248K)], 0.1382660 secs] [Times: user=0.13 sys=0.00, real=0.14 secs] 
39.534: Total time for which application threads were stopped: 0.1386930 seconds, Stopping threads took: 0.0000140 seconds
39.608: Application time: 0.0739460 seconds
39.608: [Full GC39.608: [Tenured: 256704K->256704K(256704K), 0.1414690 secs] 372223K->328050K(372224K), [Perm : 13512K->13512K(21248K)], 0.1415130 secs] [Times: user=0.15 sys=0.00, real=0.14 secs] 
39.750: Total time for which application threads were stopped: 0.1419730 seconds, Stopping threads took: 0.0000130 seconds
39.826: Application time: 0.0763070 seconds
39.827: [Full GC39.827: [Tenured: 256704K->256696K(256704K), 0.1977890 secs] 372223K->329936K(372224K), [Perm : 13518K->13518K(21248K)], 0.1978340 secs] [Times: user=0.20 sys=0.00, real=0.20 secs] 
40.025: Total time for which application threads were stopped: 0.1982830 seconds, Stopping threads took: 0.0000140 seconds
40.102: Application time: 0.0774950 seconds
40.102: [Full GC40.103: [Tenured: 256703K->256703K(256704K), 0.1328320 secs] 372223K->332084K(372224K), [Perm : 13518K->13518K(21248K)], 0.1328860 secs] [Times: user=0.14 sys=0.00, real=0.13 secs] 
40.235: Total time for which application threads were stopped: 0.1333370 seconds, Stopping threads took: 0.0000220 seconds
40.306: Application time: 0.0702890 seconds
40.306: [Full GC40.306: [Tenured: 256703K->256703K(256704K), 0.1331350 secs] 372223K->333876K(372224K), [Perm : 13519K->13519K(21248K)], 0.1331780 secs] [Times: user=0.13 sys=0.00, real=0.13 secs] 
40.439: Total time for which application threads were stopped: 0.1336210 seconds, Stopping threads took: 0.0000140 seconds
40.508: Application time: 0.0688390 seconds
40.509: [Full GC40.509: [Tenured: 256703K->256703K(256704K), 0.1408080 secs] 372223K->335367K(372224K), [Perm : 13519K->13519K(21248K)], 0.1408540 secs] [Times: user=0.14 sys=0.00, real=0.14 secs] 
40.649: Total time for which application threads were stopped: 0.1413030 seconds, Stopping threads took: 0.0000120 seconds
40.725: Application time: 0.0757430 seconds
40.726: [Full GC40.726: [Tenured: 256703K->256697K(256704K), 0.2010350 secs] 372223K->337210K(372224K), [Perm : 13529K->13529K(21248K)], 0.2010810 secs] [Times: user=0.20 sys=0.00, real=0.20 secs] 
40.927: Total time for which application threads were stopped: 0.2015120 seconds, Stopping threads took: 0.0000140 seconds
41.000: Application time: 0.0737670 seconds
41.001: [Full GC41.001: [Tenured: 256704K->256704K(256704K), 0.1344100 secs] 372224K->338677K(372224K), [Perm : 13529K->13529K(21248K)], 0.1344550 secs] [Times: user=0.14 sys=0.00, real=0.13 secs] 
41.135: Total time for which application threads were stopped: 0.1348930 seconds, Stopping threads took: 0.0000300 seconds
41.209: Application time: 0.0734390 seconds
41.209: [Full GC41.209: [Tenured: 256704K->256704K(256704K), 0.1338370 secs] 372223K->340237K(372224K), [Perm : 13530K->13530K(21248K)], 0.1338820 secs] [Times: user=0.14 sys=0.00, real=0.13 secs] 
41.343: Total time for which application threads were stopped: 0.1343290 seconds, Stopping threads took: 0.0000130 seconds
41.416: Application time: 0.0726160 seconds
41.416: [Full GC41.416: [Tenured: 256704K->256704K(256704K), 0.1343430 secs] 372223K->341511K(372224K), [Perm : 13530K->13530K(21248K)], 0.1343900 secs] [Times: user=0.13 sys=0.00, real=0.14 secs] 
41.551: Total time for which application threads were stopped: 0.1348610 seconds, Stopping threads took: 0.0000130 seconds
41.619: Application time: 0.0679420 seconds
41.619: [Full GC41.619: [Tenured: 256704K->256703K(256704K), 0.2024880 secs] 372223K->342869K(372224K), [Perm : 13530K->13530K(21248K)], 0.2025330 secs] [Times: user=0.20 sys=0.00, real=0.21 secs] 
41.822: Total time for which application threads were stopped: 0.2029850 seconds, Stopping threads took: 0.0000120 seconds
41.894: Application time: 0.0728590 seconds
41.895: [Full GC41.895: [Tenured: 256703K->256703K(256704K), 0.1363150 secs] 372223K->344358K(372224K), [Perm : 13530K->13530K(21248K)], 0.1363620 secs] [Times: user=0.14 sys=0.00, real=0.14 secs] 
42.031: Total time for which application threads were stopped: 0.1367700 seconds, Stopping threads took: 0.0000130 seconds
42.101: Application time: 0.0697990 seconds
42.101: [Full GC42.101: [Tenured: 256703K->256703K(256704K), 0.1353320 secs] 372223K->345570K(372224K), [Perm : 13530K->13530K(21248K)], 0.1353750 secs] [Times: user=0.13 sys=0.00, real=0.13 secs] 
42.237: Total time for which application threads were stopped: 0.1357960 seconds, Stopping threads took: 0.0000120 seconds
42.307: Application time: 0.0700460 seconds
42.307: [Full GC42.307: [Tenured: 256704K->256704K(256704K), 0.1379490 secs] 372224K->346686K(372224K), [Perm : 13530K->13530K(21248K)], 0.1379950 secs] [Times: user=0.14 sys=0.00, real=0.14 secs] 
42.445: Total time for which application threads were stopped: 0.1384470 seconds, Stopping threads took: 0.0000130 seconds
42.516: Application time: 0.0707590 seconds
42.516: [Full GC42.516: [Tenured: 256704K->256692K(256704K), 0.2044780 secs] 372223K->347365K(372224K), [Perm : 13530K->13530K(21248K)], 0.2045310 secs] [Times: user=0.21 sys=0.00, real=0.21 secs] 
42.721: Total time for which application threads were stopped: 0.2049790 seconds, Stopping threads took: 0.0000120 seconds
42.791: Application time: 0.0699620 seconds
42.791: [Full GC42.791: [Tenured: 256704K->256704K(256704K), 0.1355340 secs] 372224K->348516K(372224K), [Perm : 13531K->13531K(21248K)], 0.1355800 secs] [Times: user=0.14 sys=0.00, real=0.13 secs] 
42.927: Total time for which application threads were stopped: 0.1360370 seconds, Stopping threads took: 0.0000130 seconds
42.990: Application time: 0.0632090 seconds
42.991: [Full GC42.991: [Tenured: 256704K->256704K(256704K), 0.1354640 secs] 372223K->349711K(372224K), [Perm : 13531K->13531K(21248K)], 0.1355080 secs] [Times: user=0.13 sys=0.00, real=0.13 secs] 
43.126: Total time for which application threads were stopped: 0.1358820 seconds, Stopping threads took: 0.0000120 seconds
43.191: Application time: 0.0653260 seconds
43.192: [Full GC43.192: [Tenured: 256704K->256704K(256704K), 0.1362580 secs] 372224K->350607K(372224K), [Perm : 13531K->13531K(21248K)], 0.1363000 secs] [Times: user=0.13 sys=0.00, real=0.14 secs] 
43.328: Total time for which application threads were stopped: 0.1367610 seconds, Stopping threads took: 0.0000130 seconds
43.396: Application time: 0.0682160 seconds
43.397: [Full GC43.397: [Tenured: 256704K->256679K(256704K), 0.2031880 secs] 372223K->351611K(372224K), [Perm : 13532K->13532K(21248K)], 0.2032300 secs] [Times: user=0.20 sys=0.00, real=0.21 secs] 
43.600: Total time for which application threads were stopped: 0.2036500 seconds, Stopping threads took: 0.0000120 seconds
43.670: Application time: 0.0697650 seconds
43.670: [Full GC43.670: [Tenured: 256704K->256704K(256704K), 0.1369610 secs] 372223K->352698K(372224K), [Perm : 13532K->13532K(21248K)], 0.1370070 secs] [Times: user=0.14 sys=0.00, real=0.13 secs] 
43.807: Total time for which application threads were stopped: 0.1374550 seconds, Stopping threads took: 0.0000120 seconds
43.879: Application time: 0.0717240 seconds
43.879: [Full GC43.879: [Tenured: 256704K->256704K(256704K), 0.1376330 secs] 372224K->353357K(372224K), [Perm : 13532K->13532K(21248K)], 0.1376760 secs] [Times: user=0.14 sys=0.00, real=0.14 secs] 
44.017: Total time for which application threads were stopped: 0.1381120 seconds, Stopping threads took: 0.0000130 seconds
44.086: Application time: 0.0685490 seconds
44.086: [Full GC44.086: [Tenured: 256704K->256704K(256704K), 0.1369800 secs] 372223K->354012K(372224K), [Perm : 13532K->13532K(21248K)], 0.1370240 secs] [Times: user=0.14 sys=0.00, real=0.14 secs] 
44.223: Total time for which application threads were stopped: 0.1374880 seconds, Stopping threads took: 0.0000120 seconds
44.290: Application time: 0.0670800 seconds
44.291: [Full GC44.291: [Tenured: 256704K->256697K(256704K), 0.2070990 secs] 372224K->354934K(372224K), [Perm : 13532K->13532K(21248K)], 0.2071440 secs] [Times: user=0.20 sys=0.00, real=0.20 secs] 
44.498: Total time for which application threads were stopped: 0.2076020 seconds, Stopping threads took: 0.0000130 seconds
44.567: Application time: 0.0691710 seconds
44.567: [Full GC44.567: [Tenured: 256704K->256704K(256704K), 0.1377580 secs] 372223K->355662K(372224K), [Perm : 13532K->13532K(21248K)], 0.1378010 secs] [Times: user=0.14 sys=0.00, real=0.14 secs] 
44.705: Total time for which application threads were stopped: 0.1382550 seconds, Stopping threads took: 0.0000120 seconds
44.769: Application time: 0.0637600 seconds
44.769: [Full GC44.770: [Tenured: 256704K->256704K(256704K), 0.1372950 secs] 372223K->356353K(372224K), [Perm : 13532K->13532K(21248K)], 0.1373410 secs] [Times: user=0.14 sys=0.00, real=0.13 secs] 
44.907: Total time for which application threads were stopped: 0.1378070 seconds, Stopping threads took: 0.0000130 seconds
44.978: Application time: 0.0706720 seconds
44.978: [Full GC44.978: [Tenured: 256704K->256704K(256704K), 0.1372310 secs] 372224K->356879K(372224K), [Perm : 13532K->13532K(21248K)], 0.1372750 secs] [Times: user=0.13 sys=0.00, real=0.14 secs] 
45.115: Total time for which application threads were stopped: 0.1377180 seconds, Stopping threads took: 0.0000120 seconds
45.176: Application time: 0.0603640 seconds
45.176: [Full GC45.176: [Tenured: 256704K->256686K(256704K), 0.2098770 secs] 372223K->357584K(372224K), [Perm : 13532K->13532K(21248K)], 0.2099250 secs] [Times: user=0.21 sys=0.00, real=0.21 secs] 
45.386: Total time for which application threads were stopped: 0.2103540 seconds, Stopping threads took: 0.0000130 seconds
45.457: Application time: 0.0708250 seconds
45.457: [Full GC45.457: [Tenured: 256703K->256703K(256704K), 0.1539350 secs] 372223K->358294K(372224K), [Perm : 13532K->13532K(21248K)], 0.1539830 secs] [Times: user=0.15 sys=0.00, real=0.16 secs] 
45.611: Total time for which application threads were stopped: 0.1544590 seconds, Stopping threads took: 0.0000130 seconds
45.680: Application time: 0.0687430 seconds
45.680: [Full GC45.680: [Tenured: 256703K->256703K(256704K), 0.1377790 secs] 372223K->358795K(372224K), [Perm : 13532K->13532K(21248K)], 0.1378230 secs] [Times: user=0.14 sys=0.00, real=0.13 secs] 
45.818: Total time for which application threads were stopped: 0.1382800 seconds, Stopping threads took: 0.0000130 seconds
45.888: Application time: 0.0700820 seconds
45.889: [Full GC45.889: [Tenured: 256703K->256703K(256704K), 0.1429520 secs] 372223K->359373K(372224K), [Perm : 13532K->13532K(21248K)], 0.1429950 secs] [Times: user=0.14 sys=0.00, real=0.14 secs] 
46.032: Total time for which application threads were stopped: 0.1433880 seconds, Stopping threads took: 0.0000130 seconds
46.099: Application time: 0.0676260 seconds
46.100: [Full GC46.100: [Tenured: 256703K->256678K(256704K), 0.1892260 secs] 372223K->360075K(372224K), [Perm : 13532K->13532K(21248K)], 0.1892730 secs] [Times: user=0.19 sys=0.00, real=0.19 secs] 
46.289: Total time for which application threads were stopped: 0.1897540 seconds, Stopping threads took: 0.0000140 seconds
46.356: Application time: 0.0666450 seconds
46.356: [Full GC46.356: [Tenured: 256703K->256703K(256704K), 0.1390080 secs] 372223K->360556K(372224K), [Perm : 13533K->13533K(21248K)], 0.1390580 secs] [Times: user=0.14 sys=0.00, real=0.14 secs] 
46.495: Total time for which application threads were stopped: 0.1395210 seconds, Stopping threads took: 0.0000140 seconds
46.558: Application time: 0.0625200 seconds
46.558: [Full GC46.558: [Tenured: 256703K->256703K(256704K), 0.1386740 secs] 372223K->361090K(372224K), [Perm : 13533K->13533K(21248K)], 0.1387190 secs] [Times: user=0.14 sys=0.00, real=0.14 secs] 
46.697: Total time for which application threads were stopped: 0.1391890 seconds, Stopping threads took: 0.0000130 seconds
46.758: Application time: 0.0612440 seconds
46.759: [Full GC46.759: [Tenured: 256703K->256703K(256704K), 0.1574380 secs] 372223K->361533K(372224K), [Perm : 13533K->13533K(21248K)], 0.1574830 secs] [Times: user=0.15 sys=0.00, real=0.16 secs] 
46.916: Total time for which application threads were stopped: 0.1579150 seconds, Stopping threads took: 0.0000140 seconds
46.974: Application time: 0.0583060 seconds
46.975: [Full GC46.975: [Tenured: 256703K->256701K(256704K), 0.2112380 secs] 372223K->362035K(372224K), [Perm : 13533K->13533K(21248K)], 0.2112870 secs] [Times: user=0.21 sys=0.00, real=0.21 secs] 
47.186: Total time for which application threads were stopped: 0.2116990 seconds, Stopping threads took: 0.0000130 seconds
47.242: Application time: 0.0558840 seconds
47.243: [Full GC47.243: [Tenured: 256703K->256703K(256704K), 0.1383210 secs] 372223K->362499K(372224K), [Perm : 13533K->13533K(21248K)], 0.1383610 secs] [Times: user=0.14 sys=0.00, real=0.14 secs] 
47.381: Total time for which application threads were stopped: 0.1388170 seconds, Stopping threads took: 0.0000130 seconds
47.429: Application time: 0.0483460 seconds
47.430: [Full GC47.430: [Tenured: 256703K->256703K(256704K), 0.1450770 secs] 372223K->362996K(372224K), [Perm : 13533K->13533K(21248K)], 0.1451210 secs] [Times: user=0.15 sys=0.00, real=0.14 secs] 
47.575: Total time for which application threads were stopped: 0.1456000 seconds, Stopping threads took: 0.0000120 seconds
47.626: Application time: 0.0511910 seconds
47.626: [Full GC47.626: [Tenured: 256703K->256703K(256704K), 0.1403400 secs] 372223K->363308K(372224K), [Perm : 13533K->13533K(21248K)], 0.1403870 secs] [Times: user=0.14 sys=0.00, real=0.14 secs] 
47.767: Total time for which application threads were stopped: 0.1407910 seconds, Stopping threads took: 0.0000130 seconds
47.808: Application time: 0.0407170 seconds
47.808: [Full GC47.808: [Tenured: 256703K->256701K(256704K), 0.2015900 secs] 372223K->363690K(372224K), [Perm : 13533K->13533K(21248K)], 0.2016370 secs] [Times: user=0.20 sys=0.00, real=0.20 secs] 
48.010: Total time for which application threads were stopped: 0.2020780 seconds, Stopping threads took: 0.0000130 seconds
48.057: Application time: 0.0474640 seconds
48.058: [Full GC48.058: [Tenured: 256703K->256703K(256704K), 0.1395850 secs] 372223K->363999K(372224K), [Perm : 13533K->13533K(21248K)], 0.1396270 secs] [Times: user=0.14 sys=0.00, real=0.14 secs] 
48.197: Total time for which application threads were stopped: 0.1400870 seconds, Stopping threads took: 0.0000130 seconds
48.240: Application time: 0.0424130 seconds
48.240: [Full GC48.240: [Tenured: 256703K->256703K(256704K), 0.1382900 secs] 372223K->364452K(372224K), [Perm : 13533K->13533K(21248K)], 0.1383350 secs] [Times: user=0.14 sys=0.00, real=0.13 secs] 
48.378: Total time for which application threads were stopped: 0.1387500 seconds, Stopping threads took: 0.0000130 seconds
48.420: Application time: 0.0414130 seconds
48.420: [Full GC48.420: [Tenured: 256703K->256703K(256704K), 0.1383640 secs] 372223K->364977K(372224K), [Perm : 13533K->13533K(21248K)], 0.1384070 secs] [Times: user=0.14 sys=0.00, real=0.13 secs] 
48.559: Total time for which application threads were stopped: 0.1388530 seconds, Stopping threads took: 0.0000130 seconds
48.587: Application time: 0.0288610 seconds
48.588: [Full GC48.588: [Tenured: 256703K->256691K(256704K), 0.2014290 secs] 372223K->365428K(372224K), [Perm : 13534K->13534K(21248K)], 0.2014770 secs] [Times: user=0.20 sys=0.00, real=0.20 secs] 
48.789: Total time for which application threads were stopped: 0.2019470 seconds, Stopping threads took: 0.0000130 seconds
48.820: Application time: 0.0309920 seconds
48.821: [Full GC48.821: [Tenured: 256703K->256703K(256704K), 0.1394850 secs] 372223K->365659K(372224K), [Perm : 13534K->13534K(21248K)], 0.1395320 secs] [Times: user=0.14 sys=0.00, real=0.14 secs] 
48.960: Total time for which application threads were stopped: 0.1399810 seconds, Stopping threads took: 0.0000130 seconds
48.993: Application time: 0.0324520 seconds
48.993: [Full GC48.993: [Tenured: 256703K->256703K(256704K), 0.1395430 secs] 372223K->365905K(372224K), [Perm : 13534K->13534K(21248K)], 0.1395850 secs] [Times: user=0.14 sys=0.00, real=0.14 secs] 
49.133: Total time for which application threads were stopped: 0.1399810 seconds, Stopping threads took: 0.0000120 seconds
49.163: Application time: 0.0299560 seconds
49.163: [Full GC49.163: [Tenured: 256703K->256703K(256704K), 0.1388950 secs] 372223K->366277K(372224K), [Perm : 13534K->13534K(21248K)], 0.1389380 secs] [Times: user=0.14 sys=0.00, real=0.14 secs] 
49.302: Total time for which application threads were stopped: 0.1394100 seconds, Stopping threads took: 0.0000130 seconds
49.329: Application time: 0.0271720 seconds
49.330: [Full GC49.330: [Tenured: 256703K->256682K(256704K), 0.2087860 secs] 372223K->366423K(372224K), [Perm : 13534K->13534K(21248K)], 0.2088340 secs] [Times: user=0.21 sys=0.00, real=0.20 secs] 
49.539: Total time for which application threads were stopped: 0.2092410 seconds, Stopping threads took: 0.0000130 seconds
49.569: Application time: 0.0302200 seconds
49.569: [Full GC49.569: [Tenured: 256703K->256703K(256704K), 0.1400750 secs] 372223K->366607K(372224K), [Perm : 13534K->13534K(21248K)], 0.1401170 secs] [Times: user=0.14 sys=0.00, real=0.14 secs] 
49.709: Total time for which application threads were stopped: 0.1405860 seconds, Stopping threads took: 0.0000120 seconds
49.734: Application time: 0.0243510 seconds
49.734: [Full GC49.734: [Tenured: 256703K->256703K(256704K), 0.1403130 secs] 372223K->366813K(372224K), [Perm : 13534K->13534K(21248K)], 0.1403550 secs] [Times: user=0.14 sys=0.00, real=0.14 secs] 
49.875: Total time for which application threads were stopped: 0.1407610 seconds, Stopping threads took: 0.0000130 seconds
49.899: Application time: 0.0247480 seconds
49.900: [Full GC49.900: [Tenured: 256703K->256703K(256704K), 0.1391520 secs] 372223K->367158K(372224K), [Perm : 13534K->13534K(21248K)], 0.1391940 secs] [Times: user=0.14 sys=0.00, real=0.13 secs] 
50.039: Total time for which application threads were stopped: 0.1396360 seconds, Stopping threads took: 0.0000110 seconds
50.067: Application time: 0.0278320 seconds
50.067: [Full GC50.067: [Tenured: 256703K->256691K(256704K), 0.2173020 secs] 372223K->366642K(372224K), [Perm : 13534K->13531K(21248K)], 0.2173460 secs] [Times: user=0.22 sys=0.00, real=0.22 secs] 
50.285: Total time for which application threads were stopped: 0.2177760 seconds, Stopping threads took: 0.0000110 seconds
50.313: Application time: 0.0284570 seconds
50.313: [Full GC50.313: [Tenured: 256703K->256703K(256704K), 0.1387630 secs] 372223K->366751K(372224K), [Perm : 13531K->13531K(21248K)], 0.1388040 secs] [Times: user=0.14 sys=0.00, real=0.14 secs] 
50.452: Total time for which application threads were stopped: 0.1392650 seconds, Stopping threads took: 0.0000120 seconds
50.480: Application time: 0.0282170 seconds
50.481: [Full GC50.481: [Tenured: 256703K->256703K(256704K), 0.1382140 secs] 372223K->367022K(372224K), [Perm : 13531K->13531K(21248K)], 0.1382580 secs] [Times: user=0.14 sys=0.00, real=0.13 secs] 
50.619: Total time for which application threads were stopped: 0.1386760 seconds, Stopping threads took: 0.0000120 seconds
50.646: Application time: 0.0270420 seconds
50.647: [Full GC50.647: [Tenured: 256703K->256703K(256704K), 0.1380230 secs] 372223K->367179K(372224K), [Perm : 13531K->13531K(21248K)], 0.1380640 secs] [Times: user=0.13 sys=0.00, real=0.14 secs] 
50.785: Total time for which application threads were stopped: 0.1384950 seconds, Stopping threads took: 0.0000120 seconds
50.808: Application time: 0.0230190 seconds
50.808: [Full GC50.808: [Tenured: 256703K->256686K(256704K), 0.1905860 secs] 372223K->367358K(372224K), [Perm : 13531K->13531K(21248K)], 0.1906320 secs] [Times: user=0.19 sys=0.00, real=0.18 secs] 
50.999: Total time for which application threads were stopped: 0.1910640 seconds, Stopping threads took: 0.0000110 seconds
51.020: Application time: 0.0213730 seconds
51.021: [Full GC51.021: [Tenured: 256703K->256703K(256704K), 0.1491130 secs] 372223K->367837K(372224K), [Perm : 13531K->13531K(21248K)], 0.1491580 secs] [Times: user=0.15 sys=0.00, real=0.15 secs] 
51.170: Total time for which application threads were stopped: 0.1496090 seconds, Stopping threads took: 0.0000120 seconds
51.194: Application time: 0.0247210 seconds
51.195: [Full GC51.195: [Tenured: 256703K->256703K(256704K), 0.1394310 secs] 372223K->368002K(372224K), [Perm : 13531K->13531K(21248K)], 0.1394730 secs] [Times: user=0.14 sys=0.00, real=0.14 secs] 
51.334: Total time for which application threads were stopped: 0.1398940 seconds, Stopping threads took: 0.0000100 seconds
51.358: Application time: 0.0231890 seconds
51.358: [Full GC51.358: [Tenured: 256703K->256703K(256704K), 0.1435340 secs] 372223K->368122K(372224K), [Perm : 13531K->13531K(21248K)], 0.1435810 secs] [Times: user=0.14 sys=0.00, real=0.15 secs] 
51.502: Total time for which application threads were stopped: 0.1440030 seconds, Stopping threads took: 0.0000110 seconds
51.524: Application time: 0.0226790 seconds
51.525: [Full GC51.525: [Tenured: 256703K->256686K(256704K), 0.1905190 secs] 372223K->368225K(372224K), [Perm : 13531K->13531K(21248K)], 0.1905630 secs] [Times: user=0.19 sys=0.00, real=0.19 secs] 
51.715: Total time for which application threads were stopped: 0.1910090 seconds, Stopping threads took: 0.0000100 seconds
51.738: Application time: 0.0227150 seconds
51.738: [Full GC51.738: [Tenured: 256704K->256704K(256704K), 0.1393560 secs] 372224K->368352K(372224K), [Perm : 13531K->13531K(21248K)], 0.1394060 secs] [Times: user=0.14 sys=0.00, real=0.14 secs] 
51.878: Total time for which application threads were stopped: 0.1398220 seconds, Stopping threads took: 0.0000100 seconds
51.898: Application time: 0.0203520 seconds
51.899: [Full GC51.899: [Tenured: 256704K->256704K(256704K), 0.1394820 secs] 372224K->368545K(372224K), [Perm : 13531K->13531K(21248K)], 0.1395230 secs] [Times: user=0.13 sys=0.00, real=0.14 secs] 
52.038: Total time for which application threads were stopped: 0.1399200 seconds, Stopping threads took: 0.0000110 seconds
52.057: Application time: 0.0189690 seconds
52.057: [Full GC52.057: [Tenured: 256704K->256704K(256704K), 0.1394820 secs] 372224K->368734K(372224K), [Perm : 13531K->13531K(21248K)], 0.1395230 secs] [Times: user=0.14 sys=0.00, real=0.14 secs] 
52.197: Total time for which application threads were stopped: 0.1399350 seconds, Stopping threads took: 0.0000090 seconds
52.215: Application time: 0.0184310 seconds
52.216: [Full GC52.216: [Tenured: 256704K->256677K(256704K), 0.1908800 secs] 372223K->368856K(372224K), [Perm : 13531K->13531K(21248K)], 0.1909220 secs] [Times: user=0.19 sys=0.00, real=0.19 secs] 
52.407: Total time for which application threads were stopped: 0.1913170 seconds, Stopping threads took: 0.0000100 seconds
52.423: Application time: 0.0166840 seconds
52.424: [Full GC52.424: [Tenured: 256704K->256704K(256704K), 0.1391240 secs] 372224K->368948K(372224K), [Perm : 13531K->13531K(21248K)], 0.1391650 secs] [Times: user=0.14 sys=0.00, real=0.14 secs] 
52.563: Total time for which application threads were stopped: 0.1395720 seconds, Stopping threads took: 0.0000090 seconds
52.581: Application time: 0.0183000 seconds
52.582: [Full GC52.582: [Tenured: 256704K->256704K(256704K), 0.1391490 secs] 372223K->369089K(372224K), [Perm : 13531K->13531K(21248K)], 0.1391880 secs] [Times: user=0.14 sys=0.00, real=0.14 secs] 
52.721: Total time for which application threads were stopped: 0.1395830 seconds, Stopping threads took: 0.0000100 seconds
52.738: Application time: 0.0172640 seconds
52.739: [Full GC52.739: [Tenured: 256704K->256704K(256704K), 0.1392860 secs] 372223K->369261K(372224K), [Perm : 13531K->13531K(21248K)], 0.1393260 secs] [Times: user=0.13 sys=0.00, real=0.14 secs] 
52.878: Total time for which application threads were stopped: 0.1396960 seconds, Stopping threads took: 0.0000090 seconds
52.891: Application time: 0.0135530 seconds
52.892: [Full GC52.892: [Tenured: 256704K->256677K(256704K), 0.1915340 secs] 372224K->369415K(372224K), [Perm : 13531K->13531K(21248K)], 0.1915790 secs] [Times: user=0.19 sys=0.00, real=0.19 secs] 
53.083: Total time for which application threads were stopped: 0.1919670 seconds, Stopping threads took: 0.0000090 seconds
53.097: Application time: 0.0133220 seconds
53.097: [Full GC53.097: [Tenured: 256703K->256703K(256704K), 0.1390090 secs] 372223K->369596K(372224K), [Perm : 13531K->13531K(21248K)], 0.1390470 secs] [Times: user=0.13 sys=0.00, real=0.14 secs] 
53.236: Total time for which application threads were stopped: 0.1394610 seconds, Stopping threads took: 0.0000090 seconds
53.248: Application time: 0.0121610 seconds
53.249: [Full GC53.249: [Tenured: 256703K->256703K(256704K), 0.1397470 secs] 372217K->369682K(372224K), [Perm : 13531K->13531K(21248K)], 0.1397840 secs] [Times: user=0.14 sys=0.00, real=0.14 secs] 
53.388: Total time for which application threads were stopped: 0.1401520 seconds, Stopping threads took: 0.0000080 seconds
53.402: Application time: 0.0136580 seconds
53.402: [Full GC53.402: [Tenured: 256703K->256703K(256704K), 0.1534820 secs] 372223K->369810K(372224K), [Perm : 13531K->13531K(21248K)], 0.1535250 secs] [Times: user=0.16 sys=0.00, real=0.15 secs] 
53.556: Total time for which application threads were stopped: 0.1538990 seconds, Stopping threads took: 0.0000080 seconds
53.568: Application time: 0.0122010 seconds
53.569: [Full GC53.569: [Tenured: 256703K->256677K(256704K), 0.1912760 secs] 372223K->369816K(372224K), [Perm : 13531K->13531K(21248K)], 0.1913290 secs] [Times: user=0.19 sys=0.00, real=0.19 secs] 
53.760: Total time for which application threads were stopped: 0.1916970 seconds, Stopping threads took: 0.0000090 seconds
53.773: Application time: 0.0135450 seconds
53.774: [Full GC53.774: [Tenured: 256703K->256703K(256704K), 0.1389720 secs] 372223K->369900K(372224K), [Perm : 13531K->13531K(21248K)], 0.1390120 secs] [Times: user=0.14 sys=0.00, real=0.14 secs] 
53.913: Total time for which application threads were stopped: 0.1394520 seconds, Stopping threads took: 0.0000080 seconds
53.925: Application time: 0.0123930 seconds
53.926: [Full GC53.926: [Tenured: 256703K->256703K(256704K), 0.1393570 secs] 372223K->370068K(372224K), [Perm : 13531K->13531K(21248K)], 0.1393930 secs] [Times: user=0.14 sys=0.00, real=0.14 secs] 
54.065: Total time for which application threads were stopped: 0.1397500 seconds, Stopping threads took: 0.0000070 seconds
54.077: Application time: 0.0117360 seconds
54.077: [Full GC54.077: [Tenured: 256703K->256703K(256704K), 0.1401340 secs] 372223K->370170K(372224K), [Perm : 13531K->13531K(21248K)], 0.1401700 secs] [Times: user=0.14 sys=0.00, real=0.14 secs] 
54.217: Total time for which application threads were stopped: 0.1405210 seconds, Stopping threads took: 0.0000080 seconds
54.228: Application time: 0.0110260 seconds
54.229: [Full GC54.229: [Tenured: 256703K->256673K(256704K), 0.1918380 secs] 372213K->370262K(372224K), [Perm : 13531K->13531K(21248K)], 0.1918800 secs] [Times: user=0.19 sys=0.00, real=0.19 secs] 
54.421: Total time for which application threads were stopped: 0.1922380 seconds, Stopping threads took: 0.0000080 seconds
54.431: Application time: 0.0102330 seconds
54.431: [Full GC54.431: [Tenured: 256703K->256703K(256704K), 0.1394610 secs] 372223K->370481K(372224K), [Perm : 13531K->13531K(21248K)], 0.1395000 secs] [Times: user=0.14 sys=0.00, real=0.14 secs] 
54.571: Total time for which application threads were stopped: 0.1399390 seconds, Stopping threads took: 0.0000080 seconds
54.581: Application time: 0.0100960 seconds
54.581: [Full GC54.581: [Tenured: 256703K->256703K(256704K), 0.1395200 secs] 372223K->370506K(372224K), [Perm : 13531K->13531K(21248K)], 0.1395520 secs] [Times: user=0.14 sys=0.00, real=0.14 secs] 
54.721: Total time for which application threads were stopped: 0.1398940 seconds, Stopping threads took: 0.0000060 seconds
54.730: Application time: 0.0089980 seconds
54.730: [Full GC54.730: [Tenured: 256703K->256703K(256704K), 0.1389240 secs] 372223K->370599K(372224K), [Perm : 13531K->13531K(21248K)], 0.1389580 secs] [Times: user=0.14 sys=0.00, real=0.14 secs] 
54.869: Total time for which application threads were stopped: 0.1393050 seconds, Stopping threads took: 0.0000070 seconds
54.878: Application time: 0.0087970 seconds
54.878: [Full GC54.878: [Tenured: 256703K->256703K(256704K), 0.2134560 secs] 372223K->370651K(372224K), [Perm : 13531K->13531K(21248K)], 0.2134940 secs] [Times: user=0.22 sys=0.00, real=0.22 secs] 
55.092: Total time for which application threads were stopped: 0.2138400 seconds, Stopping threads took: 0.0000060 seconds
55.100: Application time: 0.0086830 seconds
55.101: [Full GC55.101: [Tenured: 256703K->256703K(256704K), 0.1400450 secs] 372223K->370702K(372224K), [Perm : 13531K->13531K(21248K)], 0.1400800 secs] [Times: user=0.14 sys=0.00, real=0.14 secs] 
55.241: Total time for which application threads were stopped: 0.1405360 seconds, Stopping threads took: 0.0000070 seconds
55.250: Application time: 0.0085890 seconds
55.250: [Full GC55.250: [Tenured: 256703K->256703K(256704K), 0.1411610 secs] 372223K->370759K(372224K), [Perm : 13531K->13531K(21248K)], 0.1411950 secs] [Times: user=0.14 sys=0.00, real=0.14 secs] 
55.391: Total time for which application threads were stopped: 0.1415110 seconds, Stopping threads took: 0.0000070 seconds
55.399: Application time: 0.0079090 seconds
55.399: [Full GC55.399: [Tenured: 256703K->256703K(256704K), 0.1389320 secs] 372223K->370874K(372224K), [Perm : 13531K->13531K(21248K)], 0.1389760 secs] [Times: user=0.14 sys=0.00, real=0.14 secs] 
55.538: Total time for which application threads were stopped: 0.1393090 seconds, Stopping threads took: 0.0000070 seconds
55.546: Application time: 0.0074680 seconds
55.546: [Full GC55.546: [Tenured: 256703K->256703K(256704K), 0.2141430 secs] 372223K->370923K(372224K), [Perm : 13531K->13531K(21248K)], 0.2141810 secs] [Times: user=0.21 sys=0.00, real=0.22 secs] 
55.760: Total time for which application threads were stopped: 0.2145270 seconds, Stopping threads took: 0.0000070 seconds
55.767: Application time: 0.0071190 seconds
55.768: [Full GC55.768: [Tenured: 256703K->256703K(256704K), 0.1393750 secs] 372223K->370971K(372224K), [Perm : 13531K->13531K(21248K)], 0.1394090 secs] [Times: user=0.14 sys=0.00, real=0.13 secs] 
55.907: Total time for which application threads were stopped: 0.1398720 seconds, Stopping threads took: 0.0000070 seconds
55.913: Application time: 0.0059620 seconds
55.914: [Full GC55.914: [Tenured: 256703K->256703K(256704K), 0.1400330 secs] 372223K->371025K(372224K), [Perm : 13531K->13531K(21248K)], 0.1400660 secs] [Times: user=0.14 sys=0.00, real=0.14 secs] 
56.054: Total time for which application threads were stopped: 0.1403980 seconds, Stopping threads took: 0.0000060 seconds
56.060: Application time: 0.0065490 seconds
56.060: [Full GC56.060: [Tenured: 256703K->256703K(256704K), 0.1400670 secs] 372223K->371072K(372224K), [Perm : 13531K->13531K(21248K)], 0.1401010 secs] [Times: user=0.14 sys=0.00, real=0.14 secs] 
56.201: Total time for which application threads were stopped: 0.1404400 seconds, Stopping threads took: 0.0000070 seconds
56.207: Application time: 0.0066310 seconds
56.208: [Full GC56.208: [Tenured: 256703K->256703K(256704K), 0.2116650 secs] 372223K->371088K(372224K), [Perm : 13531K->13531K(21248K)], 0.2117030 secs] [Times: user=0.21 sys=0.00, real=0.20 secs] 
56.419: Total time for which application threads were stopped: 0.2120430 seconds, Stopping threads took: 0.0000060 seconds
56.426: Application time: 0.0065670 seconds
56.426: [Full GC56.426: [Tenured: 256704K->256704K(256704K), 0.1401040 secs] 372223K->371102K(372224K), [Perm : 13531K->13531K(21248K)], 0.1401350 secs] [Times: user=0.14 sys=0.00, real=0.14 secs] 
56.566: Total time for which application threads were stopped: 0.1405950 seconds, Stopping threads took: 0.0000070 seconds
56.573: Application time: 0.0063120 seconds
56.573: [Full GC56.573: [Tenured: 256704K->256704K(256704K), 0.1413400 secs] 372223K->371117K(372224K), [Perm : 13531K->13531K(21248K)], 0.1413760 secs] [Times: user=0.14 sys=0.00, real=0.14 secs] 
56.714: Total time for which application threads were stopped: 0.1416860 seconds, Stopping threads took: 0.0000070 seconds
56.721: Application time: 0.0060520 seconds
56.721: [Full GC56.721: [Tenured: 256704K->256704K(256704K), 0.1394590 secs] 372199K->371131K(372224K), [Perm : 13531K->13531K(21248K)], 0.1394920 secs] [Times: user=0.14 sys=0.00, real=0.14 secs] 
56.860: Total time for which application threads were stopped: 0.1398100 seconds, Stopping threads took: 0.0000060 seconds
56.866: Application time: 0.0057640 seconds
56.866: [Full GC56.866: [Tenured: 256704K->256703K(256704K), 0.2109430 secs] 372223K->371209K(372224K), [Perm : 13531K->13531K(21248K)], 0.2109840 secs] [Times: user=0.21 sys=0.00, real=0.21 secs] 
57.077: Total time for which application threads were stopped: 0.2113140 seconds, Stopping threads took: 0.0000070 seconds
57.082: Application time: 0.0049320 seconds
57.083: [Full GC57.083: [Tenured: 256703K->256703K(256704K), 0.1394230 secs] 372223K->371224K(372224K), [Perm : 13531K->13531K(21248K)], 0.1394560 secs] [Times: user=0.14 sys=0.00, real=0.14 secs] 
57.222: Total time for which application threads were stopped: 0.1399170 seconds, Stopping threads took: 0.0000070 seconds
57.228: Application time: 0.0058240 seconds
57.228: [Full GC57.228: [Tenured: 256703K->256703K(256704K), 0.1390000 secs] 372223K->371237K(372224K), [Perm : 13531K->13531K(21248K)], 0.1390330 secs] [Times: user=0.13 sys=0.00, real=0.13 secs] 
57.367: Total time for which application threads were stopped: 0.1393570 seconds, Stopping threads took: 0.0000070 seconds
57.373: Application time: 0.0053190 seconds
57.373: [Full GC57.373: [Tenured: 256703K->256703K(256704K), 0.1389620 secs] 372223K->371250K(372224K), [Perm : 13531K->13531K(21248K)], 0.1389940 secs] [Times: user=0.14 sys=0.00, real=0.14 secs] 
57.512: Total time for which application threads were stopped: 0.1393090 seconds, Stopping threads took: 0.0000070 seconds
57.517: Application time: 0.0050470 seconds
57.517: [Full GC57.517: [Tenured: 256703K->256703K(256704K), 0.1390160 secs] 372223K->371332K(372224K), [Perm : 13531K->13531K(21248K)], 0.1390500 secs] [Times: user=0.14 sys=0.00, real=0.14 secs] 
57.656: Total time for which application threads were stopped: 0.1393690 seconds, Stopping threads took: 0.0000060 seconds
57.661: Application time: 0.0049750 seconds
57.662: [Full GC57.662: [Tenured: 256704K->256704K(256704K), 0.1557250 secs] 372223K->371374K(372224K), [Perm : 13531K->13531K(21248K)], 0.1557640 secs] [Times: user=0.15 sys=0.00, real=0.15 secs] 
57.818: Total time for which application threads were stopped: 0.1561130 seconds, Stopping threads took: 0.0000070 seconds
57.822: Application time: 0.0047750 seconds
57.823: [Full GC57.823: [Tenured: 256704K->256704K(256704K), 0.1396570 secs] 372223K->371383K(372224K), [Perm : 13531K->13531K(21248K)], 0.1396900 secs] [Times: user=0.14 sys=0.00, real=0.14 secs] 
57.962: Total time for which application threads were stopped: 0.1401350 seconds, Stopping threads took: 0.0000070 seconds
57.967: Application time: 0.0048610 seconds
57.968: [Full GC57.968: [Tenured: 256704K->256704K(256704K), 0.1416420 secs] 372223K->371396K(372224K), [Perm : 13531K->13531K(21248K)], 0.1416750 secs] [Times: user=0.14 sys=0.00, real=0.14 secs] 
58.109: Total time for which application threads were stopped: 0.1419750 seconds, Stopping threads took: 0.0000070 seconds
58.113: Application time: 0.0037610 seconds
58.113: [Full GC58.113: [Tenured: 256704K->256703K(256704K), 0.2133520 secs] 372223K->371437K(372224K), [Perm : 13531K->13531K(21248K)], 0.2133900 secs] [Times: user=0.22 sys=0.00, real=0.21 secs] 
58.327: Total time for which application threads were stopped: 0.2136940 seconds, Stopping threads took: 0.0000060 seconds
58.331: Application time: 0.0042310 seconds
58.331: [Full GC58.331: [Tenured: 256703K->256703K(256704K), 0.1390000 secs] 372223K->371481K(372224K), [Perm : 13531K->13531K(21248K)], 0.1390350 secs] [Times: user=0.13 sys=0.00, real=0.14 secs] 
58.471: Total time for which application threads were stopped: 0.1395020 seconds, Stopping threads took: 0.0000080 seconds
58.474: Application time: 0.0037800 seconds
58.475: [Full GC58.475: [Tenured: 256703K->256703K(256704K), 0.1398350 secs] 372223K->371524K(372224K), [Perm : 13531K->13531K(21248K)], 0.1398700 secs] [Times: user=0.14 sys=0.00, real=0.14 secs] 
58.614: Total time for which application threads were stopped: 0.1401800 seconds, Stopping threads took: 0.0000070 seconds
58.619: Application time: 0.0040290 seconds
58.619: [Full GC58.619: [Tenured: 256703K->256703K(256704K), 0.1415830 secs] 372223K->371533K(372224K), [Perm : 13531K->13531K(21248K)], 0.1416170 secs] [Times: user=0.14 sys=0.00, real=0.15 secs] 
58.760: Total time for which application threads were stopped: 0.1419090 seconds, Stopping threads took: 0.0000070 seconds
58.764: Application time: 0.0038520 seconds
58.765: [Full GC58.765: [Tenured: 256703K->256703K(256704K), 0.2113250 secs] 372223K->371575K(372224K), [Perm : 13531K->13531K(21248K)], 0.2113620 secs] [Times: user=0.22 sys=0.00, real=0.21 secs] 
58.976: Total time for which application threads were stopped: 0.2116900 seconds, Stopping threads took: 0.0000060 seconds
58.979: Application time: 0.0026360 seconds
58.979: [Full GC58.979: [Tenured: 256703K->256703K(256704K), 0.1396530 secs] 372223K->371580K(372224K), [Perm : 13531K->13531K(21248K)], 0.1396890 secs] [Times: user=0.14 sys=0.00, real=0.14 secs] 
59.119: Total time for which application threads were stopped: 0.1401160 seconds, Stopping threads took: 0.0000080 seconds
59.122: Application time: 0.0032970 seconds
59.122: [Full GC59.122: [Tenured: 256703K->256703K(256704K), 0.1415270 secs] 372223K->371661K(372224K), [Perm : 13531K->13531K(21248K)], 0.1415680 secs] [Times: user=0.14 sys=0.00, real=0.14 secs] 
59.264: Total time for which application threads were stopped: 0.1418590 seconds, Stopping threads took: 0.0000070 seconds
59.267: Application time: 0.0030160 seconds
59.267: [Full GC59.267: [Tenured: 256703K->256703K(256704K), 0.1396200 secs] 372208K->371669K(372224K), [Perm : 13531K->13531K(21248K)], 0.1396530 secs] [Times: user=0.14 sys=0.00, real=0.14 secs] 
59.407: Total time for which application threads were stopped: 0.1399620 seconds, Stopping threads took: 0.0000060 seconds
59.410: Application time: 0.0030940 seconds
59.410: [Full GC59.410: [Tenured: 256703K->256703K(256704K), 0.1397280 secs] 372223K->371709K(372224K), [Perm : 13531K->13531K(21248K)], 0.1397630 secs] [Times: user=0.14 sys=0.00, real=0.14 secs] 
59.550: Total time for which application threads were stopped: 0.1400680 seconds, Stopping threads took: 0.0000070 seconds
59.553: Application time: 0.0028090 seconds
59.553: [Full GC59.553: [Tenured: 256703K->256703K(256704K), 0.1397050 secs] 372223K->371747K(372224K), [Perm : 13531K->13531K(21248K)], 0.1397370 secs] [Times: user=0.14 sys=0.00, real=0.14 secs] 
59.693: Total time for which application threads were stopped: 0.1400730 seconds, Stopping threads took: 0.0000060 seconds
59.695: Application time: 0.0025640 seconds
59.696: [Full GC59.696: [Tenured: 256703K->256703K(256704K), 0.1398410 secs] 372223K->371786K(372224K), [Perm : 13531K->13531K(21248K)], 0.1398720 secs] [Times: user=0.14 sys=0.00, real=0.14 secs] 
59.836: Total time for which application threads were stopped: 0.1401780 seconds, Stopping threads took: 0.0000070 seconds
59.838: Application time: 0.0023510 seconds
59.838: [Full GC59.838: [Tenured: 256703K->256703K(256704K), 0.1401270 secs] 372223K->371826K(372224K), [Perm : 13531K->13531K(21248K)], 0.1401570 secs] [Times: user=0.14 sys=0.00, real=0.14 secs] 
59.978: Total time for which application threads were stopped: 0.1404610 seconds, Stopping threads took: 0.0000060 seconds
59.981: Application time: 0.0023480 seconds
59.981: [Full GC59.981: [Tenured: 256703K->256703K(256704K), 0.1408950 secs] 372223K->371830K(372224K), [Perm : 13531K->13531K(21248K)], 0.1409290 secs] [Times: user=0.14 sys=0.00, real=0.14 secs] 
60.122: Total time for which application threads were stopped: 0.1412430 seconds, Stopping threads took: 0.0000070 seconds
60.124: Application time: 0.0023280 seconds
60.125: [Full GC60.125: [Tenured: 256703K->256703K(256704K), 0.1401740 secs] 372223K->371836K(372224K), [Perm : 13531K->13531K(21248K)], 0.1402050 secs] [Times: user=0.14 sys=0.00, real=0.14 secs] 
60.265: Total time for which application threads were stopped: 0.1405220 seconds, Stopping threads took: 0.0000070 seconds
60.267: Application time: 0.0022810 seconds
60.267: [Full GC60.267: [Tenured: 256703K->256703K(256704K), 0.1395120 secs] 372223K->371841K(372224K), [Perm : 13531K->13531K(21248K)], 0.1395430 secs] [Times: user=0.14 sys=0.00, real=0.14 secs] 
60.407: Total time for which application threads were stopped: 0.1398320 seconds, Stopping threads took: 0.0000070 seconds
60.409: Application time: 0.0022250 seconds
60.410: [Full GC60.410: [Tenured: 256703K->256703K(256704K), 0.1421990 secs] 372223K->371845K(372224K), [Perm : 13531K->13531K(21248K)], 0.1422300 secs] [Times: user=0.14 sys=0.00, real=0.14 secs] 
60.552: Total time for which application threads were stopped: 0.1425150 seconds, Stopping threads took: 0.0000070 seconds
60.554: Application time: 0.0018240 seconds
60.554: [Full GC60.554: [Tenured: 256703K->256703K(256704K), 0.2110970 secs] 372223K->371883K(372224K), [Perm : 13531K->13531K(21248K)], 0.2111370 secs] [Times: user=0.21 sys=0.00, real=0.21 secs] 
60.765: Total time for which application threads were stopped: 0.2114460 seconds, Stopping threads took: 0.0000070 seconds
60.767: Application time: 0.0018090 seconds
60.767: [Full GC60.767: [Tenured: 256703K->256703K(256704K), 0.1393790 secs] 372223K->371920K(372224K), [Perm : 13531K->13531K(21248K)], 0.1394210 secs] [Times: user=0.14 sys=0.00, real=0.14 secs] 
60.907: Total time for which application threads were stopped: 0.1398990 seconds, Stopping threads took: 0.0000080 seconds
60.909: Application time: 0.0017870 seconds
60.909: [Full GC60.909: [Tenured: 256703K->256703K(256704K), 0.1401930 secs] 372223K->371925K(372224K), [Perm : 13531K->13531K(21248K)], 0.1402250 secs] [Times: user=0.14 sys=0.00, real=0.14 secs] 
61.049: Total time for which application threads were stopped: 0.1405320 seconds, Stopping threads took: 0.0000070 seconds
61.051: Application time: 0.0017620 seconds
61.051: [Full GC61.051: [Tenured: 256703K->256703K(256704K), 0.1416060 secs] 372223K->371925K(372224K), [Perm : 13531K->13531K(21248K)], 0.1416380 secs] [Times: user=0.14 sys=0.00, real=0.14 secs] 
61.193: Total time for which application threads were stopped: 0.1419330 seconds, Stopping threads took: 0.0000070 seconds
61.195: Application time: 0.0017480 seconds
61.195: [Full GC61.195: [Tenured: 256703K->256703K(256704K), 0.1397430 secs] 372223K->371932K(372224K), [Perm : 13531K->13531K(21248K)], 0.1397760 secs] [Times: user=0.14 sys=0.00, real=0.14 secs] 
61.335: Total time for which application threads were stopped: 0.1400800 seconds, Stopping threads took: 0.0000060 seconds
61.336: Application time: 0.0015140 seconds
61.336: [Full GC61.336: [Tenured: 256703K->256703K(256704K), 0.1398950 secs] 372223K->371932K(372224K), [Perm : 13531K->13531K(21248K)], 0.1399260 secs] [Times: user=0.14 sys=0.00, real=0.14 secs] 
61.476: Total time for which application threads were stopped: 0.1402600 seconds, Stopping threads took: 0.0000190 seconds
61.477: Application time: 0.0010480 seconds
61.478: [Full GC61.478: [Tenured: 256703K->256703K(256704K), 0.1390650 secs] 372223K->371974K(372224K), [Perm : 13531K->13531K(21248K)], 0.1390960 secs] [Times: user=0.14 sys=0.00, real=0.14 secs] 
61.617: Total time for which application threads were stopped: 0.1393980 seconds, Stopping threads took: 0.0000070 seconds
61.618: Application time: 0.0014660 seconds
61.619: [Full GC61.619: [Tenured: 256703K->256703K(256704K), 0.1423580 secs] 372223K->371977K(372224K), [Perm : 13531K->13531K(21248K)], 0.1423910 secs] [Times: user=0.14 sys=0.00, real=0.15 secs] 
61.761: Total time for which application threads were stopped: 0.1426840 seconds, Stopping threads took: 0.0000080 seconds
61.762: Application time: 0.0009940 seconds
61.762: [Full GC61.762: [Tenured: 256703K->256703K(256704K), 0.1396420 secs] 372212K->372014K(372224K), [Perm : 13531K->13531K(21248K)], 0.1396750 secs] [Times: user=0.14 sys=0.00, real=0.14 secs] 
61.902: Total time for which application threads were stopped: 0.1399710 seconds, Stopping threads took: 0.0000060 seconds
61.903: Application time: 0.0010340 seconds
61.903: [Full GC61.903: [Tenured: 256703K->256703K(256704K), 0.1425770 secs] 372223K->372053K(372224K), [Perm : 13531K->13531K(21248K)], 0.1426100 secs] [Times: user=0.15 sys=0.00, real=0.14 secs] 
62.046: Total time for which application threads were stopped: 0.1429230 seconds, Stopping threads took: 0.0000060 seconds
62.047: Application time: 0.0008340 seconds
62.047: [Full GC62.047: [Tenured: 256703K->256703K(256704K), 0.1399190 secs] 372223K->372088K(372224K), [Perm : 13531K->13531K(21248K)], 0.1399540 secs] [Times: user=0.14 sys=0.00, real=0.14 secs] 
62.187: Total time for which application threads were stopped: 0.1402640 seconds, Stopping threads took: 0.0000120 seconds
62.188: Application time: 0.0008120 seconds
62.188: [Full GC62.188: [Tenured: 256703K->256703K(256704K), 0.1418630 secs] 372223K->372091K(372224K), [Perm : 13531K->13531K(21248K)], 0.1418980 secs] [Times: user=0.14 sys=0.00, real=0.14 secs] 
62.330: Total time for which application threads were stopped: 0.1421830 seconds, Stopping threads took: 0.0000070 seconds
62.331: Application time: 0.0007850 seconds
62.331: [Full GC62.331: [Tenured: 256703K->256703K(256704K), 0.1415430 secs] 372223K->372092K(372224K), [Perm : 13531K->13531K(21248K)], 0.1415750 secs] [Times: user=0.14 sys=0.00, real=0.14 secs] 
62.473: Total time for which application threads were stopped: 0.1418580 seconds, Stopping threads took: 0.0000070 seconds
62.473: Application time: 0.0005830 seconds
62.474: [Full GC62.474: [Tenured: 256703K->256703K(256704K), 0.1395750 secs] 372223K->372126K(372224K), [Perm : 13531K->13531K(21248K)], 0.1396060 secs] [Times: user=0.14 sys=0.00, real=0.14 secs] 
62.613: Total time for which application threads were stopped: 0.1399100 seconds, Stopping threads took: 0.0000060 seconds
62.614: Application time: 0.0005910 seconds
62.614: [Full GC62.614: [Tenured: 256703K->256703K(256704K), 0.1394090 secs] 372223K->372127K(372224K), [Perm : 13531K->13531K(21248K)], 0.1394400 secs] [Times: user=0.14 sys=0.00, real=0.14 secs] 
62.753: Total time for which application threads were stopped: 0.1397240 seconds, Stopping threads took: 0.0000060 seconds
62.754: Application time: 0.0005980 seconds
62.754: [Full GC62.754: [Tenured: 256703K->256703K(256704K), 0.1389810 secs] 372223K->372130K(372224K), [Perm : 13531K->13531K(21248K)], 0.1390150 secs] [Times: user=0.14 sys=0.00, real=0.14 secs] 
62.893: Total time for which application threads were stopped: 0.1393040 seconds, Stopping threads took: 0.0000070 seconds
62.894: Application time: 0.0005510 seconds
62.894: [Full GC62.894: [Tenured: 256703K->256703K(256704K), 0.1395800 secs] 372223K->372130K(372224K), [Perm : 13531K->13531K(21248K)], 0.1396120 secs] [Times: user=0.14 sys=0.00, real=0.14 secs] 
63.034: Total time for which application threads were stopped: 0.1398980 seconds, Stopping threads took: 0.0000060 seconds
63.034: Application time: 0.0005540 seconds
63.035: [Full GC63.035: [Tenured: 256703K->256703K(256704K), 0.1397520 secs] 372223K->372131K(372224K), [Perm : 13531K->13531K(21248K)], 0.1397850 secs] [Times: user=0.14 sys=0.00, real=0.14 secs] 
63.174: Total time for which application threads were stopped: 0.1401000 seconds, Stopping threads took: 0.0000070 seconds
63.175: Application time: 0.0003700 seconds
63.175: [Full GC63.175: [Tenured: 256703K->256703K(256704K), 0.1410390 secs] 372223K->372165K(372224K), [Perm : 13531K->13531K(21248K)], 0.1410710 secs] [Times: user=0.14 sys=0.00, real=0.14 secs] 
63.316: Total time for which application threads were stopped: 0.1413540 seconds, Stopping threads took: 0.0000070 seconds
63.317: Application time: 0.0003730 seconds
63.317: [Full GC63.317: [Tenured: 256703K->256703K(256704K), 0.1401780 secs] 372223K->372167K(372224K), [Perm : 13531K->13531K(21248K)], 0.1402090 secs] [Times: user=0.14 sys=0.00, real=0.14 secs] 
63.457: Total time for which application threads were stopped: 0.1404930 seconds, Stopping threads took: 0.0000060 seconds
63.457: Application time: 0.0003670 seconds
63.458: [Full GC63.458: [Tenured: 256703K->256703K(256704K), 0.1395150 secs] 372223K->372167K(372224K), [Perm : 13531K->13531K(21248K)], 0.1395470 secs] [Times: user=0.14 sys=0.00, real=0.14 secs] 
63.597: Total time for which application threads were stopped: 0.1398290 seconds, Stopping threads took: 0.0000060 seconds
63.598: Application time: 0.0003670 seconds
63.598: [Full GC63.598: [Tenured: 256703K->256703K(256704K), 0.1402210 secs] 372223K->372166K(372224K), [Perm : 13531K->13531K(21248K)], 0.1402550 secs] [Times: user=0.14 sys=0.00, real=0.14 secs] 
63.738: Total time for which application threads were stopped: 0.1405660 seconds, Stopping threads took: 0.0000070 seconds
63.739: Application time: 0.0003700 seconds
63.739: [Full GC63.739: [Tenured: 256703K->256703K(256704K), 0.1398720 secs] 372223K->372169K(372224K), [Perm : 13531K->13531K(21248K)], 0.1399050 secs] [Times: user=0.14 sys=0.00, real=0.14 secs] 
63.879: Total time for which application threads were stopped: 0.1402040 seconds, Stopping threads took: 0.0000070 seconds
63.879: Application time: 0.0003260 seconds
63.879: [Full GC63.879: [Tenured: 256703K->256703K(256704K), 0.1410560 secs] 372219K->372171K(372224K), [Perm : 13531K->13531K(21248K)], 0.1410880 secs] [Times: user=0.14 sys=0.00, real=0.15 secs] 
64.020: Total time for which application threads were stopped: 0.1413840 seconds, Stopping threads took: 0.0000070 seconds
64.021: Application time: 0.0001640 seconds
64.021: [Full GC64.021: [Tenured: 256703K->256703K(256704K), 0.1387540 secs] 372223K->372203K(372224K), [Perm : 13531K->13531K(21248K)], 0.1387830 secs] [Times: user=0.13 sys=0.00, real=0.14 secs] 
64.160: Total time for which application threads were stopped: 0.1390660 seconds, Stopping threads took: 0.0000060 seconds
64.160: Application time: 0.0001490 seconds
64.160: [Full GC64.160: [Tenured: 256703K->256703K(256704K), 0.1388380 secs] 372223K->372204K(372224K), [Perm : 13531K->13531K(21248K)], 0.1388730 secs] [Times: user=0.13 sys=0.00, real=0.13 secs] 
64.299: Total time for which application threads were stopped: 0.1391770 seconds, Stopping threads took: 0.0000070 seconds
64.299: Application time: 0.0001500 seconds
64.299: [Full GC64.299: [Tenured: 256703K->256703K(256704K), 0.1392650 secs] 372223K->372204K(372224K), [Perm : 13531K->13531K(21248K)], 0.1392990 secs] [Times: user=0.13 sys=0.00, real=0.14 secs] 
64.439: Total time for which application threads were stopped: 0.1395870 seconds, Stopping threads took: 0.0000070 seconds
64.439: Application time: 0.0001580 seconds
64.439: [Full GC64.439: [Tenured: 256703K->256703K(256704K), 0.1392630 secs] 372223K->372205K(372224K), [Perm : 13531K->13531K(21248K)], 0.1392970 secs] [Times: user=0.13 sys=0.00, real=0.14 secs] 
64.579: Total time for which application threads were stopped: 0.1395820 seconds, Stopping threads took: 0.0000060 seconds
64.579: Application time: 0.0001640 seconds
64.579: [Full GC64.579: [Tenured: 256703K->256703K(256704K), 0.1407310 secs] 372223K->372204K(372224K), [Perm : 13531K->13531K(21248K)], 0.1407650 secs] [Times: user=0.14 sys=0.00, real=0.15 secs] 
64.720: Total time for which application threads were stopped: 0.1410490 seconds, Stopping threads took: 0.0000070 seconds
64.720: Application time: 0.0001330 seconds
64.720: [Full GC64.720: [Tenured: 256703K->256703K(256704K), 0.1394520 secs] 372223K->372205K(372224K), [Perm : 13531K->13531K(21248K)], 0.1394820 secs] [Times: user=0.14 sys=0.00, real=0.14 secs] 
64.860: Total time for which application threads were stopped: 0.1397830 seconds, Stopping threads took: 0.0000060 seconds
64.860: Application time: 0.0001450 seconds
64.860: [Full GC64.860: [Tenured: 256703K->256703K(256704K), 0.1421840 secs] 372223K->372204K(372224K), [Perm : 13531K->13531K(21248K)], 0.1422170 secs] [Times: user=0.14 sys=0.00, real=0.14 secs] 
65.002: Total time for which application threads were stopped: 0.1425000 seconds, Stopping threads took: 0.0000070 seconds
65.002: Application time: 0.0001620 seconds
65.003: [Full GC65.003: [Tenured: 256703K->256703K(256704K), 0.1397980 secs] 372223K->372204K(372224K), [Perm : 13531K->13531K(21248K)], 0.1398330 secs] [Times: user=0.14 sys=0.00, real=0.14 secs] 
65.143: Total time for which application threads were stopped: 0.1401190 seconds, Stopping threads took: 0.0000070 seconds
65.143: Application time: 0.0001600 seconds
65.143: [Full GC65.143: [Tenured: 256703K->256703K(256704K), 0.1410890 secs] 372223K->372205K(372224K), [Perm : 13531K->13531K(21248K)], 0.1411200 secs] [Times: user=0.14 sys=0.00, real=0.14 secs] 
65.284: Total time for which application threads were stopped: 0.1414040 seconds, Stopping threads took: 0.0000070 seconds
65.284: Application time: 0.0001800 seconds
65.285: [Full GC65.285: [Tenured: 256703K->256703K(256704K), 0.1400400 secs] 372223K->372204K(372224K), [Perm : 13531K->13531K(21248K)], 0.1400740 secs] [Times: user=0.15 sys=0.00, real=0.14 secs] 
65.425: Total time for which application threads were stopped: 0.1403770 seconds, Stopping threads took: 0.0000070 seconds
65.425: Application time: 0.0001510 seconds
65.425: [Full GC65.425: [Tenured: 256703K->256703K(256704K), 0.1396170 secs] 372223K->372205K(372224K), [Perm : 13531K->13531K(21248K)], 0.1396470 secs] [Times: user=0.14 sys=0.00, real=0.14 secs] 
65.565: Total time for which application threads were stopped: 0.1399390 seconds, Stopping threads took: 0.0000060 seconds
65.565: Application time: 0.0001480 seconds
65.565: [Full GC65.565: [Tenured: 256703K->256703K(256704K), 0.1392270 secs] 372223K->372205K(372224K), [Perm : 13531K->13531K(21248K)], 0.1392560 secs] [Times: user=0.14 sys=0.00, real=0.14 secs] 
65.704: Total time for which application threads were stopped: 0.1395380 seconds, Stopping threads took: 0.0000050 seconds
65.705: Application time: 0.0001440 seconds
65.705: [Full GC65.705: [Tenured: 256703K->256703K(256704K), 0.1408290 secs] 372223K->372206K(372224K), [Perm : 13531K->13531K(21248K)], 0.1408620 secs] [Times: user=0.14 sys=0.00, real=0.14 secs] 
65.846: Total time for which application threads were stopped: 0.1411460 seconds, Stopping threads took: 0.0000070 seconds
65.846: Application time: 0.0001570 seconds
65.846: [Full GC65.846: [Tenured: 256703K->256703K(256704K), 0.1397350 secs] 372223K->372206K(372224K), [Perm : 13531K->13531K(21248K)], 0.1397680 secs] [Times: user=0.14 sys=0.00, real=0.14 secs] 
65.986: Total time for which application threads were stopped: 0.1400730 seconds, Stopping threads took: 0.0000070 seconds
65.986: Application time: 0.0001470 seconds
65.986: [Full GC65.986: [Tenured: 256703K->256703K(256704K), 0.1391450 secs] 372223K->372206K(372224K), [Perm : 13531K->13531K(21248K)], 0.1391780 secs] [Times: user=0.14 sys=0.00, real=0.14 secs] 
66.126: Total time for which application threads were stopped: 0.1394630 seconds, Stopping threads took: 0.0000070 seconds
66.126: Application time: 0.0001650 seconds
66.126: [Full GC66.126: [Tenured: 256703K->256703K(256704K), 0.1391890 secs] 372223K->372207K(372224K), [Perm : 13531K->13531K(21248K)], 0.1392200 secs] [Times: user=0.14 sys=0.00, real=0.14 secs] 
66.265: Total time for which application threads were stopped: 0.1395040 seconds, Stopping threads took: 0.0000070 seconds
66.265: Application time: 0.0001360 seconds
66.266: [Full GC66.266: [Tenured: 256703K->256703K(256704K), 0.1394930 secs] 372223K->372207K(372224K), [Perm : 13531K->13531K(21248K)], 0.1395260 secs] [Times: user=0.14 sys=0.00, real=0.14 secs] 
66.405: Total time for which application threads were stopped: 0.1398110 seconds, Stopping threads took: 0.0000060 seconds
66.405: Application time: 0.0001410 seconds
66.406: [Full GC66.406: [Tenured: 256703K->256703K(256704K), 0.1407130 secs] 372223K->372208K(372224K), [Perm : 13531K->13531K(21248K)], 0.1407470 secs] [Times: user=0.14 sys=0.00, real=0.14 secs] 
66.546: Total time for which application threads were stopped: 0.1410450 seconds, Stopping threads took: 0.0000070 seconds
66.547: Application time: 0.0001370 seconds
66.547: [Full GC66.547: [Tenured: 256703K->256703K(256704K), 0.1395090 secs] 372223K->372207K(372224K), [Perm : 13531K->13531K(21248K)], 0.1395430 secs] [Times: user=0.14 sys=0.00, real=0.14 secs] 
66.686: Total time for which application threads were stopped: 0.1398280 seconds, Stopping threads took: 0.0000060 seconds
66.687: Application time: 0.0001240 seconds
66.687: [Full GC66.687: [Tenured: 256703K->256703K(256704K), 0.1390060 secs] 372223K->372208K(372224K), [Perm : 13531K->13531K(21248K)], 0.1390380 secs] [Times: user=0.14 sys=0.00, real=0.14 secs] 
66.826: Total time for which application threads were stopped: 0.1393240 seconds, Stopping threads took: 0.0000080 seconds
66.826: Application time: 0.0001330 seconds
66.826: [Full GC66.826: [Tenured: 256703K->256703K(256704K), 0.1418160 secs] 372223K->372208K(372224K), [Perm : 13531K->13531K(21248K)], 0.1418490 secs] [Times: user=0.15 sys=0.00, real=0.15 secs] 
66.968: Total time for which application threads were stopped: 0.1421340 seconds, Stopping threads took: 0.0000060 seconds
66.968: Application time: 0.0001440 seconds
66.969: [Full GC66.969: [Tenured: 256703K->256703K(256704K), 0.1399300 secs] 372223K->372208K(372224K), [Perm : 13531K->13531K(21248K)], 0.1399630 secs] [Times: user=0.14 sys=0.00, real=0.14 secs] 
67.109: Total time for which application threads were stopped: 0.1402620 seconds, Stopping threads took: 0.0000060 seconds
67.109: Application time: 0.0001340 seconds
67.109: [Full GC67.109: [Tenured: 256703K->256703K(256704K), 0.1389200 secs] 372223K->372208K(372224K), [Perm : 13531K->13531K(21248K)], 0.1389580 secs] [Times: user=0.14 sys=0.00, real=0.14 secs] 
67.248: Total time for which application threads were stopped: 0.1392420 seconds, Stopping threads took: 0.0000060 seconds
67.248: Application time: 0.0001400 seconds
67.248: [Full GC67.248: [Tenured: 256703K->256703K(256704K), 0.1416890 secs] 372223K->372209K(372224K), [Perm : 13531K->13531K(21248K)], 0.1417230 secs] [Times: user=0.14 sys=0.00, real=0.14 secs] 
67.390: Total time for which application threads were stopped: 0.1420060 seconds, Stopping threads took: 0.0000070 seconds
67.390: Application time: 0.0001330 seconds
67.390: [Full GC67.390: [Tenured: 256703K->256703K(256704K), 0.1390440 secs] 372223K->372209K(372224K), [Perm : 13531K->13531K(21248K)], 0.1390760 secs] [Times: user=0.14 sys=0.00, real=0.14 secs] 
67.530: Total time for which application threads were stopped: 0.1393600 seconds, Stopping threads took: 0.0000070 seconds
67.530: Application time: 0.0001270 seconds
67.530: [Full GC67.530: [Tenured: 256703K->256703K(256704K), 0.1405840 secs] 372223K->372209K(372224K), [Perm : 13531K->13531K(21248K)], 0.1406180 secs] [Times: user=0.14 sys=0.00, real=0.14 secs] 
67.671: Total time for which application threads were stopped: 0.1409150 seconds, Stopping threads took: 0.0000060 seconds
67.671: Application time: 0.0001220 seconds
67.671: [Full GC67.671: [Tenured: 256703K->256703K(256704K), 0.1586990 secs] 372223K->372210K(372224K), [Perm : 13531K->13531K(21248K)], 0.1587310 secs] [Times: user=0.16 sys=0.00, real=0.16 secs] 
67.830: Total time for which application threads were stopped: 0.1590150 seconds, Stopping threads took: 0.0000070 seconds
67.830: Application time: 0.0001280 seconds
67.830: [Full GC67.830: [Tenured: 256703K->256703K(256704K), 0.1388900 secs] 372223K->372209K(372224K), [Perm : 13531K->13531K(21248K)], 0.1389230 secs] [Times: user=0.14 sys=0.00, real=0.14 secs] 
67.969: Total time for which application threads were stopped: 0.1392060 seconds, Stopping threads took: 0.0000070 seconds
67.969: Application time: 0.0001350 seconds
67.969: [Full GC67.969: [Tenured: 256703K->256703K(256704K), 0.1393280 secs] 372223K->372210K(372224K), [Perm : 13531K->13531K(21248K)], 0.1393600 secs] [Times: user=0.14 sys=0.00, real=0.14 secs] 
68.109: Total time for which application threads were stopped: 0.1396450 seconds, Stopping threads took: 0.0000060 seconds
68.109: Application time: 0.0001640 seconds
68.109: [Full GC68.109: [Tenured: 256703K->256703K(256704K), 0.1415550 secs] 372223K->372210K(372224K), [Perm : 13531K->13531K(21248K)], 0.1415890 secs] [Times: user=0.14 sys=0.00, real=0.14 secs] 
68.251: Total time for which application threads were stopped: 0.1418900 seconds, Stopping threads took: 0.0000070 seconds
68.251: Application time: 0.0001270 seconds
68.251: [Full GC68.251: [Tenured: 256703K->256703K(256704K), 0.1401720 secs] 372223K->372210K(372224K), [Perm : 13531K->13531K(21248K)], 0.1402070 secs] [Times: user=0.14 sys=0.00, real=0.14 secs] 
68.392: Total time for which application threads were stopped: 0.1405020 seconds, Stopping threads took: 0.0000070 seconds
68.392: Application time: 0.0001340 seconds
68.392: [Full GC68.392: [Tenured: 256703K->256703K(256704K), 0.1394460 secs] 372223K->372210K(372224K), [Perm : 13531K->13531K(21248K)], 0.1394780 secs] [Times: user=0.14 sys=0.00, real=0.14 secs] 
68.531: Total time for which application threads were stopped: 0.1397630 seconds, Stopping threads took: 0.0000070 seconds
68.532: Application time: 0.0001330 seconds
68.532: [Full GC68.532: [Tenured: 256703K->256703K(256704K), 0.1425700 secs] 372223K->372210K(372224K), [Perm : 13531K->13531K(21248K)], 0.1426060 secs] [Times: user=0.14 sys=0.00, real=0.14 secs] 
68.674: Total time for which application threads were stopped: 0.1428870 seconds, Stopping threads took: 0.0000060 seconds
68.675: Application time: 0.0001290 seconds
68.675: [Full GC68.675: [Tenured: 256703K->256703K(256704K), 0.1392570 secs] 372223K->372211K(372224K), [Perm : 13531K->13531K(21248K)], 0.1392980 secs] [Times: user=0.14 sys=0.00, real=0.14 secs] 
68.814: Total time for which application threads were stopped: 0.1395980 seconds, Stopping threads took: 0.0000060 seconds
68.814: Application time: 0.0001300 seconds
68.815: [Full GC68.815: [Tenured: 256703K->256703K(256704K), 0.1392500 secs] 372223K->372211K(372224K), [Perm : 13531K->13531K(21248K)], 0.1392840 secs] [Times: user=0.14 sys=0.00, real=0.14 secs] 
68.954: Total time for which application threads were stopped: 0.1395770 seconds, Stopping threads took: 0.0000060 seconds
68.954: Application time: 0.0001210 seconds
68.954: [Full GC68.954: [Tenured: 256703K->256703K(256704K), 0.1411300 secs] 372223K->372211K(372224K), [Perm : 13531K->13531K(21248K)], 0.1411640 secs] [Times: user=0.14 sys=0.00, real=0.14 secs] 
69.095: Total time for which application threads were stopped: 0.1414480 seconds, Stopping threads took: 0.0000070 seconds
69.096: Application time: 0.0001300 seconds
69.096: [Full GC69.096: [Tenured: 256703K->256703K(256704K), 0.1403520 secs] 372223K->372211K(372224K), [Perm : 13531K->13531K(21248K)], 0.1403840 secs] [Times: user=0.14 sys=0.00, real=0.14 secs] 
69.236: Total time for which application threads were stopped: 0.1406660 seconds, Stopping threads took: 0.0000060 seconds
69.236: Application time: 0.0001130 seconds
69.237: [Full GC69.237: [Tenured: 256703K->256703K(256704K), 0.1395030 secs] 372223K->372211K(372224K), [Perm : 13531K->13531K(21248K)], 0.1395320 secs] [Times: user=0.14 sys=0.00, real=0.14 secs] 
69.376: Total time for which application threads were stopped: 0.1398280 seconds, Stopping threads took: 0.0000060 seconds
69.376: Application time: 0.0001170 seconds
69.377: [Full GC69.377: [Tenured: 256703K->256703K(256704K), 0.1392600 secs] 372223K->372211K(372224K), [Perm : 13531K->13531K(21248K)], 0.1392890 secs] [Times: user=0.14 sys=0.00, real=0.14 secs] 
69.516: Total time for which application threads were stopped: 0.1395730 seconds, Stopping threads took: 0.0000070 seconds
69.516: Application time: 0.0001370 seconds
69.516: [Full GC69.516: [Tenured: 256703K->256703K(256704K), 0.1391440 secs] 372223K->372211K(372224K), [Perm : 13531K->13531K(21248K)], 0.1391770 secs] [Times: user=0.14 sys=0.00, real=0.14 secs] 
69.655: Total time for which application threads were stopped: 0.1394630 seconds, Stopping threads took: 0.0000060 seconds
69.656: Application time: 0.0001280 seconds
69.656: [Full GC69.656: [Tenured: 256703K->256703K(256704K), 0.1399110 secs] 372223K->372211K(372224K), [Perm : 13531K->13531K(21248K)], 0.1399440 secs] [Times: user=0.14 sys=0.00, real=0.14 secs] 
69.796: Total time for which application threads were stopped: 0.1402280 seconds, Stopping threads took: 0.0000070 seconds
69.796: Application time: 0.0001210 seconds
69.796: [Full GC69.796: [Tenured: 256703K->256703K(256704K), 0.1392900 secs] 372223K->372212K(372224K), [Perm : 13531K->13531K(21248K)], 0.1393200 secs] [Times: user=0.14 sys=0.00, real=0.14 secs] 
69.936: Total time for which application threads were stopped: 0.1396170 seconds, Stopping threads took: 0.0000050 seconds
69.936: Application time: 0.0001190 seconds
69.936: [Full GC69.936: [Tenured: 256703K->256703K(256704K), 0.1391610 secs] 372223K->372212K(372224K), [Perm : 13531K->13531K(21248K)], 0.1391940 secs] [Times: user=0.14 sys=0.00, real=0.14 secs] 
70.075: Total time for which application threads were stopped: 0.1394780 seconds, Stopping threads took: 0.0000060 seconds
70.075: Application time: 0.0001180 seconds
70.076: [Full GC70.076: [Tenured: 256703K->256703K(256704K), 0.1389600 secs] 372223K->372212K(372224K), [Perm : 13531K->13531K(21248K)], 0.1389920 secs] [Times: user=0.14 sys=0.00, real=0.14 secs] 
70.215: Total time for which application threads were stopped: 0.1392830 seconds, Stopping threads took: 0.0000060 seconds
70.215: Application time: 0.0001160 seconds
70.215: [Full GC70.215: [Tenured: 256703K->256703K(256704K), 0.1410470 secs] 372223K->372212K(372224K), [Perm : 13531K->13531K(21248K)], 0.1410880 secs] [Times: user=0.14 sys=0.00, real=0.14 secs] 
70.356: Total time for which application threads were stopped: 0.1413690 seconds, Stopping threads took: 0.0000070 seconds
70.356: Application time: 0.0001410 seconds
70.356: [Full GC70.357: [Tenured: 256703K->256703K(256704K), 0.1391600 secs] 372223K->372212K(372224K), [Perm : 13531K->13531K(21248K)], 0.1391940 secs] [Times: user=0.13 sys=0.00, real=0.14 secs] 
70.496: Total time for which application threads were stopped: 0.1394940 seconds, Stopping threads took: 0.0000070 seconds
70.496: Application time: 0.0001090 seconds
70.496: [Full GC70.496: [Tenured: 256703K->256703K(256704K), 0.1392820 secs] 372223K->372213K(372224K), [Perm : 13531K->13531K(21248K)], 0.1393150 secs] [Times: user=0.13 sys=0.00, real=0.14 secs] 
70.635: Total time for which application threads were stopped: 0.1396000 seconds, Stopping threads took: 0.0000070 seconds
70.636: Application time: 0.0001260 seconds
70.636: [Full GC70.636: [Tenured: 256703K->256703K(256704K), 0.1394280 secs] 372223K->372212K(372224K), [Perm : 13531K->13531K(21248K)], 0.1394620 secs] [Times: user=0.14 sys=0.00, real=0.14 secs] 
70.775: Total time for which application threads were stopped: 0.1397500 seconds, Stopping threads took: 0.0000070 seconds
70.775: Application time: 0.0001170 seconds
70.776: [Full GC70.776: [Tenured: 256703K->256703K(256704K), 0.1407720 secs] 372223K->372212K(372224K), [Perm : 13531K->13531K(21248K)], 0.1408040 secs] [Times: user=0.14 sys=0.00, real=0.14 secs] 
70.917: Total time for which application threads were stopped: 0.1410980 seconds, Stopping threads took: 0.0000060 seconds
70.917: Application time: 0.0001140 seconds
70.917: [Full GC70.917: [Tenured: 256703K->256703K(256704K), 0.1410700 secs] 372223K->372212K(372224K), [Perm : 13531K->13531K(21248K)], 0.1411040 secs] [Times: user=0.14 sys=0.00, real=0.14 secs] 
71.058: Total time for which application threads were stopped: 0.1414110 seconds, Stopping threads took: 0.0000070 seconds
71.058: Application time: 0.0001190 seconds
71.058: [Full GC71.058: [Tenured: 256703K->256703K(256704K), 0.1393820 secs] 372223K->372213K(372224K), [Perm : 13531K->13531K(21248K)], 0.1394150 secs] [Times: user=0.14 sys=0.00, real=0.14 secs] 
71.198: Total time for which application threads were stopped: 0.1396980 seconds, Stopping threads took: 0.0000060 seconds
71.198: Application time: 0.0001020 seconds
71.198: [Full GC71.198: [Tenured: 256703K->256703K(256704K), 0.1406500 secs] 372223K->372213K(372224K), [Perm : 13531K->13531K(21248K)], 0.1406840 secs] [Times: user=0.14 sys=0.00, real=0.14 secs] 
71.339: Total time for which application threads were stopped: 0.1409650 seconds, Stopping threads took: 0.0000070 seconds
71.339: Application time: 0.0001030 seconds
71.339: [Full GC71.339: [Tenured: 256703K->256703K(256704K), 0.1412060 secs] 372223K->372213K(372224K), [Perm : 13531K->13531K(21248K)], 0.1412360 secs] [Times: user=0.14 sys=0.00, real=0.15 secs] 
71.481: Total time for which application threads were stopped: 0.1415160 seconds, Stopping threads took: 0.0000060 seconds
71.481: Application time: 0.0000950 seconds
71.481: [Full GC71.481: [Tenured: 256703K->256703K(256704K), 0.1393870 secs] 372220K->372213K(372224K), [Perm : 13531K->13531K(21248K)], 0.1394190 secs] [Times: user=0.14 sys=0.00, real=0.14 secs] 
71.620: [Full GC71.620: [Tenured: 256703K->256703K(256704K), 0.1392330 secs] 372213K->372213K(372224K), [Perm : 13531K->13531K(21248K)], 0.1392620 secs] [Times: user=0.14 sys=0.00, real=0.14 secs] 
71.760: Total time for which application threads were stopped: 0.2790120 seconds, Stopping threads took: 0.0000070 seconds
71.760: Application time: 0.0001410 seconds
71.760: [Full GC71.760: [Tenured: 256703K->256703K(256704K), 0.1548760 secs] 372223K->372213K(372224K), [Perm : 13531K->13531K(21248K)], 0.1549130 secs] [Times: user=0.16 sys=0.00, real=0.15 secs] 
71.915: Total time for which application threads were stopped: 0.1552060 seconds, Stopping threads took: 0.0000070 seconds
71.915: Application time: 0.0001060 seconds
71.915: [Full GC71.915: [Tenured: 256703K->256703K(256704K), 0.2191160 secs] 372223K->372213K(372224K), [Perm : 13531K->13531K(21248K)], 0.2191580 secs] [Times: user=0.22 sys=0.00, real=0.22 secs] 
72.135: Total time for which application threads were stopped: 0.2194470 seconds, Stopping threads took: 0.0000080 seconds
72.135: Application time: 0.0001300 seconds
72.135: [Full GC72.135: [Tenured: 256703K->256703K(256704K), 0.1390400 secs] 372223K->372212K(372224K), [Perm : 13531K->13531K(21248K)], 0.1390700 secs] [Times: user=0.14 sys=0.00, real=0.14 secs] 
72.274: Total time for which application threads were stopped: 0.1395600 seconds, Stopping threads took: 0.0000080 seconds
72.274: Application time: 0.0001160 seconds
72.275: [Full GC72.275: [Tenured: 256703K->256703K(256704K), 0.1410610 secs] 372223K->372213K(372224K), [Perm : 13531K->13531K(21248K)], 0.1410930 secs] [Times: user=0.14 sys=0.00, real=0.14 secs] 
72.416: Total time for which application threads were stopped: 0.1413870 seconds, Stopping threads took: 0.0000080 seconds
72.416: Application time: 0.0001130 seconds
72.416: [Full GC72.416: [Tenured: 256703K->256703K(256704K), 0.1388830 secs] 372223K->372213K(372224K), [Perm : 13531K->13531K(21248K)], 0.1389160 secs] [Times: user=0.14 sys=0.00, real=0.14 secs] 
72.555: Total time for which application threads were stopped: 0.1392000 seconds, Stopping threads took: 0.0000070 seconds
72.555: Application time: 0.0000950 seconds
72.555: [Full GC72.555: [Tenured: 256703K->256703K(256704K), 0.1388020 secs] 372223K->372213K(372224K), [Perm : 13531K->13531K(21248K)], 0.1388340 secs] [Times: user=0.14 sys=0.00, real=0.14 secs] 
72.694: Total time for which application threads were stopped: 0.1391170 seconds, Stopping threads took: 0.0000060 seconds
72.694: Application time: 0.0001080 seconds
72.695: [Full GC72.695: [Tenured: 256703K->256703K(256704K), 0.1407900 secs] 372223K->372213K(372224K), [Perm : 13531K->13531K(21248K)], 0.1408230 secs] [Times: user=0.14 sys=0.00, real=0.14 secs] 
72.836: Total time for which application threads were stopped: 0.1411310 seconds, Stopping threads took: 0.0000070 seconds
72.836: Application time: 0.0001190 seconds
72.836: [Full GC72.836: [Tenured: 256703K->256703K(256704K), 0.1390010 secs] 372223K->372214K(372224K), [Perm : 13531K->13531K(21248K)], 0.1390340 secs] [Times: user=0.14 sys=0.00, real=0.14 secs] 
72.975: Total time for which application threads were stopped: 0.1393180 seconds, Stopping threads took: 0.0000080 seconds
72.975: Application time: 0.0000990 seconds
72.975: [Full GC72.975: [Tenured: 256703K->256703K(256704K), 0.1414260 secs] 372223K->372214K(372224K), [Perm : 13531K->13531K(21248K)], 0.1414600 secs] [Times: user=0.14 sys=0.00, real=0.14 secs] 
73.117: Total time for which application threads were stopped: 0.1417430 seconds, Stopping threads took: 0.0000080 seconds
73.117: Application time: 0.0001370 seconds
73.117: [Full GC73.117: [Tenured: 256703K->256703K(256704K), 0.1390480 secs] 372223K->372214K(372224K), [Perm : 13531K->13531K(21248K)], 0.1390810 secs] [Times: user=0.14 sys=0.00, real=0.14 secs] 
73.256: Total time for which application threads were stopped: 0.1393650 seconds, Stopping threads took: 0.0000070 seconds
73.256: Application time: 0.0001070 seconds
73.257: [Full GC73.257: [Tenured: 256704K->256704K(256704K), 0.1410750 secs] 372223K->372214K(372224K), [Perm : 13531K->13531K(21248K)], 0.1411080 secs] [Times: user=0.14 sys=0.00, real=0.14 secs] 
73.398: Total time for which application threads were stopped: 0.1414090 seconds, Stopping threads took: 0.0000070 seconds
73.398: Application time: 0.0001040 seconds
73.398: [Full GC73.398: [Tenured: 256704K->256704K(256704K), 0.1390170 secs] 372223K->372215K(372224K), [Perm : 13531K->13531K(21248K)], 0.1390480 secs] [Times: user=0.14 sys=0.00, real=0.14 secs] 
73.537: Total time for which application threads were stopped: 0.1393300 seconds, Stopping threads took: 0.0000060 seconds
73.537: Application time: 0.0001240 seconds
73.538: [Full GC73.538: [Tenured: 256704K->256704K(256704K), 0.1389440 secs] 372223K->372215K(372224K), [Perm : 13531K->13531K(21248K)], 0.1389760 secs] [Times: user=0.14 sys=0.00, real=0.14 secs] 
73.677: Total time for which application threads were stopped: 0.1392590 seconds, Stopping threads took: 0.0000060 seconds
73.677: Application time: 0.0001030 seconds
73.677: [Full GC73.677: [Tenured: 256704K->256703K(256704K), 0.1395920 secs] 372224K->372215K(372224K), [Perm : 13531K->13531K(21248K)], 0.1396240 secs] [Times: user=0.14 sys=0.00, real=0.14 secs] 
73.817: Total time for which application threads were stopped: 0.1399090 seconds, Stopping threads took: 0.0000070 seconds
73.817: Application time: 0.0001340 seconds
73.817: [Full GC73.817: [Tenured: 256703K->256703K(256704K), 0.1392260 secs] 372223K->372215K(372224K), [Perm : 13531K->13531K(21248K)], 0.1392580 secs] [Times: user=0.14 sys=0.00, real=0.14 secs] 
73.956: Total time for which application threads were stopped: 0.1395610 seconds, Stopping threads took: 0.0000070 seconds
73.956: Application time: 0.0001040 seconds
73.957: [Full GC73.957: [Tenured: 256703K->256703K(256704K), 0.1413910 secs] 372223K->372215K(372224K), [Perm : 13531K->13531K(21248K)], 0.1414250 secs] [Times: user=0.15 sys=0.00, real=0.14 secs] 
74.098: Total time for which application threads were stopped: 0.1417080 seconds, Stopping threads took: 0.0000070 seconds
74.098: Application time: 0.0001000 seconds
74.099: [Full GC74.099: [Tenured: 256703K->256703K(256704K), 0.1408180 secs] 372223K->372215K(372224K), [Perm : 13531K->13531K(21248K)], 0.1408520 secs] [Times: user=0.14 sys=0.00, real=0.14 secs] 
74.239: Total time for which application threads were stopped: 0.1411400 seconds, Stopping threads took: 0.0000070 seconds
74.240: Application time: 0.0001190 seconds
74.240: [Full GC74.240: [Tenured: 256703K->256703K(256704K), 0.1546140 secs] 372223K->372215K(372224K), [Perm : 13531K->13531K(21248K)], 0.1546480 secs] [Times: user=0.15 sys=0.00, real=0.15 secs] 
74.395: Total time for which application threads were stopped: 0.1549440 seconds, Stopping threads took: 0.0000190 seconds
74.395: Application time: 0.0000950 seconds
74.395: [Full GC74.395: [Tenured: 256703K->256703K(256704K), 0.1411130 secs] 372223K->372215K(372224K), [Perm : 13531K->13531K(21248K)], 0.1411450 secs] [Times: user=0.15 sys=0.00, real=0.14 secs] 
74.536: Total time for which application threads were stopped: 0.1414430 seconds, Stopping threads took: 0.0000070 seconds
74.536: Application time: 0.0000850 seconds
74.536: [Full GC74.536: [Tenured: 256703K->256703K(256704K), 0.1391970 secs] 372223K->372216K(372224K), [Perm : 13531K->13531K(21248K)], 0.1392260 secs] [Times: user=0.13 sys=0.00, real=0.14 secs] 
74.676: Total time for which application threads were stopped: 0.1395110 seconds, Stopping threads took: 0.0000080 seconds
74.676: Application time: 0.0001190 seconds
74.676: [Full GC74.676: [Tenured: 256704K->256704K(256704K), 0.1390020 secs] 372223K->372216K(372224K), [Perm : 13531K->13531K(21248K)], 0.1390380 secs] [Times: user=0.13 sys=0.00, real=0.14 secs] 
74.815: Total time for which application threads were stopped: 0.1393220 seconds, Stopping threads took: 0.0000060 seconds
74.815: Application time: 0.0001020 seconds
74.815: [Full GC74.815: [Tenured: 256704K->256704K(256704K), 0.1393770 secs] 372223K->372217K(372224K), [Perm : 13531K->13531K(21248K)], 0.1394110 secs] [Times: user=0.13 sys=0.00, real=0.14 secs] 
74.955: Total time for which application threads were stopped: 0.1396970 seconds, Stopping threads took: 0.0000070 seconds
74.955: Application time: 0.0001030 seconds
74.955: [Full GC74.955: [Tenured: 256704K->256704K(256704K), 0.1519420 secs] 372224K->372217K(372224K), [Perm : 13531K->13531K(21248K)], 0.1519770 secs] [Times: user=0.15 sys=0.00, real=0.15 secs] 
75.107: Total time for which application threads were stopped: 0.1522840 seconds, Stopping threads took: 0.0000060 seconds
75.107: Application time: 0.0000860 seconds
75.108: [Full GC75.108: [Tenured: 256704K->256704K(256704K), 0.1514860 secs] 372223K->372216K(372224K), [Perm : 13531K->13531K(21248K)], 0.1515200 secs] [Times: user=0.15 sys=0.00, real=0.14 secs] 
75.259: Total time for which application threads were stopped: 0.1518910 seconds, Stopping threads took: 0.0000100 seconds
75.259: Application time: 0.0000930 seconds
75.260: [Full GC75.260: [Tenured: 256704K->256704K(256704K), 0.1412050 secs] 372223K->372217K(372224K), [Perm : 13531K->13531K(21248K)], 0.1412390 secs] [Times: user=0.14 sys=0.00, real=0.14 secs] 
75.401: Total time for which application threads were stopped: 0.1415350 seconds, Stopping threads took: 0.0000070 seconds
75.401: Application time: 0.0001220 seconds
75.401: [Full GC75.401: [Tenured: 256704K->256703K(256704K), 0.1407060 secs] 372223K->372217K(372224K), [Perm : 13531K->13531K(21248K)], 0.1407390 secs] [Times: user=0.14 sys=0.00, real=0.14 secs] 
75.542: Total time for which application threads were stopped: 0.1410190 seconds, Stopping threads took: 0.0000060 seconds
75.542: Application time: 0.0000820 seconds
75.542: [Full GC75.542: [Tenured: 256703K->256703K(256704K), 0.1411500 secs] 372223K->372217K(372224K), [Perm : 13531K->13531K(21248K)], 0.1411820 secs] [Times: user=0.14 sys=0.00, real=0.14 secs] 
75.684: Total time for which application threads were stopped: 0.1414780 seconds, Stopping threads took: 0.0000060 seconds
75.684: Application time: 0.0001150 seconds
75.684: [Full GC75.684: [Tenured: 256703K->256703K(256704K), 0.1408220 secs] 372223K->372217K(372224K), [Perm : 13531K->13531K(21248K)], 0.1408530 secs] [Times: user=0.14 sys=0.00, real=0.14 secs] 
75.825: Total time for which application threads were stopped: 0.1411750 seconds, Stopping threads took: 0.0000080 seconds
75.825: Application time: 0.0000770 seconds
75.825: [Full GC75.825: [Tenured: 256703K->256703K(256704K), 0.1401260 secs] 372223K->372217K(372224K), [Perm : 13531K->13531K(21248K)], 0.1401560 secs] [Times: user=0.14 sys=0.00, real=0.14 secs] 
75.965: Total time for which application threads were stopped: 0.1404410 seconds, Stopping threads took: 0.0000060 seconds
75.966: Application time: 0.0001160 seconds
75.966: [Full GC75.966: [Tenured: 256703K->256703K(256704K), 0.1421240 secs] 372223K->372217K(372224K), [Perm : 13531K->13531K(21248K)], 0.1421570 secs] [Times: user=0.14 sys=0.00, real=0.15 secs] 
76.108: Total time for which application threads were stopped: 0.1424420 seconds, Stopping threads took: 0.0000070 seconds
76.108: Application time: 0.0001320 seconds
76.108: [Full GC76.108: [Tenured: 256703K->256703K(256704K), 0.1413070 secs] 372223K->372217K(372224K), [Perm : 13531K->13531K(21248K)], 0.1413430 secs] [Times: user=0.14 sys=0.00, real=0.14 secs] 
76.250: Total time for which application threads were stopped: 0.1416400 seconds, Stopping threads took: 0.0000070 seconds
76.250: Application time: 0.0000900 seconds
76.250: [Full GC76.250: [Tenured: 256703K->256703K(256704K), 0.1394850 secs] 372223K->372218K(372224K), [Perm : 13531K->13531K(21248K)], 0.1395180 secs] [Times: user=0.14 sys=0.00, real=0.14 secs] 
76.390: Total time for which application threads were stopped: 0.1398030 seconds, Stopping threads took: 0.0000070 seconds
76.390: Application time: 0.0000860 seconds
76.390: [Full GC76.390: [Tenured: 256703K->256703K(256704K), 0.1409370 secs] 372223K->372217K(372224K), [Perm : 13531K->13531K(21248K)], 0.1409710 secs] [Times: user=0.14 sys=0.00, real=0.14 secs] 
76.531: Total time for which application threads were stopped: 0.1412550 seconds, Stopping threads took: 0.0000080 seconds
76.531: Application time: 0.0001090 seconds
76.531: [Full GC76.531: [Tenured: 256703K->256703K(256704K), 0.1546310 secs] 372223K->372217K(372224K), [Perm : 13531K->13531K(21248K)], 0.1546650 secs] [Times: user=0.16 sys=0.00, real=0.15 secs] 
76.686: Total time for which application threads were stopped: 0.1549610 seconds, Stopping threads took: 0.0000190 seconds
76.686: Application time: 0.0001580 seconds
76.686: [Full GC76.686: [Tenured: 256703K->256703K(256704K), 0.1393950 secs] 372223K->372218K(372224K), [Perm : 13531K->13531K(21248K)], 0.1394290 secs] [Times: user=0.14 sys=0.00, real=0.14 secs] 
76.826: Total time for which application threads were stopped: 0.1397390 seconds, Stopping threads took: 0.0000070 seconds
76.826: Application time: 0.0000940 seconds
76.826: [Full GC76.826: [Tenured: 256703K->256703K(256704K), 0.1407010 secs] 372223K->372217K(372224K), [Perm : 13531K->13531K(21248K)], 0.1407550 secs] [Times: user=0.14 sys=0.00, real=0.14 secs] 
76.967: Total time for which application threads were stopped: 0.1410430 seconds, Stopping threads took: 0.0000060 seconds
76.967: Application time: 0.0000900 seconds
76.967: [Full GC76.967: [Tenured: 256703K->256703K(256704K), 0.1414320 secs] 372223K->372217K(372224K), [Perm : 13531K->13531K(21248K)], 0.1414660 secs] [Times: user=0.14 sys=0.00, real=0.15 secs] 
77.109: Total time for which application threads were stopped: 0.1417480 seconds, Stopping threads took: 0.0000080 seconds
77.109: Application time: 0.0000860 seconds
77.109: [Full GC77.109: [Tenured: 256703K->256703K(256704K), 0.1392950 secs] 372223K->372217K(372224K), [Perm : 13531K->13531K(21248K)], 0.1393260 secs] [Times: user=0.14 sys=0.00, real=0.14 secs] 
77.249: Total time for which application threads were stopped: 0.1396100 seconds, Stopping threads took: 0.0000060 seconds
77.249: Application time: 0.0000830 seconds
77.249: [Full GC77.249: [Tenured: 256703K->256703K(256704K), 0.1391660 secs] 372223K->372217K(372224K), [Perm : 13531K->13531K(21248K)], 0.1391960 secs] [Times: user=0.14 sys=0.00, real=0.14 secs] 
77.388: Total time for which application threads were stopped: 0.1394950 seconds, Stopping threads took: 0.0000060 seconds
77.388: Application time: 0.0000890 seconds
77.389: [Full GC77.389: [Tenured: 256703K->256703K(256704K), 0.1392300 secs] 372223K->372218K(372224K), [Perm : 13531K->13531K(21248K)], 0.1392610 secs] [Times: user=0.14 sys=0.00, real=0.14 secs] 
77.528: Total time for which application threads were stopped: 0.1395530 seconds, Stopping threads took: 0.0000060 seconds
77.528: Application time: 0.0000910 seconds
77.528: [Full GC77.528: [Tenured: 256703K->256703K(256704K), 0.1393780 secs] 372223K->372218K(372224K), [Perm : 13531K->13531K(21248K)], 0.1394080 secs] [Times: user=0.14 sys=0.00, real=0.14 secs] 
77.668: Total time for which application threads were stopped: 0.1396930 seconds, Stopping threads took: 0.0000080 seconds
77.668: Application time: 0.0001100 seconds
77.668: [Full GC77.668: [Tenured: 256703K->256703K(256704K), 0.1409300 secs] 372223K->372217K(372224K), [Perm : 13531K->13531K(21248K)], 0.1409620 secs] [Times: user=0.14 sys=0.00, real=0.14 secs] 
77.809: Total time for which application threads were stopped: 0.1412470 seconds, Stopping threads took: 0.0000070 seconds
77.809: Application time: 0.0000920 seconds
77.809: [Full GC77.809: [Tenured: 256703K->256703K(256704K), 0.1401320 secs] 372223K->372217K(372224K), [Perm : 13531K->13531K(21248K)], 0.1401660 secs] [Times: user=0.14 sys=0.00, real=0.14 secs] 
77.950: Total time for which application threads were stopped: 0.1404680 seconds, Stopping threads took: 0.0000060 seconds
77.950: Application time: 0.0000920 seconds
77.950: [Full GC77.950: [Tenured: 256703K->256703K(256704K), 0.1398310 secs] 372223K->372217K(372224K), [Perm : 13531K->13531K(21248K)], 0.1398640 secs] [Times: user=0.14 sys=0.00, real=0.14 secs] 
78.090: Total time for which application threads were stopped: 0.1401480 seconds, Stopping threads took: 0.0000060 seconds
78.090: Application time: 0.0000860 seconds
78.090: [Full GC78.090: [Tenured: 256703K->256703K(256704K), 0.1408260 secs] 372223K->372218K(372224K), [Perm : 13531K->13531K(21248K)], 0.1408580 secs] [Times: user=0.14 sys=0.00, real=0.14 secs] 
78.231: Total time for which application threads were stopped: 0.1411400 seconds, Stopping threads took: 0.0000070 seconds
78.231: Application time: 0.0000840 seconds
78.231: [Full GC78.231: [Tenured: 256703K->256703K(256704K), 0.1397090 secs] 372223K->372218K(372224K), [Perm : 13531K->13531K(21248K)], 0.1397430 secs] [Times: user=0.14 sys=0.00, real=0.14 secs] 
78.371: Total time for which application threads were stopped: 0.1400270 seconds, Stopping threads took: 0.0000070 seconds
78.371: Application time: 0.0000980 seconds
78.372: [Full GC78.372: [Tenured: 256703K->256703K(256704K), 0.1390410 secs] 372223K->372218K(372224K), [Perm : 13531K->13531K(21248K)], 0.1390830 secs] [Times: user=0.14 sys=0.00, real=0.14 secs] 
78.511: Total time for which application threads were stopped: 0.1393950 seconds, Stopping threads took: 0.0000060 seconds
78.511: Application time: 0.0000830 seconds
78.511: [Full GC78.511: [Tenured: 256703K->256703K(256704K), 0.1516230 secs] 372223K->372218K(372224K), [Perm : 13531K->13531K(21248K)], 0.1516570 secs] [Times: user=0.15 sys=0.00, real=0.15 secs] 
78.663: Total time for which application threads were stopped: 0.1519410 seconds, Stopping threads took: 0.0000060 seconds
78.663: Application time: 0.0000930 seconds
78.663: [Full GC78.663: [Tenured: 256704K->256704K(256704K), 0.1391460 secs] 372224K->372218K(372224K), [Perm : 13531K->13531K(21248K)], 0.1391810 secs] [Times: user=0.14 sys=0.00, real=0.14 secs] 
78.802: Total time for which application threads were stopped: 0.1394650 seconds, Stopping threads took: 0.0000070 seconds
78.802: Application time: 0.0000890 seconds
78.803: [Full GC78.803: [Tenured: 256704K->256703K(256704K), 0.1400640 secs] 372223K->372219K(372224K), [Perm : 13531K->13531K(21248K)], 0.1400970 secs] [Times: user=0.14 sys=0.00, real=0.14 secs] 
78.943: Total time for which application threads were stopped: 0.1403790 seconds, Stopping threads took: 0.0000070 seconds
78.943: Application time: 0.0000940 seconds
78.943: [Full GC78.943: [Tenured: 256703K->256703K(256704K), 0.1413900 secs] 372223K->372218K(372224K), [Perm : 13531K->13531K(21248K)], 0.1414230 secs] [Times: user=0.14 sys=0.00, real=0.14 secs] 
79.085: Total time for which application threads were stopped: 0.1417180 seconds, Stopping threads took: 0.0000070 seconds
79.085: Application time: 0.0000910 seconds
79.085: [Full GC79.085: [Tenured: 256703K->256703K(256704K), 0.1410440 secs] 372223K->372218K(372224K), [Perm : 13531K->13531K(21248K)], 0.1410760 secs] [Times: user=0.14 sys=0.00, real=0.14 secs] 
79.226: Total time for which application threads were stopped: 0.1413580 seconds, Stopping threads took: 0.0000070 seconds
79.226: Application time: 0.0001080 seconds
79.226: [Full GC79.226: [Tenured: 256703K->256703K(256704K), 0.1399890 secs] 372223K->372219K(372224K), [Perm : 13531K->13531K(21248K)], 0.1400220 secs] [Times: user=0.14 sys=0.00, real=0.14 secs] 
79.366: Total time for which application threads were stopped: 0.1403060 seconds, Stopping threads took: 0.0000070 seconds
79.366: Application time: 0.0000970 seconds
79.367: [Full GC79.367: [Tenured: 256703K->256703K(256704K), 0.1393600 secs] 372223K->372218K(372224K), [Perm : 13531K->13531K(21248K)], 0.1393920 secs] [Times: user=0.14 sys=0.00, real=0.14 secs] 
79.506: Total time for which application threads were stopped: 0.1396770 seconds, Stopping threads took: 0.0000060 seconds
79.506: Application time: 0.0000890 seconds
79.507: [Full GC79.507: [Tenured: 256703K->256703K(256704K), 0.1389570 secs] 372223K->372218K(372224K), [Perm : 13531K->13531K(21248K)], 0.1389900 secs] [Times: user=0.14 sys=0.00, real=0.14 secs] 
79.646: Total time for which application threads were stopped: 0.1393000 seconds, Stopping threads took: 0.0000060 seconds
79.646: Application time: 0.0000920 seconds
79.646: [Full GC79.646: [Tenured: 256703K->256703K(256704K), 0.1392540 secs] 372223K->372219K(372224K), [Perm : 13531K->13531K(21248K)], 0.1392870 secs] [Times: user=0.14 sys=0.00, real=0.14 secs] 
79.785: Total time for which application threads were stopped: 0.1395710 seconds, Stopping threads took: 0.0000070 seconds
79.785: Application time: 0.0001080 seconds
79.786: [Full GC79.786: [Tenured: 256703K->256703K(256704K), 0.1412870 secs] 372223K->372219K(372224K), [Perm : 13531K->13531K(21248K)], 0.1413200 secs] [Times: user=0.14 sys=0.00, real=0.14 secs] 
79.927: Total time for which application threads were stopped: 0.1416170 seconds, Stopping threads took: 0.0000180 seconds
79.927: Application time: 0.0001290 seconds
79.927: [Full GC79.927: [Tenured: 256703K->256703K(256704K), 0.1405300 secs] 372223K->372218K(372224K), [Perm : 13531K->13531K(21248K)], 0.1405690 secs] [Times: user=0.14 sys=0.00, real=0.15 secs] 
80.068: Total time for which application threads were stopped: 0.1408670 seconds, Stopping threads took: 0.0000180 seconds
80.068: Application time: 0.0000880 seconds
80.068: [Full GC80.068: [Tenured: 256704K->256704K(256704K), 0.1394560 secs] 372223K->372219K(372224K), [Perm : 13531K->13531K(21248K)], 0.1394870 secs] [Times: user=0.14 sys=0.00, real=0.14 secs] 
80.208: Total time for which application threads were stopped: 0.1397870 seconds, Stopping threads took: 0.0000060 seconds
80.208: Application time: 0.0001070 seconds
80.208: [Full GC80.208: [Tenured: 256704K->256704K(256704K), 0.1391170 secs] 372224K->372219K(372224K), [Perm : 13531K->13531K(21248K)], 0.1391490 secs] [Times: user=0.14 sys=0.00, real=0.13 secs] 
80.347: Total time for which application threads were stopped: 0.1394340 seconds, Stopping threads took: 0.0000070 seconds
80.347: Application time: 0.0001010 seconds
80.348: [Full GC80.348: [Tenured: 256704K->256704K(256704K), 0.1583460 secs] 372224K->372219K(372224K), [Perm : 13531K->13531K(21248K)], 0.1583800 secs] [Times: user=0.15 sys=0.00, real=0.15 secs] 
80.506: Total time for which application threads were stopped: 0.1586740 seconds, Stopping threads took: 0.0000070 seconds
80.506: Application time: 0.0000850 seconds
80.506: [Full GC80.506: [Tenured: 256704K->256704K(256704K), 0.1417690 secs] 372223K->372219K(372224K), [Perm : 13531K->13531K(21248K)], 0.1418010 secs] [Times: user=0.15 sys=0.00, real=0.15 secs] 
80.648: Total time for which application threads were stopped: 0.1420800 seconds, Stopping threads took: 0.0000060 seconds
80.648: Application time: 0.0000840 seconds
80.649: [Full GC80.649: [Tenured: 256704K->256704K(256704K), 0.1391700 secs] 372223K->372219K(372224K), [Perm : 13531K->13531K(21248K)], 0.1391990 secs] [Times: user=0.14 sys=0.00, real=0.14 secs] 
80.788: Total time for which application threads were stopped: 0.1394960 seconds, Stopping threads took: 0.0000060 seconds
80.788: Application time: 0.0000750 seconds
80.788: [Full GC80.788: [Tenured: 256704K->256704K(256704K), 0.1397270 secs] 372223K->372220K(372224K), [Perm : 13531K->13531K(21248K)], 0.1397580 secs] [Times: user=0.14 sys=0.00, real=0.14 secs] 
80.928: Total time for which application threads were stopped: 0.1400590 seconds, Stopping threads took: 0.0000070 seconds
80.928: Application time: 0.0000880 seconds
80.928: [Full GC80.928: [Tenured: 256704K->256704K(256704K), 0.1402550 secs] 372224K->372219K(372224K), [Perm : 13531K->13531K(21248K)], 0.1402870 secs] [Times: user=0.14 sys=0.00, real=0.14 secs] 
81.069: Total time for which application threads were stopped: 0.1405770 seconds, Stopping threads took: 0.0000070 seconds
81.069: Application time: 0.0001010 seconds
81.069: [Full GC81.069: [Tenured: 256704K->256703K(256704K), 0.1409550 secs] 372223K->372219K(372224K), [Perm : 13531K->13531K(21248K)], 0.1409880 secs] [Times: user=0.14 sys=0.00, real=0.14 secs] 
81.210: Total time for which application threads were stopped: 0.1412690 seconds, Stopping threads took: 0.0000070 seconds
81.210: Application time: 0.0000760 seconds
81.210: [Full GC81.210: [Tenured: 256703K->256703K(256704K), 0.1396640 secs] 372223K->372219K(372224K), [Perm : 13531K->13531K(21248K)], 0.1396940 secs] [Times: user=0.14 sys=0.00, real=0.14 secs] 
81.350: Total time for which application threads were stopped: 0.1399930 seconds, Stopping threads took: 0.0000100 seconds
81.350: Application time: 0.0001090 seconds
81.350: [Full GC81.350: [Tenured: 256703K->256703K(256704K), 0.1418000 secs] 372223K->372219K(372224K), [Perm : 13531K->13531K(21248K)], 0.1418320 secs] [Times: user=0.14 sys=0.00, real=0.14 secs] 
81.492: Total time for which application threads were stopped: 0.1421120 seconds, Stopping threads took: 0.0000070 seconds
81.492: Application time: 0.0000960 seconds
81.493: [Full GC81.493: [Tenured: 256703K->256703K(256704K), 0.1391270 secs] 372223K->372219K(372224K), [Perm : 13531K->13531K(21248K)], 0.1391650 secs] [Times: user=0.14 sys=0.00, real=0.14 secs] 
81.632: Total time for which application threads were stopped: 0.1394490 seconds, Stopping threads took: 0.0000070 seconds
81.632: Application time: 0.0001020 seconds
81.632: [Full GC81.632: [Tenured: 256703K->256703K(256704K), 0.1390510 secs] 372223K->372219K(372224K), [Perm : 13531K->13531K(21248K)], 0.1390850 secs] [Times: user=0.14 sys=0.00, real=0.14 secs] 
81.771: Total time for which application threads were stopped: 0.1393690 seconds, Stopping threads took: 0.0000060 seconds
81.771: Application time: 0.0000760 seconds
81.772: [Full GC81.772: [Tenured: 256703K->256703K(256704K), 0.1390250 secs] 372223K->372220K(372224K), [Perm : 13531K->13531K(21248K)], 0.1390590 secs] [Times: user=0.14 sys=0.00, real=0.14 secs] 
81.911: Total time for which application threads were stopped: 0.1393690 seconds, Stopping threads took: 0.0000060 seconds
81.911: Application time: 0.0000660 seconds
81.911: [Full GC81.911: [Tenured: 256703K->256703K(256704K), 0.1396660 secs] 372223K->372220K(372224K), [Perm : 13531K->13531K(21248K)], 0.1397010 secs] [Times: user=0.14 sys=0.00, real=0.14 secs] 
82.051: Total time for which application threads were stopped: 0.1399890 seconds, Stopping threads took: 0.0000050 seconds
82.051: Application time: 0.0000710 seconds
82.051: [Full GC82.051: [Tenured: 256703K->256703K(256704K), 0.1390410 secs] 372223K->372220K(372224K), [Perm : 13531K->13531K(21248K)], 0.1390730 secs] [Times: user=0.14 sys=0.00, real=0.14 secs] 
82.190: Total time for which application threads were stopped: 0.1393610 seconds, Stopping threads took: 0.0000070 seconds
82.190: Application time: 0.0000880 seconds
82.191: [Full GC82.191: [Tenured: 256703K->256703K(256704K), 0.1530280 secs] 372223K->372220K(372224K), [Perm : 13531K->13531K(21248K)], 0.1530600 secs] [Times: user=0.15 sys=0.00, real=0.15 secs] 
82.344: Total time for which application threads were stopped: 0.1533430 seconds, Stopping threads took: 0.0000070 seconds
82.344: Application time: 0.0000820 seconds
82.344: [Full GC82.344: [Tenured: 256703K->256703K(256704K), 0.1393120 secs] 372223K->372220K(372224K), [Perm : 13531K->13531K(21248K)], 0.1393440 secs] [Times: user=0.14 sys=0.00, real=0.14 secs] 
82.483: Total time for which application threads were stopped: 0.1396500 seconds, Stopping threads took: 0.0000070 seconds
82.484: Application time: 0.0000690 seconds
82.484: [Full GC82.484: [Tenured: 256703K->256703K(256704K), 0.1391640 secs] 372223K->372220K(372224K), [Perm : 13531K->13531K(21248K)], 0.1391980 secs] [Times: user=0.14 sys=0.00, real=0.14 secs] 
82.623: Total time for which application threads were stopped: 0.1394820 seconds, Stopping threads took: 0.0000070 seconds
82.623: Application time: 0.0000610 seconds
82.623: [Full GC82.623: [Tenured: 256703K->256703K(256704K), 0.1391510 secs] 372223K->372220K(372224K), [Perm : 13531K->13531K(21248K)], 0.1391810 secs] [Times: user=0.14 sys=0.00, real=0.14 secs] 
82.763: Total time for which application threads were stopped: 0.1394640 seconds, Stopping threads took: 0.0000100 seconds
82.763: Application time: 0.0000740 seconds
82.763: [Full GC82.763: [Tenured: 256703K->256703K(256704K), 0.1396890 secs] 372223K->372220K(372224K), [Perm : 13531K->13531K(21248K)], 0.1397180 secs] [Times: user=0.14 sys=0.00, real=0.14 secs] 
82.903: Total time for which application threads were stopped: 0.1400020 seconds, Stopping threads took: 0.0000090 seconds
82.903: Application time: 0.0000590 seconds
82.903: [Full GC82.903: [Tenured: 256703K->256703K(256704K), 0.1398540 secs] 372223K->372220K(372224K), [Perm : 13531K->13531K(21248K)], 0.1398850 secs] [Times: user=0.14 sys=0.00, real=0.14 secs] 
83.043: Total time for which application threads were stopped: 0.1401790 seconds, Stopping threads took: 0.0000060 seconds
83.043: Application time: 0.0001230 seconds
83.043: [Full GC83.043: [Tenured: 256703K->256703K(256704K), 0.1548740 secs] 372223K->372220K(372224K), [Perm : 13531K->13531K(21248K)], 0.1549060 secs] [Times: user=0.16 sys=0.00, real=0.15 secs] 
83.198: Total time for which application threads were stopped: 0.1551990 seconds, Stopping threads took: 0.0000070 seconds
83.198: Application time: 0.0000820 seconds
83.199: [Full GC83.199: [Tenured: 256703K->256703K(256704K), 0.1549480 secs] 372223K->372220K(372224K), [Perm : 13531K->13531K(21248K)], 0.1549770 secs] [Times: user=0.15 sys=0.00, real=0.16 secs] 
83.354: Total time for which application threads were stopped: 0.1552570 seconds, Stopping threads took: 0.0000060 seconds
83.354: Application time: 0.0000730 seconds
83.354: [Full GC83.354: [Tenured: 256703K->256703K(256704K), 0.1518240 secs] 372223K->372220K(372224K), [Perm : 13531K->13531K(21248K)], 0.1518580 secs] [Times: user=0.15 sys=0.00, real=0.15 secs] 
83.506: Total time for which application threads were stopped: 0.1521440 seconds, Stopping threads took: 0.0000050 seconds
83.506: Application time: 0.0000700 seconds
83.506: [Full GC83.506: [Tenured: 256703K->256703K(256704K), 0.1411260 secs] 372223K->372220K(372224K), [Perm : 13531K->13531K(21248K)], 0.1411590 secs] [Times: user=0.14 sys=0.00, real=0.14 secs] 
83.647: Total time for which application threads were stopped: 0.1415030 seconds, Stopping threads took: 0.0000080 seconds
83.647: Application time: 0.0000750 seconds
83.648: [Full GC83.648: [Tenured: 256703K->256703K(256704K), 0.1394770 secs] 372223K->372221K(372224K), [Perm : 13531K->13531K(21248K)], 0.1395110 secs] [Times: user=0.14 sys=0.00, real=0.13 secs] 
83.787: Total time for which application threads were stopped: 0.1398080 seconds, Stopping threads took: 0.0000090 seconds
83.787: Application time: 0.0000810 seconds
83.788: [Full GC83.788: [Tenured: 256703K->256703K(256704K), 0.1429960 secs] 372223K->372220K(372224K), [Perm : 13531K->13531K(21248K)], 0.1430290 secs] [Times: user=0.14 sys=0.00, real=0.14 secs] 
83.931: Total time for which application threads were stopped: 0.1433200 seconds, Stopping threads took: 0.0000060 seconds
83.931: Application time: 0.0000830 seconds
83.931: [Full GC83.931: [Tenured: 256703K->256703K(256704K), 0.1403220 secs] 372223K->372220K(372224K), [Perm : 13531K->13531K(21248K)], 0.1403550 secs] [Times: user=0.14 sys=0.00, real=0.14 secs] 
84.071: Total time for which application threads were stopped: 0.1406430 seconds, Stopping threads took: 0.0000090 seconds
84.071: Application time: 0.0000740 seconds
84.072: [Full GC84.072: [Tenured: 256703K->256703K(256704K), 0.1390370 secs] 372223K->372221K(372224K), [Perm : 13531K->13531K(21248K)], 0.1390720 secs] [Times: user=0.14 sys=0.00, real=0.14 secs] 
84.211: Total time for which application threads were stopped: 0.1393910 seconds, Stopping threads took: 0.0000080 seconds
84.211: Application time: 0.0000700 seconds
84.211: [Full GC84.211: [Tenured: 256703K->256703K(256704K), 0.1392250 secs] 372223K->372221K(372224K), [Perm : 13531K->13531K(21248K)], 0.1392530 secs] [Times: user=0.14 sys=0.00, real=0.14 secs] 
84.350: Total time for which application threads were stopped: 0.1395340 seconds, Stopping threads took: 0.0000060 seconds
84.350: Application time: 0.0000710 seconds
84.351: [Full GC84.351: [Tenured: 256703K->256703K(256704K), 0.1394650 secs] 372223K->372221K(372224K), [Perm : 13531K->13531K(21248K)], 0.1394980 secs] [Times: user=0.14 sys=0.00, real=0.14 secs] 
84.490: Total time for which application threads were stopped: 0.1397970 seconds, Stopping threads took: 0.0000070 seconds
84.490: Application time: 0.0000770 seconds
84.491: [Full GC84.491: [Tenured: 256703K->256703K(256704K), 0.1391690 secs] 372223K->372220K(372224K), [Perm : 13531K->13531K(21248K)], 0.1392010 secs] [Times: user=0.14 sys=0.00, real=0.14 secs] 
84.630: Total time for which application threads were stopped: 0.1394830 seconds, Stopping threads took: 0.0000060 seconds
84.630: Application time: 0.0000910 seconds
84.630: [Full GC84.630: [Tenured: 256703K->256703K(256704K), 0.1546360 secs] 372223K->372220K(372224K), [Perm : 13531K->13531K(21248K)], 0.1546660 secs] [Times: user=0.16 sys=0.00, real=0.15 secs] 
84.785: Total time for which application threads were stopped: 0.1549790 seconds, Stopping threads took: 0.0000210 seconds
84.785: Application time: 0.0000880 seconds
84.785: [Full GC84.785: [Tenured: 256703K->256703K(256704K), 0.1548350 secs] 372223K->372220K(372224K), [Perm : 13531K->13531K(21248K)], 0.1548750 secs] [Times: user=0.15 sys=0.00, real=0.16 secs] 
84.940: Total time for which application threads were stopped: 0.1551590 seconds, Stopping threads took: 0.0000060 seconds
84.940: Application time: 0.0000780 seconds
84.941: [Full GC84.941: [Tenured: 256703K->256703K(256704K), 0.1400770 secs] 372223K->372220K(372224K), [Perm : 13531K->13531K(21248K)], 0.1401090 secs] [Times: user=0.14 sys=0.00, real=0.14 secs] 
85.081: Total time for which application threads were stopped: 0.1403920 seconds, Stopping threads took: 0.0000070 seconds
85.081: Application time: 0.0001220 seconds
85.081: [Full GC85.081: [Tenured: 256703K->256703K(256704K), 0.1395310 secs] 372223K->372220K(372224K), [Perm : 13531K->13531K(21248K)], 0.1395610 secs] [Times: user=0.14 sys=0.00, real=0.14 secs] 
85.221: Total time for which application threads were stopped: 0.1398570 seconds, Stopping threads took: 0.0000180 seconds
85.221: Application time: 0.0001070 seconds
85.221: [Full GC85.221: [Tenured: 256704K->256704K(256704K), 0.1417380 secs] 372223K->372220K(372224K), [Perm : 13531K->13531K(21248K)], 0.1417710 secs] [Times: user=0.15 sys=0.00, real=0.14 secs] 
85.363: Total time for which application threads were stopped: 0.1420730 seconds, Stopping threads took: 0.0000090 seconds
85.363: Application time: 0.0000830 seconds
85.363: [Full GC85.363: [Tenured: 256704K->256704K(256704K), 0.1417260 secs] 372224K->372220K(372224K), [Perm : 13531K->13531K(21248K)], 0.1417570 secs] [Times: user=0.14 sys=0.00, real=0.14 secs] 
85.505: Total time for which application threads were stopped: 0.1420440 seconds, Stopping threads took: 0.0000100 seconds
85.505: Application time: 0.0000760 seconds
85.505: [Full GC85.505: [Tenured: 256704K->256704K(256704K), 0.1390230 secs] 372223K->372220K(372224K), [Perm : 13531K->13531K(21248K)], 0.1390530 secs] [Times: user=0.14 sys=0.00, real=0.14 secs] 
85.644: Total time for which application threads were stopped: 0.1393370 seconds, Stopping threads took: 0.0000070 seconds
85.644: Application time: 0.0000740 seconds
85.645: [Full GC85.645: [Tenured: 256704K->256703K(256704K), 0.1409590 secs] 372223K->372220K(372224K), [Perm : 13531K->13531K(21248K)], 0.1409940 secs] [Times: user=0.14 sys=0.00, real=0.14 secs] 
85.786: Total time for which application threads were stopped: 0.1412740 seconds, Stopping threads took: 0.0000060 seconds
85.786: Application time: 0.0000720 seconds
85.786: [Full GC85.786: [Tenured: 256703K->256703K(256704K), 0.1398420 secs] 372223K->372221K(372224K), [Perm : 13531K->13531K(21248K)], 0.1398760 secs] [Times: user=0.14 sys=0.00, real=0.14 secs] 
85.926: Total time for which application threads were stopped: 0.1401780 seconds, Stopping threads took: 0.0000070 seconds
85.926: Application time: 0.0000860 seconds
85.926: [Full GC85.926: [Tenured: 256704K->256704K(256704K), 0.1551280 secs] 372224K->372221K(372224K), [Perm : 13531K->13531K(21248K)], 0.1551590 secs] [Times: user=0.16 sys=0.00, real=0.16 secs] 
86.081: Total time for which application threads were stopped: 0.1554430 seconds, Stopping threads took: 0.0000060 seconds
86.082: Application time: 0.0000910 seconds
86.082: [Full GC86.082: [Tenured: 256704K->256704K(256704K), 0.1390910 secs] 372224K->372221K(372224K), [Perm : 13531K->13531K(21248K)], 0.1391230 secs] [Times: user=0.14 sys=0.00, real=0.14 secs] 
86.221: Total time for which application threads were stopped: 0.1394070 seconds, Stopping threads took: 0.0000070 seconds
86.221: Application time: 0.0000570 seconds
86.221: [Full GC86.221: [Tenured: 256704K->256703K(256704K), 0.1392280 secs] 372223K->372221K(372224K), [Perm : 13531K->13531K(21248K)], 0.1392560 secs] [Times: user=0.13 sys=0.00, real=0.14 secs] 
86.361: Total time for which application threads were stopped: 0.1395380 seconds, Stopping threads took: 0.0000060 seconds
86.361: Application time: 0.0000630 seconds
86.361: [Full GC86.361: [Tenured: 256703K->256703K(256704K), 0.1390640 secs] 372223K->372221K(372224K), [Perm : 13531K->13531K(21248K)], 0.1391010 secs] [Times: user=0.13 sys=0.00, real=0.14 secs] 
86.500: Total time for which application threads were stopped: 0.1394020 seconds, Stopping threads took: 0.0000070 seconds
86.500: Application time: 0.0000950 seconds
86.500: [Full GC86.500: [Tenured: 256703K->256703K(256704K), 0.1549230 secs] 372223K->372221K(372224K), [Perm : 13531K->13531K(21248K)], 0.1549550 secs] [Times: user=0.16 sys=0.00, real=0.15 secs] 
86.655: Total time for which application threads were stopped: 0.1552530 seconds, Stopping threads took: 0.0000200 seconds
86.655: Application time: 0.0000650 seconds
86.656: [Full GC86.656: [Tenured: 256703K->256703K(256704K), 0.1392670 secs] 372223K->372221K(372224K), [Perm : 13531K->13531K(21248K)], 0.1393000 secs] [Times: user=0.14 sys=0.00, real=0.14 secs] 
86.795: Total time for which application threads were stopped: 0.1395910 seconds, Stopping threads took: 0.0000060 seconds
86.795: Application time: 0.0000660 seconds
86.795: [Full GC86.795: [Tenured: 256703K->256703K(256704K), 0.1394560 secs] 372223K->372221K(372224K), [Perm : 13531K->13531K(21248K)], 0.1394880 secs] [Times: user=0.14 sys=0.00, real=0.14 secs] 
86.935: Total time for which application threads were stopped: 0.1397710 seconds, Stopping threads took: 0.0000090 seconds
86.935: Application time: 0.0000580 seconds
86.935: [Full GC86.935: [Tenured: 256703K->256703K(256704K), 0.1396280 secs] 372223K->372221K(372224K), [Perm : 13531K->13531K(21248K)], 0.1396640 secs] [Times: user=0.14 sys=0.00, real=0.14 secs] 
87.075: Total time for which application threads were stopped: 0.1399890 seconds, Stopping threads took: 0.0000220 seconds
87.075: Application time: 0.0000500 seconds
87.075: [Full GC87.075: [Tenured: 256704K->256704K(256704K), 0.1392460 secs] 372223K->372221K(372224K), [Perm : 13531K->13531K(21248K)], 0.1392760 secs] [Times: user=0.14 sys=0.00, real=0.14 secs] 
87.215: Total time for which application threads were stopped: 0.1395700 seconds, Stopping threads took: 0.0000180 seconds
87.215: Application time: 0.0000580 seconds
87.215: [Full GC87.215: [Tenured: 256704K->256704K(256704K), 0.1391130 secs] 372223K->372221K(372224K), [Perm : 13531K->13531K(21248K)], 0.1391420 secs] [Times: user=0.14 sys=0.00, real=0.14 secs] 
87.354: Total time for which application threads were stopped: 0.1394240 seconds, Stopping threads took: 0.0000060 seconds
87.354: Application time: 0.0000620 seconds
87.354: [Full GC87.354: [Tenured: 256704K->256703K(256704K), 0.1412770 secs] 372223K->372221K(372224K), [Perm : 13531K->13531K(21248K)], 0.1413100 secs] [Times: user=0.14 sys=0.00, real=0.14 secs] 
87.496: Total time for which application threads were stopped: 0.1415910 seconds, Stopping threads took: 0.0000070 seconds
87.496: Application time: 0.0000690 seconds
87.496: [Full GC87.496: [Tenured: 256703K->256703K(256704K), 0.1391460 secs] 372223K->372222K(372224K), [Perm : 13531K->13531K(21248K)], 0.1391790 secs] [Times: user=0.14 sys=0.00, real=0.14 secs] 
87.635: Total time for which application threads were stopped: 0.1394790 seconds, Stopping threads took: 0.0000070 seconds
87.635: Application time: 0.0000760 seconds
87.636: [Full GC87.636: [Tenured: 256703K->256703K(256704K), 0.1415770 secs] 372223K->372221K(372224K), [Perm : 13531K->13531K(21248K)], 0.1416090 secs] [Times: user=0.14 sys=0.00, real=0.14 secs] 
87.777: Total time for which application threads were stopped: 0.1419000 seconds, Stopping threads took: 0.0000070 seconds
87.777: Application time: 0.0000980 seconds
87.778: [Full GC87.778: [Tenured: 256703K->256703K(256704K), 0.1415540 secs] 372223K->372221K(372224K), [Perm : 13531K->13531K(21248K)], 0.1415860 secs] [Times: user=0.14 sys=0.00, real=0.14 secs] 
87.919: Total time for which application threads were stopped: 0.1418700 seconds, Stopping threads took: 0.0000070 seconds
87.919: Application time: 0.0000920 seconds
87.920: [Full GC87.920: [Tenured: 256703K->256703K(256704K), 0.1553300 secs] 372223K->372221K(372224K), [Perm : 13531K->13531K(21248K)], 0.1553640 secs] [Times: user=0.15 sys=0.00, real=0.15 secs] 
88.075: Total time for which application threads were stopped: 0.1556560 seconds, Stopping threads took: 0.0000060 seconds
88.075: Application time: 0.0000810 seconds
88.075: [Full GC88.075: [Tenured: 256703K->256703K(256704K), 0.1392130 secs] 372223K->372220K(372224K), [Perm : 13531K->13531K(21248K)], 0.1392440 secs] [Times: user=0.14 sys=0.00, real=0.14 secs] 
88.215: Total time for which application threads were stopped: 0.1395440 seconds, Stopping threads took: 0.0000060 seconds
88.215: Application time: 0.0000910 seconds
88.215: [Full GC88.215: [Tenured: 256704K->256704K(256704K), 0.1394860 secs] 372224K->372221K(372224K), [Perm : 13531K->13531K(21248K)], 0.1395190 secs] [Times: user=0.14 sys=0.00, real=0.14 secs] 
88.354: Total time for which application threads were stopped: 0.1398070 seconds, Stopping threads took: 0.0000100 seconds
88.355: Application time: 0.0000850 seconds
88.355: [Full GC88.355: [Tenured: 256704K->256704K(256704K), 0.1585450 secs] 372223K->372221K(372224K), [Perm : 13531K->13531K(21248K)], 0.1585770 secs] [Times: user=0.16 sys=0.00, real=0.16 secs] 
88.513: Total time for which application threads were stopped: 0.1588570 seconds, Stopping threads took: 0.0000070 seconds
88.514: Application time: 0.0000990 seconds
88.514: [Full GC88.514: [Tenured: 256704K->256704K(256704K), 0.1391280 secs] 372223K->372220K(372224K), [Perm : 13531K->13531K(21248K)], 0.1391600 secs] [Times: user=0.14 sys=0.00, real=0.14 secs] 
88.653: Total time for which application threads were stopped: 0.1394440 seconds, Stopping threads took: 0.0000070 seconds
88.653: Application time: 0.0000920 seconds
88.653: [Full GC88.653: [Tenured: 256704K->256704K(256704K), 0.1445540 secs] 372223K->372220K(372224K), [Perm : 13531K->13531K(21248K)], 0.1445880 secs] [Times: user=0.14 sys=0.00, real=0.14 secs] 
88.798: Total time for which application threads were stopped: 0.1448900 seconds, Stopping threads took: 0.0000070 seconds
88.798: Application time: 0.0000780 seconds
88.798: [Full GC88.798: [Tenured: 256704K->256704K(256704K), 0.1427110 secs] 372224K->372220K(372224K), [Perm : 13531K->13531K(21248K)], 0.1427430 secs] [Times: user=0.15 sys=0.00, real=0.15 secs] 
88.941: Total time for which application threads were stopped: 0.1430250 seconds, Stopping threads took: 0.0000060 seconds
88.941: Application time: 0.0000900 seconds
88.941: [Full GC88.941: [Tenured: 256704K->256704K(256704K), 0.1397610 secs] 372223K->372221K(372224K), [Perm : 13531K->13531K(21248K)], 0.1397940 secs] [Times: user=0.14 sys=0.00, real=0.14 secs] 
89.081: Total time for which application threads were stopped: 0.1400770 seconds, Stopping threads took: 0.0000070 seconds
89.081: Application time: 0.0000980 seconds
89.082: [Full GC89.082: [Tenured: 256704K->256703K(256704K), 0.1410320 secs] 372223K->372221K(372224K), [Perm : 13531K->13531K(21248K)], 0.1410640 secs] [Times: user=0.14 sys=0.00, real=0.14 secs] 
89.223: Total time for which application threads were stopped: 0.1413590 seconds, Stopping threads took: 0.0000190 seconds
89.223: Application time: 0.0000880 seconds
89.223: [Full GC89.223: [Tenured: 256704K->256704K(256704K), 0.1415840 secs] 372223K->372221K(372224K), [Perm : 13531K->13531K(21248K)], 0.1416150 secs] [Times: user=0.14 sys=0.00, real=0.14 secs] 
89.365: Total time for which application threads were stopped: 0.1419270 seconds, Stopping threads took: 0.0000190 seconds
89.365: Application time: 0.0001060 seconds
89.365: [Full GC89.365: [Tenured: 256704K->256704K(256704K), 0.1424540 secs] 372224K->372221K(372224K), [Perm : 13531K->13531K(21248K)], 0.1424850 secs] [Times: user=0.14 sys=0.00, real=0.15 secs] 
89.508: Total time for which application threads were stopped: 0.1427820 seconds, Stopping threads took: 0.0000190 seconds
89.508: Application time: 0.0000770 seconds
89.508: [Full GC89.508: [Tenured: 256704K->256704K(256704K), 0.1410920 secs] 372223K->372221K(372224K), [Perm : 13531K->13531K(21248K)], 0.1411240 secs] [Times: user=0.14 sys=0.00, real=0.14 secs] 
89.649: Total time for which application threads were stopped: 0.1414140 seconds, Stopping threads took: 0.0000070 seconds
89.649: Application time: 0.0000540 seconds
89.649: [Full GC89.649: [Tenured: 256704K->256703K(256704K), 0.1393800 secs] 372224K->372221K(372224K), [Perm : 13531K->13531K(21248K)], 0.1394080 secs] [Times: user=0.14 sys=0.00, real=0.14 secs] 
89.789: Total time for which application threads were stopped: 0.1396910 seconds, Stopping threads took: 0.0000060 seconds
89.789: Application time: 0.0001010 seconds
89.789: [Full GC89.789: [Tenured: 256704K->256704K(256704K), 0.1427390 secs] 372223K->372222K(372224K), [Perm : 13531K->13531K(21248K)], 0.1427700 secs] [Times: user=0.14 sys=0.00, real=0.14 secs] 
89.932: Total time for which application threads were stopped: 0.1430720 seconds, Stopping threads took: 0.0000060 seconds
89.932: Application time: 0.0000950 seconds
89.932: [Full GC89.932: [Tenured: 256704K->256704K(256704K), 0.1458600 secs] 372223K->372221K(372224K), [Perm : 13531K->13531K(21248K)], 0.1458920 secs] [Times: user=0.15 sys=0.00, real=0.14 secs] 
90.078: Total time for which application threads were stopped: 0.1461890 seconds, Stopping threads took: 0.0000190 seconds
90.078: Application time: 0.0000780 seconds
90.079: [Full GC90.079: [Tenured: 256704K->256704K(256704K), 0.1549350 secs] 372223K->372221K(372224K), [Perm : 13531K->13531K(21248K)], 0.1549670 secs] [Times: user=0.15 sys=0.00, real=0.16 secs] 
90.234: Total time for which application threads were stopped: 0.1552540 seconds, Stopping threads took: 0.0000060 seconds
90.234: Application time: 0.0000820 seconds
90.234: [Full GC90.234: [Tenured: 256704K->256703K(256704K), 0.1392940 secs] 372223K->372221K(372224K), [Perm : 13531K->13531K(21248K)], 0.1393260 secs] [Times: user=0.14 sys=0.00, real=0.14 secs] 
90.373: Total time for which application threads were stopped: 0.1396080 seconds, Stopping threads took: 0.0000070 seconds
90.373: Application time: 0.0000720 seconds
90.374: [Full GC90.374: [Tenured: 256703K->256703K(256704K), 0.1396930 secs] 372223K->372221K(372224K), [Perm : 13531K->13531K(21248K)], 0.1397250 secs] [Times: user=0.14 sys=0.00, real=0.14 secs] 
90.513: Total time for which application threads were stopped: 0.1400280 seconds, Stopping threads took: 0.0000100 seconds
90.513: Application time: 0.0000690 seconds
90.514: [Full GC90.514: [Tenured: 256703K->256703K(256704K), 0.1393120 secs] 372223K->372221K(372224K), [Perm : 13531K->13531K(21248K)], 0.1393420 secs] [Times: user=0.14 sys=0.00, real=0.14 secs] 
90.653: Total time for which application threads were stopped: 0.1396250 seconds, Stopping threads took: 0.0000060 seconds
90.653: Application time: 0.0000560 seconds
90.653: [Full GC90.653: [Tenured: 256703K->256703K(256704K), 0.1395570 secs] 372223K->372221K(372224K), [Perm : 13531K->13531K(21248K)], 0.1395860 secs] [Times: user=0.14 sys=0.00, real=0.14 secs] 
90.793: Total time for which application threads were stopped: 0.1398700 seconds, Stopping threads took: 0.0000090 seconds
90.793: Application time: 0.0000610 seconds
90.793: [Full GC90.793: [Tenured: 256703K->256703K(256704K), 0.1394590 secs] 372223K->372221K(372224K), [Perm : 13531K->13531K(21248K)], 0.1394850 secs] [Times: user=0.14 sys=0.00, real=0.14 secs] 
90.933: Total time for which application threads were stopped: 0.1397710 seconds, Stopping threads took: 0.0000100 seconds
90.933: Application time: 0.0000610 seconds
90.933: [Full GC90.933: [Tenured: 256703K->256703K(256704K), 0.1396230 secs] 372223K->372221K(372224K), [Perm : 13531K->13531K(21248K)], 0.1396540 secs] [Times: user=0.14 sys=0.00, real=0.14 secs] 
91.073: Total time for which application threads were stopped: 0.1399520 seconds, Stopping threads took: 0.0000050 seconds
91.073: Application time: 0.0000770 seconds
91.073: [Full GC91.073: [Tenured: 256703K->256703K(256704K), 0.1411050 secs] 372223K->372221K(372224K), [Perm : 13531K->13531K(21248K)], 0.1411390 secs] [Times: user=0.14 sys=0.00, real=0.14 secs] 
91.214: Total time for which application threads were stopped: 0.1414330 seconds, Stopping threads took: 0.0000070 seconds
91.214: Application time: 0.0000680 seconds
91.215: [Full GC91.215: [Tenured: 256703K->256703K(256704K), 0.1393630 secs] 372223K->372221K(372224K), [Perm : 13531K->13531K(21248K)], 0.1393950 secs] [Times: user=0.14 sys=0.00, real=0.14 secs] 
91.354: Total time for which application threads were stopped: 0.1396820 seconds, Stopping threads took: 0.0000090 seconds
91.354: Application time: 0.0000860 seconds
91.355: [Full GC91.355: [Tenured: 256704K->256704K(256704K), 0.1393810 secs] 372223K->372221K(372224K), [Perm : 13531K->13531K(21248K)], 0.1394130 secs] [Times: user=0.14 sys=0.00, real=0.14 secs] 
91.494: Total time for which application threads were stopped: 0.1396960 seconds, Stopping threads took: 0.0000060 seconds
91.494: Application time: 0.0000630 seconds
91.494: [Full GC91.494: [Tenured: 256704K->256704K(256704K), 0.1392390 secs] 372223K->372221K(372224K), [Perm : 13531K->13531K(21248K)], 0.1392700 secs] [Times: user=0.14 sys=0.00, real=0.14 secs] 
91.634: Total time for which application threads were stopped: 0.1395700 seconds, Stopping threads took: 0.0000070 seconds
91.634: Application time: 0.0000670 seconds
91.634: [Full GC91.634: [Tenured: 256704K->256704K(256704K), 0.1411100 secs] 372223K->372221K(372224K), [Perm : 13531K->13531K(21248K)], 0.1411420 secs] [Times: user=0.14 sys=0.00, real=0.14 secs] 
91.775: Total time for which application threads were stopped: 0.1414230 seconds, Stopping threads took: 0.0000070 seconds
91.775: Application time: 0.0000930 seconds
91.775: [Full GC91.775: [Tenured: 256704K->256704K(256704K), 0.1552410 secs] 372223K->372221K(372224K), [Perm : 13531K->13531K(21248K)], 0.1552730 secs] [Times: user=0.16 sys=0.00, real=0.16 secs] 
91.931: Total time for which application threads were stopped: 0.1555680 seconds, Stopping threads took: 0.0000180 seconds
91.931: Application time: 0.0000710 seconds
91.931: [Full GC91.931: [Tenured: 256704K->256703K(256704K), 0.1395390 secs] 372223K->372221K(372224K), [Perm : 13531K->13531K(21248K)], 0.1395720 secs] [Times: user=0.14 sys=0.00, real=0.14 secs] 
92.071: Total time for which application threads were stopped: 0.1398570 seconds, Stopping threads took: 0.0000080 seconds
92.071: Application time: 0.0000580 seconds
92.071: [Full GC92.071: [Tenured: 256703K->256703K(256704K), 0.1392840 secs] 372223K->372221K(372224K), [Perm : 13531K->13531K(21248K)], 0.1393190 secs] [Times: user=0.14 sys=0.00, real=0.14 secs] 
92.210: Total time for which application threads were stopped: 0.1396240 seconds, Stopping threads took: 0.0000070 seconds
92.210: Application time: 0.0000530 seconds
92.211: [Full GC92.211: [Tenured: 256703K->256703K(256704K), 0.1392210 secs] 372223K->372221K(372224K), [Perm : 13531K->13531K(21248K)], 0.1392500 secs] [Times: user=0.14 sys=0.00, real=0.14 secs] 
92.350: Total time for which application threads were stopped: 0.1395450 seconds, Stopping threads took: 0.0000100 seconds
92.350: Application time: 0.0000510 seconds
92.350: [Full GC92.350: [Tenured: 256703K->256703K(256704K), 0.1393500 secs] 372223K->372221K(372224K), [Perm : 13531K->13531K(21248K)], 0.1393800 secs] [Times: user=0.14 sys=0.00, real=0.14 secs] 
92.490: Total time for which application threads were stopped: 0.1396610 seconds, Stopping threads took: 0.0000060 seconds
92.490: Application time: 0.0000940 seconds
92.490: [Full GC92.490: [Tenured: 256703K->256703K(256704K), 0.1414600 secs] 372223K->372221K(372224K), [Perm : 13531K->13531K(21248K)], 0.1415000 secs] [Times: user=0.14 sys=0.00, real=0.14 secs] 
92.632: Total time for which application threads were stopped: 0.1417950 seconds, Stopping threads took: 0.0000180 seconds
92.632: Application time: 0.0000960 seconds
92.632: [Full GC92.632: [Tenured: 256703K->256703K(256704K), 0.1548400 secs] 372223K->372222K(372224K), [Perm : 13531K->13531K(21248K)], 0.1548710 secs] [Times: user=0.16 sys=0.00, real=0.15 secs] 
92.787: Total time for which application threads were stopped: 0.1551850 seconds, Stopping threads took: 0.0000190 seconds
92.787: Application time: 0.0000720 seconds
92.787: [Full GC92.787: [Tenured: 256703K->256703K(256704K), 0.1393070 secs] 372223K->372222K(372224K), [Perm : 13531K->13531K(21248K)], 0.1393470 secs] [Times: user=0.14 sys=0.00, real=0.14 secs] 
92.927: Total time for which application threads were stopped: 0.1396300 seconds, Stopping threads took: 0.0000060 seconds
92.927: Application time: 0.0000890 seconds
92.927: [Full GC92.927: [Tenured: 256703K->256703K(256704K), 0.1495010 secs] 372223K->372222K(372224K), [Perm : 13531K->13531K(21248K)], 0.1495330 secs] [Times: user=0.15 sys=0.00, real=0.15 secs] 
93.076: Total time for which application threads were stopped: 0.1498260 seconds, Stopping threads took: 0.0000180 seconds
93.077: Application time: 0.0000820 seconds
93.077: [Full GC93.077: [Tenured: 256703K->256703K(256704K), 0.1564940 secs] 372223K->372222K(372224K), [Perm : 13531K->13531K(21248K)], 0.1565250 secs] [Times: user=0.15 sys=0.00, real=0.16 secs] 
93.233: Total time for which application threads were stopped: 0.1568080 seconds, Stopping threads took: 0.0000060 seconds
93.233: Application time: 0.0000810 seconds
93.234: [Full GC93.234: [Tenured: 256703K->256703K(256704K), 0.1540440 secs] 372223K->372222K(372224K), [Perm : 13531K->13531K(21248K)], 0.1540710 secs] [Times: user=0.16 sys=0.00, real=0.16 secs] 
93.388: Total time for which application threads were stopped: 0.1543840 seconds, Stopping threads took: 0.0000190 seconds
93.388: Application time: 0.0000990 seconds
93.388: [Full GC93.388: [Tenured: 256703K->256703K(256704K), 0.1420410 secs] 372223K->372222K(372224K), [Perm : 13531K->13531K(21248K)], 0.1420740 secs] [Times: user=0.14 sys=0.00, real=0.14 secs] 
93.530: Total time for which application threads were stopped: 0.1423560 seconds, Stopping threads took: 0.0000060 seconds
93.530: Application time: 0.0000850 seconds
93.531: [Full GC93.531: [Tenured: 256703K->256703K(256704K), 0.1548780 secs] 372223K->372222K(372224K), [Perm : 13531K->13531K(21248K)], 0.1549100 secs] [Times: user=0.16 sys=0.00, real=0.15 secs] 
93.686: Total time for which application threads were stopped: 0.1552050 seconds, Stopping threads took: 0.0000190 seconds
93.686: Application time: 0.0000730 seconds
93.686: [Full GC93.686: [Tenured: 256703K->256703K(256704K), 0.1411790 secs] 372223K->372222K(372224K), [Perm : 13531K->13531K(21248K)], 0.1412120 secs] [Times: user=0.14 sys=0.00, real=0.14 secs] 
93.827: Total time for which application threads were stopped: 0.1414940 seconds, Stopping threads took: 0.0000070 seconds
93.827: Application time: 0.0000570 seconds
93.827: [Full GC93.827: [Tenured: 256703K->256703K(256704K), 0.1391580 secs] 372223K->372222K(372224K), [Perm : 13531K->13531K(21248K)], 0.1391900 secs] [Times: user=0.14 sys=0.00, real=0.14 secs] 
93.967: Total time for which application threads were stopped: 0.1395020 seconds, Stopping threads took: 0.0000110 seconds
93.967: Application time: 0.0000860 seconds
93.967: [Full GC93.967: [Tenured: 256703K->256703K(256704K), 0.1549640 secs] 372223K->372222K(372224K), [Perm : 13531K->13531K(21248K)], 0.1549970 secs] [Times: user=0.15 sys=0.00, real=0.16 secs] 
94.122: Total time for which application threads were stopped: 0.1552930 seconds, Stopping threads took: 0.0000180 seconds
94.122: Application time: 0.0000900 seconds
94.122: [Full GC94.122: [Tenured: 256703K->256703K(256704K), 0.1554430 secs] 372223K->372222K(372224K), [Perm : 13531K->13531K(21248K)], 0.1554750 secs] [Times: user=0.16 sys=0.00, real=0.15 secs] 
94.278: Total time for which application threads were stopped: 0.1557710 seconds, Stopping threads took: 0.0000180 seconds
94.278: Application time: 0.0000720 seconds
94.278: [Full GC94.278: [Tenured: 256703K->256703K(256704K), 0.1410910 secs] 372223K->372222K(372224K), [Perm : 13531K->13531K(21248K)], 0.1411240 secs] [Times: user=0.14 sys=0.00, real=0.14 secs] 
94.419: Total time for which application threads were stopped: 0.1414100 seconds, Stopping threads took: 0.0000070 seconds
94.420: Application time: 0.0000840 seconds
94.420: [Full GC94.420: [Tenured: 256703K->256703K(256704K), 0.1554260 secs] 372223K->372222K(372224K), [Perm : 13531K->13531K(21248K)], 0.1554650 secs] [Times: user=0.16 sys=0.00, real=0.15 secs] 
94.575: Total time for which application threads were stopped: 0.1557810 seconds, Stopping threads took: 0.0000180 seconds
94.575: Application time: 0.0000930 seconds
94.576: [Full GC94.576: [Tenured: 256703K->256703K(256704K), 0.1553280 secs] 372223K->372222K(372224K), [Perm : 13531K->13531K(21248K)], 0.1553600 secs] [Times: user=0.15 sys=0.00, real=0.16 secs] 
94.731: Total time for which application threads were stopped: 0.1556550 seconds, Stopping threads took: 0.0000070 seconds
94.731: Application time: 0.0000830 seconds
94.731: [Full GC94.731: [Tenured: 256703K->256703K(256704K), 0.1553790 secs] 372223K->372222K(372224K), [Perm : 13531K->13531K(21248K)], 0.1554130 secs] [Times: user=0.16 sys=0.00, real=0.15 secs] 
94.887: Total time for which application threads were stopped: 0.1557110 seconds, Stopping threads took: 0.0000190 seconds
94.887: Application time: 0.0000870 seconds
94.887: [Full GC94.887: [Tenured: 256703K->256703K(256704K), 0.1455330 secs] 372223K->372222K(372224K), [Perm : 13531K->13531K(21248K)], 0.1455650 secs] [Times: user=0.14 sys=0.00, real=0.15 secs] 
95.033: Total time for which application threads were stopped: 0.1458610 seconds, Stopping threads took: 0.0000190 seconds
95.033: Application time: 0.0000970 seconds
95.033: [Full GC95.033: [Tenured: 256703K->256703K(256704K), 0.1558400 secs] 372223K->372223K(372224K), [Perm : 13531K->13531K(21248K)], 0.1558720 secs] [Times: user=0.16 sys=0.00, real=0.16 secs] 
95.189: Total time for which application threads were stopped: 0.1561820 seconds, Stopping threads took: 0.0000190 seconds
95.189: Application time: 0.0000550 seconds
95.189: [Full GC95.189: [Tenured: 256703K->256703K(256704K), 0.1555140 secs] 372223K->372223K(372224K), [Perm : 13531K->13531K(21248K)], 0.1555430 secs] [Times: user=0.16 sys=0.00, real=0.15 secs] 
95.345: Total time for which application threads were stopped: 0.1558260 seconds, Stopping threads took: 0.0000080 seconds
95.345: Application time: 0.0000780 seconds
95.345: [Full GC95.345: [Tenured: 256703K->256703K(256704K), 0.1498370 secs] 372223K->372222K(372224K), [Perm : 13531K->13531K(21248K)], 0.1498720 secs] [Times: user=0.15 sys=0.00, real=0.15 secs] 
95.495: Total time for which application threads were stopped: 0.1501540 seconds, Stopping threads took: 0.0000070 seconds
95.495: Application time: 0.0000710 seconds
95.496: [Full GC95.496: [Tenured: 256703K->256703K(256704K), 0.1395310 secs] 372223K->372222K(372224K), [Perm : 13531K->13531K(21248K)], 0.1395650 secs] [Times: user=0.14 sys=0.00, real=0.14 secs] 
95.635: Total time for which application threads were stopped: 0.1398610 seconds, Stopping threads took: 0.0000070 seconds
95.635: Application time: 0.0000720 seconds
95.635: [Full GC95.635: [Tenured: 256703K->256703K(256704K), 0.1415770 secs] 372223K->372222K(372224K), [Perm : 13531K->13531K(21248K)], 0.1416090 secs] [Times: user=0.14 sys=0.00, real=0.14 secs] 
95.777: Total time for which application threads were stopped: 0.1419090 seconds, Stopping threads took: 0.0000060 seconds
95.777: Application time: 0.0000710 seconds
95.777: [Full GC95.777: [Tenured: 256703K->256703K(256704K), 0.1421290 secs] 372223K->372222K(372224K), [Perm : 13531K->13531K(21248K)], 0.1421590 secs] [Times: user=0.14 sys=0.00, real=0.15 secs] 
95.920: Total time for which application threads were stopped: 0.1424420 seconds, Stopping threads took: 0.0000060 seconds
95.920: Application time: 0.0000710 seconds
95.920: [Full GC95.920: [Tenured: 256703K->256703K(256704K), 0.1473600 secs] 372223K->372222K(372224K), [Perm : 13531K->13531K(21248K)], 0.1473940 secs] [Times: user=0.15 sys=0.00, real=0.14 secs] 
96.067: Total time for which application threads were stopped: 0.1476790 seconds, Stopping threads took: 0.0000070 seconds
96.067: Application time: 0.0000750 seconds
96.068: [Full GC96.068: [Tenured: 256703K->256703K(256704K), 0.1397370 secs] 372223K->372222K(372224K), [Perm : 13531K->13531K(21248K)], 0.1397770 secs] [Times: user=0.14 sys=0.00, real=0.13 secs] 
96.208: Total time for which application threads were stopped: 0.1400740 seconds, Stopping threads took: 0.0000070 seconds
96.208: Application time: 0.0000510 seconds
96.208: [Full GC96.208: [Tenured: 256704K->256704K(256704K), 0.1395840 secs] 372223K->372222K(372224K), [Perm : 13531K->13531K(21248K)], 0.1396170 secs] [Times: user=0.14 sys=0.00, real=0.13 secs] 
96.348: Total time for which application threads were stopped: 0.1399310 seconds, Stopping threads took: 0.0000060 seconds
96.348: Application time: 0.0000730 seconds
96.348: [Full GC96.348: [Tenured: 256704K->256704K(256704K), 0.1591140 secs] 372223K->372222K(372224K), [Perm : 13531K->13531K(21248K)], 0.1591480 secs] [Times: user=0.16 sys=0.00, real=0.15 secs] 
96.507: Total time for which application threads were stopped: 0.1594330 seconds, Stopping threads took: 0.0000070 seconds
96.507: Application time: 0.0000750 seconds
96.507: [Full GC96.507: [Tenured: 256704K->256704K(256704K), 0.1395820 secs] 372223K->372222K(372224K), [Perm : 13531K->13531K(21248K)], 0.1396140 secs] [Times: user=0.14 sys=0.00, real=0.14 secs] 
96.647: Total time for which application threads were stopped: 0.1399020 seconds, Stopping threads took: 0.0000070 seconds
96.647: Application time: 0.0000650 seconds
96.647: [Full GC96.647: [Tenured: 256704K->256703K(256704K), 0.1410740 secs] 372223K->372222K(372224K), [Perm : 13531K->13531K(21248K)], 0.1411060 secs] [Times: user=0.14 sys=0.00, real=0.15 secs] 
96.788: Total time for which application threads were stopped: 0.1413880 seconds, Stopping threads took: 0.0000070 seconds
96.789: Application time: 0.0000650 seconds
96.789: [Full GC96.789: [Tenured: 256703K->256703K(256704K), 0.1399590 secs] 372223K->372222K(372224K), [Perm : 13531K->13531K(21248K)], 0.1399890 secs] [Times: user=0.14 sys=0.00, real=0.14 secs] 
96.929: Total time for which application threads were stopped: 0.1402880 seconds, Stopping threads took: 0.0000060 seconds
96.929: Application time: 0.0000900 seconds
96.929: [Full GC96.929: [Tenured: 256703K->256703K(256704K), 0.1461550 secs] 372223K->372222K(372224K), [Perm : 13531K->13531K(21248K)], 0.1461880 secs] [Times: user=0.15 sys=0.00, real=0.14 secs] 
97.075: Total time for which application threads were stopped: 0.1464860 seconds, Stopping threads took: 0.0000190 seconds
97.075: Application time: 0.0000870 seconds
97.076: [Full GC97.076: [Tenured: 256703K->256703K(256704K), 0.1397000 secs] 372223K->372222K(372224K), [Perm : 13531K->13531K(21248K)], 0.1397380 secs] [Times: user=0.14 sys=0.00, real=0.14 secs] 
97.216: Total time for which application threads were stopped: 0.1400610 seconds, Stopping threads took: 0.0000260 seconds
97.216: Application time: 0.0000970 seconds
97.216: [Full GC97.216: [Tenured: 256703K->256703K(256704K), 0.1414510 secs] 372223K->372222K(372224K), [Perm : 13531K->13531K(21248K)], 0.1414850 secs] [Times: user=0.14 sys=0.00, real=0.14 secs] 
97.357: Total time for which application threads were stopped: 0.1417670 seconds, Stopping threads took: 0.0000070 seconds
97.357: Application time: 0.0000710 seconds
97.358: [Full GC97.358: [Tenured: 256703K->256703K(256704K), 0.1394870 secs] 372223K->372222K(372224K), [Perm : 13531K->13531K(21248K)], 0.1395190 secs] [Times: user=0.14 sys=0.00, real=0.14 secs] 
97.497: Total time for which application threads were stopped: 0.1398200 seconds, Stopping threads took: 0.0000070 seconds
97.497: Application time: 0.0000590 seconds
97.498: [Full GC97.498: [Tenured: 256703K->256703K(256704K), 0.1391950 secs] 372223K->372222K(372224K), [Perm : 13531K->13531K(21248K)], 0.1392260 secs] [Times: user=0.14 sys=0.00, real=0.14 secs] 
97.637: Total time for which application threads were stopped: 0.1395090 seconds, Stopping threads took: 0.0000070 seconds
97.637: Application time: 0.0000640 seconds
97.637: [Full GC97.637: [Tenured: 256703K->256703K(256704K), 0.1391920 secs] 372223K->372222K(372224K), [Perm : 13531K->13531K(21248K)], 0.1392230 secs] [Times: user=0.14 sys=0.00, real=0.14 secs] 
97.776: Total time for which application threads were stopped: 0.1395160 seconds, Stopping threads took: 0.0000060 seconds
97.777: Application time: 0.0000580 seconds
97.777: [Full GC97.777: [Tenured: 256703K->256703K(256704K), 0.1395540 secs] 372223K->372222K(372224K), [Perm : 13531K->13531K(21248K)], 0.1395830 secs] [Times: user=0.14 sys=0.00, real=0.14 secs] 
97.916: Total time for which application threads were stopped: 0.1398690 seconds, Stopping threads took: 0.0000090 seconds
97.916: Application time: 0.0000580 seconds
97.917: [Full GC97.917: [Tenured: 256703K->256703K(256704K), 0.1399920 secs] 372223K->372222K(372224K), [Perm : 13531K->13531K(21248K)], 0.1400220 secs] [Times: user=0.14 sys=0.00, real=0.14 secs] 
98.057: Total time for which application threads were stopped: 0.1403260 seconds, Stopping threads took: 0.0000060 seconds
98.057: Application time: 0.0000780 seconds
98.057: [Full GC98.057: [Tenured: 256704K->256704K(256704K), 0.1554020 secs] 372223K->372222K(372224K), [Perm : 13531K->13531K(21248K)], 0.1554320 secs] [Times: user=0.16 sys=0.00, real=0.16 secs] 
98.213: Total time for which application threads were stopped: 0.1557300 seconds, Stopping threads took: 0.0000180 seconds
98.213: Application time: 0.0001260 seconds
98.213: [Full GC98.213: [Tenured: 256704K->256704K(256704K), 0.1485570 secs] 372223K->372222K(372224K), [Perm : 13531K->13531K(21248K)], 0.1485880 secs] [Times: user=0.15 sys=0.00, real=0.15 secs] 
98.362: Total time for which application threads were stopped: 0.1488730 seconds, Stopping threads took: 0.0000060 seconds
98.362: Application time: 0.0000980 seconds
98.362: [Full GC98.362: [Tenured: 256704K->256703K(256704K), 0.1554060 secs] 372223K->372222K(372224K), [Perm : 13531K->13531K(21248K)], 0.1554380 secs] [Times: user=0.15 sys=0.00, real=0.15 secs] 
98.517: Total time for which application threads were stopped: 0.1557340 seconds, Stopping threads took: 0.0000190 seconds
98.518: Application time: 0.0001090 seconds
98.518: [Full GC98.518: [Tenured: 256703K->256703K(256704K), 0.1556870 secs] 372223K->372222K(372224K), [Perm : 13531K->13531K(21248K)], 0.1557170 secs] [Times: user=0.16 sys=0.00, real=0.16 secs] 
98.674: Total time for which application threads were stopped: 0.1560340 seconds, Stopping threads took: 0.0000190 seconds
98.674: Application time: 0.0001050 seconds
98.674: [Full GC98.674: [Tenured: 256704K->256704K(256704K), 0.1395660 secs] 372223K->372222K(372224K), [Perm : 13531K->13531K(21248K)], 0.1395970 secs] [Times: user=0.14 sys=0.00, real=0.14 secs] 
98.814: Total time for which application threads were stopped: 0.1398920 seconds, Stopping threads took: 0.0000180 seconds
98.814: Application time: 0.0000810 seconds
98.814: [Full GC98.814: [Tenured: 256704K->256704K(256704K), 0.1395030 secs] 372223K->372222K(372224K), [Perm : 13531K->13531K(21248K)], 0.1395340 secs] [Times: user=0.14 sys=0.00, real=0.14 secs] 
98.953: Total time for which application threads were stopped: 0.1398190 seconds, Stopping threads took: 0.0000060 seconds
98.954: Application time: 0.0000600 seconds
98.954: [Full GC98.954: [Tenured: 256704K->256704K(256704K), 0.1397070 secs] 372223K->372223K(372224K), [Perm : 13531K->13531K(21248K)], 0.1397390 secs] [Times: user=0.14 sys=0.00, real=0.14 secs] 
99.094: Total time for which application threads were stopped: 0.1400230 seconds, Stopping threads took: 0.0000070 seconds
99.094: Application time: 0.0000740 seconds
99.094: [Full GC99.094: [Tenured: 256704K->256704K(256704K), 0.1397650 secs] 372223K->372223K(372224K), [Perm : 13531K->13531K(21248K)], 0.1397970 secs] [Times: user=0.14 sys=0.00, real=0.14 secs] 
99.234: Total time for which application threads were stopped: 0.1401020 seconds, Stopping threads took: 0.0000070 seconds
99.234: Application time: 0.0000550 seconds
99.234: [Full GC99.234: [Tenured: 256704K->256704K(256704K), 0.1398270 secs] 372223K->372223K(372224K), [Perm : 13531K->13531K(21248K)], 0.1398580 secs] [Times: user=0.14 sys=0.00, real=0.14 secs] 
99.374: Total time for which application threads were stopped: 0.1401420 seconds, Stopping threads took: 0.0000060 seconds
99.374: Application time: 0.0000570 seconds
99.374: [Full GC99.374: [Tenured: 256704K->256704K(256704K), 0.1400080 secs] 372223K->372222K(372224K), [Perm : 13531K->13531K(21248K)], 0.1400460 secs] [Times: user=0.14 sys=0.00, real=0.14 secs] 
99.514: Total time for which application threads were stopped: 0.1403290 seconds, Stopping threads took: 0.0000060 seconds
99.514: Application time: 0.0000830 seconds
99.515: [Full GC99.515: [Tenured: 256704K->256703K(256704K), 0.1393070 secs] 372223K->372222K(372224K), [Perm : 13531K->13531K(21248K)], 0.1393390 secs] [Times: user=0.14 sys=0.00, real=0.14 secs] 
99.654: Total time for which application threads were stopped: 0.1396370 seconds, Stopping threads took: 0.0000200 seconds
99.654: Application time: 0.0000860 seconds
99.654: [Full GC99.654: [Tenured: 256703K->256703K(256704K), 0.1393220 secs] 372223K->372222K(372224K), [Perm : 13531K->13531K(21248K)], 0.1393540 secs] [Times: user=0.14 sys=0.00, real=0.14 secs] 
99.794: Total time for which application threads were stopped: 0.1396670 seconds, Stopping threads took: 0.0000190 seconds
99.794: Application time: 0.0001010 seconds
99.794: [Full GC99.794: [Tenured: 256703K->256703K(256704K), 0.1524500 secs] 372223K->372222K(372224K), [Perm : 13531K->13531K(21248K)], 0.1524820 secs] [Times: user=0.15 sys=0.00, real=0.15 secs] 
99.947: Total time for which application threads were stopped: 0.1527800 seconds, Stopping threads took: 0.0000180 seconds
99.947: Application time: 0.0000760 seconds
99.947: [Full GC99.947: [Tenured: 256703K->256703K(256704K), 0.1413530 secs] 372223K->372221K(372224K), [Perm : 13531K->13531K(21248K)], 0.1413860 secs] [Times: user=0.14 sys=0.00, real=0.15 secs] 
100.088: Total time for which application threads were stopped: 0.1416660 seconds, Stopping threads took: 0.0000070 seconds
100.089: Application time: 0.0000830 seconds
100.089: [Full GC100.089: [Tenured: 256703K->256703K(256704K), 0.1584920 secs] 372223K->372222K(372224K), [Perm : 13531K->13531K(21248K)], 0.1585230 secs] [Times: user=0.16 sys=0.00, real=0.15 secs] 
100.247: Total time for which application threads were stopped: 0.1588170 seconds, Stopping threads took: 0.0000180 seconds
100.247: Application time: 0.0000810 seconds
100.248: [Full GC100.248: [Tenured: 256703K->256703K(256704K), 0.1597840 secs] 372223K->372222K(372224K), [Perm : 13531K->13531K(21248K)], 0.1598260 secs] [Times: user=0.16 sys=0.00, real=0.16 secs] 
100.408: Total time for which application threads were stopped: 0.1601460 seconds, Stopping threads took: 0.0000070 seconds
100.408: Application time: 0.0000800 seconds
100.408: [Full GC100.408: [Tenured: 256703K->256703K(256704K), 0.1397290 secs] 372223K->372222K(372224K), [Perm : 13531K->13531K(21248K)], 0.1397600 secs] [Times: user=0.14 sys=0.00, real=0.14 secs] 
100.548: Total time for which application threads were stopped: 0.1400430 seconds, Stopping threads took: 0.0000070 seconds
100.548: Application time: 0.0000700 seconds
100.548: [Full GC100.548: [Tenured: 256703K->256703K(256704K), 0.1415160 secs] 372223K->372222K(372224K), [Perm : 13531K->13531K(21248K)], 0.1415480 secs] [Times: user=0.15 sys=0.00, real=0.14 secs] 
100.690: Total time for which application threads were stopped: 0.1418300 seconds, Stopping threads took: 0.0000070 seconds
100.690: Application time: 0.0000840 seconds
100.690: [Full GC100.690: [Tenured: 256703K->256703K(256704K), 0.1440770 secs] 372223K->372222K(372224K), [Perm : 13531K->13531K(21248K)], 0.1441090 secs] [Times: user=0.14 sys=0.00, real=0.14 secs] 
100.834: Total time for which application threads were stopped: 0.1443960 seconds, Stopping threads took: 0.0000070 seconds
100.834: Application time: 0.0000770 seconds
100.834: [Full GC100.834: [Tenured: 256703K->256703K(256704K), 0.1549650 secs] 372223K->372222K(372224K), [Perm : 13531K->13531K(21248K)], 0.1549970 secs] [Times: user=0.16 sys=0.00, real=0.16 secs] 
100.989: Total time for which application threads were stopped: 0.1552970 seconds, Stopping threads took: 0.0000060 seconds
100.990: Application time: 0.0000770 seconds
100.990: [Full GC100.990: [Tenured: 256703K->256703K(256704K), 0.1398280 secs] 372223K->372222K(372224K), [Perm : 13531K->13531K(21248K)], 0.1398650 secs] [Times: user=0.14 sys=0.00, real=0.14 secs] 
101.130: Total time for which application threads were stopped: 0.1401490 seconds, Stopping threads took: 0.0000060 seconds
101.130: Application time: 0.0000980 seconds
101.130: [Full GC101.130: [Tenured: 256703K->256703K(256704K), 0.1554810 secs] 372223K->372223K(372224K), [Perm : 13531K->13531K(21248K)], 0.1555120 secs] [Times: user=0.15 sys=0.00, real=0.15 secs] 
101.286: Total time for which application threads were stopped: 0.1558130 seconds, Stopping threads took: 0.0000180 seconds
101.286: Application time: 0.0001000 seconds
101.286: [Full GC101.286: [Tenured: 256703K->256703K(256704K), 0.1553180 secs] 372223K->372223K(372224K), [Perm : 13531K->13531K(21248K)], 0.1553500 secs] [Times: user=0.16 sys=0.00, real=0.16 secs] 
101.441: Total time for which application threads were stopped: 0.1556480 seconds, Stopping threads took: 0.0000190 seconds
101.441: Application time: 0.0000650 seconds
101.442: [Full GC101.442: [Tenured: 256703K->256703K(256704K), 0.1553650 secs] 372223K->372223K(372224K), [Perm : 13531K->13531K(21248K)], 0.1553980 secs] [Times: user=0.15 sys=0.00, real=0.15 secs] 
101.597: Total time for which application threads were stopped: 0.1557000 seconds, Stopping threads took: 0.0000070 seconds
101.597: Application time: 0.0000960 seconds
101.597: [Full GC101.597: [Tenured: 256703K->256703K(256704K), 0.1553440 secs] 372223K->372223K(372224K), [Perm : 13531K->13531K(21248K)], 0.1553740 secs] [Times: user=0.16 sys=0.00, real=0.16 secs] 
101.753: Total time for which application threads were stopped: 0.1556710 seconds, Stopping threads took: 0.0000200 seconds
101.753: Application time: 0.0000640 seconds
101.753: [Full GC101.753: [Tenured: 256703K->256703K(256704K), 0.1551780 secs] 372223K->372222K(372224K), [Perm : 13531K->13531K(21248K)], 0.1552070 secs] [Times: user=0.16 sys=0.00, real=0.16 secs] 
101.908: Total time for which application threads were stopped: 0.1554880 seconds, Stopping threads took: 0.0000060 seconds
101.909: Application time: 0.0000820 seconds
101.909: [Full GC101.909: [Tenured: 256703K->256703K(256704K), 0.1414690 secs] 372223K->372223K(372224K), [Perm : 13531K->13531K(21248K)], 0.1415030 secs] [Times: user=0.14 sys=0.00, real=0.14 secs] 
102.050: Total time for which application threads were stopped: 0.1417880 seconds, Stopping threads took: 0.0000070 seconds
102.050: Application time: 0.0000700 seconds
102.051: [Full GC102.051: [Tenured: 256703K->256703K(256704K), 0.1399630 secs] 372223K->372222K(372224K), [Perm : 13531K->13531K(21248K)], 0.1399960 secs] [Times: user=0.14 sys=0.00, real=0.14 secs] 
102.191: Total time for which application threads were stopped: 0.1403020 seconds, Stopping threads took: 0.0000060 seconds
102.191: Application time: 0.0000650 seconds
102.191: [Full GC102.191: [Tenured: 256703K->256703K(256704K), 0.1411970 secs] 372223K->372222K(372224K), [Perm : 13531K->13531K(21248K)], 0.1412320 secs] [Times: user=0.14 sys=0.00, real=0.14 secs] 
102.332: Total time for which application threads were stopped: 0.1415200 seconds, Stopping threads took: 0.0000060 seconds
102.332: Application time: 0.0000580 seconds
102.333: [Full GC102.333: [Tenured: 256703K->256703K(256704K), 0.1392600 secs] 372223K->372222K(372224K), [Perm : 13531K->13531K(21248K)], 0.1392890 secs] [Times: user=0.14 sys=0.00, real=0.14 secs] 
102.472: Total time for which application threads were stopped: 0.1395720 seconds, Stopping threads took: 0.0000060 seconds
102.472: Application time: 0.0000570 seconds
102.472: [Full GC102.472: [Tenured: 256703K->256703K(256704K), 0.1394190 secs] 372223K->372222K(372224K), [Perm : 13531K->13531K(21248K)], 0.1394500 secs] [Times: user=0.14 sys=0.00, real=0.14 secs] 
102.612: Total time for which application threads were stopped: 0.1397480 seconds, Stopping threads took: 0.0000070 seconds
102.612: Application time: 0.0000780 seconds
102.612: [Full GC102.612: [Tenured: 256703K->256703K(256704K), 0.1422350 secs] 372223K->372222K(372224K), [Perm : 13531K->13531K(21248K)], 0.1422740 secs] [Times: user=0.14 sys=0.00, real=0.14 secs] 
102.754: Total time for which application threads were stopped: 0.1425710 seconds, Stopping threads took: 0.0000060 seconds
102.754: Application time: 0.0000810 seconds
102.755: [Full GC102.755: [Tenured: 256703K->256703K(256704K), 0.1407860 secs] 372223K->372223K(372224K), [Perm : 13531K->13531K(21248K)], 0.1408280 secs] [Times: user=0.14 sys=0.00, real=0.14 secs] 
102.896: Total time for which application threads were stopped: 0.1411260 seconds, Stopping threads took: 0.0000180 seconds
102.896: Application time: 0.0001110 seconds
102.896: [Full GC102.896: [Tenured: 256703K->256703K(256704K), 0.1397680 secs] 372223K->372222K(372224K), [Perm : 13531K->13531K(21248K)], 0.1397980 secs] [Times: user=0.14 sys=0.00, real=0.14 secs] 
103.036: Total time for which application threads were stopped: 0.1400930 seconds, Stopping threads took: 0.0000180 seconds
103.036: Application time: 0.0000790 seconds
103.036: [Full GC103.036: [Tenured: 256703K->256703K(256704K), 0.1391070 secs] 372223K->372222K(372224K), [Perm : 13531K->13531K(21248K)], 0.1391390 secs] [Times: user=0.14 sys=0.00, real=0.14 secs] 
103.175: Total time for which application threads were stopped: 0.1394230 seconds, Stopping threads took: 0.0000060 seconds
103.175: Application time: 0.0000850 seconds
103.176: [Full GC103.176: [Tenured: 256703K->256703K(256704K), 0.1549700 secs] 372223K->372222K(372224K), [Perm : 13531K->13531K(21248K)], 0.1550030 secs] [Times: user=0.16 sys=0.00, real=0.16 secs] 
103.331: Total time for which application threads were stopped: 0.1553140 seconds, Stopping threads took: 0.0000060 seconds
103.331: Application time: 0.0000790 seconds
103.331: [Full GC103.331: [Tenured: 256703K->256703K(256704K), 0.1586950 secs] 372223K->372222K(372224K), [Perm : 13531K->13531K(21248K)], 0.1587270 secs] [Times: user=0.16 sys=0.00, real=0.16 secs] 
103.490: Total time for which application threads were stopped: 0.1590090 seconds, Stopping threads took: 0.0000070 seconds
103.490: Application time: 0.0000800 seconds
103.490: [Full GC103.490: [Tenured: 256703K->256703K(256704K), 0.1483630 secs] 372223K->372222K(372224K), [Perm : 13531K->13531K(21248K)], 0.1483960 secs] [Times: user=0.15 sys=0.00, real=0.14 secs] 
103.639: Total time for which application threads were stopped: 0.1486940 seconds, Stopping threads took: 0.0000190 seconds
103.639: Application time: 0.0000720 seconds
103.639: [Full GC103.639: [Tenured: 256703K->256703K(256704K), 0.1403980 secs] 372223K->372223K(372224K), [Perm : 13531K->13531K(21248K)], 0.1404290 secs] [Times: user=0.14 sys=0.00, real=0.14 secs] 
103.779: Total time for which application threads were stopped: 0.1407260 seconds, Stopping threads took: 0.0000200 seconds
103.779: Application time: 0.0000580 seconds
103.780: [Full GC103.780: [Tenured: 256703K->256703K(256704K), 0.1392050 secs] 372223K->372223K(372224K), [Perm : 13531K->13531K(21248K)], 0.1392370 secs] [Times: user=0.14 sys=0.00, real=0.13 secs] 
103.919: Total time for which application threads were stopped: 0.1395440 seconds, Stopping threads took: 0.0000050 seconds
103.919: Application time: 0.0000930 seconds
103.919: [Full GC103.919: [Tenured: 256703K->256703K(256704K), 0.1511050 secs] 372223K->372222K(372224K), [Perm : 13531K->13531K(21248K)], 0.1511370 secs] [Times: user=0.15 sys=0.00, real=0.16 secs] 
104.070: Total time for which application threads were stopped: 0.1514300 seconds, Stopping threads took: 0.0000180 seconds
104.071: Application time: 0.0000770 seconds
104.071: [Full GC104.071: [Tenured: 256703K->256703K(256704K), 0.1392950 secs] 372223K->372222K(372224K), [Perm : 13531K->13531K(21248K)], 0.1393270 secs] [Times: user=0.14 sys=0.00, real=0.14 secs] 
104.210: Total time for which application threads were stopped: 0.1396080 seconds, Stopping threads took: 0.0000060 seconds
104.210: Application time: 0.0000610 seconds
104.210: [Full GC104.210: [Tenured: 256703K->256703K(256704K), 0.1395530 secs] 372223K->372223K(372224K), [Perm : 13531K->13531K(21248K)], 0.1395930 secs] [Times: user=0.14 sys=0.00, real=0.14 secs] 
104.350: Total time for which application threads were stopped: 0.1398750 seconds, Stopping threads took: 0.0000060 seconds
104.350: Application time: 0.0000580 seconds
104.350: [Full GC104.350: [Tenured: 256703K->256703K(256704K), 0.1391540 secs] 372223K->372223K(372224K), [Perm : 13531K->13531K(21248K)], 0.1391860 secs] [Times: user=0.14 sys=0.00, real=0.14 secs] 
104.490: Total time for which application threads were stopped: 0.1394810 seconds, Stopping threads took: 0.0000070 seconds
104.490: Application time: 0.0000580 seconds
104.490: [Full GC104.490: [Tenured: 256703K->256703K(256704K), 0.1393200 secs] 372223K->372223K(372224K), [Perm : 13531K->13531K(21248K)], 0.1393520 secs] [Times: user=0.14 sys=0.00, real=0.14 secs] 
104.629: Total time for which application threads were stopped: 0.1396340 seconds, Stopping threads took: 0.0000070 seconds
104.629: Application time: 0.0000920 seconds
104.630: [Full GC104.630: [Tenured: 256703K->256703K(256704K), 0.1392300 secs] 372223K->372223K(372224K), [Perm : 13531K->13531K(21248K)], 0.1392620 secs] [Times: user=0.14 sys=0.00, real=0.14 secs] 
104.769: Total time for which application threads were stopped: 0.1395470 seconds, Stopping threads took: 0.0000070 seconds
104.769: Application time: 0.0000760 seconds
104.769: [Full GC104.769: [Tenured: 256703K->256703K(256704K), 0.1551320 secs] 372223K->372223K(372224K), [Perm : 13531K->13531K(21248K)], 0.1551630 secs] [Times: user=0.15 sys=0.00, real=0.15 secs] 
104.925: Total time for which application threads were stopped: 0.1554570 seconds, Stopping threads took: 0.0000190 seconds
104.925: Application time: 0.0000940 seconds
104.925: [Full GC104.925: [Tenured: 256703K->256703K(256704K), 0.1551890 secs] 372223K->372223K(372224K), [Perm : 13531K->13531K(21248K)], 0.1552210 secs] [Times: user=0.16 sys=0.00, real=0.16 secs] 
105.080: Total time for which application threads were stopped: 0.1555420 seconds, Stopping threads took: 0.0000190 seconds
105.080: Application time: 0.0000530 seconds
105.080: [Full GC105.080: [Tenured: 256703K->256703K(256704K), 0.1553150 secs] 372223K->372223K(372224K), [Perm : 13531K->13531K(21248K)], 0.1553420 secs] [Times: user=0.15 sys=0.00, real=0.15 secs] 
105.236: Total time for which application threads were stopped: 0.1556210 seconds, Stopping threads took: 0.0000050 seconds
105.236: Application time: 0.0000540 seconds
105.236: [Full GC105.236: [Tenured: 256703K->256703K(256704K), 0.1549960 secs] 372223K->372223K(372224K), [Perm : 13531K->13531K(21248K)], 0.1550270 secs] [Times: user=0.15 sys=0.00, real=0.16 secs] 
105.391: Total time for which application threads were stopped: 0.1553070 seconds, Stopping threads took: 0.0000050 seconds
105.391: Application time: 0.0000680 seconds
105.392: [Full GC105.392: [Tenured: 256703K->256703K(256704K), 0.1560500 secs] 372223K->372223K(372224K), [Perm : 13531K->13531K(21248K)], 0.1560790 secs] [Times: user=0.16 sys=0.00, real=0.16 secs] 
105.548: Total time for which application threads were stopped: 0.1563640 seconds, Stopping threads took: 0.0000050 seconds
105.548: Application time: 0.0000520 seconds
105.548: [Full GC105.548: [Tenured: 256703K->256703K(256704K), 0.1550620 secs] 372223K->372223K(372224K), [Perm : 13531K->13531K(21248K)], 0.1550920 secs] [Times: user=0.15 sys=0.00, real=0.15 secs] 
105.703: Total time for which application threads were stopped: 0.1553890 seconds, Stopping threads took: 0.0000050 seconds
105.703: Application time: 0.0000560 seconds
105.703: [Full GC105.703: [Tenured: 256703K->256703K(256704K), 0.1550440 secs] 372223K->372223K(372224K), [Perm : 13531K->13531K(21248K)], 0.1550740 secs] [Times: user=0.16 sys=0.00, real=0.15 secs] 
105.858: Total time for which application threads were stopped: 0.1553550 seconds, Stopping threads took: 0.0000060 seconds
105.859: Application time: 0.0000530 seconds
105.859: [Full GC105.859: [Tenured: 256703K->256703K(256704K), 0.1553760 secs] 372223K->372223K(372224K), [Perm : 13531K->13531K(21248K)], 0.1554070 secs] [Times: user=0.15 sys=0.00, real=0.16 secs] 
106.014: Total time for which application threads were stopped: 0.1556860 seconds, Stopping threads took: 0.0000050 seconds
106.014: Application time: 0.0000520 seconds
106.015: [Full GC106.015: [Tenured: 256703K->256703K(256704K), 0.1501180 secs] 372223K->372223K(372224K), [Perm : 13531K->13531K(21248K)], 0.1501460 secs] [Times: user=0.15 sys=0.00, real=0.15 secs] 
106.165: Total time for which application threads were stopped: 0.1504250 seconds, Stopping threads took: 0.0000050 seconds
106.165: Application time: 0.0000750 seconds
106.165: [Full GC106.165: [Tenured: 256703K->256703K(256704K), 0.1564690 secs] 372223K->372223K(372224K), [Perm : 13531K->13531K(21248K)], 0.1565010 secs] [Times: user=0.16 sys=0.00, real=0.16 secs] 
106.322: Total time for which application threads were stopped: 0.1568030 seconds, Stopping threads took: 0.0000070 seconds
106.322: Application time: 0.0000610 seconds
106.322: [Full GC106.322: [Tenured: 256703K->256703K(256704K), 0.1547670 secs] 372223K->372223K(372224K), [Perm : 13531K->13531K(21248K)], 0.1547990 secs] [Times: user=0.16 sys=0.00, real=0.15 secs] 
106.477: Total time for which application threads were stopped: 0.1550820 seconds, Stopping threads took: 0.0000060 seconds
106.477: Application time: 0.0000610 seconds
106.477: [Full GC106.477: [Tenured: 256703K->256703K(256704K), 0.1392500 secs] 372223K->372223K(372224K), [Perm : 13531K->13531K(21248K)], 0.1392810 secs] [Times: user=0.14 sys=0.00, real=0.14 secs] 
106.616: Total time for which application threads were stopped: 0.1395640 seconds, Stopping threads took: 0.0000070 seconds
106.616: Application time: 0.0000570 seconds
106.617: [Full GC106.617: [Tenured: 256703K->256703K(256704K), 0.1391670 secs] 372223K->372223K(372224K), [Perm : 13531K->13531K(21248K)], 0.1391980 secs] [Times: user=0.14 sys=0.00, real=0.14 secs] 
106.756: Total time for which application threads were stopped: 0.1394790 seconds, Stopping threads took: 0.0000060 seconds
106.756: Application time: 0.0000560 seconds
106.756: [Full GC106.756: [Tenured: 256703K->256703K(256704K), 0.1392030 secs] 372223K->372223K(372224K), [Perm : 13531K->13531K(21248K)], 0.1392360 secs] [Times: user=0.14 sys=0.00, real=0.14 secs] 
106.895: Total time for which application threads were stopped: 0.1395340 seconds, Stopping threads took: 0.0000060 seconds
106.896: Application time: 0.0000700 seconds
106.896: [Full GC106.896: [Tenured: 256703K->256703K(256704K), 0.1400490 secs] 372223K->372223K(372224K), [Perm : 13531K->13531K(21248K)], 0.1400810 secs] [Times: user=0.14 sys=0.00, real=0.14 secs] 
107.036: Total time for which application threads were stopped: 0.1403620 seconds, Stopping threads took: 0.0000070 seconds
107.036: Application time: 0.0000810 seconds
107.036: [Full GC107.036: [Tenured: 256703K->256703K(256704K), 0.1395820 secs] 372223K->372223K(372224K), [Perm : 13531K->13531K(21248K)], 0.1396130 secs] [Times: user=0.14 sys=0.00, real=0.14 secs] 
107.176: Total time for which application threads were stopped: 0.1398970 seconds, Stopping threads took: 0.0000070 seconds
107.176: Application time: 0.0000480 seconds
107.176: [Full GC107.176: [Tenured: 256703K->256703K(256704K), 0.1391690 secs] 372223K->372223K(372224K), [Perm : 13531K->13531K(21248K)], 0.1392010 secs] [Times: user=0.14 sys=0.00, real=0.14 secs] 
107.315: Total time for which application threads were stopped: 0.1394960 seconds, Stopping threads took: 0.0000180 seconds
107.315: Application time: 0.0000490 seconds
107.316: [Full GC107.316: [Tenured: 256703K->256703K(256704K), 0.1392710 secs] 372223K->372223K(372224K), [Perm : 13531K->13531K(21248K)], 0.1393040 secs] [Times: user=0.14 sys=0.00, real=0.14 secs] 
107.455: Total time for which application threads were stopped: 0.1396130 seconds, Stopping threads took: 0.0000060 seconds
107.455: Application time: 0.0000440 seconds
107.455: [Full GC107.455: [Tenured: 256703K->256703K(256704K), 0.1392170 secs] 372223K->372223K(372224K), [Perm : 13531K->13531K(21248K)], 0.1392560 secs] [Times: user=0.14 sys=0.00, real=0.14 secs] 
107.595: Total time for which application threads were stopped: 0.1395370 seconds, Stopping threads took: 0.0000060 seconds
107.595: Application time: 0.0000420 seconds
107.595: [Full GC107.595: [Tenured: 256703K->256703K(256704K), 0.1393390 secs] 372223K->372223K(372224K), [Perm : 13531K->13531K(21248K)], 0.1393700 secs] [Times: user=0.13 sys=0.00, real=0.14 secs] 
107.734: Total time for which application threads were stopped: 0.1396510 seconds, Stopping threads took: 0.0000060 seconds
107.734: Application time: 0.0000420 seconds
107.735: [Full GC107.735: [Tenured: 256703K->256703K(256704K), 0.1392820 secs] 372223K->372223K(372224K), [Perm : 13531K->13531K(21248K)], 0.1393130 secs] [Times: user=0.13 sys=0.00, real=0.14 secs] 
107.874: Total time for which application threads were stopped: 0.1395920 seconds, Stopping threads took: 0.0000060 seconds
107.874: Application time: 0.0000550 seconds
107.874: [Full GC107.874: [Tenured: 256703K->256703K(256704K), 0.1395370 secs] 372223K->372223K(372224K), [Perm : 13531K->13531K(21248K)], 0.1395690 secs] [Times: user=0.14 sys=0.00, real=0.14 secs] 
108.014: Total time for which application threads were stopped: 0.1398740 seconds, Stopping threads took: 0.0000110 seconds
108.014: Application time: 0.0000450 seconds
108.014: [Full GC108.014: [Tenured: 256703K->256703K(256704K), 0.1391430 secs] 372223K->372223K(372224K), [Perm : 13531K->13531K(21248K)], 0.1391740 secs] [Times: user=0.14 sys=0.00, real=0.14 secs] 
108.153: Total time for which application threads were stopped: 0.1394540 seconds, Stopping threads took: 0.0000060 seconds
108.153: Application time: 0.0000410 seconds
108.154: [Full GC108.154: [Tenured: 256703K->256703K(256704K), 0.1394840 secs] 372223K->372223K(372224K), [Perm : 13531K->13531K(21248K)], 0.1395140 secs] [Times: user=0.14 sys=0.00, real=0.14 secs] 
108.293: Total time for which application threads were stopped: 0.1397950 seconds, Stopping threads took: 0.0000060 seconds
108.293: Application time: 0.0000450 seconds
108.294: [Full GC108.294: [Tenured: 256703K->256703K(256704K), 0.1393940 secs] 372223K->372223K(372224K), [Perm : 13531K->13531K(21248K)], 0.1394240 secs] [Times: user=0.14 sys=0.00, real=0.14 secs] 
108.433: Total time for which application threads were stopped: 0.1397040 seconds, Stopping threads took: 0.0000060 seconds
108.433: Application time: 0.0000430 seconds
108.433: [Full GC108.433: [Tenured: 256703K->256703K(256704K), 0.1400110 secs] 372223K->372223K(372224K), [Perm : 13531K->13531K(21248K)], 0.1400410 secs] [Times: user=0.14 sys=0.00, real=0.14 secs] 
108.573: Total time for which application threads were stopped: 0.1403410 seconds, Stopping threads took: 0.0000090 seconds
108.573: Application time: 0.0000440 seconds
108.574: [Full GC108.574: [Tenured: 256703K->256703K(256704K), 0.1391010 secs] 372223K->372223K(372224K), [Perm : 13531K->13531K(21248K)], 0.1391300 secs] [Times: user=0.14 sys=0.00, real=0.14 secs] 
108.713: Total time for which application threads were stopped: 0.1394140 seconds, Stopping threads took: 0.0000080 seconds
108.713: Application time: 0.0000450 seconds
108.713: [Full GC108.713: [Tenured: 256703K->256703K(256704K), 0.1392290 secs] 372223K->372223K(372224K), [Perm : 13531K->13531K(21248K)], 0.1392580 secs] [Times: user=0.14 sys=0.00, real=0.14 secs] 
108.852: Total time for which application threads were stopped: 0.1395400 seconds, Stopping threads took: 0.0000060 seconds
108.853: Application time: 0.0000370 seconds
108.853: [Full GC108.853: [Tenured: 256703K->256703K(256704K), 0.1395080 secs] 372223K->372223K(372224K), [Perm : 13531K->13531K(21248K)], 0.1395370 secs] [Times: user=0.14 sys=0.00, real=0.14 secs] 
108.992: Total time for which application threads were stopped: 0.1398320 seconds, Stopping threads took: 0.0000080 seconds
108.992: Application time: 0.0000380 seconds
108.993: [Full GC108.993: [Tenured: 256703K->256703K(256704K), 0.1391980 secs] 372223K->372223K(372224K), [Perm : 13531K->13531K(21248K)], 0.1392270 secs] [Times: user=0.14 sys=0.00, real=0.14 secs] 
109.132: Total time for which application threads were stopped: 0.1395360 seconds, Stopping threads took: 0.0000100 seconds
109.132: Application time: 0.0000460 seconds
109.132: [Full GC109.132: [Tenured: 256703K->256703K(256704K), 0.1391430 secs] 372223K->372223K(372224K), [Perm : 13531K->13531K(21248K)], 0.1391740 secs] [Times: user=0.14 sys=0.00, real=0.14 secs] 
109.271: Total time for which application threads were stopped: 0.1394540 seconds, Stopping threads took: 0.0000060 seconds
109.271: Application time: 0.0000540 seconds
109.272: [Full GC109.272: [Tenured: 256703K->256703K(256704K), 0.1396610 secs] 372223K->372223K(372224K), [Perm : 13531K->13531K(21248K)], 0.1396920 secs] [Times: user=0.14 sys=0.00, real=0.14 secs] 
109.411: Total time for which application threads were stopped: 0.1399810 seconds, Stopping threads took: 0.0000050 seconds
109.412: Application time: 0.0000840 seconds
109.412: [Full GC109.412: [Tenured: 256703K->256703K(256704K), 0.1561090 secs] 372223K->372223K(372224K), [Perm : 13531K->13531K(21248K)], 0.1561420 secs] [Times: user=0.16 sys=0.00, real=0.16 secs] 
109.568: Total time for which application threads were stopped: 0.1564300 seconds, Stopping threads took: 0.0000070 seconds
109.568: Application time: 0.0000640 seconds
109.568: [Full GC109.568: [Tenured: 256703K->256703K(256704K), 0.1555000 secs] 372223K->372223K(372224K), [Perm : 13531K->13531K(21248K)], 0.1555310 secs] [Times: user=0.16 sys=0.00, real=0.15 secs] 
109.724: Total time for which application threads were stopped: 0.1558320 seconds, Stopping threads took: 0.0000070 seconds
109.724: Application time: 0.0000970 seconds
109.724: [Full GC109.724: [Tenured: 256703K->256703K(256704K), 0.1554220 secs] 372223K->372223K(372224K), [Perm : 13531K->13531K(21248K)], 0.1554530 secs] [Times: user=0.15 sys=0.00, real=0.16 secs] 
109.880: Total time for which application threads were stopped: 0.1557490 seconds, Stopping threads took: 0.0000190 seconds
109.880: Application time: 0.0000940 seconds
109.880: [Full GC109.880: [Tenured: 256703K->256703K(256704K), 0.1555640 secs] 372223K->372223K(372224K), [Perm : 13531K->13531K(21248K)], 0.1555940 secs] [Times: user=0.16 sys=0.00, real=0.15 secs] 
110.036: Total time for which application threads were stopped: 0.1558890 seconds, Stopping threads took: 0.0000190 seconds
110.036: Application time: 0.0000900 seconds
110.036: [Full GC110.036: [Tenured: 256703K->256703K(256704K), 0.1401210 secs] 372223K->372223K(372224K), [Perm : 13531K->13531K(21248K)], 0.1401530 secs] [Times: user=0.14 sys=0.00, real=0.14 secs] 
110.176: Total time for which application threads were stopped: 0.1404480 seconds, Stopping threads took: 0.0000190 seconds
110.176: Application time: 0.0000740 seconds
110.177: [Full GC110.177: [Tenured: 256703K->256703K(256704K), 0.1554900 secs] 372223K->372223K(372224K), [Perm : 13531K->13531K(21248K)], 0.1555220 secs] [Times: user=0.15 sys=0.00, real=0.16 secs] 
110.332: Total time for which application threads were stopped: 0.1558350 seconds, Stopping threads took: 0.0000190 seconds
110.332: Application time: 0.0001050 seconds
110.333: [Full GC110.333: [Tenured: 256703K->256703K(256704K), 0.1555960 secs] 372223K->372223K(372224K), [Perm : 13531K->13531K(21248K)], 0.1556270 secs] [Times: user=0.16 sys=0.00, real=0.16 secs] 
110.488: Total time for which application threads were stopped: 0.1559240 seconds, Stopping threads took: 0.0000190 seconds
110.488: Application time: 0.0000600 seconds
110.488: [Full GC110.489: [Tenured: 256703K->256703K(256704K), 0.1441700 secs] 372223K->372223K(372224K), [Perm : 13531K->13531K(21248K)], 0.1441980 secs] [Times: user=0.14 sys=0.00, real=0.14 secs] 
110.633: Total time for which application threads were stopped: 0.1444810 seconds, Stopping threads took: 0.0000060 seconds
110.633: Application time: 0.0000520 seconds
110.633: [Full GC110.633: [Tenured: 256703K->256703K(256704K), 0.1396070 secs] 372223K->372223K(372224K), [Perm : 13531K->13531K(21248K)], 0.1396360 secs] [Times: user=0.13 sys=0.00, real=0.14 secs] 
110.773: Total time for which application threads were stopped: 0.1399230 seconds, Stopping threads took: 0.0000050 seconds
110.773: Application time: 0.0000520 seconds
110.773: [Full GC110.773: [Tenured: 256703K->256703K(256704K), 0.1395620 secs] 372223K->372223K(372224K), [Perm : 13531K->13531K(21248K)], 0.1395930 secs] [Times: user=0.14 sys=0.00, real=0.14 secs] 
110.913: Total time for which application threads were stopped: 0.1398880 seconds, Stopping threads took: 0.0000050 seconds
110.913: Application time: 0.0000570 seconds
110.913: [Full GC110.913: [Tenured: 256703K->256703K(256704K), 0.1400110 secs] 372223K->372223K(372224K), [Perm : 13531K->13531K(21248K)], 0.1400420 secs] [Times: user=0.14 sys=0.00, real=0.14 secs] 
111.053: Total time for which application threads were stopped: 0.1403250 seconds, Stopping threads took: 0.0000090 seconds
111.053: Application time: 0.0000520 seconds
111.053: [Full GC111.053: [Tenured: 256703K->256703K(256704K), 0.1398030 secs] 372223K->372223K(372224K), [Perm : 13531K->13531K(21248K)], 0.1398320 secs] [Times: user=0.14 sys=0.00, real=0.14 secs] 
111.193: Total time for which application threads were stopped: 0.1401160 seconds, Stopping threads took: 0.0000110 seconds
111.193: Application time: 0.0000520 seconds
111.194: [Full GC111.194: [Tenured: 256703K->256703K(256704K), 0.1397970 secs] 372223K->372223K(372224K), [Perm : 13531K->13531K(21248K)], 0.1398250 secs] [Times: user=0.14 sys=0.00, real=0.14 secs] 
111.333: Total time for which application threads were stopped: 0.1401080 seconds, Stopping threads took: 0.0000080 seconds
111.333: Application time: 0.0000490 seconds
111.334: [Full GC111.334: [Tenured: 256703K->256703K(256704K), 0.1397820 secs] 372223K->372223K(372224K), [Perm : 13531K->13531K(21248K)], 0.1398090 secs] [Times: user=0.14 sys=0.00, real=0.14 secs] 
111.474: Total time for which application threads were stopped: 0.1401110 seconds, Stopping threads took: 0.0000060 seconds
111.474: Application time: 0.0000480 seconds
111.474: [Full GC111.474: [Tenured: 256703K->256703K(256704K), 0.1423570 secs] 372223K->372223K(372224K), [Perm : 13531K->13531K(21248K)], 0.1423840 secs] [Times: user=0.14 sys=0.00, real=0.14 secs] 
111.616: Total time for which application threads were stopped: 0.1426650 seconds, Stopping threads took: 0.0000060 seconds
111.616: Application time: 0.0000500 seconds
111.617: [Full GC111.617: [Tenured: 256703K->256703K(256704K), 0.1396480 secs] 372223K->372223K(372224K), [Perm : 13531K->13531K(21248K)], 0.1396760 secs] [Times: user=0.14 sys=0.00, real=0.14 secs] 
111.756: Total time for which application threads were stopped: 0.1399560 seconds, Stopping threads took: 0.0000060 seconds
111.756: Application time: 0.0000480 seconds
111.757: [Full GC111.757: [Tenured: 256703K->256703K(256704K), 0.1396910 secs] 372223K->372223K(372224K), [Perm : 13531K->13531K(21248K)], 0.1397200 secs] [Times: user=0.14 sys=0.00, real=0.14 secs] 
111.896: Total time for which application threads were stopped: 0.1399980 seconds, Stopping threads took: 0.0000050 seconds
111.896: Application time: 0.0000460 seconds
111.897: [Full GC111.897: [Tenured: 256703K->256703K(256704K), 0.1400760 secs] 372223K->372223K(372224K), [Perm : 13531K->13531K(21248K)], 0.1401040 secs] [Times: user=0.14 sys=0.00, real=0.14 secs] 
112.037: Total time for which application threads were stopped: 0.1404020 seconds, Stopping threads took: 0.0000090 seconds
112.037: Application time: 0.0000420 seconds
112.037: [Full GC112.037: [Tenured: 256703K->256703K(256704K), 0.1395080 secs] 372223K->372223K(372224K), [Perm : 13531K->13531K(21248K)], 0.1395370 secs] [Times: user=0.14 sys=0.00, real=0.14 secs] 
112.177: Total time for which application threads were stopped: 0.1398180 seconds, Stopping threads took: 0.0000070 seconds
112.177: Application time: 0.0000520 seconds
112.177: [Full GC112.177: [Tenured: 256703K->256703K(256704K), 0.1398360 secs] 372223K->372223K(372224K), [Perm : 13531K->13531K(21248K)], 0.1398640 secs] [Times: user=0.14 sys=0.00, real=0.14 secs] 
112.317: Total time for which application threads were stopped: 0.1401520 seconds, Stopping threads took: 0.0000050 seconds
112.317: Application time: 0.0000530 seconds
112.317: [Full GC112.317: [Tenured: 256703K->256703K(256704K), 0.1398030 secs] 372223K->372223K(372224K), [Perm : 13531K->13531K(21248K)], 0.1398340 secs] [Times: user=0.14 sys=0.00, real=0.14 secs] 
112.457: Total time for which application threads were stopped: 0.1401200 seconds, Stopping threads took: 0.0000060 seconds
112.457: Application time: 0.0000540 seconds
112.457: [Full GC112.457: [Tenured: 256703K->256703K(256704K), 0.1398320 secs] 372223K->372223K(372224K), [Perm : 13531K->13531K(21248K)], 0.1398610 secs] [Times: user=0.14 sys=0.00, real=0.14 secs] 
112.597: Total time for which application threads were stopped: 0.1401600 seconds, Stopping threads took: 0.0000060 seconds
112.597: Application time: 0.0000570 seconds
112.598: [Full GC112.598: [Tenured: 256703K->256703K(256704K), 0.1404130 secs] 372223K->372223K(372224K), [Perm : 13531K->13531K(21248K)], 0.1404420 secs] [Times: user=0.14 sys=0.00, real=0.14 secs] 
112.738: Total time for which application threads were stopped: 0.1407220 seconds, Stopping threads took: 0.0000050 seconds
112.738: Application time: 0.0000600 seconds
112.738: [Full GC112.738: [Tenured: 256703K->256703K(256704K), 0.1441330 secs] 372223K->372223K(372224K), [Perm : 13531K->13531K(21248K)], 0.1441660 secs] [Times: user=0.15 sys=0.00, real=0.15 secs] 
112.882: Total time for which application threads were stopped: 0.1444610 seconds, Stopping threads took: 0.0000070 seconds
112.883: Application time: 0.0000710 seconds
112.883: [Full GC112.883: [Tenured: 256703K->256703K(256704K), 0.1471830 secs] 372223K->372223K(372224K), [Perm : 13531K->13531K(21248K)], 0.1472120 secs] [Times: user=0.14 sys=0.00, real=0.15 secs] 
113.030: Total time for which application threads were stopped: 0.1474950 seconds, Stopping threads took: 0.0000060 seconds
113.030: Application time: 0.0000850 seconds
113.030: [Full GC113.030: [Tenured: 256703K->256703K(256704K), 0.1396620 secs] 372223K->372223K(372224K), [Perm : 13531K->13531K(21248K)], 0.1396950 secs] [Times: user=0.14 sys=0.00, real=0.14 secs] 
113.170: Total time for which application threads were stopped: 0.1400140 seconds, Stopping threads took: 0.0000060 seconds
113.170: Application time: 0.0000780 seconds
113.171: [Full GC113.171: [Tenured: 256703K->256703K(256704K), 0.1552670 secs] 372223K->372223K(372224K), [Perm : 13531K->13531K(21248K)], 0.1552980 secs] [Times: user=0.16 sys=0.00, real=0.15 secs] 
113.326: Total time for which application threads were stopped: 0.1555940 seconds, Stopping threads took: 0.0000190 seconds
113.326: Application time: 0.0000850 seconds
113.326: [Full GC113.326: [Tenured: 256703K->256703K(256704K), 0.1454850 secs] 372223K->372223K(372224K), [Perm : 13531K->13531K(21248K)], 0.1455140 secs] [Times: user=0.15 sys=0.00, real=0.15 secs] 
113.472: Total time for which application threads were stopped: 0.1458090 seconds, Stopping threads took: 0.0000190 seconds
113.472: Application time: 0.0000850 seconds
113.472: [Full GC113.472: [Tenured: 256703K->256703K(256704K), 0.1559680 secs] 372223K->372223K(372224K), [Perm : 13531K->13531K(21248K)], 0.1559980 secs] [Times: user=0.15 sys=0.00, real=0.16 secs] 
113.628: Total time for which application threads were stopped: 0.1562950 seconds, Stopping threads took: 0.0000200 seconds
113.628: Application time: 0.0000830 seconds
113.629: [Full GC113.629: [Tenured: 256703K->256703K(256704K), 0.1558080 secs] 372223K->372223K(372224K), [Perm : 13531K->13531K(21248K)], 0.1558360 secs] [Times: user=0.16 sys=0.00, real=0.15 secs] 
113.784: Total time for which application threads were stopped: 0.1561590 seconds, Stopping threads took: 0.0000190 seconds
113.784: Application time: 0.0000490 seconds
113.785: [Full GC113.785: [Tenured: 256703K->256703K(256704K), 0.1394180 secs] 372223K->372223K(372224K), [Perm : 13531K->13531K(21248K)], 0.1394470 secs] [Times: user=0.14 sys=0.00, real=0.14 secs] 
113.924: Total time for which application threads were stopped: 0.1397390 seconds, Stopping threads took: 0.0000140 seconds
113.924: Application time: 0.0000560 seconds
113.924: [Full GC113.925: [Tenured: 256703K->256703K(256704K), 0.1396450 secs] 372223K->372223K(372224K), [Perm : 13531K->13531K(21248K)], 0.1396810 secs] [Times: user=0.14 sys=0.00, real=0.14 secs] 
114.064: Total time for which application threads were stopped: 0.1399630 seconds, Stopping threads took: 0.0000060 seconds
114.064: Application time: 0.0000490 seconds
114.065: [Full GC114.065: [Tenured: 256703K->256703K(256704K), 0.1393180 secs] 372223K->372223K(372224K), [Perm : 13531K->13531K(21248K)], 0.1393440 secs] [Times: user=0.14 sys=0.00, real=0.14 secs] 
114.204: Total time for which application threads were stopped: 0.1396250 seconds, Stopping threads took: 0.0000080 seconds
114.204: Application time: 0.0000440 seconds
114.204: [Full GC114.204: [Tenured: 256703K->256703K(256704K), 0.1395790 secs] 372223K->372223K(372224K), [Perm : 13531K->13531K(21248K)], 0.1396080 secs] [Times: user=0.14 sys=0.00, real=0.14 secs] 
114.344: Total time for which application threads were stopped: 0.1399270 seconds, Stopping threads took: 0.0000050 seconds
114.344: Application time: 0.0000460 seconds
114.344: [Full GC114.344: [Tenured: 256703K->256703K(256704K), 0.1391420 secs] 372223K->372223K(372224K), [Perm : 13531K->13531K(21248K)], 0.1391720 secs] [Times: user=0.14 sys=0.00, real=0.14 secs] 
114.483: Total time for which application threads were stopped: 0.1394540 seconds, Stopping threads took: 0.0000080 seconds
114.483: Application time: 0.0000500 seconds
114.484: [Full GC114.484: [Tenured: 256703K->256703K(256704K), 0.1397800 secs] 372223K->372223K(372224K), [Perm : 13531K->13531K(21248K)], 0.1398120 secs] [Times: user=0.14 sys=0.00, real=0.14 secs] 
114.624: Total time for which application threads were stopped: 0.1401100 seconds, Stopping threads took: 0.0000070 seconds
114.624: Application time: 0.0000420 seconds
114.624: [Full GC114.624: [Tenured: 256703K->256703K(256704K), 0.1390870 secs] 372223K->372223K(372224K), [Perm : 13531K->13531K(21248K)], 0.1391160 secs] [Times: user=0.14 sys=0.00, real=0.14 secs] 
114.763: Total time for which application threads were stopped: 0.1393980 seconds, Stopping threads took: 0.0000080 seconds
114.763: Application time: 0.0000470 seconds
114.763: [Full GC114.763: [Tenured: 256703K->256703K(256704K), 0.1392510 secs] 372223K->372223K(372224K), [Perm : 13531K->13531K(21248K)], 0.1392810 secs] [Times: user=0.14 sys=0.00, real=0.14 secs] 
114.903: Total time for which application threads were stopped: 0.1395780 seconds, Stopping threads took: 0.0000060 seconds
114.903: Application time: 0.0000460 seconds
114.903: [Full GC114.903: [Tenured: 256703K->256703K(256704K), 0.1396010 secs] 372223K->372223K(372224K), [Perm : 13531K->13531K(21248K)], 0.1396290 secs] [Times: user=0.14 sys=0.00, real=0.14 secs] 
115.043: Total time for which application threads were stopped: 0.1399110 seconds, Stopping threads took: 0.0000090 seconds
115.043: Application time: 0.0000450 seconds
115.043: [Full GC115.043: [Tenured: 256703K->256703K(256704K), 0.1390690 secs] 372223K->372223K(372224K), [Perm : 13531K->13531K(21248K)], 0.1390990 secs] [Times: user=0.14 sys=0.00, real=0.14 secs] 
115.182: Total time for which application threads were stopped: 0.1393790 seconds, Stopping threads took: 0.0000050 seconds
115.182: Application time: 0.0000430 seconds
115.182: [Full GC115.182: [Tenured: 256703K->256703K(256704K), 0.1392350 secs] 372223K->372223K(372224K), [Perm : 13531K->13531K(21248K)], 0.1392630 secs] [Times: user=0.14 sys=0.00, real=0.14 secs] 
115.322: Total time for which application threads were stopped: 0.1395490 seconds, Stopping threads took: 0.0000100 seconds
115.322: Application time: 0.0000460 seconds
115.322: [Full GC115.322: [Tenured: 256703K->256703K(256704K), 0.1392590 secs] 372223K->372223K(372224K), [Perm : 13531K->13531K(21248K)], 0.1392890 secs] [Times: user=0.14 sys=0.00, real=0.14 secs] 
115.461: [Full GC115.461: [Tenured: 256703K->256703K(256704K), 0.1392450 secs] 372223K->372223K(372224K), [Perm : 13531K->13531K(21248K)], 0.1392810 secs] [Times: user=0.14 sys=0.00, real=0.14 secs] 
115.601: Total time for which application threads were stopped: 0.2788950 seconds, Stopping threads took: 0.0000090 seconds
115.601: Application time: 0.0000760 seconds
115.601: [Full GC115.601: [Tenured: 256703K->256703K(256704K), 0.1620310 secs] 372223K->372223K(372224K), [Perm : 13531K->13531K(21248K)], 0.1620700 secs] [Times: user=0.16 sys=0.00, real=0.16 secs] 
115.763: Total time for which application threads were stopped: 0.1623590 seconds, Stopping threads took: 0.0000070 seconds
115.763: Application time: 0.0001000 seconds
115.764: [Full GC115.764: [Tenured: 256703K->256703K(256704K), 0.1665900 secs] 372223K->372223K(372224K), [Perm : 13531K->13531K(21248K)], 0.1666290 secs] [Times: user=0.17 sys=0.00, real=0.17 secs] 
115.930: Total time for which application threads were stopped: 0.1671310 seconds, Stopping threads took: 0.0000190 seconds
115.930: Application time: 0.0000850 seconds
115.931: [Full GC115.931: [Tenured: 256703K->256703K(256704K), 0.1424210 secs] 372223K->372223K(372224K), [Perm : 13531K->13531K(21248K)], 0.1424530 secs] [Times: user=0.14 sys=0.00, real=0.14 secs] 
116.073: Total time for which application threads were stopped: 0.1429600 seconds, Stopping threads took: 0.0000200 seconds
116.073: Application time: 0.0001140 seconds
116.074: [Full GC116.074: [Tenured: 256703K->256703K(256704K), 0.1539950 secs] 372223K->372223K(372224K), [Perm : 13531K->13531K(21248K)], 0.1540260 secs] [Times: user=0.15 sys=0.00, real=0.16 secs] 
116.228: Total time for which application threads were stopped: 0.1543220 seconds, Stopping threads took: 0.0000190 seconds
116.228: Application time: 0.0000600 seconds
116.228: [Full GC116.228: [Tenured: 256703K->256703K(256704K), 0.1547640 secs] 372223K->372223K(372224K), [Perm : 13531K->13531K(21248K)], 0.1547960 secs] [Times: user=0.16 sys=0.00, real=0.15 secs] 
116.383: Total time for which application threads were stopped: 0.1550780 seconds, Stopping threads took: 0.0000060 seconds
116.383: Application time: 0.0000560 seconds
116.383: [Full GC116.383: [Tenured: 256703K->256703K(256704K), 0.1547010 secs] 372223K->372223K(372224K), [Perm : 13531K->13531K(21248K)], 0.1547330 secs] [Times: user=0.15 sys=0.00, real=0.15 secs] 
116.538: Total time for which application threads were stopped: 0.1550170 seconds, Stopping threads took: 0.0000070 seconds
116.538: Application time: 0.0000580 seconds
116.538: [Full GC116.538: [Tenured: 256703K->256703K(256704K), 0.1544380 secs] 372223K->372223K(372224K), [Perm : 13531K->13531K(21248K)], 0.1544690 secs] [Times: user=0.16 sys=0.00, real=0.16 secs] 
116.693: Total time for which application threads were stopped: 0.1547730 seconds, Stopping threads took: 0.0000060 seconds
116.693: Application time: 0.0000450 seconds
116.693: [Full GC116.693: [Tenured: 256703K->256703K(256704K), 0.1546060 secs] 372223K->372223K(372224K), [Perm : 13531K->13531K(21248K)], 0.1546350 secs] [Times: user=0.15 sys=0.00, real=0.16 secs] 
116.848: Total time for which application threads were stopped: 0.1549170 seconds, Stopping threads took: 0.0000090 seconds
116.848: Application time: 0.0000470 seconds
116.848: [Full GC116.848: [Tenured: 256703K->256703K(256704K), 0.1515060 secs] 372223K->372223K(372224K), [Perm : 13531K->13531K(21248K)], 0.1515450 secs] [Times: user=0.16 sys=0.00, real=0.15 secs] 
117.000: Total time for which application threads were stopped: 0.1518280 seconds, Stopping threads took: 0.0000080 seconds
117.000: Application time: 0.0000460 seconds
117.000: [Full GC117.000: [Tenured: 256703K->256703K(256704K), 0.1389960 secs] 372223K->372223K(372224K), [Perm : 13531K->13531K(21248K)], 0.1390270 secs] [Times: user=0.14 sys=0.00, real=0.13 secs] 
117.139: Total time for which application threads were stopped: 0.1393110 seconds, Stopping threads took: 0.0000100 seconds
117.139: Application time: 0.0000440 seconds
117.139: [Full GC117.139: [Tenured: 256703K->256703K(256704K), 0.1389410 secs] 372223K->372223K(372224K), [Perm : 13531K->13531K(21248K)], 0.1389710 secs] [Times: user=0.13 sys=0.00, real=0.14 secs] 
117.278: Total time for which application threads were stopped: 0.1392800 seconds, Stopping threads took: 0.0000110 seconds
117.278: Application time: 0.0000530 seconds
117.279: [Full GC117.279: [Tenured: 256703K->256703K(256704K), 0.1389150 secs] 372223K->372223K(372224K), [Perm : 13531K->13531K(21248K)], 0.1389430 secs] [Times: user=0.14 sys=0.00, real=0.14 secs] 
117.418: Total time for which application threads were stopped: 0.1392210 seconds, Stopping threads took: 0.0000050 seconds
117.418: Application time: 0.0000460 seconds
117.418: [Full GC117.418: [Tenured: 256703K->256703K(256704K), 0.1415920 secs] 372223K->372223K(372224K), [Perm : 13531K->13531K(21248K)], 0.1416280 secs] [Times: user=0.15 sys=0.00, real=0.14 secs] 
117.559: Total time for which application threads were stopped: 0.1419140 seconds, Stopping threads took: 0.0000070 seconds
117.560: Application time: 0.0000730 seconds
117.560: [Full GC117.560: [Tenured: 256703K->256703K(256704K), 0.1398790 secs] 372223K->372223K(372224K), [Perm : 13531K->13531K(21248K)], 0.1399100 secs] [Times: user=0.14 sys=0.00, real=0.14 secs] 
117.700: Total time for which application threads were stopped: 0.1401950 seconds, Stopping threads took: 0.0000070 seconds
117.700: Application time: 0.0000620 seconds
117.700: [Full GC117.700: [Tenured: 256703K->256703K(256704K), 0.1404250 secs] 372223K->372223K(372224K), [Perm : 13531K->13531K(21248K)], 0.1404550 secs] [Times: user=0.14 sys=0.00, real=0.14 secs] 
117.841: Total time for which application threads were stopped: 0.1407540 seconds, Stopping threads took: 0.0000070 seconds
117.841: Application time: 0.0000810 seconds
117.841: [Full GC117.841: [Tenured: 256703K->256703K(256704K), 0.1394370 secs] 372223K->372223K(372224K), [Perm : 13531K->13531K(21248K)], 0.1394670 secs] [Times: user=0.14 sys=0.00, real=0.14 secs] 
117.980: Total time for which application threads were stopped: 0.1397500 seconds, Stopping threads took: 0.0000070 seconds
117.980: Application time: 0.0000750 seconds
117.981: [Full GC117.981: [Tenured: 256703K->256703K(256704K), 0.1391440 secs] 372223K->372223K(372224K), [Perm : 13531K->13531K(21248K)], 0.1391760 secs] [Times: user=0.14 sys=0.00, real=0.14 secs] 
118.120: Total time for which application threads were stopped: 0.1394660 seconds, Stopping threads took: 0.0000070 seconds
118.120: Application time: 0.0000550 seconds
118.120: [Full GC118.120: [Tenured: 256703K->256703K(256704K), 0.1390680 secs] 372223K->372223K(372224K), [Perm : 13531K->13531K(21248K)], 0.1391010 secs] [Times: user=0.14 sys=0.00, real=0.13 secs] 
118.259: Total time for which application threads were stopped: 0.1393850 seconds, Stopping threads took: 0.0000070 seconds
118.259: Application time: 0.0000580 seconds
118.260: [Full GC118.260: [Tenured: 256703K->256703K(256704K), 0.1390340 secs] 372223K->372223K(372224K), [Perm : 13531K->13531K(21248K)], 0.1390660 secs] [Times: user=0.14 sys=0.00, real=0.13 secs] 
118.399: Total time for which application threads were stopped: 0.1393750 seconds, Stopping threads took: 0.0000070 seconds
118.399: Application time: 0.0000770 seconds
118.399: [Full GC118.399: [Tenured: 256703K->256703K(256704K), 0.1390630 secs] 372223K->372223K(372224K), [Perm : 13531K->13531K(21248K)], 0.1390970 secs] [Times: user=0.14 sys=0.00, real=0.14 secs] 
118.538: Total time for which application threads were stopped: 0.1393800 seconds, Stopping threads took: 0.0000060 seconds
118.538: Application time: 0.0000580 seconds
118.539: [Full GC118.539: [Tenured: 256703K->256703K(256704K), 0.1390690 secs] 372223K->372223K(372224K), [Perm : 13531K->13531K(21248K)], 0.1391010 secs] [Times: user=0.13 sys=0.00, real=0.14 secs] 
118.678: Total time for which application threads were stopped: 0.1393830 seconds, Stopping threads took: 0.0000070 seconds
118.678: Application time: 0.0000530 seconds
118.678: [Full GC118.678: [Tenured: 256703K->256703K(256704K), 0.1390970 secs] 372223K->372223K(372224K), [Perm : 13531K->13531K(21248K)], 0.1391270 secs] [Times: user=0.13 sys=0.00, real=0.14 secs] 
118.817: Total time for which application threads were stopped: 0.1394170 seconds, Stopping threads took: 0.0000060 seconds
118.817: Application time: 0.0000390 seconds
118.817: [Full GC118.818: [Tenured: 256703K->256703K(256704K), 0.1391210 secs] 372223K->372223K(372224K), [Perm : 13531K->13531K(21248K)], 0.1391510 secs] [Times: user=0.14 sys=0.00, real=0.14 secs] 
118.957: Total time for which application threads were stopped: 0.1394510 seconds, Stopping threads took: 0.0000090 seconds
118.957: Application time: 0.0000400 seconds
118.957: [Full GC118.957: [Tenured: 256703K->256703K(256704K), 0.1402020 secs] 372223K->372223K(372224K), [Perm : 13531K->13531K(21248K)], 0.1402310 secs] [Times: user=0.14 sys=0.00, real=0.14 secs] 
119.097: Total time for which application threads were stopped: 0.1405160 seconds, Stopping threads took: 0.0000100 seconds
119.097: Application time: 0.0000350 seconds
119.098: [Full GC119.098: [Tenured: 256703K->256703K(256704K), 0.1390880 secs] 372223K->372223K(372224K), [Perm : 13531K->13531K(21248K)], 0.1391180 secs] [Times: user=0.14 sys=0.00, real=0.14 secs] 
119.237: Total time for which application threads were stopped: 0.1394030 seconds, Stopping threads took: 0.0000100 seconds
119.237: Application time: 0.0000370 seconds
119.237: [Full GC119.237: [Tenured: 256703K->256703K(256704K), 0.1392800 secs] 372223K->372223K(372224K), [Perm : 13531K->13531K(21248K)], 0.1393080 secs] [Times: user=0.14 sys=0.00, real=0.14 secs] 
119.376: Total time for which application threads were stopped: 0.1395900 seconds, Stopping threads took: 0.0000090 seconds
119.376: Application time: 0.0000370 seconds
119.377: [Full GC119.377: [Tenured: 256703K->256703K(256704K), 0.1391270 secs] 372223K->372223K(372224K), [Perm : 13531K->13531K(21248K)], 0.1391580 secs] [Times: user=0.14 sys=0.00, real=0.14 secs] 
119.516: Total time for which application threads were stopped: 0.1394580 seconds, Stopping threads took: 0.0000080 seconds
119.516: Application time: 0.0000380 seconds
119.516: [Full GC119.516: [Tenured: 256703K->256703K(256704K), 0.1390930 secs] 372223K->372223K(372224K), [Perm : 13531K->13531K(21248K)], 0.1391230 secs] [Times: user=0.14 sys=0.00, real=0.14 secs] 
119.655: Total time for which application threads were stopped: 0.1394230 seconds, Stopping threads took: 0.0000080 seconds
119.655: Application time: 0.0000370 seconds
119.656: [Full GC119.656: [Tenured: 256703K->256703K(256704K), 0.1391020 secs] 372223K->372223K(372224K), [Perm : 13531K->13531K(21248K)], 0.1391330 secs] [Times: user=0.14 sys=0.00, real=0.14 secs] 
119.795: Total time for which application threads were stopped: 0.1394310 seconds, Stopping threads took: 0.0000120 seconds
119.795: Application time: 0.0000370 seconds
119.795: [Full GC119.795: [Tenured: 256703K->256703K(256704K), 0.1391530 secs] 372223K->372223K(372224K), [Perm : 13531K->13531K(21248K)], 0.1391840 secs] [Times: user=0.14 sys=0.00, real=0.14 secs] 
119.934: [Full GC119.934: [Tenured: 256703K->256703K(256704K), 0.1392560 secs] 372223K->372223K(372224K), [Perm : 13531K->13531K(21248K)], 0.1392850 secs] [Times: user=0.14 sys=0.00, real=0.14 secs] 
120.074: Total time for which application threads were stopped: 0.2787800 seconds, Stopping threads took: 0.0000100 seconds
120.074: Application time: 0.0000480 seconds
120.074: [Full GC120.074: [Tenured: 256703K->256703K(256704K), 0.1391020 secs] 372223K->372223K(372224K), [Perm : 13531K->13531K(21248K)], 0.1391320 secs] [Times: user=0.14 sys=0.00, real=0.14 secs] 
120.213: Total time for which application threads were stopped: 0.1394400 seconds, Stopping threads took: 0.0000160 seconds
120.213: Application time: 0.0000440 seconds
120.213: [Full GC120.213: [Tenured: 256703K->256703K(256704K), 0.1556930 secs] 372223K->372223K(372224K), [Perm : 13531K->13531K(21248K)], 0.1557280 secs] [Times: user=0.16 sys=0.00, real=0.16 secs] 
120.369: Total time for which application threads were stopped: 0.1560180 seconds, Stopping threads took: 0.0000090 seconds
120.369: Application time: 0.0000760 seconds
120.370: [Full GC120.370: [Tenured: 256703K->256703K(256704K), 0.1650600 secs] 372223K->372223K(372224K), [Perm : 13531K->13531K(21248K)], 0.1651060 secs] [Times: user=0.16 sys=0.00, real=0.16 secs] 
120.535: Total time for which application threads were stopped: 0.1655950 seconds, Stopping threads took: 0.0000190 seconds
120.535: Application time: 0.0000670 seconds
120.535: [Full GC120.535: [Tenured: 256703K->256703K(256704K), 0.1398570 secs] 372223K->372223K(372224K), [Perm : 13531K->13531K(21248K)], 0.1398870 secs] [Times: user=0.14 sys=0.00, real=0.14 secs] 
120.675: Total time for which application threads were stopped: 0.1403620 seconds, Stopping threads took: 0.0000070 seconds
120.675: Application time: 0.0000500 seconds
120.676: [Full GC120.676: [Tenured: 256704K->256704K(256704K), 0.1395590 secs] 372223K->372223K(372224K), [Perm : 13531K->13531K(21248K)], 0.1395900 secs] [Times: user=0.14 sys=0.00, real=0.14 secs] 
120.815: Total time for which application threads were stopped: 0.1398980 seconds, Stopping threads took: 0.0000050 seconds
120.815: Application time: 0.0000550 seconds
120.815: [Full GC120.815: [Tenured: 256704K->256704K(256704K), 0.1395730 secs] 372224K->372223K(372224K), [Perm : 13531K->13531K(21248K)], 0.1396020 secs] [Times: user=0.14 sys=0.00, real=0.14 secs] 
120.955: Total time for which application threads were stopped: 0.1398820 seconds, Stopping threads took: 0.0000060 seconds
120.955: Application time: 0.0000490 seconds
120.955: [Full GC120.955: [Tenured: 256704K->256703K(256704K), 0.1395770 secs] 372223K->372223K(372224K), [Perm : 13531K->13531K(21248K)], 0.1396070 secs] [Times: user=0.14 sys=0.00, real=0.14 secs] 
121.095: Total time for which application threads were stopped: 0.1398870 seconds, Stopping threads took: 0.0000050 seconds
121.095: Application time: 0.0000660 seconds
121.095: [Full GC121.095: [Tenured: 256703K->256703K(256704K), 0.1394010 secs] 372223K->372223K(372224K), [Perm : 13531K->13531K(21248K)], 0.1394320 secs] [Times: user=0.14 sys=0.00, real=0.14 secs] 
121.235: Total time for which application threads were stopped: 0.1397130 seconds, Stopping threads took: 0.0000080 seconds
121.235: Application time: 0.0000620 seconds
121.235: [Full GC121.235: [Tenured: 256703K->256703K(256704K), 0.1392740 secs] 372223K->372223K(372224K), [Perm : 13531K->13531K(21248K)], 0.1393030 secs] [Times: user=0.14 sys=0.00, real=0.14 secs] 
121.374: Total time for which application threads were stopped: 0.1396010 seconds, Stopping threads took: 0.0000090 seconds
121.375: Application time: 0.0000590 seconds
121.375: [Full GC121.375: [Tenured: 256704K->256704K(256704K), 0.1393310 secs] 372224K->372223K(372224K), [Perm : 13531K->13531K(21248K)], 0.1393600 secs] [Times: user=0.14 sys=0.00, real=0.14 secs] 
121.514: Total time for which application threads were stopped: 0.1396440 seconds, Stopping threads took: 0.0000070 seconds
121.514: Application time: 0.0000560 seconds
121.514: [Full GC121.515: [Tenured: 256704K->256704K(256704K), 0.1393690 secs] 372224K->372222K(372224K), [Perm : 13531K->13531K(21248K)], 0.1394000 secs] [Times: user=0.14 sys=0.00, real=0.14 secs] 
121.654: Total time for which application threads were stopped: 0.1396810 seconds, Stopping threads took: 0.0000050 seconds
121.654: Application time: 0.0000600 seconds
121.654: [Full GC121.654: [Tenured: 256704K->256704K(256704K), 0.1413560 secs] 372223K->372223K(372224K), [Perm : 13531K->13531K(21248K)], 0.1413880 secs] [Times: user=0.14 sys=0.00, real=0.14 secs] 
121.796: Total time for which application threads were stopped: 0.1416690 seconds, Stopping threads took: 0.0000070 seconds
121.796: Application time: 0.0000760 seconds
121.796: [Full GC121.796: [Tenured: 256704K->256704K(256704K), 0.1546970 secs] 372223K->372222K(372224K), [Perm : 13531K->13531K(21248K)], 0.1547300 secs] [Times: user=0.15 sys=0.00, real=0.16 secs] 
121.951: Total time for which application threads were stopped: 0.1550470 seconds, Stopping threads took: 0.0000190 seconds
121.951: Application time: 0.0000770 seconds
121.951: [Full GC121.951: [Tenured: 256704K->256704K(256704K), 0.1404030 secs] 372223K->372223K(372224K), [Perm : 13531K->13531K(21248K)], 0.1404410 secs] [Times: user=0.14 sys=0.00, real=0.14 secs] 
122.092: Total time for which application threads were stopped: 0.1407360 seconds, Stopping threads took: 0.0000180 seconds
122.092: Application time: 0.0000720 seconds
122.092: [Full GC122.092: [Tenured: 256704K->256704K(256704K), 0.1415440 secs] 372223K->372222K(372224K), [Perm : 13531K->13531K(21248K)], 0.1415770 secs] [Times: user=0.14 sys=0.00, real=0.14 secs] 
122.234: Total time for which application threads were stopped: 0.1418720 seconds, Stopping threads took: 0.0000060 seconds
122.234: Application time: 0.0000830 seconds
122.234: [Full GC122.234: [Tenured: 256704K->256704K(256704K), 0.1407390 secs] 372223K->372222K(372224K), [Perm : 13531K->13531K(21248K)], 0.1407700 secs] [Times: user=0.14 sys=0.00, real=0.14 secs] 
122.375: Total time for which application threads were stopped: 0.1410560 seconds, Stopping threads took: 0.0000070 seconds
122.375: Application time: 0.0000730 seconds
122.375: [Full GC122.375: [Tenured: 256704K->256704K(256704K), 0.1548480 secs] 372223K->372223K(372224K), [Perm : 13531K->13531K(21248K)], 0.1548800 secs] [Times: user=0.16 sys=0.00, real=0.16 secs] 
122.530: Total time for which application threads were stopped: 0.1551850 seconds, Stopping threads took: 0.0000070 seconds
122.530: Application time: 0.0000910 seconds
122.530: [Full GC122.530: [Tenured: 256704K->256704K(256704K), 0.1547300 secs] 372223K->372223K(372224K), [Perm : 13531K->13531K(21248K)], 0.1547640 secs] [Times: user=0.16 sys=0.00, real=0.15 secs] 
122.685: Total time for which application threads were stopped: 0.1550550 seconds, Stopping threads took: 0.0000060 seconds
122.685: Application time: 0.0000910 seconds
122.685: [Full GC122.685: [Tenured: 256704K->256703K(256704K), 0.1565680 secs] 372223K->372223K(372224K), [Perm : 13531K->13531K(21248K)], 0.1566040 secs] [Times: user=0.15 sys=0.00, real=0.16 secs] 
122.842: Total time for which application threads were stopped: 0.1569100 seconds, Stopping threads took: 0.0000200 seconds
122.842: Application time: 0.0000710 seconds
122.843: [Full GC122.843: [Tenured: 256704K->256704K(256704K), 0.1411600 secs] 372223K->372223K(372224K), [Perm : 13531K->13531K(21248K)], 0.1411890 secs] [Times: user=0.14 sys=0.00, real=0.14 secs] 
122.984: Total time for which application threads were stopped: 0.1416620 seconds, Stopping threads took: 0.0000080 seconds
122.984: Application time: 0.0000710 seconds
122.984: [Full GC122.984: [Tenured: 256704K->256704K(256704K), 0.1392030 secs] 372223K->372223K(372224K), [Perm : 13531K->13531K(21248K)], 0.1392350 secs] [Times: user=0.14 sys=0.00, real=0.14 secs] 
123.123: Total time for which application threads were stopped: 0.1395430 seconds, Stopping threads took: 0.0000150 seconds
123.124: Application time: 0.0000850 seconds
123.124: [Full GC123.124: [Tenured: 256704K->256704K(256704K), 0.1407620 secs] 372223K->372223K(372224K), [Perm : 13531K->13531K(21248K)], 0.1407940 secs] [Times: user=0.14 sys=0.00, real=0.14 secs] 
123.265: Total time for which application threads were stopped: 0.1410780 seconds, Stopping threads took: 0.0000070 seconds
123.265: Application time: 0.0000560 seconds
123.265: [Full GC123.265: [Tenured: 256704K->256703K(256704K), 0.1650010 secs] 372223K->372223K(372224K), [Perm : 13531K->13531K(21248K)], 0.1650380 secs] [Times: user=0.16 sys=0.00, real=0.17 secs] 
123.430: Total time for which application threads were stopped: 0.1653480 seconds, Stopping threads took: 0.0000070 seconds
123.430: Application time: 0.0000670 seconds
123.431: [Full GC123.431: [Tenured: 256703K->256703K(256704K), 0.1397170 secs] 372223K->372223K(372224K), [Perm : 13531K->13531K(21248K)], 0.1397490 secs] [Times: user=0.14 sys=0.00, real=0.14 secs] 
123.570: Total time for which application threads were stopped: 0.1402290 seconds, Stopping threads took: 0.0000120 seconds
123.570: Application time: 0.0000700 seconds
123.571: [Full GC123.571: [Tenured: 256703K->256703K(256704K), 0.1424290 secs] 372223K->372223K(372224K), [Perm : 13531K->13531K(21248K)], 0.1424690 secs] [Times: user=0.14 sys=0.00, real=0.14 secs] 
123.713: Total time for which application threads were stopped: 0.1427720 seconds, Stopping threads took: 0.0000080 seconds
123.713: Application time: 0.0000680 seconds
123.714: [Full GC123.714: [Tenured: 256703K->256703K(256704K), 0.1398050 secs] 372223K->372223K(372224K), [Perm : 13531K->13531K(21248K)], 0.1398380 secs] [Times: user=0.14 sys=0.00, real=0.14 secs] 
123.853: Total time for which application threads were stopped: 0.1401250 seconds, Stopping threads took: 0.0000100 seconds
123.853: Application time: 0.0000550 seconds
123.854: [Full GC123.854: [Tenured: 256703K->256703K(256704K), 0.1397440 secs] 372223K->372223K(372224K), [Perm : 13531K->13531K(21248K)], 0.1397740 secs] [Times: user=0.14 sys=0.00, real=0.14 secs] 
123.993: Total time for which application threads were stopped: 0.1400530 seconds, Stopping threads took: 0.0000060 seconds
123.994: Application time: 0.0000560 seconds
123.994: [Full GC123.994: [Tenured: 256703K->256703K(256704K), 0.1396030 secs] 372223K->372223K(372224K), [Perm : 13531K->13531K(21248K)], 0.1396330 secs] [Times: user=0.14 sys=0.00, real=0.14 secs] 
124.133: Total time for which application threads were stopped: 0.1399200 seconds, Stopping threads took: 0.0000130 seconds
124.134: Application time: 0.0000580 seconds
124.134: [Full GC124.134: [Tenured: 256703K->256703K(256704K), 0.1397730 secs] 372223K->372223K(372224K), [Perm : 13531K->13531K(21248K)], 0.1398010 secs] [Times: user=0.13 sys=0.00, real=0.14 secs] 
124.274: Total time for which application threads were stopped: 0.1401050 seconds, Stopping threads took: 0.0000090 seconds
124.274: Application time: 0.0000520 seconds
124.274: [Full GC124.274: [Tenured: 256703K->256703K(256704K), 0.1394130 secs] 372223K->372223K(372224K), [Perm : 13531K->13531K(21248K)], 0.1394410 secs] [Times: user=0.13 sys=0.00, real=0.14 secs] 
124.413: Total time for which application threads were stopped: 0.1397240 seconds, Stopping threads took: 0.0000100 seconds
124.413: Application time: 0.0000490 seconds
124.414: [Full GC124.414: [Tenured: 256703K->256703K(256704K), 0.1395070 secs] 372223K->372223K(372224K), [Perm : 13531K->13531K(21248K)], 0.1395360 secs] [Times: user=0.13 sys=0.00, real=0.14 secs] 
124.553: Total time for which application threads were stopped: 0.1398190 seconds, Stopping threads took: 0.0000080 seconds
124.553: Application time: 0.0000520 seconds
124.554: [Full GC124.554: [Tenured: 256704K->256704K(256704K), 0.1397380 secs] 372223K->372223K(372224K), [Perm : 13531K->13531K(21248K)], 0.1397670 secs] [Times: user=0.13 sys=0.00, real=0.14 secs] 
124.693: Total time for which application threads were stopped: 0.1400500 seconds, Stopping threads took: 0.0000080 seconds
124.693: Application time: 0.0000620 seconds
124.694: [Full GC124.694: [Tenured: 256704K->256704K(256704K), 0.1400220 secs] 372223K->372223K(372224K), [Perm : 13531K->13531K(21248K)], 0.1400510 secs] [Times: user=0.14 sys=0.00, real=0.14 secs] 
124.834: Total time for which application threads were stopped: 0.1403480 seconds, Stopping threads took: 0.0000050 seconds
124.834: Application time: 0.0000520 seconds
124.834: [Full GC124.834: [Tenured: 256704K->256704K(256704K), 0.1395940 secs] 372223K->372223K(372224K), [Perm : 13531K->13531K(21248K)], 0.1396240 secs] [Times: user=0.14 sys=0.00, real=0.14 secs] 
124.974: Total time for which application threads were stopped: 0.1399050 seconds, Stopping threads took: 0.0000060 seconds
124.974: Application time: 0.0000670 seconds
124.974: [Full GC124.974: [Tenured: 256704K->256703K(256704K), 0.1627560 secs] 372224K->372223K(372224K), [Perm : 13531K->13531K(21248K)], 0.1627910 secs] [Times: user=0.16 sys=0.00, real=0.16 secs] 
125.137: Total time for which application threads were stopped: 0.1630850 seconds, Stopping threads took: 0.0000130 seconds
125.137: Application time: 0.0000740 seconds
125.137: [Full GC125.137: [Tenured: 256703K->256703K(256704K), 0.1398210 secs] 372223K->372223K(372224K), [Perm : 13531K->13531K(21248K)], 0.1398590 secs] [Times: user=0.14 sys=0.00, real=0.14 secs] 
125.277: Total time for which application threads were stopped: 0.1403400 seconds, Stopping threads took: 0.0000190 seconds
125.277: Application time: 0.0000560 seconds
125.278: [Full GC125.278: [Tenured: 256703K->256703K(256704K), 0.1397580 secs] 372223K->372223K(372224K), [Perm : 13531K->13531K(21248K)], 0.1397890 secs] [Times: user=0.14 sys=0.00, real=0.14 secs] 
125.417: Total time for which application threads were stopped: 0.1400900 seconds, Stopping threads took: 0.0000080 seconds
125.418: Application time: 0.0000580 seconds
125.418: [Full GC125.418: [Tenured: 256703K->256703K(256704K), 0.1399540 secs] 372223K->372223K(372224K), [Perm : 13531K->13531K(21248K)], 0.1399850 secs] [Times: user=0.14 sys=0.00, real=0.14 secs] 
125.558: Total time for which application threads were stopped: 0.1402660 seconds, Stopping threads took: 0.0000050 seconds
125.558: Application time: 0.0000540 seconds
125.558: [Full GC125.558: [Tenured: 256703K->256703K(256704K), 0.1648490 secs] 372223K->372223K(372224K), [Perm : 13531K->13531K(21248K)], 0.1648830 secs] [Times: user=0.17 sys=0.00, real=0.17 secs] 
125.723: Total time for which application threads were stopped: 0.1651720 seconds, Stopping threads took: 0.0000080 seconds
125.723: Application time: 0.0000630 seconds
125.724: [Full GC125.724: [Tenured: 256704K->256704K(256704K), 0.1399150 secs] 372223K->372223K(372224K), [Perm : 13531K->13531K(21248K)], 0.1399460 secs] [Times: user=0.14 sys=0.00, real=0.14 secs] 
125.864: Total time for which application threads were stopped: 0.1404350 seconds, Stopping threads took: 0.0000060 seconds
125.864: Application time: 0.0000400 seconds
125.864: [Full GC125.864: [Tenured: 256704K->256704K(256704K), 0.1399850 secs] 372223K->372223K(372224K), [Perm : 13531K->13531K(21248K)], 0.1400150 secs] [Times: user=0.14 sys=0.00, real=0.14 secs] 
126.004: Total time for which application threads were stopped: 0.1403130 seconds, Stopping threads took: 0.0000080 seconds
126.004: Application time: 0.0000540 seconds
126.004: [Full GC126.004: [Tenured: 256704K->256704K(256704K), 0.1397850 secs] 372223K->372223K(372224K), [Perm : 13531K->13531K(21248K)], 0.1398130 secs] [Times: user=0.14 sys=0.00, real=0.14 secs] 
126.144: Total time for which application threads were stopped: 0.1400940 seconds, Stopping threads took: 0.0000050 seconds
126.144: Application time: 0.0000540 seconds
126.144: [Full GC126.144: [Tenured: 256704K->256704K(256704K), 0.1399070 secs] 372223K->372223K(372224K), [Perm : 13531K->13531K(21248K)], 0.1399340 secs] [Times: user=0.14 sys=0.00, real=0.14 secs] 
126.284: Total time for which application threads were stopped: 0.1402150 seconds, Stopping threads took: 0.0000070 seconds
126.284: Application time: 0.0000480 seconds
126.285: [Full GC126.285: [Tenured: 256704K->256704K(256704K), 0.1398880 secs] 372223K->372223K(372224K), [Perm : 13531K->13531K(21248K)], 0.1399170 secs] [Times: user=0.14 sys=0.00, real=0.14 secs] 
126.425: Total time for which application threads were stopped: 0.1401990 seconds, Stopping threads took: 0.0000070 seconds
126.425: Application time: 0.0000510 seconds
126.425: [Full GC126.425: [Tenured: 256704K->256704K(256704K), 0.1397420 secs] 372223K->372223K(372224K), [Perm : 13531K->13531K(21248K)], 0.1397700 secs] [Times: user=0.14 sys=0.00, real=0.14 secs] 
126.565: Total time for which application threads were stopped: 0.1400750 seconds, Stopping threads took: 0.0000080 seconds
126.565: Application time: 0.0000460 seconds
126.565: [Full GC126.565: [Tenured: 256704K->256704K(256704K), 0.1424970 secs] 372223K->372223K(372224K), [Perm : 13531K->13531K(21248K)], 0.1425260 secs] [Times: user=0.14 sys=0.00, real=0.14 secs] 
126.708: Total time for which application threads were stopped: 0.1428220 seconds, Stopping threads took: 0.0000080 seconds
126.708: Application time: 0.0000620 seconds
126.708: [Full GC126.708: [Tenured: 256704K->256704K(256704K), 0.1398020 secs] 372223K->372223K(372224K), [Perm : 13531K->13531K(21248K)], 0.1398320 secs] [Times: user=0.14 sys=0.00, real=0.14 secs] 
126.848: Total time for which application threads were stopped: 0.1401170 seconds, Stopping threads took: 0.0000050 seconds
126.848: Application time: 0.0000600 seconds
126.848: [Full GC126.848: [Tenured: 256704K->256704K(256704K), 0.1401850 secs] 372223K->372222K(372224K), [Perm : 13531K->13531K(21248K)], 0.1402140 secs] [Times: user=0.14 sys=0.00, real=0.14 secs] 
126.988: Total time for which application threads were stopped: 0.1404950 seconds, Stopping threads took: 0.0000060 seconds
126.988: Application time: 0.0000570 seconds
126.989: [Full GC126.989: [Tenured: 256704K->256704K(256704K), 0.1398080 secs] 372224K->372223K(372224K), [Perm : 13531K->13531K(21248K)], 0.1398370 secs] [Times: user=0.14 sys=0.00, real=0.14 secs] 
127.128: Total time for which application threads were stopped: 0.1401360 seconds, Stopping threads took: 0.0000080 seconds
127.129: Application time: 0.0000500 seconds
127.129: [Full GC127.129: [Tenured: 256704K->256704K(256704K), 0.1401710 secs] 372223K->372223K(372224K), [Perm : 13531K->13531K(21248K)], 0.1402010 secs] [Times: user=0.14 sys=0.00, real=0.14 secs] 
127.269: Total time for which application threads were stopped: 0.1404810 seconds, Stopping threads took: 0.0000060 seconds
127.269: Application time: 0.0000590 seconds
127.269: [Full GC127.269: [Tenured: 256704K->256704K(256704K), 0.1398690 secs] 372223K->372223K(372224K), [Perm : 13531K->13531K(21248K)], 0.1398990 secs] [Times: user=0.14 sys=0.00, real=0.14 secs] 
127.409: Total time for which application threads were stopped: 0.1401780 seconds, Stopping threads took: 0.0000050 seconds
127.409: Application time: 0.0000550 seconds
127.410: [Full GC127.410: [Tenured: 256704K->256704K(256704K), 0.1397800 secs] 372223K->372223K(372224K), [Perm : 13531K->13531K(21248K)], 0.1398090 secs] [Times: user=0.14 sys=0.00, real=0.14 secs] 
127.549: Total time for which application threads were stopped: 0.1400850 seconds, Stopping threads took: 0.0000050 seconds
127.549: Application time: 0.0000500 seconds
127.550: [Full GC127.550: [Tenured: 256704K->256704K(256704K), 0.1399780 secs] 372223K->372223K(372224K), [Perm : 13531K->13531K(21248K)], 0.1400130 secs] [Times: user=0.14 sys=0.00, real=0.14 secs] 
127.690: Total time for which application threads were stopped: 0.1403110 seconds, Stopping threads took: 0.0000050 seconds
127.690: Application time: 0.0000620 seconds
127.690: [Full GC127.690: [Tenured: 256704K->256704K(256704K), 0.1403080 secs] 372223K->372223K(372224K), [Perm : 13531K->13531K(21248K)], 0.1403380 secs] [Times: user=0.14 sys=0.00, real=0.14 secs] 
127.830: Total time for which application threads were stopped: 0.1406210 seconds, Stopping threads took: 0.0000060 seconds
127.830: Application time: 0.0000640 seconds
127.831: [Full GC127.831: [Tenured: 256704K->256704K(256704K), 0.1396980 secs] 372223K->372223K(372224K), [Perm : 13531K->13531K(21248K)], 0.1397280 secs] [Times: user=0.14 sys=0.00, real=0.14 secs] 
127.971: Total time for which application threads were stopped: 0.1400110 seconds, Stopping threads took: 0.0000060 seconds
127.971: Application time: 0.0000560 seconds
127.971: [Full GC127.971: [Tenured: 256704K->256704K(256704K), 0.1398470 secs] 372223K->372223K(372224K), [Perm : 13531K->13531K(21248K)], 0.1398770 secs] [Times: user=0.14 sys=0.00, real=0.14 secs] 
128.111: Total time for which application threads were stopped: 0.1401560 seconds, Stopping threads took: 0.0000060 seconds
128.111: Application time: 0.0000550 seconds
128.111: [Full GC128.111: [Tenured: 256704K->256704K(256704K), 0.1424730 secs] 372223K->372223K(372224K), [Perm : 13531K->13531K(21248K)], 0.1425020 secs] [Times: user=0.15 sys=0.00, real=0.14 secs] 
128.254: Total time for which application threads were stopped: 0.1428110 seconds, Stopping threads took: 0.0000050 seconds
128.254: Application time: 0.0000510 seconds
128.254: [Full GC128.254: [Tenured: 256704K->256704K(256704K), 0.1396410 secs] 372224K->372223K(372224K), [Perm : 13531K->13531K(21248K)], 0.1396710 secs] [Times: user=0.14 sys=0.00, real=0.14 secs] 
128.394: Total time for which application threads were stopped: 0.1399570 seconds, Stopping threads took: 0.0000050 seconds
128.394: Application time: 0.0000500 seconds
128.394: [Full GC128.394: [Tenured: 256704K->256704K(256704K), 0.1397530 secs] 372224K->372223K(372224K), [Perm : 13531K->13531K(21248K)], 0.1397840 secs] [Times: user=0.14 sys=0.00, real=0.14 secs] 
128.534: Total time for which application threads were stopped: 0.1400630 seconds, Stopping threads took: 0.0000050 seconds
128.534: Application time: 0.0000510 seconds
128.534: [Full GC128.534: [Tenured: 256704K->256704K(256704K), 0.1395690 secs] 372223K->372223K(372224K), [Perm : 13531K->13531K(21248K)], 0.1395990 secs] [Times: user=0.14 sys=0.00, real=0.14 secs] 
128.674: Total time for which application threads were stopped: 0.1398790 seconds, Stopping threads took: 0.0000050 seconds
128.674: Application time: 0.0000610 seconds
128.674: [Full GC128.674: [Tenured: 256704K->256704K(256704K), 0.1394670 secs] 372223K->372223K(372224K), [Perm : 13531K->13531K(21248K)], 0.1394970 secs] [Times: user=0.14 sys=0.00, real=0.14 secs] 
128.813: Total time for which application threads were stopped: 0.1397920 seconds, Stopping threads took: 0.0000060 seconds
128.814: Application time: 0.0000500 seconds
128.814: [Full GC128.814: [Tenured: 256704K->256704K(256704K), 0.1395250 secs] 372223K->372223K(372224K), [Perm : 13531K->13531K(21248K)], 0.1395550 secs] [Times: user=0.14 sys=0.00, real=0.14 secs] 
128.953: Total time for which application threads were stopped: 0.1398350 seconds, Stopping threads took: 0.0000080 seconds
128.953: Application time: 0.0000480 seconds
128.954: [Full GC128.954: [Tenured: 256704K->256704K(256704K), 0.1403050 secs] 372223K->372223K(372224K), [Perm : 13531K->13531K(21248K)], 0.1403340 secs] [Times: user=0.14 sys=0.00, real=0.14 secs] 
129.094: Total time for which application threads were stopped: 0.1406150 seconds, Stopping threads took: 0.0000060 seconds
129.094: Application time: 0.0000510 seconds
129.094: [Full GC129.094: [Tenured: 256704K->256704K(256704K), 0.1396520 secs] 372223K->372223K(372224K), [Perm : 13531K->13531K(21248K)], 0.1396820 secs] [Times: user=0.14 sys=0.00, real=0.14 secs] 
129.234: Total time for which application threads were stopped: 0.1399630 seconds, Stopping threads took: 0.0000050 seconds
129.234: Application time: 0.0000510 seconds
129.234: [Full GC129.234: [Tenured: 256704K->256704K(256704K), 0.1400620 secs] 372223K->372223K(372224K), [Perm : 13531K->13531K(21248K)], 0.1400920 secs] [Times: user=0.14 sys=0.00, real=0.14 secs] 
129.375: Total time for which application threads were stopped: 0.1403980 seconds, Stopping threads took: 0.0000080 seconds
129.375: Application time: 0.0000460 seconds
129.375: [Full GC129.375: [Tenured: 256704K->256704K(256704K), 0.1398170 secs] 372223K->372223K(372224K), [Perm : 13531K->13531K(21248K)], 0.1398470 secs] [Times: user=0.14 sys=0.00, real=0.14 secs] 
129.515: Total time for which application threads were stopped: 0.1401300 seconds, Stopping threads took: 0.0000090 seconds
129.515: Application time: 0.0000490 seconds
129.515: [Full GC129.515: [Tenured: 256704K->256704K(256704K), 0.1429620 secs] 372223K->372223K(372224K), [Perm : 13531K->13531K(21248K)], 0.1429920 secs] [Times: user=0.14 sys=0.00, real=0.14 secs] 
129.658: Total time for which application threads were stopped: 0.1432750 seconds, Stopping threads took: 0.0000090 seconds
129.658: Application time: 0.0000460 seconds
129.658: [Full GC129.658: [Tenured: 256704K->256704K(256704K), 0.1399050 secs] 372223K->372223K(372224K), [Perm : 13531K->13531K(21248K)], 0.1399360 secs] [Times: user=0.14 sys=0.00, real=0.14 secs] 
129.798: Total time for which application threads were stopped: 0.1402180 seconds, Stopping threads took: 0.0000080 seconds
129.798: Application time: 0.0000510 seconds
129.799: [Full GC129.799: [Tenured: 256704K->256704K(256704K), 0.1412810 secs] 372224K->372223K(372224K), [Perm : 13531K->13531K(21248K)], 0.1413100 secs] [Times: user=0.14 sys=0.00, real=0.15 secs] 
129.940: Total time for which application threads were stopped: 0.1416130 seconds, Stopping threads took: 0.0000060 seconds
129.940: Application time: 0.0000460 seconds
129.940: [Full GC129.940: [Tenured: 256704K->256704K(256704K), 0.1397700 secs] 372223K->372223K(372224K), [Perm : 13531K->13531K(21248K)], 0.1397990 secs] [Times: user=0.14 sys=0.00, real=0.14 secs] 
130.080: Total time for which application threads were stopped: 0.1400800 seconds, Stopping threads took: 0.0000070 seconds
130.080: Application time: 0.0000460 seconds
130.080: [Full GC130.080: [Tenured: 256704K->256704K(256704K), 0.1398350 secs] 372223K->372223K(372224K), [Perm : 13531K->13531K(21248K)], 0.1398630 secs] [Times: user=0.14 sys=0.00, real=0.14 secs] 
130.220: Total time for which application threads were stopped: 0.1401450 seconds, Stopping threads took: 0.0000090 seconds
130.220: Application time: 0.0000460 seconds
130.221: [Full GC130.221: [Tenured: 256704K->256704K(256704K), 0.1396080 secs] 372223K->372223K(372224K), [Perm : 13531K->13531K(21248K)], 0.1396360 secs] [Times: user=0.14 sys=0.00, real=0.14 secs] 
130.360: Total time for which application threads were stopped: 0.1399170 seconds, Stopping threads took: 0.0000050 seconds
130.360: Application time: 0.0000450 seconds
130.361: [Full GC130.361: [Tenured: 256704K->256704K(256704K), 0.1397740 secs] 372223K->372223K(372224K), [Perm : 13531K->13531K(21248K)], 0.1398040 secs] [Times: user=0.14 sys=0.00, real=0.14 secs] 
130.500: Total time for which application threads were stopped: 0.1401160 seconds, Stopping threads took: 0.0000080 seconds
130.500: Application time: 0.0000430 seconds
130.501: [Full GC130.501: [Tenured: 256704K->256704K(256704K), 0.1397200 secs] 372223K->372223K(372224K), [Perm : 13531K->13531K(21248K)], 0.1397490 secs] [Times: user=0.14 sys=0.00, real=0.14 secs] 
130.640: Total time for which application threads were stopped: 0.1400320 seconds, Stopping threads took: 0.0000100 seconds
130.641: Application time: 0.0000450 seconds
130.641: [Full GC130.641: [Tenured: 256704K->256704K(256704K), 0.1395160 secs] 372223K->372223K(372224K), [Perm : 13531K->13531K(21248K)], 0.1395440 secs] [Times: user=0.14 sys=0.00, real=0.14 secs] 
130.780: Total time for which application threads were stopped: 0.1398280 seconds, Stopping threads took: 0.0000080 seconds
130.780: Application time: 0.0000550 seconds
130.781: [Full GC130.781: [Tenured: 256704K->256704K(256704K), 0.1395490 secs] 372224K->372223K(372224K), [Perm : 13531K->13531K(21248K)], 0.1395780 secs] [Times: user=0.14 sys=0.00, real=0.14 secs] 
130.920: Total time for which application threads were stopped: 0.1398580 seconds, Stopping threads took: 0.0000050 seconds
130.920: Application time: 0.0000610 seconds
130.921: [Full GC130.921: [Tenured: 256704K->256704K(256704K), 0.1397620 secs] 372223K->372223K(372224K), [Perm : 13531K->13531K(21248K)], 0.1397900 secs] [Times: user=0.14 sys=0.00, real=0.14 secs] 
131.060: Total time for which application threads were stopped: 0.1400920 seconds, Stopping threads took: 0.0000060 seconds
131.060: Application time: 0.0000540 seconds
131.061: [Full GC131.061: [Tenured: 256704K->256704K(256704K), 0.1422720 secs] 372223K->372223K(372224K), [Perm : 13531K->13531K(21248K)], 0.1423020 secs] [Times: user=0.14 sys=0.00, real=0.14 secs] 
131.203: Total time for which application threads were stopped: 0.1425870 seconds, Stopping threads took: 0.0000100 seconds
131.203: Application time: 0.0000650 seconds
131.203: [Full GC131.203: [Tenured: 256704K->256704K(256704K), 0.1395650 secs] 372224K->372223K(372224K), [Perm : 13531K->13531K(21248K)], 0.1395940 secs] [Times: user=0.14 sys=0.00, real=0.14 secs] 
131.343: Total time for which application threads were stopped: 0.1398820 seconds, Stopping threads took: 0.0000110 seconds
131.343: Application time: 0.0000460 seconds
131.343: [Full GC131.343: [Tenured: 256704K->256704K(256704K), 0.1397780 secs] 372223K->372223K(372224K), [Perm : 13531K->13531K(21248K)], 0.1398100 secs] [Times: user=0.14 sys=0.00, real=0.14 secs] 
131.483: Total time for which application threads were stopped: 0.1400920 seconds, Stopping threads took: 0.0000050 seconds
131.483: Application time: 0.0000580 seconds
131.484: [Full GC131.484: [Tenured: 256704K->256704K(256704K), 0.1396370 secs] 372223K->372223K(372224K), [Perm : 13531K->13531K(21248K)], 0.1396820 secs] [Times: user=0.14 sys=0.00, real=0.14 secs] 
131.623: Total time for which application threads were stopped: 0.1399980 seconds, Stopping threads took: 0.0000090 seconds
131.623: Application time: 0.0000490 seconds
131.624: [Full GC131.624: [Tenured: 256704K->256704K(256704K), 0.1393980 secs] 372223K->372223K(372224K), [Perm : 13531K->13531K(21248K)], 0.1394290 secs] [Times: user=0.14 sys=0.00, real=0.14 secs] 
131.763: Total time for which application threads were stopped: 0.1397190 seconds, Stopping threads took: 0.0000060 seconds
131.763: Application time: 0.0000400 seconds
131.763: [Full GC131.763: [Tenured: 256704K->256703K(256704K), 0.1640210 secs] 372223K->372223K(372224K), [Perm : 13531K->13531K(21248K)], 0.1640580 secs] [Times: user=0.16 sys=0.00, real=0.16 secs] 
131.927: [Full GC131.927: [Tenured: 256703K->256703K(256704K), 0.1408340 secs] 372223K->372223K(372224K), [Perm : 13531K->13531K(21248K)], 0.1408640 secs] [Times: user=0.14 sys=0.00, real=0.15 secs] 
132.068: Total time for which application threads were stopped: 0.3052350 seconds, Stopping threads took: 0.0000080 seconds
132.068: Application time: 0.0000600 seconds
132.069: [Full GC132.069: [Tenured: 256703K->256703K(256704K), 0.1395490 secs] 372223K->372223K(372224K), [Perm : 13531K->13531K(21248K)], 0.1395790 secs] [Times: user=0.13 sys=0.00, real=0.14 secs] 
132.208: Total time for which application threads were stopped: 0.1398970 seconds, Stopping threads took: 0.0000210 seconds
132.208: Application time: 0.0000690 seconds
132.209: [Full GC132.209: [Tenured: 256703K->256703K(256704K), 0.1398700 secs] 372223K->372222K(372224K), [Perm : 13532K->13532K(21248K)], 0.1398960 secs] [Times: user=0.14 sys=0.00, real=0.14 secs] 
132.348: Total time for which application threads were stopped: 0.1401830 seconds, Stopping threads took: 0.0000090 seconds
132.349: Application time: 0.0000590 seconds
132.349: [Full GC132.349: [Tenured: 256703K->256703K(256704K), 0.1399020 secs] 372223K->372222K(372224K), [Perm : 13532K->13532K(21248K)], 0.1399320 secs] [Times: user=0.14 sys=0.00, real=0.14 secs] 
132.489: Total time for which application threads were stopped: 0.1402150 seconds, Stopping threads took: 0.0000060 seconds
132.489: Application time: 0.0000640 seconds
132.489: [Full GC132.489: [Tenured: 256703K->256703K(256704K), 0.1398550 secs] 372223K->372223K(372224K), [Perm : 13532K->13532K(21248K)], 0.1398850 secs] [Times: user=0.14 sys=0.00, real=0.14 secs] 
132.629: Total time for which application threads were stopped: 0.1401660 seconds, Stopping threads took: 0.0000050 seconds
132.629: Application time: 0.0000590 seconds
132.629: [Full GC132.629: [Tenured: 256703K->256703K(256704K), 0.1424730 secs] 372223K->372223K(372224K), [Perm : 13533K->13533K(21248K)], 0.1425060 secs] [Times: user=0.14 sys=0.00, real=0.14 secs] 
132.772: Total time for which application threads were stopped: 0.1428230 seconds, Stopping threads took: 0.0000130 seconds
132.772: Application time: 0.0000580 seconds
132.772: [Full GC132.772: [Tenured: 256703K->256703K(256704K), 0.1396210 secs] 372223K->372222K(372224K), [Perm : 13533K->13533K(21248K)], 0.1396520 secs] [Times: user=0.14 sys=0.00, real=0.14 secs] 
132.912: Total time for which application threads were stopped: 0.1399380 seconds, Stopping threads took: 0.0000090 seconds
132.912: Application time: 0.0000770 seconds
132.912: [Full GC132.912: [Tenured: 256703K->256704K(256704K), 0.2201760 secs] 372223K->372222K(372224K), [Perm : 13533K->13533K(21248K)], 0.2202130 secs] [Times: user=0.22 sys=0.00, real=0.22 secs] 
133.132: Total time for which application threads were stopped: 0.2205050 seconds, Stopping threads took: 0.0000110 seconds
133.133: Application time: 0.0000890 seconds
133.133: [Full GC133.133: [Tenured: 256704K->256704K(256704K), 0.1573510 secs] 372224K->372222K(372224K), [Perm : 13533K->13533K(21248K)], 0.1573920 secs] [Times: user=0.16 sys=0.00, real=0.16 secs] 
133.290: Total time for which application threads were stopped: 0.1578530 seconds, Stopping threads took: 0.0000130 seconds
133.290: Application time: 0.0000790 seconds
133.291: [Full GC133.291: [Tenured: 256704K->256704K(256704K), 0.1394020 secs] 372223K->372222K(372224K), [Perm : 13533K->13533K(21248K)], 0.1394340 secs] [Times: user=0.14 sys=0.00, real=0.14 secs] 
133.430: Total time for which application threads were stopped: 0.1397310 seconds, Stopping threads took: 0.0000190 seconds
133.430: Application time: 0.0000970 seconds
133.431: [Full GC133.431: [Tenured: 256704K->256704K(256704K), 0.1558650 secs] 372224K->372222K(372224K), [Perm : 13533K->13533K(21248K)], 0.1558990 secs] [Times: user=0.15 sys=0.00, real=0.15 secs] 
133.586: Total time for which application threads were stopped: 0.1561960 seconds, Stopping threads took: 0.0000180 seconds
133.587: Application time: 0.0000770 seconds
133.587: [Full GC133.587: [Tenured: 256704K->256676K(256704K), 0.2300280 secs] 372223K->372193K(372224K), [Perm : 13533K->13533K(21248K)], 0.2300650 secs] [Times: user=0.23 sys=0.00, real=0.23 secs] 
133.817: Total time for which application threads were stopped: 0.2303660 seconds, Stopping threads took: 0.0000180 seconds
133.817: Application time: 0.0002500 seconds
133.818: [Full GC133.818: [Tenured: 256704K->256704K(256704K), 0.1417970 secs] 372223K->372216K(372224K), [Perm : 13533K->13533K(21248K)], 0.1418310 secs] [Times: user=0.14 sys=0.00, real=0.14 secs] 
133.959: Total time for which application threads were stopped: 0.1422570 seconds, Stopping threads took: 0.0000080 seconds
133.960: Application time: 0.0001060 seconds
133.960: [Full GC133.960: [Tenured: 256704K->256704K(256704K), 0.1532990 secs] 372223K->372214K(372224K), [Perm : 13533K->13533K(21248K)], 0.1533380 secs] [Times: user=0.15 sys=0.00, real=0.15 secs] 
134.113: Total time for which application threads were stopped: 0.1536800 seconds, Stopping threads took: 0.0000360 seconds
134.113: Application time: 0.0001470 seconds
134.114: [Full GC134.114: [Tenured: 256704K->256704K(256704K), 0.1536790 secs] 372223K->372215K(372224K), [Perm : 13533K->13533K(21248K)], 0.1537220 secs] [Times: user=0.16 sys=0.00, real=0.16 secs] 
134.268: Total time for which application threads were stopped: 0.1542140 seconds, Stopping threads took: 0.0000250 seconds
134.268: Application time: 0.0001210 seconds
134.268: [Full GC134.268: [Tenured: 256704K->256704K(256704K), 0.1689750 secs] 372223K->372180K(372224K), [Perm : 13533K->13533K(21248K)], 0.1690120 secs] [Times: user=0.17 sys=0.00, real=0.16 secs] 
134.437: Total time for which application threads were stopped: 0.1695020 seconds, Stopping threads took: 0.0000240 seconds
134.437: Application time: 0.0002050 seconds
134.438: [Full GC134.438: [Tenured: 256704K->256704K(256704K), 0.1418330 secs] 372224K->372198K(372224K), [Perm : 13533K->13533K(21248K)], 0.1418690 secs] [Times: user=0.14 sys=0.00, real=0.15 secs] 
134.580: Total time for which application threads were stopped: 0.1423630 seconds, Stopping threads took: 0.0000070 seconds
134.580: Application time: 0.0001870 seconds
134.580: [Full GC134.580: [Tenured: 256704K->256704K(256704K), 0.1413980 secs] 372223K->372201K(372224K), [Perm : 13533K->13533K(21248K)], 0.1414360 secs] [Times: user=0.14 sys=0.00, real=0.14 secs] 
134.722: Total time for which application threads were stopped: 0.1419090 seconds, Stopping threads took: 0.0000080 seconds
134.722: Application time: 0.0000950 seconds
134.722: [Full GC134.722: [Tenured: 256704K->256704K(256704K), 0.1394080 secs] 372210K->372205K(372224K), [Perm : 13533K->13533K(21248K)], 0.1394400 secs] [Times: user=0.14 sys=0.00, real=0.14 secs] 
134.862: Total time for which application threads were stopped: 0.1399120 seconds, Stopping threads took: 0.0000080 seconds
134.862: Application time: 0.0001060 seconds
134.862: [Full GC134.862: [Tenured: 256704K->256703K(256704K), 0.1810280 secs] 372223K->372213K(372224K), [Perm : 13533K->13533K(21248K)], 0.1810660 secs] [Times: user=0.19 sys=0.00, real=0.18 secs] 
135.043: [Full GC135.043: [Tenured: 256703K->256703K(256704K), 0.1396880 secs] 372213K->372213K(372224K), [Perm : 13533K->13533K(21248K)], 0.1397190 secs] [Times: user=0.14 sys=0.00, real=0.14 secs] 
135.183: Total time for which application threads were stopped: 0.3211220 seconds, Stopping threads took: 0.0000180 seconds
135.183: Application time: 0.0001390 seconds
135.184: [Full GC135.184: [Tenured: 256703K->256703K(256704K), 0.1415590 secs] 372223K->372197K(372224K), [Perm : 13533K->13533K(21248K)], 0.1415970 secs] [Times: user=0.14 sys=0.00, real=0.14 secs] 
135.325: Total time for which application threads were stopped: 0.1419310 seconds, Stopping threads took: 0.0000120 seconds
135.325: Application time: 0.0002100 seconds
135.326: [Full GC135.326: [Tenured: 256703K->256703K(256704K), 0.1415610 secs] 372223K->372197K(372224K), [Perm : 13533K->13533K(21248K)], 0.1415940 secs] [Times: user=0.14 sys=0.00, real=0.14 secs] 
135.467: Total time for which application threads were stopped: 0.1420610 seconds, Stopping threads took: 0.0000080 seconds
135.468: Application time: 0.0001770 seconds
135.468: [Full GC135.468: [Tenured: 256703K->256691K(256704K), 0.2198760 secs] 372223K->372172K(372224K), [Perm : 13533K->13533K(21248K)], 0.2199110 secs] [Times: user=0.22 sys=0.00, real=0.22 secs] 
135.688: Total time for which application threads were stopped: 0.2202030 seconds, Stopping threads took: 0.0000090 seconds
135.688: Application time: 0.0003010 seconds
135.689: [Full GC135.689: [Tenured: 256704K->256704K(256704K), 0.1396650 secs] 372224K->372185K(372224K), [Perm : 13533K->13533K(21248K)], 0.1396980 secs] [Times: user=0.14 sys=0.00, real=0.14 secs] 
135.828: Total time for which application threads were stopped: 0.1402040 seconds, Stopping threads took: 0.0000200 seconds
135.829: Application time: 0.0001980 seconds
135.829: [Full GC135.829: [Tenured: 256704K->256704K(256704K), 0.1390360 secs] 372222K->372190K(372224K), [Perm : 13533K->13533K(21248K)], 0.1390690 secs] [Times: user=0.13 sys=0.00, real=0.14 secs] 
135.968: Total time for which application threads were stopped: 0.1393540 seconds, Stopping threads took: 0.0000060 seconds
135.968: Application time: 0.0001380 seconds
135.968: [Full GC135.968: [Tenured: 256704K->256704K(256704K), 0.1397210 secs] 372217K->372205K(372224K), [Perm : 13533K->13533K(21248K)], 0.1397530 secs] [Times: user=0.14 sys=0.00, real=0.14 secs] 
136.108: Total time for which application threads were stopped: 0.1400380 seconds, Stopping threads took: 0.0000070 seconds
136.108: Application time: 0.0000710 seconds
136.108: [Full GC136.108: [Tenured: 256704K->256691K(256704K), 0.1394470 secs] 372221K->372200K(372224K), [Perm : 13533K->13533K(21248K)], 0.1394770 secs] [Times: user=0.14 sys=0.00, real=0.14 secs] 
136.248: [Full GC136.248: [Tenured: 256691K->256691K(256704K), 0.1392460 secs] 372200K->372200K(372224K), [Perm : 13533K->13533K(21248K)], 0.1392760 secs] [Times: user=0.13 sys=0.00, real=0.13 secs] 
136.387: Total time for which application threads were stopped: 0.2790670 seconds, Stopping threads took: 0.0000090 seconds
136.387: Application time: 0.0001930 seconds
136.388: [Full GC136.388: [Tenured: 256703K->256703K(256704K), 0.1395620 secs] 372223K->372189K(372224K), [Perm : 13533K->13533K(21248K)], 0.1395940 secs] [Times: user=0.14 sys=0.00, real=0.13 secs] 
136.527: Total time for which application threads were stopped: 0.1399020 seconds, Stopping threads took: 0.0000060 seconds
136.528: Application time: 0.0002210 seconds
136.528: [Full GC136.528: [Tenured: 256703K->256703K(256704K), 0.1399710 secs] 372223K->372194K(372224K), [Perm : 13533K->13533K(21248K)], 0.1400040 secs] [Times: user=0.14 sys=0.00, real=0.14 secs] 
136.668: Total time for which application threads were stopped: 0.1402990 seconds, Stopping threads took: 0.0000060 seconds
136.668: Application time: 0.0001980 seconds
136.668: [Full GC136.668: [Tenured: 256703K->256691K(256704K), 0.1394100 secs] 372223K->372182K(372224K), [Perm : 13533K->13533K(21248K)], 0.1394440 secs] [Times: user=0.14 sys=0.00, real=0.14 secs] 
136.808: Total time for which application threads were stopped: 0.1397360 seconds, Stopping threads took: 0.0000060 seconds
136.808: Application time: 0.0002690 seconds
136.808: [Full GC136.808: [Tenured: 256703K->256703K(256704K), 0.1394340 secs] 372223K->372192K(372224K), [Perm : 13539K->13539K(21248K)], 0.1394660 secs] [Times: user=0.14 sys=0.00, real=0.14 secs] 
136.948: Total time for which application threads were stopped: 0.1397730 seconds, Stopping threads took: 0.0000280 seconds
136.948: Application time: 0.0002150 seconds
136.948: [Full GC136.948: [Tenured: 256703K->256703K(256704K), 0.1395050 secs] 372223K->372196K(372224K), [Perm : 13548K->13548K(21248K)], 0.1395370 secs] [Times: user=0.14 sys=0.00, real=0.14 secs] 
137.088: Total time for which application threads were stopped: 0.1398380 seconds, Stopping threads took: 0.0000070 seconds
137.088: Application time: 0.0001170 seconds
137.088: [Full GC137.088: [Tenured: 256703K->256703K(256704K), 0.1396640 secs] 372207K->372196K(372224K), [Perm : 13550K->13550K(21248K)], 0.1396950 secs] [Times: user=0.14 sys=0.00, real=0.14 secs] 
137.228: [Full GC137.228: [Tenured: 256703K->256691K(256704K), 0.1392390 secs] 372196K->372184K(372224K), [Perm : 13550K->13550K(21248K)], 0.1392690 secs] [Times: user=0.14 sys=0.00, real=0.13 secs] 
137.367: Total time for which application threads were stopped: 0.2792760 seconds, Stopping threads took: 0.0000070 seconds
137.368: Application time: 0.0003070 seconds
137.368: [Full GC137.368: [Tenured: 256703K->256703K(256704K), 0.1395070 secs] 372223K->372192K(372224K), [Perm : 13556K->13556K(21248K)], 0.1395420 secs] [Times: user=0.14 sys=0.00, real=0.13 secs] 
137.507: Total time for which application threads were stopped: 0.1398350 seconds, Stopping threads took: 0.0000100 seconds
137.508: Application time: 0.0002020 seconds
137.508: [Full GC137.508: [Tenured: 256703K->256703K(256704K), 0.1393610 secs] 372223K->372196K(372224K), [Perm : 13556K->13556K(21248K)], 0.1393950 secs] [Times: user=0.14 sys=0.00, real=0.13 secs] 
137.647: Total time for which application threads were stopped: 0.1396960 seconds, Stopping threads took: 0.0000070 seconds
137.648: Application time: 0.0002080 seconds
137.648: [Full GC137.648: [Tenured: 256703K->256703K(256704K), 0.1396490 secs] 372223K->372196K(372224K), [Perm : 13556K->13556K(21248K)], 0.1396870 secs] [Times: user=0.14 sys=0.00, real=0.13 secs] 
137.788: Total time for which application threads were stopped: 0.1399920 seconds, Stopping threads took: 0.0000060 seconds
137.788: Application time: 0.0001810 seconds
137.788: [Full GC137.788: [Tenured: 256703K->256688K(256704K), 0.1926180 secs] 372223K->372180K(372224K), [Perm : 13556K->13556K(21248K)], 0.1926510 secs] [Times: user=0.20 sys=0.00, real=0.19 secs] 
137.981: Total time for which application threads were stopped: 0.1929520 seconds, Stopping threads took: 0.0000070 seconds
137.981: Application time: 0.0002520 seconds
137.981: [Full GC137.981: [Tenured: 256698K->256698K(256704K), 0.1402720 secs] 372218K->372189K(372224K), [Perm : 13556K->13556K(21248K)], 0.1403050 secs] [Times: user=0.14 sys=0.00, real=0.14 secs] 
138.122: [Full GC138.122: [Tenured: 256698K->256691K(256704K), 0.1393820 secs] 372189K->372181K(372224K), [Perm : 13556K->13556K(21248K)], 0.1394120 secs] [Times: user=0.14 sys=0.00, real=0.14 secs] 
138.261: Total time for which application threads were stopped: 0.2801720 seconds, Stopping threads took: 0.0000070 seconds
138.261: Application time: 0.0002690 seconds
138.262: [Full GC138.262: [Tenured: 256703K->256703K(256704K), 0.1395890 secs] 372223K->372196K(372224K), [Perm : 13556K->13556K(21248K)], 0.1396220 secs] [Times: user=0.14 sys=0.00, real=0.14 secs] 
138.401: Total time for which application threads were stopped: 0.1399250 seconds, Stopping threads took: 0.0000070 seconds
138.401: Application time: 0.0001910 seconds
138.402: [Full GC138.402: [Tenured: 256703K->256689K(256704K), 0.1394580 secs] 372223K->372185K(372224K), [Perm : 13556K->13556K(21248K)], 0.1394910 secs] [Times: user=0.14 sys=0.00, real=0.14 secs] 
138.541: Total time for which application threads were stopped: 0.1397860 seconds, Stopping threads took: 0.0000060 seconds
138.541: Application time: 0.0002270 seconds
138.542: [Full GC138.542: [Tenured: 256704K->256704K(256704K), 0.1405100 secs] 372223K->372196K(372224K), [Perm : 13556K->13556K(21248K)], 0.1405440 secs] [Times: user=0.14 sys=0.00, real=0.14 secs] 
138.682: Total time for which application threads were stopped: 0.1408720 seconds, Stopping threads took: 0.0000400 seconds
138.682: Application time: 0.0001120 seconds
138.683: [Full GC138.683: [Tenured: 256704K->256704K(256704K), 0.1518230 secs] 372206K->372198K(372224K), [Perm : 13556K->13556K(21248K)], 0.1518550 secs] [Times: user=0.16 sys=0.00, real=0.15 secs] 
138.835: [Full GC138.835: [Tenured: 256704K->256691K(256704K), 0.1390930 secs] 372198K->372186K(372224K), [Perm : 13556K->13556K(21248K)], 0.1391230 secs] [Times: user=0.14 sys=0.00, real=0.14 secs] 
138.974: Total time for which application threads were stopped: 0.2913850 seconds, Stopping threads took: 0.0000760 seconds
138.974: Application time: 0.0002750 seconds
138.974: [Full GC138.974: [Tenured: 256704K->256692K(256704K), 0.1576900 secs] 372223K->372185K(372224K), [Perm : 13556K->13556K(21248K)], 0.1577260 secs] [Times: user=0.16 sys=0.00, real=0.16 secs] 
139.132: Total time for which application threads were stopped: 0.1580440 seconds, Stopping threads took: 0.0000110 seconds
139.132: Application time: 0.0003110 seconds
139.133: [Full GC139.133: [Tenured: 256703K->256703K(256704K), 0.1402810 secs] 372223K->372198K(372224K), [Perm : 13556K->13556K(21248K)], 0.1403170 secs] [Times: user=0.14 sys=0.00, real=0.14 secs] 
139.273: Total time for which application threads were stopped: 0.1407860 seconds, Stopping threads took: 0.0000140 seconds
139.273: Application time: 0.0001020 seconds
139.274: [Full GC139.274: [Tenured: 256703K->256703K(256704K), 0.1391260 secs] 372204K->372200K(372224K), [Perm : 13556K->13556K(21248K)], 0.1391570 secs] [Times: user=0.14 sys=0.00, real=0.14 secs] 
139.413: [Full GC139.413: [Tenured: 256703K->256692K(256704K), 0.1912060 secs] 372200K->372189K(372224K), [Perm : 13556K->13556K(21248K)], 0.1912400 secs] [Times: user=0.19 sys=0.00, real=0.19 secs] 
139.604: Total time for which application threads were stopped: 0.3308750 seconds, Stopping threads took: 0.0000230 seconds
139.605: Application time: 0.0002620 seconds
139.605: [Full GC139.605: [Tenured: 256703K->256693K(256704K), 0.1910980 secs] 372223K->372201K(372224K), [Perm : 13556K->13556K(21248K)], 0.1911350 secs] [Times: user=0.19 sys=0.00, real=0.19 secs] 
139.796: Total time for which application threads were stopped: 0.1916370 seconds, Stopping threads took: 0.0000180 seconds
139.796: Application time: 0.0002040 seconds
139.797: [Full GC139.797: [Tenured: 256703K->256703K(256704K), 0.1549310 secs] 372223K->372212K(372224K), [Perm : 13556K->13556K(21248K)], 0.1549630 secs] [Times: user=0.16 sys=0.00, real=0.16 secs] 
139.952: Total time for which application threads were stopped: 0.1555030 seconds, Stopping threads took: 0.0000630 seconds
139.952: Application time: 0.0001250 seconds
139.952: [Full GC139.952: [Tenured: 256703K->256703K(256704K), 0.1395570 secs] 372223K->372202K(372224K), [Perm : 13556K->13556K(21248K)], 0.1395890 secs] [Times: user=0.14 sys=0.00, real=0.14 secs] 
140.092: Total time for which application threads were stopped: 0.1399510 seconds, Stopping threads took: 0.0000600 seconds
140.092: Application time: 0.0001640 seconds
140.092: [Full GC140.092: [Tenured: 256703K->256703K(256704K), 0.1398230 secs] 372223K->372209K(372224K), [Perm : 13556K->13556K(21248K)], 0.1398560 secs] [Times: user=0.14 sys=0.00, real=0.14 secs] 
140.232: Total time for which application threads were stopped: 0.1401680 seconds, Stopping threads took: 0.0000110 seconds
140.232: Application time: 0.0001390 seconds
140.233: [Full GC140.233: [Tenured: 256703K->256692K(256704K), 0.1407000 secs] 372223K->372197K(372224K), [Perm : 13556K->13556K(21248K)], 0.1407330 secs] [Times: user=0.15 sys=0.00, real=0.14 secs] 
140.374: Total time for which application threads were stopped: 0.1411210 seconds, Stopping threads took: 0.0000370 seconds
140.374: Application time: 0.0001840 seconds
140.374: [Full GC140.374: [Tenured: 256704K->256704K(256704K), 0.1390010 secs] 372223K->372206K(372224K), [Perm : 13556K->13556K(21248K)], 0.1390340 secs] [Times: user=0.14 sys=0.00, real=0.14 secs] 
140.513: Total time for which application threads were stopped: 0.1393570 seconds, Stopping threads took: 0.0000110 seconds
140.513: Application time: 0.0001350 seconds
140.513: [Full GC140.513: [Tenured: 256704K->256704K(256704K), 0.1391190 secs] 372223K->372209K(372224K), [Perm : 13556K->13556K(21248K)], 0.1391500 secs] [Times: user=0.14 sys=0.00, real=0.14 secs] 
140.653: Total time for which application threads were stopped: 0.1394340 seconds, Stopping threads took: 0.0000070 seconds
140.653: Application time: 0.0001480 seconds
140.653: [Full GC140.653: [Tenured: 256704K->256704K(256704K), 0.1390960 secs] 372223K->372209K(372224K), [Perm : 13556K->13556K(21248K)], 0.1391270 secs] [Times: user=0.14 sys=0.00, real=0.14 secs] 
140.792: Total time for which application threads were stopped: 0.1394100 seconds, Stopping threads took: 0.0000060 seconds
140.792: Application time: 0.0001170 seconds
140.793: [Full GC140.793: [Tenured: 256704K->256692K(256704K), 0.1389650 secs] 372222K->372208K(372224K), [Perm : 13556K->13556K(21248K)], 0.1389970 secs] [Times: user=0.14 sys=0.00, real=0.14 secs] 
140.932: Total time for which application threads were stopped: 0.1393110 seconds, Stopping threads took: 0.0000200 seconds
140.932: Application time: 0.0000880 seconds
140.932: [Full GC140.932: [Tenured: 256699K->256699K(256704K), 0.1393090 secs] 372219K->372214K(372224K), [Perm : 13556K->13556K(21248K)], 0.1393430 secs] [Times: user=0.14 sys=0.00, real=0.14 secs] 
141.071: [Full GC141.071: [Tenured: 256699K->256697K(256704K), 0.1765820 secs] 372214K->372209K(372224K), [Perm : 13556K->13556K(21248K)], 0.1766150 secs] [Times: user=0.17 sys=0.00, real=0.18 secs] 
141.248: Total time for which application threads were stopped: 0.3162770 seconds, Stopping threads took: 0.0000060 seconds
141.248: Application time: 0.0001250 seconds
141.249: Total time for which application threads were stopped: 0.0003520 seconds, Stopping threads took: 0.0000800 seconds
141.249: Application time: 0.0001010 seconds
141.249: [Full GC141.249: [Tenured: 256703K->256703K(256704K), 0.1414280 secs] 372223K->372208K(372224K), [Perm : 13556K->13556K(21248K)], 0.1414610 secs] [Times: user=0.14 sys=0.00, real=0.14 secs] 
141.390: Total time for which application threads were stopped: 0.1416260 seconds, Stopping threads took: 0.0000080 seconds
141.390: Application time: 0.0001590 seconds
141.391: [Full GC141.391: [Tenured: 256703K->256690K(256704K), 0.1461350 secs] 372223K->372198K(372224K), [Perm : 13556K->13556K(21248K)], 0.1461730 secs] [Times: user=0.14 sys=0.00, real=0.14 secs] 
141.537: Total time for which application threads were stopped: 0.1464790 seconds, Stopping threads took: 0.0000060 seconds
141.537: Application time: 0.0002070 seconds
141.538: [Full GC141.538: [Tenured: 256704K->256704K(256704K), 0.1390490 secs] 372223K->372209K(372224K), [Perm : 13556K->13556K(21248K)], 0.1390790 secs] [Times: user=0.14 sys=0.00, real=0.14 secs] 
141.677: Total time for which application threads were stopped: 0.1395460 seconds, Stopping threads took: 0.0000080 seconds
141.677: Application time: 0.0001500 seconds
141.677: [Full GC141.677: [Tenured: 256704K->256704K(256704K), 0.1392640 secs] 372223K->372211K(372224K), [Perm : 13556K->13556K(21248K)], 0.1392950 secs] [Times: user=0.14 sys=0.00, real=0.14 secs] 
141.816: Total time for which application threads were stopped: 0.1395810 seconds, Stopping threads took: 0.0000060 seconds
141.816: Application time: 0.0001390 seconds
141.817: [Full GC141.817: [Tenured: 256704K->256704K(256704K), 0.1390070 secs] 372223K->372212K(372224K), [Perm : 13556K->13556K(21248K)], 0.1390380 secs] [Times: user=0.14 sys=0.00, real=0.14 secs] 
141.956: Total time for which application threads were stopped: 0.1393280 seconds, Stopping threads took: 0.0000060 seconds
141.956: Application time: 0.0001100 seconds
141.956: [Full GC141.956: [Tenured: 256704K->256690K(256704K), 0.1392010 secs] 372224K->372199K(372224K), [Perm : 13556K->13556K(21248K)], 0.1392330 secs] [Times: user=0.14 sys=0.00, real=0.14 secs] 
142.095: Total time for which application threads were stopped: 0.1395310 seconds, Stopping threads took: 0.0000060 seconds
142.096: Application time: 0.0001870 seconds
142.096: [Full GC142.096: [Tenured: 256703K->256703K(256704K), 0.1390440 secs] 372223K->372210K(372224K), [Perm : 13556K->13556K(21248K)], 0.1390790 secs] [Times: user=0.14 sys=0.00, real=0.14 secs] 
142.235: Total time for which application threads were stopped: 0.1393640 seconds, Stopping threads took: 0.0000060 seconds
142.235: Application time: 0.0001330 seconds
142.235: [Full GC142.235: [Tenured: 256703K->256703K(256704K), 0.1391040 secs] 372223K->372212K(372224K), [Perm : 13556K->13556K(21248K)], 0.1391350 secs] [Times: user=0.14 sys=0.00, real=0.14 secs] 
142.375: Total time for which application threads were stopped: 0.1394180 seconds, Stopping threads took: 0.0000050 seconds
142.375: Application time: 0.0001140 seconds
142.375: [Full GC142.375: [Tenured: 256703K->256703K(256704K), 0.1389620 secs] 372223K->372212K(372224K), [Perm : 13556K->13556K(21248K)], 0.1389930 secs] [Times: user=0.14 sys=0.00, real=0.14 secs] 
142.514: Total time for which application threads were stopped: 0.1392750 seconds, Stopping threads took: 0.0000060 seconds
142.514: Application time: 0.0000590 seconds
142.514: [Full GC142.514: [Tenured: 256703K->256690K(256704K), 0.1389990 secs] 372213K->372199K(372224K), [Perm : 13556K->13556K(21248K)], 0.1390290 secs] [Times: user=0.13 sys=0.00, real=0.14 secs] 
142.653: [Full GC142.653: [Tenured: 256690K->256690K(256704K), 0.1392960 secs] 372199K->372199K(372224K), [Perm : 13556K->13556K(21248K)], 0.1393270 secs] [Times: user=0.14 sys=0.00, real=0.14 secs] 
142.793: Total time for which application threads were stopped: 0.2786910 seconds, Stopping threads took: 0.0000060 seconds
142.793: Application time: 0.0001850 seconds
142.793: [Full GC142.793: [Tenured: 256703K->256703K(256704K), 0.1392770 secs] 372223K->372207K(372224K), [Perm : 13556K->13556K(21248K)], 0.1393070 secs] [Times: user=0.13 sys=0.00, real=0.14 secs] 
142.933: Total time for which application threads were stopped: 0.1395940 seconds, Stopping threads took: 0.0000060 seconds
142.933: Application time: 0.0001330 seconds
142.933: [Full GC142.933: [Tenured: 256704K->256704K(256704K), 0.1398250 secs] 372224K->372210K(372224K), [Perm : 13556K->13556K(21248K)], 0.1398560 secs] [Times: user=0.14 sys=0.00, real=0.14 secs] 
143.073: Total time for which application threads were stopped: 0.1401470 seconds, Stopping threads took: 0.0000060 seconds
143.073: Application time: 0.0001310 seconds
143.073: [Full GC143.073: [Tenured: 256704K->256692K(256704K), 0.1914750 secs] 372223K->372201K(372224K), [Perm : 13556K->13556K(21248K)], 0.1915110 secs] [Times: user=0.19 sys=0.00, real=0.19 secs] 
143.265: Total time for which application threads were stopped: 0.1918340 seconds, Stopping threads took: 0.0000070 seconds
143.265: Application time: 0.0002100 seconds
143.265: [Full GC143.265: [Tenured: 256703K->256703K(256704K), 0.1396200 secs] 372223K->372210K(372224K), [Perm : 13556K->13556K(21248K)], 0.1396510 secs] [Times: user=0.14 sys=0.00, real=0.14 secs] 
143.405: Total time for which application threads were stopped: 0.1401180 seconds, Stopping threads took: 0.0000070 seconds
143.405: Application time: 0.0001110 seconds
143.405: [Full GC143.405: [Tenured: 256703K->256703K(256704K), 0.1389220 secs] 372223K->372213K(372224K), [Perm : 13556K->13556K(21248K)], 0.1389530 secs] [Times: user=0.14 sys=0.00, real=0.14 secs] 
143.544: Total time for which application threads were stopped: 0.1392430 seconds, Stopping threads took: 0.0000060 seconds
143.545: Application time: 0.0001030 seconds
143.545: [Full GC143.545: [Tenured: 256703K->256703K(256704K), 0.1389220 secs] 372223K->372215K(372224K), [Perm : 13556K->13556K(21248K)], 0.1389600 secs] [Times: user=0.14 sys=0.00, real=0.14 secs] 
143.684: Total time for which application threads were stopped: 0.1392420 seconds, Stopping threads took: 0.0000060 seconds
143.684: Application time: 0.0001100 seconds
143.684: [Full GC143.684: [Tenured: 256703K->256692K(256704K), 0.1391680 secs] 372223K->372203K(372224K), [Perm : 13556K->13556K(21248K)], 0.1392020 secs] [Times: user=0.14 sys=0.00, real=0.14 secs] 
143.823: Total time for which application threads were stopped: 0.1395240 seconds, Stopping threads took: 0.0000230 seconds
143.824: Application time: 0.0001160 seconds
143.824: Total time for which application threads were stopped: 0.0003150 seconds, Stopping threads took: 0.0000610 seconds
143.824: Application time: 0.0000580 seconds
143.824: [Full GC143.824: [Tenured: 256704K->256704K(256704K), 0.1390730 secs] 372223K->372213K(372224K), [Perm : 13556K->13556K(21248K)], 0.1391050 secs] [Times: user=0.14 sys=0.00, real=0.14 secs] 
143.963: Total time for which application threads were stopped: 0.1392050 seconds, Stopping threads took: 0.0000060 seconds
143.963: Application time: 0.0001010 seconds
143.963: [Full GC143.963: [Tenured: 256704K->256704K(256704K), 0.1394030 secs] 372224K->372216K(372224K), [Perm : 13556K->13556K(21248K)], 0.1394350 secs] [Times: user=0.14 sys=0.00, real=0.14 secs] 
144.103: Total time for which application threads were stopped: 0.1397160 seconds, Stopping threads took: 0.0000060 seconds
144.103: Application time: 0.0000530 seconds
144.103: [Full GC144.103: [Tenured: 256704K->256704K(256704K), 0.1388460 secs] 372216K->372216K(372224K), [Perm : 13556K->13556K(21248K)], 0.1388780 secs] [Times: user=0.14 sys=0.00, real=0.14 secs] 
144.242: [Full GC144.242: [Tenured: 256704K->256692K(256704K), 0.1395800 secs] 372216K->372205K(372224K), [Perm : 13556K->13556K(21248K)], 0.1396090 secs] [Times: user=0.14 sys=0.00, real=0.14 secs] 
144.382: Total time for which application threads were stopped: 0.2787990 seconds, Stopping threads took: 0.0000100 seconds
144.382: Application time: 0.0001600 seconds
144.382: [Full GC144.382: [Tenured: 256703K->256703K(256704K), 0.1389960 secs] 372223K->372214K(372224K), [Perm : 13556K->13556K(21248K)], 0.1390270 secs] [Times: user=0.14 sys=0.00, real=0.14 secs] 
144.521: Total time for which application threads were stopped: 0.1393240 seconds, Stopping threads took: 0.0000050 seconds
144.521: Application time: 0.0001080 seconds
144.522: [Full GC144.522: [Tenured: 256703K->256703K(256704K), 0.1390460 secs] 372223K->372215K(372224K), [Perm : 13556K->13556K(21248K)], 0.1390780 secs] [Times: user=0.14 sys=0.00, real=0.14 secs] 
144.661: Total time for which application threads were stopped: 0.1393590 seconds, Stopping threads took: 0.0000060 seconds
144.661: Application time: 0.0000930 seconds
144.661: [Full GC144.661: [Tenured: 256704K->256704K(256704K), 0.1397010 secs] 372223K->372216K(372224K), [Perm : 13556K->13556K(21248K)], 0.1397310 secs] [Times: user=0.14 sys=0.00, real=0.14 secs] 
144.801: Total time for which application threads were stopped: 0.1400140 seconds, Stopping threads took: 0.0000060 seconds
144.801: Application time: 0.0000940 seconds
144.801: [Full GC144.801: [Tenured: 256704K->256695K(256704K), 0.1390740 secs] 372223K->372208K(372224K), [Perm : 13556K->13556K(21248K)], 0.1391060 secs] [Times: user=0.14 sys=0.00, real=0.14 secs] 
144.940: Total time for which application threads were stopped: 0.1393910 seconds, Stopping threads took: 0.0000070 seconds
144.940: Application time: 0.0001340 seconds
144.941: [Full GC144.941: [Tenured: 256704K->256704K(256704K), 0.1392510 secs] 372224K->372216K(372224K), [Perm : 13556K->13556K(21248K)], 0.1392820 secs] [Times: user=0.14 sys=0.00, real=0.14 secs] 
145.080: Total time for which application threads were stopped: 0.1395800 seconds, Stopping threads took: 0.0000050 seconds
145.080: Application time: 0.0001000 seconds
145.080: [Full GC145.080: [Tenured: 256704K->256704K(256704K), 0.1390450 secs] 372223K->372217K(372224K), [Perm : 13556K->13556K(21248K)], 0.1390770 secs] [Times: user=0.14 sys=0.00, real=0.13 secs] 
145.220: Total time for which application threads were stopped: 0.1393670 seconds, Stopping threads took: 0.0000060 seconds
145.220: Application time: 0.0000630 seconds
145.220: [Full GC145.220: [Tenured: 256704K->256704K(256704K), 0.1412650 secs] 372223K->372219K(372224K), [Perm : 13556K->13556K(21248K)], 0.1412970 secs] [Times: user=0.14 sys=0.00, real=0.14 secs] 
145.361: [Full GC145.361: [Tenured: 256704K->256695K(256704K), 0.1387380 secs] 372219K->372211K(372224K), [Perm : 13556K->13556K(21248K)], 0.1387660 secs] [Times: user=0.14 sys=0.00, real=0.14 secs] 
145.500: Total time for which application threads were stopped: 0.2804630 seconds, Stopping threads took: 0.0000720 seconds
145.500: Application time: 0.0000690 seconds
145.500: [Full GC145.500: [Tenured: 256704K->256704K(256704K), 0.1390070 secs] 372224K->372221K(372224K), [Perm : 13556K->13556K(21248K)], 0.1390380 secs] [Times: user=0.14 sys=0.00, real=0.13 secs] 
145.639: Total time for which application threads were stopped: 0.1393350 seconds, Stopping threads took: 0.0000060 seconds
145.640: Application time: 0.0000870 seconds
145.640: [Full GC145.640: [Tenured: 256704K->256704K(256704K), 0.1390130 secs] 372223K->372221K(372224K), [Perm : 13556K->13556K(21248K)], 0.1390460 secs] [Times: user=0.14 sys=0.00, real=0.13 secs] 
145.779: Total time for which application threads were stopped: 0.1393290 seconds, Stopping threads took: 0.0000080 seconds
145.779: Application time: 0.0000730 seconds
145.779: Total time for which application threads were stopped: 0.0002530 seconds, Stopping threads took: 0.0000110 seconds
145.779: Application time: 0.0000240 seconds
145.779: [Full GC145.779: [Tenured: 256704K->256704K(256704K), 0.1394310 secs] 372224K->372222K(372224K), [Perm : 13556K->13556K(21248K)], 0.1394640 secs] [Times: user=0.14 sys=0.00, real=0.14 secs] 
145.919: Total time for which application threads were stopped: 0.1395600 seconds, Stopping threads took: 0.0000030 seconds
145.919: Application time: 0.0000620 seconds
145.919: [Full GC145.919: [Tenured: 256704K->256703K(256704K), 0.1394110 secs] 372223K->372222K(372224K), [Perm : 13556K->13556K(21248K)], 0.1394410 secs] [Times: user=0.14 sys=0.00, real=0.14 secs] 
146.059: Total time for which application threads were stopped: 0.1397270 seconds, Stopping threads took: 0.0000090 seconds
146.059: Application time: 0.0000720 seconds
146.059: [Full GC146.059: [Tenured: 256703K->256703K(256704K), 0.1392680 secs] 372223K->372222K(372224K), [Perm : 13556K->13556K(21248K)], 0.1392980 secs] [Times: user=0.14 sys=0.00, real=0.14 secs] 
146.198: Total time for which application threads were stopped: 0.1395960 seconds, Stopping threads took: 0.0000060 seconds
146.198: Application time: 0.0000620 seconds
146.199: [Full GC146.199: [Tenured: 256703K->256703K(256704K), 0.1391740 secs] 372223K->372222K(372224K), [Perm : 13556K->13556K(21248K)], 0.1392050 secs] [Times: user=0.14 sys=0.00, real=0.14 secs] 
146.338: Total time for which application threads were stopped: 0.1394890 seconds, Stopping threads took: 0.0000080 seconds
146.338: Application time: 0.0000600 seconds
146.338: [Full GC146.338: [Tenured: 256703K->256703K(256704K), 0.1395080 secs] 372223K->372222K(372224K), [Perm : 13556K->13556K(21248K)], 0.1395380 secs] [Times: user=0.14 sys=0.00, real=0.14 secs] 
146.478: Total time for which application threads were stopped: 0.1398180 seconds, Stopping threads took: 0.0000050 seconds
146.478: Application time: 0.0000620 seconds
146.478: [Full GC146.478: [Tenured: 256703K->256703K(256704K), 0.1391720 secs] 372223K->372222K(372224K), [Perm : 13556K->13556K(21248K)], 0.1392010 secs] [Times: user=0.14 sys=0.00, real=0.14 secs] 
146.617: Total time for which application threads were stopped: 0.1394800 seconds, Stopping threads took: 0.0000050 seconds
146.617: Application time: 0.0000750 seconds
146.618: [Full GC146.618: [Tenured: 256703K->256703K(256704K), 0.1391030 secs] 372223K->372222K(372224K), [Perm : 13556K->13556K(21248K)], 0.1391400 secs] [Times: user=0.14 sys=0.00, real=0.14 secs] 
146.757: Total time for which application threads were stopped: 0.1394400 seconds, Stopping threads took: 0.0000080 seconds
146.757: Application time: 0.0000690 seconds
146.757: [Full GC146.757: [Tenured: 256704K->256704K(256704K), 0.1391000 secs] 372224K->372222K(372224K), [Perm : 13556K->13556K(21248K)], 0.1391300 secs] [Times: user=0.14 sys=0.00, real=0.14 secs] 
146.896: Total time for which application threads were stopped: 0.1394230 seconds, Stopping threads took: 0.0000180 seconds
146.896: Application time: 0.0000660 seconds
146.897: [Full GC146.897: [Tenured: 256704K->256704K(256704K), 0.1396510 secs] 372223K->372222K(372224K), [Perm : 13556K->13556K(21248K)], 0.1396800 secs] [Times: user=0.14 sys=0.00, real=0.14 secs] 
147.036: Total time for which application threads were stopped: 0.1399630 seconds, Stopping threads took: 0.0000060 seconds
147.036: Application time: 0.0000510 seconds
147.037: [Full GC147.037: [Tenured: 256704K->256703K(256704K), 0.1906540 secs] 372223K->372222K(372224K), [Perm : 13556K->13556K(21248K)], 0.1906900 secs] [Times: user=0.19 sys=0.00, real=0.19 secs] 
147.227: Total time for which application threads were stopped: 0.1909830 seconds, Stopping threads took: 0.0000110 seconds
147.227: Application time: 0.0000800 seconds
147.228: [Full GC147.228: [Tenured: 256704K->256704K(256704K), 0.1391940 secs] 372223K->372222K(372224K), [Perm : 13556K->13556K(21248K)], 0.1392260 secs] [Times: user=0.14 sys=0.00, real=0.13 secs] 
147.367: Total time for which application threads were stopped: 0.1397290 seconds, Stopping threads took: 0.0000070 seconds
147.367: Application time: 0.0000590 seconds
147.367: [Full GC147.367: [Tenured: 256704K->256704K(256704K), 0.1392810 secs] 372223K->372222K(372224K), [Perm : 13556K->13556K(21248K)], 0.1393120 secs] [Times: user=0.14 sys=0.00, real=0.14 secs] 
147.507: Total time for which application threads were stopped: 0.1395950 seconds, Stopping threads took: 0.0000080 seconds
147.507: Application time: 0.0000510 seconds
147.507: [Full GC147.507: [Tenured: 256704K->256704K(256704K), 0.1396050 secs] 372223K->372222K(372224K), [Perm : 13556K->13556K(21248K)], 0.1396360 secs] [Times: user=0.14 sys=0.00, real=0.14 secs] 
147.647: Total time for which application threads were stopped: 0.1399160 seconds, Stopping threads took: 0.0000060 seconds
147.647: Application time: 0.0000510 seconds
147.647: [Full GC147.647: [Tenured: 256704K->256703K(256704K), 0.1393610 secs] 372223K->372222K(372224K), [Perm : 13556K->13556K(21248K)], 0.1393910 secs] [Times: user=0.14 sys=0.00, real=0.14 secs] 
147.786: Total time for which application threads were stopped: 0.1396750 seconds, Stopping threads took: 0.0000060 seconds
147.787: Application time: 0.0000530 seconds
147.787: [Full GC147.787: [Tenured: 256703K->256703K(256704K), 0.1392270 secs] 372223K->372223K(372224K), [Perm : 13556K->13556K(21248K)], 0.1392610 secs] [Times: user=0.14 sys=0.00, real=0.14 secs] 
147.926: Total time for which application threads were stopped: 0.1395700 seconds, Stopping threads took: 0.0000060 seconds
147.926: Application time: 0.0000450 seconds
147.926: [Full GC147.926: [Tenured: 256703K->256703K(256704K), 0.1393330 secs] 372223K->372223K(372224K), [Perm : 13556K->13556K(21248K)], 0.1393630 secs] [Times: user=0.14 sys=0.00, real=0.14 secs] 
148.066: Total time for which application threads were stopped: 0.1396450 seconds, Stopping threads took: 0.0000060 seconds
148.066: Application time: 0.0000540 seconds
148.066: [Full GC148.066: [Tenured: 256703K->256703K(256704K), 0.1389400 secs] 372223K->372223K(372224K), [Perm : 13556K->13556K(21248K)], 0.1389690 secs] [Times: user=0.14 sys=0.00, real=0.14 secs] 
148.205: Total time for which application threads were stopped: 0.1392520 seconds, Stopping threads took: 0.0000080 seconds
148.205: Application time: 0.0000560 seconds
148.205: [Full GC148.205: [Tenured: 256703K->256703K(256704K), 0.1390860 secs] 372223K->372223K(372224K), [Perm : 13556K->13556K(21248K)], 0.1391130 secs] [Times: user=0.14 sys=0.00, real=0.14 secs] 
148.345: Total time for which application threads were stopped: 0.1394000 seconds, Stopping threads took: 0.0000050 seconds
148.345: Application time: 0.0000500 seconds
148.345: [Full GC148.345: [Tenured: 256703K->256703K(256704K), 0.1390330 secs] 372223K->372223K(372224K), [Perm : 13556K->13556K(21248K)], 0.1390620 secs] [Times: user=0.14 sys=0.00, real=0.14 secs] 
148.484: Total time for which application threads were stopped: 0.1393590 seconds, Stopping threads took: 0.0000060 seconds
148.484: Application time: 0.0000540 seconds
148.484: [Full GC148.484: [Tenured: 256703K->256703K(256704K), 0.1390890 secs] 372223K->372223K(372224K), [Perm : 13556K->13556K(21248K)], 0.1391190 secs] [Times: user=0.14 sys=0.00, real=0.14 secs] 
148.623: [Full GC148.623: [Tenured: 256703K->256703K(256704K), 0.1388500 secs] 372223K->372223K(372224K), [Perm : 13556K->13556K(21248K)], 0.1388810 secs] [Times: user=0.13 sys=0.00, real=0.14 secs] 
148.762: Total time for which application threads were stopped: 0.2783070 seconds, Stopping threads took: 0.0000060 seconds
148.762: Application time: 0.0000460 seconds
148.763: [Full GC148.763: [Tenured: 256703K->256703K(256704K), 0.1390800 secs] 372223K->372223K(372224K), [Perm : 13556K->13556K(21248K)], 0.1391100 secs] [Times: user=0.13 sys=0.00, real=0.14 secs] 
148.902: [Full GC148.902: [Tenured: 256703K->256703K(256704K), 0.1395110 secs] 372223K->372223K(372224K), [Perm : 13556K->13556K(21248K)], 0.1395400 secs] [Times: user=0.14 sys=0.00, real=0.14 secs] 
149.041: Total time for which application threads were stopped: 0.2789680 seconds, Stopping threads took: 0.0000090 seconds
149.041: Application time: 0.0000570 seconds
149.042: [Full GC149.042: [Tenured: 256703K->256703K(256704K), 0.1392650 secs] 372223K->372223K(372224K), [Perm : 13556K->13556K(21248K)], 0.1392930 secs] [Times: user=0.14 sys=0.00, real=0.14 secs] 
149.181: [Full GC149.181: [Tenured: 256703K->256703K(256704K), 0.1400440 secs] 372223K->372223K(372224K), [Perm : 13556K->13556K(21248K)], 0.1400730 secs] [Times: user=0.14 sys=0.00, real=0.14 secs] 
149.321: Total time for which application threads were stopped: 0.2797050 seconds, Stopping threads took: 0.0000180 seconds
149.321: Application time: 0.0000480 seconds
149.321: [Full GC149.321: [Tenured: 256703K->256695K(256704K), 0.1390130 secs] 372223K->372209K(372224K), [Perm : 13556K->13556K(21248K)], 0.1390430 secs] [Times: user=0.14 sys=0.00, real=0.14 secs] 
149.460: Total time for which application threads were stopped: 0.1393570 seconds, Stopping threads took: 0.0000380 seconds
149.461: Application time: 0.0001380 seconds
149.461: [Full GC149.461: [Tenured: 256704K->256704K(256704K), 0.1389490 secs] 372224K->372211K(372224K), [Perm : 13556K->13556K(21248K)], 0.1389790 secs] [Times: user=0.14 sys=0.00, real=0.14 secs] 
149.600: Total time for which application threads were stopped: 0.1392620 seconds, Stopping threads took: 0.0000060 seconds
149.600: Application time: 0.0001170 seconds
149.600: [Full GC149.600: [Tenured: 256704K->256704K(256704K), 0.1388380 secs] 372223K->372213K(372224K), [Perm : 13556K->13556K(21248K)], 0.1388690 secs] [Times: user=0.14 sys=0.00, real=0.13 secs] 
149.739: Total time for which application threads were stopped: 0.1391730 seconds, Stopping threads took: 0.0000110 seconds
149.739: Application time: 0.0001130 seconds
149.740: [Full GC149.740: [Tenured: 256704K->256704K(256704K), 0.1392710 secs] 372223K->372215K(372224K), [Perm : 13556K->13556K(21248K)], 0.1393030 secs] [Times: user=0.14 sys=0.00, real=0.13 secs] 
149.879: Total time for which application threads were stopped: 0.1395920 seconds, Stopping threads took: 0.0000060 seconds
149.879: Application time: 0.0001050 seconds
149.879: [Full GC149.879: [Tenured: 256704K->256694K(256704K), 0.1461910 secs] 372223K->372206K(372224K), [Perm : 13556K->13556K(21248K)], 0.1462280 secs] [Times: user=0.15 sys=0.00, real=0.15 secs] 
150.026: Total time for which application threads were stopped: 0.1465190 seconds, Stopping threads took: 0.0000070 seconds
150.026: Application time: 0.0001630 seconds
150.026: [Full GC150.026: [Tenured: 256704K->256704K(256704K), 0.1390890 secs] 372223K->372213K(372224K), [Perm : 13556K->13556K(21248K)], 0.1391310 secs] [Times: user=0.14 sys=0.00, real=0.14 secs] 
150.165: Total time for which application threads were stopped: 0.1395990 seconds, Stopping threads took: 0.0000080 seconds
150.165: Application time: 0.0001150 seconds
150.166: [Full GC150.166: [Tenured: 256704K->256704K(256704K), 0.1389300 secs] 372224K->372215K(372224K), [Perm : 13556K->13556K(21248K)], 0.1389640 secs] [Times: user=0.14 sys=0.00, real=0.14 secs] 
150.305: Total time for which application threads were stopped: 0.1392810 seconds, Stopping threads took: 0.0000210 seconds
150.305: Application time: 0.0001000 seconds
150.305: [Full GC150.305: [Tenured: 256704K->256704K(256704K), 0.1390220 secs] 372223K->372216K(372224K), [Perm : 13556K->13556K(21248K)], 0.1390530 secs] [Times: user=0.14 sys=0.00, real=0.14 secs] 
150.444: Total time for which application threads were stopped: 0.1393380 seconds, Stopping threads took: 0.0000070 seconds
150.444: Application time: 0.0001030 seconds
150.444: [Full GC150.444: [Tenured: 256704K->256695K(256704K), 0.1389950 secs] 372223K->372208K(372224K), [Perm : 13556K->13556K(21248K)], 0.1390400 secs] [Times: user=0.14 sys=0.00, real=0.14 secs] 
150.584: Total time for which application threads were stopped: 0.1393250 seconds, Stopping threads took: 0.0000070 seconds
150.584: Application time: 0.0001270 seconds
150.584: [Full GC150.584: [Tenured: 256704K->256704K(256704K), 0.1389690 secs] 372224K->372213K(372224K), [Perm : 13556K->13556K(21248K)], 0.1389990 secs] [Times: user=0.14 sys=0.00, real=0.14 secs] 
150.723: Total time for which application threads were stopped: 0.1392820 seconds, Stopping threads took: 0.0000050 seconds
150.723: Application time: 0.0001090 seconds
150.723: [Full GC150.723: [Tenured: 256704K->256704K(256704K), 0.1393310 secs] 372223K->372215K(372224K), [Perm : 13556K->13556K(21248K)], 0.1393620 secs] [Times: user=0.14 sys=0.00, real=0.14 secs] 
150.863: Total time for which application threads were stopped: 0.1396610 seconds, Stopping threads took: 0.0000060 seconds
150.863: Application time: 0.0001040 seconds
150.863: [Full GC150.863: [Tenured: 256704K->256704K(256704K), 0.1392500 secs] 372224K->372216K(372224K), [Perm : 13556K->13556K(21248K)], 0.1392800 secs] [Times: user=0.14 sys=0.00, real=0.14 secs] 
151.002: Total time for which application threads were stopped: 0.1395630 seconds, Stopping threads took: 0.0000060 seconds
151.003: Application time: 0.0001060 seconds
151.003: [Full GC151.003: [Tenured: 256704K->256695K(256704K), 0.1389930 secs] 372223K->372207K(372224K), [Perm : 13556K->13556K(21248K)], 0.1390270 secs] [Times: user=0.14 sys=0.00, real=0.14 secs] 
151.142: Total time for which application threads were stopped: 0.1393130 seconds, Stopping threads took: 0.0000070 seconds
151.142: Application time: 0.0001370 seconds
151.142: [Full GC151.142: [Tenured: 256703K->256703K(256704K), 0.1390940 secs] 372223K->372215K(372224K), [Perm : 13556K->13556K(21248K)], 0.1391250 secs] [Times: user=0.14 sys=0.00, real=0.14 secs] 
151.281: Total time for which application threads were stopped: 0.1394070 seconds, Stopping threads took: 0.0000050 seconds
151.282: Application time: 0.0001240 seconds
151.282: [Full GC151.282: [Tenured: 256703K->256703K(256704K), 0.1388660 secs] 372223K->372216K(372224K), [Perm : 13556K->13556K(21248K)], 0.1388980 secs] [Times: user=0.14 sys=0.00, real=0.14 secs] 
151.421: Total time for which application threads were stopped: 0.1392020 seconds, Stopping threads took: 0.0000080 seconds
151.421: Application time: 0.0001020 seconds
151.421: [Full GC151.421: [Tenured: 256703K->256703K(256704K), 0.1389750 secs] 372223K->372217K(372224K), [Perm : 13556K->13556K(21248K)], 0.1390040 secs] [Times: user=0.14 sys=0.00, real=0.14 secs] 
151.560: Total time for which application threads were stopped: 0.1392860 seconds, Stopping threads took: 0.0000060 seconds
151.560: Application time: 0.0000880 seconds
151.560: [Full GC151.560: [Tenured: 256703K->256695K(256704K), 0.1390860 secs] 372223K->372209K(372224K), [Perm : 13556K->13556K(21248K)], 0.1391260 secs] [Times: user=0.14 sys=0.00, real=0.14 secs] 
151.700: Total time for which application threads were stopped: 0.1394090 seconds, Stopping threads took: 0.0000070 seconds
151.700: Application time: 0.0001400 seconds
151.700: [Full GC151.700: [Tenured: 256703K->256703K(256704K), 0.1392760 secs] 372223K->372215K(372224K), [Perm : 13556K->13556K(21248K)], 0.1393100 secs] [Times: user=0.14 sys=0.00, real=0.13 secs] 
151.839: Total time for which application threads were stopped: 0.1395960 seconds, Stopping threads took: 0.0000070 seconds
151.839: Application time: 0.0000940 seconds
151.840: [Full GC151.840: [Tenured: 256703K->256703K(256704K), 0.1393690 secs] 372223K->372217K(372224K), [Perm : 13556K->13556K(21248K)], 0.1394000 secs] [Times: user=0.14 sys=0.00, real=0.13 secs] 
151.979: Total time for which application threads were stopped: 0.1397070 seconds, Stopping threads took: 0.0000060 seconds
151.979: Application time: 0.0000920 seconds
151.980: [Full GC151.980: [Tenured: 256703K->256703K(256704K), 0.1391110 secs] 372223K->372217K(372224K), [Perm : 13556K->13556K(21248K)], 0.1391490 secs] [Times: user=0.14 sys=0.01, real=0.14 secs] 
152.119: Total time for which application threads were stopped: 0.1394500 seconds, Stopping threads took: 0.0000060 seconds
152.119: Application time: 0.0001020 seconds
152.119: [Full GC152.119: [Tenured: 256703K->256696K(256704K), 0.1391420 secs] 372223K->372211K(372224K), [Perm : 13556K->13556K(21248K)], 0.1391760 secs] [Times: user=0.14 sys=0.00, real=0.14 secs] 
152.258: Total time for which application threads were stopped: 0.1394600 seconds, Stopping threads took: 0.0000070 seconds
152.258: Application time: 0.0001270 seconds
152.259: [Full GC152.259: [Tenured: 256704K->256704K(256704K), 0.1404310 secs] 372224K->372217K(372224K), [Perm : 13556K->13556K(21248K)], 0.1404660 secs] [Times: user=0.14 sys=0.00, real=0.14 secs] 
152.399: Total time for which application threads were stopped: 0.1407530 seconds, Stopping threads took: 0.0000070 seconds
152.399: Application time: 0.0000910 seconds
152.399: [Full GC152.399: [Tenured: 256704K->256704K(256704K), 0.1388850 secs] 372223K->372218K(372224K), [Perm : 13556K->13556K(21248K)], 0.1389190 secs] [Times: user=0.14 sys=0.00, real=0.14 secs] 
152.538: Total time for which application threads were stopped: 0.1392190 seconds, Stopping threads took: 0.0000070 seconds
152.539: Application time: 0.0000800 seconds
152.539: [Full GC152.539: [Tenured: 256704K->256704K(256704K), 0.1390270 secs] 372223K->372219K(372224K), [Perm : 13556K->13556K(21248K)], 0.1390610 secs] [Times: user=0.14 sys=0.00, real=0.14 secs] 
152.678: Total time for which application threads were stopped: 0.1393440 seconds, Stopping threads took: 0.0000070 seconds
152.678: Application time: 0.0000820 seconds
152.678: [Full GC152.678: [Tenured: 256704K->256698K(256704K), 0.1389080 secs] 372223K->372214K(372224K), [Perm : 13556K->13556K(21248K)], 0.1389410 secs] [Times: user=0.14 sys=0.00, real=0.14 secs] 
152.817: Total time for which application threads were stopped: 0.1392240 seconds, Stopping threads took: 0.0000070 seconds
152.817: Application time: 0.0001100 seconds
152.818: [Full GC152.818: [Tenured: 256704K->256704K(256704K), 0.1389440 secs] 372224K->372218K(372224K), [Perm : 13556K->13556K(21248K)], 0.1389800 secs] [Times: user=0.14 sys=0.00, real=0.14 secs] 
152.957: Total time for which application threads were stopped: 0.1392700 seconds, Stopping threads took: 0.0000060 seconds
152.957: Application time: 0.0000770 seconds
152.957: [Full GC152.957: [Tenured: 256704K->256704K(256704K), 0.1392440 secs] 372223K->372220K(372224K), [Perm : 13556K->13556K(21248K)], 0.1392750 secs] [Times: user=0.14 sys=0.00, real=0.14 secs] 
153.096: Total time for which application threads were stopped: 0.1395720 seconds, Stopping threads took: 0.0000060 seconds
153.096: Application time: 0.0000680 seconds
153.097: [Full GC153.097: [Tenured: 256704K->256704K(256704K), 0.1390920 secs] 372223K->372220K(372224K), [Perm : 13556K->13556K(21248K)], 0.1391300 secs] [Times: user=0.14 sys=0.00, real=0.14 secs] 
153.236: Total time for which application threads were stopped: 0.1394100 seconds, Stopping threads took: 0.0000060 seconds
153.236: Application time: 0.0000900 seconds
153.236: [Full GC153.236: [Tenured: 256704K->256699K(256704K), 0.1390030 secs] 372223K->372215K(372224K), [Perm : 13556K->13556K(21248K)], 0.1390360 secs] [Times: user=0.14 sys=0.00, real=0.14 secs] 
153.375: Total time for which application threads were stopped: 0.1393180 seconds, Stopping threads took: 0.0000060 seconds
153.375: Application time: 0.0000970 seconds
153.375: [Full GC153.375: [Tenured: 256704K->256704K(256704K), 0.1389390 secs] 372224K->372218K(372224K), [Perm : 13556K->13556K(21248K)], 0.1389690 secs] [Times: user=0.14 sys=0.00, real=0.14 secs] 
153.514: Total time for which application threads were stopped: 0.1392470 seconds, Stopping threads took: 0.0000060 seconds
153.515: Application time: 0.0000800 seconds
153.515: [Full GC153.515: [Tenured: 256704K->256704K(256704K), 0.1390210 secs] 372223K->372219K(372224K), [Perm : 13556K->13556K(21248K)], 0.1390510 secs] [Times: user=0.14 sys=0.00, real=0.14 secs] 
153.654: Total time for which application threads were stopped: 0.1393510 seconds, Stopping threads took: 0.0000060 seconds
153.654: Application time: 0.0000760 seconds
153.654: [Full GC153.654: [Tenured: 256704K->256704K(256704K), 0.1389820 secs] 372224K->372219K(372224K), [Perm : 13556K->13556K(21248K)], 0.1390120 secs] [Times: user=0.14 sys=0.00, real=0.14 secs] 
153.793: Total time for which application threads were stopped: 0.1392910 seconds, Stopping threads took: 0.0000050 seconds
153.793: Application time: 0.0001030 seconds
153.794: [Full GC153.794: [Tenured: 256704K->256699K(256704K), 0.1414560 secs] 372224K->372216K(372224K), [Perm : 13556K->13556K(21248K)], 0.1414870 secs] [Times: user=0.14 sys=0.00, real=0.14 secs] 
153.935: Total time for which application threads were stopped: 0.1417690 seconds, Stopping threads took: 0.0000080 seconds
153.935: Application time: 0.0000950 seconds
153.935: [Full GC153.935: [Tenured: 256703K->256703K(256704K), 0.1392350 secs] 372223K->372219K(372224K), [Perm : 13556K->13556K(21248K)], 0.1392690 secs] [Times: user=0.14 sys=0.00, real=0.14 secs] 
154.075: Total time for which application threads were stopped: 0.1395540 seconds, Stopping threads took: 0.0000070 seconds
154.075: Application time: 0.0000470 seconds
154.075: [Full GC154.075: [Tenured: 256703K->256703K(256704K), 0.1544140 secs] 372221K->372221K(372224K), [Perm : 13556K->13556K(21248K)], 0.1544460 secs] [Times: user=0.15 sys=0.00, real=0.16 secs] 
154.230: [Full GC154.230: [Tenured: 256703K->256700K(256704K), 0.1504050 secs] 372221K->372218K(372224K), [Perm : 13556K->13556K(21248K)], 0.1504320 secs] [Times: user=0.15 sys=0.00, real=0.15 secs] 
154.380: Total time for which application threads were stopped: 0.3052060 seconds, Stopping threads took: 0.0000070 seconds
154.380: Application time: 0.0001340 seconds
154.380: [Full GC154.380: [Tenured: 256703K->256701K(256704K), 0.1390080 secs] 372223K->372219K(372224K), [Perm : 13556K->13556K(21248K)], 0.1390420 secs] [Times: user=0.14 sys=0.00, real=0.13 secs] 
154.519: Total time for which application threads were stopped: 0.1393290 seconds, Stopping threads took: 0.0000090 seconds
154.520: Application time: 0.0000930 seconds
154.520: [Full GC154.520: [Tenured: 256703K->256703K(256704K), 0.1389530 secs] 372223K->372221K(372224K), [Perm : 13556K->13556K(21248K)], 0.1389870 secs] [Times: user=0.14 sys=0.00, real=0.13 secs] 
154.659: Total time for which application threads were stopped: 0.1392700 seconds, Stopping threads took: 0.0000060 seconds
154.659: Application time: 0.0000780 seconds
154.659: [Full GC154.659: [Tenured: 256703K->256703K(256704K), 0.1389510 secs] 372223K->372221K(372224K), [Perm : 13556K->13556K(21248K)], 0.1389840 secs] [Times: user=0.14 sys=0.00, real=0.14 secs] 
154.798: Total time for which application threads were stopped: 0.1392920 seconds, Stopping threads took: 0.0000060 seconds
154.798: Application time: 0.0000640 seconds
154.799: [Full GC154.799: [Tenured: 256703K->256703K(256704K), 0.1389440 secs] 372223K->372222K(372224K), [Perm : 13556K->13556K(21248K)], 0.1389750 secs] [Times: user=0.14 sys=0.00, real=0.14 secs] 
154.938: Total time for which application threads were stopped: 0.1392570 seconds, Stopping threads took: 0.0000070 seconds
154.938: Application time: 0.0000550 seconds
154.938: [Full GC154.938: [Tenured: 256703K->256700K(256704K), 0.1392030 secs] 372223K->372219K(372224K), [Perm : 13556K->13556K(21248K)], 0.1392320 secs] [Times: user=0.14 sys=0.00, real=0.14 secs] 
155.077: Total time for which application threads were stopped: 0.1395150 seconds, Stopping threads took: 0.0000090 seconds
155.077: Application time: 0.0001220 seconds
155.078: [Full GC155.078: [Tenured: 256703K->256703K(256704K), 0.1545620 secs] 372223K->372222K(372224K), [Perm : 13556K->13556K(21248K)], 0.1545930 secs] [Times: user=0.15 sys=0.00, real=0.16 secs] 
155.232: Total time for which application threads were stopped: 0.1548910 seconds, Stopping threads took: 0.0000190 seconds
155.232: Application time: 0.0000570 seconds
155.232: [Full GC155.232: [Tenured: 256703K->256703K(256704K), 0.1499300 secs] 372223K->372223K(372224K), [Perm : 13556K->13556K(21248K)], 0.1499600 secs] [Times: user=0.15 sys=0.00, real=0.15 secs] 
155.382: Total time for which application threads were stopped: 0.1502600 seconds, Stopping threads took: 0.0000060 seconds
155.383: Application time: 0.0000550 seconds
155.383: [Full GC155.383: [Tenured: 256703K->256703K(256704K), 0.1391120 secs] 372223K->372223K(372224K), [Perm : 13556K->13556K(21248K)], 0.1391410 secs] [Times: user=0.14 sys=0.00, real=0.14 secs] 
155.522: Total time for which application threads were stopped: 0.1394190 seconds, Stopping threads took: 0.0000050 seconds
155.522: Application time: 0.0000620 seconds
155.522: [Full GC155.522: [Tenured: 256703K->256700K(256704K), 0.1390030 secs] 372223K->372220K(372224K), [Perm : 13556K->13556K(21248K)], 0.1390320 secs] [Times: user=0.14 sys=0.00, real=0.14 secs] 
155.661: Total time for which application threads were stopped: 0.1393120 seconds, Stopping threads took: 0.0000060 seconds
155.661: Application time: 0.0000780 seconds
155.662: [Full GC155.662: [Tenured: 256703K->256703K(256704K), 0.1389290 secs] 372223K->372222K(372224K), [Perm : 13556K->13556K(21248K)], 0.1389590 secs] [Times: user=0.14 sys=0.00, real=0.14 secs] 
155.801: Total time for which application threads were stopped: 0.1392390 seconds, Stopping threads took: 0.0000060 seconds
155.801: Application time: 0.0000560 seconds
155.801: [Full GC155.801: [Tenured: 256703K->256703K(256704K), 0.1388990 secs] 372223K->372223K(372224K), [Perm : 13556K->13556K(21248K)], 0.1389270 secs] [Times: user=0.14 sys=0.00, real=0.14 secs] 
155.940: Total time for which application threads were stopped: 0.1392240 seconds, Stopping threads took: 0.0000060 seconds
155.940: Application time: 0.0000430 seconds
155.940: [Full GC155.940: [Tenured: 256703K->256703K(256704K), 0.1392370 secs] 372223K->372223K(372224K), [Perm : 13556K->13556K(21248K)], 0.1392680 secs] [Times: user=0.14 sys=0.00, real=0.13 secs] 
156.079: Total time for which application threads were stopped: 0.1395510 seconds, Stopping threads took: 0.0000060 seconds
156.080: Application time: 0.0000570 seconds
156.080: [Full GC156.080: [Tenured: 256703K->256701K(256704K), 0.1390020 secs] 372223K->372220K(372224K), [Perm : 13556K->13556K(21248K)], 0.1390350 secs] [Times: user=0.14 sys=0.00, real=0.13 secs] 
156.219: Total time for which application threads were stopped: 0.1393170 seconds, Stopping threads took: 0.0000080 seconds
156.219: Application time: 0.0000740 seconds
156.219: [Full GC156.219: [Tenured: 256703K->256703K(256704K), 0.1389920 secs] 372223K->372222K(372224K), [Perm : 13556K->13556K(21248K)], 0.1390240 secs] [Times: user=0.14 sys=0.00, real=0.14 secs] 
156.358: Total time for which application threads were stopped: 0.1393080 seconds, Stopping threads took: 0.0000100 seconds
156.358: Application time: 0.0000630 seconds
156.359: [Full GC156.359: [Tenured: 256703K->256703K(256704K), 0.1390460 secs] 372223K->372221K(372224K), [Perm : 13556K->13556K(21248K)], 0.1390820 secs] [Times: user=0.14 sys=0.00, real=0.14 secs] 
156.498: Total time for which application threads were stopped: 0.1393810 seconds, Stopping threads took: 0.0000060 seconds
156.498: Application time: 0.0000770 seconds
156.498: [Full GC156.498: [Tenured: 256703K->256703K(256704K), 0.1392310 secs] 372223K->372222K(372224K), [Perm : 13556K->13556K(21248K)], 0.1392600 secs] [Times: user=0.14 sys=0.00, real=0.14 secs] 
156.637: Total time for which application threads were stopped: 0.1395420 seconds, Stopping threads took: 0.0000060 seconds
156.637: Application time: 0.0000590 seconds
156.638: [Full GC156.638: [Tenured: 256703K->256700K(256704K), 0.1388780 secs] 372222K->372218K(372224K), [Perm : 13556K->13556K(21248K)], 0.1389080 secs] [Times: user=0.14 sys=0.00, real=0.14 secs] 
156.777: Total time for which application threads were stopped: 0.1391940 seconds, Stopping threads took: 0.0000090 seconds
156.777: Application time: 0.0000440 seconds
156.777: [Full GC156.777: [Tenured: 256702K->256702K(256704K), 0.1414520 secs] 372220K->372220K(372224K), [Perm : 13556K->13556K(21248K)], 0.1414830 secs] [Times: user=0.14 sys=0.00, real=0.14 secs] 
156.918: [Full GC156.918: [Tenured: 256702K->256701K(256704K), 0.1391100 secs] 372220K->372219K(372224K), [Perm : 13556K->13556K(21248K)], 0.1391400 secs] [Times: user=0.14 sys=0.00, real=0.14 secs] 
157.058: Total time for which application threads were stopped: 0.2809340 seconds, Stopping threads took: 0.0000100 seconds
157.058: Application time: 0.0001000 seconds
157.058: [Full GC157.058: [Tenured: 256703K->256703K(256704K), 0.1394630 secs] 372223K->372219K(372224K), [Perm : 13556K->13556K(21248K)], 0.1394960 secs] [Times: user=0.14 sys=0.00, real=0.14 secs] 
157.197: Total time for which application threads were stopped: 0.1397980 seconds, Stopping threads took: 0.0000070 seconds
157.198: Application time: 0.0000990 seconds
157.198: [Full GC157.198: [Tenured: 256703K->256699K(256704K), 0.1393670 secs] 372223K->372214K(372224K), [Perm : 13556K->13556K(21248K)], 0.1393990 secs] [Times: user=0.14 sys=0.00, real=0.14 secs] 
157.337: Total time for which application threads were stopped: 0.1396900 seconds, Stopping threads took: 0.0000130 seconds
157.337: Application time: 0.0000950 seconds
157.338: [Full GC157.338: [Tenured: 256703K->256703K(256704K), 0.1394610 secs] 372223K->372219K(372224K), [Perm : 13556K->13556K(21248K)], 0.1394900 secs] [Times: user=0.14 sys=0.00, real=0.14 secs] 
157.477: Total time for which application threads were stopped: 0.1397730 seconds, Stopping threads took: 0.0000060 seconds
157.477: Application time: 0.0001050 seconds
157.477: [Full GC157.477: [Tenured: 256703K->256703K(256704K), 0.1394450 secs] 372223K->372220K(372224K), [Perm : 13556K->13556K(21248K)], 0.1394760 secs] [Times: user=0.14 sys=0.00, real=0.14 secs] 
157.617: Total time for which application threads were stopped: 0.1397610 seconds, Stopping threads took: 0.0000070 seconds
157.617: Application time: 0.0000940 seconds
157.617: [Full GC157.617: [Tenured: 256703K->256703K(256704K), 0.1394060 secs] 372223K->372221K(372224K), [Perm : 13557K->13557K(21248K)], 0.1394380 secs] [Times: user=0.14 sys=0.00, real=0.14 secs] 
157.757: Total time for which application threads were stopped: 0.1397420 seconds, Stopping threads took: 0.0000070 seconds
157.757: Application time: 0.0000710 seconds
157.757: [Full GC157.757: [Tenured: 256703K->256698K(256704K), 0.1393780 secs] 372223K->372216K(372224K), [Perm : 13557K->13557K(21248K)], 0.1394090 secs] [Times: user=0.14 sys=0.00, real=0.14 secs] 
157.897: Total time for which application threads were stopped: 0.1396890 seconds, Stopping threads took: 0.0000060 seconds
157.897: Application time: 0.0000970 seconds
157.897: [Full GC157.897: [Tenured: 256704K->256704K(256704K), 0.1399590 secs] 372224K->372220K(372224K), [Perm : 13557K->13557K(21248K)], 0.1399960 secs] [Times: user=0.14 sys=0.00, real=0.14 secs] 
158.037: Total time for which application threads were stopped: 0.1402780 seconds, Stopping threads took: 0.0000060 seconds
158.037: Application time: 0.0000840 seconds
158.037: [Full GC158.037: [Tenured: 256704K->256704K(256704K), 0.1393970 secs] 372223K->372220K(372224K), [Perm : 13557K->13557K(21248K)], 0.1394270 secs] [Times: user=0.14 sys=0.00, real=0.14 secs] 
158.177: Total time for which application threads were stopped: 0.1397140 seconds, Stopping threads took: 0.0000090 seconds
158.177: Application time: 0.0000780 seconds
158.177: [Full GC158.177: [Tenured: 256704K->256704K(256704K), 0.1394660 secs] 372224K->372221K(372224K), [Perm : 13557K->13557K(21248K)], 0.1394960 secs] [Times: user=0.14 sys=0.00, real=0.14 secs] 
158.317: Total time for which application threads were stopped: 0.1397950 seconds, Stopping threads took: 0.0000060 seconds
158.317: Application time: 0.0000700 seconds
158.317: [Full GC158.317: [Tenured: 256704K->256698K(256704K), 0.1398160 secs] 372223K->372216K(372224K), [Perm : 13557K->13557K(21248K)], 0.1398450 secs] [Times: user=0.14 sys=0.00, real=0.14 secs] 
158.457: Total time for which application threads were stopped: 0.1401300 seconds, Stopping threads took: 0.0000070 seconds
158.457: Application time: 0.0000890 seconds
158.457: [Full GC158.457: [Tenured: 256703K->256703K(256704K), 0.1394450 secs] 372223K->372221K(372224K), [Perm : 13557K->13557K(21248K)], 0.1394740 secs] [Times: user=0.14 sys=0.00, real=0.14 secs] 
158.597: Total time for which application threads were stopped: 0.1397530 seconds, Stopping threads took: 0.0000050 seconds
158.597: Application time: 0.0000750 seconds
158.597: [Full GC158.597: [Tenured: 256703K->256703K(256704K), 0.1394830 secs] 372223K->372221K(372224K), [Perm : 13557K->13557K(21248K)], 0.1395120 secs] [Times: user=0.14 sys=0.00, real=0.14 secs] 
158.737: Total time for which application threads were stopped: 0.1397970 seconds, Stopping threads took: 0.0000100 seconds
158.737: Application time: 0.0000740 seconds
158.737: [Full GC158.737: [Tenured: 256703K->256703K(256704K), 0.1394930 secs] 372223K->372221K(372224K), [Perm : 13557K->13557K(21248K)], 0.1395230 secs] [Times: user=0.14 sys=0.00, real=0.14 secs] 
158.876: Total time for which application threads were stopped: 0.1398340 seconds, Stopping threads took: 0.0000190 seconds
158.877: Application time: 0.0000720 seconds
158.877: [Full GC158.877: [Tenured: 256703K->256698K(256704K), 0.1399750 secs] 372223K->372217K(372224K), [Perm : 13557K->13557K(21248K)], 0.1400040 secs] [Times: user=0.14 sys=0.00, real=0.14 secs] 
159.017: Total time for which application threads were stopped: 0.1402870 seconds, Stopping threads took: 0.0000050 seconds
159.017: Application time: 0.0001130 seconds
159.017: [Full GC159.017: [Tenured: 256704K->256704K(256704K), 0.1394840 secs] 372224K->372221K(372224K), [Perm : 13557K->13557K(21248K)], 0.1395130 secs] [Times: user=0.14 sys=0.00, real=0.14 secs] 
159.157: Total time for which application threads were stopped: 0.1397940 seconds, Stopping threads took: 0.0000060 seconds
159.157: Application time: 0.0000700 seconds
159.157: [Full GC159.157: [Tenured: 256704K->256704K(256704K), 0.1393900 secs] 372223K->372221K(372224K), [Perm : 13557K->13557K(21248K)], 0.1394180 secs] [Times: user=0.14 sys=0.00, real=0.14 secs] 
159.297: Total time for which application threads were stopped: 0.1397000 seconds, Stopping threads took: 0.0000060 seconds
159.297: Application time: 0.0000750 seconds
159.297: [Full GC159.297: [Tenured: 256704K->256704K(256704K), 0.1393900 secs] 372223K->372222K(372224K), [Perm : 13557K->13557K(21248K)], 0.1394170 secs] [Times: user=0.14 sys=0.00, real=0.14 secs] 
159.436: Total time for which application threads were stopped: 0.1397170 seconds, Stopping threads took: 0.0000060 seconds
159.436: Application time: 0.0000680 seconds
159.437: [Full GC159.437: [Tenured: 256704K->256700K(256704K), 0.1393580 secs] 372223K->372218K(372224K), [Perm : 13557K->13557K(21248K)], 0.1393870 secs] [Times: user=0.14 sys=0.00, real=0.14 secs] 
159.576: Total time for which application threads were stopped: 0.1396790 seconds, Stopping threads took: 0.0000070 seconds
159.576: Application time: 0.0000870 seconds
159.576: [Full GC159.576: [Tenured: 256703K->256703K(256704K), 0.1393610 secs] 372223K->372221K(372224K), [Perm : 13557K->13557K(21248K)], 0.1393900 secs] [Times: user=0.14 sys=0.00, real=0.14 secs] 
159.716: Total time for which application threads were stopped: 0.1396860 seconds, Stopping threads took: 0.0000180 seconds
159.716: Application time: 0.0000760 seconds
159.716: [Full GC159.716: [Tenured: 256703K->256703K(256704K), 0.1398590 secs] 372223K->372221K(372224K), [Perm : 13557K->13557K(21248K)], 0.1398880 secs] [Times: user=0.14 sys=0.00, real=0.14 secs] 
159.856: Total time for which application threads were stopped: 0.1401700 seconds, Stopping threads took: 0.0000050 seconds
159.856: Application time: 0.0000710 seconds
159.856: [Full GC159.856: [Tenured: 256703K->256703K(256704K), 0.1397120 secs] 372223K->372222K(372224K), [Perm : 13557K->13557K(21248K)], 0.1397410 secs] [Times: user=0.14 sys=0.00, real=0.14 secs] 
159.996: Total time for which application threads were stopped: 0.1400390 seconds, Stopping threads took: 0.0000080 seconds
159.996: Application time: 0.0000740 seconds
159.997: [Full GC159.997: [Tenured: 256703K->256700K(256704K), 0.1394010 secs] 372223K->372218K(372224K), [Perm : 13557K->13557K(21248K)], 0.1394290 secs] [Times: user=0.14 sys=0.00, real=0.14 secs] 
160.136: Total time for which application threads were stopped: 0.1397100 seconds, Stopping threads took: 0.0000050 seconds
160.136: Application time: 0.0000800 seconds
160.136: [Full GC160.136: [Tenured: 256703K->256703K(256704K), 0.1394190 secs] 372223K->372221K(372224K), [Perm : 13557K->13557K(21248K)], 0.1394480 secs] [Times: user=0.14 sys=0.00, real=0.14 secs] 
160.276: Total time for which application threads were stopped: 0.1397310 seconds, Stopping threads took: 0.0000070 seconds
160.276: Application time: 0.0000670 seconds
160.276: [Full GC160.276: [Tenured: 256703K->256703K(256704K), 0.1396130 secs] 372223K->372222K(372224K), [Perm : 13557K->13557K(21248K)], 0.1396410 secs] [Times: user=0.14 sys=0.00, real=0.14 secs] 
160.416: Total time for which application threads were stopped: 0.1399200 seconds, Stopping threads took: 0.0000050 seconds
160.416: Application time: 0.0000650 seconds
160.416: [Full GC160.416: [Tenured: 256703K->256703K(256704K), 0.1395590 secs] 372223K->372222K(372224K), [Perm : 13557K->13557K(21248K)], 0.1395880 secs] [Times: user=0.14 sys=0.00, real=0.14 secs] 
160.556: Total time for which application threads were stopped: 0.1399020 seconds, Stopping threads took: 0.0000200 seconds
160.556: Application time: 0.0000590 seconds
160.556: [Full GC160.556: [Tenured: 256703K->256700K(256704K), 0.1394270 secs] 372223K->372220K(372224K), [Perm : 13557K->13557K(21248K)], 0.1394660 secs] [Times: user=0.14 sys=0.00, real=0.14 secs] 
160.696: Total time for which application threads were stopped: 0.1397460 seconds, Stopping threads took: 0.0000050 seconds
160.696: Application time: 0.0000800 seconds
160.696: [Full GC160.696: [Tenured: 256704K->256704K(256704K), 0.1394990 secs] 372224K->372221K(372224K), [Perm : 13557K->13557K(21248K)], 0.1395290 secs] [Times: user=0.14 sys=0.00, real=0.14 secs] 
160.835: Total time for which application threads were stopped: 0.1398110 seconds, Stopping threads took: 0.0000060 seconds
160.836: Application time: 0.0000890 seconds
160.836: [Full GC160.836: [Tenured: 256704K->256704K(256704K), 0.1393400 secs] 372224K->372222K(372224K), [Perm : 13557K->13557K(21248K)], 0.1393710 secs] [Times: user=0.14 sys=0.00, real=0.14 secs] 
160.975: Total time for which application threads were stopped: 0.1396550 seconds, Stopping threads took: 0.0000070 seconds
160.975: Application time: 0.0000750 seconds
160.976: [Full GC160.976: [Tenured: 256704K->256704K(256704K), 0.1396140 secs] 372224K->372222K(372224K), [Perm : 13557K->13557K(21248K)], 0.1396460 secs] [Times: user=0.14 sys=0.00, real=0.14 secs] 
161.115: Total time for which application threads were stopped: 0.1399620 seconds, Stopping threads took: 0.0000070 seconds
161.115: Application time: 0.0000640 seconds
161.116: [Full GC161.116: [Tenured: 256704K->256701K(256704K), 0.1396090 secs] 372223K->372220K(372224K), [Perm : 13557K->13557K(21248K)], 0.1396390 secs] [Times: user=0.14 sys=0.00, real=0.14 secs] 
161.255: Total time for which application threads were stopped: 0.1399270 seconds, Stopping threads took: 0.0000060 seconds
161.255: Application time: 0.0000820 seconds
161.256: [Full GC161.256: [Tenured: 256703K->256703K(256704K), 0.1400750 secs] 372223K->372222K(372224K), [Perm : 13557K->13557K(21248K)], 0.1401040 secs] [Times: user=0.14 sys=0.00, real=0.14 secs] 
161.396: Total time for which application threads were stopped: 0.1403890 seconds, Stopping threads took: 0.0000060 seconds
161.396: Application time: 0.0000580 seconds
161.396: [Full GC161.396: [Tenured: 256704K->256704K(256704K), 0.1393450 secs] 372223K->372222K(372224K), [Perm : 13557K->13557K(21248K)], 0.1393710 secs] [Times: user=0.14 sys=0.00, real=0.14 secs] 
161.535: Total time for which application threads were stopped: 0.1396540 seconds, Stopping threads took: 0.0000080 seconds
161.535: Application time: 0.0000620 seconds
161.536: [Full GC161.536: [Tenured: 256704K->256704K(256704K), 0.1395490 secs] 372223K->372222K(372224K), [Perm : 13557K->13557K(21248K)], 0.1395770 secs] [Times: user=0.14 sys=0.00, real=0.14 secs] 
161.675: Total time for which application threads were stopped: 0.1398860 seconds, Stopping threads took: 0.0000090 seconds
161.675: Application time: 0.0000540 seconds
161.676: [Full GC161.676: [Tenured: 256704K->256701K(256704K), 0.1393330 secs] 372223K->372220K(372224K), [Perm : 13557K->13557K(21248K)], 0.1393630 secs] [Times: user=0.14 sys=0.00, real=0.14 secs] 
161.815: Total time for which application threads were stopped: 0.1396570 seconds, Stopping threads took: 0.0000100 seconds
161.815: Application time: 0.0000920 seconds
161.815: [Full GC161.815: [Tenured: 256703K->256703K(256704K), 0.1394300 secs] 372223K->372222K(372224K), [Perm : 13557K->13557K(21248K)], 0.1394620 secs] [Times: user=0.14 sys=0.00, real=0.14 secs] 
161.955: Total time for which application threads were stopped: 0.1397420 seconds, Stopping threads took: 0.0000050 seconds
161.955: Application time: 0.0000610 seconds
161.955: [Full GC161.955: [Tenured: 256703K->256703K(256704K), 0.1397690 secs] 372223K->372222K(372224K), [Perm : 13557K->13557K(21248K)], 0.1397990 secs] [Times: user=0.14 sys=0.00, real=0.14 secs] 
162.095: Total time for which application threads were stopped: 0.1400790 seconds, Stopping threads took: 0.0000050 seconds
162.095: Application time: 0.0000600 seconds
162.095: [Full GC162.095: [Tenured: 256703K->256703K(256704K), 0.1393630 secs] 372223K->372222K(372224K), [Perm : 13557K->13557K(21248K)], 0.1393920 secs] [Times: user=0.14 sys=0.00, real=0.14 secs] 
162.235: Total time for which application threads were stopped: 0.1396920 seconds, Stopping threads took: 0.0000090 seconds
162.235: Application time: 0.0000710 seconds
162.235: [Full GC162.235: [Tenured: 256703K->256702K(256704K), 0.1394660 secs] 372223K->372220K(372224K), [Perm : 13557K->13557K(21248K)], 0.1394960 secs] [Times: user=0.14 sys=0.00, real=0.14 secs] 
162.375: Total time for which application threads were stopped: 0.1397800 seconds, Stopping threads took: 0.0000060 seconds
162.375: Application time: 0.0000750 seconds
162.375: [Full GC162.375: [Tenured: 256704K->256704K(256704K), 0.1393260 secs] 372223K->372222K(372224K), [Perm : 13557K->13557K(21248K)], 0.1393560 secs] [Times: user=0.14 sys=0.00, real=0.14 secs] 
162.514: Total time for which application threads were stopped: 0.1396390 seconds, Stopping threads took: 0.0000050 seconds
162.514: Application time: 0.0000660 seconds
162.515: [Full GC162.515: [Tenured: 256704K->256704K(256704K), 0.1393940 secs] 372223K->372222K(372224K), [Perm : 13557K->13557K(21248K)], 0.1394250 secs] [Times: user=0.14 sys=0.00, real=0.14 secs] 
162.654: Total time for which application threads were stopped: 0.1397140 seconds, Stopping threads took: 0.0000060 seconds
162.654: Application time: 0.0000640 seconds
162.654: [Full GC162.655: [Tenured: 256704K->256704K(256704K), 0.1394550 secs] 372223K->372223K(372224K), [Perm : 13557K->13557K(21248K)], 0.1394850 secs] [Times: user=0.14 sys=0.00, real=0.14 secs] 
162.794: Total time for which application threads were stopped: 0.1397950 seconds, Stopping threads took: 0.0000060 seconds
162.794: Application time: 0.0000670 seconds
162.794: [Full GC162.794: [Tenured: 256704K->256701K(256704K), 0.1397500 secs] 372223K->372220K(372224K), [Perm : 13557K->13557K(21248K)], 0.1397780 secs] [Times: user=0.14 sys=0.00, real=0.14 secs] 
162.934: Total time for which application threads were stopped: 0.1400650 seconds, Stopping threads took: 0.0000110 seconds
162.934: Application time: 0.0000740 seconds
162.934: [Full GC162.934: [Tenured: 256703K->256703K(256704K), 0.1404000 secs] 372223K->372223K(372224K), [Perm : 13557K->13557K(21248K)], 0.1404310 secs] [Times: user=0.14 sys=0.00, real=0.14 secs] 
163.075: Total time for which application threads were stopped: 0.1407110 seconds, Stopping threads took: 0.0000050 seconds
163.075: Application time: 0.0000560 seconds
163.075: [Full GC163.075: [Tenured: 256703K->256703K(256704K), 0.1392920 secs] 372223K->372223K(372224K), [Perm : 13557K->13557K(21248K)], 0.1393230 secs] [Times: user=0.14 sys=0.00, real=0.14 secs] 
163.215: Total time for which application threads were stopped: 0.1396090 seconds, Stopping threads took: 0.0000090 seconds
163.215: Application time: 0.0000570 seconds
163.215: [Full GC163.215: [Tenured: 256703K->256703K(256704K), 0.1394030 secs] 372223K->372223K(372224K), [Perm : 13557K->13557K(21248K)], 0.1394320 secs] [Times: user=0.14 sys=0.00, real=0.14 secs] 
163.354: Total time for which application threads were stopped: 0.1397300 seconds, Stopping threads took: 0.0000070 seconds
163.354: Application time: 0.0000520 seconds
163.355: [Full GC163.355: [Tenured: 256703K->256701K(256704K), 0.1393640 secs] 372223K->372221K(372224K), [Perm : 13557K->13557K(21248K)], 0.1393940 secs] [Times: user=0.14 sys=0.00, real=0.14 secs] 
163.494: Total time for which application threads were stopped: 0.1396740 seconds, Stopping threads took: 0.0000060 seconds
163.494: Application time: 0.0000680 seconds
163.494: [Full GC163.494: [Tenured: 256704K->256704K(256704K), 0.1393800 secs] 372223K->372223K(372224K), [Perm : 13557K->13557K(21248K)], 0.1394090 secs] [Times: user=0.14 sys=0.00, real=0.14 secs] 
163.634: Total time for which application threads were stopped: 0.1396910 seconds, Stopping threads took: 0.0000090 seconds
163.634: Application time: 0.0000510 seconds
163.634: [Full GC163.634: [Tenured: 256704K->256704K(256704K), 0.1394080 secs] 372223K->372223K(372224K), [Perm : 13557K->13557K(21248K)], 0.1394370 secs] [Times: user=0.14 sys=0.00, real=0.14 secs] 
163.774: Total time for which application threads were stopped: 0.1397210 seconds, Stopping threads took: 0.0000070 seconds
163.774: Application time: 0.0000530 seconds
163.774: [Full GC163.774: [Tenured: 256704K->256704K(256704K), 0.1394190 secs] 372223K->372223K(372224K), [Perm : 13557K->13557K(21248K)], 0.1394500 secs] [Times: user=0.14 sys=0.00, real=0.14 secs] 
163.913: Total time for which application threads were stopped: 0.1397490 seconds, Stopping threads took: 0.0000080 seconds
163.914: Application time: 0.0000660 seconds
163.914: [Full GC163.914: [Tenured: 256704K->256702K(256704K), 0.1397900 secs] 372223K->372221K(372224K), [Perm : 13557K->13557K(21248K)], 0.1398190 secs] [Times: user=0.14 sys=0.00, real=0.14 secs] 
164.054: Total time for which application threads were stopped: 0.1400980 seconds, Stopping threads took: 0.0000060 seconds
164.054: Application time: 0.0000630 seconds
164.054: [Full GC164.054: [Tenured: 256703K->256703K(256704K), 0.1396810 secs] 372223K->372223K(372224K), [Perm : 13557K->13557K(21248K)], 0.1397110 secs] [Times: user=0.14 sys=0.00, real=0.14 secs] 
164.194: Total time for which application threads were stopped: 0.1399940 seconds, Stopping threads took: 0.0000060 seconds
164.194: Application time: 0.0000530 seconds
164.194: [Full GC164.194: [Tenured: 256703K->256703K(256704K), 0.1393240 secs] 372223K->372223K(372224K), [Perm : 13557K->13557K(21248K)], 0.1393610 secs] [Times: user=0.14 sys=0.00, real=0.14 secs] 
164.333: Total time for which application threads were stopped: 0.1396440 seconds, Stopping threads took: 0.0000080 seconds
164.333: Application time: 0.0000560 seconds
164.334: [Full GC164.334: [Tenured: 256703K->256703K(256704K), 0.1397510 secs] 372223K->372223K(372224K), [Perm : 13557K->13557K(21248K)], 0.1397810 secs] [Times: user=0.14 sys=0.00, real=0.14 secs] 
164.474: Total time for which application threads were stopped: 0.1400760 seconds, Stopping threads took: 0.0000060 seconds
164.474: Application time: 0.0000470 seconds
164.474: [Full GC164.474: [Tenured: 256703K->256702K(256704K), 0.1395150 secs] 372223K->372222K(372224K), [Perm : 13557K->13557K(21248K)], 0.1395440 secs] [Times: user=0.14 sys=0.00, real=0.14 secs] 
164.613: Total time for which application threads were stopped: 0.1398330 seconds, Stopping threads took: 0.0000110 seconds
164.613: Application time: 0.0000690 seconds
164.614: [Full GC164.614: [Tenured: 256703K->256703K(256704K), 0.1395300 secs] 372223K->372223K(372224K), [Perm : 13557K->13557K(21248K)], 0.1395590 secs] [Times: user=0.14 sys=0.00, real=0.14 secs] 
164.753: Total time for which application threads were stopped: 0.1398430 seconds, Stopping threads took: 0.0000080 seconds
164.753: Application time: 0.0000510 seconds
164.754: [Full GC164.754: [Tenured: 256703K->256703K(256704K), 0.1395030 secs] 372223K->372223K(372224K), [Perm : 13557K->13557K(21248K)], 0.1395320 secs] [Times: user=0.14 sys=0.00, real=0.14 secs] 
164.893: [Full GC164.893: [Tenured: 256703K->256702K(256704K), 0.1397750 secs] 372223K->372222K(372224K), [Perm : 13557K->13557K(21248K)], 0.1398040 secs] [Times: user=0.14 sys=0.00, real=0.14 secs] 
165.033: Total time for which application threads were stopped: 0.2796440 seconds, Stopping threads took: 0.0000060 seconds
165.033: Application time: 0.0000500 seconds
165.033: [Full GC165.033: [Tenured: 256702K->256701K(256704K), 0.1609320 secs] 372222K->372219K(372224K), [Perm : 13557K->13557K(21248K)], 0.1609670 secs] [Times: user=0.16 sys=0.00, real=0.16 secs] 
165.194: Total time for which application threads were stopped: 0.1612850 seconds, Stopping threads took: 0.0000170 seconds
165.194: Application time: 0.0000920 seconds
165.195: [Full GC165.195: [Tenured: 256703K->256703K(256704K), 0.1395290 secs] 372223K->372220K(372224K), [Perm : 13557K->13557K(21248K)], 0.1395600 secs] [Times: user=0.14 sys=0.00, real=0.14 secs] 
165.334: Total time for which application threads were stopped: 0.1400360 seconds, Stopping threads took: 0.0000100 seconds
165.335: Application time: 0.0000800 seconds
165.335: [Full GC165.335: [Tenured: 256703K->256703K(256704K), 0.1392720 secs] 372223K->372221K(372224K), [Perm : 13557K->13557K(21248K)], 0.1393040 secs] [Times: user=0.14 sys=0.00, real=0.14 secs] 
165.474: Total time for which application threads were stopped: 0.1395850 seconds, Stopping threads took: 0.0000060 seconds
165.474: Application time: 0.0000710 seconds
165.474: [Full GC165.474: [Tenured: 256703K->256703K(256704K), 0.1394360 secs] 372223K->372221K(372224K), [Perm : 13557K->13557K(21248K)], 0.1394670 secs] [Times: user=0.14 sys=0.00, real=0.14 secs] 
165.614: Total time for which application threads were stopped: 0.1397500 seconds, Stopping threads took: 0.0000070 seconds
165.614: Application time: 0.0000650 seconds
165.614: [Full GC165.614: [Tenured: 256703K->256703K(256704K), 0.1393790 secs] 372223K->372220K(372224K), [Perm : 13557K->13557K(21248K)], 0.1394080 secs] [Times: user=0.14 sys=0.00, real=0.14 secs] 
165.754: Total time for which application threads were stopped: 0.1397120 seconds, Stopping threads took: 0.0000090 seconds
165.754: Application time: 0.0000770 seconds
165.754: [Full GC165.754: [Tenured: 256704K->256704K(256704K), 0.1397010 secs] 372224K->372221K(372224K), [Perm : 13557K->13557K(21248K)], 0.1397340 secs] [Times: user=0.14 sys=0.00, real=0.14 secs] 
165.894: Total time for which application threads were stopped: 0.1400160 seconds, Stopping threads took: 0.0000070 seconds
165.894: Application time: 0.0000680 seconds
165.894: [Full GC165.894: [Tenured: 256704K->256704K(256704K), 0.1398630 secs] 372224K->372221K(372224K), [Perm : 13557K->13557K(21248K)], 0.1398920 secs] [Times: user=0.14 sys=0.00, real=0.14 secs] 
166.034: Total time for which application threads were stopped: 0.1401790 seconds, Stopping threads took: 0.0000100 seconds
166.034: Application time: 0.0000820 seconds
166.034: [Full GC166.034: [Tenured: 256704K->256704K(256704K), 0.1394280 secs] 372223K->372222K(372224K), [Perm : 13557K->13557K(21248K)], 0.1394580 secs] [Times: user=0.14 sys=0.00, real=0.14 secs] 
166.174: Total time for which application threads were stopped: 0.1397400 seconds, Stopping threads took: 0.0000060 seconds
166.174: Application time: 0.0000680 seconds
166.174: [Full GC166.174: [Tenured: 256704K->256702K(256704K), 0.1394130 secs] 372223K->372221K(372224K), [Perm : 13557K->13557K(21248K)], 0.1394430 secs] [Times: user=0.14 sys=0.00, real=0.14 secs] 
166.314: Total time for which application threads were stopped: 0.1397380 seconds, Stopping threads took: 0.0000060 seconds
166.314: Application time: 0.0000860 seconds
166.314: [Full GC166.314: [Tenured: 256703K->256703K(256704K), 0.1394090 secs] 372223K->372222K(372224K), [Perm : 13557K->13557K(21248K)], 0.1394400 secs] [Times: user=0.14 sys=0.00, real=0.14 secs] 
166.454: Total time for which application threads were stopped: 0.1397210 seconds, Stopping threads took: 0.0000060 seconds
166.454: Application time: 0.0000670 seconds
166.454: [Full GC166.454: [Tenured: 256703K->256703K(256704K), 0.1395000 secs] 372223K->372222K(372224K), [Perm : 13557K->13557K(21248K)], 0.1395310 secs] [Times: user=0.14 sys=0.00, real=0.14 secs] 
166.593: Total time for which application threads were stopped: 0.1398120 seconds, Stopping threads took: 0.0000060 seconds
166.593: Application time: 0.0000600 seconds
166.594: [Full GC166.594: [Tenured: 256703K->256703K(256704K), 0.1393720 secs] 372223K->372222K(372224K), [Perm : 13557K->13557K(21248K)], 0.1394020 secs] [Times: user=0.14 sys=0.00, real=0.14 secs] 
166.733: Total time for which application threads were stopped: 0.1396930 seconds, Stopping threads took: 0.0000160 seconds
166.733: Application time: 0.0000560 seconds
166.733: [Full GC166.733: [Tenured: 256703K->256702K(256704K), 0.1394340 secs] 372223K->372221K(372224K), [Perm : 13557K->13557K(21248K)], 0.1394640 secs] [Times: user=0.14 sys=0.00, real=0.14 secs] 
166.873: Total time for which application threads were stopped: 0.1397630 seconds, Stopping threads took: 0.0000060 seconds
166.873: Application time: 0.0000720 seconds
166.873: [Full GC166.873: [Tenured: 256703K->256703K(256704K), 0.1396180 secs] 372223K->372222K(372224K), [Perm : 13557K->13557K(21248K)], 0.1396470 secs] [Times: user=0.14 sys=0.00, real=0.14 secs] 
167.013: Total time for which application threads were stopped: 0.1399300 seconds, Stopping threads took: 0.0000070 seconds
167.013: Application time: 0.0000530 seconds
167.013: [Full GC167.013: [Tenured: 256703K->256703K(256704K), 0.1394540 secs] 372222K->372222K(372224K), [Perm : 13557K->13557K(21248K)], 0.1394830 secs] [Times: user=0.14 sys=0.00, real=0.14 secs] 
167.153: [Full GC167.153: [Tenured: 256703K->256703K(256704K), 0.1392680 secs] 372222K->372221K(372224K), [Perm : 13557K->13557K(21248K)], 0.1392970 secs] [Times: user=0.14 sys=0.00, real=0.14 secs] 
167.292: Total time for which application threads were stopped: 0.2790860 seconds, Stopping threads took: 0.0000060 seconds
167.292: Application time: 0.0001000 seconds
167.293: [Full GC167.293: [Tenured: 256703K->256690K(256704K), 0.1621980 secs] 372223K->372202K(372224K), [Perm : 13557K->13557K(21248K)], 0.1622340 secs] [Times: user=0.16 sys=0.00, real=0.16 secs] 
167.455: Total time for which application threads were stopped: 0.1625560 seconds, Stopping threads took: 0.0000170 seconds
167.455: Application time: 0.0001730 seconds
167.455: [Full GC167.455: [Tenured: 256698K->256698K(256704K), 0.1564320 secs] 372218K->372172K(372224K), [Perm : 13558K->13558K(21248K)], 0.1564770 secs] [Times: user=0.15 sys=0.00, real=0.16 secs] 
167.612: Total time for which application threads were stopped: 0.1569700 seconds, Stopping threads took: 0.0000230 seconds
167.612: Application time: 0.0001700 seconds
167.613: [Full GC167.613: [Tenured: 256698K->256698K(256704K), 0.1415880 secs] 372212K->372189K(372224K), [Perm : 13558K->13558K(21248K)], 0.1416260 secs] [Times: user=0.14 sys=0.00, real=0.14 secs] 
167.754: Total time for which application threads were stopped: 0.1421680 seconds, Stopping threads took: 0.0000220 seconds
167.754: Application time: 0.0001290 seconds
167.755: [Full GC167.755: [Tenured: 256698K->256698K(256704K), 0.1429430 secs] 372218K->372203K(372224K), [Perm : 13558K->13558K(21248K)], 0.1429780 secs] [Times: user=0.14 sys=0.00, real=0.14 secs] 
167.898: [Full GC167.898: [Tenured: 256698K->256683K(256704K), 0.1462110 secs] 372203K->372187K(372224K), [Perm : 13558K->13558K(21248K)], 0.1462440 secs] [Times: user=0.15 sys=0.00, real=0.15 secs] 
168.044: Total time for which application threads were stopped: 0.2897240 seconds, Stopping threads took: 0.0000120 seconds
168.044: Application time: 0.0001240 seconds
168.045: [Full GC168.045: [Tenured: 256699K->256699K(256704K), 0.1512560 secs] 372216K->372190K(372224K), [Perm : 13558K->13558K(21248K)], 0.1512910 secs] [Times: user=0.15 sys=0.00, real=0.15 secs] 
168.196: Total time for which application threads were stopped: 0.1517880 seconds, Stopping threads took: 0.0000080 seconds
168.196: Application time: 0.0001740 seconds
168.196: [Full GC168.196: [Tenured: 256703K->256703K(256704K), 0.1400820 secs] 372223K->372204K(372224K), [Perm : 13558K->13558K(21248K)], 0.1401140 secs] [Times: user=0.14 sys=0.00, real=0.14 secs] 
168.337: Total time for which application threads were stopped: 0.1403970 seconds, Stopping threads took: 0.0000070 seconds
168.337: Application time: 0.0001420 seconds
168.337: [Full GC168.337: [Tenured: 256703K->256703K(256704K), 0.1411580 secs] 372223K->372205K(372224K), [Perm : 13558K->13558K(21248K)], 0.1411900 secs] [Times: user=0.14 sys=0.00, real=0.14 secs] 
168.478: Total time for which application threads were stopped: 0.1414730 seconds, Stopping threads took: 0.0000060 seconds
168.478: Application time: 0.0000750 seconds
168.479: [Full GC168.479: [Tenured: 256703K->256700K(256704K), 0.1390320 secs] 372211K->372203K(372224K), [Perm : 13558K->13558K(21248K)], 0.1390660 secs] [Times: user=0.14 sys=0.00, real=0.14 secs] 
168.618: [Full GC168.618: [Tenured: 256700K->256700K(256704K), 0.1388400 secs] 372203K->372203K(372224K), [Perm : 13558K->13558K(21248K)], 0.1388680 secs] [Times: user=0.14 sys=0.00, real=0.14 secs] 
168.757: Total time for which application threads were stopped: 0.2782730 seconds, Stopping threads took: 0.0000180 seconds
168.757: Application time: 0.0001460 seconds
168.757: [Full GC168.757: [Tenured: 256703K->256703K(256704K), 0.1418900 secs] 372223K->372205K(372224K), [Perm : 13558K->13558K(21248K)], 0.1419180 secs] [Times: user=0.14 sys=0.00, real=0.14 secs] 
168.899: Total time for which application threads were stopped: 0.1422200 seconds, Stopping threads took: 0.0000060 seconds
168.899: Application time: 0.0001650 seconds
168.899: [Full GC168.899: [Tenured: 256703K->256703K(256704K), 0.1397310 secs] 372223K->372210K(372224K), [Perm : 13558K->13558K(21248K)], 0.1397640 secs] [Times: user=0.14 sys=0.00, real=0.14 secs] 
169.039: Total time for which application threads were stopped: 0.1400590 seconds, Stopping threads took: 0.0000060 seconds
169.039: Application time: 0.0001200 seconds
169.040: [Full GC169.040: [Tenured: 256703K->256700K(256704K), 0.1389940 secs] 372223K->372207K(372224K), [Perm : 13558K->13558K(21248K)], 0.1390280 secs] [Times: user=0.14 sys=0.00, real=0.13 secs] 
169.179: Total time for which application threads were stopped: 0.1393220 seconds, Stopping threads took: 0.0000060 seconds
169.179: Application time: 0.0001200 seconds
169.179: [Full GC169.179: [Tenured: 256704K->256704K(256704K), 0.1389890 secs] 372223K->372209K(372224K), [Perm : 13558K->13558K(21248K)], 0.1390290 secs] [Times: user=0.14 sys=0.00, real=0.14 secs] 
169.318: Total time for which application threads were stopped: 0.1393110 seconds, Stopping threads took: 0.0000050 seconds
169.318: Application time: 0.0001160 seconds
169.318: [Full GC169.318: [Tenured: 256704K->256704K(256704K), 0.1389580 secs] 372223K->372212K(372224K), [Perm : 13558K->13558K(21248K)], 0.1389890 secs] [Times: user=0.14 sys=0.00, real=0.14 secs] 
169.457: Total time for which application threads were stopped: 0.1392860 seconds, Stopping threads took: 0.0000050 seconds
169.458: Application time: 0.0001140 seconds
169.458: [Full GC169.458: [Tenured: 256704K->256704K(256704K), 0.1392620 secs] 372223K->372212K(372224K), [Perm : 13558K->13558K(21248K)], 0.1392960 secs] [Times: user=0.14 sys=0.00, real=0.14 secs] 
169.597: Total time for which application threads were stopped: 0.1395850 seconds, Stopping threads took: 0.0000070 seconds
169.597: Application time: 0.0000980 seconds
169.598: [Full GC169.598: [Tenured: 256704K->256700K(256704K), 0.1389300 secs] 372223K->372209K(372224K), [Perm : 13558K->13558K(21248K)], 0.1389580 secs] [Times: user=0.14 sys=0.00, real=0.14 secs] 
169.736: Total time for which application threads were stopped: 0.1392410 seconds, Stopping threads took: 0.0000070 seconds
169.737: Application time: 0.0001170 seconds
169.737: [Full GC169.737: [Tenured: 256704K->256704K(256704K), 0.1390490 secs] 372224K->372213K(372224K), [Perm : 13558K->13558K(21248K)], 0.1390800 secs] [Times: user=0.14 sys=0.00, real=0.14 secs] 
169.876: Total time for which application threads were stopped: 0.1393620 seconds, Stopping threads took: 0.0000050 seconds
169.876: Application time: 0.0001050 seconds
169.876: [Full GC169.876: [Tenured: 256704K->256704K(256704K), 0.1392700 secs] 372224K->372214K(372224K), [Perm : 13558K->13558K(21248K)], 0.1392970 secs] [Times: user=0.14 sys=0.00, real=0.14 secs] 
170.016: Total time for which application threads were stopped: 0.1395960 seconds, Stopping threads took: 0.0000060 seconds
170.016: Application time: 0.0000920 seconds
170.016: [Full GC170.016: [Tenured: 256704K->256704K(256704K), 0.1390360 secs] 372224K->372216K(372224K), [Perm : 13558K->13558K(21248K)], 0.1390690 secs] [Times: user=0.14 sys=0.00, real=0.14 secs] 
170.155: Total time for which application threads were stopped: 0.1393540 seconds, Stopping threads took: 0.0000070 seconds
170.155: Application time: 0.0000940 seconds
170.155: [Full GC170.155: [Tenured: 256704K->256701K(256704K), 0.1389670 secs] 372223K->372213K(372224K), [Perm : 13558K->13558K(21248K)], 0.1389980 secs] [Times: user=0.14 sys=0.00, real=0.14 secs] 
170.295: Total time for which application threads were stopped: 0.1392810 seconds, Stopping threads took: 0.0000060 seconds
170.295: Application time: 0.0001190 seconds
170.295: [Full GC170.295: [Tenured: 256703K->256703K(256704K), 0.1424340 secs] 372223K->372216K(372224K), [Perm : 13558K->13558K(21248K)], 0.1424640 secs] [Times: user=0.15 sys=0.00, real=0.14 secs] 
170.437: Total time for which application threads were stopped: 0.1427480 seconds, Stopping threads took: 0.0000060 seconds
170.437: Application time: 0.0000920 seconds
170.438: [Full GC170.438: [Tenured: 256703K->256703K(256704K), 0.1389450 secs] 372223K->372217K(372224K), [Perm : 13558K->13558K(21248K)], 0.1389740 secs] [Times: user=0.14 sys=0.00, real=0.14 secs] 
170.577: Total time for which application threads were stopped: 0.1392770 seconds, Stopping threads took: 0.0000080 seconds
170.577: Application time: 0.0000820 seconds
170.577: [Full GC170.577: [Tenured: 256703K->256703K(256704K), 0.1389750 secs] 372223K->372217K(372224K), [Perm : 13558K->13558K(21248K)], 0.1390040 secs] [Times: user=0.13 sys=0.00, real=0.14 secs] 
170.716: Total time for which application threads were stopped: 0.1393020 seconds, Stopping threads took: 0.0000210 seconds
170.716: Application time: 0.0000910 seconds
170.716: [Full GC170.716: [Tenured: 256703K->256701K(256704K), 0.1388850 secs] 372223K->372215K(372224K), [Perm : 13558K->13558K(21248K)], 0.1389260 secs] [Times: user=0.13 sys=0.00, real=0.14 secs] 
170.855: Total time for which application threads were stopped: 0.1392110 seconds, Stopping threads took: 0.0000070 seconds
170.856: Application time: 0.0001120 seconds
170.856: [Full GC170.856: [Tenured: 256703K->256703K(256704K), 0.1394060 secs] 372223K->372220K(372224K), [Perm : 13558K->13558K(21248K)], 0.1394400 secs] [Times: user=0.13 sys=0.00, real=0.14 secs] 
170.995: Total time for which application threads were stopped: 0.1397250 seconds, Stopping threads took: 0.0000070 seconds
170.995: Application time: 0.0000750 seconds
170.996: [Full GC170.996: [Tenured: 256703K->256703K(256704K), 0.1389490 secs] 372223K->372220K(372224K), [Perm : 13558K->13558K(21248K)], 0.1389800 secs] [Times: user=0.13 sys=0.00, real=0.14 secs] 
171.135: Total time for which application threads were stopped: 0.1392890 seconds, Stopping threads took: 0.0000060 seconds
171.135: Application time: 0.0000680 seconds
171.135: [Full GC171.135: [Tenured: 256703K->256703K(256704K), 0.1389170 secs] 372223K->372221K(372224K), [Perm : 13558K->13558K(21248K)], 0.1389480 secs] [Times: user=0.14 sys=0.00, real=0.14 secs] 
171.274: Total time for which application threads were stopped: 0.1392290 seconds, Stopping threads took: 0.0000050 seconds
171.274: Application time: 0.0000670 seconds
171.274: [Full GC171.274: [Tenured: 256703K->256701K(256704K), 0.1389970 secs] 372223K->372218K(372224K), [Perm : 13558K->13558K(21248K)], 0.1390260 secs] [Times: user=0.14 sys=0.00, real=0.14 secs] 
171.413: Total time for which application threads were stopped: 0.1393050 seconds, Stopping threads took: 0.0000060 seconds
171.413: Application time: 0.0000770 seconds
171.414: [Full GC171.414: [Tenured: 256704K->256704K(256704K), 0.1390040 secs] 372224K->372220K(372224K), [Perm : 13558K->13558K(21248K)], 0.1390330 secs] [Times: user=0.14 sys=0.00, real=0.14 secs] 
171.553: Total time for which application threads were stopped: 0.1393170 seconds, Stopping threads took: 0.0000070 seconds
171.553: Application time: 0.0000610 seconds
171.553: [Full GC171.553: [Tenured: 256704K->256704K(256704K), 0.1391940 secs] 372224K->372221K(372224K), [Perm : 13558K->13558K(21248K)], 0.1392250 secs] [Times: user=0.14 sys=0.00, real=0.14 secs] 
171.692: Total time for which application threads were stopped: 0.1395260 seconds, Stopping threads took: 0.0000070 seconds
171.692: Application time: 0.0000710 seconds
171.693: [Full GC171.693: [Tenured: 256704K->256704K(256704K), 0.1390200 secs] 372223K->372222K(372224K), [Perm : 13558K->13558K(21248K)], 0.1390490 secs] [Times: user=0.14 sys=0.00, real=0.14 secs] 
171.832: Total time for which application threads were stopped: 0.1393310 seconds, Stopping threads took: 0.0000090 seconds
171.832: Application time: 0.0000690 seconds
171.832: [Full GC171.832: [Tenured: 256704K->256701K(256704K), 0.1420910 secs] 372223K->372220K(372224K), [Perm : 13558K->13558K(21248K)], 0.1421220 secs] [Times: user=0.14 sys=0.00, real=0.14 secs] 
171.974: Total time for which application threads were stopped: 0.1424180 seconds, Stopping threads took: 0.0000180 seconds
171.974: Application time: 0.0000820 seconds
171.975: [Full GC171.975: [Tenured: 256703K->256703K(256704K), 0.1394930 secs] 372223K->372218K(372224K), [Perm : 13558K->13558K(21248K)], 0.1395260 secs] [Times: user=0.13 sys=0.00, real=0.14 secs] 
172.114: Total time for which application threads were stopped: 0.1398240 seconds, Stopping threads took: 0.0000210 seconds
172.114: Application time: 0.0000780 seconds
172.114: [Full GC172.114: [Tenured: 256703K->256703K(256704K), 0.1390660 secs] 372223K->372220K(372224K), [Perm : 13558K->13558K(21248K)], 0.1390960 secs] [Times: user=0.13 sys=0.00, real=0.14 secs] 
172.254: Total time for which application threads were stopped: 0.1394090 seconds, Stopping threads took: 0.0000070 seconds
172.254: Application time: 0.0000760 seconds
172.254: [Full GC172.254: [Tenured: 256703K->256703K(256704K), 0.1389550 secs] 372223K->372220K(372224K), [Perm : 13558K->13558K(21248K)], 0.1389890 secs] [Times: user=0.13 sys=0.00, real=0.14 secs] 
172.393: Total time for which application threads were stopped: 0.1392670 seconds, Stopping threads took: 0.0000050 seconds
172.393: Application time: 0.0000710 seconds
172.393: [Full GC172.393: [Tenured: 256703K->256702K(256704K), 0.1391550 secs] 372223K->372219K(372224K), [Perm : 13558K->13558K(21248K)], 0.1391850 secs] [Times: user=0.14 sys=0.00, real=0.14 secs] 
172.532: Total time for which application threads were stopped: 0.1394820 seconds, Stopping threads took: 0.0000200 seconds
172.533: Application time: 0.0000940 seconds
172.533: [Full GC172.533: [Tenured: 256703K->256703K(256704K), 0.1391890 secs] 372223K->372221K(372224K), [Perm : 13558K->13558K(21248K)], 0.1392200 secs] [Times: user=0.14 sys=0.00, real=0.14 secs] 
172.672: Total time for which application threads were stopped: 0.1395020 seconds, Stopping threads took: 0.0000060 seconds
172.672: Application time: 0.0000790 seconds
172.672: [Full GC172.672: [Tenured: 256703K->256703K(256704K), 0.1389830 secs] 372223K->372222K(372224K), [Perm : 13558K->13558K(21248K)], 0.1390170 secs] [Times: user=0.14 sys=0.00, real=0.14 secs] 
172.811: Total time for which application threads were stopped: 0.1393310 seconds, Stopping threads took: 0.0000070 seconds
172.812: Application time: 0.0000630 seconds
172.812: [Full GC172.812: [Tenured: 256703K->256703K(256704K), 0.1389830 secs] 372223K->372222K(372224K), [Perm : 13558K->13558K(21248K)], 0.1390130 secs] [Times: user=0.14 sys=0.00, real=0.14 secs] 
172.951: Total time for which application threads were stopped: 0.1392970 seconds, Stopping threads took: 0.0000090 seconds
172.951: Application time: 0.0000550 seconds
172.951: [Full GC172.951: [Tenured: 256703K->256702K(256704K), 0.1393850 secs] 372223K->372221K(372224K), [Perm : 13558K->13558K(21248K)], 0.1394160 secs] [Times: user=0.14 sys=0.00, real=0.14 secs] 
173.091: Total time for which application threads were stopped: 0.1396970 seconds, Stopping threads took: 0.0000050 seconds
173.091: Application time: 0.0000940 seconds
173.091: [Full GC173.091: [Tenured: 256704K->256704K(256704K), 0.1391410 secs] 372224K->372222K(372224K), [Perm : 13558K->13558K(21248K)], 0.1391760 secs] [Times: user=0.14 sys=0.00, real=0.14 secs] 
173.230: Total time for which application threads were stopped: 0.1394690 seconds, Stopping threads took: 0.0000090 seconds
173.230: Application time: 0.0000700 seconds
173.231: [Full GC173.231: [Tenured: 256704K->256704K(256704K), 0.1390060 secs] 372224K->372221K(372224K), [Perm : 13558K->13558K(21248K)], 0.1390370 secs] [Times: user=0.14 sys=0.00, real=0.14 secs] 
173.370: Total time for which application threads were stopped: 0.1393510 seconds, Stopping threads took: 0.0000060 seconds
173.370: Application time: 0.0000700 seconds
173.370: [Full GC173.370: [Tenured: 256704K->256704K(256704K), 0.1416600 secs] 372223K->372221K(372224K), [Perm : 13558K->13558K(21248K)], 0.1416890 secs] [Times: user=0.14 sys=0.00, real=0.14 secs] 
173.512: Total time for which application threads were stopped: 0.1419740 seconds, Stopping threads took: 0.0000090 seconds
173.512: Application time: 0.0000650 seconds
173.512: [Full GC173.512: [Tenured: 256704K->256702K(256704K), 0.1390080 secs] 372223K->372220K(372224K), [Perm : 13558K->13558K(21248K)], 0.1390390 secs] [Times: user=0.13 sys=0.00, real=0.14 secs] 
173.651: Total time for which application threads were stopped: 0.1393190 seconds, Stopping threads took: 0.0000050 seconds
173.651: Application time: 0.0000690 seconds
173.651: [Full GC173.651: [Tenured: 256702K->256702K(256704K), 0.1389140 secs] 372222K->372221K(372224K), [Perm : 13558K->13558K(21248K)], 0.1389430 secs] [Times: user=0.14 sys=0.00, real=0.14 secs] 
173.790: [Full GC173.790: [Tenured: 256702K->256702K(256704K), 0.1388760 secs] 372221K->372220K(372224K), [Perm : 13558K->13558K(21248K)], 0.1389040 secs] [Times: user=0.14 sys=0.00, real=0.14 secs] 
173.929: Total time for which application threads were stopped: 0.2781620 seconds, Stopping threads took: 0.0000050 seconds
173.929: Application time: 0.0000960 seconds
173.930: [Full GC173.930: [Tenured: 256703K->256703K(256704K), 0.1391600 secs] 372223K->372219K(372224K), [Perm : 13558K->13558K(21248K)], 0.1391900 secs] [Times: user=0.14 sys=0.00, real=0.14 secs] 
174.069: Total time for which application threads were stopped: 0.1394870 seconds, Stopping threads took: 0.0000060 seconds
174.069: Application time: 0.0000860 seconds
174.069: [Full GC174.069: [Tenured: 256703K->256702K(256704K), 0.1390570 secs] 372223K->372219K(372224K), [Perm : 13558K->13558K(21248K)], 0.1390870 secs] [Times: user=0.14 sys=0.00, real=0.14 secs] 
174.208: Total time for which application threads were stopped: 0.1393690 seconds, Stopping threads took: 0.0000060 seconds
174.208: Application time: 0.0000810 seconds
174.209: [Full GC174.209: [Tenured: 256704K->256704K(256704K), 0.1389010 secs] 372223K->372220K(372224K), [Perm : 13558K->13558K(21248K)], 0.1389290 secs] [Times: user=0.14 sys=0.00, real=0.14 secs] 
174.348: Total time for which application threads were stopped: 0.1392160 seconds, Stopping threads took: 0.0000090 seconds
174.348: Application time: 0.0000640 seconds
174.348: [Full GC174.348: [Tenured: 256704K->256704K(256704K), 0.1389050 secs] 372224K->372220K(372224K), [Perm : 13558K->13558K(21248K)], 0.1389360 secs] [Times: user=0.14 sys=0.00, real=0.13 secs] 
174.487: Total time for which application threads were stopped: 0.1392200 seconds, Stopping threads took: 0.0000090 seconds
174.487: Application time: 0.0000690 seconds
174.487: [Full GC174.487: [Tenured: 256704K->256704K(256704K), 0.1389910 secs] 372224K->372220K(372224K), [Perm : 13558K->13558K(21248K)], 0.1390220 secs] [Times: user=0.14 sys=0.00, real=0.14 secs] 
174.626: Total time for which application threads were stopped: 0.1393260 seconds, Stopping threads took: 0.0000060 seconds
174.626: Application time: 0.0000860 seconds
174.627: [Full GC174.627: [Tenured: 256704K->256702K(256704K), 0.1388870 secs] 372224K->372220K(372224K), [Perm : 13558K->13558K(21248K)], 0.1389180 secs] [Times: user=0.14 sys=0.00, real=0.14 secs] 
174.766: Total time for which application threads were stopped: 0.1392000 seconds, Stopping threads took: 0.0000060 seconds
174.766: Application time: 0.0000850 seconds
174.766: [Full GC174.766: [Tenured: 256703K->256703K(256704K), 0.1389240 secs] 372223K->372221K(372224K), [Perm : 13558K->13558K(21248K)], 0.1389540 secs] [Times: user=0.14 sys=0.00, real=0.14 secs] 
174.905: Total time for which application threads were stopped: 0.1392350 seconds, Stopping threads took: 0.0000060 seconds
174.905: Application time: 0.0000570 seconds
174.905: [Full GC174.905: [Tenured: 256703K->256703K(256704K), 0.1418310 secs] 372223K->372221K(372224K), [Perm : 13558K->13558K(21248K)], 0.1418610 secs] [Times: user=0.14 sys=0.00, real=0.14 secs] 
175.047: Total time for which application threads were stopped: 0.1421410 seconds, Stopping threads took: 0.0000050 seconds
175.047: Application time: 0.0000610 seconds
175.047: [Full GC175.047: [Tenured: 256703K->256703K(256704K), 0.1389090 secs] 372223K->372222K(372224K), [Perm : 13558K->13558K(21248K)], 0.1389390 secs] [Times: user=0.14 sys=0.00, real=0.14 secs] 
175.186: Total time for which application threads were stopped: 0.1392390 seconds, Stopping threads took: 0.0000090 seconds
175.186: Application time: 0.0000800 seconds
175.187: [Full GC175.187: [Tenured: 256703K->256702K(256704K), 0.1389150 secs] 372223K->372221K(372224K), [Perm : 13558K->13558K(21248K)], 0.1389450 secs] [Times: user=0.14 sys=0.00, real=0.14 secs] 
175.326: Total time for which application threads were stopped: 0.1392250 seconds, Stopping threads took: 0.0000060 seconds
175.326: Application time: 0.0000750 seconds
175.326: [Full GC175.326: [Tenured: 256703K->256703K(256704K), 0.1389770 secs] 372223K->372221K(372224K), [Perm : 13558K->13558K(21248K)], 0.1390060 secs] [Times: user=0.14 sys=0.00, real=0.14 secs] 
175.465: Total time for which application threads were stopped: 0.1392860 seconds, Stopping threads took: 0.0000060 seconds
175.465: Application time: 0.0000660 seconds
175.465: [Full GC175.465: [Tenured: 256703K->256703K(256704K), 0.1389770 secs] 372223K->372222K(372224K), [Perm : 13558K->13558K(21248K)], 0.1390140 secs] [Times: user=0.14 sys=0.01, real=0.14 secs] 
175.604: Total time for which application threads were stopped: 0.1392940 seconds, Stopping threads took: 0.0000070 seconds
175.604: Application time: 0.0000530 seconds
175.605: [Full GC175.605: [Tenured: 256703K->256703K(256704K), 0.1388090 secs] 372223K->372222K(372224K), [Perm : 13558K->13558K(21248K)], 0.1388390 secs] [Times: user=0.14 sys=0.00, real=0.14 secs] 
175.744: Total time for which application threads were stopped: 0.1391370 seconds, Stopping threads took: 0.0000050 seconds
175.744: Application time: 0.0000710 seconds
175.744: [Full GC175.744: [Tenured: 256703K->256703K(256704K), 0.1388820 secs] 372223K->372221K(372224K), [Perm : 13558K->13558K(21248K)], 0.1389120 secs] [Times: user=0.14 sys=0.00, real=0.14 secs] 
175.883: Total time for which application threads were stopped: 0.1391930 seconds, Stopping threads took: 0.0000060 seconds
175.883: Application time: 0.0000770 seconds
175.883: [Full GC175.883: [Tenured: 256703K->256703K(256704K), 0.1394690 secs] 372223K->372222K(372224K), [Perm : 13558K->13558K(21248K)], 0.1394990 secs] [Times: user=0.14 sys=0.00, real=0.14 secs] 
176.023: Total time for which application threads were stopped: 0.1397810 seconds, Stopping threads took: 0.0000060 seconds
176.023: Application time: 0.0000650 seconds
176.023: [Full GC176.023: [Tenured: 256703K->256703K(256704K), 0.1389030 secs] 372223K->372223K(372224K), [Perm : 13558K->13558K(21248K)], 0.1389330 secs] [Times: user=0.14 sys=0.00, real=0.14 secs] 
176.162: Total time for which application threads were stopped: 0.1392140 seconds, Stopping threads took: 0.0000060 seconds
176.162: Application time: 0.0000460 seconds
176.162: [Full GC176.162: [Tenured: 256703K->256703K(256704K), 0.1388710 secs] 372223K->372223K(372224K), [Perm : 13558K->13558K(21248K)], 0.1389000 secs] [Times: user=0.13 sys=0.00, real=0.14 secs] 
176.301: Total time for which application threads were stopped: 0.1391930 seconds, Stopping threads took: 0.0000060 seconds
176.301: Application time: 0.0000420 seconds
176.302: [Full GC176.302: [Tenured: 256703K->256703K(256704K), 0.1389590 secs] 372223K->372222K(372224K), [Perm : 13558K->13558K(21248K)], 0.1389860 secs] [Times: user=0.13 sys=0.00, real=0.14 secs] 
176.441: Total time for which application threads were stopped: 0.1392660 seconds, Stopping threads took: 0.0000050 seconds
176.441: Application time: 0.0000630 seconds
176.441: [Full GC176.441: [Tenured: 256703K->256703K(256704K), 0.1418650 secs] 372223K->372223K(372224K), [Perm : 13558K->13558K(21248K)], 0.1418950 secs] [Times: user=0.15 sys=0.00, real=0.14 secs] 
176.583: Total time for which application threads were stopped: 0.1421770 seconds, Stopping threads took: 0.0000060 seconds
176.583: Application time: 0.0000530 seconds
176.583: [Full GC176.583: [Tenured: 256703K->256703K(256704K), 0.1389010 secs] 372223K->372223K(372224K), [Perm : 13558K->13558K(21248K)], 0.1389310 secs] [Times: user=0.14 sys=0.00, real=0.14 secs] 
176.722: Total time for which application threads were stopped: 0.1392110 seconds, Stopping threads took: 0.0000060 seconds
176.722: Application time: 0.0000570 seconds
176.722: [Full GC176.722: [Tenured: 256703K->256703K(256704K), 0.1389210 secs] 372223K->372223K(372224K), [Perm : 13558K->13558K(21248K)], 0.1389510 secs] [Times: user=0.14 sys=0.00, real=0.14 secs] 
176.861: Total time for which application threads were stopped: 0.1392470 seconds, Stopping threads took: 0.0000050 seconds
176.861: Application time: 0.0000610 seconds
176.862: [Full GC176.862: [Tenured: 256703K->256703K(256704K), 0.1392130 secs] 372223K->372222K(372224K), [Perm : 13558K->13558K(21248K)], 0.1392420 secs] [Times: user=0.14 sys=0.00, real=0.14 secs] 
177.001: Total time for which application threads were stopped: 0.1395230 seconds, Stopping threads took: 0.0000070 seconds
177.001: Application time: 0.0000600 seconds
177.001: [Full GC177.001: [Tenured: 256703K->256703K(256704K), 0.1388670 secs] 372223K->372223K(372224K), [Perm : 13558K->13558K(21248K)], 0.1389040 secs] [Times: user=0.13 sys=0.00, real=0.14 secs] 
177.140: Total time for which application threads were stopped: 0.1391810 seconds, Stopping threads took: 0.0000050 seconds
177.140: Application time: 0.0000630 seconds
177.141: [Full GC177.141: [Tenured: 256703K->256703K(256704K), 0.1389170 secs] 372223K->372222K(372224K), [Perm : 13558K->13558K(21248K)], 0.1389460 secs] [Times: user=0.14 sys=0.00, real=0.13 secs] 
177.280: Total time for which application threads were stopped: 0.1392340 seconds, Stopping threads took: 0.0000060 seconds
177.280: Application time: 0.0000580 seconds
177.280: [Full GC177.280: [Tenured: 256703K->256703K(256704K), 0.1391150 secs] 372223K->372223K(372224K), [Perm : 13558K->13558K(21248K)], 0.1391460 secs] [Times: user=0.14 sys=0.00, real=0.13 secs] 
177.419: Total time for which application threads were stopped: 0.1394430 seconds, Stopping threads took: 0.0000060 seconds
177.419: Application time: 0.0000590 seconds
177.419: [Full GC177.419: [Tenured: 256703K->256703K(256704K), 0.1389340 secs] 372223K->372222K(372224K), [Perm : 13558K->13558K(21248K)], 0.1389640 secs] [Times: user=0.14 sys=0.00, real=0.14 secs] 
177.558: Total time for which application threads were stopped: 0.1392420 seconds, Stopping threads took: 0.0000050 seconds
177.558: Application time: 0.0000670 seconds
177.559: [Full GC177.559: [Tenured: 256704K->256704K(256704K), 0.1388310 secs] 372223K->372223K(372224K), [Perm : 13558K->13558K(21248K)], 0.1388600 secs] [Times: user=0.14 sys=0.00, real=0.14 secs] 
177.698: Total time for which application threads were stopped: 0.1391410 seconds, Stopping threads took: 0.0000050 seconds
177.698: Application time: 0.0000710 seconds
177.698: [Full GC177.698: [Tenured: 256704K->256704K(256704K), 0.1389170 secs] 372223K->372223K(372224K), [Perm : 13558K->13558K(21248K)], 0.1389450 secs] [Times: user=0.14 sys=0.00, real=0.14 secs] 
177.837: Total time for which application threads were stopped: 0.1392270 seconds, Stopping threads took: 0.0000060 seconds
177.837: Application time: 0.0000570 seconds
177.837: [Full GC177.837: [Tenured: 256704K->256704K(256704K), 0.1423790 secs] 372223K->372223K(372224K), [Perm : 13558K->13558K(21248K)], 0.1424110 secs] [Times: user=0.14 sys=0.00, real=0.15 secs] 
177.980: Total time for which application threads were stopped: 0.1427150 seconds, Stopping threads took: 0.0000050 seconds
177.980: Application time: 0.0000520 seconds
177.980: [Full GC177.980: [Tenured: 256704K->256703K(256704K), 0.1389210 secs] 372223K->372223K(372224K), [Perm : 13558K->13558K(21248K)], 0.1389520 secs] [Times: user=0.14 sys=0.00, real=0.13 secs] 
178.119: Total time for which application threads were stopped: 0.1392590 seconds, Stopping threads took: 0.0000060 seconds
178.119: Application time: 0.0000610 seconds
178.119: [Full GC178.119: [Tenured: 256703K->256703K(256704K), 0.1389110 secs] 372223K->372223K(372224K), [Perm : 13558K->13558K(21248K)], 0.1389460 secs] [Times: user=0.14 sys=0.00, real=0.14 secs] 
178.258: Total time for which application threads were stopped: 0.1392330 seconds, Stopping threads took: 0.0000070 seconds
178.258: Application time: 0.0000510 seconds
178.259: [Full GC178.259: [Tenured: 256703K->256703K(256704K), 0.1388600 secs] 372223K->372223K(372224K), [Perm : 13558K->13558K(21248K)], 0.1388900 secs] [Times: user=0.14 sys=0.00, real=0.14 secs] 
178.397: Total time for which application threads were stopped: 0.1391710 seconds, Stopping threads took: 0.0000050 seconds
178.397: Application time: 0.0000500 seconds
178.398: [Full GC178.398: [Tenured: 256703K->256703K(256704K), 0.1389200 secs] 372223K->372223K(372224K), [Perm : 13558K->13558K(21248K)], 0.1389480 secs] [Times: user=0.14 sys=0.00, real=0.14 secs] 
178.537: Total time for which application threads were stopped: 0.1392440 seconds, Stopping threads took: 0.0000060 seconds
178.537: Application time: 0.0000470 seconds
178.537: [Full GC178.537: [Tenured: 256703K->256703K(256704K), 0.1387800 secs] 372223K->372223K(372224K), [Perm : 13558K->13558K(21248K)], 0.1388170 secs] [Times: user=0.14 sys=0.00, real=0.14 secs] 
178.676: Total time for which application threads were stopped: 0.1390960 seconds, Stopping threads took: 0.0000050 seconds
178.676: Application time: 0.0000560 seconds
178.676: [Full GC178.676: [Tenured: 256704K->256704K(256704K), 0.1389270 secs] 372223K->372223K(372224K), [Perm : 13558K->13558K(21248K)], 0.1389590 secs] [Times: user=0.14 sys=0.00, real=0.14 secs] 
178.815: Total time for which application threads were stopped: 0.1392380 seconds, Stopping threads took: 0.0000050 seconds
178.815: Application time: 0.0000510 seconds
178.815: [Full GC178.815: [Tenured: 256704K->256704K(256704K), 0.1389090 secs] 372223K->372223K(372224K), [Perm : 13558K->13558K(21248K)], 0.1389390 secs] [Times: user=0.14 sys=0.00, real=0.14 secs] 
178.954: Total time for which application threads were stopped: 0.1392240 seconds, Stopping threads took: 0.0000110 seconds
178.955: Application time: 0.0000520 seconds
178.955: [Full GC178.955: [Tenured: 256704K->256704K(256704K), 0.1391950 secs] 372223K->372223K(372224K), [Perm : 13558K->13558K(21248K)], 0.1392250 secs] [Times: user=0.14 sys=0.00, real=0.14 secs] 
179.094: Total time for which application threads were stopped: 0.1395250 seconds, Stopping threads took: 0.0000080 seconds
179.094: Application time: 0.0000470 seconds
179.094: [Full GC179.094: [Tenured: 256704K->256703K(256704K), 0.1388660 secs] 372223K->372223K(372224K), [Perm : 13558K->13558K(21248K)], 0.1388960 secs] [Times: user=0.14 sys=0.00, real=0.14 secs] 
179.233: Total time for which application threads were stopped: 0.1391800 seconds, Stopping threads took: 0.0000090 seconds
179.233: Application time: 0.0000690 seconds
179.234: [Full GC179.234: [Tenured: 256704K->256704K(256704K), 0.1387870 secs] 372223K->372223K(372224K), [Perm : 13558K->13558K(21248K)], 0.1388160 secs] [Times: user=0.13 sys=0.00, real=0.14 secs] 
179.372: Total time for which application threads were stopped: 0.1390970 seconds, Stopping threads took: 0.0000060 seconds
179.372: Application time: 0.0000590 seconds
179.373: [Full GC179.373: [Tenured: 256704K->256704K(256704K), 0.1414220 secs] 372223K->372223K(372224K), [Perm : 13558K->13558K(21248K)], 0.1414510 secs] [Times: user=0.15 sys=0.00, real=0.14 secs] 
179.514: Total time for which application threads were stopped: 0.1417330 seconds, Stopping threads took: 0.0000060 seconds
179.514: Application time: 0.0000500 seconds
179.515: [Full GC179.515: [Tenured: 256704K->256704K(256704K), 0.1388740 secs] 372223K->372223K(372224K), [Perm : 13558K->13558K(21248K)], 0.1389040 secs] [Times: user=0.14 sys=0.00, real=0.14 secs] 
179.653: Total time for which application threads were stopped: 0.1391980 seconds, Stopping threads took: 0.0000070 seconds
179.654: Application time: 0.0000520 seconds
179.654: [Full GC179.654: [Tenured: 256704K->256703K(256704K), 0.1389070 secs] 372223K->372223K(372224K), [Perm : 13558K->13558K(21248K)], 0.1389360 secs] [Times: user=0.14 sys=0.00, real=0.14 secs] 
179.793: Total time for which application threads were stopped: 0.1392170 seconds, Stopping threads took: 0.0000080 seconds
179.793: Application time: 0.0000620 seconds
179.793: [Full GC179.793: [Tenured: 256704K->256704K(256704K), 0.1388700 secs] 372223K->372223K(372224K), [Perm : 13558K->13558K(21248K)], 0.1388980 secs] [Times: user=0.13 sys=0.00, real=0.14 secs] 
179.932: Total time for which application threads were stopped: 0.1391770 seconds, Stopping threads took: 0.0000050 seconds
179.932: Application time: 0.0000490 seconds
179.932: [Full GC179.932: [Tenured: 256704K->256704K(256704K), 0.1393320 secs] 372223K->372223K(372224K), [Perm : 13558K->13558K(21248K)], 0.1393600 secs] [Times: user=0.14 sys=0.00, real=0.14 secs] 
180.072: Total time for which application threads were stopped: 0.1396430 seconds, Stopping threads took: 0.0000070 seconds
180.072: Application time: 0.0000540 seconds
180.072: [Full GC180.072: [Tenured: 256704K->256704K(256704K), 0.1389570 secs] 372223K->372223K(372224K), [Perm : 13558K->13558K(21248K)], 0.1389940 secs] [Times: user=0.14 sys=0.00, real=0.14 secs] 
180.211: Total time for which application threads were stopped: 0.1392930 seconds, Stopping threads took: 0.0000070 seconds
180.211: Application time: 0.0000640 seconds
180.211: [Full GC180.211: [Tenured: 256704K->256703K(256704K), 0.1390810 secs] 372223K->372223K(372224K), [Perm : 13558K->13558K(21248K)], 0.1391110 secs] [Times: user=0.14 sys=0.00, real=0.14 secs] 
180.350: Total time for which application threads were stopped: 0.1393910 seconds, Stopping threads took: 0.0000060 seconds
180.351: Application time: 0.0000690 seconds
180.351: [Full GC180.351: [Tenured: 256703K->256703K(256704K), 0.1388990 secs] 372223K->372223K(372224K), [Perm : 13558K->13558K(21248K)], 0.1389300 secs] [Times: user=0.14 sys=0.00, real=0.14 secs] 
180.490: Total time for which application threads were stopped: 0.1392110 seconds, Stopping threads took: 0.0000060 seconds
180.490: Application time: 0.0000570 seconds
180.490: [Full GC180.490: [Tenured: 256704K->256704K(256704K), 0.1389550 secs] 372223K->372223K(372224K), [Perm : 13558K->13558K(21248K)], 0.1389840 secs] [Times: user=0.14 sys=0.00, real=0.14 secs] 
180.629: Total time for which application threads were stopped: 0.1392630 seconds, Stopping threads took: 0.0000050 seconds
180.629: Application time: 0.0000480 seconds
180.629: [Full GC180.629: [Tenured: 256704K->256704K(256704K), 0.1388420 secs] 372223K->372223K(372224K), [Perm : 13558K->13558K(21248K)], 0.1388700 secs] [Times: user=0.14 sys=0.00, real=0.14 secs] 
180.768: Total time for which application threads were stopped: 0.1391660 seconds, Stopping threads took: 0.0000060 seconds
180.768: Application time: 0.0000460 seconds
180.769: [Full GC180.769: [Tenured: 256704K->256703K(256704K), 0.1388620 secs] 372223K->372223K(372224K), [Perm : 13558K->13558K(21248K)], 0.1388920 secs] [Times: user=0.14 sys=0.00, real=0.13 secs] 
180.908: Total time for which application threads were stopped: 0.1391820 seconds, Stopping threads took: 0.0000050 seconds
180.908: Application time: 0.0000500 seconds
180.908: [Full GC180.908: [Tenured: 256703K->256703K(256704K), 0.1422290 secs] 372223K->372223K(372224K), [Perm : 13558K->13558K(21248K)], 0.1422600 secs] [Times: user=0.14 sys=0.00, real=0.14 secs] 
181.050: Total time for which application threads were stopped: 0.1425420 seconds, Stopping threads took: 0.0000090 seconds
181.050: Application time: 0.0000500 seconds
181.050: [Full GC181.050: [Tenured: 256703K->256703K(256704K), 0.1388560 secs] 372223K->372223K(372224K), [Perm : 13558K->13558K(21248K)], 0.1388860 secs] [Times: user=0.14 sys=0.00, real=0.14 secs] 
181.189: Total time for which application threads were stopped: 0.1391670 seconds, Stopping threads took: 0.0000080 seconds
181.189: Application time: 0.0000460 seconds
181.190: [Full GC181.190: [Tenured: 256703K->256703K(256704K), 0.1389190 secs] 372223K->372223K(372224K), [Perm : 13558K->13558K(21248K)], 0.1389470 secs] [Times: user=0.14 sys=0.00, real=0.14 secs] 
181.329: Total time for which application threads were stopped: 0.1392460 seconds, Stopping threads took: 0.0000080 seconds
181.329: Application time: 0.0000480 seconds
181.329: [Full GC181.329: [Tenured: 256703K->256703K(256704K), 0.1389020 secs] 372223K->372223K(372224K), [Perm : 13558K->13558K(21248K)], 0.1389310 secs] [Times: user=0.14 sys=0.00, real=0.14 secs] 
181.468: Total time for which application threads were stopped: 0.1392110 seconds, Stopping threads took: 0.0000070 seconds
181.468: Application time: 0.0000490 seconds
181.468: [Full GC181.468: [Tenured: 256703K->256703K(256704K), 0.1388840 secs] 372223K->372223K(372224K), [Perm : 13558K->13558K(21248K)], 0.1389150 secs] [Times: user=0.14 sys=0.00, real=0.13 secs] 
181.607: Total time for which application threads were stopped: 0.1391970 seconds, Stopping threads took: 0.0000080 seconds
181.607: Application time: 0.0000480 seconds
181.607: [Full GC181.607: [Tenured: 256703K->256703K(256704K), 0.1388520 secs] 372223K->372223K(372224K), [Perm : 13558K->13558K(21248K)], 0.1388890 secs] [Times: user=0.14 sys=0.00, real=0.14 secs] 
181.746: Total time for which application threads were stopped: 0.1391710 seconds, Stopping threads took: 0.0000080 seconds
181.746: Application time: 0.0000450 seconds
181.747: [Full GC181.747: [Tenured: 256703K->256703K(256704K), 0.1389050 secs] 372223K->372223K(372224K), [Perm : 13558K->13558K(21248K)], 0.1389340 secs] [Times: user=0.14 sys=0.00, real=0.14 secs] 
181.886: [Full GC181.886: [Tenured: 256703K->256703K(256704K), 0.1394320 secs] 372223K->372223K(372224K), [Perm : 13558K->13558K(21248K)], 0.1394600 secs] [Times: user=0.14 sys=0.00, real=0.14 secs] 
182.025: Total time for which application threads were stopped: 0.2787230 seconds, Stopping threads took: 0.0000110 seconds
182.025: Application time: 0.0000490 seconds
182.025: [Full GC182.025: [Tenured: 256703K->256703K(256704K), 0.1389200 secs] 372223K->372223K(372224K), [Perm : 13558K->13558K(21248K)], 0.1389480 secs] [Times: user=0.14 sys=0.00, real=0.14 secs] 
182.164: Total time for which application threads were stopped: 0.1392310 seconds, Stopping threads took: 0.0000090 seconds
182.164: Application time: 0.0000490 seconds
182.165: [Full GC182.165: [Tenured: 256703K->256703K(256704K), 0.1389560 secs] 372223K->372223K(372224K), [Perm : 13558K->13558K(21248K)], 0.1389850 secs] [Times: user=0.14 sys=0.00, real=0.14 secs] 
182.304: Total time for which application threads were stopped: 0.1392670 seconds, Stopping threads took: 0.0000090 seconds
182.304: Application time: 0.0000450 seconds
182.304: [Full GC182.304: [Tenured: 256703K->256703K(256704K), 0.1389090 secs] 372223K->372223K(372224K), [Perm : 13558K->13558K(21248K)], 0.1389390 secs] [Times: user=0.14 sys=0.00, real=0.14 secs] 
182.443: Total time for which application threads were stopped: 0.1392400 seconds, Stopping threads took: 0.0000100 seconds
182.443: Application time: 0.0000480 seconds
182.443: [Full GC182.443: [Tenured: 256703K->256703K(256704K), 0.1414990 secs] 372223K->372223K(372224K), [Perm : 13558K->13558K(21248K)], 0.1415290 secs] [Times: user=0.14 sys=0.00, real=0.14 secs] 
182.585: Total time for which application threads were stopped: 0.1418130 seconds, Stopping threads took: 0.0000080 seconds
182.585: Application time: 0.0000520 seconds
182.585: [Full GC182.585: [Tenured: 256703K->256703K(256704K), 0.1388640 secs] 372223K->372223K(372224K), [Perm : 13558K->13558K(21248K)], 0.1388930 secs] [Times: user=0.14 sys=0.00, real=0.14 secs] 
182.724: Total time for which application threads were stopped: 0.1391760 seconds, Stopping threads took: 0.0000080 seconds
182.724: Application time: 0.0000460 seconds
182.724: [Full GC182.724: [Tenured: 256703K->256703K(256704K), 0.1388810 secs] 372223K->372223K(372224K), [Perm : 13558K->13558K(21248K)], 0.1389110 secs] [Times: user=0.14 sys=0.00, real=0.14 secs] 
182.863: Total time for which application threads were stopped: 0.1391940 seconds, Stopping threads took: 0.0000100 seconds
182.863: Application time: 0.0000470 seconds
182.864: [Full GC182.864: [Tenured: 256703K->256703K(256704K), 0.1392830 secs] 372223K->372223K(372224K), [Perm : 13558K->13558K(21248K)], 0.1393130 secs] [Times: user=0.14 sys=0.00, real=0.14 secs] 
183.003: Total time for which application threads were stopped: 0.1396180 seconds, Stopping threads took: 0.0000100 seconds
183.003: Application time: 0.0000460 seconds
183.003: [Full GC183.003: [Tenured: 256703K->256703K(256704K), 0.1389360 secs] 372223K->372223K(372224K), [Perm : 13558K->13558K(21248K)], 0.1389660 secs] [Times: user=0.14 sys=0.00, real=0.14 secs] 
183.142: Total time for which application threads were stopped: 0.1392480 seconds, Stopping threads took: 0.0000090 seconds
183.142: Application time: 0.0000490 seconds
183.143: [Full GC183.143: [Tenured: 256703K->256703K(256704K), 0.1389590 secs] 372223K->372223K(372224K), [Perm : 13558K->13558K(21248K)], 0.1389920 secs] [Times: user=0.14 sys=0.00, real=0.14 secs] 
183.282: Total time for which application threads were stopped: 0.1392910 seconds, Stopping threads took: 0.0000110 seconds
183.282: Application time: 0.0000470 seconds
183.282: [Full GC183.282: [Tenured: 256703K->256703K(256704K), 0.1390640 secs] 372223K->372223K(372224K), [Perm : 13558K->13558K(21248K)], 0.1390920 secs] [Times: user=0.14 sys=0.00, real=0.14 secs] 
183.421: Total time for which application threads were stopped: 0.1393730 seconds, Stopping threads took: 0.0000080 seconds
183.421: Application time: 0.0000420 seconds
183.421: [Full GC183.421: [Tenured: 256703K->256703K(256704K), 0.1388290 secs] 372223K->372223K(372224K), [Perm : 13558K->13558K(21248K)], 0.1388580 secs] [Times: user=0.13 sys=0.00, real=0.14 secs] 
183.560: Total time for which application threads were stopped: 0.1391570 seconds, Stopping threads took: 0.0000090 seconds
183.560: Application time: 0.0000550 seconds
183.561: [Full GC183.561: [Tenured: 256703K->256703K(256704K), 0.1388980 secs] 372223K->372223K(372224K), [Perm : 13558K->13558K(21248K)], 0.1389380 secs] [Times: user=0.13 sys=0.00, real=0.14 secs] 
183.700: Total time for which application threads were stopped: 0.1392210 seconds, Stopping threads took: 0.0000090 seconds
183.700: Application time: 0.0000600 seconds
183.700: [Full GC183.700: [Tenured: 256704K->256704K(256704K), 0.1388950 secs] 372223K->372223K(372224K), [Perm : 13558K->13558K(21248K)], 0.1389270 secs] [Times: user=0.14 sys=0.00, real=0.13 secs] 
183.839: Total time for which application threads were stopped: 0.1392090 seconds, Stopping threads took: 0.0000060 seconds
183.839: Application time: 0.0000490 seconds
183.839: [Full GC183.839: [Tenured: 256704K->256704K(256704K), 0.1390760 secs] 372223K->372223K(372224K), [Perm : 13558K->13558K(21248K)], 0.1391040 secs] [Times: user=0.14 sys=0.00, real=0.14 secs] 
183.978: Total time for which application threads were stopped: 0.1393910 seconds, Stopping threads took: 0.0000110 seconds
183.978: Application time: 0.0000410 seconds
183.979: [Full GC183.979: [Tenured: 256704K->256704K(256704K), 0.1419750 secs] 372223K->372223K(372224K), [Perm : 13558K->13558K(21248K)], 0.1420050 secs] [Times: user=0.14 sys=0.00, real=0.15 secs] 
184.121: Total time for which application threads were stopped: 0.1423490 seconds, Stopping threads took: 0.0000090 seconds
184.121: Application time: 0.0000450 seconds
184.121: [Full GC184.121: [Tenured: 256704K->256703K(256704K), 0.1388500 secs] 372223K->372223K(372224K), [Perm : 13558K->13558K(21248K)], 0.1388790 secs] [Times: user=0.14 sys=0.00, real=0.14 secs] 
184.260: Total time for which application threads were stopped: 0.1391610 seconds, Stopping threads took: 0.0000090 seconds
184.260: Application time: 0.0000510 seconds
184.260: [Full GC184.260: [Tenured: 256703K->256703K(256704K), 0.1389480 secs] 372223K->372223K(372224K), [Perm : 13558K->13558K(21248K)], 0.1389770 secs] [Times: user=0.14 sys=0.00, real=0.13 secs] 
184.399: [Full GC184.399: [Tenured: 256703K->256703K(256704K), 0.1388350 secs] 372223K->372223K(372224K), [Perm : 13558K->13558K(21248K)], 0.1388650 secs] [Times: user=0.14 sys=0.00, real=0.14 secs] 
184.538: Total time for which application threads were stopped: 0.2781490 seconds, Stopping threads took: 0.0000050 seconds
184.538: Application time: 0.0000470 seconds
184.538: [Full GC184.538: [Tenured: 256703K->256703K(256704K), 0.1389280 secs] 372223K->372223K(372224K), [Perm : 13558K->13558K(21248K)], 0.1389570 secs] [Times: user=0.14 sys=0.00, real=0.14 secs] 
184.677: [Full GC184.677: [Tenured: 256703K->256703K(256704K), 0.1388410 secs] 372223K->372223K(372224K), [Perm : 13558K->13558K(21248K)], 0.1388700 secs] [Times: user=0.14 sys=0.00, real=0.14 secs] 
184.816: Total time for which application threads were stopped: 0.2781540 seconds, Stopping threads took: 0.0000110 seconds
184.816: Application time: 0.0000740 seconds
184.817: [Full GC184.817: [Tenured: 256703K->256703K(256704K), 0.1545590 secs] 372223K->372223K(372224K), [Perm : 13558K->13558K(21248K)], 0.1545930 secs] [Times: user=0.15 sys=0.00, real=0.16 secs] 
184.971: [Full GC184.971: [Tenured: 256703K->256703K(256704K), 0.1409150 secs] 372223K->372223K(372224K), [Perm : 13558K->13558K(21248K)], 0.1409430 secs] [Times: user=0.15 sys=0.00, real=0.14 secs] 
185.112: Total time for which application threads were stopped: 0.2958570 seconds, Stopping threads took: 0.0000070 seconds
185.112: Application time: 0.0000670 seconds
185.113: [Full GC185.113: [Tenured: 256703K->256703K(256704K), 0.1565960 secs] 372223K->372223K(372224K), [Perm : 13558K->13558K(21248K)], 0.1566340 secs] [Times: user=0.15 sys=0.00, real=0.16 secs] 
185.269: Total time for which application threads were stopped: 0.1569590 seconds, Stopping threads took: 0.0000260 seconds
185.269: Application time: 0.0000850 seconds
185.270: [Full GC185.270: [Tenured: 256703K->256703K(256704K), 0.1439870 secs] 372223K->372223K(372224K), [Perm : 13558K->13558K(21248K)], 0.1440250 secs] [Times: user=0.15 sys=0.00, real=0.14 secs] 
185.414: Total time for which application threads were stopped: 0.1445060 seconds, Stopping threads took: 0.0000090 seconds
185.414: Application time: 0.0000830 seconds
185.414: [Full GC185.414: [Tenured: 256703K->256703K(256704K), 0.1491050 secs] 372223K->372223K(372224K), [Perm : 13558K->13558K(21248K)], 0.1491470 secs] [Times: user=0.15 sys=0.00, real=0.15 secs] 
185.564: Total time for which application threads were stopped: 0.1496340 seconds, Stopping threads took: 0.0000080 seconds
185.564: Application time: 0.0000860 seconds
185.564: [Full GC185.564: [Tenured: 256703K->256703K(256704K), 0.1431890 secs] 372223K->372223K(372224K), [Perm : 13558K->13558K(21248K)], 0.1432230 secs] [Times: user=0.14 sys=0.00, real=0.14 secs] 
185.707: Total time for which application threads were stopped: 0.1435080 seconds, Stopping threads took: 0.0000070 seconds
185.707: Application time: 0.0000650 seconds
185.707: [Full GC185.707: [Tenured: 256703K->256703K(256704K), 0.1497220 secs] 372223K->372223K(372224K), [Perm : 13558K->13558K(21248K)], 0.1497520 secs] [Times: user=0.15 sys=0.00, real=0.15 secs] 
185.857: Total time for which application threads were stopped: 0.1500560 seconds, Stopping threads took: 0.0000060 seconds
185.857: Application time: 0.0000620 seconds
185.858: [Full GC185.858: [Tenured: 256703K->256703K(256704K), 0.1553080 secs] 372223K->372223K(372224K), [Perm : 13558K->13558K(21248K)], 0.1553390 secs] [Times: user=0.16 sys=0.00, real=0.16 secs] 
186.013: Total time for which application threads were stopped: 0.1556220 seconds, Stopping threads took: 0.0000060 seconds
186.013: Application time: 0.0000550 seconds
186.013: [Full GC186.013: [Tenured: 256704K->256704K(256704K), 0.1472860 secs] 372223K->372223K(372224K), [Perm : 13558K->13558K(21248K)], 0.1473160 secs] [Times: user=0.14 sys=0.00, real=0.15 secs] 
186.161: Total time for which application threads were stopped: 0.1475960 seconds, Stopping threads took: 0.0000060 seconds
186.161: Application time: 0.0000510 seconds
186.161: [Full GC186.161: [Tenured: 256704K->256704K(256704K), 0.1392990 secs] 372224K->372223K(372224K), [Perm : 13558K->13558K(21248K)], 0.1393280 secs] [Times: user=0.13 sys=0.00, real=0.14 secs] 
186.300: Total time for which application threads were stopped: 0.1396060 seconds, Stopping threads took: 0.0000050 seconds
186.300: Application time: 0.0000530 seconds
186.301: [Full GC186.301: [Tenured: 256704K->256704K(256704K), 0.1394060 secs] 372224K->372223K(372224K), [Perm : 13558K->13558K(21248K)], 0.1394340 secs] [Times: user=0.14 sys=0.00, real=0.14 secs] 
186.440: Total time for which application threads were stopped: 0.1397280 seconds, Stopping threads took: 0.0000050 seconds
186.440: Application time: 0.0000450 seconds
186.440: [Full GC186.440: [Tenured: 256704K->256703K(256704K), 0.1394240 secs] 372223K->372223K(372224K), [Perm : 13558K->13558K(21248K)], 0.1394520 secs] [Times: user=0.14 sys=0.00, real=0.14 secs] 
186.580: Total time for which application threads were stopped: 0.1397340 seconds, Stopping threads took: 0.0000090 seconds
186.580: Application time: 0.0000510 seconds
186.580: [Full GC186.580: [Tenured: 256704K->256704K(256704K), 0.1393880 secs] 372223K->372223K(372224K), [Perm : 13558K->13558K(21248K)], 0.1394160 secs] [Times: user=0.14 sys=0.00, real=0.14 secs] 
186.720: Total time for which application threads were stopped: 0.1396960 seconds, Stopping threads took: 0.0000050 seconds
186.720: Application time: 0.0000490 seconds
186.720: [Full GC186.720: [Tenured: 256704K->256704K(256704K), 0.1393440 secs] 372223K->372223K(372224K), [Perm : 13558K->13558K(21248K)], 0.1393750 secs] [Times: user=0.14 sys=0.00, real=0.13 secs] 
186.859: Total time for which application threads were stopped: 0.1396540 seconds, Stopping threads took: 0.0000060 seconds
186.859: Application time: 0.0000490 seconds
186.860: [Full GC186.860: [Tenured: 256704K->256704K(256704K), 0.1398060 secs] 372223K->372223K(372224K), [Perm : 13558K->13558K(21248K)], 0.1398380 secs] [Times: user=0.14 sys=0.00, real=0.13 secs] 
186.999: Total time for which application threads were stopped: 0.1401460 seconds, Stopping threads took: 0.0000080 seconds
187.000: Application time: 0.0000600 seconds
187.000: [Full GC187.000: [Tenured: 256704K->256703K(256704K), 0.1395400 secs] 372223K->372223K(372224K), [Perm : 13558K->13558K(21248K)], 0.1395700 secs] [Times: user=0.14 sys=0.01, real=0.13 secs] 
187.139: Total time for which application threads were stopped: 0.1398520 seconds, Stopping threads took: 0.0000060 seconds
187.139: Application time: 0.0000530 seconds
187.140: [Full GC187.140: [Tenured: 256703K->256703K(256704K), 0.1393490 secs] 372223K->372223K(372224K), [Perm : 13558K->13558K(21248K)], 0.1393780 secs] [Times: user=0.14 sys=0.00, real=0.13 secs] 
187.279: Total time for which application threads were stopped: 0.1396650 seconds, Stopping threads took: 0.0000050 seconds
187.279: Application time: 0.0000650 seconds
187.279: [Full GC187.279: [Tenured: 256703K->256703K(256704K), 0.1395240 secs] 372223K->372223K(372224K), [Perm : 13558K->13558K(21248K)], 0.1395540 secs] [Times: user=0.14 sys=0.00, real=0.14 secs] 
187.419: Total time for which application threads were stopped: 0.1398520 seconds, Stopping threads took: 0.0000220 seconds
187.419: Application time: 0.0000560 seconds
187.419: [Full GC187.419: [Tenured: 256703K->256703K(256704K), 0.1397940 secs] 372223K->372223K(372224K), [Perm : 13558K->13558K(21248K)], 0.1398250 secs] [Times: user=0.14 sys=0.00, real=0.14 secs] 
187.559: [Full GC187.559: [Tenured: 256703K->256703K(256704K), 0.1393200 secs] 372223K->372223K(372224K), [Perm : 13558K->13558K(21248K)], 0.1393500 secs] [Times: user=0.14 sys=0.00, real=0.14 secs] 
187.699: Total time for which application threads were stopped: 0.2795020 seconds, Stopping threads took: 0.0000090 seconds
187.699: Application time: 0.0000520 seconds
187.699: [Full GC187.699: [Tenured: 256703K->256703K(256704K), 0.1395630 secs] 372223K->372223K(372224K), [Perm : 13558K->13558K(21248K)], 0.1395930 secs] [Times: user=0.14 sys=0.00, real=0.14 secs] 
187.839: Total time for which application threads were stopped: 0.1398740 seconds, Stopping threads took: 0.0000050 seconds
187.839: Application time: 0.0000620 seconds
187.839: [Full GC187.839: [Tenured: 256703K->256703K(256704K), 0.1397680 secs] 372223K->372223K(372224K), [Perm : 13558K->13558K(21248K)], 0.1397950 secs] [Times: user=0.14 sys=0.00, real=0.14 secs] 
187.979: [Full GC187.979: [Tenured: 256703K->256703K(256704K), 0.1394270 secs] 372223K->372223K(372224K), [Perm : 13558K->13558K(21248K)], 0.1394570 secs] [Times: user=0.14 sys=0.00, real=0.14 secs] 
188.118: Total time for which application threads were stopped: 0.2795620 seconds, Stopping threads took: 0.0000080 seconds
188.118: Application time: 0.0000580 seconds
188.118: [Full GC188.118: [Tenured: 256703K->256703K(256704K), 0.1394520 secs] 372223K->372223K(372224K), [Perm : 13558K->13558K(21248K)], 0.1394810 secs] [Times: user=0.14 sys=0.00, real=0.14 secs] 
188.258: Total time for which application threads were stopped: 0.1397770 seconds, Stopping threads took: 0.0000060 seconds
188.258: Application time: 0.0000550 seconds
188.258: [Full GC188.258: [Tenured: 256704K->256704K(256704K), 0.1395050 secs] 372223K->372223K(372224K), [Perm : 13558K->13558K(21248K)], 0.1395440 secs] [Times: user=0.14 sys=0.00, real=0.14 secs] 
188.398: Total time for which application threads were stopped: 0.1398280 seconds, Stopping threads took: 0.0000060 seconds
188.398: Application time: 0.0000410 seconds
188.398: [Full GC188.398: [Tenured: 256704K->256704K(256704K), 0.1397310 secs] 372223K->372223K(372224K), [Perm : 13558K->13558K(21248K)], 0.1397590 secs] [Times: user=0.14 sys=0.00, real=0.14 secs] 
188.538: Total time for which application threads were stopped: 0.1400410 seconds, Stopping threads took: 0.0000080 seconds
188.538: Application time: 0.0000420 seconds
188.538: [Full GC188.538: [Tenured: 256704K->256704K(256704K), 0.1396800 secs] 372223K->372223K(372224K), [Perm : 13558K->13558K(21248K)], 0.1397050 secs] [Times: user=0.14 sys=0.00, real=0.14 secs] 
188.678: Total time for which application threads were stopped: 0.1399860 seconds, Stopping threads took: 0.0000080 seconds
188.678: Application time: 0.0000430 seconds
188.678: [Full GC188.678: [Tenured: 256704K->256703K(256704K), 0.1393510 secs] 372223K->372223K(372224K), [Perm : 13558K->13558K(21248K)], 0.1393800 secs] [Times: user=0.14 sys=0.00, real=0.14 secs] 
188.818: Total time for which application threads were stopped: 0.1396810 seconds, Stopping threads took: 0.0000090 seconds
188.818: Application time: 0.0000510 seconds
188.818: [Full GC188.818: [Tenured: 256703K->256703K(256704K), 0.1394220 secs] 372223K->372223K(372224K), [Perm : 13558K->13558K(21248K)], 0.1394520 secs] [Times: user=0.14 sys=0.00, real=0.14 secs] 
188.957: Total time for which application threads were stopped: 0.1397310 seconds, Stopping threads took: 0.0000050 seconds
188.958: Application time: 0.0000460 seconds
188.958: [Full GC188.958: [Tenured: 256703K->256703K(256704K), 0.1396830 secs] 372223K->372223K(372224K), [Perm : 13558K->13558K(21248K)], 0.1397130 secs] [Times: user=0.14 sys=0.00, real=0.14 secs] 
189.098: Total time for which application threads were stopped: 0.1399960 seconds, Stopping threads took: 0.0000090 seconds
189.098: Application time: 0.0000470 seconds
189.098: [Full GC189.098: [Tenured: 256703K->256703K(256704K), 0.1393870 secs] 372223K->372223K(372224K), [Perm : 13558K->13558K(21248K)], 0.1394160 secs] [Times: user=0.14 sys=0.00, real=0.14 secs] 
189.237: Total time for which application threads were stopped: 0.1397010 seconds, Stopping threads took: 0.0000100 seconds
189.237: Application time: 0.0000450 seconds
189.238: [Full GC189.238: [Tenured: 256703K->256703K(256704K), 0.1394080 secs] 372223K->372223K(372224K), [Perm : 13558K->13558K(21248K)], 0.1394360 secs] [Times: user=0.14 sys=0.00, real=0.14 secs] 
189.377: Total time for which application threads were stopped: 0.1397340 seconds, Stopping threads took: 0.0000090 seconds
189.377: Application time: 0.0000480 seconds
189.377: [Full GC189.377: [Tenured: 256703K->256703K(256704K), 0.1394960 secs] 372223K->372223K(372224K), [Perm : 13558K->13558K(21248K)], 0.1395240 secs] [Times: user=0.14 sys=0.00, real=0.14 secs] 
189.517: Total time for which application threads were stopped: 0.1398040 seconds, Stopping threads took: 0.0000060 seconds
189.517: Application time: 0.0000470 seconds
189.517: [Full GC189.517: [Tenured: 256703K->256703K(256704K), 0.1394110 secs] 372223K->372223K(372224K), [Perm : 13558K->13558K(21248K)], 0.1394400 secs] [Times: user=0.14 sys=0.00, real=0.14 secs] 
189.657: Total time for which application threads were stopped: 0.1397220 seconds, Stopping threads took: 0.0000080 seconds
189.657: Application time: 0.0000430 seconds
189.657: [Full GC189.657: [Tenured: 256703K->256703K(256704K), 0.1393310 secs] 372223K->372223K(372224K), [Perm : 13558K->13558K(21248K)], 0.1393600 secs] [Times: user=0.14 sys=0.00, real=0.14 secs] 
189.796: [Full GC189.796: [Tenured: 256703K->256703K(256704K), 0.1393930 secs] 372223K->372223K(372224K), [Perm : 13558K->13558K(21248K)], 0.1394220 secs] [Times: user=0.14 sys=0.00, real=0.14 secs] 
189.936: Total time for which application threads were stopped: 0.2790920 seconds, Stopping threads took: 0.0000090 seconds
189.936: Application time: 0.0000440 seconds
189.936: [Full GC189.936: [Tenured: 256703K->256703K(256704K), 0.1402570 secs] 372223K->372223K(372224K), [Perm : 13558K->13558K(21248K)], 0.1402920 secs] [Times: user=0.14 sys=0.00, real=0.14 secs] 
190.076: Total time for which application threads were stopped: 0.1405930 seconds, Stopping threads took: 0.0000090 seconds
190.076: Application time: 0.0000440 seconds
190.077: [Full GC190.077: [Tenured: 256703K->256703K(256704K), 0.1394400 secs] 372223K->372223K(372224K), [Perm : 13558K->13558K(21248K)], 0.1394690 secs] [Times: user=0.14 sys=0.00, real=0.14 secs] 
190.216: Total time for which application threads were stopped: 0.1397500 seconds, Stopping threads took: 0.0000090 seconds
190.216: Application time: 0.0000440 seconds
190.217: [Full GC190.217: [Tenured: 256703K->256703K(256704K), 0.1394440 secs] 372223K->372223K(372224K), [Perm : 13558K->13558K(21248K)], 0.1394720 secs] [Times: user=0.14 sys=0.00, real=0.14 secs] 
190.356: Total time for which application threads were stopped: 0.1397520 seconds, Stopping threads took: 0.0000080 seconds
190.356: Application time: 0.0000440 seconds
190.356: [Full GC190.356: [Tenured: 256703K->256703K(256704K), 0.1393960 secs] 372223K->372223K(372224K), [Perm : 13558K->13558K(21248K)], 0.1394250 secs] [Times: user=0.14 sys=0.00, real=0.14 secs] 
190.496: Total time for which application threads were stopped: 0.1397090 seconds, Stopping threads took: 0.0000100 seconds
190.496: Application time: 0.0000440 seconds
190.496: [Full GC190.496: [Tenured: 256703K->256703K(256704K), 0.1395140 secs] 372223K->372223K(372224K), [Perm : 13558K->13558K(21248K)], 0.1395420 secs] [Times: user=0.14 sys=0.00, real=0.14 secs] 
190.636: [Full GC190.636: [Tenured: 256703K->256703K(256704K), 0.1392770 secs] 372223K->372223K(372224K), [Perm : 13558K->13558K(21248K)], 0.1393070 secs] [Times: user=0.14 sys=0.00, real=0.14 secs] 
190.775: Total time for which application threads were stopped: 0.2791750 seconds, Stopping threads took: 0.0000090 seconds
190.775: Application time: 0.0000800 seconds
190.775: [Full GC190.775: [Tenured: 256703K->256703K(256704K), 0.1558440 secs] 372223K->372223K(372224K), [Perm : 13558K->13558K(21248K)], 0.1558790 secs] [Times: user=0.16 sys=0.00, real=0.16 secs] 
190.931: Total time for which application threads were stopped: 0.1561650 seconds, Stopping threads took: 0.0000050 seconds
190.931: Application time: 0.0000960 seconds
190.932: [Full GC190.932: [Tenured: 256703K->256703K(256704K), 0.1443200 secs] 372223K->372222K(372224K), [Perm : 13558K->13558K(21248K)], 0.1443530 secs] [Times: user=0.14 sys=0.00, real=0.14 secs] 
191.076: Total time for which application threads were stopped: 0.1448470 seconds, Stopping threads took: 0.0000110 seconds
191.076: Application time: 0.0000620 seconds
191.077: [Full GC191.077: [Tenured: 256703K->256703K(256704K), 0.1395480 secs] 372223K->372223K(372224K), [Perm : 13558K->13558K(21248K)], 0.1395760 secs] [Times: user=0.14 sys=0.00, real=0.14 secs] 
191.216: Total time for which application threads were stopped: 0.1400750 seconds, Stopping threads took: 0.0000060 seconds
191.216: Application time: 0.0000520 seconds
191.217: [Full GC191.217: [Tenured: 256703K->256703K(256704K), 0.1396620 secs] 372223K->372223K(372224K), [Perm : 13558K->13558K(21248K)], 0.1396910 secs] [Times: user=0.14 sys=0.00, real=0.14 secs] 
191.356: Total time for which application threads were stopped: 0.1399700 seconds, Stopping threads took: 0.0000060 seconds
191.356: Application time: 0.0000500 seconds
191.357: [Full GC191.357: [Tenured: 256703K->256703K(256704K), 0.1392940 secs] 372223K->372223K(372224K), [Perm : 13558K->13558K(21248K)], 0.1393220 secs] [Times: user=0.14 sys=0.00, real=0.14 secs] 
191.496: Total time for which application threads were stopped: 0.1396020 seconds, Stopping threads took: 0.0000060 seconds
191.496: Application time: 0.0000490 seconds
191.496: [Full GC191.496: [Tenured: 256704K->256703K(256704K), 0.1397140 secs] 372223K->372223K(372224K), [Perm : 13558K->13558K(21248K)], 0.1397430 secs] [Times: user=0.14 sys=0.00, real=0.14 secs] 
191.636: Total time for which application threads were stopped: 0.1400310 seconds, Stopping threads took: 0.0000080 seconds
191.636: Application time: 0.0000550 seconds
191.636: [Full GC191.636: [Tenured: 256703K->256703K(256704K), 0.1394760 secs] 372223K->372223K(372224K), [Perm : 13558K->13558K(21248K)], 0.1395050 secs] [Times: user=0.14 sys=0.00, real=0.14 secs] 
191.776: Total time for which application threads were stopped: 0.1398070 seconds, Stopping threads took: 0.0000070 seconds
191.776: Application time: 0.0000520 seconds
191.776: [Full GC191.776: [Tenured: 256704K->256704K(256704K), 0.1393560 secs] 372224K->372223K(372224K), [Perm : 13558K->13558K(21248K)], 0.1393850 secs] [Times: user=0.14 sys=0.00, real=0.14 secs] 
191.916: Total time for which application threads were stopped: 0.1396660 seconds, Stopping threads took: 0.0000060 seconds
191.916: Application time: 0.0000460 seconds
191.916: [Full GC191.916: [Tenured: 256704K->256704K(256704K), 0.1399520 secs] 372223K->372223K(372224K), [Perm : 13558K->13558K(21248K)], 0.1399810 secs] [Times: user=0.14 sys=0.00, real=0.14 secs] 
192.056: [Full GC192.056: [Tenured: 256704K->256703K(256704K), 0.1394490 secs] 372223K->372223K(372224K), [Perm : 13558K->13558K(21248K)], 0.1394800 secs] [Times: user=0.14 sys=0.00, real=0.14 secs] 
192.196: Total time for which application threads were stopped: 0.2797850 seconds, Stopping threads took: 0.0000100 seconds
192.196: Application time: 0.0000440 seconds
192.196: [Full GC192.196: [Tenured: 256704K->256704K(256704K), 0.1393950 secs] 372223K->372223K(372224K), [Perm : 13558K->13558K(21248K)], 0.1394260 secs] [Times: user=0.14 sys=0.00, real=0.14 secs] 
192.335: Total time for which application threads were stopped: 0.1397250 seconds, Stopping threads took: 0.0000090 seconds
192.335: Application time: 0.0000530 seconds
192.336: [Full GC192.336: [Tenured: 256704K->256704K(256704K), 0.1393660 secs] 372224K->372223K(372224K), [Perm : 13558K->13558K(21248K)], 0.1393960 secs] [Times: user=0.14 sys=0.00, real=0.14 secs] 
192.475: Total time for which application threads were stopped: 0.1396850 seconds, Stopping threads took: 0.0000100 seconds
192.475: Application time: 0.0000450 seconds
192.475: [Full GC192.475: [Tenured: 256704K->256704K(256704K), 0.1395600 secs] 372223K->372223K(372224K), [Perm : 13558K->13558K(21248K)], 0.1395910 secs] [Times: user=0.14 sys=0.00, real=0.14 secs] 
192.615: Total time for which application threads were stopped: 0.1398720 seconds, Stopping threads took: 0.0000090 seconds
192.615: Application time: 0.0000490 seconds
192.615: [Full GC192.615: [Tenured: 256704K->256703K(256704K), 0.1394740 secs] 372223K->372223K(372224K), [Perm : 13558K->13558K(21248K)], 0.1395060 secs] [Times: user=0.14 sys=0.00, real=0.14 secs] 
192.755: Total time for which application threads were stopped: 0.1397880 seconds, Stopping threads took: 0.0000080 seconds
192.755: Application time: 0.0000720 seconds
192.755: [Full GC192.755: [Tenured: 256703K->256703K(256704K), 0.1411890 secs] 372223K->372223K(372224K), [Perm : 13558K->13558K(21248K)], 0.1412170 secs] [Times: user=0.14 sys=0.00, real=0.14 secs] 
192.896: Total time for which application threads were stopped: 0.1415240 seconds, Stopping threads took: 0.0000050 seconds
192.896: Application time: 0.0000570 seconds
192.897: [Full GC192.897: [Tenured: 256703K->256703K(256704K), 0.1400030 secs] 372223K->372223K(372224K), [Perm : 13558K->13558K(21248K)], 0.1400340 secs] [Times: user=0.14 sys=0.00, real=0.14 secs] 
193.037: Total time for which application threads were stopped: 0.1403390 seconds, Stopping threads took: 0.0000060 seconds
193.037: Application time: 0.0000490 seconds
193.037: [Full GC193.037: [Tenured: 256703K->256703K(256704K), 0.1394110 secs] 372223K->372223K(372224K), [Perm : 13558K->13558K(21248K)], 0.1394400 secs] [Times: user=0.14 sys=0.00, real=0.14 secs] 
193.177: Total time for which application threads were stopped: 0.1397260 seconds, Stopping threads took: 0.0000100 seconds
193.177: Application time: 0.0000470 seconds
193.177: [Full GC193.177: [Tenured: 256703K->256703K(256704K), 0.1390060 secs] 372223K->372223K(372224K), [Perm : 13558K->13558K(21248K)], 0.1390410 secs] [Times: user=0.14 sys=0.00, real=0.14 secs] 
193.316: Total time for which application threads were stopped: 0.1393230 seconds, Stopping threads took: 0.0000080 seconds
193.316: Application time: 0.0000560 seconds
193.316: [Full GC193.316: [Tenured: 256703K->256703K(256704K), 0.1389440 secs] 372223K->372223K(372224K), [Perm : 13558K->13558K(21248K)], 0.1389790 secs] [Times: user=0.14 sys=0.00, real=0.14 secs] 
193.455: Total time for which application threads were stopped: 0.1392810 seconds, Stopping threads took: 0.0000060 seconds
193.455: Application time: 0.0000480 seconds
193.456: [Full GC193.456: [Tenured: 256703K->256703K(256704K), 0.1390150 secs] 372223K->372223K(372224K), [Perm : 13558K->13558K(21248K)], 0.1390440 secs] [Times: user=0.14 sys=0.00, real=0.14 secs] 
193.595: Total time for which application threads were stopped: 0.1393360 seconds, Stopping threads took: 0.0000060 seconds
193.595: Application time: 0.0000470 seconds
193.595: [Full GC193.595: [Tenured: 256703K->256703K(256704K), 0.1390440 secs] 372223K->372223K(372224K), [Perm : 13558K->13558K(21248K)], 0.1390750 secs] [Times: user=0.14 sys=0.00, real=0.14 secs] 
193.734: Total time for which application threads were stopped: 0.1393540 seconds, Stopping threads took: 0.0000050 seconds
193.734: Application time: 0.0000470 seconds
193.734: [Full GC193.734: [Tenured: 256703K->256703K(256704K), 0.1390600 secs] 372223K->372223K(372224K), [Perm : 13558K->13558K(21248K)], 0.1390880 secs] [Times: user=0.14 sys=0.00, real=0.14 secs] 
193.873: Total time for which application threads were stopped: 0.1393720 seconds, Stopping threads took: 0.0000090 seconds
193.874: Application time: 0.0000530 seconds
193.874: [Full GC193.874: [Tenured: 256703K->256703K(256704K), 0.1393010 secs] 372223K->372223K(372224K), [Perm : 13558K->13558K(21248K)], 0.1393300 secs] [Times: user=0.14 sys=0.00, real=0.14 secs] 
194.013: Total time for which application threads were stopped: 0.1396270 seconds, Stopping threads took: 0.0000050 seconds
194.013: Application time: 0.0000490 seconds
194.013: [Full GC194.013: [Tenured: 256704K->256704K(256704K), 0.1640220 secs] 372224K->372223K(372224K), [Perm : 13558K->13558K(21248K)], 0.1640550 secs] [Times: user=0.16 sys=0.00, real=0.16 secs] 
194.178: Total time for which application threads were stopped: 0.1643440 seconds, Stopping threads took: 0.0000090 seconds
194.178: Application time: 0.0000430 seconds
194.178: [Full GC194.178: [Tenured: 256704K->256704K(256704K), 0.1804410 secs] 372223K->372223K(372224K), [Perm : 13558K->13558K(21248K)], 0.1804790 secs] [Times: user=0.18 sys=0.00, real=0.18 secs] 
194.358: [Full GC194.358: [Tenured: 256704K->256703K(256704K), 0.1473170 secs] 372223K->372223K(372224K), [Perm : 13558K->13558K(21248K)], 0.1473470 secs] [Times: user=0.15 sys=0.00, real=0.15 secs] 
194.506: Total time for which application threads were stopped: 0.3281520 seconds, Stopping threads took: 0.0000090 seconds
194.506: Application time: 0.0000580 seconds
194.506: [Full GC194.506: [Tenured: 256703K->256703K(256704K), 0.1392700 secs] 372223K->372223K(372224K), [Perm : 13558K->13558K(21248K)], 0.1392990 secs] [Times: user=0.14 sys=0.00, real=0.14 secs] 
194.645: Total time for which application threads were stopped: 0.1395950 seconds, Stopping threads took: 0.0000060 seconds
194.645: Application time: 0.0000470 seconds
194.646: [Full GC194.646: [Tenured: 256703K->256703K(256704K), 0.1389910 secs] 372223K->372223K(372224K), [Perm : 13558K->13558K(21248K)], 0.1390200 secs] [Times: user=0.14 sys=0.00, real=0.14 secs] 
194.785: Total time for which application threads were stopped: 0.1393010 seconds, Stopping threads took: 0.0000090 seconds
194.785: Application time: 0.0000510 seconds
194.785: [Full GC194.785: [Tenured: 256703K->256703K(256704K), 0.1389280 secs] 372223K->372223K(372224K), [Perm : 13558K->13558K(21248K)], 0.1389570 secs] [Times: user=0.14 sys=0.00, real=0.14 secs] 
194.924: Total time for which application threads were stopped: 0.1392450 seconds, Stopping threads took: 0.0000050 seconds
194.924: Application time: 0.0000500 seconds
194.924: [Full GC194.924: [Tenured: 256703K->256703K(256704K), 0.1394310 secs] 372223K->372223K(372224K), [Perm : 13558K->13558K(21248K)], 0.1394590 secs] [Times: user=0.14 sys=0.00, real=0.14 secs] 
195.064: Total time for which application threads were stopped: 0.1397460 seconds, Stopping threads took: 0.0000060 seconds
195.064: Application time: 0.0000590 seconds
195.064: [Full GC195.064: [Tenured: 256703K->256703K(256704K), 0.1390550 secs] 372223K->372223K(372224K), [Perm : 13558K->13558K(21248K)], 0.1390850 secs] [Times: user=0.14 sys=0.00, real=0.14 secs] 
195.203: Total time for which application threads were stopped: 0.1393810 seconds, Stopping threads took: 0.0000060 seconds
195.203: Application time: 0.0000590 seconds
195.204: [Full GC195.204: [Tenured: 256703K->256703K(256704K), 0.1390140 secs] 372223K->372223K(372224K), [Perm : 13558K->13558K(21248K)], 0.1390430 secs] [Times: user=0.14 sys=0.00, real=0.14 secs] 
195.343: [Full GC195.343: [Tenured: 256703K->256703K(256704K), 0.1389220 secs] 372223K->372222K(372224K), [Perm : 13558K->13558K(21248K)], 0.1389520 secs] [Times: user=0.14 sys=0.00, real=0.14 secs] 
195.482: Total time for which application threads were stopped: 0.2783100 seconds, Stopping threads took: 0.0000050 seconds
195.482: Application time: 0.0000800 seconds
195.482: [Full GC195.482: [Tenured: 256703K->256703K(256704K), 0.1411050 secs] 372223K->372223K(372224K), [Perm : 13558K->13558K(21248K)], 0.1411390 secs] [Times: user=0.14 sys=0.00, real=0.14 secs] 
195.623: Total time for which application threads were stopped: 0.1414310 seconds, Stopping threads took: 0.0000150 seconds
195.623: Application time: 0.0000760 seconds
195.624: [Full GC195.624: [Tenured: 256703K->256703K(256704K), 0.1549530 secs] 372223K->372223K(372224K), [Perm : 13559K->13559K(21248K)], 0.1549850 secs] [Times: user=0.16 sys=0.00, real=0.15 secs] 
195.779: Total time for which application threads were stopped: 0.1553030 seconds, Stopping threads took: 0.0000070 seconds
195.779: Application time: 0.0000650 seconds
195.779: [Full GC195.779: [Tenured: 256703K->256703K(256704K), 0.1550660 secs] 372223K->372223K(372224K), [Perm : 13559K->13559K(21248K)], 0.1550980 secs] [Times: user=0.15 sys=0.00, real=0.16 secs] 
195.934: Total time for which application threads were stopped: 0.1553830 seconds, Stopping threads took: 0.0000070 seconds
195.934: Application time: 0.0000630 seconds
195.934: [Full GC195.934: [Tenured: 256703K->256703K(256704K), 0.1431250 secs] 372223K->372223K(372224K), [Perm : 13559K->13559K(21248K)], 0.1431560 secs] [Times: user=0.14 sys=0.00, real=0.14 secs] 
196.078: Total time for which application threads were stopped: 0.1434380 seconds, Stopping threads took: 0.0000060 seconds
196.078: Application time: 0.0000710 seconds
196.078: [Full GC196.078: [Tenured: 256703K->256703K(256704K), 0.1551090 secs] 372223K->372223K(372224K), [Perm : 13559K->13559K(21248K)], 0.1551390 secs] [Times: user=0.15 sys=0.00, real=0.16 secs] 
196.233: Total time for which application threads were stopped: 0.1554360 seconds, Stopping threads took: 0.0000190 seconds
196.233: Application time: 0.0000760 seconds
196.233: [Full GC196.233: [Tenured: 256704K->256704K(256704K), 0.1550400 secs] 372223K->372223K(372224K), [Perm : 13559K->13559K(21248K)], 0.1550710 secs] [Times: user=0.16 sys=0.00, real=0.16 secs] 
196.388: Total time for which application threads were stopped: 0.1553830 seconds, Stopping threads took: 0.0000190 seconds
196.389: Application time: 0.0000900 seconds
196.389: [Full GC196.389: [Tenured: 256704K->256704K(256704K), 0.1502650 secs] 372223K->372223K(372224K), [Perm : 13559K->13559K(21248K)], 0.1502980 secs] [Times: user=0.15 sys=0.00, real=0.14 secs] 
196.539: Total time for which application threads were stopped: 0.1505960 seconds, Stopping threads took: 0.0000190 seconds
196.539: Application time: 0.0000480 seconds
196.539: [Full GC196.539: [Tenured: 256704K->256704K(256704K), 0.1393620 secs] 372223K->372223K(372224K), [Perm : 13559K->13559K(21248K)], 0.1394000 secs] [Times: user=0.14 sys=0.00, real=0.14 secs] 
196.679: Total time for which application threads were stopped: 0.1396800 seconds, Stopping threads took: 0.0000050 seconds
196.679: Application time: 0.0000510 seconds
196.679: [Full GC196.679: [Tenured: 256704K->256703K(256704K), 0.1392870 secs] 372223K->372223K(372224K), [Perm : 13559K->13559K(21248K)], 0.1393180 secs] [Times: user=0.14 sys=0.00, real=0.14 secs] 
196.819: Total time for which application threads were stopped: 0.1395970 seconds, Stopping threads took: 0.0000060 seconds
196.819: Application time: 0.0000530 seconds
196.819: [Full GC196.819: [Tenured: 256703K->256703K(256704K), 0.1393000 secs] 372223K->372223K(372224K), [Perm : 13559K->13559K(21248K)], 0.1393310 secs] [Times: user=0.14 sys=0.00, real=0.14 secs] 
196.958: Total time for which application threads were stopped: 0.1396240 seconds, Stopping threads took: 0.0000050 seconds
196.958: Application time: 0.0000520 seconds
196.959: [Full GC196.959: [Tenured: 256703K->256703K(256704K), 0.1397050 secs] 372223K->372223K(372224K), [Perm : 13559K->13559K(21248K)], 0.1397340 secs] [Times: user=0.14 sys=0.00, real=0.14 secs] 
197.098: Total time for which application threads were stopped: 0.1400140 seconds, Stopping threads took: 0.0000050 seconds
197.098: Application time: 0.0000450 seconds
197.099: [Full GC197.099: [Tenured: 256703K->256703K(256704K), 0.1393770 secs] 372223K->372223K(372224K), [Perm : 13559K->13559K(21248K)], 0.1394060 secs] [Times: user=0.14 sys=0.00, real=0.14 secs] 
197.238: Total time for which application threads were stopped: 0.1396890 seconds, Stopping threads took: 0.0000080 seconds
197.238: Application time: 0.0000460 seconds
197.238: [Full GC197.238: [Tenured: 256703K->256703K(256704K), 0.1393540 secs] 372223K->372223K(372224K), [Perm : 13559K->13559K(21248K)], 0.1393830 secs] [Times: user=0.14 sys=0.00, real=0.14 secs] 
197.378: Total time for which application threads were stopped: 0.1396680 seconds, Stopping threads took: 0.0000100 seconds
197.378: Application time: 0.0000520 seconds
197.378: [Full GC197.378: [Tenured: 256704K->256704K(256704K), 0.1392650 secs] 372223K->372223K(372224K), [Perm : 13559K->13559K(21248K)], 0.1392940 secs] [Times: user=0.14 sys=0.00, real=0.14 secs] 
197.517: Total time for which application threads were stopped: 0.1396050 seconds, Stopping threads took: 0.0000050 seconds
197.517: Application time: 0.0000470 seconds
197.518: [Full GC197.518: [Tenured: 256704K->256704K(256704K), 0.1395990 secs] 372223K->372223K(372224K), [Perm : 13559K->13559K(21248K)], 0.1396270 secs] [Times: user=0.14 sys=0.00, real=0.14 secs] 
197.657: Total time for which application threads were stopped: 0.1399100 seconds, Stopping threads took: 0.0000090 seconds
197.657: Application time: 0.0000460 seconds
197.658: [Full GC197.658: [Tenured: 256704K->256704K(256704K), 0.1393750 secs] 372223K->372223K(372224K), [Perm : 13559K->13559K(21248K)], 0.1394040 secs] [Times: user=0.14 sys=0.00, real=0.14 secs] 
197.797: Total time for which application threads were stopped: 0.1396860 seconds, Stopping threads took: 0.0000080 seconds
197.797: Application time: 0.0000420 seconds
197.797: [Full GC197.797: [Tenured: 256704K->256703K(256704K), 0.1392240 secs] 372223K->372223K(372224K), [Perm : 13559K->13559K(21248K)], 0.1392530 secs] [Times: user=0.14 sys=0.00, real=0.14 secs] 
197.937: Total time for which application threads were stopped: 0.1395350 seconds, Stopping threads took: 0.0000080 seconds
197.937: Application time: 0.0000610 seconds
197.937: [Full GC197.937: [Tenured: 256704K->256704K(256704K), 0.1396370 secs] 372223K->372223K(372224K), [Perm : 13559K->13559K(21248K)], 0.1396660 secs] [Times: user=0.14 sys=0.00, real=0.14 secs] 
198.077: Total time for which application threads were stopped: 0.1399700 seconds, Stopping threads took: 0.0000150 seconds
198.077: Application time: 0.0000410 seconds
198.077: [Full GC198.077: [Tenured: 256704K->256704K(256704K), 0.1394440 secs] 372223K->372221K(372224K), [Perm : 13559K->13559K(21248K)], 0.1394800 secs] [Times: user=0.14 sys=0.00, real=0.14 secs] 
198.217: Total time for which application threads were stopped: 0.1397650 seconds, Stopping threads took: 0.0000130 seconds
198.217: Application time: 0.0000730 seconds
198.217: [Full GC198.217: [Tenured: 256704K->256704K(256704K), 0.1423850 secs] 372223K->372220K(372224K), [Perm : 13559K->13559K(21248K)], 0.1424210 secs] [Times: user=0.14 sys=0.00, real=0.14 secs] 
198.359: Total time for which application threads were stopped: 0.1427160 seconds, Stopping threads took: 0.0000060 seconds
198.359: Application time: 0.0000830 seconds
198.360: [Full GC198.360: [Tenured: 256704K->256696K(256704K), 0.1463320 secs] 372223K->372213K(372224K), [Perm : 13559K->13559K(21248K)], 0.1463780 secs] [Times: user=0.15 sys=0.00, real=0.14 secs] 
198.506: Total time for which application threads were stopped: 0.1468970 seconds, Stopping threads took: 0.0000230 seconds
198.506: Application time: 0.0001200 seconds
198.507: [Full GC198.507: [Tenured: 256704K->256704K(256704K), 0.1531000 secs] 372223K->372218K(372224K), [Perm : 13559K->13559K(21248K)], 0.1531340 secs] [Times: user=0.15 sys=0.00, real=0.16 secs] 
198.660: Total time for which application threads were stopped: 0.1536330 seconds, Stopping threads took: 0.0000100 seconds
198.660: Application time: 0.0001100 seconds
198.661: [Full GC198.661: [Tenured: 256704K->256704K(256704K), 0.1394590 secs] 372223K->372221K(372224K), [Perm : 13559K->13559K(21248K)], 0.1394880 secs] [Times: user=0.14 sys=0.00, real=0.14 secs] 
198.800: Total time for which application threads were stopped: 0.1399570 seconds, Stopping threads took: 0.0000070 seconds
198.800: Application time: 0.0000700 seconds
198.800: [Full GC198.800: [Tenured: 256704K->256704K(256704K), 0.1400390 secs] 372223K->372222K(372224K), [Perm : 13559K->13559K(21248K)], 0.1400690 secs] [Times: user=0.14 sys=0.00, real=0.14 secs] 
198.941: Total time for which application threads were stopped: 0.1403490 seconds, Stopping threads took: 0.0000050 seconds
198.941: Application time: 0.0000530 seconds
198.941: [Full GC198.941: [Tenured: 256704K->256695K(256704K), 0.1472300 secs] 372223K->372214K(372224K), [Perm : 13559K->13559K(21248K)], 0.1472650 secs] [Times: user=0.15 sys=0.00, real=0.15 secs] 
199.088: Total time for which application threads were stopped: 0.1475500 seconds, Stopping threads took: 0.0000050 seconds
199.088: Application time: 0.0001250 seconds
199.089: [Full GC199.089: [Tenured: 256704K->256704K(256704K), 0.1396260 secs] 372223K->372222K(372224K), [Perm : 13559K->13559K(21248K)], 0.1396550 secs] [Times: user=0.14 sys=0.00, real=0.14 secs] 
199.228: Total time for which application threads were stopped: 0.1401630 seconds, Stopping threads took: 0.0000070 seconds
199.229: Application time: 0.0000910 seconds
199.229: [Full GC199.229: [Tenured: 256704K->256704K(256704K), 0.1413900 secs] 372223K->372223K(372224K), [Perm : 13559K->13559K(21248K)], 0.1414210 secs] [Times: user=0.14 sys=0.00, real=0.14 secs] 
199.370: [Full GC199.370: [Tenured: 256704K->256696K(256704K), 0.1392540 secs] 372223K->372216K(372224K), [Perm : 13559K->13559K(21248K)], 0.1392840 secs] [Times: user=0.14 sys=0.00, real=0.14 secs] 
199.510: Total time for which application threads were stopped: 0.2810310 seconds, Stopping threads took: 0.0000190 seconds
199.510: Application time: 0.0001240 seconds
199.510: [Full GC199.510: [Tenured: 256703K->256699K(256704K), 0.1479240 secs] 372223K->372217K(372224K), [Perm : 13559K->13559K(21248K)], 0.1479580 secs] [Times: user=0.15 sys=0.00, real=0.14 secs] 
199.658: Total time for which application threads were stopped: 0.1482580 seconds, Stopping threads took: 0.0000190 seconds
199.658: Application time: 0.0001110 seconds
199.658: [Full GC199.658: [Tenured: 256704K->256704K(256704K), 0.1550540 secs] 372223K->372222K(372224K), [Perm : 13559K->13559K(21248K)], 0.1550860 secs] [Times: user=0.15 sys=0.00, real=0.16 secs] 
199.813: Total time for which application threads were stopped: 0.1554080 seconds, Stopping threads took: 0.0000190 seconds
199.814: Application time: 0.0000630 seconds
199.814: [Full GC199.814: [Tenured: 256704K->256704K(256704K), 0.1551450 secs] 372223K->372222K(372224K), [Perm : 13559K->13559K(21248K)], 0.1551810 secs] [Times: user=0.16 sys=0.00, real=0.16 secs] 
199.969: Total time for which application threads were stopped: 0.1554610 seconds, Stopping threads took: 0.0000050 seconds
199.969: Application time: 0.0000560 seconds
199.969: [Full GC199.969: [Tenured: 256704K->256704K(256704K), 0.1407400 secs] 372224K->372223K(372224K), [Perm : 13559K->13559K(21248K)], 0.1407700 secs] [Times: user=0.14 sys=0.00, real=0.14 secs] 
200.110: Total time for which application threads were stopped: 0.1410500 seconds, Stopping threads took: 0.0000060 seconds
200.110: Application time: 0.0000590 seconds
200.110: [Full GC200.110: [Tenured: 256704K->256698K(256704K), 0.1393860 secs] 372224K->372217K(372224K), [Perm : 13559K->13559K(21248K)], 0.1394160 secs] [Times: user=0.14 sys=0.00, real=0.14 secs] 
200.250: Total time for which application threads were stopped: 0.1396960 seconds, Stopping threads took: 0.0000060 seconds
200.250: Application time: 0.0001000 seconds
200.250: [Full GC200.250: [Tenured: 256704K->256704K(256704K), 0.1394010 secs] 372224K->372222K(372224K), [Perm : 13559K->13559K(21248K)], 0.1394310 secs] [Times: user=0.14 sys=0.00, real=0.14 secs] 
200.390: Total time for which application threads were stopped: 0.1397290 seconds, Stopping threads took: 0.0000050 seconds
200.390: Application time: 0.0000700 seconds
200.390: [Full GC200.390: [Tenured: 256704K->256704K(256704K), 0.1394410 secs] 372224K->372223K(372224K), [Perm : 13559K->13559K(21248K)], 0.1394700 secs] [Times: user=0.14 sys=0.00, real=0.14 secs] 
200.530: Total time for which application threads were stopped: 0.1397510 seconds, Stopping threads took: 0.0000050 seconds
200.530: Application time: 0.0000550 seconds
200.530: [Full GC200.530: [Tenured: 256704K->256704K(256704K), 0.1397790 secs] 372223K->372223K(372224K), [Perm : 13559K->13559K(21248K)], 0.1398090 secs] [Times: user=0.14 sys=0.00, real=0.14 secs] 
200.670: Total time for which application threads were stopped: 0.1400890 seconds, Stopping threads took: 0.0000060 seconds
200.670: Application time: 0.0000550 seconds
200.670: [Full GC200.670: [Tenured: 256704K->256699K(256704K), 0.1393860 secs] 372224K->372219K(372224K), [Perm : 13559K->13559K(21248K)], 0.1394160 secs] [Times: user=0.14 sys=0.00, real=0.14 secs] 
200.809: Total time for which application threads were stopped: 0.1396970 seconds, Stopping threads took: 0.0000080 seconds
200.809: Application time: 0.0000830 seconds
200.810: [Full GC200.810: [Tenured: 256703K->256703K(256704K), 0.1393330 secs] 372223K->372223K(372224K), [Perm : 13559K->13559K(21248K)], 0.1393630 secs] [Times: user=0.14 sys=0.00, real=0.14 secs] 
200.949: Total time for which application threads were stopped: 0.1396620 seconds, Stopping threads took: 0.0000060 seconds
200.949: Application time: 0.0000610 seconds
200.949: [Full GC200.949: [Tenured: 256703K->256703K(256704K), 0.1396570 secs] 372223K->372223K(372224K), [Perm : 13559K->13559K(21248K)], 0.1396870 secs] [Times: user=0.14 sys=0.00, real=0.14 secs] 
201.089: Total time for which application threads were stopped: 0.1399680 seconds, Stopping threads took: 0.0000060 seconds
201.089: Application time: 0.0000660 seconds
201.090: [Full GC201.090: [Tenured: 256703K->256703K(256704K), 0.1392970 secs] 372223K->372223K(372224K), [Perm : 13559K->13559K(21248K)], 0.1393260 secs] [Times: user=0.14 sys=0.00, real=0.14 secs] 
201.229: Total time for which application threads were stopped: 0.1396170 seconds, Stopping threads took: 0.0000180 seconds
201.229: Application time: 0.0000530 seconds
201.229: [Full GC201.229: [Tenured: 256703K->256699K(256704K), 0.1392890 secs] 372223K->372219K(372224K), [Perm : 13559K->13559K(21248K)], 0.1393180 secs] [Times: user=0.14 sys=0.00, real=0.14 secs] 
201.369: Total time for which application threads were stopped: 0.1396020 seconds, Stopping threads took: 0.0000090 seconds
201.369: Application time: 0.0000800 seconds
201.369: [Full GC201.369: [Tenured: 256704K->256704K(256704K), 0.1393950 secs] 372224K->372223K(372224K), [Perm : 13559K->13559K(21248K)], 0.1394300 secs] [Times: user=0.14 sys=0.00, real=0.14 secs] 
201.508: Total time for which application threads were stopped: 0.1397310 seconds, Stopping threads took: 0.0000050 seconds
201.508: Application time: 0.0000490 seconds
201.509: [Full GC201.509: [Tenured: 256704K->256704K(256704K), 0.1393290 secs] 372223K->372223K(372224K), [Perm : 13559K->13559K(21248K)], 0.1393570 secs] [Times: user=0.14 sys=0.00, real=0.14 secs] 
201.648: Total time for which application threads were stopped: 0.1396340 seconds, Stopping threads took: 0.0000050 seconds
201.648: Application time: 0.0000460 seconds
201.648: [Full GC201.648: [Tenured: 256704K->256704K(256704K), 0.1396210 secs] 372223K->372223K(372224K), [Perm : 13559K->13559K(21248K)], 0.1396500 secs] [Times: user=0.14 sys=0.00, real=0.14 secs] 
201.788: Total time for which application threads were stopped: 0.1399290 seconds, Stopping threads took: 0.0000050 seconds
201.788: Application time: 0.0000460 seconds
201.788: [Full GC201.788: [Tenured: 256704K->256700K(256704K), 0.1393490 secs] 372223K->372220K(372224K), [Perm : 13559K->13559K(21248K)], 0.1393760 secs] [Times: user=0.14 sys=0.00, real=0.14 secs] 
201.928: Total time for which application threads were stopped: 0.1396570 seconds, Stopping threads took: 0.0000060 seconds
201.928: Application time: 0.0000810 seconds
201.928: [Full GC201.928: [Tenured: 256703K->256703K(256704K), 0.1396820 secs] 372223K->372223K(372224K), [Perm : 13559K->13559K(21248K)], 0.1397100 secs] [Times: user=0.14 sys=0.00, real=0.14 secs] 
202.068: Total time for which application threads were stopped: 0.1400110 seconds, Stopping threads took: 0.0000060 seconds
202.068: Application time: 0.0000510 seconds
202.068: [Full GC202.068: [Tenured: 256703K->256703K(256704K), 0.1396780 secs] 372223K->372223K(372224K), [Perm : 13559K->13559K(21248K)], 0.1397070 secs] [Times: user=0.14 sys=0.00, real=0.14 secs] 
202.208: Total time for which application threads were stopped: 0.1399980 seconds, Stopping threads took: 0.0000140 seconds
202.208: Application time: 0.0000400 seconds
202.208: [Full GC202.208: [Tenured: 256703K->256703K(256704K), 0.1394050 secs] 372223K->372223K(372224K), [Perm : 13559K->13559K(21248K)], 0.1394330 secs] [Times: user=0.14 sys=0.00, real=0.14 secs] 
202.348: Total time for which application threads were stopped: 0.1397180 seconds, Stopping threads took: 0.0000100 seconds
202.348: Application time: 0.0000440 seconds
202.348: [Full GC202.348: [Tenured: 256703K->256700K(256704K), 0.1393230 secs] 372223K->372220K(372224K), [Perm : 13559K->13559K(21248K)], 0.1393530 secs] [Times: user=0.14 sys=0.00, real=0.13 secs] 
202.487: Total time for which application threads were stopped: 0.1396350 seconds, Stopping threads took: 0.0000070 seconds
202.487: Application time: 0.0000870 seconds
202.488: [Full GC202.488: [Tenured: 256704K->256704K(256704K), 0.1394310 secs] 372223K->372223K(372224K), [Perm : 13559K->13559K(21248K)], 0.1394610 secs] [Times: user=0.14 sys=0.00, real=0.13 secs] 
202.627: Total time for which application threads were stopped: 0.1397670 seconds, Stopping threads took: 0.0000050 seconds
202.627: Application time: 0.0000540 seconds
202.627: [Full GC202.627: [Tenured: 256704K->256704K(256704K), 0.1393830 secs] 372224K->372223K(372224K), [Perm : 13559K->13559K(21248K)], 0.1394130 secs] [Times: user=0.14 sys=0.00, real=0.14 secs] 
202.767: Total time for which application threads were stopped: 0.1396910 seconds, Stopping threads took: 0.0000060 seconds
202.767: Application time: 0.0000540 seconds
202.767: [Full GC202.767: [Tenured: 256704K->256704K(256704K), 0.1390240 secs] 372223K->372223K(372224K), [Perm : 13559K->13559K(21248K)], 0.1390570 secs] [Times: user=0.14 sys=0.00, real=0.14 secs] 
202.906: Total time for which application threads were stopped: 0.1393430 seconds, Stopping threads took: 0.0000070 seconds
202.906: Application time: 0.0000550 seconds
202.907: [Full GC202.907: [Tenured: 256704K->256701K(256704K), 0.1396400 secs] 372223K->372221K(372224K), [Perm : 13559K->13559K(21248K)], 0.1396820 secs] [Times: user=0.14 sys=0.00, real=0.14 secs] 
203.046: Total time for which application threads were stopped: 0.1399660 seconds, Stopping threads took: 0.0000060 seconds
203.046: Application time: 0.0000720 seconds
203.047: [Full GC203.047: [Tenured: 256703K->256703K(256704K), 0.1389700 secs] 372223K->372223K(372224K), [Perm : 13559K->13559K(21248K)], 0.1390030 secs] [Times: user=0.14 sys=0.00, real=0.14 secs] 
203.186: Total time for which application threads were stopped: 0.1393050 seconds, Stopping threads took: 0.0000070 seconds
203.186: Application time: 0.0000550 seconds
203.186: [Full GC203.186: [Tenured: 256703K->256703K(256704K), 0.1389090 secs] 372223K->372223K(372224K), [Perm : 13559K->13559K(21248K)], 0.1389410 secs] [Times: user=0.14 sys=0.00, real=0.14 secs] 
203.325: Total time for which application threads were stopped: 0.1392260 seconds, Stopping threads took: 0.0000070 seconds
203.325: Application time: 0.0000490 seconds
203.325: [Full GC203.325: [Tenured: 256703K->256703K(256704K), 0.1389210 secs] 372223K->372223K(372224K), [Perm : 13559K->13559K(21248K)], 0.1389530 secs] [Times: user=0.14 sys=0.00, real=0.14 secs] 
203.464: Total time for which application threads were stopped: 0.1392370 seconds, Stopping threads took: 0.0000070 seconds
203.464: Application time: 0.0000540 seconds
203.465: [Full GC203.465: [Tenured: 256703K->256701K(256704K), 0.1389010 secs] 372223K->372221K(372224K), [Perm : 13559K->13559K(21248K)], 0.1389520 secs] [Times: user=0.14 sys=0.00, real=0.14 secs] 
203.604: Total time for which application threads were stopped: 0.1392390 seconds, Stopping threads took: 0.0000080 seconds
203.604: Application time: 0.0000670 seconds
203.604: [Full GC203.604: [Tenured: 256704K->256704K(256704K), 0.1394030 secs] 372223K->372223K(372224K), [Perm : 13559K->13559K(21248K)], 0.1394340 secs] [Times: user=0.14 sys=0.00, real=0.14 secs] 
203.743: Total time for which application threads were stopped: 0.1397440 seconds, Stopping threads took: 0.0000160 seconds
203.743: Application time: 0.0000490 seconds
203.744: [Full GC203.744: [Tenured: 256704K->256704K(256704K), 0.1390380 secs] 372224K->372223K(372224K), [Perm : 13559K->13559K(21248K)], 0.1390690 secs] [Times: user=0.14 sys=0.00, real=0.14 secs] 
203.883: Total time for which application threads were stopped: 0.1393630 seconds, Stopping threads took: 0.0000100 seconds
203.883: Application time: 0.0000500 seconds
203.883: [Full GC203.883: [Tenured: 256704K->256704K(256704K), 0.1396030 secs] 372223K->372223K(372224K), [Perm : 13559K->13559K(21248K)], 0.1396340 secs] [Times: user=0.14 sys=0.00, real=0.14 secs] 
204.023: Total time for which application threads were stopped: 0.1399180 seconds, Stopping threads took: 0.0000080 seconds
204.023: Application time: 0.0000660 seconds
204.023: [Full GC204.023: [Tenured: 256704K->256702K(256704K), 0.1388660 secs] 372223K->372222K(372224K), [Perm : 13559K->13559K(21248K)], 0.1388960 secs] [Times: user=0.14 sys=0.00, real=0.14 secs] 
204.162: Total time for which application threads were stopped: 0.1391770 seconds, Stopping threads took: 0.0000050 seconds
204.162: Application time: 0.0000740 seconds
204.162: [Full GC204.162: [Tenured: 256704K->256704K(256704K), 0.1389990 secs] 372224K->372223K(372224K), [Perm : 13559K->13559K(21248K)], 0.1390300 secs] [Times: user=0.14 sys=0.00, real=0.14 secs] 
204.301: Total time for which application threads were stopped: 0.1393290 seconds, Stopping threads took: 0.0000050 seconds
204.301: Application time: 0.0000480 seconds
204.302: [Full GC204.302: [Tenured: 256704K->256704K(256704K), 0.1389090 secs] 372223K->372223K(372224K), [Perm : 13559K->13559K(21248K)], 0.1389380 secs] [Times: user=0.14 sys=0.00, real=0.14 secs] 
204.441: [Full GC204.441: [Tenured: 256704K->256702K(256704K), 0.1392830 secs] 372223K->372222K(372224K), [Perm : 13559K->13559K(21248K)], 0.1393120 secs] [Times: user=0.14 sys=0.00, real=0.14 secs] 
204.580: Total time for which application threads were stopped: 0.2785680 seconds, Stopping threads took: 0.0000060 seconds
204.580: Application time: 0.0000730 seconds
204.580: [Full GC204.580: [Tenured: 256703K->256702K(256704K), 0.1390600 secs] 372223K->372222K(372224K), [Perm : 13559K->13559K(21248K)], 0.1390920 secs] [Times: user=0.13 sys=0.00, real=0.13 secs] 
204.719: Total time for which application threads were stopped: 0.1393790 seconds, Stopping threads took: 0.0000090 seconds
204.720: Application time: 0.0000720 seconds
204.720: [Full GC204.720: [Tenured: 256703K->256703K(256704K), 0.1389830 secs] 372223K->372223K(372224K), [Perm : 13559K->13559K(21248K)], 0.1390140 secs] [Times: user=0.14 sys=0.00, real=0.13 secs] 
204.859: Total time for which application threads were stopped: 0.1393140 seconds, Stopping threads took: 0.0000070 seconds
204.859: Application time: 0.0000530 seconds
204.859: [Full GC204.859: [Tenured: 256703K->256703K(256704K), 0.1396680 secs] 372223K->372223K(372224K), [Perm : 13559K->13559K(21248K)], 0.1396980 secs] [Times: user=0.14 sys=0.00, real=0.14 secs] 
204.999: Total time for which application threads were stopped: 0.1399820 seconds, Stopping threads took: 0.0000080 seconds
204.999: Application time: 0.0000380 seconds
204.999: [Full GC204.999: [Tenured: 256703K->256703K(256704K), 0.1393090 secs] 372223K->372223K(372224K), [Perm : 13559K->13559K(21248K)], 0.1393380 secs] [Times: user=0.14 sys=0.00, real=0.14 secs] 
205.139: [Full GC205.139: [Tenured: 256703K->256702K(256704K), 0.1388890 secs] 372223K->372222K(372224K), [Perm : 13559K->13559K(21248K)], 0.1389190 secs] [Times: user=0.14 sys=0.00, real=0.14 secs] 
205.278: Total time for which application threads were stopped: 0.2785680 seconds, Stopping threads took: 0.0000080 seconds
205.278: Application time: 0.0000640 seconds
205.278: [Full GC205.278: [Tenured: 256703K->256703K(256704K), 0.1390810 secs] 372223K->372223K(372224K), [Perm : 13559K->13559K(21248K)], 0.1391110 secs] [Times: user=0.14 sys=0.00, real=0.14 secs] 
205.417: Total time for which application threads were stopped: 0.1394090 seconds, Stopping threads took: 0.0000060 seconds
205.417: Application time: 0.0000520 seconds
205.417: [Full GC205.417: [Tenured: 256703K->256703K(256704K), 0.1389080 secs] 372223K->372223K(372224K), [Perm : 13559K->13559K(21248K)], 0.1389360 secs] [Times: user=0.14 sys=0.00, real=0.14 secs] 
205.556: Total time for which application threads were stopped: 0.1392180 seconds, Stopping threads took: 0.0000060 seconds
205.556: Application time: 0.0000470 seconds
205.557: [Full GC205.557: [Tenured: 256703K->256703K(256704K), 0.1389080 secs] 372223K->372223K(372224K), [Perm : 13559K->13559K(21248K)], 0.1389380 secs] [Times: user=0.14 sys=0.00, real=0.14 secs] 
205.696: Total time for which application threads were stopped: 0.1392270 seconds, Stopping threads took: 0.0000050 seconds
205.696: Application time: 0.0000500 seconds
205.696: [Full GC205.696: [Tenured: 256703K->256702K(256704K), 0.1391080 secs] 372223K->372222K(372224K), [Perm : 13559K->13559K(21248K)], 0.1391390 secs] [Times: user=0.13 sys=0.00, real=0.14 secs] 
205.835: Total time for which application threads were stopped: 0.1394180 seconds, Stopping threads took: 0.0000050 seconds
205.835: Application time: 0.0000660 seconds
205.835: [Full GC205.835: [Tenured: 256703K->256703K(256704K), 0.1393870 secs] 372223K->372223K(372224K), [Perm : 13559K->13559K(21248K)], 0.1394170 secs] [Times: user=0.14 sys=0.00, real=0.14 secs] 
205.975: Total time for which application threads were stopped: 0.1397210 seconds, Stopping threads took: 0.0000080 seconds
205.975: Application time: 0.0000510 seconds
205.975: [Full GC205.975: [Tenured: 256703K->256703K(256704K), 0.1397060 secs] 372223K->372223K(372224K), [Perm : 13559K->13559K(21248K)], 0.1397340 secs] [Times: user=0.14 sys=0.00, real=0.14 secs] 
206.115: Total time for which application threads were stopped: 0.1400190 seconds, Stopping threads took: 0.0000100 seconds
206.115: Application time: 0.0000480 seconds
206.115: [Full GC206.115: [Tenured: 256703K->256703K(256704K), 0.1392790 secs] 372223K->372223K(372224K), [Perm : 13559K->13559K(21248K)], 0.1393160 secs] [Times: user=0.14 sys=0.00, real=0.14 secs] 
206.255: Total time for which application threads were stopped: 0.1396030 seconds, Stopping threads took: 0.0000090 seconds
206.255: Application time: 0.0000450 seconds
206.255: [Full GC206.255: [Tenured: 256703K->256702K(256704K), 0.1389390 secs] 372223K->372222K(372224K), [Perm : 13559K->13559K(21248K)], 0.1389700 secs] [Times: user=0.14 sys=0.00, real=0.14 secs] 
206.394: Total time for which application threads were stopped: 0.1392540 seconds, Stopping threads took: 0.0000100 seconds
206.394: Application time: 0.0000660 seconds
206.394: [Full GC206.394: [Tenured: 256703K->256703K(256704K), 0.1389630 secs] 372223K->372223K(372224K), [Perm : 13559K->13559K(21248K)], 0.1389920 secs] [Times: user=0.14 sys=0.00, real=0.14 secs] 
206.533: Total time for which application threads were stopped: 0.1392890 seconds, Stopping threads took: 0.0000070 seconds
206.533: Application time: 0.0000470 seconds
206.533: [Full GC206.533: [Tenured: 256704K->256704K(256704K), 0.1394490 secs] 372224K->372223K(372224K), [Perm : 13559K->13559K(21248K)], 0.1394790 secs] [Times: user=0.14 sys=0.00, real=0.14 secs] 
206.673: Total time for which application threads were stopped: 0.1397610 seconds, Stopping threads took: 0.0000080 seconds
206.673: Application time: 0.0000450 seconds
206.673: [Full GC206.673: [Tenured: 256704K->256704K(256704K), 0.1392720 secs] 372224K->372224K(372224K), [Perm : 13559K->13559K(21248K)], 0.1393010 secs] [Times: user=0.14 sys=0.00, real=0.14 secs] 
206.813: [Full GC206.813: [Tenured: 256704K->256703K(256704K), 0.1392300 secs] 372224K->372223K(372224K), [Perm : 13559K->13559K(21248K)], 0.1392580 secs] [Times: user=0.14 sys=0.00, real=0.14 secs] 
206.952: Total time for which application threads were stopped: 0.2788700 seconds, Stopping threads took: 0.0000090 seconds
206.952: Application time: 0.0000630 seconds
206.952: [Full GC206.952: [Tenured: 256703K->256703K(256704K), 0.1396850 secs] 372223K->372223K(372224K), [Perm : 13559K->13559K(21248K)], 0.1397160 secs] [Times: user=0.14 sys=0.00, real=0.14 secs] 
207.092: Total time for which application threads were stopped: 0.1400080 seconds, Stopping threads took: 0.0000060 seconds
207.092: Application time: 0.0000610 seconds
207.092: [Full GC207.092: [Tenured: 256703K->256703K(256704K), 0.1393380 secs] 372223K->372223K(372224K), [Perm : 13559K->13559K(21248K)], 0.1393650 secs] [Times: user=0.14 sys=0.00, real=0.14 secs] 
207.232: Total time for which application threads were stopped: 0.1396460 seconds, Stopping threads took: 0.0000060 seconds
207.232: Application time: 0.0000400 seconds
207.232: [Full GC207.232: [Tenured: 256703K->256703K(256704K), 0.1390750 secs] 372223K->372223K(372224K), [Perm : 13559K->13559K(21248K)], 0.1391060 secs] [Times: user=0.14 sys=0.00, real=0.14 secs] 
207.371: Total time for which application threads were stopped: 0.1393900 seconds, Stopping threads took: 0.0000080 seconds
207.371: Application time: 0.0000470 seconds
207.371: [Full GC207.371: [Tenured: 256703K->256702K(256704K), 0.1390850 secs] 372223K->372222K(372224K), [Perm : 13559K->13559K(21248K)], 0.1391140 secs] [Times: user=0.14 sys=0.00, real=0.14 secs] 
207.511: Total time for which application threads were stopped: 0.1393960 seconds, Stopping threads took: 0.0000080 seconds
207.511: Application time: 0.0000610 seconds
207.511: [Full GC207.511: [Tenured: 256704K->256704K(256704K), 0.1389950 secs] 372224K->372223K(372224K), [Perm : 13559K->13559K(21248K)], 0.1390240 secs] [Times: user=0.14 sys=0.00, real=0.14 secs] 
207.650: Total time for which application threads were stopped: 0.1393240 seconds, Stopping threads took: 0.0000070 seconds
207.650: Application time: 0.0000430 seconds
207.650: [Full GC207.650: [Tenured: 256704K->256704K(256704K), 0.1389800 secs] 372223K->372223K(372224K), [Perm : 13559K->13559K(21248K)], 0.1390110 secs] [Times: user=0.14 sys=0.00, real=0.14 secs] 
207.789: Total time for which application threads were stopped: 0.1393010 seconds, Stopping threads took: 0.0000070 seconds
207.789: Application time: 0.0000440 seconds
207.790: [Full GC207.790: [Tenured: 256704K->256704K(256704K), 0.1403340 secs] 372223K->372223K(372224K), [Perm : 13559K->13559K(21248K)], 0.1403630 secs] [Times: user=0.14 sys=0.00, real=0.14 secs] 
207.930: [Full GC207.930: [Tenured: 256704K->256702K(256704K), 0.1396530 secs] 372223K->372222K(372224K), [Perm : 13559K->13559K(21248K)], 0.1396830 secs] [Times: user=0.14 sys=0.00, real=0.14 secs] 
208.070: Total time for which application threads were stopped: 0.2803580 seconds, Stopping threads took: 0.0000080 seconds
208.070: Application time: 0.0000660 seconds
208.070: [Full GC208.070: [Tenured: 256703K->256703K(256704K), 0.1393720 secs] 372223K->372223K(372224K), [Perm : 13559K->13559K(21248K)], 0.1394010 secs] [Times: user=0.14 sys=0.00, real=0.14 secs] 
208.209: Total time for which application threads were stopped: 0.1396990 seconds, Stopping threads took: 0.0000080 seconds
208.210: Application time: 0.0000460 seconds
208.210: [Full GC208.210: [Tenured: 256704K->256704K(256704K), 0.1391460 secs] 372224K->372223K(372224K), [Perm : 13559K->13559K(21248K)], 0.1391750 secs] [Times: user=0.14 sys=0.00, real=0.14 secs] 
208.349: Total time for which application threads were stopped: 0.1394560 seconds, Stopping threads took: 0.0000070 seconds
208.349: Application time: 0.0000430 seconds
208.349: [Full GC208.349: [Tenured: 256704K->256704K(256704K), 0.1390020 secs] 372223K->372223K(372224K), [Perm : 13559K->13559K(21248K)], 0.1390310 secs] [Times: user=0.14 sys=0.00, real=0.14 secs] 
208.488: [Full GC208.488: [Tenured: 256704K->256703K(256704K), 0.1390250 secs] 372223K->372223K(372224K), [Perm : 13559K->13559K(21248K)], 0.1390590 secs] [Times: user=0.14 sys=0.00, real=0.13 secs] 
208.627: Total time for which application threads were stopped: 0.2784080 seconds, Stopping threads took: 0.0000100 seconds
208.627: Application time: 0.0000530 seconds
208.628: [Full GC208.628: [Tenured: 256703K->256703K(256704K), 0.1389470 secs] 372223K->372223K(372224K), [Perm : 13559K->13559K(21248K)], 0.1389780 secs] [Times: user=0.14 sys=0.00, real=0.13 secs] 
208.767: Total time for which application threads were stopped: 0.1392920 seconds, Stopping threads took: 0.0000050 seconds
208.767: Application time: 0.0000500 seconds
208.767: [Full GC208.767: [Tenured: 256704K->256704K(256704K), 0.1389410 secs] 372224K->372224K(372224K), [Perm : 13559K->13559K(21248K)], 0.1389710 secs] [Times: user=0.14 sys=0.00, real=0.14 secs] 
208.906: [Full GC208.906: [Tenured: 256704K->256703K(256704K), 0.1396370 secs] 372224K->372223K(372224K), [Perm : 13559K->13559K(21248K)], 0.1396680 secs] [Times: user=0.14 sys=0.00, real=0.14 secs] 
209.046: Total time for which application threads were stopped: 0.2789530 seconds, Stopping threads took: 0.0000110 seconds
209.046: Application time: 0.0000760 seconds
209.046: [Full GC209.046: [Tenured: 256703K->256703K(256704K), 0.1389350 secs] 372223K->372222K(372224K), [Perm : 13559K->13559K(21248K)], 0.1389640 secs] [Times: user=0.14 sys=0.00, real=0.14 secs] 
209.185: Total time for which application threads were stopped: 0.1392450 seconds, Stopping threads took: 0.0000050 seconds
209.185: Application time: 0.0000660 seconds
209.185: [Full GC209.185: [Tenured: 256703K->256703K(256704K), 0.1390070 secs] 372223K->372223K(372224K), [Perm : 13559K->13559K(21248K)], 0.1390350 secs] [Times: user=0.14 sys=0.00, real=0.14 secs] 
209.324: Total time for which application threads were stopped: 0.1393350 seconds, Stopping threads took: 0.0000070 seconds
209.325: Application time: 0.0000440 seconds
209.325: [Full GC209.325: [Tenured: 256703K->256703K(256704K), 0.1396090 secs] 372223K->372223K(372224K), [Perm : 13559K->13559K(21248K)], 0.1396370 secs] [Times: user=0.14 sys=0.00, real=0.14 secs] 
209.464: Total time for which application threads were stopped: 0.1399200 seconds, Stopping threads took: 0.0000070 seconds
209.465: Application time: 0.0000490 seconds
209.465: [Full GC209.465: [Tenured: 256704K->256704K(256704K), 0.1392220 secs] 372224K->372224K(372224K), [Perm : 13559K->13559K(21248K)], 0.1392580 secs] [Times: user=0.13 sys=0.00, real=0.14 secs] 
209.604: [Full GC209.604: [Tenured: 256704K->256702K(256704K), 0.1392610 secs] 372224K->372222K(372224K), [Perm : 13559K->13559K(21248K)], 0.1392900 secs] [Times: user=0.14 sys=0.00, real=0.14 secs] 
209.743: Total time for which application threads were stopped: 0.2788550 seconds, Stopping threads took: 0.0000050 seconds
209.743: Application time: 0.0000620 seconds
209.744: [Full GC209.744: [Tenured: 256703K->256703K(256704K), 0.1394530 secs] 372223K->372223K(372224K), [Perm : 13559K->13559K(21248K)], 0.1394840 secs] [Times: user=0.14 sys=0.00, real=0.14 secs] 
209.883: Total time for which application threads were stopped: 0.1397890 seconds, Stopping threads took: 0.0000050 seconds
209.883: Application time: 0.0000670 seconds
209.884: [Full GC209.884: [Tenured: 256703K->256703K(256704K), 0.1420280 secs] 372223K->372223K(372224K), [Perm : 13559K->13559K(21248K)], 0.1420610 secs] [Times: user=0.15 sys=0.00, real=0.14 secs] 
210.026: [Full GC210.026: [Tenured: 256703K->256703K(256704K), 0.1392510 secs] 372223K->372222K(372224K), [Perm : 13559K->13559K(21248K)], 0.1392800 secs] [Times: user=0.14 sys=0.00, real=0.14 secs] 
210.165: Total time for which application threads were stopped: 0.2816650 seconds, Stopping threads took: 0.0000070 seconds
210.165: Application time: 0.0000700 seconds
210.165: [Full GC210.165: [Tenured: 256703K->256703K(256704K), 0.1567310 secs] 372223K->372223K(372224K), [Perm : 13559K->13559K(21248K)], 0.1567630 secs] [Times: user=0.15 sys=0.00, real=0.16 secs] 
210.322: Total time for which application threads were stopped: 0.1570450 seconds, Stopping threads took: 0.0000070 seconds
210.322: Application time: 0.0000450 seconds
210.322: [Full GC210.322: [Tenured: 256703K->256703K(256704K), 0.1436080 secs] 372223K->372223K(372224K), [Perm : 13559K->13559K(21248K)], 0.1436410 secs] [Times: user=0.15 sys=0.00, real=0.14 secs] 
210.466: [Full GC210.466: [Tenured: 256703K->256703K(256704K), 0.1392690 secs] 372223K->372223K(372224K), [Perm : 13559K->13559K(21248K)], 0.1392980 secs] [Times: user=0.14 sys=0.00, real=0.14 secs] 
210.605: Total time for which application threads were stopped: 0.2832680 seconds, Stopping threads took: 0.0000060 seconds
210.605: Application time: 0.0000660 seconds
210.606: [Full GC210.606: [Tenured: 256704K->256704K(256704K), 0.1393010 secs] 372223K->372223K(372224K), [Perm : 13559K->13559K(21248K)], 0.1393320 secs] [Times: user=0.14 sys=0.00, real=0.14 secs] 
210.745: Total time for which application threads were stopped: 0.1396150 seconds, Stopping threads took: 0.0000060 seconds
210.745: Application time: 0.0000550 seconds
210.745: [Full GC210.745: [Tenured: 256704K->256702K(256704K), 0.1394510 secs] 372223K->372222K(372224K), [Perm : 13559K->13559K(21248K)], 0.1394830 secs] [Times: user=0.14 sys=0.00, real=0.14 secs] 
210.885: Total time for which application threads were stopped: 0.1397680 seconds, Stopping threads took: 0.0000070 seconds
210.885: Application time: 0.0001000 seconds
210.885: [Full GC210.885: [Tenured: 256703K->256703K(256704K), 0.1400320 secs] 372223K->372223K(372224K), [Perm : 13559K->13559K(21248K)], 0.1400630 secs] [Times: user=0.14 sys=0.00, real=0.14 secs] 
211.025: Total time for which application threads were stopped: 0.1403660 seconds, Stopping threads took: 0.0000070 seconds
211.025: Application time: 0.0000580 seconds
211.026: [Full GC211.026: [Tenured: 256703K->256703K(256704K), 0.1392420 secs] 372223K->372223K(372224K), [Perm : 13559K->13559K(21248K)], 0.1392730 secs] [Times: user=0.13 sys=0.01, real=0.14 secs] 
211.165: [Full GC211.165: [Tenured: 256703K->256703K(256704K), 0.1389450 secs] 372223K->372223K(372224K), [Perm : 13559K->13559K(21248K)], 0.1389740 secs] [Times: user=0.14 sys=0.00, real=0.14 secs] 
211.304: Total time for which application threads were stopped: 0.2785700 seconds, Stopping threads took: 0.0000180 seconds
211.304: Application time: 0.0000680 seconds
211.304: [Full GC211.304: [Tenured: 256703K->256703K(256704K), 0.1389070 secs] 372223K->372223K(372224K), [Perm : 13559K->13559K(21248K)], 0.1389450 secs] [Times: user=0.14 sys=0.00, real=0.14 secs] 
211.443: Total time for which application threads were stopped: 0.1392320 seconds, Stopping threads took: 0.0000110 seconds
211.443: Application time: 0.0000580 seconds
211.444: [Full GC211.444: [Tenured: 256703K->256703K(256704K), 0.1388870 secs] 372223K->372223K(372224K), [Perm : 13559K->13559K(21248K)], 0.1389190 secs] [Times: user=0.14 sys=0.00, real=0.14 secs] 
211.583: Total time for which application threads were stopped: 0.1392270 seconds, Stopping threads took: 0.0000060 seconds
211.583: Application time: 0.0000640 seconds
211.583: [Full GC211.583: [Tenured: 256703K->256703K(256704K), 0.1390180 secs] 372223K->372223K(372224K), [Perm : 13559K->13559K(21248K)], 0.1390510 secs] [Times: user=0.14 sys=0.00, real=0.14 secs] 
211.722: [Full GC211.722: [Tenured: 256703K->256703K(256704K), 0.1389650 secs] 372223K->372223K(372224K), [Perm : 13559K->13559K(21248K)], 0.1389960 secs] [Times: user=0.14 sys=0.00, real=0.14 secs] 
211.861: Total time for which application threads were stopped: 0.2783590 seconds, Stopping threads took: 0.0000060 seconds
211.861: Application time: 0.0000550 seconds
211.861: [Full GC211.861: [Tenured: 256704K->256703K(256704K), 0.1397860 secs] 372224K->372223K(372224K), [Perm : 13559K->13559K(21248K)], 0.1398160 secs] [Times: user=0.14 sys=0.00, real=0.14 secs] 
212.001: Total time for which application threads were stopped: 0.1401000 seconds, Stopping threads took: 0.0000090 seconds
212.001: Application time: 0.0000520 seconds
212.001: [Full GC212.001: [Tenured: 256703K->256703K(256704K), 0.1388590 secs] 372223K->372223K(372224K), [Perm : 13559K->13559K(21248K)], 0.1388880 secs] [Times: user=0.14 sys=0.00, real=0.14 secs] 
212.140: [Full GC212.140: [Tenured: 256703K->256703K(256704K), 0.1388400 secs] 372223K->372223K(372224K), [Perm : 13559K->13559K(21248K)], 0.1388710 secs] [Times: user=0.14 sys=0.00, real=0.13 secs] 
212.279: Total time for which application threads were stopped: 0.2780900 seconds, Stopping threads took: 0.0000080 seconds
212.279: Application time: 0.0000540 seconds
212.280: [Full GC212.280: [Tenured: 256703K->256703K(256704K), 0.1390270 secs] 372223K->372223K(372224K), [Perm : 13559K->13559K(21248K)], 0.1390580 secs] [Times: user=0.14 sys=0.00, real=0.13 secs] 
212.419: Total time for which application threads were stopped: 0.1393480 seconds, Stopping threads took: 0.0000050 seconds
212.419: Application time: 0.0000480 seconds
212.419: [Full GC212.419: [Tenured: 256703K->256703K(256704K), 0.1390000 secs] 372223K->372223K(372224K), [Perm : 13559K->13559K(21248K)], 0.1390310 secs] [Times: user=0.14 sys=0.00, real=0.14 secs] 
212.558: Total time for which application threads were stopped: 0.1393150 seconds, Stopping threads took: 0.0000100 seconds
212.558: Application time: 0.0000500 seconds
212.558: [Full GC212.558: [Tenured: 256703K->256703K(256704K), 0.1393240 secs] 372223K->372223K(372224K), [Perm : 13559K->13559K(21248K)], 0.1393530 secs] [Times: user=0.14 sys=0.00, real=0.14 secs] 
212.698: [Full GC212.698: [Tenured: 256703K->256703K(256704K), 0.1389420 secs] 372223K->372223K(372224K), [Perm : 13559K->13559K(21248K)], 0.1389710 secs] [Times: user=0.14 sys=0.00, real=0.14 secs] 
212.837: Total time for which application threads were stopped: 0.2786470 seconds, Stopping threads took: 0.0000050 seconds
212.837: Application time: 0.0000490 seconds
212.837: [Full GC212.837: [Tenured: 256703K->256703K(256704K), 0.1389440 secs] 372223K->372223K(372224K), [Perm : 13559K->13559K(21248K)], 0.1389720 secs] [Times: user=0.14 sys=0.00, real=0.14 secs] 
212.976: [Full GC212.976: [Tenured: 256703K->256703K(256704K), 0.1400070 secs] 372223K->372223K(372224K), [Perm : 13559K->13559K(21248K)], 0.1400360 secs] [Times: user=0.14 sys=0.00, real=0.14 secs] 
213.116: Total time for which application threads were stopped: 0.2793180 seconds, Stopping threads took: 0.0000090 seconds
213.116: Application time: 0.0000490 seconds
213.116: [Full GC213.116: [Tenured: 256703K->256703K(256704K), 0.1393990 secs] 372223K->372223K(372224K), [Perm : 13559K->13559K(21248K)], 0.1394330 secs] [Times: user=0.14 sys=0.00, real=0.14 secs] 
213.256: [Full GC213.256: [Tenured: 256703K->256703K(256704K), 0.1389470 secs] 372223K->372223K(372224K), [Perm : 13559K->13559K(21248K)], 0.1389750 secs] [Times: user=0.14 sys=0.00, real=0.14 secs] 
213.395: Total time for which application threads were stopped: 0.2787340 seconds, Stopping threads took: 0.0000070 seconds
213.395: Application time: 0.0000630 seconds
213.395: [Full GC213.395: [Tenured: 256703K->256703K(256704K), 0.1392270 secs] 372223K->372223K(372224K), [Perm : 13559K->13559K(21248K)], 0.1392580 secs] [Times: user=0.14 sys=0.00, real=0.14 secs] 
213.535: Total time for which application threads were stopped: 0.1395380 seconds, Stopping threads took: 0.0000050 seconds
213.535: Application time: 0.0000580 seconds
213.535: [Full GC213.535: [Tenured: 256704K->256703K(256704K), 0.1390160 secs] 372223K->372223K(372224K), [Perm : 13559K->13559K(21248K)], 0.1390490 secs] [Times: user=0.13 sys=0.00, real=0.14 secs] 
213.674: Total time for which application threads were stopped: 0.1393350 seconds, Stopping threads took: 0.0000050 seconds
213.674: Application time: 0.0000500 seconds
213.674: [Full GC213.674: [Tenured: 256704K->256704K(256704K), 0.1390980 secs] 372223K->372223K(372224K), [Perm : 13559K->13559K(21248K)], 0.1391280 secs] [Times: user=0.13 sys=0.00, real=0.14 secs] 
213.813: Total time for which application threads were stopped: 0.1394230 seconds, Stopping threads took: 0.0000050 seconds
213.813: Application time: 0.0000440 seconds
213.814: [Full GC213.814: [Tenured: 256704K->256704K(256704K), 0.1396650 secs] 372223K->372223K(372224K), [Perm : 13559K->13559K(21248K)], 0.1396930 secs] [Times: user=0.14 sys=0.00, real=0.14 secs] 
213.953: [Full GC213.953: [Tenured: 256704K->256703K(256704K), 0.1399130 secs] 372223K->372223K(372224K), [Perm : 13559K->13559K(21248K)], 0.1399430 secs] [Times: user=0.14 sys=0.00, real=0.14 secs] 
214.093: Total time for which application threads were stopped: 0.2799480 seconds, Stopping threads took: 0.0000090 seconds
214.093: Application time: 0.0000500 seconds
214.094: [Full GC214.094: [Tenured: 256703K->256703K(256704K), 0.1399020 secs] 372223K->372223K(372224K), [Perm : 13559K->13559K(21248K)], 0.1399320 secs] [Times: user=0.14 sys=0.00, real=0.14 secs] 
214.234: Total time for which application threads were stopped: 0.1402130 seconds, Stopping threads took: 0.0000060 seconds
214.234: Application time: 0.0000740 seconds
214.234: [Full GC214.234: [Tenured: 256703K->256703K(256704K), 0.1545240 secs] 372223K->372223K(372224K), [Perm : 13559K->13559K(21248K)], 0.1545550 secs] [Times: user=0.15 sys=0.00, real=0.16 secs] 
214.389: Total time for which application threads were stopped: 0.1548770 seconds, Stopping threads took: 0.0000190 seconds
214.389: Application time: 0.0000610 seconds
214.389: [Full GC214.389: [Tenured: 256703K->256703K(256704K), 0.1547080 secs] 372223K->372223K(372224K), [Perm : 13559K->13559K(21248K)], 0.1547390 secs] [Times: user=0.16 sys=0.00, real=0.15 secs] 
214.544: Total time for which application threads were stopped: 0.1550220 seconds, Stopping threads took: 0.0000070 seconds
214.544: Application time: 0.0000770 seconds
214.544: [Full GC214.544: [Tenured: 256703K->256703K(256704K), 0.1545230 secs] 372223K->372223K(372224K), [Perm : 13559K->13559K(21248K)], 0.1545540 secs] [Times: user=0.15 sys=0.00, real=0.15 secs] 
214.699: [Full GC214.699: [Tenured: 256703K->256703K(256704K), 0.1494580 secs] 372223K->372223K(372224K), [Perm : 13559K->13559K(21248K)], 0.1494870 secs] [Times: user=0.15 sys=0.00, real=0.16 secs] 
214.848: Total time for which application threads were stopped: 0.3043530 seconds, Stopping threads took: 0.0000060 seconds
214.848: Application time: 0.0000610 seconds
214.848: [Full GC214.848: [Tenured: 256703K->256703K(256704K), 0.1547750 secs] 372223K->372223K(372224K), [Perm : 13559K->13559K(21248K)], 0.1548070 secs] [Times: user=0.15 sys=0.00, real=0.15 secs] 
215.003: Total time for which application threads were stopped: 0.1551170 seconds, Stopping threads took: 0.0000060 seconds
215.003: Application time: 0.0000600 seconds
215.004: [Full GC215.004: [Tenured: 256703K->256703K(256704K), 0.1415480 secs] 372223K->372223K(372224K), [Perm : 13559K->13559K(21248K)], 0.1415800 secs] [Times: user=0.14 sys=0.00, real=0.14 secs] 
215.145: [Full GC215.145: [Tenured: 256703K->256703K(256704K), 0.1388550 secs] 372223K->372223K(372224K), [Perm : 13559K->13559K(21248K)], 0.1388840 secs] [Times: user=0.14 sys=0.00, real=0.14 secs] 
215.284: Total time for which application threads were stopped: 0.2807840 seconds, Stopping threads took: 0.0000060 seconds
215.284: Application time: 0.0000460 seconds
215.284: [Full GC215.284: [Tenured: 256703K->256703K(256704K), 0.1390110 secs] 372223K->372223K(372224K), [Perm : 13559K->13559K(21248K)], 0.1390390 secs] [Times: user=0.13 sys=0.00, real=0.14 secs] 
215.424: Total time for which application threads were stopped: 0.1393320 seconds, Stopping threads took: 0.0000070 seconds
215.424: Application time: 0.0000460 seconds
215.424: [Full GC215.424: [Tenured: 256703K->256703K(256704K), 0.1389880 secs] 372223K->372223K(372224K), [Perm : 13559K->13559K(21248K)], 0.1390180 secs] [Times: user=0.14 sys=0.00, real=0.14 secs] 
215.563: [Full GC215.563: [Tenured: 256703K->256703K(256704K), 0.1391670 secs] 372223K->372223K(372224K), [Perm : 13559K->13559K(21248K)], 0.1391970 secs] [Times: user=0.14 sys=0.00, real=0.14 secs] 
215.702: Total time for which application threads were stopped: 0.2785410 seconds, Stopping threads took: 0.0000080 seconds
215.702: Application time: 0.0000500 seconds
215.702: [Full GC215.702: [Tenured: 256703K->256703K(256704K), 0.1390290 secs] 372223K->372223K(372224K), [Perm : 13559K->13559K(21248K)], 0.1390590 secs] [Times: user=0.14 sys=0.00, real=0.14 secs] 
215.842: [Full GC215.842: [Tenured: 256703K->256703K(256704K), 0.1392350 secs] 372223K->372223K(372224K), [Perm : 13559K->13559K(21248K)], 0.1392630 secs] [Times: user=0.14 sys=0.00, real=0.14 secs] 
215.981: Total time for which application threads were stopped: 0.2786300 seconds, Stopping threads took: 0.0000060 seconds
215.981: Application time: 0.0000480 seconds
215.981: [Full GC215.981: [Tenured: 256703K->256703K(256704K), 0.1389070 secs] 372223K->372223K(372224K), [Perm : 13559K->13559K(21248K)], 0.1389360 secs] [Times: user=0.14 sys=0.00, real=0.14 secs] 
216.120: Total time for which application threads were stopped: 0.1392390 seconds, Stopping threads took: 0.0000050 seconds
216.120: Application time: 0.0000450 seconds
216.120: [Full GC216.120: [Tenured: 256703K->256703K(256704K), 0.1390600 secs] 372223K->372223K(372224K), [Perm : 13559K->13559K(21248K)], 0.1390900 secs] [Times: user=0.14 sys=0.00, real=0.13 secs] 
216.260: [Full GC216.260: [Tenured: 256703K->256703K(256704K), 0.1388170 secs] 372223K->372223K(372224K), [Perm : 13559K->13559K(21248K)], 0.1388480 secs] [Times: user=0.14 sys=0.00, real=0.13 secs] 
216.398: Total time for which application threads were stopped: 0.2782540 seconds, Stopping threads took: 0.0000080 seconds
216.398: Application time: 0.0000490 seconds
216.399: [Full GC216.399: [Tenured: 256704K->256703K(256704K), 0.1389340 secs] 372224K->372223K(372224K), [Perm : 13559K->13559K(21248K)], 0.1389660 secs] [Times: user=0.14 sys=0.00, real=0.14 secs] 
216.538: Total time for which application threads were stopped: 0.1392470 seconds, Stopping threads took: 0.0000090 seconds
216.538: Application time: 0.0000500 seconds
216.538: [Full GC216.538: [Tenured: 256703K->256703K(256704K), 0.1389640 secs] 372223K->372223K(372224K), [Perm : 13559K->13559K(21248K)], 0.1389930 secs] [Times: user=0.14 sys=0.00, real=0.14 secs] 
216.677: Total time for which application threads were stopped: 0.1392870 seconds, Stopping threads took: 0.0000070 seconds
216.677: Application time: 0.0000450 seconds
216.677: [Full GC216.677: [Tenured: 256703K->256703K(256704K), 0.1389780 secs] 372223K->372223K(372224K), [Perm : 13559K->13559K(21248K)], 0.1390130 secs] [Times: user=0.14 sys=0.00, real=0.14 secs] 
216.816: [Full GC216.816: [Tenured: 256703K->256703K(256704K), 0.1391070 secs] 372223K->372223K(372224K), [Perm : 13559K->13559K(21248K)], 0.1391510 secs] [Times: user=0.13 sys=0.00, real=0.14 secs] 
216.956: Total time for which application threads were stopped: 0.2784730 seconds, Stopping threads took: 0.0000080 seconds
216.956: Application time: 0.0000470 seconds
216.956: [Full GC216.956: [Tenured: 256703K->256703K(256704K), 0.1391470 secs] 372223K->372223K(372224K), [Perm : 13559K->13559K(21248K)], 0.1391770 secs] [Times: user=0.14 sys=0.00, real=0.14 secs] 
217.095: Total time for which application threads were stopped: 0.1394600 seconds, Stopping threads took: 0.0000070 seconds
217.095: Application time: 0.0000480 seconds
217.095: [Full GC217.095: [Tenured: 256703K->256703K(256704K), 0.1394720 secs] 372223K->372223K(372224K), [Perm : 13559K->13559K(21248K)], 0.1395010 secs] [Times: user=0.14 sys=0.00, real=0.14 secs] 
217.235: Total time for which application threads were stopped: 0.1398000 seconds, Stopping threads took: 0.0000090 seconds
217.235: Application time: 0.0000410 seconds
217.235: [Full GC217.235: [Tenured: 256703K->256703K(256704K), 0.1389810 secs] 372223K->372223K(372224K), [Perm : 13559K->13559K(21248K)], 0.1390120 secs] [Times: user=0.14 sys=0.00, real=0.14 secs] 
217.374: [Full GC217.374: [Tenured: 256703K->256703K(256704K), 0.1389210 secs] 372223K->372223K(372224K), [Perm : 13559K->13559K(21248K)], 0.1389500 secs] [Times: user=0.14 sys=0.00, real=0.14 secs] 
217.513: Total time for which application threads were stopped: 0.2782740 seconds, Stopping threads took: 0.0000080 seconds
217.513: Application time: 0.0000420 seconds
217.514: [Full GC217.514: [Tenured: 256703K->256703K(256704K), 0.1390170 secs] 372223K->372223K(372224K), [Perm : 13559K->13559K(21248K)], 0.1390460 secs] [Times: user=0.14 sys=0.00, real=0.14 secs] 
217.653: Total time for which application threads were stopped: 0.1393290 seconds, Stopping threads took: 0.0000090 seconds
217.653: Application time: 0.0000400 seconds
217.653: [Full GC217.653: [Tenured: 256703K->256703K(256704K), 0.1389400 secs] 372223K->372223K(372224K), [Perm : 13559K->13559K(21248K)], 0.1389700 secs] [Times: user=0.14 sys=0.00, real=0.14 secs] 
217.792: [Full GC217.792: [Tenured: 256703K->256703K(256704K), 0.1390170 secs] 372223K->372223K(372224K), [Perm : 13559K->13559K(21248K)], 0.1390470 secs] [Times: user=0.14 sys=0.00, real=0.14 secs] 
217.931: Total time for which application threads were stopped: 0.2783420 seconds, Stopping threads took: 0.0000080 seconds
217.931: Application time: 0.0000630 seconds
217.931: [Full GC217.931: [Tenured: 256703K->256703K(256704K), 0.1557540 secs] 372223K->372223K(372224K), [Perm : 13559K->13559K(21248K)], 0.1557900 secs] [Times: user=0.15 sys=0.00, real=0.15 secs] 
218.087: Total time for which application threads were stopped: 0.1560880 seconds, Stopping threads took: 0.0000180 seconds
218.087: Application time: 0.0000730 seconds
218.088: [Full GC218.088: [Tenured: 256704K->256703K(256704K), 0.1616950 secs] 372223K->372223K(372224K), [Perm : 13559K->13559K(21248K)], 0.1617330 secs] [Times: user=0.17 sys=0.00, real=0.16 secs] 
218.249: Total time for which application threads were stopped: 0.1622000 seconds, Stopping threads took: 0.0000480 seconds
218.250: Application time: 0.0001210 seconds
218.250: [Full GC218.250: [Tenured: 256703K->256703K(256704K), 0.1409500 secs] 372223K->372223K(372224K), [Perm : 13559K->13559K(21248K)], 0.1409820 secs] [Times: user=0.14 sys=0.00, real=0.14 secs] 
218.391: [Full GC218.391: [Tenured: 256703K->256703K(256704K), 0.1392380 secs] 372223K->372223K(372224K), [Perm : 13559K->13559K(21248K)], 0.1392680 secs] [Times: user=0.14 sys=0.00, real=0.14 secs] 
218.530: Total time for which application threads were stopped: 0.2807230 seconds, Stopping threads took: 0.0000190 seconds
218.530: Application time: 0.0000700 seconds
218.531: [Full GC218.531: [Tenured: 256704K->256704K(256704K), 0.1400780 secs] 372223K->372223K(372224K), [Perm : 13559K->13559K(21248K)], 0.1401180 secs] [Times: user=0.14 sys=0.00, real=0.14 secs] 
218.671: [Full GC218.671: [Tenured: 256704K->256703K(256704K), 0.1397660 secs] 372223K->372223K(372224K), [Perm : 13559K->13559K(21248K)], 0.1397970 secs] [Times: user=0.14 sys=0.00, real=0.14 secs] 
218.811: Total time for which application threads were stopped: 0.2802250 seconds, Stopping threads took: 0.0000060 seconds
218.811: Application time: 0.0000870 seconds
218.811: [Full GC218.811: [Tenured: 256703K->256703K(256704K), 0.1422830 secs] 372223K->372223K(372224K), [Perm : 13559K->13559K(21248K)], 0.1423140 secs] [Times: user=0.14 sys=0.00, real=0.14 secs] 
218.953: [Full GC218.953: [Tenured: 256703K->256703K(256704K), 0.1398550 secs] 372223K->372223K(372224K), [Perm : 13559K->13559K(21248K)], 0.1398850 secs] [Times: user=0.14 sys=0.00, real=0.14 secs] 
219.093: Total time for which application threads were stopped: 0.2825390 seconds, Stopping threads took: 0.0000190 seconds
219.093: Application time: 0.0000830 seconds
219.094: [Full GC219.094: [Tenured: 256703K->256703K(256704K), 0.1403820 secs] 372223K->372223K(372224K), [Perm : 13559K->13559K(21248K)], 0.1404140 secs] [Times: user=0.14 sys=0.00, real=0.14 secs] 
219.234: [Full GC219.234: [Tenured: 256703K->256703K(256704K), 0.1393380 secs] 372223K->372223K(372224K), [Perm : 13559K->13559K(21248K)], 0.1393660 secs] [Times: user=0.14 sys=0.00, real=0.14 secs] 
219.373: Total time for which application threads were stopped: 0.2801040 seconds, Stopping threads took: 0.0000190 seconds
219.373: Application time: 0.0000880 seconds
219.374: [Full GC219.374: [Tenured: 256703K->256703K(256704K), 0.1395240 secs] 372223K->372223K(372224K), [Perm : 13559K->13559K(21248K)], 0.1395520 secs] [Times: user=0.14 sys=0.00, real=0.14 secs] 
219.513: Total time for which application threads were stopped: 0.1398490 seconds, Stopping threads took: 0.0000060 seconds
219.513: Application time: 0.0000650 seconds
219.514: [Full GC219.514: [Tenured: 256703K->256703K(256704K), 0.1393750 secs] 372223K->372223K(372224K), [Perm : 13559K->13559K(21248K)], 0.1394040 secs] [Times: user=0.14 sys=0.00, real=0.14 secs] 
219.653: [Full GC219.653: [Tenured: 256703K->256703K(256704K), 0.1393080 secs] 372223K->372222K(372224K), [Perm : 13559K->13559K(21248K)], 0.1393370 secs] [Times: user=0.14 sys=0.00, real=0.14 secs] 
219.792: Total time for which application threads were stopped: 0.2790470 seconds, Stopping threads took: 0.0000050 seconds
219.792: Application time: 0.0000670 seconds
219.793: [Full GC219.793: [Tenured: 256703K->256703K(256704K), 0.1395550 secs] 372223K->372223K(372224K), [Perm : 13559K->13559K(21248K)], 0.1395840 secs] [Times: user=0.14 sys=0.00, real=0.14 secs] 
219.932: Total time for which application threads were stopped: 0.1398640 seconds, Stopping threads took: 0.0000060 seconds
219.932: Application time: 0.0000530 seconds
219.933: [Full GC219.933: [Tenured: 256703K->256703K(256704K), 0.1400740 secs] 372223K->372223K(372224K), [Perm : 13559K->13559K(21248K)], 0.1401030 secs] [Times: user=0.14 sys=0.00, real=0.14 secs] 
220.073: Total time for which application threads were stopped: 0.1404020 seconds, Stopping threads took: 0.0000050 seconds
220.073: Application time: 0.0000520 seconds
220.073: [Full GC220.073: [Tenured: 256703K->256703K(256704K), 0.1397260 secs] 372223K->372223K(372224K), [Perm : 13559K->13559K(21248K)], 0.1397510 secs] [Times: user=0.14 sys=0.00, real=0.14 secs] 
220.213: [Full GC220.213: [Tenured: 256703K->256703K(256704K), 0.1393810 secs] 372223K->372223K(372224K), [Perm : 13559K->13559K(21248K)], 0.1394090 secs] [Times: user=0.14 sys=0.00, real=0.14 secs] 
220.352: Total time for which application threads were stopped: 0.2794700 seconds, Stopping threads took: 0.0000080 seconds
220.352: Application time: 0.0000460 seconds
220.353: [Full GC220.353: [Tenured: 256703K->256703K(256704K), 0.1394710 secs] 372223K->372223K(372224K), [Perm : 13559K->13559K(21248K)], 0.1394990 secs] [Times: user=0.14 sys=0.00, real=0.14 secs] 
220.492: [Full GC220.492: [Tenured: 256703K->256703K(256704K), 0.1393110 secs] 372223K->372223K(372224K), [Perm : 13559K->13559K(21248K)], 0.1393530 secs] [Times: user=0.14 sys=0.01, real=0.14 secs] 
220.632: Total time for which application threads were stopped: 0.2791720 seconds, Stopping threads took: 0.0000090 seconds
220.632: Application time: 0.0000510 seconds
220.632: [Full GC220.632: [Tenured: 256703K->256703K(256704K), 0.1394780 secs] 372223K->372223K(372224K), [Perm : 13559K->13559K(21248K)], 0.1395090 secs] [Times: user=0.14 sys=0.00, real=0.14 secs] 
220.771: [Full GC220.771: [Tenured: 256703K->256703K(256704K), 0.1393710 secs] 372223K->372223K(372224K), [Perm : 13559K->13559K(21248K)], 0.1394010 secs] [Times: user=0.14 sys=0.00, real=0.14 secs] 
220.911: Total time for which application threads were stopped: 0.2792460 seconds, Stopping threads took: 0.0000180 seconds
220.911: Application time: 0.0000500 seconds
220.911: [Full GC220.911: [Tenured: 256703K->256702K(256704K), 0.1619370 secs] 372223K->372220K(372224K), [Perm : 13559K->13559K(21248K)], 0.1619730 secs] [Times: user=0.16 sys=0.00, real=0.16 secs] 
221.073: Total time for which application threads were stopped: 0.1622690 seconds, Stopping threads took: 0.0000160 seconds
221.073: Application time: 0.0001470 seconds
221.074: [Full GC221.074: [Tenured: 256703K->256703K(256704K), 0.1399610 secs] 372223K->372220K(372224K), [Perm : 13559K->13559K(21248K)], 0.1399900 secs] [Times: user=0.14 sys=0.00, real=0.14 secs] 
221.214: Total time for which application threads were stopped: 0.1404620 seconds, Stopping threads took: 0.0000100 seconds
221.214: Application time: 0.0000830 seconds
221.214: [Full GC221.214: [Tenured: 256703K->256703K(256704K), 0.1393120 secs] 372223K->372223K(372224K), [Perm : 13559K->13559K(21248K)], 0.1393410 secs] [Times: user=0.14 sys=0.00, real=0.14 secs] 
221.354: Total time for which application threads were stopped: 0.1396390 seconds, Stopping threads took: 0.0000050 seconds
221.354: Application time: 0.0000560 seconds
221.354: [Full GC221.354: [Tenured: 256703K->256703K(256704K), 0.1392700 secs] 372223K->372223K(372224K), [Perm : 13559K->13559K(21248K)], 0.1392990 secs] [Times: user=0.13 sys=0.00, real=0.14 secs] 
221.493: [Full GC221.493: [Tenured: 256703K->256703K(256704K), 0.1442390 secs] 372223K->372223K(372224K), [Perm : 13559K->13559K(21248K)], 0.1442720 secs] [Times: user=0.15 sys=0.00, real=0.14 secs] 
221.637: Total time for which application threads were stopped: 0.2838850 seconds, Stopping threads took: 0.0000060 seconds
221.638: Application time: 0.0000980 seconds
221.638: [Full GC221.638: [Tenured: 256703K->256703K(256704K), 0.1396540 secs] 372223K->372223K(372224K), [Perm : 13559K->13559K(21248K)], 0.1396840 secs] [Times: user=0.14 sys=0.00, real=0.14 secs] 
221.778: [Full GC221.778: [Tenured: 256703K->256703K(256704K), 0.1389870 secs] 372223K->372223K(372224K), [Perm : 13559K->13559K(21248K)], 0.1390150 secs] [Times: user=0.14 sys=0.00, real=0.14 secs] 
221.917: Total time for which application threads were stopped: 0.2792000 seconds, Stopping threads took: 0.0000070 seconds
221.917: Application time: 0.0000710 seconds
221.917: [Full GC221.917: [Tenured: 256703K->256703K(256704K), 0.1402440 secs] 372223K->372223K(372224K), [Perm : 13559K->13559K(21248K)], 0.1402730 secs] [Times: user=0.14 sys=0.00, real=0.14 secs] 
222.057: [Full GC222.057: [Tenured: 256703K->256703K(256704K), 0.1390190 secs] 372223K->372223K(372224K), [Perm : 13559K->13559K(21248K)], 0.1390480 secs] [Times: user=0.14 sys=0.00, real=0.14 secs] 
222.196: Total time for which application threads were stopped: 0.2796490 seconds, Stopping threads took: 0.0000050 seconds
222.197: Application time: 0.0000720 seconds
222.197: [Full GC222.197: [Tenured: 256703K->256703K(256704K), 0.1418170 secs] 372223K->372221K(372224K), [Perm : 13559K->13559K(21248K)], 0.1418530 secs] [Times: user=0.14 sys=0.00, real=0.14 secs] 
222.339: Total time for which application threads were stopped: 0.1421500 seconds, Stopping threads took: 0.0000150 seconds
222.339: Application time: 0.0001000 seconds
222.339: [Full GC222.339: [Tenured: 256704K->256704K(256704K), 0.1393200 secs] 372223K->372222K(372224K), [Perm : 13559K->13559K(21248K)], 0.1393600 secs] [Times: user=0.14 sys=0.00, real=0.14 secs] 
222.479: Total time for which application threads were stopped: 0.1398430 seconds, Stopping threads took: 0.0000180 seconds
222.479: Application time: 0.0000690 seconds
222.479: [Full GC222.479: [Tenured: 256704K->256704K(256704K), 0.1558710 secs] 372223K->372220K(372224K), [Perm : 13559K->13559K(21248K)], 0.1559060 secs] [Times: user=0.16 sys=0.00, real=0.16 secs] 
222.635: Total time for which application threads were stopped: 0.1562190 seconds, Stopping threads took: 0.0000060 seconds
222.635: Application time: 0.0001010 seconds
222.635: [Full GC222.635: [Tenured: 256704K->256694K(256704K), 0.1459100 secs] 372223K->372214K(372224K), [Perm : 13559K->13559K(21248K)], 0.1459460 secs] [Times: user=0.14 sys=0.00, real=0.15 secs] 
222.781: Total time for which application threads were stopped: 0.1464220 seconds, Stopping threads took: 0.0000070 seconds
222.782: Application time: 0.0001490 seconds
222.782: [Full GC222.782: [Tenured: 256704K->256704K(256704K), 0.1392460 secs] 372224K->372223K(372224K), [Perm : 13559K->13559K(21248K)], 0.1392730 secs] [Times: user=0.14 sys=0.00, real=0.14 secs] 
222.921: [Full GC222.921: [Tenured: 256704K->256701K(256704K), 0.1397150 secs] 372223K->372220K(372224K), [Perm : 13559K->13559K(21248K)], 0.1397450 secs] [Times: user=0.14 sys=0.00, real=0.14 secs] 
223.061: Total time for which application threads were stopped: 0.2795160 seconds, Stopping threads took: 0.0000060 seconds
223.061: Application time: 0.0001060 seconds
223.062: [Full GC223.062: [Tenured: 256703K->256703K(256704K), 0.1416480 secs] 372223K->372223K(372224K), [Perm : 13559K->13559K(21248K)], 0.1416800 secs] [Times: user=0.15 sys=0.00, real=0.14 secs] 
223.203: Total time for which application threads were stopped: 0.1419960 seconds, Stopping threads took: 0.0000190 seconds
223.203: Application time: 0.0000540 seconds
223.204: [Full GC223.204: [Tenured: 256703K->256701K(256704K), 0.1393090 secs] 372223K->372221K(372224K), [Perm : 13559K->13559K(21248K)], 0.1393410 secs] [Times: user=0.14 sys=0.00, real=0.14 secs] 
223.343: Total time for which application threads were stopped: 0.1396270 seconds, Stopping threads took: 0.0000050 seconds
223.343: Application time: 0.0000790 seconds
223.343: [Full GC223.343: [Tenured: 256703K->256703K(256704K), 0.1389420 secs] 372223K->372223K(372224K), [Perm : 13559K->13559K(21248K)], 0.1389720 secs] [Times: user=0.14 sys=0.00, real=0.14 secs] 
223.482: [Full GC223.482: [Tenured: 256703K->256701K(256704K), 0.1389190 secs] 372223K->372221K(372224K), [Perm : 13559K->13559K(21248K)], 0.1389480 secs] [Times: user=0.13 sys=0.00, real=0.14 secs] 
223.621: Total time for which application threads were stopped: 0.2782290 seconds, Stopping threads took: 0.0000060 seconds
223.621: Application time: 0.0000840 seconds
223.622: [Full GC223.622: [Tenured: 256703K->256703K(256704K), 0.1390020 secs] 372223K->372223K(372224K), [Perm : 13559K->13559K(21248K)], 0.1390360 secs] [Times: user=0.13 sys=0.00, real=0.14 secs] 
223.761: [Full GC223.761: [Tenured: 256703K->256703K(256704K), 0.1388820 secs] 372223K->372223K(372224K), [Perm : 13559K->13559K(21248K)], 0.1389120 secs] [Times: user=0.14 sys=0.00, real=0.14 secs] 
223.900: Total time for which application threads were stopped: 0.2782750 seconds, Stopping threads took: 0.0000050 seconds
223.900: Application time: 0.0000670 seconds
223.900: [Full GC223.900: [Tenured: 256703K->256703K(256704K), 0.1397290 secs] 372223K->372223K(372224K), [Perm : 13559K->13559K(21248K)], 0.1397580 secs] [Times: user=0.14 sys=0.00, real=0.14 secs] 
224.040: [Full GC224.040: [Tenured: 256703K->256703K(256704K), 0.1392910 secs] 372223K->372223K(372224K), [Perm : 13559K->13559K(21248K)], 0.1393210 secs] [Times: user=0.14 sys=0.00, real=0.13 secs] 
224.179: Total time for which application threads were stopped: 0.2794020 seconds, Stopping threads took: 0.0000180 seconds
224.179: Application time: 0.0000590 seconds
224.179: [Full GC224.179: [Tenured: 256704K->256704K(256704K), 0.1390620 secs] 372223K->372223K(372224K), [Perm : 13559K->13559K(21248K)], 0.1391000 secs] [Times: user=0.14 sys=0.00, real=0.14 secs] 
224.319: [Full GC224.319: [Tenured: 256704K->256704K(256704K), 0.1390130 secs] 372223K->372223K(372224K), [Perm : 13559K->13559K(21248K)], 0.1390420 secs] [Times: user=0.14 sys=0.00, real=0.14 secs] 
224.458: Total time for which application threads were stopped: 0.2784730 seconds, Stopping threads took: 0.0000050 seconds
224.458: Application time: 0.0000780 seconds
224.458: [Full GC224.458: [Tenured: 256704K->256704K(256704K), 0.1390230 secs] 372223K->372223K(372224K), [Perm : 13559K->13559K(21248K)], 0.1390520 secs] [Times: user=0.14 sys=0.00, real=0.14 secs] 
224.597: [Full GC224.597: [Tenured: 256704K->256703K(256704K), 0.1391100 secs] 372223K->372223K(372224K), [Perm : 13559K->13559K(21248K)], 0.1391370 secs] [Times: user=0.14 sys=0.00, real=0.14 secs] 
224.736: Total time for which application threads were stopped: 0.2784940 seconds, Stopping threads took: 0.0000050 seconds
224.736: Application time: 0.0000580 seconds
224.737: [Full GC224.737: [Tenured: 256703K->256703K(256704K), 0.1391610 secs] 372223K->372223K(372224K), [Perm : 13560K->13560K(21248K)], 0.1391900 secs] [Times: user=0.14 sys=0.00, real=0.14 secs] 
224.876: [Full GC224.876: [Tenured: 256703K->256703K(256704K), 0.1396770 secs] 372223K->372223K(372224K), [Perm : 13560K->13560K(21248K)], 0.1397070 secs] [Times: user=0.14 sys=0.00, real=0.14 secs] 
225.015: Total time for which application threads were stopped: 0.2792600 seconds, Stopping threads took: 0.0000190 seconds
225.016: Application time: 0.0000570 seconds
225.016: [Full GC225.016: [Tenured: 256703K->256703K(256704K), 0.1514000 secs] 372223K->372223K(372224K), [Perm : 13560K->13560K(21248K)], 0.1514270 secs] [Times: user=0.15 sys=0.00, real=0.15 secs] 
225.167: [Full GC225.167: [Tenured: 256703K->256703K(256704K), 0.1458810 secs] 372223K->372223K(372224K), [Perm : 13560K->13560K(21248K)], 0.1459100 secs] [Times: user=0.15 sys=0.00, real=0.15 secs] 
225.313: Total time for which application threads were stopped: 0.2976440 seconds, Stopping threads took: 0.0000050 seconds
225.313: Application time: 0.0000950 seconds
225.314: [Full GC225.314: [Tenured: 256703K->256703K(256704K), 0.1631870 secs] 372223K->372181K(372224K), [Perm : 13560K->13560K(21248K)], 0.1632230 secs] [Times: user=0.16 sys=0.00, real=0.16 secs] 
225.477: Total time for which application threads were stopped: 0.1635410 seconds, Stopping threads took: 0.0000190 seconds
225.477: Application time: 0.0002880 seconds
225.478: [Full GC225.478: [Tenured: 256703K->256703K(256704K), 0.1781180 secs] 372219K->372124K(372224K), [Perm : 13560K->13560K(21248K)], 0.1781530 secs] [Times: user=0.18 sys=0.00, real=0.18 secs] 
225.656: Total time for which application threads were stopped: 0.1786090 seconds, Stopping threads took: 0.0000090 seconds
225.656: Application time: 0.0004840 seconds
225.657: [Full GC225.657: [Tenured: 256704K->256704K(256704K), 0.1402710 secs] 372223K->372179K(372224K), [Perm : 13560K->13560K(21248K)], 0.1403040 secs] [Times: user=0.14 sys=0.00, real=0.14 secs] 
225.797: Total time for which application threads were stopped: 0.1407690 seconds, Stopping threads took: 0.0000180 seconds
225.797: Application time: 0.0002870 seconds
225.798: [Full GC225.798: [Tenured: 256704K->256704K(256704K), 0.1409240 secs] 372223K->372218K(372224K), [Perm : 13560K->13560K(21248K)], 0.1409560 secs] [Times: user=0.14 sys=0.00, real=0.14 secs] 
225.939: Total time for which application threads were stopped: 0.1412540 seconds, Stopping threads took: 0.0000190 seconds
225.939: Application time: 0.0001030 seconds
225.939: [Full GC225.939: [Tenured: 256704K->256704K(256704K), 0.1423690 secs] 372223K->372223K(372224K), [Perm : 13560K->13560K(21248K)], 0.1424010 secs] [Times: user=0.14 sys=0.00, real=0.15 secs] 
226.081: Total time for which application threads were stopped: 0.1427200 seconds, Stopping threads took: 0.0000190 seconds
226.081: Application time: 0.0000810 seconds
226.082: [Full GC226.082: [Tenured: 256704K->256703K(256704K), 0.1419660 secs] 372224K->372211K(372224K), [Perm : 13560K->13560K(21248K)], 0.1420040 secs] [Times: user=0.14 sys=0.00, real=0.14 secs] 
226.224: Total time for which application threads were stopped: 0.1422980 seconds, Stopping threads took: 0.0000190 seconds
226.224: Application time: 0.0001940 seconds
226.224: [Full GC226.224: [Tenured: 256703K->256703K(256704K), 0.1425070 secs] 372223K->372218K(372224K), [Perm : 13560K->13560K(21248K)], 0.1425380 secs] [Times: user=0.14 sys=0.00, real=0.14 secs] 
226.367: Total time for which application threads were stopped: 0.1428360 seconds, Stopping threads took: 0.0000190 seconds
226.367: Application time: 0.0001400 seconds
226.367: [Full GC226.367: [Tenured: 256703K->256703K(256704K), 0.1405220 secs] 372223K->372221K(372224K), [Perm : 13560K->13560K(21248K)], 0.1405530 secs] [Times: user=0.14 sys=0.00, real=0.15 secs] 
226.508: Total time for which application threads were stopped: 0.1408520 seconds, Stopping threads took: 0.0000180 seconds
226.508: Application time: 0.0001200 seconds
226.508: [Full GC226.508: [Tenured: 256703K->256703K(256704K), 0.1400340 secs] 372223K->372222K(372224K), [Perm : 13560K->13560K(21248K)], 0.1400640 secs] [Times: user=0.14 sys=0.00, real=0.14 secs] 
226.648: Total time for which application threads were stopped: 0.1403740 seconds, Stopping threads took: 0.0000190 seconds
226.648: Application time: 0.0001050 seconds
226.649: [Full GC226.649: [Tenured: 256703K->256703K(256704K), 0.1408910 secs] 372223K->372223K(372224K), [Perm : 13560K->13560K(21248K)], 0.1409220 secs] [Times: user=0.14 sys=0.00, real=0.14 secs] 
226.790: Total time for which application threads were stopped: 0.1412150 seconds, Stopping threads took: 0.0000190 seconds
226.790: Application time: 0.0000590 seconds
226.790: [Full GC226.790: [Tenured: 256703K->256703K(256704K), 0.1391060 secs] 372223K->372223K(372224K), [Perm : 13560K->13560K(21248K)], 0.1391350 secs] [Times: user=0.14 sys=0.00, real=0.14 secs] 
226.929: Total time for which application threads were stopped: 0.1394120 seconds, Stopping threads took: 0.0000050 seconds
226.929: Application time: 0.0000610 seconds
226.929: [Full GC226.929: [Tenured: 256703K->256703K(256704K), 0.1400320 secs] 372223K->372223K(372224K), [Perm : 13560K->13560K(21248K)], 0.1400620 secs] [Times: user=0.14 sys=0.00, real=0.14 secs] 
227.069: Total time for which application threads were stopped: 0.1403430 seconds, Stopping threads took: 0.0000050 seconds
227.070: Application time: 0.0000670 seconds
227.070: [Full GC227.070: [Tenured: 256703K->256703K(256704K), 0.1391610 secs] 372223K->372223K(372224K), [Perm : 13560K->13560K(21248K)], 0.1391900 secs] [Times: user=0.14 sys=0.00, real=0.14 secs] 
227.209: Total time for which application threads were stopped: 0.1395180 seconds, Stopping threads took: 0.0000060 seconds
227.209: Application time: 0.0000630 seconds
227.209: [Full GC227.209: [Tenured: 256703K->256703K(256704K), 0.1389440 secs] 372223K->372223K(372224K), [Perm : 13560K->13560K(21248K)], 0.1389720 secs] [Times: user=0.14 sys=0.00, real=0.14 secs] 
227.348: Total time for which application threads were stopped: 0.1392520 seconds, Stopping threads took: 0.0000060 seconds
227.348: Application time: 0.0000570 seconds
227.349: [Full GC227.349: [Tenured: 256703K->256703K(256704K), 0.1389550 secs] 372223K->372223K(372224K), [Perm : 13560K->13560K(21248K)], 0.1389830 secs] [Times: user=0.14 sys=0.00, real=0.14 secs] 
227.488: Total time for which application threads were stopped: 0.1392600 seconds, Stopping threads took: 0.0000050 seconds
227.488: Application time: 0.0000420 seconds
227.488: [Full GC227.488: [Tenured: 256703K->256703K(256704K), 0.1389140 secs] 372223K->372223K(372224K), [Perm : 13560K->13560K(21248K)], 0.1389440 secs] [Times: user=0.14 sys=0.00, real=0.13 secs] 
227.627: [Full GC227.627: [Tenured: 256703K->256703K(256704K), 0.1391160 secs] 372223K->372223K(372224K), [Perm : 13560K->13560K(21248K)], 0.1391460 secs] [Times: user=0.14 sys=0.00, real=0.14 secs] 
227.766: Total time for which application threads were stopped: 0.2784070 seconds, Stopping threads took: 0.0000090 seconds
227.766: Application time: 0.0000670 seconds
227.766: [Full GC227.766: [Tenured: 256703K->256703K(256704K), 0.1389690 secs] 372223K->372199K(372224K), [Perm : 13560K->13560K(21248K)], 0.1389980 secs] [Times: user=0.14 sys=0.00, real=0.14 secs] 
227.905: Total time for which application threads were stopped: 0.1392980 seconds, Stopping threads took: 0.0000070 seconds
227.906: Application time: 0.0003310 seconds
227.906: [Full GC227.906: [Tenured: 256703K->256703K(256704K), 0.1396760 secs] 372223K->372208K(372224K), [Perm : 13563K->13563K(21248K)], 0.1397060 secs] [Times: user=0.14 sys=0.00, real=0.14 secs] 
228.046: Total time for which application threads were stopped: 0.1399880 seconds, Stopping threads took: 0.0000040 seconds
228.046: Application time: 0.0002240 seconds
228.046: [Full GC228.046: [Tenured: 256703K->256703K(256704K), 0.1389550 secs] 372223K->372208K(372224K), [Perm : 13564K->13564K(21248K)], 0.1389880 secs] [Times: user=0.14 sys=0.00, real=0.14 secs] 
228.185: Total time for which application threads were stopped: 0.1392770 seconds, Stopping threads took: 0.0000070 seconds
228.186: Application time: 0.0002380 seconds
228.186: [Full GC228.186: [Tenured: 256703K->256703K(256704K), 0.1388600 secs] 372223K->372211K(372224K), [Perm : 13566K->13566K(21248K)], 0.1388920 secs] [Times: user=0.14 sys=0.00, real=0.14 secs] 
228.325: Total time for which application threads were stopped: 0.1391930 seconds, Stopping threads took: 0.0000170 seconds
228.325: Application time: 0.0001100 seconds
228.325: [Full GC228.325: [Tenured: 256703K->256704K(256704K), 0.2109700 secs] 372223K->372219K(372224K), [Perm : 13566K->13566K(21248K)], 0.2110050 secs] [Times: user=0.21 sys=0.00, real=0.21 secs] 
228.536: [Full GC228.536: [Tenured: 256704K->256703K(256704K), 0.1389740 secs] 372219K->372145K(372224K), [Perm : 13566K->13566K(21248K)], 0.1390050 secs] [Times: user=0.14 sys=0.00, real=0.14 secs] 
228.675: Total time for which application threads were stopped: 0.3503560 seconds, Stopping threads took: 0.0000230 seconds
228.675: Application time: 0.0001190 seconds
228.676: [Full GC228.676: [Tenured: 256703K->256703K(256704K), 0.1544190 secs] 372219K->372212K(372224K), [Perm : 13566K->13566K(21248K)], 0.1544590 secs] [Times: user=0.16 sys=0.00, real=0.16 secs] 
228.830: [Full GC228.830: [Tenured: 256703K->256703K(256704K), 0.1546460 secs] 372212K->372212K(372224K), [Perm : 13566K->13566K(21248K)], 0.1546740 secs] [Times: user=0.15 sys=0.00, real=0.15 secs] 
228.985: Total time for which application threads were stopped: 0.3095440 seconds, Stopping threads took: 0.0000870 seconds
228.985: Application time: 0.0000850 seconds
228.985: [Full GC228.985: [Tenured: 256703K->256703K(256704K), 0.1387710 secs] 372220K->372209K(372224K), [Perm : 13566K->13566K(21248K)], 0.1388040 secs] [Times: user=0.14 sys=0.00, real=0.14 secs] 
229.124: [Full GC229.124: [Tenured: 256703K->256703K(256704K), 0.1415250 secs] 372209K->372209K(372224K), [Perm : 13566K->13566K(21248K)], 0.1415570 secs] [Times: user=0.14 sys=0.00, real=0.14 secs] 
229.266: Total time for which application threads were stopped: 0.2807250 seconds, Stopping threads took: 0.0000340 seconds
229.266: Application time: 0.0002160 seconds
229.266: [Full GC229.266: [Tenured: 256703K->256703K(256704K), 0.1391840 secs] 372223K->372202K(372224K), [Perm : 13566K->13566K(21248K)], 0.1392150 secs] [Times: user=0.14 sys=0.00, real=0.14 secs] 
229.405: Total time for which application threads were stopped: 0.1395330 seconds, Stopping threads took: 0.0000220 seconds
229.406: Application time: 0.0001670 seconds
229.406: [Full GC229.406: [Tenured: 256703K->256703K(256704K), 0.1389550 secs] 372223K->372219K(372224K), [Perm : 13566K->13566K(21248K)], 0.1389860 secs] [Times: user=0.14 sys=0.00, real=0.14 secs] 
229.545: Total time for which application threads were stopped: 0.1392700 seconds, Stopping threads took: 0.0000060 seconds
229.545: Application time: 0.0001080 seconds
229.545: [Full GC229.545: [Tenured: 256703K->256679K(256704K), 0.1684490 secs] 372223K->372147K(372224K), [Perm : 13566K->13566K(21248K)], 0.1684960 secs] [Times: user=0.17 sys=0.00, real=0.17 secs] 
229.714: Total time for which application threads were stopped: 0.1688030 seconds, Stopping threads took: 0.0000060 seconds
229.714: Application time: 0.0005630 seconds
229.715: [Full GC229.715: [Tenured: 256703K->256703K(256704K), 0.1414600 secs] 372223K->372200K(372224K), [Perm : 13566K->13566K(21248K)], 0.1414970 secs] [Times: user=0.14 sys=0.00, real=0.14 secs] 
229.856: Total time for which application threads were stopped: 0.1419580 seconds, Stopping threads took: 0.0000080 seconds
229.857: Application time: 0.0002870 seconds
229.857: [Full GC229.857: [Tenured: 256703K->256703K(256704K), 0.1416720 secs] 372223K->372215K(372224K), [Perm : 13566K->13566K(21248K)], 0.1417080 secs] [Times: user=0.14 sys=0.00, real=0.14 secs] 
229.999: Total time for which application threads were stopped: 0.1421750 seconds, Stopping threads took: 0.0000070 seconds
229.999: Application time: 0.0000790 seconds
229.999: [Full GC229.999: [Tenured: 256703K->256703K(256704K), 0.1390830 secs] 372217K->372217K(372224K), [Perm : 13566K->13566K(21248K)], 0.1391170 secs] [Times: user=0.14 sys=0.00, real=0.14 secs] 
230.138: [Full GC230.138: [Tenured: 256703K->256691K(256704K), 0.1933470 secs] 372217K->372199K(372224K), [Perm : 13566K->13566K(21248K)], 0.1933800 secs] [Times: user=0.19 sys=0.00, real=0.20 secs] 
230.332: Total time for which application threads were stopped: 0.3330130 seconds, Stopping threads took: 0.0000190 seconds
230.332: Application time: 0.0002000 seconds
230.333: [Full GC230.333: [Tenured: 256703K->256703K(256704K), 0.1414240 secs] 372223K->372206K(372224K), [Perm : 13566K->13566K(21248K)], 0.1414590 secs] [Times: user=0.15 sys=0.00, real=0.14 secs] 
230.474: Total time for which application threads were stopped: 0.1419840 seconds, Stopping threads took: 0.0000110 seconds
230.474: Application time: 0.0003400 seconds
230.475: [Full GC230.475: [Tenured: 256704K->256704K(256704K), 0.1394860 secs] 372223K->372199K(372224K), [Perm : 13566K->13566K(21248K)], 0.1395190 secs] [Times: user=0.14 sys=0.00, real=0.14 secs] 
230.614: Total time for which application threads were stopped: 0.1399760 seconds, Stopping threads took: 0.0000070 seconds
230.615: Application time: 0.0002880 seconds
230.615: [Full GC230.615: [Tenured: 256704K->256704K(256704K), 0.1414750 secs] 372224K->372208K(372224K), [Perm : 13566K->13566K(21248K)], 0.1415100 secs] [Times: user=0.14 sys=0.00, real=0.14 secs] 
230.756: Total time for which application threads were stopped: 0.1418080 seconds, Stopping threads took: 0.0000060 seconds
230.757: Application time: 0.0002300 seconds
230.757: [Full GC230.757: [Tenured: 256704K->256701K(256704K), 0.1948330 secs] 372223K->372209K(372224K), [Perm : 13566K->13566K(21248K)], 0.1948680 secs] [Times: user=0.20 sys=0.00, real=0.20 secs] 
230.952: Total time for which application threads were stopped: 0.1953540 seconds, Stopping threads took: 0.0000200 seconds
230.952: Application time: 0.0001830 seconds
230.953: [Full GC230.953: [Tenured: 256703K->256703K(256704K), 0.1393800 secs] 372223K->372211K(372224K), [Perm : 13566K->13566K(21248K)], 0.1394110 secs] [Times: user=0.14 sys=0.00, real=0.14 secs] 
231.092: Total time for which application threads were stopped: 0.1399150 seconds, Stopping threads took: 0.0000240 seconds
231.092: Application time: 0.0001170 seconds
231.093: [Full GC231.093: [Tenured: 256703K->256703K(256704K), 0.1390090 secs] 372223K->372215K(372224K), [Perm : 13566K->13566K(21248K)], 0.1390400 secs] [Times: user=0.14 sys=0.00, real=0.14 secs] 
231.232: Total time for which application threads were stopped: 0.1393720 seconds, Stopping threads took: 0.0000410 seconds
231.232: Application time: 0.0001050 seconds
231.232: [Full GC231.232: [Tenured: 256703K->256703K(256704K), 0.1389550 secs] 372223K->372215K(372224K), [Perm : 13566K->13566K(21248K)], 0.1389870 secs] [Times: user=0.14 sys=0.00, real=0.14 secs] 
231.371: Total time for which application threads were stopped: 0.1392940 seconds, Stopping threads took: 0.0000210 seconds
231.371: Application time: 0.0000930 seconds
231.371: [Full GC231.371: [Tenured: 256703K->256701K(256704K), 0.1388620 secs] 372223K->372213K(372224K), [Perm : 13566K->13566K(21248K)], 0.1388930 secs] [Times: user=0.14 sys=0.00, real=0.14 secs] 
231.510: Total time for which application threads were stopped: 0.1391730 seconds, Stopping threads took: 0.0000060 seconds
231.510: Application time: 0.0000590 seconds
231.511: [Full GC231.511: [Tenured: 256701K->256701K(256704K), 0.1393300 secs] 372216K->372215K(372224K), [Perm : 13566K->13566K(21248K)], 0.1393560 secs] [Times: user=0.14 sys=0.00, real=0.14 secs] 
231.650: [Full GC231.650: [Tenured: 256701K->256682K(256704K), 0.1387280 secs] 372215K->372177K(372224K), [Perm : 13566K->13566K(21248K)], 0.1387570 secs] [Times: user=0.13 sys=0.00, real=0.14 secs] 
231.789: Total time for which application threads were stopped: 0.2784330 seconds, Stopping threads took: 0.0000050 seconds
231.789: Application time: 0.0002000 seconds
231.789: [Full GC231.789: [Tenured: 256703K->256703K(256704K), 0.1389110 secs] 372223K->372194K(372224K), [Perm : 13566K->13566K(21248K)], 0.1389410 secs] [Times: user=0.13 sys=0.00, real=0.14 secs] 
231.928: Total time for which application threads were stopped: 0.1392240 seconds, Stopping threads took: 0.0000060 seconds
231.928: Application time: 0.0002120 seconds
231.929: [Full GC231.929: [Tenured: 256703K->256686K(256704K), 0.1912070 secs] 372223K->372177K(372224K), [Perm : 13566K->13566K(21248K)], 0.1912420 secs] [Times: user=0.19 sys=0.00, real=0.19 secs] 
232.120: Total time for which application threads were stopped: 0.1915320 seconds, Stopping threads took: 0.0000070 seconds
232.120: Application time: 0.0002390 seconds
232.121: [Full GC232.121: [Tenured: 256704K->256704K(256704K), 0.1389570 secs] 372223K->372198K(372224K), [Perm : 13566K->13566K(21248K)], 0.1389890 secs] [Times: user=0.14 sys=0.00, real=0.14 secs] 
232.260: Total time for which application threads were stopped: 0.1394980 seconds, Stopping threads took: 0.0000070 seconds
232.260: Application time: 0.0001380 seconds
232.260: [Full GC232.260: [Tenured: 256704K->256704K(256704K), 0.1417840 secs] 372223K->372200K(372224K), [Perm : 13566K->13566K(21248K)], 0.1418150 secs] [Times: user=0.14 sys=0.00, real=0.14 secs] 
232.402: Total time for which application threads were stopped: 0.1420980 seconds, Stopping threads took: 0.0000060 seconds
232.402: Application time: 0.0001190 seconds
232.402: [Full GC232.402: [Tenured: 256704K->256704K(256704K), 0.1387630 secs] 372217K->372200K(372224K), [Perm : 13566K->13566K(21248K)], 0.1387920 secs] [Times: user=0.14 sys=0.00, real=0.14 secs] 
232.541: Total time for which application threads were stopped: 0.1390710 seconds, Stopping threads took: 0.0000060 seconds
232.541: Application time: 0.0000630 seconds
232.541: [Full GC232.541: [Tenured: 256704K->256686K(256704K), 0.1389510 secs] 372223K->372193K(372224K), [Perm : 13566K->13566K(21248K)], 0.1389800 secs] [Times: user=0.14 sys=0.00, real=0.14 secs] 
232.680: Total time for which application threads were stopped: 0.1392590 seconds, Stopping threads took: 0.0000050 seconds
232.681: Application time: 0.0001530 seconds
232.681: [Full GC232.681: [Tenured: 256703K->256703K(256704K), 0.1389350 secs] 372223K->372209K(372224K), [Perm : 13566K->13566K(21248K)], 0.1389660 secs] [Times: user=0.14 sys=0.00, real=0.14 secs] 
232.820: Total time for which application threads were stopped: 0.1392650 seconds, Stopping threads took: 0.0000060 seconds
232.820: Application time: 0.0001160 seconds
232.820: [Full GC232.820: [Tenured: 256703K->256703K(256704K), 0.1388730 secs] 372223K->372209K(372224K), [Perm : 13566K->13566K(21248K)], 0.1389030 secs] [Times: user=0.14 sys=0.00, real=0.13 secs] 
232.959: Total time for which application threads were stopped: 0.1391980 seconds, Stopping threads took: 0.0000180 seconds
232.959: Application time: 0.0000920 seconds
232.960: [Full GC232.960: [Tenured: 256703K->256703K(256704K), 0.1391980 secs] 372223K->372209K(372224K), [Perm : 13566K->13566K(21248K)], 0.1392380 secs] [Times: user=0.14 sys=0.00, real=0.13 secs] 
233.099: Total time for which application threads were stopped: 0.1395280 seconds, Stopping threads took: 0.0000060 seconds
233.099: Application time: 0.0000580 seconds
233.099: [Full GC233.099: [Tenured: 256703K->256686K(256704K), 0.1387870 secs] 372209K->372192K(372224K), [Perm : 13566K->13566K(21248K)], 0.1388170 secs] [Times: user=0.14 sys=0.00, real=0.14 secs] 
233.238: Total time for which application threads were stopped: 0.1390980 seconds, Stopping threads took: 0.0000050 seconds
233.238: Application time: 0.0001570 seconds
233.238: [Full GC233.238: [Tenured: 256704K->256704K(256704K), 0.1388870 secs] 372223K->372208K(372224K), [Perm : 13566K->13566K(21248K)], 0.1389170 secs] [Times: user=0.14 sys=0.00, real=0.14 secs] 
233.377: Total time for which application threads were stopped: 0.1392130 seconds, Stopping threads took: 0.0000050 seconds
233.378: Application time: 0.0001390 seconds
233.378: [Full GC233.378: [Tenured: 256704K->256704K(256704K), 0.1387890 secs] 372223K->372209K(372224K), [Perm : 13566K->13566K(21248K)], 0.1388200 secs] [Times: user=0.14 sys=0.00, real=0.14 secs] 
233.517: Total time for which application threads were stopped: 0.1391000 seconds, Stopping threads took: 0.0000050 seconds
233.517: Application time: 0.0001210 seconds
233.517: [Full GC233.517: [Tenured: 256704K->256704K(256704K), 0.1388440 secs] 372223K->372210K(372224K), [Perm : 13566K->13566K(21248K)], 0.1388730 secs] [Times: user=0.14 sys=0.00, real=0.14 secs] 
233.656: Total time for which application threads were stopped: 0.1391670 seconds, Stopping threads took: 0.0000180 seconds
233.656: Application time: 0.0001190 seconds
233.656: [Full GC233.656: [Tenured: 256704K->256676K(256704K), 0.1489180 secs] 372223K->372182K(372224K), [Perm : 13566K->13566K(21248K)], 0.1489510 secs] [Times: user=0.15 sys=0.00, real=0.15 secs] 
233.805: Total time for which application threads were stopped: 0.1492370 seconds, Stopping threads took: 0.0000060 seconds
233.806: Application time: 0.0003830 seconds
233.806: [Full GC233.806: [Tenured: 256703K->256703K(256704K), 0.1392480 secs] 372223K->372209K(372224K), [Perm : 13566K->13566K(21248K)], 0.1392850 secs] [Times: user=0.14 sys=0.00, real=0.14 secs] 
233.946: Total time for which application threads were stopped: 0.1398510 seconds, Stopping threads took: 0.0000900 seconds
233.946: Application time: 0.0001430 seconds
233.946: [Full GC233.946: [Tenured: 256703K->256703K(256704K), 0.1391420 secs] 372223K->372211K(372224K), [Perm : 13566K->13566K(21248K)], 0.1391720 secs] [Times: user=0.14 sys=0.00, real=0.14 secs] 
234.085: Total time for which application threads were stopped: 0.1394710 seconds, Stopping threads took: 0.0000190 seconds
234.085: Application time: 0.0001280 seconds
234.086: [Full GC234.086: [Tenured: 256703K->256703K(256704K), 0.1389880 secs] 372223K->372211K(372224K), [Perm : 13566K->13566K(21248K)], 0.1390170 secs] [Times: user=0.14 sys=0.00, real=0.14 secs] 
234.225: Total time for which application threads were stopped: 0.1393090 seconds, Stopping threads took: 0.0000170 seconds
234.225: Application time: 0.0001420 seconds
234.225: [Full GC234.225: [Tenured: 256703K->256692K(256704K), 0.1683270 secs] 372223K->372160K(372224K), [Perm : 13566K->13566K(21248K)], 0.1683640 secs] [Times: user=0.17 sys=0.00, real=0.17 secs] 
234.393: Total time for which application threads were stopped: 0.1686820 seconds, Stopping threads took: 0.0000230 seconds
234.394: Application time: 0.0003680 seconds
234.394: [Full GC234.394: [Tenured: 256703K->256703K(256704K), 0.1391520 secs] 372223K->372189K(372224K), [Perm : 13566K->13566K(21248K)], 0.1391830 secs] [Times: user=0.14 sys=0.00, real=0.14 secs] 
234.534: Total time for which application threads were stopped: 0.1397620 seconds, Stopping threads took: 0.0000790 seconds
234.534: Application time: 0.0002050 seconds
234.534: Total time for which application threads were stopped: 0.0003890 seconds, Stopping threads took: 0.0001080 seconds
234.534: Application time: 0.0000760 seconds
234.534: [Full GC234.534: [Tenured: 256703K->256703K(256704K), 0.1545520 secs] 372223K->372183K(372224K), [Perm : 13566K->13566K(21248K)], 0.1545900 secs] [Times: user=0.16 sys=0.00, real=0.16 secs] 
234.689: Total time for which application threads were stopped: 0.1548330 seconds, Stopping threads took: 0.0001100 seconds
234.689: Application time: 0.0002400 seconds
234.690: [Full GC234.690: [Tenured: 256703K->256703K(256704K), 0.1615760 secs] 372223K->372199K(372224K), [Perm : 13566K->13566K(21248K)], 0.1616140 secs] [Times: user=0.16 sys=0.00, real=0.16 secs] 
234.851: Total time for which application threads were stopped: 0.1619200 seconds, Stopping threads took: 0.0000190 seconds
234.851: Application time: 0.0002070 seconds
234.852: [Full GC234.852: [Tenured: 256703K->256697K(256704K), 0.2238880 secs] 372223K->372151K(372224K), [Perm : 13566K->13566K(21248K)], 0.2239250 secs] [Times: user=0.22 sys=0.00, real=0.22 secs] 
235.076: Total time for which application threads were stopped: 0.2244510 seconds, Stopping threads took: 0.0000530 seconds
235.076: Application time: 0.0002500 seconds
235.077: Total time for which application threads were stopped: 0.0006310 seconds, Stopping threads took: 0.0001550 seconds
235.077: Application time: 0.0001860 seconds
235.077: [Full GC235.077: [Tenured: 256703K->256703K(256704K), 0.1736030 secs] 372223K->372163K(372224K), [Perm : 13566K->13566K(21248K)], 0.1736420 secs] [Times: user=0.17 sys=0.00, real=0.18 secs] 
235.251: Total time for which application threads were stopped: 0.1738390 seconds, Stopping threads took: 0.0000900 seconds
235.251: Application time: 0.0003590 seconds
235.252: [Full GC235.252: [Tenured: 256703K->256703K(256704K), 0.1744480 secs] 372223K->372153K(372224K), [Perm : 13567K->13567K(21248K)], 0.1744900 secs] [Times: user=0.18 sys=0.00, real=0.17 secs] 
235.426: Total time for which application threads were stopped: 0.1750630 seconds, Stopping threads took: 0.0000790 seconds
235.427: Application time: 0.0006030 seconds
235.427: [Full GC235.427: [Tenured: 256703K->256703K(256704K), 0.1479720 secs] 372223K->372139K(372224K), [Perm : 13567K->13567K(21248K)], 0.1480100 secs] [Times: user=0.15 sys=0.00, real=0.15 secs] 
235.575: Total time for which application threads were stopped: 0.1484930 seconds, Stopping threads took: 0.0000270 seconds
235.576: Application time: 0.0007170 seconds
235.576: [Full GC235.576: [Tenured: 256703K->256694K(256704K), 0.2190940 secs] 372223K->361498K(372224K), [Perm : 13571K->13571K(21248K)], 0.2191290 secs] [Times: user=0.22 sys=0.00, real=0.22 secs] 
235.796: Total time for which application threads were stopped: 0.2196020 seconds, Stopping threads took: 0.0000280 seconds
235.796: Application time: 0.0001990 seconds
235.796: Total time for which application threads were stopped: 0.0004830 seconds, Stopping threads took: 0.0001400 seconds
235.796: Application time: 0.0000770 seconds
235.797: Total time for which application threads were stopped: 0.0001990 seconds, Stopping threads took: 0.0000930 seconds
235.798: Application time: 0.0009330 seconds
235.798: Total time for which application threads were stopped: 0.0001320 seconds, Stopping threads took: 0.0000510 seconds
235.800: Application time: 0.0021200 seconds
235.800: Total time for which application threads were stopped: 0.0001540 seconds, Stopping threads took: 0.0000100 seconds
235.803: Application time: 0.0028380 seconds
235.803: Total time for which application threads were stopped: 0.0002670 seconds, Stopping threads took: 0.0000110 seconds
235.810: Application time: 0.0069820 seconds
235.810: Total time for which application threads were stopped: 0.0003550 seconds, Stopping threads took: 0.0000130 seconds
235.811: Application time: 0.0001840 seconds
235.811: Total time for which application threads were stopped: 0.0000820 seconds, Stopping threads took: 0.0000080 seconds
235.827: Application time: 0.0159040 seconds
235.827: Total time for which application threads were stopped: 0.0004590 seconds, Stopping threads took: 0.0000690 seconds
235.837: Application time: 0.0105000 seconds
235.838: Total time for which application threads were stopped: 0.0002940 seconds, Stopping threads took: 0.0000060 seconds
235.846: Application time: 0.0077390 seconds
235.846: Total time for which application threads were stopped: 0.0002500 seconds, Stopping threads took: 0.0000060 seconds
235.941: Application time: 0.0949060 seconds
235.941: [Full GC235.941: [Tenured: 256704K->256704K(256704K), 0.1524600 secs] 372223K->364298K(372224K), [Perm : 17840K->17840K(21248K)], 0.1525080 secs] [Times: user=0.15 sys=0.00, real=0.15 secs] 
236.094: Total time for which application threads were stopped: 0.1529260 seconds, Stopping threads took: 0.0000080 seconds
236.190: Application time: 0.0960490 seconds
236.190: [Full GC236.190: [Tenured: 256704K->163420K(256704K), 0.1137740 secs] 372223K->163420K(372224K), [Perm : 20614K->20614K(21248K)], 0.1138100 secs] [Times: user=0.12 sys=0.00, real=0.11 secs] 
236.304: Total time for which application threads were stopped: 0.1142370 seconds, Stopping threads took: 0.0000130 seconds
236.320: Application time: 0.0159090 seconds
236.320: Total time for which application threads were stopped: 0.0004350 seconds, Stopping threads took: 0.0000150 seconds
236.379: Application time: 0.0589700 seconds
236.379: Total time for which application threads were stopped: 0.0001950 seconds, Stopping threads took: 0.0000200 seconds
Heap
 def new generation   total 115520K, used 24307K [0x00000000e3600000, 0x00000000eb350000, 0x00000000eb350000)
  eden space 102720K,  23% used [0x00000000e3600000, 0x00000000e4dbcc48, 0x00000000e9a50000)
  from space 12800K,   0% used [0x00000000e9a50000, 0x00000000e9a50000, 0x00000000ea6d0000)
  to   space 12800K,   0% used [0x00000000ea6d0000, 0x00000000ea6d0000, 0x00000000eb350000)
 tenured generation   total 256704K, used 163420K [0x00000000eb350000, 0x00000000fae00000, 0x00000000fae00000)
   the space 256704K,  63% used [0x00000000eb350000, 0x00000000f52e72b8, 0x00000000f52e7400, 0x00000000fae00000)
 compacting perm gen  total 21248K, used 20797K [0x00000000fae00000, 0x00000000fc2c0000, 0x0000000100000000)
   the space 21248K,  97% used [0x00000000fae00000, 0x00000000fc24f660, 0x00000000fc24f800, 0x00000000fc2c0000)
No shared spaces configured.
236.380: Application time: 0.0002110 seconds
