Java HotSpot(TM) 64-Bit Server VM (24.80-b11) for linux-amd64 JRE (1.7.0_80-b15), built on Apr 10 2015 19:53:14 by "java_re" with gcc 4.3.0 20080428 (Red Hat 4.3.0-8)
Memory: 4k page, physical 8000092k(6193396k free), swap 8218620k(8218620k free)
CommandLine flags: -XX:InitialHeapSize=61589504 -XX:MaxHeapSize=61589504 -XX:+PrintGC -XX:+PrintGCApplicationConcurrentTime -XX:+PrintGCApplicationStoppedTime -XX:+PrintGCDetails -XX:+PrintGCTimeStamps -XX:-UseAdaptiveSizePolicy -XX:+UseCompressedOops -XX:+UseSerialGC 
1.008: Application time: 0.9864890 seconds
1.008: Total time for which application threads were stopped: 0.0000420 seconds, Stopping threads took: 0.0000110 seconds
4.027: Application time: 3.0189570 seconds
4.028: Total time for which application threads were stopped: 0.0000650 seconds, Stopping threads took: 0.0000100 seconds
14.641: Application time: 10.6132820 seconds
14.641: Total time for which application threads were stopped: 0.0000220 seconds, Stopping threads took: 0.0000070 seconds
14.641: Application time: 0.0000630 seconds
14.641: Total time for which application threads were stopped: 0.0000240 seconds, Stopping threads took: 0.0000180 seconds
14.642: Application time: 0.0014880 seconds
14.642: Total time for which application threads were stopped: 0.0000240 seconds, Stopping threads took: 0.0000180 seconds
14.662: Application time: 0.0196380 seconds
14.662: Total time for which application threads were stopped: 0.0000390 seconds, Stopping threads took: 0.0000100 seconds
14.674: Application time: 0.0121660 seconds
14.674: [Full GC14.674: [Tenured: 0K->3145K(40128K), 0.0088400 secs] 9548K->3145K(58176K), [Perm : 5075K->5075K(21248K)], 0.0088980 secs] [Times: user=0.01 sys=0.00, real=0.00 secs] 
14.683: Total time for which application threads were stopped: 0.0089610 seconds, Stopping threads took: 0.0000170 seconds
14.683: Application time: 0.0000740 seconds
14.683: [Full GC14.683: [Tenured: 3145K->3145K(40128K), 0.0058630 secs] 3145K->3145K(58240K), [Perm : 5075K->5075K(21248K)], 0.0058900 secs] [Times: user=0.00 sys=0.00, real=0.01 secs] 
14.689: Total time for which application threads were stopped: 0.0059510 seconds, Stopping threads took: 0.0000190 seconds
14.689: Application time: 0.0002110 seconds
14.690: Total time for which application threads were stopped: 0.0000810 seconds, Stopping threads took: 0.0000470 seconds
14.690: Application time: 0.0000720 seconds
14.690: Total time for which application threads were stopped: 0.0000270 seconds, Stopping threads took: 0.0000200 seconds
14.690: Application time: 0.0000330 seconds
14.690: Total time for which application threads were stopped: 0.0000370 seconds, Stopping threads took: 0.0000330 seconds
14.690: Application time: 0.0000230 seconds
14.690: Total time for which application threads were stopped: 0.0000140 seconds, Stopping threads took: 0.0000100 seconds
14.690: Application time: 0.0000170 seconds
14.690: Total time for which application threads were stopped: 0.0000180 seconds, Stopping threads took: 0.0000150 seconds
14.690: Application time: 0.0000140 seconds
14.690: Total time for which application threads were stopped: 0.0000130 seconds, Stopping threads took: 0.0000100 seconds
14.690: Application time: 0.0000100 seconds
14.690: Total time for which application threads were stopped: 0.0000150 seconds, Stopping threads took: 0.0000110 seconds
14.690: Application time: 0.0000100 seconds
14.690: Total time for which application threads were stopped: 0.0000120 seconds, Stopping threads took: 0.0000090 seconds
14.690: Application time: 0.0000110 seconds
14.690: Total time for which application threads were stopped: 0.0000120 seconds, Stopping threads took: 0.0000080 seconds
14.690: Application time: 0.0000100 seconds
14.690: Total time for which application threads were stopped: 0.0000150 seconds, Stopping threads took: 0.0000110 seconds
14.690: Application time: 0.0000110 seconds
14.690: Total time for which application threads were stopped: 0.0000140 seconds, Stopping threads took: 0.0000100 seconds
14.690: Application time: 0.0000100 seconds
14.690: Total time for which application threads were stopped: 0.0000120 seconds, Stopping threads took: 0.0000080 seconds
14.690: Application time: 0.0000110 seconds
14.690: Total time for which application threads were stopped: 0.0000180 seconds, Stopping threads took: 0.0000150 seconds
14.690: Application time: 0.0000100 seconds
14.690: Total time for which application threads were stopped: 0.0000180 seconds, Stopping threads took: 0.0000150 seconds
14.690: Application time: 0.0000090 seconds
14.690: Total time for which application threads were stopped: 0.0000150 seconds, Stopping threads took: 0.0000120 seconds
14.690: Application time: 0.0000100 seconds
14.690: Total time for which application threads were stopped: 0.0000150 seconds, Stopping threads took: 0.0000110 seconds
14.690: Application time: 0.0000110 seconds
14.690: Total time for which application threads were stopped: 0.0000150 seconds, Stopping threads took: 0.0000110 seconds
14.690: Application time: 0.0000110 seconds
14.690: Total time for which application threads were stopped: 0.0000150 seconds, Stopping threads took: 0.0000120 seconds
14.690: Application time: 0.0000080 seconds
14.690: Total time for which application threads were stopped: 0.0000110 seconds, Stopping threads took: 0.0000080 seconds
14.690: Application time: 0.0000080 seconds
14.690: Total time for which application threads were stopped: 0.0000210 seconds, Stopping threads took: 0.0000100 seconds
14.718: Application time: 0.0277630 seconds
14.718: Total time for which application threads were stopped: 0.0000580 seconds, Stopping threads took: 0.0000140 seconds
14.738: Application time: 0.0202330 seconds
14.738: Total time for which application threads were stopped: 0.0000280 seconds, Stopping threads took: 0.0000080 seconds
14.756: Application time: 0.0181110 seconds
14.756: Total time for which application threads were stopped: 0.0000440 seconds, Stopping threads took: 0.0000350 seconds
14.757: Application time: 0.0002070 seconds
14.757: Total time for which application threads were stopped: 0.0000750 seconds, Stopping threads took: 0.0000670 seconds
14.757: Application time: 0.0005170 seconds
14.757: Total time for which application threads were stopped: 0.0000240 seconds, Stopping threads took: 0.0000150 seconds
14.757: Application time: 0.0000320 seconds
14.757: Total time for which application threads were stopped: 0.0000290 seconds, Stopping threads took: 0.0000210 seconds
14.757: Application time: 0.0000230 seconds
14.757: Total time for which application threads were stopped: 0.0000290 seconds, Stopping threads took: 0.0000220 seconds
14.757: Application time: 0.0000500 seconds
14.757: Total time for which application threads were stopped: 0.0000340 seconds, Stopping threads took: 0.0000240 seconds
14.758: Application time: 0.0005940 seconds
14.758: Total time for which application threads were stopped: 0.0000210 seconds, Stopping threads took: 0.0000120 seconds
14.758: Application time: 0.0000460 seconds
14.758: Total time for which application threads were stopped: 0.0000350 seconds, Stopping threads took: 0.0000250 seconds
14.758: Application time: 0.0000320 seconds
14.758: Total time for which application threads were stopped: 0.0000330 seconds, Stopping threads took: 0.0000240 seconds
14.758: Application time: 0.0000650 seconds
14.758: Total time for which application threads were stopped: 0.0000180 seconds, Stopping threads took: 0.0000130 seconds
14.758: Application time: 0.0000110 seconds
14.758: Total time for which application threads were stopped: 0.0000080 seconds, Stopping threads took: 0.0000030 seconds
14.758: Application time: 0.0000100 seconds
14.758: Total time for which application threads were stopped: 0.0000070 seconds, Stopping threads took: 0.0000020 seconds
14.758: Application time: 0.0000140 seconds
14.758: Total time for which application threads were stopped: 0.0000080 seconds, Stopping threads took: 0.0000030 seconds
14.759: Application time: 0.0001010 seconds
14.759: Total time for which application threads were stopped: 0.0000070 seconds, Stopping threads took: 0.0000030 seconds
14.759: Application time: 0.0002950 seconds
14.759: Total time for which application threads were stopped: 0.0000270 seconds, Stopping threads took: 0.0000150 seconds
14.761: Application time: 0.0025480 seconds
14.761: Total time for which application threads were stopped: 0.0000460 seconds, Stopping threads took: 0.0000310 seconds
14.762: Application time: 0.0002510 seconds
14.762: Total time for which application threads were stopped: 0.0000420 seconds, Stopping threads took: 0.0000280 seconds
14.762: Application time: 0.0004020 seconds
14.762: Total time for which application threads were stopped: 0.0000280 seconds, Stopping threads took: 0.0000200 seconds
14.762: Application time: 0.0000390 seconds
14.762: Total time for which application threads were stopped: 0.0000120 seconds, Stopping threads took: 0.0000040 seconds
14.788: Application time: 0.0254020 seconds
14.788: Total time for which application threads were stopped: 0.0000240 seconds, Stopping threads took: 0.0000090 seconds
14.788: Application time: 0.0001150 seconds
14.788: Total time for which application threads were stopped: 0.0000410 seconds, Stopping threads took: 0.0000100 seconds
14.788: Application time: 0.0000720 seconds
14.788: Total time for which application threads were stopped: 0.0000140 seconds, Stopping threads took: 0.0000030 seconds
14.788: Application time: 0.0001410 seconds
14.788: Total time for which application threads were stopped: 0.0000240 seconds, Stopping threads took: 0.0000150 seconds
14.788: Application time: 0.0000810 seconds
14.788: Total time for which application threads were stopped: 0.0000250 seconds, Stopping threads took: 0.0000140 seconds
14.788: Application time: 0.0000530 seconds
14.788: Total time for which application threads were stopped: 0.0000160 seconds, Stopping threads took: 0.0000050 seconds
14.789: Application time: 0.0003110 seconds
14.789: Total time for which application threads were stopped: 0.0000590 seconds, Stopping threads took: 0.0000110 seconds
14.813: Application time: 0.0245570 seconds
14.813: Total time for which application threads were stopped: 0.0002350 seconds, Stopping threads took: 0.0001880 seconds
14.814: Application time: 0.0006430 seconds
14.814: Total time for which application threads were stopped: 0.0000270 seconds, Stopping threads took: 0.0000160 seconds
14.862: Application time: 0.0474250 seconds
14.862: [GC14.862: [DefNew: 16128K->1983K(18112K), 0.0032210 secs] 19273K->7555K(58240K), 0.0032540 secs] [Times: user=0.01 sys=0.00, real=0.00 secs] 
14.865: Total time for which application threads were stopped: 0.0033630 seconds, Stopping threads took: 0.0000380 seconds
14.865: Application time: 0.0000820 seconds
14.865: Total time for which application threads were stopped: 0.0000550 seconds, Stopping threads took: 0.0000370 seconds
14.865: Application time: 0.0000210 seconds
14.865: Total time for which application threads were stopped: 0.0000240 seconds, Stopping threads took: 0.0000170 seconds
14.865: Application time: 0.0000210 seconds
14.865: Total time for which application threads were stopped: 0.0000340 seconds, Stopping threads took: 0.0000240 seconds
14.865: Application time: 0.0000150 seconds
14.865: Total time for which application threads were stopped: 0.0000240 seconds, Stopping threads took: 0.0000160 seconds
14.865: Application time: 0.0000180 seconds
14.865: Total time for which application threads were stopped: 0.0000220 seconds, Stopping threads took: 0.0000140 seconds
14.865: Application time: 0.0000180 seconds
14.865: Total time for which application threads were stopped: 0.0000230 seconds, Stopping threads took: 0.0000170 seconds
14.865: Application time: 0.0000130 seconds
14.865: Total time for which application threads were stopped: 0.0000210 seconds, Stopping threads took: 0.0000150 seconds
14.865: Application time: 0.0000100 seconds
14.865: Total time for which application threads were stopped: 0.0000100 seconds, Stopping threads took: 0.0000060 seconds
14.865: Application time: 0.0000100 seconds
14.865: Total time for which application threads were stopped: 0.0000200 seconds, Stopping threads took: 0.0000140 seconds
14.865: Application time: 0.0000110 seconds
14.865: Total time for which application threads were stopped: 0.0000160 seconds, Stopping threads took: 0.0000110 seconds
14.865: Application time: 0.0000110 seconds
14.865: Total time for which application threads were stopped: 0.0000100 seconds, Stopping threads took: 0.0000050 seconds
14.865: Application time: 0.0000110 seconds
14.865: Total time for which application threads were stopped: 0.0000240 seconds, Stopping threads took: 0.0000180 seconds
14.865: Application time: 0.0000120 seconds
14.865: Total time for which application threads were stopped: 0.0000240 seconds, Stopping threads took: 0.0000190 seconds
14.865: Application time: 0.0000110 seconds
14.866: Total time for which application threads were stopped: 0.0000190 seconds, Stopping threads took: 0.0000140 seconds
14.866: Application time: 0.0000130 seconds
14.866: Total time for which application threads were stopped: 0.0000160 seconds, Stopping threads took: 0.0000110 seconds
14.873: Application time: 0.0074460 seconds
14.873: [GC14.873: [DefNew: 18110K->1431K(18112K), 0.0051330 secs] 23681K->20335K(58240K), 0.0051830 secs] [Times: user=0.00 sys=0.00, real=0.01 secs] 
14.878: Total time for which application threads were stopped: 0.0053870 seconds, Stopping threads took: 0.0001340 seconds
14.884: Application time: 0.0051770 seconds
14.884: [GC14.884: [DefNew: 17431K->1426K(18112K), 0.0038120 secs] 36335K->31024K(58240K), 0.0038570 secs] [Times: user=0.00 sys=0.00, real=0.01 secs] 
14.888: Total time for which application threads were stopped: 0.0041250 seconds, Stopping threads took: 0.0001910 seconds
14.893: Application time: 0.0050190 seconds
14.893: [GC14.893: [DefNew: 17315K->17315K(18112K), 0.0000090 secs]14.893: [Tenured: 29597K->26745K(40128K), 0.0119120 secs] 46913K->26745K(58240K), [Perm : 6054K->6054K(21248K)], 0.0119910 secs] [Times: user=0.01 sys=0.00, real=0.01 secs] 
14.905: Total time for which application threads were stopped: 0.0121360 seconds, Stopping threads took: 0.0000730 seconds
14.905: Application time: 0.0001260 seconds
14.905: Total time for which application threads were stopped: 0.0002180 seconds, Stopping threads took: 0.0001960 seconds
14.910: Application time: 0.0049090 seconds
14.910: [GC14.910: [DefNew: 15859K->1425K(18432K), 0.0042900 secs] 42604K->40995K(59392K), 0.0043310 secs] [Times: user=0.00 sys=0.00, real=0.01 secs] 
14.915: Total time for which application threads were stopped: 0.0046400 seconds, Stopping threads took: 0.0002170 seconds
14.915: Application time: 0.0000750 seconds
14.915: Total time for which application threads were stopped: 0.0001380 seconds, Stopping threads took: 0.0001210 seconds
14.915: Application time: 0.0000390 seconds
14.915: Total time for which application threads were stopped: 0.0000300 seconds, Stopping threads took: 0.0000210 seconds
14.915: Application time: 0.0000290 seconds
14.915: Total time for which application threads were stopped: 0.0000590 seconds, Stopping threads took: 0.0000160 seconds
14.920: Application time: 0.0049930 seconds
14.921: [GC14.921: [DefNew: 17221K->17221K(18432K), 0.0000100 secs]14.921: [Tenured: 39570K->21913K(40960K), 0.0121020 secs] 56791K->21913K(59392K), [Perm : 6054K->6040K(21248K)], 0.0121620 secs] [Times: user=0.01 sys=0.00, real=0.01 secs] 
14.933: Total time for which application threads were stopped: 0.0127090 seconds, Stopping threads took: 0.0004780 seconds
14.939: Application time: 0.0058130 seconds
14.939: [GC14.939: [DefNew: 15754K->1425K(18432K), 0.0031790 secs] 37667K->33313K(59392K), 0.0032170 secs] [Times: user=0.00 sys=0.00, real=0.00 secs] 
14.942: Total time for which application threads were stopped: 0.0035250 seconds, Stopping threads took: 0.0002420 seconds
14.947: Application time: 0.0049670 seconds
14.947: [GC14.947: [DefNew: 17152K->17152K(18432K), 0.0000090 secs]14.947: [Tenured: 31888K->24050K(40960K), 0.0110750 secs] 49040K->24050K(59392K), [Perm : 6040K->6040K(21248K)], 0.0111340 secs] [Times: user=0.01 sys=0.00, real=0.01 secs] 
14.959: Total time for which application threads were stopped: 0.0113940 seconds, Stopping threads took: 0.0001640 seconds
14.963: Application time: 0.0049480 seconds
14.964: [GC14.964: [DefNew: 15709K->1425K(18432K), 0.0038270 secs] 39760K->37588K(59392K), 0.0038720 secs] [Times: user=0.01 sys=0.00, real=0.01 secs] 
14.968: Total time for which application threads were stopped: 0.0043360 seconds, Stopping threads took: 0.0003750 seconds
14.973: Application time: 0.0052410 seconds
14.973: [GC14.973: [DefNew: 17123K->17123K(18432K), 0.0000090 secs]14.973: [Tenured: 36163K->23338K(40960K), 0.0108820 secs] 53286K->23338K(59392K), [Perm : 6040K->6040K(21248K)], 0.0109400 secs] [Times: user=0.01 sys=0.00, real=0.00 secs] 
14.984: Total time for which application threads were stopped: 0.0112700 seconds, Stopping threads took: 0.0002550 seconds
14.989: Application time: 0.0050820 seconds
14.990: [GC14.990: [DefNew: 15693K->1425K(18432K), 0.0037180 secs] 39031K->36163K(59392K), 0.0037580 secs] [Times: user=0.00 sys=0.00, real=0.01 secs] 
14.994: Total time for which application threads were stopped: 0.0041500 seconds, Stopping threads took: 0.0003050 seconds
14.999: Application time: 0.0056550 seconds
14.999: [GC14.999: [DefNew: 17116K->17116K(18432K), 0.0000100 secs]14.999: [Tenured: 34738K->24763K(40960K), 0.0103370 secs] 51855K->24763K(59392K), [Perm : 6040K->6040K(21248K)], 0.0103950 secs] [Times: user=0.01 sys=0.00, real=0.01 secs] 
15.010: Total time for which application threads were stopped: 0.0105320 seconds, Stopping threads took: 0.0000700 seconds
15.015: Application time: 0.0048310 seconds
15.015: [GC15.015: [DefNew: 15691K->1425K(18432K), 0.0041500 secs] 40454K->38301K(59392K), 0.0041910 secs] [Times: user=0.00 sys=0.00, real=0.00 secs] 
15.019: Total time for which application threads were stopped: 0.0045230 seconds, Stopping threads took: 0.0002620 seconds
15.024: Application time: 0.0049110 seconds
15.024: [GC15.024: [DefNew: 17133K->17133K(18432K), 0.0000100 secs]15.024: [Tenured: 36875K->24050K(40960K), 0.0106040 secs] 54009K->24050K(59392K), [Perm : 6040K->6040K(21248K)], 0.0106640 secs] [Times: user=0.01 sys=0.00, real=0.02 secs] 
15.035: Total time for which application threads were stopped: 0.0109600 seconds, Stopping threads took: 0.0002230 seconds
15.041: Application time: 0.0054980 seconds
15.041: [GC15.041: [DefNew: 15710K->1427K(18432K), 0.0036790 secs] 39761K->36878K(59392K), 0.0037210 secs] [Times: user=0.00 sys=0.00, real=0.00 secs] 
15.044: Total time for which application threads were stopped: 0.0039130 seconds, Stopping threads took: 0.0001230 seconds
15.050: Application time: 0.0052280 seconds
15.050: [GC15.050: [DefNew: 17123K->17123K(18432K), 0.0000090 secs]15.050: [Tenured: 35450K->26191K(40960K), 0.0112670 secs] 52574K->26191K(59392K), [Perm : 6040K->6040K(21248K)], 0.0113270 secs] [Times: user=0.01 sys=0.00, real=0.01 secs] 
15.062: Total time for which application threads were stopped: 0.0119600 seconds, Stopping threads took: 0.0005410 seconds
15.067: Application time: 0.0050250 seconds
15.067: [GC15.067: [DefNew: 15691K->15691K(18432K), 0.0000110 secs]15.067: [Tenured: 26191K->28328K(40960K), 0.0108860 secs] 41883K->28328K(59392K), [Perm : 6040K->6040K(21248K)], 0.0109490 secs] [Times: user=0.01 sys=0.00, real=0.01 secs] 
15.078: Total time for which application threads were stopped: 0.0113110 seconds, Stopping threads took: 0.0002800 seconds
15.083: Application time: 0.0047590 seconds
15.083: [GC15.083: [DefNew: 15697K->15697K(18432K), 0.0000100 secs]15.083: [Tenured: 28328K->31179K(40960K), 0.0114030 secs] 44026K->31179K(59392K), [Perm : 6040K->6040K(21248K)], 0.0114620 secs] [Times: user=0.01 sys=0.00, real=0.02 secs] 
15.095: Total time for which application threads were stopped: 0.0117100 seconds, Stopping threads took: 0.0001580 seconds
15.100: Application time: 0.0052450 seconds
15.100: [GC15.100: [DefNew: 15691K->15691K(18432K), 0.0000090 secs]15.100: [Tenured: 31179K->30463K(40960K), 0.0121870 secs] 46871K->30463K(59392K), [Perm : 6040K->6040K(21248K)], 0.0122450 secs] [Times: user=0.02 sys=0.00, real=0.01 secs] 
15.112: Total time for which application threads were stopped: 0.0126140 seconds, Stopping threads took: 0.0002710 seconds
15.118: Application time: 0.0055540 seconds
15.118: [GC15.118: [DefNew: 15691K->15691K(18432K), 0.0000100 secs]15.118: [Tenured: 30463K->29038K(40960K), 0.0106580 secs] 46154K->29038K(59392K), [Perm : 6040K->6040K(21248K)], 0.0107180 secs] [Times: user=0.01 sys=0.00, real=0.01 secs] 
15.129: Total time for which application threads were stopped: 0.0109920 seconds, Stopping threads took: 0.0001840 seconds
15.134: Application time: 0.0052160 seconds
15.134: [GC15.134: [DefNew: 15691K->15691K(18432K), 0.0000110 secs]15.134: [Tenured: 29038K->29750K(40960K), 0.0116330 secs] 44729K->29750K(59392K), [Perm : 6040K->6040K(21248K)], 0.0116950 secs] [Times: user=0.01 sys=0.00, real=0.01 secs] 
15.146: Total time for which application threads were stopped: 0.0119900 seconds, Stopping threads took: 0.0002040 seconds
15.152: Application time: 0.0054580 seconds
15.152: [GC15.152: [DefNew: 15691K->15691K(18432K), 0.0000090 secs]15.152: [Tenured: 29750K->29750K(40960K), 0.0102380 secs] 45442K->29750K(59392K), [Perm : 6040K->6040K(21248K)], 0.0102950 secs] [Times: user=0.01 sys=0.00, real=0.01 secs] 
15.162: Total time for which application threads were stopped: 0.0105910 seconds, Stopping threads took: 0.0001950 seconds
15.167: Application time: 0.0050300 seconds
15.168: [GC15.168: [DefNew: 15691K->15691K(18432K), 0.0000100 secs]15.168: [Tenured: 29750K->29750K(40960K), 0.0108390 secs] 45442K->29750K(59392K), [Perm : 6040K->6040K(21248K)], 0.0108990 secs] [Times: user=0.01 sys=0.00, real=0.01 secs] 
15.178: Total time for which application threads were stopped: 0.0111680 seconds, Stopping threads took: 0.0001980 seconds
15.184: Application time: 0.0053040 seconds
15.184: [GC15.184: [DefNew: 15691K->15691K(18432K), 0.0000100 secs]15.184: [Tenured: 29750K->27613K(40960K), 0.0097920 secs] 45442K->27613K(59392K), [Perm : 6040K->6040K(21248K)], 0.0098500 secs] [Times: user=0.01 sys=0.00, real=0.02 secs] 
15.194: Total time for which application threads were stopped: 0.0101330 seconds, Stopping threads took: 0.0001960 seconds
15.200: Application time: 0.0058070 seconds
15.200: [GC15.200: [DefNew: 15691K->15691K(18432K), 0.0000100 secs]15.200: [Tenured: 27613K->26188K(40960K), 0.0097940 secs] 43304K->26188K(59392K), [Perm : 6040K->6040K(21248K)], 0.0098540 secs] [Times: user=0.01 sys=0.00, real=0.01 secs] 
15.210: Total time for which application threads were stopped: 0.0102210 seconds, Stopping threads took: 0.0002930 seconds
15.215: Application time: 0.0051070 seconds
15.216: [GC15.216: [DefNew: 15691K->1425K(18432K), 0.0032370 secs] 41879K->37588K(59392K), 0.0032780 secs] [Times: user=0.00 sys=0.00, real=0.00 secs] 
15.219: Total time for which application threads were stopped: 0.0037880 seconds, Stopping threads took: 0.0004190 seconds
15.225: Application time: 0.0061480 seconds
15.225: [GC15.225: [DefNew: 17142K->17142K(18432K), 0.0000110 secs]15.225: [Tenured: 36163K->21913K(40960K), 0.0118490 secs] 53305K->21913K(59392K), [Perm : 6040K->6040K(21248K)], 0.0119090 secs] [Times: user=0.01 sys=0.00, real=0.02 secs] 
15.237: Total time for which application threads were stopped: 0.0121520 seconds, Stopping threads took: 0.0001710 seconds
15.243: Application time: 0.0061580 seconds
15.244: [GC15.244: [DefNew: 15691K->1425K(18432K), 0.0030460 secs] 37604K->30463K(59392K), 0.0030900 secs] [Times: user=0.00 sys=0.00, real=0.01 secs] 
15.247: Total time for which application threads were stopped: 0.0038430 seconds, Stopping threads took: 0.0006710 seconds
15.253: Application time: 0.0057080 seconds
15.253: [GC15.254: [DefNew: 17134K->17134K(18432K), 0.0000110 secs]15.254: [Tenured: 29038K->20487K(40960K), 0.0113860 secs] 46172K->20487K(59392K), [Perm : 6040K->6040K(21248K)], 0.0114490 secs] [Times: user=0.01 sys=0.00, real=0.00 secs] 
15.265: Total time for which application threads were stopped: 0.0120650 seconds, Stopping threads took: 0.0005400 seconds
15.271: Application time: 0.0055710 seconds
15.271: [GC15.271: [DefNew: 15700K->1427K(18432K), 0.0038480 secs] 36188K->33315K(59392K), 0.0038940 secs] [Times: user=0.00 sys=0.00, real=0.01 secs] 
15.275: Total time for which application threads were stopped: 0.0041120 seconds, Stopping threads took: 0.0001510 seconds
15.280: Application time: 0.0052110 seconds
15.280: [GC15.280: [DefNew: 17134K->17134K(18432K), 0.0000100 secs]15.280: [Tenured: 31888K->21914K(40960K), 0.0111740 secs] 49022K->21914K(59392K), [Perm : 6040K->6040K(21248K)], 0.0112330 secs] [Times: user=0.02 sys=0.00, real=0.01 secs] 
15.291: Total time for which application threads were stopped: 0.0115760 seconds, Stopping threads took: 0.0002720 seconds
15.296: Application time: 0.0048420 seconds
15.297: [GC15.297: [DefNew: 15692K->1425K(18432K), 0.0029630 secs] 37606K->32602K(59392K), 0.0030070 secs] [Times: user=0.00 sys=0.00, real=0.00 secs] 
15.300: Total time for which application threads were stopped: 0.0036980 seconds, Stopping threads took: 0.0006020 seconds
15.305: Application time: 0.0052860 seconds
15.305: [GC15.306: [DefNew: 17117K->17117K(18432K), 0.0000090 secs]15.306: [Tenured: 31177K->25477K(40960K), 0.0100610 secs] 48295K->25477K(59392K), [Perm : 6040K->6040K(21248K)], 0.0101180 secs] [Times: user=0.01 sys=0.00, real=0.01 secs] 
15.316: Total time for which application threads were stopped: 0.0103470 seconds, Stopping threads took: 0.0001600 seconds
15.320: Application time: 0.0048110 seconds
15.321: [GC15.321: [DefNew: 15692K->15692K(18432K), 0.0000100 secs]15.321: [Tenured: 25477K->24764K(40960K), 0.0108990 secs] 41169K->24764K(59392K), [Perm : 6040K->6040K(21248K)], 0.0109580 secs] [Times: user=0.01 sys=0.01, real=0.01 secs] 
15.332: Total time for which application threads were stopped: 0.0113990 seconds, Stopping threads took: 0.0003530 seconds
15.337: Application time: 0.0054250 seconds
15.338: [GC15.338: [DefNew: 15693K->1425K(18432K), 0.0033110 secs] 40457K->36166K(59392K), 0.0033530 secs] [Times: user=0.00 sys=0.00, real=0.00 secs] 
15.341: Total time for which application threads were stopped: 0.0036060 seconds, Stopping threads took: 0.0001670 seconds
15.346: Application time: 0.0047140 seconds
15.346: [GC15.346: [DefNew: 17118K->17118K(18432K), 0.0000100 secs]15.346: [Tenured: 34741K->24052K(40960K), 0.0123940 secs] 51859K->24052K(59392K), [Perm : 6040K->6040K(21248K)], 0.0124520 secs] [Times: user=0.02 sys=0.00, real=0.01 secs] 
15.359: Total time for which application threads were stopped: 0.0129690 seconds, Stopping threads took: 0.0004300 seconds
15.364: Application time: 0.0051760 seconds
15.364: [GC15.364: [DefNew: 15693K->1425K(18432K), 0.0036900 secs] 39746K->36879K(59392K), 0.0037320 secs] [Times: user=0.00 sys=0.00, real=0.01 secs] 
15.368: Total time for which application threads were stopped: 0.0041080 seconds, Stopping threads took: 0.0002880 seconds
15.372: Application time: 0.0046100 seconds
15.373: [GC15.373: [DefNew: 17119K->17119K(18432K), 0.0000090 secs]15.373: [Tenured: 35454K->23340K(40960K), 0.0102320 secs] 52573K->23340K(59392K), [Perm : 6041K->6041K(21248K)], 0.0102920 secs] [Times: user=0.01 sys=0.00, real=0.01 secs] 
15.383: Total time for which application threads were stopped: 0.0105800 seconds, Stopping threads took: 0.0001990 seconds
15.388: Application time: 0.0051320 seconds
15.389: [GC15.389: [DefNew: 15693K->1425K(18432K), 0.0032630 secs] 39034K->34742K(59392K), 0.0033040 secs] [Times: user=0.01 sys=0.00, real=0.00 secs] 
15.392: Total time for which application threads were stopped: 0.0037240 seconds, Stopping threads took: 0.0003290 seconds
15.397: Application time: 0.0048860 seconds
15.397: [GC15.397: [DefNew: 17119K->17119K(18432K), 0.0000090 secs]15.397: [Tenured: 33317K->24053K(40960K), 0.0100890 secs] 50436K->24053K(59392K), [Perm : 6041K->6041K(21248K)], 0.0101470 secs] [Times: user=0.01 sys=0.00, real=0.01 secs] 
15.407: Total time for which application threads were stopped: 0.0102870 seconds, Stopping threads took: 0.0000610 seconds
15.412: Application time: 0.0050390 seconds
15.413: [GC15.413: [DefNew: 15692K->1425K(18432K), 0.0033940 secs] 39745K->36168K(59392K), 0.0034450 secs] [Times: user=0.00 sys=0.00, real=0.01 secs] 
15.416: Total time for which application threads were stopped: 0.0040100 seconds, Stopping threads took: 0.0004740 seconds
15.421: Application time: 0.0049620 seconds
15.422: [GC15.422: [DefNew: 17120K->17120K(18432K), 0.0000100 secs]15.422: [Tenured: 34743K->23341K(40960K), 0.0103600 secs] 51863K->23341K(59392K), [Perm : 6041K->6041K(21248K)], 0.0104190 secs] [Times: user=0.01 sys=0.00, real=0.01 secs] 
15.432: Total time for which application threads were stopped: 0.0109000 seconds, Stopping threads took: 0.0003950 seconds
15.437: Application time: 0.0051400 seconds
15.438: [GC15.438: [DefNew: 15701K->1426K(18432K), 0.0035590 secs] 39042K->36170K(59392K), 0.0035990 secs] [Times: user=0.01 sys=0.00, real=0.00 secs] 
15.441: Total time for which application threads were stopped: 0.0039990 seconds, Stopping threads took: 0.0003110 seconds
15.446: Application time: 0.0046050 seconds
15.446: [GC15.446: [DefNew: 17127K->17127K(18432K), 0.0000100 secs]15.446: [Tenured: 34744K->24767K(40960K), 0.0113880 secs] 51871K->24767K(59392K), [Perm : 6041K->6041K(21248K)], 0.0114490 secs] [Times: user=0.01 sys=0.00, real=0.01 secs] 
15.458: Total time for which application threads were stopped: 0.0117760 seconds, Stopping threads took: 0.0002360 seconds
15.463: Application time: 0.0049940 seconds
15.463: [GC15.463: [DefNew: 15701K->1426K(18432K), 0.0034350 secs] 40468K->36883K(59392K), 0.0034780 secs] [Times: user=0.01 sys=0.00, real=0.01 secs] 
15.466: Total time for which application threads were stopped: 0.0037790 seconds, Stopping threads took: 0.0002120 seconds
15.472: Application time: 0.0051840 seconds
15.472: [GC15.472: [DefNew: 17134K->17134K(18432K), 0.0000090 secs]15.472: [Tenured: 35457K->25482K(40960K), 0.0110130 secs] 52591K->25482K(59392K), [Perm : 6041K->6041K(21248K)], 0.0110730 secs] [Times: user=0.01 sys=0.00, real=0.01 secs] 
15.483: Total time for which application threads were stopped: 0.0113240 seconds, Stopping threads took: 0.0001800 seconds
15.488: Application time: 0.0048080 seconds
15.488: [GC15.488: [DefNew: 15701K->15701K(18432K), 0.0000110 secs]15.488: [Tenured: 25482K->26908K(40960K), 0.0119510 secs] 41184K->26908K(59392K), [Perm : 6041K->6041K(21248K)], 0.0120140 secs] [Times: user=0.02 sys=0.00, real=0.01 secs] 
15.500: Total time for which application threads were stopped: 0.0123150 seconds, Stopping threads took: 0.0002120 seconds
15.505: Application time: 0.0046220 seconds
15.505: [GC15.505: [DefNew: 15707K->15707K(18432K), 0.0000090 secs]15.505: [Tenured: 26908K->29048K(40960K), 0.0099420 secs] 42616K->29048K(59392K), [Perm : 6041K->6041K(21248K)], 0.0100000 secs] [Times: user=0.01 sys=0.00, real=0.02 secs] 
15.515: Total time for which application threads were stopped: 0.0105410 seconds, Stopping threads took: 0.0004720 seconds
15.521: Application time: 0.0055310 seconds
15.521: [GC15.521: [DefNew: 15694K->15694K(18432K), 0.0000100 secs]15.521: [Tenured: 29048K->29042K(40960K), 0.0125840 secs] 44742K->29042K(59392K), [Perm : 6041K->6041K(21248K)], 0.0126420 secs] [Times: user=0.01 sys=0.00, real=0.02 secs] 
15.534: Total time for which application threads were stopped: 0.0129790 seconds, Stopping threads took: 0.0002510 seconds
15.539: Application time: 0.0050520 seconds
15.539: [GC15.539: [DefNew: 15694K->15694K(18432K), 0.0000100 secs]15.539: [Tenured: 29042K->28329K(40960K), 0.0101110 secs] 44737K->28329K(59392K), [Perm : 6041K->6041K(21248K)], 0.0101720 secs] [Times: user=0.01 sys=0.00, real=0.01 secs] 
15.549: Total time for which application threads were stopped: 0.0104140 seconds, Stopping threads took: 0.0001500 seconds
15.554: Application time: 0.0050350 seconds
15.555: [GC15.555: [DefNew: 15694K->15694K(18432K), 0.0000100 secs]15.555: [Tenured: 28329K->29042K(40960K), 0.0108980 secs] 44024K->29042K(59392K), [Perm : 6041K->6041K(21248K)], 0.0109560 secs] [Times: user=0.01 sys=0.00, real=0.01 secs] 
15.566: Total time for which application threads were stopped: 0.0112630 seconds, Stopping threads took: 0.0002190 seconds
15.571: Application time: 0.0051900 seconds
15.571: [GC15.571: [DefNew: 15694K->15694K(18432K), 0.0000110 secs]15.571: [Tenured: 29042K->30467K(40960K), 0.0117510 secs] 44736K->30467K(59392K), [Perm : 6041K->6041K(21248K)], 0.0118220 secs] [Times: user=0.01 sys=0.00, real=0.01 secs] 
15.583: Total time for which application threads were stopped: 0.0122720 seconds, Stopping threads took: 0.0003590 seconds
15.588: Application time: 0.0053540 seconds
15.589: [GC15.589: [DefNew: 15693K->15693K(18432K), 0.0000090 secs]15.589: [Tenured: 30467K->29754K(40960K), 0.0102410 secs] 46161K->29754K(59392K), [Perm : 6041K->6041K(21248K)], 0.0102990 secs] [Times: user=0.01 sys=0.00, real=0.01 secs] 
15.599: Total time for which application threads were stopped: 0.0106200 seconds, Stopping threads took: 0.0002330 seconds
15.604: Application time: 0.0052180 seconds
15.605: [GC15.605: [DefNew: 15693K->15693K(18432K), 0.0000090 secs]15.605: [Tenured: 29754K->29041K(40960K), 0.0107690 secs] 45448K->29041K(59392K), [Perm : 6041K->6041K(21248K)], 0.0108270 secs] [Times: user=0.01 sys=0.00, real=0.02 secs] 
15.615: Total time for which application threads were stopped: 0.0112030 seconds, Stopping threads took: 0.0002860 seconds
15.621: Application time: 0.0053870 seconds
15.621: [GC15.621: [DefNew: 15693K->15693K(18432K), 0.0000100 secs]15.621: [Tenured: 29041K->28329K(40960K), 0.0108680 secs] 44735K->28329K(59392K), [Perm : 6041K->6041K(21248K)], 0.0109270 secs] [Times: user=0.01 sys=0.00, real=0.01 secs] 
15.632: Total time for which application threads were stopped: 0.0113400 seconds, Stopping threads took: 0.0003220 seconds
15.637: Application time: 0.0050000 seconds
15.637: [GC15.637: [DefNew: 15693K->15693K(18432K), 0.0000190 secs]15.637: [Tenured: 28329K->29754K(40960K), 0.0101510 secs] 44022K->29754K(59392K), [Perm : 6041K->6041K(21248K)], 0.0102220 secs] [Times: user=0.01 sys=0.00, real=0.01 secs] 
15.648: Total time for which application threads were stopped: 0.0104390 seconds, Stopping threads took: 0.0001270 seconds
15.653: Application time: 0.0052660 seconds
15.653: [GC15.653: [DefNew: 15692K->15692K(18432K), 0.0000110 secs]15.653: [Tenured: 29754K->29753K(40960K), 0.0100330 secs] 45446K->29753K(59392K), [Perm : 6041K->6041K(21248K)], 0.0100930 secs] [Times: user=0.01 sys=0.00, real=0.01 secs] 
15.663: Total time for which application threads were stopped: 0.0104020 seconds, Stopping threads took: 0.0002310 seconds
15.669: Application time: 0.0054830 seconds
15.669: [GC15.669: [DefNew: 15692K->15692K(18432K), 0.0000100 secs]15.669: [Tenured: 29753K->28328K(40960K), 0.0108230 secs] 45446K->28328K(59392K), [Perm : 6041K->6041K(21248K)], 0.0108810 secs] [Times: user=0.01 sys=0.00, real=0.01 secs] 
15.680: Total time for which application threads were stopped: 0.0111450 seconds, Stopping threads took: 0.0001750 seconds
15.685: Application time: 0.0053520 seconds
15.686: [GC15.686: [DefNew: 15692K->15692K(18432K), 0.0000110 secs]15.686: [Tenured: 28328K->29753K(40960K), 0.0116210 secs] 44020K->29753K(59392K), [Perm : 6041K->6041K(21248K)], 0.0116830 secs] [Times: user=0.02 sys=0.00, real=0.01 secs] 
15.697: Total time for which application threads were stopped: 0.0120790 seconds, Stopping threads took: 0.0003040 seconds
15.703: Application time: 0.0054830 seconds
15.703: [GC15.703: [DefNew: 15692K->15692K(18432K), 0.0000110 secs]15.703: [Tenured: 29753K->27615K(40960K), 0.0115930 secs] 45445K->27615K(59392K), [Perm : 6041K->6041K(21248K)], 0.0116520 secs] [Times: user=0.01 sys=0.00, real=0.02 secs] 
15.715: Total time for which application threads were stopped: 0.0122120 seconds, Stopping threads took: 0.0004710 seconds
15.720: Application time: 0.0052100 seconds
15.721: [GC15.721: [DefNew: 15698K->15698K(18432K), 0.0000100 secs]15.721: [Tenured: 27615K->26190K(40960K), 0.0129880 secs] 43313K->26190K(59392K), [Perm : 6041K->6041K(21248K)], 0.0130490 secs] [Times: user=0.01 sys=0.00, real=0.02 secs] 
15.734: Total time for which application threads were stopped: 0.0133360 seconds, Stopping threads took: 0.0001960 seconds
15.740: Application time: 0.0059280 seconds
15.740: [GC15.740: [DefNew: 15691K->15691K(18432K), 0.0000110 secs]15.740: [Tenured: 26190K->25477K(40960K), 0.0101580 secs] 41882K->25477K(59392K), [Perm : 6041K->6041K(21248K)], 0.0102270 secs] [Times: user=0.01 sys=0.00, real=0.01 secs] 
15.750: Total time for which application threads were stopped: 0.0105550 seconds, Stopping threads took: 0.0002460 seconds
15.755: Application time: 0.0053410 seconds
15.756: [GC15.756: [DefNew: 15725K->15725K(18432K), 0.0000100 secs]15.756: [Tenured: 25477K->24764K(40960K), 0.0109770 secs] 41202K->24764K(59392K), [Perm : 6044K->6044K(21248K)], 0.0110340 secs] [Times: user=0.01 sys=0.00, real=0.01 secs] 
15.767: Total time for which application threads were stopped: 0.0112760 seconds, Stopping threads took: 0.0001750 seconds
15.838: Application time: 0.0716670 seconds
15.839: [GC15.839: [DefNew: 15723K->1430K(18432K), 0.0032600 secs] 40488K->36170K(59392K), 0.0032990 secs] [Times: user=0.01 sys=0.00, real=0.00 secs] 
15.842: Total time for which application threads were stopped: 0.0034530 seconds, Stopping threads took: 0.0000880 seconds
15.905: Application time: 0.0632630 seconds
15.905: [GC15.905: [DefNew: 17121K->17121K(18432K), 0.0000100 secs]15.905: [Tenured: 34740K->24765K(40960K), 0.0122990 secs] 51861K->24765K(59392K), [Perm : 6045K->6045K(21248K)], 0.0123570 secs] [Times: user=0.01 sys=0.00, real=0.02 secs] 
15.918: Total time for which application threads were stopped: 0.0124890 seconds, Stopping threads took: 0.0000630 seconds
15.946: Application time: 0.0282730 seconds
15.946: [GC15.946: [DefNew: 15691K->1425K(18432K), 0.0044920 secs] 40457K->40441K(59392K), 0.0045330 secs] [Times: user=0.00 sys=0.00, real=0.00 secs] 
15.951: Total time for which application threads were stopped: 0.0046680 seconds, Stopping threads took: 0.0000660 seconds
16.031: Application time: 0.0808780 seconds
16.032: [GC16.032: [DefNew: 17116K->17116K(18432K), 0.0000090 secs]16.032: [Tenured: 39015K->25478K(40960K), 0.0123940 secs] 56132K->25478K(59392K), [Perm : 6045K->6045K(21248K)], 0.0124530 secs] [Times: user=0.01 sys=0.00, real=0.01 secs] 
16.044: Total time for which application threads were stopped: 0.0126370 seconds, Stopping threads took: 0.0001150 seconds
16.122: Application time: 0.0779570 seconds
16.122: [GC16.122: [DefNew: 15689K->15689K(18432K), 0.0000090 secs]16.122: [Tenured: 25478K->24765K(40960K), 0.0107380 secs] 41167K->24765K(59392K), [Perm : 6045K->6045K(21248K)], 0.0108000 secs] [Times: user=0.01 sys=0.00, real=0.01 secs] 
16.133: Total time for which application threads were stopped: 0.0110250 seconds, Stopping threads took: 0.0001360 seconds
16.211: Application time: 0.0774220 seconds
16.211: [GC16.211: [DefNew: 15689K->1425K(18432K), 0.0039570 secs] 40455K->39015K(59392K), 0.0039970 secs] [Times: user=0.00 sys=0.00, real=0.01 secs] 
16.215: Total time for which application threads were stopped: 0.0041400 seconds, Stopping threads took: 0.0000650 seconds
16.291: Application time: 0.0765390 seconds
16.291: [GC16.291: [DefNew: 17116K->17116K(18432K), 0.0000100 secs]16.291: [Tenured: 37590K->25478K(40960K), 0.0103930 secs] 54707K->25478K(59392K), [Perm : 6045K->6045K(21248K)], 0.0104480 secs] [Times: user=0.01 sys=0.00, real=0.01 secs] 
16.302: Total time for which application threads were stopped: 0.0105800 seconds, Stopping threads took: 0.0000650 seconds
16.379: Application time: 0.0773570 seconds
16.379: [GC16.379: [DefNew: 15689K->15689K(18432K), 0.0000090 secs]16.379: [Tenured: 25478K->24765K(40960K), 0.0102010 secs] 41167K->24765K(59392K), [Perm : 6045K->6045K(21248K)], 0.0102540 secs] [Times: user=0.01 sys=0.00, real=0.01 secs] 
16.390: Total time for which application threads were stopped: 0.0103860 seconds, Stopping threads took: 0.0000660 seconds
16.438: Application time: 0.0482610 seconds
16.438: [GC16.438: [DefNew: 15691K->1425K(18432K), 0.0044900 secs] 40457K->40440K(59392K), 0.0045270 secs] [Times: user=0.01 sys=0.00, real=0.00 secs] 
16.442: Total time for which application threads were stopped: 0.0046870 seconds, Stopping threads took: 0.0000960 seconds
16.516: Application time: 0.0736760 seconds
16.516: [GC16.516: [DefNew: 17116K->17116K(18432K), 0.0000090 secs]16.516: [Tenured: 39015K->25478K(40960K), 0.0104680 secs] 56132K->25478K(59392K), [Perm : 6045K->6045K(21248K)], 0.0105370 secs] [Times: user=0.01 sys=0.00, real=0.01 secs] 
16.527: Total time for which application threads were stopped: 0.0107020 seconds, Stopping threads took: 0.0000950 seconds
16.599: Application time: 0.0718150 seconds
16.599: [GC16.599: [DefNew: 15691K->15691K(18432K), 0.0000110 secs]16.599: [Tenured: 25478K->24765K(40960K), 0.0110390 secs] 41169K->24765K(59392K), [Perm : 6045K->6045K(21248K)], 0.0111020 secs] [Times: user=0.01 sys=0.00, real=0.01 secs] 
16.610: Total time for which application threads were stopped: 0.0112800 seconds, Stopping threads took: 0.0001080 seconds
16.678: Application time: 0.0679290 seconds
16.678: [GC16.678: [DefNew: 15691K->1425K(18432K), 0.0045060 secs] 40457K->40440K(59392K), 0.0045480 secs] [Times: user=0.00 sys=0.00, real=0.00 secs] 
16.683: Total time for which application threads were stopped: 0.0047550 seconds, Stopping threads took: 0.0001180 seconds
16.762: Application time: 0.0791000 seconds
16.762: [GC16.762: [DefNew: 17133K->17133K(18432K), 0.0000100 secs]16.762: [Tenured: 39015K->25479K(40960K), 0.0111090 secs] 56149K->25479K(59392K), [Perm : 6045K->6045K(21248K)], 0.0111690 secs] [Times: user=0.01 sys=0.00, real=0.01 secs] 
16.773: Total time for which application threads were stopped: 0.0113110 seconds, Stopping threads took: 0.0000630 seconds
16.843: Application time: 0.0696530 seconds
16.843: [GC16.843: [DefNew: 15734K->15734K(18432K), 0.0000100 secs]16.843: [Tenured: 25479K->26196K(40960K), 0.0107320 secs] 41214K->26196K(59392K), [Perm : 6046K->6046K(21248K)], 0.0107890 secs] [Times: user=0.01 sys=0.00, real=0.02 secs] 
16.854: Total time for which application threads were stopped: 0.0109650 seconds, Stopping threads took: 0.0001060 seconds
16.909: Application time: 0.0554500 seconds
16.909: [GC16.909: [DefNew: 15700K->15700K(18432K), 0.0000110 secs]16.909: [Tenured: 26196K->29753K(40960K), 0.0122020 secs] 41896K->29753K(59392K), [Perm : 6047K->6047K(21248K)], 0.0122600 secs] [Times: user=0.01 sys=0.00, real=0.01 secs] 
16.922: Total time for which application threads were stopped: 0.0124010 seconds, Stopping threads took: 0.0000700 seconds
16.995: Application time: 0.0735970 seconds
16.995: [GC16.995: [DefNew: 15691K->15691K(18432K), 0.0000100 secs]16.995: [Tenured: 29753K->31178K(40960K), 0.0110250 secs] 45444K->31178K(59392K), [Perm : 6047K->6047K(21248K)], 0.0110870 secs] [Times: user=0.01 sys=0.00, real=0.01 secs] 
17.006: Total time for which application threads were stopped: 0.0113010 seconds, Stopping threads took: 0.0001260 seconds
17.073: Application time: 0.0662970 seconds
17.073: [GC17.073: [DefNew: 15691K->15691K(18432K), 0.0000100 secs]17.073: [Tenured: 31178K->30465K(40960K), 0.0106970 secs] 46869K->30465K(59392K), [Perm : 6047K->6047K(21248K)], 0.0107570 secs] [Times: user=0.01 sys=0.00, real=0.01 secs] 
17.084: Total time for which application threads were stopped: 0.0109140 seconds, Stopping threads took: 0.0000850 seconds
17.150: Application time: 0.0662810 seconds
17.150: [GC17.150: [DefNew: 15691K->15691K(18432K), 0.0000100 secs]17.150: [Tenured: 30465K->31178K(40960K), 0.0118790 secs] 46157K->31178K(59392K), [Perm : 6047K->6047K(21248K)], 0.0119400 secs] [Times: user=0.02 sys=0.00, real=0.01 secs] 
17.162: Total time for which application threads were stopped: 0.0121110 seconds, Stopping threads took: 0.0001000 seconds
17.236: Application time: 0.0739390 seconds
17.236: [GC17.236: [DefNew: 15691K->15691K(18432K), 0.0000100 secs]17.236: [Tenured: 31178K->31178K(40960K), 0.0114160 secs] 46869K->31178K(59392K), [Perm : 6047K->6047K(21248K)], 0.0114760 secs] [Times: user=0.01 sys=0.00, real=0.01 secs] 
17.248: Total time for which application threads were stopped: 0.0116050 seconds, Stopping threads took: 0.0000600 seconds
17.303: Application time: 0.0555520 seconds
17.303: [GC17.303: [DefNew: 15691K->15691K(18432K), 0.0000100 secs]17.303: [Tenured: 31178K->30465K(40960K), 0.0101680 secs] 46869K->30465K(59392K), [Perm : 6047K->6047K(21248K)], 0.0102370 secs] [Times: user=0.01 sys=0.00, real=0.02 secs] 
17.314: Total time for which application threads were stopped: 0.0103790 seconds, Stopping threads took: 0.0000590 seconds
17.384: Application time: 0.0701700 seconds
17.384: [GC17.384: [DefNew: 15691K->15691K(18432K), 0.0000110 secs]17.384: [Tenured: 30465K->31178K(40960K), 0.0109940 secs] 46157K->31178K(59392K), [Perm : 6047K->6047K(21248K)], 0.0110560 secs] [Times: user=0.02 sys=0.00, real=0.02 secs] 
17.395: Total time for which application threads were stopped: 0.0112490 seconds, Stopping threads took: 0.0001220 seconds
17.469: Application time: 0.0738230 seconds
17.469: [GC17.469: [DefNew: 15691K->15691K(18432K), 0.0000100 secs]17.469: [Tenured: 31178K->31178K(40960K), 0.0119150 secs] 46869K->31178K(59392K), [Perm : 6047K->6047K(21248K)], 0.0119750 secs] [Times: user=0.01 sys=0.00, real=0.01 secs] 
17.481: Total time for which application threads were stopped: 0.0122810 seconds, Stopping threads took: 0.0002360 seconds
17.547: Application time: 0.0661530 seconds
17.547: [GC17.547: [DefNew: 15691K->15691K(18432K), 0.0000100 secs]17.547: [Tenured: 31178K->30465K(40960K), 0.0108850 secs] 46869K->30465K(59392K), [Perm : 6047K->6047K(21248K)], 0.0109450 secs] [Times: user=0.01 sys=0.00, real=0.01 secs] 
17.558: Total time for which application threads were stopped: 0.0110780 seconds, Stopping threads took: 0.0000620 seconds
17.630: Application time: 0.0717860 seconds
17.630: [GC17.630: [DefNew: 15691K->15691K(18432K), 0.0000100 secs]17.630: [Tenured: 30465K->31178K(40960K), 0.0110000 secs] 46157K->31178K(59392K), [Perm : 6047K->6047K(21248K)], 0.0110590 secs] [Times: user=0.01 sys=0.00, real=0.01 secs] 
17.641: Total time for which application threads were stopped: 0.0111970 seconds, Stopping threads took: 0.0000650 seconds
17.715: Application time: 0.0736440 seconds
17.715: [GC17.715: [DefNew: 15691K->15691K(18432K), 0.0000090 secs]17.715: [Tenured: 31178K->31178K(40960K), 0.0113020 secs] 46869K->31178K(59392K), [Perm : 6047K->6047K(21248K)], 0.0113600 secs] [Times: user=0.01 sys=0.00, real=0.01 secs] 
17.726: Total time for which application threads were stopped: 0.0115170 seconds, Stopping threads took: 0.0000880 seconds
17.774: Application time: 0.0474680 seconds
17.774: [GC17.774: [DefNew: 15706K->15706K(18432K), 0.0000100 secs]17.774: [Tenured: 31178K->29753K(40960K), 0.0122460 secs] 46884K->29753K(59392K), [Perm : 6047K->6047K(21248K)], 0.0123050 secs] [Times: user=0.02 sys=0.00, real=0.01 secs] 
17.786: Total time for which application threads were stopped: 0.0125620 seconds, Stopping threads took: 0.0001850 seconds
17.849: Application time: 0.0625670 seconds
17.849: [GC17.849: [DefNew: 15704K->15704K(18432K), 0.0000110 secs]17.849: [Tenured: 29753K->26903K(40960K), 0.0122910 secs] 45457K->26903K(59392K), [Perm : 6048K->6048K(21248K)], 0.0123500 secs] [Times: user=0.01 sys=0.00, real=0.01 secs] 
17.862: Total time for which application threads were stopped: 0.0125010 seconds, Stopping threads took: 0.0000650 seconds
17.912: Application time: 0.0505360 seconds
17.912: [GC17.912: [DefNew: 15720K->15720K(18432K), 0.0000100 secs]17.912: [Tenured: 26903K->21915K(40960K), 0.0115070 secs] 42624K->21915K(59392K), [Perm : 6049K->6049K(21248K)], 0.0115650 secs] [Times: user=0.01 sys=0.00, real=0.01 secs] 
17.924: Total time for which application threads were stopped: 0.0116970 seconds, Stopping threads took: 0.0000610 seconds
17.978: Application time: 0.0539400 seconds
17.978: [GC17.978: [DefNew: 15687K->1425K(18432K), 0.0034810 secs] 37603K->34028K(59392K), 0.0035200 secs] [Times: user=0.00 sys=0.00, real=0.00 secs] 
17.981: Total time for which application threads were stopped: 0.0036580 seconds, Stopping threads took: 0.0000680 seconds
18.030: Application time: 0.0485580 seconds
18.030: [GC18.030: [DefNew: 17112K->17112K(18432K), 0.0000100 secs]18.030: [Tenured: 32603K->25478K(40960K), 0.0118830 secs] 49716K->25478K(59392K), [Perm : 6049K->6049K(21248K)], 0.0119490 secs] [Times: user=0.01 sys=0.00, real=0.01 secs] 
18.042: Total time for which application threads were stopped: 0.0120830 seconds, Stopping threads took: 0.0000630 seconds
18.091: Application time: 0.0488800 seconds
18.091: [GC18.091: [DefNew: 15687K->15687K(18432K), 0.0000100 secs]18.091: [Tenured: 25478K->25478K(40960K), 0.0104430 secs] 41166K->25478K(59392K), [Perm : 6049K->6049K(21248K)], 0.0104990 secs] [Times: user=0.01 sys=0.00, real=0.01 secs] 
18.102: Total time for which application threads were stopped: 0.0106460 seconds, Stopping threads took: 0.0000800 seconds
18.161: Application time: 0.0592570 seconds
18.161: [GC18.161: [DefNew: 15687K->15687K(18432K), 0.0000100 secs]18.161: [Tenured: 25478K->25478K(40960K), 0.0104770 secs] 41166K->25478K(59392K), [Perm : 6049K->6049K(21248K)], 0.0105410 secs] [Times: user=0.01 sys=0.00, real=0.01 secs] 
18.172: Total time for which application threads were stopped: 0.0106890 seconds, Stopping threads took: 0.0000670 seconds
18.212: Application time: 0.0401810 seconds
18.212: [GC18.212: [DefNew: 15688K->15688K(18432K), 0.0000100 secs]18.212: [Tenured: 25478K->25478K(40960K), 0.0109180 secs] 41167K->25478K(59392K), [Perm : 6049K->6049K(21248K)], 0.0109780 secs] [Times: user=0.01 sys=0.00, real=0.01 secs] 
18.223: Total time for which application threads were stopped: 0.0111240 seconds, Stopping threads took: 0.0000760 seconds
18.274: Application time: 0.0513770 seconds
18.274: [GC18.274: [DefNew: 15688K->15688K(18432K), 0.0000100 secs]18.274: [Tenured: 25478K->25479K(40960K), 0.0110680 secs] 41167K->25479K(59392K), [Perm : 6049K->6049K(21248K)], 0.0111290 secs] [Times: user=0.01 sys=0.00, real=0.01 secs] 
18.286: Total time for which application threads were stopped: 0.0113600 seconds, Stopping threads took: 0.0001490 seconds
18.342: Application time: 0.0560990 seconds
18.342: [GC18.342: [DefNew: 15688K->15688K(18432K), 0.0000090 secs]18.342: [Tenured: 25479K->25479K(40960K), 0.0106550 secs] 41167K->25479K(59392K), [Perm : 6049K->6049K(21248K)], 0.0107120 secs] [Times: user=0.01 sys=0.00, real=0.01 secs] 
18.353: Total time for which application threads were stopped: 0.0108550 seconds, Stopping threads took: 0.0000750 seconds
18.401: Application time: 0.0482980 seconds
18.401: [GC18.401: [DefNew: 15688K->15688K(18432K), 0.0000100 secs]18.401: [Tenured: 25479K->25479K(40960K), 0.0105890 secs] 41167K->25479K(59392K), [Perm : 6049K->6049K(21248K)], 0.0106490 secs] [Times: user=0.01 sys=0.00, real=0.01 secs] 
18.412: Total time for which application threads were stopped: 0.0108190 seconds, Stopping threads took: 0.0000900 seconds
18.456: Application time: 0.0445890 seconds
18.456: [GC18.456: [DefNew: 15688K->15688K(18432K), 0.0000110 secs]18.457: [Tenured: 25479K->25479K(40960K), 0.0120630 secs] 41167K->25479K(59392K), [Perm : 6049K->6049K(21248K)], 0.0121250 secs] [Times: user=0.02 sys=0.00, real=0.01 secs] 
18.469: Total time for which application threads were stopped: 0.0123840 seconds, Stopping threads took: 0.0001870 seconds
18.528: Application time: 0.0589730 seconds
18.528: [GC18.528: [DefNew: 15688K->15688K(18432K), 0.0000100 secs]18.528: [Tenured: 25479K->25479K(40960K), 0.0109690 secs] 41168K->25479K(59392K), [Perm : 6049K->6049K(21248K)], 0.0110300 secs] [Times: user=0.01 sys=0.00, real=0.01 secs] 
18.539: Total time for which application threads were stopped: 0.0112210 seconds, Stopping threads took: 0.0001190 seconds
18.584: Application time: 0.0448840 seconds
18.584: [GC18.584: [DefNew: 15688K->15688K(18432K), 0.0000100 secs]18.584: [Tenured: 25479K->25479K(40960K), 0.0116190 secs] 41168K->25479K(59392K), [Perm : 6049K->6049K(21248K)], 0.0116800 secs] [Times: user=0.01 sys=0.00, real=0.02 secs] 
18.596: Total time for which application threads were stopped: 0.0119010 seconds, Stopping threads took: 0.0001300 seconds
18.659: Application time: 0.0638070 seconds
18.662: [GC18.662: [DefNew: 15688K->15688K(18432K), 0.0000100 secs]18.662: [Tenured: 25479K->25479K(40960K), 0.0110710 secs] 41168K->25479K(59392K), [Perm : 6049K->6049K(21248K)], 0.0111280 secs] [Times: user=0.01 sys=0.00, real=0.01 secs] 
18.673: Total time for which application threads were stopped: 0.0132680 seconds, Stopping threads took: 0.0020680 seconds
18.714: Application time: 0.0416280 seconds
18.714: [GC18.714: [DefNew: 15689K->15689K(18432K), 0.0000110 secs]18.714: [Tenured: 25479K->25479K(40960K), 0.0112090 secs] 41168K->25479K(59392K), [Perm : 6049K->6049K(21248K)], 0.0112700 secs] [Times: user=0.02 sys=0.00, real=0.01 secs] 
18.726: Total time for which application threads were stopped: 0.0114160 seconds, Stopping threads took: 0.0000700 seconds
18.790: Application time: 0.0639890 seconds
18.790: [GC18.790: [DefNew: 15689K->15689K(18432K), 0.0000100 secs]18.790: [Tenured: 25479K->25480K(40960K), 0.0119820 secs] 41169K->25480K(59392K), [Perm : 6049K->6049K(21248K)], 0.0120440 secs] [Times: user=0.01 sys=0.00, real=0.01 secs] 
18.802: Total time for which application threads were stopped: 0.0122940 seconds, Stopping threads took: 0.0001600 seconds
18.846: Application time: 0.0443610 seconds
18.847: [GC18.847: [DefNew: 15700K->15700K(18432K), 0.0000110 secs]18.847: [Tenured: 25480K->24768K(40960K), 0.0118940 secs] 41180K->24768K(59392K), [Perm : 6049K->6049K(21248K)], 0.0119560 secs] [Times: user=0.02 sys=0.00, real=0.01 secs] 
18.859: Total time for which application threads were stopped: 0.0122360 seconds, Stopping threads took: 0.0001890 seconds
18.909: Application time: 0.0503750 seconds
18.909: [GC18.909: [DefNew: 15709K->1426K(18432K), 0.0038010 secs] 40477K->37597K(59392K), 0.0038430 secs] [Times: user=0.00 sys=0.00, real=0.00 secs] 
18.913: Total time for which application threads were stopped: 0.0039860 seconds, Stopping threads took: 0.0000630 seconds
18.967: Application time: 0.0542640 seconds
18.967: [GC18.967: [DefNew: 17151K->17151K(18432K), 0.0000110 secs]18.967: [Tenured: 36170K->26905K(40960K), 0.0122570 secs] 53322K->26905K(59392K), [Perm : 6049K->6049K(21248K)], 0.0123170 secs] [Times: user=0.01 sys=0.00, real=0.01 secs] 
18.980: Total time for which application threads were stopped: 0.0124620 seconds, Stopping threads took: 0.0000720 seconds
19.024: Application time: 0.0445240 seconds
19.024: [GC19.024: [DefNew: 15698K->15698K(18432K), 0.0000090 secs]19.024: [Tenured: 26905K->30469K(40960K), 0.0113920 secs] 42603K->30469K(59392K), [Perm : 6049K->6049K(21248K)], 0.0114480 secs] [Times: user=0.01 sys=0.00, real=0.02 secs] 
19.036: Total time for which application threads were stopped: 0.0116220 seconds, Stopping threads took: 0.0001050 seconds
19.085: Application time: 0.0494860 seconds
19.085: [GC19.086: [DefNew: 15689K->15689K(18432K), 0.0000090 secs]19.086: [Tenured: 30469K->32607K(40960K), 0.0109130 secs] 46158K->32607K(59392K), [Perm : 6049K->6049K(21248K)], 0.0109730 secs] [Times: user=0.01 sys=0.00, real=0.01 secs] 
19.096: Total time for which application threads were stopped: 0.0111240 seconds, Stopping threads took: 0.0000820 seconds
19.157: Application time: 0.0608470 seconds
19.158: [GC19.158: [DefNew: 15689K->15689K(18432K), 0.0000100 secs]19.158: [Tenured: 32607K->32606K(40960K), 0.0110640 secs] 48296K->32606K(59392K), [Perm : 6049K->6049K(21248K)], 0.0111240 secs] [Times: user=0.01 sys=0.00, real=0.01 secs] 
19.169: Total time for which application threads were stopped: 0.0113110 seconds, Stopping threads took: 0.0001160 seconds
19.209: Application time: 0.0405750 seconds
19.209: [GC19.209: [DefNew: 15688K->15688K(18432K), 0.0000110 secs]19.209: [Tenured: 32606K->31180K(40960K), 0.0122270 secs] 48295K->31180K(59392K), [Perm : 6049K->6049K(21248K)], 0.0122860 secs] [Times: user=0.02 sys=0.00, real=0.01 secs] 
19.222: Total time for which application threads were stopped: 0.0124310 seconds, Stopping threads took: 0.0000720 seconds
19.275: Application time: 0.0530150 seconds
19.275: [GC19.275: [DefNew: 15688K->15688K(18432K), 0.0000100 secs]19.275: [Tenured: 31180K->31180K(40960K), 0.0111020 secs] 46869K->31180K(59392K), [Perm : 6049K->6049K(21248K)], 0.0111570 secs] [Times: user=0.01 sys=0.00, real=0.01 secs] 
19.286: Total time for which application threads were stopped: 0.0113320 seconds, Stopping threads took: 0.0000850 seconds
19.344: Application time: 0.0575980 seconds
19.344: [GC19.344: [DefNew: 15688K->15688K(18432K), 0.0000110 secs]19.344: [Tenured: 31180K->31180K(40960K), 0.0109480 secs] 46869K->31180K(59392K), [Perm : 6049K->6049K(21248K)], 0.0110100 secs] [Times: user=0.01 sys=0.00, real=0.02 secs] 
19.355: Total time for which application threads were stopped: 0.0112030 seconds, Stopping threads took: 0.0001210 seconds
19.411: Application time: 0.0563140 seconds
19.411: [GC19.411: [DefNew: 15688K->15688K(18432K), 0.0000100 secs]19.411: [Tenured: 31180K->31180K(40960K), 0.0104810 secs] 46869K->31180K(59392K), [Perm : 6049K->6049K(21248K)], 0.0105360 secs] [Times: user=0.01 sys=0.00, real=0.01 secs] 
19.422: Total time for which application threads were stopped: 0.0106760 seconds, Stopping threads took: 0.0000600 seconds
19.462: Application time: 0.0400460 seconds
19.462: [GC19.462: [DefNew: 15688K->15688K(18432K), 0.0000100 secs]19.462: [Tenured: 31180K->31180K(40960K), 0.0111200 secs] 46868K->31180K(59392K), [Perm : 6049K->6049K(21248K)], 0.0111770 secs] [Times: user=0.01 sys=0.00, real=0.01 secs] 
19.473: Total time for which application threads were stopped: 0.0113120 seconds, Stopping threads took: 0.0000660 seconds
19.533: Application time: 0.0594110 seconds
19.533: [GC19.533: [DefNew: 15688K->15688K(18432K), 0.0000110 secs]19.533: [Tenured: 31180K->31180K(40960K), 0.0110170 secs] 46868K->31180K(59392K), [Perm : 6049K->6049K(21248K)], 0.0110790 secs] [Times: user=0.01 sys=0.00, real=0.01 secs] 
19.544: Total time for which application threads were stopped: 0.0112250 seconds, Stopping threads took: 0.0000720 seconds
19.612: Application time: 0.0684130 seconds
19.612: [GC19.612: [DefNew: 15688K->15688K(18432K), 0.0000100 secs]19.612: [Tenured: 31180K->31180K(40960K), 0.0111110 secs] 46868K->31180K(59392K), [Perm : 6049K->6049K(21248K)], 0.0111730 secs] [Times: user=0.01 sys=0.00, real=0.01 secs] 
19.624: Total time for which application threads were stopped: 0.0113590 seconds, Stopping threads took: 0.0001140 seconds
19.645: Application time: 0.0209320 seconds
19.645: [GC19.645: [DefNew: 15688K->15688K(18432K), 0.0000100 secs]19.645: [Tenured: 31180K->31179K(40960K), 0.0120680 secs] 46868K->31179K(59392K), [Perm : 6049K->6049K(21248K)], 0.0121280 secs] [Times: user=0.01 sys=0.00, real=0.02 secs] 
19.657: Total time for which application threads were stopped: 0.0124590 seconds, Stopping threads took: 0.0002400 seconds
19.724: Application time: 0.0666870 seconds
19.724: [GC19.724: [DefNew: 15687K->15687K(18432K), 0.0000100 secs]19.724: [Tenured: 31179K->31179K(40960K), 0.0110500 secs] 46867K->31179K(59392K), [Perm : 6049K->6049K(21248K)], 0.0111110 secs] [Times: user=0.01 sys=0.00, real=0.02 secs] 
19.735: Total time for which application threads were stopped: 0.0113490 seconds, Stopping threads took: 0.0001560 seconds
19.803: Application time: 0.0681390 seconds
19.803: [GC19.803: [DefNew: 15687K->15687K(18432K), 0.0000100 secs]19.803: [Tenured: 31179K->31179K(40960K), 0.0111430 secs] 46867K->31179K(59392K), [Perm : 6049K->6049K(21248K)], 0.0112030 secs] [Times: user=0.01 sys=0.00, real=0.02 secs] 
19.815: Total time for which application threads were stopped: 0.0113320 seconds, Stopping threads took: 0.0000570 seconds
19.830: Application time: 0.0156070 seconds
19.830: [GC19.830: [DefNew: 15687K->15687K(18432K), 0.0000090 secs]19.830: [Tenured: 31179K->31179K(40960K), 0.0108040 secs] 46867K->31179K(59392K), [Perm : 6049K->6049K(21248K)], 0.0108630 secs] [Times: user=0.02 sys=0.00, real=0.01 secs] 
19.841: Total time for which application threads were stopped: 0.0111340 seconds, Stopping threads took: 0.0002000 seconds
19.886: Application time: 0.0451590 seconds
19.887: Total time for which application threads were stopped: 0.0002350 seconds, Stopping threads took: 0.0001810 seconds
19.904: Application time: 0.0178250 seconds
19.905: [GC19.905: [DefNew: 15727K->15727K(18432K), 0.0000100 secs]19.905: [Tenured: 31179K->31208K(40960K), 0.0112250 secs] 46907K->31208K(59392K), [Perm : 6052K->6052K(21248K)], 0.0112900 secs] [Times: user=0.01 sys=0.00, real=0.02 secs] 
19.916: Total time for which application threads were stopped: 0.0115860 seconds, Stopping threads took: 0.0002070 seconds
19.931: Application time: 0.0146560 seconds
19.931: [GC19.931: [DefNew: 15679K->15679K(18432K), 0.0000100 secs]19.931: [Tenured: 31208K->29754K(40960K), 0.0121360 secs] 46888K->29754K(59392K), [Perm : 6052K->6052K(21248K)], 0.0121970 secs] [Times: user=0.01 sys=0.00, real=0.01 secs] 
19.943: Total time for which application threads were stopped: 0.0124260 seconds, Stopping threads took: 0.0001350 seconds
19.956: Application time: 0.0128830 seconds
19.956: [GC19.956: [DefNew: 15681K->15681K(18432K), 0.0000110 secs]19.956: [Tenured: 29754K->29754K(40960K), 0.0106750 secs] 45435K->29754K(59392K), [Perm : 6052K->6052K(21248K)], 0.0107360 secs] [Times: user=0.01 sys=0.00, real=0.01 secs] 
19.967: Total time for which application threads were stopped: 0.0108910 seconds, Stopping threads took: 0.0000780 seconds
19.984: Application time: 0.0172880 seconds
19.985: [GC19.985: [DefNew: 15685K->15685K(18432K), 0.0000090 secs]19.985: [Tenured: 29754K->31892K(40960K), 0.0072900 secs] 45440K->31892K(59392K), [Perm : 6052K->6052K(21248K)], 0.0073470 secs] [Times: user=0.01 sys=0.00, real=0.01 secs] 
19.992: Total time for which application threads were stopped: 0.0076950 seconds, Stopping threads took: 0.0002650 seconds
20.009: Application time: 0.0167080 seconds
20.009: [GC20.009: [DefNew: 15687K->15687K(18432K), 0.0000100 secs]20.009: [Tenured: 31892K->29041K(40960K), 0.0104080 secs] 47580K->29041K(59392K), [Perm : 6052K->6052K(21248K)], 0.0104670 secs] [Times: user=0.01 sys=0.00, real=0.01 secs] 
20.019: Total time for which application threads were stopped: 0.0106150 seconds, Stopping threads took: 0.0000740 seconds
20.030: Application time: 0.0110450 seconds
20.031: [GC20.031: [DefNew: 16267K->16267K(18432K), 0.0000100 secs]20.031: [Tenured: 29041K->25485K(40960K), 0.0122360 secs] 45309K->25485K(59392K), [Perm : 6052K->6052K(21248K)], 0.0122960 secs] [Times: user=0.01 sys=0.00, real=0.01 secs] 
20.043: Total time for which application threads were stopped: 0.0127280 seconds, Stopping threads took: 0.0003510 seconds
20.052: Application time: 0.0092010 seconds
20.052: [GC20.052: [DefNew: 15902K->15902K(18432K), 0.0000090 secs]20.052: [Tenured: 25485K->24122K(40960K), 0.0112850 secs] 41388K->24122K(59392K), [Perm : 6052K->6052K(21248K)], 0.0113420 secs] [Times: user=0.02 sys=0.00, real=0.01 secs] 
20.064: Total time for which application threads were stopped: 0.0115000 seconds, Stopping threads took: 0.0000850 seconds
20.070: Application time: 0.0067910 seconds
20.071: [GC20.071: [DefNew: 16243K->1429K(18432K), 0.0016610 secs] 40365K->29115K(59392K), 0.0016990 secs] [Times: user=0.01 sys=0.00, real=0.00 secs] 
20.072: Total time for which application threads were stopped: 0.0018920 seconds, Stopping threads took: 0.0001260 seconds
20.079: Application time: 0.0065000 seconds
20.079: [GC20.079: [DefNew: 17302K->17302K(18432K), 0.0000100 secs]20.079: [Tenured: 27685K->28387K(40960K), 0.0098700 secs] 44987K->28387K(59392K), [Perm : 6052K->6052K(21248K)], 0.0099300 secs] [Times: user=0.01 sys=0.00, real=0.01 secs] 
20.089: Total time for which application threads were stopped: 0.0102210 seconds, Stopping threads took: 0.0001990 seconds
20.095: Application time: 0.0054170 seconds
20.095: [GC20.095: [DefNew: 15877K->15877K(18432K), 0.0000100 secs]20.095: [Tenured: 28387K->23435K(40960K), 0.0122470 secs] 44265K->23435K(59392K), [Perm : 6052K->6052K(21248K)], 0.0123080 secs] [Times: user=0.01 sys=0.00, real=0.01 secs] 
20.107: Total time for which application threads were stopped: 0.0125240 seconds, Stopping threads took: 0.0001440 seconds
20.112: Application time: 0.0053440 seconds
20.113: [GC20.113: [DefNew: 15992K->1430K(18432K), 0.0026920 secs] 39427K->32703K(59392K), 0.0027350 secs] [Times: user=0.00 sys=0.00, real=0.01 secs] 
20.115: Total time for which application threads were stopped: 0.0030580 seconds, Stopping threads took: 0.0002280 seconds
20.121: Application time: 0.0051300 seconds
20.121: [GC20.121: [DefNew: 17265K->17265K(18432K), 0.0000090 secs]20.121: [Tenured: 31273K->25487K(40960K), 0.0117200 secs] 48538K->25487K(59392K), [Perm : 6052K->6052K(21248K)], 0.0117800 secs] [Times: user=0.02 sys=0.00, real=0.01 secs] 
20.133: Total time for which application threads were stopped: 0.0120270 seconds, Stopping threads took: 0.0001630 seconds
20.138: Application time: 0.0049160 seconds
20.138: [GC20.138: [DefNew: 15805K->15805K(18432K), 0.0000100 secs]20.138: [Tenured: 25487K->26193K(40960K), 0.0100630 secs] 41292K->26193K(59392K), [Perm : 6052K->6052K(21248K)], 0.0101220 secs] [Times: user=0.01 sys=0.00, real=0.01 secs] 
20.148: Total time for which application threads were stopped: 0.0104260 seconds, Stopping threads took: 0.0002130 seconds
20.153: Application time: 0.0049700 seconds
20.153: [GC20.153: [DefNew: 15685K->15685K(18432K), 0.0000110 secs]20.153: [Tenured: 26193K->30468K(40960K), 0.0104000 secs] 41879K->30468K(59392K), [Perm : 6052K->6052K(21248K)], 0.0104610 secs] [Times: user=0.01 sys=0.00, real=0.01 secs] 
20.164: Total time for which application threads were stopped: 0.0107850 seconds, Stopping threads took: 0.0002310 seconds
20.169: Application time: 0.0049430 seconds
20.169: [GC20.169: [DefNew: 15692K->15692K(18432K), 0.0000100 secs]20.169: [Tenured: 30468K->30469K(40960K), 0.0097520 secs] 46161K->30469K(59392K), [Perm : 6052K->6052K(21248K)], 0.0098110 secs] [Times: user=0.01 sys=0.00, real=0.01 secs] 
20.179: Total time for which application threads were stopped: 0.0100720 seconds, Stopping threads took: 0.0001720 seconds
20.184: Application time: 0.0050170 seconds
20.184: [GC20.184: [DefNew: 15685K->15685K(18432K), 0.0000100 secs]20.184: [Tenured: 30469K->29755K(40960K), 0.0102450 secs] 46155K->29755K(59392K), [Perm : 6052K->6052K(21248K)], 0.0103060 secs] [Times: user=0.01 sys=0.00, real=0.02 secs] 
20.194: Total time for which application threads were stopped: 0.0104990 seconds, Stopping threads took: 0.0001250 seconds
20.200: Application time: 0.0052940 seconds
20.200: [GC20.200: [DefNew: 15687K->15687K(18432K), 0.0000110 secs]20.200: [Tenured: 29755K->28330K(40960K), 0.0120310 secs] 45442K->28330K(59392K), [Perm : 6052K->6052K(21248K)], 0.0120940 secs] [Times: user=0.01 sys=0.00, real=0.01 secs] 
20.212: Total time for which application threads were stopped: 0.0127200 seconds, Stopping threads took: 0.0005430 seconds
20.218: Application time: 0.0057430 seconds
20.218: [GC20.218: [DefNew: 15832K->15832K(18432K), 0.0000090 secs]20.218: [Tenured: 28330K->21283K(40960K), 0.0111580 secs] 44163K->21283K(59392K), [Perm : 6052K->6052K(21248K)], 0.0112150 secs] [Times: user=0.01 sys=0.00, real=0.01 secs] 
20.230: Total time for which application threads were stopped: 0.0114500 seconds, Stopping threads took: 0.0001700 seconds
20.235: Application time: 0.0058260 seconds
20.236: [GC20.236: [DefNew: 15780K->1468K(18432K), 0.0022630 secs] 37063K->28452K(59392K), 0.0023030 secs] [Times: user=0.00 sys=0.00, real=0.00 secs] 
20.238: Total time for which application threads were stopped: 0.0026120 seconds, Stopping threads took: 0.0002450 seconds
20.244: Application time: 0.0055780 seconds
20.244: [GC20.244: [DefNew: 17467K->17467K(18432K), 0.0000120 secs]20.244: [Tenured: 26983K->21983K(40960K), 0.0106690 secs] 44451K->21983K(59392K), [Perm : 6052K->6052K(21248K)], 0.0107320 secs] [Times: user=0.01 sys=0.00, real=0.02 secs] 
20.255: Total time for which application threads were stopped: 0.0109870 seconds, Stopping threads took: 0.0001820 seconds
20.261: Application time: 0.0063450 seconds
20.261: [GC20.261: [DefNew: 15952K->1427K(18432K), 0.0028870 secs] 37936K->31961K(59392K), 0.0029280 secs] [Times: user=0.00 sys=0.00, real=0.00 secs] 
20.264: Total time for which application threads were stopped: 0.0031760 seconds, Stopping threads took: 0.0001630 seconds
20.270: Application time: 0.0054870 seconds
20.270: [GC20.270: [DefNew: 17127K->17127K(18432K), 0.0000110 secs]20.270: [Tenured: 30534K->24768K(40960K), 0.0131640 secs] 47661K->24768K(59392K), [Perm : 6052K->6052K(21248K)], 0.0132350 secs] [Times: user=0.01 sys=0.00, real=0.01 secs] 
20.283: Total time for which application threads were stopped: 0.0135060 seconds, Stopping threads took: 0.0001780 seconds
20.288: Application time: 0.0045010 seconds
20.288: [GC20.288: [DefNew: 15687K->1425K(18432K), 0.0033840 secs] 40455K->36169K(59392K), 0.0034280 secs] [Times: user=0.01 sys=0.00, real=0.00 secs] 
20.291: Total time for which application threads were stopped: 0.0037360 seconds, Stopping threads took: 0.0002210 seconds
20.296: Application time: 0.0047700 seconds
20.296: [GC20.296: [DefNew: 17113K->17113K(18432K), 0.0000100 secs]20.296: [Tenured: 34743K->24768K(40960K), 0.0095050 secs] 51856K->24768K(59392K), [Perm : 6052K->6052K(21248K)], 0.0095650 secs] [Times: user=0.01 sys=0.00, real=0.01 secs] 
20.306: Total time for which application threads were stopped: 0.0097670 seconds, Stopping threads took: 0.0001330 seconds
20.311: Application time: 0.0047260 seconds
20.311: [GC20.311: [DefNew: 15696K->1426K(18432K), 0.0033250 secs] 40465K->36170K(59392K), 0.0033680 secs] [Times: user=0.01 sys=0.00, real=0.01 secs] 
20.314: Total time for which application threads were stopped: 0.0037200 seconds, Stopping threads took: 0.0002620 seconds
20.319: Application time: 0.0051230 seconds
20.320: [GC20.320: [DefNew: 17276K->17276K(18432K), 0.0000100 secs]20.320: [Tenured: 34744K->23376K(40960K), 0.0116370 secs] 52020K->23376K(59392K), [Perm : 6052K->6052K(21248K)], 0.0116940 secs] [Times: user=0.01 sys=0.00, real=0.01 secs] 
20.332: Total time for which application threads were stopped: 0.0120540 seconds, Stopping threads took: 0.0002730 seconds
20.337: Application time: 0.0056070 seconds
20.337: [GC20.337: [DefNew: 16020K->1433K(18432K), 0.0031310 secs] 39397K->34072K(59392K), 0.0031720 secs] [Times: user=0.00 sys=0.00, real=0.00 secs] 
20.341: Total time for which application threads were stopped: 0.0035410 seconds, Stopping threads took: 0.0002760 seconds
20.346: Application time: 0.0055650 seconds
20.346: [GC20.346: [DefNew: 17248K->17248K(18432K), 0.0000090 secs]20.346: [Tenured: 32639K->20530K(40960K), 0.0103600 secs] 49888K->20530K(59392K), [Perm : 6053K->6053K(21248K)], 0.0104220 secs] [Times: user=0.01 sys=0.00, real=0.01 secs] 
20.357: Total time for which application threads were stopped: 0.0106310 seconds, Stopping threads took: 0.0001320 seconds
20.363: Application time: 0.0058220 seconds
20.363: [GC20.363: [DefNew: 15823K->1426K(18432K), 0.0027650 secs] 36353K->29081K(59392K), 0.0028060 secs] [Times: user=0.01 sys=0.00, real=0.01 secs] 
20.366: Total time for which application threads were stopped: 0.0029620 seconds, Stopping threads took: 0.0000860 seconds
20.371: Application time: 0.0053470 seconds
20.371: [GC20.371: [DefNew: 17120K->17120K(18432K), 0.0000110 secs]20.371: [Tenured: 27655K->21918K(40960K), 0.0115630 secs] 44776K->21918K(59392K), [Perm : 6053K->6053K(21248K)], 0.0116260 secs] [Times: user=0.01 sys=0.00, real=0.01 secs] 
20.383: Total time for which application threads were stopped: 0.0118300 seconds, Stopping threads took: 0.0001300 seconds
20.388: Application time: 0.0049370 seconds
20.388: [GC20.388: [DefNew: 15688K->1425K(18432K), 0.0032920 secs] 37607K->33319K(59392K), 0.0033330 secs] [Times: user=0.01 sys=0.00, real=0.00 secs] 
20.391: Total time for which application threads were stopped: 0.0035210 seconds, Stopping threads took: 0.0001110 seconds
20.396: Application time: 0.0048340 seconds
20.396: [GC20.396: [DefNew: 17116K->17116K(18432K), 0.0000100 secs]20.396: [Tenured: 31894K->22631K(40960K), 0.0104790 secs] 49010K->22631K(59392K), [Perm : 6053K->6053K(21248K)], 0.0105370 secs] [Times: user=0.01 sys=0.00, real=0.01 secs] 
20.407: Total time for which application threads were stopped: 0.0107990 seconds, Stopping threads took: 0.0001930 seconds
20.412: Application time: 0.0046030 seconds
20.412: [GC20.412: [DefNew: 15718K->1428K(18432K), 0.0038200 secs] 38349K->36173K(59392K), 0.0038700 secs] [Times: user=0.01 sys=0.00, real=0.01 secs] 
20.416: Total time for which application threads were stopped: 0.0042610 seconds, Stopping threads took: 0.0003020 seconds
20.421: Application time: 0.0047770 seconds
20.421: [GC20.421: [DefNew: 17119K->17119K(18432K), 0.0000100 secs]20.421: [Tenured: 34744K->26910K(40960K), 0.0101830 secs] 51864K->26910K(59392K), [Perm : 6053K->6053K(21248K)], 0.0102420 secs] [Times: user=0.01 sys=0.00, real=0.01 secs] 
20.431: Total time for which application threads were stopped: 0.0107320 seconds, Stopping threads took: 0.0004170 seconds
20.437: Application time: 0.0052460 seconds
20.437: [GC20.437: [DefNew: 15690K->15690K(18432K), 0.0000110 secs]20.437: [Tenured: 26910K->26910K(40960K), 0.0112050 secs] 42601K->26910K(59392K), [Perm : 6053K->6053K(21248K)], 0.0112670 secs] [Times: user=0.01 sys=0.00, real=0.01 secs] 
20.448: Total time for which application threads were stopped: 0.0116480 seconds, Stopping threads took: 0.0002770 seconds
20.453: Application time: 0.0050570 seconds
20.454: [GC20.454: [DefNew: 15697K->15697K(18432K), 0.0000100 secs]20.454: [Tenured: 26910K->25482K(40960K), 0.0121840 secs] 42607K->25482K(59392K), [Perm : 6053K->6053K(21248K)], 0.0122410 secs] [Times: user=0.01 sys=0.00, real=0.01 secs] 
20.466: Total time for which application threads were stopped: 0.0124740 seconds, Stopping threads took: 0.0001460 seconds
20.470: Application time: 0.0047080 seconds
20.471: [GC20.471: [DefNew: 15692K->15692K(18432K), 0.0000100 secs]20.471: [Tenured: 25482K->28332K(40960K), 0.0110270 secs] 41174K->28332K(59392K), [Perm : 6053K->6053K(21248K)], 0.0110850 secs] [Times: user=0.01 sys=0.00, real=0.01 secs] 
20.482: Total time for which application threads were stopped: 0.0114810 seconds, Stopping threads took: 0.0003080 seconds
20.487: Application time: 0.0053310 seconds
20.488: [GC20.488: [DefNew: 15690K->15690K(18432K), 0.0000090 secs]20.488: [Tenured: 28332K->28332K(40960K), 0.0109970 secs] 44023K->28332K(59392K), [Perm : 6053K->6053K(21248K)], 0.0110550 secs] [Times: user=0.01 sys=0.00, real=0.01 secs] 
20.499: Total time for which application threads were stopped: 0.0116200 seconds, Stopping threads took: 0.0004730 seconds
20.504: Application time: 0.0050750 seconds
20.504: [GC20.504: [DefNew: 15690K->15690K(18432K), 0.0000090 secs]20.504: [Tenured: 28332K->29044K(40960K), 0.0109600 secs] 44023K->29044K(59392K), [Perm : 6053K->6053K(21248K)], 0.0110200 secs] [Times: user=0.01 sys=0.00, real=0.02 secs] 
20.515: Total time for which application threads were stopped: 0.0113140 seconds, Stopping threads took: 0.0002220 seconds
20.520: Application time: 0.0045950 seconds
20.520: [GC20.520: [DefNew: 15691K->15691K(18432K), 0.0000100 secs]20.520: [Tenured: 29044K->26907K(40960K), 0.0123990 secs] 44736K->26907K(59392K), [Perm : 6053K->6053K(21248K)], 0.0124590 secs] [Times: user=0.01 sys=0.00, real=0.01 secs] 
20.533: Total time for which application threads were stopped: 0.0127230 seconds, Stopping threads took: 0.0001750 seconds
20.538: Application time: 0.0052210 seconds
20.538: [GC20.538: [DefNew: 15697K->15697K(18432K), 0.0000090 secs]20.538: [Tenured: 26907K->24058K(40960K), 0.0092120 secs] 42604K->24058K(59392K), [Perm : 6053K->6053K(21248K)], 0.0092690 secs] [Times: user=0.01 sys=0.00, real=0.01 secs] 
20.548: Total time for which application threads were stopped: 0.0095990 seconds, Stopping threads took: 0.0002420 seconds
20.553: Application time: 0.0054800 seconds
20.553: [GC20.553: [DefNew: 15690K->1425K(18432K), 0.0028820 secs] 39749K->34035K(59392K), 0.0029220 secs] [Times: user=0.01 sys=0.00, real=0.01 secs] 
20.556: Total time for which application threads were stopped: 0.0032510 seconds, Stopping threads took: 0.0002440 seconds
20.561: Application time: 0.0052610 seconds
20.562: [GC20.562: [DefNew: 17116K->17116K(18432K), 0.0000100 secs]20.562: [Tenured: 32609K->26908K(40960K), 0.0102630 secs] 49726K->26908K(59392K), [Perm : 6053K->6053K(21248K)], 0.0103230 secs] [Times: user=0.01 sys=0.00, real=0.01 secs] 
20.572: Total time for which application threads were stopped: 0.0105970 seconds, Stopping threads took: 0.0001860 seconds
20.577: Application time: 0.0051380 seconds
20.577: [GC20.577: [DefNew: 15697K->15697K(18432K), 0.0000090 secs]20.578: [Tenured: 26908K->29047K(40960K), 0.0107450 secs] 42605K->29047K(59392K), [Perm : 6053K->6053K(21248K)], 0.0108120 secs] [Times: user=0.01 sys=0.00, real=0.01 secs] 
20.588: Total time for which application threads were stopped: 0.0110400 seconds, Stopping threads took: 0.0001550 seconds
20.593: Application time: 0.0049200 seconds
20.593: [GC20.593: [DefNew: 15690K->15690K(18432K), 0.0000100 secs]20.593: [Tenured: 29047K->27619K(40960K), 0.0124390 secs] 44738K->27619K(59392K), [Perm : 6053K->6053K(21248K)], 0.0124980 secs] [Times: user=0.01 sys=0.00, real=0.01 secs] 
20.606: Total time for which application threads were stopped: 0.0127370 seconds, Stopping threads took: 0.0001620 seconds
20.611: Application time: 0.0053160 seconds
20.612: [GC20.612: [DefNew: 15690K->15690K(18432K), 0.0000100 secs]20.612: [Tenured: 27619K->24057K(40960K), 0.0088070 secs] 43310K->24057K(59392K), [Perm : 6053K->6053K(21248K)], 0.0088670 secs] [Times: user=0.01 sys=0.00, real=0.01 secs] 
20.621: Total time for which application threads were stopped: 0.0095420 seconds, Stopping threads took: 0.0005870 seconds
20.626: Application time: 0.0051270 seconds
20.626: [GC20.626: [DefNew: 15716K->1428K(18432K), 0.0034320 secs] 39774K->36173K(59392K), 0.0034730 secs] [Times: user=0.00 sys=0.00, real=0.00 secs] 
20.630: Total time for which application threads were stopped: 0.0036960 seconds, Stopping threads took: 0.0001330 seconds
20.634: Application time: 0.0042710 seconds
20.634: [GC20.634: [DefNew: 17123K->17123K(18432K), 0.0000100 secs]20.634: [Tenured: 34745K->26194K(40960K), 0.0132940 secs] 51868K->26194K(59392K), [Perm : 6054K->6054K(21248K)], 0.0133540 secs] [Times: user=0.01 sys=0.00, real=0.01 secs] 
20.648: Total time for which application threads were stopped: 0.0136530 seconds, Stopping threads took: 0.0002260 seconds
20.652: Application time: 0.0046070 seconds
20.652: [GC20.653: [DefNew: 15688K->15688K(18432K), 0.0000090 secs]20.653: [Tenured: 26194K->24769K(40960K), 0.0092520 secs] 41883K->24769K(59392K), [Perm : 6054K->6054K(21248K)], 0.0093110 secs] [Times: user=0.01 sys=0.00, real=0.01 secs] 
20.662: Total time for which application threads were stopped: 0.0096160 seconds, Stopping threads took: 0.0002180 seconds
20.667: Application time: 0.0051100 seconds
20.667: [GC20.667: [DefNew: 15697K->1426K(18432K), 0.0031140 secs] 40467K->35459K(59392K), 0.0031540 secs] [Times: user=0.00 sys=0.00, real=0.00 secs] 
20.670: Total time for which application threads were stopped: 0.0034260 seconds, Stopping threads took: 0.0001850 seconds
20.675: Application time: 0.0047950 seconds
20.675: [GC20.675: [DefNew: 17114K->17114K(18432K), 0.0000090 secs]20.675: [Tenured: 34033K->25481K(40960K), 0.0121860 secs] 51148K->25481K(59392K), [Perm : 6054K->6054K(21248K)], 0.0122450 secs] [Times: user=0.01 sys=0.00, real=0.01 secs] 
20.688: Total time for which application threads were stopped: 0.0125560 seconds, Stopping threads took: 0.0002200 seconds
20.693: Application time: 0.0053780 seconds
20.693: [GC20.693: [DefNew: 15686K->15686K(18432K), 0.0000110 secs]20.693: [Tenured: 25481K->24056K(40960K), 0.0109100 secs] 41168K->24056K(59392K), [Perm : 6054K->6054K(21248K)], 0.0109720 secs] [Times: user=0.01 sys=0.00, real=0.01 secs] 
20.704: Total time for which application threads were stopped: 0.0112190 seconds, Stopping threads took: 0.0001540 seconds
20.709: Application time: 0.0049240 seconds
20.709: [GC20.709: [DefNew: 15695K->1426K(18432K), 0.0026690 secs] 39752K->33321K(59392K), 0.0027090 secs] [Times: user=0.01 sys=0.00, real=0.00 secs] 
20.712: Total time for which application threads were stopped: 0.0029180 seconds, Stopping threads took: 0.0001320 seconds
20.718: Application time: 0.0053850 seconds
20.718: [GC20.718: [DefNew: 17113K->17113K(18432K), 0.0000100 secs]20.718: [Tenured: 31894K->25482K(40960K), 0.0097310 secs] 49008K->25482K(59392K), [Perm : 6054K->6054K(21248K)], 0.0097900 secs] [Times: user=0.01 sys=0.00, real=0.01 secs] 
20.728: Total time for which application threads were stopped: 0.0101490 seconds, Stopping threads took: 0.0002590 seconds
20.734: Application time: 0.0058840 seconds
20.734: [GC20.734: [DefNew: 15686K->15686K(18432K), 0.0000110 secs]20.734: [Tenured: 25482K->22632K(40960K), 0.0095920 secs] 41169K->22632K(59392K), [Perm : 6054K->6054K(21248K)], 0.0096520 secs] [Times: user=0.01 sys=0.00, real=0.00 secs] 
20.743: Total time for which application threads were stopped: 0.0098540 seconds, Stopping threads took: 0.0001120 seconds
20.749: Application time: 0.0054800 seconds
20.749: [GC20.749: [DefNew: 15696K->1426K(18432K), 0.0025490 secs] 38328K->31184K(59392K), 0.0025900 secs] [Times: user=0.00 sys=0.00, real=0.00 secs] 
20.752: Total time for which application threads were stopped: 0.0027650 seconds, Stopping threads took: 0.0001070 seconds
20.757: Application time: 0.0049390 seconds
20.757: [GC20.757: [DefNew: 17111K->17111K(18432K), 0.0000110 secs]20.757: [Tenured: 29758K->22631K(40960K), 0.0124410 secs] 46870K->22631K(59392K), [Perm : 6054K->6054K(21248K)], 0.0125050 secs] [Times: user=0.01 sys=0.00, real=0.01 secs] 
20.769: Total time for which application threads were stopped: 0.0127970 seconds, Stopping threads took: 0.0001740 seconds
20.775: Application time: 0.0058490 seconds
20.775: [GC20.775: [DefNew: 15692K->1426K(18432K), 0.0021860 secs] 38324K->29759K(59392K), 0.0022260 secs] [Times: user=0.00 sys=0.00, real=0.00 secs] 
20.778: Total time for which application threads were stopped: 0.0023910 seconds, Stopping threads took: 0.0000990 seconds
20.783: Application time: 0.0051280 seconds
20.783: [GC20.783: [DefNew: 17127K->17127K(18432K), 0.0000090 secs]20.783: [Tenured: 28333K->24772K(40960K), 0.0097550 secs] 45460K->24772K(59392K), [Perm : 6054K->6054K(21248K)], 0.0098160 secs] [Times: user=0.00 sys=0.00, real=0.01 secs] 
20.793: Total time for which application threads were stopped: 0.0101820 seconds, Stopping threads took: 0.0002740 seconds
20.800: Application time: 0.0064820 seconds
20.800: [GC20.800: [DefNew: 15684K->1425K(18432K), 0.0017040 secs] 40456K->30473K(59392K), 0.0017430 secs] [Times: user=0.00 sys=0.00, real=0.00 secs] 
20.802: Total time for which application threads were stopped: 0.0020870 seconds, Stopping threads took: 0.0002590 seconds
20.807: Application time: 0.0051170 seconds
20.807: [GC20.807: [DefNew: 17111K->17111K(18432K), 0.0000110 secs]20.807: [Tenured: 29048K->22631K(40960K), 0.0121550 secs] 46159K->22631K(59392K), [Perm : 6054K->6054K(21248K)], 0.0122200 secs] [Times: user=0.01 sys=0.00, real=0.01 secs] 
20.819: Total time for which application threads were stopped: 0.0124850 seconds, Stopping threads took: 0.0001730 seconds
20.825: Application time: 0.0059130 seconds
20.825: [GC20.825: [DefNew: 15690K->1426K(18432K), 0.0015560 secs] 38321K->27620K(59392K), 0.0015940 secs] [Times: user=0.00 sys=0.00, real=0.01 secs] 
20.827: Total time for which application threads were stopped: 0.0018200 seconds, Stopping threads took: 0.0001410 seconds
20.832: Application time: 0.0048450 seconds
20.832: [GC20.832: [DefNew: 17113K->17113K(18432K), 0.0000100 secs]20.832: [Tenured: 26194K->24056K(40960K), 0.0110370 secs] 43307K->24056K(59392K), [Perm : 6054K->6054K(21248K)], 0.0110980 secs] [Times: user=0.01 sys=0.00, real=0.01 secs] 
20.843: Total time for which application threads were stopped: 0.0114790 seconds, Stopping threads took: 0.0002980 seconds
20.849: Application time: 0.0057510 seconds
20.849: [GC20.849: [DefNew: 15684K->1425K(18432K), 0.0022060 secs] 39741K->31182K(59392K), 0.0022470 secs] [Times: user=0.00 sys=0.00, real=0.00 secs] 
20.852: Total time for which application threads were stopped: 0.0025110 seconds, Stopping threads took: 0.0001770 seconds
20.859: Application time: 0.0074970 seconds
20.859: [GC20.859: [DefNew: 17124K->17124K(18432K), 0.0000100 secs]20.859: [Tenured: 29757K->23343K(40960K), 0.0111650 secs] 46881K->23343K(59392K), [Perm : 6054K->6054K(21248K)], 0.0112270 secs] [Times: user=0.01 sys=0.00, real=0.01 secs] 
20.870: Total time for which application threads were stopped: 0.0113870 seconds, Stopping threads took: 0.0000760 seconds
20.884: Application time: 0.0133080 seconds
20.884: [GC20.884: [DefNew: 15678K->712K(18432K), 0.0004100 secs] 39022K->24055K(59392K), 0.0004430 secs] [Times: user=0.00 sys=0.00, real=0.00 secs] 
20.884: Total time for which application threads were stopped: 0.0007290 seconds, Stopping threads took: 0.0002060 seconds
20.941: Application time: 0.0564280 seconds
20.941: [GC20.941: [DefNew: 16410K->1426K(18432K), 0.0035880 secs] 39753K->36169K(59392K), 0.0036290 secs] [Times: user=0.00 sys=0.00, real=0.00 secs] 
20.945: Total time for which application threads were stopped: 0.0039130 seconds, Stopping threads took: 0.0001880 seconds
21.009: Application time: 0.0643820 seconds
21.009: [GC21.009: [DefNew: 17117K->17117K(18432K), 0.0000100 secs]21.009: [Tenured: 34743K->24768K(40960K), 0.0118060 secs] 51861K->24768K(59392K), [Perm : 6054K->6054K(21248K)], 0.0118670 secs] [Times: user=0.01 sys=0.00, real=0.01 secs] 
21.021: Total time for which application threads were stopped: 0.0120310 seconds, Stopping threads took: 0.0000930 seconds
21.090: Application time: 0.0691830 seconds
21.091: [GC21.091: [DefNew: 15691K->1425K(18432K), 0.0043290 secs] 40459K->40443K(59392K), 0.0043690 secs] [Times: user=0.01 sys=0.00, real=0.01 secs] 
21.095: Total time for which application threads were stopped: 0.0045250 seconds, Stopping threads took: 0.0000800 seconds
21.169: Application time: 0.0737280 seconds
21.169: [GC21.169: [DefNew: 17116K->17116K(18432K), 0.0000100 secs]21.169: [Tenured: 39018K->25480K(40960K), 0.0104450 secs] 56134K->25480K(59392K), [Perm : 6054K->6054K(21248K)], 0.0105020 secs] [Times: user=0.01 sys=0.00, real=0.01 secs] 
21.179: Total time for which application threads were stopped: 0.0106390 seconds, Stopping threads took: 0.0000670 seconds
21.247: Application time: 0.0678180 seconds
21.247: [GC21.247: [DefNew: 15691K->15691K(18432K), 0.0000100 secs]21.247: [Tenured: 25480K->24768K(40960K), 0.0103850 secs] 41172K->24768K(59392K), [Perm : 6054K->6054K(21248K)], 0.0104400 secs] [Times: user=0.01 sys=0.00, real=0.01 secs] 
21.258: Total time for which application threads were stopped: 0.0106000 seconds, Stopping threads took: 0.0000910 seconds
21.325: Application time: 0.0673150 seconds
21.325: [GC21.325: [DefNew: 15691K->1425K(18432K), 0.0044790 secs] 40459K->40443K(59392K), 0.0045210 secs] [Times: user=0.01 sys=0.00, real=0.01 secs] 
21.330: Total time for which application threads were stopped: 0.0047760 seconds, Stopping threads took: 0.0001670 seconds
21.404: Application time: 0.0738670 seconds
21.404: [GC21.404: [DefNew: 17116K->17116K(18432K), 0.0000110 secs]21.404: [Tenured: 39018K->25480K(40960K), 0.0121250 secs] 56134K->25480K(59392K), [Perm : 6054K->6054K(21248K)], 0.0121880 secs] [Times: user=0.01 sys=0.00, real=0.02 secs] 
21.416: Total time for which application threads were stopped: 0.0124100 seconds, Stopping threads took: 0.0001300 seconds
21.491: Application time: 0.0747130 seconds
21.491: [GC21.491: [DefNew: 15689K->15689K(18432K), 0.0000100 secs]21.491: [Tenured: 25480K->24768K(40960K), 0.0109610 secs] 41170K->24768K(59392K), [Perm : 6054K->6054K(21248K)], 0.0110180 secs] [Times: user=0.01 sys=0.00, real=0.01 secs] 
21.502: Total time for which application threads were stopped: 0.0112060 seconds, Stopping threads took: 0.0001080 seconds
21.549: Application time: 0.0465530 seconds
21.549: [GC21.549: [DefNew: 15691K->1425K(18432K), 0.0044700 secs] 40459K->40443K(59392K), 0.0045120 secs] [Times: user=0.00 sys=0.00, real=0.00 secs] 
21.553: Total time for which application threads were stopped: 0.0046540 seconds, Stopping threads took: 0.0000740 seconds
21.627: Application time: 0.0738880 seconds
21.627: [GC21.627: [DefNew: 17125K->17125K(18432K), 0.0000100 secs]21.627: [Tenured: 39018K->25481K(40960K), 0.0120730 secs] 56143K->25481K(59392K), [Perm : 6054K->6054K(21248K)], 0.0121350 secs] [Times: user=0.02 sys=0.00, real=0.01 secs] 
21.639: Total time for which application threads were stopped: 0.0123300 seconds, Stopping threads took: 0.0001150 seconds
21.699: Application time: 0.0592250 seconds
21.699: [GC21.699: [DefNew: 15691K->15691K(18432K), 0.0000090 secs]21.699: [Tenured: 25481K->25481K(40960K), 0.0102160 secs] 41173K->25481K(59392K), [Perm : 6054K->6054K(21248K)], 0.0102740 secs] [Times: user=0.01 sys=0.00, real=0.01 secs] 
21.709: Total time for which application threads were stopped: 0.0104420 seconds, Stopping threads took: 0.0000880 seconds
21.782: Application time: 0.0732660 seconds
21.783: [GC21.783: [DefNew: 15708K->15708K(18432K), 0.0000100 secs]21.783: [Tenured: 25481K->26193K(40960K), 0.0115780 secs] 41190K->26193K(59392K), [Perm : 6054K->6054K(21248K)], 0.0116340 secs] [Times: user=0.01 sys=0.00, real=0.02 secs] 
21.794: Total time for which application threads were stopped: 0.0117970 seconds, Stopping threads took: 0.0000950 seconds
21.868: Application time: 0.0733890 seconds
21.868: [GC21.868: [DefNew: 15708K->15708K(18432K), 0.0000100 secs]21.868: [Tenured: 26193K->27619K(40960K), 0.0107250 secs] 41901K->27619K(59392K), [Perm : 6054K->6054K(21248K)], 0.0107780 secs] [Times: user=0.01 sys=0.00, real=0.01 secs] 
21.879: Total time for which application threads were stopped: 0.0109090 seconds, Stopping threads took: 0.0000640 seconds
21.942: Application time: 0.0638280 seconds
21.942: [GC21.942: [DefNew: 15717K->15717K(18432K), 0.0000090 secs]21.943: [Tenured: 27619K->28334K(40960K), 0.0105670 secs] 43337K->28334K(59392K), [Perm : 6054K->6054K(21248K)], 0.0106240 secs] [Times: user=0.02 sys=0.00, real=0.01 secs] 
21.953: Total time for which application threads were stopped: 0.0107910 seconds, Stopping threads took: 0.0000720 seconds
22.021: Application time: 0.0675620 seconds
22.021: [GC22.021: [DefNew: 15691K->15691K(18432K), 0.0000100 secs]22.021: [Tenured: 28334K->32609K(40960K), 0.0120970 secs] 44026K->32609K(59392K), [Perm : 6054K->6054K(21248K)], 0.0121600 secs] [Times: user=0.02 sys=0.00, real=0.01 secs] 
22.033: Total time for which application threads were stopped: 0.0123360 seconds, Stopping threads took: 0.0000930 seconds
22.107: Application time: 0.0737100 seconds
22.107: [GC22.107: [DefNew: 15691K->15691K(18432K), 0.0000110 secs]22.107: [Tenured: 32609K->31180K(40960K), 0.0126290 secs] 48301K->31180K(59392K), [Perm : 6054K->6054K(21248K)], 0.0126880 secs] [Times: user=0.02 sys=0.00, real=0.01 secs] 
22.120: Total time for which application threads were stopped: 0.0128280 seconds, Stopping threads took: 0.0000700 seconds
22.188: Application time: 0.0683420 seconds
22.188: [GC22.188: [DefNew: 15691K->15691K(18432K), 0.0000110 secs]22.188: [Tenured: 31180K->30468K(40960K), 0.0118570 secs] 46872K->30468K(59392K), [Perm : 6054K->6054K(21248K)], 0.0119200 secs] [Times: user=0.02 sys=0.00, real=0.01 secs] 
22.200: Total time for which application threads were stopped: 0.0120980 seconds, Stopping threads took: 0.0000880 seconds
22.271: Application time: 0.0705350 seconds
22.271: [GC22.271: [DefNew: 15691K->15691K(18432K), 0.0000100 secs]22.271: [Tenured: 30468K->31180K(40960K), 0.0108180 secs] 46159K->31180K(59392K), [Perm : 6054K->6054K(21248K)], 0.0108760 secs] [Times: user=0.01 sys=0.00, real=0.01 secs] 
22.282: Total time for which application threads were stopped: 0.0110080 seconds, Stopping threads took: 0.0000610 seconds
22.355: Application time: 0.0739060 seconds
22.356: [GC22.356: [DefNew: 15691K->15691K(18432K), 0.0000110 secs]22.356: [Tenured: 31180K->31180K(40960K), 0.0109020 secs] 46872K->31180K(59392K), [Perm : 6054K->6054K(21248K)], 0.0109630 secs] [Times: user=0.01 sys=0.00, real=0.01 secs] 
22.367: Total time for which application threads were stopped: 0.0111000 seconds, Stopping threads took: 0.0000670 seconds
22.436: Application time: 0.0691540 seconds
22.436: [GC22.436: [DefNew: 15691K->15691K(18432K), 0.0000110 secs]22.436: [Tenured: 31180K->30468K(40960K), 0.0118680 secs] 46872K->30468K(59392K), [Perm : 6054K->6054K(21248K)], 0.0119300 secs] [Times: user=0.02 sys=0.00, real=0.01 secs] 
22.448: Total time for which application threads were stopped: 0.0121100 seconds, Stopping threads took: 0.0001090 seconds
22.496: Application time: 0.0477300 seconds
22.496: [GC22.496: [DefNew: 15691K->15691K(18432K), 0.0000120 secs]22.496: [Tenured: 30468K->31180K(40960K), 0.0110650 secs] 46159K->31180K(59392K), [Perm : 6054K->6054K(21248K)], 0.0111330 secs] [Times: user=0.01 sys=0.00, real=0.01 secs] 
22.507: Total time for which application threads were stopped: 0.0112730 seconds, Stopping threads took: 0.0000680 seconds
22.581: Application time: 0.0737910 seconds
22.581: [GC22.581: [DefNew: 15691K->15691K(18432K), 0.0000100 secs]22.581: [Tenured: 31180K->31180K(40960K), 0.0111330 secs] 46872K->31180K(59392K), [Perm : 6054K->6054K(21248K)], 0.0111890 secs] [Times: user=0.01 sys=0.00, real=0.01 secs] 
22.592: Total time for which application threads were stopped: 0.0113250 seconds, Stopping threads took: 0.0000570 seconds
22.656: Application time: 0.0638870 seconds
22.656: [GC22.656: [DefNew: 15699K->15699K(18432K), 0.0000110 secs]22.656: [Tenured: 31180K->31181K(40960K), 0.0111990 secs] 46880K->31181K(59392K), [Perm : 6054K->6054K(21248K)], 0.0112580 secs] [Times: user=0.01 sys=0.00, real=0.01 secs] 
22.667: Total time for which application threads were stopped: 0.0114410 seconds, Stopping threads took: 0.0001120 seconds
22.738: Application time: 0.0709080 seconds
22.738: [GC22.738: [DefNew: 15691K->15691K(18432K), 0.0000110 secs]22.738: [Tenured: 31181K->30468K(40960K), 0.0141200 secs] 46873K->30468K(59392K), [Perm : 6054K->6054K(21248K)], 0.0141830 secs] [Times: user=0.02 sys=0.00, real=0.01 secs] 
22.753: Total time for which application threads were stopped: 0.0143480 seconds, Stopping threads took: 0.0000930 seconds
22.811: Application time: 0.0587840 seconds
22.812: [GC22.812: [DefNew: 15697K->15697K(18432K), 0.0000090 secs]22.812: [Tenured: 30468K->30469K(40960K), 0.0114260 secs] 46166K->30469K(59392K), [Perm : 6054K->6054K(21248K)], 0.0114850 secs] [Times: user=0.02 sys=0.00, real=0.01 secs] 
22.823: Total time for which application threads were stopped: 0.0117300 seconds, Stopping threads took: 0.0001580 seconds
22.887: Application time: 0.0640560 seconds
22.887: [GC22.887: [DefNew: 15704K->15704K(18432K), 0.0000100 secs]22.887: [Tenured: 30469K->28330K(40960K), 0.0120430 secs] 46173K->28330K(59392K), [Perm : 6054K->6054K(21248K)], 0.0121030 secs] [Times: user=0.01 sys=0.00, real=0.01 secs] 
22.899: Total time for which application threads were stopped: 0.0123150 seconds, Stopping threads took: 0.0001280 seconds
22.940: Application time: 0.0408440 seconds
22.940: [GC22.940: [DefNew: 15720K->15720K(18432K), 0.0000100 secs]22.940: [Tenured: 28330K->21205K(40960K), 0.0113670 secs] 44051K->21205K(59392K), [Perm : 6054K->6054K(21248K)], 0.0114270 secs] [Times: user=0.01 sys=0.00, real=0.01 secs] 
22.952: Total time for which application threads were stopped: 0.0116140 seconds, Stopping threads took: 0.0001150 seconds
23.012: Application time: 0.0600080 seconds
23.012: [GC23.012: [DefNew: 15687K->1425K(18432K), 0.0034290 secs] 36893K->33318K(59392K), 0.0034620 secs] [Times: user=0.00 sys=0.00, real=0.01 secs] 
23.016: Total time for which application threads were stopped: 0.0035840 seconds, Stopping threads took: 0.0000570 seconds
23.065: Application time: 0.0490080 seconds
23.065: [GC23.065: [DefNew: 17112K->17112K(18432K), 0.0000110 secs]23.065: [Tenured: 31893K->24768K(40960K), 0.0116610 secs] 49006K->24768K(59392K), [Perm : 6054K->6054K(21248K)], 0.0117250 secs] [Times: user=0.02 sys=0.00, real=0.02 secs] 
23.076: Total time for which application threads were stopped: 0.0119330 seconds, Stopping threads took: 0.0001380 seconds
23.139: Application time: 0.0625970 seconds
23.139: [GC23.139: [DefNew: 15687K->1425K(18432K), 0.0035200 secs] 40456K->36881K(59392K), 0.0035610 secs] [Times: user=0.00 sys=0.00, real=0.00 secs] 
23.143: Total time for which application threads were stopped: 0.0037250 seconds, Stopping threads took: 0.0000840 seconds
23.180: Application time: 0.0371390 seconds
23.180: [GC23.180: [DefNew: 17113K->17113K(18432K), 0.0000150 secs]23.180: [Tenured: 35456K->24768K(40960K), 0.0119600 secs] 52569K->24768K(59392K), [Perm : 6054K->6054K(21248K)], 0.0120370 secs] [Times: user=0.01 sys=0.00, real=0.01 secs] 
23.192: Total time for which application threads were stopped: 0.0122230 seconds, Stopping threads took: 0.0001140 seconds
23.250: Application time: 0.0575610 seconds
23.250: [GC23.250: [DefNew: 15688K->1425K(18432K), 0.0034660 secs] 40456K->36882K(59392K), 0.0035030 secs] [Times: user=0.00 sys=0.00, real=0.00 secs] 
23.253: Total time for which application threads were stopped: 0.0036280 seconds, Stopping threads took: 0.0000580 seconds
23.307: Application time: 0.0536130 seconds
23.307: [GC23.307: [DefNew: 17113K->17113K(18432K), 0.0000100 secs]23.307: [Tenured: 35457K->24769K(40960K), 0.0103050 secs] 52570K->24769K(59392K), [Perm : 6054K->6054K(21248K)], 0.0103800 secs] [Times: user=0.01 sys=0.00, real=0.01 secs] 
23.317: Total time for which application threads were stopped: 0.0105300 seconds, Stopping threads took: 0.0000810 seconds
23.358: Application time: 0.0400330 seconds
23.358: [GC23.358: [DefNew: 15688K->1425K(18432K), 0.0034870 secs] 40457K->36882K(59392K), 0.0035280 secs] [Times: user=0.00 sys=0.00, real=0.00 secs] 
23.361: Total time for which application threads were stopped: 0.0036590 seconds, Stopping threads took: 0.0000620 seconds
23.416: Application time: 0.0549930 seconds
23.416: [GC23.416: [DefNew: 17113K->17113K(18432K), 0.0000100 secs]23.416: [Tenured: 35457K->24769K(40960K), 0.0112700 secs] 52571K->24769K(59392K), [Perm : 6054K->6054K(21248K)], 0.0113310 secs] [Times: user=0.01 sys=0.00, real=0.01 secs] 
23.428: Total time for which application threads were stopped: 0.0115250 seconds, Stopping threads took: 0.0001260 seconds
23.489: Application time: 0.0609160 seconds
23.489: [GC23.489: [DefNew: 15688K->1425K(18432K), 0.0035180 secs] 40457K->36882K(59392K), 0.0035560 secs] [Times: user=0.01 sys=0.00, real=0.00 secs] 
23.492: Total time for which application threads were stopped: 0.0037800 seconds, Stopping threads took: 0.0001450 seconds
23.525: Application time: 0.0329100 seconds
23.525: [GC23.525: [DefNew: 17113K->17113K(18432K), 0.0000110 secs]23.525: [Tenured: 35457K->24769K(40960K), 0.0110390 secs] 52571K->24769K(59392K), [Perm : 6054K->6054K(21248K)], 0.0111000 secs] [Times: user=0.01 sys=0.00, real=0.01 secs] 
23.537: Total time for which application threads were stopped: 0.0112570 seconds, Stopping threads took: 0.0000820 seconds
23.596: Application time: 0.0590720 seconds
23.596: [GC23.596: [DefNew: 15688K->1425K(18432K), 0.0036240 secs] 40458K->36883K(59392K), 0.0036670 secs] [Times: user=0.01 sys=0.00, real=0.00 secs] 
23.599: Total time for which application threads were stopped: 0.0038330 seconds, Stopping threads took: 0.0000990 seconds
23.655: Application time: 0.0559720 seconds
23.656: [GC23.656: [DefNew: 17114K->17114K(18432K), 0.0000090 secs]23.656: [Tenured: 35458K->24769K(40960K), 0.0112310 secs] 52572K->24769K(59392K), [Perm : 6054K->6054K(21248K)], 0.0112900 secs] [Times: user=0.02 sys=0.00, real=0.01 secs] 
23.667: Total time for which application threads were stopped: 0.0115810 seconds, Stopping threads took: 0.0001900 seconds
23.711: Application time: 0.0437790 seconds
23.711: [GC23.711: [DefNew: 15697K->1426K(18432K), 0.0035000 secs] 40467K->36884K(59392K), 0.0035400 secs] [Times: user=0.00 sys=0.00, real=0.01 secs] 
23.715: Total time for which application threads were stopped: 0.0037810 seconds, Stopping threads took: 0.0001740 seconds
23.764: Application time: 0.0491960 seconds
23.764: [GC23.764: [DefNew: 17115K->17115K(18432K), 0.0000100 secs]23.764: [Tenured: 35458K->25483K(40960K), 0.0121200 secs] 52573K->25483K(59392K), [Perm : 6054K->6054K(21248K)], 0.0121830 secs] [Times: user=0.02 sys=0.00, real=0.02 secs] 
23.776: Total time for which application threads were stopped: 0.0124100 seconds, Stopping threads took: 0.0001370 seconds
23.836: Application time: 0.0600840 seconds
23.836: [GC23.836: [DefNew: 15698K->15698K(18432K), 0.0000110 secs]23.836: [Tenured: 25483K->26196K(40960K), 0.0112630 secs] 41181K->26196K(59392K), [Perm : 6054K->6054K(21248K)], 0.0113330 secs] [Times: user=0.01 sys=0.00, real=0.01 secs] 
23.848: Total time for which application threads were stopped: 0.0114630 seconds, Stopping threads took: 0.0000580 seconds
23.887: Application time: 0.0393500 seconds
23.887: [GC23.887: [DefNew: 15698K->15698K(18432K), 0.0000100 secs]23.887: [Tenured: 26196K->25482K(40960K), 0.0120380 secs] 41895K->25482K(59392K), [Perm : 6054K->6054K(21248K)], 0.0120990 secs] [Times: user=0.01 sys=0.00, real=0.01 secs] 
23.899: Total time for which application threads were stopped: 0.0122690 seconds, Stopping threads took: 0.0000880 seconds
23.959: Application time: 0.0599980 seconds
23.959: [GC23.960: [DefNew: 15707K->15707K(18432K), 0.0000100 secs]23.960: [Tenured: 25482K->27622K(40960K), 0.0106470 secs] 41189K->27622K(59392K), [Perm : 6054K->6054K(21248K)], 0.0107040 secs] [Times: user=0.01 sys=0.00, real=0.01 secs] 
23.970: Total time for which application threads were stopped: 0.0108360 seconds, Stopping threads took: 0.0000630 seconds
24.019: Application time: 0.0488700 seconds
24.019: [GC24.019: [DefNew: 15715K->15715K(18432K), 0.0000090 secs]24.019: [Tenured: 27622K->27624K(40960K), 0.0105560 secs] 43338K->27624K(59392K), [Perm : 6054K->6054K(21248K)], 0.0106120 secs] [Times: user=0.02 sys=0.00, real=0.01 secs] 
24.030: Total time for which application threads were stopped: 0.0107780 seconds, Stopping threads took: 0.0000870 seconds
24.089: Application time: 0.0591010 seconds
24.089: [GC24.089: [DefNew: 15689K->15689K(18432K), 0.0000090 secs]24.089: [Tenured: 27624K->31187K(40960K), 0.0107680 secs] 43313K->31187K(59392K), [Perm : 6054K->6054K(21248K)], 0.0108230 secs] [Times: user=0.01 sys=0.00, real=0.01 secs] 
24.100: Total time for which application threads were stopped: 0.0109930 seconds, Stopping threads took: 0.0001010 seconds
24.141: Application time: 0.0410020 seconds
24.141: [GC24.141: [DefNew: 15688K->15688K(18432K), 0.0000100 secs]24.141: [Tenured: 31187K->30470K(40960K), 0.0122680 secs] 46876K->30470K(59392K), [Perm : 6054K->6054K(21248K)], 0.0123280 secs] [Times: user=0.01 sys=0.00, real=0.02 secs] 
24.154: Total time for which application threads were stopped: 0.0125530 seconds, Stopping threads took: 0.0001360 seconds
24.209: Application time: 0.0551880 seconds
24.209: [GC24.209: [DefNew: 15688K->15688K(18432K), 0.0000100 secs]24.209: [Tenured: 30470K->31183K(40960K), 0.0106990 secs] 46159K->31183K(59392K), [Perm : 6054K->6054K(21248K)], 0.0107600 secs] [Times: user=0.01 sys=0.00, real=0.01 secs] 
24.220: Total time for which application threads were stopped: 0.0109060 seconds, Stopping threads took: 0.0000660 seconds
24.272: Application time: 0.0522540 seconds
24.272: [GC24.272: [DefNew: 15688K->15688K(18432K), 0.0000100 secs]24.272: [Tenured: 31183K->30470K(40960K), 0.0104520 secs] 46872K->30470K(59392K), [Perm : 6054K->6054K(21248K)], 0.0105090 secs] [Times: user=0.01 sys=0.00, real=0.01 secs] 
24.283: Total time for which application threads were stopped: 0.0106480 seconds, Stopping threads took: 0.0000690 seconds
24.326: Application time: 0.0438840 seconds
24.327: [GC24.327: [DefNew: 15688K->15688K(18432K), 0.0000100 secs]24.327: [Tenured: 30470K->31182K(40960K), 0.0111400 secs] 46159K->31182K(59392K), [Perm : 6054K->6054K(21248K)], 0.0112010 secs] [Times: user=0.01 sys=0.00, real=0.01 secs] 
24.338: Total time for which application threads were stopped: 0.0113460 seconds, Stopping threads took: 0.0000730 seconds
24.390: Application time: 0.0524620 seconds
24.391: [GC24.391: [DefNew: 15688K->15688K(18432K), 0.0000110 secs]24.391: [Tenured: 31182K->30470K(40960K), 0.0118860 secs] 46871K->30470K(59392K), [Perm : 6054K->6054K(21248K)], 0.0119470 secs] [Times: user=0.01 sys=0.00, real=0.01 secs] 
24.403: Total time for which application threads were stopped: 0.0122750 seconds, Stopping threads took: 0.0002360 seconds
24.468: Application time: 0.0659880 seconds
24.469: [GC24.469: [DefNew: 15688K->15688K(18432K), 0.0000110 secs]24.469: [Tenured: 30470K->31182K(40960K), 0.0119160 secs] 46158K->31182K(59392K), [Perm : 6054K->6054K(21248K)], 0.0119860 secs] [Times: user=0.01 sys=0.00, real=0.01 secs] 
24.481: Total time for which application threads were stopped: 0.0121640 seconds, Stopping threads took: 0.0001080 seconds
24.511: Application time: 0.0305320 seconds
24.511: [GC24.511: [DefNew: 15688K->15688K(18432K), 0.0000100 secs]24.511: [Tenured: 31182K->30469K(40960K), 0.0110080 secs] 46871K->30469K(59392K), [Perm : 6054K->6054K(21248K)], 0.0110700 secs] [Times: user=0.01 sys=0.00, real=0.01 secs] 
24.522: Total time for which application threads were stopped: 0.0112220 seconds, Stopping threads took: 0.0000810 seconds
24.581: Application time: 0.0585980 seconds
24.581: [GC24.581: [DefNew: 15688K->15688K(18432K), 0.0000100 secs]24.581: [Tenured: 30469K->31182K(40960K), 0.0111190 secs] 46158K->31182K(59392K), [Perm : 6054K->6054K(21248K)], 0.0111800 secs] [Times: user=0.01 sys=0.00, real=0.01 secs] 
24.592: Total time for which application threads were stopped: 0.0114100 seconds, Stopping threads took: 0.0001480 seconds
24.652: Application time: 0.0592710 seconds
24.652: [GC24.652: [DefNew: 15688K->15688K(18432K), 0.0000100 secs]24.652: [Tenured: 31182K->30469K(40960K), 0.0109480 secs] 46870K->30469K(59392K), [Perm : 6054K->6054K(21248K)], 0.0110030 secs] [Times: user=0.01 sys=0.00, real=0.01 secs] 
24.663: Total time for which application threads were stopped: 0.0111880 seconds, Stopping threads took: 0.0001150 seconds
24.699: Application time: 0.0358470 seconds
24.699: [GC24.699: [DefNew: 15688K->15688K(18432K), 0.0000090 secs]24.699: [Tenured: 30469K->31182K(40960K), 0.0105230 secs] 46157K->31182K(59392K), [Perm : 6054K->6054K(21248K)], 0.0105810 secs] [Times: user=0.01 sys=0.00, real=0.01 secs] 
24.710: Total time for which application threads were stopped: 0.0108710 seconds, Stopping threads took: 0.0002090 seconds
24.763: Application time: 0.0534920 seconds
24.763: [GC24.763: [DefNew: 15689K->15689K(18432K), 0.0000090 secs]24.763: [Tenured: 31182K->29082K(40960K), 0.0106480 secs] 46871K->29082K(59392K), [Perm : 6054K->6054K(21248K)], 0.0107060 secs] [Times: user=0.02 sys=0.00, real=0.02 secs] 
24.774: Total time for which application threads were stopped: 0.0108550 seconds, Stopping threads took: 0.0000720 seconds
24.788: Application time: 0.0143710 seconds
24.788: [GC24.788: [DefNew: 15719K->15719K(18432K), 0.0000110 secs]24.789: [Tenured: 29082K->31924K(40960K), 0.0102030 secs] 44802K->31924K(59392K), [Perm : 6054K->6054K(21248K)], 0.0102700 secs] [Times: user=0.01 sys=0.00, real=0.01 secs] 
24.799: Total time for which application threads were stopped: 0.0104340 seconds, Stopping threads took: 0.0000910 seconds
24.811: Application time: 0.0123290 seconds
24.811: [GC24.811: [DefNew: 15681K->15681K(18432K), 0.0000100 secs]24.811: [Tenured: 31924K->29756K(40960K), 0.0132080 secs] 47605K->29756K(59392K), [Perm : 6054K->6054K(21248K)], 0.0132680 secs] [Times: user=0.01 sys=0.00, real=0.01 secs] 
24.825: Total time for which application threads were stopped: 0.0135420 seconds, Stopping threads took: 0.0001830 seconds
24.842: Application time: 0.0172690 seconds
24.842: [GC24.842: [DefNew: 15687K->15687K(18432K), 0.0000100 secs]24.842: [Tenured: 29756K->31895K(40960K), 0.0074080 secs] 45444K->31895K(59392K), [Perm : 6054K->6054K(21248K)], 0.0074670 secs] [Times: user=0.01 sys=0.00, real=0.01 secs] 
24.850: Total time for which application threads were stopped: 0.0077400 seconds, Stopping threads took: 0.0002040 seconds
24.864: Application time: 0.0147680 seconds
24.865: [GC24.865: [DefNew: 15679K->15679K(18432K), 0.0000090 secs]24.865: [Tenured: 31895K->31181K(40960K), 0.0103540 secs] 47574K->31181K(59392K), [Perm : 6054K->6054K(21248K)], 0.0104150 secs] [Times: user=0.01 sys=0.00, real=0.02 secs] 
24.875: Total time for which application threads were stopped: 0.0105720 seconds, Stopping threads took: 0.0000860 seconds
24.887: Application time: 0.0122510 seconds
24.887: [GC24.887: [DefNew: 15690K->15690K(18432K), 0.0000100 secs]24.887: [Tenured: 31181K->30469K(40960K), 0.0105720 secs] 46872K->30469K(59392K), [Perm : 6055K->6055K(21248K)], 0.0106380 secs] [Times: user=0.01 sys=0.00, real=0.01 secs] 
24.898: Total time for which application threads were stopped: 0.0108010 seconds, Stopping threads took: 0.0000930 seconds
24.908: Application time: 0.0099990 seconds
24.908: [GC24.908: [DefNew: 15682K->15682K(18432K), 0.0000100 secs]24.908: [Tenured: 30469K->30469K(40960K), 0.0110050 secs] 46152K->30469K(59392K), [Perm : 6055K->6055K(21248K)], 0.0110620 secs] [Times: user=0.01 sys=0.00, real=0.01 secs] 
24.919: Total time for which application threads were stopped: 0.0112770 seconds, Stopping threads took: 0.0001410 seconds
24.933: Application time: 0.0133600 seconds
24.933: [GC24.933: [DefNew: 15681K->15681K(18432K), 0.0000100 secs]24.933: [Tenured: 30469K->30469K(40960K), 0.0108790 secs] 46151K->30469K(59392K), [Perm : 6055K->6055K(21248K)], 0.0109410 secs] [Times: user=0.02 sys=0.00, real=0.01 secs] 
24.944: Total time for which application threads were stopped: 0.0111310 seconds, Stopping threads took: 0.0001160 seconds
24.955: Application time: 0.0112470 seconds
24.955: [GC24.955: [DefNew: 15690K->15690K(18432K), 0.0000100 secs]24.955: [Tenured: 30469K->31182K(40960K), 0.0115740 secs] 46160K->31182K(59392K), [Perm : 6055K->6055K(21248K)], 0.0116350 secs] [Times: user=0.01 sys=0.00, real=0.01 secs] 
24.967: Total time for which application threads were stopped: 0.0118720 seconds, Stopping threads took: 0.0001440 seconds
24.980: Application time: 0.0130540 seconds
24.980: [GC24.980: [DefNew: 15681K->15681K(18432K), 0.0000110 secs]24.980: [Tenured: 31182K->29757K(40960K), 0.0115500 secs] 46863K->29757K(59392K), [Perm : 6055K->6055K(21248K)], 0.0116150 secs] [Times: user=0.01 sys=0.00, real=0.01 secs] 
24.992: Total time for which application threads were stopped: 0.0118020 seconds, Stopping threads took: 0.0001120 seconds
25.006: Application time: 0.0139090 seconds
25.006: [GC25.006: [DefNew: 15730K->15730K(18432K), 0.0000090 secs]25.006: [Tenured: 29757K->28331K(40960K), 0.0131390 secs] 45487K->28331K(59392K), [Perm : 6058K->6058K(21248K)], 0.0131980 secs] [Times: user=0.02 sys=0.00, real=0.01 secs] 
25.019: Total time for which application threads were stopped: 0.0133720 seconds, Stopping threads took: 0.0001020 seconds
25.031: Application time: 0.0119460 seconds
25.032: [GC25.032: [DefNew: 15683K->15683K(18432K), 0.0000100 secs]25.032: [Tenured: 28331K->29044K(40960K), 0.0114130 secs] 44015K->29044K(59392K), [Perm : 6062K->6062K(21248K)], 0.0114750 secs] [Times: user=0.02 sys=0.00, real=0.01 secs] 
25.043: Total time for which application threads were stopped: 0.0121620 seconds, Stopping threads took: 0.0005940 seconds
25.055: Application time: 0.0121080 seconds
25.056: [GC25.056: [DefNew: 15717K->15717K(18432K), 0.0000110 secs]25.056: [Tenured: 29044K->26935K(40960K), 0.0114230 secs] 44762K->26935K(59392K), [Perm : 6062K->6062K(21248K)], 0.0114850 secs] [Times: user=0.01 sys=0.00, real=0.01 secs] 
25.067: Total time for which application threads were stopped: 0.0118020 seconds, Stopping threads took: 0.0002240 seconds
25.076: Application time: 0.0083950 seconds
25.076: [GC25.076: [DefNew: 15696K->15696K(18432K), 0.0000100 secs]25.076: [Tenured: 26935K->29785K(40960K), 0.0118970 secs] 42631K->29785K(59392K), [Perm : 6062K->6062K(21248K)], 0.0119590 secs] [Times: user=0.01 sys=0.00, real=0.01 secs] 
25.088: Total time for which application threads were stopped: 0.0122110 seconds, Stopping threads took: 0.0001610 seconds
25.095: Application time: 0.0076570 seconds
25.096: [GC25.096: [DefNew: 15681K->15681K(18432K), 0.0000090 secs]25.096: [Tenured: 29785K->29044K(40960K), 0.0129820 secs] 45467K->29044K(59392K), [Perm : 6062K->6062K(21248K)], 0.0130410 secs] [Times: user=0.01 sys=0.00, real=0.01 secs] 
25.109: Total time for which application threads were stopped: 0.0132820 seconds, Stopping threads took: 0.0001500 seconds
25.118: Application time: 0.0092870 seconds
25.118: [GC25.118: [DefNew: 15679K->15679K(18432K), 0.0000090 secs]25.118: [Tenured: 29044K->29044K(40960K), 0.0086030 secs] 44723K->29044K(59392K), [Perm : 6062K->6062K(21248K)], 0.0086630 secs] [Times: user=0.01 sys=0.00, real=0.01 secs] 
25.127: Total time for which application threads were stopped: 0.0089020 seconds, Stopping threads took: 0.0001400 seconds
25.136: Application time: 0.0093190 seconds
25.136: [GC25.136: [DefNew: 15685K->15685K(18432K), 0.0000100 secs]25.136: [Tenured: 29044K->29044K(40960K), 0.0091520 secs] 44729K->29044K(59392K), [Perm : 6062K->6062K(21248K)], 0.0092120 secs] [Times: user=0.01 sys=0.00, real=0.01 secs] 
25.146: Total time for which application threads were stopped: 0.0094350 seconds, Stopping threads took: 0.0001520 seconds
25.154: Application time: 0.0087420 seconds
25.155: [GC25.155: [DefNew: 15691K->15691K(18432K), 0.0000100 secs]25.155: [Tenured: 29044K->30469K(40960K), 0.0115330 secs] 44736K->30469K(59392K), [Perm : 6062K->6062K(21248K)], 0.0115920 secs] [Times: user=0.01 sys=0.00, real=0.01 secs] 
25.167: Total time for which application threads were stopped: 0.0126940 seconds, Stopping threads took: 0.0010110 seconds
25.174: Application time: 0.0071900 seconds
25.175: [GC25.175: [DefNew: 16207K->16207K(18432K), 0.0000110 secs]25.175: [Tenured: 30469K->26202K(40960K), 0.0130120 secs] 46676K->26202K(59392K), [Perm : 6062K->6062K(21248K)], 0.0130740 secs] [Times: user=0.01 sys=0.00, real=0.01 secs] 
25.188: Total time for which application threads were stopped: 0.0134210 seconds, Stopping threads took: 0.0002530 seconds
25.196: Application time: 0.0080700 seconds
25.196: [GC25.196: [DefNew: 16069K->16069K(18432K), 0.0000090 secs]25.196: [Tenured: 26202K->25514K(40960K), 0.0106490 secs] 42272K->25514K(59392K), [Perm : 6062K->6062K(21248K)], 0.0107070 secs] [Times: user=0.01 sys=0.00, real=0.01 secs] 
25.207: Total time for which application threads were stopped: 0.0109560 seconds, Stopping threads took: 0.0001620 seconds
25.213: Application time: 0.0067600 seconds
25.214: [GC25.214: [DefNew: 16095K->16095K(18432K), 0.0000090 secs]25.214: [Tenured: 25514K->25513K(40960K), 0.0082350 secs] 41610K->25513K(59392K), [Perm : 6062K->6062K(21248K)], 0.0082960 secs] [Times: user=0.01 sys=0.00, real=0.00 secs] 
25.222: Total time for which application threads were stopped: 0.0088570 seconds, Stopping threads took: 0.0004810 seconds
25.230: Application time: 0.0072220 seconds
25.230: [GC25.230: [DefNew: 15884K->15884K(18432K), 0.0000100 secs]25.230: [Tenured: 25513K->24798K(40960K), 0.0114090 secs] 41398K->24798K(59392K), [Perm : 6062K->6062K(21248K)], 0.0114710 secs] [Times: user=0.01 sys=0.00, real=0.01 secs] 
25.241: Total time for which application threads were stopped: 0.0117730 seconds, Stopping threads took: 0.0002080 seconds
25.249: Application time: 0.0078010 seconds
25.249: [GC25.249: [DefNew: 16211K->16211K(18432K), 0.0000100 secs]25.249: [Tenured: 24798K->24065K(40960K), 0.0112910 secs] 41010K->24065K(59392K), [Perm : 6062K->6062K(21248K)], 0.0113470 secs] [Times: user=0.02 sys=0.00, real=0.01 secs] 
25.261: Total time for which application threads were stopped: 0.0115440 seconds, Stopping threads took: 0.0001320 seconds
25.267: Application time: 0.0064510 seconds
25.267: [GC25.267: [DefNew: 16383K->1468K(18432K), 0.0025680 secs] 40449K->32659K(59392K), 0.0026060 secs] [Times: user=0.00 sys=0.00, real=0.00 secs] 
25.270: Total time for which application threads were stopped: 0.0029010 seconds, Stopping threads took: 0.0002020 seconds
25.276: Application time: 0.0057750 seconds
25.276: [GC25.276: [DefNew: 17852K->17852K(18432K), 0.0000100 secs]25.276: [Tenured: 31190K->15543K(40960K), 0.0097680 secs] 49043K->15543K(59392K), [Perm : 6063K->6063K(21248K)], 0.0098250 secs] [Times: user=0.01 sys=0.00, real=0.01 secs] 
25.286: Total time for which application threads were stopped: 0.0099650 seconds, Stopping threads took: 0.0000690 seconds
25.292: Application time: 0.0057620 seconds
25.292: [GC25.292: [DefNew: 15957K->1435K(18432K), 0.0021510 secs] 31500K->22679K(59392K), 0.0021890 secs] [Times: user=0.00 sys=0.00, real=0.01 secs] 
25.294: Total time for which application threads were stopped: 0.0024550 seconds, Stopping threads took: 0.0001800 seconds
25.300: Application time: 0.0057690 seconds
25.300: [GC25.300: [DefNew: 17208K->1426K(18432K), 0.0028850 secs] 38451K->31221K(59392K), 0.0029310 secs] [Times: user=0.00 sys=0.00, real=0.00 secs] 
25.303: Total time for which application threads were stopped: 0.0031770 seconds, Stopping threads took: 0.0001600 seconds
25.308: Application time: 0.0052500 seconds
25.309: [GC25.309: [DefNew: 17116K->17116K(18432K), 0.0000090 secs]25.309: [Tenured: 29795K->24085K(40960K), 0.0111570 secs] 46911K->24085K(59392K), [Perm : 6063K->6063K(21248K)], 0.0112170 secs] [Times: user=0.01 sys=0.00, real=0.01 secs] 
25.320: Total time for which application threads were stopped: 0.0115820 seconds, Stopping threads took: 0.0002720 seconds
25.325: Application time: 0.0050360 seconds
25.325: [GC25.325: [DefNew: 15698K->1426K(18432K), 0.0039230 secs] 39783K->37624K(59392K), 0.0039640 secs] [Times: user=0.00 sys=0.00, real=0.01 secs] 
25.329: Total time for which application threads were stopped: 0.0042400 seconds, Stopping threads took: 0.0002090 seconds
25.334: Application time: 0.0044460 seconds
25.334: [GC25.334: [DefNew: 17116K->17116K(18432K), 0.0000110 secs]25.334: [Tenured: 36198K->26223K(40960K), 0.0130700 secs] 53315K->26223K(59392K), [Perm : 6063K->6063K(21248K)], 0.0131310 secs] [Times: user=0.01 sys=0.00, real=0.01 secs] 
25.347: Total time for which application threads were stopped: 0.0136110 seconds, Stopping threads took: 0.0003880 seconds
25.352: Application time: 0.0049930 seconds
25.353: [GC25.353: [DefNew: 15690K->15690K(18432K), 0.0000100 secs]25.353: [Tenured: 26223K->24769K(40960K), 0.0122730 secs] 41913K->24769K(59392K), [Perm : 6063K->6063K(21248K)], 0.0123340 secs] [Times: user=0.01 sys=0.00, real=0.01 secs] 
25.365: Total time for which application threads were stopped: 0.0127010 seconds, Stopping threads took: 0.0002770 seconds
25.370: Application time: 0.0053280 seconds
25.371: [GC25.371: [DefNew: 15696K->1426K(18432K), 0.0030740 secs] 40466K->35458K(59392K), 0.0031130 secs] [Times: user=0.00 sys=0.00, real=0.01 secs] 
25.374: Total time for which application threads were stopped: 0.0034730 seconds, Stopping threads took: 0.0002860 seconds
25.379: Application time: 0.0052530 seconds
25.380: [GC25.380: [DefNew: 17116K->17116K(18432K), 0.0000090 secs]25.380: [Tenured: 34032K->25482K(40960K), 0.0100710 secs] 51148K->25482K(59392K), [Perm : 6063K->6063K(21248K)], 0.0101310 secs] [Times: user=0.01 sys=0.00, real=0.01 secs] 
25.390: Total time for which application threads were stopped: 0.0108220 seconds, Stopping threads took: 0.0006090 seconds
25.395: Application time: 0.0054230 seconds
25.395: [GC25.395: [DefNew: 15696K->15696K(18432K), 0.0000090 secs]25.395: [Tenured: 25482K->24771K(40960K), 0.0094920 secs] 41179K->24771K(59392K), [Perm : 6063K->6063K(21248K)], 0.0095540 secs] [Times: user=0.01 sys=0.00, real=0.00 secs] 
25.405: Total time for which application threads were stopped: 0.0098140 seconds, Stopping threads took: 0.0001690 seconds
25.410: Application time: 0.0049480 seconds
25.410: [GC25.410: [DefNew: 15690K->1425K(18432K), 0.0036890 secs] 40461K->37596K(59392K), 0.0037300 secs] [Times: user=0.00 sys=0.00, real=0.01 secs] 
25.414: Total time for which application threads were stopped: 0.0040300 seconds, Stopping threads took: 0.0002140 seconds
25.419: Application time: 0.0050440 seconds
25.419: [GC25.419: [DefNew: 17115K->17115K(18432K), 0.0000100 secs]25.420: [Tenured: 36171K->28333K(40960K), 0.0106710 secs] 53286K->28333K(59392K), [Perm : 6063K->6063K(21248K)], 0.0107290 secs] [Times: user=0.01 sys=0.00, real=0.01 secs] 
25.430: Total time for which application threads were stopped: 0.0111880 seconds, Stopping threads took: 0.0003880 seconds
25.435: Application time: 0.0048440 seconds
25.436: [GC25.436: [DefNew: 15705K->15705K(18432K), 0.0000100 secs]25.436: [Tenured: 28333K->25481K(40960K), 0.0121490 secs] 44038K->25481K(59392K), [Perm : 6063K->6063K(21248K)], 0.0122080 secs] [Times: user=0.01 sys=0.00, real=0.01 secs] 
25.448: Total time for which application threads were stopped: 0.0126580 seconds, Stopping threads took: 0.0003610 seconds
25.452: Application time: 0.0047670 seconds
25.453: [GC25.453: [DefNew: 15694K->15694K(18432K), 0.0000090 secs]25.453: [Tenured: 25481K->27620K(40960K), 0.0100200 secs] 41176K->27620K(59392K), [Perm : 6063K->6063K(21248K)], 0.0100880 secs] [Times: user=0.01 sys=0.00, real=0.01 secs] 
25.463: Total time for which application threads were stopped: 0.0103530 seconds, Stopping threads took: 0.0001750 seconds
25.468: Application time: 0.0049590 seconds
25.468: [GC25.468: [DefNew: 15694K->15694K(18432K), 0.0000100 secs]25.468: [Tenured: 27620K->29045K(40960K), 0.0106620 secs] 43314K->29045K(59392K), [Perm : 6063K->6063K(21248K)], 0.0107190 secs] [Times: user=0.01 sys=0.00, real=0.01 secs] 
25.479: Total time for which application threads were stopped: 0.0110050 seconds, Stopping threads took: 0.0001980 seconds
25.484: Application time: 0.0050680 seconds
25.484: [GC25.484: [DefNew: 15687K->15687K(18432K), 0.0000090 secs]25.484: [Tenured: 29045K->26908K(40960K), 0.0108260 secs] 44733K->26908K(59392K), [Perm : 6063K->6063K(21248K)], 0.0108850 secs] [Times: user=0.01 sys=0.00, real=0.02 secs] 
25.495: Total time for which application threads were stopped: 0.0111610 seconds, Stopping threads took: 0.0001870 seconds
25.500: Application time: 0.0051360 seconds
25.501: [GC25.501: [DefNew: 15696K->15696K(18432K), 0.0000090 secs]25.501: [Tenured: 26908K->25481K(40960K), 0.0120280 secs] 42604K->25481K(59392K), [Perm : 6063K->6063K(21248K)], 0.0120880 secs] [Times: user=0.01 sys=0.00, real=0.01 secs] 
25.513: Total time for which application threads were stopped: 0.0124560 seconds, Stopping threads took: 0.0003000 seconds
25.518: Application time: 0.0051840 seconds
25.519: [GC25.519: [DefNew: 15687K->15687K(18432K), 0.0000110 secs]25.519: [Tenured: 25481K->26194K(40960K), 0.0104930 secs] 41169K->26194K(59392K), [Perm : 6063K->6063K(21248K)], 0.0105540 secs] [Times: user=0.01 sys=0.00, real=0.01 secs] 
25.529: Total time for which application threads were stopped: 0.0113810 seconds, Stopping threads took: 0.0007350 seconds
25.534: Application time: 0.0047460 seconds
25.534: [GC25.534: [DefNew: 15698K->15698K(18432K), 0.0000110 secs]25.534: [Tenured: 26194K->26906K(40960K), 0.0124490 secs] 41892K->26906K(59392K), [Perm : 6063K->6063K(21248K)], 0.0125110 secs] [Times: user=0.01 sys=0.00, real=0.01 secs] 
25.547: Total time for which application threads were stopped: 0.0128640 seconds, Stopping threads took: 0.0002620 seconds
25.551: Application time: 0.0045680 seconds
25.552: [GC25.552: [DefNew: 15687K->15687K(18432K), 0.0000110 secs]25.552: [Tenured: 26906K->27619K(40960K), 0.0114600 secs] 42594K->27619K(59392K), [Perm : 6063K->6063K(21248K)], 0.0115210 secs] [Times: user=0.01 sys=0.00, real=0.01 secs] 
25.563: Total time for which application threads were stopped: 0.0117930 seconds, Stopping threads took: 0.0001810 seconds
25.568: Application time: 0.0050440 seconds
25.569: [GC25.569: [DefNew: 15687K->15687K(18432K), 0.0000100 secs]25.569: [Tenured: 27619K->26194K(40960K), 0.0121080 secs] 43307K->26194K(59392K), [Perm : 6063K->6063K(21248K)], 0.0121670 secs] [Times: user=0.01 sys=0.00, real=0.01 secs] 
25.581: Total time for which application threads were stopped: 0.0124310 seconds, Stopping threads took: 0.0001740 seconds
25.586: Application time: 0.0050580 seconds
25.586: [GC25.586: [DefNew: 15688K->15688K(18432K), 0.0000110 secs]25.586: [Tenured: 26194K->25481K(40960K), 0.0110150 secs] 41882K->25481K(59392K), [Perm : 6063K->6063K(21248K)], 0.0110750 secs] [Times: user=0.02 sys=0.00, real=0.01 secs] 
25.597: Total time for which application threads were stopped: 0.0113030 seconds, Stopping threads took: 0.0001360 seconds
25.602: Application time: 0.0052960 seconds
25.603: [GC25.603: [DefNew: 15696K->15696K(18432K), 0.0000090 secs]25.603: [Tenured: 25481K->24055K(40960K), 0.0104170 secs] 41178K->24055K(59392K), [Perm : 6063K->6063K(21248K)], 0.0104750 secs] [Times: user=0.01 sys=0.00, real=0.01 secs] 
25.613: Total time for which application threads were stopped: 0.0106900 seconds, Stopping threads took: 0.0001460 seconds
25.619: Application time: 0.0055500 seconds
25.619: [GC25.619: [DefNew: 15701K->1426K(18432K), 0.0028540 secs] 39757K->33321K(59392K), 0.0029040 secs] [Times: user=0.00 sys=0.00, real=0.00 secs] 
25.622: Total time for which application threads were stopped: 0.0032350 seconds, Stopping threads took: 0.0002430 seconds
25.627: Application time: 0.0046760 seconds
25.627: [GC25.627: [DefNew: 17126K->17126K(18432K), 0.0000100 secs]25.627: [Tenured: 31894K->21919K(40960K), 0.0121280 secs] 49020K->21919K(59392K), [Perm : 6063K->6063K(21248K)], 0.0121880 secs] [Times: user=0.01 sys=0.00, real=0.01 secs] 
25.639: Total time for which application threads were stopped: 0.0124220 seconds, Stopping threads took: 0.0001410 seconds
25.644: Application time: 0.0048530 seconds
25.644: [GC25.644: [DefNew: 15686K->1425K(18432K), 0.0023690 secs] 37606K->29757K(59392K), 0.0024120 secs] [Times: user=0.00 sys=0.00, real=0.01 secs] 
25.647: Total time for which application threads were stopped: 0.0026700 seconds, Stopping threads took: 0.0001720 seconds
25.651: Application time: 0.0046430 seconds
25.651: [GC25.651: [DefNew: 17114K->17114K(18432K), 0.0000100 secs]25.651: [Tenured: 28332K->24769K(40960K), 0.0127600 secs] 45446K->24769K(59392K), [Perm : 6063K->6063K(21248K)], 0.0128200 secs] [Times: user=0.01 sys=0.00, real=0.01 secs] 
25.664: Total time for which application threads were stopped: 0.0130280 seconds, Stopping threads took: 0.0001170 seconds
25.668: Application time: 0.0041690 seconds
25.669: [GC25.669: [DefNew: 15687K->1425K(18432K), 0.0030200 secs] 40457K->34746K(59392K), 0.0030630 secs] [Times: user=0.00 sys=0.00, real=0.00 secs] 
25.672: Total time for which application threads were stopped: 0.0034080 seconds, Stopping threads took: 0.0002570 seconds
25.676: Application time: 0.0044970 seconds
25.677: [GC25.677: [DefNew: 17119K->17119K(18432K), 0.0000090 secs]25.677: [Tenured: 33321K->24058K(40960K), 0.0107380 secs] 50441K->24058K(59392K), [Perm : 6063K->6063K(21248K)], 0.0107970 secs] [Times: user=0.01 sys=0.00, real=0.01 secs] 
25.687: Total time for which application threads were stopped: 0.0111250 seconds, Stopping threads took: 0.0002360 seconds
25.692: Application time: 0.0045850 seconds
25.692: [GC25.692: [DefNew: 15694K->1426K(18432K), 0.0025940 secs] 39753K->32611K(59392K), 0.0026360 secs] [Times: user=0.00 sys=0.00, real=0.01 secs] 
25.695: Total time for which application threads were stopped: 0.0028900 seconds, Stopping threads took: 0.0001670 seconds
25.699: Application time: 0.0042970 seconds
25.699: [GC25.699: [DefNew: 17114K->17114K(18432K), 0.0000100 secs]25.699: [Tenured: 31185K->24059K(40960K), 0.0101110 secs] 48299K->24059K(59392K), [Perm : 6063K->6063K(21248K)], 0.0101680 secs] [Times: user=0.01 sys=0.00, real=0.01 secs] 
25.710: Total time for which application threads were stopped: 0.0104300 seconds, Stopping threads took: 0.0001900 seconds
25.714: Application time: 0.0047390 seconds
25.715: [GC25.715: [DefNew: 15688K->1425K(18432K), 0.0028520 secs] 39748K->33324K(59392K), 0.0028920 secs] [Times: user=0.00 sys=0.00, real=0.00 secs] 
25.718: Total time for which application threads were stopped: 0.0032290 seconds, Stopping threads took: 0.0002500 seconds
25.722: Application time: 0.0040910 seconds
25.722: [GC25.722: [DefNew: 17115K->17115K(18432K), 0.0000120 secs]25.722: [Tenured: 31899K->26197K(40960K), 0.0107420 secs] 49014K->26197K(59392K), [Perm : 6063K->6063K(21248K)], 0.0108050 secs] [Times: user=0.01 sys=0.00, real=0.01 secs] 
25.733: Total time for which application threads were stopped: 0.0110530 seconds, Stopping threads took: 0.0001730 seconds
25.738: Application time: 0.0052340 seconds
25.738: [GC25.738: [DefNew: 15696K->15696K(18432K), 0.0000100 secs]25.738: [Tenured: 26197K->24058K(40960K), 0.0115550 secs] 41894K->24058K(59392K), [Perm : 6063K->6063K(21248K)], 0.0116130 secs] [Times: user=0.01 sys=0.00, real=0.01 secs] 
25.750: Total time for which application threads were stopped: 0.0118530 seconds, Stopping threads took: 0.0001530 seconds
25.755: Application time: 0.0051110 seconds
25.755: [GC25.755: [DefNew: 15688K->1425K(18432K), 0.0022380 secs] 39746K->31184K(59392K), 0.0022870 secs] [Times: user=0.00 sys=0.00, real=0.00 secs] 
25.758: Total time for which application threads were stopped: 0.0025720 seconds, Stopping threads took: 0.0002190 seconds
25.763: Application time: 0.0051060 seconds
25.763: [GC25.763: [DefNew: 17120K->17120K(18432K), 0.0000100 secs]25.763: [Tenured: 29759K->26197K(40960K), 0.0088990 secs] 46879K->26197K(59392K), [Perm : 6063K->6063K(21248K)], 0.0089590 secs] [Times: user=0.01 sys=0.00, real=0.01 secs] 
25.772: Total time for which application threads were stopped: 0.0092880 seconds, Stopping threads took: 0.0002570 seconds
25.777: Application time: 0.0053280 seconds
25.778: [GC25.778: [DefNew: 15694K->15694K(18432K), 0.0000100 secs]25.778: [Tenured: 26197K->26910K(40960K), 0.0095420 secs] 41891K->26910K(59392K), [Perm : 6063K->6063K(21248K)], 0.0096030 secs] [Times: user=0.01 sys=0.00, real=0.01 secs] 
25.787: Total time for which application threads were stopped: 0.0100130 seconds, Stopping threads took: 0.0003270 seconds
25.793: Application time: 0.0059360 seconds
25.793: [GC25.793: [DefNew: 15689K->15689K(18432K), 0.0000100 secs]25.793: [Tenured: 26910K->28335K(40960K), 0.0097160 secs] 42599K->28335K(59392K), [Perm : 6063K->6063K(21248K)], 0.0097750 secs] [Times: user=0.01 sys=0.00, real=0.00 secs] 
25.803: Total time for which application threads were stopped: 0.0100340 seconds, Stopping threads took: 0.0001890 seconds
25.808: Application time: 0.0052430 seconds
25.809: [GC25.809: [DefNew: 15687K->15687K(18432K), 0.0000100 secs]25.809: [Tenured: 28335K->27620K(40960K), 0.0115320 secs] 44022K->27620K(59392K), [Perm : 6063K->6063K(21248K)], 0.0115960 secs] [Times: user=0.01 sys=0.00, real=0.01 secs] 
25.821: Total time for which application threads were stopped: 0.0119830 seconds, Stopping threads took: 0.0002940 seconds
25.826: Application time: 0.0052540 seconds
25.826: [GC25.826: [DefNew: 15687K->15687K(18432K), 0.0000100 secs]25.826: [Tenured: 27620K->28333K(40960K), 0.0090570 secs] 43307K->28333K(59392K), [Perm : 6063K->6063K(21248K)], 0.0091190 secs] [Times: user=0.01 sys=0.00, real=0.01 secs] 
25.835: Total time for which application threads were stopped: 0.0093860 seconds, Stopping threads took: 0.0001910 seconds
25.840: Application time: 0.0051690 seconds
25.841: [GC25.841: [DefNew: 15695K->15695K(18432K), 0.0000110 secs]25.841: [Tenured: 28333K->26908K(40960K), 0.0121480 secs] 44028K->26908K(59392K), [Perm : 6063K->6063K(21248K)], 0.0122110 secs] [Times: user=0.02 sys=0.00, real=0.01 secs] 
25.853: Total time for which application threads were stopped: 0.0126200 seconds, Stopping threads took: 0.0003170 seconds
25.858: Application time: 0.0052910 seconds
25.858: [GC25.858: [DefNew: 15694K->15694K(18432K), 0.0000110 secs]25.858: [Tenured: 26908K->27620K(40960K), 0.0123070 secs] 42603K->27620K(59392K), [Perm : 6063K->6063K(21248K)], 0.0123690 secs] [Times: user=0.01 sys=0.00, real=0.01 secs] 
25.871: Total time for which application threads were stopped: 0.0125990 seconds, Stopping threads took: 0.0001370 seconds
25.877: Application time: 0.0061200 seconds
25.877: [GC25.877: [DefNew: 15682K->15682K(18432K), 0.0000090 secs]25.877: [Tenured: 27620K->22631K(40960K), 0.0108270 secs] 43302K->22631K(59392K), [Perm : 6063K->6063K(21248K)], 0.0108880 secs] [Times: user=0.01 sys=0.00, real=0.01 secs] 
25.888: Total time for which application threads were stopped: 0.0110600 seconds, Stopping threads took: 0.0000990 seconds
25.895: Application time: 0.0073800 seconds
25.896: [GC25.896: [DefNew: 15690K->1426K(18432K), 0.0012440 secs] 38321K->26194K(59392K), 0.0012800 secs] [Times: user=0.00 sys=0.00, real=0.00 secs] 
25.897: Total time for which application threads were stopped: 0.0014660 seconds, Stopping threads took: 0.0001230 seconds
25.956: Application time: 0.0592700 seconds
25.956: [GC25.956: [DefNew: 17132K->17132K(18432K), 0.0000100 secs]25.956: [Tenured: 24768K->24769K(40960K), 0.0115660 secs] 41901K->24769K(59392K), [Perm : 6063K->6063K(21248K)], 0.0116290 secs] [Times: user=0.02 sys=0.00, real=0.01 secs] 
25.968: Total time for which application threads were stopped: 0.0118690 seconds, Stopping threads took: 0.0001410 seconds
26.042: Application time: 0.0736310 seconds
26.042: [GC26.042: [DefNew: 15691K->1425K(18432K), 0.0042360 secs] 40460K->39731K(59392K), 0.0042790 secs] [Times: user=0.00 sys=0.00, real=0.01 secs] 
26.046: Total time for which application threads were stopped: 0.0044650 seconds, Stopping threads took: 0.0001190 seconds
26.118: Application time: 0.0720210 seconds
26.118: [GC26.118: [DefNew: 17116K->17116K(18432K), 0.0000100 secs]26.118: [Tenured: 38306K->26194K(40960K), 0.0113250 secs] 55423K->26194K(59392K), [Perm : 6063K->6063K(21248K)], 0.0113860 secs] [Times: user=0.01 sys=0.00, real=0.01 secs] 
26.130: Total time for which application threads were stopped: 0.0115910 seconds, Stopping threads took: 0.0001260 seconds
26.198: Application time: 0.0677980 seconds
26.198: [GC26.198: [DefNew: 15691K->15691K(18432K), 0.0000100 secs]26.198: [Tenured: 26194K->26906K(40960K), 0.0104510 secs] 41885K->26906K(59392K), [Perm : 6063K->6063K(21248K)], 0.0105110 secs] [Times: user=0.01 sys=0.00, real=0.01 secs] 
26.208: Total time for which application threads were stopped: 0.0106480 seconds, Stopping threads took: 0.0000690 seconds
26.282: Application time: 0.0738840 seconds
26.282: [GC26.282: [DefNew: 15691K->15691K(18432K), 0.0000090 secs]26.282: [Tenured: 26906K->25481K(40960K), 0.0117910 secs] 42598K->25481K(59392K), [Perm : 6063K->6063K(21248K)], 0.0118490 secs] [Times: user=0.01 sys=0.00, real=0.02 secs] 
26.294: Total time for which application threads were stopped: 0.0120270 seconds, Stopping threads took: 0.0000840 seconds
26.350: Application time: 0.0560540 seconds
26.350: [GC26.350: [DefNew: 15691K->15691K(18432K), 0.0000110 secs]26.350: [Tenured: 25481K->24768K(40960K), 0.0118560 secs] 41172K->24768K(59392K), [Perm : 6063K->6063K(21248K)], 0.0119190 secs] [Times: user=0.01 sys=0.00, real=0.01 secs] 
26.362: Total time for which application threads were stopped: 0.0120950 seconds, Stopping threads took: 0.0001050 seconds
26.425: Application time: 0.0630990 seconds
26.426: [GC26.426: [DefNew: 15691K->1425K(18432K), 0.0044900 secs] 40460K->40444K(59392K), 0.0045300 secs] [Times: user=0.01 sys=0.00, real=0.00 secs] 
26.430: Total time for which application threads were stopped: 0.0047410 seconds, Stopping threads took: 0.0001410 seconds
26.508: Application time: 0.0780020 seconds
26.508: [GC26.508: [DefNew: 17125K->17125K(18432K), 0.0000110 secs]26.508: [Tenured: 39019K->25482K(40960K), 0.0111620 secs] 56144K->25482K(59392K), [Perm : 6063K->6063K(21248K)], 0.0112190 secs] [Times: user=0.01 sys=0.00, real=0.01 secs] 
26.519: Total time for which application threads were stopped: 0.0113550 seconds, Stopping threads took: 0.0000640 seconds
26.584: Application time: 0.0640940 seconds
26.584: [GC26.584: [DefNew: 15691K->15691K(18432K), 0.0000100 secs]26.584: [Tenured: 25482K->25482K(40960K), 0.0112780 secs] 41173K->25482K(59392K), [Perm : 6063K->6063K(21248K)], 0.0113350 secs] [Times: user=0.01 sys=0.00, real=0.02 secs] 
26.595: Total time for which application threads were stopped: 0.0114680 seconds, Stopping threads took: 0.0000630 seconds
26.656: Application time: 0.0610510 seconds
26.656: [GC26.656: [DefNew: 15691K->15691K(18432K), 0.0000100 secs]26.656: [Tenured: 25482K->26193K(40960K), 0.0116470 secs] 41173K->26193K(59392K), [Perm : 6063K->6063K(21248K)], 0.0117030 secs] [Times: user=0.02 sys=0.00, real=0.01 secs] 
26.668: Total time for which application threads were stopped: 0.0118430 seconds, Stopping threads took: 0.0000710 seconds
26.740: Application time: 0.0716370 seconds
26.740: [GC26.740: [DefNew: 15700K->15700K(18432K), 0.0000110 secs]26.740: [Tenured: 26193K->26194K(40960K), 0.0112040 secs] 41893K->26194K(59392K), [Perm : 6063K->6063K(21248K)], 0.0112620 secs] [Times: user=0.01 sys=0.00, real=0.01 secs] 
26.751: Total time for which application threads were stopped: 0.0113950 seconds, Stopping threads took: 0.0000640 seconds
26.822: Application time: 0.0712640 seconds
26.822: [GC26.822: [DefNew: 15700K->15700K(18432K), 0.0000100 secs]26.822: [Tenured: 26194K->26195K(40960K), 0.0113540 secs] 41894K->26195K(59392K), [Perm : 6063K->6063K(21248K)], 0.0114210 secs] [Times: user=0.01 sys=0.00, real=0.02 secs] 
26.834: Total time for which application threads were stopped: 0.0116710 seconds, Stopping threads took: 0.0001500 seconds
26.888: Application time: 0.0542260 seconds
26.888: [GC26.888: [DefNew: 15708K->15708K(18432K), 0.0000100 secs]26.888: [Tenured: 26195K->27622K(40960K), 0.0107390 secs] 41904K->27622K(59392K), [Perm : 6063K->6063K(21248K)], 0.0107990 secs] [Times: user=0.01 sys=0.00, real=0.01 secs] 
26.899: Total time for which application threads were stopped: 0.0109610 seconds, Stopping threads took: 0.0000930 seconds
26.973: Application time: 0.0734790 seconds
26.973: [GC26.973: [DefNew: 15717K->15717K(18432K), 0.0000100 secs]26.973: [Tenured: 27622K->28331K(40960K), 0.0115390 secs] 43339K->28331K(59392K), [Perm : 6063K->6063K(21248K)], 0.0115990 secs] [Times: user=0.01 sys=0.00, real=0.01 secs] 
26.984: Total time for which application threads were stopped: 0.0117790 seconds, Stopping threads took: 0.0001120 seconds
27.052: Application time: 0.0680220 seconds
27.053: [GC27.053: [DefNew: 15691K->15691K(18432K), 0.0000100 secs]27.053: [Tenured: 28331K->30468K(40960K), 0.0116050 secs] 44022K->30468K(59392K), [Perm : 6063K->6063K(21248K)], 0.0116650 secs] [Times: user=0.01 sys=0.00, real=0.01 secs] 
27.064: Total time for which application threads were stopped: 0.0118860 seconds, Stopping threads took: 0.0001400 seconds
27.138: Application time: 0.0738810 seconds
27.138: [GC27.138: [DefNew: 15689K->15689K(18432K), 0.0000100 secs]27.138: [Tenured: 30468K->31181K(40960K), 0.0104410 secs] 46158K->31181K(59392K), [Perm : 6063K->6063K(21248K)], 0.0104990 secs] [Times: user=0.01 sys=0.00, real=0.01 secs] 
27.149: Total time for which application threads were stopped: 0.0106690 seconds, Stopping threads took: 0.0001010 seconds
27.222: Application time: 0.0734320 seconds
27.222: [GC27.222: [DefNew: 15691K->15691K(18432K), 0.0000090 secs]27.222: [Tenured: 31181K->31181K(40960K), 0.0104920 secs] 46872K->31181K(59392K), [Perm : 6063K->6063K(21248K)], 0.0105460 secs] [Times: user=0.01 sys=0.00, real=0.01 secs] 
27.233: Total time for which application threads were stopped: 0.0107140 seconds, Stopping threads took: 0.0001010 seconds
27.307: Application time: 0.0740160 seconds
27.307: [GC27.307: [DefNew: 15689K->15689K(18432K), 0.0000090 secs]27.307: [Tenured: 31181K->30468K(40960K), 0.0104160 secs] 46870K->30468K(59392K), [Perm : 6063K->6063K(21248K)], 0.0104670 secs] [Times: user=0.01 sys=0.00, real=0.01 secs] 
27.318: Total time for which application threads were stopped: 0.0105950 seconds, Stopping threads took: 0.0000620 seconds
27.379: Application time: 0.0612880 seconds
27.379: [GC27.379: [DefNew: 15691K->15691K(18432K), 0.0000100 secs]27.379: [Tenured: 30468K->31181K(40960K), 0.0112950 secs] 46160K->31181K(59392K), [Perm : 6063K->6063K(21248K)], 0.0113520 secs] [Times: user=0.01 sys=0.00, real=0.01 secs] 
27.390: Total time for which application threads were stopped: 0.0114910 seconds, Stopping threads took: 0.0000600 seconds
27.464: Application time: 0.0738370 seconds
27.464: [GC27.464: [DefNew: 15691K->15691K(18432K), 0.0000100 secs]27.464: [Tenured: 31181K->31181K(40960K), 0.0112440 secs] 46872K->31181K(59392K), [Perm : 6063K->6063K(21248K)], 0.0113040 secs] [Times: user=0.01 sys=0.00, real=0.02 secs] 
27.476: Total time for which application threads were stopped: 0.0114420 seconds, Stopping threads took: 0.0000690 seconds
27.547: Application time: 0.0709350 seconds
27.547: [GC27.547: [DefNew: 15699K->15699K(18432K), 0.0000090 secs]27.547: [Tenured: 31181K->31182K(40960K), 0.0105180 secs] 46881K->31182K(59392K), [Perm : 6063K->6063K(21248K)], 0.0105750 secs] [Times: user=0.01 sys=0.00, real=0.01 secs] 
27.557: Total time for which application threads were stopped: 0.0107160 seconds, Stopping threads took: 0.0000700 seconds
27.603: Application time: 0.0454750 seconds
27.603: [GC27.603: [DefNew: 15691K->15691K(18432K), 0.0000100 secs]27.603: [Tenured: 31182K->30468K(40960K), 0.0139040 secs] 46874K->30468K(59392K), [Perm : 6063K->6063K(21248K)], 0.0139740 secs] [Times: user=0.02 sys=0.00, real=0.02 secs] 
27.617: Total time for which application threads were stopped: 0.0142870 seconds, Stopping threads took: 0.0002240 seconds
27.685: Application time: 0.0678890 seconds
27.685: [GC27.685: [DefNew: 15691K->15691K(18432K), 0.0000100 secs]27.685: [Tenured: 30468K->30468K(40960K), 0.0115250 secs] 46160K->30468K(59392K), [Perm : 6063K->6063K(21248K)], 0.0115850 secs] [Times: user=0.01 sys=0.00, real=0.02 secs] 
27.697: Total time for which application threads were stopped: 0.0117700 seconds, Stopping threads took: 0.0001160 seconds
27.757: Application time: 0.0606610 seconds
27.758: [GC27.758: [DefNew: 15691K->15691K(18432K), 0.0000110 secs]27.758: [Tenured: 30468K->29043K(40960K), 0.0109480 secs] 46160K->29043K(59392K), [Perm : 6063K->6063K(21248K)], 0.0110070 secs] [Times: user=0.01 sys=0.00, real=0.01 secs] 
27.769: Total time for which application threads were stopped: 0.0111550 seconds, Stopping threads took: 0.0000760 seconds
27.832: Application time: 0.0634400 seconds
27.832: [GC27.832: [DefNew: 15706K->15706K(18432K), 0.0000100 secs]27.832: [Tenured: 29043K->29044K(40960K), 0.0119530 secs] 44750K->29044K(59392K), [Perm : 6063K->6063K(21248K)], 0.0120130 secs] [Times: user=0.01 sys=0.00, real=0.01 secs] 
27.844: Total time for which application threads were stopped: 0.0122300 seconds, Stopping threads took: 0.0001350 seconds
27.916: Application time: 0.0718130 seconds
27.916: [GC27.916: [DefNew: 15689K->15689K(18432K), 0.0000090 secs]27.916: [Tenured: 29044K->29044K(40960K), 0.0121490 secs] 44733K->29044K(59392K), [Perm : 6063K->6063K(21248K)], 0.0122090 secs] [Times: user=0.02 sys=0.00, real=0.01 secs] 
27.928: Total time for which application threads were stopped: 0.0123520 seconds, Stopping threads took: 0.0000620 seconds
27.963: Application time: 0.0343470 seconds
27.963: [GC27.963: [DefNew: 15712K->15712K(18432K), 0.0000100 secs]27.963: [Tenured: 29044K->26194K(40960K), 0.0118710 secs] 44756K->26194K(59392K), [Perm : 6063K->6063K(21248K)], 0.0119310 secs] [Times: user=0.01 sys=0.00, real=0.02 secs] 
27.975: Total time for which application threads were stopped: 0.0121060 seconds, Stopping threads took: 0.0000930 seconds
28.029: Application time: 0.0540730 seconds
28.029: [GC28.029: [DefNew: 15704K->15704K(18432K), 0.0000110 secs]28.029: [Tenured: 26194K->23344K(40960K), 0.0118820 secs] 41898K->23344K(59392K), [Perm : 6063K->6063K(21248K)], 0.0119410 secs] [Times: user=0.01 sys=0.00, real=0.01 secs] 
28.041: Total time for which application threads were stopped: 0.0120820 seconds, Stopping threads took: 0.0000700 seconds
28.103: Application time: 0.0615750 seconds
28.103: [GC28.103: [DefNew: 15687K->1425K(18432K), 0.0035870 secs] 39032K->35457K(59392K), 0.0036300 secs] [Times: user=0.00 sys=0.00, real=0.01 secs] 
28.106: Total time for which application threads were stopped: 0.0038140 seconds, Stopping threads took: 0.0001160 seconds
28.167: Application time: 0.0606880 seconds
28.167: [GC28.167: [DefNew: 17113K->17113K(18432K), 0.0000100 secs]28.167: [Tenured: 34032K->25481K(40960K), 0.0115960 secs] 51145K->25481K(59392K), [Perm : 6063K->6063K(21248K)], 0.0116600 secs] [Times: user=0.01 sys=0.00, real=0.01 secs] 
28.179: Total time for which application threads were stopped: 0.0118310 seconds, Stopping threads took: 0.0000850 seconds
28.205: Application time: 0.0265600 seconds
28.206: [GC28.206: [DefNew: 15687K->15687K(18432K), 0.0000090 secs]28.206: [Tenured: 25481K->25482K(40960K), 0.0106730 secs] 41169K->25482K(59392K), [Perm : 6063K->6063K(21248K)], 0.0107300 secs] [Times: user=0.01 sys=0.00, real=0.01 secs] 
28.216: Total time for which application threads were stopped: 0.0108970 seconds, Stopping threads took: 0.0000860 seconds
28.279: Application time: 0.0628730 seconds
28.279: [GC28.279: [DefNew: 15688K->15688K(18432K), 0.0000090 secs]28.279: [Tenured: 25482K->25482K(40960K), 0.0106180 secs] 41170K->25482K(59392K), [Perm : 6063K->6063K(21248K)], 0.0106840 secs] [Times: user=0.02 sys=0.00, real=0.01 secs] 
28.290: Total time for which application threads were stopped: 0.0108180 seconds, Stopping threads took: 0.0000650 seconds
28.349: Application time: 0.0594150 seconds
28.350: [GC28.350: [DefNew: 15688K->15688K(18432K), 0.0000100 secs]28.350: [Tenured: 25482K->25482K(40960K), 0.0111500 secs] 41170K->25482K(59392K), [Perm : 6063K->6063K(21248K)], 0.0112100 secs] [Times: user=0.01 sys=0.00, real=0.01 secs] 
28.361: Total time for which application threads were stopped: 0.0113500 seconds, Stopping threads took: 0.0000680 seconds
28.397: Application time: 0.0363310 seconds
28.397: [GC28.397: [DefNew: 15688K->15688K(18432K), 0.0000100 secs]28.397: [Tenured: 25482K->25482K(40960K), 0.0114930 secs] 41170K->25482K(59392K), [Perm : 6063K->6063K(21248K)], 0.0115520 secs] [Times: user=0.01 sys=0.00, real=0.01 secs] 
28.409: Total time for which application threads were stopped: 0.0117180 seconds, Stopping threads took: 0.0000960 seconds
28.462: Application time: 0.0535930 seconds
28.463: [GC28.463: [DefNew: 15688K->15688K(18432K), 0.0000120 secs]28.463: [Tenured: 25482K->25482K(40960K), 0.0112410 secs] 41170K->25482K(59392K), [Perm : 6063K->6063K(21248K)], 0.0113040 secs] [Times: user=0.01 sys=0.00, real=0.02 secs] 
28.474: Total time for which application threads were stopped: 0.0115010 seconds, Stopping threads took: 0.0001110 seconds
28.536: Application time: 0.0622180 seconds
28.536: [GC28.536: [DefNew: 15688K->15688K(18432K), 0.0000100 secs]28.536: [Tenured: 25482K->25482K(40960K), 0.0111960 secs] 41171K->25482K(59392K), [Perm : 6063K->6063K(21248K)], 0.0112570 secs] [Times: user=0.01 sys=0.00, real=0.01 secs] 
28.548: Total time for which application threads were stopped: 0.0114750 seconds, Stopping threads took: 0.0001280 seconds
28.585: Application time: 0.0372070 seconds
28.585: [GC28.585: [DefNew: 15697K->15697K(18432K), 0.0000090 secs]28.585: [Tenured: 25482K->25483K(40960K), 0.0112040 secs] 41180K->25483K(59392K), [Perm : 6063K->6063K(21248K)], 0.0112630 secs] [Times: user=0.01 sys=0.00, real=0.02 secs] 
28.596: Total time for which application threads were stopped: 0.0114400 seconds, Stopping threads took: 0.0001110 seconds
28.656: Application time: 0.0591980 seconds
28.656: [GC28.656: [DefNew: 15688K->15688K(18432K), 0.0000100 secs]28.656: [Tenured: 25483K->25483K(40960K), 0.0119720 secs] 41172K->25483K(59392K), [Perm : 6063K->6063K(21248K)], 0.0120320 secs] [Times: user=0.02 sys=0.00, real=0.01 secs] 
28.668: Total time for which application threads were stopped: 0.0122110 seconds, Stopping threads took: 0.0001100 seconds
28.722: Application time: 0.0539460 seconds
28.722: [GC28.722: [DefNew: 15689K->15689K(18432K), 0.0000100 secs]28.722: [Tenured: 25483K->26195K(40960K), 0.0121350 secs] 41172K->26195K(59392K), [Perm : 6063K->6063K(21248K)], 0.0121950 secs] [Times: user=0.01 sys=0.00, real=0.02 secs] 
28.734: Total time for which application threads were stopped: 0.0124070 seconds, Stopping threads took: 0.0001280 seconds
28.771: Application time: 0.0373590 seconds
28.772: [GC28.772: [DefNew: 15689K->15689K(18432K), 0.0000090 secs]28.772: [Tenured: 26195K->26195K(40960K), 0.0105370 secs] 41884K->26195K(59392K), [Perm : 6063K->6063K(21248K)], 0.0105920 secs] [Times: user=0.01 sys=0.00, real=0.01 secs] 
28.782: Total time for which application threads were stopped: 0.0107590 seconds, Stopping threads took: 0.0000890 seconds
28.840: Application time: 0.0582230 seconds
28.841: [GC28.841: [DefNew: 15695K->15695K(18432K), 0.0000100 secs]28.841: [Tenured: 26195K->24771K(40960K), 0.0118050 secs] 41891K->24771K(59392K), [Perm : 6063K->6063K(21248K)], 0.0118660 secs] [Times: user=0.01 sys=0.00, real=0.01 secs] 
28.853: Total time for which application threads were stopped: 0.0120990 seconds, Stopping threads took: 0.0001590 seconds
28.914: Application time: 0.0616320 seconds
28.914: [GC28.914: [DefNew: 15703K->1426K(18432K), 0.0037390 secs] 40475K->37600K(59392K), 0.0037790 secs] [Times: user=0.00 sys=0.00, real=0.00 secs] 
28.918: Total time for which application threads were stopped: 0.0039920 seconds, Stopping threads took: 0.0001390 seconds
28.946: Application time: 0.0282430 seconds
28.947: [GC28.947: [DefNew: 17116K->17116K(18432K), 0.0000090 secs]28.947: [Tenured: 36173K->26910K(40960K), 0.0105170 secs] 53289K->26910K(59392K), [Perm : 6063K->6063K(21248K)], 0.0105760 secs] [Times: user=0.01 sys=0.00, real=0.01 secs] 
28.957: Total time for which application threads were stopped: 0.0107200 seconds, Stopping threads took: 0.0000720 seconds
29.017: Application time: 0.0595150 seconds
29.017: [GC29.017: [DefNew: 15697K->15697K(18432K), 0.0000110 secs]29.017: [Tenured: 26910K->27621K(40960K), 0.0121070 secs] 42607K->27621K(59392K), [Perm : 6063K->6063K(21248K)], 0.0121700 secs] [Times: user=0.01 sys=0.00, real=0.01 secs] 
29.029: Total time for which application threads were stopped: 0.0123740 seconds, Stopping threads took: 0.0001130 seconds
29.089: Application time: 0.0600510 seconds
29.089: [GC29.089: [DefNew: 15714K->15714K(18432K), 0.0000100 secs]29.089: [Tenured: 27621K->28336K(40960K), 0.0116480 secs] 43335K->28336K(59392K), [Perm : 6063K->6063K(21248K)], 0.0117070 secs] [Times: user=0.01 sys=0.00, real=0.01 secs] 
29.101: Total time for which application threads were stopped: 0.0118880 seconds, Stopping threads took: 0.0000920 seconds
29.160: Application time: 0.0586820 seconds
29.160: [GC29.160: [DefNew: 15697K->15697K(18432K), 0.0000110 secs]29.160: [Tenured: 28336K->29762K(40960K), 0.0122330 secs] 44033K->29762K(59392K), [Perm : 6063K->6063K(21248K)], 0.0122940 secs] [Times: user=0.01 sys=0.00, real=0.01 secs] 
29.172: Total time for which application threads were stopped: 0.0124980 seconds, Stopping threads took: 0.0001320 seconds
29.203: Application time: 0.0305210 seconds
29.203: [GC29.203: [DefNew: 15689K->15689K(18432K), 0.0000110 secs]29.203: [Tenured: 29762K->31899K(40960K), 0.0113230 secs] 45451K->31899K(59392K), [Perm : 6063K->6063K(21248K)], 0.0113850 secs] [Times: user=0.01 sys=0.00, real=0.02 secs] 
29.214: Total time for which application threads were stopped: 0.0115790 seconds, Stopping threads took: 0.0001200 seconds
29.280: Application time: 0.0660310 seconds
29.280: [GC29.280: [DefNew: 15688K->15688K(18432K), 0.0000100 secs]29.280: [Tenured: 31899K->30188K(40960K), 0.0118930 secs] 47588K->30188K(59392K), [Perm : 6063K->6063K(21248K)], 0.0119520 secs] [Times: user=0.02 sys=0.00, real=0.01 secs] 
29.292: Total time for which application threads were stopped: 0.0121410 seconds, Stopping threads took: 0.0001200 seconds
29.348: Application time: 0.0557270 seconds
29.348: [GC29.348: [DefNew: 15688K->15688K(18432K), 0.0000100 secs]29.348: [Tenured: 30188K->29476K(40960K), 0.0098580 secs] 45877K->29476K(59392K), [Perm : 6063K->6063K(21248K)], 0.0099140 secs] [Times: user=0.01 sys=0.00, real=0.01 secs] 
29.358: Total time for which application threads were stopped: 0.0100570 seconds, Stopping threads took: 0.0000740 seconds
29.396: Application time: 0.0379990 seconds
29.396: [GC29.396: [DefNew: 15688K->15688K(18432K), 0.0000110 secs]29.396: [Tenured: 29476K->30188K(40960K), 0.0099690 secs] 45164K->30188K(59392K), [Perm : 6063K->6063K(21248K)], 0.0100270 secs] [Times: user=0.01 sys=0.00, real=0.01 secs] 
29.406: Total time for which application threads were stopped: 0.0101640 seconds, Stopping threads took: 0.0000660 seconds
29.457: Application time: 0.0501190 seconds
29.457: [GC29.457: [DefNew: 15688K->15688K(18432K), 0.0000110 secs]29.457: [Tenured: 30188K->30188K(40960K), 0.0098050 secs] 45877K->30188K(59392K), [Perm : 6064K->6064K(21248K)], 0.0098650 secs] [Times: user=0.01 sys=0.00, real=0.01 secs] 
29.467: Total time for which application threads were stopped: 0.0100610 seconds, Stopping threads took: 0.0001240 seconds
29.534: Application time: 0.0676200 seconds
29.534: [GC29.534: [DefNew: 15688K->15688K(18432K), 0.0000100 secs]29.534: [Tenured: 30188K->30188K(40960K), 0.0099990 secs] 45876K->30188K(59392K), [Perm : 6064K->6064K(21248K)], 0.0100590 secs] [Times: user=0.01 sys=0.00, real=0.00 secs] 
29.544: Total time for which application threads were stopped: 0.0102060 seconds, Stopping threads took: 0.0000580 seconds
29.577: Application time: 0.0321380 seconds
29.577: [GC29.577: [DefNew: 15688K->15688K(18432K), 0.0000110 secs]29.577: [Tenured: 30188K->30188K(40960K), 0.0108180 secs] 45876K->30188K(59392K), [Perm : 6064K->6064K(21248K)], 0.0108780 secs] [Times: user=0.01 sys=0.00, real=0.01 secs] 
29.588: Total time for which application threads were stopped: 0.0111450 seconds, Stopping threads took: 0.0001950 seconds
29.641: Application time: 0.0537780 seconds
29.642: [GC29.642: [DefNew: 15688K->15688K(18432K), 0.0000100 secs]29.642: [Tenured: 30188K->30188K(40960K), 0.0099270 secs] 45876K->30188K(59392K), [Perm : 6064K->6064K(21248K)], 0.0099870 secs] [Times: user=0.01 sys=0.00, real=0.01 secs] 
29.652: Total time for which application threads were stopped: 0.0101720 seconds, Stopping threads took: 0.0001160 seconds
29.689: Application time: 0.0378310 seconds
29.690: [GC29.690: [DefNew: 15727K->15727K(18432K), 0.0000110 secs]29.690: [Tenured: 30188K->30929K(40960K), 0.0101140 secs] 45915K->30929K(59392K), [Perm : 6064K->6064K(21248K)], 0.0101760 secs] [Times: user=0.01 sys=0.00, real=0.01 secs] 
29.700: Total time for which application threads were stopped: 0.0104020 seconds, Stopping threads took: 0.0001440 seconds
29.715: Application time: 0.0151450 seconds
29.715: [GC29.715: [DefNew: 15679K->15679K(18432K), 0.0000100 secs]29.715: [Tenured: 30929K->29475K(40960K), 0.0125800 secs] 46609K->29475K(59392K), [Perm : 6064K->6064K(21248K)], 0.0126440 secs] [Times: user=0.01 sys=0.00, real=0.01 secs] 
29.728: Total time for which application threads were stopped: 0.0129270 seconds, Stopping threads took: 0.0001900 seconds
29.742: Application time: 0.0136640 seconds
29.742: [GC29.742: [DefNew: 15687K->15687K(18432K), 0.0000100 secs]29.742: [Tenured: 29475K->29475K(40960K), 0.0091090 secs] 45163K->29475K(59392K), [Perm : 6064K->6064K(21248K)], 0.0091700 secs] [Times: user=0.01 sys=0.00, real=0.01 secs] 
29.751: Total time for which application threads were stopped: 0.0093600 seconds, Stopping threads took: 0.0001170 seconds
29.765: Application time: 0.0143060 seconds
29.765: [GC29.765: [DefNew: 15681K->15681K(18432K), 0.0000110 secs]29.765: [Tenured: 29475K->30187K(40960K), 0.0097780 secs] 45156K->30187K(59392K), [Perm : 6064K->6064K(21248K)], 0.0098380 secs] [Times: user=0.01 sys=0.00, real=0.01 secs] 
29.775: Total time for which application threads were stopped: 0.0100190 seconds, Stopping threads took: 0.0001020 seconds
29.788: Application time: 0.0126540 seconds
29.788: [GC29.788: [DefNew: 15681K->15681K(18432K), 0.0000100 secs]29.788: [Tenured: 30187K->30187K(40960K), 0.0093270 secs] 45869K->30187K(59392K), [Perm : 6064K->6064K(21248K)], 0.0093860 secs] [Times: user=0.01 sys=0.00, real=0.01 secs] 
29.798: Total time for which application threads were stopped: 0.0096270 seconds, Stopping threads took: 0.0001600 seconds
29.811: Application time: 0.0129610 seconds
29.811: [GC29.811: [DefNew: 15688K->15688K(18432K), 0.0000110 secs]29.811: [Tenured: 30187K->28762K(40960K), 0.0091060 secs] 45876K->28762K(59392K), [Perm : 6064K->6064K(21248K)], 0.0091650 secs] [Times: user=0.01 sys=0.00, real=0.01 secs] 
29.820: Total time for which application threads were stopped: 0.0093180 seconds, Stopping threads took: 0.0000790 seconds
29.834: Application time: 0.0142130 seconds
29.834: [GC29.834: [DefNew: 15679K->15679K(18432K), 0.0000110 secs]29.834: [Tenured: 28762K->30900K(40960K), 0.0067840 secs] 44442K->30900K(59392K), [Perm : 6064K->6064K(21248K)], 0.0068400 secs] [Times: user=0.01 sys=0.00, real=0.00 secs] 
29.841: Total time for which application threads were stopped: 0.0070490 seconds, Stopping threads took: 0.0001400 seconds
29.853: Application time: 0.0120730 seconds
29.853: [GC29.853: [DefNew: 15690K->15690K(18432K), 0.0000100 secs]29.853: [Tenured: 30900K->29475K(40960K), 0.0089920 secs] 46591K->29475K(59392K), [Perm : 6064K->6064K(21248K)], 0.0090500 secs] [Times: user=0.01 sys=0.00, real=0.01 secs] 
29.862: Total time for which application threads were stopped: 0.0092220 seconds, Stopping threads took: 0.0000920 seconds
29.872: Application time: 0.0096900 seconds
29.872: [GC29.872: [DefNew: 15683K->15683K(18432K), 0.0000100 secs]29.872: [Tenured: 29475K->30188K(40960K), 0.0094630 secs] 45158K->30188K(59392K), [Perm : 6064K->6064K(21248K)], 0.0095180 secs] [Times: user=0.01 sys=0.00, real=0.01 secs] 
29.882: Total time for which application threads were stopped: 0.0096700 seconds, Stopping threads took: 0.0000820 seconds
29.890: Application time: 0.0080680 seconds
29.890: [GC29.890: [DefNew: 15682K->15682K(18432K), 0.0000090 secs]29.890: [Tenured: 30188K->29475K(40960K), 0.0091510 secs] 45870K->29475K(59392K), [Perm : 6064K->6064K(21248K)], 0.0092060 secs] [Times: user=0.00 sys=0.00, real=0.01 secs] 
29.899: Total time for which application threads were stopped: 0.0093890 seconds, Stopping threads took: 0.0001140 seconds
29.935: Application time: 0.0357770 seconds
29.935: [GC29.935: [DefNew: 15690K->15690K(18432K), 0.0000110 secs]29.935: [Tenured: 29475K->28762K(40960K), 0.0097520 secs] 45165K->28762K(59392K), [Perm : 6064K->6064K(21248K)], 0.0098110 secs] [Times: user=0.01 sys=0.00, real=0.00 secs] 
29.945: Total time for which application threads were stopped: 0.0099500 seconds, Stopping threads took: 0.0000640 seconds
29.993: Application time: 0.0477140 seconds
29.993: [GC29.993: [DefNew: 15687K->15687K(18432K), 0.0000090 secs]29.993: [Tenured: 28762K->28762K(40960K), 0.0092730 secs] 44450K->28762K(59392K), [Perm : 6064K->6064K(21248K)], 0.0093290 secs] [Times: user=0.01 sys=0.00, real=0.01 secs] 
30.002: Total time for which application threads were stopped: 0.0094990 seconds, Stopping threads took: 0.0001030 seconds
30.049: Application time: 0.0467660 seconds
30.049: [GC30.049: [DefNew: 15728K->15728K(18432K), 0.0000100 secs]30.049: [Tenured: 28762K->30216K(40960K), 0.0099520 secs] 44490K->30216K(59392K), [Perm : 6065K->6065K(21248K)], 0.0100110 secs] [Times: user=0.01 sys=0.00, real=0.01 secs] 
30.059: Total time for which application threads were stopped: 0.0101590 seconds, Stopping threads took: 0.0000680 seconds
30.072: Application time: 0.0130710 seconds
30.072: [GC30.072: [DefNew: 15681K->15681K(18432K), 0.0000100 secs]30.072: [Tenured: 30216K->28049K(40960K), 0.0115950 secs] 45898K->28049K(59392K), [Perm : 6065K->6065K(21248K)], 0.0116570 secs] [Times: user=0.01 sys=0.00, real=0.01 secs] 
30.084: Total time for which application threads were stopped: 0.0118590 seconds, Stopping threads took: 0.0001270 seconds
30.098: Application time: 0.0140420 seconds
30.098: [GC30.098: [DefNew: 15683K->15683K(18432K), 0.0000090 secs]30.098: [Tenured: 28049K->28049K(40960K), 0.0099350 secs] 43733K->28049K(59392K), [Perm : 6065K->6065K(21248K)], 0.0099950 secs] [Times: user=0.01 sys=0.00, real=0.01 secs] 
30.108: Total time for which application threads were stopped: 0.0102670 seconds, Stopping threads took: 0.0001820 seconds
30.123: Application time: 0.0147280 seconds
30.123: [GC30.123: [DefNew: 16148K->16148K(18432K), 0.0000090 secs]30.123: [Tenured: 28049K->27373K(40960K), 0.0090090 secs] 44197K->27373K(59392K), [Perm : 6065K->6065K(21248K)], 0.0090650 secs] [Times: user=0.01 sys=0.00, real=0.01 secs] 
30.132: Total time for which application threads were stopped: 0.0092560 seconds, Stopping threads took: 0.0001210 seconds
30.145: Application time: 0.0121400 seconds
30.145: [GC30.145: [DefNew: 15975K->15975K(18432K), 0.0000110 secs]30.145: [Tenured: 27373K->29504K(40960K), 0.0079750 secs] 43348K->29504K(59392K), [Perm : 6065K->6065K(21248K)], 0.0080310 secs] [Times: user=0.00 sys=0.00, real=0.01 secs] 
30.153: Total time for which application threads were stopped: 0.0082410 seconds, Stopping threads took: 0.0001420 seconds
30.161: Application time: 0.0082270 seconds
30.161: [GC30.161: [DefNew: 15689K->15689K(18432K), 0.0000100 secs]30.161: [Tenured: 29504K->28049K(40960K), 0.0116380 secs] 45193K->28049K(59392K), [Perm : 6065K->6065K(21248K)], 0.0116970 secs] [Times: user=0.01 sys=0.00, real=0.01 secs] 
30.173: Total time for which application threads were stopped: 0.0119940 seconds, Stopping threads took: 0.0001970 seconds
30.181: Application time: 0.0078990 seconds
30.181: [GC30.181: [DefNew: 15681K->15681K(18432K), 0.0000110 secs]30.181: [Tenured: 28049K->28049K(40960K), 0.0107240 secs] 43731K->28049K(59392K), [Perm : 6065K->6065K(21248K)], 0.0107900 secs] [Times: user=0.02 sys=0.00, real=0.01 secs] 
30.192: Total time for which application threads were stopped: 0.0110980 seconds, Stopping threads took: 0.0002320 seconds
30.201: Application time: 0.0085380 seconds
30.201: [GC30.201: [DefNew: 15680K->15680K(18432K), 0.0000090 secs]30.201: [Tenured: 28049K->28049K(40960K), 0.0076900 secs] 43730K->28049K(59392K), [Perm : 6065K->6065K(21248K)], 0.0077510 secs] [Times: user=0.01 sys=0.00, real=0.01 secs] 
30.209: Total time for which application threads were stopped: 0.0080210 seconds, Stopping threads took: 0.0001790 seconds
30.215: Application time: 0.0066790 seconds
30.215: [GC30.215: [DefNew: 15690K->15690K(18432K), 0.0000100 secs]30.215: [Tenured: 28049K->25200K(40960K), 0.0102610 secs] 43740K->25200K(59392K), [Perm : 6065K->6065K(21248K)], 0.0103230 secs] [Times: user=0.01 sys=0.00, real=0.01 secs] 
30.226: Total time for which application threads were stopped: 0.0105570 seconds, Stopping threads took: 0.0001410 seconds
30.235: Application time: 0.0090570 seconds
30.235: [GC30.235: [DefNew: 16217K->16217K(18432K), 0.0000100 secs]30.235: [Tenured: 25200K->18095K(40960K), 0.0103510 secs] 41417K->18095K(59392K), [Perm : 6065K->6065K(21248K)], 0.0104090 secs] [Times: user=0.01 sys=0.00, real=0.00 secs] 
30.245: Total time for which application threads were stopped: 0.0105500 seconds, Stopping threads took: 0.0000640 seconds
30.252: Application time: 0.0067830 seconds
30.252: [GC30.253: [DefNew: 16383K->1441K(18432K), 0.0022190 secs] 34478K->25237K(59392K), 0.0022580 secs] [Times: user=0.00 sys=0.00, real=0.01 secs] 
30.255: Total time for which application threads were stopped: 0.0025690 seconds, Stopping threads took: 0.0002280 seconds
30.262: Application time: 0.0069200 seconds
30.262: [GC30.262: [DefNew: 17451K->17451K(18432K), 0.0000100 secs]30.262: [Tenured: 23795K->21641K(40960K), 0.0105180 secs] 41247K->21641K(59392K), [Perm : 6068K->6068K(21248K)], 0.0105800 secs] [Times: user=0.01 sys=0.00, real=0.01 secs] 
30.272: Total time for which application threads were stopped: 0.0107910 seconds, Stopping threads took: 0.0001210 seconds
30.278: Application time: 0.0054180 seconds
30.278: [GC30.278: [DefNew: 15692K->1426K(18432K), 0.0027240 secs] 37333K->30905K(59392K), 0.0027640 secs] [Times: user=0.00 sys=0.00, real=0.00 secs] 
30.281: Total time for which application threads were stopped: 0.0029830 seconds, Stopping threads took: 0.0001310 seconds
30.286: Application time: 0.0052330 seconds
30.286: [GC30.286: [DefNew: 17112K->17112K(18432K), 0.0000100 secs]30.286: [Tenured: 29479K->25916K(40960K), 0.0080820 secs] 46591K->25916K(59392K), [Perm : 6068K->6068K(21248K)], 0.0081390 secs] [Times: user=0.00 sys=0.00, real=0.01 secs] 
30.295: Total time for which application threads were stopped: 0.0084950 seconds, Stopping threads took: 0.0002860 seconds
30.300: Application time: 0.0053260 seconds
30.301: [GC30.301: [DefNew: 15696K->15696K(18432K), 0.0000100 secs]30.301: [Tenured: 25916K->23779K(40960K), 0.0109740 secs] 41613K->23779K(59392K), [Perm : 6068K->6068K(21248K)], 0.0110350 secs] [Times: user=0.01 sys=0.00, real=0.01 secs] 
30.312: Total time for which application threads were stopped: 0.0116370 seconds, Stopping threads took: 0.0005090 seconds
30.317: Application time: 0.0049510 seconds
30.317: [GC30.317: [DefNew: 16119K->1459K(18432K), 0.0026910 secs] 39899K->33076K(59392K), 0.0027300 secs] [Times: user=0.00 sys=0.00, real=0.00 secs] 
30.320: Total time for which application threads were stopped: 0.0029790 seconds, Stopping threads took: 0.0001820 seconds
30.324: Application time: 0.0049170 seconds
30.325: [GC30.325: [DefNew: 17271K->17271K(18432K), 0.0000090 secs]30.325: [Tenured: 31617K->23071K(40960K), 0.0099050 secs] 48888K->23071K(59392K), [Perm : 6068K->6068K(21248K)], 0.0099730 secs] [Times: user=0.01 sys=0.00, real=0.02 secs] 
30.335: Total time for which application threads were stopped: 0.0102720 seconds, Stopping threads took: 0.0002090 seconds
30.341: Application time: 0.0057980 seconds
30.341: [GC30.341: [DefNew: 16106K->1456K(18432K), 0.0024050 secs] 39177K->31653K(59392K), 0.0024440 secs] [Times: user=0.00 sys=0.00, real=0.00 secs] 
30.343: Total time for which application threads were stopped: 0.0027570 seconds, Stopping threads took: 0.0002060 seconds
30.349: Application time: 0.0059160 seconds
30.350: [GC30.350: [DefNew: 17454K->17454K(18432K), 0.0000100 secs]30.350: [Tenured: 30196K->20967K(40960K), 0.0096200 secs] 47651K->20967K(59392K), [Perm : 6068K->6068K(21248K)], 0.0096790 secs] [Times: user=0.01 sys=0.00, real=0.01 secs] 
30.360: Total time for which application threads were stopped: 0.0107270 seconds, Stopping threads took: 0.0009610 seconds
30.365: Application time: 0.0050510 seconds
30.365: [GC30.365: [DefNew: 15865K->1436K(18432K), 0.0025830 secs] 36832K->30241K(59392K), 0.0026210 secs] [Times: user=0.00 sys=0.00, real=0.00 secs] 
30.368: Total time for which application threads were stopped: 0.0030910 seconds, Stopping threads took: 0.0003940 seconds
30.373: Application time: 0.0053990 seconds
30.374: [GC30.374: [DefNew: 17183K->17183K(18432K), 0.0000100 secs]30.374: [Tenured: 28804K->23807K(40960K), 0.0105090 secs] 45987K->23807K(59392K), [Perm : 6069K->6069K(21248K)], 0.0105670 secs] [Times: user=0.01 sys=0.00, real=0.00 secs] 
30.384: Total time for which application threads were stopped: 0.0108280 seconds, Stopping threads took: 0.0001700 seconds
30.390: Application time: 0.0054160 seconds
30.390: [GC30.390: [DefNew: 15700K->1426K(18432K), 0.0033340 secs] 39508K->34497K(59392K), 0.0033760 secs] [Times: user=0.00 sys=0.00, real=0.00 secs] 
30.393: Total time for which application threads were stopped: 0.0036810 seconds, Stopping threads took: 0.0002250 seconds
30.398: Application time: 0.0048980 seconds
30.399: [GC30.399: [DefNew: 17115K->17115K(18432K), 0.0000100 secs]30.399: [Tenured: 33070K->25234K(40960K), 0.0093270 secs] 50185K->25234K(59392K), [Perm : 6069K->6069K(21248K)], 0.0093860 secs] [Times: user=0.01 sys=0.00, real=0.01 secs] 
30.408: Total time for which application threads were stopped: 0.0097400 seconds, Stopping threads took: 0.0002640 seconds
30.413: Application time: 0.0050110 seconds
30.413: [GC30.413: [DefNew: 15687K->1425K(18432K), 0.0029260 secs] 40922K->35209K(59392K), 0.0029690 secs] [Times: user=0.01 sys=0.00, real=0.01 secs] 
30.416: Total time for which application threads were stopped: 0.0032300 seconds, Stopping threads took: 0.0001940 seconds
30.421: Application time: 0.0049540 seconds
30.422: [GC30.422: [DefNew: 17113K->17113K(18432K), 0.0000090 secs]30.422: [Tenured: 33784K->23779K(40960K), 0.0107770 secs] 50897K->23779K(59392K), [Perm : 6069K->6069K(21248K)], 0.0108360 secs] [Times: user=0.01 sys=0.00, real=0.01 secs] 
30.432: Total time for which application threads were stopped: 0.0111320 seconds, Stopping threads took: 0.0002080 seconds
30.437: Application time: 0.0048480 seconds
30.438: [GC30.438: [DefNew: 15690K->1425K(18432K), 0.0032920 secs] 39469K->35179K(59392K), 0.0033320 secs] [Times: user=0.00 sys=0.00, real=0.00 secs] 
30.441: Total time for which application threads were stopped: 0.0036540 seconds, Stopping threads took: 0.0002340 seconds
30.446: Application time: 0.0046430 seconds
30.446: [GC30.446: [DefNew: 17119K->17119K(18432K), 0.0000100 secs]30.446: [Tenured: 33754K->24491K(40960K), 0.0100680 secs] 50874K->24491K(59392K), [Perm : 6069K->6069K(21248K)], 0.0101270 secs] [Times: user=0.01 sys=0.00, real=0.01 secs] 
30.456: Total time for which application threads were stopped: 0.0102610 seconds, Stopping threads took: 0.0000620 seconds
30.461: Application time: 0.0049490 seconds
30.461: [GC30.461: [DefNew: 15688K->1425K(18432K), 0.0029120 secs] 40180K->34467K(59392K), 0.0029540 secs] [Times: user=0.00 sys=0.00, real=0.00 secs] 
30.464: Total time for which application threads were stopped: 0.0031840 seconds, Stopping threads took: 0.0001520 seconds
30.470: Application time: 0.0055510 seconds
30.470: [GC30.470: [DefNew: 17128K->17128K(18432K), 0.0000090 secs]30.470: [Tenured: 33042K->25205K(40960K), 0.0093610 secs] 50170K->25205K(59392K), [Perm : 6069K->6069K(21248K)], 0.0094200 secs] [Times: user=0.01 sys=0.00, real=0.01 secs] 
30.479: Total time for which application threads were stopped: 0.0096120 seconds, Stopping threads took: 0.0001240 seconds
30.484: Application time: 0.0049980 seconds
30.485: [GC30.485: [DefNew: 15688K->1425K(18432K), 0.0031330 secs] 40893K->35893K(59392K), 0.0031760 secs] [Times: user=0.01 sys=0.00, real=0.01 secs] 
30.488: Total time for which application threads were stopped: 0.0035650 seconds, Stopping threads took: 0.0003020 seconds
30.492: Application time: 0.0045790 seconds
30.493: [GC30.493: [DefNew: 17122K->17122K(18432K), 0.0000100 secs]30.493: [Tenured: 34468K->24491K(40960K), 0.0104840 secs] 51590K->24491K(59392K), [Perm : 6069K->6069K(21248K)], 0.0105410 secs] [Times: user=0.01 sys=0.00, real=0.01 secs] 
30.503: Total time for which application threads were stopped: 0.0108260 seconds, Stopping threads took: 0.0001950 seconds
30.508: Application time: 0.0049960 seconds
30.509: [GC30.509: [DefNew: 15688K->1425K(18432K), 0.0026720 secs] 40179K->33754K(59392K), 0.0027150 secs] [Times: user=0.00 sys=0.00, real=0.00 secs] 
30.511: Total time for which application threads were stopped: 0.0031430 seconds, Stopping threads took: 0.0003400 seconds
30.517: Application time: 0.0054240 seconds
30.517: [GC30.517: [DefNew: 17119K->17119K(18432K), 0.0000100 secs]30.517: [Tenured: 32329K->20216K(40960K), 0.0097240 secs] 49449K->20216K(59392K), [Perm : 6069K->6069K(21248K)], 0.0097850 secs] [Times: user=0.01 sys=0.00, real=0.01 secs] 
30.527: Total time for which application threads were stopped: 0.0101530 seconds, Stopping threads took: 0.0002800 seconds
30.532: Application time: 0.0050030 seconds
30.532: [GC30.532: [DefNew: 15698K->1426K(18432K), 0.0032660 secs] 35914K->31617K(59392K), 0.0033090 secs] [Times: user=0.01 sys=0.00, real=0.01 secs] 
30.536: Total time for which application threads were stopped: 0.0037260 seconds, Stopping threads took: 0.0003300 seconds
30.541: Application time: 0.0051960 seconds
30.541: [GC30.541: [DefNew: 17114K->17114K(18432K), 0.0000100 secs]30.541: [Tenured: 30191K->27342K(40960K), 0.0096700 secs] 47306K->27342K(59392K), [Perm : 6069K->6069K(21248K)], 0.0097290 secs] [Times: user=0.01 sys=0.00, real=0.01 secs] 
30.551: Total time for which application threads were stopped: 0.0099710 seconds, Stopping threads took: 0.0001490 seconds
30.555: Application time: 0.0045600 seconds
30.556: [GC30.556: [DefNew: 15688K->15688K(18432K), 0.0000090 secs]30.556: [Tenured: 27342K->28054K(40960K), 0.0092230 secs] 43030K->28054K(59392K), [Perm : 6069K->6069K(21248K)], 0.0092830 secs] [Times: user=0.01 sys=0.00, real=0.00 secs] 
30.565: Total time for which application threads were stopped: 0.0095240 seconds, Stopping threads took: 0.0001390 seconds
30.570: Application time: 0.0050620 seconds
30.570: [GC30.570: [DefNew: 15688K->15688K(18432K), 0.0000110 secs]30.570: [Tenured: 28054K->27342K(40960K), 0.0096110 secs] 43743K->27342K(59392K), [Perm : 6069K->6069K(21248K)], 0.0096730 secs] [Times: user=0.01 sys=0.00, real=0.01 secs] 
30.580: Total time for which application threads were stopped: 0.0100790 seconds, Stopping threads took: 0.0003150 seconds
30.586: Application time: 0.0054960 seconds
30.586: [GC30.586: [DefNew: 15688K->15688K(18432K), 0.0000110 secs]30.586: [Tenured: 27342K->24492K(40960K), 0.0108200 secs] 43031K->24492K(59392K), [Perm : 6069K->6069K(21248K)], 0.0108820 secs] [Times: user=0.01 sys=0.00, real=0.01 secs] 
30.597: Total time for which application threads were stopped: 0.0112110 seconds, Stopping threads took: 0.0002450 seconds
30.602: Application time: 0.0055690 seconds
30.603: [GC30.603: [DefNew: 15690K->1425K(18432K), 0.0025860 secs] 40182K->33755K(59392K), 0.0026260 secs] [Times: user=0.01 sys=0.00, real=0.00 secs] 
30.605: Total time for which application threads were stopped: 0.0029730 seconds, Stopping threads took: 0.0002520 seconds
30.611: Application time: 0.0056170 seconds
30.611: [GC30.611: [DefNew: 17129K->17129K(18432K), 0.0000100 secs]30.611: [Tenured: 32330K->23780K(40960K), 0.0110050 secs] 49459K->23780K(59392K), [Perm : 6069K->6069K(21248K)], 0.0110650 secs] [Times: user=0.01 sys=0.00, real=0.01 secs] 
30.622: Total time for which application threads were stopped: 0.0113980 seconds, Stopping threads took: 0.0002400 seconds
30.627: Application time: 0.0050640 seconds
30.628: [GC30.628: [DefNew: 15689K->1425K(18432K), 0.0030390 secs] 39470K->33757K(59392K), 0.0030800 secs] [Times: user=0.01 sys=0.00, real=0.00 secs] 
30.631: Total time for which application threads were stopped: 0.0033730 seconds, Stopping threads took: 0.0002060 seconds
30.636: Application time: 0.0048280 seconds
30.636: [GC30.636: [DefNew: 17119K->17119K(18432K), 0.0000100 secs]30.636: [Tenured: 32331K->23781K(40960K), 0.0087270 secs] 49451K->23781K(59392K), [Perm : 6069K->6069K(21248K)], 0.0087850 secs] [Times: user=0.01 sys=0.00, real=0.00 secs] 
30.645: Total time for which application threads were stopped: 0.0094990 seconds, Stopping threads took: 0.0006210 seconds
30.650: Application time: 0.0047810 seconds
30.650: [GC30.650: [DefNew: 15703K->1426K(18432K), 0.0029560 secs] 39484K->33759K(59392K), 0.0029950 secs] [Times: user=0.01 sys=0.00, real=0.00 secs] 
30.653: Total time for which application threads were stopped: 0.0033280 seconds, Stopping threads took: 0.0002420 seconds
30.658: Application time: 0.0043150 seconds
30.658: [GC30.658: [DefNew: 17114K->17114K(18432K), 0.0000090 secs]30.658: [Tenured: 32332K->26631K(40960K), 0.0108220 secs] 49447K->26631K(59392K), [Perm : 6072K->6072K(21248K)], 0.0108810 secs] [Times: user=0.01 sys=0.00, real=0.01 secs] 
30.669: Total time for which application threads were stopped: 0.0111470 seconds, Stopping threads took: 0.0001780 seconds
30.673: Application time: 0.0043240 seconds
30.673: [GC30.673: [DefNew: 15687K->15687K(18432K), 0.0000100 secs]30.673: [Tenured: 26631K->24493K(40960K), 0.0108010 secs] 42319K->24493K(59392K), [Perm : 6072K->6072K(21248K)], 0.0108580 secs] [Times: user=0.02 sys=0.00, real=0.01 secs] 
30.684: Total time for which application threads were stopped: 0.0111190 seconds, Stopping threads took: 0.0001910 seconds
30.689: Application time: 0.0047970 seconds
30.689: [GC30.689: [DefNew: 15694K->1426K(18432K), 0.0024810 secs] 40187K->33045K(59392K), 0.0025250 secs] [Times: user=0.01 sys=0.00, real=0.00 secs] 
30.692: Total time for which application threads were stopped: 0.0028030 seconds, Stopping threads took: 0.0001880 seconds
30.696: Application time: 0.0046230 seconds
30.697: [GC30.697: [DefNew: 17114K->17114K(18432K), 0.0000090 secs]30.697: [Tenured: 31619K->22356K(40960K), 0.0073650 secs] 48734K->22356K(59392K), [Perm : 6072K->6072K(21248K)], 0.0074240 secs] [Times: user=0.01 sys=0.00, real=0.00 secs] 
30.704: Total time for which application threads were stopped: 0.0076760 seconds, Stopping threads took: 0.0001630 seconds
30.709: Application time: 0.0049110 seconds
30.709: [GC30.709: [DefNew: 15689K->1425K(18432K), 0.0027470 secs] 38046K->31620K(59392K), 0.0027900 secs] [Times: user=0.00 sys=0.00, real=0.00 secs] 
30.712: Total time for which application threads were stopped: 0.0030070 seconds, Stopping threads took: 0.0001290 seconds
30.716: Application time: 0.0043890 seconds
30.717: [GC30.717: [DefNew: 17112K->17112K(18432K), 0.0000090 secs]30.717: [Tenured: 30195K->25205K(40960K), 0.0103340 secs] 47308K->25205K(59392K), [Perm : 6072K->6072K(21248K)], 0.0103940 secs] [Times: user=0.01 sys=0.00, real=0.01 secs] 
30.727: Total time for which application threads were stopped: 0.0107260 seconds, Stopping threads took: 0.0002440 seconds
30.732: Application time: 0.0047160 seconds
30.732: [GC30.732: [DefNew: 15694K->1426K(18432K), 0.0026500 secs] 40900K->34471K(59392K), 0.0026920 secs] [Times: user=0.00 sys=0.00, real=0.01 secs] 
30.735: Total time for which application threads were stopped: 0.0029210 seconds, Stopping threads took: 0.0001580 seconds
30.739: Application time: 0.0044350 seconds
30.739: [GC30.739: [DefNew: 17113K->17113K(18432K), 0.0000100 secs]30.739: [Tenured: 33044K->24494K(40960K), 0.0079440 secs] 50158K->24494K(59392K), [Perm : 6072K->6072K(21248K)], 0.0080100 secs] [Times: user=0.00 sys=0.00, real=0.01 secs] 
30.747: Total time for which application threads were stopped: 0.0081830 seconds, Stopping threads took: 0.0001020 seconds
30.752: Application time: 0.0047840 seconds
30.752: [GC30.752: [DefNew: 15687K->1425K(18432K), 0.0022340 secs] 40181K->31620K(59392K), 0.0022760 secs] [Times: user=0.00 sys=0.00, real=0.01 secs] 
30.755: Total time for which application threads were stopped: 0.0025740 seconds, Stopping threads took: 0.0002300 seconds
30.759: Application time: 0.0045440 seconds
30.760: [GC30.760: [DefNew: 17122K->17122K(18432K), 0.0000110 secs]30.760: [Tenured: 30195K->24492K(40960K), 0.0114870 secs] 47318K->24492K(59392K), [Perm : 6072K->6072K(21248K)], 0.0115480 secs] [Times: user=0.01 sys=0.00, real=0.01 secs] 
30.771: Total time for which application threads were stopped: 0.0117820 seconds, Stopping threads took: 0.0001420 seconds
30.776: Application time: 0.0048560 seconds
30.776: [GC30.776: [DefNew: 15694K->1427K(18432K), 0.0017910 secs] 40186K->30195K(59392K), 0.0018290 secs] [Times: user=0.00 sys=0.00, real=0.00 secs] 
30.778: Total time for which application threads were stopped: 0.0020390 seconds, Stopping threads took: 0.0001250 seconds
30.783: Application time: 0.0047330 seconds
30.783: [GC30.783: [DefNew: 17118K->17118K(18432K), 0.0000100 secs]30.783: [Tenured: 28768K->25919K(40960K), 0.0085640 secs] 45886K->25919K(59392K), [Perm : 6072K->6072K(21248K)], 0.0086240 secs] [Times: user=0.01 sys=0.00, real=0.01 secs] 
30.792: Total time for which application threads were stopped: 0.0089300 seconds, Stopping threads took: 0.0002150 seconds
30.797: Application time: 0.0052400 seconds
30.797: [GC30.797: [DefNew: 15684K->15684K(18432K), 0.0000100 secs]30.797: [Tenured: 25919K->24491K(40960K), 0.0099950 secs] 41604K->24491K(59392K), [Perm : 6072K->6072K(21248K)], 0.0100550 secs] [Times: user=0.01 sys=0.00, real=0.01 secs] 
30.807: Total time for which application threads were stopped: 0.0103710 seconds, Stopping threads took: 0.0002270 seconds
30.813: Application time: 0.0058800 seconds
30.813: [GC30.813: [DefNew: 15691K->1426K(18432K), 0.0017870 secs] 40183K->30193K(59392K), 0.0018250 secs] [Times: user=0.00 sys=0.00, real=0.01 secs] 
30.815: Total time for which application threads were stopped: 0.0020590 seconds, Stopping threads took: 0.0001460 seconds
30.826: Application time: 0.0103930 seconds
30.826: [GC30.826: [DefNew: 17114K->17114K(18432K), 0.0000100 secs]30.826: [Tenured: 28766K->22354K(40960K), 0.0093160 secs] 45881K->22354K(59392K), [Perm : 6072K->6072K(21248K)], 0.0093760 secs] [Times: user=0.01 sys=0.00, real=0.01 secs] 
30.835: Total time for which application threads were stopped: 0.0095170 seconds, Stopping threads took: 0.0000710 seconds
30.890: Application time: 0.0553110 seconds
30.891: [GC30.891: [DefNew: 15695K->1426K(18432K), 0.0033710 secs] 38049K->33755K(59392K), 0.0034110 secs] [Times: user=0.00 sys=0.00, real=0.01 secs] 
30.894: Total time for which application threads were stopped: 0.0035910 seconds, Stopping threads took: 0.0001120 seconds
30.960: Application time: 0.0661050 seconds
30.960: [GC30.960: [DefNew: 17117K->17117K(18432K), 0.0000110 secs]30.960: [Tenured: 32329K->24491K(40960K), 0.0115570 secs] 49446K->24491K(59392K), [Perm : 6072K->6072K(21248K)], 0.0116180 secs] [Times: user=0.01 sys=0.00, real=0.01 secs] 
30.972: Total time for which application threads were stopped: 0.0118510 seconds, Stopping threads took: 0.0001630 seconds
31.046: Application time: 0.0735870 seconds
31.046: [GC31.046: [DefNew: 15691K->1425K(18432K), 0.0043070 secs] 40182K->39454K(59392K), 0.0043460 secs] [Times: user=0.00 sys=0.00, real=0.00 secs] 
31.050: Total time for which application threads were stopped: 0.0044860 seconds, Stopping threads took: 0.0000740 seconds
31.117: Application time: 0.0667090 seconds
31.117: [GC31.117: [DefNew: 17116K->17116K(18432K), 0.0000100 secs]31.117: [Tenured: 38029K->23778K(40960K), 0.0105950 secs] 55145K->23778K(59392K), [Perm : 6072K->6072K(21248K)], 0.0106640 secs] [Times: user=0.01 sys=0.00, real=0.01 secs] 
31.128: Total time for which application threads were stopped: 0.0109560 seconds, Stopping threads took: 0.0001890 seconds
31.195: Application time: 0.0671980 seconds
31.195: [GC31.195: [DefNew: 15691K->1425K(18432K), 0.0044770 secs] 39470K->39454K(59392K), 0.0045200 secs] [Times: user=0.01 sys=0.00, real=0.00 secs] 
31.200: Total time for which application threads were stopped: 0.0046480 seconds, Stopping threads took: 0.0000600 seconds
31.271: Application time: 0.0711400 seconds
31.271: [GC31.271: [DefNew: 17116K->17116K(18432K), 0.0000100 secs]31.271: [Tenured: 38029K->24491K(40960K), 0.0090050 secs] 55145K->24491K(59392K), [Perm : 6072K->6072K(21248K)], 0.0090640 secs] [Times: user=0.01 sys=0.00, real=0.01 secs] 
31.280: Total time for which application threads were stopped: 0.0091890 seconds, Stopping threads took: 0.0000570 seconds
31.340: Application time: 0.0601430 seconds
31.340: [GC31.340: [DefNew: 15700K->1425K(18432K), 0.0044320 secs] 40191K->40167K(59392K), 0.0044730 secs] [Times: user=0.00 sys=0.00, real=0.00 secs] 
31.345: Total time for which application threads were stopped: 0.0046100 seconds, Stopping threads took: 0.0000680 seconds
31.418: Application time: 0.0734430 seconds
31.418: [GC31.418: [DefNew: 17117K->17117K(18432K), 0.0000100 secs]31.418: [Tenured: 38741K->25204K(40960K), 0.0100520 secs] 55859K->25204K(59392K), [Perm : 6072K->6072K(21248K)], 0.0101090 secs] [Times: user=0.01 sys=0.00, real=0.01 secs] 
31.428: Total time for which application threads were stopped: 0.0102460 seconds, Stopping threads took: 0.0000670 seconds
31.503: Application time: 0.0745580 seconds
31.503: [GC31.503: [DefNew: 15689K->1425K(18432K), 0.0042720 secs] 40894K->40167K(59392K), 0.0043090 secs] [Times: user=0.01 sys=0.00, real=0.01 secs] 
31.507: Total time for which application threads were stopped: 0.0044550 seconds, Stopping threads took: 0.0000740 seconds
31.582: Application time: 0.0744160 seconds
31.582: [GC31.582: [DefNew: 17123K->17123K(18432K), 0.0000100 secs]31.582: [Tenured: 38742K->24491K(40960K), 0.0112060 secs] 55865K->24491K(59392K), [Perm : 6072K->6072K(21248K)], 0.0112640 secs] [Times: user=0.01 sys=0.00, real=0.01 secs] 
31.593: Total time for which application threads were stopped: 0.0114610 seconds, Stopping threads took: 0.0001060 seconds
31.655: Application time: 0.0621910 seconds
31.656: [GC31.656: [DefNew: 15691K->1425K(18432K), 0.0043650 secs] 40183K->40166K(59392K), 0.0044040 secs] [Times: user=0.01 sys=0.00, real=0.00 secs] 
31.660: Total time for which application threads were stopped: 0.0045700 seconds, Stopping threads took: 0.0000930 seconds
31.734: Application time: 0.0738220 seconds
31.734: [GC31.734: [DefNew: 17125K->17125K(18432K), 0.0000090 secs]31.734: [Tenured: 38741K->25917K(40960K), 0.0100170 secs] 55866K->25917K(59392K), [Perm : 6072K->6072K(21248K)], 0.0100780 secs] [Times: user=0.01 sys=0.00, real=0.00 secs] 
31.744: Total time for which application threads were stopped: 0.0102340 seconds, Stopping threads took: 0.0000880 seconds
31.788: Application time: 0.0437440 seconds
31.788: [GC31.788: [DefNew: 15708K->15708K(18432K), 0.0000100 secs]31.788: [Tenured: 25917K->25918K(40960K), 0.0090820 secs] 41625K->25918K(59392K), [Perm : 6072K->6072K(21248K)], 0.0091420 secs] [Times: user=0.01 sys=0.00, real=0.01 secs] 
31.797: Total time for which application threads were stopped: 0.0092720 seconds, Stopping threads took: 0.0000590 seconds
31.865: Application time: 0.0674610 seconds
31.865: [GC31.865: [DefNew: 15717K->15717K(18432K), 0.0000090 secs]31.865: [Tenured: 25918K->27346K(40960K), 0.0107020 secs] 41635K->27346K(59392K), [Perm : 6073K->6073K(21248K)], 0.0107610 secs] [Times: user=0.01 sys=0.00, real=0.02 secs] 
31.875: Total time for which application threads were stopped: 0.0109220 seconds, Stopping threads took: 0.0000930 seconds
31.949: Application time: 0.0739120 seconds
31.950: [GC31.950: [DefNew: 15691K->15691K(18432K), 0.0000100 secs]31.950: [Tenured: 27346K->29479K(40960K), 0.0124380 secs] 43037K->29479K(59392K), [Perm : 6073K->6073K(21248K)], 0.0125080 secs] [Times: user=0.01 sys=0.00, real=0.01 secs] 
31.962: Total time for which application threads were stopped: 0.0127760 seconds, Stopping threads took: 0.0001970 seconds
32.036: Application time: 0.0741280 seconds
32.037: [GC32.037: [DefNew: 15691K->15691K(18432K), 0.0000110 secs]32.037: [Tenured: 29479K->29479K(40960K), 0.0106350 secs] 45170K->29479K(59392K), [Perm : 6073K->6073K(21248K)], 0.0106960 secs] [Times: user=0.01 sys=0.00, real=0.01 secs] 
32.047: Total time for which application threads were stopped: 0.0109350 seconds, Stopping threads took: 0.0001480 seconds
32.116: Application time: 0.0692160 seconds
32.117: [GC32.117: [DefNew: 15691K->15691K(18432K), 0.0000090 secs]32.117: [Tenured: 29479K->30191K(40960K), 0.0092900 secs] 45170K->30191K(59392K), [Perm : 6073K->6073K(21248K)], 0.0093480 secs] [Times: user=0.01 sys=0.00, real=0.01 secs] 
32.126: Total time for which application threads were stopped: 0.0095320 seconds, Stopping threads took: 0.0001060 seconds
32.199: Application time: 0.0733980 seconds
32.200: [GC32.200: [DefNew: 15691K->15691K(18432K), 0.0000090 secs]32.200: [Tenured: 30191K->30191K(40960K), 0.0093750 secs] 45883K->30191K(59392K), [Perm : 6073K->6073K(21248K)], 0.0094300 secs] [Times: user=0.01 sys=0.00, real=0.01 secs] 
32.209: Total time for which application threads were stopped: 0.0095800 seconds, Stopping threads took: 0.0000680 seconds
32.279: Application time: 0.0697050 seconds
32.279: [GC32.279: [DefNew: 15691K->15691K(18432K), 0.0000090 secs]32.279: [Tenured: 30191K->29478K(40960K), 0.0098890 secs] 45883K->29478K(59392K), [Perm : 6073K->6073K(21248K)], 0.0099470 secs] [Times: user=0.01 sys=0.00, real=0.01 secs] 
32.289: Total time for which application threads were stopped: 0.0102380 seconds, Stopping threads took: 0.0002040 seconds
32.348: Application time: 0.0588060 seconds
32.348: [GC32.348: [DefNew: 15699K->15699K(18432K), 0.0000110 secs]32.348: [Tenured: 29478K->29479K(40960K), 0.0098220 secs] 45178K->29479K(59392K), [Perm : 6073K->6073K(21248K)], 0.0098820 secs] [Times: user=0.01 sys=0.00, real=0.01 secs] 
32.358: Total time for which application threads were stopped: 0.0100450 seconds, Stopping threads took: 0.0000820 seconds
32.423: Application time: 0.0648270 seconds
32.423: [GC32.423: [DefNew: 15691K->15691K(18432K), 0.0000090 secs]32.423: [Tenured: 29479K->30192K(40960K), 0.0095870 secs] 45171K->30192K(59392K), [Perm : 6073K->6073K(21248K)], 0.0096480 secs] [Times: user=0.01 sys=0.00, real=0.01 secs] 
32.432: Total time for which application threads were stopped: 0.0098450 seconds, Stopping threads took: 0.0001100 seconds
32.502: Application time: 0.0693280 seconds
32.502: [GC32.502: [DefNew: 15691K->15691K(18432K), 0.0000110 secs]32.502: [Tenured: 30192K->30192K(40960K), 0.0106950 secs] 45884K->30192K(59392K), [Perm : 6073K->6073K(21248K)], 0.0107580 secs] [Times: user=0.01 sys=0.00, real=0.01 secs] 
32.513: Total time for which application threads were stopped: 0.0109340 seconds, Stopping threads took: 0.0001060 seconds
32.558: Application time: 0.0451860 seconds
32.558: [GC32.558: [DefNew: 15691K->15691K(18432K), 0.0000110 secs]32.558: [Tenured: 30192K->28766K(40960K), 0.0118270 secs] 45884K->28766K(59392K), [Perm : 6073K->6073K(21248K)], 0.0118870 secs] [Times: user=0.02 sys=0.00, real=0.01 secs] 
32.570: Total time for which application threads were stopped: 0.0120230 seconds, Stopping threads took: 0.0000640 seconds
32.638: Application time: 0.0679120 seconds
32.638: [GC32.638: [DefNew: 15700K->15700K(18432K), 0.0000100 secs]32.638: [Tenured: 28766K->29480K(40960K), 0.0107470 secs] 44466K->29480K(59392K), [Perm : 6073K->6073K(21248K)], 0.0108070 secs] [Times: user=0.01 sys=0.00, real=0.01 secs] 
32.649: Total time for which application threads were stopped: 0.0109910 seconds, Stopping threads took: 0.0001140 seconds
32.719: Application time: 0.0703650 seconds
32.719: [GC32.719: [DefNew: 15697K->15697K(18432K), 0.0000100 secs]32.719: [Tenured: 29480K->28054K(40960K), 0.0107530 secs] 45178K->28054K(59392K), [Perm : 6073K->6073K(21248K)], 0.0108220 secs] [Times: user=0.01 sys=0.00, real=0.01 secs] 
32.730: Total time for which application threads were stopped: 0.0110390 seconds, Stopping threads took: 0.0001280 seconds
32.799: Application time: 0.0686810 seconds
32.799: [GC32.799: [DefNew: 15697K->15697K(18432K), 0.0000100 secs]32.799: [Tenured: 28054K->25916K(40960K), 0.0114550 secs] 43752K->25916K(59392K), [Perm : 6073K->6073K(21248K)], 0.0115120 secs] [Times: user=0.02 sys=0.00, real=0.01 secs] 
32.811: Total time for which application threads were stopped: 0.0117470 seconds, Stopping threads took: 0.0001470 seconds
32.860: Application time: 0.0490780 seconds
32.860: [GC32.860: [DefNew: 15704K->15704K(18432K), 0.0000090 secs]32.860: [Tenured: 25916K->23779K(40960K), 0.0100480 secs] 41620K->23779K(59392K), [Perm : 6073K->6073K(21248K)], 0.0101030 secs] [Times: user=0.01 sys=0.00, real=0.01 secs] 
32.870: Total time for which application threads were stopped: 0.0102400 seconds, Stopping threads took: 0.0000690 seconds
32.908: Application time: 0.0376440 seconds
32.908: [GC32.908: [DefNew: 15704K->1427K(18432K), 0.0033110 secs] 39483K->35181K(59392K), 0.0033510 secs] [Times: user=0.00 sys=0.00, real=0.00 secs] 
32.911: Total time for which application threads were stopped: 0.0035730 seconds, Stopping threads took: 0.0001550 seconds
32.978: Application time: 0.0667190 seconds
32.978: [GC32.978: [DefNew: 17114K->17114K(18432K), 0.0000110 secs]32.978: [Tenured: 33754K->23066K(40960K), 0.0108970 secs] 50869K->23066K(59392K), [Perm : 6073K->6073K(21248K)], 0.0109590 secs] [Times: user=0.01 sys=0.00, real=0.01 secs] 
32.989: Total time for which application threads were stopped: 0.0111590 seconds, Stopping threads took: 0.0001280 seconds
33.031: Application time: 0.0419710 seconds
33.031: [GC33.031: [DefNew: 15687K->1425K(18432K), 0.0033030 secs] 38754K->34467K(59392K), 0.0033410 secs] [Times: user=0.00 sys=0.00, real=0.01 secs] 
33.035: Total time for which application threads were stopped: 0.0034720 seconds, Stopping threads took: 0.0000650 seconds
33.083: Application time: 0.0480320 seconds
33.083: [GC33.083: [DefNew: 17113K->17113K(18432K), 0.0000100 secs]33.083: [Tenured: 33042K->24492K(40960K), 0.0103130 secs] 50155K->24492K(59392K), [Perm : 6073K->6073K(21248K)], 0.0103710 secs] [Times: user=0.01 sys=0.00, real=0.01 secs] 
33.093: Total time for which application threads were stopped: 0.0105060 seconds, Stopping threads took: 0.0000640 seconds
33.152: Application time: 0.0587660 seconds
33.152: [GC33.152: [DefNew: 15688K->1425K(18432K), 0.0032760 secs] 40180K->35893K(59392K), 0.0033170 secs] [Times: user=0.00 sys=0.00, real=0.01 secs] 
33.155: Total time for which application threads were stopped: 0.0034450 seconds, Stopping threads took: 0.0000600 seconds
33.213: Application time: 0.0574960 seconds
33.213: [GC33.213: [DefNew: 17113K->17113K(18432K), 0.0000120 secs]33.213: [Tenured: 34467K->24492K(40960K), 0.0101410 secs] 51581K->24492K(59392K), [Perm : 6073K->6073K(21248K)], 0.0102060 secs] [Times: user=0.01 sys=0.00, real=0.01 secs] 
33.223: Total time for which application threads were stopped: 0.0104830 seconds, Stopping threads took: 0.0002100 seconds
33.264: Application time: 0.0402550 seconds
33.264: [GC33.264: [DefNew: 15688K->1425K(18432K), 0.0033700 secs] 40180K->35893K(59392K), 0.0034120 secs] [Times: user=0.01 sys=0.00, real=0.01 secs] 
33.267: Total time for which application threads were stopped: 0.0036390 seconds, Stopping threads took: 0.0001280 seconds
33.328: Application time: 0.0607340 seconds
33.328: [GC33.328: [DefNew: 17122K->17122K(18432K), 0.0000100 secs]33.328: [Tenured: 34468K->24492K(40960K), 0.0100620 secs] 51590K->24492K(59392K), [Perm : 6073K->6073K(21248K)], 0.0101180 secs] [Times: user=0.01 sys=0.00, real=0.01 secs] 
33.338: Total time for which application threads were stopped: 0.0102470 seconds, Stopping threads took: 0.0000590 seconds
33.385: Application time: 0.0468490 seconds
33.385: [GC33.385: [DefNew: 15688K->1425K(18432K), 0.0033450 secs] 40181K->35893K(59392K), 0.0033930 secs] [Times: user=0.00 sys=0.00, real=0.01 secs] 
33.389: Total time for which application threads were stopped: 0.0036160 seconds, Stopping threads took: 0.0001540 seconds
33.439: Application time: 0.0506640 seconds
33.439: [GC33.439: [DefNew: 17113K->17113K(18432K), 0.0000100 secs]33.439: [Tenured: 34468K->25205K(40960K), 0.0102580 secs] 51582K->25205K(59392K), [Perm : 6073K->6073K(21248K)], 0.0103170 secs] [Times: user=0.01 sys=0.00, real=0.01 secs] 
33.450: Total time for which application threads were stopped: 0.0104560 seconds, Stopping threads took: 0.0000650 seconds
33.500: Application time: 0.0505890 seconds
33.501: [GC33.501: [DefNew: 15688K->1425K(18432K), 0.0033930 secs] 40894K->36606K(59392K), 0.0034320 secs] [Times: user=0.00 sys=0.00, real=0.00 secs] 
33.504: Total time for which application threads were stopped: 0.0036020 seconds, Stopping threads took: 0.0001040 seconds
33.551: Application time: 0.0471330 seconds
33.551: [GC33.551: [DefNew: 17114K->17114K(18432K), 0.0000100 secs]33.551: [Tenured: 35181K->25205K(40960K), 0.0100270 secs] 52295K->25205K(59392K), [Perm : 6073K->6073K(21248K)], 0.0100990 secs] [Times: user=0.01 sys=0.00, real=0.01 secs] 
33.561: Total time for which application threads were stopped: 0.0103540 seconds, Stopping threads took: 0.0001720 seconds
33.618: Application time: 0.0569390 seconds
33.619: [GC33.619: [DefNew: 15689K->1425K(18432K), 0.0034360 secs] 40894K->36607K(59392K), 0.0034740 secs] [Times: user=0.00 sys=0.00, real=0.00 secs] 
33.622: Total time for which application threads were stopped: 0.0036170 seconds, Stopping threads took: 0.0000750 seconds
33.682: Application time: 0.0604480 seconds
33.683: [GC33.683: [DefNew: 17122K->17122K(18432K), 0.0000090 secs]33.683: [Tenured: 35181K->25206K(40960K), 0.0091670 secs] 52304K->25206K(59392K), [Perm : 6073K->6073K(21248K)], 0.0092270 secs] [Times: user=0.01 sys=0.00, real=0.01 secs] 
33.692: Total time for which application threads were stopped: 0.0093580 seconds, Stopping threads took: 0.0000620 seconds
33.723: Application time: 0.0315860 seconds
33.724: [GC33.724: [DefNew: 15697K->1426K(18432K), 0.0032740 secs] 40904K->36609K(59392K), 0.0033140 secs] [Times: user=0.01 sys=0.00, real=0.01 secs] 
33.727: Total time for which application threads were stopped: 0.0034450 seconds, Stopping threads took: 0.0000620 seconds
33.793: Application time: 0.0659980 seconds
33.793: [GC33.793: [DefNew: 17123K->17123K(18432K), 0.0000100 secs]33.793: [Tenured: 35183K->25918K(40960K), 0.0103080 secs] 52307K->25918K(59392K), [Perm : 6073K->6073K(21248K)], 0.0103660 secs] [Times: user=0.01 sys=0.00, real=0.01 secs] 
33.803: Total time for which application threads were stopped: 0.0105090 seconds, Stopping threads took: 0.0000650 seconds
33.851: Application time: 0.0478650 seconds
33.851: [GC33.851: [DefNew: 15705K->15705K(18432K), 0.0000090 secs]33.851: [Tenured: 25918K->25920K(40960K), 0.0091150 secs] 41624K->25920K(59392K), [Perm : 6073K->6073K(21248K)], 0.0091760 secs] [Times: user=0.01 sys=0.00, real=0.01 secs] 
33.861: Total time for which application threads were stopped: 0.0093190 seconds, Stopping threads took: 0.0000750 seconds
33.909: Application time: 0.0489090 seconds
33.910: [GC33.910: [DefNew: 15689K->15689K(18432K), 0.0000100 secs]33.910: [Tenured: 25920K->27345K(40960K), 0.0101620 secs] 41609K->27345K(59392K), [Perm : 6073K->6073K(21248K)], 0.0102220 secs] [Times: user=0.01 sys=0.00, real=0.01 secs] 
33.920: Total time for which application threads were stopped: 0.0104050 seconds, Stopping threads took: 0.0001150 seconds
33.978: Application time: 0.0578590 seconds
33.978: [GC33.978: [DefNew: 15697K->15697K(18432K), 0.0000100 secs]33.978: [Tenured: 27345K->29483K(40960K), 0.0099910 secs] 43042K->29483K(59392K), [Perm : 6073K->6073K(21248K)], 0.0100530 secs] [Times: user=0.01 sys=0.00, real=0.01 secs] 
33.988: Total time for which application threads were stopped: 0.0102410 seconds, Stopping threads took: 0.0001090 seconds
34.042: Application time: 0.0544190 seconds
34.043: [GC34.043: [DefNew: 15697K->15697K(18432K), 0.0000100 secs]34.043: [Tenured: 29483K->28768K(40960K), 0.0111730 secs] 45181K->28768K(59392K), [Perm : 6073K->6073K(21248K)], 0.0112310 secs] [Times: user=0.01 sys=0.00, real=0.02 secs] 
34.054: Total time for which application threads were stopped: 0.0113580 seconds, Stopping threads took: 0.0000560 seconds
34.088: Application time: 0.0340630 seconds
34.088: [GC34.088: [DefNew: 15689K->15689K(18432K), 0.0000090 secs]34.088: [Tenured: 28768K->29481K(40960K), 0.0102190 secs] 44457K->29481K(59392K), [Perm : 6073K->6073K(21248K)], 0.0102760 secs] [Times: user=0.01 sys=0.00, real=0.01 secs] 
34.098: Total time for which application threads were stopped: 0.0105500 seconds, Stopping threads took: 0.0002040 seconds
34.161: Application time: 0.0621930 seconds
34.161: [GC34.161: [DefNew: 15688K->15688K(18432K), 0.0000100 secs]34.161: [Tenured: 29481K->30193K(40960K), 0.0101030 secs] 45169K->30193K(59392K), [Perm : 6073K->6073K(21248K)], 0.0101620 secs] [Times: user=0.01 sys=0.00, real=0.01 secs] 
34.171: Total time for which application threads were stopped: 0.0104150 seconds, Stopping threads took: 0.0001710 seconds
34.223: Application time: 0.0524930 seconds
34.224: [GC34.224: [DefNew: 15688K->15688K(18432K), 0.0000100 secs]34.224: [Tenured: 30193K->29481K(40960K), 0.0106940 secs] 45882K->29481K(59392K), [Perm : 6073K->6073K(21248K)], 0.0107510 secs] [Times: user=0.01 sys=0.00, real=0.02 secs] 
34.234: Total time for which application threads were stopped: 0.0110010 seconds, Stopping threads took: 0.0001790 seconds
34.271: Application time: 0.0367900 seconds
34.271: [GC34.271: [DefNew: 15688K->15688K(18432K), 0.0000090 secs]34.271: [Tenured: 29481K->30193K(40960K), 0.0096000 secs] 45169K->30193K(59392K), [Perm : 6073K->6073K(21248K)], 0.0096600 secs] [Times: user=0.01 sys=0.00, real=0.01 secs] 
34.281: Total time for which application threads were stopped: 0.0098640 seconds, Stopping threads took: 0.0001170 seconds
34.342: Application time: 0.0606020 seconds
34.342: [GC34.342: [DefNew: 15688K->15688K(18432K), 0.0000100 secs]34.342: [Tenured: 30193K->29480K(40960K), 0.0099090 secs] 45881K->29480K(59392K), [Perm : 6073K->6073K(21248K)], 0.0099710 secs] [Times: user=0.01 sys=0.00, real=0.01 secs] 
34.352: Total time for which application threads were stopped: 0.0101940 seconds, Stopping threads took: 0.0001310 seconds
34.383: Application time: 0.0309010 seconds
34.383: [GC34.383: [DefNew: 15726K->15726K(18432K), 0.0000090 secs]34.383: [Tenured: 29480K->30935K(40960K), 0.0098110 secs] 45207K->30935K(59392K), [Perm : 6073K->6073K(21248K)], 0.0098710 secs] [Times: user=0.01 sys=0.00, real=0.01 secs] 
34.393: Total time for which application threads were stopped: 0.0100880 seconds, Stopping threads took: 0.0001290 seconds
34.410: Application time: 0.0166320 seconds
34.410: [GC34.410: [DefNew: 15679K->15679K(18432K), 0.0000100 secs]34.410: [Tenured: 30935K->30935K(40960K), 0.0097300 secs] 46614K->30935K(59392K), [Perm : 6073K->6073K(21248K)], 0.0097920 secs] [Times: user=0.01 sys=0.00, real=0.01 secs] 
34.420: Total time for which application threads were stopped: 0.0100230 seconds, Stopping threads took: 0.0001400 seconds
34.434: Application time: 0.0147090 seconds
34.434: [GC34.434: [DefNew: 15685K->15685K(18432K), 0.0000100 secs]34.434: [Tenured: 30935K->30193K(40960K), 0.0111170 secs] 46621K->30193K(59392K), [Perm : 6073K->6073K(21248K)], 0.0111740 secs] [Times: user=0.01 sys=0.00, real=0.01 secs] 
34.446: Total time for which application threads were stopped: 0.0113160 seconds, Stopping threads took: 0.0000700 seconds
34.456: Application time: 0.0101870 seconds
34.456: [GC34.456: [DefNew: 15681K->15681K(18432K), 0.0000090 secs]34.456: [Tenured: 30193K->30193K(40960K), 0.0100210 secs] 45874K->30193K(59392K), [Perm : 6073K->6073K(21248K)], 0.0100820 secs] [Times: user=0.01 sys=0.00, real=0.01 secs] 
34.466: Total time for which application threads were stopped: 0.0102450 seconds, Stopping threads took: 0.0000780 seconds
34.477: Application time: 0.0112820 seconds
34.478: [GC34.478: [DefNew: 15683K->15683K(18432K), 0.0000090 secs]34.478: [Tenured: 30193K->30193K(40960K), 0.0094300 secs] 45877K->30193K(59392K), [Perm : 6073K->6073K(21248K)], 0.0094870 secs] [Times: user=0.01 sys=0.00, real=0.01 secs] 
34.487: Total time for which application threads were stopped: 0.0097050 seconds, Stopping threads took: 0.0001480 seconds
34.501: Application time: 0.0143860 seconds
34.502: [GC34.502: [DefNew: 15688K->15688K(18432K), 0.0000100 secs]34.502: [Tenured: 30193K->30905K(40960K), 0.0081820 secs] 45881K->30905K(59392K), [Perm : 6074K->6074K(21248K)], 0.0082380 secs] [Times: user=0.01 sys=0.00, real=0.01 secs] 
34.510: Total time for which application threads were stopped: 0.0084470 seconds, Stopping threads took: 0.0001360 seconds
34.523: Application time: 0.0130940 seconds
34.523: [GC34.523: [DefNew: 15681K->15681K(18432K), 0.0000100 secs]34.523: [Tenured: 30905K->29480K(40960K), 0.0097740 secs] 46587K->29480K(59392K), [Perm : 6074K->6074K(21248K)], 0.0098370 secs] [Times: user=0.01 sys=0.00, real=0.01 secs] 
34.533: Total time for which application threads were stopped: 0.0099880 seconds, Stopping threads took: 0.0000760 seconds
34.546: Application time: 0.0135050 seconds
34.547: [GC34.547: [DefNew: 15689K->15689K(18432K), 0.0000100 secs]34.547: [Tenured: 29480K->31619K(40960K), 0.0069380 secs] 45170K->31619K(59392K), [Perm : 6074K->6074K(21248K)], 0.0069950 secs] [Times: user=0.01 sys=0.00, real=0.01 secs] 
34.554: Total time for which application threads were stopped: 0.0072270 seconds, Stopping threads took: 0.0001430 seconds
34.564: Application time: 0.0101410 seconds
34.564: [GC34.564: [DefNew: 15683K->15683K(18432K), 0.0000110 secs]34.564: [Tenured: 31619K->30193K(40960K), 0.0100170 secs] 47303K->30193K(59392K), [Perm : 6074K->6074K(21248K)], 0.0100770 secs] [Times: user=0.01 sys=0.00, real=0.02 secs] 
34.574: Total time for which application threads were stopped: 0.0102260 seconds, Stopping threads took: 0.0000760 seconds
34.585: Application time: 0.0113390 seconds
34.586: [GC34.586: [DefNew: 15680K->15680K(18432K), 0.0000100 secs]34.586: [Tenured: 30193K->30193K(40960K), 0.0101080 secs] 45873K->30193K(59392K), [Perm : 6074K->6074K(21248K)], 0.0101700 secs] [Times: user=0.01 sys=0.00, real=0.01 secs] 
34.596: Total time for which application threads were stopped: 0.0103850 seconds, Stopping threads took: 0.0001230 seconds
34.630: Application time: 0.0341640 seconds
34.630: [GC34.630: [DefNew: 15692K->15692K(18432K), 0.0000110 secs]34.630: [Tenured: 30193K->28767K(40960K), 0.0098220 secs] 45885K->28767K(59392K), [Perm : 6074K->6074K(21248K)], 0.0098810 secs] [Times: user=0.01 sys=0.00, real=0.01 secs] 
34.640: Total time for which application threads were stopped: 0.0100130 seconds, Stopping threads took: 0.0000630 seconds
34.685: Application time: 0.0454090 seconds
34.686: [GC34.686: [DefNew: 15687K->15687K(18432K), 0.0000100 secs]34.686: [Tenured: 28767K->28055K(40960K), 0.0100170 secs] 44455K->28055K(59392K), [Perm : 6074K->6074K(21248K)], 0.0100760 secs] [Times: user=0.01 sys=0.00, real=0.01 secs] 
34.696: Total time for which application threads were stopped: 0.0102490 seconds, Stopping threads took: 0.0001050 seconds
34.759: Application time: 0.0631780 seconds
34.759: [GC34.759: [DefNew: 15776K->15776K(18432K), 0.0000100 secs]34.759: [Tenured: 28055K->27373K(40960K), 0.0095730 secs] 43831K->27373K(59392K), [Perm : 6074K->6074K(21248K)], 0.0096320 secs] [Times: user=0.01 sys=0.00, real=0.01 secs] 
34.769: Total time for which application threads were stopped: 0.0098020 seconds, Stopping threads took: 0.0001010 seconds
34.786: Application time: 0.0171770 seconds
34.786: [GC34.786: [DefNew: 16357K->16357K(18432K), 0.0000110 secs]34.786: [Tenured: 27373K->30226K(40960K), 0.0109740 secs] 43730K->30226K(59392K), [Perm : 6074K->6074K(21248K)], 0.0110350 secs] [Times: user=0.01 sys=0.00, real=0.01 secs] 
34.797: Total time for which application threads were stopped: 0.0112590 seconds, Stopping threads took: 0.0001250 seconds
34.815: Application time: 0.0177940 seconds
34.815: [GC34.815: [DefNew: 15677K->15677K(18432K), 0.0000110 secs]34.815: [Tenured: 30226K->28059K(40960K), 0.0111700 secs] 45903K->28059K(59392K), [Perm : 6074K->6074K(21248K)], 0.0112320 secs] [Times: user=0.02 sys=0.00, real=0.01 secs] 
34.826: Total time for which application threads were stopped: 0.0114800 seconds, Stopping threads took: 0.0001740 seconds
34.841: Application time: 0.0151410 seconds
34.842: [GC34.842: [DefNew: 15685K->15685K(18432K), 0.0000100 secs]34.842: [Tenured: 28059K->28771K(40960K), 0.0090390 secs] 43745K->28771K(59392K), [Perm : 6074K->6074K(21248K)], 0.0090950 secs] [Times: user=0.01 sys=0.00, real=0.01 secs] 
34.851: Total time for which application threads were stopped: 0.0092400 seconds, Stopping threads took: 0.0000710 seconds
34.865: Application time: 0.0141040 seconds
34.865: [GC34.865: [DefNew: 15679K->15679K(18432K), 0.0000090 secs]34.865: [Tenured: 28771K->28771K(40960K), 0.0089150 secs] 44451K->28771K(59392K), [Perm : 6074K->6074K(21248K)], 0.0089680 secs] [Times: user=0.01 sys=0.00, real=0.02 secs] 
34.874: Total time for which application threads were stopped: 0.0091260 seconds, Stopping threads took: 0.0000690 seconds
34.889: Application time: 0.0149870 seconds
34.889: [GC34.889: [DefNew: 16143K->16143K(18432K), 0.0000100 secs]34.889: [Tenured: 28771K->26670K(40960K), 0.0093780 secs] 44915K->26670K(59392K), [Perm : 6075K->6075K(21248K)], 0.0094340 secs] [Times: user=0.01 sys=0.00, real=0.01 secs] 
34.899: Total time for which application threads were stopped: 0.0095700 seconds, Stopping threads took: 0.0000690 seconds
34.908: Application time: 0.0091360 seconds
34.908: [GC34.908: [DefNew: 15976K->15976K(18432K), 0.0000100 secs]34.908: [Tenured: 26670K->25208K(40960K), 0.0112800 secs] 42647K->25208K(59392K), [Perm : 6075K->6075K(21248K)], 0.0113410 secs] [Times: user=0.01 sys=0.00, real=0.01 secs] 
34.919: Total time for which application threads were stopped: 0.0115360 seconds, Stopping threads took: 0.0001260 seconds
34.927: Application time: 0.0079230 seconds
34.927: [GC34.927: [DefNew: 15690K->1425K(18432K), 0.0017010 secs] 40899K->30909K(59392K), 0.0017380 secs] [Times: user=0.01 sys=0.00, real=0.00 secs] 
34.929: Total time for which application threads were stopped: 0.0018980 seconds, Stopping threads took: 0.0000910 seconds
34.938: Application time: 0.0084690 seconds
34.938: [GC34.938: [DefNew: 17107K->17107K(18432K), 0.0000090 secs]34.938: [Tenured: 29483K->27347K(40960K), 0.0090620 secs] 46591K->27347K(59392K), [Perm : 6075K->6075K(21248K)], 0.0091180 secs] [Times: user=0.01 sys=0.00, real=0.01 secs] 
34.947: Total time for which application threads were stopped: 0.0093090 seconds, Stopping threads took: 0.0001190 seconds
34.957: Application time: 0.0102690 seconds
34.957: [GC34.957: [DefNew: 15692K->15692K(18432K), 0.0000100 secs]34.957: [Tenured: 27347K->29485K(40960K), 0.0067850 secs] 43039K->29485K(59392K), [Perm : 6075K->6075K(21248K)], 0.0068420 secs] [Times: user=0.01 sys=0.00, real=0.00 secs] 
34.964: Total time for which application threads were stopped: 0.0070870 seconds, Stopping threads took: 0.0001750 seconds
34.971: Application time: 0.0070070 seconds
34.971: [GC34.971: [DefNew: 15682K->15682K(18432K), 0.0000100 secs]34.971: [Tenured: 29485K->28059K(40960K), 0.0108390 secs] 45168K->28059K(59392K), [Perm : 6075K->6075K(21248K)], 0.0109010 secs] [Times: user=0.01 sys=0.00, real=0.01 secs] 
34.982: Total time for which application threads were stopped: 0.0111050 seconds, Stopping threads took: 0.0001280 seconds
34.990: Application time: 0.0078920 seconds
34.990: [GC34.990: [DefNew: 15686K->15686K(18432K), 0.0000100 secs]34.990: [Tenured: 28059K->29484K(40960K), 0.0080210 secs] 43746K->29484K(59392K), [Perm : 6075K->6075K(21248K)], 0.0080810 secs] [Times: user=0.01 sys=0.00, real=0.01 secs] 
34.999: Total time for which application threads were stopped: 0.0083730 seconds, Stopping threads took: 0.0002000 seconds
35.006: Application time: 0.0076410 seconds
35.006: [GC35.006: [DefNew: 16165K->16165K(18432K), 0.0000100 secs]35.006: [Tenured: 29484K->26670K(40960K), 0.0094630 secs] 45649K->26670K(59392K), [Perm : 6075K->6075K(21248K)], 0.0095320 secs] [Times: user=0.01 sys=0.00, real=0.01 secs] 
35.016: Total time for which application threads were stopped: 0.0098050 seconds, Stopping threads took: 0.0001890 seconds
35.024: Application time: 0.0082190 seconds
35.025: [GC35.025: [DefNew: 15960K->15960K(18432K), 0.0000110 secs]35.025: [Tenured: 26670K->26663K(40960K), 0.0098870 secs] 42631K->26663K(59392K), [Perm : 6075K->6075K(21248K)], 0.0099480 secs] [Times: user=0.01 sys=0.00, real=0.02 secs] 
35.035: Total time for which application threads were stopped: 0.0102710 seconds, Stopping threads took: 0.0002300 seconds
35.043: Application time: 0.0084130 seconds
35.043: [GC35.043: [DefNew: 15685K->15685K(18432K), 0.0000100 secs]35.043: [Tenured: 26663K->28800K(40960K), 0.0106490 secs] 42349K->28800K(59392K), [Perm : 6075K->6075K(21248K)], 0.0107070 secs] [Times: user=0.01 sys=0.00, real=0.02 secs] 
35.054: Total time for which application threads were stopped: 0.0110230 seconds, Stopping threads took: 0.0002250 seconds
35.062: Application time: 0.0084960 seconds
35.063: [GC35.063: [DefNew: 16125K->16125K(18432K), 0.0000100 secs]35.063: [Tenured: 28800K->22365K(40960K), 0.0114500 secs] 44926K->22365K(59392K), [Perm : 6075K->6075K(21248K)], 0.0115090 secs] [Times: user=0.01 sys=0.00, real=0.02 secs] 
35.074: Total time for which application threads were stopped: 0.0117360 seconds, Stopping threads took: 0.0001380 seconds
35.083: Application time: 0.0083610 seconds
35.083: [GC35.083: [DefNew: 15995K->1425K(18432K), 0.0012070 secs] 38361K->26641K(59392K), 0.0012400 secs] [Times: user=0.00 sys=0.00, real=0.00 secs] 
35.084: Total time for which application threads were stopped: 0.0014550 seconds, Stopping threads took: 0.0001510 seconds
35.091: Application time: 0.0066380 seconds
35.091: [GC35.091: [DefNew: 17113K->17113K(18432K), 0.0000100 secs]35.091: [Tenured: 25215K->26634K(40960K), 0.0078350 secs] 42329K->26634K(59392K), [Perm : 6075K->6075K(21248K)], 0.0078960 secs] [Times: user=0.01 sys=0.00, real=0.01 secs] 
35.099: Total time for which application threads were stopped: 0.0081790 seconds, Stopping threads took: 0.0002090 seconds
35.105: Application time: 0.0063090 seconds
35.105: [GC35.105: [DefNew: 15688K->15688K(18432K), 0.0000090 secs]35.105: [Tenured: 26634K->27347K(40960K), 0.0072540 secs] 42322K->27347K(59392K), [Perm : 6075K->6075K(21248K)], 0.0073140 secs] [Times: user=0.01 sys=0.00, real=0.01 secs] 
35.113: Total time for which application threads were stopped: 0.0075510 seconds, Stopping threads took: 0.0001660 seconds
35.119: Application time: 0.0067670 seconds
35.120: [GC35.120: [DefNew: 15684K->15684K(18432K), 0.0000110 secs]35.120: [Tenured: 27347K->26635K(40960K), 0.0083170 secs] 43032K->26635K(59392K), [Perm : 6075K->6075K(21248K)], 0.0083760 secs] [Times: user=0.01 sys=0.00, real=0.01 secs] 
35.128: Total time for which application threads were stopped: 0.0087650 seconds, Stopping threads took: 0.0002990 seconds
35.135: Application time: 0.0072340 seconds
35.136: [GC35.136: [DefNew: 16213K->16213K(18432K), 0.0000100 secs]35.136: [Tenured: 26635K->21655K(40960K), 0.0102660 secs] 42848K->21655K(59392K), [Perm : 6075K->6075K(21248K)], 0.0103280 secs] [Times: user=0.01 sys=0.00, real=0.01 secs] 
35.146: Total time for which application threads were stopped: 0.0105790 seconds, Stopping threads took: 0.0001690 seconds
35.153: Application time: 0.0068290 seconds
35.153: [GC35.153: [DefNew: 15907K->1425K(18432K), 0.0017410 secs] 37562K->27356K(59392K), 0.0017770 secs] [Times: user=0.01 sys=0.00, real=0.01 secs] 
35.155: Total time for which application threads were stopped: 0.0020850 seconds, Stopping threads took: 0.0002230 seconds
35.161: Application time: 0.0060550 seconds
35.161: [GC35.161: [DefNew: 17116K->17116K(18432K), 0.0000110 secs]35.161: [Tenured: 25930K->25926K(40960K), 0.0090150 secs] 43046K->25926K(59392K), [Perm : 6075K->6075K(21248K)], 0.0090760 secs] [Times: user=0.01 sys=0.00, real=0.01 secs] 
35.170: Total time for which application threads were stopped: 0.0093270 seconds, Stopping threads took: 0.0001500 seconds
35.175: Application time: 0.0047910 seconds
35.175: [GC35.175: [DefNew: 15692K->15692K(18432K), 0.0000090 secs]35.175: [Tenured: 25926K->27347K(40960K), 0.0103550 secs] 41618K->27347K(59392K), [Perm : 6075K->6075K(21248K)], 0.0104150 secs] [Times: user=0.01 sys=0.00, real=0.01 secs] 
35.186: Total time for which application threads were stopped: 0.0106300 seconds, Stopping threads took: 0.0001450 seconds
35.191: Application time: 0.0055920 seconds
35.192: [GC35.192: [DefNew: 15689K->15689K(18432K), 0.0000110 secs]35.192: [Tenured: 27347K->26633K(40960K), 0.0110640 secs] 43036K->26633K(59392K), [Perm : 6075K->6075K(21248K)], 0.0111260 secs] [Times: user=0.02 sys=0.00, real=0.01 secs] 
35.203: Total time for which application threads were stopped: 0.0114790 seconds, Stopping threads took: 0.0002610 seconds
35.208: Application time: 0.0052150 seconds
35.208: [GC35.208: [DefNew: 15692K->15692K(18432K), 0.0000100 secs]35.208: [Tenured: 26633K->24496K(40960K), 0.0100380 secs] 42326K->24496K(59392K), [Perm : 6075K->6075K(21248K)], 0.0100980 secs] [Times: user=0.01 sys=0.00, real=0.01 secs] 
35.218: Total time for which application threads were stopped: 0.0102370 seconds, Stopping threads took: 0.0000690 seconds
35.225: Application time: 0.0067970 seconds
35.225: [GC35.225: [DefNew: 15683K->1425K(18432K), 0.0022380 secs] 40180K->31622K(59392K), 0.0022780 secs] [Times: user=0.00 sys=0.00, real=0.01 secs] 
35.228: Total time for which application threads were stopped: 0.0024540 seconds, Stopping threads took: 0.0001080 seconds
35.233: Application time: 0.0049530 seconds
35.233: [GC35.233: [DefNew: 17108K->17108K(18432K), 0.0000100 secs]35.233: [Tenured: 30197K->27346K(40960K), 0.0075210 secs] 47305K->27346K(59392K), [Perm : 6075K->6075K(21248K)], 0.0075800 secs] [Times: user=0.01 sys=0.00, real=0.01 secs] 
35.240: Total time for which application threads were stopped: 0.0077730 seconds, Stopping threads took: 0.0001040 seconds
35.247: Application time: 0.0064170 seconds
35.247: [GC35.247: [DefNew: 15692K->15692K(18432K), 0.0000090 secs]35.247: [Tenured: 27346K->27348K(40960K), 0.0076850 secs] 43039K->27348K(59392K), [Perm : 6075K->6075K(21248K)], 0.0077410 secs] [Times: user=0.01 sys=0.00, real=0.01 secs] 
35.255: Total time for which application threads were stopped: 0.0080370 seconds, Stopping threads took: 0.0002170 seconds
35.261: Application time: 0.0063050 seconds
35.261: [GC35.261: [DefNew: 15688K->15688K(18432K), 0.0000100 secs]35.261: [Tenured: 27348K->28061K(40960K), 0.0091620 secs] 43036K->28061K(59392K), [Perm : 6075K->6075K(21248K)], 0.0092220 secs] [Times: user=0.01 sys=0.00, real=0.01 secs] 
35.271: Total time for which application threads were stopped: 0.0095020 seconds, Stopping threads took: 0.0002070 seconds
35.277: Application time: 0.0066890 seconds
35.277: [GC35.277: [DefNew: 15691K->15691K(18432K), 0.0000100 secs]35.277: [Tenured: 28061K->24496K(40960K), 0.0099310 secs] 43752K->24496K(59392K), [Perm : 6075K->6075K(21248K)], 0.0099870 secs] [Times: user=0.01 sys=0.00, real=0.01 secs] 
35.287: Total time for which application threads were stopped: 0.0101920 seconds, Stopping threads took: 0.0001230 seconds
35.294: Application time: 0.0064450 seconds
35.294: [GC35.294: [DefNew: 15689K->1425K(18432K), 0.0014940 secs] 40186K->29485K(59392K), 0.0015280 secs] [Times: user=0.00 sys=0.00, real=0.00 secs] 
35.296: Total time for which application threads were stopped: 0.0018230 seconds, Stopping threads took: 0.0002140 seconds
35.301: Application time: 0.0054430 seconds
35.301: [GC35.301: [DefNew: 17108K->17108K(18432K), 0.0000110 secs]35.301: [Tenured: 28060K->26635K(40960K), 0.0089040 secs] 45168K->26635K(59392K), [Perm : 6075K->6075K(21248K)], 0.0089640 secs] [Times: user=0.01 sys=0.00, real=0.01 secs] 
35.310: Total time for which application threads were stopped: 0.0091500 seconds, Stopping threads took: 0.0001140 seconds
35.316: Application time: 0.0053950 seconds
35.316: [GC35.316: [DefNew: 15683K->15683K(18432K), 0.0000120 secs]35.316: [Tenured: 26635K->26635K(40960K), 0.0078090 secs] 42318K->26635K(59392K), [Perm : 6075K->6075K(21248K)], 0.0078780 secs] [Times: user=0.01 sys=0.00, real=0.00 secs] 
35.324: Total time for which application threads were stopped: 0.0082260 seconds, Stopping threads took: 0.0002560 seconds
35.331: Application time: 0.0069680 seconds
35.331: [GC35.331: [DefNew: 15683K->15683K(18432K), 0.0000110 secs]35.331: [Tenured: 26635K->25210K(40960K), 0.0073810 secs] 42318K->25210K(59392K), [Perm : 6075K->6075K(21248K)], 0.0074400 secs] [Times: user=0.01 sys=0.00, real=0.01 secs] 
35.339: Total time for which application threads were stopped: 0.0076670 seconds, Stopping threads took: 0.0001540 seconds
35.344: Application time: 0.0050350 seconds
35.344: [GC35.344: [DefNew: 15844K->15844K(18432K), 0.0000100 secs]35.344: [Tenured: 25210K->21653K(40960K), 0.0105320 secs] 41054K->21653K(59392K), [Perm : 6075K->6075K(21248K)], 0.0105880 secs] [Times: user=0.01 sys=0.00, real=0.02 secs] 
35.355: Total time for which application threads were stopped: 0.0108990 seconds, Stopping threads took: 0.0002210 seconds
35.360: Application time: 0.0056980 seconds
35.361: [GC35.361: [DefNew: 16091K->1434K(18432K), 0.0024550 secs] 37745K->30214K(59392K), 0.0024960 secs] [Times: user=0.00 sys=0.00, real=0.00 secs] 
35.363: Total time for which application threads were stopped: 0.0029350 seconds, Stopping threads took: 0.0003510 seconds
35.369: Application time: 0.0055620 seconds
35.369: [GC35.369: [DefNew: 17740K->17740K(18432K), 0.0000090 secs]35.369: [Tenured: 28779K->19554K(40960K), 0.0096180 secs] 46520K->19554K(59392K), [Perm : 6075K->6075K(21248K)], 0.0096750 secs] [Times: user=0.01 sys=0.00, real=0.01 secs] 
35.379: Total time for which application threads were stopped: 0.0099040 seconds, Stopping threads took: 0.0001280 seconds
35.384: Application time: 0.0052050 seconds
35.384: [GC35.384: [DefNew: 15903K->1435K(18432K), 0.0022330 secs] 35457K->27402K(59392K), 0.0022710 secs] [Times: user=0.00 sys=0.00, real=0.01 secs] 
35.386: Total time for which application threads were stopped: 0.0025350 seconds, Stopping threads took: 0.0001780 seconds
35.392: Application time: 0.0054020 seconds
35.392: [GC35.392: [DefNew: 17254K->17254K(18432K), 0.0000100 secs]35.392: [Tenured: 25967K->23101K(40960K), 0.0102300 secs] 43221K->23101K(59392K), [Perm : 6075K->6075K(21248K)], 0.0102870 secs] [Times: user=0.01 sys=0.00, real=0.01 secs] 
35.402: Total time for which application threads were stopped: 0.0105910 seconds, Stopping threads took: 0.0002100 seconds
35.408: Application time: 0.0053780 seconds
35.408: [GC35.408: [DefNew: 15686K->1425K(18432K), 0.0027960 secs] 38787K->33077K(59392K), 0.0028360 secs] [Times: user=0.00 sys=0.00, real=0.00 secs] 
35.411: Total time for which application threads were stopped: 0.0031530 seconds, Stopping threads took: 0.0002290 seconds
35.417: Application time: 0.0056160 seconds
35.417: [GC35.417: [DefNew: 17109K->17109K(18432K), 0.0000100 secs]35.417: [Tenured: 31652K->25238K(40960K), 0.0102700 secs] 48762K->25238K(59392K), [Perm : 6075K->6075K(21248K)], 0.0103290 secs] [Times: user=0.01 sys=0.00, real=0.01 secs] 
35.427: Total time for which application threads were stopped: 0.0106320 seconds, Stopping threads took: 0.0002120 seconds
35.433: Application time: 0.0055850 seconds
35.433: [GC35.433: [DefNew: 15684K->1425K(18432K), 0.0021640 secs] 40923K->32364K(59392K), 0.0022050 secs] [Times: user=0.00 sys=0.00, real=0.01 secs] 
35.435: Total time for which application threads were stopped: 0.0024910 seconds, Stopping threads took: 0.0002060 seconds
35.440: Application time: 0.0051650 seconds
35.441: [GC35.441: [DefNew: 17116K->17116K(18432K), 0.0000100 secs]35.441: [Tenured: 30939K->23784K(40960K), 0.0111960 secs] 48056K->23784K(59392K), [Perm : 6075K->6075K(21248K)], 0.0112550 secs] [Times: user=0.01 sys=0.00, real=0.01 secs] 
35.452: Total time for which application threads were stopped: 0.0115240 seconds, Stopping threads took: 0.0001770 seconds
35.457: Application time: 0.0049020 seconds
35.457: [GC35.457: [DefNew: 15684K->1425K(18432K), 0.0018650 secs] 39469K->30197K(59392K), 0.0019110 secs] [Times: user=0.01 sys=0.00, real=0.00 secs] 
35.459: Total time for which application threads were stopped: 0.0022190 seconds, Stopping threads took: 0.0002220 seconds
35.465: Application time: 0.0063410 seconds
35.466: [GC35.466: [DefNew: 17124K->17124K(18432K), 0.0000100 secs]35.466: [Tenured: 28772K->24498K(40960K), 0.0080590 secs] 45896K->24498K(59392K), [Perm : 6075K->6075K(21248K)], 0.0081160 secs] [Times: user=0.00 sys=0.00, real=0.01 secs] 
35.474: Total time for which application threads were stopped: 0.0083820 seconds, Stopping threads took: 0.0001970 seconds
35.480: Application time: 0.0062220 seconds
35.480: [GC35.480: [DefNew: 15684K->1425K(18432K), 0.0017850 secs] 40183K->30199K(59392K), 0.0018250 secs] [Times: user=0.01 sys=0.00, real=0.00 secs] 
35.482: Total time for which application threads were stopped: 0.0021230 seconds, Stopping threads took: 0.0002120 seconds
35.488: Application time: 0.0061990 seconds
35.489: [GC35.489: [DefNew: 17113K->17113K(18432K), 0.0000100 secs]35.489: [Tenured: 28774K->25211K(40960K), 0.0086890 secs] 45887K->25211K(59392K), [Perm : 6075K->6075K(21248K)], 0.0087460 secs] [Times: user=0.00 sys=0.00, real=0.01 secs] 
35.498: Total time for which application threads were stopped: 0.0091230 seconds, Stopping threads took: 0.0002850 seconds
35.504: Application time: 0.0063150 seconds
35.504: [GC35.504: [DefNew: 15683K->1425K(18432K), 0.0016940 secs] 40895K->30912K(59392K), 0.0017340 secs] [Times: user=0.01 sys=0.00, real=0.01 secs] 
35.506: Total time for which application threads were stopped: 0.0020530 seconds, Stopping threads took: 0.0002330 seconds
35.512: Application time: 0.0064120 seconds
35.512: [GC35.512: [DefNew: 17110K->17110K(18432K), 0.0000090 secs]35.513: [Tenured: 29486K->23783K(40960K), 0.0102780 secs] 46597K->23783K(59392K), [Perm : 6075K->6075K(21248K)], 0.0103380 secs] [Times: user=0.01 sys=0.00, real=0.01 secs] 
35.523: Total time for which application threads were stopped: 0.0105420 seconds, Stopping threads took: 0.0001310 seconds
35.529: Application time: 0.0060900 seconds
35.529: [GC35.529: [DefNew: 15691K->1426K(18432K), 0.0022960 secs] 39474K->30909K(59392K), 0.0023370 secs] [Times: user=0.01 sys=0.00, real=0.00 secs] 
35.532: Total time for which application threads were stopped: 0.0026130 seconds, Stopping threads took: 0.0001860 seconds
35.542: Application time: 0.0103200 seconds
35.542: [GC35.542: [DefNew: 17122K->17122K(18432K), 0.0000090 secs]35.542: [Tenured: 29483K->22358K(40960K), 0.0096560 secs] 46605K->22358K(59392K), [Perm : 6075K->6075K(21248K)], 0.0097140 secs] [Times: user=0.01 sys=0.00, real=0.01 secs] 
35.552: Total time for which application threads were stopped: 0.0099050 seconds, Stopping threads took: 0.0001090 seconds
35.559: Application time: 0.0074340 seconds
35.559: [GC35.559: [DefNew: 15682K->1425K(18432K), 0.0015500 secs] 38040K->27346K(59392K), 0.0015860 secs] [Times: user=0.00 sys=0.00, real=0.00 secs] 
35.561: Total time for which application threads were stopped: 0.0018220 seconds, Stopping threads took: 0.0001590 seconds
35.569: Application time: 0.0077850 seconds
35.569: [GC35.569: [DefNew: 17106K->1425K(18432K), 0.0015930 secs] 43027K->30909K(59392K), 0.0016310 secs] [Times: user=0.00 sys=0.00, real=0.00 secs] 
35.571: Total time for which application threads were stopped: 0.0018960 seconds, Stopping threads took: 0.0001880 seconds
35.578: Application time: 0.0068440 seconds
35.578: [GC35.578: [DefNew: 17107K->17107K(18432K), 0.0000100 secs]35.578: [Tenured: 29484K->22359K(40960K), 0.0091730 secs] 46591K->22359K(59392K), [Perm : 6075K->6075K(21248K)], 0.0092300 secs] [Times: user=0.01 sys=0.00, real=0.01 secs] 
35.587: Total time for which application threads were stopped: 0.0094370 seconds, Stopping threads took: 0.0001370 seconds
35.595: Application time: 0.0079490 seconds
35.595: [GC35.595: [DefNew: 15689K->1426K(18432K), 0.0010090 secs] 38048K->25923K(59392K), 0.0010390 secs] [Times: user=0.00 sys=0.00, real=0.00 secs] 
35.596: Total time for which application threads were stopped: 0.0011810 seconds, Stopping threads took: 0.0000820 seconds
35.602: Application time: 0.0059130 seconds
35.602: [GC35.602: [DefNew: 17117K->1426K(18432K), 0.0022660 secs] 41614K->31625K(59392K), 0.0023040 secs] [Times: user=0.00 sys=0.00, real=0.00 secs] 
35.605: Total time for which application threads were stopped: 0.0024640 seconds, Stopping threads took: 0.0000930 seconds
35.612: Application time: 0.0076170 seconds
35.612: [GC35.612: [DefNew: 17108K->17108K(18432K), 0.0000100 secs]35.612: [Tenured: 30199K->26636K(40960K), 0.0073900 secs] 47307K->26636K(59392K), [Perm : 6076K->6076K(21248K)], 0.0074460 secs] [Times: user=0.01 sys=0.00, real=0.01 secs] 
35.620: Total time for which application threads were stopped: 0.0076350 seconds, Stopping threads took: 0.0001190 seconds
35.627: Application time: 0.0067450 seconds
35.627: [GC35.627: [DefNew: 15681K->1425K(18432K), 0.0010590 secs] 42317K->30199K(59392K), 0.0010880 secs] [Times: user=0.00 sys=0.00, real=0.00 secs] 
35.628: Total time for which application threads were stopped: 0.0012580 seconds, Stopping threads took: 0.0001100 seconds
35.634: Application time: 0.0058350 seconds
35.634: [GC35.634: [DefNew: 17109K->1425K(18432K), 0.0023950 secs] 45883K->36612K(59392K), 0.0024360 secs] [Times: user=0.01 sys=0.00, real=0.00 secs] 
35.636: Total time for which application threads were stopped: 0.0026350 seconds, Stopping threads took: 0.0001290 seconds
35.644: Application time: 0.0077700 seconds
35.644: [GC35.644: [DefNew: 17114K->17114K(18432K), 0.0000100 secs]35.644: [Tenured: 35187K->24496K(40960K), 0.0096970 secs] 52302K->24496K(59392K), [Perm : 6076K->6076K(21248K)], 0.0097520 secs] [Times: user=0.01 sys=0.00, real=0.02 secs] 
35.654: Total time for which application threads were stopped: 0.0099420 seconds, Stopping threads took: 0.0001200 seconds
35.726: Application time: 0.0716480 seconds
35.726: [GC35.726: [DefNew: 15700K->1426K(18432K), 0.0043250 secs] 40197K->39460K(59392K), 0.0043660 secs] [Times: user=0.01 sys=0.00, real=0.00 secs] 
35.730: Total time for which application threads were stopped: 0.0044930 seconds, Stopping threads took: 0.0000580 seconds
35.800: Application time: 0.0696070 seconds
35.800: [GC35.800: [DefNew: 17117K->17117K(18432K), 0.0000100 secs]35.800: [Tenured: 38034K->23783K(40960K), 0.0103210 secs] 55151K->23783K(59392K), [Perm : 6076K->6076K(21248K)], 0.0103800 secs] [Times: user=0.01 sys=0.00, real=0.01 secs] 
35.810: Total time for which application threads were stopped: 0.0105630 seconds, Stopping threads took: 0.0000940 seconds
35.882: Application time: 0.0719530 seconds
35.882: [GC35.882: [DefNew: 15691K->1425K(18432K), 0.0044700 secs] 39475K->39459K(59392K), 0.0045090 secs] [Times: user=0.00 sys=0.00, real=0.01 secs] 
35.887: Total time for which application threads were stopped: 0.0046480 seconds, Stopping threads took: 0.0000620 seconds
35.960: Application time: 0.0734850 seconds
35.960: [GC35.961: [DefNew: 17125K->17125K(18432K), 0.0000090 secs]35.961: [Tenured: 38034K->24497K(40960K), 0.0092910 secs] 55159K->24497K(59392K), [Perm : 6076K->6076K(21248K)], 0.0093480 secs] [Times: user=0.01 sys=0.00, real=0.01 secs] 
35.970: Total time for which application threads were stopped: 0.0094820 seconds, Stopping threads took: 0.0000660 seconds
36.040: Application time: 0.0704640 seconds
36.041: [GC36.041: [DefNew: 15691K->1425K(18432K), 0.0044420 secs] 40188K->40172K(59392K), 0.0044840 secs] [Times: user=0.01 sys=0.00, real=0.00 secs] 
36.045: Total time for which application threads were stopped: 0.0046860 seconds, Stopping threads took: 0.0001130 seconds
36.099: Application time: 0.0538000 seconds
36.099: [GC36.099: [DefNew: 17116K->17116K(18432K), 0.0000100 secs]36.099: [Tenured: 38747K->25209K(40960K), 0.0091790 secs] 55864K->25209K(59392K), [Perm : 6076K->6076K(21248K)], 0.0092380 secs] [Times: user=0.01 sys=0.00, real=0.01 secs] 
36.108: Total time for which application threads were stopped: 0.0093650 seconds, Stopping threads took: 0.0000590 seconds
36.182: Application time: 0.0733080 seconds
36.182: [GC36.182: [DefNew: 15691K->1425K(18432K), 0.0041470 secs] 40901K->40172K(59392K), 0.0041900 secs] [Times: user=0.01 sys=0.00, real=0.01 secs] 
36.186: Total time for which application threads were stopped: 0.0043100 seconds, Stopping threads took: 0.0000570 seconds
36.236: Application time: 0.0498260 seconds
36.236: [GC36.236: [DefNew: 17116K->17116K(18432K), 0.0000090 secs]36.236: [Tenured: 38747K->24497K(40960K), 0.0097860 secs] 55864K->24497K(59392K), [Perm : 6076K->6076K(21248K)], 0.0098430 secs] [Times: user=0.01 sys=0.00, real=0.01 secs] 
36.246: Total time for which application threads were stopped: 0.0099800 seconds, Stopping threads took: 0.0000680 seconds
36.307: Application time: 0.0615680 seconds
36.307: [GC36.307: [DefNew: 15700K->1425K(18432K), 0.0045860 secs] 40197K->40173K(59392K), 0.0046250 secs] [Times: user=0.00 sys=0.00, real=0.00 secs] 
36.312: Total time for which application threads were stopped: 0.0047670 seconds, Stopping threads took: 0.0000750 seconds
36.385: Application time: 0.0734970 seconds
36.386: [GC36.386: [DefNew: 17117K->17117K(18432K), 0.0000100 secs]36.386: [Tenured: 38747K->25921K(40960K), 0.0104450 secs] 55865K->25921K(59392K), [Perm : 6076K->6076K(21248K)], 0.0105000 secs] [Times: user=0.01 sys=0.00, real=0.01 secs] 
36.396: Total time for which application threads were stopped: 0.0106430 seconds, Stopping threads took: 0.0000660 seconds
36.470: Application time: 0.0738340 seconds
36.470: [GC36.470: [DefNew: 15706K->15706K(18432K), 0.0000090 secs]36.470: [Tenured: 25921K->24498K(40960K), 0.0091840 secs] 41627K->24498K(59392K), [Perm : 6076K->6076K(21248K)], 0.0092380 secs] [Times: user=0.01 sys=0.00, real=0.01 secs] 
36.479: Total time for which application threads were stopped: 0.0094320 seconds, Stopping threads took: 0.0001270 seconds
36.548: Application time: 0.0685450 seconds
36.548: [GC36.548: [DefNew: 15710K->1427K(18432K), 0.0045350 secs] 40208K->40175K(59392K), 0.0045770 secs] [Times: user=0.01 sys=0.00, real=0.00 secs] 
36.553: Total time for which application threads were stopped: 0.0047670 seconds, Stopping threads took: 0.0001190 seconds
36.632: Application time: 0.0792160 seconds
36.632: [GC36.632: [DefNew: 17125K->17125K(18432K), 0.0000100 secs]36.632: [Tenured: 38748K->29487K(40960K), 0.0096040 secs] 55874K->29487K(59392K), [Perm : 6076K->6076K(21248K)], 0.0096580 secs] [Times: user=0.01 sys=0.00, real=0.01 secs] 
36.642: Total time for which application threads were stopped: 0.0097830 seconds, Stopping threads took: 0.0000580 seconds
36.710: Application time: 0.0686920 seconds
36.711: [GC36.711: [DefNew: 15700K->15700K(18432K), 0.0000110 secs]36.711: [Tenured: 29487K->30201K(40960K), 0.0103610 secs] 45188K->30201K(59392K), [Perm : 6076K->6076K(21248K)], 0.0104200 secs] [Times: user=0.01 sys=0.00, real=0.01 secs] 
36.721: Total time for which application threads were stopped: 0.0105610 seconds, Stopping threads took: 0.0000720 seconds
36.786: Application time: 0.0648910 seconds
36.786: [GC36.786: [DefNew: 15691K->15691K(18432K), 0.0000100 secs]36.786: [Tenured: 30201K->30196K(40960K), 0.0108300 secs] 45892K->30196K(59392K), [Perm : 6076K->6076K(21248K)], 0.0108890 secs] [Times: user=0.01 sys=0.00, real=0.01 secs] 
36.797: Total time for which application threads were stopped: 0.0110250 seconds, Stopping threads took: 0.0000680 seconds
36.872: Application time: 0.0750800 seconds
36.872: [GC36.872: [DefNew: 15691K->15691K(18432K), 0.0000110 secs]36.872: [Tenured: 30196K->30196K(40960K), 0.0098680 secs] 45888K->30196K(59392K), [Perm : 6076K->6076K(21248K)], 0.0099260 secs] [Times: user=0.01 sys=0.00, real=0.01 secs] 
36.882: Total time for which application threads were stopped: 0.0101410 seconds, Stopping threads took: 0.0001330 seconds
36.949: Application time: 0.0668750 seconds
36.949: [GC36.949: [DefNew: 15691K->15691K(18432K), 0.0000110 secs]36.949: [Tenured: 30196K->28771K(40960K), 0.0095660 secs] 45888K->28771K(59392K), [Perm : 6076K->6076K(21248K)], 0.0096290 secs] [Times: user=0.01 sys=0.00, real=0.01 secs] 
36.959: Total time for which application threads were stopped: 0.0098400 seconds, Stopping threads took: 0.0001090 seconds
37.028: Application time: 0.0693020 seconds
37.028: [GC37.028: [DefNew: 15700K->15700K(18432K), 0.0000100 secs]37.028: [Tenured: 28771K->29485K(40960K), 0.0090250 secs] 44471K->29485K(59392K), [Perm : 6076K->6076K(21248K)], 0.0090840 secs] [Times: user=0.01 sys=0.00, real=0.01 secs] 
37.037: Total time for which application threads were stopped: 0.0092220 seconds, Stopping threads took: 0.0000690 seconds
37.104: Application time: 0.0669610 seconds
37.104: [GC37.104: [DefNew: 15691K->15691K(18432K), 0.0000110 secs]37.104: [Tenured: 29485K->28771K(40960K), 0.0128280 secs] 45176K->28771K(59392K), [Perm : 6076K->6076K(21248K)], 0.0128910 secs] [Times: user=0.02 sys=0.00, real=0.02 secs] 
37.117: Total time for which application threads were stopped: 0.0130530 seconds, Stopping threads took: 0.0000910 seconds
37.186: Application time: 0.0688850 seconds
37.186: [GC37.186: [DefNew: 15691K->15691K(18432K), 0.0000090 secs]37.186: [Tenured: 28771K->28771K(40960K), 0.0090640 secs] 44463K->28771K(59392K), [Perm : 6076K->6076K(21248K)], 0.0091230 secs] [Times: user=0.01 sys=0.00, real=0.01 secs] 
37.196: Total time for which application threads were stopped: 0.0092570 seconds, Stopping threads took: 0.0000650 seconds
37.261: Application time: 0.0654770 seconds
37.261: [GC37.261: [DefNew: 15691K->15691K(18432K), 0.0000100 secs]37.261: [Tenured: 28771K->28771K(40960K), 0.0099350 secs] 44463K->28771K(59392K), [Perm : 6076K->6076K(21248K)], 0.0099930 secs] [Times: user=0.01 sys=0.00, real=0.01 secs] 
37.271: Total time for which application threads were stopped: 0.0101670 seconds, Stopping threads took: 0.0001070 seconds
37.333: Application time: 0.0614900 seconds
37.333: [GC37.333: [DefNew: 15700K->15700K(18432K), 0.0000110 secs]37.333: [Tenured: 28771K->29485K(40960K), 0.0092320 secs] 44471K->29485K(59392K), [Perm : 6076K->6076K(21248K)], 0.0092890 secs] [Times: user=0.01 sys=0.00, real=0.01 secs] 
37.342: Total time for which application threads were stopped: 0.0094270 seconds, Stopping threads took: 0.0000700 seconds
37.400: Application time: 0.0583540 seconds
37.401: [GC37.401: [DefNew: 15698K->15698K(18432K), 0.0000100 secs]37.401: [Tenured: 29485K->26634K(40960K), 0.0115150 secs] 45183K->26634K(59392K), [Perm : 6076K->6076K(21248K)], 0.0115760 secs] [Times: user=0.02 sys=0.00, real=0.01 secs] 
37.412: Total time for which application threads were stopped: 0.0117100 seconds, Stopping threads took: 0.0000640 seconds
37.482: Application time: 0.0703330 seconds
37.483: [GC37.483: [DefNew: 15691K->15691K(18432K), 0.0000110 secs]37.483: [Tenured: 26634K->27346K(40960K), 0.0099990 secs] 42326K->27346K(59392K), [Perm : 6076K->6076K(21248K)], 0.0100600 secs] [Times: user=0.01 sys=0.00, real=0.01 secs] 
37.493: Total time for which application threads were stopped: 0.0102370 seconds, Stopping threads took: 0.0000960 seconds
37.539: Application time: 0.0467180 seconds
37.540: [GC37.540: [DefNew: 15689K->15689K(18432K), 0.0000090 secs]37.540: [Tenured: 27346K->28771K(40960K), 0.0091020 secs] 43036K->28771K(59392K), [Perm : 6076K->6076K(21248K)], 0.0091600 secs] [Times: user=0.01 sys=0.00, real=0.01 secs] 
37.549: Total time for which application threads were stopped: 0.0093830 seconds, Stopping threads took: 0.0001420 seconds
37.616: Application time: 0.0676170 seconds
37.617: [GC37.617: [DefNew: 15706K->15706K(18432K), 0.0000090 secs]37.617: [Tenured: 28771K->25922K(40960K), 0.0096830 secs] 44478K->25922K(59392K), [Perm : 6076K->6076K(21248K)], 0.0097420 secs] [Times: user=0.01 sys=0.00, real=0.01 secs] 
37.626: Total time for which application threads were stopped: 0.0098830 seconds, Stopping threads took: 0.0000730 seconds
37.675: Application time: 0.0490960 seconds
37.676: [GC37.676: [DefNew: 15698K->15698K(18432K), 0.0000100 secs]37.676: [Tenured: 25922K->21645K(40960K), 0.0107000 secs] 41620K->21645K(59392K), [Perm : 6076K->6076K(21248K)], 0.0107590 secs] [Times: user=0.01 sys=0.00, real=0.01 secs] 
37.686: Total time for which application threads were stopped: 0.0109690 seconds, Stopping threads took: 0.0001320 seconds
37.734: Application time: 0.0478320 seconds
37.734: [GC37.734: [DefNew: 15705K->1427K(18432K), 0.0035980 secs] 37351K->33761K(59392K), 0.0036350 secs] [Times: user=0.01 sys=0.00, real=0.00 secs] 
37.738: Total time for which application threads were stopped: 0.0037640 seconds, Stopping threads took: 0.0000640 seconds
37.789: Application time: 0.0508730 seconds
37.789: [GC37.789: [DefNew: 17115K->17115K(18432K), 0.0000100 secs]37.789: [Tenured: 32334K->25210K(40960K), 0.0096650 secs] 49449K->25210K(59392K), [Perm : 6076K->6076K(21248K)], 0.0097240 secs] [Times: user=0.01 sys=0.00, real=0.01 secs] 
37.799: Total time for which application threads were stopped: 0.0098630 seconds, Stopping threads took: 0.0000680 seconds
37.856: Application time: 0.0575100 seconds
37.856: [GC37.856: [DefNew: 15687K->1425K(18432K), 0.0035260 secs] 40898K->37323K(59392K), 0.0035660 secs] [Times: user=0.01 sys=0.00, real=0.00 secs] 
37.860: Total time for which application threads were stopped: 0.0037300 seconds, Stopping threads took: 0.0000870 seconds
37.913: Application time: 0.0534880 seconds
37.914: [GC37.914: [DefNew: 17113K->17113K(18432K), 0.0000100 secs]37.914: [Tenured: 35898K->25923K(40960K), 0.0101730 secs] 53012K->25923K(59392K), [Perm : 6076K->6076K(21248K)], 0.0102340 secs] [Times: user=0.01 sys=0.00, real=0.00 secs] 
37.924: Total time for which application threads were stopped: 0.0103700 seconds, Stopping threads took: 0.0000640 seconds
37.961: Application time: 0.0373780 seconds
37.961: [GC37.961: [DefNew: 15696K->15696K(18432K), 0.0000090 secs]37.961: [Tenured: 25923K->25924K(40960K), 0.0100160 secs] 41620K->25924K(59392K), [Perm : 6076K->6076K(21248K)], 0.0100760 secs] [Times: user=0.01 sys=0.00, real=0.01 secs] 
37.971: Total time for which application threads were stopped: 0.0102620 seconds, Stopping threads took: 0.0001160 seconds
38.037: Application time: 0.0660070 seconds
38.038: [GC38.038: [DefNew: 15688K->15688K(18432K), 0.0000090 secs]38.038: [Tenured: 25924K->25210K(40960K), 0.0103870 secs] 41612K->25210K(59392K), [Perm : 6076K->6076K(21248K)], 0.0104470 secs] [Times: user=0.01 sys=0.00, real=0.01 secs] 
38.048: Total time for which application threads were stopped: 0.0106200 seconds, Stopping threads took: 0.0000840 seconds
38.094: Application time: 0.0454470 seconds
38.094: [GC38.094: [DefNew: 15688K->1425K(18432K), 0.0035290 secs] 40898K->37323K(59392K), 0.0035700 secs] [Times: user=0.01 sys=0.00, real=0.00 secs] 
38.097: Total time for which application threads were stopped: 0.0037400 seconds, Stopping threads took: 0.0001010 seconds
38.155: Application time: 0.0573520 seconds
38.155: [GC38.155: [DefNew: 17113K->17113K(18432K), 0.0000100 secs]38.155: [Tenured: 35898K->25210K(40960K), 0.0096670 secs] 53012K->25210K(59392K), [Perm : 6076K->6076K(21248K)], 0.0097270 secs] [Times: user=0.01 sys=0.00, real=0.00 secs] 
38.165: Total time for which application threads were stopped: 0.0099260 seconds, Stopping threads took: 0.0001110 seconds
38.213: Application time: 0.0481010 seconds
38.213: [GC38.213: [DefNew: 15688K->1425K(18432K), 0.0035620 secs] 40899K->37324K(59392K), 0.0036040 secs] [Times: user=0.00 sys=0.00, real=0.01 secs] 
38.216: Total time for which application threads were stopped: 0.0037920 seconds, Stopping threads took: 0.0001200 seconds
38.270: Application time: 0.0530610 seconds
38.270: [GC38.270: [DefNew: 17113K->17113K(18432K), 0.0000100 secs]38.270: [Tenured: 35899K->25210K(40960K), 0.0099720 secs] 53012K->25210K(59392K), [Perm : 6076K->6076K(21248K)], 0.0100310 secs] [Times: user=0.01 sys=0.00, real=0.01 secs] 
38.280: Total time for which application threads were stopped: 0.0101940 seconds, Stopping threads took: 0.0000840 seconds
38.327: Application time: 0.0468060 seconds
38.327: [GC38.327: [DefNew: 15697K->1426K(18432K), 0.0036260 secs] 40907K->37325K(59392K), 0.0036690 secs] [Times: user=0.00 sys=0.00, real=0.00 secs] 
38.330: Total time for which application threads were stopped: 0.0039150 seconds, Stopping threads took: 0.0001510 seconds
38.381: Application time: 0.0506570 seconds
38.381: [GC38.381: [DefNew: 17115K->17115K(18432K), 0.0000110 secs]38.381: [Tenured: 35899K->25924K(40960K), 0.0094550 secs] 53014K->25924K(59392K), [Perm : 6076K->6076K(21248K)], 0.0095150 secs] [Times: user=0.01 sys=0.00, real=0.01 secs] 
38.391: Total time for which application threads were stopped: 0.0096740 seconds, Stopping threads took: 0.0000900 seconds
38.447: Application time: 0.0559180 seconds
38.447: [GC38.447: [DefNew: 15697K->15697K(18432K), 0.0000110 secs]38.447: [Tenured: 25924K->25923K(40960K), 0.0118740 secs] 41621K->25923K(59392K), [Perm : 6076K->6076K(21248K)], 0.0119340 secs] [Times: user=0.01 sys=0.00, real=0.01 secs] 
38.459: Total time for which application threads were stopped: 0.0121400 seconds, Stopping threads took: 0.0001160 seconds
38.513: Application time: 0.0540430 seconds
38.513: [GC38.513: [DefNew: 15688K->15688K(18432K), 0.0000110 secs]38.513: [Tenured: 25923K->25923K(40960K), 0.0100750 secs] 41612K->25923K(59392K), [Perm : 6076K->6076K(21248K)], 0.0101350 secs] [Times: user=0.01 sys=0.00, real=0.01 secs] 
38.523: Total time for which application threads were stopped: 0.0102740 seconds, Stopping threads took: 0.0000670 seconds
38.560: Application time: 0.0364320 seconds
38.560: [GC38.560: [DefNew: 15689K->15689K(18432K), 0.0000110 secs]38.560: [Tenured: 25923K->27348K(40960K), 0.0100600 secs] 41612K->27348K(59392K), [Perm : 6076K->6076K(21248K)], 0.0101210 secs] [Times: user=0.01 sys=0.00, real=0.01 secs] 
38.570: Total time for which application threads were stopped: 0.0103270 seconds, Stopping threads took: 0.0001250 seconds
38.638: Application time: 0.0679010 seconds
38.638: [GC38.638: [DefNew: 15697K->15697K(18432K), 0.0000100 secs]38.638: [Tenured: 27348K->27349K(40960K), 0.0101240 secs] 43046K->27349K(59392K), [Perm : 6076K->6076K(21248K)], 0.0101840 secs] [Times: user=0.01 sys=0.00, real=0.01 secs] 
38.648: Total time for which application threads were stopped: 0.0104190 seconds, Stopping threads took: 0.0001540 seconds
38.693: Application time: 0.0447130 seconds
38.693: [GC38.693: [DefNew: 15706K->15706K(18432K), 0.0000100 secs]38.693: [Tenured: 27349K->27348K(40960K), 0.0116950 secs] 43055K->27348K(59392K), [Perm : 6076K->6076K(21248K)], 0.0117560 secs] [Times: user=0.01 sys=0.00, real=0.01 secs] 
38.705: Total time for which application threads were stopped: 0.0119670 seconds, Stopping threads took: 0.0001200 seconds
38.764: Application time: 0.0594870 seconds
38.765: [GC38.765: [DefNew: 15688K->15688K(18432K), 0.0000100 secs]38.765: [Tenured: 27348K->28061K(40960K), 0.0093250 secs] 43037K->28061K(59392K), [Perm : 6076K->6076K(21248K)], 0.0093850 secs] [Times: user=0.01 sys=0.00, real=0.02 secs] 
38.774: Total time for which application threads were stopped: 0.0096320 seconds, Stopping threads took: 0.0001680 seconds
38.817: Application time: 0.0432570 seconds
38.817: [GC38.817: [DefNew: 15697K->15697K(18432K), 0.0000100 secs]38.817: [Tenured: 28061K->28774K(40960K), 0.0094830 secs] 43758K->28774K(59392K), [Perm : 6076K->6076K(21248K)], 0.0095420 secs] [Times: user=0.01 sys=0.00, real=0.01 secs] 
38.827: Total time for which application threads were stopped: 0.0096870 seconds, Stopping threads took: 0.0000690 seconds
38.878: Application time: 0.0507480 seconds
38.878: [GC38.878: [DefNew: 15697K->15697K(18432K), 0.0000100 secs]38.878: [Tenured: 28774K->29487K(40960K), 0.0095790 secs] 44471K->29487K(59392K), [Perm : 6076K->6076K(21248K)], 0.0096380 secs] [Times: user=0.01 sys=0.00, real=0.01 secs] 
38.888: Total time for which application threads were stopped: 0.0097730 seconds, Stopping threads took: 0.0000650 seconds
38.942: Application time: 0.0543960 seconds
38.942: [GC38.942: [DefNew: 15688K->15688K(18432K), 0.0000100 secs]38.942: [Tenured: 29487K->30198K(40960K), 0.0118820 secs] 45176K->30198K(59392K), [Perm : 6076K->6076K(21248K)], 0.0119440 secs] [Times: user=0.01 sys=0.00, real=0.02 secs] 
38.954: Total time for which application threads were stopped: 0.0121760 seconds, Stopping threads took: 0.0001310 seconds
38.995: Application time: 0.0410950 seconds
38.995: [GC38.995: [DefNew: 15726K->15726K(18432K), 0.0000090 secs]38.995: [Tenured: 30198K->30940K(40960K), 0.0094700 secs] 45925K->30940K(59392K), [Perm : 6076K->6076K(21248K)], 0.0095270 secs] [Times: user=0.01 sys=0.00, real=0.00 secs] 
39.005: Total time for which application threads were stopped: 0.0096850 seconds, Stopping threads took: 0.0000820 seconds
39.015: Application time: 0.0105880 seconds
39.016: [GC39.016: [DefNew: 15681K->15681K(18432K), 0.0000090 secs]39.016: [Tenured: 30940K->30940K(40960K), 0.0093090 secs] 46622K->30940K(59392K), [Perm : 6076K->6076K(21248K)], 0.0093690 secs] [Times: user=0.01 sys=0.00, real=0.00 secs] 
39.025: Total time for which application threads were stopped: 0.0096120 seconds, Stopping threads took: 0.0001610 seconds
39.040: Application time: 0.0151330 seconds
39.040: [GC39.040: [DefNew: 15686K->15686K(18432K), 0.0000090 secs]39.040: [Tenured: 30940K->30940K(40960K), 0.0088910 secs] 46626K->30940K(59392K), [Perm : 6076K->6076K(21248K)], 0.0089490 secs] [Times: user=0.01 sys=0.00, real=0.01 secs] 
39.049: Total time for which application threads were stopped: 0.0091060 seconds, Stopping threads took: 0.0000850 seconds
39.064: Application time: 0.0144780 seconds
39.064: [GC39.064: [DefNew: 15679K->15679K(18432K), 0.0000100 secs]39.064: [Tenured: 30940K->30198K(40960K), 0.0119070 secs] 46620K->30198K(59392K), [Perm : 6076K->6076K(21248K)], 0.0119680 secs] [Times: user=0.01 sys=0.00, real=0.02 secs] 
39.076: Total time for which application threads were stopped: 0.0121990 seconds, Stopping threads took: 0.0001460 seconds
39.088: Application time: 0.0117900 seconds
39.088: [GC39.088: [DefNew: 15681K->15681K(18432K), 0.0000100 secs]39.088: [Tenured: 30198K->29485K(40960K), 0.0091910 secs] 45880K->29485K(59392K), [Perm : 6076K->6076K(21248K)], 0.0092500 secs] [Times: user=0.01 sys=0.00, real=0.01 secs] 
39.097: Total time for which application threads were stopped: 0.0094490 seconds, Stopping threads took: 0.0001270 seconds
39.112: Application time: 0.0146890 seconds
39.112: [GC39.112: [DefNew: 15688K->15688K(18432K), 0.0000090 secs]39.112: [Tenured: 29485K->29485K(40960K), 0.0096980 secs] 45174K->29485K(59392K), [Perm : 6076K->6076K(21248K)], 0.0097500 secs] [Times: user=0.01 sys=0.00, real=0.01 secs] 
39.122: Total time for which application threads were stopped: 0.0099040 seconds, Stopping threads took: 0.0000680 seconds
39.133: Application time: 0.0110030 seconds
39.133: [GC39.133: [DefNew: 15681K->15681K(18432K), 0.0000110 secs]39.133: [Tenured: 29485K->28773K(40960K), 0.0090020 secs] 45167K->28773K(59392K), [Perm : 6076K->6076K(21248K)], 0.0090630 secs] [Times: user=0.01 sys=0.00, real=0.01 secs] 
39.142: Total time for which application threads were stopped: 0.0092350 seconds, Stopping threads took: 0.0001010 seconds
39.153: Application time: 0.0105480 seconds
39.153: [GC39.153: [DefNew: 15683K->15683K(18432K), 0.0000100 secs]39.153: [Tenured: 28773K->29486K(40960K), 0.0100820 secs] 44457K->29486K(59392K), [Perm : 6076K->6076K(21248K)], 0.0101410 secs] [Times: user=0.01 sys=0.00, real=0.01 secs] 
39.163: Total time for which application threads were stopped: 0.0103960 seconds, Stopping threads took: 0.0001840 seconds
39.175: Application time: 0.0117690 seconds
39.175: [GC39.175: [DefNew: 15690K->15690K(18432K), 0.0000110 secs]39.175: [Tenured: 29486K->29486K(40960K), 0.0100530 secs] 45177K->29486K(59392K), [Perm : 6076K->6076K(21248K)], 0.0101170 secs] [Times: user=0.01 sys=0.00, real=0.00 secs] 
39.185: Total time for which application threads were stopped: 0.0103170 seconds, Stopping threads took: 0.0001250 seconds
39.199: Application time: 0.0135470 seconds
39.199: [GC39.199: [DefNew: 15680K->15680K(18432K), 0.0000090 secs]39.199: [Tenured: 29486K->30198K(40960K), 0.0065900 secs] 45167K->30198K(59392K), [Perm : 6076K->6076K(21248K)], 0.0066460 secs] [Times: user=0.01 sys=0.00, real=0.01 secs] 
39.206: Total time for which application threads were stopped: 0.0068520 seconds, Stopping threads took: 0.0001290 seconds
39.220: Application time: 0.0141510 seconds
39.220: [GC39.220: [DefNew: 15692K->15692K(18432K), 0.0000100 secs]39.220: [Tenured: 30198K->28773K(40960K), 0.0105710 secs] 45890K->28773K(59392K), [Perm : 6076K->6076K(21248K)], 0.0106310 secs] [Times: user=0.01 sys=0.00, real=0.01 secs] 
39.231: Total time for which application threads were stopped: 0.0108310 seconds, Stopping threads took: 0.0001300 seconds
39.298: Application time: 0.0670780 seconds
39.298: [GC39.298: [DefNew: 15688K->15688K(18432K), 0.0000100 secs]39.298: [Tenured: 28773K->28773K(40960K), 0.0091410 secs] 44461K->28773K(59392K), [Perm : 6076K->6076K(21248K)], 0.0092000 secs] [Times: user=0.00 sys=0.00, real=0.01 secs] 
39.307: Total time for which application threads were stopped: 0.0093340 seconds, Stopping threads took: 0.0000630 seconds
39.342: Application time: 0.0351460 seconds
39.342: [GC39.342: [DefNew: 15688K->15688K(18432K), 0.0000100 secs]39.342: [Tenured: 28773K->28772K(40960K), 0.0099560 secs] 44461K->28772K(59392K), [Perm : 6076K->6076K(21248K)], 0.0100170 secs] [Times: user=0.01 sys=0.00, real=0.01 secs] 
39.352: Total time for which application threads were stopped: 0.0101600 seconds, Stopping threads took: 0.0000700 seconds
39.421: Application time: 0.0686790 seconds
39.421: [GC39.421: [DefNew: 15690K->15690K(18432K), 0.0000100 secs]39.421: [Tenured: 28772K->29485K(40960K), 0.0100790 secs] 44462K->29485K(59392K), [Perm : 6076K->6076K(21248K)], 0.0101350 secs] [Times: user=0.02 sys=0.00, real=0.01 secs] 
39.431: Total time for which application threads were stopped: 0.0103740 seconds, Stopping threads took: 0.0001610 seconds
39.457: Application time: 0.0255490 seconds
39.457: [GC39.457: [DefNew: 15727K->15727K(18432K), 0.0000100 secs]39.457: [Tenured: 29485K->28802K(40960K), 0.0104870 secs] 45212K->28802K(59392K), [Perm : 6076K->6076K(21248K)], 0.0105480 secs] [Times: user=0.01 sys=0.00, real=0.01 secs] 
39.468: Total time for which application threads were stopped: 0.0108400 seconds, Stopping threads took: 0.0002200 seconds
39.483: Application time: 0.0152330 seconds
39.483: [GC39.483: [DefNew: 15681K->15681K(18432K), 0.0000090 secs]39.483: [Tenured: 28802K->28772K(40960K), 0.0115350 secs] 44483K->28772K(59392K), [Perm : 6076K->6076K(21248K)], 0.0115950 secs] [Times: user=0.01 sys=0.00, real=0.02 secs] 
39.495: Total time for which application threads were stopped: 0.0117700 seconds, Stopping threads took: 0.0000930 seconds
39.507: Application time: 0.0119690 seconds
39.507: [GC39.507: [DefNew: 15687K->15687K(18432K), 0.0000090 secs]39.507: [Tenured: 28772K->29485K(40960K), 0.0102080 secs] 44460K->29485K(59392K), [Perm : 6076K->6076K(21248K)], 0.0102670 secs] [Times: user=0.01 sys=0.00, real=0.01 secs] 
39.517: Total time for which application threads were stopped: 0.0104600 seconds, Stopping threads took: 0.0001230 seconds
39.534: Application time: 0.0170970 seconds
39.534: [GC39.534: [DefNew: 15679K->15679K(18432K), 0.0000100 secs]39.534: [Tenured: 29485K->29485K(40960K), 0.0091640 secs] 45164K->29485K(59392K), [Perm : 6076K->6076K(21248K)], 0.0092220 secs] [Times: user=0.01 sys=0.00, real=0.00 secs] 
39.544: Total time for which application threads were stopped: 0.0093820 seconds, Stopping threads took: 0.0000880 seconds
39.556: Application time: 0.0127620 seconds
39.557: [GC39.557: [DefNew: 15681K->15681K(18432K), 0.0000090 secs]39.557: [Tenured: 29485K->26634K(40960K), 0.0088990 secs] 45166K->26634K(59392K), [Perm : 6076K->6076K(21248K)], 0.0089520 secs] [Times: user=0.01 sys=0.00, real=0.01 secs] 
39.566: Total time for which application threads were stopped: 0.0091070 seconds, Stopping threads took: 0.0000850 seconds
39.580: Application time: 0.0142300 seconds
39.580: [GC39.580: [DefNew: 15686K->15686K(18432K), 0.0000100 secs]39.580: [Tenured: 26634K->28772K(40960K), 0.0088030 secs] 42320K->28772K(59392K), [Perm : 6076K->6076K(21248K)], 0.0088620 secs] [Times: user=0.01 sys=0.00, real=0.01 secs] 
39.589: Total time for which application threads were stopped: 0.0090390 seconds, Stopping threads took: 0.0000930 seconds
39.599: Application time: 0.0105680 seconds
39.599: [GC39.599: [DefNew: 15683K->15683K(18432K), 0.0000100 secs]39.600: [Tenured: 28772K->28060K(40960K), 0.0091320 secs] 44455K->28060K(59392K), [Perm : 6076K->6076K(21248K)], 0.0091990 secs] [Times: user=0.01 sys=0.00, real=0.01 secs] 
39.609: Total time for which application threads were stopped: 0.0093500 seconds, Stopping threads took: 0.0000810 seconds
39.620: Application time: 0.0108200 seconds
39.620: [GC39.620: [DefNew: 15690K->15690K(18432K), 0.0000100 secs]39.620: [Tenured: 28060K->29485K(40960K), 0.0097980 secs] 43750K->29485K(59392K), [Perm : 6076K->6076K(21248K)], 0.0098590 secs] [Times: user=0.01 sys=0.00, real=0.01 secs] 
39.630: Total time for which application threads were stopped: 0.0100840 seconds, Stopping threads took: 0.0001520 seconds
39.642: Application time: 0.0122530 seconds
39.642: [GC39.642: [DefNew: 15774K->15774K(18432K), 0.0000090 secs]39.642: [Tenured: 29485K->27378K(40960K), 0.0087750 secs] 45260K->27378K(59392K), [Perm : 6076K->6076K(21248K)], 0.0088300 secs] [Times: user=0.01 sys=0.00, real=0.01 secs] 
39.651: Total time for which application threads were stopped: 0.0090130 seconds, Stopping threads took: 0.0001120 seconds
39.663: Application time: 0.0118130 seconds
39.663: [GC39.663: [DefNew: 16345K->16345K(18432K), 0.0000100 secs]39.663: [Tenured: 27378K->28060K(40960K), 0.0122080 secs] 43724K->28060K(59392K), [Perm : 6076K->6076K(21248K)], 0.0122710 secs] [Times: user=0.01 sys=0.00, real=0.02 secs] 
39.675: Total time for which application threads were stopped: 0.0125590 seconds, Stopping threads took: 0.0002150 seconds
39.686: Application time: 0.0103980 seconds
39.686: [GC39.686: [DefNew: 15687K->15687K(18432K), 0.0000100 secs]39.686: [Tenured: 28060K->28772K(40960K), 0.0091510 secs] 43747K->28772K(59392K), [Perm : 6076K->6076K(21248K)], 0.0092110 secs] [Times: user=0.01 sys=0.00, real=0.01 secs] 
39.695: Total time for which application threads were stopped: 0.0094440 seconds, Stopping threads took: 0.0001620 seconds
39.707: Application time: 0.0119730 seconds
39.707: [GC39.707: [DefNew: 15681K->15681K(18432K), 0.0000110 secs]39.707: [Tenured: 28772K->27347K(40960K), 0.0099790 secs] 44454K->27347K(59392K), [Perm : 6076K->6076K(21248K)], 0.0100400 secs] [Times: user=0.01 sys=0.00, real=0.01 secs] 
39.717: Total time for which application threads were stopped: 0.0101910 seconds, Stopping threads took: 0.0000760 seconds
39.730: Application time: 0.0124400 seconds
39.730: [GC39.730: [DefNew: 15687K->15687K(18432K), 0.0000100 secs]39.730: [Tenured: 27347K->28059K(40960K), 0.0100810 secs] 43035K->28059K(59392K), [Perm : 6076K->6076K(21248K)], 0.0101400 secs] [Times: user=0.01 sys=0.00, real=0.01 secs] 
39.740: Total time for which application threads were stopped: 0.0103320 seconds, Stopping threads took: 0.0001000 seconds
39.754: Application time: 0.0138940 seconds
39.754: [GC39.754: [DefNew: 15681K->15681K(18432K), 0.0000100 secs]39.754: [Tenured: 28059K->27347K(40960K), 0.0107330 secs] 43741K->27347K(59392K), [Perm : 6076K->6076K(21248K)], 0.0107970 secs] [Times: user=0.01 sys=0.00, real=0.00 secs] 
39.765: Total time for which application threads were stopped: 0.0110800 seconds, Stopping threads took: 0.0002090 seconds
39.782: Application time: 0.0173820 seconds
39.783: [GC39.783: [DefNew: 15687K->15687K(18432K), 0.0000090 secs]39.783: [Tenured: 27347K->28773K(40960K), 0.0066910 secs] 43035K->28773K(59392K), [Perm : 6076K->6076K(21248K)], 0.0067480 secs] [Times: user=0.01 sys=0.00, real=0.01 secs] 
39.789: Total time for which application threads were stopped: 0.0068860 seconds, Stopping threads took: 0.0000690 seconds
39.802: Application time: 0.0129610 seconds
39.802: [GC39.802: [DefNew: 15680K->15680K(18432K), 0.0000100 secs]39.803: [Tenured: 28773K->27347K(40960K), 0.0086050 secs] 44454K->27347K(59392K), [Perm : 6076K->6076K(21248K)], 0.0086690 secs] [Times: user=0.01 sys=0.00, real=0.01 secs] 
39.811: Total time for which application threads were stopped: 0.0089090 seconds, Stopping threads took: 0.0001550 seconds
39.820: Application time: 0.0085710 seconds
39.820: [GC39.820: [DefNew: 15685K->15685K(18432K), 0.0000100 secs]39.820: [Tenured: 27347K->28772K(40960K), 0.0093500 secs] 43032K->28772K(59392K), [Perm : 6076K->6076K(21248K)], 0.0094150 secs] [Times: user=0.01 sys=0.00, real=0.01 secs] 
39.829: Total time for which application threads were stopped: 0.0095710 seconds, Stopping threads took: 0.0000860 seconds
39.843: Application time: 0.0132130 seconds
39.843: [GC39.843: [DefNew: 15691K->15691K(18432K), 0.0000100 secs]39.843: [Tenured: 28772K->28060K(40960K), 0.0097680 secs] 44463K->28060K(59392K), [Perm : 6076K->6076K(21248K)], 0.0098300 secs] [Times: user=0.01 sys=0.00, real=0.01 secs] 
39.853: Total time for which application threads were stopped: 0.0101650 seconds, Stopping threads took: 0.0002410 seconds
39.866: Application time: 0.0129090 seconds
39.866: [GC39.866: [DefNew: 16330K->16330K(18432K), 0.0000100 secs]39.866: [Tenured: 28060K->26671K(40960K), 0.0088510 secs] 44390K->26671K(59392K), [Perm : 6076K->6076K(21248K)], 0.0089100 secs] [Times: user=0.00 sys=0.00, real=0.01 secs] 
39.875: Total time for which application threads were stopped: 0.0090780 seconds, Stopping threads took: 0.0000860 seconds
39.883: Application time: 0.0078330 seconds
39.883: [GC39.883: [DefNew: 15787K->15787K(18432K), 0.0000100 secs]39.883: [Tenured: 26671K->29514K(40960K), 0.0094390 secs] 42459K->29514K(59392K), [Perm : 6078K->6078K(21248K)], 0.0094990 secs] [Times: user=0.01 sys=0.00, real=0.01 secs] 
39.892: Total time for which application threads were stopped: 0.0096760 seconds, Stopping threads took: 0.0001060 seconds
39.902: Application time: 0.0097090 seconds
39.902: [GC39.902: [DefNew: 15689K->15689K(18432K), 0.0000100 secs]39.902: [Tenured: 29514K->28089K(40960K), 0.0098160 secs] 45204K->28089K(59392K), [Perm : 6078K->6078K(21248K)], 0.0098770 secs] [Times: user=0.01 sys=0.00, real=0.01 secs] 
39.912: Total time for which application threads were stopped: 0.0100740 seconds, Stopping threads took: 0.0001250 seconds
39.930: Application time: 0.0178100 seconds
39.930: [GC39.930: [DefNew: 15683K->15683K(18432K), 0.0000100 secs]39.930: [Tenured: 28089K->25922K(40960K), 0.0103440 secs] 43772K->25922K(59392K), [Perm : 6078K->6078K(21248K)], 0.0104080 secs] [Times: user=0.01 sys=0.00, real=0.01 secs] 
39.940: Total time for which application threads were stopped: 0.0105960 seconds, Stopping threads took: 0.0000950 seconds
39.951: Application time: 0.0103360 seconds
39.951: [GC39.951: [DefNew: 16255K->16255K(18432K), 0.0000100 secs]39.951: [Tenured: 25922K->25244K(40960K), 0.0091750 secs] 42177K->25244K(59392K), [Perm : 6078K->6078K(21248K)], 0.0092350 secs] [Times: user=0.01 sys=0.00, real=0.01 secs] 
39.960: Total time for which application threads were stopped: 0.0094000 seconds, Stopping threads took: 0.0000920 seconds
39.972: Application time: 0.0118760 seconds
39.972: [GC39.972: [DefNew: 15862K->15862K(18432K), 0.0000110 secs]39.972: [Tenured: 25244K->28089K(40960K), 0.0067250 secs] 41106K->28089K(59392K), [Perm : 6078K->6078K(21248K)], 0.0067830 secs] [Times: user=0.01 sys=0.00, real=0.01 secs] 
39.979: Total time for which application threads were stopped: 0.0069720 seconds, Stopping threads took: 0.0001170 seconds
39.988: Application time: 0.0087540 seconds
39.988: [GC39.988: [DefNew: 15681K->15681K(18432K), 0.0000100 secs]39.988: [Tenured: 28089K->25238K(40960K), 0.0088930 secs] 43770K->25238K(59392K), [Perm : 6078K->6078K(21248K)], 0.0089510 secs] [Times: user=0.01 sys=0.00, real=0.01 secs] 
39.997: Total time for which application threads were stopped: 0.0091460 seconds, Stopping threads took: 0.0001210 seconds
40.005: Application time: 0.0082570 seconds
40.005: [GC40.005: [DefNew: 15688K->1426K(18432K), 0.0012420 secs] 40926K->29514K(59392K), 0.0012760 secs] [Times: user=0.00 sys=0.00, real=0.01 secs] 
40.007: Total time for which application threads were stopped: 0.0014780 seconds, Stopping threads took: 0.0001380 seconds
40.014: Application time: 0.0076410 seconds
40.014: [GC40.014: [DefNew: 17647K->17647K(18432K), 0.0000100 secs]40.014: [Tenured: 28088K->21655K(40960K), 0.0101320 secs] 45735K->21655K(59392K), [Perm : 6078K->6078K(21248K)], 0.0102010 secs] [Times: user=0.01 sys=0.00, real=0.00 secs] 
40.025: Total time for which application threads were stopped: 0.0103690 seconds, Stopping threads took: 0.0000950 seconds
40.030: Application time: 0.0058540 seconds
40.031: [GC40.031: [DefNew: 15886K->1434K(18432K), 0.0023020 secs] 37541K->29503K(59392K), 0.0023370 secs] [Times: user=0.00 sys=0.00, real=0.00 secs] 
40.033: Total time for which application threads were stopped: 0.0025310 seconds, Stopping threads took: 0.0001280 seconds
40.040: Application time: 0.0067750 seconds
40.040: [GC40.040: [DefNew: 17135K->17135K(18432K), 0.0000100 secs]40.040: [Tenured: 28068K->26634K(40960K), 0.0107110 secs] 45204K->26634K(59392K), [Perm : 6078K->6078K(21248K)], 0.0107730 secs] [Times: user=0.01 sys=0.00, real=0.01 secs] 
40.051: Total time for which application threads were stopped: 0.0109720 seconds, Stopping threads took: 0.0001270 seconds
40.057: Application time: 0.0065970 seconds
40.058: [GC40.058: [DefNew: 15682K->15682K(18432K), 0.0000100 secs]40.058: [Tenured: 26634K->26635K(40960K), 0.0073600 secs] 42317K->26635K(59392K), [Perm : 6078K->6078K(21248K)], 0.0074200 secs] [Times: user=0.00 sys=0.00, real=0.00 secs] 
40.065: Total time for which application threads were stopped: 0.0075930 seconds, Stopping threads took: 0.0001030 seconds
40.071: Application time: 0.0062030 seconds
40.071: [GC40.071: [DefNew: 15691K->15691K(18432K), 0.0000100 secs]40.071: [Tenured: 26635K->26635K(40960K), 0.0111480 secs] 42326K->26635K(59392K), [Perm : 6078K->6078K(21248K)], 0.0112090 secs] [Times: user=0.02 sys=0.00, real=0.01 secs] 
40.083: Total time for which application threads were stopped: 0.0114840 seconds, Stopping threads took: 0.0001840 seconds
40.089: Application time: 0.0063570 seconds
40.089: [GC40.089: [DefNew: 15682K->15682K(18432K), 0.0000100 secs]40.089: [Tenured: 26635K->27347K(40960K), 0.0079570 secs] 42317K->27347K(59392K), [Perm : 6078K->6078K(21248K)], 0.0080190 secs] [Times: user=0.00 sys=0.00, real=0.01 secs] 
40.097: Total time for which application threads were stopped: 0.0082650 seconds, Stopping threads took: 0.0001510 seconds
40.103: Application time: 0.0060090 seconds
40.104: [GC40.104: [DefNew: 15692K->15692K(18432K), 0.0000100 secs]40.104: [Tenured: 27347K->25209K(40960K), 0.0099290 secs] 43040K->25209K(59392K), [Perm : 6078K->6078K(21248K)], 0.0099880 secs] [Times: user=0.01 sys=0.00, real=0.02 secs] 
40.114: Total time for which application threads were stopped: 0.0102510 seconds, Stopping threads took: 0.0001740 seconds
40.119: Application time: 0.0054340 seconds
40.119: [GC40.119: [DefNew: 15688K->1425K(18432K), 0.0014500 secs] 40898K->30198K(59392K), 0.0014830 secs] [Times: user=0.00 sys=0.00, real=0.00 secs] 
40.121: Total time for which application threads were stopped: 0.0017030 seconds, Stopping threads took: 0.0001380 seconds
40.126: Application time: 0.0055780 seconds
40.126: [GC40.126: [DefNew: 17108K->17108K(18432K), 0.0000090 secs]40.126: [Tenured: 28772K->26635K(40960K), 0.0077720 secs] 45880K->26635K(59392K), [Perm : 6078K->6078K(21248K)], 0.0078310 secs] [Times: user=0.01 sys=0.00, real=0.01 secs] 
40.134: Total time for which application threads were stopped: 0.0080340 seconds, Stopping threads took: 0.0001120 seconds
40.141: Application time: 0.0063490 seconds
40.141: [GC40.141: [DefNew: 15684K->15684K(18432K), 0.0000090 secs]40.141: [Tenured: 26635K->26635K(40960K), 0.0093970 secs] 42319K->26635K(59392K), [Perm : 6078K->6078K(21248K)], 0.0094560 secs] [Times: user=0.01 sys=0.00, real=0.01 secs] 
40.150: Total time for which application threads were stopped: 0.0097450 seconds, Stopping threads took: 0.0002090 seconds
40.157: Application time: 0.0069480 seconds
40.158: [GC40.158: [DefNew: 15692K->15692K(18432K), 0.0000110 secs]40.158: [Tenured: 26635K->24497K(40960K), 0.0106560 secs] 42327K->24497K(59392K), [Perm : 6078K->6078K(21248K)], 0.0107180 secs] [Times: user=0.01 sys=0.00, real=0.01 secs] 
40.168: Total time for which application threads were stopped: 0.0109760 seconds, Stopping threads took: 0.0001560 seconds
40.177: Application time: 0.0085210 seconds
40.177: [GC40.177: [DefNew: 15680K->1425K(18432K), 0.0010390 secs] 40177K->28060K(59392K), 0.0010750 secs] [Times: user=0.00 sys=0.00, real=0.00 secs] 
40.178: Total time for which application threads were stopped: 0.0013110 seconds, Stopping threads took: 0.0001540 seconds
40.186: Application time: 0.0073380 seconds
40.186: [GC40.186: [DefNew: 17606K->17606K(18432K), 0.0000090 secs]40.186: [Tenured: 26634K->22396K(40960K), 0.0097370 secs] 44240K->22396K(59392K), [Perm : 6078K->6078K(21248K)], 0.0097960 secs] [Times: user=0.01 sys=0.00, real=0.01 secs] 
40.196: Total time for which application threads were stopped: 0.0100890 seconds, Stopping threads took: 0.0002050 seconds
40.204: Application time: 0.0079570 seconds
40.204: [GC40.204: [DefNew: 15952K->1425K(18432K), 0.0014070 secs] 38348K->26671K(59392K), 0.0014420 secs] [Times: user=0.00 sys=0.00, real=0.00 secs] 
40.205: Total time for which application threads were stopped: 0.0017030 seconds, Stopping threads took: 0.0001970 seconds
40.211: Application time: 0.0056420 seconds
40.211: [GC40.211: [DefNew: 17114K->17114K(18432K), 0.0000100 secs]40.211: [Tenured: 25246K->26664K(40960K), 0.0084470 secs] 42360K->26664K(59392K), [Perm : 6078K->6078K(21248K)], 0.0085070 secs] [Times: user=0.01 sys=0.00, real=0.01 secs] 
40.220: Total time for which application threads were stopped: 0.0087210 seconds, Stopping threads took: 0.0001420 seconds
40.225: Application time: 0.0052010 seconds
40.225: [GC40.225: [DefNew: 15684K->15684K(18432K), 0.0000090 secs]40.225: [Tenured: 26664K->24526K(40960K), 0.0100210 secs] 42348K->24526K(59392K), [Perm : 6078K->6078K(21248K)], 0.0100810 secs] [Times: user=0.01 sys=0.00, real=0.02 secs] 
40.235: Total time for which application threads were stopped: 0.0103610 seconds, Stopping threads took: 0.0001900 seconds
40.241: Application time: 0.0058290 seconds
40.241: [GC40.241: [DefNew: 16201K->1461K(18432K), 0.0018400 secs] 40728K->29551K(59392K), 0.0018810 secs] [Times: user=0.00 sys=0.00, real=0.00 secs] 
40.243: Total time for which application threads were stopped: 0.0021320 seconds, Stopping threads took: 0.0001640 seconds
40.248: Application time: 0.0050110 seconds
40.248: [GC40.248: [DefNew: 17301K->17301K(18432K), 0.0000100 secs]40.248: [Tenured: 28089K->21656K(40960K), 0.0106640 secs] 45390K->21656K(59392K), [Perm : 6078K->6078K(21248K)], 0.0107250 secs] [Times: user=0.01 sys=0.00, real=0.01 secs] 
40.259: Total time for which application threads were stopped: 0.0109980 seconds, Stopping threads took: 0.0002030 seconds
40.266: Application time: 0.0065440 seconds
40.266: [GC40.266: [DefNew: 15780K->1427K(18432K), 0.0022710 secs] 37437K->28784K(59392K), 0.0023090 secs] [Times: user=0.00 sys=0.00, real=0.00 secs] 
40.268: Total time for which application threads were stopped: 0.0026380 seconds, Stopping threads took: 0.0002420 seconds
40.276: Application time: 0.0073070 seconds
40.276: [GC40.276: [DefNew: 17110K->17110K(18432K), 0.0000100 secs]40.276: [Tenured: 27356K->24499K(40960K), 0.0088890 secs] 44467K->24499K(59392K), [Perm : 6078K->6078K(21248K)], 0.0089490 secs] [Times: user=0.01 sys=0.00, real=0.00 secs] 
40.285: Total time for which application threads were stopped: 0.0091850 seconds, Stopping threads took: 0.0001440 seconds
40.292: Application time: 0.0069200 seconds
40.292: [GC40.292: [DefNew: 15692K->1425K(18432K), 0.0024110 secs] 40192K->32338K(59392K), 0.0024460 secs] [Times: user=0.01 sys=0.00, real=0.01 secs] 
40.294: Total time for which application threads were stopped: 0.0026030 seconds, Stopping threads took: 0.0000900 seconds
40.301: Application time: 0.0067470 seconds
40.301: [GC40.301: [DefNew: 17110K->17110K(18432K), 0.0000090 secs]40.301: [Tenured: 30912K->23784K(40960K), 0.0105570 secs] 48022K->23784K(59392K), [Perm : 6078K->6078K(21248K)], 0.0106180 secs] [Times: user=0.01 sys=0.00, real=0.01 secs] 
40.312: Total time for which application threads were stopped: 0.0108710 seconds, Stopping threads took: 0.0001690 seconds
40.319: Application time: 0.0066360 seconds
40.319: [GC40.319: [DefNew: 15682K->1425K(18432K), 0.0014080 secs] 39466K->28772K(59392K), 0.0014430 secs] [Times: user=0.01 sys=0.00, real=0.00 secs] 
40.320: Total time for which application threads were stopped: 0.0016590 seconds, Stopping threads took: 0.0001510 seconds
40.326: Application time: 0.0055640 seconds
40.326: [GC40.326: [DefNew: 17108K->17108K(18432K), 0.0000090 secs]40.326: [Tenured: 27347K->25922K(40960K), 0.0097670 secs] 44456K->25922K(59392K), [Perm : 6078K->6078K(21248K)], 0.0098250 secs] [Times: user=0.01 sys=0.00, real=0.01 secs] 
40.336: Total time for which application threads were stopped: 0.0100110 seconds, Stopping threads took: 0.0001160 seconds
40.342: Application time: 0.0063850 seconds
40.343: [GC40.343: [DefNew: 15687K->1425K(18432K), 0.0012910 secs] 41610K->30198K(59392K), 0.0013260 secs] [Times: user=0.00 sys=0.00, real=0.00 secs] 
40.344: Total time for which application threads were stopped: 0.0018550 seconds, Stopping threads took: 0.0004470 seconds
40.352: Application time: 0.0079490 seconds
40.352: [GC40.352: [DefNew: 17124K->17124K(18432K), 0.0000100 secs]40.352: [Tenured: 28772K->22359K(40960K), 0.0098980 secs] 45897K->22359K(59392K), [Perm : 6078K->6078K(21248K)], 0.0099560 secs] [Times: user=0.01 sys=0.00, real=0.01 secs] 
40.362: Total time for which application threads were stopped: 0.0102550 seconds, Stopping threads took: 0.0002280 seconds
40.370: Application time: 0.0075240 seconds
40.370: [GC40.370: [DefNew: 15679K->1425K(18432K), 0.0010590 secs] 38039K->25922K(59392K), 0.0010910 secs] [Times: user=0.00 sys=0.00, real=0.00 secs] 
40.371: Total time for which application threads were stopped: 0.0013130 seconds, Stopping threads took: 0.0001410 seconds
40.380: Application time: 0.0083810 seconds
40.380: [GC40.380: [DefNew: 17107K->1425K(18432K), 0.0012890 secs] 41604K->28772K(59392K), 0.0013240 secs] [Times: user=0.00 sys=0.00, real=0.00 secs] 
40.381: Total time for which application threads were stopped: 0.0015520 seconds, Stopping threads took: 0.0001440 seconds
40.389: Application time: 0.0077710 seconds
40.389: [GC40.389: [DefNew: 17118K->1426K(18432K), 0.0027230 secs] 44465K->35898K(59392K), 0.0027640 secs] [Times: user=0.00 sys=0.00, real=0.00 secs] 
40.392: Total time for which application threads were stopped: 0.0029740 seconds, Stopping threads took: 0.0001380 seconds
40.399: Application time: 0.0066860 seconds
40.399: [GC40.399: [DefNew: 17107K->17107K(18432K), 0.0000100 secs]40.399: [Tenured: 34472K->23072K(40960K), 0.0098340 secs] 51580K->23072K(59392K), [Perm : 6078K->6078K(21248K)], 0.0098950 secs] [Times: user=0.01 sys=0.00, real=0.01 secs] 
40.409: Total time for which application threads were stopped: 0.0100920 seconds, Stopping threads took: 0.0001250 seconds
40.415: Application time: 0.0062590 seconds
40.415: [GC40.415: [DefNew: 15691K->1426K(18432K), 0.0024070 secs] 38764K->30911K(59392K), 0.0024500 secs] [Times: user=0.00 sys=0.00, real=0.00 secs] 
40.418: Total time for which application threads were stopped: 0.0026370 seconds, Stopping threads took: 0.0001200 seconds
40.426: Application time: 0.0087810 seconds
40.427: [GC40.427: [DefNew: 17108K->17108K(18432K), 0.0000100 secs]40.427: [Tenured: 29485K->24497K(40960K), 0.0104320 secs] 46593K->24497K(59392K), [Perm : 6078K->6078K(21248K)], 0.0104910 secs] [Times: user=0.01 sys=0.00, real=0.01 secs] 
40.437: Total time for which application threads were stopped: 0.0106820 seconds, Stopping threads took: 0.0001190 seconds
40.443: Application time: 0.0063520 seconds
40.444: [GC40.444: [DefNew: 15682K->1425K(18432K), 0.0008290 secs] 40179K->27348K(59392K), 0.0008580 secs] [Times: user=0.00 sys=0.00, real=0.00 secs] 
40.444: Total time for which application threads were stopped: 0.0010200 seconds, Stopping threads took: 0.0001010 seconds
40.451: Application time: 0.0068690 seconds
40.451: [GC40.451: [DefNew: 17115K->1425K(18432K), 0.0020810 secs] 43038K->32337K(59392K), 0.0021300 secs] [Times: user=0.00 sys=0.00, real=0.01 secs] 
40.454: Total time for which application threads were stopped: 0.0023190 seconds, Stopping threads took: 0.0001200 seconds
40.461: Application time: 0.0075620 seconds
40.461: [GC40.461: [DefNew: 17115K->17115K(18432K), 0.0000100 secs]40.461: [Tenured: 30911K->23072K(40960K), 0.0088910 secs] 48026K->23072K(59392K), [Perm : 6078K->6078K(21248K)], 0.0089480 secs] [Times: user=0.01 sys=0.00, real=0.01 secs] 
40.470: Total time for which application threads were stopped: 0.0091100 seconds, Stopping threads took: 0.0000930 seconds
40.482: Application time: 0.0120780 seconds
40.483: [GC40.483: [DefNew: 15682K->1425K(18432K), 0.0016460 secs] 38755K->28060K(59392K), 0.0016830 secs] [Times: user=0.00 sys=0.00, real=0.00 secs] 
40.484: Total time for which application threads were stopped: 0.0018730 seconds, Stopping threads took: 0.0001210 seconds
40.514: Application time: 0.0302470 seconds
40.515: [GC40.515: [DefNew: 17117K->1426K(18432K), 0.0023010 secs] 43752K->34473K(59392K), 0.0023400 secs] [Times: user=0.00 sys=0.00, real=0.00 secs] 
40.517: Total time for which application threads were stopped: 0.0024970 seconds, Stopping threads took: 0.0000920 seconds
40.570: Application time: 0.0532830 seconds
40.570: [GC40.570: [DefNew: 17117K->17117K(18432K), 0.0000090 secs]40.570: [Tenured: 33047K->23784K(40960K), 0.0093870 secs] 50165K->23784K(59392K), [Perm : 6078K->6078K(21248K)], 0.0094450 secs] [Times: user=0.01 sys=0.00, real=0.01 secs] 
40.580: Total time for which application threads were stopped: 0.0096090 seconds, Stopping threads took: 0.0000950 seconds
40.652: Application time: 0.0717370 seconds
40.652: [GC40.652: [DefNew: 15700K->1425K(18432K), 0.0045040 secs] 39484K->39460K(59392K), 0.0045430 secs] [Times: user=0.01 sys=0.00, real=0.01 secs] 
40.656: Total time for which application threads were stopped: 0.0046920 seconds, Stopping threads took: 0.0000730 seconds
40.730: Application time: 0.0736550 seconds
40.730: [GC40.730: [DefNew: 17117K->17117K(18432K), 0.0000100 secs]40.730: [Tenured: 38034K->25210K(40960K), 0.0094570 secs] 55152K->25210K(59392K), [Perm : 6078K->6078K(21248K)], 0.0095170 secs] [Times: user=0.01 sys=0.00, real=0.01 secs] 
40.740: Total time for which application threads were stopped: 0.0096470 seconds, Stopping threads took: 0.0000580 seconds
40.807: Application time: 0.0674810 seconds
40.807: [GC40.807: [DefNew: 15691K->1425K(18432K), 0.0044260 secs] 40901K->40885K(59392K), 0.0044680 secs] [Times: user=0.00 sys=0.00, real=0.00 secs] 
40.812: Total time for which application threads were stopped: 0.0046070 seconds, Stopping threads took: 0.0000730 seconds
40.876: Application time: 0.0642880 seconds
40.876: [GC40.876: [DefNew: 17116K->17116K(18432K), 0.0000110 secs]40.876: [Tenured: 39460K->25210K(40960K), 0.0107070 secs] 56577K->25210K(59392K), [Perm : 6078K->6078K(21248K)], 0.0107690 secs] [Times: user=0.01 sys=0.00, real=0.01 secs] 
40.887: Total time for which application threads were stopped: 0.0109580 seconds, Stopping threads took: 0.0001180 seconds
40.961: Application time: 0.0738430 seconds
40.961: [GC40.961: [DefNew: 15691K->1425K(18432K), 0.0042330 secs] 40901K->40173K(59392K), 0.0042770 secs] [Times: user=0.01 sys=0.00, real=0.00 secs] 
40.965: Total time for which application threads were stopped: 0.0044580 seconds, Stopping threads took: 0.0001130 seconds
41.037: Application time: 0.0712510 seconds
41.037: [GC41.037: [DefNew: 17125K->17125K(18432K), 0.0000100 secs]41.037: [Tenured: 38748K->24498K(40960K), 0.0099310 secs] 55873K->24498K(59392K), [Perm : 6078K->6078K(21248K)], 0.0099910 secs] [Times: user=0.01 sys=0.00, real=0.01 secs] 
41.047: Total time for which application threads were stopped: 0.0101330 seconds, Stopping threads took: 0.0000720 seconds
41.120: Application time: 0.0735480 seconds
41.120: [GC41.120: [DefNew: 15691K->1425K(18432K), 0.0044870 secs] 40190K->40173K(59392K), 0.0045290 secs] [Times: user=0.00 sys=0.00, real=0.00 secs] 
41.125: Total time for which application threads were stopped: 0.0047000 seconds, Stopping threads took: 0.0001040 seconds
41.199: Application time: 0.0738270 seconds
41.199: [GC41.199: [DefNew: 17125K->17125K(18432K), 0.0000100 secs]41.199: [Tenured: 38748K->25921K(40960K), 0.0112130 secs] 55874K->25921K(59392K), [Perm : 6078K->6078K(21248K)], 0.0112790 secs] [Times: user=0.01 sys=0.00, real=0.01 secs] 
41.210: Total time for which application threads were stopped: 0.0114500 seconds, Stopping threads took: 0.0000930 seconds
41.254: Application time: 0.0434150 seconds
41.254: [GC41.254: [DefNew: 15700K->15700K(18432K), 0.0000110 secs]41.254: [Tenured: 25921K->27348K(40960K), 0.0098140 secs] 41622K->27348K(59392K), [Perm : 6078K->6078K(21248K)], 0.0098710 secs] [Times: user=0.01 sys=0.00, real=0.00 secs] 
41.264: Total time for which application threads were stopped: 0.0100200 seconds, Stopping threads took: 0.0000810 seconds
41.333: Application time: 0.0697480 seconds
41.333: [GC41.333: [DefNew: 15700K->15700K(18432K), 0.0000110 secs]41.334: [Tenured: 27348K->28061K(40960K), 0.0099560 secs] 43048K->28061K(59392K), [Perm : 6078K->6078K(21248K)], 0.0100170 secs] [Times: user=0.01 sys=0.00, real=0.00 secs] 
41.344: Total time for which application threads were stopped: 0.0101580 seconds, Stopping threads took: 0.0000700 seconds
41.417: Application time: 0.0737560 seconds
41.417: [GC41.417: [DefNew: 15700K->15700K(18432K), 0.0000110 secs]41.417: [Tenured: 28061K->29487K(40960K), 0.0101940 secs] 43761K->29487K(59392K), [Perm : 6078K->6078K(21248K)], 0.0102590 secs] [Times: user=0.01 sys=0.00, real=0.01 secs] 
41.428: Total time for which application threads were stopped: 0.0104070 seconds, Stopping threads took: 0.0000790 seconds
41.484: Application time: 0.0563000 seconds
41.484: [GC41.484: [DefNew: 15708K->15708K(18432K), 0.0000100 secs]41.484: [Tenured: 29487K->28059K(40960K), 0.0114110 secs] 45195K->28059K(59392K), [Perm : 6078K->6078K(21248K)], 0.0114720 secs] [Times: user=0.01 sys=0.00, real=0.02 secs] 
41.496: Total time for which application threads were stopped: 0.0116910 seconds, Stopping threads took: 0.0001500 seconds
41.570: Application time: 0.0744040 seconds
41.570: [GC41.570: [DefNew: 15689K->15689K(18432K), 0.0000090 secs]41.570: [Tenured: 28059K->30197K(40960K), 0.0094670 secs] 43749K->30197K(59392K), [Perm : 6078K->6078K(21248K)], 0.0095270 secs] [Times: user=0.01 sys=0.00, real=0.01 secs] 
41.580: Total time for which application threads were stopped: 0.0096630 seconds, Stopping threads took: 0.0000650 seconds
41.646: Application time: 0.0660940 seconds
41.646: [GC41.646: [DefNew: 15697K->15697K(18432K), 0.0000100 secs]41.646: [Tenured: 30197K->30198K(40960K), 0.0100280 secs] 45894K->30198K(59392K), [Perm : 6078K->6078K(21248K)], 0.0100880 secs] [Times: user=0.01 sys=0.00, real=0.01 secs] 
41.656: Total time for which application threads were stopped: 0.0102580 seconds, Stopping threads took: 0.0001010 seconds
41.719: Application time: 0.0633290 seconds
41.720: [GC41.720: [DefNew: 15689K->15689K(18432K), 0.0000090 secs]41.720: [Tenured: 30198K->30910K(40960K), 0.0092180 secs] 45887K->30910K(59392K), [Perm : 6078K->6078K(21248K)], 0.0092770 secs] [Times: user=0.01 sys=0.00, real=0.01 secs] 
41.729: Total time for which application threads were stopped: 0.0094930 seconds, Stopping threads took: 0.0001290 seconds
41.799: Application time: 0.0698490 seconds
41.799: [GC41.799: [DefNew: 15689K->15689K(18432K), 0.0000090 secs]41.799: [Tenured: 30910K->29484K(40960K), 0.0120150 secs] 46600K->29484K(59392K), [Perm : 6078K->6078K(21248K)], 0.0120730 secs] [Times: user=0.01 sys=0.00, real=0.01 secs] 
41.811: Total time for which application threads were stopped: 0.0122490 seconds, Stopping threads took: 0.0001080 seconds
41.884: Application time: 0.0731930 seconds
41.885: [GC41.885: [DefNew: 15689K->15689K(18432K), 0.0000110 secs]41.885: [Tenured: 29484K->29484K(40960K), 0.0108870 secs] 45174K->29484K(59392K), [Perm : 6078K->6078K(21248K)], 0.0109470 secs] [Times: user=0.01 sys=0.00, real=0.02 secs] 
41.896: Total time for which application threads were stopped: 0.0112770 seconds, Stopping threads took: 0.0002410 seconds
41.941: Application time: 0.0456650 seconds
41.941: [GC41.941: [DefNew: 15689K->15689K(18432K), 0.0000100 secs]41.941: [Tenured: 29484K->29484K(40960K), 0.0109450 secs] 45174K->29484K(59392K), [Perm : 6078K->6078K(21248K)], 0.0110130 secs] [Times: user=0.01 sys=0.00, real=0.01 secs] 
41.952: Total time for which application threads were stopped: 0.0112330 seconds, Stopping threads took: 0.0001280 seconds
42.023: Application time: 0.0703870 seconds
42.023: [GC42.023: [DefNew: 15697K->15697K(18432K), 0.0000100 secs]42.023: [Tenured: 29484K->28773K(40960K), 0.0099420 secs] 45182K->28773K(59392K), [Perm : 6078K->6078K(21248K)], 0.0100010 secs] [Times: user=0.01 sys=0.00, real=0.01 secs] 
42.033: Total time for which application threads were stopped: 0.0102670 seconds, Stopping threads took: 0.0001970 seconds
42.091: Application time: 0.0579120 seconds
42.091: [GC42.091: [DefNew: 15691K->15691K(18432K), 0.0000100 secs]42.091: [Tenured: 28773K->28059K(40960K), 0.0109830 secs] 44464K->28059K(59392K), [Perm : 6078K->6078K(21248K)], 0.0110410 secs] [Times: user=0.01 sys=0.00, real=0.01 secs] 
42.102: Total time for which application threads were stopped: 0.0111720 seconds, Stopping threads took: 0.0000620 seconds
42.173: Application time: 0.0705160 seconds
42.173: [GC42.173: [DefNew: 15698K->15698K(18432K), 0.0000110 secs]42.173: [Tenured: 28059K->28773K(40960K), 0.0108110 secs] 43757K->28773K(59392K), [Perm : 6079K->6079K(21248K)], 0.0108700 secs] [Times: user=0.01 sys=0.00, real=0.01 secs] 
42.184: Total time for which application threads were stopped: 0.0110470 seconds, Stopping threads took: 0.0001060 seconds
42.248: Application time: 0.0641500 seconds
42.248: [GC42.248: [DefNew: 15689K->15689K(18432K), 0.0000110 secs]42.248: [Tenured: 28773K->28773K(40960K), 0.0100630 secs] 44462K->28773K(59392K), [Perm : 6079K->6079K(21248K)], 0.0101210 secs] [Times: user=0.01 sys=0.00, real=0.01 secs] 
42.258: Total time for which application threads were stopped: 0.0102690 seconds, Stopping threads took: 0.0000670 seconds
42.320: Application time: 0.0616950 seconds
42.320: [GC42.320: [DefNew: 15698K->15698K(18432K), 0.0000100 secs]42.320: [Tenured: 28773K->28060K(40960K), 0.0100700 secs] 44471K->28060K(59392K), [Perm : 6079K->6079K(21248K)], 0.0101280 secs] [Times: user=0.01 sys=0.00, real=0.01 secs] 
42.330: Total time for which application threads were stopped: 0.0102580 seconds, Stopping threads took: 0.0000610 seconds
42.372: Application time: 0.0422740 seconds
42.373: [GC42.373: [DefNew: 15696K->15696K(18432K), 0.0000100 secs]42.373: [Tenured: 28060K->25209K(40960K), 0.0113120 secs] 43756K->25209K(59392K), [Perm : 6079K->6079K(21248K)], 0.0113740 secs] [Times: user=0.02 sys=0.00, real=0.01 secs] 
42.384: Total time for which application threads were stopped: 0.0115620 seconds, Stopping threads took: 0.0001170 seconds
42.439: Application time: 0.0554780 seconds
42.440: [GC42.440: [DefNew: 15696K->1426K(18432K), 0.0037450 secs] 40905K->38036K(59392K), 0.0037870 secs] [Times: user=0.00 sys=0.00, real=0.00 secs] 
42.443: Total time for which application threads were stopped: 0.0039280 seconds, Stopping threads took: 0.0000710 seconds
42.506: Application time: 0.0629530 seconds
42.506: [GC42.506: [DefNew: 17122K->17122K(18432K), 0.0000100 secs]42.506: [Tenured: 36610K->25922K(40960K), 0.0117040 secs] 53732K->25922K(59392K), [Perm : 6079K->6079K(21248K)], 0.0117660 secs] [Times: user=0.01 sys=0.00, real=0.01 secs] 
42.518: Total time for which application threads were stopped: 0.0119480 seconds, Stopping threads took: 0.0000920 seconds
42.553: Application time: 0.0350990 seconds
42.553: [GC42.553: [DefNew: 15696K->15696K(18432K), 0.0000100 secs]42.553: [Tenured: 25922K->23072K(40960K), 0.0099730 secs] 41619K->23072K(59392K), [Perm : 6079K->6079K(21248K)], 0.0100310 secs] [Times: user=0.01 sys=0.00, real=0.00 secs] 
42.564: Total time for which application threads were stopped: 0.0101680 seconds, Stopping threads took: 0.0000660 seconds
42.616: Application time: 0.0525260 seconds
42.616: [GC42.616: [DefNew: 15687K->1425K(18432K), 0.0035270 secs] 38760K->35185K(59392K), 0.0035770 secs] [Times: user=0.00 sys=0.00, real=0.00 secs] 
42.620: Total time for which application threads were stopped: 0.0037210 seconds, Stopping threads took: 0.0000770 seconds
42.681: Application time: 0.0614310 seconds
42.681: [GC42.681: [DefNew: 17121K->17121K(18432K), 0.0000110 secs]42.681: [Tenured: 33760K->24498K(40960K), 0.0106070 secs] 50882K->24498K(59392K), [Perm : 6079K->6079K(21248K)], 0.0106690 secs] [Times: user=0.01 sys=0.00, real=0.01 secs] 
42.692: Total time for which application threads were stopped: 0.0108390 seconds, Stopping threads took: 0.0000990 seconds
42.754: Application time: 0.0624130 seconds
42.755: [GC42.755: [DefNew: 15688K->1425K(18432K), 0.0035020 secs] 40187K->36612K(59392K), 0.0035430 secs] [Times: user=0.01 sys=0.00, real=0.00 secs] 
42.758: Total time for which application threads were stopped: 0.0037340 seconds, Stopping threads took: 0.0001100 seconds
42.783: Application time: 0.0249160 seconds
42.783: [GC42.783: [DefNew: 17113K->17113K(18432K), 0.0000110 secs]42.783: [Tenured: 35187K->25210K(40960K), 0.0110110 secs] 52300K->25210K(59392K), [Perm : 6079K->6079K(21248K)], 0.0110690 secs] [Times: user=0.01 sys=0.00, real=0.02 secs] 
42.794: Total time for which application threads were stopped: 0.0112460 seconds, Stopping threads took: 0.0000950 seconds
42.863: Application time: 0.0682370 seconds
42.863: [GC42.863: [DefNew: 15688K->1425K(18432K), 0.0034720 secs] 40899K->37324K(59392K), 0.0035130 secs] [Times: user=0.01 sys=0.00, real=0.01 secs] 
42.866: Total time for which application threads were stopped: 0.0036490 seconds, Stopping threads took: 0.0000670 seconds
42.922: Application time: 0.0559940 seconds
42.922: [GC42.922: [DefNew: 17113K->17113K(18432K), 0.0000110 secs]42.922: [Tenured: 35899K->25210K(40960K), 0.0108130 secs] 53013K->25210K(59392K), [Perm : 6079K->6079K(21248K)], 0.0108760 secs] [Times: user=0.02 sys=0.00, real=0.01 secs] 
42.933: Total time for which application threads were stopped: 0.0110650 seconds, Stopping threads took: 0.0001170 seconds
42.973: Application time: 0.0397100 seconds
42.973: [GC42.973: [DefNew: 15688K->1425K(18432K), 0.0035180 secs] 40899K->37324K(59392K), 0.0035580 secs] [Times: user=0.01 sys=0.00, real=0.01 secs] 
42.977: Total time for which application threads were stopped: 0.0037450 seconds, Stopping threads took: 0.0001190 seconds
43.030: Application time: 0.0531810 seconds
43.030: [GC43.030: [DefNew: 17122K->17122K(18432K), 0.0000100 secs]43.030: [Tenured: 35899K->25212K(40960K), 0.0092500 secs] 53022K->25212K(59392K), [Perm : 6079K->6079K(21248K)], 0.0093090 secs] [Times: user=0.01 sys=0.00, real=0.01 secs] 
43.039: Total time for which application threads were stopped: 0.0094520 seconds, Stopping threads took: 0.0000730 seconds
43.097: Application time: 0.0574820 seconds
43.097: [GC43.097: [DefNew: 15688K->1425K(18432K), 0.0034840 secs] 40900K->37325K(59392K), 0.0035270 secs] [Times: user=0.00 sys=0.00, real=0.00 secs] 
43.101: Total time for which application threads were stopped: 0.0036560 seconds, Stopping threads took: 0.0000600 seconds
43.138: Application time: 0.0375830 seconds
43.138: [GC43.138: [DefNew: 17114K->17114K(18432K), 0.0000090 secs]43.138: [Tenured: 35900K->25924K(40960K), 0.0102540 secs] 53014K->25924K(59392K), [Perm : 6079K->6079K(21248K)], 0.0103140 secs] [Times: user=0.01 sys=0.00, real=0.01 secs] 
43.149: Total time for which application threads were stopped: 0.0104900 seconds, Stopping threads took: 0.0001060 seconds
43.204: Application time: 0.0557400 seconds
43.205: [GC43.205: [DefNew: 15697K->15697K(18432K), 0.0000100 secs]43.205: [Tenured: 25924K->25923K(40960K), 0.0102110 secs] 41622K->25923K(59392K), [Perm : 6079K->6079K(21248K)], 0.0102760 secs] [Times: user=0.01 sys=0.00, real=0.02 secs] 
43.215: Total time for which application threads were stopped: 0.0104560 seconds, Stopping threads took: 0.0000860 seconds
43.270: Application time: 0.0552360 seconds
43.270: [GC43.270: [DefNew: 15688K->15688K(18432K), 0.0000170 secs]43.270: [Tenured: 25923K->25923K(40960K), 0.0092520 secs] 41612K->25923K(59392K), [Perm : 6079K->6079K(21248K)], 0.0093160 secs] [Times: user=0.01 sys=0.00, real=0.01 secs] 
43.280: Total time for which application threads were stopped: 0.0094570 seconds, Stopping threads took: 0.0000610 seconds
43.323: Application time: 0.0432400 seconds
43.323: [GC43.323: [DefNew: 15688K->15688K(18432K), 0.0000110 secs]43.323: [Tenured: 25923K->26636K(40960K), 0.0100890 secs] 41612K->26636K(59392K), [Perm : 6079K->6079K(21248K)], 0.0101510 secs] [Times: user=0.01 sys=0.00, real=0.01 secs] 
43.333: Total time for which application threads were stopped: 0.0102950 seconds, Stopping threads took: 0.0000740 seconds
43.384: Application time: 0.0506600 seconds
43.384: [GC43.384: [DefNew: 15697K->15697K(18432K), 0.0000100 secs]43.384: [Tenured: 26636K->26637K(40960K), 0.0100930 secs] 42334K->26637K(59392K), [Perm : 6079K->6079K(21248K)], 0.0101560 secs] [Times: user=0.01 sys=0.00, real=0.02 secs] 
43.394: Total time for which application threads were stopped: 0.0103810 seconds, Stopping threads took: 0.0001420 seconds
43.458: Application time: 0.0640540 seconds
43.458: [GC43.458: [DefNew: 15705K->15705K(18432K), 0.0000100 secs]43.458: [Tenured: 26637K->27349K(40960K), 0.0102710 secs] 42343K->27349K(59392K), [Perm : 6079K->6079K(21248K)], 0.0103290 secs] [Times: user=0.01 sys=0.00, real=0.01 secs] 
43.469: Total time for which application threads were stopped: 0.0104620 seconds, Stopping threads took: 0.0000640 seconds
43.503: Application time: 0.0343880 seconds
43.503: [GC43.503: [DefNew: 15688K->15688K(18432K), 0.0000110 secs]43.503: [Tenured: 27349K->28061K(40960K), 0.0101560 secs] 43038K->28061K(59392K), [Perm : 6079K->6079K(21248K)], 0.0102170 secs] [Times: user=0.01 sys=0.00, real=0.01 secs] 
43.513: Total time for which application threads were stopped: 0.0103560 seconds, Stopping threads took: 0.0000660 seconds
43.565: Application time: 0.0519730 seconds
43.565: [GC43.565: [DefNew: 15705K->15705K(18432K), 0.0000100 secs]43.566: [Tenured: 28061K->28775K(40960K), 0.0099800 secs] 43767K->28775K(59392K), [Perm : 6079K->6079K(21248K)], 0.0100410 secs] [Times: user=0.01 sys=0.00, real=0.01 secs] 
43.576: Total time for which application threads were stopped: 0.0101950 seconds, Stopping threads took: 0.0000840 seconds
43.637: Application time: 0.0619270 seconds
43.638: [GC43.638: [DefNew: 15688K->15688K(18432K), 0.0000090 secs]43.638: [Tenured: 28775K->29488K(40960K), 0.0103230 secs] 44464K->29488K(59392K), [Perm : 6079K->6079K(21248K)], 0.0103840 secs] [Times: user=0.01 sys=0.00, real=0.01 secs] 
43.648: Total time for which application threads were stopped: 0.0105680 seconds, Stopping threads took: 0.0001150 seconds
43.688: Application time: 0.0402320 seconds
43.688: [GC43.688: [DefNew: 15730K->15730K(18432K), 0.0000100 secs]43.688: [Tenured: 29488K->28774K(40960K), 0.0108960 secs] 45218K->28774K(59392K), [Perm : 6079K->6079K(21248K)], 0.0109550 secs] [Times: user=0.01 sys=0.00, real=0.01 secs] 
43.699: Total time for which application threads were stopped: 0.0110880 seconds, Stopping threads took: 0.0000640 seconds
43.719: Application time: 0.0195030 seconds
43.719: [GC43.719: [DefNew: 15677K->15677K(18432K), 0.0000100 secs]43.719: [Tenured: 28774K->30199K(40960K), 0.0060150 secs] 44451K->30199K(59392K), [Perm : 6079K->6079K(21248K)], 0.0060720 secs] [Times: user=0.01 sys=0.00, real=0.00 secs] 
43.725: Total time for which application threads were stopped: 0.0062130 seconds, Stopping threads took: 0.0000750 seconds
43.736: Application time: 0.0105120 seconds
43.736: [GC43.736: [DefNew: 15688K->15688K(18432K), 0.0000100 secs]43.736: [Tenured: 30199K->29486K(40960K), 0.0092390 secs] 45887K->29486K(59392K), [Perm : 6079K->6079K(21248K)], 0.0092980 secs] [Times: user=0.01 sys=0.00, real=0.00 secs] 
43.745: Total time for which application threads were stopped: 0.0095030 seconds, Stopping threads took: 0.0001360 seconds
43.757: Application time: 0.0116970 seconds
43.757: [GC43.757: [DefNew: 15681K->15681K(18432K), 0.0000100 secs]43.757: [Tenured: 29486K->29486K(40960K), 0.0091430 secs] 45168K->29486K(59392K), [Perm : 6079K->6079K(21248K)], 0.0092090 secs] [Times: user=0.01 sys=0.00, real=0.01 secs] 
43.766: Total time for which application threads were stopped: 0.0093580 seconds, Stopping threads took: 0.0000800 seconds
43.780: Application time: 0.0142500 seconds
43.781: [GC43.781: [DefNew: 15681K->15681K(18432K), 0.0000100 secs]43.781: [Tenured: 29486K->30199K(40960K), 0.0092250 secs] 45168K->30199K(59392K), [Perm : 6079K->6079K(21248K)], 0.0092810 secs] [Times: user=0.01 sys=0.00, real=0.01 secs] 
43.790: Total time for which application threads were stopped: 0.0095170 seconds, Stopping threads took: 0.0001550 seconds
43.803: Application time: 0.0128020 seconds
43.803: [GC43.803: [DefNew: 15690K->15690K(18432K), 0.0000090 secs]43.803: [Tenured: 30199K->30911K(40960K), 0.0092240 secs] 45889K->30911K(59392K), [Perm : 6079K->6079K(21248K)], 0.0092850 secs] [Times: user=0.01 sys=0.00, real=0.01 secs] 
43.812: Total time for which application threads were stopped: 0.0094650 seconds, Stopping threads took: 0.0001100 seconds
43.826: Application time: 0.0135030 seconds
43.826: [GC43.826: [DefNew: 15679K->15679K(18432K), 0.0000100 secs]43.826: [Tenured: 30911K->30199K(40960K), 0.0064440 secs] 46590K->30199K(59392K), [Perm : 6079K->6079K(21248K)], 0.0064960 secs] [Times: user=0.01 sys=0.00, real=0.00 secs] 
43.832: Total time for which application threads were stopped: 0.0066390 seconds, Stopping threads took: 0.0000750 seconds
43.846: Application time: 0.0134800 seconds
43.846: [GC43.846: [DefNew: 15689K->15689K(18432K), 0.0000100 secs]43.846: [Tenured: 30199K->31624K(40960K), 0.0093080 secs] 45888K->31624K(59392K), [Perm : 6079K->6079K(21248K)], 0.0093680 secs] [Times: user=0.01 sys=0.00, real=0.01 secs] 
43.855: Total time for which application threads were stopped: 0.0095700 seconds, Stopping threads took: 0.0001280 seconds
43.865: Application time: 0.0098840 seconds
43.865: [GC43.865: [DefNew: 15683K->15683K(18432K), 0.0000090 secs]43.865: [Tenured: 31624K->29336K(40960K), 0.0114920 secs] 47308K->29336K(59392K), [Perm : 6079K->6073K(21248K)], 0.0115490 secs] [Times: user=0.01 sys=0.00, real=0.01 secs] 
43.877: Total time for which application threads were stopped: 0.0117440 seconds, Stopping threads took: 0.0001180 seconds
43.887: Application time: 0.0099950 seconds
43.887: [GC43.887: [DefNew: 15682K->15682K(18432K), 0.0000100 secs]43.887: [Tenured: 29336K->30049K(40960K), 0.0090930 secs] 45019K->30049K(59392K), [Perm : 6073K->6073K(21248K)], 0.0091490 secs] [Times: user=0.01 sys=0.00, real=0.01 secs] 
43.896: Total time for which application threads were stopped: 0.0092880 seconds, Stopping threads took: 0.0000700 seconds
43.910: Application time: 0.0136370 seconds
43.910: [GC43.910: [DefNew: 15690K->15690K(18432K), 0.0000100 secs]43.910: [Tenured: 30049K->28623K(40960K), 0.0093680 secs] 45739K->28623K(59392K), [Perm : 6073K->6073K(21248K)], 0.0094270 secs] [Times: user=0.01 sys=0.00, real=0.01 secs] 
43.920: Total time for which application threads were stopped: 0.0095670 seconds, Stopping threads took: 0.0000660 seconds
43.977: Application time: 0.0575840 seconds
43.977: [GC43.977: [DefNew: 15688K->15688K(18432K), 0.0000110 secs]43.977: [Tenured: 28623K->28623K(40960K), 0.0106460 secs] 44311K->28623K(59392K), [Perm : 6073K->6073K(21248K)], 0.0107080 secs] [Times: user=0.01 sys=0.00, real=0.01 secs] 
43.988: Total time for which application threads were stopped: 0.0109120 seconds, Stopping threads took: 0.0001340 seconds
44.049: Application time: 0.0605440 seconds
44.049: [GC44.049: [DefNew: 15688K->15688K(18432K), 0.0000110 secs]44.049: [Tenured: 28623K->28623K(40960K), 0.0106860 secs] 44311K->28623K(59392K), [Perm : 6073K->6073K(21248K)], 0.0107470 secs] [Times: user=0.01 sys=0.00, real=0.01 secs] 
44.059: Total time for which application threads were stopped: 0.0109070 seconds, Stopping threads took: 0.0000890 seconds
44.092: Application time: 0.0321970 seconds
44.092: [GC44.092: [DefNew: 15690K->15690K(18432K), 0.0000100 secs]44.092: [Tenured: 28623K->29335K(40960K), 0.0098350 secs] 44313K->29335K(59392K), [Perm : 6073K->6073K(21248K)], 0.0099030 secs] [Times: user=0.01 sys=0.00, real=0.01 secs] 
44.102: Total time for which application threads were stopped: 0.0100480 seconds, Stopping threads took: 0.0000740 seconds
44.168: Application time: 0.0666270 seconds
44.168: [GC44.168: [DefNew: 15722K->15722K(18432K), 0.0000100 secs]44.169: [Tenured: 29335K->27939K(40960K), 0.0095150 secs] 45057K->27939K(59392K), [Perm : 6073K->6073K(21248K)], 0.0095740 secs] [Times: user=0.01 sys=0.00, real=0.01 secs] 
44.178: Total time for which application threads were stopped: 0.0097200 seconds, Stopping threads took: 0.0000770 seconds
44.187: Application time: 0.0088130 seconds
44.187: [GC44.187: [DefNew: 15691K->15691K(18432K), 0.0000110 secs]44.187: [Tenured: 27939K->30077K(40960K), 0.0099020 secs] 43631K->30077K(59392K), [Perm : 6073K->6073K(21248K)], 0.0099620 secs] [Times: user=0.01 sys=0.00, real=0.01 secs] 
44.197: Total time for which application threads were stopped: 0.0101100 seconds, Stopping threads took: 0.0000750 seconds
44.217: Application time: 0.0197990 seconds
44.217: [GC44.217: [DefNew: 15677K->15677K(18432K), 0.0000090 secs]44.217: [Tenured: 30077K->28623K(40960K), 0.0105870 secs] 45754K->28623K(59392K), [Perm : 6073K->6073K(21248K)], 0.0106460 secs] [Times: user=0.01 sys=0.00, real=0.01 secs] 
44.228: Total time for which application threads were stopped: 0.0107980 seconds, Stopping threads took: 0.0000800 seconds
44.242: Application time: 0.0148080 seconds
44.244: [GC44.244: [DefNew: 15687K->15687K(18432K), 0.0000160 secs]44.244: [Tenured: 28623K->28623K(40960K), 0.0095330 secs] 44310K->28623K(59392K), [Perm : 6073K->6073K(21248K)], 0.0096060 secs] [Times: user=0.01 sys=0.00, real=0.02 secs] 
44.254: Total time for which application threads were stopped: 0.0112150 seconds, Stopping threads took: 0.0015300 seconds
44.265: Application time: 0.0109190 seconds
44.265: [GC44.265: [DefNew: 15681K->15681K(18432K), 0.0000110 secs]44.265: [Tenured: 28623K->29335K(40960K), 0.0105990 secs] 44304K->29335K(59392K), [Perm : 6073K->6073K(21248K)], 0.0106620 secs] [Times: user=0.01 sys=0.00, real=0.02 secs] 
44.275: Total time for which application threads were stopped: 0.0108720 seconds, Stopping threads took: 0.0001360 seconds
44.291: Application time: 0.0157110 seconds
44.291: [GC44.291: [DefNew: 15688K->15688K(18432K), 0.0000110 secs]44.291: [Tenured: 29335K->27197K(40960K), 0.0101730 secs] 45023K->27197K(59392K), [Perm : 6073K->6073K(21248K)], 0.0102360 secs] [Times: user=0.01 sys=0.00, real=0.01 secs] 
44.302: Total time for which application threads were stopped: 0.0104720 seconds, Stopping threads took: 0.0001340 seconds
44.311: Application time: 0.0089230 seconds
44.311: [GC44.311: [DefNew: 15684K->15684K(18432K), 0.0000100 secs]44.311: [Tenured: 27197K->27910K(40960K), 0.0094040 secs] 42882K->27910K(59392K), [Perm : 6073K->6073K(21248K)], 0.0094650 secs] [Times: user=0.01 sys=0.00, real=0.01 secs] 
44.320: Total time for which application threads were stopped: 0.0096150 seconds, Stopping threads took: 0.0000760 seconds
44.333: Application time: 0.0130290 seconds
44.333: [GC44.333: [DefNew: 15681K->15681K(18432K), 0.0000100 secs]44.333: [Tenured: 27910K->28623K(40960K), 0.0088200 secs] 43592K->28623K(59392K), [Perm : 6073K->6073K(21248K)], 0.0088800 secs] [Times: user=0.00 sys=0.00, real=0.01 secs] 
44.342: Total time for which application threads were stopped: 0.0090380 seconds, Stopping threads took: 0.0000870 seconds
44.356: Application time: 0.0133720 seconds
44.356: [GC44.356: [DefNew: 15689K->15689K(18432K), 0.0000100 secs]44.356: [Tenured: 28623K->30049K(40960K), 0.0067600 secs] 44312K->30049K(59392K), [Perm : 6073K->6073K(21248K)], 0.0068180 secs] [Times: user=0.01 sys=0.00, real=0.00 secs] 
44.363: Total time for which application threads were stopped: 0.0071080 seconds, Stopping threads took: 0.0002200 seconds
44.376: Application time: 0.0128730 seconds
44.376: [GC44.376: [DefNew: 15679K->15679K(18432K), 0.0000110 secs]44.376: [Tenured: 30049K->30049K(40960K), 0.0076280 secs] 45728K->30049K(59392K), [Perm : 6073K->6073K(21248K)], 0.0076860 secs] [Times: user=0.01 sys=0.00, real=0.00 secs] 
44.384: Total time for which application threads were stopped: 0.0079450 seconds, Stopping threads took: 0.0001890 seconds
44.394: Application time: 0.0108030 seconds
44.395: [GC44.395: [DefNew: 15692K->15692K(18432K), 0.0000110 secs]44.395: [Tenured: 30049K->27910K(40960K), 0.0102860 secs] 45741K->27910K(59392K), [Perm : 6073K->6073K(21248K)], 0.0103480 secs] [Times: user=0.01 sys=0.00, real=0.00 secs] 
44.405: Total time for which application threads were stopped: 0.0105700 seconds, Stopping threads took: 0.0001510 seconds
44.426: Application time: 0.0214760 seconds
44.427: [GC44.427: [DefNew: 15726K->15726K(18432K), 0.0000100 secs]44.427: [Tenured: 27910K->28652K(40960K), 0.0100660 secs] 43637K->28652K(59392K), [Perm : 6073K->6073K(21248K)], 0.0101290 secs] [Times: user=0.01 sys=0.00, real=0.01 secs] 
44.437: Total time for which application threads were stopped: 0.0104050 seconds, Stopping threads took: 0.0002040 seconds
44.450: Application time: 0.0135710 seconds
44.450: [GC44.451: [DefNew: 15681K->15681K(18432K), 0.0000090 secs]44.451: [Tenured: 28652K->28652K(40960K), 0.0090580 secs] 44333K->28652K(59392K), [Perm : 6073K->6073K(21248K)], 0.0091170 secs] [Times: user=0.00 sys=0.00, real=0.01 secs] 
44.460: Total time for which application threads were stopped: 0.0092710 seconds, Stopping threads took: 0.0000830 seconds
44.477: Application time: 0.0172940 seconds
44.477: [GC44.477: [DefNew: 15683K->15683K(18432K), 0.0000110 secs]44.477: [Tenured: 28652K->28652K(40960K), 0.0059220 secs] 44335K->28652K(59392K), [Perm : 6073K->6073K(21248K)], 0.0059770 secs] [Times: user=0.01 sys=0.00, real=0.00 secs] 
44.483: Total time for which application threads were stopped: 0.0061550 seconds, Stopping threads took: 0.0001110 seconds
44.497: Application time: 0.0143670 seconds
44.498: [GC44.498: [DefNew: 15679K->15679K(18432K), 0.0000100 secs]44.498: [Tenured: 28652K->27197K(40960K), 0.0103460 secs] 44332K->27197K(59392K), [Perm : 6073K->6073K(21248K)], 0.0104000 secs] [Times: user=0.01 sys=0.00, real=0.01 secs] 
44.508: Total time for which application threads were stopped: 0.0105460 seconds, Stopping threads took: 0.0000740 seconds
44.521: Application time: 0.0125500 seconds
44.521: [GC44.521: [DefNew: 15689K->15689K(18432K), 0.0000110 secs]44.521: [Tenured: 27197K->27197K(40960K), 0.0089820 secs] 42887K->27197K(59392K), [Perm : 6073K->6073K(21248K)], 0.0090370 secs] [Times: user=0.01 sys=0.00, real=0.01 secs] 
44.530: Total time for which application threads were stopped: 0.0091910 seconds, Stopping threads took: 0.0000840 seconds
44.540: Application time: 0.0105990 seconds
44.541: [GC44.541: [DefNew: 15682K->15682K(18432K), 0.0000090 secs]44.541: [Tenured: 27197K->27910K(40960K), 0.0090740 secs] 42879K->27910K(59392K), [Perm : 6073K->6073K(21248K)], 0.0091280 secs] [Times: user=0.00 sys=0.00, real=0.01 secs] 
44.550: Total time for which application threads were stopped: 0.0092990 seconds, Stopping threads took: 0.0001030 seconds
44.560: Application time: 0.0106770 seconds
44.560: [GC44.560: [DefNew: 16125K->16125K(18432K), 0.0000080 secs]44.560: [Tenured: 27910K->25808K(40960K), 0.0086460 secs] 44036K->25808K(59392K), [Perm : 6074K->6074K(21248K)], 0.0087020 secs] [Times: user=0.01 sys=0.00, real=0.01 secs] 
44.569: Total time for which application threads were stopped: 0.0088400 seconds, Stopping threads took: 0.0000620 seconds
44.581: Application time: 0.0118880 seconds
44.581: [GC44.581: [DefNew: 16002K->16002K(18432K), 0.0000090 secs]44.581: [Tenured: 25808K->27198K(40960K), 0.0102060 secs] 41811K->27198K(59392K), [Perm : 6074K->6074K(21248K)], 0.0102630 secs] [Times: user=0.01 sys=0.00, real=0.01 secs] 
44.592: Total time for which application threads were stopped: 0.0104630 seconds, Stopping threads took: 0.0001290 seconds
44.599: Application time: 0.0077390 seconds
44.599: [GC44.599: [DefNew: 15680K->15680K(18432K), 0.0000090 secs]44.599: [Tenured: 27198K->27198K(40960K), 0.0061470 secs] 42879K->27198K(59392K), [Perm : 6074K->6074K(21248K)], 0.0062090 secs] [Times: user=0.01 sys=0.00, real=0.01 secs] 
44.606: Total time for which application threads were stopped: 0.0063970 seconds, Stopping threads took: 0.0001200 seconds
44.613: Application time: 0.0076320 seconds
44.614: [GC44.614: [DefNew: 15680K->15680K(18432K), 0.0000100 secs]44.614: [Tenured: 27198K->27910K(40960K), 0.0061950 secs] 42878K->27910K(59392K), [Perm : 6074K->6074K(21248K)], 0.0062530 secs] [Times: user=0.01 sys=0.00, real=0.00 secs] 
44.620: Total time for which application threads were stopped: 0.0064790 seconds, Stopping threads took: 0.0001570 seconds
44.630: Application time: 0.0101310 seconds
44.630: [GC44.630: [DefNew: 15679K->15679K(18432K), 0.0000110 secs]44.630: [Tenured: 27910K->27910K(40960K), 0.0078000 secs] 43590K->27910K(59392K), [Perm : 6074K->6074K(21248K)], 0.0078560 secs] [Times: user=0.00 sys=0.00, real=0.01 secs] 
44.638: Total time for which application threads were stopped: 0.0081160 seconds, Stopping threads took: 0.0001900 seconds
44.645: Application time: 0.0066260 seconds
44.645: [GC44.645: [DefNew: 15700K->15700K(18432K), 0.0000090 secs]44.645: [Tenured: 27910K->26485K(40960K), 0.0092270 secs] 43610K->26485K(59392K), [Perm : 6074K->6074K(21248K)], 0.0092810 secs] [Times: user=0.01 sys=0.00, real=0.02 secs] 
44.654: Total time for which application threads were stopped: 0.0094270 seconds, Stopping threads took: 0.0000770 seconds
44.668: Application time: 0.0144040 seconds
44.669: [GC44.669: [DefNew: 16227K->16227K(18432K), 0.0000090 secs]44.669: [Tenured: 26485K->25097K(40960K), 0.0079780 secs] 42712K->25097K(59392K), [Perm : 6074K->6074K(21248K)], 0.0080360 secs] [Times: user=0.01 sys=0.00, real=0.01 secs] 
44.677: Total time for which application threads were stopped: 0.0082140 seconds, Stopping threads took: 0.0000960 seconds
44.687: Application time: 0.0099460 seconds
44.687: [GC44.687: [DefNew: 15886K->15886K(18432K), 0.0000090 secs]44.687: [Tenured: 25097K->27939K(40960K), 0.0090690 secs] 40984K->27939K(59392K), [Perm : 6074K->6074K(21248K)], 0.0091260 secs] [Times: user=0.01 sys=0.00, real=0.01 secs] 
44.696: Total time for which application threads were stopped: 0.0093460 seconds, Stopping threads took: 0.0001490 seconds
44.705: Application time: 0.0090210 seconds
44.705: [GC44.705: [DefNew: 15689K->15689K(18432K), 0.0000100 secs]44.705: [Tenured: 27939K->26514K(40960K), 0.0096810 secs] 43629K->26514K(59392K), [Perm : 6074K->6074K(21248K)], 0.0097420 secs] [Times: user=0.01 sys=0.00, real=0.02 secs] 
44.715: Total time for which application threads were stopped: 0.0099390 seconds, Stopping threads took: 0.0001240 seconds
44.723: Application time: 0.0079780 seconds
44.723: [GC44.723: [DefNew: 15679K->15679K(18432K), 0.0000110 secs]44.723: [Tenured: 26514K->25772K(40960K), 0.0106820 secs] 42194K->25772K(59392K), [Perm : 6074K->6074K(21248K)], 0.0107460 secs] [Times: user=0.02 sys=0.00, real=0.02 secs] 
44.734: Total time for which application threads were stopped: 0.0110240 seconds, Stopping threads took: 0.0001970 seconds
44.742: Application time: 0.0082880 seconds
44.743: [GC44.743: [DefNew: 15680K->15680K(18432K), 0.0000090 secs]44.743: [Tenured: 25772K->25772K(40960K), 0.0064170 secs] 41453K->25772K(59392K), [Perm : 6074K->6074K(21248K)], 0.0064770 secs] [Times: user=0.01 sys=0.00, real=0.01 secs] 
44.749: Total time for which application threads were stopped: 0.0067390 seconds, Stopping threads took: 0.0001810 seconds
44.757: Application time: 0.0084470 seconds
44.758: [GC44.758: [DefNew: 15687K->15687K(18432K), 0.0000110 secs]44.758: [Tenured: 25772K->26486K(40960K), 0.0080330 secs] 41460K->26486K(59392K), [Perm : 6074K->6074K(21248K)], 0.0080900 secs] [Times: user=0.01 sys=0.00, real=0.01 secs] 
44.766: Total time for which application threads were stopped: 0.0082690 seconds, Stopping threads took: 0.0001090 seconds
44.774: Application time: 0.0084120 seconds
44.774: [GC44.774: [DefNew: 15687K->15687K(18432K), 0.0000100 secs]44.774: [Tenured: 26486K->27199K(40960K), 0.0065270 secs] 42173K->27199K(59392K), [Perm : 6074K->6074K(21248K)], 0.0065930 secs] [Times: user=0.01 sys=0.00, real=0.00 secs] 
44.781: Total time for which application threads were stopped: 0.0067740 seconds, Stopping threads took: 0.0001080 seconds
44.786: Application time: 0.0053580 seconds
44.787: [GC44.787: [DefNew: 15686K->15686K(18432K), 0.0000110 secs]44.787: [Tenured: 27199K->27910K(40960K), 0.0105400 secs] 42886K->27910K(59392K), [Perm : 6074K->6074K(21248K)], 0.0106030 secs] [Times: user=0.01 sys=0.00, real=0.01 secs] 
44.797: Total time for which application threads were stopped: 0.0109010 seconds, Stopping threads took: 0.0002070 seconds
44.804: Application time: 0.0069130 seconds
44.804: [GC44.804: [DefNew: 16184K->16184K(18432K), 0.0000090 secs]44.804: [Tenured: 27910K->25810K(40960K), 0.0098780 secs] 44094K->25810K(59392K), [Perm : 6074K->6074K(21248K)], 0.0099350 secs] [Times: user=0.01 sys=0.00, real=0.02 secs] 
44.814: Total time for which application threads were stopped: 0.0102280 seconds, Stopping threads took: 0.0002120 seconds
44.823: Application time: 0.0083620 seconds
44.823: [GC44.823: [DefNew: 15942K->15942K(18432K), 0.0000090 secs]44.823: [Tenured: 25810K->25089K(40960K), 0.0082260 secs] 41752K->25089K(59392K), [Perm : 6074K->6074K(21248K)], 0.0082860 secs] [Times: user=0.01 sys=0.00, real=0.01 secs] 
44.831: Total time for which application threads were stopped: 0.0085630 seconds, Stopping threads took: 0.0001880 seconds
44.837: Application time: 0.0059810 seconds
44.837: [GC44.837: [DefNew: 15683K->1425K(18432K), 0.0021580 secs] 40773K->32214K(59392K), 0.0021980 secs] [Times: user=0.00 sys=0.01, real=0.00 secs] 
44.840: Total time for which application threads were stopped: 0.0024020 seconds, Stopping threads took: 0.0001290 seconds
44.845: Application time: 0.0053510 seconds
44.845: [GC44.845: [DefNew: 17119K->17119K(18432K), 0.0000100 secs]44.845: [Tenured: 30789K->25801K(40960K), 0.0105810 secs] 47908K->25801K(59392K), [Perm : 6074K->6074K(21248K)], 0.0106420 secs] [Times: user=0.01 sys=0.00, real=0.02 secs] 
44.856: Total time for which application threads were stopped: 0.0108340 seconds, Stopping threads took: 0.0001200 seconds
44.864: Application time: 0.0077950 seconds
44.864: [GC44.864: [DefNew: 15682K->15682K(18432K), 0.0000100 secs]44.864: [Tenured: 25801K->25060K(40960K), 0.0101590 secs] 41484K->25060K(59392K), [Perm : 6074K->6074K(21248K)], 0.0102190 secs] [Times: user=0.01 sys=0.00, real=0.02 secs] 
44.874: Total time for which application threads were stopped: 0.0105140 seconds, Stopping threads took: 0.0002250 seconds
44.883: Application time: 0.0093480 seconds
44.884: [GC44.884: [DefNew: 15681K->1425K(18432K), 0.0010220 secs] 40741K->28623K(59392K), 0.0010560 secs] [Times: user=0.00 sys=0.00, real=0.00 secs] 
44.885: Total time for which application threads were stopped: 0.0013290 seconds, Stopping threads took: 0.0002110 seconds
44.893: Application time: 0.0079970 seconds
44.893: [GC44.893: [DefNew: 17121K->17121K(18432K), 0.0000110 secs]44.893: [Tenured: 27197K->25774K(40960K), 0.0079870 secs] 44319K->25774K(59392K), [Perm : 6074K->6074K(21248K)], 0.0080460 secs] [Times: user=0.01 sys=0.00, real=0.01 secs] 
44.901: Total time for which application threads were stopped: 0.0082610 seconds, Stopping threads took: 0.0001440 seconds
44.909: Application time: 0.0074340 seconds
44.909: [GC44.909: [DefNew: 15681K->15681K(18432K), 0.0000100 secs]44.909: [Tenured: 25774K->26487K(40960K), 0.0074460 secs] 41455K->26487K(59392K), [Perm : 6074K->6074K(21248K)], 0.0075020 secs] [Times: user=0.01 sys=0.00, real=0.01 secs] 
44.916: Total time for which application threads were stopped: 0.0077260 seconds, Stopping threads took: 0.0001330 seconds
44.923: Application time: 0.0070620 seconds
44.923: [GC44.923: [DefNew: 15773K->15773K(18432K), 0.0000100 secs]44.923: [Tenured: 26487K->23666K(40960K), 0.0093550 secs] 42260K->23666K(59392K), [Perm : 6074K->6074K(21248K)], 0.0094170 secs] [Times: user=0.01 sys=0.00, real=0.01 secs] 
44.933: Total time for which application threads were stopped: 0.0095750 seconds, Stopping threads took: 0.0000850 seconds
44.941: Application time: 0.0077340 seconds
44.941: [GC44.941: [DefNew: 16188K->1433K(18432K), 0.0020580 secs] 39855K->30087K(59392K), 0.0021080 secs] [Times: user=0.01 sys=0.00, real=0.00 secs] 
44.943: Total time for which application threads were stopped: 0.0022760 seconds, Stopping threads took: 0.0001010 seconds
44.951: Application time: 0.0076190 seconds
44.951: [GC44.951: [DefNew: 17275K->17275K(18432K), 0.0000100 secs]44.951: [Tenured: 28654K->19358K(40960K), 0.0105750 secs] 45930K->19358K(59392K), [Perm : 6074K->6074K(21248K)], 0.0106520 secs] [Times: user=0.01 sys=0.00, real=0.01 secs] 
44.961: Total time for which application threads were stopped: 0.0109210 seconds, Stopping threads took: 0.0001920 seconds
44.970: Application time: 0.0081190 seconds
44.970: [GC44.970: [DefNew: 15698K->1426K(18432K), 0.0015680 secs] 35056K->24347K(59392K), 0.0016020 secs] [Times: user=0.01 sys=0.00, real=0.00 secs] 
44.971: Total time for which application threads were stopped: 0.0018420 seconds, Stopping threads took: 0.0001770 seconds
44.980: Application time: 0.0081250 seconds
44.980: [GC44.980: [DefNew: 17533K->1457K(18432K), 0.0019530 secs] 40454K->29367K(59392K), 0.0019860 secs] [Times: user=0.00 sys=0.00, real=0.00 secs] 
44.982: Total time for which application threads were stopped: 0.0022220 seconds, Stopping threads took: 0.0001530 seconds
44.989: Application time: 0.0067220 seconds
44.989: [GC44.989: [DefNew: 17379K->17379K(18432K), 0.0000100 secs]44.989: [Tenured: 27910K->22243K(40960K), 0.0090580 secs] 45289K->22243K(59392K), [Perm : 6074K->6074K(21248K)], 0.0091150 secs] [Times: user=0.00 sys=0.00, real=0.01 secs] 
44.998: Total time for which application threads were stopped: 0.0092830 seconds, Stopping threads took: 0.0000990 seconds
45.005: Application time: 0.0068950 seconds
45.005: [GC45.005: [DefNew: 15782K->1427K(18432K), 0.0016620 secs] 38025K->27946K(59392K), 0.0016980 secs] [Times: user=0.00 sys=0.00, real=0.01 secs] 
45.007: Total time for which application threads were stopped: 0.0019730 seconds, Stopping threads took: 0.0002100 seconds
45.014: Application time: 0.0071140 seconds
45.014: [GC45.014: [DefNew: 17109K->17109K(18432K), 0.0000110 secs]45.014: [Tenured: 26518K->25802K(40960K), 0.0086200 secs] 43628K->25802K(59392K), [Perm : 6074K->6074K(21248K)], 0.0086800 secs] [Times: user=0.01 sys=0.00, real=0.00 secs] 
45.023: Total time for which application threads were stopped: 0.0090250 seconds, Stopping threads took: 0.0002570 seconds
45.030: Application time: 0.0067480 seconds
45.030: [GC45.030: [DefNew: 15691K->15691K(18432K), 0.0000090 secs]45.030: [Tenured: 25802K->25803K(40960K), 0.0070070 secs] 41494K->25803K(59392K), [Perm : 6074K->6074K(21248K)], 0.0070640 secs] [Times: user=0.01 sys=0.00, real=0.01 secs] 
45.037: Total time for which application threads were stopped: 0.0072460 seconds, Stopping threads took: 0.0001090 seconds
45.043: Application time: 0.0065820 seconds
45.044: [GC45.044: [DefNew: 15682K->15682K(18432K), 0.0000100 secs]45.044: [Tenured: 25803K->25060K(40960K), 0.0107050 secs] 41486K->25060K(59392K), [Perm : 6074K->6074K(21248K)], 0.0107650 secs] [Times: user=0.01 sys=0.00, real=0.02 secs] 
45.054: Total time for which application threads were stopped: 0.0109920 seconds, Stopping threads took: 0.0001550 seconds
45.060: Application time: 0.0059720 seconds
45.061: [GC45.061: [DefNew: 15682K->1425K(18432K), 0.0017790 secs] 40742K->30760K(59392K), 0.0018190 secs] [Times: user=0.00 sys=0.00, real=0.00 secs] 
45.062: Total time for which application threads were stopped: 0.0020470 seconds, Stopping threads took: 0.0001610 seconds
45.069: Application time: 0.0061630 seconds
45.069: [GC45.069: [DefNew: 17111K->17111K(18432K), 0.0000110 secs]45.069: [Tenured: 29335K->25772K(40960K), 0.0097360 secs] 46446K->25772K(59392K), [Perm : 6074K->6074K(21248K)], 0.0097940 secs] [Times: user=0.01 sys=0.00, real=0.01 secs] 
45.079: Total time for which application threads were stopped: 0.0099660 seconds, Stopping threads took: 0.0001020 seconds
45.086: Application time: 0.0072620 seconds
45.086: [GC45.086: [DefNew: 15690K->1425K(18432K), 0.0019910 secs] 41462K->32186K(59392K), 0.0020360 secs] [Times: user=0.00 sys=0.00, real=0.00 secs] 
45.088: Total time for which application threads were stopped: 0.0022590 seconds, Stopping threads took: 0.0001500 seconds
45.095: Application time: 0.0066470 seconds
45.095: [GC45.095: [DefNew: 17124K->17124K(18432K), 0.0000090 secs]45.095: [Tenured: 30760K->24347K(40960K), 0.0101620 secs] 47884K->24347K(59392K), [Perm : 6074K->6074K(21248K)], 0.0102210 secs] [Times: user=0.01 sys=0.00, real=0.00 secs] 
45.105: Total time for which application threads were stopped: 0.0104800 seconds, Stopping threads took: 0.0001710 seconds
45.114: Application time: 0.0085030 seconds
45.114: [GC45.114: [DefNew: 15681K->1425K(18432K), 0.0014510 secs] 40029K->29335K(59392K), 0.0014860 secs] [Times: user=0.00 sys=0.00, real=0.00 secs] 
45.115: Total time for which application threads were stopped: 0.0016670 seconds, Stopping threads took: 0.0001160 seconds
45.122: Application time: 0.0062560 seconds
45.122: [GC45.122: [DefNew: 17107K->17107K(18432K), 0.0000100 secs]45.122: [Tenured: 27909K->24347K(40960K), 0.0098220 secs] 45017K->24347K(59392K), [Perm : 6074K->6074K(21248K)], 0.0098830 secs] [Times: user=0.01 sys=0.00, real=0.01 secs] 
45.132: Total time for which application threads were stopped: 0.0101550 seconds, Stopping threads took: 0.0001800 seconds
45.140: Application time: 0.0083830 seconds
45.141: [GC45.141: [DefNew: 15682K->1425K(18432K), 0.0011230 secs] 40030K->27910K(59392K), 0.0011580 secs] [Times: user=0.00 sys=0.00, real=0.00 secs] 
45.142: Total time for which application threads were stopped: 0.0015900 seconds, Stopping threads took: 0.0003610 seconds
45.150: Application time: 0.0079860 seconds
45.150: [GC45.150: [DefNew: 17121K->1427K(18432K), 0.0012890 secs] 43606K->30762K(59392K), 0.0013230 secs] [Times: user=0.00 sys=0.00, real=0.00 secs] 
45.151: Total time for which application threads were stopped: 0.0016490 seconds, Stopping threads took: 0.0002420 seconds
45.158: Application time: 0.0070190 seconds
45.159: [GC45.159: [DefNew: 17108K->17108K(18432K), 0.0000100 secs]45.159: [Tenured: 29335K->24347K(40960K), 0.0094640 secs] 46444K->24347K(59392K), [Perm : 6074K->6074K(21248K)], 0.0095220 secs] [Times: user=0.00 sys=0.00, real=0.01 secs] 
45.168: Total time for which application threads were stopped: 0.0097370 seconds, Stopping threads took: 0.0001300 seconds
45.176: Application time: 0.0077850 seconds
45.176: [GC45.176: [DefNew: 15681K->1425K(18432K), 0.0010240 secs] 40029K->27911K(59392K), 0.0010530 secs] [Times: user=0.00 sys=0.00, real=0.00 secs] 
45.177: Total time for which application threads were stopped: 0.0013360 seconds, Stopping threads took: 0.0002210 seconds
45.184: Application time: 0.0062210 seconds
45.184: [GC45.184: [DefNew: 17108K->1425K(18432K), 0.0019400 secs] 43594K->32186K(59392K), 0.0019790 secs] [Times: user=0.00 sys=0.00, real=0.01 secs] 
45.186: Total time for which application threads were stopped: 0.0022550 seconds, Stopping threads took: 0.0002090 seconds
45.192: Application time: 0.0062480 seconds
45.192: [GC45.192: [DefNew: 17114K->17114K(18432K), 0.0000110 secs]45.192: [Tenured: 30761K->24347K(40960K), 0.0109170 secs] 47875K->24347K(59392K), [Perm : 6074K->6074K(21248K)], 0.0109780 secs] [Times: user=0.01 sys=0.00, real=0.01 secs] 
45.203: Total time for which application threads were stopped: 0.0112810 seconds, Stopping threads took: 0.0002080 seconds
45.212: Application time: 0.0088910 seconds
45.212: [GC45.212: [DefNew: 15691K->1426K(18432K), 0.0021190 secs] 40039K->30761K(59392K), 0.0021570 secs] [Times: user=0.00 sys=0.00, real=0.01 secs] 
45.215: Total time for which application threads were stopped: 0.0023460 seconds, Stopping threads took: 0.0001220 seconds
45.225: Application time: 0.0105220 seconds
45.225: [GC45.225: [DefNew: 17108K->1425K(18432K), 0.0023730 secs] 46444K->36462K(59392K), 0.0024140 secs] [Times: user=0.01 sys=0.00, real=0.01 secs] 
45.228: Total time for which application threads were stopped: 0.0026560 seconds, Stopping threads took: 0.0001720 seconds
45.245: Application time: 0.0175900 seconds
45.245: [GC45.246: [DefNew: 17113K->17113K(18432K), 0.0000100 secs]45.246: [Tenured: 35036K->22922K(40960K), 0.0096500 secs] 52150K->22922K(59392K), [Perm : 6074K->6074K(21248K)], 0.0097140 secs] [Times: user=0.01 sys=0.00, real=0.01 secs] 
45.255: Total time for which application threads were stopped: 0.0099200 seconds, Stopping threads took: 0.0001330 seconds
45.329: Application time: 0.0736510 seconds
45.329: [GC45.329: [DefNew: 15700K->1425K(18432K), 0.0043580 secs] 38622K->37885K(59392K), 0.0043970 secs] [Times: user=0.00 sys=0.00, real=0.00 secs] 
45.333: Total time for which application threads were stopped: 0.0045500 seconds, Stopping threads took: 0.0000630 seconds
45.404: Application time: 0.0707280 seconds
45.404: [GC45.404: [DefNew: 17117K->17117K(18432K), 0.0000100 secs]45.404: [Tenured: 36459K->24348K(40960K), 0.0100950 secs] 53577K->24348K(59392K), [Perm : 6074K->6074K(21248K)], 0.0101530 secs] [Times: user=0.01 sys=0.00, real=0.02 secs] 
45.414: Total time for which application threads were stopped: 0.0102990 seconds, Stopping threads took: 0.0000760 seconds
45.472: Application time: 0.0577180 seconds
45.472: [GC45.472: [DefNew: 15691K->1425K(18432K), 0.0045920 secs] 40039K->40023K(59392K), 0.0046350 secs] [Times: user=0.01 sys=0.00, real=0.01 secs] 
45.477: Total time for which application threads were stopped: 0.0048560 seconds, Stopping threads took: 0.0001330 seconds
45.551: Application time: 0.0734950 seconds
45.551: [GC45.551: [DefNew: 17116K->17116K(18432K), 0.0000100 secs]45.551: [Tenured: 38598K->25059K(40960K), 0.0109530 secs] 55714K->25059K(59392K), [Perm : 6074K->6074K(21248K)], 0.0110110 secs] [Times: user=0.01 sys=0.00, real=0.01 secs] 
45.562: Total time for which application threads were stopped: 0.0111420 seconds, Stopping threads took: 0.0000590 seconds
45.633: Application time: 0.0716530 seconds
45.633: [GC45.633: [DefNew: 15691K->1425K(18432K), 0.0044670 secs] 40751K->40735K(59392K), 0.0045060 secs] [Times: user=0.00 sys=0.00, real=0.00 secs] 
45.638: Total time for which application threads were stopped: 0.0046430 seconds, Stopping threads took: 0.0000670 seconds
45.708: Application time: 0.0701730 seconds
45.708: [GC45.708: [DefNew: 17125K->17125K(18432K), 0.0000090 secs]45.708: [Tenured: 39310K->25060K(40960K), 0.0090840 secs] 56435K->25060K(59392K), [Perm : 6074K->6074K(21248K)], 0.0091410 secs] [Times: user=0.01 sys=0.00, real=0.01 secs] 
45.717: Total time for which application threads were stopped: 0.0092870 seconds, Stopping threads took: 0.0000640 seconds
45.791: Application time: 0.0737470 seconds
45.791: [GC45.791: [DefNew: 15691K->1425K(18432K), 0.0042750 secs] 40752K->40023K(59392K), 0.0043170 secs] [Times: user=0.00 sys=0.00, real=0.01 secs] 
45.796: Total time for which application threads were stopped: 0.0044880 seconds, Stopping threads took: 0.0001050 seconds
45.867: Application time: 0.0716130 seconds
45.867: [GC45.867: [DefNew: 17125K->17125K(18432K), 0.0000090 secs]45.867: [Tenured: 38598K->25061K(40960K), 0.0091000 secs] 55723K->25061K(59392K), [Perm : 6074K->6074K(21248K)], 0.0091610 secs] [Times: user=0.01 sys=0.00, real=0.01 secs] 
45.877: Total time for which application threads were stopped: 0.0092960 seconds, Stopping threads took: 0.0000570 seconds
45.944: Application time: 0.0669270 seconds
45.944: [GC45.944: [DefNew: 15691K->1425K(18432K), 0.0043680 secs] 40752K->40736K(59392K), 0.0044100 secs] [Times: user=0.00 sys=0.00, real=0.01 secs] 
45.948: Total time for which application threads were stopped: 0.0045680 seconds, Stopping threads took: 0.0000900 seconds
46.022: Application time: 0.0736060 seconds
46.022: [GC46.022: [DefNew: 17125K->17125K(18432K), 0.0000090 secs]46.022: [Tenured: 39311K->26487K(40960K), 0.0092410 secs] 56436K->26487K(59392K), [Perm : 6074K->6074K(21248K)], 0.0093000 secs] [Times: user=0.01 sys=0.00, real=0.01 secs] 
46.031: Total time for which application threads were stopped: 0.0094260 seconds, Stopping threads took: 0.0000570 seconds
46.093: Application time: 0.0615480 seconds
46.093: [GC46.093: [DefNew: 15700K->15700K(18432K), 0.0000110 secs]46.093: [Tenured: 26487K->26484K(40960K), 0.0109950 secs] 42187K->26484K(59392K), [Perm : 6074K->6074K(21248K)], 0.0110650 secs] [Times: user=0.01 sys=0.00, real=0.01 secs] 
46.104: Total time for which application threads were stopped: 0.0111970 seconds, Stopping threads took: 0.0000600 seconds
46.154: Application time: 0.0498380 seconds
46.154: [GC46.154: [DefNew: 15700K->15700K(18432K), 0.0000100 secs]46.154: [Tenured: 26484K->27910K(40960K), 0.0099340 secs] 42184K->27910K(59392K), [Perm : 6074K->6074K(21248K)], 0.0099910 secs] [Times: user=0.01 sys=0.00, real=0.00 secs] 
46.164: Total time for which application threads were stopped: 0.0101260 seconds, Stopping threads took: 0.0000640 seconds
46.236: Application time: 0.0723690 seconds
46.236: [GC46.236: [DefNew: 15708K->15708K(18432K), 0.0000110 secs]46.236: [Tenured: 27910K->28624K(40960K), 0.0103860 secs] 43619K->28624K(59392K), [Perm : 6074K->6074K(21248K)], 0.0104420 secs] [Times: user=0.01 sys=0.00, real=0.01 secs] 
46.247: Total time for which application threads were stopped: 0.0105860 seconds, Stopping threads took: 0.0000770 seconds
46.320: Application time: 0.0729030 seconds
46.320: [GC46.320: [DefNew: 15699K->15699K(18432K), 0.0000090 secs]46.320: [Tenured: 28624K->29338K(40960K), 0.0089950 secs] 44324K->29338K(59392K), [Perm : 6074K->6074K(21248K)], 0.0090520 secs] [Times: user=0.01 sys=0.00, real=0.01 secs] 
46.329: Total time for which application threads were stopped: 0.0091890 seconds, Stopping threads took: 0.0000660 seconds
46.384: Application time: 0.0546670 seconds
46.384: [GC46.384: [DefNew: 15691K->15691K(18432K), 0.0000100 secs]46.384: [Tenured: 29338K->28622K(40960K), 0.0108450 secs] 45029K->28622K(59392K), [Perm : 6074K->6074K(21248K)], 0.0109040 secs] [Times: user=0.01 sys=0.00, real=0.02 secs] 
46.395: Total time for which application threads were stopped: 0.0110830 seconds, Stopping threads took: 0.0000980 seconds
46.468: Application time: 0.0733450 seconds
46.468: [GC46.468: [DefNew: 15691K->15691K(18432K), 0.0000100 secs]46.468: [Tenured: 28622K->28622K(40960K), 0.0097140 secs] 44313K->28622K(59392K), [Perm : 6074K->6074K(21248K)], 0.0097720 secs] [Times: user=0.01 sys=0.00, real=0.01 secs] 
46.478: Total time for which application threads were stopped: 0.0099040 seconds, Stopping threads took: 0.0000630 seconds
46.546: Application time: 0.0678890 seconds
46.546: [GC46.546: [DefNew: 15691K->15691K(18432K), 0.0000110 secs]46.546: [Tenured: 28622K->28622K(40960K), 0.0104270 secs] 44313K->28622K(59392K), [Perm : 6074K->6074K(21248K)], 0.0104890 secs] [Times: user=0.01 sys=0.00, real=0.01 secs] 
46.557: Total time for which application threads were stopped: 0.0107300 seconds, Stopping threads took: 0.0001510 seconds
46.629: Application time: 0.0728830 seconds
46.630: [GC46.630: [DefNew: 15691K->15691K(18432K), 0.0000090 secs]46.630: [Tenured: 28622K->28622K(40960K), 0.0088340 secs] 44313K->28622K(59392K), [Perm : 6074K->6074K(21248K)], 0.0088900 secs] [Times: user=0.01 sys=0.00, real=0.01 secs] 
46.638: Total time for which application threads were stopped: 0.0090180 seconds, Stopping threads took: 0.0000580 seconds
46.704: Application time: 0.0654910 seconds
46.704: [GC46.704: [DefNew: 15700K->15700K(18432K), 0.0000100 secs]46.704: [Tenured: 28622K->27909K(40960K), 0.0106430 secs] 44322K->27909K(59392K), [Perm : 6074K->6074K(21248K)], 0.0107010 secs] [Times: user=0.01 sys=0.00, real=0.02 secs] 
46.715: Total time for which application threads were stopped: 0.0108270 seconds, Stopping threads took: 0.0000580 seconds
46.787: Application time: 0.0723860 seconds
46.787: [GC46.787: [DefNew: 15689K->15689K(18432K), 0.0000100 secs]46.787: [Tenured: 27909K->27909K(40960K), 0.0097060 secs] 43599K->27909K(59392K), [Perm : 6074K->6074K(21248K)], 0.0097650 secs] [Times: user=0.01 sys=0.00, real=0.01 secs] 
46.797: Total time for which application threads were stopped: 0.0099710 seconds, Stopping threads took: 0.0001370 seconds
46.834: Application time: 0.0372180 seconds
46.834: [GC46.834: [DefNew: 15689K->15689K(18432K), 0.0000110 secs]46.834: [Tenured: 27909K->28622K(40960K), 0.0098670 secs] 43599K->28622K(59392K), [Perm : 6074K->6074K(21248K)], 0.0099320 secs] [Times: user=0.01 sys=0.00, real=0.00 secs] 
46.844: Total time for which application threads were stopped: 0.0100780 seconds, Stopping threads took: 0.0000750 seconds
46.899: Application time: 0.0548090 seconds
46.899: [GC46.899: [DefNew: 15697K->15697K(18432K), 0.0000100 secs]46.899: [Tenured: 28622K->28623K(40960K), 0.0091140 secs] 44320K->28623K(59392K), [Perm : 6074K->6074K(21248K)], 0.0091720 secs] [Times: user=0.01 sys=0.00, real=0.01 secs] 
46.909: Total time for which application threads were stopped: 0.0093220 seconds, Stopping threads took: 0.0000670 seconds
46.975: Application time: 0.0668070 seconds
46.975: [GC46.975: [DefNew: 15689K->15689K(18432K), 0.0000090 secs]46.976: [Tenured: 28623K->27910K(40960K), 0.0110480 secs] 44313K->27910K(59392K), [Perm : 6074K->6074K(21248K)], 0.0111090 secs] [Times: user=0.01 sys=0.00, real=0.01 secs] 
46.987: Total time for which application threads were stopped: 0.0112520 seconds, Stopping threads took: 0.0000700 seconds
47.054: Application time: 0.0673410 seconds
47.054: [GC47.054: [DefNew: 15696K->15696K(18432K), 0.0000100 secs]47.054: [Tenured: 27910K->27911K(40960K), 0.0106960 secs] 43606K->27911K(59392K), [Perm : 6074K->6074K(21248K)], 0.0107560 secs] [Times: user=0.01 sys=0.00, real=0.00 secs] 
47.065: Total time for which application threads were stopped: 0.0110880 seconds, Stopping threads took: 0.0002420 seconds
47.135: Application time: 0.0697710 seconds
47.135: [GC47.135: [DefNew: 15696K->15696K(18432K), 0.0000110 secs]47.135: [Tenured: 27911K->27197K(40960K), 0.0107040 secs] 43607K->27197K(59392K), [Perm : 6074K->6074K(21248K)], 0.0107650 secs] [Times: user=0.01 sys=0.00, real=0.01 secs] 
47.146: Total time for which application threads were stopped: 0.0109520 seconds, Stopping threads took: 0.0001070 seconds
47.165: Application time: 0.0187600 seconds
47.165: [GC47.165: [DefNew: 15696K->15696K(18432K), 0.0000100 secs]47.165: [Tenured: 27197K->26485K(40960K), 0.0116970 secs] 42894K->26485K(59392K), [Perm : 6074K->6074K(21248K)], 0.0117590 secs] [Times: user=0.01 sys=0.00, real=0.02 secs] 
47.177: Total time for which application threads were stopped: 0.0119870 seconds, Stopping threads took: 0.0001380 seconds
47.247: Application time: 0.0708010 seconds
47.247: [GC47.247: [DefNew: 15696K->15696K(18432K), 0.0000100 secs]47.247: [Tenured: 26485K->22922K(40960K), 0.0097270 secs] 42181K->22922K(59392K), [Perm : 6074K->6074K(21248K)], 0.0097830 secs] [Times: user=0.01 sys=0.00, real=0.01 secs] 
47.257: Total time for which application threads were stopped: 0.0099140 seconds, Stopping threads took: 0.0000640 seconds
47.320: Application time: 0.0628150 seconds
47.320: [GC47.320: [DefNew: 15696K->1426K(18432K), 0.0034480 secs] 38619K->35037K(59392K), 0.0034870 secs] [Times: user=0.00 sys=0.00, real=0.00 secs] 
47.324: Total time for which application threads were stopped: 0.0036150 seconds, Stopping threads took: 0.0000610 seconds
47.359: Application time: 0.0356920 seconds
47.360: [GC47.360: [DefNew: 17122K->17122K(18432K), 0.0000110 secs]47.360: [Tenured: 33610K->25062K(40960K), 0.0100300 secs] 50733K->25062K(59392K), [Perm : 6074K->6074K(21248K)], 0.0100890 secs] [Times: user=0.01 sys=0.00, real=0.01 secs] 
47.370: Total time for which application threads were stopped: 0.0102540 seconds, Stopping threads took: 0.0000840 seconds
47.421: Application time: 0.0517650 seconds
47.422: [GC47.422: [DefNew: 15688K->1425K(18432K), 0.0036240 secs] 40750K->37175K(59392K), 0.0036660 secs] [Times: user=0.01 sys=0.00, real=0.00 secs] 
47.425: Total time for which application threads were stopped: 0.0039510 seconds, Stopping threads took: 0.0002060 seconds
47.487: Application time: 0.0615100 seconds
47.487: [GC47.487: [DefNew: 17113K->17113K(18432K), 0.0000100 secs]47.487: [Tenured: 35750K->25775K(40960K), 0.0107880 secs] 52864K->25775K(59392K), [Perm : 6074K->6074K(21248K)], 0.0108590 secs] [Times: user=0.01 sys=0.00, real=0.01 secs] 
47.498: Total time for which application threads were stopped: 0.0111830 seconds, Stopping threads took: 0.0002320 seconds
47.535: Application time: 0.0369630 seconds
47.535: [GC47.535: [DefNew: 15688K->15688K(18432K), 0.0000110 secs]47.535: [Tenured: 25775K->26487K(40960K), 0.0106580 secs] 41463K->26487K(59392K), [Perm : 6074K->6074K(21248K)], 0.0107200 secs] [Times: user=0.01 sys=0.00, real=0.01 secs] 
47.546: Total time for which application threads were stopped: 0.0109300 seconds, Stopping threads took: 0.0001190 seconds
47.598: Application time: 0.0520180 seconds
47.598: [GC47.598: [DefNew: 15688K->15688K(18432K), 0.0000090 secs]47.598: [Tenured: 26487K->24348K(40960K), 0.0100080 secs] 42176K->24348K(59392K), [Perm : 6074K->6074K(21248K)], 0.0100680 secs] [Times: user=0.01 sys=0.00, real=0.01 secs] 
47.608: Total time for which application threads were stopped: 0.0102060 seconds, Stopping threads took: 0.0000650 seconds
47.673: Application time: 0.0646830 seconds
47.673: [GC47.673: [DefNew: 15688K->1425K(18432K), 0.0034400 secs] 40037K->36462K(59392K), 0.0034760 secs] [Times: user=0.00 sys=0.00, real=0.01 secs] 
47.677: Total time for which application threads were stopped: 0.0037390 seconds, Stopping threads took: 0.0001790 seconds
47.716: Application time: 0.0398210 seconds
47.717: [GC47.717: [DefNew: 17113K->17113K(18432K), 0.0000110 secs]47.717: [Tenured: 35037K->24348K(40960K), 0.0104960 secs] 52150K->24348K(59392K), [Perm : 6074K->6074K(21248K)], 0.0105560 secs] [Times: user=0.01 sys=0.00, real=0.01 secs] 
47.727: Total time for which application threads were stopped: 0.0107490 seconds, Stopping threads took: 0.0001020 seconds
47.781: Application time: 0.0536580 seconds
47.781: [GC47.781: [DefNew: 15697K->1426K(18432K), 0.0036000 secs] 40045K->36463K(59392K), 0.0036430 secs] [Times: user=0.00 sys=0.00, real=0.00 secs] 
47.785: Total time for which application threads were stopped: 0.0037820 seconds, Stopping threads took: 0.0000710 seconds
47.839: Application time: 0.0548700 seconds
47.840: [GC47.840: [DefNew: 17115K->17115K(18432K), 0.0000100 secs]47.840: [Tenured: 35037K->25062K(40960K), 0.0089440 secs] 52152K->25062K(59392K), [Perm : 6074K->6074K(21248K)], 0.0090020 secs] [Times: user=0.01 sys=0.00, real=0.01 secs] 
47.849: Total time for which application threads were stopped: 0.0091420 seconds, Stopping threads took: 0.0000710 seconds
47.903: Application time: 0.0546510 seconds
47.903: [GC47.903: [DefNew: 15688K->1425K(18432K), 0.0034850 secs] 40751K->37176K(59392K), 0.0035260 secs] [Times: user=0.00 sys=0.00, real=0.01 secs] 
47.907: Total time for which application threads were stopped: 0.0036530 seconds, Stopping threads took: 0.0000620 seconds
47.952: Application time: 0.0446580 seconds
47.952: [GC47.952: [DefNew: 17122K->17122K(18432K), 0.0000090 secs]47.952: [Tenured: 35751K->25063K(40960K), 0.0088930 secs] 52873K->25063K(59392K), [Perm : 6074K->6074K(21248K)], 0.0089530 secs] [Times: user=0.01 sys=0.00, real=0.01 secs] 
47.961: Total time for which application threads were stopped: 0.0090970 seconds, Stopping threads took: 0.0000640 seconds
48.013: Application time: 0.0519590 seconds
48.013: [GC48.013: [DefNew: 15688K->1425K(18432K), 0.0034630 secs] 40752K->37177K(59392K), 0.0035050 secs] [Times: user=0.01 sys=0.00, real=0.01 secs] 
48.016: Total time for which application threads were stopped: 0.0036700 seconds, Stopping threads took: 0.0000870 seconds
48.076: Application time: 0.0596600 seconds
48.076: [GC48.076: [DefNew: 17122K->17122K(18432K), 0.0000090 secs]48.076: [Tenured: 35752K->25774K(40960K), 0.0101380 secs] 52874K->25774K(59392K), [Perm : 6074K->6074K(21248K)], 0.0101960 secs] [Times: user=0.01 sys=0.00, real=0.01 secs] 
48.086: Total time for which application threads were stopped: 0.0103320 seconds, Stopping threads took: 0.0000650 seconds
48.132: Application time: 0.0460850 seconds
48.133: [GC48.133: [DefNew: 15697K->15697K(18432K), 0.0000110 secs]48.133: [Tenured: 25774K->27200K(40960K), 0.0099320 secs] 41471K->27200K(59392K), [Perm : 6074K->6074K(21248K)], 0.0099920 secs] [Times: user=0.01 sys=0.00, real=0.01 secs] 
48.143: Total time for which application threads were stopped: 0.0101250 seconds, Stopping threads took: 0.0000610 seconds
48.185: Application time: 0.0427610 seconds
48.185: [GC48.185: [DefNew: 15697K->15697K(18432K), 0.0000090 secs]48.185: [Tenured: 27200K->26488K(40960K), 0.0096770 secs] 42897K->26488K(59392K), [Perm : 6074K->6074K(21248K)], 0.0097380 secs] [Times: user=0.01 sys=0.00, real=0.01 secs] 
48.195: Total time for which application threads were stopped: 0.0099180 seconds, Stopping threads took: 0.0001040 seconds
48.261: Application time: 0.0657170 seconds
48.261: [GC48.261: [DefNew: 15688K->15688K(18432K), 0.0000120 secs]48.261: [Tenured: 26488K->27913K(40960K), 0.0091330 secs] 42177K->27913K(59392K), [Perm : 6074K->6074K(21248K)], 0.0091970 secs] [Times: user=0.01 sys=0.00, real=0.01 secs] 
48.270: Total time for which application threads were stopped: 0.0094140 seconds, Stopping threads took: 0.0001520 seconds
48.319: Application time: 0.0482010 seconds
48.319: [GC48.319: [DefNew: 15697K->15697K(18432K), 0.0000100 secs]48.319: [Tenured: 27913K->27911K(40960K), 0.0115150 secs] 43610K->27911K(59392K), [Perm : 6074K->6074K(21248K)], 0.0115710 secs] [Times: user=0.01 sys=0.00, real=0.01 secs] 
48.330: Total time for which application threads were stopped: 0.0117340 seconds, Stopping threads took: 0.0000830 seconds
48.373: Application time: 0.0423030 seconds
48.373: [GC48.373: [DefNew: 15688K->15688K(18432K), 0.0000110 secs]48.373: [Tenured: 27911K->29336K(40960K), 0.0107780 secs] 43600K->29336K(59392K), [Perm : 6074K->6074K(21248K)], 0.0108390 secs] [Times: user=0.01 sys=0.00, real=0.01 secs] 
48.384: Total time for which application threads were stopped: 0.0111300 seconds, Stopping threads took: 0.0002230 seconds
48.434: Application time: 0.0498010 seconds
48.434: [GC48.434: [DefNew: 15737K->15737K(18432K), 0.0000090 secs]48.434: [Tenured: 29336K->29367K(40960K), 0.0090380 secs] 45073K->29367K(59392K), [Perm : 6074K->6074K(21248K)], 0.0090970 secs] [Times: user=0.01 sys=0.00, real=0.00 secs] 
48.443: Total time for which application threads were stopped: 0.0092270 seconds, Stopping threads took: 0.0000630 seconds
48.458: Application time: 0.0149910 seconds
48.458: [GC48.458: [DefNew: 15679K->15679K(18432K), 0.0000100 secs]48.458: [Tenured: 29367K->30079K(40960K), 0.0086670 secs] 45046K->30079K(59392K), [Perm : 6074K->6074K(21248K)], 0.0087260 secs] [Times: user=0.01 sys=0.00, real=0.01 secs] 
48.467: Total time for which application threads were stopped: 0.0088790 seconds, Stopping threads took: 0.0000710 seconds
48.477: Application time: 0.0102730 seconds
48.477: [GC48.477: [DefNew: 15684K->15684K(18432K), 0.0000100 secs]48.477: [Tenured: 30079K->28624K(40960K), 0.0124400 secs] 45763K->28624K(59392K), [Perm : 6074K->6074K(21248K)], 0.0125030 secs] [Times: user=0.01 sys=0.00, real=0.01 secs] 
48.490: Total time for which application threads were stopped: 0.0127000 seconds, Stopping threads took: 0.0001240 seconds
48.503: Application time: 0.0129140 seconds
48.503: [GC48.503: [DefNew: 15688K->15688K(18432K), 0.0000100 secs]48.503: [Tenured: 28624K->29336K(40960K), 0.0088350 secs] 44312K->29336K(59392K), [Perm : 6074K->6074K(21248K)], 0.0088940 secs] [Times: user=0.01 sys=0.00, real=0.01 secs] 
48.512: Total time for which application threads were stopped: 0.0090440 seconds, Stopping threads took: 0.0000800 seconds
48.528: Application time: 0.0165380 seconds
48.528: [GC48.528: [DefNew: 15677K->15677K(18432K), 0.0000090 secs]48.528: [Tenured: 29336K->30761K(40960K), 0.0058920 secs] 45014K->30761K(59392K), [Perm : 6074K->6074K(21248K)], 0.0059440 secs] [Times: user=0.00 sys=0.00, real=0.01 secs] 
48.534: Total time for which application threads were stopped: 0.0060890 seconds, Stopping threads took: 0.0000780 seconds
48.549: Application time: 0.0145740 seconds
48.549: [GC48.549: [DefNew: 15688K->15688K(18432K), 0.0000100 secs]48.549: [Tenured: 30761K->29336K(40960K), 0.0087900 secs] 46450K->29336K(59392K), [Perm : 6074K->6074K(21248K)], 0.0088560 secs] [Times: user=0.01 sys=0.00, real=0.01 secs] 
48.558: Total time for which application threads were stopped: 0.0090370 seconds, Stopping threads took: 0.0001090 seconds
48.569: Application time: 0.0111910 seconds
48.569: [GC48.569: [DefNew: 15681K->15681K(18432K), 0.0000090 secs]48.569: [Tenured: 29336K->29336K(40960K), 0.0094940 secs] 45018K->29336K(59392K), [Perm : 6074K->6074K(21248K)], 0.0095490 secs] [Times: user=0.01 sys=0.00, real=0.01 secs] 
48.579: Total time for which application threads were stopped: 0.0097070 seconds, Stopping threads took: 0.0000890 seconds
48.590: Application time: 0.0108830 seconds
48.590: [GC48.590: [DefNew: 15684K->15684K(18432K), 0.0000110 secs]48.590: [Tenured: 29336K->29336K(40960K), 0.0095520 secs] 45020K->29336K(59392K), [Perm : 6074K->6074K(21248K)], 0.0096130 secs] [Times: user=0.01 sys=0.00, real=0.01 secs] 
48.599: Total time for which application threads were stopped: 0.0097640 seconds, Stopping threads took: 0.0000780 seconds
48.608: Application time: 0.0090210 seconds
48.609: [GC48.609: [DefNew: 15694K->15694K(18432K), 0.0000100 secs]48.609: [Tenured: 29336K->29336K(40960K), 0.0104550 secs] 45031K->29336K(59392K), [Perm : 6074K->6074K(21248K)], 0.0105170 secs] [Times: user=0.01 sys=0.00, real=0.01 secs] 
48.619: Total time for which application threads were stopped: 0.0107970 seconds, Stopping threads took: 0.0001860 seconds
48.632: Application time: 0.0132730 seconds
48.633: [GC48.633: [DefNew: 15681K->15681K(18432K), 0.0000090 secs]48.633: [Tenured: 29336K->31474K(40960K), 0.0072540 secs] 45018K->31474K(59392K), [Perm : 6074K->6074K(21248K)], 0.0073120 secs] [Times: user=0.01 sys=0.00, real=0.01 secs] 
48.640: Total time for which application threads were stopped: 0.0074590 seconds, Stopping threads took: 0.0000750 seconds
48.663: Application time: 0.0228410 seconds
48.663: [GC48.663: [DefNew: 15688K->15688K(18432K), 0.0000100 secs]48.663: [Tenured: 31474K->27911K(40960K), 0.0092230 secs] 47162K->27911K(59392K), [Perm : 6074K->6074K(21248K)], 0.0092830 secs] [Times: user=0.01 sys=0.00, real=0.01 secs] 
48.672: Total time for which application threads were stopped: 0.0094200 seconds, Stopping threads took: 0.0000640 seconds
48.710: Application time: 0.0377290 seconds
48.710: [GC48.710: [DefNew: 15688K->15688K(18432K), 0.0000090 secs]48.710: [Tenured: 27911K->28623K(40960K), 0.0097280 secs] 43599K->28623K(59392K), [Perm : 6074K->6074K(21248K)], 0.0097860 secs] [Times: user=0.01 sys=0.00, real=0.01 secs] 
48.720: Total time for which application threads were stopped: 0.0099290 seconds, Stopping threads took: 0.0000720 seconds
48.783: Application time: 0.0632070 seconds
48.783: [GC48.783: [DefNew: 15688K->15688K(18432K), 0.0000110 secs]48.783: [Tenured: 28623K->30761K(40960K), 0.0099900 secs] 44311K->30761K(59392K), [Perm : 6074K->6074K(21248K)], 0.0100510 secs] [Times: user=0.01 sys=0.00, real=0.01 secs] 
48.793: Total time for which application threads were stopped: 0.0102980 seconds, Stopping threads took: 0.0001570 seconds
48.851: Application time: 0.0573970 seconds
48.851: [GC48.851: [DefNew: 16383K->16383K(18432K), 0.0000090 secs]48.851: [Tenured: 30761K->27947K(40960K), 0.0096030 secs] 47144K->27947K(59392K), [Perm : 6075K->6075K(21248K)], 0.0096580 secs] [Times: user=0.01 sys=0.00, real=0.01 secs] 
48.861: Total time for which application threads were stopped: 0.0097930 seconds, Stopping threads took: 0.0000670 seconds
48.877: Application time: 0.0164630 seconds
48.877: [GC48.877: [DefNew: 15738K->15738K(18432K), 0.0000110 secs]48.877: [Tenured: 27947K->28623K(40960K), 0.0123240 secs] 43686K->28623K(59392K), [Perm : 6075K->6075K(21248K)], 0.0123850 secs] [Times: user=0.01 sys=0.00, real=0.01 secs] 
48.890: Total time for which application threads were stopped: 0.0126470 seconds, Stopping threads took: 0.0001880 seconds
48.899: Application time: 0.0091600 seconds
48.899: [GC48.899: [DefNew: 15683K->15683K(18432K), 0.0000100 secs]48.899: [Tenured: 28623K->27910K(40960K), 0.0104520 secs] 44307K->27910K(59392K), [Perm : 6075K->6075K(21248K)], 0.0105210 secs] [Times: user=0.01 sys=0.00, real=0.01 secs] 
48.910: Total time for which application threads were stopped: 0.0107710 seconds, Stopping threads took: 0.0001580 seconds
48.925: Application time: 0.0150270 seconds
48.925: [GC48.925: [DefNew: 15685K->15685K(18432K), 0.0000110 secs]48.925: [Tenured: 27910K->28623K(40960K), 0.0094900 secs] 43596K->28623K(59392K), [Perm : 6075K->6075K(21248K)], 0.0095520 secs] [Times: user=0.01 sys=0.00, real=0.02 secs] 
48.934: Total time for which application threads were stopped: 0.0097130 seconds, Stopping threads took: 0.0000870 seconds
48.949: Application time: 0.0143590 seconds
48.949: [GC48.949: [DefNew: 15679K->15679K(18432K), 0.0000090 secs]48.949: [Tenured: 28623K->29336K(40960K), 0.0088940 secs] 44302K->29336K(59392K), [Perm : 6075K->6075K(21248K)], 0.0089500 secs] [Times: user=0.01 sys=0.00, real=0.01 secs] 
48.958: Total time for which application threads were stopped: 0.0091030 seconds, Stopping threads took: 0.0000810 seconds
48.975: Application time: 0.0173480 seconds
48.975: [GC48.975: [DefNew: 15686K->15686K(18432K), 0.0000100 secs]48.975: [Tenured: 29336K->28623K(40960K), 0.0089040 secs] 45022K->28623K(59392K), [Perm : 6075K->6075K(21248K)], 0.0089650 secs] [Times: user=0.01 sys=0.00, real=0.00 secs] 
48.984: Total time for which application threads were stopped: 0.0091300 seconds, Stopping threads took: 0.0000760 seconds
48.996: Application time: 0.0120960 seconds
48.997: [GC48.997: [DefNew: 15682K->15682K(18432K), 0.0000110 secs]48.997: [Tenured: 28623K->28623K(40960K), 0.0104140 secs] 44306K->28623K(59392K), [Perm : 6075K->6075K(21248K)], 0.0104780 secs] [Times: user=0.01 sys=0.00, real=0.01 secs] 
49.007: Total time for which application threads were stopped: 0.0107070 seconds, Stopping threads took: 0.0001380 seconds
49.015: Application time: 0.0080210 seconds
49.015: [GC49.015: [DefNew: 15685K->15685K(18432K), 0.0000110 secs]49.016: [Tenured: 28623K->28623K(40960K), 0.0100630 secs] 44309K->28623K(59392K), [Perm : 6075K->6075K(21248K)], 0.0101250 secs] [Times: user=0.01 sys=0.00, real=0.01 secs] 
49.026: Total time for which application threads were stopped: 0.0104990 seconds, Stopping threads took: 0.0002820 seconds
49.036: Application time: 0.0102000 seconds
49.036: [GC49.036: [DefNew: 15692K->15692K(18432K), 0.0000090 secs]49.036: [Tenured: 28623K->29336K(40960K), 0.0099240 secs] 44315K->29336K(59392K), [Perm : 6075K->6075K(21248K)], 0.0099870 secs] [Times: user=0.01 sys=0.00, real=0.01 secs] 
49.046: Total time for which application threads were stopped: 0.0102150 seconds, Stopping threads took: 0.0001450 seconds
49.059: Application time: 0.0133820 seconds
49.060: [GC49.060: [DefNew: 15679K->15679K(18432K), 0.0000100 secs]49.060: [Tenured: 29336K->29336K(40960K), 0.0066850 secs] 45016K->29336K(59392K), [Perm : 6075K->6075K(21248K)], 0.0067430 secs] [Times: user=0.01 sys=0.00, real=0.01 secs] 
49.066: Total time for which application threads were stopped: 0.0069710 seconds, Stopping threads took: 0.0001400 seconds
49.081: Application time: 0.0141230 seconds
49.081: [GC49.081: [DefNew: 15680K->15680K(18432K), 0.0000100 secs]49.081: [Tenured: 29336K->26485K(40960K), 0.0084750 secs] 45016K->26485K(59392K), [Perm : 6075K->6075K(21248K)], 0.0085380 secs] [Times: user=0.01 sys=0.00, real=0.01 secs] 
49.089: Total time for which application threads were stopped: 0.0086950 seconds, Stopping threads took: 0.0000850 seconds
49.124: Application time: 0.0345250 seconds
49.124: [GC49.124: [DefNew: 15732K->15732K(18432K), 0.0000100 secs]49.124: [Tenured: 26485K->28652K(40960K), 0.0098090 secs] 42217K->28652K(59392K), [Perm : 6075K->6075K(21248K)], 0.0098710 secs] [Times: user=0.01 sys=0.00, real=0.02 secs] 
49.134: Total time for which application threads were stopped: 0.0100670 seconds, Stopping threads took: 0.0001250 seconds
49.142: Application time: 0.0086060 seconds
49.143: [GC49.143: [DefNew: 15685K->15685K(18432K), 0.0000100 secs]49.143: [Tenured: 28652K->28652K(40960K), 0.0101380 secs] 44338K->28652K(59392K), [Perm : 6075K->6075K(21248K)], 0.0102010 secs] [Times: user=0.01 sys=0.00, real=0.01 secs] 
49.153: Total time for which application threads were stopped: 0.0104290 seconds, Stopping threads took: 0.0001460 seconds
49.169: Application time: 0.0156640 seconds
49.169: [GC49.169: [DefNew: 15685K->15685K(18432K), 0.0000090 secs]49.169: [Tenured: 28652K->27198K(40960K), 0.0102900 secs] 44338K->27198K(59392K), [Perm : 6075K->6075K(21248K)], 0.0103510 secs] [Times: user=0.01 sys=0.00, real=0.01 secs] 
49.179: Total time for which application threads were stopped: 0.0105250 seconds, Stopping threads took: 0.0001040 seconds
49.194: Application time: 0.0149460 seconds
49.194: [GC49.194: [DefNew: 15679K->15679K(18432K), 0.0000100 secs]49.194: [Tenured: 27198K->27910K(40960K), 0.0102550 secs] 42877K->27910K(59392K), [Perm : 6075K->6075K(21248K)], 0.0103160 secs] [Times: user=0.01 sys=0.00, real=0.00 secs] 
49.205: Total time for which application threads were stopped: 0.0105300 seconds, Stopping threads took: 0.0001420 seconds
49.222: Application time: 0.0174420 seconds
49.222: [GC49.222: [DefNew: 15687K->15687K(18432K), 0.0000100 secs]49.222: [Tenured: 27910K->28623K(40960K), 0.0088240 secs] 43598K->28623K(59392K), [Perm : 6075K->6075K(21248K)], 0.0088830 secs] [Times: user=0.01 sys=0.00, real=0.01 secs] 
49.231: Total time for which application threads were stopped: 0.0090200 seconds, Stopping threads took: 0.0000640 seconds
49.244: Application time: 0.0132770 seconds
49.244: [GC49.244: [DefNew: 15680K->15680K(18432K), 0.0000100 secs]49.244: [Tenured: 28623K->29335K(40960K), 0.0095520 secs] 44303K->29335K(59392K), [Perm : 6075K->6075K(21248K)], 0.0096120 secs] [Times: user=0.01 sys=0.00, real=0.02 secs] 
49.254: Total time for which application threads were stopped: 0.0097770 seconds, Stopping threads took: 0.0000930 seconds
49.263: Application time: 0.0087480 seconds
49.263: [GC49.263: [DefNew: 15683K->15683K(18432K), 0.0000100 secs]49.263: [Tenured: 29335K->27198K(40960K), 0.0089740 secs] 45018K->27198K(59392K), [Perm : 6075K->6075K(21248K)], 0.0090340 secs] [Times: user=0.01 sys=0.00, real=0.01 secs] 
49.272: Total time for which application threads were stopped: 0.0091950 seconds, Stopping threads took: 0.0000890 seconds
49.283: Application time: 0.0112050 seconds
49.283: [GC49.283: [DefNew: 16130K->16130K(18432K), 0.0000090 secs]49.283: [Tenured: 27198K->25809K(40960K), 0.0090840 secs] 43328K->25809K(59392K), [Perm : 6075K->6075K(21248K)], 0.0091440 secs] [Times: user=0.01 sys=0.00, real=0.01 secs] 
49.292: Total time for which application threads were stopped: 0.0092870 seconds, Stopping threads took: 0.0000680 seconds
49.303: Application time: 0.0109500 seconds
49.304: [GC49.304: [DefNew: 16000K->16000K(18432K), 0.0000100 secs]49.304: [Tenured: 25809K->27940K(40960K), 0.0095640 secs] 41809K->27940K(59392K), [Perm : 6075K->6075K(21248K)], 0.0096230 secs] [Times: user=0.01 sys=0.00, real=0.01 secs] 
49.313: Total time for which application threads were stopped: 0.0097930 seconds, Stopping threads took: 0.0000970 seconds
49.322: Application time: 0.0084920 seconds
49.322: [GC49.322: [DefNew: 15682K->15682K(18432K), 0.0000090 secs]49.322: [Tenured: 27940K->29365K(40960K), 0.0068190 secs] 43622K->29365K(59392K), [Perm : 6075K->6075K(21248K)], 0.0068760 secs] [Times: user=0.01 sys=0.00, real=0.01 secs] 
49.329: Total time for which application threads were stopped: 0.0070940 seconds, Stopping threads took: 0.0001470 seconds
49.337: Application time: 0.0085620 seconds
49.338: [GC49.338: [DefNew: 15681K->15681K(18432K), 0.0000100 secs]49.338: [Tenured: 29365K->27198K(40960K), 0.0112880 secs] 45047K->27198K(59392K), [Perm : 6075K->6075K(21248K)], 0.0113490 secs] [Times: user=0.01 sys=0.00, real=0.01 secs] 
49.349: Total time for which application threads were stopped: 0.0116310 seconds, Stopping threads took: 0.0001900 seconds
49.362: Application time: 0.0132420 seconds
49.362: [GC49.362: [DefNew: 15687K->15687K(18432K), 0.0000110 secs]49.362: [Tenured: 27198K->27911K(40960K), 0.0074280 secs] 42885K->27911K(59392K), [Perm : 6075K->6075K(21248K)], 0.0074870 secs] [Times: user=0.00 sys=0.00, real=0.01 secs] 
49.370: Total time for which application threads were stopped: 0.0076780 seconds, Stopping threads took: 0.0001090 seconds
49.384: Application time: 0.0135750 seconds
49.384: [GC49.384: [DefNew: 15687K->15687K(18432K), 0.0000100 secs]49.384: [Tenured: 27911K->26485K(40960K), 0.0097540 secs] 43599K->26485K(59392K), [Perm : 6075K->6075K(21248K)], 0.0098170 secs] [Times: user=0.01 sys=0.00, real=0.02 secs] 
49.394: Total time for which application threads were stopped: 0.0100080 seconds, Stopping threads took: 0.0001180 seconds
49.405: Application time: 0.0119540 seconds
49.406: [GC49.406: [DefNew: 16369K->16369K(18432K), 0.0000100 secs]49.406: [Tenured: 26485K->25098K(40960K), 0.0093600 secs] 42855K->25098K(59392K), [Perm : 6076K->6076K(21248K)], 0.0094210 secs] [Times: user=0.01 sys=0.00, real=0.01 secs] 
49.415: Total time for which application threads were stopped: 0.0096200 seconds, Stopping threads took: 0.0001260 seconds
49.426: Application time: 0.0107760 seconds
49.426: [GC49.426: [DefNew: 15755K->1426K(18432K), 0.0014660 secs] 40854K->30087K(59392K), 0.0014970 secs] [Times: user=0.00 sys=0.00, real=0.00 secs] 
49.428: Total time for which application threads were stopped: 0.0016990 seconds, Stopping threads took: 0.0001400 seconds
49.435: Application time: 0.0073850 seconds
49.435: [GC49.435: [DefNew: 17108K->17108K(18432K), 0.0000100 secs]49.435: [Tenured: 28661K->25772K(40960K), 0.0108550 secs] 45769K->25772K(59392K), [Perm : 6076K->6076K(21248K)], 0.0109150 secs] [Times: user=0.02 sys=0.00, real=0.01 secs] 
49.446: Total time for which application threads were stopped: 0.0111890 seconds, Stopping threads took: 0.0001820 seconds
49.456: Application time: 0.0101070 seconds
49.457: [GC49.457: [DefNew: 15680K->15680K(18432K), 0.0000120 secs]49.457: [Tenured: 25772K->25060K(40960K), 0.0076240 secs] 41453K->25060K(59392K), [Perm : 6076K->6076K(21248K)], 0.0076830 secs] [Times: user=0.00 sys=0.00, real=0.00 secs] 
49.464: Total time for which application threads were stopped: 0.0079720 seconds, Stopping threads took: 0.0002210 seconds
49.472: Application time: 0.0079690 seconds
49.473: [GC49.473: [DefNew: 15684K->1425K(18432K), 0.0025590 secs] 40745K->32898K(59392K), 0.0026000 secs] [Times: user=0.00 sys=0.00, real=0.01 secs] 
49.475: Total time for which application threads were stopped: 0.0029190 seconds, Stopping threads took: 0.0002480 seconds
49.483: Application time: 0.0079900 seconds
49.483: [GC49.483: [DefNew: 17112K->17112K(18432K), 0.0000090 secs]49.483: [Tenured: 31473K->26485K(40960K), 0.0101300 secs] 48586K->26485K(59392K), [Perm : 6076K->6076K(21248K)], 0.0101900 secs] [Times: user=0.01 sys=0.00, real=0.02 secs] 
49.494: Total time for which application threads were stopped: 0.0103940 seconds, Stopping threads took: 0.0001210 seconds
49.501: Application time: 0.0074360 seconds
49.501: [GC49.501: [DefNew: 15689K->15689K(18432K), 0.0000090 secs]49.501: [Tenured: 26485K->27911K(40960K), 0.0074660 secs] 42175K->27911K(59392K), [Perm : 6076K->6076K(21248K)], 0.0075260 secs] [Times: user=0.01 sys=0.00, real=0.01 secs] 
49.509: Total time for which application threads were stopped: 0.0078030 seconds, Stopping threads took: 0.0001860 seconds
49.516: Application time: 0.0068050 seconds
49.516: [GC49.516: [DefNew: 15684K->15684K(18432K), 0.0000120 secs]49.516: [Tenured: 27911K->27910K(40960K), 0.0110590 secs] 43596K->27910K(59392K), [Perm : 6076K->6076K(21248K)], 0.0111230 secs] [Times: user=0.01 sys=0.00, real=0.01 secs] 
49.527: Total time for which application threads were stopped: 0.0113380 seconds, Stopping threads took: 0.0001410 seconds
49.536: Application time: 0.0090960 seconds
49.536: [GC49.536: [DefNew: 15680K->15680K(18432K), 0.0000100 secs]49.536: [Tenured: 27910K->27910K(40960K), 0.0082630 secs] 43591K->27910K(59392K), [Perm : 6076K->6076K(21248K)], 0.0083220 secs] [Times: user=0.01 sys=0.00, real=0.00 secs] 
49.545: Total time for which application threads were stopped: 0.0085540 seconds, Stopping threads took: 0.0001400 seconds
49.552: Application time: 0.0074410 seconds
49.553: [GC49.553: [DefNew: 15690K->15690K(18432K), 0.0000100 secs]49.553: [Tenured: 27910K->25773K(40960K), 0.0104130 secs] 43601K->25773K(59392K), [Perm : 6076K->6076K(21248K)], 0.0104840 secs] [Times: user=0.01 sys=0.00, real=0.01 secs] 
49.563: Total time for which application threads were stopped: 0.0110660 seconds, Stopping threads took: 0.0004910 seconds
49.572: Application time: 0.0091370 seconds
49.572: [GC49.572: [DefNew: 16337K->16337K(18432K), 0.0000100 secs]49.572: [Tenured: 25773K->23671K(40960K), 0.0099090 secs] 42110K->23671K(59392K), [Perm : 6076K->6076K(21248K)], 0.0099670 secs] [Times: user=0.01 sys=0.00, real=0.01 secs] 
49.582: Total time for which application threads were stopped: 0.0101810 seconds, Stopping threads took: 0.0001220 seconds
49.591: Application time: 0.0084490 seconds
49.591: [GC49.591: [DefNew: 15788K->1425K(18432K), 0.0018630 secs] 39460K->29372K(59392K), 0.0019020 secs] [Times: user=0.00 sys=0.00, real=0.00 secs] 
49.593: Total time for which application threads were stopped: 0.0022080 seconds, Stopping threads took: 0.0002270 seconds
49.601: Application time: 0.0080530 seconds
49.601: [GC49.601: [DefNew: 17108K->17108K(18432K), 0.0000090 secs]49.601: [Tenured: 27946K->24348K(40960K), 0.0109450 secs] 45055K->24348K(59392K), [Perm : 6076K->6076K(21248K)], 0.0110030 secs] [Times: user=0.01 sys=0.00, real=0.01 secs] 
49.612: Total time for which application threads were stopped: 0.0111930 seconds, Stopping threads took: 0.0001190 seconds
49.619: Application time: 0.0070970 seconds
49.620: [GC49.620: [DefNew: 15691K->1425K(18432K), 0.0017310 secs] 40039K->30049K(59392K), 0.0017660 secs] [Times: user=0.01 sys=0.00, real=0.00 secs] 
49.621: Total time for which application threads were stopped: 0.0019760 seconds, Stopping threads took: 0.0001450 seconds
49.629: Application time: 0.0079890 seconds
49.630: [GC49.630: [DefNew: 17107K->17107K(18432K), 0.0000090 secs]49.630: [Tenured: 28623K->25773K(40960K), 0.0091760 secs] 45730K->25773K(59392K), [Perm : 6076K->6076K(21248K)], 0.0092320 secs] [Times: user=0.01 sys=0.00, real=0.01 secs] 
49.639: Total time for which application threads were stopped: 0.0094500 seconds, Stopping threads took: 0.0001480 seconds
49.648: Application time: 0.0093450 seconds
49.648: [GC49.648: [DefNew: 15686K->15686K(18432K), 0.0000100 secs]49.648: [Tenured: 25773K->26486K(40960K), 0.0075340 secs] 41460K->26486K(59392K), [Perm : 6076K->6076K(21248K)], 0.0075900 secs] [Times: user=0.01 sys=0.00, real=0.01 secs] 
49.656: Total time for which application threads were stopped: 0.0077680 seconds, Stopping threads took: 0.0001090 seconds
49.662: Application time: 0.0060330 seconds
49.662: [GC49.662: [DefNew: 15681K->15681K(18432K), 0.0000100 secs]49.662: [Tenured: 26486K->26485K(40960K), 0.0093290 secs] 42168K->26485K(59392K), [Perm : 6076K->6076K(21248K)], 0.0093850 secs] [Times: user=0.01 sys=0.00, real=0.01 secs] 
49.672: Total time for which application threads were stopped: 0.0095860 seconds, Stopping threads took: 0.0001300 seconds
49.679: Application time: 0.0076820 seconds
49.679: [GC49.679: [DefNew: 16217K->16217K(18432K), 0.0000090 secs]49.679: [Tenured: 26485K->21506K(40960K), 0.0094190 secs] 42702K->21506K(59392K), [Perm : 6076K->6076K(21248K)], 0.0094770 secs] [Times: user=0.01 sys=0.00, real=0.01 secs] 
49.689: Total time for which application threads were stopped: 0.0096180 seconds, Stopping threads took: 0.0000720 seconds
49.701: Application time: 0.0124460 seconds
49.702: [GC49.702: [DefNew: 15905K->1425K(18432K), 0.0011780 secs] 37411K->25069K(59392K), 0.0012090 secs] [Times: user=0.00 sys=0.00, real=0.00 secs] 
49.703: Total time for which application threads were stopped: 0.0016900 seconds, Stopping threads took: 0.0004000 seconds
49.711: Application time: 0.0075360 seconds
49.711: [GC49.711: [DefNew: 17116K->1425K(18432K), 0.0018420 secs] 40759K->29345K(59392K), 0.0018790 secs] [Times: user=0.01 sys=0.00, real=0.00 secs] 
49.713: Total time for which application threads were stopped: 0.0022140 seconds, Stopping threads took: 0.0002490 seconds
49.721: Application time: 0.0078670 seconds
49.721: [GC49.721: [DefNew: 17107K->17107K(18432K), 0.0000100 secs]49.721: [Tenured: 27919K->22210K(40960K), 0.0088600 secs] 45027K->22210K(59392K), [Perm : 6076K->6076K(21248K)], 0.0089260 secs] [Times: user=0.01 sys=0.00, real=0.01 secs] 
49.730: Total time for which application threads were stopped: 0.0090690 seconds, Stopping threads took: 0.0000710 seconds
49.738: Application time: 0.0081000 seconds
49.738: [GC49.738: [DefNew: 15682K->1425K(18432K), 0.0016440 secs] 37892K->27198K(59392K), 0.0016820 secs] [Times: user=0.00 sys=0.00, real=0.00 secs] 
49.740: Total time for which application threads were stopped: 0.0019860 seconds, Stopping threads took: 0.0002150 seconds
49.746: Application time: 0.0065370 seconds
49.746: [GC49.746: [DefNew: 17114K->17114K(18432K), 0.0000090 secs]49.746: [Tenured: 25773K->25060K(40960K), 0.0095650 secs] 42887K->25060K(59392K), [Perm : 6076K->6076K(21248K)], 0.0096250 secs] [Times: user=0.01 sys=0.00, real=0.01 secs] 
49.756: Total time for which application threads were stopped: 0.0097700 seconds, Stopping threads took: 0.0000730 seconds
49.769: Application time: 0.0127480 seconds
49.769: [GC49.769: [DefNew: 15686K->1425K(18432K), 0.0008370 secs] 40747K->27911K(59392K), 0.0008690 secs] [Times: user=0.00 sys=0.00, real=0.00 secs] 
49.770: Total time for which application threads were stopped: 0.0011210 seconds, Stopping threads took: 0.0001710 seconds
49.778: Application time: 0.0082120 seconds
49.778: [GC49.778: [DefNew: 17266K->1458K(18432K), 0.0010420 secs] 43751K->30082K(59392K), 0.0010740 secs] [Times: user=0.00 sys=0.00, real=0.00 secs] 
49.779: Total time for which application threads were stopped: 0.0012560 seconds, Stopping threads took: 0.0001040 seconds
49.788: Application time: 0.0082440 seconds
49.788: [GC49.788: [DefNew: 17206K->17206K(18432K), 0.0000100 secs]49.788: [Tenured: 28624K->22246K(40960K), 0.0101250 secs] 45830K->22246K(59392K), [Perm : 6076K->6076K(21248K)], 0.0101850 secs] [Times: user=0.01 sys=0.00, real=0.01 secs] 
49.798: Total time for which application threads were stopped: 0.0104430 seconds, Stopping threads took: 0.0001890 seconds
49.805: Application time: 0.0068870 seconds
49.805: [GC49.805: [DefNew: 16089K->1432K(18432K), 0.0012990 secs] 38336K->26529K(59392K), 0.0013350 secs] [Times: user=0.00 sys=0.00, real=0.01 secs] 
49.807: Total time for which application threads were stopped: 0.0015210 seconds, Stopping threads took: 0.0001250 seconds
49.814: Application time: 0.0069500 seconds
49.814: [GC49.814: [DefNew: 17249K->1426K(18432K), 0.0020050 secs] 42346K->31510K(59392K), 0.0020440 secs] [Times: user=0.00 sys=0.00, real=0.00 secs] 
49.816: Total time for which application threads were stopped: 0.0022470 seconds, Stopping threads took: 0.0001330 seconds
49.822: Application time: 0.0058740 seconds
49.822: [GC49.822: [DefNew: 17108K->17108K(18432K), 0.0000090 secs]49.822: [Tenured: 30084K->21497K(40960K), 0.0102340 secs] 47192K->21497K(59392K), [Perm : 6076K->6076K(21248K)], 0.0102950 secs] [Times: user=0.01 sys=0.00, real=0.01 secs] 
49.832: Total time for which application threads were stopped: 0.0104720 seconds, Stopping threads took: 0.0001070 seconds
49.839: Application time: 0.0064180 seconds
49.839: [GC49.839: [DefNew: 15692K->1426K(18432K), 0.0021520 secs] 37189K->28623K(59392K), 0.0021920 secs] [Times: user=0.00 sys=0.00, real=0.00 secs] 
49.841: Total time for which application threads were stopped: 0.0023940 seconds, Stopping threads took: 0.0001330 seconds
49.848: Application time: 0.0074040 seconds
49.849: [GC49.849: [DefNew: 17109K->1425K(18432K), 0.0015790 secs] 44306K->32898K(59392K), 0.0016180 secs] [Times: user=0.00 sys=0.00, real=0.00 secs] 
49.850: Total time for which application threads were stopped: 0.0018330 seconds, Stopping threads took: 0.0001500 seconds
49.857: Application time: 0.0071230 seconds
49.858: [GC49.858: [DefNew: 17116K->17116K(18432K), 0.0000120 secs]49.858: [Tenured: 31473K->22923K(40960K), 0.0106420 secs] 48590K->22923K(59392K), [Perm : 6076K->6076K(21248K)], 0.0107040 secs] [Times: user=0.01 sys=0.00, real=0.01 secs] 
49.868: Total time for which application threads were stopped: 0.0109530 seconds, Stopping threads took: 0.0001480 seconds
49.876: Application time: 0.0077140 seconds
49.876: [GC49.876: [DefNew: 15687K->1426K(18432K), 0.0013810 secs] 38610K->27199K(59392K), 0.0014160 secs] [Times: user=0.00 sys=0.00, real=0.00 secs] 
49.878: Total time for which application threads were stopped: 0.0016540 seconds, Stopping threads took: 0.0001530 seconds
49.885: Application time: 0.0075580 seconds
49.885: [GC49.885: [DefNew: 17106K->1425K(18432K), 0.0013620 secs] 42879K->30049K(59392K), 0.0014050 secs] [Times: user=0.00 sys=0.00, real=0.01 secs] 
49.887: Total time for which application threads were stopped: 0.0016380 seconds, Stopping threads took: 0.0001690 seconds
49.895: Application time: 0.0077060 seconds
49.895: [GC49.895: [DefNew: 17106K->1425K(18432K), 0.0017930 secs] 45731K->34324K(59392K), 0.0018310 secs] [Times: user=0.00 sys=0.00, real=0.00 secs] 
49.897: Total time for which application threads were stopped: 0.0020970 seconds, Stopping threads took: 0.0001770 seconds
49.915: Application time: 0.0180440 seconds
49.915: [GC49.915: [DefNew: 17120K->17120K(18432K), 0.0000090 secs]49.915: [Tenured: 32899K->22210K(40960K), 0.0089590 secs] 50020K->22210K(59392K), [Perm : 6076K->6076K(21248K)], 0.0090150 secs] [Times: user=0.01 sys=0.00, real=0.00 secs] 
49.924: Total time for which application threads were stopped: 0.0091520 seconds, Stopping threads took: 0.0000730 seconds
49.937: Application time: 0.0130840 seconds
49.937: [GC49.937: [DefNew: 15680K->1425K(18432K), 0.0012090 secs] 37890K->25772K(59392K), 0.0012390 secs] [Times: user=0.00 sys=0.00, real=0.00 secs] 
49.938: Total time for which application threads were stopped: 0.0013750 seconds, Stopping threads took: 0.0000730 seconds
49.948: Application time: 0.0097030 seconds
49.948: [GC49.948: [DefNew: 17110K->1425K(18432K), 0.0020070 secs] 41458K->30760K(59392K), 0.0020440 secs] [Times: user=0.00 sys=0.00, real=0.00 secs] 
49.950: Total time for which application threads were stopped: 0.0021910 seconds, Stopping threads took: 0.0000840 seconds
49.962: Application time: 0.0114240 seconds
49.962: [GC49.962: [DefNew: 17117K->1425K(18432K), 0.0021140 secs] 46453K->35749K(59392K), 0.0021510 secs] [Times: user=0.00 sys=0.00, real=0.00 secs] 
49.964: Total time for which application threads were stopped: 0.0022860 seconds, Stopping threads took: 0.0000670 seconds
49.977: Application time: 0.0127360 seconds
49.977: [GC49.977: [DefNew: 17105K->17105K(18432K), 0.0000090 secs]49.977: [Tenured: 34323K->23635K(40960K), 0.0095900 secs] 51429K->23635K(59392K), [Perm : 6076K->6076K(21248K)], 0.0096450 secs] [Times: user=0.00 sys=0.00, real=0.01 secs] 
49.986: Total time for which application threads were stopped: 0.0097970 seconds, Stopping threads took: 0.0000810 seconds
49.999: Application time: 0.0127480 seconds
49.999: [GC49.999: [DefNew: 15680K->1425K(18432K), 0.0011920 secs] 39315K->27197K(59392K), 0.0012190 secs] [Times: user=0.00 sys=0.00, real=0.00 secs] 
50.001: Total time for which application threads were stopped: 0.0013710 seconds, Stopping threads took: 0.0000830 seconds
50.066: Application time: 0.0657900 seconds
50.066: [GC50.067: [DefNew: 17134K->1426K(18432K), 0.0042080 secs] 42907K->40737K(59392K), 0.0042470 secs] [Times: user=0.01 sys=0.00, real=0.00 secs] 
50.071: Total time for which application threads were stopped: 0.0044010 seconds, Stopping threads took: 0.0000870 seconds
50.116: Application time: 0.0448000 seconds
50.116: [GC50.116: [DefNew: 17118K->17118K(18432K), 0.0000090 secs]50.116: [Tenured: 39310K->24347K(40960K), 0.0098890 secs] 56429K->24347K(59392K), [Perm : 6076K->6076K(21248K)], 0.0099470 secs] [Times: user=0.01 sys=0.00, real=0.01 secs] 
50.126: Total time for which application threads were stopped: 0.0101110 seconds, Stopping threads took: 0.0000950 seconds
50.196: Application time: 0.0702910 seconds
50.196: [GC50.196: [DefNew: 15691K->1425K(18432K), 0.0044740 secs] 40039K->40022K(59392K), 0.0045210 secs] [Times: user=0.00 sys=0.00, real=0.00 secs] 
50.201: Total time for which application threads were stopped: 0.0046800 seconds, Stopping threads took: 0.0000840 seconds
50.278: Application time: 0.0772320 seconds
50.278: [GC50.278: [DefNew: 17114K->17114K(18432K), 0.0000100 secs]50.278: [Tenured: 38597K->25060K(40960K), 0.0091680 secs] 55712K->25060K(59392K), [Perm : 6076K->6076K(21248K)], 0.0092270 secs] [Times: user=0.01 sys=0.00, real=0.01 secs] 
50.287: Total time for which application threads were stopped: 0.0093660 seconds, Stopping threads took: 0.0000700 seconds
50.356: Application time: 0.0689470 seconds
50.356: [GC50.356: [DefNew: 15700K->1426K(18432K), 0.0044810 secs] 40760K->40736K(59392K), 0.0045220 secs] [Times: user=0.00 sys=0.00, real=0.00 secs] 
50.361: Total time for which application threads were stopped: 0.0047030 seconds, Stopping threads took: 0.0001120 seconds
50.430: Application time: 0.0688570 seconds
50.430: [GC50.430: [DefNew: 17117K->17117K(18432K), 0.0000100 secs]50.430: [Tenured: 39310K->25061K(40960K), 0.0099600 secs] 56428K->25061K(59392K), [Perm : 6076K->6076K(21248K)], 0.0100190 secs] [Times: user=0.01 sys=0.00, real=0.01 secs] 
50.440: Total time for which application threads were stopped: 0.0102410 seconds, Stopping threads took: 0.0001510 seconds
50.514: Application time: 0.0744300 seconds
50.515: [GC50.515: [DefNew: 15691K->1425K(18432K), 0.0043580 secs] 40752K->40023K(59392K), 0.0043980 secs] [Times: user=0.00 sys=0.00, real=0.00 secs] 
50.519: Total time for which application threads were stopped: 0.0045430 seconds, Stopping threads took: 0.0000680 seconds
50.592: Application time: 0.0733050 seconds
50.592: [GC50.592: [DefNew: 17125K->17125K(18432K), 0.0000110 secs]50.592: [Tenured: 38598K->25061K(40960K), 0.0104680 secs] 55724K->25061K(59392K), [Perm : 6076K->6076K(21248K)], 0.0105280 secs] [Times: user=0.01 sys=0.00, real=0.01 secs] 
50.603: Total time for which application threads were stopped: 0.0107090 seconds, Stopping threads took: 0.0001110 seconds
50.671: Application time: 0.0682270 seconds
50.671: [GC50.671: [DefNew: 15700K->1426K(18432K), 0.0044870 secs] 40761K->40738K(59392K), 0.0045290 secs] [Times: user=0.00 sys=0.00, real=0.01 secs] 
50.676: Total time for which application threads were stopped: 0.0046590 seconds, Stopping threads took: 0.0000600 seconds
50.750: Application time: 0.0736560 seconds
50.750: [GC50.750: [DefNew: 17126K->17126K(18432K), 0.0000110 secs]50.750: [Tenured: 39312K->26485K(40960K), 0.0118150 secs] 56438K->26485K(59392K), [Perm : 6076K->6076K(21248K)], 0.0118730 secs] [Times: user=0.01 sys=0.00, real=0.01 secs] 
50.762: Total time for which application threads were stopped: 0.0121320 seconds, Stopping threads took: 0.0001890 seconds
50.815: Application time: 0.0533710 seconds
50.815: [GC50.815: [DefNew: 15691K->15691K(18432K), 0.0000100 secs]50.815: [Tenured: 26485K->27197K(40960K), 0.0090680 secs] 42176K->27197K(59392K), [Perm : 6076K->6076K(21248K)], 0.0091250 secs] [Times: user=0.01 sys=0.00, real=0.00 secs] 
50.824: Total time for which application threads were stopped: 0.0092590 seconds, Stopping threads took: 0.0000640 seconds
50.878: Application time: 0.0534120 seconds
50.878: [GC50.878: [DefNew: 15708K->15708K(18432K), 0.0000090 secs]50.878: [Tenured: 27197K->27912K(40960K), 0.0098050 secs] 42906K->27912K(59392K), [Perm : 6076K->6076K(21248K)], 0.0098660 secs] [Times: user=0.01 sys=0.00, real=0.01 secs] 
50.888: Total time for which application threads were stopped: 0.0100140 seconds, Stopping threads took: 0.0000780 seconds
50.962: Application time: 0.0746480 seconds
50.963: [GC50.963: [DefNew: 15691K->15691K(18432K), 0.0000090 secs]50.963: [Tenured: 27912K->29337K(40960K), 0.0100830 secs] 43603K->29337K(59392K), [Perm : 6076K->6076K(21248K)], 0.0101430 secs] [Times: user=0.01 sys=0.00, real=0.01 secs] 
50.973: Total time for which application threads were stopped: 0.0103250 seconds, Stopping threads took: 0.0001130 seconds
51.042: Application time: 0.0692780 seconds
51.042: [GC51.042: [DefNew: 15691K->15691K(18432K), 0.0000110 secs]51.042: [Tenured: 29337K->28622K(40960K), 0.0108570 secs] 45028K->28622K(59392K), [Perm : 6076K->6076K(21248K)], 0.0109310 secs] [Times: user=0.02 sys=0.00, real=0.01 secs] 
51.053: Total time for which application threads were stopped: 0.0112380 seconds, Stopping threads took: 0.0002160 seconds
51.126: Application time: 0.0730130 seconds
51.126: [GC51.126: [DefNew: 15708K->15708K(18432K), 0.0000110 secs]51.126: [Tenured: 28622K->28624K(40960K), 0.0097340 secs] 44331K->28624K(59392K), [Perm : 6076K->6076K(21248K)], 0.0097960 secs] [Times: user=0.01 sys=0.00, real=0.01 secs] 
51.136: Total time for which application threads were stopped: 0.0100190 seconds, Stopping threads took: 0.0001410 seconds
51.193: Application time: 0.0571180 seconds
51.194: [GC51.194: [DefNew: 15691K->15691K(18432K), 0.0000100 secs]51.194: [Tenured: 28624K->30049K(40960K), 0.0106670 secs] 44316K->30049K(59392K), [Perm : 6076K->6076K(21248K)], 0.0107270 secs] [Times: user=0.01 sys=0.00, real=0.00 secs] 
51.204: Total time for which application threads were stopped: 0.0109600 seconds, Stopping threads took: 0.0001430 seconds
51.281: Application time: 0.0761670 seconds
51.281: [GC51.281: [DefNew: 15689K->15689K(18432K), 0.0000100 secs]51.281: [Tenured: 30049K->30049K(40960K), 0.0096820 secs] 45739K->30049K(59392K), [Perm : 6076K->6076K(21248K)], 0.0097380 secs] [Times: user=0.01 sys=0.00, real=0.01 secs] 
51.290: Total time for which application threads were stopped: 0.0099320 seconds, Stopping threads took: 0.0001090 seconds
51.361: Application time: 0.0705930 seconds
51.361: [GC51.361: [DefNew: 15691K->15691K(18432K), 0.0000110 secs]51.361: [Tenured: 30049K->28622K(40960K), 0.0116360 secs] 45741K->28622K(59392K), [Perm : 6076K->6076K(21248K)], 0.0116970 secs] [Times: user=0.01 sys=0.00, real=0.01 secs] 
51.373: Total time for which application threads were stopped: 0.0118300 seconds, Stopping threads took: 0.0000610 seconds
51.443: Application time: 0.0697670 seconds
51.443: [GC51.443: [DefNew: 15700K->15700K(18432K), 0.0000110 secs]51.443: [Tenured: 28622K->29336K(40960K), 0.0097770 secs] 44322K->29336K(59392K), [Perm : 6076K->6076K(21248K)], 0.0098390 secs] [Times: user=0.01 sys=0.00, real=0.01 secs] 
51.453: Total time for which application threads were stopped: 0.0099700 seconds, Stopping threads took: 0.0000620 seconds
51.513: Application time: 0.0598870 seconds
51.513: [GC51.513: [DefNew: 15689K->15689K(18432K), 0.0000100 secs]51.513: [Tenured: 29336K->30048K(40960K), 0.0093100 secs] 45025K->30048K(59392K), [Perm : 6076K->6076K(21248K)], 0.0093680 secs] [Times: user=0.01 sys=0.00, real=0.01 secs] 
51.522: Total time for which application threads were stopped: 0.0094950 seconds, Stopping threads took: 0.0000590 seconds
51.565: Application time: 0.0426350 seconds
51.565: [GC51.565: [DefNew: 15698K->15698K(18432K), 0.0000110 secs]51.565: [Tenured: 30048K->27910K(40960K), 0.0114850 secs] 45746K->27910K(59392K), [Perm : 6076K->6076K(21248K)], 0.0115470 secs] [Times: user=0.01 sys=0.00, real=0.02 secs] 
51.576: Total time for which application threads were stopped: 0.0118010 seconds, Stopping threads took: 0.0001720 seconds
51.645: Application time: 0.0684340 seconds
51.645: [GC51.645: [DefNew: 15689K->15689K(18432K), 0.0000100 secs]51.645: [Tenured: 27910K->27910K(40960K), 0.0114550 secs] 43600K->27910K(59392K), [Perm : 6076K->6076K(21248K)], 0.0115150 secs] [Times: user=0.01 sys=0.00, real=0.02 secs] 
51.657: Total time for which application threads were stopped: 0.0116960 seconds, Stopping threads took: 0.0001080 seconds
51.716: Application time: 0.0590780 seconds
51.716: [GC51.716: [DefNew: 15689K->15689K(18432K), 0.0000100 secs]51.716: [Tenured: 27910K->27910K(40960K), 0.0106790 secs] 43600K->27910K(59392K), [Perm : 6076K->6076K(21248K)], 0.0107400 secs] [Times: user=0.01 sys=0.00, real=0.01 secs] 
51.727: Total time for which application threads were stopped: 0.0109200 seconds, Stopping threads took: 0.0000910 seconds
51.789: Application time: 0.0627330 seconds
51.789: [GC51.789: [DefNew: 15706K->15706K(18432K), 0.0000180 secs]51.789: [Tenured: 27910K->26485K(40960K), 0.0098440 secs] 43617K->26485K(59392K), [Perm : 6076K->6076K(21248K)], 0.0099100 secs] [Times: user=0.01 sys=0.00, real=0.01 secs] 
51.799: Total time for which application threads were stopped: 0.0100440 seconds, Stopping threads took: 0.0000630 seconds
51.843: Application time: 0.0437810 seconds
51.843: [GC51.843: [DefNew: 15689K->15689K(18432K), 0.0000100 secs]51.843: [Tenured: 26485K->27198K(40960K), 0.0100090 secs] 42175K->27198K(59392K), [Perm : 6076K->6076K(21248K)], 0.0100690 secs] [Times: user=0.01 sys=0.00, real=0.01 secs] 
51.853: Total time for which application threads were stopped: 0.0102720 seconds, Stopping threads took: 0.0001220 seconds
51.912: Application time: 0.0586340 seconds
51.912: [GC51.912: [DefNew: 15698K->15698K(18432K), 0.0000100 secs]51.912: [Tenured: 27198K->22209K(40960K), 0.0105320 secs] 42896K->22209K(59392K), [Perm : 6076K->6076K(21248K)], 0.0105930 secs] [Times: user=0.01 sys=0.00, real=0.01 secs] 
51.923: Total time for which application threads were stopped: 0.0107320 seconds, Stopping threads took: 0.0000700 seconds
51.973: Application time: 0.0503800 seconds
51.973: [GC51.973: [DefNew: 15696K->1426K(18432K), 0.0035440 secs] 37906K->34324K(59392K), 0.0035850 secs] [Times: user=0.00 sys=0.00, real=0.01 secs] 
51.977: Total time for which application threads were stopped: 0.0037270 seconds, Stopping threads took: 0.0000740 seconds
52.035: Application time: 0.0582690 seconds
52.035: [GC52.035: [DefNew: 17114K->17114K(18432K), 0.0000100 secs]52.035: [Tenured: 32898K->24348K(40960K), 0.0092690 secs] 50012K->24348K(59392K), [Perm : 6076K->6076K(21248K)], 0.0093280 secs] [Times: user=0.01 sys=0.00, real=0.00 secs] 
52.045: Total time for which application threads were stopped: 0.0095750 seconds, Stopping threads took: 0.0001660 seconds
52.088: Application time: 0.0429210 seconds
52.088: [GC52.088: [DefNew: 15696K->1426K(18432K), 0.0036060 secs] 40044K->36462K(59392K), 0.0036470 secs] [Times: user=0.00 sys=0.00, real=0.00 secs] 
52.092: Total time for which application threads were stopped: 0.0039050 seconds, Stopping threads took: 0.0001820 seconds
52.146: Application time: 0.0542810 seconds
52.146: [GC52.146: [DefNew: 17123K->17123K(18432K), 0.0000100 secs]52.146: [Tenured: 35036K->24350K(40960K), 0.0090690 secs] 52159K->24350K(59392K), [Perm : 6076K->6076K(21248K)], 0.0091260 secs] [Times: user=0.01 sys=0.00, real=0.01 secs] 
52.155: Total time for which application threads were stopped: 0.0092680 seconds, Stopping threads took: 0.0000740 seconds
52.217: Application time: 0.0615210 seconds
52.217: [GC52.217: [DefNew: 15688K->1425K(18432K), 0.0035420 secs] 40038K->36463K(59392K), 0.0035840 secs] [Times: user=0.00 sys=0.00, real=0.00 secs] 
52.220: Total time for which application threads were stopped: 0.0037220 seconds, Stopping threads took: 0.0000710 seconds
52.256: Application time: 0.0351670 seconds
52.256: [GC52.256: [DefNew: 17113K->17113K(18432K), 0.0000100 secs]52.256: [Tenured: 35038K->25775K(40960K), 0.0099420 secs] 52152K->25775K(59392K), [Perm : 6076K->6076K(21248K)], 0.0100010 secs] [Times: user=0.01 sys=0.00, real=0.01 secs] 
52.266: Total time for which application threads were stopped: 0.0101390 seconds, Stopping threads took: 0.0000670 seconds
52.332: Application time: 0.0663000 seconds
52.332: [GC52.332: [DefNew: 15688K->15688K(18432K), 0.0000100 secs]52.332: [Tenured: 25775K->25061K(40960K), 0.0103870 secs] 41464K->25061K(59392K), [Perm : 6076K->6076K(21248K)], 0.0104490 secs] [Times: user=0.01 sys=0.00, real=0.01 secs] 
52.343: Total time for which application threads were stopped: 0.0107080 seconds, Stopping threads took: 0.0001900 seconds
52.390: Application time: 0.0469530 seconds
52.390: [GC52.390: [DefNew: 15688K->1425K(18432K), 0.0033320 secs] 40750K->36462K(59392K), 0.0033720 secs] [Times: user=0.00 sys=0.00, real=0.00 secs] 
52.393: Total time for which application threads were stopped: 0.0035030 seconds, Stopping threads took: 0.0000640 seconds
52.438: Application time: 0.0453270 seconds
52.439: [GC52.439: [DefNew: 17122K->17122K(18432K), 0.0000110 secs]52.439: [Tenured: 35037K->25062K(40960K), 0.0097730 secs] 52159K->25062K(59392K), [Perm : 6076K->6076K(21248K)], 0.0098410 secs] [Times: user=0.01 sys=0.00, real=0.01 secs] 
52.449: Total time for which application threads were stopped: 0.0100360 seconds, Stopping threads took: 0.0001220 seconds
52.505: Application time: 0.0564770 seconds
52.505: [GC52.505: [DefNew: 15688K->1425K(18432K), 0.0033720 secs] 40751K->36464K(59392K), 0.0034150 secs] [Times: user=0.01 sys=0.00, real=0.01 secs] 
52.509: Total time for which application threads were stopped: 0.0036100 seconds, Stopping threads took: 0.0001080 seconds
52.559: Application time: 0.0499760 seconds
52.559: [GC52.559: [DefNew: 17122K->17122K(18432K), 0.0000100 secs]52.559: [Tenured: 35038K->25776K(40960K), 0.0097080 secs] 52161K->25776K(59392K), [Perm : 6076K->6076K(21248K)], 0.0097680 secs] [Times: user=0.01 sys=0.00, real=0.01 secs] 
52.568: Total time for which application threads were stopped: 0.0098990 seconds, Stopping threads took: 0.0000600 seconds
52.613: Application time: 0.0440500 seconds
52.613: [GC52.613: [DefNew: 15688K->15688K(18432K), 0.0000090 secs]52.613: [Tenured: 25776K->25063K(40960K), 0.0097160 secs] 41465K->25063K(59392K), [Perm : 6076K->6076K(21248K)], 0.0097760 secs] [Times: user=0.01 sys=0.00, real=0.01 secs] 
52.623: Total time for which application threads were stopped: 0.0099850 seconds, Stopping threads took: 0.0001120 seconds
52.685: Application time: 0.0626530 seconds
52.685: [GC52.685: [DefNew: 15688K->1425K(18432K), 0.0034940 secs] 40752K->37177K(59392K), 0.0035350 secs] [Times: user=0.00 sys=0.00, real=0.01 secs] 
52.689: Total time for which application threads were stopped: 0.0037200 seconds, Stopping threads took: 0.0001170 seconds
52.730: Application time: 0.0415060 seconds
52.731: [GC52.731: [DefNew: 17114K->17114K(18432K), 0.0000110 secs]52.731: [Tenured: 35752K->25774K(40960K), 0.0116400 secs] 52866K->25774K(59392K), [Perm : 6076K->6076K(21248K)], 0.0117030 secs] [Times: user=0.02 sys=0.00, real=0.01 secs] 
52.742: Total time for which application threads were stopped: 0.0119280 seconds, Stopping threads took: 0.0001340 seconds
52.804: Application time: 0.0616950 seconds
52.804: [GC52.804: [DefNew: 15705K->15705K(18432K), 0.0000100 secs]52.804: [Tenured: 25774K->26489K(40960K), 0.0108470 secs] 41480K->26489K(59392K), [Perm : 6076K->6076K(21248K)], 0.0109060 secs] [Times: user=0.01 sys=0.00, real=0.02 secs] 
52.815: Total time for which application threads were stopped: 0.0111390 seconds, Stopping threads took: 0.0001450 seconds
52.861: Application time: 0.0457990 seconds
52.861: [GC52.861: [DefNew: 15688K->15688K(18432K), 0.0000100 secs]52.861: [Tenured: 26489K->26488K(40960K), 0.0097110 secs] 42177K->26488K(59392K), [Perm : 6076K->6076K(21248K)], 0.0097710 secs] [Times: user=0.01 sys=0.00, real=0.01 secs] 
52.871: Total time for which application threads were stopped: 0.0099180 seconds, Stopping threads took: 0.0000760 seconds
52.928: Application time: 0.0569560 seconds
52.928: [GC52.928: [DefNew: 15697K->15697K(18432K), 0.0000110 secs]52.928: [Tenured: 26488K->27915K(40960K), 0.0105850 secs] 42186K->27915K(59392K), [Perm : 6076K->6076K(21248K)], 0.0106470 secs] [Times: user=0.01 sys=0.00, real=0.01 secs] 
52.939: Total time for which application threads were stopped: 0.0108090 seconds, Stopping threads took: 0.0000910 seconds
52.988: Application time: 0.0489510 seconds
52.988: [GC52.988: [DefNew: 15697K->15697K(18432K), 0.0000100 secs]52.988: [Tenured: 27915K->27912K(40960K), 0.0102290 secs] 43612K->27912K(59392K), [Perm : 6076K->6076K(21248K)], 0.0102830 secs] [Times: user=0.01 sys=0.00, real=0.01 secs] 
52.998: Total time for which application threads were stopped: 0.0104260 seconds, Stopping threads took: 0.0000760 seconds
53.045: Application time: 0.0466780 seconds
53.045: [GC53.045: [DefNew: 15688K->15688K(18432K), 0.0000100 secs]53.045: [Tenured: 27912K->29337K(40960K), 0.0099190 secs] 43601K->29337K(59392K), [Perm : 6076K->6076K(21248K)], 0.0099800 secs] [Times: user=0.01 sys=0.00, real=0.02 secs] 
53.055: Total time for which application threads were stopped: 0.0102110 seconds, Stopping threads took: 0.0001330 seconds
53.115: Application time: 0.0597340 seconds
53.115: [GC53.115: [DefNew: 15688K->15688K(18432K), 0.0000090 secs]53.115: [Tenured: 29337K->28624K(40960K), 0.0092980 secs] 45026K->28624K(59392K), [Perm : 6076K->6076K(21248K)], 0.0093560 secs] [Times: user=0.01 sys=0.00, real=0.00 secs] 
53.124: Total time for which application threads were stopped: 0.0095340 seconds, Stopping threads took: 0.0000830 seconds
53.166: Application time: 0.0420850 seconds
53.166: [GC53.166: [DefNew: 15688K->15688K(18432K), 0.0000100 secs]53.166: [Tenured: 28624K->29337K(40960K), 0.0098310 secs] 44313K->29337K(59392K), [Perm : 6076K->6076K(21248K)], 0.0098910 secs] [Times: user=0.01 sys=0.00, real=0.01 secs] 
53.176: Total time for which application threads were stopped: 0.0100790 seconds, Stopping threads took: 0.0001170 seconds
53.225: Application time: 0.0487880 seconds
53.225: [GC53.225: [DefNew: 16383K->16383K(18432K), 0.0000090 secs]53.225: [Tenured: 29337K->26494K(40960K), 0.0104390 secs] 45720K->26494K(59392K), [Perm : 6076K->6076K(21248K)], 0.0104950 secs] [Times: user=0.01 sys=0.00, real=0.02 secs] 
53.236: Total time for which application threads were stopped: 0.0106290 seconds, Stopping threads took: 0.0000670 seconds
53.253: Application time: 0.0175040 seconds
53.254: [GC53.254: [DefNew: 15747K->15747K(18432K), 0.0000110 secs]53.254: [Tenured: 26494K->27199K(40960K), 0.0096640 secs] 42241K->27199K(59392K), [Perm : 6076K->6076K(21248K)], 0.0097350 secs] [Times: user=0.01 sys=0.00, real=0.00 secs] 
53.263: Total time for which application threads were stopped: 0.0099790 seconds, Stopping threads took: 0.0001520 seconds
53.274: Application time: 0.0102080 seconds
53.274: [GC53.274: [DefNew: 15683K->15683K(18432K), 0.0000100 secs]53.274: [Tenured: 27199K->28624K(40960K), 0.0097770 secs] 42883K->28624K(59392K), [Perm : 6076K->6076K(21248K)], 0.0098380 secs] [Times: user=0.01 sys=0.00, real=0.00 secs] 
53.283: Total time for which application threads were stopped: 0.0099860 seconds, Stopping threads took: 0.0000720 seconds
53.299: Application time: 0.0156250 seconds
53.299: [GC53.299: [DefNew: 15685K->15685K(18432K), 0.0000110 secs]53.299: [Tenured: 28624K->31475K(40960K), 0.0079950 secs] 44310K->31475K(59392K), [Perm : 6076K->6076K(21248K)], 0.0080540 secs] [Times: user=0.01 sys=0.00, real=0.01 secs] 
53.307: Total time for which application threads were stopped: 0.0083340 seconds, Stopping threads took: 0.0001890 seconds
53.322: Application time: 0.0145330 seconds
53.322: [GC53.322: [DefNew: 15679K->15679K(18432K), 0.0000110 secs]53.322: [Tenured: 31475K->30049K(40960K), 0.0100930 secs] 47155K->30049K(59392K), [Perm : 6076K->6076K(21248K)], 0.0101550 secs] [Times: user=0.01 sys=0.00, real=0.01 secs] 
53.332: Total time for which application threads were stopped: 0.0104740 seconds, Stopping threads took: 0.0002240 seconds
53.346: Application time: 0.0134930 seconds
53.346: [GC53.346: [DefNew: 15688K->15688K(18432K), 0.0000100 secs]53.346: [Tenured: 30049K->28624K(40960K), 0.0086730 secs] 45737K->28624K(59392K), [Perm : 6076K->6076K(21248K)], 0.0087340 secs] [Times: user=0.01 sys=0.00, real=0.01 secs] 
53.355: Total time for which application threads were stopped: 0.0089380 seconds, Stopping threads took: 0.0001230 seconds
53.368: Application time: 0.0131120 seconds
53.368: [GC53.368: [DefNew: 15681K->15681K(18432K), 0.0000090 secs]53.368: [Tenured: 28624K->29337K(40960K), 0.0087400 secs] 44305K->29337K(59392K), [Perm : 6076K->6076K(21248K)], 0.0087950 secs] [Times: user=0.00 sys=0.00, real=0.01 secs] 
53.377: Total time for which application threads were stopped: 0.0089520 seconds, Stopping threads took: 0.0000880 seconds
53.386: Application time: 0.0085780 seconds
53.386: [GC53.386: [DefNew: 15685K->15685K(18432K), 0.0000110 secs]53.386: [Tenured: 29337K->27199K(40960K), 0.0093530 secs] 45022K->27199K(59392K), [Perm : 6076K->6076K(21248K)], 0.0094120 secs] [Times: user=0.01 sys=0.00, real=0.01 secs] 
53.395: Total time for which application threads were stopped: 0.0095720 seconds, Stopping threads took: 0.0000770 seconds
53.408: Application time: 0.0133050 seconds
53.409: [GC53.409: [DefNew: 15690K->15690K(18432K), 0.0000100 secs]53.409: [Tenured: 27199K->30049K(40960K), 0.0086900 secs] 42890K->30049K(59392K), [Perm : 6076K->6076K(21248K)], 0.0087500 secs] [Times: user=0.01 sys=0.00, real=0.01 secs] 
53.417: Total time for which application threads were stopped: 0.0089000 seconds, Stopping threads took: 0.0000750 seconds
53.429: Application time: 0.0119760 seconds
53.429: [GC53.429: [DefNew: 15681K->15681K(18432K), 0.0000110 secs]53.430: [Tenured: 30049K->29337K(40960K), 0.0094030 secs] 45731K->29337K(59392K), [Perm : 6076K->6076K(21248K)], 0.0094650 secs] [Times: user=0.01 sys=0.00, real=0.01 secs] 
53.439: Total time for which application threads were stopped: 0.0096630 seconds, Stopping threads took: 0.0001240 seconds
53.453: Application time: 0.0140580 seconds
53.453: [GC53.453: [DefNew: 15690K->15690K(18432K), 0.0000090 secs]53.453: [Tenured: 29337K->28624K(40960K), 0.0093580 secs] 45027K->28624K(59392K), [Perm : 6076K->6076K(21248K)], 0.0094180 secs] [Times: user=0.01 sys=0.00, real=0.01 secs] 
53.463: Total time for which application threads were stopped: 0.0096020 seconds, Stopping threads took: 0.0001130 seconds
53.505: Application time: 0.0424110 seconds
53.505: [GC53.505: [DefNew: 15728K->15728K(18432K), 0.0000100 secs]53.505: [Tenured: 28624K->28653K(40960K), 0.0096750 secs] 44353K->28653K(59392K), [Perm : 6076K->6076K(21248K)], 0.0097330 secs] [Times: user=0.01 sys=0.00, real=0.02 secs] 
53.515: Total time for which application threads were stopped: 0.0098710 seconds, Stopping threads took: 0.0000680 seconds
53.533: Application time: 0.0176110 seconds
53.533: [GC53.533: [DefNew: 15677K->15677K(18432K), 0.0000110 secs]53.533: [Tenured: 28653K->27911K(40960K), 0.0119570 secs] 44330K->27911K(59392K), [Perm : 6076K->6076K(21248K)], 0.0120220 secs] [Times: user=0.02 sys=0.00, real=0.01 secs] 
53.545: Total time for which application threads were stopped: 0.0122200 seconds, Stopping threads took: 0.0001240 seconds
53.555: Application time: 0.0106960 seconds
53.556: [GC53.556: [DefNew: 15683K->15683K(18432K), 0.0000100 secs]53.556: [Tenured: 27911K->30049K(40960K), 0.0098410 secs] 43595K->30049K(59392K), [Perm : 6076K->6076K(21248K)], 0.0099040 secs] [Times: user=0.01 sys=0.00, real=0.01 secs] 
53.566: Total time for which application threads were stopped: 0.0102010 seconds, Stopping threads took: 0.0002230 seconds
53.581: Application time: 0.0153760 seconds
53.581: [GC53.581: [DefNew: 15687K->15687K(18432K), 0.0000100 secs]53.581: [Tenured: 30049K->30761K(40960K), 0.0097210 secs] 45737K->30761K(59392K), [Perm : 6076K->6076K(21248K)], 0.0097810 secs] [Times: user=0.01 sys=0.00, real=0.01 secs] 
53.591: Total time for which application threads were stopped: 0.0100370 seconds, Stopping threads took: 0.0001820 seconds
53.604: Application time: 0.0133790 seconds
53.605: [GC53.605: [DefNew: 15679K->15679K(18432K), 0.0000100 secs]53.605: [Tenured: 30761K->30761K(40960K), 0.0096420 secs] 46441K->30761K(59392K), [Perm : 6076K->6076K(21248K)], 0.0097010 secs] [Times: user=0.01 sys=0.00, real=0.02 secs] 
53.614: Total time for which application threads were stopped: 0.0098790 seconds, Stopping threads took: 0.0000960 seconds
53.626: Application time: 0.0121080 seconds
53.627: [GC53.627: [DefNew: 15690K->15690K(18432K), 0.0000090 secs]53.627: [Tenured: 30761K->28624K(40960K), 0.0093090 secs] 46452K->28624K(59392K), [Perm : 6076K->6076K(21248K)], 0.0093680 secs] [Times: user=0.01 sys=0.00, real=0.01 secs] 
53.636: Total time for which application threads were stopped: 0.0095340 seconds, Stopping threads took: 0.0000820 seconds
53.649: Application time: 0.0134590 seconds
53.650: [GC53.650: [DefNew: 15679K->15679K(18432K), 0.0000110 secs]53.650: [Tenured: 28624K->30049K(40960K), 0.0059280 secs] 44303K->30049K(59392K), [Perm : 6076K->6076K(21248K)], 0.0059850 secs] [Times: user=0.00 sys=0.00, real=0.01 secs] 
53.656: Total time for which application threads were stopped: 0.0061760 seconds, Stopping threads took: 0.0001130 seconds
53.669: Application time: 0.0134300 seconds
53.669: [GC53.669: [DefNew: 15690K->15690K(18432K), 0.0000100 secs]53.669: [Tenured: 30049K->28624K(40960K), 0.0086710 secs] 45740K->28624K(59392K), [Perm : 6076K->6076K(21248K)], 0.0087250 secs] [Times: user=0.01 sys=0.00, real=0.01 secs] 
53.678: Total time for which application threads were stopped: 0.0089270 seconds, Stopping threads took: 0.0001300 seconds
53.688: Application time: 0.0103750 seconds
53.689: [GC53.689: [DefNew: 15683K->15683K(18432K), 0.0000090 secs]53.689: [Tenured: 28624K->29337K(40960K), 0.0090760 secs] 44308K->29337K(59392K), [Perm : 6076K->6076K(21248K)], 0.0091300 secs] [Times: user=0.01 sys=0.00, real=0.01 secs] 
53.698: Total time for which application threads were stopped: 0.0093140 seconds, Stopping threads took: 0.0001150 seconds
53.710: Application time: 0.0118920 seconds
53.710: [GC53.710: [DefNew: 15680K->15680K(18432K), 0.0000100 secs]53.710: [Tenured: 29337K->28624K(40960K), 0.0103030 secs] 45017K->28624K(59392K), [Perm : 6076K->6076K(21248K)], 0.0103670 secs] [Times: user=0.01 sys=0.00, real=0.01 secs] 
53.720: Total time for which application threads were stopped: 0.0105660 seconds, Stopping threads took: 0.0001230 seconds
53.744: Application time: 0.0237160 seconds
53.744: [GC53.744: [DefNew: 16292K->16292K(18432K), 0.0000100 secs]53.744: [Tenured: 28624K->25810K(40960K), 0.0099340 secs] 44916K->25810K(59392K), [Perm : 6076K->6076K(21248K)], 0.0099930 secs] [Times: user=0.01 sys=0.00, real=0.02 secs] 
53.754: Total time for which application threads were stopped: 0.0101720 seconds, Stopping threads took: 0.0001100 seconds
53.771: Application time: 0.0170330 seconds
53.771: [GC53.771: [DefNew: 15837K->15837K(18432K), 0.0000100 secs]53.771: [Tenured: 25810K->28653K(40960K), 0.0099290 secs] 41647K->28653K(59392K), [Perm : 6076K->6076K(21248K)], 0.0099910 secs] [Times: user=0.01 sys=0.00, real=0.01 secs] 
53.781: Total time for which application threads were stopped: 0.0102540 seconds, Stopping threads took: 0.0001710 seconds
53.796: Application time: 0.0149190 seconds
53.796: [GC53.796: [DefNew: 15679K->15679K(18432K), 0.0000100 secs]53.796: [Tenured: 28653K->28653K(40960K), 0.0086930 secs] 44332K->28653K(59392K), [Perm : 6076K->6076K(21248K)], 0.0087510 secs] [Times: user=0.01 sys=0.00, real=0.00 secs] 
53.805: Total time for which application threads were stopped: 0.0089010 seconds, Stopping threads took: 0.0000700 seconds
53.821: Application time: 0.0159760 seconds
53.821: [GC53.821: [DefNew: 15687K->15687K(18432K), 0.0000100 secs]53.821: [Tenured: 28653K->27198K(40960K), 0.0104060 secs] 44340K->27198K(59392K), [Perm : 6076K->6076K(21248K)], 0.0104660 secs] [Times: user=0.02 sys=0.00, real=0.01 secs] 
53.832: Total time for which application threads were stopped: 0.0106160 seconds, Stopping threads took: 0.0000760 seconds
53.842: Application time: 0.0102710 seconds
53.842: [GC53.842: [DefNew: 15683K->15683K(18432K), 0.0000090 secs]53.842: [Tenured: 27198K->28623K(40960K), 0.0098720 secs] 42882K->28623K(59392K), [Perm : 6076K->6076K(21248K)], 0.0099300 secs] [Times: user=0.01 sys=0.00, real=0.01 secs] 
53.852: Total time for which application threads were stopped: 0.0101240 seconds, Stopping threads took: 0.0001210 seconds
53.867: Application time: 0.0150840 seconds
53.867: [GC53.867: [DefNew: 15687K->15687K(18432K), 0.0000090 secs]53.867: [Tenured: 28623K->27911K(40960K), 0.0091550 secs] 44311K->27911K(59392K), [Perm : 6076K->6076K(21248K)], 0.0092140 secs] [Times: user=0.01 sys=0.00, real=0.01 secs] 
53.877: Total time for which application threads were stopped: 0.0094110 seconds, Stopping threads took: 0.0001230 seconds
53.890: Application time: 0.0136400 seconds
53.890: [GC53.890: [DefNew: 15678K->15678K(18432K), 0.0000090 secs]53.890: [Tenured: 27911K->29336K(40960K), 0.0059540 secs] 43590K->29336K(59392K), [Perm : 6076K->6076K(21248K)], 0.0060080 secs] [Times: user=0.00 sys=0.00, real=0.01 secs] 
53.896: Total time for which application threads were stopped: 0.0061700 seconds, Stopping threads took: 0.0000850 seconds
53.909: Application time: 0.0130180 seconds
53.910: [GC53.910: [DefNew: 15682K->15682K(18432K), 0.0000100 secs]53.910: [Tenured: 29336K->27911K(40960K), 0.0087320 secs] 45018K->27911K(59392K), [Perm : 6076K->6076K(21248K)], 0.0087920 secs] [Times: user=0.00 sys=0.00, real=0.01 secs] 
53.918: Total time for which application threads were stopped: 0.0089430 seconds, Stopping threads took: 0.0000780 seconds
53.929: Application time: 0.0103930 seconds
53.929: [GC53.929: [DefNew: 15692K->15692K(18432K), 0.0000100 secs]53.929: [Tenured: 27911K->28624K(40960K), 0.0098380 secs] 43603K->28624K(59392K), [Perm : 6076K->6076K(21248K)], 0.0098990 secs] [Times: user=0.01 sys=0.00, real=0.01 secs] 
53.939: Total time for which application threads were stopped: 0.0100470 seconds, Stopping threads took: 0.0000740 seconds
53.952: Application time: 0.0133540 seconds
53.952: [GC53.952: [DefNew: 15679K->15679K(18432K), 0.0000100 secs]53.952: [Tenured: 28624K->29336K(40960K), 0.0060180 secs] 44303K->29336K(59392K), [Perm : 6076K->6076K(21248K)], 0.0060720 secs] [Times: user=0.01 sys=0.00, real=0.01 secs] 
53.958: Total time for which application threads were stopped: 0.0062210 seconds, Stopping threads took: 0.0000790 seconds
53.967: Application time: 0.0089000 seconds
53.968: [GC53.968: [DefNew: 15683K->15683K(18432K), 0.0000100 secs]53.968: [Tenured: 29336K->28623K(40960K), 0.0101830 secs] 45020K->28623K(59392K), [Perm : 6076K->6076K(21248K)], 0.0102410 secs] [Times: user=0.01 sys=0.00, real=0.01 secs] 
53.978: Total time for which application threads were stopped: 0.0104550 seconds, Stopping threads took: 0.0001240 seconds
54.047: Application time: 0.0688410 seconds
54.047: [GC54.047: [DefNew: 15698K->15698K(18432K), 0.0000110 secs]54.047: [Tenured: 28623K->26486K(40960K), 0.0104470 secs] 44322K->26486K(59392K), [Perm : 6076K->6076K(21248K)], 0.0105080 secs] [Times: user=0.01 sys=0.00, real=0.01 secs] 
54.057: Total time for which application threads were stopped: 0.0107080 seconds, Stopping threads took: 0.0001270 seconds
54.075: Application time: 0.0172980 seconds
54.075: [GC54.075: [DefNew: 15771K->15771K(18432K), 0.0000090 secs]54.075: [Tenured: 26486K->27967K(40960K), 0.0105210 secs] 42257K->27967K(59392K), [Perm : 6077K->6077K(21248K)], 0.0105790 secs] [Times: user=0.01 sys=0.00, real=0.00 secs] 
54.085: Total time for which application threads were stopped: 0.0108010 seconds, Stopping threads took: 0.0001400 seconds
54.095: Application time: 0.0093780 seconds
54.098: [GC54.098: [DefNew: 15681K->15681K(18432K), 0.0000100 secs]54.098: [Tenured: 27967K->27967K(40960K), 0.0097790 secs] 43649K->27967K(59392K), [Perm : 6077K->6077K(21248K)], 0.0098400 secs] [Times: user=0.01 sys=0.00, real=0.01 secs] 
54.108: Total time for which application threads were stopped: 0.0128100 seconds, Stopping threads took: 0.0028980 seconds
54.116: Application time: 0.0083350 seconds
54.116: [GC54.116: [DefNew: 15681K->15681K(18432K), 0.0000090 secs]54.116: [Tenured: 27967K->27255K(40960K), 0.0095280 secs] 43649K->27255K(59392K), [Perm : 6077K->6077K(21248K)], 0.0095880 secs] [Times: user=0.01 sys=0.00, real=0.01 secs] 
54.126: Total time for which application threads were stopped: 0.0098570 seconds, Stopping threads took: 0.0001980 seconds
54.134: Application time: 0.0084500 seconds
54.134: [GC54.135: [DefNew: 15679K->15679K(18432K), 0.0000100 secs]54.135: [Tenured: 27255K->26485K(40960K), 0.0106870 secs] 42934K->26485K(59392K), [Perm : 6077K->6077K(21248K)], 0.0107490 secs] [Times: user=0.01 sys=0.00, real=0.00 secs] 
54.145: Total time for which application threads were stopped: 0.0109870 seconds, Stopping threads took: 0.0001320 seconds
54.153: Application time: 0.0079880 seconds
54.153: [GC54.153: [DefNew: 15693K->15693K(18432K), 0.0000100 secs]54.153: [Tenured: 26485K->27910K(40960K), 0.0093780 secs] 42179K->27910K(59392K), [Perm : 6077K->6077K(21248K)], 0.0094450 secs] [Times: user=0.00 sys=0.00, real=0.01 secs] 
54.163: Total time for which application threads were stopped: 0.0096110 seconds, Stopping threads took: 0.0000930 seconds
54.175: Application time: 0.0121830 seconds
54.175: [GC54.175: [DefNew: 15681K->15681K(18432K), 0.0000100 secs]54.175: [Tenured: 27910K->26485K(40960K), 0.0089660 secs] 43592K->26485K(59392K), [Perm : 6077K->6077K(21248K)], 0.0090340 secs] [Times: user=0.01 sys=0.00, real=0.00 secs] 
54.184: Total time for which application threads were stopped: 0.0091870 seconds, Stopping threads took: 0.0000860 seconds
54.191: Application time: 0.0067610 seconds
54.191: [GC54.191: [DefNew: 15689K->15689K(18432K), 0.0000080 secs]54.191: [Tenured: 26485K->27198K(40960K), 0.0093610 secs] 42175K->27198K(59392K), [Perm : 6077K->6077K(21248K)], 0.0094190 secs] [Times: user=0.01 sys=0.00, real=0.01 secs] 
54.201: Total time for which application threads were stopped: 0.0095910 seconds, Stopping threads took: 0.0001060 seconds
54.206: Application time: 0.0050200 seconds
54.206: [GC54.206: [DefNew: 15679K->15679K(18432K), 0.0000110 secs]54.206: [Tenured: 27198K->25773K(40960K), 0.0097620 secs] 42877K->25773K(59392K), [Perm : 6077K->6077K(21248K)], 0.0098260 secs] [Times: user=0.02 sys=0.00, real=0.01 secs] 
54.216: Total time for which application threads were stopped: 0.0099730 seconds, Stopping threads took: 0.0000710 seconds
54.221: Application time: 0.0053400 seconds
54.222: [GC54.222: [DefNew: 15690K->15690K(18432K), 0.0000110 secs]54.222: [Tenured: 25773K->25773K(40960K), 0.0103630 secs] 41463K->25773K(59392K), [Perm : 6077K->6077K(21248K)], 0.0104260 secs] [Times: user=0.01 sys=0.00, real=0.01 secs] 
54.232: Total time for which application threads were stopped: 0.0111930 seconds, Stopping threads took: 0.0006740 seconds
54.237: Application time: 0.0047500 seconds
54.238: [GC54.238: [DefNew: 15680K->15680K(18432K), 0.0000110 secs]54.238: [Tenured: 25773K->25061K(40960K), 0.0084840 secs] 41454K->25061K(59392K), [Perm : 6077K->6077K(21248K)], 0.0085450 secs] [Times: user=0.01 sys=0.00, real=0.01 secs] 
54.247: Total time for which application threads were stopped: 0.0096210 seconds, Stopping threads took: 0.0009850 seconds
54.251: Application time: 0.0040570 seconds
54.251: [GC54.251: [DefNew: 15681K->1425K(18432K), 0.0008330 secs] 40742K->27911K(59392K), 0.0008640 secs] [Times: user=0.00 sys=0.00, real=0.00 secs] 
54.252: Total time for which application threads were stopped: 0.0016650 seconds, Stopping threads took: 0.0007420 seconds
54.257: Application time: 0.0047670 seconds
54.257: [GC54.257: [DefNew: 17111K->17111K(18432K), 0.0000090 secs]54.257: [Tenured: 26486K->23636K(40960K), 0.0089660 secs] 43598K->23636K(59392K), [Perm : 6077K->6077K(21248K)], 0.0090240 secs] [Times: user=0.01 sys=0.00, real=0.01 secs] 
54.266: Total time for which application threads were stopped: 0.0092760 seconds, Stopping threads took: 0.0001800 seconds
54.270: Application time: 0.0042130 seconds
54.271: [GC54.271: [DefNew: 16121K->1462K(18432K), 0.0007250 secs] 39757K->25811K(59392K), 0.0007570 secs] [Times: user=0.00 sys=0.00, real=0.00 secs] 
54.272: Total time for which application threads were stopped: 0.0011920 seconds, Stopping threads took: 0.0003540 seconds
54.276: Application time: 0.0039540 seconds
54.276: [GC54.276: [DefNew: 17257K->1433K(18432K), 0.0011030 secs] 41606K->27951K(59392K), 0.0011360 secs] [Times: user=0.01 sys=0.00, real=0.00 secs] 
54.277: Total time for which application threads were stopped: 0.0014390 seconds, Stopping threads took: 0.0002210 seconds
54.281: Application time: 0.0038980 seconds
54.281: [GC54.281: [DefNew: 17232K->17232K(18432K), 0.0000110 secs]54.281: [Tenured: 26518K->22214K(40960K), 0.0115390 secs] 43750K->22214K(59392K), [Perm : 6077K->6077K(21248K)], 0.0115950 secs] [Times: user=0.01 sys=0.00, real=0.01 secs] 
54.293: Total time for which application threads were stopped: 0.0118620 seconds, Stopping threads took: 0.0001770 seconds
54.297: Application time: 0.0041350 seconds
54.297: [GC54.297: [DefNew: 15777K->1425K(18432K), 0.0013700 secs] 37992K->26490K(59392K), 0.0014050 secs] [Times: user=0.00 sys=0.00, real=0.00 secs] 
54.299: Total time for which application threads were stopped: 0.0017430 seconds, Stopping threads took: 0.0002650 seconds
54.303: Application time: 0.0038660 seconds
54.303: [GC54.303: [DefNew: 17123K->1426K(18432K), 0.0022170 secs] 42188K->31480K(59392K), 0.0022580 secs] [Times: user=0.00 sys=0.00, real=0.01 secs] 
54.306: Total time for which application threads were stopped: 0.0030330 seconds, Stopping threads took: 0.0006880 seconds
54.310: Application time: 0.0041310 seconds
54.311: [GC54.311: [DefNew: 17108K->17108K(18432K), 0.0000100 secs]54.311: [Tenured: 30053K->20785K(40960K), 0.0082280 secs] 47161K->20785K(59392K), [Perm : 6077K->6077K(21248K)], 0.0082870 secs] [Times: user=0.01 sys=0.00, real=0.01 secs] 
54.319: Total time for which application threads were stopped: 0.0091880 seconds, Stopping threads took: 0.0008220 seconds
54.327: Application time: 0.0080080 seconds
54.327: [GC54.327: [DefNew: 16323K->1462K(18432K), 0.0011400 secs] 37108K->23672K(59392K), 0.0011710 secs] [Times: user=0.01 sys=0.00, real=0.00 secs] 
54.328: Total time for which application threads were stopped: 0.0013460 seconds, Stopping threads took: 0.0000960 seconds
54.333: Application time: 0.0044280 seconds
54.333: [GC54.333: [DefNew: 17270K->1426K(18432K), 0.0023150 secs] 39480K->29366K(59392K), 0.0023530 secs] [Times: user=0.00 sys=0.00, real=0.01 secs] 
54.335: Total time for which application threads were stopped: 0.0024920 seconds, Stopping threads took: 0.0000650 seconds
54.339: Application time: 0.0038970 seconds
54.340: [GC54.340: [DefNew: 17106K->17106K(18432K), 0.0000110 secs]54.340: [Tenured: 27939K->25090K(40960K), 0.0098920 secs] 45045K->25090K(59392K), [Perm : 6077K->6077K(21248K)], 0.0099520 secs] [Times: user=0.01 sys=0.00, real=0.01 secs] 
54.350: Total time for which application threads were stopped: 0.0105690 seconds, Stopping threads took: 0.0005460 seconds
54.355: Application time: 0.0056350 seconds
54.356: [GC54.356: [DefNew: 15687K->1426K(18432K), 0.0008190 secs] 40777K->27941K(59392K), 0.0008490 secs] [Times: user=0.00 sys=0.00, real=0.00 secs] 
54.357: Total time for which application threads were stopped: 0.0013740 seconds, Stopping threads took: 0.0004490 seconds
54.361: Application time: 0.0041600 seconds
54.362: [GC54.362: [DefNew: 17107K->1425K(18432K), 0.0014860 secs] 43622K->30791K(59392K), 0.0015220 secs] [Times: user=0.00 sys=0.00, real=0.00 secs] 
54.363: Total time for which application threads were stopped: 0.0025420 seconds, Stopping threads took: 0.0009340 seconds
54.368: Application time: 0.0044920 seconds
54.368: [GC54.368: [DefNew: 17111K->17111K(18432K), 0.0000090 secs]54.368: [Tenured: 29366K->25090K(40960K), 0.0090800 secs] 46477K->25090K(59392K), [Perm : 6077K->6077K(21248K)], 0.0091390 secs] [Times: user=0.01 sys=0.00, real=0.01 secs] 
54.378: Total time for which application threads were stopped: 0.0096190 seconds, Stopping threads took: 0.0003970 seconds
54.381: Application time: 0.0036840 seconds
54.382: [GC54.382: [DefNew: 15682K->1425K(18432K), 0.0016140 secs] 40772K->30078K(59392K), 0.0016520 secs] [Times: user=0.01 sys=0.00, real=0.00 secs] 
54.384: Total time for which application threads were stopped: 0.0026330 seconds, Stopping threads took: 0.0009040 seconds
54.387: Application time: 0.0036040 seconds
54.388: [GC54.388: [DefNew: 17105K->1425K(18432K), 0.0014390 secs] 45758K->32928K(59392K), 0.0014750 secs] [Times: user=0.01 sys=0.00, real=0.00 secs] 
54.389: Total time for which application threads were stopped: 0.0018430 seconds, Stopping threads took: 0.0002910 seconds
54.394: Application time: 0.0044360 seconds
54.395: [GC54.395: [DefNew: 17121K->17121K(18432K), 0.0000100 secs]54.395: [Tenured: 31503K->22211K(40960K), 0.0103550 secs] 48624K->22211K(59392K), [Perm : 6077K->6077K(21248K)], 0.0104120 secs] [Times: user=0.01 sys=0.00, real=0.00 secs] 
54.405: Total time for which application threads were stopped: 0.0114750 seconds, Stopping threads took: 0.0009730 seconds
54.409: Application time: 0.0036060 seconds
54.409: [GC54.409: [DefNew: 15681K->1425K(18432K), 0.0009200 secs] 37892K->25061K(59392K), 0.0009600 secs] [Times: user=0.00 sys=0.00, real=0.00 secs] 
54.410: Total time for which application threads were stopped: 0.0011850 seconds, Stopping threads took: 0.0001460 seconds
54.414: Application time: 0.0035920 seconds
54.414: [GC54.414: [DefNew: 17106K->1425K(18432K), 0.0009250 secs] 40742K->26486K(59392K), 0.0009560 secs] [Times: user=0.00 sys=0.00, real=0.00 secs] 
54.415: Total time for which application threads were stopped: 0.0011690 seconds, Stopping threads took: 0.0001430 seconds
54.418: Application time: 0.0034340 seconds
54.419: [GC54.419: [DefNew: 17105K->1425K(18432K), 0.0008680 secs] 42167K->27911K(59392K), 0.0008970 secs] [Times: user=0.00 sys=0.00, real=0.00 secs] 
54.420: Total time for which application threads were stopped: 0.0012920 seconds, Stopping threads took: 0.0003250 seconds
54.426: Application time: 0.0060820 seconds
54.426: [GC54.426: [DefNew: 17114K->1426K(18432K), 0.0011300 secs] 43601K->30050K(59392K), 0.0011610 secs] [Times: user=0.00 sys=0.00, real=0.00 secs] 
54.427: Total time for which application threads were stopped: 0.0013000 seconds, Stopping threads took: 0.0000770 seconds
54.431: Application time: 0.0043770 seconds
54.434: [GC54.434: [DefNew: 17118K->1426K(18432K), 0.0017860 secs] 45742K->34326K(59392K), 0.0018230 secs] [Times: user=0.01 sys=0.00, real=0.00 secs] 
54.435: Total time for which application threads were stopped: 0.0040840 seconds, Stopping threads took: 0.0021940 seconds
54.439: Application time: 0.0037730 seconds
54.439: [GC54.439: [DefNew: 17105K->17105K(18432K), 0.0000090 secs]54.439: [Tenured: 32900K->24348K(40960K), 0.0093170 secs] 50006K->24348K(59392K), [Perm : 6077K->6077K(21248K)], 0.0093780 secs] [Times: user=0.00 sys=0.00, real=0.01 secs] 
54.449: Total time for which application threads were stopped: 0.0095850 seconds, Stopping threads took: 0.0001350 seconds
54.456: Application time: 0.0076580 seconds
54.457: [GC54.457: [DefNew: 15688K->1426K(18432K), 0.0009120 secs] 40036K->27912K(59392K), 0.0009400 secs] [Times: user=0.00 sys=0.00, real=0.00 secs] 
54.457: Total time for which application threads were stopped: 0.0010650 seconds, Stopping threads took: 0.0000690 seconds
54.529: Application time: 0.0719160 seconds
54.530: [GC54.530: [DefNew: 17115K->1425K(18432K), 0.0044090 secs] 43601K->41449K(59392K), 0.0044470 secs] [Times: user=0.01 sys=0.00, real=0.01 secs] 
54.534: Total time for which application threads were stopped: 0.0046620 seconds, Stopping threads took: 0.0001470 seconds
54.608: Application time: 0.0739120 seconds
54.608: [GC54.608: [DefNew: 17138K->17138K(18432K), 0.0000090 secs]54.608: [Tenured: 40024K->22961K(40960K), 0.0094700 secs] 57163K->22961K(59392K), [Perm : 6077K->6077K(21248K)], 0.0095250 secs] [Times: user=0.01 sys=0.00, real=0.01 secs] 
54.618: Total time for which application threads were stopped: 0.0096840 seconds, Stopping threads took: 0.0000910 seconds
54.625: Application time: 0.0075160 seconds
54.625: [GC54.625: [DefNew: 15700K->1425K(18432K), 0.0020040 secs] 38661K->28662K(59392K), 0.0020450 secs] [Times: user=0.00 sys=0.00, real=0.01 secs] 
54.627: Total time for which application threads were stopped: 0.0022230 seconds, Stopping threads took: 0.0001090 seconds
54.635: Application time: 0.0071310 seconds
54.635: [GC54.635: [DefNew: 17105K->1425K(18432K), 0.0016850 secs] 44341K->32224K(59392K), 0.0017220 secs] [Times: user=0.00 sys=0.00, real=0.00 secs] 
54.636: Total time for which application threads were stopped: 0.0019090 seconds, Stopping threads took: 0.0001200 seconds
54.642: Application time: 0.0052850 seconds
54.642: [GC54.642: [DefNew: 17110K->17110K(18432K), 0.0000100 secs]54.642: [Tenured: 30799K->26515K(40960K), 0.0093630 secs] 47910K->26515K(59392K), [Perm : 6077K->6077K(21248K)], 0.0094240 secs] [Times: user=0.01 sys=0.00, real=0.01 secs] 
54.651: Total time for which application threads were stopped: 0.0095840 seconds, Stopping threads took: 0.0000730 seconds
54.658: Application time: 0.0066330 seconds
54.658: [GC54.658: [DefNew: 15687K->1425K(18432K), 0.0011420 secs] 42202K->30078K(59392K), 0.0011800 secs] [Times: user=0.00 sys=0.00, real=0.00 secs] 
54.659: Total time for which application threads were stopped: 0.0013060 seconds, Stopping threads took: 0.0000650 seconds
54.666: Application time: 0.0065550 seconds
54.666: [GC54.666: [DefNew: 17106K->1425K(18432K), 0.0012990 secs] 45758K->32928K(59392K), 0.0013320 secs] [Times: user=0.00 sys=0.00, real=0.00 secs] 
54.667: Total time for which application threads were stopped: 0.0014670 seconds, Stopping threads took: 0.0000720 seconds
54.674: Application time: 0.0068770 seconds
54.674: [GC54.674: [DefNew: 17105K->1425K(18432K), 0.0013030 secs] 48608K->35066K(59392K), 0.0013340 secs] [Times: user=0.00 sys=0.00, real=0.00 secs] 
54.676: Total time for which application threads were stopped: 0.0014660 seconds, Stopping threads took: 0.0000730 seconds
54.680: Application time: 0.0045750 seconds
54.680: [GC54.680: [DefNew: 17114K->17114K(18432K), 0.0000090 secs]54.680: [Tenured: 33641K->25061K(40960K), 0.0102980 secs] 50755K->25061K(59392K), [Perm : 6077K->6077K(21248K)], 0.0103550 secs] [Times: user=0.01 sys=0.00, real=0.01 secs] 
54.691: Total time for which application threads were stopped: 0.0105190 seconds, Stopping threads took: 0.0000950 seconds
54.695: Application time: 0.0039350 seconds
54.695: [GC54.695: [DefNew: 15678K->1425K(18432K), 0.0005180 secs] 40740K->26486K(59392K), 0.0005480 secs] [Times: user=0.00 sys=0.00, real=0.00 secs] 
54.695: Total time for which application threads were stopped: 0.0006770 seconds, Stopping threads took: 0.0000690 seconds
54.723: Application time: 0.0281050 seconds
54.724: [GC54.724: [DefNew: 17119K->1426K(18432K), 0.0027180 secs] 42180K->34324K(59392K), 0.0027580 secs] [Times: user=0.01 sys=0.00, real=0.01 secs] 
54.726: Total time for which application threads were stopped: 0.0029130 seconds, Stopping threads took: 0.0000890 seconds
54.798: Application time: 0.0718480 seconds
54.798: [GC54.798: [DefNew: 17117K->17117K(18432K), 0.0000090 secs]54.798: [Tenured: 32898K->24348K(40960K), 0.0096330 secs] 50016K->24348K(59392K), [Perm : 6077K->6077K(21248K)], 0.0096910 secs] [Times: user=0.01 sys=0.00, real=0.01 secs] 
54.808: Total time for which application threads were stopped: 0.0098490 seconds, Stopping threads took: 0.0000890 seconds
54.881: Application time: 0.0724620 seconds
54.881: [GC54.881: [DefNew: 15700K->1425K(18432K), 0.0043360 secs] 40048K->39311K(59392K), 0.0043800 secs] [Times: user=0.00 sys=0.00, real=0.00 secs] 
54.885: Total time for which application threads were stopped: 0.0045950 seconds, Stopping threads took: 0.0001280 seconds
54.952: Application time: 0.0671360 seconds
54.952: [GC54.952: [DefNew: 17117K->17117K(18432K), 0.0000120 secs]54.952: [Tenured: 37885K->24349K(40960K), 0.0088850 secs] 55003K->24349K(59392K), [Perm : 6077K->6077K(21248K)], 0.0089450 secs] [Times: user=0.01 sys=0.00, real=0.01 secs] 
54.961: Total time for which application threads were stopped: 0.0090870 seconds, Stopping threads took: 0.0000710 seconds
55.027: Application time: 0.0658100 seconds
55.027: [GC55.027: [DefNew: 15700K->1425K(18432K), 0.0044660 secs] 40049K->40025K(59392K), 0.0045090 secs] [Times: user=0.00 sys=0.00, real=0.00 secs] 
55.032: Total time for which application threads were stopped: 0.0046740 seconds, Stopping threads took: 0.0000970 seconds
55.105: Application time: 0.0735330 seconds
55.105: [GC55.106: [DefNew: 17117K->17117K(18432K), 0.0000100 secs]55.106: [Tenured: 38599K->25774K(40960K), 0.0097070 secs] 55716K->25774K(59392K), [Perm : 6077K->6077K(21248K)], 0.0097660 secs] [Times: user=0.01 sys=0.00, real=0.01 secs] 
55.115: Total time for which application threads were stopped: 0.0099030 seconds, Stopping threads took: 0.0000690 seconds
55.184: Application time: 0.0682360 seconds
55.184: [GC55.184: [DefNew: 15700K->1425K(18432K), 0.0044200 secs] 41474K->41451K(59392K), 0.0044610 secs] [Times: user=0.01 sys=0.00, real=0.01 secs] 
55.188: Total time for which application threads were stopped: 0.0046400 seconds, Stopping threads took: 0.0001010 seconds
55.242: Application time: 0.0535350 seconds
55.242: [GC55.242: [DefNew: 17117K->17117K(18432K), 0.0000100 secs]55.242: [Tenured: 40025K->26485K(40960K), 0.0106650 secs] 57142K->26485K(59392K), [Perm : 6077K->6077K(21248K)], 0.0107370 secs] [Times: user=0.01 sys=0.00, real=0.01 secs] 
55.253: Total time for which application threads were stopped: 0.0110270 seconds, Stopping threads took: 0.0002170 seconds
55.327: Application time: 0.0740210 seconds
55.327: [GC55.327: [DefNew: 15691K->15691K(18432K), 0.0000100 secs]55.327: [Tenured: 26485K->26485K(40960K), 0.0097110 secs] 42177K->26485K(59392K), [Perm : 6077K->6077K(21248K)], 0.0097670 secs] [Times: user=0.01 sys=0.00, real=0.01 secs] 
55.337: Total time for which application threads were stopped: 0.0099780 seconds, Stopping threads took: 0.0001300 seconds
55.398: Application time: 0.0610720 seconds
55.398: [GC55.398: [DefNew: 15708K->15708K(18432K), 0.0000090 secs]55.398: [Tenured: 26485K->27199K(40960K), 0.0089750 secs] 42194K->27199K(59392K), [Perm : 6077K->6077K(21248K)], 0.0090330 secs] [Times: user=0.01 sys=0.00, real=0.01 secs] 
55.407: Total time for which application threads were stopped: 0.0091650 seconds, Stopping threads took: 0.0000640 seconds
55.478: Application time: 0.0707470 seconds
55.478: [GC55.478: [DefNew: 15708K->15708K(18432K), 0.0000090 secs]55.478: [Tenured: 27199K->29339K(40960K), 0.0092570 secs] 42908K->29339K(59392K), [Perm : 6077K->6077K(21248K)], 0.0093130 secs] [Times: user=0.01 sys=0.00, real=0.01 secs] 
55.487: Total time for which application threads were stopped: 0.0094690 seconds, Stopping threads took: 0.0000770 seconds
55.561: Application time: 0.0737020 seconds
55.561: [GC55.561: [DefNew: 15691K->15691K(18432K), 0.0000100 secs]55.561: [Tenured: 29339K->29335K(40960K), 0.0113050 secs] 45030K->29335K(59392K), [Perm : 6077K->6077K(21248K)], 0.0113660 secs] [Times: user=0.01 sys=0.00, real=0.01 secs] 
55.572: Total time for which application threads were stopped: 0.0115500 seconds, Stopping threads took: 0.0001120 seconds
55.633: Application time: 0.0606400 seconds
55.633: [GC55.633: [DefNew: 15691K->15691K(18432K), 0.0000110 secs]55.633: [Tenured: 29335K->28623K(40960K), 0.0106250 secs] 45027K->28623K(59392K), [Perm : 6077K->6077K(21248K)], 0.0106860 secs] [Times: user=0.01 sys=0.00, real=0.01 secs] 
55.644: Total time for which application threads were stopped: 0.0108730 seconds, Stopping threads took: 0.0001160 seconds
55.714: Application time: 0.0703820 seconds
55.714: [GC55.715: [DefNew: 15700K->15700K(18432K), 0.0000100 secs]55.715: [Tenured: 28623K->29336K(40960K), 0.0089840 secs] 44323K->29336K(59392K), [Perm : 6077K->6077K(21248K)], 0.0090430 secs] [Times: user=0.01 sys=0.00, real=0.00 secs] 
55.724: Total time for which application threads were stopped: 0.0092120 seconds, Stopping threads took: 0.0000880 seconds
55.797: Application time: 0.0736580 seconds
55.797: [GC55.797: [DefNew: 15691K->15691K(18432K), 0.0000100 secs]55.797: [Tenured: 29336K->30049K(40960K), 0.0101500 secs] 45028K->30049K(59392K), [Perm : 6077K->6077K(21248K)], 0.0102070 secs] [Times: user=0.01 sys=0.00, real=0.01 secs] 
55.808: Total time for which application threads were stopped: 0.0103830 seconds, Stopping threads took: 0.0001060 seconds
55.880: Application time: 0.0728340 seconds
55.881: [GC55.881: [DefNew: 15699K->15699K(18432K), 0.0000090 secs]55.881: [Tenured: 30049K->28623K(40960K), 0.0108300 secs] 45749K->28623K(59392K), [Perm : 6077K->6077K(21248K)], 0.0108870 secs] [Times: user=0.01 sys=0.00, real=0.01 secs] 
55.891: Total time for which application threads were stopped: 0.0110240 seconds, Stopping threads took: 0.0000680 seconds
55.952: Application time: 0.0601920 seconds
55.952: [GC55.952: [DefNew: 15691K->15691K(18432K), 0.0000110 secs]55.952: [Tenured: 28623K->29335K(40960K), 0.0101660 secs] 44314K->29335K(59392K), [Perm : 6077K->6077K(21248K)], 0.0102270 secs] [Times: user=0.01 sys=0.00, real=0.01 secs] 
55.962: Total time for which application threads were stopped: 0.0103880 seconds, Stopping threads took: 0.0000910 seconds
56.012: Application time: 0.0494990 seconds
56.012: [GC56.012: [DefNew: 15697K->15697K(18432K), 0.0000100 secs]56.012: [Tenured: 29335K->29336K(40960K), 0.0097280 secs] 45033K->29336K(59392K), [Perm : 6077K->6077K(21248K)], 0.0097980 secs] [Times: user=0.01 sys=0.00, real=0.01 secs] 
56.021: Total time for which application threads were stopped: 0.0099400 seconds, Stopping threads took: 0.0000700 seconds
56.082: Application time: 0.0600940 seconds
56.082: [GC56.082: [DefNew: 15689K->15689K(18432K), 0.0000100 secs]56.082: [Tenured: 29336K->29336K(40960K), 0.0091880 secs] 45026K->29336K(59392K), [Perm : 6077K->6077K(21248K)], 0.0092450 secs] [Times: user=0.01 sys=0.00, real=0.01 secs] 
56.091: Total time for which application threads were stopped: 0.0094260 seconds, Stopping threads took: 0.0001010 seconds
56.164: Application time: 0.0731730 seconds
56.164: [GC56.164: [DefNew: 15691K->15691K(18432K), 0.0000110 secs]56.164: [Tenured: 29336K->27910K(40960K), 0.0123700 secs] 45028K->27910K(59392K), [Perm : 6077K->6077K(21248K)], 0.0124320 secs] [Times: user=0.01 sys=0.00, real=0.02 secs] 
56.177: Total time for which application threads were stopped: 0.0126180 seconds, Stopping threads took: 0.0001130 seconds
56.239: Application time: 0.0618640 seconds
56.239: [GC56.239: [DefNew: 15700K->15700K(18432K), 0.0000100 secs]56.239: [Tenured: 27910K->28624K(40960K), 0.0113060 secs] 43610K->28624K(59392K), [Perm : 6078K->6078K(21248K)], 0.0113660 secs] [Times: user=0.01 sys=0.00, real=0.01 secs] 
56.250: Total time for which application threads were stopped: 0.0115380 seconds, Stopping threads took: 0.0000910 seconds
56.314: Application time: 0.0636060 seconds
56.314: [GC56.314: [DefNew: 15689K->15689K(18432K), 0.0000090 secs]56.314: [Tenured: 28624K->28624K(40960K), 0.0090460 secs] 44314K->28624K(59392K), [Perm : 6078K->6078K(21248K)], 0.0091040 secs] [Times: user=0.01 sys=0.00, real=0.00 secs] 
56.323: Total time for which application threads were stopped: 0.0092300 seconds, Stopping threads took: 0.0000580 seconds
56.383: Application time: 0.0598570 seconds
56.383: [GC56.383: [DefNew: 15689K->15689K(18432K), 0.0000100 secs]56.383: [Tenured: 28624K->29337K(40960K), 0.0098460 secs] 44314K->29337K(59392K), [Perm : 6078K->6078K(21248K)], 0.0099060 secs] [Times: user=0.01 sys=0.00, real=0.01 secs] 
56.393: Total time for which application threads were stopped: 0.0100390 seconds, Stopping threads took: 0.0000620 seconds
56.431: Application time: 0.0380470 seconds
56.431: [GC56.431: [DefNew: 15704K->15704K(18432K), 0.0000100 secs]56.431: [Tenured: 29337K->25061K(40960K), 0.0110360 secs] 45041K->25061K(59392K), [Perm : 6078K->6078K(21248K)], 0.0110950 secs] [Times: user=0.01 sys=0.00, real=0.01 secs] 
56.442: Total time for which application threads were stopped: 0.0112540 seconds, Stopping threads took: 0.0000920 seconds
56.505: Application time: 0.0624780 seconds
56.505: [GC56.505: [DefNew: 15704K->1427K(18432K), 0.0036110 secs] 40765K->37175K(59392K), 0.0036510 secs] [Times: user=0.00 sys=0.00, real=0.01 secs] 
56.509: Total time for which application threads were stopped: 0.0037850 seconds, Stopping threads took: 0.0000670 seconds
56.576: Application time: 0.0677730 seconds
56.576: [GC56.576: [DefNew: 17117K->17117K(18432K), 0.0000100 secs]56.576: [Tenured: 35748K->25774K(40960K), 0.0101220 secs] 52866K->25774K(59392K), [Perm : 6078K->6078K(21248K)], 0.0101720 secs] [Times: user=0.01 sys=0.00, real=0.01 secs] 
56.587: Total time for which application threads were stopped: 0.0103040 seconds, Stopping threads took: 0.0000630 seconds
56.622: Application time: 0.0350020 seconds
56.622: [GC56.622: [DefNew: 15688K->15688K(18432K), 0.0000110 secs]56.622: [Tenured: 25774K->26486K(40960K), 0.0099140 secs] 41462K->26486K(59392K), [Perm : 6078K->6078K(21248K)], 0.0099740 secs] [Times: user=0.01 sys=0.00, real=0.01 secs] 
56.632: Total time for which application threads were stopped: 0.0101110 seconds, Stopping threads took: 0.0000670 seconds
56.685: Application time: 0.0534750 seconds
56.685: [GC56.685: [DefNew: 15687K->15687K(18432K), 0.0000110 secs]56.685: [Tenured: 26486K->25774K(40960K), 0.0096320 secs] 42174K->25774K(59392K), [Perm : 6078K->6078K(21248K)], 0.0097020 secs] [Times: user=0.01 sys=0.00, real=0.02 secs] 
56.695: Total time for which application threads were stopped: 0.0098460 seconds, Stopping threads took: 0.0000750 seconds
56.755: Application time: 0.0604450 seconds
56.756: [GC56.756: [DefNew: 15696K->15696K(18432K), 0.0000100 secs]56.756: [Tenured: 25774K->23636K(40960K), 0.0099780 secs] 41470K->23636K(59392K), [Perm : 6078K->6078K(21248K)], 0.0100340 secs] [Times: user=0.01 sys=0.00, real=0.01 secs] 
56.766: Total time for which application threads were stopped: 0.0101890 seconds, Stopping threads took: 0.0000740 seconds
56.821: Application time: 0.0554850 seconds
56.821: [GC56.821: [DefNew: 15688K->1425K(18432K), 0.0032270 secs] 39325K->35037K(59392K), 0.0032670 secs] [Times: user=0.00 sys=0.00, real=0.00 secs] 
56.825: Total time for which application threads were stopped: 0.0033950 seconds, Stopping threads took: 0.0000590 seconds
56.857: Application time: 0.0323270 seconds
56.857: [GC56.857: [DefNew: 17113K->17113K(18432K), 0.0000100 secs]56.857: [Tenured: 33612K->24349K(40960K), 0.0092520 secs] 50726K->24349K(59392K), [Perm : 6078K->6078K(21248K)], 0.0093100 secs] [Times: user=0.01 sys=0.00, real=0.01 secs] 
56.866: Total time for which application threads were stopped: 0.0094450 seconds, Stopping threads took: 0.0000650 seconds
56.932: Application time: 0.0655590 seconds
56.932: [GC56.932: [DefNew: 15696K->1426K(18432K), 0.0034460 secs] 40046K->35751K(59392K), 0.0034880 secs] [Times: user=0.01 sys=0.00, real=0.01 secs] 
56.936: Total time for which application threads were stopped: 0.0036530 seconds, Stopping threads took: 0.0000980 seconds
57.004: Application time: 0.0685950 seconds
57.004: [GC57.004: [DefNew: 17114K->17114K(18432K), 0.0000100 secs]57.004: [Tenured: 34325K->25063K(40960K), 0.0091240 secs] 51440K->25063K(59392K), [Perm : 6078K->6078K(21248K)], 0.0091820 secs] [Times: user=0.01 sys=0.00, real=0.02 secs] 
57.014: Total time for which application threads were stopped: 0.0093590 seconds, Stopping threads took: 0.0001110 seconds
57.028: Application time: 0.0146810 seconds
57.028: [GC57.028: [DefNew: 15697K->1426K(18432K), 0.0032370 secs] 40760K->36465K(59392K), 0.0032790 secs] [Times: user=0.01 sys=0.00, real=0.00 secs] 
57.032: Total time for which application threads were stopped: 0.0034690 seconds, Stopping threads took: 0.0001120 seconds
57.098: Application time: 0.0667490 seconds
57.099: [GC57.099: [DefNew: 17114K->17114K(18432K), 0.0000100 secs]57.099: [Tenured: 35039K->25064K(40960K), 0.0089770 secs] 52154K->25064K(59392K), [Perm : 6078K->6078K(21248K)], 0.0090370 secs] [Times: user=0.01 sys=0.00, real=0.01 secs] 
57.108: Total time for which application threads were stopped: 0.0092120 seconds, Stopping threads took: 0.0001050 seconds
57.175: Application time: 0.0669850 seconds
57.175: [GC57.175: [DefNew: 15688K->1425K(18432K), 0.0033610 secs] 40753K->36465K(59392K), 0.0033990 secs] [Times: user=0.00 sys=0.00, real=0.00 secs] 
57.178: Total time for which application threads were stopped: 0.0035230 seconds, Stopping threads took: 0.0000560 seconds
57.201: Application time: 0.0226900 seconds
57.201: [GC57.201: [DefNew: 17114K->17114K(18432K), 0.0000100 secs]57.201: [Tenured: 35040K->25775K(40960K), 0.0117940 secs] 52154K->25775K(59392K), [Perm : 6078K->6078K(21248K)], 0.0118550 secs] [Times: user=0.01 sys=0.00, real=0.01 secs] 
57.213: Total time for which application threads were stopped: 0.0120780 seconds, Stopping threads took: 0.0001320 seconds
57.279: Application time: 0.0663310 seconds
57.279: [GC57.279: [DefNew: 15697K->15697K(18432K), 0.0000110 secs]57.279: [Tenured: 25775K->25063K(40960K), 0.0096000 secs] 41472K->25063K(59392K), [Perm : 6078K->6078K(21248K)], 0.0096620 secs] [Times: user=0.01 sys=0.00, real=0.01 secs] 
57.289: Total time for which application threads were stopped: 0.0098070 seconds, Stopping threads took: 0.0000630 seconds
57.348: Application time: 0.0591100 seconds
57.348: [GC57.348: [DefNew: 15689K->1425K(18432K), 0.0035890 secs] 40752K->37177K(59392K), 0.0036360 secs] [Times: user=0.01 sys=0.00, real=0.00 secs] 
57.352: Total time for which application threads were stopped: 0.0037710 seconds, Stopping threads took: 0.0000700 seconds
57.384: Application time: 0.0325180 seconds
57.385: [GC57.385: [DefNew: 17114K->17114K(18432K), 0.0000090 secs]57.385: [Tenured: 35752K->25776K(40960K), 0.0092460 secs] 52866K->25776K(59392K), [Perm : 6078K->6078K(21248K)], 0.0093050 secs] [Times: user=0.01 sys=0.00, real=0.02 secs] 
57.394: Total time for which application threads were stopped: 0.0094730 seconds, Stopping threads took: 0.0000980 seconds
57.461: Application time: 0.0668670 seconds
57.461: [GC57.461: [DefNew: 15705K->15705K(18432K), 0.0000110 secs]57.461: [Tenured: 25776K->26490K(40960K), 0.0110790 secs] 41481K->26490K(59392K), [Perm : 6078K->6078K(21248K)], 0.0111350 secs] [Times: user=0.01 sys=0.00, real=0.01 secs] 
57.472: Total time for which application threads were stopped: 0.0113120 seconds, Stopping threads took: 0.0001090 seconds
57.518: Application time: 0.0453910 seconds
57.518: [GC57.518: [DefNew: 15689K->15689K(18432K), 0.0000100 secs]57.518: [Tenured: 26490K->26487K(40960K), 0.0100700 secs] 42179K->26487K(59392K), [Perm : 6078K->6078K(21248K)], 0.0101290 secs] [Times: user=0.01 sys=0.00, real=0.01 secs] 
57.528: Total time for which application threads were stopped: 0.0102600 seconds, Stopping threads took: 0.0000610 seconds
57.585: Application time: 0.0576860 seconds
57.586: [GC57.586: [DefNew: 15705K->15705K(18432K), 0.0000090 secs]57.586: [Tenured: 26487K->27914K(40960K), 0.0090080 secs] 42193K->27914K(59392K), [Perm : 6078K->6078K(21248K)], 0.0090600 secs] [Times: user=0.01 sys=0.00, real=0.01 secs] 
57.595: Total time for which application threads were stopped: 0.0092160 seconds, Stopping threads took: 0.0000790 seconds
57.644: Application time: 0.0495100 seconds
57.644: [GC57.644: [DefNew: 15688K->15688K(18432K), 0.0000100 secs]57.644: [Tenured: 27914K->27202K(40960K), 0.0090490 secs] 43603K->27202K(59392K), [Perm : 6078K->6078K(21248K)], 0.0091070 secs] [Times: user=0.01 sys=0.00, real=0.01 secs] 
57.653: Total time for which application threads were stopped: 0.0092600 seconds, Stopping threads took: 0.0000660 seconds
57.697: Application time: 0.0439160 seconds
57.698: [GC57.698: [DefNew: 15688K->15688K(18432K), 0.0000100 secs]57.698: [Tenured: 27202K->30765K(40960K), 0.0090360 secs] 42891K->30765K(59392K), [Perm : 6078K->6078K(21248K)], 0.0090940 secs] [Times: user=0.01 sys=0.00, real=0.01 secs] 
57.707: Total time for which application threads were stopped: 0.0093210 seconds, Stopping threads took: 0.0001600 seconds
57.762: Application time: 0.0550010 seconds
57.762: [GC57.762: [DefNew: 15697K->15697K(18432K), 0.0000090 secs]57.762: [Tenured: 30765K->28625K(40960K), 0.0106910 secs] 46462K->28625K(59392K), [Perm : 6078K->6078K(21248K)], 0.0107500 secs] [Times: user=0.01 sys=0.00, real=0.01 secs] 
57.773: Total time for which application threads were stopped: 0.0109120 seconds, Stopping threads took: 0.0000820 seconds
57.824: Application time: 0.0509240 seconds
57.824: [GC57.824: [DefNew: 15688K->15688K(18432K), 0.0000100 secs]57.824: [Tenured: 28625K->29337K(40960K), 0.0090850 secs] 44313K->29337K(59392K), [Perm : 6078K->6078K(21248K)], 0.0091450 secs] [Times: user=0.01 sys=0.00, real=0.01 secs] 
57.833: Total time for which application threads were stopped: 0.0092890 seconds, Stopping threads took: 0.0000620 seconds
57.875: Application time: 0.0425790 seconds
57.876: [GC57.876: [DefNew: 15688K->15688K(18432K), 0.0000090 secs]57.876: [Tenured: 29337K->29337K(40960K), 0.0092660 secs] 45026K->29337K(59392K), [Perm : 6078K->6078K(21248K)], 0.0093260 secs] [Times: user=0.01 sys=0.00, real=0.00 secs] 
57.885: Total time for which application threads were stopped: 0.0096050 seconds, Stopping threads took: 0.0001900 seconds
57.917: Application time: 0.0318460 seconds
57.917: [GC57.917: [DefNew: 15726K->15726K(18432K), 0.0000110 secs]57.917: [Tenured: 29337K->30079K(40960K), 0.0097370 secs] 45064K->30079K(59392K), [Perm : 6078K->6078K(21248K)], 0.0098000 secs] [Times: user=0.01 sys=0.00, real=0.01 secs] 
57.927: Total time for which application threads were stopped: 0.0101920 seconds, Stopping threads took: 0.0003100 seconds
57.935: Application time: 0.0076810 seconds
57.935: [GC57.935: [DefNew: 15679K->15679K(18432K), 0.0000100 secs]57.935: [Tenured: 30079K->28625K(40960K), 0.0104380 secs] 45759K->28625K(59392K), [Perm : 6078K->6078K(21248K)], 0.0104980 secs] [Times: user=0.01 sys=0.00, real=0.00 secs] 
57.945: Total time for which application threads were stopped: 0.0106720 seconds, Stopping threads took: 0.0001000 seconds
57.951: Application time: 0.0056240 seconds
57.951: [GC57.951: [DefNew: 15685K->15685K(18432K), 0.0000090 secs]57.951: [Tenured: 28625K->29337K(40960K), 0.0087260 secs] 44311K->29337K(59392K), [Perm : 6078K->6078K(21248K)], 0.0087880 secs] [Times: user=0.01 sys=0.00, real=0.01 secs] 
57.960: Total time for which application threads were stopped: 0.0089380 seconds, Stopping threads took: 0.0000760 seconds
57.964: Application time: 0.0043890 seconds
57.965: [GC57.965: [DefNew: 15677K->15677K(18432K), 0.0000100 secs]57.965: [Tenured: 29337K->30762K(40960K), 0.0066860 secs] 45015K->30762K(59392K), [Perm : 6078K->6078K(21248K)], 0.0067440 secs] [Times: user=0.01 sys=0.00, real=0.01 secs] 
57.971: Total time for which application threads were stopped: 0.0069420 seconds, Stopping threads took: 0.0001270 seconds
57.979: Application time: 0.0078270 seconds
57.979: [GC57.979: [DefNew: 15688K->15688K(18432K), 0.0000100 secs]57.979: [Tenured: 30762K->29337K(40960K), 0.0100290 secs] 46451K->29337K(59392K), [Perm : 6078K->6078K(21248K)], 0.0100900 secs] [Times: user=0.01 sys=0.00, real=0.01 secs] 
57.989: Total time for which application threads were stopped: 0.0102940 seconds, Stopping threads took: 0.0001190 seconds
57.996: Application time: 0.0068670 seconds
57.996: [GC57.996: [DefNew: 15679K->15679K(18432K), 0.0000090 secs]57.996: [Tenured: 29337K->29337K(40960K), 0.0062490 secs] 45017K->29337K(59392K), [Perm : 6078K->6078K(21248K)], 0.0063070 secs] [Times: user=0.01 sys=0.00, real=0.00 secs] 
58.003: Total time for which application threads were stopped: 0.0064560 seconds, Stopping threads took: 0.0000730 seconds
58.009: Application time: 0.0061390 seconds
58.009: [GC58.009: [DefNew: 15692K->15692K(18432K), 0.0000100 secs]58.009: [Tenured: 29337K->28625K(40960K), 0.0101260 secs] 45030K->28625K(59392K), [Perm : 6078K->6078K(21248K)], 0.0101860 secs] [Times: user=0.01 sys=0.00, real=0.01 secs] 
58.020: Total time for which application threads were stopped: 0.0106200 seconds, Stopping threads took: 0.0003410 seconds
58.024: Application time: 0.0043420 seconds
58.024: [GC58.024: [DefNew: 15685K->15685K(18432K), 0.0000110 secs]58.024: [Tenured: 28625K->30050K(40960K), 0.0098050 secs] 44311K->30050K(59392K), [Perm : 6078K->6078K(21248K)], 0.0098640 secs] [Times: user=0.01 sys=0.00, real=0.02 secs] 
58.034: Total time for which application threads were stopped: 0.0100090 seconds, Stopping threads took: 0.0000690 seconds
58.038: Application time: 0.0044120 seconds
58.038: [GC58.038: [DefNew: 15678K->15678K(18432K), 0.0000110 secs]58.038: [Tenured: 30050K->31475K(40960K), 0.0073370 secs] 45729K->31475K(59392K), [Perm : 6078K->6078K(21248K)], 0.0073900 secs] [Times: user=0.01 sys=0.00, real=0.01 secs] 
58.046: Total time for which application threads were stopped: 0.0075700 seconds, Stopping threads took: 0.0001130 seconds
58.096: Application time: 0.0499120 seconds
58.096: [GC58.096: [DefNew: 15694K->15694K(18432K), 0.0000100 secs]58.096: [Tenured: 31475K->27912K(40960K), 0.0095500 secs] 47169K->27912K(59392K), [Perm : 6078K->6078K(21248K)], 0.0096080 secs] [Times: user=0.01 sys=0.00, real=0.01 secs] 
58.106: Total time for which application threads were stopped: 0.0097980 seconds, Stopping threads took: 0.0001190 seconds
58.136: Application time: 0.0304980 seconds
58.136: [GC58.136: [DefNew: 15728K->15728K(18432K), 0.0000100 secs]58.136: [Tenured: 27912K->30079K(40960K), 0.0094420 secs] 43640K->30079K(59392K), [Perm : 6078K->6078K(21248K)], 0.0095010 secs] [Times: user=0.01 sys=0.00, real=0.01 secs] 
58.146: Total time for which application threads were stopped: 0.0097280 seconds, Stopping threads took: 0.0001470 seconds
58.155: Application time: 0.0088450 seconds
58.155: [GC58.155: [DefNew: 15677K->15677K(18432K), 0.0000110 secs]58.155: [Tenured: 30079K->29366K(40960K), 0.0072170 secs] 45756K->29366K(59392K), [Perm : 6078K->6078K(21248K)], 0.0072700 secs] [Times: user=0.01 sys=0.00, real=0.00 secs] 
58.162: Total time for which application threads were stopped: 0.0074400 seconds, Stopping threads took: 0.0001020 seconds
58.169: Application time: 0.0064660 seconds
58.169: [GC58.169: [DefNew: 15683K->15683K(18432K), 0.0000090 secs]58.169: [Tenured: 29366K->30792K(40960K), 0.0060590 secs] 45050K->30792K(59392K), [Perm : 6078K->6078K(21248K)], 0.0061180 secs] [Times: user=0.01 sys=0.00, real=0.01 secs] 
58.175: Total time for which application threads were stopped: 0.0062730 seconds, Stopping threads took: 0.0000830 seconds
58.179: Application time: 0.0043010 seconds
58.179: [GC58.179: [DefNew: 15679K->15679K(18432K), 0.0000100 secs]58.179: [Tenured: 30792K->29337K(40960K), 0.0115350 secs] 46472K->29337K(59392K), [Perm : 6078K->6078K(21248K)], 0.0115990 secs] [Times: user=0.02 sys=0.00, real=0.01 secs] 
58.191: Total time for which application threads were stopped: 0.0118030 seconds, Stopping threads took: 0.0001310 seconds
58.198: Application time: 0.0074160 seconds
58.198: [GC58.199: [DefNew: 15688K->15688K(18432K), 0.0000100 secs]58.199: [Tenured: 29337K->27912K(40960K), 0.0088600 secs] 45025K->27912K(59392K), [Perm : 6078K->6078K(21248K)], 0.0089170 secs] [Times: user=0.01 sys=0.00, real=0.01 secs] 
58.207: Total time for which application threads were stopped: 0.0090640 seconds, Stopping threads took: 0.0000750 seconds
58.214: Application time: 0.0068300 seconds
58.214: [GC58.214: [DefNew: 15681K->15681K(18432K), 0.0000090 secs]58.214: [Tenured: 27912K->28624K(40960K), 0.0097450 secs] 43593K->28624K(59392K), [Perm : 6078K->6078K(21248K)], 0.0098060 secs] [Times: user=0.01 sys=0.00, real=0.00 secs] 
58.224: Total time for which application threads were stopped: 0.0100320 seconds, Stopping threads took: 0.0001340 seconds
58.231: Application time: 0.0065400 seconds
58.231: [GC58.231: [DefNew: 15689K->15689K(18432K), 0.0000100 secs]58.231: [Tenured: 28624K->30051K(40960K), 0.0064930 secs] 44314K->30051K(59392K), [Perm : 6078K->6078K(21248K)], 0.0065460 secs] [Times: user=0.01 sys=0.00, real=0.01 secs] 
58.238: Total time for which application threads were stopped: 0.0066910 seconds, Stopping threads took: 0.0000760 seconds
58.241: Application time: 0.0036950 seconds
58.241: [GC58.241: [DefNew: 15682K->15682K(18432K), 0.0000110 secs]58.241: [Tenured: 30051K->28625K(40960K), 0.0099310 secs] 45733K->28625K(59392K), [Perm : 6078K->6078K(21248K)], 0.0099930 secs] [Times: user=0.01 sys=0.00, real=0.01 secs] 
58.251: Total time for which application threads were stopped: 0.0101480 seconds, Stopping threads took: 0.0000780 seconds
58.256: Application time: 0.0043330 seconds
58.256: [GC58.256: [DefNew: 15678K->15678K(18432K), 0.0000100 secs]58.256: [Tenured: 28625K->30050K(40960K), 0.0059700 secs] 44303K->30050K(59392K), [Perm : 6078K->6078K(21248K)], 0.0060300 secs] [Times: user=0.01 sys=0.00, real=0.00 secs] 
58.262: Total time for which application threads were stopped: 0.0062270 seconds, Stopping threads took: 0.0001110 seconds
58.308: Application time: 0.0456260 seconds
58.308: [GC58.308: [DefNew: 15696K->15696K(18432K), 0.0000100 secs]58.308: [Tenured: 30050K->25774K(40960K), 0.0093370 secs] 45746K->25774K(59392K), [Perm : 6078K->6078K(21248K)], 0.0093960 secs] [Times: user=0.01 sys=0.00, real=0.01 secs] 
58.317: Total time for which application threads were stopped: 0.0095220 seconds, Stopping threads took: 0.0000550 seconds
58.361: Application time: 0.0438270 seconds
58.361: [GC58.361: [DefNew: 15690K->15690K(18432K), 0.0000100 secs]58.361: [Tenured: 25774K->28624K(40960K), 0.0098910 secs] 41464K->28624K(59392K), [Perm : 6078K->6078K(21248K)], 0.0099510 secs] [Times: user=0.01 sys=0.00, real=0.01 secs] 
58.371: Total time for which application threads were stopped: 0.0101100 seconds, Stopping threads took: 0.0000660 seconds
58.417: Application time: 0.0460110 seconds
58.417: [GC58.417: [DefNew: 15727K->15727K(18432K), 0.0000100 secs]58.417: [Tenured: 28624K->27199K(40960K), 0.0117780 secs] 44351K->27199K(59392K), [Perm : 6078K->6078K(21248K)], 0.0118320 secs] [Times: user=0.01 sys=0.00, real=0.01 secs] 
58.429: Total time for which application threads were stopped: 0.0119750 seconds, Stopping threads took: 0.0000730 seconds
58.438: Application time: 0.0085720 seconds
58.438: [GC58.438: [DefNew: 15677K->15677K(18432K), 0.0000100 secs]58.438: [Tenured: 27199K->28624K(40960K), 0.0067070 secs] 42876K->28624K(59392K), [Perm : 6078K->6078K(21248K)], 0.0067660 secs] [Times: user=0.01 sys=0.00, real=0.00 secs] 
58.445: Total time for which application threads were stopped: 0.0069520 seconds, Stopping threads took: 0.0001140 seconds
58.450: Application time: 0.0058650 seconds
58.451: [GC58.451: [DefNew: 15685K->15685K(18432K), 0.0000090 secs]58.451: [Tenured: 28624K->28624K(40960K), 0.0089980 secs] 44310K->28624K(59392K), [Perm : 6078K->6078K(21248K)], 0.0090550 secs] [Times: user=0.01 sys=0.00, real=0.01 secs] 
58.460: Total time for which application threads were stopped: 0.0092170 seconds, Stopping threads took: 0.0000900 seconds
58.464: Application time: 0.0042130 seconds
58.464: [GC58.464: [DefNew: 15679K->15679K(18432K), 0.0000100 secs]58.464: [Tenured: 28624K->28624K(40960K), 0.0088560 secs] 44303K->28624K(59392K), [Perm : 6078K->6078K(21248K)], 0.0089160 secs] [Times: user=0.00 sys=0.00, real=0.01 secs] 
58.473: Total time for which application threads were stopped: 0.0090710 seconds, Stopping threads took: 0.0000710 seconds
58.480: Application time: 0.0074510 seconds
58.481: [GC58.481: [DefNew: 15688K->15688K(18432K), 0.0000090 secs]58.481: [Tenured: 28624K->27911K(40960K), 0.0090990 secs] 44312K->27911K(59392K), [Perm : 6078K->6078K(21248K)], 0.0091590 secs] [Times: user=0.01 sys=0.00, real=0.01 secs] 
58.490: Total time for which application threads were stopped: 0.0093410 seconds, Stopping threads took: 0.0001100 seconds
58.496: Application time: 0.0058020 seconds
58.496: [GC58.496: [DefNew: 15680K->15680K(18432K), 0.0000100 secs]58.496: [Tenured: 27911K->27199K(40960K), 0.0093650 secs] 43592K->27199K(59392K), [Perm : 6078K->6078K(21248K)], 0.0094260 secs] [Times: user=0.01 sys=0.00, real=0.00 secs] 
58.505: Total time for which application threads were stopped: 0.0096410 seconds, Stopping threads took: 0.0001410 seconds
58.512: Application time: 0.0066070 seconds
58.512: [GC58.512: [DefNew: 15682K->15682K(18432K), 0.0000090 secs]58.512: [Tenured: 27199K->27912K(40960K), 0.0087260 secs] 42881K->27912K(59392K), [Perm : 6078K->6078K(21248K)], 0.0087870 secs] [Times: user=0.01 sys=0.00, real=0.01 secs] 
58.521: Total time for which application threads were stopped: 0.0089450 seconds, Stopping threads took: 0.0000870 seconds
58.525: Application time: 0.0042670 seconds
58.525: [GC58.525: [DefNew: 15688K->15688K(18432K), 0.0000090 secs]58.525: [Tenured: 27912K->30051K(40960K), 0.0061250 secs] 43601K->30051K(59392K), [Perm : 6078K->6078K(21248K)], 0.0061820 secs] [Times: user=0.00 sys=0.00, real=0.01 secs] 
58.531: Total time for which application threads were stopped: 0.0064130 seconds, Stopping threads took: 0.0001500 seconds
58.536: Application time: 0.0042930 seconds
58.536: [GC58.536: [DefNew: 15678K->15678K(18432K), 0.0000090 secs]58.536: [Tenured: 30051K->28624K(40960K), 0.0068600 secs] 45729K->28624K(59392K), [Perm : 6078K->6078K(21248K)], 0.0069180 secs] [Times: user=0.00 sys=0.00, real=0.00 secs] 
58.543: Total time for which application threads were stopped: 0.0071070 seconds, Stopping threads took: 0.0001070 seconds
58.586: Application time: 0.0427000 seconds
58.586: [GC58.586: [DefNew: 15694K->15694K(18432K), 0.0000100 secs]58.586: [Tenured: 28624K->27199K(40960K), 0.0099320 secs] 44318K->27199K(59392K), [Perm : 6078K->6078K(21248K)], 0.0099850 secs] [Times: user=0.01 sys=0.00, real=0.01 secs] 
58.596: Total time for which application threads were stopped: 0.0103480 seconds, Stopping threads took: 0.0002870 seconds
58.654: Application time: 0.0584570 seconds
58.654: [GC58.654: [DefNew: 15687K->15687K(18432K), 0.0000100 secs]58.654: [Tenured: 27199K->27911K(40960K), 0.0100470 secs] 42886K->27911K(59392K), [Perm : 6078K->6078K(21248K)], 0.0101050 secs] [Times: user=0.01 sys=0.00, real=0.00 secs] 
58.665: Total time for which application threads were stopped: 0.0102730 seconds, Stopping threads took: 0.0000860 seconds
58.700: Application time: 0.0352540 seconds
58.702: [GC58.702: [DefNew: 16361K->16361K(18432K), 0.0000100 secs]58.702: [Tenured: 27911K->25125K(40960K), 0.0112070 secs] 44273K->25125K(59392K), [Perm : 6079K->6079K(21248K)], 0.0112660 secs] [Times: user=0.02 sys=0.00, real=0.01 secs] 
58.713: Total time for which application threads were stopped: 0.0132390 seconds, Stopping threads took: 0.0018830 seconds
58.719: Application time: 0.0061320 seconds
58.720: [GC58.720: [DefNew: 15799K->1425K(18432K), 0.0016000 secs] 40925K->30113K(59392K), 0.0016360 secs] [Times: user=0.00 sys=0.00, real=0.00 secs] 
58.722: Total time for which application threads were stopped: 0.0027160 seconds, Stopping threads took: 0.0009950 seconds
58.727: Application time: 0.0048450 seconds
58.728: [GC58.728: [DefNew: 17105K->17105K(18432K), 0.0000100 secs]58.728: [Tenured: 28687K->25773K(40960K), 0.0109920 secs] 45793K->25773K(59392K), [Perm : 6079K->6079K(21248K)], 0.0110520 secs] [Times: user=0.01 sys=0.00, real=0.01 secs] 
58.739: Total time for which application threads were stopped: 0.0119090 seconds, Stopping threads took: 0.0007660 seconds
58.743: Application time: 0.0043250 seconds
58.743: [GC58.743: [DefNew: 15687K->15687K(18432K), 0.0000100 secs]58.743: [Tenured: 25773K->25774K(40960K), 0.0072820 secs] 41461K->25774K(59392K), [Perm : 6079K->6079K(21248K)], 0.0073420 secs] [Times: user=0.01 sys=0.00, real=0.01 secs] 
58.751: Total time for which application threads were stopped: 0.0076730 seconds, Stopping threads took: 0.0002420 seconds
58.755: Application time: 0.0040580 seconds
58.756: [GC58.756: [DefNew: 15681K->15681K(18432K), 0.0000110 secs]58.756: [Tenured: 25774K->25774K(40960K), 0.0104270 secs] 41456K->25774K(59392K), [Perm : 6079K->6079K(21248K)], 0.0104880 secs] [Times: user=0.01 sys=0.00, real=0.01 secs] 
58.766: Total time for which application threads were stopped: 0.0114160 seconds, Stopping threads took: 0.0008350 seconds
58.770: Application time: 0.0042040 seconds
58.771: [GC58.771: [DefNew: 15687K->15687K(18432K), 0.0000100 secs]58.771: [Tenured: 25774K->26486K(40960K), 0.0098430 secs] 41461K->26486K(59392K), [Perm : 6079K->6079K(21248K)], 0.0099050 secs] [Times: user=0.01 sys=0.00, real=0.01 secs] 
58.781: Total time for which application threads were stopped: 0.0102860 seconds, Stopping threads took: 0.0002870 seconds
58.785: Application time: 0.0045700 seconds
58.785: [GC58.785: [DefNew: 15687K->15687K(18432K), 0.0000110 secs]58.785: [Tenured: 26486K->25773K(40960K), 0.0090020 secs] 42174K->25773K(59392K), [Perm : 6079K->6079K(21248K)], 0.0090620 secs] [Times: user=0.01 sys=0.00, real=0.01 secs] 
58.795: Total time for which application threads were stopped: 0.0092780 seconds, Stopping threads took: 0.0001360 seconds
58.799: Application time: 0.0044790 seconds
58.800: [GC58.800: [DefNew: 15679K->15679K(18432K), 0.0000100 secs]58.800: [Tenured: 25773K->27199K(40960K), 0.0066240 secs] 41453K->27199K(59392K), [Perm : 6079K->6079K(21248K)], 0.0066790 secs] [Times: user=0.01 sys=0.00, real=0.01 secs] 
58.806: Total time for which application threads were stopped: 0.0074520 seconds, Stopping threads took: 0.0006850 seconds
58.812: Application time: 0.0051380 seconds
58.812: [GC58.812: [DefNew: 15688K->15688K(18432K), 0.0000120 secs]58.812: [Tenured: 27199K->25775K(40960K), 0.0063980 secs] 42887K->25775K(59392K), [Perm : 6079K->6079K(21248K)], 0.0064570 secs] [Times: user=0.01 sys=0.00, real=0.01 secs] 
58.818: Total time for which application threads were stopped: 0.0066080 seconds, Stopping threads took: 0.0000830 seconds
58.822: Application time: 0.0042280 seconds
58.823: [GC58.823: [DefNew: 15682K->15682K(18432K), 0.0000100 secs]58.823: [Tenured: 25775K->25774K(40960K), 0.0096190 secs] 41457K->25774K(59392K), [Perm : 6079K->6079K(21248K)], 0.0096890 secs] [Times: user=0.01 sys=0.00, real=0.01 secs] 
58.833: Total time for which application threads were stopped: 0.0104410 seconds, Stopping threads took: 0.0006680 seconds
58.837: Application time: 0.0044740 seconds
58.838: [GC58.838: [DefNew: 15683K->15683K(18432K), 0.0000110 secs]58.838: [Tenured: 25774K->25774K(40960K), 0.0104400 secs] 41457K->25774K(59392K), [Perm : 6079K->6079K(21248K)], 0.0105020 secs] [Times: user=0.01 sys=0.00, real=0.01 secs] 
58.848: Total time for which application threads were stopped: 0.0109650 seconds, Stopping threads took: 0.0003690 seconds
58.853: Application time: 0.0047300 seconds
58.853: [GC58.853: [DefNew: 15690K->15690K(18432K), 0.0000100 secs]58.853: [Tenured: 25774K->25774K(40960K), 0.0103400 secs] 41464K->25774K(59392K), [Perm : 6079K->6079K(21248K)], 0.0104030 secs] [Times: user=0.01 sys=0.00, real=0.01 secs] 
58.864: Total time for which application threads were stopped: 0.0105850 seconds, Stopping threads took: 0.0001100 seconds
58.868: Application time: 0.0039440 seconds
58.868: [GC58.868: [DefNew: 15682K->15682K(18432K), 0.0000110 secs]58.868: [Tenured: 25774K->27912K(40960K), 0.0077060 secs] 41457K->27912K(59392K), [Perm : 6079K->6079K(21248K)], 0.0077630 secs] [Times: user=0.00 sys=0.00, real=0.01 secs] 
58.876: Total time for which application threads were stopped: 0.0082340 seconds, Stopping threads took: 0.0003690 seconds
58.879: Application time: 0.0036250 seconds
58.880: [GC58.880: [DefNew: 15681K->15681K(18432K), 0.0000090 secs]58.880: [Tenured: 27912K->27199K(40960K), 0.0060470 secs] 43594K->27199K(59392K), [Perm : 6079K->6079K(21248K)], 0.0061040 secs] [Times: user=0.01 sys=0.00, real=0.01 secs] 
58.886: Total time for which application threads were stopped: 0.0067020 seconds, Stopping threads took: 0.0005200 seconds
58.890: Application time: 0.0034400 seconds
58.890: [GC58.890: [DefNew: 15690K->15690K(18432K), 0.0000100 secs]58.890: [Tenured: 27199K->27912K(40960K), 0.0090910 secs] 42890K->27912K(59392K), [Perm : 6079K->6079K(21248K)], 0.0091500 secs] [Times: user=0.01 sys=0.00, real=0.01 secs] 
58.899: Total time for which application threads were stopped: 0.0093820 seconds, Stopping threads took: 0.0001410 seconds
58.903: Application time: 0.0040670 seconds
58.903: [GC58.903: [DefNew: 15681K->15681K(18432K), 0.0000100 secs]58.903: [Tenured: 27912K->26487K(40960K), 0.0060210 secs] 43593K->26487K(59392K), [Perm : 6079K->6079K(21248K)], 0.0060800 secs] [Times: user=0.01 sys=0.00, real=0.01 secs] 
58.909: Total time for which application threads were stopped: 0.0062290 seconds, Stopping threads took: 0.0000800 seconds
58.913: Application time: 0.0040530 seconds
58.914: [GC58.914: [DefNew: 15688K->15688K(18432K), 0.0000090 secs]58.914: [Tenured: 26487K->27912K(40960K), 0.0069250 secs] 42175K->27912K(59392K), [Perm : 6079K->6079K(21248K)], 0.0069860 secs] [Times: user=0.01 sys=0.00, real=0.00 secs] 
58.921: Total time for which application threads were stopped: 0.0073630 seconds, Stopping threads took: 0.0002870 seconds
58.957: Application time: 0.0361750 seconds
58.957: [GC58.957: [DefNew: 15734K->15734K(18432K), 0.0000100 secs]58.957: [Tenured: 27912K->25090K(40960K), 0.0096650 secs] 43647K->25090K(59392K), [Perm : 6079K->6079K(21248K)], 0.0097230 secs] [Times: user=0.01 sys=0.00, real=0.01 secs] 
58.967: Total time for which application threads were stopped: 0.0098920 seconds, Stopping threads took: 0.0000880 seconds
58.976: Application time: 0.0087190 seconds
58.976: [GC58.976: [DefNew: 15679K->1425K(18432K), 0.0006210 secs] 40770K->27228K(59392K), 0.0006480 secs] [Times: user=0.01 sys=0.00, real=0.00 secs] 
58.976: Total time for which application threads were stopped: 0.0007940 seconds, Stopping threads took: 0.0000780 seconds
58.982: Application time: 0.0061380 seconds
58.983: [GC58.983: [DefNew: 17639K->1463K(18432K), 0.0012960 secs] 43443K->30117K(59392K), 0.0013360 secs] [Times: user=0.01 sys=0.00, real=0.00 secs] 
58.984: Total time for which application threads were stopped: 0.0014660 seconds, Stopping threads took: 0.0000680 seconds
58.988: Application time: 0.0044100 seconds
58.988: [GC58.988: [DefNew: 17315K->17315K(18432K), 0.0000090 secs]58.988: [Tenured: 28653K->20082K(40960K), 0.0092840 secs] 45969K->20082K(59392K), [Perm : 6079K->6079K(21248K)], 0.0093410 secs] [Times: user=0.01 sys=0.00, real=0.01 secs] 
58.998: Total time for which application threads were stopped: 0.0094980 seconds, Stopping threads took: 0.0000870 seconds
59.003: Application time: 0.0053550 seconds
59.004: [GC59.004: [DefNew: 15743K->1426K(18432K), 0.0016540 secs] 35826K->25071K(59392K), 0.0016900 secs] [Times: user=0.01 sys=0.00, real=0.01 secs] 
59.006: Total time for which application threads were stopped: 0.0023660 seconds, Stopping threads took: 0.0006110 seconds
59.011: Application time: 0.0051130 seconds
59.011: [GC59.011: [DefNew: 17106K->1425K(18432K), 0.0012920 secs] 40751K->27209K(59392K), 0.0013240 secs] [Times: user=0.00 sys=0.00, real=0.00 secs] 
59.012: Total time for which application threads were stopped: 0.0015300 seconds, Stopping threads took: 0.0001210 seconds
59.017: Application time: 0.0045650 seconds
59.017: [GC59.017: [DefNew: 17105K->1425K(18432K), 0.0008320 secs] 42889K->28634K(59392K), 0.0008640 secs] [Times: user=0.00 sys=0.00, real=0.00 secs] 
59.018: Total time for which application threads were stopped: 0.0015520 seconds, Stopping threads took: 0.0006170 seconds
59.023: Application time: 0.0043830 seconds
59.023: [GC59.023: [DefNew: 17114K->1425K(18432K), 0.0016630 secs] 44323K->32198K(59392K), 0.0016980 secs] [Times: user=0.00 sys=0.00, real=0.00 secs] 
59.025: Total time for which application threads were stopped: 0.0020170 seconds, Stopping threads took: 0.0002540 seconds
59.028: Application time: 0.0034900 seconds
59.028: [GC59.028: [DefNew: 17108K->17108K(18432K), 0.0000100 secs]59.028: [Tenured: 30772K->26486K(40960K), 0.0093030 secs] 47880K->26486K(59392K), [Perm : 6079K->6079K(21248K)], 0.0093610 secs] [Times: user=0.01 sys=0.00, real=0.01 secs] 
59.038: Total time for which application threads were stopped: 0.0095430 seconds, Stopping threads took: 0.0001100 seconds
59.041: Application time: 0.0031790 seconds
59.041: [GC59.041: [DefNew: 15689K->1425K(18432K), 0.0018970 secs] 42176K->32188K(59392K), 0.0019350 secs] [Times: user=0.01 sys=0.00, real=0.00 secs] 
59.043: Total time for which application threads were stopped: 0.0021400 seconds, Stopping threads took: 0.0001370 seconds
59.046: Application time: 0.0029750 seconds
59.046: [GC59.046: [DefNew: 17106K->17106K(18432K), 0.0000100 secs]59.046: [Tenured: 30762K->26486K(40960K), 0.0093750 secs] 47869K->26486K(59392K), [Perm : 6079K->6079K(21248K)], 0.0094370 secs] [Times: user=0.01 sys=0.00, real=0.01 secs] 
59.056: Total time for which application threads were stopped: 0.0096800 seconds, Stopping threads took: 0.0001710 seconds
59.059: Application time: 0.0037140 seconds
59.060: [GC59.060: [DefNew: 15689K->1426K(18432K), 0.0008420 secs] 42175K->29337K(59392K), 0.0008700 secs] [Times: user=0.00 sys=0.00, real=0.00 secs] 
59.061: Total time for which application threads were stopped: 0.0016480 seconds, Stopping threads took: 0.0007180 seconds
59.065: Application time: 0.0034010 seconds
59.065: [GC59.065: [DefNew: 17107K->1425K(18432K), 0.0011230 secs] 45019K->31475K(59392K), 0.0011590 secs] [Times: user=0.00 sys=0.00, real=0.01 secs] 
59.066: Total time for which application threads were stopped: 0.0015800 seconds, Stopping threads took: 0.0003570 seconds
59.072: Application time: 0.0057960 seconds
59.072: [GC59.072: [DefNew: 17115K->1426K(18432K), 0.0018350 secs] 47166K->35751K(59392K), 0.0018710 secs] [Times: user=0.00 sys=0.00, real=0.01 secs] 
59.074: Total time for which application threads were stopped: 0.0020070 seconds, Stopping threads took: 0.0000680 seconds
59.082: Application time: 0.0076320 seconds
59.082: [GC59.082: [DefNew: 17106K->17106K(18432K), 0.0000100 secs]59.082: [Tenured: 34325K->25774K(40960K), 0.0089870 secs] 51432K->25774K(59392K), [Perm : 6079K->6079K(21248K)], 0.0090550 secs] [Times: user=0.01 sys=0.00, real=0.01 secs] 
59.091: Total time for which application threads were stopped: 0.0092140 seconds, Stopping threads took: 0.0000860 seconds
59.095: Application time: 0.0044640 seconds
59.095: [GC59.095: [DefNew: 15688K->1426K(18432K), 0.0007630 secs] 41463K->27913K(59392K), 0.0007930 secs] [Times: user=0.01 sys=0.00, real=0.00 secs] 
59.096: Total time for which application threads were stopped: 0.0009780 seconds, Stopping threads took: 0.0001150 seconds
59.100: Application time: 0.0040390 seconds
59.100: [GC59.100: [DefNew: 17104K->1425K(18432K), 0.0005310 secs] 43591K->27912K(59392K), 0.0005600 secs] [Times: user=0.00 sys=0.00, real=0.00 secs] 
59.101: Total time for which application threads were stopped: 0.0007010 seconds, Stopping threads took: 0.0000830 seconds
59.141: Application time: 0.0405550 seconds
59.142: [GC59.142: [DefNew: 17120K->1426K(18432K), 0.0033940 secs] 43608K->37889K(59392K), 0.0034340 secs] [Times: user=0.01 sys=0.00, real=0.00 secs] 
59.145: Total time for which application threads were stopped: 0.0036800 seconds, Stopping threads took: 0.0001780 seconds
59.201: Application time: 0.0558320 seconds
59.201: [GC59.201: [DefNew: 17157K->17157K(18432K), 0.0000090 secs]59.201: [Tenured: 36463K->24348K(40960K), 0.0102180 secs] 53620K->24348K(59392K), [Perm : 6079K->6079K(21248K)], 0.0102730 secs] [Times: user=0.01 sys=0.00, real=0.01 secs] 
59.211: Total time for which application threads were stopped: 0.0104060 seconds, Stopping threads took: 0.0000620 seconds
59.220: Application time: 0.0084820 seconds
59.221: [GC59.221: [DefNew: 15679K->1425K(18432K), 0.0004910 secs] 40028K->25773K(59392K), 0.0005200 secs] [Times: user=0.00 sys=0.00, real=0.00 secs] 
59.221: Total time for which application threads were stopped: 0.0014550 seconds, Stopping threads took: 0.0008670 seconds
59.227: Application time: 0.0057360 seconds
59.227: [GC59.227: [DefNew: 17112K->1425K(18432K), 0.0018590 secs] 41461K->30049K(59392K), 0.0018990 secs] [Times: user=0.00 sys=0.00, real=0.00 secs] 
59.229: Total time for which application threads were stopped: 0.0020850 seconds, Stopping threads took: 0.0001190 seconds
59.233: Application time: 0.0040960 seconds
59.233: [GC59.233: [DefNew: 17103K->1425K(18432K), 0.0007670 secs] 45727K->30762K(59392K), 0.0007930 secs] [Times: user=0.00 sys=0.00, real=0.00 secs] 
59.234: Total time for which application threads were stopped: 0.0009550 seconds, Stopping threads took: 0.0000960 seconds
59.242: Application time: 0.0077940 seconds
59.242: [GC59.242: [DefNew: 17113K->1426K(18432K), 0.0017700 secs] 46450K->33613K(59392K), 0.0018070 secs] [Times: user=0.00 sys=0.00, real=0.00 secs] 
59.244: Total time for which application threads were stopped: 0.0020090 seconds, Stopping threads took: 0.0001240 seconds
59.250: Application time: 0.0056720 seconds
59.250: [GC59.250: [DefNew: 17108K->17108K(18432K), 0.0000100 secs]59.250: [Tenured: 32187K->22923K(40960K), 0.0090210 secs] 49296K->22923K(59392K), [Perm : 6079K->6079K(21248K)], 0.0090780 secs] [Times: user=0.01 sys=0.00, real=0.01 secs] 
59.259: Total time for which application threads were stopped: 0.0092370 seconds, Stopping threads took: 0.0000910 seconds
59.266: Application time: 0.0068630 seconds
59.266: [GC59.266: [DefNew: 15688K->1426K(18432K), 0.0008720 secs] 38612K->25062K(59392K), 0.0009010 secs] [Times: user=0.00 sys=0.00, real=0.00 secs] 
59.267: Total time for which application threads were stopped: 0.0011020 seconds, Stopping threads took: 0.0001430 seconds
59.271: Application time: 0.0039610 seconds
59.271: [GC59.271: [DefNew: 17106K->1425K(18432K), 0.0009800 secs] 40742K->26487K(59392K), 0.0010120 secs] [Times: user=0.00 sys=0.00, real=0.00 secs] 
59.272: Total time for which application threads were stopped: 0.0012030 seconds, Stopping threads took: 0.0001300 seconds
59.276: Application time: 0.0039400 seconds
59.276: [GC59.276: [DefNew: 17103K->712K(18432K), 0.0004020 secs] 42166K->25775K(59392K), 0.0004380 secs] [Times: user=0.00 sys=0.00, real=0.00 secs] 
59.277: Total time for which application threads were stopped: 0.0006280 seconds, Stopping threads took: 0.0001140 seconds
59.332: Application time: 0.0549450 seconds
59.332: [GC59.332: [DefNew: 16410K->1426K(18432K), 0.0037600 secs] 41472K->37888K(59392K), 0.0037990 secs] [Times: user=0.01 sys=0.00, real=0.01 secs] 
59.336: Total time for which application threads were stopped: 0.0039530 seconds, Stopping threads took: 0.0000860 seconds
59.402: Application time: 0.0666420 seconds
59.402: [GC59.402: [DefNew: 17126K->17126K(18432K), 0.0000100 secs]59.402: [Tenured: 36462K->23637K(40960K), 0.0097600 secs] 53588K->23637K(59392K), [Perm : 6079K->6079K(21248K)], 0.0098160 secs] [Times: user=0.01 sys=0.00, real=0.01 secs] 
59.412: Total time for which application threads were stopped: 0.0099900 seconds, Stopping threads took: 0.0000940 seconds
59.476: Application time: 0.0636190 seconds
59.476: [GC59.476: [DefNew: 15691K->1425K(18432K), 0.0045340 secs] 39328K->39312K(59392K), 0.0045760 secs] [Times: user=0.00 sys=0.00, real=0.00 secs] 
59.481: Total time for which application threads were stopped: 0.0047170 seconds, Stopping threads took: 0.0000730 seconds
59.554: Application time: 0.0731290 seconds
59.554: [GC59.554: [DefNew: 17125K->17125K(18432K), 0.0000100 secs]59.554: [Tenured: 37887K->25062K(40960K), 0.0098070 secs] 55012K->25062K(59392K), [Perm : 6079K->6079K(21248K)], 0.0098660 secs] [Times: user=0.01 sys=0.00, real=0.00 secs] 
59.564: Total time for which application threads were stopped: 0.0100780 seconds, Stopping threads took: 0.0001240 seconds
59.634: Application time: 0.0701570 seconds
59.634: [GC59.634: [DefNew: 15691K->1425K(18432K), 0.0045130 secs] 40754K->40738K(59392K), 0.0045550 secs] [Times: user=0.00 sys=0.00, real=0.00 secs] 
59.639: Total time for which application threads were stopped: 0.0047510 seconds, Stopping threads took: 0.0001090 seconds
59.703: Application time: 0.0644930 seconds
59.703: [GC59.703: [DefNew: 17116K->17116K(18432K), 0.0000100 secs]59.703: [Tenured: 39313K->25773K(40960K), 0.0103530 secs] 56429K->25773K(59392K), [Perm : 6079K->6079K(21248K)], 0.0104120 secs] [Times: user=0.01 sys=0.00, real=0.02 secs] 
59.714: Total time for which application threads were stopped: 0.0105460 seconds, Stopping threads took: 0.0000670 seconds
59.787: Application time: 0.0736790 seconds
59.788: [GC59.788: [DefNew: 15700K->15700K(18432K), 0.0000100 secs]59.788: [Tenured: 25773K->25774K(40960K), 0.0090470 secs] 41473K->25774K(59392K), [Perm : 6079K->6079K(21248K)], 0.0091030 secs] [Times: user=0.01 sys=0.00, real=0.01 secs] 
59.797: Total time for which application threads were stopped: 0.0092460 seconds, Stopping threads took: 0.0000750 seconds
59.871: Application time: 0.0742160 seconds
59.871: [GC59.871: [DefNew: 15689K->15689K(18432K), 0.0000090 secs]59.871: [Tenured: 25774K->25774K(40960K), 0.0089080 secs] 41464K->25774K(59392K), [Perm : 6079K->6079K(21248K)], 0.0089650 secs] [Times: user=0.01 sys=0.00, real=0.01 secs] 
59.880: Total time for which application threads were stopped: 0.0090970 seconds, Stopping threads took: 0.0000620 seconds
59.927: Application time: 0.0467010 seconds
59.927: [GC59.927: [DefNew: 15691K->15691K(18432K), 0.0000090 secs]59.927: [Tenured: 25774K->26487K(40960K), 0.0096670 secs] 41466K->26487K(59392K), [Perm : 6079K->6079K(21248K)], 0.0097270 secs] [Times: user=0.00 sys=0.00, real=0.01 secs] 
59.937: Total time for which application threads were stopped: 0.0098980 seconds, Stopping threads took: 0.0000940 seconds
60.014: Application time: 0.0772940 seconds
60.014: [GC60.014: [DefNew: 15708K->15708K(18432K), 0.0000090 secs]60.014: [Tenured: 26487K->26486K(40960K), 0.0100960 secs] 42195K->26486K(59392K), [Perm : 6079K->6079K(21248K)], 0.0101530 secs] [Times: user=0.01 sys=0.00, real=0.00 secs] 
60.024: Total time for which application threads were stopped: 0.0102850 seconds, Stopping threads took: 0.0000640 seconds
60.091: Application time: 0.0669180 seconds
60.091: [GC60.091: [DefNew: 15708K->15708K(18432K), 0.0000090 secs]60.091: [Tenured: 26486K->27200K(40960K), 0.0091490 secs] 42194K->27200K(59392K), [Perm : 6079K->6079K(21248K)], 0.0092130 secs] [Times: user=0.01 sys=0.00, real=0.01 secs] 
60.100: Total time for which application threads were stopped: 0.0093490 seconds, Stopping threads took: 0.0000670 seconds
60.173: Application time: 0.0721680 seconds
60.173: [GC60.173: [DefNew: 15691K->15691K(18432K), 0.0000110 secs]60.173: [Tenured: 27200K->28625K(40960K), 0.0109490 secs] 42892K->28625K(59392K), [Perm : 6079K->6079K(21248K)], 0.0110110 secs] [Times: user=0.01 sys=0.00, real=0.01 secs] 
60.184: Total time for which application threads were stopped: 0.0111890 seconds, Stopping threads took: 0.0001060 seconds
60.258: Application time: 0.0738110 seconds
60.258: [GC60.258: [DefNew: 15691K->15691K(18432K), 0.0000100 secs]60.258: [Tenured: 28625K->29337K(40960K), 0.0107120 secs] 44317K->29337K(59392K), [Perm : 6079K->6079K(21248K)], 0.0107720 secs] [Times: user=0.02 sys=0.00, real=0.01 secs] 
60.269: Total time for which application threads were stopped: 0.0109280 seconds, Stopping threads took: 0.0000870 seconds
60.332: Application time: 0.0632770 seconds
60.332: [GC60.332: [DefNew: 15700K->15700K(18432K), 0.0000090 secs]60.332: [Tenured: 29337K->28623K(40960K), 0.0098120 secs] 45038K->28623K(59392K), [Perm : 6079K->6079K(21248K)], 0.0098660 secs] [Times: user=0.01 sys=0.00, real=0.01 secs] 
60.342: Total time for which application threads were stopped: 0.0099980 seconds, Stopping threads took: 0.0000670 seconds
60.407: Application time: 0.0647150 seconds
60.407: [GC60.407: [DefNew: 15691K->15691K(18432K), 0.0000110 secs]60.407: [Tenured: 28623K->30048K(40960K), 0.0100220 secs] 44315K->30048K(59392K), [Perm : 6079K->6079K(21248K)], 0.0100820 secs] [Times: user=0.01 sys=0.00, real=0.01 secs] 
60.417: Total time for which application threads were stopped: 0.0102970 seconds, Stopping threads took: 0.0001270 seconds
60.487: Application time: 0.0705030 seconds
60.488: [GC60.488: [DefNew: 15697K->15697K(18432K), 0.0000090 secs]60.488: [Tenured: 30048K->30049K(40960K), 0.0099180 secs] 45746K->30049K(59392K), [Perm : 6079K->6079K(21248K)], 0.0099760 secs] [Times: user=0.01 sys=0.00, real=0.01 secs] 
60.498: Total time for which application threads were stopped: 0.0101940 seconds, Stopping threads took: 0.0001210 seconds
60.553: Application time: 0.0554740 seconds
60.553: [GC60.553: [DefNew: 15697K->15697K(18432K), 0.0000110 secs]60.553: [Tenured: 30049K->28624K(40960K), 0.0104950 secs] 45747K->28624K(59392K), [Perm : 6079K->6079K(21248K)], 0.0105550 secs] [Times: user=0.01 sys=0.00, real=0.01 secs] 
60.564: Total time for which application threads were stopped: 0.0106930 seconds, Stopping threads took: 0.0000650 seconds
60.630: Application time: 0.0663190 seconds
60.630: [GC60.630: [DefNew: 15691K->15691K(18432K), 0.0000100 secs]60.630: [Tenured: 28624K->27198K(40960K), 0.0123710 secs] 44315K->27198K(59392K), [Perm : 6079K->6079K(21248K)], 0.0124320 secs] [Times: user=0.01 sys=0.00, real=0.01 secs] 
60.643: Total time for which application threads were stopped: 0.0126370 seconds, Stopping threads took: 0.0001150 seconds
60.715: Application time: 0.0726900 seconds
60.716: [GC60.716: [DefNew: 15691K->15691K(18432K), 0.0000100 secs]60.716: [Tenured: 27198K->28623K(40960K), 0.0097330 secs] 42890K->28623K(59392K), [Perm : 6079K->6079K(21248K)], 0.0097930 secs] [Times: user=0.01 sys=0.00, real=0.00 secs] 
60.725: Total time for which application threads were stopped: 0.0100440 seconds, Stopping threads took: 0.0001830 seconds
60.775: Application time: 0.0500410 seconds
60.776: [GC60.776: [DefNew: 15697K->15697K(18432K), 0.0000090 secs]60.776: [Tenured: 28623K->28624K(40960K), 0.0093300 secs] 44321K->28624K(59392K), [Perm : 6079K->6079K(21248K)], 0.0093890 secs] [Times: user=0.01 sys=0.00, real=0.00 secs] 
60.785: Total time for which application threads were stopped: 0.0095830 seconds, Stopping threads took: 0.0001070 seconds
60.852: Application time: 0.0668770 seconds
60.852: [GC60.852: [DefNew: 15689K->15689K(18432K), 0.0000100 secs]60.852: [Tenured: 28624K->28625K(40960K), 0.0090700 secs] 44314K->28625K(59392K), [Perm : 6079K->6079K(21248K)], 0.0091360 secs] [Times: user=0.01 sys=0.00, real=0.01 secs] 
60.861: Total time for which application threads were stopped: 0.0092760 seconds, Stopping threads took: 0.0000710 seconds
60.917: Application time: 0.0554190 seconds
60.917: [GC60.917: [DefNew: 15689K->15689K(18432K), 0.0000100 secs]60.917: [Tenured: 28625K->27911K(40960K), 0.0115360 secs] 44314K->27911K(59392K), [Perm : 6079K->6079K(21248K)], 0.0115990 secs] [Times: user=0.01 sys=0.00, real=0.01 secs] 
60.928: Total time for which application threads were stopped: 0.0117360 seconds, Stopping threads took: 0.0000660 seconds
60.987: Application time: 0.0589730 seconds
60.987: [GC60.987: [DefNew: 15696K->15696K(18432K), 0.0000110 secs]60.988: [Tenured: 27911K->27912K(40960K), 0.0105970 secs] 43607K->27912K(59392K), [Perm : 6079K->6079K(21248K)], 0.0106560 secs] [Times: user=0.01 sys=0.00, real=0.01 secs] 
60.998: Total time for which application threads were stopped: 0.0108620 seconds, Stopping threads took: 0.0001140 seconds
61.063: Application time: 0.0645340 seconds
61.063: [GC61.063: [DefNew: 15698K->15698K(18432K), 0.0000100 secs]61.063: [Tenured: 27912K->26486K(40960K), 0.0104970 secs] 43610K->26486K(59392K), [Perm : 6079K->6079K(21248K)], 0.0105580 secs] [Times: user=0.01 sys=0.00, real=0.01 secs] 
61.073: Total time for which application threads were stopped: 0.0106990 seconds, Stopping threads took: 0.0000570 seconds
61.122: Application time: 0.0490900 seconds
61.123: [GC61.123: [DefNew: 15690K->1425K(18432K), 0.0036680 secs] 42176K->39312K(59392K), 0.0037060 secs] [Times: user=0.00 sys=0.00, real=0.01 secs] 
61.126: Total time for which application threads were stopped: 0.0038260 seconds, Stopping threads took: 0.0000580 seconds
61.178: Application time: 0.0517130 seconds
61.178: [GC61.178: [DefNew: 17129K->17129K(18432K), 0.0000110 secs]61.178: [Tenured: 37887K->24349K(40960K), 0.0106620 secs] 55017K->24349K(59392K), [Perm : 6079K->6079K(21248K)], 0.0107230 secs] [Times: user=0.01 sys=0.00, real=0.01 secs] 
61.189: Total time for which application threads were stopped: 0.0108620 seconds, Stopping threads took: 0.0000680 seconds
61.240: Application time: 0.0506130 seconds
61.240: [GC61.240: [DefNew: 15690K->1425K(18432K), 0.0042310 secs] 40039K->37175K(59392K), 0.0042740 secs] [Times: user=0.01 sys=0.00, real=0.00 secs] 
61.244: Total time for which application threads were stopped: 0.0044190 seconds, Stopping threads took: 0.0000750 seconds
61.294: Application time: 0.0497590 seconds
61.294: [GC61.294: [DefNew: 17113K->17113K(18432K), 0.0000100 secs]61.294: [Tenured: 35750K->25062K(40960K), 0.0103670 secs] 52863K->25062K(59392K), [Perm : 6079K->6079K(21248K)], 0.0104250 secs] [Times: user=0.01 sys=0.00, real=0.00 secs] 
61.304: Total time for which application threads were stopped: 0.0105700 seconds, Stopping threads took: 0.0000760 seconds
61.360: Application time: 0.0557020 seconds
61.360: [GC61.360: [DefNew: 15696K->1426K(18432K), 0.0033110 secs] 40758K->36464K(59392K), 0.0033530 secs] [Times: user=0.00 sys=0.00, real=0.00 secs] 
61.364: Total time for which application threads were stopped: 0.0035460 seconds, Stopping threads took: 0.0001260 seconds
61.414: Application time: 0.0506590 seconds
61.414: [GC61.414: [DefNew: 17114K->17114K(18432K), 0.0000090 secs]61.414: [Tenured: 35037K->25063K(40960K), 0.0092830 secs] 52152K->25063K(59392K), [Perm : 6079K->6079K(21248K)], 0.0093420 secs] [Times: user=0.01 sys=0.00, real=0.00 secs] 
61.424: Total time for which application threads were stopped: 0.0094700 seconds, Stopping threads took: 0.0000600 seconds
61.466: Application time: 0.0424010 seconds
61.466: [GC61.466: [DefNew: 15688K->1425K(18432K), 0.0033490 secs] 40751K->36464K(59392K), 0.0033890 secs] [Times: user=0.00 sys=0.00, real=0.00 secs] 
61.470: Total time for which application threads were stopped: 0.0035190 seconds, Stopping threads took: 0.0000630 seconds
61.533: Application time: 0.0635800 seconds
61.533: [GC61.533: [DefNew: 17122K->17122K(18432K), 0.0000110 secs]61.533: [Tenured: 35039K->25776K(40960K), 0.0108290 secs] 52161K->25776K(59392K), [Perm : 6079K->6079K(21248K)], 0.0108980 secs] [Times: user=0.01 sys=0.00, real=0.01 secs] 
61.544: Total time for which application threads were stopped: 0.0110750 seconds, Stopping threads took: 0.0001050 seconds
61.587: Application time: 0.0424770 seconds
61.587: [GC61.587: [DefNew: 15697K->15697K(18432K), 0.0000100 secs]61.587: [Tenured: 25776K->25777K(40960K), 0.0092060 secs] 41474K->25777K(59392K), [Perm : 6079K->6079K(21248K)], 0.0092630 secs] [Times: user=0.01 sys=0.00, real=0.01 secs] 
61.596: Total time for which application threads were stopped: 0.0094160 seconds, Stopping threads took: 0.0000720 seconds
61.658: Application time: 0.0621290 seconds
61.658: [GC61.658: [DefNew: 15688K->15688K(18432K), 0.0000100 secs]61.658: [Tenured: 25777K->25062K(40960K), 0.0102680 secs] 41466K->25062K(59392K), [Perm : 6079K->6079K(21248K)], 0.0103270 secs] [Times: user=0.01 sys=0.00, real=0.01 secs] 
61.669: Total time for which application threads were stopped: 0.0104550 seconds, Stopping threads took: 0.0000580 seconds
61.713: Application time: 0.0442390 seconds
61.713: [GC61.713: [DefNew: 15688K->1425K(18432K), 0.0033120 secs] 40751K->36464K(59392K), 0.0033560 secs] [Times: user=0.00 sys=0.00, real=0.01 secs] 
61.717: Total time for which application threads were stopped: 0.0035570 seconds, Stopping threads took: 0.0001120 seconds
61.773: Application time: 0.0562800 seconds
61.773: [GC61.773: [DefNew: 17114K->17114K(18432K), 0.0000090 secs]61.773: [Tenured: 35039K->25775K(40960K), 0.0091870 secs] 52153K->25775K(59392K), [Perm : 6079K->6079K(21248K)], 0.0092440 secs] [Times: user=0.01 sys=0.00, real=0.01 secs] 
61.782: Total time for which application threads were stopped: 0.0094010 seconds, Stopping threads took: 0.0000800 seconds
61.830: Application time: 0.0478360 seconds
61.830: [GC61.830: [DefNew: 15697K->15697K(18432K), 0.0000090 secs]61.830: [Tenured: 25775K->25064K(40960K), 0.0113180 secs] 41472K->25064K(59392K), [Perm : 6079K->6079K(21248K)], 0.0113790 secs] [Times: user=0.02 sys=0.00, real=0.01 secs] 
61.842: Total time for which application threads were stopped: 0.0115640 seconds, Stopping threads took: 0.0001090 seconds
61.894: Application time: 0.0524740 seconds
61.894: [GC61.894: [DefNew: 15688K->1425K(18432K), 0.0034970 secs] 40753K->37178K(59392K), 0.0035360 secs] [Times: user=0.01 sys=0.00, real=0.00 secs] 
61.898: Total time for which application threads were stopped: 0.0037400 seconds, Stopping threads took: 0.0001360 seconds
61.946: Application time: 0.0482510 seconds
61.946: [GC61.946: [DefNew: 17114K->17114K(18432K), 0.0000100 secs]61.946: [Tenured: 35752K->25776K(40960K), 0.0089340 secs] 52867K->25776K(59392K), [Perm : 6079K->6079K(21248K)], 0.0089940 secs] [Times: user=0.01 sys=0.00, real=0.01 secs] 
61.955: Total time for which application threads were stopped: 0.0091280 seconds, Stopping threads took: 0.0000640 seconds
62.005: Application time: 0.0494530 seconds
62.005: [GC62.005: [DefNew: 15688K->15688K(18432K), 0.0000090 secs]62.005: [Tenured: 25776K->26488K(40960K), 0.0100800 secs] 41465K->26488K(59392K), [Perm : 6079K->6079K(21248K)], 0.0101400 secs] [Times: user=0.01 sys=0.00, real=0.02 secs] 
62.015: Total time for which application threads were stopped: 0.0103100 seconds, Stopping threads took: 0.0001010 seconds
62.066: Application time: 0.0506190 seconds
62.066: [GC62.066: [DefNew: 15705K->15705K(18432K), 0.0000110 secs]62.066: [Tenured: 26488K->25777K(40960K), 0.0105270 secs] 42194K->25777K(59392K), [Perm : 6079K->6079K(21248K)], 0.0105900 secs] [Times: user=0.01 sys=0.00, real=0.01 secs] 
62.076: Total time for which application threads were stopped: 0.0107650 seconds, Stopping threads took: 0.0001040 seconds
62.134: Application time: 0.0578300 seconds
62.134: [GC62.134: [DefNew: 15688K->15688K(18432K), 0.0000110 secs]62.134: [Tenured: 25777K->27915K(40960K), 0.0100730 secs] 41466K->27915K(59392K), [Perm : 6079K->6079K(21248K)], 0.0101400 secs] [Times: user=0.01 sys=0.00, real=0.00 secs] 
62.144: Total time for which application threads were stopped: 0.0102960 seconds, Stopping threads took: 0.0000710 seconds
62.185: Application time: 0.0401450 seconds
62.185: [GC62.185: [DefNew: 15705K->15705K(18432K), 0.0000100 secs]62.185: [Tenured: 27915K->27204K(40960K), 0.0088280 secs] 43621K->27204K(59392K), [Perm : 6079K->6079K(21248K)], 0.0088810 secs] [Times: user=0.01 sys=0.00, real=0.02 secs] 
62.194: Total time for which application threads were stopped: 0.0090870 seconds, Stopping threads took: 0.0001260 seconds
62.246: Application time: 0.0522040 seconds
62.246: [GC62.246: [DefNew: 15688K->15688K(18432K), 0.0000100 secs]62.246: [Tenured: 27204K->28626K(40960K), 0.0118720 secs] 42893K->28626K(59392K), [Perm : 6079K->6079K(21248K)], 0.0119310 secs] [Times: user=0.01 sys=0.00, real=0.01 secs] 
62.258: Total time for which application threads were stopped: 0.0121270 seconds, Stopping threads took: 0.0001060 seconds
62.314: Application time: 0.0562640 seconds
62.314: [GC62.314: [DefNew: 15688K->15688K(18432K), 0.0000110 secs]62.314: [Tenured: 28626K->28625K(40960K), 0.0097030 secs] 44314K->28625K(59392K), [Perm : 6079K->6079K(21248K)], 0.0097650 secs] [Times: user=0.01 sys=0.00, real=0.00 secs] 
62.324: Total time for which application threads were stopped: 0.0098950 seconds, Stopping threads took: 0.0000580 seconds
62.377: Application time: 0.0530680 seconds
62.377: [GC62.377: [DefNew: 15688K->15688K(18432K), 0.0000120 secs]62.377: [Tenured: 28625K->29338K(40960K), 0.0090690 secs] 44314K->29338K(59392K), [Perm : 6079K->6079K(21248K)], 0.0091370 secs] [Times: user=0.01 sys=0.00, real=0.01 secs] 
62.387: Total time for which application threads were stopped: 0.0092680 seconds, Stopping threads took: 0.0000590 seconds
62.426: Application time: 0.0394440 seconds
62.426: [GC62.426: [DefNew: 15697K->15697K(18432K), 0.0000100 secs]62.426: [Tenured: 29338K->28626K(40960K), 0.0097290 secs] 45035K->28626K(59392K), [Perm : 6079K->6079K(21248K)], 0.0097890 secs] [Times: user=0.01 sys=0.00, real=0.01 secs] 
62.436: Total time for which application threads were stopped: 0.0099540 seconds, Stopping threads took: 0.0000860 seconds
62.498: Application time: 0.0622350 seconds
62.498: [GC62.498: [DefNew: 15688K->15688K(18432K), 0.0000110 secs]62.498: [Tenured: 28626K->30050K(40960K), 0.0108320 secs] 44315K->30050K(59392K), [Perm : 6079K->6079K(21248K)], 0.0108930 secs] [Times: user=0.01 sys=0.00, real=0.01 secs] 
62.509: Total time for which application threads were stopped: 0.0110300 seconds, Stopping threads took: 0.0000650 seconds
62.551: Application time: 0.0414720 seconds
62.551: [GC62.551: [DefNew: 15728K->15728K(18432K), 0.0000100 secs]62.551: [Tenured: 30050K->30080K(40960K), 0.0090740 secs] 45779K->30080K(59392K), [Perm : 6079K->6079K(21248K)], 0.0091330 secs] [Times: user=0.01 sys=0.00, real=0.01 secs] 
62.560: Total time for which application threads were stopped: 0.0092640 seconds, Stopping threads took: 0.0000620 seconds
62.567: Application time: 0.0073120 seconds
62.567: [GC62.567: [DefNew: 15679K->15679K(18432K), 0.0000090 secs]62.567: [Tenured: 30080K->30792K(40960K), 0.0095320 secs] 45759K->30792K(59392K), [Perm : 6079K->6079K(21248K)], 0.0095930 secs] [Times: user=0.01 sys=0.00, real=0.01 secs] 
62.577: Total time for which application threads were stopped: 0.0097810 seconds, Stopping threads took: 0.0001160 seconds
62.585: Application time: 0.0075530 seconds
62.585: [GC62.585: [DefNew: 15683K->15683K(18432K), 0.0000100 secs]62.585: [Tenured: 30792K->30793K(40960K), 0.0060490 secs] 46476K->30793K(59392K), [Perm : 6079K->6079K(21248K)], 0.0061050 secs] [Times: user=0.01 sys=0.00, real=0.01 secs] 
62.591: Total time for which application threads were stopped: 0.0063280 seconds, Stopping threads took: 0.0001440 seconds
62.595: Application time: 0.0044700 seconds
62.596: [GC62.596: [DefNew: 15679K->15679K(18432K), 0.0000100 secs]62.596: [Tenured: 30793K->29338K(40960K), 0.0114750 secs] 46473K->29338K(59392K), [Perm : 6079K->6079K(21248K)], 0.0115360 secs] [Times: user=0.01 sys=0.00, real=0.01 secs] 
62.607: Total time for which application threads were stopped: 0.0117000 seconds, Stopping threads took: 0.0000790 seconds
62.615: Application time: 0.0074600 seconds
62.615: [GC62.615: [DefNew: 15685K->15685K(18432K), 0.0000100 secs]62.615: [Tenured: 29338K->30764K(40960K), 0.0069440 secs] 45023K->30764K(59392K), [Perm : 6079K->6079K(21248K)], 0.0070030 secs] [Times: user=0.01 sys=0.00, real=0.00 secs] 
62.622: Total time for which application threads were stopped: 0.0071650 seconds, Stopping threads took: 0.0000950 seconds
62.627: Application time: 0.0056740 seconds
62.628: [GC62.628: [DefNew: 15682K->15682K(18432K), 0.0000100 secs]62.628: [Tenured: 30764K->29338K(40960K), 0.0090650 secs] 46446K->29338K(59392K), [Perm : 6079K->6079K(21248K)], 0.0091260 secs] [Times: user=0.01 sys=0.00, real=0.01 secs] 
62.637: Total time for which application threads were stopped: 0.0092860 seconds, Stopping threads took: 0.0000870 seconds
62.644: Application time: 0.0072010 seconds
62.644: [GC62.644: [DefNew: 15680K->15680K(18432K), 0.0000110 secs]62.644: [Tenured: 29338K->30763K(40960K), 0.0074210 secs] 45018K->30763K(59392K), [Perm : 6079K->6079K(21248K)], 0.0074740 secs] [Times: user=0.01 sys=0.00, real=0.01 secs] 
62.652: Total time for which application threads were stopped: 0.0077840 seconds, Stopping threads took: 0.0002340 seconds
62.656: Application time: 0.0045970 seconds
62.657: [GC62.657: [DefNew: 15692K->15692K(18432K), 0.0000100 secs]62.657: [Tenured: 30763K->30051K(40960K), 0.0100510 secs] 46456K->30051K(59392K), [Perm : 6079K->6079K(21248K)], 0.0101110 secs] [Times: user=0.01 sys=0.00, real=0.01 secs] 
62.667: Total time for which application threads were stopped: 0.0103400 seconds, Stopping threads took: 0.0001350 seconds
62.671: Application time: 0.0039990 seconds
62.671: [GC62.671: [DefNew: 15679K->15679K(18432K), 0.0000090 secs]62.671: [Tenured: 30051K->31476K(40960K), 0.0059370 secs] 45730K->31476K(59392K), [Perm : 6079K->6079K(21248K)], 0.0059950 secs] [Times: user=0.01 sys=0.00, real=0.01 secs] 
62.677: Total time for which application threads were stopped: 0.0061400 seconds, Stopping threads took: 0.0000750 seconds
62.710: Application time: 0.0333190 seconds
62.710: [GC62.710: [DefNew: 15688K->15688K(18432K), 0.0000090 secs]62.710: [Tenured: 31476K->28625K(40960K), 0.0093840 secs] 47164K->28625K(59392K), [Perm : 6079K->6079K(21248K)], 0.0094440 secs] [Times: user=0.01 sys=0.00, real=0.01 secs] 
62.720: Total time for which application threads were stopped: 0.0096290 seconds, Stopping threads took: 0.0001130 seconds
62.738: Application time: 0.0183060 seconds
62.738: [GC62.738: [DefNew: 15723K->15723K(18432K), 0.0000110 secs]62.738: [Tenured: 28625K->29367K(40960K), 0.0095680 secs] 44348K->29367K(59392K), [Perm : 6079K->6079K(21248K)], 0.0096290 secs] [Times: user=0.01 sys=0.00, real=0.01 secs] 
62.748: Total time for which application threads were stopped: 0.0097750 seconds, Stopping threads took: 0.0000730 seconds
62.755: Application time: 0.0068840 seconds
62.755: [GC62.755: [DefNew: 15681K->15681K(18432K), 0.0000100 secs]62.755: [Tenured: 29367K->27200K(40960K), 0.0106150 secs] 45048K->27200K(59392K), [Perm : 6079K->6079K(21248K)], 0.0106680 secs] [Times: user=0.02 sys=0.00, real=0.01 secs] 
62.766: Total time for which application threads were stopped: 0.0109780 seconds, Stopping threads took: 0.0002410 seconds
62.771: Application time: 0.0054380 seconds
62.771: [GC62.771: [DefNew: 15685K->15685K(18432K), 0.0000100 secs]62.771: [Tenured: 27200K->29338K(40960K), 0.0066330 secs] 42886K->29338K(59392K), [Perm : 6079K->6079K(21248K)], 0.0066870 secs] [Times: user=0.01 sys=0.00, real=0.01 secs] 
62.778: Total time for which application threads were stopped: 0.0068750 seconds, Stopping threads took: 0.0001180 seconds
62.782: Application time: 0.0044670 seconds
62.783: [GC62.783: [DefNew: 15679K->15679K(18432K), 0.0000100 secs]62.783: [Tenured: 29338K->28625K(40960K), 0.0095850 secs] 45018K->28625K(59392K), [Perm : 6079K->6079K(21248K)], 0.0096460 secs] [Times: user=0.01 sys=0.00, real=0.01 secs] 
62.792: Total time for which application threads were stopped: 0.0098510 seconds, Stopping threads took: 0.0001220 seconds
62.800: Application time: 0.0076490 seconds
62.800: [GC62.800: [DefNew: 15688K->15688K(18432K), 0.0000100 secs]62.800: [Tenured: 28625K->27912K(40960K), 0.0097560 secs] 44313K->27912K(59392K), [Perm : 6079K->6079K(21248K)], 0.0098140 secs] [Times: user=0.01 sys=0.00, real=0.01 secs] 
62.810: Total time for which application threads were stopped: 0.0100340 seconds, Stopping threads took: 0.0001310 seconds
62.816: Application time: 0.0064250 seconds
62.817: [GC62.817: [DefNew: 15681K->15681K(18432K), 0.0000100 secs]62.817: [Tenured: 27912K->27912K(40960K), 0.0086020 secs] 43593K->27912K(59392K), [Perm : 6079K->6079K(21248K)], 0.0086620 secs] [Times: user=0.01 sys=0.00, real=0.00 secs] 
62.825: Total time for which application threads were stopped: 0.0088910 seconds, Stopping threads took: 0.0001450 seconds
62.832: Application time: 0.0067540 seconds
62.832: [GC62.832: [DefNew: 15689K->15689K(18432K), 0.0000100 secs]62.832: [Tenured: 27912K->30051K(40960K), 0.0061200 secs] 43602K->30051K(59392K), [Perm : 6079K->6079K(21248K)], 0.0061780 secs] [Times: user=0.00 sys=0.00, real=0.01 secs] 
62.838: Total time for which application threads were stopped: 0.0063690 seconds, Stopping threads took: 0.0001220 seconds
62.842: Application time: 0.0039260 seconds
62.843: [GC62.843: [DefNew: 15681K->15681K(18432K), 0.0000100 secs]62.843: [Tenured: 30051K->28625K(40960K), 0.0100360 secs] 45733K->28625K(59392K), [Perm : 6079K->6079K(21248K)], 0.0100950 secs] [Times: user=0.01 sys=0.00, real=0.01 secs] 
62.853: Total time for which application threads were stopped: 0.0102430 seconds, Stopping threads took: 0.0000750 seconds
62.857: Application time: 0.0043790 seconds
62.857: [GC62.857: [DefNew: 15678K->15678K(18432K), 0.0000100 secs]62.857: [Tenured: 28625K->30763K(40960K), 0.0062170 secs] 44303K->30763K(59392K), [Perm : 6079K->6079K(21248K)], 0.0062770 secs] [Times: user=0.01 sys=0.00, real=0.00 secs] 
62.863: Total time for which application threads were stopped: 0.0064390 seconds, Stopping threads took: 0.0000890 seconds
62.909: Application time: 0.0450660 seconds
62.909: [GC62.909: [DefNew: 15696K->15696K(18432K), 0.0000100 secs]62.909: [Tenured: 30763K->27912K(40960K), 0.0098240 secs] 46459K->27912K(59392K), [Perm : 6079K->6079K(21248K)], 0.0098830 secs] [Times: user=0.01 sys=0.00, real=0.01 secs] 
62.919: Total time for which application threads were stopped: 0.0100270 seconds, Stopping threads took: 0.0000730 seconds
62.983: Application time: 0.0648100 seconds
62.984: [GC62.984: [DefNew: 15689K->15689K(18432K), 0.0000100 secs]62.984: [Tenured: 27912K->29337K(40960K), 0.0108300 secs] 43602K->29337K(59392K), [Perm : 6079K->6079K(21248K)], 0.0108910 secs] [Times: user=0.01 sys=0.00, real=0.02 secs] 
62.994: Total time for which application threads were stopped: 0.0110910 seconds, Stopping threads took: 0.0001110 seconds
63.011: Application time: 0.0170130 seconds
63.012: [GC63.012: [DefNew: 15723K->15723K(18432K), 0.0000100 secs]63.012: [Tenured: 29337K->29366K(40960K), 0.0098850 secs] 45061K->29366K(59392K), [Perm : 6079K->6079K(21248K)], 0.0099460 secs] [Times: user=0.01 sys=0.00, real=0.01 secs] 
63.022: Total time for which application threads were stopped: 0.0100890 seconds, Stopping threads took: 0.0000680 seconds
63.029: Application time: 0.0074710 seconds
63.029: [GC63.029: [DefNew: 15679K->15679K(18432K), 0.0000100 secs]63.029: [Tenured: 29366K->28654K(40960K), 0.0085790 secs] 45046K->28654K(59392K), [Perm : 6079K->6079K(21248K)], 0.0086400 secs] [Times: user=0.01 sys=0.00, real=0.01 secs] 
63.038: Total time for which application threads were stopped: 0.0088540 seconds, Stopping threads took: 0.0001430 seconds
63.044: Application time: 0.0057410 seconds
63.044: [GC63.044: [DefNew: 15685K->15685K(18432K), 0.0000100 secs]63.044: [Tenured: 28654K->28625K(40960K), 0.0111650 secs] 44340K->28625K(59392K), [Perm : 6079K->6079K(21248K)], 0.0112260 secs] [Times: user=0.01 sys=0.00, real=0.02 secs] 
63.055: Total time for which application threads were stopped: 0.0114570 seconds, Stopping threads took: 0.0001290 seconds
63.060: Application time: 0.0048840 seconds
63.061: [GC63.061: [DefNew: 15679K->15679K(18432K), 0.0000100 secs]63.061: [Tenured: 28625K->26486K(40960K), 0.0099940 secs] 44304K->26486K(59392K), [Perm : 6079K->6079K(21248K)], 0.0100560 secs] [Times: user=0.01 sys=0.00, real=0.01 secs] 
63.071: Total time for which application threads were stopped: 0.0106390 seconds, Stopping threads took: 0.0004910 seconds
63.077: Application time: 0.0065980 seconds
63.077: [GC63.077: [DefNew: 15690K->15690K(18432K), 0.0000200 secs]63.077: [Tenured: 26486K->27199K(40960K), 0.0088480 secs] 42177K->27199K(59392K), [Perm : 6079K->6079K(21248K)], 0.0089190 secs] [Times: user=0.01 sys=0.00, real=0.01 secs] 
63.086: Total time for which application threads were stopped: 0.0091110 seconds, Stopping threads took: 0.0001200 seconds
63.094: Application time: 0.0077700 seconds
63.094: [GC63.094: [DefNew: 15679K->15679K(18432K), 0.0000100 secs]63.094: [Tenured: 27199K->28625K(40960K), 0.0059090 secs] 42879K->28625K(59392K), [Perm : 6079K->6079K(21248K)], 0.0059690 secs] [Times: user=0.00 sys=0.00, real=0.00 secs] 
63.100: Total time for which application threads were stopped: 0.0061160 seconds, Stopping threads took: 0.0000760 seconds
63.105: Application time: 0.0052660 seconds
63.106: [GC63.106: [DefNew: 15689K->15689K(18432K), 0.0000100 secs]63.106: [Tenured: 28625K->27912K(40960K), 0.0071190 secs] 44314K->27912K(59392K), [Perm : 6079K->6079K(21248K)], 0.0071790 secs] [Times: user=0.00 sys=0.00, real=0.00 secs] 
63.113: Total time for which application threads were stopped: 0.0073730 seconds, Stopping threads took: 0.0001040 seconds
63.117: Application time: 0.0041220 seconds
63.117: [GC63.117: [DefNew: 15681K->15681K(18432K), 0.0000100 secs]63.117: [Tenured: 27912K->28625K(40960K), 0.0091260 secs] 43594K->28625K(59392K), [Perm : 6079K->6079K(21248K)], 0.0091850 secs] [Times: user=0.01 sys=0.00, real=0.01 secs] 
63.126: Total time for which application threads were stopped: 0.0093430 seconds, Stopping threads took: 0.0000840 seconds
63.133: Application time: 0.0068190 seconds
63.133: [GC63.133: [DefNew: 15690K->15690K(18432K), 0.0000100 secs]63.133: [Tenured: 28625K->28625K(40960K), 0.0074560 secs] 44315K->28625K(59392K), [Perm : 6079K->6079K(21248K)], 0.0075180 secs] [Times: user=0.01 sys=0.00, real=0.01 secs] 
63.141: Total time for which application threads were stopped: 0.0076910 seconds, Stopping threads took: 0.0001030 seconds
63.205: Application time: 0.0642050 seconds
63.205: [GC63.205: [DefNew: 15689K->15689K(18432K), 0.0000110 secs]63.205: [Tenured: 28625K->27199K(40960K), 0.0098890 secs] 44314K->27199K(59392K), [Perm : 6079K->6079K(21248K)], 0.0099490 secs] [Times: user=0.01 sys=0.00, real=0.02 secs] 
63.215: Total time for which application threads were stopped: 0.0100990 seconds, Stopping threads took: 0.0000720 seconds
63.268: Application time: 0.0530230 seconds
63.268: [GC63.268: [DefNew: 15689K->15689K(18432K), 0.0000140 secs]63.268: [Tenured: 27199K->27912K(40960K), 0.0098600 secs] 42889K->27912K(59392K), [Perm : 6079K->6079K(21248K)], 0.0099290 secs] [Times: user=0.01 sys=0.00, real=0.01 secs] 
63.278: Total time for which application threads were stopped: 0.0101010 seconds, Stopping threads took: 0.0001020 seconds
63.296: Application time: 0.0179890 seconds
63.296: [GC63.296: [DefNew: 15722K->15722K(18432K), 0.0000090 secs]63.296: [Tenured: 27912K->28654K(40960K), 0.0088720 secs] 43635K->28654K(59392K), [Perm : 6079K->6079K(21248K)], 0.0089320 secs] [Times: user=0.00 sys=0.00, real=0.00 secs] 
63.305: Total time for which application threads were stopped: 0.0091000 seconds, Stopping threads took: 0.0000950 seconds
63.314: Application time: 0.0086920 seconds
63.314: [GC63.314: [DefNew: 16182K->16182K(18432K), 0.0000090 secs]63.314: [Tenured: 28654K->24413K(40960K), 0.0098420 secs] 44837K->24413K(59392K), [Perm : 6079K->6079K(21248K)], 0.0099020 secs] [Times: user=0.01 sys=0.00, real=0.00 secs] 
63.324: Total time for which application threads were stopped: 0.0100550 seconds, Stopping threads took: 0.0000690 seconds
63.328: Application time: 0.0040970 seconds
63.328: [GC63.328: [DefNew: 15808K->1432K(18432K), 0.0013090 secs] 40222K->27983K(59392K), 0.0013410 secs] [Times: user=0.00 sys=0.00, real=0.00 secs] 
63.330: Total time for which application threads were stopped: 0.0014870 seconds, Stopping threads took: 0.0000840 seconds
63.334: Application time: 0.0047170 seconds
63.335: [GC63.335: [DefNew: 17242K->17242K(18432K), 0.0000100 secs]63.335: [Tenured: 26550K->25830K(40960K), 0.0102110 secs] 43792K->25830K(59392K), [Perm : 6079K->6079K(21248K)], 0.0102720 secs] [Times: user=0.01 sys=0.00, real=0.00 secs] 
63.345: Total time for which application threads were stopped: 0.0107700 seconds, Stopping threads took: 0.0004070 seconds
63.354: Application time: 0.0084320 seconds
63.354: [GC63.354: [DefNew: 15686K->15686K(18432K), 0.0000170 secs]63.354: [Tenured: 25830K->24349K(40960K), 0.0101240 secs] 41517K->24349K(59392K), [Perm : 6079K->6079K(21248K)], 0.0101970 secs] [Times: user=0.01 sys=0.00, real=0.00 secs] 
63.364: Total time for which application threads were stopped: 0.0103610 seconds, Stopping threads took: 0.0000860 seconds
63.369: Application time: 0.0050450 seconds
63.369: [GC63.369: [DefNew: 15682K->1425K(18432K), 0.0012440 secs] 40032K->28624K(59392K), 0.0012790 secs] [Times: user=0.00 sys=0.00, real=0.00 secs] 
63.371: Total time for which application threads were stopped: 0.0016330 seconds, Stopping threads took: 0.0002910 seconds
63.375: Application time: 0.0045090 seconds
63.375: [GC63.375: [DefNew: 17108K->17108K(18432K), 0.0000100 secs]63.375: [Tenured: 27199K->25062K(40960K), 0.0098010 secs] 44307K->25062K(59392K), [Perm : 6079K->6079K(21248K)], 0.0098650 secs] [Times: user=0.01 sys=0.00, real=0.00 secs] 
63.385: Total time for which application threads were stopped: 0.0101080 seconds, Stopping threads took: 0.0001710 seconds
63.390: Application time: 0.0043640 seconds
63.390: [GC63.390: [DefNew: 15689K->1425K(18432K), 0.0015850 secs] 40751K->30051K(59392K), 0.0016200 secs] [Times: user=0.00 sys=0.00, real=0.00 secs] 
63.392: Total time for which application threads were stopped: 0.0024290 seconds, Stopping threads took: 0.0007340 seconds
63.395: Application time: 0.0033810 seconds
63.396: [GC63.396: [DefNew: 17107K->17107K(18432K), 0.0000100 secs]63.396: [Tenured: 28625K->26487K(40960K), 0.0089280 secs] 45732K->26487K(59392K), [Perm : 6079K->6079K(21248K)], 0.0089880 secs] [Times: user=0.01 sys=0.00, real=0.00 secs] 
63.405: Total time for which application threads were stopped: 0.0091490 seconds, Stopping threads took: 0.0000830 seconds
63.409: Application time: 0.0039810 seconds
63.409: [GC63.409: [DefNew: 15686K->15686K(18432K), 0.0000090 secs]63.409: [Tenured: 26487K->26488K(40960K), 0.0065870 secs] 42174K->26488K(59392K), [Perm : 6079K->6079K(21248K)], 0.0066440 secs] [Times: user=0.01 sys=0.00, real=0.01 secs] 
63.416: Total time for which application threads were stopped: 0.0069300 seconds, Stopping threads took: 0.0002150 seconds
63.419: Application time: 0.0031060 seconds
63.419: [GC63.419: [DefNew: 15679K->15679K(18432K), 0.0000100 secs]63.419: [Tenured: 26488K->27199K(40960K), 0.0081980 secs] 42168K->27199K(59392K), [Perm : 6079K->6079K(21248K)], 0.0082600 secs] [Times: user=0.01 sys=0.00, real=0.01 secs] 
63.427: Total time for which application threads were stopped: 0.0085790 seconds, Stopping threads took: 0.0002450 seconds
63.432: Application time: 0.0045750 seconds
63.432: [GC63.432: [DefNew: 15687K->15687K(18432K), 0.0000100 secs]63.432: [Tenured: 27199K->26488K(40960K), 0.0076610 secs] 42887K->26488K(59392K), [Perm : 6079K->6079K(21248K)], 0.0077180 secs] [Times: user=0.00 sys=0.00, real=0.01 secs] 
63.440: Total time for which application threads were stopped: 0.0079370 seconds, Stopping threads took: 0.0001300 seconds
63.447: Application time: 0.0076210 seconds
63.448: [GC63.448: [DefNew: 15690K->15690K(18432K), 0.0000110 secs]63.448: [Tenured: 26488K->25774K(40960K), 0.0105000 secs] 42178K->25774K(59392K), [Perm : 6079K->6079K(21248K)], 0.0105700 secs] [Times: user=0.02 sys=0.00, real=0.01 secs] 
63.458: Total time for which application threads were stopped: 0.0108010 seconds, Stopping threads took: 0.0001390 seconds
63.465: Application time: 0.0070610 seconds
63.465: [GC63.465: [DefNew: 15679K->1425K(18432K), 0.0005060 secs] 41453K->27199K(59392K), 0.0005340 secs] [Times: user=0.00 sys=0.00, real=0.01 secs] 
63.466: Total time for which application threads were stopped: 0.0006690 seconds, Stopping threads took: 0.0000780 seconds
63.473: Application time: 0.0068170 seconds
63.473: [GC63.473: [DefNew: 17114K->1426K(18432K), 0.0007080 secs] 42889K->27913K(59392K), 0.0007350 secs] [Times: user=0.00 sys=0.00, real=0.01 secs] 
63.474: Total time for which application threads were stopped: 0.0008730 seconds, Stopping threads took: 0.0000710 seconds
63.478: Application time: 0.0040670 seconds
63.478: [GC63.478: [DefNew: 17106K->1425K(18432K), 0.0007830 secs] 43593K->28626K(59392K), 0.0008120 secs] [Times: user=0.00 sys=0.00, real=0.00 secs] 
63.479: Total time for which application threads were stopped: 0.0009920 seconds, Stopping threads took: 0.0001210 seconds
63.484: Application time: 0.0052460 seconds
63.484: [GC63.484: [DefNew: 17105K->1425K(18432K), 0.0010040 secs] 44306K->29338K(59392K), 0.0010340 secs] [Times: user=0.00 sys=0.00, real=0.00 secs] 
63.485: Total time for which application threads were stopped: 0.0012160 seconds, Stopping threads took: 0.0001210 seconds
63.517: Application time: 0.0315090 seconds
63.517: [GC63.517: [DefNew: 17195K->1484K(18432K), 0.0032600 secs] 45109K->38660K(59392K), 0.0033010 secs] [Times: user=0.00 sys=0.00, real=0.00 secs] 
63.520: Total time for which application threads were stopped: 0.0034610 seconds, Stopping threads took: 0.0000840 seconds
63.525: Application time: 0.0050110 seconds
63.526: [GC63.526: [DefNew: 17171K->17171K(18432K), 0.0000100 secs]63.526: [Tenured: 37176K->23693K(40960K), 0.0100350 secs] 54347K->23693K(59392K), [Perm : 6079K->6079K(21248K)], 0.0100950 secs] [Times: user=0.01 sys=0.00, real=0.01 secs] 
63.536: Total time for which application threads were stopped: 0.0111040 seconds, Stopping threads took: 0.0009180 seconds
63.541: Application time: 0.0047170 seconds
63.542: [GC63.542: [DefNew: 15679K->1425K(18432K), 0.0008260 secs] 39373K->26543K(59392K), 0.0008570 secs] [Times: user=0.00 sys=0.00, real=0.00 secs] 
63.543: Total time for which application threads were stopped: 0.0017500 seconds, Stopping threads took: 0.0008220 seconds
63.547: Application time: 0.0046540 seconds
63.547: [GC63.548: [DefNew: 17106K->1425K(18432K), 0.0015840 secs] 42225K->30106K(59392K), 0.0016210 secs] [Times: user=0.00 sys=0.00, real=0.00 secs] 
63.549: Total time for which application threads were stopped: 0.0017740 seconds, Stopping threads took: 0.0000840 seconds
63.553: Application time: 0.0039310 seconds
63.553: [GC63.553: [DefNew: 17119K->1426K(18432K), 0.0013010 secs] 45800K->32958K(59392K), 0.0013430 secs] [Times: user=0.00 sys=0.00, real=0.01 secs] 
63.555: Total time for which application threads were stopped: 0.0016960 seconds, Stopping threads took: 0.0002700 seconds
63.558: Application time: 0.0032060 seconds
63.558: [GC63.558: [DefNew: 17106K->17106K(18432K), 0.0000090 secs]63.558: [Tenured: 31531K->25061K(40960K), 0.0111070 secs] 48637K->25061K(59392K), [Perm : 6079K->6079K(21248K)], 0.0111680 secs] [Times: user=0.01 sys=0.00, real=0.01 secs] 
63.569: Total time for which application threads were stopped: 0.0113790 seconds, Stopping threads took: 0.0001380 seconds
63.573: Application time: 0.0037020 seconds
63.573: [GC63.573: [DefNew: 15679K->1425K(18432K), 0.0006940 secs] 40741K->27199K(59392K), 0.0007270 secs] [Times: user=0.00 sys=0.00, real=0.01 secs] 
63.574: Total time for which application threads were stopped: 0.0008880 seconds, Stopping threads took: 0.0000910 seconds
63.579: Application time: 0.0053010 seconds
63.579: [GC63.580: [DefNew: 17121K->1426K(18432K), 0.0010540 secs] 42895K->29338K(59392K), 0.0010920 secs] [Times: user=0.00 sys=0.00, real=0.00 secs] 
63.581: Total time for which application threads were stopped: 0.0013590 seconds, Stopping threads took: 0.0001860 seconds
63.586: Application time: 0.0052550 seconds
63.586: [GC63.586: [DefNew: 17107K->1425K(18432K), 0.0009640 secs] 45019K->30764K(59392K), 0.0009940 secs] [Times: user=0.00 sys=0.00, real=0.00 secs] 
63.587: Total time for which application threads were stopped: 0.0012510 seconds, Stopping threads took: 0.0001790 seconds
63.591: Application time: 0.0040420 seconds
63.591: [GC63.591: [DefNew: 17108K->1425K(18432K), 0.0019200 secs] 46446K->35039K(59392K), 0.0019580 secs] [Times: user=0.00 sys=0.00, real=0.00 secs] 
63.593: Total time for which application threads were stopped: 0.0021650 seconds, Stopping threads took: 0.0001400 seconds
63.598: Application time: 0.0046310 seconds
63.598: [GC63.598: [DefNew: 17108K->17108K(18432K), 0.0000090 secs]63.598: [Tenured: 33614K->22924K(40960K), 0.0089010 secs] 50723K->22924K(59392K), [Perm : 6079K->6079K(21248K)], 0.0089580 secs] [Times: user=0.01 sys=0.00, real=0.01 secs] 
63.607: Total time for which application threads were stopped: 0.0090810 seconds, Stopping threads took: 0.0000500 seconds
63.611: Application time: 0.0038930 seconds
63.611: [GC63.611: [DefNew: 15683K->1425K(18432K), 0.0017690 secs] 38608K->28625K(59392K), 0.0018070 secs] [Times: user=0.00 sys=0.00, real=0.00 secs] 
63.613: Total time for which application threads were stopped: 0.0019900 seconds, Stopping threads took: 0.0001170 seconds
63.617: Application time: 0.0038820 seconds
63.617: [GC63.617: [DefNew: 17123K->1427K(18432K), 0.0009180 secs] 44323K->30052K(59392K), 0.0009490 secs] [Times: user=0.00 sys=0.00, real=0.00 secs] 
63.618: Total time for which application threads were stopped: 0.0011690 seconds, Stopping threads took: 0.0001610 seconds
63.621: Application time: 0.0030990 seconds
63.621: [GC63.621: [DefNew: 17109K->1425K(18432K), 0.0011990 secs] 45735K->32190K(59392K), 0.0012310 secs] [Times: user=0.00 sys=0.00, real=0.00 secs] 
63.623: Total time for which application threads were stopped: 0.0014210 seconds, Stopping threads took: 0.0001280 seconds
63.626: Application time: 0.0038020 seconds
63.627: [GC63.627: [DefNew: 17106K->1425K(18432K), 0.0006180 secs] 47871K->32903K(59392K), 0.0006420 secs] [Times: user=0.00 sys=0.00, real=0.00 secs] 
63.627: Total time for which application threads were stopped: 0.0009130 seconds, Stopping threads took: 0.0002140 seconds
63.631: Application time: 0.0035560 seconds
63.631: [GC63.631: [DefNew: 17106K->712K(18432K), 0.0003690 secs] 48583K->32190K(59392K), 0.0003910 secs] [Times: user=0.00 sys=0.00, real=0.00 secs] 
63.631: Total time for which application threads were stopped: 0.0005220 seconds, Stopping threads took: 0.0000790 seconds
63.635: Application time: 0.0038560 seconds
63.635: [GC63.635: [DefNew: 16403K->1426K(18432K), 0.0013310 secs] 47880K->35753K(59392K), 0.0013620 secs] [Times: user=0.00 sys=0.00, real=0.00 secs] 
63.637: Total time for which application threads were stopped: 0.0015460 seconds, Stopping threads took: 0.0001220 seconds
63.693: Application time: 0.0559780 seconds
63.693: [GC63.693: [DefNew: 17123K->17123K(18432K), 0.0000100 secs]63.693: [Tenured: 34327K->23636K(40960K), 0.0090220 secs] 51451K->23636K(59392K), [Perm : 6079K->6079K(21248K)], 0.0090780 secs] [Times: user=0.01 sys=0.00, real=0.01 secs] 
63.702: Total time for which application threads were stopped: 0.0092410 seconds, Stopping threads took: 0.0000840 seconds
63.775: Application time: 0.0735210 seconds
63.776: [GC63.776: [DefNew: 15689K->1425K(18432K), 0.0042440 secs] 39326K->38599K(59392K), 0.0042870 secs] [Times: user=0.01 sys=0.00, real=0.00 secs] 
63.780: Total time for which application threads were stopped: 0.0044350 seconds, Stopping threads took: 0.0000710 seconds
63.798: Application time: 0.0181760 seconds
63.798: [GC63.798: [DefNew: 17146K->17146K(18432K), 0.0000100 secs]63.798: [Tenured: 37174K->25091K(40960K), 0.0103500 secs] 54321K->25091K(59392K), [Perm : 6079K->6079K(21248K)], 0.0104090 secs] [Times: user=0.01 sys=0.00, real=0.01 secs] 
63.809: Total time for which application threads were stopped: 0.0105820 seconds, Stopping threads took: 0.0000930 seconds
63.815: Application time: 0.0062350 seconds
63.815: [GC63.815: [DefNew: 15681K->1425K(18432K), 0.0019050 secs] 40772K->30791K(59392K), 0.0019460 secs] [Times: user=0.01 sys=0.00, real=0.00 secs] 
63.817: Total time for which application threads were stopped: 0.0021190 seconds, Stopping threads took: 0.0001050 seconds
63.823: Application time: 0.0057450 seconds
63.823: [GC63.823: [DefNew: 17110K->1425K(18432K), 0.0012750 secs] 46476K->32929K(59392K), 0.0013060 secs] [Times: user=0.00 sys=0.00, real=0.00 secs] 
63.824: Total time for which application threads were stopped: 0.0014590 seconds, Stopping threads took: 0.0000910 seconds
63.829: Application time: 0.0049630 seconds
63.829: [GC63.829: [DefNew: 17107K->17107K(18432K), 0.0000100 secs]63.830: [Tenured: 31503K->23636K(40960K), 0.0099620 secs] 48611K->23636K(59392K), [Perm : 6079K->6079K(21248K)], 0.0100200 secs] [Times: user=0.01 sys=0.00, real=0.01 secs] 
63.840: Total time for which application threads were stopped: 0.0103160 seconds, Stopping threads took: 0.0002250 seconds
63.847: Application time: 0.0074330 seconds
63.847: [GC63.847: [DefNew: 15688K->1426K(18432K), 0.0014710 secs] 39324K->27912K(59392K), 0.0015040 secs] [Times: user=0.00 sys=0.00, real=0.00 secs] 
63.849: Total time for which application threads were stopped: 0.0016410 seconds, Stopping threads took: 0.0000710 seconds
63.856: Application time: 0.0070010 seconds
63.856: [GC63.856: [DefNew: 17106K->712K(18432K), 0.0003680 secs] 43592K->27199K(59392K), 0.0003940 secs] [Times: user=0.00 sys=0.00, real=0.00 secs] 
63.856: Total time for which application threads were stopped: 0.0005300 seconds, Stopping threads took: 0.0000810 seconds
63.862: Application time: 0.0055060 seconds
63.862: [GC63.862: [DefNew: 16401K->1426K(18432K), 0.0007660 secs] 42889K->28626K(59392K), 0.0007960 secs] [Times: user=0.00 sys=0.00, real=0.00 secs] 
63.863: Total time for which application threads were stopped: 0.0010590 seconds, Stopping threads took: 0.0002030 seconds
63.867: Application time: 0.0040180 seconds
63.867: [GC63.867: [DefNew: 17105K->712K(18432K), 0.0003700 secs] 44305K->27913K(59392K), 0.0003970 secs] [Times: user=0.00 sys=0.00, real=0.00 secs] 
63.867: Total time for which application threads were stopped: 0.0005330 seconds, Stopping threads took: 0.0000800 seconds
63.901: Application time: 0.0340220 seconds
63.901: [GC63.901: [DefNew: 16404K->1426K(18432K), 0.0020570 secs] 43605K->34327K(59392K), 0.0020960 secs] [Times: user=0.01 sys=0.00, real=0.00 secs] 
63.904: Total time for which application threads were stopped: 0.0022230 seconds, Stopping threads took: 0.0000580 seconds
63.952: Application time: 0.0487830 seconds
63.952: [GC63.953: [DefNew: 17117K->17117K(18432K), 0.0000100 secs]63.953: [Tenured: 32900K->24349K(40960K), 0.0103510 secs] 50018K->24349K(59392K), [Perm : 6079K->6079K(21248K)], 0.0104100 secs] [Times: user=0.01 sys=0.00, real=0.01 secs] 
63.963: Total time for which application threads were stopped: 0.0106430 seconds, Stopping threads took: 0.0001630 seconds
64.037: Application time: 0.0736750 seconds
64.037: [GC64.037: [DefNew: 15700K->1425K(18432K), 0.0042030 secs] 40049K->39313K(59392K), 0.0042430 secs] [Times: user=0.00 sys=0.00, real=0.00 secs] 
64.041: Total time for which application threads were stopped: 0.0043730 seconds, Stopping threads took: 0.0000630 seconds
64.109: Application time: 0.0682410 seconds
64.109: [GC64.109: [DefNew: 17124K->17124K(18432K), 0.0000100 secs]64.109: [Tenured: 37887K->24350K(40960K), 0.0091440 secs] 55011K->24350K(59392K), [Perm : 6079K->6079K(21248K)], 0.0092020 secs] [Times: user=0.01 sys=0.00, real=0.01 secs] 
64.119: Total time for which application threads were stopped: 0.0093340 seconds, Stopping threads took: 0.0000610 seconds
64.184: Application time: 0.0658380 seconds
64.185: [GC64.185: [DefNew: 15691K->1425K(18432K), 0.0045280 secs] 40042K->40026K(59392K), 0.0045710 secs] [Times: user=0.00 sys=0.00, real=0.01 secs] 
64.189: Total time for which application threads were stopped: 0.0047950 seconds, Stopping threads took: 0.0001290 seconds
64.262: Application time: 0.0728170 seconds
64.262: [GC64.262: [DefNew: 17116K->17116K(18432K), 0.0000100 secs]64.262: [Tenured: 38601K->26488K(40960K), 0.0093340 secs] 55717K->26488K(59392K), [Perm : 6079K->6079K(21248K)], 0.0093930 secs] [Times: user=0.01 sys=0.00, real=0.01 secs] 
64.272: Total time for which application threads were stopped: 0.0095210 seconds, Stopping threads took: 0.0000600 seconds
64.343: Application time: 0.0719560 seconds
64.344: [GC64.344: [DefNew: 15698K->15698K(18432K), 0.0000100 secs]64.344: [Tenured: 26488K->25061K(40960K), 0.0100890 secs] 42186K->25061K(59392K), [Perm : 6079K->6079K(21248K)], 0.0101460 secs] [Times: user=0.01 sys=0.00, real=0.02 secs] 
64.354: Total time for which application threads were stopped: 0.0102880 seconds, Stopping threads took: 0.0000630 seconds
64.426: Application time: 0.0719450 seconds
64.426: [GC64.426: [DefNew: 15689K->1425K(18432K), 0.0040870 secs] 40751K->39312K(59392K), 0.0041290 secs] [Times: user=0.01 sys=0.00, real=0.00 secs] 
64.430: Total time for which application threads were stopped: 0.0042660 seconds, Stopping threads took: 0.0000710 seconds
64.499: Application time: 0.0692480 seconds
64.499: [GC64.499: [DefNew: 17125K->17125K(18432K), 0.0000090 secs]64.499: [Tenured: 37887K->26487K(40960K), 0.0092180 secs] 55012K->26487K(59392K), [Perm : 6079K->6079K(21248K)], 0.0092710 secs] [Times: user=0.01 sys=0.00, real=0.01 secs] 
64.509: Total time for which application threads were stopped: 0.0094250 seconds, Stopping threads took: 0.0000740 seconds
64.580: Application time: 0.0711760 seconds
64.580: [GC64.580: [DefNew: 15700K->15700K(18432K), 0.0000100 secs]64.580: [Tenured: 26487K->26488K(40960K), 0.0098660 secs] 42187K->26488K(59392K), [Perm : 6079K->6079K(21248K)], 0.0099260 secs] [Times: user=0.01 sys=0.00, real=0.01 secs] 
64.590: Total time for which application threads were stopped: 0.0100600 seconds, Stopping threads took: 0.0000630 seconds
64.658: Application time: 0.0680330 seconds
64.658: [GC64.658: [DefNew: 15691K->15691K(18432K), 0.0000120 secs]64.658: [Tenured: 26488K->27913K(40960K), 0.0101060 secs] 42180K->27913K(59392K), [Perm : 6079K->6079K(21248K)], 0.0101680 secs] [Times: user=0.01 sys=0.00, real=0.01 secs] 
64.668: Total time for which application threads were stopped: 0.0103230 seconds, Stopping threads took: 0.0000850 seconds
64.745: Application time: 0.0769510 seconds
64.745: [GC64.745: [DefNew: 15704K->15704K(18432K), 0.0000100 secs]64.745: [Tenured: 27913K->27911K(40960K), 0.0107980 secs] 43618K->27911K(59392K), [Perm : 6079K->6079K(21248K)], 0.0108590 secs] [Times: user=0.01 sys=0.00, real=0.02 secs] 
64.756: Total time for which application threads were stopped: 0.0109890 seconds, Stopping threads took: 0.0000590 seconds
64.823: Application time: 0.0667370 seconds
64.823: [GC64.823: [DefNew: 15691K->15691K(18432K), 0.0000100 secs]64.823: [Tenured: 27911K->28624K(40960K), 0.0100470 secs] 43603K->28624K(59392K), [Perm : 6079K->6079K(21248K)], 0.0101080 secs] [Times: user=0.01 sys=0.00, real=0.01 secs] 
64.833: Total time for which application threads were stopped: 0.0102500 seconds, Stopping threads took: 0.0000700 seconds
64.874: Application time: 0.0406370 seconds
64.874: [GC64.874: [DefNew: 15700K->15700K(18432K), 0.0000090 secs]64.874: [Tenured: 28624K->29337K(40960K), 0.0093050 secs] 44324K->29337K(59392K), [Perm : 6079K->6079K(21248K)], 0.0093630 secs] [Times: user=0.01 sys=0.00, real=0.00 secs] 
64.883: Total time for which application threads were stopped: 0.0095470 seconds, Stopping threads took: 0.0001080 seconds
64.957: Application time: 0.0735140 seconds
64.957: [GC64.957: [DefNew: 15691K->15691K(18432K), 0.0000090 secs]64.957: [Tenured: 29337K->30050K(40960K), 0.0091330 secs] 45029K->30050K(59392K), [Perm : 6079K->6079K(21248K)], 0.0091910 secs] [Times: user=0.01 sys=0.00, real=0.01 secs] 
64.966: Total time for which application threads were stopped: 0.0093290 seconds, Stopping threads took: 0.0000670 seconds
65.038: Application time: 0.0718570 seconds
65.038: [GC65.038: [DefNew: 15699K->15699K(18432K), 0.0000100 secs]65.038: [Tenured: 30050K->28624K(40960K), 0.0116110 secs] 45750K->28624K(59392K), [Perm : 6079K->6079K(21248K)], 0.0116740 secs] [Times: user=0.02 sys=0.00, real=0.01 secs] 
65.050: Total time for which application threads were stopped: 0.0118700 seconds, Stopping threads took: 0.0001080 seconds
65.108: Application time: 0.0583800 seconds
65.109: [GC65.109: [DefNew: 15699K->15699K(18432K), 0.0000100 secs]65.109: [Tenured: 28624K->27912K(40960K), 0.0088630 secs] 44324K->27912K(59392K), [Perm : 6079K->6079K(21248K)], 0.0089270 secs] [Times: user=0.01 sys=0.00, real=0.01 secs] 
65.117: Total time for which application threads were stopped: 0.0090940 seconds, Stopping threads took: 0.0001010 seconds
65.190: Application time: 0.0729420 seconds
65.191: [GC65.191: [DefNew: 15691K->15691K(18432K), 0.0000100 secs]65.191: [Tenured: 27912K->30050K(40960K), 0.0107080 secs] 43604K->30050K(59392K), [Perm : 6079K->6079K(21248K)], 0.0107690 secs] [Times: user=0.01 sys=0.00, real=0.01 secs] 
65.201: Total time for which application threads were stopped: 0.0109510 seconds, Stopping threads took: 0.0001110 seconds
65.264: Application time: 0.0621470 seconds
65.264: [GC65.264: [DefNew: 15689K->15689K(18432K), 0.0000100 secs]65.264: [Tenured: 30050K->30050K(40960K), 0.0099270 secs] 45740K->30050K(59392K), [Perm : 6079K->6079K(21248K)], 0.0099870 secs] [Times: user=0.01 sys=0.00, real=0.02 secs] 
65.274: Total time for which application threads were stopped: 0.0102810 seconds, Stopping threads took: 0.0002130 seconds
65.345: Application time: 0.0709390 seconds
65.345: [GC65.345: [DefNew: 15698K->15698K(18432K), 0.0000090 secs]65.345: [Tenured: 30050K->27199K(40960K), 0.0105170 secs] 45748K->27199K(59392K), [Perm : 6079K->6079K(21248K)], 0.0105750 secs] [Times: user=0.01 sys=0.00, real=0.02 secs] 
65.356: Total time for which application threads were stopped: 0.0107740 seconds, Stopping threads took: 0.0001110 seconds
65.392: Application time: 0.0360640 seconds
65.392: [GC65.392: [DefNew: 15689K->15689K(18432K), 0.0000110 secs]65.392: [Tenured: 27199K->27199K(40960K), 0.0098490 secs] 42889K->27199K(59392K), [Perm : 6079K->6079K(21248K)], 0.0099100 secs] [Times: user=0.01 sys=0.00, real=0.01 secs] 
65.402: Total time for which application threads were stopped: 0.0100620 seconds, Stopping threads took: 0.0000720 seconds
65.460: Application time: 0.0579990 seconds
65.460: [GC65.460: [DefNew: 15689K->15689K(18432K), 0.0000090 secs]65.460: [Tenured: 27199K->27912K(40960K), 0.0090010 secs] 42889K->27912K(59392K), [Perm : 6079K->6079K(21248K)], 0.0090590 secs] [Times: user=0.01 sys=0.00, real=0.01 secs] 
65.469: Total time for which application threads were stopped: 0.0092830 seconds, Stopping threads took: 0.0001430 seconds
65.539: Application time: 0.0700880 seconds
65.539: [GC65.539: [DefNew: 15704K->15704K(18432K), 0.0000090 secs]65.539: [Tenured: 27912K->26487K(40960K), 0.0105810 secs] 43616K->26487K(59392K), [Perm : 6079K->6079K(21248K)], 0.0106370 secs] [Times: user=0.01 sys=0.00, real=0.01 secs] 
65.550: Total time for which application threads were stopped: 0.0109140 seconds, Stopping threads took: 0.0001890 seconds
65.613: Application time: 0.0629760 seconds
65.613: [GC65.613: [DefNew: 15689K->1425K(18432K), 0.0039600 secs] 42177K->40025K(59392K), 0.0040010 secs] [Times: user=0.00 sys=0.00, real=0.01 secs] 
65.617: Total time for which application threads were stopped: 0.0041390 seconds, Stopping threads took: 0.0000690 seconds
65.681: Application time: 0.0642140 seconds
65.681: [GC65.681: [DefNew: 17115K->17115K(18432K), 0.0000090 secs]65.681: [Tenured: 38600K->25774K(40960K), 0.0111580 secs] 55715K->25774K(59392K), [Perm : 6079K->6079K(21248K)], 0.0112180 secs] [Times: user=0.01 sys=0.00, real=0.01 secs] 
65.693: Total time for which application threads were stopped: 0.0113630 seconds, Stopping threads took: 0.0000750 seconds
65.728: Application time: 0.0352710 seconds
65.728: [GC65.728: [DefNew: 15690K->15690K(18432K), 0.0000090 secs]65.728: [Tenured: 25774K->26487K(40960K), 0.0098110 secs] 41465K->26487K(59392K), [Perm : 6079K->6079K(21248K)], 0.0098750 secs] [Times: user=0.01 sys=0.00, real=0.01 secs] 
65.738: Total time for which application threads were stopped: 0.0101560 seconds, Stopping threads took: 0.0002140 seconds
65.797: Application time: 0.0585430 seconds
65.797: [GC65.797: [DefNew: 15704K->15704K(18432K), 0.0000100 secs]65.797: [Tenured: 26487K->25062K(40960K), 0.0098620 secs] 42192K->25062K(59392K), [Perm : 6079K->6079K(21248K)], 0.0099190 secs] [Times: user=0.01 sys=0.00, real=0.01 secs] 
65.807: Total time for which application threads were stopped: 0.0100580 seconds, Stopping threads took: 0.0000690 seconds
65.868: Application time: 0.0609240 seconds
65.868: [GC65.868: [DefNew: 15696K->1426K(18432K), 0.0034990 secs] 40759K->37177K(59392K), 0.0035390 secs] [Times: user=0.01 sys=0.00, real=0.00 secs] 
65.871: Total time for which application threads were stopped: 0.0037530 seconds, Stopping threads took: 0.0001470 seconds
65.902: Application time: 0.0309000 seconds
65.903: [GC65.903: [DefNew: 17114K->17114K(18432K), 0.0000100 secs]65.903: [Tenured: 35750K->25063K(40960K), 0.0108140 secs] 52865K->25063K(59392K), [Perm : 6079K->6079K(21248K)], 0.0108790 secs] [Times: user=0.01 sys=0.00, real=0.02 secs] 
65.913: Total time for which application threads were stopped: 0.0112460 seconds, Stopping threads took: 0.0002680 seconds
65.971: Application time: 0.0580010 seconds
65.972: [GC65.972: [DefNew: 15688K->1425K(18432K), 0.0034640 secs] 40751K->37176K(59392K), 0.0035050 secs] [Times: user=0.00 sys=0.00, real=0.01 secs] 
65.975: Total time for which application threads were stopped: 0.0037110 seconds, Stopping threads took: 0.0001280 seconds
66.034: Application time: 0.0592950 seconds
66.035: [GC66.035: [DefNew: 17113K->17113K(18432K), 0.0000100 secs]66.035: [Tenured: 35751K->24350K(40960K), 0.0108680 secs] 52864K->24350K(59392K), [Perm : 6079K->6079K(21248K)], 0.0109240 secs] [Times: user=0.02 sys=0.00, real=0.01 secs] 
66.046: Total time for which application threads were stopped: 0.0110530 seconds, Stopping threads took: 0.0000570 seconds
66.082: Application time: 0.0363640 seconds
66.082: [GC66.082: [DefNew: 15697K->1426K(18432K), 0.0035580 secs] 40047K->36465K(59392K), 0.0036010 secs] [Times: user=0.00 sys=0.00, real=0.01 secs] 
66.086: Total time for which application threads were stopped: 0.0037770 seconds, Stopping threads took: 0.0001080 seconds
66.139: Application time: 0.0533110 seconds
66.139: [GC66.139: [DefNew: 17123K->17123K(18432K), 0.0000090 secs]66.139: [Tenured: 35039K->25065K(40960K), 0.0099100 secs] 52162K->25065K(59392K), [Perm : 6079K->6079K(21248K)], 0.0099690 secs] [Times: user=0.01 sys=0.00, real=0.01 secs] 
66.149: Total time for which application threads were stopped: 0.0101110 seconds, Stopping threads took: 0.0000720 seconds
66.208: Application time: 0.0587570 seconds
66.208: [GC66.208: [DefNew: 15688K->1425K(18432K), 0.0035780 secs] 40753K->37178K(59392K), 0.0036190 secs] [Times: user=0.01 sys=0.00, real=0.00 secs] 
66.212: Total time for which application threads were stopped: 0.0037970 seconds, Stopping threads took: 0.0001090 seconds
66.249: Application time: 0.0375760 seconds
66.249: [GC66.249: [DefNew: 17114K->17114K(18432K), 0.0000100 secs]66.249: [Tenured: 35753K->26490K(40960K), 0.0098190 secs] 52867K->26490K(59392K), [Perm : 6079K->6079K(21248K)], 0.0098780 secs] [Times: user=0.01 sys=0.00, real=0.01 secs] 
66.259: Total time for which application threads were stopped: 0.0100170 seconds, Stopping threads took: 0.0000630 seconds
66.315: Application time: 0.0558700 seconds
66.315: [GC66.315: [DefNew: 15695K->15695K(18432K), 0.0000100 secs]66.315: [Tenured: 26490K->25066K(40960K), 0.0088370 secs] 42185K->25066K(59392K), [Perm : 6079K->6079K(21248K)], 0.0088970 secs] [Times: user=0.01 sys=0.00, real=0.00 secs] 
66.324: Total time for which application threads were stopped: 0.0090880 seconds, Stopping threads took: 0.0001210 seconds
66.376: Application time: 0.0518150 seconds
66.376: [GC66.376: [DefNew: 15691K->1425K(18432K), 0.0036750 secs] 40757K->37181K(59392K), 0.0037320 secs] [Times: user=0.00 sys=0.00, real=0.00 secs] 
66.380: Total time for which application threads were stopped: 0.0039300 seconds, Stopping threads took: 0.0001300 seconds
66.449: Application time: 0.0694030 seconds
66.450: [GC66.450: [DefNew: 17114K->17114K(18432K), 0.0000100 secs]66.450: [Tenured: 35755K->26488K(40960K), 0.0102590 secs] 52869K->26488K(59392K), [Perm : 6079K->6079K(21248K)], 0.0103180 secs] [Times: user=0.01 sys=0.00, real=0.01 secs] 
66.460: Total time for which application threads were stopped: 0.0104600 seconds, Stopping threads took: 0.0000630 seconds
66.497: Application time: 0.0373560 seconds
66.497: [GC66.497: [DefNew: 15689K->15689K(18432K), 0.0000100 secs]66.497: [Tenured: 26488K->26488K(40960K), 0.0089740 secs] 42177K->26488K(59392K), [Perm : 6079K->6079K(21248K)], 0.0090330 secs] [Times: user=0.01 sys=0.00, real=0.01 secs] 
66.506: Total time for which application threads were stopped: 0.0091860 seconds, Stopping threads took: 0.0000840 seconds
66.569: Application time: 0.0621200 seconds
66.569: [GC66.569: [DefNew: 15705K->15705K(18432K), 0.0000090 secs]66.569: [Tenured: 26488K->26490K(40960K), 0.0091260 secs] 42194K->26490K(59392K), [Perm : 6079K->6079K(21248K)], 0.0091810 secs] [Times: user=0.01 sys=0.00, real=0.01 secs] 
66.578: Total time for which application threads were stopped: 0.0093200 seconds, Stopping threads took: 0.0000710 seconds
66.622: Application time: 0.0442230 seconds
66.622: [GC66.622: [DefNew: 15688K->15688K(18432K), 0.0000100 secs]66.622: [Tenured: 26490K->26490K(40960K), 0.0089020 secs] 42179K->26490K(59392K), [Perm : 6079K->6079K(21248K)], 0.0089610 secs] [Times: user=0.01 sys=0.00, real=0.01 secs] 
66.631: Total time for which application threads were stopped: 0.0091010 seconds, Stopping threads took: 0.0000710 seconds
66.683: Application time: 0.0521130 seconds
66.683: [GC66.683: [DefNew: 15688K->15688K(18432K), 0.0000100 secs]66.683: [Tenured: 26490K->27914K(40960K), 0.0108380 secs] 42179K->27914K(59392K), [Perm : 6079K->6079K(21248K)], 0.0108970 secs] [Times: user=0.01 sys=0.00, real=0.02 secs] 
66.694: Total time for which application threads were stopped: 0.0110570 seconds, Stopping threads took: 0.0000910 seconds
66.746: Application time: 0.0518180 seconds
66.746: [GC66.746: [DefNew: 15688K->15688K(18432K), 0.0000100 secs]66.746: [Tenured: 27914K->27914K(40960K), 0.0092030 secs] 43603K->27914K(59392K), [Perm : 6079K->6079K(21248K)], 0.0092620 secs] [Times: user=0.01 sys=0.00, real=0.01 secs] 
66.756: Total time for which application threads were stopped: 0.0093930 seconds, Stopping threads took: 0.0000600 seconds
66.797: Application time: 0.0417970 seconds
66.798: [GC66.798: [DefNew: 15705K->15705K(18432K), 0.0000110 secs]66.798: [Tenured: 27914K->27915K(40960K), 0.0105540 secs] 43619K->27915K(59392K), [Perm : 6079K->6079K(21248K)], 0.0106160 secs] [Times: user=0.01 sys=0.00, real=0.01 secs] 
66.808: Total time for which application threads were stopped: 0.0109250 seconds, Stopping threads took: 0.0002180 seconds
66.870: Application time: 0.0616720 seconds
66.870: [GC66.870: [DefNew: 15688K->15688K(18432K), 0.0000100 secs]66.870: [Tenured: 27915K->29340K(40960K), 0.0092630 secs] 43604K->29340K(59392K), [Perm : 6079K->6079K(21248K)], 0.0093250 secs] [Times: user=0.01 sys=0.00, real=0.01 secs] 
66.879: Total time for which application threads were stopped: 0.0094610 seconds, Stopping threads took: 0.0000630 seconds
66.944: Application time: 0.0645320 seconds
66.944: [GC66.944: [DefNew: 15697K->15697K(18432K), 0.0000090 secs]66.944: [Tenured: 29340K->29339K(40960K), 0.0101800 secs] 45037K->29339K(59392K), [Perm : 6079K->6079K(21248K)], 0.0102350 secs] [Times: user=0.01 sys=0.00, real=0.02 secs] 
66.954: Total time for which application threads were stopped: 0.0103700 seconds, Stopping threads took: 0.0000680 seconds
66.975: Application time: 0.0208460 seconds
66.975: [GC66.975: [DefNew: 15688K->15688K(18432K), 0.0000100 secs]66.975: [Tenured: 29339K->30051K(40960K), 0.0108190 secs] 45027K->30051K(59392K), [Perm : 6079K->6079K(21248K)], 0.0108840 secs] [Times: user=0.01 sys=0.00, real=0.01 secs] 
66.986: Total time for which application threads were stopped: 0.0110520 seconds, Stopping threads took: 0.0000910 seconds
67.056: Application time: 0.0702030 seconds
67.057: [GC67.057: [DefNew: 15688K->15688K(18432K), 0.0000110 secs]67.057: [Tenured: 30051K->30051K(40960K), 0.0103470 secs] 45740K->30051K(59392K), [Perm : 6079K->6079K(21248K)], 0.0104100 secs] [Times: user=0.01 sys=0.00, real=0.01 secs] 
67.067: Total time for which application threads were stopped: 0.0106280 seconds, Stopping threads took: 0.0001280 seconds
67.121: Application time: 0.0544200 seconds
67.122: [GC67.122: [DefNew: 15688K->15688K(18432K), 0.0000090 secs]67.122: [Tenured: 30051K->30051K(40960K), 0.0091040 secs] 45739K->30051K(59392K), [Perm : 6079K->6079K(21248K)], 0.0091610 secs] [Times: user=0.01 sys=0.00, real=0.01 secs] 
67.131: Total time for which application threads were stopped: 0.0092930 seconds, Stopping threads took: 0.0000620 seconds
67.166: Application time: 0.0349770 seconds
67.166: [GC67.166: [DefNew: 15729K->15729K(18432K), 0.0000090 secs]67.166: [Tenured: 30051K->28626K(40960K), 0.0107170 secs] 45781K->28626K(59392K), [Perm : 6079K->6079K(21248K)], 0.0107740 secs] [Times: user=0.01 sys=0.00, real=0.01 secs] 
67.177: Total time for which application threads were stopped: 0.0109360 seconds, Stopping threads took: 0.0000940 seconds
67.184: Application time: 0.0075630 seconds
67.184: [GC67.184: [DefNew: 15679K->15679K(18432K), 0.0000090 secs]67.184: [Tenured: 28626K->29338K(40960K), 0.0095100 secs] 44305K->29338K(59392K), [Perm : 6079K->6079K(21248K)], 0.0095670 secs] [Times: user=0.01 sys=0.00, real=0.02 secs] 
67.194: Total time for which application threads were stopped: 0.0097150 seconds, Stopping threads took: 0.0000760 seconds
67.203: Application time: 0.0086690 seconds
67.203: [GC67.203: [DefNew: 15683K->15683K(18432K), 0.0000100 secs]67.203: [Tenured: 29338K->31476K(40960K), 0.0065980 secs] 45022K->31476K(59392K), [Perm : 6079K->6079K(21248K)], 0.0066550 secs] [Times: user=0.01 sys=0.00, real=0.01 secs] 
67.209: Total time for which application threads were stopped: 0.0067920 seconds, Stopping threads took: 0.0000690 seconds
67.214: Application time: 0.0044250 seconds
67.214: [GC67.214: [DefNew: 15679K->15679K(18432K), 0.0000100 secs]67.214: [Tenured: 31476K->30051K(40960K), 0.0096000 secs] 47156K->30051K(59392K), [Perm : 6079K->6079K(21248K)], 0.0096620 secs] [Times: user=0.01 sys=0.00, real=0.00 secs] 
67.224: Total time for which application threads were stopped: 0.0097990 seconds, Stopping threads took: 0.0000630 seconds
67.232: Application time: 0.0079870 seconds
67.232: [GC67.232: [DefNew: 15685K->15685K(18432K), 0.0000100 secs]67.232: [Tenured: 30051K->28626K(40960K), 0.0079660 secs] 45736K->28626K(59392K), [Perm : 6079K->6079K(21248K)], 0.0080230 secs] [Times: user=0.00 sys=0.00, real=0.01 secs] 
67.240: Total time for which application threads were stopped: 0.0082800 seconds, Stopping threads took: 0.0001690 seconds
67.248: Application time: 0.0079970 seconds
67.248: [GC67.248: [DefNew: 15679K->15679K(18432K), 0.0000090 secs]67.248: [Tenured: 28626K->30051K(40960K), 0.0058300 secs] 44305K->30051K(59392K), [Perm : 6079K->6079K(21248K)], 0.0058830 secs] [Times: user=0.01 sys=0.00, real=0.01 secs] 
67.254: Total time for which application threads were stopped: 0.0060530 seconds, Stopping threads took: 0.0000920 seconds
67.260: Application time: 0.0057190 seconds
67.260: [GC67.260: [DefNew: 15688K->15688K(18432K), 0.0000090 secs]67.260: [Tenured: 30051K->28626K(40960K), 0.0093940 secs] 45739K->28626K(59392K), [Perm : 6079K->6079K(21248K)], 0.0094560 secs] [Times: user=0.01 sys=0.00, real=0.01 secs] 
67.269: Total time for which application threads were stopped: 0.0096730 seconds, Stopping threads took: 0.0001250 seconds
67.274: Application time: 0.0044410 seconds
67.274: [GC67.274: [DefNew: 15680K->15680K(18432K), 0.0000100 secs]67.274: [Tenured: 28626K->30051K(40960K), 0.0061150 secs] 44306K->30051K(59392K), [Perm : 6079K->6079K(21248K)], 0.0061750 secs] [Times: user=0.01 sys=0.00, real=0.00 secs] 
67.280: Total time for which application threads were stopped: 0.0063170 seconds, Stopping threads took: 0.0000750 seconds
67.284: Application time: 0.0043320 seconds
67.285: [GC67.285: [DefNew: 15837K->15837K(18432K), 0.0000090 secs]67.285: [Tenured: 30051K->26492K(40960K), 0.0104380 secs] 45889K->26492K(59392K), [Perm : 6079K->6079K(21248K)], 0.0105000 secs] [Times: user=0.01 sys=0.00, real=0.02 secs] 
67.295: Total time for which application threads were stopped: 0.0106660 seconds, Stopping threads took: 0.0000830 seconds
67.308: Application time: 0.0132220 seconds
67.309: [GC67.309: [DefNew: 16289K->16289K(18432K), 0.0000110 secs]67.309: [Tenured: 26492K->27913K(40960K), 0.0106060 secs] 42781K->27913K(59392K), [Perm : 6079K->6079K(21248K)], 0.0106670 secs] [Times: user=0.01 sys=0.00, real=0.01 secs] 
67.319: Total time for which application threads were stopped: 0.0109570 seconds, Stopping threads took: 0.0001990 seconds
67.327: Application time: 0.0074190 seconds
67.327: [GC67.327: [DefNew: 15679K->15679K(18432K), 0.0000090 secs]67.327: [Tenured: 27913K->27913K(40960K), 0.0095300 secs] 43592K->27913K(59392K), [Perm : 6079K->6079K(21248K)], 0.0095910 secs] [Times: user=0.00 sys=0.00, real=0.01 secs] 
67.337: Total time for which application threads were stopped: 0.0097890 seconds, Stopping threads took: 0.0001060 seconds
67.344: Application time: 0.0072860 seconds
67.344: [GC67.344: [DefNew: 15685K->15685K(18432K), 0.0000100 secs]67.344: [Tenured: 27913K->28625K(40960K), 0.0089470 secs] 43599K->28625K(59392K), [Perm : 6079K->6079K(21248K)], 0.0090060 secs] [Times: user=0.01 sys=0.00, real=0.01 secs] 
67.353: Total time for which application threads were stopped: 0.0092440 seconds, Stopping threads took: 0.0001670 seconds
67.358: Application time: 0.0044560 seconds
67.358: [GC67.358: [DefNew: 15677K->15677K(18432K), 0.0000100 secs]67.358: [Tenured: 28625K->28625K(40960K), 0.0061770 secs] 44303K->28625K(59392K), [Perm : 6079K->6079K(21248K)], 0.0062330 secs] [Times: user=0.00 sys=0.00, real=0.00 secs] 
67.364: Total time for which application threads were stopped: 0.0063830 seconds, Stopping threads took: 0.0000810 seconds
67.372: Application time: 0.0078760 seconds
67.372: [GC67.372: [DefNew: 15685K->15685K(18432K), 0.0000090 secs]67.372: [Tenured: 28625K->29339K(40960K), 0.0061240 secs] 44311K->29339K(59392K), [Perm : 6079K->6079K(21248K)], 0.0061790 secs] [Times: user=0.00 sys=0.00, real=0.01 secs] 
67.378: Total time for which application threads were stopped: 0.0063340 seconds, Stopping threads took: 0.0000870 seconds
67.384: Application time: 0.0057710 seconds
67.384: [GC67.384: [DefNew: 15680K->15680K(18432K), 0.0000100 secs]67.384: [Tenured: 29339K->27913K(40960K), 0.0096870 secs] 45020K->27913K(59392K), [Perm : 6079K->6079K(21248K)], 0.0097480 secs] [Times: user=0.01 sys=0.00, real=0.02 secs] 
67.394: Total time for which application threads were stopped: 0.0099240 seconds, Stopping threads took: 0.0001040 seconds
67.401: Application time: 0.0074530 seconds
67.401: [GC67.401: [DefNew: 15689K->15689K(18432K), 0.0000090 secs]67.401: [Tenured: 27913K->29339K(40960K), 0.0067740 secs] 43602K->29339K(59392K), [Perm : 6079K->6079K(21248K)], 0.0068320 secs] [Times: user=0.01 sys=0.00, real=0.01 secs] 
67.408: Total time for which application threads were stopped: 0.0070140 seconds, Stopping threads took: 0.0001040 seconds
67.412: Application time: 0.0041580 seconds
67.413: [GC67.413: [DefNew: 15680K->15680K(18432K), 0.0000100 secs]67.413: [Tenured: 29339K->28626K(40960K), 0.0075260 secs] 45020K->28626K(59392K), [Perm : 6079K->6079K(21248K)], 0.0075850 secs] [Times: user=0.01 sys=0.00, real=0.01 secs] 
67.420: Total time for which application threads were stopped: 0.0078030 seconds, Stopping threads took: 0.0001490 seconds
67.425: Application time: 0.0043610 seconds
67.425: [GC67.425: [DefNew: 15680K->15680K(18432K), 0.0000110 secs]67.425: [Tenured: 28626K->28626K(40960K), 0.0104010 secs] 44306K->28626K(59392K), [Perm : 6079K->6079K(21248K)], 0.0104750 secs] [Times: user=0.01 sys=0.00, real=0.02 secs] 
67.435: Total time for which application threads were stopped: 0.0107180 seconds, Stopping threads took: 0.0001520 seconds
67.462: Application time: 0.0263800 seconds
67.462: [GC67.462: [DefNew: 15694K->15694K(18432K), 0.0000100 secs]67.462: [Tenured: 28626K->27913K(40960K), 0.0092210 secs] 44320K->27913K(59392K), [Perm : 6079K->6079K(21248K)], 0.0092780 secs] [Times: user=0.01 sys=0.00, real=0.01 secs] 
67.471: Total time for which application threads were stopped: 0.0094460 seconds, Stopping threads took: 0.0000900 seconds
67.535: Application time: 0.0637850 seconds
67.535: [GC67.535: [DefNew: 15729K->15729K(18432K), 0.0000100 secs]67.535: [Tenured: 27913K->27230K(40960K), 0.0104610 secs] 43642K->27230K(59392K), [Perm : 6079K->6079K(21248K)], 0.0105190 secs] [Times: user=0.02 sys=0.00, real=0.01 secs] 
67.546: Total time for which application threads were stopped: 0.0107470 seconds, Stopping threads took: 0.0001470 seconds
67.559: Application time: 0.0135760 seconds
67.559: [GC67.559: [DefNew: 15681K->15681K(18432K), 0.0000120 secs]67.559: [Tenured: 27230K->27200K(40960K), 0.0125310 secs] 42912K->27200K(59392K), [Perm : 6079K->6079K(21248K)], 0.0125980 secs] [Times: user=0.02 sys=0.00, real=0.01 secs] 
67.572: Total time for which application threads were stopped: 0.0127240 seconds, Stopping threads took: 0.0000500 seconds
67.580: Application time: 0.0080740 seconds
67.580: [GC67.580: [DefNew: 15679K->15679K(18432K), 0.0000110 secs]67.580: [Tenured: 27200K->29338K(40960K), 0.0070690 secs] 42880K->29338K(59392K), [Perm : 6079K->6079K(21248K)], 0.0071250 secs] [Times: user=0.01 sys=0.00, real=0.01 secs] 
67.587: Total time for which application threads were stopped: 0.0072990 seconds, Stopping threads took: 0.0000780 seconds
67.591: Application time: 0.0040840 seconds
67.592: [GC67.592: [DefNew: 15687K->15687K(18432K), 0.0000100 secs]67.592: [Tenured: 29338K->28626K(40960K), 0.0099520 secs] 45026K->28626K(59392K), [Perm : 6079K->6079K(21248K)], 0.0100110 secs] [Times: user=0.01 sys=0.00, real=0.01 secs] 
67.602: Total time for which application threads were stopped: 0.0102100 seconds, Stopping threads took: 0.0001270 seconds
67.609: Application time: 0.0069530 seconds
67.609: [GC67.609: [DefNew: 15685K->15685K(18432K), 0.0000090 secs]67.609: [Tenured: 28626K->28627K(40960K), 0.0058680 secs] 44311K->28627K(59392K), [Perm : 6079K->6079K(21248K)], 0.0059270 secs] [Times: user=0.01 sys=0.00, real=0.01 secs] 
67.615: Total time for which application threads were stopped: 0.0060990 seconds, Stopping threads took: 0.0001020 seconds
67.622: Application time: 0.0070920 seconds
67.622: [GC67.622: [DefNew: 15678K->15678K(18432K), 0.0000100 secs]67.622: [Tenured: 28627K->27201K(40960K), 0.0081670 secs] 44305K->27201K(59392K), [Perm : 6079K->6079K(21248K)], 0.0082270 secs] [Times: user=0.01 sys=0.00, real=0.01 secs] 
67.630: Total time for which application threads were stopped: 0.0083990 seconds, Stopping threads took: 0.0000910 seconds
67.638: Application time: 0.0077480 seconds
67.638: [GC67.638: [DefNew: 15680K->15680K(18432K), 0.0000100 secs]67.638: [Tenured: 27201K->28626K(40960K), 0.0059950 secs] 42881K->28626K(59392K), [Perm : 6079K->6079K(21248K)], 0.0060530 secs] [Times: user=0.01 sys=0.00, real=0.00 secs] 
67.644: Total time for which application threads were stopped: 0.0062060 seconds, Stopping threads took: 0.0000830 seconds
67.648: Application time: 0.0039130 seconds
67.648: [GC67.648: [DefNew: 15688K->15688K(18432K), 0.0000110 secs]67.648: [Tenured: 28626K->27914K(40960K), 0.0059480 secs] 44315K->27914K(59392K), [Perm : 6079K->6079K(21248K)], 0.0060060 secs] [Times: user=0.01 sys=0.00, real=0.01 secs] 
67.654: Total time for which application threads were stopped: 0.0061640 seconds, Stopping threads took: 0.0000860 seconds
67.658: Application time: 0.0039790 seconds
67.658: [GC67.658: [DefNew: 15678K->15678K(18432K), 0.0000100 secs]67.658: [Tenured: 27914K->29339K(40960K), 0.0060740 secs] 43593K->29339K(59392K), [Perm : 6079K->6079K(21248K)], 0.0061330 secs] [Times: user=0.00 sys=0.00, real=0.00 secs] 
67.665: Total time for which application threads were stopped: 0.0062860 seconds, Stopping threads took: 0.0000810 seconds
67.686: Application time: 0.0214460 seconds
67.686: [GC67.686: [DefNew: 15693K->15693K(18432K), 0.0000110 secs]67.686: [Tenured: 29339K->27200K(40960K), 0.0105470 secs] 45033K->27200K(59392K), [Perm : 6079K->6079K(21248K)], 0.0106090 secs] [Times: user=0.02 sys=0.00, real=0.01 secs] 
67.697: Total time for which application threads were stopped: 0.0107820 seconds, Stopping threads took: 0.0001010 seconds
67.760: Application time: 0.0628420 seconds
67.760: [GC67.760: [DefNew: 15687K->15687K(18432K), 0.0000100 secs]67.760: [Tenured: 27200K->27913K(40960K), 0.0101620 secs] 42888K->27913K(59392K), [Perm : 6079K->6079K(21248K)], 0.0102200 secs] [Times: user=0.01 sys=0.00, real=0.01 secs] 
67.770: Total time for which application threads were stopped: 0.0104360 seconds, Stopping threads took: 0.0001280 seconds
67.800: Application time: 0.0295640 seconds
67.800: [GC67.800: [DefNew: 15725K->15725K(18432K), 0.0000090 secs]67.800: [Tenured: 27913K->27942K(40960K), 0.0097570 secs] 43638K->27942K(59392K), [Perm : 6079K->6079K(21248K)], 0.0098160 secs] [Times: user=0.00 sys=0.00, real=0.01 secs] 
67.810: Total time for which application threads were stopped: 0.0100430 seconds, Stopping threads took: 0.0001450 seconds
67.818: Application time: 0.0086290 seconds
67.818: [GC67.818: [DefNew: 16206K->16206K(18432K), 0.0000100 secs]67.818: [Tenured: 27942K->25128K(40960K), 0.0094750 secs] 44148K->25128K(59392K), [Perm : 6079K->6079K(21248K)], 0.0095340 secs] [Times: user=0.01 sys=0.00, real=0.01 secs] 
67.828: Total time for which application threads were stopped: 0.0096760 seconds, Stopping threads took: 0.0000700 seconds
67.834: Application time: 0.0061430 seconds
67.834: [GC67.834: [DefNew: 15902K->15902K(18432K), 0.0000100 secs]67.834: [Tenured: 25128K->25062K(40960K), 0.0105130 secs] 41031K->25062K(59392K), [Perm : 6079K->6079K(21248K)], 0.0105740 secs] [Times: user=0.01 sys=0.00, real=0.00 secs] 
67.845: Total time for which application threads were stopped: 0.0107970 seconds, Stopping threads took: 0.0001300 seconds
67.850: Application time: 0.0046710 seconds
67.850: [GC67.850: [DefNew: 15685K->1425K(18432K), 0.0007410 secs] 40747K->27200K(59392K), 0.0007730 secs] [Times: user=0.00 sys=0.00, real=0.00 secs] 
67.851: Total time for which application threads were stopped: 0.0009800 seconds, Stopping threads took: 0.0001460 seconds
67.855: Application time: 0.0048800 seconds
67.856: [GC67.856: [DefNew: 17113K->17113K(18432K), 0.0000100 secs]67.856: [Tenured: 25774K->25775K(40960K), 0.0063550 secs] 42888K->25775K(59392K), [Perm : 6079K->6079K(21248K)], 0.0064110 secs] [Times: user=0.01 sys=0.00, real=0.00 secs] 
67.863: Total time for which application threads were stopped: 0.0071270 seconds, Stopping threads took: 0.0006470 seconds
67.868: Application time: 0.0050500 seconds
67.869: [GC67.869: [DefNew: 15679K->15679K(18432K), 0.0000110 secs]67.869: [Tenured: 25775K->26488K(40960K), 0.0077210 secs] 41455K->26488K(59392K), [Perm : 6079K->6079K(21248K)], 0.0077790 secs] [Times: user=0.01 sys=0.00, real=0.01 secs] 
67.876: Total time for which application threads were stopped: 0.0088320 seconds, Stopping threads took: 0.0009650 seconds
67.882: Application time: 0.0054840 seconds
67.883: [GC67.883: [DefNew: 15687K->15687K(18432K), 0.0000100 secs]67.883: [Tenured: 26488K->27914K(40960K), 0.0066680 secs] 42176K->27914K(59392K), [Perm : 6079K->6079K(21248K)], 0.0067230 secs] [Times: user=0.01 sys=0.00, real=0.01 secs] 
67.890: Total time for which application threads were stopped: 0.0078880 seconds, Stopping threads took: 0.0010930 seconds
67.894: Application time: 0.0039380 seconds
67.894: [GC67.894: [DefNew: 15681K->15681K(18432K), 0.0000100 secs]67.894: [Tenured: 27914K->26488K(40960K), 0.0104920 secs] 43596K->26488K(59392K), [Perm : 6079K->6079K(21248K)], 0.0105550 secs] [Times: user=0.01 sys=0.00, real=0.00 secs] 
67.905: Total time for which application threads were stopped: 0.0110430 seconds, Stopping threads took: 0.0003880 seconds
67.909: Application time: 0.0040560 seconds
67.909: [GC67.909: [DefNew: 15684K->15684K(18432K), 0.0000090 secs]67.909: [Tenured: 26488K->25775K(40960K), 0.0092020 secs] 42172K->25775K(59392K), [Perm : 6079K->6079K(21248K)], 0.0092570 secs] [Times: user=0.01 sys=0.00, real=0.01 secs] 
67.919: Total time for which application threads were stopped: 0.0096160 seconds, Stopping threads took: 0.0002720 seconds
67.923: Application time: 0.0048390 seconds
67.924: [GC67.924: [DefNew: 15689K->15689K(18432K), 0.0000100 secs]67.924: [Tenured: 25775K->27202K(40960K), 0.0072490 secs] 41465K->27202K(59392K), [Perm : 6079K->6079K(21248K)], 0.0073060 secs] [Times: user=0.01 sys=0.00, real=0.01 secs] 
67.931: Total time for which application threads were stopped: 0.0075130 seconds, Stopping threads took: 0.0001380 seconds
67.936: Application time: 0.0047960 seconds
67.936: [GC67.936: [DefNew: 15690K->15690K(18432K), 0.0000100 secs]67.936: [Tenured: 27202K->27202K(40960K), 0.0082660 secs] 42892K->27202K(59392K), [Perm : 6079K->6079K(21248K)], 0.0083280 secs] [Times: user=0.00 sys=0.00, real=0.00 secs] 
67.944: Total time for which application threads were stopped: 0.0085570 seconds, Stopping threads took: 0.0001550 seconds
67.948: Application time: 0.0039820 seconds
67.948: [GC67.948: [DefNew: 15683K->15683K(18432K), 0.0000100 secs]67.948: [Tenured: 27202K->25776K(40960K), 0.0096850 secs] 42885K->25776K(59392K), [Perm : 6079K->6079K(21248K)], 0.0097440 secs] [Times: user=0.01 sys=0.00, real=0.01 secs] 
67.958: Total time for which application threads were stopped: 0.0099340 seconds, Stopping threads took: 0.0001200 seconds
67.962: Application time: 0.0040190 seconds
67.963: [GC67.963: [DefNew: 15681K->15681K(18432K), 0.0000110 secs]67.963: [Tenured: 25776K->26488K(40960K), 0.0077460 secs] 41457K->26488K(59392K), [Perm : 6079K->6079K(21248K)], 0.0078030 secs] [Times: user=0.01 sys=0.00, real=0.01 secs] 
67.970: Total time for which application threads were stopped: 0.0081950 seconds, Stopping threads took: 0.0003030 seconds
67.974: Application time: 0.0038820 seconds
67.975: [GC67.975: [DefNew: 15682K->15682K(18432K), 0.0000100 secs]67.975: [Tenured: 26488K->26488K(40960K), 0.0099440 secs] 42171K->26488K(59392K), [Perm : 6079K->6079K(21248K)], 0.0100070 secs] [Times: user=0.01 sys=0.00, real=0.00 secs] 
67.985: Total time for which application threads were stopped: 0.0104560 seconds, Stopping threads took: 0.0003570 seconds
67.990: Application time: 0.0052320 seconds
67.991: [GC67.991: [DefNew: 15691K->15691K(18432K), 0.0000110 secs]67.991: [Tenured: 26488K->25063K(40960K), 0.0102620 secs] 42180K->25063K(59392K), [Perm : 6079K->6079K(21248K)], 0.0103230 secs] [Times: user=0.01 sys=0.00, real=0.01 secs] 
68.001: Total time for which application threads were stopped: 0.0109010 seconds, Stopping threads took: 0.0004870 seconds
68.005: Application time: 0.0043840 seconds
68.005: [GC68.005: [DefNew: 15688K->1426K(18432K), 0.0010590 secs] 40752K->27915K(59392K), 0.0010990 secs] [Times: user=0.00 sys=0.00, real=0.01 secs] 
68.007: Total time for which application threads were stopped: 0.0012720 seconds, Stopping threads took: 0.0001110 seconds
68.010: Application time: 0.0038810 seconds
68.011: [GC68.011: [DefNew: 17105K->17105K(18432K), 0.0000100 secs]68.011: [Tenured: 26488K->26488K(40960K), 0.0075560 secs] 43593K->26488K(59392K), [Perm : 6079K->6079K(21248K)], 0.0076160 secs] [Times: user=0.00 sys=0.00, real=0.01 secs] 
68.018: Total time for which application threads were stopped: 0.0077690 seconds, Stopping threads took: 0.0000790 seconds
68.067: Application time: 0.0486630 seconds
68.067: [GC68.067: [DefNew: 15693K->15693K(18432K), 0.0000110 secs]68.067: [Tenured: 26488K->25063K(40960K), 0.0106410 secs] 42182K->25063K(59392K), [Perm : 6079K->6079K(21248K)], 0.0107010 secs] [Times: user=0.01 sys=0.00, real=0.01 secs] 
68.078: Total time for which application threads were stopped: 0.0109200 seconds, Stopping threads took: 0.0001180 seconds
68.140: Application time: 0.0626100 seconds
68.141: [GC68.141: [DefNew: 15689K->1425K(18432K), 0.0040190 secs] 40752K->39313K(59392K), 0.0040690 secs] [Times: user=0.01 sys=0.00, real=0.00 secs] 
68.145: Total time for which application threads were stopped: 0.0044590 seconds, Stopping threads took: 0.0003210 seconds
68.163: Application time: 0.0179770 seconds
68.163: [GC68.163: [DefNew: 17145K->17145K(18432K), 0.0000100 secs]68.163: [Tenured: 37888K->27229K(40960K), 0.0097780 secs] 55034K->27229K(59392K), [Perm : 6079K->6079K(21248K)], 0.0098380 secs] [Times: user=0.01 sys=0.00, real=0.01 secs] 
68.173: Total time for which application threads were stopped: 0.0101860 seconds, Stopping threads took: 0.0002650 seconds
68.182: Application time: 0.0085470 seconds
68.182: [GC68.182: [DefNew: 16120K->16120K(18432K), 0.0000100 secs]68.182: [Tenured: 27229K->22989K(40960K), 0.0098770 secs] 43350K->22989K(59392K), [Perm : 6079K->6079K(21248K)], 0.0099350 secs] [Times: user=0.01 sys=0.00, real=0.01 secs] 
68.192: Total time for which application threads were stopped: 0.0102060 seconds, Stopping threads took: 0.0002000 seconds
68.196: Application time: 0.0038980 seconds
68.196: [GC68.196: [DefNew: 15796K->1432K(18432K), 0.0017280 secs] 38785K->27984K(59392K), 0.0017660 secs] [Times: user=0.00 sys=0.00, real=0.00 secs] 
68.198: Total time for which application threads were stopped: 0.0019090 seconds, Stopping threads took: 0.0000730 seconds
68.203: Application time: 0.0055540 seconds
68.203: [GC68.203: [DefNew: 17310K->17310K(18432K), 0.0000090 secs]68.203: [Tenured: 26551K->20787K(40960K), 0.0092770 secs] 43862K->20787K(59392K), [Perm : 6079K->6079K(21248K)], 0.0093370 secs] [Times: user=0.01 sys=0.00, real=0.01 secs] 
68.213: Total time for which application threads were stopped: 0.0094810 seconds, Stopping threads took: 0.0000710 seconds
68.217: Application time: 0.0047850 seconds
68.218: [GC68.218: [DefNew: 15694K->1426K(18432K), 0.0013690 secs] 36481K->25064K(59392K), 0.0014020 secs] [Times: user=0.01 sys=0.00, real=0.00 secs] 
68.219: Total time for which application threads were stopped: 0.0020240 seconds, Stopping threads took: 0.0005600 seconds
68.224: Application time: 0.0041230 seconds
68.225: [GC68.225: [DefNew: 17109K->1425K(18432K), 0.0011770 secs] 40746K->27201K(59392K), 0.0012110 secs] [Times: user=0.00 sys=0.00, real=0.01 secs] 
68.226: Total time for which application threads were stopped: 0.0022510 seconds, Stopping threads took: 0.0009650 seconds
68.230: Application time: 0.0040680 seconds
68.230: [GC68.230: [DefNew: 17105K->1425K(18432K), 0.0008880 secs] 42882K->28626K(59392K), 0.0009190 secs] [Times: user=0.01 sys=0.00, real=0.00 secs] 
68.231: Total time for which application threads were stopped: 0.0014560 seconds, Stopping threads took: 0.0004760 seconds
68.236: Application time: 0.0043310 seconds
68.236: [GC68.236: [DefNew: 17112K->1426K(18432K), 0.0008220 secs] 44314K->30052K(59392K), 0.0008510 secs] [Times: user=0.00 sys=0.00, real=0.00 secs] 
68.237: Total time for which application threads were stopped: 0.0009950 seconds, Stopping threads took: 0.0000840 seconds
68.240: Application time: 0.0032870 seconds
68.240: [GC68.240: [DefNew: 17115K->1426K(18432K), 0.0011740 secs] 45742K->32191K(59392K), 0.0012060 secs] [Times: user=0.00 sys=0.00, real=0.00 secs] 
68.241: Total time for which application threads were stopped: 0.0014480 seconds, Stopping threads took: 0.0001610 seconds
68.246: Application time: 0.0047620 seconds
68.246: [GC68.246: [DefNew: 17107K->17107K(18432K), 0.0000090 secs]68.246: [Tenured: 30765K->25775K(40960K), 0.0093260 secs] 47873K->25775K(59392K), [Perm : 6079K->6079K(21248K)], 0.0093830 secs] [Times: user=0.01 sys=0.00, real=0.01 secs] 
68.256: Total time for which application threads were stopped: 0.0096510 seconds, Stopping threads took: 0.0001770 seconds
68.259: Application time: 0.0036360 seconds
68.260: [GC68.260: [DefNew: 15689K->1426K(18432K), 0.0014190 secs] 41465K->30052K(59392K), 0.0014530 secs] [Times: user=0.00 sys=0.00, real=0.00 secs] 
68.261: Total time for which application threads were stopped: 0.0017100 seconds, Stopping threads took: 0.0001850 seconds
68.265: Application time: 0.0033810 seconds
68.265: [GC68.265: [DefNew: 17106K->1425K(18432K), 0.0014850 secs] 45733K->32902K(59392K), 0.0015230 secs] [Times: user=0.00 sys=0.00, real=0.01 secs] 
68.266: Total time for which application threads were stopped: 0.0017110 seconds, Stopping threads took: 0.0001200 seconds
68.271: Application time: 0.0046280 seconds
68.271: [GC68.271: [DefNew: 17113K->17113K(18432K), 0.0000090 secs]68.271: [Tenured: 31476K->22926K(40960K), 0.0088190 secs] 48590K->22926K(59392K), [Perm : 6079K->6079K(21248K)], 0.0088750 secs] [Times: user=0.00 sys=0.00, real=0.01 secs] 
68.280: Total time for which application threads were stopped: 0.0090780 seconds, Stopping threads took: 0.0001190 seconds
68.287: Application time: 0.0072200 seconds
68.287: [GC68.287: [DefNew: 15681K->1425K(18432K), 0.0010880 secs] 38607K->25777K(59392K), 0.0011220 secs] [Times: user=0.00 sys=0.00, real=0.00 secs] 
68.288: Total time for which application threads were stopped: 0.0012640 seconds, Stopping threads took: 0.0000730 seconds
68.294: Application time: 0.0053540 seconds
68.294: [GC68.294: [DefNew: 17114K->1426K(18432K), 0.0010960 secs] 41466K->27203K(59392K), 0.0011280 secs] [Times: user=0.00 sys=0.00, real=0.00 secs] 
68.295: Total time for which application threads were stopped: 0.0013280 seconds, Stopping threads took: 0.0001240 seconds
68.299: Application time: 0.0040270 seconds
68.299: [GC68.299: [DefNew: 17105K->1425K(18432K), 0.0007700 secs] 42882K->27915K(59392K), 0.0008000 secs] [Times: user=0.00 sys=0.00, real=0.00 secs] 
68.300: Total time for which application threads were stopped: 0.0010670 seconds, Stopping threads took: 0.0001900 seconds
68.314: Application time: 0.0140330 seconds
68.314: [GC68.314: [DefNew: 17115K->1426K(18432K), 0.0016320 secs] 43605K->32191K(59392K), 0.0016660 secs] [Times: user=0.01 sys=0.00, real=0.00 secs] 
68.316: Total time for which application threads were stopped: 0.0017930 seconds, Stopping threads took: 0.0000590 seconds
68.335: Application time: 0.0184450 seconds
68.335: [GC68.335: [DefNew: 17147K->1454K(18432K), 0.0021010 secs] 47912K->37208K(59392K), 0.0021410 secs] [Times: user=0.00 sys=0.00, real=0.00 secs] 
68.337: Total time for which application threads were stopped: 0.0023600 seconds, Stopping threads took: 0.0001380 seconds
68.346: Application time: 0.0086310 seconds
68.346: [GC68.346: [DefNew: 17138K->17138K(18432K), 0.0000090 secs]68.346: [Tenured: 35754K->23667K(40960K), 0.0091030 secs] 52892K->23667K(59392K), [Perm : 6079K->6079K(21248K)], 0.0091610 secs] [Times: user=0.01 sys=0.00, real=0.01 secs] 
68.355: Total time for which application threads were stopped: 0.0093340 seconds, Stopping threads took: 0.0001010 seconds
68.359: Application time: 0.0042040 seconds
68.359: [GC68.359: [DefNew: 15677K->1425K(18432K), 0.0005210 secs] 39344K->25092K(59392K), 0.0005520 secs] [Times: user=0.00 sys=0.00, real=0.00 secs] 
68.360: Total time for which application threads were stopped: 0.0006930 seconds, Stopping threads took: 0.0000800 seconds
68.366: Application time: 0.0066590 seconds
68.367: [GC68.367: [DefNew: 17112K->1426K(18432K), 0.0011680 secs] 40779K->27230K(59392K), 0.0012010 secs] [Times: user=0.00 sys=0.00, real=0.00 secs] 
68.368: Total time for which application threads were stopped: 0.0013560 seconds, Stopping threads took: 0.0000950 seconds
68.374: Application time: 0.0058510 seconds
68.374: [GC68.374: [DefNew: 17108K->1425K(18432K), 0.0022000 secs] 42912K->32218K(59392K), 0.0022400 secs] [Times: user=0.00 sys=0.00, real=0.00 secs] 
68.376: Total time for which application threads were stopped: 0.0024000 seconds, Stopping threads took: 0.0000920 seconds
68.384: Application time: 0.0075230 seconds
68.384: [GC68.384: [DefNew: 17105K->1425K(18432K), 0.0009890 secs] 47898K->33643K(59392K), 0.0010210 secs] [Times: user=0.00 sys=0.00, real=0.00 secs] 
68.385: Total time for which application threads were stopped: 0.0011880 seconds, Stopping threads took: 0.0001060 seconds
68.389: Application time: 0.0046400 seconds
68.390: [GC68.390: [DefNew: 17114K->1426K(18432K), 0.0006450 secs] 49333K->33644K(59392K), 0.0006830 secs] [Times: user=0.00 sys=0.00, real=0.00 secs] 
68.390: Total time for which application threads were stopped: 0.0008770 seconds, Stopping threads took: 0.0001370 seconds
68.394: Application time: 0.0040280 seconds
68.394: [GC68.394: [DefNew: 17105K->1425K(18432K), 0.0007390 secs] 49323K->34357K(59392K), 0.0007650 secs] [Times: user=0.00 sys=0.00, real=0.00 secs] 
68.395: Total time for which application threads were stopped: 0.0009080 seconds, Stopping threads took: 0.0000850 seconds
68.417: Application time: 0.0222590 seconds
68.418: [GC68.418: [DefNew: 17119K->1426K(18432K), 0.0025760 secs] 50051K->41483K(59392K), 0.0026130 secs] [Times: user=0.00 sys=0.00, real=0.00 secs] 
68.420: Total time for which application threads were stopped: 0.0027400 seconds, Stopping threads took: 0.0000590 seconds
68.486: Application time: 0.0662290 seconds
68.487: [GC68.487: [DefNew: 17117K->17117K(18432K), 0.0000090 secs]68.487: [Tenured: 40057K->23637K(40960K), 0.0108010 secs] 57174K->23637K(59392K), [Perm : 6080K->6080K(21248K)], 0.0108690 secs] [Times: user=0.01 sys=0.00, real=0.01 secs] 
68.497: Total time for which application threads were stopped: 0.0110430 seconds, Stopping threads took: 0.0001060 seconds
68.562: Application time: 0.0646310 seconds
68.562: [GC68.562: [DefNew: 15691K->1425K(18432K), 0.0045780 secs] 39329K->39313K(59392K), 0.0046180 secs] [Times: user=0.01 sys=0.00, real=0.01 secs] 
68.567: Total time for which application threads were stopped: 0.0047460 seconds, Stopping threads took: 0.0000610 seconds
68.641: Application time: 0.0740160 seconds
68.641: [GC68.641: [DefNew: 17122K->17122K(18432K), 0.0000100 secs]68.641: [Tenured: 37888K->22926K(40960K), 0.0096620 secs] 55010K->22926K(59392K), [Perm : 6080K->6080K(21248K)], 0.0097210 secs] [Times: user=0.01 sys=0.00, real=0.01 secs] 
68.651: Total time for which application threads were stopped: 0.0099110 seconds, Stopping threads took: 0.0001110 seconds
68.725: Application time: 0.0739030 seconds
68.725: [GC68.725: [DefNew: 15700K->1426K(18432K), 0.0043170 secs] 38626K->37890K(59392K), 0.0043580 secs] [Times: user=0.00 sys=0.00, real=0.01 secs] 
68.729: Total time for which application threads were stopped: 0.0045200 seconds, Stopping threads took: 0.0000870 seconds
68.803: Application time: 0.0734550 seconds
68.803: [GC68.803: [DefNew: 17117K->17117K(18432K), 0.0000100 secs]68.803: [Tenured: 36464K->25777K(40960K), 0.0092880 secs] 53582K->25777K(59392K), [Perm : 6080K->6080K(21248K)], 0.0093480 secs] [Times: user=0.01 sys=0.00, real=0.01 secs] 
68.812: Total time for which application threads were stopped: 0.0094900 seconds, Stopping threads took: 0.0000710 seconds
68.886: Application time: 0.0738950 seconds
68.886: [GC68.886: [DefNew: 15700K->1425K(18432K), 0.0042390 secs] 41477K->40740K(59392K), 0.0042800 secs] [Times: user=0.01 sys=0.00, real=0.00 secs] 
68.890: Total time for which application threads were stopped: 0.0044350 seconds, Stopping threads took: 0.0000890 seconds
68.942: Application time: 0.0519440 seconds
68.943: [GC68.943: [DefNew: 17117K->17117K(18432K), 0.0000100 secs]68.943: [Tenured: 39314K->25777K(40960K), 0.0095970 secs] 56432K->25777K(59392K), [Perm : 6080K->6080K(21248K)], 0.0096570 secs] [Times: user=0.01 sys=0.00, real=0.01 secs] 
68.952: Total time for which application threads were stopped: 0.0098160 seconds, Stopping threads took: 0.0000920 seconds
69.022: Application time: 0.0693350 seconds
69.022: [GC69.022: [DefNew: 15691K->15691K(18432K), 0.0000100 secs]69.022: [Tenured: 25777K->26487K(40960K), 0.0108200 secs] 41469K->26487K(59392K), [Perm : 6080K->6080K(21248K)], 0.0108760 secs] [Times: user=0.02 sys=0.00, real=0.01 secs] 
69.033: Total time for which application threads were stopped: 0.0111090 seconds, Stopping threads took: 0.0001430 seconds
69.106: Application time: 0.0730210 seconds
69.106: [GC69.106: [DefNew: 15708K->15708K(18432K), 0.0000170 secs]69.106: [Tenured: 26487K->27202K(40960K), 0.0089260 secs] 42196K->27202K(59392K), [Perm : 6080K->6080K(21248K)], 0.0089950 secs] [Times: user=0.01 sys=0.00, real=0.01 secs] 
69.115: Total time for which application threads were stopped: 0.0091220 seconds, Stopping threads took: 0.0000570 seconds
69.189: Application time: 0.0737540 seconds
69.189: [GC69.189: [DefNew: 15691K->15691K(18432K), 0.0000100 secs]69.189: [Tenured: 27202K->27202K(40960K), 0.0090650 secs] 42893K->27202K(59392K), [Perm : 6080K->6080K(21248K)], 0.0091250 secs] [Times: user=0.01 sys=0.00, real=0.01 secs] 
69.198: Total time for which application threads were stopped: 0.0092620 seconds, Stopping threads took: 0.0000540 seconds
69.246: Application time: 0.0485030 seconds
69.246: [GC69.247: [DefNew: 15691K->15691K(18432K), 0.0000110 secs]69.247: [Tenured: 27202K->28627K(40960K), 0.0099070 secs] 42893K->28627K(59392K), [Perm : 6080K->6080K(21248K)], 0.0099650 secs] [Times: user=0.01 sys=0.00, real=0.01 secs] 
69.256: Total time for which application threads were stopped: 0.0101060 seconds, Stopping threads took: 0.0000680 seconds
69.330: Application time: 0.0736900 seconds
69.330: [GC69.330: [DefNew: 15708K->15708K(18432K), 0.0000100 secs]69.330: [Tenured: 28627K->27912K(40960K), 0.0118650 secs] 44335K->27912K(59392K), [Perm : 6080K->6080K(21248K)], 0.0119260 secs] [Times: user=0.01 sys=0.00, real=0.01 secs] 
69.342: Total time for which application threads were stopped: 0.0121000 seconds, Stopping threads took: 0.0001040 seconds
69.406: Application time: 0.0633350 seconds
69.406: [GC69.406: [DefNew: 15700K->15700K(18432K), 0.0000100 secs]69.406: [Tenured: 27912K->28626K(40960K), 0.0108000 secs] 43613K->28626K(59392K), [Perm : 6080K->6080K(21248K)], 0.0108570 secs] [Times: user=0.01 sys=0.00, real=0.01 secs] 
69.417: Total time for which application threads were stopped: 0.0110240 seconds, Stopping threads took: 0.0000980 seconds
69.485: Application time: 0.0682030 seconds
69.485: [GC69.485: [DefNew: 15691K->15691K(18432K), 0.0000100 secs]69.485: [Tenured: 28626K->30051K(40960K), 0.0107570 secs] 44317K->30051K(59392K), [Perm : 6080K->6080K(21248K)], 0.0108170 secs] [Times: user=0.01 sys=0.00, real=0.02 secs] 
69.496: Total time for which application threads were stopped: 0.0110420 seconds, Stopping threads took: 0.0001340 seconds
69.570: Application time: 0.0737490 seconds
69.570: [GC69.570: [DefNew: 15691K->15691K(18432K), 0.0000100 secs]69.570: [Tenured: 30051K->30051K(40960K), 0.0089370 secs] 45742K->30051K(59392K), [Perm : 6080K->6080K(21248K)], 0.0089950 secs] [Times: user=0.01 sys=0.00, real=0.01 secs] 
69.579: Total time for which application threads were stopped: 0.0091310 seconds, Stopping threads took: 0.0000660 seconds
69.650: Application time: 0.0717150 seconds
69.651: [GC69.651: [DefNew: 15691K->15691K(18432K), 0.0000100 secs]69.651: [Tenured: 30051K->29338K(40960K), 0.0104980 secs] 45742K->29338K(59392K), [Perm : 6080K->6080K(21248K)], 0.0105580 secs] [Times: user=0.01 sys=0.00, real=0.01 secs] 
69.661: Total time for which application threads were stopped: 0.0106970 seconds, Stopping threads took: 0.0000690 seconds
69.734: Application time: 0.0731470 seconds
69.735: [GC69.735: [DefNew: 15708K->15708K(18432K), 0.0000090 secs]69.735: [Tenured: 29338K->28625K(40960K), 0.0106420 secs] 45046K->28625K(59392K), [Perm : 6080K->6080K(21248K)], 0.0107020 secs] [Times: user=0.01 sys=0.00, real=0.00 secs] 
69.745: Total time for which application threads were stopped: 0.0109100 seconds, Stopping threads took: 0.0001110 seconds
69.795: Application time: 0.0498460 seconds
69.795: [GC69.795: [DefNew: 15691K->15691K(18432K), 0.0000100 secs]69.795: [Tenured: 28625K->27913K(40960K), 0.0087860 secs] 44317K->27913K(59392K), [Perm : 6080K->6080K(21248K)], 0.0088460 secs] [Times: user=0.01 sys=0.00, real=0.00 secs] 
69.804: Total time for which application threads were stopped: 0.0089790 seconds, Stopping threads took: 0.0000640 seconds
69.873: Application time: 0.0692050 seconds
69.873: [GC69.873: [DefNew: 15689K->15689K(18432K), 0.0000100 secs]69.873: [Tenured: 27913K->30050K(40960K), 0.0091740 secs] 43602K->30050K(59392K), [Perm : 6080K->6080K(21248K)], 0.0092470 secs] [Times: user=0.01 sys=0.00, real=0.01 secs] 
69.883: Total time for which application threads were stopped: 0.0093910 seconds, Stopping threads took: 0.0000750 seconds
69.945: Application time: 0.0627910 seconds
69.946: [GC69.946: [DefNew: 15698K->15698K(18432K), 0.0000100 secs]69.946: [Tenured: 30050K->27200K(40960K), 0.0115550 secs] 45748K->27200K(59392K), [Perm : 6080K->6080K(21248K)], 0.0116130 secs] [Times: user=0.01 sys=0.00, real=0.01 secs] 
69.957: Total time for which application threads were stopped: 0.0117740 seconds, Stopping threads took: 0.0000930 seconds
70.003: Application time: 0.0461490 seconds
70.004: [GC70.004: [DefNew: 15689K->15689K(18432K), 0.0000090 secs]70.004: [Tenured: 27200K->27200K(40960K), 0.0091250 secs] 42890K->27200K(59392K), [Perm : 6080K->6080K(21248K)], 0.0091850 secs] [Times: user=0.01 sys=0.00, real=0.01 secs] 
70.013: Total time for which application threads were stopped: 0.0093150 seconds, Stopping threads took: 0.0000590 seconds
70.081: Application time: 0.0685660 seconds
70.081: [GC70.081: [DefNew: 15691K->15691K(18432K), 0.0000150 secs]70.081: [Tenured: 27200K->27913K(40960K), 0.0098160 secs] 42892K->27913K(59392K), [Perm : 6080K->6080K(21248K)], 0.0098830 secs] [Times: user=0.00 sys=0.01, real=0.01 secs] 
70.091: Total time for which application threads were stopped: 0.0100230 seconds, Stopping threads took: 0.0000700 seconds
70.141: Application time: 0.0501140 seconds
70.142: [GC70.142: [DefNew: 15704K->15704K(18432K), 0.0000100 secs]70.142: [Tenured: 27913K->26488K(40960K), 0.0114760 secs] 43617K->26488K(59392K), [Perm : 6080K->6080K(21248K)], 0.0115360 secs] [Times: user=0.02 sys=0.00, real=0.01 secs] 
70.153: Total time for which application threads were stopped: 0.0117490 seconds, Stopping threads took: 0.0001230 seconds
70.220: Application time: 0.0666680 seconds
70.220: [GC70.220: [DefNew: 15689K->1425K(18432K), 0.0037520 secs] 42178K->39314K(59392K), 0.0037940 secs] [Times: user=0.00 sys=0.00, real=0.00 secs] 
70.224: Total time for which application threads were stopped: 0.0040410 seconds, Stopping threads took: 0.0001660 seconds
70.265: Application time: 0.0412940 seconds
70.265: [GC70.265: [DefNew: 17115K->17115K(18432K), 0.0000110 secs]70.265: [Tenured: 37888K->26488K(40960K), 0.0122130 secs] 55004K->26488K(59392K), [Perm : 6080K->6080K(21248K)], 0.0122720 secs] [Times: user=0.01 sys=0.00, real=0.02 secs] 
70.278: Total time for which application threads were stopped: 0.0124610 seconds, Stopping threads took: 0.0001080 seconds
70.337: Application time: 0.0593870 seconds
70.337: [GC70.337: [DefNew: 15704K->15704K(18432K), 0.0000100 secs]70.337: [Tenured: 26488K->25063K(40960K), 0.0104580 secs] 42193K->25063K(59392K), [Perm : 6080K->6080K(21248K)], 0.0105200 secs] [Times: user=0.01 sys=0.00, real=0.01 secs] 
70.348: Total time for which application threads were stopped: 0.0106570 seconds, Stopping threads took: 0.0000650 seconds
70.401: Application time: 0.0532540 seconds
70.401: [GC70.401: [DefNew: 15688K->1425K(18432K), 0.0034740 secs] 40751K->37177K(59392K), 0.0035160 secs] [Times: user=0.01 sys=0.00, real=0.00 secs] 
70.405: Total time for which application threads were stopped: 0.0036750 seconds, Stopping threads took: 0.0000940 seconds
70.466: Application time: 0.0614380 seconds
70.466: [GC70.466: [DefNew: 17121K->17121K(18432K), 0.0000100 secs]70.466: [Tenured: 35751K->25063K(40960K), 0.0108360 secs] 52873K->25063K(59392K), [Perm : 6080K->6080K(21248K)], 0.0108940 secs] [Times: user=0.01 sys=0.00, real=0.01 secs] 
70.477: Total time for which application threads were stopped: 0.0110600 seconds, Stopping threads took: 0.0000950 seconds
70.515: Application time: 0.0383140 seconds
70.516: [GC70.516: [DefNew: 15688K->1425K(18432K), 0.0033740 secs] 40752K->36464K(59392K), 0.0034110 secs] [Times: user=0.00 sys=0.00, real=0.00 secs] 
70.519: Total time for which application threads were stopped: 0.0035510 seconds, Stopping threads took: 0.0000740 seconds
70.569: Application time: 0.0497670 seconds
70.569: [GC70.569: [DefNew: 17113K->17113K(18432K), 0.0000100 secs]70.569: [Tenured: 35039K->25776K(40960K), 0.0100550 secs] 52153K->25776K(59392K), [Perm : 6080K->6080K(21248K)], 0.0101240 secs] [Times: user=0.01 sys=0.00, real=0.01 secs] 
70.579: Total time for which application threads were stopped: 0.0104070 seconds, Stopping threads took: 0.0001940 seconds
70.640: Application time: 0.0604840 seconds
70.640: [GC70.640: [DefNew: 15688K->15688K(18432K), 0.0000110 secs]70.640: [Tenured: 25776K->23639K(40960K), 0.0107460 secs] 41465K->23639K(59392K), [Perm : 6080K->6080K(21248K)], 0.0108030 secs] [Times: user=0.01 sys=0.00, real=0.01 secs] 
70.651: Total time for which application threads were stopped: 0.0109400 seconds, Stopping threads took: 0.0000670 seconds
70.693: Application time: 0.0419410 seconds
70.693: [GC70.693: [DefNew: 15688K->1425K(18432K), 0.0035980 secs] 39327K->35752K(59392K), 0.0036410 secs] [Times: user=0.00 sys=0.00, real=0.01 secs] 
70.696: Total time for which application threads were stopped: 0.0038160 seconds, Stopping threads took: 0.0001080 seconds
70.743: Application time: 0.0468080 seconds
70.743: [GC70.743: [DefNew: 17131K->17131K(18432K), 0.0000100 secs]70.743: [Tenured: 34327K->23640K(40960K), 0.0096560 secs] 51458K->23640K(59392K), [Perm : 6080K->6080K(21248K)], 0.0097160 secs] [Times: user=0.01 sys=0.00, real=0.01 secs] 
70.753: Total time for which application threads were stopped: 0.0099050 seconds, Stopping threads took: 0.0001070 seconds
70.823: Application time: 0.0696990 seconds
70.823: [GC70.823: [DefNew: 15688K->1425K(18432K), 0.0035670 secs] 39329K->35754K(59392K), 0.0036040 secs] [Times: user=0.01 sys=0.00, real=0.01 secs] 
70.827: Total time for which application threads were stopped: 0.0037480 seconds, Stopping threads took: 0.0000670 seconds
70.859: Application time: 0.0323280 seconds
70.859: [GC70.859: [DefNew: 17114K->17114K(18432K), 0.0000110 secs]70.859: [Tenured: 34329K->25066K(40960K), 0.0101140 secs] 51443K->25066K(59392K), [Perm : 6080K->6080K(21248K)], 0.0101750 secs] [Times: user=0.01 sys=0.00, real=0.01 secs] 
70.869: Total time for which application threads were stopped: 0.0103660 seconds, Stopping threads took: 0.0001180 seconds
70.932: Application time: 0.0631790 seconds
70.933: [GC70.933: [DefNew: 15697K->1426K(18432K), 0.0034570 secs] 40763K->37181K(59392K), 0.0034980 secs] [Times: user=0.01 sys=0.00, real=0.01 secs] 
70.936: Total time for which application threads were stopped: 0.0036200 seconds, Stopping threads took: 0.0000570 seconds
70.989: Application time: 0.0530450 seconds
70.989: [GC70.989: [DefNew: 17117K->17117K(18432K), 0.0000110 secs]70.989: [Tenured: 35755K->25067K(40960K), 0.0088660 secs] 52872K->25067K(59392K), [Perm : 6080K->6080K(21248K)], 0.0089290 secs] [Times: user=0.01 sys=0.00, real=0.01 secs] 
70.998: Total time for which application threads were stopped: 0.0092750 seconds, Stopping threads took: 0.0002770 seconds
71.046: Application time: 0.0476290 seconds
71.046: [GC71.046: [DefNew: 15688K->1425K(18432K), 0.0037780 secs] 40756K->37893K(59392K), 0.0038190 secs] [Times: user=0.00 sys=0.00, real=0.00 secs] 
71.050: Total time for which application threads were stopped: 0.0040000 seconds, Stopping threads took: 0.0000930 seconds
71.098: Application time: 0.0475820 seconds
71.098: [GC71.098: [DefNew: 17114K->17114K(18432K), 0.0000090 secs]71.098: [Tenured: 36468K->25777K(40960K), 0.0101100 secs] 53583K->25777K(59392K), [Perm : 6080K->6080K(21248K)], 0.0101680 secs] [Times: user=0.01 sys=0.00, real=0.01 secs] 
71.108: Total time for which application threads were stopped: 0.0103000 seconds, Stopping threads took: 0.0000590 seconds
71.162: Application time: 0.0542180 seconds
71.162: [GC71.162: [DefNew: 15708K->15708K(18432K), 0.0000100 secs]71.162: [Tenured: 25777K->24353K(40960K), 0.0101800 secs] 41485K->24353K(59392K), [Perm : 6080K->6080K(21248K)], 0.0102420 secs] [Times: user=0.01 sys=0.00, real=0.01 secs] 
71.173: Total time for which application threads were stopped: 0.0104460 seconds, Stopping threads took: 0.0001150 seconds
71.219: Application time: 0.0468210 seconds
71.220: [GC71.220: [DefNew: 15690K->1425K(18432K), 0.0036000 secs] 40044K->36467K(59392K), 0.0036510 secs] [Times: user=0.01 sys=0.00, real=0.00 secs] 
71.223: Total time for which application threads were stopped: 0.0038180 seconds, Stopping threads took: 0.0000990 seconds
71.276: Application time: 0.0523670 seconds
71.276: [GC71.276: [DefNew: 17114K->17114K(18432K), 0.0000100 secs]71.276: [Tenured: 35042K->27916K(40960K), 0.0093600 secs] 52156K->27916K(59392K), [Perm : 6080K->6080K(21248K)], 0.0094200 secs] [Times: user=0.01 sys=0.00, real=0.00 secs] 
71.285: Total time for which application threads were stopped: 0.0095480 seconds, Stopping threads took: 0.0000590 seconds
71.337: Application time: 0.0514040 seconds
71.337: [GC71.337: [DefNew: 15697K->15697K(18432K), 0.0000100 secs]71.337: [Tenured: 27916K->27205K(40960K), 0.0097540 secs] 43614K->27205K(59392K), [Perm : 6080K->6080K(21248K)], 0.0098130 secs] [Times: user=0.01 sys=0.00, real=0.01 secs] 
71.346: Total time for which application threads were stopped: 0.0099570 seconds, Stopping threads took: 0.0000630 seconds
71.406: Application time: 0.0594120 seconds
71.406: [GC71.406: [DefNew: 15697K->15697K(18432K), 0.0000100 secs]71.406: [Tenured: 27205K->27915K(40960K), 0.0109180 secs] 42902K->27915K(59392K), [Perm : 6080K->6080K(21248K)], 0.0109790 secs] [Times: user=0.01 sys=0.00, real=0.01 secs] 
71.417: Total time for which application threads were stopped: 0.0111570 seconds, Stopping threads took: 0.0001080 seconds
71.455: Application time: 0.0375920 seconds
71.455: [GC71.455: [DefNew: 15697K->15697K(18432K), 0.0000090 secs]71.455: [Tenured: 27915K->30053K(40960K), 0.0090880 secs] 43612K->30053K(59392K), [Perm : 6080K->6080K(21248K)], 0.0091430 secs] [Times: user=0.01 sys=0.00, real=0.00 secs] 
71.464: Total time for which application threads were stopped: 0.0092700 seconds, Stopping threads took: 0.0000580 seconds
71.516: Application time: 0.0523570 seconds
71.516: [GC71.516: [DefNew: 15688K->15688K(18432K), 0.0000100 secs]71.516: [Tenured: 30053K->30766K(40960K), 0.0099960 secs] 45742K->30766K(59392K), [Perm : 6080K->6080K(21248K)], 0.0100580 secs] [Times: user=0.01 sys=0.00, real=0.01 secs] 
71.527: Total time for which application threads were stopped: 0.0102620 seconds, Stopping threads took: 0.0001340 seconds
71.585: Application time: 0.0587130 seconds
71.585: [GC71.585: [DefNew: 15688K->15688K(18432K), 0.0000100 secs]71.585: [Tenured: 30766K->30766K(40960K), 0.0097110 secs] 46454K->30766K(59392K), [Perm : 6080K->6080K(21248K)], 0.0097700 secs] [Times: user=0.01 sys=0.00, real=0.02 secs] 
71.595: Total time for which application threads were stopped: 0.0099090 seconds, Stopping threads took: 0.0000680 seconds
71.637: Application time: 0.0417130 seconds
71.637: [GC71.637: [DefNew: 15688K->15688K(18432K), 0.0000100 secs]71.637: [Tenured: 30766K->30052K(40960K), 0.0100650 secs] 46454K->30052K(59392K), [Perm : 6080K->6080K(21248K)], 0.0101220 secs] [Times: user=0.01 sys=0.00, real=0.01 secs] 
71.647: Total time for which application threads were stopped: 0.0102600 seconds, Stopping threads took: 0.0000700 seconds
71.697: Application time: 0.0502900 seconds
71.698: [GC71.698: [DefNew: 15688K->15688K(18432K), 0.0000100 secs]71.698: [Tenured: 30052K->29339K(40960K), 0.0088410 secs] 45740K->29339K(59392K), [Perm : 6080K->6080K(21248K)], 0.0088970 secs] [Times: user=0.01 sys=0.00, real=0.01 secs] 
71.706: Total time for which application threads were stopped: 0.0090350 seconds, Stopping threads took: 0.0000700 seconds
71.744: Application time: 0.0370730 seconds
71.744: [GC71.744: [DefNew: 15725K->15725K(18432K), 0.0000090 secs]71.744: [Tenured: 29339K->30794K(40960K), 0.0092510 secs] 45065K->30794K(59392K), [Perm : 6080K->6080K(21248K)], 0.0093090 secs] [Times: user=0.01 sys=0.00, real=0.01 secs] 
71.753: Total time for which application threads were stopped: 0.0094740 seconds, Stopping threads took: 0.0000860 seconds
71.760: Application time: 0.0074300 seconds
71.761: [GC71.761: [DefNew: 15679K->15679K(18432K), 0.0000100 secs]71.761: [Tenured: 30794K->30794K(40960K), 0.0087460 secs] 46473K->30794K(59392K), [Perm : 6080K->6080K(21248K)], 0.0088180 secs] [Times: user=0.01 sys=0.00, real=0.01 secs] 
71.769: Total time for which application threads were stopped: 0.0089840 seconds, Stopping threads took: 0.0000800 seconds
71.776: Application time: 0.0062740 seconds
71.776: [GC71.776: [DefNew: 15683K->15683K(18432K), 0.0000090 secs]71.776: [Tenured: 30794K->29339K(40960K), 0.0104300 secs] 46477K->29339K(59392K), [Perm : 6080K->6080K(21248K)], 0.0104900 secs] [Times: user=0.01 sys=0.00, real=0.01 secs] 
71.786: Total time for which application threads were stopped: 0.0106460 seconds, Stopping threads took: 0.0000830 seconds
71.791: Application time: 0.0044930 seconds
71.791: [GC71.791: [DefNew: 15677K->15677K(18432K), 0.0000100 secs]71.791: [Tenured: 29339K->30764K(40960K), 0.0067090 secs] 45017K->30764K(59392K), [Perm : 6080K->6080K(21248K)], 0.0067680 secs] [Times: user=0.01 sys=0.00, real=0.01 secs] 
71.798: Total time for which application threads were stopped: 0.0069410 seconds, Stopping threads took: 0.0001030 seconds
71.806: Application time: 0.0078820 seconds
71.806: [GC71.806: [DefNew: 15688K->15688K(18432K), 0.0000100 secs]71.806: [Tenured: 30764K->29339K(40960K), 0.0103150 secs] 46453K->29339K(59392K), [Perm : 6080K->6080K(21248K)], 0.0103760 secs] [Times: user=0.01 sys=0.00, real=0.01 secs] 
71.816: Total time for which application threads were stopped: 0.0105470 seconds, Stopping threads took: 0.0000970 seconds
71.823: Application time: 0.0064660 seconds
71.823: [GC71.823: [DefNew: 15683K->15683K(18432K), 0.0000100 secs]71.823: [Tenured: 29339K->27914K(40960K), 0.0099100 secs] 45022K->27914K(59392K), [Perm : 6080K->6080K(21248K)], 0.0099720 secs] [Times: user=0.01 sys=0.00, real=0.01 secs] 
71.833: Total time for which application threads were stopped: 0.0103600 seconds, Stopping threads took: 0.0002950 seconds
71.840: Application time: 0.0067360 seconds
71.840: [GC71.840: [DefNew: 16183K->16183K(18432K), 0.0000100 secs]71.840: [Tenured: 27914K->25781K(40960K), 0.0116400 secs] 44098K->25781K(59392K), [Perm : 6080K->6080K(21248K)], 0.0117020 secs] [Times: user=0.01 sys=0.00, real=0.01 secs] 
71.852: Total time for which application threads were stopped: 0.0119350 seconds, Stopping threads took: 0.0001330 seconds
71.856: Application time: 0.0042350 seconds
71.856: [GC71.856: [DefNew: 15755K->15755K(18432K), 0.0000100 secs]71.856: [Tenured: 25781K->27209K(40960K), 0.0067700 secs] 41537K->27209K(59392K), [Perm : 6080K->6080K(21248K)], 0.0068290 secs] [Times: user=0.01 sys=0.00, real=0.00 secs] 
71.863: Total time for which application threads were stopped: 0.0070270 seconds, Stopping threads took: 0.0001080 seconds
71.867: Application time: 0.0042200 seconds
71.867: [GC71.867: [DefNew: 15832K->15832K(18432K), 0.0000100 secs]71.867: [Tenured: 27209K->27929K(40960K), 0.0065650 secs] 43042K->27929K(59392K), [Perm : 6080K->6080K(21248K)], 0.0066170 secs] [Times: user=0.01 sys=0.00, real=0.01 secs] 
71.874: Total time for which application threads were stopped: 0.0068110 seconds, Stopping threads took: 0.0001170 seconds
71.880: Application time: 0.0061570 seconds
71.880: [GC71.880: [DefNew: 15724K->15724K(18432K), 0.0000090 secs]71.880: [Tenured: 27929K->26489K(40960K), 0.0094790 secs] 43654K->26489K(59392K), [Perm : 6080K->6080K(21248K)], 0.0095380 secs] [Times: user=0.01 sys=0.00, real=0.01 secs] 
71.890: Total time for which application threads were stopped: 0.0097030 seconds, Stopping threads took: 0.0000900 seconds
71.899: Application time: 0.0086770 seconds
71.899: [GC71.899: [DefNew: 15679K->15679K(18432K), 0.0000100 secs]71.899: [Tenured: 26489K->27914K(40960K), 0.0070070 secs] 42168K->27914K(59392K), [Perm : 6080K->6080K(21248K)], 0.0070620 secs] [Times: user=0.00 sys=0.00, real=0.01 secs] 
71.906: Total time for which application threads were stopped: 0.0072080 seconds, Stopping threads took: 0.0000710 seconds
71.912: Application time: 0.0059850 seconds
71.912: [GC71.912: [DefNew: 15685K->15685K(18432K), 0.0000100 secs]71.912: [Tenured: 27914K->29340K(40960K), 0.0062270 secs] 43600K->29340K(59392K), [Perm : 6080K->6080K(21248K)], 0.0062910 secs] [Times: user=0.01 sys=0.00, real=0.01 secs] 
71.918: Total time for which application threads were stopped: 0.0064650 seconds, Stopping threads took: 0.0000950 seconds
71.925: Application time: 0.0063340 seconds
71.925: [GC71.925: [DefNew: 15685K->15685K(18432K), 0.0000100 secs]71.925: [Tenured: 29340K->27202K(40960K), 0.0058090 secs] 45025K->27202K(59392K), [Perm : 6080K->6080K(21248K)], 0.0058660 secs] [Times: user=0.00 sys=0.00, real=0.01 secs] 
71.931: Total time for which application threads were stopped: 0.0060960 seconds, Stopping threads took: 0.0001430 seconds
71.938: Application time: 0.0070800 seconds
71.938: [GC71.938: [DefNew: 15680K->15680K(18432K), 0.0000100 secs]71.938: [Tenured: 27202K->27914K(40960K), 0.0092090 secs] 42883K->27914K(59392K), [Perm : 6080K->6080K(21248K)], 0.0092680 secs] [Times: user=0.01 sys=0.00, real=0.01 secs] 
71.947: Total time for which application threads were stopped: 0.0094110 seconds, Stopping threads took: 0.0000700 seconds
71.954: Application time: 0.0068810 seconds
71.954: [GC71.954: [DefNew: 15679K->15679K(18432K), 0.0000090 secs]71.954: [Tenured: 27914K->27202K(40960K), 0.0058790 secs] 43594K->27202K(59392K), [Perm : 6080K->6080K(21248K)], 0.0059370 secs] [Times: user=0.00 sys=0.00, real=0.00 secs] 
71.960: Total time for which application threads were stopped: 0.0060830 seconds, Stopping threads took: 0.0000770 seconds
71.965: Application time: 0.0050740 seconds
71.965: [GC71.965: [DefNew: 15690K->15690K(18432K), 0.0000100 secs]71.965: [Tenured: 27202K->28627K(40960K), 0.0089150 secs] 42892K->28627K(59392K), [Perm : 6080K->6080K(21248K)], 0.0089720 secs] [Times: user=0.01 sys=0.00, real=0.02 secs] 
71.974: Total time for which application threads were stopped: 0.0091220 seconds, Stopping threads took: 0.0000680 seconds
71.978: Application time: 0.0040110 seconds
71.978: [GC71.979: [DefNew: 15679K->15679K(18432K), 0.0000090 secs]71.979: [Tenured: 28627K->29340K(40960K), 0.0058690 secs] 44307K->29340K(59392K), [Perm : 6080K->6080K(21248K)], 0.0059280 secs] [Times: user=0.01 sys=0.00, real=0.00 secs] 
71.984: Total time for which application threads were stopped: 0.0061040 seconds, Stopping threads took: 0.0001050 seconds
71.995: Application time: 0.0103890 seconds
71.995: [GC71.995: [DefNew: 15688K->15688K(18432K), 0.0000100 secs]71.995: [Tenured: 29340K->27201K(40960K), 0.0093070 secs] 45028K->27201K(59392K), [Perm : 6080K->6080K(21248K)], 0.0093670 secs] [Times: user=0.01 sys=0.00, real=0.00 secs] 
72.004: Total time for which application threads were stopped: 0.0095170 seconds, Stopping threads took: 0.0000780 seconds
72.063: Application time: 0.0583140 seconds
72.063: [GC72.063: [DefNew: 15688K->15688K(18432K), 0.0000100 secs]72.063: [Tenured: 27201K->27201K(40960K), 0.0106010 secs] 42889K->27201K(59392K), [Perm : 6080K->6080K(21248K)], 0.0106620 secs] [Times: user=0.01 sys=0.00, real=0.02 secs] 
72.074: Total time for which application threads were stopped: 0.0108320 seconds, Stopping threads took: 0.0001000 seconds
72.105: Application time: 0.0319900 seconds
72.106: [GC72.106: [DefNew: 15725K->15725K(18432K), 0.0000110 secs]72.106: [Tenured: 27201K->28656K(40960K), 0.0097000 secs] 42926K->28656K(59392K), [Perm : 6080K->6080K(21248K)], 0.0097610 secs] [Times: user=0.01 sys=0.00, real=0.01 secs] 
72.115: Total time for which application threads were stopped: 0.0099540 seconds, Stopping threads took: 0.0001100 seconds
72.121: Application time: 0.0055810 seconds
72.121: [GC72.121: [DefNew: 15683K->15683K(18432K), 0.0000090 secs]72.121: [Tenured: 28656K->29368K(40960K), 0.0095280 secs] 44339K->29368K(59392K), [Perm : 6080K->6080K(21248K)], 0.0095870 secs] [Times: user=0.01 sys=0.00, real=0.01 secs] 
72.131: Total time for which application threads were stopped: 0.0097820 seconds, Stopping threads took: 0.0001040 seconds
72.138: Application time: 0.0075790 seconds
72.139: [GC72.139: [DefNew: 15683K->15683K(18432K), 0.0000170 secs]72.139: [Tenured: 29368K->29369K(40960K), 0.0068010 secs] 45052K->29369K(59392K), [Perm : 6080K->6080K(21248K)], 0.0068680 secs] [Times: user=0.01 sys=0.00, real=0.01 secs] 
72.146: Total time for which application threads were stopped: 0.0071360 seconds, Stopping threads took: 0.0001790 seconds
72.150: Application time: 0.0042300 seconds
72.150: [GC72.150: [DefNew: 15677K->15677K(18432K), 0.0000100 secs]72.150: [Tenured: 29369K->28626K(40960K), 0.0103130 secs] 45046K->28626K(59392K), [Perm : 6080K->6080K(21248K)], 0.0103750 secs] [Times: user=0.01 sys=0.00, real=0.01 secs] 
72.160: Total time for which application threads were stopped: 0.0105240 seconds, Stopping threads took: 0.0000700 seconds
72.168: Application time: 0.0082040 seconds
72.169: [GC72.169: [DefNew: 15686K->15686K(18432K), 0.0000100 secs]72.169: [Tenured: 28626K->28626K(40960K), 0.0075430 secs] 44312K->28626K(59392K), [Perm : 6080K->6080K(21248K)], 0.0075960 secs] [Times: user=0.00 sys=0.00, real=0.01 secs] 
72.176: Total time for which application threads were stopped: 0.0077940 seconds, Stopping threads took: 0.0001300 seconds
72.183: Application time: 0.0071080 seconds
72.184: [GC72.184: [DefNew: 15680K->15680K(18432K), 0.0000100 secs]72.184: [Tenured: 28626K->27914K(40960K), 0.0096390 secs] 44307K->27914K(59392K), [Perm : 6080K->6080K(21248K)], 0.0097000 secs] [Times: user=0.01 sys=0.00, real=0.01 secs] 
72.193: Total time for which application threads were stopped: 0.0099410 seconds, Stopping threads took: 0.0001500 seconds
72.200: Application time: 0.0064680 seconds
72.200: [GC72.200: [DefNew: 15689K->15689K(18432K), 0.0000100 secs]72.200: [Tenured: 27914K->30053K(40960K), 0.0061190 secs] 43603K->30053K(59392K), [Perm : 6080K->6080K(21248K)], 0.0061760 secs] [Times: user=0.01 sys=0.00, real=0.01 secs] 
72.206: Total time for which application threads were stopped: 0.0063310 seconds, Stopping threads took: 0.0000850 seconds
72.210: Application time: 0.0041420 seconds
72.210: [GC72.210: [DefNew: 15681K->15681K(18432K), 0.0000100 secs]72.210: [Tenured: 30053K->28627K(40960K), 0.0096610 secs] 45735K->28627K(59392K), [Perm : 6080K->6080K(21248K)], 0.0097250 secs] [Times: user=0.01 sys=0.00, real=0.01 secs] 
72.220: Total time for which application threads were stopped: 0.0098780 seconds, Stopping threads took: 0.0000800 seconds
72.224: Application time: 0.0040550 seconds
72.224: [GC72.224: [DefNew: 15678K->15678K(18432K), 0.0000100 secs]72.224: [Tenured: 28627K->30052K(40960K), 0.0067680 secs] 44305K->30052K(59392K), [Perm : 6080K->6080K(21248K)], 0.0068260 secs] [Times: user=0.01 sys=0.00, real=0.01 secs] 
72.231: Total time for which application threads were stopped: 0.0070220 seconds, Stopping threads took: 0.0001250 seconds
72.263: Application time: 0.0313230 seconds
72.263: [GC72.263: [DefNew: 15696K->15696K(18432K), 0.0000100 secs]72.263: [Tenured: 30052K->26488K(40960K), 0.0095430 secs] 45748K->26488K(59392K), [Perm : 6080K->6080K(21248K)], 0.0096030 secs] [Times: user=0.01 sys=0.00, real=0.01 secs] 
72.272: Total time for which application threads were stopped: 0.0098170 seconds, Stopping threads took: 0.0001230 seconds
72.341: Application time: 0.0685490 seconds
72.341: [GC72.341: [DefNew: 15689K->15689K(18432K), 0.0000100 secs]72.341: [Tenured: 26488K->27201K(40960K), 0.0097700 secs] 42178K->27201K(59392K), [Perm : 6080K->6080K(21248K)], 0.0098310 secs] [Times: user=0.01 sys=0.00, real=0.01 secs] 
72.351: Total time for which application threads were stopped: 0.0100150 seconds, Stopping threads took: 0.0000850 seconds
72.410: Application time: 0.0586490 seconds
72.410: [GC72.410: [DefNew: 16194K->16194K(18432K), 0.0000100 secs]72.410: [Tenured: 27201K->20081K(40960K), 0.0107640 secs] 43396K->20081K(59392K), [Perm : 6080K->6080K(21248K)], 0.0108220 secs] [Times: user=0.01 sys=0.00, real=0.01 secs] 
72.421: Total time for which application threads were stopped: 0.0110000 seconds, Stopping threads took: 0.0001100 seconds
72.434: Application time: 0.0132420 seconds
72.434: [GC72.434: [DefNew: 15819K->1431K(18432K), 0.0013150 secs] 35900K->22938K(59392K), 0.0013680 secs] [Times: user=0.00 sys=0.00, real=0.00 secs] 
72.435: Total time for which application threads were stopped: 0.0015190 seconds, Stopping threads took: 0.0000710 seconds
72.444: Application time: 0.0089240 seconds
72.444: [GC72.445: [DefNew: 17263K->1426K(18432K), 0.0036190 secs] 38770K->31484K(59392K), 0.0036720 secs] [Times: user=0.01 sys=0.00, real=0.01 secs] 
72.448: Total time for which application threads were stopped: 0.0038740 seconds, Stopping threads took: 0.0001130 seconds
72.470: Application time: 0.0217150 seconds
72.471: [GC72.471: [DefNew: 17105K->17105K(18432K), 0.0000160 secs]72.471: [Tenured: 30058K->25776K(40960K), 0.0114760 secs] 47163K->25776K(59392K), [Perm : 6080K->6080K(21248K)], 0.0115570 secs] [Times: user=0.02 sys=0.00, real=0.01 secs] 
72.482: Total time for which application threads were stopped: 0.0125350 seconds, Stopping threads took: 0.0008850 seconds
72.489: Application time: 0.0067300 seconds
72.489: [GC72.489: [DefNew: 15685K->15685K(18432K), 0.0000100 secs]72.489: [Tenured: 25776K->25776K(40960K), 0.0065000 secs] 41462K->25776K(59392K), [Perm : 6080K->6080K(21248K)], 0.0065590 secs] [Times: user=0.01 sys=0.00, real=0.01 secs] 
72.496: Total time for which application threads were stopped: 0.0066980 seconds, Stopping threads took: 0.0000640 seconds
72.500: Application time: 0.0037740 seconds
72.500: [GC72.500: [DefNew: 15685K->15685K(18432K), 0.0000100 secs]72.500: [Tenured: 25776K->25777K(40960K), 0.0061270 secs] 41462K->25777K(59392K), [Perm : 6080K->6080K(21248K)], 0.0061850 secs] [Times: user=0.00 sys=0.00, real=0.01 secs] 
72.506: Total time for which application threads were stopped: 0.0066630 seconds, Stopping threads took: 0.0003960 seconds
72.510: Application time: 0.0032950 seconds
72.510: [GC72.510: [DefNew: 15679K->15679K(18432K), 0.0000100 secs]72.510: [Tenured: 25777K->26488K(40960K), 0.0077340 secs] 41456K->26488K(59392K), [Perm : 6080K->6080K(21248K)], 0.0077920 secs] [Times: user=0.01 sys=0.00, real=0.01 secs] 
72.518: Total time for which application threads were stopped: 0.0082360 seconds, Stopping threads took: 0.0003520 seconds
72.522: Application time: 0.0038670 seconds
72.522: [GC72.522: [DefNew: 15685K->15685K(18432K), 0.0000100 secs]72.522: [Tenured: 26488K->26489K(40960K), 0.0060970 secs] 42174K->26489K(59392K), [Perm : 6080K->6080K(21248K)], 0.0061520 secs] [Times: user=0.01 sys=0.00, real=0.01 secs] 
72.528: Total time for which application threads were stopped: 0.0063280 seconds, Stopping threads took: 0.0001080 seconds
72.533: Application time: 0.0049110 seconds
72.534: [GC72.534: [DefNew: 15686K->15686K(18432K), 0.0000100 secs]72.534: [Tenured: 26489K->26489K(40960K), 0.0070540 secs] 42175K->26489K(59392K), [Perm : 6080K->6080K(21248K)], 0.0071140 secs] [Times: user=0.01 sys=0.00, real=0.00 secs] 
72.541: Total time for which application threads were stopped: 0.0081090 seconds, Stopping threads took: 0.0009070 seconds
72.545: Application time: 0.0038070 seconds
72.546: [GC72.546: [DefNew: 15682K->15682K(18432K), 0.0000090 secs]72.546: [Tenured: 26489K->24351K(40960K), 0.0087560 secs] 42171K->24351K(59392K), [Perm : 6080K->6080K(21248K)], 0.0088140 secs] [Times: user=0.01 sys=0.00, real=0.01 secs] 
72.555: Total time for which application threads were stopped: 0.0097930 seconds, Stopping threads took: 0.0008960 seconds
72.559: Application time: 0.0041950 seconds
72.560: [GC72.560: [DefNew: 15683K->1425K(18432K), 0.0011660 secs] 40034K->27914K(59392K), 0.0011980 secs] [Times: user=0.00 sys=0.00, real=0.00 secs] 
72.561: Total time for which application threads were stopped: 0.0021720 seconds, Stopping threads took: 0.0009000 seconds
72.565: Application time: 0.0043610 seconds
72.566: [GC72.566: [DefNew: 17107K->17107K(18432K), 0.0000110 secs]72.566: [Tenured: 26489K->25064K(40960K), 0.0088140 secs] 43596K->25064K(59392K), [Perm : 6080K->6080K(21248K)], 0.0088760 secs] [Times: user=0.01 sys=0.00, real=0.01 secs] 
72.575: Total time for which application threads were stopped: 0.0098760 seconds, Stopping threads took: 0.0009150 seconds
72.579: Application time: 0.0040490 seconds
72.580: [GC72.580: [DefNew: 15689K->1426K(18432K), 0.0007840 secs] 40753K->27203K(59392K), 0.0008210 secs] [Times: user=0.00 sys=0.00, real=0.00 secs] 
72.581: Total time for which application threads were stopped: 0.0016660 seconds, Stopping threads took: 0.0007680 seconds
72.585: Application time: 0.0034850 seconds
72.585: [GC72.585: [DefNew: 17114K->1426K(18432K), 0.0011710 secs] 42892K->29341K(59392K), 0.0011970 secs] [Times: user=0.00 sys=0.00, real=0.01 secs] 
72.586: Total time for which application threads were stopped: 0.0013640 seconds, Stopping threads took: 0.0001100 seconds
72.589: Application time: 0.0035100 seconds
72.590: [GC72.590: [DefNew: 17111K->17111K(18432K), 0.0000090 secs]72.590: [Tenured: 27915K->25777K(40960K), 0.0080730 secs] 45027K->25777K(59392K), [Perm : 6080K->6080K(21248K)], 0.0081300 secs] [Times: user=0.01 sys=0.00, real=0.01 secs] 
72.598: Total time for which application threads were stopped: 0.0083040 seconds, Stopping threads took: 0.0001030 seconds
72.601: Application time: 0.0031880 seconds
72.601: [GC72.601: [DefNew: 15682K->1425K(18432K), 0.0011970 secs] 41459K->29339K(59392K), 0.0012300 secs] [Times: user=0.00 sys=0.00, real=0.00 secs] 
72.603: Total time for which application threads were stopped: 0.0017210 seconds, Stopping threads took: 0.0004270 seconds
72.606: Application time: 0.0035830 seconds
72.606: [GC72.606: [DefNew: 17107K->17107K(18432K), 0.0000100 secs]72.606: [Tenured: 27914K->23638K(40960K), 0.0089290 secs] 45022K->23638K(59392K), [Perm : 6080K->6080K(21248K)], 0.0089890 secs] [Times: user=0.01 sys=0.00, real=0.01 secs] 
72.615: Total time for which application threads were stopped: 0.0092520 seconds, Stopping threads took: 0.0001730 seconds
72.619: Application time: 0.0033400 seconds
72.619: [GC72.619: [DefNew: 15690K->1426K(18432K), 0.0018500 secs] 39328K->29339K(59392K), 0.0018880 secs] [Times: user=0.00 sys=0.00, real=0.00 secs] 
72.621: Total time for which application threads were stopped: 0.0020340 seconds, Stopping threads took: 0.0000740 seconds
72.693: Application time: 0.0720810 seconds
72.693: [GC72.693: [DefNew: 17684K->17684K(18432K), 0.0000090 secs]72.693: [Tenured: 27913K->22958K(40960K), 0.0085340 secs] 45597K->22958K(59392K), [Perm : 6080K->6080K(21248K)], 0.0085900 secs] [Times: user=0.01 sys=0.00, real=0.01 secs] 
72.702: Total time for which application threads were stopped: 0.0087630 seconds, Stopping threads took: 0.0001070 seconds
72.712: Application time: 0.0103240 seconds
72.712: [GC72.712: [DefNew: 15842K->1464K(18432K), 0.0019950 secs] 38800K->28697K(59392K), 0.0020330 secs] [Times: user=0.00 sys=0.00, real=0.01 secs] 
72.714: Total time for which application threads were stopped: 0.0021750 seconds, Stopping threads took: 0.0000740 seconds
72.720: Application time: 0.0057600 seconds
72.721: [GC72.721: [DefNew: 17204K->1426K(18432K), 0.0012960 secs] 44437K->30826K(59392K), 0.0013270 secs] [Times: user=0.00 sys=0.00, real=0.00 secs] 
72.722: Total time for which application threads were stopped: 0.0019000 seconds, Stopping threads took: 0.0004920 seconds
72.727: Application time: 0.0053290 seconds
72.728: [GC72.728: [DefNew: 17111K->17111K(18432K), 0.0000090 secs]72.728: [Tenured: 29400K->22926K(40960K), 0.0106110 secs] 46512K->22926K(59392K), [Perm : 6080K->6080K(21248K)], 0.0106690 secs] [Times: user=0.01 sys=0.00, real=0.01 secs] 
72.739: Total time for which application threads were stopped: 0.0116290 seconds, Stopping threads took: 0.0008710 seconds
72.742: Application time: 0.0036720 seconds
72.743: [GC72.743: [DefNew: 15679K->1425K(18432K), 0.0007220 secs] 38605K->25063K(59392K), 0.0007510 secs] [Times: user=0.00 sys=0.00, real=0.00 secs] 
72.744: Total time for which application threads were stopped: 0.0011280 seconds, Stopping threads took: 0.0003000 seconds
72.747: Application time: 0.0036550 seconds
72.748: [GC72.748: [DefNew: 17104K->1425K(18432K), 0.0004950 secs] 40743K->25063K(59392K), 0.0005230 secs] [Times: user=0.00 sys=0.00, real=0.00 secs] 
72.748: Total time for which application threads were stopped: 0.0011130 seconds, Stopping threads took: 0.0005150 seconds
72.752: Application time: 0.0036630 seconds
72.752: [GC72.752: [DefNew: 17110K->1425K(18432K), 0.0009520 secs] 40749K->26489K(59392K), 0.0009800 secs] [Times: user=0.00 sys=0.00, real=0.00 secs] 
72.753: Total time for which application threads were stopped: 0.0011200 seconds, Stopping threads took: 0.0000680 seconds
72.757: Application time: 0.0035500 seconds
72.757: [GC72.757: [DefNew: 17111K->1425K(18432K), 0.0005370 secs] 42175K->26490K(59392K), 0.0005660 secs] [Times: user=0.00 sys=0.00, real=0.00 secs] 
72.758: Total time for which application threads were stopped: 0.0010090 seconds, Stopping threads took: 0.0003760 seconds
72.762: Application time: 0.0038500 seconds
72.762: [GC72.762: [DefNew: 17107K->1425K(18432K), 0.0013630 secs] 42172K->29340K(59392K), 0.0013970 secs] [Times: user=0.00 sys=0.00, real=0.00 secs] 
72.763: Total time for which application threads were stopped: 0.0016040 seconds, Stopping threads took: 0.0001270 seconds
72.768: Application time: 0.0043240 seconds
72.768: [GC72.768: [DefNew: 17111K->1426K(18432K), 0.0013080 secs] 45027K->31479K(59392K), 0.0013400 secs] [Times: user=0.00 sys=0.00, real=0.00 secs] 
72.769: Total time for which application threads were stopped: 0.0016000 seconds, Stopping threads took: 0.0001790 seconds
72.774: Application time: 0.0044430 seconds
72.774: [GC72.774: [DefNew: 17109K->1425K(18432K), 0.0006690 secs] 47162K->32192K(59392K), 0.0006980 secs] [Times: user=0.00 sys=0.00, real=0.00 secs] 
72.775: Total time for which application threads were stopped: 0.0015200 seconds, Stopping threads took: 0.0007650 seconds
72.779: Application time: 0.0042260 seconds
72.780: [GC72.780: [DefNew: 17109K->1425K(18432K), 0.0016070 secs] 47876K->35042K(59392K), 0.0016400 secs] [Times: user=0.01 sys=0.00, real=0.00 secs] 
72.781: Total time for which application threads were stopped: 0.0019270 seconds, Stopping threads took: 0.0002220 seconds
72.785: Application time: 0.0033010 seconds
72.785: [GC72.785: [DefNew: 17113K->17113K(18432K), 0.0000100 secs]72.785: [Tenured: 33617K->23639K(40960K), 0.0090760 secs] 50731K->23639K(59392K), [Perm : 6080K->6080K(21248K)], 0.0091340 secs] [Times: user=0.01 sys=0.00, real=0.02 secs] 
72.794: Total time for which application threads were stopped: 0.0094670 seconds, Stopping threads took: 0.0002610 seconds
72.797: Application time: 0.0031690 seconds
72.797: [GC72.797: [DefNew: 15681K->1425K(18432K), 0.0009420 secs] 39321K->26489K(59392K), 0.0009690 secs] [Times: user=0.00 sys=0.00, real=0.00 secs] 
72.798: Total time for which application threads were stopped: 0.0011290 seconds, Stopping threads took: 0.0001020 seconds
72.802: Application time: 0.0033710 seconds
72.802: [GC72.802: [DefNew: 17114K->1426K(18432K), 0.0015390 secs] 42179K->29340K(59392K), 0.0015740 secs] [Times: user=0.00 sys=0.00, real=0.00 secs] 
72.803: Total time for which application threads were stopped: 0.0017490 seconds, Stopping threads took: 0.0001120 seconds
72.807: Application time: 0.0034110 seconds
72.809: [GC72.809: [DefNew: 17107K->1425K(18432K), 0.0009420 secs] 45022K->30765K(59392K), 0.0009740 secs] [Times: user=0.00 sys=0.00, real=0.00 secs] 
72.810: Total time for which application threads were stopped: 0.0028930 seconds, Stopping threads took: 0.0018490 seconds
72.814: Application time: 0.0039590 seconds
72.814: [GC72.814: [DefNew: 17114K->1426K(18432K), 0.0010430 secs] 46454K->32191K(59392K), 0.0010730 secs] [Times: user=0.00 sys=0.00, real=0.00 secs] 
72.815: Total time for which application threads were stopped: 0.0012340 seconds, Stopping threads took: 0.0001040 seconds
72.828: Application time: 0.0126080 seconds
72.828: [GC72.828: [DefNew: 17151K->1455K(18432K), 0.0025460 secs] 47917K->39347K(59392K), 0.0025860 secs] [Times: user=0.00 sys=0.00, real=0.00 secs] 
72.830: Total time for which application threads were stopped: 0.0027320 seconds, Stopping threads took: 0.0000800 seconds
72.839: Application time: 0.0089180 seconds
72.839: [GC72.839: [DefNew: 17132K->17132K(18432K), 0.0000100 secs]72.839: [Tenured: 37891K->23668K(40960K), 0.0092010 secs] 55024K->23668K(59392K), [Perm : 6080K->6080K(21248K)], 0.0092670 secs] [Times: user=0.01 sys=0.00, real=0.01 secs] 
72.849: Total time for which application threads were stopped: 0.0094310 seconds, Stopping threads took: 0.0000920 seconds
72.855: Application time: 0.0065040 seconds
72.855: [GC72.855: [DefNew: 15683K->1425K(18432K), 0.0005970 secs] 39351K->25094K(59392K), 0.0006240 secs] [Times: user=0.00 sys=0.00, real=0.00 secs] 
72.856: Total time for which application threads were stopped: 0.0008010 seconds, Stopping threads took: 0.0001120 seconds
72.860: Application time: 0.0040260 seconds
72.860: [GC72.860: [DefNew: 17103K->1425K(18432K), 0.0007910 secs] 40771K->25806K(59392K), 0.0008170 secs] [Times: user=0.00 sys=0.00, real=0.00 secs] 
72.861: Total time for which application threads were stopped: 0.0009900 seconds, Stopping threads took: 0.0001160 seconds
72.869: Application time: 0.0081400 seconds
72.869: [GC72.869: [DefNew: 17111K->1426K(18432K), 0.0006340 secs] 41492K->25807K(59392K), 0.0006600 secs] [Times: user=0.00 sys=0.00, real=0.00 secs] 
72.870: Total time for which application threads were stopped: 0.0008010 seconds, Stopping threads took: 0.0000850 seconds
72.877: Application time: 0.0066860 seconds
72.877: [GC72.877: [DefNew: 17107K->1425K(18432K), 0.0012800 secs] 41489K->27945K(59392K), 0.0013120 secs] [Times: user=0.00 sys=0.00, real=0.00 secs] 
72.878: Total time for which application threads were stopped: 0.0014870 seconds, Stopping threads took: 0.0001150 seconds
72.884: Application time: 0.0055360 seconds
72.884: [GC72.884: [DefNew: 17113K->1425K(18432K), 0.0017560 secs] 43634K->31509K(59392K), 0.0017910 secs] [Times: user=0.00 sys=0.00, real=0.01 secs] 
72.886: Total time for which application threads were stopped: 0.0019380 seconds, Stopping threads took: 0.0000850 seconds
72.889: Application time: 0.0034940 seconds
72.889: [GC72.889: [DefNew: 17105K->712K(18432K), 0.0009260 secs] 47189K->32221K(59392K), 0.0009530 secs] [Times: user=0.00 sys=0.00, real=0.00 secs] 
72.890: Total time for which application threads were stopped: 0.0010920 seconds, Stopping threads took: 0.0000820 seconds
72.896: Application time: 0.0055520 seconds
72.896: [GC72.896: [DefNew: 16399K->1426K(18432K), 0.0004900 secs] 47908K->32935K(59392K), 0.0005170 secs] [Times: user=0.00 sys=0.00, real=0.00 secs] 
72.896: Total time for which application threads were stopped: 0.0006410 seconds, Stopping threads took: 0.0000670 seconds
72.970: Application time: 0.0735410 seconds
72.970: [GC72.970: [DefNew (promotion failed) : 17117K->17116K(18432K), 0.0030710 secs]72.973: [Tenured: 40772K->25093K(40960K), 0.0091820 secs] 48626K->25093K(59392K), [Perm : 6080K->6080K(21248K)], 0.0123110 secs] [Times: user=0.01 sys=0.00, real=0.01 secs] 
72.982: Total time for which application threads were stopped: 0.0124430 seconds, Stopping threads took: 0.0000660 seconds
73.041: Application time: 0.0587450 seconds
73.041: [GC73.041: [DefNew: 15691K->1425K(18432K), 0.0043250 secs] 40785K->40768K(59392K), 0.0043640 secs] [Times: user=0.01 sys=0.00, real=0.01 secs] 
73.046: Total time for which application threads were stopped: 0.0044910 seconds, Stopping threads took: 0.0000620 seconds
73.119: Application time: 0.0730160 seconds
73.119: [GC73.119: [DefNew: 17116K->17116K(18432K), 0.0000090 secs]73.119: [Tenured: 39343K->24351K(40960K), 0.0099430 secs] 56460K->24351K(59392K), [Perm : 6080K->6080K(21248K)], 0.0099970 secs] [Times: user=0.01 sys=0.00, real=0.01 secs] 
73.129: Total time for which application threads were stopped: 0.0101210 seconds, Stopping threads took: 0.0000570 seconds
73.203: Application time: 0.0738760 seconds
73.203: [GC73.203: [DefNew: 15697K->1425K(18432K), 0.0041990 secs] 40049K->39315K(59392K), 0.0042380 secs] [Times: user=0.01 sys=0.00, real=0.01 secs] 
73.207: Total time for which application threads were stopped: 0.0043720 seconds, Stopping threads took: 0.0000670 seconds
73.248: Application time: 0.0410740 seconds
73.248: [GC73.248: [DefNew: 17123K->17123K(18432K), 0.0000100 secs]73.248: [Tenured: 37889K->24353K(40960K), 0.0098170 secs] 55013K->24353K(59392K), [Perm : 6080K->6080K(21248K)], 0.0098790 secs] [Times: user=0.01 sys=0.00, real=0.01 secs] 
73.258: Total time for which application threads were stopped: 0.0101600 seconds, Stopping threads took: 0.0002140 seconds
73.327: Application time: 0.0692460 seconds
73.328: [GC73.328: [DefNew: 15691K->1425K(18432K), 0.0045890 secs] 40044K->40028K(59392K), 0.0046320 secs] [Times: user=0.00 sys=0.00, real=0.00 secs] 
73.332: Total time for which application threads were stopped: 0.0048680 seconds, Stopping threads took: 0.0001680 seconds
73.406: Application time: 0.0737950 seconds
73.406: [GC73.406: [DefNew: 17122K->17122K(18432K), 0.0000100 secs]73.406: [Tenured: 38603K->25066K(40960K), 0.0107230 secs] 55726K->25066K(59392K), [Perm : 6080K->6080K(21248K)], 0.0107840 secs] [Times: user=0.01 sys=0.00, real=0.01 secs] 
73.417: Total time for which application threads were stopped: 0.0110140 seconds, Stopping threads took: 0.0001280 seconds
73.490: Application time: 0.0724500 seconds
73.490: [GC73.490: [DefNew: 15691K->1425K(18432K), 0.0039870 secs] 40758K->38604K(59392K), 0.0040270 secs] [Times: user=0.01 sys=0.00, real=0.01 secs] 
73.494: Total time for which application threads were stopped: 0.0042670 seconds, Stopping threads took: 0.0001510 seconds
73.566: Application time: 0.0725190 seconds
73.567: [GC73.567: [DefNew: 17114K->17114K(18432K), 0.0000100 secs]73.567: [Tenured: 37179K->26491K(40960K), 0.0093410 secs] 54293K->26491K(59392K), [Perm : 6080K->6080K(21248K)], 0.0093980 secs] [Times: user=0.00 sys=0.00, real=0.01 secs] 
73.576: Total time for which application threads were stopped: 0.0095280 seconds, Stopping threads took: 0.0000600 seconds
73.648: Application time: 0.0718270 seconds
73.648: [GC73.648: [DefNew: 15691K->15691K(18432K), 0.0000100 secs]73.648: [Tenured: 26491K->25776K(40960K), 0.0104410 secs] 42183K->25776K(59392K), [Perm : 6080K->6080K(21248K)], 0.0104980 secs] [Times: user=0.01 sys=0.00, real=0.01 secs] 
73.658: Total time for which application threads were stopped: 0.0106380 seconds, Stopping threads took: 0.0000680 seconds
73.731: Application time: 0.0721660 seconds
73.731: [GC73.731: [DefNew: 15704K->15704K(18432K), 0.0000110 secs]73.731: [Tenured: 25776K->26490K(40960K), 0.0089540 secs] 41480K->26490K(59392K), [Perm : 6080K->6080K(21248K)], 0.0090150 secs] [Times: user=0.01 sys=0.00, real=0.01 secs] 
73.740: Total time for which application threads were stopped: 0.0091420 seconds, Stopping threads took: 0.0000570 seconds
73.802: Application time: 0.0619520 seconds
73.802: [GC73.802: [DefNew: 15691K->15691K(18432K), 0.0000100 secs]73.802: [Tenured: 26490K->27915K(40960K), 0.0092980 secs] 42182K->27915K(59392K), [Perm : 6080K->6080K(21248K)], 0.0093560 secs] [Times: user=0.01 sys=0.00, real=0.01 secs] 
73.811: Total time for which application threads were stopped: 0.0094840 seconds, Stopping threads took: 0.0000560 seconds
73.889: Application time: 0.0777780 seconds
73.889: [GC73.889: [DefNew: 15710K->15710K(18432K), 0.0000090 secs]73.889: [Tenured: 27915K->27205K(40960K), 0.0087380 secs] 43626K->27205K(59392K), [Perm : 6080K->6080K(21248K)], 0.0087910 secs] [Times: user=0.01 sys=0.00, real=0.01 secs] 
73.898: Total time for which application threads were stopped: 0.0090260 seconds, Stopping threads took: 0.0001510 seconds
73.964: Application time: 0.0660410 seconds
73.964: [GC73.964: [DefNew: 15691K->15691K(18432K), 0.0000090 secs]73.964: [Tenured: 27205K->29339K(40960K), 0.0104720 secs] 42897K->29339K(59392K), [Perm : 6080K->6080K(21248K)], 0.0105280 secs] [Times: user=0.01 sys=0.00, real=0.02 secs] 
73.975: Total time for which application threads were stopped: 0.0106590 seconds, Stopping threads took: 0.0000540 seconds
74.019: Application time: 0.0439540 seconds
74.019: [GC74.019: [DefNew: 15691K->15691K(18432K), 0.0000100 secs]74.019: [Tenured: 29339K->30051K(40960K), 0.0107750 secs] 45030K->30051K(59392K), [Perm : 6080K->6080K(21248K)], 0.0108340 secs] [Times: user=0.01 sys=0.00, real=0.01 secs] 
74.030: Total time for which application threads were stopped: 0.0111700 seconds, Stopping threads took: 0.0002580 seconds
74.101: Application time: 0.0714000 seconds
74.101: [GC74.101: [DefNew: 15691K->15691K(18432K), 0.0000100 secs]74.101: [Tenured: 30051K->29339K(40960K), 0.0106300 secs] 45743K->29339K(59392K), [Perm : 6080K->6080K(21248K)], 0.0106920 secs] [Times: user=0.01 sys=0.00, real=0.01 secs] 
74.112: Total time for which application threads were stopped: 0.0108730 seconds, Stopping threads took: 0.0001120 seconds
74.178: Application time: 0.0660590 seconds
74.178: [GC74.178: [DefNew: 15691K->15691K(18432K), 0.0000100 secs]74.178: [Tenured: 29339K->28626K(40960K), 0.0097210 secs] 45030K->28626K(59392K), [Perm : 6080K->6080K(21248K)], 0.0097800 secs] [Times: user=0.01 sys=0.00, real=0.01 secs] 
74.188: Total time for which application threads were stopped: 0.0099140 seconds, Stopping threads took: 0.0000620 seconds
74.263: Application time: 0.0745030 seconds
74.263: [GC74.263: [DefNew: 15706K->15706K(18432K), 0.0000110 secs]74.263: [Tenured: 28626K->27201K(40960K), 0.0123830 secs] 44333K->27201K(59392K), [Perm : 6080K->6080K(21248K)], 0.0124440 secs] [Times: user=0.01 sys=0.00, real=0.02 secs] 
74.275: Total time for which application threads were stopped: 0.0127070 seconds, Stopping threads took: 0.0001730 seconds
74.338: Application time: 0.0629440 seconds
74.338: [GC74.338: [DefNew: 15689K->15689K(18432K), 0.0000100 secs]74.338: [Tenured: 27201K->28626K(40960K), 0.0094790 secs] 42891K->28626K(59392K), [Perm : 6080K->6080K(21248K)], 0.0095370 secs] [Times: user=0.01 sys=0.00, real=0.01 secs] 
74.348: Total time for which application threads were stopped: 0.0096790 seconds, Stopping threads took: 0.0000720 seconds
74.418: Application time: 0.0696770 seconds
74.418: [GC74.418: [DefNew: 15698K->15698K(18432K), 0.0000090 secs]74.418: [Tenured: 28626K->27915K(40960K), 0.0098020 secs] 44325K->27915K(59392K), [Perm : 6080K->6080K(21248K)], 0.0098540 secs] [Times: user=0.01 sys=0.00, real=0.01 secs] 
74.428: Total time for which application threads were stopped: 0.0101830 seconds, Stopping threads took: 0.0002620 seconds
74.480: Application time: 0.0522850 seconds
74.480: [GC74.480: [DefNew: 15689K->15689K(18432K), 0.0000100 secs]74.480: [Tenured: 27915K->29340K(40960K), 0.0093080 secs] 43604K->29340K(59392K), [Perm : 6080K->6080K(21248K)], 0.0093660 secs] [Times: user=0.01 sys=0.00, real=0.01 secs] 
74.490: Total time for which application threads were stopped: 0.0095080 seconds, Stopping threads took: 0.0000590 seconds
74.537: Application time: 0.0470480 seconds
74.537: [GC74.537: [DefNew: 15689K->15689K(18432K), 0.0000110 secs]74.537: [Tenured: 29340K->27201K(40960K), 0.0115530 secs] 45030K->27201K(59392K), [Perm : 6080K->6080K(21248K)], 0.0116130 secs] [Times: user=0.01 sys=0.00, real=0.01 secs] 
74.548: Total time for which application threads were stopped: 0.0117570 seconds, Stopping threads took: 0.0000730 seconds
74.615: Application time: 0.0668170 seconds
74.615: [GC74.615: [DefNew: 15691K->15691K(18432K), 0.0000110 secs]74.615: [Tenured: 27201K->26489K(40960K), 0.0098450 secs] 42893K->26489K(59392K), [Perm : 6080K->6080K(21248K)], 0.0099070 secs] [Times: user=0.01 sys=0.00, real=0.00 secs] 
74.625: Total time for which application threads were stopped: 0.0101200 seconds, Stopping threads took: 0.0001240 seconds
74.691: Application time: 0.0657190 seconds
74.691: [GC74.691: [DefNew: 15698K->15698K(18432K), 0.0000100 secs]74.691: [Tenured: 26489K->27202K(40960K), 0.0097300 secs] 42187K->27202K(59392K), [Perm : 6080K->6080K(21248K)], 0.0097890 secs] [Times: user=0.01 sys=0.00, real=0.01 secs] 
74.701: Total time for which application threads were stopped: 0.0099190 seconds, Stopping threads took: 0.0000590 seconds
74.764: Application time: 0.0632230 seconds
74.764: [GC74.764: [DefNew: 15696K->15696K(18432K), 0.0000090 secs]74.764: [Tenured: 27202K->26489K(40960K), 0.0098790 secs] 42899K->26489K(59392K), [Perm : 6080K->6080K(21248K)], 0.0099360 secs] [Times: user=0.01 sys=0.00, real=0.02 secs] 
74.774: Total time for which application threads were stopped: 0.0100850 seconds, Stopping threads took: 0.0000750 seconds
74.826: Application time: 0.0513980 seconds
74.826: [GC74.826: [DefNew: 15690K->1425K(18432K), 0.0037240 secs] 42179K->39315K(59392K), 0.0037640 secs] [Times: user=0.00 sys=0.00, real=0.00 secs] 
74.830: Total time for which application threads were stopped: 0.0040160 seconds, Stopping threads took: 0.0001860 seconds
74.873: Application time: 0.0428850 seconds
74.873: [GC74.873: [DefNew: 17130K->17130K(18432K), 0.0000100 secs]74.873: [Tenured: 37890K->23639K(40960K), 0.0116810 secs] 55020K->23639K(59392K), [Perm : 6080K->6080K(21248K)], 0.0117400 secs] [Times: user=0.02 sys=0.00, real=0.01 secs] 
74.885: Total time for which application threads were stopped: 0.0119490 seconds, Stopping threads took: 0.0001390 seconds
74.944: Application time: 0.0590450 seconds
74.944: [GC74.944: [DefNew: 15696K->1426K(18432K), 0.0035450 secs] 39336K->35754K(59392K), 0.0035870 secs] [Times: user=0.00 sys=0.00, real=0.01 secs] 
74.947: Total time for which application threads were stopped: 0.0037190 seconds, Stopping threads took: 0.0000660 seconds
74.995: Application time: 0.0479940 seconds
74.995: [GC74.996: [DefNew: 17114K->17114K(18432K), 0.0000100 secs]74.996: [Tenured: 34327K->25778K(40960K), 0.0095450 secs] 51442K->25778K(59392K), [Perm : 6080K->6080K(21248K)], 0.0096050 secs] [Times: user=0.00 sys=0.00, real=0.00 secs] 
75.005: Total time for which application threads were stopped: 0.0098660 seconds, Stopping threads took: 0.0001730 seconds
75.047: Application time: 0.0422700 seconds
75.048: [GC75.048: [DefNew: 15688K->15688K(18432K), 0.0000110 secs]75.048: [Tenured: 25778K->25065K(40960K), 0.0105630 secs] 41466K->25065K(59392K), [Perm : 6080K->6080K(21248K)], 0.0106250 secs] [Times: user=0.01 sys=0.00, real=0.01 secs] 
75.058: Total time for which application threads were stopped: 0.0109080 seconds, Stopping threads took: 0.0001930 seconds
75.116: Application time: 0.0580780 seconds
75.117: [GC75.117: [DefNew: 15688K->1425K(18432K), 0.0035850 secs] 40754K->37179K(59392K), 0.0036290 secs] [Times: user=0.00 sys=0.00, real=0.00 secs] 
75.120: Total time for which application threads were stopped: 0.0038500 seconds, Stopping threads took: 0.0001430 seconds
75.184: Application time: 0.0633230 seconds
75.184: [GC75.184: [DefNew: 17113K->17113K(18432K), 0.0000100 secs]75.184: [Tenured: 35754K->25066K(40960K), 0.0097510 secs] 52867K->25066K(59392K), [Perm : 6080K->6080K(21248K)], 0.0098070 secs] [Times: user=0.01 sys=0.00, real=0.02 secs] 
75.193: Total time for which application threads were stopped: 0.0099300 seconds, Stopping threads took: 0.0000560 seconds
75.221: Application time: 0.0270740 seconds
75.221: [GC75.221: [DefNew: 15697K->1426K(18432K), 0.0036140 secs] 40763K->37180K(59392K), 0.0036550 secs] [Times: user=0.01 sys=0.00, real=0.00 secs] 
75.224: Total time for which application threads were stopped: 0.0038360 seconds, Stopping threads took: 0.0001120 seconds
75.293: Application time: 0.0683710 seconds
75.293: [GC75.293: [DefNew: 17123K->17123K(18432K), 0.0000100 secs]75.293: [Tenured: 35754K->23640K(40960K), 0.0108110 secs] 52878K->23640K(59392K), [Perm : 6080K->6080K(21248K)], 0.0108690 secs] [Times: user=0.01 sys=0.00, real=0.01 secs] 
75.304: Total time for which application threads were stopped: 0.0109990 seconds, Stopping threads took: 0.0000590 seconds
75.356: Application time: 0.0524480 seconds
75.356: [GC75.356: [DefNew: 15688K->1425K(18432K), 0.0035370 secs] 39329K->35754K(59392K), 0.0035790 secs] [Times: user=0.01 sys=0.00, real=0.00 secs] 
75.360: Total time for which application threads were stopped: 0.0037380 seconds, Stopping threads took: 0.0000900 seconds
75.415: Application time: 0.0549670 seconds
75.415: [GC75.415: [DefNew: 17114K->17114K(18432K), 0.0000090 secs]75.415: [Tenured: 34329K->26491K(40960K), 0.0091280 secs] 51443K->26491K(59392K), [Perm : 6080K->6080K(21248K)], 0.0091840 secs] [Times: user=0.01 sys=0.00, real=0.00 secs] 
75.424: Total time for which application threads were stopped: 0.0093290 seconds, Stopping threads took: 0.0000680 seconds
75.465: Application time: 0.0409380 seconds
75.465: [GC75.465: [DefNew: 15697K->15697K(18432K), 0.0000090 secs]75.465: [Tenured: 26491K->27204K(40960K), 0.0091410 secs] 42188K->27204K(59392K), [Perm : 6080K->6080K(21248K)], 0.0092000 secs] [Times: user=0.01 sys=0.00, real=0.02 secs] 
75.475: Total time for which application threads were stopped: 0.0093610 seconds, Stopping threads took: 0.0000940 seconds
75.534: Application time: 0.0597140 seconds
75.535: [GC75.535: [DefNew: 15688K->15688K(18432K), 0.0000100 secs]75.535: [Tenured: 27204K->27204K(40960K), 0.0102750 secs] 42893K->27204K(59392K), [Perm : 6080K->6080K(21248K)], 0.0103360 secs] [Times: user=0.01 sys=0.00, real=0.00 secs] 
75.545: Total time for which application threads were stopped: 0.0107140 seconds, Stopping threads took: 0.0002770 seconds
75.591: Application time: 0.0463000 seconds
75.591: [GC75.591: [DefNew: 15688K->15688K(18432K), 0.0000090 secs]75.591: [Tenured: 27204K->26491K(40960K), 0.0101700 secs] 42893K->26491K(59392K), [Perm : 6080K->6080K(21248K)], 0.0102260 secs] [Times: user=0.01 sys=0.00, real=0.01 secs] 
75.602: Total time for which application threads were stopped: 0.0103870 seconds, Stopping threads took: 0.0000850 seconds
75.651: Application time: 0.0489290 seconds
75.651: [GC75.651: [DefNew: 15689K->15689K(18432K), 0.0000110 secs]75.651: [Tenured: 26491K->25778K(40960K), 0.0098070 secs] 42180K->25778K(59392K), [Perm : 6080K->6080K(21248K)], 0.0098680 secs] [Times: user=0.01 sys=0.00, real=0.01 secs] 
75.661: Total time for which application threads were stopped: 0.0100020 seconds, Stopping threads took: 0.0000620 seconds
75.711: Application time: 0.0506660 seconds
75.711: [GC75.712: [DefNew: 15697K->15697K(18432K), 0.0000100 secs]75.712: [Tenured: 25778K->26492K(40960K), 0.0098670 secs] 41476K->26492K(59392K), [Perm : 6080K->6080K(21248K)], 0.0099280 secs] [Times: user=0.01 sys=0.00, real=0.01 secs] 
75.721: Total time for which application threads were stopped: 0.0101510 seconds, Stopping threads took: 0.0001300 seconds
75.784: Application time: 0.0625020 seconds
75.784: [GC75.784: [DefNew: 15697K->15697K(18432K), 0.0000090 secs]75.784: [Tenured: 26492K->26492K(40960K), 0.0091800 secs] 42189K->26492K(59392K), [Perm : 6080K->6080K(21248K)], 0.0092380 secs] [Times: user=0.01 sys=0.00, real=0.01 secs] 
75.793: Total time for which application threads were stopped: 0.0093690 seconds, Stopping threads took: 0.0000620 seconds
75.828: Application time: 0.0346770 seconds
75.828: [GC75.828: [DefNew: 15689K->15689K(18432K), 0.0000090 secs]75.828: [Tenured: 26492K->27916K(40960K), 0.0104040 secs] 42182K->27916K(59392K), [Perm : 6080K->6080K(21248K)], 0.0104600 secs] [Times: user=0.01 sys=0.00, real=0.01 secs] 
75.839: Total time for which application threads were stopped: 0.0106020 seconds, Stopping threads took: 0.0000730 seconds
75.901: Application time: 0.0619880 seconds
75.901: [GC75.901: [DefNew: 15697K->15697K(18432K), 0.0000100 secs]75.901: [Tenured: 27916K->27204K(40960K), 0.0096440 secs] 43613K->27204K(59392K), [Perm : 6080K->6080K(21248K)], 0.0097030 secs] [Times: user=0.01 sys=0.00, real=0.01 secs] 
75.910: Total time for which application threads were stopped: 0.0098450 seconds, Stopping threads took: 0.0000710 seconds
75.959: Application time: 0.0481320 seconds
75.959: [GC75.959: [DefNew: 15705K->15705K(18432K), 0.0000100 secs]75.959: [Tenured: 27204K->27918K(40960K), 0.0099080 secs] 42910K->27918K(59392K), [Perm : 6080K->6080K(21248K)], 0.0099660 secs] [Times: user=0.01 sys=0.00, real=0.01 secs] 
75.969: Total time for which application threads were stopped: 0.0100990 seconds, Stopping threads took: 0.0000590 seconds
76.030: Application time: 0.0615460 seconds
76.030: [GC76.030: [DefNew: 15688K->15688K(18432K), 0.0000100 secs]76.030: [Tenured: 27918K->29343K(40960K), 0.0100980 secs] 43607K->29343K(59392K), [Perm : 6080K->6080K(21248K)], 0.0101570 secs] [Times: user=0.01 sys=0.00, real=0.01 secs] 
76.041: Total time for which application threads were stopped: 0.0103040 seconds, Stopping threads took: 0.0000760 seconds
76.075: Application time: 0.0343470 seconds
76.075: [GC76.075: [DefNew: 15688K->15688K(18432K), 0.0000100 secs]76.075: [Tenured: 29343K->30053K(40960K), 0.0112090 secs] 45032K->30053K(59392K), [Perm : 6080K->6080K(21248K)], 0.0112800 secs] [Times: user=0.01 sys=0.00, real=0.01 secs] 
76.086: Total time for which application threads were stopped: 0.0115580 seconds, Stopping threads took: 0.0001990 seconds
76.154: Application time: 0.0670850 seconds
76.154: [GC76.154: [DefNew: 15688K->15688K(18432K), 0.0000100 secs]76.154: [Tenured: 30053K->29341K(40960K), 0.0102280 secs] 45742K->29341K(59392K), [Perm : 6080K->6080K(21248K)], 0.0102750 secs] [Times: user=0.01 sys=0.00, real=0.00 secs] 
76.164: Total time for which application threads were stopped: 0.0105730 seconds, Stopping threads took: 0.0002280 seconds
76.211: Application time: 0.0465930 seconds
76.211: [GC76.211: [DefNew: 15688K->15688K(18432K), 0.0000090 secs]76.211: [Tenured: 29341K->30053K(40960K), 0.0102860 secs] 45029K->30053K(59392K), [Perm : 6080K->6080K(21248K)], 0.0103460 secs] [Times: user=0.01 sys=0.00, real=0.01 secs] 
76.221: Total time for which application threads were stopped: 0.0105940 seconds, Stopping threads took: 0.0001770 seconds
76.269: Application time: 0.0479770 seconds
76.269: [GC76.269: [DefNew: 15688K->15688K(18432K), 0.0000110 secs]76.269: [Tenured: 30053K->29341K(40960K), 0.0096590 secs] 45742K->29341K(59392K), [Perm : 6080K->6080K(21248K)], 0.0097270 secs] [Times: user=0.01 sys=0.00, real=0.01 secs] 
76.279: Total time for which application threads were stopped: 0.0098960 seconds, Stopping threads took: 0.0000980 seconds
76.331: Application time: 0.0519210 seconds
76.331: [GC76.331: [DefNew: 15688K->15688K(18432K), 0.0000100 secs]76.331: [Tenured: 29341K->30053K(40960K), 0.0091550 secs] 45029K->30053K(59392K), [Perm : 6080K->6080K(21248K)], 0.0092110 secs] [Times: user=0.01 sys=0.00, real=0.01 secs] 
76.340: Total time for which application threads were stopped: 0.0093500 seconds, Stopping threads took: 0.0000690 seconds
76.380: Application time: 0.0396220 seconds
76.380: [GC76.380: [DefNew: 15716K->15716K(18432K), 0.0000100 secs]76.380: [Tenured: 30053K->30082K(40960K), 0.0092650 secs] 45769K->30082K(59392K), [Perm : 6080K->6080K(21248K)], 0.0093220 secs] [Times: user=0.01 sys=0.00, real=0.01 secs] 
76.390: Total time for which application threads were stopped: 0.0094960 seconds, Stopping threads took: 0.0000950 seconds
76.397: Application time: 0.0072030 seconds
76.398: [GC76.398: [DefNew: 16123K->16123K(18432K), 0.0000090 secs]76.398: [Tenured: 30082K->25129K(40960K), 0.0090490 secs] 46206K->25129K(59392K), [Perm : 6080K->6080K(21248K)], 0.0091060 secs] [Times: user=0.01 sys=0.00, real=0.01 secs] 
76.407: Total time for which application threads were stopped: 0.0101950 seconds, Stopping threads took: 0.0010090 seconds
76.412: Application time: 0.0050630 seconds
76.412: [GC76.412: [DefNew: 15856K->15856K(18432K), 0.0000100 secs]76.412: [Tenured: 25129K->27266K(40960K), 0.0083660 secs] 40985K->27266K(59392K), [Perm : 6080K->6080K(21248K)], 0.0084260 secs] [Times: user=0.01 sys=0.00, real=0.01 secs] 
76.421: Total time for which application threads were stopped: 0.0085870 seconds, Stopping threads took: 0.0000890 seconds
76.425: Application time: 0.0041460 seconds
76.425: [GC76.425: [DefNew: 15806K->15806K(18432K), 0.0000100 secs]76.425: [Tenured: 27266K->25777K(40960K), 0.0109540 secs] 43073K->25777K(59392K), [Perm : 6080K->6080K(21248K)], 0.0110170 secs] [Times: user=0.01 sys=0.00, real=0.02 secs] 
76.436: Total time for which application threads were stopped: 0.0112490 seconds, Stopping threads took: 0.0001470 seconds
76.441: Application time: 0.0053220 seconds
76.442: [GC76.442: [DefNew: 15696K->15696K(18432K), 0.0000110 secs]76.442: [Tenured: 25777K->25777K(40960K), 0.0092720 secs] 41473K->25777K(59392K), [Perm : 6080K->6080K(21248K)], 0.0093310 secs] [Times: user=0.01 sys=0.00, real=0.01 secs] 
76.451: Total time for which application threads were stopped: 0.0096530 seconds, Stopping threads took: 0.0002500 seconds
76.456: Application time: 0.0045780 seconds
76.456: [GC76.456: [DefNew: 15681K->15681K(18432K), 0.0000110 secs]76.456: [Tenured: 25777K->27203K(40960K), 0.0081240 secs] 41459K->27203K(59392K), [Perm : 6080K->6080K(21248K)], 0.0081900 secs] [Times: user=0.00 sys=0.00, real=0.00 secs] 
76.464: Total time for which application threads were stopped: 0.0084910 seconds, Stopping threads took: 0.0002120 seconds
76.470: Application time: 0.0054350 seconds
76.470: [GC76.470: [DefNew: 15680K->15680K(18432K), 0.0000100 secs]76.470: [Tenured: 27203K->26490K(40960K), 0.0073190 secs] 42883K->26490K(59392K), [Perm : 6080K->6080K(21248K)], 0.0073740 secs] [Times: user=0.01 sys=0.00, real=0.01 secs] 
76.478: Total time for which application threads were stopped: 0.0083200 seconds, Stopping threads took: 0.0008590 seconds
76.483: Application time: 0.0050710 seconds
76.484: [GC76.484: [DefNew: 15688K->15688K(18432K), 0.0000100 secs]76.484: [Tenured: 26490K->27203K(40960K), 0.0094020 secs] 42179K->27203K(59392K), [Perm : 6080K->6080K(21248K)], 0.0094670 secs] [Times: user=0.01 sys=0.00, real=0.01 secs] 
76.493: Total time for which application threads were stopped: 0.0105280 seconds, Stopping threads took: 0.0009390 seconds
76.498: Application time: 0.0041830 seconds
76.498: [GC76.498: [DefNew: 15680K->15680K(18432K), 0.0000100 secs]76.498: [Tenured: 27203K->28628K(40960K), 0.0074620 secs] 42883K->28628K(59392K), [Perm : 6080K->6080K(21248K)], 0.0075160 secs] [Times: user=0.01 sys=0.00, real=0.00 secs] 
76.505: Total time for which application threads were stopped: 0.0077290 seconds, Stopping threads took: 0.0001440 seconds
76.509: Application time: 0.0036270 seconds
76.509: [GC76.509: [DefNew: 15689K->15689K(18432K), 0.0000110 secs]76.509: [Tenured: 28628K->27915K(40960K), 0.0098820 secs] 44317K->27915K(59392K), [Perm : 6080K->6080K(21248K)], 0.0099440 secs] [Times: user=0.01 sys=0.00, real=0.01 secs] 
76.519: Total time for which application threads were stopped: 0.0102900 seconds, Stopping threads took: 0.0002510 seconds
76.523: Application time: 0.0039360 seconds
76.524: [GC76.524: [DefNew: 15682K->15682K(18432K), 0.0000100 secs]76.524: [Tenured: 27915K->27202K(40960K), 0.0094210 secs] 43598K->27202K(59392K), [Perm : 6080K->6080K(21248K)], 0.0094900 secs] [Times: user=0.00 sys=0.00, real=0.02 secs] 
76.533: Total time for which application threads were stopped: 0.0102410 seconds, Stopping threads took: 0.0006650 seconds
76.537: Application time: 0.0039140 seconds
76.538: [GC76.538: [DefNew: 15687K->15687K(18432K), 0.0000100 secs]76.538: [Tenured: 27202K->28628K(40960K), 0.0102370 secs] 42890K->28628K(59392K), [Perm : 6080K->6080K(21248K)], 0.0103010 secs] [Times: user=0.01 sys=0.00, real=0.01 secs] 
76.548: Total time for which application threads were stopped: 0.0106200 seconds, Stopping threads took: 0.0002240 seconds
76.552: Application time: 0.0036190 seconds
76.552: [GC76.552: [DefNew: 15680K->15680K(18432K), 0.0000100 secs]76.552: [Tenured: 28628K->27915K(40960K), 0.0061890 secs] 44308K->27915K(59392K), [Perm : 6080K->6080K(21248K)], 0.0062470 secs] [Times: user=0.01 sys=0.00, real=0.01 secs] 
76.558: Total time for which application threads were stopped: 0.0063890 seconds, Stopping threads took: 0.0000710 seconds
76.563: Application time: 0.0049940 seconds
76.563: [GC76.563: [DefNew: 15688K->15688K(18432K), 0.0000100 secs]76.563: [Tenured: 27915K->27916K(40960K), 0.0064650 secs] 43604K->27916K(59392K), [Perm : 6080K->6080K(21248K)], 0.0065220 secs] [Times: user=0.00 sys=0.00, real=0.01 secs] 
76.570: Total time for which application threads were stopped: 0.0067410 seconds, Stopping threads took: 0.0001310 seconds
76.577: Application time: 0.0070250 seconds
76.577: [GC76.577: [DefNew: 15680K->15680K(18432K), 0.0000110 secs]76.577: [Tenured: 27916K->29342K(40960K), 0.0068470 secs] 43597K->29342K(59392K), [Perm : 6080K->6080K(21248K)], 0.0069010 secs] [Times: user=0.00 sys=0.00, real=0.00 secs] 
76.584: Total time for which application threads were stopped: 0.0070610 seconds, Stopping threads took: 0.0000780 seconds
76.589: Application time: 0.0049010 seconds
76.589: [GC76.589: [DefNew: 15686K->15686K(18432K), 0.0000110 secs]76.589: [Tenured: 29342K->27915K(40960K), 0.0085700 secs] 45029K->27915K(59392K), [Perm : 6080K->6080K(21248K)], 0.0086390 secs] [Times: user=0.01 sys=0.00, real=0.01 secs] 
76.598: Total time for which application threads were stopped: 0.0087920 seconds, Stopping threads took: 0.0000760 seconds
76.602: Application time: 0.0041510 seconds
76.602: [GC76.602: [DefNew: 15678K->15678K(18432K), 0.0000090 secs]76.602: [Tenured: 27915K->29340K(40960K), 0.0065980 secs] 43594K->29340K(59392K), [Perm : 6080K->6080K(21248K)], 0.0066490 secs] [Times: user=0.00 sys=0.00, real=0.01 secs] 
76.608: Total time for which application threads were stopped: 0.0067840 seconds, Stopping threads took: 0.0000670 seconds
76.633: Application time: 0.0245700 seconds
76.633: [GC76.633: [DefNew: 15724K->15724K(18432K), 0.0000090 secs]76.633: [Tenured: 29340K->26519K(40960K), 0.0088130 secs] 45065K->26519K(59392K), [Perm : 6080K->6080K(21248K)], 0.0088690 secs] [Times: user=0.01 sys=0.00, real=0.01 secs] 
76.642: Total time for which application threads were stopped: 0.0090320 seconds, Stopping threads took: 0.0000850 seconds
76.649: Application time: 0.0074140 seconds
76.651: [GC76.651: [DefNew: 15679K->15679K(18432K), 0.0000110 secs]76.651: [Tenured: 26519K->25807K(40960K), 0.0099100 secs] 42199K->25807K(59392K), [Perm : 6080K->6080K(21248K)], 0.0099740 secs] [Times: user=0.01 sys=0.00, real=0.01 secs] 
76.661: Total time for which application threads were stopped: 0.0111430 seconds, Stopping threads took: 0.0010740 seconds
76.668: Application time: 0.0072270 seconds
76.668: [GC76.668: [DefNew: 15685K->15685K(18432K), 0.0000110 secs]76.668: [Tenured: 25807K->25777K(40960K), 0.0109990 secs] 41492K->25777K(59392K), [Perm : 6080K->6080K(21248K)], 0.0110620 secs] [Times: user=0.01 sys=0.00, real=0.01 secs] 
76.679: Total time for which application threads were stopped: 0.0112870 seconds, Stopping threads took: 0.0001320 seconds
76.683: Application time: 0.0038340 seconds
76.683: [GC76.683: [DefNew: 15679K->15679K(18432K), 0.0000090 secs]76.683: [Tenured: 25777K->27915K(40960K), 0.0071800 secs] 41457K->27915K(59392K), [Perm : 6080K->6080K(21248K)], 0.0072390 secs] [Times: user=0.01 sys=0.00, real=0.01 secs] 
76.690: Total time for which application threads were stopped: 0.0074350 seconds, Stopping threads took: 0.0001250 seconds
76.697: Application time: 0.0065620 seconds
76.697: [GC76.697: [DefNew: 15687K->15687K(18432K), 0.0000090 secs]76.697: [Tenured: 27915K->25777K(40960K), 0.0099420 secs] 43603K->25777K(59392K), [Perm : 6080K->6080K(21248K)], 0.0100010 secs] [Times: user=0.01 sys=0.00, real=0.01 secs] 
76.707: Total time for which application threads were stopped: 0.0102240 seconds, Stopping threads took: 0.0001320 seconds
76.714: Application time: 0.0069720 seconds
76.714: [GC76.714: [DefNew: 15678K->15678K(18432K), 0.0000100 secs]76.714: [Tenured: 25777K->27203K(40960K), 0.0066100 secs] 41456K->27203K(59392K), [Perm : 6080K->6080K(21248K)], 0.0066620 secs] [Times: user=0.01 sys=0.00, real=0.00 secs] 
76.721: Total time for which application threads were stopped: 0.0068340 seconds, Stopping threads took: 0.0000950 seconds
76.728: Application time: 0.0064920 seconds
76.728: [GC76.728: [DefNew: 15681K->15681K(18432K), 0.0000090 secs]76.728: [Tenured: 27203K->26490K(40960K), 0.0086130 secs] 42884K->26490K(59392K), [Perm : 6080K->6080K(21248K)], 0.0086720 secs] [Times: user=0.01 sys=0.00, real=0.01 secs] 
76.736: Total time for which application threads were stopped: 0.0088590 seconds, Stopping threads took: 0.0001030 seconds
76.741: Application time: 0.0050780 seconds
76.742: [GC76.742: [DefNew: 15687K->15687K(18432K), 0.0000100 secs]76.742: [Tenured: 26490K->27916K(40960K), 0.0066110 secs] 42177K->27916K(59392K), [Perm : 6080K->6080K(21248K)], 0.0066630 secs] [Times: user=0.00 sys=0.00, real=0.01 secs] 
76.748: Total time for which application threads were stopped: 0.0068320 seconds, Stopping threads took: 0.0001020 seconds
76.752: Application time: 0.0038620 seconds
76.752: [GC76.752: [DefNew: 15678K->15678K(18432K), 0.0000090 secs]76.752: [Tenured: 27916K->28629K(40960K), 0.0058080 secs] 43595K->28629K(59392K), [Perm : 6080K->6080K(21248K)], 0.0058700 secs] [Times: user=0.00 sys=0.00, real=0.01 secs] 
76.758: Total time for which application threads were stopped: 0.0060120 seconds, Stopping threads took: 0.0000750 seconds
76.792: Application time: 0.0335290 seconds
76.792: [GC76.792: [DefNew: 15692K->15692K(18432K), 0.0000100 secs]76.792: [Tenured: 28629K->26490K(40960K), 0.0104490 secs] 44321K->26490K(59392K), [Perm : 6080K->6080K(21248K)], 0.0105090 secs] [Times: user=0.01 sys=0.00, real=0.01 secs] 
76.802: Total time for which application threads were stopped: 0.0106830 seconds, Stopping threads took: 0.0000840 seconds
76.849: Application time: 0.0468450 seconds
76.849: [GC76.849: [DefNew: 15689K->15689K(18432K), 0.0000100 secs]76.849: [Tenured: 26490K->27202K(40960K), 0.0099020 secs] 42180K->27202K(59392K), [Perm : 6080K->6080K(21248K)], 0.0099620 secs] [Times: user=0.01 sys=0.00, real=0.01 secs] 
76.859: Total time for which application threads were stopped: 0.0101090 seconds, Stopping threads took: 0.0000790 seconds
76.930: Application time: 0.0706860 seconds
76.930: [GC76.930: [DefNew: 15687K->15687K(18432K), 0.0000110 secs]76.930: [Tenured: 27202K->27202K(40960K), 0.0108820 secs] 42890K->27202K(59392K), [Perm : 6080K->6080K(21248K)], 0.0109400 secs] [Times: user=0.01 sys=0.00, real=0.01 secs] 
76.941: Total time for which application threads were stopped: 0.0111180 seconds, Stopping threads took: 0.0001070 seconds
76.972: Application time: 0.0305730 seconds
76.972: [GC76.972: [DefNew: 15718K->15718K(18432K), 0.0000090 secs]76.972: [Tenured: 27202K->28656K(40960K), 0.0095780 secs] 42920K->28656K(59392K), [Perm : 6080K->6080K(21248K)], 0.0096340 secs] [Times: user=0.01 sys=0.00, real=0.01 secs] 
76.982: Total time for which application threads were stopped: 0.0098000 seconds, Stopping threads took: 0.0000890 seconds
76.990: Application time: 0.0083410 seconds
76.991: [GC76.991: [DefNew: 15677K->15677K(18432K), 0.0000110 secs]76.991: [Tenured: 28656K->26519K(40960K), 0.0098830 secs] 44334K->26519K(59392K), [Perm : 6080K->6080K(21248K)], 0.0099480 secs] [Times: user=0.01 sys=0.00, real=0.01 secs] 
77.001: Total time for which application threads were stopped: 0.0108350 seconds, Stopping threads took: 0.0007930 seconds
77.007: Application time: 0.0059400 seconds
77.007: [GC77.007: [DefNew: 15685K->15685K(18432K), 0.0000090 secs]77.007: [Tenured: 26519K->27202K(40960K), 0.0102400 secs] 42205K->27202K(59392K), [Perm : 6080K->6080K(21248K)], 0.0103010 secs] [Times: user=0.01 sys=0.00, real=0.01 secs] 
77.017: Total time for which application threads were stopped: 0.0104770 seconds, Stopping threads took: 0.0000950 seconds
77.021: Application time: 0.0042850 seconds
77.022: [GC77.022: [DefNew: 16128K->16128K(18432K), 0.0000100 secs]77.022: [Tenured: 27202K->25813K(40960K), 0.0085930 secs] 43330K->25813K(59392K), [Perm : 6080K->6080K(21248K)], 0.0086520 secs] [Times: user=0.01 sys=0.00, real=0.01 secs] 
77.030: Total time for which application threads were stopped: 0.0087950 seconds, Stopping threads took: 0.0000700 seconds
77.038: Application time: 0.0078760 seconds
77.038: [GC77.038: [DefNew: 15965K->15965K(18432K), 0.0000100 secs]77.038: [Tenured: 25813K->25102K(40960K), 0.0082680 secs] 41779K->25102K(59392K), [Perm : 6080K->6080K(21248K)], 0.0083270 secs] [Times: user=0.01 sys=0.00, real=0.01 secs] 
77.047: Total time for which application threads were stopped: 0.0085240 seconds, Stopping threads took: 0.0001260 seconds
77.051: Application time: 0.0048230 seconds
77.052: [GC77.052: [DefNew: 15698K->1425K(18432K), 0.0017090 secs] 40801K->30091K(59392K), 0.0017450 secs] [Times: user=0.00 sys=0.00, real=0.01 secs] 
77.054: Total time for which application threads were stopped: 0.0020700 seconds, Stopping threads took: 0.0002430 seconds
77.059: Application time: 0.0050370 seconds
77.060: [GC77.060: [DefNew: 17106K->17106K(18432K), 0.0000100 secs]77.060: [Tenured: 28665K->25806K(40960K), 0.0087260 secs] 45772K->25806K(59392K), [Perm : 6080K->6080K(21248K)], 0.0087960 secs] [Times: user=0.01 sys=0.00, real=0.01 secs] 
77.068: Total time for which application threads were stopped: 0.0098620 seconds, Stopping threads took: 0.0009830 seconds
77.074: Application time: 0.0050780 seconds
77.074: [GC77.074: [DefNew: 15681K->15681K(18432K), 0.0000090 secs]77.074: [Tenured: 25806K->25065K(40960K), 0.0096980 secs] 41488K->25065K(59392K), [Perm : 6080K->6080K(21248K)], 0.0097540 secs] [Times: user=0.01 sys=0.00, real=0.00 secs] 
77.083: Total time for which application threads were stopped: 0.0098910 seconds, Stopping threads took: 0.0000670 seconds
77.087: Application time: 0.0038540 seconds
77.088: [GC77.088: [DefNew: 15691K->1425K(18432K), 0.0018630 secs] 40756K->30766K(59392K), 0.0018990 secs] [Times: user=0.00 sys=0.00, real=0.00 secs] 
77.089: Total time for which application threads were stopped: 0.0021670 seconds, Stopping threads took: 0.0001820 seconds
77.093: Application time: 0.0033570 seconds
77.093: [GC77.093: [DefNew: 17115K->17115K(18432K), 0.0000100 secs]77.093: [Tenured: 29340K->25777K(40960K), 0.0099440 secs] 46455K->25777K(59392K), [Perm : 6080K->6080K(21248K)], 0.0100070 secs] [Times: user=0.01 sys=0.00, real=0.01 secs] 
77.103: Total time for which application threads were stopped: 0.0102140 seconds, Stopping threads took: 0.0001350 seconds
77.107: Application time: 0.0036370 seconds
77.107: [GC77.107: [DefNew: 15682K->15682K(18432K), 0.0000100 secs]77.107: [Tenured: 25777K->26490K(40960K), 0.0106400 secs] 41459K->26490K(59392K), [Perm : 6080K->6080K(21248K)], 0.0107020 secs] [Times: user=0.01 sys=0.00, real=0.01 secs] 
77.118: Total time for which application threads were stopped: 0.0108870 seconds, Stopping threads took: 0.0000920 seconds
77.121: Application time: 0.0037880 seconds
77.122: [GC77.122: [DefNew: 15679K->15679K(18432K), 0.0000100 secs]77.122: [Tenured: 26490K->25777K(40960K), 0.0066560 secs] 42169K->25777K(59392K), [Perm : 6080K->6080K(21248K)], 0.0067110 secs] [Times: user=0.01 sys=0.00, real=0.01 secs] 
77.128: Total time for which application threads were stopped: 0.0071300 seconds, Stopping threads took: 0.0003410 seconds
77.135: Application time: 0.0061480 seconds
77.135: [GC77.135: [DefNew: 15696K->15696K(18432K), 0.0000100 secs]77.135: [Tenured: 25777K->25064K(40960K), 0.0085580 secs] 41473K->25064K(59392K), [Perm : 6080K->6080K(21248K)], 0.0086120 secs] [Times: user=0.01 sys=0.00, real=0.00 secs] 
77.143: Total time for which application threads were stopped: 0.0087470 seconds, Stopping threads took: 0.0000660 seconds
77.150: Application time: 0.0067380 seconds
77.150: [GC77.150: [DefNew: 15678K->1425K(18432K), 0.0005340 secs] 40743K->26490K(59392K), 0.0005610 secs] [Times: user=0.00 sys=0.00, real=0.00 secs] 
77.151: Total time for which application threads were stopped: 0.0007000 seconds, Stopping threads took: 0.0000820 seconds
77.158: Application time: 0.0069080 seconds
77.158: [GC77.158: [DefNew: 17107K->17107K(18432K), 0.0000100 secs]77.158: [Tenured: 25064K->25064K(40960K), 0.0095740 secs] 42171K->25064K(59392K), [Perm : 6080K->6080K(21248K)], 0.0096360 secs] [Times: user=0.01 sys=0.00, real=0.01 secs] 
77.168: Total time for which application threads were stopped: 0.0098160 seconds, Stopping threads took: 0.0000890 seconds
77.172: Application time: 0.0044150 seconds
77.172: [GC77.172: [DefNew: 15687K->1426K(18432K), 0.0008260 secs] 40752K->27203K(59392K), 0.0008550 secs] [Times: user=0.00 sys=0.00, real=0.00 secs] 
77.173: Total time for which application threads were stopped: 0.0010490 seconds, Stopping threads took: 0.0001360 seconds
77.177: Application time: 0.0040060 seconds
77.177: [GC77.177: [DefNew: 17107K->1425K(18432K), 0.0009350 secs] 42884K->28628K(59392K), 0.0009680 secs] [Times: user=0.00 sys=0.00, real=0.00 secs] 
77.178: Total time for which application threads were stopped: 0.0011560 seconds, Stopping threads took: 0.0001260 seconds
77.212: Application time: 0.0341640 seconds
77.212: [GC77.212: [DefNew: 17115K->17115K(18432K), 0.0000110 secs]77.212: [Tenured: 27203K->25064K(40960K), 0.0095000 secs] 44319K->25064K(59392K), [Perm : 6080K->6080K(21248K)], 0.0095680 secs] [Times: user=0.01 sys=0.00, real=0.01 secs] 
77.222: Total time for which application threads were stopped: 0.0097020 seconds, Stopping threads took: 0.0000640 seconds
77.264: Application time: 0.0418690 seconds
77.264: [GC77.264: [DefNew: 16159K->1490K(18432K), 0.0026850 secs] 41223K->33680K(59392K), 0.0027230 secs] [Times: user=0.00 sys=0.00, real=0.01 secs] 
77.267: Total time for which application threads were stopped: 0.0029610 seconds, Stopping threads took: 0.0001620 seconds
77.274: Application time: 0.0069600 seconds
77.274: [GC77.274: [DefNew: 17417K->17417K(18432K), 0.0000090 secs]77.274: [Tenured: 32189K->23705K(40960K), 0.0100800 secs] 49607K->23705K(59392K), [Perm : 6080K->6080K(21248K)], 0.0101380 secs] [Times: user=0.01 sys=0.00, real=0.00 secs] 
77.284: Total time for which application threads were stopped: 0.0104330 seconds, Stopping threads took: 0.0002060 seconds
77.290: Application time: 0.0055730 seconds
77.291: [GC77.291: [DefNew: 15745K->1426K(18432K), 0.0009250 secs] 39451K->26557K(59392K), 0.0009550 secs] [Times: user=0.00 sys=0.00, real=0.00 secs] 
77.292: Total time for which application threads were stopped: 0.0019150 seconds, Stopping threads took: 0.0009000 seconds
77.296: Application time: 0.0038350 seconds
77.296: [GC77.296: [DefNew: 17108K->1425K(18432K), 0.0014560 secs] 42238K->29407K(59392K), 0.0014920 secs] [Times: user=0.00 sys=0.00, real=0.00 secs] 
77.298: Total time for which application threads were stopped: 0.0020080 seconds, Stopping threads took: 0.0004410 seconds
77.301: Application time: 0.0034600 seconds
77.301: [GC77.301: [DefNew: 17104K->17104K(18432K), 0.0000100 secs]77.301: [Tenured: 27982K->24352K(40960K), 0.0109210 secs] 45086K->24352K(59392K), [Perm : 6080K->6080K(21248K)], 0.0109800 secs] [Times: user=0.01 sys=0.00, real=0.01 secs] 
77.312: Total time for which application threads were stopped: 0.0112410 seconds, Stopping threads took: 0.0001880 seconds
77.318: Application time: 0.0054100 seconds
77.318: [GC77.318: [DefNew: 15687K->1426K(18432K), 0.0007040 secs] 40039K->26490K(59392K), 0.0007310 secs] [Times: user=0.00 sys=0.00, real=0.00 secs] 
77.319: Total time for which application threads were stopped: 0.0008770 seconds, Stopping threads took: 0.0000930 seconds
77.323: Application time: 0.0041300 seconds
77.324: [GC77.324: [DefNew: 17112K->1425K(18432K), 0.0009890 secs] 42176K->27916K(59392K), 0.0010200 secs] [Times: user=0.00 sys=0.00, real=0.00 secs] 
77.325: Total time for which application threads were stopped: 0.0019940 seconds, Stopping threads took: 0.0009120 seconds
77.328: Application time: 0.0034620 seconds
77.329: [GC77.329: [DefNew: 17107K->1425K(18432K), 0.0009010 secs] 43598K->29341K(59392K), 0.0009330 secs] [Times: user=0.00 sys=0.00, real=0.00 secs] 
77.330: Total time for which application threads were stopped: 0.0016180 seconds, Stopping threads took: 0.0006070 seconds
77.333: Application time: 0.0035040 seconds
77.334: [GC77.334: [DefNew: 17107K->1425K(18432K), 0.0015010 secs] 45023K->32192K(59392K), 0.0015370 secs] [Times: user=0.00 sys=0.00, real=0.00 secs] 
77.336: Total time for which application threads were stopped: 0.0026010 seconds, Stopping threads took: 0.0009900 seconds
77.341: Application time: 0.0047010 seconds
77.341: [GC77.341: [DefNew: 17633K->1462K(18432K), 0.0010320 secs] 48399K->33654K(59392K), 0.0010610 secs] [Times: user=0.00 sys=0.00, real=0.00 secs] 
77.342: Total time for which application threads were stopped: 0.0012750 seconds, Stopping threads took: 0.0001540 seconds
77.345: Application time: 0.0034260 seconds
77.346: [GC77.346: [DefNew: 17263K->17263K(18432K), 0.0000090 secs]77.346: [Tenured: 32191K->21537K(40960K), 0.0094780 secs] 49454K->21537K(59392K), [Perm : 6080K->6080K(21248K)], 0.0095380 secs] [Times: user=0.01 sys=0.00, real=0.01 secs] 
77.356: Total time for which application threads were stopped: 0.0106630 seconds, Stopping threads took: 0.0010560 seconds
77.359: Application time: 0.0032760 seconds
77.360: [GC77.360: [DefNew: 15792K->1425K(18432K), 0.0005330 secs] 37329K->22962K(59392K), 0.0005690 secs] [Times: user=0.00 sys=0.00, real=0.00 secs] 
77.360: Total time for which application threads were stopped: 0.0010940 seconds, Stopping threads took: 0.0004580 seconds
77.364: Application time: 0.0035120 seconds
77.365: [GC77.365: [DefNew: 17114K->1426K(18432K), 0.0009800 secs] 38651K->24388K(59392K), 0.0010110 secs] [Times: user=0.00 sys=0.00, real=0.01 secs] 
77.366: Total time for which application threads were stopped: 0.0020110 seconds, Stopping threads took: 0.0009400 seconds
77.369: Application time: 0.0033150 seconds
77.370: [GC77.370: [DefNew: 17108K->1425K(18432K), 0.0009480 secs] 40071K->25813K(59392K), 0.0009800 secs] [Times: user=0.00 sys=0.00, real=0.00 secs] 
77.371: Total time for which application threads were stopped: 0.0020790 seconds, Stopping threads took: 0.0010200 seconds
77.375: Application time: 0.0035970 seconds
77.376: [GC77.376: [DefNew: 17107K->1425K(18432K), 0.0009030 secs] 41496K->27238K(59392K), 0.0009340 secs] [Times: user=0.00 sys=0.00, real=0.00 secs] 
77.377: Total time for which application threads were stopped: 0.0018480 seconds, Stopping threads took: 0.0008360 seconds
77.381: Application time: 0.0039000 seconds
77.381: [GC77.381: [DefNew: 17122K->1426K(18432K), 0.0014850 secs] 42936K->30803K(59392K), 0.0015200 secs] [Times: user=0.00 sys=0.00, real=0.00 secs] 
77.383: Total time for which application threads were stopped: 0.0019230 seconds, Stopping threads took: 0.0003380 seconds
77.386: Application time: 0.0032240 seconds
77.386: [GC77.386: [DefNew: 17108K->1425K(18432K), 0.0017830 secs] 46485K->34366K(59392K), 0.0018190 secs] [Times: user=0.00 sys=0.00, real=0.00 secs] 
77.388: Total time for which application threads were stopped: 0.0020210 seconds, Stopping threads took: 0.0001170 seconds
77.391: Application time: 0.0034460 seconds
77.392: [GC77.392: [DefNew: 17105K->1425K(18432K), 0.0007150 secs] 50046K->35078K(59392K), 0.0007440 secs] [Times: user=0.00 sys=0.00, real=0.00 secs] 
77.393: Total time for which application threads were stopped: 0.0017170 seconds, Stopping threads took: 0.0009040 seconds
77.396: Application time: 0.0032200 seconds
77.396: [GC77.396: [DefNew: 17111K->1425K(18432K), 0.0010800 secs] 50764K->36504K(59392K), 0.0011110 secs] [Times: user=0.00 sys=0.00, real=0.00 secs] 
77.398: Total time for which application threads were stopped: 0.0013620 seconds, Stopping threads took: 0.0001910 seconds
77.401: Application time: 0.0035760 seconds
77.402: [GC77.402: [DefNew: 17115K->17115K(18432K), 0.0000100 secs]77.402: [Tenured: 35078K->23669K(40960K), 0.0090150 secs] 52194K->23669K(59392K), [Perm : 6080K->6080K(21248K)], 0.0090740 secs] [Times: user=0.01 sys=0.00, real=0.01 secs] 
77.411: Total time for which application threads were stopped: 0.0094930 seconds, Stopping threads took: 0.0003380 seconds
77.418: Application time: 0.0069890 seconds
77.418: [GC77.418: [DefNew: 15685K->1426K(18432K), 0.0007380 secs] 39354K->25807K(59392K), 0.0007630 secs] [Times: user=0.00 sys=0.00, real=0.00 secs] 
77.419: Total time for which application threads were stopped: 0.0008880 seconds, Stopping threads took: 0.0000700 seconds
77.425: Application time: 0.0064700 seconds
77.425: [GC77.425: [DefNew: 17106K->1425K(18432K), 0.0013150 secs] 41488K->27945K(59392K), 0.0013500 secs] [Times: user=0.01 sys=0.00, real=0.01 secs] 
77.427: Total time for which application threads were stopped: 0.0014920 seconds, Stopping threads took: 0.0000760 seconds
77.433: Application time: 0.0067310 seconds
77.433: [GC77.433: [DefNew: 17111K->713K(18432K), 0.0006460 secs] 43631K->27946K(59392K), 0.0006730 secs] [Times: user=0.00 sys=0.00, real=0.01 secs] 
77.434: Total time for which application threads were stopped: 0.0008110 seconds, Stopping threads took: 0.0000810 seconds
77.438: Application time: 0.0038260 seconds
77.438: [GC77.438: [DefNew: 16394K->1426K(18432K), 0.0006200 secs] 43626K->28658K(59392K), 0.0006580 secs] [Times: user=0.00 sys=0.00, real=0.00 secs] 
77.439: Total time for which application threads were stopped: 0.0007810 seconds, Stopping threads took: 0.0000650 seconds
77.442: Application time: 0.0036820 seconds
77.443: [GC77.443: [DefNew: 17104K->712K(18432K), 0.0006750 secs] 44337K->28658K(59392K), 0.0007030 secs] [Times: user=0.00 sys=0.00, real=0.00 secs] 
77.443: Total time for which application threads were stopped: 0.0009070 seconds, Stopping threads took: 0.0001470 seconds
77.488: Application time: 0.0449650 seconds
77.488: [GC77.488: [DefNew: 16410K->1426K(18432K), 0.0037530 secs] 44356K->40772K(59392K), 0.0037900 secs] [Times: user=0.01 sys=0.00, real=0.00 secs] 
77.492: Total time for which application threads were stopped: 0.0039620 seconds, Stopping threads took: 0.0001060 seconds
77.566: Application time: 0.0737580 seconds
77.566: [GC77.566: [DefNew: 17117K->17117K(18432K), 0.0000100 secs]77.566: [Tenured: 39346K->25093K(40960K), 0.0094330 secs] 56464K->25093K(59392K), [Perm : 6080K->6080K(21248K)], 0.0094940 secs] [Times: user=0.00 sys=0.00, real=0.01 secs] 
77.576: Total time for which application threads were stopped: 0.0096520 seconds, Stopping threads took: 0.0000890 seconds
77.639: Application time: 0.0629660 seconds
77.639: [GC77.639: [DefNew: 15691K->1425K(18432K), 0.0043700 secs] 40785K->40769K(59392K), 0.0044050 secs] [Times: user=0.00 sys=0.00, real=0.00 secs] 
77.643: Total time for which application threads were stopped: 0.0045450 seconds, Stopping threads took: 0.0000620 seconds
77.716: Application time: 0.0733900 seconds
77.717: [GC77.717: [DefNew: 17116K->17116K(18432K), 0.0000100 secs]77.717: [Tenured: 39344K->23639K(40960K), 0.0097710 secs] 56460K->23639K(59392K), [Perm : 6080K->6080K(21248K)], 0.0098280 secs] [Times: user=0.01 sys=0.00, real=0.01 secs] 
77.726: Total time for which application threads were stopped: 0.0099560 seconds, Stopping threads took: 0.0000570 seconds
77.782: Application time: 0.0553430 seconds
77.782: [GC77.782: [DefNew: 15691K->1425K(18432K), 0.0044740 secs] 39331K->39314K(59392K), 0.0045140 secs] [Times: user=0.01 sys=0.00, real=0.01 secs] 
77.786: Total time for which application threads were stopped: 0.0046570 seconds, Stopping threads took: 0.0000750 seconds
77.854: Application time: 0.0676830 seconds
77.854: [GC77.854: [DefNew: 17129K->17129K(18432K), 0.0000090 secs]77.854: [Tenured: 37889K->24353K(40960K), 0.0091560 secs] 55019K->24353K(59392K), [Perm : 6080K->6080K(21248K)], 0.0092150 secs] [Times: user=0.01 sys=0.00, real=0.00 secs] 
77.864: Total time for which application threads were stopped: 0.0094200 seconds, Stopping threads took: 0.0001240 seconds
77.937: Application time: 0.0733740 seconds
77.937: [GC77.937: [DefNew: 15691K->1425K(18432K), 0.0042530 secs] 40045K->39316K(59392K), 0.0042950 secs] [Times: user=0.01 sys=0.00, real=0.00 secs] 
77.941: Total time for which application threads were stopped: 0.0044240 seconds, Stopping threads took: 0.0000600 seconds
78.011: Application time: 0.0694490 seconds
78.011: [GC78.011: [DefNew: 17122K->17122K(18432K), 0.0000090 secs]78.011: [Tenured: 37891K->25067K(40960K), 0.0096400 secs] 55014K->25067K(59392K), [Perm : 6080K->6080K(21248K)], 0.0097070 secs] [Times: user=0.01 sys=0.00, real=0.01 secs] 
78.021: Total time for which application threads were stopped: 0.0098810 seconds, Stopping threads took: 0.0001050 seconds
78.093: Application time: 0.0721390 seconds
78.093: [GC78.093: [DefNew: 15691K->1425K(18432K), 0.0044430 secs] 40758K->40742K(59392K), 0.0045010 secs] [Times: user=0.00 sys=0.01, real=0.01 secs] 
78.097: Total time for which application threads were stopped: 0.0046270 seconds, Stopping threads took: 0.0000590 seconds
78.171: Application time: 0.0737230 seconds
78.171: [GC78.171: [DefNew: 17116K->17116K(18432K), 0.0000100 secs]78.171: [Tenured: 39317K->25779K(40960K), 0.0091770 secs] 56434K->25779K(59392K), [Perm : 6080K->6080K(21248K)], 0.0092360 secs] [Times: user=0.01 sys=0.00, real=0.01 secs] 
78.181: Total time for which application threads were stopped: 0.0093740 seconds, Stopping threads took: 0.0000570 seconds
78.235: Application time: 0.0542360 seconds
78.235: [GC78.235: [DefNew: 15704K->15704K(18432K), 0.0000090 secs]78.235: [Tenured: 25779K->25777K(40960K), 0.0110140 secs] 41483K->25777K(59392K), [Perm : 6080K->6080K(21248K)], 0.0110750 secs] [Times: user=0.01 sys=0.00, real=0.01 secs] 
78.246: Total time for which application threads were stopped: 0.0112140 seconds, Stopping threads took: 0.0000680 seconds
78.310: Application time: 0.0641220 seconds
78.310: [GC78.310: [DefNew: 15691K->15691K(18432K), 0.0000110 secs]78.310: [Tenured: 25777K->27914K(40960K), 0.0110770 secs] 41468K->27914K(59392K), [Perm : 6080K->6080K(21248K)], 0.0111420 secs] [Times: user=0.01 sys=0.00, real=0.01 secs] 
78.321: Total time for which application threads were stopped: 0.0113460 seconds, Stopping threads took: 0.0001150 seconds
78.397: Application time: 0.0759880 seconds
78.398: [GC78.398: [DefNew: 15697K->15697K(18432K), 0.0000130 secs]78.398: [Tenured: 27914K->27203K(40960K), 0.0090440 secs] 43612K->27203K(59392K), [Perm : 6080K->6080K(21248K)], 0.0091090 secs] [Times: user=0.01 sys=0.00, real=0.01 secs] 
78.407: Total time for which application threads were stopped: 0.0092290 seconds, Stopping threads took: 0.0000530 seconds
78.476: Application time: 0.0689980 seconds
78.476: [GC78.476: [DefNew: 15704K->15704K(18432K), 0.0000100 secs]78.476: [Tenured: 27203K->27917K(40960K), 0.0098730 secs] 42907K->27917K(59392K), [Perm : 6080K->6080K(21248K)], 0.0099310 secs] [Times: user=0.01 sys=0.00, real=0.01 secs] 
78.486: Total time for which application threads were stopped: 0.0101090 seconds, Stopping threads took: 0.0001110 seconds
78.551: Application time: 0.0652630 seconds
78.551: [GC78.551: [DefNew: 15691K->15691K(18432K), 0.0000100 secs]78.551: [Tenured: 27917K->30052K(40960K), 0.0111870 secs] 43608K->30052K(59392K), [Perm : 6080K->6080K(21248K)], 0.0112490 secs] [Times: user=0.01 sys=0.00, real=0.01 secs] 
78.562: Total time for which application threads were stopped: 0.0113800 seconds, Stopping threads took: 0.0000590 seconds
78.636: Application time: 0.0736140 seconds
78.636: [GC78.636: [DefNew: 15691K->15691K(18432K), 0.0000100 secs]78.636: [Tenured: 30052K->29339K(40960K), 0.0097970 secs] 45743K->29339K(59392K), [Perm : 6080K->6080K(21248K)], 0.0098540 secs] [Times: user=0.01 sys=0.00, real=0.01 secs] 
78.646: Total time for which application threads were stopped: 0.0099820 seconds, Stopping threads took: 0.0000590 seconds
78.710: Application time: 0.0642650 seconds
78.710: [GC78.710: [DefNew: 15691K->15691K(18432K), 0.0000090 secs]78.710: [Tenured: 29339K->29339K(40960K), 0.0088900 secs] 45031K->29339K(59392K), [Perm : 6080K->6080K(21248K)], 0.0089510 secs] [Times: user=0.01 sys=0.00, real=0.01 secs] 
78.719: Total time for which application threads were stopped: 0.0090910 seconds, Stopping threads took: 0.0000600 seconds
78.777: Application time: 0.0571760 seconds
78.777: [GC78.777: [DefNew: 15691K->15691K(18432K), 0.0000100 secs]78.777: [Tenured: 29339K->30052K(40960K), 0.0108190 secs] 45031K->30052K(59392K), [Perm : 6080K->6080K(21248K)], 0.0108790 secs] [Times: user=0.01 sys=0.00, real=0.01 secs] 
78.788: Total time for which application threads were stopped: 0.0112350 seconds, Stopping threads took: 0.0002660 seconds
78.857: Application time: 0.0694870 seconds
78.857: [GC78.858: [DefNew: 15707K->15707K(18432K), 0.0000100 secs]78.858: [Tenured: 30052K->26489K(40960K), 0.0113800 secs] 45759K->26489K(59392K), [Perm : 6080K->6080K(21248K)], 0.0114400 secs] [Times: user=0.01 sys=0.00, real=0.01 secs] 
78.869: Total time for which application threads were stopped: 0.0116320 seconds, Stopping threads took: 0.0001110 seconds
78.942: Application time: 0.0732680 seconds
78.942: [GC78.942: [DefNew: 15691K->15691K(18432K), 0.0000090 secs]78.942: [Tenured: 26489K->27914K(40960K), 0.0091680 secs] 42181K->27914K(59392K), [Perm : 6080K->6080K(21248K)], 0.0092260 secs] [Times: user=0.01 sys=0.00, real=0.01 secs] 
78.952: Total time for which application threads were stopped: 0.0094100 seconds, Stopping threads took: 0.0001030 seconds
79.008: Application time: 0.0565250 seconds
79.008: [GC79.008: [DefNew: 15698K->15698K(18432K), 0.0000100 secs]79.008: [Tenured: 27914K->27915K(40960K), 0.0097460 secs] 43613K->27915K(59392K), [Perm : 6080K->6080K(21248K)], 0.0098140 secs] [Times: user=0.01 sys=0.00, real=0.01 secs] 
79.018: Total time for which application threads were stopped: 0.0099440 seconds, Stopping threads took: 0.0000600 seconds
79.075: Application time: 0.0572050 seconds
79.076: [GC79.076: [DefNew: 15689K->15689K(18432K), 0.0000100 secs]79.076: [Tenured: 27915K->28628K(40960K), 0.0091280 secs] 43605K->28628K(59392K), [Perm : 6080K->6080K(21248K)], 0.0091870 secs] [Times: user=0.01 sys=0.00, real=0.00 secs] 
79.085: Total time for which application threads were stopped: 0.0094660 seconds, Stopping threads took: 0.0001980 seconds
79.143: Application time: 0.0585060 seconds
79.143: [GC79.143: [DefNew: 15689K->15689K(18432K), 0.0000100 secs]79.143: [Tenured: 28628K->27914K(40960K), 0.0116330 secs] 44318K->27914K(59392K), [Perm : 6080K->6080K(21248K)], 0.0116930 secs] [Times: user=0.01 sys=0.00, real=0.02 secs] 
79.155: Total time for which application threads were stopped: 0.0118300 seconds, Stopping threads took: 0.0000650 seconds
79.211: Application time: 0.0555520 seconds
79.211: [GC79.211: [DefNew: 15689K->15689K(18432K), 0.0000100 secs]79.211: [Tenured: 27914K->26489K(40960K), 0.0096280 secs] 43604K->26489K(59392K), [Perm : 6080K->6080K(21248K)], 0.0096910 secs] [Times: user=0.01 sys=0.00, real=0.01 secs] 
79.221: Total time for which application threads were stopped: 0.0099140 seconds, Stopping threads took: 0.0001420 seconds
79.289: Application time: 0.0682450 seconds
79.289: [GC79.289: [DefNew: 15706K->15706K(18432K), 0.0000100 secs]79.289: [Tenured: 26489K->25777K(40960K), 0.0105700 secs] 42196K->25777K(59392K), [Perm : 6080K->6080K(21248K)], 0.0106310 secs] [Times: user=0.02 sys=0.00, real=0.01 secs] 
79.300: Total time for which application threads were stopped: 0.0108210 seconds, Stopping threads took: 0.0001110 seconds
79.344: Application time: 0.0440390 seconds
79.344: [GC79.344: [DefNew: 15689K->1425K(18432K), 0.0037910 secs] 41467K->38603K(59392K), 0.0038330 secs] [Times: user=0.00 sys=0.00, real=0.01 secs] 
79.348: Total time for which application threads were stopped: 0.0039620 seconds, Stopping threads took: 0.0000640 seconds
79.408: Application time: 0.0603810 seconds
79.408: [GC79.408: [DefNew: 17115K->17115K(18432K), 0.0000100 secs]79.408: [Tenured: 37178K->25064K(40960K), 0.0100050 secs] 54293K->25064K(59392K), [Perm : 6080K->6080K(21248K)], 0.0100600 secs] [Times: user=0.01 sys=0.00, real=0.01 secs] 
79.418: Total time for which application threads were stopped: 0.0101940 seconds, Stopping threads took: 0.0000680 seconds
79.464: Application time: 0.0455450 seconds
79.464: [GC79.464: [DefNew: 15713K->1428K(18432K), 0.0034430 secs] 40778K->37180K(59392K), 0.0034830 secs] [Times: user=0.00 sys=0.00, real=0.01 secs] 
79.467: Total time for which application threads were stopped: 0.0036240 seconds, Stopping threads took: 0.0000740 seconds
79.521: Application time: 0.0534360 seconds
79.521: [GC79.521: [DefNew: 17116K->17116K(18432K), 0.0000110 secs]79.521: [Tenured: 35752K->22927K(40960K), 0.0108050 secs] 52868K->22927K(59392K), [Perm : 6080K->6080K(21248K)], 0.0108660 secs] [Times: user=0.01 sys=0.00, real=0.01 secs] 
79.532: Total time for which application threads were stopped: 0.0110650 seconds, Stopping threads took: 0.0001270 seconds
79.589: Application time: 0.0567460 seconds
79.589: [GC79.589: [DefNew: 15688K->1425K(18432K), 0.0035190 secs] 38616K->35041K(59392K), 0.0035590 secs] [Times: user=0.01 sys=0.00, real=0.00 secs] 
79.592: Total time for which application threads were stopped: 0.0036930 seconds, Stopping threads took: 0.0000660 seconds
79.642: Application time: 0.0491870 seconds
79.642: [GC79.642: [DefNew: 17113K->17113K(18432K), 0.0000100 secs]79.642: [Tenured: 33616K->25065K(40960K), 0.0090020 secs] 50729K->25065K(59392K), [Perm : 6080K->6080K(21248K)], 0.0090620 secs] [Times: user=0.01 sys=0.00, real=0.01 secs] 
79.651: Total time for which application threads were stopped: 0.0092030 seconds, Stopping threads took: 0.0000670 seconds
79.696: Application time: 0.0451500 seconds
79.696: [GC79.696: [DefNew: 15688K->1425K(18432K), 0.0036090 secs] 40754K->37179K(59392K), 0.0036520 secs] [Times: user=0.01 sys=0.00, real=0.00 secs] 
79.700: Total time for which application threads were stopped: 0.0038640 seconds, Stopping threads took: 0.0001260 seconds
79.763: Application time: 0.0627600 seconds
79.763: [GC79.763: [DefNew: 17113K->17113K(18432K), 0.0000090 secs]79.763: [Tenured: 35754K->25066K(40960K), 0.0088950 secs] 52867K->25066K(59392K), [Perm : 6080K->6080K(21248K)], 0.0089520 secs] [Times: user=0.01 sys=0.00, real=0.01 secs] 
79.772: Total time for which application threads were stopped: 0.0090830 seconds, Stopping threads took: 0.0000610 seconds
79.820: Application time: 0.0482390 seconds
79.820: [GC79.820: [DefNew: 15688K->1425K(18432K), 0.0035450 secs] 40754K->37179K(59392K), 0.0035870 secs] [Times: user=0.01 sys=0.00, real=0.00 secs] 
79.824: Total time for which application threads were stopped: 0.0037630 seconds, Stopping threads took: 0.0000970 seconds
79.868: Application time: 0.0448320 seconds
79.869: [GC79.869: [DefNew: 17128K->17128K(18432K), 0.0000090 secs]79.869: [Tenured: 35754K->24355K(40960K), 0.0097550 secs] 52883K->24355K(59392K), [Perm : 6080K->6080K(21248K)], 0.0098140 secs] [Times: user=0.01 sys=0.00, real=0.01 secs] 
79.878: Total time for which application threads were stopped: 0.0100090 seconds, Stopping threads took: 0.0001240 seconds
79.935: Application time: 0.0566880 seconds
79.935: [GC79.935: [DefNew: 15688K->1425K(18432K), 0.0036180 secs] 40044K->36470K(59392K), 0.0036590 secs] [Times: user=0.01 sys=0.00, real=0.00 secs] 
79.939: Total time for which application threads were stopped: 0.0038800 seconds, Stopping threads took: 0.0001550 seconds
79.994: Application time: 0.0553240 seconds
79.995: [GC79.995: [DefNew: 17123K->17123K(18432K), 0.0000100 secs]79.995: [Tenured: 35044K->25066K(40960K), 0.0106520 secs] 52167K->25066K(59392K), [Perm : 6080K->6080K(21248K)], 0.0107100 secs] [Times: user=0.01 sys=0.00, real=0.00 secs] 
80.005: Total time for which application threads were stopped: 0.0109850 seconds, Stopping threads took: 0.0001880 seconds
80.048: Application time: 0.0426220 seconds
80.048: [GC80.048: [DefNew: 15688K->1425K(18432K), 0.0034700 secs] 40755K->37180K(59392K), 0.0035100 secs] [Times: user=0.01 sys=0.00, real=0.00 secs] 
80.052: Total time for which application threads were stopped: 0.0036460 seconds, Stopping threads took: 0.0000670 seconds
80.112: Application time: 0.0605560 seconds
80.112: [GC80.112: [DefNew: 17114K->17114K(18432K), 0.0000100 secs]80.112: [Tenured: 35755K->25779K(40960K), 0.0094240 secs] 52869K->25779K(59392K), [Perm : 6080K->6080K(21248K)], 0.0094820 secs] [Times: user=0.01 sys=0.00, real=0.01 secs] 
80.122: Total time for which application threads were stopped: 0.0096650 seconds, Stopping threads took: 0.0000960 seconds
80.172: Application time: 0.0497570 seconds
80.172: [GC80.172: [DefNew: 15689K->15689K(18432K), 0.0000110 secs]80.172: [Tenured: 25779K->26491K(40960K), 0.0099320 secs] 41468K->26491K(59392K), [Perm : 6080K->6080K(21248K)], 0.0099930 secs] [Times: user=0.01 sys=0.00, real=0.01 secs] 
80.182: Total time for which application threads were stopped: 0.0101780 seconds, Stopping threads took: 0.0001140 seconds
80.234: Application time: 0.0523240 seconds
80.234: [GC80.234: [DefNew: 15697K->15697K(18432K), 0.0000100 secs]80.234: [Tenured: 26491K->25780K(40960K), 0.0100800 secs] 42189K->25780K(59392K), [Perm : 6080K->6080K(21248K)], 0.0101410 secs] [Times: user=0.01 sys=0.00, real=0.00 secs] 
80.244: Total time for which application threads were stopped: 0.0103220 seconds, Stopping threads took: 0.0001110 seconds
80.285: Application time: 0.0410080 seconds
80.286: [GC80.286: [DefNew: 15697K->15697K(18432K), 0.0000100 secs]80.286: [Tenured: 25780K->26491K(40960K), 0.0099090 secs] 41477K->26491K(59392K), [Perm : 6080K->6080K(21248K)], 0.0099640 secs] [Times: user=0.01 sys=0.00, real=0.01 secs] 
80.296: Total time for which application threads were stopped: 0.0101350 seconds, Stopping threads took: 0.0000850 seconds
80.362: Application time: 0.0665200 seconds
80.362: [GC80.362: [DefNew: 15689K->15689K(18432K), 0.0000100 secs]80.362: [Tenured: 26491K->25779K(40960K), 0.0087660 secs] 42180K->25779K(59392K), [Perm : 6080K->6080K(21248K)], 0.0088250 secs] [Times: user=0.00 sys=0.00, real=0.01 secs] 
80.371: Total time for which application threads were stopped: 0.0089630 seconds, Stopping threads took: 0.0000590 seconds
80.416: Application time: 0.0452010 seconds
80.416: [GC80.416: [DefNew: 15688K->15688K(18432K), 0.0000090 secs]80.416: [Tenured: 25779K->27916K(40960K), 0.0099970 secs] 41468K->27916K(59392K), [Perm : 6080K->6080K(21248K)], 0.0100570 secs] [Times: user=0.01 sys=0.00, real=0.01 secs] 
80.427: Total time for which application threads were stopped: 0.0102370 seconds, Stopping threads took: 0.0001130 seconds
80.476: Application time: 0.0496160 seconds
80.476: [GC80.476: [DefNew: 15688K->15688K(18432K), 0.0000100 secs]80.476: [Tenured: 27916K->27204K(40960K), 0.0097020 secs] 43605K->27204K(59392K), [Perm : 6080K->6080K(21248K)], 0.0097610 secs] [Times: user=0.01 sys=0.00, real=0.01 secs] 
80.486: Total time for which application threads were stopped: 0.0099320 seconds, Stopping threads took: 0.0001000 seconds
80.536: Application time: 0.0499580 seconds
80.536: [GC80.536: [DefNew: 15705K->15705K(18432K), 0.0000100 secs]80.536: [Tenured: 27204K->27916K(40960K), 0.0105530 secs] 42910K->27916K(59392K), [Perm : 6080K->6080K(21248K)], 0.0106130 secs] [Times: user=0.01 sys=0.00, real=0.01 secs] 
80.547: Total time for which application threads were stopped: 0.0107830 seconds, Stopping threads took: 0.0000970 seconds
80.604: Application time: 0.0569590 seconds
80.604: [GC80.604: [DefNew: 15697K->15697K(18432K), 0.0000100 secs]80.604: [Tenured: 27916K->28630K(40960K), 0.0091710 secs] 43614K->28630K(59392K), [Perm : 6080K->6080K(21248K)], 0.0092280 secs] [Times: user=0.01 sys=0.00, real=0.01 secs] 
80.613: Total time for which application threads were stopped: 0.0093870 seconds, Stopping threads took: 0.0000820 seconds
80.655: Application time: 0.0415500 seconds
80.655: [GC80.655: [DefNew: 15688K->15688K(18432K), 0.0000110 secs]80.655: [Tenured: 28630K->30055K(40960K), 0.0108480 secs] 44318K->30055K(59392K), [Perm : 6080K->6080K(21248K)], 0.0109080 secs] [Times: user=0.01 sys=0.00, real=0.01 secs] 
80.666: Total time for which application threads were stopped: 0.0111960 seconds, Stopping threads took: 0.0002160 seconds
80.727: Application time: 0.0608770 seconds
80.727: [GC80.727: [DefNew: 15688K->15688K(18432K), 0.0000090 secs]80.727: [Tenured: 30055K->27917K(40960K), 0.0092770 secs] 45743K->27917K(59392K), [Perm : 6080K->6080K(21248K)], 0.0093360 secs] [Times: user=0.01 sys=0.00, real=0.01 secs] 
80.737: Total time for which application threads were stopped: 0.0097590 seconds, Stopping threads took: 0.0003350 seconds
80.783: Application time: 0.0464790 seconds
80.783: [GC80.783: [DefNew: 15688K->15688K(18432K), 0.0000100 secs]80.783: [Tenured: 27917K->30054K(40960K), 0.0116720 secs] 43605K->30054K(59392K), [Perm : 6080K->6080K(21248K)], 0.0117330 secs] [Times: user=0.01 sys=0.00, real=0.02 secs] 
80.795: Total time for which application threads were stopped: 0.0119160 seconds, Stopping threads took: 0.0001120 seconds
80.850: Application time: 0.0553240 seconds
80.851: [GC80.851: [DefNew: 15688K->15688K(18432K), 0.0000100 secs]80.851: [Tenured: 30054K->29341K(40960K), 0.0097230 secs] 45742K->29341K(59392K), [Perm : 6080K->6080K(21248K)], 0.0097830 secs] [Times: user=0.01 sys=0.00, real=0.01 secs] 
80.860: Total time for which application threads were stopped: 0.0100250 seconds, Stopping threads took: 0.0001610 seconds
80.907: Application time: 0.0466360 seconds
80.908: [GC80.908: [DefNew: 15720K->15720K(18432K), 0.0000090 secs]80.908: [Tenured: 29341K->28658K(40960K), 0.0088730 secs] 45062K->28658K(59392K), [Perm : 6080K->6080K(21248K)], 0.0089310 secs] [Times: user=0.01 sys=0.00, real=0.01 secs] 
80.917: Total time for which application threads were stopped: 0.0098890 seconds, Stopping threads took: 0.0008600 seconds
80.924: Application time: 0.0066790 seconds
80.924: [GC80.924: [DefNew: 16208K->16208K(18432K), 0.0000100 secs]80.924: [Tenured: 28658K->27269K(40960K), 0.0102620 secs] 44867K->27269K(59392K), [Perm : 6080K->6080K(21248K)], 0.0103200 secs] [Times: user=0.01 sys=0.00, real=0.02 secs] 
80.934: Total time for which application threads were stopped: 0.0105830 seconds, Stopping threads took: 0.0001930 seconds
80.941: Application time: 0.0072550 seconds
80.941: [GC80.942: [DefNew: 15903K->15903K(18432K), 0.0000090 secs]80.942: [Tenured: 27269K->25778K(40960K), 0.0107940 secs] 43172K->25778K(59392K), [Perm : 6080K->6080K(21248K)], 0.0108530 secs] [Times: user=0.01 sys=0.00, real=0.01 secs] 
80.952: Total time for which application threads were stopped: 0.0110050 seconds, Stopping threads took: 0.0000780 seconds
80.956: Application time: 0.0037880 seconds
80.957: [GC80.957: [DefNew: 15679K->15679K(18432K), 0.0000100 secs]80.957: [Tenured: 25778K->27203K(40960K), 0.0066660 secs] 41458K->27203K(59392K), [Perm : 6080K->6080K(21248K)], 0.0067260 secs] [Times: user=0.01 sys=0.00, real=0.00 secs] 
80.964: Total time for which application threads were stopped: 0.0077740 seconds, Stopping threads took: 0.0009590 seconds
80.967: Application time: 0.0034920 seconds
80.968: [GC80.968: [DefNew: 15679K->15679K(18432K), 0.0000100 secs]80.968: [Tenured: 27203K->30053K(40960K), 0.0063050 secs] 42883K->30053K(59392K), [Perm : 6080K->6080K(21248K)], 0.0063620 secs] [Times: user=0.01 sys=0.00, real=0.01 secs] 
80.974: Total time for which application threads were stopped: 0.0065120 seconds, Stopping threads took: 0.0000790 seconds
80.979: Application time: 0.0048770 seconds
80.979: [GC80.979: [DefNew: 15689K->15689K(18432K), 0.0000100 secs]80.979: [Tenured: 30053K->25778K(40960K), 0.0100230 secs] 45743K->25778K(59392K), [Perm : 6080K->6080K(21248K)], 0.0100820 secs] [Times: user=0.01 sys=0.00, real=0.01 secs] 
80.989: Total time for which application threads were stopped: 0.0105830 seconds, Stopping threads took: 0.0004020 seconds
80.994: Application time: 0.0043190 seconds
80.994: [GC80.994: [DefNew: 15681K->15681K(18432K), 0.0000090 secs]80.994: [Tenured: 25778K->26491K(40960K), 0.0075220 secs] 41460K->26491K(59392K), [Perm : 6080K->6080K(21248K)], 0.0075830 secs] [Times: user=0.00 sys=0.00, real=0.00 secs] 
81.002: Total time for which application threads were stopped: 0.0082360 seconds, Stopping threads took: 0.0005570 seconds
81.006: Application time: 0.0041200 seconds
81.006: [GC81.006: [DefNew: 15686K->15686K(18432K), 0.0000100 secs]81.006: [Tenured: 26491K->29342K(40960K), 0.0069280 secs] 42177K->29342K(59392K), [Perm : 6080K->6080K(21248K)], 0.0069840 secs] [Times: user=0.00 sys=0.00, real=0.00 secs] 
81.013: Total time for which application threads were stopped: 0.0072200 seconds, Stopping threads took: 0.0001560 seconds
81.017: Application time: 0.0037790 seconds
81.017: [GC81.017: [DefNew: 15682K->15682K(18432K), 0.0000090 secs]81.017: [Tenured: 29342K->27203K(40960K), 0.0088230 secs] 45024K->27203K(59392K), [Perm : 6080K->6080K(21248K)], 0.0088840 secs] [Times: user=0.01 sys=0.00, real=0.01 secs] 
81.026: Total time for which application threads were stopped: 0.0091790 seconds, Stopping threads took: 0.0002200 seconds
81.030: Application time: 0.0041540 seconds
81.031: [GC81.031: [DefNew: 15680K->15680K(18432K), 0.0000090 secs]81.031: [Tenured: 27203K->29341K(40960K), 0.0061710 secs] 42884K->29341K(59392K), [Perm : 6080K->6080K(21248K)], 0.0062310 secs] [Times: user=0.01 sys=0.00, real=0.01 secs] 
81.037: Total time for which application threads were stopped: 0.0066940 seconds, Stopping threads took: 0.0003820 seconds
81.042: Application time: 0.0046970 seconds
81.042: [GC81.042: [DefNew: 15695K->15695K(18432K), 0.0000100 secs]81.042: [Tenured: 29341K->26491K(40960K), 0.0092800 secs] 45037K->26491K(59392K), [Perm : 6080K->6080K(21248K)], 0.0093400 secs] [Times: user=0.01 sys=0.00, real=0.01 secs] 
81.052: Total time for which application threads were stopped: 0.0097590 seconds, Stopping threads took: 0.0003370 seconds
81.056: Application time: 0.0039710 seconds
81.056: [GC81.056: [DefNew: 15681K->15681K(18432K), 0.0000090 secs]81.056: [Tenured: 26491K->27916K(40960K), 0.0062700 secs] 42173K->27916K(59392K), [Perm : 6080K->6080K(21248K)], 0.0063200 secs] [Times: user=0.00 sys=0.00, real=0.00 secs] 
81.062: Total time for which application threads were stopped: 0.0067470 seconds, Stopping threads took: 0.0003500 seconds
81.066: Application time: 0.0036730 seconds
81.067: [GC81.067: [DefNew: 15683K->15683K(18432K), 0.0000100 secs]81.067: [Tenured: 27916K->25778K(40960K), 0.0090930 secs] 43599K->25778K(59392K), [Perm : 6080K->6080K(21248K)], 0.0091580 secs] [Times: user=0.00 sys=0.00, real=0.01 secs] 
81.076: Total time for which application threads were stopped: 0.0101940 seconds, Stopping threads took: 0.0009460 seconds
81.080: Application time: 0.0040720 seconds
81.081: [GC81.081: [DefNew: 15682K->15682K(18432K), 0.0000110 secs]81.081: [Tenured: 25778K->28629K(40960K), 0.0073680 secs] 41461K->28629K(59392K), [Perm : 6080K->6080K(21248K)], 0.0074260 secs] [Times: user=0.01 sys=0.00, real=0.01 secs] 
81.088: Total time for which application threads were stopped: 0.0079160 seconds, Stopping threads took: 0.0004030 seconds
81.093: Application time: 0.0043960 seconds
81.093: [GC81.093: [DefNew: 15681K->15681K(18432K), 0.0000100 secs]81.093: [Tenured: 28629K->26490K(40960K), 0.0091750 secs] 44310K->26490K(59392K), [Perm : 6080K->6080K(21248K)], 0.0092370 secs] [Times: user=0.01 sys=0.00, real=0.01 secs] 
81.102: Total time for which application threads were stopped: 0.0094660 seconds, Stopping threads took: 0.0001360 seconds
81.107: Application time: 0.0053350 seconds
81.108: [GC81.108: [DefNew: 15697K->15697K(18432K), 0.0000110 secs]81.108: [Tenured: 26490K->30055K(40960K), 0.0071590 secs] 42187K->30055K(59392K), [Perm : 6080K->6080K(21248K)], 0.0072150 secs] [Times: user=0.01 sys=0.00, real=0.01 secs] 
81.115: Total time for which application threads were stopped: 0.0073660 seconds, Stopping threads took: 0.0000790 seconds
81.119: Application time: 0.0040650 seconds
81.119: [GC81.119: [DefNew: 15679K->15679K(18432K), 0.0000090 secs]81.119: [Tenured: 30055K->29342K(40960K), 0.0064230 secs] 45734K->29342K(59392K), [Perm : 6080K->6080K(21248K)], 0.0064740 secs] [Times: user=0.01 sys=0.00, real=0.01 secs] 
81.125: Total time for which application threads were stopped: 0.0066650 seconds, Stopping threads took: 0.0001260 seconds
81.140: Application time: 0.0141090 seconds
81.140: [GC81.140: [DefNew: 15690K->15690K(18432K), 0.0000090 secs]81.140: [Tenured: 29342K->26491K(40960K), 0.0088150 secs] 45033K->26491K(59392K), [Perm : 6080K->6080K(21248K)], 0.0088700 secs] [Times: user=0.01 sys=0.00, real=0.01 secs] 
81.149: Total time for which application threads were stopped: 0.0090010 seconds, Stopping threads took: 0.0000600 seconds
81.185: Application time: 0.0361460 seconds
81.185: [GC81.185: [DefNew: 15718K->15718K(18432K), 0.0000100 secs]81.185: [Tenured: 26491K->25778K(40960K), 0.0111630 secs] 42209K->25778K(59392K), [Perm : 6080K->6080K(21248K)], 0.0112230 secs] [Times: user=0.01 sys=0.00, real=0.02 secs] 
81.196: Total time for which application threads were stopped: 0.0113700 seconds, Stopping threads took: 0.0000760 seconds
81.203: Application time: 0.0072810 seconds
81.204: [GC81.204: [DefNew: 15679K->15679K(18432K), 0.0000100 secs]81.204: [Tenured: 25778K->25778K(40960K), 0.0088680 secs] 41457K->25778K(59392K), [Perm : 6080K->6080K(21248K)], 0.0089280 secs] [Times: user=0.01 sys=0.00, real=0.01 secs] 
81.212: Total time for which application threads were stopped: 0.0090750 seconds, Stopping threads took: 0.0000750 seconds
81.218: Application time: 0.0057560 seconds
81.218: [GC81.218: [DefNew: 15685K->15685K(18432K), 0.0000100 secs]81.218: [Tenured: 25778K->28629K(40960K), 0.0068150 secs] 41464K->28629K(59392K), [Perm : 6080K->6080K(21248K)], 0.0068710 secs] [Times: user=0.01 sys=0.00, real=0.00 secs] 
81.225: Total time for which application threads were stopped: 0.0070310 seconds, Stopping threads took: 0.0000820 seconds
81.229: Application time: 0.0041170 seconds
81.230: [GC81.230: [DefNew: 15677K->15677K(18432K), 0.0000100 secs]81.230: [Tenured: 28629K->29341K(40960K), 0.0064980 secs] 44306K->29341K(59392K), [Perm : 6080K->6080K(21248K)], 0.0065570 secs] [Times: user=0.01 sys=0.00, real=0.01 secs] 
81.236: Total time for which application threads were stopped: 0.0067790 seconds, Stopping threads took: 0.0001510 seconds
81.244: Application time: 0.0081370 seconds
81.245: [GC81.245: [DefNew: 15688K->15688K(18432K), 0.0000100 secs]81.245: [Tenured: 29341K->25065K(40960K), 0.0092240 secs] 45030K->25065K(59392K), [Perm : 6080K->6080K(21248K)], 0.0092800 secs] [Times: user=0.01 sys=0.00, real=0.02 secs] 
81.254: Total time for which application threads were stopped: 0.0100200 seconds, Stopping threads took: 0.0006490 seconds
81.261: Application time: 0.0067960 seconds
81.261: [GC81.261: [DefNew: 15681K->1425K(18432K), 0.0008610 secs] 40747K->27203K(59392K), 0.0008900 secs] [Times: user=0.00 sys=0.00, real=0.00 secs] 
81.262: Total time for which application threads were stopped: 0.0010280 seconds, Stopping threads took: 0.0000790 seconds
81.267: Application time: 0.0050550 seconds
81.267: [GC81.267: [DefNew: 17113K->17113K(18432K), 0.0000100 secs]81.267: [Tenured: 25778K->30054K(40960K), 0.0070380 secs] 42892K->30054K(59392K), [Perm : 6080K->6080K(21248K)], 0.0070950 secs] [Times: user=0.00 sys=0.00, real=0.01 secs] 
81.274: Total time for which application threads were stopped: 0.0072410 seconds, Stopping threads took: 0.0000750 seconds
81.279: Application time: 0.0042050 seconds
81.279: [GC81.279: [DefNew: 15680K->15680K(18432K), 0.0000100 secs]81.279: [Tenured: 30054K->29342K(40960K), 0.0066510 secs] 45734K->29342K(59392K), [Perm : 6080K->6080K(21248K)], 0.0067040 secs] [Times: user=0.00 sys=0.00, real=0.01 secs] 
81.286: Total time for which application threads were stopped: 0.0068880 seconds, Stopping threads took: 0.0001180 seconds
81.289: Application time: 0.0037990 seconds
81.290: [GC81.290: [DefNew: 15680K->15680K(18432K), 0.0000100 secs]81.290: [Tenured: 29342K->28628K(40960K), 0.0105320 secs] 45022K->28628K(59392K), [Perm : 6080K->6080K(21248K)], 0.0105940 secs] [Times: user=0.01 sys=0.00, real=0.01 secs] 
81.300: Total time for which application threads were stopped: 0.0109250 seconds, Stopping threads took: 0.0002380 seconds
81.355: Application time: 0.0549590 seconds
81.355: [GC81.355: [DefNew: 15696K->15696K(18432K), 0.0000100 secs]81.355: [Tenured: 28628K->26490K(40960K), 0.0089280 secs] 44325K->26490K(59392K), [Perm : 6080K->6080K(21248K)], 0.0089880 secs] [Times: user=0.01 sys=0.00, real=0.00 secs] 
81.364: Total time for which application threads were stopped: 0.0091230 seconds, Stopping threads took: 0.0000670 seconds
81.415: Application time: 0.0502420 seconds
81.415: [GC81.415: [DefNew: 15689K->15689K(18432K), 0.0000100 secs]81.415: [Tenured: 26490K->27203K(40960K), 0.0099020 secs] 42180K->27203K(59392K), [Perm : 6080K->6080K(21248K)], 0.0099610 secs] [Times: user=0.01 sys=0.00, real=0.00 secs] 
81.425: Total time for which application threads were stopped: 0.0101080 seconds, Stopping threads took: 0.0000640 seconds
81.477: Application time: 0.0524370 seconds
81.477: [GC81.477: [DefNew: 15720K->15720K(18432K), 0.0000090 secs]81.477: [Tenured: 27203K->27945K(40960K), 0.0095090 secs] 42923K->27945K(59392K), [Perm : 6080K->6080K(21248K)], 0.0095650 secs] [Times: user=0.01 sys=0.00, real=0.01 secs] 
81.487: Total time for which application threads were stopped: 0.0097410 seconds, Stopping threads took: 0.0001070 seconds
81.494: Application time: 0.0072560 seconds
81.494: [GC81.494: [DefNew: 15679K->15679K(18432K), 0.0000090 secs]81.494: [Tenured: 27945K->27945K(40960K), 0.0086860 secs] 43624K->27945K(59392K), [Perm : 6080K->6080K(21248K)], 0.0087420 secs] [Times: user=0.01 sys=0.00, real=0.00 secs] 
81.503: Total time for which application threads were stopped: 0.0088840 seconds, Stopping threads took: 0.0000710 seconds
81.510: Application time: 0.0071580 seconds
81.510: [GC81.510: [DefNew: 15683K->15683K(18432K), 0.0000100 secs]81.510: [Tenured: 27945K->27203K(40960K), 0.0105000 secs] 43628K->27203K(59392K), [Perm : 6080K->6080K(21248K)], 0.0105730 secs] [Times: user=0.01 sys=0.00, real=0.01 secs] 
81.521: Total time for which application threads were stopped: 0.0107970 seconds, Stopping threads took: 0.0001510 seconds
81.525: Application time: 0.0039150 seconds
81.525: [GC81.525: [DefNew: 15679K->15679K(18432K), 0.0000090 secs]81.525: [Tenured: 27203K->27203K(40960K), 0.0087430 secs] 42882K->27203K(59392K), [Perm : 6080K->6080K(21248K)], 0.0087990 secs] [Times: user=0.01 sys=0.00, real=0.02 secs] 
81.534: Total time for which application threads were stopped: 0.0089910 seconds, Stopping threads took: 0.0001220 seconds
81.541: Application time: 0.0070210 seconds
81.541: [GC81.541: [DefNew: 16146K->16146K(18432K), 0.0000100 secs]81.541: [Tenured: 27203K->24389K(40960K), 0.0082700 secs] 43349K->24389K(59392K), [Perm : 6080K->6080K(21248K)], 0.0083280 secs] [Times: user=0.01 sys=0.00, real=0.01 secs] 
81.549: Total time for which application threads were stopped: 0.0084600 seconds, Stopping threads took: 0.0000640 seconds
81.556: Application time: 0.0069480 seconds
81.556: [GC81.557: [DefNew: 15929K->1434K(18432K), 0.0009590 secs] 40318K->27248K(59392K), 0.0009890 secs] [Times: user=0.00 sys=0.00, real=0.00 secs] 
81.558: Total time for which application threads were stopped: 0.0011450 seconds, Stopping threads took: 0.0000990 seconds
81.563: Application time: 0.0052080 seconds
81.563: [GC81.563: [DefNew: 17153K->17153K(18432K), 0.0000100 secs]81.563: [Tenured: 25814K->26520K(40960K), 0.0087420 secs] 42967K->26520K(59392K), [Perm : 6080K->6080K(21248K)], 0.0088000 secs] [Times: user=0.01 sys=0.00, real=0.01 secs] 
81.572: Total time for which application threads were stopped: 0.0089430 seconds, Stopping threads took: 0.0000720 seconds
81.576: Application time: 0.0044100 seconds
81.576: [GC81.576: [DefNew: 15687K->15687K(18432K), 0.0000100 secs]81.576: [Tenured: 26520K->26490K(40960K), 0.0109570 secs] 42207K->26490K(59392K), [Perm : 6080K->6080K(21248K)], 0.0110200 secs] [Times: user=0.01 sys=0.00, real=0.01 secs] 
81.587: Total time for which application threads were stopped: 0.0113190 seconds, Stopping threads took: 0.0002270 seconds
81.591: Application time: 0.0039400 seconds
81.592: [GC81.592: [DefNew: 15681K->15681K(18432K), 0.0000100 secs]81.592: [Tenured: 26490K->25065K(40960K), 0.0074260 secs] 42172K->25065K(59392K), [Perm : 6080K->6080K(21248K)], 0.0074810 secs] [Times: user=0.01 sys=0.00, real=0.01 secs] 
81.599: Total time for which application threads were stopped: 0.0078210 seconds, Stopping threads took: 0.0002530 seconds
81.603: Application time: 0.0038980 seconds
81.604: [GC81.604: [DefNew: 15682K->1425K(18432K), 0.0011280 secs] 40748K->28628K(59392K), 0.0011600 secs] [Times: user=0.00 sys=0.00, real=0.00 secs] 
81.605: Total time for which application threads were stopped: 0.0018180 seconds, Stopping threads took: 0.0005770 seconds
81.609: Application time: 0.0039790 seconds
81.609: [GC81.609: [DefNew: 17111K->17111K(18432K), 0.0000110 secs]81.609: [Tenured: 27203K->25778K(40960K), 0.0105200 secs] 44314K->25778K(59392K), [Perm : 6080K->6080K(21248K)], 0.0105830 secs] [Times: user=0.01 sys=0.00, real=0.01 secs] 
81.620: Total time for which application threads were stopped: 0.0108350 seconds, Stopping threads took: 0.0001790 seconds
81.624: Application time: 0.0040610 seconds
81.624: [GC81.624: [DefNew: 15690K->1426K(18432K), 0.0016740 secs] 41468K->30766K(59392K), 0.0017070 secs] [Times: user=0.00 sys=0.00, real=0.01 secs] 
81.626: Total time for which application threads were stopped: 0.0018540 seconds, Stopping threads took: 0.0000840 seconds
81.631: Application time: 0.0058500 seconds
81.632: [GC81.632: [DefNew: 17111K->17111K(18432K), 0.0000100 secs]81.632: [Tenured: 29340K->24352K(40960K), 0.0095120 secs] 46452K->24352K(59392K), [Perm : 6080K->6080K(21248K)], 0.0095690 secs] [Times: user=0.00 sys=0.00, real=0.01 secs] 
81.641: Total time for which application threads were stopped: 0.0097620 seconds, Stopping threads took: 0.0001130 seconds
81.648: Application time: 0.0067400 seconds
81.648: [GC81.648: [DefNew: 15680K->1425K(18432K), 0.0010400 secs] 40033K->27203K(59392K), 0.0010680 secs] [Times: user=0.00 sys=0.00, real=0.00 secs] 
81.649: Total time for which application threads were stopped: 0.0012020 seconds, Stopping threads took: 0.0000750 seconds
81.655: Application time: 0.0061860 seconds
81.656: [GC81.656: [DefNew: 17106K->1425K(18432K), 0.0012250 secs] 42884K->29340K(59392K), 0.0012590 secs] [Times: user=0.00 sys=0.00, real=0.00 secs] 
81.657: Total time for which application threads were stopped: 0.0016310 seconds, Stopping threads took: 0.0002910 seconds
81.662: Application time: 0.0051890 seconds
81.662: [GC81.662: [DefNew: 17112K->1426K(18432K), 0.0013780 secs] 45027K->31479K(59392K), 0.0014110 secs] [Times: user=0.00 sys=0.00, real=0.00 secs] 
81.664: Total time for which application threads were stopped: 0.0015450 seconds, Stopping threads took: 0.0000710 seconds
81.667: Application time: 0.0035170 seconds
81.667: [GC81.667: [DefNew: 17105K->17105K(18432K), 0.0000090 secs]81.667: [Tenured: 30053K->26490K(40960K), 0.0092210 secs] 47159K->26490K(59392K), [Perm : 6080K->6080K(21248K)], 0.0092820 secs] [Times: user=0.01 sys=0.00, real=0.01 secs] 
81.677: Total time for which application threads were stopped: 0.0094350 seconds, Stopping threads took: 0.0000770 seconds
81.694: Application time: 0.0168250 seconds
81.694: [GC81.694: [DefNew: 15690K->1426K(18432K), 0.0012090 secs] 42181K->30766K(59392K), 0.0012420 secs] [Times: user=0.00 sys=0.00, real=0.00 secs] 
81.695: Total time for which application threads were stopped: 0.0014070 seconds, Stopping threads took: 0.0001050 seconds
81.756: Application time: 0.0610970 seconds
81.756: [GC81.756: [DefNew (promotion failed) : 17115K->17114K(18432K), 0.0038080 secs]81.760: [Tenured: 40742K->25065K(40960K), 0.0097680 secs] 46456K->25065K(59392K), [Perm : 6080K->6080K(21248K)], 0.0136400 secs] [Times: user=0.01 sys=0.00, real=0.01 secs] 
81.770: Total time for which application threads were stopped: 0.0138150 seconds, Stopping threads took: 0.0001060 seconds
81.832: Application time: 0.0621800 seconds
81.832: [GC81.832: [DefNew: 15691K->1425K(18432K), 0.0041910 secs] 40756K->40028K(59392K), 0.0042350 secs] [Times: user=0.00 sys=0.00, real=0.01 secs] 
81.836: Total time for which application threads were stopped: 0.0044420 seconds, Stopping threads took: 0.0001300 seconds
81.854: Application time: 0.0173070 seconds
81.854: [GC81.854: [DefNew: 17673K->17673K(18432K), 0.0000090 secs]81.854: [Tenured: 38603K->22993K(40960K), 0.0095900 secs] 56276K->22993K(59392K), [Perm : 6080K->6080K(21248K)], 0.0096470 secs] [Times: user=0.01 sys=0.00, real=0.00 secs] 
81.864: Total time for which application threads were stopped: 0.0098350 seconds, Stopping threads took: 0.0001050 seconds
81.870: Application time: 0.0066810 seconds
81.871: [GC81.871: [DefNew: 15892K->1425K(18432K), 0.0010680 secs] 38885K->26556K(59392K), 0.0010990 secs] [Times: user=0.01 sys=0.00, real=0.00 secs] 
81.872: Total time for which application threads were stopped: 0.0021230 seconds, Stopping threads took: 0.0009440 seconds
81.877: Application time: 0.0042150 seconds
81.877: [GC81.877: [DefNew: 17111K->1425K(18432K), 0.0012490 secs] 42242K->28694K(59392K), 0.0012820 secs] [Times: user=0.00 sys=0.00, real=0.00 secs] 
81.878: Total time for which application threads were stopped: 0.0014290 seconds, Stopping threads took: 0.0000860 seconds
81.882: Application time: 0.0035680 seconds
81.883: [GC81.883: [DefNew: 17105K->17105K(18432K), 0.0000100 secs]81.883: [Tenured: 27269K->25122K(40960K), 0.0086290 secs] 44374K->25122K(59392K), [Perm : 6080K->6080K(21248K)], 0.0086900 secs] [Times: user=0.01 sys=0.00, real=0.01 secs] 
81.891: Total time for which application threads were stopped: 0.0097410 seconds, Stopping threads took: 0.0009800 seconds
81.896: Application time: 0.0043950 seconds
81.896: [GC81.896: [DefNew: 15679K->712K(18432K), 0.0003950 secs] 40801K->25834K(59392K), 0.0004300 secs] [Times: user=0.00 sys=0.00, real=0.00 secs] 
81.896: Total time for which application threads were stopped: 0.0005650 seconds, Stopping threads took: 0.0000790 seconds
81.901: Application time: 0.0045150 seconds
81.902: [GC81.902: [DefNew: 16404K->1426K(18432K), 0.0010150 secs] 41526K->27974K(59392K), 0.0010440 secs] [Times: user=0.00 sys=0.00, real=0.00 secs] 
81.903: Total time for which application threads were stopped: 0.0018730 seconds, Stopping threads took: 0.0007600 seconds
81.906: Application time: 0.0036250 seconds
81.907: [GC81.907: [DefNew: 17108K->1425K(18432K), 0.0011760 secs] 43655K->30111K(59392K), 0.0012070 secs] [Times: user=0.00 sys=0.00, real=0.00 secs] 
81.908: Total time for which application threads were stopped: 0.0019000 seconds, Stopping threads took: 0.0006120 seconds
81.912: Application time: 0.0036810 seconds
81.912: [GC81.912: [DefNew: 17556K->1461K(18432K), 0.0005750 secs] 46242K->30147K(59392K), 0.0006010 secs] [Times: user=0.00 sys=0.00, real=0.00 secs] 
81.913: Total time for which application threads were stopped: 0.0010280 seconds, Stopping threads took: 0.0003520 seconds
81.917: Application time: 0.0040830 seconds
81.918: [GC81.918: [DefNew: 17295K->1433K(18432K), 0.0005890 secs] 45982K->30148K(59392K), 0.0006200 secs] [Times: user=0.00 sys=0.00, real=0.00 secs] 
81.919: Total time for which application threads were stopped: 0.0016890 seconds, Stopping threads took: 0.0009770 seconds
81.923: Application time: 0.0039740 seconds
81.923: [GC81.923: [DefNew: 17265K->1426K(18432K), 0.0024000 secs] 45980K->35841K(59392K), 0.0024400 secs] [Times: user=0.00 sys=0.00, real=0.01 secs] 
81.926: Total time for which application threads were stopped: 0.0029180 seconds, Stopping threads took: 0.0003880 seconds
81.929: Application time: 0.0032440 seconds
81.930: [GC81.930: [DefNew: 17121K->17121K(18432K), 0.0000100 secs]81.930: [Tenured: 34415K->22928K(40960K), 0.0107800 secs] 51537K->22928K(59392K), [Perm : 6080K->6080K(21248K)], 0.0108370 secs] [Times: user=0.01 sys=0.00, real=0.01 secs] 
81.941: Total time for which application threads were stopped: 0.0120390 seconds, Stopping threads took: 0.0011300 seconds
81.945: Application time: 0.0037520 seconds
81.946: [GC81.946: [DefNew: 15683K->1425K(18432K), 0.0006530 secs] 38611K->25065K(59392K), 0.0006830 secs] [Times: user=0.00 sys=0.00, real=0.00 secs] 
81.946: Total time for which application threads were stopped: 0.0016480 seconds, Stopping threads took: 0.0008960 seconds
81.950: Application time: 0.0034760 seconds
81.951: [GC81.951: [DefNew: 17108K->1425K(18432K), 0.0009150 secs] 40748K->26491K(59392K), 0.0009450 secs] [Times: user=0.01 sys=0.00, real=0.00 secs] 
81.952: Total time for which application threads were stopped: 0.0019180 seconds, Stopping threads took: 0.0009020 seconds
81.956: Application time: 0.0038700 seconds
81.956: [GC81.956: [DefNew: 17109K->1425K(18432K), 0.0019240 secs] 42175K->30766K(59392K), 0.0019620 secs] [Times: user=0.00 sys=0.00, real=0.00 secs] 
81.958: Total time for which application threads were stopped: 0.0021670 seconds, Stopping threads took: 0.0001210 seconds
81.962: Application time: 0.0043130 seconds
81.962: [GC81.962: [DefNew: 17107K->1425K(18432K), 0.0012420 secs] 46448K->32904K(59392K), 0.0012730 secs] [Times: user=0.00 sys=0.00, real=0.00 secs] 
81.964: Total time for which application threads were stopped: 0.0015120 seconds, Stopping threads took: 0.0001680 seconds
81.968: Application time: 0.0045910 seconds
81.969: [GC81.969: [DefNew: 17123K->1426K(18432K), 0.0015710 secs] 48602K->35756K(59392K), 0.0016080 secs] [Times: user=0.00 sys=0.00, real=0.00 secs] 
81.970: Total time for which application threads were stopped: 0.0019710 seconds, Stopping threads took: 0.0002990 seconds
81.974: Application time: 0.0033970 seconds
81.974: [GC81.974: [DefNew: 17114K->17114K(18432K), 0.0000100 secs]81.974: [Tenured: 34329K->25065K(40960K), 0.0090630 secs] 51444K->25065K(59392K), [Perm : 6080K->6080K(21248K)], 0.0091240 secs] [Times: user=0.01 sys=0.00, real=0.00 secs] 
81.983: Total time for which application threads were stopped: 0.0093450 seconds, Stopping threads took: 0.0001380 seconds
81.986: Application time: 0.0034360 seconds
81.987: [GC81.987: [DefNew: 15680K->1425K(18432K), 0.0007190 secs] 40746K->27203K(59392K), 0.0007450 secs] [Times: user=0.00 sys=0.00, real=0.00 secs] 
81.987: Total time for which application threads were stopped: 0.0010800 seconds, Stopping threads took: 0.0002780 seconds
81.991: Application time: 0.0037050 seconds
81.991: [GC81.991: [DefNew: 17107K->1425K(18432K), 0.0012250 secs] 42885K->29340K(59392K), 0.0012540 secs] [Times: user=0.00 sys=0.00, real=0.00 secs] 
81.993: Total time for which application threads were stopped: 0.0014060 seconds, Stopping threads took: 0.0000940 seconds
81.996: Application time: 0.0034850 seconds
81.997: [GC81.997: [DefNew: 17106K->1425K(18432K), 0.0013460 secs] 45022K->32191K(59392K), 0.0013810 secs] [Times: user=0.00 sys=0.00, real=0.00 secs] 
81.998: Total time for which application threads were stopped: 0.0019120 seconds, Stopping threads took: 0.0004680 seconds
82.006: Application time: 0.0076930 seconds
82.006: [GC82.006: [DefNew: 17121K->1426K(18432K), 0.0015530 secs] 47887K->35043K(59392K), 0.0015890 secs] [Times: user=0.00 sys=0.00, real=0.00 secs] 
82.007: Total time for which application threads were stopped: 0.0017330 seconds, Stopping threads took: 0.0000810 seconds
82.014: Application time: 0.0065170 seconds
82.014: [GC82.014: [DefNew: 17106K->1425K(18432K), 0.0007820 secs] 50722K->35755K(59392K), 0.0008060 secs] [Times: user=0.01 sys=0.00, real=0.00 secs] 
82.015: Total time for which application threads were stopped: 0.0009800 seconds, Stopping threads took: 0.0001180 seconds
82.027: Application time: 0.0122050 seconds
82.027: [GC82.027: [DefNew: 17112K->17112K(18432K), 0.0000090 secs]82.027: [Tenured: 34330K->23640K(40960K), 0.0093690 secs] 51442K->23640K(59392K), [Perm : 6080K->6080K(21248K)], 0.0094280 secs] [Times: user=0.01 sys=0.00, real=0.01 secs] 
82.037: Total time for which application threads were stopped: 0.0095890 seconds, Stopping threads took: 0.0000900 seconds
82.040: Application time: 0.0035040 seconds
82.040: [GC82.040: [DefNew: 15679K->1425K(18432K), 0.0005420 secs] 39320K->25065K(59392K), 0.0005650 secs] [Times: user=0.01 sys=0.00, real=0.00 secs] 
82.041: Total time for which application threads were stopped: 0.0006970 seconds, Stopping threads took: 0.0000720 seconds
82.047: Application time: 0.0059380 seconds
82.047: [GC82.047: [DefNew: 17115K->1426K(18432K), 0.0014560 secs] 40756K->28629K(59392K), 0.0014830 secs] [Times: user=0.00 sys=0.00, real=0.00 secs] 
82.049: Total time for which application threads were stopped: 0.0016540 seconds, Stopping threads took: 0.0001090 seconds
82.122: Application time: 0.0731310 seconds
82.122: [GC82.122: [DefNew (promotion failed) : 17117K->17116K(18432K), 0.0043260 secs]82.126: [Tenured: 40741K->25065K(40960K), 0.0098130 secs] 44320K->25065K(59392K), [Perm : 6080K->6080K(21248K)], 0.0142020 secs] [Times: user=0.01 sys=0.00, real=0.02 secs] 
82.136: Total time for which application threads were stopped: 0.0143810 seconds, Stopping threads took: 0.0001100 seconds
82.210: Application time: 0.0738470 seconds
82.210: [GC82.210: [DefNew: 15691K->1425K(18432K), 0.0042190 secs] 40756K->40028K(59392K), 0.0042580 secs] [Times: user=0.01 sys=0.00, real=0.01 secs] 
82.214: Total time for which application threads were stopped: 0.0043890 seconds, Stopping threads took: 0.0000650 seconds
82.286: Application time: 0.0713260 seconds
82.286: [GC82.286: [DefNew: 17116K->17116K(18432K), 0.0000090 secs]82.286: [Tenured: 38602K->23640K(40960K), 0.0093190 secs] 55719K->23640K(59392K), [Perm : 6080K->6080K(21248K)], 0.0093750 secs] [Times: user=0.01 sys=0.00, real=0.01 secs] 
82.295: Total time for which application threads were stopped: 0.0095030 seconds, Stopping threads took: 0.0000570 seconds
82.337: Application time: 0.0414990 seconds
82.337: [GC82.337: [DefNew: 15697K->1426K(18432K), 0.0045460 secs] 39338K->39316K(59392K), 0.0045950 secs] [Times: user=0.00 sys=0.00, real=0.00 secs] 
82.341: Total time for which application threads were stopped: 0.0047370 seconds, Stopping threads took: 0.0000750 seconds
82.415: Application time: 0.0736800 seconds
82.415: [GC82.415: [DefNew: 17123K->17123K(18432K), 0.0000090 secs]82.415: [Tenured: 37890K->24354K(40960K), 0.0092440 secs] 55014K->24354K(59392K), [Perm : 6080K->6080K(21248K)], 0.0093010 secs] [Times: user=0.01 sys=0.00, real=0.00 secs] 
82.424: Total time for which application threads were stopped: 0.0094820 seconds, Stopping threads took: 0.0001130 seconds
82.494: Application time: 0.0697200 seconds
82.494: [GC82.494: [DefNew: 15697K->1425K(18432K), 0.0044770 secs] 40052K->40030K(59392K), 0.0045190 secs] [Times: user=0.01 sys=0.00, real=0.00 secs] 
82.499: Total time for which application threads were stopped: 0.0046550 seconds, Stopping threads took: 0.0000580 seconds
82.569: Application time: 0.0697370 seconds
82.569: [GC82.569: [DefNew: 17117K->17117K(18432K), 0.0000100 secs]82.569: [Tenured: 38604K->27205K(40960K), 0.0102240 secs] 55722K->27205K(59392K), [Perm : 6080K->6080K(21248K)], 0.0102830 secs] [Times: user=0.01 sys=0.00, real=0.01 secs] 
82.579: Total time for which application threads were stopped: 0.0104400 seconds, Stopping threads took: 0.0000880 seconds
82.653: Application time: 0.0738380 seconds
82.653: [GC82.653: [DefNew: 15691K->15691K(18432K), 0.0000100 secs]82.653: [Tenured: 27205K->26492K(40960K), 0.0089870 secs] 42896K->26492K(59392K), [Perm : 6080K->6080K(21248K)], 0.0090430 secs] [Times: user=0.01 sys=0.00, real=0.01 secs] 
82.662: Total time for which application threads were stopped: 0.0091780 seconds, Stopping threads took: 0.0000670 seconds
82.733: Application time: 0.0708400 seconds
82.733: [GC82.733: [DefNew: 15697K->15697K(18432K), 0.0000090 secs]82.733: [Tenured: 26492K->25777K(40960K), 0.0101170 secs] 42190K->25777K(59392K), [Perm : 6080K->6080K(21248K)], 0.0101750 secs] [Times: user=0.01 sys=0.00, real=0.01 secs] 
82.743: Total time for which application threads were stopped: 0.0103110 seconds, Stopping threads took: 0.0000660 seconds
82.805: Application time: 0.0620840 seconds
82.805: [GC82.805: [DefNew: 15697K->15697K(18432K), 0.0000090 secs]82.805: [Tenured: 25777K->27203K(40960K), 0.0092000 secs] 41475K->27203K(59392K), [Perm : 6080K->6080K(21248K)], 0.0092610 secs] [Times: user=0.01 sys=0.00, real=0.01 secs] 
82.815: Total time for which application threads were stopped: 0.0094060 seconds, Stopping threads took: 0.0000720 seconds
82.888: Application time: 0.0735800 seconds
82.888: [GC82.888: [DefNew: 15691K->15691K(18432K), 0.0000100 secs]82.888: [Tenured: 27203K->27203K(40960K), 0.0093900 secs] 42895K->27203K(59392K), [Perm : 6080K->6080K(21248K)], 0.0094490 secs] [Times: user=0.01 sys=0.00, real=0.01 secs] 
82.898: Total time for which application threads were stopped: 0.0096040 seconds, Stopping threads took: 0.0000870 seconds
82.961: Application time: 0.0628650 seconds
82.961: [GC82.961: [DefNew: 15691K->15691K(18432K), 0.0000110 secs]82.961: [Tenured: 27203K->27203K(40960K), 0.0098360 secs] 42895K->27203K(59392K), [Perm : 6080K->6080K(21248K)], 0.0098950 secs] [Times: user=0.01 sys=0.00, real=0.01 secs] 
82.971: Total time for which application threads were stopped: 0.0100430 seconds, Stopping threads took: 0.0000750 seconds
83.041: Application time: 0.0700120 seconds
83.041: [GC83.041: [DefNew: 15710K->15710K(18432K), 0.0000100 secs]83.041: [Tenured: 27203K->27915K(40960K), 0.0099300 secs] 42913K->27915K(59392K), [Perm : 6080K->6080K(21248K)], 0.0099890 secs] [Times: user=0.01 sys=0.00, real=0.01 secs] 
83.051: Total time for which application threads were stopped: 0.0101370 seconds, Stopping threads took: 0.0000730 seconds
83.122: Application time: 0.0714090 seconds
83.122: [GC83.123: [DefNew: 15691K->15691K(18432K), 0.0000090 secs]83.123: [Tenured: 27915K->29340K(40960K), 0.0093750 secs] 43607K->29340K(59392K), [Perm : 6080K->6080K(21248K)], 0.0094320 secs] [Times: user=0.00 sys=0.00, real=0.01 secs] 
83.132: Total time for which application threads were stopped: 0.0095620 seconds, Stopping threads took: 0.0000640 seconds
83.200: Application time: 0.0680200 seconds
83.200: [GC83.200: [DefNew: 15691K->15691K(18432K), 0.0000100 secs]83.200: [Tenured: 29340K->29340K(40960K), 0.0090090 secs] 45031K->29340K(59392K), [Perm : 6080K->6080K(21248K)], 0.0090710 secs] [Times: user=0.01 sys=0.00, real=0.01 secs] 
83.209: Total time for which application threads were stopped: 0.0092000 seconds, Stopping threads took: 0.0000620 seconds
83.276: Application time: 0.0667440 seconds
83.276: [GC83.276: [DefNew: 15691K->15691K(18432K), 0.0000090 secs]83.276: [Tenured: 29340K->30052K(40960K), 0.0091870 secs] 45031K->30052K(59392K), [Perm : 6080K->6080K(21248K)], 0.0092460 secs] [Times: user=0.01 sys=0.00, real=0.00 secs] 
83.285: Total time for which application threads were stopped: 0.0094060 seconds, Stopping threads took: 0.0000920 seconds
83.361: Application time: 0.0759530 seconds
83.361: [GC83.361: [DefNew: 15689K->15689K(18432K), 0.0000100 secs]83.361: [Tenured: 30052K->29340K(40960K), 0.0094940 secs] 45742K->29340K(59392K), [Perm : 6080K->6080K(21248K)], 0.0095590 secs] [Times: user=0.00 sys=0.01, real=0.01 secs] 
83.371: Total time for which application threads were stopped: 0.0097140 seconds, Stopping threads took: 0.0000860 seconds
83.415: Application time: 0.0443040 seconds
83.415: [GC83.415: [DefNew: 15707K->15707K(18432K), 0.0000110 secs]83.415: [Tenured: 29340K->28628K(40960K), 0.0105560 secs] 45047K->28628K(59392K), [Perm : 6080K->6080K(21248K)], 0.0106230 secs] [Times: user=0.01 sys=0.00, real=0.01 secs] 
83.426: Total time for which application threads were stopped: 0.0108110 seconds, Stopping threads took: 0.0001170 seconds
83.497: Application time: 0.0706850 seconds
83.497: [GC83.497: [DefNew: 15698K->15698K(18432K), 0.0000090 secs]83.497: [Tenured: 28628K->27915K(40960K), 0.0104810 secs] 44326K->27915K(59392K), [Perm : 6080K->6080K(21248K)], 0.0105390 secs] [Times: user=0.01 sys=0.00, real=0.01 secs] 
83.508: Total time for which application threads were stopped: 0.0107570 seconds, Stopping threads took: 0.0001390 seconds
83.567: Application time: 0.0598940 seconds
83.568: [GC83.568: [DefNew: 15689K->15689K(18432K), 0.0000110 secs]83.568: [Tenured: 27915K->29340K(40960K), 0.0108360 secs] 43605K->29340K(59392K), [Perm : 6080K->6080K(21248K)], 0.0108960 secs] [Times: user=0.01 sys=0.00, real=0.01 secs] 
83.579: Total time for which application threads were stopped: 0.0110910 seconds, Stopping threads took: 0.0001120 seconds
83.635: Application time: 0.0562400 seconds
83.635: [GC83.635: [DefNew: 15689K->15689K(18432K), 0.0000100 secs]83.635: [Tenured: 29340K->27202K(40960K), 0.0115110 secs] 45030K->27202K(59392K), [Perm : 6080K->6080K(21248K)], 0.0115690 secs] [Times: user=0.01 sys=0.00, real=0.01 secs] 
83.647: Total time for which application threads were stopped: 0.0117480 seconds, Stopping threads took: 0.0001100 seconds
83.714: Application time: 0.0670310 seconds
83.714: [GC83.714: [DefNew: 15698K->15698K(18432K), 0.0000090 secs]83.714: [Tenured: 27202K->27916K(40960K), 0.0098190 secs] 42901K->27916K(59392K), [Perm : 6080K->6080K(21248K)], 0.0098740 secs] [Times: user=0.01 sys=0.00, real=0.00 secs] 
83.724: Total time for which application threads were stopped: 0.0100080 seconds, Stopping threads took: 0.0000630 seconds
83.768: Application time: 0.0442420 seconds
83.768: [GC83.768: [DefNew: 15696K->15696K(18432K), 0.0000110 secs]83.768: [Tenured: 27916K->26490K(40960K), 0.0106590 secs] 43613K->26490K(59392K), [Perm : 6080K->6080K(21248K)], 0.0107210 secs] [Times: user=0.01 sys=0.00, real=0.01 secs] 
83.779: Total time for which application threads were stopped: 0.0108630 seconds, Stopping threads took: 0.0000690 seconds
83.845: Application time: 0.0659160 seconds
83.845: [GC83.845: [DefNew: 15687K->1425K(18432K), 0.0036290 secs] 42178K->39316K(59392K), 0.0036700 secs] [Times: user=0.00 sys=0.00, real=0.01 secs] 
83.848: Total time for which application threads were stopped: 0.0038400 seconds, Stopping threads took: 0.0001020 seconds
83.911: Application time: 0.0621670 seconds
83.911: [GC83.911: [DefNew: 17112K->17112K(18432K), 0.0000100 secs]83.911: [Tenured: 37891K->27203K(40960K), 0.0092430 secs] 55004K->27203K(59392K), [Perm : 6080K->6080K(21248K)], 0.0093130 secs] [Times: user=0.01 sys=0.00, real=0.01 secs] 
83.920: Total time for which application threads were stopped: 0.0094650 seconds, Stopping threads took: 0.0000770 seconds
83.971: Application time: 0.0505720 seconds
83.971: [GC83.971: [DefNew: 15687K->15687K(18432K), 0.0000090 secs]83.971: [Tenured: 27203K->25778K(40960K), 0.0103190 secs] 42891K->25778K(59392K), [Perm : 6080K->6080K(21248K)], 0.0103710 secs] [Times: user=0.01 sys=0.00, real=0.01 secs] 
83.981: Total time for which application threads were stopped: 0.0105460 seconds, Stopping threads took: 0.0000970 seconds
84.025: Application time: 0.0438900 seconds
84.025: [GC84.025: [DefNew: 15696K->15696K(18432K), 0.0000100 secs]84.025: [Tenured: 25778K->26491K(40960K), 0.0098040 secs] 41475K->26491K(59392K), [Perm : 6080K->6080K(21248K)], 0.0098640 secs] [Times: user=0.01 sys=0.00, real=0.02 secs] 
84.035: Total time for which application threads were stopped: 0.0100450 seconds, Stopping threads took: 0.0001110 seconds
84.101: Application time: 0.0656380 seconds
84.101: [GC84.101: [DefNew: 15705K->15705K(18432K), 0.0000090 secs]84.101: [Tenured: 26491K->21503K(40960K), 0.0104400 secs] 42197K->21503K(59392K), [Perm : 6080K->6080K(21248K)], 0.0105000 secs] [Times: user=0.01 sys=0.00, real=0.01 secs] 
84.111: Total time for which application threads were stopped: 0.0106650 seconds, Stopping threads took: 0.0000860 seconds
84.151: Application time: 0.0390690 seconds
84.151: [GC84.151: [DefNew: 15688K->1425K(18432K), 0.0035980 secs] 37191K->33616K(59392K), 0.0036390 secs] [Times: user=0.00 sys=0.00, real=0.01 secs] 
84.154: Total time for which application threads were stopped: 0.0037990 seconds, Stopping threads took: 0.0000910 seconds
84.205: Application time: 0.0504510 seconds
84.205: [GC84.205: [DefNew: 17113K->17113K(18432K), 0.0000090 secs]84.205: [Tenured: 32191K->23641K(40960K), 0.0092670 secs] 49305K->23641K(59392K), [Perm : 6080K->6080K(21248K)], 0.0093260 secs] [Times: user=0.01 sys=0.00, real=0.02 secs] 
84.214: Total time for which application threads were stopped: 0.0095130 seconds, Stopping threads took: 0.0001080 seconds
84.273: Application time: 0.0587950 seconds
84.273: [GC84.273: [DefNew: 15688K->1425K(18432K), 0.0034490 secs] 39329K->35754K(59392K), 0.0034860 secs] [Times: user=0.01 sys=0.00, real=0.01 secs] 
84.277: Total time for which application threads were stopped: 0.0037440 seconds, Stopping threads took: 0.0001920 seconds
84.320: Application time: 0.0432520 seconds
84.320: [GC84.320: [DefNew: 17113K->17113K(18432K), 0.0000100 secs]84.320: [Tenured: 34329K->23641K(40960K), 0.0088870 secs] 51443K->23641K(59392K), [Perm : 6080K->6080K(21248K)], 0.0089450 secs] [Times: user=0.01 sys=0.00, real=0.01 secs] 
84.329: Total time for which application threads were stopped: 0.0090760 seconds, Stopping threads took: 0.0000590 seconds
84.376: Application time: 0.0468230 seconds
84.376: [GC84.376: [DefNew: 15688K->1425K(18432K), 0.0035610 secs] 39330K->35755K(59392K), 0.0036020 secs] [Times: user=0.00 sys=0.00, real=0.00 secs] 
84.380: Total time for which application threads were stopped: 0.0037390 seconds, Stopping threads took: 0.0000660 seconds
84.445: Application time: 0.0655390 seconds
84.445: [GC84.445: [DefNew: 17131K->17131K(18432K), 0.0000090 secs]84.445: [Tenured: 34330K->23643K(40960K), 0.0090960 secs] 51461K->23643K(59392K), [Perm : 6080K->6080K(21248K)], 0.0091520 secs] [Times: user=0.01 sys=0.00, real=0.02 secs] 
84.455: Total time for which application threads were stopped: 0.0092830 seconds, Stopping threads took: 0.0000630 seconds
84.501: Application time: 0.0463760 seconds
84.501: [GC84.501: [DefNew: 15688K->1425K(18432K), 0.0034820 secs] 39332K->35757K(59392K), 0.0035190 secs] [Times: user=0.00 sys=0.00, real=0.00 secs] 
84.505: Total time for which application threads were stopped: 0.0037870 seconds, Stopping threads took: 0.0001810 seconds
84.560: Application time: 0.0555000 seconds
84.560: [GC84.560: [DefNew: 17122K->17122K(18432K), 0.0000100 secs]84.560: [Tenured: 34332K->25069K(40960K), 0.0101250 secs] 51454K->25069K(59392K), [Perm : 6080K->6080K(21248K)], 0.0101930 secs] [Times: user=0.01 sys=0.00, real=0.01 secs] 
84.571: Total time for which application threads were stopped: 0.0103730 seconds, Stopping threads took: 0.0001110 seconds
84.616: Application time: 0.0458380 seconds
84.617: [GC84.617: [DefNew: 15688K->1425K(18432K), 0.0035280 secs] 40758K->37183K(59392K), 0.0035700 secs] [Times: user=0.00 sys=0.00, real=0.00 secs] 
84.620: Total time for which application threads were stopped: 0.0038360 seconds, Stopping threads took: 0.0001850 seconds
84.677: Application time: 0.0564810 seconds
84.677: [GC84.677: [DefNew: 17114K->17114K(18432K), 0.0000100 secs]84.677: [Tenured: 35758K->25782K(40960K), 0.0098440 secs] 52872K->25782K(59392K), [Perm : 6080K->6080K(21248K)], 0.0099030 secs] [Times: user=0.01 sys=0.00, real=0.01 secs] 
84.687: Total time for which application threads were stopped: 0.0100460 seconds, Stopping threads took: 0.0000720 seconds
84.733: Application time: 0.0463640 seconds
84.733: [GC84.733: [DefNew: 15695K->15695K(18432K), 0.0000090 secs]84.733: [Tenured: 25782K->26492K(40960K), 0.0103370 secs] 41477K->26492K(59392K), [Perm : 6080K->6080K(21248K)], 0.0103940 secs] [Times: user=0.01 sys=0.00, real=0.01 secs] 
84.744: Total time for which application threads were stopped: 0.0106200 seconds, Stopping threads took: 0.0001440 seconds
84.790: Application time: 0.0461050 seconds
84.790: [GC84.790: [DefNew: 15688K->15688K(18432K), 0.0000100 secs]84.790: [Tenured: 26492K->25779K(40960K), 0.0090290 secs] 42181K->25779K(59392K), [Perm : 6080K->6080K(21248K)], 0.0090860 secs] [Times: user=0.01 sys=0.00, real=0.01 secs] 
84.799: Total time for which application threads were stopped: 0.0092490 seconds, Stopping threads took: 0.0000840 seconds
84.855: Application time: 0.0556110 seconds
84.855: [GC84.855: [DefNew: 15697K->15697K(18432K), 0.0000090 secs]84.855: [Tenured: 25779K->27205K(40960K), 0.0091740 secs] 41477K->27205K(59392K), [Perm : 6080K->6080K(21248K)], 0.0092330 secs] [Times: user=0.01 sys=0.00, real=0.00 secs] 
84.864: Total time for which application threads were stopped: 0.0093910 seconds, Stopping threads took: 0.0000790 seconds
84.916: Application time: 0.0514970 seconds
84.916: [GC84.916: [DefNew: 15689K->15689K(18432K), 0.0000100 secs]84.916: [Tenured: 27205K->27205K(40960K), 0.0091090 secs] 42894K->27205K(59392K), [Perm : 6080K->6080K(21248K)], 0.0091700 secs] [Times: user=0.00 sys=0.00, real=0.00 secs] 
84.925: Total time for which application threads were stopped: 0.0093000 seconds, Stopping threads took: 0.0000600 seconds
84.967: Application time: 0.0418990 seconds
84.967: [GC84.967: [DefNew: 15688K->15688K(18432K), 0.0000110 secs]84.967: [Tenured: 27205K->27917K(40960K), 0.0107360 secs] 42894K->27917K(59392K), [Perm : 6080K->6080K(21248K)], 0.0107970 secs] [Times: user=0.01 sys=0.00, real=0.01 secs] 
84.978: Total time for which application threads were stopped: 0.0110170 seconds, Stopping threads took: 0.0001380 seconds
85.045: Application time: 0.0670300 seconds
85.045: [GC85.045: [DefNew: 15688K->15688K(18432K), 0.0000100 secs]85.045: [Tenured: 27917K->27204K(40960K), 0.0097540 secs] 43606K->27204K(59392K), [Perm : 6080K->6080K(21248K)], 0.0098130 secs] [Times: user=0.01 sys=0.00, real=0.02 secs] 
85.055: Total time for which application threads were stopped: 0.0099740 seconds, Stopping threads took: 0.0000800 seconds
85.094: Application time: 0.0393570 seconds
85.094: [GC85.094: [DefNew: 15705K->15705K(18432K), 0.0000100 secs]85.094: [Tenured: 27204K->27919K(40960K), 0.0090360 secs] 42910K->27919K(59392K), [Perm : 6080K->6080K(21248K)], 0.0090950 secs] [Times: user=0.01 sys=0.00, real=0.00 secs] 
85.103: Total time for which application threads were stopped: 0.0092270 seconds, Stopping threads took: 0.0000600 seconds
85.149: Application time: 0.0459020 seconds
85.150: [GC85.150: [DefNew: 15697K->15697K(18432K), 0.0000100 secs]85.150: [Tenured: 27919K->28632K(40960K), 0.0100470 secs] 43616K->28632K(59392K), [Perm : 6080K->6080K(21248K)], 0.0101140 secs] [Times: user=0.01 sys=0.00, real=0.01 secs] 
85.160: Total time for which application threads were stopped: 0.0103110 seconds, Stopping threads took: 0.0000970 seconds
85.223: Application time: 0.0636370 seconds
85.223: [GC85.223: [DefNew: 15688K->15688K(18432K), 0.0000100 secs]85.223: [Tenured: 28632K->30054K(40960K), 0.0111440 secs] 44320K->30054K(59392K), [Perm : 6080K->6080K(21248K)], 0.0112040 secs] [Times: user=0.01 sys=0.00, real=0.02 secs] 
85.235: Total time for which application threads were stopped: 0.0113420 seconds, Stopping threads took: 0.0000670 seconds
85.286: Application time: 0.0509400 seconds
85.286: [GC85.286: [DefNew: 15688K->15688K(18432K), 0.0000090 secs]85.286: [Tenured: 30054K->29342K(40960K), 0.0089050 secs] 45743K->29342K(59392K), [Perm : 6080K->6080K(21248K)], 0.0089640 secs] [Times: user=0.00 sys=0.00, real=0.01 secs] 
85.295: Total time for which application threads were stopped: 0.0090880 seconds, Stopping threads took: 0.0000550 seconds
85.328: Application time: 0.0334970 seconds
85.328: [GC85.328: [DefNew: 15688K->15688K(18432K), 0.0000100 secs]85.328: [Tenured: 29342K->30054K(40960K), 0.0098640 secs] 45030K->30054K(59392K), [Perm : 6080K->6080K(21248K)], 0.0099250 secs] [Times: user=0.01 sys=0.00, real=0.01 secs] 
85.338: Total time for which application threads were stopped: 0.0100680 seconds, Stopping threads took: 0.0000700 seconds
85.409: Application time: 0.0702660 seconds
85.409: [GC85.409: [DefNew: 15688K->15688K(18432K), 0.0000090 secs]85.409: [Tenured: 30054K->29341K(40960K), 0.0096760 secs] 45742K->29341K(59392K), [Perm : 6080K->6080K(21248K)], 0.0097360 secs] [Times: user=0.01 sys=0.00, real=0.01 secs] 
85.418: Total time for which application threads were stopped: 0.0099170 seconds, Stopping threads took: 0.0000940 seconds
85.462: Application time: 0.0437810 seconds
85.463: [GC85.463: [DefNew: 15720K->15720K(18432K), 0.0000100 secs]85.463: [Tenured: 29341K->27204K(40960K), 0.0114720 secs] 45062K->27204K(59392K), [Perm : 6080K->6080K(21248K)], 0.0115300 secs] [Times: user=0.02 sys=0.00, real=0.02 secs] 
85.474: Total time for which application threads were stopped: 0.0119260 seconds, Stopping threads took: 0.0003170 seconds
85.481: Application time: 0.0073230 seconds
85.482: [GC85.482: [DefNew: 15679K->15679K(18432K), 0.0000100 secs]85.482: [Tenured: 27204K->30054K(40960K), 0.0063210 secs] 42883K->30054K(59392K), [Perm : 6080K->6080K(21248K)], 0.0063830 secs] [Times: user=0.01 sys=0.00, real=0.01 secs] 
85.488: Total time for which application threads were stopped: 0.0065250 seconds, Stopping threads took: 0.0000700 seconds
85.494: Application time: 0.0063840 seconds
85.495: [GC85.495: [DefNew: 15685K->15685K(18432K), 0.0000090 secs]85.495: [Tenured: 30054K->29341K(40960K), 0.0087850 secs] 45739K->29341K(59392K), [Perm : 6080K->6080K(21248K)], 0.0088460 secs] [Times: user=0.01 sys=0.00, real=0.00 secs] 
85.503: Total time for which application threads were stopped: 0.0090480 seconds, Stopping threads took: 0.0001290 seconds
85.507: Application time: 0.0039370 seconds
85.508: [GC85.508: [DefNew: 15677K->15677K(18432K), 0.0000110 secs]85.508: [Tenured: 29341K->30766K(40960K), 0.0061940 secs] 45019K->30766K(59392K), [Perm : 6080K->6080K(21248K)], 0.0062540 secs] [Times: user=0.01 sys=0.00, real=0.01 secs] 
85.514: Total time for which application threads were stopped: 0.0064510 seconds, Stopping threads took: 0.0001280 seconds
85.521: Application time: 0.0070030 seconds
85.521: [GC85.521: [DefNew: 16121K->16121K(18432K), 0.0000100 secs]85.521: [Tenured: 30766K->25073K(40960K), 0.0108440 secs] 46888K->25073K(59392K), [Perm : 6080K->6080K(21248K)], 0.0109020 secs] [Times: user=0.02 sys=0.00, real=0.01 secs] 
85.532: Total time for which application threads were stopped: 0.0111040 seconds, Stopping threads took: 0.0001330 seconds
85.539: Application time: 0.0067290 seconds
85.539: [GC85.539: [DefNew: 15912K->15912K(18432K), 0.0000180 secs]85.539: [Tenured: 25073K->25075K(40960K), 0.0098050 secs] 40986K->25075K(59392K), [Perm : 6080K->6080K(21248K)], 0.0098760 secs] [Times: user=0.01 sys=0.00, real=0.01 secs] 
85.549: Total time for which application threads were stopped: 0.0100500 seconds, Stopping threads took: 0.0001010 seconds
85.554: Application time: 0.0048600 seconds
85.554: [GC85.554: [DefNew: 15764K->1426K(18432K), 0.0021380 secs] 40840K->32202K(59392K), 0.0021730 secs] [Times: user=0.00 sys=0.00, real=0.00 secs] 
85.556: Total time for which application threads were stopped: 0.0023350 seconds, Stopping threads took: 0.0000970 seconds
85.561: Application time: 0.0050890 seconds
85.561: [GC85.561: [DefNew: 17111K->17111K(18432K), 0.0000100 secs]85.561: [Tenured: 30776K->27204K(40960K), 0.0097070 secs] 47887K->27204K(59392K), [Perm : 6080K->6080K(21248K)], 0.0097670 secs] [Times: user=0.01 sys=0.00, real=0.01 secs] 
85.571: Total time for which application threads were stopped: 0.0099700 seconds, Stopping threads took: 0.0001180 seconds
85.575: Application time: 0.0042140 seconds
85.576: [GC85.576: [DefNew: 15683K->15683K(18432K), 0.0000100 secs]85.576: [Tenured: 27204K->28630K(40960K), 0.0070070 secs] 42888K->28630K(59392K), [Perm : 6080K->6080K(21248K)], 0.0070620 secs] [Times: user=0.00 sys=0.00, real=0.00 secs] 
85.583: Total time for which application threads were stopped: 0.0076070 seconds, Stopping threads took: 0.0004590 seconds
85.587: Application time: 0.0039250 seconds
85.587: [GC85.587: [DefNew: 15680K->15680K(18432K), 0.0000100 secs]85.587: [Tenured: 28630K->28629K(40960K), 0.0077390 secs] 44311K->28629K(59392K), [Perm : 6080K->6080K(21248K)], 0.0077970 secs] [Times: user=0.01 sys=0.00, real=0.01 secs] 
85.595: Total time for which application threads were stopped: 0.0080200 seconds, Stopping threads took: 0.0001340 seconds
85.599: Application time: 0.0043880 seconds
85.600: [GC85.600: [DefNew: 15680K->15680K(18432K), 0.0000110 secs]85.600: [Tenured: 28629K->27204K(40960K), 0.0065920 secs] 44309K->27204K(59392K), [Perm : 6080K->6080K(21248K)], 0.0066470 secs] [Times: user=0.00 sys=0.00, real=0.01 secs] 
85.606: Total time for which application threads were stopped: 0.0070680 seconds, Stopping threads took: 0.0003430 seconds
85.610: Application time: 0.0042110 seconds
85.611: [GC85.611: [DefNew: 15696K->15696K(18432K), 0.0000090 secs]85.611: [Tenured: 27204K->27204K(40960K), 0.0087960 secs] 42900K->27204K(59392K), [Perm : 6080K->6080K(21248K)], 0.0088550 secs] [Times: user=0.01 sys=0.00, real=0.01 secs] 
85.620: Total time for which application threads were stopped: 0.0091050 seconds, Stopping threads took: 0.0001620 seconds
85.624: Application time: 0.0044110 seconds
85.624: [GC85.624: [DefNew: 15679K->15679K(18432K), 0.0000100 secs]85.624: [Tenured: 27204K->29341K(40960K), 0.0070270 secs] 42883K->29341K(59392K), [Perm : 6080K->6080K(21248K)], 0.0070840 secs] [Times: user=0.01 sys=0.00, real=0.01 secs] 
85.631: Total time for which application threads were stopped: 0.0072630 seconds, Stopping threads took: 0.0001000 seconds
85.639: Application time: 0.0080250 seconds
85.639: [GC85.639: [DefNew: 15686K->15686K(18432K), 0.0000100 secs]85.639: [Tenured: 29341K->27916K(40960K), 0.0075980 secs] 45028K->27916K(59392K), [Perm : 6080K->6080K(21248K)], 0.0076560 secs] [Times: user=0.01 sys=0.00, real=0.01 secs] 
85.647: Total time for which application threads were stopped: 0.0078140 seconds, Stopping threads took: 0.0000870 seconds
85.654: Application time: 0.0065320 seconds
85.654: [GC85.654: [DefNew: 15681K->15681K(18432K), 0.0000100 secs]85.654: [Tenured: 27916K->27204K(40960K), 0.0093610 secs] 43598K->27204K(59392K), [Perm : 6080K->6080K(21248K)], 0.0094210 secs] [Times: user=0.01 sys=0.00, real=0.00 secs] 
85.663: Total time for which application threads were stopped: 0.0096610 seconds, Stopping threads took: 0.0001320 seconds
85.669: Application time: 0.0058510 seconds
85.669: [GC85.669: [DefNew: 15688K->15688K(18432K), 0.0000100 secs]85.669: [Tenured: 27204K->26492K(40960K), 0.0084250 secs] 42893K->26492K(59392K), [Perm : 6080K->6080K(21248K)], 0.0084840 secs] [Times: user=0.01 sys=0.00, real=0.01 secs] 
85.678: Total time for which application threads were stopped: 0.0087280 seconds, Stopping threads took: 0.0001630 seconds
85.682: Application time: 0.0042350 seconds
85.682: [GC85.682: [DefNew: 16189K->16189K(18432K), 0.0000100 secs]85.682: [Tenured: 26492K->26530K(40960K), 0.0064580 secs] 42681K->26530K(59392K), [Perm : 6080K->6080K(21248K)], 0.0065100 secs] [Times: user=0.01 sys=0.00, real=0.01 secs] 
85.689: Total time for which application threads were stopped: 0.0066850 seconds, Stopping threads took: 0.0001070 seconds
85.695: Application time: 0.0063570 seconds
85.695: [GC85.695: [DefNew: 15918K->15918K(18432K), 0.0000100 secs]85.695: [Tenured: 26530K->24353K(40960K), 0.0103150 secs] 42448K->24353K(59392K), [Perm : 6080K->6080K(21248K)], 0.0103730 secs] [Times: user=0.01 sys=0.00, real=0.01 secs] 
85.706: Total time for which application threads were stopped: 0.0105510 seconds, Stopping threads took: 0.0001090 seconds
85.715: Application time: 0.0093730 seconds
85.715: [GC85.715: [DefNew: 15683K->1425K(18432K), 0.0006410 secs] 40036K->25779K(59392K), 0.0006720 secs] [Times: user=0.00 sys=0.00, real=0.00 secs] 
85.716: Total time for which application threads were stopped: 0.0008120 seconds, Stopping threads took: 0.0000790 seconds
85.722: Application time: 0.0063020 seconds
85.722: [GC85.722: [DefNew: 17107K->17107K(18432K), 0.0000100 secs]85.722: [Tenured: 24353K->25778K(40960K), 0.0089340 secs] 41460K->25778K(59392K), [Perm : 6080K->6080K(21248K)], 0.0089950 secs] [Times: user=0.01 sys=0.00, real=0.01 secs] 
85.731: Total time for which application threads were stopped: 0.0091350 seconds, Stopping threads took: 0.0000710 seconds
85.735: Application time: 0.0039310 seconds
85.735: [GC85.735: [DefNew: 15685K->15685K(18432K), 0.0000100 secs]85.735: [Tenured: 25778K->26491K(40960K), 0.0088780 secs] 41464K->26491K(59392K), [Perm : 6080K->6080K(21248K)], 0.0089380 secs] [Times: user=0.00 sys=0.00, real=0.00 secs] 
85.744: Total time for which application threads were stopped: 0.0090830 seconds, Stopping threads took: 0.0000700 seconds
85.751: Application time: 0.0066810 seconds
85.751: [GC85.751: [DefNew: 15685K->15685K(18432K), 0.0000100 secs]85.751: [Tenured: 26491K->27205K(40960K), 0.0066930 secs] 42177K->27205K(59392K), [Perm : 6080K->6080K(21248K)], 0.0067500 secs] [Times: user=0.00 sys=0.00, real=0.01 secs] 
85.758: Total time for which application threads were stopped: 0.0069830 seconds, Stopping threads took: 0.0001450 seconds
85.765: Application time: 0.0066380 seconds
85.765: [GC85.765: [DefNew: 15678K->15678K(18432K), 0.0000100 secs]85.765: [Tenured: 27205K->25779K(40960K), 0.0079390 secs] 42883K->25779K(59392K), [Perm : 6080K->6080K(21248K)], 0.0079990 secs] [Times: user=0.01 sys=0.00, real=0.01 secs] 
85.773: Total time for which application threads were stopped: 0.0081540 seconds, Stopping threads took: 0.0000810 seconds
85.779: Application time: 0.0062870 seconds
85.780: [GC85.780: [DefNew: 15683K->15683K(18432K), 0.0000110 secs]85.780: [Tenured: 25779K->24354K(40960K), 0.0089700 secs] 41462K->24354K(59392K), [Perm : 6080K->6080K(21248K)], 0.0090310 secs] [Times: user=0.01 sys=0.00, real=0.01 secs] 
85.789: Total time for which application threads were stopped: 0.0099570 seconds, Stopping threads took: 0.0008330 seconds
85.793: Application time: 0.0044120 seconds
85.794: [GC85.794: [DefNew: 15688K->1426K(18432K), 0.0015230 secs] 40042K->28630K(59392K), 0.0015570 secs] [Times: user=0.00 sys=0.00, real=0.00 secs] 
85.795: Total time for which application threads were stopped: 0.0017460 seconds, Stopping threads took: 0.0001060 seconds
85.799: Application time: 0.0037290 seconds
85.799: [GC85.799: [DefNew: 17105K->17105K(18432K), 0.0000090 secs]85.799: [Tenured: 27204K->27917K(40960K), 0.0058820 secs] 44309K->27917K(59392K), [Perm : 6080K->6080K(21248K)], 0.0059390 secs] [Times: user=0.01 sys=0.00, real=0.00 secs] 
85.805: Total time for which application threads were stopped: 0.0060850 seconds, Stopping threads took: 0.0000740 seconds
85.828: Application time: 0.0225820 seconds
85.828: [GC85.828: [DefNew: 15690K->15690K(18432K), 0.0000110 secs]85.828: [Tenured: 27917K->27203K(40960K), 0.0095800 secs] 43608K->27203K(59392K), [Perm : 6080K->6080K(21248K)], 0.0096630 secs] [Times: user=0.01 sys=0.00, real=0.01 secs] 
85.837: Total time for which application threads were stopped: 0.0098570 seconds, Stopping threads took: 0.0001080 seconds
85.893: Application time: 0.0555810 seconds
85.893: [GC85.893: [DefNew: 15687K->15687K(18432K), 0.0000100 secs]85.893: [Tenured: 27203K->27916K(40960K), 0.0100910 secs] 42891K->27916K(59392K), [Perm : 6080K->6080K(21248K)], 0.0101510 secs] [Times: user=0.01 sys=0.00, real=0.01 secs] 
85.903: Total time for which application threads were stopped: 0.0103440 seconds, Stopping threads took: 0.0001120 seconds
85.966: Application time: 0.0626120 seconds
85.966: [GC85.966: [DefNew: 15687K->15687K(18432K), 0.0000090 secs]85.966: [Tenured: 27916K->27916K(40960K), 0.0098550 secs] 43604K->27916K(59392K), [Perm : 6080K->6080K(21248K)], 0.0099070 secs] [Times: user=0.01 sys=0.00, real=0.01 secs] 
85.976: Total time for which application threads were stopped: 0.0100480 seconds, Stopping threads took: 0.0000730 seconds
85.992: Application time: 0.0161190 seconds
85.992: [GC85.992: [DefNew: 15716K->15716K(18432K), 0.0000100 secs]85.992: [Tenured: 27916K->28658K(40960K), 0.0101690 secs] 43632K->28658K(59392K), [Perm : 6080K->6080K(21248K)], 0.0102300 secs] [Times: user=0.01 sys=0.00, real=0.01 secs] 
86.003: Total time for which application threads were stopped: 0.0104710 seconds, Stopping threads took: 0.0001510 seconds
86.018: Application time: 0.0152220 seconds
86.018: [GC86.018: [DefNew: 15679K->15679K(18432K), 0.0000090 secs]86.018: [Tenured: 28658K->27945K(40960K), 0.0090880 secs] 44337K->27945K(59392K), [Perm : 6080K->6080K(21248K)], 0.0091460 secs] [Times: user=0.00 sys=0.00, real=0.01 secs] 
86.027: Total time for which application threads were stopped: 0.0093150 seconds, Stopping threads took: 0.0000870 seconds
86.033: Application time: 0.0053790 seconds
86.033: [GC86.033: [DefNew: 15683K->15683K(18432K), 0.0000100 secs]86.033: [Tenured: 27945K->27203K(40960K), 0.0103470 secs] 43629K->27203K(59392K), [Perm : 6080K->6080K(21248K)], 0.0104080 secs] [Times: user=0.01 sys=0.00, real=0.01 secs] 
86.043: Total time for which application threads were stopped: 0.0105740 seconds, Stopping threads took: 0.0000920 seconds
86.049: Application time: 0.0060500 seconds
86.049: [GC86.049: [DefNew: 15685K->15685K(18432K), 0.0000100 secs]86.049: [Tenured: 27203K->26491K(40960K), 0.0058060 secs] 42889K->26491K(59392K), [Perm : 6080K->6080K(21248K)], 0.0058600 secs] [Times: user=0.00 sys=0.00, real=0.01 secs] 
86.055: Total time for which application threads were stopped: 0.0060030 seconds, Stopping threads took: 0.0000650 seconds
86.061: Application time: 0.0060280 seconds
86.061: [GC86.061: [DefNew: 16115K->16115K(18432K), 0.0000100 secs]86.061: [Tenured: 26491K->24389K(40960K), 0.0090960 secs] 42607K->24389K(59392K), [Perm : 6080K->6080K(21248K)], 0.0091550 secs] [Times: user=0.01 sys=0.00, real=0.01 secs] 
86.071: Total time for which application threads were stopped: 0.0093030 seconds, Stopping threads took: 0.0000790 seconds
86.077: Application time: 0.0067060 seconds
86.077: [GC86.077: [DefNew: 15890K->1433K(18432K), 0.0009390 secs] 40279K->27247K(59392K), 0.0009710 secs] [Times: user=0.00 sys=0.00, real=0.00 secs] 
86.078: Total time for which application threads were stopped: 0.0011190 seconds, Stopping threads took: 0.0000880 seconds
86.084: Application time: 0.0052830 seconds
86.085: [GC86.085: [DefNew: 17224K->17224K(18432K), 0.0000090 secs]86.085: [Tenured: 25814K->26520K(40960K), 0.0095970 secs] 43039K->26520K(59392K), [Perm : 6080K->6080K(21248K)], 0.0096550 secs] [Times: user=0.01 sys=0.00, real=0.02 secs] 
86.095: Total time for which application threads were stopped: 0.0109030 seconds, Stopping threads took: 0.0011580 seconds
86.098: Application time: 0.0035600 seconds
86.098: [GC86.098: [DefNew: 15681K->15681K(18432K), 0.0000190 secs]86.098: [Tenured: 26520K->26491K(40960K), 0.0117910 secs] 42202K->26491K(59392K), [Perm : 6080K->6080K(21248K)], 0.0118620 secs] [Times: user=0.01 sys=0.00, real=0.01 secs] 
86.110: Total time for which application threads were stopped: 0.0122020 seconds, Stopping threads took: 0.0002460 seconds
86.114: Application time: 0.0035570 seconds
86.114: [GC86.114: [DefNew: 15680K->15680K(18432K), 0.0000100 secs]86.114: [Tenured: 26491K->25778K(40960K), 0.0074810 secs] 42172K->25778K(59392K), [Perm : 6080K->6080K(21248K)], 0.0075370 secs] [Times: user=0.00 sys=0.00, real=0.00 secs] 
86.122: Total time for which application threads were stopped: 0.0077270 seconds, Stopping threads took: 0.0001200 seconds
86.125: Application time: 0.0038290 seconds
86.126: [GC86.126: [DefNew: 15679K->15679K(18432K), 0.0000100 secs]86.126: [Tenured: 25778K->25778K(40960K), 0.0074760 secs] 41458K->25778K(59392K), [Perm : 6080K->6080K(21248K)], 0.0075320 secs] [Times: user=0.00 sys=0.00, real=0.01 secs] 
86.134: Total time for which application threads were stopped: 0.0082980 seconds, Stopping threads took: 0.0006760 seconds
86.140: Application time: 0.0062280 seconds
86.140: [GC86.140: [DefNew: 15696K->15696K(18432K), 0.0000100 secs]86.140: [Tenured: 25778K->25778K(40960K), 0.0097520 secs] 41474K->25778K(59392K), [Perm : 6080K->6080K(21248K)], 0.0098100 secs] [Times: user=0.01 sys=0.00, real=0.01 secs] 
86.150: Total time for which application threads were stopped: 0.0099520 seconds, Stopping threads took: 0.0000710 seconds
86.154: Application time: 0.0040540 seconds
86.154: [GC86.154: [DefNew: 15677K->15677K(18432K), 0.0000100 secs]86.154: [Tenured: 25778K->25778K(40960K), 0.0059270 secs] 41455K->25778K(59392K), [Perm : 6080K->6080K(21248K)], 0.0059830 secs] [Times: user=0.00 sys=0.00, real=0.00 secs] 
86.160: Total time for which application threads were stopped: 0.0061240 seconds, Stopping threads took: 0.0000690 seconds
86.167: Application time: 0.0064400 seconds
86.167: [GC86.167: [DefNew: 15689K->1426K(18432K), 0.0020440 secs] 41468K->32192K(59392K), 0.0020810 secs] [Times: user=0.01 sys=0.00, real=0.00 secs] 
86.169: Total time for which application threads were stopped: 0.0025050 seconds, Stopping threads took: 0.0003250 seconds
86.177: Application time: 0.0074730 seconds
86.177: [GC86.177: [DefNew: 17104K->17104K(18432K), 0.0000100 secs]86.177: [Tenured: 30766K->25066K(40960K), 0.0090380 secs] 47871K->25066K(59392K), [Perm : 6080K->6080K(21248K)], 0.0090950 secs] [Times: user=0.01 sys=0.00, real=0.01 secs] 
86.186: Total time for which application threads were stopped: 0.0092450 seconds, Stopping threads took: 0.0000700 seconds
86.193: Application time: 0.0070940 seconds
86.193: [GC86.193: [DefNew: 15686K->1426K(18432K), 0.0005870 secs] 40752K->26492K(59392K), 0.0006140 secs] [Times: user=0.00 sys=0.00, real=0.01 secs] 
86.194: Total time for which application threads were stopped: 0.0007480 seconds, Stopping threads took: 0.0000740 seconds
86.197: Application time: 0.0037500 seconds
86.198: [GC86.198: [DefNew: 17108K->1425K(18432K), 0.0013880 secs] 42174K->28629K(59392K), 0.0014200 secs] [Times: user=0.00 sys=0.00, real=0.00 secs] 
86.199: Total time for which application threads were stopped: 0.0015670 seconds, Stopping threads took: 0.0000860 seconds
86.203: Application time: 0.0037420 seconds
86.203: [GC86.203: [DefNew: 17103K->17103K(18432K), 0.0000090 secs]86.203: [Tenured: 27204K->25778K(40960K), 0.0088720 secs] 44308K->25778K(59392K), [Perm : 6080K->6080K(21248K)], 0.0089330 secs] [Times: user=0.01 sys=0.00, real=0.01 secs] 
86.212: Total time for which application threads were stopped: 0.0090810 seconds, Stopping threads took: 0.0000710 seconds
86.250: Application time: 0.0381740 seconds
86.250: [GC86.250: [DefNew: 15694K->1426K(18432K), 0.0029220 secs] 41472K->35755K(59392K), 0.0029600 secs] [Times: user=0.00 sys=0.00, real=0.00 secs] 
86.253: Total time for which application threads were stopped: 0.0031260 seconds, Stopping threads took: 0.0000990 seconds
86.325: Application time: 0.0722460 seconds
86.325: [GC86.325: [DefNew: 17115K->17115K(18432K), 0.0000100 secs]86.326: [Tenured: 34329K->25778K(40960K), 0.0092360 secs] 51444K->25778K(59392K), [Perm : 6080K->6080K(21248K)], 0.0093040 secs] [Times: user=0.01 sys=0.00, real=0.01 secs] 
86.335: Total time for which application threads were stopped: 0.0094690 seconds, Stopping threads took: 0.0000950 seconds
86.390: Application time: 0.0551610 seconds
86.390: [GC86.390: [DefNew: 16282K->16282K(18432K), 0.0000100 secs]86.390: [Tenured: 25778K->22222K(40960K), 0.0103370 secs] 42061K->22222K(59392K), [Perm : 6080K->6080K(21248K)], 0.0103940 secs] [Times: user=0.01 sys=0.00, real=0.01 secs] 
86.401: Total time for which application threads were stopped: 0.0105350 seconds, Stopping threads took: 0.0000710 seconds
86.411: Application time: 0.0109760 seconds
86.412: [GC86.412: [DefNew: 15860K->1454K(18432K), 0.0008210 secs] 38082K->24389K(59392K), 0.0008480 secs] [Times: user=0.00 sys=0.00, real=0.00 secs] 
86.412: Total time for which application threads were stopped: 0.0009840 seconds, Stopping threads took: 0.0000780 seconds
86.418: Application time: 0.0050890 seconds
86.418: [GC86.418: [DefNew: 17140K->1426K(18432K), 0.0008180 secs] 40075K->25103K(59392K), 0.0008480 secs] [Times: user=0.00 sys=0.00, real=0.00 secs] 
86.419: Total time for which application threads were stopped: 0.0013440 seconds, Stopping threads took: 0.0004190 seconds
86.424: Application time: 0.0049950 seconds
86.425: [GC86.425: [DefNew: 17115K->1425K(18432K), 0.0015230 secs] 40792K->28666K(59392K), 0.0015580 secs] [Times: user=0.00 sys=0.00, real=0.01 secs] 
86.426: Total time for which application threads were stopped: 0.0023410 seconds, Stopping threads took: 0.0007000 seconds
86.430: Application time: 0.0037520 seconds
86.430: [GC86.430: [DefNew: 17107K->1425K(18432K), 0.0015130 secs] 44347K->31516K(59392K), 0.0015470 secs] [Times: user=0.00 sys=0.00, real=0.00 secs] 
86.432: Total time for which application threads were stopped: 0.0017220 seconds, Stopping threads took: 0.0000920 seconds
86.435: Application time: 0.0037280 seconds
86.436: [GC86.436: [DefNew: 17104K->17104K(18432K), 0.0000090 secs]86.436: [Tenured: 30091K->25095K(40960K), 0.0098880 secs] 47195K->25095K(59392K), [Perm : 6080K->6080K(21248K)], 0.0099480 secs] [Times: user=0.01 sys=0.00, real=0.01 secs] 
86.446: Total time for which application threads were stopped: 0.0108450 seconds, Stopping threads took: 0.0008070 seconds
86.450: Application time: 0.0035130 seconds
86.450: [GC86.450: [DefNew: 15687K->1426K(18432K), 0.0011300 secs] 40782K->28658K(59392K), 0.0011630 secs] [Times: user=0.00 sys=0.00, real=0.00 secs] 
86.451: Total time for which application threads were stopped: 0.0014280 seconds, Stopping threads took: 0.0002040 seconds
86.456: Application time: 0.0047400 seconds
86.457: [GC86.457: [DefNew: 17552K->1462K(18432K), 0.0015450 secs] 44785K->31545K(59392K), 0.0015790 secs] [Times: user=0.00 sys=0.00, real=0.00 secs] 
86.458: Total time for which application threads were stopped: 0.0023560 seconds, Stopping threads took: 0.0006940 seconds
86.462: Application time: 0.0036080 seconds
86.462: [GC86.462: [DefNew: 17247K->1432K(18432K), 0.0010730 secs] 47331K->32972K(59392K), 0.0011030 secs] [Times: user=0.00 sys=0.00, real=0.00 secs] 
86.463: Total time for which application threads were stopped: 0.0012630 seconds, Stopping threads took: 0.0001010 seconds
86.468: Application time: 0.0048660 seconds
86.468: [GC86.468: [DefNew: 17297K->17297K(18432K), 0.0000100 secs]86.468: [Tenured: 31539K->20827K(40960K), 0.0096200 secs] 48837K->20827K(59392K), [Perm : 6080K->6080K(21248K)], 0.0096780 secs] [Times: user=0.01 sys=0.00, real=0.01 secs] 
86.478: Total time for which application threads were stopped: 0.0099100 seconds, Stopping threads took: 0.0001510 seconds
86.482: Application time: 0.0035980 seconds
86.482: [GC86.482: [DefNew: 15706K->1426K(18432K), 0.0012240 secs] 36534K->24391K(59392K), 0.0012560 secs] [Times: user=0.00 sys=0.00, real=0.00 secs] 
86.483: Total time for which application threads were stopped: 0.0015470 seconds, Stopping threads took: 0.0002300 seconds
86.487: Application time: 0.0038830 seconds
86.488: [GC86.488: [DefNew: 17117K->1425K(18432K), 0.0016250 secs] 40083K->27955K(59392K), 0.0016690 secs] [Times: user=0.00 sys=0.00, real=0.00 secs] 
86.489: Total time for which application threads were stopped: 0.0022590 seconds, Stopping threads took: 0.0005260 seconds
86.493: Application time: 0.0035470 seconds
86.494: [GC86.494: [DefNew: 17109K->1425K(18432K), 0.0011990 secs] 43638K->30093K(59392K), 0.0012300 secs] [Times: user=0.01 sys=0.00, real=0.00 secs] 
86.495: Total time for which application threads were stopped: 0.0019720 seconds, Stopping threads took: 0.0006820 seconds
86.498: Application time: 0.0032250 seconds
86.499: [GC86.499: [DefNew: 17110K->1425K(18432K), 0.0008940 secs] 45778K->31518K(59392K), 0.0009230 secs] [Times: user=0.00 sys=0.00, real=0.00 secs] 
86.500: Total time for which application threads were stopped: 0.0020530 seconds, Stopping threads took: 0.0010510 seconds
86.504: Application time: 0.0037990 seconds
86.504: [GC86.504: [DefNew: 17110K->1425K(18432K), 0.0018670 secs] 47203K->35793K(59392K), 0.0019050 secs] [Times: user=0.00 sys=0.00, real=0.01 secs] 
86.506: Total time for which application threads were stopped: 0.0020750 seconds, Stopping threads took: 0.0001020 seconds
86.510: Application time: 0.0036250 seconds
86.510: [GC86.510: [DefNew: 17107K->17107K(18432K), 0.0000090 secs]86.510: [Tenured: 34368K->21531K(40960K), 0.0088340 secs] 51476K->21531K(59392K), [Perm : 6080K->6080K(21248K)], 0.0088920 secs] [Times: user=0.01 sys=0.00, real=0.01 secs] 
86.519: Total time for which application threads were stopped: 0.0095440 seconds, Stopping threads took: 0.0005840 seconds
86.523: Application time: 0.0037300 seconds
86.523: [GC86.523: [DefNew: 15689K->1426K(18432K), 0.0009210 secs] 37221K->24383K(59392K), 0.0009500 secs] [Times: user=0.00 sys=0.00, real=0.00 secs] 
86.524: Total time for which application threads were stopped: 0.0010650 seconds, Stopping threads took: 0.0000590 seconds
86.527: Application time: 0.0035060 seconds
86.528: [GC86.528: [DefNew: 17123K->1426K(18432K), 0.0015210 secs] 40080K->27235K(59392K), 0.0015560 secs] [Times: user=0.00 sys=0.00, real=0.00 secs] 
86.529: Total time for which application threads were stopped: 0.0018500 seconds, Stopping threads took: 0.0002170 seconds
86.532: Application time: 0.0029940 seconds
86.532: [GC86.532: [DefNew: 17107K->1425K(18432K), 0.0012790 secs] 42915K->29372K(59392K), 0.0013110 secs] [Times: user=0.00 sys=0.00, real=0.01 secs] 
86.534: Total time for which application threads were stopped: 0.0014900 seconds, Stopping threads took: 0.0001160 seconds
86.537: Application time: 0.0031890 seconds
86.537: [GC86.537: [DefNew: 17105K->1425K(18432K), 0.0005190 secs] 45052K->29372K(59392K), 0.0005430 secs] [Times: user=0.00 sys=0.00, real=0.00 secs] 
86.538: Total time for which application threads were stopped: 0.0007070 seconds, Stopping threads took: 0.0000980 seconds
86.542: Application time: 0.0047600 seconds
86.543: [GC86.543: [DefNew: 17119K->1427K(18432K), 0.0007630 secs] 45067K->30799K(59392K), 0.0007920 secs] [Times: user=0.00 sys=0.00, real=0.00 secs] 
86.544: Total time for which application threads were stopped: 0.0015700 seconds, Stopping threads took: 0.0007100 seconds
86.551: Application time: 0.0067180 seconds
86.551: [GC86.551: [DefNew: 17105K->1425K(18432K), 0.0008680 secs] 46478K->31512K(59392K), 0.0008950 secs] [Times: user=0.00 sys=0.00, real=0.00 secs] 
86.552: Total time for which application threads were stopped: 0.0010240 seconds, Stopping threads took: 0.0000730 seconds
86.558: Application time: 0.0060020 seconds
86.558: [GC86.558: [DefNew: 17108K->1425K(18432K), 0.0016820 secs] 47195K->35074K(59392K), 0.0017170 secs] [Times: user=0.00 sys=0.00, real=0.00 secs] 
86.560: Total time for which application threads were stopped: 0.0019290 seconds, Stopping threads took: 0.0001250 seconds
86.565: Application time: 0.0048190 seconds
86.565: [GC86.565: [DefNew: 17112K->1426K(18432K), 0.0012830 secs] 50762K->37213K(59392K), 0.0013160 secs] [Times: user=0.00 sys=0.00, real=0.01 secs] 
86.566: Total time for which application threads were stopped: 0.0014740 seconds, Stopping threads took: 0.0000880 seconds
86.570: Application time: 0.0036060 seconds
86.570: [GC86.570: [DefNew: 17107K->17107K(18432K), 0.0000100 secs]86.570: [Tenured: 35787K->22928K(40960K), 0.0101780 secs] 52894K->22928K(59392K), [Perm : 6080K->6080K(21248K)], 0.0102350 secs] [Times: user=0.01 sys=0.00, real=0.01 secs] 
86.580: Total time for which application threads were stopped: 0.0104190 seconds, Stopping threads took: 0.0001110 seconds
86.610: Application time: 0.0295820 seconds
86.610: [GC86.610: [DefNew: 15690K->1426K(18432K), 0.0011740 secs] 38618K->27204K(59392K), 0.0012030 secs] [Times: user=0.01 sys=0.00, real=0.00 secs] 
86.611: Total time for which application threads were stopped: 0.0013310 seconds, Stopping threads took: 0.0000660 seconds
86.666: Application time: 0.0547390 seconds
86.666: [GC86.666: [DefNew: 17117K->1425K(18432K), 0.0044380 secs] 42896K->41454K(59392K), 0.0044790 secs] [Times: user=0.01 sys=0.00, real=0.00 secs] 
86.670: Total time for which application threads were stopped: 0.0046520 seconds, Stopping threads took: 0.0001060 seconds
86.739: Application time: 0.0683430 seconds
86.739: [GC86.739: [DefNew: 17116K->17116K(18432K), 0.0000100 secs]86.739: [Tenured: 40029K->24353K(40960K), 0.0102660 secs] 57146K->24353K(59392K), [Perm : 6080K->6080K(21248K)], 0.0103260 secs] [Times: user=0.01 sys=0.00, real=0.01 secs] 
86.749: Total time for which application threads were stopped: 0.0105460 seconds, Stopping threads took: 0.0001240 seconds
86.823: Application time: 0.0737560 seconds
86.823: [GC86.823: [DefNew: 15691K->1425K(18432K), 0.0042460 secs] 40044K->39316K(59392K), 0.0042920 secs] [Times: user=0.00 sys=0.00, real=0.01 secs] 
86.828: Total time for which application threads were stopped: 0.0045150 seconds, Stopping threads took: 0.0001340 seconds
86.894: Application time: 0.0668240 seconds
86.894: [GC86.894: [DefNew: 17122K->17122K(18432K), 0.0000100 secs]86.894: [Tenured: 37891K->24354K(40960K), 0.0090110 secs] 55013K->24354K(59392K), [Perm : 6080K->6080K(21248K)], 0.0090710 secs] [Times: user=0.01 sys=0.00, real=0.00 secs] 
86.904: Total time for which application threads were stopped: 0.0092010 seconds, Stopping threads took: 0.0000570 seconds
86.977: Application time: 0.0733160 seconds
86.977: [GC86.977: [DefNew: 15697K->1425K(18432K), 0.0045740 secs] 40052K->40030K(59392K), 0.0046130 secs] [Times: user=0.00 sys=0.00, real=0.00 secs] 
86.982: Total time for which application threads were stopped: 0.0047680 seconds, Stopping threads took: 0.0000780 seconds
87.056: Application time: 0.0739540 seconds
87.056: [GC87.056: [DefNew: 17123K->17123K(18432K), 0.0000100 secs]87.056: [Tenured: 38604K->25780K(40960K), 0.0092400 secs] 55728K->25780K(59392K), [Perm : 6080K->6080K(21248K)], 0.0092960 secs] [Times: user=0.01 sys=0.00, real=0.00 secs] 
87.065: Total time for which application threads were stopped: 0.0094260 seconds, Stopping threads took: 0.0000600 seconds
87.131: Application time: 0.0661580 seconds
87.131: [GC87.131: [DefNew: 15691K->15691K(18432K), 0.0000100 secs]87.131: [Tenured: 25780K->25778K(40960K), 0.0103240 secs] 41472K->25778K(59392K), [Perm : 6080K->6080K(21248K)], 0.0103810 secs] [Times: user=0.01 sys=0.00, real=0.01 secs] 
87.142: Total time for which application threads were stopped: 0.0105110 seconds, Stopping threads took: 0.0000600 seconds
87.204: Application time: 0.0622380 seconds
87.204: [GC87.204: [DefNew: 15691K->1425K(18432K), 0.0045130 secs] 41469K->41453K(59392K), 0.0045540 secs] [Times: user=0.01 sys=0.00, real=0.01 secs] 
87.209: Total time for which application threads were stopped: 0.0047140 seconds, Stopping threads took: 0.0000810 seconds
87.282: Application time: 0.0737680 seconds
87.283: [GC87.283: [DefNew: 17129K->17129K(18432K), 0.0000090 secs]87.283: [Tenured: 40028K->25780K(40960K), 0.0089020 secs] 57157K->25780K(59392K), [Perm : 6080K->6080K(21248K)], 0.0089620 secs] [Times: user=0.00 sys=0.00, real=0.01 secs] 
87.292: Total time for which application threads were stopped: 0.0091100 seconds, Stopping threads took: 0.0000630 seconds
87.355: Application time: 0.0638130 seconds
87.355: [GC87.355: [DefNew: 15691K->15691K(18432K), 0.0000100 secs]87.355: [Tenured: 25780K->27205K(40960K), 0.0099520 secs] 41471K->27205K(59392K), [Perm : 6080K->6080K(21248K)], 0.0100100 secs] [Times: user=0.01 sys=0.00, real=0.01 secs] 
87.365: Total time for which application threads were stopped: 0.0101440 seconds, Stopping threads took: 0.0000640 seconds
87.423: Application time: 0.0571310 seconds
87.423: [GC87.423: [DefNew: 15691K->15691K(18432K), 0.0000110 secs]87.423: [Tenured: 27205K->27917K(40960K), 0.0098970 secs] 42896K->27917K(59392K), [Perm : 6080K->6080K(21248K)], 0.0099580 secs] [Times: user=0.01 sys=0.00, real=0.01 secs] 
87.433: Total time for which application threads were stopped: 0.0101330 seconds, Stopping threads took: 0.0001020 seconds
87.511: Application time: 0.0781260 seconds
87.511: [GC87.511: [DefNew: 15691K->15691K(18432K), 0.0000090 secs]87.511: [Tenured: 27917K->27203K(40960K), 0.0114140 secs] 43609K->27203K(59392K), [Perm : 6080K->6080K(21248K)], 0.0114700 secs] [Times: user=0.01 sys=0.00, real=0.01 secs] 
87.523: Total time for which application threads were stopped: 0.0116330 seconds, Stopping threads took: 0.0000950 seconds
87.589: Application time: 0.0665470 seconds
87.589: [GC87.589: [DefNew: 15710K->15710K(18432K), 0.0000100 secs]87.589: [Tenured: 27203K->27205K(40960K), 0.0097730 secs] 42913K->27205K(59392K), [Perm : 6080K->6080K(21248K)], 0.0098320 secs] [Times: user=0.01 sys=0.00, real=0.01 secs] 
87.599: Total time for which application threads were stopped: 0.0099620 seconds, Stopping threads took: 0.0000600 seconds
87.673: Application time: 0.0739150 seconds
87.673: [GC87.673: [DefNew: 15689K->15689K(18432K), 0.0000090 secs]87.673: [Tenured: 27205K->30055K(40960K), 0.0094820 secs] 42895K->30055K(59392K), [Perm : 6080K->6080K(21248K)], 0.0095410 secs] [Times: user=0.01 sys=0.00, real=0.01 secs] 
87.683: Total time for which application threads were stopped: 0.0096730 seconds, Stopping threads took: 0.0000640 seconds
87.756: Application time: 0.0734050 seconds
87.756: [GC87.756: [DefNew: 15691K->15691K(18432K), 0.0000100 secs]87.756: [Tenured: 30055K->29343K(40960K), 0.0096470 secs] 45747K->29343K(59392K), [Perm : 6080K->6080K(21248K)], 0.0097050 secs] [Times: user=0.01 sys=0.00, real=0.01 secs] 
87.766: Total time for which application threads were stopped: 0.0098330 seconds, Stopping threads took: 0.0000590 seconds
87.823: Application time: 0.0571340 seconds
87.823: [GC87.823: [DefNew: 15691K->15691K(18432K), 0.0000100 secs]87.823: [Tenured: 29343K->29340K(40960K), 0.0110420 secs] 45035K->29340K(59392K), [Perm : 6080K->6080K(21248K)], 0.0110980 secs] [Times: user=0.02 sys=0.00, real=0.02 secs] 
87.834: Total time for which application threads were stopped: 0.0113160 seconds, Stopping threads took: 0.0001140 seconds
87.903: Application time: 0.0687040 seconds
87.903: [GC87.903: [DefNew: 15700K->15700K(18432K), 0.0000100 secs]87.903: [Tenured: 29340K->29341K(40960K), 0.0097750 secs] 45041K->29341K(59392K), [Perm : 6080K->6080K(21248K)], 0.0098340 secs] [Times: user=0.01 sys=0.00, real=0.01 secs] 
87.913: Total time for which application threads were stopped: 0.0099920 seconds, Stopping threads took: 0.0000780 seconds
87.974: Application time: 0.0609100 seconds
87.974: [GC87.974: [DefNew: 15691K->15691K(18432K), 0.0000100 secs]87.974: [Tenured: 29341K->27915K(40960K), 0.0104380 secs] 45033K->27915K(59392K), [Perm : 6080K->6080K(21248K)], 0.0105010 secs] [Times: user=0.01 sys=0.00, real=0.00 secs] 
87.985: Total time for which application threads were stopped: 0.0106340 seconds, Stopping threads took: 0.0000640 seconds
88.043: Application time: 0.0587020 seconds
88.043: [GC88.043: [DefNew: 15706K->15706K(18432K), 0.0000090 secs]88.043: [Tenured: 27915K->26490K(40960K), 0.0109110 secs] 43621K->26490K(59392K), [Perm : 6080K->6080K(21248K)], 0.0109710 secs] [Times: user=0.01 sys=0.00, real=0.02 secs] 
88.054: Total time for which application threads were stopped: 0.0111780 seconds, Stopping threads took: 0.0001110 seconds
88.121: Application time: 0.0666980 seconds
88.121: [GC88.121: [DefNew: 15689K->15689K(18432K), 0.0000110 secs]88.121: [Tenured: 26490K->27203K(40960K), 0.0123080 secs] 42180K->27203K(59392K), [Perm : 6080K->6080K(21248K)], 0.0123700 secs] [Times: user=0.01 sys=0.00, real=0.02 secs] 
88.134: Total time for which application threads were stopped: 0.0125370 seconds, Stopping threads took: 0.0000950 seconds
88.206: Application time: 0.0724120 seconds
88.206: [GC88.206: [DefNew: 15689K->15689K(18432K), 0.0000090 secs]88.206: [Tenured: 27203K->27203K(40960K), 0.0090590 secs] 42893K->27203K(59392K), [Perm : 6080K->6080K(21248K)], 0.0091190 secs] [Times: user=0.01 sys=0.00, real=0.01 secs] 
88.215: Total time for which application threads were stopped: 0.0092450 seconds, Stopping threads took: 0.0000580 seconds
88.258: Application time: 0.0424620 seconds
88.258: [GC88.258: [DefNew: 15698K->15698K(18432K), 0.0000090 secs]88.258: [Tenured: 27203K->27204K(40960K), 0.0096700 secs] 42902K->27204K(59392K), [Perm : 6080K->6080K(21248K)], 0.0097280 secs] [Times: user=0.01 sys=0.00, real=0.01 secs] 
88.268: Total time for which application threads were stopped: 0.0098460 seconds, Stopping threads took: 0.0000510 seconds
88.325: Application time: 0.0577030 seconds
88.326: [GC88.326: [DefNew: 15698K->15698K(18432K), 0.0000110 secs]88.326: [Tenured: 27204K->25778K(40960K), 0.0113010 secs] 42903K->25778K(59392K), [Perm : 6080K->6080K(21248K)], 0.0113630 secs] [Times: user=0.01 sys=0.00, real=0.01 secs] 
88.337: Total time for which application threads were stopped: 0.0116220 seconds, Stopping threads took: 0.0001730 seconds
88.392: Application time: 0.0546430 seconds
88.392: [GC88.392: [DefNew: 15689K->1425K(18432K), 0.0039080 secs] 41468K->39316K(59392K), 0.0039480 secs] [Times: user=0.00 sys=0.00, real=0.01 secs] 
88.396: Total time for which application threads were stopped: 0.0040960 seconds, Stopping threads took: 0.0000810 seconds
88.463: Application time: 0.0671710 seconds
88.463: [GC88.463: [DefNew: 17115K->17115K(18432K), 0.0000130 secs]88.463: [Tenured: 37891K->25778K(40960K), 0.0104150 secs] 55006K->25778K(59392K), [Perm : 6080K->6080K(21248K)], 0.0104810 secs] [Times: user=0.01 sys=0.00, real=0.02 secs] 
88.474: Total time for which application threads were stopped: 0.0106430 seconds, Stopping threads took: 0.0000840 seconds
88.516: Application time: 0.0428100 seconds
88.516: [GC88.517: [DefNew: 15690K->15690K(18432K), 0.0000100 secs]88.517: [Tenured: 25778K->25778K(40960K), 0.0098210 secs] 41468K->25778K(59392K), [Perm : 6080K->6080K(21248K)], 0.0098810 secs] [Times: user=0.01 sys=0.00, real=0.01 secs] 
88.526: Total time for which application threads were stopped: 0.0100270 seconds, Stopping threads took: 0.0000760 seconds
88.584: Application time: 0.0578910 seconds
88.584: [GC88.584: [DefNew: 15705K->15705K(18432K), 0.0000100 secs]88.584: [Tenured: 25778K->24354K(40960K), 0.0105480 secs] 41484K->24354K(59392K), [Perm : 6080K->6080K(21248K)], 0.0106090 secs] [Times: user=0.01 sys=0.00, real=0.02 secs] 
88.595: Total time for which application threads were stopped: 0.0107500 seconds, Stopping threads took: 0.0000710 seconds
88.647: Application time: 0.0515060 seconds
88.647: [GC88.647: [DefNew: 15696K->1426K(18432K), 0.0033480 secs] 40051K->35755K(59392K), 0.0033880 secs] [Times: user=0.00 sys=0.00, real=0.00 secs] 
88.650: Total time for which application threads were stopped: 0.0035190 seconds, Stopping threads took: 0.0000640 seconds
88.705: Application time: 0.0545750 seconds
88.705: [GC88.705: [DefNew: 17114K->17114K(18432K), 0.0000090 secs]88.705: [Tenured: 34329K->23641K(40960K), 0.0100170 secs] 51444K->23641K(59392K), [Perm : 6080K->6080K(21248K)], 0.0100740 secs] [Times: user=0.01 sys=0.00, real=0.02 secs] 
88.715: Total time for which application threads were stopped: 0.0102120 seconds, Stopping threads took: 0.0000690 seconds
88.758: Application time: 0.0427560 seconds
88.758: [GC88.758: [DefNew: 15688K->1425K(18432K), 0.0033680 secs] 39330K->35042K(59392K), 0.0034090 secs] [Times: user=0.00 sys=0.00, real=0.00 secs] 
88.761: Total time for which application threads were stopped: 0.0036650 seconds, Stopping threads took: 0.0001680 seconds
88.815: Application time: 0.0539140 seconds
88.815: [GC88.815: [DefNew: 17113K->17113K(18432K), 0.0000090 secs]88.815: [Tenured: 33617K->23642K(40960K), 0.0099830 secs] 50731K->23642K(59392K), [Perm : 6080K->6080K(21248K)], 0.0100420 secs] [Times: user=0.01 sys=0.00, real=0.00 secs] 
88.825: Total time for which application threads were stopped: 0.0101730 seconds, Stopping threads took: 0.0000610 seconds
88.877: Application time: 0.0517400 seconds
88.877: [GC88.877: [DefNew: 15688K->1425K(18432K), 0.0033850 secs] 39330K->35043K(59392K), 0.0034260 secs] [Times: user=0.00 sys=0.00, real=0.00 secs] 
88.881: Total time for which application threads were stopped: 0.0035720 seconds, Stopping threads took: 0.0000650 seconds
88.934: Application time: 0.0530520 seconds
88.934: [GC88.934: [DefNew: 17122K->17122K(18432K), 0.0000090 secs]88.934: [Tenured: 33618K->23643K(40960K), 0.0088960 secs] 50740K->23643K(59392K), [Perm : 6080K->6080K(21248K)], 0.0089530 secs] [Times: user=0.01 sys=0.00, real=0.00 secs] 
88.943: Total time for which application threads were stopped: 0.0090900 seconds, Stopping threads took: 0.0000680 seconds
88.987: Application time: 0.0442390 seconds
88.987: [GC88.987: [DefNew: 15688K->1425K(18432K), 0.0033740 secs] 39331K->35044K(59392K), 0.0034160 secs] [Times: user=0.00 sys=0.00, real=0.00 secs] 
88.991: Total time for which application threads were stopped: 0.0036910 seconds, Stopping threads took: 0.0001870 seconds
89.057: Application time: 0.0662130 seconds
89.057: [GC89.057: [DefNew: 17122K->17122K(18432K), 0.0000090 secs]89.057: [Tenured: 33619K->24356K(40960K), 0.0094160 secs] 50741K->24356K(59392K), [Perm : 6080K->6080K(21248K)], 0.0094740 secs] [Times: user=0.01 sys=0.00, real=0.01 secs] 
89.067: Total time for which application threads were stopped: 0.0096250 seconds, Stopping threads took: 0.0000810 seconds
89.112: Application time: 0.0452640 seconds
89.112: [GC89.112: [DefNew: 15697K->1426K(18432K), 0.0033000 secs] 40054K->35759K(59392K), 0.0033390 secs] [Times: user=0.01 sys=0.00, real=0.01 secs] 
89.115: Total time for which application threads were stopped: 0.0034640 seconds, Stopping threads took: 0.0000580 seconds
89.153: Application time: 0.0373250 seconds
89.153: [GC89.153: [DefNew: 17115K->17115K(18432K), 0.0000090 secs]89.153: [Tenured: 34333K->25782K(40960K), 0.0093030 secs] 51448K->25782K(59392K), [Perm : 6080K->6080K(21248K)], 0.0093540 secs] [Times: user=0.01 sys=0.00, real=0.01 secs] 
89.162: Total time for which application threads were stopped: 0.0094900 seconds, Stopping threads took: 0.0000700 seconds
89.229: Application time: 0.0664510 seconds
89.229: [GC89.229: [DefNew: 15689K->15689K(18432K), 0.0000100 secs]89.229: [Tenured: 25782K->25780K(40960K), 0.0109300 secs] 41472K->25780K(59392K), [Perm : 6080K->6080K(21248K)], 0.0109910 secs] [Times: user=0.02 sys=0.00, real=0.01 secs] 
89.240: Total time for which application threads were stopped: 0.0111300 seconds, Stopping threads took: 0.0000680 seconds
89.285: Application time: 0.0449670 seconds
89.285: [GC89.285: [DefNew: 15688K->15688K(18432K), 0.0000110 secs]89.285: [Tenured: 25780K->25780K(40960K), 0.0106260 secs] 41469K->25780K(59392K), [Perm : 6080K->6080K(21248K)], 0.0106870 secs] [Times: user=0.01 sys=0.00, real=0.02 secs] 
89.296: Total time for which application threads were stopped: 0.0109080 seconds, Stopping threads took: 0.0001290 seconds
89.333: Application time: 0.0376620 seconds
89.333: [GC89.333: [DefNew: 15704K->15704K(18432K), 0.0000100 secs]89.333: [Tenured: 25780K->25782K(40960K), 0.0089900 secs] 41484K->25782K(59392K), [Perm : 6080K->6080K(21248K)], 0.0090480 secs] [Times: user=0.00 sys=0.00, real=0.00 secs] 
89.343: Total time for which application threads were stopped: 0.0092160 seconds, Stopping threads took: 0.0000940 seconds
89.411: Application time: 0.0688410 seconds
89.411: [GC89.412: [DefNew: 15689K->15689K(18432K), 0.0000110 secs]89.412: [Tenured: 25782K->27207K(40960K), 0.0100880 secs] 41471K->27207K(59392K), [Perm : 6080K->6080K(21248K)], 0.0101540 secs] [Times: user=0.01 sys=0.00, real=0.01 secs] 
89.422: Total time for which application threads were stopped: 0.0103230 seconds, Stopping threads took: 0.0000800 seconds
89.464: Application time: 0.0422070 seconds
89.464: [GC89.464: [DefNew: 15688K->15688K(18432K), 0.0000110 secs]89.464: [Tenured: 27207K->27205K(40960K), 0.0108980 secs] 42896K->27205K(59392K), [Perm : 6080K->6080K(21248K)], 0.0109570 secs] [Times: user=0.01 sys=0.00, real=0.02 secs] 
89.475: Total time for which application threads were stopped: 0.0110950 seconds, Stopping threads took: 0.0000660 seconds
89.529: Application time: 0.0542320 seconds
89.529: [GC89.529: [DefNew: 15688K->15688K(18432K), 0.0000100 secs]89.529: [Tenured: 27205K->27205K(40960K), 0.0090020 secs] 42894K->27205K(59392K), [Perm : 6080K->6080K(21248K)], 0.0090550 secs] [Times: user=0.01 sys=0.00, real=0.01 secs] 
89.538: Total time for which application threads were stopped: 0.0092070 seconds, Stopping threads took: 0.0000810 seconds
89.588: Application time: 0.0497620 seconds
89.588: [GC89.588: [DefNew: 15704K->15704K(18432K), 0.0000090 secs]89.588: [Tenured: 27205K->27207K(40960K), 0.0090780 secs] 42909K->27207K(59392K), [Perm : 6080K->6080K(21248K)], 0.0091450 secs] [Times: user=0.01 sys=0.01, real=0.01 secs] 
89.597: Total time for which application threads were stopped: 0.0092970 seconds, Stopping threads took: 0.0000710 seconds
89.652: Application time: 0.0549760 seconds
89.653: [GC89.653: [DefNew: 15697K->15697K(18432K), 0.0000100 secs]89.653: [Tenured: 27207K->27208K(40960K), 0.0105280 secs] 42904K->27208K(59392K), [Perm : 6080K->6080K(21248K)], 0.0105860 secs] [Times: user=0.01 sys=0.00, real=0.01 secs] 
89.663: Total time for which application threads were stopped: 0.0108810 seconds, Stopping threads took: 0.0002080 seconds
89.707: Application time: 0.0433420 seconds
89.707: [GC89.707: [DefNew: 15688K->15688K(18432K), 0.0000100 secs]89.707: [Tenured: 27208K->28630K(40960K), 0.0102750 secs] 42896K->28630K(59392K), [Perm : 6080K->6080K(21248K)], 0.0103350 secs] [Times: user=0.01 sys=0.00, real=0.01 secs] 
89.717: Total time for which application threads were stopped: 0.0104940 seconds, Stopping threads took: 0.0000800 seconds
89.772: Application time: 0.0551990 seconds
89.772: [GC89.773: [DefNew: 15688K->15688K(18432K), 0.0000100 secs]89.773: [Tenured: 28630K->29343K(40960K), 0.0097730 secs] 44319K->29343K(59392K), [Perm : 6080K->6080K(21248K)], 0.0098320 secs] [Times: user=0.01 sys=0.00, real=0.01 secs] 
89.782: Total time for which application threads were stopped: 0.0099650 seconds, Stopping threads took: 0.0000620 seconds
89.832: Application time: 0.0501190 seconds
89.833: [GC89.833: [DefNew: 15688K->15688K(18432K), 0.0000100 secs]89.833: [Tenured: 29343K->29343K(40960K), 0.0105580 secs] 45031K->29343K(59392K), [Perm : 6080K->6080K(21248K)], 0.0106190 secs] [Times: user=0.01 sys=0.00, real=0.01 secs] 
89.843: Total time for which application threads were stopped: 0.0107990 seconds, Stopping threads took: 0.0001090 seconds
89.905: Application time: 0.0614580 seconds
89.905: [GC89.905: [DefNew: 15688K->15688K(18432K), 0.0000100 secs]89.905: [Tenured: 29343K->29342K(40960K), 0.0097120 secs] 45031K->29342K(59392K), [Perm : 6080K->6080K(21248K)], 0.0097680 secs] [Times: user=0.01 sys=0.00, real=0.02 secs] 
89.915: Total time for which application threads were stopped: 0.0098970 seconds, Stopping threads took: 0.0000590 seconds
89.952: Application time: 0.0372370 seconds
89.952: [GC89.952: [DefNew: 15688K->15688K(18432K), 0.0000100 secs]89.952: [Tenured: 29342K->27916K(40960K), 0.0095650 secs] 45031K->27916K(59392K), [Perm : 6080K->6080K(21248K)], 0.0096230 secs] [Times: user=0.01 sys=0.00, real=0.01 secs] 
89.962: Total time for which application threads were stopped: 0.0101450 seconds, Stopping threads took: 0.0004340 seconds
89.979: Application time: 0.0169460 seconds
89.979: [GC89.979: [DefNew: 15714K->15714K(18432K), 0.0000100 secs]89.979: [Tenured: 27916K->30796K(40960K), 0.0096020 secs] 43631K->30796K(59392K), [Perm : 6080K->6080K(21248K)], 0.0096720 secs] [Times: user=0.01 sys=0.00, real=0.01 secs] 
89.989: Total time for which application threads were stopped: 0.0098180 seconds, Stopping threads took: 0.0000730 seconds
89.996: Application time: 0.0069900 seconds
89.996: [GC89.996: [DefNew: 15679K->15679K(18432K), 0.0000100 secs]89.996: [Tenured: 30796K->30796K(40960K), 0.0088420 secs] 46475K->30796K(59392K), [Perm : 6080K->6080K(21248K)], 0.0089050 secs] [Times: user=0.00 sys=0.00, real=0.00 secs] 
90.005: Total time for which application threads were stopped: 0.0090640 seconds, Stopping threads took: 0.0000870 seconds
90.010: Application time: 0.0049320 seconds
90.010: [GC90.010: [DefNew: 15683K->15683K(18432K), 0.0000100 secs]90.010: [Tenured: 30796K->30797K(40960K), 0.0060470 secs] 46479K->30797K(59392K), [Perm : 6080K->6080K(21248K)], 0.0061040 secs] [Times: user=0.01 sys=0.00, real=0.01 secs] 
90.016: Total time for which application threads were stopped: 0.0062850 seconds, Stopping threads took: 0.0001120 seconds
90.022: Application time: 0.0061590 seconds
90.022: [GC90.022: [DefNew: 15685K->15685K(18432K), 0.0000090 secs]90.022: [Tenured: 30797K->29342K(40960K), 0.0105030 secs] 46482K->29342K(59392K), [Perm : 6080K->6080K(21248K)], 0.0105610 secs] [Times: user=0.01 sys=0.00, real=0.01 secs] 
90.033: Total time for which application threads were stopped: 0.0107040 seconds, Stopping threads took: 0.0000710 seconds
90.039: Application time: 0.0057940 seconds
90.039: [GC90.039: [DefNew: 15682K->15682K(18432K), 0.0000090 secs]90.039: [Tenured: 29342K->28630K(40960K), 0.0089690 secs] 45025K->28630K(59392K), [Perm : 6080K->6080K(21248K)], 0.0090240 secs] [Times: user=0.01 sys=0.00, real=0.01 secs] 
90.048: Total time for which application threads were stopped: 0.0091700 seconds, Stopping threads took: 0.0000760 seconds
90.055: Application time: 0.0068570 seconds
90.055: [GC90.055: [DefNew: 15679K->15679K(18432K), 0.0000100 secs]90.055: [Tenured: 28630K->30055K(40960K), 0.0061170 secs] 44310K->30055K(59392K), [Perm : 6080K->6080K(21248K)], 0.0061720 secs] [Times: user=0.01 sys=0.00, real=0.00 secs] 
90.061: Total time for which application threads were stopped: 0.0063160 seconds, Stopping threads took: 0.0000740 seconds
90.069: Application time: 0.0074840 seconds
90.069: [GC90.069: [DefNew: 15688K->15688K(18432K), 0.0000100 secs]90.069: [Tenured: 30055K->29342K(40960K), 0.0096720 secs] 45744K->29342K(59392K), [Perm : 6080K->6080K(21248K)], 0.0097310 secs] [Times: user=0.01 sys=0.00, real=0.01 secs] 
90.079: Total time for which application threads were stopped: 0.0099610 seconds, Stopping threads took: 0.0001420 seconds
90.082: Application time: 0.0036410 seconds
90.082: [GC90.082: [DefNew: 15679K->15679K(18432K), 0.0000090 secs]90.082: [Tenured: 29342K->30055K(40960K), 0.0060020 secs] 45022K->30055K(59392K), [Perm : 6080K->6080K(21248K)], 0.0060600 secs] [Times: user=0.00 sys=0.00, real=0.01 secs] 
90.088: Total time for which application threads were stopped: 0.0062630 seconds, Stopping threads took: 0.0001230 seconds
90.098: Application time: 0.0100070 seconds
90.099: [GC90.099: [DefNew: 15688K->15688K(18432K), 0.0000100 secs]90.099: [Tenured: 30055K->27917K(40960K), 0.0100990 secs] 45744K->27917K(59392K), [Perm : 6080K->6080K(21248K)], 0.0101600 secs] [Times: user=0.01 sys=0.00, real=0.01 secs] 
90.109: Total time for which application threads were stopped: 0.0103720 seconds, Stopping threads took: 0.0001430 seconds
90.147: Application time: 0.0385120 seconds
90.147: [GC90.147: [DefNew: 15716K->15716K(18432K), 0.0000090 secs]90.147: [Tenured: 27917K->29371K(40960K), 0.0105480 secs] 43633K->29371K(59392K), [Perm : 6080K->6080K(21248K)], 0.0106070 secs] [Times: user=0.01 sys=0.00, real=0.01 secs] 
90.158: Total time for which application threads were stopped: 0.0107900 seconds, Stopping threads took: 0.0001130 seconds
90.165: Application time: 0.0070070 seconds
90.165: [GC90.165: [DefNew: 15681K->15681K(18432K), 0.0000270 secs]90.165: [Tenured: 29371K->27234K(40960K), 0.0091420 secs] 45053K->27234K(59392K), [Perm : 6080K->6080K(21248K)], 0.0092220 secs] [Times: user=0.01 sys=0.00, real=0.02 secs] 
90.175: Total time for which application threads were stopped: 0.0095140 seconds, Stopping threads took: 0.0002180 seconds
90.180: Application time: 0.0057400 seconds
90.181: [GC90.181: [DefNew: 15685K->15685K(18432K), 0.0000100 secs]90.181: [Tenured: 27234K->28629K(40960K), 0.0106050 secs] 42919K->28629K(59392K), [Perm : 6080K->6080K(21248K)], 0.0106660 secs] [Times: user=0.01 sys=0.00, real=0.01 secs] 
90.191: Total time for which application threads were stopped: 0.0108460 seconds, Stopping threads took: 0.0001080 seconds
90.195: Application time: 0.0041770 seconds
90.196: [GC90.196: [DefNew: 15679K->15679K(18432K), 0.0000100 secs]90.196: [Tenured: 28629K->27204K(40960K), 0.0088110 secs] 44309K->27204K(59392K), [Perm : 6080K->6080K(21248K)], 0.0088710 secs] [Times: user=0.01 sys=0.00, real=0.00 secs] 
90.204: Total time for which application threads were stopped: 0.0090530 seconds, Stopping threads took: 0.0001100 seconds
90.212: Application time: 0.0074370 seconds
90.212: [GC90.212: [DefNew: 15688K->15688K(18432K), 0.0000100 secs]90.212: [Tenured: 27204K->28630K(40960K), 0.0074070 secs] 42892K->28630K(59392K), [Perm : 6080K->6080K(21248K)], 0.0074670 secs] [Times: user=0.00 sys=0.00, real=0.01 secs] 
90.220: Total time for which application threads were stopped: 0.0076590 seconds, Stopping threads took: 0.0001200 seconds
90.226: Application time: 0.0068720 seconds
90.227: [GC90.227: [DefNew: 15681K->15681K(18432K), 0.0000100 secs]90.227: [Tenured: 28630K->25067K(40960K), 0.0088760 secs] 44311K->25067K(59392K), [Perm : 6080K->6080K(21248K)], 0.0089380 secs] [Times: user=0.01 sys=0.00, real=0.01 secs] 
90.236: Total time for which application threads were stopped: 0.0098910 seconds, Stopping threads took: 0.0008680 seconds
90.242: Application time: 0.0052540 seconds
90.242: [GC90.242: [DefNew: 15685K->1425K(18432K), 0.0024830 secs] 40753K->31480K(59392K), 0.0025230 secs] [Times: user=0.00 sys=0.00, real=0.00 secs] 
90.244: Total time for which application threads were stopped: 0.0027700 seconds, Stopping threads took: 0.0001640 seconds
90.249: Application time: 0.0047310 seconds
90.249: [GC90.249: [DefNew: 17114K->17114K(18432K), 0.0000100 secs]90.249: [Tenured: 30055K->27205K(40960K), 0.0088660 secs] 47169K->27205K(59392K), [Perm : 6080K->6080K(21248K)], 0.0089250 secs] [Times: user=0.01 sys=0.00, real=0.01 secs] 
90.258: Total time for which application threads were stopped: 0.0091560 seconds, Stopping threads took: 0.0001370 seconds
90.263: Application time: 0.0043810 seconds
90.263: [GC90.263: [DefNew: 16139K->16139K(18432K), 0.0000090 secs]90.263: [Tenured: 27205K->26528K(40960K), 0.0062660 secs] 43345K->26528K(59392K), [Perm : 6080K->6080K(21248K)], 0.0063190 secs] [Times: user=0.01 sys=0.00, real=0.01 secs] 
90.269: Total time for which application threads were stopped: 0.0064530 seconds, Stopping threads took: 0.0000670 seconds
90.281: Application time: 0.0123660 seconds
90.282: [GC90.282: [DefNew: 15974K->15974K(18432K), 0.0000090 secs]90.282: [Tenured: 26528K->28659K(40960K), 0.0082270 secs] 42503K->28659K(59392K), [Perm : 6080K->6080K(21248K)], 0.0082860 secs] [Times: user=0.01 sys=0.00, real=0.01 secs] 
90.290: Total time for which application threads were stopped: 0.0084760 seconds, Stopping threads took: 0.0001190 seconds
90.299: Application time: 0.0091690 seconds
90.299: [GC90.299: [DefNew: 15677K->15677K(18432K), 0.0000100 secs]90.299: [Tenured: 28659K->27946K(40960K), 0.0059110 secs] 44336K->27946K(59392K), [Perm : 6080K->6080K(21248K)], 0.0059640 secs] [Times: user=0.01 sys=0.00, real=0.00 secs] 
90.305: Total time for which application threads were stopped: 0.0061590 seconds, Stopping threads took: 0.0001280 seconds
90.310: Application time: 0.0045940 seconds
90.310: [GC90.310: [DefNew: 15683K->15683K(18432K), 0.0000100 secs]90.310: [Tenured: 27946K->27204K(40960K), 0.0110240 secs] 43630K->27204K(59392K), [Perm : 6080K->6080K(21248K)], 0.0110960 secs] [Times: user=0.01 sys=0.00, real=0.01 secs] 
90.321: Total time for which application threads were stopped: 0.0112480 seconds, Stopping threads took: 0.0000750 seconds
90.326: Application time: 0.0050250 seconds
90.326: [GC90.326: [DefNew: 15679K->15679K(18432K), 0.0000100 secs]90.326: [Tenured: 27204K->25066K(40960K), 0.0084030 secs] 42884K->25066K(59392K), [Perm : 6080K->6080K(21248K)], 0.0084640 secs] [Times: user=0.01 sys=0.00, real=0.01 secs] 
90.335: Total time for which application threads were stopped: 0.0086080 seconds, Stopping threads took: 0.0000720 seconds
90.342: Application time: 0.0067650 seconds
90.342: [GC90.342: [DefNew: 15688K->1426K(18432K), 0.0013900 secs] 40754K->29342K(59392K), 0.0014190 secs] [Times: user=0.00 sys=0.00, real=0.00 secs] 
90.343: Total time for which application threads were stopped: 0.0015550 seconds, Stopping threads took: 0.0000740 seconds
90.351: Application time: 0.0075580 seconds
90.351: [GC90.351: [DefNew: 17105K->17105K(18432K), 0.0000100 secs]90.351: [Tenured: 27916K->26492K(40960K), 0.0086860 secs] 45022K->26492K(59392K), [Perm : 6080K->6080K(21248K)], 0.0087450 secs] [Times: user=0.01 sys=0.00, real=0.01 secs] 
90.360: Total time for which application threads were stopped: 0.0089250 seconds, Stopping threads took: 0.0000960 seconds
90.364: Application time: 0.0045940 seconds
90.364: [GC90.364: [DefNew: 15688K->15688K(18432K), 0.0000100 secs]90.364: [Tenured: 26492K->27917K(40960K), 0.0089900 secs] 42181K->27917K(59392K), [Perm : 6080K->6080K(21248K)], 0.0090490 secs] [Times: user=0.01 sys=0.00, real=0.01 secs] 
90.373: Total time for which application threads were stopped: 0.0092060 seconds, Stopping threads took: 0.0000830 seconds
90.377: Application time: 0.0037610 seconds
90.377: [GC90.377: [DefNew: 15679K->15679K(18432K), 0.0000090 secs]90.377: [Tenured: 27917K->27204K(40960K), 0.0058880 secs] 43597K->27204K(59392K), [Perm : 6080K->6080K(21248K)], 0.0059410 secs] [Times: user=0.00 sys=0.00, real=0.00 secs] 
90.383: Total time for which application threads were stopped: 0.0060910 seconds, Stopping threads took: 0.0000730 seconds
90.388: Application time: 0.0052420 seconds
90.389: [GC90.389: [DefNew: 15688K->15688K(18432K), 0.0000090 secs]90.389: [Tenured: 27204K->27204K(40960K), 0.0088680 secs] 42893K->27204K(59392K), [Perm : 6080K->6080K(21248K)], 0.0089250 secs] [Times: user=0.01 sys=0.00, real=0.01 secs] 
90.398: Total time for which application threads were stopped: 0.0090770 seconds, Stopping threads took: 0.0000820 seconds
90.459: Application time: 0.0616990 seconds
90.459: [GC90.459: [DefNew: 15687K->15687K(18432K), 0.0000100 secs]90.459: [Tenured: 27204K->26492K(40960K), 0.0098400 secs] 42892K->26492K(59392K), [Perm : 6080K->6080K(21248K)], 0.0099000 secs] [Times: user=0.01 sys=0.00, real=0.01 secs] 
90.469: Total time for which application threads were stopped: 0.0100520 seconds, Stopping threads took: 0.0000720 seconds
90.526: Application time: 0.0570420 seconds
90.526: [GC90.527: [DefNew: 15689K->15689K(18432K), 0.0000090 secs]90.527: [Tenured: 26492K->27917K(40960K), 0.0107120 secs] 42181K->27917K(59392K), [Perm : 6080K->6080K(21248K)], 0.0107660 secs] [Times: user=0.01 sys=0.00, real=0.01 secs] 
90.537: Total time for which application threads were stopped: 0.0109360 seconds, Stopping threads took: 0.0001040 seconds
90.561: Application time: 0.0233800 seconds
90.561: [GC90.561: [DefNew: 16263K->16263K(18432K), 0.0000100 secs]90.561: [Tenured: 27917K->22936K(40960K), 0.0115850 secs] 44180K->22936K(59392K), [Perm : 6080K->6080K(21248K)], 0.0116440 secs] [Times: user=0.01 sys=0.00, real=0.01 secs] 
90.573: Total time for which application threads were stopped: 0.0118810 seconds, Stopping threads took: 0.0001450 seconds
90.579: Application time: 0.0064970 seconds
90.579: [GC90.579: [DefNew: 15878K->1425K(18432K), 0.0016890 secs] 38814K->28637K(59392K), 0.0017200 secs] [Times: user=0.01 sys=0.00, real=0.00 secs] 
90.581: Total time for which application threads were stopped: 0.0020490 seconds, Stopping threads took: 0.0002500 seconds
90.586: Application time: 0.0045460 seconds
90.587: [GC90.587: [DefNew: 17117K->17117K(18432K), 0.0000110 secs]90.587: [Tenured: 27211K->23641K(40960K), 0.0094200 secs] 44328K->23641K(59392K), [Perm : 6080K->6080K(21248K)], 0.0094890 secs] [Times: user=0.01 sys=0.00, real=0.01 secs] 
90.596: Total time for which application threads were stopped: 0.0104890 seconds, Stopping threads took: 0.0009190 seconds
90.600: Application time: 0.0039490 seconds
90.600: [GC90.600: [DefNew: 15681K->1425K(18432K), 0.0011360 secs] 39323K->27204K(59392K), 0.0011650 secs] [Times: user=0.01 sys=0.00, real=0.00 secs] 
90.601: Total time for which application threads were stopped: 0.0013000 seconds, Stopping threads took: 0.0000750 seconds
90.605: Application time: 0.0037600 seconds
90.606: [GC90.606: [DefNew: 17104K->1425K(18432K), 0.0005280 secs] 42883K->27204K(59392K), 0.0005570 secs] [Times: user=0.00 sys=0.00, real=0.00 secs] 
90.606: Total time for which application threads were stopped: 0.0011750 seconds, Stopping threads took: 0.0005430 seconds
90.611: Application time: 0.0047090 seconds
90.612: [GC90.612: [DefNew: 17112K->1426K(18432K), 0.0012430 secs] 42892K->30055K(59392K), 0.0012780 secs] [Times: user=0.00 sys=0.00, real=0.00 secs] 
90.613: Total time for which application threads were stopped: 0.0021580 seconds, Stopping threads took: 0.0008090 seconds
90.617: Application time: 0.0038640 seconds
90.617: [GC90.617: [DefNew: 17111K->17111K(18432K), 0.0000170 secs]90.617: [Tenured: 28629K->25066K(40960K), 0.0090480 secs] 45741K->25066K(59392K), [Perm : 6080K->6080K(21248K)], 0.0091160 secs] [Times: user=0.01 sys=0.00, real=0.01 secs] 
90.627: Total time for which application threads were stopped: 0.0094710 seconds, Stopping threads took: 0.0002830 seconds
90.630: Application time: 0.0034390 seconds
90.630: [GC90.630: [DefNew: 15679K->1425K(18432K), 0.0009970 secs] 40746K->27917K(59392K), 0.0010270 secs] [Times: user=0.01 sys=0.00, real=0.00 secs] 
90.631: Total time for which application threads were stopped: 0.0013040 seconds, Stopping threads took: 0.0002180 seconds
90.635: Application time: 0.0037040 seconds
90.635: [GC90.635: [DefNew: 17105K->1425K(18432K), 0.0005510 secs] 43597K->27917K(59392K), 0.0005790 secs] [Times: user=0.00 sys=0.00, real=0.00 secs] 
90.636: Total time for which application threads were stopped: 0.0009940 seconds, Stopping threads took: 0.0003580 seconds
90.640: Application time: 0.0045020 seconds
90.641: [GC90.641: [DefNew: 17114K->1426K(18432K), 0.0008220 secs] 43606K->28630K(59392K), 0.0008520 secs] [Times: user=0.01 sys=0.00, real=0.00 secs] 
90.642: Total time for which application threads were stopped: 0.0018030 seconds, Stopping threads took: 0.0008850 seconds
90.646: Application time: 0.0039280 seconds
90.647: [GC90.647: [DefNew: 17114K->1426K(18432K), 0.0010060 secs] 44318K->30056K(59392K), 0.0010370 secs] [Times: user=0.00 sys=0.00, real=0.00 secs] 
90.648: Total time for which application threads were stopped: 0.0014030 seconds, Stopping threads took: 0.0002880 seconds
90.651: Application time: 0.0033480 seconds
90.651: [GC90.651: [DefNew: 17108K->1425K(18432K), 0.0010570 secs] 45738K->31481K(59392K), 0.0010880 secs] [Times: user=0.00 sys=0.00, real=0.00 secs] 
90.652: Total time for which application threads were stopped: 0.0012970 seconds, Stopping threads took: 0.0001490 seconds
90.656: Application time: 0.0035040 seconds
90.656: [GC90.656: [DefNew: 17106K->1425K(18432K), 0.0005750 secs] 47163K->31481K(59392K), 0.0006020 secs] [Times: user=0.01 sys=0.00, real=0.00 secs] 
90.657: Total time for which application threads were stopped: 0.0007640 seconds, Stopping threads took: 0.0001050 seconds
90.660: Application time: 0.0034860 seconds
90.660: [GC90.660: [DefNew: 17107K->1425K(18432K), 0.0013590 secs] 47164K->33619K(59392K), 0.0013900 secs] [Times: user=0.00 sys=0.00, real=0.00 secs] 
90.662: Total time for which application threads were stopped: 0.0016430 seconds, Stopping threads took: 0.0001890 seconds
90.666: Application time: 0.0045390 seconds
90.666: [GC90.666: [DefNew: 17122K->17122K(18432K), 0.0000090 secs]90.666: [Tenured: 32194K->25779K(40960K), 0.0091800 secs] 49316K->25779K(59392K), [Perm : 6080K->6080K(21248K)], 0.0092470 secs] [Times: user=0.01 sys=0.00, real=0.01 secs] 
90.676: Total time for which application threads were stopped: 0.0093880 seconds, Stopping threads took: 0.0000670 seconds
90.679: Application time: 0.0037010 seconds
90.680: [GC90.680: [DefNew: 15679K->712K(18432K), 0.0004080 secs] 41459K->26492K(59392K), 0.0004360 secs] [Times: user=0.00 sys=0.00, real=0.00 secs] 
90.680: Total time for which application threads were stopped: 0.0006500 seconds, Stopping threads took: 0.0001390 seconds
90.695: Application time: 0.0155090 seconds
90.696: [GC90.696: [DefNew: 16401K->1426K(18432K), 0.0008100 secs] 42180K->28630K(59392K), 0.0008380 secs] [Times: user=0.00 sys=0.00, real=0.00 secs] 
90.697: Total time for which application threads were stopped: 0.0010810 seconds, Stopping threads took: 0.0001670 seconds
90.750: Application time: 0.0529930 seconds
90.750: [GC90.750: [DefNew: 17115K->1425K(18432K), 0.0043940 secs] 44320K->42168K(59392K), 0.0044340 secs] [Times: user=0.00 sys=0.00, real=0.01 secs] 
90.754: Total time for which application threads were stopped: 0.0045620 seconds, Stopping threads took: 0.0000610 seconds
90.823: Application time: 0.0689180 seconds
90.823: [GC90.823: [DefNew: 17114K->17114K(18432K), 0.0000100 secs]90.823: [Tenured: 40743K->25779K(40960K), 0.0091200 secs] 57858K->25779K(59392K), [Perm : 6080K->6080K(21248K)], 0.0091770 secs] [Times: user=0.00 sys=0.00, real=0.01 secs] 
90.832: Total time for which application threads were stopped: 0.0093120 seconds, Stopping threads took: 0.0000670 seconds
90.871: Application time: 0.0384290 seconds
90.871: [GC90.871: [DefNew: 16264K->1492K(18432K), 0.0035140 secs] 42044K->37959K(59392K), 0.0035530 secs] [Times: user=0.01 sys=0.00, real=0.01 secs] 
90.875: Total time for which application threads were stopped: 0.0037570 seconds, Stopping threads took: 0.0001190 seconds
90.882: Application time: 0.0071940 seconds
90.882: [GC90.882: [DefNew: 17374K->17374K(18432K), 0.0000100 secs]90.882: [Tenured: 36466K->24410K(40960K), 0.0107280 secs] 53841K->24410K(59392K), [Perm : 6080K->6080K(21248K)], 0.0107860 secs] [Times: user=0.01 sys=0.00, real=0.01 secs] 
90.893: Total time for which application threads were stopped: 0.0114390 seconds, Stopping threads took: 0.0005630 seconds
90.898: Application time: 0.0052040 seconds
90.899: [GC90.899: [DefNew: 15679K->1425K(18432K), 0.0009480 secs] 40090K->27260K(59392K), 0.0009770 secs] [Times: user=0.00 sys=0.00, real=0.00 secs] 
90.900: Total time for which application threads were stopped: 0.0011120 seconds, Stopping threads took: 0.0000750 seconds
90.905: Application time: 0.0052560 seconds
90.905: [GC90.905: [DefNew: 17110K->1425K(18432K), 0.0009310 secs] 42946K->28686K(59392K), 0.0009610 secs] [Times: user=0.00 sys=0.00, real=0.01 secs] 
90.906: Total time for which application threads were stopped: 0.0014290 seconds, Stopping threads took: 0.0004080 seconds
90.910: Application time: 0.0035150 seconds
90.911: [GC90.911: [DefNew: 17105K->1425K(18432K), 0.0005040 secs] 44366K->28686K(59392K), 0.0005280 secs] [Times: user=0.00 sys=0.00, real=0.00 secs] 
90.911: Total time for which application threads were stopped: 0.0014880 seconds, Stopping threads took: 0.0009070 seconds
90.915: Application time: 0.0037830 seconds
90.915: [GC90.915: [DefNew: 17110K->1425K(18432K), 0.0005510 secs] 44372K->28687K(59392K), 0.0005790 secs] [Times: user=0.00 sys=0.00, real=0.00 secs] 
90.916: Total time for which application threads were stopped: 0.0007980 seconds, Stopping threads took: 0.0001630 seconds
90.920: Application time: 0.0038470 seconds
90.920: [GC90.920: [DefNew: 17111K->1426K(18432K), 0.0010280 secs] 44373K->30113K(59392K), 0.0010590 secs] [Times: user=0.00 sys=0.00, real=0.00 secs] 
90.921: Total time for which application threads were stopped: 0.0012370 seconds, Stopping threads took: 0.0001160 seconds
90.924: Application time: 0.0034110 seconds
90.925: [GC90.925: [DefNew: 17105K->1425K(18432K), 0.0007650 secs] 45793K->30826K(59392K), 0.0008000 secs] [Times: user=0.00 sys=0.00, real=0.00 secs] 
90.925: Total time for which application threads were stopped: 0.0010490 seconds, Stopping threads took: 0.0001900 seconds
90.930: Application time: 0.0044620 seconds
90.931: [GC90.931: [DefNew: 17115K->1426K(18432K), 0.0015150 secs] 46516K->34390K(59392K), 0.0015510 secs] [Times: user=0.00 sys=0.00, real=0.00 secs] 
90.932: Total time for which application threads were stopped: 0.0023080 seconds, Stopping threads took: 0.0006960 seconds
90.937: Application time: 0.0051400 seconds
90.937: [GC90.937: [DefNew: 17641K->17641K(18432K), 0.0000090 secs]90.937: [Tenured: 32963K->20172K(40960K), 0.0092110 secs] 50604K->20172K(59392K), [Perm : 6080K->6080K(21248K)], 0.0092750 secs] [Times: user=0.01 sys=0.00, real=0.01 secs] 
90.947: Total time for which application threads were stopped: 0.0094260 seconds, Stopping threads took: 0.0000810 seconds
90.951: Application time: 0.0043360 seconds
90.951: [GC90.951: [DefNew: 15841K->1435K(18432K), 0.0009510 secs] 36014K->23032K(59392K), 0.0009770 secs] [Times: user=0.00 sys=0.00, real=0.00 secs] 
90.952: Total time for which application threads were stopped: 0.0011350 seconds, Stopping threads took: 0.0001000 seconds
90.957: Application time: 0.0043750 seconds
90.958: [GC90.958: [DefNew: 17178K->1427K(18432K), 0.0013990 secs] 38776K->25875K(59392K), 0.0014340 secs] [Times: user=0.00 sys=0.00, real=0.00 secs] 
90.959: Total time for which application threads were stopped: 0.0025610 seconds, Stopping threads took: 0.0010440 seconds
90.963: Application time: 0.0036720 seconds
90.963: [GC90.963: [DefNew: 17112K->1425K(18432K), 0.0021470 secs] 41561K->30863K(59392K), 0.0021850 secs] [Times: user=0.00 sys=0.00, real=0.00 secs] 
90.965: Total time for which application threads were stopped: 0.0024040 seconds, Stopping threads took: 0.0001190 seconds
90.969: Application time: 0.0035680 seconds
90.969: [GC90.969: [DefNew: 17108K->1425K(18432K), 0.0007120 secs] 46546K->31575K(59392K), 0.0007430 secs] [Times: user=0.00 sys=0.00, real=0.00 secs] 
90.970: Total time for which application threads were stopped: 0.0014180 seconds, Stopping threads took: 0.0005930 seconds
90.974: Application time: 0.0034460 seconds
90.975: [GC90.975: [DefNew: 17114K->1425K(18432K), 0.0013970 secs] 47265K->34427K(59392K), 0.0014310 secs] [Times: user=0.00 sys=0.00, real=0.00 secs] 
90.976: Total time for which application threads were stopped: 0.0024030 seconds, Stopping threads took: 0.0009070 seconds
90.980: Application time: 0.0036890 seconds
90.981: [GC90.981: [DefNew: 17110K->17110K(18432K), 0.0000090 secs]90.981: [Tenured: 33001K->22302K(40960K), 0.0087440 secs] 50112K->22302K(59392K), [Perm : 6080K->6080K(21248K)], 0.0088040 secs] [Times: user=0.01 sys=0.00, real=0.01 secs] 
90.989: Total time for which application threads were stopped: 0.0096180 seconds, Stopping threads took: 0.0007230 seconds
90.993: Application time: 0.0036410 seconds
90.993: [GC90.993: [DefNew: 15684K->1425K(18432K), 0.0019470 secs] 37986K->28002K(59392K), 0.0019840 secs] [Times: user=0.00 sys=0.00, real=0.01 secs] 
90.995: Total time for which application threads were stopped: 0.0022540 seconds, Stopping threads took: 0.0002040 seconds
90.998: Application time: 0.0032150 seconds
90.999: [GC90.999: [DefNew: 17107K->1425K(18432K), 0.0016820 secs] 43684K->31565K(59392K), 0.0017170 secs] [Times: user=0.00 sys=0.00, real=0.00 secs] 
91.000: Total time for which application threads were stopped: 0.0018360 seconds, Stopping threads took: 0.0000530 seconds
91.004: Application time: 0.0037070 seconds
91.004: [GC91.004: [DefNew: 17115K->1425K(18432K), 0.0017210 secs] 47255K->35128K(59392K), 0.0017590 secs] [Times: user=0.00 sys=0.00, real=0.01 secs] 
91.006: Total time for which application threads were stopped: 0.0022290 seconds, Stopping threads took: 0.0003930 seconds
91.010: Application time: 0.0037870 seconds
91.010: [GC91.010: [DefNew: 17115K->17115K(18432K), 0.0000100 secs]91.010: [Tenured: 33702K->22215K(40960K), 0.0106570 secs] 50818K->22215K(59392K), [Perm : 6080K->6080K(21248K)], 0.0107250 secs] [Times: user=0.01 sys=0.00, real=0.01 secs] 
91.021: Total time for which application threads were stopped: 0.0109130 seconds, Stopping threads took: 0.0001180 seconds
91.028: Application time: 0.0065570 seconds
91.028: [GC91.028: [DefNew: 15695K->1426K(18432K), 0.0009090 secs] 37911K->25067K(59392K), 0.0009380 secs] [Times: user=0.00 sys=0.00, real=0.00 secs] 
91.029: Total time for which application threads were stopped: 0.0010650 seconds, Stopping threads took: 0.0000680 seconds
91.035: Application time: 0.0065460 seconds
91.035: [GC91.035: [DefNew: 17105K->712K(18432K), 0.0006320 secs] 40746K->25067K(59392K), 0.0006590 secs] [Times: user=0.00 sys=0.00, real=0.00 secs] 
91.036: Total time for which application threads were stopped: 0.0008010 seconds, Stopping threads took: 0.0000860 seconds
91.043: Application time: 0.0074750 seconds
91.044: [GC91.044: [DefNew: 16392K->712K(18432K), 0.0003630 secs] 40748K->25067K(59392K), 0.0003870 secs] [Times: user=0.00 sys=0.00, real=0.00 secs] 
91.044: Total time for which application threads were stopped: 0.0005140 seconds, Stopping threads took: 0.0000730 seconds
91.048: Application time: 0.0037240 seconds
91.048: [GC91.048: [DefNew: 16401K->1426K(18432K), 0.0006720 secs] 40756K->25781K(59392K), 0.0006990 secs] [Times: user=0.00 sys=0.00, real=0.00 secs] 
91.049: Total time for which application threads were stopped: 0.0008710 seconds, Stopping threads took: 0.0001130 seconds
91.052: Application time: 0.0035590 seconds
91.052: [GC91.052: [DefNew: 17106K->1425K(18432K), 0.0013660 secs] 41461K->27918K(59392K), 0.0013970 secs] [Times: user=0.00 sys=0.00, real=0.01 secs] 
91.054: Total time for which application threads were stopped: 0.0015440 seconds, Stopping threads took: 0.0000820 seconds
91.097: Application time: 0.0438620 seconds
91.098: [GC91.098: [DefNew: 17118K->1426K(18432K), 0.0028870 secs] 43612K->36469K(59392K), 0.0029260 secs] [Times: user=0.00 sys=0.00, real=0.00 secs] 
91.101: Total time for which application threads were stopped: 0.0030560 seconds, Stopping threads took: 0.0000600 seconds
91.165: Application time: 0.0642800 seconds
91.165: [GC91.165: [DefNew: 17117K->17117K(18432K), 0.0000100 secs]91.165: [Tenured: 35043K->24353K(40960K), 0.0096990 secs] 52161K->24353K(59392K), [Perm : 6080K->6080K(21248K)], 0.0097570 secs] [Times: user=0.01 sys=0.00, real=0.02 secs] 
91.175: Total time for which application threads were stopped: 0.0098990 seconds, Stopping threads took: 0.0000720 seconds
91.249: Application time: 0.0739020 seconds
91.249: [GC91.249: [DefNew: 15691K->1425K(18432K), 0.0041400 secs] 40045K->39316K(59392K), 0.0041810 secs] [Times: user=0.01 sys=0.00, real=0.00 secs] 
91.253: Total time for which application threads were stopped: 0.0045440 seconds, Stopping threads took: 0.0002860 seconds
91.327: Application time: 0.0742170 seconds
91.328: [GC91.328: [DefNew: 17120K->17120K(18432K), 0.0000090 secs]91.328: [Tenured: 37891K->22930K(40960K), 0.0095350 secs] 55012K->22930K(59392K), [Perm : 6080K->6080K(21248K)], 0.0095950 secs] [Times: user=0.01 sys=0.00, real=0.01 secs] 
91.337: Total time for which application threads were stopped: 0.0097920 seconds, Stopping threads took: 0.0001290 seconds
91.394: Application time: 0.0569470 seconds
91.394: [GC91.394: [DefNew: 15693K->1425K(18432K), 0.0044830 secs] 38623K->38606K(59392K), 0.0045150 secs] [Times: user=0.01 sys=0.00, real=0.00 secs] 
91.399: Total time for which application threads were stopped: 0.0046770 seconds, Stopping threads took: 0.0000930 seconds
91.473: Application time: 0.0737230 seconds
91.473: [GC91.473: [DefNew: 17123K->17123K(18432K), 0.0000100 secs]91.473: [Tenured: 37180K->25068K(40960K), 0.0090390 secs] 54303K->25068K(59392K), [Perm : 6080K->6080K(21248K)], 0.0090980 secs] [Times: user=0.01 sys=0.00, real=0.01 secs] 
91.482: Total time for which application threads were stopped: 0.0092450 seconds, Stopping threads took: 0.0000700 seconds
91.541: Application time: 0.0594800 seconds
91.541: [GC91.541: [DefNew: 15697K->1425K(18432K), 0.0045140 secs] 40766K->40744K(59392K), 0.0045600 secs] [Times: user=0.01 sys=0.00, real=0.01 secs] 
91.546: Total time for which application threads were stopped: 0.0046960 seconds, Stopping threads took: 0.0000700 seconds
91.616: Application time: 0.0702090 seconds
91.616: [GC91.616: [DefNew: 17117K->17117K(18432K), 0.0000100 secs]91.616: [Tenured: 39318K->26491K(40960K), 0.0112990 secs] 56436K->26491K(59392K), [Perm : 6080K->6080K(21248K)], 0.0113600 secs] [Times: user=0.01 sys=0.00, real=0.01 secs] 
91.628: Total time for which application threads were stopped: 0.0116120 seconds, Stopping threads took: 0.0001840 seconds
91.701: Application time: 0.0736380 seconds
91.702: [GC91.702: [DefNew: 15691K->15691K(18432K), 0.0000090 secs]91.702: [Tenured: 26491K->25779K(40960K), 0.0089090 secs] 42183K->25779K(59392K), [Perm : 6080K->6080K(21248K)], 0.0089660 secs] [Times: user=0.01 sys=0.00, real=0.01 secs] 
91.711: Total time for which application threads were stopped: 0.0091020 seconds, Stopping threads took: 0.0000680 seconds
91.762: Application time: 0.0513170 seconds
91.762: [GC91.762: [DefNew: 15704K->15704K(18432K), 0.0000100 secs]91.762: [Tenured: 25779K->26493K(40960K), 0.0097600 secs] 41483K->26493K(59392K), [Perm : 6080K->6080K(21248K)], 0.0098200 secs] [Times: user=0.01 sys=0.00, real=0.01 secs] 
91.772: Total time for which application threads were stopped: 0.0099510 seconds, Stopping threads took: 0.0000600 seconds
91.842: Application time: 0.0706340 seconds
91.843: [GC91.843: [DefNew: 15691K->15691K(18432K), 0.0000100 secs]91.843: [Tenured: 26493K->28630K(40960K), 0.0101170 secs] 42184K->28630K(59392K), [Perm : 6080K->6080K(21248K)], 0.0101780 secs] [Times: user=0.01 sys=0.00, real=0.01 secs] 
91.853: Total time for which application threads were stopped: 0.0103200 seconds, Stopping threads took: 0.0000700 seconds
91.930: Application time: 0.0774750 seconds
91.930: [GC91.930: [DefNew: 15691K->15691K(18432K), 0.0000110 secs]91.930: [Tenured: 28630K->27204K(40960K), 0.0108600 secs] 44322K->27204K(59392K), [Perm : 6080K->6080K(21248K)], 0.0109210 secs] [Times: user=0.01 sys=0.00, real=0.01 secs] 
91.941: Total time for which application threads were stopped: 0.0111330 seconds, Stopping threads took: 0.0001400 seconds
92.010: Application time: 0.0686900 seconds
92.010: [GC92.010: [DefNew: 15704K->15704K(18432K), 0.0000100 secs]92.010: [Tenured: 27204K->27205K(40960K), 0.0104430 secs] 42908K->27205K(59392K), [Perm : 6080K->6080K(21248K)], 0.0105020 secs] [Times: user=0.01 sys=0.00, real=0.01 secs] 
92.021: Total time for which application threads were stopped: 0.0107160 seconds, Stopping threads took: 0.0001130 seconds
92.093: Application time: 0.0718170 seconds
92.093: [GC92.093: [DefNew: 15697K->15697K(18432K), 0.0000100 secs]92.093: [Tenured: 27205K->28631K(40960K), 0.0107140 secs] 42903K->28631K(59392K), [Perm : 6080K->6080K(21248K)], 0.0107730 secs] [Times: user=0.01 sys=0.00, real=0.01 secs] 
92.104: Total time for which application threads were stopped: 0.0110430 seconds, Stopping threads took: 0.0001980 seconds
92.177: Application time: 0.0737250 seconds
92.177: [GC92.178: [DefNew: 15691K->15691K(18432K), 0.0000100 secs]92.178: [Tenured: 28631K->29344K(40960K), 0.0099650 secs] 44323K->29344K(59392K), [Perm : 6080K->6080K(21248K)], 0.0100260 secs] [Times: user=0.01 sys=0.00, real=0.01 secs] 
92.188: Total time for which application threads were stopped: 0.0101560 seconds, Stopping threads took: 0.0000600 seconds
92.256: Application time: 0.0689150 seconds
92.257: [GC92.257: [DefNew: 15691K->15691K(18432K), 0.0000100 secs]92.257: [Tenured: 29344K->29341K(40960K), 0.0100320 secs] 45035K->29341K(59392K), [Perm : 6080K->6080K(21248K)], 0.0100890 secs] [Times: user=0.01 sys=0.00, real=0.01 secs] 
92.267: Total time for which application threads were stopped: 0.0102430 seconds, Stopping threads took: 0.0000740 seconds
92.309: Application time: 0.0426470 seconds
92.309: [GC92.309: [DefNew: 15691K->15691K(18432K), 0.0000090 secs]92.309: [Tenured: 29341K->30054K(40960K), 0.0089860 secs] 45033K->30054K(59392K), [Perm : 6080K->6080K(21248K)], 0.0090520 secs] [Times: user=0.01 sys=0.00, real=0.01 secs] 
92.319: Total time for which application threads were stopped: 0.0091940 seconds, Stopping threads took: 0.0000730 seconds
92.390: Application time: 0.0717710 seconds
92.394: [GC92.394: [DefNew: 15700K->15700K(18432K), 0.0000090 secs]92.394: [Tenured: 30054K->27917K(40960K), 0.0085360 secs] 45754K->27917K(59392K), [Perm : 6080K->6080K(21248K)], 0.0085950 secs] [Times: user=0.01 sys=0.00, real=0.00 secs] 
92.402: Total time for which application threads were stopped: 0.0119160 seconds, Stopping threads took: 0.0032420 seconds
92.470: Application time: 0.0676490 seconds
92.470: [GC92.470: [DefNew: 15691K->15691K(18432K), 0.0000110 secs]92.470: [Tenured: 27917K->30767K(40960K), 0.0108420 secs] 43609K->30767K(59392K), [Perm : 6080K->6080K(21248K)], 0.0109040 secs] [Times: user=0.01 sys=0.00, real=0.01 secs] 
92.481: Total time for which application threads were stopped: 0.0111980 seconds, Stopping threads took: 0.0002030 seconds
92.547: Application time: 0.0655690 seconds
92.547: [GC92.547: [DefNew: 15707K->15707K(18432K), 0.0000090 secs]92.547: [Tenured: 30767K->25779K(40960K), 0.0105740 secs] 46474K->25779K(59392K), [Perm : 6080K->6080K(21248K)], 0.0106500 secs] [Times: user=0.01 sys=0.01, real=0.01 secs] 
92.557: Total time for which application threads were stopped: 0.0108210 seconds, Stopping threads took: 0.0000840 seconds
92.614: Application time: 0.0565590 seconds
92.614: [GC92.614: [DefNew: 15689K->1425K(18432K), 0.0038370 secs] 41468K->39317K(59392K), 0.0038770 secs] [Times: user=0.00 sys=0.00, real=0.00 secs] 
92.618: Total time for which application threads were stopped: 0.0040380 seconds, Stopping threads took: 0.0000840 seconds
92.691: Application time: 0.0729940 seconds
92.691: [GC92.691: [DefNew: 17114K->17114K(18432K), 0.0000110 secs]92.691: [Tenured: 37891K->27204K(40960K), 0.0100700 secs] 55006K->27204K(59392K), [Perm : 6080K->6080K(21248K)], 0.0101280 secs] [Times: user=0.01 sys=0.00, real=0.01 secs] 
92.701: Total time for which application threads were stopped: 0.0102650 seconds, Stopping threads took: 0.0000650 seconds
92.738: Application time: 0.0365350 seconds
92.738: [GC92.738: [DefNew: 15707K->15707K(18432K), 0.0000100 secs]92.738: [Tenured: 27204K->25779K(40960K), 0.0098360 secs] 42911K->25779K(59392K), [Perm : 6080K->6080K(21248K)], 0.0098960 secs] [Times: user=0.01 sys=0.00, real=0.01 secs] 
92.748: Total time for which application threads were stopped: 0.0100300 seconds, Stopping threads took: 0.0000640 seconds
92.812: Application time: 0.0645670 seconds
92.813: [GC92.813: [DefNew: 15689K->15689K(18432K), 0.0000100 secs]92.813: [Tenured: 25779K->26492K(40960K), 0.0091310 secs] 41469K->26492K(59392K), [Perm : 6080K->6080K(21248K)], 0.0091880 secs] [Times: user=0.01 sys=0.00, real=0.01 secs] 
92.822: Total time for which application threads were stopped: 0.0093200 seconds, Stopping threads took: 0.0000660 seconds
92.886: Application time: 0.0642890 seconds
92.886: [GC92.886: [DefNew: 15689K->15689K(18432K), 0.0000090 secs]92.886: [Tenured: 26492K->26491K(40960K), 0.0106540 secs] 42181K->26491K(59392K), [Perm : 6080K->6080K(21248K)], 0.0107050 secs] [Times: user=0.01 sys=0.00, real=0.01 secs] 
92.897: Total time for which application threads were stopped: 0.0108430 seconds, Stopping threads took: 0.0000690 seconds
92.954: Application time: 0.0569980 seconds
92.954: [GC92.954: [DefNew: 15688K->15688K(18432K), 0.0000110 secs]92.954: [Tenured: 26491K->25779K(40960K), 0.0106150 secs] 42180K->25779K(59392K), [Perm : 6080K->6080K(21248K)], 0.0106760 secs] [Times: user=0.01 sys=0.00, real=0.00 secs] 
92.965: Total time for which application threads were stopped: 0.0108600 seconds, Stopping threads took: 0.0001130 seconds
93.002: Application time: 0.0369010 seconds
93.002: [GC93.002: [DefNew: 15689K->15689K(18432K), 0.0000100 secs]93.002: [Tenured: 25779K->25779K(40960K), 0.0098530 secs] 41469K->25779K(59392K), [Perm : 6080K->6080K(21248K)], 0.0099130 secs] [Times: user=0.01 sys=0.00, real=0.01 secs] 
93.012: Total time for which application threads were stopped: 0.0100580 seconds, Stopping threads took: 0.0000630 seconds
93.075: Application time: 0.0636990 seconds
93.076: [GC93.076: [DefNew: 15714K->15714K(18432K), 0.0000100 secs]93.076: [Tenured: 25779K->21504K(40960K), 0.0096380 secs] 41493K->21504K(59392K), [Perm : 6081K->6081K(21248K)], 0.0096970 secs] [Times: user=0.01 sys=0.00, real=0.00 secs] 
93.085: Total time for which application threads were stopped: 0.0098310 seconds, Stopping threads took: 0.0000550 seconds
93.137: Application time: 0.0512550 seconds
93.137: [GC93.137: [DefNew: 15688K->1425K(18432K), 0.0033780 secs] 37192K->32905K(59392K), 0.0034190 secs] [Times: user=0.00 sys=0.00, real=0.00 secs] 
93.140: Total time for which application threads were stopped: 0.0036380 seconds, Stopping threads took: 0.0001330 seconds
93.204: Application time: 0.0641340 seconds
93.204: [GC93.204: [DefNew: 17113K->17113K(18432K), 0.0000100 secs]93.204: [Tenured: 31480K->23642K(40960K), 0.0094530 secs] 48593K->23642K(59392K), [Perm : 6081K->6081K(21248K)], 0.0095120 secs] [Times: user=0.01 sys=0.00, real=0.02 secs] 
93.214: Total time for which application threads were stopped: 0.0096500 seconds, Stopping threads took: 0.0000690 seconds
93.247: Application time: 0.0330050 seconds
93.247: [GC93.247: [DefNew: 15688K->1425K(18432K), 0.0033440 secs] 39330K->35043K(59392K), 0.0033830 secs] [Times: user=0.01 sys=0.00, real=0.00 secs] 
93.251: Total time for which application threads were stopped: 0.0035150 seconds, Stopping threads took: 0.0000640 seconds
93.316: Application time: 0.0651350 seconds
93.318: [GC93.318: [DefNew: 17113K->17113K(18432K), 0.0000090 secs]93.318: [Tenured: 33618K->22217K(40960K), 0.0093740 secs] 50731K->22217K(59392K), [Perm : 6081K->6081K(21248K)], 0.0094320 secs] [Times: user=0.01 sys=0.00, real=0.01 secs] 
93.327: Total time for which application threads were stopped: 0.0115790 seconds, Stopping threads took: 0.0020790 seconds
93.378: Application time: 0.0506130 seconds
93.378: [GC93.378: [DefNew: 15688K->1425K(18432K), 0.0032950 secs] 37906K->33618K(59392K), 0.0033350 secs] [Times: user=0.00 sys=0.00, real=0.00 secs] 
93.381: Total time for which application threads were stopped: 0.0035140 seconds, Stopping threads took: 0.0000910 seconds
93.421: Application time: 0.0395600 seconds
93.421: [GC93.421: [DefNew: 17122K->17122K(18432K), 0.0000090 secs]93.421: [Tenured: 32193K->23643K(40960K), 0.0090260 secs] 49315K->23643K(59392K), [Perm : 6081K->6081K(21248K)], 0.0090840 secs] [Times: user=0.01 sys=0.00, real=0.01 secs] 
93.430: Total time for which application threads were stopped: 0.0092120 seconds, Stopping threads took: 0.0000600 seconds
93.488: Application time: 0.0579270 seconds
93.488: [GC93.488: [DefNew: 15688K->1425K(18432K), 0.0034770 secs] 39332K->35045K(59392K), 0.0035200 secs] [Times: user=0.01 sys=0.00, real=0.00 secs] 
93.492: Total time for which application threads were stopped: 0.0036510 seconds, Stopping threads took: 0.0000640 seconds
93.555: Application time: 0.0628860 seconds
93.555: [GC93.555: [DefNew: 17131K->17131K(18432K), 0.0000090 secs]93.555: [Tenured: 33619K->24358K(40960K), 0.0092620 secs] 50751K->24358K(59392K), [Perm : 6081K->6081K(21248K)], 0.0093190 secs] [Times: user=0.01 sys=0.00, real=0.00 secs] 
93.564: Total time for which application threads were stopped: 0.0095050 seconds, Stopping threads took: 0.0001160 seconds
93.592: Application time: 0.0278160 seconds
93.592: [GC93.592: [DefNew: 15688K->1425K(18432K), 0.0034490 secs] 40047K->35759K(59392K), 0.0034900 secs] [Times: user=0.01 sys=0.00, real=0.01 secs] 
93.596: Total time for which application threads were stopped: 0.0036910 seconds, Stopping threads took: 0.0001190 seconds
93.660: Application time: 0.0643040 seconds
93.660: [GC93.660: [DefNew: 17114K->17114K(18432K), 0.0000100 secs]93.660: [Tenured: 34334K->25781K(40960K), 0.0102480 secs] 51448K->25781K(59392K), [Perm : 6081K->6081K(21248K)], 0.0103040 secs] [Times: user=0.01 sys=0.00, real=0.01 secs] 
93.670: Total time for which application threads were stopped: 0.0104340 seconds, Stopping threads took: 0.0000610 seconds
93.728: Application time: 0.0578430 seconds
93.728: [GC93.728: [DefNew: 15691K->15691K(18432K), 0.0000090 secs]93.728: [Tenured: 25781K->24355K(40960K), 0.0085090 secs] 41472K->24355K(59392K), [Perm : 6081K->6081K(21248K)], 0.0085770 secs] [Times: user=0.00 sys=0.00, real=0.01 secs] 
93.737: Total time for which application threads were stopped: 0.0088120 seconds, Stopping threads took: 0.0001550 seconds
93.767: Application time: 0.0295750 seconds
93.767: [GC93.767: [DefNew: 15706K->1426K(18432K), 0.0037870 secs] 40062K->37184K(59392K), 0.0038270 secs] [Times: user=0.00 sys=0.00, real=0.00 secs] 
93.771: Total time for which application threads were stopped: 0.0039530 seconds, Stopping threads took: 0.0000580 seconds
93.831: Application time: 0.0600160 seconds
93.831: [GC93.831: [DefNew: 17115K->17115K(18432K), 0.0000100 secs]93.831: [Tenured: 35757K->26495K(40960K), 0.0099520 secs] 52873K->26495K(59392K), [Perm : 6081K->6081K(21248K)], 0.0100120 secs] [Times: user=0.01 sys=0.00, real=0.01 secs] 
93.841: Total time for which application threads were stopped: 0.0101490 seconds, Stopping threads took: 0.0000640 seconds
93.901: Application time: 0.0598700 seconds
93.901: [GC93.901: [DefNew: 15690K->15690K(18432K), 0.0000100 secs]93.901: [Tenured: 26495K->26495K(40960K), 0.0097950 secs] 42186K->26495K(59392K), [Perm : 6081K->6081K(21248K)], 0.0098550 secs] [Times: user=0.01 sys=0.00, real=0.01 secs] 
93.911: Total time for which application threads were stopped: 0.0100350 seconds, Stopping threads took: 0.0001100 seconds
93.945: Application time: 0.0340950 seconds
93.945: [GC93.945: [DefNew: 15688K->15688K(18432K), 0.0000100 secs]93.945: [Tenured: 26495K->27206K(40960K), 0.0099540 secs] 42184K->27206K(59392K), [Perm : 6081K->6081K(21248K)], 0.0100130 secs] [Times: user=0.01 sys=0.00, real=0.02 secs] 
93.955: Total time for which application threads were stopped: 0.0101510 seconds, Stopping threads took: 0.0000690 seconds
94.018: Application time: 0.0630680 seconds
94.018: [GC94.018: [DefNew: 15688K->15688K(18432K), 0.0000100 secs]94.018: [Tenured: 27206K->27206K(40960K), 0.0095220 secs] 42895K->27206K(59392K), [Perm : 6081K->6081K(21248K)], 0.0095820 secs] [Times: user=0.01 sys=0.00, real=0.01 secs] 
94.028: Total time for which application threads were stopped: 0.0097200 seconds, Stopping threads took: 0.0000650 seconds
94.080: Application time: 0.0520900 seconds
94.080: [GC94.080: [DefNew: 15703K->15703K(18432K), 0.0000100 secs]94.080: [Tenured: 27206K->27207K(40960K), 0.0097490 secs] 42910K->27207K(59392K), [Perm : 6081K->6081K(21248K)], 0.0098070 secs] [Times: user=0.01 sys=0.00, real=0.01 secs] 
94.090: Total time for which application threads were stopped: 0.0099450 seconds, Stopping threads took: 0.0000670 seconds
94.148: Application time: 0.0585900 seconds
94.148: [GC94.149: [DefNew: 15697K->15697K(18432K), 0.0000100 secs]94.149: [Tenured: 27207K->27208K(40960K), 0.0105680 secs] 42905K->27208K(59392K), [Perm : 6081K->6081K(21248K)], 0.0106270 secs] [Times: user=0.02 sys=0.00, real=0.01 secs] 
94.159: Total time for which application threads were stopped: 0.0108390 seconds, Stopping threads took: 0.0001110 seconds
94.192: Application time: 0.0326970 seconds
94.192: [GC94.192: [DefNew: 15688K->15688K(18432K), 0.0000090 secs]94.192: [Tenured: 27208K->29343K(40960K), 0.0108070 secs] 42897K->29343K(59392K), [Perm : 6081K->6081K(21248K)], 0.0108650 secs] [Times: user=0.01 sys=0.00, real=0.01 secs] 
94.203: Total time for which application threads were stopped: 0.0110880 seconds, Stopping threads took: 0.0001400 seconds
94.265: Application time: 0.0617010 seconds
94.265: [GC94.265: [DefNew: 15688K->15688K(18432K), 0.0000090 secs]94.265: [Tenured: 29343K->29343K(40960K), 0.0089040 secs] 45032K->29343K(59392K), [Perm : 6081K->6081K(21248K)], 0.0089600 secs] [Times: user=0.01 sys=0.00, real=0.02 secs] 
94.274: Total time for which application threads were stopped: 0.0090860 seconds, Stopping threads took: 0.0000600 seconds
94.324: Application time: 0.0503340 seconds
94.324: [GC94.324: [DefNew: 15688K->15688K(18432K), 0.0000110 secs]94.324: [Tenured: 29343K->29343K(40960K), 0.0097550 secs] 45031K->29343K(59392K), [Perm : 6081K->6081K(21248K)], 0.0098240 secs] [Times: user=0.01 sys=0.00, real=0.02 secs] 
94.334: Total time for which application threads were stopped: 0.0099600 seconds, Stopping threads took: 0.0000640 seconds
94.395: Application time: 0.0606590 seconds
94.395: [GC94.395: [DefNew: 15688K->15688K(18432K), 0.0000100 secs]94.395: [Tenured: 29343K->29343K(40960K), 0.0098030 secs] 45031K->29343K(59392K), [Perm : 6081K->6081K(21248K)], 0.0098630 secs] [Times: user=0.01 sys=0.00, real=0.00 secs] 
94.405: Total time for which application threads were stopped: 0.0101200 seconds, Stopping threads took: 0.0001870 seconds
94.442: Application time: 0.0373090 seconds
94.442: [GC94.442: [DefNew: 15688K->15688K(18432K), 0.0000100 secs]94.442: [Tenured: 29343K->29343K(40960K), 0.0089250 secs] 45031K->29343K(59392K), [Perm : 6081K->6081K(21248K)], 0.0089850 secs] [Times: user=0.01 sys=0.00, real=0.01 secs] 
94.451: Total time for which application threads were stopped: 0.0091920 seconds, Stopping threads took: 0.0001280 seconds
94.468: Application time: 0.0168730 seconds
94.468: [GC94.468: [DefNew: 15716K->15716K(18432K), 0.0000110 secs]94.468: [Tenured: 29343K->30085K(40960K), 0.0096330 secs] 45059K->30085K(59392K), [Perm : 6081K->6081K(21248K)], 0.0096950 secs] [Times: user=0.01 sys=0.00, real=0.01 secs] 
94.478: Total time for which application threads were stopped: 0.0098780 seconds, Stopping threads took: 0.0001100 seconds
94.486: Application time: 0.0082480 seconds
94.487: [GC94.487: [DefNew: 15677K->15677K(18432K), 0.0000090 secs]94.487: [Tenured: 30085K->30797K(40960K), 0.0067980 secs] 45762K->30797K(59392K), [Perm : 6081K->6081K(21248K)], 0.0068570 secs] [Times: user=0.01 sys=0.00, real=0.00 secs] 
94.493: Total time for which application threads were stopped: 0.0070970 seconds, Stopping threads took: 0.0001680 seconds
94.499: Application time: 0.0052400 seconds
94.499: [GC94.499: [DefNew: 15683K->15683K(18432K), 0.0000100 secs]94.499: [Tenured: 30797K->30798K(40960K), 0.0060710 secs] 46481K->30798K(59392K), [Perm : 6081K->6081K(21248K)], 0.0061280 secs] [Times: user=0.01 sys=0.00, real=0.00 secs] 
94.505: Total time for which application threads were stopped: 0.0062830 seconds, Stopping threads took: 0.0000860 seconds
94.511: Application time: 0.0065600 seconds
94.512: [GC94.512: [DefNew: 15685K->15685K(18432K), 0.0000100 secs]94.512: [Tenured: 30798K->29343K(40960K), 0.0104620 secs] 46484K->29343K(59392K), [Perm : 6081K->6081K(21248K)], 0.0105190 secs] [Times: user=0.01 sys=0.00, real=0.01 secs] 
94.522: Total time for which application threads were stopped: 0.0106970 seconds, Stopping threads took: 0.0000980 seconds
94.529: Application time: 0.0063480 seconds
94.529: [GC94.529: [DefNew: 15680K->15680K(18432K), 0.0000110 secs]94.529: [Tenured: 29343K->28630K(40960K), 0.0086720 secs] 45023K->28630K(59392K), [Perm : 6081K->6081K(21248K)], 0.0087320 secs] [Times: user=0.01 sys=0.00, real=0.01 secs] 
94.537: Total time for which application threads were stopped: 0.0088940 seconds, Stopping threads took: 0.0000780 seconds
94.543: Application time: 0.0059900 seconds
94.544: [GC94.544: [DefNew: 15681K->15681K(18432K), 0.0000100 secs]94.544: [Tenured: 28630K->29343K(40960K), 0.0091940 secs] 44312K->29343K(59392K), [Perm : 6081K->6081K(21248K)], 0.0092560 secs] [Times: user=0.01 sys=0.00, real=0.01 secs] 
94.553: Total time for which application threads were stopped: 0.0094350 seconds, Stopping threads took: 0.0001050 seconds
94.558: Application time: 0.0054310 seconds
94.558: [GC94.559: [DefNew: 15688K->15688K(18432K), 0.0000100 secs]94.559: [Tenured: 29343K->29343K(40960K), 0.0095610 secs] 45032K->29343K(59392K), [Perm : 6081K->6081K(21248K)], 0.0096240 secs] [Times: user=0.01 sys=0.00, real=0.01 secs] 
94.568: Total time for which application threads were stopped: 0.0098400 seconds, Stopping threads took: 0.0001460 seconds
94.572: Application time: 0.0036080 seconds
94.572: [GC94.572: [DefNew: 15679K->15679K(18432K), 0.0000100 secs]94.572: [Tenured: 29343K->30056K(40960K), 0.0064580 secs] 45023K->30056K(59392K), [Perm : 6081K->6081K(21248K)], 0.0065260 secs] [Times: user=0.01 sys=0.00, real=0.01 secs] 
94.579: Total time for which application threads were stopped: 0.0068710 seconds, Stopping threads took: 0.0002550 seconds
94.591: Application time: 0.0121790 seconds
94.591: [GC94.591: [DefNew: 15688K->15688K(18432K), 0.0000100 secs]94.591: [Tenured: 30056K->27917K(40960K), 0.0101260 secs] 45744K->27917K(59392K), [Perm : 6081K->6081K(21248K)], 0.0101860 secs] [Times: user=0.01 sys=0.00, real=0.01 secs] 
94.601: Total time for which application threads were stopped: 0.0104530 seconds, Stopping threads took: 0.0001760 seconds
94.632: Application time: 0.0304170 seconds
94.632: [GC94.632: [DefNew: 15716K->15716K(18432K), 0.0000110 secs]94.632: [Tenured: 27917K->29372K(40960K), 0.0098030 secs] 43634K->29372K(59392K), [Perm : 6081K->6081K(21248K)], 0.0098640 secs] [Times: user=0.01 sys=0.00, real=0.01 secs] 
94.642: Total time for which application threads were stopped: 0.0100060 seconds, Stopping threads took: 0.0000700 seconds
94.651: Application time: 0.0091740 seconds
94.651: [GC94.651: [DefNew: 15677K->15677K(18432K), 0.0000100 secs]94.651: [Tenured: 29372K->28659K(40960K), 0.0057840 secs] 45049K->28659K(59392K), [Perm : 6081K->6081K(21248K)], 0.0058440 secs] [Times: user=0.01 sys=0.00, real=0.01 secs] 
94.657: Total time for which application threads were stopped: 0.0060270 seconds, Stopping threads took: 0.0000920 seconds
94.662: Application time: 0.0046840 seconds
94.662: [GC94.662: [DefNew: 15683K->15683K(18432K), 0.0000100 secs]94.662: [Tenured: 28659K->27918K(40960K), 0.0100380 secs] 44343K->27918K(59392K), [Perm : 6081K->6081K(21248K)], 0.0100990 secs] [Times: user=0.01 sys=0.00, real=0.01 secs] 
94.672: Total time for which application threads were stopped: 0.0103310 seconds, Stopping threads took: 0.0001470 seconds
94.678: Application time: 0.0065120 seconds
94.679: [GC94.679: [DefNew: 15687K->15687K(18432K), 0.0000100 secs]94.679: [Tenured: 27918K->25067K(40960K), 0.0094800 secs] 43605K->25067K(59392K), [Perm : 6081K->6081K(21248K)], 0.0095420 secs] [Times: user=0.01 sys=0.00, real=0.01 secs] 
94.688: Total time for which application threads were stopped: 0.0098670 seconds, Stopping threads took: 0.0002520 seconds
94.695: Application time: 0.0065370 seconds
94.695: [GC94.695: [DefNew: 16201K->16201K(18432K), 0.0000100 secs]94.695: [Tenured: 25067K->25104K(40960K), 0.0091060 secs] 41269K->25104K(59392K), [Perm : 6081K->6081K(21248K)], 0.0091660 secs] [Times: user=0.01 sys=0.00, real=0.00 secs] 
94.704: Total time for which application threads were stopped: 0.0093500 seconds, Stopping threads took: 0.0001110 seconds
94.710: Application time: 0.0062520 seconds
94.711: [GC94.711: [DefNew: 15901K->15901K(18432K), 0.0000110 secs]94.711: [Tenured: 25104K->24384K(40960K), 0.0097550 secs] 41006K->24384K(59392K), [Perm : 6081K->6081K(21248K)], 0.0098180 secs] [Times: user=0.01 sys=0.00, real=0.01 secs] 
94.721: Total time for which application threads were stopped: 0.0100900 seconds, Stopping threads took: 0.0001780 seconds
94.725: Application time: 0.0043870 seconds
94.725: [GC94.725: [DefNew: 15697K->1426K(18432K), 0.0018260 secs] 40081K->30086K(59392K), 0.0018630 secs] [Times: user=0.00 sys=0.00, real=0.01 secs] 
94.727: Total time for which application threads were stopped: 0.0023360 seconds, Stopping threads took: 0.0003860 seconds
94.731: Application time: 0.0034780 seconds
94.732: [GC94.732: [DefNew: 17108K->17108K(18432K), 0.0000100 secs]94.732: [Tenured: 28659K->26493K(40960K), 0.0110960 secs] 45767K->26493K(59392K), [Perm : 6081K->6081K(21248K)], 0.0111560 secs] [Times: user=0.01 sys=0.00, real=0.01 secs] 
94.743: Total time for which application threads were stopped: 0.0120810 seconds, Stopping threads took: 0.0008350 seconds
94.747: Application time: 0.0039580 seconds
94.747: [GC94.747: [DefNew: 15686K->15686K(18432K), 0.0000100 secs]94.747: [Tenured: 26493K->25068K(40960K), 0.0097550 secs] 42179K->25068K(59392K), [Perm : 6081K->6081K(21248K)], 0.0098160 secs] [Times: user=0.01 sys=0.00, real=0.01 secs] 
94.757: Total time for which application threads were stopped: 0.0102260 seconds, Stopping threads took: 0.0003210 seconds
94.761: Application time: 0.0036540 seconds
94.761: [GC94.761: [DefNew: 15682K->1425K(18432K), 0.0012830 secs] 40750K->28630K(59392K), 0.0013170 secs] [Times: user=0.00 sys=0.00, real=0.00 secs] 
94.763: Total time for which application threads were stopped: 0.0019170 seconds, Stopping threads took: 0.0005180 seconds
94.767: Application time: 0.0041100 seconds
94.767: [GC94.767: [DefNew: 17104K->17104K(18432K), 0.0000100 secs]94.767: [Tenured: 27205K->25780K(40960K), 0.0070430 secs] 44310K->25780K(59392K), [Perm : 6081K->6081K(21248K)], 0.0071030 secs] [Times: user=0.01 sys=0.00, real=0.01 secs] 
94.774: Total time for which application threads were stopped: 0.0077390 seconds, Stopping threads took: 0.0005460 seconds
94.778: Application time: 0.0038280 seconds
94.778: [GC94.778: [DefNew: 15693K->15693K(18432K), 0.0000090 secs]94.778: [Tenured: 25780K->28632K(40960K), 0.0063660 secs] 41474K->28632K(59392K), [Perm : 6081K->6081K(21248K)], 0.0064230 secs] [Times: user=0.01 sys=0.00, real=0.00 secs] 
94.785: Total time for which application threads were stopped: 0.0065710 seconds, Stopping threads took: 0.0000730 seconds
94.791: Application time: 0.0064760 seconds
94.791: [GC94.791: [DefNew: 15685K->15685K(18432K), 0.0000100 secs]94.791: [Tenured: 28632K->26492K(40960K), 0.0086290 secs] 44317K->26492K(59392K), [Perm : 6081K->6081K(21248K)], 0.0086860 secs] [Times: user=0.01 sys=0.00, real=0.01 secs] 
94.800: Total time for which application threads were stopped: 0.0088410 seconds, Stopping threads took: 0.0000840 seconds
94.807: Application time: 0.0066920 seconds
94.807: [GC94.807: [DefNew: 15678K->15678K(18432K), 0.0000100 secs]94.807: [Tenured: 26492K->27918K(40960K), 0.0058970 secs] 42171K->27918K(59392K), [Perm : 6081K->6081K(21248K)], 0.0059560 secs] [Times: user=0.01 sys=0.00, real=0.00 secs] 
94.813: Total time for which application threads were stopped: 0.0061130 seconds, Stopping threads took: 0.0000870 seconds
94.820: Application time: 0.0073060 seconds
94.820: [GC94.820: [DefNew: 15680K->15680K(18432K), 0.0000100 secs]94.820: [Tenured: 27918K->26492K(40960K), 0.0059320 secs] 43598K->26492K(59392K), [Perm : 6081K->6081K(21248K)], 0.0059880 secs] [Times: user=0.00 sys=0.00, real=0.01 secs] 
94.826: Total time for which application threads were stopped: 0.0061410 seconds, Stopping threads took: 0.0000840 seconds
94.830: Application time: 0.0035820 seconds
94.830: [GC94.830: [DefNew: 15688K->15688K(18432K), 0.0000100 secs]94.830: [Tenured: 26492K->28631K(40960K), 0.0061550 secs] 42181K->28631K(59392K), [Perm : 6081K->6081K(21248K)], 0.0062100 secs] [Times: user=0.01 sys=0.00, real=0.01 secs] 
94.836: Total time for which application threads were stopped: 0.0063520 seconds, Stopping threads took: 0.0000640 seconds
94.840: Application time: 0.0038270 seconds
94.840: [GC94.840: [DefNew: 15678K->15678K(18432K), 0.0000100 secs]94.840: [Tenured: 28631K->27205K(40960K), 0.0066150 secs] 44310K->27205K(59392K), [Perm : 6081K->6081K(21248K)], 0.0066700 secs] [Times: user=0.01 sys=0.00, real=0.01 secs] 
94.847: Total time for which application threads were stopped: 0.0068520 seconds, Stopping threads took: 0.0001140 seconds
94.877: Application time: 0.0300900 seconds
94.877: [GC94.877: [DefNew: 15694K->15694K(18432K), 0.0000100 secs]94.877: [Tenured: 27205K->26492K(40960K), 0.0097130 secs] 42899K->26492K(59392K), [Perm : 6081K->6081K(21248K)], 0.0097690 secs] [Times: user=0.01 sys=0.00, real=0.01 secs] 
94.887: Total time for which application threads were stopped: 0.0099150 seconds, Stopping threads took: 0.0000730 seconds
94.956: Application time: 0.0693730 seconds
94.957: [GC94.957: [DefNew: 15687K->15687K(18432K), 0.0000100 secs]94.957: [Tenured: 26492K->27205K(40960K), 0.0100530 secs] 42180K->27205K(59392K), [Perm : 6081K->6081K(21248K)], 0.0101140 secs] [Times: user=0.01 sys=0.00, real=0.01 secs] 
94.967: Total time for which application threads were stopped: 0.0102550 seconds, Stopping threads took: 0.0000620 seconds
95.038: Application time: 0.0710810 seconds
95.038: [GC95.038: [DefNew: 15689K->15689K(18432K), 0.0000100 secs]95.038: [Tenured: 27205K->27205K(40960K), 0.0104950 secs] 42895K->27205K(59392K), [Perm : 6081K->6081K(21248K)], 0.0105540 secs] [Times: user=0.01 sys=0.00, real=0.01 secs] 
95.049: Total time for which application threads were stopped: 0.0108010 seconds, Stopping threads took: 0.0001770 seconds
95.070: Application time: 0.0218870 seconds
95.074: [GC95.074: [DefNew: 16128K->16128K(18432K), 0.0000090 secs]95.074: [Tenured: 27205K->20805K(40960K), 0.0099950 secs] 43333K->20805K(59392K), [Perm : 6081K->6081K(21248K)], 0.0100530 secs] [Times: user=0.01 sys=0.00, real=0.00 secs] 
95.084: Total time for which application threads were stopped: 0.0133740 seconds, Stopping threads took: 0.0032340 seconds
95.093: Application time: 0.0089330 seconds
95.094: [GC95.094: [DefNew: 16016K->1426K(18432K), 0.0012070 secs] 36822K->24370K(59392K), 0.0012400 secs] [Times: user=0.00 sys=0.00, real=0.00 secs] 
95.095: Total time for which application threads were stopped: 0.0021750 seconds, Stopping threads took: 0.0008530 seconds
95.100: Application time: 0.0053020 seconds
95.100: [GC95.100: [DefNew: 17106K->1425K(18432K), 0.0013220 secs] 40049K->26507K(59392K), 0.0013540 secs] [Times: user=0.00 sys=0.00, real=0.00 secs] 
95.102: Total time for which application threads were stopped: 0.0015380 seconds, Stopping threads took: 0.0001220 seconds
95.107: Application time: 0.0056510 seconds
95.108: [GC95.108: [DefNew: 17110K->1425K(18432K), 0.0009190 secs] 42193K->27933K(59392K), 0.0009490 secs] [Times: user=0.00 sys=0.00, real=0.00 secs] 
95.109: Total time for which application threads were stopped: 0.0013030 seconds, Stopping threads took: 0.0002770 seconds
95.113: Application time: 0.0039130 seconds
95.114: [GC95.114: [DefNew: 17105K->1425K(18432K), 0.0005360 secs] 43613K->27933K(59392K), 0.0005640 secs] [Times: user=0.00 sys=0.00, real=0.00 secs] 
95.114: Total time for which application threads were stopped: 0.0015650 seconds, Stopping threads took: 0.0009250 seconds
95.118: Application time: 0.0037010 seconds
95.118: [GC95.118: [DefNew: 17110K->1425K(18432K), 0.0007950 secs] 43619K->28647K(59392K), 0.0008240 secs] [Times: user=0.00 sys=0.00, real=0.00 secs] 
95.119: Total time for which application threads were stopped: 0.0011780 seconds, Stopping threads took: 0.0002750 seconds
95.123: Application time: 0.0039510 seconds
95.123: [GC95.123: [DefNew: 17105K->712K(18432K), 0.0004370 secs] 44326K->27934K(59392K), 0.0004640 secs] [Times: user=0.00 sys=0.00, real=0.00 secs] 
95.124: Total time for which application threads were stopped: 0.0006330 seconds, Stopping threads took: 0.0000950 seconds
95.128: Application time: 0.0038130 seconds
95.129: [GC95.129: [DefNew: 16400K->1426K(18432K), 0.0013690 secs] 43622K->31498K(59392K), 0.0014050 secs] [Times: user=0.00 sys=0.00, real=0.00 secs] 
95.130: Total time for which application threads were stopped: 0.0024300 seconds, Stopping threads took: 0.0009510 seconds
95.135: Application time: 0.0048340 seconds
95.135: [GC95.135: [DefNew: 17112K->1426K(18432K), 0.0013370 secs] 47184K->33636K(59392K), 0.0013700 secs] [Times: user=0.00 sys=0.00, real=0.00 secs] 
95.136: Total time for which application threads were stopped: 0.0015420 seconds, Stopping threads took: 0.0001110 seconds
95.141: Application time: 0.0051330 seconds
95.142: [GC95.142: [DefNew: 17106K->17106K(18432K), 0.0000090 secs]95.142: [Tenured: 32210K->24355K(40960K), 0.0095630 secs] 49317K->24355K(59392K), [Perm : 6081K->6081K(21248K)], 0.0096220 secs] [Times: user=0.01 sys=0.00, real=0.01 secs] 
95.151: Total time for which application threads were stopped: 0.0098210 seconds, Stopping threads took: 0.0001270 seconds
95.157: Application time: 0.0055450 seconds
95.157: [GC95.157: [DefNew: 15681K->1425K(18432K), 0.0005010 secs] 40036K->25780K(59392K), 0.0005280 secs] [Times: user=0.00 sys=0.00, real=0.00 secs] 
95.158: Total time for which application threads were stopped: 0.0007580 seconds, Stopping threads took: 0.0001390 seconds
95.162: Application time: 0.0040620 seconds
95.162: [GC95.162: [DefNew: 17117K->1425K(18432K), 0.0017330 secs] 41472K->30056K(59392K), 0.0017670 secs] [Times: user=0.00 sys=0.00, real=0.00 secs] 
95.164: Total time for which application threads were stopped: 0.0023050 seconds, Stopping threads took: 0.0004530 seconds
95.167: Application time: 0.0034890 seconds
95.168: [GC95.168: [DefNew: 17108K->1425K(18432K), 0.0010450 secs] 45739K->31481K(59392K), 0.0010780 secs] [Times: user=0.00 sys=0.00, real=0.00 secs] 
95.169: Total time for which application threads were stopped: 0.0016390 seconds, Stopping threads took: 0.0004910 seconds
95.172: Application time: 0.0033280 seconds
95.173: [GC95.173: [DefNew: 17113K->1425K(18432K), 0.0011900 secs] 47170K->33620K(59392K), 0.0012220 secs] [Times: user=0.00 sys=0.00, real=0.01 secs] 
95.174: Total time for which application threads were stopped: 0.0016040 seconds, Stopping threads took: 0.0003000 seconds
95.177: Application time: 0.0032940 seconds
95.177: [GC95.177: [DefNew: 17109K->1425K(18432K), 0.0018120 secs] 49304K->37183K(59392K), 0.0018470 secs] [Times: user=0.00 sys=0.00, real=0.00 secs] 
95.179: Total time for which application threads were stopped: 0.0019950 seconds, Stopping threads took: 0.0000590 seconds
95.182: Application time: 0.0030220 seconds
95.183: [GC95.183: [DefNew: 17107K->17107K(18432K), 0.0000090 secs]95.183: [Tenured: 35758K->24355K(40960K), 0.0093310 secs] 52866K->24355K(59392K), [Perm : 6081K->6081K(21248K)], 0.0093910 secs] [Times: user=0.01 sys=0.00, real=0.01 secs] 
95.192: Total time for which application threads were stopped: 0.0098680 seconds, Stopping threads took: 0.0003880 seconds
95.196: Application time: 0.0037070 seconds
95.196: [GC95.196: [DefNew: 15682K->1425K(18432K), 0.0012040 secs] 40037K->27917K(59392K), 0.0012370 secs] [Times: user=0.00 sys=0.00, real=0.00 secs] 
95.197: Total time for which application threads were stopped: 0.0014820 seconds, Stopping threads took: 0.0001600 seconds
95.252: Application time: 0.0546580 seconds
95.252: [GC95.252: [DefNew: 17127K->1426K(18432K), 0.0029110 secs] 43620K->36469K(59392K), 0.0029490 secs] [Times: user=0.01 sys=0.00, real=0.01 secs] 
95.255: Total time for which application threads were stopped: 0.0031900 seconds, Stopping threads took: 0.0001750 seconds
95.308: Application time: 0.0523070 seconds
95.308: [GC95.308: [DefNew: 17116K->17116K(18432K), 0.0000100 secs]95.308: [Tenured: 35043K->25779K(40960K), 0.0096990 secs] 52159K->25779K(59392K), [Perm : 6081K->6081K(21248K)], 0.0097590 secs] [Times: user=0.01 sys=0.00, real=0.01 secs] 
95.317: Total time for which application threads were stopped: 0.0098990 seconds, Stopping threads took: 0.0000710 seconds
95.354: Application time: 0.0367710 seconds
95.354: [GC95.355: [DefNew: 15849K->1528K(18432K), 0.0017000 secs] 41628K->30871K(59392K), 0.0017360 secs] [Times: user=0.00 sys=0.00, real=0.00 secs] 
95.356: Total time for which application threads were stopped: 0.0019930 seconds, Stopping threads took: 0.0001930 seconds
95.363: Application time: 0.0071950 seconds
95.364: [GC95.364: [DefNew: 17781K->1435K(18432K), 0.0012870 secs] 47123K->33001K(59392K), 0.0013180 secs] [Times: user=0.00 sys=0.00, real=0.00 secs] 
95.365: Total time for which application threads were stopped: 0.0019190 seconds, Stopping threads took: 0.0005200 seconds
95.370: Application time: 0.0045220 seconds
95.371: [GC95.371: [DefNew: 17194K->1425K(18432K), 0.0022280 secs] 48760K->38693K(59392K), 0.0022660 secs] [Times: user=0.00 sys=0.00, real=0.00 secs] 
95.373: Total time for which application threads were stopped: 0.0032440 seconds, Stopping threads took: 0.0009000 seconds
95.377: Application time: 0.0039680 seconds
95.378: [GC95.378: [DefNew: 17115K->17115K(18432K), 0.0000100 secs]95.378: [Tenured: 37267K->20079K(40960K), 0.0102190 secs] 54382K->20079K(59392K), [Perm : 6081K->6081K(21248K)], 0.0102770 secs] [Times: user=0.01 sys=0.00, real=0.01 secs] 
95.388: Total time for which application threads were stopped: 0.0112680 seconds, Stopping threads took: 0.0008920 seconds
95.392: Application time: 0.0035980 seconds
95.393: [GC95.393: [DefNew: 15683K->1425K(18432K), 0.0018140 secs] 35762K->25779K(59392K), 0.0018520 secs] [Times: user=0.00 sys=0.00, real=0.01 secs] 
95.394: Total time for which application threads were stopped: 0.0024350 seconds, Stopping threads took: 0.0004950 seconds
95.398: Application time: 0.0037320 seconds
95.398: [GC95.398: [DefNew: 17106K->1425K(18432K), 0.0007490 secs] 41461K->26492K(59392K), 0.0007780 secs] [Times: user=0.00 sys=0.00, real=0.00 secs] 
95.399: Total time for which application threads were stopped: 0.0010150 seconds, Stopping threads took: 0.0001610 seconds
95.403: Application time: 0.0039910 seconds
95.403: [GC95.403: [DefNew: 17106K->1425K(18432K), 0.0006950 secs] 42173K->27204K(59392K), 0.0007230 secs] [Times: user=0.01 sys=0.00, real=0.00 secs] 
95.404: Total time for which application threads were stopped: 0.0010150 seconds, Stopping threads took: 0.0002160 seconds
95.409: Application time: 0.0047150 seconds
95.409: [GC95.409: [DefNew: 17125K->1427K(18432K), 0.0013270 secs] 42904K->30057K(59392K), 0.0013610 secs] [Times: user=0.00 sys=0.00, real=0.00 secs] 
95.411: Total time for which application threads were stopped: 0.0019020 seconds, Stopping threads took: 0.0004500 seconds
95.415: Application time: 0.0037740 seconds
95.415: [GC95.415: [DefNew: 17111K->1425K(18432K), 0.0018950 secs] 45740K->34332K(59392K), 0.0019330 secs] [Times: user=0.01 sys=0.00, real=0.00 secs] 
95.417: Total time for which application threads were stopped: 0.0021370 seconds, Stopping threads took: 0.0001180 seconds
95.420: Application time: 0.0034780 seconds
95.420: [GC95.420: [DefNew: 17106K->17106K(18432K), 0.0000100 secs]95.420: [Tenured: 32907K->24354K(40960K), 0.0097970 secs] 50014K->24354K(59392K), [Perm : 6081K->6081K(21248K)], 0.0098550 secs] [Times: user=0.01 sys=0.00, real=0.01 secs] 
95.430: Total time for which application threads were stopped: 0.0100980 seconds, Stopping threads took: 0.0001740 seconds
95.434: Application time: 0.0034140 seconds
95.434: [GC95.434: [DefNew: 15679K->1425K(18432K), 0.0009260 secs] 40034K->27204K(59392K), 0.0009510 secs] [Times: user=0.00 sys=0.00, real=0.00 secs] 
95.435: Total time for which application threads were stopped: 0.0013250 seconds, Stopping threads took: 0.0003180 seconds
95.439: Application time: 0.0037610 seconds
95.439: [GC95.439: [DefNew: 17107K->1425K(18432K), 0.0005110 secs] 42886K->27204K(59392K), 0.0005390 secs] [Times: user=0.00 sys=0.00, real=0.00 secs] 
95.440: Total time for which application threads were stopped: 0.0007900 seconds, Stopping threads took: 0.0001960 seconds
95.444: Application time: 0.0039450 seconds
95.444: [GC95.444: [DefNew: 17113K->1426K(18432K), 0.0008650 secs] 42893K->28630K(59392K), 0.0008920 secs] [Times: user=0.01 sys=0.00, real=0.00 secs] 
95.445: Total time for which application threads were stopped: 0.0014750 seconds, Stopping threads took: 0.0005270 seconds
95.449: Application time: 0.0036670 seconds
95.450: [GC95.450: [DefNew: 17115K->1426K(18432K), 0.0010890 secs] 44320K->30769K(59392K), 0.0011200 secs] [Times: user=0.00 sys=0.00, real=0.00 secs] 
95.451: Total time for which application threads were stopped: 0.0019340 seconds, Stopping threads took: 0.0007530 seconds
95.454: Application time: 0.0034430 seconds
95.455: [GC95.455: [DefNew: 17115K->1426K(18432K), 0.0009530 secs] 46459K->32195K(59392K), 0.0009830 secs] [Times: user=0.00 sys=0.00, real=0.00 secs] 
95.456: Total time for which application threads were stopped: 0.0019450 seconds, Stopping threads took: 0.0009020 seconds
95.459: Application time: 0.0033660 seconds
95.460: [GC95.460: [DefNew: 17110K->1425K(18432K), 0.0016750 secs] 47879K->35758K(59392K), 0.0017120 secs] [Times: user=0.00 sys=0.00, real=0.00 secs] 
95.462: Total time for which application threads were stopped: 0.0025050 seconds, Stopping threads took: 0.0007290 seconds
95.466: Application time: 0.0036690 seconds
95.466: [GC95.466: [DefNew: 17110K->1425K(18432K), 0.0018580 secs] 51444K->40034K(59392K), 0.0019040 secs] [Times: user=0.00 sys=0.00, real=0.00 secs] 
95.468: Total time for which application threads were stopped: 0.0023470 seconds, Stopping threads took: 0.0003740 seconds
95.472: Application time: 0.0036200 seconds
95.473: [GC95.473: [DefNew: 17109K->17109K(18432K), 0.0000090 secs]95.473: [Tenured: 38608K->22930K(40960K), 0.0089000 secs] 55718K->22930K(59392K), [Perm : 6081K->6081K(21248K)], 0.0089570 secs] [Times: user=0.01 sys=0.00, real=0.01 secs] 
95.482: Total time for which application threads were stopped: 0.0100710 seconds, Stopping threads took: 0.0010440 seconds
95.485: Application time: 0.0033700 seconds
95.485: [GC95.485: [DefNew: 15688K->1426K(18432K), 0.0010410 secs] 38618K->25782K(59392K), 0.0010700 secs] [Times: user=0.00 sys=0.00, real=0.01 secs] 
95.486: Total time for which application threads were stopped: 0.0012780 seconds, Stopping threads took: 0.0001460 seconds
95.490: Application time: 0.0035600 seconds
95.490: [GC95.490: [DefNew: 17110K->1425K(18432K), 0.0009760 secs] 41465K->27206K(59392K), 0.0010050 secs] [Times: user=0.00 sys=0.00, real=0.00 secs] 
95.491: Total time for which application threads were stopped: 0.0014820 seconds, Stopping threads took: 0.0003990 seconds
95.495: Application time: 0.0037340 seconds
95.495: [GC95.495: [DefNew: 17117K->1426K(18432K), 0.0016910 secs] 42898K->30770K(59392K), 0.0017270 secs] [Times: user=0.00 sys=0.00, real=0.00 secs] 
95.497: Total time for which application threads were stopped: 0.0020880 seconds, Stopping threads took: 0.0002760 seconds
95.501: Application time: 0.0034410 seconds
95.501: [GC95.501: [DefNew: 17118K->1426K(18432K), 0.0017150 secs] 46463K->34334K(59392K), 0.0017530 secs] [Times: user=0.00 sys=0.00, real=0.00 secs] 
95.503: Total time for which application threads were stopped: 0.0019270 seconds, Stopping threads took: 0.0001080 seconds
95.506: Application time: 0.0030050 seconds
95.506: [GC95.506: [DefNew: 17107K->1425K(18432K), 0.0015350 secs] 50015K->37184K(59392K), 0.0015690 secs] [Times: user=0.01 sys=0.00, real=0.00 secs] 
95.507: Total time for which application threads were stopped: 0.0017230 seconds, Stopping threads took: 0.0000790 seconds
95.511: Application time: 0.0033060 seconds
95.511: [GC95.511: [DefNew: 17105K->17105K(18432K), 0.0000090 secs]95.511: [Tenured: 35759K->24354K(40960K), 0.0088960 secs] 52865K->24354K(59392K), [Perm : 6081K->6081K(21248K)], 0.0089560 secs] [Times: user=0.01 sys=0.00, real=0.01 secs] 
95.520: Total time for which application threads were stopped: 0.0096440 seconds, Stopping threads took: 0.0006070 seconds
95.525: Application time: 0.0050180 seconds
95.525: [GC95.525: [DefNew: 15690K->1426K(18432K), 0.0013280 secs] 40044K->28630K(59392K), 0.0013670 secs] [Times: user=0.00 sys=0.00, real=0.01 secs] 
95.527: Total time for which application threads were stopped: 0.0015400 seconds, Stopping threads took: 0.0001020 seconds
95.601: Application time: 0.0739830 seconds
95.601: [GC95.601: [DefNew: 17123K->1426K(18432K), 0.0041440 secs] 44328K->41456K(59392K), 0.0041850 secs] [Times: user=0.01 sys=0.00, real=0.00 secs] 
95.605: Total time for which application threads were stopped: 0.0043660 seconds, Stopping threads took: 0.0001130 seconds
95.673: Application time: 0.0683050 seconds
95.674: [GC95.674: [DefNew: 17117K->17117K(18432K), 0.0000100 secs]95.674: [Tenured: 40030K->24354K(40960K), 0.0096760 secs] 57148K->24354K(59392K), [Perm : 6081K->6081K(21248K)], 0.0097340 secs] [Times: user=0.01 sys=0.00, real=0.00 secs] 
95.683: Total time for which application threads were stopped: 0.0099240 seconds, Stopping threads took: 0.0001100 seconds
95.754: Application time: 0.0709800 seconds
95.755: [GC95.755: [DefNew: 15691K->1425K(18432K), 0.0042830 secs] 40046K->39317K(59392K), 0.0043240 secs] [Times: user=0.00 sys=0.00, real=0.00 secs] 
95.759: Total time for which application threads were stopped: 0.0046050 seconds, Stopping threads took: 0.0002040 seconds
95.825: Application time: 0.0659660 seconds
95.825: [GC95.825: [DefNew: 17122K->17122K(18432K), 0.0000100 secs]95.825: [Tenured: 37892K->24355K(40960K), 0.0089080 secs] 55015K->24355K(59392K), [Perm : 6081K->6081K(21248K)], 0.0089740 secs] [Times: user=0.01 sys=0.00, real=0.02 secs] 
95.834: Total time for which application threads were stopped: 0.0091040 seconds, Stopping threads took: 0.0000600 seconds
95.906: Application time: 0.0724040 seconds
95.907: [GC95.907: [DefNew: 15697K->1426K(18432K), 0.0044750 secs] 40053K->40031K(59392K), 0.0045150 secs] [Times: user=0.00 sys=0.00, real=0.00 secs] 
95.911: Total time for which application threads were stopped: 0.0046680 seconds, Stopping threads took: 0.0000860 seconds
95.985: Application time: 0.0735790 seconds
95.985: [GC95.985: [DefNew: 17123K->17123K(18432K), 0.0000090 secs]95.985: [Tenured: 38605K->25782K(40960K), 0.0092180 secs] 55729K->25782K(59392K), [Perm : 6081K->6081K(21248K)], 0.0092740 secs] [Times: user=0.01 sys=0.00, real=0.02 secs] 
95.994: Total time for which application threads were stopped: 0.0094550 seconds, Stopping threads took: 0.0001120 seconds
96.056: Application time: 0.0617680 seconds
96.056: [GC96.056: [DefNew: 15691K->1425K(18432K), 0.0045170 secs] 41473K->41457K(59392K), 0.0045570 secs] [Times: user=0.00 sys=0.00, real=0.00 secs] 
96.061: Total time for which application threads were stopped: 0.0047340 seconds, Stopping threads took: 0.0001110 seconds
96.121: Application time: 0.0602190 seconds
96.121: [GC96.121: [DefNew: 17116K->17116K(18432K), 0.0000090 secs]96.121: [Tenured: 40032K->27207K(40960K), 0.0099400 secs] 57148K->27207K(59392K), [Perm : 6081K->6081K(21248K)], 0.0099970 secs] [Times: user=0.01 sys=0.00, real=0.01 secs] 
96.131: Total time for which application threads were stopped: 0.0101730 seconds, Stopping threads took: 0.0001080 seconds
96.209: Application time: 0.0776690 seconds
96.209: [GC96.209: [DefNew: 15691K->15691K(18432K), 0.0000090 secs]96.209: [Tenured: 27207K->25779K(40960K), 0.0101370 secs] 42898K->25779K(59392K), [Perm : 6081K->6081K(21248K)], 0.0101970 secs] [Times: user=0.01 sys=0.00, real=0.01 secs] 
96.219: Total time for which application threads were stopped: 0.0103360 seconds, Stopping threads took: 0.0000600 seconds
96.281: Application time: 0.0618720 seconds
96.281: [GC96.281: [DefNew: 15691K->15691K(18432K), 0.0000100 secs]96.281: [Tenured: 25779K->25779K(40960K), 0.0096260 secs] 41471K->25779K(59392K), [Perm : 6081K->6081K(21248K)], 0.0096840 secs] [Times: user=0.01 sys=0.00, real=0.01 secs] 
96.291: Total time for which application threads were stopped: 0.0098120 seconds, Stopping threads took: 0.0000580 seconds
96.361: Application time: 0.0698230 seconds
96.361: [GC96.361: [DefNew: 15702K->15702K(18432K), 0.0000100 secs]96.361: [Tenured: 25779K->26493K(40960K), 0.0098810 secs] 41481K->26493K(59392K), [Perm : 6081K->6081K(21248K)], 0.0099410 secs] [Times: user=0.01 sys=0.00, real=0.01 secs] 
96.371: Total time for which application threads were stopped: 0.0100970 seconds, Stopping threads took: 0.0000870 seconds
96.442: Application time: 0.0714460 seconds
96.442: [GC96.442: [DefNew: 15691K->15691K(18432K), 0.0000100 secs]96.442: [Tenured: 26493K->27206K(40960K), 0.0108990 secs] 42185K->27206K(59392K), [Perm : 6081K->6081K(21248K)], 0.0109610 secs] [Times: user=0.01 sys=0.00, real=0.01 secs] 
96.453: Total time for which application threads were stopped: 0.0111420 seconds, Stopping threads took: 0.0001100 seconds
96.522: Application time: 0.0684350 seconds
96.522: [GC96.522: [DefNew: 15710K->15710K(18432K), 0.0000100 secs]96.522: [Tenured: 27206K->27204K(40960K), 0.0100220 secs] 42916K->27204K(59392K), [Perm : 6081K->6081K(21248K)], 0.0100810 secs] [Times: user=0.01 sys=0.00, real=0.01 secs] 
96.532: Total time for which application threads were stopped: 0.0102080 seconds, Stopping threads took: 0.0000560 seconds
96.598: Application time: 0.0662210 seconds
96.598: [GC96.598: [DefNew: 15691K->15691K(18432K), 0.0000110 secs]96.598: [Tenured: 27204K->29342K(40960K), 0.0100890 secs] 42896K->29342K(59392K), [Perm : 6081K->6081K(21248K)], 0.0101480 secs] [Times: user=0.01 sys=0.00, real=0.01 secs] 
96.609: Total time for which application threads were stopped: 0.0104010 seconds, Stopping threads took: 0.0001630 seconds
96.687: Application time: 0.0781430 seconds
96.687: [GC96.687: [DefNew: 15691K->15691K(18432K), 0.0000100 secs]96.687: [Tenured: 29342K->29342K(40960K), 0.0095910 secs] 45033K->29342K(59392K), [Perm : 6081K->6081K(21248K)], 0.0096500 secs] [Times: user=0.01 sys=0.00, real=0.01 secs] 
96.696: Total time for which application threads were stopped: 0.0097860 seconds, Stopping threads took: 0.0000660 seconds
96.753: Application time: 0.0563250 seconds
96.753: [GC96.753: [DefNew: 15691K->15691K(18432K), 0.0000100 secs]96.753: [Tenured: 29342K->29342K(40960K), 0.0096620 secs] 45033K->29342K(59392K), [Perm : 6081K->6081K(21248K)], 0.0097200 secs] [Times: user=0.01 sys=0.00, real=0.01 secs] 
96.763: Total time for which application threads were stopped: 0.0098740 seconds, Stopping threads took: 0.0000750 seconds
96.821: Application time: 0.0581330 seconds
96.821: [GC96.821: [DefNew: 15700K->15700K(18432K), 0.0000100 secs]96.821: [Tenured: 29342K->27917K(40960K), 0.0114460 secs] 45042K->27917K(59392K), [Perm : 6081K->6081K(21248K)], 0.0115050 secs] [Times: user=0.01 sys=0.00, real=0.01 secs] 
96.832: Total time for which application threads were stopped: 0.0116880 seconds, Stopping threads took: 0.0000940 seconds
96.901: Application time: 0.0689440 seconds
96.902: [GC96.902: [DefNew: 15691K->15691K(18432K), 0.0000100 secs]96.902: [Tenured: 27917K->28629K(40960K), 0.0099940 secs] 43608K->28629K(59392K), [Perm : 6081K->6081K(21248K)], 0.0100530 secs] [Times: user=0.01 sys=0.00, real=0.01 secs] 
96.912: Total time for which application threads were stopped: 0.0102370 seconds, Stopping threads took: 0.0001140 seconds
96.978: Application time: 0.0666410 seconds
96.978: [GC96.978: [DefNew: 15700K->15700K(18432K), 0.0000100 secs]96.978: [Tenured: 28629K->28630K(40960K), 0.0091000 secs] 44330K->28630K(59392K), [Perm : 6081K->6081K(21248K)], 0.0091590 secs] [Times: user=0.01 sys=0.00, real=0.01 secs] 
96.988: Total time for which application threads were stopped: 0.0093340 seconds, Stopping threads took: 0.0001060 seconds
97.049: Application time: 0.0613300 seconds
97.049: [GC97.049: [DefNew: 15698K->15698K(18432K), 0.0000110 secs]97.049: [Tenured: 28630K->27917K(40960K), 0.0106220 secs] 44329K->27917K(59392K), [Perm : 6081K->6081K(21248K)], 0.0106830 secs] [Times: user=0.01 sys=0.00, real=0.01 secs] 
97.060: Total time for which application threads were stopped: 0.0108530 seconds, Stopping threads took: 0.0001000 seconds
97.128: Application time: 0.0684890 seconds
97.128: [GC97.129: [DefNew: 15691K->15691K(18432K), 0.0000100 secs]97.129: [Tenured: 27917K->27204K(40960K), 0.0115480 secs] 43609K->27204K(59392K), [Perm : 6081K->6081K(21248K)], 0.0116090 secs] [Times: user=0.01 sys=0.00, real=0.01 secs] 
97.140: Total time for which application threads were stopped: 0.0117960 seconds, Stopping threads took: 0.0001150 seconds
97.187: Application time: 0.0465260 seconds
97.187: [GC97.187: [DefNew: 15689K->1425K(18432K), 0.0040690 secs] 42894K->41455K(59392K), 0.0041110 secs] [Times: user=0.00 sys=0.00, real=0.00 secs] 
97.191: Total time for which application threads were stopped: 0.0042450 seconds, Stopping threads took: 0.0000630 seconds
97.249: Application time: 0.0579290 seconds
97.249: [GC97.249: [DefNew: 17114K->17114K(18432K), 0.0000100 secs]97.249: [Tenured: 40030K->27204K(40960K), 0.0092180 secs] 57145K->27204K(59392K), [Perm : 6081K->6081K(21248K)], 0.0092730 secs] [Times: user=0.01 sys=0.00, real=0.01 secs] 
97.258: Total time for which application threads were stopped: 0.0094120 seconds, Stopping threads took: 0.0000680 seconds
97.322: Application time: 0.0634650 seconds
97.322: [GC97.322: [DefNew: 15698K->15698K(18432K), 0.0000090 secs]97.322: [Tenured: 27204K->27205K(40960K), 0.0089360 secs] 42903K->27205K(59392K), [Perm : 6081K->6081K(21248K)], 0.0089920 secs] [Times: user=0.01 sys=0.00, real=0.01 secs] 
97.331: Total time for which application threads were stopped: 0.0091860 seconds, Stopping threads took: 0.0001060 seconds
97.388: Application time: 0.0574840 seconds
97.389: [GC97.389: [DefNew: 15698K->15698K(18432K), 0.0000110 secs]97.389: [Tenured: 27205K->25780K(40960K), 0.0113300 secs] 42904K->25780K(59392K), [Perm : 6081K->6081K(21248K)], 0.0114000 secs] [Times: user=0.01 sys=0.00, real=0.01 secs] 
97.400: Total time for which application threads were stopped: 0.0115800 seconds, Stopping threads took: 0.0001100 seconds
97.463: Application time: 0.0629220 seconds
97.463: [GC97.463: [DefNew: 15689K->15689K(18432K), 0.0000100 secs]97.463: [Tenured: 25780K->26492K(40960K), 0.0113400 secs] 41469K->26492K(59392K), [Perm : 6081K->6081K(21248K)], 0.0113980 secs] [Times: user=0.01 sys=0.00, real=0.02 secs] 
97.474: Total time for which application threads were stopped: 0.0115780 seconds, Stopping threads took: 0.0001120 seconds
97.516: Application time: 0.0415230 seconds
97.516: [GC97.516: [DefNew: 15696K->15696K(18432K), 0.0000100 secs]97.516: [Tenured: 26492K->25781K(40960K), 0.0097350 secs] 42189K->25781K(59392K), [Perm : 6081K->6081K(21248K)], 0.0097930 secs] [Times: user=0.01 sys=0.00, real=0.01 secs] 
97.526: Total time for which application threads were stopped: 0.0099170 seconds, Stopping threads took: 0.0000540 seconds
97.579: Application time: 0.0529620 seconds
97.579: [GC97.579: [DefNew: 15705K->15705K(18432K), 0.0000100 secs]97.579: [Tenured: 25781K->22217K(40960K), 0.0102460 secs] 41486K->22217K(59392K), [Perm : 6081K->6081K(21248K)], 0.0103070 secs] [Times: user=0.01 sys=0.00, real=0.01 secs] 
97.589: Total time for which application threads were stopped: 0.0105100 seconds, Stopping threads took: 0.0001140 seconds
97.648: Application time: 0.0586330 seconds
97.648: [GC97.648: [DefNew: 15687K->1425K(18432K), 0.0036020 secs] 37905K->34331K(59392K), 0.0036420 secs] [Times: user=0.00 sys=0.00, real=0.00 secs] 
97.652: Total time for which application threads were stopped: 0.0038250 seconds, Stopping threads took: 0.0000920 seconds
97.690: Application time: 0.0380750 seconds
97.690: [GC97.690: [DefNew: 17113K->17113K(18432K), 0.0000100 secs]97.690: [Tenured: 32905K->24355K(40960K), 0.0094840 secs] 50019K->24355K(59392K), [Perm : 6081K->6081K(21248K)], 0.0095440 secs] [Times: user=0.01 sys=0.00, real=0.01 secs] 
97.700: Total time for which application threads were stopped: 0.0097330 seconds, Stopping threads took: 0.0001190 seconds
97.760: Application time: 0.0605580 seconds
97.760: [GC97.760: [DefNew: 15688K->1425K(18432K), 0.0035050 secs] 40043K->36469K(59392K), 0.0035470 secs] [Times: user=0.00 sys=0.00, real=0.00 secs] 
97.764: Total time for which application threads were stopped: 0.0037480 seconds, Stopping threads took: 0.0001130 seconds
97.813: Application time: 0.0489340 seconds
97.813: [GC97.813: [DefNew: 17120K->17120K(18432K), 0.0000090 secs]97.813: [Tenured: 35043K->24355K(40960K), 0.0099200 secs] 52164K->24355K(59392K), [Perm : 6081K->6081K(21248K)], 0.0099790 secs] [Times: user=0.01 sys=0.00, real=0.01 secs] 
97.823: Total time for which application threads were stopped: 0.0101140 seconds, Stopping threads took: 0.0000630 seconds
97.875: Application time: 0.0524140 seconds
97.876: [GC97.876: [DefNew: 15688K->1425K(18432K), 0.0035500 secs] 40044K->36469K(59392K), 0.0035910 secs] [Times: user=0.01 sys=0.00, real=0.00 secs] 
97.879: Total time for which application threads were stopped: 0.0037330 seconds, Stopping threads took: 0.0000630 seconds
97.926: Application time: 0.0473270 seconds
97.927: [GC97.927: [DefNew: 17113K->17113K(18432K), 0.0000100 secs]97.927: [Tenured: 35044K->25068K(40960K), 0.0091660 secs] 52158K->25068K(59392K), [Perm : 6081K->6081K(21248K)], 0.0092260 secs] [Times: user=0.01 sys=0.00, real=0.01 secs] 
97.936: Total time for which application threads were stopped: 0.0093600 seconds, Stopping threads took: 0.0000630 seconds
97.993: Application time: 0.0566850 seconds
97.993: [GC97.993: [DefNew: 15688K->1425K(18432K), 0.0035560 secs] 40757K->37182K(59392K), 0.0035990 secs] [Times: user=0.00 sys=0.00, real=0.01 secs] 
97.996: Total time for which application threads were stopped: 0.0037980 seconds, Stopping threads took: 0.0001110 seconds
98.041: Application time: 0.0442010 seconds
98.041: [GC98.041: [DefNew: 17130K->17130K(18432K), 0.0000090 secs]98.041: [Tenured: 35757K->25070K(40960K), 0.0099550 secs] 52888K->25070K(59392K), [Perm : 6081K->6081K(21248K)], 0.0100140 secs] [Times: user=0.01 sys=0.00, real=0.01 secs] 
98.051: Total time for which application threads were stopped: 0.0101910 seconds, Stopping threads took: 0.0001070 seconds
98.104: Application time: 0.0530040 seconds
98.104: [GC98.104: [DefNew: 15688K->1425K(18432K), 0.0034830 secs] 40759K->37184K(59392K), 0.0035230 secs] [Times: user=0.00 sys=0.00, real=0.01 secs] 
98.107: Total time for which application threads were stopped: 0.0036590 seconds, Stopping threads took: 0.0000690 seconds
98.159: Application time: 0.0517500 seconds
98.159: [GC98.159: [DefNew: 17114K->17114K(18432K), 0.0000100 secs]98.159: [Tenured: 35759K->26495K(40960K), 0.0109620 secs] 52873K->26495K(59392K), [Perm : 6081K->6081K(21248K)], 0.0110230 secs] [Times: user=0.01 sys=0.00, real=0.01 secs] 
98.170: Total time for which application threads were stopped: 0.0113200 seconds, Stopping threads took: 0.0002060 seconds
98.231: Application time: 0.0609750 seconds
98.232: [GC98.232: [DefNew: 15688K->15688K(18432K), 0.0000100 secs]98.232: [Tenured: 26495K->25781K(40960K), 0.0109750 secs] 42184K->25781K(59392K), [Perm : 6081K->6081K(21248K)], 0.0110410 secs] [Times: user=0.01 sys=0.00, real=0.01 secs] 
98.243: Total time for which application threads were stopped: 0.0112070 seconds, Stopping threads took: 0.0000580 seconds
98.279: Application time: 0.0362350 seconds
98.279: [GC98.279: [DefNew: 15688K->15688K(18432K), 0.0000110 secs]98.279: [Tenured: 25781K->26494K(40960K), 0.0106830 secs] 41470K->26494K(59392K), [Perm : 6081K->6081K(21248K)], 0.0107460 secs] [Times: user=0.01 sys=0.00, real=0.01 secs] 
98.290: Total time for which application threads were stopped: 0.0110060 seconds, Stopping threads took: 0.0001690 seconds
98.355: Application time: 0.0649770 seconds
98.355: [GC98.355: [DefNew: 15688K->15688K(18432K), 0.0000100 secs]98.355: [Tenured: 26494K->25781K(40960K), 0.0093550 secs] 42183K->25781K(59392K), [Perm : 6081K->6081K(21248K)], 0.0094140 secs] [Times: user=0.01 sys=0.00, real=0.00 secs] 
98.364: Total time for which application threads were stopped: 0.0095910 seconds, Stopping threads took: 0.0001090 seconds
98.411: Application time: 0.0469860 seconds
98.412: [GC98.412: [DefNew: 15706K->15706K(18432K), 0.0000100 secs]98.412: [Tenured: 25781K->26495K(40960K), 0.0090390 secs] 41487K->26495K(59392K), [Perm : 6081K->6081K(21248K)], 0.0091000 secs] [Times: user=0.01 sys=0.00, real=0.01 secs] 
98.421: Total time for which application threads were stopped: 0.0092940 seconds, Stopping threads took: 0.0001050 seconds
98.464: Application time: 0.0435430 seconds
98.464: [GC98.464: [DefNew: 15688K->15688K(18432K), 0.0000100 secs]98.464: [Tenured: 26495K->27206K(40960K), 0.0108270 secs] 42184K->27206K(59392K), [Perm : 6081K->6081K(21248K)], 0.0108840 secs] [Times: user=0.02 sys=0.00, real=0.02 secs] 
98.475: Total time for which application threads were stopped: 0.0110620 seconds, Stopping threads took: 0.0001090 seconds
98.532: Application time: 0.0570230 seconds
98.533: [GC98.533: [DefNew: 15688K->15688K(18432K), 0.0000120 secs]98.533: [Tenured: 27206K->27919K(40960K), 0.0089750 secs] 42895K->27919K(59392K), [Perm : 6081K->6081K(21248K)], 0.0090450 secs] [Times: user=0.01 sys=0.00, real=0.01 secs] 
98.542: Total time for which application threads were stopped: 0.0091810 seconds, Stopping threads took: 0.0000680 seconds
98.595: Application time: 0.0533460 seconds
98.595: [GC98.595: [DefNew: 15714K->15714K(18432K), 0.0000100 secs]98.595: [Tenured: 27919K->27209K(40960K), 0.0105750 secs] 43633K->27209K(59392K), [Perm : 6081K->6081K(21248K)], 0.0106360 secs] [Times: user=0.01 sys=0.00, real=0.01 secs] 
98.606: Total time for which application threads were stopped: 0.0109550 seconds, Stopping threads took: 0.0002300 seconds
98.643: Application time: 0.0375500 seconds
98.644: [GC98.644: [DefNew: 15688K->15688K(18432K), 0.0000090 secs]98.644: [Tenured: 27209K->28634K(40960K), 0.0092980 secs] 42898K->28634K(59392K), [Perm : 6081K->6081K(21248K)], 0.0093670 secs] [Times: user=0.01 sys=0.00, real=0.01 secs] 
98.653: Total time for which application threads were stopped: 0.0095800 seconds, Stopping threads took: 0.0001340 seconds
98.714: Application time: 0.0604960 seconds
98.714: [GC98.714: [DefNew: 15688K->15688K(18432K), 0.0000100 secs]98.714: [Tenured: 28634K->29344K(40960K), 0.0109520 secs] 44323K->29344K(59392K), [Perm : 6081K->6081K(21248K)], 0.0110130 secs] [Times: user=0.01 sys=0.00, real=0.00 secs] 
98.725: Total time for which application threads were stopped: 0.0111960 seconds, Stopping threads took: 0.0001100 seconds
98.775: Application time: 0.0504730 seconds
98.775: [GC98.775: [DefNew: 15688K->15688K(18432K), 0.0000100 secs]98.775: [Tenured: 29344K->30056K(40960K), 0.0098360 secs] 45032K->30056K(59392K), [Perm : 6081K->6081K(21248K)], 0.0098960 secs] [Times: user=0.01 sys=0.00, real=0.00 secs] 
98.785: Total time for which application threads were stopped: 0.0100350 seconds, Stopping threads took: 0.0000670 seconds
98.834: Application time: 0.0486730 seconds
98.834: [GC98.834: [DefNew: 15688K->15688K(18432K), 0.0000100 secs]98.834: [Tenured: 30056K->29344K(40960K), 0.0105550 secs] 45745K->29344K(59392K), [Perm : 6081K->6081K(21248K)], 0.0106160 secs] [Times: user=0.01 sys=0.00, real=0.00 secs] 
98.845: Total time for which application threads were stopped: 0.0108010 seconds, Stopping threads took: 0.0000960 seconds
98.884: Application time: 0.0390640 seconds
98.884: [GC98.884: [DefNew: 15718K->15718K(18432K), 0.0000100 secs]98.884: [Tenured: 29344K->30798K(40960K), 0.0099140 secs] 45062K->30798K(59392K), [Perm : 6081K->6081K(21248K)], 0.0099740 secs] [Times: user=0.01 sys=0.00, real=0.02 secs] 
98.894: Total time for which application threads were stopped: 0.0101170 seconds, Stopping threads took: 0.0000700 seconds
98.901: Application time: 0.0071450 seconds
98.901: [GC98.901: [DefNew: 15679K->15679K(18432K), 0.0000110 secs]98.901: [Tenured: 30798K->29343K(40960K), 0.0110840 secs] 46478K->29343K(59392K), [Perm : 6081K->6081K(21248K)], 0.0111470 secs] [Times: user=0.01 sys=0.00, real=0.01 secs] 
98.912: Total time for which application threads were stopped: 0.0113680 seconds, Stopping threads took: 0.0001470 seconds
98.919: Application time: 0.0063660 seconds
98.919: [GC98.919: [DefNew: 15685K->15685K(18432K), 0.0000090 secs]98.919: [Tenured: 29343K->30056K(40960K), 0.0089830 secs] 45029K->30056K(59392K), [Perm : 6081K->6081K(21248K)], 0.0090410 secs] [Times: user=0.01 sys=0.00, real=0.01 secs] 
98.928: Total time for which application threads were stopped: 0.0091980 seconds, Stopping threads took: 0.0000770 seconds
98.932: Application time: 0.0041970 seconds
98.932: [GC98.932: [DefNew: 15679K->15679K(18432K), 0.0000110 secs]98.932: [Tenured: 30056K->30056K(40960K), 0.0105020 secs] 45735K->30056K(59392K), [Perm : 6081K->6081K(21248K)], 0.0105630 secs] [Times: user=0.01 sys=0.00, real=0.01 secs] 
98.943: Total time for which application threads were stopped: 0.0108780 seconds, Stopping threads took: 0.0002210 seconds
98.950: Application time: 0.0068640 seconds
98.950: [GC98.950: [DefNew: 15687K->15687K(18432K), 0.0000100 secs]98.950: [Tenured: 30056K->28631K(40960K), 0.0094900 secs] 45744K->28631K(59392K), [Perm : 6081K->6081K(21248K)], 0.0095480 secs] [Times: user=0.01 sys=0.00, real=0.01 secs] 
98.960: Total time for which application threads were stopped: 0.0096770 seconds, Stopping threads took: 0.0000590 seconds
98.966: Application time: 0.0068560 seconds
98.967: [GC98.967: [DefNew: 15678K->15678K(18432K), 0.0000090 secs]98.967: [Tenured: 28631K->28631K(40960K), 0.0058940 secs] 44310K->28631K(59392K), [Perm : 6081K->6081K(21248K)], 0.0059500 secs] [Times: user=0.01 sys=0.00, real=0.00 secs] 
98.973: Total time for which application threads were stopped: 0.0060930 seconds, Stopping threads took: 0.0000710 seconds
98.979: Application time: 0.0063450 seconds
98.979: [GC98.979: [DefNew: 15682K->15682K(18432K), 0.0000110 secs]98.979: [Tenured: 28631K->28631K(40960K), 0.0094430 secs] 44313K->28631K(59392K), [Perm : 6081K->6081K(21248K)], 0.0095130 secs] [Times: user=0.01 sys=0.00, real=0.01 secs] 
98.989: Total time for which application threads were stopped: 0.0097360 seconds, Stopping threads took: 0.0001520 seconds
98.992: Application time: 0.0038310 seconds
98.993: [GC98.993: [DefNew: 15688K->15688K(18432K), 0.0000090 secs]98.993: [Tenured: 28631K->30057K(40960K), 0.0059920 secs] 44320K->30057K(59392K), [Perm : 6081K->6081K(21248K)], 0.0060470 secs] [Times: user=0.00 sys=0.00, real=0.01 secs] 
98.999: Total time for which application threads were stopped: 0.0061970 seconds, Stopping threads took: 0.0000810 seconds
99.002: Application time: 0.0038060 seconds
99.003: [GC99.003: [DefNew: 15678K->15678K(18432K), 0.0000100 secs]99.003: [Tenured: 30057K->30770K(40960K), 0.0059210 secs] 45736K->30770K(59392K), [Perm : 6081K->6081K(21248K)], 0.0059790 secs] [Times: user=0.01 sys=0.00, real=0.01 secs] 
99.009: Total time for which application threads were stopped: 0.0061270 seconds, Stopping threads took: 0.0000760 seconds
99.048: Application time: 0.0392080 seconds
99.048: [GC99.048: [DefNew: 15694K->15694K(18432K), 0.0000100 secs]99.048: [Tenured: 30770K->27918K(40960K), 0.0095990 secs] 46464K->27918K(59392K), [Perm : 6081K->6081K(21248K)], 0.0096580 secs] [Times: user=0.01 sys=0.00, real=0.01 secs] 
99.058: Total time for which application threads were stopped: 0.0097980 seconds, Stopping threads took: 0.0000660 seconds
99.112: Application time: 0.0542590 seconds
99.112: [GC99.112: [DefNew: 15688K->15688K(18432K), 0.0000100 secs]99.112: [Tenured: 27918K->28631K(40960K), 0.0102190 secs] 43606K->28631K(59392K), [Perm : 6081K->6081K(21248K)], 0.0102780 secs] [Times: user=0.01 sys=0.00, real=0.01 secs] 
99.122: Total time for which application threads were stopped: 0.0104780 seconds, Stopping threads took: 0.0001100 seconds
99.140: Application time: 0.0178180 seconds
99.140: [GC99.140: [DefNew: 15714K->15714K(18432K), 0.0000100 secs]99.140: [Tenured: 28631K->29373K(40960K), 0.0094600 secs] 44345K->29373K(59392K), [Perm : 6081K->6081K(21248K)], 0.0095190 secs] [Times: user=0.01 sys=0.00, real=0.01 secs] 
99.150: Total time for which application threads were stopped: 0.0096600 seconds, Stopping threads took: 0.0000660 seconds
99.157: Application time: 0.0076530 seconds
99.158: [GC99.158: [DefNew: 15679K->15679K(18432K), 0.0000100 secs]99.158: [Tenured: 29373K->29373K(40960K), 0.0094610 secs] 45052K->29373K(59392K), [Perm : 6081K->6081K(21248K)], 0.0095210 secs] [Times: user=0.01 sys=0.00, real=0.01 secs] 
99.167: Total time for which application threads were stopped: 0.0096600 seconds, Stopping threads took: 0.0000650 seconds
99.172: Application time: 0.0046350 seconds
99.172: [GC99.172: [DefNew: 16144K->16144K(18432K), 0.0000100 secs]99.172: [Tenured: 29373K->25787K(40960K), 0.0102120 secs] 45517K->25787K(59392K), [Perm : 6081K->6081K(21248K)], 0.0102690 secs] [Times: user=0.01 sys=0.00, real=0.01 secs] 
99.182: Total time for which application threads were stopped: 0.0104220 seconds, Stopping threads took: 0.0000790 seconds
99.187: Application time: 0.0043350 seconds
99.187: [GC99.187: [DefNew: 15807K->15807K(18432K), 0.0000090 secs]99.187: [Tenured: 25787K->25787K(40960K), 0.0095920 secs] 41595K->25787K(59392K), [Perm : 6081K->6081K(21248K)], 0.0096510 secs] [Times: user=0.01 sys=0.00, real=0.01 secs] 
99.196: Total time for which application threads were stopped: 0.0098210 seconds, Stopping threads took: 0.0000990 seconds
99.204: Application time: 0.0072720 seconds
99.204: [GC99.204: [DefNew: 15847K->15847K(18432K), 0.0000100 secs]99.204: [Tenured: 25787K->27919K(40960K), 0.0079210 secs] 41635K->27919K(59392K), [Perm : 6081K->6081K(21248K)], 0.0079770 secs] [Times: user=0.01 sys=0.00, real=0.01 secs] 
99.212: Total time for which application threads were stopped: 0.0086430 seconds, Stopping threads took: 0.0005770 seconds
99.218: Application time: 0.0052910 seconds
99.218: [GC99.218: [DefNew: 15682K->15682K(18432K), 0.0000100 secs]99.218: [Tenured: 27919K->25780K(40960K), 0.0101120 secs] 43601K->25780K(59392K), [Perm : 6081K->6081K(21248K)], 0.0101820 secs] [Times: user=0.01 sys=0.00, real=0.01 secs] 
99.228: Total time for which application threads were stopped: 0.0104880 seconds, Stopping threads took: 0.0002140 seconds
99.233: Application time: 0.0047470 seconds
99.233: [GC99.233: [DefNew: 15680K->15680K(18432K), 0.0000110 secs]99.233: [Tenured: 25780K->25781K(40960K), 0.0077770 secs] 41461K->25781K(59392K), [Perm : 6081K->6081K(21248K)], 0.0078350 secs] [Times: user=0.01 sys=0.00, real=0.00 secs] 
99.241: Total time for which application threads were stopped: 0.0084980 seconds, Stopping threads took: 0.0005850 seconds
99.247: Application time: 0.0057240 seconds
99.247: [GC99.247: [DefNew: 15686K->15686K(18432K), 0.0000090 secs]99.247: [Tenured: 25781K->26494K(40960K), 0.0094510 secs] 41467K->26494K(59392K), [Perm : 6081K->6081K(21248K)], 0.0095120 secs] [Times: user=0.01 sys=0.00, real=0.01 secs] 
99.257: Total time for which application threads were stopped: 0.0097540 seconds, Stopping threads took: 0.0001510 seconds
99.261: Application time: 0.0040000 seconds
99.261: [GC99.261: [DefNew: 15689K->15689K(18432K), 0.0000100 secs]99.261: [Tenured: 26494K->28633K(40960K), 0.0061660 secs] 42183K->28633K(59392K), [Perm : 6081K->6081K(21248K)], 0.0062230 secs] [Times: user=0.01 sys=0.00, real=0.01 secs] 
99.267: Total time for which application threads were stopped: 0.0064160 seconds, Stopping threads took: 0.0001230 seconds
99.271: Application time: 0.0040790 seconds
99.272: [GC99.272: [DefNew: 15683K->15683K(18432K), 0.0000110 secs]99.272: [Tenured: 28633K->27206K(40960K), 0.0104480 secs] 44316K->27206K(59392K), [Perm : 6081K->6081K(21248K)], 0.0105090 secs] [Times: user=0.01 sys=0.00, real=0.01 secs] 
99.282: Total time for which application threads were stopped: 0.0107690 seconds, Stopping threads took: 0.0001710 seconds
99.286: Application time: 0.0036760 seconds
99.286: [GC99.286: [DefNew: 15680K->15680K(18432K), 0.0000100 secs]99.286: [Tenured: 27206K->27206K(40960K), 0.0069570 secs] 42887K->27206K(59392K), [Perm : 6081K->6081K(21248K)], 0.0070120 secs] [Times: user=0.01 sys=0.00, real=0.00 secs] 
99.293: Total time for which application threads were stopped: 0.0072750 seconds, Stopping threads took: 0.0001920 seconds
99.297: Application time: 0.0037830 seconds
99.297: [GC99.297: [DefNew: 15686K->15686K(18432K), 0.0000090 secs]99.297: [Tenured: 27206K->27919K(40960K), 0.0060060 secs] 42893K->27919K(59392K), [Perm : 6081K->6081K(21248K)], 0.0060630 secs] [Times: user=0.00 sys=0.00, real=0.00 secs] 
99.303: Total time for which application threads were stopped: 0.0062180 seconds, Stopping threads took: 0.0000860 seconds
99.308: Application time: 0.0050230 seconds
99.308: [GC99.308: [DefNew: 15688K->15688K(18432K), 0.0000100 secs]99.308: [Tenured: 27919K->27206K(40960K), 0.0080620 secs] 43607K->27206K(59392K), [Perm : 6081K->6081K(21248K)], 0.0081190 secs] [Times: user=0.01 sys=0.00, real=0.01 secs] 
99.316: Total time for which application threads were stopped: 0.0083580 seconds, Stopping threads took: 0.0001510 seconds
99.323: Application time: 0.0061820 seconds
99.323: [GC99.323: [DefNew: 15680K->15680K(18432K), 0.0000110 secs]99.323: [Tenured: 27206K->25781K(40960K), 0.0102020 secs] 42887K->25781K(59392K), [Perm : 6081K->6081K(21248K)], 0.0102640 secs] [Times: user=0.01 sys=0.00, real=0.02 secs] 
99.334: Total time for which application threads were stopped: 0.0110450 seconds, Stopping threads took: 0.0006880 seconds
99.340: Application time: 0.0064040 seconds
99.340: [GC99.340: [DefNew: 15686K->15686K(18432K), 0.0000100 secs]99.340: [Tenured: 25781K->27206K(40960K), 0.0066360 secs] 41467K->27206K(59392K), [Perm : 6081K->6081K(21248K)], 0.0066940 secs] [Times: user=0.01 sys=0.00, real=0.01 secs] 
99.347: Total time for which application threads were stopped: 0.0068430 seconds, Stopping threads took: 0.0000760 seconds
99.351: Application time: 0.0036950 seconds
99.351: [GC99.351: [DefNew: 15682K->15682K(18432K), 0.0000110 secs]99.351: [Tenured: 27206K->25781K(40960K), 0.0091990 secs] 42888K->25781K(59392K), [Perm : 6081K->6081K(21248K)], 0.0092690 secs] [Times: user=0.01 sys=0.00, real=0.01 secs] 
99.360: Total time for which application threads were stopped: 0.0094550 seconds, Stopping threads took: 0.0001090 seconds
99.364: Application time: 0.0039540 seconds
99.364: [GC99.364: [DefNew: 15680K->15680K(18432K), 0.0000100 secs]99.364: [Tenured: 25781K->27918K(40960K), 0.0061320 secs] 41461K->27918K(59392K), [Perm : 6081K->6081K(21248K)], 0.0061900 secs] [Times: user=0.01 sys=0.00, real=0.01 secs] 
99.370: Total time for which application threads were stopped: 0.0063440 seconds, Stopping threads took: 0.0000840 seconds
99.408: Application time: 0.0376800 seconds
99.408: [GC99.408: [DefNew: 15694K->15694K(18432K), 0.0000100 secs]99.408: [Tenured: 27918K->26493K(40960K), 0.0098680 secs] 43613K->26493K(59392K), [Perm : 6081K->6081K(21248K)], 0.0099240 secs] [Times: user=0.01 sys=0.00, real=0.01 secs] 
99.418: Total time for which application threads were stopped: 0.0100640 seconds, Stopping threads took: 0.0000700 seconds
99.474: Application time: 0.0562420 seconds
99.475: [GC99.475: [DefNew: 15687K->15687K(18432K), 0.0000090 secs]99.475: [Tenured: 26493K->27918K(40960K), 0.0099570 secs] 42181K->27918K(59392K), [Perm : 6081K->6081K(21248K)], 0.0100170 secs] [Times: user=0.01 sys=0.00, real=0.00 secs] 
99.485: Total time for which application threads were stopped: 0.0102150 seconds, Stopping threads took: 0.0001060 seconds
99.547: Application time: 0.0620900 seconds
99.547: [GC99.547: [DefNew: 15687K->15687K(18432K), 0.0000100 secs]99.547: [Tenured: 27918K->27205K(40960K), 0.0097660 secs] 43605K->27205K(59392K), [Perm : 6081K->6081K(21248K)], 0.0098250 secs] [Times: user=0.01 sys=0.00, real=0.01 secs] 
99.557: Total time for which application threads were stopped: 0.0100170 seconds, Stopping threads took: 0.0001110 seconds
99.619: Application time: 0.0621670 seconds
99.619: [GC99.619: [DefNew: 15714K->15714K(18432K), 0.0000090 secs]99.619: [Tenured: 27205K->25809K(40960K), 0.0102240 secs] 42919K->25809K(59392K), [Perm : 6081K->6081K(21248K)], 0.0102820 secs] [Times: user=0.01 sys=0.00, real=0.01 secs] 
99.629: Total time for which application threads were stopped: 0.0104510 seconds, Stopping threads took: 0.0001030 seconds
99.636: Application time: 0.0069010 seconds
99.637: [GC99.637: [DefNew: 15687K->15687K(18432K), 0.0000100 secs]99.637: [Tenured: 25809K->26522K(40960K), 0.0091560 secs] 41496K->26522K(59392K), [Perm : 6081K->6081K(21248K)], 0.0092160 secs] [Times: user=0.01 sys=0.00, real=0.01 secs] 
99.646: Total time for which application threads were stopped: 0.0101340 seconds, Stopping threads took: 0.0008340 seconds
99.654: Application time: 0.0075500 seconds
99.654: [GC99.654: [DefNew: 16099K->16099K(18432K), 0.0000100 secs]99.654: [Tenured: 26522K->22932K(40960K), 0.0105450 secs] 42622K->22932K(59392K), [Perm : 6081K->6081K(21248K)], 0.0106030 secs] [Times: user=0.01 sys=0.00, real=0.00 secs] 
99.665: Total time for which application threads were stopped: 0.0108200 seconds, Stopping threads took: 0.0001280 seconds
99.669: Application time: 0.0043850 seconds
99.669: [GC99.669: [DefNew: 15814K->1433K(18432K), 0.0006520 secs] 38747K->24366K(59392K), 0.0006820 secs] [Times: user=0.00 sys=0.00, real=0.00 secs] 
99.670: Total time for which application threads were stopped: 0.0009100 seconds, Stopping threads took: 0.0001500 seconds
99.676: Application time: 0.0058440 seconds
99.677: [GC99.677: [DefNew: 17312K->1426K(18432K), 0.0009880 secs] 40245K->26496K(59392K), 0.0010200 secs] [Times: user=0.00 sys=0.00, real=0.00 secs] 
99.678: Total time for which application threads were stopped: 0.0019980 seconds, Stopping threads took: 0.0009080 seconds
99.683: Application time: 0.0053060 seconds
99.683: [GC99.683: [DefNew: 17112K->17112K(18432K), 0.0000100 secs]99.683: [Tenured: 25070K->24355K(40960K), 0.0087260 secs] 42182K->24355K(59392K), [Perm : 6081K->6081K(21248K)], 0.0087850 secs] [Times: user=0.01 sys=0.00, real=0.01 secs] 
99.692: Total time for which application threads were stopped: 0.0089320 seconds, Stopping threads took: 0.0000650 seconds
99.696: Application time: 0.0040120 seconds
99.697: [GC99.697: [DefNew: 15680K->1425K(18432K), 0.0007590 secs] 40035K->26493K(59392K), 0.0007880 secs] [Times: user=0.00 sys=0.00, real=0.00 secs] 
99.697: Total time for which application threads were stopped: 0.0013450 seconds, Stopping threads took: 0.0004780 seconds
99.702: Application time: 0.0040460 seconds
99.702: [GC99.702: [DefNew: 17106K->1425K(18432K), 0.0005600 secs] 42173K->26493K(59392K), 0.0005930 secs] [Times: user=0.00 sys=0.00, real=0.00 secs] 
99.703: Total time for which application threads were stopped: 0.0014250 seconds, Stopping threads took: 0.0007510 seconds
99.707: Application time: 0.0043750 seconds
99.708: [GC99.708: [DefNew: 17114K->1426K(18432K), 0.0013760 secs] 42182K->29344K(59392K), 0.0014120 secs] [Times: user=0.00 sys=0.00, real=0.00 secs] 
99.709: Total time for which application threads were stopped: 0.0018840 seconds, Stopping threads took: 0.0004070 seconds
99.712: Application time: 0.0029590 seconds
99.712: [GC99.712: [DefNew: 17115K->17115K(18432K), 0.0000090 secs]99.712: [Tenured: 27918K->27206K(40960K), 0.0094820 secs] 45033K->27206K(59392K), [Perm : 6081K->6081K(21248K)], 0.0095410 secs] [Times: user=0.01 sys=0.00, real=0.01 secs] 
99.722: Total time for which application threads were stopped: 0.0098350 seconds, Stopping threads took: 0.0002050 seconds
99.725: Application time: 0.0033960 seconds
99.726: [GC99.726: [DefNew: 15682K->15682K(18432K), 0.0000100 secs]99.726: [Tenured: 27206K->27918K(40960K), 0.0072770 secs] 42888K->27918K(59392K), [Perm : 6081K->6081K(21248K)], 0.0073370 secs] [Times: user=0.00 sys=0.00, real=0.00 secs] 
99.733: Total time for which application threads were stopped: 0.0076370 seconds, Stopping threads took: 0.0002080 seconds
99.736: Application time: 0.0032690 seconds
99.737: [GC99.737: [DefNew: 15680K->15680K(18432K), 0.0000090 secs]99.737: [Tenured: 27918K->25780K(40960K), 0.0086760 secs] 43598K->25780K(59392K), [Perm : 6081K->6081K(21248K)], 0.0087370 secs] [Times: user=0.01 sys=0.00, real=0.00 secs] 
99.745: Total time for which application threads were stopped: 0.0091410 seconds, Stopping threads took: 0.0003030 seconds
99.750: Application time: 0.0042530 seconds
99.750: [GC99.750: [DefNew: 15688K->1426K(18432K), 0.0012140 secs] 41468K->29344K(59392K), 0.0012450 secs] [Times: user=0.00 sys=0.00, real=0.00 secs] 
99.751: Total time for which application threads were stopped: 0.0016390 seconds, Stopping threads took: 0.0003240 seconds
99.757: Application time: 0.0058060 seconds
99.757: [GC99.757: [DefNew: 17114K->17114K(18432K), 0.0000090 secs]99.757: [Tenured: 27918K->25780K(40960K), 0.0090820 secs] 45032K->25780K(59392K), [Perm : 6081K->6081K(21248K)], 0.0091400 secs] [Times: user=0.01 sys=0.00, real=0.01 secs] 
99.766: Total time for which application threads were stopped: 0.0092930 seconds, Stopping threads took: 0.0000820 seconds
99.774: Application time: 0.0077450 seconds
99.774: [GC99.774: [DefNew: 15679K->712K(18432K), 0.0004450 secs] 41460K->26493K(59392K), 0.0004740 secs] [Times: user=0.00 sys=0.00, real=0.00 secs] 
99.775: Total time for which application threads were stopped: 0.0007310 seconds, Stopping threads took: 0.0001990 seconds
99.779: Application time: 0.0043900 seconds
99.779: [GC99.779: [DefNew: 16401K->1425K(18432K), 0.0014640 secs] 42181K->30057K(59392K), 0.0014960 secs] [Times: user=0.00 sys=0.00, real=0.00 secs] 
99.781: Total time for which application threads were stopped: 0.0016370 seconds, Stopping threads took: 0.0000780 seconds
99.785: Application time: 0.0038470 seconds
99.785: [GC99.785: [DefNew: 17105K->17105K(18432K), 0.0000100 secs]99.785: [Tenured: 28631K->25780K(40960K), 0.0087880 secs] 45736K->25780K(59392K), [Perm : 6081K->6081K(21248K)], 0.0088450 secs] [Times: user=0.01 sys=0.00, real=0.02 secs] 
99.794: Total time for which application threads were stopped: 0.0090090 seconds, Stopping threads took: 0.0000910 seconds
99.799: Application time: 0.0052200 seconds
99.799: [GC99.799: [DefNew: 15688K->1426K(18432K), 0.0009550 secs] 41469K->29344K(59392K), 0.0009920 secs] [Times: user=0.00 sys=0.00, real=0.00 secs] 
99.800: Total time for which application threads were stopped: 0.0011290 seconds, Stopping threads took: 0.0000780 seconds
99.873: Application time: 0.0726060 seconds
99.873: [GC99.873: [DefNew: 17142K->1453K(18432K), 0.0036640 secs] 45060K->40773K(59392K), 0.0037030 secs] [Times: user=0.00 sys=0.00, real=0.01 secs] 
99.877: Total time for which application threads were stopped: 0.0038260 seconds, Stopping threads took: 0.0000580 seconds
99.883: Application time: 0.0065050 seconds
99.883: [GC99.883: [DefNew: 17141K->17141K(18432K), 0.0000100 secs]99.883: [Tenured: 39319K->27234K(40960K), 0.0096970 secs] 56460K->27234K(59392K), [Perm : 6081K->6081K(21248K)], 0.0097570 secs] [Times: user=0.01 sys=0.00, real=0.01 secs] 
99.893: Total time for which application threads were stopped: 0.0099510 seconds, Stopping threads took: 0.0001220 seconds
99.902: Application time: 0.0085340 seconds
99.902: [GC99.902: [DefNew: 15683K->15683K(18432K), 0.0000100 secs]99.902: [Tenured: 27234K->25780K(40960K), 0.0099250 secs] 42918K->25780K(59392K), [Perm : 6081K->6081K(21248K)], 0.0099830 secs] [Times: user=0.01 sys=0.00, real=0.01 secs] 
99.912: Total time for which application threads were stopped: 0.0101520 seconds, Stopping threads took: 0.0000870 seconds
99.916: Application time: 0.0040300 seconds
99.916: [GC99.916: [DefNew: 15679K->1425K(18432K), 0.0007330 secs] 41459K->27917K(59392K), 0.0007620 secs] [Times: user=0.00 sys=0.00, real=0.00 secs] 
99.917: Total time for which application threads were stopped: 0.0010740 seconds, Stopping threads took: 0.0002370 seconds
99.924: Application time: 0.0073810 seconds
99.924: [GC99.924: [DefNew: 17707K->1460K(18432K), 0.0006020 secs] 44200K->27953K(59392K), 0.0006300 secs] [Times: user=0.00 sys=0.00, real=0.00 secs] 
99.925: Total time for which application threads were stopped: 0.0008070 seconds, Stopping threads took: 0.0001210 seconds
99.935: Application time: 0.0101560 seconds
99.936: [GC99.936: [DefNew: 17730K->1462K(18432K), 0.0010300 secs] 44222K->29409K(59392K), 0.0010600 secs] [Times: user=0.00 sys=0.00, real=0.00 secs] 
99.937: Total time for which application threads were stopped: 0.0017020 seconds, Stopping threads took: 0.0005830 seconds
99.941: Application time: 0.0041070 seconds
99.942: [GC99.942: [DefNew: 17260K->1428K(18432K), 0.0012260 secs] 45207K->31544K(59392K), 0.0012590 secs] [Times: user=0.00 sys=0.00, real=0.00 secs] 
99.943: Total time for which application threads were stopped: 0.0022250 seconds, Stopping threads took: 0.0008930 seconds
99.947: Application time: 0.0042230 seconds
99.948: [GC99.948: [DefNew: 17254K->17254K(18432K), 0.0000100 secs]99.948: [Tenured: 30115K->19376K(40960K), 0.0093450 secs] 47370K->19376K(59392K), [Perm : 6081K->6081K(21248K)], 0.0094020 secs] [Times: user=0.01 sys=0.00, real=0.01 secs] 
99.958: Total time for which application threads were stopped: 0.0102590 seconds, Stopping threads took: 0.0007760 seconds
99.961: Application time: 0.0037600 seconds
99.962: [GC99.962: [DefNew: 15742K->1427K(18432K), 0.0014230 secs] 35119K->23653K(59392K), 0.0014560 secs] [Times: user=0.00 sys=0.00, real=0.00 secs] 
99.963: Total time for which application threads were stopped: 0.0018100 seconds, Stopping threads took: 0.0002720 seconds
99.967: Application time: 0.0038730 seconds
99.967: [GC99.967: [DefNew: 17111K->1425K(18432K), 0.0014520 secs] 39337K->26503K(59392K), 0.0014880 secs] [Times: user=0.00 sys=0.00, real=0.00 secs] 
99.969: Total time for which application threads were stopped: 0.0017110 seconds, Stopping threads took: 0.0001400 seconds
99.972: Application time: 0.0031830 seconds
99.973: [GC99.973: [DefNew: 17114K->1426K(18432K), 0.0011720 secs] 42192K->28642K(59392K), 0.0012050 secs] [Times: user=0.01 sys=0.00, real=0.01 secs] 
99.974: Total time for which application threads were stopped: 0.0021110 seconds, Stopping threads took: 0.0008410 seconds
99.978: Application time: 0.0035100 seconds
99.978: [GC99.978: [DefNew: 17108K->1425K(18432K), 0.0009520 secs] 44324K->30067K(59392K), 0.0009880 secs] [Times: user=0.01 sys=0.00, real=0.00 secs] 
99.979: Total time for which application threads were stopped: 0.0011310 seconds, Stopping threads took: 0.0000740 seconds
99.982: Application time: 0.0036370 seconds
99.983: [GC99.983: [DefNew: 17109K->1425K(18432K), 0.0011200 secs] 45751K->32204K(59392K), 0.0011520 secs] [Times: user=0.00 sys=0.00, real=0.00 secs] 
99.984: Total time for which application threads were stopped: 0.0018190 seconds, Stopping threads took: 0.0006050 seconds
99.988: Application time: 0.0034550 seconds
99.988: [GC99.988: [DefNew: 17113K->1426K(18432K), 0.0012590 secs] 47893K->34343K(59392K), 0.0012900 secs] [Times: user=0.01 sys=0.00, real=0.00 secs] 
99.989: Total time for which application threads were stopped: 0.0016250 seconds, Stopping threads took: 0.0002730 seconds
99.993: Application time: 0.0035160 seconds
99.993: [GC99.993: [DefNew: 17114K->1425K(18432K), 0.0016080 secs] 50031K->37906K(59392K), 0.0016450 secs] [Times: user=0.00 sys=0.00, real=0.01 secs] 
99.995: Total time for which application threads were stopped: 0.0019110 seconds, Stopping threads took: 0.0001820 seconds
99.999: Application time: 0.0038200 seconds
100.000: [GC100.000: [DefNew: 17107K->17107K(18432K), 0.0000100 secs]100.000: [Tenured: 36480K->21504K(40960K), 0.0098970 secs] 53588K->21504K(59392K), [Perm : 6081K->6081K(21248K)], 0.0099550 secs] [Times: user=0.01 sys=0.00, real=0.01 secs] 
100.010: Total time for which application threads were stopped: 0.0109870 seconds, Stopping threads took: 0.0009420 seconds
100.013: Application time: 0.0033320 seconds
100.014: [GC100.014: [DefNew: 15692K->1426K(18432K), 0.0019650 secs] 37196K->27205K(59392K), 0.0020020 secs] [Times: user=0.00 sys=0.00, real=0.00 secs] 
100.016: Total time for which application threads were stopped: 0.0029540 seconds, Stopping threads took: 0.0008740 seconds
100.019: Application time: 0.0034010 seconds
100.020: [GC100.020: [DefNew: 17106K->1425K(18432K), 0.0010540 secs] 42885K->28630K(59392K), 0.0010850 secs] [Times: user=0.00 sys=0.00, real=0.00 secs] 
100.021: Total time for which application threads were stopped: 0.0017410 seconds, Stopping threads took: 0.0005940 seconds
100.026: Application time: 0.0048320 seconds
100.026: [GC100.026: [DefNew: 17115K->1426K(18432K), 0.0007740 secs] 44320K->29344K(59392K), 0.0008010 secs] [Times: user=0.00 sys=0.00, real=0.00 secs] 
100.027: Total time for which application threads were stopped: 0.0009160 seconds, Stopping threads took: 0.0000560 seconds
100.031: Application time: 0.0038880 seconds
100.032: [GC100.032: [DefNew: 17114K->1426K(18432K), 0.0007660 secs] 45032K->30058K(59392K), 0.0007950 secs] [Times: user=0.00 sys=0.00, real=0.00 secs] 
100.033: Total time for which application threads were stopped: 0.0017830 seconds, Stopping threads took: 0.0009290 seconds
100.036: Application time: 0.0034760 seconds
100.037: [GC100.037: [DefNew: 17108K->1425K(18432K), 0.0010110 secs] 45739K->31483K(59392K), 0.0010440 secs] [Times: user=0.00 sys=0.00, real=0.00 secs] 
100.038: Total time for which application threads were stopped: 0.0016030 seconds, Stopping threads took: 0.0004980 seconds
100.041: Application time: 0.0034130 seconds
100.041: [GC100.041: [DefNew: 17106K->1425K(18432K), 0.0005440 secs] 47164K->31483K(59392K), 0.0005720 secs] [Times: user=0.00 sys=0.00, real=0.00 secs] 
100.042: Total time for which application threads were stopped: 0.0009010 seconds, Stopping threads took: 0.0002720 seconds
100.046: Application time: 0.0037270 seconds
100.046: [GC100.046: [DefNew: 17106K->1425K(18432K), 0.0005480 secs] 47164K->31483K(59392K), 0.0005760 secs] [Times: user=0.00 sys=0.00, real=0.00 secs] 
100.047: Total time for which application threads were stopped: 0.0008800 seconds, Stopping threads took: 0.0002270 seconds
100.051: Application time: 0.0042430 seconds
100.051: [GC100.051: [DefNew: 17122K->1426K(18432K), 0.0013100 secs] 47180K->33622K(59392K), 0.0013510 secs] [Times: user=0.00 sys=0.00, real=0.00 secs] 
100.052: Total time for which application threads were stopped: 0.0014940 seconds, Stopping threads took: 0.0000790 seconds
100.056: Application time: 0.0035090 seconds
100.056: [GC100.056: [DefNew: 17106K->712K(18432K), 0.0009590 secs] 49301K->34335K(59392K), 0.0009880 secs] [Times: user=0.00 sys=0.00, real=0.00 secs] 
100.057: Total time for which application threads were stopped: 0.0012270 seconds, Stopping threads took: 0.0001800 seconds
100.073: Application time: 0.0159100 seconds
100.073: [GC100.073: [DefNew: 16405K->1426K(18432K), 0.0020620 secs] 50027K->40748K(59392K), 0.0020990 secs] [Times: user=0.00 sys=0.00, real=0.01 secs] 
100.075: Total time for which application threads were stopped: 0.0022210 seconds, Stopping threads took: 0.0000550 seconds
100.140: Application time: 0.0650630 seconds
100.140: [GC100.140: [DefNew: 17117K->17117K(18432K), 0.0000100 secs]100.140: [Tenured: 39322K->24355K(40960K), 0.0103540 secs] 56440K->24355K(59392K), [Perm : 6081K->6081K(21248K)], 0.0104130 secs] [Times: user=0.01 sys=0.00, real=0.01 secs] 
100.151: Total time for which application threads were stopped: 0.0106190 seconds, Stopping threads took: 0.0001160 seconds
100.225: Application time: 0.0739680 seconds
100.225: [GC100.225: [DefNew: 15691K->1425K(18432K), 0.0042580 secs] 40046K->39318K(59392K), 0.0042990 secs] [Times: user=0.01 sys=0.00, real=0.01 secs] 
100.229: Total time for which application threads were stopped: 0.0044270 seconds, Stopping threads took: 0.0000610 seconds
100.301: Application time: 0.0716390 seconds
100.301: [GC100.301: [DefNew: 17116K->17116K(18432K), 0.0000090 secs]100.301: [Tenured: 37893K->23642K(40960K), 0.0100680 secs] 55009K->23642K(59392K), [Perm : 6081K->6081K(21248K)], 0.0101240 secs] [Times: user=0.01 sys=0.00, real=0.01 secs] 
100.311: Total time for which application threads were stopped: 0.0102590 seconds, Stopping threads took: 0.0000660 seconds
100.384: Application time: 0.0732070 seconds
100.384: [GC100.384: [DefNew: 15697K->1425K(18432K), 0.0044930 secs] 39340K->39318K(59392K), 0.0045330 secs] [Times: user=0.00 sys=0.00, real=0.01 secs] 
100.389: Total time for which application threads were stopped: 0.0046910 seconds, Stopping threads took: 0.0000810 seconds
100.463: Application time: 0.0734970 seconds
100.463: [GC100.463: [DefNew: 17117K->17117K(18432K), 0.0000100 secs]100.463: [Tenured: 37892K->24356K(40960K), 0.0093040 secs] 55010K->24356K(59392K), [Perm : 6081K->6081K(21248K)], 0.0093630 secs] [Times: user=0.01 sys=0.00, real=0.01 secs] 
100.472: Total time for which application threads were stopped: 0.0094910 seconds, Stopping threads took: 0.0000580 seconds
100.537: Application time: 0.0648360 seconds
100.537: [GC100.537: [DefNew: 15704K->1426K(18432K), 0.0044090 secs] 40060K->40033K(59392K), 0.0044490 secs] [Times: user=0.00 sys=0.00, real=0.00 secs] 
100.541: Total time for which application threads were stopped: 0.0045910 seconds, Stopping threads took: 0.0000530 seconds
100.595: Application time: 0.0533840 seconds
100.595: [GC100.595: [DefNew: 17118K->17118K(18432K), 0.0000100 secs]100.595: [Tenured: 38606K->26495K(40960K), 0.0103240 secs] 55724K->26495K(59392K), [Perm : 6081K->6081K(21248K)], 0.0103840 secs] [Times: user=0.01 sys=0.00, real=0.00 secs] 
100.605: Total time for which application threads were stopped: 0.0105840 seconds, Stopping threads took: 0.0001100 seconds
100.684: Application time: 0.0788170 seconds
100.684: [GC100.684: [DefNew: 15691K->15691K(18432K), 0.0000100 secs]100.684: [Tenured: 26495K->25782K(40960K), 0.0088700 secs] 42186K->25782K(59392K), [Perm : 6081K->6081K(21248K)], 0.0089280 secs] [Times: user=0.01 sys=0.00, real=0.01 secs] 
100.693: Total time for which application threads were stopped: 0.0090590 seconds, Stopping threads took: 0.0000620 seconds
100.757: Application time: 0.0635040 seconds
100.757: [GC100.757: [DefNew: 15691K->15691K(18432K), 0.0000110 secs]100.757: [Tenured: 25782K->25780K(40960K), 0.0109470 secs] 41474K->25780K(59392K), [Perm : 6081K->6081K(21248K)], 0.0110060 secs] [Times: user=0.01 sys=0.00, real=0.01 secs] 
100.768: Total time for which application threads were stopped: 0.0111560 seconds, Stopping threads took: 0.0000710 seconds
100.830: Application time: 0.0620930 seconds
100.830: [GC100.830: [DefNew: 15704K->1426K(18432K), 0.0045110 secs] 41484K->41457K(59392K), 0.0045530 secs] [Times: user=0.00 sys=0.00, real=0.01 secs] 
100.835: Total time for which application threads were stopped: 0.0047290 seconds, Stopping threads took: 0.0001060 seconds
100.912: Application time: 0.0775630 seconds
100.912: [GC100.912: [DefNew: 17118K->17118K(18432K), 0.0000100 secs]100.912: [Tenured: 40030K->27206K(40960K), 0.0100000 secs] 57148K->27206K(59392K), [Perm : 6081K->6081K(21248K)], 0.0100610 secs] [Times: user=0.01 sys=0.00, real=0.01 secs] 
100.923: Total time for which application threads were stopped: 0.0101940 seconds, Stopping threads took: 0.0000620 seconds
100.995: Application time: 0.0728250 seconds
100.995: [GC100.995: [DefNew: 15691K->15691K(18432K), 0.0000100 secs]100.996: [Tenured: 27206K->27206K(40960K), 0.0098720 secs] 42898K->27206K(59392K), [Perm : 6081K->6081K(21248K)], 0.0099320 secs] [Times: user=0.01 sys=0.00, real=0.00 secs] 
101.005: Total time for which application threads were stopped: 0.0100760 seconds, Stopping threads took: 0.0000680 seconds
101.077: Application time: 0.0715700 seconds
101.077: [GC101.077: [DefNew: 15710K->15710K(18432K), 0.0000090 secs]101.077: [Tenured: 27206K->28634K(40960K), 0.0092980 secs] 42917K->28634K(59392K), [Perm : 6081K->6081K(21248K)], 0.0093540 secs] [Times: user=0.01 sys=0.00, real=0.01 secs] 
101.087: Total time for which application threads were stopped: 0.0094970 seconds, Stopping threads took: 0.0000650 seconds
101.157: Application time: 0.0706350 seconds
101.157: [GC101.157: [DefNew: 15691K->15691K(18432K), 0.0000090 secs]101.157: [Tenured: 28634K->29342K(40960K), 0.0103960 secs] 44325K->29342K(59392K), [Perm : 6081K->6081K(21248K)], 0.0104510 secs] [Times: user=0.01 sys=0.00, real=0.01 secs] 
101.168: Total time for which application threads were stopped: 0.0105720 seconds, Stopping threads took: 0.0000550 seconds
101.226: Application time: 0.0586700 seconds
101.226: [GC101.227: [DefNew: 15691K->15691K(18432K), 0.0000110 secs]101.227: [Tenured: 29342K->29342K(40960K), 0.0097060 secs] 45034K->29342K(59392K), [Perm : 6081K->6081K(21248K)], 0.0097650 secs] [Times: user=0.01 sys=0.00, real=0.01 secs] 
101.236: Total time for which application threads were stopped: 0.0098970 seconds, Stopping threads took: 0.0000590 seconds
101.287: Application time: 0.0510530 seconds
101.288: [GC101.288: [DefNew: 15700K->15700K(18432K), 0.0000090 secs]101.288: [Tenured: 29342K->29343K(40960K), 0.0097430 secs] 45043K->29343K(59392K), [Perm : 6081K->6081K(21248K)], 0.0098010 secs] [Times: user=0.01 sys=0.00, real=0.01 secs] 
101.297: Total time for which application threads were stopped: 0.0100040 seconds, Stopping threads took: 0.0001140 seconds
101.370: Application time: 0.0730840 seconds
101.371: [GC101.371: [DefNew: 15691K->15691K(18432K), 0.0000090 secs]101.371: [Tenured: 29343K->30056K(40960K), 0.0089320 secs] 45035K->30056K(59392K), [Perm : 6081K->6081K(21248K)], 0.0089900 secs] [Times: user=0.01 sys=0.00, real=0.01 secs] 
101.380: Total time for which application threads were stopped: 0.0091520 seconds, Stopping threads took: 0.0000830 seconds
101.450: Application time: 0.0704640 seconds
101.450: [GC101.450: [DefNew: 15689K->15689K(18432K), 0.0000100 secs]101.450: [Tenured: 30056K->28630K(40960K), 0.0126740 secs] 45745K->28630K(59392K), [Perm : 6081K->6081K(21248K)], 0.0127360 secs] [Times: user=0.01 sys=0.00, real=0.01 secs] 
101.463: Total time for which application threads were stopped: 0.0129320 seconds, Stopping threads took: 0.0001230 seconds
101.533: Application time: 0.0696710 seconds
101.533: [GC101.533: [DefNew: 15700K->15700K(18432K), 0.0000090 secs]101.533: [Tenured: 28630K->28631K(40960K), 0.0089300 secs] 44330K->28631K(59392K), [Perm : 6081K->6081K(21248K)], 0.0089860 secs] [Times: user=0.01 sys=0.00, real=0.01 secs] 
101.542: Total time for which application threads were stopped: 0.0091330 seconds, Stopping threads took: 0.0000720 seconds
101.604: Application time: 0.0626660 seconds
101.605: [GC101.605: [DefNew: 15698K->15698K(18432K), 0.0000090 secs]101.605: [Tenured: 28631K->28630K(40960K), 0.0100240 secs] 44329K->28630K(59392K), [Perm : 6081K->6081K(21248K)], 0.0100830 secs] [Times: user=0.01 sys=0.00, real=0.02 secs] 
101.615: Total time for which application threads were stopped: 0.0102240 seconds, Stopping threads took: 0.0000590 seconds
101.672: Application time: 0.0574640 seconds
101.672: [GC101.672: [DefNew: 15689K->15689K(18432K), 0.0000110 secs]101.672: [Tenured: 28630K->28630K(40960K), 0.0107280 secs] 44320K->28630K(59392K), [Perm : 6081K->6081K(21248K)], 0.0107900 secs] [Times: user=0.01 sys=0.00, real=0.01 secs] 
101.683: Total time for which application threads were stopped: 0.0109630 seconds, Stopping threads took: 0.0001040 seconds
101.748: Application time: 0.0652530 seconds
101.749: [GC101.749: [DefNew: 15689K->15689K(18432K), 0.0000100 secs]101.749: [Tenured: 28630K->27917K(40960K), 0.0125400 secs] 44320K->27917K(59392K), [Perm : 6081K->6081K(21248K)], 0.0126030 secs] [Times: user=0.01 sys=0.00, real=0.01 secs] 
101.761: Total time for which application threads were stopped: 0.0128700 seconds, Stopping threads took: 0.0001980 seconds
101.835: Application time: 0.0738240 seconds
101.835: [GC101.835: [DefNew: 15689K->15689K(18432K), 0.0000100 secs]101.835: [Tenured: 27917K->27205K(40960K), 0.0106230 secs] 43607K->27205K(59392K), [Perm : 6081K->6081K(21248K)], 0.0106820 secs] [Times: user=0.01 sys=0.00, real=0.01 secs] 
101.846: Total time for which application threads were stopped: 0.0109010 seconds, Stopping threads took: 0.0001280 seconds
101.872: Application time: 0.0257670 seconds
101.872: [GC101.872: [DefNew: 15689K->15689K(18432K), 0.0000090 secs]101.872: [Tenured: 27205K->27918K(40960K), 0.0090990 secs] 42895K->27918K(59392K), [Perm : 6081K->6081K(21248K)], 0.0091580 secs] [Times: user=0.01 sys=0.00, real=0.01 secs] 
101.881: Total time for which application threads were stopped: 0.0093000 seconds, Stopping threads took: 0.0000730 seconds
101.955: Application time: 0.0737430 seconds
101.955: [GC101.955: [DefNew: 15696K->15696K(18432K), 0.0000100 secs]101.955: [Tenured: 27918K->27206K(40960K), 0.0088960 secs] 43614K->27206K(59392K), [Perm : 6081K->6081K(21248K)], 0.0089530 secs] [Times: user=0.01 sys=0.00, real=0.00 secs] 
101.964: Total time for which application threads were stopped: 0.0090910 seconds, Stopping threads took: 0.0000680 seconds
102.028: Application time: 0.0642280 seconds
102.028: [GC102.028: [DefNew: 15705K->15705K(18432K), 0.0000090 secs]102.028: [Tenured: 27206K->23643K(40960K), 0.0109640 secs] 42912K->23643K(59392K), [Perm : 6081K->6081K(21248K)], 0.0110230 secs] [Times: user=0.01 sys=0.00, real=0.01 secs] 
102.039: Total time for which application threads were stopped: 0.0112000 seconds, Stopping threads took: 0.0001090 seconds
102.092: Application time: 0.0523920 seconds
102.092: [GC102.092: [DefNew: 15705K->1427K(18432K), 0.0034500 secs] 39348K->35758K(59392K), 0.0034890 secs] [Times: user=0.00 sys=0.00, real=0.01 secs] 
102.095: Total time for which application threads were stopped: 0.0036240 seconds, Stopping threads took: 0.0000710 seconds
102.127: Application time: 0.0315110 seconds
102.127: [GC102.127: [DefNew: 17115K->17115K(18432K), 0.0000100 secs]102.127: [Tenured: 34331K->23643K(40960K), 0.0101450 secs] 51446K->23643K(59392K), [Perm : 6081K->6081K(21248K)], 0.0102010 secs] [Times: user=0.01 sys=0.00, real=0.01 secs] 
102.137: Total time for which application threads were stopped: 0.0103490 seconds, Stopping threads took: 0.0000690 seconds
102.208: Application time: 0.0712990 seconds
102.209: [GC102.209: [DefNew: 15688K->1425K(18432K), 0.0035240 secs] 39331K->35756K(59392K), 0.0035660 secs] [Times: user=0.00 sys=0.00, real=0.00 secs] 
102.212: Total time for which application threads were stopped: 0.0037610 seconds, Stopping threads took: 0.0001270 seconds
102.258: Application time: 0.0461660 seconds
102.259: [GC102.259: [DefNew: 17113K->17113K(18432K), 0.0000100 secs]102.259: [Tenured: 34331K->24356K(40960K), 0.0108660 secs] 51444K->24356K(59392K), [Perm : 6081K->6081K(21248K)], 0.0109300 secs] [Times: user=0.01 sys=0.00, real=0.01 secs] 
102.270: Total time for which application threads were stopped: 0.0111880 seconds, Stopping threads took: 0.0001690 seconds
102.308: Application time: 0.0380830 seconds
102.308: [GC102.308: [DefNew: 15697K->1426K(18432K), 0.0034970 secs] 40053K->36470K(59392K), 0.0035400 secs] [Times: user=0.01 sys=0.00, real=0.00 secs] 
102.311: Total time for which application threads were stopped: 0.0037190 seconds, Stopping threads took: 0.0001130 seconds
102.376: Application time: 0.0645840 seconds
102.376: [GC102.376: [DefNew: 17116K->17116K(18432K), 0.0000110 secs]102.376: [Tenured: 35044K->22932K(40960K), 0.0104730 secs] 52161K->22932K(59392K), [Perm : 6081K->6081K(21248K)], 0.0105340 secs] [Times: user=0.01 sys=0.00, real=0.01 secs] 
102.387: Total time for which application threads were stopped: 0.0108490 seconds, Stopping threads took: 0.0002430 seconds
102.441: Application time: 0.0538980 seconds
102.441: [GC102.441: [DefNew: 15690K->1425K(18432K), 0.0036050 secs] 38622K->35758K(59392K), 0.0036460 secs] [Times: user=0.00 sys=0.00, real=0.00 secs] 
102.445: Total time for which application threads were stopped: 0.0037690 seconds, Stopping threads took: 0.0000560 seconds
102.475: Application time: 0.0308230 seconds
102.476: [GC102.476: [DefNew: 17113K->17113K(18432K), 0.0000100 secs]102.476: [Tenured: 34333K->25069K(40960K), 0.0110470 secs] 51447K->25069K(59392K), [Perm : 6081K->6081K(21248K)], 0.0111090 secs] [Times: user=0.01 sys=0.00, real=0.01 secs] 
102.487: Total time for which application threads were stopped: 0.0112910 seconds, Stopping threads took: 0.0001120 seconds
102.552: Application time: 0.0650420 seconds
102.552: [GC102.552: [DefNew: 15688K->1425K(18432K), 0.0034190 secs] 40757K->36470K(59392K), 0.0034580 secs] [Times: user=0.00 sys=0.00, real=0.01 secs] 
102.555: Total time for which application threads were stopped: 0.0035830 seconds, Stopping threads took: 0.0000570 seconds
102.607: Application time: 0.0520490 seconds
102.607: [GC102.607: [DefNew: 17129K->17129K(18432K), 0.0000140 secs]102.608: [Tenured: 35045K->25071K(40960K), 0.0096300 secs] 52174K->25071K(59392K), [Perm : 6081K->6081K(21248K)], 0.0096980 secs] [Times: user=0.01 sys=0.00, real=0.01 secs] 
102.617: Total time for which application threads were stopped: 0.0098770 seconds, Stopping threads took: 0.0001090 seconds
102.669: Application time: 0.0513900 seconds
102.669: [GC102.669: [DefNew: 15688K->1425K(18432K), 0.0035140 secs] 40759K->37184K(59392K), 0.0035560 secs] [Times: user=0.00 sys=0.00, real=0.00 secs] 
102.672: Total time for which application threads were stopped: 0.0037020 seconds, Stopping threads took: 0.0000700 seconds
102.719: Application time: 0.0469360 seconds
102.719: [GC102.719: [DefNew: 17116K->17116K(18432K), 0.0000100 secs]102.719: [Tenured: 35759K->23645K(40960K), 0.0104210 secs] 52875K->23645K(59392K), [Perm : 6081K->6081K(21248K)], 0.0104800 secs] [Times: user=0.01 sys=0.00, real=0.01 secs] 
102.730: Total time for which application threads were stopped: 0.0107360 seconds, Stopping threads took: 0.0001660 seconds
102.790: Application time: 0.0602250 seconds
102.790: [GC102.791: [DefNew: 15690K->1425K(18432K), 0.0037240 secs] 39336K->36472K(59392K), 0.0037670 secs] [Times: user=0.00 sys=0.00, real=0.01 secs] 
102.794: Total time for which application threads were stopped: 0.0040800 seconds, Stopping threads took: 0.0002370 seconds
102.836: Application time: 0.0415870 seconds
102.836: [GC102.836: [DefNew: 17114K->17114K(18432K), 0.0000090 secs]102.836: [Tenured: 35047K->26496K(40960K), 0.0090540 secs] 52161K->26496K(59392K), [Perm : 6081K->6081K(21248K)], 0.0091130 secs] [Times: user=0.00 sys=0.00, real=0.00 secs] 
102.845: Total time for which application threads were stopped: 0.0092430 seconds, Stopping threads took: 0.0000600 seconds
102.893: Application time: 0.0483190 seconds
102.894: [GC102.894: [DefNew: 15688K->15688K(18432K), 0.0000110 secs]102.894: [Tenured: 26496K->25069K(40960K), 0.0115820 secs] 42185K->25069K(59392K), [Perm : 6081K->6081K(21248K)], 0.0116510 secs] [Times: user=0.01 sys=0.00, real=0.00 secs] 
102.905: Total time for which application threads were stopped: 0.0119040 seconds, Stopping threads took: 0.0001610 seconds
102.963: Application time: 0.0577860 seconds
102.963: [GC102.963: [DefNew: 15688K->1425K(18432K), 0.0035350 secs] 40758K->37183K(59392K), 0.0035770 secs] [Times: user=0.00 sys=0.00, real=0.01 secs] 
102.967: Total time for which application threads were stopped: 0.0037950 seconds, Stopping threads took: 0.0001300 seconds
103.021: Application time: 0.0539950 seconds
103.021: [GC103.021: [DefNew: 17131K->17131K(18432K), 0.0000100 secs]103.021: [Tenured: 35758K->25784K(40960K), 0.0102340 secs] 52889K->25784K(59392K), [Perm : 6081K->6081K(21248K)], 0.0102930 secs] [Times: user=0.01 sys=0.00, real=0.01 secs] 
103.031: Total time for which application threads were stopped: 0.0104590 seconds, Stopping threads took: 0.0000970 seconds
103.069: Application time: 0.0376260 seconds
103.069: [GC103.069: [DefNew: 15697K->15697K(18432K), 0.0000100 secs]103.069: [Tenured: 25784K->27922K(40960K), 0.0095580 secs] 41481K->27922K(59392K), [Perm : 6081K->6081K(21248K)], 0.0096170 secs] [Times: user=0.01 sys=0.00, real=0.01 secs] 
103.079: Total time for which application threads were stopped: 0.0098140 seconds, Stopping threads took: 0.0001270 seconds
103.152: Application time: 0.0732400 seconds
103.152: [GC103.152: [DefNew: 15705K->15705K(18432K), 0.0000100 secs]103.152: [Tenured: 27922K->27924K(40960K), 0.0090380 secs] 43628K->27924K(59392K), [Perm : 6081K->6081K(21248K)], 0.0090940 secs] [Times: user=0.01 sys=0.00, real=0.01 secs] 
103.161: Total time for which application threads were stopped: 0.0092310 seconds, Stopping threads took: 0.0000660 seconds
103.199: Application time: 0.0372550 seconds
103.199: [GC103.199: [DefNew: 15688K->15688K(18432K), 0.0000100 secs]103.199: [Tenured: 27924K->30057K(40960K), 0.0113510 secs] 43612K->30057K(59392K), [Perm : 6081K->6081K(21248K)], 0.0114100 secs] [Times: user=0.01 sys=0.00, real=0.01 secs] 
103.210: Total time for which application threads were stopped: 0.0116030 seconds, Stopping threads took: 0.0001020 seconds
103.253: Application time: 0.0430450 seconds
103.253: [GC103.253: [DefNew: 15688K->15688K(18432K), 0.0000100 secs]103.253: [Tenured: 30057K->29344K(40960K), 0.0097630 secs] 45746K->29344K(59392K), [Perm : 6081K->6081K(21248K)], 0.0098190 secs] [Times: user=0.01 sys=0.00, real=0.01 secs] 
103.263: Total time for which application threads were stopped: 0.0099590 seconds, Stopping threads took: 0.0000710 seconds
103.328: Application time: 0.0647850 seconds
103.328: [GC103.328: [DefNew: 15718K->15718K(18432K), 0.0000090 secs]103.328: [Tenured: 29344K->30086K(40960K), 0.0091240 secs] 45063K->30086K(59392K), [Perm : 6081K->6081K(21248K)], 0.0091820 secs] [Times: user=0.01 sys=0.00, real=0.01 secs] 
103.337: Total time for which application threads were stopped: 0.0093460 seconds, Stopping threads took: 0.0000850 seconds
103.342: Application time: 0.0048920 seconds
103.342: [GC103.342: [DefNew: 15683K->15683K(18432K), 0.0000090 secs]103.342: [Tenured: 30086K->28661K(40960K), 0.0089090 secs] 45770K->28661K(59392K), [Perm : 6081K->6081K(21248K)], 0.0089680 secs] [Times: user=0.01 sys=0.00, real=0.01 secs] 
103.351: Total time for which application threads were stopped: 0.0092250 seconds, Stopping threads took: 0.0001740 seconds
103.358: Application time: 0.0061910 seconds
103.358: [GC103.358: [DefNew: 15681K->15681K(18432K), 0.0000100 secs]103.358: [Tenured: 28661K->29344K(40960K), 0.0107970 secs] 44343K->29344K(59392K), [Perm : 6081K->6081K(21248K)], 0.0108570 secs] [Times: user=0.01 sys=0.00, real=0.01 secs] 
103.369: Total time for which application threads were stopped: 0.0110050 seconds, Stopping threads took: 0.0000780 seconds
103.375: Application time: 0.0059000 seconds
103.375: [GC103.375: [DefNew: 15683K->15683K(18432K), 0.0000100 secs]103.375: [Tenured: 29344K->30770K(40960K), 0.0072110 secs] 45028K->30770K(59392K), [Perm : 6081K->6081K(21248K)], 0.0072710 secs] [Times: user=0.01 sys=0.00, real=0.00 secs] 
103.382: Total time for which application threads were stopped: 0.0074340 seconds, Stopping threads took: 0.0000970 seconds
103.389: Application time: 0.0067770 seconds
103.389: [GC103.389: [DefNew: 15685K->15685K(18432K), 0.0000100 secs]103.389: [Tenured: 30770K->29345K(40960K), 0.0064200 secs] 46456K->29345K(59392K), [Perm : 6081K->6081K(21248K)], 0.0064740 secs] [Times: user=0.01 sys=0.00, real=0.01 secs] 
103.395: Total time for which application threads were stopped: 0.0066510 seconds, Stopping threads took: 0.0001110 seconds
103.402: Application time: 0.0063440 seconds
103.402: [GC103.402: [DefNew: 15680K->15680K(18432K), 0.0000100 secs]103.402: [Tenured: 29345K->28632K(40960K), 0.0093460 secs] 45026K->28632K(59392K), [Perm : 6081K->6081K(21248K)], 0.0094060 secs] [Times: user=0.01 sys=0.00, real=0.01 secs] 
103.411: Total time for which application threads were stopped: 0.0096060 seconds, Stopping threads took: 0.0001270 seconds
103.419: Application time: 0.0078790 seconds
103.419: [GC103.419: [DefNew: 15680K->15680K(18432K), 0.0000110 secs]103.419: [Tenured: 28632K->28632K(40960K), 0.0072870 secs] 44312K->28632K(59392K), [Perm : 6081K->6081K(21248K)], 0.0073420 secs] [Times: user=0.01 sys=0.00, real=0.01 secs] 
103.427: Total time for which application threads were stopped: 0.0075310 seconds, Stopping threads took: 0.0001020 seconds
103.432: Application time: 0.0047660 seconds
103.432: [GC103.432: [DefNew: 15688K->15688K(18432K), 0.0000100 secs]103.432: [Tenured: 28632K->29344K(40960K), 0.0103900 secs] 44320K->29344K(59392K), [Perm : 6081K->6081K(21248K)], 0.0104520 secs] [Times: user=0.01 sys=0.00, real=0.01 secs] 
103.442: Total time for which application threads were stopped: 0.0106790 seconds, Stopping threads took: 0.0001380 seconds
103.446: Application time: 0.0039400 seconds
103.446: [GC103.446: [DefNew: 15679K->15679K(18432K), 0.0000100 secs]103.446: [Tenured: 29344K->30057K(40960K), 0.0058800 secs] 45024K->30057K(59392K), [Perm : 6081K->6081K(21248K)], 0.0059400 secs] [Times: user=0.01 sys=0.00, real=0.00 secs] 
103.452: Total time for which application threads were stopped: 0.0060810 seconds, Stopping threads took: 0.0000690 seconds
103.482: Application time: 0.0299310 seconds
103.482: [GC103.482: [DefNew: 15690K->15690K(18432K), 0.0000100 secs]103.482: [Tenured: 30057K->27919K(40960K), 0.0093340 secs] 45748K->27919K(59392K), [Perm : 6081K->6081K(21248K)], 0.0093940 secs] [Times: user=0.01 sys=0.00, real=0.01 secs] 
103.492: Total time for which application threads were stopped: 0.0095280 seconds, Stopping threads took: 0.0000620 seconds
103.532: Application time: 0.0398940 seconds
103.532: [GC103.532: [DefNew: 15688K->15688K(18432K), 0.0000140 secs]103.532: [Tenured: 27919K->28631K(40960K), 0.0107380 secs] 43607K->28631K(59392K), [Perm : 6081K->6081K(21248K)], 0.0108060 secs] [Times: user=0.01 sys=0.00, real=0.01 secs] 
103.543: Total time for which application threads were stopped: 0.0110250 seconds, Stopping threads took: 0.0001290 seconds
103.584: Application time: 0.0412290 seconds
103.584: [GC103.584: [DefNew: 15688K->15688K(18432K), 0.0000100 secs]103.584: [Tenured: 28631K->28631K(40960K), 0.0097050 secs] 44320K->28631K(59392K), [Perm : 6081K->6081K(21248K)], 0.0097670 secs] [Times: user=0.01 sys=0.00, real=0.02 secs] 
103.594: Total time for which application threads were stopped: 0.0099020 seconds, Stopping threads took: 0.0000640 seconds
103.663: Application time: 0.0695650 seconds
103.663: [GC103.663: [DefNew: 15690K->15690K(18432K), 0.0000100 secs]103.664: [Tenured: 28631K->28631K(40960K), 0.0105300 secs] 44321K->28631K(59392K), [Perm : 6081K->6081K(21248K)], 0.0105890 secs] [Times: user=0.01 sys=0.00, real=0.02 secs] 
103.674: Total time for which application threads were stopped: 0.0107740 seconds, Stopping threads took: 0.0000940 seconds
103.691: Application time: 0.0169760 seconds
103.691: [GC103.691: [DefNew: 15716K->15716K(18432K), 0.0000110 secs]103.691: [Tenured: 28631K->29373K(40960K), 0.0105200 secs] 44347K->29373K(59392K), [Perm : 6081K->6081K(21248K)], 0.0105900 secs] [Times: user=0.01 sys=0.00, real=0.01 secs] 
103.702: Total time for which application threads were stopped: 0.0108570 seconds, Stopping threads took: 0.0001740 seconds
103.709: Application time: 0.0073970 seconds
103.709: [GC103.709: [DefNew: 15679K->15679K(18432K), 0.0000100 secs]103.710: [Tenured: 29373K->27206K(40960K), 0.0108860 secs] 45053K->27206K(59392K), [Perm : 6081K->6081K(21248K)], 0.0109460 secs] [Times: user=0.01 sys=0.00, real=0.01 secs] 
103.720: Total time for which application threads were stopped: 0.0111150 seconds, Stopping threads took: 0.0000860 seconds
103.726: Application time: 0.0053890 seconds
103.726: [GC103.726: [DefNew: 15685K->15685K(18432K), 0.0000100 secs]103.726: [Tenured: 27206K->30057K(40960K), 0.0070560 secs] 42892K->30057K(59392K), [Perm : 6081K->6081K(21248K)], 0.0071110 secs] [Times: user=0.01 sys=0.00, real=0.00 secs] 
103.733: Total time for which application threads were stopped: 0.0072550 seconds, Stopping threads took: 0.0000720 seconds
103.737: Application time: 0.0040900 seconds
103.738: [GC103.738: [DefNew: 15679K->15679K(18432K), 0.0000110 secs]103.738: [Tenured: 30057K->27205K(40960K), 0.0101260 secs] 45736K->27205K(59392K), [Perm : 6081K->6081K(21248K)], 0.0101890 secs] [Times: user=0.01 sys=0.00, real=0.01 secs] 
103.748: Total time for which application threads were stopped: 0.0109060 seconds, Stopping threads took: 0.0006210 seconds
103.756: Application time: 0.0080770 seconds
103.756: [GC103.756: [DefNew: 16293K->16293K(18432K), 0.0000090 secs]103.756: [Tenured: 27205K->25817K(40960K), 0.0071640 secs] 43499K->25817K(59392K), [Perm : 6081K->6081K(21248K)], 0.0072230 secs] [Times: user=0.01 sys=0.00, real=0.00 secs] 
103.764: Total time for which application threads were stopped: 0.0074790 seconds, Stopping threads took: 0.0001650 seconds
103.769: Application time: 0.0051200 seconds
103.769: [GC103.769: [DefNew: 15823K->15823K(18432K), 0.0000110 secs]103.770: [Tenured: 25817K->24356K(40960K), 0.0107550 secs] 41640K->24356K(59392K), [Perm : 6081K->6081K(21248K)], 0.0108170 secs] [Times: user=0.01 sys=0.00, real=0.01 secs] 
103.780: Total time for which application threads were stopped: 0.0115370 seconds, Stopping threads took: 0.0006460 seconds
103.785: Application time: 0.0045840 seconds
103.786: [GC103.786: [DefNew: 15683K->1425K(18432K), 0.0012100 secs] 40039K->27919K(59392K), 0.0012430 secs] [Times: user=0.00 sys=0.00, real=0.00 secs] 
103.787: Total time for which application threads were stopped: 0.0022490 seconds, Stopping threads took: 0.0009330 seconds
103.791: Application time: 0.0038730 seconds
103.791: [GC103.791: [DefNew: 17113K->17113K(18432K), 0.0000100 secs]103.792: [Tenured: 26494K->27920K(40960K), 0.0064410 secs] 43607K->27920K(59392K), [Perm : 6081K->6081K(21248K)], 0.0065000 secs] [Times: user=0.01 sys=0.00, real=0.01 secs] 
103.798: Total time for which application threads were stopped: 0.0069750 seconds, Stopping threads took: 0.0003930 seconds
103.802: Application time: 0.0036560 seconds
103.802: [GC103.802: [DefNew: 15681K->15681K(18432K), 0.0000090 secs]103.802: [Tenured: 27920K->28632K(40960K), 0.0068880 secs] 43601K->28632K(59392K), [Perm : 6081K->6081K(21248K)], 0.0069440 secs] [Times: user=0.00 sys=0.00, real=0.01 secs] 
103.809: Total time for which application threads were stopped: 0.0071520 seconds, Stopping threads took: 0.0001180 seconds
103.813: Application time: 0.0042780 seconds
103.814: [GC103.814: [DefNew: 15680K->15680K(18432K), 0.0000100 secs]103.814: [Tenured: 28632K->27920K(40960K), 0.0065580 secs] 44313K->27920K(59392K), [Perm : 6081K->6081K(21248K)], 0.0066120 secs] [Times: user=0.01 sys=0.00, real=0.00 secs] 
103.820: Total time for which application threads were stopped: 0.0073670 seconds, Stopping threads took: 0.0006770 seconds
103.825: Application time: 0.0042440 seconds
103.825: [GC103.825: [DefNew: 15685K->15685K(18432K), 0.0000100 secs]103.825: [Tenured: 27920K->25780K(40960K), 0.0083620 secs] 43605K->25780K(59392K), [Perm : 6081K->6081K(21248K)], 0.0084410 secs] [Times: user=0.01 sys=0.00, real=0.02 secs] 
103.833: Total time for which application threads were stopped: 0.0087620 seconds, Stopping threads took: 0.0002500 seconds
103.838: Application time: 0.0043140 seconds
103.838: [GC103.838: [DefNew: 15689K->15689K(18432K), 0.0000100 secs]103.838: [Tenured: 25780K->27206K(40960K), 0.0096160 secs] 41470K->27206K(59392K), [Perm : 6081K->6081K(21248K)], 0.0096750 secs] [Times: user=0.01 sys=0.00, real=0.01 secs] 
103.848: Total time for which application threads were stopped: 0.0098550 seconds, Stopping threads took: 0.0001070 seconds
103.854: Application time: 0.0064040 seconds
103.854: [GC103.854: [DefNew: 15689K->15689K(18432K), 0.0000090 secs]103.854: [Tenured: 27206K->25068K(40960K), 0.0092620 secs] 42896K->25068K(59392K), [Perm : 6081K->6081K(21248K)], 0.0093210 secs] [Times: user=0.01 sys=0.00, real=0.00 secs] 
103.864: Total time for which application threads were stopped: 0.0095840 seconds, Stopping threads took: 0.0001730 seconds
103.871: Application time: 0.0069100 seconds
103.871: [GC103.871: [DefNew: 15680K->1425K(18432K), 0.0008510 secs] 40749K->27206K(59392K), 0.0008800 secs] [Times: user=0.00 sys=0.00, real=0.00 secs] 
103.872: Total time for which application threads were stopped: 0.0010520 seconds, Stopping threads took: 0.0001140 seconds
103.878: Application time: 0.0068030 seconds
103.879: [GC103.879: [DefNew: 17111K->17111K(18432K), 0.0000100 secs]103.879: [Tenured: 25781K->27207K(40960K), 0.0065860 secs] 42893K->27207K(59392K), [Perm : 6081K->6081K(21248K)], 0.0066390 secs] [Times: user=0.01 sys=0.00, real=0.00 secs] 
103.885: Total time for which application threads were stopped: 0.0067810 seconds, Stopping threads took: 0.0000750 seconds
103.889: Application time: 0.0036840 seconds
103.889: [GC103.889: [DefNew: 15680K->15680K(18432K), 0.0000100 secs]103.889: [Tenured: 27207K->27206K(40960K), 0.0061410 secs] 42887K->27206K(59392K), [Perm : 6081K->6081K(21248K)], 0.0062000 secs] [Times: user=0.01 sys=0.00, real=0.01 secs] 
103.895: Total time for which application threads were stopped: 0.0063630 seconds, Stopping threads took: 0.0000920 seconds
103.899: Application time: 0.0035090 seconds
103.899: [GC103.899: [DefNew: 15680K->15680K(18432K), 0.0000110 secs]103.899: [Tenured: 27206K->27206K(40960K), 0.0088160 secs] 42887K->27206K(59392K), [Perm : 6081K->6081K(21248K)], 0.0088760 secs] [Times: user=0.01 sys=0.00, real=0.01 secs] 
103.908: Total time for which application threads were stopped: 0.0090540 seconds, Stopping threads took: 0.0001050 seconds
103.954: Application time: 0.0465910 seconds
103.955: [GC103.955: [DefNew: 15693K->15693K(18432K), 0.0000100 secs]103.955: [Tenured: 27206K->26493K(40960K), 0.0096310 secs] 42900K->26493K(59392K), [Perm : 6081K->6081K(21248K)], 0.0096940 secs] [Times: user=0.01 sys=0.00, real=0.00 secs] 
103.964: Total time for which application threads were stopped: 0.0098620 seconds, Stopping threads took: 0.0000990 seconds
104.014: Application time: 0.0495190 seconds
104.014: [GC104.014: [DefNew: 15689K->15689K(18432K), 0.0000100 secs]104.014: [Tenured: 26493K->27206K(40960K), 0.0106630 secs] 42183K->27206K(59392K), [Perm : 6081K->6081K(21248K)], 0.0107230 secs] [Times: user=0.01 sys=0.00, real=0.00 secs] 
104.025: Total time for which application threads were stopped: 0.0108850 seconds, Stopping threads took: 0.0000920 seconds
104.080: Application time: 0.0550830 seconds
104.080: [GC104.080: [DefNew: 15689K->15689K(18432K), 0.0000100 secs]104.080: [Tenured: 27206K->27206K(40960K), 0.0104040 secs] 42896K->27206K(59392K), [Perm : 6081K->6081K(21248K)], 0.0104630 secs] [Times: user=0.01 sys=0.00, real=0.01 secs] 
104.090: Total time for which application threads were stopped: 0.0107100 seconds, Stopping threads took: 0.0001580 seconds
104.150: Application time: 0.0596580 seconds
104.150: [GC104.150: [DefNew: 15689K->15689K(18432K), 0.0000110 secs]104.150: [Tenured: 27206K->27206K(40960K), 0.0101630 secs] 42895K->27206K(59392K), [Perm : 6081K->6081K(21248K)], 0.0102310 secs] [Times: user=0.01 sys=0.00, real=0.01 secs] 
104.161: Total time for which application threads were stopped: 0.0104070 seconds, Stopping threads took: 0.0001070 seconds
104.221: Application time: 0.0606970 seconds
104.221: [GC104.221: [DefNew: 16153K->16153K(18432K), 0.0000100 secs]104.221: [Tenured: 27206K->25104K(40960K), 0.0092750 secs] 43359K->25104K(59392K), [Perm : 6081K->6081K(21248K)], 0.0093330 secs] [Times: user=0.01 sys=0.00, real=0.01 secs] 
104.231: Total time for which application threads were stopped: 0.0094820 seconds, Stopping threads took: 0.0000680 seconds
104.244: Application time: 0.0137720 seconds
104.245: [GC104.245: [DefNew: 15994K->1455K(18432K), 0.0010470 secs] 41099K->27985K(59392K), 0.0010780 secs] [Times: user=0.00 sys=0.00, real=0.00 secs] 
104.247: Total time for which application threads were stopped: 0.0020470 seconds, Stopping threads took: 0.0008980 seconds
104.252: Application time: 0.0050210 seconds
104.252: [GC104.252: [DefNew: 17136K->1425K(18432K), 0.0014160 secs] 43666K->30835K(59392K), 0.0014490 secs] [Times: user=0.00 sys=0.00, real=0.00 secs] 
104.253: Total time for which application threads were stopped: 0.0015900 seconds, Stopping threads took: 0.0000770 seconds
104.258: Application time: 0.0051560 seconds
104.262: [GC104.262: [DefNew: 17106K->17106K(18432K), 0.0000100 secs]104.262: [Tenured: 29410K->25125K(40960K), 0.0104510 secs] 46516K->25125K(59392K), [Perm : 6081K->6081K(21248K)], 0.0105100 secs] [Times: user=0.01 sys=0.00, real=0.01 secs] 
104.272: Total time for which application threads were stopped: 0.0137610 seconds, Stopping threads took: 0.0031790 seconds
104.276: Application time: 0.0041980 seconds
104.276: [GC104.276: [DefNew: 15687K->1425K(18432K), 0.0014630 secs] 40812K->29401K(59392K), 0.0014960 secs] [Times: user=0.00 sys=0.00, real=0.00 secs] 
104.278: Total time for which application threads were stopped: 0.0016440 seconds, Stopping threads took: 0.0000830 seconds
104.281: Application time: 0.0034300 seconds
104.282: [GC104.282: [DefNew: 17107K->17107K(18432K), 0.0000100 secs]104.282: [Tenured: 27975K->25068K(40960K), 0.0102730 secs] 45082K->25068K(59392K), [Perm : 6081K->6081K(21248K)], 0.0103350 secs] [Times: user=0.01 sys=0.00, real=0.01 secs] 
104.292: Total time for which application threads were stopped: 0.0108160 seconds, Stopping threads took: 0.0003980 seconds
104.295: Application time: 0.0029540 seconds
104.296: [GC104.296: [DefNew: 15685K->1425K(18432K), 0.0007820 secs] 40753K->27206K(59392K), 0.0008120 secs] [Times: user=0.00 sys=0.00, real=0.00 secs] 
104.296: Total time for which application threads were stopped: 0.0012240 seconds, Stopping threads took: 0.0003430 seconds
104.300: Application time: 0.0037000 seconds
104.301: [GC104.301: [DefNew: 17113K->1425K(18432K), 0.0009340 secs] 42894K->28632K(59392K), 0.0009660 secs] [Times: user=0.00 sys=0.00, real=0.00 secs] 
104.302: Total time for which application threads were stopped: 0.0017470 seconds, Stopping threads took: 0.0007000 seconds
104.306: Application time: 0.0045070 seconds
104.306: [GC104.306: [DefNew: 17541K->1461K(18432K), 0.0006030 secs] 44748K->28668K(59392K), 0.0006320 secs] [Times: user=0.00 sys=0.00, real=0.00 secs] 
104.307: Total time for which application threads were stopped: 0.0007580 seconds, Stopping threads took: 0.0000660 seconds
104.311: Application time: 0.0042130 seconds
104.312: [GC104.312: [DefNew: 17281K->1432K(18432K), 0.0007810 secs] 44488K->29380K(59392K), 0.0008110 secs] [Times: user=0.00 sys=0.00, real=0.00 secs] 
104.313: Total time for which application threads were stopped: 0.0015590 seconds, Stopping threads took: 0.0006810 seconds
104.317: Application time: 0.0037310 seconds
104.317: [GC104.317: [DefNew: 17252K->1431K(18432K), 0.0015950 secs] 45200K->32232K(59392K), 0.0016270 secs] [Times: user=0.01 sys=0.00, real=0.00 secs] 
104.319: Total time for which application threads were stopped: 0.0019750 seconds, Stopping threads took: 0.0002780 seconds
104.323: Application time: 0.0040280 seconds
104.323: [GC104.324: [DefNew: 17157K->1425K(18432K), 0.0016700 secs] 47959K->35790K(59392K), 0.0017150 secs] [Times: user=0.00 sys=0.00, real=0.00 secs] 
104.325: Total time for which application threads were stopped: 0.0026080 seconds, Stopping threads took: 0.0008060 seconds
104.329: Application time: 0.0042220 seconds
104.330: [GC104.330: [DefNew: 17117K->17117K(18432K), 0.0000100 secs]104.330: [Tenured: 34364K->24385K(40960K), 0.0097370 secs] 51482K->24385K(59392K), [Perm : 6081K->6081K(21248K)], 0.0097960 secs] [Times: user=0.01 sys=0.00, real=0.01 secs] 
104.339: Total time for which application threads were stopped: 0.0100050 seconds, Stopping threads took: 0.0001220 seconds
104.343: Application time: 0.0035420 seconds
104.343: [GC104.343: [DefNew: 15683K->1425K(18432K), 0.0009480 secs] 40069K->27236K(59392K), 0.0009770 secs] [Times: user=0.00 sys=0.00, real=0.00 secs] 
104.344: Total time for which application threads were stopped: 0.0014500 seconds, Stopping threads took: 0.0003930 seconds
104.348: Application time: 0.0035450 seconds
104.349: [GC104.349: [DefNew: 17108K->1425K(18432K), 0.0007010 secs] 42919K->27948K(59392K), 0.0007320 secs] [Times: user=0.00 sys=0.00, real=0.00 secs] 
104.350: Total time for which application threads were stopped: 0.0017730 seconds, Stopping threads took: 0.0009620 seconds
104.353: Application time: 0.0035750 seconds
104.354: [GC104.354: [DefNew: 17114K->1425K(18432K), 0.0009500 secs] 43638K->29375K(59392K), 0.0009800 secs] [Times: user=0.00 sys=0.00, real=0.00 secs] 
104.355: Total time for which application threads were stopped: 0.0012110 seconds, Stopping threads took: 0.0001720 seconds
104.358: Application time: 0.0036530 seconds
104.358: [GC104.358: [DefNew: 17108K->1425K(18432K), 0.0006820 secs] 45058K->30087K(59392K), 0.0007070 secs] [Times: user=0.00 sys=0.00, real=0.00 secs] 
104.359: Total time for which application threads were stopped: 0.0008890 seconds, Stopping threads took: 0.0001280 seconds
104.363: Application time: 0.0037030 seconds
104.363: [GC104.363: [DefNew: 17113K->1425K(18432K), 0.0008840 secs] 45776K->31513K(59392K), 0.0009140 secs] [Times: user=0.00 sys=0.00, real=0.00 secs] 
104.364: Total time for which application threads were stopped: 0.0010520 seconds, Stopping threads took: 0.0000710 seconds
104.367: Application time: 0.0034730 seconds
104.368: [GC104.368: [DefNew: 17108K->1425K(18432K), 0.0012140 secs] 47195K->33651K(59392K), 0.0012460 secs] [Times: user=0.00 sys=0.00, real=0.00 secs] 
104.369: Total time for which application threads were stopped: 0.0016170 seconds, Stopping threads took: 0.0002910 seconds
104.372: Application time: 0.0032400 seconds
104.372: [GC104.372: [DefNew: 17115K->1426K(18432K), 0.0018280 secs] 49341K->37927K(59392K), 0.0018650 secs] [Times: user=0.00 sys=0.00, real=0.01 secs] 
104.374: Total time for which application threads were stopped: 0.0021200 seconds, Stopping threads took: 0.0001890 seconds
104.379: Application time: 0.0044240 seconds
104.379: [GC104.379: [DefNew: 17113K->17113K(18432K), 0.0000090 secs]104.379: [Tenured: 36501K->25097K(40960K), 0.0076640 secs] 53615K->25097K(59392K), [Perm : 6081K->6081K(21248K)], 0.0077230 secs] [Times: user=0.01 sys=0.00, real=0.01 secs] 
104.387: Total time for which application threads were stopped: 0.0080380 seconds, Stopping threads took: 0.0002440 seconds
104.393: Application time: 0.0066260 seconds
104.394: [GC104.394: [DefNew: 16186K->1464K(18432K), 0.0013270 secs] 41283K->28698K(59392K), 0.0013610 secs] [Times: user=0.00 sys=0.00, real=0.00 secs] 
104.395: Total time for which application threads were stopped: 0.0017590 seconds, Stopping threads took: 0.0003330 seconds
104.402: Application time: 0.0063360 seconds
104.402: [GC104.402: [DefNew: 17233K->1466K(18432K), 0.0008530 secs] 44467K->29443K(59392K), 0.0008820 secs] [Times: user=0.00 sys=0.00, real=0.00 secs] 
104.403: Total time for which application threads were stopped: 0.0010580 seconds, Stopping threads took: 0.0001080 seconds
104.408: Application time: 0.0050260 seconds
104.408: [GC104.408: [DefNew: 17339K->1426K(18432K), 0.0018310 secs] 45316K->33706K(59392K), 0.0018770 secs] [Times: user=0.00 sys=0.00, real=0.00 secs] 
104.410: Total time for which application threads were stopped: 0.0020640 seconds, Stopping threads took: 0.0001200 seconds
104.413: Application time: 0.0036110 seconds
104.414: [GC104.414: [DefNew: 17121K->1427K(18432K), 0.0015800 secs] 49402K->36558K(59392K), 0.0016150 secs] [Times: user=0.01 sys=0.00, real=0.00 secs] 
104.415: Total time for which application threads were stopped: 0.0020960 seconds, Stopping threads took: 0.0003980 seconds
104.419: Application time: 0.0034020 seconds
104.419: [GC104.420: [DefNew: 17109K->17109K(18432K), 0.0000100 secs]104.420: [Tenured: 35131K->20850K(40960K), 0.0105840 secs] 52241K->20850K(59392K), [Perm : 6081K->6081K(21248K)], 0.0106420 secs] [Times: user=0.01 sys=0.00, real=0.01 secs] 
104.430: Total time for which application threads were stopped: 0.0113460 seconds, Stopping threads took: 0.0006140 seconds
104.434: Application time: 0.0036400 seconds
104.434: [GC104.434: [DefNew: 15680K->1425K(18432K), 0.0007340 secs] 36530K->22987K(59392K), 0.0007630 secs] [Times: user=0.00 sys=0.00, real=0.00 secs] 
104.435: Total time for which application threads were stopped: 0.0011810 seconds, Stopping threads took: 0.0003410 seconds
104.439: Application time: 0.0039710 seconds
104.440: [GC104.440: [DefNew: 17108K->1425K(18432K), 0.0015590 secs] 38671K->26550K(59392K), 0.0015950 secs] [Times: user=0.00 sys=0.00, real=0.00 secs] 
104.441: Total time for which application threads were stopped: 0.0023500 seconds, Stopping threads took: 0.0006680 seconds
104.446: Application time: 0.0046190 seconds
104.447: [GC104.447: [DefNew: 17121K->1426K(18432K), 0.0011760 secs] 42246K->28689K(59392K), 0.0012090 secs] [Times: user=0.00 sys=0.00, real=0.00 secs] 
104.448: Total time for which application threads were stopped: 0.0022620 seconds, Stopping threads took: 0.0009730 seconds
104.452: Application time: 0.0037260 seconds
104.452: [GC104.452: [DefNew: 17106K->1425K(18432K), 0.0013250 secs] 44369K->30827K(59392K), 0.0013580 secs] [Times: user=0.00 sys=0.00, real=0.01 secs] 
104.454: Total time for which application threads were stopped: 0.0017410 seconds, Stopping threads took: 0.0003000 seconds
104.457: Application time: 0.0033870 seconds
104.457: [GC104.457: [DefNew: 17110K->1425K(18432K), 0.0009870 secs] 46512K->32253K(59392K), 0.0010170 secs] [Times: user=0.00 sys=0.00, real=0.00 secs] 
104.458: Total time for which application threads were stopped: 0.0011560 seconds, Stopping threads took: 0.0000770 seconds
104.462: Application time: 0.0037660 seconds
104.462: [GC104.462: [DefNew: 17107K->1425K(18432K), 0.0012530 secs] 47934K->34390K(59392K), 0.0012860 secs] [Times: user=0.00 sys=0.00, real=0.00 secs] 
104.464: Total time for which application threads were stopped: 0.0016520 seconds, Stopping threads took: 0.0002840 seconds
104.467: Application time: 0.0036790 seconds
104.467: [GC104.467: [DefNew: 17110K->1426K(18432K), 0.0015550 secs] 50076K->37241K(59392K), 0.0015890 secs] [Times: user=0.00 sys=0.00, real=0.00 secs] 
104.469: Total time for which application threads were stopped: 0.0017180 seconds, Stopping threads took: 0.0000600 seconds
104.474: Application time: 0.0047700 seconds
104.475: [GC104.475: [DefNew: 17112K->17112K(18432K), 0.0000100 secs]104.475: [Tenured: 35815K->20793K(40960K), 0.0102300 secs] 52928K->20793K(59392K), [Perm : 6081K->6081K(21248K)], 0.0102900 secs] [Times: user=0.01 sys=0.00, real=0.00 secs] 
104.485: Total time for which application threads were stopped: 0.0112240 seconds, Stopping threads took: 0.0008590 seconds
104.489: Application time: 0.0042780 seconds
104.490: [GC104.490: [DefNew: 15680K->1425K(18432K), 0.0005580 secs] 36474K->22218K(59392K), 0.0005860 secs] [Times: user=0.00 sys=0.00, real=0.00 secs] 
104.490: Total time for which application threads were stopped: 0.0011370 seconds, Stopping threads took: 0.0004740 seconds
104.495: Application time: 0.0043760 seconds
104.496: [GC104.496: [DefNew: 17107K->1425K(18432K), 0.0007110 secs] 37900K->22931K(59392K), 0.0007480 secs] [Times: user=0.00 sys=0.00, real=0.00 secs] 
104.497: Total time for which application threads were stopped: 0.0018340 seconds, Stopping threads took: 0.0010150 seconds
104.501: Application time: 0.0042460 seconds
104.502: [GC104.502: [DefNew: 17116K->1426K(18432K), 0.0008700 secs] 38621K->24357K(59392K), 0.0008990 secs] [Times: user=0.00 sys=0.00, real=0.00 secs] 
104.503: Total time for which application threads were stopped: 0.0020040 seconds, Stopping threads took: 0.0010280 seconds
104.507: Application time: 0.0036460 seconds
104.507: [GC104.507: [DefNew: 17112K->1425K(18432K), 0.0021380 secs] 40043K->29345K(59392K), 0.0021760 secs] [Times: user=0.00 sys=0.00, real=0.00 secs] 
104.509: Total time for which application threads were stopped: 0.0023690 seconds, Stopping threads took: 0.0001240 seconds
104.512: Application time: 0.0034410 seconds
104.512: [GC104.513: [DefNew: 17113K->1426K(18432K), 0.0009440 secs] 45033K->30771K(59392K), 0.0009720 secs] [Times: user=0.00 sys=0.00, real=0.01 secs] 
104.513: Total time for which application threads were stopped: 0.0010920 seconds, Stopping threads took: 0.0000560 seconds
104.517: Application time: 0.0031010 seconds
104.517: [GC104.517: [DefNew: 17107K->1425K(18432K), 0.0005820 secs] 46452K->30771K(59392K), 0.0006120 secs] [Times: user=0.00 sys=0.00, real=0.00 secs] 
104.518: Total time for which application threads were stopped: 0.0010620 seconds, Stopping threads took: 0.0003750 seconds
104.521: Application time: 0.0035150 seconds
104.522: [GC104.522: [DefNew: 17105K->1425K(18432K), 0.0005550 secs] 46452K->30771K(59392K), 0.0005830 secs] [Times: user=0.00 sys=0.00, real=0.00 secs] 
104.523: Total time for which application threads were stopped: 0.0014790 seconds, Stopping threads took: 0.0008390 seconds
104.526: Application time: 0.0036570 seconds
104.526: [GC104.526: [DefNew: 17113K->1426K(18432K), 0.0010400 secs] 46459K->32197K(59392K), 0.0010710 secs] [Times: user=0.00 sys=0.00, real=0.00 secs] 
104.528: Total time for which application threads were stopped: 0.0012320 seconds, Stopping threads took: 0.0000880 seconds
104.586: Application time: 0.0589550 seconds
104.587: [GC104.587: [DefNew (promotion failed) : 17124K->17124K(18432K), 0.0034290 secs]104.590: [Tenured: 40747K->24355K(40960K), 0.0092390 secs] 47895K->24355K(59392K), [Perm : 6081K->6081K(21248K)], 0.0127300 secs] [Times: user=0.01 sys=0.00, real=0.01 secs] 
104.599: Total time for which application threads were stopped: 0.0128580 seconds, Stopping threads took: 0.0000600 seconds
104.678: Application time: 0.0784040 seconds
104.678: [GC104.678: [DefNew: 15691K->1425K(18432K), 0.0042640 secs] 40047K->39318K(59392K), 0.0043040 secs] [Times: user=0.00 sys=0.00, real=0.00 secs] 
104.682: Total time for which application threads were stopped: 0.0044340 seconds, Stopping threads took: 0.0000660 seconds
104.760: Application time: 0.0779770 seconds
104.760: [GC104.760: [DefNew: 17120K->17120K(18432K), 0.0000090 secs]104.760: [Tenured: 37893K->25069K(40960K), 0.0091780 secs] 55014K->25069K(59392K), [Perm : 6081K->6081K(21248K)], 0.0092380 secs] [Times: user=0.01 sys=0.00, real=0.01 secs] 
104.770: Total time for which application threads were stopped: 0.0094610 seconds, Stopping threads took: 0.0001370 seconds
104.811: Application time: 0.0409210 seconds
104.811: [GC104.811: [DefNew: 15691K->1425K(18432K), 0.0044930 secs] 40760K->40744K(59392K), 0.0045310 secs] [Times: user=0.01 sys=0.00, real=0.01 secs] 
104.815: Total time for which application threads were stopped: 0.0046740 seconds, Stopping threads took: 0.0000780 seconds
104.889: Application time: 0.0736310 seconds
104.889: [GC104.889: [DefNew: 17116K->17116K(18432K), 0.0000090 secs]104.889: [Tenured: 39319K->25781K(40960K), 0.0089420 secs] 56435K->25781K(59392K), [Perm : 6081K->6081K(21248K)], 0.0089950 secs] [Times: user=0.01 sys=0.00, real=0.01 secs] 
104.898: Total time for which application threads were stopped: 0.0091280 seconds, Stopping threads took: 0.0000660 seconds
104.964: Application time: 0.0662140 seconds
104.964: [GC104.964: [DefNew: 15691K->1425K(18432K), 0.0045180 secs] 41473K->41456K(59392K), 0.0045690 secs] [Times: user=0.00 sys=0.00, real=0.01 secs] 
104.969: Total time for which application threads were stopped: 0.0047430 seconds, Stopping threads took: 0.0001070 seconds
105.034: Application time: 0.0652310 seconds
105.034: [GC105.034: [DefNew: 17129K->17129K(18432K), 0.0000090 secs]105.034: [Tenured: 40031K->25068K(40960K), 0.0102310 secs] 57161K->25068K(59392K), [Perm : 6081K->6081K(21248K)], 0.0102920 secs] [Times: user=0.01 sys=0.00, real=0.00 secs] 
105.045: Total time for which application threads were stopped: 0.0104520 seconds, Stopping threads took: 0.0000910 seconds
105.118: Application time: 0.0737130 seconds
105.118: [GC105.119: [DefNew: 15691K->1425K(18432K), 0.0044080 secs] 40759K->40031K(59392K), 0.0044490 secs] [Times: user=0.01 sys=0.00, real=0.00 secs] 
105.123: Total time for which application threads were stopped: 0.0046030 seconds, Stopping threads took: 0.0000860 seconds
105.194: Application time: 0.0711170 seconds
105.194: [GC105.194: [DefNew: 17116K->17116K(18432K), 0.0000090 secs]105.194: [Tenured: 38606K->25780K(40960K), 0.0093820 secs] 55722K->25780K(59392K), [Perm : 6081K->6081K(21248K)], 0.0094390 secs] [Times: user=0.01 sys=0.00, real=0.00 secs] 
105.204: Total time for which application threads were stopped: 0.0095800 seconds, Stopping threads took: 0.0000700 seconds
105.280: Application time: 0.0763660 seconds
105.280: [GC105.280: [DefNew: 15691K->15691K(18432K), 0.0000100 secs]105.280: [Tenured: 25780K->26493K(40960K), 0.0091120 secs] 41472K->26493K(59392K), [Perm : 6081K->6081K(21248K)], 0.0091710 secs] [Times: user=0.01 sys=0.00, real=0.01 secs] 
105.289: Total time for which application threads were stopped: 0.0093080 seconds, Stopping threads took: 0.0000560 seconds
105.367: Application time: 0.0772410 seconds
105.367: [GC105.367: [DefNew: 15691K->15691K(18432K), 0.0000090 secs]105.367: [Tenured: 26493K->25780K(40960K), 0.0096850 secs] 42184K->25780K(59392K), [Perm : 6081K->6081K(21248K)], 0.0097460 secs] [Times: user=0.01 sys=0.00, real=0.01 secs] 
105.377: Total time for which application threads were stopped: 0.0099190 seconds, Stopping threads took: 0.0001050 seconds
105.439: Application time: 0.0622500 seconds
105.439: [GC105.439: [DefNew: 15691K->15691K(18432K), 0.0000110 secs]105.439: [Tenured: 25780K->25780K(40960K), 0.0096320 secs] 41472K->25780K(59392K), [Perm : 6081K->6081K(21248K)], 0.0096910 secs] [Times: user=0.01 sys=0.00, real=0.01 secs] 
105.449: Total time for which application threads were stopped: 0.0098210 seconds, Stopping threads took: 0.0000600 seconds
105.500: Application time: 0.0515080 seconds
105.500: [GC105.500: [DefNew: 15716K->15716K(18432K), 0.0000090 secs]105.500: [Tenured: 25780K->26496K(40960K), 0.0089580 secs] 41497K->26496K(59392K), [Perm : 6081K->6081K(21248K)], 0.0090180 secs] [Times: user=0.01 sys=0.00, real=0.01 secs] 
105.509: Total time for which application threads were stopped: 0.0091780 seconds, Stopping threads took: 0.0000830 seconds
105.583: Application time: 0.0733190 seconds
105.583: [GC105.583: [DefNew: 15697K->15697K(18432K), 0.0000100 secs]105.583: [Tenured: 26496K->28634K(40960K), 0.0095790 secs] 42194K->28634K(59392K), [Perm : 6081K->6081K(21248K)], 0.0096390 secs] [Times: user=0.01 sys=0.00, real=0.01 secs] 
105.592: Total time for which application threads were stopped: 0.0097680 seconds, Stopping threads took: 0.0000580 seconds
105.665: Application time: 0.0726850 seconds
105.665: [GC105.665: [DefNew: 15691K->15691K(18432K), 0.0000110 secs]105.665: [Tenured: 28634K->30059K(40960K), 0.0097790 secs] 44326K->30059K(59392K), [Perm : 6081K->6081K(21248K)], 0.0098360 secs] [Times: user=0.01 sys=0.00, real=0.02 secs] 
105.675: Total time for which application threads were stopped: 0.0099940 seconds, Stopping threads took: 0.0000920 seconds
105.720: Application time: 0.0447930 seconds
105.720: [GC105.720: [DefNew: 15700K->15700K(18432K), 0.0000090 secs]105.720: [Tenured: 30059K->27918K(40960K), 0.0107500 secs] 45760K->27918K(59392K), [Perm : 6081K->6081K(21248K)], 0.0108090 secs] [Times: user=0.01 sys=0.00, real=0.01 secs] 
105.731: Total time for which application threads were stopped: 0.0109530 seconds, Stopping threads took: 0.0000740 seconds
105.802: Application time: 0.0712430 seconds
105.802: [GC105.802: [DefNew: 15691K->15691K(18432K), 0.0000090 secs]105.802: [Tenured: 27918K->28630K(40960K), 0.0089430 secs] 43609K->28630K(59392K), [Perm : 6081K->6081K(21248K)], 0.0090030 secs] [Times: user=0.01 sys=0.00, real=0.01 secs] 
105.811: Total time for which application threads were stopped: 0.0091540 seconds, Stopping threads took: 0.0000710 seconds
105.885: Application time: 0.0736540 seconds
105.885: [GC105.885: [DefNew: 15691K->15691K(18432K), 0.0000090 secs]105.885: [Tenured: 28630K->27205K(40960K), 0.0086380 secs] 44322K->27205K(59392K), [Perm : 6081K->6081K(21248K)], 0.0086950 secs] [Times: user=0.01 sys=0.00, real=0.02 secs] 
105.894: Total time for which application threads were stopped: 0.0088150 seconds, Stopping threads took: 0.0000510 seconds
105.965: Application time: 0.0713800 seconds
105.965: [GC105.965: [DefNew: 15691K->15691K(18432K), 0.0000100 secs]105.965: [Tenured: 27205K->29343K(40960K), 0.0098610 secs] 42897K->29343K(59392K), [Perm : 6081K->6081K(21248K)], 0.0099190 secs] [Times: user=0.01 sys=0.00, real=0.02 secs] 
105.975: Total time for which application threads were stopped: 0.0100910 seconds, Stopping threads took: 0.0001010 seconds
106.047: Application time: 0.0714910 seconds
106.047: [GC106.047: [DefNew: 15707K->15707K(18432K), 0.0000100 secs]106.047: [Tenured: 29343K->25780K(40960K), 0.0113040 secs] 45050K->25780K(59392K), [Perm : 6081K->6081K(21248K)], 0.0113640 secs] [Times: user=0.02 sys=0.00, real=0.01 secs] 
106.058: Total time for which application threads were stopped: 0.0115020 seconds, Stopping threads took: 0.0000660 seconds
106.108: Application time: 0.0500410 seconds
106.108: [GC106.108: [DefNew: 15689K->1425K(18432K), 0.0039020 secs] 41470K->39318K(59392K), 0.0039420 secs] [Times: user=0.00 sys=0.00, real=0.00 secs] 
106.112: Total time for which application threads were stopped: 0.0040880 seconds, Stopping threads took: 0.0000780 seconds
106.174: Application time: 0.0612750 seconds
106.174: [GC106.174: [DefNew: 17116K->17116K(18432K), 0.0000090 secs]106.174: [Tenured: 37893K->27206K(40960K), 0.0099970 secs] 55010K->27206K(59392K), [Perm : 6081K->6081K(21248K)], 0.0100520 secs] [Times: user=0.01 sys=0.00, real=0.00 secs] 
106.184: Total time for which application threads were stopped: 0.0102640 seconds, Stopping threads took: 0.0001210 seconds
106.229: Application time: 0.0454440 seconds
106.229: [GC106.229: [DefNew: 15691K->15691K(18432K), 0.0000110 secs]106.229: [Tenured: 27206K->25780K(40960K), 0.0086410 secs] 42897K->25780K(59392K), [Perm : 6081K->6081K(21248K)], 0.0087050 secs] [Times: user=0.01 sys=0.00, real=0.01 secs] 
106.238: Total time for which application threads were stopped: 0.0088820 seconds, Stopping threads took: 0.0001080 seconds
106.308: Application time: 0.0699240 seconds
106.308: [GC106.308: [DefNew: 15691K->15691K(18432K), 0.0000100 secs]106.308: [Tenured: 25780K->27206K(40960K), 0.0090530 secs] 41472K->27206K(59392K), [Perm : 6081K->6081K(21248K)], 0.0091120 secs] [Times: user=0.01 sys=0.00, real=0.01 secs] 
106.318: Total time for which application threads were stopped: 0.0094360 seconds, Stopping threads took: 0.0002270 seconds
106.386: Application time: 0.0686270 seconds
106.386: [GC106.386: [DefNew: 15689K->15689K(18432K), 0.0000100 secs]106.386: [Tenured: 27206K->27918K(40960K), 0.0106550 secs] 42896K->27918K(59392K), [Perm : 6081K->6081K(21248K)], 0.0107130 secs] [Times: user=0.01 sys=0.00, real=0.01 secs] 
106.397: Total time for which application threads were stopped: 0.0108840 seconds, Stopping threads took: 0.0001010 seconds
106.461: Application time: 0.0642580 seconds
106.462: [GC106.462: [DefNew: 15690K->15690K(18432K), 0.0000100 secs]106.462: [Tenured: 27918K->27206K(40960K), 0.0090720 secs] 43608K->27206K(59392K), [Perm : 6081K->6081K(21248K)], 0.0091310 secs] [Times: user=0.01 sys=0.00, real=0.01 secs] 
106.471: Total time for which application threads were stopped: 0.0094200 seconds, Stopping threads took: 0.0002030 seconds
106.494: Application time: 0.0238000 seconds
106.495: [GC106.495: [DefNew: 15714K->15714K(18432K), 0.0000100 secs]106.495: [Tenured: 27206K->25068K(40960K), 0.0106470 secs] 42920K->25068K(59392K), [Perm : 6081K->6081K(21248K)], 0.0107050 secs] [Times: user=0.01 sys=0.00, real=0.00 secs] 
106.505: Total time for which application threads were stopped: 0.0108970 seconds, Stopping threads took: 0.0001110 seconds
106.572: Application time: 0.0667630 seconds
106.572: [GC106.572: [DefNew: 15705K->1427K(18432K), 0.0035880 secs] 40774K->37183K(59392K), 0.0036280 secs] [Times: user=0.01 sys=0.00, real=0.01 secs] 
106.576: Total time for which application threads were stopped: 0.0037620 seconds, Stopping threads took: 0.0000680 seconds
106.640: Application time: 0.0639230 seconds
106.640: [GC106.640: [DefNew: 17115K->17115K(18432K), 0.0000100 secs]106.640: [Tenured: 35756K->25781K(40960K), 0.0110020 secs] 52872K->25781K(59392K), [Perm : 6081K->6081K(21248K)], 0.0110590 secs] [Times: user=0.01 sys=0.00, real=0.01 secs] 
106.651: Total time for which application threads were stopped: 0.0112530 seconds, Stopping threads took: 0.0001050 seconds
106.706: Application time: 0.0547330 seconds
106.706: [GC106.706: [DefNew: 15688K->15688K(18432K), 0.0000100 secs]106.706: [Tenured: 25781K->23644K(40960K), 0.0116290 secs] 41470K->23644K(59392K), [Perm : 6081K->6081K(21248K)], 0.0116890 secs] [Times: user=0.02 sys=0.00, real=0.01 secs] 
106.718: Total time for which application threads were stopped: 0.0118720 seconds, Stopping threads took: 0.0001110 seconds
106.744: Application time: 0.0258340 seconds
106.744: [GC106.744: [DefNew: 15688K->1425K(18432K), 0.0036090 secs] 39332K->35757K(59392K), 0.0036510 secs] [Times: user=0.01 sys=0.00, real=0.01 secs] 
106.747: Total time for which application threads were stopped: 0.0038450 seconds, Stopping threads took: 0.0001250 seconds
106.817: Application time: 0.0698530 seconds
106.817: [GC106.817: [DefNew: 17122K->17122K(18432K), 0.0000100 secs]106.817: [Tenured: 34332K->23645K(40960K), 0.0096760 secs] 51454K->23645K(59392K), [Perm : 6081K->6081K(21248K)], 0.0097420 secs] [Times: user=0.00 sys=0.00, real=0.01 secs] 
106.827: Total time for which application threads were stopped: 0.0099170 seconds, Stopping threads took: 0.0000950 seconds
106.880: Application time: 0.0527350 seconds
106.880: [GC106.880: [DefNew: 15688K->1425K(18432K), 0.0034370 secs] 39333K->35758K(59392K), 0.0034790 secs] [Times: user=0.00 sys=0.00, real=0.00 secs] 
106.884: Total time for which application threads were stopped: 0.0036120 seconds, Stopping threads took: 0.0000670 seconds
106.920: Application time: 0.0362880 seconds
106.920: [GC106.920: [DefNew: 17113K->17113K(18432K), 0.0000100 secs]106.920: [Tenured: 34333K->24357K(40960K), 0.0091140 secs] 51447K->24357K(59392K), [Perm : 6081K->6081K(21248K)], 0.0091730 secs] [Times: user=0.01 sys=0.00, real=0.01 secs] 
106.929: Total time for which application threads were stopped: 0.0093280 seconds, Stopping threads took: 0.0000850 seconds
106.991: Application time: 0.0621330 seconds
106.991: [GC106.991: [DefNew: 15688K->1425K(18432K), 0.0036130 secs] 40046K->36471K(59392K), 0.0036530 secs] [Times: user=0.01 sys=0.00, real=0.01 secs] 
106.995: Total time for which application threads were stopped: 0.0037820 seconds, Stopping threads took: 0.0000600 seconds
107.053: Application time: 0.0577620 seconds
107.053: [GC107.053: [DefNew: 17131K->17131K(18432K), 0.0000090 secs]107.053: [Tenured: 35046K->24359K(40960K), 0.0088690 secs] 52177K->24359K(59392K), [Perm : 6081K->6081K(21248K)], 0.0089220 secs] [Times: user=0.01 sys=0.00, real=0.01 secs] 
107.062: Total time for which application threads were stopped: 0.0090500 seconds, Stopping threads took: 0.0000600 seconds
107.090: Application time: 0.0278290 seconds
107.090: [GC107.090: [DefNew: 15688K->1425K(18432K), 0.0035660 secs] 40048K->36473K(59392K), 0.0036150 secs] [Times: user=0.01 sys=0.00, real=0.01 secs] 
107.094: Total time for which application threads were stopped: 0.0039020 seconds, Stopping threads took: 0.0002190 seconds
107.161: Application time: 0.0670980 seconds
107.161: [GC107.161: [DefNew: 17114K->17114K(18432K), 0.0000100 secs]107.161: [Tenured: 35048K->25782K(40960K), 0.0104920 secs] 52162K->25782K(59392K), [Perm : 6081K->6081K(21248K)], 0.0105500 secs] [Times: user=0.01 sys=0.00, real=0.01 secs] 
107.171: Total time for which application threads were stopped: 0.0106850 seconds, Stopping threads took: 0.0000680 seconds
107.218: Application time: 0.0469990 seconds
107.219: [GC107.219: [DefNew: 15688K->15688K(18432K), 0.0000090 secs]107.219: [Tenured: 25782K->26495K(40960K), 0.0090160 secs] 41471K->26495K(59392K), [Perm : 6081K->6081K(21248K)], 0.0090750 secs] [Times: user=0.01 sys=0.00, real=0.01 secs] 
107.228: Total time for which application threads were stopped: 0.0092630 seconds, Stopping threads took: 0.0001180 seconds
107.294: Application time: 0.0660550 seconds
107.294: [GC107.294: [DefNew: 15688K->15688K(18432K), 0.0000100 secs]107.294: [Tenured: 26495K->25782K(40960K), 0.0096350 secs] 42183K->25782K(59392K), [Perm : 6081K->6081K(21248K)], 0.0096950 secs] [Times: user=0.01 sys=0.00, real=0.00 secs] 
107.304: Total time for which application threads were stopped: 0.0098260 seconds, Stopping threads took: 0.0000590 seconds
107.338: Application time: 0.0346210 seconds
107.338: [GC107.338: [DefNew: 15688K->15688K(18432K), 0.0000090 secs]107.338: [Tenured: 25782K->26495K(40960K), 0.0091490 secs] 41471K->26495K(59392K), [Perm : 6081K->6081K(21248K)], 0.0092100 secs] [Times: user=0.01 sys=0.00, real=0.01 secs] 
107.348: Total time for which application threads were stopped: 0.0094730 seconds, Stopping threads took: 0.0001840 seconds
107.414: Application time: 0.0664170 seconds
107.414: [GC107.414: [DefNew: 15688K->15688K(18432K), 0.0000110 secs]107.414: [Tenured: 26495K->25782K(40960K), 0.0097220 secs] 42184K->25782K(59392K), [Perm : 6081K->6081K(21248K)], 0.0097840 secs] [Times: user=0.01 sys=0.00, real=0.00 secs] 
107.424: Total time for which application threads were stopped: 0.0099720 seconds, Stopping threads took: 0.0001160 seconds
107.470: Application time: 0.0462970 seconds
107.470: [GC107.470: [DefNew: 15695K->15695K(18432K), 0.0000100 secs]107.470: [Tenured: 25782K->26496K(40960K), 0.0091850 secs] 41478K->26496K(59392K), [Perm : 6081K->6081K(21248K)], 0.0092430 secs] [Times: user=0.01 sys=0.00, real=0.01 secs] 
107.480: Total time for which application threads were stopped: 0.0093850 seconds, Stopping threads took: 0.0000740 seconds
107.521: Application time: 0.0417290 seconds
107.522: [GC107.522: [DefNew: 15705K->15705K(18432K), 0.0000090 secs]107.522: [Tenured: 26496K->25785K(40960K), 0.0090670 secs] 42202K->25785K(59392K), [Perm : 6081K->6081K(21248K)], 0.0091250 secs] [Times: user=0.00 sys=0.00, real=0.01 secs] 
107.531: Total time for which application threads were stopped: 0.0093070 seconds, Stopping threads took: 0.0001020 seconds
107.585: Application time: 0.0540900 seconds
107.585: [GC107.585: [DefNew: 15688K->15688K(18432K), 0.0000100 secs]107.585: [Tenured: 25785K->27210K(40960K), 0.0099820 secs] 41474K->27210K(59392K), [Perm : 6081K->6081K(21248K)], 0.0100430 secs] [Times: user=0.01 sys=0.00, real=0.02 secs] 
107.595: Total time for which application threads were stopped: 0.0101870 seconds, Stopping threads took: 0.0000710 seconds
107.660: Application time: 0.0649010 seconds
107.660: [GC107.660: [DefNew: 15688K->15688K(18432K), 0.0000100 secs]107.660: [Tenured: 27210K->27920K(40960K), 0.0103850 secs] 42899K->27920K(59392K), [Perm : 6081K->6081K(21248K)], 0.0104450 secs] [Times: user=0.01 sys=0.00, real=0.01 secs] 
107.671: Total time for which application threads were stopped: 0.0106260 seconds, Stopping threads took: 0.0001130 seconds
107.699: Application time: 0.0288650 seconds
107.700: [GC107.700: [DefNew: 15705K->15705K(18432K), 0.0000100 secs]107.700: [Tenured: 27920K->28634K(40960K), 0.0100160 secs] 43625K->28634K(59392K), [Perm : 6081K->6081K(21248K)], 0.0100820 secs] [Times: user=0.01 sys=0.00, real=0.01 secs] 
107.710: Total time for which application threads were stopped: 0.0102660 seconds, Stopping threads took: 0.0001160 seconds
107.774: Application time: 0.0644020 seconds
107.774: [GC107.774: [DefNew: 15719K->15719K(18432K), 0.0000100 secs]107.774: [Tenured: 28634K->30089K(40960K), 0.0108300 secs] 44353K->30089K(59392K), [Perm : 6081K->6081K(21248K)], 0.0108890 secs] [Times: user=0.01 sys=0.00, real=0.00 secs] 
107.785: Total time for which application threads were stopped: 0.0110660 seconds, Stopping threads took: 0.0001070 seconds
107.792: Application time: 0.0063760 seconds
107.792: [GC107.792: [DefNew: 15681K->15681K(18432K), 0.0000090 secs]107.792: [Tenured: 30089K->30089K(40960K), 0.0104050 secs] 45771K->30089K(59392K), [Perm : 6081K->6081K(21248K)], 0.0104670 secs] [Times: user=0.01 sys=0.00, real=0.01 secs] 
107.802: Total time for which application threads were stopped: 0.0106790 seconds, Stopping threads took: 0.0001190 seconds
107.810: Application time: 0.0074520 seconds
107.810: [GC107.810: [DefNew: 15679K->15679K(18432K), 0.0000110 secs]107.810: [Tenured: 30089K->28632K(40960K), 0.0112100 secs] 45768K->28632K(59392K), [Perm : 6081K->6081K(21248K)], 0.0112720 secs] [Times: user=0.01 sys=0.00, real=0.01 secs] 
107.821: Total time for which application threads were stopped: 0.0114940 seconds, Stopping threads took: 0.0001380 seconds
107.826: Application time: 0.0048960 seconds
107.826: [GC107.826: [DefNew: 15683K->15683K(18432K), 0.0000100 secs]107.826: [Tenured: 28632K->30771K(40960K), 0.0062020 secs] 44316K->30771K(59392K), [Perm : 6081K->6081K(21248K)], 0.0062600 secs] [Times: user=0.01 sys=0.00, real=0.00 secs] 
107.832: Total time for which application threads were stopped: 0.0064090 seconds, Stopping threads took: 0.0000790 seconds
107.840: Application time: 0.0070430 seconds
107.840: [GC107.840: [DefNew: 15685K->15685K(18432K), 0.0000100 secs]107.840: [Tenured: 30771K->29346K(40960K), 0.0059280 secs] 46456K->29346K(59392K), [Perm : 6081K->6081K(21248K)], 0.0059820 secs] [Times: user=0.01 sys=0.00, real=0.01 secs] 
107.846: Total time for which application threads were stopped: 0.0061730 seconds, Stopping threads took: 0.0001140 seconds
107.853: Application time: 0.0073370 seconds
107.853: [GC107.853: [DefNew: 15678K->15678K(18432K), 0.0000100 secs]107.853: [Tenured: 29346K->30058K(40960K), 0.0064860 secs] 45024K->30058K(59392K), [Perm : 6081K->6081K(21248K)], 0.0065360 secs] [Times: user=0.01 sys=0.00, real=0.01 secs] 
107.860: Total time for which application threads were stopped: 0.0066880 seconds, Stopping threads took: 0.0000820 seconds
107.867: Application time: 0.0067740 seconds
107.867: [GC107.867: [DefNew: 15686K->15686K(18432K), 0.0000090 secs]107.867: [Tenured: 30058K->28633K(40960K), 0.0075500 secs] 45745K->28633K(59392K), [Perm : 6081K->6081K(21248K)], 0.0076090 secs] [Times: user=0.01 sys=0.00, real=0.01 secs] 
107.874: Total time for which application threads were stopped: 0.0078060 seconds, Stopping threads took: 0.0001040 seconds
107.878: Application time: 0.0037240 seconds
107.878: [GC107.878: [DefNew: 15683K->15683K(18432K), 0.0000090 secs]107.878: [Tenured: 28633K->29345K(40960K), 0.0091940 secs] 44316K->29345K(59392K), [Perm : 6081K->6081K(21248K)], 0.0092540 secs] [Times: user=0.01 sys=0.00, real=0.01 secs] 
107.887: Total time for which application threads were stopped: 0.0094350 seconds, Stopping threads took: 0.0001080 seconds
107.891: Application time: 0.0037240 seconds
107.891: [GC107.891: [DefNew: 15679K->15679K(18432K), 0.0000090 secs]107.891: [Tenured: 29345K->30058K(40960K), 0.0058980 secs] 45024K->30058K(59392K), [Perm : 6081K->6081K(21248K)], 0.0059540 secs] [Times: user=0.00 sys=0.00, real=0.01 secs] 
107.897: Total time for which application threads were stopped: 0.0061070 seconds, Stopping threads took: 0.0000810 seconds
107.918: Application time: 0.0208710 seconds
107.918: [GC107.918: [DefNew: 15691K->15691K(18432K), 0.0000100 secs]107.918: [Tenured: 30058K->28632K(40960K), 0.0103820 secs] 45749K->28632K(59392K), [Perm : 6081K->6081K(21248K)], 0.0104440 secs] [Times: user=0.01 sys=0.00, real=0.01 secs] 
107.929: Total time for which application threads were stopped: 0.0106430 seconds, Stopping threads took: 0.0001280 seconds
107.986: Application time: 0.0571200 seconds
107.986: [GC107.986: [DefNew: 15688K->15688K(18432K), 0.0000100 secs]107.986: [Tenured: 28632K->28632K(40960K), 0.0098070 secs] 44321K->28632K(59392K), [Perm : 6081K->6081K(21248K)], 0.0098670 secs] [Times: user=0.01 sys=0.00, real=0.01 secs] 
107.996: Total time for which application threads were stopped: 0.0100000 seconds, Stopping threads took: 0.0000620 seconds
108.059: Application time: 0.0631800 seconds
108.059: [GC108.059: [DefNew: 15688K->15688K(18432K), 0.0000100 secs]108.059: [Tenured: 28632K->28632K(40960K), 0.0096900 secs] 44321K->28632K(59392K), [Perm : 6081K->6081K(21248K)], 0.0097520 secs] [Times: user=0.01 sys=0.00, real=0.01 secs] 
108.069: Total time for which application threads were stopped: 0.0098830 seconds, Stopping threads took: 0.0000580 seconds
108.104: Application time: 0.0352560 seconds
108.104: [GC108.104: [DefNew: 15688K->15688K(18432K), 0.0000100 secs]108.104: [Tenured: 28632K->29344K(40960K), 0.0098540 secs] 44320K->29344K(59392K), [Perm : 6081K->6081K(21248K)], 0.0099150 secs] [Times: user=0.01 sys=0.00, real=0.02 secs] 
108.114: Total time for which application threads were stopped: 0.0101080 seconds, Stopping threads took: 0.0001220 seconds
108.141: Application time: 0.0261160 seconds
108.141: [GC108.141: [DefNew: 15714K->15714K(18432K), 0.0000090 secs]108.141: [Tenured: 29344K->30086K(40960K), 0.0097460 secs] 45059K->30086K(59392K), [Perm : 6081K->6081K(21248K)], 0.0098030 secs] [Times: user=0.01 sys=0.00, real=0.01 secs] 
108.150: Total time for which application threads were stopped: 0.0099810 seconds, Stopping threads took: 0.0000950 seconds
108.160: Application time: 0.0092320 seconds
108.160: [GC108.160: [DefNew: 15677K->15677K(18432K), 0.0000100 secs]108.160: [Tenured: 30086K->27919K(40960K), 0.0102890 secs] 45764K->27919K(59392K), [Perm : 6081K->6081K(21248K)], 0.0103480 secs] [Times: user=0.01 sys=0.00, real=0.01 secs] 
108.170: Total time for which application threads were stopped: 0.0105010 seconds, Stopping threads took: 0.0000820 seconds
108.174: Application time: 0.0041990 seconds
108.175: [GC108.175: [DefNew: 15685K->15685K(18432K), 0.0000100 secs]108.175: [Tenured: 27919K->27207K(40960K), 0.0091950 secs] 43605K->27207K(59392K), [Perm : 6081K->6081K(21248K)], 0.0092590 secs] [Times: user=0.01 sys=0.00, real=0.00 secs] 
108.184: Total time for which application threads were stopped: 0.0095340 seconds, Stopping threads took: 0.0001970 seconds
108.190: Application time: 0.0059090 seconds
108.190: [GC108.190: [DefNew: 16201K->16201K(18432K), 0.0000090 secs]108.190: [Tenured: 27207K->25107K(40960K), 0.0081570 secs] 43408K->25107K(59392K), [Perm : 6081K->6081K(21248K)], 0.0082130 secs] [Times: user=0.01 sys=0.00, real=0.01 secs] 
108.198: Total time for which application threads were stopped: 0.0083500 seconds, Stopping threads took: 0.0000670 seconds
108.205: Application time: 0.0067900 seconds
108.205: [GC108.205: [DefNew: 15907K->15907K(18432K), 0.0000100 secs]108.205: [Tenured: 25107K->25810K(40960K), 0.0099100 secs] 41014K->25810K(59392K), [Perm : 6081K->6081K(21248K)], 0.0099710 secs] [Times: user=0.01 sys=0.00, real=0.02 secs] 
108.215: Total time for which application threads were stopped: 0.0101640 seconds, Stopping threads took: 0.0001020 seconds
108.220: Application time: 0.0045990 seconds
108.220: [GC108.220: [DefNew: 15688K->15688K(18432K), 0.0000100 secs]108.220: [Tenured: 25810K->25782K(40960K), 0.0117390 secs] 41499K->25782K(59392K), [Perm : 6081K->6081K(21248K)], 0.0118020 secs] [Times: user=0.02 sys=0.00, real=0.01 secs] 
108.232: Total time for which application threads were stopped: 0.0124770 seconds, Stopping threads took: 0.0005820 seconds
108.236: Application time: 0.0040900 seconds
108.237: [GC108.237: [DefNew: 15681K->15681K(18432K), 0.0000100 secs]108.237: [Tenured: 25782K->27919K(40960K), 0.0072250 secs] 41463K->27919K(59392K), [Perm : 6081K->6081K(21248K)], 0.0072920 secs] [Times: user=0.01 sys=0.00, real=0.00 secs] 
108.244: Total time for which application threads were stopped: 0.0078870 seconds, Stopping threads took: 0.0005040 seconds
108.248: Application time: 0.0039460 seconds
108.248: [GC108.248: [DefNew: 15688K->15688K(18432K), 0.0000110 secs]108.248: [Tenured: 27919K->27208K(40960K), 0.0078010 secs] 43608K->27208K(59392K), [Perm : 6081K->6081K(21248K)], 0.0078570 secs] [Times: user=0.01 sys=0.00, real=0.01 secs] 
108.256: Total time for which application threads were stopped: 0.0081340 seconds, Stopping threads took: 0.0001890 seconds
108.260: Application time: 0.0036700 seconds
108.261: [GC108.261: [DefNew: 15683K->15683K(18432K), 0.0000100 secs]108.261: [Tenured: 27208K->27207K(40960K), 0.0087840 secs] 42891K->27207K(59392K), [Perm : 6081K->6081K(21248K)], 0.0088430 secs] [Times: user=0.01 sys=0.00, real=0.01 secs] 
108.270: Total time for which application threads were stopped: 0.0098570 seconds, Stopping threads took: 0.0009430 seconds
108.273: Application time: 0.0035190 seconds
108.274: [GC108.274: [DefNew: 15686K->15686K(18432K), 0.0000090 secs]108.274: [Tenured: 27207K->26494K(40960K), 0.0067380 secs] 42894K->26494K(59392K), [Perm : 6081K->6081K(21248K)], 0.0067970 secs] [Times: user=0.00 sys=0.00, real=0.00 secs] 
108.280: Total time for which application threads were stopped: 0.0069470 seconds, Stopping threads took: 0.0000770 seconds
108.284: Application time: 0.0038680 seconds
108.285: [GC108.285: [DefNew: 15681K->15681K(18432K), 0.0000100 secs]108.285: [Tenured: 26494K->26494K(40960K), 0.0102390 secs] 42176K->26494K(59392K), [Perm : 6081K->6081K(21248K)], 0.0103000 secs] [Times: user=0.01 sys=0.00, real=0.02 secs] 
108.295: Total time for which application threads were stopped: 0.0107100 seconds, Stopping threads took: 0.0003370 seconds
108.299: Application time: 0.0042300 seconds
108.299: [GC108.299: [DefNew: 15692K->15692K(18432K), 0.0000090 secs]108.299: [Tenured: 26494K->27207K(40960K), 0.0092600 secs] 42187K->27207K(59392K), [Perm : 6081K->6081K(21248K)], 0.0093190 secs] [Times: user=0.01 sys=0.00, real=0.01 secs] 
108.309: Total time for which application threads were stopped: 0.0096600 seconds, Stopping threads took: 0.0002620 seconds
108.316: Application time: 0.0072340 seconds
108.316: [GC108.316: [DefNew: 15685K->15685K(18432K), 0.0000100 secs]108.316: [Tenured: 27207K->27920K(40960K), 0.0069500 secs] 42892K->27920K(59392K), [Perm : 6081K->6081K(21248K)], 0.0070080 secs] [Times: user=0.00 sys=0.00, real=0.00 secs] 
108.323: Total time for which application threads were stopped: 0.0072390 seconds, Stopping threads took: 0.0001640 seconds
108.330: Application time: 0.0069890 seconds
108.330: [GC108.330: [DefNew: 15678K->15678K(18432K), 0.0000110 secs]108.330: [Tenured: 27920K->26494K(40960K), 0.0084450 secs] 43599K->26494K(59392K), [Perm : 6081K->6081K(21248K)], 0.0085060 secs] [Times: user=0.01 sys=0.00, real=0.01 secs] 
108.339: Total time for which application threads were stopped: 0.0086610 seconds, Stopping threads took: 0.0000830 seconds
108.346: Application time: 0.0070760 seconds
108.346: [GC108.346: [DefNew: 15686K->15686K(18432K), 0.0000100 secs]108.346: [Tenured: 26494K->27920K(40960K), 0.0059120 secs] 42181K->27920K(59392K), [Perm : 6081K->6081K(21248K)], 0.0059690 secs] [Times: user=0.01 sys=0.00, real=0.00 secs] 
108.352: Total time for which application threads were stopped: 0.0062090 seconds, Stopping threads took: 0.0001490 seconds
108.356: Application time: 0.0040150 seconds
108.356: [GC108.356: [DefNew: 15680K->15680K(18432K), 0.0000110 secs]108.356: [Tenured: 27920K->28633K(40960K), 0.0064290 secs] 43601K->28633K(59392K), [Perm : 6081K->6081K(21248K)], 0.0064800 secs] [Times: user=0.01 sys=0.00, real=0.00 secs] 
108.363: Total time for which application threads were stopped: 0.0066300 seconds, Stopping threads took: 0.0000840 seconds
108.367: Application time: 0.0038710 seconds
108.367: [GC108.367: [DefNew: 15678K->15678K(18432K), 0.0000100 secs]108.367: [Tenured: 28633K->27920K(40960K), 0.0058020 secs] 44311K->27920K(59392K), [Perm : 6081K->6081K(21248K)], 0.0058690 secs] [Times: user=0.01 sys=0.00, real=0.00 secs] 
108.373: Total time for which application threads were stopped: 0.0060280 seconds, Stopping threads took: 0.0000880 seconds
108.413: Application time: 0.0406390 seconds
108.414: [GC108.414: [DefNew: 15696K->15696K(18432K), 0.0000100 secs]108.414: [Tenured: 27920K->25781K(40960K), 0.0095860 secs] 43617K->25781K(59392K), [Perm : 6081K->6081K(21248K)], 0.0096480 secs] [Times: user=0.01 sys=0.00, real=0.00 secs] 
108.423: Total time for which application threads were stopped: 0.0098960 seconds, Stopping threads took: 0.0001660 seconds
108.475: Application time: 0.0512770 seconds
108.475: [GC108.475: [DefNew: 15689K->15689K(18432K), 0.0000110 secs]108.475: [Tenured: 25781K->28632K(40960K), 0.0108410 secs] 41471K->28632K(59392K), [Perm : 6081K->6081K(21248K)], 0.0109020 secs] [Times: user=0.01 sys=0.00, real=0.01 secs] 
108.486: Total time for which application threads were stopped: 0.0112350 seconds, Stopping threads took: 0.0002610 seconds
108.546: Application time: 0.0603560 seconds
108.546: [GC108.546: [DefNew: 15687K->15687K(18432K), 0.0000120 secs]108.546: [Tenured: 28632K->28631K(40960K), 0.0091340 secs] 44319K->28631K(59392K), [Perm : 6081K->6081K(21248K)], 0.0091980 secs] [Times: user=0.01 sys=0.00, real=0.01 secs] 
108.556: Total time for which application threads were stopped: 0.0093350 seconds, Stopping threads took: 0.0000680 seconds
108.596: Application time: 0.0404200 seconds
108.596: [GC108.596: [DefNew: 15687K->15687K(18432K), 0.0000090 secs]108.596: [Tenured: 28631K->28631K(40960K), 0.0095830 secs] 44319K->28631K(59392K), [Perm : 6081K->6081K(21248K)], 0.0096430 secs] [Times: user=0.01 sys=0.00, real=0.01 secs] 
108.606: Total time for which application threads were stopped: 0.0098080 seconds, Stopping threads took: 0.0000950 seconds
108.676: Application time: 0.0705890 seconds
108.676: [GC108.677: [DefNew: 15687K->15687K(18432K), 0.0000090 secs]108.677: [Tenured: 28631K->27919K(40960K), 0.0102240 secs] 44319K->27919K(59392K), [Perm : 6081K->6081K(21248K)], 0.0102830 secs] [Times: user=0.01 sys=0.00, real=0.01 secs] 
108.687: Total time for which application threads were stopped: 0.0104500 seconds, Stopping threads took: 0.0001010 seconds
108.744: Application time: 0.0568370 seconds
108.744: [GC108.744: [DefNew: 15720K->15720K(18432K), 0.0000090 secs]108.744: [Tenured: 27919K->27236K(40960K), 0.0089210 secs] 43639K->27236K(59392K), [Perm : 6081K->6081K(21248K)], 0.0089800 secs] [Times: user=0.01 sys=0.00, real=0.01 secs] 
108.753: Total time for which application threads were stopped: 0.0091150 seconds, Stopping threads took: 0.0000690 seconds
108.760: Application time: 0.0068580 seconds
108.760: [GC108.760: [DefNew: 15679K->15679K(18432K), 0.0000090 secs]108.760: [Tenured: 27236K->27948K(40960K), 0.0094300 secs] 42915K->27948K(59392K), [Perm : 6081K->6081K(21248K)], 0.0094920 secs] [Times: user=0.01 sys=0.00, real=0.01 secs] 
108.769: Total time for which application threads were stopped: 0.0096740 seconds, Stopping threads took: 0.0001100 seconds
108.777: Application time: 0.0078940 seconds
108.777: [GC108.777: [DefNew: 15683K->15683K(18432K), 0.0000090 secs]108.777: [Tenured: 27948K->29374K(40960K), 0.0069370 secs] 43632K->29374K(59392K), [Perm : 6081K->6081K(21248K)], 0.0069960 secs] [Times: user=0.01 sys=0.00, real=0.00 secs] 
108.784: Total time for which application threads were stopped: 0.0072820 seconds, Stopping threads took: 0.0001900 seconds
108.789: Application time: 0.0041110 seconds
108.789: [GC108.789: [DefNew: 15679K->15679K(18432K), 0.0000100 secs]108.789: [Tenured: 29374K->25780K(40960K), 0.0101100 secs] 45053K->25780K(59392K), [Perm : 6081K->6081K(21248K)], 0.0101700 secs] [Times: user=0.01 sys=0.00, real=0.01 secs] 
108.799: Total time for which application threads were stopped: 0.0106590 seconds, Stopping threads took: 0.0004070 seconds
108.806: Application time: 0.0069110 seconds
108.806: [GC108.806: [DefNew: 16071K->16071K(18432K), 0.0000090 secs]108.806: [Tenured: 25780K->20861K(40960K), 0.0095010 secs] 41852K->20861K(59392K), [Perm : 6081K->6081K(21248K)], 0.0095690 secs] [Times: user=0.01 sys=0.00, real=0.01 secs] 
108.816: Total time for which application threads were stopped: 0.0098410 seconds, Stopping threads took: 0.0001890 seconds
108.822: Application time: 0.0062210 seconds
108.823: [GC108.823: [DefNew: 16073K->1427K(18432K), 0.0009230 secs] 36935K->23714K(59392K), 0.0009520 secs] [Times: user=0.00 sys=0.00, real=0.00 secs] 
108.824: Total time for which application threads were stopped: 0.0020100 seconds, Stopping threads took: 0.0009810 seconds
108.829: Application time: 0.0046740 seconds
108.829: [GC108.829: [DefNew: 17113K->1426K(18432K), 0.0011630 secs] 39400K->25851K(59392K), 0.0011960 secs] [Times: user=0.00 sys=0.00, real=0.00 secs] 
108.830: Total time for which application threads were stopped: 0.0014200 seconds, Stopping threads took: 0.0001440 seconds
108.834: Application time: 0.0041540 seconds
108.836: [GC108.836: [DefNew: 17108K->1425K(18432K), 0.0006990 secs] 41534K->26564K(59392K), 0.0007280 secs] [Times: user=0.00 sys=0.00, real=0.00 secs] 
108.836: Total time for which application threads were stopped: 0.0017950 seconds, Stopping threads took: 0.0009980 seconds
108.840: Application time: 0.0040170 seconds
108.841: [GC108.841: [DefNew: 17107K->1425K(18432K), 0.0007250 secs] 42246K->27276K(59392K), 0.0007550 secs] [Times: user=0.00 sys=0.00, real=0.00 secs] 
108.842: Total time for which application threads were stopped: 0.0017110 seconds, Stopping threads took: 0.0008780 seconds
108.846: Application time: 0.0037310 seconds
108.847: [GC108.847: [DefNew: 17114K->1425K(18432K), 0.0009730 secs] 42966K->28703K(59392K), 0.0010040 secs] [Times: user=0.00 sys=0.00, real=0.00 secs] 
108.848: Total time for which application threads were stopped: 0.0018380 seconds, Stopping threads took: 0.0007440 seconds
108.851: Application time: 0.0037090 seconds
108.852: [GC108.852: [DefNew: 17116K->1425K(18432K), 0.0017410 secs] 44393K->32266K(59392K), 0.0017800 secs] [Times: user=0.01 sys=0.00, real=0.01 secs] 
108.854: Total time for which application threads were stopped: 0.0028180 seconds, Stopping threads took: 0.0009740 seconds
108.858: Application time: 0.0033920 seconds
108.858: [GC108.858: [DefNew: 17108K->17108K(18432K), 0.0000100 secs]108.858: [Tenured: 30840K->25126K(40960K), 0.0095220 secs] 47949K->25126K(59392K), [Perm : 6081K->6081K(21248K)], 0.0095830 secs] [Times: user=0.01 sys=0.00, real=0.01 secs] 
108.868: Total time for which application threads were stopped: 0.0100010 seconds, Stopping threads took: 0.0003290 seconds
108.871: Application time: 0.0034440 seconds
108.871: [GC108.871: [DefNew: 15688K->1425K(18432K), 0.0014180 secs] 40814K->29402K(59392K), 0.0014540 secs] [Times: user=0.00 sys=0.00, real=0.00 secs] 
108.873: Total time for which application threads were stopped: 0.0016270 seconds, Stopping threads took: 0.0001010 seconds
108.876: Application time: 0.0036370 seconds
108.876: [GC108.876: [DefNew: 17107K->1425K(18432K), 0.0009480 secs] 45083K->30827K(59392K), 0.0009780 secs] [Times: user=0.00 sys=0.00, real=0.00 secs] 
108.877: Total time for which application threads were stopped: 0.0011880 seconds, Stopping threads took: 0.0001210 seconds
108.881: Application time: 0.0036990 seconds
108.882: [GC108.882: [DefNew: 17106K->1425K(18432K), 0.0006860 secs] 46508K->31539K(59392K), 0.0007160 secs] [Times: user=0.00 sys=0.00, real=0.00 secs] 
108.882: Total time for which application threads were stopped: 0.0011270 seconds, Stopping threads took: 0.0003340 seconds
108.886: Application time: 0.0034930 seconds
108.886: [GC108.886: [DefNew: 17117K->1426K(18432K), 0.0013170 secs] 47231K->34390K(59392K), 0.0013510 secs] [Times: user=0.00 sys=0.00, real=0.00 secs] 
108.888: Total time for which application threads were stopped: 0.0017790 seconds, Stopping threads took: 0.0003640 seconds
108.893: Application time: 0.0052300 seconds
108.893: [GC108.893: [DefNew: 17124K->17124K(18432K), 0.0000090 secs]108.893: [Tenured: 32964K->25838K(40960K), 0.0092480 secs] 50088K->25838K(59392K), [Perm : 6081K->6081K(21248K)], 0.0093140 secs] [Times: user=0.01 sys=0.00, real=0.01 secs] 
108.902: Total time for which application threads were stopped: 0.0095110 seconds, Stopping threads took: 0.0001190 seconds
108.907: Application time: 0.0051330 seconds
108.908: [GC108.908: [DefNew: 15680K->1425K(18432K), 0.0005450 secs] 41518K->27263K(59392K), 0.0005720 secs] [Times: user=0.00 sys=0.00, real=0.00 secs] 
108.908: Total time for which application threads were stopped: 0.0006950 seconds, Stopping threads took: 0.0000680 seconds
108.912: Application time: 0.0041850 seconds
108.912: [GC108.912: [DefNew: 17108K->1425K(18432K), 0.0016570 secs] 42946K->30826K(59392K), 0.0016920 secs] [Times: user=0.00 sys=0.00, real=0.01 secs] 
108.914: Total time for which application threads were stopped: 0.0018250 seconds, Stopping threads took: 0.0000650 seconds
108.919: Application time: 0.0051600 seconds
108.919: [GC108.919: [DefNew: 17107K->1425K(18432K), 0.0005420 secs] 46508K->30826K(59392K), 0.0005690 secs] [Times: user=0.00 sys=0.00, real=0.00 secs] 
108.920: Total time for which application threads were stopped: 0.0006860 seconds, Stopping threads took: 0.0000570 seconds
108.925: Application time: 0.0047940 seconds
108.925: [GC108.925: [DefNew: 17109K->1425K(18432K), 0.0008290 secs] 46511K->32251K(59392K), 0.0008600 secs] [Times: user=0.00 sys=0.00, real=0.01 secs] 
108.926: Total time for which application threads were stopped: 0.0012660 seconds, Stopping threads took: 0.0003470 seconds
108.929: Application time: 0.0034040 seconds
108.930: [GC108.930: [DefNew: 17120K->1426K(18432K), 0.0020220 secs] 47947K->36529K(59392K), 0.0020590 secs] [Times: user=0.00 sys=0.00, real=0.00 secs] 
108.932: Total time for which application threads were stopped: 0.0023070 seconds, Stopping threads took: 0.0001620 seconds
108.935: Application time: 0.0034850 seconds
108.936: [GC108.936: [DefNew: 17108K->17108K(18432K), 0.0000090 secs]108.936: [Tenured: 35102K->25069K(40960K), 0.0102300 secs] 52211K->25069K(59392K), [Perm : 6081K->6081K(21248K)], 0.0102890 secs] [Times: user=0.01 sys=0.00, real=0.01 secs] 
108.946: Total time for which application threads were stopped: 0.0106750 seconds, Stopping threads took: 0.0003140 seconds
108.949: Application time: 0.0029610 seconds
108.949: [GC108.949: [DefNew: 15681K->1425K(18432K), 0.0005770 secs] 40750K->26494K(59392K), 0.0006060 secs] [Times: user=0.00 sys=0.00, real=0.00 secs] 
108.950: Total time for which application threads were stopped: 0.0010870 seconds, Stopping threads took: 0.0004050 seconds
108.953: Application time: 0.0030730 seconds
108.953: [GC108.953: [DefNew: 17105K->1425K(18432K), 0.0007830 secs] 42175K->27207K(59392K), 0.0008120 secs] [Times: user=0.00 sys=0.00, real=0.01 secs] 
108.954: Total time for which application threads were stopped: 0.0011140 seconds, Stopping threads took: 0.0002430 seconds
108.971: Application time: 0.0167570 seconds
108.971: [GC108.971: [DefNew: 17126K->1426K(18432K), 0.0019050 secs] 42908K->32196K(59392K), 0.0019410 secs] [Times: user=0.00 sys=0.00, real=0.00 secs] 
108.973: Total time for which application threads were stopped: 0.0021850 seconds, Stopping threads took: 0.0001590 seconds
109.009: Application time: 0.0361090 seconds
109.009: [GC109.009: [DefNew: 17584K->1490K(18432K), 0.0025620 secs] 48353K->38674K(59392K), 0.0026010 secs] [Times: user=0.00 sys=0.00, real=0.00 secs] 
109.012: Total time for which application threads were stopped: 0.0027510 seconds, Stopping threads took: 0.0000810 seconds
109.020: Application time: 0.0076790 seconds
109.020: [GC109.020: [DefNew: 17439K->17439K(18432K), 0.0000100 secs]109.020: [Tenured: 37184K->19405K(40960K), 0.0093880 secs] 54623K->19405K(59392K), [Perm : 6081K->6081K(21248K)], 0.0094440 secs] [Times: user=0.01 sys=0.00, real=0.01 secs] 
109.029: Total time for which application threads were stopped: 0.0095940 seconds, Stopping threads took: 0.0000790 seconds
109.034: Application time: 0.0045610 seconds
109.034: [GC109.034: [DefNew: 15723K->1426K(18432K), 0.0010140 secs] 35129K->22257K(59392K), 0.0010520 secs] [Times: user=0.00 sys=0.00, real=0.00 secs] 
109.035: Total time for which application threads were stopped: 0.0012410 seconds, Stopping threads took: 0.0001280 seconds
109.039: Application time: 0.0035630 seconds
109.039: [GC109.039: [DefNew: 17106K->1425K(18432K), 0.0009830 secs] 37936K->23682K(59392K), 0.0010140 secs] [Times: user=0.00 sys=0.00, real=0.00 secs] 
109.040: Total time for which application threads were stopped: 0.0013430 seconds, Stopping threads took: 0.0002680 seconds
109.044: Application time: 0.0044580 seconds
109.045: [GC109.045: [DefNew: 17104K->1425K(18432K), 0.0005660 secs] 39361K->23682K(59392K), 0.0005960 secs] [Times: user=0.00 sys=0.00, real=0.00 secs] 
109.045: Total time for which application threads were stopped: 0.0008280 seconds, Stopping threads took: 0.0001740 seconds
109.050: Application time: 0.0042510 seconds
109.050: [GC109.050: [DefNew: 17112K->1426K(18432K), 0.0018180 secs] 39370K->27958K(59392K), 0.0018550 secs] [Times: user=0.01 sys=0.00, real=0.00 secs] 
109.052: Total time for which application threads were stopped: 0.0021320 seconds, Stopping threads took: 0.0002000 seconds
109.056: Application time: 0.0044850 seconds
109.056: [GC109.056: [DefNew: 17114K->1425K(18432K), 0.0018140 secs] 43646K->32234K(59392K), 0.0018530 secs] [Times: user=0.00 sys=0.00, real=0.00 secs] 
109.058: Total time for which application threads were stopped: 0.0021960 seconds, Stopping threads took: 0.0002790 seconds
109.062: Application time: 0.0033820 seconds
109.062: [GC109.062: [DefNew: 17108K->1425K(18432K), 0.0016550 secs] 47916K->35797K(59392K), 0.0016890 secs] [Times: user=0.00 sys=0.00, real=0.00 secs] 
109.064: Total time for which application threads were stopped: 0.0024390 seconds, Stopping threads took: 0.0006850 seconds
109.068: Application time: 0.0034390 seconds
109.068: [GC109.068: [DefNew: 17107K->17107K(18432K), 0.0000100 secs]109.068: [Tenured: 34372K->22959K(40960K), 0.0099470 secs] 51479K->22959K(59392K), [Perm : 6081K->6081K(21248K)], 0.0100050 secs] [Times: user=0.01 sys=0.00, real=0.01 secs] 
109.078: Total time for which application threads were stopped: 0.0102040 seconds, Stopping threads took: 0.0001310 seconds
109.082: Application time: 0.0043780 seconds
109.082: [GC109.082: [DefNew: 15681K->1425K(18432K), 0.0005030 secs] 38641K->24384K(59392K), 0.0005320 secs] [Times: user=0.00 sys=0.00, real=0.00 secs] 
109.083: Total time for which application threads were stopped: 0.0006970 seconds, Stopping threads took: 0.0001100 seconds
109.087: Application time: 0.0036050 seconds
109.087: [GC109.087: [DefNew: 17119K->1426K(18432K), 0.0010340 secs] 40079K->25811K(59392K), 0.0010650 secs] [Times: user=0.00 sys=0.00, real=0.00 secs] 
109.088: Total time for which application threads were stopped: 0.0013260 seconds, Stopping threads took: 0.0002000 seconds
109.091: Application time: 0.0033450 seconds
109.092: [GC109.092: [DefNew: 17108K->1425K(18432K), 0.0005370 secs] 41493K->25811K(59392K), 0.0005650 secs] [Times: user=0.00 sys=0.00, real=0.00 secs] 
109.092: Total time for which application threads were stopped: 0.0010280 seconds, Stopping threads took: 0.0004050 seconds
109.096: Application time: 0.0034630 seconds
109.096: [GC109.096: [DefNew: 17105K->1425K(18432K), 0.0005030 secs] 41492K->25811K(59392K), 0.0005260 secs] [Times: user=0.00 sys=0.00, real=0.00 secs] 
109.096: Total time for which application threads were stopped: 0.0006870 seconds, Stopping threads took: 0.0001060 seconds
109.101: Application time: 0.0042890 seconds
109.101: [GC109.101: [DefNew: 17116K->1426K(18432K), 0.0015150 secs] 41502K->29375K(59392K), 0.0015510 secs] [Times: user=0.00 sys=0.00, real=0.00 secs] 
109.102: Total time for which application threads were stopped: 0.0017400 seconds, Stopping threads took: 0.0001240 seconds
109.109: Application time: 0.0063320 seconds
109.109: [GC109.109: [DefNew: 17113K->1426K(18432K), 0.0008010 secs] 45062K->30088K(59392K), 0.0008300 secs] [Times: user=0.00 sys=0.00, real=0.00 secs] 
109.110: Total time for which application threads were stopped: 0.0010320 seconds, Stopping threads took: 0.0001350 seconds
109.113: Application time: 0.0036870 seconds
109.114: [GC109.114: [DefNew: 17106K->712K(18432K), 0.0006730 secs] 45768K->30088K(59392K), 0.0007010 secs] [Times: user=0.00 sys=0.00, real=0.00 secs] 
109.114: Total time for which application threads were stopped: 0.0008930 seconds, Stopping threads took: 0.0001360 seconds
109.120: Application time: 0.0056410 seconds
109.120: [GC109.120: [DefNew: 16398K->1426K(18432K), 0.0004960 secs] 45775K->30802K(59392K), 0.0005210 secs] [Times: user=0.00 sys=0.00, real=0.00 secs] 
109.121: Total time for which application threads were stopped: 0.0006590 seconds, Stopping threads took: 0.0000850 seconds
109.192: Application time: 0.0712380 seconds
109.192: [GC109.192: [DefNew (promotion failed) : 17124K->17123K(18432K), 0.0037640 secs]109.196: [Tenured: 40777K->23672K(40960K), 0.0092520 secs] 46500K->23672K(59392K), [Perm : 6081K->6081K(21248K)], 0.0130740 secs] [Times: user=0.02 sys=0.00, real=0.01 secs] 
109.205: Total time for which application threads were stopped: 0.0132120 seconds, Stopping threads took: 0.0000710 seconds
109.265: Application time: 0.0602720 seconds
109.265: [GC109.266: [DefNew: 15691K->1425K(18432K), 0.0044560 secs] 39364K->39348K(59392K), 0.0044940 secs] [Times: user=0.00 sys=0.00, real=0.00 secs] 
109.270: Total time for which application threads were stopped: 0.0046300 seconds, Stopping threads took: 0.0000720 seconds
109.339: Application time: 0.0692690 seconds
109.339: [GC109.339: [DefNew: 17116K->17116K(18432K), 0.0000100 secs]109.339: [Tenured: 37923K->25068K(40960K), 0.0102580 secs] 55039K->25068K(59392K), [Perm : 6081K->6081K(21248K)], 0.0103140 secs] [Times: user=0.01 sys=0.00, real=0.01 secs] 
109.350: Total time for which application threads were stopped: 0.0104880 seconds, Stopping threads took: 0.0001060 seconds
109.423: Application time: 0.0732990 seconds
109.423: [GC109.423: [DefNew: 15691K->1425K(18432K), 0.0043560 secs] 40760K->40031K(59392K), 0.0043980 secs] [Times: user=0.00 sys=0.00, real=0.01 secs] 
109.428: Total time for which application threads were stopped: 0.0045670 seconds, Stopping threads took: 0.0000890 seconds
109.497: Application time: 0.0696370 seconds
109.498: [GC109.498: [DefNew: 17129K->17129K(18432K), 0.0000090 secs]109.498: [Tenured: 38606K->24357K(40960K), 0.0096410 secs] 55735K->24357K(59392K), [Perm : 6081K->6081K(21248K)], 0.0096990 secs] [Times: user=0.01 sys=0.00, real=0.01 secs] 
109.507: Total time for which application threads were stopped: 0.0099940 seconds, Stopping threads took: 0.0002050 seconds
109.581: Application time: 0.0740940 seconds
109.581: [GC109.581: [DefNew: 15689K->1425K(18432K), 0.0040560 secs] 40047K->38608K(59392K), 0.0040960 secs] [Times: user=0.01 sys=0.00, real=0.01 secs] 
109.586: Total time for which application threads were stopped: 0.0042250 seconds, Stopping threads took: 0.0000610 seconds
109.657: Application time: 0.0715360 seconds
109.657: [GC109.657: [DefNew: 17114K->17114K(18432K), 0.0000090 secs]109.657: [Tenured: 37183K->25782K(40960K), 0.0093510 secs] 54297K->25782K(59392K), [Perm : 6081K->6081K(21248K)], 0.0094080 secs] [Times: user=0.01 sys=0.00, real=0.01 secs] 
109.667: Total time for which application threads were stopped: 0.0095460 seconds, Stopping threads took: 0.0000710 seconds
109.734: Application time: 0.0669130 seconds
109.734: [GC109.734: [DefNew: 15691K->15691K(18432K), 0.0000100 secs]109.734: [Tenured: 25782K->25782K(40960K), 0.0090840 secs] 41474K->25782K(59392K), [Perm : 6081K->6081K(21248K)], 0.0091430 secs] [Times: user=0.00 sys=0.00, real=0.00 secs] 
109.743: Total time for which application threads were stopped: 0.0092710 seconds, Stopping threads took: 0.0000580 seconds
109.817: Application time: 0.0736440 seconds
109.817: [GC109.817: [DefNew: 15689K->15689K(18432K), 0.0000090 secs]109.817: [Tenured: 25782K->26493K(40960K), 0.0102450 secs] 41472K->26493K(59392K), [Perm : 6081K->6081K(21248K)], 0.0103030 secs] [Times: user=0.01 sys=0.00, real=0.01 secs] 
109.827: Total time for which application threads were stopped: 0.0104400 seconds, Stopping threads took: 0.0000580 seconds
109.898: Application time: 0.0709110 seconds
109.898: [GC109.898: [DefNew: 15691K->15691K(18432K), 0.0000100 secs]109.898: [Tenured: 26493K->25781K(40960K), 0.0087960 secs] 42185K->25781K(59392K), [Perm : 6081K->6081K(21248K)], 0.0088550 secs] [Times: user=0.01 sys=0.00, real=0.01 secs] 
109.907: Total time for which application threads were stopped: 0.0089820 seconds, Stopping threads took: 0.0000560 seconds
109.983: Application time: 0.0758810 seconds
109.983: [GC109.983: [DefNew: 15697K->15697K(18432K), 0.0000100 secs]109.983: [Tenured: 25781K->26494K(40960K), 0.0099900 secs] 41479K->26494K(59392K), [Perm : 6081K->6081K(21248K)], 0.0100490 secs] [Times: user=0.01 sys=0.00, real=0.01 secs] 
109.993: Total time for which application threads were stopped: 0.0101900 seconds, Stopping threads took: 0.0000580 seconds
110.063: Application time: 0.0697290 seconds
110.063: [GC110.063: [DefNew: 15697K->15697K(18432K), 0.0000100 secs]110.063: [Tenured: 26494K->27208K(40960K), 0.0099740 secs] 42192K->27208K(59392K), [Perm : 6081K->6081K(21248K)], 0.0100340 secs] [Times: user=0.01 sys=0.00, real=0.01 secs] 
110.073: Total time for which application threads were stopped: 0.0101660 seconds, Stopping threads took: 0.0000590 seconds
110.147: Application time: 0.0738330 seconds
110.147: [GC110.147: [DefNew: 15704K->15704K(18432K), 0.0000100 secs]110.147: [Tenured: 27208K->27206K(40960K), 0.0118760 secs] 42912K->27206K(59392K), [Perm : 6081K->6081K(21248K)], 0.0119350 secs] [Times: user=0.02 sys=0.00, real=0.01 secs] 
110.159: Total time for which application threads were stopped: 0.0121590 seconds, Stopping threads took: 0.0001560 seconds
110.193: Application time: 0.0343270 seconds
110.193: [GC110.193: [DefNew: 15706K->15706K(18432K), 0.0000080 secs]110.193: [Tenured: 27206K->28633K(40960K), 0.0093450 secs] 42912K->28633K(59392K), [Perm : 6081K->6081K(21248K)], 0.0094020 secs] [Times: user=0.01 sys=0.00, real=0.01 secs] 
110.203: Total time for which application threads were stopped: 0.0095320 seconds, Stopping threads took: 0.0000620 seconds
110.272: Application time: 0.0692960 seconds
110.272: [GC110.272: [DefNew: 15691K->15691K(18432K), 0.0000100 secs]110.272: [Tenured: 28633K->30058K(40960K), 0.0100700 secs] 44324K->30058K(59392K), [Perm : 6081K->6081K(21248K)], 0.0101260 secs] [Times: user=0.01 sys=0.00, real=0.01 secs] 
110.282: Total time for which application threads were stopped: 0.0103750 seconds, Stopping threads took: 0.0001680 seconds
110.350: Application time: 0.0678840 seconds
110.350: [GC110.350: [DefNew: 15691K->15691K(18432K), 0.0000090 secs]110.350: [Tenured: 30058K->30058K(40960K), 0.0098630 secs] 45749K->30058K(59392K), [Perm : 6081K->6081K(21248K)], 0.0099240 secs] [Times: user=0.01 sys=0.00, real=0.01 secs] 
110.360: Total time for which application threads were stopped: 0.0101600 seconds, Stopping threads took: 0.0001680 seconds
110.433: Application time: 0.0727420 seconds
110.433: [GC110.433: [DefNew: 15691K->15691K(18432K), 0.0000090 secs]110.433: [Tenured: 30058K->26493K(40960K), 0.0105270 secs] 45749K->26493K(59392K), [Perm : 6081K->6081K(21248K)], 0.0105850 secs] [Times: user=0.01 sys=0.00, real=0.01 secs] 
110.444: Total time for which application threads were stopped: 0.0107210 seconds, Stopping threads took: 0.0000700 seconds
110.503: Application time: 0.0591710 seconds
110.503: [GC110.503: [DefNew: 15706K->1427K(18432K), 0.0040980 secs] 42199K->40745K(59392K), 0.0041410 secs] [Times: user=0.01 sys=0.00, real=0.01 secs] 
110.508: Total time for which application threads were stopped: 0.0045350 seconds, Stopping threads took: 0.0003170 seconds
110.578: Application time: 0.0707530 seconds
110.578: [GC110.578: [DefNew: 17116K->17116K(18432K), 0.0000100 secs]110.578: [Tenured: 39318K->27920K(40960K), 0.0091560 secs] 56435K->27920K(59392K), [Perm : 6081K->6081K(21248K)], 0.0092150 secs] [Times: user=0.01 sys=0.00, real=0.01 secs] 
110.588: Total time for which application threads were stopped: 0.0093530 seconds, Stopping threads took: 0.0000590 seconds
110.617: Application time: 0.0292170 seconds
110.617: [GC110.617: [DefNew: 15689K->15689K(18432K), 0.0000100 secs]110.617: [Tenured: 27920K->29345K(40960K), 0.0101310 secs] 43609K->29345K(59392K), [Perm : 6081K->6081K(21248K)], 0.0101910 secs] [Times: user=0.01 sys=0.00, real=0.01 secs] 
110.627: Total time for which application threads were stopped: 0.0103780 seconds, Stopping threads took: 0.0001170 seconds
110.700: Application time: 0.0731730 seconds
110.701: [GC110.701: [DefNew: 15689K->15689K(18432K), 0.0000100 secs]110.701: [Tenured: 29345K->28632K(40960K), 0.0097460 secs] 45034K->28632K(59392K), [Perm : 6081K->6081K(21248K)], 0.0098050 secs] [Times: user=0.01 sys=0.00, real=0.01 secs] 
110.710: Total time for which application threads were stopped: 0.0100060 seconds, Stopping threads took: 0.0001140 seconds
110.782: Application time: 0.0713710 seconds
110.782: [GC110.782: [DefNew: 15689K->15689K(18432K), 0.0000110 secs]110.782: [Tenured: 28632K->27206K(40960K), 0.0114950 secs] 44322K->27206K(59392K), [Perm : 6081K->6081K(21248K)], 0.0115540 secs] [Times: user=0.01 sys=0.00, real=0.02 secs] 
110.794: Total time for which application threads were stopped: 0.0117340 seconds, Stopping threads took: 0.0001100 seconds
110.860: Application time: 0.0661750 seconds
110.860: [GC110.860: [DefNew: 15689K->15689K(18432K), 0.0000090 secs]110.860: [Tenured: 27206K->27919K(40960K), 0.0090620 secs] 42896K->27919K(59392K), [Perm : 6081K->6081K(21248K)], 0.0091190 secs] [Times: user=0.01 sys=0.00, real=0.01 secs] 
110.869: Total time for which application threads were stopped: 0.0092460 seconds, Stopping threads took: 0.0000580 seconds
110.921: Application time: 0.0515470 seconds
110.921: [GC110.921: [DefNew: 15696K->15696K(18432K), 0.0000090 secs]110.921: [Tenured: 27919K->27920K(40960K), 0.0099510 secs] 43615K->27920K(59392K), [Perm : 6081K->6081K(21248K)], 0.0100090 secs] [Times: user=0.01 sys=0.00, real=0.01 secs] 
110.931: Total time for which application threads were stopped: 0.0101450 seconds, Stopping threads took: 0.0000640 seconds
110.999: Application time: 0.0685710 seconds
110.999: [GC110.999: [DefNew: 15688K->15688K(18432K), 0.0000090 secs]110.999: [Tenured: 27920K->27920K(40960K), 0.0090250 secs] 43608K->27920K(59392K), [Perm : 6081K->6081K(21248K)], 0.0090850 secs] [Times: user=0.01 sys=0.00, real=0.01 secs] 
111.009: Total time for which application threads were stopped: 0.0092460 seconds, Stopping threads took: 0.0000820 seconds
111.048: Application time: 0.0390350 seconds
111.048: [GC111.048: [DefNew: 15690K->15690K(18432K), 0.0000090 secs]111.048: [Tenured: 27920K->24356K(40960K), 0.0100030 secs] 43610K->24356K(59392K), [Perm : 6081K->6081K(21248K)], 0.0100580 secs] [Times: user=0.01 sys=0.00, real=0.01 secs] 
111.058: Total time for which application threads were stopped: 0.0102100 seconds, Stopping threads took: 0.0000740 seconds
111.120: Application time: 0.0620780 seconds
111.120: [GC111.120: [DefNew: 15713K->1427K(18432K), 0.0036240 secs] 40069K->37184K(59392K), 0.0036650 secs] [Times: user=0.01 sys=0.00, real=0.00 secs] 
111.124: Total time for which application threads were stopped: 0.0038310 seconds, Stopping threads took: 0.0000990 seconds
111.182: Application time: 0.0578760 seconds
111.182: [GC111.182: [DefNew: 17116K->17116K(18432K), 0.0000110 secs]111.182: [Tenured: 35756K->25069K(40960K), 0.0115690 secs] 52872K->25069K(59392K), [Perm : 6081K->6081K(21248K)], 0.0116310 secs] [Times: user=0.01 sys=0.00, real=0.01 secs] 
111.193: Total time for which application threads were stopped: 0.0118100 seconds, Stopping threads took: 0.0001080 seconds
111.245: Application time: 0.0520660 seconds
111.246: [GC111.246: [DefNew: 15705K->1427K(18432K), 0.0034970 secs] 40775K->37185K(59392K), 0.0035360 secs] [Times: user=0.00 sys=0.00, real=0.00 secs] 
111.249: Total time for which application threads were stopped: 0.0037280 seconds, Stopping threads took: 0.0001060 seconds
111.290: Application time: 0.0407160 seconds
111.290: [GC111.290: [DefNew: 17115K->17115K(18432K), 0.0000090 secs]111.290: [Tenured: 35758K->25070K(40960K), 0.0101200 secs] 52873K->25070K(59392K), [Perm : 6081K->6081K(21248K)], 0.0101890 secs] [Times: user=0.01 sys=0.00, real=0.01 secs] 
111.300: Total time for which application threads were stopped: 0.0103700 seconds, Stopping threads took: 0.0001030 seconds
111.364: Application time: 0.0633890 seconds
111.364: [GC111.364: [DefNew: 15688K->1425K(18432K), 0.0035830 secs] 40758K->37183K(59392K), 0.0036220 secs] [Times: user=0.00 sys=0.00, real=0.01 secs] 
111.367: Total time for which application threads were stopped: 0.0037570 seconds, Stopping threads took: 0.0000660 seconds
111.412: Application time: 0.0446770 seconds
111.412: [GC111.412: [DefNew: 17113K->17113K(18432K), 0.0000110 secs]111.412: [Tenured: 35758K->25070K(40960K), 0.0108230 secs] 52872K->25070K(59392K), [Perm : 6081K->6081K(21248K)], 0.0108850 secs] [Times: user=0.01 sys=0.00, real=0.01 secs] 
111.423: Total time for which application threads were stopped: 0.0110690 seconds, Stopping threads took: 0.0001130 seconds
111.490: Application time: 0.0670360 seconds
111.490: [GC111.490: [DefNew: 15688K->1425K(18432K), 0.0035730 secs] 40758K->37183K(59392K), 0.0036130 secs] [Times: user=0.01 sys=0.00, real=0.01 secs] 
111.494: Total time for which application threads were stopped: 0.0037880 seconds, Stopping threads took: 0.0000890 seconds
111.538: Application time: 0.0445070 seconds
111.539: [GC111.539: [DefNew: 17122K->17122K(18432K), 0.0000100 secs]111.539: [Tenured: 35758K->24357K(40960K), 0.0100600 secs] 52881K->24357K(59392K), [Perm : 6081K->6081K(21248K)], 0.0101170 secs] [Times: user=0.01 sys=0.00, real=0.01 secs] 
111.549: Total time for which application threads were stopped: 0.0102490 seconds, Stopping threads took: 0.0000620 seconds
111.588: Application time: 0.0395450 seconds
111.588: [GC111.588: [DefNew: 15697K->1426K(18432K), 0.0035350 secs] 40054K->36472K(59392K), 0.0035750 secs] [Times: user=0.00 sys=0.00, real=0.00 secs] 
111.592: Total time for which application threads were stopped: 0.0037210 seconds, Stopping threads took: 0.0000690 seconds
111.653: Application time: 0.0606160 seconds
111.653: [GC111.653: [DefNew: 17114K->17114K(18432K), 0.0000100 secs]111.653: [Tenured: 35046K->25783K(40960K), 0.0093950 secs] 52161K->25783K(59392K), [Perm : 6081K->6081K(21248K)], 0.0094540 secs] [Times: user=0.01 sys=0.00, real=0.01 secs] 
111.662: Total time for which application threads were stopped: 0.0097320 seconds, Stopping threads took: 0.0001890 seconds
111.725: Application time: 0.0627850 seconds
111.725: [GC111.725: [DefNew: 15686K->15686K(18432K), 0.0000100 secs]111.725: [Tenured: 25783K->25783K(40960K), 0.0105740 secs] 41470K->25783K(59392K), [Perm : 6081K->6081K(21248K)], 0.0106340 secs] [Times: user=0.01 sys=0.00, real=0.02 secs] 
111.736: Total time for which application threads were stopped: 0.0108140 seconds, Stopping threads took: 0.0001100 seconds
111.766: Application time: 0.0300080 seconds
111.766: [GC111.766: [DefNew: 15688K->15688K(18432K), 0.0000100 secs]111.766: [Tenured: 25783K->25783K(40960K), 0.0089620 secs] 41472K->25783K(59392K), [Perm : 6081K->6081K(21248K)], 0.0090220 secs] [Times: user=0.01 sys=0.00, real=0.01 secs] 
111.775: Total time for which application threads were stopped: 0.0091590 seconds, Stopping threads took: 0.0000660 seconds
111.842: Application time: 0.0664780 seconds
111.842: [GC111.842: [DefNew: 15688K->15688K(18432K), 0.0000100 secs]111.842: [Tenured: 25783K->25783K(40960K), 0.0116840 secs] 41472K->25783K(59392K), [Perm : 6081K->6081K(21248K)], 0.0117450 secs] [Times: user=0.02 sys=0.00, real=0.02 secs] 
111.854: Total time for which application threads were stopped: 0.0119660 seconds, Stopping threads took: 0.0001300 seconds
111.912: Application time: 0.0586760 seconds
111.912: [GC111.912: [DefNew: 15688K->15688K(18432K), 0.0000110 secs]111.912: [Tenured: 25783K->25783K(40960K), 0.0096450 secs] 41471K->25783K(59392K), [Perm : 6081K->6081K(21248K)], 0.0097070 secs] [Times: user=0.01 sys=0.00, real=0.01 secs] 
111.922: Total time for which application threads were stopped: 0.0099270 seconds, Stopping threads took: 0.0001290 seconds
111.982: Application time: 0.0602660 seconds
111.983: [GC111.983: [DefNew: 15697K->15697K(18432K), 0.0000100 secs]111.983: [Tenured: 25783K->25784K(40960K), 0.0090320 secs] 41480K->25784K(59392K), [Perm : 6081K->6081K(21248K)], 0.0090890 secs] [Times: user=0.01 sys=0.00, real=0.01 secs] 
111.992: Total time for which application threads were stopped: 0.0092310 seconds, Stopping threads took: 0.0000720 seconds
112.022: Application time: 0.0301140 seconds
112.022: [GC112.022: [DefNew: 15688K->15688K(18432K), 0.0000090 secs]112.022: [Tenured: 25784K->26496K(40960K), 0.0099280 secs] 41472K->26496K(59392K), [Perm : 6081K->6081K(21248K)], 0.0099890 secs] [Times: user=0.01 sys=0.00, real=0.01 secs] 
112.032: Total time for which application threads were stopped: 0.0102100 seconds, Stopping threads took: 0.0001400 seconds
112.094: Application time: 0.0619620 seconds
112.094: [GC112.094: [DefNew: 15689K->15689K(18432K), 0.0000100 secs]112.094: [Tenured: 26496K->26495K(40960K), 0.0116290 secs] 42185K->26495K(59392K), [Perm : 6081K->6081K(21248K)], 0.0116910 secs] [Times: user=0.01 sys=0.00, real=0.01 secs] 
112.106: Total time for which application threads were stopped: 0.0120620 seconds, Stopping threads took: 0.0002660 seconds
112.168: Application time: 0.0618820 seconds
112.168: [GC112.168: [DefNew: 15703K->15703K(18432K), 0.0000090 secs]112.168: [Tenured: 26495K->26497K(40960K), 0.0088830 secs] 42199K->26497K(59392K), [Perm : 6081K->6081K(21248K)], 0.0089420 secs] [Times: user=0.01 sys=0.00, real=0.01 secs] 
112.177: Total time for which application threads were stopped: 0.0090710 seconds, Stopping threads took: 0.0000610 seconds
112.221: Application time: 0.0443030 seconds
112.221: [GC112.221: [DefNew: 15697K->15697K(18432K), 0.0000090 secs]112.221: [Tenured: 26497K->26498K(40960K), 0.0089880 secs] 42194K->26498K(59392K), [Perm : 6081K->6081K(21248K)], 0.0090490 secs] [Times: user=0.01 sys=0.00, real=0.01 secs] 
112.230: Total time for which application threads were stopped: 0.0091790 seconds, Stopping threads took: 0.0000600 seconds
112.277: Application time: 0.0467010 seconds
112.277: [GC112.277: [DefNew: 15689K->15689K(18432K), 0.0000100 secs]112.277: [Tenured: 26498K->29348K(40960K), 0.0099480 secs] 42187K->29348K(59392K), [Perm : 6081K->6081K(21248K)], 0.0100080 secs] [Times: user=0.01 sys=0.00, real=0.01 secs] 
112.287: Total time for which application threads were stopped: 0.0101860 seconds, Stopping threads took: 0.0001100 seconds
112.309: Application time: 0.0211300 seconds
112.309: [GC112.309: [DefNew: 15716K->15716K(18432K), 0.0000090 secs]112.309: [Tenured: 29348K->27920K(40960K), 0.0123130 secs] 45064K->27920K(59392K), [Perm : 6081K->6081K(21248K)], 0.0123740 secs] [Times: user=0.01 sys=0.00, real=0.01 secs] 
112.321: Total time for which application threads were stopped: 0.0125990 seconds, Stopping threads took: 0.0001330 seconds
112.329: Application time: 0.0081320 seconds
112.330: [GC112.330: [DefNew: 15679K->15679K(18432K), 0.0000090 secs]112.330: [Tenured: 27920K->26495K(40960K), 0.0078440 secs] 43600K->26495K(59392K), [Perm : 6081K->6081K(21248K)], 0.0079030 secs] [Times: user=0.00 sys=0.00, real=0.01 secs] 
112.338: Total time for which application threads were stopped: 0.0082920 seconds, Stopping threads took: 0.0003160 seconds
112.342: Application time: 0.0046040 seconds
112.342: [GC112.342: [DefNew: 15687K->15687K(18432K), 0.0000090 secs]112.342: [Tenured: 26495K->27208K(40960K), 0.0084950 secs] 42183K->27208K(59392K), [Perm : 6081K->6081K(21248K)], 0.0085520 secs] [Times: user=0.01 sys=0.00, real=0.01 secs] 
112.351: Total time for which application threads were stopped: 0.0087610 seconds, Stopping threads took: 0.0001300 seconds
112.355: Application time: 0.0040680 seconds
112.355: [GC112.355: [DefNew: 15686K->15686K(18432K), 0.0000100 secs]112.355: [Tenured: 27208K->30771K(40960K), 0.0075460 secs] 42894K->30771K(59392K), [Perm : 6081K->6081K(21248K)], 0.0076040 secs] [Times: user=0.01 sys=0.00, real=0.00 secs] 
112.363: Total time for which application threads were stopped: 0.0078020 seconds, Stopping threads took: 0.0001170 seconds
112.372: Application time: 0.0087360 seconds
112.372: [GC112.372: [DefNew: 15686K->15686K(18432K), 0.0000090 secs]112.372: [Tenured: 30771K->27920K(40960K), 0.0094440 secs] 46458K->27920K(59392K), [Perm : 6081K->6081K(21248K)], 0.0095010 secs] [Times: user=0.01 sys=0.00, real=0.01 secs] 
112.381: Total time for which application threads were stopped: 0.0096570 seconds, Stopping threads took: 0.0000850 seconds
112.387: Application time: 0.0060470 seconds
112.388: [GC112.388: [DefNew: 15681K->15681K(18432K), 0.0000100 secs]112.388: [Tenured: 27920K->27208K(40960K), 0.0092410 secs] 43602K->27208K(59392K), [Perm : 6081K->6081K(21248K)], 0.0093050 secs] [Times: user=0.01 sys=0.00, real=0.01 secs] 
112.397: Total time for which application threads were stopped: 0.0101310 seconds, Stopping threads took: 0.0007310 seconds
112.403: Application time: 0.0052220 seconds
112.403: [GC112.403: [DefNew: 15687K->15687K(18432K), 0.0000090 secs]112.403: [Tenured: 27208K->29347K(40960K), 0.0069640 secs] 42895K->29347K(59392K), [Perm : 6081K->6081K(21248K)], 0.0070210 secs] [Times: user=0.00 sys=0.00, real=0.01 secs] 
112.410: Total time for which application threads were stopped: 0.0072120 seconds, Stopping threads took: 0.0001020 seconds
112.413: Application time: 0.0036530 seconds
112.414: [GC112.414: [DefNew: 15679K->15679K(18432K), 0.0000090 secs]112.414: [Tenured: 29347K->30772K(40960K), 0.0060120 secs] 45026K->30772K(59392K), [Perm : 6081K->6081K(21248K)], 0.0060700 secs] [Times: user=0.00 sys=0.00, real=0.00 secs] 
112.420: Total time for which application threads were stopped: 0.0062140 seconds, Stopping threads took: 0.0000750 seconds
112.427: Application time: 0.0068670 seconds
112.427: [GC112.427: [DefNew: 15688K->15688K(18432K), 0.0000100 secs]112.427: [Tenured: 30772K->27208K(40960K), 0.0102290 secs] 46460K->27208K(59392K), [Perm : 6081K->6081K(21248K)], 0.0102900 secs] [Times: user=0.01 sys=0.00, real=0.01 secs] 
112.437: Total time for which application threads were stopped: 0.0105910 seconds, Stopping threads took: 0.0002090 seconds
112.496: Application time: 0.0586590 seconds
112.496: [GC112.496: [DefNew: 15688K->15688K(18432K), 0.0000110 secs]112.496: [Tenured: 27208K->27920K(40960K), 0.0098730 secs] 42896K->27920K(59392K), [Perm : 6081K->6081K(21248K)], 0.0099330 secs] [Times: user=0.01 sys=0.00, real=0.01 secs] 
112.506: Total time for which application threads were stopped: 0.0100710 seconds, Stopping threads took: 0.0000680 seconds
112.556: Application time: 0.0499180 seconds
112.556: [GC112.556: [DefNew: 15690K->15690K(18432K), 0.0000100 secs]112.556: [Tenured: 27920K->28633K(40960K), 0.0091180 secs] 43610K->28633K(59392K), [Perm : 6081K->6081K(21248K)], 0.0091770 secs] [Times: user=0.01 sys=0.00, real=0.00 secs] 
112.565: Total time for which application threads were stopped: 0.0093110 seconds, Stopping threads took: 0.0000640 seconds
112.608: Application time: 0.0433560 seconds
112.609: [GC112.609: [DefNew: 15688K->15688K(18432K), 0.0000090 secs]112.609: [Tenured: 28633K->28633K(40960K), 0.0088810 secs] 44321K->28633K(59392K), [Perm : 6081K->6081K(21248K)], 0.0089340 secs] [Times: user=0.01 sys=0.00, real=0.01 secs] 
112.618: Total time for which application threads were stopped: 0.0090720 seconds, Stopping threads took: 0.0000610 seconds
112.641: Application time: 0.0235710 seconds
112.641: [GC112.641: [DefNew: 15714K->15714K(18432K), 0.0000100 secs]112.641: [Tenured: 28633K->27920K(40960K), 0.0113400 secs] 44347K->27920K(59392K), [Perm : 6081K->6081K(21248K)], 0.0114030 secs] [Times: user=0.01 sys=0.00, real=0.01 secs] 
112.653: Total time for which application threads were stopped: 0.0116360 seconds, Stopping threads took: 0.0001510 seconds
112.660: Application time: 0.0075800 seconds
112.660: [GC112.661: [DefNew: 15679K->15679K(18432K), 0.0000110 secs]112.661: [Tenured: 27920K->27920K(40960K), 0.0102840 secs] 43600K->27920K(59392K), [Perm : 6081K->6081K(21248K)], 0.0103570 secs] [Times: user=0.01 sys=0.00, real=0.01 secs] 
112.671: Total time for which application threads were stopped: 0.0105610 seconds, Stopping threads took: 0.0001310 seconds
112.676: Application time: 0.0052270 seconds
112.676: [GC112.676: [DefNew: 15683K->15683K(18432K), 0.0000100 secs]112.676: [Tenured: 27920K->29346K(40960K), 0.0066700 secs] 43604K->29346K(59392K), [Perm : 6081K->6081K(21248K)], 0.0067240 secs] [Times: user=0.00 sys=0.00, real=0.00 secs] 
112.683: Total time for which application threads were stopped: 0.0069820 seconds, Stopping threads took: 0.0001820 seconds
112.688: Application time: 0.0052340 seconds
112.689: [GC112.689: [DefNew: 15679K->15679K(18432K), 0.0000090 secs]112.689: [Tenured: 29346K->26494K(40960K), 0.0091290 secs] 45025K->26494K(59392K), [Perm : 6081K->6081K(21248K)], 0.0091900 secs] [Times: user=0.01 sys=0.00, real=0.01 secs] 
112.698: Total time for which application threads were stopped: 0.0093850 seconds, Stopping threads took: 0.0001250 seconds
112.705: Application time: 0.0074630 seconds
112.705: [GC112.705: [DefNew: 15686K->15686K(18432K), 0.0000090 secs]112.705: [Tenured: 26494K->28633K(40960K), 0.0066750 secs] 42181K->28633K(59392K), [Perm : 6081K->6081K(21248K)], 0.0067330 secs] [Times: user=0.01 sys=0.00, real=0.01 secs] 
112.712: Total time for which application threads were stopped: 0.0068860 seconds, Stopping threads took: 0.0000770 seconds
112.719: Application time: 0.0065470 seconds
112.719: [GC112.719: [DefNew: 15681K->15681K(18432K), 0.0000100 secs]112.719: [Tenured: 28633K->27920K(40960K), 0.0093710 secs] 44314K->27920K(59392K), [Perm : 6081K->6081K(21248K)], 0.0094310 secs] [Times: user=0.01 sys=0.00, real=0.01 secs] 
112.728: Total time for which application threads were stopped: 0.0095960 seconds, Stopping threads took: 0.0000920 seconds
112.733: Application time: 0.0050080 seconds
112.734: [GC112.734: [DefNew: 15687K->15687K(18432K), 0.0000090 secs]112.734: [Tenured: 27920K->30059K(40960K), 0.0062050 secs] 43607K->30059K(59392K), [Perm : 6081K->6081K(21248K)], 0.0062630 secs] [Times: user=0.01 sys=0.00, real=0.00 secs] 
112.740: Total time for which application threads were stopped: 0.0065910 seconds, Stopping threads took: 0.0002470 seconds
112.744: Application time: 0.0040530 seconds
112.744: [GC112.744: [DefNew: 15679K->15679K(18432K), 0.0000100 secs]112.744: [Tenured: 30059K->29346K(40960K), 0.0073400 secs] 45738K->29346K(59392K), [Perm : 6081K->6081K(21248K)], 0.0073930 secs] [Times: user=0.01 sys=0.00, real=0.01 secs] 
112.751: Total time for which application threads were stopped: 0.0075890 seconds, Stopping threads took: 0.0001290 seconds
112.758: Application time: 0.0060850 seconds
112.758: [GC112.758: [DefNew: 16183K->16183K(18432K), 0.0000110 secs]112.758: [Tenured: 29346K->23651K(40960K), 0.0111590 secs] 45530K->23651K(59392K), [Perm : 6081K->6081K(21248K)], 0.0112170 secs] [Times: user=0.01 sys=0.00, real=0.01 secs] 
112.769: Total time for which application threads were stopped: 0.0114200 seconds, Stopping threads took: 0.0001120 seconds
112.782: Application time: 0.0134090 seconds
112.783: [GC112.783: [DefNew: 15935K->1426K(18432K), 0.0018800 secs] 39587K->29353K(59392K), 0.0019150 secs] [Times: user=0.01 sys=0.00, real=0.00 secs] 
112.784: Total time for which application threads were stopped: 0.0021050 seconds, Stopping threads took: 0.0001160 seconds
112.793: Application time: 0.0082270 seconds
112.793: [GC112.793: [DefNew: 17109K->17109K(18432K), 0.0000100 secs]112.793: [Tenured: 27927K->26495K(40960K), 0.0086310 secs] 45036K->26495K(59392K), [Perm : 6081K->6081K(21248K)], 0.0086840 secs] [Times: user=0.01 sys=0.00, real=0.01 secs] 
112.802: Total time for which application threads were stopped: 0.0090020 seconds, Stopping threads took: 0.0002440 seconds
112.806: Application time: 0.0039830 seconds
112.806: [GC112.806: [DefNew: 15677K->15677K(18432K), 0.0000090 secs]112.806: [Tenured: 26495K->27920K(40960K), 0.0067790 secs] 42172K->27920K(59392K), [Perm : 6081K->6081K(21248K)], 0.0068370 secs] [Times: user=0.01 sys=0.00, real=0.00 secs] 
112.813: Total time for which application threads were stopped: 0.0070310 seconds, Stopping threads took: 0.0000970 seconds
112.820: Application time: 0.0069390 seconds
112.820: [GC112.820: [DefNew: 15685K->15685K(18432K), 0.0000100 secs]112.820: [Tenured: 27920K->26495K(40960K), 0.0065110 secs] 43605K->26495K(59392K), [Perm : 6081K->6081K(21248K)], 0.0065610 secs] [Times: user=0.00 sys=0.00, real=0.01 secs] 
112.826: Total time for which application threads were stopped: 0.0067000 seconds, Stopping threads took: 0.0000710 seconds
112.831: Application time: 0.0048420 seconds
112.831: [GC112.831: [DefNew: 15682K->15682K(18432K), 0.0000090 secs]112.831: [Tenured: 26495K->27207K(40960K), 0.0091190 secs] 42177K->27207K(59392K), [Perm : 6081K->6081K(21248K)], 0.0091790 secs] [Times: user=0.01 sys=0.00, real=0.01 secs] 
112.841: Total time for which application threads were stopped: 0.0093320 seconds, Stopping threads took: 0.0000820 seconds
112.848: Application time: 0.0076660 seconds
112.848: [GC112.848: [DefNew: 15680K->15680K(18432K), 0.0000100 secs]112.848: [Tenured: 27207K->27920K(40960K), 0.0059910 secs] 42887K->27920K(59392K), [Perm : 6081K->6081K(21248K)], 0.0060480 secs] [Times: user=0.01 sys=0.00, real=0.01 secs] 
112.854: Total time for which application threads were stopped: 0.0062070 seconds, Stopping threads took: 0.0000890 seconds
112.859: Application time: 0.0042490 seconds
112.859: [GC112.859: [DefNew: 15687K->15687K(18432K), 0.0000090 secs]112.859: [Tenured: 27920K->27921K(40960K), 0.0070010 secs] 43607K->27921K(59392K), [Perm : 6081K->6081K(21248K)], 0.0070600 secs] [Times: user=0.01 sys=0.00, real=0.01 secs] 
112.866: Total time for which application threads were stopped: 0.0073330 seconds, Stopping threads took: 0.0001860 seconds
112.870: Application time: 0.0038650 seconds
112.870: [GC112.870: [DefNew: 15678K->15678K(18432K), 0.0000100 secs]112.870: [Tenured: 27921K->28634K(40960K), 0.0064100 secs] 43600K->28634K(59392K), [Perm : 6081K->6081K(21248K)], 0.0064600 secs] [Times: user=0.01 sys=0.00, real=0.01 secs] 
112.876: Total time for which application threads were stopped: 0.0065970 seconds, Stopping threads took: 0.0000690 seconds
112.899: Application time: 0.0222950 seconds
112.899: [GC112.899: [DefNew: 15692K->15692K(18432K), 0.0000100 secs]112.899: [Tenured: 28634K->26495K(40960K), 0.0097520 secs] 44326K->26495K(59392K), [Perm : 6081K->6081K(21248K)], 0.0098100 secs] [Times: user=0.00 sys=0.00, real=0.01 secs] 
112.909: Total time for which application threads were stopped: 0.0099580 seconds, Stopping threads took: 0.0000760 seconds
112.966: Application time: 0.0577030 seconds
112.967: [GC112.967: [DefNew: 15688K->15688K(18432K), 0.0000100 secs]112.967: [Tenured: 26495K->27920K(40960K), 0.0092390 secs] 42183K->27920K(59392K), [Perm : 6081K->6081K(21248K)], 0.0092970 secs] [Times: user=0.01 sys=0.00, real=0.01 secs] 
112.976: Total time for which application threads were stopped: 0.0094620 seconds, Stopping threads took: 0.0000840 seconds
113.029: Application time: 0.0535040 seconds
113.030: [GC113.030: [DefNew: 15687K->15687K(18432K), 0.0000100 secs]113.030: [Tenured: 27920K->27920K(40960K), 0.0097690 secs] 43608K->27920K(59392K), [Perm : 6081K->6081K(21248K)], 0.0098290 secs] [Times: user=0.01 sys=0.00, real=0.01 secs] 
113.039: Total time for which application threads were stopped: 0.0099600 seconds, Stopping threads took: 0.0000610 seconds
113.111: Application time: 0.0712970 seconds
113.111: [GC113.111: [DefNew: 15687K->15687K(18432K), 0.0000090 secs]113.111: [Tenured: 27920K->27207K(40960K), 0.0104950 secs] 43607K->27207K(59392K), [Perm : 6081K->6081K(21248K)], 0.0105540 secs] [Times: user=0.01 sys=0.00, real=0.01 secs] 
113.122: Total time for which application threads were stopped: 0.0108270 seconds, Stopping threads took: 0.0001930 seconds
113.162: Application time: 0.0402620 seconds
113.162: [GC113.162: [DefNew: 15689K->15689K(18432K), 0.0000090 secs]113.162: [Tenured: 27207K->27207K(40960K), 0.0095480 secs] 42897K->27207K(59392K), [Perm : 6081K->6081K(21248K)], 0.0096080 secs] [Times: user=0.01 sys=0.00, real=0.01 secs] 
113.172: Total time for which application threads were stopped: 0.0097510 seconds, Stopping threads took: 0.0000620 seconds
113.192: Application time: 0.0203900 seconds
113.192: [GC113.192: [DefNew: 15713K->15713K(18432K), 0.0000100 secs]113.192: [Tenured: 27207K->27949K(40960K), 0.0095430 secs] 42921K->27949K(59392K), [Perm : 6081K->6081K(21248K)], 0.0096110 secs] [Times: user=0.01 sys=0.00, real=0.01 secs] 
113.202: Total time for which application threads were stopped: 0.0097700 seconds, Stopping threads took: 0.0000780 seconds
113.210: Application time: 0.0083690 seconds
113.210: [GC113.210: [DefNew: 15683K->15683K(18432K), 0.0000100 secs]113.210: [Tenured: 27949K->28662K(40960K), 0.0060880 secs] 43632K->28662K(59392K), [Perm : 6081K->6081K(21248K)], 0.0061450 secs] [Times: user=0.00 sys=0.00, real=0.01 secs] 
113.216: Total time for which application threads were stopped: 0.0062910 seconds, Stopping threads took: 0.0000750 seconds
113.220: Application time: 0.0040110 seconds
113.221: [GC113.221: [DefNew: 15677K->15677K(18432K), 0.0000090 secs]113.221: [Tenured: 28662K->28662K(40960K), 0.0058670 secs] 44340K->28662K(59392K), [Perm : 6081K->6081K(21248K)], 0.0059200 secs] [Times: user=0.00 sys=0.00, real=0.01 secs] 
113.226: Total time for which application threads were stopped: 0.0061000 seconds, Stopping threads took: 0.0001020 seconds
113.232: Application time: 0.0052750 seconds
113.232: [GC113.232: [DefNew: 15689K->15689K(18432K), 0.0000100 secs]113.232: [Tenured: 28662K->25782K(40960K), 0.0114310 secs] 44352K->25782K(59392K), [Perm : 6081K->6081K(21248K)], 0.0115010 secs] [Times: user=0.01 sys=0.00, real=0.01 secs] 
113.243: Total time for which application threads were stopped: 0.0116910 seconds, Stopping threads took: 0.0001170 seconds
113.251: Application time: 0.0078160 seconds
113.251: [GC113.251: [DefNew: 15678K->15678K(18432K), 0.0000090 secs]113.251: [Tenured: 25782K->26494K(40960K), 0.0057800 secs] 41460K->26494K(59392K), [Perm : 6081K->6081K(21248K)], 0.0058370 secs] [Times: user=0.00 sys=0.00, real=0.01 secs] 
113.257: Total time for which application threads were stopped: 0.0059840 seconds, Stopping threads took: 0.0000760 seconds
113.264: Application time: 0.0065820 seconds
113.264: [GC113.264: [DefNew: 15680K->15680K(18432K), 0.0000100 secs]113.264: [Tenured: 26494K->27207K(40960K), 0.0059700 secs] 42175K->27207K(59392K), [Perm : 6081K->6081K(21248K)], 0.0060220 secs] [Times: user=0.01 sys=0.00, real=0.01 secs] 
113.270: Total time for which application threads were stopped: 0.0061820 seconds, Stopping threads took: 0.0000920 seconds
113.274: Application time: 0.0042880 seconds
113.274: [GC113.274: [DefNew: 15688K->15688K(18432K), 0.0000100 secs]113.274: [Tenured: 27207K->27207K(40960K), 0.0088790 secs] 42896K->27207K(59392K), [Perm : 6081K->6081K(21248K)], 0.0089380 secs] [Times: user=0.01 sys=0.00, real=0.00 secs] 
113.283: Total time for which application threads were stopped: 0.0090850 seconds, Stopping threads took: 0.0000700 seconds
113.287: Application time: 0.0037010 seconds
113.287: [GC113.287: [DefNew: 15681K->15681K(18432K), 0.0000100 secs]113.287: [Tenured: 27207K->27920K(40960K), 0.0091350 secs] 42888K->27920K(59392K), [Perm : 6081K->6081K(21248K)], 0.0091960 secs] [Times: user=0.01 sys=0.00, real=0.01 secs] 
113.296: Total time for which application threads were stopped: 0.0093760 seconds, Stopping threads took: 0.0001060 seconds
113.309: Application time: 0.0121080 seconds
113.309: [GC113.309: [DefNew: 15690K->15690K(18432K), 0.0000090 secs]113.309: [Tenured: 27920K->25782K(40960K), 0.0095720 secs] 43610K->25782K(59392K), [Perm : 6081K->6081K(21248K)], 0.0096310 secs] [Times: user=0.01 sys=0.00, real=0.01 secs] 
113.318: Total time for which application threads were stopped: 0.0098110 seconds, Stopping threads took: 0.0001090 seconds
113.385: Application time: 0.0665200 seconds
113.385: [GC113.385: [DefNew: 15689K->15689K(18432K), 0.0000100 secs]113.385: [Tenured: 25782K->26494K(40960K), 0.0098850 secs] 41471K->26494K(59392K), [Perm : 6081K->6081K(21248K)], 0.0099530 secs] [Times: user=0.01 sys=0.00, real=0.02 secs] 
113.395: Total time for which application threads were stopped: 0.0100930 seconds, Stopping threads took: 0.0000710 seconds
113.452: Application time: 0.0571920 seconds
113.452: [GC113.452: [DefNew: 15720K->15720K(18432K), 0.0000100 secs]113.452: [Tenured: 26494K->27236K(40960K), 0.0102010 secs] 42214K->27236K(59392K), [Perm : 6081K->6081K(21248K)], 0.0102580 secs] [Times: user=0.01 sys=0.00, real=0.01 secs] 
113.463: Total time for which application threads were stopped: 0.0104690 seconds, Stopping threads took: 0.0001230 seconds
113.470: Application time: 0.0075700 seconds
113.470: [GC113.470: [DefNew: 15679K->15679K(18432K), 0.0000100 secs]113.470: [Tenured: 27236K->25781K(40960K), 0.0117500 secs] 42915K->25781K(59392K), [Perm : 6081K->6081K(21248K)], 0.0118130 secs] [Times: user=0.01 sys=0.00, real=0.01 secs] 
113.482: Total time for which application threads were stopped: 0.0120490 seconds, Stopping threads took: 0.0001440 seconds
113.490: Application time: 0.0076310 seconds
113.490: [GC113.490: [DefNew: 16230K->16230K(18432K), 0.0000100 secs]113.490: [Tenured: 25781K->24394K(40960K), 0.0090230 secs] 42012K->24394K(59392K), [Perm : 6081K->6081K(21248K)], 0.0090830 secs] [Times: user=0.01 sys=0.00, real=0.01 secs] 
113.499: Total time for which application threads were stopped: 0.0092790 seconds, Stopping threads took: 0.0001230 seconds
113.503: Application time: 0.0041100 seconds
113.504: [GC113.504: [DefNew: 15832K->1432K(18432K), 0.0012090 secs] 40227K->27965K(59392K), 0.0012420 secs] [Times: user=0.00 sys=0.00, real=0.00 secs] 
113.505: Total time for which application threads were stopped: 0.0017060 seconds, Stopping threads took: 0.0003900 seconds
113.510: Application time: 0.0045530 seconds
113.510: [GC113.510: [DefNew: 17166K->17166K(18432K), 0.0000100 secs]113.510: [Tenured: 26532K->24385K(40960K), 0.0094390 secs] 43698K->24385K(59392K), [Perm : 6081K->6081K(21248K)], 0.0095000 secs] [Times: user=0.01 sys=0.00, real=0.01 secs] 
113.519: Total time for which application threads were stopped: 0.0098300 seconds, Stopping threads took: 0.0002460 seconds
113.525: Application time: 0.0051330 seconds
113.525: [GC113.525: [DefNew: 16180K->1462K(18432K), 0.0008240 secs] 40565K->26560K(59392K), 0.0008550 secs] [Times: user=0.00 sys=0.00, real=0.00 secs] 
113.526: Total time for which application threads were stopped: 0.0017670 seconds, Stopping threads took: 0.0008440 seconds
113.531: Application time: 0.0048440 seconds
113.532: [GC113.532: [DefNew: 17303K->1429K(18432K), 0.0013460 secs] 42401K->29407K(59392K), 0.0013800 secs] [Times: user=0.00 sys=0.00, real=0.00 secs] 
113.533: Total time for which application threads were stopped: 0.0017390 seconds, Stopping threads took: 0.0002950 seconds
113.537: Application time: 0.0042290 seconds
113.538: [GC113.538: [DefNew: 17206K->17206K(18432K), 0.0000090 secs]113.538: [Tenured: 27977K->23701K(40960K), 0.0095140 secs] 45184K->23701K(59392K), [Perm : 6081K->6081K(21248K)], 0.0095780 secs] [Times: user=0.01 sys=0.00, real=0.01 secs] 
113.547: Total time for which application threads were stopped: 0.0102110 seconds, Stopping threads took: 0.0005500 seconds
113.551: Application time: 0.0038820 seconds
113.551: [GC113.551: [DefNew: 15688K->1426K(18432K), 0.0016040 secs] 39389K->27977K(59392K), 0.0016380 secs] [Times: user=0.00 sys=0.00, real=0.00 secs] 
113.553: Total time for which application threads were stopped: 0.0018370 seconds, Stopping threads took: 0.0001340 seconds
113.556: Application time: 0.0033910 seconds
113.557: [GC113.557: [DefNew: 17108K->1425K(18432K), 0.0009700 secs] 43660K->29402K(59392K), 0.0010010 secs] [Times: user=0.00 sys=0.00, real=0.00 secs] 
113.558: Total time for which application threads were stopped: 0.0018660 seconds, Stopping threads took: 0.0008040 seconds
113.562: Application time: 0.0035300 seconds
113.562: [GC113.562: [DefNew: 17114K->1426K(18432K), 0.0012040 secs] 45091K->31541K(59392K), 0.0012350 secs] [Times: user=0.00 sys=0.00, real=0.00 secs] 
113.563: Total time for which application threads were stopped: 0.0014770 seconds, Stopping threads took: 0.0001540 seconds
113.567: Application time: 0.0037390 seconds
113.568: [GC113.568: [DefNew: 17108K->17108K(18432K), 0.0000100 secs]113.568: [Tenured: 30115K->22931K(40960K), 0.0095470 secs] 47224K->22931K(59392K), [Perm : 6081K->6081K(21248K)], 0.0096050 secs] [Times: user=0.01 sys=0.00, real=0.01 secs] 
113.577: Total time for which application threads were stopped: 0.0102720 seconds, Stopping threads took: 0.0005840 seconds
113.581: Application time: 0.0036280 seconds
113.581: [GC113.581: [DefNew: 15689K->1426K(18432K), 0.0008920 secs] 38620K->25782K(59392K), 0.0009290 secs] [Times: user=0.00 sys=0.00, real=0.00 secs] 
113.582: Total time for which application threads were stopped: 0.0013470 seconds, Stopping threads took: 0.0003580 seconds
113.586: Application time: 0.0035340 seconds
113.587: [GC113.587: [DefNew: 17108K->1425K(18432K), 0.0007070 secs] 41464K->26495K(59392K), 0.0007360 secs] [Times: user=0.01 sys=0.00, real=0.00 secs] 
113.588: Total time for which application threads were stopped: 0.0017370 seconds, Stopping threads took: 0.0009240 seconds
113.592: Application time: 0.0039220 seconds
113.592: [GC113.592: [DefNew: 17115K->1425K(18432K), 0.0016330 secs] 42185K->30058K(59392K), 0.0016710 secs] [Times: user=0.00 sys=0.00, real=0.01 secs] 
113.593: Total time for which application threads were stopped: 0.0019120 seconds, Stopping threads took: 0.0001770 seconds
113.597: Application time: 0.0032390 seconds
113.597: [GC113.597: [DefNew: 17107K->1425K(18432K), 0.0014100 secs] 45740K->32908K(59392K), 0.0014440 secs] [Times: user=0.01 sys=0.00, real=0.00 secs] 
113.598: Total time for which application threads were stopped: 0.0015680 seconds, Stopping threads took: 0.0000570 seconds
113.602: Application time: 0.0036320 seconds
113.602: [GC113.602: [DefNew: 17115K->17115K(18432K), 0.0000100 secs]113.602: [Tenured: 31483K->22219K(40960K), 0.0094440 secs] 48599K->22219K(59392K), [Perm : 6081K->6081K(21248K)], 0.0095010 secs] [Times: user=0.01 sys=0.00, real=0.01 secs] 
113.612: Total time for which application threads were stopped: 0.0098600 seconds, Stopping threads took: 0.0002690 seconds
113.618: Application time: 0.0059970 seconds
113.618: [GC113.618: [DefNew: 15691K->1426K(18432K), 0.0021230 secs] 37911K->28633K(59392K), 0.0021610 secs] [Times: user=0.00 sys=0.00, real=0.00 secs] 
113.620: Total time for which application threads were stopped: 0.0023740 seconds, Stopping threads took: 0.0001360 seconds
113.624: Application time: 0.0043180 seconds
113.625: [GC113.625: [DefNew: 17107K->1425K(18432K), 0.0013440 secs] 44314K->30771K(59392K), 0.0013770 secs] [Times: user=0.01 sys=0.00, real=0.01 secs] 
113.626: Total time for which application threads were stopped: 0.0016650 seconds, Stopping threads took: 0.0002260 seconds
113.630: Application time: 0.0039960 seconds
113.631: [GC113.631: [DefNew: 17113K->1426K(18432K), 0.0007310 secs] 46459K->31485K(59392K), 0.0007600 secs] [Times: user=0.00 sys=0.00, real=0.00 secs] 
113.632: Total time for which application threads were stopped: 0.0016270 seconds, Stopping threads took: 0.0007890 seconds
113.635: Application time: 0.0034430 seconds
113.636: [GC113.636: [DefNew: 17110K->1425K(18432K), 0.0012270 secs] 47169K->33622K(59392K), 0.0012600 secs] [Times: user=0.00 sys=0.00, real=0.00 secs] 
113.637: Total time for which application threads were stopped: 0.0018010 seconds, Stopping threads took: 0.0004670 seconds
113.640: Application time: 0.0033660 seconds
113.641: [GC113.641: [DefNew: 17108K->1425K(18432K), 0.0014190 secs] 49306K->36472K(59392K), 0.0014550 secs] [Times: user=0.00 sys=0.00, real=0.00 secs] 
113.643: Total time for which application threads were stopped: 0.0022090 seconds, Stopping threads took: 0.0006700 seconds
113.646: Application time: 0.0033080 seconds
113.646: [GC113.646: [DefNew: 17112K->17112K(18432K), 0.0000100 secs]113.646: [Tenured: 35047K->23644K(40960K), 0.0101860 secs] 52160K->23644K(59392K), [Perm : 6081K->6081K(21248K)], 0.0102450 secs] [Times: user=0.01 sys=0.00, real=0.01 secs] 
113.657: Total time for which application threads were stopped: 0.0106960 seconds, Stopping threads took: 0.0003710 seconds
113.660: Application time: 0.0032190 seconds
113.660: [GC113.660: [DefNew: 15681K->1425K(18432K), 0.0005530 secs] 39326K->25070K(59392K), 0.0005810 secs] [Times: user=0.00 sys=0.00, real=0.00 secs] 
113.661: Total time for which application threads were stopped: 0.0011890 seconds, Stopping threads took: 0.0005310 seconds
113.665: Application time: 0.0036960 seconds
113.665: [GC113.665: [DefNew: 17114K->1426K(18432K), 0.0010970 secs] 40759K->26496K(59392K), 0.0011280 secs] [Times: user=0.00 sys=0.00, real=0.01 secs] 
113.666: Total time for which application threads were stopped: 0.0012720 seconds, Stopping threads took: 0.0000810 seconds
113.703: Application time: 0.0370170 seconds
113.703: [GC113.703: [DefNew: 17620K->1463K(18432K), 0.0015980 secs] 42690K->30097K(59392K), 0.0016300 secs] [Times: user=0.00 sys=0.00, real=0.00 secs] 
113.705: Total time for which application threads were stopped: 0.0017480 seconds, Stopping threads took: 0.0000560 seconds
113.718: Application time: 0.0129390 seconds
113.718: [GC113.718: [DefNew: 17389K->1425K(18432K), 0.0024210 secs] 46022K->35788K(59392K), 0.0024620 secs] [Times: user=0.01 sys=0.00, real=0.00 secs] 
113.720: Total time for which application threads were stopped: 0.0026000 seconds, Stopping threads took: 0.0000650 seconds
113.728: Application time: 0.0081320 seconds
113.729: [GC113.729: [DefNew: 17109K->17109K(18432K), 0.0000100 secs]113.729: [Tenured: 34362K->24386K(40960K), 0.0095170 secs] 51472K->24386K(59392K), [Perm : 6081K->6081K(21248K)], 0.0095750 secs] [Times: user=0.01 sys=0.00, real=0.01 secs] 
113.738: Total time for which application threads were stopped: 0.0097360 seconds, Stopping threads took: 0.0000920 seconds
113.742: Application time: 0.0040310 seconds
113.742: [GC113.742: [DefNew: 15687K->1425K(18432K), 0.0015770 secs] 40073K->29374K(59392K), 0.0016080 secs] [Times: user=0.01 sys=0.00, real=0.00 secs] 
113.744: Total time for which application threads were stopped: 0.0017480 seconds, Stopping threads took: 0.0000780 seconds
113.750: Application time: 0.0064750 seconds
113.751: [GC113.751: [DefNew: 17111K->1426K(18432K), 0.0006960 secs] 45060K->30088K(59392K), 0.0007220 secs] [Times: user=0.00 sys=0.00, real=0.00 secs] 
113.751: Total time for which application threads were stopped: 0.0008450 seconds, Stopping threads took: 0.0000670 seconds
113.757: Application time: 0.0058050 seconds
113.757: [GC113.757: [DefNew: 17106K->1425K(18432K), 0.0014180 secs] 45768K->32938K(59392K), 0.0014510 secs] [Times: user=0.00 sys=0.00, real=0.00 secs] 
113.759: Total time for which application threads were stopped: 0.0016270 seconds, Stopping threads took: 0.0001130 seconds
113.767: Application time: 0.0080280 seconds
113.767: [GC113.767: [DefNew: 17108K->1425K(18432K), 0.0019740 secs] 48621K->37213K(59392K), 0.0020090 secs] [Times: user=0.00 sys=0.00, real=0.00 secs] 
113.769: Total time for which application threads were stopped: 0.0021500 seconds, Stopping threads took: 0.0000760 seconds
113.775: Application time: 0.0056230 seconds
113.775: [GC113.775: [DefNew: 17112K->17112K(18432K), 0.0000090 secs]113.775: [Tenured: 35788K->24357K(40960K), 0.0103380 secs] 52900K->24357K(59392K), [Perm : 6081K->6081K(21248K)], 0.0103980 secs] [Times: user=0.01 sys=0.00, real=0.00 secs] 
113.785: Total time for which application threads were stopped: 0.0105410 seconds, Stopping threads took: 0.0000690 seconds
113.789: Application time: 0.0034980 seconds
113.789: [GC113.789: [DefNew: 15679K->1425K(18432K), 0.0005360 secs] 40036K->25782K(59392K), 0.0005620 secs] [Times: user=0.00 sys=0.00, real=0.00 secs] 
113.789: Total time for which application threads were stopped: 0.0006990 seconds, Stopping threads took: 0.0000790 seconds
113.814: Application time: 0.0251120 seconds
113.815: [GC113.815: [DefNew: 17115K->1426K(18432K), 0.0013460 secs] 41472K->29345K(59392K), 0.0013800 secs] [Times: user=0.00 sys=0.00, real=0.00 secs] 
113.816: Total time for which application threads were stopped: 0.0015860 seconds, Stopping threads took: 0.0001250 seconds
113.885: Application time: 0.0694390 seconds
113.886: [GC113.886: [DefNew (promotion failed) : 17117K->17116K(18432K), 0.0040690 secs]113.890: [Tenured: 40745K->25069K(40960K), 0.0091840 secs] 45037K->25069K(59392K), [Perm : 6081K->6081K(21248K)], 0.0133160 secs] [Times: user=0.01 sys=0.00, real=0.01 secs] 
113.899: Total time for which application threads were stopped: 0.0136010 seconds, Stopping threads took: 0.0001980 seconds
113.970: Application time: 0.0712310 seconds
113.970: [GC113.970: [DefNew: 15691K->1425K(18432K), 0.0042580 secs] 40760K->40032K(59392K), 0.0042970 secs] [Times: user=0.01 sys=0.00, real=0.01 secs] 
113.975: Total time for which application threads were stopped: 0.0044570 seconds, Stopping threads took: 0.0000820 seconds
114.031: Application time: 0.0561880 seconds
114.031: [GC114.031: [DefNew: 17122K->17122K(18432K), 0.0000090 secs]114.031: [Tenured: 38607K->25070K(40960K), 0.0092320 secs] 55730K->25070K(59392K), [Perm : 6081K->6081K(21248K)], 0.0092930 secs] [Times: user=0.01 sys=0.00, real=0.01 secs] 
114.040: Total time for which application threads were stopped: 0.0095470 seconds, Stopping threads took: 0.0001660 seconds
114.109: Application time: 0.0683740 seconds
114.109: [GC114.109: [DefNew: 15697K->1425K(18432K), 0.0045240 secs] 40768K->40746K(59392K), 0.0045650 secs] [Times: user=0.01 sys=0.00, real=0.01 secs] 
114.114: Total time for which application threads were stopped: 0.0046980 seconds, Stopping threads took: 0.0000660 seconds
114.187: Application time: 0.0737750 seconds
114.187: [GC114.187: [DefNew: 17117K->17117K(18432K), 0.0000090 secs]114.187: [Tenured: 39320K->26496K(40960K), 0.0092880 secs] 56438K->26496K(59392K), [Perm : 6081K->6081K(21248K)], 0.0093470 secs] [Times: user=0.01 sys=0.00, real=0.01 secs] 
114.197: Total time for which application threads were stopped: 0.0094830 seconds, Stopping threads took: 0.0000600 seconds
114.265: Application time: 0.0680170 seconds
114.265: [GC114.265: [DefNew: 15691K->15691K(18432K), 0.0000090 secs]114.265: [Tenured: 26496K->25781K(40960K), 0.0106890 secs] 42187K->25781K(59392K), [Perm : 6081K->6081K(21248K)], 0.0107480 secs] [Times: user=0.01 sys=0.00, real=0.02 secs] 
114.276: Total time for which application threads were stopped: 0.0109200 seconds, Stopping threads took: 0.0001040 seconds
114.349: Application time: 0.0732500 seconds
114.349: [GC114.349: [DefNew: 15691K->15691K(18432K), 0.0000090 secs]114.349: [Tenured: 25781K->26494K(40960K), 0.0099140 secs] 41473K->26494K(59392K), [Perm : 6081K->6081K(21248K)], 0.0099740 secs] [Times: user=0.01 sys=0.00, real=0.01 secs] 
114.359: Total time for which application threads were stopped: 0.0101280 seconds, Stopping threads took: 0.0000860 seconds
114.433: Application time: 0.0735580 seconds
114.433: [GC114.433: [DefNew: 15697K->15697K(18432K), 0.0000110 secs]114.433: [Tenured: 26494K->25782K(40960K), 0.0105090 secs] 42192K->25782K(59392K), [Perm : 6081K->6081K(21248K)], 0.0105700 secs] [Times: user=0.01 sys=0.00, real=0.01 secs] 
114.443: Total time for which application threads were stopped: 0.0107300 seconds, Stopping threads took: 0.0000890 seconds
114.498: Application time: 0.0546930 seconds
114.498: [GC114.498: [DefNew: 15691K->1425K(18432K), 0.0045300 secs] 41474K->41458K(59392K), 0.0045730 secs] [Times: user=0.01 sys=0.00, real=0.00 secs] 
114.503: Total time for which application threads were stopped: 0.0047460 seconds, Stopping threads took: 0.0000840 seconds
114.573: Application time: 0.0698900 seconds
114.573: [GC114.573: [DefNew: 17114K->17114K(18432K), 0.0000100 secs]114.573: [Tenured: 40033K->27207K(40960K), 0.0101530 secs] 57147K->27207K(59392K), [Perm : 6081K->6081K(21248K)], 0.0102190 secs] [Times: user=0.01 sys=0.00, real=0.01 secs] 
114.583: Total time for which application threads were stopped: 0.0103580 seconds, Stopping threads took: 0.0000670 seconds
114.655: Application time: 0.0714240 seconds
114.655: [GC114.655: [DefNew: 15697K->15697K(18432K), 0.0000090 secs]114.655: [Tenured: 27207K->26494K(40960K), 0.0099230 secs] 42905K->26494K(59392K), [Perm : 6081K->6081K(21248K)], 0.0099890 secs] [Times: user=0.01 sys=0.00, real=0.00 secs] 
114.665: Total time for which application threads were stopped: 0.0101130 seconds, Stopping threads took: 0.0000550 seconds
114.728: Application time: 0.0632930 seconds
114.728: [GC114.728: [DefNew: 15704K->15704K(18432K), 0.0000100 secs]114.728: [Tenured: 26494K->27208K(40960K), 0.0099150 secs] 42198K->27208K(59392K), [Perm : 6081K->6081K(21248K)], 0.0099740 secs] [Times: user=0.01 sys=0.00, real=0.01 secs] 
114.738: Total time for which application threads were stopped: 0.0101620 seconds, Stopping threads took: 0.0001090 seconds
114.806: Application time: 0.0674390 seconds
114.806: [GC114.806: [DefNew: 15706K->15706K(18432K), 0.0000100 secs]114.806: [Tenured: 27208K->28635K(40960K), 0.0109450 secs] 42915K->28635K(59392K), [Perm : 6081K->6081K(21248K)], 0.0110070 secs] [Times: user=0.01 sys=0.00, real=0.01 secs] 
114.817: Total time for which application threads were stopped: 0.0111660 seconds, Stopping threads took: 0.0000900 seconds
114.884: Application time: 0.0668850 seconds
114.884: [GC114.884: [DefNew: 15691K->15691K(18432K), 0.0000100 secs]114.884: [Tenured: 28635K->30060K(40960K), 0.0100030 secs] 44326K->30060K(59392K), [Perm : 6081K->6081K(21248K)], 0.0100610 secs] [Times: user=0.01 sys=0.00, real=0.02 secs] 
114.894: Total time for which application threads were stopped: 0.0102370 seconds, Stopping threads took: 0.0001080 seconds
114.965: Application time: 0.0716410 seconds
114.966: [GC114.966: [DefNew: 15691K->15691K(18432K), 0.0000090 secs]114.966: [Tenured: 30060K->28632K(40960K), 0.0107280 secs] 45751K->28632K(59392K), [Perm : 6081K->6081K(21248K)], 0.0107880 secs] [Times: user=0.01 sys=0.00, real=0.01 secs] 
114.976: Total time for which application threads were stopped: 0.0109200 seconds, Stopping threads took: 0.0000630 seconds
115.032: Application time: 0.0552590 seconds
115.032: [GC115.032: [DefNew: 15691K->15691K(18432K), 0.0000090 secs]115.032: [Tenured: 28632K->27919K(40960K), 0.0087660 secs] 44323K->27919K(59392K), [Perm : 6081K->6081K(21248K)], 0.0088250 secs] [Times: user=0.01 sys=0.00, real=0.01 secs] 
115.041: Total time for which application threads were stopped: 0.0089590 seconds, Stopping threads took: 0.0000650 seconds
115.093: Application time: 0.0520990 seconds
115.093: [GC115.093: [DefNew: 15706K->15706K(18432K), 0.0000100 secs]115.093: [Tenured: 27919K->27919K(40960K), 0.0107200 secs] 43626K->27919K(59392K), [Perm : 6081K->6081K(21248K)], 0.0107790 secs] [Times: user=0.01 sys=0.00, real=0.01 secs] 
115.104: Total time for which application threads were stopped: 0.0109930 seconds, Stopping threads took: 0.0001250 seconds
115.169: Application time: 0.0657910 seconds
115.170: [GC115.170: [DefNew: 15689K->15689K(18432K), 0.0000100 secs]115.170: [Tenured: 27919K->28632K(40960K), 0.0109070 secs] 43609K->28632K(59392K), [Perm : 6081K->6081K(21248K)], 0.0109660 secs] [Times: user=0.01 sys=0.00, real=0.01 secs] 
115.181: Total time for which application threads were stopped: 0.0111870 seconds, Stopping threads took: 0.0001320 seconds
115.239: Application time: 0.0581510 seconds
115.239: [GC115.239: [DefNew: 15689K->15689K(18432K), 0.0000100 secs]115.239: [Tenured: 28632K->27919K(40960K), 0.0121920 secs] 44322K->27919K(59392K), [Perm : 6081K->6081K(21248K)], 0.0122540 secs] [Times: user=0.01 sys=0.00, real=0.01 secs] 
115.251: Total time for which application threads were stopped: 0.0124820 seconds, Stopping threads took: 0.0001300 seconds
115.320: Application time: 0.0688570 seconds
115.320: [GC115.320: [DefNew: 15689K->15689K(18432K), 0.0000100 secs]115.320: [Tenured: 27919K->26494K(40960K), 0.0104480 secs] 43609K->26494K(59392K), [Perm : 6081K->6081K(21248K)], 0.0105090 secs] [Times: user=0.01 sys=0.00, real=0.01 secs] 
115.331: Total time for which application threads were stopped: 0.0108070 seconds, Stopping threads took: 0.0002270 seconds
115.383: Application time: 0.0518580 seconds
115.383: [GC115.383: [DefNew: 15689K->15689K(18432K), 0.0000090 secs]115.383: [Tenured: 26494K->27919K(40960K), 0.0091550 secs] 42184K->27919K(59392K), [Perm : 6081K->6081K(21248K)], 0.0092220 secs] [Times: user=0.01 sys=0.00, real=0.01 secs] 
115.392: Total time for which application threads were stopped: 0.0093640 seconds, Stopping threads took: 0.0000720 seconds
115.463: Application time: 0.0703500 seconds
115.463: [GC115.463: [DefNew: 15698K->15698K(18432K), 0.0000110 secs]115.463: [Tenured: 27919K->27208K(40960K), 0.0096960 secs] 43618K->27208K(59392K), [Perm : 6081K->6081K(21248K)], 0.0097540 secs] [Times: user=0.01 sys=0.00, real=0.01 secs] 
115.472: Total time for which application threads were stopped: 0.0098840 seconds, Stopping threads took: 0.0000580 seconds
115.521: Application time: 0.0488230 seconds
115.521: [GC115.521: [DefNew: 15689K->15689K(18432K), 0.0000100 secs]115.521: [Tenured: 27208K->26494K(40960K), 0.0112070 secs] 42898K->26494K(59392K), [Perm : 6081K->6081K(21248K)], 0.0112660 secs] [Times: user=0.01 sys=0.00, real=0.01 secs] 
115.533: Total time for which application threads were stopped: 0.0114010 seconds, Stopping threads took: 0.0000630 seconds
115.588: Application time: 0.0555560 seconds
115.588: [GC115.588: [DefNew: 15690K->15690K(18432K), 0.0000090 secs]115.588: [Tenured: 26494K->27207K(40960K), 0.0089500 secs] 42185K->27207K(59392K), [Perm : 6081K->6081K(21248K)], 0.0090110 secs] [Times: user=0.01 sys=0.00, real=0.01 secs] 
115.597: Total time for which application threads were stopped: 0.0091460 seconds, Stopping threads took: 0.0000620 seconds
115.669: Application time: 0.0711480 seconds
115.669: [GC115.669: [DefNew: 15690K->15690K(18432K), 0.0000100 secs]115.669: [Tenured: 27207K->25782K(40960K), 0.0104710 secs] 42897K->25782K(59392K), [Perm : 6081K->6081K(21248K)], 0.0105330 secs] [Times: user=0.01 sys=0.00, real=0.01 secs] 
115.679: Total time for which application threads were stopped: 0.0108440 seconds, Stopping threads took: 0.0002410 seconds
115.729: Application time: 0.0493820 seconds
115.729: [GC115.729: [DefNew: 15696K->1426K(18432K), 0.0039470 secs] 41479K->39321K(59392K), 0.0039880 secs] [Times: user=0.00 sys=0.00, real=0.00 secs] 
115.733: Total time for which application threads were stopped: 0.0041990 seconds, Stopping threads took: 0.0001310 seconds
115.779: Application time: 0.0458050 seconds
115.779: [GC115.779: [DefNew: 17131K->17131K(18432K), 0.0000100 secs]115.779: [Tenured: 37895K->22932K(40960K), 0.0107230 secs] 55027K->22932K(59392K), [Perm : 6081K->6081K(21248K)], 0.0107790 secs] [Times: user=0.01 sys=0.00, real=0.01 secs] 
115.790: Total time for which application threads were stopped: 0.0110540 seconds, Stopping threads took: 0.0001950 seconds
115.847: Application time: 0.0571270 seconds
115.847: [GC115.847: [DefNew: 15705K->1426K(18432K), 0.0034970 secs] 38638K->35047K(59392K), 0.0035370 secs] [Times: user=0.00 sys=0.00, real=0.00 secs] 
115.851: Total time for which application threads were stopped: 0.0036740 seconds, Stopping threads took: 0.0000710 seconds
115.899: Application time: 0.0483500 seconds
115.899: [GC115.899: [DefNew: 17115K->17115K(18432K), 0.0000100 secs]115.899: [Tenured: 33621K->24357K(40960K), 0.0110280 secs] 50736K->24357K(59392K), [Perm : 6081K->6081K(21248K)], 0.0110870 secs] [Times: user=0.01 sys=0.00, real=0.01 secs] 
115.910: Total time for which application threads were stopped: 0.0112210 seconds, Stopping threads took: 0.0000610 seconds
115.963: Application time: 0.0531680 seconds
115.964: [GC115.964: [DefNew: 15688K->1425K(18432K), 0.0036200 secs] 40046K->36471K(59392K), 0.0036620 secs] [Times: user=0.01 sys=0.00, real=0.01 secs] 
115.967: Total time for which application threads were stopped: 0.0038810 seconds, Stopping threads took: 0.0001320 seconds
116.020: Application time: 0.0524590 seconds
116.020: [GC116.020: [DefNew: 17113K->17113K(18432K), 0.0000110 secs]116.020: [Tenured: 35046K->25070K(40960K), 0.0096710 secs] 52159K->25070K(59392K), [Perm : 6081K->6081K(21248K)], 0.0097250 secs] [Times: user=0.01 sys=0.00, real=0.01 secs] 
116.030: Total time for which application threads were stopped: 0.0098670 seconds, Stopping threads took: 0.0000630 seconds
116.090: Application time: 0.0607640 seconds
116.090: [GC116.090: [DefNew: 15697K->1426K(18432K), 0.0035090 secs] 40767K->37185K(59392K), 0.0035490 secs] [Times: user=0.01 sys=0.00, real=0.01 secs] 
116.094: Total time for which application threads were stopped: 0.0036720 seconds, Stopping threads took: 0.0000560 seconds
116.129: Application time: 0.0350900 seconds
116.129: [GC116.129: [DefNew: 17121K->17121K(18432K), 0.0000100 secs]116.129: [Tenured: 35759K->25072K(40960K), 0.0098020 secs] 52880K->25072K(59392K), [Perm : 6081K->6081K(21248K)], 0.0098610 secs] [Times: user=0.01 sys=0.00, real=0.01 secs] 
116.139: Total time for which application threads were stopped: 0.0100470 seconds, Stopping threads took: 0.0001180 seconds
116.199: Application time: 0.0597510 seconds
116.199: [GC116.199: [DefNew: 15688K->1425K(18432K), 0.0037680 secs] 40761K->37186K(59392K), 0.0038070 secs] [Times: user=0.01 sys=0.00, real=0.00 secs] 
116.203: Total time for which application threads were stopped: 0.0040290 seconds, Stopping threads took: 0.0001520 seconds
116.257: Application time: 0.0537040 seconds
116.257: [GC116.257: [DefNew: 17113K->17113K(18432K), 0.0000090 secs]116.257: [Tenured: 35761K->26497K(40960K), 0.0097560 secs] 52875K->26497K(59392K), [Perm : 6081K->6081K(21248K)], 0.0098140 secs] [Times: user=0.01 sys=0.00, real=0.01 secs] 
116.267: Total time for which application threads were stopped: 0.0099930 seconds, Stopping threads took: 0.0001130 seconds
116.312: Application time: 0.0452680 seconds
116.312: [GC116.312: [DefNew: 15688K->15688K(18432K), 0.0000100 secs]116.312: [Tenured: 26497K->25783K(40960K), 0.0108710 secs] 42186K->25783K(59392K), [Perm : 6081K->6081K(21248K)], 0.0109310 secs] [Times: user=0.01 sys=0.00, real=0.01 secs] 
116.323: Total time for which application threads were stopped: 0.0110940 seconds, Stopping threads took: 0.0000760 seconds
116.381: Application time: 0.0582560 seconds
116.381: [GC116.381: [DefNew: 15688K->15688K(18432K), 0.0000100 secs]116.381: [Tenured: 25783K->25783K(40960K), 0.0096530 secs] 41472K->25783K(59392K), [Perm : 6081K->6081K(21248K)], 0.0097180 secs] [Times: user=0.01 sys=0.00, real=0.01 secs] 
116.391: Total time for which application threads were stopped: 0.0098800 seconds, Stopping threads took: 0.0000930 seconds
116.440: Application time: 0.0490630 seconds
116.440: [GC116.440: [DefNew: 15688K->15688K(18432K), 0.0000100 secs]116.440: [Tenured: 25783K->25783K(40960K), 0.0090310 secs] 41472K->25783K(59392K), [Perm : 6081K->6081K(21248K)], 0.0090920 secs] [Times: user=0.01 sys=0.00, real=0.01 secs] 
116.449: Total time for which application threads were stopped: 0.0092460 seconds, Stopping threads took: 0.0000680 seconds
116.496: Application time: 0.0463100 seconds
116.496: [GC116.496: [DefNew: 15697K->15697K(18432K), 0.0000100 secs]116.496: [Tenured: 25783K->25784K(40960K), 0.0097820 secs] 41480K->25784K(59392K), [Perm : 6081K->6081K(21248K)], 0.0098390 secs] [Times: user=0.01 sys=0.00, real=0.01 secs] 
116.506: Total time for which application threads were stopped: 0.0100240 seconds, Stopping threads took: 0.0001170 seconds
116.570: Application time: 0.0640630 seconds
116.570: [GC116.570: [DefNew: 15688K->15688K(18432K), 0.0000100 secs]116.570: [Tenured: 25784K->26496K(40960K), 0.0116010 secs] 41473K->26496K(59392K), [Perm : 6081K->6081K(21248K)], 0.0116630 secs] [Times: user=0.01 sys=0.00, real=0.01 secs] 
116.582: Total time for which application threads were stopped: 0.0118220 seconds, Stopping threads took: 0.0000880 seconds
116.619: Application time: 0.0371820 seconds
116.619: [GC116.619: [DefNew: 15688K->15688K(18432K), 0.0000110 secs]116.619: [Tenured: 26496K->26496K(40960K), 0.0105110 secs] 42185K->26496K(59392K), [Perm : 6081K->6081K(21248K)], 0.0105720 secs] [Times: user=0.01 sys=0.00, real=0.01 secs] 
116.630: Total time for which application threads were stopped: 0.0107490 seconds, Stopping threads took: 0.0001060 seconds
116.689: Application time: 0.0592380 seconds
116.689: [GC116.689: [DefNew: 15686K->15686K(18432K), 0.0000110 secs]116.689: [Tenured: 26496K->26496K(40960K), 0.0105390 secs] 42182K->26496K(59392K), [Perm : 6081K->6081K(21248K)], 0.0106120 secs] [Times: user=0.01 sys=0.00, real=0.01 secs] 
116.700: Total time for which application threads were stopped: 0.0108660 seconds, Stopping threads took: 0.0001640 seconds
116.757: Application time: 0.0573940 seconds
116.757: [GC116.757: [DefNew: 15695K->15695K(18432K), 0.0000090 secs]116.757: [Tenured: 26496K->26497K(40960K), 0.0097540 secs] 42191K->26497K(59392K), [Perm : 6081K->6081K(21248K)], 0.0098110 secs] [Times: user=0.01 sys=0.00, real=0.01 secs] 
116.767: Total time for which application threads were stopped: 0.0099550 seconds, Stopping threads took: 0.0000740 seconds
116.816: Application time: 0.0488430 seconds
116.816: [GC116.816: [DefNew: 15697K->15697K(18432K), 0.0000100 secs]116.816: [Tenured: 26497K->26496K(40960K), 0.0104130 secs] 42194K->26496K(59392K), [Perm : 6081K->6081K(21248K)], 0.0104740 secs] [Times: user=0.01 sys=0.00, real=0.01 secs] 
116.827: Total time for which application threads were stopped: 0.0106870 seconds, Stopping threads took: 0.0001290 seconds
116.875: Application time: 0.0484120 seconds
116.875: [GC116.875: [DefNew: 15697K->15697K(18432K), 0.0000100 secs]116.875: [Tenured: 26496K->27922K(40960K), 0.0108430 secs] 42193K->27922K(59392K), [Perm : 6081K->6081K(21248K)], 0.0109040 secs] [Times: user=0.01 sys=0.00, real=0.01 secs] 
116.886: Total time for which application threads were stopped: 0.0111380 seconds, Stopping threads took: 0.0001640 seconds
116.906: Application time: 0.0195100 seconds
116.910: [GC116.910: [DefNew: 15716K->15716K(18432K), 0.0000090 secs]116.910: [Tenured: 27922K->27238K(40960K), 0.0095880 secs] 43638K->27238K(59392K), [Perm : 6081K->6081K(21248K)], 0.0096500 secs] [Times: user=0.01 sys=0.00, real=0.01 secs] 
116.919: Total time for which application threads were stopped: 0.0136960 seconds, Stopping threads took: 0.0039740 seconds
116.927: Application time: 0.0071630 seconds
116.927: [GC116.927: [DefNew: 15687K->15687K(18432K), 0.0000090 secs]116.927: [Tenured: 27238K->29377K(40960K), 0.0070310 secs] 42926K->29377K(59392K), [Perm : 6081K->6081K(21248K)], 0.0070860 secs] [Times: user=0.00 sys=0.00, real=0.01 secs] 
116.934: Total time for which application threads were stopped: 0.0072330 seconds, Stopping threads took: 0.0000760 seconds
116.939: Application time: 0.0047660 seconds
116.939: [GC116.939: [DefNew: 15685K->15685K(18432K), 0.0000100 secs]116.939: [Tenured: 29377K->27208K(40960K), 0.0114610 secs] 45063K->27208K(59392K), [Perm : 6081K->6081K(21248K)], 0.0115260 secs] [Times: user=0.01 sys=0.00, real=0.01 secs] 
116.950: Total time for which application threads were stopped: 0.0119480 seconds, Stopping threads took: 0.0003290 seconds
116.956: Application time: 0.0057560 seconds
116.956: [GC116.957: [DefNew: 15683K->15683K(18432K), 0.0000110 secs]116.957: [Tenured: 27208K->27209K(40960K), 0.0081400 secs] 42892K->27209K(59392K), [Perm : 6081K->6081K(21248K)], 0.0082000 secs] [Times: user=0.01 sys=0.00, real=0.00 secs] 
116.965: Total time for which application threads were stopped: 0.0084690 seconds, Stopping threads took: 0.0001790 seconds
116.972: Application time: 0.0068190 seconds
116.972: [GC116.972: [DefNew: 15682K->15682K(18432K), 0.0000090 secs]116.972: [Tenured: 27209K->29347K(40960K), 0.0071480 secs] 42891K->29347K(59392K), [Perm : 6081K->6081K(21248K)], 0.0072070 secs] [Times: user=0.01 sys=0.00, real=0.01 secs] 
116.979: Total time for which application threads were stopped: 0.0074490 seconds, Stopping threads took: 0.0001530 seconds
116.984: Application time: 0.0054190 seconds
116.985: [GC116.985: [DefNew: 15681K->15681K(18432K), 0.0000090 secs]116.985: [Tenured: 29347K->28634K(40960K), 0.0090360 secs] 45029K->28634K(59392K), [Perm : 6081K->6081K(21248K)], 0.0090940 secs] [Times: user=0.01 sys=0.00, real=0.02 secs] 
116.994: Total time for which application threads were stopped: 0.0092460 seconds, Stopping threads took: 0.0000770 seconds
117.000: Application time: 0.0061660 seconds
117.000: [GC117.000: [DefNew: 15687K->15687K(18432K), 0.0000100 secs]117.000: [Tenured: 28634K->28634K(40960K), 0.0073360 secs] 44321K->28634K(59392K), [Perm : 6081K->6081K(21248K)], 0.0074040 secs] [Times: user=0.01 sys=0.00, real=0.01 secs] 
117.007: Total time for which application threads were stopped: 0.0075890 seconds, Stopping threads took: 0.0001130 seconds
117.011: Application time: 0.0040020 seconds
117.012: [GC117.012: [DefNew: 15679K->15679K(18432K), 0.0000110 secs]117.012: [Tenured: 28634K->29346K(40960K), 0.0074040 secs] 44313K->29346K(59392K), [Perm : 6081K->6081K(21248K)], 0.0074570 secs] [Times: user=0.01 sys=0.00, real=0.01 secs] 
117.019: Total time for which application threads were stopped: 0.0077570 seconds, Stopping threads took: 0.0002140 seconds
117.033: Application time: 0.0137940 seconds
117.033: [GC117.033: [DefNew: 15688K->15688K(18432K), 0.0000110 secs]117.033: [Tenured: 29346K->27208K(40960K), 0.0093120 secs] 45035K->27208K(59392K), [Perm : 6081K->6081K(21248K)], 0.0093700 secs] [Times: user=0.01 sys=0.00, real=0.01 secs] 
117.042: Total time for which application threads were stopped: 0.0095100 seconds, Stopping threads took: 0.0000680 seconds
117.089: Application time: 0.0464870 seconds
117.089: [GC117.089: [DefNew: 15688K->15688K(18432K), 0.0000100 secs]117.089: [Tenured: 27208K->27921K(40960K), 0.0099230 secs] 42897K->27921K(59392K), [Perm : 6081K->6081K(21248K)], 0.0099820 secs] [Times: user=0.01 sys=0.00, real=0.01 secs] 
117.099: Total time for which application threads were stopped: 0.0101490 seconds, Stopping threads took: 0.0000860 seconds
117.164: Application time: 0.0647150 seconds
117.164: [GC117.164: [DefNew: 15690K->15690K(18432K), 0.0000100 secs]117.164: [Tenured: 27921K->28633K(40960K), 0.0099040 secs] 43611K->28633K(59392K), [Perm : 6081K->6081K(21248K)], 0.0099600 secs] [Times: user=0.01 sys=0.00, real=0.02 secs] 
117.174: Total time for which application threads were stopped: 0.0100960 seconds, Stopping threads took: 0.0000650 seconds
117.224: Application time: 0.0503500 seconds
117.224: [GC117.224: [DefNew: 15688K->15688K(18432K), 0.0000100 secs]117.224: [Tenured: 28633K->28633K(40960K), 0.0096840 secs] 44321K->28633K(59392K), [Perm : 6081K->6081K(21248K)], 0.0097410 secs] [Times: user=0.01 sys=0.00, real=0.02 secs] 
117.234: Total time for which application threads were stopped: 0.0098850 seconds, Stopping threads took: 0.0000750 seconds
117.251: Application time: 0.0170290 seconds
117.251: [GC117.251: [DefNew: 15714K->15714K(18432K), 0.0000090 secs]117.251: [Tenured: 28633K->29375K(40960K), 0.0086930 secs] 44348K->29375K(59392K), [Perm : 6081K->6081K(21248K)], 0.0087530 secs] [Times: user=0.01 sys=0.00, real=0.01 secs] 
117.260: Total time for which application threads were stopped: 0.0088980 seconds, Stopping threads took: 0.0000720 seconds
117.267: Application time: 0.0071950 seconds
117.268: [GC117.268: [DefNew: 15679K->15679K(18432K), 0.0000090 secs]117.268: [Tenured: 29375K->28662K(40960K), 0.0083220 secs] 45055K->28662K(59392K), [Perm : 6081K->6081K(21248K)], 0.0083830 secs] [Times: user=0.01 sys=0.00, real=0.01 secs] 
117.276: Total time for which application threads were stopped: 0.0086070 seconds, Stopping threads took: 0.0001510 seconds
117.280: Application time: 0.0045290 seconds
117.281: [GC117.281: [DefNew: 15685K->15685K(18432K), 0.0000090 secs]117.281: [Tenured: 28662K->28633K(40960K), 0.0104880 secs] 44348K->28633K(59392K), [Perm : 6081K->6081K(21248K)], 0.0105480 secs] [Times: user=0.01 sys=0.00, real=0.01 secs] 
117.291: Total time for which application threads were stopped: 0.0107090 seconds, Stopping threads took: 0.0000890 seconds
117.295: Application time: 0.0043270 seconds
117.296: [GC117.296: [DefNew: 15681K->15681K(18432K), 0.0000100 secs]117.296: [Tenured: 28633K->25782K(40960K), 0.0091900 secs] 44315K->25782K(59392K), [Perm : 6081K->6081K(21248K)], 0.0092510 secs] [Times: user=0.01 sys=0.00, real=0.00 secs] 
117.305: Total time for which application threads were stopped: 0.0099050 seconds, Stopping threads took: 0.0005620 seconds
117.314: Application time: 0.0081350 seconds
117.314: [GC117.314: [DefNew: 16346K->16346K(18432K), 0.0000110 secs]117.314: [Tenured: 25782K->25819K(40960K), 0.0072830 secs] 42129K->25819K(59392K), [Perm : 6081K->6081K(21248K)], 0.0073500 secs] [Times: user=0.01 sys=0.00, real=0.00 secs] 
117.321: Total time for which application threads were stopped: 0.0074970 seconds, Stopping threads took: 0.0000760 seconds
117.326: Application time: 0.0053810 seconds
117.327: [GC117.327: [DefNew: 15770K->15770K(18432K), 0.0000110 secs]117.327: [Tenured: 25819K->25812K(40960K), 0.0097860 secs] 41589K->25812K(59392K), [Perm : 6081K->6081K(21248K)], 0.0098480 secs] [Times: user=0.01 sys=0.00, real=0.01 secs] 
117.337: Total time for which application threads were stopped: 0.0108680 seconds, Stopping threads took: 0.0009340 seconds
117.342: Application time: 0.0047350 seconds
117.343: [GC117.343: [DefNew: 15683K->15683K(18432K), 0.0000100 secs]117.343: [Tenured: 25812K->25783K(40960K), 0.0116800 secs] 41495K->25783K(59392K), [Perm : 6081K->6081K(21248K)], 0.0117450 secs] [Times: user=0.01 sys=0.00, real=0.02 secs] 
117.355: Total time for which application threads were stopped: 0.0126420 seconds, Stopping threads took: 0.0008070 seconds
117.359: Application time: 0.0041700 seconds
117.360: [GC117.360: [DefNew: 15689K->15689K(18432K), 0.0000100 secs]117.360: [Tenured: 25783K->26496K(40960K), 0.0095350 secs] 41472K->26496K(59392K), [Perm : 6081K->6081K(21248K)], 0.0095980 secs] [Times: user=0.01 sys=0.00, real=0.01 secs] 
117.369: Total time for which application threads were stopped: 0.0103960 seconds, Stopping threads took: 0.0007140 seconds
117.373: Application time: 0.0036510 seconds
117.373: [GC117.373: [DefNew: 15683K->15683K(18432K), 0.0000090 secs]117.373: [Tenured: 26496K->26496K(40960K), 0.0095080 secs] 42179K->26496K(59392K), [Perm : 6081K->6081K(21248K)], 0.0095690 secs] [Times: user=0.01 sys=0.00, real=0.01 secs] 
117.383: Total time for which application threads were stopped: 0.0099880 seconds, Stopping threads took: 0.0003280 seconds
117.387: Application time: 0.0038400 seconds
117.387: [GC117.387: [DefNew: 15684K->15684K(18432K), 0.0000110 secs]117.387: [Tenured: 26496K->28634K(40960K), 0.0073540 secs] 42180K->28634K(59392K), [Perm : 6081K->6081K(21248K)], 0.0074080 secs] [Times: user=0.01 sys=0.00, real=0.01 secs] 
117.394: Total time for which application threads were stopped: 0.0076390 seconds, Stopping threads took: 0.0001450 seconds
117.398: Application time: 0.0039160 seconds
117.399: [GC117.399: [DefNew: 15681K->15681K(18432K), 0.0000100 secs]117.399: [Tenured: 28634K->28633K(40960K), 0.0090000 secs] 44316K->28633K(59392K), [Perm : 6081K->6081K(21248K)], 0.0090600 secs] [Times: user=0.01 sys=0.00, real=0.01 secs] 
117.408: Total time for which application threads were stopped: 0.0093150 seconds, Stopping threads took: 0.0001630 seconds
117.412: Application time: 0.0042050 seconds
117.412: [GC117.412: [DefNew: 15688K->15688K(18432K), 0.0000100 secs]117.412: [Tenured: 28633K->28634K(40960K), 0.0063440 secs] 44321K->28634K(59392K), [Perm : 6081K->6081K(21248K)], 0.0064030 secs] [Times: user=0.00 sys=0.00, real=0.01 secs] 
117.419: Total time for which application threads were stopped: 0.0067250 seconds, Stopping threads took: 0.0002390 seconds
117.425: Application time: 0.0065610 seconds
117.425: [GC117.425: [DefNew: 15687K->15687K(18432K), 0.0000100 secs]117.425: [Tenured: 28634K->26495K(40960K), 0.0094850 secs] 44322K->26495K(59392K), [Perm : 6081K->6081K(21248K)], 0.0095430 secs] [Times: user=0.01 sys=0.00, real=0.02 secs] 
117.435: Total time for which application threads were stopped: 0.0096880 seconds, Stopping threads took: 0.0000720 seconds
117.442: Application time: 0.0069960 seconds
117.442: [GC117.442: [DefNew: 15678K->15678K(18432K), 0.0000090 secs]117.442: [Tenured: 26495K->27921K(40960K), 0.0062010 secs] 42174K->27921K(59392K), [Perm : 6081K->6081K(21248K)], 0.0062550 secs] [Times: user=0.01 sys=0.00, real=0.01 secs] 
117.448: Total time for which application threads were stopped: 0.0064020 seconds, Stopping threads took: 0.0000670 seconds
117.455: Application time: 0.0071840 seconds
117.456: [GC117.456: [DefNew: 15686K->15686K(18432K), 0.0000100 secs]117.456: [Tenured: 27921K->27208K(40960K), 0.0065170 secs] 43608K->27208K(59392K), [Perm : 6081K->6081K(21248K)], 0.0065690 secs] [Times: user=0.01 sys=0.00, real=0.00 secs] 
117.462: Total time for which application threads were stopped: 0.0067160 seconds, Stopping threads took: 0.0000800 seconds
117.466: Application time: 0.0036860 seconds
117.466: [GC117.466: [DefNew: 15680K->15680K(18432K), 0.0000090 secs]117.466: [Tenured: 27208K->28633K(40960K), 0.0059410 secs] 42888K->28633K(59392K), [Perm : 6081K->6081K(21248K)], 0.0060010 secs] [Times: user=0.01 sys=0.00, real=0.00 secs] 
117.472: Total time for which application threads were stopped: 0.0061520 seconds, Stopping threads took: 0.0000800 seconds
117.476: Application time: 0.0039890 seconds
117.476: [GC117.476: [DefNew: 15680K->15680K(18432K), 0.0000100 secs]117.476: [Tenured: 28633K->27208K(40960K), 0.0103190 secs] 44314K->27208K(59392K), [Perm : 6081K->6081K(21248K)], 0.0103790 secs] [Times: user=0.01 sys=0.00, real=0.01 secs] 
117.487: Total time for which application threads were stopped: 0.0105740 seconds, Stopping threads took: 0.0001250 seconds
117.518: Application time: 0.0313400 seconds
117.518: [GC117.518: [DefNew: 15694K->15694K(18432K), 0.0000110 secs]117.518: [Tenured: 27208K->26495K(40960K), 0.0107670 secs] 42903K->26495K(59392K), [Perm : 6081K->6081K(21248K)], 0.0108290 secs] [Times: user=0.01 sys=0.00, real=0.01 secs] 
117.529: Total time for which application threads were stopped: 0.0109960 seconds, Stopping threads took: 0.0000960 seconds
117.594: Application time: 0.0655470 seconds
117.595: [GC117.595: [DefNew: 15688K->15688K(18432K), 0.0000100 secs]117.595: [Tenured: 26495K->27920K(40960K), 0.0099230 secs] 42183K->27920K(59392K), [Perm : 6081K->6081K(21248K)], 0.0099790 secs] [Times: user=0.01 sys=0.00, real=0.00 secs] 
117.605: Total time for which application threads were stopped: 0.0101440 seconds, Stopping threads took: 0.0000850 seconds
117.662: Application time: 0.0574220 seconds
117.662: [GC117.662: [DefNew: 15687K->15687K(18432K), 0.0000100 secs]117.662: [Tenured: 27920K->27208K(40960K), 0.0098380 secs] 43608K->27208K(59392K), [Perm : 6081K->6081K(21248K)], 0.0098980 secs] [Times: user=0.01 sys=0.00, real=0.01 secs] 
117.672: Total time for which application threads were stopped: 0.0100610 seconds, Stopping threads took: 0.0000830 seconds
117.711: Application time: 0.0385350 seconds
117.711: [GC117.711: [DefNew: 15718K->15718K(18432K), 0.0000100 secs]117.711: [Tenured: 27208K->28662K(40960K), 0.0104280 secs] 42926K->28662K(59392K), [Perm : 6081K->6081K(21248K)], 0.0104880 secs] [Times: user=0.01 sys=0.00, real=0.01 secs] 
117.721: Total time for which application threads were stopped: 0.0107060 seconds, Stopping threads took: 0.0001500 seconds
117.727: Application time: 0.0061660 seconds
117.728: [GC117.728: [DefNew: 15681K->15681K(18432K), 0.0000100 secs]117.728: [Tenured: 28662K->28662K(40960K), 0.0090580 secs] 44344K->28662K(59392K), [Perm : 6081K->6081K(21248K)], 0.0091180 secs] [Times: user=0.01 sys=0.00, real=0.01 secs] 
117.737: Total time for which application threads were stopped: 0.0092690 seconds, Stopping threads took: 0.0000780 seconds
117.744: Application time: 0.0072620 seconds
117.744: [GC117.744: [DefNew: 15683K->15683K(18432K), 0.0000090 secs]117.744: [Tenured: 28662K->27207K(40960K), 0.0100670 secs] 44345K->27207K(59392K), [Perm : 6081K->6081K(21248K)], 0.0101250 secs] [Times: user=0.01 sys=0.00, real=0.02 secs] 
117.754: Total time for which application threads were stopped: 0.0102930 seconds, Stopping threads took: 0.0000950 seconds
117.758: Application time: 0.0040930 seconds
117.759: [GC117.759: [DefNew: 15677K->15677K(18432K), 0.0000100 secs]117.759: [Tenured: 27207K->27920K(40960K), 0.0058170 secs] 42885K->27920K(59392K), [Perm : 6081K->6081K(21248K)], 0.0058700 secs] [Times: user=0.00 sys=0.00, real=0.00 secs] 
117.764: Total time for which application threads were stopped: 0.0060610 seconds, Stopping threads took: 0.0001150 seconds
117.773: Application time: 0.0082810 seconds
117.773: [GC117.773: [DefNew: 15686K->15686K(18432K), 0.0000110 secs]117.773: [Tenured: 27920K->27208K(40960K), 0.0066210 secs] 43606K->27208K(59392K), [Perm : 6081K->6081K(21248K)], 0.0066760 secs] [Times: user=0.01 sys=0.00, real=0.01 secs] 
117.780: Total time for which application threads were stopped: 0.0068280 seconds, Stopping threads took: 0.0000850 seconds
117.785: Application time: 0.0055830 seconds
117.785: [GC117.785: [DefNew: 15681K->15681K(18432K), 0.0000090 secs]117.785: [Tenured: 27208K->27208K(40960K), 0.0089040 secs] 42889K->27208K(59392K), [Perm : 6081K->6081K(21248K)], 0.0089630 secs] [Times: user=0.01 sys=0.00, real=0.02 secs] 
117.794: Total time for which application threads were stopped: 0.0091410 seconds, Stopping threads took: 0.0001050 seconds
117.800: Application time: 0.0054640 seconds
117.800: [GC117.800: [DefNew: 15690K->15690K(18432K), 0.0000100 secs]117.800: [Tenured: 27208K->26495K(40960K), 0.0094650 secs] 42898K->26495K(59392K), [Perm : 6081K->6081K(21248K)], 0.0095240 secs] [Times: user=0.01 sys=0.00, real=0.01 secs] 
117.809: Total time for which application threads were stopped: 0.0096690 seconds, Stopping threads took: 0.0000720 seconds
117.814: Application time: 0.0042050 seconds
117.814: [GC117.814: [DefNew: 15680K->15680K(18432K), 0.0000100 secs]117.814: [Tenured: 26495K->27208K(40960K), 0.0060420 secs] 42176K->27208K(59392K), [Perm : 6081K->6081K(21248K)], 0.0060950 secs] [Times: user=0.01 sys=0.00, real=0.00 secs] 
117.820: Total time for which application threads were stopped: 0.0062640 seconds, Stopping threads took: 0.0001010 seconds
117.824: Application time: 0.0041130 seconds
117.824: [GC117.824: [DefNew: 15678K->15678K(18432K), 0.0000110 secs]117.824: [Tenured: 27208K->27920K(40960K), 0.0064470 secs] 42886K->27920K(59392K), [Perm : 6081K->6081K(21248K)], 0.0064980 secs] [Times: user=0.01 sys=0.00, real=0.01 secs] 
117.831: Total time for which application threads were stopped: 0.0066600 seconds, Stopping threads took: 0.0000960 seconds
117.889: Application time: 0.0588450 seconds
117.890: [GC117.890: [DefNew: 15696K->15696K(18432K), 0.0000100 secs]117.890: [Tenured: 27920K->25782K(40960K), 0.0100650 secs] 43617K->25782K(59392K), [Perm : 6081K->6081K(21248K)], 0.0101260 secs] [Times: user=0.01 sys=0.00, real=0.01 secs] 
117.900: Total time for which application threads were stopped: 0.0103150 seconds, Stopping threads took: 0.0001100 seconds
117.944: Application time: 0.0443490 seconds
117.944: [GC117.944: [DefNew: 15689K->15689K(18432K), 0.0000090 secs]117.944: [Tenured: 25782K->27207K(40960K), 0.0099370 secs] 41472K->27207K(59392K), [Perm : 6081K->6081K(21248K)], 0.0099970 secs] [Times: user=0.01 sys=0.00, real=0.02 secs] 
117.954: Total time for which application threads were stopped: 0.0101840 seconds, Stopping threads took: 0.0001070 seconds
118.006: Application time: 0.0519170 seconds
118.006: [GC118.006: [DefNew: 15687K->15687K(18432K), 0.0000100 secs]118.006: [Tenured: 27207K->27207K(40960K), 0.0098540 secs] 42895K->27207K(59392K), [Perm : 6081K->6081K(21248K)], 0.0099130 secs] [Times: user=0.01 sys=0.00, real=0.01 secs] 
118.016: Total time for which application threads were stopped: 0.0100450 seconds, Stopping threads took: 0.0000610 seconds
118.084: Application time: 0.0675340 seconds
118.084: [GC118.084: [DefNew: 15720K->15720K(18432K), 0.0000090 secs]118.084: [Tenured: 27207K->26524K(40960K), 0.0090570 secs] 42928K->26524K(59392K), [Perm : 6081K->6081K(21248K)], 0.0091150 secs] [Times: user=0.01 sys=0.00, real=0.01 secs] 
118.093: Total time for which application threads were stopped: 0.0092500 seconds, Stopping threads took: 0.0000670 seconds
118.101: Application time: 0.0075480 seconds
118.101: [GC118.101: [DefNew: 15681K->15681K(18432K), 0.0000090 secs]118.101: [Tenured: 26524K->25812K(40960K), 0.0087570 secs] 42205K->25812K(59392K), [Perm : 6081K->6081K(21248K)], 0.0088150 secs] [Times: user=0.01 sys=0.00, real=0.01 secs] 
118.110: Total time for which application threads were stopped: 0.0092060 seconds, Stopping threads took: 0.0003130 seconds
118.117: Application time: 0.0071620 seconds
118.117: [GC118.117: [DefNew: 16306K->16306K(18432K), 0.0000090 secs]118.117: [Tenured: 25812K->22226K(40960K), 0.0097200 secs] 42118K->22226K(59392K), [Perm : 6081K->6081K(21248K)], 0.0097770 secs] [Times: user=0.01 sys=0.00, real=0.01 secs] 
118.127: Total time for which application threads were stopped: 0.0099580 seconds, Stopping threads took: 0.0001120 seconds
118.131: Application time: 0.0040930 seconds
118.131: [GC118.131: [DefNew: 15797K->1425K(18432K), 0.0005980 secs] 38023K->23652K(59392K), 0.0006220 secs] [Times: user=0.00 sys=0.00, real=0.00 secs] 
118.132: Total time for which application threads were stopped: 0.0007550 seconds, Stopping threads took: 0.0000710 seconds
118.136: Application time: 0.0044050 seconds
118.137: [GC118.137: [DefNew: 17110K->1426K(18432K), 0.0007440 secs] 39337K->24365K(59392K), 0.0007720 secs] [Times: user=0.00 sys=0.00, real=0.00 secs] 
118.138: Total time for which application threads were stopped: 0.0016460 seconds, Stopping threads took: 0.0008170 seconds
118.143: Application time: 0.0050040 seconds
118.144: [GC118.144: [DefNew: 17113K->1426K(18432K), 0.0017590 secs] 40053K->27928K(59392K), 0.0017960 secs] [Times: user=0.00 sys=0.00, real=0.01 secs] 
118.146: Total time for which application threads were stopped: 0.0028940 seconds, Stopping threads took: 0.0010210 seconds
118.151: Application time: 0.0047570 seconds
118.151: [GC118.151: [DefNew: 17107K->17107K(18432K), 0.0000090 secs]118.151: [Tenured: 26502K->23644K(40960K), 0.0096580 secs] 43610K->23644K(59392K), [Perm : 6081K->6081K(21248K)], 0.0097180 secs] [Times: user=0.01 sys=0.00, real=0.01 secs] 
118.161: Total time for which application threads were stopped: 0.0103030 seconds, Stopping threads took: 0.0004940 seconds
118.165: Application time: 0.0045290 seconds
118.166: [GC118.166: [DefNew: 15686K->1426K(18432K), 0.0006850 secs] 39331K->25783K(59392K), 0.0007140 secs] [Times: user=0.00 sys=0.00, real=0.00 secs] 
118.167: Total time for which application threads were stopped: 0.0015360 seconds, Stopping threads took: 0.0007530 seconds
118.171: Application time: 0.0035830 seconds
118.171: [GC118.171: [DefNew: 17106K->1425K(18432K), 0.0005380 secs] 41463K->25783K(59392K), 0.0005660 secs] [Times: user=0.00 sys=0.00, real=0.00 secs] 
118.171: Total time for which application threads were stopped: 0.0008320 seconds, Stopping threads took: 0.0001900 seconds
118.175: Application time: 0.0034830 seconds
118.175: [GC118.175: [DefNew: 17105K->1425K(18432K), 0.0007240 secs] 41464K->26496K(59392K), 0.0007520 secs] [Times: user=0.00 sys=0.00, real=0.00 secs] 
118.176: Total time for which application threads were stopped: 0.0010930 seconds, Stopping threads took: 0.0002720 seconds
118.180: Application time: 0.0039920 seconds
118.180: [GC118.180: [DefNew: 17119K->1427K(18432K), 0.0011760 secs] 42190K->28635K(59392K), 0.0012070 secs] [Times: user=0.00 sys=0.00, real=0.00 secs] 
118.181: Total time for which application threads were stopped: 0.0013420 seconds, Stopping threads took: 0.0000750 seconds
118.185: Application time: 0.0034390 seconds
118.185: [GC118.185: [DefNew: 17108K->1425K(18432K), 0.0006070 secs] 44316K->28635K(59392K), 0.0006360 secs] [Times: user=0.00 sys=0.00, real=0.01 secs] 
118.186: Total time for which application threads were stopped: 0.0008710 seconds, Stopping threads took: 0.0001770 seconds
118.189: Application time: 0.0034230 seconds
118.189: [GC118.189: [DefNew: 17105K->1425K(18432K), 0.0005350 secs] 44316K->28635K(59392K), 0.0005630 secs] [Times: user=0.00 sys=0.00, real=0.00 secs] 
118.190: Total time for which application threads were stopped: 0.0008040 seconds, Stopping threads took: 0.0001650 seconds
118.194: Application time: 0.0041290 seconds
118.195: [GC118.195: [DefNew: 17546K->748K(18432K), 0.0004350 secs] 44756K->27959K(59392K), 0.0004600 secs] [Times: user=0.00 sys=0.00, real=0.00 secs] 
118.195: Total time for which application threads were stopped: 0.0014580 seconds, Stopping threads took: 0.0009170 seconds
118.201: Application time: 0.0058110 seconds
118.201: [GC118.201: [DefNew: 16637K->1462K(18432K), 0.0016670 secs] 43848K->32235K(59392K), 0.0017050 secs] [Times: user=0.00 sys=0.00, real=0.00 secs] 
118.203: Total time for which application threads were stopped: 0.0018460 seconds, Stopping threads took: 0.0000740 seconds
118.207: Application time: 0.0042540 seconds
118.207: [GC118.207: [DefNew: 17260K->17260K(18432K), 0.0000100 secs]118.207: [Tenured: 30773K->24387K(40960K), 0.0089790 secs] 48034K->24387K(59392K), [Perm : 6081K->6081K(21248K)], 0.0090360 secs] [Times: user=0.01 sys=0.00, real=0.01 secs] 
118.216: Total time for which application threads were stopped: 0.0091720 seconds, Stopping threads took: 0.0000640 seconds
118.220: Application time: 0.0033100 seconds
118.220: [GC118.220: [DefNew: 15680K->1425K(18432K), 0.0007630 secs] 40068K->26524K(59392K), 0.0007920 secs] [Times: user=0.01 sys=0.00, real=0.00 secs] 
118.221: Total time for which application threads were stopped: 0.0011370 seconds, Stopping threads took: 0.0002850 seconds
118.224: Application time: 0.0035570 seconds
118.225: [GC118.225: [DefNew: 17106K->1425K(18432K), 0.0015000 secs] 42206K->29374K(59392K), 0.0015350 secs] [Times: user=0.01 sys=0.00, real=0.01 secs] 
118.226: Total time for which application threads were stopped: 0.0017450 seconds, Stopping threads took: 0.0001460 seconds
118.232: Application time: 0.0059990 seconds
118.232: [GC118.232: [DefNew: 17113K->1426K(18432K), 0.0010470 secs] 45062K->30800K(59392K), 0.0010780 secs] [Times: user=0.00 sys=0.00, real=0.01 secs] 
118.233: Total time for which application threads were stopped: 0.0012200 seconds, Stopping threads took: 0.0000810 seconds
118.239: Application time: 0.0057520 seconds
118.239: [GC118.239: [DefNew: 17111K->1425K(18432K), 0.0017260 secs] 46486K->34364K(59392K), 0.0017610 secs] [Times: user=0.00 sys=0.00, real=0.00 secs] 
118.241: Total time for which application threads were stopped: 0.0019870 seconds, Stopping threads took: 0.0001400 seconds
118.246: Application time: 0.0045480 seconds
118.246: [GC118.246: [DefNew: 17103K->17103K(18432K), 0.0000100 secs]118.246: [Tenured: 32938K->25099K(40960K), 0.0092700 secs] 50041K->25099K(59392K), [Perm : 6081K->6081K(21248K)], 0.0093260 secs] [Times: user=0.00 sys=0.00, real=0.01 secs] 
118.255: Total time for which application threads were stopped: 0.0094580 seconds, Stopping threads took: 0.0000600 seconds
118.263: Application time: 0.0076870 seconds
118.263: [GC118.263: [DefNew: 15688K->1426K(18432K), 0.0013070 secs] 40787K->28662K(59392K), 0.0013450 secs] [Times: user=0.00 sys=0.00, real=0.00 secs] 
118.264: Total time for which application threads were stopped: 0.0014860 seconds, Stopping threads took: 0.0000730 seconds
118.271: Application time: 0.0063470 seconds
118.271: [GC118.271: [DefNew: 17594K->745K(18432K), 0.0009360 secs] 44831K->29408K(59392K), 0.0009640 secs] [Times: user=0.00 sys=0.00, real=0.00 secs] 
118.272: Total time for which application threads were stopped: 0.0011870 seconds, Stopping threads took: 0.0001660 seconds
118.278: Application time: 0.0056090 seconds
118.278: [GC118.278: [DefNew: 16639K->1464K(18432K), 0.0006190 secs] 45302K->30127K(59392K), 0.0006480 secs] [Times: user=0.00 sys=0.00, real=0.00 secs] 
118.278: Total time for which application threads were stopped: 0.0007700 seconds, Stopping threads took: 0.0000640 seconds
118.282: Application time: 0.0037210 seconds
118.282: [GC118.282: [DefNew: 17197K->1426K(18432K), 0.0010220 secs] 45860K->31543K(59392K), 0.0010510 secs] [Times: user=0.01 sys=0.00, real=0.00 secs] 
118.283: Total time for which application threads were stopped: 0.0011840 seconds, Stopping threads took: 0.0000720 seconds
118.287: Application time: 0.0035170 seconds
118.287: [GC118.287: [DefNew: 17106K->1425K(18432K), 0.0007800 secs] 47223K->32256K(59392K), 0.0008100 secs] [Times: user=0.01 sys=0.00, real=0.00 secs] 
118.288: Total time for which application threads were stopped: 0.0009800 seconds, Stopping threads took: 0.0001110 seconds
118.293: Application time: 0.0052640 seconds
118.293: [GC118.293: [DefNew: 17112K->1426K(18432K), 0.0011670 secs] 47943K->34394K(59392K), 0.0012090 secs] [Times: user=0.00 sys=0.00, real=0.01 secs] 
118.294: Total time for which application threads were stopped: 0.0013750 seconds, Stopping threads took: 0.0001060 seconds
118.302: Application time: 0.0073500 seconds
118.302: [GC118.302: [DefNew: 17109K->1425K(18432K), 0.0006190 secs] 50077K->34395K(59392K), 0.0006480 secs] [Times: user=0.00 sys=0.00, real=0.00 secs] 
118.303: Total time for which application threads were stopped: 0.0008350 seconds, Stopping threads took: 0.0001120 seconds
118.306: Application time: 0.0038920 seconds
118.307: [GC118.307: [DefNew: 17107K->1425K(18432K), 0.0012620 secs] 50076K->37245K(59392K), 0.0012930 secs] [Times: user=0.00 sys=0.00, real=0.00 secs] 
118.308: Total time for which application threads were stopped: 0.0015800 seconds, Stopping threads took: 0.0002240 seconds
118.315: Application time: 0.0068400 seconds
118.315: [GC118.315: [DefNew: 17112K->17112K(18432K), 0.0000100 secs]118.315: [Tenured: 35820K->22932K(40960K), 0.0100900 secs] 52933K->22932K(59392K), [Perm : 6081K->6081K(21248K)], 0.0101450 secs] [Times: user=0.01 sys=0.00, real=0.00 secs] 
118.325: Total time for which application threads were stopped: 0.0103210 seconds, Stopping threads took: 0.0001050 seconds
118.332: Application time: 0.0066570 seconds
118.332: [GC118.332: [DefNew: 15680K->1425K(18432K), 0.0010930 secs] 38613K->25782K(59392K), 0.0011220 secs] [Times: user=0.00 sys=0.00, real=0.00 secs] 
118.333: Total time for which application threads were stopped: 0.0012590 seconds, Stopping threads took: 0.0000780 seconds
118.339: Application time: 0.0061490 seconds
118.339: [GC118.339: [DefNew: 17107K->1425K(18432K), 0.0010810 secs] 41464K->27920K(59392K), 0.0011080 secs] [Times: user=0.00 sys=0.00, real=0.00 secs] 
118.341: Total time for which application threads were stopped: 0.0012940 seconds, Stopping threads took: 0.0001280 seconds
118.344: Application time: 0.0038610 seconds
118.345: [GC118.345: [DefNew: 17113K->1426K(18432K), 0.0010410 secs] 43608K->29346K(59392K), 0.0010680 secs] [Times: user=0.00 sys=0.00, real=0.01 secs] 
118.346: Total time for which application threads were stopped: 0.0012090 seconds, Stopping threads took: 0.0000820 seconds
118.349: Application time: 0.0037490 seconds
118.350: [GC118.350: [DefNew: 17104K->712K(18432K), 0.0003940 secs] 45024K->28633K(59392K), 0.0004220 secs] [Times: user=0.00 sys=0.00, real=0.00 secs] 
118.350: Total time for which application threads were stopped: 0.0005720 seconds, Stopping threads took: 0.0000920 seconds
118.398: Application time: 0.0475480 seconds
118.398: [GC118.398: [DefNew: 16415K->1426K(18432K), 0.0034630 secs] 44336K->40035K(59392K), 0.0035010 secs] [Times: user=0.01 sys=0.00, real=0.00 secs] 
118.401: Total time for which application threads were stopped: 0.0036400 seconds, Stopping threads took: 0.0000620 seconds
118.475: Application time: 0.0736200 seconds
118.475: [GC118.475: [DefNew: 17118K->17118K(18432K), 0.0000100 secs]118.475: [Tenured: 38608K->24358K(40960K), 0.0095800 secs] 55727K->24358K(59392K), [Perm : 6081K->6081K(21248K)], 0.0096370 secs] [Times: user=0.01 sys=0.00, real=0.00 secs] 
118.485: Total time for which application threads were stopped: 0.0097730 seconds, Stopping threads took: 0.0000680 seconds
118.552: Application time: 0.0673510 seconds
118.552: [GC118.552: [DefNew: 15691K->1425K(18432K), 0.0045090 secs] 40049K->40033K(59392K), 0.0045550 secs] [Times: user=0.01 sys=0.00, real=0.01 secs] 
118.557: Total time for which application threads were stopped: 0.0046830 seconds, Stopping threads took: 0.0000600 seconds
118.624: Application time: 0.0674000 seconds
118.624: [GC118.624: [DefNew: 17122K->17122K(18432K), 0.0000090 secs]118.624: [Tenured: 38608K->25784K(40960K), 0.0091220 secs] 55731K->25784K(59392K), [Perm : 6081K->6081K(21248K)], 0.0091820 secs] [Times: user=0.01 sys=0.00, real=0.01 secs] 
118.633: Total time for which application threads were stopped: 0.0093220 seconds, Stopping threads took: 0.0000590 seconds
118.707: Application time: 0.0735580 seconds
118.707: [GC118.707: [DefNew: 15697K->1425K(18432K), 0.0043340 secs] 41481K->40747K(59392K), 0.0043770 secs] [Times: user=0.01 sys=0.00, real=0.00 secs] 
118.711: Total time for which application threads were stopped: 0.0045550 seconds, Stopping threads took: 0.0001110 seconds
118.765: Application time: 0.0531900 seconds
118.765: [GC118.765: [DefNew: 17117K->17117K(18432K), 0.0000090 secs]118.765: [Tenured: 39321K->26497K(40960K), 0.0093800 secs] 56439K->26497K(59392K), [Perm : 6081K->6081K(21248K)], 0.0094340 secs] [Times: user=0.01 sys=0.00, real=0.02 secs] 
118.774: Total time for which application threads were stopped: 0.0095660 seconds, Stopping threads took: 0.0000630 seconds
118.845: Application time: 0.0707100 seconds
118.845: [GC118.845: [DefNew: 15691K->1425K(18432K), 0.0045200 secs] 42188K->42172K(59392K), 0.0045560 secs] [Times: user=0.00 sys=0.00, real=0.01 secs] 
118.850: Total time for which application threads were stopped: 0.0047860 seconds, Stopping threads took: 0.0001450 seconds
118.927: Application time: 0.0773750 seconds
118.927: [GC118.927: [DefNew: 17122K->17122K(18432K), 0.0000090 secs]118.927: [Tenured: 40747K->25782K(40960K), 0.0103630 secs] 57870K->25782K(59392K), [Perm : 6081K->6081K(21248K)], 0.0104200 secs] [Times: user=0.01 sys=0.00, real=0.01 secs] 
118.938: Total time for which application threads were stopped: 0.0105610 seconds, Stopping threads took: 0.0000590 seconds
119.000: Application time: 0.0625960 seconds
119.000: [GC119.000: [DefNew: 15691K->15691K(18432K), 0.0000090 secs]119.000: [Tenured: 25782K->26494K(40960K), 0.0089020 secs] 41474K->26494K(59392K), [Perm : 6081K->6081K(21248K)], 0.0089540 secs] [Times: user=0.01 sys=0.00, real=0.01 secs] 
119.009: Total time for which application threads were stopped: 0.0090900 seconds, Stopping threads took: 0.0000680 seconds
119.070: Application time: 0.0602250 seconds
119.070: [GC119.070: [DefNew: 15691K->15691K(18432K), 0.0000110 secs]119.070: [Tenured: 26494K->27207K(40960K), 0.0102350 secs] 42186K->27207K(59392K), [Perm : 6081K->6081K(21248K)], 0.0102960 secs] [Times: user=0.01 sys=0.00, real=0.01 secs] 
119.080: Total time for which application threads were stopped: 0.0105280 seconds, Stopping threads took: 0.0001600 seconds
119.154: Application time: 0.0741940 seconds
119.154: [GC119.154: [DefNew: 15691K->15691K(18432K), 0.0000100 secs]119.154: [Tenured: 27207K->26494K(40960K), 0.0104550 secs] 42899K->26494K(59392K), [Perm : 6081K->6081K(21248K)], 0.0105160 secs] [Times: user=0.01 sys=0.00, real=0.00 secs] 
119.165: Total time for which application threads were stopped: 0.0106900 seconds, Stopping threads took: 0.0001040 seconds
119.224: Application time: 0.0589460 seconds
119.224: [GC119.224: [DefNew: 15697K->15697K(18432K), 0.0000090 secs]119.224: [Tenured: 26494K->26495K(40960K), 0.0097500 secs] 42192K->26495K(59392K), [Perm : 6081K->6081K(21248K)], 0.0098040 secs] [Times: user=0.01 sys=0.00, real=0.02 secs] 
119.234: Total time for which application threads were stopped: 0.0099230 seconds, Stopping threads took: 0.0000540 seconds
119.301: Application time: 0.0675550 seconds
119.302: [GC119.302: [DefNew: 15704K->15704K(18432K), 0.0000100 secs]119.302: [Tenured: 26495K->27209K(40960K), 0.0099290 secs] 42199K->27209K(59392K), [Perm : 6081K->6081K(21248K)], 0.0099910 secs] [Times: user=0.01 sys=0.00, real=0.01 secs] 
119.312: Total time for which application threads were stopped: 0.0101350 seconds, Stopping threads took: 0.0000710 seconds
119.385: Application time: 0.0739310 seconds
119.386: [GC119.386: [DefNew: 15698K->15698K(18432K), 0.0000100 secs]119.386: [Tenured: 27209K->29347K(40960K), 0.0102570 secs] 42907K->29347K(59392K), [Perm : 6081K->6081K(21248K)], 0.0103140 secs] [Times: user=0.01 sys=0.00, real=0.01 secs] 
119.396: Total time for which application threads were stopped: 0.0104520 seconds, Stopping threads took: 0.0000700 seconds
119.470: Application time: 0.0740510 seconds
119.470: [GC119.470: [DefNew: 15697K->15697K(18432K), 0.0000110 secs]119.470: [Tenured: 29347K->28635K(40960K), 0.0098610 secs] 45045K->28635K(59392K), [Perm : 6081K->6081K(21248K)], 0.0099290 secs] [Times: user=0.01 sys=0.00, real=0.01 secs] 
119.480: Total time for which application threads were stopped: 0.0100620 seconds, Stopping threads took: 0.0000480 seconds
119.554: Application time: 0.0737110 seconds
119.554: [GC119.554: [DefNew: 15691K->15691K(18432K), 0.0000100 secs]119.554: [Tenured: 28635K->28632K(40960K), 0.0108680 secs] 44327K->28632K(59392K), [Perm : 6081K->6081K(21248K)], 0.0109270 secs] [Times: user=0.01 sys=0.00, real=0.00 secs] 
119.565: Total time for which application threads were stopped: 0.0110560 seconds, Stopping threads took: 0.0000570 seconds
119.614: Application time: 0.0491810 seconds
119.614: [GC119.614: [DefNew: 15698K->15698K(18432K), 0.0000090 secs]119.614: [Tenured: 28632K->29346K(40960K), 0.0098310 secs] 44330K->29346K(59392K), [Perm : 6081K->6081K(21248K)], 0.0098910 secs] [Times: user=0.01 sys=0.00, real=0.00 secs] 
119.624: Total time for which application threads were stopped: 0.0101720 seconds, Stopping threads took: 0.0001930 seconds
119.694: Application time: 0.0695860 seconds
119.694: [GC119.694: [DefNew: 15698K->15698K(18432K), 0.0000100 secs]119.694: [Tenured: 29346K->27920K(40960K), 0.0097660 secs] 45044K->27920K(59392K), [Perm : 6081K->6081K(21248K)], 0.0098260 secs] [Times: user=0.01 sys=0.00, real=0.00 secs] 
119.704: Total time for which application threads were stopped: 0.0099590 seconds, Stopping threads took: 0.0000600 seconds
119.740: Application time: 0.0361620 seconds
119.740: [GC119.740: [DefNew: 15689K->15689K(18432K), 0.0000100 secs]119.740: [Tenured: 27920K->29345K(40960K), 0.0101030 secs] 43609K->29345K(59392K), [Perm : 6081K->6081K(21248K)], 0.0101620 secs] [Times: user=0.01 sys=0.00, real=0.01 secs] 
119.750: Total time for which application threads were stopped: 0.0103340 seconds, Stopping threads took: 0.0000900 seconds
119.822: Application time: 0.0719410 seconds
119.822: [GC119.822: [DefNew: 15689K->15689K(18432K), 0.0000100 secs]119.822: [Tenured: 29345K->27207K(40960K), 0.0115980 secs] 45035K->27207K(59392K), [Perm : 6081K->6081K(21248K)], 0.0116580 secs] [Times: user=0.01 sys=0.00, real=0.02 secs] 
119.834: Total time for which application threads were stopped: 0.0117920 seconds, Stopping threads took: 0.0000610 seconds
119.904: Application time: 0.0697340 seconds
119.904: [GC119.904: [DefNew: 15698K->15698K(18432K), 0.0000090 secs]119.904: [Tenured: 27207K->27208K(40960K), 0.0088380 secs] 42906K->27208K(59392K), [Perm : 6081K->6081K(21248K)], 0.0088940 secs] [Times: user=0.01 sys=0.00, real=0.01 secs] 
119.913: Total time for which application threads were stopped: 0.0090290 seconds, Stopping threads took: 0.0000670 seconds
119.982: Application time: 0.0695290 seconds
119.982: [GC119.982: [DefNew: 15689K->1425K(18432K), 0.0041290 secs] 42898K->41459K(59392K), 0.0041700 secs] [Times: user=0.00 sys=0.00, real=0.01 secs] 
119.987: Total time for which application threads were stopped: 0.0044150 seconds, Stopping threads took: 0.0001490 seconds
120.036: Application time: 0.0491710 seconds
120.036: [GC120.036: [DefNew: 17115K->17115K(18432K), 0.0000100 secs]120.036: [Tenured: 40034K->27921K(40960K), 0.0101860 secs] 57149K->27921K(59392K), [Perm : 6081K->6081K(21248K)], 0.0102460 secs] [Times: user=0.01 sys=0.00, real=0.01 secs] 
120.046: Total time for which application threads were stopped: 0.0105610 seconds, Stopping threads took: 0.0002250 seconds
120.082: Application time: 0.0355490 seconds
120.082: [GC120.082: [DefNew: 15690K->15690K(18432K), 0.0000100 secs]120.082: [Tenured: 27921K->27921K(40960K), 0.0106030 secs] 43611K->27921K(59392K), [Perm : 6081K->6081K(21248K)], 0.0106640 secs] [Times: user=0.01 sys=0.00, real=0.01 secs] 
120.093: Total time for which application threads were stopped: 0.0108820 seconds, Stopping threads took: 0.0001280 seconds
120.162: Application time: 0.0691790 seconds
120.162: [GC120.162: [DefNew: 15690K->15690K(18432K), 0.0000100 secs]120.162: [Tenured: 27921K->26495K(40960K), 0.0105980 secs] 43611K->26495K(59392K), [Perm : 6081K->6081K(21248K)], 0.0106660 secs] [Times: user=0.01 sys=0.00, real=0.01 secs] 
120.173: Total time for which application threads were stopped: 0.0108090 seconds, Stopping threads took: 0.0000760 seconds
120.245: Application time: 0.0719320 seconds
120.245: [GC120.245: [DefNew: 15689K->15689K(18432K), 0.0000100 secs]120.245: [Tenured: 26495K->26495K(40960K), 0.0097150 secs] 42185K->26495K(59392K), [Perm : 6081K->6081K(21248K)], 0.0097710 secs] [Times: user=0.01 sys=0.00, real=0.02 secs] 
120.255: Total time for which application threads were stopped: 0.0099120 seconds, Stopping threads took: 0.0000710 seconds
120.300: Application time: 0.0454630 seconds
120.300: [GC120.300: [DefNew: 15705K->15705K(18432K), 0.0000100 secs]120.300: [Tenured: 26495K->25783K(40960K), 0.0098180 secs] 42201K->25783K(59392K), [Perm : 6081K->6081K(21248K)], 0.0098760 secs] [Times: user=0.01 sys=0.00, real=0.01 secs] 
120.310: Total time for which application threads were stopped: 0.0100010 seconds, Stopping threads took: 0.0000560 seconds
120.348: Application time: 0.0379910 seconds
120.348: [GC120.348: [DefNew: 15697K->15697K(18432K), 0.0000100 secs]120.348: [Tenured: 25783K->24358K(40960K), 0.0105960 secs] 41480K->24358K(59392K), [Perm : 6081K->6081K(21248K)], 0.0106530 secs] [Times: user=0.01 sys=0.00, real=0.01 secs] 
120.359: Total time for which application threads were stopped: 0.0108260 seconds, Stopping threads took: 0.0001020 seconds
120.425: Application time: 0.0658540 seconds
120.425: [GC120.425: [DefNew: 15696K->1426K(18432K), 0.0035880 secs] 40055K->36472K(59392K), 0.0036270 secs] [Times: user=0.00 sys=0.00, real=0.01 secs] 
120.429: Total time for which application threads were stopped: 0.0037840 seconds, Stopping threads took: 0.0000800 seconds
120.476: Application time: 0.0477090 seconds
120.476: [GC120.476: [DefNew: 17123K->17123K(18432K), 0.0000090 secs]120.476: [Tenured: 35046K->22933K(40960K), 0.0100060 secs] 52169K->22933K(59392K), [Perm : 6081K->6081K(21248K)], 0.0100630 secs] [Times: user=0.01 sys=0.00, real=0.01 secs] 
120.487: Total time for which application threads were stopped: 0.0102290 seconds, Stopping threads took: 0.0000980 seconds
120.536: Application time: 0.0499550 seconds
120.537: [GC120.537: [DefNew: 15688K->1425K(18432K), 0.0034910 secs] 38621K->35047K(59392K), 0.0035330 secs] [Times: user=0.00 sys=0.00, real=0.00 secs] 
120.540: Total time for which application threads were stopped: 0.0037280 seconds, Stopping threads took: 0.0001080 seconds
120.591: Application time: 0.0511440 seconds
120.592: [GC120.592: [DefNew: 17113K->17113K(18432K), 0.0000090 secs]120.592: [Tenured: 33621K->25783K(40960K), 0.0092080 secs] 50735K->25783K(59392K), [Perm : 6081K->6081K(21248K)], 0.0092650 secs] [Times: user=0.01 sys=0.00, real=0.01 secs] 
120.601: Total time for which application threads were stopped: 0.0094950 seconds, Stopping threads took: 0.0001460 seconds
120.665: Application time: 0.0641620 seconds
120.665: [GC120.665: [DefNew: 15696K->15696K(18432K), 0.0000090 secs]120.665: [Tenured: 25783K->25784K(40960K), 0.0088160 secs] 41480K->25784K(59392K), [Perm : 6081K->6081K(21248K)], 0.0088730 secs] [Times: user=0.01 sys=0.00, real=0.02 secs] 
120.674: Total time for which application threads were stopped: 0.0090010 seconds, Stopping threads took: 0.0000600 seconds
120.708: Application time: 0.0335340 seconds
120.708: [GC120.708: [DefNew: 15697K->15697K(18432K), 0.0000110 secs]120.708: [Tenured: 25784K->25785K(40960K), 0.0097100 secs] 41482K->25785K(59392K), [Perm : 6081K->6081K(21248K)], 0.0097710 secs] [Times: user=0.01 sys=0.00, real=0.01 secs] 
120.718: Total time for which application threads were stopped: 0.0099810 seconds, Stopping threads took: 0.0001410 seconds
120.776: Application time: 0.0587160 seconds
120.776: [GC120.776: [DefNew: 15688K->15688K(18432K), 0.0000090 secs]120.776: [Tenured: 25785K->25784K(40960K), 0.0107360 secs] 41474K->25784K(59392K), [Perm : 6081K->6081K(21248K)], 0.0107910 secs] [Times: user=0.01 sys=0.00, real=0.01 secs] 
120.787: Total time for which application threads were stopped: 0.0109450 seconds, Stopping threads took: 0.0000770 seconds
120.843: Application time: 0.0554920 seconds
120.843: [GC120.843: [DefNew: 15688K->15688K(18432K), 0.0000100 secs]120.843: [Tenured: 25784K->25784K(40960K), 0.0095890 secs] 41472K->25784K(59392K), [Perm : 6081K->6081K(21248K)], 0.0096500 secs] [Times: user=0.01 sys=0.00, real=0.01 secs] 
120.852: Total time for which application threads were stopped: 0.0097810 seconds, Stopping threads took: 0.0000610 seconds
120.899: Application time: 0.0466070 seconds
120.899: [GC120.899: [DefNew: 15688K->15688K(18432K), 0.0000110 secs]120.899: [Tenured: 25784K->25784K(40960K), 0.0097080 secs] 41472K->25784K(59392K), [Perm : 6081K->6081K(21248K)], 0.0097710 secs] [Times: user=0.01 sys=0.00, real=0.01 secs] 
120.909: Total time for which application threads were stopped: 0.0099050 seconds, Stopping threads took: 0.0000610 seconds
120.962: Application time: 0.0531910 seconds
120.962: [GC120.962: [DefNew: 15697K->15697K(18432K), 0.0000090 secs]120.962: [Tenured: 25784K->25785K(40960K), 0.0090300 secs] 41481K->25785K(59392K), [Perm : 6081K->6081K(21248K)], 0.0090880 secs] [Times: user=0.01 sys=0.00, real=0.01 secs] 
120.971: Total time for which application threads were stopped: 0.0092220 seconds, Stopping threads took: 0.0000650 seconds
121.029: Application time: 0.0576340 seconds
121.029: [GC121.029: [DefNew: 15688K->15688K(18432K), 0.0000100 secs]121.029: [Tenured: 25785K->26496K(40960K), 0.0106860 secs] 41473K->26496K(59392K), [Perm : 6081K->6081K(21248K)], 0.0107460 secs] [Times: user=0.01 sys=0.00, real=0.01 secs] 
121.040: Total time for which application threads were stopped: 0.0108800 seconds, Stopping threads took: 0.0000620 seconds
121.073: Application time: 0.0335290 seconds
121.074: [GC121.074: [DefNew: 15688K->15688K(18432K), 0.0000100 secs]121.074: [Tenured: 26496K->26496K(40960K), 0.0098240 secs] 42185K->26496K(59392K), [Perm : 6081K->6081K(21248K)], 0.0098820 secs] [Times: user=0.01 sys=0.00, real=0.00 secs] 
121.084: Total time for which application threads were stopped: 0.0100430 seconds, Stopping threads took: 0.0000780 seconds
121.155: Application time: 0.0712360 seconds
121.155: [GC121.155: [DefNew: 15688K->15688K(18432K), 0.0000100 secs]121.155: [Tenured: 26496K->26496K(40960K), 0.0097240 secs] 42185K->26496K(59392K), [Perm : 6081K->6081K(21248K)], 0.0097840 secs] [Times: user=0.01 sys=0.00, real=0.00 secs] 
121.165: Total time for which application threads were stopped: 0.0099250 seconds, Stopping threads took: 0.0000700 seconds
121.209: Application time: 0.0438760 seconds
121.209: [GC121.209: [DefNew: 15688K->15688K(18432K), 0.0000110 secs]121.209: [Tenured: 26496K->26496K(40960K), 0.0106000 secs] 42185K->26496K(59392K), [Perm : 6081K->6081K(21248K)], 0.0106610 secs] [Times: user=0.01 sys=0.00, real=0.01 secs] 
121.219: Total time for which application threads were stopped: 0.0109040 seconds, Stopping threads took: 0.0001720 seconds
121.264: Application time: 0.0450180 seconds
121.265: [GC121.265: [DefNew: 15688K->15688K(18432K), 0.0000090 secs]121.265: [Tenured: 26496K->26496K(40960K), 0.0090240 secs] 42185K->26496K(59392K), [Perm : 6081K->6081K(21248K)], 0.0090830 secs] [Times: user=0.01 sys=0.00, real=0.02 secs] 
121.274: Total time for which application threads were stopped: 0.0092840 seconds, Stopping threads took: 0.0001340 seconds
121.335: Application time: 0.0615760 seconds
121.335: [GC121.335: [DefNew: 15697K->15697K(18432K), 0.0000110 secs]121.335: [Tenured: 26496K->26497K(40960K), 0.0096790 secs] 42194K->26497K(59392K), [Perm : 6081K->6081K(21248K)], 0.0097390 secs] [Times: user=0.01 sys=0.00, real=0.00 secs] 
121.345: Total time for which application threads were stopped: 0.0098750 seconds, Stopping threads took: 0.0000650 seconds
121.392: Application time: 0.0467130 seconds
121.392: [GC121.392: [DefNew: 15705K->15705K(18432K), 0.0000090 secs]121.392: [Tenured: 26497K->27211K(40960K), 0.0090910 secs] 42203K->27211K(59392K), [Perm : 6081K->6081K(21248K)], 0.0091560 secs] [Times: user=0.01 sys=0.00, real=0.01 secs] 
121.401: Total time for which application threads were stopped: 0.0092900 seconds, Stopping threads took: 0.0000660 seconds
121.441: Application time: 0.0399400 seconds
121.441: [GC121.441: [DefNew: 15688K->15688K(18432K), 0.0000100 secs]121.441: [Tenured: 27211K->28637K(40960K), 0.0100240 secs] 42900K->28637K(59392K), [Perm : 6081K->6081K(21248K)], 0.0100840 secs] [Times: user=0.01 sys=0.00, real=0.01 secs] 
121.451: Total time for which application threads were stopped: 0.0102620 seconds, Stopping threads took: 0.0001080 seconds
121.521: Application time: 0.0699120 seconds
121.521: [GC121.521: [DefNew: 15688K->15688K(18432K), 0.0000100 secs]121.521: [Tenured: 28637K->28634K(40960K), 0.0109790 secs] 44325K->28634K(59392K), [Perm : 6081K->6081K(21248K)], 0.0110370 secs] [Times: user=0.01 sys=0.00, real=0.01 secs] 
121.533: Total time for which application threads were stopped: 0.0111740 seconds, Stopping threads took: 0.0000640 seconds
121.547: Application time: 0.0148010 seconds
121.547: [GC121.547: [DefNew: 15727K->15727K(18432K), 0.0000100 secs]121.548: [Tenured: 28634K->29377K(40960K), 0.0105410 secs] 44361K->29377K(59392K), [Perm : 6081K->6081K(21248K)], 0.0106020 secs] [Times: user=0.01 sys=0.00, real=0.01 secs] 
121.558: Total time for which application threads were stopped: 0.0107830 seconds, Stopping threads took: 0.0000900 seconds
121.566: Application time: 0.0083340 seconds
121.567: [GC121.567: [DefNew: 15677K->15677K(18432K), 0.0000100 secs]121.567: [Tenured: 29377K->30089K(40960K), 0.0062860 secs] 45054K->30089K(59392K), [Perm : 6081K->6081K(21248K)], 0.0063450 secs] [Times: user=0.00 sys=0.00, real=0.00 secs] 
121.573: Total time for which application threads were stopped: 0.0065240 seconds, Stopping threads took: 0.0000980 seconds
121.579: Application time: 0.0057210 seconds
121.579: [GC121.579: [DefNew: 15685K->15685K(18432K), 0.0000090 secs]121.579: [Tenured: 30089K->30802K(40960K), 0.0097240 secs] 45775K->30802K(59392K), [Perm : 6081K->6081K(21248K)], 0.0097850 secs] [Times: user=0.01 sys=0.00, real=0.01 secs] 
121.589: Total time for which application threads were stopped: 0.0100750 seconds, Stopping threads took: 0.0002070 seconds
121.593: Application time: 0.0041500 seconds
121.593: [GC121.593: [DefNew: 15677K->15677K(18432K), 0.0000090 secs]121.593: [Tenured: 30802K->28634K(40960K), 0.0103790 secs] 46479K->28634K(59392K), [Perm : 6081K->6081K(21248K)], 0.0104360 secs] [Times: user=0.01 sys=0.00, real=0.01 secs] 
121.604: Total time for which application threads were stopped: 0.0105960 seconds, Stopping threads took: 0.0000870 seconds
121.611: Application time: 0.0073220 seconds
121.611: [GC121.611: [DefNew: 15688K->15688K(18432K), 0.0000100 secs]121.611: [Tenured: 28634K->28634K(40960K), 0.0095440 secs] 44322K->28634K(59392K), [Perm : 6081K->6081K(21248K)], 0.0096060 secs] [Times: user=0.01 sys=0.00, real=0.01 secs] 
121.621: Total time for which application threads were stopped: 0.0098070 seconds, Stopping threads took: 0.0001280 seconds
121.628: Application time: 0.0078520 seconds
121.629: [GC121.629: [DefNew: 15679K->15679K(18432K), 0.0000100 secs]121.629: [Tenured: 28634K->29347K(40960K), 0.0064490 secs] 44313K->29347K(59392K), [Perm : 6081K->6081K(21248K)], 0.0065000 secs] [Times: user=0.00 sys=0.00, real=0.01 secs] 
121.635: Total time for which application threads were stopped: 0.0066460 seconds, Stopping threads took: 0.0000800 seconds
121.641: Application time: 0.0056140 seconds
121.641: [GC121.641: [DefNew: 15687K->15687K(18432K), 0.0000100 secs]121.641: [Tenured: 29347K->29348K(40960K), 0.0067890 secs] 45034K->29348K(59392K), [Perm : 6081K->6081K(21248K)], 0.0068480 secs] [Times: user=0.00 sys=0.00, real=0.01 secs] 
121.648: Total time for which application threads were stopped: 0.0071280 seconds, Stopping threads took: 0.0001900 seconds
121.652: Application time: 0.0040800 seconds
121.652: [GC121.652: [DefNew: 15681K->15681K(18432K), 0.0000110 secs]121.652: [Tenured: 29348K->27209K(40960K), 0.0092290 secs] 45029K->27209K(59392K), [Perm : 6081K->6081K(21248K)], 0.0092890 secs] [Times: user=0.01 sys=0.00, real=0.01 secs] 
121.662: Total time for which application threads were stopped: 0.0096950 seconds, Stopping threads took: 0.0003220 seconds
121.667: Application time: 0.0057990 seconds
121.668: [GC121.668: [DefNew: 15688K->15688K(18432K), 0.0000100 secs]121.668: [Tenured: 27209K->27922K(40960K), 0.0069350 secs] 42898K->27922K(59392K), [Perm : 6081K->6081K(21248K)], 0.0069950 secs] [Times: user=0.01 sys=0.00, real=0.01 secs] 
121.675: Total time for which application threads were stopped: 0.0071770 seconds, Stopping threads took: 0.0001120 seconds
121.722: Application time: 0.0478260 seconds
121.723: [GC121.723: [DefNew: 15688K->15688K(18432K), 0.0000100 secs]121.723: [Tenured: 27922K->27921K(40960K), 0.0107710 secs] 43610K->27921K(59392K), [Perm : 6081K->6081K(21248K)], 0.0108320 secs] [Times: user=0.01 sys=0.00, real=0.02 secs] 
121.734: Total time for which application threads were stopped: 0.0110490 seconds, Stopping threads took: 0.0001480 seconds
121.768: Application time: 0.0349000 seconds
121.769: [GC121.769: [DefNew: 15718K->15718K(18432K), 0.0000100 secs]121.769: [Tenured: 27921K->30088K(40960K), 0.0108650 secs] 43640K->30088K(59392K), [Perm : 6081K->6081K(21248K)], 0.0109230 secs] [Times: user=0.01 sys=0.00, real=0.01 secs] 
121.780: Total time for which application threads were stopped: 0.0111460 seconds, Stopping threads took: 0.0001320 seconds
121.787: Application time: 0.0071320 seconds
121.787: [GC121.787: [DefNew: 15681K->15681K(18432K), 0.0000100 secs]121.787: [Tenured: 30088K->26496K(40960K), 0.0113180 secs] 45770K->26496K(59392K), [Perm : 6081K->6081K(21248K)], 0.0113780 secs] [Times: user=0.01 sys=0.00, real=0.01 secs] 
121.798: Total time for which application threads were stopped: 0.0116130 seconds, Stopping threads took: 0.0001470 seconds
121.804: Application time: 0.0060850 seconds
121.805: [GC121.805: [DefNew: 15685K->15685K(18432K), 0.0000100 secs]121.805: [Tenured: 26496K->30059K(40960K), 0.0064550 secs] 42182K->30059K(59392K), [Perm : 6081K->6081K(21248K)], 0.0065140 secs] [Times: user=0.01 sys=0.00, real=0.01 secs] 
121.811: Total time for which application threads were stopped: 0.0067010 seconds, Stopping threads took: 0.0001150 seconds
121.815: Application time: 0.0040670 seconds
121.815: [GC121.815: [DefNew: 15679K->15679K(18432K), 0.0000110 secs]121.815: [Tenured: 30059K->27209K(40960K), 0.0101780 secs] 45739K->27209K(59392K), [Perm : 6081K->6081K(21248K)], 0.0102410 secs] [Times: user=0.01 sys=0.00, real=0.01 secs] 
121.826: Total time for which application threads were stopped: 0.0104110 seconds, Stopping threads took: 0.0000950 seconds
121.833: Application time: 0.0077520 seconds
121.834: [GC121.834: [DefNew: 15687K->15687K(18432K), 0.0000100 secs]121.834: [Tenured: 27209K->29347K(40960K), 0.0071360 secs] 42896K->29347K(59392K), [Perm : 6081K->6081K(21248K)], 0.0071940 secs] [Times: user=0.01 sys=0.00, real=0.00 secs] 
121.841: Total time for which application threads were stopped: 0.0073890 seconds, Stopping threads took: 0.0001240 seconds
121.848: Application time: 0.0070470 seconds
121.848: [GC121.848: [DefNew: 16105K->16105K(18432K), 0.0000100 secs]121.848: [Tenured: 29347K->24364K(40960K), 0.0105320 secs] 45452K->24364K(59392K), [Perm : 6081K->6081K(21248K)], 0.0105910 secs] [Times: user=0.01 sys=0.00, real=0.01 secs] 
121.859: Total time for which application threads were stopped: 0.0108820 seconds, Stopping threads took: 0.0002100 seconds
121.865: Application time: 0.0064770 seconds
121.865: [GC121.865: [DefNew: 15917K->1431K(18432K), 0.0005850 secs] 40282K->25795K(59392K), 0.0006150 secs] [Times: user=0.00 sys=0.00, real=0.01 secs] 
121.866: Total time for which application threads were stopped: 0.0007790 seconds, Stopping threads took: 0.0001080 seconds
121.870: Application time: 0.0038940 seconds
121.870: [GC121.870: [DefNew: 17207K->1425K(18432K), 0.0015950 secs] 41571K->29353K(59392K), 0.0016250 secs] [Times: user=0.00 sys=0.00, real=0.00 secs] 
121.872: Total time for which application threads were stopped: 0.0017560 seconds, Stopping threads took: 0.0000590 seconds
121.875: Application time: 0.0035060 seconds
121.876: [GC121.876: [DefNew: 17106K->17106K(18432K), 0.0000090 secs]121.876: [Tenured: 27927K->26496K(40960K), 0.0095990 secs] 45034K->26496K(59392K), [Perm : 6081K->6081K(21248K)], 0.0096580 secs] [Times: user=0.01 sys=0.00, real=0.01 secs] 
121.886: Total time for which application threads were stopped: 0.0105500 seconds, Stopping threads took: 0.0007990 seconds
121.890: Application time: 0.0046630 seconds
121.890: [GC121.890: [DefNew: 15679K->15679K(18432K), 0.0000100 secs]121.891: [Tenured: 26496K->27921K(40960K), 0.0060340 secs] 42176K->27921K(59392K), [Perm : 6081K->6081K(21248K)], 0.0060910 secs] [Times: user=0.00 sys=0.00, real=0.01 secs] 
121.897: Total time for which application threads were stopped: 0.0062740 seconds, Stopping threads took: 0.0001140 seconds
121.904: Application time: 0.0078060 seconds
121.905: [GC121.905: [DefNew: 15694K->15694K(18432K), 0.0000100 secs]121.905: [Tenured: 27921K->27921K(40960K), 0.0070480 secs] 43616K->27921K(59392K), [Perm : 6081K->6081K(21248K)], 0.0071040 secs] [Times: user=0.00 sys=0.00, real=0.01 secs] 
121.912: Total time for which application threads were stopped: 0.0072490 seconds, Stopping threads took: 0.0000720 seconds
121.916: Application time: 0.0040950 seconds
121.916: [GC121.916: [DefNew: 15677K->15677K(18432K), 0.0000100 secs]121.916: [Tenured: 27921K->27921K(40960K), 0.0079600 secs] 43599K->27921K(59392K), [Perm : 6081K->6081K(21248K)], 0.0080210 secs] [Times: user=0.00 sys=0.00, real=0.00 secs] 
121.924: Total time for which application threads were stopped: 0.0082940 seconds, Stopping threads took: 0.0001840 seconds
121.930: Application time: 0.0063070 seconds
121.930: [GC121.930: [DefNew: 15689K->15689K(18432K), 0.0000100 secs]121.930: [Tenured: 27921K->25783K(40960K), 0.0093450 secs] 43611K->25783K(59392K), [Perm : 6081K->6081K(21248K)], 0.0094040 secs] [Times: user=0.01 sys=0.00, real=0.01 secs] 
121.940: Total time for which application threads were stopped: 0.0095460 seconds, Stopping threads took: 0.0000690 seconds
121.947: Application time: 0.0067320 seconds
121.947: [GC121.947: [DefNew: 15680K->15680K(18432K), 0.0000120 secs]121.947: [Tenured: 25783K->26496K(40960K), 0.0094460 secs] 41464K->26496K(59392K), [Perm : 6081K->6081K(21248K)], 0.0095090 secs] [Times: user=0.01 sys=0.00, real=0.01 secs] 
121.956: Total time for which application threads were stopped: 0.0096690 seconds, Stopping threads took: 0.0000870 seconds
121.963: Application time: 0.0067260 seconds
121.963: [GC121.963: [DefNew: 15679K->15679K(18432K), 0.0000100 secs]121.963: [Tenured: 26496K->27209K(40960K), 0.0067480 secs] 42176K->27209K(59392K), [Perm : 6081K->6081K(21248K)], 0.0068050 secs] [Times: user=0.01 sys=0.00, real=0.01 secs] 
121.970: Total time for which application threads were stopped: 0.0070070 seconds, Stopping threads took: 0.0001330 seconds
121.975: Application time: 0.0052260 seconds
121.975: [GC121.975: [DefNew: 15688K->15688K(18432K), 0.0000090 secs]121.975: [Tenured: 27209K->27209K(40960K), 0.0096550 secs] 42898K->27209K(59392K), [Perm : 6081K->6081K(21248K)], 0.0097130 secs] [Times: user=0.01 sys=0.00, real=0.00 secs] 
121.985: Total time for which application threads were stopped: 0.0098550 seconds, Stopping threads took: 0.0000720 seconds
121.989: Application time: 0.0040280 seconds
121.989: [GC121.989: [DefNew: 15679K->15679K(18432K), 0.0000090 secs]121.989: [Tenured: 27209K->27921K(40960K), 0.0064020 secs] 42888K->27921K(59392K), [Perm : 6081K->6081K(21248K)], 0.0064550 secs] [Times: user=0.01 sys=0.00, real=0.01 secs] 
121.996: Total time for which application threads were stopped: 0.0066490 seconds, Stopping threads took: 0.0001290 seconds
122.002: Application time: 0.0062390 seconds
122.002: [GC122.002: [DefNew: 15688K->15688K(18432K), 0.0000110 secs]122.002: [Tenured: 27921K->26496K(40960K), 0.0092950 secs] 43610K->26496K(59392K), [Perm : 6081K->6081K(21248K)], 0.0093570 secs] [Times: user=0.01 sys=0.00, real=0.01 secs] 
122.012: Total time for which application threads were stopped: 0.0095270 seconds, Stopping threads took: 0.0000900 seconds
122.075: Application time: 0.0630000 seconds
122.075: [GC122.075: [DefNew: 15688K->15688K(18432K), 0.0000100 secs]122.075: [Tenured: 26496K->27208K(40960K), 0.0102310 secs] 42184K->27208K(59392K), [Perm : 6081K->6081K(21248K)], 0.0102920 secs] [Times: user=0.01 sys=0.00, real=0.00 secs] 
122.085: Total time for which application threads were stopped: 0.0105280 seconds, Stopping threads took: 0.0001260 seconds
122.147: Application time: 0.0615940 seconds
122.147: [GC122.147: [DefNew: 15687K->15687K(18432K), 0.0000110 secs]122.147: [Tenured: 27208K->27208K(40960K), 0.0108490 secs] 42896K->27208K(59392K), [Perm : 6081K->6081K(21248K)], 0.0109100 secs] [Times: user=0.02 sys=0.00, real=0.01 secs] 
122.158: Total time for which application threads were stopped: 0.0111370 seconds, Stopping threads took: 0.0001270 seconds
122.190: Application time: 0.0324190 seconds
122.190: [GC122.190: [DefNew: 15718K->15718K(18432K), 0.0000090 secs]122.190: [Tenured: 27208K->28663K(40960K), 0.0099510 secs] 42927K->28663K(59392K), [Perm : 6081K->6081K(21248K)], 0.0100110 secs] [Times: user=0.01 sys=0.00, real=0.01 secs] 
122.200: Total time for which application threads were stopped: 0.0101540 seconds, Stopping threads took: 0.0000710 seconds
122.209: Application time: 0.0086950 seconds
122.210: [GC122.210: [DefNew: 15677K->15677K(18432K), 0.0000100 secs]122.210: [Tenured: 28663K->26525K(40960K), 0.0097260 secs] 44340K->26525K(59392K), [Perm : 6081K->6081K(21248K)], 0.0097860 secs] [Times: user=0.01 sys=0.00, real=0.01 secs] 
122.220: Total time for which application threads were stopped: 0.0105810 seconds, Stopping threads took: 0.0007020 seconds
122.225: Application time: 0.0054200 seconds
122.225: [GC122.225: [DefNew: 15685K->15685K(18432K), 0.0000100 secs]122.225: [Tenured: 26525K->28663K(40960K), 0.0088920 secs] 42211K->28663K(59392K), [Perm : 6081K->6081K(21248K)], 0.0089500 secs] [Times: user=0.01 sys=0.00, real=0.02 secs] 
122.234: Total time for which application threads were stopped: 0.0091120 seconds, Stopping threads took: 0.0000890 seconds
122.238: Application time: 0.0042150 seconds
122.239: [GC122.239: [DefNew: 15677K->15677K(18432K), 0.0000110 secs]122.239: [Tenured: 28663K->27208K(40960K), 0.0112290 secs] 44340K->27208K(59392K), [Perm : 6081K->6081K(21248K)], 0.0112880 secs] [Times: user=0.01 sys=0.00, real=0.01 secs] 
122.250: Total time for which application threads were stopped: 0.0114420 seconds, Stopping threads took: 0.0000760 seconds
122.258: Application time: 0.0081880 seconds
122.258: [GC122.258: [DefNew: 15688K->15688K(18432K), 0.0000100 secs]122.258: [Tenured: 27208K->26496K(40960K), 0.0095400 secs] 42896K->26496K(59392K), [Perm : 6081K->6081K(21248K)], 0.0096010 secs] [Times: user=0.01 sys=0.00, real=0.01 secs] 
122.268: Total time for which application threads were stopped: 0.0097420 seconds, Stopping threads took: 0.0000670 seconds
122.274: Application time: 0.0066020 seconds
122.275: [GC122.275: [DefNew: 15679K->15679K(18432K), 0.0000100 secs]122.275: [Tenured: 26496K->27921K(40960K), 0.0059050 secs] 42175K->27921K(59392K), [Perm : 6081K->6081K(21248K)], 0.0059620 secs] [Times: user=0.00 sys=0.00, real=0.00 secs] 
122.281: Total time for which application threads were stopped: 0.0061080 seconds, Stopping threads took: 0.0000750 seconds
122.286: Application time: 0.0051360 seconds
122.286: [GC122.286: [DefNew: 15690K->15690K(18432K), 0.0000090 secs]122.286: [Tenured: 27921K->27208K(40960K), 0.0106010 secs] 43611K->27208K(59392K), [Perm : 6081K->6081K(21248K)], 0.0106610 secs] [Times: user=0.01 sys=0.00, real=0.01 secs] 
122.297: Total time for which application threads were stopped: 0.0109340 seconds, Stopping threads took: 0.0001810 seconds
122.300: Application time: 0.0036790 seconds
122.301: [GC122.301: [DefNew: 15682K->15682K(18432K), 0.0000100 secs]122.301: [Tenured: 27208K->26496K(40960K), 0.0094960 secs] 42891K->26496K(59392K), [Perm : 6081K->6081K(21248K)], 0.0095550 secs] [Times: user=0.01 sys=0.00, real=0.01 secs] 
122.310: Total time for which application threads were stopped: 0.0099800 seconds, Stopping threads took: 0.0003420 seconds
122.314: Application time: 0.0039960 seconds
122.314: [GC122.314: [DefNew: 15680K->15680K(18432K), 0.0000100 secs]122.314: [Tenured: 26496K->27208K(40960K), 0.0069170 secs] 42176K->27208K(59392K), [Perm : 6081K->6081K(21248K)], 0.0069840 secs] [Times: user=0.00 sys=0.00, real=0.00 secs] 
122.321: Total time for which application threads were stopped: 0.0071750 seconds, Stopping threads took: 0.0001110 seconds
122.382: Application time: 0.0606470 seconds
122.382: [GC122.382: [DefNew: 15696K->15696K(18432K), 0.0000100 secs]122.382: [Tenured: 27208K->25783K(40960K), 0.0096040 secs] 42905K->25783K(59392K), [Perm : 6081K->6081K(21248K)], 0.0096660 secs] [Times: user=0.01 sys=0.00, real=0.01 secs] 
122.392: Total time for which application threads were stopped: 0.0098570 seconds, Stopping threads took: 0.0001190 seconds
122.440: Application time: 0.0478630 seconds
122.440: [GC122.440: [DefNew: 15689K->15689K(18432K), 0.0000100 secs]122.440: [Tenured: 25783K->26495K(40960K), 0.0092100 secs] 41473K->26495K(59392K), [Perm : 6081K->6081K(21248K)], 0.0092670 secs] [Times: user=0.01 sys=0.00, real=0.01 secs] 
122.449: Total time for which application threads were stopped: 0.0094080 seconds, Stopping threads took: 0.0000730 seconds
122.501: Application time: 0.0517420 seconds
122.501: [GC122.501: [DefNew: 15689K->15689K(18432K), 0.0000090 secs]122.501: [Tenured: 26495K->27208K(40960K), 0.0099020 secs] 42185K->27208K(59392K), [Perm : 6081K->6081K(21248K)], 0.0099610 secs] [Times: user=0.01 sys=0.00, real=0.01 secs] 
122.511: Total time for which application threads were stopped: 0.0100940 seconds, Stopping threads took: 0.0000630 seconds
122.575: Application time: 0.0637210 seconds
122.575: [GC122.575: [DefNew: 15689K->15689K(18432K), 0.0000110 secs]122.575: [Tenured: 27208K->26495K(40960K), 0.0097290 secs] 42897K->26495K(59392K), [Perm : 6081K->6081K(21248K)], 0.0097900 secs] [Times: user=0.01 sys=0.00, real=0.00 secs] 
122.585: Total time for which application threads were stopped: 0.0099400 seconds, Stopping threads took: 0.0000780 seconds
122.632: Application time: 0.0470680 seconds
122.632: [GC122.632: [DefNew: 15718K->15718K(18432K), 0.0000100 secs]122.632: [Tenured: 26495K->27237K(40960K), 0.0093140 secs] 42213K->27237K(59392K), [Perm : 6081K->6081K(21248K)], 0.0093730 secs] [Times: user=0.01 sys=0.00, real=0.01 secs] 
122.641: Total time for which application threads were stopped: 0.0095410 seconds, Stopping threads took: 0.0000890 seconds
122.649: Application time: 0.0073970 seconds
122.649: [GC122.649: [DefNew: 15679K->15679K(18432K), 0.0000100 secs]122.649: [Tenured: 27237K->27237K(40960K), 0.0087060 secs] 42917K->27237K(59392K), [Perm : 6081K->6081K(21248K)], 0.0087650 secs] [Times: user=0.01 sys=0.00, real=0.01 secs] 
122.658: Total time for which application threads were stopped: 0.0089290 seconds, Stopping threads took: 0.0000780 seconds
122.663: Application time: 0.0058130 seconds
122.664: [GC122.664: [DefNew: 15685K->15685K(18432K), 0.0000090 secs]122.664: [Tenured: 27237K->27208K(40960K), 0.0104770 secs] 42923K->27208K(59392K), [Perm : 6081K->6081K(21248K)], 0.0105350 secs] [Times: user=0.01 sys=0.00, real=0.02 secs] 
122.674: Total time for which application threads were stopped: 0.0106920 seconds, Stopping threads took: 0.0000840 seconds
122.679: Application time: 0.0045930 seconds
122.679: [GC122.679: [DefNew: 15679K->15679K(18432K), 0.0000100 secs]122.679: [Tenured: 27208K->25070K(40960K), 0.0090790 secs] 42887K->25070K(59392K), [Perm : 6081K->6081K(21248K)], 0.0091400 secs] [Times: user=0.01 sys=0.00, real=0.01 secs] 
122.688: Total time for which application threads were stopped: 0.0094910 seconds, Stopping threads took: 0.0002800 seconds
122.696: Application time: 0.0080040 seconds
122.697: [GC122.697: [DefNew: 16058K->1496K(18432K), 0.0008410 secs] 41129K->27279K(59392K), 0.0008730 secs] [Times: user=0.00 sys=0.00, real=0.00 secs] 
122.698: Total time for which application threads were stopped: 0.0012110 seconds, Stopping threads took: 0.0002520 seconds
122.703: Application time: 0.0050840 seconds
122.704: [GC122.704: [DefNew: 17458K->1433K(18432K), 0.0017080 secs] 43241K->30837K(59392K), 0.0017450 secs] [Times: user=0.01 sys=0.00, real=0.00 secs] 
122.705: Total time for which application threads were stopped: 0.0027210 seconds, Stopping threads took: 0.0008920 seconds
122.709: Application time: 0.0037810 seconds
122.710: [GC122.710: [DefNew: 17241K->17241K(18432K), 0.0000100 secs]122.710: [Tenured: 29403K->22989K(40960K), 0.0096480 secs] 46645K->22989K(59392K), [Perm : 6081K->6081K(21248K)], 0.0097070 secs] [Times: user=0.01 sys=0.00, real=0.01 secs] 
122.719: Total time for which application threads were stopped: 0.0102560 seconds, Stopping threads took: 0.0004660 seconds
122.723: Application time: 0.0041360 seconds
122.724: [GC122.724: [DefNew: 15691K->1426K(18432K), 0.0018620 secs] 38680K->28690K(59392K), 0.0018970 secs] [Times: user=0.00 sys=0.00, real=0.01 secs] 
122.726: Total time for which application threads were stopped: 0.0020540 seconds, Stopping threads took: 0.0000820 seconds
122.730: Application time: 0.0040920 seconds
122.730: [GC122.730: [DefNew: 17115K->17115K(18432K), 0.0000100 secs]122.730: [Tenured: 27264K->23702K(40960K), 0.0093660 secs] 44380K->23702K(59392K), [Perm : 6081K->6081K(21248K)], 0.0094260 secs] [Times: user=0.01 sys=0.00, real=0.01 secs] 
122.739: Total time for which application threads were stopped: 0.0098160 seconds, Stopping threads took: 0.0003000 seconds
122.743: Application time: 0.0039140 seconds
122.744: [GC122.744: [DefNew: 15684K->1425K(18432K), 0.0013420 secs] 39387K->27977K(59392K), 0.0013770 secs] [Times: user=0.00 sys=0.00, real=0.00 secs] 
122.745: Total time for which application threads were stopped: 0.0018670 seconds, Stopping threads took: 0.0004180 seconds
122.749: Application time: 0.0036180 seconds
122.750: [GC122.750: [DefNew: 17107K->1425K(18432K), 0.0011960 secs] 43660K->30115K(59392K), 0.0012290 secs] [Times: user=0.00 sys=0.00, real=0.00 secs] 
122.751: Total time for which application threads were stopped: 0.0022920 seconds, Stopping threads took: 0.0009920 seconds
122.755: Application time: 0.0035070 seconds
122.755: [GC122.755: [DefNew: 17113K->17113K(18432K), 0.0000090 secs]122.755: [Tenured: 28690K->23645K(40960K), 0.0106800 secs] 45803K->23645K(59392K), [Perm : 6081K->6081K(21248K)], 0.0107390 secs] [Times: user=0.01 sys=0.00, real=0.01 secs] 
122.766: Total time for which application threads were stopped: 0.0113910 seconds, Stopping threads took: 0.0005610 seconds
122.770: Application time: 0.0039580 seconds
122.771: [GC122.771: [DefNew: 15681K->1425K(18432K), 0.0007460 secs] 39327K->25783K(59392K), 0.0007750 secs] [Times: user=0.00 sys=0.00, real=0.00 secs] 
122.772: Total time for which application threads were stopped: 0.0015070 seconds, Stopping threads took: 0.0006560 seconds
122.775: Application time: 0.0038390 seconds
122.776: [GC122.776: [DefNew: 17117K->1427K(18432K), 0.0013780 secs] 41475K->27922K(59392K), 0.0014100 secs] [Times: user=0.00 sys=0.00, real=0.00 secs] 
122.777: Total time for which application threads were stopped: 0.0017080 seconds, Stopping threads took: 0.0002360 seconds
122.780: Application time: 0.0033050 seconds
122.781: [GC122.781: [DefNew: 17108K->1425K(18432K), 0.0012550 secs] 43604K->30060K(59392K), 0.0012870 secs] [Times: user=0.00 sys=0.00, real=0.00 secs] 
122.782: Total time for which application threads were stopped: 0.0016060 seconds, Stopping threads took: 0.0002470 seconds
122.785: Application time: 0.0033840 seconds
122.786: [GC122.786: [DefNew: 17111K->1426K(18432K), 0.0009700 secs] 45746K->31486K(59392K), 0.0010020 secs] [Times: user=0.00 sys=0.00, real=0.00 secs] 
122.787: Total time for which application threads were stopped: 0.0020730 seconds, Stopping threads took: 0.0010000 seconds
122.792: Application time: 0.0040810 seconds
122.792: [GC122.792: [DefNew: 17107K->1425K(18432K), 0.0011220 secs] 47168K->33623K(59392K), 0.0011530 secs] [Times: user=0.00 sys=0.00, real=0.00 secs] 
122.793: Total time for which application threads were stopped: 0.0013970 seconds, Stopping threads took: 0.0001570 seconds
122.797: Application time: 0.0040300 seconds
122.797: [GC122.797: [DefNew: 17111K->17111K(18432K), 0.0000100 secs]122.797: [Tenured: 32198K->22220K(40960K), 0.0088590 secs] 49310K->22220K(59392K), [Perm : 6081K->6081K(21248K)], 0.0089180 secs] [Times: user=0.01 sys=0.00, real=0.01 secs] 
122.806: Total time for which application threads were stopped: 0.0093990 seconds, Stopping threads took: 0.0004010 seconds
122.811: Application time: 0.0044230 seconds
122.811: [GC122.811: [DefNew: 15683K->1425K(18432K), 0.0005340 secs] 37904K->23645K(59392K), 0.0005630 secs] [Times: user=0.00 sys=0.00, real=0.00 secs] 
122.812: Total time for which application threads were stopped: 0.0010780 seconds, Stopping threads took: 0.0004390 seconds
122.816: Application time: 0.0045510 seconds
122.817: [GC122.817: [DefNew: 17109K->1425K(18432K), 0.0013910 secs] 39329K->25784K(59392K), 0.0014250 secs] [Times: user=0.00 sys=0.00, real=0.00 secs] 
122.818: Total time for which application threads were stopped: 0.0016890 seconds, Stopping threads took: 0.0001830 seconds
122.821: Application time: 0.0031550 seconds
122.822: [GC122.822: [DefNew: 17114K->1426K(18432K), 0.0010920 secs] 41473K->27209K(59392K), 0.0011230 secs] [Times: user=0.00 sys=0.00, real=0.00 secs] 
122.823: Total time for which application threads were stopped: 0.0015270 seconds, Stopping threads took: 0.0003250 seconds
122.826: Application time: 0.0032740 seconds
122.826: [GC122.826: [DefNew: 17108K->1425K(18432K), 0.0007110 secs] 42891K->27922K(59392K), 0.0007390 secs] [Times: user=0.01 sys=0.00, real=0.00 secs] 
122.827: Total time for which application threads were stopped: 0.0008630 seconds, Stopping threads took: 0.0000670 seconds
122.830: Application time: 0.0033810 seconds
122.831: [GC122.831: [DefNew: 17113K->1426K(18432K), 0.0010490 secs] 43610K->29348K(59392K), 0.0010780 secs] [Times: user=0.00 sys=0.00, real=0.00 secs] 
122.832: Total time for which application threads were stopped: 0.0013450 seconds, Stopping threads took: 0.0002070 seconds
122.835: Application time: 0.0035580 seconds
122.836: [GC122.836: [DefNew: 17109K->1425K(18432K), 0.0007690 secs] 45031K->30060K(59392K), 0.0007970 secs] [Times: user=0.00 sys=0.00, real=0.00 secs] 
122.836: Total time for which application threads were stopped: 0.0011750 seconds, Stopping threads took: 0.0003120 seconds
122.840: Application time: 0.0034750 seconds
122.840: [GC122.840: [DefNew: 17116K->1426K(18432K), 0.0017740 secs] 45751K->33624K(59392K), 0.0018110 secs] [Times: user=0.00 sys=0.00, real=0.00 secs] 
122.842: Total time for which application threads were stopped: 0.0019550 seconds, Stopping threads took: 0.0000750 seconds
122.886: Application time: 0.0439830 seconds
122.886: [GC122.886: [DefNew: 17119K->1426K(18432K), 0.0026690 secs] 49318K->41462K(59392K), 0.0027090 secs] [Times: user=0.01 sys=0.00, real=0.00 secs] 
122.889: Total time for which application threads were stopped: 0.0028350 seconds, Stopping threads took: 0.0000570 seconds
122.939: Application time: 0.0506390 seconds
122.939: [GC122.939: [DefNew: 17148K->17148K(18432K), 0.0000100 secs]122.939: [Tenured: 40036K->24387K(40960K), 0.0095560 secs] 57184K->24387K(59392K), [Perm : 6081K->6081K(21248K)], 0.0096100 secs] [Times: user=0.01 sys=0.00, real=0.01 secs] 
122.949: Total time for which application threads were stopped: 0.0097480 seconds, Stopping threads took: 0.0000680 seconds
122.957: Application time: 0.0075390 seconds
122.957: [GC122.957: [DefNew: 15679K->1425K(18432K), 0.0006530 secs] 40066K->26524K(59392K), 0.0006810 secs] [Times: user=0.00 sys=0.00, real=0.00 secs] 
122.958: Total time for which application threads were stopped: 0.0012340 seconds, Stopping threads took: 0.0004780 seconds
122.965: Application time: 0.0072800 seconds
122.965: [GC122.965: [DefNew: 17108K->1425K(18432K), 0.0013200 secs] 42208K->28663K(59392K), 0.0013530 secs] [Times: user=0.00 sys=0.00, real=0.01 secs] 
122.967: Total time for which application threads were stopped: 0.0015330 seconds, Stopping threads took: 0.0001080 seconds
122.970: Application time: 0.0038340 seconds
122.971: [GC122.971: [DefNew: 17103K->712K(18432K), 0.0006580 secs] 44340K->28663K(59392K), 0.0006850 secs] [Times: user=0.00 sys=0.00, real=0.00 secs] 
122.971: Total time for which application threads were stopped: 0.0008450 seconds, Stopping threads took: 0.0001020 seconds
122.978: Application time: 0.0067170 seconds
122.978: [GC122.978: [DefNew: 16400K->1425K(18432K), 0.0013450 secs] 44350K->32226K(59392K), 0.0013770 secs] [Times: user=0.00 sys=0.00, real=0.00 secs] 
122.980: Total time for which application threads were stopped: 0.0015050 seconds, Stopping threads took: 0.0000650 seconds
122.987: Application time: 0.0073580 seconds
122.987: [GC122.987: [DefNew: 17105K->712K(18432K), 0.0008990 secs] 47905K->32939K(59392K), 0.0009260 secs] [Times: user=0.00 sys=0.00, real=0.00 secs] 
122.988: Total time for which application threads were stopped: 0.0010660 seconds, Stopping threads took: 0.0000850 seconds
122.994: Application time: 0.0057760 seconds
122.994: [GC122.994: [DefNew: 16407K->1427K(18432K), 0.0011830 secs] 48634K->35791K(59392K), 0.0012120 secs] [Times: user=0.00 sys=0.00, real=0.00 secs] 
122.995: Total time for which application threads were stopped: 0.0013340 seconds, Stopping threads took: 0.0000630 seconds
122.999: Application time: 0.0036080 seconds
122.999: [GC122.999: [DefNew: 17107K->712K(18432K), 0.0006400 secs] 51471K->35791K(59392K), 0.0006680 secs] [Times: user=0.00 sys=0.00, real=0.00 secs] 
123.000: Total time for which application threads were stopped: 0.0008090 seconds, Stopping threads took: 0.0000830 seconds
123.003: Application time: 0.0038460 seconds
123.004: [GC123.004: [DefNew: 16391K->16391K(18432K), 0.0000100 secs]123.004: [Tenured: 35078K->25813K(40960K), 0.0103360 secs] 51469K->25813K(59392K), [Perm : 6081K->6081K(21248K)], 0.0103950 secs] [Times: user=0.01 sys=0.00, real=0.02 secs] 
123.014: Total time for which application threads were stopped: 0.0105770 seconds, Stopping threads took: 0.0001100 seconds
123.066: Application time: 0.0515960 seconds
123.066: [GC123.066: [DefNew: 15698K->1426K(18432K), 0.0040830 secs] 41511K->40064K(59392K), 0.0041180 secs] [Times: user=0.00 sys=0.00, real=0.00 secs] 
123.070: Total time for which application threads were stopped: 0.0042380 seconds, Stopping threads took: 0.0000570 seconds
123.144: Application time: 0.0737350 seconds
123.144: [GC123.144: [DefNew: 17117K->17117K(18432K), 0.0000100 secs]123.144: [Tenured: 38638K->24357K(40960K), 0.0109200 secs] 55756K->24357K(59392K), [Perm : 6081K->6081K(21248K)], 0.0109800 secs] [Times: user=0.01 sys=0.00, real=0.02 secs] 
123.155: Total time for which application threads were stopped: 0.0111400 seconds, Stopping threads took: 0.0000910 seconds
123.211: Application time: 0.0559370 seconds
123.211: [GC123.211: [DefNew: 15704K->1426K(18432K), 0.0044380 secs] 40062K->40035K(59392K), 0.0044740 secs] [Times: user=0.00 sys=0.00, real=0.01 secs] 
123.215: Total time for which application threads were stopped: 0.0046390 seconds, Stopping threads took: 0.0000780 seconds
123.278: Application time: 0.0631010 seconds
123.278: [GC123.278: [DefNew: 17118K->17118K(18432K), 0.0000100 secs]123.278: [Tenured: 38608K->27209K(40960K), 0.0095520 secs] 55726K->27209K(59392K), [Perm : 6081K->6081K(21248K)], 0.0096110 secs] [Times: user=0.00 sys=0.00, real=0.01 secs] 
123.288: Total time for which application threads were stopped: 0.0097410 seconds, Stopping threads took: 0.0000590 seconds
123.366: Application time: 0.0781670 seconds
123.366: [GC123.366: [DefNew: 15691K->1425K(18432K), 0.0043010 secs] 42901K->42172K(59392K), 0.0043410 secs] [Times: user=0.00 sys=0.00, real=0.00 secs] 
123.371: Total time for which application threads were stopped: 0.0044700 seconds, Stopping threads took: 0.0000620 seconds
123.427: Application time: 0.0564480 seconds
123.427: [GC123.427: [DefNew: 17122K->17122K(18432K), 0.0000090 secs]123.428: [Tenured: 40747K->26497K(40960K), 0.0096910 secs] 57870K->26497K(59392K), [Perm : 6081K->6081K(21248K)], 0.0097590 secs] [Times: user=0.01 sys=0.00, real=0.01 secs] 
123.437: Total time for which application threads were stopped: 0.0100720 seconds, Stopping threads took: 0.0002250 seconds
123.508: Application time: 0.0711020 seconds
123.508: [GC123.508: [DefNew: 15691K->15691K(18432K), 0.0000100 secs]123.508: [Tenured: 26497K->27922K(40960K), 0.0100760 secs] 42189K->27922K(59392K), [Perm : 6081K->6081K(21248K)], 0.0101360 secs] [Times: user=0.01 sys=0.00, real=0.01 secs] 
123.519: Total time for which application threads were stopped: 0.0102720 seconds, Stopping threads took: 0.0000630 seconds
123.592: Application time: 0.0737950 seconds
123.593: [GC123.593: [DefNew: 15691K->15691K(18432K), 0.0000130 secs]123.593: [Tenured: 27922K->26495K(40960K), 0.0104610 secs] 43614K->26495K(59392K), [Perm : 6081K->6081K(21248K)], 0.0105300 secs] [Times: user=0.02 sys=0.00, real=0.01 secs] 
123.603: Total time for which application threads were stopped: 0.0106710 seconds, Stopping threads took: 0.0000710 seconds
123.676: Application time: 0.0724120 seconds
123.676: [GC123.676: [DefNew: 15691K->1425K(18432K), 0.0039450 secs] 42187K->40033K(59392K), 0.0039840 secs] [Times: user=0.00 sys=0.00, real=0.00 secs] 
123.680: Total time for which application threads were stopped: 0.0042250 seconds, Stopping threads took: 0.0001710 seconds
123.752: Application time: 0.0718420 seconds
123.752: [GC123.752: [DefNew: 17116K->17116K(18432K), 0.0000090 secs]123.752: [Tenured: 38608K->27208K(40960K), 0.0091820 secs] 55724K->27208K(59392K), [Perm : 6081K->6081K(21248K)], 0.0092410 secs] [Times: user=0.01 sys=0.00, real=0.01 secs] 
123.761: Total time for which application threads were stopped: 0.0094720 seconds, Stopping threads took: 0.0001520 seconds
123.832: Application time: 0.0709190 seconds
123.832: [GC123.832: [DefNew: 15697K->15697K(18432K), 0.0000090 secs]123.832: [Tenured: 27208K->26496K(40960K), 0.0097640 secs] 42905K->26496K(59392K), [Perm : 6081K->6081K(21248K)], 0.0098210 secs] [Times: user=0.01 sys=0.00, real=0.01 secs] 
123.842: Total time for which application threads were stopped: 0.0099750 seconds, Stopping threads took: 0.0000860 seconds
123.900: Application time: 0.0579350 seconds
123.900: [GC123.900: [DefNew: 15704K->15704K(18432K), 0.0000100 secs]123.900: [Tenured: 26496K->27210K(40960K), 0.0107470 secs] 42200K->27210K(59392K), [Perm : 6081K->6081K(21248K)], 0.0108080 secs] [Times: user=0.01 sys=0.00, real=0.01 secs] 
123.911: Total time for which application threads were stopped: 0.0110740 seconds, Stopping threads took: 0.0001950 seconds
123.985: Application time: 0.0741130 seconds
123.985: [GC123.985: [DefNew: 15706K->15706K(18432K), 0.0000090 secs]123.985: [Tenured: 27210K->27208K(40960K), 0.0106970 secs] 42917K->27208K(59392K), [Perm : 6081K->6081K(21248K)], 0.0107520 secs] [Times: user=0.01 sys=0.00, real=0.02 secs] 
123.996: Total time for which application threads were stopped: 0.0108890 seconds, Stopping threads took: 0.0000700 seconds
124.070: Application time: 0.0735310 seconds
124.070: [GC124.070: [DefNew: 15691K->15691K(18432K), 0.0000100 secs]124.070: [Tenured: 27208K->28633K(40960K), 0.0092120 secs] 42899K->28633K(59392K), [Perm : 6081K->6081K(21248K)], 0.0092690 secs] [Times: user=0.01 sys=0.00, real=0.01 secs] 
124.079: Total time for which application threads were stopped: 0.0094260 seconds, Stopping threads took: 0.0000900 seconds
124.132: Application time: 0.0526190 seconds
124.132: [GC124.132: [DefNew: 15689K->15689K(18432K), 0.0000090 secs]124.132: [Tenured: 28633K->29345K(40960K), 0.0099820 secs] 44322K->29345K(59392K), [Perm : 6081K->6081K(21248K)], 0.0100390 secs] [Times: user=0.01 sys=0.00, real=0.01 secs] 
124.142: Total time for which application threads were stopped: 0.0101850 seconds, Stopping threads took: 0.0000750 seconds
124.201: Application time: 0.0594370 seconds
124.201: [GC124.201: [DefNew: 15689K->15689K(18432K), 0.0000090 secs]124.201: [Tenured: 29345K->29345K(40960K), 0.0092100 secs] 45035K->29345K(59392K), [Perm : 6081K->6081K(21248K)], 0.0092760 secs] [Times: user=0.00 sys=0.00, real=0.01 secs] 
124.211: Total time for which application threads were stopped: 0.0094490 seconds, Stopping threads took: 0.0001070 seconds
124.275: Application time: 0.0645090 seconds
124.275: [GC124.275: [DefNew: 15698K->15698K(18432K), 0.0000110 secs]124.275: [Tenured: 29345K->25069K(40960K), 0.0110030 secs] 45043K->25069K(59392K), [Perm : 6081K->6081K(21248K)], 0.0110630 secs] [Times: user=0.01 sys=0.00, real=0.01 secs] 
124.286: Total time for which application threads were stopped: 0.0112180 seconds, Stopping threads took: 0.0000750 seconds
124.346: Application time: 0.0592840 seconds
124.346: [GC124.346: [DefNew: 15697K->1426K(18432K), 0.0042030 secs] 40767K->39321K(59392K), 0.0042380 secs] [Times: user=0.01 sys=0.00, real=0.00 secs] 
124.350: Total time for which application threads were stopped: 0.0044060 seconds, Stopping threads took: 0.0001030 seconds
124.424: Application time: 0.0740000 seconds
124.424: [GC124.424: [DefNew: 17113K->17113K(18432K), 0.0000100 secs]124.424: [Tenured: 37895K->26495K(40960K), 0.0098480 secs] 55008K->26495K(59392K), [Perm : 6081K->6081K(21248K)], 0.0099090 secs] [Times: user=0.01 sys=0.00, real=0.02 secs] 
124.434: Total time for which application threads were stopped: 0.0100960 seconds, Stopping threads took: 0.0001150 seconds
124.493: Application time: 0.0590060 seconds
124.493: [GC124.493: [DefNew: 15698K->15698K(18432K), 0.0000090 secs]124.493: [Tenured: 26495K->27209K(40960K), 0.0090240 secs] 42193K->27209K(59392K), [Perm : 6081K->6081K(21248K)], 0.0090800 secs] [Times: user=0.01 sys=0.00, real=0.01 secs] 
124.502: Total time for which application threads were stopped: 0.0092550 seconds, Stopping threads took: 0.0001080 seconds
124.535: Application time: 0.0320810 seconds
124.535: [GC124.535: [DefNew: 15689K->15689K(18432K), 0.0000100 secs]124.535: [Tenured: 27209K->28634K(40960K), 0.0092510 secs] 42899K->28634K(59392K), [Perm : 6081K->6081K(21248K)], 0.0093100 secs] [Times: user=0.01 sys=0.00, real=0.00 secs] 
124.544: Total time for which application threads were stopped: 0.0094770 seconds, Stopping threads took: 0.0000890 seconds
124.615: Application time: 0.0709840 seconds
124.615: [GC124.615: [DefNew: 15689K->15689K(18432K), 0.0000090 secs]124.615: [Tenured: 28634K->26495K(40960K), 0.0104070 secs] 44324K->26495K(59392K), [Perm : 6081K->6081K(21248K)], 0.0104650 secs] [Times: user=0.01 sys=0.00, real=0.01 secs] 
124.626: Total time for which application threads were stopped: 0.0106860 seconds, Stopping threads took: 0.0001430 seconds
124.695: Application time: 0.0698220 seconds
124.696: [GC124.696: [DefNew: 15689K->15689K(18432K), 0.0000100 secs]124.696: [Tenured: 26495K->26496K(40960K), 0.0097350 secs] 42185K->26496K(59392K), [Perm : 6081K->6081K(21248K)], 0.0098000 secs] [Times: user=0.01 sys=0.01, real=0.01 secs] 
124.705: Total time for which application threads were stopped: 0.0099840 seconds, Stopping threads took: 0.0001130 seconds
124.763: Application time: 0.0579110 seconds
124.764: [GC124.764: [DefNew: 15690K->15690K(18432K), 0.0000100 secs]124.764: [Tenured: 26496K->27208K(40960K), 0.0099710 secs] 42186K->27208K(59392K), [Perm : 6081K->6081K(21248K)], 0.0100300 secs] [Times: user=0.01 sys=0.00, real=0.02 secs] 
124.774: Total time for which application threads were stopped: 0.0102100 seconds, Stopping threads took: 0.0001100 seconds
124.828: Application time: 0.0540090 seconds
124.828: [GC124.828: [DefNew: 15696K->15696K(18432K), 0.0000100 secs]124.828: [Tenured: 27208K->26497K(40960K), 0.0097050 secs] 42905K->26497K(59392K), [Perm : 6081K->6081K(21248K)], 0.0097660 secs] [Times: user=0.01 sys=0.00, real=0.01 secs] 
124.838: Total time for which application threads were stopped: 0.0099870 seconds, Stopping threads took: 0.0001260 seconds
124.893: Application time: 0.0557360 seconds
124.893: [GC124.893: [DefNew: 15707K->15707K(18432K), 0.0000100 secs]124.893: [Tenured: 26497K->22933K(40960K), 0.0107150 secs] 42204K->22933K(59392K), [Perm : 6081K->6081K(21248K)], 0.0107750 secs] [Times: user=0.01 sys=0.00, real=0.00 secs] 
124.904: Total time for which application threads were stopped: 0.0109390 seconds, Stopping threads took: 0.0000770 seconds
124.957: Application time: 0.0528470 seconds
124.957: [GC124.957: [DefNew: 15688K->1425K(18432K), 0.0035580 secs] 38621K->35047K(59392K), 0.0035990 secs] [Times: user=0.00 sys=0.00, real=0.00 secs] 
124.961: Total time for which application threads were stopped: 0.0037600 seconds, Stopping threads took: 0.0000840 seconds
125.003: Application time: 0.0425020 seconds
125.004: [GC125.004: [DefNew: 17113K->17113K(18432K), 0.0000100 secs]125.004: [Tenured: 33621K->24358K(40960K), 0.0097750 secs] 50735K->24358K(59392K), [Perm : 6081K->6081K(21248K)], 0.0098350 secs] [Times: user=0.01 sys=0.00, real=0.01 secs] 
125.013: Total time for which application threads were stopped: 0.0100120 seconds, Stopping threads took: 0.0001080 seconds
125.076: Application time: 0.0630510 seconds
125.077: [GC125.077: [DefNew: 15705K->1426K(18432K), 0.0035030 secs] 40064K->36474K(59392K), 0.0035430 secs] [Times: user=0.00 sys=0.00, real=0.00 secs] 
125.080: Total time for which application threads were stopped: 0.0036690 seconds, Stopping threads took: 0.0000600 seconds
125.132: Application time: 0.0516250 seconds
125.132: [GC125.132: [DefNew: 17115K->17115K(18432K), 0.0000090 secs]125.132: [Tenured: 35047K->24360K(40960K), 0.0097790 secs] 52162K->24360K(59392K), [Perm : 6081K->6081K(21248K)], 0.0098360 secs] [Times: user=0.01 sys=0.00, real=0.01 secs] 
125.142: Total time for which application threads were stopped: 0.0099690 seconds, Stopping threads took: 0.0000620 seconds
125.183: Application time: 0.0410210 seconds
125.183: [GC125.183: [DefNew: 15688K->1425K(18432K), 0.0035590 secs] 40049K->36474K(59392K), 0.0036010 secs] [Times: user=0.01 sys=0.00, real=0.01 secs] 
125.186: Total time for which application threads were stopped: 0.0037350 seconds, Stopping threads took: 0.0000610 seconds
125.247: Application time: 0.0600510 seconds
125.247: [GC125.247: [DefNew: 17122K->17122K(18432K), 0.0000100 secs]125.247: [Tenured: 35049K->25787K(40960K), 0.0092950 secs] 52171K->25787K(59392K), [Perm : 6081K->6081K(21248K)], 0.0093500 secs] [Times: user=0.01 sys=0.00, real=0.01 secs] 
125.256: Total time for which application threads were stopped: 0.0094740 seconds, Stopping threads took: 0.0000590 seconds
125.317: Application time: 0.0611090 seconds
125.317: [GC125.317: [DefNew: 15688K->15688K(18432K), 0.0000100 secs]125.317: [Tenured: 25787K->24359K(40960K), 0.0108610 secs] 41475K->24359K(59392K), [Perm : 6081K->6081K(21248K)], 0.0109220 secs] [Times: user=0.02 sys=0.00, real=0.01 secs] 
125.328: Total time for which application threads were stopped: 0.0110560 seconds, Stopping threads took: 0.0000620 seconds
125.359: Application time: 0.0306200 seconds
125.359: [GC125.359: [DefNew: 15697K->1426K(18432K), 0.0033690 secs] 40056K->35761K(59392K), 0.0034080 secs] [Times: user=0.00 sys=0.00, real=0.00 secs] 
125.362: Total time for which application threads were stopped: 0.0035770 seconds, Stopping threads took: 0.0000830 seconds
125.424: Application time: 0.0616900 seconds
125.424: [GC125.424: [DefNew: 17114K->17114K(18432K), 0.0000100 secs]125.424: [Tenured: 34335K->26498K(40960K), 0.0091270 secs] 51450K->26498K(59392K), [Perm : 6081K->6081K(21248K)], 0.0091870 secs] [Times: user=0.01 sys=0.00, real=0.01 secs] 
125.433: Total time for which application threads were stopped: 0.0093280 seconds, Stopping threads took: 0.0000720 seconds
125.493: Application time: 0.0595720 seconds
125.493: [GC125.493: [DefNew: 15697K->15697K(18432K), 0.0000100 secs]125.493: [Tenured: 26498K->26499K(40960K), 0.0089090 secs] 42195K->26499K(59392K), [Perm : 6081K->6081K(21248K)], 0.0089650 secs] [Times: user=0.01 sys=0.00, real=0.01 secs] 
125.502: Total time for which application threads were stopped: 0.0091340 seconds, Stopping threads took: 0.0001030 seconds
125.547: Application time: 0.0447250 seconds
125.547: [GC125.547: [DefNew: 15688K->15688K(18432K), 0.0000100 secs]125.547: [Tenured: 26499K->26499K(40960K), 0.0100610 secs] 42187K->26499K(59392K), [Perm : 6081K->6081K(21248K)], 0.0101290 secs] [Times: user=0.01 sys=0.00, real=0.01 secs] 
125.557: Total time for which application threads were stopped: 0.0103490 seconds, Stopping threads took: 0.0001310 seconds
125.602: Application time: 0.0443580 seconds
125.602: [GC125.602: [DefNew: 15688K->15688K(18432K), 0.0000100 secs]125.602: [Tenured: 26499K->26497K(40960K), 0.0107960 secs] 42188K->26497K(59392K), [Perm : 6081K->6081K(21248K)], 0.0108570 secs] [Times: user=0.01 sys=0.00, real=0.01 secs] 
125.613: Total time for which application threads were stopped: 0.0110420 seconds, Stopping threads took: 0.0001130 seconds
125.676: Application time: 0.0631390 seconds
125.676: [GC125.676: [DefNew: 15688K->15688K(18432K), 0.0000100 secs]125.676: [Tenured: 26497K->26497K(40960K), 0.0090170 secs] 42186K->26497K(59392K), [Perm : 6081K->6081K(21248K)], 0.0090760 secs] [Times: user=0.01 sys=0.00, real=0.00 secs] 
125.685: Total time for which application threads were stopped: 0.0092040 seconds, Stopping threads took: 0.0000580 seconds
125.726: Application time: 0.0414780 seconds
125.727: [GC125.727: [DefNew: 15688K->15688K(18432K), 0.0000100 secs]125.727: [Tenured: 26497K->26497K(40960K), 0.0097320 secs] 42186K->26497K(59392K), [Perm : 6081K->6081K(21248K)], 0.0097910 secs] [Times: user=0.01 sys=0.00, real=0.01 secs] 
125.736: Total time for which application threads were stopped: 0.0099560 seconds, Stopping threads took: 0.0000860 seconds
125.792: Application time: 0.0559920 seconds
125.792: [GC125.793: [DefNew: 15688K->15688K(18432K), 0.0000100 secs]125.793: [Tenured: 26497K->26497K(40960K), 0.0096510 secs] 42186K->26497K(59392K), [Perm : 6081K->6081K(21248K)], 0.0097110 secs] [Times: user=0.01 sys=0.00, real=0.01 secs] 
125.802: Total time for which application threads were stopped: 0.0098730 seconds, Stopping threads took: 0.0000830 seconds
125.851: Application time: 0.0488280 seconds
125.851: [GC125.851: [DefNew: 15703K->15703K(18432K), 0.0000090 secs]125.851: [Tenured: 26497K->26497K(40960K), 0.0098270 secs] 42201K->26497K(59392K), [Perm : 6081K->6081K(21248K)], 0.0098870 secs] [Times: user=0.01 sys=0.00, real=0.01 secs] 
125.861: Total time for which application threads were stopped: 0.0100490 seconds, Stopping threads took: 0.0000820 seconds
125.914: Application time: 0.0528570 seconds
125.914: [GC125.914: [DefNew: 15697K->15697K(18432K), 0.0000090 secs]125.914: [Tenured: 26497K->27210K(40960K), 0.0092300 secs] 42195K->27210K(59392K), [Perm : 6081K->6081K(21248K)], 0.0092840 secs] [Times: user=0.01 sys=0.00, real=0.00 secs] 
125.923: Total time for which application threads were stopped: 0.0094290 seconds, Stopping threads took: 0.0000670 seconds
125.982: Application time: 0.0590450 seconds
125.983: [GC125.983: [DefNew: 15688K->15688K(18432K), 0.0000100 secs]125.983: [Tenured: 27210K->28635K(40960K), 0.0100030 secs] 42899K->28635K(59392K), [Perm : 6081K->6081K(21248K)], 0.0100640 secs] [Times: user=0.01 sys=0.00, real=0.01 secs] 
125.993: Total time for which application threads were stopped: 0.0102740 seconds, Stopping threads took: 0.0001280 seconds
126.042: Application time: 0.0491810 seconds
126.042: [GC126.042: [DefNew: 15688K->15688K(18432K), 0.0000100 secs]126.042: [Tenured: 28635K->28635K(40960K), 0.0105350 secs] 44324K->28635K(59392K), [Perm : 6081K->6081K(21248K)], 0.0105940 secs] [Times: user=0.01 sys=0.00, real=0.01 secs] 
126.053: Total time for which application threads were stopped: 0.0107750 seconds, Stopping threads took: 0.0001120 seconds
126.104: Application time: 0.0511510 seconds
126.104: [GC126.104: [DefNew: 15688K->15688K(18432K), 0.0000090 secs]126.104: [Tenured: 28635K->28635K(40960K), 0.0109080 secs] 44324K->28635K(59392K), [Perm : 6081K->6081K(21248K)], 0.0109670 secs] [Times: user=0.01 sys=0.00, real=0.02 secs] 
126.115: Total time for which application threads were stopped: 0.0111420 seconds, Stopping threads took: 0.0000870 seconds
126.168: Application time: 0.0533810 seconds
126.168: [GC126.168: [DefNew: 15688K->15688K(18432K), 0.0000100 secs]126.169: [Tenured: 28635K->28634K(40960K), 0.0089900 secs] 44323K->28634K(59392K), [Perm : 6081K->6081K(21248K)], 0.0090560 secs] [Times: user=0.01 sys=0.00, real=0.01 secs] 
126.178: Total time for which application threads were stopped: 0.0091880 seconds, Stopping threads took: 0.0000640 seconds
126.215: Application time: 0.0376120 seconds
126.215: [GC126.215: [DefNew: 15727K->15727K(18432K), 0.0000100 secs]126.215: [Tenured: 28634K->29377K(40960K), 0.0097020 secs] 44362K->29377K(59392K), [Perm : 6081K->6081K(21248K)], 0.0097600 secs] [Times: user=0.01 sys=0.00, real=0.00 secs] 
126.225: Total time for which application threads were stopped: 0.0098940 seconds, Stopping threads took: 0.0000630 seconds
126.232: Application time: 0.0070680 seconds
126.232: [GC126.232: [DefNew: 15679K->15679K(18432K), 0.0000100 secs]126.232: [Tenured: 29377K->28665K(40960K), 0.0102790 secs] 45057K->28665K(59392K), [Perm : 6081K->6081K(21248K)], 0.0103730 secs] [Times: user=0.01 sys=0.00, real=0.01 secs] 
126.243: Total time for which application threads were stopped: 0.0106410 seconds, Stopping threads took: 0.0001640 seconds
126.250: Application time: 0.0068510 seconds
126.250: [GC126.250: [DefNew: 15685K->15685K(18432K), 0.0000090 secs]126.250: [Tenured: 28665K->28634K(40960K), 0.0108360 secs] 44350K->28634K(59392K), [Perm : 6081K->6081K(21248K)], 0.0108950 secs] [Times: user=0.01 sys=0.00, real=0.01 secs] 
126.261: Total time for which application threads were stopped: 0.0110900 seconds, Stopping threads took: 0.0001140 seconds
126.265: Application time: 0.0039290 seconds
126.265: [GC126.265: [DefNew: 15677K->15677K(18432K), 0.0000110 secs]126.265: [Tenured: 28634K->29347K(40960K), 0.0067500 secs] 44312K->29347K(59392K), [Perm : 6081K->6081K(21248K)], 0.0068100 secs] [Times: user=0.01 sys=0.00, real=0.01 secs] 
126.272: Total time for which application threads were stopped: 0.0070430 seconds, Stopping threads took: 0.0001450 seconds
126.279: Application time: 0.0071030 seconds
126.279: [GC126.279: [DefNew: 15685K->15685K(18432K), 0.0000110 secs]126.279: [Tenured: 29347K->29347K(40960K), 0.0067780 secs] 45032K->29347K(59392K), [Perm : 6081K->6081K(21248K)], 0.0068320 secs] [Times: user=0.00 sys=0.00, real=0.01 secs] 
126.286: Total time for which application threads were stopped: 0.0069700 seconds, Stopping threads took: 0.0000710 seconds
126.293: Application time: 0.0075490 seconds
126.294: [GC126.294: [DefNew: 15680K->15680K(18432K), 0.0000100 secs]126.294: [Tenured: 29347K->26497K(40960K), 0.0095900 secs] 45028K->26497K(59392K), [Perm : 6081K->6081K(21248K)], 0.0096520 secs] [Times: user=0.01 sys=0.00, real=0.00 secs] 
126.303: Total time for which application threads were stopped: 0.0099430 seconds, Stopping threads took: 0.0001990 seconds
126.309: Application time: 0.0052860 seconds
126.309: [GC126.309: [DefNew: 15683K->15683K(18432K), 0.0000110 secs]126.309: [Tenured: 26497K->28634K(40960K), 0.0105080 secs] 42181K->28634K(59392K), [Perm : 6081K->6081K(21248K)], 0.0105710 secs] [Times: user=0.01 sys=0.00, real=0.01 secs] 
126.319: Total time for which application threads were stopped: 0.0108570 seconds, Stopping threads took: 0.0002130 seconds
126.324: Application time: 0.0045830 seconds
126.324: [GC126.324: [DefNew: 15686K->15686K(18432K), 0.0000100 secs]126.324: [Tenured: 28634K->30061K(40960K), 0.0060950 secs] 44321K->30061K(59392K), [Perm : 6081K->6081K(21248K)], 0.0061510 secs] [Times: user=0.01 sys=0.00, real=0.01 secs] 
126.330: Total time for which application threads were stopped: 0.0063070 seconds, Stopping threads took: 0.0000850 seconds
126.334: Application time: 0.0037260 seconds
126.334: [GC126.334: [DefNew: 15681K->15681K(18432K), 0.0000100 secs]126.334: [Tenured: 30061K->31486K(40960K), 0.0072220 secs] 45742K->31486K(59392K), [Perm : 6081K->6081K(21248K)], 0.0072800 secs] [Times: user=0.01 sys=0.00, real=0.00 secs] 
126.342: Total time for which application threads were stopped: 0.0074670 seconds, Stopping threads took: 0.0001180 seconds
126.362: Application time: 0.0202230 seconds
126.362: [GC126.362: [DefNew: 15722K->15722K(18432K), 0.0000180 secs]126.362: [Tenured: 31486K->27951K(40960K), 0.0094450 secs] 47208K->27951K(59392K), [Perm : 6081K->6081K(21248K)], 0.0095110 secs] [Times: user=0.01 sys=0.00, real=0.01 secs] 
126.371: Total time for which application threads were stopped: 0.0096400 seconds, Stopping threads took: 0.0000580 seconds
126.380: Application time: 0.0084900 seconds
126.380: [GC126.380: [DefNew: 15677K->15677K(18432K), 0.0000100 secs]126.380: [Tenured: 27951K->27922K(40960K), 0.0114030 secs] 43628K->27922K(59392K), [Perm : 6081K->6081K(21248K)], 0.0114650 secs] [Times: user=0.01 sys=0.00, real=0.01 secs] 
126.392: Total time for which application threads were stopped: 0.0116620 seconds, Stopping threads took: 0.0001230 seconds
126.399: Application time: 0.0072680 seconds
126.399: [GC126.399: [DefNew: 15685K->15685K(18432K), 0.0000110 secs]126.399: [Tenured: 27922K->25784K(40960K), 0.0095010 secs] 43607K->25784K(59392K), [Perm : 6081K->6081K(21248K)], 0.0095640 secs] [Times: user=0.01 sys=0.00, real=0.01 secs] 
126.409: Total time for which application threads were stopped: 0.0099080 seconds, Stopping threads took: 0.0002510 seconds
126.413: Application time: 0.0039220 seconds
126.413: [GC126.413: [DefNew: 15681K->15681K(18432K), 0.0000100 secs]126.413: [Tenured: 25784K->29347K(40960K), 0.0068610 secs] 41466K->29347K(59392K), [Perm : 6081K->6081K(21248K)], 0.0069220 secs] [Times: user=0.00 sys=0.00, real=0.01 secs] 
126.420: Total time for which application threads were stopped: 0.0070870 seconds, Stopping threads took: 0.0000910 seconds
126.427: Application time: 0.0076170 seconds
126.427: [GC126.427: [DefNew: 15685K->15685K(18432K), 0.0000100 secs]126.427: [Tenured: 29347K->28634K(40960K), 0.0067460 secs] 45032K->28634K(59392K), [Perm : 6081K->6081K(21248K)], 0.0068030 secs] [Times: user=0.01 sys=0.00, real=0.01 secs] 
126.434: Total time for which application threads were stopped: 0.0069610 seconds, Stopping threads took: 0.0000740 seconds
126.441: Application time: 0.0067220 seconds
126.441: [GC126.441: [DefNew: 15678K->15678K(18432K), 0.0000100 secs]126.441: [Tenured: 28634K->27922K(40960K), 0.0086140 secs] 44313K->27922K(59392K), [Perm : 6081K->6081K(21248K)], 0.0086760 secs] [Times: user=0.00 sys=0.00, real=0.01 secs] 
126.450: Total time for which application threads were stopped: 0.0088400 seconds, Stopping threads took: 0.0000900 seconds
126.457: Application time: 0.0074450 seconds
126.457: [GC126.457: [DefNew: 15686K->15686K(18432K), 0.0000110 secs]126.457: [Tenured: 27922K->29348K(40960K), 0.0066690 secs] 43609K->29348K(59392K), [Perm : 6081K->6081K(21248K)], 0.0067240 secs] [Times: user=0.01 sys=0.00, real=0.00 secs] 
126.464: Total time for which application threads were stopped: 0.0068820 seconds, Stopping threads took: 0.0000840 seconds
126.468: Application time: 0.0038070 seconds
126.468: [GC126.468: [DefNew: 15681K->15681K(18432K), 0.0000100 secs]126.468: [Tenured: 29348K->28634K(40960K), 0.0097280 secs] 45030K->28634K(59392K), [Perm : 6081K->6081K(21248K)], 0.0097870 secs] [Times: user=0.01 sys=0.00, real=0.01 secs] 
126.478: Total time for which application threads were stopped: 0.0099940 seconds, Stopping threads took: 0.0001250 seconds
126.482: Application time: 0.0040470 seconds
126.482: [GC126.482: [DefNew: 15680K->15680K(18432K), 0.0000100 secs]126.482: [Tenured: 28634K->27922K(40960K), 0.0095700 secs] 44315K->27922K(59392K), [Perm : 6081K->6081K(21248K)], 0.0096300 secs] [Times: user=0.01 sys=0.00, real=0.01 secs] 
126.492: Total time for which application threads were stopped: 0.0097850 seconds, Stopping threads took: 0.0000840 seconds
126.505: Application time: 0.0133070 seconds
126.505: [GC126.505: [DefNew: 15692K->15692K(18432K), 0.0000110 secs]126.505: [Tenured: 27922K->27921K(40960K), 0.0097960 secs] 43615K->27921K(59392K), [Perm : 6081K->6081K(21248K)], 0.0098570 secs] [Times: user=0.01 sys=0.00, real=0.02 secs] 
126.515: Total time for which application threads were stopped: 0.0100510 seconds, Stopping threads took: 0.0001220 seconds
126.560: Application time: 0.0448760 seconds
126.560: [GC126.560: [DefNew: 15714K->15714K(18432K), 0.0000110 secs]126.560: [Tenured: 27921K->28663K(40960K), 0.0097680 secs] 43636K->28663K(59392K), [Perm : 6081K->6081K(21248K)], 0.0098370 secs] [Times: user=0.01 sys=0.00, real=0.01 secs] 
126.570: Total time for which application threads were stopped: 0.0099910 seconds, Stopping threads took: 0.0000810 seconds
126.579: Application time: 0.0086020 seconds
126.580: [GC126.580: [DefNew: 15677K->15677K(18432K), 0.0000110 secs]126.580: [Tenured: 28663K->26526K(40960K), 0.0090080 secs] 44341K->26526K(59392K), [Perm : 6081K->6081K(21248K)], 0.0090710 secs] [Times: user=0.01 sys=0.00, real=0.01 secs] 
126.589: Total time for which application threads were stopped: 0.0100030 seconds, Stopping threads took: 0.0008470 seconds
126.593: Application time: 0.0046600 seconds
126.593: [GC126.593: [DefNew: 15685K->15685K(18432K), 0.0000100 secs]126.594: [Tenured: 26526K->28663K(40960K), 0.0090120 secs] 42211K->28663K(59392K), [Perm : 6081K->6081K(21248K)], 0.0090710 secs] [Times: user=0.01 sys=0.00, real=0.00 secs] 
126.603: Total time for which application threads were stopped: 0.0092340 seconds, Stopping threads took: 0.0000900 seconds
126.607: Application time: 0.0042050 seconds
126.607: [GC126.607: [DefNew: 15679K->15679K(18432K), 0.0000100 secs]126.607: [Tenured: 28663K->27209K(40960K), 0.0106660 secs] 44343K->27209K(59392K), [Perm : 6081K->6081K(21248K)], 0.0107250 secs] [Times: user=0.01 sys=0.00, real=0.01 secs] 
126.618: Total time for which application threads were stopped: 0.0108680 seconds, Stopping threads took: 0.0000690 seconds
126.625: Application time: 0.0071120 seconds
126.625: [GC126.625: [DefNew: 15692K->15692K(18432K), 0.0000100 secs]126.625: [Tenured: 27209K->25784K(40960K), 0.0103340 secs] 42901K->25784K(59392K), [Perm : 6081K->6081K(21248K)], 0.0103940 secs] [Times: user=0.02 sys=0.00, real=0.02 secs] 
126.635: Total time for which application threads were stopped: 0.0105770 seconds, Stopping threads took: 0.0001110 seconds
126.641: Application time: 0.0054320 seconds
126.641: [GC126.641: [DefNew: 15682K->15682K(18432K), 0.0000100 secs]126.641: [Tenured: 25784K->27209K(40960K), 0.0093780 secs] 41467K->27209K(59392K), [Perm : 6081K->6081K(21248K)], 0.0094370 secs] [Times: user=0.01 sys=0.00, real=0.01 secs] 
126.650: Total time for which application threads were stopped: 0.0096570 seconds, Stopping threads took: 0.0001280 seconds
126.657: Application time: 0.0070680 seconds
126.658: [GC126.658: [DefNew: 15686K->15686K(18432K), 0.0000100 secs]126.658: [Tenured: 27209K->28635K(40960K), 0.0069690 secs] 42896K->28635K(59392K), [Perm : 6081K->6081K(21248K)], 0.0070280 secs] [Times: user=0.01 sys=0.00, real=0.00 secs] 
126.665: Total time for which application threads were stopped: 0.0072090 seconds, Stopping threads took: 0.0001100 seconds
126.669: Application time: 0.0039850 seconds
126.669: [GC126.669: [DefNew: 15680K->15680K(18432K), 0.0000100 secs]126.669: [Tenured: 28635K->27922K(40960K), 0.0083680 secs] 44315K->27922K(59392K), [Perm : 6081K->6081K(21248K)], 0.0084280 secs] [Times: user=0.01 sys=0.00, real=0.01 secs] 
126.677: Total time for which application threads were stopped: 0.0086230 seconds, Stopping threads took: 0.0001040 seconds
126.682: Application time: 0.0043350 seconds
126.682: [GC126.682: [DefNew: 15678K->15678K(18432K), 0.0000100 secs]126.682: [Tenured: 27922K->28634K(40960K), 0.0059480 secs] 43600K->28634K(59392K), [Perm : 6081K->6081K(21248K)], 0.0060010 secs] [Times: user=0.01 sys=0.00, real=0.01 secs] 
126.688: Total time for which application threads were stopped: 0.0061350 seconds, Stopping threads took: 0.0000660 seconds
126.737: Application time: 0.0493290 seconds
126.737: [GC126.737: [DefNew: 15729K->15729K(18432K), 0.0000100 secs]126.737: [Tenured: 28634K->25100K(40960K), 0.0101690 secs] 44363K->25100K(59392K), [Perm : 6081K->6081K(21248K)], 0.0102280 secs] [Times: user=0.01 sys=0.00, real=0.01 secs] 
126.748: Total time for which application threads were stopped: 0.0104840 seconds, Stopping threads took: 0.0001650 seconds
126.755: Application time: 0.0071680 seconds
126.755: [GC126.755: [DefNew: 15681K->1425K(18432K), 0.0015580 secs] 40782K->29376K(59392K), 0.0016020 secs] [Times: user=0.00 sys=0.00, real=0.00 secs] 
126.757: Total time for which application threads were stopped: 0.0018660 seconds, Stopping threads took: 0.0002000 seconds
126.764: Application time: 0.0069270 seconds
126.764: [GC126.764: [DefNew: 17104K->17104K(18432K), 0.0000090 secs]126.764: [Tenured: 27950K->27238K(40960K), 0.0103560 secs] 45055K->27238K(59392K), [Perm : 6081K->6081K(21248K)], 0.0104160 secs] [Times: user=0.01 sys=0.00, real=0.02 secs] 
126.774: Total time for which application threads were stopped: 0.0106930 seconds, Stopping threads took: 0.0001870 seconds
126.778: Application time: 0.0041210 seconds
126.779: [GC126.779: [DefNew: 15683K->15683K(18432K), 0.0000100 secs]126.779: [Tenured: 27238K->26496K(40960K), 0.0100560 secs] 42922K->26496K(59392K), [Perm : 6081K->6081K(21248K)], 0.0101180 secs] [Times: user=0.01 sys=0.00, real=0.01 secs] 
126.789: Total time for which application threads were stopped: 0.0102710 seconds, Stopping threads took: 0.0000790 seconds
126.796: Application time: 0.0070990 seconds
126.796: [GC126.796: [DefNew: 15685K->15685K(18432K), 0.0000090 secs]126.796: [Tenured: 26496K->26496K(40960K), 0.0058730 secs] 42182K->26496K(59392K), [Perm : 6081K->6081K(21248K)], 0.0059240 secs] [Times: user=0.00 sys=0.00, real=0.00 secs] 
126.802: Total time for which application threads were stopped: 0.0061010 seconds, Stopping threads took: 0.0001120 seconds
126.807: Application time: 0.0054040 seconds
126.807: [GC126.807: [DefNew: 15680K->15680K(18432K), 0.0000100 secs]126.807: [Tenured: 26496K->28634K(40960K), 0.0079280 secs] 42177K->28634K(59392K), [Perm : 6081K->6081K(21248K)], 0.0079850 secs] [Times: user=0.01 sys=0.00, real=0.01 secs] 
126.815: Total time for which application threads were stopped: 0.0081350 seconds, Stopping threads took: 0.0000790 seconds
126.822: Application time: 0.0066570 seconds
126.822: [GC126.822: [DefNew: 15681K->15681K(18432K), 0.0000090 secs]126.822: [Tenured: 28634K->26496K(40960K), 0.0092980 secs] 44316K->26496K(59392K), [Perm : 6081K->6081K(21248K)], 0.0093580 secs] [Times: user=0.01 sys=0.00, real=0.01 secs] 
126.832: Total time for which application threads were stopped: 0.0095060 seconds, Stopping threads took: 0.0000750 seconds
126.836: Application time: 0.0043700 seconds
126.836: [GC126.836: [DefNew: 15687K->15687K(18432K), 0.0000100 secs]126.836: [Tenured: 26496K->27922K(40960K), 0.0076190 secs] 42183K->27922K(59392K), [Perm : 6081K->6081K(21248K)], 0.0076790 secs] [Times: user=0.01 sys=0.00, real=0.00 secs] 
126.844: Total time for which application threads were stopped: 0.0079130 seconds, Stopping threads took: 0.0001400 seconds
126.848: Application time: 0.0041730 seconds
126.848: [GC126.848: [DefNew: 15678K->15678K(18432K), 0.0000110 secs]126.848: [Tenured: 27922K->28634K(40960K), 0.0065060 secs] 43601K->28634K(59392K), [Perm : 6081K->6081K(21248K)], 0.0065590 secs] [Times: user=0.01 sys=0.00, real=0.01 secs] 
126.855: Total time for which application threads were stopped: 0.0067140 seconds, Stopping threads took: 0.0000870 seconds
126.885: Application time: 0.0299160 seconds
126.885: [GC126.885: [DefNew: 15692K->15692K(18432K), 0.0000110 secs]126.885: [Tenured: 28634K->26496K(40960K), 0.0106140 secs] 44327K->26496K(59392K), [Perm : 6081K->6081K(21248K)], 0.0106760 secs] [Times: user=0.01 sys=0.00, real=0.02 secs] 
126.896: Total time for which application threads were stopped: 0.0109770 seconds, Stopping threads took: 0.0002090 seconds
126.969: Application time: 0.0728670 seconds
126.969: [GC126.969: [DefNew: 15689K->15689K(18432K), 0.0000100 secs]126.969: [Tenured: 26496K->26496K(40960K), 0.0099620 secs] 42186K->26496K(59392K), [Perm : 6081K->6081K(21248K)], 0.0100220 secs] [Times: user=0.01 sys=0.00, real=0.01 secs] 
126.979: Total time for which application threads were stopped: 0.0101700 seconds, Stopping threads took: 0.0000660 seconds
127.027: Application time: 0.0487960 seconds
127.028: [GC127.028: [DefNew: 15689K->15689K(18432K), 0.0000100 secs]127.028: [Tenured: 26496K->26496K(40960K), 0.0096790 secs] 42186K->26496K(59392K), [Perm : 6081K->6081K(21248K)], 0.0097570 secs] [Times: user=0.01 sys=0.00, real=0.01 secs] 
127.037: Total time for which application threads were stopped: 0.0099740 seconds, Stopping threads took: 0.0001340 seconds
127.087: Application time: 0.0497150 seconds
127.087: [GC127.087: [DefNew: 15689K->15689K(18432K), 0.0000100 secs]127.087: [Tenured: 26496K->27208K(40960K), 0.0106910 secs] 42186K->27208K(59392K), [Perm : 6081K->6081K(21248K)], 0.0107500 secs] [Times: user=0.01 sys=0.00, real=0.01 secs] 
127.098: Total time for which application threads were stopped: 0.0109360 seconds, Stopping threads took: 0.0000960 seconds
127.149: Application time: 0.0504230 seconds
127.149: [GC127.149: [DefNew: 15718K->15718K(18432K), 0.0000090 secs]127.149: [Tenured: 27208K->27950K(40960K), 0.0094330 secs] 42927K->27950K(59392K), [Perm : 6081K->6081K(21248K)], 0.0094880 secs] [Times: user=0.01 sys=0.00, real=0.01 secs] 
127.158: Total time for which application threads were stopped: 0.0096560 seconds, Stopping threads took: 0.0000910 seconds
127.165: Application time: 0.0063720 seconds
127.165: [GC127.165: [DefNew: 15681K->15681K(18432K), 0.0000100 secs]127.165: [Tenured: 27950K->27950K(40960K), 0.0106390 secs] 43632K->27950K(59392K), [Perm : 6081K->6081K(21248K)], 0.0107010 secs] [Times: user=0.01 sys=0.00, real=0.02 secs] 
127.176: Total time for which application threads were stopped: 0.0109330 seconds, Stopping threads took: 0.0001400 seconds
127.183: Application time: 0.0072080 seconds
127.183: [GC127.183: [DefNew: 16172K->16172K(18432K), 0.0000100 secs]127.183: [Tenured: 27950K->22937K(40960K), 0.0107330 secs] 44123K->22937K(59392K), [Perm : 6081K->6081K(21248K)], 0.0107900 secs] [Times: user=0.01 sys=0.00, real=0.02 secs] 
127.194: Total time for which application threads were stopped: 0.0110590 seconds, Stopping threads took: 0.0001800 seconds
127.198: Application time: 0.0043660 seconds
127.198: [GC127.198: [DefNew: 15811K->1433K(18432K), 0.0005990 secs] 38748K->24371K(59392K), 0.0006290 secs] [Times: user=0.00 sys=0.00, real=0.00 secs] 
127.199: Total time for which application threads were stopped: 0.0007660 seconds, Stopping threads took: 0.0000790 seconds
127.205: Application time: 0.0058510 seconds
127.205: [GC127.205: [DefNew: 17247K->1426K(18432K), 0.0019940 secs] 40184K->29352K(59392K), 0.0020280 secs] [Times: user=0.00 sys=0.00, real=0.01 secs] 
127.207: Total time for which application threads were stopped: 0.0022190 seconds, Stopping threads took: 0.0001100 seconds
127.212: Application time: 0.0051110 seconds
127.213: [GC127.213: [DefNew: 17106K->17106K(18432K), 0.0000090 secs]127.213: [Tenured: 27925K->24358K(40960K), 0.0089680 secs] 45032K->24358K(59392K), [Perm : 6081K->6081K(21248K)], 0.0090250 secs] [Times: user=0.00 sys=0.00, real=0.01 secs] 
127.222: Total time for which application threads were stopped: 0.0099630 seconds, Stopping threads took: 0.0008570 seconds
127.227: Application time: 0.0048680 seconds
127.228: [GC127.228: [DefNew: 15682K->1425K(18432K), 0.0007030 secs] 40041K->26496K(59392K), 0.0007370 secs] [Times: user=0.00 sys=0.00, real=0.00 secs] 
127.228: Total time for which application threads were stopped: 0.0013090 seconds, Stopping threads took: 0.0004930 seconds
127.233: Application time: 0.0051140 seconds
127.234: [GC127.234: [DefNew: 17637K->1461K(18432K), 0.0005720 secs] 42708K->26532K(59392K), 0.0006000 secs] [Times: user=0.00 sys=0.00, real=0.00 secs] 
127.234: Total time for which application threads were stopped: 0.0008510 seconds, Stopping threads took: 0.0001850 seconds
127.239: Application time: 0.0043550 seconds
127.239: [GC127.239: [DefNew: 17318K->1436K(18432K), 0.0009350 secs] 42389K->27961K(59392K), 0.0009650 secs] [Times: user=0.00 sys=0.00, real=0.00 secs] 
127.240: Total time for which application threads were stopped: 0.0011450 seconds, Stopping threads took: 0.0001110 seconds
127.244: Application time: 0.0038150 seconds
127.245: [GC127.245: [DefNew: 17173K->1426K(18432K), 0.0016310 secs] 43698K->31515K(59392K), 0.0016730 secs] [Times: user=0.00 sys=0.00, real=0.01 secs] 
127.247: Total time for which application threads were stopped: 0.0029830 seconds, Stopping threads took: 0.0012270 seconds
127.250: Application time: 0.0035510 seconds
127.250: [GC127.250: [DefNew: 17108K->17108K(18432K), 0.0000090 secs]127.250: [Tenured: 30089K->24388K(40960K), 0.0098610 secs] 47197K->24388K(59392K), [Perm : 6081K->6081K(21248K)], 0.0099200 secs] [Times: user=0.01 sys=0.00, real=0.01 secs] 
127.260: Total time for which application threads were stopped: 0.0102400 seconds, Stopping threads took: 0.0002280 seconds
127.264: Application time: 0.0033050 seconds
127.264: [GC127.264: [DefNew: 15681K->1425K(18432K), 0.0009350 secs] 40070K->27238K(59392K), 0.0009650 secs] [Times: user=0.00 sys=0.00, real=0.00 secs] 
127.265: Total time for which application threads were stopped: 0.0012180 seconds, Stopping threads took: 0.0001940 seconds
127.269: Application time: 0.0037770 seconds
127.269: [GC127.269: [DefNew: 17107K->1425K(18432K), 0.0006870 secs] 42920K->27950K(59392K), 0.0007170 secs] [Times: user=0.00 sys=0.00, real=0.00 secs] 
127.270: Total time for which application threads were stopped: 0.0011340 seconds, Stopping threads took: 0.0003480 seconds
127.274: Application time: 0.0038090 seconds
127.274: [GC127.274: [DefNew: 17112K->1426K(18432K), 0.0009010 secs] 43638K->29376K(59392K), 0.0009320 secs] [Times: user=0.00 sys=0.00, real=0.00 secs] 
127.275: Total time for which application threads were stopped: 0.0017900 seconds, Stopping threads took: 0.0007870 seconds
127.280: Application time: 0.0041490 seconds
127.281: [GC127.281: [DefNew: 17122K->1426K(18432K), 0.0015540 secs] 45073K->32228K(59392K), 0.0015890 secs] [Times: user=0.00 sys=0.00, real=0.00 secs] 
127.282: Total time for which application threads were stopped: 0.0026600 seconds, Stopping threads took: 0.0010060 seconds
127.286: Application time: 0.0034120 seconds
127.286: [GC127.286: [DefNew: 17106K->17106K(18432K), 0.0000090 secs]127.286: [Tenured: 30801K->24388K(40960K), 0.0082470 secs] 47908K->24388K(59392K), [Perm : 6081K->6081K(21248K)], 0.0083050 secs] [Times: user=0.00 sys=0.00, real=0.01 secs] 
127.294: Total time for which application threads were stopped: 0.0085830 seconds, Stopping threads took: 0.0002080 seconds
127.299: Application time: 0.0044650 seconds
127.299: [GC127.299: [DefNew: 15684K->1425K(18432K), 0.0017880 secs] 40072K->30088K(59392K), 0.0018260 secs] [Times: user=0.00 sys=0.00, real=0.00 secs] 
127.301: Total time for which application threads were stopped: 0.0023790 seconds, Stopping threads took: 0.0004770 seconds
127.304: Application time: 0.0032990 seconds
127.304: [GC127.304: [DefNew: 17107K->1425K(18432K), 0.0017940 secs] 45771K->33651K(59392K), 0.0018330 secs] [Times: user=0.00 sys=0.00, real=0.01 secs] 
127.306: Total time for which application threads were stopped: 0.0019910 seconds, Stopping threads took: 0.0000930 seconds
127.310: Application time: 0.0037270 seconds
127.310: [GC127.310: [DefNew: 17117K->17117K(18432K), 0.0000090 secs]127.310: [Tenured: 32226K->22221K(40960K), 0.0097920 secs] 49343K->22221K(59392K), [Perm : 6081K->6081K(21248K)], 0.0098520 secs] [Times: user=0.01 sys=0.00, real=0.01 secs] 
127.320: Total time for which application threads were stopped: 0.0101110 seconds, Stopping threads took: 0.0001700 seconds
127.324: Application time: 0.0034370 seconds
127.324: [GC127.324: [DefNew: 15683K->1426K(18432K), 0.0005870 secs] 37905K->23647K(59392K), 0.0006140 secs] [Times: user=0.00 sys=0.00, real=0.00 secs] 
127.324: Total time for which application threads were stopped: 0.0008580 seconds, Stopping threads took: 0.0001680 seconds
127.328: Application time: 0.0034870 seconds
127.328: [GC127.328: [DefNew: 17106K->1425K(18432K), 0.0005270 secs] 39328K->23647K(59392K), 0.0005550 secs] [Times: user=0.01 sys=0.00, real=0.00 secs] 
127.329: Total time for which application threads were stopped: 0.0009530 seconds, Stopping threads took: 0.0003310 seconds
127.333: Application time: 0.0040740 seconds
127.333: [GC127.333: [DefNew: 17105K->1425K(18432K), 0.0007410 secs] 39328K->24360K(59392K), 0.0007790 secs] [Times: user=0.00 sys=0.00, real=0.01 secs] 
127.334: Total time for which application threads were stopped: 0.0009240 seconds, Stopping threads took: 0.0000850 seconds
127.341: Application time: 0.0065920 seconds
127.341: [GC127.341: [DefNew: 17117K->1426K(18432K), 0.0017930 secs] 40052K->27924K(59392K), 0.0018310 secs] [Times: user=0.00 sys=0.00, real=0.00 secs] 
127.342: Total time for which application threads were stopped: 0.0019790 seconds, Stopping threads took: 0.0000790 seconds
127.347: Application time: 0.0042190 seconds
127.347: [GC127.347: [DefNew: 17113K->1426K(18432K), 0.0011370 secs] 43611K->29350K(59392K), 0.0011640 secs] [Times: user=0.00 sys=0.00, real=0.00 secs] 
127.348: Total time for which application threads were stopped: 0.0012950 seconds, Stopping threads took: 0.0000700 seconds
127.352: Application time: 0.0037580 seconds
127.352: [GC127.352: [DefNew: 17105K->712K(18432K), 0.0006270 secs] 45029K->29350K(59392K), 0.0006550 secs] [Times: user=0.00 sys=0.00, real=0.00 secs] 
127.353: Total time for which application threads were stopped: 0.0009220 seconds, Stopping threads took: 0.0001990 seconds
127.386: Application time: 0.0333780 seconds
127.386: [GC127.386: [DefNew: 16404K->1426K(18432K), 0.0023420 secs] 45042K->36476K(59392K), 0.0023800 secs] [Times: user=0.00 sys=0.00, real=0.00 secs] 
127.389: Total time for which application threads were stopped: 0.0025620 seconds, Stopping threads took: 0.0000940 seconds
127.462: Application time: 0.0737890 seconds
127.463: [GC127.463: [DefNew: 17115K->17115K(18432K), 0.0000100 secs]127.463: [Tenured: 35050K->24358K(40960K), 0.0095760 secs] 52165K->24358K(59392K), [Perm : 6081K->6081K(21248K)], 0.0096340 secs] [Times: user=0.01 sys=0.00, real=0.01 secs] 
127.472: Total time for which application threads were stopped: 0.0097660 seconds, Stopping threads took: 0.0000630 seconds
127.543: Application time: 0.0711150 seconds
127.543: [GC127.543: [DefNew: 15691K->1425K(18432K), 0.0043220 secs] 40050K->39321K(59392K), 0.0043640 secs] [Times: user=0.00 sys=0.00, real=0.01 secs] 
127.548: Total time for which application threads were stopped: 0.0045460 seconds, Stopping threads took: 0.0001020 seconds
127.566: Application time: 0.0178970 seconds
127.566: [GC127.566: [DefNew: 17143K->17143K(18432K), 0.0000100 secs]127.566: [Tenured: 37896K->25100K(40960K), 0.0092900 secs] 55039K->25100K(59392K), [Perm : 6081K->6081K(21248K)], 0.0093480 secs] [Times: user=0.00 sys=0.00, real=0.01 secs] 
127.575: Total time for which application threads were stopped: 0.0094860 seconds, Stopping threads took: 0.0000680 seconds
127.583: Application time: 0.0080800 seconds
127.583: [GC127.583: [DefNew: 15677K->1425K(18432K), 0.0005350 secs] 40777K->26525K(59392K), 0.0005590 secs] [Times: user=0.00 sys=0.00, real=0.00 secs] 
127.584: Total time for which application threads were stopped: 0.0006900 seconds, Stopping threads took: 0.0000740 seconds
127.589: Application time: 0.0053700 seconds
127.590: [GC127.590: [DefNew: 17110K->1425K(18432K), 0.0009230 secs] 42210K->27951K(59392K), 0.0009490 secs] [Times: user=0.00 sys=0.00, real=0.00 secs] 
127.590: Total time for which application threads were stopped: 0.0010890 seconds, Stopping threads took: 0.0000830 seconds
127.594: Application time: 0.0039010 seconds
127.594: [GC127.595: [DefNew: 17105K->1425K(18432K), 0.0016450 secs] 43630K->31513K(59392K), 0.0016770 secs] [Times: user=0.00 sys=0.00, real=0.00 secs] 
127.596: Total time for which application threads were stopped: 0.0018070 seconds, Stopping threads took: 0.0000680 seconds
127.605: Application time: 0.0085720 seconds
127.605: [GC127.605: [DefNew: 17111K->1426K(18432K), 0.0008540 secs] 47200K->32227K(59392K), 0.0008800 secs] [Times: user=0.00 sys=0.00, real=0.01 secs] 
127.606: Total time for which application threads were stopped: 0.0010250 seconds, Stopping threads took: 0.0000850 seconds
127.611: Application time: 0.0054650 seconds
127.611: [GC127.611: [DefNew: 17107K->1425K(18432K), 0.0014690 secs] 47908K->35077K(59392K), 0.0015090 secs] [Times: user=0.00 sys=0.00, real=0.00 secs] 
127.613: Total time for which application threads were stopped: 0.0016570 seconds, Stopping threads took: 0.0000860 seconds
127.619: Application time: 0.0056480 seconds
127.619: [GC127.619: [DefNew: 17114K->17114K(18432K), 0.0000090 secs]127.619: [Tenured: 33652K->25813K(40960K), 0.0093170 secs] 50766K->25813K(59392K), [Perm : 6081K->6081K(21248K)], 0.0093710 secs] [Times: user=0.01 sys=0.00, real=0.01 secs] 
127.628: Total time for which application threads were stopped: 0.0095500 seconds, Stopping threads took: 0.0001100 seconds
127.632: Application time: 0.0037100 seconds
127.632: [GC127.632: [DefNew: 15679K->1425K(18432K), 0.0006150 secs] 41493K->27238K(59392K), 0.0006420 secs] [Times: user=0.00 sys=0.00, real=0.00 secs] 
127.633: Total time for which application threads were stopped: 0.0007780 seconds, Stopping threads took: 0.0000770 seconds
127.649: Application time: 0.0162950 seconds
127.649: [GC127.649: [DefNew: 17113K->1426K(18432K), 0.0009800 secs] 42927K->29376K(59392K), 0.0010110 secs] [Times: user=0.01 sys=0.00, real=0.00 secs] 
127.650: Total time for which application threads were stopped: 0.0011280 seconds, Stopping threads took: 0.0000590 seconds
127.713: Application time: 0.0626900 seconds
127.713: [GC127.713: [DefNew (promotion failed) : 17123K->17123K(18432K), 0.0041960 secs]127.717: [Tenured: 40777K->24358K(40960K), 0.0109870 secs] 45074K->24358K(59392K), [Perm : 6081K->6081K(21248K)], 0.0152480 secs] [Times: user=0.01 sys=0.00, real=0.02 secs] 
127.728: Total time for which application threads were stopped: 0.0154420 seconds, Stopping threads took: 0.0001240 seconds
127.802: Application time: 0.0737430 seconds
127.802: [GC127.802: [DefNew: 15697K->1425K(18432K), 0.0043740 secs] 40056K->39322K(59392K), 0.0044140 secs] [Times: user=0.00 sys=0.00, real=0.01 secs] 
127.807: Total time for which application threads were stopped: 0.0046140 seconds, Stopping threads took: 0.0001120 seconds
127.872: Application time: 0.0653000 seconds
127.872: [GC127.872: [DefNew: 17123K->17123K(18432K), 0.0000100 secs]127.872: [Tenured: 37896K->25072K(40960K), 0.0091740 secs] 55020K->25072K(59392K), [Perm : 6081K->6081K(21248K)], 0.0092330 secs] [Times: user=0.01 sys=0.00, real=0.01 secs] 
127.881: Total time for which application threads were stopped: 0.0093630 seconds, Stopping threads took: 0.0000600 seconds
127.946: Application time: 0.0652790 seconds
127.947: [GC127.947: [DefNew: 15691K->1425K(18432K), 0.0045000 secs] 40764K->40747K(59392K), 0.0045430 secs] [Times: user=0.00 sys=0.00, real=0.00 secs] 
127.951: Total time for which application threads were stopped: 0.0047160 seconds, Stopping threads took: 0.0001050 seconds
128.025: Application time: 0.0737660 seconds
128.025: [GC128.025: [DefNew: 17122K->17122K(18432K), 0.0000100 secs]128.025: [Tenured: 39322K->25785K(40960K), 0.0091760 secs] 56445K->25785K(59392K), [Perm : 6081K->6081K(21248K)], 0.0092370 secs] [Times: user=0.01 sys=0.00, real=0.02 secs] 
128.034: Total time for which application threads were stopped: 0.0093830 seconds, Stopping threads took: 0.0000740 seconds
128.102: Application time: 0.0674160 seconds
128.102: [GC128.102: [DefNew: 15691K->15691K(18432K), 0.0000090 secs]128.102: [Tenured: 25785K->27210K(40960K), 0.0096970 secs] 41477K->27210K(59392K), [Perm : 6081K->6081K(21248K)], 0.0097560 secs] [Times: user=0.01 sys=0.00, real=0.01 secs] 
128.112: Total time for which application threads were stopped: 0.0099250 seconds, Stopping threads took: 0.0000930 seconds
128.175: Application time: 0.0631220 seconds
128.175: [GC128.175: [DefNew: 15691K->15691K(18432K), 0.0000090 secs]128.175: [Tenured: 27210K->27208K(40960K), 0.0110710 secs] 42902K->27208K(59392K), [Perm : 6081K->6081K(21248K)], 0.0111310 secs] [Times: user=0.02 sys=0.00, real=0.01 secs] 
128.186: Total time for which application threads were stopped: 0.0113110 seconds, Stopping threads took: 0.0001120 seconds
128.259: Application time: 0.0729850 seconds
128.259: [GC128.259: [DefNew: 15691K->15691K(18432K), 0.0000100 secs]128.259: [Tenured: 27208K->26496K(40960K), 0.0091700 secs] 42900K->26496K(59392K), [Perm : 6081K->6081K(21248K)], 0.0092350 secs] [Times: user=0.00 sys=0.00, real=0.01 secs] 
128.269: Total time for which application threads were stopped: 0.0093900 seconds, Stopping threads took: 0.0000870 seconds
128.340: Application time: 0.0718710 seconds
128.340: [GC128.341: [DefNew: 15697K->15697K(18432K), 0.0000110 secs]128.341: [Tenured: 26496K->26497K(40960K), 0.0097050 secs] 42193K->26497K(59392K), [Perm : 6081K->6081K(21248K)], 0.0097660 secs] [Times: user=0.01 sys=0.00, real=0.01 secs] 
128.350: Total time for which application threads were stopped: 0.0098990 seconds, Stopping threads took: 0.0000630 seconds
128.410: Application time: 0.0601830 seconds
128.411: [GC128.411: [DefNew: 15704K->15704K(18432K), 0.0000100 secs]128.411: [Tenured: 26497K->27923K(40960K), 0.0091490 secs] 42201K->27923K(59392K), [Perm : 6081K->6081K(21248K)], 0.0092070 secs] [Times: user=0.01 sys=0.00, real=0.01 secs] 
128.420: Total time for which application threads were stopped: 0.0093400 seconds, Stopping threads took: 0.0000640 seconds
128.495: Application time: 0.0753790 seconds
128.495: [GC128.495: [DefNew: 15691K->15691K(18432K), 0.0000090 secs]128.495: [Tenured: 27923K->28633K(40960K), 0.0101940 secs] 43615K->28633K(59392K), [Perm : 6081K->6081K(21248K)], 0.0102520 secs] [Times: user=0.01 sys=0.00, real=0.01 secs] 
128.506: Total time for which application threads were stopped: 0.0104330 seconds, Stopping threads took: 0.0001120 seconds
128.571: Application time: 0.0657770 seconds
128.572: [GC128.572: [DefNew: 15691K->15691K(18432K), 0.0000100 secs]128.572: [Tenured: 28633K->28633K(40960K), 0.0096550 secs] 44325K->28633K(59392K), [Perm : 6081K->6081K(21248K)], 0.0097130 secs] [Times: user=0.01 sys=0.00, real=0.01 secs] 
128.581: Total time for which application threads were stopped: 0.0098450 seconds, Stopping threads took: 0.0000610 seconds
128.652: Application time: 0.0710830 seconds
128.652: [GC128.653: [DefNew: 15689K->15689K(18432K), 0.0000130 secs]128.653: [Tenured: 28633K->29346K(40960K), 0.0092810 secs] 44323K->29346K(59392K), [Perm : 6081K->6081K(21248K)], 0.0093460 secs] [Times: user=0.01 sys=0.00, real=0.01 secs] 
128.662: Total time for which application threads were stopped: 0.0095220 seconds, Stopping threads took: 0.0000880 seconds
128.729: Application time: 0.0674510 seconds
128.729: [GC128.729: [DefNew: 15704K->15704K(18432K), 0.0000100 secs]128.729: [Tenured: 29346K->29347K(40960K), 0.0097880 secs] 45050K->29347K(59392K), [Perm : 6081K->6081K(21248K)], 0.0098480 secs] [Times: user=0.01 sys=0.00, real=0.01 secs] 
128.739: Total time for which application threads were stopped: 0.0099950 seconds, Stopping threads took: 0.0000760 seconds
128.793: Application time: 0.0538040 seconds
128.793: [GC128.793: [DefNew: 15698K->15698K(18432K), 0.0000100 secs]128.793: [Tenured: 29347K->27208K(40960K), 0.0114360 secs] 45046K->27208K(59392K), [Perm : 6081K->6081K(21248K)], 0.0114950 secs] [Times: user=0.01 sys=0.00, real=0.01 secs] 
128.805: Total time for which application threads were stopped: 0.0117220 seconds, Stopping threads took: 0.0001550 seconds
128.864: Application time: 0.0594140 seconds
128.864: [GC128.864: [DefNew: 15691K->15691K(18432K), 0.0000100 secs]128.864: [Tenured: 27208K->27208K(40960K), 0.0088400 secs] 42900K->27208K(59392K), [Perm : 6081K->6081K(21248K)], 0.0088960 secs] [Times: user=0.01 sys=0.00, real=0.01 secs] 
128.873: Total time for which application threads were stopped: 0.0090580 seconds, Stopping threads took: 0.0000960 seconds
128.940: Application time: 0.0666330 seconds
128.940: [GC128.940: [DefNew: 15698K->15698K(18432K), 0.0000100 secs]128.940: [Tenured: 27208K->28634K(40960K), 0.0090960 secs] 42907K->28634K(59392K), [Perm : 6081K->6081K(21248K)], 0.0091550 secs] [Times: user=0.00 sys=0.00, real=0.01 secs] 
128.949: Total time for which application threads were stopped: 0.0092890 seconds, Stopping threads took: 0.0000630 seconds
129.023: Application time: 0.0735510 seconds
129.023: [GC129.023: [DefNew: 15698K->15698K(18432K), 0.0000100 secs]129.023: [Tenured: 28634K->27208K(40960K), 0.0106000 secs] 44333K->27208K(59392K), [Perm : 6081K->6081K(21248K)], 0.0106630 secs] [Times: user=0.01 sys=0.00, real=0.02 secs] 
129.034: Total time for which application threads were stopped: 0.0107890 seconds, Stopping threads took: 0.0000560 seconds
129.082: Application time: 0.0483460 seconds
129.082: [GC129.082: [DefNew: 15689K->15689K(18432K), 0.0000100 secs]129.082: [Tenured: 27208K->25783K(40960K), 0.0122090 secs] 42898K->25783K(59392K), [Perm : 6081K->6081K(21248K)], 0.0122690 secs] [Times: user=0.01 sys=0.00, real=0.02 secs] 
129.094: Total time for which application threads were stopped: 0.0125010 seconds, Stopping threads took: 0.0001610 seconds
129.144: Application time: 0.0490930 seconds
129.144: [GC129.144: [DefNew: 15691K->1425K(18432K), 0.0039530 secs] 41475K->39321K(59392K), 0.0039940 secs] [Times: user=0.00 sys=0.00, real=0.01 secs] 
129.148: Total time for which application threads were stopped: 0.0041250 seconds, Stopping threads took: 0.0000620 seconds
129.206: Application time: 0.0581850 seconds
129.206: [GC129.206: [DefNew: 17116K->17116K(18432K), 0.0000100 secs]129.206: [Tenured: 37896K->25783K(40960K), 0.0086620 secs] 55013K->25783K(59392K), [Perm : 6081K->6081K(21248K)], 0.0087220 secs] [Times: user=0.01 sys=0.00, real=0.01 secs] 
129.215: Total time for which application threads were stopped: 0.0088620 seconds, Stopping threads took: 0.0000610 seconds
129.284: Application time: 0.0690020 seconds
129.284: [GC129.284: [DefNew: 15690K->15690K(18432K), 0.0000100 secs]129.284: [Tenured: 25783K->26496K(40960K), 0.0098940 secs] 41474K->26496K(59392K), [Perm : 6081K->6081K(21248K)], 0.0099550 secs] [Times: user=0.01 sys=0.00, real=0.02 secs] 
129.294: Total time for which application threads were stopped: 0.0101350 seconds, Stopping threads took: 0.0001100 seconds
129.343: Application time: 0.0488520 seconds
129.343: [GC129.343: [DefNew: 15689K->15689K(18432K), 0.0000110 secs]129.343: [Tenured: 26496K->25784K(40960K), 0.0096800 secs] 42186K->25784K(59392K), [Perm : 6081K->6081K(21248K)], 0.0097410 secs] [Times: user=0.01 sys=0.00, real=0.01 secs] 
129.353: Total time for which application threads were stopped: 0.0099590 seconds, Stopping threads took: 0.0001350 seconds
129.402: Application time: 0.0493850 seconds
129.402: [GC129.402: [DefNew: 15713K->15713K(18432K), 0.0000100 secs]129.402: [Tenured: 25784K->22934K(40960K), 0.0105910 secs] 41497K->22934K(59392K), [Perm : 6081K->6081K(21248K)], 0.0106490 secs] [Times: user=0.01 sys=0.00, real=0.01 secs] 
129.413: Total time for which application threads were stopped: 0.0108750 seconds, Stopping threads took: 0.0001560 seconds
129.468: Application time: 0.0547240 seconds
129.468: [GC129.468: [DefNew: 15688K->1425K(18432K), 0.0036450 secs] 38622K->35047K(59392K), 0.0036850 secs] [Times: user=0.01 sys=0.00, real=0.00 secs] 
129.471: Total time for which application threads were stopped: 0.0038270 seconds, Stopping threads took: 0.0000750 seconds
129.539: Application time: 0.0672460 seconds
129.539: [GC129.539: [DefNew: 17115K->17115K(18432K), 0.0000100 secs]129.539: [Tenured: 33622K->24359K(40960K), 0.0096520 secs] 50737K->24359K(59392K), [Perm : 6081K->6081K(21248K)], 0.0097110 secs] [Times: user=0.01 sys=0.00, real=0.01 secs] 
129.549: Total time for which application threads were stopped: 0.0098850 seconds, Stopping threads took: 0.0001050 seconds
129.596: Application time: 0.0475950 seconds
129.596: [GC129.596: [DefNew: 15688K->1425K(18432K), 0.0034540 secs] 40047K->36472K(59392K), 0.0034950 secs] [Times: user=0.00 sys=0.00, real=0.00 secs] 
129.600: Total time for which application threads were stopped: 0.0036410 seconds, Stopping threads took: 0.0000780 seconds
129.634: Application time: 0.0340960 seconds
129.634: [GC129.634: [DefNew: 17113K->17113K(18432K), 0.0000100 secs]129.634: [Tenured: 35047K->24359K(40960K), 0.0090160 secs] 52161K->24359K(59392K), [Perm : 6081K->6081K(21248K)], 0.0090740 secs] [Times: user=0.01 sys=0.00, real=0.00 secs] 
129.643: Total time for which application threads were stopped: 0.0093090 seconds, Stopping threads took: 0.0001470 seconds
129.713: Application time: 0.0696710 seconds
129.713: [GC129.713: [DefNew: 15705K->1427K(18432K), 0.0035630 secs] 40065K->36475K(59392K), 0.0036030 secs] [Times: user=0.00 sys=0.00, real=0.01 secs] 
129.717: Total time for which application threads were stopped: 0.0038960 seconds, Stopping threads took: 0.0002150 seconds
129.765: Application time: 0.0482150 seconds
129.765: [GC129.765: [DefNew: 17115K->17115K(18432K), 0.0000100 secs]129.765: [Tenured: 35048K->24361K(40960K), 0.0089300 secs] 52163K->24361K(59392K), [Perm : 6081K->6081K(21248K)], 0.0089870 secs] [Times: user=0.01 sys=0.00, real=0.02 secs] 
129.774: Total time for which application threads were stopped: 0.0091460 seconds, Stopping threads took: 0.0000810 seconds
129.824: Application time: 0.0496640 seconds
129.824: [GC129.824: [DefNew: 15688K->1425K(18432K), 0.0035450 secs] 40050K->36475K(59392K), 0.0035850 secs] [Times: user=0.00 sys=0.00, real=0.01 secs] 
129.828: Total time for which application threads were stopped: 0.0037130 seconds, Stopping threads took: 0.0000590 seconds
129.878: Application time: 0.0501580 seconds
129.878: [GC129.878: [DefNew: 17120K->17120K(18432K), 0.0000090 secs]129.878: [Tenured: 35050K->24360K(40960K), 0.0101410 secs] 52170K->24360K(59392K), [Perm : 6081K->6081K(21248K)], 0.0102010 secs] [Times: user=0.01 sys=0.00, real=0.01 secs] 
129.888: Total time for which application threads were stopped: 0.0103420 seconds, Stopping threads took: 0.0000730 seconds
129.954: Application time: 0.0655080 seconds
129.954: [GC129.954: [DefNew: 15697K->1426K(18432K), 0.0034530 secs] 40057K->36475K(59392K), 0.0034950 secs] [Times: user=0.01 sys=0.00, real=0.00 secs] 
129.957: Total time for which application threads were stopped: 0.0036760 seconds, Stopping threads took: 0.0001130 seconds
129.990: Application time: 0.0331490 seconds
129.991: [GC129.991: [DefNew: 17123K->17123K(18432K), 0.0000100 secs]129.991: [Tenured: 35049K->25074K(40960K), 0.0097780 secs] 52172K->25074K(59392K), [Perm : 6081K->6081K(21248K)], 0.0098380 secs] [Times: user=0.01 sys=0.00, real=0.01 secs] 
130.000: Total time for which application threads were stopped: 0.0099840 seconds, Stopping threads took: 0.0000750 seconds
130.052: Application time: 0.0517820 seconds
130.052: [GC130.052: [DefNew: 15689K->1425K(18432K), 0.0036720 secs] 40763K->37188K(59392K), 0.0037130 secs] [Times: user=0.00 sys=0.00, real=0.01 secs] 
130.056: Total time for which application threads were stopped: 0.0039340 seconds, Stopping threads took: 0.0001430 seconds
130.120: Application time: 0.0634170 seconds
130.120: [GC130.120: [DefNew: 17114K->17114K(18432K), 0.0000100 secs]130.120: [Tenured: 35763K->26499K(40960K), 0.0094080 secs] 52877K->26499K(59392K), [Perm : 6081K->6081K(21248K)], 0.0094660 secs] [Times: user=0.01 sys=0.00, real=0.01 secs] 
130.129: Total time for which application threads were stopped: 0.0095970 seconds, Stopping threads took: 0.0000600 seconds
130.176: Application time: 0.0471750 seconds
130.177: [GC130.177: [DefNew: 15688K->15688K(18432K), 0.0000100 secs]130.177: [Tenured: 26499K->26499K(40960K), 0.0106540 secs] 42188K->26499K(59392K), [Perm : 6081K->6081K(21248K)], 0.0107140 secs] [Times: user=0.01 sys=0.00, real=0.01 secs] 
130.187: Total time for which application threads were stopped: 0.0109500 seconds, Stopping threads took: 0.0001470 seconds
130.234: Application time: 0.0465350 seconds
130.234: [GC130.234: [DefNew: 15689K->15689K(18432K), 0.0000100 secs]130.234: [Tenured: 26499K->26498K(40960K), 0.0106970 secs] 42188K->26498K(59392K), [Perm : 6081K->6081K(21248K)], 0.0107580 secs] [Times: user=0.01 sys=0.00, real=0.00 secs] 
130.245: Total time for which application threads were stopped: 0.0109570 seconds, Stopping threads took: 0.0001130 seconds
130.304: Application time: 0.0590610 seconds
130.304: [GC130.304: [DefNew: 15688K->15688K(18432K), 0.0000090 secs]130.304: [Tenured: 26498K->26498K(40960K), 0.0090730 secs] 42186K->26498K(59392K), [Perm : 6081K->6081K(21248K)], 0.0091410 secs] [Times: user=0.01 sys=0.00, real=0.01 secs] 
130.313: Total time for which application threads were stopped: 0.0092730 seconds, Stopping threads took: 0.0000620 seconds
130.365: Application time: 0.0523410 seconds
130.366: [GC130.366: [DefNew: 15688K->15688K(18432K), 0.0000100 secs]130.366: [Tenured: 26498K->26498K(40960K), 0.0097910 secs] 42186K->26498K(59392K), [Perm : 6081K->6081K(21248K)], 0.0098520 secs] [Times: user=0.01 sys=0.00, real=0.01 secs] 
130.375: Total time for which application threads were stopped: 0.0099820 seconds, Stopping threads took: 0.0000580 seconds
130.422: Application time: 0.0464030 seconds
130.426: [GC130.426: [DefNew: 15716K->15716K(18432K), 0.0000090 secs]130.426: [Tenured: 26498K->25788K(40960K), 0.0095600 secs] 42214K->25788K(59392K), [Perm : 6081K->6081K(21248K)], 0.0096170 secs] [Times: user=0.01 sys=0.00, real=0.01 secs] 
130.435: Total time for which application threads were stopped: 0.0135360 seconds, Stopping threads took: 0.0038500 seconds
130.481: Application time: 0.0456950 seconds
130.481: [GC130.481: [DefNew: 15688K->15688K(18432K), 0.0000090 secs]130.481: [Tenured: 25788K->28635K(40960K), 0.0111200 secs] 41476K->28635K(59392K), [Perm : 6081K->6081K(21248K)], 0.0111790 secs] [Times: user=0.01 sys=0.00, real=0.01 secs] 
130.493: Total time for which application threads were stopped: 0.0114480 seconds, Stopping threads took: 0.0001990 seconds
130.557: Application time: 0.0647910 seconds
130.557: [GC130.557: [DefNew: 15688K->15688K(18432K), 0.0000110 secs]130.557: [Tenured: 28635K->28635K(40960K), 0.0105640 secs] 44324K->28635K(59392K), [Perm : 6081K->6081K(21248K)], 0.0106250 secs] [Times: user=0.01 sys=0.00, real=0.01 secs] 
130.568: Total time for which application threads were stopped: 0.0107970 seconds, Stopping threads took: 0.0000980 seconds
130.615: Application time: 0.0468370 seconds
130.615: [GC130.615: [DefNew: 15688K->15688K(18432K), 0.0000090 secs]130.615: [Tenured: 28635K->28635K(40960K), 0.0088690 secs] 44324K->28635K(59392K), [Perm : 6081K->6081K(21248K)], 0.0089280 secs] [Times: user=0.01 sys=0.00, real=0.00 secs] 
130.624: Total time for which application threads were stopped: 0.0090880 seconds, Stopping threads took: 0.0000820 seconds
130.682: Application time: 0.0581800 seconds
130.682: [GC130.682: [DefNew: 15688K->15688K(18432K), 0.0000090 secs]130.682: [Tenured: 28635K->28635K(40960K), 0.0088960 secs] 44324K->28635K(59392K), [Perm : 6081K->6081K(21248K)], 0.0089520 secs] [Times: user=0.01 sys=0.00, real=0.01 secs] 
130.691: Total time for which application threads were stopped: 0.0090900 seconds, Stopping threads took: 0.0000700 seconds
130.740: Application time: 0.0484160 seconds
130.740: [GC130.740: [DefNew: 15688K->15688K(18432K), 0.0000100 secs]130.740: [Tenured: 28635K->28635K(40960K), 0.0097230 secs] 44323K->28635K(59392K), [Perm : 6081K->6081K(21248K)], 0.0097840 secs] [Times: user=0.01 sys=0.00, real=0.01 secs] 
130.750: Total time for which application threads were stopped: 0.0101140 seconds, Stopping threads took: 0.0002410 seconds
130.796: Application time: 0.0457530 seconds
130.796: [GC130.796: [DefNew: 15696K->15696K(18432K), 0.0000090 secs]130.796: [Tenured: 28635K->27211K(40960K), 0.0084730 secs] 44332K->27211K(59392K), [Perm : 6081K->6081K(21248K)], 0.0085320 secs] [Times: user=0.01 sys=0.00, real=0.00 secs] 
130.805: Total time for which application threads were stopped: 0.0091150 seconds, Stopping threads took: 0.0005050 seconds
130.821: Application time: 0.0163410 seconds
130.821: [GC130.821: [DefNew: 15716K->15716K(18432K), 0.0000090 secs]130.821: [Tenured: 27211K->29378K(40960K), 0.0087260 secs] 42927K->29378K(59392K), [Perm : 6081K->6081K(21248K)], 0.0087830 secs] [Times: user=0.01 sys=0.00, real=0.01 secs] 
130.830: Total time for which application threads were stopped: 0.0089680 seconds, Stopping threads took: 0.0001150 seconds
130.838: Application time: 0.0082570 seconds
130.838: [GC130.838: [DefNew: 15683K->15683K(18432K), 0.0000100 secs]130.838: [Tenured: 29378K->29378K(40960K), 0.0061710 secs] 45061K->29378K(59392K), [Perm : 6081K->6081K(21248K)], 0.0062360 secs] [Times: user=0.00 sys=0.00, real=0.00 secs] 
130.845: Total time for which application threads were stopped: 0.0063800 seconds, Stopping threads took: 0.0000730 seconds
130.848: Application time: 0.0037230 seconds
130.849: [GC130.849: [DefNew: 15679K->15679K(18432K), 0.0000100 secs]130.849: [Tenured: 29378K->28635K(40960K), 0.0106670 secs] 45058K->28635K(59392K), [Perm : 6081K->6081K(21248K)], 0.0107260 secs] [Times: user=0.01 sys=0.00, real=0.01 secs] 
130.859: Total time for which application threads were stopped: 0.0109090 seconds, Stopping threads took: 0.0001030 seconds
130.864: Application time: 0.0048440 seconds
130.864: [GC130.864: [DefNew: 15679K->15679K(18432K), 0.0000110 secs]130.864: [Tenured: 28635K->25784K(40960K), 0.0096630 secs] 44314K->25784K(59392K), [Perm : 6081K->6081K(21248K)], 0.0097250 secs] [Times: user=0.01 sys=0.00, real=0.02 secs] 
130.874: Total time for which application threads were stopped: 0.0099870 seconds, Stopping threads took: 0.0001890 seconds
130.880: Application time: 0.0061930 seconds
130.880: [GC130.880: [DefNew: 15690K->15690K(18432K), 0.0000100 secs]130.880: [Tenured: 25784K->30060K(40960K), 0.0066390 secs] 41474K->30060K(59392K), [Perm : 6081K->6081K(21248K)], 0.0066960 secs] [Times: user=0.01 sys=0.00, real=0.01 secs] 
130.887: Total time for which application threads were stopped: 0.0068490 seconds, Stopping threads took: 0.0000800 seconds
130.895: Application time: 0.0074100 seconds
130.895: [GC130.895: [DefNew: 15679K->15679K(18432K), 0.0000090 secs]130.895: [Tenured: 30060K->29348K(40960K), 0.0059040 secs] 45740K->29348K(59392K), [Perm : 6081K->6081K(21248K)], 0.0059600 secs] [Times: user=0.01 sys=0.00, real=0.00 secs] 
130.901: Total time for which application threads were stopped: 0.0061350 seconds, Stopping threads took: 0.0001070 seconds
130.906: Application time: 0.0049680 seconds
130.907: [GC130.907: [DefNew: 15688K->15688K(18432K), 0.0000100 secs]130.907: [Tenured: 29348K->27209K(40960K), 0.0108260 secs] 45036K->27209K(59392K), [Perm : 6081K->6081K(21248K)], 0.0108860 secs] [Times: user=0.01 sys=0.00, real=0.01 secs] 
130.918: Total time for which application threads were stopped: 0.0118300 seconds, Stopping threads took: 0.0008720 seconds
130.921: Application time: 0.0038290 seconds
130.922: [GC130.922: [DefNew: 16155K->16155K(18432K), 0.0000100 secs]130.922: [Tenured: 27209K->27245K(40960K), 0.0061000 secs] 43365K->27245K(59392K), [Perm : 6081K->6081K(21248K)], 0.0061580 secs] [Times: user=0.01 sys=0.00, real=0.01 secs] 
130.928: Total time for which application threads were stopped: 0.0064780 seconds, Stopping threads took: 0.0002410 seconds
130.938: Application time: 0.0101830 seconds
130.938: [GC130.938: [DefNew: 15959K->15959K(18432K), 0.0000110 secs]130.938: [Tenured: 27245K->27951K(40960K), 0.0080780 secs] 43205K->27951K(59392K), [Perm : 6081K->6081K(21248K)], 0.0081370 secs] [Times: user=0.01 sys=0.00, real=0.01 secs] 
130.946: Total time for which application threads were stopped: 0.0083610 seconds, Stopping threads took: 0.0001350 seconds
130.956: Application time: 0.0098070 seconds
130.956: [GC130.956: [DefNew: 15681K->15681K(18432K), 0.0000100 secs]130.956: [Tenured: 27951K->28663K(40960K), 0.0096970 secs] 43632K->28663K(59392K), [Perm : 6081K->6081K(21248K)], 0.0097570 secs] [Times: user=0.01 sys=0.00, real=0.01 secs] 
130.966: Total time for which application threads were stopped: 0.0099020 seconds, Stopping threads took: 0.0000720 seconds
130.974: Application time: 0.0081740 seconds
130.975: [GC130.975: [DefNew: 15683K->15683K(18432K), 0.0000100 secs]130.975: [Tenured: 28663K->27922K(40960K), 0.0118730 secs] 44347K->27922K(59392K), [Perm : 6081K->6081K(21248K)], 0.0119330 secs] [Times: user=0.01 sys=0.00, real=0.01 secs] 
130.987: Total time for which application threads were stopped: 0.0122380 seconds, Stopping threads took: 0.0002130 seconds
130.991: Application time: 0.0040810 seconds
130.991: [GC130.991: [DefNew: 15677K->15677K(18432K), 0.0000090 secs]130.991: [Tenured: 27922K->29347K(40960K), 0.0060000 secs] 43600K->29347K(59392K), [Perm : 6081K->6081K(21248K)], 0.0060670 secs] [Times: user=0.01 sys=0.00, real=0.01 secs] 
130.997: Total time for which application threads were stopped: 0.0062140 seconds, Stopping threads took: 0.0000760 seconds
131.004: Application time: 0.0067720 seconds
131.004: [GC131.004: [DefNew: 15687K->15687K(18432K), 0.0000090 secs]131.004: [Tenured: 29347K->27210K(40960K), 0.0094740 secs] 45035K->27210K(59392K), [Perm : 6081K->6081K(21248K)], 0.0095310 secs] [Times: user=0.01 sys=0.00, real=0.01 secs] 
131.013: Total time for which application threads were stopped: 0.0097040 seconds, Stopping threads took: 0.0000910 seconds
131.020: Application time: 0.0071130 seconds
131.021: [GC131.021: [DefNew: 15680K->15680K(18432K), 0.0000110 secs]131.021: [Tenured: 27210K->25785K(40960K), 0.0100780 secs] 42890K->25785K(59392K), [Perm : 6081K->6081K(21248K)], 0.0101430 secs] [Times: user=0.01 sys=0.00, real=0.01 secs] 
131.031: Total time for which application threads were stopped: 0.0105030 seconds, Stopping threads took: 0.0002670 seconds
131.037: Application time: 0.0061510 seconds
131.037: [GC131.037: [DefNew: 15683K->15683K(18432K), 0.0000110 secs]131.037: [Tenured: 25785K->27210K(40960K), 0.0094510 secs] 41468K->27210K(59392K), [Perm : 6081K->6081K(21248K)], 0.0095120 secs] [Times: user=0.01 sys=0.00, real=0.01 secs] 
131.047: Total time for which application threads were stopped: 0.0096670 seconds, Stopping threads took: 0.0000830 seconds
131.051: Application time: 0.0042420 seconds
131.051: [GC131.051: [DefNew: 15688K->15688K(18432K), 0.0000090 secs]131.051: [Tenured: 27210K->27922K(40960K), 0.0088650 secs] 42898K->27922K(59392K), [Perm : 6081K->6081K(21248K)], 0.0089240 secs] [Times: user=0.01 sys=0.00, real=0.01 secs] 
131.060: Total time for which application threads were stopped: 0.0093100 seconds, Stopping threads took: 0.0003050 seconds
131.064: Application time: 0.0040030 seconds
131.064: [GC131.064: [DefNew: 15679K->15679K(18432K), 0.0000090 secs]131.064: [Tenured: 27922K->28635K(40960K), 0.0058700 secs] 43602K->28635K(59392K), [Perm : 6081K->6081K(21248K)], 0.0059270 secs] [Times: user=0.00 sys=0.00, real=0.01 secs] 
131.070: Total time for which application threads were stopped: 0.0060690 seconds, Stopping threads took: 0.0000730 seconds
131.101: Application time: 0.0310880 seconds
131.102: [GC131.102: [DefNew: 15690K->15690K(18432K), 0.0000090 secs]131.102: [Tenured: 28635K->28634K(40960K), 0.0084920 secs] 44326K->28634K(59392K), [Perm : 6081K->6081K(21248K)], 0.0085480 secs] [Times: user=0.01 sys=0.00, real=0.01 secs] 
131.110: Total time for which application threads were stopped: 0.0087920 seconds, Stopping threads took: 0.0001660 seconds
131.157: Application time: 0.0471960 seconds
131.158: [GC131.158: [DefNew: 16129K->16129K(18432K), 0.0000090 secs]131.158: [Tenured: 28634K->25079K(40960K), 0.0109440 secs] 44764K->25079K(59392K), [Perm : 6081K->6081K(21248K)], 0.0110010 secs] [Times: user=0.01 sys=0.00, real=0.01 secs] 
131.169: Total time for which application threads were stopped: 0.0112010 seconds, Stopping threads took: 0.0001310 seconds
131.184: Application time: 0.0157890 seconds
131.185: [GC131.185: [DefNew: 15986K->15986K(18432K), 0.0000100 secs]131.185: [Tenured: 25079K->27209K(40960K), 0.0096220 secs] 41065K->27209K(59392K), [Perm : 6081K->6081K(21248K)], 0.0096810 secs] [Times: user=0.01 sys=0.00, real=0.02 secs] 
131.194: Total time for which application threads were stopped: 0.0098800 seconds, Stopping threads took: 0.0001280 seconds
131.202: Application time: 0.0080260 seconds
131.202: [GC131.202: [DefNew: 15683K->15683K(18432K), 0.0000100 secs]131.203: [Tenured: 27209K->28635K(40960K), 0.0065680 secs] 42893K->28635K(59392K), [Perm : 6081K->6081K(21248K)], 0.0066210 secs] [Times: user=0.01 sys=0.00, real=0.01 secs] 
131.209: Total time for which application threads were stopped: 0.0067610 seconds, Stopping threads took: 0.0000710 seconds
131.213: Application time: 0.0039760 seconds
131.213: [GC131.213: [DefNew: 15679K->15679K(18432K), 0.0000100 secs]131.213: [Tenured: 28635K->27922K(40960K), 0.0087670 secs] 44315K->27922K(59392K), [Perm : 6081K->6081K(21248K)], 0.0088350 secs] [Times: user=0.01 sys=0.00, real=0.01 secs] 
131.222: Total time for which application threads were stopped: 0.0090080 seconds, Stopping threads took: 0.0001020 seconds
131.229: Application time: 0.0064370 seconds
131.229: [GC131.229: [DefNew: 15687K->15687K(18432K), 0.0000090 secs]131.229: [Tenured: 27922K->26497K(40960K), 0.0084820 secs] 43609K->26497K(59392K), [Perm : 6081K->6081K(21248K)], 0.0085390 secs] [Times: user=0.01 sys=0.00, real=0.01 secs] 
131.238: Total time for which application threads were stopped: 0.0089560 seconds, Stopping threads took: 0.0003390 seconds
131.245: Application time: 0.0079670 seconds
131.246: [GC131.246: [DefNew: 16278K->16278K(18432K), 0.0000090 secs]131.246: [Tenured: 26497K->25108K(40960K), 0.0059000 secs] 42776K->25108K(59392K), [Perm : 6081K->6081K(21248K)], 0.0059550 secs] [Times: user=0.01 sys=0.00, real=0.00 secs] 
131.252: Total time for which application threads were stopped: 0.0060930 seconds, Stopping threads took: 0.0000610 seconds
131.257: Application time: 0.0049550 seconds
131.257: [GC131.257: [DefNew: 15829K->1426K(18432K), 0.0014770 secs] 40937K->29384K(59392K), 0.0015090 secs] [Times: user=0.00 sys=0.00, real=0.00 secs] 
131.259: Total time for which application threads were stopped: 0.0022690 seconds, Stopping threads took: 0.0006970 seconds
131.263: Application time: 0.0038230 seconds
131.263: [GC131.263: [DefNew: 17114K->17114K(18432K), 0.0000090 secs]131.263: [Tenured: 27958K->27952K(40960K), 0.0088900 secs] 45073K->27952K(59392K), [Perm : 6081K->6081K(21248K)], 0.0089510 secs] [Times: user=0.01 sys=0.00, real=0.01 secs] 
131.272: Total time for which application threads were stopped: 0.0091140 seconds, Stopping threads took: 0.0000800 seconds
131.276: Application time: 0.0038010 seconds
131.276: [GC131.276: [DefNew: 15683K->15683K(18432K), 0.0000090 secs]131.276: [Tenured: 27952K->26526K(40960K), 0.0086630 secs] 43635K->26526K(59392K), [Perm : 6081K->6081K(21248K)], 0.0087250 secs] [Times: user=0.01 sys=0.00, real=0.00 secs] 
131.285: Total time for which application threads were stopped: 0.0091720 seconds, Stopping threads took: 0.0003650 seconds
131.288: Application time: 0.0035930 seconds
131.289: [GC131.289: [DefNew: 15684K->15684K(18432K), 0.0000090 secs]131.289: [Tenured: 26526K->26497K(40960K), 0.0107400 secs] 42211K->26497K(59392K), [Perm : 6081K->6081K(21248K)], 0.0107980 secs] [Times: user=0.01 sys=0.00, real=0.01 secs] 
131.300: Total time for which application threads were stopped: 0.0112690 seconds, Stopping threads took: 0.0003880 seconds
131.304: Application time: 0.0042930 seconds
131.305: [GC131.305: [DefNew: 15679K->15679K(18432K), 0.0000120 secs]131.305: [Tenured: 26497K->27209K(40960K), 0.0067920 secs] 42177K->27209K(59392K), [Perm : 6081K->6081K(21248K)], 0.0068500 secs] [Times: user=0.01 sys=0.00, real=0.01 secs] 
131.312: Total time for which application threads were stopped: 0.0078060 seconds, Stopping threads took: 0.0008880 seconds
131.317: Application time: 0.0052970 seconds
131.317: [GC131.317: [DefNew: 15694K->15694K(18432K), 0.0000110 secs]131.317: [Tenured: 27209K->28636K(40960K), 0.0076080 secs] 42904K->28636K(59392K), [Perm : 6081K->6081K(21248K)], 0.0076740 secs] [Times: user=0.01 sys=0.00, real=0.00 secs] 
131.325: Total time for which application threads were stopped: 0.0078350 seconds, Stopping threads took: 0.0000900 seconds
131.329: Application time: 0.0044440 seconds
131.329: [GC131.329: [DefNew: 15679K->15679K(18432K), 0.0000210 secs]131.329: [Tenured: 28636K->26497K(40960K), 0.0090940 secs] 44316K->26497K(59392K), [Perm : 6081K->6081K(21248K)], 0.0091650 secs] [Times: user=0.01 sys=0.00, real=0.01 secs] 
131.339: Total time for which application threads were stopped: 0.0093110 seconds, Stopping threads took: 0.0000720 seconds
131.347: Application time: 0.0085560 seconds
131.347: [GC131.347: [DefNew: 15686K->15686K(18432K), 0.0000100 secs]131.347: [Tenured: 26497K->25784K(40960K), 0.0078390 secs] 42183K->25784K(59392K), [Perm : 6081K->6081K(21248K)], 0.0079080 secs] [Times: user=0.01 sys=0.00, real=0.01 secs] 
131.355: Total time for which application threads were stopped: 0.0080540 seconds, Stopping threads took: 0.0000750 seconds
131.362: Application time: 0.0067150 seconds
131.362: [GC131.362: [DefNew: 15679K->15679K(18432K), 0.0000090 secs]131.362: [Tenured: 25784K->26497K(40960K), 0.0059770 secs] 41464K->26497K(59392K), [Perm : 6081K->6081K(21248K)], 0.0060360 secs] [Times: user=0.01 sys=0.00, real=0.01 secs] 
131.368: Total time for which application threads were stopped: 0.0061820 seconds, Stopping threads took: 0.0000770 seconds
131.373: Application time: 0.0050910 seconds
131.373: [GC131.373: [DefNew: 15688K->15688K(18432K), 0.0000100 secs]131.373: [Tenured: 26497K->26497K(40960K), 0.0089100 secs] 42186K->26497K(59392K), [Perm : 6081K->6081K(21248K)], 0.0089680 secs] [Times: user=0.01 sys=0.00, real=0.01 secs] 
131.382: Total time for which application threads were stopped: 0.0091540 seconds, Stopping threads took: 0.0001140 seconds
131.386: Application time: 0.0037220 seconds
131.386: [GC131.386: [DefNew: 15679K->15679K(18432K), 0.0000100 secs]131.386: [Tenured: 26497K->27922K(40960K), 0.0065470 secs] 42177K->27922K(59392K), [Perm : 6081K->6081K(21248K)], 0.0066070 secs] [Times: user=0.00 sys=0.00, real=0.00 secs] 
131.393: Total time for which application threads were stopped: 0.0067760 seconds, Stopping threads took: 0.0000970 seconds
131.397: Application time: 0.0039770 seconds
131.397: [GC131.397: [DefNew: 15680K->15680K(18432K), 0.0000100 secs]131.397: [Tenured: 27922K->26497K(40960K), 0.0095640 secs] 43603K->26497K(59392K), [Perm : 6081K->6081K(21248K)], 0.0096270 secs] [Times: user=0.01 sys=0.00, real=0.01 secs] 
131.407: Total time for which application threads were stopped: 0.0098000 seconds, Stopping threads took: 0.0001000 seconds
131.467: Application time: 0.0607800 seconds
131.468: [GC131.468: [DefNew: 15698K->15698K(18432K), 0.0000110 secs]131.468: [Tenured: 26497K->25784K(40960K), 0.0098770 secs] 42195K->25784K(59392K), [Perm : 6081K->6081K(21248K)], 0.0099360 secs] [Times: user=0.01 sys=0.00, real=0.01 secs] 
131.477: Total time for which application threads were stopped: 0.0100830 seconds, Stopping threads took: 0.0000770 seconds
131.527: Application time: 0.0495690 seconds
131.527: [GC131.527: [DefNew: 15689K->15689K(18432K), 0.0000100 secs]131.527: [Tenured: 25784K->26497K(40960K), 0.0108700 secs] 41474K->26497K(59392K), [Perm : 6081K->6081K(21248K)], 0.0109310 secs] [Times: user=0.01 sys=0.00, real=0.01 secs] 
131.538: Total time for which application threads were stopped: 0.0111620 seconds, Stopping threads took: 0.0001600 seconds
131.604: Application time: 0.0659480 seconds
131.604: [GC131.604: [DefNew: 15689K->15689K(18432K), 0.0000090 secs]131.604: [Tenured: 26497K->26496K(40960K), 0.0090840 secs] 42186K->26496K(59392K), [Perm : 6081K->6081K(21248K)], 0.0091430 secs] [Times: user=0.01 sys=0.00, real=0.02 secs] 
131.614: Total time for which application threads were stopped: 0.0094010 seconds, Stopping threads took: 0.0001900 seconds
131.677: Application time: 0.0638070 seconds
131.678: [GC131.678: [DefNew: 15689K->15689K(18432K), 0.0000110 secs]131.678: [Tenured: 26496K->26496K(40960K), 0.0105380 secs] 42186K->26496K(59392K), [Perm : 6081K->6081K(21248K)], 0.0106000 secs] [Times: user=0.01 sys=0.00, real=0.01 secs] 
131.688: Total time for which application threads were stopped: 0.0108020 seconds, Stopping threads took: 0.0001100 seconds
131.705: Application time: 0.0172740 seconds
131.706: [GC131.706: [DefNew: 16315K->16315K(18432K), 0.0000090 secs]131.706: [Tenured: 26496K->22282K(40960K), 0.0100640 secs] 42812K->22282K(59392K), [Perm : 6081K->6081K(21248K)], 0.0101220 secs] [Times: user=0.01 sys=0.00, real=0.01 secs] 
131.716: Total time for which application threads were stopped: 0.0107300 seconds, Stopping threads took: 0.0005180 seconds
131.722: Application time: 0.0056580 seconds
131.723: [GC131.723: [DefNew: 16371K->1463K(18432K), 0.0015340 secs] 38654K->26596K(59392K), 0.0015680 secs] [Times: user=0.00 sys=0.00, real=0.00 secs] 
131.724: Total time for which application threads were stopped: 0.0025120 seconds, Stopping threads took: 0.0008590 seconds
131.729: Application time: 0.0047360 seconds
131.729: [GC131.729: [DefNew: 17315K->17315K(18432K), 0.0000100 secs]131.729: [Tenured: 25133K->21602K(40960K), 0.0096610 secs] 42448K->21602K(59392K), [Perm : 6081K->6081K(21248K)], 0.0097220 secs] [Times: user=0.01 sys=0.00, real=0.01 secs] 
131.739: Total time for which application threads were stopped: 0.0100600 seconds, Stopping threads took: 0.0002610 seconds
131.743: Application time: 0.0037920 seconds
131.743: [GC131.743: [DefNew: 15719K->1425K(18432K), 0.0011130 secs] 37322K->25166K(59392K), 0.0011410 secs] [Times: user=0.00 sys=0.00, real=0.00 secs] 
131.744: Total time for which application threads were stopped: 0.0014840 seconds, Stopping threads took: 0.0002860 seconds
131.748: Application time: 0.0035800 seconds
131.748: [GC131.748: [DefNew: 17107K->1425K(18432K), 0.0011770 secs] 40847K->27303K(59392K), 0.0012090 secs] [Times: user=0.00 sys=0.00, real=0.00 secs] 
131.750: Total time for which application threads were stopped: 0.0015310 seconds, Stopping threads took: 0.0002490 seconds
131.754: Application time: 0.0040630 seconds
131.754: [GC131.754: [DefNew: 17106K->1425K(18432K), 0.0007450 secs] 42985K->28016K(59392K), 0.0007740 secs] [Times: user=0.01 sys=0.00, real=0.00 secs] 
131.755: Total time for which application threads were stopped: 0.0014000 seconds, Stopping threads took: 0.0005510 seconds
131.759: Application time: 0.0041900 seconds
131.760: [GC131.760: [DefNew: 17121K->1426K(18432K), 0.0018420 secs] 43712K->32293K(59392K), 0.0018760 secs] [Times: user=0.00 sys=0.00, real=0.00 secs] 
131.762: Total time for which application threads were stopped: 0.0030260 seconds, Stopping threads took: 0.0010700 seconds
131.766: Application time: 0.0039260 seconds
131.766: [GC131.767: [DefNew: 17110K->17110K(18432K), 0.0000100 secs]131.767: [Tenured: 30866K->23731K(40960K), 0.0090230 secs] 47976K->23731K(59392K), [Perm : 6081K->6081K(21248K)], 0.0090820 secs] [Times: user=0.01 sys=0.00, real=0.01 secs] 
131.776: Total time for which application threads were stopped: 0.0094090 seconds, Stopping threads took: 0.0002450 seconds
131.779: Application time: 0.0034800 seconds
131.780: [GC131.780: [DefNew: 15683K->1425K(18432K), 0.0016020 secs] 39415K->28719K(59392K), 0.0016380 secs] [Times: user=0.00 sys=0.00, real=0.00 secs] 
131.782: Total time for which application threads were stopped: 0.0027640 seconds, Stopping threads took: 0.0010610 seconds
131.786: Application time: 0.0039830 seconds
131.786: [GC131.786: [DefNew: 17115K->1426K(18432K), 0.0013990 secs] 44409K->31570K(59392K), 0.0014330 secs] [Times: user=0.00 sys=0.00, real=0.00 secs] 
131.788: Total time for which application threads were stopped: 0.0019830 seconds, Stopping threads took: 0.0004760 seconds
131.791: Application time: 0.0034570 seconds
131.791: [GC131.791: [DefNew: 17110K->17110K(18432K), 0.0000100 secs]131.792: [Tenured: 30144K->24359K(40960K), 0.0102590 secs] 47254K->24359K(59392K), [Perm : 6081K->6081K(21248K)], 0.0103160 secs] [Times: user=0.01 sys=0.00, real=0.01 secs] 
131.802: Total time for which application threads were stopped: 0.0105320 seconds, Stopping threads took: 0.0001250 seconds
131.806: Application time: 0.0037910 seconds
131.806: [GC131.806: [DefNew: 15682K->1425K(18432K), 0.0006830 secs] 40041K->26497K(59392K), 0.0007110 secs] [Times: user=0.00 sys=0.00, real=0.00 secs] 
131.807: Total time for which application threads were stopped: 0.0012770 seconds, Stopping threads took: 0.0004980 seconds
131.811: Application time: 0.0036440 seconds
131.811: [GC131.811: [DefNew: 17114K->1426K(18432K), 0.0011730 secs] 42186K->28635K(59392K), 0.0012040 secs] [Times: user=0.00 sys=0.00, real=0.00 secs] 
131.813: Total time for which application threads were stopped: 0.0019880 seconds, Stopping threads took: 0.0007040 seconds
131.817: Application time: 0.0043190 seconds
131.817: [GC131.817: [DefNew: 17122K->1427K(18432K), 0.0011300 secs] 44331K->30775K(59392K), 0.0011690 secs] [Times: user=0.01 sys=0.00, real=0.00 secs] 
131.818: Total time for which application threads were stopped: 0.0014210 seconds, Stopping threads took: 0.0001810 seconds
131.822: Application time: 0.0034190 seconds
131.823: [GC131.823: [DefNew: 17110K->1425K(18432K), 0.0011750 secs] 46458K->32912K(59392K), 0.0012080 secs] [Times: user=0.00 sys=0.00, real=0.00 secs] 
131.824: Total time for which application threads were stopped: 0.0022740 seconds, Stopping threads took: 0.0009910 seconds
131.827: Application time: 0.0034140 seconds
131.828: [GC131.828: [DefNew: 17108K->1425K(18432K), 0.0009230 secs] 48596K->34338K(59392K), 0.0009530 secs] [Times: user=0.01 sys=0.00, real=0.00 secs] 
131.829: Total time for which application threads were stopped: 0.0015070 seconds, Stopping threads took: 0.0004740 seconds
131.832: Application time: 0.0035540 seconds
131.833: [GC131.833: [DefNew: 17108K->17108K(18432K), 0.0000100 secs]131.833: [Tenured: 32912K->24359K(40960K), 0.0087200 secs] 50021K->24359K(59392K), [Perm : 6081K->6081K(21248K)], 0.0087790 secs] [Times: user=0.01 sys=0.00, real=0.01 secs] 
131.842: Total time for which application threads were stopped: 0.0092790 seconds, Stopping threads took: 0.0004100 seconds
131.845: Application time: 0.0033900 seconds
131.846: [GC131.846: [DefNew: 15683K->1425K(18432K), 0.0009120 secs] 40043K->27210K(59392K), 0.0009420 secs] [Times: user=0.00 sys=0.00, real=0.00 secs] 
131.847: Total time for which application threads were stopped: 0.0013670 seconds, Stopping threads took: 0.0003660 seconds
131.851: Application time: 0.0042710 seconds
131.851: [GC131.851: [DefNew: 17112K->1426K(18432K), 0.0007080 secs] 42897K->27924K(59392K), 0.0007360 secs] [Times: user=0.00 sys=0.00, real=0.00 secs] 
131.852: Total time for which application threads were stopped: 0.0009390 seconds, Stopping threads took: 0.0001270 seconds
131.856: Application time: 0.0039350 seconds
131.856: [GC131.856: [DefNew: 17120K->1426K(18432K), 0.0021740 secs] 43618K->32912K(59392K), 0.0022130 secs] [Times: user=0.00 sys=0.00, real=0.00 secs] 
131.858: Total time for which application threads were stopped: 0.0025840 seconds, Stopping threads took: 0.0003030 seconds
131.861: Application time: 0.0031510 seconds
131.862: [GC131.862: [DefNew: 17111K->1425K(18432K), 0.0017420 secs] 48596K->36475K(59392K), 0.0017790 secs] [Times: user=0.00 sys=0.00, real=0.00 secs] 
131.863: Total time for which application threads were stopped: 0.0019600 seconds, Stopping threads took: 0.0001050 seconds
131.866: Application time: 0.0028880 seconds
131.867: [GC131.867: [DefNew: 17113K->17113K(18432K), 0.0000100 secs]131.867: [Tenured: 35050K->23647K(40960K), 0.0094050 secs] 52164K->23647K(59392K), [Perm : 6081K->6081K(21248K)], 0.0094660 secs] [Times: user=0.01 sys=0.00, real=0.01 secs] 
131.876: Total time for which application threads were stopped: 0.0098860 seconds, Stopping threads took: 0.0003390 seconds
131.879: Application time: 0.0029080 seconds
131.879: [GC131.879: [DefNew: 15681K->1425K(18432K), 0.0009360 secs] 39328K->26497K(59392K), 0.0009660 secs] [Times: user=0.00 sys=0.00, real=0.00 secs] 
131.880: Total time for which application threads were stopped: 0.0012260 seconds, Stopping threads took: 0.0001990 seconds
131.884: Application time: 0.0034290 seconds
131.884: [GC131.884: [DefNew: 17105K->1425K(18432K), 0.0007280 secs] 42178K->27210K(59392K), 0.0007570 secs] [Times: user=0.00 sys=0.00, real=0.00 secs] 
131.885: Total time for which application threads were stopped: 0.0008890 seconds, Stopping threads took: 0.0000760 seconds
131.892: Application time: 0.0073400 seconds
131.892: [GC131.892: [DefNew: 17123K->1426K(18432K), 0.0017040 secs] 42909K->31487K(59392K), 0.0017350 secs] [Times: user=0.00 sys=0.00, real=0.01 secs] 
131.894: Total time for which application threads were stopped: 0.0018690 seconds, Stopping threads took: 0.0000720 seconds
131.962: Application time: 0.0679830 seconds
131.962: [GC131.962: [DefNew (promotion failed) : 17116K->17114K(18432K), 0.0036370 secs]131.966: [Tenured: 40749K->24359K(40960K), 0.0093860 secs] 47176K->24359K(59392K), [Perm : 6081K->6081K(21248K)], 0.0130900 secs] [Times: user=0.01 sys=0.00, real=0.02 secs] 
131.975: Total time for which application threads were stopped: 0.0132220 seconds, Stopping threads took: 0.0000630 seconds
132.048: Application time: 0.0730330 seconds
132.048: [GC132.048: [DefNew: 15689K->1425K(18432K), 0.0042500 secs] 40048K->39322K(59392K), 0.0042920 secs] [Times: user=0.00 sys=0.00, real=0.00 secs] 
132.052: Total time for which application threads were stopped: 0.0044260 seconds, Stopping threads took: 0.0000660 seconds
132.122: Application time: 0.0698460 seconds
132.123: [GC132.123: [DefNew: 17114K->17114K(18432K), 0.0000100 secs]132.123: [Tenured: 37896K->25071K(40960K), 0.0092410 secs] 55011K->25071K(59392K), [Perm : 6081K->6081K(21248K)], 0.0093020 secs] [Times: user=0.01 sys=0.00, real=0.01 secs] 
132.132: Total time for which application threads were stopped: 0.0095130 seconds, Stopping threads took: 0.0001290 seconds
132.175: Application time: 0.0426880 seconds
132.175: [GC132.175: [DefNew: 15718K->1454K(18432K), 0.0031550 secs] 40789K->35788K(59392K), 0.0031910 secs] [Times: user=0.00 sys=0.00, real=0.00 secs] 
132.178: Total time for which application threads were stopped: 0.0033190 seconds, Stopping threads took: 0.0000610 seconds
132.186: Application time: 0.0081060 seconds
132.186: [GC132.186: [DefNew: 17131K->17131K(18432K), 0.0000090 secs]132.186: [Tenured: 34334K->25100K(40960K), 0.0089160 secs] 51466K->25100K(59392K), [Perm : 6081K->6081K(21248K)], 0.0089760 secs] [Times: user=0.01 sys=0.00, real=0.01 secs] 
132.195: Total time for which application threads were stopped: 0.0091180 seconds, Stopping threads took: 0.0000660 seconds
132.201: Application time: 0.0058490 seconds
132.201: [GC132.201: [DefNew: 15683K->1425K(18432K), 0.0008290 secs] 40784K->27239K(59392K), 0.0008600 secs] [Times: user=0.01 sys=0.00, real=0.00 secs] 
132.202: Total time for which application threads were stopped: 0.0010290 seconds, Stopping threads took: 0.0001110 seconds
132.206: Application time: 0.0042420 seconds
132.206: [GC132.206: [DefNew: 17103K->712K(18432K), 0.0003800 secs] 42916K->26526K(59392K), 0.0004090 secs] [Times: user=0.00 sys=0.00, real=0.00 secs] 
132.207: Total time for which application threads were stopped: 0.0006070 seconds, Stopping threads took: 0.0001310 seconds
132.214: Application time: 0.0070930 seconds
132.214: [GC132.214: [DefNew: 16402K->1426K(18432K), 0.0019420 secs] 42217K->31515K(59392K), 0.0019780 secs] [Times: user=0.00 sys=0.00, real=0.00 secs] 
132.216: Total time for which application threads were stopped: 0.0021070 seconds, Stopping threads took: 0.0000630 seconds
132.222: Application time: 0.0058410 seconds
132.222: [GC132.222: [DefNew: 17107K->17107K(18432K), 0.0000100 secs]132.222: [Tenured: 30089K->25813K(40960K), 0.0101850 secs] 47196K->25813K(59392K), [Perm : 6081K->6081K(21248K)], 0.0102460 secs] [Times: user=0.01 sys=0.00, real=0.01 secs] 
132.232: Total time for which application threads were stopped: 0.0104660 seconds, Stopping threads took: 0.0001300 seconds
132.238: Application time: 0.0057080 seconds
132.238: [GC132.238: [DefNew: 15694K->1427K(18432K), 0.0011670 secs] 41508K->29378K(59392K), 0.0011980 secs] [Times: user=0.00 sys=0.00, real=0.00 secs] 
132.239: Total time for which application threads were stopped: 0.0013620 seconds, Stopping threads took: 0.0001050 seconds
132.243: Application time: 0.0039120 seconds
132.244: [GC132.244: [DefNew: 17110K->1425K(18432K), 0.0016050 secs] 45062K->32228K(59392K), 0.0016390 secs] [Times: user=0.00 sys=0.00, real=0.01 secs] 
132.246: Total time for which application threads were stopped: 0.0023190 seconds, Stopping threads took: 0.0006130 seconds
132.249: Application time: 0.0034300 seconds
132.249: [GC132.249: [DefNew: 17105K->17105K(18432K), 0.0000090 secs]132.249: [Tenured: 30803K->25814K(40960K), 0.0094380 secs] 47908K->25814K(59392K), [Perm : 6081K->6081K(21248K)], 0.0094960 secs] [Times: user=0.01 sys=0.00, real=0.01 secs] 
132.259: Total time for which application threads were stopped: 0.0097020 seconds, Stopping threads took: 0.0001140 seconds
132.324: Application time: 0.0655170 seconds
132.325: [GC132.325: [DefNew: 15702K->1426K(18432K), 0.0032220 secs] 41516K->37216K(59392K), 0.0032620 secs] [Times: user=0.00 sys=0.00, real=0.01 secs] 
132.328: Total time for which application threads were stopped: 0.0034990 seconds, Stopping threads took: 0.0001610 seconds
132.399: Application time: 0.0716380 seconds
132.400: [GC132.400: [DefNew: 17116K->17116K(18432K), 0.0000090 secs]132.400: [Tenured: 35789K->25071K(40960K), 0.0101520 secs] 52906K->25071K(59392K), [Perm : 6081K->6081K(21248K)], 0.0102100 secs] [Times: user=0.01 sys=0.00, real=0.01 secs] 
132.410: Total time for which application threads were stopped: 0.0103460 seconds, Stopping threads took: 0.0000660 seconds
132.481: Application time: 0.0713540 seconds
132.481: [GC132.481: [DefNew: 15697K->1425K(18432K), 0.0042230 secs] 40769K->40035K(59392K), 0.0042630 secs] [Times: user=0.01 sys=0.00, real=0.01 secs] 
132.486: Total time for which application threads were stopped: 0.0043940 seconds, Stopping threads took: 0.0000640 seconds
132.546: Application time: 0.0602440 seconds
132.546: [GC132.546: [DefNew: 17123K->17123K(18432K), 0.0000100 secs]132.546: [Tenured: 38609K->27210K(40960K), 0.0092300 secs] 55733K->27210K(59392K), [Perm : 6081K->6081K(21248K)], 0.0092880 secs] [Times: user=0.01 sys=0.00, real=0.01 secs] 
132.555: Total time for which application threads were stopped: 0.0094520 seconds, Stopping threads took: 0.0000920 seconds
132.623: Application time: 0.0673390 seconds
132.623: [GC132.623: [DefNew: 15691K->15691K(18432K), 0.0000090 secs]132.623: [Tenured: 27210K->28635K(40960K), 0.0090940 secs] 42902K->28635K(59392K), [Perm : 6081K->6081K(21248K)], 0.0091530 secs] [Times: user=0.01 sys=0.00, real=0.01 secs] 
132.632: Total time for which application threads were stopped: 0.0092880 seconds, Stopping threads took: 0.0000670 seconds
132.704: Application time: 0.0722200 seconds
132.704: [GC132.704: [DefNew: 15691K->15691K(18432K), 0.0000090 secs]132.704: [Tenured: 28635K->27923K(40960K), 0.0087370 secs] 44327K->27923K(59392K), [Perm : 6081K->6081K(21248K)], 0.0087940 secs] [Times: user=0.01 sys=0.00, real=0.01 secs] 
132.713: Total time for which application threads were stopped: 0.0089720 seconds, Stopping threads took: 0.0001090 seconds
132.785: Application time: 0.0715960 seconds
132.785: [GC132.785: [DefNew: 15689K->15689K(18432K), 0.0000090 secs]132.785: [Tenured: 27923K->26496K(40960K), 0.0099250 secs] 43612K->26496K(59392K), [Perm : 6081K->6081K(21248K)], 0.0099820 secs] [Times: user=0.01 sys=0.00, real=0.02 secs] 
132.795: Total time for which application threads were stopped: 0.0101240 seconds, Stopping threads took: 0.0000640 seconds
132.859: Application time: 0.0642000 seconds
132.859: [GC132.859: [DefNew: 15691K->1425K(18432K), 0.0045250 secs] 42188K->42171K(59392K), 0.0045660 secs] [Times: user=0.00 sys=0.00, real=0.00 secs] 
132.864: Total time for which application threads were stopped: 0.0047260 seconds, Stopping threads took: 0.0000920 seconds
132.940: Application time: 0.0758860 seconds
132.940: [GC132.940: [DefNew: 17129K->17129K(18432K), 0.0000100 secs]132.940: [Tenured: 40746K->26498K(40960K), 0.0088600 secs] 57876K->26498K(59392K), [Perm : 6081K->6081K(21248K)], 0.0089210 secs] [Times: user=0.01 sys=0.00, real=0.01 secs] 
132.949: Total time for which application threads were stopped: 0.0090790 seconds, Stopping threads took: 0.0000910 seconds
133.017: Application time: 0.0684330 seconds
133.017: [GC133.017: [DefNew: 15697K->15697K(18432K), 0.0000100 secs]133.017: [Tenured: 26498K->28636K(40960K), 0.0099990 secs] 42196K->28636K(59392K), [Perm : 6081K->6081K(21248K)], 0.0100530 secs] [Times: user=0.01 sys=0.00, real=0.01 secs] 
133.027: Total time for which application threads were stopped: 0.0102090 seconds, Stopping threads took: 0.0000860 seconds
133.096: Application time: 0.0686290 seconds
133.096: [GC133.096: [DefNew: 15691K->15691K(18432K), 0.0000100 secs]133.096: [Tenured: 28636K->30774K(40960K), 0.0100400 secs] 44328K->30774K(59392K), [Perm : 6081K->6081K(21248K)], 0.0101080 secs] [Times: user=0.01 sys=0.00, real=0.01 secs] 
133.106: Total time for which application threads were stopped: 0.0102670 seconds, Stopping threads took: 0.0000920 seconds
133.182: Application time: 0.0755580 seconds
133.182: [GC133.182: [DefNew: 15689K->15689K(18432K), 0.0000090 secs]133.182: [Tenured: 30774K->28634K(40960K), 0.0105440 secs] 46463K->28634K(59392K), [Perm : 6081K->6081K(21248K)], 0.0106030 secs] [Times: user=0.01 sys=0.00, real=0.01 secs] 
133.193: Total time for which application threads were stopped: 0.0108010 seconds, Stopping threads took: 0.0001090 seconds
133.257: Application time: 0.0647740 seconds
133.257: [GC133.257: [DefNew: 15700K->15700K(18432K), 0.0000090 secs]133.257: [Tenured: 28634K->28635K(40960K), 0.0097260 secs] 44334K->28635K(59392K), [Perm : 6081K->6081K(21248K)], 0.0097820 secs] [Times: user=0.01 sys=0.00, real=0.01 secs] 
133.267: Total time for which application threads were stopped: 0.0099120 seconds, Stopping threads took: 0.0000600 seconds
133.339: Application time: 0.0719560 seconds
133.339: [GC133.339: [DefNew: 15689K->15689K(18432K), 0.0000100 secs]133.339: [Tenured: 28635K->29347K(40960K), 0.0097700 secs] 44324K->29347K(59392K), [Perm : 6081K->6081K(21248K)], 0.0098300 secs] [Times: user=0.01 sys=0.00, real=0.01 secs] 
133.349: Total time for which application threads were stopped: 0.0099760 seconds, Stopping threads took: 0.0000640 seconds
133.392: Application time: 0.0428690 seconds
133.392: [GC133.392: [DefNew: 15704K->15704K(18432K), 0.0000100 secs]133.392: [Tenured: 29347K->28634K(40960K), 0.0107970 secs] 45052K->28634K(59392K), [Perm : 6081K->6081K(21248K)], 0.0108570 secs] [Times: user=0.01 sys=0.00, real=0.01 secs] 
133.403: Total time for which application threads were stopped: 0.0109920 seconds, Stopping threads took: 0.0000650 seconds
133.461: Application time: 0.0577580 seconds
133.461: [GC133.461: [DefNew: 15689K->15689K(18432K), 0.0000110 secs]133.461: [Tenured: 28634K->27921K(40960K), 0.0125700 secs] 44324K->27921K(59392K), [Perm : 6081K->6081K(21248K)], 0.0126280 secs] [Times: user=0.01 sys=0.00, real=0.02 secs] 
133.474: Total time for which application threads were stopped: 0.0130220 seconds, Stopping threads took: 0.0003240 seconds
133.539: Application time: 0.0650140 seconds
133.539: [GC133.539: [DefNew: 15698K->15698K(18432K), 0.0000100 secs]133.539: [Tenured: 27921K->27922K(40960K), 0.0105980 secs] 43620K->27922K(59392K), [Perm : 6081K->6081K(21248K)], 0.0106560 secs] [Times: user=0.02 sys=0.00, real=0.01 secs] 
133.550: Total time for which application threads were stopped: 0.0108970 seconds, Stopping threads took: 0.0001500 seconds
133.615: Application time: 0.0649290 seconds
133.615: [GC133.615: [DefNew: 15698K->15698K(18432K), 0.0000090 secs]133.615: [Tenured: 27922K->27209K(40960K), 0.0098660 secs] 43621K->27209K(59392K), [Perm : 6081K->6081K(21248K)], 0.0099230 secs] [Times: user=0.01 sys=0.00, real=0.00 secs] 
133.625: Total time for which application threads were stopped: 0.0100870 seconds, Stopping threads took: 0.0000840 seconds
133.692: Application time: 0.0676950 seconds
133.693: [GC133.693: [DefNew: 15687K->15687K(18432K), 0.0000130 secs]133.693: [Tenured: 27209K->28634K(40960K), 0.0092750 secs] 42897K->28634K(59392K), [Perm : 6081K->6081K(21248K)], 0.0093410 secs] [Times: user=0.01 sys=0.00, real=0.01 secs] 
133.702: Total time for which application threads were stopped: 0.0094670 seconds, Stopping threads took: 0.0000590 seconds
133.743: Application time: 0.0407070 seconds
133.743: [GC133.743: [DefNew: 15687K->15687K(18432K), 0.0000100 secs]133.743: [Tenured: 28634K->27209K(40960K), 0.0115740 secs] 44322K->27209K(59392K), [Perm : 6081K->6081K(21248K)], 0.0116360 secs] [Times: user=0.01 sys=0.00, real=0.02 secs] 
133.754: Total time for which application threads were stopped: 0.0117720 seconds, Stopping threads took: 0.0000620 seconds
133.817: Application time: 0.0627500 seconds
133.817: [GC133.817: [DefNew: 15689K->15689K(18432K), 0.0000110 secs]133.817: [Tenured: 27209K->26497K(40960K), 0.0106310 secs] 42899K->26497K(59392K), [Perm : 6081K->6081K(21248K)], 0.0107010 secs] [Times: user=0.01 sys=0.00, real=0.01 secs] 
133.828: Total time for which application threads were stopped: 0.0108600 seconds, Stopping threads took: 0.0000880 seconds
133.883: Application time: 0.0554210 seconds
133.884: [GC133.884: [DefNew: 15698K->1426K(18432K), 0.0039030 secs] 42195K->40036K(59392K), 0.0039460 secs] [Times: user=0.00 sys=0.00, real=0.01 secs] 
133.888: Total time for which application threads were stopped: 0.0041190 seconds, Stopping threads took: 0.0000940 seconds
133.952: Application time: 0.0647030 seconds
133.952: [GC133.953: [DefNew: 17125K->17125K(18432K), 0.0000110 secs]133.953: [Tenured: 38609K->21508K(40960K), 0.0103270 secs] 55734K->21508K(59392K), [Perm : 6081K->6081K(21248K)], 0.0103890 secs] [Times: user=0.01 sys=0.00, real=0.01 secs] 
133.963: Total time for which application threads were stopped: 0.0105970 seconds, Stopping threads took: 0.0001270 seconds
134.002: Application time: 0.0390430 seconds
134.002: [GC134.002: [DefNew: 15698K->1426K(18432K), 0.0037700 secs] 37207K->34335K(59392K), 0.0038090 secs] [Times: user=0.01 sys=0.00, real=0.01 secs] 
134.006: Total time for which application threads were stopped: 0.0039470 seconds, Stopping threads took: 0.0000700 seconds
134.055: Application time: 0.0487640 seconds
134.055: [GC134.055: [DefNew: 17114K->17114K(18432K), 0.0000110 secs]134.055: [Tenured: 32909K->24359K(40960K), 0.0109310 secs] 50023K->24359K(59392K), [Perm : 6081K->6081K(21248K)], 0.0109900 secs] [Times: user=0.01 sys=0.00, real=0.01 secs] 
134.066: Total time for which application threads were stopped: 0.0111720 seconds, Stopping threads took: 0.0001120 seconds
134.130: Application time: 0.0637520 seconds
134.130: [GC134.130: [DefNew: 15690K->1425K(18432K), 0.0035350 secs] 40050K->36473K(59392K), 0.0035750 secs] [Times: user=0.00 sys=0.00, real=0.00 secs] 
134.133: Total time for which application threads were stopped: 0.0037970 seconds, Stopping threads took: 0.0001320 seconds
134.194: Application time: 0.0608750 seconds
134.194: [GC134.194: [DefNew: 17113K->17113K(18432K), 0.0000100 secs]134.194: [Tenured: 35048K->25072K(40960K), 0.0106140 secs] 52161K->25072K(59392K), [Perm : 6081K->6081K(21248K)], 0.0106730 secs] [Times: user=0.01 sys=0.00, real=0.00 secs] 
134.205: Total time for which application threads were stopped: 0.0108480 seconds, Stopping threads took: 0.0001060 seconds
134.243: Application time: 0.0376760 seconds
134.243: [GC134.243: [DefNew: 15696K->1426K(18432K), 0.0036240 secs] 40769K->37187K(59392K), 0.0036660 secs] [Times: user=0.01 sys=0.00, real=0.01 secs] 
134.247: Total time for which application threads were stopped: 0.0038730 seconds, Stopping threads took: 0.0001370 seconds
134.304: Application time: 0.0571450 seconds
134.304: [GC134.304: [DefNew: 17116K->17116K(18432K), 0.0000090 secs]134.304: [Tenured: 35761K->24361K(40960K), 0.0089690 secs] 52877K->24361K(59392K), [Perm : 6081K->6081K(21248K)], 0.0090280 secs] [Times: user=0.01 sys=0.00, real=0.01 secs] 
134.313: Total time for which application threads were stopped: 0.0091730 seconds, Stopping threads took: 0.0000760 seconds
134.381: Application time: 0.0683510 seconds
134.381: [GC134.382: [DefNew: 15697K->1426K(18432K), 0.0035080 secs] 40058K->36476K(59392K), 0.0035450 secs] [Times: user=0.01 sys=0.00, real=0.00 secs] 
134.385: Total time for which application threads were stopped: 0.0037300 seconds, Stopping threads took: 0.0000960 seconds
134.419: Application time: 0.0336240 seconds
134.419: [GC134.419: [DefNew: 17115K->17115K(18432K), 0.0000100 secs]134.419: [Tenured: 35049K->25074K(40960K), 0.0093850 secs] 52165K->25074K(59392K), [Perm : 6081K->6081K(21248K)], 0.0094450 secs] [Times: user=0.01 sys=0.00, real=0.01 secs] 
134.428: Total time for which application threads were stopped: 0.0096330 seconds, Stopping threads took: 0.0000880 seconds
134.474: Application time: 0.0461520 seconds
134.475: [GC134.475: [DefNew: 15696K->1426K(18432K), 0.0036760 secs] 40771K->37189K(59392K), 0.0037250 secs] [Times: user=0.01 sys=0.00, real=0.00 secs] 
134.479: Total time for which application threads were stopped: 0.0040200 seconds, Stopping threads took: 0.0002280 seconds
134.548: Application time: 0.0696050 seconds
134.548: [GC134.548: [DefNew: 17115K->17115K(18432K), 0.0000100 secs]134.548: [Tenured: 35763K->26500K(40960K), 0.0091900 secs] 52878K->26500K(59392K), [Perm : 6081K->6081K(21248K)], 0.0092500 secs] [Times: user=0.01 sys=0.00, real=0.01 secs] 
134.558: Total time for which application threads were stopped: 0.0093930 seconds, Stopping threads took: 0.0000750 seconds
134.590: Application time: 0.0329650 seconds
134.591: [GC134.591: [DefNew: 15706K->15706K(18432K), 0.0000110 secs]134.591: [Tenured: 26500K->25785K(40960K), 0.0111650 secs] 42207K->25785K(59392K), [Perm : 6081K->6081K(21248K)], 0.0112270 secs] [Times: user=0.01 sys=0.00, real=0.01 secs] 
134.602: Total time for which application threads were stopped: 0.0114150 seconds, Stopping threads took: 0.0001070 seconds
134.655: Application time: 0.0535310 seconds
134.656: [GC134.656: [DefNew: 15688K->15688K(18432K), 0.0000100 secs]134.656: [Tenured: 25785K->25785K(40960K), 0.0099330 secs] 41474K->25785K(59392K), [Perm : 6081K->6081K(21248K)], 0.0099860 secs] [Times: user=0.01 sys=0.00, real=0.01 secs] 
134.666: Total time for which application threads were stopped: 0.0101520 seconds, Stopping threads took: 0.0000880 seconds
134.723: Application time: 0.0575500 seconds
134.723: [GC134.723: [DefNew: 15688K->15688K(18432K), 0.0000100 secs]134.723: [Tenured: 25785K->27211K(40960K), 0.0098790 secs] 41474K->27211K(59392K), [Perm : 6081K->6081K(21248K)], 0.0099380 secs] [Times: user=0.01 sys=0.00, real=0.01 secs] 
134.733: Total time for which application threads were stopped: 0.0100740 seconds, Stopping threads took: 0.0000640 seconds
134.795: Application time: 0.0618940 seconds
134.795: [GC134.795: [DefNew: 15688K->15688K(18432K), 0.0000100 secs]134.795: [Tenured: 27211K->26498K(40960K), 0.0090210 secs] 42900K->26498K(59392K), [Perm : 6081K->6081K(21248K)], 0.0090800 secs] [Times: user=0.01 sys=0.00, real=0.00 secs] 
134.804: Total time for which application threads were stopped: 0.0092070 seconds, Stopping threads took: 0.0000590 seconds
134.839: Application time: 0.0351440 seconds
134.840: [GC134.840: [DefNew: 15688K->15688K(18432K), 0.0000090 secs]134.840: [Tenured: 26498K->27211K(40960K), 0.0091670 secs] 42187K->27211K(59392K), [Perm : 6081K->6081K(21248K)], 0.0092270 secs] [Times: user=0.01 sys=0.00, real=0.01 secs] 
134.849: Total time for which application threads were stopped: 0.0093640 seconds, Stopping threads took: 0.0000680 seconds
134.914: Application time: 0.0650830 seconds
134.914: [GC134.914: [DefNew: 15688K->15688K(18432K), 0.0000110 secs]134.914: [Tenured: 27211K->26498K(40960K), 0.0098140 secs] 42899K->26498K(59392K), [Perm : 6081K->6081K(21248K)], 0.0098760 secs] [Times: user=0.01 sys=0.00, real=0.00 secs] 
134.924: Total time for which application threads were stopped: 0.0100260 seconds, Stopping threads took: 0.0000790 seconds
134.972: Application time: 0.0479630 seconds
134.972: [GC134.972: [DefNew: 15704K->15704K(18432K), 0.0000090 secs]134.972: [Tenured: 26498K->27213K(40960K), 0.0098020 secs] 42202K->27213K(59392K), [Perm : 6081K->6081K(21248K)], 0.0098610 secs] [Times: user=0.01 sys=0.00, real=0.01 secs] 
134.982: Total time for which application threads were stopped: 0.0099990 seconds, Stopping threads took: 0.0000570 seconds
135.021: Application time: 0.0394490 seconds
135.021: [GC135.022: [DefNew: 15697K->15697K(18432K), 0.0000100 secs]135.022: [Tenured: 27213K->27213K(40960K), 0.0105940 secs] 42910K->27213K(59392K), [Perm : 6081K->6081K(21248K)], 0.0106550 secs] [Times: user=0.01 sys=0.00, real=0.01 secs] 
135.032: Total time for which application threads were stopped: 0.0108320 seconds, Stopping threads took: 0.0001070 seconds
135.093: Application time: 0.0609130 seconds
135.093: [GC135.093: [DefNew: 15688K->15688K(18432K), 0.0000170 secs]135.093: [Tenured: 27213K->28636K(40960K), 0.0110500 secs] 42902K->28636K(59392K), [Perm : 6081K->6081K(21248K)], 0.0111180 secs] [Times: user=0.02 sys=0.00, real=0.01 secs] 
135.104: Total time for which application threads were stopped: 0.0113250 seconds, Stopping threads took: 0.0001160 seconds
135.159: Application time: 0.0545840 seconds
135.159: [GC135.159: [DefNew: 15688K->15688K(18432K), 0.0000100 secs]135.159: [Tenured: 28636K->28636K(40960K), 0.0098870 secs] 44324K->28636K(59392K), [Perm : 6081K->6081K(21248K)], 0.0099510 secs] [Times: user=0.01 sys=0.00, real=0.01 secs] 
135.169: Total time for which application threads were stopped: 0.0101920 seconds, Stopping threads took: 0.0001650 seconds
135.202: Application time: 0.0327030 seconds
135.202: [GC135.202: [DefNew: 15688K->15688K(18432K), 0.0000100 secs]135.202: [Tenured: 28636K->29348K(40960K), 0.0095140 secs] 44324K->29348K(59392K), [Perm : 6081K->6081K(21248K)], 0.0095750 secs] [Times: user=0.01 sys=0.00, real=0.01 secs] 
135.212: Total time for which application threads were stopped: 0.0097840 seconds, Stopping threads took: 0.0001390 seconds
135.268: Application time: 0.0566010 seconds
135.268: [GC135.268: [DefNew: 15716K->15716K(18432K), 0.0000090 secs]135.268: [Tenured: 29348K->29378K(40960K), 0.0091250 secs] 45065K->29378K(59392K), [Perm : 6081K->6081K(21248K)], 0.0091810 secs] [Times: user=0.01 sys=0.00, real=0.01 secs] 
135.278: Total time for which application threads were stopped: 0.0093080 seconds, Stopping threads took: 0.0000590 seconds
135.285: Application time: 0.0070020 seconds
135.285: [GC135.285: [DefNew: 15679K->15679K(18432K), 0.0000090 secs]135.285: [Tenured: 29378K->27923K(40960K), 0.0105660 secs] 45057K->27923K(59392K), [Perm : 6081K->6081K(21248K)], 0.0106210 secs] [Times: user=0.01 sys=0.00, real=0.02 secs] 
135.295: Total time for which application threads were stopped: 0.0107650 seconds, Stopping threads took: 0.0000730 seconds
135.302: Application time: 0.0062310 seconds
135.302: [GC135.302: [DefNew: 15685K->15685K(18432K), 0.0000090 secs]135.302: [Tenured: 27923K->28635K(40960K), 0.0089210 secs] 43609K->28635K(59392K), [Perm : 6081K->6081K(21248K)], 0.0089790 secs] [Times: user=0.01 sys=0.00, real=0.01 secs] 
135.311: Total time for which application threads were stopped: 0.0091200 seconds, Stopping threads took: 0.0000670 seconds
135.315: Application time: 0.0039480 seconds
135.315: [GC135.315: [DefNew: 15679K->15679K(18432K), 0.0000110 secs]135.315: [Tenured: 28635K->27210K(40960K), 0.0102390 secs] 44315K->27210K(59392K), [Perm : 6081K->6081K(21248K)], 0.0103020 secs] [Times: user=0.01 sys=0.00, real=0.00 secs] 
135.325: Total time for which application threads were stopped: 0.0106990 seconds, Stopping threads took: 0.0003230 seconds
135.332: Application time: 0.0064470 seconds
135.332: [GC135.332: [DefNew: 15687K->15687K(18432K), 0.0000100 secs]135.332: [Tenured: 27210K->29348K(40960K), 0.0067340 secs] 42898K->29348K(59392K), [Perm : 6081K->6081K(21248K)], 0.0067930 secs] [Times: user=0.01 sys=0.00, real=0.01 secs] 
135.339: Total time for which application threads were stopped: 0.0070150 seconds, Stopping threads took: 0.0001410 seconds
135.345: Application time: 0.0065590 seconds
135.346: [GC135.346: [DefNew: 15680K->15680K(18432K), 0.0000100 secs]135.346: [Tenured: 29348K->27923K(40960K), 0.0103080 secs] 45029K->27923K(59392K), [Perm : 6081K->6081K(21248K)], 0.0103700 secs] [Times: user=0.01 sys=0.00, real=0.01 secs] 
135.356: Total time for which application threads were stopped: 0.0106130 seconds, Stopping threads took: 0.0001490 seconds
135.363: Application time: 0.0069630 seconds
135.363: [GC135.363: [DefNew: 15680K->15680K(18432K), 0.0000100 secs]135.363: [Tenured: 27923K->28636K(40960K), 0.0067640 secs] 43603K->28636K(59392K), [Perm : 6081K->6081K(21248K)], 0.0068200 secs] [Times: user=0.01 sys=0.00, real=0.01 secs] 
135.370: Total time for which application threads were stopped: 0.0070910 seconds, Stopping threads took: 0.0002010 seconds
135.375: Application time: 0.0044890 seconds
135.375: [GC135.375: [DefNew: 15687K->15687K(18432K), 0.0000110 secs]135.375: [Tenured: 28636K->30062K(40960K), 0.0060230 secs] 44323K->30062K(59392K), [Perm : 6081K->6081K(21248K)], 0.0060910 secs] [Times: user=0.01 sys=0.00, real=0.00 secs] 
135.381: Total time for which application threads were stopped: 0.0062380 seconds, Stopping threads took: 0.0000760 seconds
135.385: Application time: 0.0037860 seconds
135.385: [GC135.385: [DefNew: 15678K->15678K(18432K), 0.0000090 secs]135.385: [Tenured: 30062K->30062K(40960K), 0.0063380 secs] 45741K->30062K(59392K), [Perm : 6081K->6081K(21248K)], 0.0063870 secs] [Times: user=0.01 sys=0.00, real=0.01 secs] 
135.391: Total time for which application threads were stopped: 0.0065310 seconds, Stopping threads took: 0.0000770 seconds
135.426: Application time: 0.0349260 seconds
135.426: [GC135.426: [DefNew: 15692K->15692K(18432K), 0.0000100 secs]135.426: [Tenured: 30062K->27923K(40960K), 0.0096820 secs] 45754K->27923K(59392K), [Perm : 6081K->6081K(21248K)], 0.0097420 secs] [Times: user=0.01 sys=0.00, real=0.01 secs] 
135.436: Total time for which application threads were stopped: 0.0098780 seconds, Stopping threads took: 0.0000620 seconds
135.481: Application time: 0.0453060 seconds
135.481: [GC135.481: [DefNew: 15688K->15688K(18432K), 0.0000100 secs]135.481: [Tenured: 27923K->27923K(40960K), 0.0099260 secs] 43611K->27923K(59392K), [Perm : 6081K->6081K(21248K)], 0.0099860 secs] [Times: user=0.01 sys=0.00, real=0.01 secs] 
135.491: Total time for which application threads were stopped: 0.0101300 seconds, Stopping threads took: 0.0000630 seconds
135.540: Application time: 0.0487900 seconds
135.540: [GC135.540: [DefNew: 15696K->15696K(18432K), 0.0000100 secs]135.540: [Tenured: 27923K->27924K(40960K), 0.0106250 secs] 43620K->27924K(59392K), [Perm : 6081K->6081K(21248K)], 0.0106860 secs] [Times: user=0.01 sys=0.00, real=0.01 secs] 
135.551: Total time for which application threads were stopped: 0.0109100 seconds, Stopping threads took: 0.0001330 seconds
135.570: Application time: 0.0188770 seconds
135.570: [GC135.570: [DefNew: 15711K->15711K(18432K), 0.0000100 secs]135.570: [Tenured: 27924K->28665K(40960K), 0.0093370 secs] 43636K->28665K(59392K), [Perm : 6081K->6081K(21248K)], 0.0093990 secs] [Times: user=0.01 sys=0.00, real=0.01 secs] 
135.580: Total time for which application threads were stopped: 0.0095530 seconds, Stopping threads took: 0.0000780 seconds
135.586: Application time: 0.0067940 seconds
135.587: [GC135.587: [DefNew: 15681K->15681K(18432K), 0.0000100 secs]135.587: [Tenured: 28665K->25785K(40960K), 0.0109910 secs] 44347K->25785K(59392K), [Perm : 6081K->6081K(21248K)], 0.0110530 secs] [Times: user=0.02 sys=0.00, real=0.01 secs] 
135.598: Total time for which application threads were stopped: 0.0118400 seconds, Stopping threads took: 0.0007030 seconds
135.602: Application time: 0.0040250 seconds
135.602: [GC135.602: [DefNew: 15685K->15685K(18432K), 0.0000100 secs]135.602: [Tenured: 25785K->29348K(40960K), 0.0065060 secs] 41471K->29348K(59392K), [Perm : 6081K->6081K(21248K)], 0.0065670 secs] [Times: user=0.00 sys=0.00, real=0.01 secs] 
135.609: Total time for which application threads were stopped: 0.0067110 seconds, Stopping threads took: 0.0000690 seconds
135.616: Application time: 0.0067210 seconds
135.616: [GC135.616: [DefNew: 15685K->15685K(18432K), 0.0000100 secs]135.616: [Tenured: 29348K->27924K(40960K), 0.0068500 secs] 45034K->27924K(59392K), [Perm : 6081K->6081K(21248K)], 0.0069060 secs] [Times: user=0.00 sys=0.00, real=0.00 secs] 
135.623: Total time for which application threads were stopped: 0.0070510 seconds, Stopping threads took: 0.0000780 seconds
135.630: Application time: 0.0070440 seconds
135.630: [GC135.630: [DefNew: 15680K->15680K(18432K), 0.0000090 secs]135.630: [Tenured: 27924K->29348K(40960K), 0.0072190 secs] 43604K->29348K(59392K), [Perm : 6081K->6081K(21248K)], 0.0072760 secs] [Times: user=0.01 sys=0.00, real=0.01 secs] 
135.637: Total time for which application threads were stopped: 0.0074220 seconds, Stopping threads took: 0.0000750 seconds
135.644: Application time: 0.0066490 seconds
135.644: [GC135.644: [DefNew: 15680K->15680K(18432K), 0.0000100 secs]135.644: [Tenured: 29348K->27923K(40960K), 0.0085000 secs] 45028K->27923K(59392K), [Perm : 6081K->6081K(21248K)], 0.0085660 secs] [Times: user=0.01 sys=0.00, real=0.01 secs] 
135.653: Total time for which application threads were stopped: 0.0087240 seconds, Stopping threads took: 0.0000850 seconds
135.657: Application time: 0.0044990 seconds
135.657: [GC135.657: [DefNew: 15688K->15688K(18432K), 0.0000090 secs]135.657: [Tenured: 27923K->27923K(40960K), 0.0087370 secs] 43612K->27923K(59392K), [Perm : 6081K->6081K(21248K)], 0.0087870 secs] [Times: user=0.01 sys=0.00, real=0.01 secs] 
135.666: Total time for which application threads were stopped: 0.0089920 seconds, Stopping threads took: 0.0001350 seconds
135.670: Application time: 0.0037240 seconds
135.670: [GC135.670: [DefNew: 15682K->15682K(18432K), 0.0000100 secs]135.670: [Tenured: 27923K->28635K(40960K), 0.0092880 secs] 43606K->28635K(59392K), [Perm : 6081K->6081K(21248K)], 0.0093480 secs] [Times: user=0.01 sys=0.00, real=0.01 secs] 
135.679: Total time for which application threads were stopped: 0.0094980 seconds, Stopping threads took: 0.0000790 seconds
135.688: Application time: 0.0083460 seconds
135.688: [GC135.688: [DefNew: 15690K->15690K(18432K), 0.0000100 secs]135.688: [Tenured: 28635K->25785K(40960K), 0.0083420 secs] 44326K->25785K(59392K), [Perm : 6081K->6081K(21248K)], 0.0083980 secs] [Times: user=0.01 sys=0.00, real=0.01 secs] 
135.696: Total time for which application threads were stopped: 0.0086030 seconds, Stopping threads took: 0.0001370 seconds
135.765: Application time: 0.0690890 seconds
135.765: [GC135.765: [DefNew: 16096K->16096K(18432K), 0.0000100 secs]135.765: [Tenured: 25785K->20811K(40960K), 0.0101080 secs] 41881K->20811K(59392K), [Perm : 6081K->6081K(21248K)], 0.0101700 secs] [Times: user=0.01 sys=0.01, real=0.02 secs] 
135.776: Total time for which application threads were stopped: 0.0103300 seconds, Stopping threads took: 0.0000910 seconds
135.784: Application time: 0.0084420 seconds
135.785: [GC135.785: [DefNew: 16056K->1426K(18432K), 0.0026800 secs] 36867K->29363K(59392K), 0.0027210 secs] [Times: user=0.00 sys=0.00, real=0.01 secs] 
135.788: Total time for which application threads were stopped: 0.0036600 seconds, Stopping threads took: 0.0008620 seconds
135.793: Application time: 0.0050210 seconds
135.793: [GC135.793: [DefNew: 17106K->17106K(18432K), 0.0000100 secs]135.793: [Tenured: 27936K->26497K(40960K), 0.0099910 secs] 45042K->26497K(59392K), [Perm : 6081K->6081K(21248K)], 0.0100530 secs] [Times: user=0.01 sys=0.00, real=0.01 secs] 
135.803: Total time for which application threads were stopped: 0.0103270 seconds, Stopping threads took: 0.0001810 seconds
135.809: Application time: 0.0064370 seconds
135.810: [GC135.810: [DefNew: 15679K->15679K(18432K), 0.0000100 secs]135.810: [Tenured: 26497K->25072K(40960K), 0.0062140 secs] 42177K->25072K(59392K), [Perm : 6081K->6081K(21248K)], 0.0062710 secs] [Times: user=0.01 sys=0.00, real=0.01 secs] 
135.816: Total time for which application threads were stopped: 0.0064570 seconds, Stopping threads took: 0.0001150 seconds
135.821: Application time: 0.0049000 seconds
135.821: [GC135.821: [DefNew: 15685K->1425K(18432K), 0.0009720 secs] 40758K->27923K(59392K), 0.0010060 secs] [Times: user=0.01 sys=0.00, real=0.00 secs] 
135.822: Total time for which application threads were stopped: 0.0012370 seconds, Stopping threads took: 0.0001590 seconds
135.826: Application time: 0.0038160 seconds
135.826: [GC135.826: [DefNew: 17111K->17111K(18432K), 0.0000100 secs]135.826: [Tenured: 26497K->26498K(40960K), 0.0067090 secs] 43609K->26498K(59392K), [Perm : 6081K->6081K(21248K)], 0.0067630 secs] [Times: user=0.00 sys=0.00, real=0.00 secs] 
135.833: Total time for which application threads were stopped: 0.0070920 seconds, Stopping threads took: 0.0002590 seconds
135.836: Application time: 0.0034280 seconds
135.837: [GC135.837: [DefNew: 15679K->15679K(18432K), 0.0000090 secs]135.837: [Tenured: 26498K->27210K(40960K), 0.0075380 secs] 42177K->27210K(59392K), [Perm : 6081K->6081K(21248K)], 0.0076060 secs] [Times: user=0.01 sys=0.00, real=0.00 secs] 
135.844: Total time for which application threads were stopped: 0.0079270 seconds, Stopping threads took: 0.0002290 seconds
135.848: Application time: 0.0039040 seconds
135.849: [GC135.849: [DefNew: 15683K->15683K(18432K), 0.0000090 secs]135.849: [Tenured: 27210K->26497K(40960K), 0.0101780 secs] 42893K->26497K(59392K), [Perm : 6081K->6081K(21248K)], 0.0102370 secs] [Times: user=0.01 sys=0.00, real=0.01 secs] 
135.859: Total time for which application threads were stopped: 0.0106570 seconds, Stopping threads took: 0.0003300 seconds
135.864: Application time: 0.0046990 seconds
135.865: [GC135.865: [DefNew: 15694K->15694K(18432K), 0.0000090 secs]135.865: [Tenured: 26497K->25072K(40960K), 0.0077130 secs] 42191K->25072K(59392K), [Perm : 6081K->6081K(21248K)], 0.0077750 secs] [Times: user=0.01 sys=0.00, real=0.01 secs] 
135.872: Total time for which application threads were stopped: 0.0087740 seconds, Stopping threads took: 0.0009070 seconds
135.877: Application time: 0.0041820 seconds
135.877: [GC135.877: [DefNew: 15680K->1425K(18432K), 0.0005470 secs] 40753K->26498K(59392K), 0.0005760 secs] [Times: user=0.00 sys=0.00, real=0.00 secs] 
135.878: Total time for which application threads were stopped: 0.0010240 seconds, Stopping threads took: 0.0003720 seconds
135.882: Application time: 0.0044300 seconds
135.882: [GC135.882: [DefNew: 17108K->17108K(18432K), 0.0000100 secs]135.882: [Tenured: 25072K->24360K(40960K), 0.0091000 secs] 42181K->24360K(59392K), [Perm : 6081K->6081K(21248K)], 0.0091600 secs] [Times: user=0.01 sys=0.00, real=0.01 secs] 
135.891: Total time for which application threads were stopped: 0.0093480 seconds, Stopping threads took: 0.0001180 seconds
135.897: Application time: 0.0051940 seconds
135.897: [GC135.897: [DefNew: 15682K->1425K(18432K), 0.0007850 secs] 40042K->26498K(59392K), 0.0008150 secs] [Times: user=0.00 sys=0.00, real=0.00 secs] 
135.898: Total time for which application threads were stopped: 0.0010360 seconds, Stopping threads took: 0.0001440 seconds
135.901: Application time: 0.0037920 seconds
135.902: [GC135.902: [DefNew: 17114K->1426K(18432K), 0.0012800 secs] 42187K->28637K(59392K), 0.0013120 secs] [Times: user=0.00 sys=0.00, real=0.00 secs] 
135.903: Total time for which application threads were stopped: 0.0015370 seconds, Stopping threads took: 0.0001450 seconds
135.906: Application time: 0.0032480 seconds
135.906: [GC135.906: [DefNew: 17108K->17108K(18432K), 0.0000090 secs]135.906: [Tenured: 27210K->26497K(40960K), 0.0068040 secs] 44319K->26497K(59392K), [Perm : 6081K->6081K(21248K)], 0.0068630 secs] [Times: user=0.00 sys=0.00, real=0.00 secs] 
135.913: Total time for which application threads were stopped: 0.0070620 seconds, Stopping threads took: 0.0001160 seconds
135.917: Application time: 0.0034470 seconds
135.917: [GC135.917: [DefNew: 15688K->1426K(18432K), 0.0007240 secs] 42185K->28636K(59392K), 0.0007540 secs] [Times: user=0.00 sys=0.00, real=0.00 secs] 
135.918: Total time for which application threads were stopped: 0.0009390 seconds, Stopping threads took: 0.0001100 seconds
135.921: Application time: 0.0031500 seconds
135.921: [GC135.921: [DefNew: 17107K->1425K(18432K), 0.0005740 secs] 44317K->28636K(59392K), 0.0006040 secs] [Times: user=0.00 sys=0.00, real=0.00 secs] 
135.922: Total time for which application threads were stopped: 0.0010290 seconds, Stopping threads took: 0.0003480 seconds
135.925: Application time: 0.0036070 seconds
135.926: [GC135.926: [DefNew: 17112K->1427K(18432K), 0.0005140 secs] 44323K->28638K(59392K), 0.0005390 secs] [Times: user=0.00 sys=0.00, real=0.00 secs] 
135.926: Total time for which application threads were stopped: 0.0007630 seconds, Stopping threads took: 0.0001580 seconds
135.936: Application time: 0.0100210 seconds
135.936: [GC135.936: [DefNew: 17119K->1426K(18432K), 0.0026280 secs] 44330K->35763K(59392K), 0.0026690 secs] [Times: user=0.01 sys=0.00, real=0.00 secs] 
135.939: Total time for which application threads were stopped: 0.0028260 seconds, Stopping threads took: 0.0000820 seconds
136.008: Application time: 0.0686370 seconds
136.008: [GC136.008: [DefNew: 17116K->17116K(18432K), 0.0000090 secs]136.008: [Tenured: 34337K->26497K(40960K), 0.0101850 secs] 51453K->26497K(59392K), [Perm : 6081K->6081K(21248K)], 0.0102510 secs] [Times: user=0.01 sys=0.00, real=0.01 secs] 
136.018: Total time for which application threads were stopped: 0.0105690 seconds, Stopping threads took: 0.0002210 seconds
136.088: Application time: 0.0697290 seconds
136.088: [GC136.088: [DefNew: 15691K->1425K(18432K), 0.0036480 secs] 42189K->39323K(59392K), 0.0036870 secs] [Times: user=0.01 sys=0.00, real=0.00 secs] 
136.092: Total time for which application threads were stopped: 0.0040360 seconds, Stopping threads took: 0.0002730 seconds
136.127: Application time: 0.0351820 seconds
136.127: [GC136.127: [DefNew: 17114K->17114K(18432K), 0.0000100 secs]136.127: [Tenured: 37898K->27210K(40960K), 0.0093100 secs] 55012K->27210K(59392K), [Perm : 6081K->6081K(21248K)], 0.0093690 secs] [Times: user=0.01 sys=0.00, real=0.01 secs] 
136.137: Total time for which application threads were stopped: 0.0095630 seconds, Stopping threads took: 0.0001260 seconds
136.197: Application time: 0.0603610 seconds
136.197: [GC136.197: [DefNew: 15720K->15720K(18432K), 0.0000100 secs]136.197: [Tenured: 27210K->26526K(40960K), 0.0089610 secs] 42930K->26526K(59392K), [Perm : 6081K->6081K(21248K)], 0.0090160 secs] [Times: user=0.01 sys=0.00, real=0.01 secs] 
136.206: Total time for which application threads were stopped: 0.0092250 seconds, Stopping threads took: 0.0001210 seconds
136.215: Application time: 0.0081730 seconds
136.215: [GC136.215: [DefNew: 15677K->15677K(18432K), 0.0000090 secs]136.215: [Tenured: 26526K->26497K(40960K), 0.0099110 secs] 42204K->26497K(59392K), [Perm : 6081K->6081K(21248K)], 0.0099740 secs] [Times: user=0.01 sys=0.00, real=0.00 secs] 
136.225: Total time for which application threads were stopped: 0.0101780 seconds, Stopping threads took: 0.0001190 seconds
136.231: Application time: 0.0066510 seconds
136.232: [GC136.232: [DefNew: 15687K->15687K(18432K), 0.0000090 secs]136.232: [Tenured: 26497K->25072K(40960K), 0.0096320 secs] 42184K->25072K(59392K), [Perm : 6081K->6081K(21248K)], 0.0097030 secs] [Times: user=0.00 sys=0.01, real=0.01 secs] 
136.241: Total time for which application threads were stopped: 0.0100410 seconds, Stopping threads took: 0.0002470 seconds
136.246: Application time: 0.0046560 seconds
136.247: [GC136.247: [DefNew: 16198K->1461K(18432K), 0.0005570 secs] 41270K->26533K(59392K), 0.0005830 secs] [Times: user=0.00 sys=0.00, real=0.00 secs] 
136.247: Total time for which application threads were stopped: 0.0012090 seconds, Stopping threads took: 0.0005710 seconds
136.253: Application time: 0.0059090 seconds
136.254: [GC136.254: [DefNew: 17369K->1426K(18432K), 0.0011570 secs] 42441K->28664K(59392K), 0.0011880 secs] [Times: user=0.00 sys=0.00, real=0.00 secs] 
136.255: Total time for which application threads were stopped: 0.0020530 seconds, Stopping threads took: 0.0008060 seconds
136.260: Application time: 0.0042780 seconds
136.260: [GC136.260: [DefNew: 17112K->1426K(18432K), 0.0010780 secs] 44351K->30090K(59392K), 0.0011120 secs] [Times: user=0.01 sys=0.00, real=0.00 secs] 
136.261: Total time for which application threads were stopped: 0.0015300 seconds, Stopping threads took: 0.0003560 seconds
136.266: Application time: 0.0049210 seconds
136.266: [GC136.266: [DefNew: 17106K->17106K(18432K), 0.0000100 secs]136.266: [Tenured: 28664K->25814K(40960K), 0.0088670 secs] 45771K->25814K(59392K), [Perm : 6081K->6081K(21248K)], 0.0089280 secs] [Times: user=0.01 sys=0.00, real=0.01 secs] 
136.275: Total time for which application threads were stopped: 0.0091150 seconds, Stopping threads took: 0.0001150 seconds
136.279: Application time: 0.0041640 seconds
136.280: [GC136.280: [DefNew: 15681K->1425K(18432K), 0.0005070 secs] 41495K->27239K(59392K), 0.0005360 secs] [Times: user=0.00 sys=0.00, real=0.00 secs] 
136.281: Total time for which application threads were stopped: 0.0013810 seconds, Stopping threads took: 0.0007770 seconds
136.285: Application time: 0.0041320 seconds
136.285: [GC136.285: [DefNew: 17119K->1427K(18432K), 0.0009320 secs] 42933K->28666K(59392K), 0.0009710 secs] [Times: user=0.00 sys=0.00, real=0.01 secs] 
136.286: Total time for which application threads were stopped: 0.0012370 seconds, Stopping threads took: 0.0002060 seconds
136.289: Application time: 0.0032770 seconds
136.290: [GC136.290: [DefNew: 17107K->1425K(18432K), 0.0009940 secs] 44347K->30091K(59392K), 0.0010220 secs] [Times: user=0.00 sys=0.00, real=0.00 secs] 
136.291: Total time for which application threads were stopped: 0.0012200 seconds, Stopping threads took: 0.0001410 seconds
136.294: Application time: 0.0035480 seconds
136.294: [GC136.294: [DefNew: 17106K->1425K(18432K), 0.0013940 secs] 45772K->32941K(59392K), 0.0014270 secs] [Times: user=0.00 sys=0.00, real=0.00 secs] 
136.296: Total time for which application threads were stopped: 0.0015630 seconds, Stopping threads took: 0.0000730 seconds
136.299: Application time: 0.0037200 seconds
136.300: [GC136.300: [DefNew: 17106K->17106K(18432K), 0.0000100 secs]136.300: [Tenured: 31516K->25102K(40960K), 0.0088070 secs] 48622K->25102K(59392K), [Perm : 6081K->6081K(21248K)], 0.0088660 secs] [Times: user=0.01 sys=0.00, real=0.01 secs] 
136.309: Total time for which application threads were stopped: 0.0092790 seconds, Stopping threads took: 0.0003410 seconds
136.315: Application time: 0.0063040 seconds
136.315: [GC136.315: [DefNew: 16268K->1463K(18432K), 0.0012020 secs] 41370K->28702K(59392K), 0.0012320 secs] [Times: user=0.00 sys=0.00, real=0.00 secs] 
136.316: Total time for which application threads were stopped: 0.0013670 seconds, Stopping threads took: 0.0000750 seconds
136.322: Application time: 0.0058880 seconds
136.323: [GC136.323: [DefNew: 17318K->1425K(18432K), 0.0015180 secs] 44558K->32258K(59392K), 0.0015510 secs] [Times: user=0.00 sys=0.00, real=0.00 secs] 
136.325: Total time for which application threads were stopped: 0.0024690 seconds, Stopping threads took: 0.0008520 seconds
136.329: Application time: 0.0045180 seconds
136.330: [GC136.330: [DefNew: 17106K->1425K(18432K), 0.0013390 secs] 47939K->34396K(59392K), 0.0013710 secs] [Times: user=0.00 sys=0.00, real=0.00 secs] 
136.331: Total time for which application threads were stopped: 0.0016440 seconds, Stopping threads took: 0.0002110 seconds
136.335: Application time: 0.0044350 seconds
136.336: [GC136.336: [DefNew: 17110K->17110K(18432K), 0.0000090 secs]136.336: [Tenured: 32971K->20797K(40960K), 0.0104010 secs] 50081K->20797K(59392K), [Perm : 6081K->6081K(21248K)], 0.0104580 secs] [Times: user=0.01 sys=0.00, real=0.01 secs] 
136.346: Total time for which application threads were stopped: 0.0109850 seconds, Stopping threads took: 0.0004400 seconds
136.350: Application time: 0.0037590 seconds
136.350: [GC136.350: [DefNew: 15689K->1425K(18432K), 0.0015260 secs] 36487K->25073K(59392K), 0.0015610 secs] [Times: user=0.01 sys=0.00, real=0.00 secs] 
136.352: Total time for which application threads were stopped: 0.0017410 seconds, Stopping threads took: 0.0001120 seconds
136.355: Application time: 0.0033080 seconds
136.355: [GC136.355: [DefNew: 17107K->1425K(18432K), 0.0010000 secs] 40755K->26498K(59392K), 0.0010280 secs] [Times: user=0.00 sys=0.00, real=0.00 secs] 
136.356: Total time for which application threads were stopped: 0.0011710 seconds, Stopping threads took: 0.0000840 seconds
136.360: Application time: 0.0036460 seconds
136.360: [GC136.360: [DefNew: 17105K->1425K(18432K), 0.0007320 secs] 42178K->27211K(59392K), 0.0007600 secs] [Times: user=0.00 sys=0.00, real=0.00 secs] 
136.361: Total time for which application threads were stopped: 0.0008960 seconds, Stopping threads took: 0.0000780 seconds
136.365: Application time: 0.0042920 seconds
136.365: [GC136.365: [DefNew: 17119K->1426K(18432K), 0.0014060 secs] 42905K->30063K(59392K), 0.0014400 secs] [Times: user=0.00 sys=0.00, real=0.01 secs] 
136.367: Total time for which application threads were stopped: 0.0015890 seconds, Stopping threads took: 0.0000850 seconds
136.371: Application time: 0.0041300 seconds
136.371: [GC136.371: [DefNew: 17104K->712K(18432K), 0.0004120 secs] 45740K->29350K(59392K), 0.0004470 secs] [Times: user=0.00 sys=0.00, real=0.00 secs] 
136.372: Total time for which application threads were stopped: 0.0006670 seconds, Stopping threads took: 0.0001450 seconds
136.379: Application time: 0.0074470 seconds
136.379: [GC136.379: [DefNew: 16400K->1426K(18432K), 0.0013870 secs] 45038K->32201K(59392K), 0.0014190 secs] [Times: user=0.00 sys=0.00, real=0.00 secs] 
136.381: Total time for which application threads were stopped: 0.0015650 seconds, Stopping threads took: 0.0000830 seconds
136.388: Application time: 0.0072990 seconds
136.388: [GC136.388: [DefNew: 17105K->712K(18432K), 0.0008540 secs] 47881K->32914K(59392K), 0.0008800 secs] [Times: user=0.00 sys=0.00, real=0.00 secs] 
136.389: Total time for which application threads were stopped: 0.0010240 seconds, Stopping threads took: 0.0000870 seconds
136.394: Application time: 0.0050040 seconds
136.394: [GC136.394: [DefNew: 16399K->1426K(18432K), 0.0006200 secs] 48601K->33628K(59392K), 0.0006490 secs] [Times: user=0.00 sys=0.00, real=0.00 secs] 
136.395: Total time for which application threads were stopped: 0.0007790 seconds, Stopping threads took: 0.0000690 seconds
136.399: Application time: 0.0038500 seconds
136.399: [GC136.399: [DefNew: 17105K->712K(18432K), 0.0006220 secs] 49307K->33627K(59392K), 0.0006470 secs] [Times: user=0.00 sys=0.00, real=0.00 secs] 
136.399: Total time for which application threads were stopped: 0.0008200 seconds, Stopping threads took: 0.0001180 seconds
136.412: Application time: 0.0127780 seconds
136.412: [GC136.412: [DefNew: 16402K->1426K(18432K), 0.0016630 secs] 49318K->38616K(59392K), 0.0016960 secs] [Times: user=0.00 sys=0.00, real=0.01 secs] 
136.414: Total time for which application threads were stopped: 0.0018460 seconds, Stopping threads took: 0.0000870 seconds
136.480: Application time: 0.0661390 seconds
136.480: [GC136.480: [DefNew: 17115K->17115K(18432K), 0.0000100 secs]136.480: [Tenured: 37190K->25784K(40960K), 0.0095890 secs] 54306K->25784K(59392K), [Perm : 6081K->6081K(21248K)], 0.0096440 secs] [Times: user=0.01 sys=0.00, real=0.01 secs] 
136.490: Total time for which application threads were stopped: 0.0098150 seconds, Stopping threads took: 0.0001040 seconds
136.564: Application time: 0.0736630 seconds
136.564: [GC136.564: [DefNew: 15689K->1425K(18432K), 0.0042830 secs] 41474K->40747K(59392K), 0.0043230 secs] [Times: user=0.00 sys=0.00, real=0.01 secs] 
136.568: Total time for which application threads were stopped: 0.0044590 seconds, Stopping threads took: 0.0000600 seconds
136.615: Application time: 0.0467770 seconds
136.615: [GC136.615: [DefNew: 17120K->17120K(18432K), 0.0000090 secs]136.615: [Tenured: 39322K->25785K(40960K), 0.0093260 secs] 56443K->25785K(59392K), [Perm : 6081K->6081K(21248K)], 0.0093870 secs] [Times: user=0.01 sys=0.00, real=0.00 secs] 
136.624: Total time for which application threads were stopped: 0.0095240 seconds, Stopping threads took: 0.0000670 seconds
136.704: Application time: 0.0798760 seconds
136.704: [GC136.704: [DefNew: 15744K->1425K(18432K), 0.0038250 secs] 41529K->39323K(59392K), 0.0038660 secs] [Times: user=0.00 sys=0.00, real=0.01 secs] 
136.708: Total time for which application threads were stopped: 0.0040850 seconds, Stopping threads took: 0.0001340 seconds
136.778: Application time: 0.0696260 seconds
136.778: [GC136.778: [DefNew: 17114K->17114K(18432K), 0.0000100 secs]136.778: [Tenured: 37898K->23648K(40960K), 0.0093110 secs] 55012K->23648K(59392K), [Perm : 6081K->6081K(21248K)], 0.0093690 secs] [Times: user=0.01 sys=0.00, real=0.01 secs] 
136.787: Total time for which application threads were stopped: 0.0094900 seconds, Stopping threads took: 0.0000500 seconds
136.869: Application time: 0.0816480 seconds
136.869: [GC136.869: [DefNew: 15695K->1425K(18432K), 0.0037900 secs] 39343K->36474K(59392K), 0.0038310 secs] [Times: user=0.01 sys=0.00, real=0.00 secs] 
136.873: Total time for which application threads were stopped: 0.0039770 seconds, Stopping threads took: 0.0000780 seconds
136.926: Application time: 0.0531060 seconds
136.926: [GC136.926: [DefNew: 17115K->17115K(18432K), 0.0000100 secs]136.926: [Tenured: 35048K->22192K(40960K), 0.0098620 secs] 52163K->22192K(59392K), [Perm : 6081K->6081K(21248K)], 0.0099260 secs] [Times: user=0.01 sys=0.00, real=0.01 secs] 
136.936: Total time for which application threads were stopped: 0.0100440 seconds, Stopping threads took: 0.0000510 seconds
137.000: Application time: 0.0633850 seconds
137.000: [GC137.000: [DefNew: 15689K->1425K(18432K), 0.0041270 secs] 37882K->36442K(59392K), 0.0041640 secs] [Times: user=0.01 sys=0.00, real=0.00 secs] 
137.004: Total time for which application threads were stopped: 0.0042820 seconds, Stopping threads took: 0.0000500 seconds
137.077: Application time: 0.0728770 seconds
137.077: [GC137.077: [DefNew: 17127K->17127K(18432K), 0.0000090 secs]137.077: [Tenured: 35017K->22194K(40960K), 0.0093950 secs] 52144K->22194K(59392K), [Perm : 6081K->6081K(21248K)], 0.0094530 secs] [Times: user=0.01 sys=0.00, real=0.01 secs] 
137.086: Total time for which application threads were stopped: 0.0096270 seconds, Stopping threads took: 0.0000940 seconds
137.151: Application time: 0.0642000 seconds
137.151: [GC137.151: [DefNew: 15698K->1426K(18432K), 0.0037870 secs] 37892K->35020K(59392K), 0.0038250 secs] [Times: user=0.00 sys=0.00, real=0.01 secs] 
137.155: Total time for which application threads were stopped: 0.0040190 seconds, Stopping threads took: 0.0001080 seconds
137.221: Application time: 0.0661460 seconds
137.221: [GC137.221: [DefNew: 17113K->17113K(18432K), 0.0000090 secs]137.221: [Tenured: 33594K->25045K(40960K), 0.0099450 secs] 50707K->25045K(59392K), [Perm : 6081K->6081K(21248K)], 0.0100050 secs] [Times: user=0.01 sys=0.00, real=0.01 secs] 
137.231: Total time for which application threads were stopped: 0.0102080 seconds, Stopping threads took: 0.0001130 seconds
137.305: Application time: 0.0743150 seconds
137.305: [GC137.305: [DefNew: 15689K->1425K(18432K), 0.0039900 secs] 40734K->39295K(59392K), 0.0040400 secs] [Times: user=0.00 sys=0.00, real=0.01 secs] 
137.309: Total time for which application threads were stopped: 0.0041740 seconds, Stopping threads took: 0.0000660 seconds
137.376: Application time: 0.0660970 seconds
137.376: [GC137.376: [DefNew: 17131K->17131K(18432K), 0.0000100 secs]137.376: [Tenured: 37870K->24335K(40960K), 0.0085260 secs] 55002K->24335K(59392K), [Perm : 6081K->6081K(21248K)], 0.0085810 secs] [Times: user=0.00 sys=0.00, real=0.00 secs] 
137.384: Total time for which application threads were stopped: 0.0087270 seconds, Stopping threads took: 0.0000690 seconds
137.454: Application time: 0.0694480 seconds
137.454: [GC137.454: [DefNew: 15689K->1425K(18432K), 0.0036110 secs] 40024K->36448K(59392K), 0.0036510 secs] [Times: user=0.00 sys=0.00, real=0.00 secs] 
137.458: Total time for which application threads were stopped: 0.0039340 seconds, Stopping threads took: 0.0001960 seconds
137.518: Application time: 0.0607360 seconds
137.519: [GC137.519: [DefNew: 17114K->17114K(18432K), 0.0000120 secs]137.519: [Tenured: 35022K->25042K(40960K), 0.0102670 secs] 52137K->25042K(59392K), [Perm : 6081K->6081K(21248K)], 0.0103290 secs] [Times: user=0.01 sys=0.00, real=0.01 secs] 
137.529: Total time for which application threads were stopped: 0.0104480 seconds, Stopping threads took: 0.0000510 seconds
137.569: Application time: 0.0399570 seconds
137.569: [GC137.569: [DefNew: 15688K->1425K(18432K), 0.0036580 secs] 40730K->37155K(59392K), 0.0036930 secs] [Times: user=0.00 sys=0.00, real=0.00 secs] 
137.573: Total time for which application threads were stopped: 0.0038460 seconds, Stopping threads took: 0.0000760 seconds
137.647: Application time: 0.0747050 seconds
137.648: [GC137.648: [DefNew: 17119K->17119K(18432K), 0.0000100 secs]137.648: [Tenured: 35730K->25043K(40960K), 0.0092640 secs] 52850K->25043K(59392K), [Perm : 6081K->6081K(21248K)], 0.0093220 secs] [Times: user=0.01 sys=0.00, real=0.01 secs] 
137.657: Total time for which application threads were stopped: 0.0094900 seconds, Stopping threads took: 0.0000890 seconds
137.724: Application time: 0.0672610 seconds
137.724: [GC137.724: [DefNew: 15690K->1425K(18432K), 0.0038740 secs] 40733K->38581K(59392K), 0.0039240 secs] [Times: user=0.00 sys=0.00, real=0.01 secs] 
137.728: Total time for which application threads were stopped: 0.0041560 seconds, Stopping threads took: 0.0001450 seconds
137.801: Application time: 0.0725530 seconds
137.801: [GC137.801: [DefNew: 17115K->17115K(18432K), 0.0000090 secs]137.801: [Tenured: 37156K->25756K(40960K), 0.0086930 secs] 54271K->25756K(59392K), [Perm : 6081K->6081K(21248K)], 0.0087500 secs] [Times: user=0.01 sys=0.00, real=0.01 secs] 
137.810: Total time for which application threads were stopped: 0.0088980 seconds, Stopping threads took: 0.0000700 seconds
137.870: Application time: 0.0605700 seconds
137.870: [GC137.870: [DefNew: 15696K->15696K(18432K), 0.0000100 secs]137.870: [Tenured: 25756K->25757K(40960K), 0.0084980 secs] 41453K->25757K(59392K), [Perm : 6081K->6081K(21248K)], 0.0085550 secs] [Times: user=0.01 sys=0.00, real=0.01 secs] 
137.879: Total time for which application threads were stopped: 0.0086750 seconds, Stopping threads took: 0.0000490 seconds
137.945: Application time: 0.0658420 seconds
137.945: [GC137.945: [DefNew: 15689K->15689K(18432K), 0.0000090 secs]137.945: [Tenured: 25757K->25042K(40960K), 0.0110050 secs] 41446K->25042K(59392K), [Perm : 6081K->6081K(21248K)], 0.0110650 secs] [Times: user=0.01 sys=0.00, real=0.02 secs] 
137.956: Total time for which application threads were stopped: 0.0112290 seconds, Stopping threads took: 0.0000970 seconds
137.996: Application time: 0.0398680 seconds
137.996: [GC137.996: [DefNew: 15687K->1425K(18432K), 0.0034180 secs] 40730K->36443K(59392K), 0.0034600 secs] [Times: user=0.00 sys=0.00, real=0.00 secs] 
138.000: Total time for which application threads were stopped: 0.0036620 seconds, Stopping threads took: 0.0001140 seconds
138.064: Application time: 0.0648290 seconds
138.065: [GC138.065: [DefNew: 17130K->17130K(18432K), 0.0000090 secs]138.065: [Tenured: 35018K->23618K(40960K), 0.0093160 secs] 52148K->23618K(59392K), [Perm : 6081K->6081K(21248K)], 0.0093680 secs] [Times: user=0.01 sys=0.00, real=0.02 secs] 
138.074: Total time for which application threads were stopped: 0.0094930 seconds, Stopping threads took: 0.0000600 seconds
138.138: Application time: 0.0645070 seconds
138.139: [GC138.139: [DefNew: 15687K->1425K(18432K), 0.0033350 secs] 39305K->35018K(59392K), 0.0033730 secs] [Times: user=0.00 sys=0.00, real=0.00 secs] 
138.142: Total time for which application threads were stopped: 0.0034940 seconds, Stopping threads took: 0.0000490 seconds
138.216: Application time: 0.0744280 seconds
138.216: [GC138.217: [DefNew: 17167K->17167K(18432K), 0.0000100 secs]138.217: [Tenured: 33593K->21479K(40960K), 0.0094930 secs] 50760K->21479K(59392K), [Perm : 6081K->6081K(21248K)], 0.0095500 secs] [Times: user=0.01 sys=0.00, real=0.01 secs] 
138.226: Total time for which application threads were stopped: 0.0097150 seconds, Stopping threads took: 0.0000910 seconds
138.302: Application time: 0.0761050 seconds
138.302: [GC138.302: [DefNew: 15687K->1425K(18432K), 0.0035440 secs] 37167K->33592K(59392K), 0.0035920 secs] [Times: user=0.00 sys=0.00, real=0.01 secs] 
138.306: Total time for which application threads were stopped: 0.0037100 seconds, Stopping threads took: 0.0000440 seconds
138.374: Application time: 0.0679960 seconds
138.374: [GC138.374: [DefNew: 17128K->17128K(18432K), 0.0000100 secs]138.374: [Tenured: 32167K->16491K(40960K), 0.0098720 secs] 49295K->16491K(59392K), [Perm : 6081K->6081K(21248K)], 0.0099290 secs] [Times: user=0.01 sys=0.00, real=0.00 secs] 
138.384: Total time for which application threads were stopped: 0.0100880 seconds, Stopping threads took: 0.0000900 seconds
138.422: Application time: 0.0378490 seconds
138.422: [GC138.422: [DefNew: 15696K->1426K(18432K), 0.0034000 secs] 32187K->27892K(59392K), 0.0034390 secs] [Times: user=0.00 sys=0.00, real=0.00 secs] 
138.425: Total time for which application threads were stopped: 0.0036150 seconds, Stopping threads took: 0.0000920 seconds
138.477: Application time: 0.0515500 seconds
138.477: [GC138.477: [DefNew: 17112K->17112K(18432K), 0.0000100 secs]138.477: [Tenured: 26466K->17888K(40960K), 0.0096950 secs] 43579K->17888K(59392K), [Perm : 6081K->6081K(21248K)], 0.0097620 secs] [Times: user=0.01 sys=0.00, real=0.01 secs] 
138.487: Total time for which application threads were stopped: 0.0099400 seconds, Stopping threads took: 0.0000970 seconds
138.551: Application time: 0.0643500 seconds
138.551: [GC138.551: [DefNew: 15686K->1425K(18432K), 0.0030040 secs] 33574K->27864K(59392K), 0.0030400 secs] [Times: user=0.00 sys=0.00, real=0.01 secs] 
138.554: Total time for which application threads were stopped: 0.0031550 seconds, Stopping threads took: 0.0000480 seconds
138.602: Application time: 0.0472560 seconds
138.602: [GC138.602: [DefNew: 17111K->17111K(18432K), 0.0000100 secs]138.602: [Tenured: 26438K->17888K(40960K), 0.0087690 secs] 43550K->17888K(59392K), [Perm : 6081K->6081K(21248K)], 0.0088220 secs] [Times: user=0.01 sys=0.00, real=0.01 secs] 
138.611: Total time for which application threads were stopped: 0.0089400 seconds, Stopping threads took: 0.0000510 seconds
138.652: Application time: 0.0410790 seconds
138.652: [GC138.652: [DefNew: 15686K->1425K(18432K), 0.0029240 secs] 33575K->27864K(59392K), 0.0029660 secs] [Times: user=0.00 sys=0.00, real=0.01 secs] 
138.655: Total time for which application threads were stopped: 0.0031320 seconds, Stopping threads took: 0.0001000 seconds
138.720: Application time: 0.0648980 seconds
138.720: [GC138.720: [DefNew: 17118K->17118K(18432K), 0.0000090 secs]138.720: [Tenured: 26439K->17177K(40960K), 0.0093890 secs] 43557K->17177K(59392K), [Perm : 6081K->6081K(21248K)], 0.0094480 secs] [Times: user=0.01 sys=0.00, real=0.01 secs] 
138.729: Total time for which application threads were stopped: 0.0096190 seconds, Stopping threads took: 0.0000940 seconds
138.804: Application time: 0.0741990 seconds
138.804: [GC138.804: [DefNew: 15688K->1425K(18432K), 0.0029860 secs] 32866K->27153K(59392K), 0.0030230 secs] [Times: user=0.01 sys=0.00, real=0.01 secs] 
138.807: Total time for which application threads were stopped: 0.0031320 seconds, Stopping threads took: 0.0000420 seconds
138.881: Application time: 0.0741350 seconds
138.881: [GC138.881: [DefNew: 17122K->17122K(18432K), 0.0000090 secs]138.881: [Tenured: 25728K->17178K(40960K), 0.0086600 secs] 42850K->17178K(59392K), [Perm : 6081K->6081K(21248K)], 0.0087140 secs] [Times: user=0.01 sys=0.00, real=0.01 secs] 
138.890: Total time for which application threads were stopped: 0.0088670 seconds, Stopping threads took: 0.0000890 seconds
138.960: Application time: 0.0701300 seconds
138.960: [GC138.960: [DefNew: 15689K->1425K(18432K), 0.0035540 secs] 32867K->29292K(59392K), 0.0035950 secs] [Times: user=0.00 sys=0.00, real=0.00 secs] 
138.964: Total time for which application threads were stopped: 0.0037060 seconds, Stopping threads took: 0.0000440 seconds
139.012: Application time: 0.0482630 seconds
139.012: [GC139.012: [DefNew: 17120K->17120K(18432K), 0.0000110 secs]139.012: [Tenured: 27866K->19314K(40960K), 0.0096590 secs] 44987K->19314K(59392K), [Perm : 6081K->6081K(21248K)], 0.0097140 secs] [Times: user=0.01 sys=0.00, real=0.01 secs] 
139.022: Total time for which application threads were stopped: 0.0098270 seconds, Stopping threads took: 0.0000430 seconds
139.060: Application time: 0.0385060 seconds
139.060: [GC139.060: [DefNew: 15695K->1426K(18432K), 0.0028740 secs] 35009K->29291K(59392K), 0.0029100 secs] [Times: user=0.01 sys=0.00, real=0.00 secs] 
139.063: Total time for which application threads were stopped: 0.0030250 seconds, Stopping threads took: 0.0000480 seconds
139.133: Application time: 0.0694240 seconds
139.133: [GC139.133: [DefNew: 17113K->17113K(18432K), 0.0000100 secs]139.133: [Tenured: 27865K->20027K(40960K), 0.0097510 secs] 44978K->20027K(59392K), [Perm : 6081K->6081K(21248K)], 0.0098100 secs] [Times: user=0.01 sys=0.00, real=0.01 secs] 
139.143: Total time for which application threads were stopped: 0.0100420 seconds, Stopping threads took: 0.0001620 seconds
139.195: Application time: 0.0520470 seconds
139.195: [GC139.195: [DefNew: 15695K->1426K(18432K), 0.0029110 secs] 35723K->30004K(59392K), 0.0029500 secs] [Times: user=0.00 sys=0.00, real=0.00 secs] 
139.198: Total time for which application threads were stopped: 0.0030990 seconds, Stopping threads took: 0.0000840 seconds
139.242: Application time: 0.0440050 seconds
139.242: [GC139.242: [DefNew: 17114K->17114K(18432K), 0.0000130 secs]139.242: [Tenured: 28578K->21453K(40960K), 0.0094810 secs] 45693K->21453K(59392K), [Perm : 6081K->6081K(21248K)], 0.0095460 secs] [Times: user=0.01 sys=0.00, real=0.01 secs] 
139.252: Total time for which application threads were stopped: 0.0096930 seconds, Stopping threads took: 0.0000590 seconds
139.308: Application time: 0.0568680 seconds
139.308: [GC139.308: [DefNew: 15688K->1425K(18432K), 0.0034660 secs] 37142K->33567K(59392K), 0.0035050 secs] [Times: user=0.01 sys=0.00, real=0.00 secs] 
139.312: Total time for which application threads were stopped: 0.0036260 seconds, Stopping threads took: 0.0000510 seconds
139.362: Application time: 0.0502930 seconds
139.362: [GC139.362: [DefNew: 17109K->17109K(18432K), 0.0000100 secs]139.362: [Tenured: 32142K->21453K(40960K), 0.0081450 secs] 49251K->21453K(59392K), [Perm : 6081K->6081K(21248K)], 0.0082010 secs] [Times: user=0.01 sys=0.00, real=0.01 secs] 
139.371: Total time for which application threads were stopped: 0.0083210 seconds, Stopping threads took: 0.0000480 seconds
139.436: Application time: 0.0655330 seconds
139.436: [GC139.436: [DefNew: 15749K->1426K(18432K), 0.0027720 secs] 37202K->30717K(59392K), 0.0028100 secs] [Times: user=0.00 sys=0.00, real=0.00 secs] 
139.439: Total time for which application threads were stopped: 0.0029840 seconds, Stopping threads took: 0.0000910 seconds
139.514: Application time: 0.0743550 seconds
139.514: [GC139.514: [DefNew: 17164K->17164K(18432K), 0.0000100 secs]139.514: [Tenured: 29291K->14979K(40960K), 0.0090510 secs] 46456K->14979K(59392K), [Perm : 6081K->6081K(21248K)], 0.0091070 secs] [Times: user=0.01 sys=0.00, real=0.00 secs] 
139.523: Total time for which application threads were stopped: 0.0092050 seconds, Stopping threads took: 0.0000340 seconds
139.578: Application time: 0.0548900 seconds
139.578: [GC139.578: [DefNew: 15684K->1425K(18432K), 0.0023870 secs] 30664K->22817K(59392K), 0.0024250 secs] [Times: user=0.00 sys=0.00, real=0.00 secs] 
139.580: Total time for which application threads were stopped: 0.0025390 seconds, Stopping threads took: 0.0000400 seconds
139.638: Application time: 0.0577200 seconds
139.638: [GC139.638: [DefNew: 17109K->1425K(18432K), 0.0020920 secs] 38501K->28518K(59392K), 0.0021320 secs] [Times: user=0.00 sys=0.00, real=0.00 secs] 
139.640: Total time for which application threads were stopped: 0.0022450 seconds, Stopping threads took: 0.0000460 seconds
139.687: Application time: 0.0469560 seconds
139.687: [GC139.687: [DefNew: 17109K->17109K(18432K), 0.0000090 secs]139.687: [Tenured: 27093K->15691K(40960K), 0.0073050 secs] 44202K->15691K(59392K), [Perm : 6081K->6081K(21248K)], 0.0073570 secs] [Times: user=0.01 sys=0.00, real=0.01 secs] 
139.695: Total time for which application threads were stopped: 0.0074660 seconds, Stopping threads took: 0.0000410 seconds
139.744: Application time: 0.0492640 seconds
139.744: [GC139.744: [DefNew: 15683K->1425K(18432K), 0.0021170 secs] 31375K->22817K(59392K), 0.0021490 secs] [Times: user=0.01 sys=0.00, real=0.01 secs] 
139.746: Total time for which application threads were stopped: 0.0022660 seconds, Stopping threads took: 0.0000420 seconds
139.854: Application time: 0.1084050 seconds
139.855: [GC139.855: [DefNew: 17266K->712K(18432K), 0.0003650 secs] 38658K->22104K(59392K), 0.0003880 secs] [Times: user=0.00 sys=0.00, real=0.00 secs] 
139.855: Total time for which application threads were stopped: 0.0004490 seconds, Stopping threads took: 0.0000120 seconds
139.941: Application time: 0.0856080 seconds
139.941: Total time for which application threads were stopped: 0.0001100 seconds, Stopping threads took: 0.0000700 seconds
139.951: Application time: 0.0107940 seconds
139.952: [GC139.952: [DefNew: 16793K->1694K(18432K), 0.0009810 secs] 38185K->24511K(59392K), 0.0010150 secs] [Times: user=0.00 sys=0.00, real=0.00 secs] 
139.953: Total time for which application threads were stopped: 0.0013490 seconds, Stopping threads took: 0.0002840 seconds
139.958: Application time: 0.0053470 seconds
139.959: [GC139.959: [DefNew: 17869K->1432K(18432K), 0.0030630 secs] 40686K->33068K(59392K), 0.0031040 secs] [Times: user=0.01 sys=0.00, real=0.00 secs] 
139.962: Total time for which application threads were stopped: 0.0041750 seconds, Stopping threads took: 0.0010020 seconds
139.967: Application time: 0.0049780 seconds
139.968: [GC139.968: [DefNew: 17435K->17435K(18432K), 0.0000100 secs]139.968: [Tenured: 31636K->13825K(40960K), 0.0089300 secs] 49071K->13825K(59392K), [Perm : 6104K->6104K(21248K)], 0.0089890 secs] [Times: user=0.01 sys=0.00, real=0.01 secs] 
139.977: Total time for which application threads were stopped: 0.0096090 seconds, Stopping threads took: 0.0005530 seconds
139.980: Application time: 0.0028010 seconds
139.981: [GC139.981: [DefNew: 15890K->1425K(18432K), 0.0041530 secs] 29716K->28075K(59392K), 0.0041950 secs] [Times: user=0.01 sys=0.00, real=0.00 secs] 
139.985: Total time for which application threads were stopped: 0.0055180 seconds, Stopping threads took: 0.0012520 seconds
139.991: Application time: 0.0054950 seconds
139.992: [GC139.992: [DefNew: 17242K->17242K(18432K), 0.0000100 secs]139.992: [Tenured: 26650K->18812K(40960K), 0.0086710 secs] 43892K->18812K(59392K), [Perm : 6104K->6104K(21248K)], 0.0087300 secs] [Times: user=0.01 sys=0.00, real=0.01 secs] 
140.001: Total time for which application threads were stopped: 0.0099560 seconds, Stopping threads took: 0.0011370 seconds
140.006: Application time: 0.0054280 seconds
140.007: [GC140.007: [DefNew: 15768K->1425K(18432K), 0.0022970 secs] 34581K->26650K(59392K), 0.0023350 secs] [Times: user=0.01 sys=0.00, real=0.00 secs] 
140.010: Total time for which application threads were stopped: 0.0034360 seconds, Stopping threads took: 0.0010150 seconds
140.015: Application time: 0.0049660 seconds
140.015: [GC140.015: [DefNew: 17161K->17161K(18432K), 0.0000100 secs]140.015: [Tenured: 25225K->14418K(40960K), 0.0090630 secs] 42386K->14418K(59392K), [Perm : 6104K->6104K(21248K)], 0.0091220 secs] [Times: user=0.01 sys=0.00, real=0.00 secs] 
140.024: Total time for which application threads were stopped: 0.0099040 seconds, Stopping threads took: 0.0007150 seconds
140.029: Application time: 0.0047590 seconds
140.030: [GC140.030: [DefNew: 15715K->1425K(18432K), 0.0021470 secs] 30134K->21544K(59392K), 0.0021850 secs] [Times: user=0.00 sys=0.00, real=0.00 secs] 
140.032: Total time for which application threads were stopped: 0.0029590 seconds, Stopping threads took: 0.0006880 seconds
140.037: Application time: 0.0049240 seconds
140.038: [GC140.038: [DefNew: 17126K->1425K(18432K), 0.0018650 secs] 37245K->26531K(59392K), 0.0019040 secs] [Times: user=0.00 sys=0.00, real=0.00 secs] 
140.040: Total time for which application threads were stopped: 0.0026390 seconds, Stopping threads took: 0.0006520 seconds
140.045: Application time: 0.0051550 seconds
140.046: [GC140.046: [DefNew: 17117K->1425K(18432K), 0.0016620 secs] 42224K->30806K(59392K), 0.0016980 secs] [Times: user=0.00 sys=0.00, real=0.00 secs] 
140.047: Total time for which application threads were stopped: 0.0023880 seconds, Stopping threads took: 0.0006080 seconds
140.050: Application time: 0.0027570 seconds
140.051: [GC140.051: [DefNew: 17116K->17116K(18432K), 0.0000100 secs]140.051: [Tenured: 29381K->22969K(40960K), 0.0087210 secs] 46498K->22969K(59392K), [Perm : 6104K->6104K(21248K)], 0.0087790 secs] [Times: user=0.01 sys=0.00, real=0.01 secs] 
140.060: Total time for which application threads were stopped: 0.0100740 seconds, Stopping threads took: 0.0012130 seconds
140.065: Application time: 0.0053300 seconds
140.067: [GC140.067: [DefNew: 15691K->1425K(18432K), 0.0034180 secs] 38660K->34369K(59392K), 0.0034580 secs] [Times: user=0.00 sys=0.00, real=0.00 secs] 
140.070: Total time for which application threads were stopped: 0.0048090 seconds, Stopping threads took: 0.0012560 seconds
140.076: Application time: 0.0053930 seconds
140.076: [GC140.076: [DefNew: 17116K->17116K(18432K), 0.0000090 secs]140.076: [Tenured: 32944K->17268K(40960K), 0.0074620 secs] 50060K->17268K(59392K), [Perm : 6104K->6104K(21248K)], 0.0075190 secs] [Times: user=0.01 sys=0.00, real=0.00 secs] 
140.084: Total time for which application threads were stopped: 0.0079290 seconds, Stopping threads took: 0.0003300 seconds
140.089: Application time: 0.0053000 seconds
140.089: [GC140.089: [DefNew: 15703K->1428K(18432K), 0.0023530 secs] 32972K->25109K(59392K), 0.0023940 secs] [Times: user=0.00 sys=0.00, real=0.00 secs] 
140.092: Total time for which application threads were stopped: 0.0027670 seconds, Stopping threads took: 0.0003080 seconds
140.097: Application time: 0.0051110 seconds
140.097: [GC140.097: [DefNew: 17136K->1430K(18432K), 0.0020460 secs] 40818K->30813K(59392K), 0.0020870 secs] [Times: user=0.01 sys=0.00, real=0.00 secs] 
140.099: Total time for which application threads were stopped: 0.0025180 seconds, Stopping threads took: 0.0003650 seconds
140.104: Application time: 0.0050890 seconds
140.105: [GC140.105: [DefNew: 17138K->17138K(18432K), 0.0000100 secs]140.105: [Tenured: 29382K->20837K(40960K), 0.0088780 secs] 46521K->20837K(59392K), [Perm : 6104K->6104K(21248K)], 0.0089350 secs] [Times: user=0.01 sys=0.00, real=0.02 secs] 
140.114: Total time for which application threads were stopped: 0.0095120 seconds, Stopping threads took: 0.0004880 seconds
140.119: Application time: 0.0052730 seconds
140.120: [GC140.120: [DefNew: 15691K->1425K(18432K), 0.0019140 secs] 36529K->27250K(59392K), 0.0019510 secs] [Times: user=0.00 sys=0.00, real=0.00 secs] 
140.122: Total time for which application threads were stopped: 0.0022440 seconds, Stopping threads took: 0.0002270 seconds
140.127: Application time: 0.0052050 seconds
140.127: [GC140.127: [DefNew: 17116K->1425K(18432K), 0.0016000 secs] 42942K->31525K(59392K), 0.0016340 secs] [Times: user=0.00 sys=0.00, real=0.00 secs] 
140.129: Total time for which application threads were stopped: 0.0019450 seconds, Stopping threads took: 0.0002500 seconds
140.133: Application time: 0.0047340 seconds
140.134: [GC140.134: [DefNew: 17116K->17116K(18432K), 0.0000100 secs]140.134: [Tenured: 30100K->19406K(40960K), 0.0088230 secs] 47217K->19406K(59392K), [Perm : 6104K->6104K(21248K)], 0.0088810 secs] [Times: user=0.01 sys=0.00, real=0.00 secs] 
140.143: Total time for which application threads were stopped: 0.0097840 seconds, Stopping threads took: 0.0008150 seconds
140.146: Application time: 0.0028820 seconds
140.147: [GC140.147: [DefNew: 15691K->1425K(18432K), 0.0039830 secs] 35098K->32944K(59392K), 0.0040240 secs] [Times: user=0.00 sys=0.00, real=0.00 secs] 
140.151: Total time for which application threads were stopped: 0.0050080 seconds, Stopping threads took: 0.0008960 seconds
140.157: Application time: 0.0054110 seconds
140.157: [GC140.157: [DefNew: 17116K->17116K(18432K), 0.0000100 secs]140.157: [Tenured: 31519K->24394K(40960K), 0.0078530 secs] 48635K->24394K(59392K), [Perm : 6104K->6104K(21248K)], 0.0079120 secs] [Times: user=0.00 sys=0.00, real=0.00 secs] 
140.165: Total time for which application threads were stopped: 0.0083650 seconds, Stopping threads took: 0.0003630 seconds
140.170: Application time: 0.0052020 seconds
140.171: [GC140.171: [DefNew: 15691K->1425K(18432K), 0.0026990 secs] 40085K->33656K(59392K), 0.0027390 secs] [Times: user=0.00 sys=0.00, real=0.00 secs] 
140.173: Total time for which application threads were stopped: 0.0031410 seconds, Stopping threads took: 0.0003170 seconds
140.179: Application time: 0.0054300 seconds
140.179: [GC140.179: [DefNew: 17116K->17116K(18432K), 0.0000100 secs]140.179: [Tenured: 32231K->22256K(40960K), 0.0078400 secs] 49348K->22256K(59392K), [Perm : 6104K->6104K(21248K)], 0.0078980 secs] [Times: user=0.01 sys=0.00, real=0.01 secs] 
140.187: Total time for which application threads were stopped: 0.0080740 seconds, Stopping threads took: 0.0000890 seconds
140.192: Application time: 0.0051220 seconds
140.193: [GC140.193: [DefNew: 15691K->1425K(18432K), 0.0018830 secs] 37948K->28669K(59392K), 0.0019300 secs] [Times: user=0.00 sys=0.00, real=0.01 secs] 
140.195: Total time for which application threads were stopped: 0.0026660 seconds, Stopping threads took: 0.0006520 seconds
140.199: Application time: 0.0045930 seconds
140.200: [GC140.200: [DefNew: 17116K->1425K(18432K), 0.0018360 secs] 44360K->33656K(59392K), 0.0018740 secs] [Times: user=0.00 sys=0.00, real=0.00 secs] 
140.202: Total time for which application threads were stopped: 0.0023660 seconds, Stopping threads took: 0.0004070 seconds
140.207: Application time: 0.0050470 seconds
140.207: [GC140.207: [DefNew: 17116K->17116K(18432K), 0.0000090 secs]140.207: [Tenured: 32231K->19406K(40960K), 0.0076500 secs] 49348K->19406K(59392K), [Perm : 6104K->6104K(21248K)], 0.0077080 secs] [Times: user=0.01 sys=0.00, real=0.01 secs] 
140.215: Total time for which application threads were stopped: 0.0084120 seconds, Stopping threads took: 0.0006170 seconds
140.220: Application time: 0.0050240 seconds
140.221: [GC140.221: [DefNew: 15687K->1425K(18432K), 0.0012920 secs] 35093K->24393K(59392K), 0.0013280 secs] [Times: user=0.00 sys=0.00, real=0.00 secs] 
140.223: Total time for which application threads were stopped: 0.0024760 seconds, Stopping threads took: 0.0010640 seconds
140.229: Application time: 0.0061860 seconds
140.229: [GC140.229: [DefNew: 17141K->1428K(18432K), 0.0021370 secs] 40110K->30097K(59392K), 0.0021770 secs] [Times: user=0.00 sys=0.00, real=0.00 secs] 
140.231: Total time for which application threads were stopped: 0.0025750 seconds, Stopping threads took: 0.0003320 seconds
140.235: Application time: 0.0041820 seconds
140.237: [GC140.237: [DefNew: 17133K->1427K(18432K), 0.0019270 secs] 45801K->35087K(59392K), 0.0019680 secs] [Times: user=0.00 sys=0.00, real=0.00 secs] 
140.239: Total time for which application threads were stopped: 0.0032990 seconds, Stopping threads took: 0.0012640 seconds
140.242: Application time: 0.0030620 seconds
140.243: [GC140.243: [DefNew: 17131K->17131K(18432K), 0.0000100 secs]140.243: [Tenured: 33660K->17269K(40960K), 0.0092780 secs] 50791K->17269K(59392K), [Perm : 6104K->6104K(21248K)], 0.0093450 secs] [Times: user=0.01 sys=0.00, real=0.01 secs] 
140.253: Total time for which application threads were stopped: 0.0107290 seconds, Stopping threads took: 0.0013060 seconds
140.258: Application time: 0.0053110 seconds
140.259: [GC140.259: [DefNew: 15692K->1425K(18432K), 0.0016460 secs] 32961K->22969K(59392K), 0.0016780 secs] [Times: user=0.00 sys=0.00, real=0.00 secs] 
140.260: Total time for which application threads were stopped: 0.0025680 seconds, Stopping threads took: 0.0007980 seconds
140.265: Application time: 0.0042390 seconds
140.266: [GC140.266: [DefNew: 17115K->1425K(18432K), 0.0015000 secs] 38660K->26532K(59392K), 0.0015360 secs] [Times: user=0.00 sys=0.00, real=0.00 secs] 
140.268: Total time for which application threads were stopped: 0.0028280 seconds, Stopping threads took: 0.0012260 seconds
140.271: Application time: 0.0034620 seconds
140.272: [GC140.272: [DefNew: 17117K->1425K(18432K), 0.0029430 secs] 42225K->35083K(59392K), 0.0029840 secs] [Times: user=0.01 sys=0.00, real=0.01 secs] 
140.275: Total time for which application threads were stopped: 0.0038050 seconds, Stopping threads took: 0.0007540 seconds
140.280: Application time: 0.0054670 seconds
140.281: [GC140.281: [DefNew: 17117K->17117K(18432K), 0.0000100 secs]140.281: [Tenured: 33658K->14419K(40960K), 0.0075260 secs] 50776K->14419K(59392K), [Perm : 6104K->6104K(21248K)], 0.0075840 secs] [Times: user=0.01 sys=0.00, real=0.01 secs] 
140.289: Total time for which application threads were stopped: 0.0081810 seconds, Stopping threads took: 0.0005090 seconds
140.293: Application time: 0.0046250 seconds
140.294: [GC140.294: [DefNew: 15693K->1425K(18432K), 0.0016650 secs] 30112K->20120K(59392K), 0.0017040 secs] [Times: user=0.00 sys=0.00, real=0.00 secs] 
140.296: Total time for which application threads were stopped: 0.0029980 seconds, Stopping threads took: 0.0012200 seconds
140.299: Application time: 0.0032450 seconds
140.300: [GC140.300: [DefNew: 17118K->1425K(18432K), 0.0029010 secs] 35813K->28671K(59392K), 0.0029430 secs] [Times: user=0.00 sys=0.00, real=0.00 secs] 
140.303: Total time for which application threads were stopped: 0.0033000 seconds, Stopping threads took: 0.0002700 seconds
140.308: Application time: 0.0053400 seconds
140.309: [GC140.309: [DefNew: 17118K->1425K(18432K), 0.0016620 secs] 44365K->32947K(59392K), 0.0017000 secs] [Times: user=0.00 sys=0.00, real=0.00 secs] 
140.311: Total time for which application threads were stopped: 0.0025090 seconds, Stopping threads took: 0.0007260 seconds
140.316: Application time: 0.0052440 seconds
140.316: [GC140.316: [DefNew: 17119K->17119K(18432K), 0.0000090 secs]140.316: [Tenured: 31522K->14419K(40960K), 0.0069010 secs] 48641K->14419K(59392K), [Perm : 6104K->6104K(21248K)], 0.0069560 secs] [Times: user=0.01 sys=0.00, real=0.00 secs] 
140.323: Total time for which application threads were stopped: 0.0074710 seconds, Stopping threads took: 0.0004380 seconds
140.327: Application time: 0.0033520 seconds
140.328: [GC140.328: [DefNew: 15694K->1425K(18432K), 0.0025760 secs] 30114K->22971K(59392K), 0.0026160 secs] [Times: user=0.00 sys=0.00, real=0.00 secs] 
140.331: Total time for which application threads were stopped: 0.0039770 seconds, Stopping threads took: 0.0012960 seconds
140.336: Application time: 0.0051620 seconds
140.337: [GC140.337: [DefNew: 17119K->1425K(18432K), 0.0017080 secs] 38665K->27247K(59392K), 0.0017440 secs] [Times: user=0.00 sys=0.00, real=0.00 secs] 
140.338: Total time for which application threads were stopped: 0.0025700 seconds, Stopping threads took: 0.0007630 seconds
140.342: Application time: 0.0032990 seconds
140.343: [GC140.343: [DefNew: 17119K->1425K(18432K), 0.0025950 secs] 42942K->34374K(59392K), 0.0026370 secs] [Times: user=0.00 sys=0.00, real=0.01 secs] 
140.346: Total time for which application threads were stopped: 0.0041960 seconds, Stopping threads took: 0.0014720 seconds
140.350: Application time: 0.0041050 seconds
140.351: [GC140.351: [DefNew: 17120K->17120K(18432K), 0.0000090 secs]140.352: [Tenured: 32948K->17270K(40960K), 0.0087040 secs] 50068K->17270K(59392K), [Perm : 6104K->6104K(21248K)], 0.0087630 secs] [Times: user=0.01 sys=0.00, real=0.01 secs] 
140.360: Total time for which application threads were stopped: 0.0102520 seconds, Stopping threads took: 0.0014010 seconds
140.364: Application time: 0.0041460 seconds
140.366: [GC140.366: [DefNew: 15707K->1427K(18432K), 0.0021410 secs] 32978K->24399K(59392K), 0.0021790 secs] [Times: user=0.00 sys=0.00, real=0.00 secs] 
140.368: Total time for which application threads were stopped: 0.0036280 seconds, Stopping threads took: 0.0013640 seconds
140.373: Application time: 0.0050000 seconds
140.374: [GC140.374: [DefNew: 17122K->1425K(18432K), 0.0016340 secs] 40094K->28675K(59392K), 0.0016710 secs] [Times: user=0.00 sys=0.00, real=0.00 secs] 
140.376: Total time for which application threads were stopped: 0.0027170 seconds, Stopping threads took: 0.0009720 seconds
140.379: Application time: 0.0033290 seconds
140.380: [GC140.380: [DefNew: 17133K->1427K(18432K), 0.0030280 secs] 44383K->37229K(59392K), 0.0030690 secs] [Times: user=0.00 sys=0.00, real=0.00 secs] 
140.383: Total time for which application threads were stopped: 0.0036130 seconds, Stopping threads took: 0.0004580 seconds
140.388: Application time: 0.0052760 seconds
140.389: [GC140.389: [DefNew: 17122K->17122K(18432K), 0.0000090 secs]140.389: [Tenured: 35802K->16557K(40960K), 0.0078770 secs] 52924K->16557K(59392K), [Perm : 6104K->6104K(21248K)], 0.0079370 secs] [Times: user=0.01 sys=0.00, real=0.01 secs] 
140.397: Total time for which application threads were stopped: 0.0086740 seconds, Stopping threads took: 0.0006490 seconds
140.401: Application time: 0.0045970 seconds
140.402: [GC140.402: [DefNew: 15711K->1428K(18432K), 0.0019620 secs] 32269K->22975K(59392K), 0.0020100 secs] [Times: user=0.00 sys=0.00, real=0.00 secs] 
140.404: Total time for which application threads were stopped: 0.0026890 seconds, Stopping threads took: 0.0005950 seconds
140.407: Application time: 0.0034930 seconds
140.408: [GC140.408: [DefNew: 17127K->1427K(18432K), 0.0030740 secs] 38674K->31527K(59392K), 0.0031160 secs] [Times: user=0.00 sys=0.00, real=0.00 secs] 
140.411: Total time for which application threads were stopped: 0.0036020 seconds, Stopping threads took: 0.0004000 seconds
140.416: Application time: 0.0052040 seconds
140.417: [GC140.417: [DefNew: 17122K->1425K(18432K), 0.0018310 secs] 47222K->36516K(59392K), 0.0018690 secs] [Times: user=0.00 sys=0.00, real=0.00 secs] 
140.419: Total time for which application threads were stopped: 0.0025110 seconds, Stopping threads took: 0.0005590 seconds
140.423: Application time: 0.0041460 seconds
140.424: [GC140.424: [DefNew: 17120K->17120K(18432K), 0.0000090 secs]140.424: [Tenured: 35090K->20837K(40960K), 0.0087910 secs] 52210K->20837K(59392K), [Perm : 6104K->6104K(21248K)], 0.0088520 secs] [Times: user=0.00 sys=0.00, real=0.01 secs] 
140.433: Total time for which application threads were stopped: 0.0098860 seconds, Stopping threads took: 0.0009440 seconds
140.437: Application time: 0.0038760 seconds
140.437: [GC140.437: [DefNew: 15692K->1425K(18432K), 0.0029360 secs] 36529K->30814K(59392K), 0.0029770 secs] [Times: user=0.00 sys=0.00, real=0.00 secs] 
140.440: Total time for which application threads were stopped: 0.0032530 seconds, Stopping threads took: 0.0001990 seconds
140.445: Application time: 0.0055200 seconds
140.446: [GC140.446: [DefNew: 17119K->1425K(18432K), 0.0015920 secs] 46508K->35089K(59392K), 0.0016280 secs] [Times: user=0.00 sys=0.00, real=0.00 secs] 
140.448: Total time for which application threads were stopped: 0.0022670 seconds, Stopping threads took: 0.0005560 seconds
140.453: Application time: 0.0050480 seconds
140.453: [GC140.453: [DefNew: 17119K->17119K(18432K), 0.0000090 secs]140.453: [Tenured: 33664K->20124K(40960K), 0.0075700 secs] 50783K->20124K(59392K), [Perm : 6104K->6104K(21248K)], 0.0076280 secs] [Times: user=0.01 sys=0.00, real=0.01 secs] 
140.461: Total time for which application threads were stopped: 0.0081410 seconds, Stopping threads took: 0.0004240 seconds
140.464: Application time: 0.0032240 seconds
140.465: [GC140.465: [DefNew: 15693K->1425K(18432K), 0.0029330 secs] 35817K->30100K(59392K), 0.0029760 secs] [Times: user=0.00 sys=0.00, real=0.01 secs] 
140.468: Total time for which application threads were stopped: 0.0033910 seconds, Stopping threads took: 0.0003300 seconds
140.473: Application time: 0.0055370 seconds
140.474: [GC140.474: [DefNew: 17118K->1425K(18432K), 0.0015900 secs] 45793K->34376K(59392K), 0.0016250 secs] [Times: user=0.01 sys=0.00, real=0.00 secs] 
140.476: Total time for which application threads were stopped: 0.0024030 seconds, Stopping threads took: 0.0007160 seconds
140.481: Application time: 0.0050260 seconds
140.481: [GC140.481: [DefNew: 17118K->17118K(18432K), 0.0000090 secs]140.481: [Tenured: 32951K->20123K(40960K), 0.0077090 secs] 50069K->20123K(59392K), [Perm : 6104K->6104K(21248K)], 0.0077690 secs] [Times: user=0.00 sys=0.00, real=0.01 secs] 
140.489: Total time for which application threads were stopped: 0.0084190 seconds, Stopping threads took: 0.0005620 seconds
140.492: Application time: 0.0033440 seconds
140.493: [GC140.493: [DefNew: 15693K->1425K(18432K), 0.0026480 secs] 35816K->28674K(59392K), 0.0026890 secs] [Times: user=0.01 sys=0.00, real=0.01 secs] 
140.496: Total time for which application threads were stopped: 0.0035210 seconds, Stopping threads took: 0.0007650 seconds
140.501: Application time: 0.0051380 seconds
140.502: [GC140.502: [DefNew: 17117K->1425K(18432K), 0.0016630 secs] 44367K->32950K(59392K), 0.0016990 secs] [Times: user=0.00 sys=0.00, real=0.00 secs] 
140.504: Total time for which application threads were stopped: 0.0024620 seconds, Stopping threads took: 0.0006790 seconds
140.507: Application time: 0.0032220 seconds
140.508: [GC140.508: [DefNew: 17117K->17117K(18432K), 0.0000170 secs]140.508: [Tenured: 31525K->20833K(40960K), 0.0088930 secs] 48642K->20833K(59392K), [Perm : 6104K->6104K(21248K)], 0.0089610 secs] [Times: user=0.01 sys=0.00, real=0.01 secs] 
140.517: Total time for which application threads were stopped: 0.0104930 seconds, Stopping threads took: 0.0014390 seconds
140.521: Application time: 0.0038870 seconds
140.522: [GC140.522: [DefNew: 15692K->1425K(18432K), 0.0030220 secs] 36525K->30809K(59392K), 0.0030610 secs] [Times: user=0.00 sys=0.00, real=0.00 secs] 
140.525: Total time for which application threads were stopped: 0.0035760 seconds, Stopping threads took: 0.0004290 seconds
140.530: Application time: 0.0052630 seconds
140.531: [GC140.531: [DefNew: 17117K->1425K(18432K), 0.0015440 secs] 46501K->35084K(59392K), 0.0015820 secs] [Times: user=0.00 sys=0.00, real=0.00 secs] 
140.533: Total time for which application threads were stopped: 0.0027540 seconds, Stopping threads took: 0.0010970 seconds
140.538: Application time: 0.0050130 seconds
140.539: [GC140.539: [DefNew: 17115K->17115K(18432K), 0.0000090 secs]140.539: [Tenured: 33659K->17978K(40960K), 0.0076260 secs] 50774K->17978K(59392K), [Perm : 6104K->6104K(21248K)], 0.0076830 secs] [Times: user=0.00 sys=0.00, real=0.01 secs] 
140.546: Total time for which application threads were stopped: 0.0085310 seconds, Stopping threads took: 0.0007690 seconds
140.551: Application time: 0.0044850 seconds
140.552: [GC140.552: [DefNew: 15733K->1430K(18432K), 0.0027470 secs] 33712K->27246K(59392K), 0.0027850 secs] [Times: user=0.00 sys=0.00, real=0.01 secs] 
140.554: Total time for which application threads were stopped: 0.0035540 seconds, Stopping threads took: 0.0006840 seconds
140.632: Application time: 0.0779560 seconds
140.632: [GC140.632: [DefNew: 17143K->1427K(18432K), 0.0034310 secs] 42959K->37224K(59392K), 0.0034710 secs] [Times: user=0.00 sys=0.00, real=0.01 secs] 
140.636: Total time for which application threads were stopped: 0.0035970 seconds, Stopping threads took: 0.0000580 seconds
140.708: Application time: 0.0717080 seconds
140.708: [GC140.708: [DefNew: 17119K->17119K(18432K), 0.0000100 secs]140.708: [Tenured: 35796K->23681K(40960K), 0.0101210 secs] 52915K->23681K(59392K), [Perm : 6104K->6104K(21248K)], 0.0101770 secs] [Times: user=0.01 sys=0.00, real=0.01 secs] 
140.718: Total time for which application threads were stopped: 0.0103320 seconds, Stopping threads took: 0.0000790 seconds
140.786: Application time: 0.0681140 seconds
140.786: [GC140.786: [DefNew: 15691K->1425K(18432K), 0.0044390 secs] 39373K->39356K(59392K), 0.0044780 secs] [Times: user=0.00 sys=0.00, real=0.00 secs] 
140.791: Total time for which application threads were stopped: 0.0046160 seconds, Stopping threads took: 0.0000600 seconds
140.859: Application time: 0.0679070 seconds
140.859: [GC140.859: [DefNew: 17116K->17116K(18432K), 0.0000090 secs]140.859: [Tenured: 37931K->23681K(40960K), 0.0091290 secs] 55048K->23681K(59392K), [Perm : 6104K->6104K(21248K)], 0.0091860 secs] [Times: user=0.01 sys=0.00, real=0.01 secs] 
140.868: Total time for which application threads were stopped: 0.0093140 seconds, Stopping threads took: 0.0000610 seconds
140.905: Application time: 0.0372770 seconds
140.905: [GC140.905: [DefNew: 15691K->1425K(18432K), 0.0044650 secs] 39373K->39356K(59392K), 0.0045050 secs] [Times: user=0.00 sys=0.00, real=0.01 secs] 
140.910: Total time for which application threads were stopped: 0.0046510 seconds, Stopping threads took: 0.0000790 seconds
140.985: Application time: 0.0746680 seconds
140.985: [GC140.985: [DefNew: 17116K->17116K(18432K), 0.0000110 secs]140.985: [Tenured: 37931K->24394K(40960K), 0.0101150 secs] 55048K->24394K(59392K), [Perm : 6104K->6104K(21248K)], 0.0101750 secs] [Times: user=0.01 sys=0.00, real=0.02 secs] 
140.995: Total time for which application threads were stopped: 0.0103140 seconds, Stopping threads took: 0.0000690 seconds
141.073: Application time: 0.0785010 seconds
141.073: [GC141.074: [DefNew: 15691K->1425K(18432K), 0.0042270 secs] 40085K->39356K(59392K), 0.0042670 secs] [Times: user=0.01 sys=0.00, real=0.00 secs] 
141.078: Total time for which application threads were stopped: 0.0044110 seconds, Stopping threads took: 0.0000660 seconds
141.147: Application time: 0.0693320 seconds
141.147: [GC141.147: [DefNew: 17116K->17116K(18432K), 0.0000090 secs]141.147: [Tenured: 37931K->23681K(40960K), 0.0092020 secs] 55048K->23681K(59392K), [Perm : 6104K->6104K(21248K)], 0.0092610 secs] [Times: user=0.01 sys=0.00, real=0.01 secs] 
141.157: Total time for which application threads were stopped: 0.0095020 seconds, Stopping threads took: 0.0001730 seconds
141.228: Application time: 0.0710520 seconds
141.228: [GC141.228: [DefNew: 15691K->1425K(18432K), 0.0043970 secs] 39373K->39356K(59392K), 0.0044370 secs] [Times: user=0.00 sys=0.00, real=0.00 secs] 
141.232: Total time for which application threads were stopped: 0.0045800 seconds, Stopping threads took: 0.0000770 seconds
141.308: Application time: 0.0762390 seconds
141.309: [GC141.309: [DefNew: 17116K->17116K(18432K), 0.0000090 secs]141.309: [Tenured: 37931K->23681K(40960K), 0.0091630 secs] 55048K->23681K(59392K), [Perm : 6104K->6104K(21248K)], 0.0092170 secs] [Times: user=0.01 sys=0.00, real=0.01 secs] 
141.318: Total time for which application threads were stopped: 0.0093540 seconds, Stopping threads took: 0.0000630 seconds
141.395: Application time: 0.0767280 seconds
141.395: [GC141.395: [DefNew: 15691K->1425K(18432K), 0.0038720 secs] 39373K->37219K(59392K), 0.0039090 secs] [Times: user=0.01 sys=0.00, real=0.00 secs] 
141.399: Total time for which application threads were stopped: 0.0040410 seconds, Stopping threads took: 0.0000700 seconds
141.453: Application time: 0.0547560 seconds
141.454: [GC141.454: [DefNew: 17116K->17116K(18432K), 0.0000100 secs]141.454: [Tenured: 35794K->24394K(40960K), 0.0093450 secs] 52911K->24394K(59392K), [Perm : 6104K->6104K(21248K)], 0.0094020 secs] [Times: user=0.01 sys=0.00, real=0.00 secs] 
141.463: Total time for which application threads were stopped: 0.0095470 seconds, Stopping threads took: 0.0000770 seconds
141.539: Application time: 0.0764370 seconds
141.540: [GC141.540: [DefNew: 15704K->1426K(18432K), 0.0042950 secs] 40098K->39358K(59392K), 0.0043360 secs] [Times: user=0.00 sys=0.00, real=0.00 secs] 
141.544: Total time for which application threads were stopped: 0.0045280 seconds, Stopping threads took: 0.0001060 seconds
141.617: Application time: 0.0733120 seconds
141.617: [GC141.617: [DefNew: 17156K->17156K(18432K), 0.0000100 secs]141.617: [Tenured: 37931K->25106K(40960K), 0.0098690 secs] 55087K->25106K(59392K), [Perm : 6104K->6104K(21248K)], 0.0099280 secs] [Times: user=0.01 sys=0.00, real=0.01 secs] 
141.627: Total time for which application threads were stopped: 0.0100910 seconds, Stopping threads took: 0.0000950 seconds
141.701: Application time: 0.0738360 seconds
141.701: [GC141.701: [DefNew: 15689K->1425K(18432K), 0.0041250 secs] 40796K->39357K(59392K), 0.0041640 secs] [Times: user=0.00 sys=0.00, real=0.01 secs] 
141.705: Total time for which application threads were stopped: 0.0043040 seconds, Stopping threads took: 0.0000620 seconds
141.779: Application time: 0.0737380 seconds
141.779: [GC141.779: [DefNew: 17116K->17116K(18432K), 0.0000090 secs]141.779: [Tenured: 37932K->30806K(40960K), 0.0095530 secs] 55048K->30806K(59392K), [Perm : 6104K->6104K(21248K)], 0.0096030 secs] [Times: user=0.01 sys=0.00, real=0.01 secs] 
141.789: Total time for which application threads were stopped: 0.0097950 seconds, Stopping threads took: 0.0001270 seconds
141.849: Application time: 0.0597350 seconds
141.849: [GC141.849: [DefNew: 15691K->15691K(18432K), 0.0000100 secs]141.849: [Tenured: 30806K->30806K(40960K), 0.0090090 secs] 46498K->30806K(59392K), [Perm : 6104K->6104K(21248K)], 0.0090680 secs] [Times: user=0.01 sys=0.00, real=0.01 secs] 
141.858: Total time for which application threads were stopped: 0.0092210 seconds, Stopping threads took: 0.0000740 seconds
141.910: Application time: 0.0522190 seconds
141.910: [GC141.910: [DefNew: 15691K->15691K(18432K), 0.0000100 secs]141.910: [Tenured: 30806K->31519K(40960K), 0.0091090 secs] 46498K->31519K(59392K), [Perm : 6104K->6104K(21248K)], 0.0091780 secs] [Times: user=0.00 sys=0.00, real=0.01 secs] 
141.920: Total time for which application threads were stopped: 0.0094020 seconds, Stopping threads took: 0.0001460 seconds
141.991: Application time: 0.0718770 seconds
141.992: [GC141.992: [DefNew: 15691K->15691K(18432K), 0.0000110 secs]141.992: [Tenured: 31519K->29381K(40960K), 0.0108530 secs] 47210K->29381K(59392K), [Perm : 6104K->6104K(21248K)], 0.0109120 secs] [Times: user=0.01 sys=0.00, real=0.01 secs] 
142.003: Total time for which application threads were stopped: 0.0110980 seconds, Stopping threads took: 0.0001140 seconds
142.076: Application time: 0.0733510 seconds
142.076: [GC142.076: [DefNew: 15691K->15691K(18432K), 0.0000110 secs]142.076: [Tenured: 29381K->29381K(40960K), 0.0097620 secs] 45073K->29381K(59392K), [Perm : 6104K->6104K(21248K)], 0.0098180 secs] [Times: user=0.01 sys=0.00, real=0.01 secs] 
142.086: Total time for which application threads were stopped: 0.0099590 seconds, Stopping threads took: 0.0000720 seconds
142.156: Application time: 0.0702230 seconds
142.156: [GC142.156: [DefNew: 15691K->15691K(18432K), 0.0000090 secs]142.156: [Tenured: 29381K->30094K(40960K), 0.0091100 secs] 45073K->30094K(59392K), [Perm : 6104K->6104K(21248K)], 0.0091680 secs] [Times: user=0.01 sys=0.00, real=0.00 secs] 
142.165: Total time for which application threads were stopped: 0.0092990 seconds, Stopping threads took: 0.0000600 seconds
142.235: Application time: 0.0700630 seconds
142.236: [GC142.236: [DefNew: 15691K->15691K(18432K), 0.0000100 secs]142.236: [Tenured: 30094K->29381K(40960K), 0.0100510 secs] 45785K->29381K(59392K), [Perm : 6104K->6104K(21248K)], 0.0101100 secs] [Times: user=0.01 sys=0.00, real=0.01 secs] 
142.246: Total time for which application threads were stopped: 0.0103220 seconds, Stopping threads took: 0.0001270 seconds
142.311: Application time: 0.0652200 seconds
142.311: [GC142.311: [DefNew: 15691K->15691K(18432K), 0.0000100 secs]142.311: [Tenured: 29381K->29381K(40960K), 0.0089230 secs] 45073K->29381K(59392K), [Perm : 6104K->6104K(21248K)], 0.0089820 secs] [Times: user=0.01 sys=0.00, real=0.01 secs] 
142.320: Total time for which application threads were stopped: 0.0091220 seconds, Stopping threads took: 0.0000700 seconds
142.394: Application time: 0.0736080 seconds
142.394: [GC142.394: [DefNew: 15691K->15691K(18432K), 0.0000100 secs]142.394: [Tenured: 29381K->28669K(40960K), 0.0089080 secs] 45073K->28669K(59392K), [Perm : 6104K->6104K(21248K)], 0.0089660 secs] [Times: user=0.01 sys=0.00, real=0.00 secs] 
142.403: Total time for which application threads were stopped: 0.0091110 seconds, Stopping threads took: 0.0000610 seconds
142.477: Application time: 0.0741510 seconds
142.477: [GC142.477: [DefNew: 15691K->15691K(18432K), 0.0000110 secs]142.477: [Tenured: 28669K->29381K(40960K), 0.0097980 secs] 44360K->29381K(59392K), [Perm : 6104K->6104K(21248K)], 0.0098590 secs] [Times: user=0.01 sys=0.00, real=0.01 secs] 
142.487: Total time for which application threads were stopped: 0.0099900 seconds, Stopping threads took: 0.0000630 seconds
142.547: Application time: 0.0604150 seconds
142.548: [GC142.548: [DefNew: 15707K->15707K(18432K), 0.0000090 secs]142.548: [Tenured: 29381K->28669K(40960K), 0.0097580 secs] 45088K->28669K(59392K), [Perm : 6104K->6104K(21248K)], 0.0098300 secs] [Times: user=0.01 sys=0.00, real=0.01 secs] 
142.557: Total time for which application threads were stopped: 0.0100550 seconds, Stopping threads took: 0.0001460 seconds
142.618: Application time: 0.0607180 seconds
142.618: [GC142.618: [DefNew: 15722K->15722K(18432K), 0.0000100 secs]142.618: [Tenured: 28669K->21544K(40960K), 0.0097810 secs] 44392K->21544K(59392K), [Perm : 6104K->6104K(21248K)], 0.0098390 secs] [Times: user=0.01 sys=0.00, real=0.01 secs] 
142.628: Total time for which application threads were stopped: 0.0099720 seconds, Stopping threads took: 0.0000640 seconds
142.662: Application time: 0.0333520 seconds
142.662: [GC142.662: [DefNew: 15698K->1426K(18432K), 0.0035270 secs] 37242K->33658K(59392K), 0.0035660 secs] [Times: user=0.01 sys=0.00, real=0.00 secs] 
142.665: Total time for which application threads were stopped: 0.0037180 seconds, Stopping threads took: 0.0000710 seconds
142.737: Application time: 0.0718010 seconds
142.737: [GC142.737: [DefNew: 17122K->17122K(18432K), 0.0000100 secs]142.737: [Tenured: 32232K->21544K(40960K), 0.0100550 secs] 49354K->21544K(59392K), [Perm : 6104K->6104K(21248K)], 0.0101140 secs] [Times: user=0.01 sys=0.00, real=0.01 secs] 
142.747: Total time for which application threads were stopped: 0.0103690 seconds, Stopping threads took: 0.0001830 seconds
142.800: Application time: 0.0528830 seconds
142.800: [GC142.800: [DefNew: 15687K->1425K(18432K), 0.0034730 secs] 37232K->33657K(59392K), 0.0035140 secs] [Times: user=0.00 sys=0.00, real=0.00 secs] 
142.804: Total time for which application threads were stopped: 0.0036730 seconds, Stopping threads took: 0.0000830 seconds
142.830: Application time: 0.0261690 seconds
142.830: [GC142.830: [DefNew: 17112K->17112K(18432K), 0.0000110 secs]142.830: [Tenured: 32232K->24394K(40960K), 0.0095800 secs] 49345K->24394K(59392K), [Perm : 6104K->6104K(21248K)], 0.0096400 secs] [Times: user=0.01 sys=0.00, real=0.01 secs] 
142.840: Total time for which application threads were stopped: 0.0097790 seconds, Stopping threads took: 0.0000660 seconds
142.908: Application time: 0.0682930 seconds
142.908: [GC142.908: [DefNew: 15690K->1425K(18432K), 0.0033550 secs] 40084K->35795K(59392K), 0.0033960 secs] [Times: user=0.00 sys=0.00, real=0.00 secs] 
142.912: Total time for which application threads were stopped: 0.0036740 seconds, Stopping threads took: 0.0001910 seconds
142.966: Application time: 0.0539640 seconds
142.966: [GC142.966: [DefNew: 17115K->17115K(18432K), 0.0000110 secs]142.966: [Tenured: 34370K->24395K(40960K), 0.0095670 secs] 51485K->24395K(59392K), [Perm : 6104K->6104K(21248K)], 0.0096270 secs] [Times: user=0.01 sys=0.00, real=0.01 secs] 
142.976: Total time for which application threads were stopped: 0.0097940 seconds, Stopping threads took: 0.0000970 seconds
143.026: Application time: 0.0506630 seconds
143.026: [GC143.027: [DefNew: 15688K->1425K(18432K), 0.0035270 secs] 40083K->36508K(59392K), 0.0035680 secs] [Times: user=0.00 sys=0.00, real=0.00 secs] 
143.030: Total time for which application threads were stopped: 0.0037690 seconds, Stopping threads took: 0.0001240 seconds
143.074: Application time: 0.0435520 seconds
143.074: [GC143.074: [DefNew: 17113K->17113K(18432K), 0.0000080 secs]143.074: [Tenured: 35083K->23682K(40960K), 0.0093870 secs] 52196K->23682K(59392K), [Perm : 6104K->6104K(21248K)], 0.0094430 secs] [Times: user=0.01 sys=0.00, real=0.00 secs] 
143.083: Total time for which application threads were stopped: 0.0096080 seconds, Stopping threads took: 0.0000850 seconds
143.154: Application time: 0.0703400 seconds
143.154: [GC143.154: [DefNew: 15688K->1425K(18432K), 0.0035200 secs] 39371K->35796K(59392K), 0.0035580 secs] [Times: user=0.01 sys=0.00, real=0.00 secs] 
143.157: Total time for which application threads were stopped: 0.0036850 seconds, Stopping threads took: 0.0000600 seconds
143.187: Application time: 0.0296730 seconds
143.187: [GC143.187: [DefNew: 17113K->17113K(18432K), 0.0000100 secs]143.187: [Tenured: 34371K->23682K(40960K), 0.0093580 secs] 51484K->23682K(59392K), [Perm : 6104K->6104K(21248K)], 0.0094170 secs] [Times: user=0.01 sys=0.00, real=0.01 secs] 
143.197: Total time for which application threads were stopped: 0.0095910 seconds, Stopping threads took: 0.0001040 seconds
143.253: Application time: 0.0563480 seconds
143.253: [GC143.253: [DefNew: 15688K->1425K(18432K), 0.0035030 secs] 39371K->35796K(59392K), 0.0035430 secs] [Times: user=0.00 sys=0.00, real=0.01 secs] 
143.257: Total time for which application threads were stopped: 0.0036790 seconds, Stopping threads took: 0.0000680 seconds
143.314: Application time: 0.0578670 seconds
143.315: [GC143.315: [DefNew: 17114K->17114K(18432K), 0.0000090 secs]143.315: [Tenured: 34371K->23683K(40960K), 0.0090730 secs] 51485K->23683K(59392K), [Perm : 6104K->6104K(21248K)], 0.0091270 secs] [Times: user=0.01 sys=0.00, real=0.00 secs] 
143.324: Total time for which application threads were stopped: 0.0092630 seconds, Stopping threads took: 0.0000580 seconds
143.364: Application time: 0.0399550 seconds
143.364: [GC143.364: [DefNew: 15688K->1425K(18432K), 0.0036580 secs] 39372K->35797K(59392K), 0.0037010 secs] [Times: user=0.00 sys=0.00, real=0.01 secs] 
143.368: Total time for which application threads were stopped: 0.0038780 seconds, Stopping threads took: 0.0001080 seconds
143.429: Application time: 0.0615340 seconds
143.429: [GC143.429: [DefNew: 17114K->17114K(18432K), 0.0000100 secs]143.429: [Tenured: 34372K->23683K(40960K), 0.0090760 secs] 51486K->23683K(59392K), [Perm : 6104K->6104K(21248K)], 0.0091350 secs] [Times: user=0.01 sys=0.00, real=0.01 secs] 
143.438: Total time for which application threads were stopped: 0.0093880 seconds, Stopping threads took: 0.0001520 seconds
143.510: Application time: 0.0715960 seconds
143.510: [GC143.510: [DefNew: 15689K->1425K(18432K), 0.0033380 secs] 39372K->35084K(59392K), 0.0033780 secs] [Times: user=0.01 sys=0.00, real=0.01 secs] 
143.514: Total time for which application threads were stopped: 0.0035730 seconds, Stopping threads took: 0.0001080 seconds
143.535: Application time: 0.0216130 seconds
143.535: [GC143.535: [DefNew: 17120K->17120K(18432K), 0.0000100 secs]143.535: [Tenured: 33659K->23683K(40960K), 0.0099450 secs] 50780K->23683K(59392K), [Perm : 6104K->6104K(21248K)], 0.0100040 secs] [Times: user=0.01 sys=0.00, real=0.00 secs] 
143.545: Total time for which application threads were stopped: 0.0101350 seconds, Stopping threads took: 0.0000620 seconds
143.608: Application time: 0.0628330 seconds
143.608: [GC143.608: [DefNew: 15723K->1428K(18432K), 0.0034530 secs] 39407K->35801K(59392K), 0.0034940 secs] [Times: user=0.00 sys=0.00, real=0.00 secs] 
143.612: Total time for which application threads were stopped: 0.0037170 seconds, Stopping threads took: 0.0001540 seconds
143.672: Application time: 0.0597440 seconds
143.672: [GC143.672: [DefNew: 17124K->17124K(18432K), 0.0000100 secs]143.672: [Tenured: 34372K->25825K(40960K), 0.0098010 secs] 51497K->25825K(59392K), [Perm : 6104K->6104K(21248K)], 0.0098590 secs] [Times: user=0.01 sys=0.00, real=0.01 secs] 
143.682: Total time for which application threads were stopped: 0.0100340 seconds, Stopping threads took: 0.0001070 seconds
143.719: Application time: 0.0373530 seconds
143.719: [GC143.719: [DefNew: 15706K->15706K(18432K), 0.0000120 secs]143.719: [Tenured: 25825K->29390K(40960K), 0.0091340 secs] 41531K->29390K(59392K), [Perm : 6104K->6104K(21248K)], 0.0092020 secs] [Times: user=0.01 sys=0.00, real=0.01 secs] 
143.729: Total time for which application threads were stopped: 0.0095460 seconds, Stopping threads took: 0.0002660 seconds
143.785: Application time: 0.0560560 seconds
143.785: [GC143.785: [DefNew: 15689K->15689K(18432K), 0.0000100 secs]143.785: [Tenured: 29390K->29390K(40960K), 0.0091410 secs] 45079K->29390K(59392K), [Perm : 6104K->6104K(21248K)], 0.0091950 secs] [Times: user=0.01 sys=0.00, real=0.02 secs] 
143.794: Total time for which application threads were stopped: 0.0093240 seconds, Stopping threads took: 0.0000630 seconds
143.859: Application time: 0.0651210 seconds
143.859: [GC143.859: [DefNew: 15689K->15689K(18432K), 0.0000100 secs]143.859: [Tenured: 29390K->29384K(40960K), 0.0116110 secs] 45079K->29384K(59392K), [Perm : 6104K->6104K(21248K)], 0.0116720 secs] [Times: user=0.01 sys=0.00, real=0.01 secs] 
143.871: Total time for which application threads were stopped: 0.0118390 seconds, Stopping threads took: 0.0000980 seconds
143.911: Application time: 0.0396080 seconds
143.911: [GC143.911: [DefNew: 15689K->15689K(18432K), 0.0000100 secs]143.911: [Tenured: 29384K->29384K(40960K), 0.0097400 secs] 45073K->29384K(59392K), [Perm : 6104K->6104K(21248K)], 0.0098000 secs] [Times: user=0.01 sys=0.00, real=0.01 secs] 
143.921: Total time for which application threads were stopped: 0.0100910 seconds, Stopping threads took: 0.0002240 seconds
143.977: Application time: 0.0567110 seconds
143.978: [GC143.978: [DefNew: 15690K->15690K(18432K), 0.0000090 secs]143.978: [Tenured: 29384K->27958K(40960K), 0.0087160 secs] 45075K->27958K(59392K), [Perm : 6104K->6104K(21248K)], 0.0087820 secs] [Times: user=0.01 sys=0.00, real=0.01 secs] 
143.986: Total time for which application threads were stopped: 0.0089220 seconds, Stopping threads took: 0.0000640 seconds
144.039: Application time: 0.0526040 seconds
144.039: [GC144.039: [DefNew: 15690K->15690K(18432K), 0.0000100 secs]144.039: [Tenured: 27958K->29383K(40960K), 0.0097990 secs] 43649K->29383K(59392K), [Perm : 6104K->6104K(21248K)], 0.0098590 secs] [Times: user=0.01 sys=0.00, real=0.01 secs] 
144.049: Total time for which application threads were stopped: 0.0099930 seconds, Stopping threads took: 0.0000610 seconds
144.110: Application time: 0.0615570 seconds
144.111: [GC144.111: [DefNew: 15688K->15688K(18432K), 0.0000110 secs]144.111: [Tenured: 29383K->29383K(40960K), 0.0105840 secs] 45072K->29383K(59392K), [Perm : 6104K->6104K(21248K)], 0.0106420 secs] [Times: user=0.01 sys=0.00, real=0.01 secs] 
144.121: Total time for which application threads were stopped: 0.0108720 seconds, Stopping threads took: 0.0001600 seconds
144.172: Application time: 0.0506850 seconds
144.172: [GC144.172: [DefNew: 15688K->15688K(18432K), 0.0000100 secs]144.172: [Tenured: 29383K->29383K(40960K), 0.0097700 secs] 45072K->29383K(59392K), [Perm : 6104K->6104K(21248K)], 0.0098300 secs] [Times: user=0.00 sys=0.00, real=0.01 secs] 
144.182: Total time for which application threads were stopped: 0.0099970 seconds, Stopping threads took: 0.0000870 seconds
144.232: Application time: 0.0502010 seconds
144.232: [GC144.232: [DefNew: 15688K->15688K(18432K), 0.0000090 secs]144.232: [Tenured: 29383K->29383K(40960K), 0.0090740 secs] 45072K->29383K(59392K), [Perm : 6104K->6104K(21248K)], 0.0091390 secs] [Times: user=0.01 sys=0.00, real=0.01 secs] 
144.242: Total time for which application threads were stopped: 0.0092780 seconds, Stopping threads took: 0.0000670 seconds
144.291: Application time: 0.0494320 seconds
144.291: [GC144.291: [DefNew: 15688K->15688K(18432K), 0.0000100 secs]144.291: [Tenured: 29383K->29383K(40960K), 0.0089820 secs] 45071K->29383K(59392K), [Perm : 6104K->6104K(21248K)], 0.0090420 secs] [Times: user=0.01 sys=0.00, real=0.01 secs] 
144.300: Total time for which application threads were stopped: 0.0091770 seconds, Stopping threads took: 0.0000640 seconds
144.366: Application time: 0.0656270 seconds
144.366: [GC144.366: [DefNew: 15688K->15688K(18432K), 0.0000100 secs]144.366: [Tenured: 29383K->29383K(40960K), 0.0106120 secs] 45071K->29383K(59392K), [Perm : 6104K->6104K(21248K)], 0.0106720 secs] [Times: user=0.01 sys=0.00, real=0.01 secs] 
144.377: Total time for which application threads were stopped: 0.0108700 seconds, Stopping threads took: 0.0001290 seconds
144.417: Application time: 0.0405170 seconds
144.417: [GC144.417: [DefNew: 15688K->15688K(18432K), 0.0000110 secs]144.417: [Tenured: 29383K->29383K(40960K), 0.0098630 secs] 45071K->29383K(59392K), [Perm : 6104K->6104K(21248K)], 0.0099240 secs] [Times: user=0.01 sys=0.00, real=0.01 secs] 
144.427: Total time for which application threads were stopped: 0.0100610 seconds, Stopping threads took: 0.0000660 seconds
144.483: Application time: 0.0559000 seconds
144.483: [GC144.483: [DefNew: 15687K->15687K(18432K), 0.0000090 secs]144.483: [Tenured: 29383K->29383K(40960K), 0.0090690 secs] 45071K->29383K(59392K), [Perm : 6104K->6104K(21248K)], 0.0091300 secs] [Times: user=0.01 sys=0.00, real=0.01 secs] 
144.492: Total time for which application threads were stopped: 0.0092710 seconds, Stopping threads took: 0.0000590 seconds
144.551: Application time: 0.0588230 seconds
144.551: [GC144.551: [DefNew: 16384K->16384K(18432K), 0.0000100 secs]144.551: [Tenured: 29383K->28705K(40960K), 0.0095980 secs] 45767K->28705K(59392K), [Perm : 6104K->6104K(21248K)], 0.0096570 secs] [Times: user=0.01 sys=0.00, real=0.01 secs] 
144.561: Total time for which application threads were stopped: 0.0097880 seconds, Stopping threads took: 0.0000610 seconds
144.570: Application time: 0.0092740 seconds
144.570: [GC144.570: [DefNew: 15729K->15729K(18432K), 0.0000100 secs]144.570: [Tenured: 28705K->28670K(40960K), 0.0113420 secs] 44434K->28670K(59392K), [Perm : 6104K->6104K(21248K)], 0.0114120 secs] [Times: user=0.01 sys=0.00, real=0.01 secs] 
144.582: Total time for which application threads were stopped: 0.0115820 seconds, Stopping threads took: 0.0000990 seconds
144.588: Application time: 0.0058780 seconds
144.588: [GC144.588: [DefNew: 15681K->15681K(18432K), 0.0000110 secs]144.588: [Tenured: 28670K->27957K(40960K), 0.0088050 secs] 44352K->27957K(59392K), [Perm : 6104K->6104K(21248K)], 0.0088620 secs] [Times: user=0.01 sys=0.00, real=0.01 secs] 
144.597: Total time for which application threads were stopped: 0.0090160 seconds, Stopping threads took: 0.0000820 seconds
144.602: Application time: 0.0047470 seconds
144.602: [GC144.602: [DefNew: 15683K->15683K(18432K), 0.0000100 secs]144.602: [Tenured: 27957K->30096K(40960K), 0.0061070 secs] 43641K->30096K(59392K), [Perm : 6104K->6104K(21248K)], 0.0061640 secs] [Times: user=0.01 sys=0.00, real=0.01 secs] 
144.608: Total time for which application threads were stopped: 0.0063130 seconds, Stopping threads took: 0.0000780 seconds
144.612: Application time: 0.0038880 seconds
144.612: [GC144.612: [DefNew: 15679K->15679K(18432K), 0.0000090 secs]144.612: [Tenured: 30096K->28669K(40960K), 0.0088990 secs] 45775K->28669K(59392K), [Perm : 6104K->6104K(21248K)], 0.0089550 secs] [Times: user=0.01 sys=0.00, real=0.01 secs] 
144.621: Total time for which application threads were stopped: 0.0093400 seconds, Stopping threads took: 0.0003170 seconds
144.629: Application time: 0.0080560 seconds
144.629: [GC144.629: [DefNew: 15686K->15686K(18432K), 0.0000090 secs]144.629: [Tenured: 28669K->28670K(40960K), 0.0083030 secs] 44356K->28670K(59392K), [Perm : 6104K->6104K(21248K)], 0.0083590 secs] [Times: user=0.01 sys=0.00, real=0.01 secs] 
144.638: Total time for which application threads were stopped: 0.0085080 seconds, Stopping threads took: 0.0000780 seconds
144.645: Application time: 0.0074930 seconds
144.645: [GC144.645: [DefNew: 15680K->15680K(18432K), 0.0000100 secs]144.645: [Tenured: 28670K->29383K(40960K), 0.0060080 secs] 44350K->29383K(59392K), [Perm : 6104K->6104K(21248K)], 0.0060630 secs] [Times: user=0.01 sys=0.00, real=0.01 secs] 
144.651: Total time for which application threads were stopped: 0.0062060 seconds, Stopping threads took: 0.0000740 seconds
144.656: Application time: 0.0043020 seconds
144.656: [GC144.656: [DefNew: 15687K->15687K(18432K), 0.0000100 secs]144.656: [Tenured: 29383K->30809K(40960K), 0.0069270 secs] 45070K->30809K(59392K), [Perm : 6104K->6104K(21248K)], 0.0069860 secs] [Times: user=0.01 sys=0.00, real=0.00 secs] 
144.663: Total time for which application threads were stopped: 0.0072280 seconds, Stopping threads took: 0.0001550 seconds
144.667: Application time: 0.0038810 seconds
144.667: [GC144.667: [DefNew: 15681K->15681K(18432K), 0.0000100 secs]144.667: [Tenured: 30809K->28670K(40960K), 0.0094120 secs] 46490K->28670K(59392K), [Perm : 6104K->6104K(21248K)], 0.0094720 secs] [Times: user=0.01 sys=0.00, real=0.01 secs] 
144.676: Total time for which application threads were stopped: 0.0096520 seconds, Stopping threads took: 0.0001090 seconds
144.693: Application time: 0.0169260 seconds
144.693: [GC144.693: [DefNew: 15692K->15692K(18432K), 0.0000110 secs]144.693: [Tenured: 28670K->27957K(40960K), 0.0094720 secs] 44362K->27957K(59392K), [Perm : 6104K->6104K(21248K)], 0.0095300 secs] [Times: user=0.01 sys=0.00, real=0.00 secs] 
144.703: Total time for which application threads were stopped: 0.0096700 seconds, Stopping threads took: 0.0000650 seconds
144.758: Application time: 0.0551750 seconds
144.758: [GC144.758: [DefNew: 15718K->15718K(18432K), 0.0000100 secs]144.758: [Tenured: 27957K->28699K(40960K), 0.0098350 secs] 43675K->28699K(59392K), [Perm : 6104K->6104K(21248K)], 0.0098910 secs] [Times: user=0.01 sys=0.00, real=0.01 secs] 
144.768: Total time for which application threads were stopped: 0.0100290 seconds, Stopping threads took: 0.0000660 seconds
144.775: Application time: 0.0070290 seconds
144.775: [GC144.775: [DefNew: 15679K->15679K(18432K), 0.0000100 secs]144.775: [Tenured: 28699K->30124K(40960K), 0.0088230 secs] 44379K->30124K(59392K), [Perm : 6104K->6104K(21248K)], 0.0088930 secs] [Times: user=0.01 sys=0.00, real=0.00 secs] 
144.784: Total time for which application threads were stopped: 0.0090420 seconds, Stopping threads took: 0.0000750 seconds
144.791: Application time: 0.0069020 seconds
144.791: [GC144.791: [DefNew: 15993K->15993K(18432K), 0.0000090 secs]144.791: [Tenured: 30124K->22360K(40960K), 0.0096890 secs] 46118K->22360K(59392K), [Perm : 6105K->6105K(21248K)], 0.0097460 secs] [Times: user=0.01 sys=0.00, real=0.01 secs] 
144.801: Total time for which application threads were stopped: 0.0098870 seconds, Stopping threads took: 0.0000640 seconds
144.805: Application time: 0.0040220 seconds
144.805: [GC144.805: [DefNew: 15949K->1440K(18432K), 0.0005690 secs] 38309K->23800K(59392K), 0.0005960 secs] [Times: user=0.00 sys=0.00, real=0.01 secs] 
144.806: Total time for which application threads were stopped: 0.0007710 seconds, Stopping threads took: 0.0001180 seconds
144.811: Application time: 0.0049130 seconds
144.811: [GC144.811: [DefNew: 17754K->1463K(18432K), 0.0013160 secs] 40115K->26673K(59392K), 0.0013490 secs] [Times: user=0.00 sys=0.00, real=0.00 secs] 
144.812: Total time for which application threads were stopped: 0.0015220 seconds, Stopping threads took: 0.0001110 seconds
144.816: Application time: 0.0040560 seconds
144.817: [GC144.817: [DefNew: 17261K->17261K(18432K), 0.0000090 secs]144.817: [Tenured: 25210K->20129K(40960K), 0.0094000 secs] 42471K->20129K(59392K), [Perm : 6105K->6105K(21248K)], 0.0094590 secs] [Times: user=0.01 sys=0.00, real=0.01 secs] 
144.827: Total time for which application threads were stopped: 0.0104100 seconds, Stopping threads took: 0.0008710 seconds
144.831: Application time: 0.0043510 seconds
144.832: [GC144.832: [DefNew: 15809K->1434K(18432K), 0.0007450 secs] 35939K->22276K(59392K), 0.0007730 secs] [Times: user=0.00 sys=0.00, real=0.00 secs] 
144.832: Total time for which application threads were stopped: 0.0012280 seconds, Stopping threads took: 0.0003800 seconds
144.836: Application time: 0.0038680 seconds
144.837: [GC144.837: [DefNew: 17191K->1425K(18432K), 0.0008770 secs] 38033K->23692K(59392K), 0.0009060 secs] [Times: user=0.00 sys=0.00, real=0.00 secs] 
144.838: Total time for which application threads were stopped: 0.0021120 seconds, Stopping threads took: 0.0011380 seconds
144.842: Application time: 0.0038790 seconds
144.843: [GC144.843: [DefNew: 17110K->1425K(18432K), 0.0014460 secs] 39376K->26542K(59392K), 0.0014790 secs] [Times: user=0.00 sys=0.00, real=0.00 secs] 
144.844: Total time for which application threads were stopped: 0.0021230 seconds, Stopping threads took: 0.0005620 seconds
144.849: Application time: 0.0044950 seconds
144.850: [GC144.850: [DefNew: 17117K->1425K(18432K), 0.0012890 secs] 42235K->29394K(59392K), 0.0013220 secs] [Times: user=0.00 sys=0.00, real=0.00 secs] 
144.851: Total time for which application threads were stopped: 0.0025770 seconds, Stopping threads took: 0.0011730 seconds
144.856: Application time: 0.0046090 seconds
144.856: [GC144.856: [DefNew: 17569K->1462K(18432K), 0.0015760 secs] 45537K->32993K(59392K), 0.0016100 secs] [Times: user=0.01 sys=0.00, real=0.00 secs] 
144.858: Total time for which application threads were stopped: 0.0017980 seconds, Stopping threads took: 0.0001070 seconds
144.862: Application time: 0.0040800 seconds
144.862: [GC144.862: [DefNew: 17470K->17470K(18432K), 0.0000090 secs]144.862: [Tenured: 31531K->17336K(40960K), 0.0092910 secs] 49002K->17336K(59392K), [Perm : 6105K->6105K(21248K)], 0.0093490 secs] [Times: user=0.01 sys=0.00, real=0.01 secs] 
144.872: Total time for which application threads were stopped: 0.0096930 seconds, Stopping threads took: 0.0002770 seconds
144.876: Application time: 0.0045960 seconds
144.876: [GC144.876: [DefNew: 16176K->1471K(18432K), 0.0014350 secs] 33513K->21657K(59392K), 0.0014680 secs] [Times: user=0.01 sys=0.00, real=0.00 secs] 
144.878: Total time for which application threads were stopped: 0.0016570 seconds, Stopping threads took: 0.0001210 seconds
144.882: Application time: 0.0042800 seconds
144.884: [GC144.884: [DefNew: 17673K->1439K(18432K), 0.0017010 secs] 37860K->25222K(59392K), 0.0017400 secs] [Times: user=0.00 sys=0.00, real=0.00 secs] 
144.885: Total time for which application threads were stopped: 0.0031060 seconds, Stopping threads took: 0.0012990 seconds
144.889: Application time: 0.0036870 seconds
144.889: [GC144.889: [DefNew: 17321K->1440K(18432K), 0.0015530 secs] 41104K->28075K(59392K), 0.0015940 secs] [Times: user=0.00 sys=0.00, real=0.00 secs] 
144.891: Total time for which application threads were stopped: 0.0020330 seconds, Stopping threads took: 0.0003700 seconds
144.895: Application time: 0.0044160 seconds
144.896: [GC144.896: [DefNew: 17386K->1425K(18432K), 0.0009690 secs] 44020K->29485K(59392K), 0.0009990 secs] [Times: user=0.00 sys=0.00, real=0.00 secs] 
144.897: Total time for which application threads were stopped: 0.0016080 seconds, Stopping threads took: 0.0005470 seconds
144.902: Application time: 0.0049100 seconds
144.903: [GC144.903: [DefNew: 17141K->1428K(18432K), 0.0029370 secs] 45201K->38039K(59392K), 0.0029770 secs] [Times: user=0.01 sys=0.00, real=0.01 secs] 
144.906: Total time for which application threads were stopped: 0.0041780 seconds, Stopping threads took: 0.0011140 seconds
144.910: Application time: 0.0035870 seconds
144.911: [GC144.911: [DefNew: 17118K->17118K(18432K), 0.0000100 secs]144.911: [Tenured: 36610K->19494K(40960K), 0.0103210 secs] 53729K->19494K(59392K), [Perm : 6105K->6105K(21248K)], 0.0103790 secs] [Times: user=0.01 sys=0.00, real=0.01 secs] 
144.922: Total time for which application threads were stopped: 0.0117850 seconds, Stopping threads took: 0.0013170 seconds
144.927: Application time: 0.0051770 seconds
144.927: [GC144.927: [DefNew: 15689K->1425K(18432K), 0.0015100 secs] 35183K->24481K(59392K), 0.0015450 secs] [Times: user=0.00 sys=0.00, real=0.00 secs] 
144.929: Total time for which application threads were stopped: 0.0020160 seconds, Stopping threads took: 0.0003900 seconds
144.933: Application time: 0.0045290 seconds
144.934: [GC144.934: [DefNew: 17115K->1425K(18432K), 0.0014840 secs] 40171K->28044K(59392K), 0.0015180 secs] [Times: user=0.00 sys=0.00, real=0.00 secs] 
144.936: Total time for which application threads were stopped: 0.0024530 seconds, Stopping threads took: 0.0008540 seconds
144.940: Application time: 0.0038600 seconds
144.941: [GC144.941: [DefNew: 17115K->1425K(18432K), 0.0020140 secs] 43734K->33032K(59392K), 0.0020540 secs] [Times: user=0.01 sys=0.00, real=0.00 secs] 
144.943: Total time for which application threads were stopped: 0.0033420 seconds, Stopping threads took: 0.0012010 seconds
144.947: Application time: 0.0044330 seconds
144.948: [GC144.948: [DefNew: 17121K->17121K(18432K), 0.0000090 secs]144.948: [Tenured: 31607K->20207K(40960K), 0.0082800 secs] 48728K->20207K(59392K), [Perm : 6105K->6105K(21248K)], 0.0083400 secs] [Times: user=0.01 sys=0.00, real=0.01 secs] 
144.956: Total time for which application threads were stopped: 0.0087440 seconds, Stopping threads took: 0.0003140 seconds
144.961: Application time: 0.0051480 seconds
144.962: [GC144.962: [DefNew: 15689K->1425K(18432K), 0.0015790 secs] 35897K->25195K(59392K), 0.0016130 secs] [Times: user=0.00 sys=0.00, real=0.00 secs] 
144.963: Total time for which application threads were stopped: 0.0020670 seconds, Stopping threads took: 0.0003700 seconds
144.968: Application time: 0.0045200 seconds
144.969: [GC144.969: [DefNew: 17113K->1425K(18432K), 0.0016360 secs] 40883K->29470K(59392K), 0.0016720 secs] [Times: user=0.00 sys=0.00, real=0.00 secs] 
144.970: Total time for which application threads were stopped: 0.0024680 seconds, Stopping threads took: 0.0007320 seconds
144.975: Application time: 0.0045350 seconds
144.976: [GC144.976: [DefNew: 17117K->1426K(18432K), 0.0017080 secs] 45162K->33746K(59392K), 0.0017450 secs] [Times: user=0.00 sys=0.00, real=0.00 secs] 
144.977: Total time for which application threads were stopped: 0.0024250 seconds, Stopping threads took: 0.0005870 seconds
144.982: Application time: 0.0047700 seconds
144.983: [GC144.983: [DefNew: 17127K->17127K(18432K), 0.0000090 secs]144.983: [Tenured: 32320K->17983K(40960K), 0.0096620 secs] 49447K->17983K(59392K), [Perm : 6105K->6105K(21248K)], 0.0097210 secs] [Times: user=0.01 sys=0.00, real=0.01 secs] 
144.992: Total time for which application threads were stopped: 0.0102650 seconds, Stopping threads took: 0.0004530 seconds
144.997: Application time: 0.0046350 seconds
144.998: [GC144.998: [DefNew: 15688K->1425K(18432K), 0.0012820 secs] 33672K->22259K(59392K), 0.0013170 secs] [Times: user=0.00 sys=0.00, real=0.00 secs] 
144.999: Total time for which application threads were stopped: 0.0024620 seconds, Stopping threads took: 0.0010720 seconds
145.003: Application time: 0.0037480 seconds
145.005: [GC145.005: [DefNew: 17113K->1425K(18432K), 0.0018140 secs] 37947K->26534K(59392K), 0.0018510 secs] [Times: user=0.00 sys=0.00, real=0.01 secs] 
145.006: Total time for which application threads were stopped: 0.0031570 seconds, Stopping threads took: 0.0012190 seconds
145.011: Application time: 0.0044120 seconds
145.011: [GC145.011: [DefNew: 17125K->1426K(18432K), 0.0016870 secs] 42235K->30811K(59392K), 0.0017240 secs] [Times: user=0.00 sys=0.00, real=0.00 secs] 
145.013: Total time for which application threads were stopped: 0.0023730 seconds, Stopping threads took: 0.0005660 seconds
145.017: Application time: 0.0039320 seconds
145.018: [GC145.018: [DefNew: 17115K->1425K(18432K), 0.0022760 secs] 46499K->36511K(59392K), 0.0023180 secs] [Times: user=0.00 sys=0.00, real=0.00 secs] 
145.021: Total time for which application threads were stopped: 0.0034260 seconds, Stopping threads took: 0.0010400 seconds
145.025: Application time: 0.0042240 seconds
145.026: [GC145.026: [DefNew: 17126K->17126K(18432K), 0.0000090 secs]145.026: [Tenured: 35086K->20124K(40960K), 0.0083520 secs] 52212K->20124K(59392K), [Perm : 6105K->6105K(21248K)], 0.0084100 secs] [Times: user=0.00 sys=0.00, real=0.01 secs] 
145.034: Total time for which application threads were stopped: 0.0094740 seconds, Stopping threads took: 0.0009750 seconds
145.038: Application time: 0.0039940 seconds
145.039: [GC145.039: [DefNew: 15690K->1425K(18432K), 0.0025840 secs] 35815K->28675K(59392K), 0.0026230 secs] [Times: user=0.00 sys=0.00, real=0.00 secs] 
145.042: Total time for which application threads were stopped: 0.0032660 seconds, Stopping threads took: 0.0005550 seconds
145.046: Application time: 0.0044170 seconds
145.047: [GC145.047: [DefNew: 17115K->1425K(18432K), 0.0022090 secs] 44366K->34375K(59392K), 0.0022500 secs] [Times: user=0.00 sys=0.00, real=0.00 secs] 
145.049: Total time for which application threads were stopped: 0.0029270 seconds, Stopping threads took: 0.0005890 seconds
145.053: Application time: 0.0045020 seconds
145.054: [GC145.054: [DefNew: 17112K->17112K(18432K), 0.0000090 secs]145.054: [Tenured: 32950K->20121K(40960K), 0.0093940 secs] 50063K->20121K(59392K), [Perm : 6105K->6105K(21248K)], 0.0094530 secs] [Times: user=0.01 sys=0.00, real=0.00 secs] 
145.064: Total time for which application threads were stopped: 0.0103170 seconds, Stopping threads took: 0.0007740 seconds
145.068: Application time: 0.0043210 seconds
145.069: [GC145.069: [DefNew: 15688K->1425K(18432K), 0.0013330 secs] 35809K->24396K(59392K), 0.0013680 secs] [Times: user=0.01 sys=0.00, real=0.00 secs] 
145.070: Total time for which application threads were stopped: 0.0019910 seconds, Stopping threads took: 0.0005610 seconds
145.075: Application time: 0.0045550 seconds
145.075: [GC145.075: [DefNew: 17127K->1426K(18432K), 0.0019800 secs] 40098K->29386K(59392K), 0.0020180 secs] [Times: user=0.00 sys=0.00, real=0.00 secs] 
145.077: Total time for which application threads were stopped: 0.0022030 seconds, Stopping threads took: 0.0000980 seconds
145.081: Application time: 0.0044200 seconds
145.082: [GC145.082: [DefNew: 17122K->1426K(18432K), 0.0013680 secs] 45081K->32237K(59392K), 0.0014000 secs] [Times: user=0.00 sys=0.00, real=0.00 secs] 
145.083: Total time for which application threads were stopped: 0.0020310 seconds, Stopping threads took: 0.0005590 seconds
145.088: Application time: 0.0043430 seconds
145.088: [GC145.088: [DefNew: 17115K->1425K(18432K), 0.0013000 secs] 47927K->35088K(59392K), 0.0013310 secs] [Times: user=0.01 sys=0.00, real=0.00 secs] 
145.090: Total time for which application threads were stopped: 0.0020940 seconds, Stopping threads took: 0.0006910 seconds
145.094: Application time: 0.0043570 seconds
145.094: [GC145.094: [DefNew: 17114K->17114K(18432K), 0.0000100 secs]145.094: [Tenured: 33663K->17983K(40960K), 0.0090820 secs] 50777K->17983K(59392K), [Perm : 6105K->6105K(21248K)], 0.0091410 secs] [Times: user=0.01 sys=0.00, real=0.00 secs] 
145.103: Total time for which application threads were stopped: 0.0093880 seconds, Stopping threads took: 0.0001590 seconds
145.108: Application time: 0.0043920 seconds
145.108: [GC145.108: [DefNew: 15695K->1426K(18432K), 0.0015810 secs] 33679K->22972K(59392K), 0.0016170 secs] [Times: user=0.00 sys=0.00, real=0.00 secs] 
145.110: Total time for which application threads were stopped: 0.0020850 seconds, Stopping threads took: 0.0003850 seconds
145.114: Application time: 0.0040410 seconds
145.115: [GC145.115: [DefNew: 17115K->1425K(18432K), 0.0012810 secs] 38661K->25823K(59392K), 0.0013150 secs] [Times: user=0.01 sys=0.00, real=0.00 secs] 
145.117: Total time for which application threads were stopped: 0.0025510 seconds, Stopping threads took: 0.0011530 seconds
145.120: Application time: 0.0032570 seconds
145.121: [GC145.121: [DefNew: 17114K->1425K(18432K), 0.0024570 secs] 41512K->32236K(59392K), 0.0025000 secs] [Times: user=0.00 sys=0.00, real=0.00 secs] 
145.124: Total time for which application threads were stopped: 0.0038310 seconds, Stopping threads took: 0.0012520 seconds
145.128: Application time: 0.0045960 seconds
145.129: [GC145.129: [DefNew: 17115K->1425K(18432K), 0.0019730 secs] 47927K->37224K(59392K), 0.0020110 secs] [Times: user=0.00 sys=0.00, real=0.00 secs] 
145.131: Total time for which application threads were stopped: 0.0025210 seconds, Stopping threads took: 0.0004250 seconds
145.135: Application time: 0.0043740 seconds
145.135: [GC145.136: [DefNew: 17118K->17118K(18432K), 0.0000100 secs]145.136: [Tenured: 35799K->17983K(40960K), 0.0094190 secs] 52918K->17983K(59392K), [Perm : 6105K->6105K(21248K)], 0.0094780 secs] [Times: user=0.01 sys=0.00, real=0.00 secs] 
145.145: Total time for which application threads were stopped: 0.0098020 seconds, Stopping threads took: 0.0002360 seconds
145.149: Application time: 0.0042330 seconds
145.150: [GC145.150: [DefNew: 15693K->1427K(18432K), 0.0020190 secs] 33677K->24399K(59392K), 0.0020570 secs] [Times: user=0.00 sys=0.00, real=0.00 secs] 
145.152: Total time for which application threads were stopped: 0.0026270 seconds, Stopping threads took: 0.0004930 seconds
145.156: Application time: 0.0044280 seconds
145.157: [GC145.157: [DefNew: 17123K->1426K(18432K), 0.0018120 secs] 40095K->28674K(59392K), 0.0018510 secs] [Times: user=0.00 sys=0.00, real=0.00 secs] 
145.159: Total time for which application threads were stopped: 0.0023570 seconds, Stopping threads took: 0.0004300 seconds
145.163: Application time: 0.0038710 seconds
145.163: [GC145.163: [DefNew: 17120K->1427K(18432K), 0.0014090 secs] 44369K->31527K(59392K), 0.0014430 secs] [Times: user=0.00 sys=0.00, real=0.00 secs] 
145.164: Total time for which application threads were stopped: 0.0017510 seconds, Stopping threads took: 0.0002280 seconds
145.168: Application time: 0.0039910 seconds
145.169: [GC145.169: [DefNew: 17123K->1426K(18432K), 0.0013700 secs] 47223K->34377K(59392K), 0.0014040 secs] [Times: user=0.01 sys=0.00, real=0.00 secs] 
145.170: Total time for which application threads were stopped: 0.0019290 seconds, Stopping threads took: 0.0004420 seconds
145.174: Application time: 0.0038220 seconds
145.174: [GC145.174: [DefNew: 17119K->1426K(18432K), 0.0009470 secs] 50069K->35803K(59392K), 0.0009750 secs] [Times: user=0.00 sys=0.00, real=0.00 secs] 
145.175: Total time for which application threads were stopped: 0.0010860 seconds, Stopping threads took: 0.0000450 seconds
145.179: Application time: 0.0037050 seconds
145.180: [GC145.180: [DefNew: 17114K->17114K(18432K), 0.0000090 secs]145.180: [Tenured: 34377K->22259K(40960K), 0.0099240 secs] 51491K->22259K(59392K), [Perm : 6105K->6105K(21248K)], 0.0099810 secs] [Times: user=0.01 sys=0.00, real=0.01 secs] 
145.190: Total time for which application threads were stopped: 0.0106680 seconds, Stopping threads took: 0.0005980 seconds
145.194: Application time: 0.0040190 seconds
145.194: [GC145.194: [DefNew: 15685K->1425K(18432K), 0.0009130 secs] 37945K->25110K(59392K), 0.0009430 secs] [Times: user=0.00 sys=0.00, real=0.00 secs] 
145.195: Total time for which application threads were stopped: 0.0015820 seconds, Stopping threads took: 0.0005600 seconds
145.199: Application time: 0.0037090 seconds
145.200: [GC145.200: [DefNew: 17110K->1425K(18432K), 0.0010900 secs] 40795K->27248K(59392K), 0.0011220 secs] [Times: user=0.00 sys=0.00, real=0.00 secs] 
145.201: Total time for which application threads were stopped: 0.0019810 seconds, Stopping threads took: 0.0007870 seconds
145.205: Application time: 0.0039370 seconds
145.205: [GC145.205: [DefNew: 17123K->1427K(18432K), 0.0012280 secs] 42946K->29387K(59392K), 0.0012610 secs] [Times: user=0.00 sys=0.00, real=0.01 secs] 
145.206: Total time for which application threads were stopped: 0.0015950 seconds, Stopping threads took: 0.0002540 seconds
145.210: Application time: 0.0032630 seconds
145.210: [GC145.210: [DefNew: 17114K->1426K(18432K), 0.0019530 secs] 45075K->33663K(59392K), 0.0019900 secs] [Times: user=0.01 sys=0.00, real=0.00 secs] 
145.212: Total time for which application threads were stopped: 0.0021970 seconds, Stopping threads took: 0.0001210 seconds
145.215: Application time: 0.0033660 seconds
145.215: [GC145.215: [DefNew: 17109K->1425K(18432K), 0.0011640 secs] 49346K->35800K(59392K), 0.0011970 secs] [Times: user=0.01 sys=0.00, real=0.00 secs] 
145.217: Total time for which application threads were stopped: 0.0014670 seconds, Stopping threads took: 0.0002090 seconds
145.220: Application time: 0.0037270 seconds
145.221: [GC145.221: [DefNew: 17113K->1426K(18432K), 0.0007310 secs] 51489K->36514K(59392K), 0.0007600 secs] [Times: user=0.00 sys=0.00, real=0.00 secs] 
145.222: Total time for which application threads were stopped: 0.0013490 seconds, Stopping threads took: 0.0005130 seconds
145.226: Application time: 0.0047050 seconds
145.227: [GC145.227: [DefNew: 17117K->17117K(18432K), 0.0000090 secs]145.227: [Tenured: 35087K->20120K(40960K), 0.0088930 secs] 52205K->20120K(59392K), [Perm : 6105K->6105K(21248K)], 0.0089510 secs] [Times: user=0.01 sys=0.00, real=0.01 secs] 
145.236: Total time for which application threads were stopped: 0.0090810 seconds, Stopping threads took: 0.0000570 seconds
145.309: Application time: 0.0734670 seconds
145.309: [GC145.309: [DefNew: 15699K->1426K(18432K), 0.0045230 secs] 35820K->35796K(59392K), 0.0045620 secs] [Times: user=0.00 sys=0.00, real=0.01 secs] 
145.314: Total time for which application threads were stopped: 0.0046920 seconds, Stopping threads took: 0.0000610 seconds
145.384: Application time: 0.0705230 seconds
145.384: [GC145.384: [DefNew: 17117K->17117K(18432K), 0.0000090 secs]145.384: [Tenured: 34370K->25821K(40960K), 0.0100800 secs] 51488K->25821K(59392K), [Perm : 6105K->6105K(21248K)], 0.0101400 secs] [Times: user=0.01 sys=0.00, real=0.02 secs] 
145.394: Total time for which application threads were stopped: 0.0102700 seconds, Stopping threads took: 0.0000630 seconds
145.471: Application time: 0.0762550 seconds
145.471: [GC145.471: [DefNew: 15689K->1425K(18432K), 0.0040960 secs] 41510K->40071K(59392K), 0.0041370 secs] [Times: user=0.00 sys=0.00, real=0.01 secs] 
145.475: Total time for which application threads were stopped: 0.0043160 seconds, Stopping threads took: 0.0001110 seconds
145.532: Application time: 0.0568550 seconds
145.532: [GC145.532: [DefNew: 17116K->17116K(18432K), 0.0000100 secs]145.532: [Tenured: 38646K->23683K(40960K), 0.0099470 secs] 55763K->23683K(59392K), [Perm : 6105K->6105K(21248K)], 0.0100100 secs] [Times: user=0.01 sys=0.00, real=0.01 secs] 
145.542: Total time for which application threads were stopped: 0.0101800 seconds, Stopping threads took: 0.0000820 seconds
145.602: Application time: 0.0602740 seconds
145.602: [GC145.603: [DefNew: 15691K->1425K(18432K), 0.0045360 secs] 39375K->39358K(59392K), 0.0045770 secs] [Times: user=0.00 sys=0.00, real=0.01 secs] 
145.607: Total time for which application threads were stopped: 0.0047180 seconds, Stopping threads took: 0.0000750 seconds
145.683: Application time: 0.0759200 seconds
145.683: [GC145.683: [DefNew: 17116K->17116K(18432K), 0.0000090 secs]145.683: [Tenured: 37933K->23683K(40960K), 0.0090780 secs] 55050K->23683K(59392K), [Perm : 6105K->6105K(21248K)], 0.0091370 secs] [Times: user=0.01 sys=0.00, real=0.01 secs] 
145.692: Total time for which application threads were stopped: 0.0092650 seconds, Stopping threads took: 0.0000590 seconds
145.769: Application time: 0.0763200 seconds
145.770: [GC145.770: [DefNew: 15691K->1425K(18432K), 0.0041150 secs] 39375K->37933K(59392K), 0.0041540 secs] [Times: user=0.00 sys=0.00, real=0.01 secs] 
145.774: Total time for which application threads were stopped: 0.0052570 seconds, Stopping threads took: 0.0010370 seconds
145.834: Application time: 0.0605180 seconds
145.835: [GC145.835: [DefNew: 17122K->17122K(18432K), 0.0000090 secs]145.835: [Tenured: 36508K->24397K(40960K), 0.0093160 secs] 53631K->24397K(59392K), [Perm : 6105K->6105K(21248K)], 0.0093740 secs] [Times: user=0.01 sys=0.00, real=0.00 secs] 
145.844: Total time for which application threads were stopped: 0.0095320 seconds, Stopping threads took: 0.0000780 seconds
145.915: Application time: 0.0713550 seconds
145.915: [GC145.915: [DefNew: 15691K->1425K(18432K), 0.0043290 secs] 40088K->39360K(59392K), 0.0043700 secs] [Times: user=0.00 sys=0.00, real=0.00 secs] 
145.920: Total time for which application threads were stopped: 0.0045290 seconds, Stopping threads took: 0.0000810 seconds
145.990: Application time: 0.0702150 seconds
145.990: [GC145.990: [DefNew: 17116K->17116K(18432K), 0.0000090 secs]145.990: [Tenured: 37934K->24397K(40960K), 0.0091380 secs] 55051K->24397K(59392K), [Perm : 6105K->6105K(21248K)], 0.0091930 secs] [Times: user=0.01 sys=0.00, real=0.01 secs] 
145.999: Total time for which application threads were stopped: 0.0093220 seconds, Stopping threads took: 0.0000590 seconds
146.070: Application time: 0.0702980 seconds
146.070: [GC146.070: [DefNew: 15697K->1425K(18432K), 0.0044920 secs] 40094K->40073K(59392K), 0.0045310 secs] [Times: user=0.00 sys=0.00, real=0.01 secs] 
146.074: Total time for which application threads were stopped: 0.0046700 seconds, Stopping threads took: 0.0000590 seconds
146.148: Application time: 0.0735410 seconds
146.148: [GC146.148: [DefNew: 17117K->17117K(18432K), 0.0000090 secs]146.148: [Tenured: 38647K->25108K(40960K), 0.0103770 secs] 55764K->25108K(59392K), [Perm : 6105K->6105K(21248K)], 0.0104350 secs] [Times: user=0.01 sys=0.00, real=0.01 secs] 
146.158: Total time for which application threads were stopped: 0.0105690 seconds, Stopping threads took: 0.0000680 seconds
146.219: Application time: 0.0610560 seconds
146.220: [GC146.220: [DefNew: 15716K->1428K(18432K), 0.0045020 secs] 40825K->40787K(59392K), 0.0045430 secs] [Times: user=0.00 sys=0.00, real=0.00 secs] 
146.224: Total time for which application threads were stopped: 0.0047190 seconds, Stopping threads took: 0.0001080 seconds
146.287: Application time: 0.0625030 seconds
146.287: [GC146.287: [DefNew: 17132K->17132K(18432K), 0.0000110 secs]146.287: [Tenured: 39358K->29388K(40960K), 0.0097670 secs] 56491K->29388K(59392K), [Perm : 6105K->6105K(21248K)], 0.0098260 secs] [Times: user=0.01 sys=0.00, real=0.01 secs] 
146.297: Total time for which application threads were stopped: 0.0099640 seconds, Stopping threads took: 0.0000660 seconds
146.376: Application time: 0.0791030 seconds
146.376: [GC146.376: [DefNew: 15689K->15689K(18432K), 0.0000100 secs]146.376: [Tenured: 29388K->30813K(40960K), 0.0093740 secs] 45078K->30813K(59392K), [Perm : 6105K->6105K(21248K)], 0.0094580 secs] [Times: user=0.01 sys=0.01, real=0.01 secs] 
146.385: Total time for which application threads were stopped: 0.0096800 seconds, Stopping threads took: 0.0001550 seconds
146.467: Application time: 0.0814110 seconds
146.467: [GC146.467: [DefNew: 15691K->15691K(18432K), 0.0000090 secs]146.467: [Tenured: 30813K->30813K(40960K), 0.0105720 secs] 46505K->30813K(59392K), [Perm : 6105K->6105K(21248K)], 0.0106290 secs] [Times: user=0.01 sys=0.00, real=0.01 secs] 
146.478: Total time for which application threads were stopped: 0.0108650 seconds, Stopping threads took: 0.0001460 seconds
146.543: Application time: 0.0655160 seconds
146.543: [GC146.543: [DefNew: 15691K->15691K(18432K), 0.0000100 secs]146.543: [Tenured: 30813K->30096K(40960K), 0.0115890 secs] 46505K->30096K(59392K), [Perm : 6105K->6105K(21248K)], 0.0116510 secs] [Times: user=0.01 sys=0.00, real=0.02 secs] 
146.555: Total time for which application threads were stopped: 0.0117820 seconds, Stopping threads took: 0.0000620 seconds
146.630: Application time: 0.0746980 seconds
146.630: [GC146.630: [DefNew: 15691K->15691K(18432K), 0.0000100 secs]146.630: [Tenured: 30096K->29383K(40960K), 0.0096580 secs] 45787K->29383K(59392K), [Perm : 6105K->6105K(21248K)], 0.0097170 secs] [Times: user=0.01 sys=0.00, real=0.01 secs] 
146.640: Total time for which application threads were stopped: 0.0098840 seconds, Stopping threads took: 0.0000890 seconds
146.704: Application time: 0.0644850 seconds
146.704: [GC146.704: [DefNew: 15691K->15691K(18432K), 0.0000090 secs]146.704: [Tenured: 29383K->29383K(40960K), 0.0093140 secs] 45075K->29383K(59392K), [Perm : 6105K->6105K(21248K)], 0.0093730 secs] [Times: user=0.01 sys=0.00, real=0.02 secs] 
146.714: Total time for which application threads were stopped: 0.0095820 seconds, Stopping threads took: 0.0001280 seconds
146.769: Application time: 0.0557480 seconds
146.770: [GC146.770: [DefNew: 15691K->15691K(18432K), 0.0000100 secs]146.770: [Tenured: 29383K->30096K(40960K), 0.0099960 secs] 45075K->30096K(59392K), [Perm : 6105K->6105K(21248K)], 0.0100550 secs] [Times: user=0.01 sys=0.00, real=0.01 secs] 
146.780: Total time for which application threads were stopped: 0.0102770 seconds, Stopping threads took: 0.0001530 seconds
146.862: Application time: 0.0827100 seconds
146.863: [GC146.863: [DefNew: 15698K->15698K(18432K), 0.0000090 secs]146.863: [Tenured: 30096K->28671K(40960K), 0.0110620 secs] 45794K->28671K(59392K), [Perm : 6105K->6105K(21248K)], 0.0111200 secs] [Times: user=0.01 sys=0.00, real=0.02 secs] 
146.874: Total time for which application threads were stopped: 0.0112460 seconds, Stopping threads took: 0.0000580 seconds
146.946: Application time: 0.0720330 seconds
146.946: [GC146.946: [DefNew: 15687K->15687K(18432K), 0.0000110 secs]146.946: [Tenured: 28671K->29383K(40960K), 0.0109580 secs] 44358K->29383K(59392K), [Perm : 6105K->6105K(21248K)], 0.0110200 secs] [Times: user=0.01 sys=0.00, real=0.01 secs] 
146.957: Total time for which application threads were stopped: 0.0112210 seconds, Stopping threads took: 0.0001300 seconds
147.027: Application time: 0.0699130 seconds
147.027: [GC147.027: [DefNew: 15689K->15689K(18432K), 0.0000090 secs]147.027: [Tenured: 29383K->29383K(40960K), 0.0091190 secs] 45073K->29383K(59392K), [Perm : 6105K->6105K(21248K)], 0.0091760 secs] [Times: user=0.00 sys=0.00, real=0.01 secs] 
147.036: Total time for which application threads were stopped: 0.0093140 seconds, Stopping threads took: 0.0000690 seconds
147.089: Application time: 0.0528560 seconds
147.089: [GC147.089: [DefNew: 15698K->15698K(18432K), 0.0000110 secs]147.089: [Tenured: 29383K->28672K(40960K), 0.0098740 secs] 45082K->28672K(59392K), [Perm : 6105K->6105K(21248K)], 0.0099340 secs] [Times: user=0.01 sys=0.00, real=0.01 secs] 
147.099: Total time for which application threads were stopped: 0.0100710 seconds, Stopping threads took: 0.0000660 seconds
147.150: Application time: 0.0513740 seconds
147.151: [GC147.151: [DefNew: 15691K->15691K(18432K), 0.0000110 secs]147.151: [Tenured: 28672K->27958K(40960K), 0.0117000 secs] 44364K->27958K(59392K), [Perm : 6105K->6105K(21248K)], 0.0117680 secs] [Times: user=0.01 sys=0.00, real=0.01 secs] 
147.162: Total time for which application threads were stopped: 0.0119640 seconds, Stopping threads took: 0.0001040 seconds
147.226: Application time: 0.0637760 seconds
147.226: [GC147.226: [DefNew: 15698K->15698K(18432K), 0.0000100 secs]147.226: [Tenured: 27958K->27959K(40960K), 0.0107220 secs] 43657K->27959K(59392K), [Perm : 6105K->6105K(21248K)], 0.0107830 secs] [Times: user=0.02 sys=0.00, real=0.01 secs] 
147.237: Total time for which application threads were stopped: 0.0109400 seconds, Stopping threads took: 0.0000890 seconds
147.307: Application time: 0.0702160 seconds
147.308: [GC147.308: [DefNew: 15696K->15696K(18432K), 0.0000110 secs]147.308: [Tenured: 27959K->27246K(40960K), 0.0103270 secs] 43656K->27246K(59392K), [Perm : 6105K->6105K(21248K)], 0.0103810 secs] [Times: user=0.01 sys=0.00, real=0.01 secs] 
147.318: Total time for which application threads were stopped: 0.0106020 seconds, Stopping threads took: 0.0001310 seconds
147.369: Application time: 0.0509640 seconds
147.369: [GC147.369: [DefNew: 15722K->15722K(18432K), 0.0000110 secs]147.369: [Tenured: 27246K->20833K(40960K), 0.0103550 secs] 42969K->20833K(59392K), [Perm : 6105K->6105K(21248K)], 0.0104130 secs] [Times: user=0.01 sys=0.00, real=0.01 secs] 
147.380: Total time for which application threads were stopped: 0.0105520 seconds, Stopping threads took: 0.0000700 seconds
147.431: Application time: 0.0514520 seconds
147.431: [GC147.431: [DefNew: 15687K->1425K(18432K), 0.0034000 secs] 36521K->32234K(59392K), 0.0034380 secs] [Times: user=0.01 sys=0.00, real=0.01 secs] 
147.435: Total time for which application threads were stopped: 0.0035880 seconds, Stopping threads took: 0.0000860 seconds
147.484: Application time: 0.0494480 seconds
147.484: [GC147.484: [DefNew: 17113K->17113K(18432K), 0.0000100 secs]147.484: [Tenured: 30809K->23684K(40960K), 0.0097450 secs] 47922K->23684K(59392K), [Perm : 6105K->6105K(21248K)], 0.0098030 secs] [Times: user=0.01 sys=0.00, real=0.02 secs] 
147.494: Total time for which application threads were stopped: 0.0099380 seconds, Stopping threads took: 0.0000680 seconds
147.542: Application time: 0.0478800 seconds
147.542: [GC147.542: [DefNew: 15687K->1425K(18432K), 0.0034080 secs] 39372K->35084K(59392K), 0.0034470 secs] [Times: user=0.00 sys=0.00, real=0.01 secs] 
147.546: Total time for which application threads were stopped: 0.0038320 seconds, Stopping threads took: 0.0002980 seconds
147.603: Application time: 0.0578100 seconds
147.604: [GC147.604: [DefNew: 17113K->17113K(18432K), 0.0000100 secs]147.604: [Tenured: 33659K->23684K(40960K), 0.0092310 secs] 50773K->23684K(59392K), [Perm : 6105K->6105K(21248K)], 0.0092910 secs] [Times: user=0.01 sys=0.00, real=0.01 secs] 
147.613: Total time for which application threads were stopped: 0.0094650 seconds, Stopping threads took: 0.0001060 seconds
147.656: Application time: 0.0426030 seconds
147.656: [GC147.656: [DefNew: 15688K->1425K(18432K), 0.0033600 secs] 39372K->35085K(59392K), 0.0034000 secs] [Times: user=0.00 sys=0.00, real=0.00 secs] 
147.659: Total time for which application threads were stopped: 0.0035480 seconds, Stopping threads took: 0.0000660 seconds
147.712: Application time: 0.0531040 seconds
147.712: [GC147.712: [DefNew: 17113K->17113K(18432K), 0.0000090 secs]147.712: [Tenured: 33660K->23684K(40960K), 0.0091560 secs] 50773K->23684K(59392K), [Perm : 6105K->6105K(21248K)], 0.0092120 secs] [Times: user=0.01 sys=0.00, real=0.01 secs] 
147.722: Total time for which application threads were stopped: 0.0093440 seconds, Stopping threads took: 0.0000640 seconds
147.774: Application time: 0.0519930 seconds
147.774: [GC147.774: [DefNew: 15688K->1425K(18432K), 0.0033680 secs] 39373K->35085K(59392K), 0.0034040 secs] [Times: user=0.01 sys=0.00, real=0.00 secs] 
147.777: Total time for which application threads were stopped: 0.0035320 seconds, Stopping threads took: 0.0000590 seconds
147.825: Application time: 0.0478890 seconds
147.825: [GC147.825: [DefNew: 17122K->17122K(18432K), 0.0000090 secs]147.825: [Tenured: 33660K->23685K(40960K), 0.0090760 secs] 50783K->23685K(59392K), [Perm : 6105K->6105K(21248K)], 0.0091380 secs] [Times: user=0.01 sys=0.00, real=0.02 secs] 
147.834: Total time for which application threads were stopped: 0.0092980 seconds, Stopping threads took: 0.0000830 seconds
147.883: Application time: 0.0487660 seconds
147.883: [GC147.883: [DefNew: 15688K->1425K(18432K), 0.0034230 secs] 39374K->35087K(59392K), 0.0034620 secs] [Times: user=0.00 sys=0.00, real=0.01 secs] 
147.887: Total time for which application threads were stopped: 0.0036090 seconds, Stopping threads took: 0.0000790 seconds
147.956: Application time: 0.0698540 seconds
147.957: [GC147.957: [DefNew: 17113K->17113K(18432K), 0.0000100 secs]147.957: [Tenured: 33661K->24397K(40960K), 0.0101920 secs] 50775K->24397K(59392K), [Perm : 6105K->6105K(21248K)], 0.0102500 secs] [Times: user=0.01 sys=0.00, real=0.01 secs] 
147.967: Total time for which application threads were stopped: 0.0103780 seconds, Stopping threads took: 0.0000600 seconds
147.996: Application time: 0.0292890 seconds
147.996: [GC147.996: [DefNew: 15689K->1425K(18432K), 0.0033160 secs] 40086K->35799K(59392K), 0.0033600 secs] [Times: user=0.00 sys=0.00, real=0.00 secs] 
148.000: Total time for which application threads were stopped: 0.0034920 seconds, Stopping threads took: 0.0000640 seconds
148.064: Application time: 0.0645570 seconds
148.064: [GC148.064: [DefNew: 17122K->17122K(18432K), 0.0000090 secs]148.064: [Tenured: 34374K->24398K(40960K), 0.0090770 secs] 51496K->24398K(59392K), [Perm : 6105K->6105K(21248K)], 0.0091330 secs] [Times: user=0.01 sys=0.00, real=0.02 secs] 
148.074: Total time for which application threads were stopped: 0.0093160 seconds, Stopping threads took: 0.0001050 seconds
148.129: Application time: 0.0555100 seconds
148.129: [GC148.129: [DefNew: 15691K->1425K(18432K), 0.0035590 secs] 40089K->36512K(59392K), 0.0036010 secs] [Times: user=0.00 sys=0.00, real=0.00 secs] 
148.133: Total time for which application threads were stopped: 0.0037720 seconds, Stopping threads took: 0.0000850 seconds
148.179: Application time: 0.0463720 seconds
148.179: [GC148.179: [DefNew: 17114K->17114K(18432K), 0.0000100 secs]148.179: [Tenured: 35087K->25111K(40960K), 0.0091880 secs] 52202K->25111K(59392K), [Perm : 6105K->6105K(21248K)], 0.0092480 secs] [Times: user=0.01 sys=0.00, real=0.01 secs] 
148.189: Total time for which application threads were stopped: 0.0093870 seconds, Stopping threads took: 0.0000580 seconds
148.235: Application time: 0.0461510 seconds
148.235: [GC148.235: [DefNew: 15697K->1426K(18432K), 0.0034100 secs] 40809K->36514K(59392K), 0.0034490 secs] [Times: user=0.01 sys=0.00, real=0.00 secs] 
148.238: Total time for which application threads were stopped: 0.0035780 seconds, Stopping threads took: 0.0000620 seconds
148.299: Application time: 0.0610180 seconds
148.300: [GC148.300: [DefNew: 17115K->17115K(18432K), 0.0000100 secs]148.300: [Tenured: 35087K->25112K(40960K), 0.0099550 secs] 52203K->25112K(59392K), [Perm : 6105K->6105K(21248K)], 0.0100120 secs] [Times: user=0.01 sys=0.00, real=0.01 secs] 
148.310: Total time for which application threads were stopped: 0.0103350 seconds, Stopping threads took: 0.0002550 seconds
148.351: Application time: 0.0413090 seconds
148.351: [GC148.351: [DefNew: 15719K->1428K(18432K), 0.0033840 secs] 40831K->36517K(59392K), 0.0034220 secs] [Times: user=0.01 sys=0.00, real=0.01 secs] 
148.355: Total time for which application threads were stopped: 0.0035480 seconds, Stopping threads took: 0.0000600 seconds
148.409: Application time: 0.0547460 seconds
148.409: [GC148.409: [DefNew: 17126K->17126K(18432K), 0.0000090 secs]148.409: [Tenured: 35088K->27248K(40960K), 0.0113410 secs] 52215K->27248K(59392K), [Perm : 6105K->6105K(21248K)], 0.0114020 secs] [Times: user=0.01 sys=0.00, real=0.01 secs] 
148.421: Total time for which application threads were stopped: 0.0115790 seconds, Stopping threads took: 0.0001040 seconds
148.482: Application time: 0.0616170 seconds
148.483: [GC148.483: [DefNew: 15689K->15689K(18432K), 0.0000090 secs]148.483: [Tenured: 27248K->30811K(40960K), 0.0092280 secs] 42937K->30811K(59392K), [Perm : 6105K->6105K(21248K)], 0.0092950 secs] [Times: user=0.01 sys=0.00, real=0.01 secs] 
148.492: Total time for which application threads were stopped: 0.0094360 seconds, Stopping threads took: 0.0000720 seconds
148.532: Application time: 0.0401160 seconds
148.532: [GC148.532: [DefNew: 15688K->15688K(18432K), 0.0000090 secs]148.532: [Tenured: 30811K->30811K(40960K), 0.0090700 secs] 46500K->30811K(59392K), [Perm : 6105K->6105K(21248K)], 0.0091270 secs] [Times: user=0.01 sys=0.00, real=0.01 secs] 
148.541: Total time for which application threads were stopped: 0.0093420 seconds, Stopping threads took: 0.0001350 seconds
148.601: Application time: 0.0600620 seconds
148.602: [GC148.602: [DefNew: 15688K->15688K(18432K), 0.0000100 secs]148.602: [Tenured: 30811K->30811K(40960K), 0.0105660 secs] 46499K->30811K(59392K), [Perm : 6105K->6105K(21248K)], 0.0106270 secs] [Times: user=0.01 sys=0.00, real=0.01 secs] 
148.612: Total time for which application threads were stopped: 0.0108040 seconds, Stopping threads took: 0.0001060 seconds
148.656: Application time: 0.0441130 seconds
148.656: [GC148.656: [DefNew: 15688K->15688K(18432K), 0.0000100 secs]148.656: [Tenured: 30811K->29385K(40960K), 0.0102390 secs] 46499K->29385K(59392K), [Perm : 6105K->6105K(21248K)], 0.0102960 secs] [Times: user=0.01 sys=0.00, real=0.01 secs] 
148.667: Total time for which application threads were stopped: 0.0104270 seconds, Stopping threads took: 0.0000600 seconds
148.714: Application time: 0.0469120 seconds
148.714: [GC148.714: [DefNew: 15688K->15688K(18432K), 0.0000100 secs]148.714: [Tenured: 29385K->29385K(40960K), 0.0098240 secs] 45074K->29385K(59392K), [Perm : 6105K->6105K(21248K)], 0.0098890 secs] [Times: user=0.01 sys=0.00, real=0.00 secs] 
148.724: Total time for which application threads were stopped: 0.0100560 seconds, Stopping threads took: 0.0000720 seconds
148.795: Application time: 0.0707400 seconds
148.795: [GC148.795: [DefNew: 15688K->15688K(18432K), 0.0000100 secs]148.795: [Tenured: 29385K->29385K(40960K), 0.0103650 secs] 45074K->29385K(59392K), [Perm : 6105K->6105K(21248K)], 0.0104260 secs] [Times: user=0.01 sys=0.00, real=0.00 secs] 
148.805: Total time for which application threads were stopped: 0.0106030 seconds, Stopping threads took: 0.0001090 seconds
148.839: Application time: 0.0341280 seconds
148.839: [GC148.839: [DefNew: 16384K->16384K(18432K), 0.0000100 secs]148.839: [Tenured: 29385K->28707K(40960K), 0.0095740 secs] 45769K->28707K(59392K), [Perm : 6105K->6105K(21248K)], 0.0096310 secs] [Times: user=0.01 sys=0.00, real=0.01 secs] 
148.849: Total time for which application threads were stopped: 0.0098270 seconds, Stopping threads took: 0.0001270 seconds
148.859: Application time: 0.0101640 seconds
148.859: [GC148.859: [DefNew: 15727K->15727K(18432K), 0.0000110 secs]148.859: [Tenured: 28707K->28672K(40960K), 0.0108780 secs] 44434K->28672K(59392K), [Perm : 6105K->6105K(21248K)], 0.0109380 secs] [Times: user=0.01 sys=0.00, real=0.01 secs] 
148.870: Total time for which application threads were stopped: 0.0111230 seconds, Stopping threads took: 0.0001130 seconds
148.878: Application time: 0.0071960 seconds
148.878: [GC148.878: [DefNew: 15683K->15683K(18432K), 0.0000100 secs]148.878: [Tenured: 28672K->30811K(40960K), 0.0061310 secs] 44356K->30811K(59392K), [Perm : 6105K->6105K(21248K)], 0.0061910 secs] [Times: user=0.00 sys=0.00, real=0.00 secs] 
148.884: Total time for which application threads were stopped: 0.0063330 seconds, Stopping threads took: 0.0000700 seconds
148.888: Application time: 0.0040600 seconds
148.888: [GC148.888: [DefNew: 15677K->15677K(18432K), 0.0000100 secs]148.888: [Tenured: 30811K->30098K(40960K), 0.0060770 secs] 46488K->30098K(59392K), [Perm : 6105K->6105K(21248K)], 0.0061350 secs] [Times: user=0.00 sys=0.00, real=0.01 secs] 
148.894: Total time for which application threads were stopped: 0.0062880 seconds, Stopping threads took: 0.0000830 seconds
148.902: Application time: 0.0073470 seconds
148.902: [GC148.902: [DefNew: 15688K->15688K(18432K), 0.0000100 secs]148.902: [Tenured: 30098K->28672K(40960K), 0.0096290 secs] 45786K->28672K(59392K), [Perm : 6105K->6105K(21248K)], 0.0097000 secs] [Times: user=0.01 sys=0.00, real=0.01 secs] 
148.912: Total time for which application threads were stopped: 0.0099550 seconds, Stopping threads took: 0.0001730 seconds
148.918: Application time: 0.0068640 seconds
148.919: [GC148.919: [DefNew: 15679K->15679K(18432K), 0.0000100 secs]148.919: [Tenured: 28672K->28673K(40960K), 0.0059350 secs] 44352K->28673K(59392K), [Perm : 6105K->6105K(21248K)], 0.0059940 secs] [Times: user=0.00 sys=0.00, real=0.00 secs] 
148.925: Total time for which application threads were stopped: 0.0061370 seconds, Stopping threads took: 0.0000700 seconds
148.931: Application time: 0.0059620 seconds
148.931: [GC148.931: [DefNew: 15688K->15688K(18432K), 0.0000100 secs]148.931: [Tenured: 28673K->29385K(40960K), 0.0092490 secs] 44361K->29385K(59392K), [Perm : 6105K->6105K(21248K)], 0.0093090 secs] [Times: user=0.01 sys=0.00, real=0.01 secs] 
148.940: Total time for which application threads were stopped: 0.0094510 seconds, Stopping threads took: 0.0000710 seconds
148.944: Application time: 0.0036680 seconds
148.944: [GC148.944: [DefNew: 15680K->15680K(18432K), 0.0000100 secs]148.944: [Tenured: 29385K->29385K(40960K), 0.0059730 secs] 45066K->29385K(59392K), [Perm : 6105K->6105K(21248K)], 0.0060300 secs] [Times: user=0.00 sys=0.00, real=0.01 secs] 
148.950: Total time for which application threads were stopped: 0.0061710 seconds, Stopping threads took: 0.0000730 seconds
148.954: Application time: 0.0039860 seconds
148.954: [GC148.954: [DefNew: 15680K->15680K(18432K), 0.0000100 secs]148.954: [Tenured: 29385K->29385K(40960K), 0.0095300 secs] 45066K->29385K(59392K), [Perm : 6105K->6105K(21248K)], 0.0095900 secs] [Times: user=0.00 sys=0.00, real=0.00 secs] 
148.964: Total time for which application threads were stopped: 0.0097250 seconds, Stopping threads took: 0.0000630 seconds
148.978: Application time: 0.0142310 seconds
148.978: [GC148.978: [DefNew: 15694K->15694K(18432K), 0.0000090 secs]148.978: [Tenured: 29385K->27247K(40960K), 0.0098490 secs] 45080K->27247K(59392K), [Perm : 6105K->6105K(21248K)], 0.0099080 secs] [Times: user=0.01 sys=0.00, real=0.01 secs] 
148.988: Total time for which application threads were stopped: 0.0100650 seconds, Stopping threads took: 0.0000860 seconds
149.057: Application time: 0.0690660 seconds
149.057: [GC149.057: [DefNew: 15688K->15688K(18432K), 0.0000090 secs]149.057: [Tenured: 27247K->28672K(40960K), 0.0093130 secs] 42935K->28672K(59392K), [Perm : 6105K->6105K(21248K)], 0.0093680 secs] [Times: user=0.01 sys=0.00, real=0.01 secs] 
149.066: Total time for which application threads were stopped: 0.0095130 seconds, Stopping threads took: 0.0000790 seconds
149.133: Application time: 0.0662390 seconds
149.133: [GC149.133: [DefNew: 15718K->15718K(18432K), 0.0000100 secs]149.133: [Tenured: 28672K->29414K(40960K), 0.0097820 secs] 44391K->29414K(59392K), [Perm : 6105K->6105K(21248K)], 0.0098400 secs] [Times: user=0.01 sys=0.00, real=0.01 secs] 
149.143: Total time for which application threads were stopped: 0.0099730 seconds, Stopping threads took: 0.0000650 seconds
149.149: Application time: 0.0064510 seconds
149.149: [GC149.149: [DefNew: 15681K->15681K(18432K), 0.0000100 secs]149.149: [Tenured: 29414K->29414K(40960K), 0.0097810 secs] 45096K->29414K(59392K), [Perm : 6105K->6105K(21248K)], 0.0098420 secs] [Times: user=0.01 sys=0.00, real=0.01 secs] 
149.159: Total time for which application threads were stopped: 0.0101180 seconds, Stopping threads took: 0.0001880 seconds
149.164: Application time: 0.0052390 seconds
149.165: [GC149.165: [DefNew: 15681K->15681K(18432K), 0.0000100 secs]149.165: [Tenured: 29414K->28672K(40960K), 0.0110070 secs] 45096K->28672K(59392K), [Perm : 6105K->6105K(21248K)], 0.0110670 secs] [Times: user=0.01 sys=0.00, real=0.02 secs] 
149.176: Total time for which application threads were stopped: 0.0112530 seconds, Stopping threads took: 0.0001150 seconds
149.181: Application time: 0.0050850 seconds
149.181: [GC149.181: [DefNew: 15685K->15685K(18432K), 0.0000100 secs]149.181: [Tenured: 28672K->29384K(40960K), 0.0094990 secs] 44358K->29384K(59392K), [Perm : 6105K->6105K(21248K)], 0.0095700 secs] [Times: user=0.01 sys=0.00, real=0.01 secs] 
149.191: Total time for which application threads were stopped: 0.0097270 seconds, Stopping threads took: 0.0000850 seconds
149.195: Application time: 0.0042440 seconds
149.195: [GC149.195: [DefNew: 15677K->15677K(18432K), 0.0000100 secs]149.195: [Tenured: 29384K->30097K(40960K), 0.0067000 secs] 45062K->30097K(59392K), [Perm : 6105K->6105K(21248K)], 0.0067580 secs] [Times: user=0.01 sys=0.00, real=0.00 secs] 
149.202: Total time for which application threads were stopped: 0.0069290 seconds, Stopping threads took: 0.0001010 seconds
149.209: Application time: 0.0075270 seconds
149.209: [GC149.209: [DefNew: 15688K->15688K(18432K), 0.0000100 secs]149.209: [Tenured: 30097K->27959K(40960K), 0.0095860 secs] 45785K->27959K(59392K), [Perm : 6105K->6105K(21248K)], 0.0096440 secs] [Times: user=0.01 sys=0.00, real=0.01 secs] 
149.219: Total time for which application threads were stopped: 0.0098020 seconds, Stopping threads took: 0.0000880 seconds
149.227: Application time: 0.0075480 seconds
149.227: [GC149.227: [DefNew: 15679K->15679K(18432K), 0.0000100 secs]149.227: [Tenured: 27959K->27960K(40960K), 0.0060350 secs] 43639K->27960K(59392K), [Perm : 6105K->6105K(21248K)], 0.0060930 secs] [Times: user=0.01 sys=0.00, real=0.00 secs] 
149.233: Total time for which application threads were stopped: 0.0062540 seconds, Stopping threads took: 0.0000780 seconds
149.238: Application time: 0.0052150 seconds
149.238: [GC149.238: [DefNew: 15687K->15687K(18432K), 0.0000090 secs]149.238: [Tenured: 27960K->29386K(40960K), 0.0072690 secs] 43647K->29386K(59392K), [Perm : 6105K->6105K(21248K)], 0.0073220 secs] [Times: user=0.01 sys=0.00, real=0.01 secs] 
149.246: Total time for which application threads were stopped: 0.0075200 seconds, Stopping threads took: 0.0001180 seconds
149.249: Application time: 0.0036870 seconds
149.249: [GC149.249: [DefNew: 15679K->15679K(18432K), 0.0000090 secs]149.249: [Tenured: 29386K->30098K(40960K), 0.0058770 secs] 45065K->30098K(59392K), [Perm : 6105K->6105K(21248K)], 0.0059310 secs] [Times: user=0.00 sys=0.00, real=0.01 secs] 
149.255: Total time for which application threads were stopped: 0.0060830 seconds, Stopping threads took: 0.0000850 seconds
149.282: Application time: 0.0265170 seconds
149.282: [GC149.282: [DefNew: 15690K->15690K(18432K), 0.0000090 secs]149.282: [Tenured: 30098K->27247K(40960K), 0.0096890 secs] 45789K->27247K(59392K), [Perm : 6105K->6105K(21248K)], 0.0097460 secs] [Times: user=0.01 sys=0.00, real=0.01 secs] 
149.292: Total time for which application threads were stopped: 0.0099510 seconds, Stopping threads took: 0.0001160 seconds
149.340: Application time: 0.0484080 seconds
149.340: [GC149.340: [DefNew: 15689K->15689K(18432K), 0.0000100 secs]149.340: [Tenured: 27247K->27959K(40960K), 0.0108700 secs] 42937K->27959K(59392K), [Perm : 6105K->6105K(21248K)], 0.0109270 secs] [Times: user=0.01 sys=0.00, real=0.01 secs] 
149.351: Total time for which application threads were stopped: 0.0110840 seconds, Stopping threads took: 0.0000880 seconds
149.398: Application time: 0.0465520 seconds
149.398: [GC149.398: [DefNew: 15718K->15718K(18432K), 0.0000100 secs]149.398: [Tenured: 27959K->28701K(40960K), 0.0106630 secs] 43677K->28701K(59392K), [Perm : 6105K->6105K(21248K)], 0.0107230 secs] [Times: user=0.01 sys=0.00, real=0.01 secs] 
149.409: Total time for which application threads were stopped: 0.0108770 seconds, Stopping threads took: 0.0000840 seconds
149.416: Application time: 0.0069820 seconds
149.416: [GC149.416: [DefNew: 15679K->15679K(18432K), 0.0000100 secs]149.416: [Tenured: 28701K->28701K(40960K), 0.0090590 secs] 44381K->28701K(59392K), [Perm : 6105K->6105K(21248K)], 0.0091200 secs] [Times: user=0.01 sys=0.00, real=0.00 secs] 
149.425: Total time for which application threads were stopped: 0.0093010 seconds, Stopping threads took: 0.0001100 seconds
149.430: Application time: 0.0051670 seconds
149.430: [GC149.430: [DefNew: 15687K->15687K(18432K), 0.0000110 secs]149.430: [Tenured: 28701K->30126K(40960K), 0.0096330 secs] 44389K->30126K(59392K), [Perm : 6105K->6105K(21248K)], 0.0097080 secs] [Times: user=0.00 sys=0.00, real=0.01 secs] 
149.440: Total time for which application threads were stopped: 0.0098520 seconds, Stopping threads took: 0.0000700 seconds
149.444: Application time: 0.0042160 seconds
149.444: [GC149.444: [DefNew: 15677K->15677K(18432K), 0.0000090 secs]149.444: [Tenured: 30126K->27959K(40960K), 0.0102980 secs] 45804K->27959K(59392K), [Perm : 6105K->6105K(21248K)], 0.0103580 secs] [Times: user=0.01 sys=0.00, real=0.02 secs] 
149.455: Total time for which application threads were stopped: 0.0105110 seconds, Stopping threads took: 0.0000770 seconds
149.462: Application time: 0.0071230 seconds
149.462: [GC149.462: [DefNew: 15687K->15687K(18432K), 0.0000110 secs]149.462: [Tenured: 27959K->25822K(40960K), 0.0096060 secs] 43647K->25822K(59392K), [Perm : 6105K->6105K(21248K)], 0.0096680 secs] [Times: user=0.01 sys=0.00, real=0.01 secs] 
149.472: Total time for which application threads were stopped: 0.0101960 seconds, Stopping threads took: 0.0004540 seconds
149.478: Application time: 0.0062240 seconds
149.479: [GC149.479: [DefNew: 15682K->15682K(18432K), 0.0000090 secs]149.479: [Tenured: 25822K->27247K(40960K), 0.0088960 secs] 41504K->27247K(59392K), [Perm : 6105K->6105K(21248K)], 0.0089550 secs] [Times: user=0.01 sys=0.00, real=0.01 secs] 
149.488: Total time for which application threads were stopped: 0.0091900 seconds, Stopping threads took: 0.0001540 seconds
149.494: Application time: 0.0068770 seconds
149.495: [GC149.495: [DefNew: 15686K->15686K(18432K), 0.0000100 secs]149.495: [Tenured: 27247K->27960K(40960K), 0.0059880 secs] 42933K->27960K(59392K), [Perm : 6105K->6105K(21248K)], 0.0060440 secs] [Times: user=0.01 sys=0.00, real=0.00 secs] 
149.501: Total time for which application threads were stopped: 0.0061960 seconds, Stopping threads took: 0.0000820 seconds
149.504: Application time: 0.0036710 seconds
149.504: [GC149.504: [DefNew: 15680K->15680K(18432K), 0.0000100 secs]149.505: [Tenured: 27960K->27959K(40960K), 0.0066910 secs] 43641K->27959K(59392K), [Perm : 6105K->6105K(21248K)], 0.0067530 secs] [Times: user=0.00 sys=0.00, real=0.01 secs] 
149.511: Total time for which application threads were stopped: 0.0069980 seconds, Stopping threads took: 0.0001630 seconds
149.515: Application time: 0.0040430 seconds
149.515: [GC149.515: [DefNew: 15678K->15678K(18432K), 0.0000100 secs]149.515: [Tenured: 27959K->28672K(40960K), 0.0066040 secs] 43638K->28672K(59392K), [Perm : 6105K->6105K(21248K)], 0.0066550 secs] [Times: user=0.00 sys=0.00, real=0.00 secs] 
149.522: Total time for which application threads were stopped: 0.0067960 seconds, Stopping threads took: 0.0000740 seconds
149.568: Application time: 0.0457690 seconds
149.568: [GC149.568: [DefNew: 15694K->15694K(18432K), 0.0000100 secs]149.568: [Tenured: 28672K->26534K(40960K), 0.0097660 secs] 44366K->26534K(59392K), [Perm : 6105K->6105K(21248K)], 0.0098290 secs] [Times: user=0.01 sys=0.00, real=0.01 secs] 
149.578: Total time for which application threads were stopped: 0.0100050 seconds, Stopping threads took: 0.0001060 seconds
149.644: Application time: 0.0661300 seconds
149.644: [GC149.644: [DefNew: 15720K->15720K(18432K), 0.0000100 secs]149.644: [Tenured: 26534K->27988K(40960K), 0.0106850 secs] 42254K->27988K(59392K), [Perm : 6105K->6105K(21248K)], 0.0107470 secs] [Times: user=0.01 sys=0.00, real=0.02 secs] 
149.655: Total time for which application threads were stopped: 0.0109020 seconds, Stopping threads took: 0.0000860 seconds
149.663: Application time: 0.0083950 seconds
149.663: [GC149.663: [DefNew: 16138K->16138K(18432K), 0.0000090 secs]149.663: [Tenured: 27988K->22978K(40960K), 0.0101210 secs] 44127K->22978K(59392K), [Perm : 6105K->6105K(21248K)], 0.0101790 secs] [Times: user=0.01 sys=0.00, real=0.02 secs] 
149.674: Total time for which application threads were stopped: 0.0103180 seconds, Stopping threads took: 0.0000670 seconds
149.680: Application time: 0.0067770 seconds
149.681: [GC149.681: [DefNew: 16332K->829K(18432K), 0.0004510 secs] 39311K->23807K(59392K), 0.0004840 secs] [Times: user=0.00 sys=0.00, real=0.00 secs] 
149.681: Total time for which application threads were stopped: 0.0007530 seconds, Stopping threads took: 0.0001980 seconds
149.685: Application time: 0.0041150 seconds
149.685: [GC149.685: [DefNew: 17213K->1532K(18432K), 0.0018970 secs] 40191K->28785K(59392K), 0.0019340 secs] [Times: user=0.01 sys=0.00, real=0.00 secs] 
149.687: Total time for which application threads were stopped: 0.0021150 seconds, Stopping threads took: 0.0001070 seconds
149.691: Application time: 0.0039180 seconds
149.692: [GC149.692: [DefNew: 17576K->17576K(18432K), 0.0000110 secs]149.692: [Tenured: 27253K->15937K(40960K), 0.0094000 secs] 44830K->15937K(59392K), [Perm : 6106K->6106K(21248K)], 0.0094620 secs] [Times: user=0.01 sys=0.00, real=0.01 secs] 
149.701: Total time for which application threads were stopped: 0.0098380 seconds, Stopping threads took: 0.0002940 seconds
149.706: Application time: 0.0044000 seconds
149.707: [GC149.707: [DefNew: 15778K->1426K(18432K), 0.0010830 secs] 31715K->19501K(59392K), 0.0011140 secs] [Times: user=0.00 sys=0.00, real=0.00 secs] 
149.708: Total time for which application threads were stopped: 0.0023400 seconds, Stopping threads took: 0.0011520 seconds
149.712: Application time: 0.0042170 seconds
149.713: [GC149.713: [DefNew: 17118K->1425K(18432K), 0.0019910 secs] 35193K->24490K(59392K), 0.0020290 secs] [Times: user=0.00 sys=0.00, real=0.01 secs] 
149.715: Total time for which application threads were stopped: 0.0030400 seconds, Stopping threads took: 0.0009460 seconds
149.720: Application time: 0.0045880 seconds
149.721: [GC149.721: [DefNew: 17121K->1426K(18432K), 0.0022190 secs] 40185K->30191K(59392K), 0.0022550 secs] [Times: user=0.00 sys=0.00, real=0.00 secs] 
149.723: Total time for which application threads were stopped: 0.0032120 seconds, Stopping threads took: 0.0008930 seconds
149.727: Application time: 0.0045230 seconds
149.730: [GC149.730: [DefNew: 17113K->17113K(18432K), 0.0000100 secs]149.730: [Tenured: 28765K->18781K(40960K), 0.0093190 secs] 45878K->18781K(59392K), [Perm : 6106K->6106K(21248K)], 0.0093790 secs] [Times: user=0.00 sys=0.00, real=0.01 secs] 
149.739: Total time for which application threads were stopped: 0.0116480 seconds, Stopping threads took: 0.0021730 seconds
149.744: Application time: 0.0045160 seconds
149.744: [GC149.744: [DefNew: 15685K->1425K(18432K), 0.0010950 secs] 34467K->22344K(59392K), 0.0011260 secs] [Times: user=0.00 sys=0.00, real=0.01 secs] 
149.746: Total time for which application threads were stopped: 0.0019360 seconds, Stopping threads took: 0.0007510 seconds
149.750: Application time: 0.0042110 seconds
149.751: [GC149.751: [DefNew: 17117K->1426K(18432K), 0.0010610 secs] 38036K->24483K(59392K), 0.0010930 secs] [Times: user=0.00 sys=0.00, real=0.00 secs] 
149.752: Total time for which application threads were stopped: 0.0021840 seconds, Stopping threads took: 0.0010280 seconds
149.756: Application time: 0.0041730 seconds
149.757: [GC149.757: [DefNew: 17112K->1425K(18432K), 0.0018510 secs] 40169K->28758K(59392K), 0.0018870 secs] [Times: user=0.01 sys=0.00, real=0.00 secs] 
149.759: Total time for which application threads were stopped: 0.0023350 seconds, Stopping threads took: 0.0003820 seconds
149.763: Application time: 0.0043830 seconds
149.763: [GC149.763: [DefNew: 17117K->17117K(18432K), 0.0000090 secs]149.763: [Tenured: 27332K->20920K(40960K), 0.0067160 secs] 44450K->20920K(59392K), [Perm : 6106K->6106K(21248K)], 0.0067720 secs] [Times: user=0.01 sys=0.00, real=0.01 secs] 
149.770: Total time for which application threads were stopped: 0.0069170 seconds, Stopping threads took: 0.0000760 seconds
149.774: Application time: 0.0040830 seconds
149.774: [GC149.774: [DefNew: 15686K->1425K(18432K), 0.0013560 secs] 36607K->25196K(59392K), 0.0013880 secs] [Times: user=0.00 sys=0.00, real=0.00 secs] 
149.776: Total time for which application threads were stopped: 0.0019130 seconds, Stopping threads took: 0.0004530 seconds
149.780: Application time: 0.0042430 seconds
149.781: [GC149.781: [DefNew: 17117K->1425K(18432K), 0.0013300 secs] 40888K->28047K(59392K), 0.0013660 secs] [Times: user=0.00 sys=0.00, real=0.00 secs] 
149.783: Total time for which application threads were stopped: 0.0025740 seconds, Stopping threads took: 0.0011450 seconds
149.787: Application time: 0.0042100 seconds
149.787: [GC149.787: [DefNew: 17118K->1425K(18432K), 0.0015980 secs] 43739K->31610K(59392K), 0.0016320 secs] [Times: user=0.01 sys=0.00, real=0.00 secs] 
149.789: Total time for which application threads were stopped: 0.0019290 seconds, Stopping threads took: 0.0002350 seconds
149.793: Application time: 0.0041900 seconds
149.793: [GC149.793: [DefNew: 17114K->17114K(18432K), 0.0000100 secs]149.793: [Tenured: 30185K->20834K(40960K), 0.0100310 secs] 47299K->20834K(59392K), [Perm : 6106K->6106K(21248K)], 0.0100910 secs] [Times: user=0.01 sys=0.00, real=0.00 secs] 
149.804: Total time for which application threads were stopped: 0.0105340 seconds, Stopping threads took: 0.0003670 seconds
149.807: Application time: 0.0039520 seconds
149.808: [GC149.808: [DefNew: 15688K->1425K(18432K), 0.0013770 secs] 36522K->25110K(59392K), 0.0014120 secs] [Times: user=0.01 sys=0.00, real=0.00 secs] 
149.810: Total time for which application threads were stopped: 0.0020540 seconds, Stopping threads took: 0.0005790 seconds
149.814: Application time: 0.0042780 seconds
149.815: [GC149.815: [DefNew: 17114K->1425K(18432K), 0.0012340 secs] 40798K->27960K(59392K), 0.0012670 secs] [Times: user=0.00 sys=0.00, real=0.00 secs] 
149.816: Total time for which application threads were stopped: 0.0021000 seconds, Stopping threads took: 0.0007520 seconds
149.820: Application time: 0.0040530 seconds
149.821: [GC149.821: [DefNew: 17119K->1426K(18432K), 0.0020430 secs] 43655K->32949K(59392K), 0.0020810 secs] [Times: user=0.00 sys=0.00, real=0.00 secs] 
149.823: Total time for which application threads were stopped: 0.0026360 seconds, Stopping threads took: 0.0004870 seconds
149.827: Application time: 0.0041990 seconds
149.828: [GC149.828: [DefNew: 17112K->17112K(18432K), 0.0000100 secs]149.828: [Tenured: 31523K->20833K(40960K), 0.0092350 secs] 48635K->20833K(59392K), [Perm : 6106K->6106K(21248K)], 0.0092960 secs] [Times: user=0.00 sys=0.00, real=0.01 secs] 
149.837: Total time for which application threads were stopped: 0.0100140 seconds, Stopping threads took: 0.0006290 seconds
149.841: Application time: 0.0038830 seconds
149.841: [GC149.841: [DefNew: 15686K->1425K(18432K), 0.0015560 secs] 36519K->25821K(59392K), 0.0015930 secs] [Times: user=0.00 sys=0.00, real=0.00 secs] 
149.843: Total time for which application threads were stopped: 0.0020130 seconds, Stopping threads took: 0.0003380 seconds
149.847: Application time: 0.0045590 seconds
149.849: [GC149.849: [DefNew: 17119K->1426K(18432K), 0.0015200 secs] 41515K->29384K(59392K), 0.0015570 secs] [Times: user=0.00 sys=0.00, real=0.00 secs] 
149.850: Total time for which application threads were stopped: 0.0027590 seconds, Stopping threads took: 0.0011180 seconds
149.854: Application time: 0.0041460 seconds
149.855: [GC149.855: [DefNew: 17116K->1426K(18432K), 0.0021100 secs] 45075K->34373K(59392K), 0.0021500 secs] [Times: user=0.00 sys=0.00, real=0.00 secs] 
149.857: Total time for which application threads were stopped: 0.0024130 seconds, Stopping threads took: 0.0001760 seconds
149.861: Application time: 0.0038830 seconds
149.862: [GC149.862: [DefNew: 17120K->17120K(18432K), 0.0000100 secs]149.862: [Tenured: 32947K->20121K(40960K), 0.0095020 secs] 50068K->20121K(59392K), [Perm : 6106K->6106K(21248K)], 0.0095610 secs] [Times: user=0.01 sys=0.00, real=0.01 secs] 
149.871: Total time for which application threads were stopped: 0.0105720 seconds, Stopping threads took: 0.0009410 seconds
149.875: Application time: 0.0038180 seconds
149.876: [GC149.876: [DefNew: 15686K->1425K(18432K), 0.0010590 secs] 35808K->23684K(59392K), 0.0010990 secs] [Times: user=0.00 sys=0.00, real=0.00 secs] 
149.877: Total time for which application threads were stopped: 0.0023410 seconds, Stopping threads took: 0.0011600 seconds
149.881: Application time: 0.0038680 seconds
149.881: [GC149.881: [DefNew: 17112K->1425K(18432K), 0.0016030 secs] 39371K->27247K(59392K), 0.0016410 secs] [Times: user=0.00 sys=0.00, real=0.00 secs] 
149.883: Total time for which application threads were stopped: 0.0018080 seconds, Stopping threads took: 0.0001010 seconds
149.887: Application time: 0.0041630 seconds
149.888: [GC149.888: [DefNew: 17120K->1426K(18432K), 0.0013560 secs] 42943K->30098K(59392K), 0.0013900 secs] [Times: user=0.00 sys=0.00, real=0.00 secs] 
149.889: Total time for which application threads were stopped: 0.0022730 seconds, Stopping threads took: 0.0007920 seconds
149.893: Application time: 0.0036750 seconds
149.893: [GC149.893: [DefNew: 17111K->1425K(18432K), 0.0010940 secs] 45784K->32236K(59392K), 0.0011240 secs] [Times: user=0.00 sys=0.00, real=0.00 secs] 
149.895: Total time for which application threads were stopped: 0.0014550 seconds, Stopping threads took: 0.0002620 seconds
149.898: Application time: 0.0035930 seconds
149.899: [GC149.899: [DefNew: 17111K->1425K(18432K), 0.0018170 secs] 47923K->36512K(59392K), 0.0018540 secs] [Times: user=0.00 sys=0.00, real=0.00 secs] 
149.901: Total time for which application threads were stopped: 0.0023470 seconds, Stopping threads took: 0.0004070 seconds
149.905: Application time: 0.0043720 seconds
149.906: [GC149.906: [DefNew: 17118K->17118K(18432K), 0.0000090 secs]149.906: [Tenured: 35087K->20834K(40960K), 0.0086580 secs] 52205K->20834K(59392K), [Perm : 6106K->6106K(21248K)], 0.0087170 secs] [Times: user=0.01 sys=0.00, real=0.01 secs] 
149.915: Total time for which application threads were stopped: 0.0098750 seconds, Stopping threads took: 0.0010800 seconds
149.918: Application time: 0.0037290 seconds
149.919: [GC149.919: [DefNew: 15686K->1425K(18432K), 0.0011470 secs] 36521K->24398K(59392K), 0.0011780 secs] [Times: user=0.00 sys=0.00, real=0.00 secs] 
149.920: Total time for which application threads were stopped: 0.0015200 seconds, Stopping threads took: 0.0002630 seconds
149.924: Application time: 0.0037770 seconds
149.924: [GC149.924: [DefNew: 17124K->1427K(18432K), 0.0018520 secs] 40097K->28676K(59392K), 0.0018890 secs] [Times: user=0.00 sys=0.00, real=0.01 secs] 
149.926: Total time for which application threads were stopped: 0.0022100 seconds, Stopping threads took: 0.0002370 seconds
149.930: Application time: 0.0039380 seconds
149.930: [GC149.930: [DefNew: 17113K->1425K(18432K), 0.0009140 secs] 44362K->30101K(59392K), 0.0009430 secs] [Times: user=0.00 sys=0.00, real=0.00 secs] 
149.931: Total time for which application threads were stopped: 0.0013120 seconds, Stopping threads took: 0.0002900 seconds
149.935: Application time: 0.0038010 seconds
149.935: [GC149.935: [DefNew: 17117K->1426K(18432K), 0.0014110 secs] 45794K->32953K(59392K), 0.0014450 secs] [Times: user=0.01 sys=0.00, real=0.00 secs] 
149.937: Total time for which application threads were stopped: 0.0017720 seconds, Stopping threads took: 0.0002630 seconds
149.941: Application time: 0.0036900 seconds
149.941: [GC149.941: [DefNew: 17112K->1425K(18432K), 0.0009260 secs] 48638K->34378K(59392K), 0.0009560 secs] [Times: user=0.00 sys=0.00, real=0.00 secs] 
149.942: Total time for which application threads were stopped: 0.0014270 seconds, Stopping threads took: 0.0004100 seconds
149.946: Application time: 0.0036910 seconds
149.946: [GC149.946: [DefNew: 17112K->1425K(18432K), 0.0019750 secs] 50065K->39366K(59392K), 0.0020130 secs] [Times: user=0.00 sys=0.00, real=0.00 secs] 
149.948: Total time for which application threads were stopped: 0.0023950 seconds, Stopping threads took: 0.0003160 seconds
149.952: Application time: 0.0040890 seconds
149.952: [GC149.952: [DefNew: 17112K->17112K(18432K), 0.0000090 secs]149.952: [Tenured: 37941K->21547K(40960K), 0.0091610 secs] 55053K->21547K(59392K), [Perm : 6106K->6106K(21248K)], 0.0092160 secs] [Times: user=0.01 sys=0.00, real=0.01 secs] 
149.962: Total time for which application threads were stopped: 0.0093780 seconds, Stopping threads took: 0.0000860 seconds
149.965: Application time: 0.0037440 seconds
149.966: [GC149.966: [DefNew: 15684K->1425K(18432K), 0.0010460 secs] 37232K->25110K(59392K), 0.0010730 secs] [Times: user=0.00 sys=0.01, real=0.00 secs] 
149.967: Total time for which application threads were stopped: 0.0014130 seconds, Stopping threads took: 0.0002790 seconds
149.970: Application time: 0.0037300 seconds
149.971: [GC149.971: [DefNew: 17111K->1425K(18432K), 0.0013900 secs] 40796K->27960K(59392K), 0.0014240 secs] [Times: user=0.01 sys=0.00, real=0.00 secs] 
149.973: Total time for which application threads were stopped: 0.0020900 seconds, Stopping threads took: 0.0005830 seconds
149.976: Application time: 0.0038340 seconds
149.977: [GC149.977: [DefNew: 17119K->1426K(18432K), 0.0024960 secs] 43654K->34374K(59392K), 0.0025370 secs] [Times: user=0.00 sys=0.00, real=0.00 secs] 
149.980: Total time for which application threads were stopped: 0.0031670 seconds, Stopping threads took: 0.0005510 seconds
150.039: Application time: 0.0589540 seconds
150.039: [GC150.039: [DefNew: 17136K->1427K(18432K), 0.0026040 secs] 50085K->42214K(59392K), 0.0026420 secs] [Times: user=0.01 sys=0.00, real=0.00 secs] 
150.041: Total time for which application threads were stopped: 0.0027660 seconds, Stopping threads took: 0.0000590 seconds
150.076: Application time: 0.0344810 seconds
150.076: [GC150.076: [DefNew: 17119K->17119K(18432K), 0.0000090 secs]150.076: [Tenured: 40786K->23684K(40960K), 0.0098130 secs] 57906K->23684K(59392K), [Perm : 6106K->6106K(21248K)], 0.0098690 secs] [Times: user=0.01 sys=0.00, real=0.01 secs] 
150.086: Total time for which application threads were stopped: 0.0100020 seconds, Stopping threads took: 0.0000640 seconds
150.152: Application time: 0.0662060 seconds
150.152: [GC150.152: [DefNew: 15691K->1425K(18432K), 0.0045140 secs] 39375K->39359K(59392K), 0.0045530 secs] [Times: user=0.01 sys=0.00, real=0.01 secs] 
150.157: Total time for which application threads were stopped: 0.0046810 seconds, Stopping threads took: 0.0000610 seconds
150.237: Application time: 0.0802530 seconds
150.237: [GC150.237: [DefNew: 17122K->17122K(18432K), 0.0000090 secs]150.237: [Tenured: 37934K->23685K(40960K), 0.0093830 secs] 55057K->23685K(59392K), [Perm : 6106K->6106K(21248K)], 0.0094390 secs] [Times: user=0.01 sys=0.00, real=0.01 secs] 
150.247: Total time for which application threads were stopped: 0.0096130 seconds, Stopping threads took: 0.0000970 seconds
150.323: Application time: 0.0761980 seconds
150.323: [GC150.323: [DefNew: 15689K->1425K(18432K), 0.0039500 secs] 39374K->37222K(59392K), 0.0039910 secs] [Times: user=0.00 sys=0.00, real=0.01 secs] 
150.327: Total time for which application threads were stopped: 0.0041700 seconds, Stopping threads took: 0.0001120 seconds
150.397: Application time: 0.0696350 seconds
150.397: [GC150.397: [DefNew: 17116K->17116K(18432K), 0.0000090 secs]150.397: [Tenured: 35797K->25110K(40960K), 0.0093260 secs] 52914K->25110K(59392K), [Perm : 6106K->6106K(21248K)], 0.0093850 secs] [Times: user=0.01 sys=0.00, real=0.01 secs] 
150.406: Total time for which application threads were stopped: 0.0095130 seconds, Stopping threads took: 0.0000590 seconds
150.477: Application time: 0.0712320 seconds
150.477: [GC150.477: [DefNew: 15697K->1425K(18432K), 0.0042060 secs] 40807K->40073K(59392K), 0.0042450 secs] [Times: user=0.00 sys=0.00, real=0.00 secs] 
150.482: Total time for which application threads were stopped: 0.0043710 seconds, Stopping threads took: 0.0000570 seconds
150.550: Application time: 0.0680120 seconds
150.550: [GC150.550: [DefNew: 17117K->17117K(18432K), 0.0000100 secs]150.550: [Tenured: 38647K->25109K(40960K), 0.0107140 secs] 55765K->25109K(59392K), [Perm : 6106K->6106K(21248K)], 0.0107720 secs] [Times: user=0.01 sys=0.00, real=0.01 secs] 
150.561: Total time for which application threads were stopped: 0.0109860 seconds, Stopping threads took: 0.0001250 seconds
150.614: Application time: 0.0534630 seconds
150.614: [GC150.614: [DefNew: 15697K->1425K(18432K), 0.0045460 secs] 40807K->40785K(59392K), 0.0045950 secs] [Times: user=0.01 sys=0.00, real=0.00 secs] 
150.619: Total time for which application threads were stopped: 0.0047750 seconds, Stopping threads took: 0.0001120 seconds
150.690: Application time: 0.0709570 seconds
150.690: [GC150.690: [DefNew: 17117K->17117K(18432K), 0.0000090 secs]150.690: [Tenured: 39359K->25822K(40960K), 0.0093590 secs] 56477K->25822K(59392K), [Perm : 6106K->6106K(21248K)], 0.0094180 secs] [Times: user=0.01 sys=0.00, real=0.01 secs] 
150.699: Total time for which application threads were stopped: 0.0095430 seconds, Stopping threads took: 0.0000570 seconds
150.771: Application time: 0.0713960 seconds
150.771: [GC150.771: [DefNew: 15689K->15689K(18432K), 0.0000100 secs]150.771: [Tenured: 25822K->25822K(40960K), 0.0090780 secs] 41512K->25822K(59392K), [Perm : 6106K->6106K(21248K)], 0.0091350 secs] [Times: user=0.01 sys=0.00, real=0.01 secs] 
150.780: Total time for which application threads were stopped: 0.0092850 seconds, Stopping threads took: 0.0000680 seconds
150.853: Application time: 0.0724460 seconds
150.853: [GC150.853: [DefNew: 15691K->15691K(18432K), 0.0000100 secs]150.853: [Tenured: 25822K->25110K(40960K), 0.0096190 secs] 41514K->25110K(59392K), [Perm : 6106K->6106K(21248K)], 0.0096790 secs] [Times: user=0.01 sys=0.00, real=0.01 secs] 
150.862: Total time for which application threads were stopped: 0.0099380 seconds, Stopping threads took: 0.0001920 seconds
150.941: Application time: 0.0784490 seconds
150.941: [GC150.941: [DefNew: 15697K->1425K(18432K), 0.0044590 secs] 40807K->40073K(59392K), 0.0045040 secs] [Times: user=0.01 sys=0.00, real=0.01 secs] 
150.946: Total time for which application threads were stopped: 0.0047030 seconds, Stopping threads took: 0.0001280 seconds
151.016: Application time: 0.0705330 seconds
151.016: [GC151.016: [DefNew: 17123K->17123K(18432K), 0.0000090 secs]151.016: [Tenured: 38647K->26534K(40960K), 0.0102080 secs] 55771K->26534K(59392K), [Perm : 6106K->6106K(21248K)], 0.0102660 secs] [Times: user=0.01 sys=0.00, real=0.01 secs] 
151.027: Total time for which application threads were stopped: 0.0104420 seconds, Stopping threads took: 0.0001090 seconds
151.090: Application time: 0.0633330 seconds
151.090: [GC151.090: [DefNew: 15710K->15710K(18432K), 0.0000100 secs]151.090: [Tenured: 26534K->27961K(40960K), 0.0093020 secs] 42244K->27961K(59392K), [Perm : 6106K->6106K(21248K)], 0.0093620 secs] [Times: user=0.01 sys=0.00, real=0.01 secs] 
151.099: Total time for which application threads were stopped: 0.0095420 seconds, Stopping threads took: 0.0001100 seconds
151.173: Application time: 0.0734550 seconds
151.173: [GC151.173: [DefNew: 15691K->15691K(18432K), 0.0000100 secs]151.173: [Tenured: 27961K->30099K(40960K), 0.0093380 secs] 43653K->30099K(59392K), [Perm : 6106K->6106K(21248K)], 0.0093940 secs] [Times: user=0.01 sys=0.00, real=0.01 secs] 
151.182: Total time for which application threads were stopped: 0.0095270 seconds, Stopping threads took: 0.0000680 seconds
151.253: Application time: 0.0700830 seconds
151.253: [GC151.253: [DefNew: 15700K->15700K(18432K), 0.0000090 secs]151.253: [Tenured: 30099K->29387K(40960K), 0.0094050 secs] 45799K->29387K(59392K), [Perm : 6106K->6106K(21248K)], 0.0094590 secs] [Times: user=0.01 sys=0.00, real=0.01 secs] 
151.262: Total time for which application threads were stopped: 0.0095930 seconds, Stopping threads took: 0.0000660 seconds
151.329: Application time: 0.0665790 seconds
151.329: [GC151.329: [DefNew: 15691K->15691K(18432K), 0.0000100 secs]151.329: [Tenured: 29387K->28671K(40960K), 0.0118740 secs] 45079K->28671K(59392K), [Perm : 6106K->6106K(21248K)], 0.0119340 secs] [Times: user=0.02 sys=0.00, real=0.01 secs] 
151.341: Total time for which application threads were stopped: 0.0121430 seconds, Stopping threads took: 0.0001290 seconds
151.402: Application time: 0.0609030 seconds
151.402: [GC151.402: [DefNew: 15691K->15691K(18432K), 0.0000090 secs]151.402: [Tenured: 28671K->28671K(40960K), 0.0098400 secs] 44363K->28671K(59392K), [Perm : 6106K->6106K(21248K)], 0.0099080 secs] [Times: user=0.01 sys=0.00, real=0.01 secs] 
151.412: Total time for which application threads were stopped: 0.0100400 seconds, Stopping threads took: 0.0000640 seconds
151.455: Application time: 0.0429260 seconds
151.455: [GC151.455: [DefNew: 15698K->15698K(18432K), 0.0000090 secs]151.455: [Tenured: 28671K->29385K(40960K), 0.0092600 secs] 44370K->29385K(59392K), [Perm : 6106K->6106K(21248K)], 0.0093160 secs] [Times: user=0.01 sys=0.00, real=0.00 secs] 
151.464: Total time for which application threads were stopped: 0.0094840 seconds, Stopping threads took: 0.0000990 seconds
151.533: Application time: 0.0688870 seconds
151.533: [GC151.533: [DefNew: 15689K->15689K(18432K), 0.0000110 secs]151.533: [Tenured: 29385K->29385K(40960K), 0.0099580 secs] 45075K->29385K(59392K), [Perm : 6106K->6106K(21248K)], 0.0100180 secs] [Times: user=0.01 sys=0.00, real=0.01 secs] 
151.543: Total time for which application threads were stopped: 0.0102070 seconds, Stopping threads took: 0.0001180 seconds
151.615: Application time: 0.0715380 seconds
151.615: [GC151.615: [DefNew: 15700K->15700K(18432K), 0.0000100 secs]151.615: [Tenured: 29385K->26534K(40960K), 0.0115500 secs] 45085K->26534K(59392K), [Perm : 6106K->6106K(21248K)], 0.0116110 secs] [Times: user=0.01 sys=0.00, real=0.01 secs] 
151.627: Total time for which application threads were stopped: 0.0117370 seconds, Stopping threads took: 0.0000570 seconds
151.693: Application time: 0.0659840 seconds
151.693: [GC151.693: [DefNew: 15689K->15689K(18432K), 0.0000100 secs]151.693: [Tenured: 26534K->27246K(40960K), 0.0099560 secs] 42224K->27246K(59392K), [Perm : 6106K->6106K(21248K)], 0.0100130 secs] [Times: user=0.01 sys=0.00, real=0.01 secs] 
151.703: Total time for which application threads were stopped: 0.0101460 seconds, Stopping threads took: 0.0000630 seconds
151.769: Application time: 0.0664420 seconds
151.769: [GC151.769: [DefNew: 15691K->15691K(18432K), 0.0000100 secs]151.769: [Tenured: 27246K->27247K(40960K), 0.0097630 secs] 42938K->27247K(59392K), [Perm : 6106K->6106K(21248K)], 0.0098230 secs] [Times: user=0.01 sys=0.00, real=0.01 secs] 
151.779: Total time for which application threads were stopped: 0.0100040 seconds, Stopping threads took: 0.0000910 seconds
151.816: Application time: 0.0365150 seconds
151.816: [GC151.816: [DefNew: 15689K->15689K(18432K), 0.0000100 secs]151.816: [Tenured: 27247K->27959K(40960K), 0.0093000 secs] 42936K->27959K(59392K), [Perm : 6106K->6106K(21248K)], 0.0093590 secs] [Times: user=0.01 sys=0.00, real=0.00 secs] 
151.825: Total time for which application threads were stopped: 0.0095260 seconds, Stopping threads took: 0.0000980 seconds
151.885: Application time: 0.0593500 seconds
151.885: [GC151.885: [DefNew: 15690K->15690K(18432K), 0.0000100 secs]151.885: [Tenured: 27959K->27247K(40960K), 0.0096000 secs] 43649K->27247K(59392K), [Perm : 6106K->6106K(21248K)], 0.0096590 secs] [Times: user=0.01 sys=0.00, real=0.02 secs] 
151.895: Total time for which application threads were stopped: 0.0099690 seconds, Stopping threads took: 0.0002130 seconds
151.965: Application time: 0.0703320 seconds
151.965: [GC151.965: [DefNew: 15698K->15698K(18432K), 0.0000090 secs]151.965: [Tenured: 27247K->27248K(40960K), 0.0090000 secs] 42945K->27248K(59392K), [Perm : 6106K->6106K(21248K)], 0.0090540 secs] [Times: user=0.01 sys=0.00, real=0.02 secs] 
151.974: Total time for which application threads were stopped: 0.0092200 seconds, Stopping threads took: 0.0001000 seconds
152.038: Application time: 0.0637380 seconds
152.038: [GC152.038: [DefNew: 15698K->15698K(18432K), 0.0000100 secs]152.038: [Tenured: 27248K->25822K(40960K), 0.0104260 secs] 42946K->25822K(59392K), [Perm : 6106K->6106K(21248K)], 0.0104850 secs] [Times: user=0.01 sys=0.00, real=0.01 secs] 
152.049: Total time for which application threads were stopped: 0.0106510 seconds, Stopping threads took: 0.0000970 seconds
152.094: Application time: 0.0459790 seconds
152.095: [GC152.095: [DefNew: 15714K->1427K(18432K), 0.0034570 secs] 41536K->37938K(59392K), 0.0034990 secs] [Times: user=0.00 sys=0.00, real=0.00 secs] 
152.098: Total time for which application threads were stopped: 0.0037780 seconds, Stopping threads took: 0.0001860 seconds
152.147: Application time: 0.0486780 seconds
152.147: [GC152.147: [DefNew: 17116K->17116K(18432K), 0.0000100 secs]152.147: [Tenured: 36510K->22259K(40960K), 0.0107620 secs] 53626K->22259K(59392K), [Perm : 6106K->6106K(21248K)], 0.0108180 secs] [Times: user=0.01 sys=0.00, real=0.01 secs] 
152.158: Total time for which application threads were stopped: 0.0109770 seconds, Stopping threads took: 0.0000900 seconds
152.215: Application time: 0.0573470 seconds
152.215: [GC152.215: [DefNew: 15688K->1425K(18432K), 0.0035820 secs] 37948K->34373K(59392K), 0.0036220 secs] [Times: user=0.00 sys=0.00, real=0.00 secs] 
152.219: Total time for which application threads were stopped: 0.0037550 seconds, Stopping threads took: 0.0000670 seconds
152.261: Application time: 0.0423020 seconds
152.261: [GC152.261: [DefNew: 17121K->17121K(18432K), 0.0000090 secs]152.261: [Tenured: 32948K->23685K(40960K), 0.0100150 secs] 50069K->23685K(59392K), [Perm : 6106K->6106K(21248K)], 0.0100730 secs] [Times: user=0.01 sys=0.00, real=0.01 secs] 
152.272: Total time for which application threads were stopped: 0.0102110 seconds, Stopping threads took: 0.0000650 seconds
152.335: Application time: 0.0634190 seconds
152.335: [GC152.335: [DefNew: 15688K->1425K(18432K), 0.0034670 secs] 39373K->35798K(59392K), 0.0035090 secs] [Times: user=0.00 sys=0.00, real=0.00 secs] 
152.339: Total time for which application threads were stopped: 0.0037260 seconds, Stopping threads took: 0.0001390 seconds
152.378: Application time: 0.0394320 seconds
152.378: [GC152.378: [DefNew: 17113K->17113K(18432K), 0.0000100 secs]152.378: [Tenured: 34373K->24397K(40960K), 0.0093360 secs] 51487K->24397K(59392K), [Perm : 6106K->6106K(21248K)], 0.0093940 secs] [Times: user=0.01 sys=0.00, real=0.01 secs] 
152.388: Total time for which application threads were stopped: 0.0095390 seconds, Stopping threads took: 0.0000740 seconds
152.459: Application time: 0.0709100 seconds
152.459: [GC152.459: [DefNew: 15688K->1425K(18432K), 0.0035380 secs] 40086K->36511K(59392K), 0.0035760 secs] [Times: user=0.01 sys=0.00, real=0.00 secs] 
152.462: Total time for which application threads were stopped: 0.0038550 seconds, Stopping threads took: 0.0001810 seconds
152.507: Application time: 0.0447520 seconds
152.507: [GC152.507: [DefNew: 17122K->17122K(18432K), 0.0000090 secs]152.507: [Tenured: 35086K->24399K(40960K), 0.0091430 secs] 52208K->24399K(59392K), [Perm : 6106K->6106K(21248K)], 0.0091990 secs] [Times: user=0.01 sys=0.00, real=0.01 secs] 
152.517: Total time for which application threads were stopped: 0.0093290 seconds, Stopping threads took: 0.0000620 seconds
152.552: Application time: 0.0353280 seconds
152.552: [GC152.552: [DefNew: 15688K->1425K(18432K), 0.0036820 secs] 40087K->36512K(59392K), 0.0037230 secs] [Times: user=0.00 sys=0.00, real=0.01 secs] 
152.556: Total time for which application threads were stopped: 0.0039070 seconds, Stopping threads took: 0.0000940 seconds
152.624: Application time: 0.0682490 seconds
152.624: [GC152.624: [DefNew: 17122K->17122K(18432K), 0.0000100 secs]152.624: [Tenured: 35087K->25112K(40960K), 0.0092370 secs] 52210K->25112K(59392K), [Perm : 6106K->6106K(21248K)], 0.0093070 secs] [Times: user=0.01 sys=0.00, real=0.02 secs] 
152.633: Total time for which application threads were stopped: 0.0094690 seconds, Stopping threads took: 0.0000830 seconds
152.687: Application time: 0.0539550 seconds
152.688: [GC152.688: [DefNew: 15688K->1425K(18432K), 0.0034550 secs] 40801K->37226K(59392K), 0.0034930 secs] [Times: user=0.01 sys=0.00, real=0.00 secs] 
152.691: Total time for which application threads were stopped: 0.0036200 seconds, Stopping threads took: 0.0000600 seconds
152.717: Application time: 0.0262580 seconds
152.717: [GC152.717: [DefNew: 17113K->17113K(18432K), 0.0000090 secs]152.717: [Tenured: 35801K->25823K(40960K), 0.0101640 secs] 52915K->25823K(59392K), [Perm : 6106K->6106K(21248K)], 0.0102230 secs] [Times: user=0.01 sys=0.00, real=0.01 secs] 
152.728: Total time for which application threads were stopped: 0.0103840 seconds, Stopping threads took: 0.0000770 seconds
152.797: Application time: 0.0693240 seconds
152.797: [GC152.797: [DefNew: 15688K->15688K(18432K), 0.0000100 secs]152.797: [Tenured: 25823K->25823K(40960K), 0.0089460 secs] 41512K->25823K(59392K), [Perm : 6106K->6106K(21248K)], 0.0090060 secs] [Times: user=0.01 sys=0.00, real=0.01 secs] 
152.806: Total time for which application threads were stopped: 0.0091960 seconds, Stopping threads took: 0.0001220 seconds
152.868: Application time: 0.0617250 seconds
152.868: [GC152.868: [DefNew: 15688K->15688K(18432K), 0.0000110 secs]152.868: [Tenured: 25823K->25823K(40960K), 0.0098450 secs] 41512K->25823K(59392K), [Perm : 6106K->6106K(21248K)], 0.0099050 secs] [Times: user=0.01 sys=0.00, real=0.01 secs] 
152.878: Total time for which application threads were stopped: 0.0100420 seconds, Stopping threads took: 0.0000690 seconds
152.921: Application time: 0.0429160 seconds
152.921: [GC152.921: [DefNew: 15688K->15688K(18432K), 0.0000100 secs]152.921: [Tenured: 25823K->25823K(40960K), 0.0098930 secs] 41512K->25823K(59392K), [Perm : 6106K->6106K(21248K)], 0.0099480 secs] [Times: user=0.01 sys=0.00, real=0.01 secs] 
152.931: Total time for which application threads were stopped: 0.0100760 seconds, Stopping threads took: 0.0000590 seconds
152.976: Application time: 0.0453730 seconds
152.977: [GC152.977: [DefNew: 15688K->15688K(18432K), 0.0000090 secs]152.977: [Tenured: 25823K->25823K(40960K), 0.0090520 secs] 41512K->25823K(59392K), [Perm : 6106K->6106K(21248K)], 0.0091100 secs] [Times: user=0.01 sys=0.00, real=0.01 secs] 
152.986: Total time for which application threads were stopped: 0.0093050 seconds, Stopping threads took: 0.0001170 seconds
153.056: Application time: 0.0702800 seconds
153.056: [GC153.056: [DefNew: 15697K->15697K(18432K), 0.0000100 secs]153.056: [Tenured: 25823K->25824K(40960K), 0.0099000 secs] 41521K->25824K(59392K), [Perm : 6106K->6106K(21248K)], 0.0099570 secs] [Times: user=0.01 sys=0.00, real=0.01 secs] 
153.066: Total time for which application threads were stopped: 0.0100870 seconds, Stopping threads took: 0.0000620 seconds
153.093: Application time: 0.0272440 seconds
153.093: [GC153.093: [DefNew: 15695K->15695K(18432K), 0.0000130 secs]153.093: [Tenured: 25824K->26538K(40960K), 0.0092690 secs] 41519K->26538K(59392K), [Perm : 6106K->6106K(21248K)], 0.0093290 secs] [Times: user=0.00 sys=0.01, real=0.01 secs] 
153.103: Total time for which application threads were stopped: 0.0094650 seconds, Stopping threads took: 0.0000690 seconds
153.155: Application time: 0.0524590 seconds
153.155: [GC153.155: [DefNew: 15705K->15705K(18432K), 0.0000100 secs]153.155: [Tenured: 26538K->27252K(40960K), 0.0092770 secs] 42243K->27252K(59392K), [Perm : 6106K->6106K(21248K)], 0.0093350 secs] [Times: user=0.01 sys=0.00, real=0.00 secs] 
153.165: Total time for which application threads were stopped: 0.0094820 seconds, Stopping threads took: 0.0000790 seconds
153.236: Application time: 0.0712740 seconds
153.237: [GC153.237: [DefNew: 15697K->15697K(18432K), 0.0000090 secs]153.237: [Tenured: 27252K->26535K(40960K), 0.0108990 secs] 42949K->26535K(59392K), [Perm : 6106K->6106K(21248K)], 0.0109590 secs] [Times: user=0.01 sys=0.00, real=0.01 secs] 
153.248: Total time for which application threads were stopped: 0.0117460 seconds, Stopping threads took: 0.0006990 seconds
153.261: Application time: 0.0128130 seconds
153.261: [GC153.261: [DefNew: 15719K->15719K(18432K), 0.0000090 secs]153.261: [Tenured: 26535K->30840K(40960K), 0.0103370 secs] 42254K->30840K(59392K), [Perm : 6107K->6107K(21248K)], 0.0103970 secs] [Times: user=0.01 sys=0.00, real=0.01 secs] 
153.271: Total time for which application threads were stopped: 0.0105880 seconds, Stopping threads took: 0.0001100 seconds
153.280: Application time: 0.0088990 seconds
153.280: [GC153.280: [DefNew: 15677K->15677K(18432K), 0.0000100 secs]153.280: [Tenured: 30840K->30127K(40960K), 0.0060050 secs] 46517K->30127K(59392K), [Perm : 6107K->6107K(21248K)], 0.0060610 secs] [Times: user=0.00 sys=0.00, real=0.01 secs] 
153.286: Total time for which application threads were stopped: 0.0062240 seconds, Stopping threads took: 0.0000860 seconds
153.292: Application time: 0.0053810 seconds
153.292: [GC153.292: [DefNew: 15685K->15685K(18432K), 0.0000100 secs]153.292: [Tenured: 30127K->30840K(40960K), 0.0088830 secs] 45813K->30840K(59392K), [Perm : 6107K->6107K(21248K)], 0.0089450 secs] [Times: user=0.01 sys=0.00, real=0.01 secs] 
153.301: Total time for which application threads were stopped: 0.0090910 seconds, Stopping threads took: 0.0000730 seconds
153.305: Application time: 0.0039510 seconds
153.305: [GC153.305: [DefNew: 15677K->15677K(18432K), 0.0000100 secs]153.305: [Tenured: 30840K->29386K(40960K), 0.0105740 secs] 46517K->29386K(59392K), [Perm : 6107K->6107K(21248K)], 0.0106350 secs] [Times: user=0.01 sys=0.00, real=0.02 secs] 
153.315: Total time for which application threads were stopped: 0.0107900 seconds, Stopping threads took: 0.0000710 seconds
153.324: Application time: 0.0085640 seconds
153.324: [GC153.324: [DefNew: 15686K->15686K(18432K), 0.0000110 secs]153.324: [Tenured: 29386K->29386K(40960K), 0.0075600 secs] 45072K->29386K(59392K), [Perm : 6107K->6107K(21248K)], 0.0076160 secs] [Times: user=0.00 sys=0.00, real=0.01 secs] 
153.332: Total time for which application threads were stopped: 0.0077880 seconds, Stopping threads took: 0.0001060 seconds
153.338: Application time: 0.0066220 seconds
153.339: [GC153.339: [DefNew: 15679K->15679K(18432K), 0.0000100 secs]153.339: [Tenured: 29386K->30811K(40960K), 0.0069730 secs] 45066K->30811K(59392K), [Perm : 6107K->6107K(21248K)], 0.0070320 secs] [Times: user=0.00 sys=0.00, real=0.01 secs] 
153.346: Total time for which application threads were stopped: 0.0072270 seconds, Stopping threads took: 0.0001260 seconds
153.351: Application time: 0.0057000 seconds
153.352: [GC153.352: [DefNew: 15687K->15687K(18432K), 0.0000100 secs]153.352: [Tenured: 30811K->30100K(40960K), 0.0061150 secs] 46499K->30100K(59392K), [Perm : 6107K->6107K(21248K)], 0.0061710 secs] [Times: user=0.01 sys=0.00, real=0.01 secs] 
153.358: Total time for which application threads were stopped: 0.0063180 seconds, Stopping threads took: 0.0000750 seconds
153.361: Application time: 0.0037090 seconds
153.362: [GC153.362: [DefNew: 15679K->15679K(18432K), 0.0000100 secs]153.362: [Tenured: 30100K->30099K(40960K), 0.0071000 secs] 45779K->30099K(59392K), [Perm : 6107K->6107K(21248K)], 0.0071590 secs] [Times: user=0.00 sys=0.00, real=0.01 secs] 
153.369: Total time for which application threads were stopped: 0.0073320 seconds, Stopping threads took: 0.0001000 seconds
153.383: Application time: 0.0143740 seconds
153.383: [GC153.383: [DefNew: 15688K->15688K(18432K), 0.0000100 secs]153.383: [Tenured: 30099K->27961K(40960K), 0.0102570 secs] 45788K->27961K(59392K), [Perm : 6107K->6107K(21248K)], 0.0103150 secs] [Times: user=0.01 sys=0.00, real=0.02 secs] 
153.394: Total time for which application threads were stopped: 0.0105380 seconds, Stopping threads took: 0.0001330 seconds
153.421: Application time: 0.0270460 seconds
153.421: [GC153.421: [DefNew: 15688K->15688K(18432K), 0.0000110 secs]153.421: [Tenured: 27961K->27961K(40960K), 0.0105730 secs] 43649K->27961K(59392K), [Perm : 6107K->6107K(21248K)], 0.0106320 secs] [Times: user=0.02 sys=0.00, real=0.01 secs] 
153.432: Total time for which application threads were stopped: 0.0108580 seconds, Stopping threads took: 0.0001370 seconds
153.486: Application time: 0.0542280 seconds
153.486: [GC153.486: [DefNew: 15690K->15690K(18432K), 0.0000100 secs]153.486: [Tenured: 27961K->28673K(40960K), 0.0099130 secs] 43651K->28673K(59392K), [Perm : 6107K->6107K(21248K)], 0.0099710 secs] [Times: user=0.01 sys=0.00, real=0.01 secs] 
153.496: Total time for which application threads were stopped: 0.0101210 seconds, Stopping threads took: 0.0000690 seconds
153.564: Application time: 0.0682450 seconds
153.564: [GC153.564: [DefNew: 15688K->15688K(18432K), 0.0000110 secs]153.564: [Tenured: 28673K->28673K(40960K), 0.0107330 secs] 44361K->28673K(59392K), [Perm : 6107K->6107K(21248K)], 0.0108020 secs] [Times: user=0.02 sys=0.00, real=0.02 secs] 
153.575: Total time for which application threads were stopped: 0.0110480 seconds, Stopping threads took: 0.0001570 seconds
153.591: Application time: 0.0155570 seconds
153.591: [GC153.591: [DefNew: 15716K->15716K(18432K), 0.0000100 secs]153.591: [Tenured: 28673K->30127K(40960K), 0.0099240 secs] 44389K->30127K(59392K), [Perm : 6107K->6107K(21248K)], 0.0099830 secs] [Times: user=0.01 sys=0.00, real=0.01 secs] 
153.601: Total time for which application threads were stopped: 0.0101380 seconds, Stopping threads took: 0.0000810 seconds
153.608: Application time: 0.0072610 seconds
153.608: [GC153.608: [DefNew: 15679K->15679K(18432K), 0.0000090 secs]153.608: [Tenured: 30127K->30127K(40960K), 0.0088850 secs] 45807K->30127K(59392K), [Perm : 6107K->6107K(21248K)], 0.0089460 secs] [Times: user=0.01 sys=0.00, real=0.01 secs] 
153.617: Total time for which application threads were stopped: 0.0091480 seconds, Stopping threads took: 0.0001290 seconds
153.623: Application time: 0.0056400 seconds
153.623: [GC153.623: [DefNew: 15685K->15685K(18432K), 0.0000100 secs]153.623: [Tenured: 30127K->30840K(40960K), 0.0098940 secs] 45813K->30840K(59392K), [Perm : 6107K->6107K(21248K)], 0.0099570 secs] [Times: user=0.01 sys=0.00, real=0.01 secs] 
153.633: Total time for which application threads were stopped: 0.0101570 seconds, Stopping threads took: 0.0001270 seconds
153.638: Application time: 0.0045590 seconds
153.638: [GC153.638: [DefNew: 15677K->15677K(18432K), 0.0000090 secs]153.638: [Tenured: 30840K->28673K(40960K), 0.0104370 secs] 46517K->28673K(59392K), [Perm : 6107K->6107K(21248K)], 0.0104960 secs] [Times: user=0.01 sys=0.00, real=0.01 secs] 
153.648: Total time for which application threads were stopped: 0.0106820 seconds, Stopping threads took: 0.0001120 seconds
153.656: Application time: 0.0079980 seconds
153.657: [GC153.657: [DefNew: 15686K->15686K(18432K), 0.0000090 secs]153.657: [Tenured: 28673K->29386K(40960K), 0.0062640 secs] 44359K->29386K(59392K), [Perm : 6107K->6107K(21248K)], 0.0063190 secs] [Times: user=0.00 sys=0.00, real=0.00 secs] 
153.663: Total time for which application threads were stopped: 0.0064780 seconds, Stopping threads took: 0.0000890 seconds
153.670: Application time: 0.0073110 seconds
153.670: [GC153.670: [DefNew: 15679K->15679K(18432K), 0.0000100 secs]153.670: [Tenured: 29386K->28673K(40960K), 0.0060300 secs] 45065K->28673K(59392K), [Perm : 6107K->6107K(21248K)], 0.0060840 secs] [Times: user=0.01 sys=0.00, real=0.01 secs] 
153.676: Total time for which application threads were stopped: 0.0062960 seconds, Stopping threads took: 0.0001440 seconds
153.681: Application time: 0.0048540 seconds
153.681: [GC153.682: [DefNew: 15687K->15687K(18432K), 0.0000100 secs]153.682: [Tenured: 28673K->30812K(40960K), 0.0061190 secs] 44360K->30812K(59392K), [Perm : 6107K->6107K(21248K)], 0.0061780 secs] [Times: user=0.01 sys=0.00, real=0.01 secs] 
153.688: Total time for which application threads were stopped: 0.0063580 seconds, Stopping threads took: 0.0001110 seconds
153.691: Application time: 0.0036970 seconds
153.692: [GC153.692: [DefNew: 15679K->15679K(18432K), 0.0000090 secs]153.692: [Tenured: 30812K->28673K(40960K), 0.0068420 secs] 46491K->28673K(59392K), [Perm : 6107K->6107K(21248K)], 0.0068960 secs] [Times: user=0.00 sys=0.00, real=0.01 secs] 
153.698: Total time for which application threads were stopped: 0.0070490 seconds, Stopping threads took: 0.0000820 seconds
153.710: Application time: 0.0114190 seconds
153.710: [GC153.710: [DefNew: 15690K->15690K(18432K), 0.0000100 secs]153.710: [Tenured: 28673K->27960K(40960K), 0.0096440 secs] 44363K->27960K(59392K), [Perm : 6107K->6107K(21248K)], 0.0097030 secs] [Times: user=0.01 sys=0.00, real=0.01 secs] 
153.720: Total time for which application threads were stopped: 0.0099030 seconds, Stopping threads took: 0.0001290 seconds
153.764: Application time: 0.0443860 seconds
153.764: [GC153.764: [DefNew: 15718K->15718K(18432K), 0.0000120 secs]153.764: [Tenured: 27960K->27990K(40960K), 0.0102770 secs] 43679K->27990K(59392K), [Perm : 6107K->6107K(21248K)], 0.0103510 secs] [Times: user=0.01 sys=0.00, real=0.02 secs] 
153.775: Total time for which application threads were stopped: 0.0105460 seconds, Stopping threads took: 0.0001270 seconds
153.784: Application time: 0.0089600 seconds
153.784: [GC153.784: [DefNew: 15677K->15677K(18432K), 0.0000100 secs]153.784: [Tenured: 27990K->27990K(40960K), 0.0068550 secs] 43667K->27990K(59392K), [Perm : 6107K->6107K(21248K)], 0.0069110 secs] [Times: user=0.01 sys=0.00, real=0.01 secs] 
153.791: Total time for which application threads were stopped: 0.0071340 seconds, Stopping threads took: 0.0001360 seconds
153.797: Application time: 0.0064210 seconds
153.797: [GC153.797: [DefNew: 15683K->15683K(18432K), 0.0000100 secs]153.797: [Tenured: 27990K->27248K(40960K), 0.0101650 secs] 43673K->27248K(59392K), [Perm : 6107K->6107K(21248K)], 0.0102260 secs] [Times: user=0.01 sys=0.00, real=0.01 secs] 
153.808: Total time for which application threads were stopped: 0.0103750 seconds, Stopping threads took: 0.0000670 seconds
153.812: Application time: 0.0044520 seconds
153.812: [GC153.812: [DefNew: 15677K->15677K(18432K), 0.0000100 secs]153.812: [Tenured: 27248K->28673K(40960K), 0.0065000 secs] 42925K->28673K(59392K), [Perm : 6107K->6107K(21248K)], 0.0065560 secs] [Times: user=0.00 sys=0.00, real=0.01 secs] 
153.819: Total time for which application threads were stopped: 0.0067370 seconds, Stopping threads took: 0.0001130 seconds
153.827: Application time: 0.0077810 seconds
153.827: [GC153.827: [DefNew: 15689K->15689K(18432K), 0.0000100 secs]153.827: [Tenured: 28673K->27248K(40960K), 0.0097000 secs] 44363K->27248K(59392K), [Perm : 6107K->6107K(21248K)], 0.0097590 secs] [Times: user=0.01 sys=0.00, real=0.01 secs] 
153.837: Total time for which application threads were stopped: 0.0099380 seconds, Stopping threads took: 0.0001060 seconds
153.842: Application time: 0.0056340 seconds
153.842: [GC153.842: [DefNew: 15680K->15680K(18432K), 0.0000100 secs]153.842: [Tenured: 27248K->27248K(40960K), 0.0087830 secs] 42929K->27248K(59392K), [Perm : 6107K->6107K(21248K)], 0.0088410 secs] [Times: user=0.01 sys=0.00, real=0.01 secs] 
153.851: Total time for which application threads were stopped: 0.0089970 seconds, Stopping threads took: 0.0000850 seconds
153.858: Application time: 0.0064670 seconds
153.858: [GC153.859: [DefNew: 15684K->15684K(18432K), 0.0000100 secs]153.859: [Tenured: 27248K->25110K(40960K), 0.0095430 secs] 42932K->25110K(59392K), [Perm : 6107K->6107K(21248K)], 0.0096070 secs] [Times: user=0.01 sys=0.00, real=0.01 secs] 
153.868: Total time for which application threads were stopped: 0.0104950 seconds, Stopping threads took: 0.0007960 seconds
153.872: Application time: 0.0040690 seconds
153.872: [GC153.872: [DefNew: 15690K->1425K(18432K), 0.0021880 secs] 40800K->31524K(59392K), 0.0022270 secs] [Times: user=0.01 sys=0.00, real=0.01 secs] 
153.875: Total time for which application threads were stopped: 0.0024560 seconds, Stopping threads took: 0.0001430 seconds
153.878: Application time: 0.0036200 seconds
153.878: [GC153.878: [DefNew: 17105K->17105K(18432K), 0.0000090 secs]153.878: [Tenured: 30098K->27960K(40960K), 0.0090210 secs] 47204K->27960K(59392K), [Perm : 6107K->6107K(21248K)], 0.0090810 secs] [Times: user=0.00 sys=0.00, real=0.01 secs] 
153.888: Total time for which application threads were stopped: 0.0092210 seconds, Stopping threads took: 0.0000670 seconds
153.934: Application time: 0.0463010 seconds
153.934: [GC153.934: [DefNew: 15690K->15690K(18432K), 0.0000100 secs]153.934: [Tenured: 27960K->26535K(40960K), 0.0095590 secs] 43651K->26535K(59392K), [Perm : 6107K->6107K(21248K)], 0.0096180 secs] [Times: user=0.01 sys=0.00, real=0.00 secs] 
153.944: Total time for which application threads were stopped: 0.0097770 seconds, Stopping threads took: 0.0000790 seconds
153.975: Application time: 0.0318620 seconds
153.976: [GC153.976: [DefNew: 15689K->15689K(18432K), 0.0000100 secs]153.976: [Tenured: 26535K->27247K(40960K), 0.0096880 secs] 42225K->27247K(59392K), [Perm : 6107K->6107K(21248K)], 0.0097580 secs] [Times: user=0.01 sys=0.00, real=0.00 secs] 
153.985: Total time for which application threads were stopped: 0.0099470 seconds, Stopping threads took: 0.0001220 seconds
154.048: Application time: 0.0631060 seconds
154.049: [GC154.049: [DefNew: 15689K->15689K(18432K), 0.0000100 secs]154.049: [Tenured: 27247K->27247K(40960K), 0.0106220 secs] 42937K->27247K(59392K), [Perm : 6107K->6107K(21248K)], 0.0106820 secs] [Times: user=0.01 sys=0.00, real=0.01 secs] 
154.059: Total time for which application threads were stopped: 0.0109480 seconds, Stopping threads took: 0.0001620 seconds
154.126: Application time: 0.0665040 seconds
154.126: [GC154.126: [DefNew: 15689K->15689K(18432K), 0.0000090 secs]154.126: [Tenured: 27247K->27960K(40960K), 0.0092750 secs] 42937K->27960K(59392K), [Perm : 6107K->6107K(21248K)], 0.0093330 secs] [Times: user=0.00 sys=0.00, real=0.01 secs] 
154.135: Total time for which application threads were stopped: 0.0095000 seconds, Stopping threads took: 0.0000980 seconds
154.195: Application time: 0.0594650 seconds
154.195: [GC154.195: [DefNew: 15687K->15687K(18432K), 0.0000090 secs]154.195: [Tenured: 27960K->27960K(40960K), 0.0092950 secs] 43648K->27960K(59392K), [Perm : 6107K->6107K(21248K)], 0.0093550 secs] [Times: user=0.01 sys=0.00, real=0.00 secs] 
154.204: Total time for which application threads were stopped: 0.0094800 seconds, Stopping threads took: 0.0000580 seconds
154.239: Application time: 0.0342310 seconds
154.239: [GC154.239: [DefNew: 15716K->15716K(18432K), 0.0000100 secs]154.239: [Tenured: 27960K->24426K(40960K), 0.0096740 secs] 43676K->24426K(59392K), [Perm : 6107K->6107K(21248K)], 0.0097300 secs] [Times: user=0.01 sys=0.00, real=0.01 secs] 
154.249: Total time for which application threads were stopped: 0.0098700 seconds, Stopping threads took: 0.0000710 seconds
154.256: Application time: 0.0075480 seconds
154.256: [GC154.256: [DefNew: 15687K->1426K(18432K), 0.0015510 secs] 40113K->28702K(59392K), 0.0015870 secs] [Times: user=0.00 sys=0.00, real=0.00 secs] 
154.258: Total time for which application threads were stopped: 0.0017290 seconds, Stopping threads took: 0.0000760 seconds
154.265: Application time: 0.0075920 seconds
154.266: [GC154.266: [DefNew: 17109K->17109K(18432K), 0.0000090 secs]154.266: [Tenured: 27276K->27247K(40960K), 0.0102210 secs] 44386K->27247K(59392K), [Perm : 6107K->6107K(21248K)], 0.0102810 secs] [Times: user=0.01 sys=0.00, real=0.01 secs] 
154.276: Total time for which application threads were stopped: 0.0104370 seconds, Stopping threads took: 0.0000820 seconds
154.280: Application time: 0.0039880 seconds
154.280: [GC154.280: [DefNew: 15677K->15677K(18432K), 0.0000090 secs]154.280: [Tenured: 27247K->28672K(40960K), 0.0060580 secs] 42924K->28672K(59392K), [Perm : 6107K->6107K(21248K)], 0.0061150 secs] [Times: user=0.01 sys=0.00, real=0.01 secs] 
154.286: Total time for which application threads were stopped: 0.0062630 seconds, Stopping threads took: 0.0000790 seconds
154.294: Application time: 0.0076430 seconds
154.294: [GC154.294: [DefNew: 15685K->15685K(18432K), 0.0000090 secs]154.294: [Tenured: 28672K->27247K(40960K), 0.0069030 secs] 44358K->27247K(59392K), [Perm : 6107K->6107K(21248K)], 0.0069580 secs] [Times: user=0.01 sys=0.00, real=0.00 secs] 
154.301: Total time for which application threads were stopped: 0.0070910 seconds, Stopping threads took: 0.0000640 seconds
154.307: Application time: 0.0065810 seconds
154.308: [GC154.308: [DefNew: 15679K->15679K(18432K), 0.0000100 secs]154.308: [Tenured: 27247K->27960K(40960K), 0.0060270 secs] 42926K->27960K(59392K), [Perm : 6107K->6107K(21248K)], 0.0060830 secs] [Times: user=0.01 sys=0.00, real=0.01 secs] 
154.314: Total time for which application threads were stopped: 0.0062600 seconds, Stopping threads took: 0.0001000 seconds
154.320: Application time: 0.0064770 seconds
154.320: [GC154.320: [DefNew: 15688K->15688K(18432K), 0.0000100 secs]154.320: [Tenured: 27960K->27247K(40960K), 0.0104870 secs] 43648K->27247K(59392K), [Perm : 6107K->6107K(21248K)], 0.0105480 secs] [Times: user=0.01 sys=0.00, real=0.01 secs] 
154.331: Total time for which application threads were stopped: 0.0108350 seconds, Stopping threads took: 0.0001870 seconds
154.335: Application time: 0.0041880 seconds
154.335: [GC154.335: [DefNew: 15680K->15680K(18432K), 0.0000100 secs]154.335: [Tenured: 27247K->28673K(40960K), 0.0072000 secs] 42928K->28673K(59392K), [Perm : 6107K->6107K(21248K)], 0.0072560 secs] [Times: user=0.01 sys=0.00, real=0.00 secs] 
154.343: Total time for which application threads were stopped: 0.0075210 seconds, Stopping threads took: 0.0001720 seconds
154.347: Application time: 0.0039030 seconds
154.347: [GC154.347: [DefNew: 15678K->15678K(18432K), 0.0000100 secs]154.347: [Tenured: 28673K->27247K(40960K), 0.0074350 secs] 44351K->27247K(59392K), [Perm : 6107K->6107K(21248K)], 0.0074880 secs] [Times: user=0.01 sys=0.00, real=0.01 secs] 
154.354: Total time for which application threads were stopped: 0.0076680 seconds, Stopping threads took: 0.0001130 seconds
154.370: Application time: 0.0152480 seconds
154.371: [GC154.371: [DefNew: 15726K->15726K(18432K), 0.0000100 secs]154.371: [Tenured: 27247K->25851K(40960K), 0.0097480 secs] 42974K->25851K(59392K), [Perm : 6107K->6107K(21248K)], 0.0098090 secs] [Times: user=0.01 sys=0.00, real=0.01 secs] 
154.380: Total time for which application threads were stopped: 0.0108490 seconds, Stopping threads took: 0.0009580 seconds
154.387: Application time: 0.0067640 seconds
154.387: [GC154.387: [DefNew: 15679K->15679K(18432K), 0.0000090 secs]154.387: [Tenured: 25851K->25822K(40960K), 0.0103230 secs] 41531K->25822K(59392K), [Perm : 6107K->6107K(21248K)], 0.0103790 secs] [Times: user=0.01 sys=0.00, real=0.01 secs] 
154.398: Total time for which application threads were stopped: 0.0105570 seconds, Stopping threads took: 0.0000970 seconds
154.403: Application time: 0.0057340 seconds
154.404: [GC154.404: [DefNew: 15687K->15687K(18432K), 0.0000110 secs]154.404: [Tenured: 25822K->25109K(40960K), 0.0105380 secs] 41510K->25109K(59392K), [Perm : 6107K->6107K(21248K)], 0.0106000 secs] [Times: user=0.01 sys=0.00, real=0.02 secs] 
154.414: Total time for which application threads were stopped: 0.0109560 seconds, Stopping threads took: 0.0002650 seconds
154.418: Application time: 0.0040570 seconds
154.419: [GC154.419: [DefNew: 15677K->1425K(18432K), 0.0006540 secs] 40787K->26534K(59392K), 0.0006830 secs] [Times: user=0.00 sys=0.00, real=0.00 secs] 
154.419: Total time for which application threads were stopped: 0.0008580 seconds, Stopping threads took: 0.0000990 seconds
154.427: Application time: 0.0076530 seconds
154.427: [GC154.427: [DefNew: 17110K->17110K(18432K), 0.0000100 secs]154.427: [Tenured: 25109K->25822K(40960K), 0.0065530 secs] 42220K->25822K(59392K), [Perm : 6107K->6107K(21248K)], 0.0066090 secs] [Times: user=0.00 sys=0.00, real=0.01 secs] 
154.434: Total time for which application threads were stopped: 0.0067550 seconds, Stopping threads took: 0.0000800 seconds
154.440: Application time: 0.0065900 seconds
154.440: [GC154.441: [DefNew: 15679K->15679K(18432K), 0.0000100 secs]154.441: [Tenured: 25822K->27247K(40960K), 0.0065520 secs] 41501K->27247K(59392K), [Perm : 6107K->6107K(21248K)], 0.0066100 secs] [Times: user=0.00 sys=0.00, real=0.01 secs] 
154.447: Total time for which application threads were stopped: 0.0068100 seconds, Stopping threads took: 0.0001310 seconds
154.453: Application time: 0.0062200 seconds
154.453: [GC154.453: [DefNew: 15687K->15687K(18432K), 0.0000100 secs]154.454: [Tenured: 27247K->25822K(40960K), 0.0074820 secs] 42934K->25822K(59392K), [Perm : 6107K->6107K(21248K)], 0.0075400 secs] [Times: user=0.01 sys=0.00, real=0.00 secs] 
154.461: Total time for which application threads were stopped: 0.0077090 seconds, Stopping threads took: 0.0000970 seconds
154.465: Application time: 0.0037330 seconds
154.465: [GC154.465: [DefNew: 15679K->15679K(18432K), 0.0000090 secs]154.465: [Tenured: 25822K->27247K(40960K), 0.0061040 secs] 41502K->27247K(59392K), [Perm : 6107K->6107K(21248K)], 0.0061570 secs] [Times: user=0.00 sys=0.00, real=0.01 secs] 
154.471: Total time for which application threads were stopped: 0.0063190 seconds, Stopping threads took: 0.0000850 seconds
154.480: Application time: 0.0086730 seconds
154.480: [GC154.480: [DefNew: 15688K->15688K(18432K), 0.0000100 secs]154.480: [Tenured: 27247K->25822K(40960K), 0.0068500 secs] 42936K->25822K(59392K), [Perm : 6107K->6107K(21248K)], 0.0069020 secs] [Times: user=0.01 sys=0.00, real=0.01 secs] 
154.487: Total time for which application threads were stopped: 0.0070350 seconds, Stopping threads took: 0.0000680 seconds
154.524: Application time: 0.0369550 seconds
154.524: [GC154.524: [DefNew: 15748K->15748K(18432K), 0.0000090 secs]154.524: [Tenured: 25822K->20889K(40960K), 0.0098760 secs] 41571K->20889K(59392K), [Perm : 6107K->6107K(21248K)], 0.0099330 secs] [Times: user=0.01 sys=0.00, real=0.02 secs] 
154.534: Total time for which application threads were stopped: 0.0103360 seconds, Stopping threads took: 0.0003350 seconds
154.539: Application time: 0.0051630 seconds
154.540: [GC154.540: [DefNew: 16201K->1462K(18432K), 0.0008160 secs] 37091K->23064K(59392K), 0.0008480 secs] [Times: user=0.00 sys=0.00, real=0.00 secs] 
154.541: Total time for which application threads were stopped: 0.0016680 seconds, Stopping threads took: 0.0007400 seconds
154.546: Application time: 0.0053070 seconds
154.546: [GC154.546: [DefNew: 17327K->1434K(18432K), 0.0009840 secs] 38929K->24491K(59392K), 0.0010170 secs] [Times: user=0.00 sys=0.00, real=0.00 secs] 
154.547: Total time for which application threads were stopped: 0.0012260 seconds, Stopping threads took: 0.0001280 seconds
154.552: Application time: 0.0048380 seconds
154.553: [GC154.553: [DefNew: 17160K->1425K(18432K), 0.0011280 secs] 40217K->26620K(59392K), 0.0011610 secs] [Times: user=0.00 sys=0.00, real=0.01 secs] 
154.554: Total time for which application threads were stopped: 0.0020310 seconds, Stopping threads took: 0.0007980 seconds
154.558: Application time: 0.0038080 seconds
154.559: [GC154.559: [DefNew: 17113K->1425K(18432K), 0.0011420 secs] 42308K->28758K(59392K), 0.0011740 secs] [Times: user=0.01 sys=0.00, real=0.00 secs] 
154.560: Total time for which application threads were stopped: 0.0022350 seconds, Stopping threads took: 0.0009880 seconds
154.564: Application time: 0.0034700 seconds
154.564: [GC154.564: [DefNew: 17113K->1425K(18432K), 0.0014110 secs] 44446K->31609K(59392K), 0.0014460 secs] [Times: user=0.00 sys=0.00, real=0.01 secs] 
154.566: Total time for which application threads were stopped: 0.0018220 seconds, Stopping threads took: 0.0003110 seconds
154.569: Application time: 0.0036760 seconds
154.570: [GC154.570: [DefNew: 17107K->17107K(18432K), 0.0000100 secs]154.570: [Tenured: 30183K->21547K(40960K), 0.0103490 secs] 47291K->21547K(59392K), [Perm : 6107K->6107K(21248K)], 0.0104090 secs] [Times: user=0.01 sys=0.00, real=0.01 secs] 
154.580: Total time for which application threads were stopped: 0.0107020 seconds, Stopping threads took: 0.0002230 seconds
154.584: Application time: 0.0037710 seconds
154.584: [GC154.584: [DefNew: 15683K->1425K(18432K), 0.0014480 secs] 37230K->25822K(59392K), 0.0014820 secs] [Times: user=0.00 sys=0.00, real=0.01 secs] 
154.586: Total time for which application threads were stopped: 0.0017880 seconds, Stopping threads took: 0.0002220 seconds
154.589: Application time: 0.0038370 seconds
154.590: [GC154.590: [DefNew: 17108K->1425K(18432K), 0.0013410 secs] 41505K->28672K(59392K), 0.0013770 secs] [Times: user=0.01 sys=0.00, real=0.00 secs] 
154.591: Total time for which application threads were stopped: 0.0019950 seconds, Stopping threads took: 0.0005460 seconds
154.595: Application time: 0.0039690 seconds
154.596: [GC154.596: [DefNew: 17119K->1426K(18432K), 0.0012300 secs] 44366K->30811K(59392K), 0.0012630 secs] [Times: user=0.00 sys=0.00, real=0.00 secs] 
154.597: Total time for which application threads were stopped: 0.0014330 seconds, Stopping threads took: 0.0001090 seconds
154.600: Application time: 0.0035160 seconds
154.601: [GC154.601: [DefNew: 17114K->1426K(18432K), 0.0009540 secs] 46499K->32237K(59392K), 0.0009840 secs] [Times: user=0.00 sys=0.00, real=0.00 secs] 
154.602: Total time for which application threads were stopped: 0.0020240 seconds, Stopping threads took: 0.0009630 seconds
154.606: Application time: 0.0034460 seconds
154.606: [GC154.607: [DefNew: 17108K->1425K(18432K), 0.0011440 secs] 47919K->34375K(59392K), 0.0011750 secs] [Times: user=0.00 sys=0.00, real=0.00 secs] 
154.608: Total time for which application threads were stopped: 0.0018020 seconds, Stopping threads took: 0.0005480 seconds
154.612: Application time: 0.0038480 seconds
154.613: [GC154.613: [DefNew: 17111K->17111K(18432K), 0.0000100 secs]154.613: [Tenured: 32950K->20834K(40960K), 0.0097830 secs] 50061K->20834K(59392K), [Perm : 6107K->6107K(21248K)], 0.0098430 secs] [Times: user=0.01 sys=0.00, real=0.01 secs] 
154.623: Total time for which application threads were stopped: 0.0111480 seconds, Stopping threads took: 0.0012360 seconds
154.626: Application time: 0.0036760 seconds
154.627: [GC154.628: [DefNew: 15682K->1425K(18432K), 0.0011110 secs] 36517K->24397K(59392K), 0.0011440 secs] [Times: user=0.00 sys=0.00, real=0.00 secs] 
154.629: Total time for which application threads were stopped: 0.0022790 seconds, Stopping threads took: 0.0010730 seconds
154.632: Application time: 0.0036780 seconds
154.633: [GC154.633: [DefNew: 17115K->1426K(18432K), 0.0014520 secs] 40087K->27249K(59392K), 0.0014860 secs] [Times: user=0.00 sys=0.00, real=0.01 secs] 
154.634: Total time for which application threads were stopped: 0.0018730 seconds, Stopping threads took: 0.0003220 seconds
154.638: Application time: 0.0038040 seconds
154.639: [GC154.639: [DefNew: 17110K->1425K(18432K), 0.0006800 secs] 42933K->27961K(59392K), 0.0007090 secs] [Times: user=0.00 sys=0.00, real=0.00 secs] 
154.640: Total time for which application threads were stopped: 0.0014740 seconds, Stopping threads took: 0.0006900 seconds
154.643: Application time: 0.0036090 seconds
154.644: [GC154.644: [DefNew: 17122K->1427K(18432K), 0.0009830 secs] 43658K->29388K(59392K), 0.0010120 secs] [Times: user=0.00 sys=0.00, real=0.00 secs] 
154.645: Total time for which application threads were stopped: 0.0020840 seconds, Stopping threads took: 0.0009930 seconds
154.649: Application time: 0.0033500 seconds
154.649: [GC154.649: [DefNew: 17111K->1425K(18432K), 0.0009780 secs] 45073K->30813K(59392K), 0.0010090 secs] [Times: user=0.00 sys=0.00, real=0.00 secs] 
154.650: Total time for which application threads were stopped: 0.0014640 seconds, Stopping threads took: 0.0003840 seconds
154.653: Application time: 0.0034670 seconds
154.654: [GC154.654: [DefNew: 17109K->1425K(18432K), 0.0006990 secs] 46497K->31526K(59392K), 0.0007280 secs] [Times: user=0.00 sys=0.00, real=0.00 secs] 
154.655: Total time for which application threads were stopped: 0.0016140 seconds, Stopping threads took: 0.0008120 seconds
154.659: Application time: 0.0036530 seconds
154.659: [GC154.659: [DefNew: 17110K->1425K(18432K), 0.0011230 secs] 47212K->33664K(59392K), 0.0011530 secs] [Times: user=0.00 sys=0.00, real=0.00 secs] 
154.660: Total time for which application threads were stopped: 0.0016050 seconds, Stopping threads took: 0.0003900 seconds
154.664: Application time: 0.0034420 seconds
154.664: [GC154.664: [DefNew: 17108K->1425K(18432K), 0.0011280 secs] 49347K->35801K(59392K), 0.0011600 secs] [Times: user=0.00 sys=0.00, real=0.00 secs] 
154.665: Total time for which application threads were stopped: 0.0015890 seconds, Stopping threads took: 0.0003480 seconds
154.669: Application time: 0.0035130 seconds
154.670: [GC154.670: [DefNew: 17107K->1425K(18432K), 0.0006970 secs] 51484K->36514K(59392K), 0.0007250 secs] [Times: user=0.00 sys=0.00, real=0.00 secs] 
154.670: Total time for which application threads were stopped: 0.0014100 seconds, Stopping threads took: 0.0006070 seconds
154.674: Application time: 0.0037130 seconds
154.674: [GC154.674: [DefNew: 17123K->1426K(18432K), 0.0009700 secs] 52212K->37941K(59392K), 0.0009980 secs] [Times: user=0.00 sys=0.00, real=0.00 secs] 
154.675: Total time for which application threads were stopped: 0.0013460 seconds, Stopping threads took: 0.0002710 seconds
154.679: Application time: 0.0035470 seconds
154.679: [GC154.679: [DefNew: 17118K->17118K(18432K), 0.0000110 secs]154.679: [Tenured: 36514K->23685K(40960K), 0.0093750 secs] 53633K->23685K(59392K), [Perm : 6107K->6107K(21248K)], 0.0094440 secs] [Times: user=0.01 sys=0.00, real=0.01 secs] 
154.689: Total time for which application threads were stopped: 0.0095920 seconds, Stopping threads took: 0.0000750 seconds
154.692: Application time: 0.0037440 seconds
154.692: [GC154.692: [DefNew: 15678K->712K(18432K), 0.0003890 secs] 39363K->24397K(59392K), 0.0004160 secs] [Times: user=0.00 sys=0.00, real=0.00 secs] 
154.693: Total time for which application threads were stopped: 0.0005510 seconds, Stopping threads took: 0.0000770 seconds
154.761: Application time: 0.0686120 seconds
154.762: [GC154.762: [DefNew: 16418K->1426K(18432K), 0.0041690 secs] 40103K->38649K(59392K), 0.0042080 secs] [Times: user=0.00 sys=0.00, real=0.01 secs] 
154.766: Total time for which application threads were stopped: 0.0043410 seconds, Stopping threads took: 0.0000670 seconds
154.839: Application time: 0.0728690 seconds
154.839: [GC154.839: [DefNew: 17118K->17118K(18432K), 0.0000090 secs]154.839: [Tenured: 37222K->24398K(40960K), 0.0096160 secs] 54341K->24398K(59392K), [Perm : 6107K->6107K(21248K)], 0.0096720 secs] [Times: user=0.01 sys=0.00, real=0.01 secs] 
154.848: Total time for which application threads were stopped: 0.0098000 seconds, Stopping threads took: 0.0000600 seconds
154.907: Application time: 0.0588740 seconds
154.908: [GC154.908: [DefNew: 15691K->1425K(18432K), 0.0045090 secs] 40089K->40073K(59392K), 0.0045480 secs] [Times: user=0.01 sys=0.00, real=0.00 secs] 
154.912: Total time for which application threads were stopped: 0.0047210 seconds, Stopping threads took: 0.0001060 seconds
154.984: Application time: 0.0714510 seconds
154.984: [GC154.984: [DefNew: 17122K->17122K(18432K), 0.0000090 secs]154.984: [Tenured: 38648K->24397K(40960K), 0.0101420 secs] 55771K->24397K(59392K), [Perm : 6107K->6107K(21248K)], 0.0101980 secs] [Times: user=0.01 sys=0.00, real=0.02 secs] 
154.994: Total time for which application threads were stopped: 0.0103230 seconds, Stopping threads took: 0.0000570 seconds
155.044: Application time: 0.0503140 seconds
155.044: [GC155.044: [DefNew: 15691K->1425K(18432K), 0.0045590 secs] 40088K->40072K(59392K), 0.0045970 secs] [Times: user=0.01 sys=0.00, real=0.01 secs] 
155.049: Total time for which application threads were stopped: 0.0047350 seconds, Stopping threads took: 0.0000710 seconds
155.120: Application time: 0.0710620 seconds
155.120: [GC155.120: [DefNew: 17122K->17122K(18432K), 0.0000100 secs]155.120: [Tenured: 38647K->25823K(40960K), 0.0093210 secs] 55770K->25823K(59392K), [Perm : 6107K->6107K(21248K)], 0.0093790 secs] [Times: user=0.01 sys=0.00, real=0.01 secs] 
155.130: Total time for which application threads were stopped: 0.0095300 seconds, Stopping threads took: 0.0000730 seconds
155.206: Application time: 0.0765680 seconds
155.206: [GC155.206: [DefNew: 15689K->15689K(18432K), 0.0000090 secs]155.206: [Tenured: 25823K->25823K(40960K), 0.0092490 secs] 41512K->25823K(59392K), [Perm : 6107K->6107K(21248K)], 0.0093070 secs] [Times: user=0.01 sys=0.00, real=0.01 secs] 
155.216: Total time for which application threads were stopped: 0.0094470 seconds, Stopping threads took: 0.0000710 seconds
155.290: Application time: 0.0741740 seconds
155.290: [GC155.290: [DefNew: 15689K->1425K(18432K), 0.0039090 secs] 41512K->39360K(59392K), 0.0039460 secs] [Times: user=0.00 sys=0.00, real=0.01 secs] 
155.294: Total time for which application threads were stopped: 0.0040830 seconds, Stopping threads took: 0.0000720 seconds
155.363: Application time: 0.0696460 seconds
155.364: [GC155.364: [DefNew: 17116K->17116K(18432K), 0.0000100 secs]155.364: [Tenured: 37935K->26535K(40960K), 0.0091700 secs] 55052K->26535K(59392K), [Perm : 6107K->6107K(21248K)], 0.0092270 secs] [Times: user=0.01 sys=0.00, real=0.01 secs] 
155.373: Total time for which application threads were stopped: 0.0093530 seconds, Stopping threads took: 0.0000570 seconds
155.446: Application time: 0.0734290 seconds
155.446: [GC155.446: [DefNew: 15691K->15691K(18432K), 0.0000100 secs]155.446: [Tenured: 26535K->25822K(40960K), 0.0100330 secs] 42227K->25822K(59392K), [Perm : 6107K->6107K(21248K)], 0.0101010 secs] [Times: user=0.01 sys=0.00, real=0.01 secs] 
155.456: Total time for which application threads were stopped: 0.0102260 seconds, Stopping threads took: 0.0000580 seconds
155.508: Application time: 0.0518300 seconds
155.509: [GC155.509: [DefNew: 15704K->15704K(18432K), 0.0000100 secs]155.509: [Tenured: 25822K->25824K(40960K), 0.0107950 secs] 41526K->25824K(59392K), [Perm : 6107K->6107K(21248K)], 0.0108490 secs] [Times: user=0.01 sys=0.00, real=0.01 secs] 
155.519: Total time for which application threads were stopped: 0.0111210 seconds, Stopping threads took: 0.0001850 seconds
155.583: Application time: 0.0640820 seconds
155.584: [GC155.584: [DefNew: 15691K->15691K(18432K), 0.0000100 secs]155.584: [Tenured: 25824K->27961K(40960K), 0.0096080 secs] 41515K->27961K(59392K), [Perm : 6107K->6107K(21248K)], 0.0096670 secs] [Times: user=0.01 sys=0.00, real=0.01 secs] 
155.593: Total time for which application threads were stopped: 0.0098320 seconds, Stopping threads took: 0.0000840 seconds
155.667: Application time: 0.0737550 seconds
155.667: [GC155.667: [DefNew: 15691K->15691K(18432K), 0.0000110 secs]155.667: [Tenured: 27961K->27249K(40960K), 0.0099550 secs] 43653K->27249K(59392K), [Perm : 6107K->6107K(21248K)], 0.0100140 secs] [Times: user=0.01 sys=0.00, real=0.01 secs] 
155.677: Total time for which application threads were stopped: 0.0101570 seconds, Stopping threads took: 0.0000600 seconds
155.743: Application time: 0.0656040 seconds
155.743: [GC155.743: [DefNew: 15719K->15719K(18432K), 0.0000110 secs]155.743: [Tenured: 27249K->25822K(40960K), 0.0113110 secs] 42968K->25822K(59392K), [Perm : 6107K->6107K(21248K)], 0.0113710 secs] [Times: user=0.01 sys=0.00, real=0.02 secs] 
155.754: Total time for which application threads were stopped: 0.0115070 seconds, Stopping threads took: 0.0000630 seconds
155.825: Application time: 0.0703570 seconds
155.825: [GC155.825: [DefNew: 15691K->1425K(18432K), 0.0045710 secs] 41513K->41497K(59392K), 0.0046110 secs] [Times: user=0.00 sys=0.00, real=0.01 secs] 
155.830: Total time for which application threads were stopped: 0.0047920 seconds, Stopping threads took: 0.0000930 seconds
155.899: Application time: 0.0696870 seconds
155.899: [GC155.899: [DefNew: 17116K->17116K(18432K), 0.0000100 secs]155.899: [Tenured: 40072K->29384K(40960K), 0.0097900 secs] 57189K->29384K(59392K), [Perm : 6107K->6107K(21248K)], 0.0098520 secs] [Times: user=0.01 sys=0.00, real=0.01 secs] 
155.909: Total time for which application threads were stopped: 0.0100540 seconds, Stopping threads took: 0.0001140 seconds
155.981: Application time: 0.0717420 seconds
155.981: [GC155.981: [DefNew: 15700K->15700K(18432K), 0.0000100 secs]155.981: [Tenured: 29384K->28673K(40960K), 0.0111170 secs] 45085K->28673K(59392K), [Perm : 6107K->6107K(21248K)], 0.0111770 secs] [Times: user=0.01 sys=0.00, real=0.01 secs] 
155.992: Total time for which application threads were stopped: 0.0113900 seconds, Stopping threads took: 0.0001240 seconds
156.044: Application time: 0.0518590 seconds
156.044: [GC156.044: [DefNew: 15689K->15689K(18432K), 0.0000100 secs]156.044: [Tenured: 28673K->30098K(40960K), 0.0093510 secs] 44362K->30098K(59392K), [Perm : 6107K->6107K(21248K)], 0.0094060 secs] [Times: user=0.01 sys=0.00, real=0.02 secs] 
156.054: Total time for which application threads were stopped: 0.0095360 seconds, Stopping threads took: 0.0000620 seconds
156.100: Application time: 0.0457750 seconds
156.100: [GC156.100: [DefNew: 15698K->15698K(18432K), 0.0000110 secs]156.100: [Tenured: 30098K->26534K(40960K), 0.0124230 secs] 45796K->26534K(59392K), [Perm : 6107K->6107K(21248K)], 0.0124870 secs] [Times: user=0.02 sys=0.00, real=0.01 secs] 
156.112: Total time for which application threads were stopped: 0.0126540 seconds, Stopping threads took: 0.0000970 seconds
156.173: Application time: 0.0603010 seconds
156.173: [GC156.173: [DefNew: 15689K->15689K(18432K), 0.0000110 secs]156.173: [Tenured: 26534K->27960K(40960K), 0.0109860 secs] 42224K->27960K(59392K), [Perm : 6107K->6107K(21248K)], 0.0110560 secs] [Times: user=0.01 sys=0.00, real=0.01 secs] 
156.184: Total time for which application threads were stopped: 0.0113620 seconds, Stopping threads took: 0.0002240 seconds
156.254: Application time: 0.0704950 seconds
156.255: [GC156.255: [DefNew: 15689K->15689K(18432K), 0.0000100 secs]156.255: [Tenured: 27960K->27247K(40960K), 0.0099170 secs] 43649K->27247K(59392K), [Perm : 6107K->6107K(21248K)], 0.0099740 secs] [Times: user=0.01 sys=0.00, real=0.00 secs] 
156.265: Total time for which application threads were stopped: 0.0101500 seconds, Stopping threads took: 0.0000880 seconds
156.334: Application time: 0.0697300 seconds
156.334: [GC156.334: [DefNew: 15689K->15689K(18432K), 0.0000100 secs]156.334: [Tenured: 27247K->25822K(40960K), 0.0091050 secs] 42937K->25822K(59392K), [Perm : 6107K->6107K(21248K)], 0.0091670 secs] [Times: user=0.01 sys=0.00, real=0.00 secs] 
156.344: Total time for which application threads were stopped: 0.0093600 seconds, Stopping threads took: 0.0001250 seconds
156.393: Application time: 0.0490350 seconds
156.393: [GC156.393: [DefNew: 15691K->15691K(18432K), 0.0000100 secs]156.393: [Tenured: 25822K->27247K(40960K), 0.0095360 secs] 41514K->27247K(59392K), [Perm : 6107K->6107K(21248K)], 0.0095940 secs] [Times: user=0.01 sys=0.00, real=0.01 secs] 
156.402: Total time for which application threads were stopped: 0.0097540 seconds, Stopping threads took: 0.0000930 seconds
156.472: Application time: 0.0692130 seconds
156.472: [GC156.472: [DefNew: 15689K->15689K(18432K), 0.0000100 secs]156.472: [Tenured: 27247K->27247K(40960K), 0.0091350 secs] 42937K->27247K(59392K), [Perm : 6107K->6107K(21248K)], 0.0091950 secs] [Times: user=0.01 sys=0.00, real=0.01 secs] 
156.481: Total time for which application threads were stopped: 0.0093310 seconds, Stopping threads took: 0.0000680 seconds
156.523: Application time: 0.0417260 seconds
156.523: [GC156.523: [DefNew: 15705K->15705K(18432K), 0.0000100 secs]156.523: [Tenured: 27247K->26535K(40960K), 0.0106600 secs] 42953K->26535K(59392K), [Perm : 6107K->6107K(21248K)], 0.0107180 secs] [Times: user=0.02 sys=0.00, real=0.02 secs] 
156.534: Total time for which application threads were stopped: 0.0108560 seconds, Stopping threads took: 0.0000650 seconds
156.598: Application time: 0.0639750 seconds
156.598: [GC156.598: [DefNew: 15690K->15690K(18432K), 0.0000100 secs]156.598: [Tenured: 26535K->25823K(40960K), 0.0089620 secs] 42225K->25823K(59392K), [Perm : 6107K->6107K(21248K)], 0.0090210 secs] [Times: user=0.01 sys=0.00, real=0.01 secs] 
156.607: Total time for which application threads were stopped: 0.0091650 seconds, Stopping threads took: 0.0000740 seconds
156.679: Application time: 0.0722370 seconds
156.679: [GC156.679: [DefNew: 15687K->15687K(18432K), 0.0000100 secs]156.679: [Tenured: 25823K->25822K(40960K), 0.0112690 secs] 41510K->25822K(59392K), [Perm : 6107K->6107K(21248K)], 0.0113260 secs] [Times: user=0.01 sys=0.00, real=0.01 secs] 
156.690: Total time for which application threads were stopped: 0.0114710 seconds, Stopping threads took: 0.0000590 seconds
156.719: Application time: 0.0285750 seconds
156.719: [GC156.719: [DefNew: 15705K->15705K(18432K), 0.0000100 secs]156.719: [Tenured: 25822K->25110K(40960K), 0.0114890 secs] 41528K->25110K(59392K), [Perm : 6107K->6107K(21248K)], 0.0115500 secs] [Times: user=0.01 sys=0.00, real=0.01 secs] 
156.731: Total time for which application threads were stopped: 0.0117140 seconds, Stopping threads took: 0.0000940 seconds
156.789: Application time: 0.0580570 seconds
156.789: [GC156.789: [DefNew: 15705K->1426K(18432K), 0.0034820 secs] 40816K->37226K(59392K), 0.0035220 secs] [Times: user=0.00 sys=0.00, real=0.00 secs] 
156.792: Total time for which application threads were stopped: 0.0036840 seconds, Stopping threads took: 0.0000930 seconds
156.856: Application time: 0.0636120 seconds
156.856: [GC156.856: [DefNew: 17115K->17115K(18432K), 0.0000180 secs]156.856: [Tenured: 35799K->23685K(40960K), 0.0100860 secs] 52914K->23685K(59392K), [Perm : 6107K->6107K(21248K)], 0.0101540 secs] [Times: user=0.01 sys=0.00, real=0.01 secs] 
156.866: Total time for which application threads were stopped: 0.0103340 seconds, Stopping threads took: 0.0001100 seconds
156.908: Application time: 0.0418360 seconds
156.908: [GC156.908: [DefNew: 15688K->1425K(18432K), 0.0034900 secs] 39373K->35799K(59392K), 0.0035300 secs] [Times: user=0.00 sys=0.00, real=0.00 secs] 
156.912: Total time for which application threads were stopped: 0.0036870 seconds, Stopping threads took: 0.0000800 seconds
156.956: Application time: 0.0437890 seconds
156.956: [GC156.956: [DefNew: 17113K->17113K(18432K), 0.0000110 secs]156.956: [Tenured: 34374K->26536K(40960K), 0.0101500 secs] 51487K->26536K(59392K), [Perm : 6107K->6107K(21248K)], 0.0102090 secs] [Times: user=0.01 sys=0.00, real=0.01 secs] 
156.966: Total time for which application threads were stopped: 0.0103560 seconds, Stopping threads took: 0.0000760 seconds
157.036: Application time: 0.0701190 seconds
157.036: [GC157.036: [DefNew: 15697K->15697K(18432K), 0.0000100 secs]157.036: [Tenured: 26536K->24398K(40960K), 0.0099220 secs] 42233K->24398K(59392K), [Perm : 6107K->6107K(21248K)], 0.0099790 secs] [Times: user=0.01 sys=0.00, real=0.01 secs] 
157.046: Total time for which application threads were stopped: 0.0101060 seconds, Stopping threads took: 0.0000570 seconds
157.081: Application time: 0.0349100 seconds
157.081: [GC157.081: [DefNew: 15690K->1425K(18432K), 0.0035360 secs] 40089K->36512K(59392K), 0.0035800 secs] [Times: user=0.00 sys=0.00, real=0.00 secs] 
157.085: Total time for which application threads were stopped: 0.0037890 seconds, Stopping threads took: 0.0001410 seconds
157.143: Application time: 0.0579600 seconds
157.143: [GC157.143: [DefNew: 17124K->17124K(18432K), 0.0000100 secs]157.143: [Tenured: 35087K->25112K(40960K), 0.0093370 secs] 52211K->25112K(59392K), [Perm : 6107K->6107K(21248K)], 0.0093960 secs] [Times: user=0.01 sys=0.00, real=0.01 secs] 
157.152: Total time for which application threads were stopped: 0.0095300 seconds, Stopping threads took: 0.0000640 seconds
157.203: Application time: 0.0503610 seconds
157.203: [GC157.203: [DefNew: 15688K->1425K(18432K), 0.0036080 secs] 40800K->37226K(59392K), 0.0036480 secs] [Times: user=0.00 sys=0.00, real=0.01 secs] 
157.207: Total time for which application threads were stopped: 0.0037910 seconds, Stopping threads took: 0.0000650 seconds
157.248: Application time: 0.0410010 seconds
157.248: [GC157.248: [DefNew: 17113K->17113K(18432K), 0.0000090 secs]157.248: [Tenured: 35800K->25824K(40960K), 0.0092580 secs] 52914K->25824K(59392K), [Perm : 6107K->6107K(21248K)], 0.0093150 secs] [Times: user=0.01 sys=0.00, real=0.01 secs] 
157.257: Total time for which application threads were stopped: 0.0095350 seconds, Stopping threads took: 0.0001400 seconds
157.314: Application time: 0.0568830 seconds
157.314: [GC157.314: [DefNew: 15688K->15688K(18432K), 0.0000090 secs]157.314: [Tenured: 25824K->26537K(40960K), 0.0093330 secs] 41513K->26537K(59392K), [Perm : 6107K->6107K(21248K)], 0.0093900 secs] [Times: user=0.01 sys=0.00, real=0.00 secs] 
157.324: Total time for which application threads were stopped: 0.0095270 seconds, Stopping threads took: 0.0000670 seconds
157.388: Application time: 0.0641880 seconds
157.388: [GC157.388: [DefNew: 15688K->15688K(18432K), 0.0000110 secs]157.388: [Tenured: 26537K->25824K(40960K), 0.0108900 secs] 42226K->25824K(59392K), [Perm : 6107K->6107K(21248K)], 0.0109500 secs] [Times: user=0.01 sys=0.00, real=0.01 secs] 
157.399: Total time for which application threads were stopped: 0.0110850 seconds, Stopping threads took: 0.0000630 seconds
157.427: Application time: 0.0281710 seconds
157.427: [GC157.427: [DefNew: 15688K->15688K(18432K), 0.0000090 secs]157.427: [Tenured: 25824K->26536K(40960K), 0.0100640 secs] 41512K->26536K(59392K), [Perm : 6107K->6107K(21248K)], 0.0101240 secs] [Times: user=0.01 sys=0.00, real=0.01 secs] 
157.437: Total time for which application threads were stopped: 0.0103270 seconds, Stopping threads took: 0.0001150 seconds
157.504: Application time: 0.0670090 seconds
157.505: [GC157.505: [DefNew: 15688K->15688K(18432K), 0.0000100 secs]157.505: [Tenured: 26536K->25824K(40960K), 0.0106650 secs] 42225K->25824K(59392K), [Perm : 6107K->6107K(21248K)], 0.0107340 secs] [Times: user=0.01 sys=0.00, real=0.02 secs] 
157.515: Total time for which application threads were stopped: 0.0109380 seconds, Stopping threads took: 0.0001150 seconds
157.569: Application time: 0.0537640 seconds
157.569: [GC157.569: [DefNew: 15705K->15705K(18432K), 0.0000090 secs]157.569: [Tenured: 25824K->26538K(40960K), 0.0099860 secs] 41529K->26538K(59392K), [Perm : 6107K->6107K(21248K)], 0.0100470 secs] [Times: user=0.01 sys=0.00, real=0.01 secs] 
157.579: Total time for which application threads were stopped: 0.0101820 seconds, Stopping threads took: 0.0000650 seconds
157.616: Application time: 0.0364140 seconds
157.616: [GC157.616: [DefNew: 15688K->15688K(18432K), 0.0000100 secs]157.616: [Tenured: 26538K->26536K(40960K), 0.0100900 secs] 42227K->26536K(59392K), [Perm : 6107K->6107K(21248K)], 0.0101470 secs] [Times: user=0.01 sys=0.00, real=0.01 secs] 
157.626: Total time for which application threads were stopped: 0.0102840 seconds, Stopping threads took: 0.0000680 seconds
157.685: Application time: 0.0586340 seconds
157.685: [GC157.685: [DefNew: 15689K->15689K(18432K), 0.0000100 secs]157.685: [Tenured: 26536K->27961K(40960K), 0.0106990 secs] 42225K->27961K(59392K), [Perm : 6107K->6107K(21248K)], 0.0107600 secs] [Times: user=0.01 sys=0.00, real=0.02 secs] 
157.696: Total time for which application threads were stopped: 0.0109480 seconds, Stopping threads took: 0.0001180 seconds
157.758: Application time: 0.0619390 seconds
157.758: [GC157.758: [DefNew: 15697K->15697K(18432K), 0.0000090 secs]157.758: [Tenured: 27961K->27250K(40960K), 0.0091610 secs] 43659K->27250K(59392K), [Perm : 6107K->6107K(21248K)], 0.0092180 secs] [Times: user=0.01 sys=0.00, real=0.01 secs] 
157.767: Total time for which application threads were stopped: 0.0093630 seconds, Stopping threads took: 0.0000650 seconds
157.804: Application time: 0.0374930 seconds
157.805: [GC157.805: [DefNew: 15696K->15696K(18432K), 0.0000090 secs]157.805: [Tenured: 27250K->27963K(40960K), 0.0092700 secs] 42946K->27963K(59392K), [Perm : 6107K->6107K(21248K)], 0.0093270 secs] [Times: user=0.01 sys=0.00, real=0.02 secs] 
157.814: Total time for which application threads were stopped: 0.0095460 seconds, Stopping threads took: 0.0001400 seconds
157.871: Application time: 0.0573600 seconds
157.871: [GC157.872: [DefNew: 15688K->15688K(18432K), 0.0000100 secs]157.872: [Tenured: 27963K->28674K(40960K), 0.0110140 secs] 43652K->28674K(59392K), [Perm : 6107K->6107K(21248K)], 0.0110740 secs] [Times: user=0.01 sys=0.00, real=0.01 secs] 
157.883: Total time for which application threads were stopped: 0.0113200 seconds, Stopping threads took: 0.0001660 seconds
157.900: Application time: 0.0172130 seconds
157.900: [GC157.900: [DefNew: 15714K->15714K(18432K), 0.0000090 secs]157.900: [Tenured: 28674K->29416K(40960K), 0.0089920 secs] 44388K->29416K(59392K), [Perm : 6107K->6107K(21248K)], 0.0090540 secs] [Times: user=0.01 sys=0.00, real=0.01 secs] 
157.909: Total time for which application threads were stopped: 0.0093300 seconds, Stopping threads took: 0.0002050 seconds
157.916: Application time: 0.0070140 seconds
157.916: [GC157.916: [DefNew: 15688K->15688K(18432K), 0.0000100 secs]157.916: [Tenured: 29416K->29417K(40960K), 0.0094030 secs] 45104K->29417K(59392K), [Perm : 6107K->6107K(21248K)], 0.0094630 secs] [Times: user=0.01 sys=0.00, real=0.01 secs] 
157.926: Total time for which application threads were stopped: 0.0096130 seconds, Stopping threads took: 0.0000770 seconds
157.930: Application time: 0.0047290 seconds
157.931: [GC157.931: [DefNew: 15685K->15685K(18432K), 0.0000090 secs]157.931: [Tenured: 29417K->28704K(40960K), 0.0085350 secs] 45102K->28704K(59392K), [Perm : 6107K->6107K(21248K)], 0.0085940 secs] [Times: user=0.01 sys=0.00, real=0.01 secs] 
157.940: Total time for which application threads were stopped: 0.0090240 seconds, Stopping threads took: 0.0003370 seconds
157.945: Application time: 0.0059270 seconds
157.946: [GC157.946: [DefNew: 15687K->15687K(18432K), 0.0000100 secs]157.946: [Tenured: 28704K->27249K(40960K), 0.0102050 secs] 44392K->27249K(59392K), [Perm : 6107K->6107K(21248K)], 0.0102640 secs] [Times: user=0.01 sys=0.00, real=0.01 secs] 
157.956: Total time for which application threads were stopped: 0.0104010 seconds, Stopping threads took: 0.0000650 seconds
157.963: Application time: 0.0075170 seconds
157.964: [GC157.964: [DefNew: 15678K->15678K(18432K), 0.0000110 secs]157.964: [Tenured: 27249K->27961K(40960K), 0.0060850 secs] 42927K->27961K(59392K), [Perm : 6107K->6107K(21248K)], 0.0061420 secs] [Times: user=0.01 sys=0.00, real=0.01 secs] 
157.970: Total time for which application threads were stopped: 0.0062950 seconds, Stopping threads took: 0.0000830 seconds
157.976: Application time: 0.0059850 seconds
157.976: [GC157.976: [DefNew: 15681K->15681K(18432K), 0.0000100 secs]157.976: [Tenured: 27961K->27961K(40960K), 0.0093320 secs] 43643K->27961K(59392K), [Perm : 6107K->6107K(21248K)], 0.0093950 secs] [Times: user=0.01 sys=0.00, real=0.00 secs] 
157.985: Total time for which application threads were stopped: 0.0095350 seconds, Stopping threads took: 0.0000670 seconds
157.990: Application time: 0.0049780 seconds
157.990: [GC157.990: [DefNew: 15688K->15688K(18432K), 0.0000090 secs]157.990: [Tenured: 27961K->28674K(40960K), 0.0089660 secs] 43650K->28674K(59392K), [Perm : 6107K->6107K(21248K)], 0.0090230 secs] [Times: user=0.01 sys=0.00, real=0.01 secs] 
157.999: Total time for which application threads were stopped: 0.0091940 seconds, Stopping threads took: 0.0000900 seconds
158.003: Application time: 0.0039550 seconds
158.003: [GC158.004: [DefNew: 15679K->15679K(18432K), 0.0000090 secs]158.004: [Tenured: 28674K->28674K(40960K), 0.0068060 secs] 44354K->28674K(59392K), [Perm : 6107K->6107K(21248K)], 0.0068630 secs] [Times: user=0.01 sys=0.00, real=0.01 secs] 
158.010: Total time for which application threads were stopped: 0.0070460 seconds, Stopping threads took: 0.0001180 seconds
158.016: Application time: 0.0057350 seconds
158.016: [GC158.016: [DefNew: 15688K->15688K(18432K), 0.0000090 secs]158.016: [Tenured: 28674K->27961K(40960K), 0.0094190 secs] 44363K->27961K(59392K), [Perm : 6107K->6107K(21248K)], 0.0094760 secs] [Times: user=0.01 sys=0.00, real=0.01 secs] 
158.026: Total time for which application threads were stopped: 0.0096220 seconds, Stopping threads took: 0.0000750 seconds
158.088: Application time: 0.0621080 seconds
158.088: [GC158.088: [DefNew: 15688K->15688K(18432K), 0.0000100 secs]158.088: [Tenured: 27961K->27961K(40960K), 0.0099390 secs] 43650K->27961K(59392K), [Perm : 6107K->6107K(21248K)], 0.0099990 secs] [Times: user=0.01 sys=0.00, real=0.01 secs] 
158.098: Total time for which application threads were stopped: 0.0102490 seconds, Stopping threads took: 0.0001700 seconds
158.124: Application time: 0.0255470 seconds
158.124: [GC158.124: [DefNew: 15718K->15718K(18432K), 0.0000100 secs]158.124: [Tenured: 27961K->30128K(40960K), 0.0110610 secs] 43679K->30128K(59392K), [Perm : 6107K->6107K(21248K)], 0.0111220 secs] [Times: user=0.01 sys=0.00, real=0.02 secs] 
158.135: Total time for which application threads were stopped: 0.0113980 seconds, Stopping threads took: 0.0002060 seconds
158.144: Application time: 0.0090410 seconds
158.144: [GC158.144: [DefNew: 15677K->15677K(18432K), 0.0000090 secs]158.144: [Tenured: 30128K->27961K(40960K), 0.0103420 secs] 45805K->27961K(59392K), [Perm : 6107K->6107K(21248K)], 0.0104030 secs] [Times: user=0.01 sys=0.00, real=0.02 secs] 
158.155: Total time for which application threads were stopped: 0.0106070 seconds, Stopping threads took: 0.0001200 seconds
158.161: Application time: 0.0064520 seconds
158.161: [GC158.161: [DefNew: 15683K->15683K(18432K), 0.0000100 secs]158.161: [Tenured: 27961K->29387K(40960K), 0.0067550 secs] 43645K->29387K(59392K), [Perm : 6107K->6107K(21248K)], 0.0068080 secs] [Times: user=0.00 sys=0.00, real=0.01 secs] 
158.168: Total time for which application threads were stopped: 0.0069970 seconds, Stopping threads took: 0.0001010 seconds
158.172: Application time: 0.0039550 seconds
158.173: [GC158.173: [DefNew: 15679K->15679K(18432K), 0.0000090 secs]158.173: [Tenured: 29387K->27248K(40960K), 0.0093970 secs] 45066K->27248K(59392K), [Perm : 6107K->6107K(21248K)], 0.0094580 secs] [Times: user=0.01 sys=0.00, real=0.01 secs] 
158.182: Total time for which application threads were stopped: 0.0099910 seconds, Stopping threads took: 0.0004420 seconds
158.189: Application time: 0.0072760 seconds
158.190: [GC158.190: [DefNew: 15690K->15690K(18432K), 0.0000100 secs]158.190: [Tenured: 27248K->26536K(40960K), 0.0101810 secs] 42939K->26536K(59392K), [Perm : 6107K->6107K(21248K)], 0.0102430 secs] [Times: user=0.01 sys=0.00, real=0.01 secs] 
158.201: Total time for which application threads were stopped: 0.0112780 seconds, Stopping threads took: 0.0009410 seconds
158.207: Application time: 0.0059910 seconds
158.207: [GC158.207: [DefNew: 15681K->15681K(18432K), 0.0000100 secs]158.207: [Tenured: 26536K->28674K(40960K), 0.0065420 secs] 42217K->28674K(59392K), [Perm : 6107K->6107K(21248K)], 0.0066000 secs] [Times: user=0.01 sys=0.00, real=0.00 secs] 
158.213: Total time for which application threads were stopped: 0.0067930 seconds, Stopping threads took: 0.0001000 seconds
158.220: Application time: 0.0062040 seconds
158.220: [GC158.220: [DefNew: 15687K->15687K(18432K), 0.0000090 secs]158.220: [Tenured: 28674K->30100K(40960K), 0.0069030 secs] 44361K->30100K(59392K), [Perm : 6107K->6107K(21248K)], 0.0069620 secs] [Times: user=0.01 sys=0.00, real=0.01 secs] 
158.227: Total time for which application threads were stopped: 0.0071880 seconds, Stopping threads took: 0.0001400 seconds
158.231: Application time: 0.0038190 seconds
158.231: [GC158.231: [DefNew: 15681K->15681K(18432K), 0.0000090 secs]158.231: [Tenured: 30100K->27249K(40960K), 0.0097060 secs] 45782K->27249K(59392K), [Perm : 6107K->6107K(21248K)], 0.0097680 secs] [Times: user=0.01 sys=0.00, real=0.01 secs] 
158.241: Total time for which application threads were stopped: 0.0099780 seconds, Stopping threads took: 0.0001390 seconds
158.245: Application time: 0.0043850 seconds
158.245: [GC158.245: [DefNew: 15680K->15680K(18432K), 0.0000110 secs]158.245: [Tenured: 27249K->29386K(40960K), 0.0063890 secs] 42929K->29386K(59392K), [Perm : 6107K->6107K(21248K)], 0.0064450 secs] [Times: user=0.01 sys=0.00, real=0.01 secs] 
158.252: Total time for which application threads were stopped: 0.0066680 seconds, Stopping threads took: 0.0001470 seconds
158.286: Application time: 0.0346380 seconds
158.287: [GC158.287: [DefNew: 15726K->15726K(18432K), 0.0000100 secs]158.287: [Tenured: 29386K->26536K(40960K), 0.0108530 secs] 45113K->26536K(59392K), [Perm : 6107K->6107K(21248K)], 0.0109490 secs] [Times: user=0.01 sys=0.00, real=0.01 secs] 
158.297: Total time for which application threads were stopped: 0.0111510 seconds, Stopping threads took: 0.0001120 seconds
158.306: Application time: 0.0081110 seconds
158.306: [GC158.306: [DefNew: 15677K->15677K(18432K), 0.0000100 secs]158.306: [Tenured: 26536K->27961K(40960K), 0.0065330 secs] 42213K->27961K(59392K), [Perm : 6107K->6107K(21248K)], 0.0065910 secs] [Times: user=0.00 sys=0.00, real=0.00 secs] 
158.312: Total time for which application threads were stopped: 0.0068460 seconds, Stopping threads took: 0.0001660 seconds
158.319: Application time: 0.0066180 seconds
158.319: [GC158.319: [DefNew: 15685K->15685K(18432K), 0.0000100 secs]158.319: [Tenured: 27961K->27961K(40960K), 0.0098360 secs] 43647K->27961K(59392K), [Perm : 6107K->6107K(21248K)], 0.0098960 secs] [Times: user=0.01 sys=0.00, real=0.01 secs] 
158.329: Total time for which application threads were stopped: 0.0100480 seconds, Stopping threads took: 0.0000760 seconds
158.333: Application time: 0.0042800 seconds
158.334: [GC158.334: [DefNew: 15677K->15677K(18432K), 0.0000110 secs]158.334: [Tenured: 27961K->27248K(40960K), 0.0075560 secs] 43638K->27248K(59392K), [Perm : 6107K->6107K(21248K)], 0.0076120 secs] [Times: user=0.01 sys=0.00, real=0.00 secs] 
158.342: Total time for which application threads were stopped: 0.0081150 seconds, Stopping threads took: 0.0004070 seconds
158.349: Application time: 0.0077010 seconds
158.349: [GC158.349: [DefNew: 15687K->15687K(18432K), 0.0000100 secs]158.349: [Tenured: 27248K->26536K(40960K), 0.0088880 secs] 42936K->26536K(59392K), [Perm : 6107K->6107K(21248K)], 0.0089460 secs] [Times: user=0.01 sys=0.00, real=0.01 secs] 
158.358: Total time for which application threads were stopped: 0.0090970 seconds, Stopping threads took: 0.0000820 seconds
158.365: Application time: 0.0065690 seconds
158.365: [GC158.365: [DefNew: 15679K->15679K(18432K), 0.0000090 secs]158.365: [Tenured: 26536K->27248K(40960K), 0.0060010 secs] 42215K->27248K(59392K), [Perm : 6107K->6107K(21248K)], 0.0060560 secs] [Times: user=0.01 sys=0.00, real=0.01 secs] 
158.371: Total time for which application threads were stopped: 0.0062070 seconds, Stopping threads took: 0.0000810 seconds
158.378: Application time: 0.0064760 seconds
158.378: [GC158.378: [DefNew: 15688K->15688K(18432K), 0.0000090 secs]158.378: [Tenured: 27248K->27249K(40960K), 0.0093940 secs] 42937K->27249K(59392K), [Perm : 6107K->6107K(21248K)], 0.0094520 secs] [Times: user=0.01 sys=0.00, real=0.01 secs] 
158.387: Total time for which application threads were stopped: 0.0096000 seconds, Stopping threads took: 0.0000770 seconds
158.391: Application time: 0.0034320 seconds
158.391: [GC158.391: [DefNew: 15683K->15683K(18432K), 0.0000110 secs]158.391: [Tenured: 27249K->29386K(40960K), 0.0109140 secs] 42933K->29386K(59392K), [Perm : 6107K->6107K(21248K)], 0.0109770 secs] [Times: user=0.01 sys=0.00, real=0.01 secs] 
158.402: Total time for which application threads were stopped: 0.0112760 seconds, Stopping threads took: 0.0002050 seconds
158.406: Application time: 0.0040440 seconds
158.406: [GC158.406: [DefNew: 15680K->15680K(18432K), 0.0000090 secs]158.406: [Tenured: 29386K->27961K(40960K), 0.0090140 secs] 45067K->27961K(59392K), [Perm : 6107K->6107K(21248K)], 0.0090750 secs] [Times: user=0.01 sys=0.00, real=0.01 secs] 
158.415: Total time for which application threads were stopped: 0.0092210 seconds, Stopping threads took: 0.0000700 seconds
158.458: Application time: 0.0423460 seconds
158.458: [GC158.458: [DefNew: 15690K->15690K(18432K), 0.0000100 secs]158.458: [Tenured: 27961K->27248K(40960K), 0.0091430 secs] 43651K->27248K(59392K), [Perm : 6107K->6107K(21248K)], 0.0092030 secs] [Times: user=0.01 sys=0.00, real=0.01 secs] 
158.467: Total time for which application threads were stopped: 0.0093370 seconds, Stopping threads took: 0.0000630 seconds
158.504: Application time: 0.0368510 seconds
158.504: [GC158.504: [DefNew: 15688K->15688K(18432K), 0.0000100 secs]158.504: [Tenured: 27248K->27961K(40960K), 0.0111690 secs] 42936K->27961K(59392K), [Perm : 6107K->6107K(21248K)], 0.0112280 secs] [Times: user=0.01 sys=0.00, real=0.02 secs] 
158.515: Total time for which application threads were stopped: 0.0115510 seconds, Stopping threads took: 0.0002340 seconds
158.582: Application time: 0.0663350 seconds
158.582: [GC158.582: [DefNew: 15688K->15688K(18432K), 0.0000100 secs]158.582: [Tenured: 27961K->27248K(40960K), 0.0097950 secs] 43649K->27248K(59392K), [Perm : 6107K->6107K(21248K)], 0.0098550 secs] [Times: user=0.01 sys=0.00, real=0.01 secs] 
158.592: Total time for which application threads were stopped: 0.0100040 seconds, Stopping threads took: 0.0000800 seconds
158.660: Application time: 0.0681720 seconds
158.660: [GC158.660: [DefNew: 15689K->15689K(18432K), 0.0000100 secs]158.660: [Tenured: 27248K->27960K(40960K), 0.0098930 secs] 42938K->27960K(59392K), [Perm : 6107K->6107K(21248K)], 0.0099500 secs] [Times: user=0.01 sys=0.00, real=0.01 secs] 
158.670: Total time for which application threads were stopped: 0.0100820 seconds, Stopping threads took: 0.0000620 seconds
158.726: Application time: 0.0562480 seconds
158.726: [GC158.726: [DefNew: 15687K->15687K(18432K), 0.0000100 secs]158.726: [Tenured: 27960K->27248K(40960K), 0.0088740 secs] 43648K->27248K(59392K), [Perm : 6107K->6107K(21248K)], 0.0089420 secs] [Times: user=0.01 sys=0.00, real=0.01 secs] 
158.735: Total time for which application threads were stopped: 0.0090730 seconds, Stopping threads took: 0.0000600 seconds
158.770: Application time: 0.0344980 seconds
158.774: [GC158.774: [DefNew: 15722K->15722K(18432K), 0.0000120 secs]158.774: [Tenured: 27248K->25852K(40960K), 0.0095800 secs] 42970K->25852K(59392K), [Perm : 6107K->6107K(21248K)], 0.0096450 secs] [Times: user=0.01 sys=0.00, real=0.00 secs] 
158.783: Total time for which application threads were stopped: 0.0137060 seconds, Stopping threads took: 0.0039730 seconds
158.791: Application time: 0.0074500 seconds
158.791: [GC158.791: [DefNew: 15679K->15679K(18432K), 0.0000100 secs]158.791: [Tenured: 25852K->28702K(40960K), 0.0096130 secs] 41532K->28702K(59392K), [Perm : 6107K->6107K(21248K)], 0.0096750 secs] [Times: user=0.01 sys=0.00, real=0.01 secs] 
158.801: Total time for which application threads were stopped: 0.0099840 seconds, Stopping threads took: 0.0002050 seconds
158.809: Application time: 0.0079060 seconds
158.809: [GC158.809: [DefNew: 15683K->15683K(18432K), 0.0000090 secs]158.809: [Tenured: 28702K->27248K(40960K), 0.0101440 secs] 44386K->27248K(59392K), [Perm : 6107K->6107K(21248K)], 0.0102050 secs] [Times: user=0.01 sys=0.00, real=0.01 secs] 
158.819: Total time for which application threads were stopped: 0.0103600 seconds, Stopping threads took: 0.0000800 seconds
158.823: Application time: 0.0041010 seconds
158.823: [GC158.823: [DefNew: 15677K->15677K(18432K), 0.0000090 secs]158.823: [Tenured: 27248K->27960K(40960K), 0.0058950 secs] 42925K->27960K(59392K), [Perm : 6107K->6107K(21248K)], 0.0059510 secs] [Times: user=0.01 sys=0.00, real=0.01 secs] 
158.829: Total time for which application threads were stopped: 0.0061020 seconds, Stopping threads took: 0.0000800 seconds
158.837: Application time: 0.0073350 seconds
158.837: [GC158.837: [DefNew: 15685K->15685K(18432K), 0.0000090 secs]158.837: [Tenured: 27960K->27248K(40960K), 0.0060490 secs] 43646K->27248K(59392K), [Perm : 6107K->6107K(21248K)], 0.0061050 secs] [Times: user=0.00 sys=0.00, real=0.00 secs] 
158.843: Total time for which application threads were stopped: 0.0062550 seconds, Stopping threads took: 0.0000790 seconds
158.850: Application time: 0.0071820 seconds
158.851: [GC158.851: [DefNew: 15679K->15679K(18432K), 0.0000100 secs]158.851: [Tenured: 27248K->26535K(40960K), 0.0069020 secs] 42927K->26535K(59392K), [Perm : 6107K->6107K(21248K)], 0.0069600 secs] [Times: user=0.01 sys=0.00, real=0.01 secs] 
158.858: Total time for which application threads were stopped: 0.0075960 seconds, Stopping threads took: 0.0005580 seconds
158.864: Application time: 0.0058880 seconds
158.864: [GC158.864: [DefNew: 15690K->15690K(18432K), 0.0000100 secs]158.864: [Tenured: 26535K->25822K(40960K), 0.0105890 secs] 42226K->25822K(59392K), [Perm : 6107K->6107K(21248K)], 0.0106500 secs] [Times: user=0.01 sys=0.00, real=0.02 secs] 
158.875: Total time for which application threads were stopped: 0.0110580 seconds, Stopping threads took: 0.0003180 seconds
158.879: Application time: 0.0039930 seconds
158.879: [GC158.879: [DefNew: 16156K->16156K(18432K), 0.0000100 secs]158.879: [Tenured: 25822K->25146K(40960K), 0.0059450 secs] 41979K->25146K(59392K), [Perm : 6107K->6107K(21248K)], 0.0060030 secs] [Times: user=0.00 sys=0.00, real=0.00 secs] 
158.885: Total time for which application threads were stopped: 0.0061790 seconds, Stopping threads took: 0.0000960 seconds
158.889: Application time: 0.0042270 seconds
158.889: [GC158.889: [DefNew: 15811K->720K(18432K), 0.0004350 secs] 40957K->25866K(59392K), 0.0004650 secs] [Times: user=0.00 sys=0.00, real=0.00 secs] 
158.890: Total time for which application threads were stopped: 0.0006450 seconds, Stopping threads took: 0.0001220 seconds
158.900: Application time: 0.0101670 seconds
158.902: [GC158.902: [DefNew: 16550K->16550K(18432K), 0.0000110 secs]158.902: [Tenured: 25146K->25139K(40960K), 0.0100110 secs] 41696K->25139K(59392K), [Perm : 6107K->6107K(21248K)], 0.0100720 secs] [Times: user=0.01 sys=0.00, real=0.01 secs] 
158.912: Total time for which application threads were stopped: 0.0119980 seconds, Stopping threads took: 0.0018250 seconds
158.918: Application time: 0.0061610 seconds
158.918: [GC158.918: [DefNew: 15681K->1425K(18432K), 0.0017310 secs] 40820K->30126K(59392K), 0.0017670 secs] [Times: user=0.01 sys=0.00, real=0.00 secs] 
158.920: Total time for which application threads were stopped: 0.0019960 seconds, Stopping threads took: 0.0001440 seconds
158.925: Application time: 0.0049180 seconds
158.925: [GC158.925: [DefNew: 17112K->17112K(18432K), 0.0000100 secs]158.925: [Tenured: 28701K->27989K(40960K), 0.0104470 secs] 45814K->27989K(59392K), [Perm : 6107K->6107K(21248K)], 0.0105080 secs] [Times: user=0.01 sys=0.00, real=0.02 secs] 
158.936: Total time for which application threads were stopped: 0.0107080 seconds, Stopping threads took: 0.0001120 seconds
158.940: Application time: 0.0039770 seconds
158.940: [GC158.940: [DefNew: 15677K->15677K(18432K), 0.0000090 secs]158.940: [Tenured: 27989K->25823K(40960K), 0.0099890 secs] 43666K->25823K(59392K), [Perm : 6107K->6107K(21248K)], 0.0100460 secs] [Times: user=0.01 sys=0.00, real=0.01 secs] 
158.950: Total time for which application threads were stopped: 0.0101970 seconds, Stopping threads took: 0.0000800 seconds
158.958: Application time: 0.0082290 seconds
158.958: [GC158.958: [DefNew: 15688K->15688K(18432K), 0.0000100 secs]158.958: [Tenured: 25823K->25110K(40960K), 0.0095640 secs] 41511K->25110K(59392K), [Perm : 6107K->6107K(21248K)], 0.0096240 secs] [Times: user=0.01 sys=0.00, real=0.01 secs] 
158.968: Total time for which application threads were stopped: 0.0097720 seconds, Stopping threads took: 0.0000760 seconds
158.975: Application time: 0.0067190 seconds
158.975: [GC158.975: [DefNew: 15679K->712K(18432K), 0.0004210 secs] 40790K->25823K(59392K), 0.0004490 secs] [Times: user=0.00 sys=0.00, real=0.00 secs] 
158.975: Total time for which application threads were stopped: 0.0006090 seconds, Stopping threads took: 0.0001050 seconds
158.981: Application time: 0.0058620 seconds
158.981: [GC158.981: [DefNew: 16399K->16399K(18432K), 0.0000100 secs]158.981: [Tenured: 25110K->26536K(40960K), 0.0061510 secs] 41510K->26536K(59392K), [Perm : 6107K->6107K(21248K)], 0.0062090 secs] [Times: user=0.01 sys=0.00, real=0.01 secs] 
158.987: Total time for which application threads were stopped: 0.0064050 seconds, Stopping threads took: 0.0001280 seconds
158.991: Application time: 0.0035090 seconds
158.991: [GC158.991: [DefNew: 15679K->15679K(18432K), 0.0000100 secs]158.991: [Tenured: 26536K->27249K(40960K), 0.0060370 secs] 42216K->27249K(59392K), [Perm : 6107K->6107K(21248K)], 0.0060910 secs] [Times: user=0.00 sys=0.00, real=0.01 secs] 
158.997: Total time for which application threads were stopped: 0.0062740 seconds, Stopping threads took: 0.0001150 seconds
159.010: Application time: 0.0126620 seconds
159.010: [GC159.010: [DefNew: 15688K->15688K(18432K), 0.0000100 secs]159.010: [Tenured: 27249K->25110K(40960K), 0.0093990 secs] 42938K->25110K(59392K), [Perm : 6107K->6107K(21248K)], 0.0094590 secs] [Times: user=0.00 sys=0.00, real=0.01 secs] 
159.020: Total time for which application threads were stopped: 0.0096000 seconds, Stopping threads took: 0.0000680 seconds
159.085: Application time: 0.0658990 seconds
159.086: [GC159.086: [DefNew: 15689K->1425K(18432K), 0.0041130 secs] 40800K->39360K(59392K), 0.0041510 secs] [Times: user=0.00 sys=0.00, real=0.00 secs] 
159.090: Total time for which application threads were stopped: 0.0042780 seconds, Stopping threads took: 0.0000640 seconds
159.132: Application time: 0.0424020 seconds
159.132: [GC159.132: [DefNew: 17713K->17713K(18432K), 0.0000090 secs]159.132: [Tenured: 37935K->20898K(40960K), 0.0092650 secs] 55649K->20898K(59392K), [Perm : 6107K->6107K(21248K)], 0.0093170 secs] [Times: user=0.01 sys=0.00, real=0.01 secs] 
159.142: Total time for which application threads were stopped: 0.0094890 seconds, Stopping threads took: 0.0001060 seconds
159.149: Application time: 0.0071950 seconds
159.149: [GC159.149: [DefNew: 15861K->1426K(18432K), 0.0014640 secs] 36759K->25175K(59392K), 0.0015060 secs] [Times: user=0.00 sys=0.00, real=0.00 secs] 
159.150: Total time for which application threads were stopped: 0.0017020 seconds, Stopping threads took: 0.0001330 seconds
159.157: Application time: 0.0061380 seconds
159.158: [GC159.158: [DefNew: 17106K->1425K(18432K), 0.0005740 secs] 40854K->25175K(59392K), 0.0006030 secs] [Times: user=0.00 sys=0.00, real=0.00 secs] 
159.158: Total time for which application threads were stopped: 0.0017350 seconds, Stopping threads took: 0.0010570 seconds
159.164: Application time: 0.0051650 seconds
159.165: [GC159.165: [DefNew: 17104K->1425K(18432K), 0.0007680 secs] 40854K->25887K(59392K), 0.0007980 secs] [Times: user=0.00 sys=0.00, real=0.01 secs] 
159.165: Total time for which application threads were stopped: 0.0019340 seconds, Stopping threads took: 0.0010760 seconds
159.170: Application time: 0.0041660 seconds
159.170: [GC159.170: [DefNew: 17116K->1426K(18432K), 0.0012130 secs] 41579K->28026K(59392K), 0.0012440 secs] [Times: user=0.00 sys=0.00, real=0.00 secs] 
159.171: Total time for which application threads were stopped: 0.0015270 seconds, Stopping threads took: 0.0002220 seconds
159.175: Application time: 0.0037800 seconds
159.175: [GC159.175: [DefNew: 17106K->17106K(18432K), 0.0000100 secs]159.175: [Tenured: 26600K->25882K(40960K), 0.0073940 secs] 43706K->25882K(59392K), [Perm : 6107K->6107K(21248K)], 0.0074530 secs] [Times: user=0.00 sys=0.00, real=0.00 secs] 
159.183: Total time for which application threads were stopped: 0.0078250 seconds, Stopping threads took: 0.0002810 seconds
159.186: Application time: 0.0037010 seconds
159.187: [GC159.187: [DefNew: 15679K->1425K(18432K), 0.0005600 secs] 41562K->27307K(59392K), 0.0005890 secs] [Times: user=0.00 sys=0.00, real=0.00 secs] 
159.187: Total time for which application threads were stopped: 0.0008240 seconds, Stopping threads took: 0.0001790 seconds
159.191: Application time: 0.0037890 seconds
159.191: [GC159.191: [DefNew: 17114K->1426K(18432K), 0.0020890 secs] 42997K->32296K(59392K), 0.0021280 secs] [Times: user=0.01 sys=0.00, real=0.01 secs] 
159.194: Total time for which application threads were stopped: 0.0024900 seconds, Stopping threads took: 0.0002950 seconds
159.199: Application time: 0.0050290 seconds
159.199: [GC159.199: [DefNew: 17114K->17114K(18432K), 0.0000110 secs]159.199: [Tenured: 30870K->24454K(40960K), 0.0098150 secs] 47984K->24454K(59392K), [Perm : 6107K->6107K(21248K)], 0.0098750 secs] [Times: user=0.01 sys=0.00, real=0.01 secs] 
159.209: Total time for which application threads were stopped: 0.0100530 seconds, Stopping threads took: 0.0001070 seconds
159.214: Application time: 0.0051500 seconds
159.214: [GC159.214: [DefNew: 15680K->1425K(18432K), 0.0005250 secs] 40135K->25880K(59392K), 0.0005520 secs] [Times: user=0.00 sys=0.00, real=0.00 secs] 
159.214: Total time for which application threads were stopped: 0.0006650 seconds, Stopping threads took: 0.0000550 seconds
159.220: Application time: 0.0052510 seconds
159.220: [GC159.220: [DefNew: 17106K->1425K(18432K), 0.0004910 secs] 41561K->25880K(59392K), 0.0005180 secs] [Times: user=0.00 sys=0.00, real=0.00 secs] 
159.220: Total time for which application threads were stopped: 0.0006470 seconds, Stopping threads took: 0.0000730 seconds
159.225: Application time: 0.0046070 seconds
159.226: [GC159.226: [DefNew: 17114K->1426K(18432K), 0.0005850 secs] 41568K->25881K(59392K), 0.0006130 secs] [Times: user=0.00 sys=0.00, real=0.00 secs] 
159.227: Total time for which application threads were stopped: 0.0016210 seconds, Stopping threads took: 0.0009320 seconds
159.230: Application time: 0.0035920 seconds
159.231: [GC159.231: [DefNew: 17110K->1425K(18432K), 0.0012710 secs] 41565K->28731K(59392K), 0.0013050 secs] [Times: user=0.00 sys=0.00, real=0.00 secs] 
159.232: Total time for which application threads were stopped: 0.0021070 seconds, Stopping threads took: 0.0007400 seconds
159.235: Application time: 0.0031760 seconds
159.236: [GC159.236: [DefNew: 17114K->1426K(18432K), 0.0009840 secs] 44420K->30157K(59392K), 0.0010230 secs] [Times: user=0.00 sys=0.00, real=0.00 secs] 
159.237: Total time for which application threads were stopped: 0.0012380 seconds, Stopping threads took: 0.0001350 seconds
159.240: Application time: 0.0034060 seconds
159.240: [GC159.240: [DefNew: 17107K->1425K(18432K), 0.0005370 secs] 45839K->30157K(59392K), 0.0005640 secs] [Times: user=0.00 sys=0.00, real=0.00 secs] 
159.241: Total time for which application threads were stopped: 0.0006950 seconds, Stopping threads took: 0.0000730 seconds
159.246: Application time: 0.0047590 seconds
159.246: [GC159.246: [DefNew: 17109K->1425K(18432K), 0.0012310 secs] 45841K->33007K(59392K), 0.0012610 secs] [Times: user=0.00 sys=0.00, real=0.00 secs] 
159.247: Total time for which application threads were stopped: 0.0017630 seconds, Stopping threads took: 0.0004300 seconds
159.251: Application time: 0.0034910 seconds
159.251: [GC159.251: [DefNew: 17117K->17117K(18432K), 0.0000100 secs]159.251: [Tenured: 31582K->25110K(40960K), 0.0105560 secs] 48700K->25110K(59392K), [Perm : 6107K->6107K(21248K)], 0.0106140 secs] [Times: user=0.01 sys=0.00, real=0.01 secs] 
159.262: Total time for which application threads were stopped: 0.0107860 seconds, Stopping threads took: 0.0000930 seconds
159.306: Application time: 0.0441370 seconds
159.306: [GC159.306: [DefNew: 15723K->1455K(18432K), 0.0017520 secs] 40833K->30841K(59392K), 0.0017850 secs] [Times: user=0.00 sys=0.00, real=0.00 secs] 
159.308: Total time for which application threads were stopped: 0.0019170 seconds, Stopping threads took: 0.0000620 seconds
159.317: Application time: 0.0088640 seconds
159.317: [GC159.317: [DefNew: 17132K->712K(18432K), 0.0008720 secs] 46518K->31553K(59392K), 0.0008990 secs] [Times: user=0.00 sys=0.00, real=0.00 secs] 
159.318: Total time for which application threads were stopped: 0.0010700 seconds, Stopping threads took: 0.0001130 seconds
159.324: Application time: 0.0063710 seconds
159.324: [GC159.324: [DefNew: 16398K->1425K(18432K), 0.0011540 secs] 47239K->34404K(59392K), 0.0011840 secs] [Times: user=0.01 sys=0.00, real=0.00 secs] 
159.325: Total time for which application threads were stopped: 0.0013300 seconds, Stopping threads took: 0.0000860 seconds
159.329: Application time: 0.0039460 seconds
159.329: [GC159.329: [DefNew: 17103K->17103K(18432K), 0.0000090 secs]159.329: [Tenured: 32978K->25139K(40960K), 0.0096380 secs] 50081K->25139K(59392K), [Perm : 6107K->6107K(21248K)], 0.0096950 secs] [Times: user=0.01 sys=0.00, real=0.01 secs] 
159.339: Total time for which application threads were stopped: 0.0098740 seconds, Stopping threads took: 0.0000980 seconds
159.346: Application time: 0.0070510 seconds
159.346: [GC159.346: [DefNew: 15687K->1426K(18432K), 0.0010670 secs] 40827K->28703K(59392K), 0.0010990 secs] [Times: user=0.00 sys=0.00, real=0.00 secs] 
159.347: Total time for which application threads were stopped: 0.0012270 seconds, Stopping threads took: 0.0000660 seconds
159.351: Application time: 0.0038840 seconds
159.351: [GC159.351: [DefNew: 17118K->1425K(18432K), 0.0031640 secs] 44395K->37967K(59392K), 0.0032010 secs] [Times: user=0.00 sys=0.00, real=0.01 secs] 
159.355: Total time for which application threads were stopped: 0.0033570 seconds, Stopping threads took: 0.0000810 seconds
159.362: Application time: 0.0073350 seconds
159.362: [GC159.362: [DefNew: 17105K->17105K(18432K), 0.0000090 secs]159.362: [Tenured: 36541K->25140K(40960K), 0.0095660 secs] 53646K->25140K(59392K), [Perm : 6107K->6107K(21248K)], 0.0096250 secs] [Times: user=0.01 sys=0.00, real=0.01 secs] 
159.372: Total time for which application threads were stopped: 0.0097680 seconds, Stopping threads took: 0.0000690 seconds
159.376: Application time: 0.0043070 seconds
159.376: [GC159.376: [DefNew: 15687K->1426K(18432K), 0.0006390 secs] 40827K->26566K(59392K), 0.0006640 secs] [Times: user=0.00 sys=0.00, real=0.00 secs] 
159.377: Total time for which application threads were stopped: 0.0008030 seconds, Stopping threads took: 0.0000820 seconds
159.381: Application time: 0.0037800 seconds
159.381: [GC159.381: [DefNew: 17105K->712K(18432K), 0.0006390 secs] 42246K->26566K(59392K), 0.0006760 secs] [Times: user=0.00 sys=0.00, real=0.00 secs] 
159.382: Total time for which application threads were stopped: 0.0008110 seconds, Stopping threads took: 0.0000750 seconds
159.436: Application time: 0.0549310 seconds
159.437: [GC159.437: [DefNew: 16406K->1426K(18432K), 0.0023530 secs] 42261K->34405K(59392K), 0.0023910 secs] [Times: user=0.00 sys=0.00, real=0.00 secs] 
159.439: Total time for which application threads were stopped: 0.0025240 seconds, Stopping threads took: 0.0000680 seconds
159.512: Application time: 0.0728990 seconds
159.512: [GC159.512: [DefNew: 17117K->17117K(18432K), 0.0000090 secs]159.512: [Tenured: 32979K->25852K(40960K), 0.0094130 secs] 50097K->25852K(59392K), [Perm : 6107K->6107K(21248K)], 0.0094690 secs] [Times: user=0.01 sys=0.00, real=0.01 secs] 
159.522: Total time for which application threads were stopped: 0.0096460 seconds, Stopping threads took: 0.0001100 seconds
159.584: Application time: 0.0629670 seconds
159.585: [GC159.585: [DefNew: 15697K->1425K(18432K), 0.0044880 secs] 41550K->41529K(59392K), 0.0045260 secs] [Times: user=0.00 sys=0.00, real=0.01 secs] 
159.589: Total time for which application threads were stopped: 0.0046490 seconds, Stopping threads took: 0.0000580 seconds
159.663: Application time: 0.0735990 seconds
159.663: [GC159.663: [DefNew: 17123K->17123K(18432K), 0.0000100 secs]159.663: [Tenured: 40103K->25110K(40960K), 0.0103100 secs] 57227K->25110K(59392K), [Perm : 6107K->6107K(21248K)], 0.0103690 secs] [Times: user=0.01 sys=0.00, real=0.01 secs] 
159.673: Total time for which application threads were stopped: 0.0104970 seconds, Stopping threads took: 0.0000570 seconds
159.720: Application time: 0.0471270 seconds
159.720: [GC159.720: [DefNew: 15691K->1425K(18432K), 0.0044680 secs] 40801K->40785K(59392K), 0.0045090 secs] [Times: user=0.01 sys=0.00, real=0.00 secs] 
159.725: Total time for which application threads were stopped: 0.0046470 seconds, Stopping threads took: 0.0000700 seconds
159.787: Application time: 0.0622380 seconds
159.787: [GC159.787: [DefNew: 17116K->17116K(18432K), 0.0000100 secs]159.787: [Tenured: 39360K->27247K(40960K), 0.0091290 secs] 56477K->27247K(59392K), [Perm : 6107K->6107K(21248K)], 0.0091860 secs] [Times: user=0.01 sys=0.00, real=0.01 secs] 
159.797: Total time for which application threads were stopped: 0.0093180 seconds, Stopping threads took: 0.0000610 seconds
159.870: Application time: 0.0736290 seconds
159.870: [GC159.870: [DefNew: 15691K->15691K(18432K), 0.0000100 secs]159.870: [Tenured: 27247K->26535K(40960K), 0.0098300 secs] 42939K->26535K(59392K), [Perm : 6107K->6107K(21248K)], 0.0098890 secs] [Times: user=0.01 sys=0.00, real=0.01 secs] 
159.880: Total time for which application threads were stopped: 0.0100770 seconds, Stopping threads took: 0.0001090 seconds
159.941: Application time: 0.0607660 seconds
159.941: [GC159.941: [DefNew: 15691K->15691K(18432K), 0.0000100 secs]159.941: [Tenured: 26535K->26535K(40960K), 0.0097460 secs] 42226K->26535K(59392K), [Perm : 6107K->6107K(21248K)], 0.0098050 secs] [Times: user=0.01 sys=0.00, real=0.01 secs] 
159.951: Total time for which application threads were stopped: 0.0099490 seconds, Stopping threads took: 0.0000730 seconds
160.025: Application time: 0.0735280 seconds
160.025: [GC160.025: [DefNew: 15697K->15697K(18432K), 0.0000100 secs]160.025: [Tenured: 26535K->26535K(40960K), 0.0109550 secs] 42233K->26535K(59392K), [Perm : 6107K->6107K(21248K)], 0.0110160 secs] [Times: user=0.01 sys=0.00, real=0.02 secs] 
160.036: Total time for which application threads were stopped: 0.0111670 seconds, Stopping threads took: 0.0000810 seconds
160.114: Application time: 0.0784150 seconds
160.114: [GC160.114: [DefNew: 15697K->15697K(18432K), 0.0000110 secs]160.114: [Tenured: 26535K->26536K(40960K), 0.0107850 secs] 42233K->26536K(59392K), [Perm : 6107K->6107K(21248K)], 0.0108490 secs] [Times: user=0.02 sys=0.00, real=0.00 secs] 
160.125: Total time for which application threads were stopped: 0.0110490 seconds, Stopping threads took: 0.0001100 seconds
160.190: Application time: 0.0651490 seconds
160.190: [GC160.190: [DefNew: 15691K->15691K(18432K), 0.0000100 secs]160.190: [Tenured: 26536K->27248K(40960K), 0.0092350 secs] 42227K->27248K(59392K), [Perm : 6107K->6107K(21248K)], 0.0093040 secs] [Times: user=0.01 sys=0.00, real=0.01 secs] 
160.200: Total time for which application threads were stopped: 0.0094380 seconds, Stopping threads took: 0.0000610 seconds
160.268: Application time: 0.0681020 seconds
160.268: [GC160.268: [DefNew: 15697K->15697K(18432K), 0.0000090 secs]160.268: [Tenured: 27248K->27962K(40960K), 0.0093810 secs] 42946K->27962K(59392K), [Perm : 6107K->6107K(21248K)], 0.0094590 secs] [Times: user=0.00 sys=0.00, real=0.01 secs] 
160.277: Total time for which application threads were stopped: 0.0096300 seconds, Stopping threads took: 0.0001050 seconds
160.351: Application time: 0.0734550 seconds
160.351: [GC160.351: [DefNew: 15697K->15697K(18432K), 0.0000100 secs]160.351: [Tenured: 27962K->27960K(40960K), 0.0100960 secs] 43660K->27960K(59392K), [Perm : 6107K->6107K(21248K)], 0.0101540 secs] [Times: user=0.01 sys=0.00, real=0.01 secs] 
160.361: Total time for which application threads were stopped: 0.0103260 seconds, Stopping threads took: 0.0001060 seconds
160.424: Application time: 0.0623210 seconds
160.424: [GC160.424: [DefNew: 15706K->15706K(18432K), 0.0000090 secs]160.424: [Tenured: 27960K->28674K(40960K), 0.0091490 secs] 43667K->28674K(59392K), [Perm : 6107K->6107K(21248K)], 0.0092090 secs] [Times: user=0.01 sys=0.00, real=0.01 secs] 
160.433: Total time for which application threads were stopped: 0.0093540 seconds, Stopping threads took: 0.0000650 seconds
160.501: Application time: 0.0676620 seconds
160.501: [GC160.501: [DefNew: 15691K->15691K(18432K), 0.0000090 secs]160.501: [Tenured: 28674K->30099K(40960K), 0.0094120 secs] 44366K->30099K(59392K), [Perm : 6107K->6107K(21248K)], 0.0094700 secs] [Times: user=0.01 sys=0.00, real=0.01 secs] 
160.510: Total time for which application threads were stopped: 0.0096990 seconds, Stopping threads took: 0.0001430 seconds
160.576: Application time: 0.0654850 seconds
160.576: [GC160.576: [DefNew: 15691K->15691K(18432K), 0.0000110 secs]160.576: [Tenured: 30099K->27247K(40960K), 0.0113920 secs] 45791K->27247K(59392K), [Perm : 6107K->6107K(21248K)], 0.0114550 secs] [Times: user=0.02 sys=0.00, real=0.01 secs] 
160.587: Total time for which application threads were stopped: 0.0116420 seconds, Stopping threads took: 0.0001160 seconds
160.655: Application time: 0.0676880 seconds
160.655: [GC160.655: [DefNew: 15708K->15708K(18432K), 0.0000100 secs]160.655: [Tenured: 27247K->25823K(40960K), 0.0121030 secs] 42955K->25823K(59392K), [Perm : 6107K->6107K(21248K)], 0.0121630 secs] [Times: user=0.01 sys=0.00, real=0.01 secs] 
160.668: Total time for which application threads were stopped: 0.0124010 seconds, Stopping threads took: 0.0001490 seconds
160.706: Application time: 0.0388390 seconds
160.706: [GC160.706: [DefNew: 15691K->1425K(18432K), 0.0040950 secs] 41514K->40073K(59392K), 0.0041350 secs] [Times: user=0.00 sys=0.00, real=0.00 secs] 
160.711: Total time for which application threads were stopped: 0.0042650 seconds, Stopping threads took: 0.0000630 seconds
160.780: Application time: 0.0690800 seconds
160.780: [GC160.780: [DefNew: 17114K->17114K(18432K), 0.0000110 secs]160.780: [Tenured: 38648K->27960K(40960K), 0.0101620 secs] 55763K->27960K(59392K), [Perm : 6107K->6107K(21248K)], 0.0102220 secs] [Times: user=0.01 sys=0.00, real=0.01 secs] 
160.790: Total time for which application threads were stopped: 0.0103570 seconds, Stopping threads took: 0.0000640 seconds
160.850: Application time: 0.0603310 seconds
160.851: [GC160.851: [DefNew: 15689K->15689K(18432K), 0.0000100 secs]160.851: [Tenured: 27960K->27248K(40960K), 0.0098820 secs] 43650K->27248K(59392K), [Perm : 6107K->6107K(21248K)], 0.0099410 secs] [Times: user=0.01 sys=0.00, real=0.01 secs] 
160.861: Total time for which application threads were stopped: 0.0102080 seconds, Stopping threads took: 0.0001970 seconds
160.922: Application time: 0.0616690 seconds
160.922: [GC160.922: [DefNew: 15689K->15689K(18432K), 0.0000100 secs]160.922: [Tenured: 27248K->27248K(40960K), 0.0089940 secs] 42937K->27248K(59392K), [Perm : 6107K->6107K(21248K)], 0.0090640 secs] [Times: user=0.01 sys=0.00, real=0.01 secs] 
160.931: Total time for which application threads were stopped: 0.0091970 seconds, Stopping threads took: 0.0000620 seconds
161.003: Application time: 0.0718940 seconds
161.004: [GC161.004: [DefNew: 15691K->15691K(18432K), 0.0000100 secs]161.004: [Tenured: 27248K->27248K(40960K), 0.0091840 secs] 42940K->27248K(59392K), [Perm : 6107K->6107K(21248K)], 0.0092430 secs] [Times: user=0.01 sys=0.00, real=0.01 secs] 
161.013: Total time for which application threads were stopped: 0.0094190 seconds, Stopping threads took: 0.0001000 seconds
161.046: Application time: 0.0330080 seconds
161.046: [GC161.046: [DefNew: 15698K->15698K(18432K), 0.0000110 secs]161.046: [Tenured: 27248K->27249K(40960K), 0.0098360 secs] 42946K->27249K(59392K), [Perm : 6107K->6107K(21248K)], 0.0098940 secs] [Times: user=0.01 sys=0.00, real=0.01 secs] 
161.056: Total time for which application threads were stopped: 0.0100310 seconds, Stopping threads took: 0.0000670 seconds
161.126: Application time: 0.0701910 seconds
161.126: [GC161.126: [DefNew: 15698K->15698K(18432K), 0.0000100 secs]161.126: [Tenured: 27249K->26535K(40960K), 0.0099780 secs] 42948K->26535K(59392K), [Perm : 6107K->6107K(21248K)], 0.0100380 secs] [Times: user=0.01 sys=0.00, real=0.01 secs] 
161.136: Total time for which application threads were stopped: 0.0101710 seconds, Stopping threads took: 0.0000630 seconds
161.187: Application time: 0.0505870 seconds
161.187: [GC161.187: [DefNew: 15690K->15690K(18432K), 0.0000110 secs]161.187: [Tenured: 26535K->27248K(40960K), 0.0099810 secs] 42226K->27248K(59392K), [Perm : 6107K->6107K(21248K)], 0.0100420 secs] [Times: user=0.01 sys=0.00, real=0.01 secs] 
161.197: Total time for which application threads were stopped: 0.0101890 seconds, Stopping threads took: 0.0000770 seconds
161.267: Application time: 0.0704320 seconds
161.268: [GC161.268: [DefNew: 15690K->15690K(18432K), 0.0000090 secs]161.268: [Tenured: 27248K->25823K(40960K), 0.0105040 secs] 42938K->25823K(59392K), [Perm : 6107K->6107K(21248K)], 0.0105600 secs] [Times: user=0.01 sys=0.00, real=0.01 secs] 
161.278: Total time for which application threads were stopped: 0.0107110 seconds, Stopping threads took: 0.0000770 seconds
161.310: Application time: 0.0315680 seconds
161.310: [GC161.310: [DefNew: 15698K->15698K(18432K), 0.0000100 secs]161.310: [Tenured: 25823K->23685K(40960K), 0.0096510 secs] 41522K->23685K(59392K), [Perm : 6107K->6107K(21248K)], 0.0097100 secs] [Times: user=0.01 sys=0.00, real=0.01 secs] 
161.320: Total time for which application threads were stopped: 0.0098770 seconds, Stopping threads took: 0.0000980 seconds
161.377: Application time: 0.0570530 seconds
161.377: [GC161.377: [DefNew: 15696K->1426K(18432K), 0.0035840 secs] 39381K->35799K(59392K), 0.0036250 secs] [Times: user=0.00 sys=0.00, real=0.00 secs] 
161.381: Total time for which application threads were stopped: 0.0039060 seconds, Stopping threads took: 0.0001910 seconds
161.441: Application time: 0.0602160 seconds
161.441: [GC161.441: [DefNew: 17131K->17131K(18432K), 0.0000110 secs]161.441: [Tenured: 34373K->24398K(40960K), 0.0108690 secs] 51505K->24398K(59392K), [Perm : 6107K->6107K(21248K)], 0.0109310 secs] [Times: user=0.01 sys=0.00, real=0.01 secs] 
161.452: Total time for which application threads were stopped: 0.0110700 seconds, Stopping threads took: 0.0000680 seconds
161.484: Application time: 0.0317930 seconds
161.484: [GC161.484: [DefNew: 15688K->1425K(18432K), 0.0035720 secs] 40087K->36512K(59392K), 0.0036140 secs] [Times: user=0.00 sys=0.00, real=0.01 secs] 
161.487: Total time for which application threads were stopped: 0.0038240 seconds, Stopping threads took: 0.0001250 seconds
161.555: Application time: 0.0676260 seconds
161.555: [GC161.555: [DefNew: 17113K->17113K(18432K), 0.0000100 secs]161.555: [Tenured: 35087K->25824K(40960K), 0.0094470 secs] 52201K->25824K(59392K), [Perm : 6107K->6107K(21248K)], 0.0095160 secs] [Times: user=0.01 sys=0.00, real=0.00 secs] 
161.565: Total time for which application threads were stopped: 0.0096550 seconds, Stopping threads took: 0.0000610 seconds
161.614: Application time: 0.0490190 seconds
161.614: [GC161.614: [DefNew: 15695K->15695K(18432K), 0.0000100 secs]161.614: [Tenured: 25824K->25111K(40960K), 0.0107650 secs] 41519K->25111K(59392K), [Perm : 6107K->6107K(21248K)], 0.0108250 secs] [Times: user=0.01 sys=0.00, real=0.00 secs] 
161.625: Total time for which application threads were stopped: 0.0109620 seconds, Stopping threads took: 0.0000660 seconds
161.688: Application time: 0.0636100 seconds
161.688: [GC161.689: [DefNew: 15688K->1425K(18432K), 0.0034690 secs] 40800K->37225K(59392K), 0.0035110 secs] [Times: user=0.01 sys=0.00, real=0.00 secs] 
161.692: Total time for which application threads were stopped: 0.0036880 seconds, Stopping threads took: 0.0001100 seconds
161.727: Application time: 0.0353480 seconds
161.727: [GC161.728: [DefNew: 17122K->17122K(18432K), 0.0000100 secs]161.728: [Tenured: 35800K->25825K(40960K), 0.0093440 secs] 52922K->25825K(59392K), [Perm : 6107K->6107K(21248K)], 0.0094030 secs] [Times: user=0.01 sys=0.00, real=0.01 secs] 
161.737: Total time for which application threads were stopped: 0.0095460 seconds, Stopping threads took: 0.0000720 seconds
161.792: Application time: 0.0549530 seconds
161.792: [GC161.792: [DefNew: 15688K->15688K(18432K), 0.0000100 secs]161.792: [Tenured: 25825K->25825K(40960K), 0.0091050 secs] 41514K->25825K(59392K), [Perm : 6107K->6107K(21248K)], 0.0091650 secs] [Times: user=0.01 sys=0.00, real=0.01 secs] 
161.801: Total time for which application threads were stopped: 0.0093030 seconds, Stopping threads took: 0.0000670 seconds
161.859: Application time: 0.0579460 seconds
161.859: [GC161.859: [DefNew: 15688K->15688K(18432K), 0.0000090 secs]161.859: [Tenured: 25825K->26537K(40960K), 0.0091650 secs] 41514K->26537K(59392K), [Perm : 6107K->6107K(21248K)], 0.0092260 secs] [Times: user=0.01 sys=0.00, real=0.01 secs] 
161.869: Total time for which application threads were stopped: 0.0093600 seconds, Stopping threads took: 0.0000650 seconds
161.928: Application time: 0.0594660 seconds
161.928: [GC161.928: [DefNew: 15688K->15688K(18432K), 0.0000100 secs]161.928: [Tenured: 26537K->25824K(40960K), 0.0108770 secs] 42226K->25824K(59392K), [Perm : 6107K->6107K(21248K)], 0.0109400 secs] [Times: user=0.01 sys=0.00, real=0.01 secs] 
161.939: Total time for which application threads were stopped: 0.0110980 seconds, Stopping threads took: 0.0000890 seconds
161.968: Application time: 0.0290100 seconds
161.968: [GC161.968: [DefNew: 15688K->15688K(18432K), 0.0000100 secs]161.968: [Tenured: 25824K->26537K(40960K), 0.0092960 secs] 41513K->26537K(59392K), [Perm : 6107K->6107K(21248K)], 0.0093520 secs] [Times: user=0.01 sys=0.00, real=0.01 secs] 
161.978: Total time for which application threads were stopped: 0.0095250 seconds, Stopping threads took: 0.0001040 seconds
162.037: Application time: 0.0592970 seconds
162.037: [GC162.037: [DefNew: 15688K->15688K(18432K), 0.0000100 secs]162.037: [Tenured: 26537K->25824K(40960K), 0.0090710 secs] 42226K->25824K(59392K), [Perm : 6107K->6107K(21248K)], 0.0091290 secs] [Times: user=0.01 sys=0.00, real=0.01 secs] 
162.046: Total time for which application threads were stopped: 0.0092730 seconds, Stopping threads took: 0.0000750 seconds
162.115: Application time: 0.0690010 seconds
162.115: [GC162.115: [DefNew: 15699K->15699K(18432K), 0.0000090 secs]162.115: [Tenured: 25824K->24400K(40960K), 0.0089650 secs] 41524K->24400K(59392K), [Perm : 6107K->6107K(21248K)], 0.0090250 secs] [Times: user=0.01 sys=0.00, real=0.00 secs] 
162.124: Total time for which application threads were stopped: 0.0092180 seconds, Stopping threads took: 0.0001170 seconds
162.156: Application time: 0.0317620 seconds
162.156: [GC162.156: [DefNew: 15699K->1426K(18432K), 0.0037080 secs] 40099K->37227K(59392K), 0.0037480 secs] [Times: user=0.00 sys=0.00, real=0.00 secs] 
162.160: Total time for which application threads were stopped: 0.0038770 seconds, Stopping threads took: 0.0000620 seconds
162.208: Application time: 0.0477600 seconds
162.208: [GC162.208: [DefNew: 17116K->17116K(18432K), 0.0000090 secs]162.208: [Tenured: 35801K->25824K(40960K), 0.0100040 secs] 52918K->25824K(59392K), [Perm : 6107K->6107K(21248K)], 0.0100700 secs] [Times: user=0.01 sys=0.00, real=0.01 secs] 
162.218: Total time for which application threads were stopped: 0.0102020 seconds, Stopping threads took: 0.0000620 seconds
162.287: Application time: 0.0690940 seconds
162.287: [GC162.287: [DefNew: 15690K->15690K(18432K), 0.0000100 secs]162.287: [Tenured: 25824K->27249K(40960K), 0.0090740 secs] 41515K->27249K(59392K), [Perm : 6107K->6107K(21248K)], 0.0091350 secs] [Times: user=0.01 sys=0.00, real=0.01 secs] 
162.296: Total time for which application threads were stopped: 0.0092650 seconds, Stopping threads took: 0.0000590 seconds
162.330: Application time: 0.0341000 seconds
162.331: [GC162.331: [DefNew: 15695K->15695K(18432K), 0.0000100 secs]162.331: [Tenured: 27249K->27963K(40960K), 0.0099970 secs] 42945K->27963K(59392K), [Perm : 6107K->6107K(21248K)], 0.0100570 secs] [Times: user=0.01 sys=0.00, real=0.01 secs] 
162.341: Total time for which application threads were stopped: 0.0101930 seconds, Stopping threads took: 0.0000640 seconds
162.395: Application time: 0.0539160 seconds
162.395: [GC162.395: [DefNew: 15688K->15688K(18432K), 0.0000100 secs]162.395: [Tenured: 27963K->27250K(40960K), 0.0091220 secs] 43651K->27250K(59392K), [Perm : 6107K->6107K(21248K)], 0.0091820 secs] [Times: user=0.01 sys=0.00, real=0.00 secs] 
162.404: Total time for which application threads were stopped: 0.0093470 seconds, Stopping threads took: 0.0000860 seconds
162.444: Application time: 0.0396890 seconds
162.444: [GC162.444: [DefNew: 15727K->15727K(18432K), 0.0000090 secs]162.444: [Tenured: 27250K->27962K(40960K), 0.0109250 secs] 42977K->27962K(59392K), [Perm : 6107K->6107K(21248K)], 0.0109810 secs] [Times: user=0.01 sys=0.00, real=0.02 secs] 
162.455: Total time for which application threads were stopped: 0.0111430 seconds, Stopping threads took: 0.0000850 seconds
162.464: Application time: 0.0089450 seconds
162.464: [GC162.464: [DefNew: 15677K->15677K(18432K), 0.0000100 secs]162.464: [Tenured: 27962K->28674K(40960K), 0.0065840 secs] 43639K->28674K(59392K), [Perm : 6107K->6107K(21248K)], 0.0066360 secs] [Times: user=0.01 sys=0.00, real=0.01 secs] 
162.470: Total time for which application threads were stopped: 0.0067770 seconds, Stopping threads took: 0.0000720 seconds
162.476: Application time: 0.0050710 seconds
162.476: [GC162.476: [DefNew: 15685K->15685K(18432K), 0.0000100 secs]162.476: [Tenured: 28674K->27962K(40960K), 0.0089480 secs] 44360K->27962K(59392K), [Perm : 6107K->6107K(21248K)], 0.0090060 secs] [Times: user=0.01 sys=0.00, real=0.00 secs] 
162.485: Total time for which application threads were stopped: 0.0091610 seconds, Stopping threads took: 0.0000840 seconds
162.489: Application time: 0.0040960 seconds
162.489: [GC162.489: [DefNew: 15679K->15679K(18432K), 0.0000110 secs]162.489: [Tenured: 27962K->26537K(40960K), 0.0101700 secs] 43641K->26537K(59392K), [Perm : 6107K->6107K(21248K)], 0.0102340 secs] [Times: user=0.01 sys=0.00, real=0.01 secs] 
162.499: Total time for which application threads were stopped: 0.0105350 seconds, Stopping threads took: 0.0002280 seconds
162.506: Application time: 0.0071000 seconds
162.507: [GC162.507: [DefNew: 15690K->15690K(18432K), 0.0000100 secs]162.507: [Tenured: 26537K->26537K(40960K), 0.0095710 secs] 42227K->26537K(59392K), [Perm : 6107K->6107K(21248K)], 0.0096310 secs] [Times: user=0.01 sys=0.00, real=0.01 secs] 
162.516: Total time for which application threads were stopped: 0.0098460 seconds, Stopping threads took: 0.0001450 seconds
162.523: Application time: 0.0065990 seconds
162.523: [GC162.523: [DefNew: 15681K->15681K(18432K), 0.0000100 secs]162.523: [Tenured: 26537K->27962K(40960K), 0.0069240 secs] 42218K->27962K(59392K), [Perm : 6107K->6107K(21248K)], 0.0069820 secs] [Times: user=0.01 sys=0.00, real=0.01 secs] 
162.530: Total time for which application threads were stopped: 0.0073320 seconds, Stopping threads took: 0.0002560 seconds
162.536: Application time: 0.0052850 seconds
162.536: [GC162.536: [DefNew: 15692K->15692K(18432K), 0.0000110 secs]162.536: [Tenured: 27962K->26538K(40960K), 0.0097110 secs] 43655K->26538K(59392K), [Perm : 6107K->6107K(21248K)], 0.0097720 secs] [Times: user=0.01 sys=0.00, real=0.01 secs] 
162.546: Total time for which application threads were stopped: 0.0103420 seconds, Stopping threads took: 0.0004980 seconds
162.550: Application time: 0.0038420 seconds
162.550: [GC162.550: [DefNew: 15688K->15688K(18432K), 0.0000090 secs]162.550: [Tenured: 26538K->30102K(40960K), 0.0072490 secs] 42226K->30102K(59392K), [Perm : 6107K->6107K(21248K)], 0.0073090 secs] [Times: user=0.01 sys=0.00, real=0.01 secs] 
162.557: Total time for which application threads were stopped: 0.0075040 seconds, Stopping threads took: 0.0001030 seconds
162.561: Application time: 0.0037750 seconds
162.561: [GC162.561: [DefNew: 15679K->15679K(18432K), 0.0000100 secs]162.561: [Tenured: 30102K->28675K(40960K), 0.0094740 secs] 45781K->28675K(59392K), [Perm : 6107K->6107K(21248K)], 0.0095330 secs] [Times: user=0.01 sys=0.00, real=0.01 secs] 
162.571: Total time for which application threads were stopped: 0.0097250 seconds, Stopping threads took: 0.0001190 seconds
162.619: Application time: 0.0483780 seconds
162.619: [GC162.619: [DefNew: 15692K->15692K(18432K), 0.0000100 secs]162.619: [Tenured: 28675K->27249K(40960K), 0.0096490 secs] 44367K->27249K(59392K), [Perm : 6107K->6107K(21248K)], 0.0097090 secs] [Times: user=0.01 sys=0.00, real=0.01 secs] 
162.629: Total time for which application threads were stopped: 0.0098460 seconds, Stopping threads took: 0.0000560 seconds
162.663: Application time: 0.0337310 seconds
162.663: [GC162.663: [DefNew: 15688K->15688K(18432K), 0.0000100 secs]162.663: [Tenured: 27249K->28674K(40960K), 0.0101680 secs] 42938K->28674K(59392K), [Perm : 6107K->6107K(21248K)], 0.0102300 secs] [Times: user=0.01 sys=0.00, real=0.01 secs] 
162.673: Total time for which application threads were stopped: 0.0104170 seconds, Stopping threads took: 0.0001160 seconds
162.727: Application time: 0.0535950 seconds
162.727: [GC162.727: [DefNew: 15718K->15718K(18432K), 0.0000090 secs]162.727: [Tenured: 28674K->29416K(40960K), 0.0092370 secs] 44393K->29416K(59392K), [Perm : 6107K->6107K(21248K)], 0.0092940 secs] [Times: user=0.01 sys=0.00, real=0.01 secs] 
162.736: Total time for which application threads were stopped: 0.0094620 seconds, Stopping threads took: 0.0001010 seconds
162.742: Application time: 0.0056080 seconds
162.742: [GC162.742: [DefNew: 15684K->15684K(18432K), 0.0000090 secs]162.742: [Tenured: 29416K->26536K(40960K), 0.0106870 secs] 45100K->26536K(59392K), [Perm : 6107K->6107K(21248K)], 0.0107410 secs] [Times: user=0.01 sys=0.00, real=0.01 secs] 
162.753: Total time for which application threads were stopped: 0.0109830 seconds, Stopping threads took: 0.0001730 seconds
162.760: Application time: 0.0074900 seconds
162.760: [GC162.760: [DefNew: 15685K->15685K(18432K), 0.0000100 secs]162.760: [Tenured: 26536K->29387K(40960K), 0.0064040 secs] 42222K->29387K(59392K), [Perm : 6107K->6107K(21248K)], 0.0064610 secs] [Times: user=0.01 sys=0.00, real=0.01 secs] 
162.767: Total time for which application threads were stopped: 0.0066460 seconds, Stopping threads took: 0.0001170 seconds
162.771: Application time: 0.0040630 seconds
162.771: [GC162.771: [DefNew: 15679K->15679K(18432K), 0.0000100 secs]162.771: [Tenured: 29387K->28674K(40960K), 0.0096180 secs] 45067K->28674K(59392K), [Perm : 6107K->6107K(21248K)], 0.0096770 secs] [Times: user=0.01 sys=0.00, real=0.01 secs] 
162.781: Total time for which application threads were stopped: 0.0098350 seconds, Stopping threads took: 0.0000850 seconds
162.788: Application time: 0.0069310 seconds
162.788: [GC162.788: [DefNew: 15687K->15687K(18432K), 0.0000110 secs]162.788: [Tenured: 28674K->27961K(40960K), 0.0100250 secs] 44362K->27961K(59392K), [Perm : 6107K->6107K(21248K)], 0.0100850 secs] [Times: user=0.01 sys=0.00, real=0.01 secs] 
162.798: Total time for which application threads were stopped: 0.0102950 seconds, Stopping threads took: 0.0001310 seconds
162.805: Application time: 0.0070390 seconds
162.805: [GC162.805: [DefNew: 15678K->15678K(18432K), 0.0000090 secs]162.805: [Tenured: 27961K->27962K(40960K), 0.0061970 secs] 43640K->27962K(59392K), [Perm : 6107K->6107K(21248K)], 0.0062480 secs] [Times: user=0.01 sys=0.00, real=0.01 secs] 
162.811: Total time for which application threads were stopped: 0.0063860 seconds, Stopping threads took: 0.0000700 seconds
162.819: Application time: 0.0076330 seconds
162.819: [GC162.819: [DefNew: 15680K->15680K(18432K), 0.0000100 secs]162.819: [Tenured: 27962K->28674K(40960K), 0.0064570 secs] 43642K->28674K(59392K), [Perm : 6107K->6107K(21248K)], 0.0065100 secs] [Times: user=0.01 sys=0.00, real=0.01 secs] 
162.826: Total time for which application threads were stopped: 0.0067750 seconds, Stopping threads took: 0.0001800 seconds
162.830: Application time: 0.0038350 seconds
162.830: [GC162.830: [DefNew: 15688K->15688K(18432K), 0.0000100 secs]162.830: [Tenured: 28674K->30100K(40960K), 0.0060630 secs] 44363K->30100K(59392K), [Perm : 6107K->6107K(21248K)], 0.0061200 secs] [Times: user=0.00 sys=0.00, real=0.01 secs] 
162.836: Total time for which application threads were stopped: 0.0062610 seconds, Stopping threads took: 0.0000710 seconds
162.840: Application time: 0.0038030 seconds
162.840: [GC162.840: [DefNew: 15678K->15678K(18432K), 0.0000090 secs]162.840: [Tenured: 30100K->30100K(40960K), 0.0060460 secs] 45779K->30100K(59392K), [Perm : 6107K->6107K(21248K)], 0.0061030 secs] [Times: user=0.01 sys=0.00, real=0.01 secs] 
162.846: Total time for which application threads were stopped: 0.0062490 seconds, Stopping threads took: 0.0000770 seconds
162.877: Application time: 0.0310690 seconds
162.877: [GC162.877: [DefNew: 15727K->15727K(18432K), 0.0000100 secs]162.877: [Tenured: 30100K->24399K(40960K), 0.0108710 secs] 45827K->24399K(59392K), [Perm : 6107K->6107K(21248K)], 0.0109290 secs] [Times: user=0.01 sys=0.00, real=0.01 secs] 
162.888: Total time for which application threads were stopped: 0.0110620 seconds, Stopping threads took: 0.0000630 seconds
162.895: Application time: 0.0068460 seconds
162.895: [GC162.895: [DefNew: 15681K->1425K(18432K), 0.0017280 secs] 40080K->29387K(59392K), 0.0017620 secs] [Times: user=0.00 sys=0.00, real=0.00 secs] 
162.897: Total time for which application threads were stopped: 0.0020280 seconds, Stopping threads took: 0.0001830 seconds
162.904: Application time: 0.0072880 seconds
162.904: [GC162.904: [DefNew: 17104K->17104K(18432K), 0.0000100 secs]162.904: [Tenured: 27961K->27249K(40960K), 0.0092510 secs] 45066K->27249K(59392K), [Perm : 6107K->6107K(21248K)], 0.0093080 secs] [Times: user=0.01 sys=0.00, real=0.02 secs] 
162.914: Total time for which application threads were stopped: 0.0094580 seconds, Stopping threads took: 0.0000790 seconds
162.918: Application time: 0.0044360 seconds
162.918: [GC162.918: [DefNew: 15685K->15685K(18432K), 0.0000100 secs]162.918: [Tenured: 27249K->27961K(40960K), 0.0091520 secs] 42935K->27961K(59392K), [Perm : 6107K->6107K(21248K)], 0.0092110 secs] [Times: user=0.01 sys=0.00, real=0.01 secs] 
162.928: Total time for which application threads were stopped: 0.0093610 seconds, Stopping threads took: 0.0000760 seconds
162.934: Application time: 0.0059130 seconds
162.934: [GC162.934: [DefNew: 15685K->15685K(18432K), 0.0000100 secs]162.934: [Tenured: 27961K->27962K(40960K), 0.0059180 secs] 43647K->27962K(59392K), [Perm : 6107K->6107K(21248K)], 0.0059740 secs] [Times: user=0.01 sys=0.00, real=0.00 secs] 
162.940: Total time for which application threads were stopped: 0.0061580 seconds, Stopping threads took: 0.0001150 seconds
162.947: Application time: 0.0073120 seconds
162.947: [GC162.947: [DefNew: 15678K->15678K(18432K), 0.0000100 secs]162.947: [Tenured: 27962K->26536K(40960K), 0.0077130 secs] 43641K->26536K(59392K), [Perm : 6107K->6107K(21248K)], 0.0077790 secs] [Times: user=0.01 sys=0.00, real=0.01 secs] 
162.955: Total time for which application threads were stopped: 0.0079840 seconds, Stopping threads took: 0.0001230 seconds
162.962: Application time: 0.0067620 seconds
162.962: [GC162.962: [DefNew: 15680K->15680K(18432K), 0.0000090 secs]162.962: [Tenured: 26536K->27962K(40960K), 0.0061400 secs] 42217K->27962K(59392K), [Perm : 6107K->6107K(21248K)], 0.0061950 secs] [Times: user=0.01 sys=0.00, real=0.01 secs] 
162.968: Total time for which application threads were stopped: 0.0063520 seconds, Stopping threads took: 0.0000880 seconds
162.973: Application time: 0.0044300 seconds
162.973: [GC162.973: [DefNew: 15686K->15686K(18432K), 0.0000090 secs]162.973: [Tenured: 27962K->27250K(40960K), 0.0061360 secs] 43649K->27250K(59392K), [Perm : 6107K->6107K(21248K)], 0.0061900 secs] [Times: user=0.01 sys=0.00, real=0.01 secs] 
162.979: Total time for which application threads were stopped: 0.0063450 seconds, Stopping threads took: 0.0000860 seconds
162.983: Application time: 0.0039240 seconds
162.983: [GC162.983: [DefNew: 15682K->15682K(18432K), 0.0000110 secs]162.983: [Tenured: 27250K->25824K(40960K), 0.0098100 secs] 42933K->25824K(59392K), [Perm : 6107K->6107K(21248K)], 0.0098710 secs] [Times: user=0.01 sys=0.00, real=0.01 secs] 
162.993: Total time for which application threads were stopped: 0.0101300 seconds, Stopping threads took: 0.0001860 seconds
163.022: Application time: 0.0287030 seconds
163.022: [GC163.022: [DefNew: 15692K->15692K(18432K), 0.0000100 secs]163.022: [Tenured: 25824K->25824K(40960K), 0.0094420 secs] 41516K->25824K(59392K), [Perm : 6107K->6107K(21248K)], 0.0095010 secs] [Times: user=0.01 sys=0.00, real=0.01 secs] 
163.031: Total time for which application threads were stopped: 0.0096320 seconds, Stopping threads took: 0.0000580 seconds
163.086: Application time: 0.0548730 seconds
163.086: [GC163.086: [DefNew: 15690K->15690K(18432K), 0.0000100 secs]163.086: [Tenured: 25824K->27249K(40960K), 0.0099860 secs] 41514K->27249K(59392K), [Perm : 6107K->6107K(21248K)], 0.0100440 secs] [Times: user=0.01 sys=0.00, real=0.01 secs] 
163.096: Total time for which application threads were stopped: 0.0101880 seconds, Stopping threads took: 0.0000750 seconds
163.160: Application time: 0.0640040 seconds
163.160: [GC163.160: [DefNew: 15690K->15690K(18432K), 0.0000100 secs]163.160: [Tenured: 27249K->27249K(40960K), 0.0096610 secs] 42939K->27249K(59392K), [Perm : 6107K->6107K(21248K)], 0.0097180 secs] [Times: user=0.01 sys=0.00, real=0.01 secs] 
163.170: Total time for which application threads were stopped: 0.0098700 seconds, Stopping threads took: 0.0000710 seconds
163.210: Application time: 0.0394810 seconds
163.210: [GC163.210: [DefNew: 15689K->15689K(18432K), 0.0000110 secs]163.210: [Tenured: 27249K->27249K(40960K), 0.0097060 secs] 42938K->27249K(59392K), [Perm : 6107K->6107K(21248K)], 0.0097660 secs] [Times: user=0.01 sys=0.00, real=0.01 secs] 
163.220: Total time for which application threads were stopped: 0.0099010 seconds, Stopping threads took: 0.0000620 seconds
163.285: Application time: 0.0650900 seconds
163.285: [GC163.285: [DefNew: 15913K->15913K(18432K), 0.0000100 secs]163.285: [Tenured: 27249K->23688K(40960K), 0.0107650 secs] 43162K->23688K(59392K), [Perm : 6107K->6107K(21248K)], 0.0108200 secs] [Times: user=0.01 sys=0.00, real=0.02 secs] 
163.296: Total time for which application threads were stopped: 0.0110840 seconds, Stopping threads took: 0.0001960 seconds
163.310: Application time: 0.0140150 seconds
163.310: [GC163.310: [DefNew: 16206K->1426K(18432K), 0.0027220 secs] 39894K->32239K(59392K), 0.0027600 secs] [Times: user=0.00 sys=0.00, real=0.00 secs] 
163.313: Total time for which application threads were stopped: 0.0028960 seconds, Stopping threads took: 0.0000670 seconds
163.322: Application time: 0.0088720 seconds
163.322: [GC163.322: [DefNew: 17103K->17103K(18432K), 0.0000100 secs]163.322: [Tenured: 30813K->26536K(40960K), 0.0090600 secs] 47916K->26536K(59392K), [Perm : 6107K->6107K(21248K)], 0.0091200 secs] [Times: user=0.01 sys=0.00, real=0.01 secs] 
163.331: Total time for which application threads were stopped: 0.0092910 seconds, Stopping threads took: 0.0000900 seconds
163.336: Application time: 0.0047110 seconds
163.336: [GC163.336: [DefNew: 15683K->15683K(18432K), 0.0000100 secs]163.336: [Tenured: 26536K->27962K(40960K), 0.0063770 secs] 42219K->27962K(59392K), [Perm : 6107K->6107K(21248K)], 0.0064420 secs] [Times: user=0.01 sys=0.00, real=0.00 secs] 
163.342: Total time for which application threads were stopped: 0.0066420 seconds, Stopping threads took: 0.0001110 seconds
163.349: Application time: 0.0067430 seconds
163.349: [GC163.349: [DefNew: 15685K->15685K(18432K), 0.0000090 secs]163.349: [Tenured: 27962K->27961K(40960K), 0.0069060 secs] 43647K->27961K(59392K), [Perm : 6107K->6107K(21248K)], 0.0069610 secs] [Times: user=0.01 sys=0.00, real=0.01 secs] 
163.356: Total time for which application threads were stopped: 0.0071310 seconds, Stopping threads took: 0.0001000 seconds
163.363: Application time: 0.0065870 seconds
163.363: [GC163.363: [DefNew: 15678K->15678K(18432K), 0.0000100 secs]163.363: [Tenured: 27961K->27248K(40960K), 0.0093900 secs] 43639K->27248K(59392K), [Perm : 6107K->6107K(21248K)], 0.0094520 secs] [Times: user=0.01 sys=0.00, real=0.01 secs] 
163.372: Total time for which application threads were stopped: 0.0096040 seconds, Stopping threads took: 0.0000770 seconds
163.379: Application time: 0.0065800 seconds
163.379: [GC163.379: [DefNew: 15681K->15681K(18432K), 0.0000100 secs]163.379: [Tenured: 27248K->26536K(40960K), 0.0087720 secs] 42930K->26536K(59392K), [Perm : 6107K->6107K(21248K)], 0.0088320 secs] [Times: user=0.01 sys=0.00, real=0.01 secs] 
163.388: Total time for which application threads were stopped: 0.0089890 seconds, Stopping threads took: 0.0000840 seconds
163.393: Application time: 0.0047620 seconds
163.393: [GC163.393: [DefNew: 15688K->15688K(18432K), 0.0000100 secs]163.393: [Tenured: 26536K->25824K(40960K), 0.0094330 secs] 42225K->25824K(59392K), [Perm : 6107K->6107K(21248K)], 0.0094930 secs] [Times: user=0.01 sys=0.00, real=0.01 secs] 
163.402: Total time for which application threads were stopped: 0.0097300 seconds, Stopping threads took: 0.0001650 seconds
163.406: Application time: 0.0040960 seconds
163.407: [GC163.407: [DefNew: 16125K->16125K(18432K), 0.0000090 secs]163.407: [Tenured: 25824K->25147K(40960K), 0.0083590 secs] 41949K->25147K(59392K), [Perm : 6107K->6107K(21248K)], 0.0084200 secs] [Times: user=0.01 sys=0.00, real=0.01 secs] 
163.415: Total time for which application threads were stopped: 0.0085750 seconds, Stopping threads took: 0.0000830 seconds
163.427: Application time: 0.0115000 seconds
163.427: [GC163.427: [DefNew: 15989K->15989K(18432K), 0.0000100 secs]163.427: [Tenured: 25147K->25111K(40960K), 0.0100110 secs] 41136K->25111K(59392K), [Perm : 6107K->6107K(21248K)], 0.0100710 secs] [Times: user=0.01 sys=0.00, real=0.01 secs] 
163.437: Total time for which application threads were stopped: 0.0102600 seconds, Stopping threads took: 0.0001170 seconds
163.443: Application time: 0.0065100 seconds
163.443: [GC163.443: [DefNew: 15681K->1425K(18432K), 0.0013080 secs] 40792K->28673K(59392K), 0.0013360 secs] [Times: user=0.01 sys=0.00, real=0.00 secs] 
163.445: Total time for which application threads were stopped: 0.0014870 seconds, Stopping threads took: 0.0000920 seconds
163.452: Application time: 0.0071380 seconds
163.452: [GC163.452: [DefNew: 17110K->17110K(18432K), 0.0000100 secs]163.452: [Tenured: 27248K->25823K(40960K), 0.0093190 secs] 44359K->25823K(59392K), [Perm : 6107K->6107K(21248K)], 0.0093850 secs] [Times: user=0.01 sys=0.00, real=0.01 secs] 
163.461: Total time for which application threads were stopped: 0.0095440 seconds, Stopping threads took: 0.0000910 seconds
163.465: Application time: 0.0039940 seconds
163.466: [GC163.466: [DefNew: 15679K->15679K(18432K), 0.0000100 secs]163.466: [Tenured: 25823K->25823K(40960K), 0.0086200 secs] 41503K->25823K(59392K), [Perm : 6107K->6107K(21248K)], 0.0086790 secs] [Times: user=0.01 sys=0.00, real=0.01 secs] 
163.474: Total time for which application threads were stopped: 0.0088260 seconds, Stopping threads took: 0.0000750 seconds
163.481: Application time: 0.0062620 seconds
163.481: [GC163.481: [DefNew: 15687K->15687K(18432K), 0.0000090 secs]163.481: [Tenured: 25823K->25823K(40960K), 0.0098120 secs] 41511K->25823K(59392K), [Perm : 6107K->6107K(21248K)], 0.0098780 secs] [Times: user=0.01 sys=0.00, real=0.01 secs] 
163.491: Total time for which application threads were stopped: 0.0100450 seconds, Stopping threads took: 0.0000970 seconds
163.498: Application time: 0.0077550 seconds
163.499: [GC163.499: [DefNew: 15678K->15678K(18432K), 0.0000100 secs]163.499: [Tenured: 25823K->25111K(40960K), 0.0068070 secs] 41502K->25111K(59392K), [Perm : 6107K->6107K(21248K)], 0.0068640 secs] [Times: user=0.01 sys=0.00, real=0.00 secs] 
163.505: Total time for which application threads were stopped: 0.0070300 seconds, Stopping threads took: 0.0000960 seconds
163.512: Application time: 0.0069890 seconds
163.513: [GC163.513: [DefNew: 15686K->1426K(18432K), 0.0005720 secs] 40798K->26537K(59392K), 0.0006020 secs] [Times: user=0.00 sys=0.00, real=0.00 secs] 
163.513: Total time for which application threads were stopped: 0.0007740 seconds, Stopping threads took: 0.0001150 seconds
163.517: Application time: 0.0038430 seconds
163.517: [GC163.517: [DefNew: 17106K->17106K(18432K), 0.0000100 secs]163.517: [Tenured: 25111K->26537K(40960K), 0.0060420 secs] 42217K->26537K(59392K), [Perm : 6107K->6107K(21248K)], 0.0061010 secs] [Times: user=0.01 sys=0.00, real=0.00 secs] 
163.523: Total time for which application threads were stopped: 0.0062940 seconds, Stopping threads took: 0.0001150 seconds
163.527: Application time: 0.0035480 seconds
163.527: [GC163.527: [DefNew: 15678K->15678K(18432K), 0.0000100 secs]163.527: [Tenured: 26537K->27962K(40960K), 0.0061310 secs] 42215K->27962K(59392K), [Perm : 6107K->6107K(21248K)], 0.0061880 secs] [Times: user=0.01 sys=0.00, real=0.00 secs] 
163.533: Total time for which application threads were stopped: 0.0063460 seconds, Stopping threads took: 0.0000890 seconds
163.568: Application time: 0.0349270 seconds
163.568: [GC163.568: [DefNew: 15696K->15696K(18432K), 0.0000110 secs]163.568: [Tenured: 27962K->25823K(40960K), 0.0102070 secs] 43658K->25823K(59392K), [Perm : 6107K->6107K(21248K)], 0.0102670 secs] [Times: user=0.01 sys=0.00, real=0.01 secs] 
163.579: Total time for which application threads were stopped: 0.0104070 seconds, Stopping threads took: 0.0000690 seconds
163.649: Application time: 0.0707330 seconds
163.649: [GC163.649: [DefNew: 15689K->15689K(18432K), 0.0000170 secs]163.649: [Tenured: 25823K->25823K(40960K), 0.0097790 secs] 41513K->25823K(59392K), [Perm : 6107K->6107K(21248K)], 0.0098420 secs] [Times: user=0.00 sys=0.00, real=0.01 secs] 
163.659: Total time for which application threads were stopped: 0.0099840 seconds, Stopping threads took: 0.0000730 seconds
163.689: Application time: 0.0299490 seconds
163.689: [GC163.689: [DefNew: 15718K->15718K(18432K), 0.0000100 secs]163.689: [Tenured: 25823K->26565K(40960K), 0.0092550 secs] 41541K->26565K(59392K), [Perm : 6107K->6107K(21248K)], 0.0093140 secs] [Times: user=0.01 sys=0.00, real=0.01 secs] 
163.699: Total time for which application threads were stopped: 0.0095070 seconds, Stopping threads took: 0.0001140 seconds
163.707: Application time: 0.0081140 seconds
163.707: [GC163.707: [DefNew: 15677K->15677K(18432K), 0.0000100 secs]163.707: [Tenured: 26565K->27277K(40960K), 0.0061230 secs] 42242K->27277K(59392K), [Perm : 6107K->6107K(21248K)], 0.0061800 secs] [Times: user=0.01 sys=0.00, real=0.00 secs] 
163.713: Total time for which application threads were stopped: 0.0063280 seconds, Stopping threads took: 0.0000770 seconds
163.719: Application time: 0.0054560 seconds
163.719: [GC163.719: [DefNew: 15683K->15683K(18432K), 0.0000100 secs]163.719: [Tenured: 27277K->27278K(40960K), 0.0060210 secs] 42961K->27278K(59392K), [Perm : 6107K->6107K(21248K)], 0.0060790 secs] [Times: user=0.00 sys=0.00, real=0.00 secs] 
163.725: Total time for which application threads were stopped: 0.0062280 seconds, Stopping threads took: 0.0000790 seconds
163.730: Application time: 0.0047940 seconds
163.730: [GC163.730: [DefNew: 15679K->15679K(18432K), 0.0000100 secs]163.730: [Tenured: 27278K->23685K(40960K), 0.0105940 secs] 42958K->23685K(59392K), [Perm : 6107K->6107K(21248K)], 0.0106640 secs] [Times: user=0.01 sys=0.00, real=0.01 secs] 
163.740: Total time for which application threads were stopped: 0.0108090 seconds, Stopping threads took: 0.0000690 seconds
163.747: Application time: 0.0061370 seconds
163.747: [GC163.747: [DefNew: 15688K->1426K(18432K), 0.0019120 secs] 39373K->29386K(59392K), 0.0019480 secs] [Times: user=0.00 sys=0.00, real=0.00 secs] 
163.749: Total time for which application threads were stopped: 0.0021030 seconds, Stopping threads took: 0.0000870 seconds
163.755: Application time: 0.0065600 seconds
163.755: [GC163.755: [DefNew: 17105K->17105K(18432K), 0.0000100 secs]163.755: [Tenured: 27960K->25823K(40960K), 0.0092470 secs] 45065K->25823K(59392K), [Perm : 6107K->6107K(21248K)], 0.0093070 secs] [Times: user=0.01 sys=0.00, real=0.00 secs] 
163.765: Total time for which application threads were stopped: 0.0094600 seconds, Stopping threads took: 0.0000800 seconds
163.770: Application time: 0.0054840 seconds
163.770: [GC163.770: [DefNew: 15688K->15688K(18432K), 0.0000100 secs]163.770: [Tenured: 25823K->25823K(40960K), 0.0097110 secs] 41512K->25823K(59392K), [Perm : 6107K->6107K(21248K)], 0.0097780 secs] [Times: user=0.01 sys=0.00, real=0.01 secs] 
163.780: Total time for which application threads were stopped: 0.0099770 seconds, Stopping threads took: 0.0001130 seconds
163.784: Application time: 0.0039400 seconds
163.784: [GC163.784: [DefNew: 15679K->15679K(18432K), 0.0000100 secs]163.784: [Tenured: 25823K->26536K(40960K), 0.0060360 secs] 41503K->26536K(59392K), [Perm : 6107K->6107K(21248K)], 0.0060940 secs] [Times: user=0.01 sys=0.00, real=0.01 secs] 
163.791: Total time for which application threads were stopped: 0.0064110 seconds, Stopping threads took: 0.0002380 seconds
163.796: Application time: 0.0051480 seconds
163.796: [GC163.796: [DefNew: 15681K->15681K(18432K), 0.0000100 secs]163.796: [Tenured: 26536K->21546K(40960K), 0.0099080 secs] 42218K->21546K(59392K), [Perm : 6107K->6107K(21248K)], 0.0099650 secs] [Times: user=0.01 sys=0.00, real=0.01 secs] 
163.806: Total time for which application threads were stopped: 0.0103940 seconds, Stopping threads took: 0.0003430 seconds
163.822: Application time: 0.0155400 seconds
163.822: [GC163.822: [DefNew: 15726K->1455K(18432K), 0.0023750 secs] 37273K->28702K(59392K), 0.0024140 secs] [Times: user=0.01 sys=0.00, real=0.00 secs] 
163.824: Total time for which application threads were stopped: 0.0025870 seconds, Stopping threads took: 0.0000940 seconds
163.832: Application time: 0.0079740 seconds
163.832: [GC163.832: [DefNew: 17132K->17132K(18432K), 0.0000090 secs]163.832: [Tenured: 27246K->25851K(40960K), 0.0090490 secs] 44379K->25851K(59392K), [Perm : 6107K->6107K(21248K)], 0.0091270 secs] [Times: user=0.01 sys=0.00, real=0.01 secs] 
163.841: Total time for which application threads were stopped: 0.0092820 seconds, Stopping threads took: 0.0000800 seconds
163.846: Application time: 0.0049350 seconds
163.847: [GC163.847: [DefNew: 15683K->15683K(18432K), 0.0000100 secs]163.847: [Tenured: 25851K->25851K(40960K), 0.0062830 secs] 41535K->25851K(59392K), [Perm : 6107K->6107K(21248K)], 0.0063420 secs] [Times: user=0.01 sys=0.00, real=0.00 secs] 
163.853: Total time for which application threads were stopped: 0.0064870 seconds, Stopping threads took: 0.0000730 seconds
163.859: Application time: 0.0062020 seconds
163.859: [GC163.859: [DefNew: 15685K->15685K(18432K), 0.0000090 secs]163.859: [Tenured: 25851K->25851K(40960K), 0.0062980 secs] 41537K->25851K(59392K), [Perm : 6107K->6107K(21248K)], 0.0063530 secs] [Times: user=0.01 sys=0.00, real=0.01 secs] 
163.866: Total time for which application threads were stopped: 0.0064900 seconds, Stopping threads took: 0.0000670 seconds
163.873: Application time: 0.0073270 seconds
163.873: [GC163.873: [DefNew: 15678K->15678K(18432K), 0.0000100 secs]163.873: [Tenured: 25851K->23685K(40960K), 0.0095480 secs] 41530K->23685K(59392K), [Perm : 6107K->6107K(21248K)], 0.0096070 secs] [Times: user=0.01 sys=0.00, real=0.01 secs] 
163.883: Total time for which application threads were stopped: 0.0097690 seconds, Stopping threads took: 0.0000760 seconds
163.888: Application time: 0.0057860 seconds
163.889: [GC163.889: [DefNew: 15683K->1425K(18432K), 0.0016500 secs] 39369K->28673K(59392K), 0.0016820 secs] [Times: user=0.00 sys=0.00, real=0.00 secs] 
163.890: Total time for which application threads were stopped: 0.0018220 seconds, Stopping threads took: 0.0000740 seconds
163.895: Application time: 0.0045700 seconds
163.895: [GC163.895: [DefNew: 17113K->17113K(18432K), 0.0000100 secs]163.895: [Tenured: 27248K->24398K(40960K), 0.0094100 secs] 44362K->24398K(59392K), [Perm : 6107K->6107K(21248K)], 0.0094690 secs] [Times: user=0.01 sys=0.00, real=0.00 secs] 
163.905: Total time for which application threads were stopped: 0.0096130 seconds, Stopping threads took: 0.0000720 seconds
163.909: Application time: 0.0040210 seconds
163.909: [GC163.909: [DefNew: 15679K->712K(18432K), 0.0004170 secs] 40078K->25111K(59392K), 0.0004450 secs] [Times: user=0.00 sys=0.00, real=0.00 secs] 
163.909: Total time for which application threads were stopped: 0.0005850 seconds, Stopping threads took: 0.0000790 seconds
163.929: Application time: 0.0195410 seconds
163.929: [GC163.929: [DefNew: 16725K->1459K(18432K), 0.0016990 secs] 41123K->30133K(59392K), 0.0017330 secs] [Times: user=0.00 sys=0.00, real=0.00 secs] 
163.931: Total time for which application threads were stopped: 0.0019080 seconds, Stopping threads took: 0.0001150 seconds
163.947: Application time: 0.0166100 seconds
163.947: [GC163.947: [DefNew: 17570K->17570K(18432K), 0.0000100 secs]163.947: [Tenured: 28673K->24428K(40960K), 0.0103460 secs] 46244K->24428K(59392K), [Perm : 6107K->6107K(21248K)], 0.0104030 secs] [Times: user=0.01 sys=0.00, real=0.01 secs] 
163.958: Total time for which application threads were stopped: 0.0106550 seconds, Stopping threads took: 0.0001630 seconds
163.965: Application time: 0.0076470 seconds
163.966: [GC163.966: [DefNew: 15683K->1425K(18432K), 0.0005250 secs] 40112K->25854K(59392K), 0.0005510 secs] [Times: user=0.00 sys=0.00, real=0.00 secs] 
163.966: Total time for which application threads were stopped: 0.0006860 seconds, Stopping threads took: 0.0000780 seconds
163.970: Application time: 0.0040560 seconds
163.970: [GC163.970: [DefNew: 17103K->1425K(18432K), 0.0007900 secs] 41531K->26566K(59392K), 0.0008150 secs] [Times: user=0.00 sys=0.00, real=0.00 secs] 
163.971: Total time for which application threads were stopped: 0.0009440 seconds, Stopping threads took: 0.0000730 seconds
163.978: Application time: 0.0072810 seconds
163.979: [GC163.979: [DefNew: 17110K->1426K(18432K), 0.0005650 secs] 42252K->26567K(59392K), 0.0005910 secs] [Times: user=0.01 sys=0.00, real=0.00 secs] 
163.979: Total time for which application threads were stopped: 0.0007130 seconds, Stopping threads took: 0.0000660 seconds
163.985: Application time: 0.0055800 seconds
163.985: [GC163.985: [DefNew: 17106K->1425K(18432K), 0.0014970 secs] 42248K->29418K(59392K), 0.0015320 secs] [Times: user=0.01 sys=0.00, real=0.01 secs] 
163.986: Total time for which application threads were stopped: 0.0016940 seconds, Stopping threads took: 0.0000970 seconds
163.993: Application time: 0.0068550 seconds
163.993: [GC163.993: [DefNew: 17111K->17111K(18432K), 0.0000090 secs]163.993: [Tenured: 27993K->25141K(40960K), 0.0090240 secs] 45105K->25141K(59392K), [Perm : 6107K->6107K(21248K)], 0.0090800 secs] [Times: user=0.01 sys=0.00, real=0.00 secs] 
164.003: Total time for which application threads were stopped: 0.0092410 seconds, Stopping threads took: 0.0000840 seconds
164.006: Application time: 0.0036240 seconds
164.006: [GC164.006: [DefNew: 15681K->1425K(18432K), 0.0007920 secs] 40823K->27991K(59392K), 0.0008170 secs] [Times: user=0.00 sys=0.00, real=0.00 secs] 
164.007: Total time for which application threads were stopped: 0.0009530 seconds, Stopping threads took: 0.0000810 seconds
164.011: Application time: 0.0035960 seconds
164.011: [GC164.011: [DefNew: 17107K->1425K(18432K), 0.0020630 secs] 43674K->32979K(59392K), 0.0021120 secs] [Times: user=0.00 sys=0.00, real=0.00 secs] 
164.013: Total time for which application threads were stopped: 0.0022520 seconds, Stopping threads took: 0.0000690 seconds
164.069: Application time: 0.0557750 seconds
164.069: [GC164.069: [DefNew: 17119K->17119K(18432K), 0.0000090 secs]164.069: [Tenured: 31554K->23685K(40960K), 0.0100280 secs] 48673K->23685K(59392K), [Perm : 6107K->6107K(21248K)], 0.0100810 secs] [Times: user=0.01 sys=0.00, real=0.01 secs] 
164.079: Total time for which application threads were stopped: 0.0102040 seconds, Stopping threads took: 0.0000570 seconds
164.125: Application time: 0.0463050 seconds
164.125: [GC164.125: [DefNew: 15691K->1425K(18432K), 0.0043730 secs] 39377K->39361K(59392K), 0.0044140 secs] [Times: user=0.00 sys=0.00, real=0.01 secs] 
164.130: Total time for which application threads were stopped: 0.0045520 seconds, Stopping threads took: 0.0000700 seconds
164.193: Application time: 0.0629460 seconds
164.193: [GC164.193: [DefNew: 17122K->17122K(18432K), 0.0000090 secs]164.193: [Tenured: 37936K->25111K(40960K), 0.0101970 secs] 55059K->25111K(59392K), [Perm : 6107K->6107K(21248K)], 0.0102570 secs] [Times: user=0.01 sys=0.00, real=0.01 secs] 
164.203: Total time for which application threads were stopped: 0.0104270 seconds, Stopping threads took: 0.0000910 seconds
164.282: Application time: 0.0784160 seconds
164.282: [GC164.282: [DefNew: 15697K->1425K(18432K), 0.0042170 secs] 40809K->40075K(59392K), 0.0042570 secs] [Times: user=0.00 sys=0.00, real=0.01 secs] 
164.286: Total time for which application threads were stopped: 0.0043870 seconds, Stopping threads took: 0.0000640 seconds
164.350: Application time: 0.0643520 seconds
164.350: [GC164.350: [DefNew: 17117K->17117K(18432K), 0.0000100 secs]164.350: [Tenured: 38649K->25825K(40960K), 0.0095140 secs] 55767K->25825K(59392K), [Perm : 6107K->6107K(21248K)], 0.0095740 secs] [Times: user=0.01 sys=0.00, real=0.01 secs] 
164.360: Total time for which application threads were stopped: 0.0097090 seconds, Stopping threads took: 0.0000650 seconds
164.425: Application time: 0.0651610 seconds
164.425: [GC164.425: [DefNew: 15691K->15691K(18432K), 0.0000110 secs]164.425: [Tenured: 25825K->26537K(40960K), 0.0107260 secs] 41516K->26537K(59392K), [Perm : 6107K->6107K(21248K)], 0.0107870 secs] [Times: user=0.01 sys=0.00, real=0.02 secs] 
164.436: Total time for which application threads were stopped: 0.0109530 seconds, Stopping threads took: 0.0000950 seconds
164.512: Application time: 0.0758830 seconds
164.512: [GC164.512: [DefNew: 15691K->15691K(18432K), 0.0000090 secs]164.512: [Tenured: 26537K->25823K(40960K), 0.0103430 secs] 42229K->25823K(59392K), [Perm : 6107K->6107K(21248K)], 0.0104010 secs] [Times: user=0.01 sys=0.00, real=0.01 secs] 
164.523: Total time for which application threads were stopped: 0.0105290 seconds, Stopping threads took: 0.0000580 seconds
164.587: Application time: 0.0648360 seconds
164.588: [GC164.588: [DefNew: 15697K->15697K(18432K), 0.0000090 secs]164.588: [Tenured: 25823K->25824K(40960K), 0.0088760 secs] 41521K->25824K(59392K), [Perm : 6107K->6107K(21248K)], 0.0089340 secs] [Times: user=0.01 sys=0.00, real=0.01 secs] 
164.597: Total time for which application threads were stopped: 0.0090740 seconds, Stopping threads took: 0.0000700 seconds
164.666: Application time: 0.0693020 seconds
164.666: [GC164.666: [DefNew: 15697K->15697K(18432K), 0.0000090 secs]164.666: [Tenured: 25824K->26537K(40960K), 0.0092720 secs] 41522K->26537K(59392K), [Perm : 6107K->6107K(21248K)], 0.0093310 secs] [Times: user=0.01 sys=0.00, real=0.01 secs] 
164.675: Total time for which application threads were stopped: 0.0095120 seconds, Stopping threads took: 0.0001130 seconds
164.749: Application time: 0.0735920 seconds
164.749: [GC164.749: [DefNew: 15691K->15691K(18432K), 0.0000090 secs]164.749: [Tenured: 26537K->27250K(40960K), 0.0093480 secs] 42229K->27250K(59392K), [Perm : 6107K->6107K(21248K)], 0.0094010 secs] [Times: user=0.01 sys=0.00, real=0.01 secs] 
164.758: Total time for which application threads were stopped: 0.0095560 seconds, Stopping threads took: 0.0000690 seconds
164.833: Application time: 0.0740600 seconds
164.833: [GC164.833: [DefNew: 15689K->15689K(18432K), 0.0000090 secs]164.833: [Tenured: 27250K->27248K(40960K), 0.0100930 secs] 42939K->27248K(59392K), [Perm : 6107K->6107K(21248K)], 0.0101470 secs] [Times: user=0.01 sys=0.00, real=0.01 secs] 
164.843: Total time for which application threads were stopped: 0.0102820 seconds, Stopping threads took: 0.0000680 seconds
164.908: Application time: 0.0653100 seconds
164.908: [GC164.908: [DefNew: 15697K->15697K(18432K), 0.0000100 secs]164.908: [Tenured: 27248K->27961K(40960K), 0.0092040 secs] 42946K->27961K(59392K), [Perm : 6107K->6107K(21248K)], 0.0092610 secs] [Times: user=0.01 sys=0.00, real=0.01 secs] 
164.918: Total time for which application threads were stopped: 0.0093960 seconds, Stopping threads took: 0.0000680 seconds
164.997: Application time: 0.0796940 seconds
164.997: [GC164.997: [DefNew: 15691K->15691K(18432K), 0.0000090 secs]164.997: [Tenured: 27961K->27961K(40960K), 0.0092170 secs] 43653K->27961K(59392K), [Perm : 6107K->6107K(21248K)], 0.0092750 secs] [Times: user=0.01 sys=0.00, real=0.01 secs] 
165.007: Total time for which application threads were stopped: 0.0094160 seconds, Stopping threads took: 0.0000750 seconds
165.066: Application time: 0.0596390 seconds
165.066: [GC165.066: [DefNew: 15712K->15712K(18432K), 0.0000090 secs]165.066: [Tenured: 27961K->27964K(40960K), 0.0091970 secs] 43674K->27964K(59392K), [Perm : 6107K->6107K(21248K)], 0.0092540 secs] [Times: user=0.01 sys=0.00, real=0.01 secs] 
165.076: Total time for which application threads were stopped: 0.0093910 seconds, Stopping threads took: 0.0000690 seconds
165.144: Application time: 0.0684720 seconds
165.144: [GC165.144: [DefNew: 15691K->15691K(18432K), 0.0000100 secs]165.144: [Tenured: 27964K->28673K(40960K), 0.0117720 secs] 43656K->28673K(59392K), [Perm : 6107K->6107K(21248K)], 0.0118310 secs] [Times: user=0.01 sys=0.00, real=0.02 secs] 
165.156: Total time for which application threads were stopped: 0.0119670 seconds, Stopping threads took: 0.0000680 seconds
165.196: Application time: 0.0398670 seconds
165.196: [GC165.196: [DefNew: 15698K->15698K(18432K), 0.0000090 secs]165.196: [Tenured: 28673K->29387K(40960K), 0.0099510 secs] 44371K->29387K(59392K), [Perm : 6107K->6107K(21248K)], 0.0100100 secs] [Times: user=0.01 sys=0.00, real=0.01 secs] 
165.206: Total time for which application threads were stopped: 0.0101650 seconds, Stopping threads took: 0.0000890 seconds
165.278: Application time: 0.0716090 seconds
165.278: [GC165.278: [DefNew: 15698K->15698K(18432K), 0.0000100 secs]165.278: [Tenured: 29387K->27961K(40960K), 0.0108890 secs] 45085K->27961K(59392K), [Perm : 6107K->6107K(21248K)], 0.0109500 secs] [Times: user=0.01 sys=0.00, real=0.01 secs] 
165.289: Total time for which application threads were stopped: 0.0110900 seconds, Stopping threads took: 0.0000580 seconds
165.348: Application time: 0.0596220 seconds
165.349: [GC165.349: [DefNew: 15689K->15689K(18432K), 0.0000100 secs]165.349: [Tenured: 27961K->29386K(40960K), 0.0094320 secs] 43650K->29386K(59392K), [Perm : 6107K->6107K(21248K)], 0.0094890 secs] [Times: user=0.00 sys=0.00, real=0.01 secs] 
165.358: Total time for which application threads were stopped: 0.0096230 seconds, Stopping threads took: 0.0000640 seconds
165.427: Application time: 0.0690990 seconds
165.427: [GC165.427: [DefNew: 15689K->15689K(18432K), 0.0000100 secs]165.427: [Tenured: 29386K->27248K(40960K), 0.0106450 secs] 45076K->27248K(59392K), [Perm : 6107K->6107K(21248K)], 0.0107030 secs] [Times: user=0.01 sys=0.00, real=0.01 secs] 
165.438: Total time for which application threads were stopped: 0.0108430 seconds, Stopping threads took: 0.0000720 seconds
165.501: Application time: 0.0629060 seconds
165.501: [GC165.501: [DefNew: 15689K->15689K(18432K), 0.0000110 secs]165.501: [Tenured: 27248K->27248K(40960K), 0.0105290 secs] 42938K->27248K(59392K), [Perm : 6107K->6107K(21248K)], 0.0105890 secs] [Times: user=0.01 sys=0.00, real=0.01 secs] 
165.512: Total time for which application threads were stopped: 0.0107760 seconds, Stopping threads took: 0.0000890 seconds
165.547: Application time: 0.0353920 seconds
165.547: [GC165.547: [DefNew: 15689K->15689K(18432K), 0.0000100 secs]165.547: [Tenured: 27248K->27248K(40960K), 0.0098300 secs] 42938K->27248K(59392K), [Perm : 6107K->6107K(21248K)], 0.0098890 secs] [Times: user=0.00 sys=0.00, real=0.01 secs] 
165.557: Total time for which application threads were stopped: 0.0100250 seconds, Stopping threads took: 0.0000660 seconds
165.627: Application time: 0.0700250 seconds
165.627: [GC165.627: [DefNew: 15700K->15700K(18432K), 0.0000110 secs]165.627: [Tenured: 27248K->25824K(40960K), 0.0095080 secs] 42949K->25824K(59392K), [Perm : 6107K->6107K(21248K)], 0.0095690 secs] [Times: user=0.00 sys=0.00, real=0.01 secs] 
165.637: Total time for which application threads were stopped: 0.0097140 seconds, Stopping threads took: 0.0000740 seconds
165.696: Application time: 0.0587540 seconds
165.696: [GC165.696: [DefNew: 15698K->15698K(18432K), 0.0000110 secs]165.696: [Tenured: 25824K->25111K(40960K), 0.0121200 secs] 41523K->25111K(59392K), [Perm : 6107K->6107K(21248K)], 0.0121820 secs] [Times: user=0.02 sys=0.00, real=0.01 secs] 
165.708: Total time for which application threads were stopped: 0.0125060 seconds, Stopping threads took: 0.0002320 seconds
165.767: Application time: 0.0584840 seconds
165.767: [GC165.767: [DefNew: 15687K->1425K(18432K), 0.0037890 secs] 40799K->37937K(59392K), 0.0038290 secs] [Times: user=0.01 sys=0.00, real=0.00 secs] 
165.771: Total time for which application threads were stopped: 0.0039540 seconds, Stopping threads took: 0.0000570 seconds
165.842: Application time: 0.0714820 seconds
165.842: [GC165.842: [DefNew: 17113K->17113K(18432K), 0.0000110 secs]165.842: [Tenured: 36512K->25824K(40960K), 0.0099760 secs] 53625K->25824K(59392K), [Perm : 6107K->6107K(21248K)], 0.0100380 secs] [Times: user=0.01 sys=0.00, real=0.01 secs] 
165.852: Total time for which application threads were stopped: 0.0101810 seconds, Stopping threads took: 0.0000600 seconds
165.887: Application time: 0.0346760 seconds
165.887: [GC165.887: [DefNew: 15688K->15688K(18432K), 0.0000110 secs]165.887: [Tenured: 25824K->25824K(40960K), 0.0107070 secs] 41512K->25824K(59392K), [Perm : 6107K->6107K(21248K)], 0.0107690 secs] [Times: user=0.01 sys=0.00, real=0.01 secs] 
165.898: Total time for which application threads were stopped: 0.0110100 seconds, Stopping threads took: 0.0001520 seconds
165.955: Application time: 0.0573970 seconds
165.955: [GC165.956: [DefNew: 15697K->15697K(18432K), 0.0000090 secs]165.956: [Tenured: 25824K->26537K(40960K), 0.0093260 secs] 41521K->26537K(59392K), [Perm : 6107K->6107K(21248K)], 0.0093860 secs] [Times: user=0.01 sys=0.00, real=0.00 secs] 
165.965: Total time for which application threads were stopped: 0.0095370 seconds, Stopping threads took: 0.0000800 seconds
166.026: Application time: 0.0608910 seconds
166.026: [GC166.026: [DefNew: 15688K->15688K(18432K), 0.0000110 secs]166.026: [Tenured: 26537K->25111K(40960K), 0.0114760 secs] 42225K->25111K(59392K), [Perm : 6107K->6107K(21248K)], 0.0115350 secs] [Times: user=0.01 sys=0.00, real=0.01 secs] 
166.038: Total time for which application threads were stopped: 0.0117530 seconds, Stopping threads took: 0.0001390 seconds
166.072: Application time: 0.0342420 seconds
166.072: [GC166.072: [DefNew: 15714K->1427K(18432K), 0.0035810 secs] 40826K->37228K(59392K), 0.0036180 secs] [Times: user=0.00 sys=0.00, real=0.01 secs] 
166.076: Total time for which application threads were stopped: 0.0038120 seconds, Stopping threads took: 0.0001070 seconds
166.127: Application time: 0.0518500 seconds
166.128: [GC166.128: [DefNew: 17116K->17116K(18432K), 0.0000100 secs]166.128: [Tenured: 35800K->23687K(40960K), 0.0115390 secs] 52916K->23687K(59392K), [Perm : 6107K->6107K(21248K)], 0.0115990 secs] [Times: user=0.01 sys=0.00, real=0.01 secs] 
166.139: Total time for which application threads were stopped: 0.0118630 seconds, Stopping threads took: 0.0001940 seconds
166.209: Application time: 0.0696850 seconds
166.209: [GC166.209: [DefNew: 15688K->1425K(18432K), 0.0035130 secs] 39375K->35800K(59392K), 0.0035630 secs] [Times: user=0.00 sys=0.00, real=0.00 secs] 
166.213: Total time for which application threads were stopped: 0.0038580 seconds, Stopping threads took: 0.0002070 seconds
166.249: Application time: 0.0359760 seconds
166.249: [GC166.249: [DefNew: 17120K->17120K(18432K), 0.0000100 secs]166.249: [Tenured: 34375K->25113K(40960K), 0.0094020 secs] 51495K->25113K(59392K), [Perm : 6107K->6107K(21248K)], 0.0094580 secs] [Times: user=0.01 sys=0.00, real=0.01 secs] 
166.258: Total time for which application threads were stopped: 0.0095980 seconds, Stopping threads took: 0.0000730 seconds
166.313: Application time: 0.0548430 seconds
166.313: [GC166.313: [DefNew: 15697K->1426K(18432K), 0.0034490 secs] 40810K->37228K(59392K), 0.0034890 secs] [Times: user=0.01 sys=0.00, real=0.00 secs] 
166.317: Total time for which application threads were stopped: 0.0036590 seconds, Stopping threads took: 0.0000980 seconds
166.370: Application time: 0.0527260 seconds
166.370: [GC166.370: [DefNew: 17114K->17114K(18432K), 0.0000090 secs]166.370: [Tenured: 35801K->25826K(40960K), 0.0092710 secs] 52916K->25826K(59392K), [Perm : 6107K->6107K(21248K)], 0.0093290 secs] [Times: user=0.01 sys=0.00, real=0.01 secs] 
166.379: Total time for which application threads were stopped: 0.0094800 seconds, Stopping threads took: 0.0000730 seconds
166.443: Application time: 0.0636730 seconds
166.443: [GC166.443: [DefNew: 15688K->15688K(18432K), 0.0000100 secs]166.443: [Tenured: 25826K->25825K(40960K), 0.0104190 secs] 41515K->25825K(59392K), [Perm : 6107K->6107K(21248K)], 0.0104910 secs] [Times: user=0.01 sys=0.00, real=0.02 secs] 
166.453: Total time for which application threads were stopped: 0.0106270 seconds, Stopping threads took: 0.0000690 seconds
166.503: Application time: 0.0491550 seconds
166.503: [GC166.503: [DefNew: 15688K->15688K(18432K), 0.0000110 secs]166.503: [Tenured: 25825K->25825K(40960K), 0.0107380 secs] 41514K->25825K(59392K), [Perm : 6107K->6107K(21248K)], 0.0107990 secs] [Times: user=0.01 sys=0.00, real=0.02 secs] 
166.514: Total time for which application threads were stopped: 0.0109830 seconds, Stopping threads took: 0.0001110 seconds
166.556: Application time: 0.0422540 seconds
166.556: [GC166.556: [DefNew: 15688K->15688K(18432K), 0.0000100 secs]166.556: [Tenured: 25825K->25825K(40960K), 0.0098550 secs] 41514K->25825K(59392K), [Perm : 6107K->6107K(21248K)], 0.0099150 secs] [Times: user=0.01 sys=0.00, real=0.01 secs] 
166.566: Total time for which application threads were stopped: 0.0101480 seconds, Stopping threads took: 0.0001630 seconds
166.623: Application time: 0.0569880 seconds
166.623: [GC166.623: [DefNew: 15697K->15697K(18432K), 0.0000100 secs]166.623: [Tenured: 25825K->25826K(40960K), 0.0090900 secs] 41522K->25826K(59392K), [Perm : 6107K->6107K(21248K)], 0.0091460 secs] [Times: user=0.01 sys=0.00, real=0.01 secs] 
166.632: Total time for which application threads were stopped: 0.0092800 seconds, Stopping threads took: 0.0000660 seconds
166.701: Application time: 0.0685180 seconds
166.701: [GC166.701: [DefNew: 15686K->15686K(18432K), 0.0000090 secs]166.701: [Tenured: 25826K->26537K(40960K), 0.0108160 secs] 41512K->26537K(59392K), [Perm : 6107K->6107K(21248K)], 0.0108710 secs] [Times: user=0.01 sys=0.00, real=0.01 secs] 
166.712: Total time for which application threads were stopped: 0.0110030 seconds, Stopping threads took: 0.0000620 seconds
166.738: Application time: 0.0257730 seconds
166.738: [GC166.738: [DefNew: 15697K->15697K(18432K), 0.0000100 secs]166.738: [Tenured: 26537K->26538K(40960K), 0.0106680 secs] 42235K->26538K(59392K), [Perm : 6107K->6107K(21248K)], 0.0107270 secs] [Times: user=0.01 sys=0.00, real=0.01 secs] 
166.749: Total time for which application threads were stopped: 0.0109450 seconds, Stopping threads took: 0.0001280 seconds
166.815: Application time: 0.0667190 seconds
166.815: [GC166.815: [DefNew: 15688K->15688K(18432K), 0.0000100 secs]166.815: [Tenured: 26538K->27251K(40960K), 0.0093040 secs] 42227K->27251K(59392K), [Perm : 6107K->6107K(21248K)], 0.0093640 secs] [Times: user=0.01 sys=0.00, real=0.00 secs] 
166.825: Total time for which application threads were stopped: 0.0095250 seconds, Stopping threads took: 0.0000830 seconds
166.881: Application time: 0.0562450 seconds
166.881: [GC166.881: [DefNew: 15688K->15688K(18432K), 0.0000090 secs]166.881: [Tenured: 27251K->27251K(40960K), 0.0089670 secs] 42939K->27251K(59392K), [Perm : 6107K->6107K(21248K)], 0.0090240 secs] [Times: user=0.01 sys=0.00, real=0.01 secs] 
166.890: Total time for which application threads were stopped: 0.0091650 seconds, Stopping threads took: 0.0000630 seconds
166.930: Application time: 0.0398870 seconds
166.930: [GC166.930: [DefNew: 15697K->15697K(18432K), 0.0000100 secs]166.930: [Tenured: 27251K->27250K(40960K), 0.0107810 secs] 42948K->27250K(59392K), [Perm : 6107K->6107K(21248K)], 0.0108390 secs] [Times: user=0.01 sys=0.00, real=0.01 secs] 
166.941: Total time for which application threads were stopped: 0.0109670 seconds, Stopping threads took: 0.0000580 seconds
166.994: Application time: 0.0529210 seconds
166.994: [GC166.994: [DefNew: 15688K->15688K(18432K), 0.0000100 secs]166.994: [Tenured: 27250K->27962K(40960K), 0.0099730 secs] 42939K->27962K(59392K), [Perm : 6107K->6107K(21248K)], 0.0100330 secs] [Times: user=0.01 sys=0.00, real=0.00 secs] 
167.004: Total time for which application threads were stopped: 0.0101770 seconds, Stopping threads took: 0.0000740 seconds
167.063: Application time: 0.0593400 seconds
167.064: [GC167.064: [DefNew: 15688K->15688K(18432K), 0.0000100 secs]167.064: [Tenured: 27962K->27962K(40960K), 0.0098740 secs] 43651K->27962K(59392K), [Perm : 6107K->6107K(21248K)], 0.0099310 secs] [Times: user=0.01 sys=0.00, real=0.02 secs] 
167.074: Total time for which application threads were stopped: 0.0100970 seconds, Stopping threads took: 0.0000980 seconds
167.124: Application time: 0.0500880 seconds
167.124: [GC167.124: [DefNew: 15688K->15688K(18432K), 0.0000100 secs]167.124: [Tenured: 27962K->27962K(40960K), 0.0090670 secs] 43651K->27962K(59392K), [Perm : 6107K->6107K(21248K)], 0.0091260 secs] [Times: user=0.01 sys=0.00, real=0.01 secs] 
167.133: Total time for which application threads were stopped: 0.0092650 seconds, Stopping threads took: 0.0000690 seconds
167.176: Application time: 0.0427500 seconds
167.176: [GC167.176: [DefNew: 15697K->15697K(18432K), 0.0000100 secs]167.176: [Tenured: 27962K->27962K(40960K), 0.0112050 secs] 43659K->27962K(59392K), [Perm : 6107K->6107K(21248K)], 0.0112660 secs] [Times: user=0.01 sys=0.00, real=0.01 secs] 
167.187: Total time for which application threads were stopped: 0.0114250 seconds, Stopping threads took: 0.0000900 seconds
167.226: Application time: 0.0384370 seconds
167.226: [GC167.226: [DefNew: 16268K->16268K(18432K), 0.0000110 secs]167.226: [Tenured: 27962K->25176K(40960K), 0.0110740 secs] 44230K->25176K(59392K), [Perm : 6107K->6107K(21248K)], 0.0111340 secs] [Times: user=0.01 sys=0.00, real=0.01 secs] 
167.237: Total time for which application threads were stopped: 0.0114030 seconds, Stopping threads took: 0.0001990 seconds
167.244: Application time: 0.0074330 seconds
167.245: [GC167.245: [DefNew: 15883K->15883K(18432K), 0.0000090 secs]167.245: [Tenured: 25176K->26598K(40960K), 0.0063350 secs] 41059K->26598K(59392K), [Perm : 6107K->6107K(21248K)], 0.0063970 secs] [Times: user=0.00 sys=0.00, real=0.01 secs] 
167.251: Total time for which application threads were stopped: 0.0068030 seconds, Stopping threads took: 0.0003100 seconds
167.256: Application time: 0.0047770 seconds
167.257: [GC167.257: [DefNew: 15687K->15687K(18432K), 0.0000090 secs]167.257: [Tenured: 26598K->26594K(40960K), 0.0094590 secs] 42286K->26594K(59392K), [Perm : 6107K->6107K(21248K)], 0.0095160 secs] [Times: user=0.01 sys=0.00, real=0.01 secs] 
167.266: Total time for which application threads were stopped: 0.0102200 seconds, Stopping threads took: 0.0006140 seconds
167.270: Application time: 0.0038100 seconds
167.271: [GC167.271: [DefNew: 15679K->15679K(18432K), 0.0000110 secs]167.271: [Tenured: 26594K->26537K(40960K), 0.0117760 secs] 42273K->26537K(59392K), [Perm : 6107K->6107K(21248K)], 0.0118500 secs] [Times: user=0.02 sys=0.00, real=0.01 secs] 
167.283: Total time for which application threads were stopped: 0.0129710 seconds, Stopping threads took: 0.0010290 seconds
167.287: Application time: 0.0036440 seconds
167.288: [GC167.288: [DefNew: 15679K->15679K(18432K), 0.0000100 secs]167.288: [Tenured: 26537K->25825K(40960K), 0.0060240 secs] 42216K->25825K(59392K), [Perm : 6107K->6107K(21248K)], 0.0060820 secs] [Times: user=0.00 sys=0.00, real=0.01 secs] 
167.294: Total time for which application threads were stopped: 0.0071280 seconds, Stopping threads took: 0.0009670 seconds
167.297: Application time: 0.0036830 seconds
167.298: [GC167.298: [DefNew: 15683K->15683K(18432K), 0.0000100 secs]167.298: [Tenured: 25825K->25111K(40960K), 0.0102030 secs] 41508K->25111K(59392K), [Perm : 6107K->6107K(21248K)], 0.0102670 secs] [Times: user=0.01 sys=0.00, real=0.01 secs] 
167.308: Total time for which application threads were stopped: 0.0110170 seconds, Stopping threads took: 0.0006570 seconds
167.312: Application time: 0.0038090 seconds
167.313: [GC167.313: [DefNew: 15694K->1426K(18432K), 0.0015220 secs] 40805K->29388K(59392K), 0.0015580 secs] [Times: user=0.01 sys=0.00, real=0.01 secs] 
167.314: Total time for which application threads were stopped: 0.0019750 seconds, Stopping threads took: 0.0003420 seconds
167.318: Application time: 0.0035730 seconds
167.318: [GC167.318: [DefNew: 17108K->17108K(18432K), 0.0000100 secs]167.318: [Tenured: 27961K->25824K(40960K), 0.0095380 secs] 45070K->25824K(59392K), [Perm : 6107K->6107K(21248K)], 0.0095980 secs] [Times: user=0.01 sys=0.00, real=0.01 secs] 
167.328: Total time for which application threads were stopped: 0.0097650 seconds, Stopping threads took: 0.0000970 seconds
167.332: Application time: 0.0042800 seconds
167.332: [GC167.332: [DefNew: 15684K->15684K(18432K), 0.0000100 secs]167.332: [Tenured: 25824K->24399K(40960K), 0.0085980 secs] 41509K->24399K(59392K), [Perm : 6107K->6107K(21248K)], 0.0086570 secs] [Times: user=0.01 sys=0.00, real=0.01 secs] 
167.341: Total time for which application threads were stopped: 0.0090560 seconds, Stopping threads took: 0.0003190 seconds
167.345: Application time: 0.0039750 seconds
167.345: [GC167.345: [DefNew: 15686K->1426K(18432K), 0.0010170 secs] 40086K->27250K(59392K), 0.0010490 secs] [Times: user=0.00 sys=0.00, real=0.01 secs] 
167.346: Total time for which application threads were stopped: 0.0014830 seconds, Stopping threads took: 0.0003700 seconds
167.351: Application time: 0.0041960 seconds
167.351: [GC167.351: [DefNew: 17107K->17107K(18432K), 0.0000100 secs]167.351: [Tenured: 25824K->27250K(40960K), 0.0067280 secs] 42932K->27250K(59392K), [Perm : 6107K->6107K(21248K)], 0.0067840 secs] [Times: user=0.00 sys=0.00, real=0.01 secs] 
167.358: Total time for which application threads were stopped: 0.0073710 seconds, Stopping threads took: 0.0005090 seconds
167.362: Application time: 0.0039840 seconds
167.362: [GC167.362: [DefNew: 15688K->15688K(18432K), 0.0000090 secs]167.362: [Tenured: 27250K->28676K(40960K), 0.0065350 secs] 42939K->28676K(59392K), [Perm : 6107K->6107K(21248K)], 0.0065940 secs] [Times: user=0.01 sys=0.00, real=0.01 secs] 
167.369: Total time for which application threads were stopped: 0.0069390 seconds, Stopping threads took: 0.0002610 seconds
167.372: Application time: 0.0035140 seconds
167.373: [GC167.373: [DefNew: 15682K->15682K(18432K), 0.0000110 secs]167.373: [Tenured: 28676K->29389K(40960K), 0.0068700 secs] 44358K->29389K(59392K), [Perm : 6107K->6107K(21248K)], 0.0069310 secs] [Times: user=0.01 sys=0.00, real=0.01 secs] 
167.380: Total time for which application threads were stopped: 0.0072350 seconds, Stopping threads took: 0.0002310 seconds
167.384: Application time: 0.0038980 seconds
167.384: [GC167.384: [DefNew: 15681K->15681K(18432K), 0.0000100 secs]167.384: [Tenured: 29389K->26537K(40960K), 0.0088350 secs] 45070K->26537K(59392K), [Perm : 6107K->6107K(21248K)], 0.0088960 secs] [Times: user=0.01 sys=0.00, real=0.01 secs] 
167.393: Total time for which application threads were stopped: 0.0091060 seconds, Stopping threads took: 0.0001100 seconds
167.397: Application time: 0.0039090 seconds
167.397: [GC167.397: [DefNew: 15687K->15687K(18432K), 0.0000100 secs]167.397: [Tenured: 26537K->29389K(40960K), 0.0070070 secs] 42225K->29389K(59392K), [Perm : 6107K->6107K(21248K)], 0.0070650 secs] [Times: user=0.01 sys=0.00, real=0.00 secs] 
167.404: Total time for which application threads were stopped: 0.0074730 seconds, Stopping threads took: 0.0003280 seconds
167.408: Application time: 0.0038870 seconds
167.408: [GC167.408: [DefNew: 15690K->15690K(18432K), 0.0000100 secs]167.408: [Tenured: 29389K->27963K(40960K), 0.0065830 secs] 45079K->27963K(59392K), [Perm : 6107K->6107K(21248K)], 0.0066410 secs] [Times: user=0.00 sys=0.00, real=0.01 secs] 
167.415: Total time for which application threads were stopped: 0.0068310 seconds, Stopping threads took: 0.0001190 seconds
167.419: Application time: 0.0041260 seconds
167.419: [GC167.419: [DefNew: 15678K->15678K(18432K), 0.0000100 secs]167.419: [Tenured: 27963K->28676K(40960K), 0.0064710 secs] 43641K->28676K(59392K), [Perm : 6107K->6107K(21248K)], 0.0065220 secs] [Times: user=0.00 sys=0.00, real=0.01 secs] 
167.426: Total time for which application threads were stopped: 0.0066820 seconds, Stopping threads took: 0.0000960 seconds
167.463: Application time: 0.0372980 seconds
167.463: [GC167.463: [DefNew: 15697K->15697K(18432K), 0.0000110 secs]167.463: [Tenured: 28676K->26537K(40960K), 0.0106940 secs] 44373K->26537K(59392K), [Perm : 6107K->6107K(21248K)], 0.0107550 secs] [Times: user=0.01 sys=0.00, real=0.02 secs] 
167.474: Total time for which application threads were stopped: 0.0110260 seconds, Stopping threads took: 0.0002020 seconds
167.494: Application time: 0.0197880 seconds
167.494: [GC167.494: [DefNew: 15714K->15714K(18432K), 0.0000090 secs]167.494: [Tenured: 26537K->27279K(40960K), 0.0092820 secs] 42251K->27279K(59392K), [Perm : 6107K->6107K(21248K)], 0.0093430 secs] [Times: user=0.01 sys=0.00, real=0.00 secs] 
167.503: Total time for which application threads were stopped: 0.0095360 seconds, Stopping threads took: 0.0001220 seconds
167.512: Application time: 0.0082640 seconds
167.512: [GC167.512: [DefNew: 15683K->15683K(18432K), 0.0000090 secs]167.512: [Tenured: 27279K->27992K(40960K), 0.0060420 secs] 42962K->27992K(59392K), [Perm : 6107K->6107K(21248K)], 0.0060990 secs] [Times: user=0.00 sys=0.00, real=0.01 secs] 
167.518: Total time for which application threads were stopped: 0.0062520 seconds, Stopping threads took: 0.0000840 seconds
167.522: Application time: 0.0039460 seconds
167.522: [GC167.522: [DefNew: 15679K->15679K(18432K), 0.0000100 secs]167.522: [Tenured: 27992K->28704K(40960K), 0.0096250 secs] 43672K->28704K(59392K), [Perm : 6107K->6107K(21248K)], 0.0096870 secs] [Times: user=0.01 sys=0.00, real=0.01 secs] 
167.532: Total time for which application threads were stopped: 0.0098320 seconds, Stopping threads took: 0.0000680 seconds
167.538: Application time: 0.0064020 seconds
167.538: [GC167.538: [DefNew: 15685K->15685K(18432K), 0.0000100 secs]167.538: [Tenured: 28704K->27249K(40960K), 0.0104260 secs] 44390K->27249K(59392K), [Perm : 6107K->6107K(21248K)], 0.0104860 secs] [Times: user=0.02 sys=0.00, real=0.01 secs] 
167.549: Total time for which application threads were stopped: 0.0106300 seconds, Stopping threads took: 0.0000710 seconds
167.555: Application time: 0.0061210 seconds
167.555: [GC167.555: [DefNew: 15682K->15682K(18432K), 0.0000100 secs]167.555: [Tenured: 27249K->27250K(40960K), 0.0097840 secs] 42932K->27250K(59392K), [Perm : 6107K->6107K(21248K)], 0.0098440 secs] [Times: user=0.01 sys=0.00, real=0.00 secs] 
167.565: Total time for which application threads were stopped: 0.0100020 seconds, Stopping threads took: 0.0000840 seconds
167.573: Application time: 0.0078120 seconds
167.573: [GC167.573: [DefNew: 15680K->15680K(18432K), 0.0000100 secs]167.573: [Tenured: 27250K->27962K(40960K), 0.0059650 secs] 42930K->27962K(59392K), [Perm : 6107K->6107K(21248K)], 0.0060190 secs] [Times: user=0.01 sys=0.00, real=0.01 secs] 
167.579: Total time for which application threads were stopped: 0.0062040 seconds, Stopping threads took: 0.0001080 seconds
167.583: Application time: 0.0044470 seconds
167.583: [GC167.583: [DefNew: 15688K->15688K(18432K), 0.0000100 secs]167.583: [Tenured: 27962K->27962K(40960K), 0.0105230 secs] 43651K->27962K(59392K), [Perm : 6107K->6107K(21248K)], 0.0105840 secs] [Times: user=0.01 sys=0.00, real=0.02 secs] 
167.594: Total time for which application threads were stopped: 0.0107760 seconds, Stopping threads took: 0.0001220 seconds
167.598: Application time: 0.0039960 seconds
167.598: [GC167.598: [DefNew: 15679K->15679K(18432K), 0.0000100 secs]167.598: [Tenured: 27962K->27962K(40960K), 0.0062010 secs] 43642K->27962K(59392K), [Perm : 6107K->6107K(21248K)], 0.0062600 secs] [Times: user=0.01 sys=0.00, real=0.00 secs] 
167.604: Total time for which application threads were stopped: 0.0064040 seconds, Stopping threads took: 0.0000690 seconds
167.612: Application time: 0.0075350 seconds
167.612: [GC167.612: [DefNew: 15690K->15690K(18432K), 0.0000100 secs]167.612: [Tenured: 27962K->26537K(40960K), 0.0093350 secs] 43653K->26537K(59392K), [Perm : 6107K->6107K(21248K)], 0.0093950 secs] [Times: user=0.01 sys=0.01, real=0.01 secs] 
167.621: Total time for which application threads were stopped: 0.0095630 seconds, Stopping threads took: 0.0000720 seconds
167.691: Application time: 0.0695420 seconds
167.691: [GC167.691: [DefNew: 15690K->15690K(18432K), 0.0000090 secs]167.691: [Tenured: 26537K->26537K(40960K), 0.0098020 secs] 42227K->26537K(59392K), [Perm : 6107K->6107K(21248K)], 0.0098620 secs] [Times: user=0.01 sys=0.00, real=0.01 secs] 
167.701: Total time for which application threads were stopped: 0.0101510 seconds, Stopping threads took: 0.0002090 seconds
167.755: Application time: 0.0538650 seconds
167.755: [GC167.755: [DefNew: 15690K->15690K(18432K), 0.0000100 secs]167.755: [Tenured: 26537K->27249K(40960K), 0.0096950 secs] 42227K->27249K(59392K), [Perm : 6107K->6107K(21248K)], 0.0097550 secs] [Times: user=0.01 sys=0.00, real=0.00 secs] 
167.765: Total time for which application threads were stopped: 0.0099660 seconds, Stopping threads took: 0.0001300 seconds
167.829: Application time: 0.0636320 seconds
167.829: [GC167.829: [DefNew: 15690K->15690K(18432K), 0.0000100 secs]167.829: [Tenured: 27249K->27249K(40960K), 0.0098310 secs] 42939K->27249K(59392K), [Perm : 6107K->6107K(21248K)], 0.0098910 secs] [Times: user=0.01 sys=0.00, real=0.01 secs] 
167.839: Total time for which application threads were stopped: 0.0101630 seconds, Stopping threads took: 0.0001850 seconds
167.874: Application time: 0.0355200 seconds
167.875: [GC167.875: [DefNew: 15720K->15720K(18432K), 0.0000100 secs]167.875: [Tenured: 27249K->26566K(40960K), 0.0097090 secs] 42969K->26566K(59392K), [Perm : 6107K->6107K(21248K)], 0.0097700 secs] [Times: user=0.01 sys=0.00, real=0.00 secs] 
167.885: Total time for which application threads were stopped: 0.0109320 seconds, Stopping threads took: 0.0010810 seconds
167.892: Application time: 0.0065170 seconds
167.892: [GC167.892: [DefNew: 15681K->15681K(18432K), 0.0000100 secs]167.892: [Tenured: 26566K->27278K(40960K), 0.0094740 secs] 42248K->27278K(59392K), [Perm : 6107K->6107K(21248K)], 0.0095350 secs] [Times: user=0.01 sys=0.00, real=0.01 secs] 
167.902: Total time for which application threads were stopped: 0.0097650 seconds, Stopping threads took: 0.0001380 seconds
167.909: Application time: 0.0078260 seconds
167.910: [GC167.910: [DefNew: 15683K->15683K(18432K), 0.0000090 secs]167.910: [Tenured: 27278K->28704K(40960K), 0.0063480 secs] 42962K->28704K(59392K), [Perm : 6107K->6107K(21248K)], 0.0064090 secs] [Times: user=0.00 sys=0.00, real=0.01 secs] 
167.916: Total time for which application threads were stopped: 0.0066980 seconds, Stopping threads took: 0.0002100 seconds
167.920: Application time: 0.0041070 seconds
167.920: [GC167.920: [DefNew: 15677K->15677K(18432K), 0.0000100 secs]167.920: [Tenured: 28704K->27249K(40960K), 0.0101650 secs] 44382K->27249K(59392K), [Perm : 6107K->6107K(21248K)], 0.0102320 secs] [Times: user=0.02 sys=0.00, real=0.01 secs] 
167.931: Total time for which application threads were stopped: 0.0103820 seconds, Stopping threads took: 0.0000780 seconds
167.938: Application time: 0.0070990 seconds
167.938: [GC167.938: [DefNew: 15685K->15685K(18432K), 0.0000090 secs]167.938: [Tenured: 27249K->27962K(40960K), 0.0062780 secs] 42935K->27962K(59392K), [Perm : 6107K->6107K(21248K)], 0.0063360 secs] [Times: user=0.01 sys=0.00, real=0.00 secs] 
167.944: Total time for which application threads were stopped: 0.0065040 seconds, Stopping threads took: 0.0000900 seconds
167.952: Application time: 0.0077410 seconds
167.952: [GC167.952: [DefNew: 15679K->15679K(18432K), 0.0000110 secs]167.952: [Tenured: 27962K->27249K(40960K), 0.0065650 secs] 43641K->27249K(59392K), [Perm : 6107K->6107K(21248K)], 0.0066170 secs] [Times: user=0.01 sys=0.00, real=0.01 secs] 
167.959: Total time for which application threads were stopped: 0.0067660 seconds, Stopping threads took: 0.0000840 seconds
167.965: Application time: 0.0063610 seconds
167.965: [GC167.965: [DefNew: 15688K->15688K(18432K), 0.0000100 secs]167.965: [Tenured: 27249K->27249K(40960K), 0.0094930 secs] 42938K->27249K(59392K), [Perm : 6107K->6107K(21248K)], 0.0095540 secs] [Times: user=0.01 sys=0.00, real=0.02 secs] 
167.975: Total time for which application threads were stopped: 0.0097470 seconds, Stopping threads took: 0.0001230 seconds
167.979: Application time: 0.0040630 seconds
167.979: [GC167.979: [DefNew: 15680K->15680K(18432K), 0.0000100 secs]167.979: [Tenured: 27249K->27249K(40960K), 0.0064730 secs] 42930K->27249K(59392K), [Perm : 6107K->6107K(21248K)], 0.0065280 secs] [Times: user=0.01 sys=0.00, real=0.01 secs] 
167.986: Total time for which application threads were stopped: 0.0066680 seconds, Stopping threads took: 0.0000700 seconds
167.990: Application time: 0.0039890 seconds
167.990: [GC167.990: [DefNew: 15682K->15682K(18432K), 0.0000100 secs]167.990: [Tenured: 27249K->25824K(40960K), 0.0097040 secs] 42932K->25824K(59392K), [Perm : 6107K->6107K(21248K)], 0.0097660 secs] [Times: user=0.01 sys=0.00, real=0.01 secs] 
168.000: Total time for which application threads were stopped: 0.0100110 seconds, Stopping threads took: 0.0001520 seconds
168.031: Application time: 0.0318190 seconds
168.032: [GC168.032: [DefNew: 15720K->15720K(18432K), 0.0000100 secs]168.032: [Tenured: 25824K->25140K(40960K), 0.0094610 secs] 41545K->25140K(59392K), [Perm : 6107K->6107K(21248K)], 0.0095210 secs] [Times: user=0.01 sys=0.00, real=0.01 secs] 
168.041: Total time for which application threads were stopped: 0.0097100 seconds, Stopping threads took: 0.0001200 seconds
168.049: Application time: 0.0080250 seconds
168.049: [GC168.049: [DefNew: 15685K->1426K(18432K), 0.0013470 secs] 40826K->28704K(59392K), 0.0013820 secs] [Times: user=0.00 sys=0.00, real=0.00 secs] 
168.051: Total time for which application threads were stopped: 0.0016330 seconds, Stopping threads took: 0.0001880 seconds
168.058: Application time: 0.0076650 seconds
168.059: [GC168.059: [DefNew: 17109K->17109K(18432K), 0.0000090 secs]168.059: [Tenured: 27278K->27278K(40960K), 0.0087900 secs] 44387K->27278K(59392K), [Perm : 6107K->6107K(21248K)], 0.0088510 secs] [Times: user=0.00 sys=0.00, real=0.01 secs] 
168.067: Total time for which application threads were stopped: 0.0090070 seconds, Stopping threads took: 0.0000840 seconds
168.071: Application time: 0.0039980 seconds
168.072: [GC168.072: [DefNew: 15677K->15677K(18432K), 0.0000100 secs]168.072: [Tenured: 27278K->26536K(40960K), 0.0101320 secs] 42956K->26536K(59392K), [Perm : 6107K->6107K(21248K)], 0.0101900 secs] [Times: user=0.01 sys=0.00, real=0.01 secs] 
168.082: Total time for which application threads were stopped: 0.0103470 seconds, Stopping threads took: 0.0000830 seconds
168.089: Application time: 0.0076580 seconds
168.090: [GC168.090: [DefNew: 15685K->15685K(18432K), 0.0000090 secs]168.090: [Tenured: 26536K->26537K(40960K), 0.0060490 secs] 42222K->26537K(59392K), [Perm : 6107K->6107K(21248K)], 0.0061040 secs] [Times: user=0.00 sys=0.00, real=0.01 secs] 
168.096: Total time for which application threads were stopped: 0.0062400 seconds, Stopping threads took: 0.0000570 seconds
168.102: Application time: 0.0059840 seconds
168.102: [GC168.102: [DefNew: 15680K->15680K(18432K), 0.0000110 secs]168.102: [Tenured: 26537K->25824K(40960K), 0.0092940 secs] 42218K->25824K(59392K), [Perm : 6107K->6107K(21248K)], 0.0093560 secs] [Times: user=0.01 sys=0.00, real=0.01 secs] 
168.111: Total time for which application threads were stopped: 0.0095070 seconds, Stopping threads took: 0.0000810 seconds
168.118: Application time: 0.0069210 seconds
168.118: [GC168.118: [DefNew: 15688K->1426K(18432K), 0.0009290 secs] 41512K->28675K(59392K), 0.0009580 secs] [Times: user=0.00 sys=0.00, real=0.00 secs] 
168.119: Total time for which application threads were stopped: 0.0011370 seconds, Stopping threads took: 0.0001200 seconds
168.123: Application time: 0.0036040 seconds
168.123: [GC168.123: [DefNew: 17108K->17108K(18432K), 0.0000100 secs]168.123: [Tenured: 27249K->25112K(40960K), 0.0090800 secs] 44357K->25112K(59392K), [Perm : 6107K->6107K(21248K)], 0.0091390 secs] [Times: user=0.01 sys=0.00, real=0.01 secs] 
168.132: Total time for which application threads were stopped: 0.0093710 seconds, Stopping threads took: 0.0001600 seconds
168.136: Application time: 0.0035430 seconds
168.136: [GC168.136: [DefNew: 15682K->1425K(18432K), 0.0013760 secs] 40794K->29387K(59392K), 0.0014040 secs] [Times: user=0.01 sys=0.00, real=0.00 secs] 
168.137: Total time for which application threads were stopped: 0.0016650 seconds, Stopping threads took: 0.0001910 seconds
168.166: Application time: 0.0283240 seconds
168.166: [GC168.166: [DefNew: 17117K->17117K(18432K), 0.0000100 secs]168.166: [Tenured: 27962K->25111K(40960K), 0.0097950 secs] 45079K->25111K(59392K), [Perm : 6107K->6107K(21248K)], 0.0098530 secs] [Times: user=0.01 sys=0.00, real=0.01 secs] 
168.176: Total time for which application threads were stopped: 0.0099860 seconds, Stopping threads took: 0.0000620 seconds
168.241: Application time: 0.0653360 seconds
168.241: [GC168.241: [DefNew: 15689K->1425K(18432K), 0.0051560 secs] 40801K->40074K(59392K), 0.0052040 secs] [Times: user=0.00 sys=0.00, real=0.01 secs] 
168.246: Total time for which application threads were stopped: 0.0053970 seconds, Stopping threads took: 0.0001170 seconds
168.272: Application time: 0.0257440 seconds
168.272: [GC168.272: [DefNew: 17139K->17139K(18432K), 0.0000100 secs]168.272: [Tenured: 38649K->26566K(40960K), 0.0095800 secs] 55788K->26566K(59392K), [Perm : 6107K->6107K(21248K)], 0.0096380 secs] [Times: user=0.00 sys=0.00, real=0.01 secs] 
168.282: Total time for which application threads were stopped: 0.0097820 seconds, Stopping threads took: 0.0000730 seconds
168.290: Application time: 0.0081900 seconds
168.290: [GC168.290: [DefNew: 15683K->15683K(18432K), 0.0000100 secs]168.290: [Tenured: 26566K->26566K(40960K), 0.0065060 secs] 42249K->26566K(59392K), [Perm : 6107K->6107K(21248K)], 0.0065580 secs] [Times: user=0.01 sys=0.00, real=0.01 secs] 
168.297: Total time for which application threads were stopped: 0.0066930 seconds, Stopping threads took: 0.0000690 seconds
168.301: Application time: 0.0036570 seconds
168.301: [GC168.301: [DefNew: 15679K->15679K(18432K), 0.0000090 secs]168.301: [Tenured: 26566K->27991K(40960K), 0.0087300 secs] 42246K->27991K(59392K), [Perm : 6107K->6107K(21248K)], 0.0087890 secs] [Times: user=0.01 sys=0.00, real=0.01 secs] 
168.309: Total time for which application threads were stopped: 0.0089410 seconds, Stopping threads took: 0.0000780 seconds
168.316: Application time: 0.0068400 seconds
168.317: [GC168.317: [DefNew: 15687K->15687K(18432K), 0.0000100 secs]168.317: [Tenured: 27991K->23686K(40960K), 0.0103360 secs] 43678K->23686K(59392K), [Perm : 6107K->6107K(21248K)], 0.0103970 secs] [Times: user=0.01 sys=0.00, real=0.01 secs] 
168.327: Total time for which application threads were stopped: 0.0106010 seconds, Stopping threads took: 0.0001230 seconds
168.333: Application time: 0.0059200 seconds
168.333: [GC168.333: [DefNew: 15682K->1425K(18432K), 0.0015310 secs] 39368K->27961K(59392K), 0.0015730 secs] [Times: user=0.00 sys=0.00, real=0.01 secs] 
168.335: Total time for which application threads were stopped: 0.0019040 seconds, Stopping threads took: 0.0002500 seconds
168.341: Application time: 0.0064880 seconds
168.341: [GC168.341: [DefNew: 17106K->17106K(18432K), 0.0000100 secs]168.341: [Tenured: 26536K->25111K(40960K), 0.0087240 secs] 43643K->25111K(59392K), [Perm : 6107K->6107K(21248K)], 0.0087820 secs] [Times: user=0.01 sys=0.00, real=0.01 secs] 
168.350: Total time for which application threads were stopped: 0.0089330 seconds, Stopping threads took: 0.0000800 seconds
168.355: Application time: 0.0043870 seconds
168.355: [GC168.355: [DefNew: 15688K->1426K(18432K), 0.0014410 secs] 40800K->29388K(59392K), 0.0014740 secs] [Times: user=0.00 sys=0.00, real=0.00 secs] 
168.356: Total time for which application threads were stopped: 0.0016130 seconds, Stopping threads took: 0.0000740 seconds
168.360: Application time: 0.0039150 seconds
168.360: [GC168.360: [DefNew: 17105K->17105K(18432K), 0.0000090 secs]168.360: [Tenured: 27961K->25824K(40960K), 0.0085150 secs] 45067K->25824K(59392K), [Perm : 6107K->6107K(21248K)], 0.0085760 secs] [Times: user=0.01 sys=0.00, real=0.01 secs] 
168.369: Total time for which application threads were stopped: 0.0087270 seconds, Stopping threads took: 0.0000750 seconds
168.376: Application time: 0.0075720 seconds
168.377: [GC168.377: [DefNew: 15688K->1426K(18432K), 0.0009850 secs] 41513K->29387K(59392K), 0.0010150 secs] [Times: user=0.00 sys=0.00, real=0.00 secs] 
168.378: Total time for which application threads were stopped: 0.0012010 seconds, Stopping threads took: 0.0001180 seconds
168.449: Application time: 0.0715680 seconds
168.449: [GC168.449: [DefNew: 17115K->17115K(18432K), 0.0000100 secs]168.449: [Tenured: 27961K->25111K(40960K), 0.0092850 secs] 45077K->25111K(59392K), [Perm : 6107K->6107K(21248K)], 0.0093440 secs] [Times: user=0.01 sys=0.00, real=0.01 secs] 
168.459: Total time for which application threads were stopped: 0.0094940 seconds, Stopping threads took: 0.0000720 seconds
168.521: Application time: 0.0626760 seconds
168.521: [GC168.521: [DefNew: 15691K->1425K(18432K), 0.0041890 secs] 40803K->39361K(59392K), 0.0042300 secs] [Times: user=0.00 sys=0.00, real=0.01 secs] 
168.526: Total time for which application threads were stopped: 0.0043650 seconds, Stopping threads took: 0.0000690 seconds
168.557: Application time: 0.0312060 seconds
168.557: [GC168.557: [DefNew: 17143K->17143K(18432K), 0.0000090 secs]168.557: [Tenured: 37936K->24398K(40960K), 0.0102590 secs] 55079K->24398K(59392K), [Perm : 6107K->6107K(21248K)], 0.0103160 secs] [Times: user=0.01 sys=0.00, real=0.01 secs] 
168.567: Total time for which application threads were stopped: 0.0104910 seconds, Stopping threads took: 0.0000950 seconds
168.576: Application time: 0.0080900 seconds
168.576: [GC168.576: [DefNew: 15677K->1425K(18432K), 0.0005390 secs] 40076K->25823K(59392K), 0.0005670 secs] [Times: user=0.00 sys=0.00, real=0.00 secs] 
168.576: Total time for which application threads were stopped: 0.0007970 seconds, Stopping threads took: 0.0001740 seconds
168.582: Application time: 0.0056390 seconds
168.582: [GC168.582: [DefNew: 17108K->1425K(18432K), 0.0006160 secs] 41507K->25824K(59392K), 0.0006430 secs] [Times: user=0.01 sys=0.00, real=0.00 secs] 
168.583: Total time for which application threads were stopped: 0.0007830 seconds, Stopping threads took: 0.0000850 seconds
168.589: Application time: 0.0062490 seconds
168.589: [GC168.589: [DefNew: 17113K->1426K(18432K), 0.0005400 secs] 41512K->25824K(59392K), 0.0005700 secs] [Times: user=0.00 sys=0.00, real=0.00 secs] 
168.590: Total time for which application threads were stopped: 0.0010290 seconds, Stopping threads took: 0.0003950 seconds
168.596: Application time: 0.0060230 seconds
168.596: [GC168.596: [DefNew: 17106K->1425K(18432K), 0.0015100 secs] 41505K->28675K(59392K), 0.0015440 secs] [Times: user=0.01 sys=0.00, real=0.00 secs] 
168.598: Total time for which application threads were stopped: 0.0016870 seconds, Stopping threads took: 0.0000770 seconds
168.604: Application time: 0.0062640 seconds
168.605: [GC168.605: [DefNew: 17108K->17108K(18432K), 0.0000100 secs]168.605: [Tenured: 27249K->22974K(40960K), 0.0089560 secs] 44358K->22974K(59392K), [Perm : 6107K->6107K(21248K)], 0.0090210 secs] [Times: user=0.01 sys=0.00, real=0.02 secs] 
168.614: Total time for which application threads were stopped: 0.0095570 seconds, Stopping threads took: 0.0004680 seconds
168.618: Application time: 0.0049330 seconds
168.619: [GC168.619: [DefNew: 16226K->1464K(18432K), 0.0006930 secs] 39200K->24438K(59392K), 0.0007220 secs] [Times: user=0.00 sys=0.00, real=0.00 secs] 
168.619: Total time for which application threads were stopped: 0.0009520 seconds, Stopping threads took: 0.0001550 seconds
168.623: Application time: 0.0037610 seconds
168.623: [GC168.623: [DefNew: 17273K->1434K(18432K), 0.0013520 secs] 40247K->26576K(59392K), 0.0013840 secs] [Times: user=0.00 sys=0.00, real=0.00 secs] 
168.625: Total time for which application threads were stopped: 0.0015280 seconds, Stopping threads took: 0.0000820 seconds
168.629: Application time: 0.0037870 seconds
168.629: [GC168.629: [DefNew: 17196K->1425K(18432K), 0.0015530 secs] 42337K->30129K(59392K), 0.0015870 secs] [Times: user=0.00 sys=0.00, real=0.00 secs] 
168.630: Total time for which application threads were stopped: 0.0019220 seconds, Stopping threads took: 0.0002710 seconds
168.638: Application time: 0.0070560 seconds
168.638: [GC168.638: [DefNew: 17115K->17115K(18432K), 0.0000100 secs]168.638: [Tenured: 28703K->24428K(40960K), 0.0100180 secs] 45819K->24428K(59392K), [Perm : 6107K->6107K(21248K)], 0.0100770 secs] [Times: user=0.01 sys=0.00, real=0.01 secs] 
168.648: Total time for which application threads were stopped: 0.0102380 seconds, Stopping threads took: 0.0000890 seconds
168.655: Application time: 0.0074460 seconds
168.656: [GC168.656: [DefNew: 15685K->1425K(18432K), 0.0011460 secs] 40113K->27279K(59392K), 0.0011770 secs] [Times: user=0.01 sys=0.00, real=0.00 secs] 
168.657: Total time for which application threads were stopped: 0.0015260 seconds, Stopping threads took: 0.0002700 seconds
168.661: Application time: 0.0039250 seconds
168.661: [GC168.661: [DefNew: 17103K->1425K(18432K), 0.0011300 secs] 42956K->28704K(59392K), 0.0011600 secs] [Times: user=0.00 sys=0.00, real=0.00 secs] 
168.662: Total time for which application threads were stopped: 0.0013050 seconds, Stopping threads took: 0.0000830 seconds
168.669: Application time: 0.0070330 seconds
168.669: [GC168.669: [DefNew: 17110K->1426K(18432K), 0.0005330 secs] 44389K->28705K(59392K), 0.0005610 secs] [Times: user=0.01 sys=0.00, real=0.00 secs] 
168.670: Total time for which application threads were stopped: 0.0007140 seconds, Stopping threads took: 0.0000990 seconds
168.676: Application time: 0.0066930 seconds
168.677: [GC168.677: [DefNew: 17104K->1425K(18432K), 0.0007790 secs] 44384K->29417K(59392K), 0.0008080 secs] [Times: user=0.00 sys=0.00, real=0.00 secs] 
168.677: Total time for which application threads were stopped: 0.0009810 seconds, Stopping threads took: 0.0001140 seconds
168.684: Application time: 0.0070010 seconds
168.685: [GC168.685: [DefNew: 17112K->1426K(18432K), 0.0005290 secs] 45104K->29418K(59392K), 0.0005560 secs] [Times: user=0.00 sys=0.00, real=0.00 secs] 
168.685: Total time for which application threads were stopped: 0.0008150 seconds, Stopping threads took: 0.0001930 seconds
168.689: Application time: 0.0037110 seconds
168.689: [GC168.689: [DefNew: 17106K->1425K(18432K), 0.0007960 secs] 45099K->30131K(59392K), 0.0008240 secs] [Times: user=0.00 sys=0.00, real=0.00 secs] 
168.690: Total time for which application threads were stopped: 0.0009660 seconds, Stopping threads took: 0.0000810 seconds
168.694: Application time: 0.0039190 seconds
168.694: [GC168.694: [DefNew: 17103K->712K(18432K), 0.0003890 secs] 45809K->29418K(59392K), 0.0004160 secs] [Times: user=0.00 sys=0.00, real=0.00 secs] 
168.694: Total time for which application threads were stopped: 0.0005420 seconds, Stopping threads took: 0.0000690 seconds
168.729: Application time: 0.0346110 seconds
168.729: [GC168.729: [DefNew (promotion failed) : 16425K->17140K(18432K), 0.0038300 secs]168.733: [Tenured: 40819K->24429K(40960K), 0.0092570 secs] 45131K->24429K(59392K), [Perm : 6107K->6107K(21248K)], 0.0131570 secs] [Times: user=0.01 sys=0.00, real=0.01 secs] 
168.742: Total time for which application threads were stopped: 0.0133150 seconds, Stopping threads took: 0.0000890 seconds
168.811: Application time: 0.0687300 seconds
168.811: [GC168.811: [DefNew: 15689K->1425K(18432K), 0.0039060 secs] 40119K->37967K(59392K), 0.0039540 secs] [Times: user=0.01 sys=0.00, real=0.01 secs] 
168.815: Total time for which application threads were stopped: 0.0041720 seconds, Stopping threads took: 0.0001520 seconds
168.886: Application time: 0.0712550 seconds
168.890: [GC168.890: [DefNew: 17120K->17120K(18432K), 0.0000100 secs]168.890: [Tenured: 36542K->25111K(40960K), 0.0112650 secs] 53663K->25111K(59392K), [Perm : 6107K->6107K(21248K)], 0.0113230 secs] [Times: user=0.01 sys=0.00, real=0.01 secs] 
168.901: Total time for which application threads were stopped: 0.0145940 seconds, Stopping threads took: 0.0032020 seconds
168.976: Application time: 0.0749480 seconds
168.976: [GC168.976: [DefNew: 15689K->1425K(18432K), 0.0036590 secs] 40801K->37936K(59392K), 0.0037030 secs] [Times: user=0.01 sys=0.00, real=0.00 secs] 
168.980: Total time for which application threads were stopped: 0.0039200 seconds, Stopping threads took: 0.0001170 seconds
169.055: Application time: 0.0751250 seconds
169.055: [GC169.055: [DefNew: 17114K->17114K(18432K), 0.0000100 secs]169.055: [Tenured: 36511K->25823K(40960K), 0.0095690 secs] 53626K->25823K(59392K), [Perm : 6107K->6107K(21248K)], 0.0096240 secs] [Times: user=0.01 sys=0.00, real=0.00 secs] 
169.065: Total time for which application threads were stopped: 0.0097560 seconds, Stopping threads took: 0.0000630 seconds
169.135: Application time: 0.0699440 seconds
169.135: [GC169.135: [DefNew: 15697K->15697K(18432K), 0.0000100 secs]169.135: [Tenured: 25823K->26537K(40960K), 0.0092270 secs] 41521K->26537K(59392K), [Perm : 6107K->6107K(21248K)], 0.0092850 secs] [Times: user=0.01 sys=0.00, real=0.00 secs] 
169.144: Total time for which application threads were stopped: 0.0094170 seconds, Stopping threads took: 0.0000600 seconds
169.218: Application time: 0.0736180 seconds
169.218: [GC169.218: [DefNew: 15691K->15691K(18432K), 0.0000110 secs]169.218: [Tenured: 26537K->26537K(40960K), 0.0100890 secs] 42229K->26537K(59392K), [Perm : 6107K->6107K(21248K)], 0.0101470 secs] [Times: user=0.01 sys=0.00, real=0.01 secs] 
169.228: Total time for which application threads were stopped: 0.0102890 seconds, Stopping threads took: 0.0000730 seconds
169.299: Application time: 0.0709270 seconds
169.299: [GC169.299: [DefNew: 15697K->15697K(18432K), 0.0000100 secs]169.299: [Tenured: 26537K->26536K(40960K), 0.0100650 secs] 42235K->26536K(59392K), [Perm : 6107K->6107K(21248K)], 0.0101240 secs] [Times: user=0.01 sys=0.00, real=0.01 secs] 
169.309: Total time for which application threads were stopped: 0.0102550 seconds, Stopping threads took: 0.0000630 seconds
169.369: Application time: 0.0595710 seconds
169.369: [GC169.369: [DefNew: 15691K->15691K(18432K), 0.0000110 secs]169.369: [Tenured: 26536K->27961K(40960K), 0.0108380 secs] 42228K->27961K(59392K), [Perm : 6107K->6107K(21248K)], 0.0109000 secs] [Times: user=0.01 sys=0.00, real=0.01 secs] 
169.380: Total time for which application threads were stopped: 0.0111600 seconds, Stopping threads took: 0.0001690 seconds
169.451: Application time: 0.0712880 seconds
169.451: [GC169.451: [DefNew: 15697K->15697K(18432K), 0.0000110 secs]169.451: [Tenured: 27961K->27249K(40960K), 0.0105470 secs] 43659K->27249K(59392K), [Perm : 6107K->6107K(21248K)], 0.0106080 secs] [Times: user=0.01 sys=0.00, real=0.01 secs] 
169.462: Total time for which application threads were stopped: 0.0108070 seconds, Stopping threads took: 0.0001100 seconds
169.532: Application time: 0.0703150 seconds
169.533: [GC169.533: [DefNew: 15691K->15691K(18432K), 0.0000100 secs]169.533: [Tenured: 27249K->27962K(40960K), 0.0100780 secs] 42941K->27962K(59392K), [Perm : 6107K->6107K(21248K)], 0.0101460 secs] [Times: user=0.01 sys=0.00, real=0.01 secs] 
169.543: Total time for which application threads were stopped: 0.0102860 seconds, Stopping threads took: 0.0000610 seconds
169.614: Application time: 0.0711700 seconds
169.614: [GC169.614: [DefNew: 15689K->15689K(18432K), 0.0000100 secs]169.614: [Tenured: 27962K->28674K(40960K), 0.0106770 secs] 43652K->28674K(59392K), [Perm : 6107K->6107K(21248K)], 0.0107380 secs] [Times: user=0.01 sys=0.00, real=0.00 secs] 
169.625: Total time for which application threads were stopped: 0.0109600 seconds, Stopping threads took: 0.0001400 seconds
169.695: Application time: 0.0701750 seconds
169.695: [GC169.695: [DefNew: 15697K->15697K(18432K), 0.0000100 secs]169.695: [Tenured: 28674K->27962K(40960K), 0.0091610 secs] 44371K->27962K(59392K), [Perm : 6107K->6107K(21248K)], 0.0092150 secs] [Times: user=0.01 sys=0.00, real=0.00 secs] 
169.705: Total time for which application threads were stopped: 0.0096940 seconds, Stopping threads took: 0.0004110 seconds
169.780: Application time: 0.0749710 seconds
169.780: [GC169.780: [DefNew: 15698K->15698K(18432K), 0.0000090 secs]169.780: [Tenured: 27962K->28675K(40960K), 0.0098770 secs] 43660K->28675K(59392K), [Perm : 6107K->6107K(21248K)], 0.0099340 secs] [Times: user=0.01 sys=0.00, real=0.01 secs] 
169.790: Total time for which application threads were stopped: 0.0100680 seconds, Stopping threads took: 0.0000650 seconds
169.823: Application time: 0.0333470 seconds
169.823: [GC169.823: [DefNew: 15713K->15713K(18432K), 0.0000100 secs]169.823: [Tenured: 28675K->26536K(40960K), 0.0104150 secs] 44389K->26536K(59392K), [Perm : 6107K->6107K(21248K)], 0.0104700 secs] [Times: user=0.01 sys=0.00, real=0.02 secs] 
169.834: Total time for which application threads were stopped: 0.0106060 seconds, Stopping threads took: 0.0000700 seconds
169.903: Application time: 0.0688880 seconds
169.903: [GC169.903: [DefNew: 15689K->1425K(18432K), 0.0038860 secs] 42226K->40074K(59392K), 0.0039260 secs] [Times: user=0.00 sys=0.00, real=0.01 secs] 
169.907: Total time for which application threads were stopped: 0.0040900 seconds, Stopping threads took: 0.0000870 seconds
169.972: Application time: 0.0656660 seconds
169.972: [GC169.972: [DefNew: 17114K->17114K(18432K), 0.0000100 secs]169.972: [Tenured: 38649K->27249K(40960K), 0.0106600 secs] 55764K->27249K(59392K), [Perm : 6107K->6107K(21248K)], 0.0107180 secs] [Times: user=0.01 sys=0.00, real=0.01 secs] 
169.983: Total time for which application threads were stopped: 0.0108600 seconds, Stopping threads took: 0.0000700 seconds
170.042: Application time: 0.0583640 seconds
170.042: [GC170.042: [DefNew: 15689K->15689K(18432K), 0.0000090 secs]170.042: [Tenured: 27249K->27961K(40960K), 0.0091400 secs] 42938K->27961K(59392K), [Perm : 6107K->6107K(21248K)], 0.0092000 secs] [Times: user=0.00 sys=0.00, real=0.01 secs] 
170.051: Total time for which application threads were stopped: 0.0093530 seconds, Stopping threads took: 0.0000740 seconds
170.124: Application time: 0.0728520 seconds
170.124: [GC170.124: [DefNew: 15689K->15689K(18432K), 0.0000100 secs]170.124: [Tenured: 27961K->27249K(40960K), 0.0097570 secs] 43651K->27249K(59392K), [Perm : 6107K->6107K(21248K)], 0.0098180 secs] [Times: user=0.01 sys=0.00, real=0.02 secs] 
170.134: Total time for which application threads were stopped: 0.0100220 seconds, Stopping threads took: 0.0001240 seconds
170.202: Application time: 0.0681010 seconds
170.202: [GC170.202: [DefNew: 15698K->15698K(18432K), 0.0000110 secs]170.202: [Tenured: 27249K->27250K(40960K), 0.0098730 secs] 42947K->27250K(59392K), [Perm : 6107K->6107K(21248K)], 0.0099340 secs] [Times: user=0.01 sys=0.00, real=0.01 secs] 
170.212: Total time for which application threads were stopped: 0.0100630 seconds, Stopping threads took: 0.0000580 seconds
170.243: Application time: 0.0306720 seconds
170.243: [GC170.243: [DefNew: 15690K->15690K(18432K), 0.0000100 secs]170.243: [Tenured: 27250K->26536K(40960K), 0.0108570 secs] 42940K->26536K(59392K), [Perm : 6107K->6107K(21248K)], 0.0109170 secs] [Times: user=0.01 sys=0.00, real=0.02 secs] 
170.254: Total time for which application threads were stopped: 0.0111350 seconds, Stopping threads took: 0.0001500 seconds
170.312: Application time: 0.0586870 seconds
170.313: [GC170.313: [DefNew: 15696K->15696K(18432K), 0.0000100 secs]170.313: [Tenured: 26536K->27250K(40960K), 0.0100500 secs] 42233K->27250K(59392K), [Perm : 6107K->6107K(21248K)], 0.0101110 secs] [Times: user=0.01 sys=0.00, real=0.01 secs] 
170.323: Total time for which application threads were stopped: 0.0102600 seconds, Stopping threads took: 0.0000780 seconds
170.388: Application time: 0.0654720 seconds
170.389: [GC170.389: [DefNew: 15689K->15689K(18432K), 0.0000100 secs]170.389: [Tenured: 27250K->26537K(40960K), 0.0107060 secs] 42940K->26537K(59392K), [Perm : 6107K->6107K(21248K)], 0.0107670 secs] [Times: user=0.01 sys=0.00, real=0.01 secs] 
170.399: Total time for which application threads were stopped: 0.0111370 seconds, Stopping threads took: 0.0002990 seconds
170.467: Application time: 0.0671630 seconds
170.467: [GC170.467: [DefNew: 15696K->15696K(18432K), 0.0000110 secs]170.467: [Tenured: 26537K->25824K(40960K), 0.0106890 secs] 42234K->25824K(59392K), [Perm : 6107K->6107K(21248K)], 0.0107480 secs] [Times: user=0.01 sys=0.00, real=0.01 secs] 
170.477: Total time for which application threads were stopped: 0.0108850 seconds, Stopping threads took: 0.0000670 seconds
170.509: Application time: 0.0319100 seconds
170.509: [GC170.509: [DefNew: 15688K->15688K(18432K), 0.0000100 secs]170.509: [Tenured: 25824K->25112K(40960K), 0.0112300 secs] 41513K->25112K(59392K), [Perm : 6107K->6107K(21248K)], 0.0112900 secs] [Times: user=0.01 sys=0.00, real=0.01 secs] 
170.521: Total time for which application threads were stopped: 0.0114240 seconds, Stopping threads took: 0.0000600 seconds
170.578: Application time: 0.0571920 seconds
170.578: [GC170.578: [DefNew: 15688K->1425K(18432K), 0.0033070 secs] 40800K->36513K(59392K), 0.0033440 secs] [Times: user=0.00 sys=0.00, real=0.00 secs] 
170.581: Total time for which application threads were stopped: 0.0034870 seconds, Stopping threads took: 0.0000580 seconds
170.649: Application time: 0.0673270 seconds
170.649: [GC170.649: [DefNew: 17115K->17115K(18432K), 0.0000110 secs]170.649: [Tenured: 35088K->25112K(40960K), 0.0099140 secs] 52203K->25112K(59392K), [Perm : 6107K->6107K(21248K)], 0.0099770 secs] [Times: user=0.01 sys=0.00, real=0.01 secs] 
170.659: Total time for which application threads were stopped: 0.0101500 seconds, Stopping threads took: 0.0001050 seconds
170.686: Application time: 0.0270590 seconds
170.686: [GC170.686: [DefNew: 15699K->1426K(18432K), 0.0036460 secs] 40811K->37939K(59392K), 0.0036840 secs] [Times: user=0.01 sys=0.00, real=0.00 secs] 
170.690: Total time for which application threads were stopped: 0.0039310 seconds, Stopping threads took: 0.0001710 seconds
170.757: Application time: 0.0671010 seconds
170.757: [GC170.757: [DefNew: 17114K->17114K(18432K), 0.0000100 secs]170.757: [Tenured: 36513K->25826K(40960K), 0.0092720 secs] 53628K->25826K(59392K), [Perm : 6107K->6107K(21248K)], 0.0093290 secs] [Times: user=0.01 sys=0.00, real=0.01 secs] 
170.766: Total time for which application threads were stopped: 0.0094640 seconds, Stopping threads took: 0.0000660 seconds
170.823: Application time: 0.0561470 seconds
170.823: [GC170.823: [DefNew: 15712K->15712K(18432K), 0.0000100 secs]170.823: [Tenured: 25826K->25828K(40960K), 0.0091740 secs] 41538K->25828K(59392K), [Perm : 6107K->6107K(21248K)], 0.0092390 secs] [Times: user=0.01 sys=0.00, real=0.01 secs] 
170.832: Total time for which application threads were stopped: 0.0093760 seconds, Stopping threads took: 0.0000640 seconds
170.903: Application time: 0.0712300 seconds
170.903: [GC170.903: [DefNew: 15697K->15697K(18432K), 0.0000090 secs]170.903: [Tenured: 25828K->23687K(40960K), 0.0101980 secs] 41525K->23687K(59392K), [Perm : 6107K->6107K(21248K)], 0.0102540 secs] [Times: user=0.01 sys=0.00, real=0.02 secs] 
170.914: Total time for which application threads were stopped: 0.0103930 seconds, Stopping threads took: 0.0000600 seconds
170.934: Application time: 0.0207300 seconds
170.935: [GC170.935: [DefNew: 15688K->1425K(18432K), 0.0034700 secs] 39376K->35089K(59392K), 0.0035090 secs] [Times: user=0.00 sys=0.00, real=0.00 secs] 
170.938: Total time for which application threads were stopped: 0.0037290 seconds, Stopping threads took: 0.0001330 seconds
170.998: Application time: 0.0600710 seconds
170.998: [GC170.998: [DefNew: 17113K->17113K(18432K), 0.0000100 secs]170.998: [Tenured: 33663K->26538K(40960K), 0.0092360 secs] 50777K->26538K(59392K), [Perm : 6107K->6107K(21248K)], 0.0092950 secs] [Times: user=0.01 sys=0.00, real=0.01 secs] 
171.008: Total time for which application threads were stopped: 0.0094290 seconds, Stopping threads took: 0.0000620 seconds
171.075: Application time: 0.0676320 seconds
171.075: [GC171.075: [DefNew: 15688K->15688K(18432K), 0.0000100 secs]171.075: [Tenured: 26538K->26538K(40960K), 0.0100810 secs] 42226K->26538K(59392K), [Perm : 6107K->6107K(21248K)], 0.0101390 secs] [Times: user=0.01 sys=0.00, real=0.01 secs] 
171.086: Total time for which application threads were stopped: 0.0103550 seconds, Stopping threads took: 0.0001480 seconds
171.109: Application time: 0.0232510 seconds
171.109: [GC171.109: [DefNew: 15688K->15688K(18432K), 0.0000090 secs]171.109: [Tenured: 26538K->26538K(40960K), 0.0091650 secs] 42226K->26538K(59392K), [Perm : 6107K->6107K(21248K)], 0.0092220 secs] [Times: user=0.01 sys=0.00, real=0.01 secs] 
171.118: Total time for which application threads were stopped: 0.0093720 seconds, Stopping threads took: 0.0000690 seconds
171.176: Application time: 0.0573330 seconds
171.176: [GC171.176: [DefNew: 15695K->15695K(18432K), 0.0000090 secs]171.176: [Tenured: 26538K->25825K(40960K), 0.0099870 secs] 42233K->25825K(59392K), [Perm : 6107K->6107K(21248K)], 0.0100460 secs] [Times: user=0.01 sys=0.00, real=0.01 secs] 
171.186: Total time for which application threads were stopped: 0.0102090 seconds, Stopping threads took: 0.0000860 seconds
171.255: Application time: 0.0692340 seconds
171.255: [GC171.255: [DefNew: 15688K->15688K(18432K), 0.0000100 secs]171.255: [Tenured: 25825K->25825K(40960K), 0.0098630 secs] 41514K->25825K(59392K), [Perm : 6107K->6107K(21248K)], 0.0099230 secs] [Times: user=0.01 sys=0.00, real=0.00 secs] 
171.265: Total time for which application threads were stopped: 0.0101050 seconds, Stopping threads took: 0.0001040 seconds
171.289: Application time: 0.0235480 seconds
171.289: [GC171.289: [DefNew: 15688K->15688K(18432K), 0.0000100 secs]171.289: [Tenured: 25825K->26538K(40960K), 0.0091040 secs] 41514K->26538K(59392K), [Perm : 6107K->6107K(21248K)], 0.0091610 secs] [Times: user=0.01 sys=0.00, real=0.01 secs] 
171.298: Total time for which application threads were stopped: 0.0093040 seconds, Stopping threads took: 0.0000750 seconds
171.365: Application time: 0.0668920 seconds
171.365: [GC171.365: [DefNew: 15697K->15697K(18432K), 0.0000100 secs]171.365: [Tenured: 26538K->26539K(40960K), 0.0090500 secs] 42235K->26539K(59392K), [Perm : 6107K->6107K(21248K)], 0.0091070 secs] [Times: user=0.00 sys=0.00, real=0.02 secs] 
171.374: Total time for which application threads were stopped: 0.0092400 seconds, Stopping threads took: 0.0000660 seconds
171.432: Application time: 0.0583530 seconds
171.433: [GC171.433: [DefNew: 15688K->15688K(18432K), 0.0000110 secs]171.433: [Tenured: 26539K->27250K(40960K), 0.0115830 secs] 42228K->27250K(59392K), [Perm : 6107K->6107K(21248K)], 0.0116440 secs] [Times: user=0.01 sys=0.00, real=0.01 secs] 
171.444: Total time for which application threads were stopped: 0.0118660 seconds, Stopping threads took: 0.0001300 seconds
171.468: Application time: 0.0237140 seconds
171.468: [GC171.468: [DefNew: 15697K->15697K(18432K), 0.0000100 secs]171.468: [Tenured: 27250K->27251K(40960K), 0.0094360 secs] 42948K->27251K(59392K), [Perm : 6107K->6107K(21248K)], 0.0094930 secs] [Times: user=0.01 sys=0.00, real=0.01 secs] 
171.478: Total time for which application threads were stopped: 0.0096590 seconds, Stopping threads took: 0.0000860 seconds
171.544: Application time: 0.0664800 seconds
171.544: [GC171.544: [DefNew: 15688K->15688K(18432K), 0.0000110 secs]171.544: [Tenured: 27251K->27251K(40960K), 0.0097150 secs] 42940K->27251K(59392K), [Perm : 6107K->6107K(21248K)], 0.0097860 secs] [Times: user=0.01 sys=0.00, real=0.02 secs] 
171.554: Total time for which application threads were stopped: 0.0100340 seconds, Stopping threads took: 0.0001670 seconds
171.615: Application time: 0.0603520 seconds
171.615: [GC171.615: [DefNew: 15688K->15688K(18432K), 0.0000110 secs]171.615: [Tenured: 27251K->27964K(40960K), 0.0099660 secs] 42940K->27964K(59392K), [Perm : 6107K->6107K(21248K)], 0.0100290 secs] [Times: user=0.01 sys=0.00, real=0.00 secs] 
171.625: Total time for which application threads were stopped: 0.0101720 seconds, Stopping threads took: 0.0000590 seconds
171.646: Application time: 0.0211620 seconds
171.646: [GC171.646: [DefNew: 15688K->15688K(18432K), 0.0000090 secs]171.646: [Tenured: 27964K->27963K(40960K), 0.0100700 secs] 43653K->27963K(59392K), [Perm : 6107K->6107K(21248K)], 0.0101280 secs] [Times: user=0.01 sys=0.00, real=0.01 secs] 
171.656: Total time for which application threads were stopped: 0.0102610 seconds, Stopping threads took: 0.0000620 seconds
171.726: Application time: 0.0700020 seconds
171.726: [GC171.726: [DefNew: 15688K->15688K(18432K), 0.0000110 secs]171.726: [Tenured: 27963K->27963K(40960K), 0.0098930 secs] 43651K->27963K(59392K), [Perm : 6107K->6107K(21248K)], 0.0099540 secs] [Times: user=0.01 sys=0.00, real=0.01 secs] 
171.736: Total time for which application threads were stopped: 0.0101160 seconds, Stopping threads took: 0.0000830 seconds
171.794: Application time: 0.0575430 seconds
171.794: [GC171.794: [DefNew: 15694K->15694K(18432K), 0.0000110 secs]171.794: [Tenured: 27963K->27964K(40960K), 0.0106250 secs] 43657K->27964K(59392K), [Perm : 6107K->6107K(21248K)], 0.0106880 secs] [Times: user=0.01 sys=0.00, real=0.00 secs] 
171.805: Total time for which application threads were stopped: 0.0109550 seconds, Stopping threads took: 0.0001970 seconds
171.872: Application time: 0.0676790 seconds
171.873: [GC171.873: [DefNew: 15688K->15688K(18432K), 0.0000100 secs]171.873: [Tenured: 27964K->28676K(40960K), 0.0091330 secs] 43652K->28676K(59392K), [Perm : 6107K->6107K(21248K)], 0.0091880 secs] [Times: user=0.01 sys=0.00, real=0.01 secs] 
171.882: Total time for which application threads were stopped: 0.0093130 seconds, Stopping threads took: 0.0000560 seconds
171.896: Application time: 0.0145090 seconds
171.897: [GC171.897: [DefNew: 16341K->16341K(18432K), 0.0000150 secs]171.897: [Tenured: 28676K->21524K(40960K), 0.0106700 secs] 45018K->21524K(59392K), [Perm : 6107K->6107K(21248K)], 0.0107340 secs] [Times: user=0.01 sys=0.00, real=0.01 secs] 
171.908: Total time for which application threads were stopped: 0.0118760 seconds, Stopping threads took: 0.0010540 seconds
171.913: Application time: 0.0049380 seconds
171.913: [GC171.913: [DefNew: 15842K->1426K(18432K), 0.0013020 secs] 37366K->25801K(59392K), 0.0013350 secs] [Times: user=0.00 sys=0.00, real=0.00 secs] 
171.915: Total time for which application threads were stopped: 0.0017070 seconds, Stopping threads took: 0.0003020 seconds
171.919: Application time: 0.0040310 seconds
171.919: [GC171.919: [DefNew: 17110K->17110K(18432K), 0.0000110 secs]171.919: [Tenured: 24374K->24368K(40960K), 0.0100600 secs] 41485K->24368K(59392K), [Perm : 6107K->6107K(21248K)], 0.0101330 secs] [Times: user=0.01 sys=0.00, real=0.01 secs] 
171.929: Total time for which application threads were stopped: 0.0106330 seconds, Stopping threads took: 0.0004250 seconds
171.933: Application time: 0.0039920 seconds
171.934: [GC171.934: [DefNew: 15688K->1425K(18432K), 0.0027080 secs] 40056K->33631K(59392K), 0.0027480 secs] [Times: user=0.01 sys=0.00, real=0.00 secs] 
171.937: Total time for which application threads were stopped: 0.0032520 seconds, Stopping threads took: 0.0004170 seconds
171.941: Application time: 0.0040870 seconds
171.942: [GC171.942: [DefNew: 17112K->17112K(18432K), 0.0000180 secs]171.942: [Tenured: 32206K->23656K(40960K), 0.0096980 secs] 49319K->23656K(59392K), [Perm : 6107K->6107K(21248K)], 0.0097660 secs] [Times: user=0.01 sys=0.00, real=0.01 secs] 
171.952: Total time for which application threads were stopped: 0.0107560 seconds, Stopping threads took: 0.0009010 seconds
171.955: Application time: 0.0036760 seconds
171.956: [GC171.956: [DefNew: 15681K->1425K(18432K), 0.0009690 secs] 39337K->26506K(59392K), 0.0009990 secs] [Times: user=0.00 sys=0.00, real=0.00 secs] 
171.957: Total time for which application threads were stopped: 0.0018370 seconds, Stopping threads took: 0.0007580 seconds
171.961: Application time: 0.0037110 seconds
171.961: [GC171.961: [DefNew: 17113K->17113K(18432K), 0.0000090 secs]171.961: [Tenured: 25081K->27932K(40960K), 0.0065820 secs] 42194K->27932K(59392K), [Perm : 6107K->6107K(21248K)], 0.0066400 secs] [Times: user=0.00 sys=0.00, real=0.01 secs] 
171.968: Total time for which application threads were stopped: 0.0071300 seconds, Stopping threads took: 0.0004070 seconds
171.971: Application time: 0.0034940 seconds
171.972: [GC171.972: [DefNew: 15681K->15681K(18432K), 0.0000100 secs]171.972: [Tenured: 27932K->26505K(40960K), 0.0103140 secs] 43614K->26505K(59392K), [Perm : 6107K->6107K(21248K)], 0.0103740 secs] [Times: user=0.01 sys=0.00, real=0.01 secs] 
171.983: Total time for which application threads were stopped: 0.0113360 seconds, Stopping threads took: 0.0008700 seconds
171.987: Application time: 0.0039650 seconds
171.987: [GC171.987: [DefNew: 15687K->15687K(18432K), 0.0000090 secs]171.987: [Tenured: 26505K->25793K(40960K), 0.0069630 secs] 42192K->25793K(59392K), [Perm : 6107K->6107K(21248K)], 0.0070220 secs] [Times: user=0.00 sys=0.00, real=0.01 secs] 
171.994: Total time for which application threads were stopped: 0.0077270 seconds, Stopping threads took: 0.0006160 seconds
171.998: Application time: 0.0037360 seconds
171.999: [GC171.999: [DefNew: 15687K->15687K(18432K), 0.0000090 secs]171.999: [Tenured: 25793K->26506K(40960K), 0.0069840 secs] 41480K->26506K(59392K), [Perm : 6107K->6107K(21248K)], 0.0070390 secs] [Times: user=0.01 sys=0.00, real=0.01 secs] 
172.006: Total time for which application threads were stopped: 0.0075810 seconds, Stopping threads took: 0.0004550 seconds
172.009: Application time: 0.0036730 seconds
172.010: [GC172.010: [DefNew: 15681K->15681K(18432K), 0.0000110 secs]172.010: [Tenured: 26506K->27931K(40960K), 0.0077780 secs] 42188K->27931K(59392K), [Perm : 6107K->6107K(21248K)], 0.0078340 secs] [Times: user=0.01 sys=0.00, real=0.01 secs] 
172.018: Total time for which application threads were stopped: 0.0088180 seconds, Stopping threads took: 0.0009150 seconds
172.023: Application time: 0.0046700 seconds
172.023: [GC172.023: [DefNew: 15688K->15688K(18432K), 0.0000090 secs]172.023: [Tenured: 27931K->24367K(40960K), 0.0087660 secs] 43619K->24367K(59392K), [Perm : 6107K->6107K(21248K)], 0.0088260 secs] [Times: user=0.01 sys=0.00, real=0.01 secs] 
172.032: Total time for which application threads were stopped: 0.0091960 seconds, Stopping threads took: 0.0002870 seconds
172.036: Application time: 0.0041310 seconds
172.036: [GC172.036: [DefNew: 15682K->1425K(18432K), 0.0009870 secs] 40050K->27218K(59392K), 0.0010190 secs] [Times: user=0.00 sys=0.00, real=0.00 secs] 
172.037: Total time for which application threads were stopped: 0.0011670 seconds, Stopping threads took: 0.0000880 seconds
172.042: Application time: 0.0041340 seconds
172.042: [GC172.042: [DefNew: 17114K->1426K(18432K), 0.0009780 secs] 42907K->28644K(59392K), 0.0010070 secs] [Times: user=0.00 sys=0.00, real=0.00 secs] 
172.043: Total time for which application threads were stopped: 0.0011200 seconds, Stopping threads took: 0.0000540 seconds
172.047: Application time: 0.0040370 seconds
172.047: [GC172.047: [DefNew: 17110K->1425K(18432K), 0.0016250 secs] 44328K->32207K(59392K), 0.0016600 secs] [Times: user=0.00 sys=0.00, real=0.00 secs] 
172.049: Total time for which application threads were stopped: 0.0019680 seconds, Stopping threads took: 0.0002250 seconds
172.053: Application time: 0.0043330 seconds
172.053: [GC172.053: [DefNew: 17115K->17115K(18432K), 0.0000100 secs]172.053: [Tenured: 30782K->25794K(40960K), 0.0071650 secs] 47897K->25794K(59392K), [Perm : 6107K->6107K(21248K)], 0.0072330 secs] [Times: user=0.01 sys=0.00, real=0.00 secs] 
172.061: Total time for which application threads were stopped: 0.0076160 seconds, Stopping threads took: 0.0003060 seconds
172.064: Application time: 0.0034640 seconds
172.065: [GC172.065: [DefNew: 15684K->1425K(18432K), 0.0006690 secs] 41479K->27932K(59392K), 0.0006980 secs] [Times: user=0.00 sys=0.00, real=0.01 secs] 
172.066: Total time for which application threads were stopped: 0.0015920 seconds, Stopping threads took: 0.0008370 seconds
172.070: Application time: 0.0038300 seconds
172.070: [GC172.070: [DefNew: 17110K->1425K(18432K), 0.0014600 secs] 43618K->30783K(59392K), 0.0014940 secs] [Times: user=0.00 sys=0.00, real=0.00 secs] 
172.071: Total time for which application threads were stopped: 0.0017150 seconds, Stopping threads took: 0.0001400 seconds
172.075: Application time: 0.0035040 seconds
172.076: [GC172.076: [DefNew: 17115K->1426K(18432K), 0.0007020 secs] 46473K->31496K(59392K), 0.0007300 secs] [Times: user=0.00 sys=0.00, real=0.00 secs] 
172.077: Total time for which application threads were stopped: 0.0018550 seconds, Stopping threads took: 0.0010480 seconds
172.080: Application time: 0.0036150 seconds
172.081: [GC172.081: [DefNew: 17112K->1425K(18432K), 0.0012900 secs] 47182K->33634K(59392K), 0.0013230 secs] [Times: user=0.00 sys=0.00, real=0.00 secs] 
172.082: Total time for which application threads were stopped: 0.0018140 seconds, Stopping threads took: 0.0004250 seconds
172.086: Application time: 0.0035000 seconds
172.086: [GC172.086: [DefNew: 17108K->17108K(18432K), 0.0000090 secs]172.086: [Tenured: 32209K->24367K(40960K), 0.0101700 secs] 49318K->24367K(59392K), [Perm : 6107K->6107K(21248K)], 0.0102300 secs] [Times: user=0.01 sys=0.00, real=0.01 secs] 
172.096: Total time for which application threads were stopped: 0.0104500 seconds, Stopping threads took: 0.0001490 seconds
172.100: Application time: 0.0035770 seconds
172.101: [GC172.101: [DefNew: 15695K->1426K(18432K), 0.0016990 secs] 40063K->30069K(59392K), 0.0017360 secs] [Times: user=0.01 sys=0.00, real=0.00 secs] 
172.102: Total time for which application threads were stopped: 0.0026030 seconds, Stopping threads took: 0.0008020 seconds
172.106: Application time: 0.0032900 seconds
172.106: [GC172.106: [DefNew: 17119K->1426K(18432K), 0.0029970 secs] 45762K->37908K(59392K), 0.0030370 secs] [Times: user=0.00 sys=0.00, real=0.00 secs] 
172.109: Total time for which application threads were stopped: 0.0032260 seconds, Stopping threads took: 0.0001210 seconds
172.112: Application time: 0.0030240 seconds
172.112: [GC172.112: [DefNew: 17107K->17107K(18432K), 0.0000100 secs]172.112: [Tenured: 36482K->27218K(40960K), 0.0097870 secs] 53589K->27218K(59392K), [Perm : 6107K->6107K(21248K)], 0.0098470 secs] [Times: user=0.01 sys=0.00, real=0.01 secs] 
172.122: Total time for which application threads were stopped: 0.0100900 seconds, Stopping threads took: 0.0001740 seconds
172.126: Application time: 0.0037230 seconds
172.126: [GC172.126: [DefNew: 15689K->1426K(18432K), 0.0008700 secs] 42907K->30069K(59392K), 0.0008990 secs] [Times: user=0.00 sys=0.00, real=0.00 secs] 
172.127: Total time for which application threads were stopped: 0.0010310 seconds, Stopping threads took: 0.0000620 seconds
172.184: Application time: 0.0578070 seconds
172.185: [GC172.185: [DefNew: 17116K->1426K(18432K), 0.0019790 secs] 45760K->35058K(59392K), 0.0020140 secs] [Times: user=0.00 sys=0.00, real=0.01 secs] 
172.187: Total time for which application threads were stopped: 0.0021640 seconds, Stopping threads took: 0.0000780 seconds
172.207: Application time: 0.0201050 seconds
172.207: [GC172.207: [DefNew: 17116K->17116K(18432K), 0.0000100 secs]172.207: [Tenured: 33632K->27217K(40960K), 0.0097390 secs] 50748K->27217K(59392K), [Perm : 6107K->6107K(21248K)], 0.0097990 secs] [Times: user=0.01 sys=0.00, real=0.01 secs] 
172.217: Total time for which application threads were stopped: 0.0099840 seconds, Stopping threads took: 0.0001070 seconds
172.279: Application time: 0.0621380 seconds
172.279: [GC172.279: [DefNew: 15690K->1425K(18432K), 0.0035430 secs] 42907K->39330K(59392K), 0.0035850 secs] [Times: user=0.00 sys=0.00, real=0.00 secs] 
172.283: Total time for which application threads were stopped: 0.0038090 seconds, Stopping threads took: 0.0001550 seconds
172.350: Application time: 0.0670910 seconds
172.351: [GC172.351: [DefNew: 17147K->17147K(18432K), 0.0000090 secs]172.351: [Tenured: 37905K->26534K(40960K), 0.0096990 secs] 55052K->26534K(59392K), [Perm : 6107K->6107K(21248K)], 0.0097570 secs] [Times: user=0.01 sys=0.00, real=0.01 secs] 
172.360: Total time for which application threads were stopped: 0.0106770 seconds, Stopping threads took: 0.0008320 seconds
172.367: Application time: 0.0061150 seconds
172.367: [GC172.367: [DefNew: 15683K->1425K(18432K), 0.0017510 secs] 42217K->32234K(59392K), 0.0017880 secs] [Times: user=0.00 sys=0.00, real=0.00 secs] 
172.369: Total time for which application threads were stopped: 0.0022660 seconds, Stopping threads took: 0.0004010 seconds
172.374: Application time: 0.0046800 seconds
172.374: [GC172.374: [DefNew: 17108K->17108K(18432K), 0.0000100 secs]172.374: [Tenured: 30809K->28671K(40960K), 0.0093220 secs] 47918K->28671K(59392K), [Perm : 6107K->6107K(21248K)], 0.0093840 secs] [Times: user=0.01 sys=0.00, real=0.00 secs] 
172.383: Total time for which application threads were stopped: 0.0095300 seconds, Stopping threads took: 0.0000740 seconds
172.388: Application time: 0.0046900 seconds
172.388: [GC172.388: [DefNew: 15685K->1425K(18432K), 0.0010350 secs] 44357K->32235K(59392K), 0.0010650 secs] [Times: user=0.00 sys=0.00, real=0.00 secs] 
172.389: Total time for which application threads were stopped: 0.0012140 seconds, Stopping threads took: 0.0000850 seconds
172.394: Application time: 0.0047880 seconds
172.394: [GC172.394: [DefNew: 17105K->17105K(18432K), 0.0000100 secs]172.394: [Tenured: 30809K->26533K(40960K), 0.0095660 secs] 47914K->26533K(59392K), [Perm : 6107K->6107K(21248K)], 0.0096250 secs] [Times: user=0.01 sys=0.00, real=0.00 secs] 
172.404: Total time for which application threads were stopped: 0.0099460 seconds, Stopping threads took: 0.0002300 seconds
172.411: Application time: 0.0072660 seconds
172.411: [GC172.411: [DefNew: 15686K->1426K(18432K), 0.0008280 secs] 42219K->28672K(59392K), 0.0008550 secs] [Times: user=0.00 sys=0.00, real=0.00 secs] 
172.412: Total time for which application threads were stopped: 0.0009870 seconds, Stopping threads took: 0.0000750 seconds
172.419: Application time: 0.0073640 seconds
172.419: [GC172.419: [DefNew: 17106K->712K(18432K), 0.0006560 secs] 44352K->28672K(59392K), 0.0006830 secs] [Times: user=0.00 sys=0.00, real=0.00 secs] 
172.420: Total time for which application threads were stopped: 0.0008140 seconds, Stopping threads took: 0.0000730 seconds
172.425: Application time: 0.0044440 seconds
172.425: [GC172.425: [DefNew: 16399K->1426K(18432K), 0.0008040 secs] 44359K->30098K(59392K), 0.0008310 secs] [Times: user=0.00 sys=0.00, real=0.01 secs] 
172.426: Total time for which application threads were stopped: 0.0009750 seconds, Stopping threads took: 0.0000800 seconds
172.429: Application time: 0.0038440 seconds
172.430: [GC172.430: [DefNew: 17105K->712K(18432K), 0.0003990 secs] 45777K->29385K(59392K), 0.0004270 secs] [Times: user=0.00 sys=0.00, real=0.00 secs] 
172.430: Total time for which application threads were stopped: 0.0005750 seconds, Stopping threads took: 0.0000900 seconds
172.467: Application time: 0.0370380 seconds
172.467: [GC172.467: [DefNew: 16405K->1426K(18432K), 0.0023900 secs] 45078K->36511K(59392K), 0.0024300 secs] [Times: user=0.00 sys=0.00, real=0.00 secs] 
172.470: Total time for which application threads were stopped: 0.0025640 seconds, Stopping threads took: 0.0000660 seconds
172.487: Application time: 0.0170980 seconds
172.487: [GC172.487: [DefNew: 17142K->17142K(18432K), 0.0000100 secs]172.487: [Tenured: 35085K->25792K(40960K), 0.0105750 secs] 52228K->25792K(59392K), [Perm : 6107K->6107K(21248K)], 0.0106580 secs] [Times: user=0.01 sys=0.00, real=0.01 secs] 
172.497: Total time for which application threads were stopped: 0.0107970 seconds, Stopping threads took: 0.0000670 seconds
172.505: Application time: 0.0079700 seconds
172.506: [GC172.506: [DefNew: 15679K->1425K(18432K), 0.0010780 secs] 41471K->28642K(59392K), 0.0011100 secs] [Times: user=0.00 sys=0.00, real=0.00 secs] 
172.507: Total time for which application threads were stopped: 0.0013460 seconds, Stopping threads took: 0.0001660 seconds
172.512: Application time: 0.0052550 seconds
172.512: [GC172.512: [DefNew: 17108K->1425K(18432K), 0.0011440 secs] 44325K->30068K(59392K), 0.0011750 secs] [Times: user=0.00 sys=0.00, real=0.00 secs] 
172.513: Total time for which application threads were stopped: 0.0013170 seconds, Stopping threads took: 0.0000810 seconds
172.519: Application time: 0.0058650 seconds
172.519: [GC172.519: [DefNew: 17111K->713K(18432K), 0.0003720 secs] 45753K->29355K(59392K), 0.0003970 secs] [Times: user=0.00 sys=0.00, real=0.00 secs] 
172.520: Total time for which application threads were stopped: 0.0005180 seconds, Stopping threads took: 0.0000680 seconds
172.526: Application time: 0.0063530 seconds
172.526: [GC172.526: [DefNew: 16393K->1426K(18432K), 0.0012230 secs] 45035K->32205K(59392K), 0.0012520 secs] [Times: user=0.00 sys=0.00, real=0.00 secs] 
172.528: Total time for which application threads were stopped: 0.0013780 seconds, Stopping threads took: 0.0000670 seconds
172.534: Application time: 0.0066020 seconds
172.534: [GC172.534: [DefNew: 17105K->1425K(18432K), 0.0010990 secs] 47885K->33631K(59392K), 0.0011250 secs] [Times: user=0.00 sys=0.00, real=0.00 secs] 
172.535: Total time for which application threads were stopped: 0.0012870 seconds, Stopping threads took: 0.0001030 seconds
172.541: Application time: 0.0051300 seconds
172.541: [GC172.541: [DefNew: 17112K->1426K(18432K), 0.0006340 secs] 49318K->33631K(59392K), 0.0006600 secs] [Times: user=0.00 sys=0.00, real=0.00 secs] 
172.541: Total time for which application threads were stopped: 0.0008020 seconds, Stopping threads took: 0.0000860 seconds
172.545: Application time: 0.0036400 seconds
172.545: [GC172.545: [DefNew: 17105K->1425K(18432K), 0.0008000 secs] 49311K->34344K(59392K), 0.0008260 secs] [Times: user=0.00 sys=0.00, real=0.01 secs] 
172.546: Total time for which application threads were stopped: 0.0009640 seconds, Stopping threads took: 0.0000820 seconds
172.561: Application time: 0.0150000 seconds
172.561: [GC172.561: [DefNew: 17117K->1426K(18432K), 0.0021550 secs] 50036K->40045K(59392K), 0.0021950 secs] [Times: user=0.00 sys=0.00, real=0.00 secs] 
172.563: Total time for which application threads were stopped: 0.0023930 seconds, Stopping threads took: 0.0001290 seconds
172.632: Application time: 0.0681920 seconds
172.632: [GC172.632: [DefNew: 17115K->17115K(18432K), 0.0000100 secs]172.632: [Tenured: 38619K->25791K(40960K), 0.0092580 secs] 55735K->25791K(59392K), [Perm : 6107K->6107K(21248K)], 0.0093180 secs] [Times: user=0.01 sys=0.00, real=0.01 secs] 
172.641: Total time for which application threads were stopped: 0.0094660 seconds, Stopping threads took: 0.0000710 seconds
172.660: Application time: 0.0185570 seconds
172.660: [GC172.660: [DefNew: 15716K->1454K(18432K), 0.0022290 secs] 41508K->32234K(59392K), 0.0022680 secs] [Times: user=0.00 sys=0.00, real=0.00 secs] 
172.662: Total time for which application threads were stopped: 0.0024690 seconds, Stopping threads took: 0.0001340 seconds
172.671: Application time: 0.0088350 seconds
172.671: [GC172.671: [DefNew: 17131K->712K(18432K), 0.0008700 secs] 47911K->32946K(59392K), 0.0009000 secs] [Times: user=0.00 sys=0.00, real=0.00 secs] 
172.672: Total time for which application threads were stopped: 0.0010280 seconds, Stopping threads took: 0.0000690 seconds
172.677: Application time: 0.0046200 seconds
172.677: [GC172.677: [DefNew: 16398K->1425K(18432K), 0.0013420 secs] 48632K->35797K(59392K), 0.0013760 secs] [Times: user=0.00 sys=0.00, real=0.00 secs] 
172.678: Total time for which application threads were stopped: 0.0015260 seconds, Stopping threads took: 0.0000750 seconds
172.682: Application time: 0.0042750 seconds
172.682: [GC172.683: [DefNew: 17105K->17105K(18432K), 0.0000090 secs]172.683: [Tenured: 34371K->25820K(40960K), 0.0093700 secs] 51477K->25820K(59392K), [Perm : 6107K->6107K(21248K)], 0.0094310 secs] [Times: user=0.01 sys=0.00, real=0.01 secs] 
172.692: Total time for which application threads were stopped: 0.0096210 seconds, Stopping threads took: 0.0001200 seconds
172.699: Application time: 0.0069290 seconds
172.700: [GC172.700: [DefNew: 15690K->1426K(18432K), 0.0012400 secs] 41510K->29384K(59392K), 0.0012730 secs] [Times: user=0.01 sys=0.00, real=0.00 secs] 
172.701: Total time for which application threads were stopped: 0.0020390 seconds, Stopping threads took: 0.0007020 seconds
172.708: Application time: 0.0066100 seconds
172.708: [GC172.708: [DefNew: 17107K->1425K(18432K), 0.0011290 secs] 45065K->30809K(59392K), 0.0011600 secs] [Times: user=0.00 sys=0.00, real=0.00 secs] 
172.709: Total time for which application threads were stopped: 0.0014760 seconds, Stopping threads took: 0.0002380 seconds
172.714: Application time: 0.0049380 seconds
172.714: [GC172.714: [DefNew: 17112K->1426K(18432K), 0.0008560 secs] 46496K->31523K(59392K), 0.0008860 secs] [Times: user=0.00 sys=0.00, real=0.00 secs] 
172.715: Total time for which application threads were stopped: 0.0010230 seconds, Stopping threads took: 0.0000800 seconds
172.719: Application time: 0.0037700 seconds
172.719: [GC172.719: [DefNew: 17105K->712K(18432K), 0.0006320 secs] 47202K->31522K(59392K), 0.0006600 secs] [Times: user=0.00 sys=0.00, real=0.00 secs] 
172.720: Total time for which application threads were stopped: 0.0008670 seconds, Stopping threads took: 0.0001320 seconds
172.736: Application time: 0.0162430 seconds
172.736: [GC172.736: [DefNew: 16402K->1426K(18432K), 0.0016920 secs] 47213K->36511K(59392K), 0.0017280 secs] [Times: user=0.00 sys=0.00, real=0.00 secs] 
172.738: Total time for which application threads were stopped: 0.0018510 seconds, Stopping threads took: 0.0000590 seconds
172.804: Application time: 0.0661710 seconds
172.804: [GC172.804: [DefNew: 17115K->17115K(18432K), 0.0000090 secs]172.804: [Tenured: 35085K->26533K(40960K), 0.0090180 secs] 52201K->26533K(59392K), [Perm : 6107K->6107K(21248K)], 0.0090740 secs] [Times: user=0.01 sys=0.00, real=0.01 secs] 
172.813: Total time for which application threads were stopped: 0.0091990 seconds, Stopping threads took: 0.0000580 seconds
172.880: Application time: 0.0671130 seconds
172.880: [GC172.880: [DefNew: 15691K->1425K(18432K), 0.0041000 secs] 42225K->40784K(59392K), 0.0041370 secs] [Times: user=0.01 sys=0.00, real=0.00 secs] 
172.884: Total time for which application threads were stopped: 0.0042590 seconds, Stopping threads took: 0.0000570 seconds
172.918: Application time: 0.0339200 seconds
172.918: [GC172.918: [DefNew: 17143K->17143K(18432K), 0.0000080 secs]172.919: [Tenured: 39359K->24366K(40960K), 0.0104000 secs] 56502K->24366K(59392K), [Perm : 6107K->6107K(21248K)], 0.0104540 secs] [Times: user=0.01 sys=0.00, real=0.01 secs] 
172.929: Total time for which application threads were stopped: 0.0105900 seconds, Stopping threads took: 0.0000690 seconds
172.937: Application time: 0.0080990 seconds
172.937: [GC172.937: [DefNew: 15677K->712K(18432K), 0.0003940 secs] 40044K->25079K(59392K), 0.0004220 secs] [Times: user=0.00 sys=0.00, real=0.00 secs] 
172.938: Total time for which application threads were stopped: 0.0006110 seconds, Stopping threads took: 0.0001220 seconds
172.944: Application time: 0.0060170 seconds
172.944: [GC172.944: [DefNew: 16396K->1425K(18432K), 0.0007840 secs] 40762K->26505K(59392K), 0.0008100 secs] [Times: user=0.00 sys=0.00, real=0.00 secs] 
172.945: Total time for which application threads were stopped: 0.0009450 seconds, Stopping threads took: 0.0000770 seconds
172.949: Application time: 0.0039550 seconds
172.949: [GC172.949: [DefNew: 17105K->1425K(18432K), 0.0009760 secs] 42184K->27930K(59392K), 0.0010160 secs] [Times: user=0.00 sys=0.00, real=0.00 secs] 
172.950: Total time for which application threads were stopped: 0.0011810 seconds, Stopping threads took: 0.0001070 seconds
172.957: Application time: 0.0076270 seconds
172.958: [GC172.958: [DefNew: 17113K->1426K(18432K), 0.0015380 secs] 43618K->30781K(59392K), 0.0015700 secs] [Times: user=0.00 sys=0.00, real=0.00 secs] 
172.959: Total time for which application threads were stopped: 0.0017210 seconds, Stopping threads took: 0.0000850 seconds
172.965: Application time: 0.0055030 seconds
172.965: [GC172.965: [DefNew: 17107K->1425K(18432K), 0.0015040 secs] 46462K->33631K(59392K), 0.0015360 secs] [Times: user=0.01 sys=0.00, real=0.01 secs] 
172.966: Total time for which application threads were stopped: 0.0016750 seconds, Stopping threads took: 0.0000760 seconds
172.973: Application time: 0.0062840 seconds
172.973: [GC172.973: [DefNew: 17112K->1426K(18432K), 0.0005640 secs] 49318K->33632K(59392K), 0.0005910 secs] [Times: user=0.00 sys=0.00, real=0.00 secs] 
172.973: Total time for which application threads were stopped: 0.0007250 seconds, Stopping threads took: 0.0000750 seconds
172.977: Application time: 0.0037600 seconds
172.977: [GC172.977: [DefNew: 17107K->1425K(18432K), 0.0012330 secs] 49314K->35769K(59392K), 0.0012660 secs] [Times: user=0.00 sys=0.00, real=0.00 secs] 
172.978: Total time for which application threads were stopped: 0.0014040 seconds, Stopping threads took: 0.0000750 seconds
172.982: Application time: 0.0036310 seconds
172.982: [GC172.982: [DefNew: 17105K->17105K(18432K), 0.0000090 secs]172.982: [Tenured: 34344K->23654K(40960K), 0.0090350 secs] 51450K->23654K(59392K), [Perm : 6107K->6107K(21248K)], 0.0090890 secs] [Times: user=0.01 sys=0.00, real=0.01 secs] 
172.991: Total time for which application threads were stopped: 0.0093540 seconds, Stopping threads took: 0.0001970 seconds
173.059: Application time: 0.0679130 seconds
173.059: [GC173.060: [DefNew: 15700K->1426K(18432K), 0.0041090 secs] 39354K->37905K(59392K), 0.0041500 secs] [Times: user=0.00 sys=0.00, real=0.00 secs] 
173.064: Total time for which application threads were stopped: 0.0042780 seconds, Stopping threads took: 0.0000590 seconds
173.090: Application time: 0.0261650 seconds
173.090: [GC173.090: [DefNew: 17146K->17146K(18432K), 0.0000090 secs]173.090: [Tenured: 36479K->25108K(40960K), 0.0092330 secs] 53625K->25108K(59392K), [Perm : 6107K->6107K(21248K)], 0.0092900 secs] [Times: user=0.01 sys=0.00, real=0.01 secs] 
173.099: Total time for which application threads were stopped: 0.0094230 seconds, Stopping threads took: 0.0000660 seconds
173.107: Application time: 0.0081270 seconds
173.108: [GC173.108: [DefNew: 15677K->1425K(18432K), 0.0005290 secs] 40785K->26533K(59392K), 0.0005580 secs] [Times: user=0.00 sys=0.00, real=0.00 secs] 
173.108: Total time for which application threads were stopped: 0.0006930 seconds, Stopping threads took: 0.0000760 seconds
173.114: Application time: 0.0062700 seconds
173.115: [GC173.115: [DefNew: 17108K->1425K(18432K), 0.0006450 secs] 42217K->26534K(59392K), 0.0006740 secs] [Times: user=0.00 sys=0.00, real=0.00 secs] 
173.115: Total time for which application threads were stopped: 0.0008510 seconds, Stopping threads took: 0.0001200 seconds
173.120: Application time: 0.0051450 seconds
173.120: [GC173.121: [DefNew: 17103K->0K(18432K), 0.0002710 secs] 42211K->25108K(59392K), 0.0002990 secs] [Times: user=0.00 sys=0.00, real=0.00 secs] 
173.121: Total time for which application threads were stopped: 0.0004320 seconds, Stopping threads took: 0.0000750 seconds
173.128: Application time: 0.0073810 seconds
173.128: [GC173.128: [DefNew: 15686K->1426K(18432K), 0.0007790 secs] 40795K->27247K(59392K), 0.0008060 secs] [Times: user=0.00 sys=0.00, real=0.00 secs] 
173.129: Total time for which application threads were stopped: 0.0009400 seconds, Stopping threads took: 0.0000750 seconds
173.136: Application time: 0.0063900 seconds
173.136: [GC173.136: [DefNew: 17107K->1425K(18432K), 0.0011050 secs] 42928K->28672K(59392K), 0.0011340 secs] [Times: user=0.00 sys=0.00, real=0.00 secs] 
173.137: Total time for which application threads were stopped: 0.0013220 seconds, Stopping threads took: 0.0001100 seconds
173.141: Application time: 0.0046610 seconds
173.142: [GC173.142: [DefNew: 17113K->1425K(18432K), 0.0018260 secs] 44361K->32236K(59392K), 0.0018600 secs] [Times: user=0.00 sys=0.00, real=0.00 secs] 
173.144: Total time for which application threads were stopped: 0.0020240 seconds, Stopping threads took: 0.0000980 seconds
173.147: Application time: 0.0034850 seconds
173.147: [GC173.147: [DefNew: 17105K->1425K(18432K), 0.0011040 secs] 47915K->33661K(59392K), 0.0011300 secs] [Times: user=0.00 sys=0.00, real=0.00 secs] 
173.148: Total time for which application threads were stopped: 0.0012750 seconds, Stopping threads took: 0.0000840 seconds
173.156: Application time: 0.0074280 seconds
173.156: [GC173.156: [DefNew: 17115K->1426K(18432K), 0.0014760 secs] 49351K->37224K(59392K), 0.0015110 secs] [Times: user=0.00 sys=0.00, real=0.00 secs] 
173.157: Total time for which application threads were stopped: 0.0016520 seconds, Stopping threads took: 0.0000760 seconds
173.228: Application time: 0.0707120 seconds
173.228: [GC173.228: [DefNew: 17136K->17136K(18432K), 0.0000100 secs]173.228: [Tenured: 35798K->25823K(40960K), 0.0091870 secs] 52935K->25823K(59392K), [Perm : 6107K->6107K(21248K)], 0.0092520 secs] [Times: user=0.01 sys=0.00, real=0.01 secs] 
173.237: Total time for which application threads were stopped: 0.0093840 seconds, Stopping threads took: 0.0000650 seconds
173.311: Application time: 0.0735380 seconds
173.311: [GC173.311: [DefNew: 15691K->1425K(18432K), 0.0043680 secs] 41515K->40786K(59392K), 0.0044060 secs] [Times: user=0.01 sys=0.00, real=0.01 secs] 
173.316: Total time for which application threads were stopped: 0.0045340 seconds, Stopping threads took: 0.0000620 seconds
173.389: Application time: 0.0730340 seconds
173.389: [GC173.389: [DefNew: 17116K->17116K(18432K), 0.0000100 secs]173.389: [Tenured: 39361K->25791K(40960K), 0.0106080 secs] 56478K->25791K(59392K), [Perm : 6107K->6107K(21248K)], 0.0106660 secs] [Times: user=0.01 sys=0.00, real=0.01 secs] 
173.399: Total time for which application threads were stopped: 0.0107950 seconds, Stopping threads took: 0.0000580 seconds
173.468: Application time: 0.0686920 seconds
173.468: [GC173.468: [DefNew: 15697K->1425K(18432K), 0.0044910 secs] 41489K->41468K(59392K), 0.0045300 secs] [Times: user=0.00 sys=0.00, real=0.00 secs] 
173.473: Total time for which application threads were stopped: 0.0047170 seconds, Stopping threads took: 0.0001170 seconds
173.546: Application time: 0.0736700 seconds
173.547: [GC173.547: [DefNew: 17117K->17117K(18432K), 0.0000090 secs]173.547: [Tenured: 40042K->26505K(40960K), 0.0100510 secs] 57159K->26505K(59392K), [Perm : 6107K->6107K(21248K)], 0.0101110 secs] [Times: user=0.01 sys=0.00, real=0.01 secs] 
173.557: Total time for which application threads were stopped: 0.0102920 seconds, Stopping threads took: 0.0001140 seconds
173.622: Application time: 0.0650950 seconds
173.622: [GC173.622: [DefNew: 15697K->1425K(18432K), 0.0044060 secs] 42203K->42181K(59392K), 0.0044430 secs] [Times: user=0.00 sys=0.00, real=0.01 secs] 
173.627: Total time for which application threads were stopped: 0.0046460 seconds, Stopping threads took: 0.0001200 seconds
173.665: Application time: 0.0382880 seconds
173.665: [GC173.665: [DefNew: 17117K->17117K(18432K), 0.0000090 secs]173.665: [Tenured: 40755K->28643K(40960K), 0.0093850 secs] 57873K->28643K(59392K), [Perm : 6107K->6107K(21248K)], 0.0094440 secs] [Times: user=0.01 sys=0.00, real=0.02 secs] 
173.674: Total time for which application threads were stopped: 0.0096590 seconds, Stopping threads took: 0.0001260 seconds
173.748: Application time: 0.0736740 seconds
173.748: [GC173.748: [DefNew: 15697K->15697K(18432K), 0.0000090 secs]173.748: [Tenured: 28643K->28644K(40960K), 0.0089680 secs] 44341K->28644K(59392K), [Perm : 6107K->6107K(21248K)], 0.0090270 secs] [Times: user=0.01 sys=0.00, real=0.01 secs] 
173.757: Total time for which application threads were stopped: 0.0092090 seconds, Stopping threads took: 0.0001030 seconds
173.821: Application time: 0.0637360 seconds
173.821: [GC173.821: [DefNew: 15691K->15691K(18432K), 0.0000150 secs]173.821: [Tenured: 28644K->27929K(40960K), 0.0116440 secs] 44335K->27929K(59392K), [Perm : 6107K->6107K(21248K)], 0.0117220 secs] [Times: user=0.02 sys=0.00, real=0.01 secs] 
173.833: Total time for which application threads were stopped: 0.0119280 seconds, Stopping threads took: 0.0001160 seconds
173.906: Application time: 0.0725170 seconds
173.906: [GC173.906: [DefNew: 15689K->15689K(18432K), 0.0000090 secs]173.906: [Tenured: 27929K->28641K(40960K), 0.0092200 secs] 43618K->28641K(59392K), [Perm : 6107K->6107K(21248K)], 0.0092780 secs] [Times: user=0.00 sys=0.00, real=0.01 secs] 
173.915: Total time for which application threads were stopped: 0.0094120 seconds, Stopping threads took: 0.0000650 seconds
173.994: Application time: 0.0787220 seconds
173.994: [GC173.994: [DefNew: 15689K->15689K(18432K), 0.0000090 secs]173.994: [Tenured: 28641K->27929K(40960K), 0.0091490 secs] 44331K->27929K(59392K), [Perm : 6107K->6107K(21248K)], 0.0092070 secs] [Times: user=0.01 sys=0.00, real=0.00 secs] 
174.003: Total time for which application threads were stopped: 0.0093400 seconds, Stopping threads took: 0.0000630 seconds
174.067: Application time: 0.0636120 seconds
174.067: [GC174.067: [DefNew: 15697K->15697K(18432K), 0.0000100 secs]174.067: [Tenured: 27929K->27930K(40960K), 0.0097220 secs] 43627K->27930K(59392K), [Perm : 6107K->6107K(21248K)], 0.0097830 secs] [Times: user=0.01 sys=0.00, real=0.01 secs] 
174.077: Total time for which application threads were stopped: 0.0099520 seconds, Stopping threads took: 0.0001000 seconds
174.150: Application time: 0.0732200 seconds
174.150: [GC174.150: [DefNew: 15691K->15691K(18432K), 0.0000110 secs]174.150: [Tenured: 27930K->29354K(40960K), 0.0110060 secs] 43621K->29354K(59392K), [Perm : 6107K->6107K(21248K)], 0.0110680 secs] [Times: user=0.01 sys=0.00, real=0.01 secs] 
174.161: Total time for which application threads were stopped: 0.0112100 seconds, Stopping threads took: 0.0000700 seconds
174.231: Application time: 0.0700140 seconds
174.231: [GC174.231: [DefNew: 15713K->15713K(18432K), 0.0000100 secs]174.231: [Tenured: 29354K->27217K(40960K), 0.0112590 secs] 45067K->27217K(59392K), [Perm : 6107K->6107K(21248K)], 0.0113270 secs] [Times: user=0.01 sys=0.00, real=0.01 secs] 
174.243: Total time for which application threads were stopped: 0.0115120 seconds, Stopping threads took: 0.0001000 seconds
174.292: Application time: 0.0495040 seconds
174.292: [GC174.292: [DefNew: 15698K->15698K(18432K), 0.0000100 secs]174.292: [Tenured: 27217K->27216K(40960K), 0.0108990 secs] 42915K->27216K(59392K), [Perm : 6107K->6107K(21248K)], 0.0109570 secs] [Times: user=0.01 sys=0.00, real=0.01 secs] 
174.303: Total time for which application threads were stopped: 0.0110880 seconds, Stopping threads took: 0.0000620 seconds
174.355: Application time: 0.0515760 seconds
174.355: [GC174.355: [DefNew: 15689K->15689K(18432K), 0.0000100 secs]174.355: [Tenured: 27216K->27216K(40960K), 0.0090870 secs] 42906K->27216K(59392K), [Perm : 6107K->6107K(21248K)], 0.0091460 secs] [Times: user=0.00 sys=0.00, real=0.00 secs] 
174.364: Total time for which application threads were stopped: 0.0092790 seconds, Stopping threads took: 0.0000630 seconds
174.435: Application time: 0.0708340 seconds
174.435: [GC174.435: [DefNew: 15689K->15689K(18432K), 0.0000090 secs]174.435: [Tenured: 27216K->27216K(40960K), 0.0089960 secs] 42906K->27216K(59392K), [Perm : 6107K->6107K(21248K)], 0.0090530 secs] [Times: user=0.01 sys=0.00, real=0.00 secs] 
174.444: Total time for which application threads were stopped: 0.0092110 seconds, Stopping threads took: 0.0000800 seconds
174.500: Application time: 0.0563860 seconds
174.501: [GC174.501: [DefNew: 15698K->1426K(18432K), 0.0038050 secs] 42915K->40755K(59392K), 0.0038420 secs] [Times: user=0.01 sys=0.00, real=0.00 secs] 
174.504: Total time for which application threads were stopped: 0.0040020 seconds, Stopping threads took: 0.0000960 seconds
174.573: Application time: 0.0690230 seconds
174.574: [GC174.574: [DefNew: 17115K->17115K(18432K), 0.0000110 secs]174.574: [Tenured: 39329K->25791K(40960K), 0.0113830 secs] 56445K->25791K(59392K), [Perm : 6107K->6107K(21248K)], 0.0114550 secs] [Times: user=0.01 sys=0.00, real=0.00 secs] 
174.585: Total time for which application threads were stopped: 0.0116160 seconds, Stopping threads took: 0.0000910 seconds
174.632: Application time: 0.0472900 seconds
174.632: [GC174.632: [DefNew: 15698K->15698K(18432K), 0.0000100 secs]174.633: [Tenured: 25791K->26504K(40960K), 0.0092130 secs] 41489K->26504K(59392K), [Perm : 6107K->6107K(21248K)], 0.0092700 secs] [Times: user=0.01 sys=0.00, real=0.01 secs] 
174.642: Total time for which application threads were stopped: 0.0094120 seconds, Stopping threads took: 0.0000740 seconds
174.691: Application time: 0.0490910 seconds
174.691: [GC174.691: [DefNew: 15689K->15689K(18432K), 0.0000090 secs]174.691: [Tenured: 26504K->27217K(40960K), 0.0091580 secs] 42194K->27217K(59392K), [Perm : 6107K->6107K(21248K)], 0.0092140 secs] [Times: user=0.01 sys=0.00, real=0.01 secs] 
174.700: Total time for which application threads were stopped: 0.0093420 seconds, Stopping threads took: 0.0000610 seconds
174.757: Application time: 0.0568640 seconds
174.757: [GC174.757: [DefNew: 15698K->15698K(18432K), 0.0000100 secs]174.757: [Tenured: 27217K->24367K(40960K), 0.0109950 secs] 42916K->24367K(59392K), [Perm : 6107K->6107K(21248K)], 0.0110540 secs] [Times: user=0.01 sys=0.00, real=0.01 secs] 
174.768: Total time for which application threads were stopped: 0.0112020 seconds, Stopping threads took: 0.0000680 seconds
174.838: Application time: 0.0700550 seconds
174.838: [GC174.838: [DefNew: 15690K->1425K(18432K), 0.0038810 secs] 40057K->37905K(59392K), 0.0039200 secs] [Times: user=0.01 sys=0.00, real=0.00 secs] 
174.842: Total time for which application threads were stopped: 0.0040770 seconds, Stopping threads took: 0.0000780 seconds
174.889: Application time: 0.0469630 seconds
174.889: [GC174.890: [DefNew: 17115K->17115K(18432K), 0.0000090 secs]174.890: [Tenured: 36480K->25079K(40960K), 0.0091280 secs] 53595K->25079K(59392K), [Perm : 6107K->6107K(21248K)], 0.0091860 secs] [Times: user=0.01 sys=0.00, real=0.01 secs] 
174.899: Total time for which application threads were stopped: 0.0093180 seconds, Stopping threads took: 0.0000610 seconds
174.948: Application time: 0.0497720 seconds
174.949: [GC174.949: [DefNew: 15690K->1425K(18432K), 0.0036520 secs] 40770K->37905K(59392K), 0.0036920 secs] [Times: user=0.00 sys=0.00, real=0.00 secs] 
174.952: Total time for which application threads were stopped: 0.0038320 seconds, Stopping threads took: 0.0000720 seconds
175.008: Application time: 0.0553600 seconds
175.008: [GC175.008: [DefNew: 17115K->17115K(18432K), 0.0000090 secs]175.008: [Tenured: 36480K->23655K(40960K), 0.0086120 secs] 53596K->23655K(59392K), [Perm : 6107K->6107K(21248K)], 0.0086700 secs] [Times: user=0.00 sys=0.00, real=0.01 secs] 
175.016: Total time for which application threads were stopped: 0.0088090 seconds, Stopping threads took: 0.0000700 seconds
175.071: Application time: 0.0547270 seconds
175.071: [GC175.071: [DefNew: 15699K->1426K(18432K), 0.0037110 secs] 39354K->36482K(59392K), 0.0037520 secs] [Times: user=0.01 sys=0.00, real=0.01 secs] 
175.075: Total time for which application threads were stopped: 0.0039650 seconds, Stopping threads took: 0.0001340 seconds
175.114: Application time: 0.0388600 seconds
175.114: [GC175.114: [DefNew: 17116K->17116K(18432K), 0.0000100 secs]175.114: [Tenured: 35056K->25793K(40960K), 0.0100250 secs] 52172K->25793K(59392K), [Perm : 6107K->6107K(21248K)], 0.0100830 secs] [Times: user=0.01 sys=0.00, real=0.00 secs] 
175.124: Total time for which application threads were stopped: 0.0103520 seconds, Stopping threads took: 0.0002020 seconds
175.189: Application time: 0.0646720 seconds
175.189: [GC175.189: [DefNew: 15695K->15695K(18432K), 0.0000110 secs]175.189: [Tenured: 25793K->25080K(40960K), 0.0119640 secs] 41489K->25080K(59392K), [Perm : 6107K->6107K(21248K)], 0.0120260 secs] [Times: user=0.01 sys=0.00, real=0.01 secs] 
175.201: Total time for which application threads were stopped: 0.0122410 seconds, Stopping threads took: 0.0001140 seconds
175.261: Application time: 0.0598740 seconds
175.261: [GC175.261: [DefNew: 15705K->1426K(18432K), 0.0034870 secs] 40786K->37196K(59392K), 0.0035300 secs] [Times: user=0.01 sys=0.00, real=0.00 secs] 
175.265: Total time for which application threads were stopped: 0.0037480 seconds, Stopping threads took: 0.0001180 seconds
175.293: Application time: 0.0281220 seconds
175.293: [GC175.293: [DefNew: 17124K->17124K(18432K), 0.0000100 secs]175.293: [Tenured: 35769K->26508K(40960K), 0.0095280 secs] 52893K->26508K(59392K), [Perm : 6107K->6107K(21248K)], 0.0095850 secs] [Times: user=0.01 sys=0.00, real=0.01 secs] 
175.303: Total time for which application threads were stopped: 0.0097530 seconds, Stopping threads took: 0.0000890 seconds
175.370: Application time: 0.0667620 seconds
175.370: [GC175.370: [DefNew: 15688K->15688K(18432K), 0.0000100 secs]175.370: [Tenured: 26508K->26508K(40960K), 0.0100850 secs] 42197K->26508K(59392K), [Perm : 6107K->6107K(21248K)], 0.0101430 secs] [Times: user=0.01 sys=0.00, real=0.01 secs] 
175.380: Total time for which application threads were stopped: 0.0103570 seconds, Stopping threads took: 0.0001430 seconds
175.433: Application time: 0.0533270 seconds
175.433: [GC175.433: [DefNew: 15688K->15688K(18432K), 0.0000100 secs]175.433: [Tenured: 26508K->27933K(40960K), 0.0091570 secs] 42197K->27933K(59392K), [Perm : 6107K->6107K(21248K)], 0.0092130 secs] [Times: user=0.01 sys=0.00, real=0.01 secs] 
175.443: Total time for which application threads were stopped: 0.0093470 seconds, Stopping threads took: 0.0000660 seconds
175.494: Application time: 0.0516680 seconds
175.494: [GC175.494: [DefNew: 15688K->15688K(18432K), 0.0000100 secs]175.494: [Tenured: 27933K->25793K(40960K), 0.0113120 secs] 43622K->25793K(59392K), [Perm : 6107K->6107K(21248K)], 0.0113700 secs] [Times: user=0.01 sys=0.00, real=0.01 secs] 
175.506: Total time for which application threads were stopped: 0.0115030 seconds, Stopping threads took: 0.0000600 seconds
175.546: Application time: 0.0400190 seconds
175.546: [GC175.546: [DefNew: 15697K->15697K(18432K), 0.0000110 secs]175.546: [Tenured: 25793K->26507K(40960K), 0.0107230 secs] 41490K->26507K(59392K), [Perm : 6107K->6107K(21248K)], 0.0107850 secs] [Times: user=0.01 sys=0.00, real=0.01 secs] 
175.557: Total time for which application threads were stopped: 0.0109620 seconds, Stopping threads took: 0.0001070 seconds
175.613: Application time: 0.0557590 seconds
175.613: [GC175.613: [DefNew: 15688K->15688K(18432K), 0.0000090 secs]175.613: [Tenured: 26507K->26507K(40960K), 0.0090060 secs] 42196K->26507K(59392K), [Perm : 6107K->6107K(21248K)], 0.0090620 secs] [Times: user=0.01 sys=0.00, real=0.01 secs] 
175.622: Total time for which application threads were stopped: 0.0091950 seconds, Stopping threads took: 0.0000670 seconds
175.675: Application time: 0.0531240 seconds
175.675: [GC175.675: [DefNew: 15697K->15697K(18432K), 0.0000100 secs]175.675: [Tenured: 26507K->27220K(40960K), 0.0091160 secs] 42204K->27220K(59392K), [Perm : 6107K->6107K(21248K)], 0.0091740 secs] [Times: user=0.01 sys=0.00, real=0.00 secs] 
175.684: Total time for which application threads were stopped: 0.0093140 seconds, Stopping threads took: 0.0000710 seconds
175.745: Application time: 0.0606430 seconds
175.745: [GC175.745: [DefNew: 15688K->15688K(18432K), 0.0000090 secs]175.745: [Tenured: 27220K->27218K(40960K), 0.0102290 secs] 42909K->27218K(59392K), [Perm : 6107K->6107K(21248K)], 0.0102890 secs] [Times: user=0.01 sys=0.00, real=0.02 secs] 
175.755: Total time for which application threads were stopped: 0.0104930 seconds, Stopping threads took: 0.0001270 seconds
175.793: Application time: 0.0378240 seconds
175.793: [GC175.793: [DefNew: 15697K->15697K(18432K), 0.0000100 secs]175.793: [Tenured: 27218K->27932K(40960K), 0.0091370 secs] 42916K->27932K(59392K), [Perm : 6107K->6107K(21248K)], 0.0091910 secs] [Times: user=0.00 sys=0.00, real=0.01 secs] 
175.803: Total time for which application threads were stopped: 0.0093750 seconds, Stopping threads took: 0.0000880 seconds
175.864: Application time: 0.0611110 seconds
175.864: [GC175.864: [DefNew: 15688K->15688K(18432K), 0.0000100 secs]175.864: [Tenured: 27932K->27219K(40960K), 0.0097490 secs] 43620K->27219K(59392K), [Perm : 6107K->6107K(21248K)], 0.0098060 secs] [Times: user=0.01 sys=0.00, real=0.02 secs] 
175.874: Total time for which application threads were stopped: 0.0099390 seconds, Stopping threads took: 0.0000620 seconds
175.923: Application time: 0.0494190 seconds
175.923: [GC175.923: [DefNew: 15688K->15688K(18432K), 0.0000110 secs]175.923: [Tenured: 27219K->28644K(40960K), 0.0098690 secs] 42908K->28644K(59392K), [Perm : 6107K->6107K(21248K)], 0.0099290 secs] [Times: user=0.01 sys=0.00, real=0.01 secs] 
175.933: Total time for which application threads were stopped: 0.0100630 seconds, Stopping threads took: 0.0000620 seconds
175.977: Application time: 0.0436840 seconds
175.977: [GC175.977: [DefNew: 15688K->15688K(18432K), 0.0000100 secs]175.977: [Tenured: 28644K->27931K(40960K), 0.0107420 secs] 44333K->27931K(59392K), [Perm : 6107K->6107K(21248K)], 0.0108030 secs] [Times: user=0.01 sys=0.00, real=0.01 secs] 
175.988: Total time for which application threads were stopped: 0.0109660 seconds, Stopping threads took: 0.0000930 seconds
176.051: Application time: 0.0636780 seconds
176.052: [GC176.052: [DefNew: 15688K->15688K(18432K), 0.0000090 secs]176.052: [Tenured: 27931K->28643K(40960K), 0.0091490 secs] 43619K->28643K(59392K), [Perm : 6107K->6107K(21248K)], 0.0092070 secs] [Times: user=0.01 sys=0.00, real=0.01 secs] 
176.061: Total time for which application threads were stopped: 0.0093710 seconds, Stopping threads took: 0.0000840 seconds
176.113: Application time: 0.0527270 seconds
176.114: [GC176.114: [DefNew: 15696K->15696K(18432K), 0.0000090 secs]176.114: [Tenured: 28643K->27932K(40960K), 0.0089900 secs] 44340K->27932K(59392K), [Perm : 6107K->6107K(21248K)], 0.0090470 secs] [Times: user=0.01 sys=0.00, real=0.00 secs] 
176.123: Total time for which application threads were stopped: 0.0092030 seconds, Stopping threads took: 0.0000790 seconds
176.156: Application time: 0.0336140 seconds
176.156: [GC176.156: [DefNew: 15688K->15688K(18432K), 0.0000090 secs]176.156: [Tenured: 27932K->29357K(40960K), 0.0091870 secs] 43620K->29357K(59392K), [Perm : 6107K->6107K(21248K)], 0.0092420 secs] [Times: user=0.01 sys=0.00, real=0.01 secs] 
176.166: Total time for which application threads were stopped: 0.0093820 seconds, Stopping threads took: 0.0000730 seconds
176.228: Application time: 0.0619170 seconds
176.228: [GC176.228: [DefNew: 15688K->15688K(18432K), 0.0000100 secs]176.228: [Tenured: 29357K->28643K(40960K), 0.0108560 secs] 45045K->28643K(59392K), [Perm : 6107K->6107K(21248K)], 0.0109180 secs] [Times: user=0.01 sys=0.00, real=0.01 secs] 
176.239: Total time for which application threads were stopped: 0.0110750 seconds, Stopping threads took: 0.0000870 seconds
176.258: Application time: 0.0189370 seconds
176.258: [GC176.258: [DefNew: 15716K->15716K(18432K), 0.0000100 secs]176.258: [Tenured: 28643K->29385K(40960K), 0.0098300 secs] 44360K->29385K(59392K), [Perm : 6107K->6107K(21248K)], 0.0098890 secs] [Times: user=0.01 sys=0.00, real=0.01 secs] 
176.268: Total time for which application threads were stopped: 0.0101520 seconds, Stopping threads took: 0.0001930 seconds
176.276: Application time: 0.0081350 seconds
176.276: [GC176.276: [DefNew: 15677K->15677K(18432K), 0.0000100 secs]176.276: [Tenured: 29385K->29385K(40960K), 0.0059090 secs] 45062K->29385K(59392K), [Perm : 6107K->6107K(21248K)], 0.0059640 secs] [Times: user=0.00 sys=0.00, real=0.00 secs] 
176.282: Total time for which application threads were stopped: 0.0061190 seconds, Stopping threads took: 0.0000870 seconds
176.286: Application time: 0.0044100 seconds
176.287: [GC176.287: [DefNew: 15685K->15685K(18432K), 0.0000090 secs]176.287: [Tenured: 29385K->30097K(40960K), 0.0090310 secs] 45071K->30097K(59392K), [Perm : 6107K->6107K(21248K)], 0.0090900 secs] [Times: user=0.01 sys=0.00, real=0.01 secs] 
176.296: Total time for which application threads were stopped: 0.0092470 seconds, Stopping threads took: 0.0000750 seconds
176.301: Application time: 0.0057910 seconds
176.302: [GC176.302: [DefNew: 15685K->15685K(18432K), 0.0000090 secs]176.302: [Tenured: 30097K->27218K(40960K), 0.0102110 secs] 45783K->27218K(59392K), [Perm : 6107K->6107K(21248K)], 0.0102680 secs] [Times: user=0.01 sys=0.00, real=0.01 secs] 
176.312: Total time for which application threads were stopped: 0.0104190 seconds, Stopping threads took: 0.0000680 seconds
176.318: Application time: 0.0065450 seconds
176.319: [GC176.319: [DefNew: 15680K->15680K(18432K), 0.0000090 secs]176.319: [Tenured: 27218K->27930K(40960K), 0.0087670 secs] 42898K->27930K(59392K), [Perm : 6107K->6107K(21248K)], 0.0088240 secs] [Times: user=0.01 sys=0.00, real=0.01 secs] 
176.327: Total time for which application threads were stopped: 0.0090250 seconds, Stopping threads took: 0.0001320 seconds
176.334: Application time: 0.0066500 seconds
176.334: [GC176.334: [DefNew: 15679K->15679K(18432K), 0.0000090 secs]176.334: [Tenured: 27930K->28643K(40960K), 0.0059610 secs] 43610K->28643K(59392K), [Perm : 6107K->6107K(21248K)], 0.0060140 secs] [Times: user=0.00 sys=0.00, real=0.00 secs] 
176.340: Total time for which application threads were stopped: 0.0061540 seconds, Stopping threads took: 0.0000670 seconds
176.346: Application time: 0.0052870 seconds
176.346: [GC176.346: [DefNew: 15689K->15689K(18432K), 0.0000100 secs]176.346: [Tenured: 28643K->27931K(40960K), 0.0092690 secs] 44332K->27931K(59392K), [Perm : 6107K->6107K(21248K)], 0.0093310 secs] [Times: user=0.01 sys=0.00, real=0.01 secs] 
176.355: Total time for which application threads were stopped: 0.0095040 seconds, Stopping threads took: 0.0001010 seconds
176.359: Application time: 0.0037660 seconds
176.359: [GC176.359: [DefNew: 15681K->15681K(18432K), 0.0000100 secs]176.359: [Tenured: 27931K->28643K(40960K), 0.0071980 secs] 43612K->28643K(59392K), [Perm : 6107K->6107K(21248K)], 0.0072580 secs] [Times: user=0.00 sys=0.00, real=0.01 secs] 
176.366: Total time for which application threads were stopped: 0.0075510 seconds, Stopping threads took: 0.0002030 seconds
176.372: Application time: 0.0054950 seconds
176.372: [GC176.372: [DefNew: 15688K->15688K(18432K), 0.0000100 secs]176.372: [Tenured: 28643K->27930K(40960K), 0.0094190 secs] 44332K->27930K(59392K), [Perm : 6107K->6107K(21248K)], 0.0094760 secs] [Times: user=0.01 sys=0.00, real=0.01 secs] 
176.382: Total time for which application threads were stopped: 0.0096590 seconds, Stopping threads took: 0.0001110 seconds
176.439: Application time: 0.0571620 seconds
176.439: [GC176.439: [DefNew: 15727K->15727K(18432K), 0.0000090 secs]176.439: [Tenured: 27930K->27960K(40960K), 0.0092140 secs] 43658K->27960K(59392K), [Perm : 6107K->6107K(21248K)], 0.0092730 secs] [Times: user=0.01 sys=0.00, real=0.01 secs] 
176.448: Total time for which application threads were stopped: 0.0094970 seconds, Stopping threads took: 0.0001450 seconds
176.457: Application time: 0.0089510 seconds
176.457: [GC176.457: [DefNew: 15677K->15677K(18432K), 0.0000100 secs]176.457: [Tenured: 27960K->27960K(40960K), 0.0065120 secs] 43638K->27960K(59392K), [Perm : 6107K->6107K(21248K)], 0.0065650 secs] [Times: user=0.00 sys=0.00, real=0.00 secs] 
176.464: Total time for which application threads were stopped: 0.0067150 seconds, Stopping threads took: 0.0000820 seconds
176.470: Application time: 0.0061910 seconds
176.470: [GC176.470: [DefNew: 16199K->16199K(18432K), 0.0000090 secs]176.470: [Tenured: 27960K->22238K(40960K), 0.0105170 secs] 44160K->22238K(59392K), [Perm : 6107K->6107K(21248K)], 0.0105760 secs] [Times: user=0.01 sys=0.00, real=0.01 secs] 
176.481: Total time for which application threads were stopped: 0.0107660 seconds, Stopping threads took: 0.0001180 seconds
176.485: Application time: 0.0042190 seconds
176.485: [GC176.485: [DefNew: 15847K->1434K(18432K), 0.0016580 secs] 38086K->27236K(59392K), 0.0016890 secs] [Times: user=0.00 sys=0.00, real=0.01 secs] 
176.487: Total time for which application threads were stopped: 0.0019700 seconds, Stopping threads took: 0.0002190 seconds
176.491: Application time: 0.0041440 seconds
176.492: [GC176.492: [DefNew: 17181K->17181K(18432K), 0.0000100 secs]176.492: [Tenured: 25801K->25792K(40960K), 0.0091610 secs] 42983K->25792K(59392K), [Perm : 6107K->6107K(21248K)], 0.0092300 secs] [Times: user=0.01 sys=0.00, real=0.01 secs] 
176.501: Total time for which application threads were stopped: 0.0097930 seconds, Stopping threads took: 0.0004720 seconds
176.506: Application time: 0.0047970 seconds
176.507: [GC176.507: [DefNew: 15688K->15688K(18432K), 0.0000100 secs]176.507: [Tenured: 25792K->25080K(40960K), 0.0095180 secs] 41480K->25080K(59392K), [Perm : 6107K->6107K(21248K)], 0.0095800 secs] [Times: user=0.01 sys=0.00, real=0.01 secs] 
176.516: Total time for which application threads were stopped: 0.0103710 seconds, Stopping threads took: 0.0007200 seconds
176.521: Application time: 0.0049680 seconds
176.522: [GC176.522: [DefNew: 15679K->1425K(18432K), 0.0005340 secs] 40760K->26505K(59392K), 0.0005630 secs] [Times: user=0.00 sys=0.00, real=0.00 secs] 
176.522: Total time for which application threads were stopped: 0.0009980 seconds, Stopping threads took: 0.0003680 seconds
176.526: Application time: 0.0042740 seconds
176.527: [GC176.527: [DefNew: 17105K->17105K(18432K), 0.0000100 secs]176.527: [Tenured: 25080K->27218K(40960K), 0.0070350 secs] 42186K->27218K(59392K), [Perm : 6107K->6107K(21248K)], 0.0070940 secs] [Times: user=0.00 sys=0.00, real=0.01 secs] 
176.534: Total time for which application threads were stopped: 0.0076020 seconds, Stopping threads took: 0.0004190 seconds
176.538: Application time: 0.0037230 seconds
176.538: [GC176.538: [DefNew: 15687K->15687K(18432K), 0.0000090 secs]176.538: [Tenured: 27218K->26505K(40960K), 0.0078890 secs] 42905K->26505K(59392K), [Perm : 6107K->6107K(21248K)], 0.0079490 secs] [Times: user=0.01 sys=0.00, real=0.01 secs] 
176.546: Total time for which application threads were stopped: 0.0082430 seconds, Stopping threads took: 0.0002220 seconds
176.550: Application time: 0.0036360 seconds
176.550: [GC176.550: [DefNew: 15686K->15686K(18432K), 0.0000090 secs]176.550: [Tenured: 26505K->26506K(40960K), 0.0061750 secs] 42192K->26506K(59392K), [Perm : 6107K->6107K(21248K)], 0.0062300 secs] [Times: user=0.01 sys=0.00, real=0.01 secs] 
176.556: Total time for which application threads were stopped: 0.0064560 seconds, Stopping threads took: 0.0001580 seconds
176.560: Application time: 0.0037830 seconds
176.560: [GC176.560: [DefNew: 15683K->15683K(18432K), 0.0000100 secs]176.560: [Tenured: 26506K->27931K(40960K), 0.0071290 secs] 42190K->27931K(59392K), [Perm : 6107K->6107K(21248K)], 0.0071830 secs] [Times: user=0.00 sys=0.00, real=0.01 secs] 
176.567: Total time for which application threads were stopped: 0.0073360 seconds, Stopping threads took: 0.0000860 seconds
176.571: Application time: 0.0040480 seconds
176.571: [GC176.571: [DefNew: 15681K->15681K(18432K), 0.0000100 secs]176.571: [Tenured: 27931K->27217K(40960K), 0.0072560 secs] 43613K->27217K(59392K), [Perm : 6107K->6107K(21248K)], 0.0073160 secs] [Times: user=0.00 sys=0.00, real=0.01 secs] 
176.579: Total time for which application threads were stopped: 0.0074930 seconds, Stopping threads took: 0.0001050 seconds
176.583: Application time: 0.0039790 seconds
176.583: [GC176.583: [DefNew: 15686K->15686K(18432K), 0.0000100 secs]176.583: [Tenured: 27217K->26505K(40960K), 0.0093580 secs] 42904K->26505K(59392K), [Perm : 6107K->6107K(21248K)], 0.0094210 secs] [Times: user=0.00 sys=0.00, real=0.01 secs] 
176.592: Total time for which application threads were stopped: 0.0096470 seconds, Stopping threads took: 0.0001450 seconds
176.597: Application time: 0.0049310 seconds
176.597: [GC176.597: [DefNew: 15688K->15688K(18432K), 0.0000100 secs]176.597: [Tenured: 26505K->27931K(40960K), 0.0061740 secs] 42194K->27931K(59392K), [Perm : 6107K->6107K(21248K)], 0.0062310 secs] [Times: user=0.01 sys=0.00, real=0.00 secs] 
176.604: Total time for which application threads were stopped: 0.0063900 seconds, Stopping threads took: 0.0000780 seconds
176.620: Application time: 0.0158260 seconds
176.620: [GC176.620: [DefNew: 15681K->15681K(18432K), 0.0000090 secs]176.620: [Tenured: 27931K->26505K(40960K), 0.0089770 secs] 43613K->26505K(59392K), [Perm : 6107K->6107K(21248K)], 0.0090400 secs] [Times: user=0.01 sys=0.00, real=0.01 secs] 
176.629: Total time for which application threads were stopped: 0.0092020 seconds, Stopping threads took: 0.0000830 seconds
176.634: Application time: 0.0049710 seconds
176.634: [GC176.634: [DefNew: 15687K->15687K(18432K), 0.0000100 secs]176.634: [Tenured: 26505K->27932K(40960K), 0.0068240 secs] 42192K->27932K(59392K), [Perm : 6107K->6107K(21248K)], 0.0068830 secs] [Times: user=0.00 sys=0.00, real=0.00 secs] 
176.641: Total time for which application threads were stopped: 0.0071870 seconds, Stopping threads took: 0.0002160 seconds
176.645: Application time: 0.0037160 seconds
176.645: [GC176.645: [DefNew: 15679K->15679K(18432K), 0.0000100 secs]176.645: [Tenured: 27932K->27218K(40960K), 0.0067760 secs] 43611K->27218K(59392K), [Perm : 6107K->6107K(21248K)], 0.0068330 secs] [Times: user=0.01 sys=0.00, real=0.01 secs] 
176.652: Total time for which application threads were stopped: 0.0069840 seconds, Stopping threads took: 0.0000770 seconds
176.657: Application time: 0.0054490 seconds
176.657: [GC176.657: [DefNew: 15692K->15692K(18432K), 0.0000100 secs]176.657: [Tenured: 27218K->23655K(40960K), 0.0099010 secs] 42910K->23655K(59392K), [Perm : 6107K->6107K(21248K)], 0.0099660 secs] [Times: user=0.01 sys=0.00, real=0.01 secs] 
176.667: Total time for which application threads were stopped: 0.0103410 seconds, Stopping threads took: 0.0003040 seconds
176.724: Application time: 0.0568950 seconds
176.724: [GC176.724: [DefNew: 15720K->1454K(18432K), 0.0035040 secs] 39376K->35798K(59392K), 0.0035430 secs] [Times: user=0.00 sys=0.00, real=0.01 secs] 
176.728: Total time for which application threads were stopped: 0.0037140 seconds, Stopping threads took: 0.0001020 seconds
176.737: Application time: 0.0090890 seconds
176.737: [GC176.737: [DefNew: 17131K->17131K(18432K), 0.0000100 secs]176.737: [Tenured: 34343K->27247K(40960K), 0.0093030 secs] 51475K->27247K(59392K), [Perm : 6107K->6107K(21248K)], 0.0093630 secs] [Times: user=0.01 sys=0.00, real=0.01 secs] 
176.747: Total time for which application threads were stopped: 0.0095230 seconds, Stopping threads took: 0.0000860 seconds
176.753: Application time: 0.0065930 seconds
176.753: [GC176.753: [DefNew: 15683K->15683K(18432K), 0.0000100 secs]176.753: [Tenured: 27247K->27959K(40960K), 0.0069250 secs] 42930K->27959K(59392K), [Perm : 6107K->6107K(21248K)], 0.0069810 secs] [Times: user=0.01 sys=0.00, real=0.01 secs] 
176.760: Total time for which application threads were stopped: 0.0071310 seconds, Stopping threads took: 0.0000780 seconds
176.764: Application time: 0.0036080 seconds
176.764: [GC176.764: [DefNew: 15685K->15685K(18432K), 0.0000100 secs]176.764: [Tenured: 27959K->24367K(40960K), 0.0109520 secs] 43645K->24367K(59392K), [Perm : 6107K->6107K(21248K)], 0.0110120 secs] [Times: user=0.01 sys=0.00, real=0.02 secs] 
176.775: Total time for which application threads were stopped: 0.0112290 seconds, Stopping threads took: 0.0001490 seconds
176.782: Application time: 0.0069370 seconds
176.782: [GC176.782: [DefNew: 15691K->1426K(18432K), 0.0015600 secs] 40059K->29356K(59392K), 0.0015930 secs] [Times: user=0.00 sys=0.00, real=0.00 secs] 
176.784: Total time for which application threads were stopped: 0.0017670 seconds, Stopping threads took: 0.0000940 seconds
176.789: Application time: 0.0053710 seconds
176.789: [GC176.789: [DefNew: 17106K->17106K(18432K), 0.0000100 secs]176.789: [Tenured: 27930K->27930K(40960K), 0.0089040 secs] 45036K->27930K(59392K), [Perm : 6107K->6107K(21248K)], 0.0089630 secs] [Times: user=0.00 sys=0.00, real=0.01 secs] 
176.798: Total time for which application threads were stopped: 0.0091520 seconds, Stopping threads took: 0.0001090 seconds
176.806: Application time: 0.0073680 seconds
176.806: [GC176.806: [DefNew: 15680K->15680K(18432K), 0.0000090 secs]176.806: [Tenured: 27930K->27930K(40960K), 0.0059910 secs] 43610K->27930K(59392K), [Perm : 6107K->6107K(21248K)], 0.0060560 secs] [Times: user=0.01 sys=0.00, real=0.00 secs] 
176.812: Total time for which application threads were stopped: 0.0062060 seconds, Stopping threads took: 0.0000710 seconds
176.817: Application time: 0.0047220 seconds
176.817: [GC176.817: [DefNew: 15687K->15687K(18432K), 0.0000100 secs]176.817: [Tenured: 27930K->28643K(40960K), 0.0070870 secs] 43617K->28643K(59392K), [Perm : 6107K->6107K(21248K)], 0.0071450 secs] [Times: user=0.01 sys=0.00, real=0.00 secs] 
176.824: Total time for which application threads were stopped: 0.0073310 seconds, Stopping threads took: 0.0001180 seconds
176.828: Application time: 0.0040230 seconds
176.828: [GC176.828: [DefNew: 15679K->15679K(18432K), 0.0000100 secs]176.828: [Tenured: 28643K->25792K(40960K), 0.0086350 secs] 44322K->25792K(59392K), [Perm : 6107K->6107K(21248K)], 0.0086950 secs] [Times: user=0.01 sys=0.00, real=0.01 secs] 
176.837: Total time for which application threads were stopped: 0.0088830 seconds, Stopping threads took: 0.0001170 seconds
176.879: Application time: 0.0418890 seconds
176.879: [GC176.879: [DefNew: 15692K->15692K(18432K), 0.0000090 secs]176.879: [Tenured: 25792K->26505K(40960K), 0.0095850 secs] 41485K->26505K(59392K), [Perm : 6107K->6107K(21248K)], 0.0096450 secs] [Times: user=0.01 sys=0.00, real=0.01 secs] 
176.889: Total time for which application threads were stopped: 0.0097760 seconds, Stopping threads took: 0.0000600 seconds
176.915: Application time: 0.0260020 seconds
176.915: [GC176.915: [DefNew: 15716K->15716K(18432K), 0.0000100 secs]176.915: [Tenured: 26505K->26534K(40960K), 0.0098420 secs] 42221K->26534K(59392K), [Perm : 6107K->6107K(21248K)], 0.0099010 secs] [Times: user=0.01 sys=0.00, real=0.00 secs] 
176.925: Total time for which application threads were stopped: 0.0100300 seconds, Stopping threads took: 0.0000630 seconds
176.933: Application time: 0.0079380 seconds
176.933: [GC176.933: [DefNew: 15679K->15679K(18432K), 0.0000110 secs]176.933: [Tenured: 26534K->25109K(40960K), 0.0099960 secs] 42214K->25109K(59392K), [Perm : 6107K->6107K(21248K)], 0.0100580 secs] [Times: user=0.01 sys=0.00, real=0.01 secs] 
176.943: Total time for which application threads were stopped: 0.0103540 seconds, Stopping threads took: 0.0002040 seconds
176.949: Application time: 0.0059050 seconds
176.949: [GC176.949: [DefNew: 15687K->1425K(18432K), 0.0019640 secs] 40797K->30810K(59392K), 0.0020030 secs] [Times: user=0.00 sys=0.00, real=0.00 secs] 
176.951: Total time for which application threads were stopped: 0.0021480 seconds, Stopping threads took: 0.0000790 seconds
176.955: Application time: 0.0040720 seconds
176.955: [GC176.955: [DefNew: 17103K->17103K(18432K), 0.0000100 secs]176.955: [Tenured: 29384K->26505K(40960K), 0.0110970 secs] 46487K->26505K(59392K), [Perm : 6107K->6107K(21248K)], 0.0111570 secs] [Times: user=0.01 sys=0.00, real=0.01 secs] 
176.966: Total time for which application threads were stopped: 0.0113930 seconds, Stopping threads took: 0.0001640 seconds
176.974: Application time: 0.0074210 seconds
176.974: [GC176.974: [DefNew: 15687K->15687K(18432K), 0.0000100 secs]176.974: [Tenured: 26505K->25792K(40960K), 0.0089280 secs] 42193K->25792K(59392K), [Perm : 6107K->6107K(21248K)], 0.0089850 secs] [Times: user=0.01 sys=0.00, real=0.00 secs] 
176.983: Total time for which application threads were stopped: 0.0091270 seconds, Stopping threads took: 0.0000710 seconds
176.990: Application time: 0.0065910 seconds
176.990: [GC176.990: [DefNew: 15679K->15679K(18432K), 0.0000110 secs]176.990: [Tenured: 25792K->27218K(40960K), 0.0060840 secs] 41472K->27218K(59392K), [Perm : 6107K->6107K(21248K)], 0.0061420 secs] [Times: user=0.01 sys=0.00, real=0.01 secs] 
176.996: Total time for which application threads were stopped: 0.0062870 seconds, Stopping threads took: 0.0000740 seconds
177.002: Application time: 0.0062360 seconds
177.002: [GC177.002: [DefNew: 15687K->15687K(18432K), 0.0000100 secs]177.002: [Tenured: 27218K->26506K(40960K), 0.0060950 secs] 42905K->26506K(59392K), [Perm : 6107K->6107K(21248K)], 0.0061600 secs] [Times: user=0.00 sys=0.00, real=0.01 secs] 
177.009: Total time for which application threads were stopped: 0.0063390 seconds, Stopping threads took: 0.0001110 seconds
177.012: Application time: 0.0034830 seconds
177.012: [GC177.012: [DefNew: 15679K->15679K(18432K), 0.0000100 secs]177.012: [Tenured: 26506K->27218K(40960K), 0.0060980 secs] 42186K->27218K(59392K), [Perm : 6107K->6107K(21248K)], 0.0061530 secs] [Times: user=0.01 sys=0.00, real=0.01 secs] 
177.018: Total time for which application threads were stopped: 0.0063040 seconds, Stopping threads took: 0.0000840 seconds
177.024: Application time: 0.0057750 seconds
177.024: [GC177.024: [DefNew: 15688K->15688K(18432K), 0.0000090 secs]177.024: [Tenured: 27218K->24367K(40960K), 0.0090980 secs] 42906K->24367K(59392K), [Perm : 6107K->6107K(21248K)], 0.0091590 secs] [Times: user=0.01 sys=0.00, real=0.01 secs] 
177.033: Total time for which application threads were stopped: 0.0093180 seconds, Stopping threads took: 0.0000880 seconds
177.077: Application time: 0.0431680 seconds
177.077: [GC177.077: [DefNew: 15689K->1425K(18432K), 0.0038860 secs] 40057K->37905K(59392K), 0.0039260 secs] [Times: user=0.00 sys=0.00, real=0.00 secs] 
177.081: Total time for which application threads were stopped: 0.0040550 seconds, Stopping threads took: 0.0000610 seconds
177.130: Application time: 0.0489660 seconds
177.130: [GC177.130: [DefNew: 17145K->17145K(18432K), 0.0000090 secs]177.130: [Tenured: 36480K->26534K(40960K), 0.0097790 secs] 53626K->26534K(59392K), [Perm : 6107K->6107K(21248K)], 0.0098380 secs] [Times: user=0.01 sys=0.00, real=0.01 secs] 
177.140: Total time for which application threads were stopped: 0.0100350 seconds, Stopping threads took: 0.0001100 seconds
177.148: Application time: 0.0081350 seconds
177.148: [GC177.148: [DefNew: 15677K->15677K(18432K), 0.0000100 secs]177.148: [Tenured: 26534K->27246K(40960K), 0.0060400 secs] 42211K->27246K(59392K), [Perm : 6107K->6107K(21248K)], 0.0060970 secs] [Times: user=0.01 sys=0.00, real=0.01 secs] 
177.154: Total time for which application threads were stopped: 0.0062440 seconds, Stopping threads took: 0.0000780 seconds
177.161: Application time: 0.0066130 seconds
177.161: [GC177.161: [DefNew: 15683K->15683K(18432K), 0.0000090 secs]177.161: [Tenured: 27246K->25792K(40960K), 0.0098500 secs] 42930K->25792K(59392K), [Perm : 6107K->6107K(21248K)], 0.0099100 secs] [Times: user=0.01 sys=0.00, real=0.01 secs] 
177.171: Total time for which application threads were stopped: 0.0100650 seconds, Stopping threads took: 0.0000790 seconds
177.175: Application time: 0.0039790 seconds
177.175: [GC177.175: [DefNew: 15679K->15679K(18432K), 0.0000100 secs]177.175: [Tenured: 25792K->25792K(40960K), 0.0082850 secs] 41472K->25792K(59392K), [Perm : 6107K->6107K(21248K)], 0.0083450 secs] [Times: user=0.01 sys=0.00, real=0.00 secs] 
177.183: Total time for which application threads were stopped: 0.0084870 seconds, Stopping threads took: 0.0000680 seconds
177.190: Application time: 0.0063740 seconds
177.190: [GC177.190: [DefNew: 15689K->15689K(18432K), 0.0000100 secs]177.190: [Tenured: 25792K->23655K(40960K), 0.0093970 secs] 41482K->23655K(59392K), [Perm : 6107K->6107K(21248K)], 0.0094540 secs] [Times: user=0.01 sys=0.00, real=0.01 secs] 
177.200: Total time for which application threads were stopped: 0.0100830 seconds, Stopping threads took: 0.0005460 seconds
177.206: Application time: 0.0067650 seconds
177.207: [GC177.207: [DefNew: 15680K->1425K(18432K), 0.0008570 secs] 39335K->25792K(59392K), 0.0008850 secs] [Times: user=0.00 sys=0.00, real=0.00 secs] 
177.207: Total time for which application threads were stopped: 0.0010140 seconds, Stopping threads took: 0.0000690 seconds
177.214: Application time: 0.0062070 seconds
177.214: [GC177.214: [DefNew: 17112K->17112K(18432K), 0.0000100 secs]177.214: [Tenured: 24367K->26506K(40960K), 0.0061710 secs] 41479K->26506K(59392K), [Perm : 6107K->6107K(21248K)], 0.0062290 secs] [Times: user=0.00 sys=0.00, real=0.00 secs] 
177.220: Total time for which application threads were stopped: 0.0063840 seconds, Stopping threads took: 0.0000770 seconds
177.224: Application time: 0.0040550 seconds
177.224: [GC177.224: [DefNew: 15680K->15680K(18432K), 0.0000090 secs]177.224: [Tenured: 26506K->25792K(40960K), 0.0069680 secs] 42186K->25792K(59392K), [Perm : 6107K->6107K(21248K)], 0.0070280 secs] [Times: user=0.00 sys=0.00, real=0.01 secs] 
177.231: Total time for which application threads were stopped: 0.0072230 seconds, Stopping threads took: 0.0001270 seconds
177.236: Application time: 0.0047840 seconds
177.236: [GC177.236: [DefNew: 15678K->15678K(18432K), 0.0000100 secs]177.236: [Tenured: 25792K->25080K(40960K), 0.0059120 secs] 41471K->25080K(59392K), [Perm : 6107K->6107K(21248K)], 0.0059680 secs] [Times: user=0.01 sys=0.00, real=0.00 secs] 
177.242: Total time for which application threads were stopped: 0.0061200 seconds, Stopping threads took: 0.0000810 seconds
177.291: Application time: 0.0486990 seconds
177.291: [GC177.291: [DefNew: 15698K->1426K(18432K), 0.0041500 secs] 40778K->39331K(59392K), 0.0041900 secs] [Times: user=0.01 sys=0.00, real=0.01 secs] 
177.295: Total time for which application threads were stopped: 0.0043260 seconds, Stopping threads took: 0.0000680 seconds
177.365: Application time: 0.0696280 seconds
177.365: [GC177.365: [DefNew: 17115K->17115K(18432K), 0.0000100 secs]177.365: [Tenured: 37905K->25079K(40960K), 0.0106580 secs] 55021K->25079K(59392K), [Perm : 6107K->6107K(21248K)], 0.0107200 secs] [Times: user=0.01 sys=0.00, real=0.02 secs] 
177.376: Total time for which application threads were stopped: 0.0109460 seconds, Stopping threads took: 0.0001280 seconds
177.432: Application time: 0.0561540 seconds
177.432: [GC177.432: [DefNew: 16383K->16383K(18432K), 0.0000100 secs]177.432: [Tenured: 25079K->24402K(40960K), 0.0104230 secs] 41463K->24402K(59392K), [Perm : 6107K->6107K(21248K)], 0.0104820 secs] [Times: user=0.01 sys=0.00, real=0.01 secs] 
177.443: Total time for which application threads were stopped: 0.0106620 seconds, Stopping threads took: 0.0001100 seconds
177.453: Application time: 0.0099800 seconds
177.453: [GC177.453: [DefNew: 15731K->1425K(18432K), 0.0006370 secs] 40133K->25827K(59392K), 0.0006640 secs] [Times: user=0.00 sys=0.00, real=0.01 secs] 
177.453: Total time for which application threads were stopped: 0.0008430 seconds, Stopping threads took: 0.0001140 seconds
177.461: Application time: 0.0071500 seconds
177.461: [GC177.461: [DefNew: 17109K->17109K(18432K), 0.0000090 secs]177.461: [Tenured: 24402K->25792K(40960K), 0.0099880 secs] 41511K->25792K(59392K), [Perm : 6107K->6107K(21248K)], 0.0100450 secs] [Times: user=0.01 sys=0.00, real=0.01 secs] 
177.471: Total time for which application threads were stopped: 0.0102050 seconds, Stopping threads took: 0.0000900 seconds
177.475: Application time: 0.0038150 seconds
177.475: [GC177.475: [DefNew: 15681K->15681K(18432K), 0.0000090 secs]177.475: [Tenured: 25792K->26504K(40960K), 0.0093390 secs] 41473K->26504K(59392K), [Perm : 6107K->6107K(21248K)], 0.0093940 secs] [Times: user=0.01 sys=0.00, real=0.00 secs] 
177.484: Total time for which application threads were stopped: 0.0095380 seconds, Stopping threads took: 0.0000760 seconds
177.490: Application time: 0.0058530 seconds
177.490: [GC177.490: [DefNew: 15687K->15687K(18432K), 0.0000090 secs]177.490: [Tenured: 26504K->25079K(40960K), 0.0088480 secs] 42192K->25079K(59392K), [Perm : 6107K->6107K(21248K)], 0.0089040 secs] [Times: user=0.01 sys=0.00, real=0.01 secs] 
177.499: Total time for which application threads were stopped: 0.0090380 seconds, Stopping threads took: 0.0000650 seconds
177.507: Application time: 0.0075670 seconds
177.507: [GC177.507: [DefNew: 15678K->712K(18432K), 0.0003780 secs] 40758K->25792K(59392K), 0.0004020 secs] [Times: user=0.00 sys=0.00, real=0.00 secs] 
177.507: Total time for which application threads were stopped: 0.0005330 seconds, Stopping threads took: 0.0000760 seconds
177.514: Application time: 0.0068900 seconds
177.514: [GC177.514: [DefNew: 16399K->16399K(18432K), 0.0000100 secs]177.514: [Tenured: 25079K->25793K(40960K), 0.0059640 secs] 41479K->25793K(59392K), [Perm : 6107K->6107K(21248K)], 0.0060260 secs] [Times: user=0.01 sys=0.00, real=0.00 secs] 
177.520: Total time for which application threads were stopped: 0.0061740 seconds, Stopping threads took: 0.0000820 seconds
177.524: Application time: 0.0036200 seconds
177.524: [GC177.524: [DefNew: 15680K->15680K(18432K), 0.0000090 secs]177.524: [Tenured: 25793K->25080K(40960K), 0.0085960 secs] 41473K->25080K(59392K), [Perm : 6107K->6107K(21248K)], 0.0086550 secs] [Times: user=0.01 sys=0.00, real=0.01 secs] 
177.533: Total time for which application threads were stopped: 0.0088110 seconds, Stopping threads took: 0.0000840 seconds
177.536: Application time: 0.0037220 seconds
177.537: [GC177.537: [DefNew: 15678K->712K(18432K), 0.0003840 secs] 40758K->25792K(59392K), 0.0004080 secs] [Times: user=0.00 sys=0.00, real=0.00 secs] 
177.537: Total time for which application threads were stopped: 0.0005730 seconds, Stopping threads took: 0.0001120 seconds
177.582: Application time: 0.0447140 seconds
177.582: [GC177.582: [DefNew: 16408K->16408K(18432K), 0.0000100 secs]177.582: [Tenured: 25080K->23654K(40960K), 0.0105710 secs] 41488K->23654K(59392K), [Perm : 6107K->6107K(21248K)], 0.0106270 secs] [Times: user=0.01 sys=0.00, real=0.01 secs] 
177.592: Total time for which application threads were stopped: 0.0108010 seconds, Stopping threads took: 0.0001050 seconds
177.666: Application time: 0.0730950 seconds
177.666: [GC177.666: [DefNew: 15691K->1425K(18432K), 0.0042880 secs] 39346K->38617K(59392K), 0.0043270 secs] [Times: user=0.00 sys=0.00, real=0.00 secs] 
177.670: Total time for which application threads were stopped: 0.0044790 seconds, Stopping threads took: 0.0000860 seconds
177.714: Application time: 0.0439640 seconds
177.714: [GC177.714: [DefNew: 17122K->17122K(18432K), 0.0000090 secs]177.714: [Tenured: 37192K->25080K(40960K), 0.0091350 secs] 54315K->25080K(59392K), [Perm : 6107K->6107K(21248K)], 0.0091900 secs] [Times: user=0.01 sys=0.00, real=0.00 secs] 
177.723: Total time for which application threads were stopped: 0.0093180 seconds, Stopping threads took: 0.0000610 seconds
177.770: Application time: 0.0465730 seconds
177.770: [GC177.770: [DefNew: 15718K->1454K(18432K), 0.0025450 secs] 40798K->32947K(59392K), 0.0025840 secs] [Times: user=0.00 sys=0.00, real=0.00 secs] 
177.773: Total time for which application threads were stopped: 0.0027420 seconds, Stopping threads took: 0.0000920 seconds
177.781: Application time: 0.0079970 seconds
177.781: [GC177.781: [DefNew: 17131K->17131K(18432K), 0.0000100 secs]177.781: [Tenured: 31493K->25822K(40960K), 0.0094900 secs] 48625K->25822K(59392K), [Perm : 6107K->6107K(21248K)], 0.0095490 secs] [Times: user=0.00 sys=0.00, real=0.01 secs] 
177.790: Total time for which application threads were stopped: 0.0097300 seconds, Stopping threads took: 0.0001100 seconds
177.796: Application time: 0.0054780 seconds
177.796: [GC177.796: [DefNew: 15683K->15683K(18432K), 0.0000100 secs]177.796: [Tenured: 25822K->24367K(40960K), 0.0097090 secs] 41505K->24367K(59392K), [Perm : 6107K->6107K(21248K)], 0.0097670 secs] [Times: user=0.01 sys=0.00, real=0.01 secs] 
177.806: Total time for which application threads were stopped: 0.0099200 seconds, Stopping threads took: 0.0000800 seconds
177.811: Application time: 0.0051970 seconds
177.811: [GC177.811: [DefNew: 15681K->1425K(18432K), 0.0008030 secs] 40048K->26504K(59392K), 0.0008310 secs] [Times: user=0.00 sys=0.00, real=0.00 secs] 
177.812: Total time for which application threads were stopped: 0.0009550 seconds, Stopping threads took: 0.0000670 seconds
177.817: Application time: 0.0053160 seconds
177.817: [GC177.817: [DefNew: 17116K->17116K(18432K), 0.0000110 secs]177.817: [Tenured: 25079K->24367K(40960K), 0.0094500 secs] 42196K->24367K(59392K), [Perm : 6107K->6107K(21248K)], 0.0095050 secs] [Times: user=0.01 sys=0.00, real=0.01 secs] 
177.827: Total time for which application threads were stopped: 0.0096580 seconds, Stopping threads took: 0.0000840 seconds
177.834: Application time: 0.0066550 seconds
177.834: [GC177.834: [DefNew: 15680K->1425K(18432K), 0.0011030 secs] 40048K->27217K(59392K), 0.0011430 secs] [Times: user=0.00 sys=0.00, real=0.00 secs] 
177.835: Total time for which application threads were stopped: 0.0012990 seconds, Stopping threads took: 0.0000960 seconds
177.841: Application time: 0.0061430 seconds
177.841: [GC177.841: [DefNew: 17112K->17112K(18432K), 0.0000100 secs]177.841: [Tenured: 25792K->25792K(40960K), 0.0095790 secs] 42904K->25792K(59392K), [Perm : 6107K->6107K(21248K)], 0.0096400 secs] [Times: user=0.01 sys=0.00, real=0.01 secs] 
177.851: Total time for which application threads were stopped: 0.0099460 seconds, Stopping threads took: 0.0002160 seconds
177.855: Application time: 0.0038510 seconds
177.855: [GC177.855: [DefNew: 15680K->15680K(18432K), 0.0000100 secs]177.855: [Tenured: 25792K->26505K(40960K), 0.0059600 secs] 41472K->26505K(59392K), [Perm : 6107K->6107K(21248K)], 0.0060170 secs] [Times: user=0.01 sys=0.00, real=0.00 secs] 
177.861: Total time for which application threads were stopped: 0.0061640 seconds, Stopping threads took: 0.0000780 seconds
177.867: Application time: 0.0058820 seconds
177.867: [GC177.867: [DefNew: 15686K->15686K(18432K), 0.0000100 secs]177.867: [Tenured: 26505K->23654K(40960K), 0.0082980 secs] 42191K->23654K(59392K), [Perm : 6107K->6107K(21248K)], 0.0083590 secs] [Times: user=0.01 sys=0.00, real=0.01 secs] 
177.875: Total time for which application threads were stopped: 0.0085620 seconds, Stopping threads took: 0.0001210 seconds
177.928: Application time: 0.0525990 seconds
177.928: [GC177.928: [DefNew: 15704K->1426K(18432K), 0.0044810 secs] 39359K->39332K(59392K), 0.0045210 secs] [Times: user=0.01 sys=0.00, real=0.00 secs] 
177.933: Total time for which application threads were stopped: 0.0047680 seconds, Stopping threads took: 0.0001600 seconds
178.010: Application time: 0.0774430 seconds
178.010: [GC178.010: [DefNew: 17118K->17118K(18432K), 0.0000100 secs]178.010: [Tenured: 37905K->25793K(40960K), 0.0094350 secs] 55023K->25793K(59392K), [Perm : 6107K->6107K(21248K)], 0.0094920 secs] [Times: user=0.01 sys=0.00, real=0.01 secs] 
178.020: Total time for which application threads were stopped: 0.0096540 seconds, Stopping threads took: 0.0000830 seconds
178.088: Application time: 0.0679800 seconds
178.088: [GC178.088: [DefNew: 15697K->15697K(18432K), 0.0000090 secs]178.088: [Tenured: 25793K->25794K(40960K), 0.0091920 secs] 41491K->25794K(59392K), [Perm : 6107K->6107K(21248K)], 0.0092510 secs] [Times: user=0.01 sys=0.00, real=0.01 secs] 
178.097: Total time for which application threads were stopped: 0.0093920 seconds, Stopping threads took: 0.0000700 seconds
178.169: Application time: 0.0716060 seconds
178.169: [GC178.169: [DefNew: 15695K->15695K(18432K), 0.0000100 secs]178.169: [Tenured: 25794K->27220K(40960K), 0.0100660 secs] 41490K->27220K(59392K), [Perm : 6107K->6107K(21248K)], 0.0101240 secs] [Times: user=0.01 sys=0.00, real=0.01 secs] 
178.179: Total time for which application threads were stopped: 0.0102590 seconds, Stopping threads took: 0.0000640 seconds
178.253: Application time: 0.0738710 seconds
178.253: [GC178.253: [DefNew: 15691K->15691K(18432K), 0.0000100 secs]178.253: [Tenured: 27220K->27217K(40960K), 0.0112690 secs] 42912K->27217K(59392K), [Perm : 6107K->6107K(21248K)], 0.0113280 secs] [Times: user=0.01 sys=0.00, real=0.01 secs] 
178.265: Total time for which application threads were stopped: 0.0115430 seconds, Stopping threads took: 0.0001280 seconds
178.330: Application time: 0.0655850 seconds
178.330: [GC178.330: [DefNew: 15691K->15691K(18432K), 0.0000100 secs]178.330: [Tenured: 27217K->27217K(40960K), 0.0097830 secs] 42908K->27217K(59392K), [Perm : 6107K->6107K(21248K)], 0.0098430 secs] [Times: user=0.01 sys=0.00, real=0.01 secs] 
178.340: Total time for which application threads were stopped: 0.0099760 seconds, Stopping threads took: 0.0000600 seconds
178.410: Application time: 0.0701320 seconds
178.410: [GC178.410: [DefNew: 15697K->15697K(18432K), 0.0000090 secs]178.410: [Tenured: 27217K->27930K(40960K), 0.0098240 secs] 42915K->27930K(59392K), [Perm : 6107K->6107K(21248K)], 0.0098920 secs] [Times: user=0.01 sys=0.00, real=0.01 secs] 
178.420: Total time for which application threads were stopped: 0.0100890 seconds, Stopping threads took: 0.0001200 seconds
178.491: Application time: 0.0708300 seconds
178.491: [GC178.491: [DefNew: 15691K->15691K(18432K), 0.0000110 secs]178.491: [Tenured: 27930K->27930K(40960K), 0.0098630 secs] 43622K->27930K(59392K), [Perm : 6107K->6107K(21248K)], 0.0099250 secs] [Times: user=0.01 sys=0.00, real=0.01 secs] 
178.501: Total time for which application threads were stopped: 0.0100860 seconds, Stopping threads took: 0.0000910 seconds
178.572: Application time: 0.0708950 seconds
178.572: [GC178.572: [DefNew: 15697K->15697K(18432K), 0.0000100 secs]178.572: [Tenured: 27930K->27930K(40960K), 0.0098700 secs] 43628K->27930K(59392K), [Perm : 6107K->6107K(21248K)], 0.0099270 secs] [Times: user=0.01 sys=0.00, real=0.01 secs] 
178.582: Total time for which application threads were stopped: 0.0101220 seconds, Stopping threads took: 0.0001260 seconds
178.640: Application time: 0.0574260 seconds
178.640: [GC178.640: [DefNew: 15691K->15691K(18432K), 0.0000100 secs]178.640: [Tenured: 27930K->28642K(40960K), 0.0100460 secs] 43621K->28642K(59392K), [Perm : 6107K->6107K(21248K)], 0.0101030 secs] [Times: user=0.01 sys=0.00, real=0.01 secs] 
178.650: Total time for which application threads were stopped: 0.0102490 seconds, Stopping threads took: 0.0000780 seconds
178.728: Application time: 0.0782330 seconds
178.728: [GC178.728: [DefNew: 15691K->15691K(18432K), 0.0000100 secs]178.728: [Tenured: 28642K->28642K(40960K), 0.0099070 secs] 44333K->28642K(59392K), [Perm : 6107K->6107K(21248K)], 0.0099630 secs] [Times: user=0.01 sys=0.00, real=0.01 secs] 
178.738: Total time for which application threads were stopped: 0.0100970 seconds, Stopping threads took: 0.0000670 seconds
178.803: Application time: 0.0644570 seconds
178.803: [GC178.803: [DefNew: 15700K->15700K(18432K), 0.0000090 secs]178.803: [Tenured: 28642K->28643K(40960K), 0.0098180 secs] 44342K->28643K(59392K), [Perm : 6107K->6107K(21248K)], 0.0098750 secs] [Times: user=0.01 sys=0.00, real=0.01 secs] 
178.813: Total time for which application threads were stopped: 0.0100510 seconds, Stopping threads took: 0.0001040 seconds
178.877: Application time: 0.0637310 seconds
178.877: [GC178.877: [DefNew: 15691K->15691K(18432K), 0.0000160 secs]178.877: [Tenured: 28643K->27929K(40960K), 0.0116590 secs] 44334K->27929K(59392K), [Perm : 6107K->6107K(21248K)], 0.0117310 secs] [Times: user=0.01 sys=0.00, real=0.01 secs] 
178.888: Total time for which application threads were stopped: 0.0118960 seconds, Stopping threads took: 0.0000930 seconds
178.963: Application time: 0.0740630 seconds
178.963: [GC178.963: [DefNew: 15695K->15695K(18432K), 0.0000100 secs]178.963: [Tenured: 27929K->28643K(40960K), 0.0095960 secs] 43625K->28643K(59392K), [Perm : 6107K->6107K(21248K)], 0.0096540 secs] [Times: user=0.01 sys=0.00, real=0.01 secs] 
178.972: Total time for which application threads were stopped: 0.0097970 seconds, Stopping threads took: 0.0000660 seconds
179.016: Application time: 0.0439510 seconds
179.016: [GC179.016: [DefNew: 15707K->15707K(18432K), 0.0000090 secs]179.016: [Tenured: 28643K->27930K(40960K), 0.0100080 secs] 44350K->27930K(59392K), [Perm : 6107K->6107K(21248K)], 0.0100660 secs] [Times: user=0.01 sys=0.00, real=0.01 secs] 
179.026: Total time for which application threads were stopped: 0.0101940 seconds, Stopping threads took: 0.0000610 seconds
179.091: Application time: 0.0640850 seconds
179.091: [GC179.091: [DefNew: 15698K->15698K(18432K), 0.0000100 secs]179.091: [Tenured: 27930K->26505K(40960K), 0.0111520 secs] 43629K->26505K(59392K), [Perm : 6107K->6107K(21248K)], 0.0112120 secs] [Times: user=0.01 sys=0.00, real=0.01 secs] 
179.102: Total time for which application threads were stopped: 0.0113960 seconds, Stopping threads took: 0.0001130 seconds
179.161: Application time: 0.0586770 seconds
179.161: [GC179.161: [DefNew: 15689K->15689K(18432K), 0.0000090 secs]179.161: [Tenured: 26505K->26505K(40960K), 0.0114350 secs] 42194K->26505K(59392K), [Perm : 6107K->6107K(21248K)], 0.0115030 secs] [Times: user=0.01 sys=0.00, real=0.01 secs] 
179.172: Total time for which application threads were stopped: 0.0117030 seconds, Stopping threads took: 0.0001110 seconds
179.232: Application time: 0.0596690 seconds
179.232: [GC179.232: [DefNew: 15698K->15698K(18432K), 0.0000100 secs]179.232: [Tenured: 26505K->26506K(40960K), 0.0089850 secs] 42203K->26506K(59392K), [Perm : 6107K->6107K(21248K)], 0.0090450 secs] [Times: user=0.01 sys=0.00, real=0.01 secs] 
179.241: Total time for which application threads were stopped: 0.0091760 seconds, Stopping threads took: 0.0000620 seconds
179.286: Application time: 0.0447270 seconds
179.286: [GC179.286: [DefNew: 15689K->15689K(18432K), 0.0000100 secs]179.286: [Tenured: 26506K->27218K(40960K), 0.0098560 secs] 42195K->27218K(59392K), [Perm : 6107K->6107K(21248K)], 0.0099140 secs] [Times: user=0.01 sys=0.00, real=0.01 secs] 
179.296: Total time for which application threads were stopped: 0.0100490 seconds, Stopping threads took: 0.0000640 seconds
179.359: Application time: 0.0628810 seconds
179.359: [GC179.359: [DefNew: 15689K->15689K(18432K), 0.0000100 secs]179.359: [Tenured: 27218K->27218K(40960K), 0.0089640 secs] 42908K->27218K(59392K), [Perm : 6107K->6107K(21248K)], 0.0090230 secs] [Times: user=0.00 sys=0.00, real=0.01 secs] 
179.368: Total time for which application threads were stopped: 0.0091510 seconds, Stopping threads took: 0.0000590 seconds
179.423: Application time: 0.0551760 seconds
179.423: [GC179.423: [DefNew: 15698K->15698K(18432K), 0.0000110 secs]179.423: [Tenured: 27218K->24367K(40960K), 0.0110540 secs] 42917K->24367K(59392K), [Perm : 6107K->6107K(21248K)], 0.0111130 secs] [Times: user=0.01 sys=0.00, real=0.02 secs] 
179.434: Total time for which application threads were stopped: 0.0112490 seconds, Stopping threads took: 0.0000660 seconds
179.493: Application time: 0.0584620 seconds
179.493: [GC179.493: [DefNew: 15687K->1425K(18432K), 0.0037640 secs] 40055K->37193K(59392K), 0.0038050 secs] [Times: user=0.01 sys=0.00, real=0.01 secs] 
179.497: Total time for which application threads were stopped: 0.0039770 seconds, Stopping threads took: 0.0000810 seconds
179.538: Application time: 0.0411950 seconds
179.538: [GC179.538: [DefNew: 17113K->17113K(18432K), 0.0000100 secs]179.538: [Tenured: 35768K->25793K(40960K), 0.0092700 secs] 52881K->25793K(59392K), [Perm : 6107K->6107K(21248K)], 0.0093310 secs] [Times: user=0.01 sys=0.00, real=0.01 secs] 
179.548: Total time for which application threads were stopped: 0.0094650 seconds, Stopping threads took: 0.0000640 seconds
179.609: Application time: 0.0615180 seconds
179.609: [GC179.609: [DefNew: 15697K->15697K(18432K), 0.0000090 secs]179.609: [Tenured: 25793K->25081K(40960K), 0.0089990 secs] 41490K->25081K(59392K), [Perm : 6107K->6107K(21248K)], 0.0090550 secs] [Times: user=0.01 sys=0.00, real=0.01 secs] 
179.618: Total time for which application threads were stopped: 0.0091860 seconds, Stopping threads took: 0.0000640 seconds
179.681: Application time: 0.0625040 seconds
179.681: [GC179.681: [DefNew: 15690K->1425K(18432K), 0.0036530 secs] 40772K->37907K(59392K), 0.0036940 secs] [Times: user=0.01 sys=0.00, real=0.00 secs] 
179.685: Total time for which application threads were stopped: 0.0038370 seconds, Stopping threads took: 0.0000750 seconds
179.717: Application time: 0.0319690 seconds
179.717: [GC179.717: [DefNew: 17113K->17113K(18432K), 0.0000100 secs]179.717: [Tenured: 36482K->26506K(40960K), 0.0098140 secs] 53596K->26506K(59392K), [Perm : 6107K->6107K(21248K)], 0.0098760 secs] [Times: user=0.01 sys=0.00, real=0.01 secs] 
179.727: Total time for which application threads were stopped: 0.0100530 seconds, Stopping threads took: 0.0001050 seconds
179.784: Application time: 0.0577050 seconds
179.784: [GC179.784: [DefNew: 15688K->15688K(18432K), 0.0000090 secs]179.784: [Tenured: 26506K->24368K(40960K), 0.0102290 secs] 42195K->24368K(59392K), [Perm : 6107K->6107K(21248K)], 0.0102850 secs] [Times: user=0.01 sys=0.00, real=0.02 secs] 
179.795: Total time for which application threads were stopped: 0.0104370 seconds, Stopping threads took: 0.0000740 seconds
179.855: Application time: 0.0603810 seconds
179.855: [GC179.855: [DefNew: 15699K->1426K(18432K), 0.0037340 secs] 40067K->37195K(59392K), 0.0037750 secs] [Times: user=0.00 sys=0.00, real=0.00 secs] 
179.859: Total time for which application threads were stopped: 0.0040520 seconds, Stopping threads took: 0.0001890 seconds
179.910: Application time: 0.0508330 seconds
179.910: [GC179.910: [DefNew: 17123K->17123K(18432K), 0.0000100 secs]179.910: [Tenured: 35769K->25795K(40960K), 0.0093540 secs] 52893K->25795K(59392K), [Perm : 6107K->6107K(21248K)], 0.0094110 secs] [Times: user=0.01 sys=0.00, real=0.01 secs] 
179.920: Total time for which application threads were stopped: 0.0095470 seconds, Stopping threads took: 0.0000630 seconds
179.963: Application time: 0.0432350 seconds
179.963: [GC179.963: [DefNew: 15688K->15688K(18432K), 0.0000090 secs]179.963: [Tenured: 25795K->25083K(40960K), 0.0091030 secs] 41484K->25083K(59392K), [Perm : 6107K->6107K(21248K)], 0.0091620 secs] [Times: user=0.01 sys=0.00, real=0.01 secs] 
179.972: Total time for which application threads were stopped: 0.0093010 seconds, Stopping threads took: 0.0000680 seconds
180.027: Application time: 0.0548640 seconds
180.027: [GC180.027: [DefNew: 15697K->1426K(18432K), 0.0035460 secs] 40780K->37197K(59392K), 0.0035840 secs] [Times: user=0.00 sys=0.00, real=0.00 secs] 
180.031: Total time for which application threads were stopped: 0.0037630 seconds, Stopping threads took: 0.0000890 seconds
180.086: Application time: 0.0553300 seconds
180.086: [GC180.086: [DefNew: 17123K->17123K(18432K), 0.0000100 secs]180.086: [Tenured: 35771K->26510K(40960K), 0.0092680 secs] 52895K->26510K(59392K), [Perm : 6107K->6107K(21248K)], 0.0093280 secs] [Times: user=0.01 sys=0.00, real=0.01 secs] 
180.096: Total time for which application threads were stopped: 0.0094550 seconds, Stopping threads took: 0.0000570 seconds
180.132: Application time: 0.0366430 seconds
180.132: [GC180.132: [DefNew: 15697K->15697K(18432K), 0.0000100 secs]180.132: [Tenured: 26510K->26506K(40960K), 0.0105830 secs] 42207K->26506K(59392K), [Perm : 6107K->6107K(21248K)], 0.0106410 secs] [Times: user=0.01 sys=0.00, real=0.01 secs] 
180.143: Total time for which application threads were stopped: 0.0107770 seconds, Stopping threads took: 0.0000660 seconds
180.209: Application time: 0.0662170 seconds
180.209: [GC180.209: [DefNew: 15688K->15688K(18432K), 0.0000100 secs]180.209: [Tenured: 26506K->26506K(40960K), 0.0100350 secs] 42195K->26506K(59392K), [Perm : 6107K->6107K(21248K)], 0.0100940 secs] [Times: user=0.01 sys=0.00, real=0.01 secs] 
180.219: Total time for which application threads were stopped: 0.0102360 seconds, Stopping threads took: 0.0000710 seconds
180.267: Application time: 0.0476700 seconds
180.267: [GC180.267: [DefNew: 15697K->15697K(18432K), 0.0000100 secs]180.267: [Tenured: 26506K->27220K(40960K), 0.0098320 secs] 42204K->27220K(59392K), [Perm : 6107K->6107K(21248K)], 0.0098930 secs] [Times: user=0.01 sys=0.00, real=0.01 secs] 
180.277: Total time for which application threads were stopped: 0.0101140 seconds, Stopping threads took: 0.0001500 seconds
180.334: Application time: 0.0563320 seconds
180.334: [GC180.334: [DefNew: 15689K->15689K(18432K), 0.0000090 secs]180.334: [Tenured: 27220K->27220K(40960K), 0.0089550 secs] 42909K->27220K(59392K), [Perm : 6107K->6107K(21248K)], 0.0090120 secs] [Times: user=0.01 sys=0.00, real=0.00 secs] 
180.343: Total time for which application threads were stopped: 0.0091430 seconds, Stopping threads took: 0.0000640 seconds
180.390: Application time: 0.0468670 seconds
180.390: [GC180.390: [DefNew: 15688K->15688K(18432K), 0.0000110 secs]180.390: [Tenured: 27220K->27931K(40960K), 0.0109410 secs] 42909K->27931K(59392K), [Perm : 6107K->6107K(21248K)], 0.0110010 secs] [Times: user=0.01 sys=0.00, real=0.01 secs] 
180.401: Total time for which application threads were stopped: 0.0111370 seconds, Stopping threads took: 0.0000640 seconds
180.456: Application time: 0.0551610 seconds
180.456: [GC180.456: [DefNew: 15697K->15697K(18432K), 0.0000100 secs]180.456: [Tenured: 27931K->25795K(40960K), 0.0094570 secs] 43629K->25795K(59392K), [Perm : 6107K->6107K(21248K)], 0.0095230 secs] [Times: user=0.01 sys=0.00, real=0.01 secs] 
180.466: Total time for which application threads were stopped: 0.0099610 seconds, Stopping threads took: 0.0003500 seconds
180.520: Application time: 0.0543700 seconds
180.520: [GC180.520: [DefNew: 15688K->15688K(18432K), 0.0000090 secs]180.520: [Tenured: 25795K->28645K(40960K), 0.0093010 secs] 41483K->28645K(59392K), [Perm : 6107K->6107K(21248K)], 0.0093560 secs] [Times: user=0.01 sys=0.00, real=0.01 secs] 
180.530: Total time for which application threads were stopped: 0.0095150 seconds, Stopping threads took: 0.0000800 seconds
180.568: Application time: 0.0386270 seconds
180.568: [GC180.568: [DefNew: 15688K->15688K(18432K), 0.0000110 secs]180.568: [Tenured: 28645K->27932K(40960K), 0.0098170 secs] 44334K->27932K(59392K), [Perm : 6107K->6107K(21248K)], 0.0098750 secs] [Times: user=0.01 sys=0.00, real=0.01 secs] 
180.578: Total time for which application threads were stopped: 0.0100180 seconds, Stopping threads took: 0.0000630 seconds
180.634: Application time: 0.0560870 seconds
180.635: [GC180.635: [DefNew: 15695K->15695K(18432K), 0.0000090 secs]180.635: [Tenured: 27932K->28644K(40960K), 0.0109800 secs] 43627K->28644K(59392K), [Perm : 6107K->6107K(21248K)], 0.0110360 secs] [Times: user=0.01 sys=0.00, real=0.01 secs] 
180.646: Total time for which application threads were stopped: 0.0112710 seconds, Stopping threads took: 0.0001670 seconds
180.713: Application time: 0.0673230 seconds
180.713: [GC180.713: [DefNew: 15688K->15688K(18432K), 0.0000090 secs]180.713: [Tenured: 28644K->27931K(40960K), 0.0097130 secs] 44332K->27931K(59392K), [Perm : 6107K->6107K(21248K)], 0.0097620 secs] [Times: user=0.01 sys=0.00, real=0.01 secs] 
180.723: Total time for which application threads were stopped: 0.0098920 seconds, Stopping threads took: 0.0000630 seconds
180.748: Application time: 0.0248870 seconds
180.748: [GC180.748: [DefNew: 15688K->15688K(18432K), 0.0000110 secs]180.748: [Tenured: 27931K->29356K(40960K), 0.0101520 secs] 43620K->29356K(59392K), [Perm : 6107K->6107K(21248K)], 0.0102140 secs] [Times: user=0.01 sys=0.00, real=0.01 secs] 
180.758: Total time for which application threads were stopped: 0.0104410 seconds, Stopping threads took: 0.0001370 seconds
180.820: Application time: 0.0619740 seconds
180.820: [GC180.820: [DefNew: 15688K->15688K(18432K), 0.0000100 secs]180.820: [Tenured: 29356K->28644K(40960K), 0.0091740 secs] 45045K->28644K(59392K), [Perm : 6107K->6107K(21248K)], 0.0092290 secs] [Times: user=0.01 sys=0.00, real=0.01 secs] 
180.830: Total time for which application threads were stopped: 0.0093960 seconds, Stopping threads took: 0.0000870 seconds
180.897: Application time: 0.0671160 seconds
180.897: [GC180.897: [DefNew: 16237K->16237K(18432K), 0.0000100 secs]180.897: [Tenured: 28644K->25089K(40960K), 0.0108860 secs] 44881K->25089K(59392K), [Perm : 6107K->6107K(21248K)], 0.0109440 secs] [Times: user=0.01 sys=0.00, real=0.01 secs] 
180.908: Total time for which application threads were stopped: 0.0112670 seconds, Stopping threads took: 0.0002360 seconds
180.917: Application time: 0.0094300 seconds
180.918: [GC180.918: [DefNew: 15881K->15881K(18432K), 0.0000100 secs]180.918: [Tenured: 25089K->28643K(40960K), 0.0092870 secs] 40971K->28643K(59392K), [Perm : 6107K->6107K(21248K)], 0.0093470 secs] [Times: user=0.01 sys=0.00, real=0.01 secs] 
180.927: Total time for which application threads were stopped: 0.0094850 seconds, Stopping threads took: 0.0000670 seconds
180.934: Application time: 0.0072800 seconds
180.934: [GC180.934: [DefNew: 15679K->15679K(18432K), 0.0000100 secs]180.934: [Tenured: 28643K->28643K(40960K), 0.0089020 secs] 44323K->28643K(59392K), [Perm : 6107K->6107K(21248K)], 0.0089610 secs] [Times: user=0.01 sys=0.00, real=0.00 secs] 
180.943: Total time for which application threads were stopped: 0.0091320 seconds, Stopping threads took: 0.0000900 seconds
180.949: Application time: 0.0053690 seconds
180.949: [GC180.949: [DefNew: 15685K->15685K(18432K), 0.0000100 secs]180.949: [Tenured: 28643K->29356K(40960K), 0.0090220 secs] 44329K->29356K(59392K), [Perm : 6107K->6107K(21248K)], 0.0090890 secs] [Times: user=0.01 sys=0.00, real=0.01 secs] 
180.958: Total time for which application threads were stopped: 0.0092380 seconds, Stopping threads took: 0.0000710 seconds
180.962: Application time: 0.0041320 seconds
180.962: [GC180.962: [DefNew: 15677K->15677K(18432K), 0.0000100 secs]180.962: [Tenured: 29356K->28643K(40960K), 0.0066630 secs] 45033K->28643K(59392K), [Perm : 6107K->6107K(21248K)], 0.0067220 secs] [Times: user=0.00 sys=0.00, real=0.01 secs] 
180.969: Total time for which application threads were stopped: 0.0068930 seconds, Stopping threads took: 0.0001030 seconds
180.978: Application time: 0.0090060 seconds
180.978: [GC180.978: [DefNew: 15686K->15686K(18432K), 0.0000110 secs]180.978: [Tenured: 28643K->29356K(40960K), 0.0076810 secs] 44330K->29356K(59392K), [Perm : 6107K->6107K(21248K)], 0.0077370 secs] [Times: user=0.01 sys=0.00, real=0.01 secs] 
180.986: Total time for which application threads were stopped: 0.0079170 seconds, Stopping threads took: 0.0001130 seconds
180.993: Application time: 0.0074930 seconds
180.994: [GC180.994: [DefNew: 15679K->15679K(18432K), 0.0000100 secs]180.994: [Tenured: 29356K->28644K(40960K), 0.0066360 secs] 45036K->28644K(59392K), [Perm : 6107K->6107K(21248K)], 0.0066930 secs] [Times: user=0.01 sys=0.00, real=0.00 secs] 
181.000: Total time for which application threads were stopped: 0.0069750 seconds, Stopping threads took: 0.0001950 seconds
181.005: Application time: 0.0048480 seconds
181.005: [GC181.005: [DefNew: 15687K->15687K(18432K), 0.0000100 secs]181.005: [Tenured: 28644K->30783K(40960K), 0.0062890 secs] 44331K->30783K(59392K), [Perm : 6107K->6107K(21248K)], 0.0063480 secs] [Times: user=0.00 sys=0.00, real=0.01 secs] 
181.012: Total time for which application threads were stopped: 0.0065040 seconds, Stopping threads took: 0.0000840 seconds
181.015: Application time: 0.0036910 seconds
181.016: [GC181.016: [DefNew: 15681K->15681K(18432K), 0.0000100 secs]181.016: [Tenured: 30783K->27931K(40960K), 0.0087270 secs] 46464K->27931K(59392K), [Perm : 6107K->6107K(21248K)], 0.0087850 secs] [Times: user=0.01 sys=0.00, real=0.00 secs] 
181.024: Total time for which application threads were stopped: 0.0089250 seconds, Stopping threads took: 0.0000660 seconds
181.037: Application time: 0.0128690 seconds
181.037: [GC181.037: [DefNew: 15690K->15690K(18432K), 0.0000100 secs]181.037: [Tenured: 27931K->27218K(40960K), 0.0092760 secs] 43622K->27218K(59392K), [Perm : 6107K->6107K(21248K)], 0.0093370 secs] [Times: user=0.01 sys=0.00, real=0.01 secs] 
181.047: Total time for which application threads were stopped: 0.0094840 seconds, Stopping threads took: 0.0000760 seconds
181.111: Application time: 0.0647640 seconds
181.112: [GC181.112: [DefNew: 15696K->15696K(18432K), 0.0000100 secs]181.112: [Tenured: 27218K->27219K(40960K), 0.0105810 secs] 42915K->27219K(59392K), [Perm : 6107K->6107K(21248K)], 0.0106430 secs] [Times: user=0.01 sys=0.00, real=0.01 secs] 
181.122: Total time for which application threads were stopped: 0.0108640 seconds, Stopping threads took: 0.0001240 seconds
181.147: Application time: 0.0250710 seconds
181.148: [GC181.148: [DefNew: 15688K->15688K(18432K), 0.0000100 secs]181.148: [Tenured: 27219K->30069K(40960K), 0.0101600 secs] 42907K->30069K(59392K), [Perm : 6107K->6107K(21248K)], 0.0102170 secs] [Times: user=0.01 sys=0.00, real=0.01 secs] 
181.158: Total time for which application threads were stopped: 0.0104250 seconds, Stopping threads took: 0.0001390 seconds
181.195: Application time: 0.0376140 seconds
181.196: [GC181.196: [DefNew: 15714K->15714K(18432K), 0.0000100 secs]181.196: [Tenured: 30069K->28643K(40960K), 0.0116290 secs] 45783K->28643K(59392K), [Perm : 6107K->6107K(21248K)], 0.0116910 secs] [Times: user=0.02 sys=0.00, real=0.01 secs] 
181.207: Total time for which application threads were stopped: 0.0118420 seconds, Stopping threads took: 0.0000780 seconds
181.216: Application time: 0.0088880 seconds
181.216: [GC181.216: [DefNew: 15677K->15677K(18432K), 0.0000100 secs]181.216: [Tenured: 28643K->29356K(40960K), 0.0067980 secs] 44321K->29356K(59392K), [Perm : 6107K->6107K(21248K)], 0.0068630 secs] [Times: user=0.00 sys=0.00, real=0.00 secs] 
181.223: Total time for which application threads were stopped: 0.0071390 seconds, Stopping threads took: 0.0001880 seconds
181.227: Application time: 0.0039680 seconds
181.228: [GC181.228: [DefNew: 15685K->15685K(18432K), 0.0000110 secs]181.228: [Tenured: 29356K->28644K(40960K), 0.0075100 secs] 45041K->28644K(59392K), [Perm : 6107K->6107K(21248K)], 0.0075650 secs] [Times: user=0.00 sys=0.00, real=0.01 secs] 
181.235: Total time for which application threads were stopped: 0.0077920 seconds, Stopping threads took: 0.0001400 seconds
181.241: Application time: 0.0055510 seconds
181.241: [GC181.241: [DefNew: 16143K->16143K(18432K), 0.0000100 secs]181.241: [Tenured: 28644K->25829K(40960K), 0.0085830 secs] 44788K->25829K(59392K), [Perm : 6107K->6107K(21248K)], 0.0086420 secs] [Times: user=0.01 sys=0.00, real=0.01 secs] 
181.249: Total time for which application threads were stopped: 0.0088030 seconds, Stopping threads took: 0.0000780 seconds
181.256: Application time: 0.0068880 seconds
181.256: [GC181.257: [DefNew: 16001K->16001K(18432K), 0.0000100 secs]181.257: [Tenured: 25829K->21529K(40960K), 0.0103710 secs] 41831K->21529K(59392K), [Perm : 6107K->6107K(21248K)], 0.0104340 secs] [Times: user=0.01 sys=0.00, real=0.01 secs] 
181.267: Total time for which application threads were stopped: 0.0106070 seconds, Stopping threads took: 0.0001010 seconds
181.272: Application time: 0.0053990 seconds
181.273: [GC181.273: [DefNew: 16206K->1431K(18432K), 0.0013670 secs] 37736K->25811K(59392K), 0.0013990 secs] [Times: user=0.01 sys=0.00, real=0.00 secs] 
181.275: Total time for which application threads were stopped: 0.0024920 seconds, Stopping threads took: 0.0010250 seconds
181.280: Application time: 0.0047090 seconds
181.280: [GC181.280: [DefNew: 17268K->17268K(18432K), 0.0000100 secs]181.280: [Tenured: 24379K->22952K(40960K), 0.0100800 secs] 41647K->22952K(59392K), [Perm : 6107K->6107K(21248K)], 0.0101400 secs] [Times: user=0.01 sys=0.00, real=0.01 secs] 
181.290: Total time for which application threads were stopped: 0.0103990 seconds, Stopping threads took: 0.0001680 seconds
181.295: Application time: 0.0045510 seconds
181.295: [GC181.296: [DefNew: 15735K->1426K(18432K), 0.0017340 secs] 38687K->27942K(59392K), 0.0017720 secs] [Times: user=0.00 sys=0.00, real=0.00 secs] 
181.297: Total time for which application threads were stopped: 0.0027670 seconds, Stopping threads took: 0.0009110 seconds
181.301: Application time: 0.0035550 seconds
181.302: [GC181.302: [DefNew: 17109K->17109K(18432K), 0.0000090 secs]181.302: [Tenured: 26515K->24371K(40960K), 0.0069310 secs] 43625K->24371K(59392K), [Perm : 6107K->6107K(21248K)], 0.0069900 secs] [Times: user=0.01 sys=0.00, real=0.01 secs] 
181.309: Total time for which application threads were stopped: 0.0079050 seconds, Stopping threads took: 0.0008350 seconds
181.312: Application time: 0.0033660 seconds
181.313: [GC181.313: [DefNew: 15682K->1425K(18432K), 0.0006670 secs] 40054K->26509K(59392K), 0.0006980 secs] [Times: user=0.00 sys=0.00, real=0.01 secs] 
181.314: Total time for which application threads were stopped: 0.0018170 seconds, Stopping threads took: 0.0010480 seconds
181.318: Application time: 0.0036170 seconds
181.319: [GC181.319: [DefNew: 17115K->17115K(18432K), 0.0000100 secs]181.319: [Tenured: 25084K->25081K(40960K), 0.0090160 secs] 42199K->25081K(59392K), [Perm : 6107K->6107K(21248K)], 0.0090780 secs] [Times: user=0.00 sys=0.00, real=0.01 secs] 
181.328: Total time for which application threads were stopped: 0.0103010 seconds, Stopping threads took: 0.0011420 seconds
181.332: Application time: 0.0039780 seconds
181.332: [GC181.332: [DefNew: 15681K->1425K(18432K), 0.0007600 secs] 40763K->27219K(59392K), 0.0007900 secs] [Times: user=0.00 sys=0.00, real=0.00 secs] 
181.333: Total time for which application threads were stopped: 0.0014370 seconds, Stopping threads took: 0.0005630 seconds
181.337: Application time: 0.0037240 seconds
181.338: [GC181.338: [DefNew: 17106K->17106K(18432K), 0.0000100 secs]181.338: [Tenured: 25794K->25081K(40960K), 0.0104690 secs] 42900K->25081K(59392K), [Perm : 6107K->6107K(21248K)], 0.0105300 secs] [Times: user=0.01 sys=0.00, real=0.01 secs] 
181.348: Total time for which application threads were stopped: 0.0113250 seconds, Stopping threads took: 0.0007040 seconds
181.352: Application time: 0.0038140 seconds
181.353: [GC181.353: [DefNew: 15687K->1426K(18432K), 0.0011900 secs] 40769K->28644K(59392K), 0.0012240 secs] [Times: user=0.00 sys=0.00, real=0.01 secs] 
181.354: Total time for which application threads were stopped: 0.0018160 seconds, Stopping threads took: 0.0005110 seconds
181.357: Application time: 0.0034180 seconds
181.358: [GC181.358: [DefNew: 17115K->17115K(18432K), 0.0000090 secs]181.358: [Tenured: 27218K->27932K(40960K), 0.0067180 secs] 44334K->27932K(59392K), [Perm : 6107K->6107K(21248K)], 0.0067790 secs] [Times: user=0.01 sys=0.00, real=0.00 secs] 
181.365: Total time for which application threads were stopped: 0.0074810 seconds, Stopping threads took: 0.0006210 seconds
181.369: Application time: 0.0038880 seconds
181.369: [GC181.369: [DefNew: 15685K->15685K(18432K), 0.0000100 secs]181.369: [Tenured: 27932K->28643K(40960K), 0.0094440 secs] 43618K->28643K(59392K), [Perm : 6107K->6107K(21248K)], 0.0095040 secs] [Times: user=0.01 sys=0.00, real=0.01 secs] 
181.378: Total time for which application threads were stopped: 0.0097220 seconds, Stopping threads took: 0.0001260 seconds
181.384: Application time: 0.0055370 seconds
181.384: [GC181.384: [DefNew: 15688K->15688K(18432K), 0.0000110 secs]181.384: [Tenured: 28643K->25793K(40960K), 0.0087480 secs] 44332K->25793K(59392K), [Perm : 6107K->6107K(21248K)], 0.0088100 secs] [Times: user=0.01 sys=0.00, real=0.01 secs] 
181.393: Total time for which application threads were stopped: 0.0090490 seconds, Stopping threads took: 0.0001480 seconds
181.398: Application time: 0.0051650 seconds
181.399: [GC181.399: [DefNew: 15680K->1425K(18432K), 0.0005560 secs] 41474K->27219K(59392K), 0.0005890 secs] [Times: user=0.00 sys=0.00, real=0.00 secs] 
181.399: Total time for which application threads were stopped: 0.0009180 seconds, Stopping threads took: 0.0002490 seconds
181.403: Application time: 0.0041690 seconds
181.404: [GC181.404: [DefNew: 17108K->1425K(18432K), 0.0012400 secs] 42902K->29356K(59392K), 0.0012730 secs] [Times: user=0.00 sys=0.00, real=0.00 secs] 
181.405: Total time for which application threads were stopped: 0.0015100 seconds, Stopping threads took: 0.0001630 seconds
181.410: Application time: 0.0047220 seconds
181.410: [GC181.410: [DefNew: 17114K->17114K(18432K), 0.0000100 secs]181.410: [Tenured: 27931K->25081K(40960K), 0.0096670 secs] 45045K->25081K(59392K), [Perm : 6107K->6107K(21248K)], 0.0097270 secs] [Times: user=0.01 sys=0.00, real=0.01 secs] 
181.420: Total time for which application threads were stopped: 0.0101970 seconds, Stopping threads took: 0.0003980 seconds
181.423: Application time: 0.0034290 seconds
181.424: [GC181.424: [DefNew: 15682K->1425K(18432K), 0.0007550 secs] 40764K->27219K(59392K), 0.0007840 secs] [Times: user=0.00 sys=0.00, real=0.00 secs] 
181.425: Total time for which application threads were stopped: 0.0013510 seconds, Stopping threads took: 0.0004900 seconds
181.428: Application time: 0.0035430 seconds
181.428: [GC181.428: [DefNew: 17113K->1426K(18432K), 0.0007010 secs] 42908K->27933K(59392K), 0.0007300 secs] [Times: user=0.00 sys=0.00, real=0.00 secs] 
181.429: Total time for which application threads were stopped: 0.0010670 seconds, Stopping threads took: 0.0002690 seconds
181.432: Application time: 0.0032680 seconds
181.433: [GC181.433: [DefNew: 17107K->1425K(18432K), 0.0010470 secs] 43614K->29358K(59392K), 0.0010790 secs] [Times: user=0.01 sys=0.00, real=0.01 secs] 
181.434: Total time for which application threads were stopped: 0.0015640 seconds, Stopping threads took: 0.0004050 seconds
181.438: Application time: 0.0036070 seconds
181.438: [GC181.438: [DefNew: 17109K->1425K(18432K), 0.0014560 secs] 45043K->32921K(59392K), 0.0015000 secs] [Times: user=0.01 sys=0.00, real=0.00 secs] 
181.440: Total time for which application threads were stopped: 0.0020580 seconds, Stopping threads took: 0.0004760 seconds
181.443: Application time: 0.0036180 seconds
181.443: [GC181.443: [DefNew: 17114K->17114K(18432K), 0.0000100 secs]181.443: [Tenured: 31495K->25793K(40960K), 0.0092810 secs] 48610K->25793K(59392K), [Perm : 6107K->6107K(21248K)], 0.0093380 secs] [Times: user=0.00 sys=0.00, real=0.01 secs] 
181.453: Total time for which application threads were stopped: 0.0094850 seconds, Stopping threads took: 0.0000740 seconds
181.484: Application time: 0.0315500 seconds
181.484: [GC181.484: [DefNew: 15723K->1455K(18432K), 0.0017560 secs] 41517K->31524K(59392K), 0.0017880 secs] [Times: user=0.00 sys=0.00, real=0.01 secs] 
181.486: Total time for which application threads were stopped: 0.0019360 seconds, Stopping threads took: 0.0000780 seconds
181.493: Application time: 0.0071210 seconds
181.494: [GC181.494: [DefNew: 17134K->1425K(18432K), 0.0018370 secs] 47203K->35086K(59392K), 0.0018740 secs] [Times: user=0.00 sys=0.00, real=0.00 secs] 
181.495: Total time for which application threads were stopped: 0.0020390 seconds, Stopping threads took: 0.0000990 seconds
181.503: Application time: 0.0072040 seconds
181.503: [GC181.503: [DefNew: 17108K->17108K(18432K), 0.0000100 secs]181.503: [Tenured: 33661K->26535K(40960K), 0.0095810 secs] 50770K->26535K(59392K), [Perm : 6107K->6107K(21248K)], 0.0096400 secs] [Times: user=0.01 sys=0.00, real=0.01 secs] 
181.512: Total time for which application threads were stopped: 0.0097810 seconds, Stopping threads took: 0.0000690 seconds
181.516: Application time: 0.0037730 seconds
181.516: [GC181.516: [DefNew: 15679K->1425K(18432K), 0.0010950 secs] 42214K->29385K(59392K), 0.0011250 secs] [Times: user=0.00 sys=0.00, real=0.00 secs] 
181.517: Total time for which application threads were stopped: 0.0012650 seconds, Stopping threads took: 0.0000780 seconds
181.525: Application time: 0.0073690 seconds
181.525: [GC181.525: [DefNew: 17110K->1426K(18432K), 0.0008540 secs] 45071K->30099K(59392K), 0.0008820 secs] [Times: user=0.00 sys=0.00, real=0.01 secs] 
181.526: Total time for which application threads were stopped: 0.0010450 seconds, Stopping threads took: 0.0000950 seconds
181.533: Application time: 0.0074390 seconds
181.533: [GC181.533: [DefNew: 17105K->712K(18432K), 0.0006280 secs] 45778K->30099K(59392K), 0.0006570 secs] [Times: user=0.00 sys=0.00, real=0.00 secs] 
181.534: Total time for which application threads were stopped: 0.0008000 seconds, Stopping threads took: 0.0000770 seconds
181.539: Application time: 0.0052080 seconds
181.539: [GC181.539: [DefNew: 16401K->1426K(18432K), 0.0011860 secs] 45787K->32950K(59392K), 0.0012170 secs] [Times: user=0.00 sys=0.00, real=0.00 secs] 
181.541: Total time for which application threads were stopped: 0.0013540 seconds, Stopping threads took: 0.0000730 seconds
181.544: Application time: 0.0036300 seconds
181.544: [GC181.544: [DefNew: 17108K->1425K(18432K), 0.0009420 secs] 48632K->34375K(59392K), 0.0009720 secs] [Times: user=0.00 sys=0.00, real=0.00 secs] 
181.545: Total time for which application threads were stopped: 0.0011080 seconds, Stopping threads took: 0.0000690 seconds
181.549: Application time: 0.0032670 seconds
181.549: [GC181.549: [DefNew: 17107K->1425K(18432K), 0.0024690 secs] 50057K->40788K(59392K), 0.0025120 secs] [Times: user=0.00 sys=0.00, real=0.00 secs] 
181.551: Total time for which application threads were stopped: 0.0027280 seconds, Stopping threads took: 0.0001470 seconds
181.594: Application time: 0.0421290 seconds
181.594: [GC181.594: [DefNew: 17117K->17117K(18432K), 0.0000100 secs]181.594: [Tenured: 39363K->27247K(40960K), 0.0095710 secs] 56480K->27247K(59392K), [Perm : 6107K->6107K(21248K)], 0.0096300 secs] [Times: user=0.01 sys=0.00, real=0.00 secs] 
181.603: Total time for which application threads were stopped: 0.0097500 seconds, Stopping threads took: 0.0000540 seconds
181.646: Application time: 0.0428400 seconds
181.646: [GC181.646: [DefNew: 15720K->1454K(18432K), 0.0034900 secs] 42968K->39390K(59392K), 0.0035330 secs] [Times: user=0.01 sys=0.00, real=0.00 secs] 
181.650: Total time for which application threads were stopped: 0.0036950 seconds, Stopping threads took: 0.0000780 seconds
181.658: Application time: 0.0079460 seconds
181.658: [GC181.658: [DefNew: 17131K->17131K(18432K), 0.0000090 secs]181.658: [Tenured: 37935K->25793K(40960K), 0.0106850 secs] 55067K->25793K(59392K), [Perm : 6107K->6107K(21248K)], 0.0107430 secs] [Times: user=0.01 sys=0.00, real=0.01 secs] 
181.669: Total time for which application threads were stopped: 0.0108880 seconds, Stopping threads took: 0.0000730 seconds
181.676: Application time: 0.0072670 seconds
181.676: [GC181.676: [DefNew: 15683K->1425K(18432K), 0.0005850 secs] 41476K->27219K(59392K), 0.0006160 secs] [Times: user=0.00 sys=0.00, real=0.00 secs] 
181.677: Total time for which application threads were stopped: 0.0007510 seconds, Stopping threads took: 0.0000750 seconds
181.681: Application time: 0.0040540 seconds
181.681: [GC181.681: [DefNew: 17103K->712K(18432K), 0.0006570 secs] 42896K->27219K(59392K), 0.0006860 secs] [Times: user=0.00 sys=0.00, real=0.00 secs] 
181.682: Total time for which application threads were stopped: 0.0008390 seconds, Stopping threads took: 0.0000970 seconds
181.689: Application time: 0.0074530 seconds
181.689: [GC181.689: [DefNew: 16400K->1426K(18432K), 0.0013130 secs] 42907K->30070K(59392K), 0.0013420 secs] [Times: user=0.00 sys=0.00, real=0.00 secs] 
181.691: Total time for which application threads were stopped: 0.0014740 seconds, Stopping threads took: 0.0000710 seconds
181.697: Application time: 0.0064740 seconds
181.697: [GC181.697: [DefNew: 17107K->1425K(18432K), 0.0011240 secs] 45751K->32207K(59392K), 0.0011550 secs] [Times: user=0.00 sys=0.00, real=0.00 secs] 
181.698: Total time for which application threads were stopped: 0.0013020 seconds, Stopping threads took: 0.0000850 seconds
181.705: Application time: 0.0062030 seconds
181.705: [GC181.705: [DefNew: 17112K->1426K(18432K), 0.0009690 secs] 47894K->33634K(59392K), 0.0009980 secs] [Times: user=0.00 sys=0.00, real=0.01 secs] 
181.706: Total time for which application threads were stopped: 0.0011570 seconds, Stopping threads took: 0.0000980 seconds
181.710: Application time: 0.0038350 seconds
181.710: [GC181.710: [DefNew: 17106K->712K(18432K), 0.0003940 secs] 49314K->32921K(59392K), 0.0004180 secs] [Times: user=0.00 sys=0.00, real=0.00 secs] 
181.710: Total time for which application threads were stopped: 0.0005620 seconds, Stopping threads took: 0.0000900 seconds
181.716: Application time: 0.0056780 seconds
181.716: [GC181.716: [DefNew: 16399K->713K(18432K), 0.0003770 secs] 48608K->32922K(59392K), 0.0004030 secs] [Times: user=0.00 sys=0.00, real=0.00 secs] 
181.716: Total time for which application threads were stopped: 0.0005380 seconds, Stopping threads took: 0.0000830 seconds
181.774: Application time: 0.0575680 seconds
181.774: [GC181.774: [DefNew (promotion failed) : 16405K->17117K(18432K), 0.0029520 secs]181.777: [Tenured: 40759K->24368K(40960K), 0.0089540 secs] 48614K->24368K(59392K), [Perm : 6107K->6107K(21248K)], 0.0119620 secs] [Times: user=0.02 sys=0.00, real=0.01 secs] 
181.786: Total time for which application threads were stopped: 0.0120850 seconds, Stopping threads took: 0.0000580 seconds
181.821: Application time: 0.0352010 seconds
181.821: [GC181.821: [DefNew: 15689K->1425K(18432K), 0.0041680 secs] 40058K->38618K(59392K), 0.0042100 secs] [Times: user=0.00 sys=0.00, real=0.01 secs] 
181.826: Total time for which application threads were stopped: 0.0043730 seconds, Stopping threads took: 0.0000960 seconds
181.899: Application time: 0.0733400 seconds
181.899: [GC181.899: [DefNew: 17676K->17676K(18432K), 0.0000090 secs]181.899: [Tenured: 37193K->22975K(40960K), 0.0087870 secs] 54870K->22975K(59392K), [Perm : 6107K->6107K(21248K)], 0.0088430 secs] [Times: user=0.01 sys=0.00, real=0.01 secs] 
181.908: Total time for which application threads were stopped: 0.0090310 seconds, Stopping threads took: 0.0001090 seconds
181.920: Application time: 0.0120750 seconds
181.920: [GC181.920: [DefNew: 15865K->1426K(18432K), 0.0013980 secs] 38840K->26538K(59392K), 0.0014310 secs] [Times: user=0.00 sys=0.00, real=0.00 secs] 
181.922: Total time for which application threads were stopped: 0.0016380 seconds, Stopping threads took: 0.0001440 seconds
181.929: Application time: 0.0075190 seconds
181.929: [GC181.929: [DefNew: 17109K->1425K(18432K), 0.0009590 secs] 42222K->27963K(59392K), 0.0009890 secs] [Times: user=0.00 sys=0.00, real=0.00 secs] 
181.930: Total time for which application threads were stopped: 0.0011770 seconds, Stopping threads took: 0.0001290 seconds
181.934: Application time: 0.0041290 seconds
181.935: [GC181.935: [DefNew: 17105K->1425K(18432K), 0.0007070 secs] 43643K->28676K(59392K), 0.0007310 secs] [Times: user=0.00 sys=0.00, real=0.00 secs] 
181.935: Total time for which application threads were stopped: 0.0008770 seconds, Stopping threads took: 0.0000900 seconds
181.942: Application time: 0.0067200 seconds
181.942: [GC181.942: [DefNew: 17112K->1425K(18432K), 0.0009950 secs] 44364K->30102K(59392K), 0.0010250 secs] [Times: user=0.00 sys=0.00, real=0.00 secs] 
181.943: Total time for which application threads were stopped: 0.0011430 seconds, Stopping threads took: 0.0000600 seconds
181.950: Application time: 0.0071770 seconds
181.951: [GC181.951: [DefNew: 17107K->712K(18432K), 0.0006220 secs] 45783K->30102K(59392K), 0.0006510 secs] [Times: user=0.00 sys=0.00, real=0.00 secs] 
181.951: Total time for which application threads were stopped: 0.0009460 seconds, Stopping threads took: 0.0002400 seconds
181.957: Application time: 0.0061340 seconds
181.958: [GC181.958: [DefNew: 16401K->1426K(18432K), 0.0012460 secs] 45791K->32953K(59392K), 0.0012760 secs] [Times: user=0.00 sys=0.00, real=0.00 secs] 
181.959: Total time for which application threads were stopped: 0.0014370 seconds, Stopping threads took: 0.0001020 seconds
181.963: Application time: 0.0036940 seconds
181.963: [GC181.963: [DefNew: 17106K->712K(18432K), 0.0006400 secs] 48634K->32953K(59392K), 0.0006650 secs] [Times: user=0.00 sys=0.00, real=0.00 secs] 
181.963: Total time for which application threads were stopped: 0.0008050 seconds, Stopping threads took: 0.0000830 seconds
181.967: Application time: 0.0036810 seconds
181.967: [GC181.967: [DefNew: 16391K->1425K(18432K), 0.0005730 secs] 48632K->33666K(59392K), 0.0006000 secs] [Times: user=0.00 sys=0.00, real=0.00 secs] 
181.968: Total time for which application threads were stopped: 0.0008440 seconds, Stopping threads took: 0.0001660 seconds
182.017: Application time: 0.0489600 seconds
182.017: [GC182.017: [DefNew (promotion failed) : 17123K->17124K(18432K), 0.0029660 secs]182.020: [Tenured: 40791K->25110K(40960K), 0.0088110 secs] 49364K->25110K(59392K), [Perm : 6107K->6107K(21248K)], 0.0118430 secs] [Times: user=0.01 sys=0.00, real=0.01 secs] 
182.029: Total time for which application threads were stopped: 0.0120050 seconds, Stopping threads took: 0.0000930 seconds
182.074: Application time: 0.0448710 seconds
182.074: [GC182.074: [DefNew: 15691K->1425K(18432K), 0.0043850 secs] 40801K->40072K(59392K), 0.0044270 secs] [Times: user=0.00 sys=0.00, real=0.00 secs] 
182.078: Total time for which application threads were stopped: 0.0045920 seconds, Stopping threads took: 0.0000990 seconds
182.151: Application time: 0.0721770 seconds
182.151: [GC182.151: [DefNew: 17116K->17116K(18432K), 0.0000090 secs]182.151: [Tenured: 38647K->24368K(40960K), 0.0110770 secs] 55764K->24368K(59392K), [Perm : 6107K->6107K(21248K)], 0.0111350 secs] [Times: user=0.01 sys=0.00, real=0.01 secs] 
182.162: Total time for which application threads were stopped: 0.0113060 seconds, Stopping threads took: 0.0000930 seconds
182.231: Application time: 0.0694550 seconds
182.231: [GC182.231: [DefNew: 15784K->1457K(18432K), 0.0041980 secs] 40152K->38650K(59392K), 0.0042390 secs] [Times: user=0.01 sys=0.00, real=0.01 secs] 
182.236: Total time for which application threads were stopped: 0.0044310 seconds, Stopping threads took: 0.0001160 seconds
182.252: Application time: 0.0158890 seconds
182.252: [GC182.252: [DefNew: 17797K->17797K(18432K), 0.0000100 secs]182.252: [Tenured: 37193K->25110K(40960K), 0.0094190 secs] 54991K->25110K(59392K), [Perm : 6107K->6107K(21248K)], 0.0094790 secs] [Times: user=0.01 sys=0.00, real=0.01 secs] 
182.261: Total time for which application threads were stopped: 0.0097100 seconds, Stopping threads took: 0.0001490 seconds
182.270: Application time: 0.0082680 seconds
182.270: [GC182.270: [DefNew: 15683K->713K(18432K), 0.0003930 secs] 40794K->25824K(59392K), 0.0004190 secs] [Times: user=0.00 sys=0.00, real=0.00 secs] 
182.270: Total time for which application threads were stopped: 0.0005440 seconds, Stopping threads took: 0.0000690 seconds
182.274: Application time: 0.0040420 seconds
182.274: [GC182.274: [DefNew: 16390K->1425K(18432K), 0.0007860 secs] 41501K->27249K(59392K), 0.0008110 secs] [Times: user=0.00 sys=0.00, real=0.00 secs] 
182.275: Total time for which application threads were stopped: 0.0009380 seconds, Stopping threads took: 0.0000700 seconds
182.282: Application time: 0.0071050 seconds
182.282: [GC182.282: [DefNew: 17111K->1426K(18432K), 0.0005170 secs] 42934K->27249K(59392K), 0.0005420 secs] [Times: user=0.00 sys=0.00, real=0.00 secs] 
182.283: Total time for which application threads were stopped: 0.0006650 seconds, Stopping threads took: 0.0000680 seconds
182.290: Application time: 0.0067690 seconds
182.290: [GC182.290: [DefNew: 17106K->1425K(18432K), 0.0013040 secs] 42930K->29387K(59392K), 0.0013320 secs] [Times: user=0.00 sys=0.00, real=0.00 secs] 
182.291: Total time for which application threads were stopped: 0.0014720 seconds, Stopping threads took: 0.0000810 seconds
182.298: Application time: 0.0067410 seconds
182.298: [GC182.298: [DefNew: 17111K->713K(18432K), 0.0009110 secs] 45073K->30100K(59392K), 0.0009370 secs] [Times: user=0.00 sys=0.00, real=0.00 secs] 
182.299: Total time for which application threads were stopped: 0.0010600 seconds, Stopping threads took: 0.0000660 seconds
182.303: Application time: 0.0035850 seconds
182.303: [GC182.303: [DefNew: 16395K->16395K(18432K), 0.0000100 secs]182.303: [Tenured: 29387K->26536K(40960K), 0.0095570 secs] 45782K->26536K(59392K), [Perm : 6107K->6107K(21248K)], 0.0096160 secs] [Times: user=0.01 sys=0.00, real=0.01 secs] 
182.312: Total time for which application threads were stopped: 0.0098050 seconds, Stopping threads took: 0.0001160 seconds
182.316: Application time: 0.0035500 seconds
182.316: [GC182.316: [DefNew: 15678K->1425K(18432K), 0.0005500 secs] 42215K->27961K(59392K), 0.0005790 secs] [Times: user=0.00 sys=0.00, real=0.00 secs] 
182.317: Total time for which application threads were stopped: 0.0007720 seconds, Stopping threads took: 0.0001350 seconds
182.340: Application time: 0.0235200 seconds
182.340: [GC182.340: [DefNew: 17120K->1426K(18432K), 0.0031880 secs] 43657K->37224K(59392K), 0.0032290 secs] [Times: user=0.00 sys=0.00, real=0.00 secs] 
182.344: Total time for which application threads were stopped: 0.0034040 seconds, Stopping threads took: 0.0000880 seconds
182.415: Application time: 0.0717780 seconds
182.416: [GC182.416: [DefNew: 17117K->17117K(18432K), 0.0000100 secs]182.416: [Tenured: 35798K->25823K(40960K), 0.0092740 secs] 52916K->25823K(59392K), [Perm : 6107K->6107K(21248K)], 0.0093330 secs] [Times: user=0.01 sys=0.00, real=0.00 secs] 
182.425: Total time for which application threads were stopped: 0.0094660 seconds, Stopping threads took: 0.0000640 seconds
182.493: Application time: 0.0686080 seconds
182.494: [GC182.494: [DefNew: 15697K->1425K(18432K), 0.0044510 secs] 41521K->41499K(59392K), 0.0044860 secs] [Times: user=0.01 sys=0.00, real=0.00 secs] 
182.498: Total time for which application threads were stopped: 0.0046150 seconds, Stopping threads took: 0.0000650 seconds
182.566: Application time: 0.0674420 seconds
182.566: [GC182.566: [DefNew: 17136K->17136K(18432K), 0.0000100 secs]182.566: [Tenured: 40073K->25080K(40960K), 0.0107410 secs] 57210K->25080K(59392K), [Perm : 6107K->6107K(21248K)], 0.0108020 secs] [Times: user=0.01 sys=0.00, real=0.01 secs] 
182.577: Total time for which application threads were stopped: 0.0109820 seconds, Stopping threads took: 0.0001100 seconds
182.650: Application time: 0.0731680 seconds
182.654: [GC182.654: [DefNew: 15691K->1425K(18432K), 0.0047030 secs] 40772K->40756K(59392K), 0.0047380 secs] [Times: user=0.00 sys=0.00, real=0.00 secs] 
182.658: Total time for which application threads were stopped: 0.0086120 seconds, Stopping threads took: 0.0037950 seconds
182.727: Application time: 0.0685250 seconds
182.727: [GC182.727: [DefNew: 17116K->17116K(18432K), 0.0000100 secs]182.727: [Tenured: 39330K->28643K(40960K), 0.0096190 secs] 56447K->28643K(59392K), [Perm : 6107K->6107K(21248K)], 0.0096790 secs] [Times: user=0.01 sys=0.00, real=0.01 secs] 
182.737: Total time for which application threads were stopped: 0.0098500 seconds, Stopping threads took: 0.0001010 seconds
182.810: Application time: 0.0731310 seconds
182.810: [GC182.810: [DefNew: 15697K->15697K(18432K), 0.0000100 secs]182.810: [Tenured: 28643K->27931K(40960K), 0.0089350 secs] 44341K->27931K(59392K), [Perm : 6107K->6107K(21248K)], 0.0089940 secs] [Times: user=0.01 sys=0.00, real=0.01 secs] 
182.819: Total time for which application threads were stopped: 0.0091330 seconds, Stopping threads took: 0.0000690 seconds
182.892: Application time: 0.0730110 seconds
182.892: [GC182.892: [DefNew: 15691K->15691K(18432K), 0.0000090 secs]182.892: [Tenured: 27931K->28644K(40960K), 0.0090480 secs] 43623K->28644K(59392K), [Perm : 6107K->6107K(21248K)], 0.0091080 secs] [Times: user=0.01 sys=0.00, real=0.01 secs] 
182.901: Total time for which application threads were stopped: 0.0092400 seconds, Stopping threads took: 0.0000620 seconds
182.973: Application time: 0.0714820 seconds
182.973: [GC182.973: [DefNew: 15691K->15691K(18432K), 0.0000100 secs]182.973: [Tenured: 28644K->28643K(40960K), 0.0102230 secs] 44335K->28643K(59392K), [Perm : 6107K->6107K(21248K)], 0.0102790 secs] [Times: user=0.01 sys=0.00, real=0.01 secs] 
182.983: Total time for which application threads were stopped: 0.0105010 seconds, Stopping threads took: 0.0001560 seconds
183.059: Application time: 0.0761510 seconds
183.059: [GC183.059: [DefNew: 15695K->15695K(18432K), 0.0000110 secs]183.059: [Tenured: 28643K->28644K(40960K), 0.0098640 secs] 44339K->28644K(59392K), [Perm : 6107K->6107K(21248K)], 0.0099240 secs] [Times: user=0.01 sys=0.00, real=0.01 secs] 
183.069: Total time for which application threads were stopped: 0.0100520 seconds, Stopping threads took: 0.0000600 seconds
183.133: Application time: 0.0638080 seconds
183.133: [GC183.133: [DefNew: 15691K->15691K(18432K), 0.0000100 secs]183.133: [Tenured: 28644K->28644K(40960K), 0.0098470 secs] 44335K->28644K(59392K), [Perm : 6107K->6107K(21248K)], 0.0099050 secs] [Times: user=0.01 sys=0.00, real=0.01 secs] 
183.143: Total time for which application threads were stopped: 0.0100460 seconds, Stopping threads took: 0.0000700 seconds
183.182: Application time: 0.0391470 seconds
183.183: [GC183.183: [DefNew: 15691K->15691K(18432K), 0.0000100 secs]183.183: [Tenured: 28644K->29356K(40960K), 0.0091290 secs] 44335K->29356K(59392K), [Perm : 6107K->6107K(21248K)], 0.0091870 secs] [Times: user=0.01 sys=0.00, real=0.01 secs] 
183.192: Total time for which application threads were stopped: 0.0094210 seconds, Stopping threads took: 0.0001460 seconds
183.256: Application time: 0.0642710 seconds
183.256: [GC183.256: [DefNew: 15698K->15698K(18432K), 0.0000090 secs]183.256: [Tenured: 29356K->27930K(40960K), 0.0117580 secs] 45054K->27930K(59392K), [Perm : 6107K->6107K(21248K)], 0.0118170 secs] [Times: user=0.01 sys=0.00, real=0.01 secs] 
183.268: Total time for which application threads were stopped: 0.0120910 seconds, Stopping threads took: 0.0002060 seconds
183.340: Application time: 0.0713830 seconds
183.340: [GC183.340: [DefNew: 15695K->15695K(18432K), 0.0000100 secs]183.340: [Tenured: 27930K->28644K(40960K), 0.0093740 secs] 43626K->28644K(59392K), [Perm : 6107K->6107K(21248K)], 0.0094360 secs] [Times: user=0.01 sys=0.00, real=0.01 secs] 
183.349: Total time for which application threads were stopped: 0.0096090 seconds, Stopping threads took: 0.0000870 seconds
183.414: Application time: 0.0651260 seconds
183.414: [GC183.414: [DefNew: 15689K->15689K(18432K), 0.0000130 secs]183.414: [Tenured: 28644K->29356K(40960K), 0.0092470 secs] 44333K->29356K(59392K), [Perm : 6107K->6107K(21248K)], 0.0093180 secs] [Times: user=0.01 sys=0.00, real=0.00 secs] 
183.424: Total time for which application threads were stopped: 0.0094630 seconds, Stopping threads took: 0.0000760 seconds
183.495: Application time: 0.0715630 seconds
183.495: [GC183.495: [DefNew: 15689K->15689K(18432K), 0.0000100 secs]183.495: [Tenured: 29356K->29356K(40960K), 0.0091340 secs] 45046K->29356K(59392K), [Perm : 6107K->6107K(21248K)], 0.0091940 secs] [Times: user=0.01 sys=0.00, real=0.00 secs] 
183.505: Total time for which application threads were stopped: 0.0093280 seconds, Stopping threads took: 0.0000650 seconds
183.576: Application time: 0.0714570 seconds
183.576: [GC183.576: [DefNew: 15713K->15713K(18432K), 0.0000100 secs]183.576: [Tenured: 29356K->24368K(40960K), 0.0119010 secs] 45070K->24368K(59392K), [Perm : 6107K->6107K(21248K)], 0.0119610 secs] [Times: user=0.01 sys=0.00, real=0.01 secs] 
183.588: Total time for which application threads were stopped: 0.0121390 seconds, Stopping threads took: 0.0001070 seconds
183.631: Application time: 0.0426120 seconds
183.631: [GC183.631: [DefNew: 15696K->1426K(18432K), 0.0035290 secs] 40064K->36482K(59392K), 0.0035660 secs] [Times: user=0.00 sys=0.00, real=0.01 secs] 
183.635: Total time for which application threads were stopped: 0.0036930 seconds, Stopping threads took: 0.0000630 seconds
183.691: Application time: 0.0565590 seconds
183.691: [GC183.691: [DefNew: 17113K->17113K(18432K), 0.0000090 secs]183.691: [Tenured: 35056K->26506K(40960K), 0.0102770 secs] 52170K->26506K(59392K), [Perm : 6107K->6107K(21248K)], 0.0103350 secs] [Times: user=0.01 sys=0.00, real=0.01 secs] 
183.702: Total time for which application threads were stopped: 0.0105220 seconds, Stopping threads took: 0.0001080 seconds
183.757: Application time: 0.0550210 seconds
183.757: [GC183.757: [DefNew: 15696K->15696K(18432K), 0.0000100 secs]183.757: [Tenured: 26506K->25793K(40960K), 0.0098960 secs] 42203K->25793K(59392K), [Perm : 6107K->6107K(21248K)], 0.0099530 secs] [Times: user=0.01 sys=0.00, real=0.01 secs] 
183.767: Total time for which application threads were stopped: 0.0100830 seconds, Stopping threads took: 0.0000610 seconds
183.835: Application time: 0.0685380 seconds
183.835: [GC183.835: [DefNew: 15687K->15687K(18432K), 0.0000100 secs]183.835: [Tenured: 25793K->25793K(40960K), 0.0105380 secs] 41481K->25793K(59392K), [Perm : 6107K->6107K(21248K)], 0.0105980 secs] [Times: user=0.01 sys=0.00, real=0.01 secs] 
183.846: Total time for which application threads were stopped: 0.0107670 seconds, Stopping threads took: 0.0000990 seconds
183.888: Application time: 0.0416880 seconds
183.888: [GC183.888: [DefNew: 15688K->15688K(18432K), 0.0000130 secs]183.888: [Tenured: 25793K->25081K(40960K), 0.0104250 secs] 41481K->25081K(59392K), [Perm : 6107K->6107K(21248K)], 0.0104940 secs] [Times: user=0.00 sys=0.01, real=0.01 secs] 
183.898: Total time for which application threads were stopped: 0.0106260 seconds, Stopping threads took: 0.0000620 seconds
183.947: Application time: 0.0486750 seconds
183.947: [GC183.947: [DefNew: 15690K->1425K(18432K), 0.0038600 secs] 40771K->37906K(59392K), 0.0039000 secs] [Times: user=0.01 sys=0.00, real=0.00 secs] 
183.951: Total time for which application threads were stopped: 0.0041490 seconds, Stopping threads took: 0.0001820 seconds
184.011: Application time: 0.0593420 seconds
184.011: [GC184.011: [DefNew: 17123K->17123K(18432K), 0.0000090 secs]184.011: [Tenured: 36481K->25082K(40960K), 0.0093280 secs] 53605K->25082K(59392K), [Perm : 6107K->6107K(21248K)], 0.0093870 secs] [Times: user=0.01 sys=0.00, real=0.01 secs] 
184.020: Total time for which application threads were stopped: 0.0095990 seconds, Stopping threads took: 0.0001250 seconds
184.090: Application time: 0.0695730 seconds
184.090: [GC184.090: [DefNew: 15688K->1425K(18432K), 0.0037350 secs] 40770K->37908K(59392K), 0.0037820 secs] [Times: user=0.01 sys=0.00, real=0.01 secs] 
184.094: Total time for which application threads were stopped: 0.0039080 seconds, Stopping threads took: 0.0000580 seconds
184.122: Application time: 0.0282220 seconds
184.122: [GC184.122: [DefNew: 17113K->17113K(18432K), 0.0000090 secs]184.122: [Tenured: 36483K->25795K(40960K), 0.0091340 secs] 53596K->25795K(59392K), [Perm : 6107K->6107K(21248K)], 0.0091930 secs] [Times: user=0.01 sys=0.00, real=0.01 secs] 
184.131: Total time for which application threads were stopped: 0.0093300 seconds, Stopping threads took: 0.0000690 seconds
184.189: Application time: 0.0578260 seconds
184.189: [GC184.189: [DefNew: 15690K->15690K(18432K), 0.0000110 secs]184.189: [Tenured: 25795K->25795K(40960K), 0.0096170 secs] 41485K->25795K(59392K), [Perm : 6107K->6107K(21248K)], 0.0096770 secs] [Times: user=0.01 sys=0.00, real=0.01 secs] 
184.199: Total time for which application threads were stopped: 0.0098330 seconds, Stopping threads took: 0.0000860 seconds
184.265: Application time: 0.0661210 seconds
184.265: [GC184.265: [DefNew: 15688K->15688K(18432K), 0.0000100 secs]184.265: [Tenured: 25795K->24369K(40960K), 0.0101090 secs] 41483K->24369K(59392K), [Perm : 6107K->6107K(21248K)], 0.0101640 secs] [Times: user=0.01 sys=0.00, real=0.02 secs] 
184.275: Total time for which application threads were stopped: 0.0102990 seconds, Stopping threads took: 0.0000580 seconds
184.316: Application time: 0.0406380 seconds
184.316: [GC184.316: [DefNew: 15697K->1426K(18432K), 0.0033480 secs] 40066K->35771K(59392K), 0.0033860 secs] [Times: user=0.00 sys=0.00, real=0.00 secs] 
184.319: Total time for which application threads were stopped: 0.0035160 seconds, Stopping threads took: 0.0000640 seconds
184.367: Application time: 0.0476580 seconds
184.367: [GC184.367: [DefNew: 17123K->17123K(18432K), 0.0000100 secs]184.367: [Tenured: 34345K->25083K(40960K), 0.0092250 secs] 51469K->25083K(59392K), [Perm : 6107K->6107K(21248K)], 0.0092850 secs] [Times: user=0.01 sys=0.00, real=0.01 secs] 
184.377: Total time for which application threads were stopped: 0.0094190 seconds, Stopping threads took: 0.0000640 seconds
184.437: Application time: 0.0600280 seconds
184.437: [GC184.437: [DefNew: 15688K->1425K(18432K), 0.0032830 secs] 40772K->36485K(59392K), 0.0033260 secs] [Times: user=0.01 sys=0.00, real=0.00 secs] 
184.440: Total time for which application threads were stopped: 0.0034990 seconds, Stopping threads took: 0.0001070 seconds
184.489: Application time: 0.0490390 seconds
184.489: [GC184.489: [DefNew: 17114K->17114K(18432K), 0.0000100 secs]184.489: [Tenured: 35059K->25796K(40960K), 0.0107990 secs] 52174K->25796K(59392K), [Perm : 6107K->6107K(21248K)], 0.0108610 secs] [Times: user=0.01 sys=0.00, real=0.01 secs] 
184.500: Total time for which application threads were stopped: 0.0110430 seconds, Stopping threads took: 0.0001120 seconds
184.538: Application time: 0.0380390 seconds
184.538: [GC184.538: [DefNew: 15703K->15703K(18432K), 0.0000090 secs]184.538: [Tenured: 25796K->25798K(40960K), 0.0090970 secs] 41500K->25798K(59392K), [Perm : 6107K->6107K(21248K)], 0.0091560 secs] [Times: user=0.01 sys=0.00, real=0.01 secs] 
184.547: Total time for which application threads were stopped: 0.0092900 seconds, Stopping threads took: 0.0000640 seconds
184.610: Application time: 0.0627120 seconds
184.610: [GC184.610: [DefNew: 15697K->15697K(18432K), 0.0000100 secs]184.610: [Tenured: 25798K->25082K(40960K), 0.0111110 secs] 41495K->25082K(59392K), [Perm : 6107K->6107K(21248K)], 0.0111690 secs] [Times: user=0.02 sys=0.00, real=0.01 secs] 
184.621: Total time for which application threads were stopped: 0.0112980 seconds, Stopping threads took: 0.0000580 seconds
184.678: Application time: 0.0562800 seconds
184.678: [GC184.678: [DefNew: 15697K->1426K(18432K), 0.0033370 secs] 40780K->36484K(59392K), 0.0033770 secs] [Times: user=0.00 sys=0.00, real=0.00 secs] 
184.681: Total time for which application threads were stopped: 0.0035810 seconds, Stopping threads took: 0.0001070 seconds
184.720: Application time: 0.0389040 seconds
184.720: [GC184.720: [DefNew: 17115K->17115K(18432K), 0.0000090 secs]184.720: [Tenured: 35058K->26508K(40960K), 0.0091900 secs] 52173K->26508K(59392K), [Perm : 6107K->6107K(21248K)], 0.0092460 secs] [Times: user=0.01 sys=0.00, real=0.01 secs] 
184.730: Total time for which application threads were stopped: 0.0094060 seconds, Stopping threads took: 0.0000830 seconds
184.778: Application time: 0.0485230 seconds
184.778: [GC184.778: [DefNew: 15697K->15697K(18432K), 0.0000090 secs]184.778: [Tenured: 26508K->28647K(40960K), 0.0092630 secs] 42206K->28647K(59392K), [Perm : 6107K->6107K(21248K)], 0.0093230 secs] [Times: user=0.01 sys=0.00, real=0.01 secs] 
184.788: Total time for which application threads were stopped: 0.0096020 seconds, Stopping threads took: 0.0002010 seconds
184.858: Application time: 0.0701670 seconds
184.858: [GC184.858: [DefNew: 15688K->15688K(18432K), 0.0000100 secs]184.858: [Tenured: 28647K->29359K(40960K), 0.0090690 secs] 44335K->29359K(59392K), [Perm : 6107K->6107K(21248K)], 0.0091280 secs] [Times: user=0.01 sys=0.00, real=0.01 secs] 
184.867: Total time for which application threads were stopped: 0.0092570 seconds, Stopping threads took: 0.0000610 seconds
184.900: Application time: 0.0328830 seconds
184.900: [GC184.900: [DefNew: 15688K->15688K(18432K), 0.0000110 secs]184.900: [Tenured: 29359K->27932K(40960K), 0.0109590 secs] 45048K->27932K(59392K), [Perm : 6107K->6107K(21248K)], 0.0110200 secs] [Times: user=0.01 sys=0.00, real=0.01 secs] 
184.911: Total time for which application threads were stopped: 0.0111620 seconds, Stopping threads took: 0.0000700 seconds
184.968: Application time: 0.0565390 seconds
184.968: [GC184.968: [DefNew: 15688K->15688K(18432K), 0.0000100 secs]184.968: [Tenured: 27932K->27932K(40960K), 0.0105960 secs] 43621K->27932K(59392K), [Perm : 6107K->6107K(21248K)], 0.0106580 secs] [Times: user=0.01 sys=0.00, real=0.01 secs] 
184.979: Total time for which application threads were stopped: 0.0109710 seconds, Stopping threads took: 0.0002240 seconds
185.038: Application time: 0.0589590 seconds
185.038: [GC185.038: [DefNew: 15688K->15688K(18432K), 0.0000110 secs]185.038: [Tenured: 27932K->27932K(40960K), 0.0106680 secs] 43621K->27932K(59392K), [Perm : 6107K->6107K(21248K)], 0.0107280 secs] [Times: user=0.01 sys=0.00, real=0.01 secs] 
185.049: Total time for which application threads were stopped: 0.0109480 seconds, Stopping threads took: 0.0001300 seconds
185.095: Application time: 0.0462680 seconds
185.095: [GC185.095: [DefNew: 15697K->15697K(18432K), 0.0000090 secs]185.095: [Tenured: 27932K->27933K(40960K), 0.0089680 secs] 43629K->27933K(59392K), [Perm : 6107K->6107K(21248K)], 0.0090210 secs] [Times: user=0.01 sys=0.00, real=0.00 secs] 
185.104: Total time for which application threads were stopped: 0.0091880 seconds, Stopping threads took: 0.0000860 seconds
185.143: Application time: 0.0389510 seconds
185.143: [GC185.143: [DefNew: 15688K->15688K(18432K), 0.0000100 secs]185.143: [Tenured: 27933K->28645K(40960K), 0.0106510 secs] 43622K->28645K(59392K), [Perm : 6107K->6107K(21248K)], 0.0107110 secs] [Times: user=0.01 sys=0.00, real=0.02 secs] 
185.154: Total time for which application threads were stopped: 0.0109020 seconds, Stopping threads took: 0.0001210 seconds
185.219: Application time: 0.0651330 seconds
185.219: [GC185.219: [DefNew: 15688K->15688K(18432K), 0.0000090 secs]185.219: [Tenured: 28645K->28644K(40960K), 0.0089330 secs] 44333K->28644K(59392K), [Perm : 6107K->6107K(21248K)], 0.0089920 secs] [Times: user=0.01 sys=0.00, real=0.01 secs] 
185.228: Total time for which application threads were stopped: 0.0091230 seconds, Stopping threads took: 0.0000620 seconds
185.276: Application time: 0.0480890 seconds
185.277: [GC185.277: [DefNew: 15688K->15688K(18432K), 0.0000090 secs]185.277: [Tenured: 28644K->28645K(40960K), 0.0097240 secs] 44333K->28645K(59392K), [Perm : 6107K->6107K(21248K)], 0.0097810 secs] [Times: user=0.01 sys=0.00, real=0.01 secs] 
185.286: Total time for which application threads were stopped: 0.0100060 seconds, Stopping threads took: 0.0001290 seconds
185.338: Application time: 0.0516880 seconds
185.338: [GC185.338: [DefNew: 15688K->15688K(18432K), 0.0000100 secs]185.338: [Tenured: 28645K->28644K(40960K), 0.0098800 secs] 44333K->28644K(59392K), [Perm : 6107K->6107K(21248K)], 0.0099400 secs] [Times: user=0.01 sys=0.00, real=0.01 secs] 
185.348: Total time for which application threads were stopped: 0.0101290 seconds, Stopping threads took: 0.0001090 seconds
185.390: Application time: 0.0413490 seconds
185.390: [GC185.390: [DefNew: 15718K->15718K(18432K), 0.0000100 secs]185.390: [Tenured: 28644K->27932K(40960K), 0.0117330 secs] 44363K->27932K(59392K), [Perm : 6107K->6107K(21248K)], 0.0117920 secs] [Times: user=0.01 sys=0.00, real=0.01 secs] 
185.401: Total time for which application threads were stopped: 0.0119390 seconds, Stopping threads took: 0.0000770 seconds
185.408: Application time: 0.0068420 seconds
185.409: [GC185.409: [DefNew: 15679K->15679K(18432K), 0.0000090 secs]185.409: [Tenured: 27932K->26507K(40960K), 0.0093690 secs] 43611K->26507K(59392K), [Perm : 6107K->6107K(21248K)], 0.0094280 secs] [Times: user=0.01 sys=0.00, real=0.01 secs] 
185.418: Total time for which application threads were stopped: 0.0097400 seconds, Stopping threads took: 0.0002240 seconds
185.425: Application time: 0.0064300 seconds
185.425: [GC185.425: [DefNew: 15687K->15687K(18432K), 0.0000100 secs]185.425: [Tenured: 26507K->28644K(40960K), 0.0106080 secs] 42194K->28644K(59392K), [Perm : 6107K->6107K(21248K)], 0.0106700 secs] [Times: user=0.02 sys=0.00, real=0.02 secs] 
185.435: Total time for which application threads were stopped: 0.0108580 seconds, Stopping threads took: 0.0001160 seconds
185.440: Application time: 0.0043380 seconds
185.440: [GC185.440: [DefNew: 15677K->15677K(18432K), 0.0000100 secs]185.440: [Tenured: 28644K->29357K(40960K), 0.0061600 secs] 44322K->29357K(59392K), [Perm : 6107K->6107K(21248K)], 0.0062150 secs] [Times: user=0.01 sys=0.00, real=0.01 secs] 
185.446: Total time for which application threads were stopped: 0.0063540 seconds, Stopping threads took: 0.0000700 seconds
185.453: Application time: 0.0066350 seconds
185.453: [GC185.453: [DefNew: 15687K->15687K(18432K), 0.0000100 secs]185.453: [Tenured: 29357K->26506K(40960K), 0.0084680 secs] 45044K->26506K(59392K), [Perm : 6107K->6107K(21248K)], 0.0085250 secs] [Times: user=0.01 sys=0.00, real=0.01 secs] 
185.462: Total time for which application threads were stopped: 0.0088430 seconds, Stopping threads took: 0.0002370 seconds
185.468: Application time: 0.0064900 seconds
185.468: [GC185.468: [DefNew: 15687K->15687K(18432K), 0.0000100 secs]185.468: [Tenured: 26506K->29358K(40960K), 0.0071770 secs] 42194K->29358K(59392K), [Perm : 6107K->6107K(21248K)], 0.0072360 secs] [Times: user=0.01 sys=0.00, real=0.01 secs] 
185.475: Total time for which application threads were stopped: 0.0074280 seconds, Stopping threads took: 0.0001210 seconds
185.481: Application time: 0.0056740 seconds
185.481: [GC185.481: [DefNew: 15681K->15681K(18432K), 0.0000110 secs]185.481: [Tenured: 29358K->28645K(40960K), 0.0096360 secs] 45040K->28645K(59392K), [Perm : 6107K->6107K(21248K)], 0.0096960 secs] [Times: user=0.01 sys=0.00, real=0.01 secs] 
185.491: Total time for which application threads were stopped: 0.0098580 seconds, Stopping threads took: 0.0000890 seconds
185.496: Application time: 0.0050660 seconds
185.496: [GC185.496: [DefNew: 15686K->15686K(18432K), 0.0000090 secs]185.496: [Tenured: 28645K->30072K(40960K), 0.0062250 secs] 44332K->30072K(59392K), [Perm : 6107K->6107K(21248K)], 0.0062780 secs] [Times: user=0.01 sys=0.00, real=0.00 secs] 
185.502: Total time for which application threads were stopped: 0.0064260 seconds, Stopping threads took: 0.0000790 seconds
185.506: Application time: 0.0038380 seconds
185.507: [GC185.507: [DefNew: 15680K->15680K(18432K), 0.0000110 secs]185.507: [Tenured: 30072K->27219K(40960K), 0.0107480 secs] 45752K->27219K(59392K), [Perm : 6107K->6107K(21248K)], 0.0108110 secs] [Times: user=0.01 sys=0.00, real=0.01 secs] 
185.518: Total time for which application threads were stopped: 0.0112860 seconds, Stopping threads took: 0.0003750 seconds
185.553: Application time: 0.0349940 seconds
185.553: [GC185.553: [DefNew: 15694K->15694K(18432K), 0.0000110 secs]185.553: [Tenured: 27219K->25794K(40960K), 0.0100120 secs] 42914K->25794K(59392K), [Perm : 6107K->6107K(21248K)], 0.0100730 secs] [Times: user=0.01 sys=0.00, real=0.01 secs] 
185.563: Total time for which application threads were stopped: 0.0103220 seconds, Stopping threads took: 0.0001600 seconds
185.606: Application time: 0.0429860 seconds
185.606: [GC185.606: [DefNew: 15690K->15690K(18432K), 0.0000100 secs]185.606: [Tenured: 25794K->29357K(40960K), 0.0095910 secs] 41484K->29357K(59392K), [Perm : 6107K->6107K(21248K)], 0.0096510 secs] [Times: user=0.01 sys=0.00, real=0.01 secs] 
185.616: Total time for which application threads were stopped: 0.0097840 seconds, Stopping threads took: 0.0000620 seconds
185.661: Application time: 0.0453910 seconds
185.661: [GC185.661: [DefNew: 15717K->15717K(18432K), 0.0000100 secs]185.661: [Tenured: 29357K->25859K(40960K), 0.0113820 secs] 45074K->25859K(59392K), [Perm : 6107K->6107K(21248K)], 0.0114400 secs] [Times: user=0.01 sys=0.00, real=0.01 secs] 
185.673: Total time for which application threads were stopped: 0.0116270 seconds, Stopping threads took: 0.0001170 seconds
185.678: Application time: 0.0049800 seconds
185.679: [GC185.679: [DefNew: 15713K->15713K(18432K), 0.0000130 secs]185.679: [Tenured: 25859K->24369K(40960K), 0.0107160 secs] 41573K->24369K(59392K), [Perm : 6107K->6107K(21248K)], 0.0108040 secs] [Times: user=0.00 sys=0.00, real=0.01 secs] 
185.689: Total time for which application threads were stopped: 0.0117570 seconds, Stopping threads took: 0.0008780 seconds
185.695: Application time: 0.0054540 seconds
185.695: [GC185.695: [DefNew: 15681K->1425K(18432K), 0.0010710 secs] 40050K->27219K(59392K), 0.0011010 secs] [Times: user=0.00 sys=0.00, real=0.00 secs] 
185.696: Total time for which application threads were stopped: 0.0013020 seconds, Stopping threads took: 0.0001210 seconds
185.701: Application time: 0.0050550 seconds
185.702: [GC185.702: [DefNew: 17112K->17112K(18432K), 0.0000100 secs]185.702: [Tenured: 25794K->24369K(40960K), 0.0099350 secs] 42906K->24369K(59392K), [Perm : 6107K->6107K(21248K)], 0.0099970 secs] [Times: user=0.01 sys=0.00, real=0.01 secs] 
185.712: Total time for which application threads were stopped: 0.0108740 seconds, Stopping threads took: 0.0007860 seconds
185.716: Application time: 0.0040200 seconds
185.717: [GC185.717: [DefNew: 16183K->1463K(18432K), 0.0007780 secs] 40553K->26545K(59392K), 0.0008150 secs] [Times: user=0.00 sys=0.00, real=0.00 secs] 
185.717: Total time for which application threads were stopped: 0.0012420 seconds, Stopping threads took: 0.0003700 seconds
185.721: Application time: 0.0032810 seconds
185.721: [GC185.721: [DefNew: 17231K->1432K(18432K), 0.0007730 secs] 42313K->27256K(59392K), 0.0008030 secs] [Times: user=0.00 sys=0.00, real=0.00 secs] 
185.722: Total time for which application threads were stopped: 0.0012700 seconds, Stopping threads took: 0.0003990 seconds
185.726: Application time: 0.0038400 seconds
185.727: [GC185.727: [DefNew: 17250K->1432K(18432K), 0.0009780 secs] 43074K->28683K(59392K), 0.0010100 secs] [Times: user=0.00 sys=0.00, real=0.00 secs] 
185.728: Total time for which application threads were stopped: 0.0016860 seconds, Stopping threads took: 0.0005960 seconds
185.732: Application time: 0.0040480 seconds
185.732: [GC185.732: [DefNew: 17146K->1426K(18432K), 0.0021180 secs] 44397K->33665K(59392K), 0.0021590 secs] [Times: user=0.00 sys=0.00, real=0.01 secs] 
185.734: Total time for which application threads were stopped: 0.0023640 seconds, Stopping threads took: 0.0001250 seconds
185.738: Application time: 0.0040370 seconds
185.738: [GC185.738: [DefNew: 17108K->17108K(18432K), 0.0000090 secs]185.738: [Tenured: 32238K->25110K(40960K), 0.0089140 secs] 49346K->25110K(59392K), [Perm : 6107K->6107K(21248K)], 0.0089730 secs] [Times: user=0.01 sys=0.00, real=0.01 secs] 
185.747: Total time for which application threads were stopped: 0.0091220 seconds, Stopping threads took: 0.0000700 seconds
185.751: Application time: 0.0038910 seconds
185.752: [GC185.752: [DefNew: 15688K->1426K(18432K), 0.0007470 secs] 40798K->27249K(59392K), 0.0007760 secs] [Times: user=0.00 sys=0.00, real=0.00 secs] 
185.752: Total time for which application threads were stopped: 0.0013490 seconds, Stopping threads took: 0.0004960 seconds
185.756: Application time: 0.0039150 seconds
185.757: [GC185.757: [DefNew: 17110K->1425K(18432K), 0.0009250 secs] 42933K->28674K(59392K), 0.0009560 secs] [Times: user=0.00 sys=0.00, real=0.00 secs] 
185.758: Total time for which application threads were stopped: 0.0017670 seconds, Stopping threads took: 0.0007510 seconds
185.762: Application time: 0.0035070 seconds
185.762: [GC185.762: [DefNew: 17109K->1425K(18432K), 0.0019760 secs] 44358K->32949K(59392K), 0.0020140 secs] [Times: user=0.00 sys=0.00, real=0.00 secs] 
185.764: Total time for which application threads were stopped: 0.0022590 seconds, Stopping threads took: 0.0001590 seconds
185.768: Application time: 0.0042920 seconds
185.768: [GC185.768: [DefNew: 17114K->17114K(18432K), 0.0000090 secs]185.768: [Tenured: 31524K->25823K(40960K), 0.0087660 secs] 48638K->25823K(59392K), [Perm : 6107K->6107K(21248K)], 0.0088240 secs] [Times: user=0.01 sys=0.00, real=0.01 secs] 
185.777: Total time for which application threads were stopped: 0.0090340 seconds, Stopping threads took: 0.0001390 seconds
185.781: Application time: 0.0036470 seconds
185.782: [GC185.782: [DefNew: 15683K->1425K(18432K), 0.0006770 secs] 41507K->27961K(59392K), 0.0007050 secs] [Times: user=0.00 sys=0.00, real=0.00 secs] 
185.782: Total time for which application threads were stopped: 0.0016750 seconds, Stopping threads took: 0.0008930 seconds
185.786: Application time: 0.0034420 seconds
185.786: [GC185.786: [DefNew: 17117K->1425K(18432K), 0.0015590 secs] 43653K->31525K(59392K), 0.0015920 secs] [Times: user=0.00 sys=0.00, real=0.00 secs] 
185.788: Total time for which application threads were stopped: 0.0017490 seconds, Stopping threads took: 0.0000920 seconds
185.791: Application time: 0.0036660 seconds
185.792: [GC185.792: [DefNew: 17111K->1425K(18432K), 0.0017630 secs] 47211K->35088K(59392K), 0.0018010 secs] [Times: user=0.00 sys=0.00, real=0.00 secs] 
185.793: Total time for which application threads were stopped: 0.0020300 seconds, Stopping threads took: 0.0001450 seconds
185.797: Application time: 0.0035490 seconds
185.797: [GC185.797: [DefNew: 17114K->17114K(18432K), 0.0000100 secs]185.797: [Tenured: 33663K->25794K(40960K), 0.0108250 secs] 50778K->25794K(59392K), [Perm : 6107K->6107K(21248K)], 0.0108860 secs] [Times: user=0.01 sys=0.00, real=0.01 secs] 
185.808: Total time for which application threads were stopped: 0.0111420 seconds, Stopping threads took: 0.0001670 seconds
185.812: Application time: 0.0035360 seconds
185.812: [GC185.812: [DefNew: 15688K->1426K(18432K), 0.0007440 secs] 41483K->27933K(59392K), 0.0007720 secs] [Times: user=0.00 sys=0.00, real=0.00 secs] 
185.813: Total time for which application threads were stopped: 0.0010550 seconds, Stopping threads took: 0.0002060 seconds
185.816: Application time: 0.0035100 seconds
185.816: [GC185.816: [DefNew: 17111K->1425K(18432K), 0.0014420 secs] 43618K->30783K(59392K), 0.0014770 secs] [Times: user=0.00 sys=0.00, real=0.00 secs] 
185.818: Total time for which application threads were stopped: 0.0016820 seconds, Stopping threads took: 0.0001230 seconds
185.822: Application time: 0.0037460 seconds
185.822: [GC185.822: [DefNew: 17110K->1425K(18432K), 0.0013080 secs] 46468K->33634K(59392K), 0.0013420 secs] [Times: user=0.00 sys=0.00, real=0.00 secs] 
185.823: Total time for which application threads were stopped: 0.0015770 seconds, Stopping threads took: 0.0001730 seconds
185.827: Application time: 0.0037310 seconds
185.827: [GC185.827: [DefNew: 17113K->17113K(18432K), 0.0000090 secs]185.827: [Tenured: 32209K->24370K(40960K), 0.0096480 secs] 49322K->24370K(59392K), [Perm : 6107K->6107K(21248K)], 0.0097070 secs] [Times: user=0.01 sys=0.00, real=0.01 secs] 
185.837: Total time for which application threads were stopped: 0.0100190 seconds, Stopping threads took: 0.0002230 seconds
185.841: Application time: 0.0043990 seconds
185.842: [GC185.842: [DefNew: 15691K->1426K(18432K), 0.0009730 secs] 40061K->27222K(59392K), 0.0010030 secs] [Times: user=0.00 sys=0.00, real=0.00 secs] 
185.843: Total time for which application threads were stopped: 0.0018330 seconds, Stopping threads took: 0.0007610 seconds
185.850: Application time: 0.0065590 seconds
185.850: [GC185.850: [DefNew: 17108K->1425K(18432K), 0.0010930 secs] 42904K->28647K(59392K), 0.0011230 secs] [Times: user=0.00 sys=0.00, real=0.00 secs] 
185.851: Total time for which application threads were stopped: 0.0012560 seconds, Stopping threads took: 0.0000720 seconds
185.855: Application time: 0.0037020 seconds
185.855: [GC185.855: [DefNew: 17114K->1426K(18432K), 0.0008790 secs] 44335K->29360K(59392K), 0.0009080 secs] [Times: user=0.00 sys=0.00, real=0.00 secs] 
185.856: Total time for which application threads were stopped: 0.0010400 seconds, Stopping threads took: 0.0000700 seconds
185.859: Application time: 0.0036540 seconds
185.860: [GC185.860: [DefNew: 17106K->1425K(18432K), 0.0013450 secs] 45041K->31498K(59392K), 0.0013780 secs] [Times: user=0.00 sys=0.00, real=0.00 secs] 
185.861: Total time for which application threads were stopped: 0.0015510 seconds, Stopping threads took: 0.0001100 seconds
185.876: Application time: 0.0147610 seconds
185.876: [GC185.876: [DefNew: 17147K->1455K(18432K), 0.0014550 secs] 47220K->34378K(59392K), 0.0014870 secs] [Times: user=0.00 sys=0.00, real=0.00 secs] 
185.877: Total time for which application threads were stopped: 0.0016310 seconds, Stopping threads took: 0.0000820 seconds
185.884: Application time: 0.0069270 seconds
185.884: [GC185.884: [DefNew: 17134K->1425K(18432K), 0.0013740 secs] 50057K->37228K(59392K), 0.0014050 secs] [Times: user=0.01 sys=0.00, real=0.01 secs] 
185.886: Total time for which application threads were stopped: 0.0016050 seconds, Stopping threads took: 0.0001390 seconds
185.892: Application time: 0.0064800 seconds
185.893: [GC185.893: [DefNew: 17108K->17108K(18432K), 0.0000090 secs]185.893: [Tenured: 35803K->26536K(40960K), 0.0096930 secs] 52911K->26536K(59392K), [Perm : 6107K->6107K(21248K)], 0.0097480 secs] [Times: user=0.01 sys=0.00, real=0.01 secs] 
185.902: Total time for which application threads were stopped: 0.0099160 seconds, Stopping threads took: 0.0000980 seconds
185.906: Application time: 0.0041100 seconds
185.907: [GC185.907: [DefNew: 15677K->712K(18432K), 0.0003980 secs] 42213K->27248K(59392K), 0.0004280 secs] [Times: user=0.00 sys=0.00, real=0.00 secs] 
185.907: Total time for which application threads were stopped: 0.0005610 seconds, Stopping threads took: 0.0000720 seconds
185.914: Application time: 0.0067690 seconds
185.914: [GC185.914: [DefNew: 16400K->1426K(18432K), 0.0015840 secs] 42936K->30812K(59392K), 0.0016160 secs] [Times: user=0.00 sys=0.00, real=0.00 secs] 
185.916: Total time for which application threads were stopped: 0.0017930 seconds, Stopping threads took: 0.0001140 seconds
185.923: Application time: 0.0073220 seconds
185.923: [GC185.923: [DefNew: 17105K->712K(18432K), 0.0009080 secs] 46491K->31524K(59392K), 0.0009350 secs] [Times: user=0.00 sys=0.00, real=0.00 secs] 
185.924: Total time for which application threads were stopped: 0.0010620 seconds, Stopping threads took: 0.0000710 seconds
185.930: Application time: 0.0056220 seconds
185.930: [GC185.930: [DefNew: 16401K->1426K(18432K), 0.0009520 secs] 47213K->33663K(59392K), 0.0009810 secs] [Times: user=0.00 sys=0.00, real=0.00 secs] 
185.931: Total time for which application threads were stopped: 0.0013020 seconds, Stopping threads took: 0.0002620 seconds
185.934: Application time: 0.0036580 seconds
185.935: [GC185.935: [DefNew: 17107K->1425K(18432K), 0.0014020 secs] 49345K->36513K(59392K), 0.0014360 secs] [Times: user=0.00 sys=0.00, real=0.00 secs] 
185.936: Total time for which application threads were stopped: 0.0016950 seconds, Stopping threads took: 0.0001860 seconds
185.940: Application time: 0.0036100 seconds
185.940: [GC185.940: [DefNew: 17105K->1425K(18432K), 0.0016220 secs] 52194K->39363K(59392K), 0.0016570 secs] [Times: user=0.00 sys=0.00, real=0.00 secs] 
185.942: Total time for which application threads were stopped: 0.0018470 seconds, Stopping threads took: 0.0001260 seconds
185.991: Application time: 0.0489950 seconds
185.991: [GC185.991: [DefNew: 17151K->17151K(18432K), 0.0000090 secs]185.991: [Tenured: 37938K->24425K(40960K), 0.0099010 secs] 55090K->24425K(59392K), [Perm : 6107K->6107K(21248K)], 0.0099550 secs] [Times: user=0.01 sys=0.00, real=0.01 secs] 
186.001: Total time for which application threads were stopped: 0.0100930 seconds, Stopping threads took: 0.0000710 seconds
186.008: Application time: 0.0072620 seconds
186.008: [GC186.008: [DefNew: 15679K->1425K(18432K), 0.0013760 secs] 40105K->27988K(59392K), 0.0014060 secs] [Times: user=0.01 sys=0.00, real=0.00 secs] 
186.010: Total time for which application threads were stopped: 0.0015790 seconds, Stopping threads took: 0.0001120 seconds
186.017: Application time: 0.0072000 seconds
186.017: [GC186.017: [DefNew: 17108K->1425K(18432K), 0.0010770 secs] 43671K->29414K(59392K), 0.0011060 secs] [Times: user=0.00 sys=0.00, real=0.00 secs] 
186.018: Total time for which application threads were stopped: 0.0012580 seconds, Stopping threads took: 0.0000920 seconds
186.022: Application time: 0.0037840 seconds
186.022: [GC186.022: [DefNew: 17105K->1425K(18432K), 0.0009530 secs] 45093K->30839K(59392K), 0.0009830 secs] [Times: user=0.01 sys=0.00, real=0.00 secs] 
186.023: Total time for which application threads were stopped: 0.0011470 seconds, Stopping threads took: 0.0001060 seconds
186.029: Application time: 0.0064130 seconds
186.030: [GC186.030: [DefNew: 17118K->1425K(18432K), 0.0018290 secs] 46533K->35115K(59392K), 0.0018630 secs] [Times: user=0.00 sys=0.00, real=0.00 secs] 
186.032: Total time for which application threads were stopped: 0.0021670 seconds, Stopping threads took: 0.0002420 seconds
186.037: Application time: 0.0057540 seconds
186.037: [GC186.037: [DefNew: 17108K->1425K(18432K), 0.0017710 secs] 50798K->38678K(59392K), 0.0018050 secs] [Times: user=0.00 sys=0.00, real=0.00 secs] 
186.039: Total time for which application threads were stopped: 0.0019750 seconds, Stopping threads took: 0.0001070 seconds
186.047: Application time: 0.0072810 seconds
186.047: [GC186.047: [DefNew: 17105K->17105K(18432K), 0.0000100 secs]186.047: [Tenured: 37253K->25081K(40960K), 0.0111040 secs] 54358K->25081K(59392K), [Perm : 6107K->6107K(21248K)], 0.0111630 secs] [Times: user=0.01 sys=0.00, real=0.01 secs] 
186.058: Total time for which application threads were stopped: 0.0113720 seconds, Stopping threads took: 0.0001390 seconds
186.061: Application time: 0.0035190 seconds
186.062: [GC186.062: [DefNew: 15688K->1426K(18432K), 0.0014980 secs] 40770K->29358K(59392K), 0.0015320 secs] [Times: user=0.00 sys=0.00, real=0.00 secs] 
186.063: Total time for which application threads were stopped: 0.0016650 seconds, Stopping threads took: 0.0000670 seconds
186.067: Application time: 0.0034390 seconds
186.067: [GC186.067: [DefNew: 17107K->1425K(18432K), 0.0009960 secs] 45038K->30782K(59392K), 0.0010260 secs] [Times: user=0.00 sys=0.00, real=0.00 secs] 
186.068: Total time for which application threads were stopped: 0.0011640 seconds, Stopping threads took: 0.0000780 seconds
186.115: Application time: 0.0470200 seconds
186.115: [GC186.115: [DefNew: 17115K->1426K(18432K), 0.0020040 secs] 46473K->35771K(59392K), 0.0020400 secs] [Times: user=0.00 sys=0.00, real=0.00 secs] 
186.117: Total time for which application threads were stopped: 0.0022100 seconds, Stopping threads took: 0.0001040 seconds
186.174: Application time: 0.0573520 seconds
186.174: [GC186.174: [DefNew (promotion failed) : 17115K->17114K(18432K), 0.0023120 secs]186.177: [Tenured: 40759K->25793K(40960K), 0.0092210 secs] 51461K->25793K(59392K), [Perm : 6107K->6107K(21248K)], 0.0115930 secs] [Times: user=0.01 sys=0.00, real=0.01 secs] 
186.186: Total time for which application threads were stopped: 0.0117620 seconds, Stopping threads took: 0.0000810 seconds
186.234: Application time: 0.0479810 seconds
186.234: [GC186.234: [DefNew: 15689K->1425K(18432K), 0.0042300 secs] 41483K->40756K(59392K), 0.0042690 secs] [Times: user=0.01 sys=0.00, real=0.00 secs] 
186.238: Total time for which application threads were stopped: 0.0043990 seconds, Stopping threads took: 0.0000640 seconds
186.281: Application time: 0.0427620 seconds
186.281: [GC186.281: [DefNew: 17139K->17139K(18432K), 0.0000090 secs]186.281: [Tenured: 39331K->24398K(40960K), 0.0091070 secs] 56471K->24398K(59392K), [Perm : 6107K->6107K(21248K)], 0.0091640 secs] [Times: user=0.01 sys=0.00, real=0.01 secs] 
186.291: Total time for which application threads were stopped: 0.0093080 seconds, Stopping threads took: 0.0000740 seconds
186.297: Application time: 0.0063580 seconds
186.297: [GC186.297: [DefNew: 15683K->1425K(18432K), 0.0018680 secs] 40081K->30098K(59392K), 0.0019040 secs] [Times: user=0.00 sys=0.00, real=0.00 secs] 
186.299: Total time for which application threads were stopped: 0.0021100 seconds, Stopping threads took: 0.0001400 seconds
186.304: Application time: 0.0050610 seconds
186.304: [GC186.304: [DefNew: 17112K->1425K(18432K), 0.0017100 secs] 45785K->33661K(59392K), 0.0017460 secs] [Times: user=0.00 sys=0.00, real=0.01 secs] 
186.306: Total time for which application threads were stopped: 0.0018930 seconds, Stopping threads took: 0.0000800 seconds
186.310: Application time: 0.0038100 seconds
186.310: [GC186.310: [DefNew: 17103K->17103K(18432K), 0.0000100 secs]186.310: [Tenured: 32235K->27248K(40960K), 0.0088700 secs] 49339K->27248K(59392K), [Perm : 6107K->6107K(21248K)], 0.0089300 secs] [Times: user=0.01 sys=0.00, real=0.01 secs] 
186.319: Total time for which application threads were stopped: 0.0091400 seconds, Stopping threads took: 0.0001300 seconds
186.327: Application time: 0.0076730 seconds
186.327: [GC186.327: [DefNew: 15688K->1426K(18432K), 0.0013660 secs] 42936K->30811K(59392K), 0.0013970 secs] [Times: user=0.00 sys=0.00, real=0.00 secs] 
186.328: Total time for which application threads were stopped: 0.0015700 seconds, Stopping threads took: 0.0001110 seconds
186.335: Application time: 0.0066160 seconds
186.335: [GC186.335: [DefNew: 17107K->1425K(18432K), 0.0013220 secs] 46493K->32949K(59392K), 0.0013550 secs] [Times: user=0.00 sys=0.00, real=0.00 secs] 
186.336: Total time for which application threads were stopped: 0.0014980 seconds, Stopping threads took: 0.0000820 seconds
186.342: Application time: 0.0055270 seconds
186.342: [GC186.342: [DefNew: 17112K->1426K(18432K), 0.0009870 secs] 48636K->34375K(59392K), 0.0010160 secs] [Times: user=0.00 sys=0.00, real=0.00 secs] 
186.343: Total time for which application threads were stopped: 0.0011550 seconds, Stopping threads took: 0.0000810 seconds
186.347: Application time: 0.0036240 seconds
186.347: [GC186.347: [DefNew: 17107K->1425K(18432K), 0.0011080 secs] 50057K->35800K(59392K), 0.0011350 secs] [Times: user=0.00 sys=0.00, real=0.00 secs] 
186.348: Total time for which application threads were stopped: 0.0012780 seconds, Stopping threads took: 0.0000740 seconds
186.353: Application time: 0.0054790 seconds
186.354: [GC186.354: [DefNew: 17111K->17111K(18432K), 0.0000090 secs]186.354: [Tenured: 34375K->24368K(40960K), 0.0101470 secs] 51486K->24368K(59392K), [Perm : 6107K->6107K(21248K)], 0.0102030 secs] [Times: user=0.01 sys=0.00, real=0.00 secs] 
186.364: Total time for which application threads were stopped: 0.0103890 seconds, Stopping threads took: 0.0001160 seconds
186.428: Application time: 0.0645040 seconds
186.428: [GC186.428: [DefNew: 15689K->1425K(18432K), 0.0042230 secs] 40058K->39331K(59392K), 0.0042620 secs] [Times: user=0.01 sys=0.00, real=0.00 secs] 
186.433: Total time for which application threads were stopped: 0.0044330 seconds, Stopping threads took: 0.0001040 seconds
186.498: Application time: 0.0655390 seconds
186.498: [GC186.498: [DefNew: 17114K->17114K(18432K), 0.0000100 secs]186.498: [Tenured: 37906K->25081K(40960K), 0.0096480 secs] 55021K->25081K(59392K), [Perm : 6107K->6107K(21248K)], 0.0097150 secs] [Times: user=0.01 sys=0.00, real=0.01 secs] 
186.508: Total time for which application threads were stopped: 0.0098480 seconds, Stopping threads took: 0.0000620 seconds
186.575: Application time: 0.0673570 seconds
186.576: [GC186.576: [DefNew: 15689K->1425K(18432K), 0.0043990 secs] 40770K->40044K(59392K), 0.0044420 secs] [Times: user=0.00 sys=0.00, real=0.00 secs] 
186.580: Total time for which application threads were stopped: 0.0046060 seconds, Stopping threads took: 0.0000970 seconds
186.640: Application time: 0.0596180 seconds
186.640: [GC186.640: [DefNew: 17143K->17143K(18432K), 0.0000100 secs]186.640: [Tenured: 38619K->24398K(40960K), 0.0100010 secs] 55762K->24398K(59392K), [Perm : 6107K->6107K(21248K)], 0.0100580 secs] [Times: user=0.01 sys=0.00, real=0.01 secs] 
186.650: Total time for which application threads were stopped: 0.0102720 seconds, Stopping threads took: 0.0001280 seconds
186.656: Application time: 0.0061310 seconds
186.656: [GC186.656: [DefNew: 15681K->1425K(18432K), 0.0018600 secs] 40079K->30098K(59392K), 0.0018970 secs] [Times: user=0.00 sys=0.00, real=0.00 secs] 
186.658: Total time for which application threads were stopped: 0.0021110 seconds, Stopping threads took: 0.0001480 seconds
186.665: Application time: 0.0070270 seconds
186.665: [GC186.665: [DefNew: 17108K->17108K(18432K), 0.0000110 secs]186.665: [Tenured: 28673K->26535K(40960K), 0.0092290 secs] 45781K->26535K(59392K), [Perm : 6107K->6107K(21248K)], 0.0092970 secs] [Times: user=0.01 sys=0.00, real=0.02 secs] 
186.675: Total time for which application threads were stopped: 0.0094860 seconds, Stopping threads took: 0.0001160 seconds
186.679: Application time: 0.0039530 seconds
186.679: [GC186.679: [DefNew: 15685K->1425K(18432K), 0.0010570 secs] 42221K->29386K(59392K), 0.0010840 secs] [Times: user=0.00 sys=0.00, real=0.00 secs] 
186.680: Total time for which application threads were stopped: 0.0012210 seconds, Stopping threads took: 0.0000770 seconds
186.686: Application time: 0.0063240 seconds
186.686: [GC186.686: [DefNew: 17113K->1426K(18432K), 0.0017590 secs] 45074K->32950K(59392K), 0.0017920 secs] [Times: user=0.00 sys=0.00, real=0.00 secs] 
186.688: Total time for which application threads were stopped: 0.0019630 seconds, Stopping threads took: 0.0001060 seconds
186.695: Application time: 0.0066980 seconds
186.695: [GC186.695: [DefNew: 17106K->17106K(18432K), 0.0000090 secs]186.695: [Tenured: 31524K->22943K(40960K), 0.0100090 secs] 48631K->22943K(59392K), [Perm : 6107K->6107K(21248K)], 0.0100670 secs] [Times: user=0.02 sys=0.00, real=0.00 secs] 
186.705: Total time for which application threads were stopped: 0.0102120 seconds, Stopping threads took: 0.0000740 seconds
186.712: Application time: 0.0067000 seconds
186.712: [GC186.712: [DefNew: 15688K->1425K(18432K), 0.0010930 secs] 38632K->25795K(59392K), 0.0011220 secs] [Times: user=0.00 sys=0.00, real=0.00 secs] 
186.713: Total time for which application threads were stopped: 0.0012650 seconds, Stopping threads took: 0.0000850 seconds
186.716: Application time: 0.0033790 seconds
186.717: [GC186.717: [DefNew: 17108K->1425K(18432K), 0.0015470 secs] 41477K->28645K(59392K), 0.0015820 secs] [Times: user=0.00 sys=0.00, real=0.00 secs] 
186.718: Total time for which application threads were stopped: 0.0017910 seconds, Stopping threads took: 0.0001460 seconds
186.722: Application time: 0.0036940 seconds
186.722: [GC186.722: [DefNew: 17103K->712K(18432K), 0.0008510 secs] 44324K->29357K(59392K), 0.0008800 secs] [Times: user=0.00 sys=0.00, real=0.00 secs] 
186.723: Total time for which application threads were stopped: 0.0010100 seconds, Stopping threads took: 0.0000710 seconds
186.774: Application time: 0.0510820 seconds
186.774: [GC186.774: [DefNew: 16408K->1426K(18432K), 0.0033290 secs] 45053K->40046K(59392K), 0.0033670 secs] [Times: user=0.00 sys=0.00, real=0.00 secs] 
186.778: Total time for which application threads were stopped: 0.0034910 seconds, Stopping threads took: 0.0000590 seconds
186.843: Application time: 0.0654950 seconds
186.843: [GC186.843: [DefNew: 17117K->17117K(18432K), 0.0000100 secs]186.843: [Tenured: 38620K->25081K(40960K), 0.0103490 secs] 55738K->25081K(59392K), [Perm : 6107K->6107K(21248K)], 0.0104140 secs] [Times: user=0.01 sys=0.00, real=0.02 secs] 
186.854: Total time for which application threads were stopped: 0.0105680 seconds, Stopping threads took: 0.0000870 seconds
186.927: Application time: 0.0736450 seconds
186.927: [GC186.927: [DefNew: 15704K->1426K(18432K), 0.0043970 secs] 40785K->40045K(59392K), 0.0044380 secs] [Times: user=0.01 sys=0.00, real=0.00 secs] 
186.932: Total time for which application threads were stopped: 0.0046870 seconds, Stopping threads took: 0.0001550 seconds
187.003: Application time: 0.0705700 seconds
187.003: [GC187.003: [DefNew: 17130K->17130K(18432K), 0.0000090 secs]187.003: [Tenured: 38618K->25796K(40960K), 0.0096590 secs] 55749K->25796K(59392K), [Perm : 6107K->6107K(21248K)], 0.0097190 secs] [Times: user=0.01 sys=0.00, real=0.01 secs] 
187.012: Total time for which application threads were stopped: 0.0098890 seconds, Stopping threads took: 0.0001030 seconds
187.087: Application time: 0.0750630 seconds
187.088: [GC187.088: [DefNew: 15691K->1425K(18432K), 0.0045140 secs] 41488K->41472K(59392K), 0.0045550 secs] [Times: user=0.00 sys=0.00, real=0.00 secs] 
187.092: Total time for which application threads were stopped: 0.0047130 seconds, Stopping threads took: 0.0000890 seconds
187.168: Application time: 0.0761140 seconds
187.168: [GC187.168: [DefNew: 17120K->17120K(18432K), 0.0000090 secs]187.168: [Tenured: 40047K->27222K(40960K), 0.0092890 secs] 57168K->27222K(59392K), [Perm : 6107K->6107K(21248K)], 0.0093450 secs] [Times: user=0.01 sys=0.00, real=0.01 secs] 
187.178: Total time for which application threads were stopped: 0.0094810 seconds, Stopping threads took: 0.0000710 seconds
187.244: Application time: 0.0664590 seconds
187.244: [GC187.244: [DefNew: 15691K->15691K(18432K), 0.0000090 secs]187.244: [Tenured: 27222K->27931K(40960K), 0.0105580 secs] 42914K->27931K(59392K), [Perm : 6107K->6107K(21248K)], 0.0106150 secs] [Times: user=0.01 sys=0.00, real=0.02 secs] 
187.255: Total time for which application threads were stopped: 0.0107510 seconds, Stopping threads took: 0.0000690 seconds
187.307: Application time: 0.0521200 seconds
187.307: [GC187.307: [DefNew: 15691K->15691K(18432K), 0.0000100 secs]187.307: [Tenured: 27931K->28643K(40960K), 0.0098300 secs] 43622K->28643K(59392K), [Perm : 6107K->6107K(21248K)], 0.0098900 secs] [Times: user=0.01 sys=0.00, real=0.01 secs] 
187.317: Total time for which application threads were stopped: 0.0100310 seconds, Stopping threads took: 0.0000700 seconds
187.387: Application time: 0.0702720 seconds
187.388: [GC187.388: [DefNew: 15697K->15697K(18432K), 0.0000100 secs]187.388: [Tenured: 28643K->27932K(40960K), 0.0091190 secs] 44341K->27932K(59392K), [Perm : 6107K->6107K(21248K)], 0.0091760 secs] [Times: user=0.01 sys=0.00, real=0.01 secs] 
187.397: Total time for which application threads were stopped: 0.0093100 seconds, Stopping threads took: 0.0000650 seconds
187.459: Application time: 0.0623780 seconds
187.459: [GC187.459: [DefNew: 15691K->15691K(18432K), 0.0000090 secs]187.459: [Tenured: 27932K->28644K(40960K), 0.0090530 secs] 43623K->28644K(59392K), [Perm : 6107K->6107K(21248K)], 0.0091090 secs] [Times: user=0.01 sys=0.00, real=0.01 secs] 
187.468: Total time for which application threads were stopped: 0.0092650 seconds, Stopping threads took: 0.0000780 seconds
187.541: Application time: 0.0727310 seconds
187.541: [GC187.541: [DefNew: 15691K->15691K(18432K), 0.0000110 secs]187.541: [Tenured: 28644K->29356K(40960K), 0.0110710 secs] 44336K->29356K(59392K), [Perm : 6107K->6107K(21248K)], 0.0111300 secs] [Times: user=0.02 sys=0.00, real=0.01 secs] 
187.552: Total time for which application threads were stopped: 0.0112980 seconds, Stopping threads took: 0.0000980 seconds
187.629: Application time: 0.0762390 seconds
187.629: [GC187.629: [DefNew: 15689K->15689K(18432K), 0.0000200 secs]187.629: [Tenured: 29356K->28643K(40960K), 0.0098440 secs] 45045K->28643K(59392K), [Perm : 6107K->6107K(21248K)], 0.0099140 secs] [Times: user=0.01 sys=0.00, real=0.01 secs] 
187.639: Total time for which application threads were stopped: 0.0100800 seconds, Stopping threads took: 0.0000970 seconds
187.701: Application time: 0.0619400 seconds
187.701: [GC187.701: [DefNew: 15700K->15700K(18432K), 0.0000100 secs]187.701: [Tenured: 28643K->28644K(40960K), 0.0090550 secs] 44344K->28644K(59392K), [Perm : 6107K->6107K(21248K)], 0.0091130 secs] [Times: user=0.01 sys=0.00, real=0.01 secs] 
187.710: Total time for which application threads were stopped: 0.0092650 seconds, Stopping threads took: 0.0000850 seconds
187.779: Application time: 0.0691210 seconds
187.779: [GC187.779: [DefNew: 15697K->15697K(18432K), 0.0000100 secs]187.779: [Tenured: 28644K->29358K(40960K), 0.0107630 secs] 44342K->29358K(59392K), [Perm : 6107K->6107K(21248K)], 0.0108220 secs] [Times: user=0.01 sys=0.00, real=0.01 secs] 
187.790: Total time for which application threads were stopped: 0.0110040 seconds, Stopping threads took: 0.0001110 seconds
187.850: Application time: 0.0603240 seconds
187.850: [GC187.851: [DefNew: 15691K->15691K(18432K), 0.0000090 secs]187.851: [Tenured: 29358K->28643K(40960K), 0.0110160 secs] 45049K->28643K(59392K), [Perm : 6107K->6107K(21248K)], 0.0110730 secs] [Times: user=0.01 sys=0.00, real=0.01 secs] 
187.862: Total time for which application threads were stopped: 0.0112010 seconds, Stopping threads took: 0.0000600 seconds
187.934: Application time: 0.0722630 seconds
187.934: [GC187.934: [DefNew: 15691K->15691K(18432K), 0.0000090 secs]187.934: [Tenured: 28643K->27931K(40960K), 0.0095600 secs] 44335K->27931K(59392K), [Perm : 6107K->6107K(21248K)], 0.0096180 secs] [Times: user=0.01 sys=0.00, real=0.00 secs] 
187.944: Total time for which application threads were stopped: 0.0097510 seconds, Stopping threads took: 0.0000630 seconds
188.008: Application time: 0.0639700 seconds
188.008: [GC188.008: [DefNew: 15715K->15715K(18432K), 0.0000100 secs]188.008: [Tenured: 27931K->24368K(40960K), 0.0102520 secs] 43646K->24368K(59392K), [Perm : 6107K->6107K(21248K)], 0.0103090 secs] [Times: user=0.01 sys=0.00, real=0.01 secs] 
188.018: Total time for which application threads were stopped: 0.0104890 seconds, Stopping threads took: 0.0000990 seconds
188.063: Application time: 0.0452040 seconds
188.063: [GC188.063: [DefNew: 15698K->1426K(18432K), 0.0039330 secs] 40067K->37908K(59392K), 0.0039720 secs] [Times: user=0.00 sys=0.00, real=0.01 secs] 
188.067: Total time for which application threads were stopped: 0.0041700 seconds, Stopping threads took: 0.0001130 seconds
188.115: Application time: 0.0477810 seconds
188.115: [GC188.116: [DefNew: 17122K->17122K(18432K), 0.0000100 secs]188.116: [Tenured: 36481K->25081K(40960K), 0.0114960 secs] 53604K->25081K(59392K), [Perm : 6107K->6107K(21248K)], 0.0115560 secs] [Times: user=0.01 sys=0.00, real=0.01 secs] 
188.127: Total time for which application threads were stopped: 0.0118360 seconds, Stopping threads took: 0.0001900 seconds
188.195: Application time: 0.0677940 seconds
188.195: [GC188.195: [DefNew: 15689K->1425K(18432K), 0.0037100 secs] 40771K->37907K(59392K), 0.0037540 secs] [Times: user=0.00 sys=0.00, real=0.00 secs] 
188.199: Total time for which application threads were stopped: 0.0038920 seconds, Stopping threads took: 0.0000720 seconds
188.260: Application time: 0.0615050 seconds
188.260: [GC188.260: [DefNew: 17114K->17114K(18432K), 0.0000100 secs]188.260: [Tenured: 36482K->25081K(40960K), 0.0110850 secs] 53597K->25081K(59392K), [Perm : 6107K->6107K(21248K)], 0.0111450 secs] [Times: user=0.02 sys=0.00, real=0.01 secs] 
188.272: Total time for which application threads were stopped: 0.0113260 seconds, Stopping threads took: 0.0001100 seconds
188.321: Application time: 0.0497580 seconds
188.321: [GC188.321: [DefNew: 15689K->1425K(18432K), 0.0039030 secs] 40771K->38619K(59392K), 0.0039420 secs] [Times: user=0.01 sys=0.00, real=0.00 secs] 
188.325: Total time for which application threads were stopped: 0.0040940 seconds, Stopping threads took: 0.0000710 seconds
188.364: Application time: 0.0380770 seconds
188.364: [GC188.364: [DefNew: 17113K->17113K(18432K), 0.0000100 secs]188.364: [Tenured: 37194K->25794K(40960K), 0.0093670 secs] 54308K->25794K(59392K), [Perm : 6107K->6107K(21248K)], 0.0094350 secs] [Times: user=0.01 sys=0.00, real=0.01 secs] 
188.373: Total time for which application threads were stopped: 0.0096620 seconds, Stopping threads took: 0.0001380 seconds
188.442: Application time: 0.0685170 seconds
188.442: [GC188.442: [DefNew: 15696K->15696K(18432K), 0.0000100 secs]188.442: [Tenured: 25794K->25082K(40960K), 0.0097970 secs] 41491K->25082K(59392K), [Perm : 6107K->6107K(21248K)], 0.0098560 secs] [Times: user=0.01 sys=0.00, real=0.01 secs] 
188.452: Total time for which application threads were stopped: 0.0100330 seconds, Stopping threads took: 0.0001080 seconds
188.509: Application time: 0.0577310 seconds
188.510: [GC188.510: [DefNew: 15690K->1425K(18432K), 0.0037910 secs] 40773K->37908K(59392K), 0.0038310 secs] [Times: user=0.00 sys=0.00, real=0.01 secs] 
188.514: Total time for which application threads were stopped: 0.0040730 seconds, Stopping threads took: 0.0001610 seconds
188.540: Application time: 0.0259670 seconds
188.540: [GC188.540: [DefNew: 17113K->17113K(18432K), 0.0000090 secs]188.540: [Tenured: 36483K->26508K(40960K), 0.0101340 secs] 53597K->26508K(59392K), [Perm : 6107K->6107K(21248K)], 0.0101930 secs] [Times: user=0.01 sys=0.00, real=0.01 secs] 
188.550: Total time for which application threads were stopped: 0.0103740 seconds, Stopping threads took: 0.0001130 seconds
188.616: Application time: 0.0663660 seconds
188.616: [GC188.616: [DefNew: 15688K->15688K(18432K), 0.0000110 secs]188.616: [Tenured: 26508K->24369K(40960K), 0.0109400 secs] 42196K->24369K(59392K), [Perm : 6107K->6107K(21248K)], 0.0110020 secs] [Times: user=0.01 sys=0.00, real=0.01 secs] 
188.627: Total time for which application threads were stopped: 0.0112240 seconds, Stopping threads took: 0.0001400 seconds
188.692: Application time: 0.0647780 seconds
188.692: [GC188.692: [DefNew: 15690K->1425K(18432K), 0.0039970 secs] 40060K->37195K(59392K), 0.0040370 secs] [Times: user=0.01 sys=0.00, real=0.01 secs] 
188.697: Total time for which application threads were stopped: 0.0042480 seconds, Stopping threads took: 0.0001430 seconds
188.735: Application time: 0.0386010 seconds
188.735: [GC188.735: [DefNew: 17130K->17130K(18432K), 0.0000090 secs]188.735: [Tenured: 35770K->25084K(40960K), 0.0097940 secs] 52901K->25084K(59392K), [Perm : 6107K->6107K(21248K)], 0.0098520 secs] [Times: user=0.01 sys=0.00, real=0.00 secs] 
188.745: Total time for which application threads were stopped: 0.0101450 seconds, Stopping threads took: 0.0002050 seconds
188.793: Application time: 0.0475020 seconds
188.793: [GC188.793: [DefNew: 15688K->1425K(18432K), 0.0034500 secs] 40773K->37198K(59392K), 0.0034920 secs] [Times: user=0.00 sys=0.00, real=0.01 secs] 
188.796: Total time for which application threads were stopped: 0.0036620 seconds, Stopping threads took: 0.0001050 seconds
188.859: Application time: 0.0630410 seconds
188.860: [GC188.860: [DefNew: 17113K->17113K(18432K), 0.0000100 secs]188.860: [Tenured: 35773K->26509K(40960K), 0.0095020 secs] 52887K->26509K(59392K), [Perm : 6107K->6107K(21248K)], 0.0095590 secs] [Times: user=0.01 sys=0.00, real=0.01 secs] 
188.869: Total time for which application threads were stopped: 0.0097000 seconds, Stopping threads took: 0.0000700 seconds
188.930: Application time: 0.0611210 seconds
188.931: [GC188.931: [DefNew: 15688K->15688K(18432K), 0.0000130 secs]188.931: [Tenured: 26509K->25797K(40960K), 0.0099010 secs] 42198K->25797K(59392K), [Perm : 6107K->6107K(21248K)], 0.0099700 secs] [Times: user=0.01 sys=0.00, real=0.01 secs] 
188.941: Total time for which application threads were stopped: 0.0102180 seconds, Stopping threads took: 0.0001600 seconds
188.965: Application time: 0.0245140 seconds
188.965: [GC188.965: [DefNew: 15695K->15695K(18432K), 0.0000090 secs]188.965: [Tenured: 25797K->25083K(40960K), 0.0104150 secs] 41492K->25083K(59392K), [Perm : 6107K->6107K(21248K)], 0.0104760 secs] [Times: user=0.01 sys=0.00, real=0.02 secs] 
188.976: Total time for which application threads were stopped: 0.0106450 seconds, Stopping threads took: 0.0000880 seconds
189.045: Application time: 0.0697390 seconds
189.046: [GC189.046: [DefNew: 15705K->1426K(18432K), 0.0035700 secs] 40789K->37198K(59392K), 0.0036100 secs] [Times: user=0.00 sys=0.00, real=0.00 secs] 
189.049: Total time for which application threads were stopped: 0.0038730 seconds, Stopping threads took: 0.0001870 seconds
189.106: Application time: 0.0571090 seconds
189.107: [GC189.107: [DefNew: 17115K->17115K(18432K), 0.0000100 secs]189.107: [Tenured: 35771K->26509K(40960K), 0.0102110 secs] 52887K->26509K(59392K), [Perm : 6107K->6107K(21248K)], 0.0102710 secs] [Times: user=0.01 sys=0.00, real=0.01 secs] 
189.117: Total time for which application threads were stopped: 0.0104310 seconds, Stopping threads took: 0.0000800 seconds
189.153: Application time: 0.0358440 seconds
189.153: [GC189.153: [DefNew: 15697K->15697K(18432K), 0.0000100 secs]189.153: [Tenured: 26509K->27936K(40960K), 0.0097890 secs] 42207K->27936K(59392K), [Perm : 6107K->6107K(21248K)], 0.0098470 secs] [Times: user=0.01 sys=0.00, real=0.01 secs] 
189.163: Total time for which application threads were stopped: 0.0099800 seconds, Stopping threads took: 0.0000610 seconds
189.221: Application time: 0.0587170 seconds
189.222: [GC189.222: [DefNew: 15697K->15697K(18432K), 0.0000100 secs]189.222: [Tenured: 27936K->28649K(40960K), 0.0092390 secs] 43633K->28649K(59392K), [Perm : 6107K->6107K(21248K)], 0.0092970 secs] [Times: user=0.01 sys=0.00, real=0.01 secs] 
189.231: Total time for which application threads were stopped: 0.0094890 seconds, Stopping threads took: 0.0001120 seconds
189.293: Application time: 0.0625140 seconds
189.294: [GC189.294: [DefNew: 15688K->15688K(18432K), 0.0000100 secs]189.294: [Tenured: 28649K->27933K(40960K), 0.0111700 secs] 44338K->27933K(59392K), [Perm : 6107K->6107K(21248K)], 0.0112270 secs] [Times: user=0.01 sys=0.00, real=0.00 secs] 
189.305: Total time for which application threads were stopped: 0.0114290 seconds, Stopping threads took: 0.0001130 seconds
189.334: Application time: 0.0295370 seconds
189.335: [GC189.335: [DefNew: 15688K->15688K(18432K), 0.0000110 secs]189.335: [Tenured: 27933K->28646K(40960K), 0.0107360 secs] 43622K->28646K(59392K), [Perm : 6107K->6107K(21248K)], 0.0108050 secs] [Times: user=0.01 sys=0.00, real=0.01 secs] 
189.345: Total time for which application threads were stopped: 0.0110990 seconds, Stopping threads took: 0.0002050 seconds
189.403: Application time: 0.0578580 seconds
189.404: [GC189.404: [DefNew: 15697K->15697K(18432K), 0.0000100 secs]189.404: [Tenured: 28646K->27934K(40960K), 0.0097180 secs] 44343K->27934K(59392K), [Perm : 6107K->6107K(21248K)], 0.0097760 secs] [Times: user=0.01 sys=0.00, real=0.01 secs] 
189.413: Total time for which application threads were stopped: 0.0100050 seconds, Stopping threads took: 0.0001620 seconds
189.470: Application time: 0.0565850 seconds
189.470: [GC189.470: [DefNew: 15688K->15688K(18432K), 0.0000110 secs]189.470: [Tenured: 27934K->29359K(40960K), 0.0101410 secs] 43623K->29359K(59392K), [Perm : 6107K->6107K(21248K)], 0.0102020 secs] [Times: user=0.01 sys=0.00, real=0.01 secs] 
189.480: Total time for which application threads were stopped: 0.0103450 seconds, Stopping threads took: 0.0000720 seconds
189.518: Application time: 0.0381950 seconds
189.519: [GC189.519: [DefNew: 15688K->15688K(18432K), 0.0000100 secs]189.519: [Tenured: 29359K->28645K(40960K), 0.0108760 secs] 45048K->28645K(59392K), [Perm : 6107K->6107K(21248K)], 0.0109340 secs] [Times: user=0.01 sys=0.00, real=0.01 secs] 
189.530: Total time for which application threads were stopped: 0.0110660 seconds, Stopping threads took: 0.0000630 seconds
189.590: Application time: 0.0601390 seconds
189.590: [GC189.590: [DefNew: 15688K->15688K(18432K), 0.0000100 secs]189.590: [Tenured: 28645K->29358K(40960K), 0.0099420 secs] 44334K->29358K(59392K), [Perm : 6107K->6107K(21248K)], 0.0100020 secs] [Times: user=0.01 sys=0.00, real=0.01 secs] 
189.600: Total time for which application threads were stopped: 0.0101690 seconds, Stopping threads took: 0.0000740 seconds
189.664: Application time: 0.0642290 seconds
189.664: [GC189.664: [DefNew: 15688K->15688K(18432K), 0.0000100 secs]189.664: [Tenured: 29358K->28645K(40960K), 0.0096270 secs] 45046K->28645K(59392K), [Perm : 6107K->6107K(21248K)], 0.0096850 secs] [Times: user=0.01 sys=0.00, real=0.02 secs] 
189.674: Total time for which application threads were stopped: 0.0098110 seconds, Stopping threads took: 0.0000570 seconds
189.711: Application time: 0.0367360 seconds
189.711: [GC189.711: [DefNew: 15688K->15688K(18432K), 0.0000100 secs]189.711: [Tenured: 28645K->29358K(40960K), 0.0099760 secs] 44334K->29358K(59392K), [Perm : 6107K->6107K(21248K)], 0.0100370 secs] [Times: user=0.01 sys=0.00, real=0.01 secs] 
189.721: Total time for which application threads were stopped: 0.0101720 seconds, Stopping threads took: 0.0000620 seconds
189.759: Application time: 0.0384560 seconds
189.759: [GC189.759: [DefNew: 15716K->15716K(18432K), 0.0000130 secs]189.759: [Tenured: 29358K->27932K(40960K), 0.0124440 secs] 45074K->27932K(59392K), [Perm : 6107K->6107K(21248K)], 0.0125090 secs] [Times: user=0.01 sys=0.00, real=0.01 secs] 
189.772: Total time for which application threads were stopped: 0.0127280 seconds, Stopping threads took: 0.0001260 seconds
189.780: Application time: 0.0075400 seconds
189.780: [GC189.780: [DefNew: 15679K->15679K(18432K), 0.0000100 secs]189.780: [Tenured: 27932K->27932K(40960K), 0.0090300 secs] 43612K->27932K(59392K), [Perm : 6107K->6107K(21248K)], 0.0090920 secs] [Times: user=0.01 sys=0.00, real=0.01 secs] 
189.789: Total time for which application threads were stopped: 0.0093350 seconds, Stopping threads took: 0.0001590 seconds
189.794: Application time: 0.0056380 seconds
189.795: [GC189.795: [DefNew: 15685K->15685K(18432K), 0.0000100 secs]189.795: [Tenured: 27932K->28645K(40960K), 0.0089870 secs] 43618K->28645K(59392K), [Perm : 6107K->6107K(21248K)], 0.0090450 secs] [Times: user=0.01 sys=0.00, real=0.00 secs] 
189.804: Total time for which application threads were stopped: 0.0091890 seconds, Stopping threads took: 0.0000720 seconds
189.808: Application time: 0.0039070 seconds
189.808: [GC189.808: [DefNew: 15677K->15677K(18432K), 0.0000090 secs]189.808: [Tenured: 28645K->30070K(40960K), 0.0061080 secs] 44322K->30070K(59392K), [Perm : 6107K->6107K(21248K)], 0.0061660 secs] [Times: user=0.00 sys=0.00, real=0.01 secs] 
189.814: Total time for which application threads were stopped: 0.0063120 seconds, Stopping threads took: 0.0000750 seconds
189.820: Application time: 0.0060780 seconds
189.820: [GC189.820: [DefNew: 15698K->15698K(18432K), 0.0000100 secs]189.820: [Tenured: 30070K->27932K(40960K), 0.0098600 secs] 45769K->27932K(59392K), [Perm : 6107K->6107K(21248K)], 0.0099170 secs] [Times: user=0.01 sys=0.00, real=0.01 secs] 
189.830: Total time for which application threads were stopped: 0.0101110 seconds, Stopping threads took: 0.0001160 seconds
189.838: Application time: 0.0074480 seconds
189.838: [GC189.838: [DefNew: 15679K->15679K(18432K), 0.0000090 secs]189.838: [Tenured: 27932K->28645K(40960K), 0.0059910 secs] 43611K->28645K(59392K), [Perm : 6107K->6107K(21248K)], 0.0060490 secs] [Times: user=0.01 sys=0.00, real=0.00 secs] 
189.844: Total time for which application threads were stopped: 0.0061910 seconds, Stopping threads took: 0.0000730 seconds
189.850: Application time: 0.0060370 seconds
189.850: [GC189.850: [DefNew: 15687K->15687K(18432K), 0.0000110 secs]189.850: [Tenured: 28645K->30071K(40960K), 0.0066680 secs] 44332K->30071K(59392K), [Perm : 6107K->6107K(21248K)], 0.0067200 secs] [Times: user=0.00 sys=0.00, real=0.01 secs] 
189.857: Total time for which application threads were stopped: 0.0068580 seconds, Stopping threads took: 0.0000700 seconds
189.860: Application time: 0.0036820 seconds
189.861: [GC189.861: [DefNew: 15680K->15680K(18432K), 0.0000100 secs]189.861: [Tenured: 30071K->30071K(40960K), 0.0066220 secs] 45751K->30071K(59392K), [Perm : 6107K->6107K(21248K)], 0.0066880 secs] [Times: user=0.01 sys=0.00, real=0.01 secs] 
189.867: Total time for which application threads were stopped: 0.0068900 seconds, Stopping threads took: 0.0001140 seconds
189.871: Application time: 0.0037250 seconds
189.871: [GC189.871: [DefNew: 15682K->15682K(18432K), 0.0000090 secs]189.871: [Tenured: 30071K->25795K(40960K), 0.0085170 secs] 45754K->25795K(59392K), [Perm : 6107K->6107K(21248K)], 0.0085750 secs] [Times: user=0.01 sys=0.00, real=0.01 secs] 
189.880: Total time for which application threads were stopped: 0.0091040 seconds, Stopping threads took: 0.0004590 seconds
189.921: Application time: 0.0406470 seconds
189.921: [GC189.921: [DefNew: 15696K->15696K(18432K), 0.0000110 secs]189.921: [Tenured: 25795K->27932K(40960K), 0.0107100 secs] 41492K->27932K(59392K), [Perm : 6107K->6107K(21248K)], 0.0107720 secs] [Times: user=0.02 sys=0.00, real=0.01 secs] 
189.932: Total time for which application threads were stopped: 0.0109380 seconds, Stopping threads took: 0.0000950 seconds
189.991: Application time: 0.0589310 seconds
189.991: [GC189.991: [DefNew: 15688K->15688K(18432K), 0.0000100 secs]189.991: [Tenured: 27932K->28645K(40960K), 0.0099020 secs] 43620K->28645K(59392K), [Perm : 6107K->6107K(21248K)], 0.0099620 secs] [Times: user=0.01 sys=0.00, real=0.01 secs] 
190.001: Total time for which application threads were stopped: 0.0102460 seconds, Stopping threads took: 0.0002030 seconds
190.052: Application time: 0.0511580 seconds
190.052: [GC190.052: [DefNew: 15690K->15690K(18432K), 0.0000110 secs]190.052: [Tenured: 28645K->28645K(40960K), 0.0104870 secs] 44335K->28645K(59392K), [Perm : 6107K->6107K(21248K)], 0.0105480 secs] [Times: user=0.02 sys=0.00, real=0.01 secs] 
190.063: Total time for which application threads were stopped: 0.0108410 seconds, Stopping threads took: 0.0002220 seconds
190.099: Application time: 0.0364610 seconds
190.099: [GC190.099: [DefNew: 15718K->15718K(18432K), 0.0000100 secs]190.099: [Tenured: 28645K->26507K(40960K), 0.0122960 secs] 44363K->26507K(59392K), [Perm : 6107K->6107K(21248K)], 0.0123570 secs] [Times: user=0.02 sys=0.00, real=0.01 secs] 
190.112: Total time for which application threads were stopped: 0.0125450 seconds, Stopping threads took: 0.0000890 seconds
190.118: Application time: 0.0059830 seconds
190.118: [GC190.118: [DefNew: 15681K->15681K(18432K), 0.0000090 secs]190.118: [Tenured: 26507K->27932K(40960K), 0.0088930 secs] 42189K->27932K(59392K), [Perm : 6107K->6107K(21248K)], 0.0089530 secs] [Times: user=0.01 sys=0.00, real=0.01 secs] 
190.127: Total time for which application threads were stopped: 0.0090990 seconds, Stopping threads took: 0.0000750 seconds
190.134: Application time: 0.0070870 seconds
190.134: [GC190.134: [DefNew: 15683K->15683K(18432K), 0.0000100 secs]190.134: [Tenured: 27932K->30070K(40960K), 0.0061990 secs] 43615K->30070K(59392K), [Perm : 6107K->6107K(21248K)], 0.0062570 secs] [Times: user=0.01 sys=0.00, real=0.00 secs] 
190.140: Total time for which application threads were stopped: 0.0064010 seconds, Stopping threads took: 0.0000750 seconds
190.144: Application time: 0.0040220 seconds
190.145: [GC190.145: [DefNew: 15677K->15677K(18432K), 0.0000090 secs]190.145: [Tenured: 30070K->29358K(40960K), 0.0059690 secs] 45748K->29358K(59392K), [Perm : 6107K->6107K(21248K)], 0.0060240 secs] [Times: user=0.00 sys=0.00, real=0.01 secs] 
190.151: Total time for which application threads were stopped: 0.0061730 seconds, Stopping threads took: 0.0000810 seconds
190.159: Application time: 0.0081090 seconds
190.159: [GC190.159: [DefNew: 15686K->15686K(18432K), 0.0000100 secs]190.159: [Tenured: 29358K->27932K(40960K), 0.0074280 secs] 45044K->27932K(59392K), [Perm : 6107K->6107K(21248K)], 0.0074880 secs] [Times: user=0.01 sys=0.00, real=0.01 secs] 
190.166: Total time for which application threads were stopped: 0.0076660 seconds, Stopping threads took: 0.0001080 seconds
190.172: Application time: 0.0055660 seconds
190.172: [GC190.172: [DefNew: 15681K->15681K(18432K), 0.0000110 secs]190.172: [Tenured: 27932K->27932K(40960K), 0.0087290 secs] 43613K->27932K(59392K), [Perm : 6107K->6107K(21248K)], 0.0087990 secs] [Times: user=0.01 sys=0.00, real=0.01 secs] 
190.181: Total time for which application threads were stopped: 0.0089620 seconds, Stopping threads took: 0.0000910 seconds
190.187: Application time: 0.0062840 seconds
190.187: [GC190.187: [DefNew: 15690K->15690K(18432K), 0.0000110 secs]190.187: [Tenured: 27932K->25795K(40960K), 0.0100020 secs] 43623K->25795K(59392K), [Perm : 6107K->6107K(21248K)], 0.0100850 secs] [Times: user=0.01 sys=0.00, real=0.01 secs] 
190.197: Total time for which application threads were stopped: 0.0102550 seconds, Stopping threads took: 0.0000990 seconds
190.201: Application time: 0.0036980 seconds
190.201: [GC190.201: [DefNew: 15683K->15683K(18432K), 0.0000100 secs]190.202: [Tenured: 25795K->30070K(40960K), 0.0068620 secs] 41479K->30070K(59392K), [Perm : 6107K->6107K(21248K)], 0.0069200 secs] [Times: user=0.00 sys=0.00, real=0.01 secs] 
190.208: Total time for which application threads were stopped: 0.0072460 seconds, Stopping threads took: 0.0002260 seconds
190.213: Application time: 0.0042520 seconds
190.213: [GC190.213: [DefNew: 15678K->15678K(18432K), 0.0000100 secs]190.213: [Tenured: 30070K->28645K(40960K), 0.0071770 secs] 45749K->28645K(59392K), [Perm : 6107K->6107K(21248K)], 0.0072340 secs] [Times: user=0.01 sys=0.00, real=0.01 secs] 
190.220: Total time for which application threads were stopped: 0.0074610 seconds, Stopping threads took: 0.0001490 seconds
190.251: Application time: 0.0306050 seconds
190.251: [GC190.251: [DefNew: 15694K->15694K(18432K), 0.0000090 secs]190.251: [Tenured: 28645K->27219K(40960K), 0.0097230 secs] 44339K->27219K(59392K), [Perm : 6107K->6107K(21248K)], 0.0097800 secs] [Times: user=0.01 sys=0.00, real=0.01 secs] 
190.261: Total time for which application threads were stopped: 0.0099180 seconds, Stopping threads took: 0.0000690 seconds
190.308: Application time: 0.0477340 seconds
190.309: [GC190.309: [DefNew: 15720K->15720K(18432K), 0.0000100 secs]190.309: [Tenured: 27219K->28674K(40960K), 0.0095410 secs] 42940K->28674K(59392K), [Perm : 6107K->6107K(21248K)], 0.0096000 secs] [Times: user=0.01 sys=0.00, real=0.01 secs] 
190.318: Total time for which application threads were stopped: 0.0097450 seconds, Stopping threads took: 0.0000750 seconds
190.326: Application time: 0.0080450 seconds
190.326: [GC190.326: [DefNew: 15905K->15905K(18432K), 0.0000100 secs]190.326: [Tenured: 28674K->25141K(40960K), 0.0092400 secs] 44579K->25141K(59392K), [Perm : 6107K->6107K(21248K)], 0.0092980 secs] [Times: user=0.00 sys=0.00, real=0.01 secs] 
190.336: Total time for which application threads were stopped: 0.0095180 seconds, Stopping threads took: 0.0001400 seconds
190.342: Application time: 0.0062160 seconds
190.342: [GC190.342: [DefNew: 16056K->16056K(18432K), 0.0000100 secs]190.342: [Tenured: 25141K->24376K(40960K), 0.0097130 secs] 41198K->24376K(59392K), [Perm : 6107K->6107K(21248K)], 0.0097710 secs] [Times: user=0.01 sys=0.00, real=0.01 secs] 
190.352: Total time for which application threads were stopped: 0.0099210 seconds, Stopping threads took: 0.0000780 seconds
190.357: Application time: 0.0047860 seconds
190.357: [GC190.357: [DefNew: 16284K->1462K(18432K), 0.0008120 secs] 40660K->26551K(59392K), 0.0008420 secs] [Times: user=0.00 sys=0.00, real=0.00 secs] 
190.358: Total time for which application threads were stopped: 0.0010030 seconds, Stopping threads took: 0.0001010 seconds
190.363: Application time: 0.0052760 seconds
190.363: [GC190.363: [DefNew: 17328K->17328K(18432K), 0.0000100 secs]190.363: [Tenured: 25088K->23693K(40960K), 0.0084550 secs] 42417K->23693K(59392K), [Perm : 6107K->6107K(21248K)], 0.0085140 secs] [Times: user=0.00 sys=0.00, real=0.01 secs] 
190.372: Total time for which application threads were stopped: 0.0087090 seconds, Stopping threads took: 0.0001230 seconds
190.376: Application time: 0.0044790 seconds
190.376: [GC190.376: [DefNew: 15947K->1459K(18432K), 0.0015880 secs] 39641K->28715K(59392K), 0.0016200 secs] [Times: user=0.00 sys=0.00, real=0.00 secs] 
190.378: Total time for which application threads were stopped: 0.0018290 seconds, Stopping threads took: 0.0001240 seconds
190.382: Application time: 0.0041870 seconds
190.383: [GC190.383: [DefNew: 17484K->17484K(18432K), 0.0000090 secs]190.383: [Tenured: 27256K->21583K(40960K), 0.0098470 secs] 44740K->21583K(59392K), [Perm : 6107K->6107K(21248K)], 0.0099050 secs] [Times: user=0.01 sys=0.00, real=0.01 secs] 
190.393: Total time for which application threads were stopped: 0.0106840 seconds, Stopping threads took: 0.0006900 seconds
190.397: Application time: 0.0043670 seconds
190.398: [GC190.398: [DefNew: 15808K->1433K(18432K), 0.0009400 secs] 37392K->24441K(59392K), 0.0009720 secs] [Times: user=0.00 sys=0.00, real=0.00 secs] 
190.399: Total time for which application threads were stopped: 0.0019450 seconds, Stopping threads took: 0.0008930 seconds
190.403: Application time: 0.0040200 seconds
190.404: [GC190.404: [DefNew: 17241K->1426K(18432K), 0.0011400 secs] 40249K->26571K(59392K), 0.0011740 secs] [Times: user=0.01 sys=0.00, real=0.00 secs] 
190.405: Total time for which application threads were stopped: 0.0018030 seconds, Stopping threads took: 0.0005460 seconds
190.409: Application time: 0.0039930 seconds
190.410: [GC190.410: [DefNew: 17116K->1426K(18432K), 0.0013740 secs] 42262K->29423K(59392K), 0.0014070 secs] [Times: user=0.00 sys=0.00, real=0.00 secs] 
190.411: Total time for which application threads were stopped: 0.0022540 seconds, Stopping threads took: 0.0007680 seconds
190.415: Application time: 0.0036800 seconds
190.415: [GC190.415: [DefNew: 17116K->17116K(18432K), 0.0000100 secs]190.415: [Tenured: 27996K->26566K(40960K), 0.0081010 secs] 45113K->26566K(59392K), [Perm : 6107K->6107K(21248K)], 0.0081600 secs] [Times: user=0.01 sys=0.00, real=0.00 secs] 
190.423: Total time for which application threads were stopped: 0.0084680 seconds, Stopping threads took: 0.0002170 seconds
190.428: Application time: 0.0042670 seconds
190.428: [GC190.428: [DefNew: 15684K->1425K(18432K), 0.0009180 secs] 42250K->29416K(59392K), 0.0009510 secs] [Times: user=0.00 sys=0.00, real=0.00 secs] 
190.429: Total time for which application threads were stopped: 0.0015490 seconds, Stopping threads took: 0.0005180 seconds
190.433: Application time: 0.0038270 seconds
190.434: [GC190.434: [DefNew: 17117K->1426K(18432K), 0.0015410 secs] 45108K->32979K(59392K), 0.0015790 secs] [Times: user=0.00 sys=0.00, real=0.00 secs] 
190.436: Total time for which application threads were stopped: 0.0028920 seconds, Stopping threads took: 0.0012280 seconds
190.440: Application time: 0.0039060 seconds
190.440: [GC190.440: [DefNew: 17112K->17112K(18432K), 0.0000100 secs]190.440: [Tenured: 31553K->24369K(40960K), 0.0109090 secs] 48665K->24369K(59392K), [Perm : 6107K->6107K(21248K)], 0.0109670 secs] [Times: user=0.01 sys=0.00, real=0.01 secs] 
190.451: Total time for which application threads were stopped: 0.0114360 seconds, Stopping threads took: 0.0003990 seconds
190.456: Application time: 0.0042440 seconds
190.457: [GC190.457: [DefNew: 15686K->1425K(18432K), 0.0016170 secs] 40055K->29357K(59392K), 0.0016550 secs] [Times: user=0.00 sys=0.00, real=0.00 secs] 
190.458: Total time for which application threads were stopped: 0.0026860 seconds, Stopping threads took: 0.0009690 seconds
190.462: Application time: 0.0036890 seconds
190.463: [GC190.463: [DefNew: 17115K->1426K(18432K), 0.0014190 secs] 45047K->32208K(59392K), 0.0014540 secs] [Times: user=0.00 sys=0.00, real=0.00 secs] 
190.465: Total time for which application threads were stopped: 0.0027850 seconds, Stopping threads took: 0.0012480 seconds
190.468: Application time: 0.0037480 seconds
190.469: [GC190.469: [DefNew: 17116K->17116K(18432K), 0.0000090 secs]190.469: [Tenured: 30782K->22944K(40960K), 0.0089910 secs] 47898K->22944K(59392K), [Perm : 6107K->6107K(21248K)], 0.0090480 secs] [Times: user=0.01 sys=0.00, real=0.01 secs] 
190.478: Total time for which application threads were stopped: 0.0096320 seconds, Stopping threads took: 0.0005160 seconds
190.482: Application time: 0.0037410 seconds
190.482: [GC190.482: [DefNew: 15683K->1425K(18432K), 0.0009140 secs] 38628K->25794K(59392K), 0.0009530 secs] [Times: user=0.00 sys=0.00, real=0.00 secs] 
190.483: Total time for which application threads were stopped: 0.0013920 seconds, Stopping threads took: 0.0003810 seconds
190.487: Application time: 0.0041490 seconds
190.488: [GC190.488: [DefNew: 17108K->1425K(18432K), 0.0007630 secs] 41478K->27219K(59392K), 0.0007930 secs] [Times: user=0.00 sys=0.00, real=0.00 secs] 
190.489: Total time for which application threads were stopped: 0.0015500 seconds, Stopping threads took: 0.0007000 seconds
190.493: Application time: 0.0036200 seconds
190.493: [GC190.493: [DefNew: 17124K->1427K(18432K), 0.0018030 secs] 42918K->31497K(59392K), 0.0018400 secs] [Times: user=0.00 sys=0.00, real=0.01 secs] 
190.495: Total time for which application threads were stopped: 0.0023800 seconds, Stopping threads took: 0.0004660 seconds
190.499: Application time: 0.0035660 seconds
190.499: [GC190.499: [DefNew: 17111K->1425K(18432K), 0.0011930 secs] 47181K->33634K(59392K), 0.0012260 secs] [Times: user=0.00 sys=0.00, real=0.00 secs] 
190.501: Total time for which application threads were stopped: 0.0021640 seconds, Stopping threads took: 0.0008740 seconds
190.504: Application time: 0.0034780 seconds
190.505: [GC190.505: [DefNew: 17107K->17107K(18432K), 0.0000090 secs]190.505: [Tenured: 32209K->25794K(40960K), 0.0094450 secs] 49317K->25794K(59392K), [Perm : 6107K->6107K(21248K)], 0.0095030 secs] [Times: user=0.01 sys=0.00, real=0.02 secs] 
190.514: Total time for which application threads were stopped: 0.0098660 seconds, Stopping threads took: 0.0002920 seconds
190.518: Application time: 0.0040360 seconds
190.519: [GC190.519: [DefNew: 15689K->1426K(18432K), 0.0009600 secs] 41484K->28645K(59392K), 0.0009910 secs] [Times: user=0.00 sys=0.00, real=0.00 secs] 
190.520: Total time for which application threads were stopped: 0.0020230 seconds, Stopping threads took: 0.0009710 seconds
190.524: Application time: 0.0034610 seconds
190.524: [GC190.525: [DefNew: 17118K->1426K(18432K), 0.0015620 secs] 44337K->32210K(59392K), 0.0015980 secs] [Times: user=0.00 sys=0.00, real=0.01 secs] 
190.526: Total time for which application threads were stopped: 0.0025470 seconds, Stopping threads took: 0.0008830 seconds
190.530: Application time: 0.0035840 seconds
190.530: [GC190.530: [DefNew: 17111K->1425K(18432K), 0.0014350 secs] 47895K->35060K(59392K), 0.0014690 secs] [Times: user=0.00 sys=0.00, real=0.00 secs] 
190.532: Total time for which application threads were stopped: 0.0019090 seconds, Stopping threads took: 0.0003580 seconds
190.535: Application time: 0.0031770 seconds
190.535: [GC190.535: [DefNew: 17109K->17109K(18432K), 0.0000100 secs]190.535: [Tenured: 33635K->25083K(40960K), 0.0099960 secs] 50744K->25083K(59392K), [Perm : 6107K->6107K(21248K)], 0.0100570 secs] [Times: user=0.01 sys=0.00, real=0.00 secs] 
190.545: Total time for which application threads were stopped: 0.0104040 seconds, Stopping threads took: 0.0002560 seconds
190.549: Application time: 0.0037700 seconds
190.549: [GC190.549: [DefNew: 15689K->1426K(18432K), 0.0009430 secs] 40772K->27934K(59392K), 0.0009740 secs] [Times: user=0.00 sys=0.00, real=0.00 secs] 
190.550: Total time for which application threads were stopped: 0.0014070 seconds, Stopping threads took: 0.0003620 seconds
190.554: Application time: 0.0034160 seconds
190.554: [GC190.554: [DefNew: 17109K->1425K(18432K), 0.0010760 secs] 43618K->30072K(59392K), 0.0011050 secs] [Times: user=0.00 sys=0.00, real=0.00 secs] 
190.555: Total time for which application threads were stopped: 0.0012830 seconds, Stopping threads took: 0.0001180 seconds
190.559: Application time: 0.0037400 seconds
190.559: [GC190.559: [DefNew: 17108K->1425K(18432K), 0.0009130 secs] 45755K->31497K(59392K), 0.0009430 secs] [Times: user=0.00 sys=0.00, real=0.00 secs] 
190.560: Total time for which application threads were stopped: 0.0012190 seconds, Stopping threads took: 0.0001990 seconds
190.564: Application time: 0.0035950 seconds
190.564: [GC190.564: [DefNew: 17117K->1426K(18432K), 0.0014150 secs] 47189K->34348K(59392K), 0.0014500 secs] [Times: user=0.00 sys=0.00, real=0.01 secs] 
190.566: Total time for which application threads were stopped: 0.0019420 seconds, Stopping threads took: 0.0004260 seconds
190.569: Application time: 0.0032380 seconds
190.569: [GC190.569: [DefNew: 17114K->1426K(18432K), 0.0010220 secs] 50036K->35774K(59392K), 0.0010520 secs] [Times: user=0.01 sys=0.00, real=0.00 secs] 
190.570: Total time for which application threads were stopped: 0.0011820 seconds, Stopping threads took: 0.0000700 seconds
190.574: Application time: 0.0037870 seconds
190.574: [GC190.574: [DefNew: 17109K->1425K(18432K), 0.0011990 secs] 51457K->37912K(59392K), 0.0012300 secs] [Times: user=0.01 sys=0.00, real=0.00 secs] 
190.575: Total time for which application threads were stopped: 0.0013620 seconds, Stopping threads took: 0.0000710 seconds
190.579: Application time: 0.0036430 seconds
190.579: [GC190.579: [DefNew: 17113K->17113K(18432K), 0.0000090 secs]190.579: [Tenured: 36486K->23657K(40960K), 0.0092670 secs] 53600K->23657K(59392K), [Perm : 6107K->6107K(21248K)], 0.0093250 secs] [Times: user=0.01 sys=0.00, real=0.01 secs] 
190.588: Total time for which application threads were stopped: 0.0094960 seconds, Stopping threads took: 0.0000910 seconds
190.650: Application time: 0.0621690 seconds
190.651: [GC190.651: [DefNew: 15696K->1426K(18432K), 0.0031440 secs] 39353K->34346K(59392K), 0.0031840 secs] [Times: user=0.00 sys=0.00, real=0.01 secs] 
190.654: Total time for which application threads were stopped: 0.0033210 seconds, Stopping threads took: 0.0000580 seconds
190.679: Application time: 0.0256750 seconds
190.680: [GC190.680: [DefNew (promotion failed) : 17146K->17174K(18432K), 0.0027610 secs]190.682: [Tenured: 40758K->25823K(40960K), 0.0098880 secs] 50066K->25823K(59392K), [Perm : 6107K->6107K(21248K)], 0.0127110 secs] [Times: user=0.01 sys=0.00, real=0.01 secs] 
190.692: Total time for which application threads were stopped: 0.0128430 seconds, Stopping threads took: 0.0000630 seconds
190.699: Application time: 0.0070690 seconds
190.700: [GC190.700: [DefNew: 15679K->1425K(18432K), 0.0010800 secs] 41503K->29386K(59392K), 0.0011110 secs] [Times: user=0.00 sys=0.00, real=0.00 secs] 
190.701: Total time for which application threads were stopped: 0.0015240 seconds, Stopping threads took: 0.0003430 seconds
190.708: Application time: 0.0074000 seconds
190.708: [GC190.708: [DefNew: 17108K->1425K(18432K), 0.0005750 secs] 45069K->29387K(59392K), 0.0006020 secs] [Times: user=0.00 sys=0.00, real=0.00 secs] 
190.709: Total time for which application threads were stopped: 0.0007360 seconds, Stopping threads took: 0.0000740 seconds
190.713: Application time: 0.0040750 seconds
190.713: [GC190.713: [DefNew: 17103K->712K(18432K), 0.0006410 secs] 45064K->29387K(59392K), 0.0006670 secs] [Times: user=0.00 sys=0.00, real=0.01 secs] 
190.714: Total time for which application threads were stopped: 0.0008030 seconds, Stopping threads took: 0.0000780 seconds
190.722: Application time: 0.0081110 seconds
190.722: [GC190.722: [DefNew: 16398K->1426K(18432K), 0.0006320 secs] 45073K->30100K(59392K), 0.0006590 secs] [Times: user=0.00 sys=0.00, real=0.00 secs] 
190.723: Total time for which application threads were stopped: 0.0007820 seconds, Stopping threads took: 0.0000650 seconds
190.729: Application time: 0.0056860 seconds
190.729: [GC190.729: [DefNew: 17107K->1425K(18432K), 0.0014360 secs] 45781K->32951K(59392K), 0.0014710 secs] [Times: user=0.01 sys=0.00, real=0.00 secs] 
190.730: Total time for which application threads were stopped: 0.0016430 seconds, Stopping threads took: 0.0001070 seconds
190.737: Application time: 0.0063320 seconds
190.737: [GC190.737: [DefNew: 17112K->1426K(18432K), 0.0005550 secs] 48638K->32952K(59392K), 0.0005820 secs] [Times: user=0.00 sys=0.00, real=0.00 secs] 
190.737: Total time for which application threads were stopped: 0.0007280 seconds, Stopping threads took: 0.0000930 seconds
190.741: Application time: 0.0036910 seconds
190.741: [GC190.741: [DefNew: 17106K->1425K(18432K), 0.0007910 secs] 48631K->33664K(59392K), 0.0008270 secs] [Times: user=0.00 sys=0.00, real=0.00 secs] 
190.742: Total time for which application threads were stopped: 0.0010170 seconds, Stopping threads took: 0.0001340 seconds
190.748: Application time: 0.0055840 seconds
190.748: [GC190.748: [DefNew: 17113K->1426K(18432K), 0.0006300 secs] 49352K->34378K(59392K), 0.0006550 secs] [Times: user=0.00 sys=0.00, real=0.00 secs] 
190.748: Total time for which application threads were stopped: 0.0009060 seconds, Stopping threads took: 0.0001980 seconds
190.820: Application time: 0.0718530 seconds
190.820: [GC190.820: [DefNew (promotion failed) : 17117K->17116K(18432K), 0.0028330 secs]190.823: [Tenured: 40790K->25823K(40960K), 0.0090660 secs] 50069K->25823K(59392K), [Perm : 6107K->6107K(21248K)], 0.0119590 secs] [Times: user=0.01 sys=0.00, real=0.01 secs] 
190.832: Total time for which application threads were stopped: 0.0120860 seconds, Stopping threads took: 0.0000600 seconds
190.890: Application time: 0.0572100 seconds
190.890: [GC190.890: [DefNew: 15691K->1425K(18432K), 0.0044680 secs] 41515K->41499K(59392K), 0.0045070 secs] [Times: user=0.00 sys=0.00, real=0.01 secs] 
190.894: Total time for which application threads were stopped: 0.0046380 seconds, Stopping threads took: 0.0000670 seconds
190.943: Application time: 0.0487520 seconds
190.943: [GC190.943: [DefNew: 17116K->17116K(18432K), 0.0000100 secs]190.943: [Tenured: 40074K->25823K(40960K), 0.0089910 secs] 57190K->25823K(59392K), [Perm : 6107K->6107K(21248K)], 0.0090510 secs] [Times: user=0.01 sys=0.00, real=0.01 secs] 
190.952: Total time for which application threads were stopped: 0.0092180 seconds, Stopping threads took: 0.0000980 seconds
191.023: Application time: 0.0702840 seconds
191.023: [GC191.023: [DefNew: 15691K->1425K(18432K), 0.0042890 secs] 41515K->40786K(59392K), 0.0043270 secs] [Times: user=0.01 sys=0.00, real=0.01 secs] 
191.027: Total time for which application threads were stopped: 0.0044540 seconds, Stopping threads took: 0.0000620 seconds
191.069: Application time: 0.0419720 seconds
191.069: [GC191.069: [DefNew: 17143K->17143K(18432K), 0.0000090 secs]191.069: [Tenured: 39361K->24369K(40960K), 0.0103440 secs] 56504K->24369K(59392K), [Perm : 6107K->6107K(21248K)], 0.0104030 secs] [Times: user=0.01 sys=0.00, real=0.01 secs] 
191.080: Total time for which application threads were stopped: 0.0105800 seconds, Stopping threads took: 0.0000950 seconds
191.088: Application time: 0.0089830 seconds
191.089: [GC191.089: [DefNew: 15677K->712K(18432K), 0.0003670 secs] 40046K->25081K(59392K), 0.0003930 secs] [Times: user=0.00 sys=0.00, real=0.00 secs] 
191.089: Total time for which application threads were stopped: 0.0005260 seconds, Stopping threads took: 0.0000760 seconds
191.094: Application time: 0.0048190 seconds
191.094: [GC191.094: [DefNew: 16404K->1426K(18432K), 0.0007500 secs] 40773K->26508K(59392K), 0.0007770 secs] [Times: user=0.01 sys=0.00, real=0.00 secs] 
191.095: Total time for which application threads were stopped: 0.0011410 seconds, Stopping threads took: 0.0003060 seconds
191.099: Application time: 0.0038410 seconds
191.099: [GC191.099: [DefNew: 17110K->1425K(18432K), 0.0012030 secs] 42192K->28645K(59392K), 0.0012340 secs] [Times: user=0.00 sys=0.00, real=0.00 secs] 
191.101: Total time for which application threads were stopped: 0.0018900 seconds, Stopping threads took: 0.0005760 seconds
191.107: Application time: 0.0060190 seconds
191.108: [GC191.108: [DefNew: 17117K->1426K(18432K), 0.0025650 secs] 44337K->35058K(59392K), 0.0026000 secs] [Times: user=0.00 sys=0.00, real=0.00 secs] 
191.110: Total time for which application threads were stopped: 0.0035050 seconds, Stopping threads took: 0.0008260 seconds
191.117: Application time: 0.0065190 seconds
191.117: [GC191.117: [DefNew: 17105K->17105K(18432K), 0.0000100 secs]191.117: [Tenured: 33632K->23657K(40960K), 0.0092970 secs] 50738K->23657K(59392K), [Perm : 6107K->6107K(21248K)], 0.0093530 secs] [Times: user=0.01 sys=0.00, real=0.01 secs] 
191.126: Total time for which application threads were stopped: 0.0095330 seconds, Stopping threads took: 0.0001000 seconds
191.132: Application time: 0.0055260 seconds
191.132: [GC191.132: [DefNew: 15688K->1425K(18432K), 0.0011540 secs] 39346K->27221K(59392K), 0.0011960 secs] [Times: user=0.00 sys=0.00, real=0.00 secs] 
191.133: Total time for which application threads were stopped: 0.0013340 seconds, Stopping threads took: 0.0000770 seconds
191.137: Application time: 0.0034940 seconds
191.137: [GC191.137: [DefNew: 17107K->1425K(18432K), 0.0017370 secs] 42903K->30784K(59392K), 0.0017730 secs] [Times: user=0.00 sys=0.00, real=0.00 secs] 
191.139: Total time for which application threads were stopped: 0.0019260 seconds, Stopping threads took: 0.0000900 seconds
191.142: Application time: 0.0036780 seconds
191.142: [GC191.142: [DefNew: 17103K->712K(18432K), 0.0009070 secs] 46462K->31496K(59392K), 0.0009360 secs] [Times: user=0.00 sys=0.00, real=0.00 secs] 
191.143: Total time for which application threads were stopped: 0.0011000 seconds, Stopping threads took: 0.0001050 seconds
191.217: Application time: 0.0733420 seconds
191.217: [GC191.217: [DefNew: 16412K->16412K(18432K), 0.0000100 secs]191.217: [Tenured: 30784K->23657K(40960K), 0.0090370 secs] 47196K->23657K(59392K), [Perm : 6107K->6107K(21248K)], 0.0090900 secs] [Times: user=0.01 sys=0.00, real=0.01 secs] 
191.226: Total time for which application threads were stopped: 0.0092360 seconds, Stopping threads took: 0.0000730 seconds
191.291: Application time: 0.0646770 seconds
191.291: [GC191.291: [DefNew: 15691K->1425K(18432K), 0.0044960 secs] 39349K->39332K(59392K), 0.0045370 secs] [Times: user=0.00 sys=0.00, real=0.01 secs] 
191.295: Total time for which application threads were stopped: 0.0047240 seconds, Stopping threads took: 0.0001090 seconds
191.369: Application time: 0.0741270 seconds
191.370: [GC191.370: [DefNew: 17120K->17120K(18432K), 0.0000100 secs]191.370: [Tenured: 37907K->25795K(40960K), 0.0090540 secs] 55028K->25795K(59392K), [Perm : 6107K->6107K(21248K)], 0.0091110 secs] [Times: user=0.01 sys=0.00, real=0.01 secs] 
191.379: Total time for which application threads were stopped: 0.0092480 seconds, Stopping threads took: 0.0000680 seconds
191.453: Application time: 0.0739250 seconds
191.453: [GC191.453: [DefNew: 15691K->1425K(18432K), 0.0042750 secs] 41487K->40758K(59392K), 0.0043130 secs] [Times: user=0.00 sys=0.00, real=0.01 secs] 
191.457: Total time for which application threads were stopped: 0.0044500 seconds, Stopping threads took: 0.0000700 seconds
191.512: Application time: 0.0553180 seconds
191.513: [GC191.513: [DefNew: 17116K->17116K(18432K), 0.0000100 secs]191.513: [Tenured: 39333K->25081K(40960K), 0.0102790 secs] 56450K->25081K(59392K), [Perm : 6107K->6107K(21248K)], 0.0103380 secs] [Times: user=0.01 sys=0.00, real=0.01 secs] 
191.523: Total time for which application threads were stopped: 0.0104780 seconds, Stopping threads took: 0.0000710 seconds
191.590: Application time: 0.0669170 seconds
191.590: [GC191.590: [DefNew: 15704K->1426K(18432K), 0.0044310 secs] 40785K->40758K(59392K), 0.0044710 secs] [Times: user=0.00 sys=0.00, real=0.01 secs] 
191.594: Total time for which application threads were stopped: 0.0046110 seconds, Stopping threads took: 0.0000730 seconds
191.675: Application time: 0.0809230 seconds
191.676: [GC191.676: [DefNew: 17130K->17130K(18432K), 0.0000100 secs]191.676: [Tenured: 39332K->26510K(40960K), 0.0094070 secs] 56463K->26510K(59392K), [Perm : 6107K->6107K(21248K)], 0.0094650 secs] [Times: user=0.01 sys=0.00, real=0.00 secs] 
191.685: Total time for which application threads were stopped: 0.0096230 seconds, Stopping threads took: 0.0000800 seconds
191.745: Application time: 0.0601690 seconds
191.745: [GC191.745: [DefNew: 15697K->15697K(18432K), 0.0000100 secs]191.745: [Tenured: 26510K->28648K(40960K), 0.0093900 secs] 42208K->28648K(59392K), [Perm : 6107K->6107K(21248K)], 0.0094450 secs] [Times: user=0.01 sys=0.00, real=0.02 secs] 
191.755: Total time for which application threads were stopped: 0.0095800 seconds, Stopping threads took: 0.0000560 seconds
191.818: Application time: 0.0629890 seconds
191.818: [GC191.818: [DefNew: 15691K->15691K(18432K), 0.0000110 secs]191.818: [Tenured: 28648K->30073K(40960K), 0.0100810 secs] 44340K->30073K(59392K), [Perm : 6107K->6107K(21248K)], 0.0101490 secs] [Times: user=0.01 sys=0.00, real=0.01 secs] 
191.828: Total time for which application threads were stopped: 0.0102900 seconds, Stopping threads took: 0.0000720 seconds
191.905: Application time: 0.0770390 seconds
191.905: [GC191.905: [DefNew: 15689K->15689K(18432K), 0.0000100 secs]191.905: [Tenured: 30073K->28644K(40960K), 0.0106280 secs] 45763K->28644K(59392K), [Perm : 6107K->6107K(21248K)], 0.0106870 secs] [Times: user=0.01 sys=0.00, real=0.02 secs] 
191.916: Total time for which application threads were stopped: 0.0108290 seconds, Stopping threads took: 0.0000720 seconds
191.990: Application time: 0.0740060 seconds
191.990: [GC191.990: [DefNew: 15689K->15689K(18432K), 0.0000100 secs]191.990: [Tenured: 28644K->28644K(40960K), 0.0091500 secs] 44333K->28644K(59392K), [Perm : 6107K->6107K(21248K)], 0.0092100 secs] [Times: user=0.00 sys=0.01, real=0.01 secs] 
191.999: Total time for which application threads were stopped: 0.0093980 seconds, Stopping threads took: 0.0001090 seconds
192.070: Application time: 0.0709100 seconds
192.070: [GC192.070: [DefNew: 15691K->15691K(18432K), 0.0000100 secs]192.070: [Tenured: 28644K->29356K(40960K), 0.0100260 secs] 44335K->29356K(59392K), [Perm : 6107K->6107K(21248K)], 0.0100840 secs] [Times: user=0.01 sys=0.00, real=0.01 secs] 
192.080: Total time for which application threads were stopped: 0.0102230 seconds, Stopping threads took: 0.0000680 seconds
192.148: Application time: 0.0680010 seconds
192.149: [GC192.149: [DefNew: 15704K->15704K(18432K), 0.0000090 secs]192.149: [Tenured: 29356K->29358K(40960K), 0.0091490 secs] 45061K->29358K(59392K), [Perm : 6107K->6107K(21248K)], 0.0092090 secs] [Times: user=0.01 sys=0.00, real=0.01 secs] 
192.158: Total time for which application threads were stopped: 0.0093400 seconds, Stopping threads took: 0.0000610 seconds
192.222: Application time: 0.0642960 seconds
192.222: [GC192.222: [DefNew: 15689K->15689K(18432K), 0.0000090 secs]192.222: [Tenured: 29358K->29356K(40960K), 0.0110910 secs] 45048K->29356K(59392K), [Perm : 6107K->6107K(21248K)], 0.0111510 secs] [Times: user=0.01 sys=0.00, real=0.01 secs] 
192.233: Total time for which application threads were stopped: 0.0112800 seconds, Stopping threads took: 0.0000580 seconds
192.282: Application time: 0.0490600 seconds
192.283: [GC192.283: [DefNew: 15689K->15689K(18432K), 0.0000100 secs]192.283: [Tenured: 29356K->29356K(40960K), 0.0098830 secs] 45046K->29356K(59392K), [Perm : 6107K->6107K(21248K)], 0.0099440 secs] [Times: user=0.01 sys=0.00, real=0.01 secs] 
192.293: Total time for which application threads were stopped: 0.0101460 seconds, Stopping threads took: 0.0001120 seconds
192.366: Application time: 0.0736860 seconds
192.366: [GC192.366: [DefNew: 15698K->15698K(18432K), 0.0000100 secs]192.366: [Tenured: 29356K->29357K(40960K), 0.0100230 secs] 45055K->29357K(59392K), [Perm : 6107K->6107K(21248K)], 0.0100840 secs] [Times: user=0.01 sys=0.00, real=0.01 secs] 
192.377: Total time for which application threads were stopped: 0.0102560 seconds, Stopping threads took: 0.0001010 seconds
192.444: Application time: 0.0677250 seconds
192.444: [GC192.444: [DefNew: 15689K->15689K(18432K), 0.0000100 secs]192.444: [Tenured: 29357K->29357K(40960K), 0.0093040 secs] 45047K->29357K(59392K), [Perm : 6107K->6107K(21248K)], 0.0093620 secs] [Times: user=0.01 sys=0.00, real=0.02 secs] 
192.454: Total time for which application threads were stopped: 0.0095010 seconds, Stopping threads took: 0.0000700 seconds
192.520: Application time: 0.0663290 seconds
192.520: [GC192.520: [DefNew: 15691K->15691K(18432K), 0.0000100 secs]192.520: [Tenured: 29357K->27931K(40960K), 0.0116410 secs] 45049K->27931K(59392K), [Perm : 6107K->6107K(21248K)], 0.0117020 secs] [Times: user=0.01 sys=0.00, real=0.01 secs] 
192.532: Total time for which application threads were stopped: 0.0119800 seconds, Stopping threads took: 0.0002090 seconds
192.583: Application time: 0.0510340 seconds
192.583: [GC192.583: [DefNew: 15689K->15689K(18432K), 0.0000110 secs]192.583: [Tenured: 27931K->28644K(40960K), 0.0099600 secs] 43621K->28644K(59392K), [Perm : 6107K->6107K(21248K)], 0.0100310 secs] [Times: user=0.01 sys=0.00, real=0.01 secs] 
192.593: Total time for which application threads were stopped: 0.0101660 seconds, Stopping threads took: 0.0000650 seconds
192.662: Application time: 0.0685980 seconds
192.662: [GC192.662: [DefNew: 15705K->15705K(18432K), 0.0000090 secs]192.662: [Tenured: 28644K->26507K(40960K), 0.0096920 secs] 44349K->26507K(59392K), [Perm : 6107K->6107K(21248K)], 0.0097490 secs] [Times: user=0.01 sys=0.00, real=0.01 secs] 
192.672: Total time for which application threads were stopped: 0.0098750 seconds, Stopping threads took: 0.0000590 seconds
192.737: Application time: 0.0656810 seconds
192.738: [GC192.738: [DefNew: 15705K->15705K(18432K), 0.0000090 secs]192.738: [Tenured: 26507K->23657K(40960K), 0.0109120 secs] 42212K->23657K(59392K), [Perm : 6107K->6107K(21248K)], 0.0109700 secs] [Times: user=0.01 sys=0.00, real=0.01 secs] 
192.749: Total time for which application threads were stopped: 0.0110970 seconds, Stopping threads took: 0.0000570 seconds
192.794: Application time: 0.0454190 seconds
192.794: [GC192.794: [DefNew: 15696K->1426K(18432K), 0.0033220 secs] 39353K->35058K(59392K), 0.0033610 secs] [Times: user=0.01 sys=0.00, real=0.00 secs] 
192.798: Total time for which application threads were stopped: 0.0035480 seconds, Stopping threads took: 0.0001110 seconds
192.840: Application time: 0.0423270 seconds
192.840: [GC192.840: [DefNew: 17116K->17116K(18432K), 0.0000090 secs]192.840: [Tenured: 33632K->24369K(40960K), 0.0103330 secs] 50748K->24369K(59392K), [Perm : 6107K->6107K(21248K)], 0.0103900 secs] [Times: user=0.01 sys=0.00, real=0.01 secs] 
192.850: Total time for which application threads were stopped: 0.0106150 seconds, Stopping threads took: 0.0001450 seconds
192.915: Application time: 0.0645470 seconds
192.915: [GC192.915: [DefNew: 15687K->1425K(18432K), 0.0037570 secs] 40057K->37195K(59392K), 0.0037970 secs] [Times: user=0.00 sys=0.00, real=0.00 secs] 
192.919: Total time for which application threads were stopped: 0.0039780 seconds, Stopping threads took: 0.0001130 seconds
192.978: Application time: 0.0588980 seconds
192.978: [GC192.978: [DefNew: 17113K->17113K(18432K), 0.0000090 secs]192.978: [Tenured: 35770K->25082K(40960K), 0.0090620 secs] 52883K->25082K(59392K), [Perm : 6107K->6107K(21248K)], 0.0091220 secs] [Times: user=0.01 sys=0.00, real=0.01 secs] 
192.987: Total time for which application threads were stopped: 0.0092500 seconds, Stopping threads took: 0.0000590 seconds
193.027: Application time: 0.0397040 seconds
193.027: [GC193.027: [DefNew: 15688K->1425K(18432K), 0.0035040 secs] 40770K->37196K(59392K), 0.0035450 secs] [Times: user=0.01 sys=0.00, real=0.00 secs] 
193.031: Total time for which application threads were stopped: 0.0036770 seconds, Stopping threads took: 0.0000650 seconds
193.086: Application time: 0.0553890 seconds
193.086: [GC193.086: [DefNew: 17113K->17113K(18432K), 0.0000090 secs]193.086: [Tenured: 35771K->24370K(40960K), 0.0090530 secs] 52884K->24370K(59392K), [Perm : 6107K->6107K(21248K)], 0.0091100 secs] [Times: user=0.01 sys=0.00, real=0.01 secs] 
193.095: Total time for which application threads were stopped: 0.0092400 seconds, Stopping threads took: 0.0000600 seconds
193.157: Application time: 0.0620550 seconds
193.157: [GC193.157: [DefNew: 15697K->1426K(18432K), 0.0033040 secs] 40067K->35772K(59392K), 0.0033460 secs] [Times: user=0.01 sys=0.00, real=0.00 secs] 
193.161: Total time for which application threads were stopped: 0.0034820 seconds, Stopping threads took: 0.0000690 seconds
193.208: Application time: 0.0469320 seconds
193.208: [GC193.208: [DefNew: 17123K->17123K(18432K), 0.0000100 secs]193.208: [Tenured: 34346K->24372K(40960K), 0.0089440 secs] 51469K->24372K(59392K), [Perm : 6107K->6107K(21248K)], 0.0090030 secs] [Times: user=0.01 sys=0.00, real=0.01 secs] 
193.217: Total time for which application threads were stopped: 0.0091310 seconds, Stopping threads took: 0.0000580 seconds
193.258: Application time: 0.0415550 seconds
193.258: [GC193.258: [DefNew: 15688K->1425K(18432K), 0.0033510 secs] 40060K->35773K(59392K), 0.0033970 secs] [Times: user=0.01 sys=0.00, real=0.00 secs] 
193.262: Total time for which application threads were stopped: 0.0035320 seconds, Stopping threads took: 0.0000690 seconds
193.323: Application time: 0.0615990 seconds
193.324: [GC193.324: [DefNew: 17113K->17113K(18432K), 0.0000110 secs]193.324: [Tenured: 34348K->24370K(40960K), 0.0110560 secs] 51462K->24370K(59392K), [Perm : 6107K->6107K(21248K)], 0.0111160 secs] [Times: user=0.01 sys=0.00, real=0.02 secs] 
193.335: Total time for which application threads were stopped: 0.0112680 seconds, Stopping threads took: 0.0000720 seconds
193.380: Application time: 0.0456760 seconds
193.380: [GC193.381: [DefNew: 15697K->1426K(18432K), 0.0033160 secs] 40068K->35773K(59392K), 0.0033560 secs] [Times: user=0.01 sys=0.00, real=0.00 secs] 
193.384: Total time for which application threads were stopped: 0.0034940 seconds, Stopping threads took: 0.0000720 seconds
193.439: Application time: 0.0547710 seconds
193.439: [GC193.439: [DefNew: 17114K->17114K(18432K), 0.0000110 secs]193.439: [Tenured: 34347K->25084K(40960K), 0.0108140 secs] 51461K->25084K(59392K), [Perm : 6107K->6107K(21248K)], 0.0108730 secs] [Times: user=0.02 sys=0.00, real=0.01 secs] 
193.450: Total time for which application threads were stopped: 0.0111840 seconds, Stopping threads took: 0.0002220 seconds
193.498: Application time: 0.0486580 seconds
193.499: [GC193.499: [DefNew: 15689K->1425K(18432K), 0.0034510 secs] 40773K->36485K(59392K), 0.0034900 secs] [Times: user=0.01 sys=0.00, real=0.00 secs] 
193.502: Total time for which application threads were stopped: 0.0037630 seconds, Stopping threads took: 0.0001870 seconds
193.559: Application time: 0.0569610 seconds
193.559: [GC193.559: [DefNew: 17114K->17114K(18432K), 0.0000090 secs]193.559: [Tenured: 35060K->25797K(40960K), 0.0089460 secs] 52174K->25797K(59392K), [Perm : 6107K->6107K(21248K)], 0.0090060 secs] [Times: user=0.01 sys=0.00, real=0.01 secs] 
193.568: Total time for which application threads were stopped: 0.0091320 seconds, Stopping threads took: 0.0000560 seconds
193.611: Application time: 0.0429780 seconds
193.611: [GC193.611: [DefNew: 15689K->15689K(18432K), 0.0000100 secs]193.612: [Tenured: 25797K->25797K(40960K), 0.0090880 secs] 41486K->25797K(59392K), [Perm : 6107K->6107K(21248K)], 0.0091460 secs] [Times: user=0.01 sys=0.00, real=0.01 secs] 
193.621: Total time for which application threads were stopped: 0.0093180 seconds, Stopping threads took: 0.0001010 seconds
193.681: Application time: 0.0603690 seconds
193.681: [GC193.681: [DefNew: 15706K->15706K(18432K), 0.0000090 secs]193.681: [Tenured: 25797K->25083K(40960K), 0.0098840 secs] 41503K->25083K(59392K), [Perm : 6107K->6107K(21248K)], 0.0099440 secs] [Times: user=0.01 sys=0.00, real=0.01 secs] 
193.691: Total time for which application threads were stopped: 0.0101330 seconds, Stopping threads took: 0.0001200 seconds
193.736: Application time: 0.0449340 seconds
193.736: [GC193.736: [DefNew: 15706K->1426K(18432K), 0.0033840 secs] 40789K->36486K(59392K), 0.0034260 secs] [Times: user=0.01 sys=0.00, real=0.00 secs] 
193.740: Total time for which application threads were stopped: 0.0036340 seconds, Stopping threads took: 0.0001290 seconds
193.793: Application time: 0.0528050 seconds
193.793: [GC193.793: [DefNew: 17124K->17124K(18432K), 0.0000090 secs]193.793: [Tenured: 35060K->27936K(40960K), 0.0096660 secs] 52184K->27936K(59392K), [Perm : 6107K->6107K(21248K)], 0.0097250 secs] [Times: user=0.01 sys=0.00, real=0.01 secs] 
193.802: Total time for which application threads were stopped: 0.0099340 seconds, Stopping threads took: 0.0001310 seconds
193.850: Application time: 0.0479400 seconds
193.851: [GC193.851: [DefNew: 15688K->15688K(18432K), 0.0000100 secs]193.851: [Tenured: 27936K->30074K(40960K), 0.0092060 secs] 43625K->30074K(59392K), [Perm : 6107K->6107K(21248K)], 0.0092650 secs] [Times: user=0.01 sys=0.00, real=0.01 secs] 
193.860: Total time for which application threads were stopped: 0.0094150 seconds, Stopping threads took: 0.0000610 seconds
193.913: Application time: 0.0530150 seconds
193.913: [GC193.913: [DefNew: 15688K->15688K(18432K), 0.0000100 secs]193.913: [Tenured: 30074K->30074K(40960K), 0.0096780 secs] 45763K->30074K(59392K), [Perm : 6107K->6107K(21248K)], 0.0097380 secs] [Times: user=0.01 sys=0.00, real=0.01 secs] 
193.923: Total time for which application threads were stopped: 0.0098680 seconds, Stopping threads took: 0.0000610 seconds
193.972: Application time: 0.0496370 seconds
193.973: [GC193.973: [DefNew: 15688K->15688K(18432K), 0.0000130 secs]193.973: [Tenured: 30074K->28646K(40960K), 0.0111340 secs] 45763K->28646K(59392K), [Perm : 6107K->6107K(21248K)], 0.0112030 secs] [Times: user=0.01 sys=0.00, real=0.01 secs] 
193.984: Total time for which application threads were stopped: 0.0114210 seconds, Stopping threads took: 0.0001320 seconds
194.048: Application time: 0.0644810 seconds
194.048: [GC194.048: [DefNew: 15688K->15688K(18432K), 0.0000100 secs]194.048: [Tenured: 28646K->28646K(40960K), 0.0097670 secs] 44334K->28646K(59392K), [Perm : 6107K->6107K(21248K)], 0.0098240 secs] [Times: user=0.01 sys=0.00, real=0.01 secs] 
194.058: Total time for which application threads were stopped: 0.0099530 seconds, Stopping threads took: 0.0000580 seconds
194.093: Application time: 0.0347370 seconds
194.093: [GC194.093: [DefNew: 15688K->15688K(18432K), 0.0000100 secs]194.093: [Tenured: 28646K->28646K(40960K), 0.0098760 secs] 44334K->28646K(59392K), [Perm : 6107K->6107K(21248K)], 0.0099350 secs] [Times: user=0.01 sys=0.00, real=0.01 secs] 
194.103: Total time for which application threads were stopped: 0.0101210 seconds, Stopping threads took: 0.0001170 seconds
194.168: Application time: 0.0645080 seconds
194.168: [GC194.168: [DefNew: 15688K->15688K(18432K), 0.0000090 secs]194.168: [Tenured: 28646K->28646K(40960K), 0.0090570 secs] 44334K->28646K(59392K), [Perm : 6107K->6107K(21248K)], 0.0091150 secs] [Times: user=0.01 sys=0.00, real=0.01 secs] 
194.177: Total time for which application threads were stopped: 0.0092440 seconds, Stopping threads took: 0.0000620 seconds
194.234: Application time: 0.0570770 seconds
194.234: [GC194.234: [DefNew: 15694K->15694K(18432K), 0.0000100 secs]194.234: [Tenured: 28646K->28646K(40960K), 0.0109630 secs] 44340K->28646K(59392K), [Perm : 6107K->6107K(21248K)], 0.0110180 secs] [Times: user=0.01 sys=0.00, real=0.00 secs] 
194.245: Total time for which application threads were stopped: 0.0111430 seconds, Stopping threads took: 0.0000560 seconds
194.277: Application time: 0.0322050 seconds
194.277: [GC194.277: [DefNew: 15688K->15688K(18432K), 0.0000100 secs]194.277: [Tenured: 28646K->28646K(40960K), 0.0097410 secs] 44334K->28646K(59392K), [Perm : 6107K->6107K(21248K)], 0.0097970 secs] [Times: user=0.01 sys=0.00, real=0.01 secs] 
194.287: Total time for which application threads were stopped: 0.0099300 seconds, Stopping threads took: 0.0000660 seconds
194.306: Application time: 0.0184470 seconds
194.306: [GC194.306: [DefNew: 15711K->15711K(18432K), 0.0000100 secs]194.306: [Tenured: 28646K->29387K(40960K), 0.0093290 secs] 44358K->29387K(59392K), [Perm : 6107K->6107K(21248K)], 0.0093910 secs] [Times: user=0.01 sys=0.00, real=0.01 secs] 
194.315: Total time for which application threads were stopped: 0.0096180 seconds, Stopping threads took: 0.0001430 seconds
194.323: Application time: 0.0074810 seconds
194.323: [GC194.323: [DefNew: 15685K->15685K(18432K), 0.0000100 secs]194.323: [Tenured: 29387K->29387K(40960K), 0.0093500 secs] 45073K->29387K(59392K), [Perm : 6107K->6107K(21248K)], 0.0094110 secs] [Times: user=0.01 sys=0.00, real=0.01 secs] 
194.332: Total time for which application threads were stopped: 0.0095570 seconds, Stopping threads took: 0.0000730 seconds
194.336: Application time: 0.0040890 seconds
194.337: [GC194.337: [DefNew: 15677K->15677K(18432K), 0.0000090 secs]194.337: [Tenured: 29387K->29358K(40960K), 0.0105160 secs] 45065K->29358K(59392K), [Perm : 6107K->6107K(21248K)], 0.0105800 secs] [Times: user=0.02 sys=0.00, real=0.01 secs] 
194.347: Total time for which application threads were stopped: 0.0107530 seconds, Stopping threads took: 0.0000830 seconds
194.355: Application time: 0.0074870 seconds
194.355: [GC194.355: [DefNew: 15685K->15685K(18432K), 0.0000100 secs]194.355: [Tenured: 29358K->29359K(40960K), 0.0066280 secs] 45044K->29359K(59392K), [Perm : 6107K->6107K(21248K)], 0.0066810 secs] [Times: user=0.00 sys=0.00, real=0.00 secs] 
194.361: Total time for which application threads were stopped: 0.0068320 seconds, Stopping threads took: 0.0000750 seconds
194.368: Application time: 0.0060710 seconds
194.368: [GC194.368: [DefNew: 15680K->15680K(18432K), 0.0000100 secs]194.368: [Tenured: 29359K->30783K(40960K), 0.0076400 secs] 45039K->30783K(59392K), [Perm : 6107K->6107K(21248K)], 0.0076990 secs] [Times: user=0.01 sys=0.00, real=0.01 secs] 
194.375: Total time for which application threads were stopped: 0.0078710 seconds, Stopping threads took: 0.0000920 seconds
194.383: Application time: 0.0077970 seconds
194.383: [GC194.383: [DefNew: 15680K->15680K(18432K), 0.0000110 secs]194.383: [Tenured: 30783K->30071K(40960K), 0.0065390 secs] 46464K->30071K(59392K), [Perm : 6107K->6107K(21248K)], 0.0065930 secs] [Times: user=0.01 sys=0.00, real=0.01 secs] 
194.390: Total time for which application threads were stopped: 0.0067930 seconds, Stopping threads took: 0.0001230 seconds
194.394: Application time: 0.0039200 seconds
194.394: [GC194.394: [DefNew: 15690K->15690K(18432K), 0.0000110 secs]194.394: [Tenured: 30071K->28646K(40960K), 0.0104930 secs] 45761K->28646K(59392K), [Perm : 6107K->6107K(21248K)], 0.0105550 secs] [Times: user=0.01 sys=0.00, real=0.00 secs] 
194.405: Total time for which application threads were stopped: 0.0107800 seconds, Stopping threads took: 0.0001320 seconds
194.409: Application time: 0.0040590 seconds
194.409: [GC194.409: [DefNew: 15679K->15679K(18432K), 0.0000100 secs]194.409: [Tenured: 28646K->30071K(40960K), 0.0070640 secs] 44325K->30071K(59392K), [Perm : 6107K->6107K(21248K)], 0.0071200 secs] [Times: user=0.01 sys=0.00, real=0.01 secs] 
194.416: Total time for which application threads were stopped: 0.0074060 seconds, Stopping threads took: 0.0001990 seconds
194.421: Application time: 0.0051300 seconds
194.422: [GC194.422: [DefNew: 15690K->15690K(18432K), 0.0000090 secs]194.422: [Tenured: 30071K->27933K(40960K), 0.0096660 secs] 45762K->27933K(59392K), [Perm : 6107K->6107K(21248K)], 0.0097240 secs] [Times: user=0.01 sys=0.00, real=0.01 secs] 
194.431: Total time for which application threads were stopped: 0.0099760 seconds, Stopping threads took: 0.0001630 seconds
194.449: Application time: 0.0176650 seconds
194.449: [GC194.449: [DefNew: 15714K->15714K(18432K), 0.0000100 secs]194.449: [Tenured: 27933K->29387K(40960K), 0.0089960 secs] 43647K->29387K(59392K), [Perm : 6107K->6107K(21248K)], 0.0090560 secs] [Times: user=0.01 sys=0.00, real=0.01 secs] 
194.458: Total time for which application threads were stopped: 0.0092170 seconds, Stopping threads took: 0.0000920 seconds
194.467: Application time: 0.0085060 seconds
194.467: [GC194.467: [DefNew: 15683K->15683K(18432K), 0.0000100 secs]194.467: [Tenured: 29387K->27933K(40960K), 0.0102640 secs] 45071K->27933K(59392K), [Perm : 6107K->6107K(21248K)], 0.0103250 secs] [Times: user=0.01 sys=0.00, real=0.01 secs] 
194.477: Total time for which application threads were stopped: 0.0105090 seconds, Stopping threads took: 0.0001120 seconds
194.482: Application time: 0.0045370 seconds
194.482: [GC194.482: [DefNew: 15677K->15677K(18432K), 0.0000110 secs]194.482: [Tenured: 27933K->28645K(40960K), 0.0065730 secs] 43610K->28645K(59392K), [Perm : 6107K->6107K(21248K)], 0.0066220 secs] [Times: user=0.01 sys=0.00, real=0.01 secs] 
194.489: Total time for which application threads were stopped: 0.0067930 seconds, Stopping threads took: 0.0001050 seconds
194.495: Application time: 0.0068720 seconds
194.496: [GC194.496: [DefNew: 15685K->15685K(18432K), 0.0000090 secs]194.496: [Tenured: 28645K->27933K(40960K), 0.0061770 secs] 44331K->27933K(59392K), [Perm : 6107K->6107K(21248K)], 0.0062430 secs] [Times: user=0.01 sys=0.00, real=0.00 secs] 
194.502: Total time for which application threads were stopped: 0.0064300 seconds, Stopping threads took: 0.0001180 seconds
194.508: Application time: 0.0066420 seconds
194.509: [GC194.509: [DefNew: 15680K->15680K(18432K), 0.0000100 secs]194.509: [Tenured: 27933K->27220K(40960K), 0.0085700 secs] 43614K->27220K(59392K), [Perm : 6107K->6107K(21248K)], 0.0086320 secs] [Times: user=0.01 sys=0.00, real=0.01 secs] 
194.517: Total time for which application threads were stopped: 0.0087750 seconds, Stopping threads took: 0.0000690 seconds
194.524: Application time: 0.0069460 seconds
194.524: [GC194.524: [DefNew: 15684K->15684K(18432K), 0.0000100 secs]194.524: [Tenured: 27220K->25796K(40960K), 0.0091030 secs] 42905K->25796K(59392K), [Perm : 6107K->6107K(21248K)], 0.0091630 secs] [Times: user=0.01 sys=0.00, real=0.02 secs] 
194.534: Total time for which application threads were stopped: 0.0094410 seconds, Stopping threads took: 0.0002050 seconds
194.538: Application time: 0.0039850 seconds
194.538: [GC194.538: [DefNew: 15688K->15688K(18432K), 0.0000100 secs]194.538: [Tenured: 25796K->28647K(40960K), 0.0070550 secs] 41484K->28647K(59392K), [Perm : 6107K->6107K(21248K)], 0.0071150 secs] [Times: user=0.01 sys=0.00, real=0.00 secs] 
194.545: Total time for which application threads were stopped: 0.0073490 seconds, Stopping threads took: 0.0001640 seconds
194.549: Application time: 0.0036400 seconds
194.549: [GC194.549: [DefNew: 15678K->15678K(18432K), 0.0000090 secs]194.549: [Tenured: 28647K->30072K(40960K), 0.0066300 secs] 44326K->30072K(59392K), [Perm : 6107K->6107K(21248K)], 0.0066880 secs] [Times: user=0.01 sys=0.00, real=0.01 secs] 
194.556: Total time for which application threads were stopped: 0.0068780 seconds, Stopping threads took: 0.0001200 seconds
194.571: Application time: 0.0150400 seconds
194.571: [GC194.571: [DefNew: 15694K->15694K(18432K), 0.0000110 secs]194.571: [Tenured: 30072K->27220K(40960K), 0.0106890 secs] 45766K->27220K(59392K), [Perm : 6107K->6107K(21248K)], 0.0107490 secs] [Times: user=0.01 sys=0.00, real=0.01 secs] 
194.582: Total time for which application threads were stopped: 0.0109690 seconds, Stopping threads took: 0.0001280 seconds
194.652: Application time: 0.0703390 seconds
194.652: [GC194.652: [DefNew: 15690K->15690K(18432K), 0.0000100 secs]194.652: [Tenured: 27220K->27933K(40960K), 0.0100340 secs] 42910K->27933K(59392K), [Perm : 6107K->6107K(21248K)], 0.0100940 secs] [Times: user=0.01 sys=0.00, real=0.01 secs] 
194.662: Total time for which application threads were stopped: 0.0102290 seconds, Stopping threads took: 0.0000660 seconds
194.719: Application time: 0.0566060 seconds
194.719: [GC194.719: [DefNew: 15687K->15687K(18432K), 0.0000090 secs]194.719: [Tenured: 27933K->28645K(40960K), 0.0100240 secs] 43621K->28645K(59392K), [Perm : 6107K->6107K(21248K)], 0.0100820 secs] [Times: user=0.01 sys=0.00, real=0.01 secs] 
194.729: Total time for which application threads were stopped: 0.0102960 seconds, Stopping threads took: 0.0001270 seconds
194.771: Application time: 0.0418910 seconds
194.771: [GC194.771: [DefNew: 15687K->15687K(18432K), 0.0000100 secs]194.771: [Tenured: 28645K->28645K(40960K), 0.0099340 secs] 44333K->28645K(59392K), [Perm : 6107K->6107K(21248K)], 0.0099940 secs] [Times: user=0.01 sys=0.00, real=0.01 secs] 
194.781: Total time for which application threads were stopped: 0.0101350 seconds, Stopping threads took: 0.0000710 seconds
194.836: Application time: 0.0551490 seconds
194.836: [GC194.836: [DefNew: 16232K->16232K(18432K), 0.0000100 secs]194.836: [Tenured: 28645K->25147K(40960K), 0.0110610 secs] 44877K->25147K(59392K), [Perm : 6107K->6107K(21248K)], 0.0111200 secs] [Times: user=0.01 sys=0.00, real=0.01 secs] 
194.848: Total time for which application threads were stopped: 0.0113340 seconds, Stopping threads took: 0.0001250 seconds
194.855: Application time: 0.0079300 seconds
194.856: [GC194.856: [DefNew: 15910K->15910K(18432K), 0.0000100 secs]194.856: [Tenured: 25147K->25082K(40960K), 0.0106840 secs] 41058K->25082K(59392K), [Perm : 6107K->6107K(21248K)], 0.0107450 secs] [Times: user=0.01 sys=0.00, real=0.01 secs] 
194.867: Total time for which application threads were stopped: 0.0112780 seconds, Stopping threads took: 0.0004510 seconds
194.872: Application time: 0.0052110 seconds
194.872: [GC194.872: [DefNew: 15679K->1425K(18432K), 0.0009750 secs] 40762K->27932K(59392K), 0.0010040 secs] [Times: user=0.00 sys=0.00, real=0.00 secs] 
194.873: Total time for which application threads were stopped: 0.0012540 seconds, Stopping threads took: 0.0001710 seconds
194.878: Application time: 0.0044960 seconds
194.878: [GC194.878: [DefNew: 17112K->17112K(18432K), 0.0000100 secs]194.878: [Tenured: 26507K->25795K(40960K), 0.0088340 secs] 43620K->25795K(59392K), [Perm : 6107K->6107K(21248K)], 0.0088920 secs] [Times: user=0.01 sys=0.00, real=0.01 secs] 
194.887: Total time for which application threads were stopped: 0.0091400 seconds, Stopping threads took: 0.0001770 seconds
194.890: Application time: 0.0034760 seconds
194.891: [GC194.891: [DefNew: 15679K->15679K(18432K), 0.0000100 secs]194.891: [Tenured: 25795K->27932K(40960K), 0.0070580 secs] 41474K->27932K(59392K), [Perm : 6107K->6107K(21248K)], 0.0071170 secs] [Times: user=0.01 sys=0.00, real=0.01 secs] 
194.898: Total time for which application threads were stopped: 0.0076360 seconds, Stopping threads took: 0.0004310 seconds
194.902: Application time: 0.0037480 seconds
194.903: [GC194.903: [DefNew: 15679K->15679K(18432K), 0.0000090 secs]194.903: [Tenured: 27932K->25795K(40960K), 0.0061120 secs] 43612K->25795K(59392K), [Perm : 6107K->6107K(21248K)], 0.0061700 secs] [Times: user=0.01 sys=0.00, real=0.01 secs] 
194.909: Total time for which application threads were stopped: 0.0070630 seconds, Stopping threads took: 0.0008150 seconds
194.913: Application time: 0.0040710 seconds
194.913: [GC194.913: [DefNew: 15691K->15691K(18432K), 0.0000100 secs]194.913: [Tenured: 25795K->25795K(40960K), 0.0076460 secs] 41487K->25795K(59392K), [Perm : 6107K->6107K(21248K)], 0.0077060 secs] [Times: user=0.01 sys=0.00, real=0.01 secs] 
194.921: Total time for which application threads were stopped: 0.0078820 seconds, Stopping threads took: 0.0001010 seconds
194.924: Application time: 0.0035370 seconds
194.925: [GC194.925: [DefNew: 15681K->15681K(18432K), 0.0000110 secs]194.925: [Tenured: 25795K->25795K(40960K), 0.0103600 secs] 41476K->25795K(59392K), [Perm : 6107K->6107K(21248K)], 0.0104240 secs] [Times: user=0.01 sys=0.00, real=0.02 secs] 
194.935: Total time for which application threads were stopped: 0.0108130 seconds, Stopping threads took: 0.0002950 seconds
194.940: Application time: 0.0052680 seconds
194.941: [GC194.941: [DefNew: 15688K->15688K(18432K), 0.0000170 secs]194.941: [Tenured: 25795K->26508K(40960K), 0.0071980 secs] 41483K->26508K(59392K), [Perm : 6107K->6107K(21248K)], 0.0072580 secs] [Times: user=0.01 sys=0.00, real=0.01 secs] 
194.949: Total time for which application threads were stopped: 0.0083290 seconds, Stopping threads took: 0.0010050 seconds
194.953: Application time: 0.0046670 seconds
194.954: [GC194.954: [DefNew: 15680K->15680K(18432K), 0.0000110 secs]194.954: [Tenured: 26508K->26508K(40960K), 0.0070520 secs] 42189K->26508K(59392K), [Perm : 6107K->6107K(21248K)], 0.0071070 secs] [Times: user=0.01 sys=0.00, real=0.00 secs] 
194.961: Total time for which application threads were stopped: 0.0078220 seconds, Stopping threads took: 0.0006290 seconds
194.966: Application time: 0.0046540 seconds
194.966: [GC194.966: [DefNew: 15683K->15683K(18432K), 0.0000090 secs]194.966: [Tenured: 26508K->23657K(40960K), 0.0088250 secs] 42192K->23657K(59392K), [Perm : 6107K->6107K(21248K)], 0.0088840 secs] [Times: user=0.01 sys=0.00, real=0.01 secs] 
194.975: Total time for which application threads were stopped: 0.0093040 seconds, Stopping threads took: 0.0003290 seconds
194.980: Application time: 0.0049840 seconds
194.981: [GC194.981: [DefNew: 15690K->1426K(18432K), 0.0011500 secs] 39348K->27221K(59392K), 0.0011830 secs] [Times: user=0.00 sys=0.00, real=0.00 secs] 
194.982: Total time for which application threads were stopped: 0.0016150 seconds, Stopping threads took: 0.0003520 seconds
194.985: Application time: 0.0035030 seconds
194.986: [GC194.986: [DefNew: 17108K->1425K(18432K), 0.0007670 secs] 42904K->27934K(59392K), 0.0007970 secs] [Times: user=0.00 sys=0.00, real=0.00 secs] 
194.987: Total time for which application threads were stopped: 0.0013440 seconds, Stopping threads took: 0.0004780 seconds
194.990: Application time: 0.0033980 seconds
194.990: [GC194.990: [DefNew: 17115K->1425K(18432K), 0.0013860 secs] 43624K->30785K(59392K), 0.0014180 secs] [Times: user=0.00 sys=0.00, real=0.00 secs] 
194.992: Total time for which application threads were stopped: 0.0015320 seconds, Stopping threads took: 0.0000530 seconds
194.995: Application time: 0.0033180 seconds
194.995: [GC194.995: [DefNew: 17109K->17109K(18432K), 0.0000090 secs]194.995: [Tenured: 29359K->26508K(40960K), 0.0092030 secs] 46469K->26508K(59392K), [Perm : 6107K->6107K(21248K)], 0.0092620 secs] [Times: user=0.01 sys=0.00, real=0.00 secs] 
195.004: Total time for which application threads were stopped: 0.0094290 seconds, Stopping threads took: 0.0000830 seconds
195.008: Application time: 0.0032890 seconds
195.008: [GC195.008: [DefNew: 15680K->1425K(18432K), 0.0005280 secs] 42189K->27933K(59392K), 0.0005570 secs] [Times: user=0.00 sys=0.00, real=0.00 secs] 
195.008: Total time for which application threads were stopped: 0.0007770 seconds, Stopping threads took: 0.0001530 seconds
195.012: Application time: 0.0036420 seconds
195.012: [GC195.012: [DefNew: 17114K->1426K(18432K), 0.0011360 secs] 43622K->30071K(59392K), 0.0011640 secs] [Times: user=0.00 sys=0.00, real=0.00 secs] 
195.013: Total time for which application threads were stopped: 0.0013080 seconds, Stopping threads took: 0.0000830 seconds
195.058: Application time: 0.0443910 seconds
195.058: [GC195.058: [DefNew: 17149K->17149K(18432K), 0.0000100 secs]195.058: [Tenured: 28645K->26536K(40960K), 0.0099080 secs] 45794K->26536K(59392K), [Perm : 6107K->6107K(21248K)], 0.0099650 secs] [Times: user=0.01 sys=0.00, real=0.01 secs] 
195.068: Total time for which application threads were stopped: 0.0102080 seconds, Stopping threads took: 0.0001620 seconds
195.076: Application time: 0.0077770 seconds
195.076: [GC195.076: [DefNew: 16272K->1461K(18432K), 0.0009060 secs] 42809K->29423K(59392K), 0.0009350 secs] [Times: user=0.00 sys=0.00, real=0.00 secs] 
195.077: Total time for which application threads were stopped: 0.0010620 seconds, Stopping threads took: 0.0000690 seconds
195.083: Application time: 0.0063810 seconds
195.083: [GC195.083: [DefNew: 17299K->1427K(18432K), 0.0015720 secs] 45261K->32980K(59392K), 0.0016080 secs] [Times: user=0.00 sys=0.00, real=0.00 secs] 
195.085: Total time for which application threads were stopped: 0.0018350 seconds, Stopping threads took: 0.0001440 seconds
195.089: Application time: 0.0038170 seconds
195.089: [GC195.089: [DefNew: 17108K->17108K(18432K), 0.0000100 secs]195.089: [Tenured: 31553K->25139K(40960K), 0.0098990 secs] 48661K->25139K(59392K), [Perm : 6107K->6107K(21248K)], 0.0099580 secs] [Times: user=0.01 sys=0.00, real=0.01 secs] 
195.099: Total time for which application threads were stopped: 0.0103750 seconds, Stopping threads took: 0.0003270 seconds
195.103: Application time: 0.0037350 seconds
195.103: [GC195.103: [DefNew: 15681K->1425K(18432K), 0.0013340 secs] 40820K->29414K(59392K), 0.0013690 secs] [Times: user=0.00 sys=0.00, real=0.00 secs] 
195.105: Total time for which application threads were stopped: 0.0016230 seconds, Stopping threads took: 0.0001720 seconds
195.110: Application time: 0.0053820 seconds
195.110: [GC195.110: [DefNew: 17112K->1426K(18432K), 0.0006540 secs] 45102K->30128K(59392K), 0.0006820 secs] [Times: user=0.00 sys=0.00, real=0.00 secs] 
195.111: Total time for which application threads were stopped: 0.0011270 seconds, Stopping threads took: 0.0003700 seconds
195.115: Application time: 0.0044680 seconds
195.116: [GC195.116: [DefNew: 17107K->1425K(18432K), 0.0012490 secs] 45809K->32265K(59392K), 0.0012820 secs] [Times: user=0.00 sys=0.00, real=0.00 secs] 
195.118: Total time for which application threads were stopped: 0.0021390 seconds, Stopping threads took: 0.0007770 seconds
195.121: Application time: 0.0035270 seconds
195.121: [GC195.121: [DefNew: 17113K->1425K(18432K), 0.0017190 secs] 47953K->35829K(59392K), 0.0017630 secs] [Times: user=0.00 sys=0.01, real=0.00 secs] 
195.123: Total time for which application threads were stopped: 0.0020260 seconds, Stopping threads took: 0.0001980 seconds
195.126: Application time: 0.0032350 seconds
195.127: [GC195.127: [DefNew: 17107K->17107K(18432K), 0.0000090 secs]195.127: [Tenured: 34403K->23657K(40960K), 0.0104350 secs] 51511K->23657K(59392K), [Perm : 6107K->6107K(21248K)], 0.0104950 secs] [Times: user=0.01 sys=0.00, real=0.01 secs] 
195.137: Total time for which application threads were stopped: 0.0109530 seconds, Stopping threads took: 0.0003680 seconds
195.142: Application time: 0.0042070 seconds
195.142: [GC195.142: [DefNew: 16126K->1461K(18432K), 0.0005400 secs] 39784K->25119K(59392K), 0.0005630 secs] [Times: user=0.00 sys=0.00, real=0.00 secs] 
195.143: Total time for which application threads were stopped: 0.0009760 seconds, Stopping threads took: 0.0003610 seconds
195.147: Application time: 0.0045820 seconds
195.147: [GC195.147: [DefNew: 17298K->1433K(18432K), 0.0012340 secs] 40955K->27257K(59392K), 0.0012610 secs] [Times: user=0.00 sys=0.00, real=0.00 secs] 
195.149: Total time for which application threads were stopped: 0.0014880 seconds, Stopping threads took: 0.0001670 seconds
195.152: Application time: 0.0034740 seconds
195.152: [GC195.152: [DefNew: 17245K->1432K(18432K), 0.0014250 secs] 43069K->30109K(59392K), 0.0014590 secs] [Times: user=0.00 sys=0.00, real=0.01 secs] 
195.154: Total time for which application threads were stopped: 0.0017100 seconds, Stopping threads took: 0.0001700 seconds
195.157: Application time: 0.0036410 seconds
195.159: [GC195.159: [DefNew: 17143K->1426K(18432K), 0.0009950 secs] 45821K->31529K(59392K), 0.0010230 secs] [Times: user=0.01 sys=0.00, real=0.00 secs] 
195.160: Total time for which application threads were stopped: 0.0025560 seconds, Stopping threads took: 0.0014750 seconds
195.164: Application time: 0.0035770 seconds
195.164: [GC195.164: [DefNew: 17108K->1425K(18432K), 0.0009340 secs] 47211K->32954K(59392K), 0.0009650 secs] [Times: user=0.00 sys=0.00, real=0.00 secs] 
195.165: Total time for which application threads were stopped: 0.0017610 seconds, Stopping threads took: 0.0007160 seconds
195.169: Application time: 0.0033070 seconds
195.170: [GC195.170: [DefNew: 17107K->1425K(18432K), 0.0011580 secs] 48636K->35091K(59392K), 0.0011910 secs] [Times: user=0.00 sys=0.00, real=0.00 secs] 
195.171: Total time for which application threads were stopped: 0.0023820 seconds, Stopping threads took: 0.0011100 seconds
195.175: Application time: 0.0043750 seconds
195.176: [GC195.176: [DefNew: 17116K->1426K(18432K), 0.0015420 secs] 50783K->38655K(59392K), 0.0015780 secs] [Times: user=0.00 sys=0.00, real=0.00 secs] 
195.177: Total time for which application threads were stopped: 0.0018230 seconds, Stopping threads took: 0.0001620 seconds
195.184: Application time: 0.0068840 seconds
195.184: [GC195.184: [DefNew: 17118K->17118K(18432K), 0.0000090 secs]195.184: [Tenured: 37229K->25112K(40960K), 0.0082980 secs] 54348K->25112K(59392K), [Perm : 6107K->6107K(21248K)], 0.0083590 secs] [Times: user=0.00 sys=0.00, real=0.01 secs] 
195.193: Total time for which application threads were stopped: 0.0086120 seconds, Stopping threads took: 0.0001830 seconds
195.196: Application time: 0.0030900 seconds
195.196: [GC195.196: [DefNew: 15681K->1425K(18432K), 0.0005600 secs] 40793K->26537K(59392K), 0.0005860 secs] [Times: user=0.00 sys=0.00, real=0.00 secs] 
195.197: Total time for which application threads were stopped: 0.0007870 seconds, Stopping threads took: 0.0001420 seconds
195.200: Application time: 0.0036270 seconds
195.200: [GC195.201: [DefNew: 17107K->1425K(18432K), 0.0012560 secs] 42219K->28674K(59392K), 0.0012900 secs] [Times: user=0.00 sys=0.00, real=0.00 secs] 
195.202: Total time for which application threads were stopped: 0.0014970 seconds, Stopping threads took: 0.0001380 seconds
195.205: Application time: 0.0032610 seconds
195.205: [GC195.205: [DefNew: 17105K->1425K(18432K), 0.0005730 secs] 44355K->28674K(59392K), 0.0006010 secs] [Times: user=0.00 sys=0.00, real=0.01 secs] 
195.206: Total time for which application threads were stopped: 0.0009360 seconds, Stopping threads took: 0.0002770 seconds
195.211: Application time: 0.0046970 seconds
195.211: [GC195.211: [DefNew: 17113K->1426K(18432K), 0.0011410 secs] 44362K->30813K(59392K), 0.0011700 secs] [Times: user=0.00 sys=0.00, real=0.00 secs] 
195.212: Total time for which application threads were stopped: 0.0012860 seconds, Stopping threads took: 0.0000580 seconds
195.218: Application time: 0.0056160 seconds
195.218: [GC195.218: [DefNew: 17116K->1426K(18432K), 0.0021380 secs] 46503K->35802K(59392K), 0.0021790 secs] [Times: user=0.00 sys=0.00, real=0.00 secs] 
195.220: Total time for which application threads were stopped: 0.0023200 seconds, Stopping threads took: 0.0000720 seconds
195.227: Application time: 0.0066530 seconds
195.227: [GC195.227: [DefNew: 17107K->17107K(18432K), 0.0000090 secs]195.227: [Tenured: 34375K->24399K(40960K), 0.0092220 secs] 51483K->24399K(59392K), [Perm : 6107K->6107K(21248K)], 0.0092760 secs] [Times: user=0.01 sys=0.00, real=0.01 secs] 
195.236: Total time for which application threads were stopped: 0.0094110 seconds, Stopping threads took: 0.0000670 seconds
195.242: Application time: 0.0056870 seconds
195.242: [GC195.242: [DefNew: 15687K->1426K(18432K), 0.0008290 secs] 40086K->25825K(59392K), 0.0008620 secs] [Times: user=0.00 sys=0.00, real=0.00 secs] 
195.243: Total time for which application threads were stopped: 0.0011230 seconds, Stopping threads took: 0.0001970 seconds
195.247: Application time: 0.0044710 seconds
195.247: [GC195.247: [DefNew: 17107K->1425K(18432K), 0.0013970 secs] 41507K->28675K(59392K), 0.0014290 secs] [Times: user=0.00 sys=0.00, real=0.00 secs] 
195.249: Total time for which application threads were stopped: 0.0015700 seconds, Stopping threads took: 0.0000770 seconds
195.279: Application time: 0.0300230 seconds
195.279: [GC195.279: [DefNew: 17113K->1426K(18432K), 0.0006410 secs] 44364K->29389K(59392K), 0.0006650 secs] [Times: user=0.00 sys=0.00, real=0.00 secs] 
195.280: Total time for which application threads were stopped: 0.0007730 seconds, Stopping threads took: 0.0000580 seconds
195.329: Application time: 0.0490530 seconds
195.329: [GC195.329: [DefNew (promotion failed) : 17117K->17116K(18432K), 0.0041300 secs]195.333: [Tenured: 40789K->25824K(40960K), 0.0094870 secs] 45080K->25824K(59392K), [Perm : 6107K->6107K(21248K)], 0.0136780 secs] [Times: user=0.01 sys=0.00, real=0.01 secs] 
195.343: Total time for which application threads were stopped: 0.0138030 seconds, Stopping threads took: 0.0000590 seconds
195.410: Application time: 0.0674550 seconds
195.410: [GC195.410: [DefNew: 15691K->1425K(18432K), 0.0043120 secs] 41515K->40787K(59392K), 0.0043510 secs] [Times: user=0.00 sys=0.00, real=0.01 secs] 
195.414: Total time for which application threads were stopped: 0.0044890 seconds, Stopping threads took: 0.0000580 seconds
195.477: Application time: 0.0628980 seconds
195.477: [GC195.477: [DefNew: 17116K->17116K(18432K), 0.0000100 secs]195.477: [Tenured: 39362K->24369K(40960K), 0.0103420 secs] 56478K->24369K(59392K), [Perm : 6107K->6107K(21248K)], 0.0103980 secs] [Times: user=0.01 sys=0.00, real=0.01 secs] 
195.488: Total time for which application threads were stopped: 0.0105320 seconds, Stopping threads took: 0.0000680 seconds
195.554: Application time: 0.0659730 seconds
195.554: [GC195.554: [DefNew: 15717K->1453K(18432K), 0.0039260 secs] 40087K->37936K(59392K), 0.0039660 secs] [Times: user=0.01 sys=0.00, real=0.00 secs] 
195.558: Total time for which application threads were stopped: 0.0041210 seconds, Stopping threads took: 0.0000890 seconds
195.566: Application time: 0.0080570 seconds
195.566: [GC195.566: [DefNew: 17139K->17139K(18432K), 0.0000100 secs]195.566: [Tenured: 36482K->25824K(40960K), 0.0095130 secs] 53622K->25824K(59392K), [Perm : 6107K->6107K(21248K)], 0.0095800 secs] [Times: user=0.01 sys=0.00, real=0.01 secs] 
195.576: Total time for which application threads were stopped: 0.0097210 seconds, Stopping threads took: 0.0000670 seconds
195.583: Application time: 0.0072970 seconds
195.583: [GC195.583: [DefNew: 15685K->1425K(18432K), 0.0012430 secs] 41509K->29387K(59392K), 0.0012760 secs] [Times: user=0.00 sys=0.00, real=0.00 secs] 
195.585: Total time for which application threads were stopped: 0.0014420 seconds, Stopping threads took: 0.0000940 seconds
195.588: Application time: 0.0039040 seconds
195.589: [GC195.589: [DefNew: 17103K->17103K(18432K), 0.0000090 secs]195.589: [Tenured: 27961K->25824K(40960K), 0.0081210 secs] 45065K->25824K(59392K), [Perm : 6107K->6107K(21248K)], 0.0081830 secs] [Times: user=0.01 sys=0.00, real=0.01 secs] 
195.597: Total time for which application threads were stopped: 0.0083380 seconds, Stopping threads took: 0.0000780 seconds
195.603: Application time: 0.0066400 seconds
195.604: [GC195.604: [DefNew: 15689K->1426K(18432K), 0.0012400 secs] 41513K->29387K(59392K), 0.0012720 secs] [Times: user=0.00 sys=0.00, real=0.00 secs] 
195.605: Total time for which application threads were stopped: 0.0017430 seconds, Stopping threads took: 0.0003900 seconds
195.611: Application time: 0.0058450 seconds
195.611: [GC195.611: [DefNew: 17106K->1425K(18432K), 0.0017190 secs] 45068K->32950K(59392K), 0.0017480 secs] [Times: user=0.00 sys=0.00, real=0.00 secs] 
195.613: Total time for which application threads were stopped: 0.0018800 seconds, Stopping threads took: 0.0000720 seconds
195.620: Application time: 0.0074020 seconds
195.620: [GC195.620: [DefNew: 17105K->17105K(18432K), 0.0000100 secs]195.620: [Tenured: 31525K->25111K(40960K), 0.0088940 secs] 48631K->25111K(59392K), [Perm : 6107K->6107K(21248K)], 0.0089550 secs] [Times: user=0.01 sys=0.00, real=0.01 secs] 
195.629: Total time for which application threads were stopped: 0.0091670 seconds, Stopping threads took: 0.0001280 seconds
195.633: Application time: 0.0037240 seconds
195.633: [GC195.633: [DefNew: 15688K->1426K(18432K), 0.0008030 secs] 40800K->27250K(59392K), 0.0008300 secs] [Times: user=0.00 sys=0.00, real=0.01 secs] 
195.634: Total time for which application threads were stopped: 0.0009790 seconds, Stopping threads took: 0.0000930 seconds
195.638: Application time: 0.0040290 seconds
195.638: [GC195.638: [DefNew: 17104K->712K(18432K), 0.0003870 secs] 42929K->26538K(59392K), 0.0004150 secs] [Times: user=0.00 sys=0.00, real=0.00 secs] 
195.639: Total time for which application threads were stopped: 0.0005410 seconds, Stopping threads took: 0.0000700 seconds
195.675: Application time: 0.0362340 seconds
195.675: [GC195.675: [DefNew: 16415K->1426K(18432K), 0.0034740 secs] 42240K->37940K(59392K), 0.0035120 secs] [Times: user=0.00 sys=0.00, real=0.00 secs] 
195.679: Total time for which application threads were stopped: 0.0036750 seconds, Stopping threads took: 0.0000950 seconds
195.750: Application time: 0.0713230 seconds
195.750: [GC195.750: [DefNew: 17124K->17124K(18432K), 0.0000090 secs]195.750: [Tenured: 36513K->24369K(40960K), 0.0101580 secs] 53637K->24369K(59392K), [Perm : 6107K->6107K(21248K)], 0.0102120 secs] [Times: user=0.01 sys=0.00, real=0.01 secs] 
195.760: Total time for which application threads were stopped: 0.0103490 seconds, Stopping threads took: 0.0000680 seconds
195.831: Application time: 0.0707770 seconds
195.831: [GC195.831: [DefNew: 15691K->1425K(18432K), 0.0044920 secs] 40061K->40045K(59392K), 0.0045320 secs] [Times: user=0.00 sys=0.00, real=0.01 secs] 
195.836: Total time for which application threads were stopped: 0.0046730 seconds, Stopping threads took: 0.0000740 seconds
195.905: Application time: 0.0688670 seconds
195.905: [GC195.905: [DefNew: 17116K->17116K(18432K), 0.0000100 secs]195.905: [Tenured: 38620K->26507K(40960K), 0.0094390 secs] 55736K->26507K(59392K), [Perm : 6107K->6107K(21248K)], 0.0094970 secs] [Times: user=0.01 sys=0.00, real=0.02 secs] 
195.914: Total time for which application threads were stopped: 0.0096360 seconds, Stopping threads took: 0.0000620 seconds
195.988: Application time: 0.0738220 seconds
195.988: [GC195.988: [DefNew: 15689K->15689K(18432K), 0.0000100 secs]195.988: [Tenured: 26507K->25794K(40960K), 0.0090110 secs] 42196K->25794K(59392K), [Perm : 6107K->6107K(21248K)], 0.0090690 secs] [Times: user=0.00 sys=0.00, real=0.01 secs] 
195.997: Total time for which application threads were stopped: 0.0092090 seconds, Stopping threads took: 0.0000600 seconds
196.069: Application time: 0.0719200 seconds
196.070: [GC196.070: [DefNew: 15697K->15697K(18432K), 0.0000110 secs]196.070: [Tenured: 25794K->25795K(40960K), 0.0097140 secs] 41492K->25795K(59392K), [Perm : 6107K->6107K(21248K)], 0.0097750 secs] [Times: user=0.01 sys=0.00, real=0.01 secs] 
196.079: Total time for which application threads were stopped: 0.0101460 seconds, Stopping threads took: 0.0002910 seconds
196.150: Application time: 0.0708810 seconds
196.150: [GC196.150: [DefNew: 15697K->1425K(18432K), 0.0045200 secs] 41493K->41472K(59392K), 0.0045580 secs] [Times: user=0.00 sys=0.00, real=0.01 secs] 
196.155: Total time for which application threads were stopped: 0.0046860 seconds, Stopping threads took: 0.0000610 seconds
196.226: Application time: 0.0708420 seconds
196.226: [GC196.226: [DefNew: 17123K->17123K(18432K), 0.0000100 secs]196.226: [Tenured: 40046K->26507K(40960K), 0.0098810 secs] 57169K->26507K(59392K), [Perm : 6107K->6107K(21248K)], 0.0099410 secs] [Times: user=0.01 sys=0.00, real=0.01 secs] 
196.236: Total time for which application threads were stopped: 0.0100660 seconds, Stopping threads took: 0.0000560 seconds
196.291: Application time: 0.0553390 seconds
196.291: [GC196.291: [DefNew: 15704K->15704K(18432K), 0.0000090 secs]196.291: [Tenured: 26507K->27933K(40960K), 0.0091830 secs] 42211K->27933K(59392K), [Perm : 6107K->6107K(21248K)], 0.0092400 secs] [Times: user=0.01 sys=0.00, real=0.01 secs] 
196.301: Total time for which application threads were stopped: 0.0094190 seconds, Stopping threads took: 0.0001100 seconds
196.373: Application time: 0.0722650 seconds
196.373: [GC196.373: [DefNew: 15691K->15691K(18432K), 0.0000100 secs]196.373: [Tenured: 27933K->30071K(40960K), 0.0103440 secs] 43625K->30071K(59392K), [Perm : 6107K->6107K(21248K)], 0.0104090 secs] [Times: user=0.01 sys=0.00, real=0.01 secs] 
196.383: Total time for which application threads were stopped: 0.0105490 seconds, Stopping threads took: 0.0000670 seconds
196.465: Application time: 0.0817190 seconds
196.465: [GC196.465: [DefNew: 15691K->15691K(18432K), 0.0000100 secs]196.465: [Tenured: 30071K->29359K(40960K), 0.0098880 secs] 45763K->29359K(59392K), [Perm : 6107K->6107K(21248K)], 0.0099480 secs] [Times: user=0.01 sys=0.00, real=0.02 secs] 
196.475: Total time for which application threads were stopped: 0.0100790 seconds, Stopping threads took: 0.0000600 seconds
196.530: Application time: 0.0544320 seconds
196.530: [GC196.530: [DefNew: 15691K->15691K(18432K), 0.0000090 secs]196.530: [Tenured: 29359K->28644K(40960K), 0.0100790 secs] 45050K->28644K(59392K), [Perm : 6107K->6107K(21248K)], 0.0101380 secs] [Times: user=0.01 sys=0.00, real=0.01 secs] 
196.540: Total time for which application threads were stopped: 0.0102820 seconds, Stopping threads took: 0.0000630 seconds
196.612: Application time: 0.0723990 seconds
196.612: [GC196.612: [DefNew: 15691K->15691K(18432K), 0.0000100 secs]196.613: [Tenured: 28644K->29357K(40960K), 0.0092670 secs] 44336K->29357K(59392K), [Perm : 6107K->6107K(21248K)], 0.0093230 secs] [Times: user=0.01 sys=0.00, real=0.01 secs] 
196.622: Total time for which application threads were stopped: 0.0094630 seconds, Stopping threads took: 0.0000700 seconds
196.696: Application time: 0.0738690 seconds
196.696: [GC196.696: [DefNew: 15691K->15691K(18432K), 0.0000100 secs]196.696: [Tenured: 29357K->28644K(40960K), 0.0091570 secs] 45049K->28644K(59392K), [Perm : 6107K->6107K(21248K)], 0.0092150 secs] [Times: user=0.01 sys=0.00, real=0.00 secs] 
196.705: Total time for which application threads were stopped: 0.0093460 seconds, Stopping threads took: 0.0000630 seconds
196.761: Application time: 0.0561940 seconds
196.761: [GC196.761: [DefNew: 15706K->15706K(18432K), 0.0000100 secs]196.761: [Tenured: 28644K->28646K(40960K), 0.0091310 secs] 44351K->28646K(59392K), [Perm : 6107K->6107K(21248K)], 0.0091960 secs] [Times: user=0.01 sys=0.00, real=0.01 secs] 
196.771: Total time for which application threads were stopped: 0.0093290 seconds, Stopping threads took: 0.0000640 seconds
196.844: Application time: 0.0729370 seconds
196.844: [GC196.844: [DefNew: 15698K->15698K(18432K), 0.0000100 secs]196.844: [Tenured: 28646K->26507K(40960K), 0.0106370 secs] 44345K->26507K(59392K), [Perm : 6107K->6107K(21248K)], 0.0106930 secs] [Times: user=0.01 sys=0.00, real=0.02 secs] 
196.854: Total time for which application threads were stopped: 0.0108290 seconds, Stopping threads took: 0.0000690 seconds
196.918: Application time: 0.0632180 seconds
196.918: [GC196.918: [DefNew: 15689K->15689K(18432K), 0.0000110 secs]196.918: [Tenured: 26507K->29357K(40960K), 0.0100120 secs] 42196K->29357K(59392K), [Perm : 6107K->6107K(21248K)], 0.0100740 secs] [Times: user=0.01 sys=0.00, real=0.01 secs] 
196.928: Total time for which application threads were stopped: 0.0102060 seconds, Stopping threads took: 0.0000630 seconds
196.997: Application time: 0.0689470 seconds
196.997: [GC196.997: [DefNew: 15689K->15689K(18432K), 0.0000110 secs]196.997: [Tenured: 29357K->28645K(40960K), 0.0097960 secs] 45047K->28645K(59392K), [Perm : 6107K->6107K(21248K)], 0.0098530 secs] [Times: user=0.01 sys=0.00, real=0.01 secs] 
197.007: Total time for which application threads were stopped: 0.0099860 seconds, Stopping threads took: 0.0000630 seconds
197.051: Application time: 0.0447640 seconds
197.052: [GC197.052: [DefNew: 15691K->15691K(18432K), 0.0000090 secs]197.052: [Tenured: 28645K->26507K(40960K), 0.0089350 secs] 44336K->26507K(59392K), [Perm : 6107K->6107K(21248K)], 0.0089960 secs] [Times: user=0.00 sys=0.00, real=0.01 secs] 
197.061: Total time for which application threads were stopped: 0.0091960 seconds, Stopping threads took: 0.0001210 seconds
197.127: Application time: 0.0664210 seconds
197.127: [GC197.127: [DefNew: 15708K->15708K(18432K), 0.0000100 secs]197.127: [Tenured: 26507K->25082K(40960K), 0.0111460 secs] 42216K->25082K(59392K), [Perm : 6107K->6107K(21248K)], 0.0112050 secs] [Times: user=0.01 sys=0.00, real=0.01 secs] 
197.138: Total time for which application threads were stopped: 0.0113490 seconds, Stopping threads took: 0.0000750 seconds
197.192: Application time: 0.0539610 seconds
197.193: [GC197.193: [DefNew: 15689K->1425K(18432K), 0.0040690 secs] 40772K->39333K(59392K), 0.0041130 secs] [Times: user=0.00 sys=0.00, real=0.01 secs] 
197.197: Total time for which application threads were stopped: 0.0042450 seconds, Stopping threads took: 0.0000640 seconds
197.261: Application time: 0.0638800 seconds
197.261: [GC197.261: [DefNew: 17130K->17130K(18432K), 0.0000100 secs]197.261: [Tenured: 37908K->25083K(40960K), 0.0109640 secs] 55038K->25083K(59392K), [Perm : 6107K->6107K(21248K)], 0.0110230 secs] [Times: user=0.01 sys=0.00, real=0.01 secs] 
197.272: Total time for which application threads were stopped: 0.0113060 seconds, Stopping threads took: 0.0002150 seconds
197.316: Application time: 0.0438170 seconds
197.316: [GC197.316: [DefNew: 15696K->1426K(18432K), 0.0036080 secs] 40779K->37197K(59392K), 0.0036490 secs] [Times: user=0.01 sys=0.00, real=0.00 secs] 
197.320: Total time for which application threads were stopped: 0.0038450 seconds, Stopping threads took: 0.0001090 seconds
197.372: Application time: 0.0521430 seconds
197.372: [GC197.372: [DefNew: 17113K->17113K(18432K), 0.0000100 secs]197.372: [Tenured: 35771K->25082K(40960K), 0.0103310 secs] 52885K->25082K(59392K), [Perm : 6107K->6107K(21248K)], 0.0103880 secs] [Times: user=0.01 sys=0.00, real=0.01 secs] 
197.382: Total time for which application threads were stopped: 0.0105530 seconds, Stopping threads took: 0.0000860 seconds
197.442: Application time: 0.0593360 seconds
197.442: [GC197.442: [DefNew: 15687K->1425K(18432K), 0.0035000 secs] 40770K->37196K(59392K), 0.0035390 secs] [Times: user=0.00 sys=0.00, real=0.00 secs] 
197.445: Total time for which application threads were stopped: 0.0038370 seconds, Stopping threads took: 0.0002300 seconds
197.501: Application time: 0.0556250 seconds
197.501: [GC197.501: [DefNew: 17115K->17115K(18432K), 0.0000100 secs]197.501: [Tenured: 35771K->24370K(40960K), 0.0096910 secs] 52886K->24370K(59392K), [Perm : 6107K->6107K(21248K)], 0.0097510 secs] [Times: user=0.01 sys=0.00, real=0.01 secs] 
197.511: Total time for which application threads were stopped: 0.0099540 seconds, Stopping threads took: 0.0001130 seconds
197.552: Application time: 0.0410240 seconds
197.552: [GC197.552: [DefNew: 15688K->1425K(18432K), 0.0036030 secs] 40058K->36484K(59392K), 0.0036440 secs] [Times: user=0.01 sys=0.00, real=0.01 secs] 
197.556: Total time for which application threads were stopped: 0.0037880 seconds, Stopping threads took: 0.0000750 seconds
197.609: Application time: 0.0536230 seconds
197.610: [GC197.610: [DefNew: 17113K->17113K(18432K), 0.0000100 secs]197.610: [Tenured: 35059K->24370K(40960K), 0.0097770 secs] 52172K->24370K(59392K), [Perm : 6107K->6107K(21248K)], 0.0098370 secs] [Times: user=0.01 sys=0.00, real=0.01 secs] 
197.619: Total time for which application threads were stopped: 0.0100370 seconds, Stopping threads took: 0.0001190 seconds
197.684: Application time: 0.0648410 seconds
197.684: [GC197.684: [DefNew: 15690K->1425K(18432K), 0.0037030 secs] 40061K->37196K(59392K), 0.0037440 secs] [Times: user=0.00 sys=0.00, real=0.01 secs] 
197.688: Total time for which application threads were stopped: 0.0038990 seconds, Stopping threads took: 0.0000800 seconds
197.726: Application time: 0.0379430 seconds
197.726: [GC197.726: [DefNew: 17113K->17113K(18432K), 0.0000100 secs]197.726: [Tenured: 35771K->25083K(40960K), 0.0092050 secs] 52885K->25083K(59392K), [Perm : 6107K->6107K(21248K)], 0.0092640 secs] [Times: user=0.01 sys=0.00, real=0.01 secs] 
197.736: Total time for which application threads were stopped: 0.0093940 seconds, Stopping threads took: 0.0000600 seconds
197.794: Application time: 0.0582260 seconds
197.794: [GC197.794: [DefNew: 15705K->1427K(18432K), 0.0035690 secs] 40789K->37199K(59392K), 0.0036110 secs] [Times: user=0.01 sys=0.00, real=0.00 secs] 
197.798: Total time for which application threads were stopped: 0.0037960 seconds, Stopping threads took: 0.0001170 seconds
197.850: Application time: 0.0521310 seconds
197.850: [GC197.850: [DefNew: 17124K->17124K(18432K), 0.0000100 secs]197.850: [Tenured: 35772K->25799K(40960K), 0.0097640 secs] 52896K->25799K(59392K), [Perm : 6107K->6107K(21248K)], 0.0098240 secs] [Times: user=0.01 sys=0.00, real=0.01 secs] 
197.860: Total time for which application threads were stopped: 0.0100390 seconds, Stopping threads took: 0.0001260 seconds
197.913: Application time: 0.0532420 seconds
197.913: [GC197.913: [DefNew: 15689K->15689K(18432K), 0.0000090 secs]197.913: [Tenured: 25799K->26511K(40960K), 0.0094010 secs] 41488K->26511K(59392K), [Perm : 6107K->6107K(21248K)], 0.0094590 secs] [Times: user=0.01 sys=0.00, real=0.01 secs] 
197.923: Total time for which application threads were stopped: 0.0095910 seconds, Stopping threads took: 0.0000630 seconds
197.963: Application time: 0.0404960 seconds
197.963: [GC197.963: [DefNew: 15688K->15688K(18432K), 0.0000090 secs]197.963: [Tenured: 26511K->25796K(40960K), 0.0106610 secs] 42200K->25796K(59392K), [Perm : 6107K->6107K(21248K)], 0.0107190 secs] [Times: user=0.01 sys=0.00, real=0.02 secs] 
197.974: Total time for which application threads were stopped: 0.0108970 seconds, Stopping threads took: 0.0001110 seconds
198.034: Application time: 0.0605320 seconds
198.035: [GC198.035: [DefNew: 15689K->15689K(18432K), 0.0000100 secs]198.035: [Tenured: 25796K->25084K(40960K), 0.0107020 secs] 41485K->25084K(59392K), [Perm : 6107K->6107K(21248K)], 0.0107650 secs] [Times: user=0.01 sys=0.00, real=0.00 secs] 
198.045: Total time for which application threads were stopped: 0.0109410 seconds, Stopping threads took: 0.0000950 seconds
198.086: Application time: 0.0409270 seconds
198.087: [GC198.087: [DefNew: 15697K->1426K(18432K), 0.0034690 secs] 40781K->37199K(59392K), 0.0035200 secs] [Times: user=0.00 sys=0.00, real=0.00 secs] 
198.090: Total time for which application threads were stopped: 0.0037270 seconds, Stopping threads took: 0.0001360 seconds
198.154: Application time: 0.0640850 seconds
198.154: [GC198.154: [DefNew: 17123K->17123K(18432K), 0.0000100 secs]198.154: [Tenured: 35773K->25798K(40960K), 0.0090830 secs] 52896K->25798K(59392K), [Perm : 6107K->6107K(21248K)], 0.0091410 secs] [Times: user=0.01 sys=0.00, real=0.00 secs] 
198.164: Total time for which application threads were stopped: 0.0093550 seconds, Stopping threads took: 0.0001270 seconds
198.211: Application time: 0.0475640 seconds
198.211: [GC198.211: [DefNew: 15689K->15689K(18432K), 0.0000100 secs]198.211: [Tenured: 25798K->27936K(40960K), 0.0093310 secs] 41487K->27936K(59392K), [Perm : 6107K->6107K(21248K)], 0.0093920 secs] [Times: user=0.01 sys=0.00, real=0.01 secs] 
198.221: Total time for which application threads were stopped: 0.0095270 seconds, Stopping threads took: 0.0000660 seconds
198.277: Application time: 0.0562200 seconds
198.277: [GC198.277: [DefNew: 15697K->15697K(18432K), 0.0000100 secs]198.277: [Tenured: 27936K->26509K(40960K), 0.0108720 secs] 43633K->26509K(59392K), [Perm : 6107K->6107K(21248K)], 0.0109320 secs] [Times: user=0.01 sys=0.00, real=0.01 secs] 
198.288: Total time for which application threads were stopped: 0.0112350 seconds, Stopping threads took: 0.0002140 seconds
198.338: Application time: 0.0497510 seconds
198.338: [GC198.338: [DefNew: 15705K->15705K(18432K), 0.0000090 secs]198.338: [Tenured: 26509K->27936K(40960K), 0.0092240 secs] 42215K->27936K(59392K), [Perm : 6107K->6107K(21248K)], 0.0092840 secs] [Times: user=0.01 sys=0.00, real=0.01 secs] 
198.347: Total time for which application threads were stopped: 0.0094240 seconds, Stopping threads took: 0.0000700 seconds
198.407: Application time: 0.0595260 seconds
198.407: [GC198.407: [DefNew: 15688K->15688K(18432K), 0.0000110 secs]198.407: [Tenured: 27936K->28648K(40960K), 0.0102650 secs] 43625K->28648K(59392K), [Perm : 6107K->6107K(21248K)], 0.0103250 secs] [Times: user=0.02 sys=0.00, real=0.01 secs] 
198.417: Total time for which application threads were stopped: 0.0104580 seconds, Stopping threads took: 0.0000640 seconds
198.454: Application time: 0.0372320 seconds
198.455: [GC198.455: [DefNew: 15688K->15688K(18432K), 0.0000100 secs]198.455: [Tenured: 28648K->27936K(40960K), 0.0097270 secs] 44337K->27936K(59392K), [Perm : 6107K->6107K(21248K)], 0.0097870 secs] [Times: user=0.01 sys=0.00, real=0.00 secs] 
198.465: Total time for which application threads were stopped: 0.0100880 seconds, Stopping threads took: 0.0002120 seconds
198.527: Application time: 0.0619660 seconds
198.527: [GC198.527: [DefNew: 15688K->15688K(18432K), 0.0000100 secs]198.527: [Tenured: 27936K->28646K(40960K), 0.0100470 secs] 43624K->28646K(59392K), [Perm : 6107K->6107K(21248K)], 0.0101050 secs] [Times: user=0.01 sys=0.00, real=0.01 secs] 
198.537: Total time for which application threads were stopped: 0.0102470 seconds, Stopping threads took: 0.0000740 seconds
198.593: Application time: 0.0566080 seconds
198.594: [GC198.594: [DefNew: 15688K->15688K(18432K), 0.0000100 secs]198.594: [Tenured: 28646K->29359K(40960K), 0.0108180 secs] 44335K->29359K(59392K), [Perm : 6107K->6107K(21248K)], 0.0108800 secs] [Times: user=0.01 sys=0.00, real=0.00 secs] 
198.604: Total time for which application threads were stopped: 0.0110600 seconds, Stopping threads took: 0.0001080 seconds
198.634: Application time: 0.0298190 seconds
198.634: [GC198.634: [DefNew: 15688K->15688K(18432K), 0.0000100 secs]198.635: [Tenured: 29359K->28646K(40960K), 0.0098020 secs] 45047K->28646K(59392K), [Perm : 6107K->6107K(21248K)], 0.0098620 secs] [Times: user=0.01 sys=0.00, real=0.00 secs] 
198.644: Total time for which application threads were stopped: 0.0100830 seconds, Stopping threads took: 0.0001320 seconds
198.712: Application time: 0.0674720 seconds
198.712: [GC198.712: [DefNew: 15688K->15688K(18432K), 0.0000110 secs]198.712: [Tenured: 28646K->29359K(40960K), 0.0107840 secs] 44335K->29359K(59392K), [Perm : 6107K->6107K(21248K)], 0.0108540 secs] [Times: user=0.01 sys=0.00, real=0.01 secs] 
198.723: Total time for which application threads were stopped: 0.0110450 seconds, Stopping threads took: 0.0001100 seconds
198.784: Application time: 0.0607090 seconds
198.784: [GC198.784: [DefNew: 15688K->15688K(18432K), 0.0000100 secs]198.784: [Tenured: 29359K->28646K(40960K), 0.0090590 secs] 45047K->28646K(59392K), [Perm : 6107K->6107K(21248K)], 0.0091180 secs] [Times: user=0.01 sys=0.00, real=0.01 secs] 
198.793: Total time for which application threads were stopped: 0.0092490 seconds, Stopping threads took: 0.0000580 seconds
198.824: Application time: 0.0307880 seconds
198.824: [GC198.824: [DefNew: 15688K->15688K(18432K), 0.0000100 secs]198.824: [Tenured: 28646K->29359K(40960K), 0.0099600 secs] 44334K->29359K(59392K), [Perm : 6107K->6107K(21248K)], 0.0100180 secs] [Times: user=0.01 sys=0.00, real=0.02 secs] 
198.834: Total time for which application threads were stopped: 0.0101650 seconds, Stopping threads took: 0.0000780 seconds
198.897: Application time: 0.0636840 seconds
198.898: [GC198.898: [DefNew: 15696K->15696K(18432K), 0.0000100 secs]198.898: [Tenured: 29359K->28647K(40960K), 0.0096400 secs] 45055K->28647K(59392K), [Perm : 6107K->6107K(21248K)], 0.0097150 secs] [Times: user=0.01 sys=0.00, real=0.01 secs] 
198.907: Total time for which application threads were stopped: 0.0098730 seconds, Stopping threads took: 0.0000790 seconds
198.923: Application time: 0.0161190 seconds
198.924: [GC198.924: [DefNew: 15796K->15796K(18432K), 0.0000100 secs]198.924: [Tenured: 28647K->26564K(40960K), 0.0110530 secs] 44444K->26564K(59392K), [Perm : 6107K->6107K(21248K)], 0.0111160 secs] [Times: user=0.02 sys=0.00, real=0.02 secs] 
198.935: Total time for which application threads were stopped: 0.0113360 seconds, Stopping threads took: 0.0001280 seconds
198.944: Application time: 0.0092190 seconds
198.944: [GC198.944: [DefNew: 16313K->16313K(18432K), 0.0000110 secs]198.944: [Tenured: 26564K->24378K(40960K), 0.0096890 secs] 42877K->24378K(59392K), [Perm : 6107K->6107K(21248K)], 0.0097480 secs] [Times: user=0.01 sys=0.00, real=0.02 secs] 
198.954: Total time for which application threads were stopped: 0.0099270 seconds, Stopping threads took: 0.0001070 seconds
198.958: Application time: 0.0038800 seconds
198.959: [GC198.959: [DefNew: 15714K->1426K(18432K), 0.0010200 secs] 40092K->27229K(59392K), 0.0010470 secs] [Times: user=0.00 sys=0.00, real=0.00 secs] 
198.960: Total time for which application threads were stopped: 0.0018860 seconds, Stopping threads took: 0.0007800 seconds
198.963: Application time: 0.0035180 seconds
198.963: [GC198.963: [DefNew: 17106K->17106K(18432K), 0.0000100 secs]198.963: [Tenured: 25803K->30080K(40960K), 0.0066300 secs] 42909K->30080K(59392K), [Perm : 6107K->6107K(21248K)], 0.0066850 secs] [Times: user=0.01 sys=0.00, real=0.01 secs] 
198.970: Total time for which application threads were stopped: 0.0068790 seconds, Stopping threads took: 0.0001160 seconds
198.975: Application time: 0.0050260 seconds
198.976: [GC198.976: [DefNew: 15687K->15687K(18432K), 0.0000100 secs]198.976: [Tenured: 30080K->25083K(40960K), 0.0087960 secs] 45767K->25083K(59392K), [Perm : 6107K->6107K(21248K)], 0.0088570 secs] [Times: user=0.01 sys=0.00, real=0.00 secs] 
198.985: Total time for which application threads were stopped: 0.0099150 seconds, Stopping threads took: 0.0009760 seconds
198.989: Application time: 0.0042660 seconds
198.990: [GC198.990: [DefNew: 15681K->1425K(18432K), 0.0014400 secs] 40765K->29358K(59392K), 0.0014770 secs] [Times: user=0.00 sys=0.00, real=0.00 secs] 
198.992: Total time for which application threads were stopped: 0.0025530 seconds, Stopping threads took: 0.0010130 seconds
198.996: Application time: 0.0040440 seconds
198.996: [GC198.996: [DefNew: 17111K->17111K(18432K), 0.0000090 secs]198.996: [Tenured: 27933K->26508K(40960K), 0.0087550 secs] 45044K->26508K(59392K), [Perm : 6107K->6107K(21248K)], 0.0088170 secs] [Times: user=0.01 sys=0.00, real=0.00 secs] 
199.005: Total time for which application threads were stopped: 0.0093100 seconds, Stopping threads took: 0.0004010 seconds
199.009: Application time: 0.0036260 seconds
199.009: [GC199.009: [DefNew: 15680K->15680K(18432K), 0.0000120 secs]199.009: [Tenured: 26508K->27221K(40960K), 0.0080610 secs] 42188K->27221K(59392K), [Perm : 6107K->6107K(21248K)], 0.0081190 secs] [Times: user=0.01 sys=0.00, real=0.01 secs] 
199.017: Total time for which application threads were stopped: 0.0083350 seconds, Stopping threads took: 0.0001450 seconds
199.021: Application time: 0.0037100 seconds
199.022: [GC199.022: [DefNew: 15680K->15680K(18432K), 0.0000100 secs]199.022: [Tenured: 27221K->26508K(40960K), 0.0060840 secs] 42901K->26508K(59392K), [Perm : 6107K->6107K(21248K)], 0.0061440 secs] [Times: user=0.01 sys=0.00, real=0.01 secs] 
199.028: Total time for which application threads were stopped: 0.0067300 seconds, Stopping threads took: 0.0005050 seconds
199.032: Application time: 0.0046110 seconds
199.033: [GC199.033: [DefNew: 15689K->15689K(18432K), 0.0000110 secs]199.033: [Tenured: 26508K->25083K(40960K), 0.0102450 secs] 42198K->25083K(59392K), [Perm : 6107K->6107K(21248K)], 0.0103150 secs] [Times: user=0.01 sys=0.00, real=0.01 secs] 
199.043: Total time for which application threads were stopped: 0.0110360 seconds, Stopping threads took: 0.0006230 seconds
199.047: Application time: 0.0037510 seconds
199.047: [GC199.047: [DefNew: 15691K->1425K(18432K), 0.0019530 secs] 40775K->31498K(59392K), 0.0019990 secs] [Times: user=0.00 sys=0.00, real=0.00 secs] 
199.049: Total time for which application threads were stopped: 0.0023590 seconds, Stopping threads took: 0.0002840 seconds
199.053: Application time: 0.0032390 seconds
199.053: [GC199.053: [DefNew: 17107K->17107K(18432K), 0.0000090 secs]199.053: [Tenured: 30072K->27934K(40960K), 0.0097570 secs] 47179K->27934K(59392K), [Perm : 6107K->6107K(21248K)], 0.0098190 secs] [Times: user=0.01 sys=0.00, real=0.01 secs] 
199.063: Total time for which application threads were stopped: 0.0100590 seconds, Stopping threads took: 0.0001490 seconds
199.066: Application time: 0.0035110 seconds
199.066: [GC199.066: [DefNew: 15681K->15681K(18432K), 0.0000110 secs]199.066: [Tenured: 27934K->27221K(40960K), 0.0068890 secs] 43615K->27221K(59392K), [Perm : 6107K->6107K(21248K)], 0.0069460 secs] [Times: user=0.00 sys=0.00, real=0.00 secs] 
199.073: Total time for which application threads were stopped: 0.0070890 seconds, Stopping threads took: 0.0000730 seconds
199.077: Application time: 0.0039300 seconds
199.078: [GC199.078: [DefNew: 15680K->15680K(18432K), 0.0000110 secs]199.078: [Tenured: 27221K->28646K(40960K), 0.0078700 secs] 42902K->28646K(59392K), [Perm : 6107K->6107K(21248K)], 0.0079270 secs] [Times: user=0.01 sys=0.00, real=0.01 secs] 
199.086: Total time for which application threads were stopped: 0.0085560 seconds, Stopping threads took: 0.0005390 seconds
199.092: Application time: 0.0062100 seconds
199.092: [GC199.092: [DefNew: 15697K->15697K(18432K), 0.0000110 secs]199.092: [Tenured: 28646K->29360K(40960K), 0.0071440 secs] 44344K->29360K(59392K), [Perm : 6107K->6107K(21248K)], 0.0071980 secs] [Times: user=0.01 sys=0.00, real=0.01 secs] 
199.099: Total time for which application threads were stopped: 0.0073510 seconds, Stopping threads took: 0.0000710 seconds
199.103: Application time: 0.0037850 seconds
199.103: [GC199.103: [DefNew: 15679K->15679K(18432K), 0.0000100 secs]199.103: [Tenured: 29360K->30072K(40960K), 0.0061770 secs] 45040K->30072K(59392K), [Perm : 6107K->6107K(21248K)], 0.0062310 secs] [Times: user=0.00 sys=0.00, real=0.01 secs] 
199.110: Total time for which application threads were stopped: 0.0064060 seconds, Stopping threads took: 0.0000960 seconds
199.115: Application time: 0.0057760 seconds
199.116: [GC199.116: [DefNew: 15686K->15686K(18432K), 0.0000090 secs]199.116: [Tenured: 30072K->25084K(40960K), 0.0089680 secs] 45759K->25084K(59392K), [Perm : 6107K->6107K(21248K)], 0.0090280 secs] [Times: user=0.01 sys=0.00, real=0.00 secs] 
199.125: Total time for which application threads were stopped: 0.0092340 seconds, Stopping threads took: 0.0001250 seconds
199.172: Application time: 0.0476910 seconds
199.172: [GC199.172: [DefNew: 15690K->1425K(18432K), 0.0035020 secs] 40774K->37198K(59392K), 0.0035410 secs] [Times: user=0.00 sys=0.00, real=0.01 secs] 
199.176: Total time for which application threads were stopped: 0.0037100 seconds, Stopping threads took: 0.0000910 seconds
199.246: Application time: 0.0702170 seconds
199.246: [GC199.246: [DefNew: 17115K->17115K(18432K), 0.0000090 secs]199.246: [Tenured: 35772K->27933K(40960K), 0.0092250 secs] 52887K->27933K(59392K), [Perm : 6107K->6107K(21248K)], 0.0092810 secs] [Times: user=0.01 sys=0.00, real=0.01 secs] 
199.256: Total time for which application threads were stopped: 0.0094150 seconds, Stopping threads took: 0.0000510 seconds
199.307: Application time: 0.0515410 seconds
199.307: [GC199.307: [DefNew: 15720K->15720K(18432K), 0.0000090 secs]199.307: [Tenured: 27933K->28675K(40960K), 0.0100760 secs] 43653K->28675K(59392K), [Perm : 6107K->6107K(21248K)], 0.0101320 secs] [Times: user=0.01 sys=0.00, real=0.01 secs] 
199.318: Total time for which application threads were stopped: 0.0103340 seconds, Stopping threads took: 0.0001160 seconds
199.325: Application time: 0.0074820 seconds
199.326: [GC199.326: [DefNew: 15679K->15679K(18432K), 0.0000110 secs]199.326: [Tenured: 28675K->27250K(40960K), 0.0091680 secs] 44354K->27250K(59392K), [Perm : 6107K->6107K(21248K)], 0.0092300 secs] [Times: user=0.01 sys=0.00, real=0.01 secs] 
199.335: Total time for which application threads were stopped: 0.0100440 seconds, Stopping threads took: 0.0007310 seconds
199.342: Application time: 0.0065480 seconds
199.342: [GC199.342: [DefNew: 15685K->15685K(18432K), 0.0000100 secs]199.342: [Tenured: 27250K->27933K(40960K), 0.0112110 secs] 42935K->27933K(59392K), [Perm : 6107K->6107K(21248K)], 0.0112710 secs] [Times: user=0.01 sys=0.00, real=0.01 secs] 
199.353: Total time for which application threads were stopped: 0.0114150 seconds, Stopping threads took: 0.0000690 seconds
199.357: Application time: 0.0042210 seconds
199.358: [GC199.358: [DefNew: 15679K->15679K(18432K), 0.0000100 secs]199.358: [Tenured: 27933K->26508K(40960K), 0.0094010 secs] 43612K->26508K(59392K), [Perm : 6107K->6107K(21248K)], 0.0094630 secs] [Times: user=0.01 sys=0.00, real=0.01 secs] 
199.367: Total time for which application threads were stopped: 0.0100930 seconds, Stopping threads took: 0.0005580 seconds
199.374: Application time: 0.0062210 seconds
199.374: [GC199.374: [DefNew: 16262K->16262K(18432K), 0.0000100 secs]199.374: [Tenured: 26508K->24406K(40960K), 0.0094080 secs] 42770K->24406K(59392K), [Perm : 6107K->6107K(21248K)], 0.0094660 secs] [Times: user=0.01 sys=0.00, real=0.00 secs] 
199.383: Total time for which application threads were stopped: 0.0096370 seconds, Stopping threads took: 0.0001020 seconds
199.389: Application time: 0.0058690 seconds
199.390: [GC199.390: [DefNew: 15855K->1425K(18432K), 0.0015520 secs] 40262K->29395K(59392K), 0.0015840 secs] [Times: user=0.01 sys=0.00, real=0.00 secs] 
199.392: Total time for which application threads were stopped: 0.0025950 seconds, Stopping threads took: 0.0009300 seconds
199.396: Application time: 0.0046370 seconds
199.397: [GC199.397: [DefNew: 17108K->17108K(18432K), 0.0000090 secs]199.397: [Tenured: 27969K->26537K(40960K), 0.0089240 secs] 45078K->26537K(59392K), [Perm : 6107K->6107K(21248K)], 0.0089840 secs] [Times: user=0.01 sys=0.00, real=0.01 secs] 
199.406: Total time for which application threads were stopped: 0.0098780 seconds, Stopping threads took: 0.0008000 seconds
199.411: Application time: 0.0052770 seconds
199.412: [GC199.412: [DefNew: 15680K->15680K(18432K), 0.0000090 secs]199.412: [Tenured: 26537K->25795K(40960K), 0.0101250 secs] 42218K->25795K(59392K), [Perm : 6107K->6107K(21248K)], 0.0101830 secs] [Times: user=0.01 sys=0.00, real=0.01 secs] 
199.422: Total time for which application threads were stopped: 0.0103150 seconds, Stopping threads took: 0.0000580 seconds
199.426: Application time: 0.0044780 seconds
199.427: [GC199.427: [DefNew: 15687K->15687K(18432K), 0.0000100 secs]199.427: [Tenured: 25795K->25796K(40960K), 0.0076520 secs] 41483K->25796K(59392K), [Perm : 6107K->6107K(21248K)], 0.0077140 secs] [Times: user=0.01 sys=0.00, real=0.01 secs] 
199.435: Total time for which application threads were stopped: 0.0088110 seconds, Stopping threads took: 0.0010100 seconds
199.439: Application time: 0.0035920 seconds
199.439: [GC199.439: [DefNew: 15687K->15687K(18432K), 0.0000090 secs]199.439: [Tenured: 25796K->29360K(40960K), 0.0066000 secs] 41484K->29360K(59392K), [Perm : 6107K->6107K(21248K)], 0.0066590 secs] [Times: user=0.01 sys=0.00, real=0.01 secs] 
199.446: Total time for which application threads were stopped: 0.0068480 seconds, Stopping threads took: 0.0001090 seconds
199.450: Application time: 0.0040970 seconds
199.450: [GC199.450: [DefNew: 15682K->15682K(18432K), 0.0000090 secs]199.450: [Tenured: 29360K->26508K(40960K), 0.0094340 secs] 45042K->26508K(59392K), [Perm : 6107K->6107K(21248K)], 0.0094960 secs] [Times: user=0.01 sys=0.00, real=0.01 secs] 
199.460: Total time for which application threads were stopped: 0.0100310 seconds, Stopping threads took: 0.0004560 seconds
199.463: Application time: 0.0036390 seconds
199.464: [GC199.464: [DefNew: 15680K->15680K(18432K), 0.0000110 secs]199.464: [Tenured: 26508K->26508K(40960K), 0.0075310 secs] 42188K->26508K(59392K), [Perm : 6107K->6107K(21248K)], 0.0075850 secs] [Times: user=0.01 sys=0.00, real=0.01 secs] 
199.471: Total time for which application threads were stopped: 0.0078710 seconds, Stopping threads took: 0.0001990 seconds
199.475: Application time: 0.0041000 seconds
199.476: [GC199.476: [DefNew: 15679K->15679K(18432K), 0.0000100 secs]199.476: [Tenured: 26508K->25796K(40960K), 0.0061670 secs] 42188K->25796K(59392K), [Perm : 6107K->6107K(21248K)], 0.0062260 secs] [Times: user=0.00 sys=0.00, real=0.00 secs] 
199.482: Total time for which application threads were stopped: 0.0068780 seconds, Stopping threads took: 0.0005650 seconds
199.490: Application time: 0.0077380 seconds
199.490: [GC199.490: [DefNew: 15696K->15696K(18432K), 0.0000100 secs]199.490: [Tenured: 25796K->27221K(40960K), 0.0068260 secs] 41492K->27221K(59392K), [Perm : 6107K->6107K(21248K)], 0.0068870 secs] [Times: user=0.00 sys=0.00, real=0.01 secs] 
199.497: Total time for which application threads were stopped: 0.0070330 seconds, Stopping threads took: 0.0000730 seconds
199.503: Application time: 0.0065300 seconds
199.504: [GC199.504: [DefNew: 15679K->15679K(18432K), 0.0000100 secs]199.504: [Tenured: 27221K->27221K(40960K), 0.0065210 secs] 42900K->27221K(59392K), [Perm : 6107K->6107K(21248K)], 0.0065740 secs] [Times: user=0.00 sys=0.00, real=0.01 secs] 
199.510: Total time for which application threads were stopped: 0.0067190 seconds, Stopping threads took: 0.0000790 seconds
199.515: Application time: 0.0050880 seconds
199.515: [GC199.515: [DefNew: 15687K->15687K(18432K), 0.0000100 secs]199.515: [Tenured: 27221K->26508K(40960K), 0.0085070 secs] 42908K->26508K(59392K), [Perm : 6107K->6107K(21248K)], 0.0085690 secs] [Times: user=0.01 sys=0.00, real=0.00 secs] 
199.524: Total time for which application threads were stopped: 0.0087650 seconds, Stopping threads took: 0.0001220 seconds
199.528: Application time: 0.0041150 seconds
199.528: [GC199.528: [DefNew: 15769K->15769K(18432K), 0.0000090 secs]199.528: [Tenured: 26508K->24401K(40960K), 0.0083850 secs] 42278K->24401K(59392K), [Perm : 6107K->6107K(21248K)], 0.0084460 secs] [Times: user=0.01 sys=0.00, real=0.01 secs] 
199.537: Total time for which application threads were stopped: 0.0086470 seconds, Stopping threads took: 0.0001290 seconds
199.549: Application time: 0.0121410 seconds
199.550: [GC199.550: [DefNew: 16345K->1426K(18432K), 0.0012550 secs] 40747K->28678K(59392K), 0.0012880 secs] [Times: user=0.00 sys=0.00, real=0.00 secs] 
199.551: Total time for which application threads were stopped: 0.0022080 seconds, Stopping threads took: 0.0008400 seconds
199.557: Application time: 0.0063150 seconds
199.558: [GC199.558: [DefNew: 17437K->17437K(18432K), 0.0000100 secs]199.558: [Tenured: 27251K->17339K(40960K), 0.0089150 secs] 44689K->17339K(59392K), [Perm : 6107K->6107K(21248K)], 0.0089800 secs] [Times: user=0.01 sys=0.00, real=0.01 secs] 
199.567: Total time for which application threads were stopped: 0.0091970 seconds, Stopping threads took: 0.0001390 seconds
199.574: Application time: 0.0071860 seconds
199.575: [GC199.575: [DefNew: 16115K->1435K(18432K), 0.0008320 secs] 33454K->20200K(59392K), 0.0008640 secs] [Times: user=0.00 sys=0.00, real=0.00 secs] 
199.575: Total time for which application threads were stopped: 0.0016210 seconds, Stopping threads took: 0.0006860 seconds
199.579: Application time: 0.0040070 seconds
199.580: [GC199.580: [DefNew: 17141K->1426K(18432K), 0.0020470 secs] 35906K->25180K(59392K), 0.0020840 secs] [Times: user=0.00 sys=0.00, real=0.00 secs] 
199.582: Total time for which application threads were stopped: 0.0026900 seconds, Stopping threads took: 0.0005290 seconds
199.586: Application time: 0.0038700 seconds
199.587: [GC199.587: [DefNew: 17108K->1425K(18432K), 0.0006980 secs] 40861K->25892K(59392K), 0.0007270 secs] [Times: user=0.00 sys=0.00, real=0.00 secs] 
199.588: Total time for which application threads were stopped: 0.0017630 seconds, Stopping threads took: 0.0009600 seconds
199.592: Application time: 0.0038740 seconds
199.592: [GC199.592: [DefNew: 17106K->1425K(18432K), 0.0006780 secs] 41574K->26605K(59392K), 0.0007070 secs] [Times: user=0.00 sys=0.00, real=0.00 secs] 
199.593: Total time for which application threads were stopped: 0.0013720 seconds, Stopping threads took: 0.0005970 seconds
199.597: Application time: 0.0037340 seconds
199.598: [GC199.598: [DefNew: 17108K->1425K(18432K), 0.0008900 secs] 42288K->28030K(59392K), 0.0009170 secs] [Times: user=0.00 sys=0.00, real=0.00 secs] 
199.599: Total time for which application threads were stopped: 0.0018540 seconds, Stopping threads took: 0.0008570 seconds
199.603: Application time: 0.0042770 seconds
199.604: [GC199.604: [DefNew: 17114K->1426K(18432K), 0.0014480 secs] 43720K->30881K(59392K), 0.0014820 secs] [Times: user=0.00 sys=0.00, real=0.00 secs] 
199.605: Total time for which application threads were stopped: 0.0024360 seconds, Stopping threads took: 0.0008710 seconds
199.609: Application time: 0.0036320 seconds
199.610: [GC199.610: [DefNew: 17119K->1426K(18432K), 0.0014530 secs] 46575K->33733K(59392K), 0.0014860 secs] [Times: user=0.00 sys=0.00, real=0.00 secs] 
199.611: Total time for which application threads were stopped: 0.0021970 seconds, Stopping threads took: 0.0006460 seconds
199.615: Application time: 0.0035090 seconds
199.615: [GC199.615: [DefNew: 17108K->17108K(18432K), 0.0000110 secs]199.615: [Tenured: 32306K->21605K(40960K), 0.0100000 secs] 49414K->21605K(59392K), [Perm : 6107K->6107K(21248K)], 0.0100600 secs] [Times: user=0.01 sys=0.00, real=0.00 secs] 
199.625: Total time for which application threads were stopped: 0.0105510 seconds, Stopping threads took: 0.0004010 seconds
199.629: Application time: 0.0035490 seconds
199.629: [GC199.629: [DefNew: 15683K->1425K(18432K), 0.0014120 secs] 37289K->25880K(59392K), 0.0014480 secs] [Times: user=0.00 sys=0.00, real=0.00 secs] 
199.631: Total time for which application threads were stopped: 0.0017950 seconds, Stopping threads took: 0.0002710 seconds
199.634: Application time: 0.0034280 seconds
199.635: [GC199.635: [DefNew: 17106K->1425K(18432K), 0.0007230 secs] 41562K->26593K(59392K), 0.0007530 secs] [Times: user=0.00 sys=0.00, real=0.00 secs] 
199.635: Total time for which application threads were stopped: 0.0012080 seconds, Stopping threads took: 0.0003770 seconds
199.640: Application time: 0.0045750 seconds
199.640: [GC199.640: [DefNew: 17113K->1426K(18432K), 0.0006640 secs] 42281K->27307K(59392K), 0.0006910 secs] [Times: user=0.00 sys=0.00, real=0.00 secs] 
199.641: Total time for which application threads were stopped: 0.0010390 seconds, Stopping threads took: 0.0002740 seconds
199.645: Application time: 0.0039440 seconds
199.646: [GC199.646: [DefNew: 17115K->1426K(18432K), 0.0012290 secs] 42996K->29445K(59392K), 0.0012610 secs] [Times: user=0.00 sys=0.00, real=0.00 secs] 
199.647: Total time for which application threads were stopped: 0.0021600 seconds, Stopping threads took: 0.0008260 seconds
199.651: Application time: 0.0036680 seconds
199.651: [GC199.651: [DefNew: 17111K->1425K(18432K), 0.0020150 secs] 45130K->34433K(59392K), 0.0020530 secs] [Times: user=0.01 sys=0.00, real=0.00 secs] 
199.653: Total time for which application threads were stopped: 0.0022480 seconds, Stopping threads took: 0.0001080 seconds
199.657: Application time: 0.0039760 seconds
199.658: [GC199.658: [DefNew: 17115K->17115K(18432K), 0.0000100 secs]199.658: [Tenured: 33008K->22233K(40960K), 0.0104570 secs] 50123K->22233K(59392K), [Perm : 6107K->6107K(21248K)], 0.0105170 secs] [Times: user=0.02 sys=0.00, real=0.01 secs] 
199.668: Total time for which application threads were stopped: 0.0115300 seconds, Stopping threads took: 0.0009240 seconds
199.672: Application time: 0.0033450 seconds
199.673: [GC199.673: [DefNew: 15683K->1425K(18432K), 0.0006740 secs] 37917K->24371K(59392K), 0.0007020 secs] [Times: user=0.00 sys=0.00, real=0.00 secs] 
199.673: Total time for which application threads were stopped: 0.0014240 seconds, Stopping threads took: 0.0006470 seconds
199.677: Application time: 0.0033830 seconds
199.677: [GC199.678: [DefNew: 17109K->1425K(18432K), 0.0011460 secs] 40055K->26509K(59392K), 0.0011790 secs] [Times: user=0.00 sys=0.00, real=0.00 secs] 
199.679: Total time for which application threads were stopped: 0.0020710 seconds, Stopping threads took: 0.0007960 seconds
199.682: Application time: 0.0032480 seconds
199.682: [GC199.682: [DefNew: 17109K->1425K(18432K), 0.0015790 secs] 42193K->30072K(59392K), 0.0016130 secs] [Times: user=0.00 sys=0.00, real=0.00 secs] 
199.684: Total time for which application threads were stopped: 0.0018990 seconds, Stopping threads took: 0.0002010 seconds
199.687: Application time: 0.0035870 seconds
199.688: [GC199.688: [DefNew: 17115K->1426K(18432K), 0.0014200 secs] 45762K->32923K(59392K), 0.0014570 secs] [Times: user=0.00 sys=0.00, real=0.00 secs] 
199.690: Total time for which application threads were stopped: 0.0024670 seconds, Stopping threads took: 0.0009260 seconds
199.693: Application time: 0.0034030 seconds
199.694: [GC199.694: [DefNew: 17111K->1425K(18432K), 0.0009190 secs] 48609K->34348K(59392K), 0.0009480 secs] [Times: user=0.00 sys=0.00, real=0.00 secs] 
199.695: Total time for which application threads were stopped: 0.0015030 seconds, Stopping threads took: 0.0004960 seconds
199.699: Application time: 0.0037890 seconds
199.699: [GC199.699: [DefNew: 17117K->1426K(18432K), 0.0015700 secs] 50040K->37912K(59392K), 0.0016050 secs] [Times: user=0.00 sys=0.00, real=0.00 secs] 
199.700: Total time for which application threads were stopped: 0.0018650 seconds, Stopping threads took: 0.0001750 seconds
199.704: Application time: 0.0034560 seconds
199.704: [GC199.704: [DefNew: 17120K->17120K(18432K), 0.0000090 secs]199.704: [Tenured: 36486K->22233K(40960K), 0.0089510 secs] 53606K->22233K(59392K), [Perm : 6107K->6107K(21248K)], 0.0090110 secs] [Times: user=0.01 sys=0.00, real=0.01 secs] 
199.713: Total time for which application threads were stopped: 0.0091440 seconds, Stopping threads took: 0.0000580 seconds
199.716: Application time: 0.0030810 seconds
199.716: [GC199.716: [DefNew: 15682K->1425K(18432K), 0.0009910 secs] 37916K->25083K(59392K), 0.0010210 secs] [Times: user=0.00 sys=0.00, real=0.00 secs] 
199.717: Total time for which application threads were stopped: 0.0011500 seconds, Stopping threads took: 0.0000580 seconds
199.721: Application time: 0.0035220 seconds
199.721: [GC199.721: [DefNew: 17114K->1426K(18432K), 0.0010580 secs] 40773K->27222K(59392K), 0.0010860 secs] [Times: user=0.00 sys=0.00, real=0.00 secs] 
199.722: Total time for which application threads were stopped: 0.0012200 seconds, Stopping threads took: 0.0000740 seconds
199.760: Application time: 0.0377570 seconds
199.760: [GC199.760: [DefNew: 17118K->1426K(18432K), 0.0024110 secs] 42914K->33635K(59392K), 0.0024570 secs] [Times: user=0.01 sys=0.00, real=0.00 secs] 
199.762: Total time for which application threads were stopped: 0.0025930 seconds, Stopping threads took: 0.0000590 seconds
199.818: Application time: 0.0556480 seconds
199.818: [GC199.818: [DefNew (promotion failed) : 17115K->17114K(18432K), 0.0029650 secs]199.821: [Tenured: 40760K->25082K(40960K), 0.0095280 secs] 49325K->25082K(59392K), [Perm : 6107K->6107K(21248K)], 0.0125580 secs] [Times: user=0.01 sys=0.00, real=0.01 secs] 
199.831: Total time for which application threads were stopped: 0.0126870 seconds, Stopping threads took: 0.0000590 seconds
199.896: Application time: 0.0648090 seconds
199.896: [GC199.896: [DefNew: 15689K->1425K(18432K), 0.0041900 secs] 40772K->40045K(59392K), 0.0042300 secs] [Times: user=0.01 sys=0.00, real=0.00 secs] 
199.900: Total time for which application threads were stopped: 0.0043660 seconds, Stopping threads took: 0.0000650 seconds
199.968: Application time: 0.0681320 seconds
199.968: [GC199.968: [DefNew: 17114K->17114K(18432K), 0.0000100 secs]199.968: [Tenured: 38620K->26507K(40960K), 0.0092990 secs] 55735K->26507K(59392K), [Perm : 6107K->6107K(21248K)], 0.0093580 secs] [Times: user=0.01 sys=0.00, real=0.01 secs] 
199.978: Total time for which application threads were stopped: 0.0094890 seconds, Stopping threads took: 0.0000620 seconds
200.048: Application time: 0.0701910 seconds
200.048: [GC200.048: [DefNew: 15689K->1425K(18432K), 0.0042640 secs] 42197K->41470K(59392K), 0.0043020 secs] [Times: user=0.01 sys=0.00, real=0.00 secs] 
200.052: Total time for which application threads were stopped: 0.0044650 seconds, Stopping threads took: 0.0000840 seconds
200.120: Application time: 0.0682570 seconds
200.121: [GC200.121: [DefNew: 17114K->17114K(18432K), 0.0000100 secs]200.121: [Tenured: 40045K->25082K(40960K), 0.0093490 secs] 57160K->25082K(59392K), [Perm : 6107K->6107K(21248K)], 0.0094070 secs] [Times: user=0.01 sys=0.00, real=0.01 secs] 
200.130: Total time for which application threads were stopped: 0.0095690 seconds, Stopping threads took: 0.0000850 seconds
200.204: Application time: 0.0738850 seconds
200.204: [GC200.204: [DefNew: 16325K->1461K(18432K), 0.0038930 secs] 41408K->38657K(59392K), 0.0039310 secs] [Times: user=0.01 sys=0.00, real=0.01 secs] 
200.208: Total time for which application threads were stopped: 0.0040580 seconds, Stopping threads took: 0.0000610 seconds
200.218: Application time: 0.0098160 seconds
200.218: [GC200.219: [DefNew: 17254K->17254K(18432K), 0.0000100 secs]200.219: [Tenured: 37195K->24399K(40960K), 0.0095890 secs] 54450K->24399K(59392K), [Perm : 6107K->6107K(21248K)], 0.0096500 secs] [Times: user=0.01 sys=0.00, real=0.01 secs] 
200.228: Total time for which application threads were stopped: 0.0103560 seconds, Stopping threads took: 0.0006360 seconds
200.235: Application time: 0.0065240 seconds
200.235: [GC200.235: [DefNew: 15681K->1425K(18432K), 0.0017720 secs] 40081K->30099K(59392K), 0.0018100 secs] [Times: user=0.00 sys=0.00, real=0.00 secs] 
200.237: Total time for which application threads were stopped: 0.0019730 seconds, Stopping threads took: 0.0000980 seconds
200.241: Application time: 0.0046570 seconds
200.241: [GC200.241: [DefNew: 17108K->17108K(18432K), 0.0000130 secs]200.242: [Tenured: 28674K->25824K(40960K), 0.0094540 secs] 45783K->25824K(59392K), [Perm : 6107K->6107K(21248K)], 0.0095250 secs] [Times: user=0.01 sys=0.00, real=0.01 secs] 
200.251: Total time for which application threads were stopped: 0.0097020 seconds, Stopping threads took: 0.0001010 seconds
200.257: Application time: 0.0054910 seconds
200.257: [GC200.257: [DefNew: 15687K->1425K(18432K), 0.0008230 secs] 41512K->28675K(59392K), 0.0008510 secs] [Times: user=0.00 sys=0.00, real=0.00 secs] 
200.258: Total time for which application threads were stopped: 0.0009830 seconds, Stopping threads took: 0.0000730 seconds
200.265: Application time: 0.0073720 seconds
200.265: [GC200.265: [DefNew: 17104K->17104K(18432K), 0.0000100 secs]200.265: [Tenured: 27249K->25112K(40960K), 0.0088200 secs] 44354K->25112K(59392K), [Perm : 6107K->6107K(21248K)], 0.0088780 secs] [Times: user=0.00 sys=0.00, real=0.02 secs] 
200.274: Total time for which application threads were stopped: 0.0090500 seconds, Stopping threads took: 0.0000820 seconds
200.281: Application time: 0.0070020 seconds
200.281: [GC200.281: [DefNew: 15680K->712K(18432K), 0.0004250 secs] 40792K->25825K(59392K), 0.0004560 secs] [Times: user=0.00 sys=0.00, real=0.00 secs] 
200.282: Total time for which application threads were stopped: 0.0005850 seconds, Stopping threads took: 0.0000700 seconds
200.286: Application time: 0.0047260 seconds
200.286: [GC200.286: [DefNew: 16401K->1425K(18432K), 0.0013390 secs] 41513K->28676K(59392K), 0.0013710 secs] [Times: user=0.00 sys=0.00, real=0.00 secs] 
200.288: Total time for which application threads were stopped: 0.0014990 seconds, Stopping threads took: 0.0000660 seconds
200.291: Application time: 0.0035020 seconds
200.291: [GC200.291: [DefNew: 17105K->1425K(18432K), 0.0011010 secs] 44355K->30101K(59392K), 0.0011320 secs] [Times: user=0.00 sys=0.00, real=0.00 secs] 
200.293: Total time for which application threads were stopped: 0.0012700 seconds, Stopping threads took: 0.0000760 seconds
200.331: Application time: 0.0387670 seconds
200.331: [GC200.331: [DefNew: 17130K->1427K(18432K), 0.0022960 secs] 45806K->36516K(59392K), 0.0023340 secs] [Times: user=0.00 sys=0.00, real=0.01 secs] 
200.334: Total time for which application threads were stopped: 0.0024890 seconds, Stopping threads took: 0.0000810 seconds
200.410: Application time: 0.0757780 seconds
200.410: [GC200.410: [DefNew: 17119K->17119K(18432K), 0.0000100 secs]200.410: [Tenured: 35088K->25082K(40960K), 0.0106200 secs] 52208K->25082K(59392K), [Perm : 6107K->6107K(21248K)], 0.0106800 secs] [Times: user=0.01 sys=0.00, real=0.01 secs] 
200.420: Total time for which application threads were stopped: 0.0108110 seconds, Stopping threads took: 0.0000610 seconds
200.483: Application time: 0.0629290 seconds
200.483: [GC200.483: [DefNew: 15691K->1425K(18432K), 0.0045230 secs] 40774K->40758K(59392K), 0.0045640 secs] [Times: user=0.01 sys=0.00, real=0.01 secs] 
200.488: Total time for which application threads were stopped: 0.0047150 seconds, Stopping threads took: 0.0000840 seconds
200.549: Application time: 0.0612540 seconds
200.549: [GC200.549: [DefNew: 17116K->17116K(18432K), 0.0000090 secs]200.549: [Tenured: 39333K->25795K(40960K), 0.0094180 secs] 56449K->25795K(59392K), [Perm : 6107K->6107K(21248K)], 0.0094760 secs] [Times: user=0.01 sys=0.00, real=0.01 secs] 
200.559: Total time for which application threads were stopped: 0.0096130 seconds, Stopping threads took: 0.0000690 seconds
200.633: Application time: 0.0737260 seconds
200.633: [GC200.633: [DefNew: 15704K->1426K(18432K), 0.0043170 secs] 41499K->40759K(59392K), 0.0043560 secs] [Times: user=0.00 sys=0.00, real=0.01 secs] 
200.637: Total time for which application threads were stopped: 0.0045010 seconds, Stopping threads took: 0.0000780 seconds
200.709: Application time: 0.0716920 seconds
200.709: [GC200.709: [DefNew: 17122K->17122K(18432K), 0.0000100 secs]200.709: [Tenured: 39333K->26510K(40960K), 0.0091900 secs] 56455K->26510K(59392K), [Perm : 6107K->6107K(21248K)], 0.0092490 secs] [Times: user=0.01 sys=0.00, real=0.01 secs] 
200.718: Total time for which application threads were stopped: 0.0094250 seconds, Stopping threads took: 0.0001090 seconds
200.780: Application time: 0.0617820 seconds
200.780: [GC200.780: [DefNew: 15704K->15704K(18432K), 0.0000100 secs]200.780: [Tenured: 26510K->27224K(40960K), 0.0095620 secs] 42214K->27224K(59392K), [Perm : 6107K->6107K(21248K)], 0.0096170 secs] [Times: user=0.01 sys=0.00, real=0.01 secs] 
200.790: Total time for which application threads were stopped: 0.0098150 seconds, Stopping threads took: 0.0001190 seconds
200.869: Application time: 0.0786750 seconds
200.869: [GC200.869: [DefNew: 15691K->15691K(18432K), 0.0000100 secs]200.869: [Tenured: 27224K->28645K(40960K), 0.0115770 secs] 42916K->28645K(59392K), [Perm : 6107K->6107K(21248K)], 0.0116390 secs] [Times: user=0.01 sys=0.00, real=0.01 secs] 
200.880: Total time for which application threads were stopped: 0.0118190 seconds, Stopping threads took: 0.0001020 seconds
200.933: Application time: 0.0526670 seconds
200.933: [GC200.933: [DefNew: 15691K->15691K(18432K), 0.0000100 secs]200.933: [Tenured: 28645K->28645K(40960K), 0.0098410 secs] 44337K->28645K(59392K), [Perm : 6107K->6107K(21248K)], 0.0099010 secs] [Times: user=0.01 sys=0.00, real=0.01 secs] 
200.943: Total time for which application threads were stopped: 0.0101420 seconds, Stopping threads took: 0.0001520 seconds
201.018: Application time: 0.0744150 seconds
201.018: [GC201.018: [DefNew: 15691K->15691K(18432K), 0.0000100 secs]201.018: [Tenured: 28645K->29357K(40960K), 0.0093350 secs] 44337K->29357K(59392K), [Perm : 6107K->6107K(21248K)], 0.0093960 secs] [Times: user=0.01 sys=0.00, real=0.01 secs] 
201.027: Total time for which application threads were stopped: 0.0095270 seconds, Stopping threads took: 0.0000600 seconds
201.105: Application time: 0.0781690 seconds
201.105: [GC201.105: [DefNew: 15691K->15691K(18432K), 0.0000100 secs]201.105: [Tenured: 29357K->28645K(40960K), 0.0091340 secs] 45049K->28645K(59392K), [Perm : 6107K->6107K(21248K)], 0.0091930 secs] [Times: user=0.01 sys=0.00, real=0.02 secs] 
201.115: Total time for which application threads were stopped: 0.0093200 seconds, Stopping threads took: 0.0000570 seconds
201.182: Application time: 0.0674150 seconds
201.182: [GC201.182: [DefNew: 15691K->15691K(18432K), 0.0000100 secs]201.182: [Tenured: 28645K->28645K(40960K), 0.0098900 secs] 44337K->28645K(59392K), [Perm : 6107K->6107K(21248K)], 0.0099510 secs] [Times: user=0.01 sys=0.00, real=0.01 secs] 
201.192: Total time for which application threads were stopped: 0.0101040 seconds, Stopping threads took: 0.0000840 seconds
201.261: Application time: 0.0685770 seconds
201.261: [GC201.261: [DefNew: 15691K->15691K(18432K), 0.0000110 secs]201.261: [Tenured: 28645K->29357K(40960K), 0.0101010 secs] 44337K->29357K(59392K), [Perm : 6107K->6107K(21248K)], 0.0101610 secs] [Times: user=0.01 sys=0.00, real=0.01 secs] 
201.271: Total time for which application threads were stopped: 0.0103000 seconds, Stopping threads took: 0.0000690 seconds
201.349: Application time: 0.0782310 seconds
201.349: [GC201.349: [DefNew: 15691K->15691K(18432K), 0.0000090 secs]201.350: [Tenured: 29357K->28645K(40960K), 0.0090780 secs] 45049K->28645K(59392K), [Perm : 6107K->6107K(21248K)], 0.0091350 secs] [Times: user=0.01 sys=0.00, real=0.01 secs] 
201.359: Total time for which application threads were stopped: 0.0094070 seconds, Stopping threads took: 0.0001830 seconds
201.420: Application time: 0.0617100 seconds
201.421: [GC201.421: [DefNew: 15713K->15713K(18432K), 0.0000100 secs]201.421: [Tenured: 28645K->27933K(40960K), 0.0099960 secs] 44358K->27933K(59392K), [Perm : 6107K->6107K(21248K)], 0.0100560 secs] [Times: user=0.01 sys=0.00, real=0.01 secs] 
201.431: Total time for which application threads were stopped: 0.0103090 seconds, Stopping threads took: 0.0001860 seconds
201.504: Application time: 0.0732470 seconds
201.504: [GC201.504: [DefNew: 15691K->15691K(18432K), 0.0000090 secs]201.504: [Tenured: 27933K->26507K(40960K), 0.0106660 secs] 43624K->26507K(59392K), [Perm : 6107K->6107K(21248K)], 0.0107240 secs] [Times: user=0.01 sys=0.00, real=0.02 secs] 
201.515: Total time for which application threads were stopped: 0.0108490 seconds, Stopping threads took: 0.0000560 seconds
201.587: Application time: 0.0720260 seconds
201.587: [GC201.587: [DefNew: 15691K->1425K(18432K), 0.0040920 secs] 42199K->40758K(59392K), 0.0041350 secs] [Times: user=0.00 sys=0.00, real=0.00 secs] 
201.591: Total time for which application threads were stopped: 0.0043180 seconds, Stopping threads took: 0.0001070 seconds
201.630: Application time: 0.0387460 seconds
201.630: [GC201.630: [DefNew: 17114K->17114K(18432K), 0.0000100 secs]201.630: [Tenured: 39333K->28645K(40960K), 0.0100060 secs] 56448K->28645K(59392K), [Perm : 6107K->6107K(21248K)], 0.0100660 secs] [Times: user=0.01 sys=0.00, real=0.01 secs] 
201.640: Total time for which application threads were stopped: 0.0102780 seconds, Stopping threads took: 0.0001240 seconds
201.692: Application time: 0.0523510 seconds
201.693: [GC201.693: [DefNew: 15698K->15698K(18432K), 0.0000100 secs]201.693: [Tenured: 28645K->25794K(40960K), 0.0104860 secs] 44344K->25794K(59392K), [Perm : 6107K->6107K(21248K)], 0.0105580 secs] [Times: user=0.01 sys=0.00, real=0.01 secs] 
201.703: Total time for which application threads were stopped: 0.0106960 seconds, Stopping threads took: 0.0000650 seconds
201.772: Application time: 0.0688180 seconds
201.772: [GC201.772: [DefNew: 15713K->15713K(18432K), 0.0000100 secs]201.772: [Tenured: 25794K->24370K(40960K), 0.0106340 secs] 41508K->24370K(59392K), [Perm : 6107K->6107K(21248K)], 0.0106940 secs] [Times: user=0.01 sys=0.00, real=0.01 secs] 
201.783: Total time for which application threads were stopped: 0.0108280 seconds, Stopping threads took: 0.0000630 seconds
201.848: Application time: 0.0654930 seconds
201.848: [GC201.848: [DefNew: 15696K->1426K(18432K), 0.0033440 secs] 40067K->35772K(59392K), 0.0033840 secs] [Times: user=0.00 sys=0.00, real=0.00 secs] 
201.852: Total time for which application threads were stopped: 0.0035150 seconds, Stopping threads took: 0.0000630 seconds
201.888: Application time: 0.0356650 seconds
201.888: [GC201.888: [DefNew: 17115K->17115K(18432K), 0.0000100 secs]201.888: [Tenured: 34346K->24370K(40960K), 0.0120150 secs] 51462K->24370K(59392K), [Perm : 6107K->6107K(21248K)], 0.0120770 secs] [Times: user=0.01 sys=0.00, real=0.01 secs] 
201.900: Total time for which application threads were stopped: 0.0122700 seconds, Stopping threads took: 0.0000940 seconds
201.951: Application time: 0.0513200 seconds
201.951: [GC201.951: [DefNew: 15688K->1425K(18432K), 0.0037720 secs] 40058K->37196K(59392K), 0.0038110 secs] [Times: user=0.00 sys=0.00, real=0.01 secs] 
201.955: Total time for which application threads were stopped: 0.0039730 seconds, Stopping threads took: 0.0000840 seconds
202.019: Application time: 0.0638660 seconds
202.019: [GC202.019: [DefNew: 17113K->17113K(18432K), 0.0000090 secs]202.019: [Tenured: 35771K->25083K(40960K), 0.0091710 secs] 52884K->25083K(59392K), [Perm : 6107K->6107K(21248K)], 0.0092270 secs] [Times: user=0.01 sys=0.00, real=0.01 secs] 
202.028: Total time for which application threads were stopped: 0.0093860 seconds, Stopping threads took: 0.0000800 seconds
202.084: Application time: 0.0557810 seconds
202.084: [GC202.084: [DefNew: 15688K->1425K(18432K), 0.0034900 secs] 40771K->37197K(59392K), 0.0035320 secs] [Times: user=0.00 sys=0.00, real=0.01 secs] 
202.088: Total time for which application threads were stopped: 0.0037050 seconds, Stopping threads took: 0.0001040 seconds
202.122: Application time: 0.0341680 seconds
202.122: [GC202.122: [DefNew: 17113K->17113K(18432K), 0.0000100 secs]202.122: [Tenured: 35772K->24371K(40960K), 0.0089770 secs] 52885K->24371K(59392K), [Perm : 6107K->6107K(21248K)], 0.0090350 secs] [Times: user=0.01 sys=0.00, real=0.01 secs] 
202.131: Total time for which application threads were stopped: 0.0091650 seconds, Stopping threads took: 0.0000590 seconds
202.195: Application time: 0.0643140 seconds
202.196: [GC202.196: [DefNew: 15688K->1425K(18432K), 0.0039140 secs] 40059K->36484K(59392K), 0.0039530 secs] [Times: user=0.00 sys=0.00, real=0.00 secs] 
202.200: Total time for which application threads were stopped: 0.0041620 seconds, Stopping threads took: 0.0001290 seconds
202.261: Application time: 0.0611370 seconds
202.261: [GC202.261: [DefNew: 17113K->17113K(18432K), 0.0000100 secs]202.261: [Tenured: 35059K->24371K(40960K), 0.0097480 secs] 52173K->24371K(59392K), [Perm : 6107K->6107K(21248K)], 0.0098060 secs] [Times: user=0.01 sys=0.00, real=0.01 secs] 
202.271: Total time for which application threads were stopped: 0.0099470 seconds, Stopping threads took: 0.0000740 seconds
202.323: Application time: 0.0526180 seconds
202.324: [GC202.324: [DefNew: 15688K->1425K(18432K), 0.0037940 secs] 40060K->37197K(59392K), 0.0038350 secs] [Times: user=0.00 sys=0.00, real=0.01 secs] 
202.327: Total time for which application threads were stopped: 0.0040360 seconds, Stopping threads took: 0.0001350 seconds
202.378: Application time: 0.0508800 seconds
202.379: [GC202.379: [DefNew: 17122K->17122K(18432K), 0.0000110 secs]202.379: [Tenured: 35772K->22946K(40960K), 0.0114220 secs] 52895K->22946K(59392K), [Perm : 6107K->6107K(21248K)], 0.0114910 secs] [Times: user=0.01 sys=0.00, real=0.01 secs] 
202.390: Total time for which application threads were stopped: 0.0118020 seconds, Stopping threads took: 0.0002230 seconds
202.441: Application time: 0.0511820 seconds
202.441: [GC202.441: [DefNew: 15706K->1426K(18432K), 0.0034540 secs] 38652K->35062K(59392K), 0.0034940 secs] [Times: user=0.01 sys=0.00, real=0.00 secs] 
202.445: Total time for which application threads were stopped: 0.0036440 seconds, Stopping threads took: 0.0000720 seconds
202.494: Application time: 0.0495350 seconds
202.495: [GC202.495: [DefNew: 17115K->17115K(18432K), 0.0000100 secs]202.495: [Tenured: 33635K->25086K(40960K), 0.0094300 secs] 50751K->25086K(59392K), [Perm : 6107K->6107K(21248K)], 0.0094900 secs] [Times: user=0.01 sys=0.00, real=0.00 secs] 
202.504: Total time for which application threads were stopped: 0.0096230 seconds, Stopping threads took: 0.0000640 seconds
202.553: Application time: 0.0493780 seconds
202.554: [GC202.554: [DefNew: 15688K->1425K(18432K), 0.0035740 secs] 40775K->37200K(59392K), 0.0036120 secs] [Times: user=0.01 sys=0.00, real=0.00 secs] 
202.557: Total time for which application threads were stopped: 0.0037720 seconds, Stopping threads took: 0.0000830 seconds
202.605: Application time: 0.0480060 seconds
202.605: [GC202.605: [DefNew: 17114K->17114K(18432K), 0.0000100 secs]202.605: [Tenured: 35774K->25799K(40960K), 0.0091650 secs] 52889K->25799K(59392K), [Perm : 6107K->6107K(21248K)], 0.0092230 secs] [Times: user=0.01 sys=0.00, real=0.02 secs] 
202.615: Total time for which application threads were stopped: 0.0093570 seconds, Stopping threads took: 0.0000660 seconds
202.677: Application time: 0.0621040 seconds
202.677: [GC202.677: [DefNew: 15697K->15697K(18432K), 0.0000090 secs]202.677: [Tenured: 25799K->25799K(40960K), 0.0089640 secs] 41496K->25799K(59392K), [Perm : 6107K->6107K(21248K)], 0.0090210 secs] [Times: user=0.01 sys=0.00, real=0.01 secs] 
202.686: Total time for which application threads were stopped: 0.0091490 seconds, Stopping threads took: 0.0000620 seconds
202.724: Application time: 0.0384440 seconds
202.724: [GC202.724: [DefNew: 15697K->15697K(18432K), 0.0000100 secs]202.724: [Tenured: 25799K->25084K(40960K), 0.0102190 secs] 41497K->25084K(59392K), [Perm : 6107K->6107K(21248K)], 0.0102780 secs] [Times: user=0.01 sys=0.00, real=0.02 secs] 
202.735: Total time for which application threads were stopped: 0.0104140 seconds, Stopping threads took: 0.0000660 seconds
202.791: Application time: 0.0559940 seconds
202.791: [GC202.791: [DefNew: 15697K->1426K(18432K), 0.0035070 secs] 40782K->37199K(59392K), 0.0035460 secs] [Times: user=0.00 sys=0.00, real=0.01 secs] 
202.794: Total time for which application threads were stopped: 0.0037040 seconds, Stopping threads took: 0.0000810 seconds
202.853: Application time: 0.0584930 seconds
202.853: [GC202.853: [DefNew: 17130K->17130K(18432K), 0.0000090 secs]202.853: [Tenured: 35773K->26512K(40960K), 0.0093650 secs] 52903K->26512K(59392K), [Perm : 6107K->6107K(21248K)], 0.0094230 secs] [Times: user=0.01 sys=0.00, real=0.01 secs] 
202.862: Total time for which application threads were stopped: 0.0095840 seconds, Stopping threads took: 0.0000820 seconds
202.911: Application time: 0.0485260 seconds
202.911: [GC202.911: [DefNew: 15689K->15689K(18432K), 0.0000110 secs]202.911: [Tenured: 26512K->28650K(40960K), 0.0100050 secs] 42201K->28650K(59392K), [Perm : 6107K->6107K(21248K)], 0.0100640 secs] [Times: user=0.01 sys=0.00, real=0.01 secs] 
202.921: Total time for which application threads were stopped: 0.0102030 seconds, Stopping threads took: 0.0000650 seconds
202.961: Application time: 0.0396080 seconds
202.961: [GC202.961: [DefNew: 15688K->15688K(18432K), 0.0000100 secs]202.961: [Tenured: 28650K->28650K(40960K), 0.0098080 secs] 44338K->28650K(59392K), [Perm : 6107K->6107K(21248K)], 0.0098770 secs] [Times: user=0.01 sys=0.00, real=0.01 secs] 
202.971: Total time for which application threads were stopped: 0.0102240 seconds, Stopping threads took: 0.0002690 seconds
203.034: Application time: 0.0628840 seconds
203.034: [GC203.034: [DefNew: 15688K->15688K(18432K), 0.0000110 secs]203.034: [Tenured: 28650K->28647K(40960K), 0.0110490 secs] 44338K->28647K(59392K), [Perm : 6107K->6107K(21248K)], 0.0111090 secs] [Times: user=0.01 sys=0.00, real=0.00 secs] 
203.045: Total time for which application threads were stopped: 0.0112460 seconds, Stopping threads took: 0.0000670 seconds
203.091: Application time: 0.0460460 seconds
203.091: [GC203.091: [DefNew: 15688K->15688K(18432K), 0.0000100 secs]203.091: [Tenured: 28647K->28647K(40960K), 0.0097120 secs] 44336K->28647K(59392K), [Perm : 6107K->6107K(21248K)], 0.0097740 secs] [Times: user=0.01 sys=0.00, real=0.01 secs] 
203.101: Total time for which application threads were stopped: 0.0099060 seconds, Stopping threads took: 0.0000600 seconds
203.157: Application time: 0.0560200 seconds
203.157: [GC203.157: [DefNew: 15688K->15688K(18432K), 0.0000100 secs]203.157: [Tenured: 28647K->28647K(40960K), 0.0097830 secs] 44336K->28647K(59392K), [Perm : 6107K->6107K(21248K)], 0.0098420 secs] [Times: user=0.01 sys=0.00, real=0.01 secs] 
203.167: Total time for which application threads were stopped: 0.0099860 seconds, Stopping threads took: 0.0000750 seconds
203.220: Application time: 0.0525170 seconds
203.220: [GC203.220: [DefNew: 15688K->15688K(18432K), 0.0000100 secs]203.220: [Tenured: 28647K->28647K(40960K), 0.0091340 secs] 44336K->28647K(59392K), [Perm : 6107K->6107K(21248K)], 0.0091870 secs] [Times: user=0.01 sys=0.00, real=0.01 secs] 
203.229: Total time for which application threads were stopped: 0.0093160 seconds, Stopping threads took: 0.0000620 seconds
203.283: Application time: 0.0536640 seconds
203.283: [GC203.283: [DefNew: 15688K->15688K(18432K), 0.0000090 secs]203.283: [Tenured: 28647K->28647K(40960K), 0.0089430 secs] 44335K->28647K(59392K), [Perm : 6107K->6107K(21248K)], 0.0090030 secs] [Times: user=0.01 sys=0.00, real=0.01 secs] 
203.292: Total time for which application threads were stopped: 0.0091320 seconds, Stopping threads took: 0.0000590 seconds
203.334: Application time: 0.0424380 seconds
203.334: [GC203.334: [DefNew: 15688K->15688K(18432K), 0.0000100 secs]203.334: [Tenured: 28647K->28647K(40960K), 0.0096710 secs] 44335K->28647K(59392K), [Perm : 6107K->6107K(21248K)], 0.0097310 secs] [Times: user=0.01 sys=0.00, real=0.00 secs] 
203.344: Total time for which application threads were stopped: 0.0099520 seconds, Stopping threads took: 0.0001400 seconds
203.405: Application time: 0.0607110 seconds
203.405: [GC203.405: [DefNew: 15696K->15696K(18432K), 0.0000100 secs]203.405: [Tenured: 28647K->28648K(40960K), 0.0089880 secs] 44344K->28648K(59392K), [Perm : 6107K->6107K(21248K)], 0.0090460 secs] [Times: user=0.01 sys=0.00, real=0.02 secs] 
203.414: Total time for which application threads were stopped: 0.0092150 seconds, Stopping threads took: 0.0000930 seconds
203.459: Application time: 0.0448750 seconds
203.459: [GC203.459: [DefNew: 15688K->15688K(18432K), 0.0000100 secs]203.459: [Tenured: 28648K->29360K(40960K), 0.0098730 secs] 44336K->29360K(59392K), [Perm : 6107K->6107K(21248K)], 0.0099330 secs] [Times: user=0.01 sys=0.00, real=0.01 secs] 
203.469: Total time for which application threads were stopped: 0.0101520 seconds, Stopping threads took: 0.0001320 seconds
203.502: Application time: 0.0331160 seconds
203.502: [GC203.502: [DefNew: 15718K->15718K(18432K), 0.0000090 secs]203.502: [Tenured: 29360K->27934K(40960K), 0.0109740 secs] 45078K->27934K(59392K), [Perm : 6107K->6107K(21248K)], 0.0110310 secs] [Times: user=0.01 sys=0.00, real=0.02 secs] 
203.514: Total time for which application threads were stopped: 0.0112610 seconds, Stopping threads took: 0.0001400 seconds
203.520: Application time: 0.0064730 seconds
203.520: [GC203.520: [DefNew: 16184K->16184K(18432K), 0.0000100 secs]203.520: [Tenured: 27934K->26545K(40960K), 0.0094750 secs] 44119K->26545K(59392K), [Perm : 6107K->6107K(21248K)], 0.0095320 secs] [Times: user=0.01 sys=0.00, real=0.01 secs] 
203.530: Total time for which application threads were stopped: 0.0097110 seconds, Stopping threads took: 0.0001090 seconds
203.536: Application time: 0.0063740 seconds
203.536: [GC203.536: [DefNew: 15919K->15919K(18432K), 0.0000100 secs]203.536: [Tenured: 26545K->27967K(40960K), 0.0061220 secs] 42464K->27967K(59392K), [Perm : 6107K->6107K(21248K)], 0.0061790 secs] [Times: user=0.01 sys=0.00, real=0.00 secs] 
203.542: Total time for which application threads were stopped: 0.0063320 seconds, Stopping threads took: 0.0000850 seconds
203.547: Application time: 0.0041360 seconds
203.547: [GC203.547: [DefNew: 15685K->15685K(18432K), 0.0000100 secs]203.547: [Tenured: 27967K->29393K(40960K), 0.0076980 secs] 43653K->29393K(59392K), [Perm : 6107K->6107K(21248K)], 0.0077520 secs] [Times: user=0.01 sys=0.00, real=0.01 secs] 
203.555: Total time for which application threads were stopped: 0.0079680 seconds, Stopping threads took: 0.0001300 seconds
203.559: Application time: 0.0049040 seconds
203.560: [GC203.560: [DefNew: 15679K->15679K(18432K), 0.0000090 secs]203.560: [Tenured: 29393K->25083K(40960K), 0.0100810 secs] 45073K->25083K(59392K), [Perm : 6107K->6107K(21248K)], 0.0101390 secs] [Times: user=0.01 sys=0.00, real=0.01 secs] 
203.570: Total time for which application threads were stopped: 0.0103060 seconds, Stopping threads took: 0.0000870 seconds
203.575: Application time: 0.0048130 seconds
203.575: [GC203.575: [DefNew: 15687K->1426K(18432K), 0.0017580 secs] 40771K->30072K(59392K), 0.0017930 secs] [Times: user=0.00 sys=0.00, real=0.00 secs] 
203.577: Total time for which application threads were stopped: 0.0020130 seconds, Stopping threads took: 0.0001550 seconds
203.581: Application time: 0.0042710 seconds
203.582: [GC203.582: [DefNew: 17108K->17108K(18432K), 0.0000090 secs]203.582: [Tenured: 28646K->27221K(40960K), 0.0097920 secs] 45754K->27221K(59392K), [Perm : 6107K->6107K(21248K)], 0.0098530 secs] [Times: user=0.01 sys=0.00, real=0.01 secs] 
203.592: Total time for which application threads were stopped: 0.0109020 seconds, Stopping threads took: 0.0009580 seconds
203.596: Application time: 0.0038290 seconds
203.596: [GC203.596: [DefNew: 15686K->15686K(18432K), 0.0000090 secs]203.596: [Tenured: 27221K->27935K(40960K), 0.0062560 secs] 42908K->27935K(59392K), [Perm : 6107K->6107K(21248K)], 0.0063130 secs] [Times: user=0.01 sys=0.00, real=0.00 secs] 
203.602: Total time for which application threads were stopped: 0.0065090 seconds, Stopping threads took: 0.0001250 seconds
203.606: Application time: 0.0035790 seconds
203.606: [GC203.606: [DefNew: 15680K->15680K(18432K), 0.0000100 secs]203.606: [Tenured: 27935K->27935K(40960K), 0.0069430 secs] 43615K->27935K(59392K), [Perm : 6107K->6107K(21248K)], 0.0070030 secs] [Times: user=0.01 sys=0.00, real=0.00 secs] 
203.613: Total time for which application threads were stopped: 0.0072960 seconds, Stopping threads took: 0.0002240 seconds
203.617: Application time: 0.0039650 seconds
203.617: [GC203.617: [DefNew: 15682K->15682K(18432K), 0.0000090 secs]203.618: [Tenured: 27935K->25795K(40960K), 0.0090850 secs] 43618K->25795K(59392K), [Perm : 6107K->6107K(21248K)], 0.0091420 secs] [Times: user=0.01 sys=0.00, real=0.01 secs] 
203.627: Total time for which application threads were stopped: 0.0097170 seconds, Stopping threads took: 0.0005040 seconds
203.631: Application time: 0.0042460 seconds
203.632: [GC203.632: [DefNew: 15696K->15696K(18432K), 0.0000110 secs]203.632: [Tenured: 25795K->28648K(40960K), 0.0084790 secs] 41492K->28648K(59392K), [Perm : 6107K->6107K(21248K)], 0.0085380 secs] [Times: user=0.01 sys=0.00, real=0.01 secs] 
203.640: Total time for which application threads were stopped: 0.0094160 seconds, Stopping threads took: 0.0007890 seconds
203.644: Application time: 0.0038600 seconds
203.644: [GC203.644: [DefNew: 15681K->15681K(18432K), 0.0000110 secs]203.644: [Tenured: 28648K->27935K(40960K), 0.0066630 secs] 44329K->27935K(59392K), [Perm : 6107K->6107K(21248K)], 0.0067160 secs] [Times: user=0.01 sys=0.00, real=0.01 secs] 
203.651: Total time for which application threads were stopped: 0.0068960 seconds, Stopping threads took: 0.0001040 seconds
203.655: Application time: 0.0035780 seconds
203.655: [GC203.655: [DefNew: 15680K->15680K(18432K), 0.0000100 secs]203.655: [Tenured: 27935K->28647K(40960K), 0.0061560 secs] 43616K->28647K(59392K), [Perm : 6107K->6107K(21248K)], 0.0062240 secs] [Times: user=0.01 sys=0.01, real=0.00 secs] 
203.661: Total time for which application threads were stopped: 0.0068120 seconds, Stopping threads took: 0.0005080 seconds
203.666: Application time: 0.0041730 seconds
203.666: [GC203.666: [DefNew: 15680K->15680K(18432K), 0.0000100 secs]203.666: [Tenured: 28647K->27934K(40960K), 0.0084260 secs] 44328K->27934K(59392K), [Perm : 6107K->6107K(21248K)], 0.0084880 secs] [Times: user=0.01 sys=0.00, real=0.01 secs] 
203.675: Total time for which application threads were stopped: 0.0089780 seconds, Stopping threads took: 0.0004000 seconds
203.680: Application time: 0.0056220 seconds
203.680: [GC203.680: [DefNew: 15698K->15698K(18432K), 0.0000100 secs]203.680: [Tenured: 27934K->27221K(40960K), 0.0088790 secs] 43632K->27221K(59392K), [Perm : 6107K->6107K(21248K)], 0.0089400 secs] [Times: user=0.01 sys=0.00, real=0.01 secs] 
203.689: Total time for which application threads were stopped: 0.0090940 seconds, Stopping threads took: 0.0000830 seconds
203.693: Application time: 0.0037230 seconds
203.693: [GC203.693: [DefNew: 15680K->15680K(18432K), 0.0000100 secs]203.693: [Tenured: 27221K->27934K(40960K), 0.0059500 secs] 42902K->27934K(59392K), [Perm : 6107K->6107K(21248K)], 0.0060050 secs] [Times: user=0.00 sys=0.00, real=0.01 secs] 
203.699: Total time for which application threads were stopped: 0.0061560 seconds, Stopping threads took: 0.0000830 seconds
203.703: Application time: 0.0039130 seconds
203.703: [GC203.703: [DefNew: 15678K->15678K(18432K), 0.0000100 secs]203.703: [Tenured: 27934K->28647K(40960K), 0.0064990 secs] 43613K->28647K(59392K), [Perm : 6107K->6107K(21248K)], 0.0065520 secs] [Times: user=0.00 sys=0.00, real=0.01 secs] 
203.710: Total time for which application threads were stopped: 0.0066910 seconds, Stopping threads took: 0.0000720 seconds
203.748: Application time: 0.0381780 seconds
203.748: [GC203.748: [DefNew: 15694K->15694K(18432K), 0.0000100 secs]203.748: [Tenured: 28647K->27221K(40960K), 0.0098100 secs] 44341K->27221K(59392K), [Perm : 6107K->6107K(21248K)], 0.0098700 secs] [Times: user=0.01 sys=0.00, real=0.01 secs] 
203.758: Total time for which application threads were stopped: 0.0100090 seconds, Stopping threads took: 0.0000690 seconds
203.811: Application time: 0.0529440 seconds
203.811: [GC203.811: [DefNew: 15687K->15687K(18432K), 0.0000100 secs]203.811: [Tenured: 27221K->28646K(40960K), 0.0102140 secs] 42909K->28646K(59392K), [Perm : 6107K->6107K(21248K)], 0.0102720 secs] [Times: user=0.01 sys=0.00, real=0.01 secs] 
203.821: Total time for which application threads were stopped: 0.0104160 seconds, Stopping threads took: 0.0000760 seconds
203.843: Application time: 0.0212510 seconds
203.843: [GC203.843: [DefNew: 15712K->15712K(18432K), 0.0000110 secs]203.843: [Tenured: 28646K->28675K(40960K), 0.0094170 secs] 44358K->28675K(59392K), [Perm : 6107K->6107K(21248K)], 0.0094780 secs] [Times: user=0.01 sys=0.00, real=0.01 secs] 
203.852: Total time for which application threads were stopped: 0.0096270 seconds, Stopping threads took: 0.0000740 seconds
203.859: Application time: 0.0071460 seconds
203.860: [GC203.860: [DefNew: 15679K->15679K(18432K), 0.0000090 secs]203.860: [Tenured: 28675K->28675K(40960K), 0.0087200 secs] 44355K->28675K(59392K), [Perm : 6107K->6107K(21248K)], 0.0087810 secs] [Times: user=0.01 sys=0.00, real=0.01 secs] 
203.868: Total time for which application threads were stopped: 0.0089310 seconds, Stopping threads took: 0.0000750 seconds
203.872: Application time: 0.0039900 seconds
203.873: [GC203.873: [DefNew: 15685K->15685K(18432K), 0.0000090 secs]203.873: [Tenured: 28675K->27933K(40960K), 0.0106600 secs] 44361K->27933K(59392K), [Perm : 6107K->6107K(21248K)], 0.0107310 secs] [Times: user=0.01 sys=0.00, real=0.01 secs] 
203.883: Total time for which application threads were stopped: 0.0109300 seconds, Stopping threads took: 0.0001270 seconds
203.890: Application time: 0.0064900 seconds
203.890: [GC203.890: [DefNew: 15685K->15685K(18432K), 0.0000100 secs]203.890: [Tenured: 27933K->28647K(40960K), 0.0067620 secs] 43619K->28647K(59392K), [Perm : 6107K->6107K(21248K)], 0.0068170 secs] [Times: user=0.01 sys=0.00, real=0.01 secs] 
203.897: Total time for which application threads were stopped: 0.0070010 seconds, Stopping threads took: 0.0001170 seconds
203.903: Application time: 0.0059620 seconds
203.903: [GC203.903: [DefNew: 15680K->15680K(18432K), 0.0000100 secs]203.903: [Tenured: 28647K->27934K(40960K), 0.0093000 secs] 44327K->27934K(59392K), [Perm : 6107K->6107K(21248K)], 0.0093620 secs] [Times: user=0.01 sys=0.00, real=0.01 secs] 
203.912: Total time for which application threads were stopped: 0.0095470 seconds, Stopping threads took: 0.0001130 seconds
203.919: Application time: 0.0067390 seconds
203.919: [GC203.919: [DefNew: 15681K->15681K(18432K), 0.0000100 secs]203.919: [Tenured: 27934K->27221K(40960K), 0.0094810 secs] 43615K->27221K(59392K), [Perm : 6107K->6107K(21248K)], 0.0095430 secs] [Times: user=0.01 sys=0.00, real=0.01 secs] 
203.929: Total time for which application threads were stopped: 0.0096980 seconds, Stopping threads took: 0.0000840 seconds
203.934: Application time: 0.0053140 seconds
203.934: [GC203.934: [DefNew: 15687K->15687K(18432K), 0.0000100 secs]203.934: [Tenured: 27221K->28646K(40960K), 0.0071210 secs] 42908K->28646K(59392K), [Perm : 6107K->6107K(21248K)], 0.0071790 secs] [Times: user=0.01 sys=0.00, real=0.00 secs] 
203.941: Total time for which application threads were stopped: 0.0073220 seconds, Stopping threads took: 0.0000710 seconds
203.946: Application time: 0.0044570 seconds
203.946: [GC203.946: [DefNew: 15679K->15679K(18432K), 0.0000100 secs]203.946: [Tenured: 28646K->29359K(40960K), 0.0061050 secs] 44326K->29359K(59392K), [Perm : 6107K->6107K(21248K)], 0.0061600 secs] [Times: user=0.01 sys=0.00, real=0.00 secs] 
203.952: Total time for which application threads were stopped: 0.0062970 seconds, Stopping threads took: 0.0000690 seconds
203.969: Application time: 0.0171650 seconds
203.969: [GC203.969: [DefNew: 15716K->15716K(18432K), 0.0000130 secs]203.969: [Tenured: 29359K->24405K(40960K), 0.0086220 secs] 45076K->24405K(59392K), [Perm : 6107K->6107K(21248K)], 0.0086880 secs] [Times: user=0.00 sys=0.00, real=0.01 secs] 
203.978: Total time for which application threads were stopped: 0.0088220 seconds, Stopping threads took: 0.0000660 seconds
203.986: Application time: 0.0082400 seconds
203.986: [GC203.987: [DefNew: 15685K->1425K(18432K), 0.0012900 secs] 40090K->27968K(59392K), 0.0013220 secs] [Times: user=0.00 sys=0.00, real=0.00 secs] 
203.988: Total time for which application threads were stopped: 0.0014870 seconds, Stopping threads took: 0.0000930 seconds
203.995: Application time: 0.0076560 seconds
203.996: [GC203.996: [DefNew: 17109K->17109K(18432K), 0.0000110 secs]203.996: [Tenured: 26542K->27963K(40960K), 0.0088020 secs] 43652K->27963K(59392K), [Perm : 6107K->6107K(21248K)], 0.0088620 secs] [Times: user=0.01 sys=0.00, real=0.00 secs] 
204.005: Total time for which application threads were stopped: 0.0090230 seconds, Stopping threads took: 0.0000870 seconds
204.009: Application time: 0.0039920 seconds
204.009: [GC204.009: [DefNew: 15677K->15677K(18432K), 0.0000090 secs]204.009: [Tenured: 27963K->27221K(40960K), 0.0102540 secs] 43640K->27221K(59392K), [Perm : 6107K->6107K(21248K)], 0.0103100 secs] [Times: user=0.01 sys=0.00, real=0.01 secs] 
204.019: Total time for which application threads were stopped: 0.0104820 seconds, Stopping threads took: 0.0000880 seconds
204.025: Application time: 0.0064810 seconds
204.026: [GC204.027: [DefNew: 15687K->15687K(18432K), 0.0000100 secs]204.027: [Tenured: 27221K->25083K(40960K), 0.0093380 secs] 42909K->25083K(59392K), [Perm : 6107K->6107K(21248K)], 0.0094000 secs] [Times: user=0.01 sys=0.00, real=0.01 secs] 
204.036: Total time for which application threads were stopped: 0.0104530 seconds, Stopping threads took: 0.0009740 seconds
204.042: Application time: 0.0061940 seconds
204.042: [GC204.042: [DefNew: 15680K->1425K(18432K), 0.0011750 secs] 40764K->27933K(59392K), 0.0012050 secs] [Times: user=0.00 sys=0.00, real=0.00 secs] 
204.044: Total time for which application threads were stopped: 0.0015000 seconds, Stopping threads took: 0.0002160 seconds
204.050: Application time: 0.0063360 seconds
204.050: [GC204.050: [DefNew: 17106K->17106K(18432K), 0.0000100 secs]204.050: [Tenured: 26508K->25796K(40960K), 0.0091810 secs] 43615K->25796K(59392K), [Perm : 6107K->6107K(21248K)], 0.0092410 secs] [Times: user=0.01 sys=0.00, real=0.01 secs] 
204.059: Total time for which application threads were stopped: 0.0093910 seconds, Stopping threads took: 0.0000740 seconds
204.064: Application time: 0.0047280 seconds
204.064: [GC204.064: [DefNew: 15688K->1426K(18432K), 0.0007840 secs] 41485K->27935K(59392K), 0.0008130 secs] [Times: user=0.00 sys=0.00, real=0.00 secs] 
204.065: Total time for which application threads were stopped: 0.0011430 seconds, Stopping threads took: 0.0002540 seconds
204.069: Application time: 0.0038500 seconds
204.069: [GC204.069: [DefNew: 17594K->1458K(18432K), 0.0006420 secs] 44103K->27968K(59392K), 0.0006710 secs] [Times: user=0.00 sys=0.00, real=0.00 secs] 
204.070: Total time for which application threads were stopped: 0.0008270 seconds, Stopping threads took: 0.0000990 seconds
204.080: Application time: 0.0101970 seconds
204.080: [GC204.080: [DefNew: 17405K->1426K(18432K), 0.0013880 secs] 43915K->30815K(59392K), 0.0014200 secs] [Times: user=0.00 sys=0.00, real=0.00 secs] 
204.082: Total time for which application threads were stopped: 0.0015570 seconds, Stopping threads took: 0.0000760 seconds
204.089: Application time: 0.0072480 seconds
204.089: [GC204.089: [DefNew: 17108K->17108K(18432K), 0.0000090 secs]204.089: [Tenured: 29388K->26538K(40960K), 0.0093830 secs] 46496K->26538K(59392K), [Perm : 6107K->6107K(21248K)], 0.0094410 secs] [Times: user=0.01 sys=0.00, real=0.01 secs] 
204.099: Total time for which application threads were stopped: 0.0095910 seconds, Stopping threads took: 0.0000780 seconds
204.105: Application time: 0.0064110 seconds
204.105: [GC204.105: [DefNew: 15683K->1425K(18432K), 0.0006020 secs] 42221K->27963K(59392K), 0.0006320 secs] [Times: user=0.00 sys=0.00, real=0.01 secs] 
204.106: Total time for which application threads were stopped: 0.0007710 seconds, Stopping threads took: 0.0000800 seconds
204.110: Application time: 0.0039920 seconds
204.110: [GC204.110: [DefNew: 17103K->1425K(18432K), 0.0007880 secs] 43641K->28676K(59392K), 0.0008150 secs] [Times: user=0.00 sys=0.00, real=0.00 secs] 
204.111: Total time for which application threads were stopped: 0.0009750 seconds, Stopping threads took: 0.0001030 seconds
204.119: Application time: 0.0080090 seconds
204.119: [GC204.119: [DefNew: 17201K->1457K(18432K), 0.0006170 secs] 44453K->28708K(59392K), 0.0006400 secs] [Times: user=0.00 sys=0.00, real=0.00 secs] 
204.119: Total time for which application threads were stopped: 0.0007990 seconds, Stopping threads took: 0.0001060 seconds
204.126: Application time: 0.0067230 seconds
204.126: [GC204.126: [DefNew: 17668K->720K(18432K), 0.0006540 secs] 44919K->28713K(59392K), 0.0006780 secs] [Times: user=0.01 sys=0.00, real=0.00 secs] 
204.127: Total time for which application threads were stopped: 0.0008060 seconds, Stopping threads took: 0.0000740 seconds
204.132: Application time: 0.0054110 seconds
204.133: [GC204.133: [DefNew: 16533K->1426K(18432K), 0.0009690 secs] 44526K->30845K(59392K), 0.0009970 secs] [Times: user=0.00 sys=0.00, real=0.01 secs] 
204.134: Total time for which application threads were stopped: 0.0011690 seconds, Stopping threads took: 0.0001160 seconds
204.137: Application time: 0.0034340 seconds
204.137: [GC204.137: [DefNew: 17108K->1425K(18432K), 0.0015990 secs] 46527K->33695K(59392K), 0.0016360 secs] [Times: user=0.01 sys=0.00, real=0.00 secs] 
204.139: Total time for which application threads were stopped: 0.0018160 seconds, Stopping threads took: 0.0001060 seconds
204.142: Application time: 0.0033320 seconds
204.146: [GC204.146: [DefNew: 17105K->17105K(18432K), 0.0000090 secs]204.146: [Tenured: 32270K->24371K(40960K), 0.0110200 secs] 49376K->24371K(59392K), [Perm : 6107K->6107K(21248K)], 0.0110790 secs] [Times: user=0.01 sys=0.00, real=0.01 secs] 
204.157: Total time for which application threads were stopped: 0.0146670 seconds, Stopping threads took: 0.0034980 seconds
204.161: Application time: 0.0045230 seconds
204.162: [GC204.162: [DefNew: 15689K->1426K(18432K), 0.0008580 secs] 40061K->27222K(59392K), 0.0008860 secs] [Times: user=0.00 sys=0.00, real=0.00 secs] 
204.163: Total time for which application threads were stopped: 0.0018370 seconds, Stopping threads took: 0.0008740 seconds
204.170: Application time: 0.0066190 seconds
204.170: [GC204.170: [DefNew: 17656K->1463K(18432K), 0.0016240 secs] 43452K->30823K(59392K), 0.0016600 secs] [Times: user=0.00 sys=0.00, real=0.00 secs] 
204.172: Total time for which application threads were stopped: 0.0019710 seconds, Stopping threads took: 0.0002290 seconds
204.176: Application time: 0.0042220 seconds
204.176: [GC204.176: [DefNew: 17297K->722K(18432K), 0.0006410 secs] 46657K->30823K(59392K), 0.0006680 secs] [Times: user=0.00 sys=0.00, real=0.00 secs] 
204.177: Total time for which application threads were stopped: 0.0008060 seconds, Stopping threads took: 0.0000800 seconds
204.182: Application time: 0.0049020 seconds
204.182: [GC204.182: [DefNew: 16454K->1426K(18432K), 0.0009110 secs] 46555K->32953K(59392K), 0.0009400 secs] [Times: user=0.00 sys=0.00, real=0.00 secs] 
204.183: Total time for which application threads were stopped: 0.0011500 seconds, Stopping threads took: 0.0001340 seconds
204.188: Application time: 0.0049360 seconds
204.188: [GC204.188: [DefNew: 17110K->1425K(18432K), 0.0016510 secs] 48637K->36516K(59392K), 0.0016860 secs] [Times: user=0.00 sys=0.00, real=0.00 secs] 
204.190: Total time for which application threads were stopped: 0.0020470 seconds, Stopping threads took: 0.0002970 seconds
204.195: Application time: 0.0049830 seconds
204.196: [GC204.196: [DefNew: 17107K->17107K(18432K), 0.0000090 secs]204.196: [Tenured: 35091K->24400K(40960K), 0.0101550 secs] 52198K->24400K(59392K), [Perm : 6107K->6107K(21248K)], 0.0102130 secs] [Times: user=0.01 sys=0.00, real=0.01 secs] 
204.206: Total time for which application threads were stopped: 0.0108910 seconds, Stopping threads took: 0.0005890 seconds
204.210: Application time: 0.0041290 seconds
204.210: [GC204.210: [DefNew: 15682K->1425K(18432K), 0.0013810 secs] 40083K->28675K(59392K), 0.0014130 secs] [Times: user=0.00 sys=0.00, real=0.00 secs] 
204.211: Total time for which application threads were stopped: 0.0015490 seconds, Stopping threads took: 0.0000720 seconds
204.217: Application time: 0.0052160 seconds
204.217: [GC204.217: [DefNew: 17119K->1427K(18432K), 0.0010020 secs] 44369K->30102K(59392K), 0.0010320 secs] [Times: user=0.00 sys=0.00, real=0.00 secs] 
204.218: Total time for which application threads were stopped: 0.0011880 seconds, Stopping threads took: 0.0000980 seconds
204.221: Application time: 0.0032360 seconds
204.221: [GC204.221: [DefNew: 17108K->1425K(18432K), 0.0009580 secs] 45783K->31527K(59392K), 0.0009860 secs] [Times: user=0.00 sys=0.00, real=0.00 secs] 
204.222: Total time for which application threads were stopped: 0.0011130 seconds, Stopping threads took: 0.0000700 seconds
204.226: Application time: 0.0033440 seconds
204.226: [GC204.226: [DefNew: 17105K->1425K(18432K), 0.0007940 secs] 47208K->32240K(59392K), 0.0008230 secs] [Times: user=0.00 sys=0.00, real=0.00 secs] 
204.227: Total time for which application threads were stopped: 0.0010490 seconds, Stopping threads took: 0.0001670 seconds
204.230: Application time: 0.0032880 seconds
204.230: [GC204.230: [DefNew: 17105K->1425K(18432K), 0.0005570 secs] 47920K->32240K(59392K), 0.0005850 secs] [Times: user=0.00 sys=0.00, real=0.00 secs] 
204.231: Total time for which application threads were stopped: 0.0008670 seconds, Stopping threads took: 0.0001990 seconds
204.236: Application time: 0.0048460 seconds
204.236: [GC204.236: [DefNew: 17119K->1427K(18432K), 0.0007670 secs] 47934K->32954K(59392K), 0.0007930 secs] [Times: user=0.00 sys=0.00, real=0.00 secs] 
204.237: Total time for which application threads were stopped: 0.0010020 seconds, Stopping threads took: 0.0001330 seconds
204.242: Application time: 0.0057040 seconds
204.243: [GC204.243: [DefNew: 17111K->1425K(18432K), 0.0021000 secs] 48638K->36517K(59392K), 0.0021460 secs] [Times: user=0.00 sys=0.00, real=0.00 secs] 
204.245: Total time for which application threads were stopped: 0.0024020 seconds, Stopping threads took: 0.0001580 seconds
204.252: Application time: 0.0073300 seconds
204.252: [GC204.252: [DefNew: 17105K->17105K(18432K), 0.0000090 secs]204.252: [Tenured: 35091K->24400K(40960K), 0.0091510 secs] 52197K->24400K(59392K), [Perm : 6107K->6107K(21248K)], 0.0092090 secs] [Times: user=0.01 sys=0.00, real=0.01 secs] 
204.261: Total time for which application threads were stopped: 0.0093740 seconds, Stopping threads took: 0.0000810 seconds
204.266: Application time: 0.0042800 seconds
204.266: [GC204.266: [DefNew: 15687K->1426K(18432K), 0.0006360 secs] 40087K->25826K(59392K), 0.0006620 secs] [Times: user=0.00 sys=0.00, real=0.00 secs] 
204.267: Total time for which application threads were stopped: 0.0007840 seconds, Stopping threads took: 0.0000650 seconds
204.270: Application time: 0.0037920 seconds
204.270: [GC204.270: [DefNew: 17105K->712K(18432K), 0.0006210 secs] 41505K->25826K(59392K), 0.0006460 secs] [Times: user=0.01 sys=0.00, real=0.00 secs] 
204.271: Total time for which application threads were stopped: 0.0008050 seconds, Stopping threads took: 0.0001050 seconds
204.297: Application time: 0.0262720 seconds
204.297: [GC204.298: [DefNew: 16406K->1426K(18432K), 0.0025350 secs] 41520K->33665K(59392K), 0.0025730 secs] [Times: user=0.00 sys=0.00, real=0.00 secs] 
204.300: Total time for which application threads were stopped: 0.0027030 seconds, Stopping threads took: 0.0000630 seconds
204.372: Application time: 0.0715250 seconds
204.372: [GC204.372: [DefNew (promotion failed) : 17117K->17116K(18432K), 0.0030310 secs]204.375: [Tenured: 40790K->25825K(40960K), 0.0101390 secs] 49357K->25825K(59392K), [Perm : 6107K->6107K(21248K)], 0.0132330 secs] [Times: user=0.02 sys=0.00, real=0.01 secs] 
204.385: Total time for which application threads were stopped: 0.0134030 seconds, Stopping threads took: 0.0001010 seconds
204.442: Application time: 0.0572260 seconds
204.442: [GC204.442: [DefNew: 15691K->1425K(18432K), 0.0043070 secs] 41517K->40788K(59392K), 0.0043470 secs] [Times: user=0.00 sys=0.00, real=0.01 secs] 
204.447: Total time for which application threads were stopped: 0.0045220 seconds, Stopping threads took: 0.0001090 seconds
204.517: Application time: 0.0706070 seconds
204.517: [GC204.518: [DefNew: 17116K->17116K(18432K), 0.0000100 secs]204.518: [Tenured: 39363K->24370K(40960K), 0.0102530 secs] 56479K->24370K(59392K), [Perm : 6107K->6107K(21248K)], 0.0103100 secs] [Times: user=0.01 sys=0.00, real=0.01 secs] 
204.528: Total time for which application threads were stopped: 0.0104560 seconds, Stopping threads took: 0.0000680 seconds
204.601: Application time: 0.0733930 seconds
204.601: [GC204.601: [DefNew: 15691K->1425K(18432K), 0.0042720 secs] 40062K->39333K(59392K), 0.0043110 secs] [Times: user=0.00 sys=0.00, real=0.01 secs] 
204.606: Total time for which application threads were stopped: 0.0044450 seconds, Stopping threads took: 0.0000670 seconds
204.660: Application time: 0.0547120 seconds
204.660: [GC204.661: [DefNew: 17116K->17116K(18432K), 0.0000100 secs]204.661: [Tenured: 37908K->24370K(40960K), 0.0091680 secs] 55025K->24370K(59392K), [Perm : 6107K->6107K(21248K)], 0.0092250 secs] [Times: user=0.01 sys=0.00, real=0.01 secs] 
204.670: Total time for which application threads were stopped: 0.0093630 seconds, Stopping threads took: 0.0000700 seconds
204.688: Application time: 0.0183690 seconds
204.688: [GC204.688: [DefNew: 15712K->1454K(18432K), 0.0008030 secs] 40083K->26537K(59392K), 0.0008380 secs] [Times: user=0.00 sys=0.00, real=0.00 secs] 
204.689: Total time for which application threads were stopped: 0.0009780 seconds, Stopping threads took: 0.0000800 seconds
204.695: Application time: 0.0061320 seconds
204.695: [GC204.695: [DefNew: 17137K->1425K(18432K), 0.0023850 secs] 42221K->32238K(59392K), 0.0024260 secs] [Times: user=0.00 sys=0.00, real=0.00 secs] 
204.698: Total time for which application threads were stopped: 0.0025610 seconds, Stopping threads took: 0.0000670 seconds
204.702: Application time: 0.0045810 seconds
204.702: [GC204.703: [DefNew: 17108K->17108K(18432K), 0.0000090 secs]204.703: [Tenured: 30813K->25825K(40960K), 0.0095480 secs] 47921K->25825K(59392K), [Perm : 6107K->6107K(21248K)], 0.0096040 secs] [Times: user=0.01 sys=0.00, real=0.01 secs] 
204.712: Total time for which application threads were stopped: 0.0097450 seconds, Stopping threads took: 0.0000700 seconds
204.719: Application time: 0.0063960 seconds
204.719: [GC204.719: [DefNew: 15685K->1426K(18432K), 0.0004790 secs] 41510K->27251K(59392K), 0.0005030 secs] [Times: user=0.00 sys=0.00, real=0.00 secs] 
204.719: Total time for which application threads were stopped: 0.0006230 seconds, Stopping threads took: 0.0000670 seconds
204.726: Application time: 0.0066180 seconds
204.726: [GC204.726: [DefNew: 17108K->1425K(18432K), 0.0007610 secs] 42933K->27964K(59392K), 0.0007860 secs] [Times: user=0.00 sys=0.00, real=0.00 secs] 
204.727: Total time for which application threads were stopped: 0.0011080 seconds, Stopping threads took: 0.0002670 seconds
204.733: Application time: 0.0059770 seconds
204.733: [GC204.733: [DefNew: 17110K->1425K(18432K), 0.0023830 secs] 43649K->33664K(59392K), 0.0024230 secs] [Times: user=0.00 sys=0.00, real=0.01 secs] 
204.735: Total time for which application threads were stopped: 0.0025700 seconds, Stopping threads took: 0.0000770 seconds
204.740: Application time: 0.0048090 seconds
204.740: [GC204.740: [DefNew: 17112K->17112K(18432K), 0.0000090 secs]204.740: [Tenured: 32239K->25825K(40960K), 0.0093880 secs] 49351K->25825K(59392K), [Perm : 6107K->6107K(21248K)], 0.0094430 secs] [Times: user=0.01 sys=0.00, real=0.01 secs] 
204.750: Total time for which application threads were stopped: 0.0095930 seconds, Stopping threads took: 0.0000790 seconds
204.754: Application time: 0.0037910 seconds
204.754: [GC204.754: [DefNew: 15679K->712K(18432K), 0.0003780 secs] 41505K->26538K(59392K), 0.0004040 secs] [Times: user=0.00 sys=0.00, real=0.00 secs] 
204.754: Total time for which application threads were stopped: 0.0005580 seconds, Stopping threads took: 0.0000890 seconds
204.791: Application time: 0.0367320 seconds
204.791: [GC204.791: [DefNew: 16403K->1426K(18432K), 0.0016050 secs] 42228K->31526K(59392K), 0.0016390 secs] [Times: user=0.00 sys=0.00, real=0.00 secs] 
204.793: Total time for which application threads were stopped: 0.0017590 seconds, Stopping threads took: 0.0000550 seconds
204.866: Application time: 0.0734730 seconds
204.866: [GC204.866: [DefNew: 17117K->17117K(18432K), 0.0000100 secs]204.866: [Tenured: 30100K->23658K(40960K), 0.0100050 secs] 47218K->23658K(59392K), [Perm : 6107K->6107K(21248K)], 0.0100630 secs] [Times: user=0.01 sys=0.00, real=0.01 secs] 
204.876: Total time for which application threads were stopped: 0.0101840 seconds, Stopping threads took: 0.0000540 seconds
204.927: Application time: 0.0508390 seconds
204.927: [GC204.927: [DefNew: 15704K->1426K(18432K), 0.0045500 secs] 39362K->39335K(59392K), 0.0045910 secs] [Times: user=0.00 sys=0.00, real=0.00 secs] 
204.932: Total time for which application threads were stopped: 0.0048320 seconds, Stopping threads took: 0.0001760 seconds
204.995: Application time: 0.0626860 seconds
204.995: [GC204.995: [DefNew: 17118K->17118K(18432K), 0.0000100 secs]204.995: [Tenured: 37908K->26510K(40960K), 0.0099990 secs] 55027K->26510K(59392K), [Perm : 6107K->6107K(21248K)], 0.0100600 secs] [Times: user=0.01 sys=0.00, real=0.00 secs] 
205.005: Total time for which application threads were stopped: 0.0102440 seconds, Stopping threads took: 0.0001150 seconds
205.076: Application time: 0.0710380 seconds
205.076: [GC205.076: [DefNew: 15697K->15697K(18432K), 0.0000090 secs]205.076: [Tenured: 26510K->25085K(40960K), 0.0089230 secs] 42207K->25085K(59392K), [Perm : 6107K->6107K(21248K)], 0.0089920 secs] [Times: user=0.01 sys=0.00, real=0.00 secs] 
205.085: Total time for which application threads were stopped: 0.0092460 seconds, Stopping threads took: 0.0001740 seconds
205.157: Application time: 0.0712700 seconds
205.157: [GC205.157: [DefNew: 15697K->1425K(18432K), 0.0043170 secs] 40783K->40049K(59392K), 0.0043570 secs] [Times: user=0.00 sys=0.00, real=0.00 secs] 
205.161: Total time for which application threads were stopped: 0.0045390 seconds, Stopping threads took: 0.0001150 seconds
205.226: Application time: 0.0645280 seconds
205.226: [GC205.226: [DefNew: 17123K->17123K(18432K), 0.0000090 secs]205.226: [Tenured: 38623K->27937K(40960K), 0.0094200 secs] 55747K->27937K(59392K), [Perm : 6107K->6107K(21248K)], 0.0094810 secs] [Times: user=0.01 sys=0.00, real=0.01 secs] 
205.235: Total time for which application threads were stopped: 0.0096110 seconds, Stopping threads took: 0.0000590 seconds
205.311: Application time: 0.0757040 seconds
205.311: [GC205.311: [DefNew: 15704K->15704K(18432K), 0.0000100 secs]205.311: [Tenured: 27937K->27221K(40960K), 0.0115630 secs] 43641K->27221K(59392K), [Perm : 6107K->6107K(21248K)], 0.0116200 secs] [Times: user=0.01 sys=0.00, real=0.01 secs] 
205.323: Total time for which application threads were stopped: 0.0118380 seconds, Stopping threads took: 0.0001510 seconds
205.397: Application time: 0.0739090 seconds
205.397: [GC205.397: [DefNew: 15689K->15689K(18432K), 0.0000090 secs]205.397: [Tenured: 27221K->29358K(40960K), 0.0102490 secs] 42910K->29358K(59392K), [Perm : 6107K->6107K(21248K)], 0.0103080 secs] [Times: user=0.01 sys=0.00, real=0.01 secs] 
205.407: Total time for which application threads were stopped: 0.0105370 seconds, Stopping threads took: 0.0001600 seconds
205.462: Application time: 0.0552830 seconds
205.463: [GC205.463: [DefNew: 15691K->15691K(18432K), 0.0000110 secs]205.463: [Tenured: 29358K->30071K(40960K), 0.0108530 secs] 45050K->30071K(59392K), [Perm : 6107K->6107K(21248K)], 0.0109140 secs] [Times: user=0.01 sys=0.00, real=0.02 secs] 
205.474: Total time for which application threads were stopped: 0.0111140 seconds, Stopping threads took: 0.0001290 seconds
205.545: Application time: 0.0713330 seconds
205.545: [GC205.545: [DefNew: 15691K->15691K(18432K), 0.0000100 secs]205.545: [Tenured: 30071K->29358K(40960K), 0.0098630 secs] 45762K->29358K(59392K), [Perm : 6107K->6107K(21248K)], 0.0099200 secs] [Times: user=0.01 sys=0.00, real=0.02 secs] 
205.555: Total time for which application threads were stopped: 0.0100940 seconds, Stopping threads took: 0.0001050 seconds
205.626: Application time: 0.0706510 seconds
205.626: [GC205.626: [DefNew: 15691K->15691K(18432K), 0.0000110 secs]205.626: [Tenured: 29358K->28646K(40960K), 0.0101680 secs] 45050K->28646K(59392K), [Perm : 6107K->6107K(21248K)], 0.0102280 secs] [Times: user=0.01 sys=0.00, real=0.01 secs] 
205.636: Total time for which application threads were stopped: 0.0104240 seconds, Stopping threads took: 0.0001150 seconds
205.708: Application time: 0.0719390 seconds
205.708: [GC205.708: [DefNew: 15691K->15691K(18432K), 0.0000100 secs]205.708: [Tenured: 28646K->27221K(40960K), 0.0089840 secs] 44337K->27221K(59392K), [Perm : 6107K->6107K(21248K)], 0.0090430 secs] [Times: user=0.01 sys=0.00, real=0.01 secs] 
205.717: Total time for which application threads were stopped: 0.0092560 seconds, Stopping threads took: 0.0001260 seconds
205.791: Application time: 0.0732210 seconds
205.791: [GC205.791: [DefNew: 15697K->15697K(18432K), 0.0000100 secs]205.791: [Tenured: 27221K->28646K(40960K), 0.0090380 secs] 42918K->28646K(59392K), [Perm : 6107K->6107K(21248K)], 0.0090960 secs] [Times: user=0.01 sys=0.00, real=0.01 secs] 
205.800: Total time for which application threads were stopped: 0.0092260 seconds, Stopping threads took: 0.0000620 seconds
205.870: Application time: 0.0702970 seconds
205.870: [GC205.870: [DefNew: 15691K->15691K(18432K), 0.0000100 secs]205.870: [Tenured: 28646K->29359K(40960K), 0.0098130 secs] 44338K->29359K(59392K), [Perm : 6107K->6107K(21248K)], 0.0098800 secs] [Times: user=0.01 sys=0.00, real=0.01 secs] 
205.880: Total time for which application threads were stopped: 0.0100460 seconds, Stopping threads took: 0.0000970 seconds
205.940: Application time: 0.0601420 seconds
205.940: [GC205.940: [DefNew: 15700K->15700K(18432K), 0.0000090 secs]205.940: [Tenured: 29359K->27933K(40960K), 0.0108380 secs] 45059K->27933K(59392K), [Perm : 6107K->6107K(21248K)], 0.0108970 secs] [Times: user=0.01 sys=0.00, real=0.01 secs] 
205.951: Total time for which application threads were stopped: 0.0111170 seconds, Stopping threads took: 0.0001420 seconds
206.021: Application time: 0.0696510 seconds
206.021: [GC206.021: [DefNew: 15700K->15700K(18432K), 0.0000110 secs]206.021: [Tenured: 27933K->27934K(40960K), 0.0106140 secs] 43633K->27934K(59392K), [Perm : 6107K->6107K(21248K)], 0.0106740 secs] [Times: user=0.01 sys=0.00, real=0.01 secs] 
206.032: Total time for which application threads were stopped: 0.0109110 seconds, Stopping threads took: 0.0001490 seconds
206.073: Application time: 0.0414800 seconds
206.074: [GC206.074: [DefNew: 15698K->15698K(18432K), 0.0000110 secs]206.074: [Tenured: 27934K->28646K(40960K), 0.0117510 secs] 43632K->28646K(59392K), [Perm : 6107K->6107K(21248K)], 0.0118230 secs] [Times: user=0.01 sys=0.00, real=0.01 secs] 
206.085: Total time for which application threads were stopped: 0.0120510 seconds, Stopping threads took: 0.0001350 seconds
206.155: Application time: 0.0692850 seconds
206.155: [GC206.155: [DefNew: 15689K->15689K(18432K), 0.0000100 secs]206.155: [Tenured: 28646K->28646K(40960K), 0.0090710 secs] 44335K->28646K(59392K), [Perm : 6107K->6107K(21248K)], 0.0091310 secs] [Times: user=0.01 sys=0.00, real=0.00 secs] 
206.164: Total time for which application threads were stopped: 0.0093030 seconds, Stopping threads took: 0.0000930 seconds
206.222: Application time: 0.0580240 seconds
206.222: [GC206.222: [DefNew: 15698K->15698K(18432K), 0.0000100 secs]206.222: [Tenured: 28646K->25796K(40960K), 0.0113400 secs] 44344K->25796K(59392K), [Perm : 6107K->6107K(21248K)], 0.0114010 secs] [Times: user=0.01 sys=0.00, real=0.02 secs] 
206.234: Total time for which application threads were stopped: 0.0115350 seconds, Stopping threads took: 0.0000630 seconds
206.290: Application time: 0.0567270 seconds
206.290: [GC206.290: [DefNew: 15707K->1426K(18432K), 0.0036330 secs] 41503K->38623K(59392K), 0.0036720 secs] [Times: user=0.00 sys=0.00, real=0.01 secs] 
206.294: Total time for which application threads were stopped: 0.0038220 seconds, Stopping threads took: 0.0000850 seconds
206.340: Application time: 0.0460420 seconds
206.340: [GC206.340: [DefNew: 17123K->17123K(18432K), 0.0000100 secs]206.340: [Tenured: 37196K->23658K(40960K), 0.0108270 secs] 54320K->23658K(59392K), [Perm : 6107K->6107K(21248K)], 0.0108870 secs] [Times: user=0.01 sys=0.00, real=0.01 secs] 
206.351: Total time for which application threads were stopped: 0.0111050 seconds, Stopping threads took: 0.0001360 seconds
206.408: Application time: 0.0565870 seconds
206.408: [GC206.408: [DefNew: 15687K->1425K(18432K), 0.0033770 secs] 39346K->35059K(59392K), 0.0034180 secs] [Times: user=0.00 sys=0.00, real=0.00 secs] 
206.412: Total time for which application threads were stopped: 0.0036030 seconds, Stopping threads took: 0.0001090 seconds
206.472: Application time: 0.0602820 seconds
206.472: [GC206.472: [DefNew: 17115K->17115K(18432K), 0.0000090 secs]206.472: [Tenured: 33634K->25084K(40960K), 0.0091210 secs] 50749K->25084K(59392K), [Perm : 6107K->6107K(21248K)], 0.0091820 secs] [Times: user=0.01 sys=0.00, real=0.01 secs] 
206.481: Total time for which application threads were stopped: 0.0093130 seconds, Stopping threads took: 0.0000630 seconds
206.532: Application time: 0.0513760 seconds
206.533: [GC206.533: [DefNew: 15688K->1425K(18432K), 0.0037160 secs] 40772K->37909K(59392K), 0.0037640 secs] [Times: user=0.00 sys=0.00, real=0.01 secs] 
206.536: Total time for which application threads were stopped: 0.0039250 seconds, Stopping threads took: 0.0000830 seconds
206.579: Application time: 0.0424820 seconds
206.579: [GC206.579: [DefNew: 17113K->17113K(18432K), 0.0000090 secs]206.579: [Tenured: 36484K->25796K(40960K), 0.0091850 secs] 53598K->25796K(59392K), [Perm : 6107K->6107K(21248K)], 0.0092440 secs] [Times: user=0.01 sys=0.00, real=0.01 secs] 
206.588: Total time for which application threads were stopped: 0.0094080 seconds, Stopping threads took: 0.0000840 seconds
206.655: Application time: 0.0666830 seconds
206.655: [GC206.655: [DefNew: 15688K->15688K(18432K), 0.0000100 secs]206.655: [Tenured: 25796K->24371K(40960K), 0.0101100 secs] 41485K->24371K(59392K), [Perm : 6107K->6107K(21248K)], 0.0101670 secs] [Times: user=0.01 sys=0.00, real=0.00 secs] 
206.665: Total time for which application threads were stopped: 0.0103380 seconds, Stopping threads took: 0.0001030 seconds
206.721: Application time: 0.0555220 seconds
206.721: [GC206.721: [DefNew: 15688K->1425K(18432K), 0.0036340 secs] 40060K->37197K(59392K), 0.0036750 secs] [Times: user=0.00 sys=0.00, real=0.00 secs] 
206.725: Total time for which application threads were stopped: 0.0038200 seconds, Stopping threads took: 0.0000670 seconds
206.753: Application time: 0.0283910 seconds
206.753: [GC206.753: [DefNew: 17122K->17122K(18432K), 0.0000090 secs]206.753: [Tenured: 35772K->24373K(40960K), 0.0089510 secs] 52895K->24373K(59392K), [Perm : 6107K->6107K(21248K)], 0.0090070 secs] [Times: user=0.01 sys=0.00, real=0.01 secs] 
206.762: Total time for which application threads were stopped: 0.0092090 seconds, Stopping threads took: 0.0001330 seconds
206.833: Application time: 0.0708970 seconds
206.833: [GC206.833: [DefNew: 15688K->1425K(18432K), 0.0032230 secs] 40061K->35774K(59392K), 0.0032600 secs] [Times: user=0.00 sys=0.00, real=0.01 secs] 
206.837: Total time for which application threads were stopped: 0.0033930 seconds, Stopping threads took: 0.0000680 seconds
206.885: Application time: 0.0485320 seconds
206.885: [GC206.885: [DefNew: 17113K->17113K(18432K), 0.0000100 secs]206.885: [Tenured: 34349K->25085K(40960K), 0.0091630 secs] 51463K->25085K(59392K), [Perm : 6107K->6107K(21248K)], 0.0092200 secs] [Times: user=0.01 sys=0.00, real=0.02 secs] 
206.894: Total time for which application threads were stopped: 0.0093850 seconds, Stopping threads took: 0.0000980 seconds
206.944: Application time: 0.0493830 seconds
206.944: [GC206.944: [DefNew: 15688K->1425K(18432K), 0.0034880 secs] 40774K->37199K(59392K), 0.0035250 secs] [Times: user=0.00 sys=0.00, real=0.01 secs] 
206.948: Total time for which application threads were stopped: 0.0036700 seconds, Stopping threads took: 0.0000760 seconds
207.001: Application time: 0.0534510 seconds
207.001: [GC207.001: [DefNew: 17129K->17129K(18432K), 0.0000090 secs]207.001: [Tenured: 35774K->25087K(40960K), 0.0090100 secs] 52903K->25087K(59392K), [Perm : 6107K->6107K(21248K)], 0.0090650 secs] [Times: user=0.01 sys=0.00, real=0.01 secs] 
207.010: Total time for which application threads were stopped: 0.0092000 seconds, Stopping threads took: 0.0000680 seconds
207.060: Application time: 0.0502020 seconds
207.061: [GC207.061: [DefNew: 15697K->1426K(18432K), 0.0035500 secs] 40785K->37202K(59392K), 0.0035910 secs] [Times: user=0.00 sys=0.00, real=0.00 secs] 
207.064: Total time for which application threads were stopped: 0.0038020 seconds, Stopping threads took: 0.0001340 seconds
207.112: Application time: 0.0480130 seconds
207.112: [GC207.112: [DefNew: 17115K->17115K(18432K), 0.0000100 secs]207.112: [Tenured: 35776K->25085K(40960K), 0.0103360 secs] 52891K->25085K(59392K), [Perm : 6107K->6107K(21248K)], 0.0103960 secs] [Times: user=0.01 sys=0.00, real=0.01 secs] 
207.123: Total time for which application threads were stopped: 0.0105760 seconds, Stopping threads took: 0.0001110 seconds
207.182: Application time: 0.0589750 seconds
207.182: [GC207.182: [DefNew: 15697K->1426K(18432K), 0.0036440 secs] 40782K->37200K(59392K), 0.0036910 secs] [Times: user=0.00 sys=0.00, real=0.01 secs] 
207.186: Total time for which application threads were stopped: 0.0038140 seconds, Stopping threads took: 0.0000560 seconds
207.222: Application time: 0.0361700 seconds
207.222: [GC207.222: [DefNew: 17115K->17115K(18432K), 0.0000100 secs]207.222: [Tenured: 35774K->25798K(40960K), 0.0091010 secs] 52889K->25798K(59392K), [Perm : 6107K->6107K(21248K)], 0.0091630 secs] [Times: user=0.00 sys=0.01, real=0.01 secs] 
207.231: Total time for which application threads were stopped: 0.0093090 seconds, Stopping threads took: 0.0000640 seconds
207.293: Application time: 0.0614700 seconds
207.293: [GC207.293: [DefNew: 15688K->15688K(18432K), 0.0000090 secs]207.293: [Tenured: 25798K->27936K(40960K), 0.0090920 secs] 41487K->27936K(59392K), [Perm : 6107K->6107K(21248K)], 0.0091480 secs] [Times: user=0.01 sys=0.00, real=0.01 secs] 
207.302: Total time for which application threads were stopped: 0.0093130 seconds, Stopping threads took: 0.0000870 seconds
207.356: Application time: 0.0537430 seconds
207.356: [GC207.356: [DefNew: 15697K->15697K(18432K), 0.0000090 secs]207.356: [Tenured: 27936K->27937K(40960K), 0.0089660 secs] 43634K->27937K(59392K), [Perm : 6107K->6107K(21248K)], 0.0090260 secs] [Times: user=0.01 sys=0.00, real=0.00 secs] 
207.365: Total time for which application threads were stopped: 0.0092270 seconds, Stopping threads took: 0.0001110 seconds
207.420: Application time: 0.0550460 seconds
207.420: [GC207.420: [DefNew: 15706K->15706K(18432K), 0.0000090 secs]207.420: [Tenured: 27937K->27223K(40960K), 0.0101940 secs] 43643K->27223K(59392K), [Perm : 6107K->6107K(21248K)], 0.0102510 secs] [Times: user=0.01 sys=0.00, real=0.01 secs] 
207.430: Total time for which application threads were stopped: 0.0104090 seconds, Stopping threads took: 0.0000830 seconds
207.473: Application time: 0.0426060 seconds
207.473: [GC207.473: [DefNew: 15688K->15688K(18432K), 0.0000110 secs]207.473: [Tenured: 27223K->28648K(40960K), 0.0100350 secs] 42912K->28648K(59392K), [Perm : 6107K->6107K(21248K)], 0.0100940 secs] [Times: user=0.01 sys=0.00, real=0.01 secs] 
207.483: Total time for which application threads were stopped: 0.0102380 seconds, Stopping threads took: 0.0000720 seconds
207.538: Application time: 0.0552040 seconds
207.538: [GC207.538: [DefNew: 15688K->15688K(18432K), 0.0000100 secs]207.538: [Tenured: 28648K->28648K(40960K), 0.0089390 secs] 44337K->28648K(59392K), [Perm : 6107K->6107K(21248K)], 0.0089970 secs] [Times: user=0.01 sys=0.00, real=0.01 secs] 
207.547: Total time for which application threads were stopped: 0.0091250 seconds, Stopping threads took: 0.0000570 seconds
207.598: Application time: 0.0506260 seconds
207.598: [GC207.598: [DefNew: 15688K->15688K(18432K), 0.0000100 secs]207.598: [Tenured: 28648K->28648K(40960K), 0.0098410 secs] 44336K->28648K(59392K), [Perm : 6107K->6107K(21248K)], 0.0099000 secs] [Times: user=0.01 sys=0.00, real=0.01 secs] 
207.608: Total time for which application threads were stopped: 0.0100320 seconds, Stopping threads took: 0.0000620 seconds
207.655: Application time: 0.0464990 seconds
207.655: [GC207.655: [DefNew: 15688K->15688K(18432K), 0.0000090 secs]207.655: [Tenured: 28648K->28648K(40960K), 0.0097530 secs] 44336K->28648K(59392K), [Perm : 6107K->6107K(21248K)], 0.0098120 secs] [Times: user=0.01 sys=0.00, real=0.00 secs] 
207.665: Total time for which application threads were stopped: 0.0099420 seconds, Stopping threads took: 0.0000610 seconds
207.716: Application time: 0.0510150 seconds
207.716: [GC207.716: [DefNew: 15688K->15688K(18432K), 0.0000100 secs]207.716: [Tenured: 28648K->28647K(40960K), 0.0097490 secs] 44336K->28647K(59392K), [Perm : 6107K->6107K(21248K)], 0.0098050 secs] [Times: user=0.01 sys=0.00, real=0.01 secs] 
207.726: Total time for which application threads were stopped: 0.0099470 seconds, Stopping threads took: 0.0000720 seconds
207.784: Application time: 0.0583770 seconds
207.784: [GC207.784: [DefNew: 15688K->15688K(18432K), 0.0000100 secs]207.784: [Tenured: 28647K->28647K(40960K), 0.0096060 secs] 44336K->28647K(59392K), [Perm : 6107K->6107K(21248K)], 0.0096730 secs] [Times: user=0.01 sys=0.00, real=0.02 secs] 
207.794: Total time for which application threads were stopped: 0.0098210 seconds, Stopping threads took: 0.0000680 seconds
207.832: Application time: 0.0384290 seconds
207.832: [GC207.832: [DefNew: 15694K->15694K(18432K), 0.0000100 secs]207.832: [Tenured: 28647K->28648K(40960K), 0.0091820 secs] 44342K->28648K(59392K), [Perm : 6107K->6107K(21248K)], 0.0092420 secs] [Times: user=0.01 sys=0.00, real=0.01 secs] 
207.842: Total time for which application threads were stopped: 0.0094180 seconds, Stopping threads took: 0.0000880 seconds
207.905: Application time: 0.0630340 seconds
207.905: [GC207.905: [DefNew: 15688K->15688K(18432K), 0.0000100 secs]207.905: [Tenured: 28648K->29360K(40960K), 0.0101870 secs] 44336K->29360K(59392K), [Perm : 6107K->6107K(21248K)], 0.0102470 secs] [Times: user=0.01 sys=0.00, real=0.02 secs] 
207.915: Total time for which application threads were stopped: 0.0104250 seconds, Stopping threads took: 0.0001100 seconds
207.962: Application time: 0.0472830 seconds
207.963: [GC207.963: [DefNew: 15688K->15688K(18432K), 0.0000100 secs]207.963: [Tenured: 29360K->29360K(40960K), 0.0106390 secs] 45048K->29360K(59392K), [Perm : 6107K->6107K(21248K)], 0.0107010 secs] [Times: user=0.02 sys=0.00, real=0.01 secs] 
207.973: Total time for which application threads were stopped: 0.0109440 seconds, Stopping threads took: 0.0001520 seconds
207.999: Application time: 0.0254340 seconds
207.999: [GC207.999: [DefNew: 15716K->15716K(18432K), 0.0000100 secs]207.999: [Tenured: 29360K->30102K(40960K), 0.0089680 secs] 45076K->30102K(59392K), [Perm : 6107K->6107K(21248K)], 0.0090290 secs] [Times: user=0.01 sys=0.00, real=0.01 secs] 
208.008: Total time for which application threads were stopped: 0.0091730 seconds, Stopping threads took: 0.0000730 seconds
208.015: Application time: 0.0072160 seconds
208.015: [GC208.015: [DefNew: 15679K->15679K(18432K), 0.0000100 secs]208.015: [Tenured: 30102K->30102K(40960K), 0.0087010 secs] 45781K->30102K(59392K), [Perm : 6107K->6107K(21248K)], 0.0087620 secs] [Times: user=0.00 sys=0.00, real=0.00 secs] 
208.024: Total time for which application threads were stopped: 0.0089130 seconds, Stopping threads took: 0.0000780 seconds
208.029: Application time: 0.0048320 seconds
208.029: [GC208.029: [DefNew: 15687K->15687K(18432K), 0.0000090 secs]208.029: [Tenured: 30102K->27934K(40960K), 0.0108370 secs] 45789K->27934K(59392K), [Perm : 6107K->6107K(21248K)], 0.0108970 secs] [Times: user=0.01 sys=0.00, real=0.01 secs] 
208.040: Total time for which application threads were stopped: 0.0112420 seconds, Stopping threads took: 0.0002740 seconds
208.044: Application time: 0.0037100 seconds
208.044: [GC208.044: [DefNew: 15679K->15679K(18432K), 0.0000100 secs]208.044: [Tenured: 27934K->30785K(40960K), 0.0065880 secs] 43614K->30785K(59392K), [Perm : 6107K->6107K(21248K)], 0.0066500 secs] [Times: user=0.01 sys=0.00, real=0.01 secs] 
208.051: Total time for which application threads were stopped: 0.0068260 seconds, Stopping threads took: 0.0001060 seconds
208.058: Application time: 0.0069050 seconds
208.058: [GC208.058: [DefNew: 16209K->16209K(18432K), 0.0000100 secs]208.058: [Tenured: 30785K->27260K(40960K), 0.0087880 secs] 46994K->27260K(59392K), [Perm : 6107K->6107K(21248K)], 0.0088460 secs] [Times: user=0.01 sys=0.00, real=0.01 secs] 
208.067: Total time for which application threads were stopped: 0.0090210 seconds, Stopping threads took: 0.0001050 seconds
208.074: Application time: 0.0073650 seconds
208.074: [GC208.074: [DefNew: 15902K->15902K(18432K), 0.0000100 secs]208.074: [Tenured: 27260K->27251K(40960K), 0.0074760 secs] 43162K->27251K(59392K), [Perm : 6107K->6107K(21248K)], 0.0075290 secs] [Times: user=0.01 sys=0.00, real=0.00 secs] 
208.082: Total time for which application threads were stopped: 0.0080300 seconds, Stopping threads took: 0.0004160 seconds
208.087: Application time: 0.0047270 seconds
208.087: [GC208.087: [DefNew: 15681K->15681K(18432K), 0.0000110 secs]208.087: [Tenured: 27251K->27222K(40960K), 0.0119170 secs] 42933K->27222K(59392K), [Perm : 6107K->6107K(21248K)], 0.0119820 secs] [Times: user=0.01 sys=0.00, real=0.01 secs] 
208.099: Total time for which application threads were stopped: 0.0123750 seconds, Stopping threads took: 0.0002990 seconds
208.103: Application time: 0.0036170 seconds
208.104: [GC208.104: [DefNew: 15688K->15688K(18432K), 0.0000090 secs]208.104: [Tenured: 27222K->27936K(40960K), 0.0063420 secs] 42910K->27936K(59392K), [Perm : 6107K->6107K(21248K)], 0.0063990 secs] [Times: user=0.01 sys=0.00, real=0.01 secs] 
208.110: Total time for which application threads were stopped: 0.0072890 seconds, Stopping threads took: 0.0008100 seconds
208.113: Application time: 0.0034890 seconds
208.114: [GC208.114: [DefNew: 15682K->15682K(18432K), 0.0000100 secs]208.114: [Tenured: 27936K->27222K(40960K), 0.0095720 secs] 43618K->27222K(59392K), [Perm : 6107K->6107K(21248K)], 0.0096340 secs] [Times: user=0.01 sys=0.00, real=0.00 secs] 
208.123: Total time for which application threads were stopped: 0.0098130 seconds, Stopping threads took: 0.0001070 seconds
