Java HotSpot(TM) 64-Bit Server VM (24.80-b11) for linux-amd64 JRE (1.7.0_80-b15), built on Apr 10 2015 19:53:14 by "java_re" with gcc 4.3.0 20080428 (Red Hat 4.3.0-8)
Memory: 4k page, physical 8000092k(6122800k free), swap 8218620k(8218620k free)
CommandLine flags: -XX:InitialHeapSize=108908544 -XX:MaxHeapSize=108908544 -XX:+PrintGC -XX:+PrintGCApplicationConcurrentTime -XX:+PrintGCApplicationStoppedTime -XX:+PrintGCDetails -XX:+PrintGCTimeStamps -XX:-UseAdaptiveSizePolicy -XX:+UseCompressedOops -XX:+UseSerialGC 
1.008: Application time: 0.9838730 seconds
1.008: Total time for which application threads were stopped: 0.0000480 seconds, Stopping threads took: 0.0000170 seconds
4.030: Application time: 3.0215360 seconds
4.030: Total time for which application threads were stopped: 0.0000680 seconds, Stopping threads took: 0.0000110 seconds
14.702: Application time: 10.6717820 seconds
14.702: Total time for which application threads were stopped: 0.0000230 seconds, Stopping threads took: 0.0000080 seconds
14.702: Application time: 0.0000640 seconds
14.702: Total time for which application threads were stopped: 0.0000230 seconds, Stopping threads took: 0.0000080 seconds
14.703: Application time: 0.0015120 seconds
14.703: Total time for which application threads were stopped: 0.0000240 seconds, Stopping threads took: 0.0000180 seconds
14.721: Application time: 0.0175640 seconds
14.721: Total time for which application threads were stopped: 0.0000380 seconds, Stopping threads took: 0.0000100 seconds
14.733: Application time: 0.0122910 seconds
14.733: [Full GC14.733: [Tenured: 0K->3145K(70912K), 0.0088310 secs] 10238K->3145K(102848K), [Perm : 5075K->5075K(21248K)], 0.0088790 secs] [Times: user=0.01 sys=0.00, real=0.01 secs] 
14.742: Total time for which application threads were stopped: 0.0089460 seconds, Stopping threads took: 0.0000180 seconds
14.742: Application time: 0.0000780 seconds
14.742: [Full GC14.742: [Tenured: 3145K->3145K(70912K), 0.0055120 secs] 3145K->3145K(102848K), [Perm : 5075K->5075K(21248K)], 0.0055380 secs] [Times: user=0.00 sys=0.00, real=0.01 secs] 
14.748: Total time for which application threads were stopped: 0.0055990 seconds, Stopping threads took: 0.0000190 seconds
14.748: Application time: 0.0002200 seconds
14.748: Total time for which application threads were stopped: 0.0001060 seconds, Stopping threads took: 0.0000720 seconds
14.748: Application time: 0.0000720 seconds
14.748: Total time for which application threads were stopped: 0.0000570 seconds, Stopping threads took: 0.0000390 seconds
14.748: Application time: 0.0000810 seconds
14.748: Total time for which application threads were stopped: 0.0001010 seconds, Stopping threads took: 0.0000680 seconds
14.749: Application time: 0.0000350 seconds
14.749: Total time for which application threads were stopped: 0.0000220 seconds, Stopping threads took: 0.0000170 seconds
14.749: Application time: 0.0000110 seconds
14.749: Total time for which application threads were stopped: 0.0000120 seconds, Stopping threads took: 0.0000090 seconds
14.749: Application time: 0.0000210 seconds
14.749: Total time for which application threads were stopped: 0.0000160 seconds, Stopping threads took: 0.0000120 seconds
14.749: Application time: 0.0000120 seconds
14.749: Total time for which application threads were stopped: 0.0000180 seconds, Stopping threads took: 0.0000140 seconds
14.749: Application time: 0.0000110 seconds
14.749: Total time for which application threads were stopped: 0.0000150 seconds, Stopping threads took: 0.0000120 seconds
14.749: Application time: 0.0000110 seconds
14.749: Total time for which application threads were stopped: 0.0000120 seconds, Stopping threads took: 0.0000090 seconds
14.749: Application time: 0.0000110 seconds
14.749: Total time for which application threads were stopped: 0.0000120 seconds, Stopping threads took: 0.0000090 seconds
14.749: Application time: 0.0000100 seconds
14.749: Total time for which application threads were stopped: 0.0000120 seconds, Stopping threads took: 0.0000090 seconds
14.749: Application time: 0.0000100 seconds
14.749: Total time for which application threads were stopped: 0.0000140 seconds, Stopping threads took: 0.0000110 seconds
14.749: Application time: 0.0000100 seconds
14.749: Total time for which application threads were stopped: 0.0000130 seconds, Stopping threads took: 0.0000100 seconds
14.749: Application time: 0.0000100 seconds
14.749: Total time for which application threads were stopped: 0.0000150 seconds, Stopping threads took: 0.0000120 seconds
14.749: Application time: 0.0000100 seconds
14.749: Total time for which application threads were stopped: 0.0000080 seconds, Stopping threads took: 0.0000040 seconds
14.749: Application time: 0.0000090 seconds
14.749: Total time for which application threads were stopped: 0.0000110 seconds, Stopping threads took: 0.0000080 seconds
14.749: Application time: 0.0000090 seconds
14.749: Total time for which application threads were stopped: 0.0000120 seconds, Stopping threads took: 0.0000090 seconds
14.749: Application time: 0.0000080 seconds
14.749: Total time for which application threads were stopped: 0.0000120 seconds, Stopping threads took: 0.0000090 seconds
14.749: Application time: 0.0000080 seconds
14.749: Total time for which application threads were stopped: 0.0000110 seconds, Stopping threads took: 0.0000080 seconds
14.749: Application time: 0.0000080 seconds
14.749: Total time for which application threads were stopped: 0.0000260 seconds, Stopping threads took: 0.0000180 seconds
14.796: Application time: 0.0469550 seconds
14.796: Total time for which application threads were stopped: 0.0000540 seconds, Stopping threads took: 0.0000130 seconds
14.806: Application time: 0.0096970 seconds
14.806: Total time for which application threads were stopped: 0.0000350 seconds, Stopping threads took: 0.0000200 seconds
14.858: Application time: 0.0523650 seconds
14.858: Total time for which application threads were stopped: 0.0001150 seconds, Stopping threads took: 0.0000890 seconds
14.858: Application time: 0.0001580 seconds
14.858: Total time for which application threads were stopped: 0.0000200 seconds, Stopping threads took: 0.0000110 seconds
14.858: Application time: 0.0000830 seconds
14.858: Total time for which application threads were stopped: 0.0000270 seconds, Stopping threads took: 0.0000180 seconds
14.859: Application time: 0.0002130 seconds
14.859: Total time for which application threads were stopped: 0.0000160 seconds, Stopping threads took: 0.0000040 seconds
14.991: Application time: 0.1325260 seconds
14.991: [GC14.991: [DefNew: 28416K->3520K(31936K), 0.0149720 secs] 31561K->19259K(102848K), 0.0150130 secs] [Times: user=0.02 sys=0.01, real=0.01 secs] 
15.006: Total time for which application threads were stopped: 0.0151350 seconds, Stopping threads took: 0.0000420 seconds
15.006: Application time: 0.0000980 seconds
15.007: Total time for which application threads were stopped: 0.0000590 seconds, Stopping threads took: 0.0000380 seconds
15.007: Application time: 0.0000210 seconds
15.007: Total time for which application threads were stopped: 0.0000300 seconds, Stopping threads took: 0.0000240 seconds
15.007: Application time: 0.0000140 seconds
15.007: Total time for which application threads were stopped: 0.0000320 seconds, Stopping threads took: 0.0000250 seconds
15.007: Application time: 0.0000110 seconds
15.007: Total time for which application threads were stopped: 0.0000220 seconds, Stopping threads took: 0.0000170 seconds
15.007: Application time: 0.0000150 seconds
15.007: Total time for which application threads were stopped: 0.0000290 seconds, Stopping threads took: 0.0000230 seconds
15.007: Application time: 0.0000140 seconds
15.007: Total time for which application threads were stopped: 0.0000300 seconds, Stopping threads took: 0.0000230 seconds
15.082: Application time: 0.0752270 seconds
15.082: Total time for which application threads were stopped: 0.0001010 seconds, Stopping threads took: 0.0000610 seconds
15.087: Application time: 0.0048090 seconds
15.087: Total time for which application threads were stopped: 0.0000650 seconds, Stopping threads took: 0.0000450 seconds
15.087: Application time: 0.0001420 seconds
15.087: Total time for which application threads were stopped: 0.0000360 seconds, Stopping threads took: 0.0000280 seconds
15.089: Application time: 0.0023170 seconds
15.090: Total time for which application threads were stopped: 0.0000500 seconds, Stopping threads took: 0.0000370 seconds
15.095: Application time: 0.0054790 seconds
15.095: Total time for which application threads were stopped: 0.0000650 seconds, Stopping threads took: 0.0000460 seconds
15.265: Application time: 0.1702340 seconds
15.265: [GC15.265: [DefNew: 31936K->3520K(31936K), 0.0253580 secs] 47675K->39900K(102848K), 0.0254050 secs] [Times: user=0.03 sys=0.00, real=0.03 secs] 
15.291: Total time for which application threads were stopped: 0.0255550 seconds, Stopping threads took: 0.0000580 seconds
15.304: Application time: 0.0128690 seconds
15.304: Total time for which application threads were stopped: 0.0001510 seconds, Stopping threads took: 0.0001270 seconds
15.304: Application time: 0.0005910 seconds
15.305: Total time for which application threads were stopped: 0.0000600 seconds, Stopping threads took: 0.0000470 seconds
15.309: Application time: 0.0041730 seconds
15.309: Total time for which application threads were stopped: 0.0000490 seconds, Stopping threads took: 0.0000360 seconds
15.309: Application time: 0.0000830 seconds
15.311: Total time for which application threads were stopped: 0.0022180 seconds, Stopping threads took: 0.0022040 seconds
15.313: Application time: 0.0024100 seconds
15.314: Total time for which application threads were stopped: 0.0000680 seconds, Stopping threads took: 0.0000560 seconds
15.319: Application time: 0.0051520 seconds
15.319: Total time for which application threads were stopped: 0.0000450 seconds, Stopping threads took: 0.0000280 seconds
15.319: Application time: 0.0000170 seconds
15.319: Total time for which application threads were stopped: 0.0000340 seconds, Stopping threads took: 0.0000250 seconds
15.319: Application time: 0.0000540 seconds
15.319: Total time for which application threads were stopped: 0.0000430 seconds, Stopping threads took: 0.0000350 seconds
15.323: Application time: 0.0044690 seconds
15.323: Total time for which application threads were stopped: 0.0000510 seconds, Stopping threads took: 0.0000340 seconds
15.323: Application time: 0.0000380 seconds
15.323: Total time for which application threads were stopped: 0.0000530 seconds, Stopping threads took: 0.0000370 seconds
15.325: Application time: 0.0014970 seconds
15.325: Total time for which application threads were stopped: 0.0000750 seconds, Stopping threads took: 0.0000610 seconds
15.325: Application time: 0.0000400 seconds
15.325: Total time for which application threads were stopped: 0.0000380 seconds, Stopping threads took: 0.0000250 seconds
15.348: Application time: 0.0229390 seconds
15.348: Total time for which application threads were stopped: 0.0000930 seconds, Stopping threads took: 0.0000530 seconds
15.354: Application time: 0.0058960 seconds
15.354: Total time for which application threads were stopped: 0.0000780 seconds, Stopping threads took: 0.0000450 seconds
15.354: Application time: 0.0001150 seconds
15.354: Total time for which application threads were stopped: 0.0000470 seconds, Stopping threads took: 0.0000350 seconds
15.354: Application time: 0.0001530 seconds
15.355: Total time for which application threads were stopped: 0.0000620 seconds, Stopping threads took: 0.0000460 seconds
15.355: Application time: 0.0000470 seconds
15.355: Total time for which application threads were stopped: 0.0000460 seconds, Stopping threads took: 0.0000340 seconds
15.372: Application time: 0.0174600 seconds
15.372: Total time for which application threads were stopped: 0.0000830 seconds, Stopping threads took: 0.0000570 seconds
15.379: Application time: 0.0068490 seconds
15.383: Total time for which application threads were stopped: 0.0040340 seconds, Stopping threads took: 0.0040050 seconds
15.383: Application time: 0.0000590 seconds
15.383: Total time for which application threads were stopped: 0.0000480 seconds, Stopping threads took: 0.0000300 seconds
15.571: Application time: 0.1878150 seconds
15.571: Total time for which application threads were stopped: 0.0001240 seconds, Stopping threads took: 0.0000650 seconds
15.576: Application time: 0.0047870 seconds
15.576: Total time for which application threads were stopped: 0.0000660 seconds, Stopping threads took: 0.0000480 seconds
15.578: Application time: 0.0022520 seconds
15.578: Total time for which application threads were stopped: 0.0000640 seconds, Stopping threads took: 0.0000420 seconds
15.587: Application time: 0.0086360 seconds
15.587: Total time for which application threads were stopped: 0.0001410 seconds, Stopping threads took: 0.0000520 seconds
15.591: Application time: 0.0034620 seconds
15.591: Total time for which application threads were stopped: 0.0000860 seconds, Stopping threads took: 0.0000550 seconds
15.591: Application time: 0.0000170 seconds
15.591: Total time for which application threads were stopped: 0.0000490 seconds, Stopping threads took: 0.0000260 seconds
15.591: Application time: 0.0000150 seconds
15.591: Total time for which application threads were stopped: 0.0000270 seconds, Stopping threads took: 0.0000130 seconds
15.591: Application time: 0.0000200 seconds
15.591: Total time for which application threads were stopped: 0.0000440 seconds, Stopping threads took: 0.0000290 seconds
15.591: Application time: 0.0000380 seconds
15.591: Total time for which application threads were stopped: 0.0000600 seconds, Stopping threads took: 0.0000420 seconds
15.591: Application time: 0.0000330 seconds
15.591: Total time for which application threads were stopped: 0.0000600 seconds, Stopping threads took: 0.0000430 seconds
15.595: Application time: 0.0040130 seconds
15.595: Total time for which application threads were stopped: 0.0000620 seconds, Stopping threads took: 0.0000380 seconds
15.606: Application time: 0.0108740 seconds
15.606: Total time for which application threads were stopped: 0.0000700 seconds, Stopping threads took: 0.0000420 seconds
15.606: Application time: 0.0004150 seconds
15.607: Total time for which application threads were stopped: 0.0000490 seconds, Stopping threads took: 0.0000310 seconds
15.607: Application time: 0.0000600 seconds
15.607: Total time for which application threads were stopped: 0.0000500 seconds, Stopping threads took: 0.0000360 seconds
15.679: Application time: 0.0724730 seconds
15.679: [GC15.679: [DefNew: 31936K->3520K(31936K), 0.0276810 secs] 68316K->55689K(102848K), 0.0277260 secs] [Times: user=0.03 sys=0.00, real=0.02 secs] 
15.707: Total time for which application threads were stopped: 0.0278360 seconds, Stopping threads took: 0.0000460 seconds
15.817: Application time: 0.1095750 seconds
15.817: Total time for which application threads were stopped: 0.0001170 seconds, Stopping threads took: 0.0000580 seconds
15.827: Application time: 0.0104120 seconds
15.827: Total time for which application threads were stopped: 0.0000680 seconds, Stopping threads took: 0.0000430 seconds
15.839: Application time: 0.0123280 seconds
15.840: Total time for which application threads were stopped: 0.0001000 seconds, Stopping threads took: 0.0000710 seconds
15.861: Application time: 0.0214030 seconds
15.861: Total time for which application threads were stopped: 0.0001260 seconds, Stopping threads took: 0.0001050 seconds
15.864: Application time: 0.0028050 seconds
15.864: Total time for which application threads were stopped: 0.0000670 seconds, Stopping threads took: 0.0000480 seconds
15.870: Application time: 0.0064710 seconds
15.870: Total time for which application threads were stopped: 0.0000560 seconds, Stopping threads took: 0.0000420 seconds
16.068: Application time: 0.1978860 seconds
16.069: [GC16.069: [DefNew: 31936K->31936K(31936K), 0.0000110 secs]16.069: [Tenured: 52169K->58034K(70912K), 0.0838070 secs] 84105K->58034K(102848K), [Perm : 8500K->8500K(21248K)], 0.0838810 secs] [Times: user=0.13 sys=0.00, real=0.08 secs] 
16.152: Total time for which application threads were stopped: 0.0840580 seconds, Stopping threads took: 0.0000800 seconds
16.154: Application time: 0.0012850 seconds
16.154: Total time for which application threads were stopped: 0.0000870 seconds, Stopping threads took: 0.0000650 seconds
16.154: Application time: 0.0000290 seconds
16.154: Total time for which application threads were stopped: 0.0000490 seconds, Stopping threads took: 0.0000380 seconds
16.154: Application time: 0.0000200 seconds
16.154: Total time for which application threads were stopped: 0.0000350 seconds, Stopping threads took: 0.0000270 seconds
16.154: Application time: 0.0000200 seconds
16.154: Total time for which application threads were stopped: 0.0000370 seconds, Stopping threads took: 0.0000260 seconds
16.154: Application time: 0.0000180 seconds
16.154: Total time for which application threads were stopped: 0.0000380 seconds, Stopping threads took: 0.0000300 seconds
16.156: Application time: 0.0022600 seconds
16.157: Total time for which application threads were stopped: 0.0005880 seconds, Stopping threads took: 0.0005730 seconds
16.157: Application time: 0.0000250 seconds
16.157: Total time for which application threads were stopped: 0.0000420 seconds, Stopping threads took: 0.0000290 seconds
16.157: Application time: 0.0000250 seconds
16.157: Total time for which application threads were stopped: 0.0001430 seconds, Stopping threads took: 0.0001320 seconds
16.157: Application time: 0.0000160 seconds
16.157: Total time for which application threads were stopped: 0.0001880 seconds, Stopping threads took: 0.0001790 seconds
16.157: Application time: 0.0000240 seconds
16.157: Total time for which application threads were stopped: 0.0000480 seconds, Stopping threads took: 0.0000400 seconds
16.157: Application time: 0.0000150 seconds
16.157: Total time for which application threads were stopped: 0.0000200 seconds, Stopping threads took: 0.0000150 seconds
16.157: Application time: 0.0000140 seconds
16.158: Total time for which application threads were stopped: 0.0000300 seconds, Stopping threads took: 0.0000220 seconds
16.158: Application time: 0.0000140 seconds
16.158: Total time for which application threads were stopped: 0.0000240 seconds, Stopping threads took: 0.0000180 seconds
16.158: Application time: 0.0000100 seconds
16.158: Total time for which application threads were stopped: 0.0000160 seconds, Stopping threads took: 0.0000110 seconds
16.158: Application time: 0.0000180 seconds
16.158: Total time for which application threads were stopped: 0.0000960 seconds, Stopping threads took: 0.0000290 seconds
16.265: Application time: 0.1068200 seconds
16.265: Total time for which application threads were stopped: 0.0001200 seconds, Stopping threads took: 0.0000660 seconds
16.315: Application time: 0.0502980 seconds
16.315: [GC16.315: [DefNew: 28416K->28416K(31936K), 0.0000090 secs]16.315: [Tenured: 58034K->58857K(71040K), 0.0860330 secs] 86450K->58857K(102976K), [Perm : 8508K->8504K(21248K)], 0.0861000 secs] [Times: user=0.09 sys=0.00, real=0.09 secs] 
16.401: Total time for which application threads were stopped: 0.0862280 seconds, Stopping threads took: 0.0000610 seconds
16.547: Application time: 0.1460900 seconds
16.550: [GC16.550: [DefNew: 28416K->28416K(31936K), 0.0000090 secs]16.550: [Tenured: 58857K->63067K(71040K), 0.0734430 secs] 87273K->63067K(102976K), [Perm : 8507K->8507K(21248K)], 0.0735000 secs] [Times: user=0.09 sys=0.00, real=0.07 secs] 
16.624: Total time for which application threads were stopped: 0.0762550 seconds, Stopping threads took: 0.0026490 seconds
16.683: Application time: 0.0598890 seconds
16.684: [GC16.684: [DefNew: 28416K->28416K(31936K), 0.0000120 secs]16.684: [Tenured: 63067K->70613K(71040K), 0.0852130 secs] 91483K->70613K(102976K), [Perm : 8511K->8511K(21248K)], 0.0852790 secs] [Times: user=0.10 sys=0.00, real=0.09 secs] 
16.769: Total time for which application threads were stopped: 0.0854550 seconds, Stopping threads took: 0.0001020 seconds
16.878: Application time: 0.1092060 seconds
16.878: [GC16.878: [DefNew: 28416K->28416K(31936K), 0.0000120 secs]16.878: [Tenured: 70613K->71039K(71040K), 0.0875210 secs] 99029K->78182K(102976K), [Perm : 8514K->8514K(21248K)], 0.0875980 secs] [Times: user=0.10 sys=0.00, real=0.09 secs] 
16.966: Total time for which application threads were stopped: 0.0877360 seconds, Stopping threads took: 0.0000650 seconds
17.132: Application time: 0.1661760 seconds
17.132: [Full GC17.132: [Tenured: 71039K->71039K(71040K), 0.1045150 secs] 102975K->76116K(102976K), [Perm : 8515K->8515K(21248K)], 0.1045600 secs] [Times: user=0.11 sys=0.00, real=0.10 secs] 
17.237: Total time for which application threads were stopped: 0.1046990 seconds, Stopping threads took: 0.0000420 seconds
17.310: Application time: 0.0730380 seconds
17.310: [Full GC17.310: [Tenured: 71039K->71039K(71040K), 0.0880520 secs] 102975K->77713K(102976K), [Perm : 8518K->8518K(21248K)], 0.0880970 secs] [Times: user=0.13 sys=0.00, real=0.08 secs] 
17.398: Total time for which application threads were stopped: 0.0881780 seconds, Stopping threads took: 0.0000170 seconds
17.467: Application time: 0.0687680 seconds
17.467: [Full GC17.467: [Tenured: 71039K->71039K(71040K), 0.0874140 secs] 102975K->77791K(102976K), [Perm : 8533K->8533K(21248K)], 0.0874600 secs] [Times: user=0.12 sys=0.00, real=0.09 secs] 
17.554: Total time for which application threads were stopped: 0.0875440 seconds, Stopping threads took: 0.0000190 seconds
17.616: Application time: 0.0614130 seconds
17.616: [Full GC17.616: [Tenured: 71039K->71039K(71040K), 0.0847620 secs] 102975K->77672K(102976K), [Perm : 8545K->8545K(21248K)], 0.0848050 secs] [Times: user=0.10 sys=0.00, real=0.09 secs] 
17.701: Total time for which application threads were stopped: 0.0849120 seconds, Stopping threads took: 0.0000160 seconds
17.718: Application time: 0.0171620 seconds
17.718: Total time for which application threads were stopped: 0.0001210 seconds, Stopping threads took: 0.0000810 seconds
17.718: Application time: 0.0000400 seconds
17.718: Total time for which application threads were stopped: 0.0000480 seconds, Stopping threads took: 0.0000340 seconds
17.727: Application time: 0.0087870 seconds
17.731: Total time for which application threads were stopped: 0.0043430 seconds, Stopping threads took: 0.0043160 seconds
17.782: Application time: 0.0509950 seconds
17.782: [Full GC17.782: [Tenured: 71039K->71039K(71040K), 0.1009050 secs] 102975K->76572K(102976K), [Perm : 8570K->8570K(21248K)], 0.1009520 secs] [Times: user=0.11 sys=0.01, real=0.10 secs] 
17.883: Total time for which application threads were stopped: 0.1010570 seconds, Stopping threads took: 0.0000180 seconds
17.947: Application time: 0.0640460 seconds
17.947: [Full GC17.947: [Tenured: 71039K->71039K(71040K), 0.0833900 secs] 102975K->76658K(102976K), [Perm : 8586K->8586K(21248K)], 0.0834360 secs] [Times: user=0.09 sys=0.00, real=0.08 secs] 
18.031: Total time for which application threads were stopped: 0.0835130 seconds, Stopping threads took: 0.0000160 seconds
18.081: Application time: 0.0506880 seconds
18.082: [Full GC18.082: [Tenured: 71039K->71039K(71040K), 0.0837380 secs] 102975K->76719K(102976K), [Perm : 8660K->8660K(21248K)], 0.0837830 secs] [Times: user=0.09 sys=0.00, real=0.08 secs] 
18.165: Total time for which application threads were stopped: 0.0840010 seconds, Stopping threads took: 0.0001040 seconds
18.211: Application time: 0.0453630 seconds
18.211: [Full GC18.211: [Tenured: 71039K->71039K(71040K), 0.0832000 secs] 102975K->76746K(102976K), [Perm : 8663K->8663K(21248K)], 0.0832430 secs] [Times: user=0.09 sys=0.00, real=0.08 secs] 
18.294: Total time for which application threads were stopped: 0.0833430 seconds, Stopping threads took: 0.0000180 seconds
18.338: Application time: 0.0441660 seconds
18.338: [Full GC18.338: [Tenured: 71039K->71039K(71040K), 0.0995300 secs] 102975K->76737K(102976K), [Perm : 8665K->8665K(21248K)], 0.0995810 secs] [Times: user=0.11 sys=0.00, real=0.10 secs] 
18.438: Total time for which application threads were stopped: 0.0997080 seconds, Stopping threads took: 0.0000180 seconds
18.464: Application time: 0.0255750 seconds
18.464: Total time for which application threads were stopped: 0.0001320 seconds, Stopping threads took: 0.0000740 seconds
18.487: Application time: 0.0232390 seconds
18.487: [Full GC18.487: [Tenured: 71039K->71039K(71040K), 0.0844940 secs] 102975K->76796K(102976K), [Perm : 8729K->8729K(21248K)], 0.0845490 secs] [Times: user=0.08 sys=0.00, real=0.09 secs] 
18.572: Total time for which application threads were stopped: 0.0846590 seconds, Stopping threads took: 0.0000260 seconds
18.679: Application time: 0.1078990 seconds
18.680: [Full GC18.680: [Tenured: 71039K->71039K(71040K), 0.0845670 secs] 102975K->76803K(102976K), [Perm : 8736K->8736K(21248K)], 0.0846140 secs] [Times: user=0.10 sys=0.00, real=0.08 secs] 
18.764: Total time for which application threads were stopped: 0.0847130 seconds, Stopping threads took: 0.0000240 seconds
18.806: Application time: 0.0414890 seconds
18.806: [Full GC18.806: [Tenured: 71039K->71039K(71040K), 0.0886070 secs] 102975K->76927K(102976K), [Perm : 8746K->8746K(21248K)], 0.0886510 secs] [Times: user=0.09 sys=0.00, real=0.09 secs] 
18.894: Total time for which application threads were stopped: 0.0887880 seconds, Stopping threads took: 0.0000470 seconds
18.963: Application time: 0.0683170 seconds
18.963: [Full GC18.963: [Tenured: 71040K->71039K(71040K), 0.1012430 secs] 102976K->76993K(102976K), [Perm : 8756K->8756K(21248K)], 0.1012900 secs] [Times: user=0.10 sys=0.00, real=0.10 secs] 
19.064: Total time for which application threads were stopped: 0.1014170 seconds, Stopping threads took: 0.0000240 seconds
19.115: Application time: 0.0504000 seconds
19.115: [Full GC19.115: [Tenured: 71039K->71039K(71040K), 0.0871690 secs] 102975K->77008K(102976K), [Perm : 8760K->8760K(21248K)], 0.0872370 secs] [Times: user=0.12 sys=0.01, real=0.09 secs] 
19.202: Total time for which application threads were stopped: 0.0873150 seconds, Stopping threads took: 0.0000160 seconds
19.250: Application time: 0.0485880 seconds
19.251: [Full GC19.251: [Tenured: 71039K->71039K(71040K), 0.0865640 secs] 102975K->77004K(102976K), [Perm : 8761K->8761K(21248K)], 0.0866120 secs] [Times: user=0.10 sys=0.00, real=0.08 secs] 
19.337: Total time for which application threads were stopped: 0.0867350 seconds, Stopping threads took: 0.0000170 seconds
19.380: Application time: 0.0428050 seconds
19.380: [Full GC19.380: [Tenured: 71039K->71039K(71040K), 0.0851320 secs] 102975K->77001K(102976K), [Perm : 8761K->8761K(21248K)], 0.0851770 secs] [Times: user=0.10 sys=0.00, real=0.08 secs] 
19.465: Total time for which application threads were stopped: 0.0852570 seconds, Stopping threads took: 0.0000160 seconds
19.505: Application time: 0.0395270 seconds
19.505: [Full GC19.505: [Tenured: 71039K->71039K(71040K), 0.0857670 secs] 102975K->77007K(102976K), [Perm : 8762K->8762K(21248K)], 0.0858160 secs] [Times: user=0.09 sys=0.00, real=0.09 secs] 
19.591: Total time for which application threads were stopped: 0.0859530 seconds, Stopping threads took: 0.0000270 seconds
19.627: Application time: 0.0359400 seconds
19.627: [Full GC19.627: [Tenured: 71040K->71040K(71040K), 0.0841070 secs] 102975K->77003K(102976K), [Perm : 8765K->8765K(21248K)], 0.0841550 secs] [Times: user=0.09 sys=0.00, real=0.09 secs] 
19.711: Total time for which application threads were stopped: 0.0842650 seconds, Stopping threads took: 0.0000170 seconds
19.742: Application time: 0.0314470 seconds
19.743: [Full GC19.743: [Tenured: 71040K->71040K(71040K), 0.0841780 secs] 102975K->76986K(102976K), [Perm : 8781K->8781K(21248K)], 0.0842240 secs] [Times: user=0.08 sys=0.00, real=0.08 secs] 
19.827: Total time for which application threads were stopped: 0.0843270 seconds, Stopping threads took: 0.0000170 seconds
19.854: Application time: 0.0271550 seconds
19.854: [Full GC19.854: [Tenured: 71040K->71040K(71040K), 0.0848420 secs] 102976K->76986K(102976K), [Perm : 8781K->8781K(21248K)], 0.0848860 secs] [Times: user=0.08 sys=0.00, real=0.08 secs] 
19.939: Total time for which application threads were stopped: 0.0849550 seconds, Stopping threads took: 0.0000120 seconds
19.963: Application time: 0.0241030 seconds
19.963: [Full GC19.963: [Tenured: 71040K->71039K(71040K), 0.0852490 secs] 102975K->77004K(102976K), [Perm : 8781K->8781K(21248K)], 0.0852950 secs] [Times: user=0.08 sys=0.00, real=0.09 secs] 
20.048: Total time for which application threads were stopped: 0.0853680 seconds, Stopping threads took: 0.0000120 seconds
20.075: Application time: 0.0270040 seconds
20.075: [Full GC20.075: [Tenured: 71040K->71040K(71040K), 0.0853460 secs] 102975K->77033K(102976K), [Perm : 8781K->8781K(21248K)], 0.0853900 secs] [Times: user=0.09 sys=0.00, real=0.09 secs] 
20.161: Total time for which application threads were stopped: 0.0854740 seconds, Stopping threads took: 0.0000130 seconds
20.181: Application time: 0.0200070 seconds
20.181: [Full GC20.181: [Tenured: 71040K->71040K(71040K), 0.0958000 secs] 102975K->88706K(102976K), [Perm : 8781K->8781K(21248K)], 0.0958450 secs] [Times: user=0.10 sys=0.00, real=0.09 secs] 
20.277: Total time for which application threads were stopped: 0.0959390 seconds, Stopping threads took: 0.0000130 seconds
20.297: Application time: 0.0202560 seconds
20.297: [Full GC20.297: [Tenured: 71040K->71039K(71040K), 0.0999550 secs] 102975K->78088K(102976K), [Perm : 8781K->8781K(21248K)], 0.1000010 secs] [Times: user=0.10 sys=0.00, real=0.10 secs] 
20.397: Total time for which application threads were stopped: 0.1000770 seconds, Stopping threads took: 0.0000120 seconds
20.430: Application time: 0.0329820 seconds
20.430: [Full GC20.430: [Tenured: 71039K->65027K(71040K), 0.0899990 secs] 102975K->65027K(102976K), [Perm : 8790K->8790K(21248K)], 0.0900470 secs] [Times: user=0.10 sys=0.00, real=0.09 secs] 
20.520: Total time for which application threads were stopped: 0.0901370 seconds, Stopping threads took: 0.0000190 seconds
20.556: Application time: 0.0357140 seconds
20.556: [GC20.556: [DefNew: 28416K->28416K(31936K), 0.0000090 secs]20.556: [Tenured: 65027K->71039K(71040K), 0.0853980 secs] 93443K->77193K(102976K), [Perm : 8790K->8790K(21248K)], 0.0854550 secs] [Times: user=0.11 sys=0.00, real=0.09 secs] 
20.642: Total time for which application threads were stopped: 0.0856500 seconds, Stopping threads took: 0.0001290 seconds
20.680: Application time: 0.0386090 seconds
20.680: [Full GC20.680: [Tenured: 71039K->71039K(71040K), 0.0864630 secs] 102975K->79549K(102976K), [Perm : 8791K->8791K(21248K)], 0.0865100 secs] [Times: user=0.09 sys=0.00, real=0.08 secs] 
20.767: Total time for which application threads were stopped: 0.0865980 seconds, Stopping threads took: 0.0000130 seconds
20.795: Application time: 0.0283810 seconds
20.795: [Full GC20.795: [Tenured: 71040K->71039K(71040K), 0.0995890 secs] 102976K->79405K(102976K), [Perm : 8791K->8791K(21248K)], 0.0996380 secs] [Times: user=0.11 sys=0.00, real=0.10 secs] 
20.895: Total time for which application threads were stopped: 0.0997210 seconds, Stopping threads took: 0.0000180 seconds
20.923: Application time: 0.0276240 seconds
20.923: [Full GC20.923: [Tenured: 71039K->71039K(71040K), 0.1014930 secs] 102975K->77305K(102976K), [Perm : 8791K->8791K(21248K)], 0.1015390 secs] [Times: user=0.10 sys=0.00, real=0.10 secs] 
21.024: Total time for which application threads were stopped: 0.1016180 seconds, Stopping threads took: 0.0000130 seconds
21.050: Application time: 0.0261380 seconds
21.050: [Full GC21.050: [Tenured: 71039K->71039K(71040K), 0.0991960 secs] 102975K->81863K(102976K), [Perm : 8791K->8791K(21248K)], 0.0992390 secs] [Times: user=0.10 sys=0.00, real=0.10 secs] 
21.150: Total time for which application threads were stopped: 0.0993160 seconds, Stopping threads took: 0.0000130 seconds
21.174: Application time: 0.0245450 seconds
21.174: [Full GC21.174: [Tenured: 71039K->71039K(71040K), 0.1067030 secs] 102975K->83180K(102976K), [Perm : 8791K->8791K(21248K)], 0.1067500 secs] [Times: user=0.11 sys=0.00, real=0.11 secs] 
21.281: Total time for which application threads were stopped: 0.1068290 seconds, Stopping threads took: 0.0000130 seconds
21.307: Application time: 0.0258330 seconds
21.307: [Full GC21.307: [Tenured: 71039K->71039K(71040K), 0.0983190 secs] 102975K->78232K(102976K), [Perm : 8791K->8791K(21248K)], 0.0983640 secs] [Times: user=0.09 sys=0.00, real=0.10 secs] 
21.405: Total time for which application threads were stopped: 0.0984640 seconds, Stopping threads took: 0.0000130 seconds
21.439: Application time: 0.0338620 seconds
21.439: [Full GC21.439: [Tenured: 71039K->71040K(71040K), 0.1014110 secs] 102975K->75913K(102976K), [Perm : 8791K->8791K(21248K)], 0.1014540 secs] [Times: user=0.10 sys=0.00, real=0.10 secs] 
21.541: Total time for which application threads were stopped: 0.1015290 seconds, Stopping threads took: 0.0000110 seconds
21.574: Application time: 0.0333860 seconds
21.574: [Full GC21.574: [Tenured: 71040K->71040K(71040K), 0.0823280 secs] 102976K->75892K(102976K), [Perm : 8791K->8791K(21248K)], 0.0823680 secs] [Times: user=0.08 sys=0.00, real=0.08 secs] 
21.657: Total time for which application threads were stopped: 0.0824400 seconds, Stopping threads took: 0.0000120 seconds
21.690: Application time: 0.0336730 seconds
21.690: [Full GC21.690: [Tenured: 71040K->71040K(71040K), 0.0826300 secs] 102976K->76032K(102976K), [Perm : 8791K->8791K(21248K)], 0.0826720 secs] [Times: user=0.08 sys=0.00, real=0.08 secs] 
21.773: Total time for which application threads were stopped: 0.0827730 seconds, Stopping threads took: 0.0000130 seconds
21.803: Application time: 0.0299400 seconds
21.803: [Full GC21.803: [Tenured: 71040K->71040K(71040K), 0.0827760 secs] 102976K->76112K(102976K), [Perm : 8792K->8792K(21248K)], 0.0828200 secs] [Times: user=0.08 sys=0.00, real=0.08 secs] 
21.886: Total time for which application threads were stopped: 0.0828910 seconds, Stopping threads took: 0.0000110 seconds
21.914: Application time: 0.0278040 seconds
21.914: [Full GC21.914: [Tenured: 71040K->71039K(71040K), 0.0963890 secs] 102976K->76036K(102976K), [Perm : 8795K->8795K(21248K)], 0.0964360 secs] [Times: user=0.09 sys=0.00, real=0.10 secs] 
22.010: Total time for which application threads were stopped: 0.0965200 seconds, Stopping threads took: 0.0000110 seconds
22.037: Application time: 0.0270420 seconds
22.037: [Full GC22.037: [Tenured: 71039K->71039K(71040K), 0.0796070 secs] 102975K->76052K(102976K), [Perm : 8795K->8795K(21248K)], 0.0796480 secs] [Times: user=0.08 sys=0.00, real=0.08 secs] 
22.117: Total time for which application threads were stopped: 0.0797210 seconds, Stopping threads took: 0.0000160 seconds
22.141: Application time: 0.0243840 seconds
22.141: [Full GC22.141: [Tenured: 71039K->71039K(71040K), 0.0801050 secs] 102975K->76017K(102976K), [Perm : 8800K->8800K(21248K)], 0.0801500 secs] [Times: user=0.08 sys=0.00, real=0.08 secs] 
22.222: Total time for which application threads were stopped: 0.0802550 seconds, Stopping threads took: 0.0000190 seconds
22.249: Application time: 0.0274960 seconds
22.249: [Full GC22.249: [Tenured: 71039K->71039K(71040K), 0.0804740 secs] 102975K->76034K(102976K), [Perm : 8800K->8800K(21248K)], 0.0805140 secs] [Times: user=0.08 sys=0.00, real=0.08 secs] 
22.330: Total time for which application threads were stopped: 0.0805850 seconds, Stopping threads took: 0.0000120 seconds
22.352: Application time: 0.0225920 seconds
22.352: [Full GC22.352: [Tenured: 71039K->71039K(71040K), 0.0797370 secs] 102975K->76019K(102976K), [Perm : 8800K->8800K(21248K)], 0.0797800 secs] [Times: user=0.08 sys=0.00, real=0.08 secs] 
22.432: Total time for which application threads were stopped: 0.0798740 seconds, Stopping threads took: 0.0000120 seconds
22.457: Application time: 0.0249380 seconds
22.457: [Full GC22.457: [Tenured: 71039K->71039K(71040K), 0.0795530 secs] 102975K->76029K(102976K), [Perm : 8800K->8800K(21248K)], 0.0795970 secs] [Times: user=0.08 sys=0.00, real=0.08 secs] 
22.537: Total time for which application threads were stopped: 0.0796750 seconds, Stopping threads took: 0.0000120 seconds
22.561: Application time: 0.0243660 seconds
22.561: [Full GC22.561: [Tenured: 71039K->71039K(71040K), 0.0798410 secs] 102975K->76090K(102976K), [Perm : 8800K->8800K(21248K)], 0.0798830 secs] [Times: user=0.08 sys=0.00, real=0.08 secs] 
22.641: Total time for which application threads were stopped: 0.0799530 seconds, Stopping threads took: 0.0000120 seconds
22.668: Application time: 0.0269770 seconds
22.668: [Full GC22.668: [Tenured: 71039K->71039K(71040K), 0.0799660 secs] 102975K->76231K(102976K), [Perm : 8800K->8800K(21248K)], 0.0800120 secs] [Times: user=0.08 sys=0.00, real=0.08 secs] 
22.748: Total time for which application threads were stopped: 0.0800790 seconds, Stopping threads took: 0.0000120 seconds
22.775: Application time: 0.0266780 seconds
22.775: [Full GC22.775: [Tenured: 71039K->71039K(71040K), 0.0965520 secs] 102975K->76023K(102976K), [Perm : 8800K->8800K(21248K)], 0.0965960 secs] [Times: user=0.09 sys=0.00, real=0.10 secs] 
22.871: Total time for which application threads were stopped: 0.0966760 seconds, Stopping threads took: 0.0000130 seconds
22.899: Application time: 0.0271330 seconds
22.899: [Full GC22.899: [Tenured: 71039K->71039K(71040K), 0.0813030 secs] 102975K->76015K(102976K), [Perm : 8800K->8800K(21248K)], 0.0813450 secs] [Times: user=0.08 sys=0.00, real=0.09 secs] 
22.980: Total time for which application threads were stopped: 0.0814190 seconds, Stopping threads took: 0.0000130 seconds
23.006: Application time: 0.0264770 seconds
23.007: [Full GC23.007: [Tenured: 71040K->71040K(71040K), 0.0808290 secs] 102975K->76049K(102976K), [Perm : 8800K->8800K(21248K)], 0.0808750 secs] [Times: user=0.08 sys=0.00, real=0.09 secs] 
23.087: Total time for which application threads were stopped: 0.0809660 seconds, Stopping threads took: 0.0000130 seconds
23.114: Application time: 0.0267160 seconds
23.114: [Full GC23.114: [Tenured: 71040K->71040K(71040K), 0.0816400 secs] 102975K->76031K(102976K), [Perm : 8800K->8800K(21248K)], 0.0816820 secs] [Times: user=0.08 sys=0.00, real=0.08 secs] 
23.196: Total time for which application threads were stopped: 0.0817570 seconds, Stopping threads took: 0.0000130 seconds
23.221: Application time: 0.0247740 seconds
23.221: [Full GC23.221: [Tenured: 71040K->71039K(71040K), 0.0801230 secs] 102976K->76001K(102976K), [Perm : 8800K->8800K(21248K)], 0.0801650 secs] [Times: user=0.08 sys=0.00, real=0.08 secs] 
23.301: Total time for which application threads were stopped: 0.0802380 seconds, Stopping threads took: 0.0000130 seconds
23.326: Application time: 0.0249770 seconds
23.326: [Full GC23.326: [Tenured: 71040K->71040K(71040K), 0.0809620 secs] 102975K->76030K(102976K), [Perm : 8800K->8800K(21248K)], 0.0810060 secs] [Times: user=0.08 sys=0.00, real=0.08 secs] 
23.407: Total time for which application threads were stopped: 0.0810790 seconds, Stopping threads took: 0.0000130 seconds
23.434: Application time: 0.0270580 seconds
23.434: [Full GC23.434: [Tenured: 71040K->71040K(71040K), 0.0807780 secs] 102975K->76008K(102976K), [Perm : 8800K->8800K(21248K)], 0.0808240 secs] [Times: user=0.09 sys=0.00, real=0.08 secs] 
23.515: Total time for which application threads were stopped: 0.0808950 seconds, Stopping threads took: 0.0000130 seconds
23.542: Application time: 0.0268260 seconds
23.542: [Full GC23.542: [Tenured: 71040K->71040K(71040K), 0.0814620 secs] 102975K->76002K(102976K), [Perm : 8800K->8800K(21248K)], 0.0815060 secs] [Times: user=0.09 sys=0.00, real=0.08 secs] 
23.623: Total time for which application threads were stopped: 0.0815960 seconds, Stopping threads took: 0.0000150 seconds
23.647: Application time: 0.0234730 seconds
23.647: [Full GC23.647: [Tenured: 71040K->71039K(71040K), 0.1019300 secs] 102976K->81157K(102976K), [Perm : 8800K->8800K(21248K)], 0.1019760 secs] [Times: user=0.10 sys=0.00, real=0.11 secs] 
23.749: Total time for which application threads were stopped: 0.1020660 seconds, Stopping threads took: 0.0000230 seconds
23.772: Application time: 0.0229140 seconds
23.772: [Full GC23.772: [Tenured: 71039K->71039K(71040K), 0.0927570 secs] 102975K->73940K(102976K), [Perm : 8800K->8800K(21248K)], 0.0928010 secs] [Times: user=0.09 sys=0.00, real=0.09 secs] 
23.865: Total time for which application threads were stopped: 0.0928800 seconds, Stopping threads took: 0.0000120 seconds
23.892: Application time: 0.0273690 seconds
23.892: [Full GC23.892: [Tenured: 71039K->71039K(71040K), 0.0961140 secs] 102975K->76215K(102976K), [Perm : 8800K->8800K(21248K)], 0.0961680 secs] [Times: user=0.10 sys=0.00, real=0.10 secs] 
23.988: Total time for which application threads were stopped: 0.0962450 seconds, Stopping threads took: 0.0000130 seconds
24.018: Application time: 0.0299850 seconds
24.018: [Full GC24.018: [Tenured: 71039K->71039K(71040K), 0.1011540 secs] 102975K->74285K(102976K), [Perm : 8800K->8800K(21248K)], 0.1012040 secs] [Times: user=0.10 sys=0.00, real=0.11 secs] 
24.120: Total time for which application threads were stopped: 0.1012830 seconds, Stopping threads took: 0.0000130 seconds
24.154: Application time: 0.0345730 seconds
24.154: [Full GC24.154: [Tenured: 71039K->71039K(71040K), 0.1039070 secs] 102975K->76000K(102976K), [Perm : 8800K->8800K(21248K)], 0.1039550 secs] [Times: user=0.10 sys=0.00, real=0.10 secs] 
24.258: Total time for which application threads were stopped: 0.1040370 seconds, Stopping threads took: 0.0000120 seconds
24.291: Application time: 0.0332460 seconds
24.292: [Full GC24.292: [Tenured: 71039K->71039K(71040K), 0.0996300 secs] 102975K->79375K(102976K), [Perm : 8800K->8800K(21248K)], 0.0996750 secs] [Times: user=0.10 sys=0.00, real=0.10 secs] 
24.391: Total time for which application threads were stopped: 0.0997530 seconds, Stopping threads took: 0.0000130 seconds
24.418: Application time: 0.0267070 seconds
24.418: [Full GC24.418: [Tenured: 71039K->71040K(71040K), 0.1009220 secs] 102975K->78490K(102976K), [Perm : 8800K->8800K(21248K)], 0.1009680 secs] [Times: user=0.11 sys=0.00, real=0.10 secs] 
24.519: Total time for which application threads were stopped: 0.1010470 seconds, Stopping threads took: 0.0000130 seconds
24.547: Application time: 0.0278830 seconds
24.547: [Full GC24.547: [Tenured: 71040K->71039K(71040K), 0.1036850 secs] 102975K->75389K(102976K), [Perm : 8800K->8800K(21248K)], 0.1037300 secs] [Times: user=0.10 sys=0.00, real=0.11 secs] 
24.651: Total time for which application threads were stopped: 0.1038080 seconds, Stopping threads took: 0.0000130 seconds
24.679: Application time: 0.0279430 seconds
24.679: [Full GC24.679: [Tenured: 71039K->71040K(71040K), 0.1065420 secs] 102975K->77937K(102976K), [Perm : 8800K->8800K(21248K)], 0.1065930 secs] [Times: user=0.10 sys=0.00, real=0.11 secs] 
24.785: Total time for which application threads were stopped: 0.1066990 seconds, Stopping threads took: 0.0000120 seconds
24.815: Application time: 0.0298220 seconds
24.815: [Full GC24.815: [Tenured: 71040K->71039K(71040K), 0.0862750 secs] 102976K->76207K(102976K), [Perm : 8800K->8800K(21248K)], 0.0863230 secs] [Times: user=0.08 sys=0.00, real=0.09 secs] 
24.902: Total time for which application threads were stopped: 0.0864010 seconds, Stopping threads took: 0.0000130 seconds
24.936: Application time: 0.0344350 seconds
24.936: [Full GC24.936: [Tenured: 71039K->71039K(71040K), 0.0858410 secs] 102975K->78788K(102976K), [Perm : 8801K->8801K(21248K)], 0.0858880 secs] [Times: user=0.09 sys=0.00, real=0.09 secs] 
25.022: Total time for which application threads were stopped: 0.0859660 seconds, Stopping threads took: 0.0000120 seconds
25.051: Application time: 0.0293800 seconds
25.051: [Full GC25.051: [Tenured: 71039K->71039K(71040K), 0.0831030 secs] 102975K->78955K(102976K), [Perm : 8801K->8801K(21248K)], 0.0831480 secs] [Times: user=0.08 sys=0.00, real=0.08 secs] 
25.135: Total time for which application threads were stopped: 0.0832220 seconds, Stopping threads took: 0.0000130 seconds
25.163: Application time: 0.0284120 seconds
25.163: [Full GC25.163: [Tenured: 71039K->71039K(71040K), 0.0991600 secs] 102975K->76013K(102976K), [Perm : 8803K->8803K(21248K)], 0.0992050 secs] [Times: user=0.10 sys=0.00, real=0.10 secs] 
25.262: Total time for which application threads were stopped: 0.0992830 seconds, Stopping threads took: 0.0000110 seconds
25.292: Application time: 0.0294970 seconds
25.292: [Full GC25.292: [Tenured: 71039K->71039K(71040K), 0.0831300 secs] 102975K->76070K(102976K), [Perm : 8803K->8803K(21248K)], 0.0831760 secs] [Times: user=0.08 sys=0.00, real=0.08 secs] 
25.375: Total time for which application threads were stopped: 0.0832800 seconds, Stopping threads took: 0.0000220 seconds
25.401: Application time: 0.0261950 seconds
25.401: [Full GC25.401: [Tenured: 71039K->71039K(71040K), 0.0829580 secs] 102975K->76138K(102976K), [Perm : 8803K->8803K(21248K)], 0.0830080 secs] [Times: user=0.08 sys=0.00, real=0.08 secs] 
25.484: Total time for which application threads were stopped: 0.0830840 seconds, Stopping threads took: 0.0000130 seconds
25.509: Application time: 0.0244030 seconds
25.509: [Full GC25.509: [Tenured: 71039K->71039K(71040K), 0.0821440 secs] 102975K->76146K(102976K), [Perm : 8803K->8803K(21248K)], 0.0821880 secs] [Times: user=0.08 sys=0.00, real=0.08 secs] 
25.591: Total time for which application threads were stopped: 0.0822660 seconds, Stopping threads took: 0.0000150 seconds
25.612: Application time: 0.0213990 seconds
25.612: [Full GC25.612: [Tenured: 71039K->71039K(71040K), 0.0976320 secs] 102975K->76022K(102976K), [Perm : 8803K->8803K(21248K)], 0.0976810 secs] [Times: user=0.09 sys=0.00, real=0.10 secs] 
25.710: Total time for which application threads were stopped: 0.0977640 seconds, Stopping threads took: 0.0000140 seconds
25.735: Application time: 0.0245860 seconds
25.735: [Full GC25.735: [Tenured: 71039K->71039K(71040K), 0.0819710 secs] 102975K->76036K(102976K), [Perm : 8803K->8803K(21248K)], 0.0820160 secs] [Times: user=0.08 sys=0.00, real=0.08 secs] 
25.817: Total time for which application threads were stopped: 0.0820930 seconds, Stopping threads took: 0.0000150 seconds
25.841: Application time: 0.0244380 seconds
25.841: [Full GC25.841: [Tenured: 71040K->71040K(71040K), 0.0823830 secs] 102976K->76040K(102976K), [Perm : 8803K->8803K(21248K)], 0.0824260 secs] [Times: user=0.08 sys=0.00, real=0.08 secs] 
25.924: Total time for which application threads were stopped: 0.0825150 seconds, Stopping threads took: 0.0000140 seconds
25.948: Application time: 0.0244190 seconds
25.948: [Full GC25.948: [Tenured: 71040K->71040K(71040K), 0.0814000 secs] 102975K->76051K(102976K), [Perm : 8803K->8803K(21248K)], 0.0814460 secs] [Times: user=0.08 sys=0.00, real=0.08 secs] 
26.030: Total time for which application threads were stopped: 0.0815220 seconds, Stopping threads took: 0.0000140 seconds
26.055: Application time: 0.0253360 seconds
26.055: [Full GC26.055: [Tenured: 71040K->71039K(71040K), 0.0976880 secs] 102975K->76018K(102976K), [Perm : 8803K->8803K(21248K)], 0.0977370 secs] [Times: user=0.10 sys=0.00, real=0.10 secs] 
26.153: Total time for which application threads were stopped: 0.0978190 seconds, Stopping threads took: 0.0000140 seconds
26.180: Application time: 0.0269330 seconds
26.180: [Full GC26.180: [Tenured: 71039K->71039K(71040K), 0.0824360 secs] 102975K->76115K(102976K), [Perm : 8803K->8803K(21248K)], 0.0824810 secs] [Times: user=0.09 sys=0.00, real=0.08 secs] 
26.262: Total time for which application threads were stopped: 0.0825560 seconds, Stopping threads took: 0.0000130 seconds
26.289: Application time: 0.0265870 seconds
26.289: [Full GC26.289: [Tenured: 71039K->71039K(71040K), 0.0824700 secs] 102975K->76136K(102976K), [Perm : 8803K->8803K(21248K)], 0.0825110 secs] [Times: user=0.08 sys=0.00, real=0.08 secs] 
26.372: Total time for which application threads were stopped: 0.0825860 seconds, Stopping threads took: 0.0000140 seconds
26.395: Application time: 0.0233260 seconds
26.395: [Full GC26.395: [Tenured: 71039K->71039K(71040K), 0.0823100 secs] 102975K->76127K(102976K), [Perm : 8803K->8803K(21248K)], 0.0823530 secs] [Times: user=0.08 sys=0.00, real=0.08 secs] 
26.477: Total time for which application threads were stopped: 0.0824410 seconds, Stopping threads took: 0.0000140 seconds
26.504: Application time: 0.0264900 seconds
26.504: [Full GC26.504: [Tenured: 71039K->71039K(71040K), 0.0961740 secs] 102975K->76013K(102976K), [Perm : 8803K->8803K(21248K)], 0.0962200 secs] [Times: user=0.09 sys=0.00, real=0.10 secs] 
26.600: Total time for which application threads were stopped: 0.0963020 seconds, Stopping threads took: 0.0000150 seconds
26.626: Application time: 0.0258070 seconds
26.626: [Full GC26.626: [Tenured: 71040K->71040K(71040K), 0.0827870 secs] 102976K->76001K(102976K), [Perm : 8803K->8803K(21248K)], 0.0828370 secs] [Times: user=0.09 sys=0.00, real=0.09 secs] 
26.709: Total time for which application threads were stopped: 0.0829090 seconds, Stopping threads took: 0.0000140 seconds
26.734: Application time: 0.0256100 seconds
26.735: [Full GC26.735: [Tenured: 71040K->71040K(71040K), 0.0824110 secs] 102975K->76012K(102976K), [Perm : 8803K->8803K(21248K)], 0.0824570 secs] [Times: user=0.08 sys=0.00, real=0.08 secs] 
26.817: Total time for which application threads were stopped: 0.0825430 seconds, Stopping threads took: 0.0000230 seconds
26.844: Application time: 0.0265420 seconds
26.844: [Full GC26.844: [Tenured: 71040K->71040K(71040K), 0.0822540 secs] 102976K->75999K(102976K), [Perm : 8803K->8803K(21248K)], 0.0823000 secs] [Times: user=0.08 sys=0.00, real=0.08 secs] 
26.926: Total time for which application threads were stopped: 0.0823770 seconds, Stopping threads took: 0.0000150 seconds
26.951: Application time: 0.0249600 seconds
26.951: [Full GC26.951: [Tenured: 71040K->71039K(71040K), 0.0819110 secs] 102975K->75997K(102976K), [Perm : 8803K->8803K(21248K)], 0.0819560 secs] [Times: user=0.08 sys=0.00, real=0.08 secs] 
27.033: Total time for which application threads were stopped: 0.0820440 seconds, Stopping threads took: 0.0000140 seconds
27.060: Application time: 0.0266590 seconds
27.060: [Full GC27.060: [Tenured: 71040K->71040K(71040K), 0.0826930 secs] 102976K->76051K(102976K), [Perm : 8803K->8803K(21248K)], 0.0827390 secs] [Times: user=0.08 sys=0.00, real=0.08 secs] 
27.142: Total time for which application threads were stopped: 0.0828170 seconds, Stopping threads took: 0.0000150 seconds
27.162: Application time: 0.0195980 seconds
27.162: [Full GC27.162: [Tenured: 71040K->71040K(71040K), 0.0862560 secs] 102975K->81600K(102976K), [Perm : 8803K->8803K(21248K)], 0.0862980 secs] [Times: user=0.09 sys=0.00, real=0.09 secs] 
27.248: Total time for which application threads were stopped: 0.0863730 seconds, Stopping threads took: 0.0000120 seconds
27.269: Application time: 0.0210780 seconds
27.269: [Full GC27.270: [Tenured: 71040K->71040K(71040K), 0.0969840 secs] 102975K->72104K(102976K), [Perm : 8803K->8803K(21248K)], 0.0970300 secs] [Times: user=0.09 sys=0.00, real=0.09 secs] 
27.367: Total time for which application threads were stopped: 0.0971020 seconds, Stopping threads took: 0.0000120 seconds
27.393: Application time: 0.0266880 seconds
27.393: [Full GC27.393: [Tenured: 71040K->71039K(71040K), 0.0997930 secs] 102975K->73646K(102976K), [Perm : 8803K->8803K(21248K)], 0.0998410 secs] [Times: user=0.10 sys=0.00, real=0.10 secs] 
27.493: Total time for which application threads were stopped: 0.0999130 seconds, Stopping threads took: 0.0000120 seconds
27.525: Application time: 0.0313700 seconds
27.525: [Full GC27.525: [Tenured: 71039K->71035K(71040K), 0.1027210 secs] 102975K->74249K(102976K), [Perm : 8803K->8803K(21248K)], 0.1027660 secs] [Times: user=0.11 sys=0.00, real=0.11 secs] 
27.627: Total time for which application threads were stopped: 0.1028470 seconds, Stopping threads took: 0.0000120 seconds
27.662: Application time: 0.0345090 seconds
27.663: [Full GC27.663: [Tenured: 71040K->71039K(71040K), 0.0893630 secs] 102975K->79351K(102976K), [Perm : 8803K->8803K(21248K)], 0.0894070 secs] [Times: user=0.09 sys=0.00, real=0.09 secs] 
27.753: Total time for which application threads were stopped: 0.0906300 seconds, Stopping threads took: 0.0011350 seconds
27.783: Application time: 0.0302390 seconds
27.783: [Full GC27.783: [Tenured: 71040K->71039K(71040K), 0.1042900 secs] 102976K->78439K(102976K), [Perm : 8803K->8803K(21248K)], 0.1043390 secs] [Times: user=0.10 sys=0.00, real=0.11 secs] 
27.887: Total time for which application threads were stopped: 0.1044290 seconds, Stopping threads took: 0.0000230 seconds
27.916: Application time: 0.0284800 seconds
27.916: [Full GC27.916: [Tenured: 71039K->71039K(71040K), 0.1008740 secs] 102975K->75944K(102976K), [Perm : 8803K->8803K(21248K)], 0.1009190 secs] [Times: user=0.10 sys=0.00, real=0.10 secs] 
28.017: Total time for which application threads were stopped: 0.1010070 seconds, Stopping threads took: 0.0000140 seconds
28.044: Application time: 0.0273470 seconds
28.044: [Full GC28.044: [Tenured: 71039K->71039K(71040K), 0.1075560 secs] 102975K->78350K(102976K), [Perm : 8803K->8803K(21248K)], 0.1076030 secs] [Times: user=0.11 sys=0.00, real=0.11 secs] 
28.152: Total time for which application threads were stopped: 0.1076980 seconds, Stopping threads took: 0.0000130 seconds
28.179: Application time: 0.0275860 seconds
28.179: [Full GC28.179: [Tenured: 71039K->71039K(71040K), 0.0987410 secs] 102975K->72886K(102976K), [Perm : 8803K->8803K(21248K)], 0.0987850 secs] [Times: user=0.10 sys=0.00, real=0.09 secs] 
28.278: Total time for which application threads were stopped: 0.0988630 seconds, Stopping threads took: 0.0000140 seconds
28.314: Application time: 0.0354000 seconds
28.314: [Full GC28.314: [Tenured: 71039K->71039K(71040K), 0.0875800 secs] 102975K->80739K(102976K), [Perm : 8803K->8803K(21248K)], 0.0876280 secs] [Times: user=0.09 sys=0.00, real=0.09 secs] 
28.401: Total time for which application threads were stopped: 0.0877050 seconds, Stopping threads took: 0.0000140 seconds
28.431: Application time: 0.0299710 seconds
28.431: [Full GC28.431: [Tenured: 71039K->71040K(71040K), 0.0984290 secs] 102975K->75944K(102976K), [Perm : 8803K->8803K(21248K)], 0.0984710 secs] [Times: user=0.10 sys=0.00, real=0.10 secs] 
28.530: Total time for which application threads were stopped: 0.0985480 seconds, Stopping threads took: 0.0000130 seconds
28.562: Application time: 0.0323750 seconds
28.562: [Full GC28.562: [Tenured: 71040K->71040K(71040K), 0.0810240 secs] 102976K->76005K(102976K), [Perm : 8803K->8803K(21248K)], 0.0810690 secs] [Times: user=0.08 sys=0.00, real=0.08 secs] 
28.643: Total time for which application threads were stopped: 0.0811580 seconds, Stopping threads took: 0.0000120 seconds
28.674: Application time: 0.0309530 seconds
28.674: [Full GC28.674: [Tenured: 71040K->71040K(71040K), 0.0817020 secs] 102975K->76122K(102976K), [Perm : 8803K->8803K(21248K)], 0.0817470 secs] [Times: user=0.08 sys=0.00, real=0.08 secs] 
28.756: Total time for which application threads were stopped: 0.0818210 seconds, Stopping threads took: 0.0000130 seconds
28.783: Application time: 0.0271500 seconds
28.783: [Full GC28.783: [Tenured: 71040K->71040K(71040K), 0.0810400 secs] 102975K->76132K(102976K), [Perm : 8803K->8803K(21248K)], 0.0810850 secs] [Times: user=0.08 sys=0.00, real=0.08 secs] 
28.864: Total time for which application threads were stopped: 0.0811570 seconds, Stopping threads took: 0.0000130 seconds
28.890: Application time: 0.0259840 seconds
28.890: [Full GC28.890: [Tenured: 71040K->71039K(71040K), 0.0955800 secs] 102975K->75963K(102976K), [Perm : 8803K->8803K(21248K)], 0.0956260 secs] [Times: user=0.10 sys=0.00, real=0.09 secs] 
28.986: Total time for which application threads were stopped: 0.0957080 seconds, Stopping threads took: 0.0000140 seconds
29.011: Application time: 0.0245620 seconds
29.011: [Full GC29.011: [Tenured: 71039K->71039K(71040K), 0.0793920 secs] 102975K->76034K(102976K), [Perm : 8804K->8804K(21248K)], 0.0794370 secs] [Times: user=0.08 sys=0.00, real=0.08 secs] 
29.090: Total time for which application threads were stopped: 0.0795250 seconds, Stopping threads took: 0.0000240 seconds
29.114: Application time: 0.0242120 seconds
29.114: [Full GC29.115: [Tenured: 71039K->71039K(71040K), 0.0789440 secs] 102975K->76070K(102976K), [Perm : 8804K->8804K(21248K)], 0.0789890 secs] [Times: user=0.08 sys=0.00, real=0.08 secs] 
29.194: Total time for which application threads were stopped: 0.0790770 seconds, Stopping threads took: 0.0000140 seconds
29.218: Application time: 0.0244880 seconds
29.218: [Full GC29.218: [Tenured: 71039K->71039K(71040K), 0.0796670 secs] 102975K->76045K(102976K), [Perm : 8804K->8804K(21248K)], 0.0797130 secs] [Times: user=0.08 sys=0.00, real=0.08 secs] 
29.298: Total time for which application threads were stopped: 0.0797990 seconds, Stopping threads took: 0.0000240 seconds
29.321: Application time: 0.0235870 seconds
29.321: [Full GC29.321: [Tenured: 71039K->71039K(71040K), 0.0949360 secs] 102975K->76024K(102976K), [Perm : 8804K->8804K(21248K)], 0.0949920 secs] [Times: user=0.09 sys=0.00, real=0.09 secs] 
29.416: Total time for which application threads were stopped: 0.0950720 seconds, Stopping threads took: 0.0000140 seconds
29.442: Application time: 0.0256120 seconds
29.442: [Full GC29.442: [Tenured: 71039K->71039K(71040K), 0.0795030 secs] 102975K->76120K(102976K), [Perm : 8804K->8804K(21248K)], 0.0795460 secs] [Times: user=0.08 sys=0.00, real=0.08 secs] 
29.522: Total time for which application threads were stopped: 0.0796220 seconds, Stopping threads took: 0.0000140 seconds
29.548: Application time: 0.0258470 seconds
29.548: [Full GC29.548: [Tenured: 71039K->71039K(71040K), 0.0801820 secs] 102975K->76181K(102976K), [Perm : 8804K->8804K(21248K)], 0.0802230 secs] [Times: user=0.08 sys=0.00, real=0.08 secs] 
29.628: Total time for which application threads were stopped: 0.0802970 seconds, Stopping threads took: 0.0000130 seconds
29.654: Application time: 0.0260060 seconds
29.654: [Full GC29.654: [Tenured: 71039K->71039K(71040K), 0.0795650 secs] 102975K->76184K(102976K), [Perm : 8804K->8804K(21248K)], 0.0796090 secs] [Times: user=0.07 sys=0.00, real=0.08 secs] 
29.734: Total time for which application threads were stopped: 0.0796960 seconds, Stopping threads took: 0.0000140 seconds
29.760: Application time: 0.0267580 seconds
29.760: [Full GC29.760: [Tenured: 71039K->71039K(71040K), 0.0960370 secs] 102975K->76042K(102976K), [Perm : 8804K->8804K(21248K)], 0.0960970 secs] [Times: user=0.09 sys=0.00, real=0.09 secs] 
29.857: Total time for which application threads were stopped: 0.0962030 seconds, Stopping threads took: 0.0000230 seconds
29.882: Application time: 0.0256180 seconds
29.882: [Full GC29.882: [Tenured: 71039K->71039K(71040K), 0.0801140 secs] 102975K->76005K(102976K), [Perm : 8804K->8804K(21248K)], 0.0801570 secs] [Times: user=0.08 sys=0.00, real=0.08 secs] 
29.962: Total time for which application threads were stopped: 0.0802330 seconds, Stopping threads took: 0.0000140 seconds
29.987: Application time: 0.0244440 seconds
29.987: [Full GC29.987: [Tenured: 71039K->71039K(71040K), 0.0801120 secs] 102975K->76016K(102976K), [Perm : 8804K->8804K(21248K)], 0.0801620 secs] [Times: user=0.08 sys=0.00, real=0.09 secs] 
30.067: Total time for which application threads were stopped: 0.0802370 seconds, Stopping threads took: 0.0000140 seconds
30.094: Application time: 0.0265640 seconds
30.094: [Full GC30.094: [Tenured: 71039K->71039K(71040K), 0.0794790 secs] 102975K->76053K(102976K), [Perm : 8804K->8804K(21248K)], 0.0795240 secs] [Times: user=0.08 sys=0.00, real=0.08 secs] 
30.173: Total time for which application threads were stopped: 0.0796010 seconds, Stopping threads took: 0.0000150 seconds
30.200: Application time: 0.0266580 seconds
30.200: [Full GC30.200: [Tenured: 71039K->71039K(71040K), 0.0788780 secs] 102975K->76008K(102976K), [Perm : 8804K->8804K(21248K)], 0.0789210 secs] [Times: user=0.07 sys=0.00, real=0.07 secs] 
30.279: Total time for which application threads were stopped: 0.0790070 seconds, Stopping threads took: 0.0000150 seconds
30.305: Application time: 0.0265530 seconds
30.305: [Full GC30.306: [Tenured: 71039K->71039K(71040K), 0.0796070 secs] 102975K->76005K(102976K), [Perm : 8804K->8804K(21248K)], 0.0796520 secs] [Times: user=0.08 sys=0.00, real=0.08 secs] 
30.385: Total time for which application threads were stopped: 0.0797270 seconds, Stopping threads took: 0.0000150 seconds
30.410: Application time: 0.0251960 seconds
30.410: [Full GC30.410: [Tenured: 71039K->71039K(71040K), 0.0795740 secs] 102975K->76029K(102976K), [Perm : 8804K->8804K(21248K)], 0.0796180 secs] [Times: user=0.08 sys=0.00, real=0.08 secs] 
30.490: Total time for which application threads were stopped: 0.0796940 seconds, Stopping threads took: 0.0000150 seconds
30.511: Application time: 0.0205730 seconds
30.511: [Full GC30.511: [Tenured: 71039K->71039K(71040K), 0.0827580 secs] 102975K->78736K(102976K), [Perm : 8804K->8804K(21248K)], 0.0828120 secs] [Times: user=0.08 sys=0.00, real=0.08 secs] 
30.594: Total time for which application threads were stopped: 0.0828890 seconds, Stopping threads took: 0.0000130 seconds
30.617: Application time: 0.0233760 seconds
30.617: [Full GC30.617: [Tenured: 71039K->71039K(71040K), 0.0984770 secs] 102975K->75173K(102976K), [Perm : 8804K->8804K(21248K)], 0.0985220 secs] [Times: user=0.10 sys=0.00, real=0.10 secs] 
30.715: Total time for which application threads were stopped: 0.0985950 seconds, Stopping threads took: 0.0000120 seconds
30.742: Application time: 0.0261840 seconds
30.742: [Full GC30.742: [Tenured: 71039K->71039K(71040K), 0.0969780 secs] 102975K->77837K(102976K), [Perm : 8804K->8804K(21248K)], 0.0970240 secs] [Times: user=0.10 sys=0.00, real=0.09 secs] 
30.839: Total time for which application threads were stopped: 0.0971120 seconds, Stopping threads took: 0.0000130 seconds
30.864: Application time: 0.0249970 seconds
30.864: [Full GC30.864: [Tenured: 71039K->71040K(71040K), 0.1005710 secs] 102975K->79712K(102976K), [Perm : 8804K->8804K(21248K)], 0.1006160 secs] [Times: user=0.10 sys=0.00, real=0.10 secs] 
30.964: Total time for which application threads were stopped: 0.1006870 seconds, Stopping threads took: 0.0000120 seconds
30.993: Application time: 0.0289830 seconds
30.994: [Full GC30.994: [Tenured: 71040K->71039K(71040K), 0.1000700 secs] 102976K->75978K(102976K), [Perm : 8804K->8804K(21248K)], 0.1001140 secs] [Times: user=0.10 sys=0.00, real=0.10 secs] 
31.094: Total time for which application threads were stopped: 0.1001880 seconds, Stopping threads took: 0.0000130 seconds
31.127: Application time: 0.0330450 seconds
31.127: [Full GC31.127: [Tenured: 71039K->71040K(71040K), 0.1031530 secs] 102975K->76093K(102976K), [Perm : 8804K->8804K(21248K)], 0.1031990 secs] [Times: user=0.10 sys=0.00, real=0.11 secs] 
31.230: Total time for which application threads were stopped: 0.1032750 seconds, Stopping threads took: 0.0000150 seconds
31.261: Application time: 0.0308530 seconds
31.261: [Full GC31.261: [Tenured: 71040K->71039K(71040K), 0.1022590 secs] 102975K->76943K(102976K), [Perm : 8805K->8805K(21248K)], 0.1023040 secs] [Times: user=0.10 sys=0.00, real=0.10 secs] 
31.363: Total time for which application threads were stopped: 0.1023930 seconds, Stopping threads took: 0.0000130 seconds
31.392: Application time: 0.0283920 seconds
31.392: [Full GC31.392: [Tenured: 71039K->71039K(71040K), 0.0854070 secs] 102975K->79671K(102976K), [Perm : 8805K->8805K(21248K)], 0.0854530 secs] [Times: user=0.09 sys=0.00, real=0.08 secs] 
31.477: Total time for which application threads were stopped: 0.0855300 seconds, Stopping threads took: 0.0000120 seconds
31.503: Application time: 0.0262810 seconds
31.503: [Full GC31.503: [Tenured: 71039K->71040K(71040K), 0.1042460 secs] 102975K->77088K(102976K), [Perm : 8805K->8805K(21248K)], 0.1042910 secs] [Times: user=0.11 sys=0.00, real=0.11 secs] 
31.608: Total time for which application threads were stopped: 0.1043670 seconds, Stopping threads took: 0.0000130 seconds
31.635: Application time: 0.0272820 seconds
31.635: [Full GC31.635: [Tenured: 71040K->71039K(71040K), 0.1008110 secs] 102976K->77514K(102976K), [Perm : 8805K->8805K(21248K)], 0.1008550 secs] [Times: user=0.10 sys=0.00, real=0.10 secs] 
31.736: Total time for which application threads were stopped: 0.1009300 seconds, Stopping threads took: 0.0000120 seconds
31.769: Application time: 0.0334740 seconds
31.770: [Full GC31.770: [Tenured: 71040K->71038K(71040K), 0.1033570 secs] 102975K->75877K(102976K), [Perm : 8805K->8805K(21248K)], 0.1034020 secs] [Times: user=0.10 sys=0.00, real=0.10 secs] 
31.873: Total time for which application threads were stopped: 0.1034940 seconds, Stopping threads took: 0.0000130 seconds
31.906: Application time: 0.0329810 seconds
31.906: [Full GC31.906: [Tenured: 71040K->71040K(71040K), 0.0836830 secs] 102975K->76397K(102976K), [Perm : 8806K->8806K(21248K)], 0.0837250 secs] [Times: user=0.09 sys=0.00, real=0.09 secs] 
31.990: Total time for which application threads were stopped: 0.0838030 seconds, Stopping threads took: 0.0000130 seconds
32.022: Application time: 0.0321410 seconds
32.022: [Full GC32.022: [Tenured: 71040K->71040K(71040K), 0.0829450 secs] 102975K->76540K(102976K), [Perm : 8806K->8806K(21248K)], 0.0829920 secs] [Times: user=0.09 sys=0.00, real=0.08 secs] 
32.105: Total time for which application threads were stopped: 0.0830660 seconds, Stopping threads took: 0.0000140 seconds
32.136: Application time: 0.0313430 seconds
32.136: [Full GC32.136: [Tenured: 71040K->71039K(71040K), 0.0982120 secs] 102975K->75994K(102976K), [Perm : 8806K->8806K(21248K)], 0.0982600 secs] [Times: user=0.10 sys=0.00, real=0.10 secs] 
32.235: Total time for which application threads were stopped: 0.0983390 seconds, Stopping threads took: 0.0000130 seconds
32.261: Application time: 0.0266770 seconds
32.261: [Full GC32.261: [Tenured: 71039K->71039K(71040K), 0.0823710 secs] 102975K->76179K(102976K), [Perm : 8806K->8806K(21248K)], 0.0824140 secs] [Times: user=0.08 sys=0.00, real=0.08 secs] 
32.344: Total time for which application threads were stopped: 0.0824910 seconds, Stopping threads took: 0.0000140 seconds
32.369: Application time: 0.0247570 seconds
32.369: [Full GC32.369: [Tenured: 71039K->71039K(71040K), 0.0810560 secs] 102975K->76124K(102976K), [Perm : 8806K->8806K(21248K)], 0.0810990 secs] [Times: user=0.08 sys=0.00, real=0.08 secs] 
32.450: Total time for which application threads were stopped: 0.0811850 seconds, Stopping threads took: 0.0000140 seconds
32.475: Application time: 0.0248810 seconds
32.475: [Full GC32.475: [Tenured: 71039K->71039K(71040K), 0.0796260 secs] 102975K->76127K(102976K), [Perm : 8806K->8806K(21248K)], 0.0796730 secs] [Times: user=0.08 sys=0.00, real=0.08 secs] 
32.554: Total time for which application threads were stopped: 0.0797600 seconds, Stopping threads took: 0.0000240 seconds
32.579: Application time: 0.0244320 seconds
32.579: [Full GC32.579: [Tenured: 71039K->71039K(71040K), 0.0951370 secs] 102975K->76037K(102976K), [Perm : 8806K->8806K(21248K)], 0.0951860 secs] [Times: user=0.09 sys=0.00, real=0.10 secs] 
32.674: Total time for which application threads were stopped: 0.0952680 seconds, Stopping threads took: 0.0000140 seconds
32.699: Application time: 0.0245470 seconds
32.699: [Full GC32.699: [Tenured: 71039K->71039K(71040K), 0.0793020 secs] 102975K->76004K(102976K), [Perm : 8806K->8806K(21248K)], 0.0793480 secs] [Times: user=0.08 sys=0.00, real=0.08 secs] 
32.778: Total time for which application threads were stopped: 0.0794230 seconds, Stopping threads took: 0.0000150 seconds
32.803: Application time: 0.0244450 seconds
32.803: [Full GC32.803: [Tenured: 71039K->71039K(71040K), 0.0800510 secs] 102975K->76022K(102976K), [Perm : 8806K->8806K(21248K)], 0.0800970 secs] [Times: user=0.08 sys=0.00, real=0.08 secs] 
32.883: Total time for which application threads were stopped: 0.0801850 seconds, Stopping threads took: 0.0000240 seconds
32.908: Application time: 0.0253610 seconds
32.908: [Full GC32.908: [Tenured: 71039K->71039K(71040K), 0.0806430 secs] 102975K->76081K(102976K), [Perm : 8806K->8806K(21248K)], 0.0806860 secs] [Times: user=0.08 sys=0.00, real=0.08 secs] 
32.989: Total time for which application threads were stopped: 0.0807710 seconds, Stopping threads took: 0.0000130 seconds
33.012: Application time: 0.0229610 seconds
33.012: [Full GC33.012: [Tenured: 71039K->71040K(71040K), 0.0957830 secs] 102975K->75999K(102976K), [Perm : 8806K->8806K(21248K)], 0.0958280 secs] [Times: user=0.10 sys=0.00, real=0.10 secs] 
33.108: Total time for which application threads were stopped: 0.0959190 seconds, Stopping threads took: 0.0000230 seconds
33.134: Application time: 0.0265690 seconds
33.134: [Full GC33.134: [Tenured: 71040K->71040K(71040K), 0.0803040 secs] 102975K->76068K(102976K), [Perm : 8806K->8806K(21248K)], 0.0803480 secs] [Times: user=0.08 sys=0.00, real=0.08 secs] 
33.215: Total time for which application threads were stopped: 0.0804230 seconds, Stopping threads took: 0.0000130 seconds
33.240: Application time: 0.0249560 seconds
33.240: [Full GC33.240: [Tenured: 71040K->71040K(71040K), 0.0797790 secs] 102975K->76060K(102976K), [Perm : 8806K->8806K(21248K)], 0.0798300 secs] [Times: user=0.08 sys=0.00, real=0.08 secs] 
33.320: Total time for which application threads were stopped: 0.0799060 seconds, Stopping threads took: 0.0000140 seconds
33.344: Application time: 0.0248320 seconds
33.344: [Full GC33.345: [Tenured: 71040K->71040K(71040K), 0.0810100 secs] 102976K->76095K(102976K), [Perm : 8806K->8806K(21248K)], 0.0810520 secs] [Times: user=0.08 sys=0.00, real=0.08 secs] 
33.426: Total time for which application threads were stopped: 0.0811280 seconds, Stopping threads took: 0.0000140 seconds
33.452: Application time: 0.0267300 seconds
33.452: [Full GC33.452: [Tenured: 71040K->71039K(71040K), 0.0937570 secs] 102975K->75997K(102976K), [Perm : 8806K->8806K(21248K)], 0.0938030 secs] [Times: user=0.10 sys=0.00, real=0.09 secs] 
33.546: Total time for which application threads were stopped: 0.0939030 seconds, Stopping threads took: 0.0000150 seconds
33.571: Application time: 0.0245200 seconds
33.571: [Full GC33.571: [Tenured: 71040K->71040K(71040K), 0.0808890 secs] 102975K->76015K(102976K), [Perm : 8806K->8806K(21248K)], 0.0809290 secs] [Times: user=0.08 sys=0.00, real=0.08 secs] 
33.652: Total time for which application threads were stopped: 0.0810040 seconds, Stopping threads took: 0.0000140 seconds
33.676: Application time: 0.0244880 seconds
33.676: [Full GC33.676: [Tenured: 71040K->71040K(71040K), 0.0810540 secs] 102975K->76011K(102976K), [Perm : 8806K->8806K(21248K)], 0.0810980 secs] [Times: user=0.08 sys=0.00, real=0.08 secs] 
33.757: Total time for which application threads were stopped: 0.0811740 seconds, Stopping threads took: 0.0000150 seconds
33.783: Application time: 0.0258480 seconds
33.783: [Full GC33.783: [Tenured: 71040K->71040K(71040K), 0.0811560 secs] 102975K->76001K(102976K), [Perm : 8806K->8806K(21248K)], 0.0811990 secs] [Times: user=0.08 sys=0.00, real=0.08 secs] 
33.865: Total time for which application threads were stopped: 0.0812750 seconds, Stopping threads took: 0.0000150 seconds
33.888: Application time: 0.0238950 seconds
33.888: [Full GC33.888: [Tenured: 71040K->71039K(71040K), 0.0813740 secs] 102976K->76008K(102976K), [Perm : 8806K->8806K(21248K)], 0.0814170 secs] [Times: user=0.08 sys=0.00, real=0.08 secs] 
33.970: Total time for which application threads were stopped: 0.0814940 seconds, Stopping threads took: 0.0000140 seconds
33.995: Application time: 0.0252690 seconds
33.995: [Full GC33.995: [Tenured: 71040K->71040K(71040K), 0.0844130 secs] 102975K->79125K(102976K), [Perm : 8806K->8806K(21248K)], 0.0844560 secs] [Times: user=0.08 sys=0.00, real=0.09 secs] 
34.080: Total time for which application threads were stopped: 0.0845440 seconds, Stopping threads took: 0.0000130 seconds
34.102: Application time: 0.0226340 seconds
34.102: [Full GC34.102: [Tenured: 71040K->71039K(71040K), 0.0991470 secs] 102976K->85767K(102976K), [Perm : 8806K->8806K(21248K)], 0.0991920 secs] [Times: user=0.10 sys=0.00, real=0.10 secs] 
34.202: Total time for which application threads were stopped: 0.0992700 seconds, Stopping threads took: 0.0000140 seconds
34.223: Application time: 0.0215800 seconds
34.223: [Full GC34.223: [Tenured: 71039K->71039K(71040K), 0.0944630 secs] 102975K->75026K(102976K), [Perm : 8806K->8806K(21248K)], 0.0945070 secs] [Times: user=0.09 sys=0.00, real=0.09 secs] 
34.318: Total time for which application threads were stopped: 0.0945830 seconds, Stopping threads took: 0.0000120 seconds
34.344: Application time: 0.0258950 seconds
34.344: [Full GC34.344: [Tenured: 71039K->71039K(71040K), 0.0963900 secs] 102975K->72003K(102976K), [Perm : 8806K->8806K(21248K)], 0.0964330 secs] [Times: user=0.10 sys=0.00, real=0.10 secs] 
34.440: Total time for which application threads were stopped: 0.0965090 seconds, Stopping threads took: 0.0000140 seconds
34.472: Application time: 0.0320500 seconds
34.472: [Full GC34.472: [Tenured: 71040K->71039K(71040K), 0.0997960 secs] 102975K->75498K(102976K), [Perm : 8806K->8806K(21248K)], 0.0998420 secs] [Times: user=0.10 sys=0.00, real=0.10 secs] 
34.572: Total time for which application threads were stopped: 0.0999260 seconds, Stopping threads took: 0.0000140 seconds
34.605: Application time: 0.0328680 seconds
34.605: [Full GC34.605: [Tenured: 71039K->71039K(71040K), 0.1000540 secs] 102975K->79283K(102976K), [Perm : 8806K->8806K(21248K)], 0.1001040 secs] [Times: user=0.10 sys=0.00, real=0.10 secs] 
34.705: Total time for which application threads were stopped: 0.1001940 seconds, Stopping threads took: 0.0000150 seconds
34.735: Application time: 0.0295780 seconds
34.735: [Full GC34.735: [Tenured: 71039K->71038K(71040K), 0.0999780 secs] 102975K->79940K(102976K), [Perm : 8806K->8806K(21248K)], 0.1000240 secs] [Times: user=0.10 sys=0.00, real=0.10 secs] 
34.835: Total time for which application threads were stopped: 0.1001020 seconds, Stopping threads took: 0.0000130 seconds
34.862: Application time: 0.0265710 seconds
34.862: [Full GC34.862: [Tenured: 71038K->71039K(71040K), 0.1024360 secs] 102974K->77348K(102976K), [Perm : 8806K->8806K(21248K)], 0.1024950 secs] [Times: user=0.10 sys=0.00, real=0.10 secs] 
34.964: Total time for which application threads were stopped: 0.1025750 seconds, Stopping threads took: 0.0000140 seconds
34.991: Application time: 0.0266320 seconds
34.991: [Full GC34.991: [Tenured: 71039K->71039K(71040K), 0.1037370 secs] 102975K->76109K(102976K), [Perm : 8806K->8806K(21248K)], 0.1037810 secs] [Times: user=0.10 sys=0.00, real=0.10 secs] 
35.095: Total time for which application threads were stopped: 0.1038570 seconds, Stopping threads took: 0.0000130 seconds
35.124: Application time: 0.0291440 seconds
35.124: [Full GC35.124: [Tenured: 71039K->71039K(71040K), 0.1007570 secs] 102975K->80898K(102976K), [Perm : 8806K->8806K(21248K)], 0.1008020 secs] [Times: user=0.10 sys=0.00, real=0.10 secs] 
35.225: Total time for which application threads were stopped: 0.1008880 seconds, Stopping threads took: 0.0000130 seconds
35.251: Application time: 0.0267430 seconds
35.251: [Full GC35.251: [Tenured: 71039K->71039K(71040K), 0.1025300 secs] 102975K->76362K(102976K), [Perm : 8806K->8806K(21248K)], 0.1025760 secs] [Times: user=0.11 sys=0.00, real=0.10 secs] 
35.354: Total time for which application threads were stopped: 0.1026540 seconds, Stopping threads took: 0.0000120 seconds
35.387: Application time: 0.0331360 seconds
35.387: [Full GC35.387: [Tenured: 71039K->71039K(71040K), 0.0987470 secs] 102975K->75895K(102976K), [Perm : 8806K->8806K(21248K)], 0.0987940 secs] [Times: user=0.10 sys=0.00, real=0.09 secs] 
35.486: Total time for which application threads were stopped: 0.0988730 seconds, Stopping threads took: 0.0000140 seconds
35.519: Application time: 0.0326980 seconds
35.519: [Full GC35.519: [Tenured: 71040K->71040K(71040K), 0.0814380 secs] 102976K->75887K(102976K), [Perm : 8806K->8806K(21248K)], 0.0814830 secs] [Times: user=0.08 sys=0.00, real=0.09 secs] 
35.600: Total time for which application threads were stopped: 0.0815570 seconds, Stopping threads took: 0.0000130 seconds
35.630: Application time: 0.0301870 seconds
35.631: [Full GC35.631: [Tenured: 71040K->71040K(71040K), 0.0815040 secs] 102975K->76172K(102976K), [Perm : 8806K->8806K(21248K)], 0.0815480 secs] [Times: user=0.08 sys=0.00, real=0.08 secs] 
35.712: Total time for which application threads were stopped: 0.0816330 seconds, Stopping threads took: 0.0000130 seconds
35.741: Application time: 0.0291590 seconds
35.741: [Full GC35.741: [Tenured: 71040K->71040K(71040K), 0.0811160 secs] 102975K->76307K(102976K), [Perm : 8806K->8806K(21248K)], 0.0811590 secs] [Times: user=0.08 sys=0.00, real=0.08 secs] 
35.822: Total time for which application threads were stopped: 0.0812300 seconds, Stopping threads took: 0.0000120 seconds
35.848: Application time: 0.0258870 seconds
35.848: [Full GC35.848: [Tenured: 71040K->71039K(71040K), 0.0956570 secs] 102975K->75952K(102976K), [Perm : 8806K->8806K(21248K)], 0.0957060 secs] [Times: user=0.09 sys=0.00, real=0.09 secs] 
35.944: Total time for which application threads were stopped: 0.0957860 seconds, Stopping threads took: 0.0000140 seconds
35.969: Application time: 0.0248980 seconds
35.969: [Full GC35.969: [Tenured: 71040K->71040K(71040K), 0.0798730 secs] 102976K->76047K(102976K), [Perm : 8806K->8806K(21248K)], 0.0799260 secs] [Times: user=0.08 sys=0.00, real=0.08 secs] 
36.049: Total time for which application threads were stopped: 0.0800000 seconds, Stopping threads took: 0.0000140 seconds
36.073: Application time: 0.0243750 seconds
36.074: [Full GC36.074: [Tenured: 71040K->71040K(71040K), 0.0792690 secs] 102975K->76038K(102976K), [Perm : 8806K->8806K(21248K)], 0.0793120 secs] [Times: user=0.08 sys=0.00, real=0.08 secs] 
36.153: Total time for which application threads were stopped: 0.0793910 seconds, Stopping threads took: 0.0000170 seconds
36.178: Application time: 0.0251220 seconds
36.178: [Full GC36.178: [Tenured: 71040K->71040K(71040K), 0.0792610 secs] 102975K->76050K(102976K), [Perm : 8806K->8806K(21248K)], 0.0793020 secs] [Times: user=0.08 sys=0.00, real=0.08 secs] 
36.257: Total time for which application threads were stopped: 0.0793890 seconds, Stopping threads took: 0.0000150 seconds
36.278: Application time: 0.0210800 seconds
36.278: [Full GC36.279: [Tenured: 71040K->71040K(71040K), 0.0945900 secs] 102975K->76068K(102976K), [Perm : 8806K->8806K(21248K)], 0.0946370 secs] [Times: user=0.10 sys=0.00, real=0.10 secs] 
36.373: Total time for which application threads were stopped: 0.0947170 seconds, Stopping threads took: 0.0000130 seconds
36.399: Application time: 0.0256630 seconds
36.399: [Full GC36.399: [Tenured: 71040K->71040K(71040K), 0.0794830 secs] 102975K->76116K(102976K), [Perm : 8806K->8806K(21248K)], 0.0795270 secs] [Times: user=0.08 sys=0.00, real=0.08 secs] 
36.478: Total time for which application threads were stopped: 0.0796010 seconds, Stopping threads took: 0.0000130 seconds
36.504: Application time: 0.0254330 seconds
36.504: [Full GC36.504: [Tenured: 71040K->71040K(71040K), 0.0799460 secs] 102975K->76152K(102976K), [Perm : 8806K->8806K(21248K)], 0.0799900 secs] [Times: user=0.08 sys=0.00, real=0.08 secs] 
36.584: Total time for which application threads were stopped: 0.0800640 seconds, Stopping threads took: 0.0000140 seconds
36.610: Application time: 0.0259930 seconds
36.610: [Full GC36.610: [Tenured: 71040K->71040K(71040K), 0.0799880 secs] 102975K->76157K(102976K), [Perm : 8806K->8806K(21248K)], 0.0800320 secs] [Times: user=0.08 sys=0.00, real=0.08 secs] 
36.690: Total time for which application threads were stopped: 0.0801090 seconds, Stopping threads took: 0.0000150 seconds
36.716: Application time: 0.0262160 seconds
36.716: [Full GC36.716: [Tenured: 71040K->71040K(71040K), 0.0951370 secs] 102975K->76020K(102976K), [Perm : 8806K->8806K(21248K)], 0.0951820 secs] [Times: user=0.09 sys=0.00, real=0.10 secs] 
36.812: Total time for which application threads were stopped: 0.0952740 seconds, Stopping threads took: 0.0000140 seconds
36.833: Application time: 0.0217650 seconds
36.833: [Full GC36.833: [Tenured: 71040K->71040K(71040K), 0.0805650 secs] 102975K->76020K(102976K), [Perm : 8807K->8807K(21248K)], 0.0806120 secs] [Times: user=0.08 sys=0.00, real=0.08 secs] 
36.914: Total time for which application threads were stopped: 0.0806890 seconds, Stopping threads took: 0.0000140 seconds
36.941: Application time: 0.0266070 seconds
36.941: [Full GC36.941: [Tenured: 71040K->71040K(71040K), 0.0798610 secs] 102975K->76037K(102976K), [Perm : 8807K->8807K(21248K)], 0.0799030 secs] [Times: user=0.08 sys=0.00, real=0.08 secs] 
37.021: Total time for which application threads were stopped: 0.0799780 seconds, Stopping threads took: 0.0000140 seconds
37.046: Application time: 0.0251540 seconds
37.046: [Full GC37.046: [Tenured: 71040K->71040K(71040K), 0.0800100 secs] 102975K->76025K(102976K), [Perm : 8807K->8807K(21248K)], 0.0800520 secs] [Times: user=0.08 sys=0.00, real=0.08 secs] 
37.126: Total time for which application threads were stopped: 0.0801280 seconds, Stopping threads took: 0.0000140 seconds
37.152: Application time: 0.0266400 seconds
37.153: [Full GC37.153: [Tenured: 71040K->71040K(71040K), 0.0885140 secs] 102975K->76005K(102976K), [Perm : 8807K->8807K(21248K)], 0.0885620 secs] [Times: user=0.09 sys=0.00, real=0.09 secs] 
37.241: Total time for which application threads were stopped: 0.0886540 seconds, Stopping threads took: 0.0000140 seconds
37.268: Application time: 0.0267890 seconds
37.268: [Full GC37.268: [Tenured: 71040K->71040K(71040K), 0.0800800 secs] 102975K->76024K(102976K), [Perm : 8807K->8807K(21248K)], 0.0801230 secs] [Times: user=0.08 sys=0.00, real=0.08 secs] 
37.348: Total time for which application threads were stopped: 0.0802110 seconds, Stopping threads took: 0.0000140 seconds
37.375: Application time: 0.0266820 seconds
37.375: [Full GC37.375: [Tenured: 71040K->71040K(71040K), 0.0792190 secs] 102975K->76004K(102976K), [Perm : 8807K->8807K(21248K)], 0.0792630 secs] [Times: user=0.07 sys=0.00, real=0.08 secs] 
37.454: Total time for which application threads were stopped: 0.0793390 seconds, Stopping threads took: 0.0000150 seconds
37.479: Application time: 0.0247200 seconds
37.479: [Full GC37.479: [Tenured: 71040K->71040K(71040K), 0.0823030 secs] 102975K->77566K(102976K), [Perm : 8807K->8807K(21248K)], 0.0823500 secs] [Times: user=0.08 sys=0.00, real=0.09 secs] 
37.561: Total time for which application threads were stopped: 0.0824250 seconds, Stopping threads took: 0.0000120 seconds
37.586: Application time: 0.0242740 seconds
37.586: [Full GC37.586: [Tenured: 71040K->71039K(71040K), 0.1040240 secs] 102975K->81416K(102976K), [Perm : 8807K->8807K(21248K)], 0.1040720 secs] [Times: user=0.10 sys=0.00, real=0.11 secs] 
37.690: Total time for which application threads were stopped: 0.1041510 seconds, Stopping threads took: 0.0000130 seconds
37.712: Application time: 0.0221060 seconds
37.712: [Full GC37.712: [Tenured: 71039K->71040K(71040K), 0.0951680 secs] 102974K->72752K(102976K), [Perm : 8807K->8807K(21248K)], 0.0952130 secs] [Times: user=0.10 sys=0.00, real=0.10 secs] 
37.807: Total time for which application threads were stopped: 0.0952880 seconds, Stopping threads took: 0.0000130 seconds
37.834: Application time: 0.0267730 seconds
37.834: [Full GC37.834: [Tenured: 71040K->71040K(71040K), 0.0994250 secs] 102976K->77146K(102976K), [Perm : 8807K->8807K(21248K)], 0.0994720 secs] [Times: user=0.10 sys=0.00, real=0.10 secs] 
37.933: Total time for which application threads were stopped: 0.0995590 seconds, Stopping threads took: 0.0000130 seconds
37.961: Application time: 0.0279690 seconds
37.962: [Full GC37.962: [Tenured: 71040K->71039K(71040K), 0.0999250 secs] 102976K->74916K(102976K), [Perm : 8807K->8807K(21248K)], 0.0999700 secs] [Times: user=0.10 sys=0.00, real=0.10 secs] 
38.062: Total time for which application threads were stopped: 0.1000460 seconds, Stopping threads took: 0.0000130 seconds
38.096: Application time: 0.0349090 seconds
38.096: [Full GC38.096: [Tenured: 71040K->71039K(71040K), 0.1029150 secs] 102976K->75854K(102976K), [Perm : 8807K->8807K(21248K)], 0.1029590 secs] [Times: user=0.10 sys=0.00, real=0.11 secs] 
38.199: Total time for which application threads were stopped: 0.1030330 seconds, Stopping threads took: 0.0000130 seconds
38.231: Application time: 0.0317480 seconds
38.231: [Full GC38.231: [Tenured: 71039K->71039K(71040K), 0.1021260 secs] 102975K->76647K(102976K), [Perm : 8807K->8807K(21248K)], 0.1021720 secs] [Times: user=0.10 sys=0.00, real=0.10 secs] 
38.333: Total time for which application threads were stopped: 0.1022680 seconds, Stopping threads took: 0.0000320 seconds
38.363: Application time: 0.0295620 seconds
38.363: [Full GC38.363: [Tenured: 71039K->71039K(71040K), 0.0838520 secs] 102975K->79122K(102976K), [Perm : 8807K->8807K(21248K)], 0.0839000 secs] [Times: user=0.09 sys=0.00, real=0.08 secs] 
38.447: Total time for which application threads were stopped: 0.0840030 seconds, Stopping threads took: 0.0000140 seconds
38.473: Application time: 0.0259290 seconds
38.473: [Full GC38.473: [Tenured: 71039K->71039K(71040K), 0.1058080 secs] 102975K->79356K(102976K), [Perm : 8807K->8807K(21248K)], 0.1058540 secs] [Times: user=0.11 sys=0.00, real=0.10 secs] 
38.579: Total time for which application threads were stopped: 0.1059320 seconds, Stopping threads took: 0.0000130 seconds
38.605: Application time: 0.0264660 seconds
38.605: [Full GC38.605: [Tenured: 71039K->71040K(71040K), 0.1009190 secs] 102975K->75254K(102976K), [Perm : 8807K->8807K(21248K)], 0.1009740 secs] [Times: user=0.11 sys=0.00, real=0.10 secs] 
38.706: Total time for which application threads were stopped: 0.1010520 seconds, Stopping threads took: 0.0000120 seconds
38.741: Application time: 0.0344360 seconds
38.741: [Full GC38.741: [Tenured: 71040K->71039K(71040K), 0.0893150 secs] 102976K->79719K(102976K), [Perm : 8807K->8807K(21248K)], 0.0893620 secs] [Times: user=0.09 sys=0.00, real=0.09 secs] 
38.830: Total time for which application threads were stopped: 0.0894410 seconds, Stopping threads took: 0.0000130 seconds
38.861: Application time: 0.0306090 seconds
38.861: [Full GC38.861: [Tenured: 71039K->71039K(71040K), 0.0866520 secs] 102975K->78523K(102976K), [Perm : 8807K->8807K(21248K)], 0.0866980 secs] [Times: user=0.09 sys=0.00, real=0.09 secs] 
38.948: Total time for which application threads were stopped: 0.0867750 seconds, Stopping threads took: 0.0000130 seconds
38.979: Application time: 0.0310760 seconds
38.979: [Full GC38.979: [Tenured: 71040K->71040K(71040K), 0.0817490 secs] 102975K->78491K(102976K), [Perm : 8807K->8807K(21248K)], 0.0817930 secs] [Times: user=0.09 sys=0.00, real=0.09 secs] 
39.061: Total time for which application threads were stopped: 0.0818780 seconds, Stopping threads took: 0.0000130 seconds
39.088: Application time: 0.0273070 seconds
39.088: [Full GC39.088: [Tenured: 71040K->71039K(71040K), 0.0987360 secs] 102975K->75952K(102976K), [Perm : 8807K->8807K(21248K)], 0.0987810 secs] [Times: user=0.10 sys=0.00, real=0.09 secs] 
39.187: Total time for which application threads were stopped: 0.0988540 seconds, Stopping threads took: 0.0000120 seconds
39.215: Application time: 0.0277160 seconds
39.215: [Full GC39.215: [Tenured: 71039K->71039K(71040K), 0.0818340 secs] 102975K->76112K(102976K), [Perm : 8807K->8807K(21248K)], 0.0818760 secs] [Times: user=0.08 sys=0.00, real=0.08 secs] 
39.296: Total time for which application threads were stopped: 0.0819510 seconds, Stopping threads took: 0.0000130 seconds
39.322: Application time: 0.0251030 seconds
39.322: [Full GC39.322: [Tenured: 71039K->71039K(71040K), 0.0812360 secs] 102975K->76087K(102976K), [Perm : 8807K->8807K(21248K)], 0.0812800 secs] [Times: user=0.08 sys=0.00, real=0.08 secs] 
39.403: Total time for which application threads were stopped: 0.0813540 seconds, Stopping threads took: 0.0000130 seconds
39.428: Application time: 0.0249370 seconds
39.428: [Full GC39.428: [Tenured: 71039K->71039K(71040K), 0.0810850 secs] 102975K->76129K(102976K), [Perm : 8807K->8807K(21248K)], 0.0811300 secs] [Times: user=0.08 sys=0.00, real=0.08 secs] 
39.509: Total time for which application threads were stopped: 0.0812080 seconds, Stopping threads took: 0.0000140 seconds
39.533: Application time: 0.0243520 seconds
39.534: [Full GC39.534: [Tenured: 71039K->71039K(71040K), 0.0957780 secs] 102975K->76043K(102976K), [Perm : 8807K->8807K(21248K)], 0.0958260 secs] [Times: user=0.10 sys=0.00, real=0.10 secs] 
39.629: Total time for which application threads were stopped: 0.0959220 seconds, Stopping threads took: 0.0000140 seconds
39.654: Application time: 0.0245140 seconds
39.654: [Full GC39.654: [Tenured: 71039K->71039K(71040K), 0.0796710 secs] 102975K->76024K(102976K), [Perm : 8807K->8807K(21248K)], 0.0797150 secs] [Times: user=0.08 sys=0.00, real=0.08 secs] 
39.734: Total time for which application threads were stopped: 0.0797910 seconds, Stopping threads took: 0.0000140 seconds
39.758: Application time: 0.0241920 seconds
39.758: [Full GC39.758: [Tenured: 71039K->71039K(71040K), 0.0796570 secs] 102975K->76020K(102976K), [Perm : 8807K->8807K(21248K)], 0.0796990 secs] [Times: user=0.08 sys=0.00, real=0.08 secs] 
39.838: Total time for which application threads were stopped: 0.0797750 seconds, Stopping threads took: 0.0000150 seconds
39.862: Application time: 0.0247380 seconds
39.862: [Full GC39.862: [Tenured: 71039K->71039K(71040K), 0.0801780 secs] 102975K->76045K(102976K), [Perm : 8807K->8807K(21248K)], 0.0802260 secs] [Times: user=0.08 sys=0.00, real=0.08 secs] 
39.943: Total time for which application threads were stopped: 0.0803020 seconds, Stopping threads took: 0.0000140 seconds
39.969: Application time: 0.0265320 seconds
39.969: [Full GC39.969: [Tenured: 71039K->71039K(71040K), 0.0960720 secs] 102975K->76031K(102976K), [Perm : 8807K->8807K(21248K)], 0.0961200 secs] [Times: user=0.09 sys=0.00, real=0.09 secs] 
40.065: Total time for which application threads were stopped: 0.0962000 seconds, Stopping threads took: 0.0000130 seconds
40.089: Application time: 0.0236300 seconds
40.089: [Full GC40.089: [Tenured: 71039K->71039K(71040K), 0.0803540 secs] 102975K->76050K(102976K), [Perm : 8807K->8807K(21248K)], 0.0804010 secs] [Times: user=0.08 sys=0.00, real=0.08 secs] 
40.170: Total time for which application threads were stopped: 0.0804900 seconds, Stopping threads took: 0.0000150 seconds
40.197: Application time: 0.0270580 seconds
40.197: [Full GC40.197: [Tenured: 71039K->71039K(71040K), 0.0804590 secs] 102975K->76064K(102976K), [Perm : 8807K->8807K(21248K)], 0.0805030 secs] [Times: user=0.09 sys=0.00, real=0.08 secs] 
40.277: Total time for which application threads were stopped: 0.0805770 seconds, Stopping threads took: 0.0000130 seconds
40.302: Application time: 0.0249330 seconds
40.302: [Full GC40.302: [Tenured: 71039K->71039K(71040K), 0.0813460 secs] 102975K->76061K(102976K), [Perm : 8807K->8807K(21248K)], 0.0813880 secs] [Times: user=0.08 sys=0.00, real=0.08 secs] 
40.384: Total time for which application threads were stopped: 0.0814630 seconds, Stopping threads took: 0.0000150 seconds
40.410: Application time: 0.0265580 seconds
40.410: [Full GC40.410: [Tenured: 71039K->71039K(71040K), 0.0914560 secs] 102975K->76018K(102976K), [Perm : 8807K->8807K(21248K)], 0.0915040 secs] [Times: user=0.10 sys=0.00, real=0.09 secs] 
40.502: Total time for which application threads were stopped: 0.0915860 seconds, Stopping threads took: 0.0000140 seconds
40.529: Application time: 0.0268660 seconds
40.529: [Full GC40.529: [Tenured: 71039K->71039K(71040K), 0.0812410 secs] 102975K->76041K(102976K), [Perm : 8807K->8807K(21248K)], 0.0812860 secs] [Times: user=0.08 sys=0.00, real=0.08 secs] 
40.610: Total time for which application threads were stopped: 0.0813620 seconds, Stopping threads took: 0.0000140 seconds
40.637: Application time: 0.0269710 seconds
40.637: [Full GC40.637: [Tenured: 71039K->71039K(71040K), 0.0809240 secs] 102975K->76031K(102976K), [Perm : 8807K->8807K(21248K)], 0.0809680 secs] [Times: user=0.08 sys=0.00, real=0.08 secs] 
40.718: Total time for which application threads were stopped: 0.0810590 seconds, Stopping threads took: 0.0000140 seconds
40.745: Application time: 0.0266530 seconds
40.745: [Full GC40.745: [Tenured: 71039K->71039K(71040K), 0.0808260 secs] 102975K->76008K(102976K), [Perm : 8807K->8807K(21248K)], 0.0808700 secs] [Times: user=0.08 sys=0.00, real=0.08 secs] 
40.826: Total time for which application threads were stopped: 0.0809470 seconds, Stopping threads took: 0.0000140 seconds
40.852: Application time: 0.0266690 seconds
40.852: [Full GC40.852: [Tenured: 71039K->71039K(71040K), 0.0810990 secs] 102975K->76014K(102976K), [Perm : 8807K->8807K(21248K)], 0.0811420 secs] [Times: user=0.08 sys=0.00, real=0.08 secs] 
40.933: Total time for which application threads were stopped: 0.0812170 seconds, Stopping threads took: 0.0000140 seconds
40.960: Application time: 0.0260740 seconds
40.960: [Full GC40.960: [Tenured: 71039K->71039K(71040K), 0.0816050 secs] 102975K->77873K(102976K), [Perm : 8807K->8807K(21248K)], 0.0816490 secs] [Times: user=0.08 sys=0.00, real=0.08 secs] 
41.041: Total time for which application threads were stopped: 0.0817260 seconds, Stopping threads took: 0.0000150 seconds
41.062: Application time: 0.0207950 seconds
41.062: [Full GC41.062: [Tenured: 71039K->71039K(71040K), 0.0986230 secs] 102975K->83147K(102976K), [Perm : 8807K->8807K(21248K)], 0.0986620 secs] [Times: user=0.10 sys=0.00, real=0.10 secs] 
41.161: Total time for which application threads were stopped: 0.0987440 seconds, Stopping threads took: 0.0000120 seconds
41.182: Application time: 0.0213580 seconds
41.182: [Full GC41.182: [Tenured: 71040K->71039K(71040K), 0.1004000 secs] 102975K->81466K(102976K), [Perm : 8807K->8807K(21248K)], 0.1004490 secs] [Times: user=0.10 sys=0.00, real=0.10 secs] 
41.283: Total time for which application threads were stopped: 0.1005390 seconds, Stopping threads took: 0.0000130 seconds
41.307: Application time: 0.0244640 seconds
41.307: [Full GC41.307: [Tenured: 71039K->67757K(71040K), 0.0940850 secs] 102975K->67757K(102976K), [Perm : 8807K->8805K(21248K)], 0.0941290 secs] [Times: user=0.09 sys=0.00, real=0.09 secs] 
41.401: Total time for which application threads were stopped: 0.0942060 seconds, Stopping threads took: 0.0000130 seconds
41.414: Application time: 0.0129790 seconds
41.414: [GC41.414: [DefNew: 28416K->28416K(31936K), 0.0000100 secs]41.414: [Tenured: 67757K->71039K(71040K), 0.0931290 secs] 96173K->71682K(102976K), [Perm : 8805K->8805K(21248K)], 0.0931830 secs] [Times: user=0.10 sys=0.00, real=0.10 secs] 
41.508: Total time for which application threads were stopped: 0.0933010 seconds, Stopping threads took: 0.0000530 seconds
41.544: Application time: 0.0366000 seconds
41.544: [Full GC41.544: [Tenured: 71039K->71039K(71040K), 0.0894990 secs] 102975K->78528K(102976K), [Perm : 8805K->8805K(21248K)], 0.0895420 secs] [Times: user=0.09 sys=0.00, real=0.09 secs] 
41.634: Total time for which application threads were stopped: 0.0896170 seconds, Stopping threads took: 0.0000140 seconds
41.664: Application time: 0.0298130 seconds
41.664: [Full GC41.664: [Tenured: 71040K->71039K(71040K), 0.1013070 secs] 102975K->77327K(102976K), [Perm : 8805K->8805K(21248K)], 0.1013530 secs] [Times: user=0.10 sys=0.00, real=0.10 secs] 
41.765: Total time for which application threads were stopped: 0.1014290 seconds, Stopping threads took: 0.0000130 seconds
41.795: Application time: 0.0296540 seconds
41.795: [Full GC41.795: [Tenured: 71039K->71039K(71040K), 0.0982940 secs] 102975K->77451K(102976K), [Perm : 8805K->8805K(21248K)], 0.0983400 secs] [Times: user=0.10 sys=0.00, real=0.10 secs] 
41.893: Total time for which application threads were stopped: 0.0984240 seconds, Stopping threads took: 0.0000130 seconds
41.918: Application time: 0.0243610 seconds
41.918: [Full GC41.918: [Tenured: 71039K->71039K(71040K), 0.0995170 secs] 102975K->80402K(102976K), [Perm : 8806K->8806K(21248K)], 0.0995650 secs] [Times: user=0.10 sys=0.00, real=0.10 secs] 
42.017: Total time for which application threads were stopped: 0.0996430 seconds, Stopping threads took: 0.0000130 seconds
42.044: Application time: 0.0262830 seconds
42.044: [Full GC42.044: [Tenured: 71039K->71039K(71040K), 0.1022340 secs] 102975K->77597K(102976K), [Perm : 8806K->8806K(21248K)], 0.1022800 secs] [Times: user=0.10 sys=0.00, real=0.10 secs] 
42.146: Total time for which application threads were stopped: 0.1023570 seconds, Stopping threads took: 0.0000140 seconds
42.176: Application time: 0.0302210 seconds
42.176: [Full GC42.176: [Tenured: 71039K->71039K(71040K), 0.1000650 secs] 102975K->78691K(102976K), [Perm : 8806K->8806K(21248K)], 0.1001100 secs] [Times: user=0.10 sys=0.00, real=0.10 secs] 
42.276: Total time for which application threads were stopped: 0.1001840 seconds, Stopping threads took: 0.0000120 seconds
42.306: Application time: 0.0302040 seconds
42.307: [Full GC42.307: [Tenured: 71039K->71039K(71040K), 0.0983480 secs] 102975K->74997K(102976K), [Perm : 8806K->8806K(21248K)], 0.0983940 secs] [Times: user=0.10 sys=0.00, real=0.10 secs] 
42.405: Total time for which application threads were stopped: 0.0984850 seconds, Stopping threads took: 0.0000130 seconds
42.438: Application time: 0.0330500 seconds
42.438: [Full GC42.438: [Tenured: 71040K->71040K(71040K), 0.0824220 secs] 102975K->76122K(102976K), [Perm : 8806K->8806K(21248K)], 0.0824680 secs] [Times: user=0.08 sys=0.00, real=0.09 secs] 
42.521: Total time for which application threads were stopped: 0.0825440 seconds, Stopping threads took: 0.0000130 seconds
42.551: Application time: 0.0301350 seconds
42.551: [Full GC42.551: [Tenured: 71040K->71040K(71040K), 0.0813380 secs] 102976K->76060K(102976K), [Perm : 8806K->8806K(21248K)], 0.0813910 secs] [Times: user=0.08 sys=0.00, real=0.08 secs] 
42.632: Total time for which application threads were stopped: 0.0814610 seconds, Stopping threads took: 0.0000130 seconds
42.662: Application time: 0.0299300 seconds
42.662: [Full GC42.662: [Tenured: 71040K->71040K(71040K), 0.0804780 secs] 102975K->76284K(102976K), [Perm : 8806K->8806K(21248K)], 0.0805220 secs] [Times: user=0.08 sys=0.00, real=0.08 secs] 
42.743: Total time for which application threads were stopped: 0.0805980 seconds, Stopping threads took: 0.0000130 seconds
42.769: Application time: 0.0265950 seconds
42.769: [Full GC42.769: [Tenured: 71040K->71039K(71040K), 0.0950170 secs] 102975K->75935K(102976K), [Perm : 8806K->8806K(21248K)], 0.0950640 secs] [Times: user=0.09 sys=0.00, real=0.09 secs] 
42.864: Total time for which application threads were stopped: 0.0951440 seconds, Stopping threads took: 0.0000140 seconds
42.889: Application time: 0.0249610 seconds
42.889: [Full GC42.889: [Tenured: 71039K->71039K(71040K), 0.0796660 secs] 102975K->75966K(102976K), [Perm : 8806K->8806K(21248K)], 0.0797100 secs] [Times: user=0.08 sys=0.00, real=0.08 secs] 
42.969: Total time for which application threads were stopped: 0.0797990 seconds, Stopping threads took: 0.0000150 seconds
42.994: Application time: 0.0244560 seconds
42.994: [Full GC42.994: [Tenured: 71039K->71039K(71040K), 0.0791320 secs] 102975K->75956K(102976K), [Perm : 8806K->8806K(21248K)], 0.0791750 secs] [Times: user=0.08 sys=0.00, real=0.08 secs] 
43.073: Total time for which application threads were stopped: 0.0792510 seconds, Stopping threads took: 0.0000150 seconds
43.097: Application time: 0.0238110 seconds
43.097: [Full GC43.097: [Tenured: 71039K->71039K(71040K), 0.0794030 secs] 102975K->75951K(102976K), [Perm : 8806K->8806K(21248K)], 0.0794450 secs] [Times: user=0.08 sys=0.00, real=0.08 secs] 
43.176: Total time for which application threads were stopped: 0.0795190 seconds, Stopping threads took: 0.0000140 seconds
43.201: Application time: 0.0244660 seconds
43.201: [Full GC43.201: [Tenured: 71039K->71040K(71040K), 0.0942930 secs] 102975K->75935K(102976K), [Perm : 8806K->8806K(21248K)], 0.0943410 secs] [Times: user=0.09 sys=0.00, real=0.09 secs] 
43.295: Total time for which application threads were stopped: 0.0944220 seconds, Stopping threads took: 0.0000150 seconds
43.320: Application time: 0.0248050 seconds
43.320: [Full GC43.320: [Tenured: 71040K->71040K(71040K), 0.0786610 secs] 102976K->75961K(102976K), [Perm : 8806K->8806K(21248K)], 0.0787060 secs] [Times: user=0.08 sys=0.00, real=0.07 secs] 
43.399: Total time for which application threads were stopped: 0.0787830 seconds, Stopping threads took: 0.0000150 seconds
43.423: Application time: 0.0243690 seconds
43.423: [Full GC43.423: [Tenured: 71040K->71040K(71040K), 0.0781770 secs] 102975K->76013K(102976K), [Perm : 8806K->8806K(21248K)], 0.0782210 secs] [Times: user=0.08 sys=0.00, real=0.08 secs] 
43.501: Total time for which application threads were stopped: 0.0783080 seconds, Stopping threads took: 0.0000140 seconds
43.528: Application time: 0.0261150 seconds
43.528: [Full GC43.528: [Tenured: 71040K->71040K(71040K), 0.0795480 secs] 102976K->76077K(102976K), [Perm : 8806K->8806K(21248K)], 0.0795910 secs] [Times: user=0.08 sys=0.00, real=0.08 secs] 
43.607: Total time for which application threads were stopped: 0.0796670 seconds, Stopping threads took: 0.0000140 seconds
43.634: Application time: 0.0269920 seconds
43.634: [Full GC43.634: [Tenured: 71040K->71039K(71040K), 0.0954450 secs] 102976K->75899K(102976K), [Perm : 8806K->8806K(21248K)], 0.0954930 secs] [Times: user=0.09 sys=0.00, real=0.10 secs] 
43.730: Total time for which application threads were stopped: 0.0955750 seconds, Stopping threads took: 0.0000140 seconds
43.757: Application time: 0.0268200 seconds
43.757: [Full GC43.757: [Tenured: 71039K->71039K(71040K), 0.0797260 secs] 102975K->75897K(102976K), [Perm : 8806K->8806K(21248K)], 0.0797770 secs] [Times: user=0.08 sys=0.00, real=0.08 secs] 
43.836: Total time for which application threads were stopped: 0.0798520 seconds, Stopping threads took: 0.0000140 seconds
43.862: Application time: 0.0259220 seconds
43.862: [Full GC43.862: [Tenured: 71039K->71039K(71040K), 0.0802120 secs] 102975K->75925K(102976K), [Perm : 8806K->8806K(21248K)], 0.0802580 secs] [Times: user=0.08 sys=0.00, real=0.08 secs] 
43.943: Total time for which application threads were stopped: 0.0803350 seconds, Stopping threads took: 0.0000150 seconds
43.969: Application time: 0.0266710 seconds
43.969: [Full GC43.969: [Tenured: 71039K->71039K(71040K), 0.0786780 secs] 102975K->75921K(102976K), [Perm : 8806K->8806K(21248K)], 0.0787220 secs] [Times: user=0.08 sys=0.00, real=0.08 secs] 
44.048: Total time for which application threads were stopped: 0.0788180 seconds, Stopping threads took: 0.0000230 seconds
44.075: Application time: 0.0267400 seconds
44.075: [Full GC44.075: [Tenured: 71039K->71039K(71040K), 0.0791490 secs] 102975K->75912K(102976K), [Perm : 8806K->8806K(21248K)], 0.0791910 secs] [Times: user=0.08 sys=0.00, real=0.08 secs] 
44.154: Total time for which application threads were stopped: 0.0792690 seconds, Stopping threads took: 0.0000150 seconds
44.181: Application time: 0.0270810 seconds
44.181: [Full GC44.181: [Tenured: 71039K->71039K(71040K), 0.0786590 secs] 102975K->75895K(102976K), [Perm : 8806K->8806K(21248K)], 0.0787010 secs] [Times: user=0.08 sys=0.00, real=0.08 secs] 
44.260: Total time for which application threads were stopped: 0.0787770 seconds, Stopping threads took: 0.0000140 seconds
44.287: Application time: 0.0266310 seconds
44.287: [Full GC44.287: [Tenured: 71039K->71039K(71040K), 0.0802260 secs] 102975K->75931K(102976K), [Perm : 8806K->8806K(21248K)], 0.0802790 secs] [Times: user=0.08 sys=0.00, real=0.09 secs] 
44.367: Total time for which application threads were stopped: 0.0803540 seconds, Stopping threads took: 0.0000130 seconds
44.392: Application time: 0.0253460 seconds
44.392: [Full GC44.392: [Tenured: 71039K->71039K(71040K), 0.0824540 secs] 102975K->78575K(102976K), [Perm : 8806K->8806K(21248K)], 0.0824990 secs] [Times: user=0.08 sys=0.00, real=0.08 secs] 
44.475: Total time for which application threads were stopped: 0.0825760 seconds, Stopping threads took: 0.0000140 seconds
44.497: Application time: 0.0221450 seconds
44.497: [Full GC44.497: [Tenured: 71039K->71039K(71040K), 0.0997870 secs] 102975K->76525K(102976K), [Perm : 8806K->8806K(21248K)], 0.0998310 secs] [Times: user=0.10 sys=0.00, real=0.10 secs] 
44.597: Total time for which application threads were stopped: 0.0999200 seconds, Stopping threads took: 0.0000130 seconds
44.621: Application time: 0.0241030 seconds
44.621: [Full GC44.621: [Tenured: 71039K->71039K(71040K), 0.0943930 secs] 102975K->75088K(102976K), [Perm : 8806K->8806K(21248K)], 0.0944380 secs] [Times: user=0.09 sys=0.00, real=0.09 secs] 
44.716: Total time for which application threads were stopped: 0.0945140 seconds, Stopping threads took: 0.0000130 seconds
44.741: Application time: 0.0251800 seconds
44.741: [Full GC44.741: [Tenured: 71039K->71039K(71040K), 0.0956980 secs] 102975K->74358K(102976K), [Perm : 8806K->8806K(21248K)], 0.0957440 secs] [Times: user=0.09 sys=0.00, real=0.09 secs] 
44.837: Total time for which application threads were stopped: 0.0958210 seconds, Stopping threads took: 0.0000140 seconds
44.868: Application time: 0.0308480 seconds
44.868: [Full GC44.868: [Tenured: 71040K->71039K(71040K), 0.1008500 secs] 102976K->74701K(102976K), [Perm : 8806K->8806K(21248K)], 0.1008970 secs] [Times: user=0.10 sys=0.00, real=0.10 secs] 
44.968: Total time for which application threads were stopped: 0.1009710 seconds, Stopping threads took: 0.0000130 seconds
45.002: Application time: 0.0334930 seconds
45.002: [Full GC45.002: [Tenured: 71039K->71039K(71040K), 0.1030340 secs] 102975K->75665K(102976K), [Perm : 8806K->8806K(21248K)], 0.1030820 secs] [Times: user=0.10 sys=0.00, real=0.10 secs] 
45.105: Total time for which application threads were stopped: 0.1031710 seconds, Stopping threads took: 0.0000140 seconds
45.138: Application time: 0.0324410 seconds
45.138: [Full GC45.138: [Tenured: 71039K->71040K(71040K), 0.1008150 secs] 102975K->79367K(102976K), [Perm : 8806K->8806K(21248K)], 0.1008740 secs] [Times: user=0.10 sys=0.00, real=0.10 secs] 
45.239: Total time for which application threads were stopped: 0.1009660 seconds, Stopping threads took: 0.0000230 seconds
45.266: Application time: 0.0271150 seconds
45.266: [Full GC45.266: [Tenured: 71040K->71039K(71040K), 0.1036580 secs] 102976K->76892K(102976K), [Perm : 8806K->8806K(21248K)], 0.1037030 secs] [Times: user=0.11 sys=0.00, real=0.11 secs] 
45.369: Total time for which application threads were stopped: 0.1037860 seconds, Stopping threads took: 0.0000140 seconds
45.397: Application time: 0.0274740 seconds
45.397: [Full GC45.397: [Tenured: 71039K->71039K(71040K), 0.0885360 secs] 102975K->81558K(102976K), [Perm : 8808K->8808K(21248K)], 0.0885800 secs] [Times: user=0.09 sys=0.00, real=0.09 secs] 
45.486: Total time for which application threads were stopped: 0.0886610 seconds, Stopping threads took: 0.0000140 seconds
45.510: Application time: 0.0245140 seconds
45.510: [Full GC45.510: [Tenured: 71039K->71039K(71040K), 0.1048700 secs] 102975K->77343K(102976K), [Perm : 8808K->8808K(21248K)], 0.1049140 secs] [Times: user=0.11 sys=0.00, real=0.10 secs] 
45.615: Total time for which application threads were stopped: 0.1050060 seconds, Stopping threads took: 0.0000120 seconds
45.645: Application time: 0.0294990 seconds
45.645: [Full GC45.645: [Tenured: 71039K->71040K(71040K), 0.0874310 secs] 102975K->79439K(102976K), [Perm : 8808K->8808K(21248K)], 0.0874760 secs] [Times: user=0.09 sys=0.00, real=0.09 secs] 
45.732: Total time for which application threads were stopped: 0.0875660 seconds, Stopping threads took: 0.0000220 seconds
45.764: Application time: 0.0318630 seconds
45.764: [Full GC45.764: [Tenured: 71040K->71039K(71040K), 0.0871230 secs] 102975K->79218K(102976K), [Perm : 8808K->8808K(21248K)], 0.0871680 secs] [Times: user=0.08 sys=0.00, real=0.09 secs] 
45.851: Total time for which application threads were stopped: 0.0872470 seconds, Stopping threads took: 0.0000130 seconds
45.882: Application time: 0.0306650 seconds
45.882: [Full GC45.882: [Tenured: 71039K->71039K(71040K), 0.0827620 secs] 102975K->79125K(102976K), [Perm : 8808K->8808K(21248K)], 0.0828060 secs] [Times: user=0.08 sys=0.00, real=0.08 secs] 
45.965: Total time for which application threads were stopped: 0.0828850 seconds, Stopping threads took: 0.0000140 seconds
45.994: Application time: 0.0295020 seconds
45.994: [Full GC45.994: [Tenured: 71039K->71040K(71040K), 0.0988960 secs] 102975K->75950K(102976K), [Perm : 8808K->8808K(21248K)], 0.0989420 secs] [Times: user=0.10 sys=0.00, real=0.10 secs] 
46.093: Total time for which application threads were stopped: 0.0990230 seconds, Stopping threads took: 0.0000140 seconds
46.123: Application time: 0.0299100 seconds
46.123: [Full GC46.123: [Tenured: 71040K->71040K(71040K), 0.0825630 secs] 102975K->75832K(102976K), [Perm : 8808K->8808K(21248K)], 0.0826060 secs] [Times: user=0.08 sys=0.00, real=0.08 secs] 
46.206: Total time for which application threads were stopped: 0.0826980 seconds, Stopping threads took: 0.0000130 seconds
46.229: Application time: 0.0226950 seconds
46.229: [Full GC46.229: [Tenured: 71040K->71040K(71040K), 0.0812490 secs] 102975K->75898K(102976K), [Perm : 8808K->8808K(21248K)], 0.0812960 secs] [Times: user=0.08 sys=0.00, real=0.08 secs] 
46.310: Total time for which application threads were stopped: 0.0813750 seconds, Stopping threads took: 0.0000140 seconds
46.335: Application time: 0.0249250 seconds
46.335: [Full GC46.335: [Tenured: 71040K->71040K(71040K), 0.0797320 secs] 102975K->75997K(102976K), [Perm : 8808K->8808K(21248K)], 0.0797770 secs] [Times: user=0.08 sys=0.00, real=0.08 secs] 
46.415: Total time for which application threads were stopped: 0.0798610 seconds, Stopping threads took: 0.0000190 seconds
46.439: Application time: 0.0244700 seconds
46.439: [Full GC46.439: [Tenured: 71040K->71039K(71040K), 0.0953810 secs] 102975K->75924K(102976K), [Perm : 8808K->8808K(21248K)], 0.0954400 secs] [Times: user=0.10 sys=0.00, real=0.09 secs] 
46.535: Total time for which application threads were stopped: 0.0955250 seconds, Stopping threads took: 0.0000140 seconds
46.558: Application time: 0.0233060 seconds
46.558: [Full GC46.558: [Tenured: 71040K->71040K(71040K), 0.0797040 secs] 102976K->75907K(102976K), [Perm : 8808K->8808K(21248K)], 0.0797470 secs] [Times: user=0.08 sys=0.00, real=0.08 secs] 
46.638: Total time for which application threads were stopped: 0.0798260 seconds, Stopping threads took: 0.0000140 seconds
46.662: Application time: 0.0244250 seconds
46.662: [Full GC46.662: [Tenured: 71040K->71040K(71040K), 0.0799330 secs] 102975K->75929K(102976K), [Perm : 8808K->8808K(21248K)], 0.0799760 secs] [Times: user=0.08 sys=0.00, real=0.08 secs] 
46.742: Total time for which application threads were stopped: 0.0800660 seconds, Stopping threads took: 0.0000140 seconds
46.767: Application time: 0.0246980 seconds
46.767: [Full GC46.767: [Tenured: 71040K->71040K(71040K), 0.0796370 secs] 102975K->75948K(102976K), [Perm : 8808K->8808K(21248K)], 0.0796820 secs] [Times: user=0.08 sys=0.00, real=0.07 secs] 
46.847: Total time for which application threads were stopped: 0.0797620 seconds, Stopping threads took: 0.0000140 seconds
46.873: Application time: 0.0257640 seconds
46.873: [Full GC46.873: [Tenured: 71040K->71039K(71040K), 0.0971960 secs] 102976K->75927K(102976K), [Perm : 8808K->8808K(21248K)], 0.0972440 secs] [Times: user=0.10 sys=0.00, real=0.10 secs] 
46.970: Total time for which application threads were stopped: 0.0973280 seconds, Stopping threads took: 0.0000130 seconds
46.996: Application time: 0.0264470 seconds
46.997: [Full GC46.997: [Tenured: 71039K->71039K(71040K), 0.0808290 secs] 102975K->75964K(102976K), [Perm : 8808K->8808K(21248K)], 0.0808720 secs] [Times: user=0.08 sys=0.00, real=0.08 secs] 
47.077: Total time for which application threads were stopped: 0.0809520 seconds, Stopping threads took: 0.0000140 seconds
47.100: Application time: 0.0225530 seconds
47.100: [Full GC47.100: [Tenured: 71039K->71039K(71040K), 0.0818610 secs] 102975K->76001K(102976K), [Perm : 8808K->8808K(21248K)], 0.0819040 secs] [Times: user=0.08 sys=0.00, real=0.08 secs] 
47.182: Total time for which application threads were stopped: 0.0819850 seconds, Stopping threads took: 0.0000140 seconds
47.209: Application time: 0.0265690 seconds
47.209: [Full GC47.209: [Tenured: 71039K->71039K(71040K), 0.0816880 secs] 102975K->76038K(102976K), [Perm : 8808K->8808K(21248K)], 0.0817330 secs] [Times: user=0.08 sys=0.00, real=0.08 secs] 
47.290: Total time for which application threads were stopped: 0.0818250 seconds, Stopping threads took: 0.0000140 seconds
47.316: Application time: 0.0252500 seconds
47.316: [Full GC47.316: [Tenured: 71039K->71039K(71040K), 0.0961010 secs] 102975K->75914K(102976K), [Perm : 8808K->8808K(21248K)], 0.0961500 secs] [Times: user=0.10 sys=0.00, real=0.10 secs] 
47.412: Total time for which application threads were stopped: 0.0962350 seconds, Stopping threads took: 0.0000140 seconds
47.439: Application time: 0.0267500 seconds
47.439: [Full GC47.439: [Tenured: 71040K->71040K(71040K), 0.0815690 secs] 102976K->75898K(102976K), [Perm : 8808K->8808K(21248K)], 0.0816120 secs] [Times: user=0.08 sys=0.00, real=0.09 secs] 
47.520: Total time for which application threads were stopped: 0.0816910 seconds, Stopping threads took: 0.0000140 seconds
47.546: Application time: 0.0259080 seconds
47.546: [Full GC47.546: [Tenured: 71040K->71040K(71040K), 0.0806530 secs] 102975K->75929K(102976K), [Perm : 8808K->8808K(21248K)], 0.0806970 secs] [Times: user=0.08 sys=0.00, real=0.08 secs] 
47.627: Total time for which application threads were stopped: 0.0807860 seconds, Stopping threads took: 0.0000150 seconds
47.653: Application time: 0.0258500 seconds
47.653: [Full GC47.653: [Tenured: 71040K->71040K(71040K), 0.0812950 secs] 102975K->75905K(102976K), [Perm : 8808K->8808K(21248K)], 0.0813390 secs] [Times: user=0.08 sys=0.00, real=0.08 secs] 
47.734: Total time for which application threads were stopped: 0.0814280 seconds, Stopping threads took: 0.0000150 seconds
47.760: Application time: 0.0254430 seconds
47.760: [Full GC47.760: [Tenured: 71040K->71039K(71040K), 0.0974100 secs] 102975K->76293K(102976K), [Perm : 8808K->8808K(21248K)], 0.0974550 secs] [Times: user=0.10 sys=0.00, real=0.09 secs] 
47.857: Total time for which application threads were stopped: 0.0975520 seconds, Stopping threads took: 0.0000130 seconds
47.883: Application time: 0.0260350 seconds
47.883: [Full GC47.883: [Tenured: 71039K->71039K(71040K), 0.0848450 secs] 102975K->79259K(102976K), [Perm : 8808K->8808K(21248K)], 0.0848910 secs] [Times: user=0.09 sys=0.00, real=0.09 secs] 
47.968: Total time for which application threads were stopped: 0.0849750 seconds, Stopping threads took: 0.0000150 seconds
47.991: Application time: 0.0228190 seconds
47.991: [Full GC47.991: [Tenured: 71039K->71040K(71040K), 0.0968540 secs] 102975K->79389K(102976K), [Perm : 8808K->8808K(21248K)], 0.0968990 secs] [Times: user=0.10 sys=0.00, real=0.10 secs] 
48.088: Total time for which application threads were stopped: 0.0969800 seconds, Stopping threads took: 0.0000140 seconds
48.112: Application time: 0.0239910 seconds
48.112: [Full GC48.112: [Tenured: 71040K->71040K(71040K), 0.1009980 secs] 102975K->81850K(102976K), [Perm : 8808K->8808K(21248K)], 0.1010430 secs] [Times: user=0.10 sys=0.00, real=0.10 secs] 
48.213: Total time for which application threads were stopped: 0.1011250 seconds, Stopping threads took: 0.0000120 seconds
48.236: Application time: 0.0223230 seconds
48.236: [Full GC48.236: [Tenured: 71040K->71039K(71040K), 0.1016400 secs] 102975K->76774K(102976K), [Perm : 8808K->8808K(21248K)], 0.1016850 secs] [Times: user=0.10 sys=0.00, real=0.10 secs] 
48.337: Total time for which application threads were stopped: 0.1017660 seconds, Stopping threads took: 0.0000130 seconds
48.364: Application time: 0.0268960 seconds
48.364: [Full GC48.364: [Tenured: 71039K->69649K(71040K), 0.0927750 secs] 102975K->69649K(102976K), [Perm : 8808K->8808K(21248K)], 0.0928210 secs] [Times: user=0.09 sys=0.00, real=0.09 secs] 
48.457: Total time for which application threads were stopped: 0.0929100 seconds, Stopping threads took: 0.0000120 seconds
48.473: Application time: 0.0157120 seconds
48.473: [GC48.473: [DefNew: 28416K->28416K(31936K), 0.0000100 secs]48.473: [Tenured: 69649K->71039K(71040K), 0.0908450 secs] 98065K->78520K(102976K), [Perm : 8808K->8808K(21248K)], 0.0909000 secs] [Times: user=0.09 sys=0.00, real=0.09 secs] 
48.564: Total time for which application threads were stopped: 0.0910610 seconds, Stopping threads took: 0.0000920 seconds
48.598: Application time: 0.0343450 seconds
48.598: [Full GC48.598: [Tenured: 71039K->71039K(71040K), 0.0975450 secs] 102975K->79418K(102976K), [Perm : 8808K->8808K(21248K)], 0.0975890 secs] [Times: user=0.09 sys=0.00, real=0.10 secs] 
48.696: Total time for which application threads were stopped: 0.0976670 seconds, Stopping threads took: 0.0000130 seconds
48.723: Application time: 0.0272550 seconds
48.723: [Full GC48.723: [Tenured: 71039K->71039K(71040K), 0.1012600 secs] 102975K->75829K(102976K), [Perm : 8809K->8809K(21248K)], 0.1013060 secs] [Times: user=0.10 sys=0.00, real=0.10 secs] 
48.825: Total time for which application threads were stopped: 0.1013850 seconds, Stopping threads took: 0.0000130 seconds
48.855: Application time: 0.0299580 seconds
48.855: [Full GC48.855: [Tenured: 71039K->71039K(71040K), 0.0845630 secs] 102975K->78552K(102976K), [Perm : 8809K->8809K(21248K)], 0.0846070 secs] [Times: user=0.08 sys=0.00, real=0.09 secs] 
48.939: Total time for which application threads were stopped: 0.0846870 seconds, Stopping threads took: 0.0000130 seconds
48.967: Application time: 0.0280690 seconds
48.967: [Full GC48.967: [Tenured: 71040K->71039K(71040K), 0.1026170 secs] 102975K->76756K(102976K), [Perm : 8809K->8809K(21248K)], 0.1026640 secs] [Times: user=0.11 sys=0.00, real=0.10 secs] 
49.070: Total time for which application threads were stopped: 0.1027560 seconds, Stopping threads took: 0.0000130 seconds
49.099: Application time: 0.0291790 seconds
49.099: [Full GC49.099: [Tenured: 71039K->71039K(71040K), 0.1018250 secs] 102975K->75408K(102976K), [Perm : 8809K->8809K(21248K)], 0.1018760 secs] [Times: user=0.10 sys=0.00, real=0.10 secs] 
49.201: Total time for which application threads were stopped: 0.1019560 seconds, Stopping threads took: 0.0000120 seconds
49.234: Application time: 0.0332560 seconds
49.234: [Full GC49.234: [Tenured: 71039K->71039K(71040K), 0.0987790 secs] 102975K->75678K(102976K), [Perm : 8809K->8809K(21248K)], 0.0988250 secs] [Times: user=0.10 sys=0.00, real=0.10 secs] 
49.333: Total time for which application threads were stopped: 0.0989040 seconds, Stopping threads took: 0.0000130 seconds
49.365: Application time: 0.0313090 seconds
49.365: [Full GC49.365: [Tenured: 71039K->71039K(71040K), 0.0817880 secs] 102975K->75941K(102976K), [Perm : 8809K->8809K(21248K)], 0.0818350 secs] [Times: user=0.08 sys=0.00, real=0.08 secs] 
49.447: Total time for which application threads were stopped: 0.0819180 seconds, Stopping threads took: 0.0000140 seconds
49.476: Application time: 0.0298610 seconds
49.476: [Full GC49.477: [Tenured: 71039K->71039K(71040K), 0.0811780 secs] 102975K->76023K(102976K), [Perm : 8809K->8809K(21248K)], 0.0812220 secs] [Times: user=0.08 sys=0.00, real=0.08 secs] 
49.558: Total time for which application threads were stopped: 0.0813140 seconds, Stopping threads took: 0.0000140 seconds
49.588: Application time: 0.0305400 seconds
49.588: [Full GC49.588: [Tenured: 71039K->71039K(71040K), 0.0807250 secs] 102975K->76175K(102976K), [Perm : 8809K->8809K(21248K)], 0.0807710 secs] [Times: user=0.08 sys=0.00, real=0.08 secs] 
49.669: Total time for which application threads were stopped: 0.0808600 seconds, Stopping threads took: 0.0000230 seconds
49.697: Application time: 0.0274040 seconds
49.697: [Full GC49.697: [Tenured: 71039K->71039K(71040K), 0.0954530 secs] 102975K->75911K(102976K), [Perm : 8809K->8809K(21248K)], 0.0955000 secs] [Times: user=0.09 sys=0.00, real=0.10 secs] 
49.792: Total time for which application threads were stopped: 0.0955820 seconds, Stopping threads took: 0.0000130 seconds
49.817: Application time: 0.0250860 seconds
49.817: [Full GC49.817: [Tenured: 71040K->71040K(71040K), 0.0781800 secs] 102976K->75958K(102976K), [Perm : 8809K->8809K(21248K)], 0.0782270 secs] [Times: user=0.07 sys=0.00, real=0.08 secs] 
49.897: Total time for which application threads were stopped: 0.0798190 seconds, Stopping threads took: 0.0000140 seconds
49.918: Application time: 0.0214310 seconds
49.919: [Full GC49.919: [Tenured: 71040K->71040K(71040K), 0.0792390 secs] 102975K->75958K(102976K), [Perm : 8809K->8809K(21248K)], 0.0792830 secs] [Times: user=0.08 sys=0.00, real=0.08 secs] 
49.998: Total time for which application threads were stopped: 0.0793630 seconds, Stopping threads took: 0.0000140 seconds
50.022: Application time: 0.0244740 seconds
50.022: [Full GC50.022: [Tenured: 71040K->71040K(71040K), 0.0791500 secs] 102975K->75943K(102976K), [Perm : 8809K->8809K(21248K)], 0.0791930 secs] [Times: user=0.08 sys=0.00, real=0.08 secs] 
50.102: Total time for which application threads were stopped: 0.0792860 seconds, Stopping threads took: 0.0000140 seconds
50.126: Application time: 0.0246440 seconds
50.126: [Full GC50.126: [Tenured: 71040K->71039K(71040K), 0.0944910 secs] 102976K->75914K(102976K), [Perm : 8809K->8809K(21248K)], 0.0945390 secs] [Times: user=0.10 sys=0.00, real=0.10 secs] 
50.221: Total time for which application threads were stopped: 0.0946230 seconds, Stopping threads took: 0.0000140 seconds
50.246: Application time: 0.0247330 seconds
50.246: [Full GC50.246: [Tenured: 71040K->71040K(71040K), 0.0780810 secs] 102975K->75923K(102976K), [Perm : 8809K->8809K(21248K)], 0.0781250 secs] [Times: user=0.08 sys=0.00, real=0.08 secs] 
50.324: Total time for which application threads were stopped: 0.0782040 seconds, Stopping threads took: 0.0000150 seconds
50.349: Application time: 0.0250350 seconds
50.349: [Full GC50.349: [Tenured: 71040K->71040K(71040K), 0.0781150 secs] 102976K->75931K(102976K), [Perm : 8809K->8809K(21248K)], 0.0781560 secs] [Times: user=0.07 sys=0.00, real=0.08 secs] 
50.427: Total time for which application threads were stopped: 0.0782350 seconds, Stopping threads took: 0.0000150 seconds
50.451: Application time: 0.0240860 seconds
50.451: [Full GC50.451: [Tenured: 71040K->71040K(71040K), 0.0788130 secs] 102975K->76029K(102976K), [Perm : 8809K->8809K(21248K)], 0.0788570 secs] [Times: user=0.08 sys=0.00, real=0.08 secs] 
50.530: Total time for which application threads were stopped: 0.0789350 seconds, Stopping threads took: 0.0000140 seconds
50.556: Application time: 0.0261860 seconds
50.556: [Full GC50.556: [Tenured: 71040K->71039K(71040K), 0.0942600 secs] 102975K->75913K(102976K), [Perm : 8809K->8809K(21248K)], 0.0943090 secs] [Times: user=0.09 sys=0.00, real=0.10 secs] 
50.651: Total time for which application threads were stopped: 0.0944060 seconds, Stopping threads took: 0.0000140 seconds
50.677: Application time: 0.0267580 seconds
50.678: [Full GC50.678: [Tenured: 71039K->71039K(71040K), 0.0788410 secs] 102975K->75901K(102976K), [Perm : 8809K->8809K(21248K)], 0.0788830 secs] [Times: user=0.08 sys=0.00, real=0.08 secs] 
50.756: Total time for which application threads were stopped: 0.0789620 seconds, Stopping threads took: 0.0000150 seconds
50.783: Application time: 0.0267000 seconds
50.783: [Full GC50.783: [Tenured: 71039K->71039K(71040K), 0.0793660 secs] 102975K->75915K(102976K), [Perm : 8809K->8809K(21248K)], 0.0794100 secs] [Times: user=0.08 sys=0.00, real=0.08 secs] 
50.863: Total time for which application threads were stopped: 0.0794900 seconds, Stopping threads took: 0.0000150 seconds
50.889: Application time: 0.0266080 seconds
50.889: [Full GC50.889: [Tenured: 71039K->71039K(71040K), 0.0793230 secs] 102975K->75924K(102976K), [Perm : 8809K->8809K(21248K)], 0.0793650 secs] [Times: user=0.08 sys=0.00, real=0.08 secs] 
50.969: Total time for which application threads were stopped: 0.0794450 seconds, Stopping threads took: 0.0000150 seconds
50.995: Application time: 0.0267390 seconds
50.995: [Full GC50.995: [Tenured: 71039K->71039K(71040K), 0.0787900 secs] 102975K->75937K(102976K), [Perm : 8809K->8809K(21248K)], 0.0788330 secs] [Times: user=0.08 sys=0.00, real=0.08 secs] 
51.074: Total time for which application threads were stopped: 0.0789110 seconds, Stopping threads took: 0.0000150 seconds
51.100: Application time: 0.0253330 seconds
51.100: [Full GC51.100: [Tenured: 71039K->71039K(71040K), 0.0791220 secs] 102975K->75904K(102976K), [Perm : 8809K->8809K(21248K)], 0.0791660 secs] [Times: user=0.08 sys=0.00, real=0.07 secs] 
51.179: Total time for which application threads were stopped: 0.0792610 seconds, Stopping threads took: 0.0000150 seconds
51.205: Application time: 0.0259590 seconds
51.205: [Full GC51.205: [Tenured: 71039K->71039K(71040K), 0.0816820 secs] 102975K->78195K(102976K), [Perm : 8810K->8810K(21248K)], 0.0817260 secs] [Times: user=0.08 sys=0.00, real=0.08 secs] 
51.287: Total time for which application threads were stopped: 0.0818070 seconds, Stopping threads took: 0.0000140 seconds
51.313: Application time: 0.0260230 seconds
51.313: [Full GC51.313: [Tenured: 71039K->71039K(71040K), 0.0941000 secs] 102975K->77362K(102976K), [Perm : 8810K->8810K(21248K)], 0.0941480 secs] [Times: user=0.09 sys=0.00, real=0.09 secs] 
51.407: Total time for which application threads were stopped: 0.0942310 seconds, Stopping threads took: 0.0000150 seconds
51.430: Application time: 0.0226470 seconds
51.430: [Full GC51.430: [Tenured: 71040K->71040K(71040K), 0.0968400 secs] 102975K->76202K(102976K), [Perm : 8810K->8810K(21248K)], 0.0968860 secs] [Times: user=0.10 sys=0.00, real=0.09 secs] 
51.527: Total time for which application threads were stopped: 0.0969660 seconds, Stopping threads took: 0.0000130 seconds
51.550: Application time: 0.0234930 seconds
51.550: [Full GC51.550: [Tenured: 71040K->71036K(71040K), 0.0963130 secs] 102975K->82448K(102976K), [Perm : 8810K->8810K(21248K)], 0.0963570 secs] [Times: user=0.10 sys=0.00, real=0.09 secs] 
51.647: Total time for which application threads were stopped: 0.0964480 seconds, Stopping threads took: 0.0000140 seconds
51.670: Application time: 0.0231850 seconds
51.670: [Full GC51.670: [Tenured: 71039K->71039K(71040K), 0.0933490 secs] 102975K->72812K(102976K), [Perm : 8810K->8810K(21248K)], 0.0933940 secs] [Times: user=0.09 sys=0.00, real=0.09 secs] 
51.763: Total time for which application threads were stopped: 0.0934860 seconds, Stopping threads took: 0.0000130 seconds
51.793: Application time: 0.0302780 seconds
51.794: [Full GC51.794: [Tenured: 71039K->71039K(71040K), 0.0936360 secs] 102975K->72387K(102976K), [Perm : 8810K->8810K(21248K)], 0.0936800 secs] [Times: user=0.09 sys=0.00, real=0.10 secs] 
51.887: Total time for which application threads were stopped: 0.0937560 seconds, Stopping threads took: 0.0000130 seconds
51.921: Application time: 0.0335380 seconds
51.921: [Full GC51.921: [Tenured: 71039K->71039K(71040K), 0.1025850 secs] 102975K->75678K(102976K), [Perm : 8810K->8810K(21248K)], 0.1026280 secs] [Times: user=0.10 sys=0.00, real=0.10 secs] 
52.023: Total time for which application threads were stopped: 0.1027050 seconds, Stopping threads took: 0.0000140 seconds
52.054: Application time: 0.0304190 seconds
52.054: [Full GC52.054: [Tenured: 71039K->71039K(71040K), 0.0838750 secs] 102975K->79338K(102976K), [Perm : 8810K->8810K(21248K)], 0.0839210 secs] [Times: user=0.08 sys=0.00, real=0.08 secs] 
52.138: Total time for which application threads were stopped: 0.0839990 seconds, Stopping threads took: 0.0000130 seconds
52.165: Application time: 0.0275530 seconds
52.165: [Full GC52.166: [Tenured: 71039K->71039K(71040K), 0.1011500 secs] 102975K->75624K(102976K), [Perm : 8813K->8813K(21248K)], 0.1011930 secs] [Times: user=0.10 sys=0.00, real=0.10 secs] 
52.267: Total time for which application threads were stopped: 0.1012690 seconds, Stopping threads took: 0.0000130 seconds
52.296: Application time: 0.0295500 seconds
52.296: [Full GC52.296: [Tenured: 71039K->71040K(71040K), 0.0842110 secs] 102975K->77968K(102976K), [Perm : 8813K->8813K(21248K)], 0.0842550 secs] [Times: user=0.09 sys=0.00, real=0.09 secs] 
52.381: Total time for which application threads were stopped: 0.0843450 seconds, Stopping threads took: 0.0000130 seconds
52.407: Application time: 0.0262040 seconds
52.407: [Full GC52.407: [Tenured: 71040K->71040K(71040K), 0.1022110 secs] 102975K->77002K(102976K), [Perm : 8813K->8813K(21248K)], 0.1022560 secs] [Times: user=0.10 sys=0.00, real=0.11 secs] 
52.509: Total time for which application threads were stopped: 0.1023360 seconds, Stopping threads took: 0.0000130 seconds
52.539: Application time: 0.0302120 seconds
52.539: [Full GC52.539: [Tenured: 71040K->71039K(71040K), 0.0840620 secs] 102975K->77914K(102976K), [Perm : 8813K->8813K(21248K)], 0.0841060 secs] [Times: user=0.08 sys=0.00, real=0.08 secs] 
52.624: Total time for which application threads were stopped: 0.0841850 seconds, Stopping threads took: 0.0000130 seconds
52.657: Application time: 0.0333360 seconds
52.657: [Full GC52.657: [Tenured: 71040K->71040K(71040K), 0.0862190 secs] 102975K->79455K(102976K), [Perm : 8813K->8813K(21248K)], 0.0862640 secs] [Times: user=0.09 sys=0.00, real=0.09 secs] 
52.743: Total time for which application threads were stopped: 0.0863420 seconds, Stopping threads took: 0.0000130 seconds
52.772: Application time: 0.0288160 seconds
52.772: [Full GC52.772: [Tenured: 71040K->71039K(71040K), 0.0840950 secs] 102975K->79333K(102976K), [Perm : 8813K->8813K(21248K)], 0.0841410 secs] [Times: user=0.08 sys=0.00, real=0.08 secs] 
52.856: Total time for which application threads were stopped: 0.0842220 seconds, Stopping threads took: 0.0000130 seconds
52.886: Application time: 0.0293440 seconds
52.886: [Full GC52.886: [Tenured: 71039K->71039K(71040K), 0.0972810 secs] 102975K->75691K(102976K), [Perm : 8813K->8813K(21248K)], 0.0973360 secs] [Times: user=0.09 sys=0.01, real=0.10 secs] 
52.983: Total time for which application threads were stopped: 0.0974280 seconds, Stopping threads took: 0.0000140 seconds
53.013: Application time: 0.0294830 seconds
53.013: [Full GC53.013: [Tenured: 71039K->71039K(71040K), 0.0804290 secs] 102975K->75885K(102976K), [Perm : 8813K->8813K(21248K)], 0.0804830 secs] [Times: user=0.08 sys=0.00, real=0.08 secs] 
53.093: Total time for which application threads were stopped: 0.0805610 seconds, Stopping threads took: 0.0000140 seconds
53.121: Application time: 0.0274080 seconds
53.121: [Full GC53.121: [Tenured: 71039K->71039K(71040K), 0.0805200 secs] 102975K->76054K(102976K), [Perm : 8813K->8813K(21248K)], 0.0805650 secs] [Times: user=0.08 sys=0.00, real=0.08 secs] 
53.201: Total time for which application threads were stopped: 0.0806440 seconds, Stopping threads took: 0.0000140 seconds
53.226: Application time: 0.0248310 seconds
53.226: [Full GC53.226: [Tenured: 71039K->71039K(71040K), 0.0795730 secs] 102975K->76036K(102976K), [Perm : 8813K->8813K(21248K)], 0.0796170 secs] [Times: user=0.08 sys=0.00, real=0.08 secs] 
53.306: Total time for which application threads were stopped: 0.0796980 seconds, Stopping threads took: 0.0000150 seconds
53.330: Application time: 0.0243880 seconds
53.330: [Full GC53.330: [Tenured: 71039K->71039K(71040K), 0.0945010 secs] 102975K->75927K(102976K), [Perm : 8813K->8813K(21248K)], 0.0945500 secs] [Times: user=0.09 sys=0.00, real=0.09 secs] 
53.425: Total time for which application threads were stopped: 0.0946350 seconds, Stopping threads took: 0.0000150 seconds
53.447: Application time: 0.0220640 seconds
53.447: [Full GC53.447: [Tenured: 71039K->71039K(71040K), 0.0791040 secs] 102975K->75970K(102976K), [Perm : 8813K->8813K(21248K)], 0.0791470 secs] [Times: user=0.08 sys=0.00, real=0.08 secs] 
53.526: Total time for which application threads were stopped: 0.0792370 seconds, Stopping threads took: 0.0000140 seconds
53.551: Application time: 0.0245210 seconds
53.551: [Full GC53.551: [Tenured: 71039K->71039K(71040K), 0.0793600 secs] 102975K->75967K(102976K), [Perm : 8813K->8813K(21248K)], 0.0794040 secs] [Times: user=0.08 sys=0.00, real=0.08 secs] 
53.630: Total time for which application threads were stopped: 0.0794830 seconds, Stopping threads took: 0.0000140 seconds
53.655: Application time: 0.0245800 seconds
53.655: [Full GC53.655: [Tenured: 71039K->71039K(71040K), 0.0794960 secs] 102975K->75963K(102976K), [Perm : 8813K->8813K(21248K)], 0.0795400 secs] [Times: user=0.08 sys=0.00, real=0.08 secs] 
53.734: Total time for which application threads were stopped: 0.0796190 seconds, Stopping threads took: 0.0000150 seconds
53.759: Application time: 0.0250890 seconds
53.759: [Full GC53.759: [Tenured: 71039K->71039K(71040K), 0.0947840 secs] 102975K->75901K(102976K), [Perm : 8813K->8813K(21248K)], 0.0948330 secs] [Times: user=0.09 sys=0.00, real=0.09 secs] 
53.854: Total time for which application threads were stopped: 0.0949180 seconds, Stopping threads took: 0.0000140 seconds
53.879: Application time: 0.0247300 seconds
53.879: [Full GC53.879: [Tenured: 71039K->71039K(71040K), 0.0798230 secs] 102975K->76010K(102976K), [Perm : 8813K->8813K(21248K)], 0.0798680 secs] [Times: user=0.08 sys=0.00, real=0.07 secs] 
53.959: Total time for which application threads were stopped: 0.0799520 seconds, Stopping threads took: 0.0000150 seconds
53.986: Application time: 0.0267970 seconds
53.986: [Full GC53.986: [Tenured: 71039K->71039K(71040K), 0.0798580 secs] 102975K->76070K(102976K), [Perm : 8813K->8813K(21248K)], 0.0799000 secs] [Times: user=0.08 sys=0.00, real=0.08 secs] 
54.066: Total time for which application threads were stopped: 0.0799930 seconds, Stopping threads took: 0.0000150 seconds
54.091: Application time: 0.0252030 seconds
54.091: [Full GC54.091: [Tenured: 71040K->71040K(71040K), 0.0799770 secs] 102976K->76052K(102976K), [Perm : 8813K->8813K(21248K)], 0.0800210 secs] [Times: user=0.08 sys=0.00, real=0.08 secs] 
54.171: Total time for which application threads were stopped: 0.0801080 seconds, Stopping threads took: 0.0000140 seconds
54.198: Application time: 0.0265190 seconds
54.198: [Full GC54.198: [Tenured: 71040K->71039K(71040K), 0.0938070 secs] 102975K->75912K(102976K), [Perm : 8813K->8813K(21248K)], 0.0938530 secs] [Times: user=0.09 sys=0.00, real=0.10 secs] 
54.291: Total time for which application threads were stopped: 0.0939470 seconds, Stopping threads took: 0.0000140 seconds
54.318: Application time: 0.0268030 seconds
54.318: [Full GC54.318: [Tenured: 71039K->71039K(71040K), 0.0803090 secs] 102975K->75913K(102976K), [Perm : 8813K->8813K(21248K)], 0.0803540 secs] [Times: user=0.08 sys=0.00, real=0.08 secs] 
54.399: Total time for which application threads were stopped: 0.0804360 seconds, Stopping threads took: 0.0000160 seconds
54.422: Application time: 0.0232060 seconds
54.422: [Full GC54.422: [Tenured: 71039K->71039K(71040K), 0.0802900 secs] 102975K->75924K(102976K), [Perm : 8813K->8813K(21248K)], 0.0803360 secs] [Times: user=0.08 sys=0.00, real=0.08 secs] 
54.502: Total time for which application threads were stopped: 0.0804140 seconds, Stopping threads took: 0.0000140 seconds
54.526: Application time: 0.0235740 seconds
54.526: [Full GC54.526: [Tenured: 71039K->71039K(71040K), 0.0805390 secs] 102975K->77264K(102976K), [Perm : 8813K->8813K(21248K)], 0.0805860 secs] [Times: user=0.08 sys=0.00, real=0.08 secs] 
54.607: Total time for which application threads were stopped: 0.0806770 seconds, Stopping threads took: 0.0000150 seconds
54.633: Application time: 0.0262900 seconds
54.633: [Full GC54.633: [Tenured: 71039K->71039K(71040K), 0.0973390 secs] 102975K->73634K(102976K), [Perm : 8813K->8813K(21248K)], 0.0973860 secs] [Times: user=0.10 sys=0.00, real=0.10 secs] 
54.730: Total time for which application threads were stopped: 0.0974690 seconds, Stopping threads took: 0.0000140 seconds
54.758: Application time: 0.0275280 seconds
54.758: [Full GC54.758: [Tenured: 71040K->71040K(71040K), 0.0807900 secs] 102976K->74894K(102976K), [Perm : 8813K->8813K(21248K)], 0.0808360 secs] [Times: user=0.09 sys=0.00, real=0.08 secs] 
54.839: Total time for which application threads were stopped: 0.0809170 seconds, Stopping threads took: 0.0000140 seconds
54.863: Application time: 0.0245870 seconds
54.863: [Full GC54.863: [Tenured: 71040K->71040K(71040K), 0.0818690 secs] 102975K->76274K(102976K), [Perm : 8813K->8813K(21248K)], 0.0819220 secs] [Times: user=0.08 sys=0.00, real=0.08 secs] 
54.945: Total time for which application threads were stopped: 0.0820130 seconds, Stopping threads took: 0.0000140 seconds
54.966: Application time: 0.0208700 seconds
54.966: [Full GC54.966: [Tenured: 71040K->71040K(71040K), 0.0893550 secs] 102975K->85696K(102976K), [Perm : 8813K->8813K(21248K)], 0.0893990 secs] [Times: user=0.09 sys=0.00, real=0.09 secs] 
55.056: Total time for which application threads were stopped: 0.0894790 seconds, Stopping threads took: 0.0000140 seconds
55.076: Application time: 0.0200540 seconds
55.076: [Full GC55.076: [Tenured: 71040K->68759K(71040K), 0.0894570 secs] 102975K->68759K(102976K), [Perm : 8813K->8813K(21248K)], 0.0895050 secs] [Times: user=0.09 sys=0.00, real=0.09 secs] 
55.165: Total time for which application threads were stopped: 0.0895970 seconds, Stopping threads took: 0.0000130 seconds
55.180: Application time: 0.0143850 seconds
55.180: [GC55.180: [DefNew: 28416K->28416K(31936K), 0.0000100 secs]55.180: [Tenured: 68759K->70243K(71040K), 0.0922150 secs] 97175K->70243K(102976K), [Perm : 8813K->8813K(21248K)], 0.0922700 secs] [Times: user=0.09 sys=0.00, real=0.09 secs] 
55.272: Total time for which application threads were stopped: 0.0924060 seconds, Stopping threads took: 0.0000710 seconds
55.288: Application time: 0.0156400 seconds
55.288: [GC55.288: [DefNew: 28416K->28416K(31936K), 0.0000110 secs]55.288: [Tenured: 70243K->71039K(71040K), 0.0961600 secs] 98659K->79642K(102976K), [Perm : 8813K->8813K(21248K)], 0.0962200 secs] [Times: user=0.09 sys=0.00, real=0.09 secs] 
55.384: Total time for which application threads were stopped: 0.0963790 seconds, Stopping threads took: 0.0000930 seconds
55.418: Application time: 0.0337360 seconds
55.418: [Full GC55.418: [Tenured: 71040K->71039K(71040K), 0.0902780 secs] 102976K->79182K(102976K), [Perm : 8813K->8813K(21248K)], 0.0903250 secs] [Times: user=0.09 sys=0.00, real=0.10 secs] 
55.508: Total time for which application threads were stopped: 0.0904120 seconds, Stopping threads took: 0.0000140 seconds
55.536: Application time: 0.0280490 seconds
55.537: [Full GC55.537: [Tenured: 71040K->71039K(71040K), 0.1008250 secs] 102975K->76150K(102976K), [Perm : 8813K->8813K(21248K)], 0.1008700 secs] [Times: user=0.11 sys=0.00, real=0.10 secs] 
55.637: Total time for which application threads were stopped: 0.1009510 seconds, Stopping threads took: 0.0000140 seconds
55.668: Application time: 0.0307250 seconds
55.668: [Full GC55.668: [Tenured: 71039K->71039K(71040K), 0.0842790 secs] 102975K->79822K(102976K), [Perm : 8813K->8813K(21248K)], 0.0843280 secs] [Times: user=0.09 sys=0.00, real=0.08 secs] 
55.753: Total time for which application threads were stopped: 0.0844320 seconds, Stopping threads took: 0.0000230 seconds
55.778: Application time: 0.0253940 seconds
55.778: [Full GC55.778: [Tenured: 71039K->71039K(71040K), 0.1006620 secs] 102975K->76468K(102976K), [Perm : 8813K->8813K(21248K)], 0.1007090 secs] [Times: user=0.09 sys=0.01, real=0.10 secs] 
55.879: Total time for which application threads were stopped: 0.1007900 seconds, Stopping threads took: 0.0000140 seconds
55.907: Application time: 0.0281190 seconds
55.907: [Full GC55.907: [Tenured: 71039K->71039K(71040K), 0.0845580 secs] 102975K->79384K(102976K), [Perm : 8813K->8813K(21248K)], 0.0846020 secs] [Times: user=0.09 sys=0.00, real=0.09 secs] 
55.992: Total time for which application threads were stopped: 0.0846800 seconds, Stopping threads took: 0.0000130 seconds
56.024: Application time: 0.0319840 seconds
56.024: [Full GC56.024: [Tenured: 71040K->71039K(71040K), 0.0997050 secs] 102976K->75898K(102976K), [Perm : 8813K->8813K(21248K)], 0.0997510 secs] [Times: user=0.10 sys=0.00, real=0.10 secs] 
56.123: Total time for which application threads were stopped: 0.0998320 seconds, Stopping threads took: 0.0000140 seconds
56.154: Application time: 0.0305130 seconds
56.154: [Full GC56.154: [Tenured: 71039K->71039K(71040K), 0.0796350 secs] 102975K->75980K(102976K), [Perm : 8813K->8813K(21248K)], 0.0796820 secs] [Times: user=0.08 sys=0.00, real=0.08 secs] 
56.234: Total time for which application threads were stopped: 0.0797590 seconds, Stopping threads took: 0.0000130 seconds
56.264: Application time: 0.0304490 seconds
56.264: [Full GC56.264: [Tenured: 71039K->71039K(71040K), 0.0794030 secs] 102975K->76038K(102976K), [Perm : 8813K->8813K(21248K)], 0.0794460 secs] [Times: user=0.08 sys=0.00, real=0.08 secs] 
56.344: Total time for which application threads were stopped: 0.0795410 seconds, Stopping threads took: 0.0000130 seconds
56.374: Application time: 0.0298740 seconds
56.374: [Full GC56.374: [Tenured: 71039K->71039K(71040K), 0.0791600 secs] 102975K->76072K(102976K), [Perm : 8813K->8813K(21248K)], 0.0792040 secs] [Times: user=0.08 sys=0.00, real=0.08 secs] 
56.453: Total time for which application threads were stopped: 0.0792840 seconds, Stopping threads took: 0.0000150 seconds
56.482: Application time: 0.0291460 seconds
56.482: [Full GC56.482: [Tenured: 71039K->71039K(71040K), 0.0944030 secs] 102975K->75916K(102976K), [Perm : 8813K->8813K(21248K)], 0.0944500 secs] [Times: user=0.10 sys=0.00, real=0.09 secs] 
56.576: Total time for which application threads were stopped: 0.0945310 seconds, Stopping threads took: 0.0000130 seconds
56.601: Application time: 0.0246120 seconds
56.601: [Full GC56.601: [Tenured: 71039K->71039K(71040K), 0.0775760 secs] 102975K->75966K(102976K), [Perm : 8813K->8813K(21248K)], 0.0776220 secs] [Times: user=0.08 sys=0.00, real=0.07 secs] 
56.679: Total time for which application threads were stopped: 0.0777020 seconds, Stopping threads took: 0.0000150 seconds
56.703: Application time: 0.0245160 seconds
56.703: [Full GC56.703: [Tenured: 71039K->71039K(71040K), 0.0773400 secs] 102975K->75977K(102976K), [Perm : 8813K->8813K(21248K)], 0.0773820 secs] [Times: user=0.07 sys=0.00, real=0.08 secs] 
56.781: Total time for which application threads were stopped: 0.0774610 seconds, Stopping threads took: 0.0000140 seconds
56.805: Application time: 0.0246940 seconds
56.806: [Full GC56.806: [Tenured: 71039K->71039K(71040K), 0.0775940 secs] 102975K->75995K(102976K), [Perm : 8813K->8813K(21248K)], 0.0776470 secs] [Times: user=0.08 sys=0.00, real=0.08 secs] 
56.883: Total time for which application threads were stopped: 0.0777410 seconds, Stopping threads took: 0.0000150 seconds
56.908: Application time: 0.0245900 seconds
56.908: [Full GC56.908: [Tenured: 71039K->71039K(71040K), 0.0932390 secs] 102975K->75933K(102976K), [Perm : 8813K->8813K(21248K)], 0.0932860 secs] [Times: user=0.09 sys=0.00, real=0.09 secs] 
57.001: Total time for which application threads were stopped: 0.0933710 seconds, Stopping threads took: 0.0000140 seconds
57.022: Application time: 0.0211420 seconds
57.022: [Full GC57.022: [Tenured: 71039K->71039K(71040K), 0.0777810 secs] 102975K->75958K(102976K), [Perm : 8813K->8813K(21248K)], 0.0778230 secs] [Times: user=0.08 sys=0.00, real=0.08 secs] 
57.100: Total time for which application threads were stopped: 0.0779010 seconds, Stopping threads took: 0.0000150 seconds
57.124: Application time: 0.0242520 seconds
57.125: [Full GC57.125: [Tenured: 71040K->71040K(71040K), 0.0773220 secs] 102975K->75913K(102976K), [Perm : 8813K->8813K(21248K)], 0.0773630 secs] [Times: user=0.08 sys=0.00, real=0.08 secs] 
57.202: Total time for which application threads were stopped: 0.0774430 seconds, Stopping threads took: 0.0000150 seconds
57.229: Application time: 0.0266500 seconds
57.229: [Full GC57.229: [Tenured: 71040K->71040K(71040K), 0.0779190 secs] 102975K->76055K(102976K), [Perm : 8813K->8813K(21248K)], 0.0779640 secs] [Times: user=0.08 sys=0.00, real=0.07 secs] 
57.307: Total time for which application threads were stopped: 0.0780440 seconds, Stopping threads took: 0.0000130 seconds
57.333: Application time: 0.0266160 seconds
57.333: [Full GC57.333: [Tenured: 71040K->71039K(71040K), 0.0927150 secs] 102975K->75923K(102976K), [Perm : 8813K->8813K(21248K)], 0.0927610 secs] [Times: user=0.09 sys=0.00, real=0.09 secs] 
57.426: Total time for which application threads were stopped: 0.0928600 seconds, Stopping threads took: 0.0000140 seconds
57.453: Application time: 0.0268420 seconds
57.453: [Full GC57.453: [Tenured: 71039K->71039K(71040K), 0.0786960 secs] 102975K->75916K(102976K), [Perm : 8813K->8813K(21248K)], 0.0787380 secs] [Times: user=0.07 sys=0.00, real=0.08 secs] 
57.532: Total time for which application threads were stopped: 0.0788170 seconds, Stopping threads took: 0.0000140 seconds
57.558: Application time: 0.0266190 seconds
57.558: [Full GC57.558: [Tenured: 71039K->71039K(71040K), 0.0778990 secs] 102975K->75928K(102976K), [Perm : 8813K->8813K(21248K)], 0.0779400 secs] [Times: user=0.08 sys=0.00, real=0.08 secs] 
57.636: Total time for which application threads were stopped: 0.0780200 seconds, Stopping threads took: 0.0000150 seconds
57.663: Application time: 0.0266130 seconds
57.663: [Full GC57.663: [Tenured: 71039K->71039K(71040K), 0.0770520 secs] 102975K->75903K(102976K), [Perm : 8813K->8813K(21248K)], 0.0770970 secs] [Times: user=0.08 sys=0.00, real=0.08 secs] 
57.740: Total time for which application threads were stopped: 0.0771760 seconds, Stopping threads took: 0.0000150 seconds
57.764: Application time: 0.0233620 seconds
57.764: [Full GC57.764: [Tenured: 71039K->71039K(71040K), 0.0950020 secs] 102975K->77213K(102976K), [Perm : 8813K->8813K(21248K)], 0.0950490 secs] [Times: user=0.09 sys=0.00, real=0.09 secs] 
57.859: Total time for which application threads were stopped: 0.0951340 seconds, Stopping threads took: 0.0000150 seconds
57.885: Application time: 0.0263420 seconds
57.885: [Full GC57.885: [Tenured: 71039K->71039K(71040K), 0.0933340 secs] 102975K->76934K(102976K), [Perm : 8813K->8813K(21248K)], 0.0933800 secs] [Times: user=0.09 sys=0.00, real=0.09 secs] 
57.979: Total time for which application threads were stopped: 0.0934770 seconds, Stopping threads took: 0.0000150 seconds
58.005: Application time: 0.0260580 seconds
58.005: [Full GC58.005: [Tenured: 71039K->71039K(71040K), 0.0785730 secs] 102975K->77983K(102976K), [Perm : 8813K->8813K(21248K)], 0.0786160 secs] [Times: user=0.07 sys=0.00, real=0.08 secs] 
58.083: Total time for which application threads were stopped: 0.0787050 seconds, Stopping threads took: 0.0000140 seconds
58.109: Application time: 0.0260600 seconds
58.109: [Full GC58.109: [Tenured: 71039K->71039K(71040K), 0.0778760 secs] 102975K->78814K(102976K), [Perm : 8813K->8813K(21248K)], 0.0779200 secs] [Times: user=0.08 sys=0.00, real=0.08 secs] 
58.187: Total time for which application threads were stopped: 0.0780030 seconds, Stopping threads took: 0.0000140 seconds
58.213: Application time: 0.0258120 seconds
58.213: [Full GC58.213: [Tenured: 71039K->71039K(71040K), 0.0955650 secs] 102975K->75918K(102976K), [Perm : 8813K->8813K(21248K)], 0.0956100 secs] [Times: user=0.09 sys=0.00, real=0.10 secs] 
58.309: Total time for which application threads were stopped: 0.0956930 seconds, Stopping threads took: 0.0000140 seconds
58.333: Application time: 0.0242760 seconds
58.333: [Full GC58.333: [Tenured: 71039K->71039K(71040K), 0.0805400 secs] 102975K->78131K(102976K), [Perm : 8813K->8813K(21248K)], 0.0805860 secs] [Times: user=0.08 sys=0.00, real=0.08 secs] 
58.414: Total time for which application threads were stopped: 0.0806760 seconds, Stopping threads took: 0.0000230 seconds
58.435: Application time: 0.0214200 seconds
58.435: [Full GC58.435: [Tenured: 71039K->71039K(71040K), 0.1014920 secs] 102975K->86839K(102976K), [Perm : 8813K->8813K(21248K)], 0.1015370 secs] [Times: user=0.10 sys=0.00, real=0.10 secs] 
58.537: Total time for which application threads were stopped: 0.1016280 seconds, Stopping threads took: 0.0000140 seconds
58.559: Application time: 0.0220050 seconds
58.559: [Full GC58.559: [Tenured: 71039K->65292K(71040K), 0.0828500 secs] 102975K->65292K(102976K), [Perm : 8813K->8813K(21248K)], 0.0828980 secs] [Times: user=0.09 sys=0.00, real=0.09 secs] 
58.642: Total time for which application threads were stopped: 0.0829810 seconds, Stopping threads took: 0.0000130 seconds
58.656: Application time: 0.0142750 seconds
58.656: [GC58.656: [DefNew: 28416K->28416K(31936K), 0.0000100 secs] 93708K->93708K(102976K), 0.0000350 secs] [Times: user=0.00 sys=0.00, real=0.00 secs] 
58.656: [Full GC58.656: [Tenured: 65292K->71039K(71040K), 0.0973000 secs] 93708K->72529K(102976K), [Perm : 8813K->8813K(21248K)], 0.0973290 secs] [Times: user=0.10 sys=0.00, real=0.10 secs] 
58.754: Total time for which application threads were stopped: 0.0975240 seconds, Stopping threads took: 0.0000780 seconds
58.790: Application time: 0.0367850 seconds
58.791: [Full GC58.791: [Tenured: 71039K->71039K(71040K), 0.0838970 secs] 102975K->79267K(102976K), [Perm : 8813K->8813K(21248K)], 0.0839420 secs] [Times: user=0.08 sys=0.00, real=0.08 secs] 
58.874: Total time for which application threads were stopped: 0.0840500 seconds, Stopping threads took: 0.0000130 seconds
58.903: Application time: 0.0283070 seconds
58.903: [Full GC58.903: [Tenured: 71039K->71039K(71040K), 0.0964960 secs] 102975K->79492K(102976K), [Perm : 8813K->8813K(21248K)], 0.0965430 secs] [Times: user=0.09 sys=0.00, real=0.10 secs] 
58.999: Total time for which application threads were stopped: 0.0966230 seconds, Stopping threads took: 0.0000150 seconds
59.028: Application time: 0.0280970 seconds
59.028: [Full GC59.028: [Tenured: 71039K->71039K(71040K), 0.1005420 secs] 102975K->75879K(102976K), [Perm : 8813K->8813K(21248K)], 0.1005880 secs] [Times: user=0.10 sys=0.00, real=0.10 secs] 
59.128: Total time for which application threads were stopped: 0.1006840 seconds, Stopping threads took: 0.0000140 seconds
59.158: Application time: 0.0298800 seconds
59.158: [Full GC59.158: [Tenured: 71039K->71039K(71040K), 0.0994980 secs] 102975K->75301K(102976K), [Perm : 8813K->8813K(21248K)], 0.0995420 secs] [Times: user=0.10 sys=0.00, real=0.10 secs] 
59.258: Total time for which application threads were stopped: 0.0996210 seconds, Stopping threads took: 0.0000120 seconds
59.287: Application time: 0.0290430 seconds
59.287: [Full GC59.287: [Tenured: 71039K->71040K(71040K), 0.1045080 secs] 102975K->77438K(102976K), [Perm : 8813K->8813K(21248K)], 0.1045550 secs] [Times: user=0.10 sys=0.00, real=0.11 secs] 
59.391: Total time for which application threads were stopped: 0.1046540 seconds, Stopping threads took: 0.0000220 seconds
59.422: Application time: 0.0309540 seconds
59.422: [Full GC59.422: [Tenured: 71040K->71039K(71040K), 0.0837700 secs] 102975K->76151K(102976K), [Perm : 8813K->8813K(21248K)], 0.0838160 secs] [Times: user=0.08 sys=0.00, real=0.08 secs] 
59.506: Total time for which application threads were stopped: 0.0838960 seconds, Stopping threads took: 0.0000130 seconds
59.539: Application time: 0.0324420 seconds
59.539: [Full GC59.539: [Tenured: 71039K->71039K(71040K), 0.0822320 secs] 102975K->77530K(102976K), [Perm : 8813K->8813K(21248K)], 0.0822780 secs] [Times: user=0.08 sys=0.00, real=0.09 secs] 
59.621: Total time for which application threads were stopped: 0.0823720 seconds, Stopping threads took: 0.0000140 seconds
59.652: Application time: 0.0309310 seconds
59.652: [Full GC59.652: [Tenured: 71039K->71039K(71040K), 0.0947430 secs] 102975K->75931K(102976K), [Perm : 8813K->8813K(21248K)], 0.0947930 secs] [Times: user=0.09 sys=0.00, real=0.09 secs] 
59.747: Total time for which application threads were stopped: 0.0948880 seconds, Stopping threads took: 0.0000230 seconds
59.778: Application time: 0.0310950 seconds
59.778: [Full GC59.778: [Tenured: 71040K->71040K(71040K), 0.0803770 secs] 102975K->76081K(102976K), [Perm : 8813K->8813K(21248K)], 0.0804220 secs] [Times: user=0.08 sys=0.00, real=0.08 secs] 
59.858: Total time for which application threads were stopped: 0.0805000 seconds, Stopping threads took: 0.0000130 seconds
59.888: Application time: 0.0297340 seconds
59.888: [Full GC59.888: [Tenured: 71040K->71040K(71040K), 0.0801270 secs] 102975K->75963K(102976K), [Perm : 8813K->8813K(21248K)], 0.0801740 secs] [Times: user=0.08 sys=0.00, real=0.08 secs] 
59.968: Total time for which application threads were stopped: 0.0802580 seconds, Stopping threads took: 0.0000130 seconds
59.994: Application time: 0.0258820 seconds
59.994: [Full GC59.994: [Tenured: 71040K->71040K(71040K), 0.0795650 secs] 102975K->76145K(102976K), [Perm : 8813K->8813K(21248K)], 0.0796090 secs] [Times: user=0.08 sys=0.00, real=0.08 secs] 
60.074: Total time for which application threads were stopped: 0.0796880 seconds, Stopping threads took: 0.0000140 seconds
60.098: Application time: 0.0240140 seconds
60.098: [Full GC60.098: [Tenured: 71040K->71039K(71040K), 0.0959320 secs] 102975K->76065K(102976K), [Perm : 8813K->8813K(21248K)], 0.0959810 secs] [Times: user=0.10 sys=0.00, real=0.10 secs] 
60.194: Total time for which application threads were stopped: 0.0960800 seconds, Stopping threads took: 0.0000140 seconds
60.218: Application time: 0.0234620 seconds
60.218: [Full GC60.218: [Tenured: 71039K->71039K(71040K), 0.0782060 secs] 102975K->76038K(102976K), [Perm : 8813K->8813K(21248K)], 0.0782520 secs] [Times: user=0.08 sys=0.00, real=0.08 secs] 
60.296: Total time for which application threads were stopped: 0.0783460 seconds, Stopping threads took: 0.0000240 seconds
60.320: Application time: 0.0244300 seconds
60.320: [Full GC60.320: [Tenured: 71039K->71039K(71040K), 0.0799240 secs] 102975K->76113K(102976K), [Perm : 8813K->8813K(21248K)], 0.0799650 secs] [Times: user=0.08 sys=0.00, real=0.08 secs] 
60.400: Total time for which application threads were stopped: 0.0800440 seconds, Stopping threads took: 0.0000130 seconds
60.425: Application time: 0.0248690 seconds
60.425: [Full GC60.425: [Tenured: 71039K->71039K(71040K), 0.0788910 secs] 102975K->76063K(102976K), [Perm : 8813K->8813K(21248K)], 0.0789330 secs] [Times: user=0.08 sys=0.00, real=0.08 secs] 
60.504: Total time for which application threads were stopped: 0.0790130 seconds, Stopping threads took: 0.0000130 seconds
60.529: Application time: 0.0249270 seconds
60.529: [Full GC60.529: [Tenured: 71039K->71039K(71040K), 0.0784110 secs] 102975K->76039K(102976K), [Perm : 8813K->8813K(21248K)], 0.0784520 secs] [Times: user=0.08 sys=0.00, real=0.08 secs] 
60.608: Total time for which application threads were stopped: 0.0785300 seconds, Stopping threads took: 0.0000140 seconds
60.634: Application time: 0.0261160 seconds
60.634: [Full GC60.634: [Tenured: 71039K->71039K(71040K), 0.0791770 secs] 102975K->76106K(102976K), [Perm : 8813K->8813K(21248K)], 0.0792310 secs] [Times: user=0.08 sys=0.00, real=0.08 secs] 
60.713: Total time for which application threads were stopped: 0.0793200 seconds, Stopping threads took: 0.0000140 seconds
60.740: Application time: 0.0271080 seconds
60.740: [Full GC60.740: [Tenured: 71040K->71040K(71040K), 0.0789340 secs] 102975K->76231K(102976K), [Perm : 8813K->8813K(21248K)], 0.0789770 secs] [Times: user=0.08 sys=0.00, real=0.08 secs] 
60.819: Total time for which application threads were stopped: 0.0790550 seconds, Stopping threads took: 0.0000130 seconds
60.845: Application time: 0.0257490 seconds
60.845: [Full GC60.845: [Tenured: 71040K->71040K(71040K), 0.0787590 secs] 102975K->76205K(102976K), [Perm : 8813K->8813K(21248K)], 0.0788010 secs] [Times: user=0.07 sys=0.00, real=0.08 secs] 
60.924: Total time for which application threads were stopped: 0.0788740 seconds, Stopping threads took: 0.0000120 seconds
60.948: Application time: 0.0242520 seconds
60.948: [Full GC60.948: [Tenured: 71040K->71040K(71040K), 0.0959430 secs] 102975K->75929K(102976K), [Perm : 8813K->8813K(21248K)], 0.0959940 secs] [Times: user=0.09 sys=0.00, real=0.09 secs] 
61.044: Total time for which application threads were stopped: 0.0960790 seconds, Stopping threads took: 0.0000150 seconds
61.071: Application time: 0.0267040 seconds
61.071: [Full GC61.071: [Tenured: 71040K->71040K(71040K), 0.0790020 secs] 102975K->75947K(102976K), [Perm : 8813K->8813K(21248K)], 0.0790460 secs] [Times: user=0.08 sys=0.00, real=0.08 secs] 
61.150: Total time for which application threads were stopped: 0.0791260 seconds, Stopping threads took: 0.0000140 seconds
61.177: Application time: 0.0265330 seconds
61.177: [Full GC61.177: [Tenured: 71040K->71040K(71040K), 0.0817200 secs] 102975K->78556K(102976K), [Perm : 8813K->8813K(21248K)], 0.0817630 secs] [Times: user=0.08 sys=0.00, real=0.08 secs] 
61.259: Total time for which application threads were stopped: 0.0818560 seconds, Stopping threads took: 0.0000120 seconds
61.284: Application time: 0.0257710 seconds
61.284: [Full GC61.284: [Tenured: 71040K->71039K(71040K), 0.0941300 secs] 102976K->77242K(102976K), [Perm : 8813K->8813K(21248K)], 0.0941780 secs] [Times: user=0.10 sys=0.00, real=0.09 secs] 
61.379: Total time for which application threads were stopped: 0.0942620 seconds, Stopping threads took: 0.0000150 seconds
61.405: Application time: 0.0266170 seconds
61.405: [Full GC61.405: [Tenured: 71040K->71040K(71040K), 0.0963640 secs] 102976K->74967K(102976K), [Perm : 8813K->8813K(21248K)], 0.0964100 secs] [Times: user=0.09 sys=0.00, real=0.10 secs] 
61.502: Total time for which application threads were stopped: 0.0964930 seconds, Stopping threads took: 0.0000130 seconds
61.529: Application time: 0.0271060 seconds
61.529: [Full GC61.529: [Tenured: 71040K->71040K(71040K), 0.0796590 secs] 102975K->75693K(102976K), [Perm : 8813K->8813K(21248K)], 0.0797050 secs] [Times: user=0.08 sys=0.00, real=0.08 secs] 
61.609: Total time for which application threads were stopped: 0.0797880 seconds, Stopping threads took: 0.0000140 seconds
61.636: Application time: 0.0270080 seconds
61.636: [Full GC61.636: [Tenured: 71040K->71040K(71040K), 0.0801550 secs] 102976K->75917K(102976K), [Perm : 8813K->8813K(21248K)], 0.0802000 secs] [Times: user=0.08 sys=0.00, real=0.08 secs] 
61.716: Total time for which application threads were stopped: 0.0802820 seconds, Stopping threads took: 0.0000130 seconds
61.740: Application time: 0.0239460 seconds
61.740: [Full GC61.740: [Tenured: 71040K->71040K(71040K), 0.0812530 secs] 102975K->77642K(102976K), [Perm : 8813K->8813K(21248K)], 0.0812980 secs] [Times: user=0.08 sys=0.00, real=0.08 secs] 
61.821: Total time for which application threads were stopped: 0.0813900 seconds, Stopping threads took: 0.0000120 seconds
61.842: Application time: 0.0208830 seconds
61.842: [Full GC61.842: [Tenured: 71040K->71039K(71040K), 0.1074370 secs] 102975K->86630K(102976K), [Perm : 8813K->8813K(21248K)], 0.1074920 secs] [Times: user=0.11 sys=0.00, real=0.11 secs] 
61.950: Total time for which application threads were stopped: 0.1075710 seconds, Stopping threads took: 0.0000120 seconds
61.971: Application time: 0.0217600 seconds
61.972: [Full GC61.972: [Tenured: 71039K->70248K(71040K), 0.0892870 secs] 102975K->70248K(102976K), [Perm : 8813K->8813K(21248K)], 0.0893320 secs] [Times: user=0.09 sys=0.00, real=0.09 secs] 
62.061: Total time for which application threads were stopped: 0.0894110 seconds, Stopping threads took: 0.0000130 seconds
62.075: Application time: 0.0145850 seconds
62.076: [GC62.076: [DefNew: 28416K->28416K(31936K), 0.0000090 secs]62.076: [Tenured: 70248K->71039K(71040K), 0.0991810 secs] 98664K->75244K(102976K), [Perm : 8813K->8813K(21248K)], 0.0992390 secs] [Times: user=0.10 sys=0.00, real=0.10 secs] 
62.175: Total time for which application threads were stopped: 0.0993750 seconds, Stopping threads took: 0.0000680 seconds
62.208: Application time: 0.0331310 seconds
62.208: [Full GC62.208: [Tenured: 71039K->71039K(71040K), 0.1011630 secs] 102975K->79293K(102976K), [Perm : 8813K->8813K(21248K)], 0.1012080 secs] [Times: user=0.10 sys=0.00, real=0.10 secs] 
62.309: Total time for which application threads were stopped: 0.1012900 seconds, Stopping threads took: 0.0000130 seconds
62.340: Application time: 0.0304510 seconds
62.340: [Full GC62.340: [Tenured: 71039K->71039K(71040K), 0.1004780 secs] 102975K->76886K(102976K), [Perm : 8813K->8813K(21248K)], 0.1005250 secs] [Times: user=0.10 sys=0.00, real=0.10 secs] 
62.440: Total time for which application threads were stopped: 0.1006180 seconds, Stopping threads took: 0.0000140 seconds
62.470: Application time: 0.0294920 seconds
62.470: [Full GC62.470: [Tenured: 71040K->71039K(71040K), 0.0955410 secs] 102976K->79592K(102976K), [Perm : 8813K->8813K(21248K)], 0.0955880 secs] [Times: user=0.09 sys=0.00, real=0.09 secs] 
62.566: Total time for which application threads were stopped: 0.0956690 seconds, Stopping threads took: 0.0000130 seconds
62.592: Application time: 0.0269070 seconds
62.592: [Full GC62.592: [Tenured: 71039K->71039K(71040K), 0.0835330 secs] 102975K->81360K(102976K), [Perm : 8813K->8813K(21248K)], 0.0835790 secs] [Times: user=0.09 sys=0.00, real=0.08 secs] 
62.676: Total time for which application threads were stopped: 0.0836610 seconds, Stopping threads took: 0.0000130 seconds
62.701: Application time: 0.0249370 seconds
62.701: [Full GC62.701: [Tenured: 71039K->71039K(71040K), 0.1032040 secs] 102975K->76807K(102976K), [Perm : 8814K->8814K(21248K)], 0.1032470 secs] [Times: user=0.11 sys=0.00, real=0.10 secs] 
62.804: Total time for which application threads were stopped: 0.1033500 seconds, Stopping threads took: 0.0000310 seconds
62.833: Application time: 0.0291190 seconds
62.834: [Full GC62.834: [Tenured: 71039K->71039K(71040K), 0.0997220 secs] 102975K->76524K(102976K), [Perm : 8814K->8814K(21248K)], 0.0997680 secs] [Times: user=0.10 sys=0.00, real=0.10 secs] 
62.933: Total time for which application threads were stopped: 0.0998490 seconds, Stopping threads took: 0.0000140 seconds
62.965: Application time: 0.0319320 seconds
62.965: [Full GC62.965: [Tenured: 71039K->71039K(71040K), 0.0862070 secs] 102975K->76898K(102976K), [Perm : 8814K->8814K(21248K)], 0.0862510 secs] [Times: user=0.09 sys=0.00, real=0.09 secs] 
63.052: Total time for which application threads were stopped: 0.0863400 seconds, Stopping threads took: 0.0000130 seconds
63.082: Application time: 0.0304930 seconds
63.082: [Full GC63.082: [Tenured: 71040K->71040K(71040K), 0.0818290 secs] 102976K->76914K(102976K), [Perm : 8814K->8814K(21248K)], 0.0818720 secs] [Times: user=0.08 sys=0.00, real=0.08 secs] 
63.164: Total time for which application threads were stopped: 0.0819490 seconds, Stopping threads took: 0.0000130 seconds
63.195: Application time: 0.0305120 seconds
63.195: [Full GC63.195: [Tenured: 71040K->71040K(71040K), 0.0813810 secs] 102976K->76808K(102976K), [Perm : 8814K->8814K(21248K)], 0.0814260 secs] [Times: user=0.08 sys=0.00, real=0.08 secs] 
63.276: Total time for which application threads were stopped: 0.0815140 seconds, Stopping threads took: 0.0000140 seconds
63.307: Application time: 0.0305560 seconds
63.307: [Full GC63.307: [Tenured: 71040K->71039K(71040K), 0.0966020 secs] 102975K->75801K(102976K), [Perm : 8814K->8814K(21248K)], 0.0966490 secs] [Times: user=0.10 sys=0.00, real=0.10 secs] 
63.403: Total time for which application threads were stopped: 0.0967320 seconds, Stopping threads took: 0.0000150 seconds
63.430: Application time: 0.0262140 seconds
63.430: [Full GC63.430: [Tenured: 71040K->71040K(71040K), 0.0813770 secs] 102975K->75976K(102976K), [Perm : 8814K->8814K(21248K)], 0.0814190 secs] [Times: user=0.08 sys=0.00, real=0.08 secs] 
63.511: Total time for which application threads were stopped: 0.0814980 seconds, Stopping threads took: 0.0000140 seconds
63.535: Application time: 0.0235170 seconds
63.535: [Full GC63.535: [Tenured: 71040K->71040K(71040K), 0.0800490 secs] 102975K->76049K(102976K), [Perm : 8814K->8814K(21248K)], 0.0800930 secs] [Times: user=0.08 sys=0.00, real=0.08 secs] 
63.615: Total time for which application threads were stopped: 0.0801850 seconds, Stopping threads took: 0.0000150 seconds
63.639: Application time: 0.0246830 seconds
63.640: [Full GC63.640: [Tenured: 71040K->71040K(71040K), 0.0792020 secs] 102975K->76055K(102976K), [Perm : 8814K->8814K(21248K)], 0.0792460 secs] [Times: user=0.08 sys=0.00, real=0.07 secs] 
63.719: Total time for which application threads were stopped: 0.0793260 seconds, Stopping threads took: 0.0000140 seconds
63.743: Application time: 0.0246740 seconds
63.744: [Full GC63.744: [Tenured: 71040K->71039K(71040K), 0.0954080 secs] 102975K->75919K(102976K), [Perm : 8814K->8814K(21248K)], 0.0954560 secs] [Times: user=0.09 sys=0.00, real=0.10 secs] 
63.839: Total time for which application threads were stopped: 0.0955510 seconds, Stopping threads took: 0.0000150 seconds
63.864: Application time: 0.0249050 seconds
63.864: [Full GC63.864: [Tenured: 71039K->71039K(71040K), 0.0801780 secs] 102975K->75906K(102976K), [Perm : 8814K->8814K(21248K)], 0.0802200 secs] [Times: user=0.08 sys=0.00, real=0.08 secs] 
63.944: Total time for which application threads were stopped: 0.0802990 seconds, Stopping threads took: 0.0000140 seconds
63.969: Application time: 0.0247770 seconds
63.969: [Full GC63.969: [Tenured: 71039K->71039K(71040K), 0.0792280 secs] 102975K->75900K(102976K), [Perm : 8814K->8814K(21248K)], 0.0792720 secs] [Times: user=0.08 sys=0.00, real=0.08 secs] 
64.048: Total time for which application threads were stopped: 0.0793640 seconds, Stopping threads took: 0.0000250 seconds
64.073: Application time: 0.0247200 seconds
64.073: [Full GC64.073: [Tenured: 71039K->71039K(71040K), 0.0801120 secs] 102975K->75930K(102976K), [Perm : 8814K->8814K(21248K)], 0.0801560 secs] [Times: user=0.08 sys=0.00, real=0.08 secs] 
64.153: Total time for which application threads were stopped: 0.0802460 seconds, Stopping threads took: 0.0000150 seconds
64.180: Application time: 0.0268090 seconds
64.180: [Full GC64.180: [Tenured: 71040K->71039K(71040K), 0.0941570 secs] 102976K->75917K(102976K), [Perm : 8814K->8814K(21248K)], 0.0942040 secs] [Times: user=0.09 sys=0.00, real=0.09 secs] 
64.274: Total time for which application threads were stopped: 0.0942880 seconds, Stopping threads took: 0.0000140 seconds
64.301: Application time: 0.0269850 seconds
64.302: [Full GC64.302: [Tenured: 71039K->71039K(71040K), 0.0799660 secs] 102975K->75967K(102976K), [Perm : 8814K->8814K(21248K)], 0.0800100 secs] [Times: user=0.08 sys=0.00, real=0.08 secs] 
64.382: Total time for which application threads were stopped: 0.0800910 seconds, Stopping threads took: 0.0000140 seconds
64.408: Application time: 0.0267840 seconds
64.408: [Full GC64.408: [Tenured: 71039K->71039K(71040K), 0.0808930 secs] 102975K->75966K(102976K), [Perm : 8814K->8814K(21248K)], 0.0809370 secs] [Times: user=0.08 sys=0.00, real=0.08 secs] 
64.489: Total time for which application threads were stopped: 0.0810160 seconds, Stopping threads took: 0.0000140 seconds
64.516: Application time: 0.0266900 seconds
64.516: [Full GC64.516: [Tenured: 71039K->71039K(71040K), 0.0808270 secs] 102975K->75950K(102976K), [Perm : 8814K->8814K(21248K)], 0.0808790 secs] [Times: user=0.09 sys=0.00, real=0.08 secs] 
64.597: Total time for which application threads were stopped: 0.0809580 seconds, Stopping threads took: 0.0000140 seconds
64.622: Application time: 0.0252700 seconds
64.622: [Full GC64.622: [Tenured: 71039K->71040K(71040K), 0.1000610 secs] 102975K->77548K(102976K), [Perm : 8814K->8814K(21248K)], 0.1001090 secs] [Times: user=0.10 sys=0.00, real=0.10 secs] 
64.722: Total time for which application threads were stopped: 0.1002070 seconds, Stopping threads took: 0.0000130 seconds
64.749: Application time: 0.0263410 seconds
64.749: [Full GC64.749: [Tenured: 71040K->71039K(71040K), 0.0957980 secs] 102975K->76981K(102976K), [Perm : 8814K->8814K(21248K)], 0.0958420 secs] [Times: user=0.10 sys=0.00, real=0.09 secs] 
64.845: Total time for which application threads were stopped: 0.0959250 seconds, Stopping threads took: 0.0000130 seconds
64.867: Application time: 0.0225200 seconds
64.867: [Full GC64.867: [Tenured: 71040K->71040K(71040K), 0.0812170 secs] 102976K->78094K(102976K), [Perm : 8814K->8814K(21248K)], 0.0812610 secs] [Times: user=0.08 sys=0.00, real=0.08 secs] 
64.949: Total time for which application threads were stopped: 0.0813430 seconds, Stopping threads took: 0.0000140 seconds
64.975: Application time: 0.0261090 seconds
64.975: [Full GC64.975: [Tenured: 71040K->71040K(71040K), 0.0812670 secs] 102976K->78860K(102976K), [Perm : 8814K->8814K(21248K)], 0.0813140 secs] [Times: user=0.08 sys=0.00, real=0.08 secs] 
65.056: Total time for which application threads were stopped: 0.0813970 seconds, Stopping threads took: 0.0000140 seconds
65.082: Application time: 0.0258270 seconds
65.082: [Full GC65.082: [Tenured: 71040K->71040K(71040K), 0.0984270 secs] 102976K->75908K(102976K), [Perm : 8814K->8814K(21248K)], 0.0984830 secs] [Times: user=0.10 sys=0.00, real=0.10 secs] 
65.181: Total time for which application threads were stopped: 0.0985760 seconds, Stopping threads took: 0.0000150 seconds
65.208: Application time: 0.0273900 seconds
65.208: [Full GC65.208: [Tenured: 71040K->71040K(71040K), 0.0806240 secs] 102976K->75919K(102976K), [Perm : 8814K->8814K(21248K)], 0.0806690 secs] [Times: user=0.08 sys=0.00, real=0.08 secs] 
65.289: Total time for which application threads were stopped: 0.0807620 seconds, Stopping threads took: 0.0000140 seconds
65.312: Application time: 0.0232320 seconds
65.312: [Full GC65.312: [Tenured: 71040K->71040K(71040K), 0.0883750 secs] 102976K->84640K(102976K), [Perm : 8814K->8814K(21248K)], 0.0884210 secs] [Times: user=0.09 sys=0.00, real=0.09 secs] 
65.400: Total time for which application threads were stopped: 0.0885030 seconds, Stopping threads took: 0.0000130 seconds
65.422: Application time: 0.0219210 seconds
65.422: [Full GC65.422: [Tenured: 71040K->71039K(71040K), 0.0935610 secs] 102975K->73748K(102976K), [Perm : 8815K->8815K(21248K)], 0.0936040 secs] [Times: user=0.10 sys=0.00, real=0.09 secs] 
65.516: Total time for which application threads were stopped: 0.0936830 seconds, Stopping threads took: 0.0000130 seconds
65.545: Application time: 0.0292890 seconds
65.545: [Full GC65.545: [Tenured: 71039K->68197K(71040K), 0.0937070 secs] 102975K->68197K(102976K), [Perm : 8815K->8815K(21248K)], 0.0937520 secs] [Times: user=0.10 sys=0.00, real=0.10 secs] 
65.639: Total time for which application threads were stopped: 0.0938300 seconds, Stopping threads took: 0.0000130 seconds
65.654: Application time: 0.0151760 seconds
65.654: [GC65.654: [DefNew: 28416K->28416K(31936K), 0.0000090 secs]65.654: [Tenured: 68197K->71040K(71040K), 0.0893140 secs] 96613K->78096K(102976K), [Perm : 8815K->8815K(21248K)], 0.0893700 secs] [Times: user=0.09 sys=0.00, real=0.09 secs] 
65.744: Total time for which application threads were stopped: 0.0895250 seconds, Stopping threads took: 0.0000900 seconds
65.776: Application time: 0.0319100 seconds
65.776: [Full GC65.776: [Tenured: 71040K->71039K(71040K), 0.0899740 secs] 102975K->80829K(102976K), [Perm : 8815K->8815K(21248K)], 0.0900320 secs] [Times: user=0.09 sys=0.00, real=0.09 secs] 
65.866: Total time for which application threads were stopped: 0.0901200 seconds, Stopping threads took: 0.0000140 seconds
65.894: Application time: 0.0277960 seconds
65.894: [Full GC65.894: [Tenured: 71040K->71039K(71040K), 0.1030950 secs] 102975K->76710K(102976K), [Perm : 8815K->8815K(21248K)], 0.1031430 secs] [Times: user=0.10 sys=0.00, real=0.10 secs] 
65.997: Total time for which application threads were stopped: 0.1032250 seconds, Stopping threads took: 0.0000140 seconds
66.028: Application time: 0.0308610 seconds
66.028: [Full GC66.028: [Tenured: 71039K->71039K(71040K), 0.0990110 secs] 102975K->75762K(102976K), [Perm : 8815K->8815K(21248K)], 0.0990580 secs] [Times: user=0.10 sys=0.00, real=0.09 secs] 
66.127: Total time for which application threads were stopped: 0.0991380 seconds, Stopping threads took: 0.0000140 seconds
66.155: Application time: 0.0285520 seconds
66.157: [Full GC66.157: [Tenured: 71039K->71039K(71040K), 0.1018410 secs] 102975K->80042K(102976K), [Perm : 8815K->8815K(21248K)], 0.1018880 secs] [Times: user=0.11 sys=0.00, real=0.10 secs] 
66.258: Total time for which application threads were stopped: 0.1030200 seconds, Stopping threads took: 0.0010600 seconds
66.283: Application time: 0.0247690 seconds
66.283: [Full GC66.283: [Tenured: 71039K->71039K(71040K), 0.1027920 secs] 102975K->77618K(102976K), [Perm : 8815K->8815K(21248K)], 0.1028380 secs] [Times: user=0.10 sys=0.00, real=0.10 secs] 
66.386: Total time for which application threads were stopped: 0.1029330 seconds, Stopping threads took: 0.0000140 seconds
66.418: Application time: 0.0317890 seconds
66.418: [Full GC66.418: [Tenured: 71040K->71039K(71040K), 0.0859710 secs] 102975K->77855K(102976K), [Perm : 8815K->8815K(21248K)], 0.0860150 secs] [Times: user=0.08 sys=0.00, real=0.09 secs] 
66.504: Total time for which application threads were stopped: 0.0860960 seconds, Stopping threads took: 0.0000130 seconds
66.535: Application time: 0.0304990 seconds
66.535: [Full GC66.535: [Tenured: 71039K->71039K(71040K), 0.0965610 secs] 102975K->75803K(102976K), [Perm : 8815K->8815K(21248K)], 0.0966050 secs] [Times: user=0.09 sys=0.00, real=0.10 secs] 
66.631: Total time for which application threads were stopped: 0.0966870 seconds, Stopping threads took: 0.0000130 seconds
66.663: Application time: 0.0315580 seconds
66.663: [Full GC66.663: [Tenured: 71039K->71039K(71040K), 0.0808510 secs] 102975K->75851K(102976K), [Perm : 8815K->8815K(21248K)], 0.0808930 secs] [Times: user=0.09 sys=0.00, real=0.08 secs] 
66.744: Total time for which application threads were stopped: 0.0809730 seconds, Stopping threads took: 0.0000150 seconds
66.774: Application time: 0.0303920 seconds
66.774: [Full GC66.774: [Tenured: 71039K->71039K(71040K), 0.0807720 secs] 102975K->75799K(102976K), [Perm : 8815K->8815K(21248K)], 0.0808140 secs] [Times: user=0.08 sys=0.00, real=0.08 secs] 
66.855: Total time for which application threads were stopped: 0.0808930 seconds, Stopping threads took: 0.0000140 seconds
66.885: Application time: 0.0299820 seconds
66.885: [Full GC66.885: [Tenured: 71039K->71039K(71040K), 0.0804280 secs] 102975K->75952K(102976K), [Perm : 8815K->8815K(21248K)], 0.0804730 secs] [Times: user=0.09 sys=0.00, real=0.08 secs] 
66.966: Total time for which application threads were stopped: 0.0805670 seconds, Stopping threads took: 0.0000140 seconds
66.988: Application time: 0.0224460 seconds
66.988: [Full GC66.988: [Tenured: 71039K->71040K(71040K), 0.0950840 secs] 102975K->75923K(102976K), [Perm : 8815K->8815K(21248K)], 0.0951290 secs] [Times: user=0.09 sys=0.00, real=0.09 secs] 
67.083: Total time for which application threads were stopped: 0.0952120 seconds, Stopping threads took: 0.0000130 seconds
67.107: Application time: 0.0239190 seconds
67.107: [Full GC67.107: [Tenured: 71040K->71040K(71040K), 0.0789180 secs] 102975K->75903K(102976K), [Perm : 8815K->8815K(21248K)], 0.0789610 secs] [Times: user=0.08 sys=0.00, real=0.07 secs] 
67.186: Total time for which application threads were stopped: 0.0790490 seconds, Stopping threads took: 0.0000140 seconds
67.211: Application time: 0.0246690 seconds
67.211: [Full GC67.211: [Tenured: 71040K->71040K(71040K), 0.0786670 secs] 102975K->75926K(102976K), [Perm : 8815K->8815K(21248K)], 0.0787130 secs] [Times: user=0.07 sys=0.00, real=0.08 secs] 
67.290: Total time for which application threads were stopped: 0.0787930 seconds, Stopping threads took: 0.0000140 seconds
67.314: Application time: 0.0246890 seconds
67.314: [Full GC67.315: [Tenured: 71040K->71040K(71040K), 0.0787760 secs] 102975K->75942K(102976K), [Perm : 8815K->8815K(21248K)], 0.0788210 secs] [Times: user=0.08 sys=0.00, real=0.08 secs] 
67.393: Total time for which application threads were stopped: 0.0789000 seconds, Stopping threads took: 0.0000130 seconds
67.418: Application time: 0.0245980 seconds
67.418: [Full GC67.418: [Tenured: 71040K->71040K(71040K), 0.0789840 secs] 102975K->75921K(102976K), [Perm : 8815K->8815K(21248K)], 0.0790270 secs] [Times: user=0.08 sys=0.00, real=0.08 secs] 
67.497: Total time for which application threads were stopped: 0.0791210 seconds, Stopping threads took: 0.0000150 seconds
67.519: Application time: 0.0219050 seconds
67.519: [Full GC67.519: [Tenured: 71040K->71040K(71040K), 0.0788080 secs] 102975K->75928K(102976K), [Perm : 8815K->8815K(21248K)], 0.0788520 secs] [Times: user=0.08 sys=0.00, real=0.07 secs] 
67.598: Total time for which application threads were stopped: 0.0789360 seconds, Stopping threads took: 0.0000150 seconds
67.623: Application time: 0.0250940 seconds
67.623: [Full GC67.623: [Tenured: 71040K->71040K(71040K), 0.0789870 secs] 102975K->76012K(102976K), [Perm : 8815K->8815K(21248K)], 0.0790310 secs] [Times: user=0.08 sys=0.00, real=0.08 secs] 
67.702: Total time for which application threads were stopped: 0.0791140 seconds, Stopping threads took: 0.0000180 seconds
67.729: Application time: 0.0270340 seconds
67.729: [Full GC67.729: [Tenured: 71040K->71040K(71040K), 0.0793650 secs] 102976K->76078K(102976K), [Perm : 8815K->8815K(21248K)], 0.0794070 secs] [Times: user=0.08 sys=0.00, real=0.08 secs] 
67.809: Total time for which application threads were stopped: 0.0794840 seconds, Stopping threads took: 0.0000130 seconds
67.835: Application time: 0.0266360 seconds
67.835: [Full GC67.835: [Tenured: 71040K->71039K(71040K), 0.0934200 secs] 102976K->75905K(102976K), [Perm : 8815K->8815K(21248K)], 0.0934690 secs] [Times: user=0.09 sys=0.00, real=0.10 secs] 
67.929: Total time for which application threads were stopped: 0.0935540 seconds, Stopping threads took: 0.0000140 seconds
67.950: Application time: 0.0207890 seconds
67.950: [Full GC67.950: [Tenured: 71039K->71039K(71040K), 0.0807430 secs] 102975K->77214K(102976K), [Perm : 8815K->8815K(21248K)], 0.0807880 secs] [Times: user=0.08 sys=0.00, real=0.08 secs] 
68.030: Total time for which application threads were stopped: 0.0808780 seconds, Stopping threads took: 0.0000130 seconds
68.057: Application time: 0.0262970 seconds
68.057: [Full GC68.057: [Tenured: 71039K->71039K(71040K), 0.0941650 secs] 102975K->76920K(102976K), [Perm : 8815K->8815K(21248K)], 0.0942130 secs] [Times: user=0.09 sys=0.00, real=0.10 secs] 
68.151: Total time for which application threads were stopped: 0.0942960 seconds, Stopping threads took: 0.0000140 seconds
68.178: Application time: 0.0271250 seconds
68.178: [Full GC68.178: [Tenured: 71039K->71039K(71040K), 0.0792190 secs] 102975K->77922K(102976K), [Perm : 8815K->8815K(21248K)], 0.0792640 secs] [Times: user=0.08 sys=0.00, real=0.08 secs] 
68.258: Total time for which application threads were stopped: 0.0793440 seconds, Stopping threads took: 0.0000140 seconds
68.282: Application time: 0.0245770 seconds
68.282: [Full GC68.282: [Tenured: 71039K->71039K(71040K), 0.0968830 secs] 102975K->75409K(102976K), [Perm : 8815K->8815K(21248K)], 0.0969260 secs] [Times: user=0.10 sys=0.00, real=0.10 secs] 
68.379: Total time for which application threads were stopped: 0.0970090 seconds, Stopping threads took: 0.0000140 seconds
68.406: Application time: 0.0268490 seconds
68.406: [Full GC68.406: [Tenured: 71039K->71039K(71040K), 0.0809660 secs] 102975K->75925K(102976K), [Perm : 8815K->8815K(21248K)], 0.0810190 secs] [Times: user=0.08 sys=0.00, real=0.09 secs] 
68.487: Total time for which application threads were stopped: 0.0811010 seconds, Stopping threads took: 0.0000140 seconds
68.515: Application time: 0.0274520 seconds
68.515: [Full GC68.515: [Tenured: 71039K->71039K(71040K), 0.0792740 secs] 102975K->75911K(102976K), [Perm : 8815K->8815K(21248K)], 0.0793200 secs] [Times: user=0.08 sys=0.00, real=0.08 secs] 
68.594: Total time for which application threads were stopped: 0.0794120 seconds, Stopping threads took: 0.0000140 seconds
68.621: Application time: 0.0270460 seconds
68.621: [Full GC68.621: [Tenured: 71039K->71039K(71040K), 0.0800990 secs] 102975K->75917K(102976K), [Perm : 8815K->8815K(21248K)], 0.0801440 secs] [Times: user=0.08 sys=0.00, real=0.08 secs] 
68.701: Total time for which application threads were stopped: 0.0802250 seconds, Stopping threads took: 0.0000150 seconds
68.724: Application time: 0.0230940 seconds
68.724: [Full GC68.724: [Tenured: 71039K->71039K(71040K), 0.1001540 secs] 102975K->81211K(102976K), [Perm : 8815K->8815K(21248K)], 0.1001980 secs] [Times: user=0.10 sys=0.00, real=0.10 secs] 
68.825: Total time for which application threads were stopped: 0.1002800 seconds, Stopping threads took: 0.0000140 seconds
68.846: Application time: 0.0214390 seconds
68.846: [Full GC68.846: [Tenured: 71039K->71039K(71040K), 0.0956340 secs] 102975K->77987K(102976K), [Perm : 8816K->8816K(21248K)], 0.0956800 secs] [Times: user=0.10 sys=0.00, real=0.10 secs] 
68.942: Total time for which application threads were stopped: 0.0957610 seconds, Stopping threads took: 0.0000120 seconds
68.968: Application time: 0.0265830 seconds
68.968: [Full GC68.968: [Tenured: 71040K->68808K(71040K), 0.0880130 secs] 102976K->68808K(102976K), [Perm : 8816K->8816K(21248K)], 0.0880570 secs] [Times: user=0.09 sys=0.00, real=0.08 secs] 
69.057: Total time for which application threads were stopped: 0.0881370 seconds, Stopping threads took: 0.0000140 seconds
69.071: Application time: 0.0148070 seconds
69.071: [GC69.072: [DefNew: 28416K->28416K(31936K), 0.0000100 secs]69.072: [Tenured: 68808K->71039K(71040K), 0.0978660 secs] 97224K->77551K(102976K), [Perm : 8816K->8816K(21248K)], 0.0979240 secs] [Times: user=0.09 sys=0.00, real=0.10 secs] 
69.169: Total time for which application threads were stopped: 0.0980990 seconds, Stopping threads took: 0.0000940 seconds
69.203: Application time: 0.0337260 seconds
69.203: [Full GC69.203: [Tenured: 71040K->71039K(71040K), 0.1002340 secs] 102975K->75712K(102976K), [Perm : 8816K->8816K(21248K)], 0.1002770 secs] [Times: user=0.10 sys=0.00, real=0.10 secs] 
69.304: Total time for which application threads were stopped: 0.1003570 seconds, Stopping threads took: 0.0000140 seconds
69.335: Application time: 0.0315950 seconds
69.335: [Full GC69.335: [Tenured: 71039K->71039K(71040K), 0.0997180 secs] 102975K->76739K(102976K), [Perm : 8816K->8816K(21248K)], 0.0997660 secs] [Times: user=0.10 sys=0.00, real=0.10 secs] 
69.435: Total time for which application threads were stopped: 0.0998490 seconds, Stopping threads took: 0.0000130 seconds
69.465: Application time: 0.0299940 seconds
69.465: [Full GC69.465: [Tenured: 71039K->71039K(71040K), 0.0835690 secs] 102975K->78209K(102976K), [Perm : 8816K->8816K(21248K)], 0.0836150 secs] [Times: user=0.08 sys=0.00, real=0.09 secs] 
69.549: Total time for which application threads were stopped: 0.0836970 seconds, Stopping threads took: 0.0000130 seconds
69.576: Application time: 0.0273750 seconds
69.576: [Full GC69.576: [Tenured: 71039K->71039K(71040K), 0.1009080 secs] 102975K->80440K(102976K), [Perm : 8816K->8816K(21248K)], 0.1009560 secs] [Times: user=0.10 sys=0.00, real=0.10 secs] 
69.677: Total time for which application threads were stopped: 0.1010510 seconds, Stopping threads took: 0.0000130 seconds
69.702: Application time: 0.0253360 seconds
69.702: [Full GC69.703: [Tenured: 71039K->71040K(71040K), 0.1061500 secs] 102975K->79581K(102976K), [Perm : 8816K->8816K(21248K)], 0.1061980 secs] [Times: user=0.10 sys=0.00, real=0.11 secs] 
69.809: Total time for which application threads were stopped: 0.1062800 seconds, Stopping threads took: 0.0000140 seconds
69.835: Application time: 0.0265460 seconds
69.835: [Full GC69.835: [Tenured: 71040K->71040K(71040K), 0.0869340 secs] 102975K->79876K(102976K), [Perm : 8816K->8816K(21248K)], 0.0869770 secs] [Times: user=0.08 sys=0.00, real=0.09 secs] 
69.922: Total time for which application threads were stopped: 0.0870570 seconds, Stopping threads took: 0.0000120 seconds
69.953: Application time: 0.0309670 seconds
69.953: [Full GC69.953: [Tenured: 71040K->71039K(71040K), 0.0855840 secs] 102975K->79290K(102976K), [Perm : 8816K->8816K(21248K)], 0.0856310 secs] [Times: user=0.08 sys=0.00, real=0.08 secs] 
70.039: Total time for which application threads were stopped: 0.0857250 seconds, Stopping threads took: 0.0000140 seconds
70.068: Application time: 0.0293410 seconds
70.068: [Full GC70.068: [Tenured: 71040K->71040K(71040K), 0.0826670 secs] 102975K->79257K(102976K), [Perm : 8816K->8816K(21248K)], 0.0827110 secs] [Times: user=0.08 sys=0.00, real=0.08 secs] 
70.151: Total time for which application threads were stopped: 0.0827890 seconds, Stopping threads took: 0.0000150 seconds
70.179: Application time: 0.0281200 seconds
70.179: [Full GC70.179: [Tenured: 71040K->71039K(71040K), 0.0972380 secs] 102975K->75975K(102976K), [Perm : 8816K->8816K(21248K)], 0.0972900 secs] [Times: user=0.09 sys=0.00, real=0.09 secs] 
70.277: Total time for which application threads were stopped: 0.0973930 seconds, Stopping threads took: 0.0000230 seconds
70.307: Application time: 0.0304030 seconds
70.307: [Full GC70.307: [Tenured: 71039K->71039K(71040K), 0.0814920 secs] 102975K->75902K(102976K), [Perm : 8816K->8816K(21248K)], 0.0815330 secs] [Times: user=0.09 sys=0.00, real=0.08 secs] 
70.389: Total time for which application threads were stopped: 0.0817190 seconds, Stopping threads took: 0.0001200 seconds
70.416: Application time: 0.0269420 seconds
70.416: [Full GC70.416: [Tenured: 71039K->71039K(71040K), 0.0807060 secs] 102975K->75966K(102976K), [Perm : 8816K->8816K(21248K)], 0.0807480 secs] [Times: user=0.08 sys=0.00, real=0.08 secs] 
70.497: Total time for which application threads were stopped: 0.0808260 seconds, Stopping threads took: 0.0000140 seconds
70.521: Application time: 0.0242820 seconds
70.521: [Full GC70.521: [Tenured: 71039K->71039K(71040K), 0.0798450 secs] 102975K->76068K(102976K), [Perm : 8816K->8816K(21248K)], 0.0798880 secs] [Times: user=0.08 sys=0.00, real=0.08 secs] 
70.601: Total time for which application threads were stopped: 0.0799690 seconds, Stopping threads took: 0.0000150 seconds
70.626: Application time: 0.0247080 seconds
70.626: [Full GC70.626: [Tenured: 71039K->71039K(71040K), 0.0948890 secs] 102975K->75924K(102976K), [Perm : 8816K->8816K(21248K)], 0.0949340 secs] [Times: user=0.10 sys=0.00, real=0.10 secs] 
70.721: Total time for which application threads were stopped: 0.0950210 seconds, Stopping threads took: 0.0000150 seconds
70.745: Application time: 0.0248050 seconds
70.745: [Full GC70.745: [Tenured: 71039K->71039K(71040K), 0.0796970 secs] 102975K->75907K(102976K), [Perm : 8816K->8816K(21248K)], 0.0797400 secs] [Times: user=0.08 sys=0.00, real=0.08 secs] 
70.825: Total time for which application threads were stopped: 0.0798340 seconds, Stopping threads took: 0.0000140 seconds
70.850: Application time: 0.0246020 seconds
70.850: [Full GC70.850: [Tenured: 71039K->71039K(71040K), 0.0793720 secs] 102975K->75936K(102976K), [Perm : 8816K->8816K(21248K)], 0.0794170 secs] [Times: user=0.08 sys=0.00, real=0.08 secs] 
70.929: Total time for which application threads were stopped: 0.0794970 seconds, Stopping threads took: 0.0000150 seconds
70.954: Application time: 0.0246020 seconds
70.954: [Full GC70.954: [Tenured: 71039K->71039K(71040K), 0.0787740 secs] 102975K->75939K(102976K), [Perm : 8816K->8816K(21248K)], 0.0788200 secs] [Times: user=0.08 sys=0.00, real=0.08 secs] 
71.033: Total time for which application threads were stopped: 0.0789100 seconds, Stopping threads took: 0.0000150 seconds
71.058: Application time: 0.0250040 seconds
71.058: [Full GC71.058: [Tenured: 71039K->71039K(71040K), 0.0929420 secs] 102975K->75950K(102976K), [Perm : 8816K->8816K(21248K)], 0.0929920 secs] [Times: user=0.09 sys=0.00, real=0.10 secs] 
71.151: Total time for which application threads were stopped: 0.0930770 seconds, Stopping threads took: 0.0000140 seconds
71.177: Application time: 0.0260330 seconds
71.177: [Full GC71.177: [Tenured: 71039K->71039K(71040K), 0.0792120 secs] 102975K->76019K(102976K), [Perm : 8816K->8816K(21248K)], 0.0792540 secs] [Times: user=0.08 sys=0.00, real=0.08 secs] 
71.256: Total time for which application threads were stopped: 0.0793300 seconds, Stopping threads took: 0.0000130 seconds
71.281: Application time: 0.0244940 seconds
71.281: [Full GC71.281: [Tenured: 71039K->71039K(71040K), 0.0799880 secs] 102975K->76066K(102976K), [Perm : 8816K->8816K(21248K)], 0.0800320 secs] [Times: user=0.08 sys=0.00, real=0.08 secs] 
71.361: Total time for which application threads were stopped: 0.0801220 seconds, Stopping threads took: 0.0000150 seconds
71.387: Application time: 0.0259540 seconds
71.387: [Full GC71.387: [Tenured: 71039K->71039K(71040K), 0.0820980 secs] 102975K->77936K(102976K), [Perm : 8816K->8816K(21248K)], 0.0821420 secs] [Times: user=0.08 sys=0.00, real=0.09 secs] 
71.469: Total time for which application threads were stopped: 0.0822220 seconds, Stopping threads took: 0.0000140 seconds
71.495: Application time: 0.0260300 seconds
71.495: [Full GC71.495: [Tenured: 71039K->71039K(71040K), 0.0977080 secs] 102975K->73716K(102976K), [Perm : 8816K->8816K(21248K)], 0.0977540 secs] [Times: user=0.10 sys=0.00, real=0.10 secs] 
71.593: Total time for which application threads were stopped: 0.0978380 seconds, Stopping threads took: 0.0000140 seconds
71.621: Application time: 0.0275710 seconds
71.621: [Full GC71.621: [Tenured: 71039K->71039K(71040K), 0.0807370 secs] 102975K->74945K(102976K), [Perm : 8816K->8816K(21248K)], 0.0807820 secs] [Times: user=0.08 sys=0.00, real=0.08 secs] 
71.701: Total time for which application threads were stopped: 0.0808630 seconds, Stopping threads took: 0.0000150 seconds
71.727: Application time: 0.0252600 seconds
71.727: [Full GC71.727: [Tenured: 71039K->71039K(71040K), 0.0815050 secs] 102975K->75767K(102976K), [Perm : 8816K->8816K(21248K)], 0.0815520 secs] [Times: user=0.08 sys=0.00, real=0.09 secs] 
71.808: Total time for which application threads were stopped: 0.0816350 seconds, Stopping threads took: 0.0000140 seconds
71.835: Application time: 0.0270230 seconds
71.835: [Full GC71.835: [Tenured: 71039K->71039K(71040K), 0.0809770 secs] 102975K->76061K(102976K), [Perm : 8816K->8816K(21248K)], 0.0810230 secs] [Times: user=0.09 sys=0.00, real=0.08 secs] 
71.916: Total time for which application threads were stopped: 0.0811190 seconds, Stopping threads took: 0.0000150 seconds
71.942: Application time: 0.0260300 seconds
71.942: [Full GC71.943: [Tenured: 71039K->71039K(71040K), 0.0953610 secs] 102975K->75913K(102976K), [Perm : 8816K->8816K(21248K)], 0.0954060 secs] [Times: user=0.10 sys=0.00, real=0.09 secs] 
72.038: Total time for which application threads were stopped: 0.0954890 seconds, Stopping threads took: 0.0000140 seconds
72.064: Application time: 0.0265440 seconds
72.065: [Full GC72.065: [Tenured: 71039K->71039K(71040K), 0.0807640 secs] 102975K->76359K(102976K), [Perm : 8816K->8816K(21248K)], 0.0808090 secs] [Times: user=0.08 sys=0.00, real=0.08 secs] 
72.145: Total time for which application threads were stopped: 0.0808890 seconds, Stopping threads took: 0.0000140 seconds
72.169: Application time: 0.0233830 seconds
72.169: [Full GC72.169: [Tenured: 71039K->71039K(71040K), 0.0823470 secs] 102975K->79008K(102976K), [Perm : 8816K->8816K(21248K)], 0.0823880 secs] [Times: user=0.08 sys=0.00, real=0.08 secs] 
72.251: Total time for which application threads were stopped: 0.0824620 seconds, Stopping threads took: 0.0000120 seconds
72.274: Application time: 0.0222920 seconds
72.274: [Full GC72.274: [Tenured: 71039K->71040K(71040K), 0.0978710 secs] 102975K->84751K(102976K), [Perm : 8816K->8816K(21248K)], 0.0979240 secs] [Times: user=0.10 sys=0.00, real=0.10 secs] 
72.372: Total time for which application threads were stopped: 0.0980050 seconds, Stopping threads took: 0.0000130 seconds
72.392: Application time: 0.0202870 seconds
72.392: [Full GC72.392: [Tenured: 71040K->71039K(71040K), 0.0967750 secs] 102975K->75463K(102976K), [Perm : 8816K->8816K(21248K)], 0.0968190 secs] [Times: user=0.09 sys=0.00, real=0.10 secs] 
72.489: Total time for which application threads were stopped: 0.0969100 seconds, Stopping threads took: 0.0000130 seconds
72.517: Application time: 0.0284060 seconds
72.517: [Full GC72.517: [Tenured: 71039K->71039K(71040K), 0.0971550 secs] 102975K->72579K(102976K), [Perm : 8816K->8816K(21248K)], 0.0972000 secs] [Times: user=0.09 sys=0.00, real=0.10 secs] 
72.614: Total time for which application threads were stopped: 0.0972780 seconds, Stopping threads took: 0.0000130 seconds
72.648: Application time: 0.0333460 seconds
72.648: [Full GC72.648: [Tenured: 71039K->71039K(71040K), 0.0951190 secs] 102975K->79065K(102976K), [Perm : 8816K->8816K(21248K)], 0.0951640 secs] [Times: user=0.09 sys=0.00, real=0.09 secs] 
72.743: Total time for which application threads were stopped: 0.0952410 seconds, Stopping threads took: 0.0000130 seconds
72.776: Application time: 0.0327500 seconds
72.776: [Full GC72.776: [Tenured: 71039K->71039K(71040K), 0.0994340 secs] 102975K->80091K(102976K), [Perm : 8817K->8817K(21248K)], 0.0994780 secs] [Times: user=0.10 sys=0.00, real=0.10 secs] 
72.875: Total time for which application threads were stopped: 0.0995560 seconds, Stopping threads took: 0.0000130 seconds
72.903: Application time: 0.0276170 seconds
72.903: [Full GC72.903: [Tenured: 71039K->71039K(71040K), 0.1031220 secs] 102975K->76049K(102976K), [Perm : 8817K->8817K(21248K)], 0.1031710 secs] [Times: user=0.10 sys=0.00, real=0.10 secs] 
73.006: Total time for which application threads were stopped: 0.1032660 seconds, Stopping threads took: 0.0000140 seconds
73.035: Application time: 0.0288840 seconds
73.035: [Full GC73.035: [Tenured: 71039K->71039K(71040K), 0.0856770 secs] 102975K->79721K(102976K), [Perm : 8817K->8817K(21248K)], 0.0857230 secs] [Times: user=0.09 sys=0.00, real=0.09 secs] 
73.121: Total time for which application threads were stopped: 0.0858040 seconds, Stopping threads took: 0.0000140 seconds
73.147: Application time: 0.0262430 seconds
73.147: [Full GC73.147: [Tenured: 71039K->71039K(71040K), 0.1018340 secs] 102975K->80410K(102976K), [Perm : 8817K->8817K(21248K)], 0.1018800 secs] [Times: user=0.11 sys=0.00, real=0.10 secs] 
73.249: Total time for which application threads were stopped: 0.1019600 seconds, Stopping threads took: 0.0000130 seconds
73.275: Application time: 0.0255680 seconds
73.275: [Full GC73.275: [Tenured: 71039K->71040K(71040K), 0.1031960 secs] 102975K->76730K(102976K), [Perm : 8817K->8817K(21248K)], 0.1032430 secs] [Times: user=0.10 sys=0.00, real=0.10 secs] 
73.378: Total time for which application threads were stopped: 0.1033270 seconds, Stopping threads took: 0.0000140 seconds
73.408: Application time: 0.0297120 seconds
73.408: [Full GC73.408: [Tenured: 71040K->71040K(71040K), 0.0988430 secs] 102975K->75066K(102976K), [Perm : 8817K->8817K(21248K)], 0.0988890 secs] [Times: user=0.10 sys=0.00, real=0.09 secs] 
73.507: Total time for which application threads were stopped: 0.0989840 seconds, Stopping threads took: 0.0000140 seconds
73.538: Application time: 0.0316270 seconds
73.538: [Full GC73.538: [Tenured: 71040K->71040K(71040K), 0.0836830 secs] 102975K->76411K(102976K), [Perm : 8817K->8817K(21248K)], 0.0837270 secs] [Times: user=0.08 sys=0.00, real=0.09 secs] 
73.622: Total time for which application threads were stopped: 0.0838100 seconds, Stopping threads took: 0.0000140 seconds
73.653: Application time: 0.0306700 seconds
73.653: [Full GC73.653: [Tenured: 71040K->71040K(71040K), 0.0818790 secs] 102976K->76364K(102976K), [Perm : 8817K->8817K(21248K)], 0.0819230 secs] [Times: user=0.08 sys=0.00, real=0.08 secs] 
73.735: Total time for which application threads were stopped: 0.0820110 seconds, Stopping threads took: 0.0000140 seconds
73.766: Application time: 0.0316200 seconds
73.766: [Full GC73.766: [Tenured: 71040K->71040K(71040K), 0.0824430 secs] 102975K->76662K(102976K), [Perm : 8817K->8817K(21248K)], 0.0824880 secs] [Times: user=0.08 sys=0.00, real=0.09 secs] 
73.849: Total time for which application threads were stopped: 0.0825670 seconds, Stopping threads took: 0.0000140 seconds
73.876: Application time: 0.0266120 seconds
73.876: [Full GC73.876: [Tenured: 71040K->71040K(71040K), 0.0974800 secs] 102975K->75976K(102976K), [Perm : 8817K->8817K(21248K)], 0.0975280 secs] [Times: user=0.09 sys=0.00, real=0.10 secs] 
73.973: Total time for which application threads were stopped: 0.0976110 seconds, Stopping threads took: 0.0000140 seconds
73.999: Application time: 0.0256820 seconds
73.999: [Full GC73.999: [Tenured: 71040K->71040K(71040K), 0.0801770 secs] 102975K->75989K(102976K), [Perm : 8817K->8817K(21248K)], 0.0802210 secs] [Times: user=0.08 sys=0.00, real=0.09 secs] 
74.079: Total time for which application threads were stopped: 0.0803120 seconds, Stopping threads took: 0.0000130 seconds
74.100: Application time: 0.0205230 seconds
74.100: [Full GC74.100: [Tenured: 71040K->71040K(71040K), 0.0809850 secs] 102975K->75970K(102976K), [Perm : 8817K->8817K(21248K)], 0.0810290 secs] [Times: user=0.09 sys=0.00, real=0.08 secs] 
74.181: Total time for which application threads were stopped: 0.0811080 seconds, Stopping threads took: 0.0000140 seconds
74.206: Application time: 0.0247680 seconds
74.206: [Full GC74.206: [Tenured: 71040K->71040K(71040K), 0.0806490 secs] 102975K->75985K(102976K), [Perm : 8817K->8817K(21248K)], 0.0806930 secs] [Times: user=0.08 sys=0.00, real=0.08 secs] 
74.286: Total time for which application threads were stopped: 0.0807740 seconds, Stopping threads took: 0.0000150 seconds
74.311: Application time: 0.0245860 seconds
74.311: [Full GC74.311: [Tenured: 71040K->71039K(71040K), 0.0956330 secs] 102975K->75952K(102976K), [Perm : 8817K->8817K(21248K)], 0.0956830 secs] [Times: user=0.10 sys=0.00, real=0.09 secs] 
74.407: Total time for which application threads were stopped: 0.0957710 seconds, Stopping threads took: 0.0000140 seconds
74.430: Application time: 0.0231520 seconds
74.430: [Full GC74.430: [Tenured: 71039K->71039K(71040K), 0.0807700 secs] 102975K->75911K(102976K), [Perm : 8817K->8817K(21248K)], 0.0808150 secs] [Times: user=0.08 sys=0.00, real=0.08 secs] 
74.511: Total time for which application threads were stopped: 0.0808950 seconds, Stopping threads took: 0.0000140 seconds
74.536: Application time: 0.0249730 seconds
74.536: [Full GC74.536: [Tenured: 71039K->71039K(71040K), 0.0807040 secs] 102975K->75960K(102976K), [Perm : 8817K->8817K(21248K)], 0.0807480 secs] [Times: user=0.08 sys=0.00, real=0.08 secs] 
74.617: Total time for which application threads were stopped: 0.0808400 seconds, Stopping threads took: 0.0000140 seconds
74.640: Application time: 0.0236700 seconds
74.640: [Full GC74.640: [Tenured: 71039K->71039K(71040K), 0.0804370 secs] 102975K->76019K(102976K), [Perm : 8817K->8817K(21248K)], 0.0804810 secs] [Times: user=0.08 sys=0.00, real=0.08 secs] 
74.721: Total time for which application threads were stopped: 0.0805580 seconds, Stopping threads took: 0.0000130 seconds
74.744: Application time: 0.0230050 seconds
74.744: [Full GC74.744: [Tenured: 71039K->71039K(71040K), 0.0985370 secs] 102975K->77468K(102976K), [Perm : 8817K->8817K(21248K)], 0.0985840 secs] [Times: user=0.09 sys=0.00, real=0.10 secs] 
74.843: Total time for which application threads were stopped: 0.0986660 seconds, Stopping threads took: 0.0000130 seconds
74.869: Application time: 0.0262520 seconds
74.869: [Full GC74.869: [Tenured: 71040K->71039K(71040K), 0.0957160 secs] 102976K->77011K(102976K), [Perm : 8817K->8817K(21248K)], 0.0957630 secs] [Times: user=0.09 sys=0.00, real=0.09 secs] 
74.965: Total time for which application threads were stopped: 0.0958460 seconds, Stopping threads took: 0.0000140 seconds
74.991: Application time: 0.0265810 seconds
74.991: [Full GC74.991: [Tenured: 71039K->71039K(71040K), 0.0815130 secs] 102975K->77989K(102976K), [Perm : 8817K->8817K(21248K)], 0.0815700 secs] [Times: user=0.08 sys=0.00, real=0.08 secs] 
75.073: Total time for which application threads were stopped: 0.0816530 seconds, Stopping threads took: 0.0000150 seconds
75.095: Application time: 0.0222710 seconds
75.095: [Full GC75.095: [Tenured: 71039K->71039K(71040K), 0.0811420 secs] 102975K->78787K(102976K), [Perm : 8817K->8817K(21248K)], 0.0811890 secs] [Times: user=0.09 sys=0.00, real=0.08 secs] 
75.176: Total time for which application threads were stopped: 0.0812870 seconds, Stopping threads took: 0.0000150 seconds
75.202: Application time: 0.0259480 seconds
75.202: [Full GC75.202: [Tenured: 71039K->71039K(71040K), 0.0987360 secs] 102975K->75899K(102976K), [Perm : 8817K->8817K(21248K)], 0.0987870 secs] [Times: user=0.09 sys=0.00, real=0.10 secs] 
75.301: Total time for which application threads were stopped: 0.0988690 seconds, Stopping threads took: 0.0000130 seconds
75.329: Application time: 0.0273440 seconds
75.329: [Full GC75.329: [Tenured: 71040K->71040K(71040K), 0.0803520 secs] 102976K->75898K(102976K), [Perm : 8817K->8817K(21248K)], 0.0803950 secs] [Times: user=0.08 sys=0.00, real=0.08 secs] 
75.409: Total time for which application threads were stopped: 0.0804760 seconds, Stopping threads took: 0.0000150 seconds
75.433: Application time: 0.0236110 seconds
75.433: [Full GC75.433: [Tenured: 71040K->71040K(71040K), 0.0801380 secs] 102976K->75923K(102976K), [Perm : 8817K->8817K(21248K)], 0.0801820 secs] [Times: user=0.08 sys=0.00, real=0.08 secs] 
75.513: Total time for which application threads were stopped: 0.0802620 seconds, Stopping threads took: 0.0000150 seconds
75.535: Application time: 0.0216110 seconds
75.535: [Full GC75.535: [Tenured: 71040K->71040K(71040K), 0.0808830 secs] 102975K->77276K(102976K), [Perm : 8817K->8817K(21248K)], 0.0809250 secs] [Times: user=0.08 sys=0.00, real=0.08 secs] 
75.616: Total time for which application threads were stopped: 0.0810040 seconds, Stopping threads took: 0.0000130 seconds
75.641: Application time: 0.0250110 seconds
75.641: [Full GC75.641: [Tenured: 71040K->71040K(71040K), 0.0965530 secs] 102976K->75904K(102976K), [Perm : 8817K->8817K(21248K)], 0.0966000 secs] [Times: user=0.10 sys=0.00, real=0.09 secs] 
75.737: Total time for which application threads were stopped: 0.0966930 seconds, Stopping threads took: 0.0000130 seconds
75.761: Application time: 0.0237910 seconds
75.761: [Full GC75.761: [Tenured: 71040K->71040K(71040K), 0.0882120 secs] 102975K->83657K(102976K), [Perm : 8817K->8817K(21248K)], 0.0882570 secs] [Times: user=0.09 sys=0.00, real=0.09 secs] 
75.849: Total time for which application threads were stopped: 0.0883380 seconds, Stopping threads took: 0.0000130 seconds
75.871: Application time: 0.0214920 seconds
75.871: [Full GC75.871: [Tenured: 71040K->71039K(71040K), 0.1035260 secs] 102975K->83099K(102976K), [Perm : 8817K->8817K(21248K)], 0.1035730 secs] [Times: user=0.11 sys=0.00, real=0.10 secs] 
75.975: Total time for which application threads were stopped: 0.1036550 seconds, Stopping threads took: 0.0000130 seconds
75.995: Application time: 0.0206770 seconds
75.995: [Full GC75.995: [Tenured: 71039K->71039K(71040K), 0.1012060 secs] 102975K->82120K(102976K), [Perm : 8817K->8817K(21248K)], 0.1012500 secs] [Times: user=0.10 sys=0.00, real=0.10 secs] 
76.097: Total time for which application threads were stopped: 0.1013290 seconds, Stopping threads took: 0.0000130 seconds
76.122: Application time: 0.0251170 seconds
76.122: [Full GC76.122: [Tenured: 71039K->69671K(71040K), 0.0964610 secs] 102975K->69671K(102976K), [Perm : 8817K->8817K(21248K)], 0.0965050 secs] [Times: user=0.10 sys=0.00, real=0.09 secs] 
76.218: Total time for which application threads were stopped: 0.0965830 seconds, Stopping threads took: 0.0000130 seconds
76.235: Application time: 0.0166730 seconds
76.235: [GC76.235: [DefNew: 28416K->28416K(31936K), 0.0000100 secs]76.235: [Tenured: 69671K->71039K(71040K), 0.0880940 secs] 98087K->78956K(102976K), [Perm : 8817K->8817K(21248K)], 0.0881620 secs] [Times: user=0.09 sys=0.00, real=0.09 secs] 
76.323: Total time for which application threads were stopped: 0.0883280 seconds, Stopping threads took: 0.0000880 seconds
76.354: Application time: 0.0309970 seconds
76.354: [Full GC76.354: [Tenured: 71039K->71039K(71040K), 0.0908710 secs] 102975K->79817K(102976K), [Perm : 8817K->8817K(21248K)], 0.0909150 secs] [Times: user=0.09 sys=0.00, real=0.09 secs] 
76.445: Total time for which application threads were stopped: 0.0909960 seconds, Stopping threads took: 0.0000130 seconds
76.474: Application time: 0.0287120 seconds
76.474: [Full GC76.474: [Tenured: 71040K->71039K(71040K), 0.0982710 secs] 102976K->79420K(102976K), [Perm : 8817K->8817K(21248K)], 0.0983160 secs] [Times: user=0.10 sys=0.00, real=0.10 secs] 
76.572: Total time for which application threads were stopped: 0.0984010 seconds, Stopping threads took: 0.0000140 seconds
76.600: Application time: 0.0271280 seconds
76.600: [Full GC76.600: [Tenured: 71039K->71040K(71040K), 0.1029380 secs] 102975K->77513K(102976K), [Perm : 8817K->8817K(21248K)], 0.1029870 secs] [Times: user=0.10 sys=0.00, real=0.10 secs] 
76.703: Total time for which application threads were stopped: 0.1030740 seconds, Stopping threads took: 0.0000130 seconds
76.728: Application time: 0.0252140 seconds
76.728: [Full GC76.728: [Tenured: 71040K->71040K(71040K), 0.1031190 secs] 102976K->75885K(102976K), [Perm : 8817K->8817K(21248K)], 0.1031720 secs] [Times: user=0.10 sys=0.00, real=0.10 secs] 
76.831: Total time for which application threads were stopped: 0.1032570 seconds, Stopping threads took: 0.0000140 seconds
76.860: Application time: 0.0287050 seconds
76.860: [Full GC76.860: [Tenured: 71040K->71039K(71040K), 0.1040450 secs] 102975K->76146K(102976K), [Perm : 8817K->8817K(21248K)], 0.1040930 secs] [Times: user=0.11 sys=0.00, real=0.10 secs] 
76.964: Total time for which application threads were stopped: 0.1041880 seconds, Stopping threads took: 0.0000130 seconds
76.992: Application time: 0.0278280 seconds
76.992: [Full GC76.992: [Tenured: 71039K->71039K(71040K), 0.0854910 secs] 102975K->78864K(102976K), [Perm : 8817K->8817K(21248K)], 0.0855360 secs] [Times: user=0.09 sys=0.00, real=0.08 secs] 
77.077: Total time for which application threads were stopped: 0.0856220 seconds, Stopping threads took: 0.0000130 seconds
77.106: Application time: 0.0290260 seconds
77.106: [Full GC77.107: [Tenured: 71040K->71040K(71040K), 0.0995270 secs] 102976K->75898K(102976K), [Perm : 8817K->8817K(21248K)], 0.0995740 secs] [Times: user=0.10 sys=0.00, real=0.10 secs] 
77.206: Total time for which application threads were stopped: 0.0996610 seconds, Stopping threads took: 0.0000140 seconds
77.237: Application time: 0.0309950 seconds
77.237: [Full GC77.237: [Tenured: 71040K->71040K(71040K), 0.0834880 secs] 102975K->75890K(102976K), [Perm : 8817K->8817K(21248K)], 0.0835320 secs] [Times: user=0.08 sys=0.00, real=0.09 secs] 
77.321: Total time for which application threads were stopped: 0.0836250 seconds, Stopping threads took: 0.0000220 seconds
77.351: Application time: 0.0304320 seconds
77.351: [Full GC77.351: [Tenured: 71040K->71040K(71040K), 0.0827550 secs] 102975K->75862K(102976K), [Perm : 8817K->8817K(21248K)], 0.0828010 secs] [Times: user=0.08 sys=0.00, real=0.08 secs] 
77.434: Total time for which application threads were stopped: 0.0828830 seconds, Stopping threads took: 0.0000140 seconds
77.463: Application time: 0.0285000 seconds
77.463: [Full GC77.463: [Tenured: 71040K->71040K(71040K), 0.0829530 secs] 102975K->76043K(102976K), [Perm : 8817K->8817K(21248K)], 0.0829960 secs] [Times: user=0.08 sys=0.00, real=0.08 secs] 
77.546: Total time for which application threads were stopped: 0.0830940 seconds, Stopping threads took: 0.0000140 seconds
77.573: Application time: 0.0271510 seconds
77.573: [Full GC77.573: [Tenured: 71040K->71039K(71040K), 0.0975200 secs] 102975K->75914K(102976K), [Perm : 8817K->8817K(21248K)], 0.0975680 secs] [Times: user=0.10 sys=0.00, real=0.10 secs] 
77.670: Total time for which application threads were stopped: 0.0976650 seconds, Stopping threads took: 0.0000140 seconds
77.695: Application time: 0.0249350 seconds
77.695: [Full GC77.695: [Tenured: 71039K->71039K(71040K), 0.0813500 secs] 102975K->75960K(102976K), [Perm : 8817K->8817K(21248K)], 0.0813920 secs] [Times: user=0.08 sys=0.00, real=0.08 secs] 
77.777: Total time for which application threads were stopped: 0.0814760 seconds, Stopping threads took: 0.0000140 seconds
77.802: Application time: 0.0248030 seconds
77.802: [Full GC77.802: [Tenured: 71039K->71039K(71040K), 0.0815110 secs] 102975K->76007K(102976K), [Perm : 8817K->8817K(21248K)], 0.0815530 secs] [Times: user=0.08 sys=0.00, real=0.08 secs] 
77.883: Total time for which application threads were stopped: 0.0816380 seconds, Stopping threads took: 0.0000150 seconds
77.908: Application time: 0.0247010 seconds
77.908: [Full GC77.908: [Tenured: 71039K->71039K(71040K), 0.0804910 secs] 102975K->75968K(102976K), [Perm : 8817K->8817K(21248K)], 0.0805340 secs] [Times: user=0.08 sys=0.00, real=0.08 secs] 
77.989: Total time for which application threads were stopped: 0.0806170 seconds, Stopping threads took: 0.0000140 seconds
78.013: Application time: 0.0248480 seconds
78.014: [Full GC78.014: [Tenured: 71039K->71039K(71040K), 0.0961590 secs] 102975K->75921K(102976K), [Perm : 8817K->8817K(21248K)], 0.0962080 secs] [Times: user=0.09 sys=0.00, real=0.10 secs] 
78.110: Total time for which application threads were stopped: 0.0963090 seconds, Stopping threads took: 0.0000140 seconds
78.135: Application time: 0.0252770 seconds
78.135: [Full GC78.135: [Tenured: 71039K->71039K(71040K), 0.0807660 secs] 102975K->75951K(102976K), [Perm : 8817K->8817K(21248K)], 0.0808080 secs] [Times: user=0.08 sys=0.00, real=0.08 secs] 
78.216: Total time for which application threads were stopped: 0.0808900 seconds, Stopping threads took: 0.0000140 seconds
78.242: Application time: 0.0255780 seconds
78.242: [Full GC78.242: [Tenured: 71039K->71039K(71040K), 0.0844380 secs] 102975K->79176K(102976K), [Perm : 8817K->8817K(21248K)], 0.0844850 secs] [Times: user=0.08 sys=0.00, real=0.08 secs] 
78.326: Total time for which application threads were stopped: 0.0845690 seconds, Stopping threads took: 0.0000140 seconds
78.350: Application time: 0.0234410 seconds
78.350: [Full GC78.350: [Tenured: 71039K->71040K(71040K), 0.0972750 secs] 102975K->77622K(102976K), [Perm : 8817K->8817K(21248K)], 0.0973210 secs] [Times: user=0.10 sys=0.00, real=0.09 secs] 
78.447: Total time for which application threads were stopped: 0.0974090 seconds, Stopping threads took: 0.0000140 seconds
78.472: Application time: 0.0253930 seconds
78.472: [Full GC78.472: [Tenured: 71040K->71040K(71040K), 0.0988020 secs] 102976K->75125K(102976K), [Perm : 8817K->8817K(21248K)], 0.0988470 secs] [Times: user=0.10 sys=0.00, real=0.10 secs] 
78.571: Total time for which application threads were stopped: 0.0989340 seconds, Stopping threads took: 0.0000140 seconds
78.598: Application time: 0.0270410 seconds
78.598: [Full GC78.598: [Tenured: 71040K->71040K(71040K), 0.0835910 secs] 102975K->75815K(102976K), [Perm : 8817K->8817K(21248K)], 0.0836380 secs] [Times: user=0.09 sys=0.00, real=0.09 secs] 
78.682: Total time for which application threads were stopped: 0.0837390 seconds, Stopping threads took: 0.0000140 seconds
78.709: Application time: 0.0273730 seconds
78.710: [Full GC78.710: [Tenured: 71040K->71040K(71040K), 0.0823000 secs] 102976K->75920K(102976K), [Perm : 8817K->8817K(21248K)], 0.0823440 secs] [Times: user=0.08 sys=0.00, real=0.08 secs] 
78.792: Total time for which application threads were stopped: 0.0824280 seconds, Stopping threads took: 0.0000140 seconds
78.819: Application time: 0.0276020 seconds
78.820: [Full GC78.820: [Tenured: 71040K->71040K(71040K), 0.0815360 secs] 102976K->75918K(102976K), [Perm : 8817K->8817K(21248K)], 0.0815790 secs] [Times: user=0.08 sys=0.00, real=0.08 secs] 
78.901: Total time for which application threads were stopped: 0.0816650 seconds, Stopping threads took: 0.0000150 seconds
78.928: Application time: 0.0269560 seconds
78.928: [Full GC78.928: [Tenured: 71040K->71040K(71040K), 0.0971630 secs] 102976K->75978K(102976K), [Perm : 8817K->8817K(21248K)], 0.0972190 secs] [Times: user=0.09 sys=0.00, real=0.09 secs] 
79.025: Total time for which application threads were stopped: 0.0973080 seconds, Stopping threads took: 0.0000140 seconds
79.051: Application time: 0.0260760 seconds
79.052: [Full GC79.052: [Tenured: 71040K->71040K(71040K), 0.0822490 secs] 102976K->76587K(102976K), [Perm : 8817K->8817K(21248K)], 0.0822940 secs] [Times: user=0.08 sys=0.00, real=0.08 secs] 
79.134: Total time for which application threads were stopped: 0.0823770 seconds, Stopping threads took: 0.0000140 seconds
79.159: Application time: 0.0251230 seconds
79.159: [Full GC79.159: [Tenured: 71040K->71040K(71040K), 0.0812480 secs] 102975K->76810K(102976K), [Perm : 8817K->8817K(21248K)], 0.0812910 secs] [Times: user=0.08 sys=0.00, real=0.08 secs] 
79.240: Total time for which application threads were stopped: 0.0813910 seconds, Stopping threads took: 0.0000180 seconds
79.264: Application time: 0.0239240 seconds
79.264: [Full GC79.264: [Tenured: 71040K->71040K(71040K), 0.0838100 secs] 102976K->78532K(102976K), [Perm : 8817K->8817K(21248K)], 0.0838520 secs] [Times: user=0.09 sys=0.00, real=0.09 secs] 
79.348: Total time for which application threads were stopped: 0.0839360 seconds, Stopping threads took: 0.0000130 seconds
79.371: Application time: 0.0232180 seconds
79.372: [Full GC79.372: [Tenured: 71040K->71039K(71040K), 0.1061750 secs] 102976K->80729K(102976K), [Perm : 8817K->8817K(21248K)], 0.1062220 secs] [Times: user=0.10 sys=0.00, real=0.10 secs] 
79.478: Total time for which application threads were stopped: 0.1063100 seconds, Stopping threads took: 0.0000140 seconds
79.501: Application time: 0.0229900 seconds
79.501: [Full GC79.501: [Tenured: 71039K->71039K(71040K), 0.0947090 secs] 102974K->71877K(102976K), [Perm : 8817K->8817K(21248K)], 0.0947530 secs] [Times: user=0.10 sys=0.00, real=0.09 secs] 
79.596: Total time for which application threads were stopped: 0.0948320 seconds, Stopping threads took: 0.0000130 seconds
79.626: Application time: 0.0299330 seconds
79.626: [Full GC79.626: [Tenured: 71040K->70756K(71040K), 0.0924390 secs] 102975K->70756K(102976K), [Perm : 8817K->8817K(21248K)], 0.0924840 secs] [Times: user=0.09 sys=0.00, real=0.09 secs] 
79.718: Total time for which application threads were stopped: 0.0925720 seconds, Stopping threads took: 0.0000140 seconds
79.735: Application time: 0.0165610 seconds
79.735: [GC79.735: [DefNew: 28416K->28416K(31936K), 0.0000100 secs]79.735: [Tenured: 70756K->71039K(71040K), 0.0967980 secs] 99172K->78300K(102976K), [Perm : 8817K->8817K(21248K)], 0.0968570 secs] [Times: user=0.10 sys=0.00, real=0.10 secs] 
79.832: Total time for which application threads were stopped: 0.0970280 seconds, Stopping threads took: 0.0000860 seconds
79.864: Application time: 0.0320210 seconds
79.864: [Full GC79.864: [Tenured: 71040K->71039K(71040K), 0.1016770 secs] 102975K->75981K(102976K), [Perm : 8817K->8817K(21248K)], 0.1017240 secs] [Times: user=0.11 sys=0.00, real=0.10 secs] 
79.966: Total time for which application threads were stopped: 0.1018120 seconds, Stopping threads took: 0.0000140 seconds
79.997: Application time: 0.0310390 seconds
79.997: [Full GC79.997: [Tenured: 71040K->71040K(71040K), 0.0852400 secs] 102975K->79751K(102976K), [Perm : 8817K->8817K(21248K)], 0.0852870 secs] [Times: user=0.08 sys=0.00, real=0.09 secs] 
80.082: Total time for which application threads were stopped: 0.0853760 seconds, Stopping threads took: 0.0000140 seconds
80.108: Application time: 0.0264950 seconds
80.109: [Full GC80.109: [Tenured: 71040K->71039K(71040K), 0.1018140 secs] 102976K->77946K(102976K), [Perm : 8817K->8817K(21248K)], 0.1018710 secs] [Times: user=0.10 sys=0.00, real=0.10 secs] 
80.210: Total time for which application threads were stopped: 0.1019740 seconds, Stopping threads took: 0.0000140 seconds
80.236: Application time: 0.0258290 seconds
80.236: [Full GC80.236: [Tenured: 71039K->71039K(71040K), 0.1016670 secs] 102975K->76032K(102976K), [Perm : 8817K->8817K(21248K)], 0.1017130 secs] [Times: user=0.10 sys=0.00, real=0.10 secs] 
80.338: Total time for which application threads were stopped: 0.1018140 seconds, Stopping threads took: 0.0000130 seconds
80.366: Application time: 0.0281180 seconds
80.366: [Full GC80.366: [Tenured: 71039K->71039K(71040K), 0.1013610 secs] 102975K->76444K(102976K), [Perm : 8817K->8817K(21248K)], 0.1014090 secs] [Times: user=0.11 sys=0.00, real=0.11 secs] 
80.468: Total time for which application threads were stopped: 0.1014980 seconds, Stopping threads took: 0.0000130 seconds
80.495: Application time: 0.0277500 seconds
80.496: [Full GC80.496: [Tenured: 71039K->71039K(71040K), 0.0836300 secs] 102975K->77301K(102976K), [Perm : 8817K->8817K(21248K)], 0.0836750 secs] [Times: user=0.08 sys=0.00, real=0.09 secs] 
80.579: Total time for which application threads were stopped: 0.0837620 seconds, Stopping threads took: 0.0000130 seconds
80.611: Application time: 0.0316270 seconds
80.611: [Full GC80.611: [Tenured: 71039K->71039K(71040K), 0.0825480 secs] 102975K->78740K(102976K), [Perm : 8817K->8817K(21248K)], 0.0825930 secs] [Times: user=0.08 sys=0.00, real=0.08 secs] 
80.694: Total time for which application threads were stopped: 0.0826830 seconds, Stopping threads took: 0.0000140 seconds
80.724: Application time: 0.0302740 seconds
80.724: [Full GC80.724: [Tenured: 71039K->71039K(71040K), 0.0803020 secs] 102975K->78865K(102976K), [Perm : 8817K->8817K(21248K)], 0.0803470 secs] [Times: user=0.08 sys=0.00, real=0.08 secs] 
80.804: Total time for which application threads were stopped: 0.0804340 seconds, Stopping threads took: 0.0000140 seconds
80.832: Application time: 0.0281400 seconds
80.832: [Full GC80.832: [Tenured: 71039K->71039K(71040K), 0.0966600 secs] 102975K->75800K(102976K), [Perm : 8817K->8817K(21248K)], 0.0967090 secs] [Times: user=0.10 sys=0.00, real=0.10 secs] 
80.929: Total time for which application threads were stopped: 0.0968130 seconds, Stopping threads took: 0.0000140 seconds
80.956: Application time: 0.0269970 seconds
80.956: [Full GC80.956: [Tenured: 71039K->71039K(71040K), 0.0811480 secs] 102975K->75986K(102976K), [Perm : 8817K->8817K(21248K)], 0.0811870 secs] [Times: user=0.08 sys=0.00, real=0.08 secs] 
81.037: Total time for which application threads were stopped: 0.0812720 seconds, Stopping threads took: 0.0000140 seconds
81.064: Application time: 0.0266190 seconds
81.064: [Full GC81.064: [Tenured: 71039K->71039K(71040K), 0.0808520 secs] 102975K->76032K(102976K), [Perm : 8817K->8817K(21248K)], 0.0808960 secs] [Times: user=0.08 sys=0.00, real=0.08 secs] 
81.145: Total time for which application threads were stopped: 0.0809810 seconds, Stopping threads took: 0.0000130 seconds
81.167: Application time: 0.0215200 seconds
81.167: [Full GC81.167: [Tenured: 71039K->71039K(71040K), 0.0797430 secs] 102975K->76014K(102976K), [Perm : 8817K->8817K(21248K)], 0.0797840 secs] [Times: user=0.08 sys=0.00, real=0.08 secs] 
81.246: Total time for which application threads were stopped: 0.0798660 seconds, Stopping threads took: 0.0000120 seconds
81.271: Application time: 0.0247080 seconds
81.271: [Full GC81.271: [Tenured: 71039K->71039K(71040K), 0.0948910 secs] 102975K->75963K(102976K), [Perm : 8817K->8817K(21248K)], 0.0949410 secs] [Times: user=0.09 sys=0.00, real=0.09 secs] 
81.366: Total time for which application threads were stopped: 0.0950350 seconds, Stopping threads took: 0.0000140 seconds
81.390: Application time: 0.0238340 seconds
81.390: [Full GC81.390: [Tenured: 71039K->71039K(71040K), 0.0793680 secs] 102975K->75940K(102976K), [Perm : 8817K->8817K(21248K)], 0.0794100 secs] [Times: user=0.08 sys=0.00, real=0.08 secs] 
81.470: Total time for which application threads were stopped: 0.0795140 seconds, Stopping threads took: 0.0000150 seconds
81.492: Application time: 0.0228890 seconds
81.493: [Full GC81.493: [Tenured: 71040K->71040K(71040K), 0.0786650 secs] 102975K->75930K(102976K), [Perm : 8817K->8817K(21248K)], 0.0787090 secs] [Times: user=0.08 sys=0.00, real=0.08 secs] 
81.571: Total time for which application threads were stopped: 0.0788040 seconds, Stopping threads took: 0.0000140 seconds
81.594: Application time: 0.0224950 seconds
81.594: [Full GC81.594: [Tenured: 71040K->71040K(71040K), 0.0800980 secs] 102976K->76775K(102976K), [Perm : 8817K->8817K(21248K)], 0.0801430 secs] [Times: user=0.09 sys=0.00, real=0.08 secs] 
81.674: Total time for which application threads were stopped: 0.0802300 seconds, Stopping threads took: 0.0000130 seconds
81.699: Application time: 0.0254220 seconds
81.699: [Full GC81.699: [Tenured: 71040K->71039K(71040K), 0.0972430 secs] 102975K->73655K(102976K), [Perm : 8817K->8817K(21248K)], 0.0972900 secs] [Times: user=0.10 sys=0.00, real=0.09 secs] 
81.797: Total time for which application threads were stopped: 0.0973820 seconds, Stopping threads took: 0.0000140 seconds
81.822: Application time: 0.0250310 seconds
81.822: [Full GC81.822: [Tenured: 71039K->71039K(71040K), 0.0801390 secs] 102975K->74936K(102976K), [Perm : 8817K->8817K(21248K)], 0.0801850 secs] [Times: user=0.08 sys=0.00, real=0.08 secs] 
81.902: Total time for which application threads were stopped: 0.0802730 seconds, Stopping threads took: 0.0000140 seconds
81.927: Application time: 0.0244390 seconds
81.927: [Full GC81.927: [Tenured: 71039K->71039K(71040K), 0.0803210 secs] 102975K->75775K(102976K), [Perm : 8817K->8817K(21248K)], 0.0803670 secs] [Times: user=0.08 sys=0.00, real=0.08 secs] 
82.007: Total time for which application threads were stopped: 0.0804820 seconds, Stopping threads took: 0.0000150 seconds
82.034: Application time: 0.0268570 seconds
82.034: [Full GC82.034: [Tenured: 71039K->71039K(71040K), 0.0806550 secs] 102975K->76155K(102976K), [Perm : 8817K->8817K(21248K)], 0.0807010 secs] [Times: user=0.08 sys=0.00, real=0.08 secs] 
82.115: Total time for which application threads were stopped: 0.0807910 seconds, Stopping threads took: 0.0000140 seconds
82.140: Application time: 0.0252360 seconds
82.140: [Full GC82.140: [Tenured: 71039K->71039K(71040K), 0.0952980 secs] 102975K->75931K(102976K), [Perm : 8817K->8817K(21248K)], 0.0953430 secs] [Times: user=0.09 sys=0.00, real=0.09 secs] 
82.235: Total time for which application threads were stopped: 0.0954350 seconds, Stopping threads took: 0.0000140 seconds
82.261: Application time: 0.0260740 seconds
82.261: [Full GC82.261: [Tenured: 71039K->71039K(71040K), 0.0800960 secs] 102975K->75912K(102976K), [Perm : 8817K->8817K(21248K)], 0.0801400 secs] [Times: user=0.08 sys=0.00, real=0.08 secs] 
82.342: Total time for which application threads were stopped: 0.0802270 seconds, Stopping threads took: 0.0000150 seconds
82.366: Application time: 0.0248050 seconds
82.367: [Full GC82.367: [Tenured: 71039K->71039K(71040K), 0.0809260 secs] 102975K->77116K(102976K), [Perm : 8817K->8817K(21248K)], 0.0809680 secs] [Times: user=0.08 sys=0.00, real=0.09 secs] 
82.448: Total time for which application threads were stopped: 0.0810540 seconds, Stopping threads took: 0.0000140 seconds
82.474: Application time: 0.0262580 seconds
82.474: [Full GC82.474: [Tenured: 71039K->71039K(71040K), 0.0803420 secs] 102975K->76609K(102976K), [Perm : 8817K->8817K(21248K)], 0.0803860 secs] [Times: user=0.08 sys=0.00, real=0.08 secs] 
82.554: Total time for which application threads were stopped: 0.0804860 seconds, Stopping threads took: 0.0000140 seconds
82.581: Application time: 0.0267790 seconds
82.581: [Full GC82.581: [Tenured: 71039K->71040K(71040K), 0.0958100 secs] 102975K->75906K(102976K), [Perm : 8817K->8817K(21248K)], 0.0958580 secs] [Times: user=0.09 sys=0.00, real=0.09 secs] 
82.677: Total time for which application threads were stopped: 0.0959500 seconds, Stopping threads took: 0.0000140 seconds
82.701: Application time: 0.0240270 seconds
82.701: [Full GC82.701: [Tenured: 71040K->71040K(71040K), 0.0826380 secs] 102976K->78228K(102976K), [Perm : 8817K->8817K(21248K)], 0.0826800 secs] [Times: user=0.09 sys=0.00, real=0.08 secs] 
82.784: Total time for which application threads were stopped: 0.0827660 seconds, Stopping threads took: 0.0000130 seconds
82.806: Application time: 0.0218090 seconds
82.806: [Full GC82.806: [Tenured: 71040K->71039K(71040K), 0.0960570 secs] 102976K->76852K(102976K), [Perm : 8817K->8817K(21248K)], 0.0961110 secs] [Times: user=0.09 sys=0.00, real=0.10 secs] 
82.902: Total time for which application threads were stopped: 0.0961980 seconds, Stopping threads took: 0.0000130 seconds
82.927: Application time: 0.0252720 seconds
82.927: [Full GC82.927: [Tenured: 71039K->71039K(71040K), 0.0955250 secs] 102975K->75683K(102976K), [Perm : 8817K->8817K(21248K)], 0.0955720 secs] [Times: user=0.10 sys=0.00, real=0.09 secs] 
83.023: Total time for which application threads were stopped: 0.0956590 seconds, Stopping threads took: 0.0000130 seconds
83.051: Application time: 0.0279260 seconds
83.051: [Full GC83.051: [Tenured: 71039K->71039K(71040K), 0.1001460 secs] 102975K->74403K(102976K), [Perm : 8817K->8817K(21248K)], 0.1001910 secs] [Times: user=0.10 sys=0.00, real=0.10 secs] 
83.151: Total time for which application threads were stopped: 0.1002890 seconds, Stopping threads took: 0.0000130 seconds
83.184: Application time: 0.0326550 seconds
83.184: [Full GC83.184: [Tenured: 71040K->71039K(71040K), 0.1036280 secs] 102975K->74996K(102976K), [Perm : 8817K->8817K(21248K)], 0.1036740 secs] [Times: user=0.11 sys=0.00, real=0.11 secs] 
83.287: Total time for which application threads were stopped: 0.1037620 seconds, Stopping threads took: 0.0000130 seconds
83.322: Application time: 0.0343220 seconds
83.322: [Full GC83.322: [Tenured: 71040K->71040K(71040K), 0.0833710 secs] 102976K->78118K(102976K), [Perm : 8817K->8817K(21248K)], 0.0834170 secs] [Times: user=0.08 sys=0.00, real=0.08 secs] 
83.405: Total time for which application threads were stopped: 0.0835030 seconds, Stopping threads took: 0.0000140 seconds
83.434: Application time: 0.0287870 seconds
83.434: [Full GC83.434: [Tenured: 71040K->71039K(71040K), 0.1016760 secs] 102976K->76799K(102976K), [Perm : 8817K->8817K(21248K)], 0.1017260 secs] [Times: user=0.11 sys=0.00, real=0.10 secs] 
83.536: Total time for which application threads were stopped: 0.1018190 seconds, Stopping threads took: 0.0000140 seconds
83.563: Application time: 0.0269750 seconds
83.563: [Full GC83.563: [Tenured: 71039K->71039K(71040K), 0.1000310 secs] 102975K->76356K(102976K), [Perm : 8817K->8817K(21248K)], 0.1000770 secs] [Times: user=0.10 sys=0.00, real=0.10 secs] 
83.663: Total time for which application threads were stopped: 0.1001780 seconds, Stopping threads took: 0.0000130 seconds
83.689: Application time: 0.0255470 seconds
83.689: [Full GC83.689: [Tenured: 71040K->71039K(71040K), 0.1022910 secs] 102975K->76749K(102976K), [Perm : 8817K->8817K(21248K)], 0.1023360 secs] [Times: user=0.10 sys=0.00, real=0.10 secs] 
83.791: Total time for which application threads were stopped: 0.1024240 seconds, Stopping threads took: 0.0000130 seconds
83.819: Application time: 0.0276340 seconds
83.819: [Full GC83.819: [Tenured: 71039K->71039K(71040K), 0.1012620 secs] 102975K->76157K(102976K), [Perm : 8817K->8817K(21248K)], 0.1013060 secs] [Times: user=0.10 sys=0.00, real=0.11 secs] 
83.920: Total time for which application threads were stopped: 0.1013930 seconds, Stopping threads took: 0.0000140 seconds
83.951: Application time: 0.0314080 seconds
83.951: [Full GC83.951: [Tenured: 71039K->71039K(71040K), 0.0856550 secs] 102975K->79056K(102976K), [Perm : 8817K->8817K(21248K)], 0.0857010 secs] [Times: user=0.08 sys=0.00, real=0.08 secs] 
84.037: Total time for which application threads were stopped: 0.0857900 seconds, Stopping threads took: 0.0000140 seconds
84.067: Application time: 0.0302880 seconds
84.068: [Full GC84.068: [Tenured: 71039K->71039K(71040K), 0.0981880 secs] 102975K->76025K(102976K), [Perm : 8817K->8817K(21248K)], 0.0982350 secs] [Times: user=0.10 sys=0.00, real=0.09 secs] 
84.166: Total time for which application threads were stopped: 0.0983370 seconds, Stopping threads took: 0.0000140 seconds
84.197: Application time: 0.0309990 seconds
84.197: [Full GC84.197: [Tenured: 71039K->71039K(71040K), 0.0818890 secs] 102975K->76064K(102976K), [Perm : 8817K->8817K(21248K)], 0.0819310 secs] [Times: user=0.08 sys=0.00, real=0.08 secs] 
84.279: Total time for which application threads were stopped: 0.0820270 seconds, Stopping threads took: 0.0000140 seconds
84.309: Application time: 0.0304330 seconds
84.309: [Full GC84.309: [Tenured: 71039K->71039K(71040K), 0.0802730 secs] 102975K->75746K(102976K), [Perm : 8817K->8817K(21248K)], 0.0803190 secs] [Times: user=0.08 sys=0.00, real=0.08 secs] 
84.390: Total time for which application threads were stopped: 0.0804080 seconds, Stopping threads took: 0.0000140 seconds
84.415: Application time: 0.0252020 seconds
84.415: [Full GC84.415: [Tenured: 71039K->71039K(71040K), 0.0800760 secs] 102975K->75880K(102976K), [Perm : 8817K->8817K(21248K)], 0.0801200 secs] [Times: user=0.08 sys=0.00, real=0.08 secs] 
84.495: Total time for which application threads were stopped: 0.0802060 seconds, Stopping threads took: 0.0000140 seconds
84.521: Application time: 0.0255660 seconds
84.521: [Full GC84.521: [Tenured: 71039K->71039K(71040K), 0.0955100 secs] 102975K->75964K(102976K), [Perm : 8817K->8817K(21248K)], 0.0955570 secs] [Times: user=0.10 sys=0.00, real=0.09 secs] 
84.616: Total time for which application threads were stopped: 0.0956610 seconds, Stopping threads took: 0.0000240 seconds
84.641: Application time: 0.0247470 seconds
84.641: [Full GC84.641: [Tenured: 71039K->71039K(71040K), 0.0797900 secs] 102975K->75919K(102976K), [Perm : 8817K->8817K(21248K)], 0.0798330 secs] [Times: user=0.08 sys=0.00, real=0.08 secs] 
84.721: Total time for which application threads were stopped: 0.0799420 seconds, Stopping threads took: 0.0000140 seconds
84.746: Application time: 0.0246690 seconds
84.746: [Full GC84.746: [Tenured: 71039K->71039K(71040K), 0.0796810 secs] 102975K->75948K(102976K), [Perm : 8817K->8817K(21248K)], 0.0797250 secs] [Times: user=0.08 sys=0.00, real=0.08 secs] 
84.825: Total time for which application threads were stopped: 0.0798120 seconds, Stopping threads took: 0.0000140 seconds
84.850: Application time: 0.0242970 seconds
84.850: [Full GC84.850: [Tenured: 71039K->71039K(71040K), 0.0802700 secs] 102975K->75934K(102976K), [Perm : 8817K->8817K(21248K)], 0.0803140 secs] [Times: user=0.08 sys=0.00, real=0.08 secs] 
84.930: Total time for which application threads were stopped: 0.0804040 seconds, Stopping threads took: 0.0000140 seconds
84.955: Application time: 0.0246850 seconds
84.955: [Full GC84.955: [Tenured: 71039K->71039K(71040K), 0.0936690 secs] 102975K->75939K(102976K), [Perm : 8817K->8817K(21248K)], 0.0937160 secs] [Times: user=0.09 sys=0.00, real=0.10 secs] 
85.049: Total time for which application threads were stopped: 0.0938100 seconds, Stopping threads took: 0.0000140 seconds
85.073: Application time: 0.0248060 seconds
85.074: [Full GC85.074: [Tenured: 71039K->71039K(71040K), 0.0832100 secs] 102975K->79157K(102976K), [Perm : 8817K->8817K(21248K)], 0.0832590 secs] [Times: user=0.08 sys=0.00, real=0.08 secs] 
85.157: Total time for which application threads were stopped: 0.0833510 seconds, Stopping threads took: 0.0000140 seconds
85.181: Application time: 0.0238640 seconds
85.181: [Full GC85.181: [Tenured: 71039K->71040K(71040K), 0.0976910 secs] 102975K->74370K(102976K), [Perm : 8817K->8817K(21248K)], 0.0977460 secs] [Times: user=0.09 sys=0.00, real=0.09 secs] 
85.279: Total time for which application threads were stopped: 0.0978630 seconds, Stopping threads took: 0.0000140 seconds
85.303: Application time: 0.0242550 seconds
85.303: [Full GC85.303: [Tenured: 71040K->71040K(71040K), 0.0801590 secs] 102975K->75392K(102976K), [Perm : 8817K->8817K(21248K)], 0.0802020 secs] [Times: user=0.08 sys=0.00, real=0.08 secs] 
85.383: Total time for which application threads were stopped: 0.0802900 seconds, Stopping threads took: 0.0000130 seconds
85.410: Application time: 0.0271050 seconds
85.410: [Full GC85.410: [Tenured: 71040K->71040K(71040K), 0.0940910 secs] 102975K->75897K(102976K), [Perm : 8817K->8817K(21248K)], 0.0941410 secs] [Times: user=0.10 sys=0.00, real=0.09 secs] 
85.504: Total time for which application threads were stopped: 0.0942320 seconds, Stopping threads took: 0.0000140 seconds
85.532: Application time: 0.0272840 seconds
85.532: [Full GC85.532: [Tenured: 71040K->71040K(71040K), 0.0812180 secs] 102975K->75902K(102976K), [Perm : 8817K->8817K(21248K)], 0.0812740 secs] [Times: user=0.08 sys=0.00, real=0.08 secs] 
85.613: Total time for which application threads were stopped: 0.0813620 seconds, Stopping threads took: 0.0000140 seconds
85.640: Application time: 0.0264500 seconds
85.640: [Full GC85.640: [Tenured: 71040K->71040K(71040K), 0.0801230 secs] 102975K->75933K(102976K), [Perm : 8817K->8817K(21248K)], 0.0801650 secs] [Times: user=0.08 sys=0.00, real=0.08 secs] 
85.720: Total time for which application threads were stopped: 0.0802540 seconds, Stopping threads took: 0.0000150 seconds
85.747: Application time: 0.0268890 seconds
85.747: [Full GC85.747: [Tenured: 71040K->71040K(71040K), 0.0809640 secs] 102976K->76812K(102976K), [Perm : 8817K->8817K(21248K)], 0.0810070 secs] [Times: user=0.08 sys=0.00, real=0.09 secs] 
85.828: Total time for which application threads were stopped: 0.0811150 seconds, Stopping threads took: 0.0000230 seconds
85.851: Application time: 0.0236700 seconds
85.852: [Full GC85.852: [Tenured: 71040K->71040K(71040K), 0.0955450 secs] 102976K->75898K(102976K), [Perm : 8817K->8817K(21248K)], 0.0955910 secs] [Times: user=0.09 sys=0.00, real=0.10 secs] 
85.947: Total time for which application threads were stopped: 0.0956820 seconds, Stopping threads took: 0.0000140 seconds
85.974: Application time: 0.0264320 seconds
85.974: [Full GC85.974: [Tenured: 71040K->71040K(71040K), 0.0807870 secs] 102975K->75641K(102976K), [Perm : 8817K->8817K(21248K)], 0.0808330 secs] [Times: user=0.08 sys=0.00, real=0.08 secs] 
86.055: Total time for which application threads were stopped: 0.0809200 seconds, Stopping threads took: 0.0000140 seconds
86.081: Application time: 0.0263930 seconds
86.081: [Full GC86.081: [Tenured: 71040K->71040K(71040K), 0.0829460 secs] 102975K->78274K(102976K), [Perm : 8817K->8817K(21248K)], 0.0829900 secs] [Times: user=0.09 sys=0.00, real=0.08 secs] 
86.164: Total time for which application threads were stopped: 0.0830790 seconds, Stopping threads took: 0.0000140 seconds
86.188: Application time: 0.0243220 seconds
86.188: [Full GC86.188: [Tenured: 71040K->71039K(71040K), 0.0928430 secs] 102975K->77722K(102976K), [Perm : 8817K->8817K(21248K)], 0.0928850 secs] [Times: user=0.09 sys=0.00, real=0.09 secs] 
86.281: Total time for which application threads were stopped: 0.0929790 seconds, Stopping threads took: 0.0000190 seconds
86.303: Application time: 0.0221930 seconds
86.304: [Full GC86.304: [Tenured: 71039K->71039K(71040K), 0.1021360 secs] 102975K->80307K(102976K), [Perm : 8817K->8817K(21248K)], 0.1021790 secs] [Times: user=0.10 sys=0.00, real=0.10 secs] 
86.406: Total time for which application threads were stopped: 0.1022760 seconds, Stopping threads took: 0.0000120 seconds
86.428: Application time: 0.0221800 seconds
86.428: [Full GC86.428: [Tenured: 71039K->71039K(71040K), 0.0961480 secs] 102975K->79515K(102976K), [Perm : 8817K->8817K(21248K)], 0.0961920 secs] [Times: user=0.09 sys=0.00, real=0.09 secs] 
86.524: Total time for which application threads were stopped: 0.0962770 seconds, Stopping threads took: 0.0000130 seconds
86.553: Application time: 0.0285160 seconds
86.553: [Full GC86.553: [Tenured: 71040K->70530K(71040K), 0.0926320 secs] 102975K->70530K(102976K), [Perm : 8817K->8817K(21248K)], 0.0926770 secs] [Times: user=0.09 sys=0.00, real=0.09 secs] 
86.646: Total time for which application threads were stopped: 0.0927610 seconds, Stopping threads took: 0.0000130 seconds
86.661: Application time: 0.0151910 seconds
86.661: [GC86.661: [DefNew: 28416K->28416K(31936K), 0.0000100 secs]86.661: [Tenured: 70530K->71039K(71040K), 0.0877220 secs] 98946K->78860K(102976K), [Perm : 8817K->8817K(21248K)], 0.0877780 secs] [Times: user=0.09 sys=0.00, real=0.09 secs] 
86.749: Total time for which application threads were stopped: 0.0879220 seconds, Stopping threads took: 0.0000720 seconds
86.782: Application time: 0.0337290 seconds
86.782: [Full GC86.782: [Tenured: 71040K->71039K(71040K), 0.0989790 secs] 102976K->75903K(102976K), [Perm : 8817K->8817K(21248K)], 0.0990330 secs] [Times: user=0.10 sys=0.00, real=0.10 secs] 
86.881: Total time for which application threads were stopped: 0.0991200 seconds, Stopping threads took: 0.0000130 seconds
86.911: Application time: 0.0297660 seconds
86.911: [Full GC86.911: [Tenured: 71039K->71039K(71040K), 0.0989450 secs] 102975K->79372K(102976K), [Perm : 8817K->8817K(21248K)], 0.0989930 secs] [Times: user=0.10 sys=0.00, real=0.10 secs] 
87.010: Total time for which application threads were stopped: 0.0990920 seconds, Stopping threads took: 0.0000130 seconds
87.037: Application time: 0.0264900 seconds
87.037: [Full GC87.037: [Tenured: 71040K->71039K(71040K), 0.0988290 secs] 102975K->80746K(102976K), [Perm : 8817K->8817K(21248K)], 0.0988710 secs] [Times: user=0.10 sys=0.00, real=0.10 secs] 
87.136: Total time for which application threads were stopped: 0.0989580 seconds, Stopping threads took: 0.0000130 seconds
87.162: Application time: 0.0262850 seconds
87.162: [Full GC87.162: [Tenured: 71039K->71039K(71040K), 0.1015620 secs] 102975K->75973K(102976K), [Perm : 8817K->8817K(21248K)], 0.1016020 secs] [Times: user=0.11 sys=0.00, real=0.10 secs] 
87.264: Total time for which application threads were stopped: 0.1016870 seconds, Stopping threads took: 0.0000120 seconds
87.293: Application time: 0.0292650 seconds
87.293: [Full GC87.293: [Tenured: 71040K->71039K(71040K), 0.1010040 secs] 102975K->75901K(102976K), [Perm : 8817K->8817K(21248K)], 0.1010490 secs] [Times: user=0.10 sys=0.00, real=0.10 secs] 
87.394: Total time for which application threads were stopped: 0.1011370 seconds, Stopping threads took: 0.0000120 seconds
87.425: Application time: 0.0303360 seconds
87.425: [Full GC87.425: [Tenured: 71040K->71039K(71040K), 0.0837740 secs] 102975K->78484K(102976K), [Perm : 8817K->8817K(21248K)], 0.0838200 secs] [Times: user=0.08 sys=0.00, real=0.09 secs] 
87.508: Total time for which application threads were stopped: 0.0839220 seconds, Stopping threads took: 0.0000130 seconds
87.539: Application time: 0.0303530 seconds
87.539: [Full GC87.539: [Tenured: 71039K->71039K(71040K), 0.0822130 secs] 102975K->79521K(102976K), [Perm : 8817K->8817K(21248K)], 0.0822580 secs] [Times: user=0.08 sys=0.00, real=0.09 secs] 
87.621: Total time for which application threads were stopped: 0.0823480 seconds, Stopping threads took: 0.0000140 seconds
87.648: Application time: 0.0269550 seconds
87.648: [Full GC87.648: [Tenured: 71040K->71040K(71040K), 0.0795090 secs] 102975K->79384K(102976K), [Perm : 8817K->8817K(21248K)], 0.0795520 secs] [Times: user=0.08 sys=0.00, real=0.08 secs] 
87.728: Total time for which application threads were stopped: 0.0796380 seconds, Stopping threads took: 0.0000140 seconds
87.757: Application time: 0.0296190 seconds
87.757: [Full GC87.757: [Tenured: 71040K->71039K(71040K), 0.0961440 secs] 102976K->75914K(102976K), [Perm : 8817K->8817K(21248K)], 0.0961910 secs] [Times: user=0.10 sys=0.00, real=0.10 secs] 
87.854: Total time for which application threads were stopped: 0.0962970 seconds, Stopping threads took: 0.0000300 seconds
87.884: Application time: 0.0298740 seconds
87.884: [Full GC87.884: [Tenured: 71039K->71039K(71040K), 0.0807890 secs] 102975K->75863K(102976K), [Perm : 8817K->8817K(21248K)], 0.0808320 secs] [Times: user=0.08 sys=0.00, real=0.08 secs] 
87.964: Total time for which application threads were stopped: 0.0809180 seconds, Stopping threads took: 0.0000130 seconds
87.991: Application time: 0.0263930 seconds
87.991: [Full GC87.991: [Tenured: 71039K->71039K(71040K), 0.0796480 secs] 102975K->75989K(102976K), [Perm : 8817K->8817K(21248K)], 0.0796960 secs] [Times: user=0.08 sys=0.00, real=0.08 secs] 
88.071: Total time for which application threads were stopped: 0.0798040 seconds, Stopping threads took: 0.0000230 seconds
88.096: Application time: 0.0249590 seconds
88.096: [Full GC88.096: [Tenured: 71039K->71039K(71040K), 0.0795600 secs] 102975K->76013K(102976K), [Perm : 8817K->8817K(21248K)], 0.0796020 secs] [Times: user=0.08 sys=0.00, real=0.08 secs] 
88.175: Total time for which application threads were stopped: 0.0796960 seconds, Stopping threads took: 0.0000140 seconds
88.200: Application time: 0.0246560 seconds
88.200: [Full GC88.200: [Tenured: 71039K->71039K(71040K), 0.0935780 secs] 102975K->75942K(102976K), [Perm : 8817K->8817K(21248K)], 0.0936280 secs] [Times: user=0.09 sys=0.00, real=0.09 secs] 
88.294: Total time for which application threads were stopped: 0.0937220 seconds, Stopping threads took: 0.0000150 seconds
88.318: Application time: 0.0247060 seconds
88.318: [Full GC88.318: [Tenured: 71039K->71039K(71040K), 0.0791920 secs] 102975K->75932K(102976K), [Perm : 8817K->8817K(21248K)], 0.0792360 secs] [Times: user=0.08 sys=0.00, real=0.08 secs] 
88.398: Total time for which application threads were stopped: 0.0793230 seconds, Stopping threads took: 0.0000150 seconds
88.422: Application time: 0.0247650 seconds
88.423: [Full GC88.423: [Tenured: 71039K->71039K(71040K), 0.0782470 secs] 102975K->75906K(102976K), [Perm : 8817K->8817K(21248K)], 0.0782890 secs] [Times: user=0.08 sys=0.00, real=0.08 secs] 
88.501: Total time for which application threads were stopped: 0.0783760 seconds, Stopping threads took: 0.0000150 seconds
88.524: Application time: 0.0234090 seconds
88.524: [Full GC88.524: [Tenured: 71039K->71039K(71040K), 0.0793610 secs] 102975K->75958K(102976K), [Perm : 8817K->8817K(21248K)], 0.0794040 secs] [Times: user=0.08 sys=0.00, real=0.08 secs] 
88.604: Total time for which application threads were stopped: 0.0794990 seconds, Stopping threads took: 0.0000140 seconds
88.628: Application time: 0.0245440 seconds
88.628: [Full GC88.628: [Tenured: 71039K->71039K(71040K), 0.1000660 secs] 102975K->78492K(102976K), [Perm : 8817K->8817K(21248K)], 0.1001110 secs] [Times: user=0.10 sys=0.00, real=0.10 secs] 
88.729: Total time for which application threads were stopped: 0.1002020 seconds, Stopping threads took: 0.0000130 seconds
88.755: Application time: 0.0261330 seconds
88.755: [Full GC88.755: [Tenured: 71039K->71039K(71040K), 0.0944130 secs] 102975K->77246K(102976K), [Perm : 8817K->8817K(21248K)], 0.0944590 secs] [Times: user=0.10 sys=0.00, real=0.10 secs] 
88.849: Total time for which application threads were stopped: 0.0945490 seconds, Stopping threads took: 0.0000140 seconds
88.875: Application time: 0.0256300 seconds
88.875: [Full GC88.875: [Tenured: 71039K->71039K(71040K), 0.0792750 secs] 102975K->78396K(102976K), [Perm : 8817K->8817K(21248K)], 0.0793230 secs] [Times: user=0.08 sys=0.00, real=0.08 secs] 
88.954: Total time for which application threads were stopped: 0.0794150 seconds, Stopping threads took: 0.0000150 seconds
88.979: Application time: 0.0242500 seconds
88.979: [Full GC88.979: [Tenured: 71040K->71040K(71040K), 0.0802910 secs] 102976K->79048K(102976K), [Perm : 8817K->8817K(21248K)], 0.0803400 secs] [Times: user=0.08 sys=0.00, real=0.08 secs] 
89.059: Total time for which application threads were stopped: 0.0804310 seconds, Stopping threads took: 0.0000140 seconds
89.085: Application time: 0.0260090 seconds
89.085: [Full GC89.085: [Tenured: 71040K->71039K(71040K), 0.0975570 secs] 102975K->75922K(102976K), [Perm : 8817K->8817K(21248K)], 0.0976040 secs] [Times: user=0.09 sys=0.00, real=0.10 secs] 
89.183: Total time for which application threads were stopped: 0.0977130 seconds, Stopping threads took: 0.0000140 seconds
89.210: Application time: 0.0273820 seconds
89.210: [Full GC89.210: [Tenured: 71039K->71039K(71040K), 0.0797720 secs] 102975K->75921K(102976K), [Perm : 8817K->8817K(21248K)], 0.0798160 secs] [Times: user=0.08 sys=0.00, real=0.08 secs] 
89.290: Total time for which application threads were stopped: 0.0799050 seconds, Stopping threads took: 0.0000140 seconds
89.316: Application time: 0.0264420 seconds
89.316: [Full GC89.316: [Tenured: 71039K->71039K(71040K), 0.0802710 secs] 102975K->76317K(102976K), [Perm : 8817K->8817K(21248K)], 0.0803140 secs] [Times: user=0.08 sys=0.00, real=0.08 secs] 
89.397: Total time for which application threads were stopped: 0.0803990 seconds, Stopping threads took: 0.0000130 seconds
89.424: Application time: 0.0269270 seconds
89.424: [Full GC89.424: [Tenured: 71039K->71039K(71040K), 0.0801160 secs] 102975K->76689K(102976K), [Perm : 8817K->8817K(21248K)], 0.0801670 secs] [Times: user=0.08 sys=0.00, real=0.08 secs] 
89.504: Total time for which application threads were stopped: 0.0802540 seconds, Stopping threads took: 0.0000140 seconds
89.529: Application time: 0.0254730 seconds
89.530: [Full GC89.530: [Tenured: 71039K->71039K(71040K), 0.0953130 secs] 102975K->76009K(102976K), [Perm : 8817K->8817K(21248K)], 0.0953620 secs] [Times: user=0.10 sys=0.00, real=0.09 secs] 
89.625: Total time for which application threads were stopped: 0.0954530 seconds, Stopping threads took: 0.0000140 seconds
89.649: Application time: 0.0245650 seconds
89.650: [Full GC89.650: [Tenured: 71039K->71039K(71040K), 0.0813570 secs] 102975K->77160K(102976K), [Perm : 8817K->8817K(21248K)], 0.0814020 secs] [Times: user=0.08 sys=0.00, real=0.08 secs] 
89.731: Total time for which application threads were stopped: 0.0815020 seconds, Stopping threads took: 0.0000140 seconds
89.757: Application time: 0.0260400 seconds
89.757: [Full GC89.757: [Tenured: 71040K->71039K(71040K), 0.0956390 secs] 102975K->76851K(102976K), [Perm : 8817K->8817K(21248K)], 0.0956830 secs] [Times: user=0.09 sys=0.00, real=0.10 secs] 
89.853: Total time for which application threads were stopped: 0.0957710 seconds, Stopping threads took: 0.0000130 seconds
89.874: Application time: 0.0213950 seconds
89.874: [Full GC89.874: [Tenured: 71040K->71039K(71040K), 0.1008800 secs] 102975K->87198K(102976K), [Perm : 8817K->8817K(21248K)], 0.1009240 secs] [Times: user=0.10 sys=0.00, real=0.10 secs] 
89.975: Total time for which application threads were stopped: 0.1010130 seconds, Stopping threads took: 0.0000140 seconds
89.995: Application time: 0.0201750 seconds
89.995: [Full GC89.995: [Tenured: 71040K->65421K(71040K), 0.0855850 secs] 102975K->65421K(102976K), [Perm : 8817K->8817K(21248K)], 0.0856290 secs] [Times: user=0.09 sys=0.00, real=0.09 secs] 
90.081: Total time for which application threads were stopped: 0.0857150 seconds, Stopping threads took: 0.0000130 seconds
90.096: Application time: 0.0146070 seconds
90.096: [GC90.096: [DefNew: 28416K->28416K(31936K), 0.0000090 secs]90.096: [Tenured: 65421K->71040K(71040K), 0.0936360 secs] 93837K->74074K(102976K), [Perm : 8817K->8817K(21248K)], 0.0936920 secs] [Times: user=0.09 sys=0.00, real=0.10 secs] 
90.190: Total time for which application threads were stopped: 0.0938300 seconds, Stopping threads took: 0.0000640 seconds
90.222: Application time: 0.0322400 seconds
90.222: [Full GC90.222: [Tenured: 71040K->71039K(71040K), 0.0907570 secs] 102975K->79236K(102976K), [Perm : 8817K->8817K(21248K)], 0.0908040 secs] [Times: user=0.09 sys=0.00, real=0.09 secs] 
90.313: Total time for which application threads were stopped: 0.0909080 seconds, Stopping threads took: 0.0000140 seconds
90.344: Application time: 0.0315810 seconds
90.344: [Full GC90.344: [Tenured: 71039K->71039K(71040K), 0.0982510 secs] 102975K->75308K(102976K), [Perm : 8817K->8817K(21248K)], 0.0982970 secs] [Times: user=0.10 sys=0.00, real=0.10 secs] 
90.443: Total time for which application threads were stopped: 0.0983850 seconds, Stopping threads took: 0.0000130 seconds
90.473: Application time: 0.0301200 seconds
90.473: [Full GC90.473: [Tenured: 71039K->71039K(71040K), 0.1006450 secs] 102975K->76934K(102976K), [Perm : 8817K->8817K(21248K)], 0.1006910 secs] [Times: user=0.11 sys=0.00, real=0.10 secs] 
90.574: Total time for which application threads were stopped: 0.1007820 seconds, Stopping threads took: 0.0000140 seconds
90.599: Application time: 0.0252280 seconds
90.599: [Full GC90.599: [Tenured: 71039K->71039K(71040K), 0.0851610 secs] 102975K->82133K(102976K), [Perm : 8817K->8817K(21248K)], 0.0852060 secs] [Times: user=0.09 sys=0.00, real=0.09 secs] 
90.684: Total time for which application threads were stopped: 0.0852940 seconds, Stopping threads took: 0.0000140 seconds
90.708: Application time: 0.0242850 seconds
90.708: [Full GC90.708: [Tenured: 71039K->71039K(71040K), 0.1023300 secs] 102975K->76254K(102976K), [Perm : 8817K->8817K(21248K)], 0.1023760 secs] [Times: user=0.10 sys=0.00, real=0.10 secs] 
90.811: Total time for which application threads were stopped: 0.1024630 seconds, Stopping threads took: 0.0000130 seconds
90.836: Application time: 0.0250590 seconds
90.836: [Full GC90.836: [Tenured: 71039K->71040K(71040K), 0.0849880 secs] 102975K->79755K(102976K), [Perm : 8817K->8817K(21248K)], 0.0850380 secs] [Times: user=0.09 sys=0.00, real=0.09 secs] 
90.921: Total time for which application threads were stopped: 0.0851430 seconds, Stopping threads took: 0.0000130 seconds
90.950: Application time: 0.0292670 seconds
90.950: [Full GC90.950: [Tenured: 71040K->71039K(71040K), 0.1007860 secs] 102975K->75223K(102976K), [Perm : 8817K->8817K(21248K)], 0.1008300 secs] [Times: user=0.11 sys=0.00, real=0.10 secs] 
91.051: Total time for which application threads were stopped: 0.1009170 seconds, Stopping threads took: 0.0000130 seconds
91.084: Application time: 0.0328690 seconds
91.084: [Full GC91.084: [Tenured: 71039K->71039K(71040K), 0.0824460 secs] 102975K->76334K(102976K), [Perm : 8817K->8817K(21248K)], 0.0824940 secs] [Times: user=0.08 sys=0.00, real=0.08 secs] 
91.167: Total time for which application threads were stopped: 0.0825820 seconds, Stopping threads took: 0.0000140 seconds
91.198: Application time: 0.0309510 seconds
91.198: [Full GC91.198: [Tenured: 71039K->71039K(71040K), 0.0802700 secs] 102975K->76171K(102976K), [Perm : 8817K->8817K(21248K)], 0.0803160 secs] [Times: user=0.08 sys=0.00, real=0.08 secs] 
91.278: Total time for which application threads were stopped: 0.0804040 seconds, Stopping threads took: 0.0000150 seconds
91.308: Application time: 0.0303880 seconds
91.308: [Full GC91.309: [Tenured: 71039K->71039K(71040K), 0.0801980 secs] 102975K->76263K(102976K), [Perm : 8817K->8817K(21248K)], 0.0802410 secs] [Times: user=0.08 sys=0.00, real=0.08 secs] 
91.389: Total time for which application threads were stopped: 0.0803270 seconds, Stopping threads took: 0.0000140 seconds
91.417: Application time: 0.0285450 seconds
91.417: [Full GC91.417: [Tenured: 71039K->71040K(71040K), 0.0950780 secs] 102975K->75809K(102976K), [Perm : 8817K->8817K(21248K)], 0.0951270 secs] [Times: user=0.09 sys=0.00, real=0.10 secs] 
91.513: Total time for which application threads were stopped: 0.0952300 seconds, Stopping threads took: 0.0000140 seconds
91.537: Application time: 0.0240520 seconds
91.537: [Full GC91.537: [Tenured: 71040K->71040K(71040K), 0.0797810 secs] 102975K->75989K(102976K), [Perm : 8817K->8817K(21248K)], 0.0798250 secs] [Times: user=0.08 sys=0.00, real=0.08 secs] 
91.617: Total time for which application threads were stopped: 0.0799100 seconds, Stopping threads took: 0.0000140 seconds
91.641: Application time: 0.0241440 seconds
91.641: [Full GC91.641: [Tenured: 71040K->71040K(71040K), 0.0788310 secs] 102975K->75987K(102976K), [Perm : 8817K->8817K(21248K)], 0.0788740 secs] [Times: user=0.08 sys=0.00, real=0.08 secs] 
91.720: Total time for which application threads were stopped: 0.0789620 seconds, Stopping threads took: 0.0000150 seconds
91.744: Application time: 0.0247200 seconds
91.744: [Full GC91.744: [Tenured: 71040K->71040K(71040K), 0.0789990 secs] 102975K->76011K(102976K), [Perm : 8817K->8817K(21248K)], 0.0790420 secs] [Times: user=0.08 sys=0.00, real=0.08 secs] 
91.823: Total time for which application threads were stopped: 0.0791300 seconds, Stopping threads took: 0.0000150 seconds
91.848: Application time: 0.0247630 seconds
91.848: [Full GC91.848: [Tenured: 71040K->71039K(71040K), 0.0935500 secs] 102976K->75959K(102976K), [Perm : 8817K->8817K(21248K)], 0.0935990 secs] [Times: user=0.10 sys=0.00, real=0.09 secs] 
91.942: Total time for which application threads were stopped: 0.0936910 seconds, Stopping threads took: 0.0000150 seconds
91.966: Application time: 0.0241530 seconds
91.966: [Full GC91.966: [Tenured: 71039K->71039K(71040K), 0.0813950 secs] 102975K->78018K(102976K), [Perm : 8817K->8817K(21248K)], 0.0814390 secs] [Times: user=0.08 sys=0.00, real=0.09 secs] 
92.048: Total time for which application threads were stopped: 0.0815470 seconds, Stopping threads took: 0.0000140 seconds
92.072: Application time: 0.0244590 seconds
92.072: [Full GC92.072: [Tenured: 71039K->71039K(71040K), 0.0947500 secs] 102975K->77255K(102976K), [Perm : 8817K->8817K(21248K)], 0.0947960 secs] [Times: user=0.09 sys=0.00, real=0.09 secs] 
92.167: Total time for which application threads were stopped: 0.0948860 seconds, Stopping threads took: 0.0000140 seconds
92.193: Application time: 0.0258220 seconds
92.193: [Full GC92.193: [Tenured: 71039K->71039K(71040K), 0.0794760 secs] 102975K->78505K(102976K), [Perm : 8817K->8817K(21248K)], 0.0795250 secs] [Times: user=0.08 sys=0.00, real=0.08 secs] 
92.272: Total time for which application threads were stopped: 0.0796150 seconds, Stopping threads took: 0.0000140 seconds
92.298: Application time: 0.0254050 seconds
92.298: [Full GC92.298: [Tenured: 71039K->71040K(71040K), 0.0969070 secs] 102975K->75813K(102976K), [Perm : 8817K->8817K(21248K)], 0.0969530 secs] [Times: user=0.10 sys=0.00, real=0.10 secs] 
92.395: Total time for which application threads were stopped: 0.0970430 seconds, Stopping threads took: 0.0000140 seconds
92.422: Application time: 0.0273780 seconds
92.422: [Full GC92.422: [Tenured: 71040K->71040K(71040K), 0.0805210 secs] 102975K->75966K(102976K), [Perm : 8817K->8817K(21248K)], 0.0805670 secs] [Times: user=0.08 sys=0.00, real=0.08 secs] 
92.503: Total time for which application threads were stopped: 0.0806560 seconds, Stopping threads took: 0.0000140 seconds
92.530: Application time: 0.0271000 seconds
92.530: [Full GC92.530: [Tenured: 71040K->71040K(71040K), 0.0791550 secs] 102975K->75971K(102976K), [Perm : 8817K->8817K(21248K)], 0.0791990 secs] [Times: user=0.08 sys=0.00, real=0.08 secs] 
92.609: Total time for which application threads were stopped: 0.0792990 seconds, Stopping threads took: 0.0000140 seconds
92.636: Application time: 0.0266750 seconds
92.636: [Full GC92.636: [Tenured: 71040K->71040K(71040K), 0.0805450 secs] 102976K->76856K(102976K), [Perm : 8817K->8817K(21248K)], 0.0805880 secs] [Times: user=0.08 sys=0.00, real=0.08 secs] 
92.717: Total time for which application threads were stopped: 0.0806750 seconds, Stopping threads took: 0.0000140 seconds
92.743: Application time: 0.0260880 seconds
92.743: [Full GC92.743: [Tenured: 71040K->71039K(71040K), 0.0958360 secs] 102975K->76379K(102976K), [Perm : 8817K->8817K(21248K)], 0.0958840 secs] [Times: user=0.10 sys=0.00, real=0.09 secs] 
92.839: Total time for which application threads were stopped: 0.0959750 seconds, Stopping threads took: 0.0000140 seconds
92.864: Application time: 0.0248980 seconds
92.864: [Full GC92.864: [Tenured: 71039K->71039K(71040K), 0.0797080 secs] 102975K->75911K(102976K), [Perm : 8817K->8817K(21248K)], 0.0797510 secs] [Times: user=0.08 sys=0.00, real=0.08 secs] 
92.943: Total time for which application threads were stopped: 0.0798370 seconds, Stopping threads took: 0.0000130 seconds
92.969: Application time: 0.0256340 seconds
92.969: [Full GC92.969: [Tenured: 71039K->71039K(71040K), 0.0803260 secs] 102975K->76662K(102976K), [Perm : 8817K->8817K(21248K)], 0.0803690 secs] [Times: user=0.08 sys=0.00, real=0.08 secs] 
93.050: Total time for which application threads were stopped: 0.0804560 seconds, Stopping threads took: 0.0000130 seconds
93.075: Application time: 0.0258690 seconds
93.075: [Full GC93.076: [Tenured: 71039K->71039K(71040K), 0.0810030 secs] 102975K->78125K(102976K), [Perm : 8817K->8817K(21248K)], 0.0810500 secs] [Times: user=0.08 sys=0.00, real=0.08 secs] 
93.157: Total time for which application threads were stopped: 0.0811550 seconds, Stopping threads took: 0.0000140 seconds
93.182: Application time: 0.0252360 seconds
93.182: [Full GC93.182: [Tenured: 71039K->71039K(71040K), 0.0978070 secs] 102975K->78521K(102976K), [Perm : 8817K->8817K(21248K)], 0.0978540 secs] [Times: user=0.10 sys=0.00, real=0.10 secs] 
93.280: Total time for which application threads were stopped: 0.0979430 seconds, Stopping threads took: 0.0000140 seconds
93.303: Application time: 0.0232140 seconds
93.303: [Full GC93.303: [Tenured: 71039K->71039K(71040K), 0.0953040 secs] 102975K->79050K(102976K), [Perm : 8817K->8817K(21248K)], 0.0953580 secs] [Times: user=0.10 sys=0.00, real=0.09 secs] 
93.398: Total time for which application threads were stopped: 0.0954480 seconds, Stopping threads took: 0.0000120 seconds
93.423: Application time: 0.0244340 seconds
93.423: [Full GC93.423: [Tenured: 71040K->71039K(71040K), 0.1014430 secs] 102975K->83358K(102976K), [Perm : 8817K->8817K(21248K)], 0.1014830 secs] [Times: user=0.10 sys=0.00, real=0.10 secs] 
93.524: Total time for which application threads were stopped: 0.1015770 seconds, Stopping threads took: 0.0000190 seconds
93.546: Application time: 0.0215440 seconds
93.546: [Full GC93.546: [Tenured: 71040K->71037K(71040K), 0.0955720 secs] 102975K->76710K(102976K), [Perm : 8817K->8817K(21248K)], 0.0956190 secs] [Times: user=0.09 sys=0.00, real=0.10 secs] 
93.642: Total time for which application threads were stopped: 0.0957050 seconds, Stopping threads took: 0.0000120 seconds
93.671: Application time: 0.0288540 seconds
93.671: [Full GC93.671: [Tenured: 71039K->71040K(71040K), 0.0985280 secs] 102975K->71543K(102976K), [Perm : 8817K->8817K(21248K)], 0.0985740 secs] [Times: user=0.10 sys=0.00, real=0.10 secs] 
93.769: Total time for which application threads were stopped: 0.0986780 seconds, Stopping threads took: 0.0000230 seconds
93.805: Application time: 0.0357770 seconds
93.805: [Full GC93.805: [Tenured: 71040K->71040K(71040K), 0.0863630 secs] 102975K->78589K(102976K), [Perm : 8817K->8817K(21248K)], 0.0864070 secs] [Times: user=0.09 sys=0.00, real=0.09 secs] 
93.891: Total time for which application threads were stopped: 0.0864930 seconds, Stopping threads took: 0.0000130 seconds
93.921: Application time: 0.0293270 seconds
93.921: [Full GC93.921: [Tenured: 71040K->71039K(71040K), 0.0875170 secs] 102975K->80433K(102976K), [Perm : 8817K->8817K(21248K)], 0.0875620 secs] [Times: user=0.09 sys=0.00, real=0.09 secs] 
94.008: Total time for which application threads were stopped: 0.0876500 seconds, Stopping threads took: 0.0000130 seconds
94.035: Application time: 0.0266300 seconds
94.035: [Full GC94.035: [Tenured: 71039K->71039K(71040K), 0.1009750 secs] 102975K->76240K(102976K), [Perm : 8817K->8817K(21248K)], 0.1010220 secs] [Times: user=0.10 sys=0.00, real=0.10 secs] 
94.136: Total time for which application threads were stopped: 0.1011110 seconds, Stopping threads took: 0.0000130 seconds
94.162: Application time: 0.0255900 seconds
94.162: [Full GC94.162: [Tenured: 71039K->71040K(71040K), 0.1002890 secs] 102975K->78725K(102976K), [Perm : 8817K->8817K(21248K)], 0.1003360 secs] [Times: user=0.10 sys=0.00, real=0.10 secs] 
94.262: Total time for which application threads were stopped: 0.1004200 seconds, Stopping threads took: 0.0000120 seconds
94.289: Application time: 0.0266600 seconds
94.289: [Full GC94.289: [Tenured: 71040K->71039K(71040K), 0.1028690 secs] 102975K->75492K(102976K), [Perm : 8817K->8817K(21248K)], 0.1029150 secs] [Times: user=0.10 sys=0.00, real=0.10 secs] 
94.392: Total time for which application threads were stopped: 0.1030160 seconds, Stopping threads took: 0.0000130 seconds
94.421: Application time: 0.0287250 seconds
94.421: [Full GC94.421: [Tenured: 71039K->71039K(71040K), 0.0893040 secs] 102975K->81213K(102976K), [Perm : 8817K->8817K(21248K)], 0.0893520 secs] [Times: user=0.09 sys=0.00, real=0.09 secs] 
94.510: Total time for which application threads were stopped: 0.0894400 seconds, Stopping threads took: 0.0000140 seconds
94.537: Application time: 0.0272500 seconds
94.537: [Full GC94.537: [Tenured: 71039K->71039K(71040K), 0.1017780 secs] 102975K->77254K(102976K), [Perm : 8817K->8817K(21248K)], 0.1018230 secs] [Times: user=0.10 sys=0.00, real=0.11 secs] 
94.639: Total time for which application threads were stopped: 0.1019110 seconds, Stopping threads took: 0.0000130 seconds
94.670: Application time: 0.0310100 seconds
94.670: [Full GC94.670: [Tenured: 71039K->71039K(71040K), 0.0982480 secs] 102975K->75904K(102976K), [Perm : 8817K->8817K(21248K)], 0.0982950 secs] [Times: user=0.10 sys=0.00, real=0.10 secs] 
94.769: Total time for which application threads were stopped: 0.0983920 seconds, Stopping threads took: 0.0000150 seconds
94.800: Application time: 0.0315920 seconds
94.800: [Full GC94.800: [Tenured: 71040K->71040K(71040K), 0.0816320 secs] 102975K->75906K(102976K), [Perm : 8817K->8817K(21248K)], 0.0816770 secs] [Times: user=0.08 sys=0.00, real=0.08 secs] 
94.882: Total time for which application threads were stopped: 0.0817820 seconds, Stopping threads took: 0.0000140 seconds
94.913: Application time: 0.0308590 seconds
94.913: [Full GC94.913: [Tenured: 71040K->71040K(71040K), 0.0809660 secs] 102975K->75956K(102976K), [Perm : 8817K->8817K(21248K)], 0.0810140 secs] [Times: user=0.08 sys=0.00, real=0.08 secs] 
94.994: Total time for which application threads were stopped: 0.0811030 seconds, Stopping threads took: 0.0000140 seconds
95.020: Application time: 0.0262880 seconds
95.020: [Full GC95.020: [Tenured: 71040K->71040K(71040K), 0.0809140 secs] 102976K->75955K(102976K), [Perm : 8817K->8817K(21248K)], 0.0809600 secs] [Times: user=0.08 sys=0.00, real=0.08 secs] 
95.101: Total time for which application threads were stopped: 0.0810470 seconds, Stopping threads took: 0.0000140 seconds
95.128: Application time: 0.0265150 seconds
95.128: [Full GC95.128: [Tenured: 71040K->71039K(71040K), 0.0954880 secs] 102975K->76016K(102976K), [Perm : 8817K->8817K(21248K)], 0.0955330 secs] [Times: user=0.10 sys=0.00, real=0.09 secs] 
95.223: Total time for which application threads were stopped: 0.0956250 seconds, Stopping threads took: 0.0000140 seconds
95.248: Application time: 0.0243020 seconds
95.248: [Full GC95.248: [Tenured: 71039K->71039K(71040K), 0.0820680 secs] 102975K->76789K(102976K), [Perm : 8819K->8819K(21248K)], 0.0821220 secs] [Times: user=0.08 sys=0.00, real=0.08 secs] 
95.330: Total time for which application threads were stopped: 0.0822220 seconds, Stopping threads took: 0.0000130 seconds
95.354: Application time: 0.0244630 seconds
95.355: [Full GC95.355: [Tenured: 71039K->71039K(71040K), 0.0946670 secs] 102975K->77010K(102976K), [Perm : 8819K->8819K(21248K)], 0.0947160 secs] [Times: user=0.10 sys=0.00, real=0.10 secs] 
95.449: Total time for which application threads were stopped: 0.0948230 seconds, Stopping threads took: 0.0000140 seconds
95.474: Application time: 0.0248310 seconds
95.474: [Full GC95.474: [Tenured: 71039K->71039K(71040K), 0.0798430 secs] 102975K->78175K(102976K), [Perm : 8819K->8819K(21248K)], 0.0798910 secs] [Times: user=0.08 sys=0.00, real=0.08 secs] 
95.554: Total time for which application threads were stopped: 0.0799820 seconds, Stopping threads took: 0.0000150 seconds
95.578: Application time: 0.0242070 seconds
95.578: [Full GC95.578: [Tenured: 71039K->71039K(71040K), 0.0971780 secs] 102975K->75649K(102976K), [Perm : 8819K->8819K(21248K)], 0.0972230 secs] [Times: user=0.10 sys=0.00, real=0.10 secs] 
95.676: Total time for which application threads were stopped: 0.0973130 seconds, Stopping threads took: 0.0000140 seconds
95.701: Application time: 0.0256450 seconds
95.701: [Full GC95.701: [Tenured: 71040K->71040K(71040K), 0.0796860 secs] 102975K->75976K(102976K), [Perm : 8819K->8819K(21248K)], 0.0797300 secs] [Times: user=0.08 sys=0.00, real=0.08 secs] 
95.781: Total time for which application threads were stopped: 0.0798180 seconds, Stopping threads took: 0.0000140 seconds
95.806: Application time: 0.0245180 seconds
95.806: [Full GC95.806: [Tenured: 71040K->71040K(71040K), 0.0798190 secs] 102975K->75997K(102976K), [Perm : 8819K->8819K(21248K)], 0.0798630 secs] [Times: user=0.08 sys=0.00, real=0.08 secs] 
95.886: Total time for which application threads were stopped: 0.0799520 seconds, Stopping threads took: 0.0000140 seconds
95.907: Application time: 0.0212650 seconds
95.907: [Full GC95.907: [Tenured: 71040K->71040K(71040K), 0.0806410 secs] 102976K->77160K(102976K), [Perm : 8819K->8819K(21248K)], 0.0806860 secs] [Times: user=0.08 sys=0.00, real=0.09 secs] 
95.988: Total time for which application threads were stopped: 0.0807860 seconds, Stopping threads took: 0.0000140 seconds
96.012: Application time: 0.0248730 seconds
96.013: [Full GC96.013: [Tenured: 71040K->71039K(71040K), 0.0957260 secs] 102976K->75676K(102976K), [Perm : 8819K->8819K(21248K)], 0.0957800 secs] [Times: user=0.09 sys=0.00, real=0.10 secs] 
96.108: Total time for which application threads were stopped: 0.0958700 seconds, Stopping threads took: 0.0000140 seconds
96.135: Application time: 0.0269760 seconds
96.135: [Full GC96.135: [Tenured: 71039K->71039K(71040K), 0.0819180 secs] 102975K->75917K(102976K), [Perm : 8819K->8819K(21248K)], 0.0819630 secs] [Times: user=0.08 sys=0.00, real=0.08 secs] 
96.217: Total time for which application threads were stopped: 0.0820510 seconds, Stopping threads took: 0.0000140 seconds
96.239: Application time: 0.0217380 seconds
96.239: [Full GC96.239: [Tenured: 71039K->71039K(71040K), 0.0814550 secs] 102975K->76777K(102976K), [Perm : 8819K->8819K(21248K)], 0.0815010 secs] [Times: user=0.08 sys=0.00, real=0.08 secs] 
96.321: Total time for which application threads were stopped: 0.0815860 seconds, Stopping threads took: 0.0000130 seconds
96.347: Application time: 0.0261240 seconds
96.347: [Full GC96.347: [Tenured: 71039K->71039K(71040K), 0.0812370 secs] 102975K->78019K(102976K), [Perm : 8819K->8819K(21248K)], 0.0812810 secs] [Times: user=0.08 sys=0.00, real=0.09 secs] 
96.428: Total time for which application threads were stopped: 0.0813700 seconds, Stopping threads took: 0.0000140 seconds
96.454: Application time: 0.0260940 seconds
96.454: [Full GC96.454: [Tenured: 71039K->71039K(71040K), 0.0959530 secs] 102975K->76090K(102976K), [Perm : 8819K->8819K(21248K)], 0.0960000 secs] [Times: user=0.10 sys=0.00, real=0.10 secs] 
96.550: Total time for which application threads were stopped: 0.0961030 seconds, Stopping threads took: 0.0000140 seconds
96.577: Application time: 0.0268540 seconds
96.577: [Full GC96.577: [Tenured: 71039K->71039K(71040K), 0.0805360 secs] 102975K->76038K(102976K), [Perm : 8819K->8819K(21248K)], 0.0805800 secs] [Times: user=0.08 sys=0.00, real=0.08 secs] 
96.658: Total time for which application threads were stopped: 0.0806680 seconds, Stopping threads took: 0.0000130 seconds
96.684: Application time: 0.0263300 seconds
96.684: [Full GC96.684: [Tenured: 71039K->71039K(71040K), 0.0805650 secs] 102975K->76318K(102976K), [Perm : 8819K->8819K(21248K)], 0.0806070 secs] [Times: user=0.08 sys=0.00, real=0.08 secs] 
96.765: Total time for which application threads were stopped: 0.0806930 seconds, Stopping threads took: 0.0000130 seconds
96.791: Application time: 0.0256380 seconds
96.791: [Full GC96.791: [Tenured: 71039K->71039K(71040K), 0.0843770 secs] 102975K->80228K(102976K), [Perm : 8819K->8819K(21248K)], 0.0844210 secs] [Times: user=0.08 sys=0.00, real=0.08 secs] 
96.875: Total time for which application threads were stopped: 0.0845100 seconds, Stopping threads took: 0.0000130 seconds
96.897: Application time: 0.0221690 seconds
96.897: [Full GC96.897: [Tenured: 71039K->71039K(71040K), 0.0975420 secs] 102975K->74304K(102976K), [Perm : 8819K->8819K(21248K)], 0.0975860 secs] [Times: user=0.10 sys=0.00, real=0.10 secs] 
96.995: Total time for which application threads were stopped: 0.0976760 seconds, Stopping threads took: 0.0000140 seconds
97.021: Application time: 0.0265250 seconds
97.022: [Full GC97.022: [Tenured: 71039K->71039K(71040K), 0.0966540 secs] 102975K->77411K(102976K), [Perm : 8819K->8819K(21248K)], 0.0967010 secs] [Times: user=0.09 sys=0.00, real=0.09 secs] 
97.118: Total time for which application threads were stopped: 0.0968010 seconds, Stopping threads took: 0.0000140 seconds
97.146: Application time: 0.0279200 seconds
97.146: [Full GC97.146: [Tenured: 71040K->71039K(71040K), 0.0995030 secs] 102975K->76695K(102976K), [Perm : 8819K->8819K(21248K)], 0.0995530 secs] [Times: user=0.10 sys=0.00, real=0.10 secs] 
97.246: Total time for which application threads were stopped: 0.0996400 seconds, Stopping threads took: 0.0000130 seconds
97.276: Application time: 0.0300840 seconds
97.276: [Full GC97.276: [Tenured: 71039K->71039K(71040K), 0.1004870 secs] 102975K->76885K(102976K), [Perm : 8819K->8819K(21248K)], 0.1005400 secs] [Times: user=0.10 sys=0.00, real=0.10 secs] 
97.377: Total time for which application threads were stopped: 0.1006280 seconds, Stopping threads took: 0.0000140 seconds
97.406: Application time: 0.0297960 seconds
97.406: [Full GC97.406: [Tenured: 71040K->71039K(71040K), 0.1003460 secs] 102976K->75643K(102976K), [Perm : 8819K->8819K(21248K)], 0.1003930 secs] [Times: user=0.10 sys=0.00, real=0.10 secs] 
97.507: Total time for which application threads were stopped: 0.1004870 seconds, Stopping threads took: 0.0000150 seconds
97.534: Application time: 0.0273980 seconds
97.534: [Full GC97.534: [Tenured: 71039K->71039K(71040K), 0.0839170 secs] 102975K->79010K(102976K), [Perm : 8819K->8819K(21248K)], 0.0839640 secs] [Times: user=0.08 sys=0.00, real=0.08 secs] 
97.618: Total time for which application threads were stopped: 0.0840650 seconds, Stopping threads took: 0.0000140 seconds
97.645: Application time: 0.0268300 seconds
97.645: [Full GC97.645: [Tenured: 71039K->71039K(71040K), 0.0997690 secs] 102975K->75016K(102976K), [Perm : 8819K->8819K(21248K)], 0.0998160 secs] [Times: user=0.10 sys=0.00, real=0.10 secs] 
97.745: Total time for which application threads were stopped: 0.0999060 seconds, Stopping threads took: 0.0000140 seconds
97.775: Application time: 0.0301760 seconds
97.775: [Full GC97.775: [Tenured: 71039K->71039K(71040K), 0.0999420 secs] 102975K->79827K(102976K), [Perm : 8819K->8819K(21248K)], 0.0999860 secs] [Times: user=0.10 sys=0.00, real=0.10 secs] 
97.875: Total time for which application threads were stopped: 0.1000730 seconds, Stopping threads took: 0.0000140 seconds
97.900: Application time: 0.0248240 seconds
97.900: [Full GC97.900: [Tenured: 71039K->71039K(71040K), 0.1036970 secs] 102975K->77475K(102976K), [Perm : 8819K->8819K(21248K)], 0.1037450 secs] [Times: user=0.10 sys=0.00, real=0.10 secs] 
98.004: Total time for which application threads were stopped: 0.1038330 seconds, Stopping threads took: 0.0000130 seconds
98.033: Application time: 0.0285530 seconds
98.033: [Full GC98.033: [Tenured: 71040K->71039K(71040K), 0.0873970 secs] 102976K->80753K(102976K), [Perm : 8819K->8819K(21248K)], 0.0874440 secs] [Times: user=0.09 sys=0.00, real=0.09 secs] 
98.120: Total time for which application threads were stopped: 0.0875330 seconds, Stopping threads took: 0.0000140 seconds
98.148: Application time: 0.0281680 seconds
98.148: [Full GC98.148: [Tenured: 71039K->71039K(71040K), 0.0858410 secs] 102975K->79701K(102976K), [Perm : 8819K->8819K(21248K)], 0.0858880 secs] [Times: user=0.09 sys=0.00, real=0.08 secs] 
98.234: Total time for which application threads were stopped: 0.0859910 seconds, Stopping threads took: 0.0000130 seconds
98.264: Application time: 0.0299500 seconds
98.264: [Full GC98.264: [Tenured: 71039K->71039K(71040K), 0.0822080 secs] 102975K->79326K(102976K), [Perm : 8819K->8819K(21248K)], 0.0822560 secs] [Times: user=0.08 sys=0.00, real=0.08 secs] 
98.347: Total time for which application threads were stopped: 0.0823460 seconds, Stopping threads took: 0.0000130 seconds
98.373: Application time: 0.0266700 seconds
98.373: [Full GC98.373: [Tenured: 71039K->71040K(71040K), 0.0977920 secs] 102975K->75929K(102976K), [Perm : 8819K->8819K(21248K)], 0.0978380 secs] [Times: user=0.10 sys=0.00, real=0.10 secs] 
98.471: Total time for which application threads were stopped: 0.0979270 seconds, Stopping threads took: 0.0000140 seconds
98.502: Application time: 0.0305170 seconds
98.502: [Full GC98.502: [Tenured: 71040K->71040K(71040K), 0.0809760 secs] 102975K->75878K(102976K), [Perm : 8819K->8819K(21248K)], 0.0810220 secs] [Times: user=0.08 sys=0.00, real=0.08 secs] 
98.583: Total time for which application threads were stopped: 0.0811100 seconds, Stopping threads took: 0.0000140 seconds
98.610: Application time: 0.0273490 seconds
98.610: [Full GC98.610: [Tenured: 71040K->71040K(71040K), 0.0805090 secs] 102975K->75904K(102976K), [Perm : 8819K->8819K(21248K)], 0.0805560 secs] [Times: user=0.08 sys=0.00, real=0.08 secs] 
98.691: Total time for which application threads were stopped: 0.0806510 seconds, Stopping threads took: 0.0000140 seconds
98.716: Application time: 0.0256830 seconds
98.717: [Full GC98.717: [Tenured: 71040K->71039K(71040K), 0.0946700 secs] 102975K->76769K(102976K), [Perm : 8819K->8819K(21248K)], 0.0947140 secs] [Times: user=0.09 sys=0.00, real=0.10 secs] 
98.811: Total time for which application threads were stopped: 0.0948160 seconds, Stopping threads took: 0.0000130 seconds
98.835: Application time: 0.0236560 seconds
98.835: [Full GC98.835: [Tenured: 71039K->71039K(71040K), 0.0963800 secs] 102975K->74602K(102976K), [Perm : 8819K->8819K(21248K)], 0.0964220 secs] [Times: user=0.10 sys=0.00, real=0.10 secs] 
98.931: Total time for which application threads were stopped: 0.0965090 seconds, Stopping threads took: 0.0000130 seconds
98.957: Application time: 0.0254440 seconds
98.957: [Full GC98.957: [Tenured: 71039K->71039K(71040K), 0.0812790 secs] 102975K->75615K(102976K), [Perm : 8819K->8819K(21248K)], 0.0813260 secs] [Times: user=0.08 sys=0.00, real=0.08 secs] 
99.038: Total time for which application threads were stopped: 0.0814180 seconds, Stopping threads took: 0.0000140 seconds
99.064: Application time: 0.0252460 seconds
99.064: [Full GC99.064: [Tenured: 71039K->71039K(71040K), 0.0811600 secs] 102975K->75963K(102976K), [Perm : 8819K->8819K(21248K)], 0.0812020 secs] [Times: user=0.08 sys=0.00, real=0.08 secs] 
99.145: Total time for which application threads were stopped: 0.0812900 seconds, Stopping threads took: 0.0000140 seconds
99.169: Application time: 0.0244210 seconds
99.169: [Full GC99.169: [Tenured: 71039K->71039K(71040K), 0.0803440 secs] 102975K->75965K(102976K), [Perm : 8819K->8819K(21248K)], 0.0803870 secs] [Times: user=0.08 sys=0.00, real=0.08 secs] 
99.250: Total time for which application threads were stopped: 0.0804700 seconds, Stopping threads took: 0.0000130 seconds
99.276: Application time: 0.0267090 seconds
99.277: [Full GC99.277: [Tenured: 71039K->71039K(71040K), 0.0963370 secs] 102975K->75831K(102976K), [Perm : 8819K->8819K(21248K)], 0.0963830 secs] [Times: user=0.10 sys=0.00, real=0.10 secs] 
99.373: Total time for which application threads were stopped: 0.0964830 seconds, Stopping threads took: 0.0000140 seconds
99.399: Application time: 0.0258710 seconds
99.399: [Full GC99.399: [Tenured: 71039K->71039K(71040K), 0.0800100 secs] 102975K->76140K(102976K), [Perm : 8819K->8819K(21248K)], 0.0800560 secs] [Times: user=0.08 sys=0.00, real=0.08 secs] 
99.479: Total time for which application threads were stopped: 0.0801440 seconds, Stopping threads took: 0.0000140 seconds
99.505: Application time: 0.0265240 seconds
99.506: [Full GC99.506: [Tenured: 71039K->71039K(71040K), 0.0806660 secs] 102975K->75875K(102976K), [Perm : 8819K->8819K(21248K)], 0.0807110 secs] [Times: user=0.08 sys=0.00, real=0.08 secs] 
99.586: Total time for which application threads were stopped: 0.0807990 seconds, Stopping threads took: 0.0000140 seconds
99.613: Application time: 0.0269350 seconds
99.613: [Full GC99.613: [Tenured: 71039K->71039K(71040K), 0.0803900 secs] 102975K->76036K(102976K), [Perm : 8819K->8819K(21248K)], 0.0804350 secs] [Times: user=0.08 sys=0.00, real=0.08 secs] 
99.694: Total time for which application threads were stopped: 0.0805220 seconds, Stopping threads took: 0.0000130 seconds
99.720: Application time: 0.0266560 seconds
99.720: [Full GC99.720: [Tenured: 71039K->71040K(71040K), 0.0966980 secs] 102975K->76082K(102976K), [Perm : 8819K->8819K(21248K)], 0.0967460 secs] [Times: user=0.09 sys=0.00, real=0.09 secs] 
99.817: Total time for which application threads were stopped: 0.0968370 seconds, Stopping threads took: 0.0000140 seconds
99.844: Application time: 0.0263680 seconds
99.844: [Full GC99.844: [Tenured: 71040K->71040K(71040K), 0.0809620 secs] 102976K->76218K(102976K), [Perm : 8819K->8819K(21248K)], 0.0810070 secs] [Times: user=0.08 sys=0.00, real=0.08 secs] 
99.925: Total time for which application threads were stopped: 0.0811110 seconds, Stopping threads took: 0.0000130 seconds
99.952: Application time: 0.0270060 seconds
99.952: [Full GC99.952: [Tenured: 71040K->71040K(71040K), 0.0812370 secs] 102976K->76061K(102976K), [Perm : 8819K->8819K(21248K)], 0.0812910 secs] [Times: user=0.09 sys=0.00, real=0.08 secs] 
100.033: Total time for which application threads were stopped: 0.0813780 seconds, Stopping threads took: 0.0000130 seconds
100.060: Application time: 0.0270060 seconds
100.060: [Full GC100.060: [Tenured: 71040K->71040K(71040K), 0.0805410 secs] 102975K->76040K(102976K), [Perm : 8819K->8819K(21248K)], 0.0805850 secs] [Times: user=0.08 sys=0.00, real=0.08 secs] 
100.141: Total time for which application threads were stopped: 0.0806730 seconds, Stopping threads took: 0.0000150 seconds
100.165: Application time: 0.0240210 seconds
100.165: [Full GC100.165: [Tenured: 71040K->71039K(71040K), 0.0875860 secs] 102976K->75908K(102976K), [Perm : 8819K->8819K(21248K)], 0.0876300 secs] [Times: user=0.09 sys=0.00, real=0.09 secs] 
100.253: Total time for which application threads were stopped: 0.0877200 seconds, Stopping threads took: 0.0000140 seconds
100.279: Application time: 0.0263340 seconds
100.279: [Full GC100.279: [Tenured: 71039K->71039K(71040K), 0.0810390 secs] 102975K->77637K(102976K), [Perm : 8819K->8819K(21248K)], 0.0810880 secs] [Times: user=0.08 sys=0.00, real=0.09 secs] 
100.360: Total time for which application threads were stopped: 0.0811800 seconds, Stopping threads took: 0.0000140 seconds
100.385: Application time: 0.0246170 seconds
100.385: [Full GC100.385: [Tenured: 71039K->71039K(71040K), 0.1001660 secs] 102975K->84225K(102976K), [Perm : 8819K->8819K(21248K)], 0.1002090 secs] [Times: user=0.10 sys=0.00, real=0.10 secs] 
100.485: Total time for which application threads were stopped: 0.1003110 seconds, Stopping threads took: 0.0000140 seconds
100.509: Application time: 0.0244940 seconds
100.510: [Full GC100.510: [Tenured: 71039K->70235K(71040K), 0.0911390 secs] 102975K->70235K(102976K), [Perm : 8819K->8819K(21248K)], 0.0911860 secs] [Times: user=0.09 sys=0.00, real=0.09 secs] 
100.601: Total time for which application threads were stopped: 0.0912710 seconds, Stopping threads took: 0.0000130 seconds
100.612: Application time: 0.0117130 seconds
100.613: [GC100.613: [DefNew: 28416K->28416K(31936K), 0.0000090 secs]100.613: [Tenured: 70235K->71039K(71040K), 0.0977090 secs] 98651K->79803K(102976K), [Perm : 8819K->8819K(21248K)], 0.0977640 secs] [Times: user=0.10 sys=0.00, real=0.10 secs] 
100.710: Total time for which application threads were stopped: 0.0979200 seconds, Stopping threads took: 0.0000810 seconds
100.735: Application time: 0.0242420 seconds
100.735: [Full GC100.735: [Tenured: 71039K->71036K(71040K), 0.0950910 secs] 102975K->72215K(102976K), [Perm : 8819K->8819K(21248K)], 0.0951360 secs] [Times: user=0.10 sys=0.00, real=0.10 secs] 
100.830: Total time for which application threads were stopped: 0.0952220 seconds, Stopping threads took: 0.0000120 seconds
100.863: Application time: 0.0329100 seconds
100.863: [Full GC100.863: [Tenured: 71040K->71039K(71040K), 0.0846970 secs] 102975K->78636K(102976K), [Perm : 8819K->8819K(21248K)], 0.0847410 secs] [Times: user=0.08 sys=0.00, real=0.09 secs] 
100.948: Total time for which application threads were stopped: 0.0848270 seconds, Stopping threads took: 0.0000140 seconds
100.977: Application time: 0.0290180 seconds
100.977: [Full GC100.977: [Tenured: 71039K->71039K(71040K), 0.0980620 secs] 102975K->77479K(102976K), [Perm : 8819K->8819K(21248K)], 0.0981090 secs] [Times: user=0.10 sys=0.00, real=0.10 secs] 
101.075: Total time for which application threads were stopped: 0.0982130 seconds, Stopping threads took: 0.0000140 seconds
101.104: Application time: 0.0288250 seconds
101.104: [Full GC101.104: [Tenured: 71039K->71039K(71040K), 0.0969310 secs] 102975K->75581K(102976K), [Perm : 8819K->8819K(21248K)], 0.0969770 secs] [Times: user=0.10 sys=0.00, real=0.10 secs] 
101.201: Total time for which application threads were stopped: 0.0970670 seconds, Stopping threads took: 0.0000140 seconds
101.229: Application time: 0.0280440 seconds
101.229: [Full GC101.229: [Tenured: 71039K->71039K(71040K), 0.0974040 secs] 102975K->79844K(102976K), [Perm : 8819K->8819K(21248K)], 0.0974500 secs] [Times: user=0.10 sys=0.00, real=0.09 secs] 
101.326: Total time for which application threads were stopped: 0.0975380 seconds, Stopping threads took: 0.0000140 seconds
101.352: Application time: 0.0259990 seconds
101.352: [Full GC101.352: [Tenured: 71040K->71040K(71040K), 0.0999900 secs] 102976K->78865K(102976K), [Perm : 8819K->8819K(21248K)], 0.1000340 secs] [Times: user=0.10 sys=0.00, real=0.10 secs] 
101.452: Total time for which application threads were stopped: 0.1001230 seconds, Stopping threads took: 0.0000130 seconds
101.479: Application time: 0.0262480 seconds
101.479: [Full GC101.479: [Tenured: 71040K->71039K(71040K), 0.1021880 secs] 102975K->77244K(102976K), [Perm : 8819K->8819K(21248K)], 0.1022350 secs] [Times: user=0.11 sys=0.00, real=0.11 secs] 
101.581: Total time for which application threads were stopped: 0.1023340 seconds, Stopping threads took: 0.0000170 seconds
101.612: Application time: 0.0307680 seconds
101.612: [Full GC101.612: [Tenured: 71039K->71039K(71040K), 0.0974900 secs] 102975K->75891K(102976K), [Perm : 8819K->8819K(21248K)], 0.0975370 secs] [Times: user=0.09 sys=0.00, real=0.10 secs] 
101.709: Total time for which application threads were stopped: 0.0976250 seconds, Stopping threads took: 0.0000130 seconds
101.741: Application time: 0.0317900 seconds
101.741: [Full GC101.741: [Tenured: 71039K->71039K(71040K), 0.0808320 secs] 102975K->77040K(102976K), [Perm : 8819K->8819K(21248K)], 0.0808790 secs] [Times: user=0.08 sys=0.00, real=0.08 secs] 
101.822: Total time for which application threads were stopped: 0.0809740 seconds, Stopping threads took: 0.0000140 seconds
101.853: Application time: 0.0306630 seconds
101.853: [Full GC101.853: [Tenured: 71039K->71039K(71040K), 0.0794110 secs] 102975K->77103K(102976K), [Perm : 8819K->8819K(21248K)], 0.0794560 secs] [Times: user=0.08 sys=0.00, real=0.08 secs] 
101.932: Total time for which application threads were stopped: 0.0795420 seconds, Stopping threads took: 0.0000140 seconds
101.963: Application time: 0.0309130 seconds
101.963: [Full GC101.963: [Tenured: 71039K->71039K(71040K), 0.0779890 secs] 102975K->77071K(102976K), [Perm : 8819K->8819K(21248K)], 0.0780340 secs] [Times: user=0.07 sys=0.00, real=0.08 secs] 
102.041: Total time for which application threads were stopped: 0.0781210 seconds, Stopping threads took: 0.0000140 seconds
102.069: Application time: 0.0273270 seconds
102.069: [Full GC102.069: [Tenured: 71039K->71039K(71040K), 0.0957720 secs] 102975K->73630K(102976K), [Perm : 8819K->8819K(21248K)], 0.0958170 secs] [Times: user=0.09 sys=0.00, real=0.09 secs] 
102.165: Total time for which application threads were stopped: 0.0959150 seconds, Stopping threads took: 0.0000130 seconds
102.191: Application time: 0.0266770 seconds
102.191: [Full GC102.191: [Tenured: 71040K->71040K(71040K), 0.0779440 secs] 102976K->75196K(102976K), [Perm : 8819K->8819K(21248K)], 0.0779900 secs] [Times: user=0.08 sys=0.00, real=0.08 secs] 
102.269: Total time for which application threads were stopped: 0.0780770 seconds, Stopping threads took: 0.0000140 seconds
102.293: Application time: 0.0239040 seconds
102.293: [Full GC102.293: [Tenured: 71040K->71040K(71040K), 0.0794990 secs] 102975K->76209K(102976K), [Perm : 8819K->8819K(21248K)], 0.0795450 secs] [Times: user=0.08 sys=0.00, real=0.08 secs] 
102.373: Total time for which application threads were stopped: 0.0796340 seconds, Stopping threads took: 0.0000140 seconds
102.398: Application time: 0.0254660 seconds
102.398: [Full GC102.398: [Tenured: 71040K->71040K(71040K), 0.0780580 secs] 102975K->76277K(102976K), [Perm : 8819K->8819K(21248K)], 0.0781030 secs] [Times: user=0.08 sys=0.00, real=0.08 secs] 
102.477: Total time for which application threads were stopped: 0.0781910 seconds, Stopping threads took: 0.0000140 seconds
102.502: Application time: 0.0252100 seconds
102.502: [Full GC102.502: [Tenured: 71040K->71039K(71040K), 0.0924000 secs] 102976K->75924K(102976K), [Perm : 8819K->8819K(21248K)], 0.0924490 secs] [Times: user=0.09 sys=0.00, real=0.09 secs] 
102.594: Total time for which application threads were stopped: 0.0925530 seconds, Stopping threads took: 0.0000150 seconds
102.619: Application time: 0.0247180 seconds
102.619: [Full GC102.619: [Tenured: 71039K->71039K(71040K), 0.0776690 secs] 102975K->76481K(102976K), [Perm : 8819K->8819K(21248K)], 0.0777140 secs] [Times: user=0.08 sys=0.00, real=0.07 secs] 
102.697: Total time for which application threads were stopped: 0.0778180 seconds, Stopping threads took: 0.0000140 seconds
102.723: Application time: 0.0258840 seconds
102.723: [Full GC102.723: [Tenured: 71039K->71039K(71040K), 0.0779670 secs] 102975K->76884K(102976K), [Perm : 8819K->8819K(21248K)], 0.0780120 secs] [Times: user=0.07 sys=0.00, real=0.08 secs] 
102.801: Total time for which application threads were stopped: 0.0780990 seconds, Stopping threads took: 0.0000130 seconds
102.826: Application time: 0.0253140 seconds
102.826: [Full GC102.826: [Tenured: 71039K->71039K(71040K), 0.0781530 secs] 102975K->76689K(102976K), [Perm : 8819K->8819K(21248K)], 0.0781980 secs] [Times: user=0.08 sys=0.00, real=0.08 secs] 
102.904: Total time for which application threads were stopped: 0.0782840 seconds, Stopping threads took: 0.0000140 seconds
102.927: Application time: 0.0225790 seconds
102.927: [Full GC102.927: [Tenured: 71039K->71040K(71040K), 0.0954430 secs] 102975K->75885K(102976K), [Perm : 8819K->8819K(21248K)], 0.0954900 secs] [Times: user=0.09 sys=0.00, real=0.09 secs] 
103.023: Total time for which application threads were stopped: 0.0955790 seconds, Stopping threads took: 0.0000140 seconds
103.050: Application time: 0.0270260 seconds
103.050: [Full GC103.050: [Tenured: 71040K->71040K(71040K), 0.0783320 secs] 102975K->75755K(102976K), [Perm : 8819K->8819K(21248K)], 0.0783760 secs] [Times: user=0.08 sys=0.00, real=0.08 secs] 
103.128: Total time for which application threads were stopped: 0.0784640 seconds, Stopping threads took: 0.0000140 seconds
103.155: Application time: 0.0264330 seconds
103.155: [Full GC103.155: [Tenured: 71040K->71040K(71040K), 0.0795600 secs] 102975K->75564K(102976K), [Perm : 8819K->8819K(21248K)], 0.0796060 secs] [Times: user=0.08 sys=0.00, real=0.08 secs] 
103.234: Total time for which application threads were stopped: 0.0797060 seconds, Stopping threads took: 0.0000140 seconds
103.262: Application time: 0.0276370 seconds
103.262: [Full GC103.262: [Tenured: 71040K->71040K(71040K), 0.0780640 secs] 102975K->76047K(102976K), [Perm : 8819K->8819K(21248K)], 0.0781090 secs] [Times: user=0.08 sys=0.00, real=0.08 secs] 
103.340: Total time for which application threads were stopped: 0.0781950 seconds, Stopping threads took: 0.0000130 seconds
103.366: Application time: 0.0258210 seconds
103.366: [Full GC103.366: [Tenured: 71040K->71039K(71040K), 0.0935140 secs] 102976K->76017K(102976K), [Perm : 8819K->8819K(21248K)], 0.0935590 secs] [Times: user=0.09 sys=0.00, real=0.10 secs] 
103.460: Total time for which application threads were stopped: 0.0936500 seconds, Stopping threads took: 0.0000140 seconds
103.482: Application time: 0.0219320 seconds
103.482: [Full GC103.482: [Tenured: 71039K->71039K(71040K), 0.0772190 secs] 102975K->75909K(102976K), [Perm : 8819K->8819K(21248K)], 0.0772630 secs] [Times: user=0.08 sys=0.00, real=0.07 secs] 
103.559: Total time for which application threads were stopped: 0.0773500 seconds, Stopping threads took: 0.0000140 seconds
103.584: Application time: 0.0255390 seconds
103.584: [Full GC103.584: [Tenured: 71039K->71039K(71040K), 0.0778910 secs] 102975K->75929K(102976K), [Perm : 8819K->8819K(21248K)], 0.0779370 secs] [Times: user=0.08 sys=0.00, real=0.08 secs] 
103.662: Total time for which application threads were stopped: 0.0780230 seconds, Stopping threads took: 0.0000140 seconds
103.688: Application time: 0.0251210 seconds
103.688: [Full GC103.688: [Tenured: 71039K->71039K(71040K), 0.0795840 secs] 102975K->77044K(102976K), [Perm : 8819K->8819K(21248K)], 0.0796270 secs] [Times: user=0.08 sys=0.00, real=0.08 secs] 
103.767: Total time for which application threads were stopped: 0.0797250 seconds, Stopping threads took: 0.0000130 seconds
103.789: Application time: 0.0219300 seconds
103.789: [Full GC103.789: [Tenured: 71039K->71039K(71040K), 0.0994040 secs] 102975K->78878K(102976K), [Perm : 8819K->8819K(21248K)], 0.0994590 secs] [Times: user=0.10 sys=0.00, real=0.10 secs] 
103.889: Total time for which application threads were stopped: 0.0995470 seconds, Stopping threads took: 0.0000130 seconds
103.914: Application time: 0.0253770 seconds
103.914: [Full GC103.914: [Tenured: 71039K->71040K(71040K), 0.0894180 secs] 102975K->71120K(102976K), [Perm : 8819K->8819K(21248K)], 0.0894610 secs] [Times: user=0.09 sys=0.00, real=0.09 secs] 
104.004: Total time for which application threads were stopped: 0.0895480 seconds, Stopping threads took: 0.0000130 seconds
104.029: Application time: 0.0253610 seconds
104.029: [Full GC104.029: [Tenured: 71040K->71039K(71040K), 0.0960720 secs] 102975K->78100K(102976K), [Perm : 8819K->8819K(21248K)], 0.0961170 secs] [Times: user=0.09 sys=0.00, real=0.09 secs] 
104.125: Total time for which application threads were stopped: 0.0962040 seconds, Stopping threads took: 0.0000130 seconds
104.152: Application time: 0.0264780 seconds
104.152: [Full GC104.152: [Tenured: 71039K->71040K(71040K), 0.0967890 secs] 102975K->74367K(102976K), [Perm : 8819K->8819K(21248K)], 0.0968360 secs] [Times: user=0.09 sys=0.00, real=0.10 secs] 
104.249: Total time for which application threads were stopped: 0.0969240 seconds, Stopping threads took: 0.0000130 seconds
104.281: Application time: 0.0319770 seconds
104.281: [Full GC104.281: [Tenured: 71040K->71040K(71040K), 0.1003650 secs] 102975K->75527K(102976K), [Perm : 8819K->8819K(21248K)], 0.1004100 secs] [Times: user=0.10 sys=0.00, real=0.10 secs] 
104.381: Total time for which application threads were stopped: 0.1005080 seconds, Stopping threads took: 0.0000140 seconds
104.412: Application time: 0.0309870 seconds
104.412: [Full GC104.412: [Tenured: 71040K->71039K(71040K), 0.0888200 secs] 102975K->79552K(102976K), [Perm : 8819K->8819K(21248K)], 0.0888670 secs] [Times: user=0.08 sys=0.00, real=0.09 secs] 
104.501: Total time for which application threads were stopped: 0.0889660 seconds, Stopping threads took: 0.0000240 seconds
104.528: Application time: 0.0271180 seconds
104.528: [Full GC104.528: [Tenured: 71039K->71039K(71040K), 0.0979920 secs] 102975K->77844K(102976K), [Perm : 8819K->8819K(21248K)], 0.0980390 secs] [Times: user=0.10 sys=0.00, real=0.09 secs] 
104.626: Total time for which application threads were stopped: 0.0981250 seconds, Stopping threads took: 0.0000130 seconds
104.653: Application time: 0.0269810 seconds
104.653: [Full GC104.653: [Tenured: 71039K->71040K(71040K), 0.1032170 secs] 102975K->76947K(102976K), [Perm : 8819K->8819K(21248K)], 0.1032630 secs] [Times: user=0.11 sys=0.00, real=0.10 secs] 
104.757: Total time for which application threads were stopped: 0.1033520 seconds, Stopping threads took: 0.0000130 seconds
104.784: Application time: 0.0268400 seconds
104.784: [Full GC104.784: [Tenured: 71040K->71039K(71040K), 0.0986960 secs] 102976K->76090K(102976K), [Perm : 8819K->8819K(21248K)], 0.0987420 secs] [Times: user=0.10 sys=0.00, real=0.10 secs] 
104.882: Total time for which application threads were stopped: 0.0988430 seconds, Stopping threads took: 0.0000130 seconds
104.913: Application time: 0.0304130 seconds
104.913: [Full GC104.913: [Tenured: 71039K->71039K(71040K), 0.1034580 secs] 102975K->76344K(102976K), [Perm : 8819K->8819K(21248K)], 0.1035020 secs] [Times: user=0.11 sys=0.00, real=0.10 secs] 
105.016: Total time for which application threads were stopped: 0.1035900 seconds, Stopping threads took: 0.0000130 seconds
105.042: Application time: 0.0256610 seconds
105.042: [Full GC105.042: [Tenured: 71039K->71039K(71040K), 0.0811750 secs] 102975K->77218K(102976K), [Perm : 8819K->8819K(21248K)], 0.0812190 secs] [Times: user=0.08 sys=0.00, real=0.08 secs] 
105.123: Total time for which application threads were stopped: 0.0813090 seconds, Stopping threads took: 0.0000140 seconds
105.155: Application time: 0.0314590 seconds
105.155: [Full GC105.155: [Tenured: 71039K->71039K(71040K), 0.0818630 secs] 102975K->78552K(102976K), [Perm : 8819K->8819K(21248K)], 0.0819190 secs] [Times: user=0.08 sys=0.00, real=0.08 secs] 
105.237: Total time for which application threads were stopped: 0.0820180 seconds, Stopping threads took: 0.0000230 seconds
105.267: Application time: 0.0299060 seconds
105.267: [Full GC105.267: [Tenured: 71039K->71039K(71040K), 0.0961410 secs] 102975K->75927K(102976K), [Perm : 8819K->8819K(21248K)], 0.0962060 secs] [Times: user=0.10 sys=0.00, real=0.10 secs] 
105.363: Total time for which application threads were stopped: 0.0963070 seconds, Stopping threads took: 0.0000150 seconds
105.391: Application time: 0.0283810 seconds
105.392: [Full GC105.392: [Tenured: 71039K->71039K(71040K), 0.0960210 secs] 102975K->76907K(102976K), [Perm : 8819K->8819K(21248K)], 0.0960660 secs] [Times: user=0.10 sys=0.00, real=0.10 secs] 
105.488: Total time for which application threads were stopped: 0.0961660 seconds, Stopping threads took: 0.0000140 seconds
105.515: Application time: 0.0270740 seconds
105.515: [Full GC105.515: [Tenured: 71039K->71039K(71040K), 0.0816930 secs] 102975K->78026K(102976K), [Perm : 8819K->8819K(21248K)], 0.0817410 secs] [Times: user=0.08 sys=0.00, real=0.08 secs] 
105.597: Total time for which application threads were stopped: 0.0818300 seconds, Stopping threads took: 0.0000140 seconds
105.623: Application time: 0.0262380 seconds
105.623: [Full GC105.623: [Tenured: 71039K->71039K(71040K), 0.0811020 secs] 102975K->79036K(102976K), [Perm : 8819K->8819K(21248K)], 0.0811480 secs] [Times: user=0.08 sys=0.00, real=0.08 secs] 
105.704: Total time for which application threads were stopped: 0.0812370 seconds, Stopping threads took: 0.0000140 seconds
105.727: Application time: 0.0229600 seconds
105.727: [Full GC105.727: [Tenured: 71039K->71039K(71040K), 0.0975230 secs] 102975K->75913K(102976K), [Perm : 8819K->8819K(21248K)], 0.0975680 secs] [Times: user=0.09 sys=0.00, real=0.09 secs] 
105.825: Total time for which application threads were stopped: 0.0976620 seconds, Stopping threads took: 0.0000140 seconds
105.848: Application time: 0.0236690 seconds
105.848: [Full GC105.848: [Tenured: 71039K->71039K(71040K), 0.0798540 secs] 102975K->75935K(102976K), [Perm : 8819K->8819K(21248K)], 0.0798960 secs] [Times: user=0.08 sys=0.00, real=0.08 secs] 
105.928: Total time for which application threads were stopped: 0.0799840 seconds, Stopping threads took: 0.0000150 seconds
105.953: Application time: 0.0250040 seconds
105.953: [Full GC105.953: [Tenured: 71039K->71039K(71040K), 0.0805390 secs] 102975K->76645K(102976K), [Perm : 8819K->8819K(21248K)], 0.0805820 secs] [Times: user=0.08 sys=0.00, real=0.08 secs] 
106.034: Total time for which application threads were stopped: 0.0806830 seconds, Stopping threads took: 0.0000140 seconds
106.059: Application time: 0.0246310 seconds
106.059: [Full GC106.059: [Tenured: 71039K->71039K(71040K), 0.0803840 secs] 102975K->77051K(102976K), [Perm : 8819K->8819K(21248K)], 0.0804280 secs] [Times: user=0.08 sys=0.00, real=0.09 secs] 
106.139: Total time for which application threads were stopped: 0.0805140 seconds, Stopping threads took: 0.0000140 seconds
106.163: Application time: 0.0238850 seconds
106.163: [Full GC106.163: [Tenured: 71040K->71039K(71040K), 0.0953230 secs] 102975K->75776K(102976K), [Perm : 8819K->8819K(21248K)], 0.0953670 secs] [Times: user=0.09 sys=0.00, real=0.09 secs] 
106.258: Total time for which application threads were stopped: 0.0954570 seconds, Stopping threads took: 0.0000160 seconds
106.283: Application time: 0.0249040 seconds
106.283: [Full GC106.283: [Tenured: 71039K->71039K(71040K), 0.0794490 secs] 102975K->75969K(102976K), [Perm : 8819K->8819K(21248K)], 0.0794950 secs] [Times: user=0.08 sys=0.00, real=0.08 secs] 
106.363: Total time for which application threads were stopped: 0.0795830 seconds, Stopping threads took: 0.0000140 seconds
106.388: Application time: 0.0255500 seconds
106.389: [Full GC106.389: [Tenured: 71039K->71039K(71040K), 0.0806640 secs] 102975K->77829K(102976K), [Perm : 8819K->8819K(21248K)], 0.0807090 secs] [Times: user=0.08 sys=0.00, real=0.08 secs] 
106.469: Total time for which application threads were stopped: 0.0808050 seconds, Stopping threads took: 0.0000140 seconds
106.496: Application time: 0.0263640 seconds
106.496: [Full GC106.496: [Tenured: 71039K->71039K(71040K), 0.0810360 secs] 102975K->77856K(102976K), [Perm : 8819K->8819K(21248K)], 0.0810820 secs] [Times: user=0.08 sys=0.00, real=0.08 secs] 
106.577: Total time for which application threads were stopped: 0.0811830 seconds, Stopping threads took: 0.0000130 seconds
106.603: Application time: 0.0263210 seconds
106.603: [Full GC106.603: [Tenured: 71039K->71039K(71040K), 0.0963480 secs] 102975K->75956K(102976K), [Perm : 8819K->8819K(21248K)], 0.0963930 secs] [Times: user=0.10 sys=0.00, real=0.10 secs] 
106.700: Total time for which application threads were stopped: 0.0964820 seconds, Stopping threads took: 0.0000130 seconds
106.727: Application time: 0.0271240 seconds
106.727: [Full GC106.727: [Tenured: 71039K->71039K(71040K), 0.0800050 secs] 102975K->76046K(102976K), [Perm : 8819K->8819K(21248K)], 0.0800510 secs] [Times: user=0.08 sys=0.00, real=0.08 secs] 
106.807: Total time for which application threads were stopped: 0.0801390 seconds, Stopping threads took: 0.0000150 seconds
106.834: Application time: 0.0272220 seconds
106.834: [Full GC106.834: [Tenured: 71040K->71040K(71040K), 0.0807040 secs] 102975K->76055K(102976K), [Perm : 8819K->8819K(21248K)], 0.0807450 secs] [Times: user=0.08 sys=0.00, real=0.08 secs] 
106.915: Total time for which application threads were stopped: 0.0808330 seconds, Stopping threads took: 0.0000150 seconds
106.941: Application time: 0.0262010 seconds
106.941: [Full GC106.941: [Tenured: 71040K->71040K(71040K), 0.0806500 secs] 102976K->76061K(102976K), [Perm : 8819K->8819K(21248K)], 0.0806960 secs] [Times: user=0.08 sys=0.00, real=0.08 secs] 
107.022: Total time for which application threads were stopped: 0.0808000 seconds, Stopping threads took: 0.0000320 seconds
107.046: Application time: 0.0243730 seconds
107.046: [Full GC107.046: [Tenured: 71040K->71039K(71040K), 0.0929630 secs] 102975K->75916K(102976K), [Perm : 8819K->8819K(21248K)], 0.0930090 secs] [Times: user=0.09 sys=0.00, real=0.10 secs] 
107.139: Total time for which application threads were stopped: 0.0931150 seconds, Stopping threads took: 0.0000150 seconds
107.162: Application time: 0.0228710 seconds
107.162: [Full GC107.162: [Tenured: 71040K->71040K(71040K), 0.0824570 secs] 102976K->78152K(102976K), [Perm : 8819K->8819K(21248K)], 0.0824980 secs] [Times: user=0.08 sys=0.00, real=0.08 secs] 
107.245: Total time for which application threads were stopped: 0.0825800 seconds, Stopping threads took: 0.0000130 seconds
107.270: Application time: 0.0248980 seconds
107.270: [Full GC107.270: [Tenured: 71040K->71039K(71040K), 0.0955360 secs] 102975K->76908K(102976K), [Perm : 8819K->8819K(21248K)], 0.0955810 secs] [Times: user=0.09 sys=0.00, real=0.09 secs] 
107.365: Total time for which application threads were stopped: 0.0956700 seconds, Stopping threads took: 0.0000130 seconds
107.392: Application time: 0.0263110 seconds
107.392: [Full GC107.392: [Tenured: 71039K->71040K(71040K), 0.0913120 secs] 102975K->72551K(102976K), [Perm : 8819K->8819K(21248K)], 0.0913560 secs] [Times: user=0.09 sys=0.00, real=0.09 secs] 
107.483: Total time for which application threads were stopped: 0.0914430 seconds, Stopping threads took: 0.0000140 seconds
107.508: Application time: 0.0248100 seconds
107.508: [Full GC107.508: [Tenured: 71040K->71039K(71040K), 0.0986930 secs] 102975K->76010K(102976K), [Perm : 8819K->8819K(21248K)], 0.0987410 secs] [Times: user=0.10 sys=0.00, real=0.09 secs] 
107.607: Total time for which application threads were stopped: 0.0988390 seconds, Stopping threads took: 0.0000230 seconds
107.635: Application time: 0.0282060 seconds
107.635: [Full GC107.635: [Tenured: 71040K->71039K(71040K), 0.0946620 secs] 102976K->72514K(102976K), [Perm : 8819K->8819K(21248K)], 0.0947100 secs] [Times: user=0.09 sys=0.00, real=0.10 secs] 
107.730: Total time for which application threads were stopped: 0.0948180 seconds, Stopping threads took: 0.0000140 seconds
107.762: Application time: 0.0319620 seconds
107.762: [Full GC107.762: [Tenured: 71039K->71039K(71040K), 0.0968380 secs] 102975K->78040K(102976K), [Perm : 8819K->8819K(21248K)], 0.0968840 secs] [Times: user=0.09 sys=0.00, real=0.09 secs] 
107.859: Total time for which application threads were stopped: 0.0969700 seconds, Stopping threads took: 0.0000130 seconds
107.886: Application time: 0.0274610 seconds
107.886: [Full GC107.886: [Tenured: 71039K->71040K(71040K), 0.0974950 secs] 102975K->78337K(102976K), [Perm : 8819K->8819K(21248K)], 0.0975390 secs] [Times: user=0.10 sys=0.00, real=0.10 secs] 
107.984: Total time for which application threads were stopped: 0.0976260 seconds, Stopping threads took: 0.0000140 seconds
108.011: Application time: 0.0272420 seconds
108.011: [Full GC108.011: [Tenured: 71040K->71039K(71040K), 0.0975200 secs] 102976K->76110K(102976K), [Perm : 8819K->8819K(21248K)], 0.0975650 secs] [Times: user=0.09 sys=0.00, real=0.10 secs] 
108.109: Total time for which application threads were stopped: 0.0976530 seconds, Stopping threads took: 0.0000140 seconds
108.135: Application time: 0.0265960 seconds
108.136: [Full GC108.136: [Tenured: 71039K->71039K(71040K), 0.0993250 secs] 102975K->81655K(102976K), [Perm : 8819K->8819K(21248K)], 0.0993710 secs] [Times: user=0.10 sys=0.00, real=0.10 secs] 
108.235: Total time for which application threads were stopped: 0.0994600 seconds, Stopping threads took: 0.0000130 seconds
108.260: Application time: 0.0246560 seconds
108.260: [Full GC108.260: [Tenured: 71039K->71040K(71040K), 0.1050230 secs] 102975K->78878K(102976K), [Perm : 8819K->8819K(21248K)], 0.1050700 secs] [Times: user=0.11 sys=0.00, real=0.10 secs] 
108.365: Total time for which application threads were stopped: 0.1051730 seconds, Stopping threads took: 0.0000140 seconds
108.392: Application time: 0.0272070 seconds
108.392: [Full GC108.392: [Tenured: 71040K->71040K(71040K), 0.0974200 secs] 102975K->79435K(102976K), [Perm : 8819K->8819K(21248K)], 0.0974670 secs] [Times: user=0.10 sys=0.00, real=0.10 secs] 
108.490: Total time for which application threads were stopped: 0.0975550 seconds, Stopping threads took: 0.0000130 seconds
108.519: Application time: 0.0290290 seconds
108.519: [Full GC108.519: [Tenured: 71040K->71039K(71040K), 0.1011450 secs] 102975K->76606K(102976K), [Perm : 8819K->8819K(21248K)], 0.1011900 secs] [Times: user=0.10 sys=0.00, real=0.11 secs] 
108.620: Total time for which application threads were stopped: 0.1012800 seconds, Stopping threads took: 0.0000130 seconds
108.647: Application time: 0.0275530 seconds
108.647: [Full GC108.647: [Tenured: 71039K->71039K(71040K), 0.0809180 secs] 102975K->76713K(102976K), [Perm : 8819K->8819K(21248K)], 0.0809630 secs] [Times: user=0.08 sys=0.00, real=0.08 secs] 
108.728: Total time for which application threads were stopped: 0.0810490 seconds, Stopping threads took: 0.0000130 seconds
108.757: Application time: 0.0289510 seconds
108.757: [Full GC108.757: [Tenured: 71039K->71039K(71040K), 0.0823820 secs] 102975K->79111K(102976K), [Perm : 8819K->8819K(21248K)], 0.0824280 secs] [Times: user=0.09 sys=0.00, real=0.09 secs] 
108.840: Total time for which application threads were stopped: 0.0825160 seconds, Stopping threads took: 0.0000140 seconds
108.869: Application time: 0.0289950 seconds
108.869: [Full GC108.869: [Tenured: 71039K->71039K(71040K), 0.0958120 secs] 102975K->77663K(102976K), [Perm : 8819K->8819K(21248K)], 0.0958590 secs] [Times: user=0.09 sys=0.00, real=0.09 secs] 
108.965: Total time for which application threads were stopped: 0.0959610 seconds, Stopping threads took: 0.0000140 seconds
108.994: Application time: 0.0287280 seconds
108.994: [Full GC108.994: [Tenured: 71039K->71039K(71040K), 0.0965440 secs] 102975K->75376K(102976K), [Perm : 8819K->8819K(21248K)], 0.0965890 secs] [Times: user=0.10 sys=0.00, real=0.10 secs] 
109.090: Total time for which application threads were stopped: 0.0966760 seconds, Stopping threads took: 0.0000140 seconds
109.117: Application time: 0.0268480 seconds
109.117: [Full GC109.117: [Tenured: 71039K->71039K(71040K), 0.0801460 secs] 102975K->76024K(102976K), [Perm : 8819K->8819K(21248K)], 0.0802010 secs] [Times: user=0.08 sys=0.00, real=0.08 secs] 
109.197: Total time for which application threads were stopped: 0.0802900 seconds, Stopping threads took: 0.0000140 seconds
109.224: Application time: 0.0267020 seconds
109.224: [Full GC109.224: [Tenured: 71039K->71039K(71040K), 0.0784200 secs] 102975K->75975K(102976K), [Perm : 8819K->8819K(21248K)], 0.0784680 secs] [Times: user=0.08 sys=0.00, real=0.08 secs] 
109.303: Total time for which application threads were stopped: 0.0785570 seconds, Stopping threads took: 0.0000140 seconds
109.328: Application time: 0.0256500 seconds
109.328: [Full GC109.328: [Tenured: 71039K->71039K(71040K), 0.0785080 secs] 102975K->77251K(102976K), [Perm : 8819K->8819K(21248K)], 0.0785530 secs] [Times: user=0.08 sys=0.00, real=0.07 secs] 
109.407: Total time for which application threads were stopped: 0.0786420 seconds, Stopping threads took: 0.0000150 seconds
109.432: Application time: 0.0246930 seconds
109.432: [Full GC109.432: [Tenured: 71039K->71040K(71040K), 0.0936780 secs] 102975K->75932K(102976K), [Perm : 8819K->8819K(21248K)], 0.0937290 secs] [Times: user=0.10 sys=0.00, real=0.09 secs] 
109.525: Total time for which application threads were stopped: 0.0938440 seconds, Stopping threads took: 0.0000240 seconds
109.551: Application time: 0.0251540 seconds
109.551: [Full GC109.551: [Tenured: 71040K->71040K(71040K), 0.0777700 secs] 102975K->75763K(102976K), [Perm : 8819K->8819K(21248K)], 0.0778120 secs] [Times: user=0.07 sys=0.00, real=0.08 secs] 
109.629: Total time for which application threads were stopped: 0.0779000 seconds, Stopping threads took: 0.0000150 seconds
109.654: Application time: 0.0254650 seconds
109.654: [Full GC109.654: [Tenured: 71040K->71040K(71040K), 0.0790250 secs] 102976K->77531K(102976K), [Perm : 8819K->8819K(21248K)], 0.0790720 secs] [Times: user=0.08 sys=0.00, real=0.08 secs] 
109.733: Total time for which application threads were stopped: 0.0791600 seconds, Stopping threads took: 0.0000140 seconds
109.759: Application time: 0.0256950 seconds
109.759: [Full GC109.759: [Tenured: 71040K->71040K(71040K), 0.0785810 secs] 102976K->77411K(102976K), [Perm : 8819K->8819K(21248K)], 0.0786280 secs] [Times: user=0.08 sys=0.00, real=0.08 secs] 
109.838: Total time for which application threads were stopped: 0.0787170 seconds, Stopping threads took: 0.0000140 seconds
109.862: Application time: 0.0248750 seconds
109.863: [Full GC109.863: [Tenured: 71040K->71039K(71040K), 0.0954770 secs] 102975K->76970K(102976K), [Perm : 8819K->8819K(21248K)], 0.0955240 secs] [Times: user=0.09 sys=0.00, real=0.09 secs] 
109.958: Total time for which application threads were stopped: 0.0956150 seconds, Stopping threads took: 0.0000130 seconds
109.985: Application time: 0.0267100 seconds
109.985: [Full GC109.985: [Tenured: 71039K->71039K(71040K), 0.0792210 secs] 102975K->76155K(102976K), [Perm : 8819K->8819K(21248K)], 0.0792660 secs] [Times: user=0.07 sys=0.00, real=0.08 secs] 
110.064: Total time for which application threads were stopped: 0.0793650 seconds, Stopping threads took: 0.0000130 seconds
110.091: Application time: 0.0267400 seconds
110.091: [Full GC110.091: [Tenured: 71039K->71039K(71040K), 0.0782180 secs] 102975K->76108K(102976K), [Perm : 8819K->8819K(21248K)], 0.0782610 secs] [Times: user=0.08 sys=0.00, real=0.08 secs] 
110.169: Total time for which application threads were stopped: 0.0783490 seconds, Stopping threads took: 0.0000140 seconds
110.195: Application time: 0.0258870 seconds
110.195: [Full GC110.195: [Tenured: 71039K->71039K(71040K), 0.0784590 secs] 102975K->76127K(102976K), [Perm : 8819K->8819K(21248K)], 0.0785040 secs] [Times: user=0.08 sys=0.00, real=0.08 secs] 
110.274: Total time for which application threads were stopped: 0.0785910 seconds, Stopping threads took: 0.0000140 seconds
110.301: Application time: 0.0272320 seconds
110.301: [Full GC110.301: [Tenured: 71039K->71039K(71040K), 0.0918630 secs] 102975K->75911K(102976K), [Perm : 8819K->8819K(21248K)], 0.0919190 secs] [Times: user=0.09 sys=0.00, real=0.09 secs] 
110.393: Total time for which application threads were stopped: 0.0920240 seconds, Stopping threads took: 0.0000150 seconds
110.420: Application time: 0.0271590 seconds
110.420: [Full GC110.420: [Tenured: 71039K->71039K(71040K), 0.0779320 secs] 102975K->75902K(102976K), [Perm : 8819K->8819K(21248K)], 0.0779750 secs] [Times: user=0.08 sys=0.00, real=0.07 secs] 
110.498: Total time for which application threads were stopped: 0.0780750 seconds, Stopping threads took: 0.0000150 seconds
110.525: Application time: 0.0264030 seconds
110.525: [Full GC110.525: [Tenured: 71039K->71039K(71040K), 0.0789900 secs] 102975K->76291K(102976K), [Perm : 8819K->8819K(21248K)], 0.0790330 secs] [Times: user=0.07 sys=0.00, real=0.08 secs] 
110.604: Total time for which application threads were stopped: 0.0791320 seconds, Stopping threads took: 0.0000130 seconds
110.630: Application time: 0.0258620 seconds
110.630: [Full GC110.630: [Tenured: 71039K->71039K(71040K), 0.0912280 secs] 102975K->77164K(102976K), [Perm : 8819K->8819K(21248K)], 0.0912740 secs] [Times: user=0.09 sys=0.00, real=0.09 secs] 
110.721: Total time for which application threads were stopped: 0.0913630 seconds, Stopping threads took: 0.0000130 seconds
110.745: Application time: 0.0237810 seconds
110.745: [Full GC110.745: [Tenured: 71040K->71039K(71040K), 0.0964940 secs] 102976K->77438K(102976K), [Perm : 8819K->8819K(21248K)], 0.0965400 secs] [Times: user=0.10 sys=0.00, real=0.10 secs] 
110.841: Total time for which application threads were stopped: 0.0966300 seconds, Stopping threads took: 0.0000140 seconds
110.864: Application time: 0.0230500 seconds
110.865: [Full GC110.865: [Tenured: 71039K->71039K(71040K), 0.0955510 secs] 102975K->82154K(102976K), [Perm : 8819K->8819K(21248K)], 0.0955950 secs] [Times: user=0.10 sys=0.00, real=0.10 secs] 
110.960: Total time for which application threads were stopped: 0.0956840 seconds, Stopping threads took: 0.0000130 seconds
110.985: Application time: 0.0245610 seconds
110.985: [Full GC110.985: [Tenured: 71039K->71039K(71040K), 0.0928870 secs] 102975K->72454K(102976K), [Perm : 8819K->8819K(21248K)], 0.0929330 secs] [Times: user=0.10 sys=0.00, real=0.09 secs] 
111.078: Total time for which application threads were stopped: 0.0930200 seconds, Stopping threads took: 0.0000140 seconds
111.105: Application time: 0.0276760 seconds
111.105: [Full GC111.105: [Tenured: 71039K->71039K(71040K), 0.0933250 secs] 102975K->71728K(102976K), [Perm : 8819K->8819K(21248K)], 0.0933720 secs] [Times: user=0.09 sys=0.00, real=0.09 secs] 
111.199: Total time for which application threads were stopped: 0.0934710 seconds, Stopping threads took: 0.0000130 seconds
111.229: Application time: 0.0303160 seconds
111.229: [Full GC111.229: [Tenured: 71040K->71040K(71040K), 0.0962460 secs] 102975K->72045K(102976K), [Perm : 8819K->8819K(21248K)], 0.0962920 secs] [Times: user=0.09 sys=0.00, real=0.09 secs] 
111.326: Total time for which application threads were stopped: 0.0963790 seconds, Stopping threads took: 0.0000130 seconds
111.355: Application time: 0.0297660 seconds
111.355: [Full GC111.355: [Tenured: 71040K->71040K(71040K), 0.0807580 secs] 102976K->77630K(102976K), [Perm : 8819K->8819K(21248K)], 0.0808040 secs] [Times: user=0.08 sys=0.00, real=0.08 secs] 
111.436: Total time for which application threads were stopped: 0.0808910 seconds, Stopping threads took: 0.0000130 seconds
111.464: Application time: 0.0281240 seconds
111.464: [Full GC111.464: [Tenured: 71040K->71039K(71040K), 0.0829450 secs] 102975K->80706K(102976K), [Perm : 8819K->8819K(21248K)], 0.0829900 secs] [Times: user=0.08 sys=0.00, real=0.09 secs] 
111.547: Total time for which application threads were stopped: 0.0830750 seconds, Stopping threads took: 0.0000130 seconds
111.574: Application time: 0.0261100 seconds
111.574: [Full GC111.574: [Tenured: 71039K->71039K(71040K), 0.0952440 secs] 102975K->79281K(102976K), [Perm : 8819K->8819K(21248K)], 0.0952900 secs] [Times: user=0.10 sys=0.00, real=0.10 secs] 
111.669: Total time for which application threads were stopped: 0.0953890 seconds, Stopping threads took: 0.0000130 seconds
111.695: Application time: 0.0259870 seconds
111.695: [Full GC111.695: [Tenured: 71040K->71039K(71040K), 0.0996120 secs] 102976K->76559K(102976K), [Perm : 8819K->8819K(21248K)], 0.0996610 secs] [Times: user=0.10 sys=0.00, real=0.10 secs] 
111.795: Total time for which application threads were stopped: 0.0997600 seconds, Stopping threads took: 0.0000130 seconds
111.823: Application time: 0.0286720 seconds
111.823: [Full GC111.823: [Tenured: 71040K->71039K(71040K), 0.0838110 secs] 102975K->79852K(102976K), [Perm : 8819K->8819K(21248K)], 0.0838570 secs] [Times: user=0.09 sys=0.00, real=0.09 secs] 
111.907: Total time for which application threads were stopped: 0.0839430 seconds, Stopping threads took: 0.0000130 seconds
111.935: Application time: 0.0276810 seconds
111.935: [Full GC111.935: [Tenured: 71039K->71039K(71040K), 0.0944930 secs] 102975K->79656K(102976K), [Perm : 8819K->8819K(21248K)], 0.0945390 secs] [Times: user=0.09 sys=0.00, real=0.10 secs] 
112.030: Total time for which application threads were stopped: 0.0946310 seconds, Stopping threads took: 0.0000170 seconds
112.056: Application time: 0.0258830 seconds
112.056: [Full GC112.056: [Tenured: 71039K->71039K(71040K), 0.0982320 secs] 102975K->76932K(102976K), [Perm : 8819K->8819K(21248K)], 0.0982790 secs] [Times: user=0.10 sys=0.00, real=0.10 secs] 
112.154: Total time for which application threads were stopped: 0.0983690 seconds, Stopping threads took: 0.0000120 seconds
112.185: Application time: 0.0310530 seconds
112.185: [Full GC112.185: [Tenured: 71039K->71039K(71040K), 0.0967830 secs] 102975K->73392K(102976K), [Perm : 8819K->8819K(21248K)], 0.0968310 secs] [Times: user=0.10 sys=0.00, real=0.10 secs] 
112.282: Total time for which application threads were stopped: 0.0969200 seconds, Stopping threads took: 0.0000140 seconds
112.315: Application time: 0.0329820 seconds
112.315: [Full GC112.315: [Tenured: 71039K->71039K(71040K), 0.0812680 secs] 102975K->76312K(102976K), [Perm : 8819K->8819K(21248K)], 0.0813150 secs] [Times: user=0.08 sys=0.00, real=0.08 secs] 
112.396: Total time for which application threads were stopped: 0.0814160 seconds, Stopping threads took: 0.0000150 seconds
112.426: Application time: 0.0299560 seconds
112.426: [Full GC112.426: [Tenured: 71039K->71039K(71040K), 0.0795190 secs] 102975K->76687K(102976K), [Perm : 8819K->8819K(21248K)], 0.0795650 secs] [Times: user=0.08 sys=0.00, real=0.08 secs] 
112.506: Total time for which application threads were stopped: 0.0796520 seconds, Stopping threads took: 0.0000130 seconds
112.533: Application time: 0.0274900 seconds
112.533: [Full GC112.533: [Tenured: 71039K->71039K(71040K), 0.0787030 secs] 102975K->76725K(102976K), [Perm : 8819K->8819K(21248K)], 0.0787480 secs] [Times: user=0.08 sys=0.00, real=0.08 secs] 
112.612: Total time for which application threads were stopped: 0.0788390 seconds, Stopping threads took: 0.0000160 seconds
112.639: Application time: 0.0268340 seconds
112.639: [Full GC112.639: [Tenured: 71039K->71038K(71040K), 0.0947640 secs] 102975K->75981K(102976K), [Perm : 8819K->8819K(21248K)], 0.0948090 secs] [Times: user=0.09 sys=0.00, real=0.09 secs] 
112.734: Total time for which application threads were stopped: 0.0948980 seconds, Stopping threads took: 0.0000130 seconds
112.760: Application time: 0.0259810 seconds
112.760: [Full GC112.760: [Tenured: 71040K->71040K(71040K), 0.0786820 secs] 102976K->75829K(102976K), [Perm : 8819K->8819K(21248K)], 0.0787260 secs] [Times: user=0.07 sys=0.00, real=0.07 secs] 
112.839: Total time for which application threads were stopped: 0.0788140 seconds, Stopping threads took: 0.0000150 seconds
112.863: Application time: 0.0246230 seconds
112.863: [Full GC112.863: [Tenured: 71040K->71040K(71040K), 0.0778470 secs] 102975K->76446K(102976K), [Perm : 8819K->8819K(21248K)], 0.0778930 secs] [Times: user=0.08 sys=0.00, real=0.08 secs] 
112.941: Total time for which application threads were stopped: 0.0779930 seconds, Stopping threads took: 0.0000130 seconds
112.966: Application time: 0.0246050 seconds
112.966: [Full GC112.966: [Tenured: 71040K->71040K(71040K), 0.0780350 secs] 102976K->78166K(102976K), [Perm : 8819K->8819K(21248K)], 0.0780880 secs] [Times: user=0.08 sys=0.00, real=0.08 secs] 
113.044: Total time for which application threads were stopped: 0.0781760 seconds, Stopping threads took: 0.0000140 seconds
113.067: Application time: 0.0228620 seconds
113.067: [Full GC113.067: [Tenured: 71040K->71040K(71040K), 0.0948090 secs] 102976K->76441K(102976K), [Perm : 8819K->8819K(21248K)], 0.0948560 secs] [Times: user=0.10 sys=0.00, real=0.09 secs] 
113.162: Total time for which application threads were stopped: 0.0949510 seconds, Stopping threads took: 0.0000180 seconds
113.187: Application time: 0.0254740 seconds
113.187: [Full GC113.188: [Tenured: 71040K->71040K(71040K), 0.0789570 secs] 102976K->76168K(102976K), [Perm : 8819K->8819K(21248K)], 0.0790030 secs] [Times: user=0.08 sys=0.00, real=0.07 secs] 
113.267: Total time for which application threads were stopped: 0.0790900 seconds, Stopping threads took: 0.0000140 seconds
113.292: Application time: 0.0257190 seconds
113.292: [Full GC113.292: [Tenured: 71040K->71040K(71040K), 0.0785740 secs] 102976K->76184K(102976K), [Perm : 8819K->8819K(21248K)], 0.0786200 secs] [Times: user=0.08 sys=0.00, real=0.08 secs] 
113.371: Total time for which application threads were stopped: 0.0787070 seconds, Stopping threads took: 0.0000150 seconds
113.397: Application time: 0.0257860 seconds
113.397: [Full GC113.397: [Tenured: 71040K->71040K(71040K), 0.0787540 secs] 102976K->76103K(102976K), [Perm : 8819K->8819K(21248K)], 0.0787970 secs] [Times: user=0.08 sys=0.00, real=0.08 secs] 
113.476: Total time for which application threads were stopped: 0.0788950 seconds, Stopping threads took: 0.0000150 seconds
113.503: Application time: 0.0269320 seconds
113.503: [Full GC113.503: [Tenured: 71040K->71039K(71040K), 0.0928650 secs] 102976K->75938K(102976K), [Perm : 8819K->8819K(21248K)], 0.0929110 secs] [Times: user=0.09 sys=0.00, real=0.09 secs] 
113.596: Total time for which application threads were stopped: 0.0930050 seconds, Stopping threads took: 0.0000140 seconds
113.623: Application time: 0.0271670 seconds
113.623: [Full GC113.623: [Tenured: 71040K->71040K(71040K), 0.0771920 secs] 102975K->75927K(102976K), [Perm : 8819K->8819K(21248K)], 0.0772340 secs] [Times: user=0.08 sys=0.00, real=0.08 secs] 
113.700: Total time for which application threads were stopped: 0.0773210 seconds, Stopping threads took: 0.0000140 seconds
113.722: Application time: 0.0222670 seconds
113.722: [Full GC113.722: [Tenured: 71040K->71040K(71040K), 0.0781870 secs] 102975K->75951K(102976K), [Perm : 8819K->8819K(21248K)], 0.0782280 secs] [Times: user=0.08 sys=0.00, real=0.08 secs] 
113.801: Total time for which application threads were stopped: 0.0783160 seconds, Stopping threads took: 0.0000150 seconds
113.828: Application time: 0.0271900 seconds
113.828: [Full GC113.828: [Tenured: 71040K->71040K(71040K), 0.0779260 secs] 102976K->75943K(102976K), [Perm : 8819K->8819K(21248K)], 0.0779710 secs] [Times: user=0.07 sys=0.00, real=0.07 secs] 
113.906: Total time for which application threads were stopped: 0.0780580 seconds, Stopping threads took: 0.0000140 seconds
113.931: Application time: 0.0253470 seconds
113.931: [Full GC113.931: [Tenured: 71040K->71040K(71040K), 0.0945700 secs] 102976K->76648K(102976K), [Perm : 8819K->8819K(21248K)], 0.0946180 secs] [Times: user=0.09 sys=0.00, real=0.09 secs] 
114.026: Total time for which application threads were stopped: 0.0947230 seconds, Stopping threads took: 0.0000130 seconds
114.050: Application time: 0.0244940 seconds
114.051: [Full GC114.051: [Tenured: 71040K->71040K(71040K), 0.0922460 secs] 102976K->77569K(102976K), [Perm : 8819K->8819K(21248K)], 0.0922940 secs] [Times: user=0.09 sys=0.00, real=0.09 secs] 
114.143: Total time for which application threads were stopped: 0.0923830 seconds, Stopping threads took: 0.0000130 seconds
114.167: Application time: 0.0242790 seconds
114.167: [Full GC114.167: [Tenured: 71040K->71040K(71040K), 0.0803000 secs] 102976K->81439K(102976K), [Perm : 8819K->8819K(21248K)], 0.0803500 secs] [Times: user=0.08 sys=0.00, real=0.08 secs] 
114.248: Total time for which application threads were stopped: 0.0804340 seconds, Stopping threads took: 0.0000120 seconds
114.270: Application time: 0.0225720 seconds
114.270: [Full GC114.270: [Tenured: 71040K->71040K(71040K), 0.0979830 secs] 102975K->80220K(102976K), [Perm : 8819K->8819K(21248K)], 0.0980290 secs] [Times: user=0.10 sys=0.00, real=0.10 secs] 
114.368: Total time for which application threads were stopped: 0.0981190 seconds, Stopping threads took: 0.0000140 seconds
114.394: Application time: 0.0253160 seconds
114.394: [Full GC114.394: [Tenured: 71040K->70872K(71040K), 0.0927600 secs] 102976K->70872K(102976K), [Perm : 8819K->8819K(21248K)], 0.0928050 secs] [Times: user=0.09 sys=0.00, real=0.09 secs] 
114.486: Total time for which application threads were stopped: 0.0928930 seconds, Stopping threads took: 0.0000130 seconds
114.498: Application time: 0.0113010 seconds
114.498: [GC114.498: [DefNew: 28416K->28416K(31936K), 0.0000100 secs]114.498: [Tenured: 70872K->71039K(71040K), 0.0839230 secs] 99288K->77156K(102976K), [Perm : 8819K->8819K(21248K)], 0.0839850 secs] [Times: user=0.09 sys=0.00, real=0.09 secs] 
114.582: Total time for which application threads were stopped: 0.0841730 seconds, Stopping threads took: 0.0000990 seconds
114.608: Application time: 0.0258980 seconds
114.608: [Full GC114.608: [Tenured: 71040K->71039K(71040K), 0.0982900 secs] 102975K->82147K(102976K), [Perm : 8819K->8819K(21248K)], 0.0983340 secs] [Times: user=0.10 sys=0.00, real=0.09 secs] 
114.706: Total time for which application threads were stopped: 0.0984220 seconds, Stopping threads took: 0.0000140 seconds
114.734: Application time: 0.0275050 seconds
114.734: [Full GC114.734: [Tenured: 71039K->71039K(71040K), 0.0951770 secs] 102975K->72131K(102976K), [Perm : 8819K->8819K(21248K)], 0.0952220 secs] [Times: user=0.10 sys=0.00, real=0.10 secs] 
114.829: Total time for which application threads were stopped: 0.0953070 seconds, Stopping threads took: 0.0000130 seconds
114.859: Application time: 0.0303430 seconds
114.859: [Full GC114.860: [Tenured: 71039K->71039K(71040K), 0.0985190 secs] 102975K->74994K(102976K), [Perm : 8819K->8819K(21248K)], 0.0985640 secs] [Times: user=0.09 sys=0.00, real=0.09 secs] 
114.958: Total time for which application threads were stopped: 0.0986520 seconds, Stopping threads took: 0.0000130 seconds
114.989: Application time: 0.0313670 seconds
114.990: [Full GC114.990: [Tenured: 71039K->71039K(71040K), 0.0833500 secs] 102975K->78383K(102976K), [Perm : 8819K->8819K(21248K)], 0.0833960 secs] [Times: user=0.09 sys=0.00, real=0.08 secs] 
115.073: Total time for which application threads were stopped: 0.0834850 seconds, Stopping threads took: 0.0000130 seconds
115.101: Application time: 0.0275670 seconds
115.101: [Full GC115.101: [Tenured: 71039K->71040K(71040K), 0.0989530 secs] 102975K->75456K(102976K), [Perm : 8819K->8819K(21248K)], 0.0989990 secs] [Times: user=0.10 sys=0.00, real=0.10 secs] 
115.200: Total time for which application threads were stopped: 0.0991000 seconds, Stopping threads took: 0.0000140 seconds
115.229: Application time: 0.0291270 seconds
115.229: [Full GC115.229: [Tenured: 71040K->71039K(71040K), 0.0989800 secs] 102975K->75069K(102976K), [Perm : 8819K->8819K(21248K)], 0.0990250 secs] [Times: user=0.10 sys=0.00, real=0.10 secs] 
115.328: Total time for which application threads were stopped: 0.0991130 seconds, Stopping threads took: 0.0000140 seconds
115.357: Application time: 0.0292400 seconds
115.357: [Full GC115.357: [Tenured: 71039K->71040K(71040K), 0.0981800 secs] 102975K->76167K(102976K), [Perm : 8819K->8819K(21248K)], 0.0982320 secs] [Times: user=0.10 sys=0.00, real=0.10 secs] 
115.455: Total time for which application threads were stopped: 0.0983350 seconds, Stopping threads took: 0.0000130 seconds
115.485: Application time: 0.0298130 seconds
115.485: [Full GC115.485: [Tenured: 71040K->71039K(71040K), 0.0958580 secs] 102975K->75167K(102976K), [Perm : 8819K->8819K(21248K)], 0.0959050 secs] [Times: user=0.10 sys=0.00, real=0.10 secs] 
115.581: Total time for which application threads were stopped: 0.0959970 seconds, Stopping threads took: 0.0000140 seconds
115.613: Application time: 0.0316720 seconds
115.613: [Full GC115.613: [Tenured: 71039K->71039K(71040K), 0.0815780 secs] 102975K->78982K(102976K), [Perm : 8819K->8819K(21248K)], 0.0816240 secs] [Times: user=0.08 sys=0.00, real=0.08 secs] 
115.695: Total time for which application threads were stopped: 0.0817240 seconds, Stopping threads took: 0.0000130 seconds
115.725: Application time: 0.0298690 seconds
115.725: [Full GC115.725: [Tenured: 71040K->71039K(71040K), 0.0824730 secs] 102975K->79378K(102976K), [Perm : 8819K->8819K(21248K)], 0.0825190 secs] [Times: user=0.08 sys=0.00, real=0.09 secs] 
115.807: Total time for which application threads were stopped: 0.0826090 seconds, Stopping threads took: 0.0000140 seconds
115.836: Application time: 0.0290670 seconds
115.836: [Full GC115.836: [Tenured: 71039K->71039K(71040K), 0.0964640 secs] 102975K->75935K(102976K), [Perm : 8819K->8819K(21248K)], 0.0965100 secs] [Times: user=0.10 sys=0.00, real=0.10 secs] 
115.933: Total time for which application threads were stopped: 0.0965990 seconds, Stopping threads took: 0.0000140 seconds
115.961: Application time: 0.0279270 seconds
115.961: [Full GC115.961: [Tenured: 71039K->71039K(71040K), 0.0799360 secs] 102975K->77103K(102976K), [Perm : 8819K->8819K(21248K)], 0.0799810 secs] [Times: user=0.08 sys=0.00, real=0.08 secs] 
116.041: Total time for which application threads were stopped: 0.0800680 seconds, Stopping threads took: 0.0000130 seconds
116.067: Application time: 0.0257320 seconds
116.067: [Full GC116.067: [Tenured: 71039K->71039K(71040K), 0.0788240 secs] 102975K->76816K(102976K), [Perm : 8819K->8819K(21248K)], 0.0788680 secs] [Times: user=0.08 sys=0.00, real=0.08 secs] 
116.145: Total time for which application threads were stopped: 0.0789540 seconds, Stopping threads took: 0.0000140 seconds
116.170: Application time: 0.0249630 seconds
116.171: [Full GC116.171: [Tenured: 71040K->71040K(71040K), 0.0797960 secs] 102976K->76840K(102976K), [Perm : 8819K->8819K(21248K)], 0.0798380 secs] [Times: user=0.08 sys=0.00, real=0.08 secs] 
116.250: Total time for which application threads were stopped: 0.0799330 seconds, Stopping threads took: 0.0000120 seconds
116.276: Application time: 0.0251530 seconds
116.276: [Full GC116.276: [Tenured: 71040K->71039K(71040K), 0.0952460 secs] 102975K->75929K(102976K), [Perm : 8819K->8819K(21248K)], 0.0952940 secs] [Times: user=0.10 sys=0.00, real=0.10 secs] 
116.371: Total time for which application threads were stopped: 0.0953830 seconds, Stopping threads took: 0.0000140 seconds
116.395: Application time: 0.0238950 seconds
116.395: [Full GC116.395: [Tenured: 71039K->71039K(71040K), 0.0783350 secs] 102975K->75974K(102976K), [Perm : 8819K->8819K(21248K)], 0.0783780 secs] [Times: user=0.07 sys=0.00, real=0.08 secs] 
116.473: Total time for which application threads were stopped: 0.0784670 seconds, Stopping threads took: 0.0000140 seconds
116.499: Application time: 0.0257050 seconds
116.499: [Full GC116.499: [Tenured: 71039K->71039K(71040K), 0.0784690 secs] 102975K->76097K(102976K), [Perm : 8819K->8819K(21248K)], 0.0785140 secs] [Times: user=0.07 sys=0.00, real=0.07 secs] 
116.578: Total time for which application threads were stopped: 0.0786040 seconds, Stopping threads took: 0.0000140 seconds
116.604: Application time: 0.0260660 seconds
116.604: [Full GC116.604: [Tenured: 71039K->71039K(71040K), 0.0781400 secs] 102975K->76111K(102976K), [Perm : 8819K->8819K(21248K)], 0.0781860 secs] [Times: user=0.07 sys=0.00, real=0.08 secs] 
116.682: Total time for which application threads were stopped: 0.0782750 seconds, Stopping threads took: 0.0000150 seconds
116.707: Application time: 0.0254000 seconds
116.707: [Full GC116.707: [Tenured: 71039K->71039K(71040K), 0.0935110 secs] 102975K->75898K(102976K), [Perm : 8819K->8819K(21248K)], 0.0935600 secs] [Times: user=0.09 sys=0.00, real=0.09 secs] 
116.801: Total time for which application threads were stopped: 0.0936860 seconds, Stopping threads took: 0.0000240 seconds
116.824: Application time: 0.0231810 seconds
116.824: [Full GC116.824: [Tenured: 71039K->71039K(71040K), 0.0784730 secs] 102975K->75955K(102976K), [Perm : 8819K->8819K(21248K)], 0.0785150 secs] [Times: user=0.08 sys=0.00, real=0.08 secs] 
116.903: Total time for which application threads were stopped: 0.0786020 seconds, Stopping threads took: 0.0000140 seconds
116.930: Application time: 0.0271450 seconds
116.930: [Full GC116.930: [Tenured: 71039K->71039K(71040K), 0.0783660 secs] 102975K->75963K(102976K), [Perm : 8819K->8819K(21248K)], 0.0784080 secs] [Times: user=0.08 sys=0.00, real=0.08 secs] 
117.008: Total time for which application threads were stopped: 0.0784990 seconds, Stopping threads took: 0.0000140 seconds
117.036: Application time: 0.0270710 seconds
117.036: [Full GC117.036: [Tenured: 71040K->71040K(71040K), 0.0783580 secs] 102975K->75998K(102976K), [Perm : 8819K->8819K(21248K)], 0.0784010 secs] [Times: user=0.08 sys=0.00, real=0.08 secs] 
117.114: Total time for which application threads were stopped: 0.0784880 seconds, Stopping threads took: 0.0000140 seconds
117.141: Application time: 0.0265080 seconds
117.141: [Full GC117.141: [Tenured: 71040K->71039K(71040K), 0.0895430 secs] 102976K->75930K(102976K), [Perm : 8819K->8819K(21248K)], 0.0895910 secs] [Times: user=0.09 sys=0.00, real=0.09 secs] 
117.230: Total time for which application threads were stopped: 0.0896850 seconds, Stopping threads took: 0.0000140 seconds
117.254: Application time: 0.0238840 seconds
117.254: [Full GC117.254: [Tenured: 71040K->71040K(71040K), 0.0782800 secs] 102975K->75925K(102976K), [Perm : 8819K->8819K(21248K)], 0.0783220 secs] [Times: user=0.07 sys=0.00, real=0.08 secs] 
117.333: Total time for which application threads were stopped: 0.0784190 seconds, Stopping threads took: 0.0000140 seconds
117.353: Application time: 0.0200980 seconds
117.353: [Full GC117.353: [Tenured: 71040K->71040K(71040K), 0.0799630 secs] 102976K->78116K(102976K), [Perm : 8819K->8819K(21248K)], 0.0800080 secs] [Times: user=0.08 sys=0.00, real=0.08 secs] 
117.433: Total time for which application threads were stopped: 0.0800950 seconds, Stopping threads took: 0.0000140 seconds
117.458: Application time: 0.0251280 seconds
117.458: [Full GC117.458: [Tenured: 71040K->71039K(71040K), 0.0921180 secs] 102975K->77352K(102976K), [Perm : 8819K->8819K(21248K)], 0.0921640 secs] [Times: user=0.09 sys=0.00, real=0.10 secs] 
117.550: Total time for which application threads were stopped: 0.0922550 seconds, Stopping threads took: 0.0000140 seconds
117.574: Application time: 0.0236540 seconds
117.574: [Full GC117.574: [Tenured: 71040K->71040K(71040K), 0.0958600 secs] 102975K->76335K(102976K), [Perm : 8819K->8819K(21248K)], 0.0959060 secs] [Times: user=0.10 sys=0.00, real=0.10 secs] 
117.670: Total time for which application threads were stopped: 0.0959950 seconds, Stopping threads took: 0.0000130 seconds
117.696: Application time: 0.0259960 seconds
117.696: [Full GC117.696: [Tenured: 71040K->71039K(71040K), 0.0942590 secs] 102976K->79824K(102976K), [Perm : 8819K->8819K(21248K)], 0.0943030 secs] [Times: user=0.10 sys=0.00, real=0.10 secs] 
117.790: Total time for which application threads were stopped: 0.0943930 seconds, Stopping threads took: 0.0000140 seconds
117.810: Application time: 0.0198490 seconds
117.810: [Full GC117.810: [Tenured: 71040K->71039K(71040K), 0.0958410 secs] 102975K->79359K(102976K), [Perm : 8819K->8819K(21248K)], 0.0958870 secs] [Times: user=0.10 sys=0.00, real=0.09 secs] 
117.906: Total time for which application threads were stopped: 0.0959910 seconds, Stopping threads took: 0.0000130 seconds
117.930: Application time: 0.0236850 seconds
117.930: [Full GC117.930: [Tenured: 71040K->71039K(71040K), 0.0959890 secs] 102976K->77143K(102976K), [Perm : 8819K->8819K(21248K)], 0.0960350 secs] [Times: user=0.10 sys=0.00, real=0.09 secs] 
118.026: Total time for which application threads were stopped: 0.0961250 seconds, Stopping threads took: 0.0000130 seconds
118.052: Application time: 0.0259400 seconds
118.052: [Full GC118.052: [Tenured: 71039K->71039K(71040K), 0.0968580 secs] 102975K->73833K(102976K), [Perm : 8819K->8819K(21248K)], 0.0969140 secs] [Times: user=0.10 sys=0.00, real=0.10 secs] 
118.149: Total time for which application threads were stopped: 0.0970020 seconds, Stopping threads took: 0.0000130 seconds
118.179: Application time: 0.0303790 seconds
118.179: [Full GC118.179: [Tenured: 71039K->71039K(71040K), 0.0943030 secs] 102975K->73326K(102976K), [Perm : 8819K->8819K(21248K)], 0.0943480 secs] [Times: user=0.10 sys=0.00, real=0.09 secs] 
118.274: Total time for which application threads were stopped: 0.0944350 seconds, Stopping threads took: 0.0000130 seconds
118.301: Application time: 0.0271740 seconds
118.301: [Full GC118.301: [Tenured: 71039K->71039K(71040K), 0.0971970 secs] 102975K->77629K(102976K), [Perm : 8819K->8819K(21248K)], 0.0972420 secs] [Times: user=0.10 sys=0.00, real=0.09 secs] 
118.398: Total time for which application threads were stopped: 0.0973280 seconds, Stopping threads took: 0.0000130 seconds
118.427: Application time: 0.0291440 seconds
118.427: [Full GC118.427: [Tenured: 71039K->71039K(71040K), 0.0968390 secs] 102975K->79358K(102976K), [Perm : 8819K->8819K(21248K)], 0.0968840 secs] [Times: user=0.10 sys=0.00, real=0.09 secs] 
118.524: Total time for which application threads were stopped: 0.0969840 seconds, Stopping threads took: 0.0000130 seconds
118.552: Application time: 0.0277720 seconds
118.552: [Full GC118.552: [Tenured: 71039K->71039K(71040K), 0.0980230 secs] 102975K->76756K(102976K), [Perm : 8819K->8819K(21248K)], 0.0980690 secs] [Times: user=0.10 sys=0.00, real=0.10 secs] 
118.650: Total time for which application threads were stopped: 0.0981550 seconds, Stopping threads took: 0.0000130 seconds
118.677: Application time: 0.0271960 seconds
118.677: [Full GC118.677: [Tenured: 71039K->71039K(71040K), 0.0993310 secs] 102975K->76104K(102976K), [Perm : 8819K->8819K(21248K)], 0.0993760 secs] [Times: user=0.10 sys=0.00, real=0.10 secs] 
118.777: Total time for which application threads were stopped: 0.0994650 seconds, Stopping threads took: 0.0000140 seconds
118.806: Application time: 0.0294680 seconds
118.806: [Full GC118.806: [Tenured: 71039K->71039K(71040K), 0.0936070 secs] 102975K->76221K(102976K), [Perm : 8819K->8819K(21248K)], 0.0936520 secs] [Times: user=0.09 sys=0.00, real=0.10 secs] 
118.900: Total time for which application threads were stopped: 0.0937380 seconds, Stopping threads took: 0.0000130 seconds
118.931: Application time: 0.0306440 seconds
118.931: [Full GC118.931: [Tenured: 71039K->71039K(71040K), 0.0997570 secs] 102975K->75568K(102976K), [Perm : 8819K->8819K(21248K)], 0.0998070 secs] [Times: user=0.10 sys=0.00, real=0.10 secs] 
119.031: Total time for which application threads were stopped: 0.0999090 seconds, Stopping threads took: 0.0000120 seconds
119.060: Application time: 0.0289710 seconds
119.060: [Full GC119.060: [Tenured: 71040K->71039K(71040K), 0.0963010 secs] 102976K->75198K(102976K), [Perm : 8819K->8819K(21248K)], 0.0963470 secs] [Times: user=0.10 sys=0.00, real=0.09 secs] 
119.156: Total time for which application threads were stopped: 0.0964360 seconds, Stopping threads took: 0.0000130 seconds
119.189: Application time: 0.0327920 seconds
119.189: [Full GC119.189: [Tenured: 71039K->71039K(71040K), 0.0808210 secs] 102975K->77023K(102976K), [Perm : 8819K->8819K(21248K)], 0.0808700 secs] [Times: user=0.08 sys=0.00, real=0.08 secs] 
119.270: Total time for which application threads were stopped: 0.0809580 seconds, Stopping threads took: 0.0000140 seconds
119.299: Application time: 0.0292940 seconds
119.299: [Full GC119.299: [Tenured: 71039K->71039K(71040K), 0.0795410 secs] 102975K->77809K(102976K), [Perm : 8819K->8819K(21248K)], 0.0795880 secs] [Times: user=0.08 sys=0.00, real=0.07 secs] 
119.379: Total time for which application threads were stopped: 0.0796780 seconds, Stopping threads took: 0.0000140 seconds
119.404: Application time: 0.0256800 seconds
119.404: [Full GC119.404: [Tenured: 71039K->71039K(71040K), 0.0782970 secs] 102975K->77889K(102976K), [Perm : 8819K->8819K(21248K)], 0.0783510 secs] [Times: user=0.07 sys=0.00, real=0.08 secs] 
119.483: Total time for which application threads were stopped: 0.0784360 seconds, Stopping threads took: 0.0000130 seconds
119.509: Application time: 0.0265150 seconds
119.509: [Full GC119.509: [Tenured: 71039K->71039K(71040K), 0.0938100 secs] 102975K->76184K(102976K), [Perm : 8819K->8819K(21248K)], 0.0938550 secs] [Times: user=0.09 sys=0.00, real=0.09 secs] 
119.603: Total time for which application threads were stopped: 0.0939540 seconds, Stopping threads took: 0.0000130 seconds
119.629: Application time: 0.0262120 seconds
119.630: [Full GC119.630: [Tenured: 71040K->71040K(71040K), 0.0785560 secs] 102976K->78209K(102976K), [Perm : 8819K->8819K(21248K)], 0.0786010 secs] [Times: user=0.08 sys=0.00, real=0.08 secs] 
119.708: Total time for which application threads were stopped: 0.0786900 seconds, Stopping threads took: 0.0000140 seconds
119.732: Application time: 0.0242550 seconds
119.732: [Full GC119.733: [Tenured: 71040K->71040K(71040K), 0.0789590 secs] 102976K->78167K(102976K), [Perm : 8819K->8819K(21248K)], 0.0790020 secs] [Times: user=0.08 sys=0.00, real=0.08 secs] 
119.812: Total time for which application threads were stopped: 0.0790880 seconds, Stopping threads took: 0.0000120 seconds
119.836: Application time: 0.0246260 seconds
119.836: [Full GC119.836: [Tenured: 71040K->71040K(71040K), 0.0780480 secs] 102975K->77821K(102976K), [Perm : 8819K->8819K(21248K)], 0.0780950 secs] [Times: user=0.07 sys=0.00, real=0.08 secs] 
119.914: Total time for which application threads were stopped: 0.0781810 seconds, Stopping threads took: 0.0000130 seconds
119.939: Application time: 0.0247080 seconds
119.939: [Full GC119.939: [Tenured: 71040K->71039K(71040K), 0.0936110 secs] 102975K->75926K(102976K), [Perm : 8819K->8819K(21248K)], 0.0936580 secs] [Times: user=0.09 sys=0.00, real=0.09 secs] 
120.033: Total time for which application threads were stopped: 0.0937490 seconds, Stopping threads took: 0.0000140 seconds
120.057: Application time: 0.0244850 seconds
120.057: [Full GC120.057: [Tenured: 71039K->71039K(71040K), 0.0777950 secs] 102975K->75935K(102976K), [Perm : 8819K->8819K(21248K)], 0.0778370 secs] [Times: user=0.08 sys=0.00, real=0.08 secs] 
120.135: Total time for which application threads were stopped: 0.0779330 seconds, Stopping threads took: 0.0000140 seconds
120.160: Application time: 0.0248920 seconds
120.160: [Full GC120.160: [Tenured: 71039K->71039K(71040K), 0.0777480 secs] 102975K->76014K(102976K), [Perm : 8819K->8819K(21248K)], 0.0777880 secs] [Times: user=0.08 sys=0.00, real=0.07 secs] 
120.238: Total time for which application threads were stopped: 0.0778710 seconds, Stopping threads took: 0.0000120 seconds
120.262: Application time: 0.0235630 seconds
120.262: [Full GC120.262: [Tenured: 71039K->71039K(71040K), 0.0775930 secs] 102975K->75982K(102976K), [Perm : 8819K->8819K(21248K)], 0.0776360 secs] [Times: user=0.08 sys=0.00, real=0.08 secs] 
120.339: Total time for which application threads were stopped: 0.0777210 seconds, Stopping threads took: 0.0000140 seconds
120.366: Application time: 0.0264260 seconds
120.366: [Full GC120.366: [Tenured: 71039K->71039K(71040K), 0.0920010 secs] 102975K->75947K(102976K), [Perm : 8819K->8819K(21248K)], 0.0920580 secs] [Times: user=0.09 sys=0.00, real=0.09 secs] 
120.458: Total time for which application threads were stopped: 0.0921620 seconds, Stopping threads took: 0.0000130 seconds
120.484: Application time: 0.0265160 seconds
120.484: [Full GC120.484: [Tenured: 71040K->71040K(71040K), 0.0780470 secs] 102976K->75952K(102976K), [Perm : 8819K->8819K(21248K)], 0.0780920 secs] [Times: user=0.08 sys=0.00, real=0.08 secs] 
120.563: Total time for which application threads were stopped: 0.0781800 seconds, Stopping threads took: 0.0000140 seconds
120.589: Application time: 0.0263640 seconds
120.589: [Full GC120.589: [Tenured: 71040K->71040K(71040K), 0.0779260 secs] 102976K->76010K(102976K), [Perm : 8819K->8819K(21248K)], 0.0779790 secs] [Times: user=0.08 sys=0.00, real=0.07 secs] 
120.667: Total time for which application threads were stopped: 0.0780900 seconds, Stopping threads took: 0.0000140 seconds
120.693: Application time: 0.0256260 seconds
120.693: [Full GC120.693: [Tenured: 71040K->71040K(71040K), 0.0802420 secs] 102976K->78112K(102976K), [Perm : 8819K->8819K(21248K)], 0.0802900 secs] [Times: user=0.08 sys=0.00, real=0.08 secs] 
120.773: Total time for which application threads were stopped: 0.0803800 seconds, Stopping threads took: 0.0000140 seconds
120.797: Application time: 0.0239250 seconds
120.797: [Full GC120.797: [Tenured: 71040K->71040K(71040K), 0.0952820 secs] 102975K->73801K(102976K), [Perm : 8819K->8819K(21248K)], 0.0953280 secs] [Times: user=0.10 sys=0.00, real=0.10 secs] 
120.892: Total time for which application threads were stopped: 0.0954200 seconds, Stopping threads took: 0.0000140 seconds
120.920: Application time: 0.0274810 seconds
120.920: [Full GC120.920: [Tenured: 71040K->71040K(71040K), 0.0780500 secs] 102975K->75109K(102976K), [Perm : 8819K->8819K(21248K)], 0.0780970 secs] [Times: user=0.08 sys=0.00, real=0.07 secs] 
120.998: Total time for which application threads were stopped: 0.0781870 seconds, Stopping threads took: 0.0000140 seconds
121.023: Application time: 0.0252740 seconds
121.023: [Full GC121.023: [Tenured: 71040K->71040K(71040K), 0.0804930 secs] 102975K->77507K(102976K), [Perm : 8819K->8819K(21248K)], 0.0805380 secs] [Times: user=0.08 sys=0.00, real=0.08 secs] 
121.104: Total time for which application threads were stopped: 0.0806280 seconds, Stopping threads took: 0.0000140 seconds
121.130: Application time: 0.0261030 seconds
121.130: [Full GC121.130: [Tenured: 71040K->71038K(71040K), 0.0932250 secs] 102975K->79038K(102976K), [Perm : 8819K->8819K(21248K)], 0.0932690 secs] [Times: user=0.09 sys=0.00, real=0.09 secs] 
121.223: Total time for which application threads were stopped: 0.0933720 seconds, Stopping threads took: 0.0000140 seconds
121.246: Application time: 0.0223840 seconds
121.246: [Full GC121.246: [Tenured: 71039K->71039K(71040K), 0.0950050 secs] 102974K->74301K(102976K), [Perm : 8819K->8819K(21248K)], 0.0950500 secs] [Times: user=0.10 sys=0.00, real=0.10 secs] 
121.341: Total time for which application threads were stopped: 0.0951380 seconds, Stopping threads took: 0.0000140 seconds
121.365: Application time: 0.0240810 seconds
121.365: [Full GC121.365: [Tenured: 71039K->71039K(71040K), 0.0924900 secs] 102975K->76479K(102976K), [Perm : 8819K->8819K(21248K)], 0.0925370 secs] [Times: user=0.10 sys=0.00, real=0.09 secs] 
121.458: Total time for which application threads were stopped: 0.0926280 seconds, Stopping threads took: 0.0000140 seconds
121.483: Application time: 0.0248910 seconds
121.483: [Full GC121.483: [Tenured: 71039K->71040K(71040K), 0.0959370 secs] 102975K->81338K(102976K), [Perm : 8819K->8819K(21248K)], 0.0959850 secs] [Times: user=0.10 sys=0.00, real=0.09 secs] 
121.579: Total time for which application threads were stopped: 0.0960730 seconds, Stopping threads took: 0.0000130 seconds
121.603: Application time: 0.0246870 seconds
121.603: [Full GC121.603: [Tenured: 71040K->71040K(71040K), 0.0908140 secs] 102975K->72819K(102976K), [Perm : 8819K->8819K(21248K)], 0.0908610 secs] [Times: user=0.09 sys=0.00, real=0.09 secs] 
121.694: Total time for which application threads were stopped: 0.0909490 seconds, Stopping threads took: 0.0000130 seconds
121.726: Application time: 0.0314140 seconds
121.726: [Full GC121.726: [Tenured: 71040K->71039K(71040K), 0.0972960 secs] 102976K->74285K(102976K), [Perm : 8819K->8819K(21248K)], 0.0973420 secs] [Times: user=0.09 sys=0.00, real=0.10 secs] 
121.823: Total time for which application threads were stopped: 0.0974410 seconds, Stopping threads took: 0.0000130 seconds
121.853: Application time: 0.0295210 seconds
121.853: [Full GC121.853: [Tenured: 71039K->71039K(71040K), 0.0847790 secs] 102975K->80071K(102976K), [Perm : 8819K->8819K(21248K)], 0.0848270 secs] [Times: user=0.08 sys=0.00, real=0.08 secs] 
121.938: Total time for which application threads were stopped: 0.0849250 seconds, Stopping threads took: 0.0000140 seconds
121.966: Application time: 0.0285840 seconds
121.966: [Full GC121.966: [Tenured: 71039K->71039K(71040K), 0.0931060 secs] 102975K->79582K(102976K), [Perm : 8819K->8819K(21248K)], 0.0931520 secs] [Times: user=0.09 sys=0.00, real=0.10 secs] 
122.059: Total time for which application threads were stopped: 0.0932340 seconds, Stopping threads took: 0.0000140 seconds
122.086: Application time: 0.0261670 seconds
122.086: [Full GC122.086: [Tenured: 71039K->71040K(71040K), 0.0984030 secs] 102975K->79874K(102976K), [Perm : 8819K->8819K(21248K)], 0.0984470 secs] [Times: user=0.10 sys=0.00, real=0.10 secs] 
122.184: Total time for which application threads were stopped: 0.0985370 seconds, Stopping threads took: 0.0000130 seconds
122.209: Application time: 0.0247250 seconds
122.209: [Full GC122.209: [Tenured: 71040K->71039K(71040K), 0.0993950 secs] 102975K->78416K(102976K), [Perm : 8819K->8819K(21248K)], 0.0994420 secs] [Times: user=0.10 sys=0.00, real=0.10 secs] 
122.308: Total time for which application threads were stopped: 0.0995320 seconds, Stopping threads took: 0.0000130 seconds
122.338: Application time: 0.0297020 seconds
122.338: [Full GC122.338: [Tenured: 71040K->71040K(71040K), 0.0993440 secs] 102976K->74602K(102976K), [Perm : 8819K->8819K(21248K)], 0.0993920 secs] [Times: user=0.10 sys=0.00, real=0.10 secs] 
122.438: Total time for which application threads were stopped: 0.0994890 seconds, Stopping threads took: 0.0000140 seconds
122.467: Application time: 0.0297510 seconds
122.467: [Full GC122.467: [Tenured: 71040K->71039K(71040K), 0.0865100 secs] 102975K->80709K(102976K), [Perm : 8819K->8819K(21248K)], 0.0865550 secs] [Times: user=0.09 sys=0.00, real=0.08 secs] 
122.554: Total time for which application threads were stopped: 0.0866430 seconds, Stopping threads took: 0.0000130 seconds
122.582: Application time: 0.0278700 seconds
122.582: [Full GC122.582: [Tenured: 71039K->71039K(71040K), 0.0953120 secs] 102975K->80105K(102976K), [Perm : 8819K->8819K(21248K)], 0.0953580 secs] [Times: user=0.10 sys=0.00, real=0.09 secs] 
122.677: Total time for which application threads were stopped: 0.0954470 seconds, Stopping threads took: 0.0000140 seconds
122.707: Application time: 0.0297130 seconds
122.707: [Full GC122.707: [Tenured: 71040K->71039K(71040K), 0.0977980 secs] 102976K->75778K(102976K), [Perm : 8819K->8819K(21248K)], 0.0978430 secs] [Times: user=0.10 sys=0.00, real=0.09 secs] 
122.805: Total time for which application threads were stopped: 0.0979340 seconds, Stopping threads took: 0.0000160 seconds
122.835: Application time: 0.0296840 seconds
122.835: [Full GC122.835: [Tenured: 71039K->71039K(71040K), 0.0792650 secs] 102975K->75897K(102976K), [Perm : 8819K->8819K(21248K)], 0.0793110 secs] [Times: user=0.08 sys=0.00, real=0.08 secs] 
122.914: Total time for which application threads were stopped: 0.0793980 seconds, Stopping threads took: 0.0000140 seconds
122.942: Application time: 0.0284270 seconds
122.943: [Full GC122.943: [Tenured: 71039K->71039K(71040K), 0.0800240 secs] 102975K->76096K(102976K), [Perm : 8819K->8819K(21248K)], 0.0800690 secs] [Times: user=0.08 sys=0.00, real=0.08 secs] 
123.023: Total time for which application threads were stopped: 0.0801840 seconds, Stopping threads took: 0.0000230 seconds
123.049: Application time: 0.0262940 seconds
123.049: [Full GC123.049: [Tenured: 71039K->71039K(71040K), 0.0798510 secs] 102975K->78203K(102976K), [Perm : 8819K->8819K(21248K)], 0.0798970 secs] [Times: user=0.08 sys=0.00, real=0.08 secs] 
123.129: Total time for which application threads were stopped: 0.0799850 seconds, Stopping threads took: 0.0000140 seconds
123.153: Application time: 0.0237960 seconds
123.153: [Full GC123.153: [Tenured: 71039K->71039K(71040K), 0.0946530 secs] 102975K->76391K(102976K), [Perm : 8819K->8819K(21248K)], 0.0947000 secs] [Times: user=0.09 sys=0.00, real=0.10 secs] 
123.247: Total time for which application threads were stopped: 0.0947890 seconds, Stopping threads took: 0.0000140 seconds
123.273: Application time: 0.0256150 seconds
123.273: [Full GC123.273: [Tenured: 71039K->71039K(71040K), 0.0781990 secs] 102975K->76016K(102976K), [Perm : 8819K->8819K(21248K)], 0.0782520 secs] [Times: user=0.08 sys=0.00, real=0.08 secs] 
123.351: Total time for which application threads were stopped: 0.0783390 seconds, Stopping threads took: 0.0000130 seconds
123.377: Application time: 0.0254650 seconds
123.377: [Full GC123.377: [Tenured: 71040K->71040K(71040K), 0.0779430 secs] 102976K->76121K(102976K), [Perm : 8819K->8819K(21248K)], 0.0779880 secs] [Times: user=0.08 sys=0.00, real=0.08 secs] 
123.455: Total time for which application threads were stopped: 0.0780750 seconds, Stopping threads took: 0.0000150 seconds
123.481: Application time: 0.0258660 seconds
123.481: [Full GC123.481: [Tenured: 71040K->71040K(71040K), 0.0779900 secs] 102975K->76093K(102976K), [Perm : 8819K->8819K(21248K)], 0.0780340 secs] [Times: user=0.08 sys=0.00, real=0.07 secs] 
123.559: Total time for which application threads were stopped: 0.0781370 seconds, Stopping threads took: 0.0000160 seconds
123.585: Application time: 0.0258200 seconds
123.585: [Full GC123.585: [Tenured: 71040K->71039K(71040K), 0.0927690 secs] 102975K->75887K(102976K), [Perm : 8819K->8819K(21248K)], 0.0928170 secs] [Times: user=0.09 sys=0.00, real=0.09 secs] 
123.678: Total time for which application threads were stopped: 0.0929110 seconds, Stopping threads took: 0.0000140 seconds
123.704: Application time: 0.0263400 seconds
123.704: [Full GC123.704: [Tenured: 71039K->71039K(71040K), 0.0782070 secs] 102975K->75961K(102976K), [Perm : 8819K->8819K(21248K)], 0.0782510 secs] [Times: user=0.08 sys=0.00, real=0.08 secs] 
123.782: Total time for which application threads were stopped: 0.0783400 seconds, Stopping threads took: 0.0000140 seconds
123.808: Application time: 0.0252900 seconds
123.808: [Full GC123.808: [Tenured: 71039K->71039K(71040K), 0.0776330 secs] 102975K->76027K(102976K), [Perm : 8819K->8819K(21248K)], 0.0776770 secs] [Times: user=0.08 sys=0.00, real=0.07 secs] 
123.885: Total time for which application threads were stopped: 0.0777630 seconds, Stopping threads took: 0.0000140 seconds
123.910: Application time: 0.0247510 seconds
123.910: [Full GC123.910: [Tenured: 71039K->71039K(71040K), 0.0778620 secs] 102975K->75985K(102976K), [Perm : 8819K->8819K(21248K)], 0.0779040 secs] [Times: user=0.08 sys=0.00, real=0.08 secs] 
123.988: Total time for which application threads were stopped: 0.0780020 seconds, Stopping threads took: 0.0000240 seconds
124.014: Application time: 0.0256070 seconds
124.014: [Full GC124.014: [Tenured: 71040K->71039K(71040K), 0.0900010 secs] 102975K->75932K(102976K), [Perm : 8819K->8819K(21248K)], 0.0900460 secs] [Times: user=0.09 sys=0.00, real=0.09 secs] 
124.104: Total time for which application threads were stopped: 0.0901520 seconds, Stopping threads took: 0.0000140 seconds
124.129: Application time: 0.0253450 seconds
124.129: [Full GC124.129: [Tenured: 71039K->71039K(71040K), 0.0794820 secs] 102975K->78186K(102976K), [Perm : 8819K->8819K(21248K)], 0.0795240 secs] [Times: user=0.08 sys=0.00, real=0.08 secs] 
124.209: Total time for which application threads were stopped: 0.0796250 seconds, Stopping threads took: 0.0000240 seconds
124.234: Application time: 0.0246490 seconds
124.234: [Full GC124.234: [Tenured: 71039K->71039K(71040K), 0.0926680 secs] 102975K->77168K(102976K), [Perm : 8819K->8819K(21248K)], 0.0927140 secs] [Times: user=0.09 sys=0.00, real=0.09 secs] 
124.326: Total time for which application threads were stopped: 0.0928050 seconds, Stopping threads took: 0.0000150 seconds
124.351: Application time: 0.0241370 seconds
124.351: [Full GC124.351: [Tenured: 71039K->71039K(71040K), 0.0781300 secs] 102975K->78168K(102976K), [Perm : 8819K->8819K(21248K)], 0.0781780 secs] [Times: user=0.08 sys=0.00, real=0.08 secs] 
124.429: Total time for which application threads were stopped: 0.0782710 seconds, Stopping threads took: 0.0000150 seconds
124.454: Application time: 0.0256590 seconds
124.455: [Full GC124.455: [Tenured: 71039K->71039K(71040K), 0.0948040 secs] 102975K->75572K(102976K), [Perm : 8819K->8819K(21248K)], 0.0948510 secs] [Times: user=0.10 sys=0.00, real=0.10 secs] 
124.549: Total time for which application threads were stopped: 0.0949440 seconds, Stopping threads took: 0.0000140 seconds
124.576: Application time: 0.0261890 seconds
124.576: [Full GC124.576: [Tenured: 71039K->71039K(71040K), 0.0819020 secs] 102975K->78843K(102976K), [Perm : 8819K->8819K(21248K)], 0.0819490 secs] [Times: user=0.08 sys=0.00, real=0.08 secs] 
124.658: Total time for which application threads were stopped: 0.0820510 seconds, Stopping threads took: 0.0000130 seconds
124.683: Application time: 0.0252540 seconds
124.683: [Full GC124.683: [Tenured: 71039K->71039K(71040K), 0.0949090 secs] 102975K->80231K(102976K), [Perm : 8819K->8819K(21248K)], 0.0949590 secs] [Times: user=0.09 sys=0.01, real=0.09 secs] 
124.778: Total time for which application threads were stopped: 0.0950490 seconds, Stopping threads took: 0.0000140 seconds
124.803: Application time: 0.0249540 seconds
124.803: [Full GC124.803: [Tenured: 71039K->71040K(71040K), 0.0971260 secs] 102975K->77880K(102976K), [Perm : 8819K->8819K(21248K)], 0.0971760 secs] [Times: user=0.09 sys=0.00, real=0.10 secs] 
124.900: Total time for which application threads were stopped: 0.0972670 seconds, Stopping threads took: 0.0000140 seconds
124.925: Application time: 0.0251190 seconds
124.925: [Full GC124.925: [Tenured: 71040K->71039K(71040K), 0.0956180 secs] 102975K->73046K(102976K), [Perm : 8819K->8819K(21248K)], 0.0956640 secs] [Times: user=0.10 sys=0.00, real=0.10 secs] 
125.021: Total time for which application threads were stopped: 0.0957510 seconds, Stopping threads took: 0.0000130 seconds
125.050: Application time: 0.0288220 seconds
125.050: [Full GC125.050: [Tenured: 71040K->71039K(71040K), 0.0924320 secs] 102975K->77107K(102976K), [Perm : 8819K->8819K(21248K)], 0.0924780 secs] [Times: user=0.09 sys=0.00, real=0.09 secs] 
125.142: Total time for which application threads were stopped: 0.0925670 seconds, Stopping threads took: 0.0000130 seconds
125.169: Application time: 0.0268860 seconds
125.169: [Full GC125.169: [Tenured: 71039K->71040K(71040K), 0.0971270 secs] 102975K->84786K(102976K), [Perm : 8819K->8819K(21248K)], 0.0971710 secs] [Times: user=0.10 sys=0.00, real=0.09 secs] 
125.267: Total time for which application threads were stopped: 0.0972640 seconds, Stopping threads took: 0.0000120 seconds
125.288: Application time: 0.0218750 seconds
125.289: [Full GC125.289: [Tenured: 71040K->71040K(71040K), 0.0952760 secs] 102976K->75143K(102976K), [Perm : 8819K->8819K(21248K)], 0.0953180 secs] [Times: user=0.10 sys=0.00, real=0.09 secs] 
125.384: Total time for which application threads were stopped: 0.0954050 seconds, Stopping threads took: 0.0000130 seconds
125.413: Application time: 0.0291140 seconds
125.413: [Full GC125.413: [Tenured: 71040K->71040K(71040K), 0.0977330 secs] 102975K->75007K(102976K), [Perm : 8819K->8819K(21248K)], 0.0977860 secs] [Times: user=0.09 sys=0.00, real=0.10 secs] 
125.511: Total time for which application threads were stopped: 0.0978950 seconds, Stopping threads took: 0.0000280 seconds
125.541: Application time: 0.0299750 seconds
125.541: [Full GC125.541: [Tenured: 71040K->71039K(71040K), 0.0837460 secs] 102975K->80231K(102976K), [Perm : 8819K->8819K(21248K)], 0.0837910 secs] [Times: user=0.08 sys=0.00, real=0.08 secs] 
125.625: Total time for which application threads were stopped: 0.0838790 seconds, Stopping threads took: 0.0000130 seconds
125.651: Application time: 0.0261490 seconds
125.651: [Full GC125.651: [Tenured: 71039K->71039K(71040K), 0.0979960 secs] 102975K->76641K(102976K), [Perm : 8819K->8819K(21248K)], 0.0980420 secs] [Times: user=0.10 sys=0.00, real=0.10 secs] 
125.749: Total time for which application threads were stopped: 0.0981280 seconds, Stopping threads took: 0.0000130 seconds
125.778: Application time: 0.0284460 seconds
125.778: [Full GC125.778: [Tenured: 71039K->71039K(71040K), 0.0980420 secs] 102975K->74948K(102976K), [Perm : 8819K->8819K(21248K)], 0.0980880 secs] [Times: user=0.10 sys=0.00, real=0.10 secs] 
125.876: Total time for which application threads were stopped: 0.0981990 seconds, Stopping threads took: 0.0000130 seconds
125.908: Application time: 0.0322020 seconds
125.908: [Full GC125.908: [Tenured: 71039K->71039K(71040K), 0.0968580 secs] 102975K->75491K(102976K), [Perm : 8819K->8819K(21248K)], 0.0969060 secs] [Times: user=0.10 sys=0.00, real=0.09 secs] 
126.005: Total time for which application threads were stopped: 0.0969960 seconds, Stopping threads took: 0.0000140 seconds
126.034: Application time: 0.0293990 seconds
126.034: [Full GC126.034: [Tenured: 71039K->71039K(71040K), 0.0980720 secs] 102975K->75874K(102976K), [Perm : 8819K->8819K(21248K)], 0.0981170 secs] [Times: user=0.10 sys=0.00, real=0.10 secs] 
126.133: Total time for which application threads were stopped: 0.0982040 seconds, Stopping threads took: 0.0000130 seconds
126.162: Application time: 0.0290620 seconds
126.162: [Full GC126.162: [Tenured: 71039K->71039K(71040K), 0.0800900 secs] 102975K->77260K(102976K), [Perm : 8819K->8819K(21248K)], 0.0801340 secs] [Times: user=0.08 sys=0.00, real=0.08 secs] 
126.242: Total time for which application threads were stopped: 0.0802200 seconds, Stopping threads took: 0.0000130 seconds
126.272: Application time: 0.0304560 seconds
126.272: [Full GC126.272: [Tenured: 71039K->71039K(71040K), 0.0795730 secs] 102975K->77777K(102976K), [Perm : 8819K->8819K(21248K)], 0.0796180 secs] [Times: user=0.08 sys=0.00, real=0.08 secs] 
126.352: Total time for which application threads were stopped: 0.0797050 seconds, Stopping threads took: 0.0000130 seconds
126.379: Application time: 0.0270420 seconds
126.379: [Full GC126.379: [Tenured: 71039K->71039K(71040K), 0.0943510 secs] 102975K->76134K(102976K), [Perm : 8819K->8819K(21248K)], 0.0943980 secs] [Times: user=0.10 sys=0.00, real=0.09 secs] 
126.474: Total time for which application threads were stopped: 0.0944980 seconds, Stopping threads took: 0.0000140 seconds
126.500: Application time: 0.0269320 seconds
126.500: [Full GC126.501: [Tenured: 71039K->71039K(71040K), 0.0794040 secs] 102975K->76516K(102976K), [Perm : 8819K->8819K(21248K)], 0.0794500 secs] [Times: user=0.08 sys=0.00, real=0.08 secs] 
126.580: Total time for which application threads were stopped: 0.0795380 seconds, Stopping threads took: 0.0000130 seconds
126.608: Application time: 0.0276580 seconds
126.608: [Full GC126.608: [Tenured: 71039K->71039K(71040K), 0.0784970 secs] 102975K->76055K(102976K), [Perm : 8819K->8819K(21248K)], 0.0785420 secs] [Times: user=0.08 sys=0.00, real=0.07 secs] 
126.686: Total time for which application threads were stopped: 0.0786290 seconds, Stopping threads took: 0.0000130 seconds
126.711: Application time: 0.0244640 seconds
126.711: [Full GC126.711: [Tenured: 71039K->71039K(71040K), 0.0774130 secs] 102975K->76219K(102976K), [Perm : 8819K->8819K(21248K)], 0.0774580 secs] [Times: user=0.08 sys=0.00, real=0.08 secs] 
126.788: Total time for which application threads were stopped: 0.0775440 seconds, Stopping threads took: 0.0000140 seconds
126.814: Application time: 0.0255010 seconds
126.814: [Full GC126.814: [Tenured: 71039K->71039K(71040K), 0.0920060 secs] 102975K->75925K(102976K), [Perm : 8819K->8819K(21248K)], 0.0920560 secs] [Times: user=0.09 sys=0.00, real=0.09 secs] 
126.906: Total time for which application threads were stopped: 0.0921480 seconds, Stopping threads took: 0.0000150 seconds
126.931: Application time: 0.0254880 seconds
126.931: [Full GC126.932: [Tenured: 71039K->71039K(71040K), 0.0769870 secs] 102975K->75918K(102976K), [Perm : 8819K->8819K(21248K)], 0.0770300 secs] [Times: user=0.07 sys=0.00, real=0.08 secs] 
127.009: Total time for which application threads were stopped: 0.0771300 seconds, Stopping threads took: 0.0000130 seconds
127.035: Application time: 0.0263890 seconds
127.035: [Full GC127.035: [Tenured: 71039K->71039K(71040K), 0.0768620 secs] 102975K->75992K(102976K), [Perm : 8819K->8819K(21248K)], 0.0769080 secs] [Times: user=0.07 sys=0.00, real=0.08 secs] 
127.112: Total time for which application threads were stopped: 0.0769950 seconds, Stopping threads took: 0.0000140 seconds
127.138: Application time: 0.0262280 seconds
127.138: [Full GC127.138: [Tenured: 71039K->71039K(71040K), 0.0774290 secs] 102975K->75980K(102976K), [Perm : 8819K->8819K(21248K)], 0.0774810 secs] [Times: user=0.07 sys=0.00, real=0.08 secs] 
127.216: Total time for which application threads were stopped: 0.0775680 seconds, Stopping threads took: 0.0000140 seconds
127.241: Application time: 0.0255420 seconds
127.241: [Full GC127.241: [Tenured: 71039K->71039K(71040K), 0.0905480 secs] 102975K->75922K(102976K), [Perm : 8819K->8819K(21248K)], 0.0905930 secs] [Times: user=0.09 sys=0.00, real=0.09 secs] 
127.332: Total time for which application threads were stopped: 0.0906860 seconds, Stopping threads took: 0.0000140 seconds
127.357: Application time: 0.0253000 seconds
127.357: [Full GC127.357: [Tenured: 71040K->71040K(71040K), 0.0773830 secs] 102976K->75948K(102976K), [Perm : 8819K->8819K(21248K)], 0.0774280 secs] [Times: user=0.08 sys=0.00, real=0.08 secs] 
127.435: Total time for which application threads were stopped: 0.0775170 seconds, Stopping threads took: 0.0000150 seconds
127.459: Application time: 0.0245610 seconds
127.459: [Full GC127.459: [Tenured: 71040K->71040K(71040K), 0.0776120 secs] 102975K->75985K(102976K), [Perm : 8819K->8819K(21248K)], 0.0776560 secs] [Times: user=0.08 sys=0.00, real=0.07 secs] 
127.537: Total time for which application threads were stopped: 0.0777560 seconds, Stopping threads took: 0.0000140 seconds
127.560: Application time: 0.0228800 seconds
127.560: [Full GC127.560: [Tenured: 71040K->71040K(71040K), 0.0795000 secs] 102975K->77962K(102976K), [Perm : 8819K->8819K(21248K)], 0.0795420 secs] [Times: user=0.08 sys=0.00, real=0.08 secs] 
127.640: Total time for which application threads were stopped: 0.0796280 seconds, Stopping threads took: 0.0000130 seconds
127.665: Application time: 0.0256780 seconds
127.665: [Full GC127.665: [Tenured: 71040K->71039K(71040K), 0.0943660 secs] 102976K->73748K(102976K), [Perm : 8819K->8819K(21248K)], 0.0944130 secs] [Times: user=0.09 sys=0.00, real=0.10 secs] 
127.760: Total time for which application threads were stopped: 0.0945070 seconds, Stopping threads took: 0.0000150 seconds
127.787: Application time: 0.0273170 seconds
127.787: [Full GC127.787: [Tenured: 71040K->71040K(71040K), 0.0777650 secs] 102976K->75012K(102976K), [Perm : 8819K->8819K(21248K)], 0.0778110 secs] [Times: user=0.08 sys=0.00, real=0.07 secs] 
127.865: Total time for which application threads were stopped: 0.0779010 seconds, Stopping threads took: 0.0000150 seconds
127.890: Application time: 0.0247870 seconds
127.890: [Full GC127.890: [Tenured: 71040K->71040K(71040K), 0.0787000 secs] 102975K->75831K(102976K), [Perm : 8819K->8819K(21248K)], 0.0787460 secs] [Times: user=0.08 sys=0.00, real=0.08 secs] 
127.969: Total time for which application threads were stopped: 0.0788380 seconds, Stopping threads took: 0.0000160 seconds
127.994: Application time: 0.0254020 seconds
127.994: [Full GC127.994: [Tenured: 71040K->71040K(71040K), 0.0799240 secs] 102975K->77909K(102976K), [Perm : 8819K->8819K(21248K)], 0.0799690 secs] [Times: user=0.08 sys=0.00, real=0.08 secs] 
128.074: Total time for which application threads were stopped: 0.0800760 seconds, Stopping threads took: 0.0000140 seconds
128.099: Application time: 0.0250740 seconds
128.099: [Full GC128.099: [Tenured: 71040K->71039K(71040K), 0.0981580 secs] 102976K->77391K(102976K), [Perm : 8819K->8819K(21248K)], 0.0982070 secs] [Times: user=0.09 sys=0.00, real=0.09 secs] 
128.198: Total time for which application threads were stopped: 0.0982990 seconds, Stopping threads took: 0.0000140 seconds
128.224: Application time: 0.0264270 seconds
128.224: [Full GC128.224: [Tenured: 71039K->71039K(71040K), 0.0929800 secs] 102975K->73134K(102976K), [Perm : 8819K->8819K(21248K)], 0.0930250 secs] [Times: user=0.09 sys=0.00, real=0.09 secs] 
128.317: Total time for which application threads were stopped: 0.0931160 seconds, Stopping threads took: 0.0000150 seconds
128.343: Application time: 0.0262710 seconds
128.343: [Full GC128.343: [Tenured: 71039K->71039K(71040K), 0.0813890 secs] 102975K->78421K(102976K), [Perm : 8819K->8819K(21248K)], 0.0814450 secs] [Times: user=0.08 sys=0.00, real=0.08 secs] 
128.425: Total time for which application threads were stopped: 0.0815320 seconds, Stopping threads took: 0.0000140 seconds
128.448: Application time: 0.0231300 seconds
128.448: [Full GC128.448: [Tenured: 71040K->71039K(71040K), 0.0855270 secs] 102975K->83380K(102976K), [Perm : 8819K->8819K(21248K)], 0.0855730 secs] [Times: user=0.08 sys=0.01, real=0.08 secs] 
128.534: Total time for which application threads were stopped: 0.0856610 seconds, Stopping threads took: 0.0000140 seconds
128.558: Application time: 0.0245630 seconds
128.558: [Full GC128.558: [Tenured: 71039K->71039K(71040K), 0.0944730 secs] 102975K->72297K(102976K), [Perm : 8819K->8819K(21248K)], 0.0945210 secs] [Times: user=0.09 sys=0.00, real=0.10 secs] 
128.653: Total time for which application threads were stopped: 0.0946200 seconds, Stopping threads took: 0.0000130 seconds
128.682: Application time: 0.0292590 seconds
128.682: [Full GC128.682: [Tenured: 71039K->71039K(71040K), 0.0954870 secs] 102975K->76621K(102976K), [Perm : 8819K->8819K(21248K)], 0.0955310 secs] [Times: user=0.10 sys=0.00, real=0.09 secs] 
128.778: Total time for which application threads were stopped: 0.0956200 seconds, Stopping threads took: 0.0000140 seconds
128.806: Application time: 0.0279460 seconds
128.806: [Full GC128.806: [Tenured: 71039K->71039K(71040K), 0.0946130 secs] 102975K->78966K(102976K), [Perm : 8819K->8819K(21248K)], 0.0946590 secs] [Times: user=0.10 sys=0.00, real=0.10 secs] 
128.900: Total time for which application threads were stopped: 0.0947460 seconds, Stopping threads took: 0.0000140 seconds
128.929: Application time: 0.0283650 seconds
128.929: [Full GC128.929: [Tenured: 71039K->71040K(71040K), 0.0973710 secs] 102975K->82845K(102976K), [Perm : 8819K->8819K(21248K)], 0.0974160 secs] [Times: user=0.09 sys=0.00, real=0.09 secs] 
129.026: Total time for which application threads were stopped: 0.0975030 seconds, Stopping threads took: 0.0000140 seconds
129.051: Application time: 0.0249330 seconds
129.051: [Full GC129.051: [Tenured: 71040K->71039K(71040K), 0.0973290 secs] 102975K->74540K(102976K), [Perm : 8819K->8819K(21248K)], 0.0973740 secs] [Times: user=0.10 sys=0.00, real=0.10 secs] 
129.149: Total time for which application threads were stopped: 0.0974600 seconds, Stopping threads took: 0.0000130 seconds
129.180: Application time: 0.0314400 seconds
129.180: [Full GC129.180: [Tenured: 71039K->71039K(71040K), 0.0839140 secs] 102975K->79396K(102976K), [Perm : 8819K->8819K(21248K)], 0.0839630 secs] [Times: user=0.08 sys=0.00, real=0.08 secs] 
129.264: Total time for which application threads were stopped: 0.0840620 seconds, Stopping threads took: 0.0000130 seconds
129.294: Application time: 0.0297500 seconds
129.294: [Full GC129.294: [Tenured: 71040K->71039K(71040K), 0.0945170 secs] 102975K->78753K(102976K), [Perm : 8819K->8819K(21248K)], 0.0945660 secs] [Times: user=0.10 sys=0.00, real=0.10 secs] 
129.389: Total time for which application threads were stopped: 0.0946540 seconds, Stopping threads took: 0.0000140 seconds
129.416: Application time: 0.0274630 seconds
129.416: [Full GC129.416: [Tenured: 71040K->71039K(71040K), 0.0937800 secs] 102976K->79342K(102976K), [Perm : 8819K->8819K(21248K)], 0.0938260 secs] [Times: user=0.09 sys=0.00, real=0.10 secs] 
129.510: Total time for which application threads were stopped: 0.0939140 seconds, Stopping threads took: 0.0000130 seconds
129.534: Application time: 0.0244350 seconds
129.534: [Full GC129.534: [Tenured: 71040K->71039K(71040K), 0.0979860 secs] 102976K->77083K(102976K), [Perm : 8819K->8819K(21248K)], 0.0980340 secs] [Times: user=0.09 sys=0.00, real=0.10 secs] 
129.633: Total time for which application threads were stopped: 0.0981240 seconds, Stopping threads took: 0.0000130 seconds
129.662: Application time: 0.0292550 seconds
129.662: [Full GC129.662: [Tenured: 71039K->71039K(71040K), 0.0801480 secs] 102975K->77021K(102976K), [Perm : 8819K->8819K(21248K)], 0.0802040 secs] [Times: user=0.09 sys=0.00, real=0.08 secs] 
129.742: Total time for which application threads were stopped: 0.0802930 seconds, Stopping threads took: 0.0000140 seconds
129.772: Application time: 0.0295910 seconds
129.772: [Full GC129.772: [Tenured: 71039K->71039K(71040K), 0.0799300 secs] 102975K->78803K(102976K), [Perm : 8819K->8819K(21248K)], 0.0799770 secs] [Times: user=0.08 sys=0.00, real=0.08 secs] 
129.852: Total time for which application threads were stopped: 0.0800750 seconds, Stopping threads took: 0.0000130 seconds
129.877: Application time: 0.0251720 seconds
129.877: [Full GC129.877: [Tenured: 71039K->71039K(71040K), 0.0774860 secs] 102975K->78848K(102976K), [Perm : 8819K->8819K(21248K)], 0.0775330 secs] [Times: user=0.08 sys=0.00, real=0.08 secs] 
129.955: Total time for which application threads were stopped: 0.0776200 seconds, Stopping threads took: 0.0000140 seconds
129.980: Application time: 0.0252920 seconds
129.980: [Full GC129.980: [Tenured: 71039K->71039K(71040K), 0.0936100 secs] 102975K->75899K(102976K), [Perm : 8819K->8819K(21248K)], 0.0936550 secs] [Times: user=0.10 sys=0.00, real=0.09 secs] 
130.074: Total time for which application threads were stopped: 0.0937420 seconds, Stopping threads took: 0.0000130 seconds
130.101: Application time: 0.0272260 seconds
130.101: [Full GC130.101: [Tenured: 71039K->71039K(71040K), 0.0781070 secs] 102975K->76000K(102976K), [Perm : 8819K->8819K(21248K)], 0.0781620 secs] [Times: user=0.07 sys=0.00, real=0.08 secs] 
130.179: Total time for which application threads were stopped: 0.0782510 seconds, Stopping threads took: 0.0000140 seconds
130.205: Application time: 0.0262530 seconds
130.205: [Full GC130.205: [Tenured: 71039K->71039K(71040K), 0.0772520 secs] 102975K->76001K(102976K), [Perm : 8819K->8819K(21248K)], 0.0772970 secs] [Times: user=0.07 sys=0.00, real=0.08 secs] 
130.283: Total time for which application threads were stopped: 0.0773840 seconds, Stopping threads took: 0.0000140 seconds
130.308: Application time: 0.0255680 seconds
130.308: [Full GC130.308: [Tenured: 71039K->71039K(71040K), 0.0765940 secs] 102975K->75972K(102976K), [Perm : 8819K->8819K(21248K)], 0.0766360 secs] [Times: user=0.07 sys=0.00, real=0.07 secs] 
130.385: Total time for which application threads were stopped: 0.0767350 seconds, Stopping threads took: 0.0000140 seconds
130.411: Application time: 0.0258400 seconds
130.411: [Full GC130.411: [Tenured: 71039K->71039K(71040K), 0.0915990 secs] 102975K->75898K(102976K), [Perm : 8819K->8819K(21248K)], 0.0916480 secs] [Times: user=0.09 sys=0.00, real=0.09 secs] 
130.503: Total time for which application threads were stopped: 0.0917410 seconds, Stopping threads took: 0.0000140 seconds
130.528: Application time: 0.0258130 seconds
130.528: [Full GC130.529: [Tenured: 71040K->71040K(71040K), 0.0772240 secs] 102976K->75932K(102976K), [Perm : 8819K->8819K(21248K)], 0.0772800 secs] [Times: user=0.08 sys=0.00, real=0.07 secs] 
130.606: Total time for which application threads were stopped: 0.0773700 seconds, Stopping threads took: 0.0000150 seconds
130.631: Application time: 0.0252320 seconds
130.631: [Full GC130.631: [Tenured: 71040K->71040K(71040K), 0.0767890 secs] 102975K->75961K(102976K), [Perm : 8819K->8819K(21248K)], 0.0768310 secs] [Times: user=0.07 sys=0.00, real=0.08 secs] 
130.708: Total time for which application threads were stopped: 0.0769180 seconds, Stopping threads took: 0.0000140 seconds
130.733: Application time: 0.0254810 seconds
130.733: [Full GC130.733: [Tenured: 71040K->71040K(71040K), 0.0760420 secs] 102975K->75958K(102976K), [Perm : 8819K->8819K(21248K)], 0.0760870 secs] [Times: user=0.07 sys=0.00, real=0.08 secs] 
130.810: Total time for which application threads were stopped: 0.0761740 seconds, Stopping threads took: 0.0000150 seconds
130.833: Application time: 0.0231310 seconds
130.833: [Full GC130.833: [Tenured: 71040K->71039K(71040K), 0.0907870 secs] 102975K->75910K(102976K), [Perm : 8819K->8819K(21248K)], 0.0908350 secs] [Times: user=0.09 sys=0.00, real=0.09 secs] 
130.924: Total time for which application threads were stopped: 0.0909470 seconds, Stopping threads took: 0.0000140 seconds
130.950: Application time: 0.0260050 seconds
130.950: [Full GC130.950: [Tenured: 71039K->71039K(71040K), 0.0759590 secs] 102975K->75919K(102976K), [Perm : 8819K->8819K(21248K)], 0.0760040 secs] [Times: user=0.08 sys=0.00, real=0.07 secs] 
131.026: Total time for which application threads were stopped: 0.0760920 seconds, Stopping threads took: 0.0000150 seconds
131.050: Application time: 0.0243430 seconds
131.050: [Full GC131.050: [Tenured: 71039K->71039K(71040K), 0.0792270 secs] 102975K->78888K(102976K), [Perm : 8819K->8819K(21248K)], 0.0792730 secs] [Times: user=0.08 sys=0.00, real=0.08 secs] 
131.129: Total time for which application threads were stopped: 0.0793610 seconds, Stopping threads took: 0.0000130 seconds
131.151: Application time: 0.0210720 seconds
131.151: [Full GC131.151: [Tenured: 71039K->71039K(71040K), 0.0948700 secs] 102975K->74333K(102976K), [Perm : 8819K->8819K(21248K)], 0.0949170 secs] [Times: user=0.09 sys=0.00, real=0.09 secs] 
131.246: Total time for which application threads were stopped: 0.0950100 seconds, Stopping threads took: 0.0000140 seconds
131.272: Application time: 0.0261340 seconds
131.272: [Full GC131.272: [Tenured: 71039K->71039K(71040K), 0.0928000 secs] 102975K->75653K(102976K), [Perm : 8819K->8819K(21248K)], 0.0928460 secs] [Times: user=0.09 sys=0.00, real=0.09 secs] 
131.365: Total time for which application threads were stopped: 0.0929350 seconds, Stopping threads took: 0.0000120 seconds
131.391: Application time: 0.0265980 seconds
131.391: [Full GC131.391: [Tenured: 71039K->71036K(71040K), 0.0905330 secs] 102975K->76997K(102976K), [Perm : 8819K->8819K(21248K)], 0.0905780 secs] [Times: user=0.09 sys=0.00, real=0.09 secs] 
131.482: Total time for which application threads were stopped: 0.0906800 seconds, Stopping threads took: 0.0000140 seconds
131.507: Application time: 0.0247790 seconds
131.507: [Full GC131.507: [Tenured: 71040K->71039K(71040K), 0.0908750 secs] 102975K->79356K(102976K), [Perm : 8819K->8819K(21248K)], 0.0909220 secs] [Times: user=0.09 sys=0.00, real=0.09 secs] 
131.598: Total time for which application threads were stopped: 0.0910120 seconds, Stopping threads took: 0.0000130 seconds
131.621: Application time: 0.0237080 seconds
131.621: [Full GC131.621: [Tenured: 71040K->71039K(71040K), 0.0927460 secs] 102975K->76673K(102976K), [Perm : 8819K->8819K(21248K)], 0.0927930 secs] [Times: user=0.10 sys=0.00, real=0.09 secs] 
131.714: Total time for which application threads were stopped: 0.0928850 seconds, Stopping threads took: 0.0000130 seconds
131.741: Application time: 0.0266040 seconds
131.741: [Full GC131.741: [Tenured: 71039K->71040K(71040K), 0.0941560 secs] 102975K->72396K(102976K), [Perm : 8819K->8819K(21248K)], 0.0942030 secs] [Times: user=0.09 sys=0.00, real=0.09 secs] 
131.835: Total time for which application threads were stopped: 0.0942910 seconds, Stopping threads took: 0.0000140 seconds
131.863: Application time: 0.0279450 seconds
131.863: [Full GC131.863: [Tenured: 71040K->71040K(71040K), 0.0815050 secs] 102975K->77864K(102976K), [Perm : 8819K->8819K(21248K)], 0.0815530 secs] [Times: user=0.08 sys=0.00, real=0.08 secs] 
131.945: Total time for which application threads were stopped: 0.0816520 seconds, Stopping threads took: 0.0000230 seconds
131.971: Application time: 0.0266350 seconds
131.972: [Full GC131.972: [Tenured: 71040K->71039K(71040K), 0.0952920 secs] 102975K->79990K(102976K), [Perm : 8819K->8819K(21248K)], 0.0953370 secs] [Times: user=0.09 sys=0.00, real=0.09 secs] 
132.067: Total time for which application threads were stopped: 0.0954390 seconds, Stopping threads took: 0.0000130 seconds
132.092: Application time: 0.0249730 seconds
132.092: [Full GC132.092: [Tenured: 71039K->71039K(71040K), 0.0969160 secs] 102975K->75557K(102976K), [Perm : 8819K->8819K(21248K)], 0.0969620 secs] [Times: user=0.09 sys=0.00, real=0.10 secs] 
132.189: Total time for which application threads were stopped: 0.0970470 seconds, Stopping threads took: 0.0000130 seconds
132.217: Application time: 0.0283520 seconds
132.217: [Full GC132.217: [Tenured: 71039K->71039K(71040K), 0.0978630 secs] 102975K->73957K(102976K), [Perm : 8819K->8819K(21248K)], 0.0979170 secs] [Times: user=0.10 sys=0.00, real=0.10 secs] 
132.315: Total time for which application threads were stopped: 0.0980020 seconds, Stopping threads took: 0.0000130 seconds
132.346: Application time: 0.0309050 seconds
132.346: [Full GC132.346: [Tenured: 71040K->71039K(71040K), 0.0860640 secs] 102975K->81973K(102976K), [Perm : 8819K->8819K(21248K)], 0.0861100 secs] [Times: user=0.09 sys=0.00, real=0.09 secs] 
132.432: Total time for which application threads were stopped: 0.0861960 seconds, Stopping threads took: 0.0000130 seconds
132.457: Application time: 0.0251030 seconds
132.458: [Full GC132.458: [Tenured: 71039K->71039K(71040K), 0.0985610 secs] 102975K->77396K(102976K), [Perm : 8819K->8819K(21248K)], 0.0986050 secs] [Times: user=0.10 sys=0.00, real=0.10 secs] 
132.556: Total time for which application threads were stopped: 0.0986920 seconds, Stopping threads took: 0.0000130 seconds
132.586: Application time: 0.0300630 seconds
132.586: [Full GC132.586: [Tenured: 71039K->71039K(71040K), 0.0989800 secs] 102975K->76062K(102976K), [Perm : 8819K->8819K(21248K)], 0.0990260 secs] [Times: user=0.10 sys=0.00, real=0.10 secs] 
132.685: Total time for which application threads were stopped: 0.0991260 seconds, Stopping threads took: 0.0000140 seconds
132.716: Application time: 0.0309350 seconds
132.716: [Full GC132.716: [Tenured: 71040K->71039K(71040K), 0.0980110 secs] 102975K->76076K(102976K), [Perm : 8819K->8819K(21248K)], 0.0980570 secs] [Times: user=0.10 sys=0.00, real=0.10 secs] 
132.814: Total time for which application threads were stopped: 0.0981440 seconds, Stopping threads took: 0.0000140 seconds
132.845: Application time: 0.0301300 seconds
132.845: [Full GC132.845: [Tenured: 71039K->71039K(71040K), 0.0836330 secs] 102975K->80057K(102976K), [Perm : 8819K->8819K(21248K)], 0.0836770 secs] [Times: user=0.09 sys=0.00, real=0.09 secs] 
132.928: Total time for which application threads were stopped: 0.0837660 seconds, Stopping threads took: 0.0000130 seconds
132.955: Application time: 0.0270710 seconds
132.955: [Full GC132.955: [Tenured: 71039K->71039K(71040K), 0.0980180 secs] 102975K->76107K(102976K), [Perm : 8819K->8819K(21248K)], 0.0980640 secs] [Times: user=0.10 sys=0.00, real=0.10 secs] 
133.054: Total time for which application threads were stopped: 0.0981530 seconds, Stopping threads took: 0.0000130 seconds
133.084: Application time: 0.0305250 seconds
133.084: [Full GC133.084: [Tenured: 71040K->71040K(71040K), 0.0822670 secs] 102975K->77054K(102976K), [Perm : 8819K->8819K(21248K)], 0.0823140 secs] [Times: user=0.08 sys=0.00, real=0.08 secs] 
133.166: Total time for which application threads were stopped: 0.0824020 seconds, Stopping threads took: 0.0000130 seconds
133.193: Application time: 0.0269990 seconds
133.194: [Full GC133.194: [Tenured: 71040K->71039K(71040K), 0.0953780 secs] 102975K->76074K(102976K), [Perm : 8819K->8819K(21248K)], 0.0954230 secs] [Times: user=0.09 sys=0.00, real=0.10 secs] 
133.289: Total time for which application threads were stopped: 0.0955210 seconds, Stopping threads took: 0.0000130 seconds
133.317: Application time: 0.0275580 seconds
133.317: [Full GC133.317: [Tenured: 71039K->71039K(71040K), 0.0801110 secs] 102975K->76578K(102976K), [Perm : 8819K->8819K(21248K)], 0.0801570 secs] [Times: user=0.08 sys=0.00, real=0.08 secs] 
133.397: Total time for which application threads were stopped: 0.0802430 seconds, Stopping threads took: 0.0000120 seconds
133.425: Application time: 0.0282050 seconds
133.425: [Full GC133.425: [Tenured: 71039K->71039K(71040K), 0.0792150 secs] 102975K->76080K(102976K), [Perm : 8819K->8819K(21248K)], 0.0792600 secs] [Times: user=0.08 sys=0.00, real=0.08 secs] 
133.504: Total time for which application threads were stopped: 0.0793660 seconds, Stopping threads took: 0.0000320 seconds
133.532: Application time: 0.0277770 seconds
133.532: [Full GC133.532: [Tenured: 71039K->71039K(71040K), 0.0779640 secs] 102975K->76085K(102976K), [Perm : 8819K->8819K(21248K)], 0.0780140 secs] [Times: user=0.08 sys=0.00, real=0.08 secs] 
133.610: Total time for which application threads were stopped: 0.0781000 seconds, Stopping threads took: 0.0000150 seconds
133.637: Application time: 0.0269050 seconds
133.637: [Full GC133.637: [Tenured: 71039K->71039K(71040K), 0.0928170 secs] 102975K->75894K(102976K), [Perm : 8819K->8819K(21248K)], 0.0928650 secs] [Times: user=0.09 sys=0.00, real=0.10 secs] 
133.730: Total time for which application threads were stopped: 0.0929550 seconds, Stopping threads took: 0.0000140 seconds
133.757: Application time: 0.0265660 seconds
133.757: [Full GC133.757: [Tenured: 71040K->71040K(71040K), 0.0770390 secs] 102975K->75849K(102976K), [Perm : 8819K->8819K(21248K)], 0.0770850 secs] [Times: user=0.07 sys=0.00, real=0.08 secs] 
133.834: Total time for which application threads were stopped: 0.0771920 seconds, Stopping threads took: 0.0000150 seconds
133.860: Application time: 0.0263340 seconds
133.860: [Full GC133.860: [Tenured: 71040K->71040K(71040K), 0.0779980 secs] 102975K->75981K(102976K), [Perm : 8819K->8819K(21248K)], 0.0780420 secs] [Times: user=0.08 sys=0.00, real=0.07 secs] 
133.938: Total time for which application threads were stopped: 0.0781290 seconds, Stopping threads took: 0.0000140 seconds
133.964: Application time: 0.0260740 seconds
133.964: [Full GC133.965: [Tenured: 71040K->71040K(71040K), 0.0777870 secs] 102975K->75992K(102976K), [Perm : 8819K->8819K(21248K)], 0.0778310 secs] [Times: user=0.08 sys=0.00, real=0.08 secs] 
134.042: Total time for which application threads were stopped: 0.0779190 seconds, Stopping threads took: 0.0000150 seconds
134.066: Application time: 0.0239290 seconds
134.066: [Full GC134.066: [Tenured: 71040K->71039K(71040K), 0.0923910 secs] 102975K->75947K(102976K), [Perm : 8819K->8819K(21248K)], 0.0924410 secs] [Times: user=0.10 sys=0.00, real=0.09 secs] 
134.159: Total time for which application threads were stopped: 0.0925370 seconds, Stopping threads took: 0.0000140 seconds
134.184: Application time: 0.0255180 seconds
134.184: [Full GC134.184: [Tenured: 71039K->71039K(71040K), 0.0772110 secs] 102975K->75927K(102976K), [Perm : 8819K->8819K(21248K)], 0.0772560 secs] [Times: user=0.07 sys=0.00, real=0.08 secs] 
134.262: Total time for which application threads were stopped: 0.0773440 seconds, Stopping threads took: 0.0000140 seconds
134.287: Application time: 0.0257430 seconds
134.288: [Full GC134.288: [Tenured: 71039K->71039K(71040K), 0.0773600 secs] 102975K->75947K(102976K), [Perm : 8819K->8819K(21248K)], 0.0774020 secs] [Times: user=0.08 sys=0.00, real=0.07 secs] 
134.365: Total time for which application threads were stopped: 0.0775010 seconds, Stopping threads took: 0.0000140 seconds
134.390: Application time: 0.0249740 seconds
134.390: [Full GC134.390: [Tenured: 71039K->71039K(71040K), 0.0780040 secs] 102975K->76432K(102976K), [Perm : 8819K->8819K(21248K)], 0.0780480 secs] [Times: user=0.08 sys=0.00, real=0.08 secs] 
134.468: Total time for which application threads were stopped: 0.0781320 seconds, Stopping threads took: 0.0000130 seconds
134.493: Application time: 0.0254000 seconds
134.494: [Full GC134.494: [Tenured: 71039K->71039K(71040K), 0.0947480 secs] 102975K->73469K(102976K), [Perm : 8819K->8819K(21248K)], 0.0947950 secs] [Times: user=0.10 sys=0.00, real=0.10 secs] 
134.588: Total time for which application threads were stopped: 0.0948860 seconds, Stopping threads took: 0.0000140 seconds
134.614: Application time: 0.0251840 seconds
134.614: [Full GC134.614: [Tenured: 71040K->71040K(71040K), 0.0802290 secs] 102976K->77301K(102976K), [Perm : 8819K->8819K(21248K)], 0.0802730 secs] [Times: user=0.08 sys=0.00, real=0.08 secs] 
134.694: Total time for which application threads were stopped: 0.0803630 seconds, Stopping threads took: 0.0000140 seconds
134.720: Application time: 0.0261110 seconds
134.720: [Full GC134.720: [Tenured: 71040K->71039K(71040K), 0.0923550 secs] 102976K->76883K(102976K), [Perm : 8819K->8819K(21248K)], 0.0924010 secs] [Times: user=0.10 sys=0.00, real=0.09 secs] 
134.812: Total time for which application threads were stopped: 0.0925000 seconds, Stopping threads took: 0.0000130 seconds
134.837: Application time: 0.0242570 seconds
134.837: [Full GC134.837: [Tenured: 71039K->71039K(71040K), 0.0794960 secs] 102975K->78575K(102976K), [Perm : 8819K->8819K(21248K)], 0.0795410 secs] [Times: user=0.08 sys=0.00, real=0.08 secs] 
134.916: Total time for which application threads were stopped: 0.0796440 seconds, Stopping threads took: 0.0000140 seconds
134.943: Application time: 0.0265570 seconds
134.943: [Full GC134.943: [Tenured: 71039K->71040K(71040K), 0.0949580 secs] 102975K->75686K(102976K), [Perm : 8819K->8819K(21248K)], 0.0950030 secs] [Times: user=0.09 sys=0.00, real=0.09 secs] 
135.038: Total time for which application threads were stopped: 0.0950960 seconds, Stopping threads took: 0.0000140 seconds
135.064: Application time: 0.0260200 seconds
135.064: [Full GC135.064: [Tenured: 71040K->71040K(71040K), 0.0815530 secs] 102975K->79720K(102976K), [Perm : 8819K->8819K(21248K)], 0.0815970 secs] [Times: user=0.09 sys=0.00, real=0.08 secs] 
135.146: Total time for which application threads were stopped: 0.0816840 seconds, Stopping threads took: 0.0000130 seconds
135.169: Application time: 0.0227890 seconds
135.169: [Full GC135.169: [Tenured: 71040K->71040K(71040K), 0.0936900 secs] 102976K->74995K(102976K), [Perm : 8819K->8819K(21248K)], 0.0937340 secs] [Times: user=0.09 sys=0.00, real=0.09 secs] 
135.262: Total time for which application threads were stopped: 0.0938190 seconds, Stopping threads took: 0.0000120 seconds
135.289: Application time: 0.0271080 seconds
135.290: [Full GC135.290: [Tenured: 71040K->71039K(71040K), 0.0885800 secs] 102975K->78169K(102976K), [Perm : 8819K->8819K(21248K)], 0.0886280 secs] [Times: user=0.08 sys=0.00, real=0.08 secs] 
135.378: Total time for which application threads were stopped: 0.0887160 seconds, Stopping threads took: 0.0000130 seconds
135.402: Application time: 0.0241810 seconds
135.402: [Full GC135.402: [Tenured: 71039K->71039K(71040K), 0.0964910 secs] 102975K->74768K(102976K), [Perm : 8819K->8819K(21248K)], 0.0965380 secs] [Times: user=0.09 sys=0.00, real=0.09 secs] 
135.499: Total time for which application threads were stopped: 0.0966490 seconds, Stopping threads took: 0.0000130 seconds
135.528: Application time: 0.0286460 seconds
135.528: [Full GC135.528: [Tenured: 71039K->71039K(71040K), 0.0948010 secs] 102969K->77151K(102976K), [Perm : 8819K->8819K(21248K)], 0.0948500 secs] [Times: user=0.10 sys=0.00, real=0.09 secs] 
135.623: Total time for which application threads were stopped: 0.0949360 seconds, Stopping threads took: 0.0000130 seconds
135.649: Application time: 0.0265370 seconds
135.649: [Full GC135.649: [Tenured: 71039K->71040K(71040K), 0.0967710 secs] 102975K->77399K(102976K), [Perm : 8819K->8819K(21248K)], 0.0968170 secs] [Times: user=0.10 sys=0.00, real=0.09 secs] 
135.746: Total time for which application threads were stopped: 0.0969030 seconds, Stopping threads took: 0.0000130 seconds
135.775: Application time: 0.0289380 seconds
135.775: [Full GC135.775: [Tenured: 71040K->71039K(71040K), 0.0960400 secs] 102975K->80941K(102976K), [Perm : 8819K->8819K(21248K)], 0.0960840 secs] [Times: user=0.10 sys=0.00, real=0.10 secs] 
135.871: Total time for which application threads were stopped: 0.0961760 seconds, Stopping threads took: 0.0000180 seconds
135.897: Application time: 0.0258940 seconds
135.897: [Full GC135.897: [Tenured: 71039K->71039K(71040K), 0.0965910 secs] 102975K->73438K(102976K), [Perm : 8819K->8819K(21248K)], 0.0966370 secs] [Times: user=0.10 sys=0.00, real=0.10 secs] 
135.994: Total time for which application threads were stopped: 0.0967250 seconds, Stopping threads took: 0.0000130 seconds
136.025: Application time: 0.0315330 seconds
136.025: [Full GC136.025: [Tenured: 71039K->71039K(71040K), 0.0955210 secs] 102975K->78819K(102976K), [Perm : 8819K->8819K(21248K)], 0.0955670 secs] [Times: user=0.10 sys=0.00, real=0.10 secs] 
136.121: Total time for which application threads were stopped: 0.0956680 seconds, Stopping threads took: 0.0000130 seconds
136.150: Application time: 0.0291910 seconds
136.150: [Full GC136.150: [Tenured: 71039K->71039K(71040K), 0.0961940 secs] 102975K->80330K(102976K), [Perm : 8819K->8819K(21248K)], 0.0962480 secs] [Times: user=0.10 sys=0.00, real=0.09 secs] 
136.247: Total time for which application threads were stopped: 0.0963350 seconds, Stopping threads took: 0.0000120 seconds
136.275: Application time: 0.0279750 seconds
136.275: [Full GC136.275: [Tenured: 71039K->71040K(71040K), 0.0968000 secs] 102975K->78839K(102976K), [Perm : 8819K->8819K(21248K)], 0.0968430 secs] [Times: user=0.10 sys=0.00, real=0.10 secs] 
136.371: Total time for which application threads were stopped: 0.0969300 seconds, Stopping threads took: 0.0000130 seconds
136.399: Application time: 0.0278350 seconds
136.399: [Full GC136.399: [Tenured: 71040K->71040K(71040K), 0.0981840 secs] 102975K->76291K(102976K), [Perm : 8819K->8819K(21248K)], 0.0982310 secs] [Times: user=0.10 sys=0.00, real=0.09 secs] 
136.498: Total time for which application threads were stopped: 0.0983200 seconds, Stopping threads took: 0.0000140 seconds
136.525: Application time: 0.0278830 seconds
136.526: [Full GC136.526: [Tenured: 71040K->71040K(71040K), 0.0812350 secs] 102975K->79007K(102976K), [Perm : 8819K->8819K(21248K)], 0.0812810 secs] [Times: user=0.08 sys=0.00, real=0.08 secs] 
136.607: Total time for which application threads were stopped: 0.0813700 seconds, Stopping threads took: 0.0000140 seconds
136.634: Application time: 0.0271090 seconds
136.634: [Full GC136.634: [Tenured: 71040K->71040K(71040K), 0.0815040 secs] 102976K->80203K(102976K), [Perm : 8819K->8819K(21248K)], 0.0815500 secs] [Times: user=0.08 sys=0.00, real=0.08 secs] 
136.716: Total time for which application threads were stopped: 0.0816500 seconds, Stopping threads took: 0.0000130 seconds
136.742: Application time: 0.0268460 seconds
136.743: [Full GC136.743: [Tenured: 71040K->71039K(71040K), 0.0960180 secs] 102975K->75830K(102976K), [Perm : 8819K->8819K(21248K)], 0.0960640 secs] [Times: user=0.10 sys=0.00, real=0.09 secs] 
136.839: Total time for which application threads were stopped: 0.0961520 seconds, Stopping threads took: 0.0000140 seconds
136.867: Application time: 0.0284430 seconds
136.867: [Full GC136.867: [Tenured: 71040K->71040K(71040K), 0.0933650 secs] 102975K->75967K(102976K), [Perm : 8819K->8819K(21248K)], 0.0934100 secs] [Times: user=0.09 sys=0.00, real=0.09 secs] 
136.961: Total time for which application threads were stopped: 0.0934990 seconds, Stopping threads took: 0.0000140 seconds
136.988: Application time: 0.0274810 seconds
136.988: [Full GC136.988: [Tenured: 71040K->71040K(71040K), 0.0783250 secs] 102975K->76191K(102976K), [Perm : 8819K->8819K(21248K)], 0.0783710 secs] [Times: user=0.08 sys=0.00, real=0.07 secs] 
137.067: Total time for which application threads were stopped: 0.0784610 seconds, Stopping threads took: 0.0000160 seconds
137.093: Application time: 0.0262150 seconds
137.093: [Full GC137.093: [Tenured: 71040K->71040K(71040K), 0.0776280 secs] 102975K->76019K(102976K), [Perm : 8819K->8819K(21248K)], 0.0776720 secs] [Times: user=0.08 sys=0.00, real=0.08 secs] 
137.170: Total time for which application threads were stopped: 0.0777590 seconds, Stopping threads took: 0.0000140 seconds
137.197: Application time: 0.0265140 seconds
137.197: [Full GC137.197: [Tenured: 71040K->71040K(71040K), 0.0777690 secs] 102975K->76127K(102976K), [Perm : 8819K->8819K(21248K)], 0.0778130 secs] [Times: user=0.07 sys=0.00, real=0.08 secs] 
137.275: Total time for which application threads were stopped: 0.0779080 seconds, Stopping threads took: 0.0000130 seconds
137.301: Application time: 0.0262280 seconds
137.301: [Full GC137.301: [Tenured: 71040K->71039K(71040K), 0.0927150 secs] 102975K->75925K(102976K), [Perm : 8819K->8819K(21248K)], 0.0927630 secs] [Times: user=0.09 sys=0.00, real=0.09 secs] 
137.394: Total time for which application threads were stopped: 0.0928530 seconds, Stopping threads took: 0.0000130 seconds
137.420: Application time: 0.0258690 seconds
137.420: [Full GC137.420: [Tenured: 71039K->71039K(71040K), 0.0770230 secs] 102975K->75942K(102976K), [Perm : 8819K->8819K(21248K)], 0.0770740 secs] [Times: user=0.08 sys=0.00, real=0.07 secs] 
137.497: Total time for which application threads were stopped: 0.0771600 seconds, Stopping threads took: 0.0000130 seconds
137.522: Application time: 0.0251140 seconds
137.522: [Full GC137.522: [Tenured: 71039K->71039K(71040K), 0.0765360 secs] 102975K->76012K(102976K), [Perm : 8819K->8819K(21248K)], 0.0765800 secs] [Times: user=0.07 sys=0.00, real=0.07 secs] 
137.599: Total time for which application threads were stopped: 0.0766690 seconds, Stopping threads took: 0.0000140 seconds
137.624: Application time: 0.0251760 seconds
137.624: [Full GC137.624: [Tenured: 71039K->71039K(71040K), 0.0765930 secs] 102975K->76028K(102976K), [Perm : 8819K->8819K(21248K)], 0.0766350 secs] [Times: user=0.08 sys=0.00, real=0.08 secs] 
137.701: Total time for which application threads were stopped: 0.0767240 seconds, Stopping threads took: 0.0000140 seconds
137.726: Application time: 0.0254670 seconds
137.726: [Full GC137.726: [Tenured: 71039K->71039K(71040K), 0.0897240 secs] 102975K->75914K(102976K), [Perm : 8819K->8819K(21248K)], 0.0897690 secs] [Times: user=0.09 sys=0.00, real=0.09 secs] 
137.816: Total time for which application threads were stopped: 0.0898760 seconds, Stopping threads took: 0.0000140 seconds
137.841: Application time: 0.0251200 seconds
137.841: [Full GC137.841: [Tenured: 71039K->71039K(71040K), 0.0777380 secs] 102975K->76716K(102976K), [Perm : 8819K->8819K(21248K)], 0.0777950 secs] [Times: user=0.07 sys=0.00, real=0.08 secs] 
137.919: Total time for which application threads were stopped: 0.0778800 seconds, Stopping threads took: 0.0000130 seconds
137.943: Application time: 0.0240340 seconds
137.943: [Full GC137.943: [Tenured: 71039K->71039K(71040K), 0.0904510 secs] 102975K->77032K(102976K), [Perm : 8819K->8819K(21248K)], 0.0905000 secs] [Times: user=0.09 sys=0.00, real=0.09 secs] 
138.034: Total time for which application threads were stopped: 0.0905900 seconds, Stopping threads took: 0.0000140 seconds
138.058: Application time: 0.0247490 seconds
138.058: [Full GC138.059: [Tenured: 71040K->71039K(71040K), 0.0906130 secs] 102975K->77914K(102976K), [Perm : 8819K->8819K(21248K)], 0.0906600 secs] [Times: user=0.09 sys=0.00, real=0.10 secs] 
138.149: Total time for which application threads were stopped: 0.0907500 seconds, Stopping threads took: 0.0000150 seconds
138.176: Application time: 0.0263380 seconds
138.176: [Full GC138.176: [Tenured: 71039K->71039K(71040K), 0.0942370 secs] 102975K->75397K(102976K), [Perm : 8819K->8819K(21248K)], 0.0942840 secs] [Times: user=0.09 sys=0.00, real=0.10 secs] 
138.270: Total time for which application threads were stopped: 0.0943680 seconds, Stopping threads took: 0.0000120 seconds
138.296: Application time: 0.0262910 seconds
138.296: [Full GC138.296: [Tenured: 71039K->71039K(71040K), 0.0785260 secs] 102975K->75897K(102976K), [Perm : 8819K->8819K(21248K)], 0.0785720 secs] [Times: user=0.08 sys=0.00, real=0.08 secs] 
138.375: Total time for which application threads were stopped: 0.0786700 seconds, Stopping threads took: 0.0000140 seconds
138.400: Application time: 0.0251870 seconds
138.400: [Full GC138.400: [Tenured: 71039K->71039K(71040K), 0.0781120 secs] 102975K->75878K(102976K), [Perm : 8819K->8819K(21248K)], 0.0781580 secs] [Times: user=0.08 sys=0.00, real=0.07 secs] 
138.478: Total time for which application threads were stopped: 0.0782410 seconds, Stopping threads took: 0.0000130 seconds
138.503: Application time: 0.0247380 seconds
138.503: [Full GC138.503: [Tenured: 71039K->71039K(71040K), 0.0793090 secs] 102975K->76469K(102976K), [Perm : 8819K->8819K(21248K)], 0.0793520 secs] [Times: user=0.08 sys=0.00, real=0.08 secs] 
138.582: Total time for which application threads were stopped: 0.0794390 seconds, Stopping threads took: 0.0000140 seconds
138.607: Application time: 0.0244690 seconds
138.607: [Full GC138.607: [Tenured: 71039K->71039K(71040K), 0.0951600 secs] 102975K->75478K(102976K), [Perm : 8819K->8819K(21248K)], 0.0952200 secs] [Times: user=0.10 sys=0.01, real=0.10 secs] 
138.702: Total time for which application threads were stopped: 0.0953110 seconds, Stopping threads took: 0.0000130 seconds
138.725: Application time: 0.0223210 seconds
138.725: [Full GC138.725: [Tenured: 71039K->71039K(71040K), 0.0768050 secs] 102975K->75741K(102976K), [Perm : 8819K->8819K(21248K)], 0.0768460 secs] [Times: user=0.07 sys=0.00, real=0.08 secs] 
138.801: Total time for which application threads were stopped: 0.0769210 seconds, Stopping threads took: 0.0000120 seconds
138.853: Application time: 0.0516810 seconds
138.853: [Full GC138.853: [Tenured: 71039K->71039K(71040K), 0.0791070 secs] 102975K->77628K(102976K), [Perm : 8819K->8819K(21248K)], 0.0791500 secs] [Times: user=0.08 sys=0.00, real=0.08 secs] 
138.932: Total time for which application threads were stopped: 0.0792550 seconds, Stopping threads took: 0.0000150 seconds
138.983: Application time: 0.0507510 seconds
138.983: [Full GC138.983: [Tenured: 71039K->71039K(71040K), 0.0762980 secs] 102975K->77642K(102976K), [Perm : 8819K->8819K(21248K)], 0.0763410 secs] [Times: user=0.07 sys=0.00, real=0.08 secs] 
139.060: Total time for which application threads were stopped: 0.0764310 seconds, Stopping threads took: 0.0000150 seconds
139.101: Application time: 0.0414220 seconds
139.101: [Full GC139.101: [Tenured: 71039K->71040K(71040K), 0.0969860 secs] 102975K->75661K(102976K), [Perm : 8819K->8819K(21248K)], 0.0970350 secs] [Times: user=0.09 sys=0.00, real=0.09 secs] 
139.198: Total time for which application threads were stopped: 0.0971240 seconds, Stopping threads took: 0.0000130 seconds
139.225: Application time: 0.0265570 seconds
139.225: Total time for which application threads were stopped: 0.0001070 seconds, Stopping threads took: 0.0000740 seconds
139.225: Application time: 0.0001080 seconds
139.225: Total time for which application threads were stopped: 0.0000750 seconds, Stopping threads took: 0.0000140 seconds
139.242: Application time: 0.0171420 seconds
139.242: [Full GC139.242: [Tenured: 71040K->71040K(71040K), 0.0881080 secs] 102976K->90971K(102976K), [Perm : 8847K->8847K(21248K)], 0.0881540 secs] [Times: user=0.08 sys=0.00, real=0.09 secs] 
139.330: Total time for which application threads were stopped: 0.0882430 seconds, Stopping threads took: 0.0000130 seconds
139.349: Application time: 0.0181400 seconds
139.349: [Full GC139.349: [Tenured: 71040K->71039K(71040K), 0.0933450 secs] 102975K->82273K(102976K), [Perm : 8847K->8847K(21248K)], 0.0933920 secs] [Times: user=0.10 sys=0.00, real=0.09 secs] 
139.442: Total time for which application threads were stopped: 0.0934830 seconds, Stopping threads took: 0.0000140 seconds
139.469: Application time: 0.0269280 seconds
139.469: [Full GC139.469: [Tenured: 71039K->65163K(71040K), 0.0904590 secs] 102975K->65163K(102976K), [Perm : 8847K->8847K(21248K)], 0.0905070 secs] [Times: user=0.09 sys=0.00, real=0.09 secs] 
139.560: Total time for which application threads were stopped: 0.0906040 seconds, Stopping threads took: 0.0000140 seconds
139.574: Application time: 0.0144110 seconds
139.574: [GC139.574: [DefNew (promotion failed) : 28416K->31935K(31936K), 0.0267230 secs]139.601: [Tenured: 71040K->71039K(71040K), 0.1074450 secs] 93579K->74279K(102976K), [Perm : 8847K->8847K(21248K)], 0.1342370 secs] [Times: user=0.14 sys=0.00, real=0.14 secs] 
139.708: Total time for which application threads were stopped: 0.1343960 seconds, Stopping threads took: 0.0000840 seconds
139.747: Application time: 0.0388050 seconds
139.747: [Full GC139.747: [Tenured: 71039K->71039K(71040K), 0.0892540 secs] 102975K->76695K(102976K), [Perm : 8847K->8847K(21248K)], 0.0892990 secs] [Times: user=0.09 sys=0.00, real=0.08 secs] 
139.837: Total time for which application threads were stopped: 0.0893840 seconds, Stopping threads took: 0.0000150 seconds
139.866: Application time: 0.0289840 seconds
139.866: [Full GC139.866: [Tenured: 71039K->71039K(71040K), 0.1056390 secs] 102975K->77656K(102976K), [Perm : 8847K->8847K(21248K)], 0.1056840 secs] [Times: user=0.10 sys=0.00, real=0.11 secs] 
139.971: Total time for which application threads were stopped: 0.1057820 seconds, Stopping threads took: 0.0000140 seconds
140.002: Application time: 0.0310470 seconds
140.002: [Full GC140.002: [Tenured: 71039K->71039K(71040K), 0.0913370 secs] 102975K->79261K(102976K), [Perm : 8847K->8847K(21248K)], 0.0913840 secs] [Times: user=0.09 sys=0.00, real=0.09 secs] 
140.094: Total time for which application threads were stopped: 0.0914850 seconds, Stopping threads took: 0.0000130 seconds
140.119: Application time: 0.0249600 seconds
140.119: [Full GC140.119: [Tenured: 71039K->71039K(71040K), 0.1140040 secs] 102975K->79159K(102976K), [Perm : 8847K->8847K(21248K)], 0.1140490 secs] [Times: user=0.12 sys=0.00, real=0.12 secs] 
140.233: Total time for which application threads were stopped: 0.1141390 seconds, Stopping threads took: 0.0000140 seconds
140.262: Application time: 0.0294710 seconds
140.263: [Full GC140.263: [Tenured: 71039K->71039K(71040K), 0.1102930 secs] 102975K->78909K(102976K), [Perm : 8847K->8847K(21248K)], 0.1103380 secs] [Times: user=0.11 sys=0.00, real=0.11 secs] 
140.373: Total time for which application threads were stopped: 0.1104240 seconds, Stopping threads took: 0.0000130 seconds
140.405: Application time: 0.0317390 seconds
140.405: [Full GC140.405: [Tenured: 71039K->71039K(71040K), 0.1088800 secs] 102975K->79636K(102976K), [Perm : 8847K->8847K(21248K)], 0.1089250 secs] [Times: user=0.11 sys=0.00, real=0.11 secs] 
140.514: Total time for which application threads were stopped: 0.1090130 seconds, Stopping threads took: 0.0000120 seconds
140.545: Application time: 0.0310030 seconds
140.545: [Full GC140.545: [Tenured: 71039K->71040K(71040K), 0.1093430 secs] 102975K->76158K(102976K), [Perm : 8847K->8847K(21248K)], 0.1093890 secs] [Times: user=0.11 sys=0.00, real=0.11 secs] 
140.654: Total time for which application threads were stopped: 0.1094920 seconds, Stopping threads took: 0.0000130 seconds
140.685: Application time: 0.0306060 seconds
140.685: [Full GC140.685: [Tenured: 71040K->71039K(71040K), 0.0923230 secs] 102975K->76058K(102976K), [Perm : 8847K->8847K(21248K)], 0.0923680 secs] [Times: user=0.09 sys=0.00, real=0.09 secs] 
140.777: Total time for which application threads were stopped: 0.0924580 seconds, Stopping threads took: 0.0000130 seconds
140.810: Application time: 0.0325750 seconds
140.810: [Full GC140.810: [Tenured: 71039K->71039K(71040K), 0.0911380 secs] 102975K->76234K(102976K), [Perm : 8847K->8847K(21248K)], 0.0911810 secs] [Times: user=0.09 sys=0.00, real=0.09 secs] 
140.901: Total time for which application threads were stopped: 0.0912670 seconds, Stopping threads took: 0.0000130 seconds
140.930: Application time: 0.0285960 seconds
140.930: [Full GC140.930: [Tenured: 71039K->71039K(71040K), 0.0888620 secs] 102975K->76099K(102976K), [Perm : 8847K->8847K(21248K)], 0.0889050 secs] [Times: user=0.09 sys=0.00, real=0.08 secs] 
141.019: Total time for which application threads were stopped: 0.0889900 seconds, Stopping threads took: 0.0000150 seconds
141.045: Application time: 0.0261520 seconds
141.045: [Full GC141.045: [Tenured: 71039K->71039K(71040K), 0.0890630 secs] 102975K->76193K(102976K), [Perm : 8847K->8847K(21248K)], 0.0891090 secs] [Times: user=0.09 sys=0.00, real=0.09 secs] 
141.134: Total time for which application threads were stopped: 0.0891950 seconds, Stopping threads took: 0.0000140 seconds
141.157: Application time: 0.0230540 seconds
141.157: [Full GC141.157: [Tenured: 71039K->71039K(71040K), 0.1040380 secs] 102975K->76076K(102976K), [Perm : 8847K->8847K(21248K)], 0.1040860 secs] [Times: user=0.10 sys=0.00, real=0.11 secs] 
141.261: Total time for which application threads were stopped: 0.1041830 seconds, Stopping threads took: 0.0000110 seconds
141.287: Application time: 0.0256730 seconds
141.287: [Full GC141.287: [Tenured: 71039K->71039K(71040K), 0.0897410 secs] 102975K->76070K(102976K), [Perm : 8847K->8847K(21248K)], 0.0897850 secs] [Times: user=0.09 sys=0.00, real=0.09 secs] 
141.377: Total time for which application threads were stopped: 0.0898710 seconds, Stopping threads took: 0.0000130 seconds
141.401: Application time: 0.0247070 seconds
141.402: [Full GC141.402: [Tenured: 71039K->71039K(71040K), 0.0875420 secs] 102975K->76097K(102976K), [Perm : 8847K->8847K(21248K)], 0.0875920 secs] [Times: user=0.08 sys=0.00, real=0.09 secs] 
141.489: Total time for which application threads were stopped: 0.0877020 seconds, Stopping threads took: 0.0000130 seconds
141.514: Application time: 0.0249110 seconds
141.514: [Full GC141.514: [Tenured: 71039K->71039K(71040K), 0.0878030 secs] 102975K->76090K(102976K), [Perm : 8847K->8847K(21248K)], 0.0878500 secs] [Times: user=0.08 sys=0.00, real=0.09 secs] 
141.602: Total time for which application threads were stopped: 0.0879380 seconds, Stopping threads took: 0.0000140 seconds
141.627: Application time: 0.0248780 seconds
141.627: [Full GC141.627: [Tenured: 71039K->71039K(71040K), 0.0881990 secs] 102975K->76083K(102976K), [Perm : 8847K->8847K(21248K)], 0.0882430 secs] [Times: user=0.08 sys=0.00, real=0.09 secs] 
141.715: Total time for which application threads were stopped: 0.0883310 seconds, Stopping threads took: 0.0000140 seconds
141.743: Application time: 0.0276070 seconds
141.743: [Full GC141.743: [Tenured: 71040K->71040K(71040K), 0.0901960 secs] 102975K->76237K(102976K), [Perm : 8847K->8847K(21248K)], 0.0902380 secs] [Times: user=0.09 sys=0.00, real=0.09 secs] 
141.833: Total time for which application threads were stopped: 0.0903450 seconds, Stopping threads took: 0.0000140 seconds
141.860: Application time: 0.0272570 seconds
141.861: [Full GC141.861: [Tenured: 71040K->71040K(71040K), 0.0888930 secs] 102975K->76294K(102976K), [Perm : 8847K->8847K(21248K)], 0.0889360 secs] [Times: user=0.09 sys=0.00, real=0.09 secs] 
141.949: Total time for which application threads were stopped: 0.0890190 seconds, Stopping threads took: 0.0000130 seconds
141.976: Application time: 0.0266930 seconds
141.976: [Full GC141.976: [Tenured: 71040K->71040K(71040K), 0.0891430 secs] 102975K->76285K(102976K), [Perm : 8847K->8847K(21248K)], 0.0891870 secs] [Times: user=0.09 sys=0.00, real=0.09 secs] 
142.065: Total time for which application threads were stopped: 0.0892730 seconds, Stopping threads took: 0.0000130 seconds
142.088: Application time: 0.0227870 seconds
142.088: [Full GC142.088: [Tenured: 71040K->71039K(71040K), 0.1064400 secs] 102975K->75954K(102976K), [Perm : 8847K->8847K(21248K)], 0.1064900 secs] [Times: user=0.11 sys=0.00, real=0.10 secs] 
142.195: Total time for which application threads were stopped: 0.1065820 seconds, Stopping threads took: 0.0000170 seconds
142.222: Application time: 0.0269660 seconds
142.222: [Full GC142.222: [Tenured: 71039K->71039K(71040K), 0.0892750 secs] 102975K->75964K(102976K), [Perm : 8847K->8847K(21248K)], 0.0893170 secs] [Times: user=0.09 sys=0.00, real=0.09 secs] 
142.311: Total time for which application threads were stopped: 0.0894050 seconds, Stopping threads took: 0.0000150 seconds
142.338: Application time: 0.0266560 seconds
142.338: [Full GC142.338: [Tenured: 71039K->71039K(71040K), 0.0892620 secs] 102975K->75966K(102976K), [Perm : 8847K->8847K(21248K)], 0.0893040 secs] [Times: user=0.09 sys=0.00, real=0.10 secs] 
142.427: Total time for which application threads were stopped: 0.0894060 seconds, Stopping threads took: 0.0000130 seconds
142.453: Application time: 0.0253990 seconds
142.453: [Full GC142.453: [Tenured: 71039K->71039K(71040K), 0.0880530 secs] 102975K->75949K(102976K), [Perm : 8847K->8847K(21248K)], 0.0880990 secs] [Times: user=0.09 sys=0.00, real=0.09 secs] 
142.541: Total time for which application threads were stopped: 0.0881880 seconds, Stopping threads took: 0.0000150 seconds
142.567: Application time: 0.0266520 seconds
142.568: [Full GC142.568: [Tenured: 71039K->71039K(71040K), 0.0892180 secs] 102975K->75953K(102976K), [Perm : 8847K->8847K(21248K)], 0.0892640 secs] [Times: user=0.09 sys=0.00, real=0.08 secs] 
142.657: Total time for which application threads were stopped: 0.0893520 seconds, Stopping threads took: 0.0000150 seconds
142.681: Application time: 0.0242170 seconds
142.681: [Full GC142.681: [Tenured: 71039K->71039K(71040K), 0.0894300 secs] 102975K->75968K(102976K), [Perm : 8847K->8847K(21248K)], 0.0894830 secs] [Times: user=0.09 sys=0.00, real=0.09 secs] 
142.771: Total time for which application threads were stopped: 0.0895710 seconds, Stopping threads took: 0.0000140 seconds
142.794: Application time: 0.0232820 seconds
142.794: [Full GC142.794: [Tenured: 71039K->71039K(71040K), 0.0891190 secs] 102975K->75975K(102976K), [Perm : 8847K->8847K(21248K)], 0.0891610 secs] [Times: user=0.09 sys=0.00, real=0.09 secs] 
142.883: Total time for which application threads were stopped: 0.0892480 seconds, Stopping threads took: 0.0000140 seconds
142.906: Application time: 0.0224810 seconds
142.906: [Full GC142.906: [Tenured: 71039K->71039K(71040K), 0.0937570 secs] 102975K->80790K(102976K), [Perm : 8847K->8847K(21248K)], 0.0938010 secs] [Times: user=0.10 sys=0.00, real=0.10 secs] 
143.000: Total time for which application threads were stopped: 0.0938990 seconds, Stopping threads took: 0.0000130 seconds
143.018: Application time: 0.0184280 seconds
143.018: [Full GC143.018: [Tenured: 71039K->71039K(71040K), 0.1124230 secs] 102975K->82635K(102976K), [Perm : 8847K->8847K(21248K)], 0.1124690 secs] [Times: user=0.11 sys=0.00, real=0.12 secs] 
143.131: Total time for which application threads were stopped: 0.1125560 seconds, Stopping threads took: 0.0000130 seconds
143.152: Application time: 0.0218450 seconds
143.152: [Full GC143.152: [Tenured: 71039K->69104K(71040K), 0.0902720 secs] 102975K->69104K(102976K), [Perm : 8847K->8847K(21248K)], 0.0903180 secs] [Times: user=0.09 sys=0.00, real=0.09 secs] 
143.243: Total time for which application threads were stopped: 0.0904030 seconds, Stopping threads took: 0.0000130 seconds
143.257: Application time: 0.0143380 seconds
143.257: [GC143.257: [DefNew: 28416K->28416K(31936K), 0.0000100 secs]143.257: [Tenured: 69104K->71039K(71040K), 0.0994270 secs] 97520K->72676K(102976K), [Perm : 8847K->8847K(21248K)], 0.0994900 secs] [Times: user=0.10 sys=0.00, real=0.10 secs] 
143.357: Total time for which application threads were stopped: 0.0996360 seconds, Stopping threads took: 0.0000690 seconds
143.394: Application time: 0.0374710 seconds
143.394: [Full GC143.394: [Tenured: 71039K->71039K(71040K), 0.0865020 secs] 102975K->78537K(102976K), [Perm : 8847K->8847K(21248K)], 0.0865490 secs] [Times: user=0.08 sys=0.00, real=0.09 secs] 
143.481: Total time for which application threads were stopped: 0.0866340 seconds, Stopping threads took: 0.0000140 seconds
143.511: Application time: 0.0299150 seconds
143.511: [Full GC143.511: [Tenured: 71039K->71039K(71040K), 0.1021660 secs] 102975K->75832K(102976K), [Perm : 8847K->8847K(21248K)], 0.1022130 secs] [Times: user=0.10 sys=0.00, real=0.10 secs] 
143.613: Total time for which application threads were stopped: 0.1023170 seconds, Stopping threads took: 0.0000140 seconds
143.644: Application time: 0.0306770 seconds
143.644: [Full GC143.644: [Tenured: 71040K->71040K(71040K), 0.0859470 secs] 102975K->78070K(102976K), [Perm : 8847K->8847K(21248K)], 0.0859960 secs] [Times: user=0.08 sys=0.00, real=0.09 secs] 
143.730: Total time for which application threads were stopped: 0.0860870 seconds, Stopping threads took: 0.0000150 seconds
143.758: Application time: 0.0284000 seconds
143.758: [Full GC143.758: [Tenured: 71040K->71039K(71040K), 0.1029060 secs] 102975K->80510K(102976K), [Perm : 8847K->8847K(21248K)], 0.1029520 secs] [Times: user=0.10 sys=0.00, real=0.11 secs] 
143.861: Total time for which application threads were stopped: 0.1030370 seconds, Stopping threads took: 0.0000130 seconds
143.887: Application time: 0.0254800 seconds
143.887: [Full GC143.887: [Tenured: 71040K->71039K(71040K), 0.1039640 secs] 102975K->79051K(102976K), [Perm : 8847K->8847K(21248K)], 0.1040100 secs] [Times: user=0.11 sys=0.00, real=0.11 secs] 
143.991: Total time for which application threads were stopped: 0.1040970 seconds, Stopping threads took: 0.0000130 seconds
144.020: Application time: 0.0286360 seconds
144.020: [Full GC144.020: [Tenured: 71040K->71039K(71040K), 0.1001230 secs] 102976K->74750K(102976K), [Perm : 8847K->8847K(21248K)], 0.1001770 secs] [Times: user=0.10 sys=0.00, real=0.10 secs] 
144.120: Total time for which application threads were stopped: 0.1002780 seconds, Stopping threads took: 0.0000130 seconds
144.155: Application time: 0.0354750 seconds
144.155: [Full GC144.155: [Tenured: 71040K->71040K(71040K), 0.0852410 secs] 102976K->77898K(102976K), [Perm : 8847K->8847K(21248K)], 0.0852980 secs] [Times: user=0.08 sys=0.00, real=0.09 secs] 
144.241: Total time for which application threads were stopped: 0.0854110 seconds, Stopping threads took: 0.0000170 seconds
144.272: Application time: 0.0315680 seconds
144.272: [Full GC144.272: [Tenured: 71040K->71040K(71040K), 0.0824590 secs] 102976K->78168K(102976K), [Perm : 8847K->8847K(21248K)], 0.0825050 secs] [Times: user=0.09 sys=0.00, real=0.08 secs] 
144.355: Total time for which application threads were stopped: 0.0826100 seconds, Stopping threads took: 0.0000320 seconds
144.387: Application time: 0.0318780 seconds
144.387: [Full GC144.387: [Tenured: 71040K->71040K(71040K), 0.0830590 secs] 102975K->77963K(102976K), [Perm : 8847K->8847K(21248K)], 0.0831060 secs] [Times: user=0.09 sys=0.00, real=0.09 secs] 
144.470: Total time for which application threads were stopped: 0.0831950 seconds, Stopping threads took: 0.0000150 seconds
144.499: Application time: 0.0292270 seconds
144.499: [Full GC144.499: [Tenured: 71040K->71039K(71040K), 0.0972080 secs] 102975K->76037K(102976K), [Perm : 8847K->8847K(21248K)], 0.0972540 secs] [Times: user=0.10 sys=0.00, real=0.09 secs] 
144.597: Total time for which application threads were stopped: 0.0973470 seconds, Stopping threads took: 0.0000150 seconds
144.623: Application time: 0.0266640 seconds
144.623: [Full GC144.623: [Tenured: 71039K->71039K(71040K), 0.0802900 secs] 102975K->76033K(102976K), [Perm : 8847K->8847K(21248K)], 0.0803340 secs] [Times: user=0.08 sys=0.00, real=0.08 secs] 
144.704: Total time for which application threads were stopped: 0.0804360 seconds, Stopping threads took: 0.0000150 seconds
144.728: Application time: 0.0245320 seconds
144.728: [Full GC144.728: [Tenured: 71039K->71039K(71040K), 0.0806520 secs] 102975K->76075K(102976K), [Perm : 8847K->8847K(21248K)], 0.0806960 secs] [Times: user=0.08 sys=0.00, real=0.08 secs] 
144.809: Total time for which application threads were stopped: 0.0807830 seconds, Stopping threads took: 0.0000140 seconds
144.833: Application time: 0.0242660 seconds
144.833: [Full GC144.833: [Tenured: 71039K->71039K(71040K), 0.0807750 secs] 102975K->76099K(102976K), [Perm : 8847K->8847K(21248K)], 0.0808190 secs] [Times: user=0.09 sys=0.00, real=0.08 secs] 
144.914: Total time for which application threads were stopped: 0.0809080 seconds, Stopping threads took: 0.0000150 seconds
144.939: Application time: 0.0244400 seconds
144.939: [Full GC144.939: [Tenured: 71039K->71039K(71040K), 0.0969090 secs] 102975K->75981K(102976K), [Perm : 8847K->8847K(21248K)], 0.0969560 secs] [Times: user=0.10 sys=0.00, real=0.10 secs] 
145.036: Total time for which application threads were stopped: 0.0970480 seconds, Stopping threads took: 0.0000140 seconds
145.060: Application time: 0.0245430 seconds
145.060: [Full GC145.060: [Tenured: 71039K->71039K(71040K), 0.0793830 secs] 102975K->75969K(102976K), [Perm : 8847K->8847K(21248K)], 0.0794260 secs] [Times: user=0.07 sys=0.00, real=0.08 secs] 
145.140: Total time for which application threads were stopped: 0.0795160 seconds, Stopping threads took: 0.0000150 seconds
145.161: Application time: 0.0216050 seconds
145.161: [Full GC145.161: [Tenured: 71039K->71039K(71040K), 0.0790520 secs] 102975K->75982K(102976K), [Perm : 8847K->8847K(21248K)], 0.0790930 secs] [Times: user=0.08 sys=0.00, real=0.08 secs] 
145.240: Total time for which application threads were stopped: 0.0791860 seconds, Stopping threads took: 0.0000130 seconds
145.266: Application time: 0.0255070 seconds
145.266: [Full GC145.266: [Tenured: 71039K->71039K(71040K), 0.0803390 secs] 102975K->76030K(102976K), [Perm : 8847K->8847K(21248K)], 0.0803830 secs] [Times: user=0.08 sys=0.00, real=0.08 secs] 
145.346: Total time for which application threads were stopped: 0.0804780 seconds, Stopping threads took: 0.0000130 seconds
145.373: Application time: 0.0266400 seconds
145.373: [Full GC145.373: [Tenured: 71039K->71039K(71040K), 0.0960170 secs] 102975K->75980K(102976K), [Perm : 8847K->8847K(21248K)], 0.0960650 secs] [Times: user=0.09 sys=0.00, real=0.10 secs] 
145.469: Total time for which application threads were stopped: 0.0961580 seconds, Stopping threads took: 0.0000140 seconds
145.495: Application time: 0.0261670 seconds
145.496: [Full GC145.496: [Tenured: 71039K->71039K(71040K), 0.0809710 secs] 102975K->76005K(102976K), [Perm : 8847K->8847K(21248K)], 0.0810150 secs] [Times: user=0.08 sys=0.00, real=0.08 secs] 
145.577: Total time for which application threads were stopped: 0.0811050 seconds, Stopping threads took: 0.0000150 seconds
145.603: Application time: 0.0266270 seconds
145.603: [Full GC145.603: [Tenured: 71039K->71039K(71040K), 0.0818720 secs] 102975K->75968K(102976K), [Perm : 8847K->8847K(21248K)], 0.0819130 secs] [Times: user=0.08 sys=0.00, real=0.08 secs] 
145.685: Total time for which application threads were stopped: 0.0819970 seconds, Stopping threads took: 0.0000140 seconds
145.712: Application time: 0.0265870 seconds
145.712: [Full GC145.712: [Tenured: 71039K->71039K(71040K), 0.0810870 secs] 102975K->75984K(102976K), [Perm : 8847K->8847K(21248K)], 0.0811280 secs] [Times: user=0.08 sys=0.00, real=0.08 secs] 
145.793: Total time for which application threads were stopped: 0.0812310 seconds, Stopping threads took: 0.0000140 seconds
145.820: Application time: 0.0267410 seconds
145.820: [Full GC145.820: [Tenured: 71039K->71039K(71040K), 0.0914430 secs] 102975K->75948K(102976K), [Perm : 8847K->8847K(21248K)], 0.0914890 secs] [Times: user=0.09 sys=0.00, real=0.09 secs] 
145.911: Total time for which application threads were stopped: 0.0915830 seconds, Stopping threads took: 0.0000150 seconds
145.937: Application time: 0.0258710 seconds
145.937: [Full GC145.937: [Tenured: 71040K->71040K(71040K), 0.0812540 secs] 102975K->75963K(102976K), [Perm : 8847K->8847K(21248K)], 0.0813010 secs] [Times: user=0.08 sys=0.00, real=0.08 secs] 
146.019: Total time for which application threads were stopped: 0.0813880 seconds, Stopping threads took: 0.0000140 seconds
146.045: Application time: 0.0265640 seconds
146.045: [Full GC146.045: [Tenured: 71040K->71040K(71040K), 0.0819250 secs] 102975K->75970K(102976K), [Perm : 8847K->8847K(21248K)], 0.0819710 secs] [Times: user=0.08 sys=0.00, real=0.09 secs] 
146.127: Total time for which application threads were stopped: 0.0820580 seconds, Stopping threads took: 0.0000150 seconds
146.154: Application time: 0.0265910 seconds
146.154: [Full GC146.154: [Tenured: 71040K->71040K(71040K), 0.0813010 secs] 102975K->75960K(102976K), [Perm : 8847K->8847K(21248K)], 0.0813440 secs] [Times: user=0.08 sys=0.00, real=0.08 secs] 
146.235: Total time for which application threads were stopped: 0.0814290 seconds, Stopping threads took: 0.0000140 seconds
146.261: Application time: 0.0259480 seconds
146.261: [Full GC146.261: [Tenured: 71040K->71039K(71040K), 0.0992230 secs] 102975K->78677K(102976K), [Perm : 8847K->8847K(21248K)], 0.0992690 secs] [Times: user=0.10 sys=0.00, real=0.10 secs] 
146.361: Total time for which application threads were stopped: 0.0993710 seconds, Stopping threads took: 0.0000140 seconds
146.386: Application time: 0.0251010 seconds
146.386: [Full GC146.386: [Tenured: 71039K->71039K(71040K), 0.0933620 secs] 102975K->78121K(102976K), [Perm : 8847K->8847K(21248K)], 0.0934080 secs] [Times: user=0.10 sys=0.00, real=0.10 secs] 
146.479: Total time for which application threads were stopped: 0.0934960 seconds, Stopping threads took: 0.0000130 seconds
146.498: Application time: 0.0189090 seconds
146.498: [Full GC146.498: [Tenured: 71039K->71040K(71040K), 0.0977860 secs] 102975K->86267K(102976K), [Perm : 8847K->8847K(21248K)], 0.0978300 secs] [Times: user=0.10 sys=0.00, real=0.10 secs] 
146.596: Total time for which application threads were stopped: 0.0979150 seconds, Stopping threads took: 0.0000120 seconds
146.617: Application time: 0.0205780 seconds
146.617: [Full GC146.617: [Tenured: 71040K->71039K(71040K), 0.0987870 secs] 102975K->80314K(102976K), [Perm : 8847K->8847K(21248K)], 0.0988400 secs] [Times: user=0.10 sys=0.00, real=0.10 secs] 
146.715: Total time for which application threads were stopped: 0.0989270 seconds, Stopping threads took: 0.0000130 seconds
146.739: Application time: 0.0230430 seconds
146.739: [Full GC146.739: [Tenured: 71039K->65826K(71040K), 0.0891690 secs] 102975K->65826K(102976K), [Perm : 8847K->8847K(21248K)], 0.0892160 secs] [Times: user=0.09 sys=0.00, real=0.10 secs] 
146.828: Total time for which application threads were stopped: 0.0893030 seconds, Stopping threads took: 0.0000140 seconds
146.843: Application time: 0.0154380 seconds
146.843: [GC146.843: [DefNew: 28416K->28416K(31936K), 0.0000100 secs]146.843: [Tenured: 65826K->71039K(71040K), 0.0861170 secs] 94242K->77428K(102976K), [Perm : 8847K->8847K(21248K)], 0.0861760 secs] [Times: user=0.08 sys=0.00, real=0.09 secs] 
146.930: Total time for which application threads were stopped: 0.0863220 seconds, Stopping threads took: 0.0000610 seconds
146.965: Application time: 0.0349460 seconds
146.965: [Full GC146.965: [Tenured: 71040K->71040K(71040K), 0.0891350 secs] 102975K->79789K(102976K), [Perm : 8847K->8847K(21248K)], 0.0891830 secs] [Times: user=0.09 sys=0.00, real=0.09 secs] 
147.054: Total time for which application threads were stopped: 0.0892710 seconds, Stopping threads took: 0.0000140 seconds
147.082: Application time: 0.0278130 seconds
147.082: [Full GC147.082: [Tenured: 71040K->71039K(71040K), 0.1043440 secs] 102976K->77521K(102976K), [Perm : 8847K->8847K(21248K)], 0.1043900 secs] [Times: user=0.10 sys=0.00, real=0.10 secs] 
147.186: Total time for which application threads were stopped: 0.1044810 seconds, Stopping threads took: 0.0000140 seconds
147.215: Application time: 0.0293390 seconds
147.216: [Full GC147.216: [Tenured: 71039K->71039K(71040K), 0.1015520 secs] 102975K->76061K(102976K), [Perm : 8847K->8847K(21248K)], 0.1015990 secs] [Times: user=0.10 sys=0.00, real=0.10 secs] 
147.317: Total time for which application threads were stopped: 0.1016870 seconds, Stopping threads took: 0.0000140 seconds
147.343: Application time: 0.0263270 seconds
147.344: [Full GC147.344: [Tenured: 71039K->71040K(71040K), 0.0989750 secs] 102975K->80227K(102976K), [Perm : 8847K->8847K(21248K)], 0.0990230 secs] [Times: user=0.10 sys=0.00, real=0.10 secs] 
147.443: Total time for which application threads were stopped: 0.0991110 seconds, Stopping threads took: 0.0000130 seconds
147.469: Application time: 0.0268020 seconds
147.469: [Full GC147.469: [Tenured: 71040K->71039K(71040K), 0.1051120 secs] 102976K->76853K(102976K), [Perm : 8847K->8847K(21248K)], 0.1051600 secs] [Times: user=0.10 sys=0.00, real=0.10 secs] 
147.575: Total time for which application threads were stopped: 0.1052630 seconds, Stopping threads took: 0.0000130 seconds
147.607: Application time: 0.0318810 seconds
147.607: [Full GC147.607: [Tenured: 71039K->71039K(71040K), 0.0874100 secs] 102975K->78653K(102976K), [Perm : 8847K->8847K(21248K)], 0.0874560 secs] [Times: user=0.09 sys=0.00, real=0.09 secs] 
147.694: Total time for which application threads were stopped: 0.0875440 seconds, Stopping threads took: 0.0000140 seconds
147.727: Application time: 0.0324460 seconds
147.727: [Full GC147.727: [Tenured: 71039K->71039K(71040K), 0.0992170 secs] 102975K->75952K(102976K), [Perm : 8847K->8847K(21248K)], 0.0992620 secs] [Times: user=0.10 sys=0.00, real=0.10 secs] 
147.826: Total time for which application threads were stopped: 0.0993530 seconds, Stopping threads took: 0.0000150 seconds
147.858: Application time: 0.0323320 seconds
147.858: [Full GC147.858: [Tenured: 71039K->71039K(71040K), 0.0812040 secs] 102975K->75924K(102976K), [Perm : 8847K->8847K(21248K)], 0.0812470 secs] [Times: user=0.08 sys=0.00, real=0.09 secs] 
147.940: Total time for which application threads were stopped: 0.0813340 seconds, Stopping threads took: 0.0000140 seconds
147.970: Application time: 0.0300640 seconds
147.970: [Full GC147.970: [Tenured: 71039K->71039K(71040K), 0.0816760 secs] 102975K->75877K(102976K), [Perm : 8847K->8847K(21248K)], 0.0817270 secs] [Times: user=0.08 sys=0.00, real=0.08 secs] 
148.051: Total time for which application threads were stopped: 0.0818140 seconds, Stopping threads took: 0.0000140 seconds
148.081: Application time: 0.0297310 seconds
148.081: [Full GC148.081: [Tenured: 71039K->71039K(71040K), 0.0843570 secs] 102975K->76036K(102976K), [Perm : 8847K->8847K(21248K)], 0.0844050 secs] [Times: user=0.09 sys=0.00, real=0.08 secs] 
148.166: Total time for which application threads were stopped: 0.0845070 seconds, Stopping threads took: 0.0000140 seconds
148.191: Application time: 0.0252930 seconds
148.191: [Full GC148.191: [Tenured: 71039K->71039K(71040K), 0.0973880 secs] 102975K->76001K(102976K), [Perm : 8847K->8847K(21248K)], 0.0974360 secs] [Times: user=0.10 sys=0.00, real=0.10 secs] 
148.288: Total time for which application threads were stopped: 0.0975300 seconds, Stopping threads took: 0.0000140 seconds
148.310: Application time: 0.0218050 seconds
148.310: [Full GC148.310: [Tenured: 71039K->71039K(71040K), 0.0791770 secs] 102975K->75964K(102976K), [Perm : 8847K->8847K(21248K)], 0.0792210 secs] [Times: user=0.08 sys=0.00, real=0.08 secs] 
148.390: Total time for which application threads were stopped: 0.0793090 seconds, Stopping threads took: 0.0000140 seconds
148.414: Application time: 0.0243860 seconds
148.414: [Full GC148.414: [Tenured: 71039K->71039K(71040K), 0.0802010 secs] 102975K->75967K(102976K), [Perm : 8847K->8847K(21248K)], 0.0802450 secs] [Times: user=0.08 sys=0.00, real=0.08 secs] 
148.494: Total time for which application threads were stopped: 0.0803330 seconds, Stopping threads took: 0.0000150 seconds
148.518: Application time: 0.0239870 seconds
148.518: [Full GC148.518: [Tenured: 71039K->71039K(71040K), 0.0798160 secs] 102975K->75995K(102976K), [Perm : 8847K->8847K(21248K)], 0.0798600 secs] [Times: user=0.08 sys=0.00, real=0.08 secs] 
148.598: Total time for which application threads were stopped: 0.0799500 seconds, Stopping threads took: 0.0000140 seconds
148.623: Application time: 0.0248600 seconds
148.623: [Full GC148.623: [Tenured: 71039K->71039K(71040K), 0.0950660 secs] 102975K->75975K(102976K), [Perm : 8847K->8847K(21248K)], 0.0951140 secs] [Times: user=0.10 sys=0.00, real=0.09 secs] 
148.718: Total time for which application threads were stopped: 0.0952200 seconds, Stopping threads took: 0.0000150 seconds
148.743: Application time: 0.0250480 seconds
148.743: [Full GC148.743: [Tenured: 71039K->71039K(71040K), 0.0805360 secs] 102975K->76003K(102976K), [Perm : 8847K->8847K(21248K)], 0.0805770 secs] [Times: user=0.08 sys=0.00, real=0.08 secs] 
148.824: Total time for which application threads were stopped: 0.0806660 seconds, Stopping threads took: 0.0000150 seconds
148.850: Application time: 0.0257390 seconds
148.850: [Full GC148.850: [Tenured: 71040K->71040K(71040K), 0.0804300 secs] 102975K->76075K(102976K), [Perm : 8847K->8847K(21248K)], 0.0804760 secs] [Times: user=0.08 sys=0.00, real=0.08 secs] 
148.930: Total time for which application threads were stopped: 0.0805630 seconds, Stopping threads took: 0.0000140 seconds
148.957: Application time: 0.0269040 seconds
148.957: [Full GC148.957: [Tenured: 71040K->71040K(71040K), 0.0813120 secs] 102976K->76158K(102976K), [Perm : 8847K->8847K(21248K)], 0.0813590 secs] [Times: user=0.08 sys=0.00, real=0.08 secs] 
149.039: Total time for which application threads were stopped: 0.0814470 seconds, Stopping threads took: 0.0000150 seconds
149.065: Application time: 0.0266050 seconds
149.065: [Full GC149.065: [Tenured: 71040K->71039K(71040K), 0.0974650 secs] 102975K->75959K(102976K), [Perm : 8847K->8847K(21248K)], 0.0975140 secs] [Times: user=0.09 sys=0.00, real=0.10 secs] 
149.163: Total time for which application threads were stopped: 0.0976180 seconds, Stopping threads took: 0.0000240 seconds
149.186: Application time: 0.0233660 seconds
149.186: [Full GC149.186: [Tenured: 71039K->71039K(71040K), 0.0819930 secs] 102975K->75976K(102976K), [Perm : 8847K->8847K(21248K)], 0.0820510 secs] [Times: user=0.08 sys=0.00, real=0.09 secs] 
149.270: Total time for which application threads were stopped: 0.0836170 seconds, Stopping threads took: 0.0000150 seconds
149.297: Application time: 0.0267270 seconds
149.297: [Full GC149.297: [Tenured: 71039K->71039K(71040K), 0.0799070 secs] 102975K->75991K(102976K), [Perm : 8847K->8847K(21248K)], 0.0799520 secs] [Times: user=0.08 sys=0.00, real=0.08 secs] 
149.377: Total time for which application threads were stopped: 0.0800390 seconds, Stopping threads took: 0.0000140 seconds
149.403: Application time: 0.0266460 seconds
149.403: [Full GC149.403: [Tenured: 71040K->71040K(71040K), 0.0827100 secs] 102975K->75948K(102976K), [Perm : 8847K->8847K(21248K)], 0.0827560 secs] [Times: user=0.08 sys=0.00, real=0.08 secs] 
149.486: Total time for which application threads were stopped: 0.0828470 seconds, Stopping threads took: 0.0000150 seconds
149.513: Application time: 0.0266540 seconds
149.513: [Full GC149.513: [Tenured: 71040K->71039K(71040K), 0.0828770 secs] 102976K->75961K(102976K), [Perm : 8847K->8847K(21248K)], 0.0829230 secs] [Times: user=0.08 sys=0.00, real=0.08 secs] 
149.596: Total time for which application threads were stopped: 0.0830120 seconds, Stopping threads took: 0.0000140 seconds
149.622: Application time: 0.0265690 seconds
149.623: [Full GC149.623: [Tenured: 71040K->71040K(71040K), 0.0826520 secs] 102975K->75955K(102976K), [Perm : 8847K->8847K(21248K)], 0.0826960 secs] [Times: user=0.09 sys=0.00, real=0.08 secs] 
149.705: Total time for which application threads were stopped: 0.0827840 seconds, Stopping threads took: 0.0000150 seconds
149.727: Application time: 0.0219430 seconds
149.727: [Full GC149.727: [Tenured: 71040K->71040K(71040K), 0.0840730 secs] 102976K->77094K(102976K), [Perm : 8847K->8847K(21248K)], 0.0841190 secs] [Times: user=0.08 sys=0.00, real=0.08 secs] 
149.811: Total time for which application threads were stopped: 0.0842190 seconds, Stopping threads took: 0.0000130 seconds
149.836: Application time: 0.0248960 seconds
149.836: [Full GC149.836: [Tenured: 71040K->71040K(71040K), 0.0950700 secs] 102976K->77555K(102976K), [Perm : 8847K->8847K(21248K)], 0.0951150 secs] [Times: user=0.09 sys=0.00, real=0.10 secs] 
149.932: Total time for which application threads were stopped: 0.0952050 seconds, Stopping threads took: 0.0000140 seconds
149.954: Application time: 0.0222470 seconds
149.954: [Full GC149.954: [Tenured: 71040K->71039K(71040K), 0.0963800 secs] 102975K->72288K(102976K), [Perm : 8847K->8847K(21248K)], 0.0964260 secs] [Times: user=0.10 sys=0.00, real=0.10 secs] 
150.050: Total time for which application threads were stopped: 0.0965150 seconds, Stopping threads took: 0.0000150 seconds
150.075: Application time: 0.0248820 seconds
150.075: [Full GC150.075: [Tenured: 71040K->71039K(71040K), 0.0954490 secs] 102976K->75207K(102976K), [Perm : 8847K->8847K(21248K)], 0.0954970 secs] [Times: user=0.09 sys=0.00, real=0.10 secs] 
150.171: Total time for which application threads were stopped: 0.0955860 seconds, Stopping threads took: 0.0000130 seconds
150.198: Application time: 0.0269850 seconds
150.198: [Full GC150.198: [Tenured: 71039K->71039K(71040K), 0.0949360 secs] 102975K->71595K(102976K), [Perm : 8847K->8847K(21248K)], 0.0949840 secs] [Times: user=0.09 sys=0.00, real=0.10 secs] 
150.293: Total time for which application threads were stopped: 0.0950700 seconds, Stopping threads took: 0.0000130 seconds
150.327: Application time: 0.0341420 seconds
150.327: [Full GC150.327: [Tenured: 71039K->71039K(71040K), 0.0960260 secs] 102975K->79177K(102976K), [Perm : 8847K->8847K(21248K)], 0.0960700 secs] [Times: user=0.10 sys=0.00, real=0.09 secs] 
150.423: Total time for which application threads were stopped: 0.0961710 seconds, Stopping threads took: 0.0000130 seconds
150.456: Application time: 0.0327190 seconds
150.456: [Full GC150.456: [Tenured: 71040K->71039K(71040K), 0.1021220 secs] 102976K->75927K(102976K), [Perm : 8847K->8847K(21248K)], 0.1021700 secs] [Times: user=0.10 sys=0.00, real=0.10 secs] 
150.558: Total time for which application threads were stopped: 0.1022680 seconds, Stopping threads took: 0.0000130 seconds
150.587: Application time: 0.0286470 seconds
150.587: [Full GC150.587: [Tenured: 71039K->71039K(71040K), 0.1011540 secs] 102975K->80568K(102976K), [Perm : 8847K->8847K(21248K)], 0.1012010 secs] [Times: user=0.10 sys=0.00, real=0.11 secs] 
150.688: Total time for which application threads were stopped: 0.1012890 seconds, Stopping threads took: 0.0000140 seconds
150.714: Application time: 0.0259770 seconds
150.714: [Full GC150.714: [Tenured: 71039K->71039K(71040K), 0.1034120 secs] 102975K->77319K(102976K), [Perm : 8847K->8847K(21248K)], 0.1034600 secs] [Times: user=0.10 sys=0.00, real=0.10 secs] 
150.818: Total time for which application threads were stopped: 0.1035520 seconds, Stopping threads took: 0.0000130 seconds
150.845: Application time: 0.0269930 seconds
150.845: [Full GC150.845: [Tenured: 71039K->71039K(71040K), 0.1032700 secs] 102975K->81920K(102976K), [Perm : 8847K->8847K(21248K)], 0.1033150 secs] [Times: user=0.10 sys=0.00, real=0.11 secs] 
150.948: Total time for which application threads were stopped: 0.1034130 seconds, Stopping threads took: 0.0000130 seconds
150.973: Application time: 0.0249510 seconds
150.973: [Full GC150.973: [Tenured: 71039K->71039K(71040K), 0.1084710 secs] 102975K->80517K(102976K), [Perm : 8847K->8847K(21248K)], 0.1085170 secs] [Times: user=0.11 sys=0.00, real=0.11 secs] 
151.082: Total time for which application threads were stopped: 0.1086060 seconds, Stopping threads took: 0.0000130 seconds
151.109: Application time: 0.0277280 seconds
151.109: [Full GC151.109: [Tenured: 71039K->71039K(71040K), 0.0871600 secs] 102975K->79601K(102976K), [Perm : 8847K->8847K(21248K)], 0.0872050 secs] [Times: user=0.08 sys=0.00, real=0.08 secs] 
151.197: Total time for which application threads were stopped: 0.0872930 seconds, Stopping threads took: 0.0000130 seconds
151.228: Application time: 0.0316880 seconds
151.228: [Full GC151.228: [Tenured: 71040K->71039K(71040K), 0.0864980 secs] 102975K->79401K(102976K), [Perm : 8847K->8847K(21248K)], 0.0865440 secs] [Times: user=0.09 sys=0.00, real=0.08 secs] 
151.315: Total time for which application threads were stopped: 0.0866360 seconds, Stopping threads took: 0.0000150 seconds
151.345: Application time: 0.0305610 seconds
151.346: [Full GC151.346: [Tenured: 71040K->71040K(71040K), 0.0830690 secs] 102975K->79480K(102976K), [Perm : 8847K->8847K(21248K)], 0.0831140 secs] [Times: user=0.08 sys=0.00, real=0.09 secs] 
151.429: Total time for which application threads were stopped: 0.0832210 seconds, Stopping threads took: 0.0000150 seconds
151.456: Application time: 0.0276890 seconds
151.456: [Full GC151.456: [Tenured: 71040K->71039K(71040K), 0.1000380 secs] 102975K->76001K(102976K), [Perm : 8847K->8847K(21248K)], 0.1000850 secs] [Times: user=0.10 sys=0.00, real=0.10 secs] 
151.557: Total time for which application threads were stopped: 0.1001730 seconds, Stopping threads took: 0.0000140 seconds
151.585: Application time: 0.0283910 seconds
151.585: [Full GC151.585: [Tenured: 71039K->71039K(71040K), 0.0819560 secs] 102975K->75959K(102976K), [Perm : 8847K->8847K(21248K)], 0.0820010 secs] [Times: user=0.08 sys=0.00, real=0.09 secs] 
151.667: Total time for which application threads were stopped: 0.0820970 seconds, Stopping threads took: 0.0000140 seconds
151.694: Application time: 0.0269650 seconds
151.694: [Full GC151.694: [Tenured: 71039K->71039K(71040K), 0.0808830 secs] 102975K->76127K(102976K), [Perm : 8847K->8847K(21248K)], 0.0809270 secs] [Times: user=0.08 sys=0.00, real=0.08 secs] 
151.775: Total time for which application threads were stopped: 0.0810230 seconds, Stopping threads took: 0.0000140 seconds
151.799: Application time: 0.0243770 seconds
151.799: [Full GC151.799: [Tenured: 71039K->71039K(71040K), 0.0798930 secs] 102975K->76065K(102976K), [Perm : 8847K->8847K(21248K)], 0.0799360 secs] [Times: user=0.08 sys=0.00, real=0.08 secs] 
151.879: Total time for which application threads were stopped: 0.0800230 seconds, Stopping threads took: 0.0000150 seconds
151.904: Application time: 0.0242230 seconds
151.904: [Full GC151.904: [Tenured: 71039K->71039K(71040K), 0.0952310 secs] 102975K->75972K(102976K), [Perm : 8847K->8847K(21248K)], 0.0953460 secs] [Times: user=0.09 sys=0.01, real=0.10 secs] 
151.999: Total time for which application threads were stopped: 0.0954540 seconds, Stopping threads took: 0.0000140 seconds
152.021: Application time: 0.0215120 seconds
152.021: [Full GC152.021: [Tenured: 71039K->71039K(71040K), 0.0808950 secs] 102975K->75981K(102976K), [Perm : 8847K->8847K(21248K)], 0.0809400 secs] [Times: user=0.08 sys=0.00, real=0.08 secs] 
152.102: Total time for which application threads were stopped: 0.0810270 seconds, Stopping threads took: 0.0000150 seconds
152.126: Application time: 0.0243410 seconds
152.126: [Full GC152.126: [Tenured: 71039K->71039K(71040K), 0.0806110 secs] 102975K->76000K(102976K), [Perm : 8847K->8847K(21248K)], 0.0806550 secs] [Times: user=0.08 sys=0.00, real=0.08 secs] 
152.207: Total time for which application threads were stopped: 0.0807430 seconds, Stopping threads took: 0.0000150 seconds
152.232: Application time: 0.0249770 seconds
152.232: [Full GC152.232: [Tenured: 71039K->71039K(71040K), 0.0794700 secs] 102975K->76021K(102976K), [Perm : 8847K->8847K(21248K)], 0.0795120 secs] [Times: user=0.08 sys=0.00, real=0.08 secs] 
152.311: Total time for which application threads were stopped: 0.0795990 seconds, Stopping threads took: 0.0000140 seconds
152.337: Application time: 0.0254420 seconds
152.337: [Full GC152.337: [Tenured: 71039K->71039K(71040K), 0.0956480 secs] 102975K->75992K(102976K), [Perm : 8847K->8847K(21248K)], 0.0956950 secs] [Times: user=0.09 sys=0.00, real=0.10 secs] 
152.433: Total time for which application threads were stopped: 0.0957860 seconds, Stopping threads took: 0.0000130 seconds
152.459: Application time: 0.0266170 seconds
152.459: [Full GC152.459: [Tenured: 71039K->71039K(71040K), 0.0801540 secs] 102975K->76070K(102976K), [Perm : 8847K->8847K(21248K)], 0.0801970 secs] [Times: user=0.08 sys=0.00, real=0.08 secs] 
152.539: Total time for which application threads were stopped: 0.0802950 seconds, Stopping threads took: 0.0000130 seconds
152.566: Application time: 0.0261800 seconds
152.566: [Full GC152.566: [Tenured: 71039K->71039K(71040K), 0.0808710 secs] 102975K->76046K(102976K), [Perm : 8847K->8847K(21248K)], 0.0809170 secs] [Times: user=0.08 sys=0.00, real=0.08 secs] 
152.647: Total time for which application threads were stopped: 0.0810050 seconds, Stopping threads took: 0.0000140 seconds
152.672: Application time: 0.0258100 seconds
152.673: [Full GC152.673: [Tenured: 71039K->71039K(71040K), 0.0816050 secs] 102975K->76065K(102976K), [Perm : 8847K->8847K(21248K)], 0.0816480 secs] [Times: user=0.08 sys=0.00, real=0.08 secs] 
152.754: Total time for which application threads were stopped: 0.0817350 seconds, Stopping threads took: 0.0000150 seconds
152.781: Application time: 0.0266410 seconds
152.781: [Full GC152.781: [Tenured: 71039K->71039K(71040K), 0.0954600 secs] 102975K->75946K(102976K), [Perm : 8847K->8847K(21248K)], 0.0955100 secs] [Times: user=0.10 sys=0.00, real=0.09 secs] 
152.876: Total time for which application threads were stopped: 0.0956000 seconds, Stopping threads took: 0.0000140 seconds
152.903: Application time: 0.0260690 seconds
152.903: [Full GC152.903: [Tenured: 71039K->71039K(71040K), 0.0801310 secs] 102975K->75963K(102976K), [Perm : 8847K->8847K(21248K)], 0.0801750 secs] [Times: user=0.08 sys=0.00, real=0.08 secs] 
152.983: Total time for which application threads were stopped: 0.0802600 seconds, Stopping threads took: 0.0000130 seconds
153.007: Application time: 0.0239390 seconds
153.007: [Full GC153.007: [Tenured: 71039K->71039K(71040K), 0.0798970 secs] 102975K->75971K(102976K), [Perm : 8847K->8847K(21248K)], 0.0799410 secs] [Times: user=0.08 sys=0.00, real=0.08 secs] 
153.087: Total time for which application threads were stopped: 0.0800410 seconds, Stopping threads took: 0.0000140 seconds
153.113: Application time: 0.0266710 seconds
153.113: [Full GC153.114: [Tenured: 71039K->71039K(71040K), 0.0804070 secs] 102975K->75950K(102976K), [Perm : 8847K->8847K(21248K)], 0.0804590 secs] [Times: user=0.08 sys=0.00, real=0.08 secs] 
153.194: Total time for which application threads were stopped: 0.0805480 seconds, Stopping threads took: 0.0000150 seconds
153.218: Application time: 0.0245000 seconds
153.219: [Full GC153.219: [Tenured: 71039K->71039K(71040K), 0.0821060 secs] 102975K->75948K(102976K), [Perm : 8847K->8847K(21248K)], 0.0821490 secs] [Times: user=0.09 sys=0.00, real=0.09 secs] 
153.301: Total time for which application threads were stopped: 0.0822390 seconds, Stopping threads took: 0.0000140 seconds
153.325: Application time: 0.0246480 seconds
153.325: [Full GC153.325: [Tenured: 71039K->71039K(71040K), 0.0842380 secs] 102975K->80693K(102976K), [Perm : 8847K->8847K(21248K)], 0.0842850 secs] [Times: user=0.08 sys=0.00, real=0.09 secs] 
153.410: Total time for which application threads were stopped: 0.0843770 seconds, Stopping threads took: 0.0000150 seconds
153.433: Application time: 0.0228440 seconds
153.433: [Full GC153.433: [Tenured: 71039K->71040K(71040K), 0.0960180 secs] 102975K->74514K(102976K), [Perm : 8847K->8847K(21248K)], 0.0960630 secs] [Times: user=0.09 sys=0.00, real=0.10 secs] 
153.529: Total time for which application threads were stopped: 0.0961520 seconds, Stopping threads took: 0.0000130 seconds
153.554: Application time: 0.0250830 seconds
153.554: [Full GC153.554: [Tenured: 71040K->71039K(71040K), 0.0981870 secs] 102975K->80239K(102976K), [Perm : 8847K->8847K(21248K)], 0.0982310 secs] [Times: user=0.09 sys=0.01, real=0.10 secs] 
153.652: Total time for which application threads were stopped: 0.0983300 seconds, Stopping threads took: 0.0000140 seconds
153.675: Application time: 0.0232030 seconds
153.675: [Full GC153.675: [Tenured: 71039K->71039K(71040K), 0.0963660 secs] 102975K->72976K(102976K), [Perm : 8847K->8847K(21248K)], 0.0964100 secs] [Times: user=0.10 sys=0.00, real=0.10 secs] 
153.772: Total time for which application threads were stopped: 0.0964960 seconds, Stopping threads took: 0.0000130 seconds
153.805: Application time: 0.0330430 seconds
153.805: [Full GC153.805: [Tenured: 71039K->71039K(71040K), 0.1035090 secs] 102975K->74870K(102976K), [Perm : 8847K->8847K(21248K)], 0.1035560 secs] [Times: user=0.11 sys=0.00, real=0.11 secs] 
153.909: Total time for which application threads were stopped: 0.1036450 seconds, Stopping threads took: 0.0000140 seconds
153.942: Application time: 0.0335220 seconds
153.942: [Full GC153.942: [Tenured: 71039K->71039K(71040K), 0.1030760 secs] 102975K->79301K(102976K), [Perm : 8847K->8847K(21248K)], 0.1031220 secs] [Times: user=0.10 sys=0.00, real=0.10 secs] 
154.045: Total time for which application threads were stopped: 0.1032090 seconds, Stopping threads took: 0.0000140 seconds
154.074: Application time: 0.0291400 seconds
154.075: [Full GC154.075: [Tenured: 71039K->71039K(71040K), 0.1063110 secs] 102975K->77799K(102976K), [Perm : 8847K->8847K(21248K)], 0.1063580 secs] [Times: user=0.11 sys=0.00, real=0.11 secs] 
154.181: Total time for which application threads were stopped: 0.1064710 seconds, Stopping threads took: 0.0000150 seconds
154.209: Application time: 0.0284800 seconds
154.209: [Full GC154.209: [Tenured: 71039K->71039K(71040K), 0.1031450 secs] 102975K->75124K(102976K), [Perm : 8847K->8847K(21248K)], 0.1031920 secs] [Times: user=0.10 sys=0.00, real=0.10 secs] 
154.313: Total time for which application threads were stopped: 0.1032930 seconds, Stopping threads took: 0.0000220 seconds
154.342: Application time: 0.0294690 seconds
154.342: [Full GC154.342: [Tenured: 71039K->71039K(71040K), 0.0881500 secs] 102975K->80373K(102976K), [Perm : 8847K->8847K(21248K)], 0.0881930 secs] [Times: user=0.09 sys=0.00, real=0.09 secs] 
154.430: Total time for which application threads were stopped: 0.0882830 seconds, Stopping threads took: 0.0000140 seconds
154.457: Application time: 0.0267840 seconds
154.457: [Full GC154.457: [Tenured: 71039K->71039K(71040K), 0.1057520 secs] 102975K->76621K(102976K), [Perm : 8847K->8847K(21248K)], 0.1058090 secs] [Times: user=0.11 sys=0.00, real=0.11 secs] 
154.563: Total time for which application threads were stopped: 0.1058990 seconds, Stopping threads took: 0.0000130 seconds
154.593: Application time: 0.0302520 seconds
154.593: [Full GC154.593: [Tenured: 71039K->71039K(71040K), 0.0880460 secs] 102974K->80029K(102976K), [Perm : 8847K->8847K(21248K)], 0.0880920 secs] [Times: user=0.09 sys=0.00, real=0.09 secs] 
154.682: Total time for which application threads were stopped: 0.0881930 seconds, Stopping threads took: 0.0000130 seconds
154.712: Application time: 0.0302800 seconds
154.712: [Full GC154.712: [Tenured: 71039K->71039K(71040K), 0.0996570 secs] 102975K->76010K(102976K), [Perm : 8847K->8847K(21248K)], 0.0997020 secs] [Times: user=0.10 sys=0.00, real=0.10 secs] 
154.812: Total time for which application threads were stopped: 0.0997890 seconds, Stopping threads took: 0.0000130 seconds
154.844: Application time: 0.0323640 seconds
154.844: [Full GC154.844: [Tenured: 71039K->71039K(71040K), 0.0828870 secs] 102975K->76050K(102976K), [Perm : 8847K->8847K(21248K)], 0.0829320 secs] [Times: user=0.08 sys=0.00, real=0.08 secs] 
154.927: Total time for which application threads were stopped: 0.0830280 seconds, Stopping threads took: 0.0000140 seconds
154.958: Application time: 0.0311920 seconds
154.958: [Full GC154.958: [Tenured: 71039K->71039K(71040K), 0.0810030 secs] 102975K->75860K(102976K), [Perm : 8847K->8847K(21248K)], 0.0810480 secs] [Times: user=0.09 sys=0.00, real=0.09 secs] 
155.039: Total time for which application threads were stopped: 0.0811360 seconds, Stopping threads took: 0.0000150 seconds
155.068: Application time: 0.0285730 seconds
155.068: [Full GC155.068: [Tenured: 71039K->71039K(71040K), 0.0810160 secs] 102975K->75985K(102976K), [Perm : 8847K->8847K(21248K)], 0.0810620 secs] [Times: user=0.09 sys=0.00, real=0.08 secs] 
155.149: Total time for which application threads were stopped: 0.0811500 seconds, Stopping threads took: 0.0000140 seconds
155.176: Application time: 0.0269060 seconds
155.176: [Full GC155.176: [Tenured: 71039K->71039K(71040K), 0.0969760 secs] 102975K->76113K(102976K), [Perm : 8847K->8847K(21248K)], 0.0970210 secs] [Times: user=0.09 sys=0.00, real=0.10 secs] 
155.273: Total time for which application threads were stopped: 0.0971210 seconds, Stopping threads took: 0.0000140 seconds
155.298: Application time: 0.0250160 seconds
155.298: [Full GC155.298: [Tenured: 71039K->71039K(71040K), 0.0799750 secs] 102975K->75997K(102976K), [Perm : 8847K->8847K(21248K)], 0.0800200 secs] [Times: user=0.08 sys=0.00, real=0.08 secs] 
155.378: Total time for which application threads were stopped: 0.0801080 seconds, Stopping threads took: 0.0000150 seconds
155.401: Application time: 0.0231130 seconds
155.401: [Full GC155.401: [Tenured: 71040K->71040K(71040K), 0.0809820 secs] 102975K->76020K(102976K), [Perm : 8847K->8847K(21248K)], 0.0810260 secs] [Times: user=0.08 sys=0.00, real=0.08 secs] 
155.482: Total time for which application threads were stopped: 0.0811090 seconds, Stopping threads took: 0.0000140 seconds
155.506: Application time: 0.0232350 seconds
155.506: [Full GC155.506: [Tenured: 71040K->71040K(71040K), 0.0809820 secs] 102975K->76019K(102976K), [Perm : 8847K->8847K(21248K)], 0.0810280 secs] [Times: user=0.09 sys=0.00, real=0.08 secs] 
155.587: Total time for which application threads were stopped: 0.0811140 seconds, Stopping threads took: 0.0000150 seconds
155.612: Application time: 0.0247170 seconds
155.612: [Full GC155.612: [Tenured: 71040K->71039K(71040K), 0.0960670 secs] 102975K->75965K(102976K), [Perm : 8847K->8847K(21248K)], 0.0961150 secs] [Times: user=0.09 sys=0.00, real=0.10 secs] 
155.708: Total time for which application threads were stopped: 0.0962090 seconds, Stopping threads took: 0.0000150 seconds
155.730: Application time: 0.0222290 seconds
155.730: [Full GC155.730: [Tenured: 71039K->71039K(71040K), 0.0797770 secs] 102975K->76031K(102976K), [Perm : 8847K->8847K(21248K)], 0.0798180 secs] [Times: user=0.08 sys=0.00, real=0.08 secs] 
155.810: Total time for which application threads were stopped: 0.0799280 seconds, Stopping threads took: 0.0000140 seconds
155.835: Application time: 0.0255890 seconds
155.836: [Full GC155.836: [Tenured: 71039K->71039K(71040K), 0.0804630 secs] 102975K->76037K(102976K), [Perm : 8847K->8847K(21248K)], 0.0805050 secs] [Times: user=0.08 sys=0.00, real=0.08 secs] 
155.916: Total time for which application threads were stopped: 0.0805930 seconds, Stopping threads took: 0.0000150 seconds
155.940: Application time: 0.0243610 seconds
155.941: [Full GC155.941: [Tenured: 71039K->71039K(71040K), 0.0799970 secs] 102975K->76082K(102976K), [Perm : 8847K->8847K(21248K)], 0.0800420 secs] [Times: user=0.08 sys=0.00, real=0.08 secs] 
156.021: Total time for which application threads were stopped: 0.0801300 seconds, Stopping threads took: 0.0000150 seconds
156.047: Application time: 0.0267790 seconds
156.047: [Full GC156.047: [Tenured: 71039K->71039K(71040K), 0.0956160 secs] 102975K->75974K(102976K), [Perm : 8847K->8847K(21248K)], 0.0956640 secs] [Times: user=0.09 sys=0.00, real=0.09 secs] 
156.143: Total time for which application threads were stopped: 0.0957560 seconds, Stopping threads took: 0.0000140 seconds
156.167: Application time: 0.0239360 seconds
156.167: [Full GC156.167: [Tenured: 71040K->71040K(71040K), 0.0795570 secs] 102976K->75955K(102976K), [Perm : 8847K->8847K(21248K)], 0.0795980 secs] [Times: user=0.08 sys=0.00, real=0.07 secs] 
156.247: Total time for which application threads were stopped: 0.0796800 seconds, Stopping threads took: 0.0000120 seconds
156.273: Application time: 0.0266140 seconds
156.273: [Full GC156.273: [Tenured: 71040K->71040K(71040K), 0.0801330 secs] 102976K->75971K(102976K), [Perm : 8847K->8847K(21248K)], 0.0801770 secs] [Times: user=0.08 sys=0.00, real=0.08 secs] 
156.354: Total time for which application threads were stopped: 0.0802820 seconds, Stopping threads took: 0.0000140 seconds
156.380: Application time: 0.0266950 seconds
156.380: [Full GC156.380: [Tenured: 71040K->71040K(71040K), 0.0809770 secs] 102975K->75968K(102976K), [Perm : 8847K->8847K(21248K)], 0.0810210 secs] [Times: user=0.08 sys=0.00, real=0.08 secs] 
156.461: Total time for which application threads were stopped: 0.0811090 seconds, Stopping threads took: 0.0000140 seconds
156.488: Application time: 0.0266130 seconds
156.488: [Full GC156.488: [Tenured: 71040K->71039K(71040K), 0.0817780 secs] 102975K->75985K(102976K), [Perm : 8847K->8847K(21248K)], 0.0818220 secs] [Times: user=0.09 sys=0.00, real=0.08 secs] 
156.570: Total time for which application threads were stopped: 0.0819080 seconds, Stopping threads took: 0.0000140 seconds
156.595: Application time: 0.0251910 seconds
156.595: [Full GC156.595: [Tenured: 71039K->71039K(71040K), 0.0822090 secs] 102975K->76485K(102976K), [Perm : 8847K->8847K(21248K)], 0.0822550 secs] [Times: user=0.08 sys=0.00, real=0.08 secs] 
156.678: Total time for which application threads were stopped: 0.0823410 seconds, Stopping threads took: 0.0000140 seconds
156.703: Application time: 0.0258020 seconds
156.703: [Full GC156.703: [Tenured: 71039K->71039K(71040K), 0.0938980 secs] 102975K->77022K(102976K), [Perm : 8847K->8847K(21248K)], 0.0939450 secs] [Times: user=0.10 sys=0.00, real=0.09 secs] 
156.797: Total time for which application threads were stopped: 0.0940360 seconds, Stopping threads took: 0.0000140 seconds
156.819: Application time: 0.0219310 seconds
156.819: [Full GC156.819: [Tenured: 71040K->71039K(71040K), 0.0960870 secs] 102975K->80869K(102976K), [Perm : 8847K->8847K(21248K)], 0.0961320 secs] [Times: user=0.10 sys=0.00, real=0.09 secs] 
156.916: Total time for which application threads were stopped: 0.0962340 seconds, Stopping threads took: 0.0000140 seconds
156.940: Application time: 0.0247450 seconds
156.940: [Full GC156.940: [Tenured: 71039K->70700K(71040K), 0.0941400 secs] 102975K->70700K(102976K), [Perm : 8847K->8847K(21248K)], 0.0941870 secs] [Times: user=0.09 sys=0.00, real=0.09 secs] 
157.035: Total time for which application threads were stopped: 0.0942780 seconds, Stopping threads took: 0.0000150 seconds
157.045: Application time: 0.0100560 seconds
157.045: [GC157.045: [DefNew: 28416K->28416K(31936K), 0.0000100 secs]157.045: [Tenured: 70700K->71039K(71040K), 0.0881640 secs] 99116K->74534K(102976K), [Perm : 8847K->8847K(21248K)], 0.0882300 secs] [Times: user=0.09 sys=0.00, real=0.09 secs] 
157.133: Total time for which application threads were stopped: 0.0883780 seconds, Stopping threads took: 0.0000690 seconds
157.159: Application time: 0.0256750 seconds
157.159: [Full GC157.159: [Tenured: 71039K->71039K(71040K), 0.0960070 secs] 102975K->74227K(102976K), [Perm : 8847K->8847K(21248K)], 0.0960520 secs] [Times: user=0.09 sys=0.00, real=0.10 secs] 
157.255: Total time for which application threads were stopped: 0.0961410 seconds, Stopping threads took: 0.0000130 seconds
157.286: Application time: 0.0308490 seconds
157.286: [Full GC157.286: [Tenured: 71040K->71039K(71040K), 0.0976330 secs] 102975K->72987K(102976K), [Perm : 8847K->8847K(21248K)], 0.0976760 secs] [Times: user=0.10 sys=0.00, real=0.10 secs] 
157.383: Total time for which application threads were stopped: 0.0977620 seconds, Stopping threads took: 0.0000130 seconds
157.415: Application time: 0.0317080 seconds
157.415: [Full GC157.415: [Tenured: 71039K->71039K(71040K), 0.1002480 secs] 102975K->75435K(102976K), [Perm : 8847K->8847K(21248K)], 0.1002940 secs] [Times: user=0.10 sys=0.00, real=0.10 secs] 
157.516: Total time for which application threads were stopped: 0.1003980 seconds, Stopping threads took: 0.0000140 seconds
157.547: Application time: 0.0316910 seconds
157.547: [Full GC157.547: [Tenured: 71039K->71039K(71040K), 0.0837850 secs] 102975K->79954K(102976K), [Perm : 8847K->8847K(21248K)], 0.0838320 secs] [Times: user=0.09 sys=0.00, real=0.08 secs] 
157.631: Total time for which application threads were stopped: 0.0839190 seconds, Stopping threads took: 0.0000140 seconds
157.657: Application time: 0.0259240 seconds
157.657: [Full GC157.657: [Tenured: 71039K->71039K(71040K), 0.1031120 secs] 102975K->78473K(102976K), [Perm : 8847K->8847K(21248K)], 0.1031570 secs] [Times: user=0.10 sys=0.00, real=0.11 secs] 
157.760: Total time for which application threads were stopped: 0.1032460 seconds, Stopping threads took: 0.0000140 seconds
157.789: Application time: 0.0283330 seconds
157.789: [Full GC157.789: [Tenured: 71039K->71039K(71040K), 0.0858920 secs] 102975K->79986K(102976K), [Perm : 8847K->8847K(21248K)], 0.0859390 secs] [Times: user=0.09 sys=0.00, real=0.08 secs] 
157.875: Total time for which application threads were stopped: 0.0860280 seconds, Stopping threads took: 0.0000130 seconds
157.902: Application time: 0.0276820 seconds
157.902: [Full GC157.902: [Tenured: 71039K->71039K(71040K), 0.1047680 secs] 102975K->76708K(102976K), [Perm : 8847K->8847K(21248K)], 0.1048180 secs] [Times: user=0.10 sys=0.00, real=0.11 secs] 
158.007: Total time for which application threads were stopped: 0.1049060 seconds, Stopping threads took: 0.0000140 seconds
158.037: Application time: 0.0300580 seconds
158.037: [Full GC158.037: [Tenured: 71039K->71039K(71040K), 0.0825970 secs] 102975K->77981K(102976K), [Perm : 8847K->8847K(21248K)], 0.0826440 secs] [Times: user=0.08 sys=0.00, real=0.09 secs] 
158.120: Total time for which application threads were stopped: 0.0827440 seconds, Stopping threads took: 0.0000130 seconds
158.150: Application time: 0.0298970 seconds
158.150: [Full GC158.150: [Tenured: 71039K->71039K(71040K), 0.0850810 secs] 102975K->79576K(102976K), [Perm : 8847K->8847K(21248K)], 0.0851250 secs] [Times: user=0.08 sys=0.00, real=0.08 secs] 
158.235: Total time for which application threads were stopped: 0.0852130 seconds, Stopping threads took: 0.0000130 seconds
158.263: Application time: 0.0279940 seconds
158.263: [Full GC158.263: [Tenured: 71039K->71039K(71040K), 0.0836600 secs] 102975K->79644K(102976K), [Perm : 8847K->8847K(21248K)], 0.0837070 secs] [Times: user=0.09 sys=0.00, real=0.08 secs] 
158.347: Total time for which application threads were stopped: 0.0837970 seconds, Stopping threads took: 0.0000140 seconds
158.373: Application time: 0.0260310 seconds
158.373: [Full GC158.373: [Tenured: 71039K->71039K(71040K), 0.0966070 secs] 102975K->76038K(102976K), [Perm : 8847K->8847K(21248K)], 0.0966640 secs] [Times: user=0.10 sys=0.00, real=0.10 secs] 
158.470: Total time for which application threads were stopped: 0.0967520 seconds, Stopping threads took: 0.0000130 seconds
158.496: Application time: 0.0263550 seconds
158.496: [Full GC158.496: [Tenured: 71039K->71039K(71040K), 0.0808730 secs] 102975K->75938K(102976K), [Perm : 8847K->8847K(21248K)], 0.0809190 secs] [Times: user=0.08 sys=0.00, real=0.08 secs] 
158.577: Total time for which application threads were stopped: 0.0810160 seconds, Stopping threads took: 0.0000230 seconds
158.605: Application time: 0.0277760 seconds
158.605: [Full GC158.605: [Tenured: 71039K->71039K(71040K), 0.0800090 secs] 102975K->76031K(102976K), [Perm : 8847K->8847K(21248K)], 0.0800520 secs] [Times: user=0.08 sys=0.00, real=0.08 secs] 
158.685: Total time for which application threads were stopped: 0.0801540 seconds, Stopping threads took: 0.0000140 seconds
158.711: Application time: 0.0256290 seconds
158.711: [Full GC158.711: [Tenured: 71039K->71039K(71040K), 0.0810430 secs] 102975K->76051K(102976K), [Perm : 8847K->8847K(21248K)], 0.0810880 secs] [Times: user=0.08 sys=0.00, real=0.08 secs] 
158.792: Total time for which application threads were stopped: 0.0811760 seconds, Stopping threads took: 0.0000140 seconds
158.816: Application time: 0.0238970 seconds
158.816: [Full GC158.816: [Tenured: 71039K->71039K(71040K), 0.0940690 secs] 102975K->75972K(102976K), [Perm : 8847K->8847K(21248K)], 0.0941210 secs] [Times: user=0.09 sys=0.00, real=0.10 secs] 
158.910: Total time for which application threads were stopped: 0.0942160 seconds, Stopping threads took: 0.0000150 seconds
158.935: Application time: 0.0248700 seconds
158.935: [Full GC158.935: [Tenured: 71039K->71039K(71040K), 0.0800680 secs] 102975K->76003K(102976K), [Perm : 8847K->8847K(21248K)], 0.0801180 secs] [Times: user=0.08 sys=0.00, real=0.08 secs] 
159.015: Total time for which application threads were stopped: 0.0802030 seconds, Stopping threads took: 0.0000150 seconds
159.040: Application time: 0.0250140 seconds
159.040: [Full GC159.040: [Tenured: 71039K->71039K(71040K), 0.0804120 secs] 102975K->76033K(102976K), [Perm : 8847K->8847K(21248K)], 0.0804610 secs] [Times: user=0.08 sys=0.00, real=0.08 secs] 
159.121: Total time for which application threads were stopped: 0.0805600 seconds, Stopping threads took: 0.0000150 seconds
159.146: Application time: 0.0253370 seconds
159.146: [Full GC159.146: [Tenured: 71039K->71039K(71040K), 0.0804850 secs] 102975K->76057K(102976K), [Perm : 8847K->8847K(21248K)], 0.0805310 secs] [Times: user=0.08 sys=0.00, real=0.08 secs] 
159.227: Total time for which application threads were stopped: 0.0806280 seconds, Stopping threads took: 0.0000140 seconds
159.252: Application time: 0.0253360 seconds
159.252: [Full GC159.252: [Tenured: 71039K->71039K(71040K), 0.0942280 secs] 102975K->75987K(102976K), [Perm : 8847K->8847K(21248K)], 0.0942780 secs] [Times: user=0.09 sys=0.00, real=0.09 secs] 
159.346: Total time for which application threads were stopped: 0.0943720 seconds, Stopping threads took: 0.0000150 seconds
159.371: Application time: 0.0242880 seconds
159.371: [Full GC159.371: [Tenured: 71039K->71039K(71040K), 0.0790180 secs] 102975K->75996K(102976K), [Perm : 8847K->8847K(21248K)], 0.0790630 secs] [Times: user=0.08 sys=0.00, real=0.08 secs] 
159.450: Total time for which application threads were stopped: 0.0791490 seconds, Stopping threads took: 0.0000140 seconds
159.476: Application time: 0.0265430 seconds
159.476: [Full GC159.476: [Tenured: 71039K->71039K(71040K), 0.0784960 secs] 102975K->76054K(102976K), [Perm : 8847K->8847K(21248K)], 0.0785400 secs] [Times: user=0.08 sys=0.00, real=0.08 secs] 
159.555: Total time for which application threads were stopped: 0.0786280 seconds, Stopping threads took: 0.0000140 seconds
159.580: Application time: 0.0254850 seconds
159.580: [Full GC159.580: [Tenured: 71039K->71039K(71040K), 0.0800120 secs] 102975K->76094K(102976K), [Perm : 8847K->8847K(21248K)], 0.0800630 secs] [Times: user=0.08 sys=0.00, real=0.08 secs] 
159.661: Total time for which application threads were stopped: 0.0801490 seconds, Stopping threads took: 0.0000150 seconds
159.687: Application time: 0.0267150 seconds
159.687: [Full GC159.687: [Tenured: 71039K->71039K(71040K), 0.0920670 secs] 102975K->75950K(102976K), [Perm : 8847K->8847K(21248K)], 0.0921150 secs] [Times: user=0.09 sys=0.00, real=0.09 secs] 
159.780: Total time for which application threads were stopped: 0.0922200 seconds, Stopping threads took: 0.0000150 seconds
159.803: Application time: 0.0230270 seconds
159.803: [Full GC159.803: [Tenured: 71040K->71040K(71040K), 0.0807480 secs] 102975K->75967K(102976K), [Perm : 8847K->8847K(21248K)], 0.0807900 secs] [Times: user=0.08 sys=0.00, real=0.08 secs] 
159.883: Total time for which application threads were stopped: 0.0808760 seconds, Stopping threads took: 0.0000150 seconds
159.910: Application time: 0.0266060 seconds
159.910: [Full GC159.910: [Tenured: 71040K->71040K(71040K), 0.0803590 secs] 102975K->75946K(102976K), [Perm : 8847K->8847K(21248K)], 0.0804030 secs] [Times: user=0.08 sys=0.00, real=0.08 secs] 
159.991: Total time for which application threads were stopped: 0.0804900 seconds, Stopping threads took: 0.0000140 seconds
160.015: Application time: 0.0249150 seconds
160.015: [Full GC160.016: [Tenured: 71040K->71040K(71040K), 0.0797360 secs] 102975K->76954K(102976K), [Perm : 8847K->8847K(21248K)], 0.0797800 secs] [Times: user=0.08 sys=0.00, real=0.08 secs] 
160.095: Total time for which application threads were stopped: 0.0798650 seconds, Stopping threads took: 0.0000130 seconds
160.118: Application time: 0.0224500 seconds
160.118: [Full GC160.118: [Tenured: 71040K->71039K(71040K), 0.0966660 secs] 102975K->73704K(102976K), [Perm : 8847K->8847K(21248K)], 0.0967150 secs] [Times: user=0.10 sys=0.00, real=0.10 secs] 
160.215: Total time for which application threads were stopped: 0.0968080 seconds, Stopping threads took: 0.0000140 seconds
160.242: Application time: 0.0273040 seconds
160.242: [Full GC160.242: [Tenured: 71039K->71039K(71040K), 0.0920720 secs] 102975K->75718K(102976K), [Perm : 8847K->8847K(21248K)], 0.0921180 secs] [Times: user=0.09 sys=0.00, real=0.09 secs] 
160.334: Total time for which application threads were stopped: 0.0922180 seconds, Stopping threads took: 0.0000140 seconds
160.360: Application time: 0.0257390 seconds
160.360: [Full GC160.360: [Tenured: 71039K->71040K(71040K), 0.0960510 secs] 102975K->82375K(102976K), [Perm : 8847K->8847K(21248K)], 0.0960960 secs] [Times: user=0.10 sys=0.00, real=0.09 secs] 
160.456: Total time for which application threads were stopped: 0.0961820 seconds, Stopping threads took: 0.0000140 seconds
160.481: Application time: 0.0246870 seconds
160.481: [Full GC160.481: [Tenured: 71040K->71039K(71040K), 0.0941200 secs] 102975K->71827K(102976K), [Perm : 8847K->8847K(21248K)], 0.0941670 secs] [Times: user=0.09 sys=0.00, real=0.09 secs] 
160.575: Total time for which application threads were stopped: 0.0942550 seconds, Stopping threads took: 0.0000140 seconds
160.602: Application time: 0.0274660 seconds
160.602: [Full GC160.602: [Tenured: 71039K->71039K(71040K), 0.0986080 secs] 102975K->74572K(102976K), [Perm : 8847K->8847K(21248K)], 0.0986560 secs] [Times: user=0.10 sys=0.00, real=0.10 secs] 
160.701: Total time for which application threads were stopped: 0.0987420 seconds, Stopping threads took: 0.0000140 seconds
160.733: Application time: 0.0314730 seconds
160.733: [Full GC160.733: [Tenured: 71040K->71039K(71040K), 0.0985560 secs] 102975K->74665K(102976K), [Perm : 8847K->8847K(21248K)], 0.0986020 secs] [Times: user=0.10 sys=0.00, real=0.10 secs] 
160.831: Total time for which application threads were stopped: 0.0986860 seconds, Stopping threads took: 0.0000120 seconds
160.863: Application time: 0.0314390 seconds
160.863: [Full GC160.863: [Tenured: 71039K->71039K(71040K), 0.0893670 secs] 102975K->80203K(102976K), [Perm : 8847K->8847K(21248K)], 0.0894110 secs] [Times: user=0.09 sys=0.00, real=0.09 secs] 
160.952: Total time for which application threads were stopped: 0.0895220 seconds, Stopping threads took: 0.0000130 seconds
160.983: Application time: 0.0310250 seconds
160.983: [Full GC160.983: [Tenured: 71039K->71040K(71040K), 0.1005870 secs] 102975K->78118K(102976K), [Perm : 8847K->8847K(21248K)], 0.1006310 secs] [Times: user=0.10 sys=0.00, real=0.10 secs] 
161.084: Total time for which application threads were stopped: 0.1007190 seconds, Stopping threads took: 0.0000140 seconds
161.112: Application time: 0.0281410 seconds
161.112: [Full GC161.112: [Tenured: 71040K->71040K(71040K), 0.1047010 secs] 102975K->77463K(102976K), [Perm : 8847K->8847K(21248K)], 0.1047480 secs] [Times: user=0.11 sys=0.00, real=0.10 secs] 
161.217: Total time for which application threads were stopped: 0.1048370 seconds, Stopping threads took: 0.0000130 seconds
161.246: Application time: 0.0286920 seconds
161.246: [Full GC161.246: [Tenured: 71040K->71039K(71040K), 0.0854230 secs] 102976K->80701K(102976K), [Perm : 8847K->8847K(21248K)], 0.0854700 secs] [Times: user=0.09 sys=0.00, real=0.09 secs] 
161.331: Total time for which application threads were stopped: 0.0855660 seconds, Stopping threads took: 0.0000220 seconds
161.358: Application time: 0.0262380 seconds
161.358: [Full GC161.358: [Tenured: 71039K->71040K(71040K), 0.1002780 secs] 102975K->80010K(102976K), [Perm : 8847K->8847K(21248K)], 0.1003260 secs] [Times: user=0.10 sys=0.00, real=0.10 secs] 
161.458: Total time for which application threads were stopped: 0.1004150 seconds, Stopping threads took: 0.0000130 seconds
161.485: Application time: 0.0270280 seconds
161.485: [Full GC161.485: [Tenured: 71040K->71040K(71040K), 0.1004190 secs] 102976K->74860K(102976K), [Perm : 8847K->8847K(21248K)], 0.1004630 secs] [Times: user=0.10 sys=0.00, real=0.10 secs] 
161.586: Total time for which application threads were stopped: 0.1005660 seconds, Stopping threads took: 0.0000140 seconds
161.616: Application time: 0.0302450 seconds
161.616: [Full GC161.616: [Tenured: 71040K->71039K(71040K), 0.0979840 secs] 102975K->75858K(102976K), [Perm : 8847K->8847K(21248K)], 0.0980300 secs] [Times: user=0.10 sys=0.00, real=0.10 secs] 
161.714: Total time for which application threads were stopped: 0.0981160 seconds, Stopping threads took: 0.0000130 seconds
161.744: Application time: 0.0302150 seconds
161.744: [Full GC161.744: [Tenured: 71039K->71039K(71040K), 0.0821080 secs] 102975K->76256K(102976K), [Perm : 8847K->8847K(21248K)], 0.0821500 secs] [Times: user=0.08 sys=0.00, real=0.08 secs] 
161.826: Total time for which application threads were stopped: 0.0822430 seconds, Stopping threads took: 0.0000170 seconds
161.854: Application time: 0.0280060 seconds
161.854: [Full GC161.854: [Tenured: 71039K->71039K(71040K), 0.0804990 secs] 102975K->76275K(102976K), [Perm : 8847K->8847K(21248K)], 0.0805440 secs] [Times: user=0.08 sys=0.00, real=0.08 secs] 
161.935: Total time for which application threads were stopped: 0.0806320 seconds, Stopping threads took: 0.0000140 seconds
161.963: Application time: 0.0276490 seconds
161.963: [Full GC161.963: [Tenured: 71039K->71039K(71040K), 0.0795590 secs] 102975K->76230K(102976K), [Perm : 8847K->8847K(21248K)], 0.0796010 secs] [Times: user=0.08 sys=0.00, real=0.08 secs] 
162.042: Total time for which application threads were stopped: 0.0796890 seconds, Stopping threads took: 0.0000140 seconds
162.069: Application time: 0.0271210 seconds
162.070: [Full GC162.070: [Tenured: 71039K->71039K(71040K), 0.0958820 secs] 102975K->75848K(102976K), [Perm : 8847K->8847K(21248K)], 0.0959320 secs] [Times: user=0.09 sys=0.00, real=0.09 secs] 
162.165: Total time for which application threads were stopped: 0.0960390 seconds, Stopping threads took: 0.0000160 seconds
162.189: Application time: 0.0232790 seconds
162.189: [Full GC162.189: [Tenured: 71039K->71039K(71040K), 0.0797420 secs] 102975K->76044K(102976K), [Perm : 8847K->8847K(21248K)], 0.0797850 secs] [Times: user=0.08 sys=0.00, real=0.08 secs] 
162.269: Total time for which application threads were stopped: 0.0798710 seconds, Stopping threads took: 0.0000140 seconds
162.292: Application time: 0.0230000 seconds
162.292: [Full GC162.292: [Tenured: 71039K->71039K(71040K), 0.0802380 secs] 102975K->76045K(102976K), [Perm : 8847K->8847K(21248K)], 0.0802910 secs] [Times: user=0.08 sys=0.00, real=0.08 secs] 
162.372: Total time for which application threads were stopped: 0.0803780 seconds, Stopping threads took: 0.0000150 seconds
162.395: Application time: 0.0233510 seconds
162.395: [Full GC162.395: [Tenured: 71039K->71039K(71040K), 0.0803630 secs] 102975K->76067K(102976K), [Perm : 8847K->8847K(21248K)], 0.0804070 secs] [Times: user=0.08 sys=0.00, real=0.08 secs] 
162.476: Total time for which application threads were stopped: 0.0804930 seconds, Stopping threads took: 0.0000140 seconds
162.501: Application time: 0.0247920 seconds
162.501: [Full GC162.501: [Tenured: 71040K->71039K(71040K), 0.0945360 secs] 102976K->76035K(102976K), [Perm : 8847K->8847K(21248K)], 0.0945820 secs] [Times: user=0.09 sys=0.00, real=0.09 secs] 
162.595: Total time for which application threads were stopped: 0.0946750 seconds, Stopping threads took: 0.0000150 seconds
162.621: Application time: 0.0253240 seconds
162.621: [Full GC162.621: [Tenured: 71039K->71039K(71040K), 0.0802220 secs] 102975K->76010K(102976K), [Perm : 8847K->8847K(21248K)], 0.0802670 secs] [Times: user=0.08 sys=0.00, real=0.08 secs] 
162.701: Total time for which application threads were stopped: 0.0803630 seconds, Stopping threads took: 0.0000130 seconds
162.724: Application time: 0.0232040 seconds
162.724: [Full GC162.724: [Tenured: 71039K->71039K(71040K), 0.0791280 secs] 102975K->76027K(102976K), [Perm : 8847K->8847K(21248K)], 0.0791720 secs] [Times: user=0.08 sys=0.00, real=0.08 secs] 
162.804: Total time for which application threads were stopped: 0.0792600 seconds, Stopping threads took: 0.0000140 seconds
162.829: Application time: 0.0253410 seconds
162.829: [Full GC162.829: [Tenured: 71039K->71039K(71040K), 0.0790980 secs] 102975K->76016K(102976K), [Perm : 8847K->8847K(21248K)], 0.0791400 secs] [Times: user=0.08 sys=0.00, real=0.08 secs] 
162.908: Total time for which application threads were stopped: 0.0792270 seconds, Stopping threads took: 0.0000140 seconds
162.935: Application time: 0.0265480 seconds
162.935: [Full GC162.935: [Tenured: 71039K->71039K(71040K), 0.0929890 secs] 102975K->75991K(102976K), [Perm : 8847K->8847K(21248K)], 0.0930350 secs] [Times: user=0.10 sys=0.00, real=0.10 secs] 
163.028: Total time for which application threads were stopped: 0.0931300 seconds, Stopping threads took: 0.0000170 seconds
163.055: Application time: 0.0267710 seconds
163.055: [Full GC163.055: [Tenured: 71040K->71040K(71040K), 0.0794600 secs] 102975K->75977K(102976K), [Perm : 8847K->8847K(21248K)], 0.0795050 secs] [Times: user=0.08 sys=0.00, real=0.08 secs] 
163.134: Total time for which application threads were stopped: 0.0795920 seconds, Stopping threads took: 0.0000140 seconds
163.158: Application time: 0.0239520 seconds
163.158: [Full GC163.158: [Tenured: 71040K->71040K(71040K), 0.0787340 secs] 102976K->75977K(102976K), [Perm : 8847K->8847K(21248K)], 0.0787750 secs] [Times: user=0.08 sys=0.00, real=0.08 secs] 
163.237: Total time for which application threads were stopped: 0.0788710 seconds, Stopping threads took: 0.0000130 seconds
163.264: Application time: 0.0266750 seconds
163.264: [Full GC163.264: [Tenured: 71040K->71040K(71040K), 0.0802850 secs] 102976K->75978K(102976K), [Perm : 8847K->8847K(21248K)], 0.0803280 secs] [Times: user=0.08 sys=0.00, real=0.08 secs] 
163.344: Total time for which application threads were stopped: 0.0804160 seconds, Stopping threads took: 0.0000150 seconds
163.371: Application time: 0.0266970 seconds
163.371: [Full GC163.371: [Tenured: 71040K->71039K(71040K), 0.0902160 secs] 102976K->75949K(102976K), [Perm : 8847K->8847K(21248K)], 0.0902640 secs] [Times: user=0.10 sys=0.00, real=0.09 secs] 
163.461: Total time for which application threads were stopped: 0.0903560 seconds, Stopping threads took: 0.0000140 seconds
163.486: Application time: 0.0248300 seconds
163.486: [Full GC163.486: [Tenured: 71039K->71039K(71040K), 0.0821650 secs] 102975K->78447K(102976K), [Perm : 8847K->8847K(21248K)], 0.0822180 secs] [Times: user=0.08 sys=0.00, real=0.09 secs] 
163.568: Total time for which application threads were stopped: 0.0823050 seconds, Stopping threads took: 0.0000130 seconds
163.594: Application time: 0.0254110 seconds
163.594: [Full GC163.594: [Tenured: 71039K->71039K(71040K), 0.0943410 secs] 102975K->73864K(102976K), [Perm : 8847K->8847K(21248K)], 0.0943850 secs] [Times: user=0.09 sys=0.00, real=0.10 secs] 
163.688: Total time for which application threads were stopped: 0.0944740 seconds, Stopping threads took: 0.0000140 seconds
163.715: Application time: 0.0268090 seconds
163.715: [Full GC163.715: [Tenured: 71039K->71039K(71040K), 0.0790580 secs] 102975K->77475K(102976K), [Perm : 8847K->8847K(21248K)], 0.0791070 secs] [Times: user=0.08 sys=0.00, real=0.08 secs] 
163.794: Total time for which application threads were stopped: 0.0792070 seconds, Stopping threads took: 0.0000140 seconds
163.819: Application time: 0.0252610 seconds
163.819: [Full GC163.819: [Tenured: 71040K->71039K(71040K), 0.0986320 secs] 102976K->74836K(102976K), [Perm : 8847K->8847K(21248K)], 0.0986780 secs] [Times: user=0.10 sys=0.00, real=0.09 secs] 
163.918: Total time for which application threads were stopped: 0.0987670 seconds, Stopping threads took: 0.0000140 seconds
163.942: Application time: 0.0243260 seconds
163.943: [Full GC163.943: [Tenured: 71039K->71039K(71040K), 0.0947550 secs] 102975K->76955K(102976K), [Perm : 8847K->8847K(21248K)], 0.0948000 secs] [Times: user=0.09 sys=0.00, real=0.09 secs] 
164.037: Total time for which application threads were stopped: 0.0948860 seconds, Stopping threads took: 0.0000130 seconds
164.063: Application time: 0.0256510 seconds
164.063: [Full GC164.063: [Tenured: 71040K->71039K(71040K), 0.0975270 secs] 102975K->77317K(102976K), [Perm : 8847K->8847K(21248K)], 0.0975770 secs] [Times: user=0.10 sys=0.00, real=0.10 secs] 
164.161: Total time for which application threads were stopped: 0.0976730 seconds, Stopping threads took: 0.0000140 seconds
164.189: Application time: 0.0279530 seconds
164.189: [Full GC164.189: [Tenured: 71039K->71039K(71040K), 0.0981020 secs] 102975K->74812K(102976K), [Perm : 8847K->8847K(21248K)], 0.0981500 secs] [Times: user=0.09 sys=0.00, real=0.09 secs] 
164.287: Total time for which application threads were stopped: 0.0982380 seconds, Stopping threads took: 0.0000130 seconds
164.318: Application time: 0.0312170 seconds
164.318: [Full GC164.318: [Tenured: 71039K->71040K(71040K), 0.1021220 secs] 102975K->75792K(102976K), [Perm : 8847K->8847K(21248K)], 0.1021660 secs] [Times: user=0.11 sys=0.00, real=0.11 secs] 
164.420: Total time for which application threads were stopped: 0.1022660 seconds, Stopping threads took: 0.0000140 seconds
164.453: Application time: 0.0327310 seconds
164.453: [Full GC164.453: [Tenured: 71040K->71039K(71040K), 0.0987870 secs] 102975K->79523K(102976K), [Perm : 8847K->8847K(21248K)], 0.0988330 secs] [Times: user=0.10 sys=0.00, real=0.10 secs] 
164.552: Total time for which application threads were stopped: 0.0989210 seconds, Stopping threads took: 0.0000140 seconds
164.579: Application time: 0.0265990 seconds
164.579: [Full GC164.579: [Tenured: 71040K->71039K(71040K), 0.1007410 secs] 102976K->77290K(102976K), [Perm : 8847K->8847K(21248K)], 0.1007880 secs] [Times: user=0.10 sys=0.00, real=0.11 secs] 
164.680: Total time for which application threads were stopped: 0.1008800 seconds, Stopping threads took: 0.0000130 seconds
164.708: Application time: 0.0289310 seconds
164.709: [Full GC164.709: [Tenured: 71039K->71039K(71040K), 0.0961550 secs] 102975K->79583K(102976K), [Perm : 8847K->8847K(21248K)], 0.0962010 secs] [Times: user=0.10 sys=0.00, real=0.09 secs] 
164.805: Total time for which application threads were stopped: 0.0962910 seconds, Stopping threads took: 0.0000150 seconds
164.832: Application time: 0.0269430 seconds
164.832: [Full GC164.832: [Tenured: 71039K->71039K(71040K), 0.1029960 secs] 102975K->77788K(102976K), [Perm : 8847K->8847K(21248K)], 0.1030420 secs] [Times: user=0.10 sys=0.00, real=0.10 secs] 
164.935: Total time for which application threads were stopped: 0.1031600 seconds, Stopping threads took: 0.0000140 seconds
164.963: Application time: 0.0278280 seconds
164.963: [Full GC164.963: [Tenured: 71039K->71040K(71040K), 0.1003490 secs] 102975K->76552K(102976K), [Perm : 8847K->8847K(21248K)], 0.1003930 secs] [Times: user=0.10 sys=0.00, real=0.10 secs] 
165.063: Total time for which application threads were stopped: 0.1004820 seconds, Stopping threads took: 0.0000130 seconds
165.095: Application time: 0.0314960 seconds
165.095: [Full GC165.095: [Tenured: 71040K->71040K(71040K), 0.0848980 secs] 102976K->78532K(102976K), [Perm : 8847K->8847K(21248K)], 0.0849430 secs] [Times: user=0.08 sys=0.00, real=0.09 secs] 
165.180: Total time for which application threads were stopped: 0.0850270 seconds, Stopping threads took: 0.0000130 seconds
165.209: Application time: 0.0297410 seconds
165.209: [Full GC165.210: [Tenured: 71040K->71040K(71040K), 0.0827070 secs] 102975K->79015K(102976K), [Perm : 8847K->8847K(21248K)], 0.0827540 secs] [Times: user=0.09 sys=0.00, real=0.08 secs] 
165.292: Total time for which application threads were stopped: 0.0828430 seconds, Stopping threads took: 0.0000140 seconds
165.318: Application time: 0.0253940 seconds
165.318: [Full GC165.318: [Tenured: 71040K->71039K(71040K), 0.0966790 secs] 102975K->76074K(102976K), [Perm : 8847K->8847K(21248K)], 0.0967270 secs] [Times: user=0.10 sys=0.00, real=0.10 secs] 
165.414: Total time for which application threads were stopped: 0.0968180 seconds, Stopping threads took: 0.0000150 seconds
165.443: Application time: 0.0282940 seconds
165.443: [Full GC165.443: [Tenured: 71039K->71039K(71040K), 0.0802130 secs] 102975K->75895K(102976K), [Perm : 8847K->8847K(21248K)], 0.0802560 secs] [Times: user=0.08 sys=0.00, real=0.08 secs] 
165.523: Total time for which application threads were stopped: 0.0803530 seconds, Stopping threads took: 0.0000140 seconds
165.549: Application time: 0.0255520 seconds
165.549: [Full GC165.549: [Tenured: 71039K->71039K(71040K), 0.0791800 secs] 102975K->75938K(102976K), [Perm : 8847K->8847K(21248K)], 0.0792250 secs] [Times: user=0.08 sys=0.00, real=0.08 secs] 
165.628: Total time for which application threads were stopped: 0.0793140 seconds, Stopping threads took: 0.0000150 seconds
165.654: Application time: 0.0263840 seconds
165.654: [Full GC165.654: [Tenured: 71039K->71039K(71040K), 0.0798250 secs] 102975K->76025K(102976K), [Perm : 8847K->8847K(21248K)], 0.0798710 secs] [Times: user=0.08 sys=0.00, real=0.08 secs] 
165.734: Total time for which application threads were stopped: 0.0799590 seconds, Stopping threads took: 0.0000150 seconds
165.759: Application time: 0.0248530 seconds
165.759: [Full GC165.759: [Tenured: 71039K->71040K(71040K), 0.0937270 secs] 102975K->75936K(102976K), [Perm : 8847K->8847K(21248K)], 0.0937720 secs] [Times: user=0.10 sys=0.00, real=0.09 secs] 
165.853: Total time for which application threads were stopped: 0.0938660 seconds, Stopping threads took: 0.0000150 seconds
165.878: Application time: 0.0252640 seconds
165.878: [Full GC165.878: [Tenured: 71040K->71040K(71040K), 0.0801120 secs] 102975K->76022K(102976K), [Perm : 8847K->8847K(21248K)], 0.0801560 secs] [Times: user=0.08 sys=0.00, real=0.08 secs] 
165.959: Total time for which application threads were stopped: 0.0802440 seconds, Stopping threads took: 0.0000150 seconds
165.984: Application time: 0.0249400 seconds
165.984: [Full GC165.984: [Tenured: 71040K->71040K(71040K), 0.0793040 secs] 102975K->75990K(102976K), [Perm : 8847K->8847K(21248K)], 0.0793490 secs] [Times: user=0.08 sys=0.00, real=0.08 secs] 
166.063: Total time for which application threads were stopped: 0.0794500 seconds, Stopping threads took: 0.0000150 seconds
166.085: Application time: 0.0221170 seconds
166.085: [Full GC166.085: [Tenured: 71040K->71040K(71040K), 0.0797140 secs] 102976K->76022K(102976K), [Perm : 8847K->8847K(21248K)], 0.0797570 secs] [Times: user=0.08 sys=0.00, real=0.08 secs] 
166.165: Total time for which application threads were stopped: 0.0798440 seconds, Stopping threads took: 0.0000150 seconds
166.190: Application time: 0.0255550 seconds
166.191: [Full GC166.191: [Tenured: 71040K->71039K(71040K), 0.0945160 secs] 102975K->75954K(102976K), [Perm : 8847K->8847K(21248K)], 0.0945720 secs] [Times: user=0.09 sys=0.00, real=0.09 secs] 
166.285: Total time for which application threads were stopped: 0.0946650 seconds, Stopping threads took: 0.0000150 seconds
166.311: Application time: 0.0256250 seconds
166.311: [Full GC166.311: [Tenured: 71040K->71040K(71040K), 0.0792570 secs] 102976K->75945K(102976K), [Perm : 8847K->8847K(21248K)], 0.0792990 secs] [Times: user=0.07 sys=0.00, real=0.08 secs] 
166.390: Total time for which application threads were stopped: 0.0793870 seconds, Stopping threads took: 0.0000130 seconds
166.416: Application time: 0.0261830 seconds
166.416: [Full GC166.416: [Tenured: 71040K->71040K(71040K), 0.0797450 secs] 102975K->75993K(102976K), [Perm : 8847K->8847K(21248K)], 0.0797870 secs] [Times: user=0.08 sys=0.00, real=0.08 secs] 
166.496: Total time for which application threads were stopped: 0.0798760 seconds, Stopping threads took: 0.0000150 seconds
166.522: Application time: 0.0255450 seconds
166.522: [Full GC166.522: [Tenured: 71040K->71040K(71040K), 0.0801650 secs] 102975K->76025K(102976K), [Perm : 8847K->8847K(21248K)], 0.0802110 secs] [Times: user=0.08 sys=0.00, real=0.08 secs] 
166.602: Total time for which application threads were stopped: 0.0803160 seconds, Stopping threads took: 0.0000150 seconds
166.629: Application time: 0.0266790 seconds
166.629: [Full GC166.629: [Tenured: 71040K->71039K(71040K), 0.0915430 secs] 102975K->75925K(102976K), [Perm : 8847K->8847K(21248K)], 0.0915920 secs] [Times: user=0.09 sys=0.00, real=0.09 secs] 
166.720: Total time for which application threads were stopped: 0.0916850 seconds, Stopping threads took: 0.0000140 seconds
166.747: Application time: 0.0264730 seconds
166.747: [Full GC166.747: [Tenured: 71039K->71039K(71040K), 0.0791580 secs] 102975K->75921K(102976K), [Perm : 8847K->8847K(21248K)], 0.0792010 secs] [Times: user=0.08 sys=0.00, real=0.07 secs] 
166.826: Total time for which application threads were stopped: 0.0792930 seconds, Stopping threads took: 0.0000150 seconds
166.849: Application time: 0.0227790 seconds
166.849: [Full GC166.849: [Tenured: 71039K->71039K(71040K), 0.0809260 secs] 102975K->75934K(102976K), [Perm : 8847K->8847K(21248K)], 0.0809700 secs] [Times: user=0.09 sys=0.00, real=0.08 secs] 
166.930: Total time for which application threads were stopped: 0.0810570 seconds, Stopping threads took: 0.0000140 seconds
166.954: Application time: 0.0241300 seconds
166.954: [Full GC166.954: [Tenured: 71039K->71039K(71040K), 0.0819430 secs] 102975K->78569K(102976K), [Perm : 8847K->8847K(21248K)], 0.0819880 secs] [Times: user=0.09 sys=0.00, real=0.08 secs] 
167.036: Total time for which application threads were stopped: 0.0820770 seconds, Stopping threads took: 0.0000140 seconds
167.061: Application time: 0.0245930 seconds
167.061: [Full GC167.061: [Tenured: 71039K->71039K(71040K), 0.0999560 secs] 102975K->76870K(102976K), [Perm : 8847K->8847K(21248K)], 0.0999990 secs] [Times: user=0.10 sys=0.00, real=0.10 secs] 
167.161: Total time for which application threads were stopped: 0.1001010 seconds, Stopping threads took: 0.0000140 seconds
167.183: Application time: 0.0218840 seconds
167.183: [Full GC167.183: [Tenured: 71039K->71039K(71040K), 0.0988060 secs] 102975K->77308K(102976K), [Perm : 8847K->8847K(21248K)], 0.0988520 secs] [Times: user=0.10 sys=0.00, real=0.10 secs] 
167.282: Total time for which application threads were stopped: 0.0989410 seconds, Stopping threads took: 0.0000130 seconds
167.308: Application time: 0.0258540 seconds
167.308: [Full GC167.308: [Tenured: 71039K->71039K(71040K), 0.0949710 secs] 102975K->73048K(102976K), [Perm : 8847K->8847K(21248K)], 0.0950190 secs] [Times: user=0.10 sys=0.00, real=0.09 secs] 
167.403: Total time for which application threads were stopped: 0.0951110 seconds, Stopping threads took: 0.0000150 seconds
167.430: Application time: 0.0272510 seconds
167.430: [Full GC167.430: [Tenured: 71039K->71039K(71040K), 0.0823720 secs] 102975K->78995K(102976K), [Perm : 8847K->8847K(21248K)], 0.0824230 secs] [Times: user=0.08 sys=0.00, real=0.08 secs] 
167.513: Total time for which application threads were stopped: 0.0825100 seconds, Stopping threads took: 0.0000130 seconds
167.538: Application time: 0.0252650 seconds
167.538: [Full GC167.538: [Tenured: 71039K->71039K(71040K), 0.1034350 secs] 102975K->77570K(102976K), [Perm : 8847K->8847K(21248K)], 0.1034820 secs] [Times: user=0.10 sys=0.00, real=0.11 secs] 
167.641: Total time for which application threads were stopped: 0.1035730 seconds, Stopping threads took: 0.0000140 seconds
167.670: Application time: 0.0282330 seconds
167.670: [Full GC167.670: [Tenured: 71040K->71039K(71040K), 0.1029840 secs] 102975K->79542K(102976K), [Perm : 8847K->8847K(21248K)], 0.1030310 secs] [Times: user=0.10 sys=0.00, real=0.10 secs] 
167.773: Total time for which application threads were stopped: 0.1031330 seconds, Stopping threads took: 0.0000130 seconds
167.801: Application time: 0.0279930 seconds
167.801: [Full GC167.801: [Tenured: 71039K->71039K(71040K), 0.1038710 secs] 102975K->77704K(102976K), [Perm : 8847K->8847K(21248K)], 0.1039190 secs] [Times: user=0.10 sys=0.00, real=0.10 secs] 
167.905: Total time for which application threads were stopped: 0.1040060 seconds, Stopping threads took: 0.0000130 seconds
167.935: Application time: 0.0298530 seconds
167.935: [Full GC167.935: [Tenured: 71040K->71039K(71040K), 0.1002560 secs] 102976K->78195K(102976K), [Perm : 8847K->8847K(21248K)], 0.1003030 secs] [Times: user=0.10 sys=0.00, real=0.10 secs] 
168.035: Total time for which application threads were stopped: 0.1004000 seconds, Stopping threads took: 0.0000130 seconds
168.066: Application time: 0.0304960 seconds
168.066: [Full GC168.066: [Tenured: 71039K->71039K(71040K), 0.1031470 secs] 102975K->76080K(102976K), [Perm : 8847K->8847K(21248K)], 0.1031910 secs] [Times: user=0.11 sys=0.00, real=0.11 secs] 
168.169: Total time for which application threads were stopped: 0.1032780 seconds, Stopping threads took: 0.0000130 seconds
168.198: Application time: 0.0293860 seconds
168.198: [Full GC168.198: [Tenured: 71039K->71039K(71040K), 0.0962470 secs] 102975K->79390K(102976K), [Perm : 8847K->8847K(21248K)], 0.0962940 secs] [Times: user=0.09 sys=0.00, real=0.10 secs] 
168.295: Total time for which application threads were stopped: 0.0963940 seconds, Stopping threads took: 0.0000130 seconds
168.322: Application time: 0.0278830 seconds
168.323: [Full GC168.323: [Tenured: 71040K->71039K(71040K), 0.1024940 secs] 102976K->76812K(102976K), [Perm : 8847K->8847K(21248K)], 0.1025430 secs] [Times: user=0.10 sys=0.00, real=0.10 secs] 
168.425: Total time for which application threads were stopped: 0.1026320 seconds, Stopping threads took: 0.0000130 seconds
168.455: Application time: 0.0296810 seconds
168.455: [Full GC168.455: [Tenured: 71039K->71039K(71040K), 0.1018130 secs] 102975K->75847K(102976K), [Perm : 8847K->8847K(21248K)], 0.1018600 secs] [Times: user=0.10 sys=0.00, real=0.10 secs] 
168.557: Total time for which application threads were stopped: 0.1019470 seconds, Stopping threads took: 0.0000130 seconds
168.589: Application time: 0.0319500 seconds
168.589: [Full GC168.589: [Tenured: 71039K->71039K(71040K), 0.0985810 secs] 102975K->75478K(102976K), [Perm : 8847K->8847K(21248K)], 0.0986250 secs] [Times: user=0.10 sys=0.00, real=0.10 secs] 
168.687: Total time for which application threads were stopped: 0.0987110 seconds, Stopping threads took: 0.0000130 seconds
168.720: Application time: 0.0328150 seconds
168.720: [Full GC168.720: [Tenured: 71039K->71039K(71040K), 0.0826500 secs] 102975K->76271K(102976K), [Perm : 8847K->8847K(21248K)], 0.0826970 secs] [Times: user=0.09 sys=0.00, real=0.08 secs] 
168.803: Total time for which application threads were stopped: 0.0828140 seconds, Stopping threads took: 0.0000130 seconds
168.832: Application time: 0.0290990 seconds
168.832: [Full GC168.832: [Tenured: 71039K->71039K(71040K), 0.0801800 secs] 102975K->76187K(102976K), [Perm : 8847K->8847K(21248K)], 0.0802300 secs] [Times: user=0.08 sys=0.00, real=0.08 secs] 
168.912: Total time for which application threads were stopped: 0.0803170 seconds, Stopping threads took: 0.0000140 seconds
168.940: Application time: 0.0274490 seconds
168.940: [Full GC168.940: [Tenured: 71039K->71039K(71040K), 0.0811580 secs] 102975K->76337K(102976K), [Perm : 8847K->8847K(21248K)], 0.0812020 secs] [Times: user=0.08 sys=0.00, real=0.08 secs] 
169.021: Total time for which application threads were stopped: 0.0812920 seconds, Stopping threads took: 0.0000180 seconds
169.047: Application time: 0.0256270 seconds
169.047: [Full GC169.047: [Tenured: 71039K->71039K(71040K), 0.0951610 secs] 102975K->75982K(102976K), [Perm : 8847K->8847K(21248K)], 0.0952080 secs] [Times: user=0.09 sys=0.00, real=0.10 secs] 
169.142: Total time for which application threads were stopped: 0.0953000 seconds, Stopping threads took: 0.0000140 seconds
169.167: Application time: 0.0251520 seconds
169.167: [Full GC169.167: [Tenured: 71039K->71039K(71040K), 0.0788570 secs] 102975K->75912K(102976K), [Perm : 8847K->8847K(21248K)], 0.0789090 secs] [Times: user=0.08 sys=0.00, real=0.07 secs] 
169.246: Total time for which application threads were stopped: 0.0789930 seconds, Stopping threads took: 0.0000140 seconds
169.271: Application time: 0.0247250 seconds
169.271: [Full GC169.271: [Tenured: 71039K->71039K(71040K), 0.0789380 secs] 102975K->75997K(102976K), [Perm : 8847K->8847K(21248K)], 0.0789840 secs] [Times: user=0.08 sys=0.00, real=0.08 secs] 
169.350: Total time for which application threads were stopped: 0.0790880 seconds, Stopping threads took: 0.0000180 seconds
169.375: Application time: 0.0248520 seconds
169.375: [Full GC169.375: [Tenured: 71039K->71039K(71040K), 0.0780300 secs] 102975K->76003K(102976K), [Perm : 8847K->8847K(21248K)], 0.0780810 secs] [Times: user=0.07 sys=0.01, real=0.08 secs] 
169.453: Total time for which application threads were stopped: 0.0781700 seconds, Stopping threads took: 0.0000140 seconds
169.478: Application time: 0.0248040 seconds
169.478: [Full GC169.478: [Tenured: 71039K->71040K(71040K), 0.0939480 secs] 102975K->75964K(102976K), [Perm : 8847K->8847K(21248K)], 0.0939960 secs] [Times: user=0.09 sys=0.00, real=0.10 secs] 
169.572: Total time for which application threads were stopped: 0.0940900 seconds, Stopping threads took: 0.0000140 seconds
169.598: Application time: 0.0257210 seconds
169.598: [Full GC169.598: [Tenured: 71040K->71040K(71040K), 0.0804380 secs] 102976K->75979K(102976K), [Perm : 8847K->8847K(21248K)], 0.0804840 secs] [Times: user=0.08 sys=0.00, real=0.08 secs] 
169.678: Total time for which application threads were stopped: 0.0805710 seconds, Stopping threads took: 0.0000140 seconds
169.704: Application time: 0.0254310 seconds
169.704: [Full GC169.704: [Tenured: 71040K->71040K(71040K), 0.0814240 secs] 102976K->76000K(102976K), [Perm : 8847K->8847K(21248K)], 0.0814690 secs] [Times: user=0.08 sys=0.00, real=0.08 secs] 
169.785: Total time for which application threads were stopped: 0.0815600 seconds, Stopping threads took: 0.0000150 seconds
169.807: Application time: 0.0221040 seconds
169.807: [Full GC169.807: [Tenured: 71040K->71040K(71040K), 0.0785560 secs] 102975K->76020K(102976K), [Perm : 8847K->8847K(21248K)], 0.0786000 secs] [Times: user=0.08 sys=0.00, real=0.07 secs] 
169.886: Total time for which application threads were stopped: 0.0786980 seconds, Stopping threads took: 0.0000140 seconds
169.908: Application time: 0.0220190 seconds
169.908: [Full GC169.908: [Tenured: 71040K->71039K(71040K), 0.0931600 secs] 102976K->75920K(102976K), [Perm : 8847K->8847K(21248K)], 0.0932080 secs] [Times: user=0.09 sys=0.00, real=0.09 secs] 
170.001: Total time for which application threads were stopped: 0.0933010 seconds, Stopping threads took: 0.0000140 seconds
170.028: Application time: 0.0270480 seconds
170.029: [Full GC170.029: [Tenured: 71039K->71039K(71040K), 0.0801110 secs] 102975K->75982K(102976K), [Perm : 8847K->8847K(21248K)], 0.0801550 secs] [Times: user=0.08 sys=0.00, real=0.08 secs] 
170.109: Total time for which application threads were stopped: 0.0802500 seconds, Stopping threads took: 0.0000140 seconds
170.135: Application time: 0.0266860 seconds
170.135: [Full GC170.135: [Tenured: 71039K->71039K(71040K), 0.0803020 secs] 102975K->75982K(102976K), [Perm : 8847K->8847K(21248K)], 0.0803450 secs] [Times: user=0.08 sys=0.00, real=0.08 secs] 
170.216: Total time for which application threads were stopped: 0.0804300 seconds, Stopping threads took: 0.0000140 seconds
170.242: Application time: 0.0262230 seconds
170.242: [Full GC170.242: [Tenured: 71039K->71039K(71040K), 0.0795420 secs] 102975K->75973K(102976K), [Perm : 8847K->8847K(21248K)], 0.0795850 secs] [Times: user=0.08 sys=0.00, real=0.08 secs] 
170.322: Total time for which application threads were stopped: 0.0796740 seconds, Stopping threads took: 0.0000140 seconds
170.348: Application time: 0.0266500 seconds
170.348: [Full GC170.348: [Tenured: 71039K->71039K(71040K), 0.0893350 secs] 102975K->75930K(102976K), [Perm : 8847K->8847K(21248K)], 0.0893840 secs] [Times: user=0.09 sys=0.00, real=0.08 secs] 
170.438: Total time for which application threads were stopped: 0.0894890 seconds, Stopping threads took: 0.0000140 seconds
170.464: Application time: 0.0259660 seconds
170.464: [Full GC170.464: [Tenured: 71039K->71039K(71040K), 0.0824540 secs] 102975K->78246K(102976K), [Perm : 8847K->8847K(21248K)], 0.0824980 secs] [Times: user=0.08 sys=0.00, real=0.08 secs] 
170.546: Total time for which application threads were stopped: 0.0825850 seconds, Stopping threads took: 0.0000150 seconds
170.572: Application time: 0.0251670 seconds
170.572: [Full GC170.572: [Tenured: 71039K->71039K(71040K), 0.0948400 secs] 102975K->79640K(102976K), [Perm : 8847K->8847K(21248K)], 0.0948890 secs] [Times: user=0.09 sys=0.00, real=0.09 secs] 
170.667: Total time for which application threads were stopped: 0.0949910 seconds, Stopping threads took: 0.0000230 seconds
170.692: Application time: 0.0251010 seconds
170.692: [Full GC170.692: [Tenured: 71039K->71039K(71040K), 0.0969070 secs] 102975K->76581K(102976K), [Perm : 8847K->8847K(21248K)], 0.0969540 secs] [Times: user=0.09 sys=0.00, real=0.10 secs] 
170.789: Total time for which application threads were stopped: 0.0970480 seconds, Stopping threads took: 0.0000140 seconds
170.815: Application time: 0.0265300 seconds
170.815: [Full GC170.815: [Tenured: 71040K->71039K(71040K), 0.0986400 secs] 102975K->75743K(102976K), [Perm : 8847K->8847K(21248K)], 0.0986890 secs] [Times: user=0.10 sys=0.00, real=0.10 secs] 
170.914: Total time for which application threads were stopped: 0.0987820 seconds, Stopping threads took: 0.0000140 seconds
170.940: Application time: 0.0256090 seconds
170.940: [Full GC170.940: [Tenured: 71039K->71040K(71040K), 0.0979160 secs] 102975K->74748K(102976K), [Perm : 8847K->8847K(21248K)], 0.0979630 secs] [Times: user=0.10 sys=0.00, real=0.09 secs] 
171.038: Total time for which application threads were stopped: 0.0980660 seconds, Stopping threads took: 0.0000140 seconds
171.066: Application time: 0.0285840 seconds
171.066: [Full GC171.066: [Tenured: 71040K->71039K(71040K), 0.0957380 secs] 102975K->73194K(102976K), [Perm : 8847K->8847K(21248K)], 0.0957820 secs] [Times: user=0.10 sys=0.00, real=0.10 secs] 
171.162: Total time for which application threads were stopped: 0.0958680 seconds, Stopping threads took: 0.0000130 seconds
171.193: Application time: 0.0310340 seconds
171.193: [Full GC171.193: [Tenured: 71039K->71039K(71040K), 0.0951600 secs] 102975K->73459K(102976K), [Perm : 8847K->8847K(21248K)], 0.0952060 secs] [Times: user=0.10 sys=0.00, real=0.10 secs] 
171.289: Total time for which application threads were stopped: 0.0952930 seconds, Stopping threads took: 0.0000130 seconds
171.321: Application time: 0.0320270 seconds
171.321: [Full GC171.321: [Tenured: 71039K->71039K(71040K), 0.0998210 secs] 102975K->74903K(102976K), [Perm : 8847K->8847K(21248K)], 0.0998690 secs] [Times: user=0.10 sys=0.00, real=0.10 secs] 
171.421: Total time for which application threads were stopped: 0.0999600 seconds, Stopping threads took: 0.0000140 seconds
171.453: Application time: 0.0320430 seconds
171.453: [Full GC171.453: [Tenured: 71040K->71039K(71040K), 0.0969820 secs] 102975K->79499K(102976K), [Perm : 8847K->8847K(21248K)], 0.0970370 secs] [Times: user=0.10 sys=0.00, real=0.10 secs] 
171.550: Total time for which application threads were stopped: 0.0971390 seconds, Stopping threads took: 0.0000150 seconds
171.578: Application time: 0.0279250 seconds
171.578: [Full GC171.578: [Tenured: 71039K->71039K(71040K), 0.1002640 secs] 102975K->78272K(102976K), [Perm : 8847K->8847K(21248K)], 0.1003090 secs] [Times: user=0.10 sys=0.00, real=0.10 secs] 
171.678: Total time for which application threads were stopped: 0.1003990 seconds, Stopping threads took: 0.0000130 seconds
171.706: Application time: 0.0276240 seconds
171.706: [Full GC171.706: [Tenured: 71039K->71039K(71040K), 0.1000090 secs] 102975K->76369K(102976K), [Perm : 8847K->8847K(21248K)], 0.1000560 secs] [Times: user=0.10 sys=0.00, real=0.10 secs] 
171.806: Total time for which application threads were stopped: 0.1001440 seconds, Stopping threads took: 0.0000140 seconds
171.836: Application time: 0.0297570 seconds
171.836: [Full GC171.836: [Tenured: 71040K->71039K(71040K), 0.1015370 secs] 102976K->75647K(102976K), [Perm : 8847K->8847K(21248K)], 0.1015830 secs] [Times: user=0.10 sys=0.00, real=0.10 secs] 
171.937: Total time for which application threads were stopped: 0.1016710 seconds, Stopping threads took: 0.0000140 seconds
171.968: Application time: 0.0309760 seconds
171.968: [Full GC171.968: [Tenured: 71039K->71039K(71040K), 0.0851190 secs] 102975K->79656K(102976K), [Perm : 8847K->8847K(21248K)], 0.0851670 secs] [Times: user=0.08 sys=0.00, real=0.08 secs] 
172.053: Total time for which application threads were stopped: 0.0852660 seconds, Stopping threads took: 0.0000130 seconds
172.083: Application time: 0.0298640 seconds
172.083: [Full GC172.083: [Tenured: 71039K->71040K(71040K), 0.0850760 secs] 102975K->80335K(102976K), [Perm : 8847K->8847K(21248K)], 0.0851220 secs] [Times: user=0.08 sys=0.00, real=0.09 secs] 
172.169: Total time for which application threads were stopped: 0.0852100 seconds, Stopping threads took: 0.0000130 seconds
172.197: Application time: 0.0284630 seconds
172.197: [Full GC172.197: [Tenured: 71040K->71039K(71040K), 0.0837450 secs] 102976K->79406K(102976K), [Perm : 8847K->8847K(21248K)], 0.0837920 secs] [Times: user=0.08 sys=0.00, real=0.09 secs] 
172.281: Total time for which application threads were stopped: 0.0838820 seconds, Stopping threads took: 0.0000140 seconds
172.309: Application time: 0.0280260 seconds
172.309: [Full GC172.309: [Tenured: 71040K->71040K(71040K), 0.0974850 secs] 102975K->75938K(102976K), [Perm : 8847K->8847K(21248K)], 0.0975330 secs] [Times: user=0.10 sys=0.00, real=0.09 secs] 
172.407: Total time for which application threads were stopped: 0.0976220 seconds, Stopping threads took: 0.0000150 seconds
172.435: Application time: 0.0281700 seconds
172.435: [Full GC172.435: [Tenured: 71040K->71040K(71040K), 0.0782750 secs] 102975K->75955K(102976K), [Perm : 8847K->8847K(21248K)], 0.0783200 secs] [Times: user=0.08 sys=0.00, real=0.08 secs] 
172.513: Total time for which application threads were stopped: 0.0784170 seconds, Stopping threads took: 0.0000230 seconds
172.538: Application time: 0.0252020 seconds
172.538: [Full GC172.538: [Tenured: 71040K->71040K(71040K), 0.0806700 secs] 102975K->75983K(102976K), [Perm : 8847K->8847K(21248K)], 0.0807150 secs] [Times: user=0.08 sys=0.00, real=0.09 secs] 
172.619: Total time for which application threads were stopped: 0.0808160 seconds, Stopping threads took: 0.0000140 seconds
172.644: Application time: 0.0250050 seconds
172.644: [Full GC172.644: [Tenured: 71040K->71040K(71040K), 0.0783750 secs] 102976K->75994K(102976K), [Perm : 8847K->8847K(21248K)], 0.0784210 secs] [Times: user=0.07 sys=0.00, real=0.08 secs] 
172.723: Total time for which application threads were stopped: 0.0785090 seconds, Stopping threads took: 0.0000140 seconds
172.747: Application time: 0.0247080 seconds
172.747: [Full GC172.747: [Tenured: 71040K->71039K(71040K), 0.0930340 secs] 102975K->75958K(102976K), [Perm : 8847K->8847K(21248K)], 0.0930900 secs] [Times: user=0.09 sys=0.00, real=0.09 secs] 
172.841: Total time for which application threads were stopped: 0.0931830 seconds, Stopping threads took: 0.0000150 seconds
172.865: Application time: 0.0246330 seconds
172.865: [Full GC172.865: [Tenured: 71039K->71039K(71040K), 0.0792750 secs] 102975K->75974K(102976K), [Perm : 8847K->8847K(21248K)], 0.0793160 secs] [Times: user=0.08 sys=0.00, real=0.08 secs] 
172.945: Total time for which application threads were stopped: 0.0794030 seconds, Stopping threads took: 0.0000140 seconds
172.969: Application time: 0.0242770 seconds
172.969: [Full GC172.969: [Tenured: 71039K->71039K(71040K), 0.0791650 secs] 102975K->75991K(102976K), [Perm : 8847K->8847K(21248K)], 0.0792080 secs] [Times: user=0.08 sys=0.00, real=0.08 secs] 
173.048: Total time for which application threads were stopped: 0.0792950 seconds, Stopping threads took: 0.0000140 seconds
173.074: Application time: 0.0255690 seconds
173.074: [Full GC173.074: [Tenured: 71039K->71039K(71040K), 0.0791850 secs] 102975K->76045K(102976K), [Perm : 8847K->8847K(21248K)], 0.0792280 secs] [Times: user=0.08 sys=0.00, real=0.08 secs] 
173.153: Total time for which application threads were stopped: 0.0793280 seconds, Stopping threads took: 0.0000140 seconds
173.179: Application time: 0.0257400 seconds
173.179: [Full GC173.179: [Tenured: 71039K->71039K(71040K), 0.0931710 secs] 102975K->75958K(102976K), [Perm : 8847K->8847K(21248K)], 0.0932190 secs] [Times: user=0.10 sys=0.00, real=0.10 secs] 
173.272: Total time for which application threads were stopped: 0.0933130 seconds, Stopping threads took: 0.0000150 seconds
173.297: Application time: 0.0249720 seconds
173.297: [Full GC173.297: [Tenured: 71039K->71039K(71040K), 0.0788600 secs] 102975K->75984K(102976K), [Perm : 8847K->8847K(21248K)], 0.0789030 secs] [Times: user=0.08 sys=0.00, real=0.08 secs] 
173.376: Total time for which application threads were stopped: 0.0789890 seconds, Stopping threads took: 0.0000140 seconds
173.401: Application time: 0.0252960 seconds
173.401: [Full GC173.401: [Tenured: 71039K->71039K(71040K), 0.0790290 secs] 102975K->76009K(102976K), [Perm : 8847K->8847K(21248K)], 0.0790720 secs] [Times: user=0.07 sys=0.00, real=0.08 secs] 
173.481: Total time for which application threads were stopped: 0.0791590 seconds, Stopping threads took: 0.0000140 seconds
173.507: Application time: 0.0263920 seconds
173.507: [Full GC173.507: [Tenured: 71039K->71039K(71040K), 0.0787570 secs] 102975K->76020K(102976K), [Perm : 8847K->8847K(21248K)], 0.0788000 secs] [Times: user=0.08 sys=0.00, real=0.07 secs] 
173.586: Total time for which application threads were stopped: 0.0788890 seconds, Stopping threads took: 0.0000140 seconds
173.612: Application time: 0.0265280 seconds
173.612: [Full GC173.612: [Tenured: 71039K->71039K(71040K), 0.0900870 secs] 102975K->75961K(102976K), [Perm : 8847K->8847K(21248K)], 0.0901360 secs] [Times: user=0.09 sys=0.00, real=0.09 secs] 
173.703: Total time for which application threads were stopped: 0.0902430 seconds, Stopping threads took: 0.0000140 seconds
173.729: Application time: 0.0265990 seconds
173.729: [Full GC173.729: [Tenured: 71040K->71040K(71040K), 0.0777010 secs] 102976K->75920K(102976K), [Perm : 8847K->8847K(21248K)], 0.0777560 secs] [Times: user=0.07 sys=0.00, real=0.08 secs] 
173.807: Total time for which application threads were stopped: 0.0778420 seconds, Stopping threads took: 0.0000130 seconds
173.832: Application time: 0.0247840 seconds
173.832: [Full GC173.832: [Tenured: 71040K->71040K(71040K), 0.0777990 secs] 102975K->75920K(102976K), [Perm : 8847K->8847K(21248K)], 0.0778420 secs] [Times: user=0.08 sys=0.00, real=0.08 secs] 
173.910: Total time for which application threads were stopped: 0.0779290 seconds, Stopping threads took: 0.0000140 seconds
173.936: Application time: 0.0258730 seconds
173.936: [Full GC173.936: [Tenured: 71040K->71040K(71040K), 0.0819990 secs] 102976K->78264K(102976K), [Perm : 8847K->8847K(21248K)], 0.0820450 secs] [Times: user=0.08 sys=0.00, real=0.08 secs] 
174.018: Total time for which application threads were stopped: 0.0821410 seconds, Stopping threads took: 0.0000150 seconds
174.043: Application time: 0.0249580 seconds
174.043: [Full GC174.043: [Tenured: 71040K->71039K(71040K), 0.0975000 secs] 102976K->75813K(102976K), [Perm : 8847K->8847K(21248K)], 0.0975460 secs] [Times: user=0.10 sys=0.00, real=0.10 secs] 
174.140: Total time for which application threads were stopped: 0.0976380 seconds, Stopping threads took: 0.0000140 seconds
174.164: Application time: 0.0231260 seconds
174.164: [Full GC174.164: [Tenured: 71039K->71039K(71040K), 0.0954080 secs] 102975K->79829K(102976K), [Perm : 8847K->8847K(21248K)], 0.0954570 secs] [Times: user=0.10 sys=0.00, real=0.10 secs] 
174.259: Total time for which application threads were stopped: 0.0955620 seconds, Stopping threads took: 0.0000130 seconds
174.285: Application time: 0.0256430 seconds
174.285: [Full GC174.285: [Tenured: 71039K->71039K(71040K), 0.0918570 secs] 102975K->72677K(102976K), [Perm : 8847K->8847K(21248K)], 0.0919040 secs] [Times: user=0.09 sys=0.00, real=0.09 secs] 
174.377: Total time for which application threads were stopped: 0.0919910 seconds, Stopping threads took: 0.0000140 seconds
174.404: Application time: 0.0268530 seconds
174.404: [Full GC174.404: [Tenured: 71040K->71040K(71040K), 0.0844130 secs] 102975K->81555K(102976K), [Perm : 8847K->8847K(21248K)], 0.0844580 secs] [Times: user=0.08 sys=0.00, real=0.09 secs] 
174.488: Total time for which application threads were stopped: 0.0845420 seconds, Stopping threads took: 0.0000140 seconds
174.512: Application time: 0.0243000 seconds
174.512: [Full GC174.513: [Tenured: 71040K->71040K(71040K), 0.0965350 secs] 102976K->72880K(102976K), [Perm : 8847K->8847K(21248K)], 0.0965810 secs] [Times: user=0.10 sys=0.00, real=0.10 secs] 
174.609: Total time for which application threads were stopped: 0.0966770 seconds, Stopping threads took: 0.0000230 seconds
174.640: Application time: 0.0310390 seconds
174.640: [Full GC174.640: [Tenured: 71040K->71039K(71040K), 0.0997850 secs] 102976K->80914K(102976K), [Perm : 8847K->8847K(21248K)], 0.0998300 secs] [Times: user=0.10 sys=0.00, real=0.10 secs] 
174.740: Total time for which application threads were stopped: 0.0999140 seconds, Stopping threads took: 0.0000130 seconds
174.767: Application time: 0.0272020 seconds
174.767: [Full GC174.767: [Tenured: 71039K->71040K(71040K), 0.1012050 secs] 102975K->74439K(102976K), [Perm : 8847K->8847K(21248K)], 0.1012490 secs] [Times: user=0.11 sys=0.00, real=0.10 secs] 
174.869: Total time for which application threads were stopped: 0.1013480 seconds, Stopping threads took: 0.0000130 seconds
174.901: Application time: 0.0319190 seconds
174.901: [Full GC174.901: [Tenured: 71040K->71039K(71040K), 0.1010290 secs] 102976K->79110K(102976K), [Perm : 8847K->8847K(21248K)], 0.1010770 secs] [Times: user=0.10 sys=0.00, real=0.10 secs] 
175.002: Total time for which application threads were stopped: 0.1011640 seconds, Stopping threads took: 0.0000130 seconds
175.029: Application time: 0.0274880 seconds
175.029: [Full GC175.029: [Tenured: 71039K->71039K(71040K), 0.1004470 secs] 102975K->76711K(102976K), [Perm : 8847K->8847K(21248K)], 0.1004920 secs] [Times: user=0.10 sys=0.00, real=0.10 secs] 
175.130: Total time for which application threads were stopped: 0.1005810 seconds, Stopping threads took: 0.0000130 seconds
175.160: Application time: 0.0306910 seconds
175.161: [Full GC175.161: [Tenured: 71040K->71039K(71040K), 0.1000070 secs] 102976K->74904K(102976K), [Perm : 8847K->8847K(21248K)], 0.1000470 secs] [Times: user=0.10 sys=0.00, real=0.10 secs] 
175.261: Total time for which application threads were stopped: 0.1001310 seconds, Stopping threads took: 0.0000130 seconds
175.291: Application time: 0.0305420 seconds
175.291: [Full GC175.291: [Tenured: 71039K->71039K(71040K), 0.0980940 secs] 102975K->79784K(102976K), [Perm : 8847K->8847K(21248K)], 0.0981400 secs] [Times: user=0.10 sys=0.00, real=0.10 secs] 
175.389: Total time for which application threads were stopped: 0.0982380 seconds, Stopping threads took: 0.0000130 seconds
175.417: Application time: 0.0277470 seconds
175.417: [Full GC175.417: [Tenured: 71039K->71039K(71040K), 0.1018880 secs] 102975K->76936K(102976K), [Perm : 8847K->8847K(21248K)], 0.1019400 secs] [Times: user=0.10 sys=0.00, real=0.11 secs] 
175.519: Total time for which application threads were stopped: 0.1020270 seconds, Stopping threads took: 0.0000140 seconds
175.550: Application time: 0.0309920 seconds
175.550: [Full GC175.550: [Tenured: 71039K->71039K(71040K), 0.0977250 secs] 102975K->75766K(102976K), [Perm : 8847K->8847K(21248K)], 0.0977700 secs] [Times: user=0.10 sys=0.00, real=0.10 secs] 
175.648: Total time for which application threads were stopped: 0.0978560 seconds, Stopping threads took: 0.0000140 seconds
175.679: Application time: 0.0311930 seconds
175.679: [Full GC175.679: [Tenured: 71039K->71039K(71040K), 0.0816110 secs] 102975K->76145K(102976K), [Perm : 8847K->8847K(21248K)], 0.0816550 secs] [Times: user=0.08 sys=0.00, real=0.08 secs] 
175.761: Total time for which application threads were stopped: 0.0817430 seconds, Stopping threads took: 0.0000140 seconds
175.791: Application time: 0.0296420 seconds
175.791: [Full GC175.791: [Tenured: 71039K->71039K(71040K), 0.0802160 secs] 102975K->76152K(102976K), [Perm : 8847K->8847K(21248K)], 0.0802600 secs] [Times: user=0.08 sys=0.00, real=0.08 secs] 
175.871: Total time for which application threads were stopped: 0.0803480 seconds, Stopping threads took: 0.0000140 seconds
175.899: Application time: 0.0276920 seconds
175.899: [Full GC175.899: [Tenured: 71039K->71039K(71040K), 0.0802860 secs] 102975K->76202K(102976K), [Perm : 8847K->8847K(21248K)], 0.0803410 secs] [Times: user=0.08 sys=0.00, real=0.09 secs] 
175.979: Total time for which application threads were stopped: 0.0804390 seconds, Stopping threads took: 0.0000140 seconds
176.004: Application time: 0.0248550 seconds
176.004: [Full GC176.004: [Tenured: 71039K->71039K(71040K), 0.0946040 secs] 102975K->75980K(102976K), [Perm : 8847K->8847K(21248K)], 0.0946650 secs] [Times: user=0.09 sys=0.00, real=0.09 secs] 
176.099: Total time for which application threads were stopped: 0.0947590 seconds, Stopping threads took: 0.0000140 seconds
176.125: Application time: 0.0261480 seconds
176.125: [Full GC176.125: [Tenured: 71039K->71039K(71040K), 0.0798340 secs] 102975K->75951K(102976K), [Perm : 8847K->8847K(21248K)], 0.0798780 secs] [Times: user=0.08 sys=0.00, real=0.08 secs] 
176.205: Total time for which application threads were stopped: 0.0799650 seconds, Stopping threads took: 0.0000150 seconds
176.229: Application time: 0.0246930 seconds
176.230: [Full GC176.230: [Tenured: 71039K->71039K(71040K), 0.0800440 secs] 102975K->76006K(102976K), [Perm : 8847K->8847K(21248K)], 0.0800890 secs] [Times: user=0.08 sys=0.00, real=0.08 secs] 
176.310: Total time for which application threads were stopped: 0.0801770 seconds, Stopping threads took: 0.0000160 seconds
176.334: Application time: 0.0247170 seconds
176.334: [Full GC176.334: [Tenured: 71039K->71039K(71040K), 0.0790010 secs] 102975K->76041K(102976K), [Perm : 8847K->8847K(21248K)], 0.0790440 secs] [Times: user=0.08 sys=0.00, real=0.08 secs] 
176.414: Total time for which application threads were stopped: 0.0791330 seconds, Stopping threads took: 0.0000150 seconds
176.438: Application time: 0.0247830 seconds
176.438: [Full GC176.438: [Tenured: 71039K->71039K(71040K), 0.0952500 secs] 102975K->75925K(102976K), [Perm : 8847K->8847K(21248K)], 0.0952990 secs] [Times: user=0.10 sys=0.00, real=0.10 secs] 
176.534: Total time for which application threads were stopped: 0.0954060 seconds, Stopping threads took: 0.0000150 seconds
176.559: Application time: 0.0251760 seconds
176.559: [Full GC176.559: [Tenured: 71039K->71039K(71040K), 0.0794180 secs] 102975K->76003K(102976K), [Perm : 8847K->8847K(21248K)], 0.0794620 secs] [Times: user=0.08 sys=0.00, real=0.08 secs] 
176.638: Total time for which application threads were stopped: 0.0795480 seconds, Stopping threads took: 0.0000140 seconds
176.664: Application time: 0.0254700 seconds
176.664: [Full GC176.664: [Tenured: 71039K->71039K(71040K), 0.0803040 secs] 102975K->75991K(102976K), [Perm : 8847K->8847K(21248K)], 0.0803580 secs] [Times: user=0.08 sys=0.00, real=0.08 secs] 
176.744: Total time for which application threads were stopped: 0.0804550 seconds, Stopping threads took: 0.0000240 seconds
176.771: Application time: 0.0261360 seconds
176.771: [Full GC176.771: [Tenured: 71039K->71039K(71040K), 0.0792710 secs] 102975K->76060K(102976K), [Perm : 8847K->8847K(21248K)], 0.0793160 secs] [Times: user=0.08 sys=0.00, real=0.08 secs] 
176.850: Total time for which application threads were stopped: 0.0794040 seconds, Stopping threads took: 0.0000140 seconds
176.876: Application time: 0.0260480 seconds
176.876: [Full GC176.876: [Tenured: 71039K->71039K(71040K), 0.0931830 secs] 102975K->75952K(102976K), [Perm : 8847K->8847K(21248K)], 0.0932300 secs] [Times: user=0.09 sys=0.00, real=0.10 secs] 
176.969: Total time for which application threads were stopped: 0.0933230 seconds, Stopping threads took: 0.0000140 seconds
176.996: Application time: 0.0270210 seconds
176.996: [Full GC176.996: [Tenured: 71039K->71039K(71040K), 0.0798550 secs] 102975K->76003K(102976K), [Perm : 8847K->8847K(21248K)], 0.0798970 secs] [Times: user=0.08 sys=0.00, real=0.08 secs] 
177.076: Total time for which application threads were stopped: 0.0799940 seconds, Stopping threads took: 0.0000140 seconds
177.102: Application time: 0.0256280 seconds
177.102: [Full GC177.102: [Tenured: 71039K->71039K(71040K), 0.0792350 secs] 102975K->75969K(102976K), [Perm : 8847K->8847K(21248K)], 0.0792800 secs] [Times: user=0.08 sys=0.00, real=0.08 secs] 
177.181: Total time for which application threads were stopped: 0.0793700 seconds, Stopping threads took: 0.0000140 seconds
177.208: Application time: 0.0264230 seconds
177.208: [Full GC177.208: [Tenured: 71039K->71039K(71040K), 0.0784990 secs] 102975K->75978K(102976K), [Perm : 8847K->8847K(21248K)], 0.0785450 secs] [Times: user=0.08 sys=0.00, real=0.07 secs] 
177.286: Total time for which application threads were stopped: 0.0786340 seconds, Stopping threads took: 0.0000150 seconds
177.311: Application time: 0.0247720 seconds
177.311: [Full GC177.311: [Tenured: 71039K->71039K(71040K), 0.0875370 secs] 102975K->75954K(102976K), [Perm : 8847K->8847K(21248K)], 0.0875870 secs] [Times: user=0.09 sys=0.00, real=0.08 secs] 
177.399: Total time for which application threads were stopped: 0.0876810 seconds, Stopping threads took: 0.0000140 seconds
177.424: Application time: 0.0255590 seconds
177.424: [Full GC177.424: [Tenured: 71039K->71039K(71040K), 0.0834780 secs] 102975K->81617K(102976K), [Perm : 8847K->8847K(21248K)], 0.0835230 secs] [Times: user=0.09 sys=0.00, real=0.09 secs] 
177.508: Total time for which application threads were stopped: 0.0836130 seconds, Stopping threads took: 0.0000150 seconds
177.533: Application time: 0.0249670 seconds
177.533: [Full GC177.533: [Tenured: 71039K->71040K(71040K), 0.0949810 secs] 102975K->74549K(102976K), [Perm : 8847K->8847K(21248K)], 0.0950270 secs] [Times: user=0.10 sys=0.00, real=0.10 secs] 
177.628: Total time for which application threads were stopped: 0.0951390 seconds, Stopping threads took: 0.0000230 seconds
177.653: Application time: 0.0249970 seconds
177.653: [Full GC177.653: [Tenured: 71040K->71040K(71040K), 0.0812070 secs] 102975K->80943K(102976K), [Perm : 8847K->8847K(21248K)], 0.0812540 secs] [Times: user=0.08 sys=0.00, real=0.08 secs] 
177.734: Total time for which application threads were stopped: 0.0813530 seconds, Stopping threads took: 0.0000230 seconds
177.756: Application time: 0.0211700 seconds
177.756: [Full GC177.756: [Tenured: 71040K->71039K(71040K), 0.0962560 secs] 102976K->71124K(102976K), [Perm : 8847K->8847K(21248K)], 0.0963020 secs] [Times: user=0.10 sys=0.00, real=0.10 secs] 
177.852: Total time for which application threads were stopped: 0.0963900 seconds, Stopping threads took: 0.0000130 seconds
177.878: Application time: 0.0262250 seconds
177.878: [Full GC177.878: [Tenured: 71040K->71040K(71040K), 0.0837100 secs] 102975K->79426K(102976K), [Perm : 8847K->8847K(21248K)], 0.0837670 secs] [Times: user=0.08 sys=0.00, real=0.09 secs] 
177.962: Total time for which application threads were stopped: 0.0838530 seconds, Stopping threads took: 0.0000130 seconds
177.989: Application time: 0.0271660 seconds
177.989: [Full GC177.989: [Tenured: 71040K->71039K(71040K), 0.0968660 secs] 102974K->74965K(102976K), [Perm : 8847K->8847K(21248K)], 0.0969130 secs] [Times: user=0.09 sys=0.00, real=0.09 secs] 
178.086: Total time for which application threads were stopped: 0.0970010 seconds, Stopping threads took: 0.0000130 seconds
178.116: Application time: 0.0296130 seconds
178.116: [Full GC178.116: [Tenured: 71039K->71038K(71040K), 0.0969370 secs] 102975K->73777K(102976K), [Perm : 8847K->8847K(21248K)], 0.0969870 secs] [Times: user=0.09 sys=0.00, real=0.10 secs] 
178.213: Total time for which application threads were stopped: 0.0970980 seconds, Stopping threads took: 0.0000240 seconds
178.243: Application time: 0.0298340 seconds
178.243: [Full GC178.243: [Tenured: 71040K->71040K(71040K), 0.1009190 secs] 102976K->75499K(102976K), [Perm : 8847K->8847K(21248K)], 0.1009630 secs] [Times: user=0.11 sys=0.00, real=0.10 secs] 
178.344: Total time for which application threads were stopped: 0.1010500 seconds, Stopping threads took: 0.0000140 seconds
178.375: Application time: 0.0315820 seconds
178.376: [Full GC178.376: [Tenured: 71040K->71040K(71040K), 0.0976420 secs] 102975K->79268K(102976K), [Perm : 8847K->8847K(21248K)], 0.0976910 secs] [Times: user=0.10 sys=0.00, real=0.10 secs] 
178.473: Total time for which application threads were stopped: 0.0977780 seconds, Stopping threads took: 0.0000140 seconds
178.503: Application time: 0.0292830 seconds
178.503: [Full GC178.503: [Tenured: 71040K->71040K(71040K), 0.0992720 secs] 102975K->75556K(102976K), [Perm : 8847K->8847K(21248K)], 0.0993200 secs] [Times: user=0.10 sys=0.00, real=0.10 secs] 
178.602: Total time for which application threads were stopped: 0.0994080 seconds, Stopping threads took: 0.0000140 seconds
178.632: Application time: 0.0303740 seconds
178.632: [Full GC178.632: [Tenured: 71040K->71039K(71040K), 0.0829170 secs] 102975K->80281K(102976K), [Perm : 8847K->8847K(21248K)], 0.0829610 secs] [Times: user=0.09 sys=0.00, real=0.08 secs] 
178.715: Total time for which application threads were stopped: 0.0830610 seconds, Stopping threads took: 0.0000140 seconds
178.743: Application time: 0.0278690 seconds
178.743: [Full GC178.743: [Tenured: 71039K->71039K(71040K), 0.1011250 secs] 102975K->75585K(102976K), [Perm : 8847K->8847K(21248K)], 0.1011710 secs] [Times: user=0.11 sys=0.00, real=0.10 secs] 
178.844: Total time for which application threads were stopped: 0.1012590 seconds, Stopping threads took: 0.0000130 seconds
178.875: Application time: 0.0304840 seconds
178.875: [Full GC178.875: [Tenured: 71040K->71039K(71040K), 0.0849300 secs] 102975K->79833K(102976K), [Perm : 8847K->8847K(21248K)], 0.0849790 secs] [Times: user=0.09 sys=0.00, real=0.09 secs] 
178.960: Total time for which application threads were stopped: 0.0850700 seconds, Stopping threads took: 0.0000140 seconds
178.986: Application time: 0.0261110 seconds
178.986: [Full GC178.986: [Tenured: 71039K->71039K(71040K), 0.0989430 secs] 102975K->77300K(102976K), [Perm : 8847K->8847K(21248K)], 0.0989920 secs] [Times: user=0.10 sys=0.00, real=0.10 secs] 
179.085: Total time for which application threads were stopped: 0.0990800 seconds, Stopping threads took: 0.0000140 seconds
179.114: Application time: 0.0283200 seconds
179.114: [Full GC179.114: [Tenured: 71039K->71039K(71040K), 0.0817990 secs] 102975K->76389K(102976K), [Perm : 8847K->8847K(21248K)], 0.0818430 secs] [Times: user=0.08 sys=0.00, real=0.08 secs] 
179.196: Total time for which application threads were stopped: 0.0819300 seconds, Stopping threads took: 0.0000140 seconds
179.225: Application time: 0.0294520 seconds
179.225: [Full GC179.225: [Tenured: 71039K->71039K(71040K), 0.0940100 secs] 102975K->75906K(102976K), [Perm : 8847K->8847K(21248K)], 0.0940650 secs] [Times: user=0.09 sys=0.00, real=0.10 secs] 
179.319: Total time for which application threads were stopped: 0.0941860 seconds, Stopping threads took: 0.0000140 seconds
179.347: Application time: 0.0279610 seconds
179.347: [Full GC179.347: [Tenured: 71039K->71039K(71040K), 0.0789250 secs] 102975K->75976K(102976K), [Perm : 8847K->8847K(21248K)], 0.0789680 secs] [Times: user=0.08 sys=0.00, real=0.07 secs] 
179.426: Total time for which application threads were stopped: 0.0790570 seconds, Stopping threads took: 0.0000140 seconds
179.453: Application time: 0.0269440 seconds
179.453: [Full GC179.453: [Tenured: 71040K->71040K(71040K), 0.0779150 secs] 102975K->75946K(102976K), [Perm : 8847K->8847K(21248K)], 0.0779590 secs] [Times: user=0.08 sys=0.00, real=0.08 secs] 
179.531: Total time for which application threads were stopped: 0.0780450 seconds, Stopping threads took: 0.0000140 seconds
179.557: Application time: 0.0258370 seconds
179.557: [Full GC179.557: [Tenured: 71040K->71040K(71040K), 0.0778350 secs] 102976K->75942K(102976K), [Perm : 8847K->8847K(21248K)], 0.0778810 secs] [Times: user=0.08 sys=0.00, real=0.08 secs] 
179.635: Total time for which application threads were stopped: 0.0779780 seconds, Stopping threads took: 0.0000240 seconds
179.660: Application time: 0.0250550 seconds
179.660: [Full GC179.660: [Tenured: 71040K->71039K(71040K), 0.0927890 secs] 102975K->75949K(102976K), [Perm : 8847K->8847K(21248K)], 0.0928350 secs] [Times: user=0.10 sys=0.00, real=0.09 secs] 
179.753: Total time for which application threads were stopped: 0.0929280 seconds, Stopping threads took: 0.0000150 seconds
179.775: Application time: 0.0216340 seconds
179.775: [Full GC179.775: [Tenured: 71039K->71039K(71040K), 0.0781550 secs] 102975K->75960K(102976K), [Perm : 8847K->8847K(21248K)], 0.0781980 secs] [Times: user=0.07 sys=0.00, real=0.08 secs] 
179.853: Total time for which application threads were stopped: 0.0782960 seconds, Stopping threads took: 0.0000140 seconds
179.878: Application time: 0.0249470 seconds
179.878: [Full GC179.878: [Tenured: 71039K->71039K(71040K), 0.0783820 secs] 102975K->75962K(102976K), [Perm : 8847K->8847K(21248K)], 0.0784270 secs] [Times: user=0.07 sys=0.00, real=0.08 secs] 
179.956: Total time for which application threads were stopped: 0.0785260 seconds, Stopping threads took: 0.0000240 seconds
179.982: Application time: 0.0256480 seconds
179.982: [Full GC179.982: [Tenured: 71039K->71039K(71040K), 0.0787110 secs] 102975K->76016K(102976K), [Perm : 8847K->8847K(21248K)], 0.0787560 secs] [Times: user=0.08 sys=0.00, real=0.08 secs] 
180.061: Total time for which application threads were stopped: 0.0788420 seconds, Stopping threads took: 0.0000140 seconds
180.086: Application time: 0.0251720 seconds
180.086: [Full GC180.086: [Tenured: 71040K->71040K(71040K), 0.0944790 secs] 102975K->75946K(102976K), [Perm : 8847K->8847K(21248K)], 0.0945260 secs] [Times: user=0.10 sys=0.00, real=0.10 secs] 
180.181: Total time for which application threads were stopped: 0.0946180 seconds, Stopping threads took: 0.0000140 seconds
180.207: Application time: 0.0258770 seconds
180.207: [Full GC180.207: [Tenured: 71040K->71040K(71040K), 0.0780050 secs] 102975K->75984K(102976K), [Perm : 8847K->8847K(21248K)], 0.0780470 secs] [Times: user=0.08 sys=0.00, real=0.08 secs] 
180.285: Total time for which application threads were stopped: 0.0781340 seconds, Stopping threads took: 0.0000140 seconds
180.311: Application time: 0.0259830 seconds
180.311: [Full GC180.311: [Tenured: 71040K->71040K(71040K), 0.0780560 secs] 102975K->75991K(102976K), [Perm : 8847K->8847K(21248K)], 0.0780970 secs] [Times: user=0.08 sys=0.00, real=0.08 secs] 
180.389: Total time for which application threads were stopped: 0.0781980 seconds, Stopping threads took: 0.0000130 seconds
180.416: Application time: 0.0266800 seconds
180.416: [Full GC180.416: [Tenured: 71040K->71040K(71040K), 0.0783220 secs] 102975K->76037K(102976K), [Perm : 8847K->8847K(21248K)], 0.0783650 secs] [Times: user=0.08 sys=0.00, real=0.08 secs] 
180.494: Total time for which application threads were stopped: 0.0784530 seconds, Stopping threads took: 0.0000140 seconds
180.521: Application time: 0.0266460 seconds
180.521: [Full GC180.521: [Tenured: 71040K->71039K(71040K), 0.0888350 secs] 102976K->75921K(102976K), [Perm : 8847K->8847K(21248K)], 0.0888940 secs] [Times: user=0.09 sys=0.00, real=0.09 secs] 
180.610: Total time for which application threads were stopped: 0.0889870 seconds, Stopping threads took: 0.0000140 seconds
180.636: Application time: 0.0267200 seconds
180.636: [Full GC180.636: [Tenured: 71039K->71039K(71040K), 0.0793510 secs] 102975K->75931K(102976K), [Perm : 8847K->8847K(21248K)], 0.0793950 secs] [Times: user=0.07 sys=0.00, real=0.08 secs] 
180.716: Total time for which application threads were stopped: 0.0794830 seconds, Stopping threads took: 0.0000150 seconds
180.741: Application time: 0.0247830 seconds
180.741: [Full GC180.741: [Tenured: 71039K->71039K(71040K), 0.0812340 secs] 102975K->79012K(102976K), [Perm : 8847K->8847K(21248K)], 0.0812820 secs] [Times: user=0.08 sys=0.00, real=0.08 secs] 
180.822: Total time for which application threads were stopped: 0.0813700 seconds, Stopping threads took: 0.0000120 seconds
180.847: Application time: 0.0250420 seconds
180.847: [Full GC180.847: [Tenured: 71039K->71040K(71040K), 0.0968300 secs] 102975K->80718K(102976K), [Perm : 8847K->8847K(21248K)], 0.0968740 secs] [Times: user=0.10 sys=0.00, real=0.09 secs] 
180.944: Total time for which application threads were stopped: 0.0969740 seconds, Stopping threads took: 0.0000140 seconds
180.968: Application time: 0.0238340 seconds
180.968: [Full GC180.968: [Tenured: 71040K->71039K(71040K), 0.0954670 secs] 102976K->73354K(102976K), [Perm : 8847K->8847K(21248K)], 0.0955110 secs] [Times: user=0.09 sys=0.00, real=0.09 secs] 
181.063: Total time for which application threads were stopped: 0.0955990 seconds, Stopping threads took: 0.0000140 seconds
181.087: Application time: 0.0235240 seconds
181.087: [Full GC181.087: [Tenured: 71039K->71039K(71040K), 0.0833710 secs] 102975K->78280K(102976K), [Perm : 8847K->8847K(21248K)], 0.0834180 secs] [Times: user=0.08 sys=0.00, real=0.08 secs] 
181.170: Total time for which application threads were stopped: 0.0835110 seconds, Stopping threads took: 0.0000140 seconds
181.197: Application time: 0.0262220 seconds
181.197: [Full GC181.197: [Tenured: 71039K->71039K(71040K), 0.0932260 secs] 102975K->74764K(102976K), [Perm : 8847K->8847K(21248K)], 0.0932770 secs] [Times: user=0.09 sys=0.00, real=0.10 secs] 
181.290: Total time for which application threads were stopped: 0.0933680 seconds, Stopping threads took: 0.0000140 seconds
181.317: Application time: 0.0271220 seconds
181.317: [Full GC181.317: [Tenured: 71039K->71040K(71040K), 0.0815690 secs] 102975K->80466K(102976K), [Perm : 8847K->8847K(21248K)], 0.0816150 secs] [Times: user=0.08 sys=0.00, real=0.08 secs] 
181.399: Total time for which application threads were stopped: 0.0817020 seconds, Stopping threads took: 0.0000120 seconds
181.424: Application time: 0.0255140 seconds
181.424: [Full GC181.424: [Tenured: 71040K->71039K(71040K), 0.0955880 secs] 102976K->71081K(102976K), [Perm : 8847K->8847K(21248K)], 0.0956340 secs] [Times: user=0.10 sys=0.00, real=0.10 secs] 
181.520: Total time for which application threads were stopped: 0.0957360 seconds, Stopping threads took: 0.0000140 seconds
181.551: Application time: 0.0305330 seconds
181.551: [Full GC181.551: [Tenured: 71039K->71039K(71040K), 0.0960550 secs] 102975K->74864K(102976K), [Perm : 8847K->8847K(21248K)], 0.0961020 secs] [Times: user=0.10 sys=0.00, real=0.09 secs] 
181.647: Total time for which application threads were stopped: 0.0961890 seconds, Stopping threads took: 0.0000130 seconds
181.678: Application time: 0.0307410 seconds
181.678: [Full GC181.678: [Tenured: 71039K->71039K(71040K), 0.0984450 secs] 102975K->78065K(102976K), [Perm : 8847K->8847K(21248K)], 0.0984910 secs] [Times: user=0.10 sys=0.00, real=0.10 secs] 
181.776: Total time for which application threads were stopped: 0.0985790 seconds, Stopping threads took: 0.0000130 seconds
181.806: Application time: 0.0297660 seconds
181.806: [Full GC181.806: [Tenured: 71039K->71039K(71040K), 0.1000660 secs] 102975K->77845K(102976K), [Perm : 8847K->8847K(21248K)], 0.1001230 secs] [Times: user=0.10 sys=0.00, real=0.10 secs] 
181.906: Total time for which application threads were stopped: 0.1002140 seconds, Stopping threads took: 0.0000140 seconds
181.936: Application time: 0.0294470 seconds
181.936: [Full GC181.936: [Tenured: 71039K->71039K(71040K), 0.0985800 secs] 102975K->75457K(102976K), [Perm : 8847K->8847K(21248K)], 0.0986280 secs] [Times: user=0.10 sys=0.00, real=0.10 secs] 
182.034: Total time for which application threads were stopped: 0.0987310 seconds, Stopping threads took: 0.0000140 seconds
182.066: Application time: 0.0317170 seconds
182.066: [Full GC182.066: [Tenured: 71039K->71039K(71040K), 0.0830140 secs] 102975K->79533K(102976K), [Perm : 8847K->8847K(21248K)], 0.0830600 secs] [Times: user=0.08 sys=0.00, real=0.09 secs] 
182.149: Total time for which application threads were stopped: 0.0831490 seconds, Stopping threads took: 0.0000140 seconds
182.177: Application time: 0.0281580 seconds
182.177: [Full GC182.177: [Tenured: 71039K->71039K(71040K), 0.1008170 secs] 102975K->76702K(102976K), [Perm : 8847K->8847K(21248K)], 0.1008620 secs] [Times: user=0.10 sys=0.00, real=0.10 secs] 
182.278: Total time for which application threads were stopped: 0.1009500 seconds, Stopping threads took: 0.0000140 seconds
182.307: Application time: 0.0291330 seconds
182.308: [Full GC182.308: [Tenured: 71039K->71039K(71040K), 0.0846730 secs] 102975K->79353K(102976K), [Perm : 8847K->8847K(21248K)], 0.0847210 secs] [Times: user=0.09 sys=0.00, real=0.08 secs] 
182.392: Total time for which application threads were stopped: 0.0848090 seconds, Stopping threads took: 0.0000150 seconds
182.421: Application time: 0.0282810 seconds
182.421: [Full GC182.421: [Tenured: 71039K->71040K(71040K), 0.0983120 secs] 102975K->76419K(102976K), [Perm : 8847K->8847K(21248K)], 0.0983580 secs] [Times: user=0.10 sys=0.00, real=0.09 secs] 
182.519: Total time for which application threads were stopped: 0.0984550 seconds, Stopping threads took: 0.0000140 seconds
182.549: Application time: 0.0303660 seconds
182.549: [Full GC182.549: [Tenured: 71040K->71040K(71040K), 0.0815800 secs] 102976K->76615K(102976K), [Perm : 8847K->8847K(21248K)], 0.0816250 secs] [Times: user=0.08 sys=0.00, real=0.08 secs] 
182.631: Total time for which application threads were stopped: 0.0817310 seconds, Stopping threads took: 0.0000180 seconds
182.659: Application time: 0.0274020 seconds
182.659: [Full GC182.659: [Tenured: 71040K->71040K(71040K), 0.0795730 secs] 102975K->76690K(102976K), [Perm : 8847K->8847K(21248K)], 0.0796190 secs] [Times: user=0.08 sys=0.00, real=0.08 secs] 
182.738: Total time for which application threads were stopped: 0.0797060 seconds, Stopping threads took: 0.0000140 seconds
182.761: Application time: 0.0226460 seconds
182.761: [Full GC182.761: [Tenured: 71040K->71040K(71040K), 0.0799700 secs] 102976K->76536K(102976K), [Perm : 8847K->8847K(21248K)], 0.0800150 secs] [Times: user=0.08 sys=0.00, real=0.08 secs] 
182.841: Total time for which application threads were stopped: 0.0801000 seconds, Stopping threads took: 0.0000140 seconds
182.868: Application time: 0.0272540 seconds
182.868: [Full GC182.868: [Tenured: 71040K->71039K(71040K), 0.0938920 secs] 102976K->75886K(102976K), [Perm : 8847K->8847K(21248K)], 0.0939390 secs] [Times: user=0.10 sys=0.00, real=0.09 secs] 
182.962: Total time for which application threads were stopped: 0.0940340 seconds, Stopping threads took: 0.0000150 seconds
182.988: Application time: 0.0261390 seconds
182.988: [Full GC182.988: [Tenured: 71039K->71039K(71040K), 0.0795650 secs] 102975K->75965K(102976K), [Perm : 8847K->8847K(21248K)], 0.0796080 secs] [Times: user=0.08 sys=0.00, real=0.08 secs] 
183.068: Total time for which application threads were stopped: 0.0796940 seconds, Stopping threads took: 0.0000150 seconds
183.094: Application time: 0.0256570 seconds
183.094: [Full GC183.094: [Tenured: 71040K->71040K(71040K), 0.0783670 secs] 102975K->76046K(102976K), [Perm : 8847K->8847K(21248K)], 0.0784090 secs] [Times: user=0.08 sys=0.00, real=0.08 secs] 
183.172: Total time for which application threads were stopped: 0.0785160 seconds, Stopping threads took: 0.0000140 seconds
183.197: Application time: 0.0248330 seconds
183.197: [Full GC183.197: [Tenured: 71040K->71040K(71040K), 0.0779330 secs] 102976K->76045K(102976K), [Perm : 8847K->8847K(21248K)], 0.0779760 secs] [Times: user=0.08 sys=0.00, real=0.08 secs] 
183.275: Total time for which application threads were stopped: 0.0780630 seconds, Stopping threads took: 0.0000140 seconds
183.299: Application time: 0.0239740 seconds
183.299: [Full GC183.299: [Tenured: 71040K->71040K(71040K), 0.0932630 secs] 102976K->75963K(102976K), [Perm : 8847K->8847K(21248K)], 0.0933090 secs] [Times: user=0.09 sys=0.00, real=0.09 secs] 
183.393: Total time for which application threads were stopped: 0.0934020 seconds, Stopping threads took: 0.0000140 seconds
183.418: Application time: 0.0256000 seconds
183.418: [Full GC183.418: [Tenured: 71040K->71040K(71040K), 0.0783610 secs] 102975K->75988K(102976K), [Perm : 8847K->8847K(21248K)], 0.0784050 secs] [Times: user=0.08 sys=0.00, real=0.08 secs] 
183.497: Total time for which application threads were stopped: 0.0784940 seconds, Stopping threads took: 0.0000150 seconds
183.522: Application time: 0.0253570 seconds
183.522: [Full GC183.522: [Tenured: 71040K->71040K(71040K), 0.0779340 secs] 102975K->75956K(102976K), [Perm : 8847K->8847K(21248K)], 0.0779750 secs] [Times: user=0.08 sys=0.00, real=0.08 secs] 
183.600: Total time for which application threads were stopped: 0.0780630 seconds, Stopping threads took: 0.0000150 seconds
183.626: Application time: 0.0255050 seconds
183.626: [Full GC183.626: [Tenured: 71040K->71040K(71040K), 0.0779700 secs] 102975K->75985K(102976K), [Perm : 8847K->8847K(21248K)], 0.0780120 secs] [Times: user=0.08 sys=0.00, real=0.08 secs] 
183.704: Total time for which application threads were stopped: 0.0781190 seconds, Stopping threads took: 0.0000130 seconds
183.729: Application time: 0.0253900 seconds
183.729: [Full GC183.729: [Tenured: 71040K->71039K(71040K), 0.0915300 secs] 102975K->75950K(102976K), [Perm : 8847K->8847K(21248K)], 0.0915770 secs] [Times: user=0.09 sys=0.00, real=0.09 secs] 
183.821: Total time for which application threads were stopped: 0.0916790 seconds, Stopping threads took: 0.0000230 seconds
183.847: Application time: 0.0265300 seconds
183.847: [Full GC183.847: [Tenured: 71039K->71039K(71040K), 0.0781010 secs] 102975K->75980K(102976K), [Perm : 8847K->8847K(21248K)], 0.0781430 secs] [Times: user=0.08 sys=0.00, real=0.07 secs] 
183.926: Total time for which application threads were stopped: 0.0782320 seconds, Stopping threads took: 0.0000150 seconds
183.952: Application time: 0.0266400 seconds
183.952: [Full GC183.952: [Tenured: 71039K->71039K(71040K), 0.0785320 secs] 102975K->76020K(102976K), [Perm : 8847K->8847K(21248K)], 0.0785760 secs] [Times: user=0.08 sys=0.00, real=0.08 secs] 
184.031: Total time for which application threads were stopped: 0.0786640 seconds, Stopping threads took: 0.0000140 seconds
184.057: Application time: 0.0265900 seconds
184.058: [Full GC184.058: [Tenured: 71039K->71039K(71040K), 0.0787920 secs] 102975K->75974K(102976K), [Perm : 8847K->8847K(21248K)], 0.0788340 secs] [Times: user=0.08 sys=0.00, real=0.08 secs] 
184.136: Total time for which application threads were stopped: 0.0789210 seconds, Stopping threads took: 0.0000140 seconds
184.160: Application time: 0.0233860 seconds
184.160: [Full GC184.160: [Tenured: 71039K->71039K(71040K), 0.0961310 secs] 102975K->79028K(102976K), [Perm : 8847K->8847K(21248K)], 0.0961750 secs] [Times: user=0.10 sys=0.00, real=0.09 secs] 
184.256: Total time for which application threads were stopped: 0.0962760 seconds, Stopping threads took: 0.0000120 seconds
184.280: Application time: 0.0235520 seconds
184.280: [Full GC184.280: [Tenured: 71039K->71039K(71040K), 0.0950240 secs] 102975K->80561K(102976K), [Perm : 8847K->8847K(21248K)], 0.0950760 secs] [Times: user=0.09 sys=0.00, real=0.09 secs] 
184.375: Total time for which application threads were stopped: 0.0951760 seconds, Stopping threads took: 0.0000150 seconds
184.398: Application time: 0.0234660 seconds
184.398: [Full GC184.398: [Tenured: 71039K->71039K(71040K), 0.0955140 secs] 102975K->75322K(102976K), [Perm : 8847K->8847K(21248K)], 0.0955680 secs] [Times: user=0.10 sys=0.00, real=0.10 secs] 
184.494: Total time for which application threads were stopped: 0.0956590 seconds, Stopping threads took: 0.0000140 seconds
184.520: Application time: 0.0260210 seconds
184.520: [Full GC184.520: [Tenured: 71040K->71039K(71040K), 0.0952160 secs] 102975K->78270K(102976K), [Perm : 8847K->8847K(21248K)], 0.0952610 secs] [Times: user=0.10 sys=0.00, real=0.09 secs] 
184.615: Total time for which application threads were stopped: 0.0953490 seconds, Stopping threads took: 0.0000140 seconds
184.639: Application time: 0.0233370 seconds
184.639: [Full GC184.639: [Tenured: 71039K->71039K(71040K), 0.0941700 secs] 102975K->72282K(102976K), [Perm : 8847K->8847K(21248K)], 0.0942140 secs] [Times: user=0.09 sys=0.00, real=0.10 secs] 
184.733: Total time for which application threads were stopped: 0.0943020 seconds, Stopping threads took: 0.0000130 seconds
184.759: Application time: 0.0264720 seconds
184.759: [Full GC184.759: [Tenured: 71040K->71040K(71040K), 0.0808600 secs] 102976K->77574K(102976K), [Perm : 8847K->8847K(21248K)], 0.0809060 secs] [Times: user=0.08 sys=0.00, real=0.08 secs] 
184.840: Total time for which application threads were stopped: 0.0810040 seconds, Stopping threads took: 0.0000120 seconds
184.867: Application time: 0.0270750 seconds
184.868: [Full GC184.868: [Tenured: 71040K->71039K(71040K), 0.0951160 secs] 102975K->74732K(102976K), [Perm : 8847K->8847K(21248K)], 0.0951640 secs] [Times: user=0.09 sys=0.00, real=0.09 secs] 
184.963: Total time for which application threads were stopped: 0.0952520 seconds, Stopping threads took: 0.0000140 seconds
184.992: Application time: 0.0291030 seconds
184.992: [Full GC184.992: [Tenured: 71039K->71039K(71040K), 0.0932120 secs] 102975K->72791K(102976K), [Perm : 8847K->8847K(21248K)], 0.0932580 secs] [Times: user=0.09 sys=0.00, real=0.09 secs] 
185.085: Total time for which application threads were stopped: 0.0933450 seconds, Stopping threads took: 0.0000140 seconds
185.116: Application time: 0.0309930 seconds
185.116: [Full GC185.116: [Tenured: 71039K->71039K(71040K), 0.1029910 secs] 102975K->75111K(102976K), [Perm : 8847K->8847K(21248K)], 0.1030370 secs] [Times: user=0.11 sys=0.00, real=0.11 secs] 
185.219: Total time for which application threads were stopped: 0.1031250 seconds, Stopping threads took: 0.0000140 seconds
185.250: Application time: 0.0310110 seconds
185.250: [Full GC185.250: [Tenured: 71039K->71039K(71040K), 0.0848540 secs] 102975K->80629K(102976K), [Perm : 8847K->8847K(21248K)], 0.0848980 secs] [Times: user=0.08 sys=0.00, real=0.08 secs] 
185.335: Total time for which application threads were stopped: 0.0849830 seconds, Stopping threads took: 0.0000140 seconds
185.362: Application time: 0.0266710 seconds
185.362: [Full GC185.362: [Tenured: 71039K->71039K(71040K), 0.1009140 secs] 102975K->76133K(102976K), [Perm : 8847K->8847K(21248K)], 0.1009630 secs] [Times: user=0.10 sys=0.00, real=0.10 secs] 
185.463: Total time for which application threads were stopped: 0.1010700 seconds, Stopping threads took: 0.0000130 seconds
185.492: Application time: 0.0291710 seconds
185.492: [Full GC185.492: [Tenured: 71039K->71039K(71040K), 0.0820960 secs] 102975K->78766K(102976K), [Perm : 8847K->8847K(21248K)], 0.0821370 secs] [Times: user=0.08 sys=0.00, real=0.08 secs] 
185.574: Total time for which application threads were stopped: 0.0822260 seconds, Stopping threads took: 0.0000140 seconds
185.604: Application time: 0.0299080 seconds
185.604: [Full GC185.604: [Tenured: 71040K->71040K(71040K), 0.1005690 secs] 102975K->75562K(102976K), [Perm : 8847K->8847K(21248K)], 0.1006100 secs] [Times: user=0.10 sys=0.00, real=0.10 secs] 
185.705: Total time for which application threads were stopped: 0.1006970 seconds, Stopping threads took: 0.0000130 seconds
185.735: Application time: 0.0296430 seconds
185.735: [Full GC185.735: [Tenured: 71040K->71039K(71040K), 0.0848220 secs] 102975K->80395K(102976K), [Perm : 8847K->8847K(21248K)], 0.0848780 secs] [Times: user=0.08 sys=0.00, real=0.09 secs] 
185.820: Total time for which application threads were stopped: 0.0849670 seconds, Stopping threads took: 0.0000140 seconds
185.847: Application time: 0.0270000 seconds
185.847: [Full GC185.847: [Tenured: 71039K->71039K(71040K), 0.0991850 secs] 102975K->81229K(102976K), [Perm : 8847K->8847K(21248K)], 0.0992320 secs] [Times: user=0.10 sys=0.00, real=0.10 secs] 
185.946: Total time for which application threads were stopped: 0.0993200 seconds, Stopping threads took: 0.0000140 seconds
185.974: Application time: 0.0283050 seconds
185.974: [Full GC185.974: [Tenured: 71039K->71040K(71040K), 0.0965390 secs] 102975K->77606K(102976K), [Perm : 8847K->8847K(21248K)], 0.0965870 secs] [Times: user=0.10 sys=0.00, real=0.10 secs] 
186.071: Total time for which application threads were stopped: 0.0966870 seconds, Stopping threads took: 0.0000140 seconds
186.099: Application time: 0.0280850 seconds
186.099: [Full GC186.099: [Tenured: 71040K->71039K(71040K), 0.0961500 secs] 102975K->75862K(102976K), [Perm : 8847K->8847K(21248K)], 0.0961940 secs] [Times: user=0.09 sys=0.00, real=0.09 secs] 
186.195: Total time for which application threads were stopped: 0.0962870 seconds, Stopping threads took: 0.0000170 seconds
186.223: Application time: 0.0275170 seconds
186.223: [Full GC186.223: [Tenured: 71040K->71040K(71040K), 0.0797950 secs] 102975K->76003K(102976K), [Perm : 8847K->8847K(21248K)], 0.0798400 secs] [Times: user=0.08 sys=0.00, real=0.08 secs] 
186.303: Total time for which application threads were stopped: 0.0799270 seconds, Stopping threads took: 0.0000150 seconds
186.331: Application time: 0.0280090 seconds
186.331: [Full GC186.331: [Tenured: 71040K->71040K(71040K), 0.0797700 secs] 102976K->75933K(102976K), [Perm : 8847K->8847K(21248K)], 0.0798150 secs] [Times: user=0.08 sys=0.00, real=0.08 secs] 
186.411: Total time for which application threads were stopped: 0.0799030 seconds, Stopping threads took: 0.0000140 seconds
186.437: Application time: 0.0267540 seconds
186.438: [Full GC186.438: [Tenured: 71040K->71040K(71040K), 0.0801490 secs] 102976K->76043K(102976K), [Perm : 8847K->8847K(21248K)], 0.0801950 secs] [Times: user=0.08 sys=0.00, real=0.08 secs] 
186.518: Total time for which application threads were stopped: 0.0802820 seconds, Stopping threads took: 0.0000150 seconds
186.543: Application time: 0.0257000 seconds
186.544: [Full GC186.544: [Tenured: 71040K->71039K(71040K), 0.0952220 secs] 102976K->75936K(102976K), [Perm : 8847K->8847K(21248K)], 0.0952700 secs] [Times: user=0.09 sys=0.00, real=0.09 secs] 
186.639: Total time for which application threads were stopped: 0.0953760 seconds, Stopping threads took: 0.0000130 seconds
186.664: Application time: 0.0251230 seconds
186.664: [Full GC186.664: [Tenured: 71039K->71039K(71040K), 0.0785050 secs] 102975K->75933K(102976K), [Perm : 8847K->8847K(21248K)], 0.0785470 secs] [Times: user=0.07 sys=0.00, real=0.08 secs] 
186.743: Total time for which application threads were stopped: 0.0786340 seconds, Stopping threads took: 0.0000140 seconds
186.768: Application time: 0.0252580 seconds
186.768: [Full GC186.768: [Tenured: 71039K->71039K(71040K), 0.0784350 secs] 102975K->75986K(102976K), [Perm : 8847K->8847K(21248K)], 0.0784790 secs] [Times: user=0.08 sys=0.00, real=0.07 secs] 
186.846: Total time for which application threads were stopped: 0.0785660 seconds, Stopping threads took: 0.0000140 seconds
186.872: Application time: 0.0256050 seconds
186.872: [Full GC186.872: [Tenured: 71039K->71039K(71040K), 0.0800920 secs] 102975K->75987K(102976K), [Perm : 8847K->8847K(21248K)], 0.0801360 secs] [Times: user=0.08 sys=0.00, real=0.08 secs] 
186.952: Total time for which application threads were stopped: 0.0802220 seconds, Stopping threads took: 0.0000140 seconds
186.978: Application time: 0.0253970 seconds
186.978: [Full GC186.978: [Tenured: 71039K->71039K(71040K), 0.0927160 secs] 102975K->75939K(102976K), [Perm : 8847K->8847K(21248K)], 0.0927790 secs] [Times: user=0.10 sys=0.00, real=0.10 secs] 
187.071: Total time for which application threads were stopped: 0.0928850 seconds, Stopping threads took: 0.0000240 seconds
187.096: Application time: 0.0254380 seconds
187.096: [Full GC187.096: [Tenured: 71039K->71039K(71040K), 0.0804350 secs] 102975K->75962K(102976K), [Perm : 8847K->8847K(21248K)], 0.0804750 secs] [Times: user=0.08 sys=0.00, real=0.08 secs] 
187.177: Total time for which application threads were stopped: 0.0805720 seconds, Stopping threads took: 0.0000150 seconds
187.203: Application time: 0.0260150 seconds
187.203: [Full GC187.203: [Tenured: 71039K->71039K(71040K), 0.0792020 secs] 102975K->75991K(102976K), [Perm : 8847K->8847K(21248K)], 0.0792470 secs] [Times: user=0.08 sys=0.00, real=0.08 secs] 
187.282: Total time for which application threads were stopped: 0.0793330 seconds, Stopping threads took: 0.0000140 seconds
187.308: Application time: 0.0265110 seconds
187.308: [Full GC187.308: [Tenured: 71039K->71039K(71040K), 0.0788010 secs] 102975K->76053K(102976K), [Perm : 8847K->8847K(21248K)], 0.0788440 secs] [Times: user=0.07 sys=0.00, real=0.08 secs] 
187.387: Total time for which application threads were stopped: 0.0789290 seconds, Stopping threads took: 0.0000140 seconds
187.412: Application time: 0.0245990 seconds
187.412: [Full GC187.412: [Tenured: 71040K->71039K(71040K), 0.0959980 secs] 102976K->77410K(102976K), [Perm : 8847K->8847K(21248K)], 0.0960430 secs] [Times: user=0.10 sys=0.00, real=0.10 secs] 
187.508: Total time for which application threads were stopped: 0.0961330 seconds, Stopping threads took: 0.0000140 seconds
187.534: Application time: 0.0261160 seconds
187.534: [Full GC187.534: [Tenured: 71039K->71039K(71040K), 0.0925800 secs] 102975K->77143K(102976K), [Perm : 8847K->8847K(21248K)], 0.0926280 secs] [Times: user=0.09 sys=0.00, real=0.09 secs] 
187.627: Total time for which application threads were stopped: 0.0927190 seconds, Stopping threads took: 0.0000150 seconds
187.651: Application time: 0.0244190 seconds
187.651: [Full GC187.651: [Tenured: 71039K->71039K(71040K), 0.0799490 secs] 102975K->79506K(102976K), [Perm : 8847K->8847K(21248K)], 0.0799950 secs] [Times: user=0.08 sys=0.00, real=0.08 secs] 
187.731: Total time for which application threads were stopped: 0.0800970 seconds, Stopping threads took: 0.0000140 seconds
187.757: Application time: 0.0252530 seconds
187.757: [Full GC187.757: [Tenured: 71039K->71039K(71040K), 0.0961840 secs] 102975K->74993K(102976K), [Perm : 8847K->8847K(21248K)], 0.0962340 secs] [Times: user=0.10 sys=0.00, real=0.10 secs] 
187.853: Total time for which application threads were stopped: 0.0963270 seconds, Stopping threads took: 0.0000150 seconds
187.880: Application time: 0.0274150 seconds
187.880: [Full GC187.880: [Tenured: 71040K->71039K(71040K), 0.0940830 secs] 102975K->74588K(102976K), [Perm : 8847K->8847K(21248K)], 0.0941300 secs] [Times: user=0.10 sys=0.00, real=0.09 secs] 
187.975: Total time for which application threads were stopped: 0.0942190 seconds, Stopping threads took: 0.0000140 seconds
188.001: Application time: 0.0263300 seconds
188.001: [Full GC188.001: [Tenured: 71039K->71039K(71040K), 0.0820980 secs] 102975K->79362K(102976K), [Perm : 8847K->8847K(21248K)], 0.0821420 secs] [Times: user=0.09 sys=0.00, real=0.08 secs] 
188.083: Total time for which application threads were stopped: 0.0822310 seconds, Stopping threads took: 0.0000130 seconds
188.109: Application time: 0.0254090 seconds
188.109: [Full GC188.109: [Tenured: 71039K->71039K(71040K), 0.0953220 secs] 102975K->74070K(102976K), [Perm : 8847K->8847K(21248K)], 0.0953670 secs] [Times: user=0.09 sys=0.00, real=0.09 secs] 
188.204: Total time for which application threads were stopped: 0.0954570 seconds, Stopping threads took: 0.0000140 seconds
188.233: Application time: 0.0286420 seconds
188.233: [Full GC188.233: [Tenured: 71039K->71039K(71040K), 0.0794470 secs] 102975K->77568K(102976K), [Perm : 8847K->8847K(21248K)], 0.0794920 secs] [Times: user=0.08 sys=0.00, real=0.08 secs] 
188.312: Total time for which application threads were stopped: 0.0796060 seconds, Stopping threads took: 0.0000140 seconds
188.336: Application time: 0.0238610 seconds
188.336: [Full GC188.336: [Tenured: 71039K->71039K(71040K), 0.0981450 secs] 102975K->75895K(102976K), [Perm : 8847K->8847K(21248K)], 0.0981920 secs] [Times: user=0.10 sys=0.00, real=0.10 secs] 
188.434: Total time for which application threads were stopped: 0.0982780 seconds, Stopping threads took: 0.0000130 seconds
188.463: Application time: 0.0288560 seconds
188.463: [Full GC188.463: [Tenured: 71039K->71039K(71040K), 0.0984220 secs] 102975K->77899K(102976K), [Perm : 8847K->8847K(21248K)], 0.0984660 secs] [Times: user=0.10 sys=0.00, real=0.10 secs] 
188.562: Total time for which application threads were stopped: 0.0985530 seconds, Stopping threads took: 0.0000130 seconds
188.591: Application time: 0.0286600 seconds
188.591: [Full GC188.591: [Tenured: 71039K->71040K(71040K), 0.1009390 secs] 102975K->77781K(102976K), [Perm : 8847K->8847K(21248K)], 0.1009870 secs] [Times: user=0.10 sys=0.00, real=0.10 secs] 
188.692: Total time for which application threads were stopped: 0.1010750 seconds, Stopping threads took: 0.0000130 seconds
188.722: Application time: 0.0300390 seconds
188.722: [Full GC188.722: [Tenured: 71040K->71040K(71040K), 0.1004740 secs] 102975K->78884K(102976K), [Perm : 8847K->8847K(21248K)], 0.1005200 secs] [Times: user=0.10 sys=0.00, real=0.10 secs] 
188.822: Total time for which application threads were stopped: 0.1006080 seconds, Stopping threads took: 0.0000140 seconds
188.853: Application time: 0.0306740 seconds
188.853: [Full GC188.853: [Tenured: 71040K->71039K(71040K), 0.1000790 secs] 102976K->76206K(102976K), [Perm : 8847K->8847K(21248K)], 0.1001260 secs] [Times: user=0.10 sys=0.00, real=0.10 secs] 
188.953: Total time for which application threads were stopped: 0.1002300 seconds, Stopping threads took: 0.0000140 seconds
188.982: Application time: 0.0289290 seconds
188.982: [Full GC188.982: [Tenured: 71039K->71039K(71040K), 0.1003650 secs] 102975K->76383K(102976K), [Perm : 8847K->8847K(21248K)], 0.1004120 secs] [Times: user=0.10 sys=0.00, real=0.10 secs] 
189.083: Total time for which application threads were stopped: 0.1005030 seconds, Stopping threads took: 0.0000140 seconds
189.111: Application time: 0.0285510 seconds
189.111: [Full GC189.111: [Tenured: 71040K->71039K(71040K), 0.0820880 secs] 102975K->78081K(102976K), [Perm : 8847K->8847K(21248K)], 0.0821350 secs] [Times: user=0.08 sys=0.00, real=0.08 secs] 
189.193: Total time for which application threads were stopped: 0.0822240 seconds, Stopping threads took: 0.0000130 seconds
189.223: Application time: 0.0295550 seconds
189.223: [Full GC189.223: [Tenured: 71039K->71039K(71040K), 0.0993830 secs] 102975K->79950K(102976K), [Perm : 8847K->8847K(21248K)], 0.0994330 secs] [Times: user=0.10 sys=0.00, real=0.10 secs] 
189.322: Total time for which application threads were stopped: 0.0995200 seconds, Stopping threads took: 0.0000140 seconds
189.347: Application time: 0.0248450 seconds
189.347: [Full GC189.347: [Tenured: 71039K->71039K(71040K), 0.1002860 secs] 102975K->77258K(102976K), [Perm : 8847K->8847K(21248K)], 0.1003350 secs] [Times: user=0.10 sys=0.00, real=0.10 secs] 
189.449: Total time for which application threads were stopped: 0.1019780 seconds, Stopping threads took: 0.0000130 seconds
189.479: Application time: 0.0292870 seconds
189.479: [Full GC189.479: [Tenured: 71040K->71040K(71040K), 0.0813060 secs] 102976K->77821K(102976K), [Perm : 8847K->8847K(21248K)], 0.0813520 secs] [Times: user=0.08 sys=0.00, real=0.09 secs] 
189.560: Total time for which application threads were stopped: 0.0814580 seconds, Stopping threads took: 0.0000140 seconds
189.590: Application time: 0.0295070 seconds
189.590: [Full GC189.590: [Tenured: 71040K->71040K(71040K), 0.0812000 secs] 102975K->78444K(102976K), [Perm : 8847K->8847K(21248K)], 0.0812460 secs] [Times: user=0.08 sys=0.00, real=0.08 secs] 
189.671: Total time for which application threads were stopped: 0.0813340 seconds, Stopping threads took: 0.0000140 seconds
189.699: Application time: 0.0278420 seconds
189.699: [Full GC189.699: [Tenured: 71040K->71040K(71040K), 0.0805300 secs] 102975K->78469K(102976K), [Perm : 8847K->8847K(21248K)], 0.0805840 secs] [Times: user=0.08 sys=0.00, real=0.09 secs] 
189.779: Total time for which application threads were stopped: 0.0806710 seconds, Stopping threads took: 0.0000140 seconds
189.805: Application time: 0.0257390 seconds
189.805: [Full GC189.805: [Tenured: 71040K->71039K(71040K), 0.0937930 secs] 102975K->75944K(102976K), [Perm : 8847K->8847K(21248K)], 0.0938460 secs] [Times: user=0.09 sys=0.01, real=0.10 secs] 
189.899: Total time for which application threads were stopped: 0.0939350 seconds, Stopping threads took: 0.0000130 seconds
189.926: Application time: 0.0271620 seconds
189.926: [Full GC189.926: [Tenured: 71039K->71039K(71040K), 0.0782860 secs] 102975K->75936K(102976K), [Perm : 8847K->8847K(21248K)], 0.0783300 secs] [Times: user=0.08 sys=0.00, real=0.08 secs] 
190.005: Total time for which application threads were stopped: 0.0784170 seconds, Stopping threads took: 0.0000130 seconds
190.030: Application time: 0.0257320 seconds
190.030: [Full GC190.030: [Tenured: 71039K->71039K(71040K), 0.0787310 secs] 102975K->75984K(102976K), [Perm : 8847K->8847K(21248K)], 0.0787760 secs] [Times: user=0.08 sys=0.00, real=0.08 secs] 
190.109: Total time for which application threads were stopped: 0.0788790 seconds, Stopping threads took: 0.0000150 seconds
190.133: Application time: 0.0239110 seconds
190.133: [Full GC190.133: [Tenured: 71039K->71039K(71040K), 0.0789390 secs] 102975K->76012K(102976K), [Perm : 8847K->8847K(21248K)], 0.0789810 secs] [Times: user=0.08 sys=0.00, real=0.08 secs] 
190.212: Total time for which application threads were stopped: 0.0790670 seconds, Stopping threads took: 0.0000140 seconds
190.237: Application time: 0.0249400 seconds
190.237: [Full GC190.237: [Tenured: 71039K->71039K(71040K), 0.0946410 secs] 102975K->75942K(102976K), [Perm : 8847K->8847K(21248K)], 0.0946910 secs] [Times: user=0.09 sys=0.00, real=0.10 secs] 
190.332: Total time for which application threads were stopped: 0.0947940 seconds, Stopping threads took: 0.0000230 seconds
190.357: Application time: 0.0250090 seconds
190.357: [Full GC190.357: [Tenured: 71039K->71039K(71040K), 0.0783450 secs] 102975K->75937K(102976K), [Perm : 8847K->8847K(21248K)], 0.0783860 secs] [Times: user=0.08 sys=0.00, real=0.08 secs] 
190.435: Total time for which application threads were stopped: 0.0784750 seconds, Stopping threads took: 0.0000140 seconds
190.461: Application time: 0.0255540 seconds
190.461: [Full GC190.461: [Tenured: 71040K->71040K(71040K), 0.0790760 secs] 102976K->76011K(102976K), [Perm : 8847K->8847K(21248K)], 0.0791190 secs] [Times: user=0.08 sys=0.00, real=0.08 secs] 
190.540: Total time for which application threads were stopped: 0.0792050 seconds, Stopping threads took: 0.0000140 seconds
190.564: Application time: 0.0236450 seconds
190.564: [Full GC190.564: [Tenured: 71040K->71040K(71040K), 0.0780910 secs] 102976K->75998K(102976K), [Perm : 8847K->8847K(21248K)], 0.0781340 secs] [Times: user=0.08 sys=0.00, real=0.08 secs] 
190.642: Total time for which application threads were stopped: 0.0782330 seconds, Stopping threads took: 0.0000140 seconds
190.668: Application time: 0.0255010 seconds
190.668: [Full GC190.668: [Tenured: 71040K->71039K(71040K), 0.0907790 secs] 102975K->75931K(102976K), [Perm : 8847K->8847K(21248K)], 0.0908280 secs] [Times: user=0.09 sys=0.00, real=0.08 secs] 
190.759: Total time for which application threads were stopped: 0.0909230 seconds, Stopping threads took: 0.0000140 seconds
190.783: Application time: 0.0240320 seconds
190.783: [Full GC190.783: [Tenured: 71040K->71040K(71040K), 0.0789440 secs] 102975K->76437K(102976K), [Perm : 8847K->8847K(21248K)], 0.0789860 secs] [Times: user=0.07 sys=0.00, real=0.08 secs] 
190.862: Total time for which application threads were stopped: 0.0790730 seconds, Stopping threads took: 0.0000130 seconds
190.888: Application time: 0.0259460 seconds
190.888: [Full GC190.888: [Tenured: 71040K->71039K(71040K), 0.0953460 secs] 102975K->76969K(102976K), [Perm : 8847K->8847K(21248K)], 0.0954010 secs] [Times: user=0.10 sys=0.00, real=0.09 secs] 
190.983: Total time for which application threads were stopped: 0.0954900 seconds, Stopping threads took: 0.0000150 seconds
191.010: Application time: 0.0266590 seconds
191.010: [Full GC191.010: [Tenured: 71039K->71039K(71040K), 0.0774930 secs] 102975K->77983K(102976K), [Perm : 8847K->8847K(21248K)], 0.0775400 secs] [Times: user=0.08 sys=0.00, real=0.08 secs] 
191.087: Total time for which application threads were stopped: 0.0776300 seconds, Stopping threads took: 0.0000140 seconds
191.111: Application time: 0.0232510 seconds
191.111: [Full GC191.111: [Tenured: 71039K->71040K(71040K), 0.0959640 secs] 102975K->75983K(102976K), [Perm : 8847K->8847K(21248K)], 0.0960080 secs] [Times: user=0.09 sys=0.00, real=0.09 secs] 
191.207: Total time for which application threads were stopped: 0.0961110 seconds, Stopping threads took: 0.0000120 seconds
191.233: Application time: 0.0264240 seconds
191.233: [Full GC191.233: [Tenured: 71040K->71039K(71040K), 0.0930530 secs] 102975K->76860K(102976K), [Perm : 8847K->8847K(21248K)], 0.0931000 secs] [Times: user=0.09 sys=0.00, real=0.09 secs] 
191.326: Total time for which application threads were stopped: 0.0931900 seconds, Stopping threads took: 0.0000140 seconds
191.352: Application time: 0.0259550 seconds
191.352: [Full GC191.352: [Tenured: 71040K->71040K(71040K), 0.0775910 secs] 102976K->77821K(102976K), [Perm : 8847K->8847K(21248K)], 0.0776370 secs] [Times: user=0.08 sys=0.00, real=0.08 secs] 
191.430: Total time for which application threads were stopped: 0.0777270 seconds, Stopping threads took: 0.0000140 seconds
191.456: Application time: 0.0257050 seconds
191.456: [Full GC191.456: [Tenured: 71040K->71040K(71040K), 0.0796450 secs] 102975K->79371K(102976K), [Perm : 8847K->8847K(21248K)], 0.0796900 secs] [Times: user=0.08 sys=0.00, real=0.08 secs] 
191.536: Total time for which application threads were stopped: 0.0797760 seconds, Stopping threads took: 0.0000130 seconds
191.559: Application time: 0.0234490 seconds
191.559: [Full GC191.559: [Tenured: 71040K->71039K(71040K), 0.1027300 secs] 102975K->81442K(102976K), [Perm : 8847K->8847K(21248K)], 0.1027760 secs] [Times: user=0.11 sys=0.00, real=0.10 secs] 
191.662: Total time for which application threads were stopped: 0.1028670 seconds, Stopping threads took: 0.0000140 seconds
191.685: Application time: 0.0233600 seconds
191.685: [Full GC191.685: [Tenured: 71039K->71039K(71040K), 0.0949320 secs] 102975K->74955K(102976K), [Perm : 8847K->8847K(21248K)], 0.0949760 secs] [Times: user=0.10 sys=0.00, real=0.10 secs] 
191.780: Total time for which application threads were stopped: 0.0950740 seconds, Stopping threads took: 0.0000130 seconds
191.808: Application time: 0.0273030 seconds
191.808: [Full GC191.808: [Tenured: 71039K->71039K(71040K), 0.0839690 secs] 102975K->80302K(102976K), [Perm : 8847K->8847K(21248K)], 0.0840130 secs] [Times: user=0.09 sys=0.00, real=0.08 secs] 
191.892: Total time for which application threads were stopped: 0.0840980 seconds, Stopping threads took: 0.0000140 seconds
191.915: Application time: 0.0234500 seconds
191.915: [Full GC191.915: [Tenured: 71039K->71039K(71040K), 0.0999200 secs] 102975K->81168K(102976K), [Perm : 8847K->8847K(21248K)], 0.0999660 secs] [Times: user=0.10 sys=0.00, real=0.10 secs] 
192.015: Total time for which application threads were stopped: 0.1000530 seconds, Stopping threads took: 0.0000140 seconds
192.040: Application time: 0.0250720 seconds
192.040: [Full GC192.040: [Tenured: 71039K->71039K(71040K), 0.0946880 secs] 102975K->72106K(102976K), [Perm : 8847K->8847K(21248K)], 0.0947310 secs] [Times: user=0.10 sys=0.00, real=0.09 secs] 
192.135: Total time for which application threads were stopped: 0.0948150 seconds, Stopping threads took: 0.0000130 seconds
192.165: Application time: 0.0296380 seconds
192.165: [Full GC192.165: [Tenured: 71039K->71039K(71040K), 0.0988300 secs] 102975K->73360K(102976K), [Perm : 8847K->8847K(21248K)], 0.0988700 secs] [Times: user=0.10 sys=0.00, real=0.10 secs] 
192.264: Total time for which application threads were stopped: 0.0989620 seconds, Stopping threads took: 0.0000120 seconds
192.297: Application time: 0.0333120 seconds
192.297: [Full GC192.297: [Tenured: 71039K->71039K(71040K), 0.0834780 secs] 102975K->79143K(102976K), [Perm : 8847K->8847K(21248K)], 0.0835230 secs] [Times: user=0.08 sys=0.00, real=0.09 secs] 
192.381: Total time for which application threads were stopped: 0.0836230 seconds, Stopping threads took: 0.0000140 seconds
192.409: Application time: 0.0286320 seconds
192.409: [Full GC192.409: [Tenured: 71039K->71039K(71040K), 0.0972270 secs] 102975K->80874K(102976K), [Perm : 8847K->8847K(21248K)], 0.0972750 secs] [Times: user=0.09 sys=0.00, real=0.09 secs] 
192.507: Total time for which application threads were stopped: 0.0973650 seconds, Stopping threads took: 0.0000140 seconds
192.531: Application time: 0.0244860 seconds
192.531: [Full GC192.531: [Tenured: 71039K->71039K(71040K), 0.0994480 secs] 102975K->76109K(102976K), [Perm : 8847K->8847K(21248K)], 0.0994990 secs] [Times: user=0.10 sys=0.00, real=0.10 secs] 
192.631: Total time for which application threads were stopped: 0.0995890 seconds, Stopping threads took: 0.0000140 seconds
192.658: Application time: 0.0275650 seconds
192.658: [Full GC192.658: [Tenured: 71040K->71040K(71040K), 0.0847080 secs] 102976K->79570K(102976K), [Perm : 8847K->8847K(21248K)], 0.0847540 secs] [Times: user=0.08 sys=0.00, real=0.09 secs] 
192.743: Total time for which application threads were stopped: 0.0848430 seconds, Stopping threads took: 0.0000140 seconds
192.768: Application time: 0.0246270 seconds
192.768: [Full GC192.768: [Tenured: 71040K->71039K(71040K), 0.1003000 secs] 102975K->77254K(102976K), [Perm : 8847K->8847K(21248K)], 0.1003460 secs] [Times: user=0.10 sys=0.00, real=0.10 secs] 
192.868: Total time for which application threads were stopped: 0.1004330 seconds, Stopping threads took: 0.0000140 seconds
192.898: Application time: 0.0301850 seconds
192.898: [Full GC192.898: [Tenured: 71040K->71040K(71040K), 0.0826770 secs] 102976K->78906K(102976K), [Perm : 8847K->8847K(21248K)], 0.0827220 secs] [Times: user=0.09 sys=0.00, real=0.09 secs] 
192.981: Total time for which application threads were stopped: 0.0828200 seconds, Stopping threads took: 0.0000140 seconds
193.009: Application time: 0.0281720 seconds
193.009: [Full GC193.009: [Tenured: 71040K->71040K(71040K), 0.0953040 secs] 102975K->76205K(102976K), [Perm : 8847K->8847K(21248K)], 0.0953500 secs] [Times: user=0.09 sys=0.00, real=0.09 secs] 
193.105: Total time for which application threads were stopped: 0.0954400 seconds, Stopping threads took: 0.0000140 seconds
193.135: Application time: 0.0299480 seconds
193.135: [Full GC193.135: [Tenured: 71040K->71040K(71040K), 0.0802300 secs] 102975K->75988K(102976K), [Perm : 8847K->8847K(21248K)], 0.0802750 secs] [Times: user=0.08 sys=0.00, real=0.08 secs] 
193.215: Total time for which application threads were stopped: 0.0803720 seconds, Stopping threads took: 0.0000230 seconds
193.244: Application time: 0.0285360 seconds
193.244: [Full GC193.244: [Tenured: 71040K->71040K(71040K), 0.0801310 secs] 102975K->76080K(102976K), [Perm : 8847K->8847K(21248K)], 0.0801750 secs] [Times: user=0.08 sys=0.00, real=0.08 secs] 
193.324: Total time for which application threads were stopped: 0.0802610 seconds, Stopping threads took: 0.0000150 seconds
193.350: Application time: 0.0256480 seconds
193.350: [Full GC193.350: [Tenured: 71040K->71040K(71040K), 0.0794110 secs] 102975K->76113K(102976K), [Perm : 8847K->8847K(21248K)], 0.0794550 secs] [Times: user=0.08 sys=0.00, real=0.08 secs] 
193.429: Total time for which application threads were stopped: 0.0795430 seconds, Stopping threads took: 0.0000140 seconds
193.456: Application time: 0.0265170 seconds
193.456: [Full GC193.456: [Tenured: 71040K->71039K(71040K), 0.0933270 secs] 102975K->75936K(102976K), [Perm : 8847K->8847K(21248K)], 0.0933770 secs] [Times: user=0.09 sys=0.00, real=0.10 secs] 
193.549: Total time for which application threads were stopped: 0.0934970 seconds, Stopping threads took: 0.0000230 seconds
193.575: Application time: 0.0259490 seconds
193.575: [Full GC193.575: [Tenured: 71039K->71039K(71040K), 0.0780610 secs] 102975K->75989K(102976K), [Perm : 8847K->8847K(21248K)], 0.0781120 secs] [Times: user=0.08 sys=0.00, real=0.08 secs] 
193.653: Total time for which application threads were stopped: 0.0781990 seconds, Stopping threads took: 0.0000140 seconds
193.677: Application time: 0.0236850 seconds
193.677: [Full GC193.677: [Tenured: 71039K->71039K(71040K), 0.0777160 secs] 102975K->75977K(102976K), [Perm : 8847K->8847K(21248K)], 0.0777600 secs] [Times: user=0.08 sys=0.00, real=0.08 secs] 
193.755: Total time for which application threads were stopped: 0.0778480 seconds, Stopping threads took: 0.0000140 seconds
193.779: Application time: 0.0239930 seconds
193.779: [Full GC193.779: [Tenured: 71039K->71039K(71040K), 0.0773760 secs] 102975K->75982K(102976K), [Perm : 8847K->8847K(21248K)], 0.0774170 secs] [Times: user=0.08 sys=0.00, real=0.08 secs] 
193.856: Total time for which application threads were stopped: 0.0775040 seconds, Stopping threads took: 0.0000140 seconds
193.880: Application time: 0.0238000 seconds
193.880: [Full GC193.880: [Tenured: 71039K->71039K(71040K), 0.0942670 secs] 102975K->75969K(102976K), [Perm : 8847K->8847K(21248K)], 0.0943190 secs] [Times: user=0.09 sys=0.00, real=0.09 secs] 
193.975: Total time for which application threads were stopped: 0.0944120 seconds, Stopping threads took: 0.0000150 seconds
194.000: Application time: 0.0255050 seconds
194.000: [Full GC194.000: [Tenured: 71039K->71039K(71040K), 0.0766950 secs] 102975K->75955K(102976K), [Perm : 8847K->8847K(21248K)], 0.0767370 secs] [Times: user=0.07 sys=0.00, real=0.07 secs] 
194.077: Total time for which application threads were stopped: 0.0768380 seconds, Stopping threads took: 0.0000140 seconds
194.101: Application time: 0.0245000 seconds
194.101: [Full GC194.101: [Tenured: 71039K->71039K(71040K), 0.0774930 secs] 102975K->75953K(102976K), [Perm : 8847K->8847K(21248K)], 0.0775380 secs] [Times: user=0.08 sys=0.00, real=0.07 secs] 
194.179: Total time for which application threads were stopped: 0.0776250 seconds, Stopping threads took: 0.0000140 seconds
194.204: Application time: 0.0253440 seconds
194.204: [Full GC194.204: [Tenured: 71039K->71039K(71040K), 0.0808510 secs] 102975K->77808K(102976K), [Perm : 8847K->8847K(21248K)], 0.0808960 secs] [Times: user=0.08 sys=0.00, real=0.08 secs] 
194.285: Total time for which application threads were stopped: 0.0809840 seconds, Stopping threads took: 0.0000140 seconds
194.311: Application time: 0.0259010 seconds
194.311: [Full GC194.311: [Tenured: 71039K->71040K(71040K), 0.0963940 secs] 102975K->73765K(102976K), [Perm : 8847K->8847K(21248K)], 0.0964450 secs] [Times: user=0.10 sys=0.00, real=0.10 secs] 
194.408: Total time for which application threads were stopped: 0.0965480 seconds, Stopping threads took: 0.0000250 seconds
194.435: Application time: 0.0271540 seconds
194.435: [Full GC194.435: [Tenured: 71040K->71040K(71040K), 0.0774590 secs] 102975K->75024K(102976K), [Perm : 8847K->8847K(21248K)], 0.0775130 secs] [Times: user=0.08 sys=0.00, real=0.08 secs] 
194.513: Total time for which application threads were stopped: 0.0776120 seconds, Stopping threads took: 0.0000150 seconds
194.540: Application time: 0.0270940 seconds
194.540: [Full GC194.540: [Tenured: 71040K->71040K(71040K), 0.0783120 secs] 102975K->75852K(102976K), [Perm : 8847K->8847K(21248K)], 0.0783600 secs] [Times: user=0.08 sys=0.00, real=0.07 secs] 
194.618: Total time for which application threads were stopped: 0.0784630 seconds, Stopping threads took: 0.0000140 seconds
194.642: Application time: 0.0243740 seconds
194.643: [Full GC194.643: [Tenured: 71040K->71040K(71040K), 0.0803720 secs] 102975K->78073K(102976K), [Perm : 8847K->8847K(21248K)], 0.0804180 secs] [Times: user=0.08 sys=0.00, real=0.08 secs] 
194.723: Total time for which application threads were stopped: 0.0805070 seconds, Stopping threads took: 0.0000140 seconds
194.750: Application time: 0.0266430 seconds
194.750: [Full GC194.750: [Tenured: 71040K->71039K(71040K), 0.0944450 secs] 102975K->73810K(102976K), [Perm : 8847K->8847K(21248K)], 0.0945000 secs] [Times: user=0.09 sys=0.00, real=0.09 secs] 
194.844: Total time for which application threads were stopped: 0.0946030 seconds, Stopping threads took: 0.0000240 seconds
194.872: Application time: 0.0274710 seconds
194.872: [Full GC194.872: [Tenured: 71040K->71040K(71040K), 0.0792880 secs] 102975K->75424K(102976K), [Perm : 8847K->8847K(21248K)], 0.0793330 secs] [Times: user=0.08 sys=0.00, real=0.08 secs] 
194.951: Total time for which application threads were stopped: 0.0794220 seconds, Stopping threads took: 0.0000150 seconds
194.977: Application time: 0.0256580 seconds
194.977: [Full GC194.977: [Tenured: 71040K->71040K(71040K), 0.0839730 secs] 102976K->81421K(102976K), [Perm : 8847K->8847K(21248K)], 0.0840190 secs] [Times: user=0.08 sys=0.00, real=0.09 secs] 
195.061: Total time for which application threads were stopped: 0.0841090 seconds, Stopping threads took: 0.0000140 seconds
195.084: Application time: 0.0232980 seconds
195.084: [Full GC195.084: [Tenured: 71040K->71039K(71040K), 0.0966490 secs] 102975K->81097K(102976K), [Perm : 8847K->8847K(21248K)], 0.0966950 secs] [Times: user=0.09 sys=0.00, real=0.10 secs] 
195.181: Total time for which application threads were stopped: 0.0967930 seconds, Stopping threads took: 0.0000130 seconds
195.204: Application time: 0.0234800 seconds
195.205: [Full GC195.205: [Tenured: 71039K->71039K(71040K), 0.0955450 secs] 102973K->73905K(102976K), [Perm : 8847K->8847K(21248K)], 0.0955900 secs] [Times: user=0.09 sys=0.00, real=0.10 secs] 
195.300: Total time for which application threads were stopped: 0.0956790 seconds, Stopping threads took: 0.0000130 seconds
195.326: Application time: 0.0258630 seconds
195.326: [Full GC195.326: [Tenured: 71039K->71040K(71040K), 0.0970330 secs] 102975K->75813K(102976K), [Perm : 8847K->8847K(21248K)], 0.0970800 secs] [Times: user=0.09 sys=0.00, real=0.10 secs] 
195.423: Total time for which application threads were stopped: 0.0971660 seconds, Stopping threads took: 0.0000130 seconds
195.449: Application time: 0.0257550 seconds
195.449: [Full GC195.449: [Tenured: 71040K->71039K(71040K), 0.0963270 secs] 102975K->76815K(102976K), [Perm : 8847K->8847K(21248K)], 0.0963750 secs] [Times: user=0.10 sys=0.00, real=0.09 secs] 
195.545: Total time for which application threads were stopped: 0.0964610 seconds, Stopping threads took: 0.0000130 seconds
195.574: Application time: 0.0287460 seconds
195.574: [Full GC195.574: [Tenured: 71039K->71039K(71040K), 0.0965860 secs] 102975K->76044K(102976K), [Perm : 8847K->8847K(21248K)], 0.0966310 secs] [Times: user=0.10 sys=0.00, real=0.10 secs] 
195.671: Total time for which application threads were stopped: 0.0967190 seconds, Stopping threads took: 0.0000130 seconds
195.703: Application time: 0.0318750 seconds
195.703: [Full GC195.703: [Tenured: 71039K->71039K(71040K), 0.0979620 secs] 102975K->75813K(102976K), [Perm : 8847K->8847K(21248K)], 0.0980060 secs] [Times: user=0.10 sys=0.00, real=0.10 secs] 
195.801: Total time for which application threads were stopped: 0.0981050 seconds, Stopping threads took: 0.0000130 seconds
195.832: Application time: 0.0310000 seconds
195.832: [Full GC195.832: [Tenured: 71039K->71039K(71040K), 0.0959310 secs] 102975K->78910K(102976K), [Perm : 8847K->8847K(21248K)], 0.0959760 secs] [Times: user=0.09 sys=0.00, real=0.10 secs] 
195.928: Total time for which application threads were stopped: 0.0960650 seconds, Stopping threads took: 0.0000130 seconds
195.957: Application time: 0.0293900 seconds
195.957: [Full GC195.957: [Tenured: 71040K->71039K(71040K), 0.0982520 secs] 102975K->76604K(102976K), [Perm : 8847K->8847K(21248K)], 0.0983010 secs] [Times: user=0.10 sys=0.00, real=0.10 secs] 
196.056: Total time for which application threads were stopped: 0.0983920 seconds, Stopping threads took: 0.0000130 seconds
196.085: Application time: 0.0291660 seconds
196.085: [Full GC196.085: [Tenured: 71040K->71039K(71040K), 0.0956400 secs] 102976K->78798K(102976K), [Perm : 8847K->8847K(21248K)], 0.0956960 secs] [Times: user=0.09 sys=0.00, real=0.10 secs] 
196.181: Total time for which application threads were stopped: 0.0957850 seconds, Stopping threads took: 0.0000140 seconds
196.208: Application time: 0.0269180 seconds
196.208: [Full GC196.208: [Tenured: 71039K->71040K(71040K), 0.0998230 secs] 102975K->76769K(102976K), [Perm : 8847K->8847K(21248K)], 0.0998700 secs] [Times: user=0.10 sys=0.00, real=0.10 secs] 
196.308: Total time for which application threads were stopped: 0.0999700 seconds, Stopping threads took: 0.0000130 seconds
196.337: Application time: 0.0298130 seconds
196.337: [Full GC196.337: [Tenured: 71040K->71040K(71040K), 0.0813140 secs] 102975K->78772K(102976K), [Perm : 8847K->8847K(21248K)], 0.0813610 secs] [Times: user=0.08 sys=0.00, real=0.08 secs] 
196.419: Total time for which application threads were stopped: 0.0814510 seconds, Stopping threads took: 0.0000140 seconds
196.446: Application time: 0.0276180 seconds
196.447: [Full GC196.447: [Tenured: 71040K->71039K(71040K), 0.0808520 secs] 102975K->78732K(102976K), [Perm : 8847K->8847K(21248K)], 0.0809000 secs] [Times: user=0.08 sys=0.00, real=0.09 secs] 
196.527: Total time for which application threads were stopped: 0.0809890 seconds, Stopping threads took: 0.0000150 seconds
196.556: Application time: 0.0284660 seconds
196.556: [Full GC196.556: [Tenured: 71040K->71040K(71040K), 0.0795140 secs] 102975K->78829K(102976K), [Perm : 8847K->8847K(21248K)], 0.0795600 secs] [Times: user=0.08 sys=0.00, real=0.08 secs] 
196.636: Total time for which application threads were stopped: 0.0796470 seconds, Stopping threads took: 0.0000140 seconds
196.664: Application time: 0.0284970 seconds
196.664: [Full GC196.664: [Tenured: 71040K->71039K(71040K), 0.0944460 secs] 102976K->76049K(102976K), [Perm : 8847K->8847K(21248K)], 0.0944930 secs] [Times: user=0.09 sys=0.00, real=0.09 secs] 
196.759: Total time for which application threads were stopped: 0.0945850 seconds, Stopping threads took: 0.0000150 seconds
196.786: Application time: 0.0270180 seconds
196.786: [Full GC196.786: [Tenured: 71039K->71039K(71040K), 0.0779030 secs] 102975K->76034K(102976K), [Perm : 8847K->8847K(21248K)], 0.0779460 secs] [Times: user=0.08 sys=0.00, real=0.08 secs] 
196.864: Total time for which application threads were stopped: 0.0780490 seconds, Stopping threads took: 0.0000140 seconds
196.890: Application time: 0.0265630 seconds
196.890: [Full GC196.890: [Tenured: 71039K->71039K(71040K), 0.0766860 secs] 102975K->75913K(102976K), [Perm : 8847K->8847K(21248K)], 0.0767290 secs] [Times: user=0.08 sys=0.00, real=0.08 secs] 
196.967: Total time for which application threads were stopped: 0.0768160 seconds, Stopping threads took: 0.0000140 seconds
196.993: Application time: 0.0259240 seconds
196.993: [Full GC196.993: [Tenured: 71040K->71040K(71040K), 0.0764780 secs] 102976K->76065K(102976K), [Perm : 8847K->8847K(21248K)], 0.0765230 secs] [Times: user=0.07 sys=0.00, real=0.08 secs] 
197.070: Total time for which application threads were stopped: 0.0766110 seconds, Stopping threads took: 0.0000140 seconds
197.095: Application time: 0.0255100 seconds
197.095: [Full GC197.095: [Tenured: 71040K->71039K(71040K), 0.0928590 secs] 102975K->75891K(102976K), [Perm : 8847K->8847K(21248K)], 0.0929060 secs] [Times: user=0.09 sys=0.00, real=0.10 secs] 
197.188: Total time for which application threads were stopped: 0.0930000 seconds, Stopping threads took: 0.0000140 seconds
197.214: Application time: 0.0254270 seconds
197.214: [Full GC197.214: [Tenured: 71039K->71039K(71040K), 0.0772100 secs] 102975K->75959K(102976K), [Perm : 8847K->8847K(21248K)], 0.0772530 secs] [Times: user=0.08 sys=0.00, real=0.08 secs] 
197.291: Total time for which application threads were stopped: 0.0773420 seconds, Stopping threads took: 0.0000150 seconds
197.315: Application time: 0.0238920 seconds
197.315: [Full GC197.315: [Tenured: 71039K->71039K(71040K), 0.0767910 secs] 102975K->75991K(102976K), [Perm : 8847K->8847K(21248K)], 0.0768340 secs] [Times: user=0.08 sys=0.00, real=0.08 secs] 
197.392: Total time for which application threads were stopped: 0.0769450 seconds, Stopping threads took: 0.0000140 seconds
197.418: Application time: 0.0257800 seconds
197.418: [Full GC197.418: [Tenured: 71039K->71039K(71040K), 0.0787960 secs] 102975K->76028K(102976K), [Perm : 8847K->8847K(21248K)], 0.0788400 secs] [Times: user=0.08 sys=0.00, real=0.08 secs] 
197.496: Total time for which application threads were stopped: 0.0789260 seconds, Stopping threads took: 0.0000140 seconds
197.522: Application time: 0.0253250 seconds
197.522: [Full GC197.522: [Tenured: 71039K->71039K(71040K), 0.0909210 secs] 102975K->75940K(102976K), [Perm : 8847K->8847K(21248K)], 0.0909710 secs] [Times: user=0.09 sys=0.00, real=0.09 secs] 
197.613: Total time for which application threads were stopped: 0.0910630 seconds, Stopping threads took: 0.0000150 seconds
197.638: Application time: 0.0247390 seconds
197.638: [Full GC197.638: [Tenured: 71039K->71039K(71040K), 0.0790070 secs] 102975K->77613K(102976K), [Perm : 8847K->8847K(21248K)], 0.0790520 secs] [Times: user=0.08 sys=0.00, real=0.08 secs] 
197.717: Total time for which application threads were stopped: 0.0791390 seconds, Stopping threads took: 0.0000140 seconds
197.743: Application time: 0.0260040 seconds
197.743: [Full GC197.743: [Tenured: 71039K->71039K(71040K), 0.0929850 secs] 102975K->77071K(102976K), [Perm : 8847K->8847K(21248K)], 0.0930320 secs] [Times: user=0.09 sys=0.00, real=0.09 secs] 
197.836: Total time for which application threads were stopped: 0.0931220 seconds, Stopping threads took: 0.0000140 seconds
197.862: Application time: 0.0262470 seconds
197.862: [Full GC197.862: [Tenured: 71039K->71039K(71040K), 0.0770280 secs] 102975K->78116K(102976K), [Perm : 8847K->8847K(21248K)], 0.0770710 secs] [Times: user=0.08 sys=0.00, real=0.08 secs] 
197.939: Total time for which application threads were stopped: 0.0771710 seconds, Stopping threads took: 0.0000140 seconds
197.964: Application time: 0.0251910 seconds
197.965: [Full GC197.965: [Tenured: 71039K->71039K(71040K), 0.0944400 secs] 102975K->75680K(102976K), [Perm : 8847K->8847K(21248K)], 0.0944960 secs] [Times: user=0.09 sys=0.00, real=0.10 secs] 
198.059: Total time for which application threads were stopped: 0.0945950 seconds, Stopping threads took: 0.0000230 seconds
198.085: Application time: 0.0262850 seconds
198.085: [Full GC198.085: [Tenured: 71039K->71039K(71040K), 0.0823270 secs] 102975K->79348K(102976K), [Perm : 8847K->8847K(21248K)], 0.0823710 secs] [Times: user=0.08 sys=0.00, real=0.09 secs] 
198.168: Total time for which application threads were stopped: 0.0824600 seconds, Stopping threads took: 0.0000140 seconds
198.193: Application time: 0.0249570 seconds
198.193: [Full GC198.193: [Tenured: 71039K->71039K(71040K), 0.0960590 secs] 102975K->74373K(102976K), [Perm : 8847K->8847K(21248K)], 0.0961060 secs] [Times: user=0.10 sys=0.00, real=0.10 secs] 
198.289: Total time for which application threads were stopped: 0.0961960 seconds, Stopping threads took: 0.0000150 seconds
198.317: Application time: 0.0277890 seconds
198.317: [Full GC198.317: [Tenured: 71039K->71039K(71040K), 0.0787210 secs] 102975K->75453K(102976K), [Perm : 8847K->8847K(21248K)], 0.0787640 secs] [Times: user=0.08 sys=0.00, real=0.08 secs] 
198.396: Total time for which application threads were stopped: 0.0788520 seconds, Stopping threads took: 0.0000150 seconds
198.421: Application time: 0.0258650 seconds
198.422: [Full GC198.422: [Tenured: 71039K->71040K(71040K), 0.0979880 secs] 102975K->78995K(102976K), [Perm : 8847K->8847K(21248K)], 0.0980340 secs] [Times: user=0.10 sys=0.00, real=0.10 secs] 
198.520: Total time for which application threads were stopped: 0.0981390 seconds, Stopping threads took: 0.0000140 seconds
198.545: Application time: 0.0250540 seconds
198.545: [Full GC198.545: [Tenured: 71040K->71040K(71040K), 0.0948220 secs] 102973K->80577K(102976K), [Perm : 8847K->8847K(21248K)], 0.0948690 secs] [Times: user=0.10 sys=0.00, real=0.10 secs] 
198.640: Total time for which application threads were stopped: 0.0949590 seconds, Stopping threads took: 0.0000140 seconds
198.664: Application time: 0.0242990 seconds
198.664: [Full GC198.664: [Tenured: 71040K->71039K(71040K), 0.0948850 secs] 102976K->74541K(102976K), [Perm : 8847K->8847K(21248K)], 0.0949400 secs] [Times: user=0.09 sys=0.00, real=0.09 secs] 
198.759: Total time for which application threads were stopped: 0.0950270 seconds, Stopping threads took: 0.0000130 seconds
198.784: Application time: 0.0246220 seconds
198.784: [Full GC198.784: [Tenured: 71039K->71039K(71040K), 0.0841180 secs] 102975K->82536K(102976K), [Perm : 8847K->8847K(21248K)], 0.0841610 secs] [Times: user=0.08 sys=0.00, real=0.09 secs] 
198.868: Total time for which application threads were stopped: 0.0842480 seconds, Stopping threads took: 0.0000130 seconds
198.893: Application time: 0.0250260 seconds
198.893: [Full GC198.893: [Tenured: 71039K->68748K(71040K), 0.0895090 secs] 102975K->68748K(102976K), [Perm : 8847K->8847K(21248K)], 0.0895560 secs] [Times: user=0.09 sys=0.00, real=0.09 secs] 
198.983: Total time for which application threads were stopped: 0.0896440 seconds, Stopping threads took: 0.0000130 seconds
198.997: Application time: 0.0145690 seconds
198.997: [GC198.997: [DefNew: 28416K->28416K(31936K), 0.0000100 secs]198.997: [Tenured: 68748K->71039K(71040K), 0.0799690 secs] 97164K->78283K(102976K), [Perm : 8847K->8847K(21248K)], 0.0800290 secs] [Times: user=0.08 sys=0.00, real=0.08 secs] 
199.077: Total time for which application threads were stopped: 0.0801740 seconds, Stopping threads took: 0.0000580 seconds
199.105: Application time: 0.0273880 seconds
199.105: [Full GC199.105: [Tenured: 71039K->71039K(71040K), 0.0983210 secs] 102975K->78218K(102976K), [Perm : 8847K->8847K(21248K)], 0.0983660 secs] [Times: user=0.10 sys=0.00, real=0.10 secs] 
199.203: Total time for which application threads were stopped: 0.0984560 seconds, Stopping threads took: 0.0000140 seconds
199.234: Application time: 0.0307070 seconds
199.234: [Full GC199.234: [Tenured: 71039K->71039K(71040K), 0.0805270 secs] 102975K->79015K(102976K), [Perm : 8847K->8847K(21248K)], 0.0805720 secs] [Times: user=0.08 sys=0.00, real=0.08 secs] 
199.314: Total time for which application threads were stopped: 0.0806590 seconds, Stopping threads took: 0.0000140 seconds
199.343: Application time: 0.0284270 seconds
199.343: [Full GC199.343: [Tenured: 71039K->71039K(71040K), 0.0983050 secs] 102975K->75538K(102976K), [Perm : 8847K->8847K(21248K)], 0.0983510 secs] [Times: user=0.10 sys=0.00, real=0.10 secs] 
199.441: Total time for which application threads were stopped: 0.0984390 seconds, Stopping threads took: 0.0000140 seconds
199.471: Application time: 0.0297900 seconds
199.471: [Full GC199.471: [Tenured: 71040K->71040K(71040K), 0.0814170 secs] 102975K->78943K(102976K), [Perm : 8847K->8847K(21248K)], 0.0814710 secs] [Times: user=0.08 sys=0.00, real=0.08 secs] 
199.553: Total time for which application threads were stopped: 0.0815690 seconds, Stopping threads took: 0.0000130 seconds
199.579: Application time: 0.0260250 seconds
199.579: [Full GC199.579: [Tenured: 71040K->71039K(71040K), 0.0828980 secs] 102975K->80181K(102976K), [Perm : 8847K->8847K(21248K)], 0.0829460 secs] [Times: user=0.09 sys=0.00, real=0.09 secs] 
199.662: Total time for which application threads were stopped: 0.0830490 seconds, Stopping threads took: 0.0000140 seconds
199.689: Application time: 0.0267700 seconds
199.689: [Full GC199.689: [Tenured: 71040K->71039K(71040K), 0.0997610 secs] 102975K->77195K(102976K), [Perm : 8847K->8847K(21248K)], 0.0998060 secs] [Times: user=0.10 sys=0.00, real=0.10 secs] 
199.788: Total time for which application threads were stopped: 0.0998950 seconds, Stopping threads took: 0.0000140 seconds
199.816: Application time: 0.0271820 seconds
199.816: [Full GC199.816: [Tenured: 71039K->71039K(71040K), 0.0957640 secs] 102975K->76024K(102976K), [Perm : 8847K->8847K(21248K)], 0.0958070 secs] [Times: user=0.10 sys=0.00, real=0.10 secs] 
199.912: Total time for which application threads were stopped: 0.0958950 seconds, Stopping threads took: 0.0000130 seconds
199.941: Application time: 0.0299690 seconds
199.942: [Full GC199.942: [Tenured: 71040K->71040K(71040K), 0.0799770 secs] 102976K->78106K(102976K), [Perm : 8847K->8847K(21248K)], 0.0800320 secs] [Times: user=0.08 sys=0.00, real=0.08 secs] 
200.022: Total time for which application threads were stopped: 0.0801210 seconds, Stopping threads took: 0.0000140 seconds
200.048: Application time: 0.0265920 seconds
200.048: [Full GC200.048: [Tenured: 71040K->71040K(71040K), 0.0782440 secs] 102976K->78067K(102976K), [Perm : 8847K->8847K(21248K)], 0.0782900 secs] [Times: user=0.08 sys=0.00, real=0.07 secs] 
200.127: Total time for which application threads were stopped: 0.0783770 seconds, Stopping threads took: 0.0000140 seconds
200.153: Application time: 0.0267260 seconds
200.153: [Full GC200.153: [Tenured: 71040K->71040K(71040K), 0.0782520 secs] 102976K->78030K(102976K), [Perm : 8847K->8847K(21248K)], 0.0782940 secs] [Times: user=0.08 sys=0.00, real=0.08 secs] 
200.232: Total time for which application threads were stopped: 0.0783880 seconds, Stopping threads took: 0.0000140 seconds
200.257: Application time: 0.0253100 seconds
200.257: [Full GC200.257: [Tenured: 71040K->71039K(71040K), 0.0925520 secs] 102976K->75988K(102976K), [Perm : 8847K->8847K(21248K)], 0.0925980 secs] [Times: user=0.10 sys=0.00, real=0.10 secs] 
200.350: Total time for which application threads were stopped: 0.0926890 seconds, Stopping threads took: 0.0000140 seconds
200.377: Application time: 0.0269050 seconds
200.377: [Full GC200.377: [Tenured: 71040K->71040K(71040K), 0.0775620 secs] 102976K->75970K(102976K), [Perm : 8847K->8847K(21248K)], 0.0776080 secs] [Times: user=0.08 sys=0.00, real=0.08 secs] 
200.454: Total time for which application threads were stopped: 0.0776950 seconds, Stopping threads took: 0.0000140 seconds
200.479: Application time: 0.0246790 seconds
200.479: [Full GC200.479: [Tenured: 71040K->71040K(71040K), 0.0764670 secs] 102975K->76072K(102976K), [Perm : 8847K->8847K(21248K)], 0.0765110 secs] [Times: user=0.07 sys=0.00, real=0.07 secs] 
200.556: Total time for which application threads were stopped: 0.0765980 seconds, Stopping threads took: 0.0000150 seconds
200.579: Application time: 0.0237670 seconds
200.579: [Full GC200.579: [Tenured: 71040K->71040K(71040K), 0.0770700 secs] 102976K->76025K(102976K), [Perm : 8847K->8847K(21248K)], 0.0771120 secs] [Times: user=0.08 sys=0.00, real=0.07 secs] 
200.657: Total time for which application threads were stopped: 0.0771990 seconds, Stopping threads took: 0.0000150 seconds
200.682: Application time: 0.0253110 seconds
200.682: [Full GC200.682: [Tenured: 71040K->71039K(71040K), 0.0923960 secs] 102976K->75934K(102976K), [Perm : 8847K->8847K(21248K)], 0.0924450 secs] [Times: user=0.09 sys=0.00, real=0.09 secs] 
200.774: Total time for which application threads were stopped: 0.0925480 seconds, Stopping threads took: 0.0000150 seconds
200.800: Application time: 0.0252300 seconds
200.800: [Full GC200.800: [Tenured: 71039K->71039K(71040K), 0.0763770 secs] 102975K->75981K(102976K), [Perm : 8847K->8847K(21248K)], 0.0764180 secs] [Times: user=0.08 sys=0.00, real=0.07 secs] 
200.876: Total time for which application threads were stopped: 0.0765040 seconds, Stopping threads took: 0.0000140 seconds
200.902: Application time: 0.0255270 seconds
200.902: [Full GC200.902: [Tenured: 71039K->71039K(71040K), 0.0766920 secs] 102975K->75967K(102976K), [Perm : 8847K->8847K(21248K)], 0.0767370 secs] [Times: user=0.08 sys=0.00, real=0.07 secs] 
200.979: Total time for which application threads were stopped: 0.0768250 seconds, Stopping threads took: 0.0000150 seconds
201.003: Application time: 0.0247790 seconds
201.003: [Full GC201.003: [Tenured: 71039K->71039K(71040K), 0.0793360 secs] 102975K->76587K(102976K), [Perm : 8847K->8847K(21248K)], 0.0793810 secs] [Times: user=0.08 sys=0.00, real=0.08 secs] 
201.083: Total time for which application threads were stopped: 0.0794660 seconds, Stopping threads took: 0.0000140 seconds
201.106: Application time: 0.0235940 seconds
201.106: [Full GC201.106: [Tenured: 71039K->71040K(71040K), 0.0936270 secs] 102975K->73543K(102976K), [Perm : 8847K->8847K(21248K)], 0.0936820 secs] [Times: user=0.09 sys=0.00, real=0.10 secs] 
201.200: Total time for which application threads were stopped: 0.0937730 seconds, Stopping threads took: 0.0000140 seconds
201.227: Application time: 0.0272950 seconds
201.227: [Full GC201.228: [Tenured: 71040K->71040K(71040K), 0.0773360 secs] 102976K->74855K(102976K), [Perm : 8847K->8847K(21248K)], 0.0773810 secs] [Times: user=0.08 sys=0.00, real=0.07 secs] 
201.305: Total time for which application threads were stopped: 0.0774820 seconds, Stopping threads took: 0.0000130 seconds
201.332: Application time: 0.0268500 seconds
201.332: [Full GC201.332: [Tenured: 71040K->71040K(71040K), 0.0779250 secs] 102976K->75808K(102976K), [Perm : 8847K->8847K(21248K)], 0.0779700 secs] [Times: user=0.08 sys=0.00, real=0.08 secs] 
201.410: Total time for which application threads were stopped: 0.0780600 seconds, Stopping threads took: 0.0000140 seconds
201.433: Application time: 0.0227460 seconds
201.433: [Full GC201.433: [Tenured: 71040K->71040K(71040K), 0.0783540 secs] 102975K->76933K(102976K), [Perm : 8847K->8847K(21248K)], 0.0784090 secs] [Times: user=0.08 sys=0.00, real=0.08 secs] 
201.511: Total time for which application threads were stopped: 0.0784990 seconds, Stopping threads took: 0.0000130 seconds
201.536: Application time: 0.0251590 seconds
201.536: [Full GC201.536: [Tenured: 71040K->71039K(71040K), 0.0938780 secs] 102975K->73638K(102976K), [Perm : 8847K->8847K(21248K)], 0.0939250 secs] [Times: user=0.10 sys=0.00, real=0.10 secs] 
201.630: Total time for which application threads were stopped: 0.0940170 seconds, Stopping threads took: 0.0000140 seconds
201.656: Application time: 0.0260610 seconds
201.656: [Full GC201.656: [Tenured: 71039K->71039K(71040K), 0.0794980 secs] 102975K->76348K(102976K), [Perm : 8847K->8847K(21248K)], 0.0795430 secs] [Times: user=0.08 sys=0.00, real=0.08 secs] 
201.736: Total time for which application threads were stopped: 0.0796310 seconds, Stopping threads took: 0.0000140 seconds
201.761: Application time: 0.0250970 seconds
201.761: [Full GC201.761: [Tenured: 71039K->71039K(71040K), 0.0935180 secs] 102975K->78382K(102976K), [Perm : 8847K->8847K(21248K)], 0.0935630 secs] [Times: user=0.10 sys=0.00, real=0.09 secs] 
201.855: Total time for which application threads were stopped: 0.0936660 seconds, Stopping threads took: 0.0000140 seconds
201.880: Application time: 0.0257470 seconds
201.881: [Full GC201.881: [Tenured: 71040K->71039K(71040K), 0.0939140 secs] 102975K->75259K(102976K), [Perm : 8847K->8847K(21248K)], 0.0939630 secs] [Times: user=0.10 sys=0.00, real=0.09 secs] 
201.975: Total time for which application threads were stopped: 0.0940520 seconds, Stopping threads took: 0.0000140 seconds
202.001: Application time: 0.0264750 seconds
202.001: [Full GC202.001: [Tenured: 71039K->71039K(71040K), 0.0943490 secs] 102975K->75099K(102976K), [Perm : 8847K->8847K(21248K)], 0.0943930 secs] [Times: user=0.10 sys=0.00, real=0.09 secs] 
202.095: Total time for which application threads were stopped: 0.0944810 seconds, Stopping threads took: 0.0000130 seconds
202.122: Application time: 0.0260750 seconds
202.122: [Full GC202.122: [Tenured: 71039K->71039K(71040K), 0.0823660 secs] 102975K->79796K(102976K), [Perm : 8847K->8847K(21248K)], 0.0824110 secs] [Times: user=0.08 sys=0.00, real=0.08 secs] 
202.204: Total time for which application threads were stopped: 0.0824980 seconds, Stopping threads took: 0.0000130 seconds
202.228: Application time: 0.0241840 seconds
202.228: [Full GC202.228: [Tenured: 71039K->71039K(71040K), 0.0957940 secs] 102975K->80171K(102976K), [Perm : 8847K->8847K(21248K)], 0.0958390 secs] [Times: user=0.09 sys=0.00, real=0.09 secs] 
202.324: Total time for which application threads were stopped: 0.0959240 seconds, Stopping threads took: 0.0000130 seconds
202.350: Application time: 0.0259080 seconds
202.350: [Full GC202.350: [Tenured: 71039K->71039K(71040K), 0.0930880 secs] 102975K->72880K(102976K), [Perm : 8847K->8847K(21248K)], 0.0931310 secs] [Times: user=0.09 sys=0.00, real=0.09 secs] 
202.443: Total time for which application threads were stopped: 0.0932390 seconds, Stopping threads took: 0.0000130 seconds
202.472: Application time: 0.0289390 seconds
202.472: [Full GC202.472: [Tenured: 71039K->71040K(71040K), 0.0978840 secs] 102973K->73174K(102976K), [Perm : 8847K->8847K(21248K)], 0.0979280 secs] [Times: user=0.10 sys=0.00, real=0.10 secs] 
202.570: Total time for which application threads were stopped: 0.0980130 seconds, Stopping threads took: 0.0000120 seconds
202.603: Application time: 0.0328550 seconds
202.603: [Full GC202.603: [Tenured: 71040K->71039K(71040K), 0.0844940 secs] 102976K->80326K(102976K), [Perm : 8847K->8847K(21248K)], 0.0845390 secs] [Times: user=0.09 sys=0.00, real=0.09 secs] 
202.688: Total time for which application threads were stopped: 0.0846240 seconds, Stopping threads took: 0.0000130 seconds
202.716: Application time: 0.0283700 seconds
202.716: [Full GC202.716: [Tenured: 71039K->71040K(71040K), 0.0982950 secs] 102975K->76578K(102976K), [Perm : 8847K->8847K(21248K)], 0.0983410 secs] [Times: user=0.09 sys=0.00, real=0.10 secs] 
202.815: Total time for which application threads were stopped: 0.0984320 seconds, Stopping threads took: 0.0000140 seconds
202.844: Application time: 0.0293510 seconds
202.844: [Full GC202.844: [Tenured: 71040K->71040K(71040K), 0.0801090 secs] 102975K->78147K(102976K), [Perm : 8847K->8847K(21248K)], 0.0801540 secs] [Times: user=0.08 sys=0.00, real=0.08 secs] 
202.924: Total time for which application threads were stopped: 0.0802440 seconds, Stopping threads took: 0.0000130 seconds
202.952: Application time: 0.0277630 seconds
202.952: [Full GC202.952: [Tenured: 71040K->71040K(71040K), 0.0964610 secs] 102975K->76391K(102976K), [Perm : 8847K->8847K(21248K)], 0.0965070 secs] [Times: user=0.10 sys=0.00, real=0.10 secs] 
203.049: Total time for which application threads were stopped: 0.0966070 seconds, Stopping threads took: 0.0000140 seconds
203.077: Application time: 0.0289600 seconds
203.078: [Full GC203.078: [Tenured: 71040K->71040K(71040K), 0.0987500 secs] 102975K->75329K(102976K), [Perm : 8847K->8847K(21248K)], 0.0987970 secs] [Times: user=0.10 sys=0.00, real=0.10 secs] 
203.176: Total time for which application threads were stopped: 0.0988900 seconds, Stopping threads took: 0.0000130 seconds
203.204: Application time: 0.0280750 seconds
203.205: [Full GC203.205: [Tenured: 71040K->71040K(71040K), 0.0823840 secs] 102975K->80439K(102976K), [Perm : 8847K->8847K(21248K)], 0.0824310 secs] [Times: user=0.08 sys=0.00, real=0.08 secs] 
203.287: Total time for which application threads were stopped: 0.0825200 seconds, Stopping threads took: 0.0000130 seconds
203.314: Application time: 0.0267990 seconds
203.314: [Full GC203.314: [Tenured: 71040K->71040K(71040K), 0.0827940 secs] 102975K->78627K(102976K), [Perm : 8847K->8847K(21248K)], 0.0828410 secs] [Times: user=0.08 sys=0.00, real=0.08 secs] 
203.397: Total time for which application threads were stopped: 0.0829310 seconds, Stopping threads took: 0.0000140 seconds
203.424: Application time: 0.0271010 seconds
203.424: [Full GC203.424: [Tenured: 71040K->71039K(71040K), 0.0965150 secs] 102975K->75860K(102976K), [Perm : 8847K->8847K(21248K)], 0.0965620 secs] [Times: user=0.10 sys=0.00, real=0.10 secs] 
203.520: Total time for which application threads were stopped: 0.0966500 seconds, Stopping threads took: 0.0000140 seconds
203.548: Application time: 0.0279260 seconds
203.548: [Full GC203.548: [Tenured: 71039K->71039K(71040K), 0.0784720 secs] 102975K->75966K(102976K), [Perm : 8847K->8847K(21248K)], 0.0785160 secs] [Times: user=0.08 sys=0.00, real=0.07 secs] 
203.627: Total time for which application threads were stopped: 0.0786170 seconds, Stopping threads took: 0.0000140 seconds
203.655: Application time: 0.0280280 seconds
203.655: [Full GC203.655: [Tenured: 71039K->71039K(71040K), 0.0780030 secs] 102975K->75817K(102976K), [Perm : 8847K->8847K(21248K)], 0.0780450 secs] [Times: user=0.08 sys=0.00, real=0.08 secs] 
203.733: Total time for which application threads were stopped: 0.0781320 seconds, Stopping threads took: 0.0000150 seconds
203.760: Application time: 0.0267570 seconds
203.760: [Full GC203.760: [Tenured: 71039K->71039K(71040K), 0.0784330 secs] 102975K->75895K(102976K), [Perm : 8847K->8847K(21248K)], 0.0784870 secs] [Times: user=0.08 sys=0.00, real=0.07 secs] 
203.838: Total time for which application threads were stopped: 0.0785730 seconds, Stopping threads took: 0.0000150 seconds
203.865: Application time: 0.0267560 seconds
203.865: [Full GC203.865: [Tenured: 71039K->71039K(71040K), 0.0938160 secs] 102975K->75975K(102976K), [Perm : 8847K->8847K(21248K)], 0.0938610 secs] [Times: user=0.09 sys=0.00, real=0.10 secs] 
203.959: Total time for which application threads were stopped: 0.0939510 seconds, Stopping threads took: 0.0000140 seconds
203.985: Application time: 0.0256350 seconds
203.985: [Full GC203.985: [Tenured: 71039K->71039K(71040K), 0.0779410 secs] 102975K->75982K(102976K), [Perm : 8847K->8847K(21248K)], 0.0779850 secs] [Times: user=0.08 sys=0.00, real=0.08 secs] 
204.063: Total time for which application threads were stopped: 0.0780740 seconds, Stopping threads took: 0.0000140 seconds
204.089: Application time: 0.0255960 seconds
204.089: [Full GC204.089: [Tenured: 71039K->71039K(71040K), 0.0798480 secs] 102975K->76012K(102976K), [Perm : 8847K->8847K(21248K)], 0.0798910 secs] [Times: user=0.08 sys=0.00, real=0.08 secs] 
204.168: Total time for which application threads were stopped: 0.0799870 seconds, Stopping threads took: 0.0000140 seconds
204.194: Application time: 0.0252310 seconds
204.194: [Full GC204.194: [Tenured: 71039K->71039K(71040K), 0.0780380 secs] 102975K->76016K(102976K), [Perm : 8847K->8847K(21248K)], 0.0780810 secs] [Times: user=0.08 sys=0.00, real=0.08 secs] 
204.272: Total time for which application threads were stopped: 0.0781670 seconds, Stopping threads took: 0.0000140 seconds
204.297: Application time: 0.0246990 seconds
204.297: [Full GC204.297: [Tenured: 71039K->71039K(71040K), 0.0952350 secs] 102975K->78147K(102976K), [Perm : 8847K->8847K(21248K)], 0.0952810 secs] [Times: user=0.10 sys=0.00, real=0.10 secs] 
204.392: Total time for which application threads were stopped: 0.0953710 seconds, Stopping threads took: 0.0000130 seconds
204.416: Application time: 0.0244080 seconds
204.416: [Full GC204.416: [Tenured: 71039K->71039K(71040K), 0.0924330 secs] 102975K->77224K(102976K), [Perm : 8847K->8847K(21248K)], 0.0924790 secs] [Times: user=0.10 sys=0.00, real=0.10 secs] 
204.509: Total time for which application threads were stopped: 0.0925700 seconds, Stopping threads took: 0.0000140 seconds
204.534: Application time: 0.0252300 seconds
204.534: [Full GC204.534: [Tenured: 71040K->71040K(71040K), 0.0779190 secs] 102976K->78386K(102976K), [Perm : 8847K->8847K(21248K)], 0.0779730 secs] [Times: user=0.08 sys=0.00, real=0.08 secs] 
204.612: Total time for which application threads were stopped: 0.0780730 seconds, Stopping threads took: 0.0000140 seconds
204.637: Application time: 0.0250600 seconds
204.637: [Full GC204.637: [Tenured: 71040K->71040K(71040K), 0.0789700 secs] 102975K->79115K(102976K), [Perm : 8847K->8847K(21248K)], 0.0790160 secs] [Times: user=0.08 sys=0.00, real=0.08 secs] 
204.716: Total time for which application threads were stopped: 0.0791220 seconds, Stopping threads took: 0.0000150 seconds
204.742: Application time: 0.0257290 seconds
204.742: [Full GC204.742: [Tenured: 71040K->71039K(71040K), 0.0948040 secs] 102975K->75923K(102976K), [Perm : 8847K->8847K(21248K)], 0.0948510 secs] [Times: user=0.10 sys=0.00, real=0.09 secs] 
204.837: Total time for which application threads were stopped: 0.0949410 seconds, Stopping threads took: 0.0000130 seconds
204.864: Application time: 0.0272020 seconds
204.864: [Full GC204.864: [Tenured: 71039K->71039K(71040K), 0.0792870 secs] 102975K->75975K(102976K), [Perm : 8847K->8847K(21248K)], 0.0793330 secs] [Times: user=0.08 sys=0.00, real=0.08 secs] 
204.944: Total time for which application threads were stopped: 0.0794220 seconds, Stopping threads took: 0.0000140 seconds
204.968: Application time: 0.0240340 seconds
204.968: [Full GC204.968: [Tenured: 71039K->71039K(71040K), 0.0811840 secs] 102975K->79249K(102976K), [Perm : 8847K->8847K(21248K)], 0.0812390 secs] [Times: user=0.08 sys=0.00, real=0.08 secs] 
205.049: Total time for which application threads were stopped: 0.0813270 seconds, Stopping threads took: 0.0000140 seconds
205.075: Application time: 0.0259990 seconds
205.075: [Full GC205.075: [Tenured: 71039K->71039K(71040K), 0.0968020 secs] 102975K->77276K(102976K), [Perm : 8847K->8847K(21248K)], 0.0968480 secs] [Times: user=0.10 sys=0.00, real=0.10 secs] 
205.172: Total time for which application threads were stopped: 0.0969360 seconds, Stopping threads took: 0.0000140 seconds
205.197: Application time: 0.0252570 seconds
205.197: [Full GC205.197: [Tenured: 71039K->71039K(71040K), 0.0997770 secs] 102975K->80702K(102976K), [Perm : 8847K->8847K(21248K)], 0.0998230 secs] [Times: user=0.10 sys=0.00, real=0.10 secs] 
205.297: Total time for which application threads were stopped: 0.0999240 seconds, Stopping threads took: 0.0000130 seconds
205.322: Application time: 0.0244220 seconds
205.322: [Full GC205.322: [Tenured: 71039K->71040K(71040K), 0.0957890 secs] 102975K->74548K(102976K), [Perm : 8847K->8847K(21248K)], 0.0958340 secs] [Times: user=0.10 sys=0.00, real=0.09 secs] 
205.418: Total time for which application threads were stopped: 0.0959220 seconds, Stopping threads took: 0.0000130 seconds
205.445: Application time: 0.0279170 seconds
205.446: [Full GC205.446: [Tenured: 71040K->71039K(71040K), 0.0934530 secs] 102975K->78679K(102976K), [Perm : 8847K->8847K(21248K)], 0.0934990 secs] [Times: user=0.09 sys=0.00, real=0.10 secs] 
205.539: Total time for which application threads were stopped: 0.0935860 seconds, Stopping threads took: 0.0000140 seconds
205.563: Application time: 0.0243810 seconds
205.564: [Full GC205.564: [Tenured: 71039K->71039K(71040K), 0.0833340 secs] 102975K->80069K(102976K), [Perm : 8847K->8847K(21248K)], 0.0833810 secs] [Times: user=0.08 sys=0.00, real=0.08 secs] 
205.647: Total time for which application threads were stopped: 0.0834710 seconds, Stopping threads took: 0.0000150 seconds
205.673: Application time: 0.0263200 seconds
205.673: [Full GC205.673: [Tenured: 71039K->71039K(71040K), 0.0974140 secs] 102975K->76503K(102976K), [Perm : 8847K->8847K(21248K)], 0.0974590 secs] [Times: user=0.10 sys=0.00, real=0.10 secs] 
205.771: Total time for which application threads were stopped: 0.0975470 seconds, Stopping threads took: 0.0000130 seconds
205.797: Application time: 0.0265420 seconds
205.797: [Full GC205.797: [Tenured: 71039K->71039K(71040K), 0.0951210 secs] 102975K->81101K(102976K), [Perm : 8847K->8847K(21248K)], 0.0951660 secs] [Times: user=0.09 sys=0.00, real=0.10 secs] 
205.893: Total time for which application threads were stopped: 0.0952710 seconds, Stopping threads took: 0.0000140 seconds
205.914: Application time: 0.0209340 seconds
205.914: [Full GC205.914: [Tenured: 71040K->71040K(71040K), 0.0943360 secs] 102975K->72699K(102976K), [Perm : 8847K->8847K(21248K)], 0.0943840 secs] [Times: user=0.10 sys=0.00, real=0.10 secs] 
206.008: Total time for which application threads were stopped: 0.0944700 seconds, Stopping threads took: 0.0000140 seconds
206.039: Application time: 0.0306830 seconds
206.039: [Full GC206.039: [Tenured: 71040K->71039K(71040K), 0.1002760 secs] 102976K->77121K(102976K), [Perm : 8847K->8847K(21248K)], 0.1003220 secs] [Times: user=0.10 sys=0.00, real=0.11 secs] 
206.139: Total time for which application threads were stopped: 0.1004110 seconds, Stopping threads took: 0.0000130 seconds
206.170: Application time: 0.0306500 seconds
206.170: [Full GC206.170: [Tenured: 71039K->71039K(71040K), 0.0989490 secs] 102975K->75043K(102976K), [Perm : 8847K->8847K(21248K)], 0.0989910 secs] [Times: user=0.10 sys=0.00, real=0.10 secs] 
206.269: Total time for which application threads were stopped: 0.0990760 seconds, Stopping threads took: 0.0000120 seconds
206.299: Application time: 0.0302370 seconds
206.299: [Full GC206.299: [Tenured: 71040K->71040K(71040K), 0.0817450 secs] 102976K->79276K(102976K), [Perm : 8847K->8847K(21248K)], 0.0817910 secs] [Times: user=0.08 sys=0.00, real=0.08 secs] 
206.381: Total time for which application threads were stopped: 0.0819010 seconds, Stopping threads took: 0.0000140 seconds
206.409: Application time: 0.0283350 seconds
206.409: [Full GC206.409: [Tenured: 71040K->71039K(71040K), 0.0817850 secs] 102975K->79525K(102976K), [Perm : 8847K->8847K(21248K)], 0.0818310 secs] [Times: user=0.08 sys=0.00, real=0.08 secs] 
206.491: Total time for which application threads were stopped: 0.0819170 seconds, Stopping threads took: 0.0000130 seconds
206.519: Application time: 0.0274470 seconds
206.519: [Full GC206.519: [Tenured: 71039K->71039K(71040K), 0.0949510 secs] 102975K->80474K(102976K), [Perm : 8847K->8847K(21248K)], 0.0950000 secs] [Times: user=0.09 sys=0.00, real=0.10 secs] 
206.614: Total time for which application threads were stopped: 0.0950900 seconds, Stopping threads took: 0.0000140 seconds
206.640: Application time: 0.0264900 seconds
206.640: [Full GC206.640: [Tenured: 71039K->71039K(71040K), 0.0988790 secs] 102975K->75055K(102976K), [Perm : 8847K->8847K(21248K)], 0.0989240 secs] [Times: user=0.10 sys=0.00, real=0.10 secs] 
206.739: Total time for which application threads were stopped: 0.0990140 seconds, Stopping threads took: 0.0000140 seconds
206.768: Application time: 0.0289380 seconds
206.768: [Full GC206.768: [Tenured: 71039K->71039K(71040K), 0.0813270 secs] 102975K->79213K(102976K), [Perm : 8847K->8847K(21248K)], 0.0813730 secs] [Times: user=0.08 sys=0.00, real=0.08 secs] 
206.850: Total time for which application threads were stopped: 0.0814600 seconds, Stopping threads took: 0.0000130 seconds
206.877: Application time: 0.0277220 seconds
206.877: [Full GC206.878: [Tenured: 71039K->71039K(71040K), 0.0820160 secs] 102975K->78027K(102976K), [Perm : 8847K->8847K(21248K)], 0.0820640 secs] [Times: user=0.08 sys=0.00, real=0.09 secs] 
206.960: Total time for which application threads were stopped: 0.0821660 seconds, Stopping threads took: 0.0000150 seconds
206.986: Application time: 0.0264180 seconds
206.986: [Full GC206.986: [Tenured: 71040K->71040K(71040K), 0.0816560 secs] 102975K->79546K(102976K), [Perm : 8847K->8847K(21248K)], 0.0817030 secs] [Times: user=0.09 sys=0.00, real=0.09 secs] 
207.068: Total time for which application threads were stopped: 0.0818020 seconds, Stopping threads took: 0.0000240 seconds
207.095: Application time: 0.0267590 seconds
207.095: [Full GC207.095: [Tenured: 71040K->71039K(71040K), 0.0938840 secs] 102976K->75844K(102976K), [Perm : 8847K->8847K(21248K)], 0.0939300 secs] [Times: user=0.09 sys=0.00, real=0.10 secs] 
207.189: Total time for which application threads were stopped: 0.0940200 seconds, Stopping threads took: 0.0000140 seconds
207.217: Application time: 0.0281560 seconds
207.217: [Full GC207.217: [Tenured: 71039K->71039K(71040K), 0.0788060 secs] 102975K->75913K(102976K), [Perm : 8847K->8847K(21248K)], 0.0788510 secs] [Times: user=0.08 sys=0.00, real=0.08 secs] 
207.296: Total time for which application threads were stopped: 0.0789370 seconds, Stopping threads took: 0.0000140 seconds
207.324: Application time: 0.0278790 seconds
207.324: [Full GC207.324: [Tenured: 71039K->71039K(71040K), 0.0798810 secs] 102975K->75942K(102976K), [Perm : 8847K->8847K(21248K)], 0.0799260 secs] [Times: user=0.08 sys=0.00, real=0.08 secs] 
207.404: Total time for which application threads were stopped: 0.0800140 seconds, Stopping threads took: 0.0000140 seconds
207.429: Application time: 0.0249210 seconds
207.429: [Full GC207.429: [Tenured: 71039K->71039K(71040K), 0.0772120 secs] 102975K->75999K(102976K), [Perm : 8847K->8847K(21248K)], 0.0772570 secs] [Times: user=0.08 sys=0.00, real=0.07 secs] 
207.506: Total time for which application threads were stopped: 0.0773570 seconds, Stopping threads took: 0.0000140 seconds
207.532: Application time: 0.0260710 seconds
207.532: [Full GC207.532: [Tenured: 71039K->71039K(71040K), 0.0913610 secs] 102975K->75928K(102976K), [Perm : 8847K->8847K(21248K)], 0.0914080 secs] [Times: user=0.09 sys=0.00, real=0.09 secs] 
207.623: Total time for which application threads were stopped: 0.0915090 seconds, Stopping threads took: 0.0000140 seconds
207.650: Application time: 0.0263960 seconds
207.650: [Full GC207.650: [Tenured: 71040K->71040K(71040K), 0.0785960 secs] 102975K->75951K(102976K), [Perm : 8847K->8847K(21248K)], 0.0786400 secs] [Times: user=0.07 sys=0.01, real=0.08 secs] 
207.729: Total time for which application threads were stopped: 0.0787250 seconds, Stopping threads took: 0.0000140 seconds
207.753: Application time: 0.0248820 seconds
207.754: [Full GC207.754: [Tenured: 71040K->71040K(71040K), 0.0791160 secs] 102975K->78901K(102976K), [Perm : 8847K->8847K(21248K)], 0.0791610 secs] [Times: user=0.08 sys=0.00, real=0.08 secs] 
207.833: Total time for which application threads were stopped: 0.0792500 seconds, Stopping threads took: 0.0000140 seconds
207.856: Application time: 0.0236510 seconds
207.856: [Full GC207.856: [Tenured: 71040K->71040K(71040K), 0.0925330 secs] 102975K->77528K(102976K), [Perm : 8847K->8847K(21248K)], 0.0925800 secs] [Times: user=0.10 sys=0.00, real=0.10 secs] 
207.949: Total time for which application threads were stopped: 0.0926700 seconds, Stopping threads took: 0.0000140 seconds
207.974: Application time: 0.0249560 seconds
207.974: [Full GC207.974: [Tenured: 71040K->71040K(71040K), 0.0953370 secs] 102976K->75299K(102976K), [Perm : 8847K->8847K(21248K)], 0.0953830 secs] [Times: user=0.09 sys=0.00, real=0.10 secs] 
208.069: Total time for which application threads were stopped: 0.0954850 seconds, Stopping threads took: 0.0000140 seconds
208.095: Application time: 0.0256230 seconds
208.095: [Full GC208.095: [Tenured: 71040K->71040K(71040K), 0.0797540 secs] 102975K->75883K(102976K), [Perm : 8847K->8847K(21248K)], 0.0797990 secs] [Times: user=0.08 sys=0.00, real=0.08 secs] 
208.175: Total time for which application threads were stopped: 0.0798890 seconds, Stopping threads took: 0.0000140 seconds
208.200: Application time: 0.0252990 seconds
208.200: [Full GC208.200: [Tenured: 71040K->71040K(71040K), 0.0786870 secs] 102976K->75990K(102976K), [Perm : 8847K->8847K(21248K)], 0.0787350 secs] [Times: user=0.08 sys=0.00, real=0.08 secs] 
208.279: Total time for which application threads were stopped: 0.0788240 seconds, Stopping threads took: 0.0000140 seconds
208.306: Application time: 0.0267980 seconds
208.306: [Full GC208.306: [Tenured: 71040K->71040K(71040K), 0.0768670 secs] 102976K->76018K(102976K), [Perm : 8847K->8847K(21248K)], 0.0769100 secs] [Times: user=0.08 sys=0.00, real=0.08 secs] 
208.383: Total time for which application threads were stopped: 0.0769990 seconds, Stopping threads took: 0.0000150 seconds
208.409: Application time: 0.0262800 seconds
208.409: [Full GC208.409: [Tenured: 71040K->71039K(71040K), 0.0929060 secs] 102975K->75888K(102976K), [Perm : 8847K->8847K(21248K)], 0.0929530 secs] [Times: user=0.10 sys=0.00, real=0.09 secs] 
208.502: Total time for which application threads were stopped: 0.0930430 seconds, Stopping threads took: 0.0000150 seconds
208.528: Application time: 0.0258260 seconds
208.528: [Full GC208.528: [Tenured: 71039K->71039K(71040K), 0.0796380 secs] 102975K->78025K(102976K), [Perm : 8847K->8847K(21248K)], 0.0796810 secs] [Times: user=0.08 sys=0.00, real=0.08 secs] 
208.608: Total time for which application threads were stopped: 0.0797800 seconds, Stopping threads took: 0.0000140 seconds
208.633: Application time: 0.0253200 seconds
208.633: [Full GC208.633: [Tenured: 71039K->71039K(71040K), 0.0938410 secs] 102975K->79510K(102976K), [Perm : 8847K->8847K(21248K)], 0.0938840 secs] [Times: user=0.10 sys=0.00, real=0.10 secs] 
208.727: Total time for which application threads were stopped: 0.0939730 seconds, Stopping threads took: 0.0000150 seconds
208.752: Application time: 0.0248270 seconds
208.752: [Full GC208.752: [Tenured: 71039K->71039K(71040K), 0.0947640 secs] 102975K->78591K(102976K), [Perm : 8847K->8847K(21248K)], 0.0948100 secs] [Times: user=0.10 sys=0.00, real=0.09 secs] 
208.847: Total time for which application threads were stopped: 0.0949020 seconds, Stopping threads took: 0.0000140 seconds
208.873: Application time: 0.0262670 seconds
208.873: [Full GC208.873: [Tenured: 71039K->71039K(71040K), 0.0948250 secs] 102975K->72838K(102976K), [Perm : 8847K->8847K(21248K)], 0.0948790 secs] [Times: user=0.09 sys=0.00, real=0.10 secs] 
208.968: Total time for which application threads were stopped: 0.0949640 seconds, Stopping threads took: 0.0000140 seconds
208.995: Application time: 0.0269400 seconds
208.995: [Full GC208.995: [Tenured: 71039K->71039K(71040K), 0.0828580 secs] 102975K->77758K(102976K), [Perm : 8847K->8847K(21248K)], 0.0829070 secs] [Times: user=0.08 sys=0.00, real=0.08 secs] 
209.078: Total time for which application threads were stopped: 0.0829960 seconds, Stopping threads took: 0.0000150 seconds
209.103: Application time: 0.0248700 seconds
209.103: [Full GC209.103: [Tenured: 71039K->71039K(71040K), 0.0814510 secs] 102975K->78535K(102976K), [Perm : 8847K->8847K(21248K)], 0.0814980 secs] [Times: user=0.08 sys=0.00, real=0.08 secs] 
209.185: Total time for which application threads were stopped: 0.0815970 seconds, Stopping threads took: 0.0000140 seconds
209.210: Application time: 0.0251000 seconds
209.210: [Full GC209.210: [Tenured: 71039K->71039K(71040K), 0.0832100 secs] 102975K->84005K(102976K), [Perm : 8847K->8847K(21248K)], 0.0832550 secs] [Times: user=0.09 sys=0.00, real=0.08 secs] 
209.293: Total time for which application threads were stopped: 0.0833430 seconds, Stopping threads took: 0.0000140 seconds
209.316: Application time: 0.0228080 seconds
209.316: [Full GC209.316: [Tenured: 71039K->71039K(71040K), 0.0952060 secs] 102975K->73731K(102976K), [Perm : 8847K->8847K(21248K)], 0.0952500 secs] [Times: user=0.10 sys=0.00, real=0.10 secs] 
209.411: Total time for which application threads were stopped: 0.0953350 seconds, Stopping threads took: 0.0000130 seconds
209.441: Application time: 0.0297920 seconds
209.441: [Full GC209.441: [Tenured: 71039K->71039K(71040K), 0.1011360 secs] 102975K->74829K(102976K), [Perm : 8847K->8847K(21248K)], 0.1011840 secs] [Times: user=0.10 sys=0.00, real=0.10 secs] 
209.542: Total time for which application threads were stopped: 0.1012730 seconds, Stopping threads took: 0.0000140 seconds
209.572: Application time: 0.0294630 seconds
209.572: [Full GC209.572: [Tenured: 71039K->71039K(71040K), 0.0973700 secs] 102975K->77454K(102976K), [Perm : 8847K->8847K(21248K)], 0.0974210 secs] [Times: user=0.10 sys=0.00, real=0.10 secs] 
209.669: Total time for which application threads were stopped: 0.0975180 seconds, Stopping threads took: 0.0000130 seconds
209.698: Application time: 0.0284100 seconds
209.698: [Full GC209.698: [Tenured: 71039K->71039K(71040K), 0.0976810 secs] 102975K->75585K(102976K), [Perm : 8847K->8847K(21248K)], 0.0977250 secs] [Times: user=0.09 sys=0.00, real=0.10 secs] 
209.795: Total time for which application threads were stopped: 0.0978220 seconds, Stopping threads took: 0.0000130 seconds
209.824: Application time: 0.0286560 seconds
209.824: [Full GC209.824: [Tenured: 71039K->71039K(71040K), 0.0958930 secs] 102975K->74988K(102976K), [Perm : 8847K->8847K(21248K)], 0.0959360 secs] [Times: user=0.10 sys=0.00, real=0.10 secs] 
209.920: Total time for which application threads were stopped: 0.0960230 seconds, Stopping threads took: 0.0000140 seconds
209.948: Application time: 0.0282950 seconds
209.948: [Full GC209.948: [Tenured: 71039K->71039K(71040K), 0.0799910 secs] 102975K->76588K(102976K), [Perm : 8847K->8847K(21248K)], 0.0800360 secs] [Times: user=0.08 sys=0.00, real=0.08 secs] 
210.028: Total time for which application threads were stopped: 0.0801250 seconds, Stopping threads took: 0.0000140 seconds
210.057: Application time: 0.0283660 seconds
210.057: [Full GC210.057: [Tenured: 71039K->71039K(71040K), 0.0986740 secs] 102975K->77183K(102976K), [Perm : 8847K->8847K(21248K)], 0.0987240 secs] [Times: user=0.10 sys=0.00, real=0.10 secs] 
210.156: Total time for which application threads were stopped: 0.0988150 seconds, Stopping threads took: 0.0000130 seconds
210.184: Application time: 0.0281970 seconds
210.184: [Full GC210.184: [Tenured: 71040K->71040K(71040K), 0.0828760 secs] 102976K->79395K(102976K), [Perm : 8847K->8847K(21248K)], 0.0829230 secs] [Times: user=0.09 sys=0.00, real=0.08 secs] 
210.267: Total time for which application threads were stopped: 0.0830100 seconds, Stopping threads took: 0.0000130 seconds
210.296: Application time: 0.0290820 seconds
210.296: [Full GC210.296: [Tenured: 71040K->71039K(71040K), 0.0979870 secs] 102976K->75776K(102976K), [Perm : 8847K->8847K(21248K)], 0.0980350 secs] [Times: user=0.10 sys=0.00, real=0.10 secs] 
210.394: Total time for which application threads were stopped: 0.0981360 seconds, Stopping threads took: 0.0000140 seconds
210.423: Application time: 0.0286720 seconds
210.423: [Full GC210.423: [Tenured: 71039K->71039K(71040K), 0.0785340 secs] 102975K->75891K(102976K), [Perm : 8847K->8847K(21248K)], 0.0785830 secs] [Times: user=0.08 sys=0.00, real=0.08 secs] 
210.501: Total time for which application threads were stopped: 0.0786730 seconds, Stopping threads took: 0.0000140 seconds
210.529: Application time: 0.0274220 seconds
210.529: [Full GC210.529: [Tenured: 71039K->71039K(71040K), 0.0784060 secs] 102975K->75863K(102976K), [Perm : 8847K->8847K(21248K)], 0.0784500 secs] [Times: user=0.08 sys=0.00, real=0.08 secs] 
210.607: Total time for which application threads were stopped: 0.0785380 seconds, Stopping threads took: 0.0000140 seconds
210.635: Application time: 0.0280300 seconds
210.636: [Full GC210.636: [Tenured: 71039K->71039K(71040K), 0.0800490 secs] 102975K->76041K(102976K), [Perm : 8847K->8847K(21248K)], 0.0800930 secs] [Times: user=0.08 sys=0.00, real=0.08 secs] 
210.716: Total time for which application threads were stopped: 0.0801800 seconds, Stopping threads took: 0.0000140 seconds
210.743: Application time: 0.0278600 seconds
210.744: [Full GC210.744: [Tenured: 71039K->71040K(71040K), 0.0926190 secs] 102975K->75918K(102976K), [Perm : 8847K->8847K(21248K)], 0.0926660 secs] [Times: user=0.09 sys=0.00, real=0.09 secs] 
210.836: Total time for which application threads were stopped: 0.0927580 seconds, Stopping threads took: 0.0000150 seconds
210.862: Application time: 0.0262050 seconds
210.863: [Full GC210.863: [Tenured: 71040K->71040K(71040K), 0.0763740 secs] 102975K->75936K(102976K), [Perm : 8847K->8847K(21248K)], 0.0764180 secs] [Times: user=0.08 sys=0.00, real=0.07 secs] 
210.939: Total time for which application threads were stopped: 0.0765220 seconds, Stopping threads took: 0.0000170 seconds
210.965: Application time: 0.0257930 seconds
210.965: [Full GC210.965: [Tenured: 71040K->71040K(71040K), 0.0765350 secs] 102975K->76010K(102976K), [Perm : 8847K->8847K(21248K)], 0.0765790 secs] [Times: user=0.08 sys=0.00, real=0.08 secs] 
211.041: Total time for which application threads were stopped: 0.0766650 seconds, Stopping threads took: 0.0000140 seconds
211.067: Application time: 0.0252650 seconds
211.067: [Full GC211.067: [Tenured: 71040K->71040K(71040K), 0.0774060 secs] 102975K->76695K(102976K), [Perm : 8847K->8847K(21248K)], 0.0774480 secs] [Times: user=0.07 sys=0.00, real=0.08 secs] 
211.144: Total time for which application threads were stopped: 0.0775340 seconds, Stopping threads took: 0.0000130 seconds
211.168: Application time: 0.0234010 seconds
211.168: [Full GC211.168: [Tenured: 71040K->71039K(71040K), 0.0935700 secs] 102976K->73579K(102976K), [Perm : 8847K->8847K(21248K)], 0.0936140 secs] [Times: user=0.10 sys=0.00, real=0.09 secs] 
211.261: Total time for which application threads were stopped: 0.0937020 seconds, Stopping threads took: 0.0000130 seconds
211.288: Application time: 0.0265720 seconds
211.288: [Full GC211.288: [Tenured: 71039K->71039K(71040K), 0.0781540 secs] 102975K->74936K(102976K), [Perm : 8847K->8847K(21248K)], 0.0781970 secs] [Times: user=0.08 sys=0.00, real=0.07 secs] 
211.366: Total time for which application threads were stopped: 0.0782870 seconds, Stopping threads took: 0.0000140 seconds
211.392: Application time: 0.0256250 seconds
211.392: [Full GC211.392: [Tenured: 71039K->71039K(71040K), 0.0788100 secs] 102975K->75829K(102976K), [Perm : 8847K->8847K(21248K)], 0.0788580 secs] [Times: user=0.08 sys=0.00, real=0.08 secs] 
211.471: Total time for which application threads were stopped: 0.0789690 seconds, Stopping threads took: 0.0000140 seconds
211.497: Application time: 0.0257220 seconds
211.497: [Full GC211.497: [Tenured: 71039K->71039K(71040K), 0.0785730 secs] 102975K->76145K(102976K), [Perm : 8847K->8847K(21248K)], 0.0786180 secs] [Times: user=0.08 sys=0.00, real=0.08 secs] 
211.575: Total time for which application threads were stopped: 0.0787080 seconds, Stopping threads took: 0.0000140 seconds
211.602: Application time: 0.0269980 seconds
211.602: [Full GC211.602: [Tenured: 71039K->71039K(71040K), 0.0933330 secs] 102975K->75939K(102976K), [Perm : 8847K->8847K(21248K)], 0.0933810 secs] [Times: user=0.09 sys=0.00, real=0.09 secs] 
211.696: Total time for which application threads were stopped: 0.0934730 seconds, Stopping threads took: 0.0000150 seconds
211.722: Application time: 0.0259550 seconds
211.722: [Full GC211.722: [Tenured: 71039K->71039K(71040K), 0.0786290 secs] 102975K->76477K(102976K), [Perm : 8847K->8847K(21248K)], 0.0786730 secs] [Times: user=0.08 sys=0.00, real=0.08 secs] 
211.800: Total time for which application threads were stopped: 0.0787580 seconds, Stopping threads took: 0.0000130 seconds
211.827: Application time: 0.0264090 seconds
211.827: [Full GC211.827: [Tenured: 71039K->71039K(71040K), 0.0795140 secs] 102975K->76797K(102976K), [Perm : 8847K->8847K(21248K)], 0.0795590 secs] [Times: user=0.08 sys=0.00, real=0.08 secs] 
211.906: Total time for which application threads were stopped: 0.0796570 seconds, Stopping threads took: 0.0000240 seconds
211.932: Application time: 0.0255940 seconds
211.932: [Full GC211.932: [Tenured: 71039K->71039K(71040K), 0.0785610 secs] 102975K->77562K(102976K), [Perm : 8847K->8847K(21248K)], 0.0786060 secs] [Times: user=0.08 sys=0.00, real=0.08 secs] 
212.011: Total time for which application threads were stopped: 0.0787060 seconds, Stopping threads took: 0.0000130 seconds
212.036: Application time: 0.0248090 seconds
212.036: [Full GC212.036: [Tenured: 71039K->71039K(71040K), 0.0953460 secs] 102975K->75230K(102976K), [Perm : 8847K->8847K(21248K)], 0.0953920 secs] [Times: user=0.10 sys=0.00, real=0.10 secs] 
212.131: Total time for which application threads were stopped: 0.0954830 seconds, Stopping threads took: 0.0000150 seconds
212.157: Application time: 0.0263880 seconds
212.158: [Full GC212.158: [Tenured: 71039K->71040K(71040K), 0.0947470 secs] 102975K->78272K(102976K), [Perm : 8847K->8847K(21248K)], 0.0947890 secs] [Times: user=0.10 sys=0.00, real=0.10 secs] 
212.252: Total time for which application threads were stopped: 0.0948800 seconds, Stopping threads took: 0.0000130 seconds
212.279: Application time: 0.0266130 seconds
212.279: [Full GC212.279: [Tenured: 71040K->71039K(71040K), 0.0937990 secs] 102976K->75314K(102976K), [Perm : 8847K->8847K(21248K)], 0.0938460 secs] [Times: user=0.09 sys=0.00, real=0.09 secs] 
212.373: Total time for which application threads were stopped: 0.0939400 seconds, Stopping threads took: 0.0000140 seconds
212.401: Application time: 0.0278440 seconds
212.401: [Full GC212.401: [Tenured: 71039K->71039K(71040K), 0.0830750 secs] 102975K->78226K(102976K), [Perm : 8847K->8847K(21248K)], 0.0831240 secs] [Times: user=0.08 sys=0.00, real=0.08 secs] 
212.484: Total time for which application threads were stopped: 0.0832150 seconds, Stopping threads took: 0.0000140 seconds
212.512: Application time: 0.0279220 seconds
212.512: [Full GC212.512: [Tenured: 71040K->71039K(71040K), 0.0980700 secs] 102976K->75818K(102976K), [Perm : 8847K->8847K(21248K)], 0.0981170 secs] [Times: user=0.10 sys=0.00, real=0.10 secs] 
212.610: Total time for which application threads were stopped: 0.0982260 seconds, Stopping threads took: 0.0000140 seconds
212.638: Application time: 0.0274490 seconds
212.638: [Full GC212.638: [Tenured: 71039K->71039K(71040K), 0.0975840 secs] 102975K->82761K(102976K), [Perm : 8847K->8847K(21248K)], 0.0976310 secs] [Times: user=0.10 sys=0.00, real=0.10 secs] 
212.735: Total time for which application threads were stopped: 0.0977190 seconds, Stopping threads took: 0.0000140 seconds
212.759: Application time: 0.0236620 seconds
212.759: [Full GC212.759: [Tenured: 71039K->71039K(71040K), 0.0941070 secs] 102975K->73779K(102976K), [Perm : 8847K->8847K(21248K)], 0.0941610 secs] [Times: user=0.09 sys=0.00, real=0.09 secs] 
212.853: Total time for which application threads were stopped: 0.0942510 seconds, Stopping threads took: 0.0000140 seconds
212.883: Application time: 0.0295860 seconds
212.883: [Full GC212.883: [Tenured: 71039K->71039K(71040K), 0.0839590 secs] 102975K->78173K(102976K), [Perm : 8847K->8847K(21248K)], 0.0840050 secs] [Times: user=0.09 sys=0.00, real=0.08 secs] 
212.967: Total time for which application threads were stopped: 0.0840910 seconds, Stopping threads took: 0.0000140 seconds
212.995: Application time: 0.0284420 seconds
212.995: [Full GC212.995: [Tenured: 71039K->71040K(71040K), 0.0995880 secs] 102975K->73579K(102976K), [Perm : 8847K->8847K(21248K)], 0.0996350 secs] [Times: user=0.09 sys=0.00, real=0.10 secs] 
213.095: Total time for which application threads were stopped: 0.0997330 seconds, Stopping threads took: 0.0000230 seconds
213.124: Application time: 0.0288970 seconds
213.124: [Full GC213.124: [Tenured: 71040K->71040K(71040K), 0.0845620 secs] 102975K->79525K(102976K), [Perm : 8847K->8847K(21248K)], 0.0846080 secs] [Times: user=0.09 sys=0.00, real=0.09 secs] 
213.209: Total time for which application threads were stopped: 0.0847070 seconds, Stopping threads took: 0.0000130 seconds
213.236: Application time: 0.0269200 seconds
213.236: [Full GC213.236: [Tenured: 71040K->71039K(71040K), 0.0989870 secs] 102976K->78925K(102976K), [Perm : 8847K->8847K(21248K)], 0.0990340 secs] [Times: user=0.10 sys=0.00, real=0.10 secs] 
213.335: Total time for which application threads were stopped: 0.0991220 seconds, Stopping threads took: 0.0000140 seconds
213.364: Application time: 0.0288020 seconds
213.364: [Full GC213.364: [Tenured: 71039K->71039K(71040K), 0.0819500 secs] 102975K->79090K(102976K), [Perm : 8847K->8847K(21248K)], 0.0819950 secs] [Times: user=0.09 sys=0.00, real=0.08 secs] 
213.446: Total time for which application threads were stopped: 0.0820840 seconds, Stopping threads took: 0.0000140 seconds
213.473: Application time: 0.0277320 seconds
213.473: [Full GC213.473: [Tenured: 71039K->71039K(71040K), 0.1007880 secs] 102975K->76045K(102976K), [Perm : 8847K->8847K(21248K)], 0.1008360 secs] [Times: user=0.10 sys=0.00, real=0.10 secs] 
213.574: Total time for which application threads were stopped: 0.1009230 seconds, Stopping threads took: 0.0000140 seconds
213.603: Application time: 0.0287120 seconds
213.603: [Full GC213.603: [Tenured: 71040K->71040K(71040K), 0.0830020 secs] 102975K->79112K(102976K), [Perm : 8847K->8847K(21248K)], 0.0830520 secs] [Times: user=0.08 sys=0.00, real=0.08 secs] 
213.686: Total time for which application threads were stopped: 0.0831420 seconds, Stopping threads took: 0.0000170 seconds
213.714: Application time: 0.0279500 seconds
213.714: [Full GC213.714: [Tenured: 71040K->71040K(71040K), 0.0824760 secs] 102975K->78350K(102976K), [Perm : 8847K->8847K(21248K)], 0.0825210 secs] [Times: user=0.08 sys=0.00, real=0.08 secs] 
213.797: Total time for which application threads were stopped: 0.0826200 seconds, Stopping threads took: 0.0000140 seconds
213.824: Application time: 0.0276970 seconds
213.824: [Full GC213.824: [Tenured: 71040K->71039K(71040K), 0.0827580 secs] 102975K->79543K(102976K), [Perm : 8847K->8847K(21248K)], 0.0828040 secs] [Times: user=0.09 sys=0.00, real=0.09 secs] 
213.907: Total time for which application threads were stopped: 0.0828930 seconds, Stopping threads took: 0.0000140 seconds
213.932: Application time: 0.0247530 seconds
213.932: [Full GC213.932: [Tenured: 71039K->71039K(71040K), 0.0966800 secs] 102975K->76504K(102976K), [Perm : 8847K->8847K(21248K)], 0.0967230 secs] [Times: user=0.10 sys=0.00, real=0.10 secs] 
214.029: Total time for which application threads were stopped: 0.0968110 seconds, Stopping threads took: 0.0000140 seconds
214.057: Application time: 0.0277990 seconds
214.057: [Full GC214.057: [Tenured: 71039K->71039K(71040K), 0.0792270 secs] 102975K->76007K(102976K), [Perm : 8847K->8847K(21248K)], 0.0792800 secs] [Times: user=0.08 sys=0.00, real=0.08 secs] 
214.136: Total time for which application threads were stopped: 0.0793670 seconds, Stopping threads took: 0.0000130 seconds
214.162: Application time: 0.0257900 seconds
214.162: [Full GC214.162: [Tenured: 71039K->71039K(71040K), 0.0780360 secs] 102975K->76116K(102976K), [Perm : 8847K->8847K(21248K)], 0.0780770 secs] [Times: user=0.08 sys=0.00, real=0.08 secs] 
214.240: Total time for which application threads were stopped: 0.0781600 seconds, Stopping threads took: 0.0000130 seconds
214.267: Application time: 0.0266400 seconds
214.267: [Full GC214.267: [Tenured: 71039K->71039K(71040K), 0.0779650 secs] 102975K->76117K(102976K), [Perm : 8847K->8847K(21248K)], 0.0780090 secs] [Times: user=0.08 sys=0.00, real=0.08 secs] 
214.345: Total time for which application threads were stopped: 0.0781080 seconds, Stopping threads took: 0.0000140 seconds
214.370: Application time: 0.0256430 seconds
214.370: [Full GC214.370: [Tenured: 71039K->71039K(71040K), 0.0932560 secs] 102975K->76022K(102976K), [Perm : 8847K->8847K(21248K)], 0.0933040 secs] [Times: user=0.09 sys=0.00, real=0.09 secs] 
214.464: Total time for which application threads were stopped: 0.0934060 seconds, Stopping threads took: 0.0000240 seconds
214.488: Application time: 0.0237440 seconds
214.488: [Full GC214.488: [Tenured: 71039K->71039K(71040K), 0.0795920 secs] 102975K->77544K(102976K), [Perm : 8847K->8847K(21248K)], 0.0796370 secs] [Times: user=0.08 sys=0.00, real=0.08 secs] 
214.567: Total time for which application threads were stopped: 0.0797380 seconds, Stopping threads took: 0.0000290 seconds
214.593: Application time: 0.0259970 seconds
214.593: [Full GC214.593: [Tenured: 71039K->71040K(71040K), 0.0941590 secs] 102975K->77140K(102976K), [Perm : 8847K->8847K(21248K)], 0.0942170 secs] [Times: user=0.09 sys=0.00, real=0.10 secs] 
214.688: Total time for which application threads were stopped: 0.0943100 seconds, Stopping threads took: 0.0000140 seconds
214.713: Application time: 0.0255300 seconds
214.713: [Full GC214.713: [Tenured: 71040K->71040K(71040K), 0.0781610 secs] 102976K->78327K(102976K), [Perm : 8847K->8847K(21248K)], 0.0782060 secs] [Times: user=0.08 sys=0.00, real=0.08 secs] 
214.791: Total time for which application threads were stopped: 0.0782950 seconds, Stopping threads took: 0.0000130 seconds
214.816: Application time: 0.0248860 seconds
214.816: [Full GC214.816: [Tenured: 71040K->71039K(71040K), 0.0958900 secs] 102975K->75730K(102976K), [Perm : 8847K->8847K(21248K)], 0.0959360 secs] [Times: user=0.10 sys=0.00, real=0.10 secs] 
214.912: Total time for which application threads were stopped: 0.0960380 seconds, Stopping threads took: 0.0000140 seconds
214.939: Application time: 0.0266790 seconds
214.939: [Full GC214.939: [Tenured: 71040K->71040K(71040K), 0.0784750 secs] 102976K->75963K(102976K), [Perm : 8847K->8847K(21248K)], 0.0785200 secs] [Times: user=0.08 sys=0.00, real=0.07 secs] 
215.018: Total time for which application threads were stopped: 0.0786080 seconds, Stopping threads took: 0.0000130 seconds
215.043: Application time: 0.0252240 seconds
215.043: [Full GC215.043: [Tenured: 71040K->71040K(71040K), 0.0788820 secs] 102975K->76019K(102976K), [Perm : 8847K->8847K(21248K)], 0.0789290 secs] [Times: user=0.08 sys=0.00, real=0.08 secs] 
215.122: Total time for which application threads were stopped: 0.0790140 seconds, Stopping threads took: 0.0000130 seconds
215.148: Application time: 0.0265570 seconds
215.148: [Full GC215.149: [Tenured: 71040K->71040K(71040K), 0.0786740 secs] 102975K->76915K(102976K), [Perm : 8847K->8847K(21248K)], 0.0787210 secs] [Times: user=0.08 sys=0.00, real=0.08 secs] 
215.227: Total time for which application threads were stopped: 0.0788080 seconds, Stopping threads took: 0.0000140 seconds
215.251: Application time: 0.0241010 seconds
215.251: [Full GC215.251: [Tenured: 71040K->71039K(71040K), 0.0933480 secs] 102976K->75665K(102976K), [Perm : 8847K->8847K(21248K)], 0.0933960 secs] [Times: user=0.09 sys=0.00, real=0.09 secs] 
215.345: Total time for which application threads were stopped: 0.0934950 seconds, Stopping threads took: 0.0000130 seconds
215.368: Application time: 0.0231390 seconds
215.368: [Full GC215.368: [Tenured: 71039K->71039K(71040K), 0.0781910 secs] 102975K->75966K(102976K), [Perm : 8847K->8847K(21248K)], 0.0782360 secs] [Times: user=0.08 sys=0.00, real=0.07 secs] 
215.446: Total time for which application threads were stopped: 0.0783370 seconds, Stopping threads took: 0.0000130 seconds
215.471: Application time: 0.0245050 seconds
215.471: [Full GC215.471: [Tenured: 71039K->71039K(71040K), 0.0788930 secs] 102975K->76435K(102976K), [Perm : 8847K->8847K(21248K)], 0.0789400 secs] [Times: user=0.08 sys=0.00, real=0.08 secs] 
215.550: Total time for which application threads were stopped: 0.0790270 seconds, Stopping threads took: 0.0000140 seconds
215.574: Application time: 0.0236680 seconds
215.574: [Full GC215.574: [Tenured: 71039K->71039K(71040K), 0.0820590 secs] 102975K->82379K(102976K), [Perm : 8847K->8847K(21248K)], 0.0821040 secs] [Times: user=0.08 sys=0.00, real=0.08 secs] 
215.656: Total time for which application threads were stopped: 0.0821900 seconds, Stopping threads took: 0.0000120 seconds
215.679: Application time: 0.0234360 seconds
215.679: [Full GC215.679: [Tenured: 71040K->71039K(71040K), 0.0952010 secs] 102975K->73949K(102976K), [Perm : 8847K->8847K(21248K)], 0.0952470 secs] [Times: user=0.09 sys=0.00, real=0.09 secs] 
215.774: Total time for which application threads were stopped: 0.0953340 seconds, Stopping threads took: 0.0000130 seconds
215.801: Application time: 0.0268490 seconds
215.801: [Full GC215.801: [Tenured: 71039K->71039K(71040K), 0.0938420 secs] 102975K->75876K(102976K), [Perm : 8847K->8847K(21248K)], 0.0938880 secs] [Times: user=0.10 sys=0.00, real=0.09 secs] 
215.895: Total time for which application threads were stopped: 0.0939740 seconds, Stopping threads took: 0.0000140 seconds
215.922: Application time: 0.0265620 seconds
215.922: [Full GC215.922: [Tenured: 71040K->71039K(71040K), 0.0821710 secs] 102976K->78643K(102976K), [Perm : 8847K->8847K(21248K)], 0.0822160 secs] [Times: user=0.08 sys=0.00, real=0.08 secs] 
216.004: Total time for which application threads were stopped: 0.0823190 seconds, Stopping threads took: 0.0000140 seconds
216.030: Application time: 0.0257970 seconds
216.030: [Full GC216.030: [Tenured: 71040K->71040K(71040K), 0.0845740 secs] 102975K->81195K(102976K), [Perm : 8847K->8847K(21248K)], 0.0846200 secs] [Times: user=0.09 sys=0.00, real=0.08 secs] 
216.115: Total time for which application threads were stopped: 0.0847100 seconds, Stopping threads took: 0.0000140 seconds
216.141: Application time: 0.0260760 seconds
216.141: [Full GC216.141: [Tenured: 71040K->71039K(71040K), 0.1010750 secs] 102975K->79290K(102976K), [Perm : 8847K->8847K(21248K)], 0.1011220 secs] [Times: user=0.10 sys=0.00, real=0.10 secs] 
216.242: Total time for which application threads were stopped: 0.1012110 seconds, Stopping threads took: 0.0000130 seconds
216.269: Application time: 0.0266190 seconds
216.269: [Full GC216.269: [Tenured: 71039K->71036K(71040K), 0.0954500 secs] 102975K->74281K(102976K), [Perm : 8847K->8847K(21248K)], 0.0954940 secs] [Times: user=0.09 sys=0.00, real=0.09 secs] 
216.364: Total time for which application threads were stopped: 0.0955820 seconds, Stopping threads took: 0.0000140 seconds
216.393: Application time: 0.0285020 seconds
216.393: [Full GC216.393: [Tenured: 71040K->71039K(71040K), 0.0858230 secs] 102976K->81277K(102976K), [Perm : 8847K->8847K(21248K)], 0.0858690 secs] [Times: user=0.08 sys=0.00, real=0.08 secs] 
216.479: Total time for which application threads were stopped: 0.0859570 seconds, Stopping threads took: 0.0000130 seconds
216.503: Application time: 0.0245420 seconds
216.503: [Full GC216.503: [Tenured: 71039K->71039K(71040K), 0.0975790 secs] 102975K->76128K(102976K), [Perm : 8847K->8847K(21248K)], 0.0976250 secs] [Times: user=0.10 sys=0.00, real=0.10 secs] 
216.601: Total time for which application threads were stopped: 0.0977360 seconds, Stopping threads took: 0.0000130 seconds
216.630: Application time: 0.0286660 seconds
216.630: [Full GC216.630: [Tenured: 71039K->71039K(71040K), 0.1014860 secs] 102975K->76223K(102976K), [Perm : 8847K->8847K(21248K)], 0.1015340 secs] [Times: user=0.10 sys=0.00, real=0.10 secs] 
216.731: Total time for which application threads were stopped: 0.1016330 seconds, Stopping threads took: 0.0000230 seconds
216.760: Application time: 0.0290210 seconds
216.760: [Full GC216.760: [Tenured: 71040K->71040K(71040K), 0.0847750 secs] 102976K->79783K(102976K), [Perm : 8847K->8847K(21248K)], 0.0848210 secs] [Times: user=0.08 sys=0.00, real=0.08 secs] 
216.845: Total time for which application threads were stopped: 0.0849110 seconds, Stopping threads took: 0.0000140 seconds
216.873: Application time: 0.0278060 seconds
216.873: [Full GC216.873: [Tenured: 71040K->71039K(71040K), 0.0822320 secs] 102975K->80901K(102976K), [Perm : 8847K->8847K(21248K)], 0.0822780 secs] [Times: user=0.08 sys=0.00, real=0.08 secs] 
216.955: Total time for which application threads were stopped: 0.0823660 seconds, Stopping threads took: 0.0000140 seconds
216.982: Application time: 0.0264960 seconds
216.982: [Full GC216.982: [Tenured: 71040K->71039K(71040K), 0.0993240 secs] 102975K->80688K(102976K), [Perm : 8847K->8847K(21248K)], 0.0993630 secs] [Times: user=0.10 sys=0.00, real=0.10 secs] 
217.081: Total time for which application threads were stopped: 0.0994480 seconds, Stopping threads took: 0.0000130 seconds
217.106: Application time: 0.0242810 seconds
217.106: [Full GC217.106: [Tenured: 71039K->71039K(71040K), 0.0976140 secs] 102975K->75972K(102976K), [Perm : 8847K->8847K(21248K)], 0.0976540 secs] [Times: user=0.10 sys=0.00, real=0.10 secs] 
217.203: Total time for which application threads were stopped: 0.0977490 seconds, Stopping threads took: 0.0000110 seconds
217.234: Application time: 0.0304320 seconds
217.234: [Full GC217.234: [Tenured: 71039K->71039K(71040K), 0.0817350 secs] 102975K->78355K(102976K), [Perm : 8847K->8847K(21248K)], 0.0817810 secs] [Times: user=0.08 sys=0.00, real=0.08 secs] 
217.316: Total time for which application threads were stopped: 0.0818690 seconds, Stopping threads took: 0.0000140 seconds
217.343: Application time: 0.0278490 seconds
217.344: [Full GC217.344: [Tenured: 71039K->71039K(71040K), 0.0821590 secs] 102975K->78910K(102976K), [Perm : 8847K->8847K(21248K)], 0.0822040 secs] [Times: user=0.08 sys=0.00, real=0.08 secs] 
217.426: Total time for which application threads were stopped: 0.0822950 seconds, Stopping threads took: 0.0000140 seconds
217.449: Application time: 0.0228840 seconds
217.449: [Full GC217.449: [Tenured: 71039K->71039K(71040K), 0.0804500 secs] 102975K->78398K(102976K), [Perm : 8847K->8847K(21248K)], 0.0804980 secs] [Times: user=0.08 sys=0.00, real=0.08 secs] 
217.529: Total time for which application threads were stopped: 0.0805880 seconds, Stopping threads took: 0.0000140 seconds
217.556: Application time: 0.0268830 seconds
217.556: [Full GC217.556: [Tenured: 71039K->71039K(71040K), 0.0962060 secs] 102975K->75998K(102976K), [Perm : 8847K->8847K(21248K)], 0.0962530 secs] [Times: user=0.10 sys=0.00, real=0.10 secs] 
217.652: Total time for which application threads were stopped: 0.0963430 seconds, Stopping threads took: 0.0000140 seconds
217.678: Application time: 0.0253070 seconds
217.678: [Full GC217.678: [Tenured: 71039K->71039K(71040K), 0.0786920 secs] 102975K->75958K(102976K), [Perm : 8847K->8847K(21248K)], 0.0787380 secs] [Times: user=0.08 sys=0.00, real=0.08 secs] 
217.757: Total time for which application threads were stopped: 0.0788360 seconds, Stopping threads took: 0.0000140 seconds
217.783: Application time: 0.0267180 seconds
217.783: [Full GC217.783: [Tenured: 71039K->71039K(71040K), 0.0804730 secs] 102975K->75951K(102976K), [Perm : 8847K->8847K(21248K)], 0.0805170 secs] [Times: user=0.08 sys=0.00, real=0.08 secs] 
217.864: Total time for which application threads were stopped: 0.0806030 seconds, Stopping threads took: 0.0000140 seconds
217.890: Application time: 0.0256800 seconds
217.890: [Full GC217.890: [Tenured: 71039K->71039K(71040K), 0.0820100 secs] 102975K->79258K(102976K), [Perm : 8847K->8847K(21248K)], 0.0820660 secs] [Times: user=0.08 sys=0.00, real=0.08 secs] 
217.972: Total time for which application threads were stopped: 0.0821540 seconds, Stopping threads took: 0.0000140 seconds
217.996: Application time: 0.0243900 seconds
217.996: [Full GC217.996: [Tenured: 71039K->71039K(71040K), 0.0970900 secs] 102975K->74453K(102976K), [Perm : 8847K->8847K(21248K)], 0.0971390 secs] [Times: user=0.10 sys=0.00, real=0.10 secs] 
218.093: Total time for which application threads were stopped: 0.0972290 seconds, Stopping threads took: 0.0000140 seconds
218.120: Application time: 0.0268640 seconds
218.120: [Full GC218.120: [Tenured: 71039K->71039K(71040K), 0.0804490 secs] 102975K->75615K(102976K), [Perm : 8847K->8847K(21248K)], 0.0804960 secs] [Times: user=0.08 sys=0.00, real=0.08 secs] 
218.201: Total time for which application threads were stopped: 0.0805860 seconds, Stopping threads took: 0.0000140 seconds
218.225: Application time: 0.0240140 seconds
218.225: [Full GC218.225: [Tenured: 71039K->71039K(71040K), 0.0778480 secs] 102975K->76070K(102976K), [Perm : 8847K->8847K(21248K)], 0.0778950 secs] [Times: user=0.07 sys=0.00, real=0.08 secs] 
218.303: Total time for which application threads were stopped: 0.0779960 seconds, Stopping threads took: 0.0000140 seconds
218.329: Application time: 0.0261120 seconds
218.329: [Full GC218.329: [Tenured: 71039K->71039K(71040K), 0.0775050 secs] 102975K->76069K(102976K), [Perm : 8847K->8847K(21248K)], 0.0775500 secs] [Times: user=0.08 sys=0.00, real=0.07 secs] 
218.407: Total time for which application threads were stopped: 0.0776370 seconds, Stopping threads took: 0.0000130 seconds
218.430: Application time: 0.0235370 seconds
218.430: [Full GC218.430: [Tenured: 71039K->71040K(71040K), 0.0935810 secs] 102975K->75656K(102976K), [Perm : 8847K->8847K(21248K)], 0.0936250 secs] [Times: user=0.10 sys=0.00, real=0.09 secs] 
218.524: Total time for which application threads were stopped: 0.0937150 seconds, Stopping threads took: 0.0000140 seconds
218.550: Application time: 0.0265400 seconds
218.550: [Full GC218.551: [Tenured: 71040K->71040K(71040K), 0.0782800 secs] 102976K->76053K(102976K), [Perm : 8847K->8847K(21248K)], 0.0783250 secs] [Times: user=0.08 sys=0.00, real=0.08 secs] 
218.629: Total time for which application threads were stopped: 0.0784120 seconds, Stopping threads took: 0.0000140 seconds
218.653: Application time: 0.0245800 seconds
218.653: [Full GC218.654: [Tenured: 71040K->71040K(71040K), 0.0790290 secs] 102975K->75922K(102976K), [Perm : 8847K->8847K(21248K)], 0.0790740 secs] [Times: user=0.08 sys=0.00, real=0.08 secs] 
218.733: Total time for which application threads were stopped: 0.0791600 seconds, Stopping threads took: 0.0000140 seconds
218.759: Application time: 0.0260100 seconds
218.759: [Full GC218.759: [Tenured: 71040K->71040K(71040K), 0.0782260 secs] 102975K->76351K(102976K), [Perm : 8847K->8847K(21248K)], 0.0782710 secs] [Times: user=0.08 sys=0.00, real=0.08 secs] 
218.837: Total time for which application threads were stopped: 0.0783700 seconds, Stopping threads took: 0.0000130 seconds
218.863: Application time: 0.0258970 seconds
218.863: [Full GC218.863: [Tenured: 71040K->71039K(71040K), 0.0945380 secs] 102975K->76339K(102976K), [Perm : 8847K->8847K(21248K)], 0.0945840 secs] [Times: user=0.10 sys=0.00, real=0.09 secs] 
218.958: Total time for which application threads were stopped: 0.0946740 seconds, Stopping threads took: 0.0000140 seconds
218.983: Application time: 0.0258060 seconds
218.983: [Full GC218.983: [Tenured: 71039K->71039K(71040K), 0.0821790 secs] 102975K->79142K(102976K), [Perm : 8847K->8847K(21248K)], 0.0822250 secs] [Times: user=0.08 sys=0.00, real=0.08 secs] 
219.066: Total time for which application threads were stopped: 0.0823220 seconds, Stopping threads took: 0.0000230 seconds
219.089: Application time: 0.0237870 seconds
219.090: [Full GC219.090: [Tenured: 71039K->71039K(71040K), 0.0939570 secs] 102975K->78730K(102976K), [Perm : 8847K->8847K(21248K)], 0.0940020 secs] [Times: user=0.10 sys=0.00, real=0.09 secs] 
219.184: Total time for which application threads were stopped: 0.0940860 seconds, Stopping threads took: 0.0000130 seconds
219.210: Application time: 0.0264260 seconds
219.210: [Full GC219.210: [Tenured: 71039K->71040K(71040K), 0.0926850 secs] 102975K->76272K(102976K), [Perm : 8847K->8847K(21248K)], 0.0927320 secs] [Times: user=0.09 sys=0.00, real=0.09 secs] 
219.303: Total time for which application threads were stopped: 0.0928230 seconds, Stopping threads took: 0.0000140 seconds
219.330: Application time: 0.0271440 seconds
219.330: [Full GC219.330: [Tenured: 71040K->71039K(71040K), 0.0972330 secs] 102976K->77823K(102976K), [Perm : 8847K->8847K(21248K)], 0.0972770 secs] [Times: user=0.10 sys=0.00, real=0.10 secs] 
219.427: Total time for which application threads were stopped: 0.0973790 seconds, Stopping threads took: 0.0000140 seconds
219.453: Application time: 0.0260550 seconds
219.453: [Full GC219.453: [Tenured: 71039K->71039K(71040K), 0.0950610 secs] 102975K->75420K(102976K), [Perm : 8847K->8847K(21248K)], 0.0951090 secs] [Times: user=0.09 sys=0.00, real=0.10 secs] 
219.549: Total time for which application threads were stopped: 0.0952000 seconds, Stopping threads took: 0.0000140 seconds
219.576: Application time: 0.0270580 seconds
219.576: [Full GC219.576: [Tenured: 71039K->71039K(71040K), 0.0818430 secs] 102975K->79572K(102976K), [Perm : 8847K->8847K(21248K)], 0.0818870 secs] [Times: user=0.08 sys=0.00, real=0.08 secs] 
219.658: Total time for which application threads were stopped: 0.0819740 seconds, Stopping threads took: 0.0000130 seconds
219.682: Application time: 0.0240890 seconds
219.682: [Full GC219.682: [Tenured: 71039K->71039K(71040K), 0.0942360 secs] 102975K->76032K(102976K), [Perm : 8847K->8847K(21248K)], 0.0942840 secs] [Times: user=0.10 sys=0.00, real=0.09 secs] 
219.776: Total time for which application threads were stopped: 0.0943770 seconds, Stopping threads took: 0.0000130 seconds
219.804: Application time: 0.0283300 seconds
219.804: [Full GC219.805: [Tenured: 71040K->71039K(71040K), 0.0960810 secs] 102975K->72253K(102976K), [Perm : 8847K->8847K(21248K)], 0.0961280 secs] [Times: user=0.09 sys=0.00, real=0.10 secs] 
219.901: Total time for which application threads were stopped: 0.0962180 seconds, Stopping threads took: 0.0000140 seconds
219.928: Application time: 0.0274650 seconds
219.928: [Full GC219.928: [Tenured: 71039K->71039K(71040K), 0.0844950 secs] 102975K->80339K(102976K), [Perm : 8847K->8847K(21248K)], 0.0845420 secs] [Times: user=0.09 sys=0.00, real=0.08 secs] 
220.013: Total time for which application threads were stopped: 0.0846430 seconds, Stopping threads took: 0.0000140 seconds
220.038: Application time: 0.0254920 seconds
220.038: [Full GC220.038: [Tenured: 71040K->71039K(71040K), 0.0980500 secs] 102976K->76411K(102976K), [Perm : 8847K->8847K(21248K)], 0.0980950 secs] [Times: user=0.10 sys=0.00, real=0.10 secs] 
220.136: Total time for which application threads were stopped: 0.0981800 seconds, Stopping threads took: 0.0000140 seconds
220.164: Application time: 0.0280110 seconds
220.164: [Full GC220.165: [Tenured: 71039K->71040K(71040K), 0.0827430 secs] 102975K->79028K(102976K), [Perm : 8847K->8847K(21248K)], 0.0827850 secs] [Times: user=0.09 sys=0.00, real=0.09 secs] 
220.247: Total time for which application threads were stopped: 0.0828670 seconds, Stopping threads took: 0.0000120 seconds
220.275: Application time: 0.0278670 seconds
220.275: [Full GC220.275: [Tenured: 71040K->71039K(71040K), 0.0978670 secs] 102975K->75374K(102976K), [Perm : 8847K->8847K(21248K)], 0.0979130 secs] [Times: user=0.09 sys=0.00, real=0.10 secs] 
220.373: Total time for which application threads were stopped: 0.0980010 seconds, Stopping threads took: 0.0000130 seconds
220.403: Application time: 0.0298430 seconds
220.403: [Full GC220.403: [Tenured: 71039K->71039K(71040K), 0.0801200 secs] 102975K->78313K(102976K), [Perm : 8847K->8847K(21248K)], 0.0801660 secs] [Times: user=0.08 sys=0.00, real=0.08 secs] 
220.483: Total time for which application threads were stopped: 0.0802630 seconds, Stopping threads took: 0.0000130 seconds
220.512: Application time: 0.0285260 seconds
220.512: [Full GC220.512: [Tenured: 71039K->71039K(71040K), 0.0996900 secs] 102975K->76801K(102976K), [Perm : 8847K->8847K(21248K)], 0.0997390 secs] [Times: user=0.10 sys=0.00, real=0.10 secs] 
220.612: Total time for which application threads were stopped: 0.0998410 seconds, Stopping threads took: 0.0000130 seconds
220.642: Application time: 0.0300160 seconds
220.642: [Full GC220.642: [Tenured: 71040K->71040K(71040K), 0.0808530 secs] 102976K->77605K(102976K), [Perm : 8847K->8847K(21248K)], 0.0808980 secs] [Times: user=0.08 sys=0.00, real=0.08 secs] 
220.723: Total time for which application threads were stopped: 0.0809850 seconds, Stopping threads took: 0.0000130 seconds
220.753: Application time: 0.0299800 seconds
220.753: [Full GC220.753: [Tenured: 71040K->71040K(71040K), 0.0950240 secs] 102975K->75671K(102976K), [Perm : 8847K->8847K(21248K)], 0.0950690 secs] [Times: user=0.10 sys=0.00, real=0.10 secs] 
220.848: Total time for which application threads were stopped: 0.0951570 seconds, Stopping threads took: 0.0000140 seconds
220.877: Application time: 0.0293590 seconds
220.877: [Full GC220.877: [Tenured: 71040K->71040K(71040K), 0.0789240 secs] 102976K->75852K(102976K), [Perm : 8847K->8847K(21248K)], 0.0789690 secs] [Times: user=0.08 sys=0.00, real=0.08 secs] 
220.956: Total time for which application threads were stopped: 0.0790560 seconds, Stopping threads took: 0.0000140 seconds
220.985: Application time: 0.0283930 seconds
220.985: [Full GC220.985: [Tenured: 71040K->71040K(71040K), 0.0793920 secs] 102976K->75902K(102976K), [Perm : 8847K->8847K(21248K)], 0.0794380 secs] [Times: user=0.08 sys=0.00, real=0.08 secs] 
221.064: Total time for which application threads were stopped: 0.0795240 seconds, Stopping threads took: 0.0000130 seconds
221.090: Application time: 0.0259420 seconds
221.090: [Full GC221.090: [Tenured: 71040K->71040K(71040K), 0.0782660 secs] 102975K->76163K(102976K), [Perm : 8847K->8847K(21248K)], 0.0783100 secs] [Times: user=0.08 sys=0.00, real=0.08 secs] 
221.168: Total time for which application threads were stopped: 0.0784150 seconds, Stopping threads took: 0.0000130 seconds
221.196: Application time: 0.0270370 seconds
221.196: [Full GC221.196: [Tenured: 71040K->71039K(71040K), 0.0946390 secs] 102976K->73644K(102976K), [Perm : 8847K->8847K(21248K)], 0.0946870 secs] [Times: user=0.10 sys=0.00, real=0.10 secs] 
221.290: Total time for which application threads were stopped: 0.0947760 seconds, Stopping threads took: 0.0000140 seconds
221.317: Application time: 0.0270980 seconds
221.317: [Full GC221.317: [Tenured: 71040K->71040K(71040K), 0.0782450 secs] 102975K->75268K(102976K), [Perm : 8847K->8847K(21248K)], 0.0782900 secs] [Times: user=0.07 sys=0.00, real=0.08 secs] 
221.396: Total time for which application threads were stopped: 0.0783790 seconds, Stopping threads took: 0.0000140 seconds
221.422: Application time: 0.0263760 seconds
221.422: [Full GC221.422: [Tenured: 71040K->71040K(71040K), 0.0786960 secs] 102976K->76192K(102976K), [Perm : 8847K->8847K(21248K)], 0.0787400 secs] [Times: user=0.07 sys=0.00, real=0.08 secs] 
221.501: Total time for which application threads were stopped: 0.0788290 seconds, Stopping threads took: 0.0000130 seconds
221.528: Application time: 0.0265400 seconds
221.528: [Full GC221.528: [Tenured: 71040K->71040K(71040K), 0.0781570 secs] 102975K->76240K(102976K), [Perm : 8847K->8847K(21248K)], 0.0782040 secs] [Times: user=0.08 sys=0.00, real=0.07 secs] 
221.606: Total time for which application threads were stopped: 0.0782910 seconds, Stopping threads took: 0.0000140 seconds
221.632: Application time: 0.0259380 seconds
221.632: [Full GC221.632: [Tenured: 71040K->71039K(71040K), 0.0926750 secs] 102976K->75945K(102976K), [Perm : 8847K->8847K(21248K)], 0.0927220 secs] [Times: user=0.09 sys=0.00, real=0.09 secs] 
221.725: Total time for which application threads were stopped: 0.0928270 seconds, Stopping threads took: 0.0000140 seconds
221.750: Application time: 0.0251920 seconds
221.750: [Full GC221.750: [Tenured: 71039K->71039K(71040K), 0.0777770 secs] 102975K->76504K(102976K), [Perm : 8847K->8847K(21248K)], 0.0778280 secs] [Times: user=0.08 sys=0.00, real=0.08 secs] 
221.828: Total time for which application threads were stopped: 0.0779150 seconds, Stopping threads took: 0.0000150 seconds
221.854: Application time: 0.0260730 seconds
221.854: [Full GC221.854: [Tenured: 71039K->71039K(71040K), 0.0771280 secs] 102975K->76853K(102976K), [Perm : 8847K->8847K(21248K)], 0.0771820 secs] [Times: user=0.07 sys=0.00, real=0.08 secs] 
221.931: Total time for which application threads were stopped: 0.0772680 seconds, Stopping threads took: 0.0000130 seconds
221.957: Application time: 0.0256800 seconds
221.957: [Full GC221.957: [Tenured: 71039K->71039K(71040K), 0.0771940 secs] 102975K->76618K(102976K), [Perm : 8847K->8847K(21248K)], 0.0772380 secs] [Times: user=0.08 sys=0.00, real=0.08 secs] 
222.034: Total time for which application threads were stopped: 0.0773250 seconds, Stopping threads took: 0.0000140 seconds
222.059: Application time: 0.0252110 seconds
222.059: [Full GC222.059: [Tenured: 71039K->71039K(71040K), 0.0937420 secs] 102975K->75676K(102976K), [Perm : 8847K->8847K(21248K)], 0.0937880 secs] [Times: user=0.09 sys=0.00, real=0.09 secs] 
222.153: Total time for which application threads were stopped: 0.0938780 seconds, Stopping threads took: 0.0000140 seconds
222.180: Application time: 0.0264640 seconds
222.180: [Full GC222.180: [Tenured: 71039K->71039K(71040K), 0.0771160 secs] 102975K->75451K(102976K), [Perm : 8847K->8847K(21248K)], 0.0771630 secs] [Times: user=0.08 sys=0.00, real=0.07 secs] 
222.257: Total time for which application threads were stopped: 0.0772660 seconds, Stopping threads took: 0.0000150 seconds
222.283: Application time: 0.0258520 seconds
222.283: [Full GC222.283: [Tenured: 71039K->71039K(71040K), 0.0787220 secs] 102975K->76543K(102976K), [Perm : 8847K->8847K(21248K)], 0.0787690 secs] [Times: user=0.08 sys=0.00, real=0.08 secs] 
222.362: Total time for which application threads were stopped: 0.0788580 seconds, Stopping threads took: 0.0000140 seconds
222.386: Application time: 0.0247720 seconds
222.386: [Full GC222.386: [Tenured: 71039K->71039K(71040K), 0.0802750 secs] 102975K->77446K(102976K), [Perm : 8847K->8847K(21248K)], 0.0803220 secs] [Times: user=0.08 sys=0.00, real=0.08 secs] 
222.467: Total time for which application threads were stopped: 0.0804090 seconds, Stopping threads took: 0.0000140 seconds
222.493: Application time: 0.0259820 seconds
222.493: [Full GC222.493: [Tenured: 71039K->71039K(71040K), 0.0974910 secs] 102975K->76484K(102976K), [Perm : 8847K->8847K(21248K)], 0.0975370 secs] [Times: user=0.09 sys=0.00, real=0.10 secs] 
222.590: Total time for which application threads were stopped: 0.0976290 seconds, Stopping threads took: 0.0000150 seconds
222.615: Application time: 0.0248390 seconds
222.615: [Full GC222.615: [Tenured: 71039K->71039K(71040K), 0.0934100 secs] 102975K->76722K(102976K), [Perm : 8847K->8847K(21248K)], 0.0934560 secs] [Times: user=0.10 sys=0.00, real=0.10 secs] 
222.709: Total time for which application threads were stopped: 0.0935530 seconds, Stopping threads took: 0.0000230 seconds
222.736: Application time: 0.0268750 seconds
222.736: [Full GC222.736: [Tenured: 71039K->71039K(71040K), 0.0906550 secs] 102975K->81016K(102976K), [Perm : 8847K->8847K(21248K)], 0.0907010 secs] [Times: user=0.09 sys=0.00, real=0.09 secs] 
222.826: Total time for which application threads were stopped: 0.0908020 seconds, Stopping threads took: 0.0000140 seconds
222.852: Application time: 0.0256350 seconds
222.852: [Full GC222.852: [Tenured: 71039K->71039K(71040K), 0.0944030 secs] 102975K->76777K(102976K), [Perm : 8847K->8847K(21248K)], 0.0944510 secs] [Times: user=0.09 sys=0.00, real=0.09 secs] 
222.947: Total time for which application threads were stopped: 0.0945420 seconds, Stopping threads took: 0.0000130 seconds
222.975: Application time: 0.0282760 seconds
222.975: [Full GC222.975: [Tenured: 71039K->71039K(71040K), 0.0955750 secs] 102975K->78152K(102976K), [Perm : 8847K->8847K(21248K)], 0.0956410 secs] [Times: user=0.09 sys=0.00, real=0.10 secs] 
223.071: Total time for which application threads were stopped: 0.0957300 seconds, Stopping threads took: 0.0000140 seconds
223.097: Application time: 0.0260500 seconds
223.097: [Full GC223.097: [Tenured: 71039K->71039K(71040K), 0.0955800 secs] 102975K->81377K(102976K), [Perm : 8847K->8847K(21248K)], 0.0956250 secs] [Times: user=0.10 sys=0.00, real=0.10 secs] 
223.192: Total time for which application threads were stopped: 0.0957130 seconds, Stopping threads took: 0.0000140 seconds
223.216: Application time: 0.0238600 seconds
223.216: [Full GC223.216: [Tenured: 71039K->71040K(71040K), 0.0977490 secs] 102975K->77595K(102976K), [Perm : 8847K->8847K(21248K)], 0.0977960 secs] [Times: user=0.10 sys=0.00, real=0.10 secs] 
223.314: Total time for which application threads were stopped: 0.0978840 seconds, Stopping threads took: 0.0000130 seconds
223.340: Application time: 0.0258460 seconds
223.340: [Full GC223.340: [Tenured: 71040K->71039K(71040K), 0.0973020 secs] 102976K->76769K(102976K), [Perm : 8847K->8847K(21248K)], 0.0973470 secs] [Times: user=0.09 sys=0.00, real=0.09 secs] 
223.437: Total time for which application threads were stopped: 0.0974500 seconds, Stopping threads took: 0.0000140 seconds
223.465: Application time: 0.0272040 seconds
223.465: [Full GC223.465: [Tenured: 71039K->71039K(71040K), 0.0977190 secs] 102975K->74209K(102976K), [Perm : 8847K->8847K(21248K)], 0.0977630 secs] [Times: user=0.10 sys=0.00, real=0.10 secs] 
223.563: Total time for which application threads were stopped: 0.0978490 seconds, Stopping threads took: 0.0000130 seconds
223.594: Application time: 0.0316610 seconds
223.594: [Full GC223.594: [Tenured: 71039K->71040K(71040K), 0.0816410 secs] 102975K->79006K(102976K), [Perm : 8847K->8847K(21248K)], 0.0816870 secs] [Times: user=0.08 sys=0.00, real=0.08 secs] 
223.676: Total time for which application threads were stopped: 0.0817720 seconds, Stopping threads took: 0.0000140 seconds
223.705: Application time: 0.0288870 seconds
223.705: [Full GC223.705: [Tenured: 71040K->71039K(71040K), 0.0989290 secs] 102976K->76140K(102976K), [Perm : 8847K->8847K(21248K)], 0.0989750 secs] [Times: user=0.10 sys=0.00, real=0.10 secs] 
223.804: Total time for which application threads were stopped: 0.0990670 seconds, Stopping threads took: 0.0000140 seconds
223.834: Application time: 0.0297340 seconds
223.834: [Full GC223.834: [Tenured: 71039K->71039K(71040K), 0.0806440 secs] 102975K->78106K(102976K), [Perm : 8847K->8847K(21248K)], 0.0806900 secs] [Times: user=0.08 sys=0.00, real=0.08 secs] 
223.914: Total time for which application threads were stopped: 0.0807780 seconds, Stopping threads took: 0.0000120 seconds
223.942: Application time: 0.0271760 seconds
223.942: [Full GC223.942: [Tenured: 71039K->71039K(71040K), 0.1026620 secs] 102975K->76746K(102976K), [Perm : 8847K->8847K(21248K)], 0.1027070 secs] [Times: user=0.10 sys=0.00, real=0.10 secs] 
224.044: Total time for which application threads were stopped: 0.1028070 seconds, Stopping threads took: 0.0000140 seconds
224.072: Application time: 0.0278740 seconds
224.072: [Full GC224.072: [Tenured: 71039K->71039K(71040K), 0.0799120 secs] 102975K->79789K(102976K), [Perm : 8847K->8847K(21248K)], 0.0799580 secs] [Times: user=0.08 sys=0.00, real=0.08 secs] 
224.152: Total time for which application threads were stopped: 0.0800470 seconds, Stopping threads took: 0.0000140 seconds
224.180: Application time: 0.0276310 seconds
224.180: [Full GC224.180: [Tenured: 71039K->71039K(71040K), 0.0968740 secs] 102975K->75618K(102976K), [Perm : 8847K->8847K(21248K)], 0.0969190 secs] [Times: user=0.09 sys=0.00, real=0.09 secs] 
224.277: Total time for which application threads were stopped: 0.0970120 seconds, Stopping threads took: 0.0000140 seconds
224.307: Application time: 0.0304150 seconds
224.307: [Full GC224.307: [Tenured: 71039K->71039K(71040K), 0.0800190 secs] 102975K->77307K(102976K), [Perm : 8847K->8847K(21248K)], 0.0800620 secs] [Times: user=0.08 sys=0.00, real=0.08 secs] 
224.388: Total time for which application threads were stopped: 0.0801580 seconds, Stopping threads took: 0.0000140 seconds
224.414: Application time: 0.0261240 seconds
224.414: [Full GC224.414: [Tenured: 71039K->71039K(71040K), 0.0925300 secs] 102975K->75828K(102976K), [Perm : 8847K->8847K(21248K)], 0.0925750 secs] [Times: user=0.10 sys=0.00, real=0.09 secs] 
224.506: Total time for which application threads were stopped: 0.0926670 seconds, Stopping threads took: 0.0000140 seconds
224.533: Application time: 0.0265800 seconds
224.533: [Full GC224.533: [Tenured: 71040K->71040K(71040K), 0.0787530 secs] 102975K->77015K(102976K), [Perm : 8847K->8847K(21248K)], 0.0787970 secs] [Times: user=0.08 sys=0.00, real=0.08 secs] 
224.612: Total time for which application threads were stopped: 0.0788980 seconds, Stopping threads took: 0.0000150 seconds
224.639: Application time: 0.0271360 seconds
224.639: [Full GC224.639: [Tenured: 71040K->71039K(71040K), 0.0932250 secs] 102976K->77208K(102976K), [Perm : 8847K->8847K(21248K)], 0.0932710 secs] [Times: user=0.10 sys=0.00, real=0.09 secs] 
224.732: Total time for which application threads were stopped: 0.0933630 seconds, Stopping threads took: 0.0000140 seconds
224.759: Application time: 0.0270860 seconds
224.759: [Full GC224.760: [Tenured: 71039K->71039K(71040K), 0.0783540 secs] 102975K->78545K(102976K), [Perm : 8847K->8847K(21248K)], 0.0784070 secs] [Times: user=0.08 sys=0.00, real=0.07 secs] 
224.838: Total time for which application threads were stopped: 0.0785080 seconds, Stopping threads took: 0.0000140 seconds
224.863: Application time: 0.0252940 seconds
224.863: [Full GC224.863: [Tenured: 71039K->71040K(71040K), 0.0971600 secs] 102975K->75866K(102976K), [Perm : 8847K->8847K(21248K)], 0.0972040 secs] [Times: user=0.10 sys=0.00, real=0.10 secs] 
224.961: Total time for which application threads were stopped: 0.0972920 seconds, Stopping threads took: 0.0000140 seconds
224.987: Application time: 0.0265810 seconds
224.987: [Full GC224.987: [Tenured: 71040K->71040K(71040K), 0.0791260 secs] 102976K->76021K(102976K), [Perm : 8847K->8847K(21248K)], 0.0791740 secs] [Times: user=0.08 sys=0.00, real=0.07 secs] 
225.066: Total time for which application threads were stopped: 0.0792610 seconds, Stopping threads took: 0.0000130 seconds
225.090: Application time: 0.0236140 seconds
225.090: [Full GC225.090: [Tenured: 71040K->71040K(71040K), 0.0777330 secs] 102976K->76018K(102976K), [Perm : 8847K->8847K(21248K)], 0.0777750 secs] [Times: user=0.08 sys=0.00, real=0.08 secs] 
225.168: Total time for which application threads were stopped: 0.0778740 seconds, Stopping threads took: 0.0000140 seconds
225.192: Application time: 0.0241360 seconds
225.192: [Full GC225.192: [Tenured: 71040K->71040K(71040K), 0.0763960 secs] 102976K->76964K(102976K), [Perm : 8847K->8847K(21248K)], 0.0764400 secs] [Times: user=0.08 sys=0.00, real=0.08 secs] 
225.269: Total time for which application threads were stopped: 0.0765260 seconds, Stopping threads took: 0.0000150 seconds
225.292: Application time: 0.0236670 seconds
225.292: [Full GC225.292: [Tenured: 71040K->71040K(71040K), 0.0939830 secs] 102976K->75875K(102976K), [Perm : 8847K->8847K(21248K)], 0.0940320 secs] [Times: user=0.10 sys=0.00, real=0.09 secs] 
225.386: Total time for which application threads were stopped: 0.0941210 seconds, Stopping threads took: 0.0000140 seconds
225.412: Application time: 0.0258770 seconds
225.412: [Full GC225.412: [Tenured: 71040K->71040K(71040K), 0.0789070 secs] 102975K->76281K(102976K), [Perm : 8847K->8847K(21248K)], 0.0789510 secs] [Times: user=0.08 sys=0.00, real=0.08 secs] 
225.491: Total time for which application threads were stopped: 0.0790380 seconds, Stopping threads took: 0.0000140 seconds
225.516: Application time: 0.0252630 seconds
225.517: [Full GC225.517: [Tenured: 71040K->71040K(71040K), 0.0769930 secs] 102975K->77204K(102976K), [Perm : 8847K->8847K(21248K)], 0.0770380 secs] [Times: user=0.08 sys=0.00, real=0.08 secs] 
225.594: Total time for which application threads were stopped: 0.0771350 seconds, Stopping threads took: 0.0000140 seconds
225.617: Application time: 0.0238170 seconds
225.618: [Full GC225.618: [Tenured: 71040K->71040K(71040K), 0.0769130 secs] 102976K->78079K(102976K), [Perm : 8847K->8847K(21248K)], 0.0769600 secs] [Times: user=0.08 sys=0.00, real=0.08 secs] 
225.695: Total time for which application threads were stopped: 0.0770600 seconds, Stopping threads took: 0.0000140 seconds
225.720: Application time: 0.0255130 seconds
225.720: [Full GC225.720: [Tenured: 71040K->71039K(71040K), 0.0929450 secs] 102976K->76144K(102976K), [Perm : 8847K->8847K(21248K)], 0.0929910 secs] [Times: user=0.10 sys=0.00, real=0.09 secs] 
225.813: Total time for which application threads were stopped: 0.0930820 seconds, Stopping threads took: 0.0000140 seconds
225.839: Application time: 0.0260900 seconds
225.839: [Full GC225.839: [Tenured: 71039K->71039K(71040K), 0.0770940 secs] 102975K->76053K(102976K), [Perm : 8847K->8847K(21248K)], 0.0771390 secs] [Times: user=0.08 sys=0.00, real=0.07 secs] 
225.916: Total time for which application threads were stopped: 0.0772260 seconds, Stopping threads took: 0.0000140 seconds
225.942: Application time: 0.0254290 seconds
225.942: [Full GC225.942: [Tenured: 71039K->71039K(71040K), 0.0804370 secs] 102975K->79539K(102976K), [Perm : 8847K->8847K(21248K)], 0.0804830 secs] [Times: user=0.08 sys=0.00, real=0.08 secs] 
226.022: Total time for which application threads were stopped: 0.0805720 seconds, Stopping threads took: 0.0000130 seconds
226.046: Application time: 0.0240000 seconds
226.046: [Full GC226.047: [Tenured: 71039K->71039K(71040K), 0.0929980 secs] 102975K->74186K(102976K), [Perm : 8847K->8847K(21248K)], 0.0930410 secs] [Times: user=0.09 sys=0.00, real=0.10 secs] 
226.140: Total time for which application threads were stopped: 0.0931310 seconds, Stopping threads took: 0.0000150 seconds
226.164: Application time: 0.0245870 seconds
226.164: [Full GC226.164: [Tenured: 71040K->71039K(71040K), 0.0957020 secs] 102976K->76321K(102976K), [Perm : 8847K->8847K(21248K)], 0.0957490 secs] [Times: user=0.10 sys=0.00, real=0.10 secs] 
226.260: Total time for which application threads were stopped: 0.0958490 seconds, Stopping threads took: 0.0000130 seconds
226.282: Application time: 0.0215290 seconds
226.282: [Full GC226.282: [Tenured: 71039K->71039K(71040K), 0.0943040 secs] 102975K->77521K(102976K), [Perm : 8847K->8847K(21248K)], 0.0943500 secs] [Times: user=0.09 sys=0.00, real=0.09 secs] 
226.376: Total time for which application threads were stopped: 0.0944370 seconds, Stopping threads took: 0.0000130 seconds
226.402: Application time: 0.0261830 seconds
226.402: [Full GC226.402: [Tenured: 71040K->71039K(71040K), 0.0808170 secs] 102975K->79683K(102976K), [Perm : 8847K->8847K(21248K)], 0.0808610 secs] [Times: user=0.09 sys=0.00, real=0.08 secs] 
226.483: Total time for which application threads were stopped: 0.0809490 seconds, Stopping threads took: 0.0000130 seconds
226.510: Application time: 0.0267430 seconds
226.510: [Full GC226.510: [Tenured: 71039K->71039K(71040K), 0.0946780 secs] 102975K->77124K(102976K), [Perm : 8847K->8847K(21248K)], 0.0947240 secs] [Times: user=0.10 sys=0.00, real=0.09 secs] 
226.605: Total time for which application threads were stopped: 0.0948250 seconds, Stopping threads took: 0.0000230 seconds
226.630: Application time: 0.0253790 seconds
226.630: [Full GC226.630: [Tenured: 71039K->71039K(71040K), 0.0954550 secs] 102975K->76849K(102976K), [Perm : 8847K->8847K(21248K)], 0.0955040 secs] [Times: user=0.10 sys=0.00, real=0.09 secs] 
226.726: Total time for which application threads were stopped: 0.0955940 seconds, Stopping threads took: 0.0000130 seconds
226.751: Application time: 0.0256520 seconds
226.751: [Full GC226.751: [Tenured: 71039K->71039K(71040K), 0.0932820 secs] 102975K->74366K(102976K), [Perm : 8847K->8847K(21248K)], 0.0933280 secs] [Times: user=0.09 sys=0.00, real=0.09 secs] 
226.845: Total time for which application threads were stopped: 0.0934290 seconds, Stopping threads took: 0.0000130 seconds
226.874: Application time: 0.0291430 seconds
226.874: [Full GC226.874: [Tenured: 71039K->71039K(71040K), 0.0952670 secs] 102975K->75688K(102976K), [Perm : 8847K->8847K(21248K)], 0.0953240 secs] [Times: user=0.09 sys=0.00, real=0.10 secs] 
226.969: Total time for which application threads were stopped: 0.0954130 seconds, Stopping threads took: 0.0000130 seconds
226.998: Application time: 0.0283400 seconds
226.998: [Full GC226.998: [Tenured: 71039K->71040K(71040K), 0.0992170 secs] 102975K->79113K(102976K), [Perm : 8847K->8847K(21248K)], 0.0992620 secs] [Times: user=0.10 sys=0.00, real=0.10 secs] 
227.097: Total time for which application threads were stopped: 0.0993470 seconds, Stopping threads took: 0.0000130 seconds
227.126: Application time: 0.0289860 seconds
227.126: [Full GC227.126: [Tenured: 71040K->71039K(71040K), 0.0981680 secs] 102976K->75786K(102976K), [Perm : 8847K->8847K(21248K)], 0.0982140 secs] [Times: user=0.10 sys=0.00, real=0.10 secs] 
227.224: Total time for which application threads were stopped: 0.0983030 seconds, Stopping threads took: 0.0000130 seconds
227.254: Application time: 0.0301820 seconds
227.255: [Full GC227.255: [Tenured: 71039K->71039K(71040K), 0.0814550 secs] 102975K->79163K(102976K), [Perm : 8847K->8847K(21248K)], 0.0815010 secs] [Times: user=0.08 sys=0.00, real=0.08 secs] 
227.336: Total time for which application threads were stopped: 0.0816000 seconds, Stopping threads took: 0.0000130 seconds
227.363: Application time: 0.0273350 seconds
227.363: [Full GC227.363: [Tenured: 71040K->71039K(71040K), 0.0999520 secs] 102975K->77078K(102976K), [Perm : 8847K->8847K(21248K)], 0.1000000 secs] [Times: user=0.10 sys=0.00, real=0.10 secs] 
227.463: Total time for which application threads were stopped: 0.1000890 seconds, Stopping threads took: 0.0000140 seconds
227.492: Application time: 0.0285870 seconds
227.492: [Full GC227.492: [Tenured: 71040K->71040K(71040K), 0.0829970 secs] 102975K->78644K(102976K), [Perm : 8847K->8847K(21248K)], 0.0830440 secs] [Times: user=0.08 sys=0.00, real=0.08 secs] 
227.575: Total time for which application threads were stopped: 0.0831320 seconds, Stopping threads took: 0.0000140 seconds
227.604: Application time: 0.0287000 seconds
227.604: [Full GC227.604: [Tenured: 71040K->71039K(71040K), 0.1013740 secs] 102975K->76714K(102976K), [Perm : 8847K->8847K(21248K)], 0.1014200 secs] [Times: user=0.10 sys=0.00, real=0.10 secs] 
227.705: Total time for which application threads were stopped: 0.1015090 seconds, Stopping threads took: 0.0000140 seconds
227.734: Application time: 0.0290070 seconds
227.734: [Full GC227.735: [Tenured: 71039K->71039K(71040K), 0.0809910 secs] 102975K->76827K(102976K), [Perm : 8847K->8847K(21248K)], 0.0810380 secs] [Times: user=0.08 sys=0.00, real=0.08 secs] 
227.816: Total time for which application threads were stopped: 0.0811240 seconds, Stopping threads took: 0.0000130 seconds
227.845: Application time: 0.0289410 seconds
227.845: [Full GC227.845: [Tenured: 71039K->71039K(71040K), 0.0795830 secs] 102975K->77257K(102976K), [Perm : 8847K->8847K(21248K)], 0.0796290 secs] [Times: user=0.08 sys=0.00, real=0.08 secs] 
227.924: Total time for which application threads were stopped: 0.0797310 seconds, Stopping threads took: 0.0000140 seconds
227.950: Application time: 0.0259090 seconds
227.950: [Full GC227.950: [Tenured: 71039K->71039K(71040K), 0.0790730 secs] 102975K->78183K(102976K), [Perm : 8847K->8847K(21248K)], 0.0791170 secs] [Times: user=0.08 sys=0.00, real=0.08 secs] 
228.029: Total time for which application threads were stopped: 0.0792030 seconds, Stopping threads took: 0.0000130 seconds
228.056: Application time: 0.0270260 seconds
228.056: [Full GC228.056: [Tenured: 71039K->71039K(71040K), 0.0971660 secs] 102975K->73879K(102976K), [Perm : 8847K->8847K(21248K)], 0.0972150 secs] [Times: user=0.10 sys=0.00, real=0.10 secs] 
228.154: Total time for which application threads were stopped: 0.0973060 seconds, Stopping threads took: 0.0000140 seconds
228.183: Application time: 0.0290050 seconds
228.183: [Full GC228.183: [Tenured: 71039K->71039K(71040K), 0.0786200 secs] 102975K->75161K(102976K), [Perm : 8847K->8847K(21248K)], 0.0786670 secs] [Times: user=0.08 sys=0.00, real=0.08 secs] 
228.261: Total time for which application threads were stopped: 0.0787560 seconds, Stopping threads took: 0.0000140 seconds
228.289: Application time: 0.0271310 seconds
228.289: [Full GC228.289: [Tenured: 71039K->71039K(71040K), 0.0795020 secs] 102975K->76216K(102976K), [Perm : 8847K->8847K(21248K)], 0.0795460 secs] [Times: user=0.08 sys=0.00, real=0.08 secs] 
228.368: Total time for which application threads were stopped: 0.0796350 seconds, Stopping threads took: 0.0000140 seconds
228.393: Application time: 0.0243720 seconds
228.393: [Full GC228.393: [Tenured: 71039K->71039K(71040K), 0.0785350 secs] 102975K->76304K(102976K), [Perm : 8847K->8847K(21248K)], 0.0785810 secs] [Times: user=0.08 sys=0.00, real=0.08 secs] 
228.471: Total time for which application threads were stopped: 0.0786780 seconds, Stopping threads took: 0.0000130 seconds
228.494: Application time: 0.0230190 seconds
228.494: [Full GC228.494: [Tenured: 71039K->71040K(71040K), 0.0916880 secs] 102975K->75954K(102976K), [Perm : 8847K->8847K(21248K)], 0.0917350 secs] [Times: user=0.10 sys=0.00, real=0.09 secs] 
228.586: Total time for which application threads were stopped: 0.0918280 seconds, Stopping threads took: 0.0000140 seconds
228.612: Application time: 0.0256270 seconds
228.612: [Full GC228.612: [Tenured: 71040K->71040K(71040K), 0.0775090 secs] 102975K->76979K(102976K), [Perm : 8847K->8847K(21248K)], 0.0775550 secs] [Times: user=0.07 sys=0.00, real=0.08 secs] 
228.689: Total time for which application threads were stopped: 0.0776430 seconds, Stopping threads took: 0.0000140 seconds
228.713: Application time: 0.0233710 seconds
228.713: [Full GC228.713: [Tenured: 71040K->71040K(71040K), 0.0765520 secs] 102976K->76652K(102976K), [Perm : 8847K->8847K(21248K)], 0.0765950 secs] [Times: user=0.08 sys=0.00, real=0.08 secs] 
228.789: Total time for which application threads were stopped: 0.0766810 seconds, Stopping threads took: 0.0000140 seconds
228.815: Application time: 0.0259160 seconds
228.815: [Full GC228.815: [Tenured: 71040K->71040K(71040K), 0.0776560 secs] 102975K->76928K(102976K), [Perm : 8847K->8847K(21248K)], 0.0777000 secs] [Times: user=0.07 sys=0.00, real=0.08 secs] 
228.893: Total time for which application threads were stopped: 0.0777880 seconds, Stopping threads took: 0.0000150 seconds
228.918: Application time: 0.0248040 seconds
228.918: [Full GC228.918: [Tenured: 71040K->71039K(71040K), 0.0936390 secs] 102975K->76892K(102976K), [Perm : 8847K->8847K(21248K)], 0.0936840 secs] [Times: user=0.09 sys=0.00, real=0.10 secs] 
229.012: Total time for which application threads were stopped: 0.0937890 seconds, Stopping threads took: 0.0000150 seconds
229.037: Application time: 0.0253960 seconds
229.037: [Full GC229.037: [Tenured: 71039K->71039K(71040K), 0.0780430 secs] 102975K->78156K(102976K), [Perm : 8847K->8847K(21248K)], 0.0780850 secs] [Times: user=0.07 sys=0.00, real=0.08 secs] 
229.115: Total time for which application threads were stopped: 0.0781720 seconds, Stopping threads took: 0.0000140 seconds
229.141: Application time: 0.0256970 seconds
229.141: [Full GC229.141: [Tenured: 71039K->71039K(71040K), 0.0781930 secs] 102975K->77952K(102976K), [Perm : 8847K->8847K(21248K)], 0.0782360 secs] [Times: user=0.07 sys=0.00, real=0.08 secs] 
229.219: Total time for which application threads were stopped: 0.0783210 seconds, Stopping threads took: 0.0000130 seconds
229.245: Application time: 0.0261470 seconds
229.246: [Full GC229.246: [Tenured: 71039K->71039K(71040K), 0.0766390 secs] 102975K->77781K(102976K), [Perm : 8847K->8847K(21248K)], 0.0766860 secs] [Times: user=0.07 sys=0.00, real=0.08 secs] 
229.322: Total time for which application threads were stopped: 0.0767750 seconds, Stopping threads took: 0.0000140 seconds
229.347: Application time: 0.0248080 seconds
229.347: [Full GC229.347: [Tenured: 71039K->71039K(71040K), 0.0945610 secs] 102975K->77636K(102976K), [Perm : 8847K->8847K(21248K)], 0.0946070 secs] [Times: user=0.09 sys=0.00, real=0.09 secs] 
229.442: Total time for which application threads were stopped: 0.0947050 seconds, Stopping threads took: 0.0000140 seconds
229.468: Application time: 0.0258350 seconds
229.468: [Full GC229.468: [Tenured: 71039K->71039K(71040K), 0.0928560 secs] 102975K->79193K(102976K), [Perm : 8847K->8847K(21248K)], 0.0929020 secs] [Times: user=0.09 sys=0.00, real=0.09 secs] 
229.561: Total time for which application threads were stopped: 0.0930090 seconds, Stopping threads took: 0.0000140 seconds
229.587: Application time: 0.0263180 seconds
229.587: [Full GC229.587: [Tenured: 71039K->71039K(71040K), 0.0934890 secs] 102975K->74020K(102976K), [Perm : 8847K->8847K(21248K)], 0.0935350 secs] [Times: user=0.10 sys=0.00, real=0.09 secs] 
229.681: Total time for which application threads were stopped: 0.0936310 seconds, Stopping threads took: 0.0000150 seconds
229.708: Application time: 0.0275080 seconds
229.708: [Full GC229.708: [Tenured: 71039K->71039K(71040K), 0.0812930 secs] 102975K->79070K(102976K), [Perm : 8847K->8847K(21248K)], 0.0813400 secs] [Times: user=0.09 sys=0.00, real=0.08 secs] 
229.790: Total time for which application threads were stopped: 0.0814270 seconds, Stopping threads took: 0.0000140 seconds
229.815: Application time: 0.0259470 seconds
229.816: [Full GC229.816: [Tenured: 71039K->71039K(71040K), 0.0953710 secs] 102975K->73853K(102976K), [Perm : 8847K->8847K(21248K)], 0.0954250 secs] [Times: user=0.10 sys=0.00, real=0.10 secs] 
229.912: Total time for which application threads were stopped: 0.0969640 seconds, Stopping threads took: 0.0000130 seconds
229.940: Application time: 0.0277360 seconds
229.940: [Full GC229.940: [Tenured: 71039K->71040K(71040K), 0.0931360 secs] 102975K->76391K(102976K), [Perm : 8847K->8847K(21248K)], 0.0931840 secs] [Times: user=0.10 sys=0.00, real=0.09 secs] 
230.033: Total time for which application threads were stopped: 0.0932710 seconds, Stopping threads took: 0.0000140 seconds
230.059: Application time: 0.0253470 seconds
230.059: [Full GC230.059: [Tenured: 71040K->71040K(71040K), 0.0912090 secs] 102975K->80090K(102976K), [Perm : 8847K->8847K(21248K)], 0.0912540 secs] [Times: user=0.09 sys=0.00, real=0.10 secs] 
230.150: Total time for which application threads were stopped: 0.0913560 seconds, Stopping threads took: 0.0000140 seconds
230.176: Application time: 0.0254030 seconds
230.176: [Full GC230.176: [Tenured: 71040K->71040K(71040K), 0.0977910 secs] 102975K->77905K(102976K), [Perm : 8847K->8847K(21248K)], 0.0978380 secs] [Times: user=0.10 sys=0.00, real=0.10 secs] 
230.273: Total time for which application threads were stopped: 0.0979250 seconds, Stopping threads took: 0.0000130 seconds
230.301: Application time: 0.0270600 seconds
230.301: [Full GC230.301: [Tenured: 71040K->71015K(71040K), 0.0929100 secs] 102975K->71015K(102976K), [Perm : 8847K->8847K(21248K)], 0.0929560 secs] [Times: user=0.10 sys=0.00, real=0.09 secs] 
230.394: Total time for which application threads were stopped: 0.0930420 seconds, Stopping threads took: 0.0000140 seconds
230.408: Application time: 0.0144960 seconds
230.408: [GC230.408: [DefNew: 28416K->28416K(31936K), 0.0000090 secs]230.408: [Tenured: 71015K->71039K(71040K), 0.0932500 secs] 99431K->78187K(102976K), [Perm : 8847K->8847K(21248K)], 0.0933050 secs] [Times: user=0.10 sys=0.00, real=0.09 secs] 
230.502: Total time for which application threads were stopped: 0.0934530 seconds, Stopping threads took: 0.0000740 seconds
230.528: Application time: 0.0260490 seconds
230.528: [Full GC230.528: [Tenured: 71040K->71040K(71040K), 0.0936140 secs] 102975K->77892K(102976K), [Perm : 8847K->8847K(21248K)], 0.0936590 secs] [Times: user=0.09 sys=0.00, real=0.09 secs] 
230.621: Total time for which application threads were stopped: 0.0937430 seconds, Stopping threads took: 0.0000130 seconds
230.651: Application time: 0.0292270 seconds
230.651: [Full GC230.651: [Tenured: 71040K->71039K(71040K), 0.0982180 secs] 102975K->77223K(102976K), [Perm : 8847K->8847K(21248K)], 0.0982640 secs] [Times: user=0.10 sys=0.00, real=0.10 secs] 
230.749: Total time for which application threads were stopped: 0.0983750 seconds, Stopping threads took: 0.0000140 seconds
230.777: Application time: 0.0282090 seconds
230.777: [Full GC230.777: [Tenured: 71039K->71040K(71040K), 0.0981710 secs] 102975K->77219K(102976K), [Perm : 8847K->8847K(21248K)], 0.0982180 secs] [Times: user=0.10 sys=0.00, real=0.10 secs] 
230.875: Total time for which application threads were stopped: 0.0983050 seconds, Stopping threads took: 0.0000130 seconds
230.903: Application time: 0.0279110 seconds
230.903: [Full GC230.903: [Tenured: 71040K->71040K(71040K), 0.0815890 secs] 102975K->78472K(102976K), [Perm : 8847K->8847K(21248K)], 0.0816350 secs] [Times: user=0.08 sys=0.00, real=0.08 secs] 
230.985: Total time for which application threads were stopped: 0.0817230 seconds, Stopping threads took: 0.0000140 seconds
231.013: Application time: 0.0275020 seconds
231.013: [Full GC231.013: [Tenured: 71040K->71040K(71040K), 0.0823750 secs] 102975K->80979K(102976K), [Perm : 8847K->8847K(21248K)], 0.0824180 secs] [Times: user=0.08 sys=0.00, real=0.08 secs] 
231.095: Total time for which application threads were stopped: 0.0825060 seconds, Stopping threads took: 0.0000130 seconds
231.121: Application time: 0.0258380 seconds
231.121: [Full GC231.121: [Tenured: 71040K->71039K(71040K), 0.0995490 secs] 102975K->77585K(102976K), [Perm : 8847K->8847K(21248K)], 0.0995930 secs] [Times: user=0.10 sys=0.00, real=0.10 secs] 
231.221: Total time for which application threads were stopped: 0.0996830 seconds, Stopping threads took: 0.0000130 seconds
231.247: Application time: 0.0267850 seconds
231.247: [Full GC231.248: [Tenured: 71039K->71039K(71040K), 0.0950010 secs] 102975K->77267K(102976K), [Perm : 8847K->8847K(21248K)], 0.0950510 secs] [Times: user=0.09 sys=0.00, real=0.09 secs] 
231.343: Total time for which application threads were stopped: 0.0951580 seconds, Stopping threads took: 0.0000140 seconds
231.370: Application time: 0.0278910 seconds
231.371: [Full GC231.371: [Tenured: 71039K->71039K(71040K), 0.0821630 secs] 102974K->78808K(102976K), [Perm : 8847K->8847K(21248K)], 0.0822090 secs] [Times: user=0.08 sys=0.00, real=0.08 secs] 
231.453: Total time for which application threads were stopped: 0.0822970 seconds, Stopping threads took: 0.0000140 seconds
231.479: Application time: 0.0257400 seconds
231.479: [Full GC231.479: [Tenured: 71039K->71039K(71040K), 0.0974400 secs] 102975K->74226K(102976K), [Perm : 8847K->8847K(21248K)], 0.0974850 secs] [Times: user=0.09 sys=0.00, real=0.10 secs] 
231.576: Total time for which application threads were stopped: 0.0975730 seconds, Stopping threads took: 0.0000130 seconds
231.605: Application time: 0.0285720 seconds
231.605: [Full GC231.605: [Tenured: 71039K->71039K(71040K), 0.0804930 secs] 102974K->75774K(102976K), [Perm : 8847K->8847K(21248K)], 0.0805410 secs] [Times: user=0.08 sys=0.00, real=0.08 secs] 
231.685: Total time for which application threads were stopped: 0.0806290 seconds, Stopping threads took: 0.0000140 seconds
231.712: Application time: 0.0268220 seconds
231.712: [Full GC231.712: [Tenured: 71040K->71039K(71040K), 0.0941170 secs] 102975K->75926K(102976K), [Perm : 8847K->8847K(21248K)], 0.0941670 secs] [Times: user=0.10 sys=0.00, real=0.09 secs] 
231.806: Total time for which application threads were stopped: 0.0942560 seconds, Stopping threads took: 0.0000130 seconds
231.834: Application time: 0.0275760 seconds
231.834: [Full GC231.834: [Tenured: 71040K->71040K(71040K), 0.0770600 secs] 102976K->75929K(102976K), [Perm : 8847K->8847K(21248K)], 0.0771030 secs] [Times: user=0.08 sys=0.00, real=0.08 secs] 
231.911: Total time for which application threads were stopped: 0.0772040 seconds, Stopping threads took: 0.0000140 seconds
231.935: Application time: 0.0239740 seconds
231.935: [Full GC231.935: [Tenured: 71040K->71040K(71040K), 0.0773650 secs] 102975K->76585K(102976K), [Perm : 8847K->8847K(21248K)], 0.0774110 secs] [Times: user=0.08 sys=0.00, real=0.08 secs] 
232.013: Total time for which application threads were stopped: 0.0774980 seconds, Stopping threads took: 0.0000140 seconds
232.038: Application time: 0.0253740 seconds
232.038: [Full GC232.038: [Tenured: 71040K->71040K(71040K), 0.0770320 secs] 102976K->76924K(102976K), [Perm : 8847K->8847K(21248K)], 0.0770840 secs] [Times: user=0.07 sys=0.00, real=0.08 secs] 
232.115: Total time for which application threads were stopped: 0.0771730 seconds, Stopping threads took: 0.0000140 seconds
232.140: Application time: 0.0250840 seconds
232.140: [Full GC232.140: [Tenured: 71040K->71039K(71040K), 0.0929110 secs] 102975K->75790K(102976K), [Perm : 8847K->8847K(21248K)], 0.0929590 secs] [Times: user=0.09 sys=0.00, real=0.09 secs] 
232.233: Total time for which application threads were stopped: 0.0930520 seconds, Stopping threads took: 0.0000140 seconds
232.258: Application time: 0.0245550 seconds
232.258: [Full GC232.258: [Tenured: 71039K->71039K(71040K), 0.0773810 secs] 102975K->77631K(102976K), [Perm : 8847K->8847K(21248K)], 0.0774270 secs] [Times: user=0.08 sys=0.00, real=0.08 secs] 
232.335: Total time for which application threads were stopped: 0.0775140 seconds, Stopping threads took: 0.0000140 seconds
232.361: Application time: 0.0252590 seconds
232.361: [Full GC232.361: [Tenured: 71039K->71039K(71040K), 0.0780980 secs] 102975K->77468K(102976K), [Perm : 8847K->8847K(21248K)], 0.0781460 secs] [Times: user=0.08 sys=0.00, real=0.07 secs] 
232.439: Total time for which application threads were stopped: 0.0782470 seconds, Stopping threads took: 0.0000140 seconds
232.464: Application time: 0.0248670 seconds
232.464: [Full GC232.464: [Tenured: 71039K->71039K(71040K), 0.0785190 secs] 102975K->77251K(102976K), [Perm : 8847K->8847K(21248K)], 0.0785660 secs] [Times: user=0.07 sys=0.00, real=0.08 secs] 
232.542: Total time for which application threads were stopped: 0.0786530 seconds, Stopping threads took: 0.0000150 seconds
232.569: Application time: 0.0264110 seconds
232.569: [Full GC232.569: [Tenured: 71039K->71039K(71040K), 0.0925900 secs] 102975K->75941K(102976K), [Perm : 8847K->8847K(21248K)], 0.0926380 secs] [Times: user=0.09 sys=0.00, real=0.09 secs] 
232.662: Total time for which application threads were stopped: 0.0927310 seconds, Stopping threads took: 0.0000140 seconds
232.686: Application time: 0.0247380 seconds
232.686: [Full GC232.686: [Tenured: 71039K->71039K(71040K), 0.0766500 secs] 102975K->75966K(102976K), [Perm : 8847K->8847K(21248K)], 0.0766930 secs] [Times: user=0.07 sys=0.00, real=0.08 secs] 
232.763: Total time for which application threads were stopped: 0.0767810 seconds, Stopping threads took: 0.0000150 seconds
232.789: Application time: 0.0259180 seconds
232.789: [Full GC232.789: [Tenured: 71039K->71039K(71040K), 0.0778690 secs] 102975K->76651K(102976K), [Perm : 8847K->8847K(21248K)], 0.0779130 secs] [Times: user=0.08 sys=0.00, real=0.07 secs] 
232.867: Total time for which application threads were stopped: 0.0780120 seconds, Stopping threads took: 0.0000140 seconds
232.893: Application time: 0.0257720 seconds
232.893: [Full GC232.893: [Tenured: 71039K->71040K(71040K), 0.0911780 secs] 102975K->77721K(102976K), [Perm : 8847K->8847K(21248K)], 0.0912230 secs] [Times: user=0.09 sys=0.00, real=0.09 secs] 
232.984: Total time for which application threads were stopped: 0.0913220 seconds, Stopping threads took: 0.0000140 seconds
233.011: Application time: 0.0268000 seconds
233.011: [Full GC233.011: [Tenured: 71040K->71037K(71040K), 0.0930890 secs] 102975K->72170K(102976K), [Perm : 8847K->8847K(21248K)], 0.0931350 secs] [Times: user=0.09 sys=0.00, real=0.09 secs] 
233.104: Total time for which application threads were stopped: 0.0932210 seconds, Stopping threads took: 0.0000130 seconds
233.133: Application time: 0.0287300 seconds
233.133: [Full GC233.133: [Tenured: 71039K->71039K(71040K), 0.0789970 secs] 102975K->75075K(102976K), [Perm : 8847K->8847K(21248K)], 0.0790440 secs] [Times: user=0.08 sys=0.00, real=0.08 secs] 
233.212: Total time for which application threads were stopped: 0.0791300 seconds, Stopping threads took: 0.0000140 seconds
233.238: Application time: 0.0263500 seconds
233.238: [Full GC233.238: [Tenured: 71039K->71039K(71040K), 0.0821710 secs] 102975K->79577K(102976K), [Perm : 8847K->8847K(21248K)], 0.0822180 secs] [Times: user=0.08 sys=0.00, real=0.09 secs] 
233.321: Total time for which application threads were stopped: 0.0823050 seconds, Stopping threads took: 0.0000140 seconds
233.344: Application time: 0.0236770 seconds
233.344: [Full GC233.344: [Tenured: 71039K->71040K(71040K), 0.0941130 secs] 102975K->78029K(102976K), [Perm : 8847K->8847K(21248K)], 0.0941590 secs] [Times: user=0.09 sys=0.00, real=0.09 secs] 
233.439: Total time for which application threads were stopped: 0.0942450 seconds, Stopping threads took: 0.0000120 seconds
233.465: Application time: 0.0263790 seconds
233.465: [Full GC233.465: [Tenured: 71040K->71040K(71040K), 0.0943210 secs] 102975K->73160K(102976K), [Perm : 8847K->8847K(21248K)], 0.0943640 secs] [Times: user=0.09 sys=0.00, real=0.10 secs] 
233.559: Total time for which application threads were stopped: 0.0944670 seconds, Stopping threads took: 0.0000130 seconds
233.587: Application time: 0.0278010 seconds
233.587: [Full GC233.587: [Tenured: 71040K->71039K(71040K), 0.0928950 secs] 102976K->76217K(102976K), [Perm : 8847K->8847K(21248K)], 0.0929430 secs] [Times: user=0.09 sys=0.00, real=0.09 secs] 
233.680: Total time for which application threads were stopped: 0.0930430 seconds, Stopping threads took: 0.0000230 seconds
233.706: Application time: 0.0256840 seconds
233.706: [Full GC233.706: [Tenured: 71040K->71039K(71040K), 0.0845430 secs] 102976K->82747K(102976K), [Perm : 8847K->8847K(21248K)], 0.0845890 secs] [Times: user=0.09 sys=0.00, real=0.09 secs] 
233.791: Total time for which application threads were stopped: 0.0846780 seconds, Stopping threads took: 0.0000130 seconds
233.815: Application time: 0.0244740 seconds
233.815: [Full GC233.815: [Tenured: 71039K->71039K(71040K), 0.0936900 secs] 102975K->75015K(102976K), [Perm : 8847K->8847K(21248K)], 0.0937340 secs] [Times: user=0.09 sys=0.00, real=0.10 secs] 
233.909: Total time for which application threads were stopped: 0.0938210 seconds, Stopping threads took: 0.0000130 seconds
233.935: Application time: 0.0263140 seconds
233.935: [Full GC233.935: [Tenured: 71039K->71039K(71040K), 0.0981010 secs] 102975K->75479K(102976K), [Perm : 8847K->8847K(21248K)], 0.0981480 secs] [Times: user=0.10 sys=0.00, real=0.10 secs] 
234.033: Total time for which application threads were stopped: 0.0982360 seconds, Stopping threads took: 0.0000130 seconds
234.064: Application time: 0.0305710 seconds
234.064: [Full GC234.064: [Tenured: 71039K->71039K(71040K), 0.0820920 secs] 102975K->80054K(102976K), [Perm : 8847K->8847K(21248K)], 0.0821380 secs] [Times: user=0.08 sys=0.00, real=0.08 secs] 
234.146: Total time for which application threads were stopped: 0.0822370 seconds, Stopping threads took: 0.0000130 seconds
234.173: Application time: 0.0262190 seconds
234.173: [Full GC234.173: [Tenured: 71040K->71039K(71040K), 0.0940160 secs] 102976K->80389K(102976K), [Perm : 8847K->8847K(21248K)], 0.0940620 secs] [Times: user=0.10 sys=0.00, real=0.09 secs] 
234.267: Total time for which application threads were stopped: 0.0941460 seconds, Stopping threads took: 0.0000120 seconds
234.291: Application time: 0.0243260 seconds
234.291: [Full GC234.291: [Tenured: 71039K->71039K(71040K), 0.0987960 secs] 102975K->76615K(102976K), [Perm : 8847K->8847K(21248K)], 0.0988450 secs] [Times: user=0.10 sys=0.00, real=0.10 secs] 
234.390: Total time for which application threads were stopped: 0.0989340 seconds, Stopping threads took: 0.0000130 seconds
234.420: Application time: 0.0301240 seconds
234.420: [Full GC234.420: [Tenured: 71039K->71039K(71040K), 0.0959410 secs] 102975K->75662K(102976K), [Perm : 8847K->8847K(21248K)], 0.0959860 secs] [Times: user=0.10 sys=0.00, real=0.09 secs] 
234.516: Total time for which application threads were stopped: 0.0960730 seconds, Stopping threads took: 0.0000140 seconds
234.545: Application time: 0.0286620 seconds
234.545: [Full GC234.545: [Tenured: 71040K->71040K(71040K), 0.0823200 secs] 102975K->79586K(102976K), [Perm : 8847K->8847K(21248K)], 0.0823640 secs] [Times: user=0.08 sys=0.00, real=0.09 secs] 
234.627: Total time for which application threads were stopped: 0.0824590 seconds, Stopping threads took: 0.0000130 seconds
234.654: Application time: 0.0264230 seconds
234.654: [Full GC234.654: [Tenured: 71040K->71039K(71040K), 0.0945690 secs] 102975K->80598K(102976K), [Perm : 8847K->8847K(21248K)], 0.0946120 secs] [Times: user=0.09 sys=0.00, real=0.10 secs] 
234.748: Total time for which application threads were stopped: 0.0947090 seconds, Stopping threads took: 0.0000130 seconds
234.775: Application time: 0.0266030 seconds
234.775: [Full GC234.775: [Tenured: 71039K->71040K(71040K), 0.0973690 secs] 102975K->77451K(102976K), [Perm : 8847K->8847K(21248K)], 0.0974150 secs] [Times: user=0.10 sys=0.00, real=0.10 secs] 
234.873: Total time for which application threads were stopped: 0.0975130 seconds, Stopping threads took: 0.0000240 seconds
234.902: Application time: 0.0292780 seconds
234.902: [Full GC234.902: [Tenured: 71040K->71039K(71040K), 0.0961800 secs] 102975K->75209K(102976K), [Perm : 8847K->8847K(21248K)], 0.0962290 secs] [Times: user=0.09 sys=0.00, real=0.09 secs] 
234.998: Total time for which application threads were stopped: 0.0963150 seconds, Stopping threads took: 0.0000130 seconds
235.022: Application time: 0.0242910 seconds
235.022: [Full GC235.022: [Tenured: 71040K->71040K(71040K), 0.0790960 secs] 102975K->76234K(102976K), [Perm : 8847K->8847K(21248K)], 0.0791400 secs] [Times: user=0.08 sys=0.00, real=0.08 secs] 
235.102: Total time for which application threads were stopped: 0.0792270 seconds, Stopping threads took: 0.0000140 seconds
235.130: Application time: 0.0284000 seconds
235.130: [Full GC235.130: [Tenured: 71040K->71040K(71040K), 0.0783510 secs] 102975K->76174K(102976K), [Perm : 8847K->8847K(21248K)], 0.0783940 secs] [Times: user=0.08 sys=0.00, real=0.08 secs] 
235.209: Total time for which application threads were stopped: 0.0784790 seconds, Stopping threads took: 0.0000140 seconds
235.234: Application time: 0.0251680 seconds
235.234: [Full GC235.234: [Tenured: 71040K->71040K(71040K), 0.0781860 secs] 102976K->77052K(102976K), [Perm : 8847K->8847K(21248K)], 0.0782300 secs] [Times: user=0.08 sys=0.00, real=0.08 secs] 
235.312: Total time for which application threads were stopped: 0.0783300 seconds, Stopping threads took: 0.0000140 seconds
235.338: Application time: 0.0260840 seconds
235.338: [Full GC235.338: [Tenured: 71040K->71039K(71040K), 0.0952210 secs] 102976K->76372K(102976K), [Perm : 8847K->8847K(21248K)], 0.0952700 secs] [Times: user=0.10 sys=0.00, real=0.10 secs] 
235.433: Total time for which application threads were stopped: 0.0953710 seconds, Stopping threads took: 0.0000260 seconds
235.456: Application time: 0.0227270 seconds
235.456: [Full GC235.456: [Tenured: 71039K->71039K(71040K), 0.0794980 secs] 102975K->75992K(102976K), [Perm : 8847K->8847K(21248K)], 0.0795460 secs] [Times: user=0.08 sys=0.00, real=0.08 secs] 
235.536: Total time for which application threads were stopped: 0.0796350 seconds, Stopping threads took: 0.0000140 seconds
235.561: Application time: 0.0251970 seconds
235.561: [Full GC235.561: [Tenured: 71039K->71039K(71040K), 0.0806310 secs] 102975K->76525K(102976K), [Perm : 8847K->8847K(21248K)], 0.0806750 secs] [Times: user=0.08 sys=0.00, real=0.08 secs] 
235.642: Total time for which application threads were stopped: 0.0807620 seconds, Stopping threads took: 0.0000140 seconds
235.665: Application time: 0.0231040 seconds
235.665: [Full GC235.665: [Tenured: 71039K->71039K(71040K), 0.0772700 secs] 102975K->77733K(102976K), [Perm : 8847K->8847K(21248K)], 0.0773160 secs] [Times: user=0.07 sys=0.00, real=0.08 secs] 
235.742: Total time for which application threads were stopped: 0.0774150 seconds, Stopping threads took: 0.0000240 seconds
235.767: Application time: 0.0249730 seconds
235.767: [Full GC235.767: [Tenured: 71039K->71040K(71040K), 0.0930460 secs] 102975K->76060K(102976K), [Perm : 8847K->8847K(21248K)], 0.0930930 secs] [Times: user=0.09 sys=0.00, real=0.09 secs] 
235.860: Total time for which application threads were stopped: 0.0931960 seconds, Stopping threads took: 0.0000140 seconds
235.887: Application time: 0.0267570 seconds
235.887: [Full GC235.887: [Tenured: 71040K->71040K(71040K), 0.0778030 secs] 102975K->76113K(102976K), [Perm : 8847K->8847K(21248K)], 0.0778560 secs] [Times: user=0.07 sys=0.00, real=0.07 secs] 
235.965: Total time for which application threads were stopped: 0.0779430 seconds, Stopping threads took: 0.0000130 seconds
235.992: Application time: 0.0264460 seconds
235.992: [Full GC235.992: [Tenured: 71040K->71040K(71040K), 0.0771990 secs] 102976K->76096K(102976K), [Perm : 8847K->8847K(21248K)], 0.0772460 secs] [Times: user=0.07 sys=0.00, real=0.08 secs] 
236.069: Total time for which application threads were stopped: 0.0773330 seconds, Stopping threads took: 0.0000150 seconds
236.095: Application time: 0.0259450 seconds
236.095: [Full GC236.095: [Tenured: 71040K->71040K(71040K), 0.0785060 secs] 102975K->76122K(102976K), [Perm : 8847K->8847K(21248K)], 0.0785550 secs] [Times: user=0.08 sys=0.00, real=0.08 secs] 
236.174: Total time for which application threads were stopped: 0.0786400 seconds, Stopping threads took: 0.0000140 seconds
236.197: Application time: 0.0233610 seconds
236.197: [Full GC236.197: [Tenured: 71040K->71039K(71040K), 0.0948050 secs] 102976K->77692K(102976K), [Perm : 8847K->8847K(21248K)], 0.0948500 secs] [Times: user=0.10 sys=0.00, real=0.10 secs] 
236.292: Total time for which application threads were stopped: 0.0949410 seconds, Stopping threads took: 0.0000150 seconds
236.319: Application time: 0.0267970 seconds
236.319: [Full GC236.319: [Tenured: 71039K->71039K(71040K), 0.0926530 secs] 102975K->77299K(102976K), [Perm : 8847K->8847K(21248K)], 0.0926980 secs] [Times: user=0.09 sys=0.00, real=0.10 secs] 
236.411: Total time for which application threads were stopped: 0.0928000 seconds, Stopping threads took: 0.0000140 seconds
236.435: Application time: 0.0239240 seconds
236.435: [Full GC236.435: [Tenured: 71040K->71039K(71040K), 0.0938230 secs] 102976K->79927K(102976K), [Perm : 8847K->8847K(21248K)], 0.0938710 secs] [Times: user=0.10 sys=0.00, real=0.10 secs] 
236.529: Total time for which application threads were stopped: 0.0939590 seconds, Stopping threads took: 0.0000150 seconds
236.555: Application time: 0.0258140 seconds
236.555: [Full GC236.555: [Tenured: 71039K->71039K(71040K), 0.0943120 secs] 102975K->75654K(102976K), [Perm : 8847K->8847K(21248K)], 0.0943610 secs] [Times: user=0.10 sys=0.00, real=0.10 secs] 
236.650: Total time for which application threads were stopped: 0.0944530 seconds, Stopping threads took: 0.0000130 seconds
236.676: Application time: 0.0264840 seconds
236.676: [Full GC236.676: [Tenured: 71039K->71039K(71040K), 0.0964590 secs] 102975K->77956K(102976K), [Perm : 8847K->8847K(21248K)], 0.0965050 secs] [Times: user=0.10 sys=0.00, real=0.10 secs] 
236.773: Total time for which application threads were stopped: 0.0965960 seconds, Stopping threads took: 0.0000150 seconds
236.797: Application time: 0.0238700 seconds
236.797: [Full GC236.797: [Tenured: 71039K->71039K(71040K), 0.0926210 secs] 102975K->77525K(102976K), [Perm : 8847K->8847K(21248K)], 0.0926700 secs] [Times: user=0.09 sys=0.00, real=0.10 secs] 
236.889: Total time for which application threads were stopped: 0.0927590 seconds, Stopping threads took: 0.0000140 seconds
236.912: Application time: 0.0224220 seconds
236.912: [Full GC236.912: [Tenured: 71039K->71039K(71040K), 0.0895480 secs] 102975K->78613K(102976K), [Perm : 8847K->8847K(21248K)], 0.0895950 secs] [Times: user=0.09 sys=0.00, real=0.09 secs] 
237.001: Total time for which application threads were stopped: 0.0896950 seconds, Stopping threads took: 0.0000140 seconds
237.026: Application time: 0.0246130 seconds
237.026: [Full GC237.026: [Tenured: 71039K->71039K(71040K), 0.0974070 secs] 102975K->83834K(102976K), [Perm : 8847K->8847K(21248K)], 0.0974510 secs] [Times: user=0.09 sys=0.00, real=0.10 secs] 
237.124: Total time for which application threads were stopped: 0.0975390 seconds, Stopping threads took: 0.0000140 seconds
237.148: Application time: 0.0240720 seconds
237.148: [Full GC237.148: [Tenured: 71039K->71039K(71040K), 0.0936930 secs] 102975K->72207K(102976K), [Perm : 8847K->8847K(21248K)], 0.0937500 secs] [Times: user=0.10 sys=0.00, real=0.09 secs] 
237.242: Total time for which application threads were stopped: 0.0938380 seconds, Stopping threads took: 0.0000140 seconds
237.269: Application time: 0.0275270 seconds
237.269: [Full GC237.269: [Tenured: 71040K->71040K(71040K), 0.0819890 secs] 102976K->80434K(102976K), [Perm : 8847K->8847K(21248K)], 0.0820330 secs] [Times: user=0.08 sys=0.00, real=0.08 secs] 
237.351: Total time for which application threads were stopped: 0.0821200 seconds, Stopping threads took: 0.0000130 seconds
237.375: Application time: 0.0234530 seconds
237.375: [Full GC237.375: [Tenured: 71040K->71039K(71040K), 0.0987500 secs] 102976K->81182K(102976K), [Perm : 8847K->8847K(21248K)], 0.0987950 secs] [Times: user=0.10 sys=0.00, real=0.10 secs] 
237.474: Total time for which application threads were stopped: 0.0988820 seconds, Stopping threads took: 0.0000140 seconds
237.500: Application time: 0.0265910 seconds
237.500: [Full GC237.500: [Tenured: 71040K->71039K(71040K), 0.1000530 secs] 102975K->76630K(102976K), [Perm : 8847K->8847K(21248K)], 0.1001000 secs] [Times: user=0.10 sys=0.00, real=0.10 secs] 
237.600: Total time for which application threads were stopped: 0.1002030 seconds, Stopping threads took: 0.0000140 seconds
237.628: Application time: 0.0280230 seconds
237.628: [Full GC237.628: [Tenured: 71039K->71039K(71040K), 0.0995080 secs] 102974K->76452K(102976K), [Perm : 8847K->8847K(21248K)], 0.0995530 secs] [Times: user=0.10 sys=0.00, real=0.10 secs] 
237.728: Total time for which application threads were stopped: 0.0996390 seconds, Stopping threads took: 0.0000130 seconds
237.758: Application time: 0.0299060 seconds
237.758: [Full GC237.758: [Tenured: 71039K->71039K(71040K), 0.0813920 secs] 102975K->77791K(102976K), [Perm : 8847K->8847K(21248K)], 0.0814370 secs] [Times: user=0.08 sys=0.00, real=0.09 secs] 
237.839: Total time for which application threads were stopped: 0.0815240 seconds, Stopping threads took: 0.0000140 seconds
237.867: Application time: 0.0272040 seconds
237.867: [Full GC237.867: [Tenured: 71039K->71040K(71040K), 0.0953420 secs] 102975K->80021K(102976K), [Perm : 8847K->8847K(21248K)], 0.0953900 secs] [Times: user=0.09 sys=0.00, real=0.10 secs] 
237.962: Total time for which application threads were stopped: 0.0954770 seconds, Stopping threads took: 0.0000140 seconds
237.987: Application time: 0.0248940 seconds
237.987: [Full GC237.987: [Tenured: 71040K->71039K(71040K), 0.0969130 secs] 102975K->79795K(102976K), [Perm : 8847K->8847K(21248K)], 0.0969580 secs] [Times: user=0.10 sys=0.00, real=0.09 secs] 
238.084: Total time for which application threads were stopped: 0.0970490 seconds, Stopping threads took: 0.0000170 seconds
238.112: Application time: 0.0277070 seconds
238.112: [Full GC238.112: [Tenured: 71039K->71039K(71040K), 0.0993530 secs] 102975K->77091K(102976K), [Perm : 8847K->8847K(21248K)], 0.0993980 secs] [Times: user=0.10 sys=0.00, real=0.10 secs] 
238.211: Total time for which application threads were stopped: 0.0994990 seconds, Stopping threads took: 0.0000130 seconds
238.240: Application time: 0.0285500 seconds
238.240: [Full GC238.240: [Tenured: 71039K->71039K(71040K), 0.0970580 secs] 102975K->75946K(102976K), [Perm : 8847K->8847K(21248K)], 0.0971060 secs] [Times: user=0.10 sys=0.00, real=0.09 secs] 
238.337: Total time for which application threads were stopped: 0.0971950 seconds, Stopping threads took: 0.0000130 seconds
238.366: Application time: 0.0287090 seconds
238.366: [Full GC238.366: [Tenured: 71040K->71039K(71040K), 0.0814340 secs] 102976K->79753K(102976K), [Perm : 8847K->8847K(21248K)], 0.0814790 secs] [Times: user=0.09 sys=0.00, real=0.09 secs] 
238.447: Total time for which application threads were stopped: 0.0815680 seconds, Stopping threads took: 0.0000140 seconds
238.475: Application time: 0.0273590 seconds
238.475: [Full GC238.475: [Tenured: 71039K->71039K(71040K), 0.0813570 secs] 102975K->79485K(102976K), [Perm : 8847K->8847K(21248K)], 0.0814100 secs] [Times: user=0.08 sys=0.00, real=0.08 secs] 
238.556: Total time for which application threads were stopped: 0.0814970 seconds, Stopping threads took: 0.0000130 seconds
238.583: Application time: 0.0271690 seconds
238.583: [Full GC238.583: [Tenured: 71039K->71039K(71040K), 0.0962790 secs] 102975K->75943K(102976K), [Perm : 8847K->8847K(21248K)], 0.0963230 secs] [Times: user=0.10 sys=0.00, real=0.10 secs] 
238.680: Total time for which application threads were stopped: 0.0964140 seconds, Stopping threads took: 0.0000140 seconds
238.708: Application time: 0.0287400 seconds
238.709: [Full GC238.709: [Tenured: 71039K->71039K(71040K), 0.0777090 secs] 102975K->76035K(102976K), [Perm : 8847K->8847K(21248K)], 0.0777530 secs] [Times: user=0.08 sys=0.00, real=0.07 secs] 
238.786: Total time for which application threads were stopped: 0.0778540 seconds, Stopping threads took: 0.0000140 seconds
238.814: Application time: 0.0274290 seconds
238.814: [Full GC238.814: [Tenured: 71039K->71039K(71040K), 0.0777620 secs] 102975K->77137K(102976K), [Perm : 8847K->8847K(21248K)], 0.0778070 secs] [Times: user=0.08 sys=0.00, real=0.08 secs] 
238.892: Total time for which application threads were stopped: 0.0778940 seconds, Stopping threads took: 0.0000140 seconds
238.918: Application time: 0.0264300 seconds
238.918: [Full GC238.918: [Tenured: 71039K->71039K(71040K), 0.0785870 secs] 102975K->76830K(102976K), [Perm : 8847K->8847K(21248K)], 0.0786310 secs] [Times: user=0.08 sys=0.00, real=0.08 secs] 
238.997: Total time for which application threads were stopped: 0.0787190 seconds, Stopping threads took: 0.0000140 seconds
239.022: Application time: 0.0255930 seconds
239.022: [Full GC239.022: [Tenured: 71039K->71039K(71040K), 0.0938550 secs] 102975K->75488K(102976K), [Perm : 8847K->8847K(21248K)], 0.0939000 secs] [Times: user=0.09 sys=0.00, real=0.09 secs] 
239.116: Total time for which application threads were stopped: 0.0939880 seconds, Stopping threads took: 0.0000140 seconds
239.142: Application time: 0.0252870 seconds
239.142: [Full GC239.142: [Tenured: 71039K->71039K(71040K), 0.0779130 secs] 102975K->75419K(102976K), [Perm : 8847K->8847K(21248K)], 0.0779570 secs] [Times: user=0.07 sys=0.00, real=0.08 secs] 
239.220: Total time for which application threads were stopped: 0.0780520 seconds, Stopping threads took: 0.0000230 seconds
239.244: Application time: 0.0238580 seconds
239.244: [Full GC239.244: [Tenured: 71039K->71039K(71040K), 0.0786400 secs] 102975K->76879K(102976K), [Perm : 8847K->8847K(21248K)], 0.0786850 secs] [Times: user=0.08 sys=0.00, real=0.08 secs] 
239.322: Total time for which application threads were stopped: 0.0787880 seconds, Stopping threads took: 0.0000150 seconds
239.346: Application time: 0.0241260 seconds
239.347: [Full GC239.347: [Tenured: 71039K->71039K(71040K), 0.0771940 secs] 102975K->76104K(102976K), [Perm : 8847K->8847K(21248K)], 0.0772370 secs] [Times: user=0.08 sys=0.00, real=0.08 secs] 
239.424: Total time for which application threads were stopped: 0.0773250 seconds, Stopping threads took: 0.0000140 seconds
239.449: Application time: 0.0256520 seconds
239.450: [Full GC239.450: [Tenured: 71039K->71039K(71040K), 0.0924680 secs] 102975K->75903K(102976K), [Perm : 8847K->8847K(21248K)], 0.0925180 secs] [Times: user=0.09 sys=0.00, real=0.09 secs] 
239.542: Total time for which application threads were stopped: 0.0926090 seconds, Stopping threads took: 0.0000140 seconds
239.569: Application time: 0.0266110 seconds
239.569: [Full GC239.569: [Tenured: 71040K->71040K(71040K), 0.0772380 secs] 102975K->75978K(102976K), [Perm : 8847K->8847K(21248K)], 0.0772820 secs] [Times: user=0.08 sys=0.00, real=0.07 secs] 
239.646: Total time for which application threads were stopped: 0.0773680 seconds, Stopping threads took: 0.0000150 seconds
239.669: Application time: 0.0228300 seconds
239.669: [Full GC239.669: [Tenured: 71040K->71040K(71040K), 0.0769460 secs] 102976K->75931K(102976K), [Perm : 8847K->8847K(21248K)], 0.0769890 secs] [Times: user=0.07 sys=0.00, real=0.07 secs] 
239.746: Total time for which application threads were stopped: 0.0770830 seconds, Stopping threads took: 0.0000140 seconds
239.766: Application time: 0.0204360 seconds
239.766: [Full GC239.767: [Tenured: 71040K->71040K(71040K), 0.0803340 secs] 102976K->79005K(102976K), [Perm : 8847K->8847K(21248K)], 0.0803790 secs] [Times: user=0.08 sys=0.00, real=0.08 secs] 
239.847: Total time for which application threads were stopped: 0.0804790 seconds, Stopping threads took: 0.0000140 seconds
239.872: Application time: 0.0249300 seconds
239.872: [Full GC239.872: [Tenured: 71040K->71040K(71040K), 0.0959810 secs] 102975K->73957K(102976K), [Perm : 8847K->8847K(21248K)], 0.0960300 secs] [Times: user=0.10 sys=0.00, real=0.10 secs] 
239.968: Total time for which application threads were stopped: 0.0961220 seconds, Stopping threads took: 0.0000140 seconds
239.993: Application time: 0.0253380 seconds
239.993: [Full GC239.993: [Tenured: 71040K->71040K(71040K), 0.0805190 secs] 102976K->76769K(102976K), [Perm : 8847K->8847K(21248K)], 0.0805740 secs] [Times: user=0.08 sys=0.00, real=0.08 secs] 
240.074: Total time for which application threads were stopped: 0.0806690 seconds, Stopping threads took: 0.0000130 seconds
240.096: Application time: 0.0221870 seconds
240.096: [Full GC240.096: [Tenured: 71040K->71039K(71040K), 0.0937150 secs] 102975K->78464K(102976K), [Perm : 8847K->8847K(21248K)], 0.0937610 secs] [Times: user=0.09 sys=0.00, real=0.10 secs] 
240.190: Total time for which application threads were stopped: 0.0938490 seconds, Stopping threads took: 0.0000140 seconds
240.216: Application time: 0.0261380 seconds
240.216: [Full GC240.216: [Tenured: 71040K->71039K(71040K), 0.0931020 secs] 102976K->75613K(102976K), [Perm : 8847K->8847K(21248K)], 0.0931470 secs] [Times: user=0.09 sys=0.00, real=0.10 secs] 
240.309: Total time for which application threads were stopped: 0.0932360 seconds, Stopping threads took: 0.0000140 seconds
240.336: Application time: 0.0268070 seconds
240.336: [Full GC240.336: [Tenured: 71039K->71039K(71040K), 0.0936030 secs] 102975K->74550K(102976K), [Perm : 8847K->8847K(21248K)], 0.0936490 secs] [Times: user=0.09 sys=0.00, real=0.10 secs] 
240.430: Total time for which application threads were stopped: 0.0937500 seconds, Stopping threads took: 0.0000140 seconds
240.456: Application time: 0.0259450 seconds
240.456: [Full GC240.456: [Tenured: 71039K->71039K(71040K), 0.0796740 secs] 102975K->77960K(102976K), [Perm : 8847K->8847K(21248K)], 0.0797170 secs] [Times: user=0.08 sys=0.00, real=0.08 secs] 
240.536: Total time for which application threads were stopped: 0.0798040 seconds, Stopping threads took: 0.0000130 seconds
240.563: Application time: 0.0268750 seconds
240.563: [Full GC240.563: [Tenured: 71039K->71039K(71040K), 0.0933270 secs] 102975K->77181K(102976K), [Perm : 8847K->8847K(21248K)], 0.0933710 secs] [Times: user=0.09 sys=0.00, real=0.09 secs] 
240.656: Total time for which application threads were stopped: 0.0934570 seconds, Stopping threads took: 0.0000140 seconds
240.682: Application time: 0.0256150 seconds
240.682: [Full GC240.682: [Tenured: 71039K->71039K(71040K), 0.0937190 secs] 102975K->81270K(102976K), [Perm : 8847K->8847K(21248K)], 0.0937620 secs] [Times: user=0.09 sys=0.00, real=0.09 secs] 
240.775: Total time for which application threads were stopped: 0.0938510 seconds, Stopping threads took: 0.0000150 seconds
240.798: Application time: 0.0222010 seconds
240.798: [Full GC240.798: [Tenured: 71039K->71039K(71040K), 0.0985540 secs] 102975K->75157K(102976K), [Perm : 8847K->8847K(21248K)], 0.0985990 secs] [Times: user=0.10 sys=0.00, real=0.10 secs] 
240.896: Total time for which application threads were stopped: 0.0986840 seconds, Stopping threads took: 0.0000140 seconds
240.923: Application time: 0.0268960 seconds
240.923: [Full GC240.923: [Tenured: 71040K->71039K(71040K), 0.0953740 secs] 102976K->74812K(102976K), [Perm : 8847K->8847K(21248K)], 0.0954190 secs] [Times: user=0.10 sys=0.00, real=0.09 secs] 
241.019: Total time for which application threads were stopped: 0.0955190 seconds, Stopping threads took: 0.0000130 seconds
241.050: Application time: 0.0308710 seconds
241.050: [Full GC241.050: [Tenured: 71040K->71039K(71040K), 0.0964130 secs] 102976K->78606K(102976K), [Perm : 8847K->8847K(21248K)], 0.0964670 secs] [Times: user=0.10 sys=0.00, real=0.09 secs] 
241.146: Total time for which application threads were stopped: 0.0965540 seconds, Stopping threads took: 0.0000130 seconds
241.175: Application time: 0.0286310 seconds
241.175: [Full GC241.175: [Tenured: 71040K->71040K(71040K), 0.0972500 secs] 102975K->80943K(102976K), [Perm : 8847K->8847K(21248K)], 0.0972920 secs] [Times: user=0.10 sys=0.00, real=0.10 secs] 
241.272: Total time for which application threads were stopped: 0.0973760 seconds, Stopping threads took: 0.0000120 seconds
241.300: Application time: 0.0278100 seconds
241.300: [Full GC241.300: [Tenured: 71040K->71039K(71040K), 0.0971470 secs] 102976K->76515K(102976K), [Perm : 8847K->8847K(21248K)], 0.0971950 secs] [Times: user=0.09 sys=0.00, real=0.09 secs] 
241.397: Total time for which application threads were stopped: 0.0972850 seconds, Stopping threads took: 0.0000140 seconds
241.427: Application time: 0.0297890 seconds
241.427: [Full GC241.427: [Tenured: 71039K->71039K(71040K), 0.0935400 secs] 102975K->79272K(102976K), [Perm : 8847K->8847K(21248K)], 0.0935880 secs] [Times: user=0.09 sys=0.00, real=0.09 secs] 
241.521: Total time for which application threads were stopped: 0.0937000 seconds, Stopping threads took: 0.0000230 seconds
241.549: Application time: 0.0277510 seconds
241.549: [Full GC241.549: [Tenured: 71039K->71039K(71040K), 0.0827650 secs] 102975K->79794K(102976K), [Perm : 8847K->8847K(21248K)], 0.0828140 secs] [Times: user=0.09 sys=0.00, real=0.08 secs] 
241.631: Total time for which application threads were stopped: 0.0829030 seconds, Stopping threads took: 0.0000140 seconds
241.656: Application time: 0.0247410 seconds
241.656: [Full GC241.656: [Tenured: 71039K->71039K(71040K), 0.0986140 secs] 102975K->82258K(102976K), [Perm : 8847K->8847K(21248K)], 0.0986600 secs] [Times: user=0.10 sys=0.00, real=0.10 secs] 
241.755: Total time for which application threads were stopped: 0.0987460 seconds, Stopping threads took: 0.0000130 seconds
241.780: Application time: 0.0248150 seconds
241.780: [Full GC241.780: [Tenured: 71039K->71039K(71040K), 0.0975880 secs] 102975K->74915K(102976K), [Perm : 8847K->8847K(21248K)], 0.0976330 secs] [Times: user=0.09 sys=0.00, real=0.09 secs] 
241.878: Total time for which application threads were stopped: 0.0977220 seconds, Stopping threads took: 0.0000140 seconds
241.906: Application time: 0.0282020 seconds
241.906: [Full GC241.906: [Tenured: 71040K->71039K(71040K), 0.0826640 secs] 102975K->79478K(102976K), [Perm : 8847K->8847K(21248K)], 0.0827100 secs] [Times: user=0.08 sys=0.00, real=0.09 secs] 
241.989: Total time for which application threads were stopped: 0.0827980 seconds, Stopping threads took: 0.0000140 seconds
242.016: Application time: 0.0275190 seconds
242.016: [Full GC242.016: [Tenured: 71039K->71039K(71040K), 0.0823100 secs] 102975K->79232K(102976K), [Perm : 8847K->8847K(21248K)], 0.0823560 secs] [Times: user=0.08 sys=0.00, real=0.08 secs] 
242.098: Total time for which application threads were stopped: 0.0824570 seconds, Stopping threads took: 0.0000130 seconds
242.126: Application time: 0.0278630 seconds
242.126: [Full GC242.126: [Tenured: 71039K->71039K(71040K), 0.0811550 secs] 102975K->79287K(102976K), [Perm : 8847K->8847K(21248K)], 0.0812020 secs] [Times: user=0.08 sys=0.00, real=0.09 secs] 
242.208: Total time for which application threads were stopped: 0.0812920 seconds, Stopping threads took: 0.0000140 seconds
242.235: Application time: 0.0272140 seconds
242.235: [Full GC242.235: [Tenured: 71039K->71039K(71040K), 0.0963190 secs] 102975K->75885K(102976K), [Perm : 8847K->8847K(21248K)], 0.0963640 secs] [Times: user=0.09 sys=0.00, real=0.10 secs] 
242.331: Total time for which application threads were stopped: 0.0964520 seconds, Stopping threads took: 0.0000140 seconds
242.359: Application time: 0.0277310 seconds
242.359: [Full GC242.359: [Tenured: 71039K->71039K(71040K), 0.0772770 secs] 102975K->75628K(102976K), [Perm : 8847K->8847K(21248K)], 0.0773310 secs] [Times: user=0.08 sys=0.00, real=0.07 secs] 
242.436: Total time for which application threads were stopped: 0.0774290 seconds, Stopping threads took: 0.0000230 seconds
242.464: Application time: 0.0270400 seconds
242.464: [Full GC242.464: [Tenured: 71039K->71039K(71040K), 0.0781130 secs] 102975K->76286K(102976K), [Perm : 8847K->8847K(21248K)], 0.0781580 secs] [Times: user=0.07 sys=0.00, real=0.08 secs] 
242.542: Total time for which application threads were stopped: 0.0782450 seconds, Stopping threads took: 0.0000140 seconds
242.565: Application time: 0.0235500 seconds
242.565: [Full GC242.565: [Tenured: 71039K->71039K(71040K), 0.0783150 secs] 102975K->77656K(102976K), [Perm : 8847K->8847K(21248K)], 0.0783590 secs] [Times: user=0.08 sys=0.00, real=0.08 secs] 
242.644: Total time for which application threads were stopped: 0.0784570 seconds, Stopping threads took: 0.0000140 seconds
242.669: Application time: 0.0252440 seconds
242.669: [Full GC242.669: [Tenured: 71039K->71039K(71040K), 0.0940420 secs] 102975K->75701K(102976K), [Perm : 8847K->8847K(21248K)], 0.0940860 secs] [Times: user=0.09 sys=0.00, real=0.09 secs] 
242.763: Total time for which application threads were stopped: 0.0941740 seconds, Stopping threads took: 0.0000150 seconds
242.789: Application time: 0.0256170 seconds
242.789: [Full GC242.789: [Tenured: 71040K->71040K(71040K), 0.0786540 secs] 102976K->75592K(102976K), [Perm : 8847K->8847K(21248K)], 0.0787000 secs] [Times: user=0.08 sys=0.00, real=0.08 secs] 
242.868: Total time for which application threads were stopped: 0.0787870 seconds, Stopping threads took: 0.0000150 seconds
242.894: Application time: 0.0263100 seconds
242.894: [Full GC242.894: [Tenured: 71040K->71040K(71040K), 0.0776630 secs] 102975K->76085K(102976K), [Perm : 8847K->8847K(21248K)], 0.0777060 secs] [Times: user=0.08 sys=0.00, real=0.08 secs] 
242.972: Total time for which application threads were stopped: 0.0777940 seconds, Stopping threads took: 0.0000140 seconds
242.998: Application time: 0.0262220 seconds
242.998: [Full GC242.998: [Tenured: 71040K->71040K(71040K), 0.0789190 secs] 102975K->76115K(102976K), [Perm : 8847K->8847K(21248K)], 0.0789650 secs] [Times: user=0.08 sys=0.00, real=0.08 secs] 
243.077: Total time for which application threads were stopped: 0.0790530 seconds, Stopping threads took: 0.0000150 seconds
243.101: Application time: 0.0241380 seconds
243.101: [Full GC243.101: [Tenured: 71040K->71039K(71040K), 0.0951110 secs] 102975K->77383K(102976K), [Perm : 8847K->8847K(21248K)], 0.0951560 secs] [Times: user=0.09 sys=0.00, real=0.09 secs] 
243.196: Total time for which application threads were stopped: 0.0952620 seconds, Stopping threads took: 0.0000130 seconds
243.222: Application time: 0.0254530 seconds
243.222: [Full GC243.222: [Tenured: 71039K->71039K(71040K), 0.0920440 secs] 102975K->77043K(102976K), [Perm : 8847K->8847K(21248K)], 0.0920930 secs] [Times: user=0.09 sys=0.00, real=0.09 secs] 
243.314: Total time for which application threads were stopped: 0.0921830 seconds, Stopping threads took: 0.0000140 seconds
243.341: Application time: 0.0266480 seconds
243.341: [Full GC243.341: [Tenured: 71039K->71039K(71040K), 0.0770700 secs] 102975K->78217K(102976K), [Perm : 8847K->8847K(21248K)], 0.0771160 secs] [Times: user=0.07 sys=0.00, real=0.07 secs] 
243.418: Total time for which application threads were stopped: 0.0772060 seconds, Stopping threads took: 0.0000140 seconds
243.443: Application time: 0.0248950 seconds
243.443: [Full GC243.443: [Tenured: 71039K->71039K(71040K), 0.0779050 secs] 102975K->78948K(102976K), [Perm : 8847K->8847K(21248K)], 0.0779510 secs] [Times: user=0.08 sys=0.00, real=0.08 secs] 
243.521: Total time for which application threads were stopped: 0.0780410 seconds, Stopping threads took: 0.0000150 seconds
243.546: Application time: 0.0249270 seconds
243.546: [Full GC243.546: [Tenured: 71039K->71039K(71040K), 0.0944620 secs] 102975K->76107K(102976K), [Perm : 8847K->8847K(21248K)], 0.0945060 secs] [Times: user=0.09 sys=0.00, real=0.10 secs] 
243.640: Total time for which application threads were stopped: 0.0946040 seconds, Stopping threads took: 0.0000120 seconds
243.666: Application time: 0.0259760 seconds
243.666: [Full GC243.666: [Tenured: 71039K->71040K(71040K), 0.0909530 secs] 102975K->76990K(102976K), [Perm : 8847K->8847K(21248K)], 0.0910000 secs] [Times: user=0.09 sys=0.00, real=0.09 secs] 
243.757: Total time for which application threads were stopped: 0.0911140 seconds, Stopping threads took: 0.0000240 seconds
243.783: Application time: 0.0257810 seconds
243.783: [Full GC243.783: [Tenured: 71040K->71040K(71040K), 0.0802480 secs] 102975K->80404K(102976K), [Perm : 8847K->8847K(21248K)], 0.0802940 secs] [Times: user=0.08 sys=0.00, real=0.08 secs] 
243.864: Total time for which application threads were stopped: 0.0803820 seconds, Stopping threads took: 0.0000140 seconds
243.888: Application time: 0.0245890 seconds
243.888: [Full GC243.888: [Tenured: 71040K->71040K(71040K), 0.0965580 secs] 102976K->75397K(102976K), [Perm : 8847K->8847K(21248K)], 0.0966030 secs] [Times: user=0.10 sys=0.00, real=0.09 secs] 
243.985: Total time for which application threads were stopped: 0.0966950 seconds, Stopping threads took: 0.0000160 seconds
244.011: Application time: 0.0262160 seconds
244.011: [Full GC244.011: [Tenured: 71040K->71039K(71040K), 0.0961170 secs] 102976K->75602K(102976K), [Perm : 8847K->8847K(21248K)], 0.0961610 secs] [Times: user=0.10 sys=0.00, real=0.10 secs] 
244.107: Total time for which application threads were stopped: 0.0962470 seconds, Stopping threads took: 0.0000120 seconds
244.135: Application time: 0.0274160 seconds
244.135: [Full GC244.135: [Tenured: 71040K->71039K(71040K), 0.0926400 secs] 102975K->77178K(102976K), [Perm : 8847K->8847K(21248K)], 0.0926850 secs] [Times: user=0.09 sys=0.00, real=0.10 secs] 
244.228: Total time for which application threads were stopped: 0.0927740 seconds, Stopping threads took: 0.0000130 seconds
244.250: Application time: 0.0224050 seconds
244.250: [Full GC244.250: [Tenured: 71039K->71039K(71040K), 0.0897100 secs] 102975K->79402K(102976K), [Perm : 8847K->8847K(21248K)], 0.0897560 secs] [Times: user=0.09 sys=0.00, real=0.09 secs] 
244.340: Total time for which application threads were stopped: 0.0898570 seconds, Stopping threads took: 0.0000150 seconds
244.362: Application time: 0.0218250 seconds
244.362: [Full GC244.362: [Tenured: 71039K->71039K(71040K), 0.0983830 secs] 102975K->85888K(102976K), [Perm : 8847K->8847K(21248K)], 0.0984290 secs] [Times: user=0.10 sys=0.00, real=0.10 secs] 
244.460: Total time for which application threads were stopped: 0.0985170 seconds, Stopping threads took: 0.0000140 seconds
244.482: Application time: 0.0222030 seconds
244.482: [Full GC244.482: [Tenured: 71040K->68967K(71040K), 0.0899180 secs] 102975K->68967K(102976K), [Perm : 8847K->8847K(21248K)], 0.0899640 secs] [Times: user=0.09 sys=0.00, real=0.09 secs] 
244.572: Total time for which application threads were stopped: 0.0900500 seconds, Stopping threads took: 0.0000120 seconds
244.587: Application time: 0.0141360 seconds
244.587: [GC244.587: [DefNew: 28416K->28416K(31936K), 0.0000100 secs]244.587: [Tenured: 68967K->71039K(71040K), 0.0792640 secs] 97383K->76274K(102976K), [Perm : 8847K->8847K(21248K)], 0.0793240 secs] [Times: user=0.07 sys=0.00, real=0.08 secs] 
244.666: Total time for which application threads were stopped: 0.0794460 seconds, Stopping threads took: 0.0000470 seconds
244.695: Application time: 0.0291340 seconds
244.695: [Full GC244.695: [Tenured: 71040K->71040K(71040K), 0.0861120 secs] 102976K->79328K(102976K), [Perm : 8847K->8847K(21248K)], 0.0861550 secs] [Times: user=0.08 sys=0.00, real=0.09 secs] 
244.781: Total time for which application threads were stopped: 0.0862420 seconds, Stopping threads took: 0.0000130 seconds
244.810: Application time: 0.0281130 seconds
244.810: [Full GC244.810: [Tenured: 71040K->71040K(71040K), 0.0987390 secs] 102975K->77064K(102976K), [Perm : 8847K->8847K(21248K)], 0.0987850 secs] [Times: user=0.10 sys=0.00, real=0.10 secs] 
244.908: Total time for which application threads were stopped: 0.0989020 seconds, Stopping threads took: 0.0000220 seconds
244.937: Application time: 0.0281590 seconds
244.937: [Full GC244.937: [Tenured: 71040K->71039K(71040K), 0.0984080 secs] 102976K->76382K(102976K), [Perm : 8847K->8847K(21248K)], 0.0984520 secs] [Times: user=0.10 sys=0.00, real=0.10 secs] 
245.035: Total time for which application threads were stopped: 0.0985420 seconds, Stopping threads took: 0.0000140 seconds
245.064: Application time: 0.0291050 seconds
245.064: [Full GC245.064: [Tenured: 71040K->71040K(71040K), 0.0823180 secs] 102975K->77852K(102976K), [Perm : 8847K->8847K(21248K)], 0.0823740 secs] [Times: user=0.08 sys=0.00, real=0.08 secs] 
245.147: Total time for which application threads were stopped: 0.0824700 seconds, Stopping threads took: 0.0000150 seconds
245.174: Application time: 0.0274310 seconds
245.174: [Full GC245.174: [Tenured: 71040K->71039K(71040K), 0.0825110 secs] 102975K->81539K(102976K), [Perm : 8847K->8847K(21248K)], 0.0825550 secs] [Times: user=0.09 sys=0.00, real=0.08 secs] 
245.257: Total time for which application threads were stopped: 0.0826380 seconds, Stopping threads took: 0.0000120 seconds
245.282: Application time: 0.0254300 seconds
245.282: [Full GC245.282: [Tenured: 71039K->71040K(71040K), 0.0974920 secs] 102975K->76445K(102976K), [Perm : 8847K->8847K(21248K)], 0.0975350 secs] [Times: user=0.09 sys=0.00, real=0.10 secs] 
245.380: Total time for which application threads were stopped: 0.0976230 seconds, Stopping threads took: 0.0000140 seconds
245.407: Application time: 0.0275910 seconds
245.407: [Full GC245.408: [Tenured: 71040K->71039K(71040K), 0.0955880 secs] 102976K->76019K(102976K), [Perm : 8847K->8847K(21248K)], 0.0956350 secs] [Times: user=0.10 sys=0.00, real=0.09 secs] 
245.503: Total time for which application threads were stopped: 0.0957370 seconds, Stopping threads took: 0.0000130 seconds
245.534: Application time: 0.0310370 seconds
245.534: [Full GC245.534: [Tenured: 71039K->71039K(71040K), 0.0801410 secs] 102975K->78261K(102976K), [Perm : 8847K->8847K(21248K)], 0.0801870 secs] [Times: user=0.08 sys=0.00, real=0.08 secs] 
245.614: Total time for which application threads were stopped: 0.0802750 seconds, Stopping threads took: 0.0000130 seconds
245.643: Application time: 0.0282960 seconds
245.643: [Full GC245.643: [Tenured: 71039K->71039K(71040K), 0.0769620 secs] 102975K->78205K(102976K), [Perm : 8847K->8847K(21248K)], 0.0770060 secs] [Times: user=0.08 sys=0.00, real=0.08 secs] 
245.720: Total time for which application threads were stopped: 0.0770930 seconds, Stopping threads took: 0.0000150 seconds
245.747: Application time: 0.0269010 seconds
245.747: [Full GC245.747: [Tenured: 71039K->71039K(71040K), 0.0789130 secs] 102975K->79699K(102976K), [Perm : 8847K->8847K(21248K)], 0.0789600 secs] [Times: user=0.07 sys=0.00, real=0.08 secs] 
245.826: Total time for which application threads were stopped: 0.0790490 seconds, Stopping threads took: 0.0000140 seconds
245.852: Application time: 0.0264670 seconds
245.852: [Full GC245.852: [Tenured: 71039K->71039K(71040K), 0.0943330 secs] 102975K->75909K(102976K), [Perm : 8847K->8847K(21248K)], 0.0943800 secs] [Times: user=0.09 sys=0.00, real=0.09 secs] 
245.947: Total time for which application threads were stopped: 0.0944690 seconds, Stopping threads took: 0.0000140 seconds
245.975: Application time: 0.0281600 seconds
245.975: [Full GC245.975: [Tenured: 71039K->71039K(71040K), 0.0784130 secs] 102975K->76015K(102976K), [Perm : 8847K->8847K(21248K)], 0.0784620 secs] [Times: user=0.08 sys=0.00, real=0.08 secs] 
246.053: Total time for which application threads were stopped: 0.0785640 seconds, Stopping threads took: 0.0000140 seconds
246.079: Application time: 0.0256130 seconds
246.079: [Full GC246.079: [Tenured: 71039K->71039K(71040K), 0.0808490 secs] 102975K->77697K(102976K), [Perm : 8847K->8847K(21248K)], 0.0808880 secs] [Times: user=0.08 sys=0.00, real=0.08 secs] 
246.160: Total time for which application threads were stopped: 0.0809740 seconds, Stopping threads took: 0.0000140 seconds
246.185: Application time: 0.0248390 seconds
246.185: [Full GC246.185: [Tenured: 71039K->71039K(71040K), 0.0765450 secs] 102975K->77718K(102976K), [Perm : 8847K->8847K(21248K)], 0.0765950 secs] [Times: user=0.08 sys=0.00, real=0.08 secs] 
246.262: Total time for which application threads were stopped: 0.0766820 seconds, Stopping threads took: 0.0000130 seconds
246.287: Application time: 0.0249910 seconds
246.287: [Full GC246.287: [Tenured: 71039K->71039K(71040K), 0.0927150 secs] 102975K->75937K(102976K), [Perm : 8847K->8847K(21248K)], 0.0927580 secs] [Times: user=0.10 sys=0.00, real=0.10 secs] 
246.379: Total time for which application threads were stopped: 0.0928470 seconds, Stopping threads took: 0.0000140 seconds
246.405: Application time: 0.0258750 seconds
246.405: [Full GC246.405: [Tenured: 71040K->71040K(71040K), 0.0772790 secs] 102976K->75940K(102976K), [Perm : 8847K->8847K(21248K)], 0.0773240 secs] [Times: user=0.08 sys=0.00, real=0.08 secs] 
246.483: Total time for which application threads were stopped: 0.0774120 seconds, Stopping threads took: 0.0000140 seconds
246.508: Application time: 0.0255890 seconds
246.508: [Full GC246.508: [Tenured: 71040K->71040K(71040K), 0.0781410 secs] 102975K->76565K(102976K), [Perm : 8847K->8847K(21248K)], 0.0781850 secs] [Times: user=0.08 sys=0.00, real=0.07 secs] 
246.587: Total time for which application threads were stopped: 0.0782860 seconds, Stopping threads took: 0.0000140 seconds
246.612: Application time: 0.0256380 seconds
246.612: [Full GC246.612: [Tenured: 71040K->71039K(71040K), 0.0920900 secs] 102976K->76915K(102976K), [Perm : 8847K->8847K(21248K)], 0.0921360 secs] [Times: user=0.09 sys=0.00, real=0.09 secs] 
246.704: Total time for which application threads were stopped: 0.0922270 seconds, Stopping threads took: 0.0000140 seconds
246.731: Application time: 0.0265500 seconds
246.731: [Full GC246.731: [Tenured: 71039K->71039K(71040K), 0.0938910 secs] 102975K->74634K(102976K), [Perm : 8847K->8847K(21248K)], 0.0939360 secs] [Times: user=0.10 sys=0.00, real=0.09 secs] 
246.825: Total time for which application threads were stopped: 0.0940270 seconds, Stopping threads took: 0.0000150 seconds
246.853: Application time: 0.0279980 seconds
246.853: [Full GC246.853: [Tenured: 71039K->71039K(71040K), 0.0810360 secs] 102975K->75651K(102976K), [Perm : 8847K->8847K(21248K)], 0.0810840 secs] [Times: user=0.08 sys=0.00, real=0.08 secs] 
246.934: Total time for which application threads were stopped: 0.0811740 seconds, Stopping threads took: 0.0000140 seconds
246.961: Application time: 0.0268910 seconds
246.961: [Full GC246.961: [Tenured: 71039K->71039K(71040K), 0.0805490 secs] 102975K->76003K(102976K), [Perm : 8847K->8847K(21248K)], 0.0805940 secs] [Times: user=0.08 sys=0.00, real=0.08 secs] 
247.042: Total time for which application threads were stopped: 0.0806820 seconds, Stopping threads took: 0.0000140 seconds
247.068: Application time: 0.0265600 seconds
247.068: [Full GC247.068: [Tenured: 71039K->71039K(71040K), 0.0800120 secs] 102975K->76010K(102976K), [Perm : 8847K->8847K(21248K)], 0.0800550 secs] [Times: user=0.08 sys=0.00, real=0.08 secs] 
247.149: Total time for which application threads were stopped: 0.0801540 seconds, Stopping threads took: 0.0000140 seconds
247.171: Application time: 0.0224030 seconds
247.171: [Full GC247.171: [Tenured: 71039K->71039K(71040K), 0.0940700 secs] 102975K->77534K(102976K), [Perm : 8847K->8847K(21248K)], 0.0941150 secs] [Times: user=0.10 sys=0.00, real=0.09 secs] 
247.265: Total time for which application threads were stopped: 0.0942010 seconds, Stopping threads took: 0.0000120 seconds
247.289: Application time: 0.0243220 seconds
247.290: [Full GC247.290: [Tenured: 71039K->71039K(71040K), 0.0934040 secs] 102975K->78649K(102976K), [Perm : 8847K->8847K(21248K)], 0.0934500 secs] [Times: user=0.09 sys=0.00, real=0.09 secs] 
247.383: Total time for which application threads were stopped: 0.0935390 seconds, Stopping threads took: 0.0000130 seconds
247.409: Application time: 0.0257230 seconds
247.409: [Full GC247.409: [Tenured: 71039K->71039K(71040K), 0.0936840 secs] 102975K->75386K(102976K), [Perm : 8847K->8847K(21248K)], 0.0937410 secs] [Times: user=0.09 sys=0.00, real=0.09 secs] 
247.503: Total time for which application threads were stopped: 0.0938330 seconds, Stopping threads took: 0.0000150 seconds
247.529: Application time: 0.0267830 seconds
247.529: [Full GC247.529: [Tenured: 71039K->71039K(71040K), 0.0808060 secs] 102975K->78496K(102976K), [Perm : 8847K->8847K(21248K)], 0.0808550 secs] [Times: user=0.09 sys=0.00, real=0.08 secs] 
247.610: Total time for which application threads were stopped: 0.0809570 seconds, Stopping threads took: 0.0000240 seconds
247.634: Application time: 0.0237150 seconds
247.634: [Full GC247.634: [Tenured: 71039K->71039K(71040K), 0.1007250 secs] 102975K->78301K(102976K), [Perm : 8847K->8847K(21248K)], 0.1007730 secs] [Times: user=0.10 sys=0.00, real=0.10 secs] 
247.735: Total time for which application threads were stopped: 0.1008760 seconds, Stopping threads took: 0.0000140 seconds
247.761: Application time: 0.0259090 seconds
247.761: [Full GC247.761: [Tenured: 71039K->71039K(71040K), 0.0965840 secs] 102975K->75845K(102976K), [Perm : 8847K->8847K(21248K)], 0.0966310 secs] [Times: user=0.10 sys=0.00, real=0.09 secs] 
247.858: Total time for which application threads were stopped: 0.0967210 seconds, Stopping threads took: 0.0000150 seconds
247.884: Application time: 0.0261000 seconds
247.884: [Full GC247.884: [Tenured: 71039K->71039K(71040K), 0.0861720 secs] 102975K->84643K(102976K), [Perm : 8848K->8848K(21248K)], 0.0862180 secs] [Times: user=0.09 sys=0.00, real=0.09 secs] 
247.970: Total time for which application threads were stopped: 0.0863050 seconds, Stopping threads took: 0.0000130 seconds
247.993: Application time: 0.0231340 seconds
247.993: [Full GC247.993: [Tenured: 71039K->71039K(71040K), 0.0924960 secs] 102975K->74141K(102976K), [Perm : 8848K->8848K(21248K)], 0.0925430 secs] [Times: user=0.09 sys=0.00, real=0.09 secs] 
248.086: Total time for which application threads were stopped: 0.0926300 seconds, Stopping threads took: 0.0000130 seconds
248.117: Application time: 0.0310100 seconds
248.117: [Full GC248.117: [Tenured: 71040K->71039K(71040K), 0.0977120 secs] 102976K->74273K(102976K), [Perm : 8848K->8848K(21248K)], 0.0977580 secs] [Times: user=0.10 sys=0.00, real=0.10 secs] 
248.215: Total time for which application threads were stopped: 0.0978460 seconds, Stopping threads took: 0.0000130 seconds
248.245: Application time: 0.0306260 seconds
248.245: [Full GC248.245: [Tenured: 71039K->71039K(71040K), 0.0834050 secs] 102975K->79996K(102976K), [Perm : 8848K->8848K(21248K)], 0.0834500 secs] [Times: user=0.08 sys=0.00, real=0.09 secs] 
248.329: Total time for which application threads were stopped: 0.0835490 seconds, Stopping threads took: 0.0000130 seconds
248.356: Application time: 0.0272550 seconds
248.356: [Full GC248.356: [Tenured: 71039K->71039K(71040K), 0.0973860 secs] 102975K->76361K(102976K), [Perm : 8848K->8848K(21248K)], 0.0974360 secs] [Times: user=0.10 sys=0.00, real=0.10 secs] 
248.454: Total time for which application threads were stopped: 0.0975260 seconds, Stopping threads took: 0.0000140 seconds
248.482: Application time: 0.0280610 seconds
248.482: [Full GC248.482: [Tenured: 71039K->71039K(71040K), 0.0818210 secs] 102975K->79609K(102976K), [Perm : 8848K->8848K(21248K)], 0.0818650 secs] [Times: user=0.08 sys=0.00, real=0.08 secs] 
248.564: Total time for which application threads were stopped: 0.0819530 seconds, Stopping threads took: 0.0000140 seconds
248.590: Application time: 0.0261310 seconds
248.590: [Full GC248.590: [Tenured: 71039K->71039K(71040K), 0.1005000 secs] 102975K->79242K(102976K), [Perm : 8848K->8848K(21248K)], 0.1005470 secs] [Times: user=0.10 sys=0.00, real=0.10 secs] 
248.690: Total time for which application threads were stopped: 0.1006360 seconds, Stopping threads took: 0.0000140 seconds
248.717: Application time: 0.0264110 seconds
248.717: [Full GC248.717: [Tenured: 71039K->71039K(71040K), 0.0988580 secs] 102975K->74796K(102976K), [Perm : 8848K->8848K(21248K)], 0.0989040 secs] [Times: user=0.10 sys=0.00, real=0.10 secs] 
248.816: Total time for which application threads were stopped: 0.0990020 seconds, Stopping threads took: 0.0000140 seconds
248.845: Application time: 0.0294880 seconds
248.845: [Full GC248.845: [Tenured: 71039K->71040K(71040K), 0.0834150 secs] 102975K->78347K(102976K), [Perm : 8848K->8848K(21248K)], 0.0834590 secs] [Times: user=0.08 sys=0.00, real=0.09 secs] 
248.929: Total time for which application threads were stopped: 0.0835670 seconds, Stopping threads took: 0.0000140 seconds
248.959: Application time: 0.0298780 seconds
248.959: [Full GC248.959: [Tenured: 71040K->71040K(71040K), 0.0966030 secs] 102976K->79136K(102976K), [Perm : 8848K->8848K(21248K)], 0.0966490 secs] [Times: user=0.09 sys=0.00, real=0.10 secs] 
249.055: Total time for which application threads were stopped: 0.0967350 seconds, Stopping threads took: 0.0000140 seconds
249.085: Application time: 0.0294120 seconds
249.085: [Full GC249.085: [Tenured: 71040K->71039K(71040K), 0.0964650 secs] 102976K->76148K(102976K), [Perm : 8848K->8848K(21248K)], 0.0965100 secs] [Times: user=0.09 sys=0.00, real=0.10 secs] 
249.181: Total time for which application threads were stopped: 0.0965990 seconds, Stopping threads took: 0.0000140 seconds
249.210: Application time: 0.0283000 seconds
249.210: [Full GC249.210: [Tenured: 71039K->71039K(71040K), 0.0790010 secs] 102975K->76927K(102976K), [Perm : 8848K->8848K(21248K)], 0.0790440 secs] [Times: user=0.07 sys=0.00, real=0.08 secs] 
249.289: Total time for which application threads were stopped: 0.0791310 seconds, Stopping threads took: 0.0000140 seconds
249.317: Application time: 0.0277790 seconds
249.317: [Full GC249.317: [Tenured: 71039K->71039K(71040K), 0.0789200 secs] 102975K->76846K(102976K), [Perm : 8848K->8848K(21248K)], 0.0789620 secs] [Times: user=0.08 sys=0.00, real=0.08 secs] 
249.396: Total time for which application threads were stopped: 0.0790480 seconds, Stopping threads took: 0.0000140 seconds
249.423: Application time: 0.0269550 seconds
249.423: [Full GC249.423: [Tenured: 71039K->71039K(71040K), 0.0783970 secs] 102975K->78165K(102976K), [Perm : 8848K->8848K(21248K)], 0.0784420 secs] [Times: user=0.08 sys=0.00, real=0.08 secs] 
249.501: Total time for which application threads were stopped: 0.0785420 seconds, Stopping threads took: 0.0000150 seconds
249.527: Application time: 0.0261440 seconds
249.527: [Full GC249.527: [Tenured: 71039K->71039K(71040K), 0.0943400 secs] 102975K->75604K(102976K), [Perm : 8848K->8848K(21248K)], 0.0943860 secs] [Times: user=0.10 sys=0.00, real=0.09 secs] 
249.622: Total time for which application threads were stopped: 0.0944740 seconds, Stopping threads took: 0.0000140 seconds
249.648: Application time: 0.0259910 seconds
249.648: [Full GC249.648: [Tenured: 71039K->71039K(71040K), 0.0784280 secs] 102975K->75720K(102976K), [Perm : 8848K->8848K(21248K)], 0.0784730 secs] [Times: user=0.07 sys=0.00, real=0.07 secs] 
249.726: Total time for which application threads were stopped: 0.0785580 seconds, Stopping threads took: 0.0000140 seconds
249.752: Application time: 0.0260520 seconds
249.752: [Full GC249.752: [Tenured: 71039K->71039K(71040K), 0.0778460 secs] 102975K->76109K(102976K), [Perm : 8848K->8848K(21248K)], 0.0778910 secs] [Times: user=0.08 sys=0.00, real=0.08 secs] 
249.830: Total time for which application threads were stopped: 0.0779790 seconds, Stopping threads took: 0.0000140 seconds
249.856: Application time: 0.0258110 seconds
249.856: [Full GC249.856: [Tenured: 71039K->71039K(71040K), 0.0790200 secs] 102975K->76183K(102976K), [Perm : 8848K->8848K(21248K)], 0.0790630 secs] [Times: user=0.08 sys=0.00, real=0.08 secs] 
249.935: Total time for which application threads were stopped: 0.0791610 seconds, Stopping threads took: 0.0000250 seconds
249.961: Application time: 0.0257640 seconds
249.961: [Full GC249.961: [Tenured: 71039K->71039K(71040K), 0.0929080 secs] 102975K->76003K(102976K), [Perm : 8848K->8848K(21248K)], 0.0929570 secs] [Times: user=0.09 sys=0.00, real=0.09 secs] 
250.054: Total time for which application threads were stopped: 0.0930630 seconds, Stopping threads took: 0.0000150 seconds
250.080: Application time: 0.0257570 seconds
250.080: [Full GC250.080: [Tenured: 71039K->71039K(71040K), 0.0809950 secs] 102975K->78945K(102976K), [Perm : 8848K->8848K(21248K)], 0.0810540 secs] [Times: user=0.08 sys=0.00, real=0.08 secs] 
250.163: Total time for which application threads were stopped: 0.0826090 seconds, Stopping threads took: 0.0000130 seconds
250.186: Application time: 0.0231400 seconds
250.186: [Full GC250.186: [Tenured: 71039K->71039K(71040K), 0.0930870 secs] 102975K->77541K(102976K), [Perm : 8848K->8848K(21248K)], 0.0931340 secs] [Times: user=0.09 sys=0.00, real=0.09 secs] 
250.279: Total time for which application threads were stopped: 0.0932240 seconds, Stopping threads took: 0.0000150 seconds
250.302: Application time: 0.0233780 seconds
250.302: [Full GC250.302: [Tenured: 71040K->71040K(71040K), 0.0784550 secs] 102975K->78587K(102976K), [Perm : 8848K->8848K(21248K)], 0.0785010 secs] [Times: user=0.08 sys=0.00, real=0.08 secs] 
250.381: Total time for which application threads were stopped: 0.0785890 seconds, Stopping threads took: 0.0000140 seconds
250.404: Application time: 0.0236310 seconds
250.405: [Full GC250.405: [Tenured: 71040K->71039K(71040K), 0.0973540 secs] 102976K->75863K(102976K), [Perm : 8848K->8848K(21248K)], 0.0974000 secs] [Times: user=0.09 sys=0.00, real=0.10 secs] 
250.502: Total time for which application threads were stopped: 0.0974890 seconds, Stopping threads took: 0.0000140 seconds
250.529: Application time: 0.0268750 seconds
250.529: [Full GC250.529: [Tenured: 71039K->71039K(71040K), 0.0797360 secs] 102975K->75982K(102976K), [Perm : 8848K->8848K(21248K)], 0.0797820 secs] [Times: user=0.08 sys=0.00, real=0.08 secs] 
250.609: Total time for which application threads were stopped: 0.0798840 seconds, Stopping threads took: 0.0000140 seconds
250.634: Application time: 0.0251910 seconds
250.634: [Full GC250.634: [Tenured: 71039K->71039K(71040K), 0.0789980 secs] 102975K->75994K(102976K), [Perm : 8848K->8848K(21248K)], 0.0790430 secs] [Times: user=0.08 sys=0.00, real=0.08 secs] 
250.713: Total time for which application threads were stopped: 0.0791270 seconds, Stopping threads took: 0.0000140 seconds
250.739: Application time: 0.0258340 seconds
250.739: [Full GC250.739: [Tenured: 71039K->71039K(71040K), 0.0811610 secs] 102975K->79915K(102976K), [Perm : 8848K->8848K(21248K)], 0.0812070 secs] [Times: user=0.08 sys=0.00, real=0.09 secs] 
250.820: Total time for which application threads were stopped: 0.0812940 seconds, Stopping threads took: 0.0000140 seconds
250.842: Application time: 0.0222650 seconds
250.843: [Full GC250.843: [Tenured: 71039K->71040K(71040K), 0.0967600 secs] 102975K->75620K(102976K), [Perm : 8848K->8848K(21248K)], 0.0968050 secs] [Times: user=0.10 sys=0.00, real=0.10 secs] 
250.939: Total time for which application threads were stopped: 0.0968980 seconds, Stopping threads took: 0.0000140 seconds
250.966: Application time: 0.0268490 seconds
250.966: [Full GC250.966: [Tenured: 71040K->71039K(71040K), 0.0921370 secs] 102975K->76425K(102976K), [Perm : 8848K->8848K(21248K)], 0.0921830 secs] [Times: user=0.09 sys=0.00, real=0.09 secs] 
251.058: Total time for which application threads were stopped: 0.0922720 seconds, Stopping threads took: 0.0000130 seconds
251.083: Application time: 0.0242650 seconds
251.083: [Full GC251.083: [Tenured: 71040K->71039K(71040K), 0.0835300 secs] 102975K->80263K(102976K), [Perm : 8848K->8848K(21248K)], 0.0835760 secs] [Times: user=0.09 sys=0.00, real=0.08 secs] 
251.166: Total time for which application threads were stopped: 0.0836740 seconds, Stopping threads took: 0.0000130 seconds
251.191: Application time: 0.0242080 seconds
251.191: [Full GC251.191: [Tenured: 71040K->71039K(71040K), 0.0954700 secs] 102976K->77160K(102976K), [Perm : 8848K->8848K(21248K)], 0.0955170 secs] [Times: user=0.09 sys=0.00, real=0.09 secs] 
251.286: Total time for which application threads were stopped: 0.0956050 seconds, Stopping threads took: 0.0000140 seconds
251.313: Application time: 0.0268610 seconds
251.313: [Full GC251.313: [Tenured: 71039K->71040K(71040K), 0.0943120 secs] 102975K->75350K(102976K), [Perm : 8848K->8848K(21248K)], 0.0943670 secs] [Times: user=0.10 sys=0.00, real=0.10 secs] 
251.408: Total time for which application threads were stopped: 0.0944560 seconds, Stopping threads took: 0.0000140 seconds
251.435: Application time: 0.0271960 seconds
251.435: [Full GC251.435: [Tenured: 71040K->71040K(71040K), 0.0849080 secs] 102975K->82212K(102976K), [Perm : 8848K->8848K(21248K)], 0.0849540 secs] [Times: user=0.09 sys=0.00, real=0.09 secs] 
251.520: Total time for which application threads were stopped: 0.0850420 seconds, Stopping threads took: 0.0000140 seconds
251.544: Application time: 0.0244640 seconds
251.544: [Full GC251.544: [Tenured: 71040K->71039K(71040K), 0.0959710 secs] 102976K->77950K(102976K), [Perm : 8848K->8848K(21248K)], 0.0960160 secs] [Times: user=0.10 sys=0.00, real=0.10 secs] 
251.640: Total time for which application threads were stopped: 0.0961030 seconds, Stopping threads took: 0.0000130 seconds
251.665: Application time: 0.0251090 seconds
251.666: [Full GC251.666: [Tenured: 71039K->71039K(71040K), 0.0969890 secs] 102975K->73998K(102976K), [Perm : 8848K->8848K(21248K)], 0.0970390 secs] [Times: user=0.10 sys=0.00, real=0.10 secs] 
251.763: Total time for which application threads were stopped: 0.0971400 seconds, Stopping threads took: 0.0000130 seconds
251.789: Application time: 0.0268370 seconds
251.790: [Full GC251.790: [Tenured: 71039K->71039K(71040K), 0.0989570 secs] 102975K->77236K(102976K), [Perm : 8848K->8848K(21248K)], 0.0990030 secs] [Times: user=0.10 sys=0.00, real=0.10 secs] 
251.889: Total time for which application threads were stopped: 0.0990900 seconds, Stopping threads took: 0.0000130 seconds
251.919: Application time: 0.0299790 seconds
251.919: [Full GC251.919: [Tenured: 71039K->71039K(71040K), 0.0811780 secs] 102975K->79012K(102976K), [Perm : 8848K->8848K(21248K)], 0.0812230 secs] [Times: user=0.09 sys=0.00, real=0.09 secs] 
252.000: Total time for which application threads were stopped: 0.0813090 seconds, Stopping threads took: 0.0000130 seconds
252.026: Application time: 0.0257160 seconds
252.026: [Full GC252.026: [Tenured: 71040K->71039K(71040K), 0.0957180 secs] 102976K->82462K(102976K), [Perm : 8848K->8848K(21248K)], 0.0957640 secs] [Times: user=0.10 sys=0.00, real=0.10 secs] 
252.121: Total time for which application threads were stopped: 0.0958510 seconds, Stopping threads took: 0.0000130 seconds
252.147: Application time: 0.0255930 seconds
252.147: [Full GC252.147: [Tenured: 71039K->71039K(71040K), 0.0970530 secs] 102975K->76088K(102976K), [Perm : 8848K->8848K(21248K)], 0.0970970 secs] [Times: user=0.10 sys=0.00, real=0.09 secs] 
252.244: Total time for which application threads were stopped: 0.0971840 seconds, Stopping threads took: 0.0000140 seconds
252.273: Application time: 0.0286200 seconds
252.273: [Full GC252.273: [Tenured: 71039K->71039K(71040K), 0.0962630 secs] 102975K->76548K(102976K), [Perm : 8848K->8848K(21248K)], 0.0963100 secs] [Times: user=0.10 sys=0.00, real=0.10 secs] 
252.369: Total time for which application threads were stopped: 0.0964110 seconds, Stopping threads took: 0.0000140 seconds
252.399: Application time: 0.0292770 seconds
252.399: [Full GC252.399: [Tenured: 71040K->71039K(71040K), 0.0962930 secs] 102975K->74915K(102976K), [Perm : 8848K->8848K(21248K)], 0.0963400 secs] [Times: user=0.10 sys=0.00, real=0.10 secs] 
252.495: Total time for which application threads were stopped: 0.0964400 seconds, Stopping threads took: 0.0000220 seconds
252.524: Application time: 0.0292150 seconds
252.524: [Full GC252.524: [Tenured: 71039K->71039K(71040K), 0.0811730 secs] 102975K->78262K(102976K), [Perm : 8848K->8848K(21248K)], 0.0812210 secs] [Times: user=0.08 sys=0.00, real=0.08 secs] 
252.605: Total time for which application threads were stopped: 0.0813100 seconds, Stopping threads took: 0.0000130 seconds
252.633: Application time: 0.0272530 seconds
252.633: [Full GC252.633: [Tenured: 71039K->71039K(71040K), 0.0804640 secs] 102975K->77879K(102976K), [Perm : 8848K->8848K(21248K)], 0.0805190 secs] [Times: user=0.08 sys=0.00, real=0.08 secs] 
252.713: Total time for which application threads were stopped: 0.0806080 seconds, Stopping threads took: 0.0000140 seconds
252.742: Application time: 0.0284090 seconds
252.742: [Full GC252.742: [Tenured: 71039K->71039K(71040K), 0.0936990 secs] 102975K->75942K(102976K), [Perm : 8848K->8848K(21248K)], 0.0937430 secs] [Times: user=0.09 sys=0.00, real=0.09 secs] 
252.836: Total time for which application threads were stopped: 0.0938320 seconds, Stopping threads took: 0.0000130 seconds
252.863: Application time: 0.0272420 seconds
252.863: [Full GC252.863: [Tenured: 71039K->71039K(71040K), 0.0788390 secs] 102975K->78243K(102976K), [Perm : 8848K->8848K(21248K)], 0.0788850 secs] [Times: user=0.08 sys=0.00, real=0.08 secs] 
252.942: Total time for which application threads were stopped: 0.0789850 seconds, Stopping threads took: 0.0000140 seconds
252.966: Application time: 0.0239220 seconds
252.966: [Full GC252.966: [Tenured: 71040K->71040K(71040K), 0.0794200 secs] 102976K->78033K(102976K), [Perm : 8848K->8848K(21248K)], 0.0794670 secs] [Times: user=0.08 sys=0.00, real=0.08 secs] 
253.045: Total time for which application threads were stopped: 0.0795520 seconds, Stopping threads took: 0.0000150 seconds
253.072: Application time: 0.0271210 seconds
253.072: [Full GC253.072: [Tenured: 71040K->71040K(71040K), 0.0779290 secs] 102975K->77743K(102976K), [Perm : 8848K->8848K(21248K)], 0.0779740 secs] [Times: user=0.07 sys=0.00, real=0.08 secs] 
253.150: Total time for which application threads were stopped: 0.0780630 seconds, Stopping threads took: 0.0000140 seconds
253.178: Application time: 0.0271860 seconds
253.178: [Full GC253.178: [Tenured: 71040K->71040K(71040K), 0.0933300 secs] 102975K->75898K(102976K), [Perm : 8848K->8848K(21248K)], 0.0933740 secs] [Times: user=0.09 sys=0.00, real=0.10 secs] 
253.271: Total time for which application threads were stopped: 0.0934610 seconds, Stopping threads took: 0.0000130 seconds
253.297: Application time: 0.0258630 seconds
253.297: [Full GC253.297: [Tenured: 71040K->71040K(71040K), 0.0763460 secs] 102975K->75987K(102976K), [Perm : 8848K->8848K(21248K)], 0.0763910 secs] [Times: user=0.08 sys=0.00, real=0.08 secs] 
253.373: Total time for which application threads were stopped: 0.0764790 seconds, Stopping threads took: 0.0000140 seconds
253.399: Application time: 0.0258930 seconds
253.399: [Full GC253.399: [Tenured: 71040K->71040K(71040K), 0.0769890 secs] 102976K->75997K(102976K), [Perm : 8848K->8848K(21248K)], 0.0770330 secs] [Times: user=0.08 sys=0.00, real=0.07 secs] 
253.477: Total time for which application threads were stopped: 0.0771390 seconds, Stopping threads took: 0.0000150 seconds
253.500: Application time: 0.0239310 seconds
253.501: [Full GC253.501: [Tenured: 71040K->71040K(71040K), 0.0787200 secs] 102975K->77521K(102976K), [Perm : 8848K->8848K(21248K)], 0.0787640 secs] [Times: user=0.08 sys=0.00, real=0.08 secs] 
253.579: Total time for which application threads were stopped: 0.0788510 seconds, Stopping threads took: 0.0000150 seconds
253.605: Application time: 0.0254970 seconds
253.605: [Full GC253.605: [Tenured: 71040K->71040K(71040K), 0.0936020 secs] 102975K->73722K(102976K), [Perm : 8848K->8848K(21248K)], 0.0936490 secs] [Times: user=0.09 sys=0.00, real=0.09 secs] 
253.699: Total time for which application threads were stopped: 0.0937420 seconds, Stopping threads took: 0.0000140 seconds
253.725: Application time: 0.0268130 seconds
253.725: [Full GC253.725: [Tenured: 71040K->71040K(71040K), 0.0777240 secs] 102976K->75145K(102976K), [Perm : 8848K->8848K(21248K)], 0.0777680 secs] [Times: user=0.08 sys=0.00, real=0.08 secs] 
253.803: Total time for which application threads were stopped: 0.0778550 seconds, Stopping threads took: 0.0000140 seconds
253.830: Application time: 0.0263510 seconds
253.830: [Full GC253.830: [Tenured: 71040K->71040K(71040K), 0.0784790 secs] 102975K->75962K(102976K), [Perm : 8848K->8848K(21248K)], 0.0785240 secs] [Times: user=0.08 sys=0.00, real=0.08 secs] 
253.908: Total time for which application threads were stopped: 0.0786220 seconds, Stopping threads took: 0.0000130 seconds
253.935: Application time: 0.0267010 seconds
253.935: [Full GC253.935: [Tenured: 71040K->71040K(71040K), 0.0780700 secs] 102975K->76189K(102976K), [Perm : 8848K->8848K(21248K)], 0.0781170 secs] [Times: user=0.08 sys=0.00, real=0.08 secs] 
254.013: Total time for which application threads were stopped: 0.0782180 seconds, Stopping threads took: 0.0000140 seconds
254.040: Application time: 0.0266890 seconds
254.040: [Full GC254.040: [Tenured: 71040K->71040K(71040K), 0.0930670 secs] 102975K->75945K(102976K), [Perm : 8848K->8848K(21248K)], 0.0931130 secs] [Times: user=0.10 sys=0.00, real=0.09 secs] 
254.133: Total time for which application threads were stopped: 0.0932060 seconds, Stopping threads took: 0.0000150 seconds
254.158: Application time: 0.0253850 seconds
254.158: [Full GC254.158: [Tenured: 71040K->71040K(71040K), 0.0767890 secs] 102975K->76653K(102976K), [Perm : 8848K->8848K(21248K)], 0.0768290 secs] [Times: user=0.08 sys=0.00, real=0.08 secs] 
254.235: Total time for which application threads were stopped: 0.0769150 seconds, Stopping threads took: 0.0000130 seconds
254.259: Application time: 0.0232550 seconds
254.259: [Full GC254.259: [Tenured: 71040K->71040K(71040K), 0.0800740 secs] 102975K->80553K(102976K), [Perm : 8848K->8848K(21248K)], 0.0801210 secs] [Times: user=0.08 sys=0.00, real=0.08 secs] 
254.339: Total time for which application threads were stopped: 0.0802090 seconds, Stopping threads took: 0.0000140 seconds
254.362: Application time: 0.0231730 seconds
254.362: [Full GC254.362: [Tenured: 71040K->71039K(71040K), 0.0926930 secs] 102975K->74748K(102976K), [Perm : 8848K->8848K(21248K)], 0.0927400 secs] [Times: user=0.10 sys=0.00, real=0.09 secs] 
254.455: Total time for which application threads were stopped: 0.0928400 seconds, Stopping threads took: 0.0000240 seconds
254.481: Application time: 0.0260380 seconds
254.481: [Full GC254.481: [Tenured: 71039K->71040K(71040K), 0.0926680 secs] 102975K->73959K(102976K), [Perm : 8848K->8848K(21248K)], 0.0927130 secs] [Times: user=0.09 sys=0.00, real=0.09 secs] 
254.574: Total time for which application threads were stopped: 0.0928150 seconds, Stopping threads took: 0.0000150 seconds
254.601: Application time: 0.0273120 seconds
254.601: [Full GC254.601: [Tenured: 71040K->71040K(71040K), 0.0832080 secs] 102975K->80366K(102976K), [Perm : 8848K->8848K(21248K)], 0.0832530 secs] [Times: user=0.09 sys=0.00, real=0.08 secs] 
254.684: Total time for which application threads were stopped: 0.0833400 seconds, Stopping threads took: 0.0000140 seconds
254.710: Application time: 0.0253190 seconds
254.710: [Full GC254.710: [Tenured: 71040K->71040K(71040K), 0.0954320 secs] 102973K->77354K(102976K), [Perm : 8848K->8848K(21248K)], 0.0954790 secs] [Times: user=0.10 sys=0.00, real=0.09 secs] 
254.805: Total time for which application threads were stopped: 0.0955650 seconds, Stopping threads took: 0.0000140 seconds
254.831: Application time: 0.0257150 seconds
254.831: [Full GC254.831: [Tenured: 71040K->71040K(71040K), 0.0810810 secs] 102976K->80517K(102976K), [Perm : 8848K->8848K(21248K)], 0.0811280 secs] [Times: user=0.08 sys=0.00, real=0.08 secs] 
254.912: Total time for which application threads were stopped: 0.0812120 seconds, Stopping threads took: 0.0000130 seconds
254.938: Application time: 0.0260100 seconds
254.938: [Full GC254.938: [Tenured: 71040K->71040K(71040K), 0.0962010 secs] 102975K->74024K(102976K), [Perm : 8848K->8848K(21248K)], 0.0962470 secs] [Times: user=0.10 sys=0.00, real=0.10 secs] 
255.034: Total time for which application threads were stopped: 0.0963350 seconds, Stopping threads took: 0.0000140 seconds
255.063: Application time: 0.0285100 seconds
255.063: [Full GC255.063: [Tenured: 71040K->71039K(71040K), 0.0920240 secs] 102975K->74037K(102976K), [Perm : 8848K->8848K(21248K)], 0.0920770 secs] [Times: user=0.10 sys=0.00, real=0.09 secs] 
255.155: Total time for which application threads were stopped: 0.0921880 seconds, Stopping threads took: 0.0000140 seconds
255.185: Application time: 0.0301740 seconds
255.185: [Full GC255.185: [Tenured: 71039K->71039K(71040K), 0.0943150 secs] 102975K->78444K(102976K), [Perm : 8848K->8848K(21248K)], 0.0943800 secs] [Times: user=0.09 sys=0.00, real=0.10 secs] 
255.280: Total time for which application threads were stopped: 0.0944660 seconds, Stopping threads took: 0.0000130 seconds
255.307: Application time: 0.0270300 seconds
255.307: [Full GC255.307: [Tenured: 71039K->71039K(71040K), 0.0978120 secs] 102975K->80060K(102976K), [Perm : 8848K->8848K(21248K)], 0.0978590 secs] [Times: user=0.10 sys=0.00, real=0.10 secs] 
255.405: Total time for which application threads were stopped: 0.0979460 seconds, Stopping threads took: 0.0000130 seconds
255.431: Application time: 0.0262840 seconds
255.431: [Full GC255.431: [Tenured: 71040K->71039K(71040K), 0.0949900 secs] 102976K->72883K(102976K), [Perm : 8848K->8848K(21248K)], 0.0950360 secs] [Times: user=0.10 sys=0.00, real=0.09 secs] 
255.526: Total time for which application threads were stopped: 0.0951230 seconds, Stopping threads took: 0.0000140 seconds
255.557: Application time: 0.0309100 seconds
255.557: [Full GC255.557: [Tenured: 71039K->71039K(71040K), 0.0949160 secs] 102975K->79063K(102976K), [Perm : 8848K->8848K(21248K)], 0.0949610 secs] [Times: user=0.10 sys=0.00, real=0.10 secs] 
255.652: Total time for which application threads were stopped: 0.0950500 seconds, Stopping threads took: 0.0000140 seconds
255.679: Application time: 0.0263870 seconds
255.679: [Full GC255.679: [Tenured: 71039K->71039K(71040K), 0.0989330 secs] 102975K->81034K(102976K), [Perm : 8848K->8848K(21248K)], 0.0989790 secs] [Times: user=0.10 sys=0.00, real=0.10 secs] 
255.778: Total time for which application threads were stopped: 0.0990780 seconds, Stopping threads took: 0.0000130 seconds
255.805: Application time: 0.0278190 seconds
255.806: [Full GC255.806: [Tenured: 71040K->71039K(71040K), 0.0944940 secs] 102975K->80053K(102976K), [Perm : 8848K->8848K(21248K)], 0.0945400 secs] [Times: user=0.10 sys=0.00, real=0.10 secs] 
255.900: Total time for which application threads were stopped: 0.0946270 seconds, Stopping threads took: 0.0000130 seconds
255.925: Application time: 0.0244920 seconds
255.925: [Full GC255.925: [Tenured: 71039K->71039K(71040K), 0.0967200 secs] 102975K->76073K(102976K), [Perm : 8848K->8848K(21248K)], 0.0967680 secs] [Times: user=0.09 sys=0.00, real=0.10 secs] 
256.021: Total time for which application threads were stopped: 0.0968580 seconds, Stopping threads took: 0.0000130 seconds
256.049: Application time: 0.0271760 seconds
256.049: [Full GC256.049: [Tenured: 71040K->71040K(71040K), 0.0803750 secs] 102975K->78027K(102976K), [Perm : 8848K->8848K(21248K)], 0.0804210 secs] [Times: user=0.08 sys=0.00, real=0.08 secs] 
256.129: Total time for which application threads were stopped: 0.0805090 seconds, Stopping threads took: 0.0000130 seconds
256.154: Application time: 0.0249880 seconds
256.154: [Full GC256.154: [Tenured: 71040K->71040K(71040K), 0.0795240 secs] 102976K->77443K(102976K), [Perm : 8848K->8848K(21248K)], 0.0795710 secs] [Times: user=0.08 sys=0.00, real=0.08 secs] 
256.234: Total time for which application threads were stopped: 0.0796590 seconds, Stopping threads took: 0.0000130 seconds
256.258: Application time: 0.0245640 seconds
256.258: [Full GC256.258: [Tenured: 71040K->71040K(71040K), 0.0786450 secs] 102975K->79106K(102976K), [Perm : 8848K->8848K(21248K)], 0.0786920 secs] [Times: user=0.07 sys=0.00, real=0.08 secs] 
256.337: Total time for which application threads were stopped: 0.0787930 seconds, Stopping threads took: 0.0000140 seconds
256.363: Application time: 0.0262120 seconds
256.363: [Full GC256.363: [Tenured: 71040K->71040K(71040K), 0.0940840 secs] 102976K->76378K(102976K), [Perm : 8848K->8848K(21248K)], 0.0941280 secs] [Times: user=0.10 sys=0.00, real=0.09 secs] 
256.458: Total time for which application threads were stopped: 0.0942170 seconds, Stopping threads took: 0.0000140 seconds
256.483: Application time: 0.0258430 seconds
256.483: [Full GC256.483: [Tenured: 71040K->71040K(71040K), 0.0788320 secs] 102975K->76118K(102976K), [Perm : 8848K->8848K(21248K)], 0.0788860 secs] [Times: user=0.08 sys=0.00, real=0.08 secs] 
256.562: Total time for which application threads were stopped: 0.0789740 seconds, Stopping threads took: 0.0000140 seconds
256.586: Application time: 0.0240710 seconds
256.587: [Full GC256.587: [Tenured: 71040K->71040K(71040K), 0.0776190 secs] 102975K->76121K(102976K), [Perm : 8848K->8848K(21248K)], 0.0776660 secs] [Times: user=0.08 sys=0.00, real=0.08 secs] 
256.664: Total time for which application threads were stopped: 0.0777520 seconds, Stopping threads took: 0.0000150 seconds
256.690: Application time: 0.0256190 seconds
256.690: [Full GC256.690: [Tenured: 71040K->71040K(71040K), 0.0762580 secs] 102975K->76133K(102976K), [Perm : 8848K->8848K(21248K)], 0.0763020 secs] [Times: user=0.07 sys=0.00, real=0.07 secs] 
256.766: Total time for which application threads were stopped: 0.0763890 seconds, Stopping threads took: 0.0000130 seconds
256.792: Application time: 0.0257710 seconds
256.792: [Full GC256.792: [Tenured: 71040K->71040K(71040K), 0.0904030 secs] 102976K->75968K(102976K), [Perm : 8848K->8848K(21248K)], 0.0904510 secs] [Times: user=0.09 sys=0.00, real=0.09 secs] 
256.883: Total time for which application threads were stopped: 0.0905550 seconds, Stopping threads took: 0.0000130 seconds
256.908: Application time: 0.0255060 seconds
256.908: [Full GC256.908: [Tenured: 71040K->71040K(71040K), 0.0806710 secs] 102975K->78180K(102976K), [Perm : 8848K->8848K(21248K)], 0.0807190 secs] [Times: user=0.08 sys=0.00, real=0.08 secs] 
256.989: Total time for which application threads were stopped: 0.0808070 seconds, Stopping threads took: 0.0000140 seconds
257.013: Application time: 0.0245290 seconds
257.013: [Full GC257.013: [Tenured: 71040K->71039K(71040K), 0.0917800 secs] 102975K->77255K(102976K), [Perm : 8848K->8848K(21248K)], 0.0918260 secs] [Times: user=0.10 sys=0.00, real=0.09 secs] 
257.105: Total time for which application threads were stopped: 0.0919170 seconds, Stopping threads took: 0.0000140 seconds
257.130: Application time: 0.0242950 seconds
257.130: [Full GC257.130: [Tenured: 71039K->71039K(71040K), 0.0778130 secs] 102975K->78414K(102976K), [Perm : 8848K->8848K(21248K)], 0.0778580 secs] [Times: user=0.08 sys=0.00, real=0.08 secs] 
257.208: Total time for which application threads were stopped: 0.0779470 seconds, Stopping threads took: 0.0000150 seconds
257.231: Application time: 0.0233170 seconds
257.231: [Full GC257.231: [Tenured: 71039K->71039K(71040K), 0.0932570 secs] 102975K->75686K(102976K), [Perm : 8848K->8848K(21248K)], 0.0932980 secs] [Times: user=0.09 sys=0.00, real=0.09 secs] 
257.324: Total time for which application threads were stopped: 0.0933870 seconds, Stopping threads took: 0.0000140 seconds
257.350: Application time: 0.0252630 seconds
257.350: [Full GC257.350: [Tenured: 71039K->71039K(71040K), 0.0769630 secs] 102975K->75957K(102976K), [Perm : 8848K->8848K(21248K)], 0.0770090 secs] [Times: user=0.08 sys=0.00, real=0.07 secs] 
257.427: Total time for which application threads were stopped: 0.0771110 seconds, Stopping threads took: 0.0000130 seconds
257.453: Application time: 0.0267640 seconds
257.453: [Full GC257.453: [Tenured: 71039K->71039K(71040K), 0.0764900 secs] 102975K->75986K(102976K), [Perm : 8848K->8848K(21248K)], 0.0765340 secs] [Times: user=0.08 sys=0.00, real=0.08 secs] 
257.530: Total time for which application threads were stopped: 0.0766210 seconds, Stopping threads took: 0.0000140 seconds
257.557: Application time: 0.0266110 seconds
257.557: [Full GC257.557: [Tenured: 71039K->71039K(71040K), 0.0771950 secs] 102975K->76748K(102976K), [Perm : 8848K->8848K(21248K)], 0.0772400 secs] [Times: user=0.08 sys=0.00, real=0.08 secs] 
257.634: Total time for which application threads were stopped: 0.0773260 seconds, Stopping threads took: 0.0000140 seconds
257.660: Application time: 0.0264480 seconds
257.660: [Full GC257.660: [Tenured: 71039K->71039K(71040K), 0.0932040 secs] 102975K->75994K(102976K), [Perm : 8848K->8848K(21248K)], 0.0932520 secs] [Times: user=0.09 sys=0.00, real=0.09 secs] 
257.754: Total time for which application threads were stopped: 0.0933520 seconds, Stopping threads took: 0.0000140 seconds
257.774: Application time: 0.0207230 seconds
257.775: [Full GC257.775: [Tenured: 71039K->71039K(71040K), 0.0796240 secs] 102975K->80163K(102976K), [Perm : 8848K->8848K(21248K)], 0.0796700 secs] [Times: user=0.08 sys=0.00, real=0.08 secs] 
257.854: Total time for which application threads were stopped: 0.0797550 seconds, Stopping threads took: 0.0000120 seconds
257.880: Application time: 0.0252810 seconds
257.880: [Full GC257.880: [Tenured: 71039K->71040K(71040K), 0.0935190 secs] 102975K->73190K(102976K), [Perm : 8848K->8848K(21248K)], 0.0935640 secs] [Times: user=0.09 sys=0.00, real=0.09 secs] 
257.973: Total time for which application threads were stopped: 0.0936660 seconds, Stopping threads took: 0.0000130 seconds
258.001: Application time: 0.0281470 seconds
258.001: [Full GC258.001: [Tenured: 71040K->71039K(71040K), 0.0792480 secs] 102975K->77682K(102976K), [Perm : 8848K->8848K(21248K)], 0.0792950 secs] [Times: user=0.08 sys=0.00, real=0.08 secs] 
258.081: Total time for which application threads were stopped: 0.0793840 seconds, Stopping threads took: 0.0000150 seconds
258.105: Application time: 0.0245470 seconds
258.105: [Full GC258.105: [Tenured: 71039K->71039K(71040K), 0.0979090 secs] 102975K->76792K(102976K), [Perm : 8848K->8848K(21248K)], 0.0979550 secs] [Times: user=0.10 sys=0.00, real=0.10 secs] 
258.203: Total time for which application threads were stopped: 0.0980400 seconds, Stopping threads took: 0.0000140 seconds
258.229: Application time: 0.0260770 seconds
258.229: [Full GC258.229: [Tenured: 71039K->71039K(71040K), 0.0952170 secs] 102975K->78932K(102976K), [Perm : 8848K->8848K(21248K)], 0.0952610 secs] [Times: user=0.10 sys=0.00, real=0.09 secs] 
258.325: Total time for which application threads were stopped: 0.0953480 seconds, Stopping threads took: 0.0000130 seconds
258.352: Application time: 0.0270150 seconds
258.352: [Full GC258.352: [Tenured: 71039K->71039K(71040K), 0.0945560 secs] 102975K->76636K(102976K), [Perm : 8848K->8848K(21248K)], 0.0946050 secs] [Times: user=0.10 sys=0.00, real=0.09 secs] 
258.446: Total time for which application threads were stopped: 0.0946960 seconds, Stopping threads took: 0.0000140 seconds
258.473: Application time: 0.0268900 seconds
258.473: [Full GC258.473: [Tenured: 71039K->71039K(71040K), 0.0925180 secs] 102975K->79737K(102976K), [Perm : 8848K->8848K(21248K)], 0.0925670 secs] [Times: user=0.09 sys=0.00, real=0.09 secs] 
258.566: Total time for which application threads were stopped: 0.0926710 seconds, Stopping threads took: 0.0000130 seconds
258.592: Application time: 0.0264440 seconds
258.593: [Full GC258.593: [Tenured: 71039K->71039K(71040K), 0.0976630 secs] 102975K->75936K(102976K), [Perm : 8848K->8848K(21248K)], 0.0977090 secs] [Times: user=0.10 sys=0.00, real=0.10 secs] 
258.690: Total time for which application threads were stopped: 0.0977960 seconds, Stopping threads took: 0.0000130 seconds
258.720: Application time: 0.0302190 seconds
258.721: [Full GC258.721: [Tenured: 71039K->71039K(71040K), 0.0963530 secs] 102975K->74269K(102976K), [Perm : 8848K->8848K(21248K)], 0.0964000 secs] [Times: user=0.09 sys=0.00, real=0.09 secs] 
258.817: Total time for which application threads were stopped: 0.0964900 seconds, Stopping threads took: 0.0000140 seconds
258.845: Application time: 0.0275770 seconds
258.845: [Full GC258.845: [Tenured: 71040K->71039K(71040K), 0.0978370 secs] 102975K->76674K(102976K), [Perm : 8848K->8848K(21248K)], 0.0978840 secs] [Times: user=0.10 sys=0.00, real=0.10 secs] 
258.943: Total time for which application threads were stopped: 0.0979680 seconds, Stopping threads took: 0.0000130 seconds
258.972: Application time: 0.0295870 seconds
258.972: [Full GC258.972: [Tenured: 71040K->71039K(71040K), 0.0809250 secs] 102975K->77938K(102976K), [Perm : 8848K->8848K(21248K)], 0.0809700 secs] [Times: user=0.08 sys=0.00, real=0.08 secs] 
259.053: Total time for which application threads were stopped: 0.0810570 seconds, Stopping threads took: 0.0000130 seconds
259.082: Application time: 0.0285600 seconds
259.082: [Full GC259.082: [Tenured: 71039K->71039K(71040K), 0.0998560 secs] 102975K->75859K(102976K), [Perm : 8848K->8848K(21248K)], 0.0999110 secs] [Times: user=0.10 sys=0.00, real=0.10 secs] 
259.182: Total time for which application threads were stopped: 0.1000150 seconds, Stopping threads took: 0.0000130 seconds
259.209: Application time: 0.0274080 seconds
259.209: [Full GC259.209: [Tenured: 71039K->71039K(71040K), 0.0797070 secs] 102975K->76334K(102976K), [Perm : 8848K->8848K(21248K)], 0.0797510 secs] [Times: user=0.08 sys=0.00, real=0.08 secs] 
259.289: Total time for which application threads were stopped: 0.0798400 seconds, Stopping threads took: 0.0000130 seconds
259.319: Application time: 0.0300570 seconds
259.319: [Full GC259.319: [Tenured: 71039K->71040K(71040K), 0.0821240 secs] 102975K->79577K(102976K), [Perm : 8848K->8848K(21248K)], 0.0821710 secs] [Times: user=0.08 sys=0.00, real=0.08 secs] 
259.401: Total time for which application threads were stopped: 0.0822620 seconds, Stopping threads took: 0.0000140 seconds
259.428: Application time: 0.0268330 seconds
259.428: [Full GC259.428: [Tenured: 71040K->71039K(71040K), 0.0996730 secs] 102975K->77100K(102976K), [Perm : 8848K->8848K(21248K)], 0.0997200 secs] [Times: user=0.10 sys=0.00, real=0.10 secs] 
259.528: Total time for which application threads were stopped: 0.0998060 seconds, Stopping threads took: 0.0000140 seconds
259.556: Application time: 0.0278070 seconds
259.556: [Full GC259.556: [Tenured: 71039K->71039K(71040K), 0.0954440 secs] 102975K->76936K(102976K), [Perm : 8848K->8848K(21248K)], 0.0954900 secs] [Times: user=0.09 sys=0.00, real=0.10 secs] 
259.651: Total time for which application threads were stopped: 0.0955800 seconds, Stopping threads took: 0.0000150 seconds
259.679: Application time: 0.0271920 seconds
259.679: [Full GC259.679: [Tenured: 71039K->71039K(71040K), 0.0796870 secs] 102975K->78201K(102976K), [Perm : 8848K->8848K(21248K)], 0.0797330 secs] [Times: user=0.08 sys=0.00, real=0.08 secs] 
259.758: Total time for which application threads were stopped: 0.0798350 seconds, Stopping threads took: 0.0000140 seconds
259.785: Application time: 0.0268490 seconds
259.785: [Full GC259.785: [Tenured: 71039K->71039K(71040K), 0.0805190 secs] 102975K->78337K(102976K), [Perm : 8848K->8848K(21248K)], 0.0805630 secs] [Times: user=0.08 sys=0.00, real=0.08 secs] 
259.866: Total time for which application threads were stopped: 0.0806520 seconds, Stopping threads took: 0.0000150 seconds
259.892: Application time: 0.0262120 seconds
259.892: [Full GC259.892: [Tenured: 71039K->71039K(71040K), 0.0796590 secs] 102975K->78013K(102976K), [Perm : 8848K->8848K(21248K)], 0.0797060 secs] [Times: user=0.08 sys=0.00, real=0.08 secs] 
259.972: Total time for which application threads were stopped: 0.0798030 seconds, Stopping threads took: 0.0000220 seconds
259.998: Application time: 0.0261920 seconds
259.998: [Full GC259.998: [Tenured: 71039K->71039K(71040K), 0.0944140 secs] 102975K->75926K(102976K), [Perm : 8848K->8848K(21248K)], 0.0944630 secs] [Times: user=0.09 sys=0.00, real=0.10 secs] 
260.093: Total time for which application threads were stopped: 0.0945530 seconds, Stopping threads took: 0.0000150 seconds
260.119: Application time: 0.0264840 seconds
260.119: [Full GC260.119: [Tenured: 71039K->71039K(71040K), 0.0780850 secs] 102975K->75940K(102976K), [Perm : 8848K->8848K(21248K)], 0.0781320 secs] [Times: user=0.08 sys=0.00, real=0.07 secs] 
260.197: Total time for which application threads were stopped: 0.0782270 seconds, Stopping threads took: 0.0000140 seconds
260.225: Application time: 0.0272440 seconds
260.225: [Full GC260.225: [Tenured: 71039K->71039K(71040K), 0.0777170 secs] 102975K->76026K(102976K), [Perm : 8848K->8848K(21248K)], 0.0777620 secs] [Times: user=0.08 sys=0.00, real=0.08 secs] 
260.302: Total time for which application threads were stopped: 0.0778620 seconds, Stopping threads took: 0.0000140 seconds
260.328: Application time: 0.0252040 seconds
260.328: [Full GC260.328: [Tenured: 71039K->71039K(71040K), 0.0791580 secs] 102975K->77740K(102976K), [Perm : 8848K->8848K(21248K)], 0.0792120 secs] [Times: user=0.08 sys=0.00, real=0.07 secs] 
260.407: Total time for which application threads were stopped: 0.0793010 seconds, Stopping threads took: 0.0000150 seconds
260.432: Application time: 0.0253880 seconds
260.432: [Full GC260.432: [Tenured: 71039K->71040K(71040K), 0.0952440 secs] 102975K->73790K(102976K), [Perm : 8848K->8848K(21248K)], 0.0952900 secs] [Times: user=0.09 sys=0.00, real=0.10 secs] 
260.528: Total time for which application threads were stopped: 0.0953810 seconds, Stopping threads took: 0.0000150 seconds
260.554: Application time: 0.0266710 seconds
260.554: [Full GC260.555: [Tenured: 71040K->71040K(71040K), 0.0797010 secs] 102975K->75248K(102976K), [Perm : 8848K->8848K(21248K)], 0.0797480 secs] [Times: user=0.08 sys=0.00, real=0.08 secs] 
260.634: Total time for which application threads were stopped: 0.0798340 seconds, Stopping threads took: 0.0000130 seconds
260.660: Application time: 0.0261110 seconds
260.660: [Full GC260.660: [Tenured: 71040K->71040K(71040K), 0.0806860 secs] 102976K->75978K(102976K), [Perm : 8848K->8848K(21248K)], 0.0807330 secs] [Times: user=0.08 sys=0.00, real=0.08 secs] 
260.741: Total time for which application threads were stopped: 0.0808220 seconds, Stopping threads took: 0.0000150 seconds
260.766: Application time: 0.0246790 seconds
260.766: [Full GC260.766: [Tenured: 71040K->71040K(71040K), 0.0784890 secs] 102976K->76150K(102976K), [Perm : 8848K->8848K(21248K)], 0.0785340 secs] [Times: user=0.08 sys=0.00, real=0.08 secs] 
260.845: Total time for which application threads were stopped: 0.0786370 seconds, Stopping threads took: 0.0000140 seconds
260.871: Application time: 0.0265360 seconds
260.871: [Full GC260.871: [Tenured: 71040K->71039K(71040K), 0.0926860 secs] 102976K->75950K(102976K), [Perm : 8848K->8848K(21248K)], 0.0927330 secs] [Times: user=0.09 sys=0.00, real=0.09 secs] 
260.964: Total time for which application threads were stopped: 0.0928250 seconds, Stopping threads took: 0.0000140 seconds
260.990: Application time: 0.0263020 seconds
260.990: [Full GC260.990: [Tenured: 71039K->71039K(71040K), 0.0781240 secs] 102975K->76708K(102976K), [Perm : 8848K->8848K(21248K)], 0.0781690 secs] [Times: user=0.08 sys=0.00, real=0.08 secs] 
261.068: Total time for which application threads were stopped: 0.0782570 seconds, Stopping threads took: 0.0000140 seconds
261.095: Application time: 0.0264240 seconds
261.095: [Full GC261.095: [Tenured: 71039K->71039K(71040K), 0.0785350 secs] 102975K->76841K(102976K), [Perm : 8848K->8848K(21248K)], 0.0785810 secs] [Times: user=0.07 sys=0.00, real=0.08 secs] 
261.174: Total time for which application threads were stopped: 0.0786680 seconds, Stopping threads took: 0.0000140 seconds
261.198: Application time: 0.0243180 seconds
261.198: [Full GC261.198: [Tenured: 71039K->71039K(71040K), 0.0804690 secs] 102975K->78125K(102976K), [Perm : 8848K->8848K(21248K)], 0.0805170 secs] [Times: user=0.08 sys=0.00, real=0.08 secs] 
261.278: Total time for which application threads were stopped: 0.0806060 seconds, Stopping threads took: 0.0000130 seconds
261.304: Application time: 0.0259750 seconds
261.305: [Full GC261.305: [Tenured: 71039K->71039K(71040K), 0.0923730 secs] 102975K->71194K(102976K), [Perm : 8848K->8848K(21248K)], 0.0924190 secs] [Times: user=0.09 sys=0.00, real=0.09 secs] 
261.397: Total time for which application threads were stopped: 0.0925200 seconds, Stopping threads took: 0.0000140 seconds
261.426: Application time: 0.0289650 seconds
261.426: [Full GC261.426: [Tenured: 71040K->71040K(71040K), 0.0783280 secs] 102976K->76184K(102976K), [Perm : 8848K->8848K(21248K)], 0.0783730 secs] [Times: user=0.08 sys=0.00, real=0.08 secs] 
261.504: Total time for which application threads were stopped: 0.0784710 seconds, Stopping threads took: 0.0000230 seconds
261.531: Application time: 0.0266370 seconds
261.531: [Full GC261.531: [Tenured: 71040K->71040K(71040K), 0.0816750 secs] 102975K->78513K(102976K), [Perm : 8848K->8848K(21248K)], 0.0817310 secs] [Times: user=0.08 sys=0.00, real=0.08 secs] 
261.613: Total time for which application threads were stopped: 0.0818190 seconds, Stopping threads took: 0.0000140 seconds
261.638: Application time: 0.0252110 seconds
261.638: [Full GC261.638: [Tenured: 71040K->71040K(71040K), 0.0861330 secs] 102975K->85599K(102976K), [Perm : 8848K->8848K(21248K)], 0.0861770 secs] [Times: user=0.08 sys=0.00, real=0.09 secs] 
261.724: Total time for which application threads were stopped: 0.0862640 seconds, Stopping threads took: 0.0000140 seconds
261.749: Application time: 0.0247590 seconds
261.749: [Full GC261.749: [Tenured: 71040K->71039K(71040K), 0.0938500 secs] 102975K->72133K(102976K), [Perm : 8848K->8848K(21248K)], 0.0938940 secs] [Times: user=0.10 sys=0.00, real=0.09 secs] 
261.843: Total time for which application threads were stopped: 0.0939820 seconds, Stopping threads took: 0.0000130 seconds
261.870: Application time: 0.0271620 seconds
261.870: [Full GC261.870: [Tenured: 71040K->71040K(71040K), 0.0812970 secs] 102975K->78259K(102976K), [Perm : 8848K->8848K(21248K)], 0.0813420 secs] [Times: user=0.08 sys=0.00, real=0.08 secs] 
261.952: Total time for which application threads were stopped: 0.0814410 seconds, Stopping threads took: 0.0000130 seconds
261.979: Application time: 0.0274430 seconds
261.979: [Full GC261.979: [Tenured: 71040K->71039K(71040K), 0.0974730 secs] 102976K->78601K(102976K), [Perm : 8848K->8848K(21248K)], 0.0975200 secs] [Times: user=0.10 sys=0.00, real=0.09 secs] 
262.077: Total time for which application threads were stopped: 0.0976080 seconds, Stopping threads took: 0.0000140 seconds
262.105: Application time: 0.0282910 seconds
262.105: [Full GC262.105: [Tenured: 71039K->71039K(71040K), 0.0958390 secs] 102975K->75415K(102976K), [Perm : 8848K->8848K(21248K)], 0.0958830 secs] [Times: user=0.09 sys=0.00, real=0.10 secs] 
262.201: Total time for which application threads were stopped: 0.0959700 seconds, Stopping threads took: 0.0000140 seconds
262.229: Application time: 0.0275880 seconds
262.229: [Full GC262.229: [Tenured: 71040K->71039K(71040K), 0.0993210 secs] 102975K->75822K(102976K), [Perm : 8848K->8848K(21248K)], 0.0993650 secs] [Times: user=0.10 sys=0.00, real=0.10 secs] 
262.328: Total time for which application threads were stopped: 0.0994610 seconds, Stopping threads took: 0.0000220 seconds
262.356: Application time: 0.0279540 seconds
262.356: [Full GC262.356: [Tenured: 71040K->71039K(71040K), 0.0948370 secs] 102975K->78049K(102976K), [Perm : 8848K->8848K(21248K)], 0.0948840 secs] [Times: user=0.10 sys=0.00, real=0.10 secs] 
262.451: Total time for which application threads were stopped: 0.0949720 seconds, Stopping threads took: 0.0000140 seconds
262.479: Application time: 0.0282300 seconds
262.479: [Full GC262.479: [Tenured: 71039K->71039K(71040K), 0.0963240 secs] 102975K->79261K(102976K), [Perm : 8848K->8848K(21248K)], 0.0963690 secs] [Times: user=0.10 sys=0.00, real=0.09 secs] 
262.576: Total time for which application threads were stopped: 0.0964710 seconds, Stopping threads took: 0.0000130 seconds
262.601: Application time: 0.0256680 seconds
262.601: [Full GC262.601: [Tenured: 71039K->71039K(71040K), 0.1001480 secs] 102975K->81669K(102976K), [Perm : 8848K->8848K(21248K)], 0.1001960 secs] [Times: user=0.10 sys=0.00, real=0.10 secs] 
262.702: Total time for which application threads were stopped: 0.1002860 seconds, Stopping threads took: 0.0000150 seconds
262.728: Application time: 0.0267990 seconds
262.729: [Full GC262.729: [Tenured: 71040K->71039K(71040K), 0.0983260 secs] 102976K->77460K(102976K), [Perm : 8848K->8848K(21248K)], 0.0983740 secs] [Times: user=0.10 sys=0.00, real=0.09 secs] 
262.827: Total time for which application threads were stopped: 0.0984620 seconds, Stopping threads took: 0.0000140 seconds
262.855: Application time: 0.0279660 seconds
262.855: [Full GC262.855: [Tenured: 71040K->71040K(71040K), 0.0814590 secs] 102975K->80631K(102976K), [Perm : 8848K->8848K(21248K)], 0.0815030 secs] [Times: user=0.08 sys=0.00, real=0.08 secs] 
262.936: Total time for which application threads were stopped: 0.0816000 seconds, Stopping threads took: 0.0000140 seconds
262.963: Application time: 0.0263460 seconds
262.963: [Full GC262.963: [Tenured: 71040K->71039K(71040K), 0.0979780 secs] 102976K->77298K(102976K), [Perm : 8848K->8848K(21248K)], 0.0980250 secs] [Times: user=0.10 sys=0.00, real=0.10 secs] 
263.061: Total time for which application threads were stopped: 0.0981120 seconds, Stopping threads took: 0.0000140 seconds
263.089: Application time: 0.0276930 seconds
263.089: [Full GC263.089: [Tenured: 71039K->71039K(71040K), 0.0820210 secs] 102975K->77167K(102976K), [Perm : 8848K->8848K(21248K)], 0.0820710 secs] [Times: user=0.08 sys=0.00, real=0.08 secs] 
263.171: Total time for which application threads were stopped: 0.0821690 seconds, Stopping threads took: 0.0000140 seconds
263.198: Application time: 0.0269630 seconds
263.198: [Full GC263.198: [Tenured: 71039K->71039K(71040K), 0.0946720 secs] 102975K->76374K(102976K), [Perm : 8848K->8848K(21248K)], 0.0947160 secs] [Times: user=0.10 sys=0.00, real=0.10 secs] 
263.293: Total time for which application threads were stopped: 0.0948030 seconds, Stopping threads took: 0.0000140 seconds
263.320: Application time: 0.0270960 seconds
263.320: [Full GC263.320: [Tenured: 71039K->71039K(71040K), 0.0800780 secs] 102975K->76480K(102976K), [Perm : 8848K->8848K(21248K)], 0.0801220 secs] [Times: user=0.08 sys=0.00, real=0.08 secs] 
263.400: Total time for which application threads were stopped: 0.0802100 seconds, Stopping threads took: 0.0000150 seconds
263.425: Application time: 0.0256070 seconds
263.426: [Full GC263.426: [Tenured: 71039K->71039K(71040K), 0.0778780 secs] 102975K->76096K(102976K), [Perm : 8848K->8848K(21248K)], 0.0779230 secs] [Times: user=0.08 sys=0.00, real=0.08 secs] 
263.504: Total time for which application threads were stopped: 0.0780090 seconds, Stopping threads took: 0.0000130 seconds
263.530: Application time: 0.0268310 seconds
263.530: [Full GC263.530: [Tenured: 71039K->71039K(71040K), 0.0786490 secs] 102975K->76232K(102976K), [Perm : 8848K->8848K(21248K)], 0.0786950 secs] [Times: user=0.07 sys=0.00, real=0.08 secs] 
263.609: Total time for which application threads were stopped: 0.0787830 seconds, Stopping threads took: 0.0000150 seconds
263.634: Application time: 0.0253770 seconds
263.635: [Full GC263.635: [Tenured: 71039K->71040K(71040K), 0.0931350 secs] 102975K->76600K(102976K), [Perm : 8848K->8848K(21248K)], 0.0931820 secs] [Times: user=0.09 sys=0.00, real=0.10 secs] 
263.728: Total time for which application threads were stopped: 0.0932850 seconds, Stopping threads took: 0.0000140 seconds
263.754: Application time: 0.0262690 seconds
263.754: [Full GC263.754: [Tenured: 71040K->71039K(71040K), 0.0917380 secs] 102976K->76990K(102976K), [Perm : 8848K->8848K(21248K)], 0.0917840 secs] [Times: user=0.09 sys=0.00, real=0.09 secs] 
263.846: Total time for which application threads were stopped: 0.0918740 seconds, Stopping threads took: 0.0000130 seconds
263.872: Application time: 0.0258300 seconds
263.872: [Full GC263.872: [Tenured: 71039K->71039K(71040K), 0.0774910 secs] 102975K->78165K(102976K), [Perm : 8848K->8848K(21248K)], 0.0775390 secs] [Times: user=0.08 sys=0.00, real=0.08 secs] 
263.949: Total time for which application threads were stopped: 0.0776290 seconds, Stopping threads took: 0.0000130 seconds
263.975: Application time: 0.0254530 seconds
263.975: [Full GC263.975: [Tenured: 71039K->71039K(71040K), 0.0790000 secs] 102975K->79033K(102976K), [Perm : 8848K->8848K(21248K)], 0.0790480 secs] [Times: user=0.08 sys=0.00, real=0.08 secs] 
264.054: Total time for which application threads were stopped: 0.0791370 seconds, Stopping threads took: 0.0000140 seconds
264.077: Application time: 0.0232380 seconds
264.077: [Full GC264.077: [Tenured: 71039K->71039K(71040K), 0.0955690 secs] 102975K->76001K(102976K), [Perm : 8848K->8848K(21248K)], 0.0956150 secs] [Times: user=0.09 sys=0.00, real=0.10 secs] 
264.173: Total time for which application threads were stopped: 0.0957040 seconds, Stopping threads took: 0.0000140 seconds
264.198: Application time: 0.0250060 seconds
264.198: [Full GC264.198: [Tenured: 71039K->71039K(71040K), 0.0766950 secs] 102975K->75952K(102976K), [Perm : 8848K->8848K(21248K)], 0.0767490 secs] [Times: user=0.07 sys=0.00, real=0.08 secs] 
264.275: Total time for which application threads were stopped: 0.0768530 seconds, Stopping threads took: 0.0000150 seconds
264.300: Application time: 0.0256840 seconds
264.301: [Full GC264.301: [Tenured: 71039K->71039K(71040K), 0.0766890 secs] 102975K->76689K(102976K), [Perm : 8848K->8848K(21248K)], 0.0767330 secs] [Times: user=0.08 sys=0.00, real=0.07 secs] 
264.377: Total time for which application threads were stopped: 0.0768200 seconds, Stopping threads took: 0.0000140 seconds
264.404: Application time: 0.0263540 seconds
264.404: [Full GC264.404: [Tenured: 71039K->71039K(71040K), 0.0763750 secs] 102975K->76861K(102976K), [Perm : 8848K->8848K(21248K)], 0.0764170 secs] [Times: user=0.08 sys=0.00, real=0.08 secs] 
264.480: Total time for which application threads were stopped: 0.0765040 seconds, Stopping threads took: 0.0000130 seconds
264.506: Application time: 0.0255820 seconds
264.506: [Full GC264.506: [Tenured: 71039K->71040K(71040K), 0.0918030 secs] 102975K->75678K(102976K), [Perm : 8848K->8848K(21248K)], 0.0918500 secs] [Times: user=0.09 sys=0.00, real=0.09 secs] 
264.598: Total time for which application threads were stopped: 0.0919420 seconds, Stopping threads took: 0.0000140 seconds
264.624: Application time: 0.0267950 seconds
264.625: [Full GC264.625: [Tenured: 71040K->71040K(71040K), 0.0769860 secs] 102975K->75962K(102976K), [Perm : 8848K->8848K(21248K)], 0.0770310 secs] [Times: user=0.08 sys=0.00, real=0.08 secs] 
264.702: Total time for which application threads were stopped: 0.0771180 seconds, Stopping threads took: 0.0000130 seconds
264.726: Application time: 0.0246500 seconds
264.726: [Full GC264.726: [Tenured: 71040K->71040K(71040K), 0.0798620 secs] 102975K->79394K(102976K), [Perm : 8848K->8848K(21248K)], 0.0799100 secs] [Times: user=0.08 sys=0.00, real=0.08 secs] 
264.806: Total time for which application threads were stopped: 0.0800150 seconds, Stopping threads took: 0.0000140 seconds
264.831: Application time: 0.0250570 seconds
264.831: [Full GC264.831: [Tenured: 71040K->71039K(71040K), 0.0951830 secs] 102975K->79646K(102976K), [Perm : 8848K->8848K(21248K)], 0.0952310 secs] [Times: user=0.10 sys=0.00, real=0.09 secs] 
264.927: Total time for which application threads were stopped: 0.0953200 seconds, Stopping threads took: 0.0000140 seconds
264.952: Application time: 0.0252190 seconds
264.952: [Full GC264.952: [Tenured: 71040K->71039K(71040K), 0.0941840 secs] 102976K->72217K(102976K), [Perm : 8848K->8848K(21248K)], 0.0942310 secs] [Times: user=0.09 sys=0.00, real=0.09 secs] 
265.046: Total time for which application threads were stopped: 0.0943200 seconds, Stopping threads took: 0.0000140 seconds
265.074: Application time: 0.0282330 seconds
265.074: [Full GC265.075: [Tenured: 71040K->71040K(71040K), 0.0807910 secs] 102976K->78051K(102976K), [Perm : 8848K->8848K(21248K)], 0.0808390 secs] [Times: user=0.08 sys=0.00, real=0.08 secs] 
265.155: Total time for which application threads were stopped: 0.0809290 seconds, Stopping threads took: 0.0000150 seconds
265.182: Application time: 0.0264050 seconds
265.182: [Full GC265.182: [Tenured: 71040K->71040K(71040K), 0.0969150 secs] 102976K->80258K(102976K), [Perm : 8848K->8848K(21248K)], 0.0969700 secs] [Times: user=0.10 sys=0.00, real=0.09 secs] 
265.279: Total time for which application threads were stopped: 0.0970690 seconds, Stopping threads took: 0.0000140 seconds
265.302: Application time: 0.0230240 seconds
265.302: [Full GC265.302: [Tenured: 71040K->71039K(71040K), 0.0957450 secs] 102976K->77017K(102976K), [Perm : 8848K->8848K(21248K)], 0.0957930 secs] [Times: user=0.10 sys=0.00, real=0.09 secs] 
265.398: Total time for which application threads were stopped: 0.0958940 seconds, Stopping threads took: 0.0000140 seconds
265.425: Application time: 0.0277310 seconds
265.426: [Full GC265.426: [Tenured: 71040K->71039K(71040K), 0.0957020 secs] 102976K->75643K(102976K), [Perm : 8848K->8848K(21248K)], 0.0957590 secs] [Times: user=0.10 sys=0.00, real=0.10 secs] 
265.521: Total time for which application threads were stopped: 0.0958490 seconds, Stopping threads took: 0.0000140 seconds
265.549: Application time: 0.0274540 seconds
265.549: [Full GC265.549: [Tenured: 71039K->71039K(71040K), 0.0944390 secs] 102975K->78591K(102976K), [Perm : 8848K->8848K(21248K)], 0.0944830 secs] [Times: user=0.10 sys=0.00, real=0.09 secs] 
265.643: Total time for which application threads were stopped: 0.0945700 seconds, Stopping threads took: 0.0000130 seconds
265.670: Application time: 0.0269370 seconds
265.670: [Full GC265.670: [Tenured: 71039K->71039K(71040K), 0.0942200 secs] 102975K->76223K(102976K), [Perm : 8848K->8848K(21248K)], 0.0942670 secs] [Times: user=0.09 sys=0.00, real=0.09 secs] 
265.765: Total time for which application threads were stopped: 0.0943570 seconds, Stopping threads took: 0.0000130 seconds
265.791: Application time: 0.0259470 seconds
265.791: [Full GC265.791: [Tenured: 71039K->71039K(71040K), 0.0967950 secs] 102975K->82470K(102976K), [Perm : 8848K->8848K(21248K)], 0.0968400 secs] [Times: user=0.10 sys=0.00, real=0.10 secs] 
265.888: Total time for which application threads were stopped: 0.0969270 seconds, Stopping threads took: 0.0000130 seconds
265.911: Application time: 0.0231260 seconds
265.911: [Full GC265.911: [Tenured: 71039K->71040K(71040K), 0.0979580 secs] 102975K->75673K(102976K), [Perm : 8848K->8848K(21248K)], 0.0980020 secs] [Times: user=0.10 sys=0.00, real=0.10 secs] 
266.009: Total time for which application threads were stopped: 0.0981000 seconds, Stopping threads took: 0.0000130 seconds
266.039: Application time: 0.0299970 seconds
266.039: [Full GC266.039: [Tenured: 71040K->71039K(71040K), 0.0825400 secs] 102976K->78478K(102976K), [Perm : 8848K->8848K(21248K)], 0.0825870 secs] [Times: user=0.08 sys=0.00, real=0.09 secs] 
266.121: Total time for which application threads were stopped: 0.0826850 seconds, Stopping threads took: 0.0000220 seconds
266.149: Application time: 0.0278590 seconds
266.149: [Full GC266.149: [Tenured: 71040K->71039K(71040K), 0.0987350 secs] 102976K->76553K(102976K), [Perm : 8848K->8848K(21248K)], 0.0987830 secs] [Times: user=0.10 sys=0.00, real=0.10 secs] 
266.248: Total time for which application threads were stopped: 0.0988740 seconds, Stopping threads took: 0.0000140 seconds
266.278: Application time: 0.0293770 seconds
266.278: [Full GC266.278: [Tenured: 71039K->71039K(71040K), 0.0805260 secs] 102975K->75702K(102976K), [Perm : 8848K->8848K(21248K)], 0.0805750 secs] [Times: user=0.08 sys=0.00, real=0.08 secs] 
266.358: Total time for which application threads were stopped: 0.0806620 seconds, Stopping threads took: 0.0000140 seconds
266.387: Application time: 0.0291770 seconds
266.387: [Full GC266.387: [Tenured: 71039K->71039K(71040K), 0.0979730 secs] 102975K->77639K(102976K), [Perm : 8848K->8848K(21248K)], 0.0980200 secs] [Times: user=0.10 sys=0.01, real=0.09 secs] 
266.486: Total time for which application threads were stopped: 0.0981090 seconds, Stopping threads took: 0.0000140 seconds
266.513: Application time: 0.0273780 seconds
266.513: [Full GC266.513: [Tenured: 71039K->71039K(71040K), 0.0806470 secs] 102975K->78057K(102976K), [Perm : 8848K->8848K(21248K)], 0.0806930 secs] [Times: user=0.08 sys=0.00, real=0.08 secs] 
266.594: Total time for which application threads were stopped: 0.0807960 seconds, Stopping threads took: 0.0000130 seconds
266.621: Application time: 0.0277110 seconds
266.621: [Full GC266.621: [Tenured: 71039K->71039K(71040K), 0.0818900 secs] 102975K->78875K(102976K), [Perm : 8848K->8848K(21248K)], 0.0819360 secs] [Times: user=0.08 sys=0.00, real=0.08 secs] 
266.703: Total time for which application threads were stopped: 0.0820230 seconds, Stopping threads took: 0.0000130 seconds
266.731: Application time: 0.0279540 seconds
266.731: [Full GC266.731: [Tenured: 71039K->71039K(71040K), 0.0942780 secs] 102975K->79302K(102976K), [Perm : 8848K->8848K(21248K)], 0.0943260 secs] [Times: user=0.09 sys=0.00, real=0.09 secs] 
266.826: Total time for which application threads were stopped: 0.0944220 seconds, Stopping threads took: 0.0000140 seconds
266.851: Application time: 0.0248670 seconds
266.851: [Full GC266.851: [Tenured: 71039K->71039K(71040K), 0.0960560 secs] 102975K->75808K(102976K), [Perm : 8848K->8848K(21248K)], 0.0961030 secs] [Times: user=0.09 sys=0.00, real=0.09 secs] 
266.947: Total time for which application threads were stopped: 0.0961910 seconds, Stopping threads took: 0.0000140 seconds
266.974: Application time: 0.0275430 seconds
266.974: [Full GC266.974: [Tenured: 71039K->71039K(71040K), 0.0795440 secs] 102975K->76101K(102976K), [Perm : 8848K->8848K(21248K)], 0.0795910 secs] [Times: user=0.08 sys=0.00, real=0.08 secs] 
267.054: Total time for which application threads were stopped: 0.0796770 seconds, Stopping threads took: 0.0000140 seconds
267.080: Application time: 0.0262640 seconds
267.080: [Full GC267.080: [Tenured: 71039K->71039K(71040K), 0.0784080 secs] 102975K->76273K(102976K), [Perm : 8848K->8848K(21248K)], 0.0784490 secs] [Times: user=0.07 sys=0.00, real=0.07 secs] 
267.159: Total time for which application threads were stopped: 0.0785480 seconds, Stopping threads took: 0.0000130 seconds
267.186: Application time: 0.0271700 seconds
267.186: [Full GC267.186: [Tenured: 71039K->71039K(71040K), 0.0922680 secs] 102975K->77053K(102976K), [Perm : 8848K->8848K(21248K)], 0.0923150 secs] [Times: user=0.10 sys=0.00, real=0.09 secs] 
267.278: Total time for which application threads were stopped: 0.0924050 seconds, Stopping threads took: 0.0000130 seconds
267.305: Application time: 0.0260440 seconds
267.305: [Full GC267.305: [Tenured: 71039K->71039K(71040K), 0.0945630 secs] 102975K->74811K(102976K), [Perm : 8848K->8848K(21248K)], 0.0946080 secs] [Times: user=0.09 sys=0.00, real=0.10 secs] 
267.399: Total time for which application threads were stopped: 0.0946950 seconds, Stopping threads took: 0.0000130 seconds
267.426: Application time: 0.0264320 seconds
267.426: [Full GC267.426: [Tenured: 71039K->71039K(71040K), 0.0792260 secs] 102975K->75823K(102976K), [Perm : 8848K->8848K(21248K)], 0.0792720 secs] [Times: user=0.08 sys=0.00, real=0.08 secs] 
267.505: Total time for which application threads were stopped: 0.0793610 seconds, Stopping threads took: 0.0000140 seconds
267.531: Application time: 0.0263680 seconds
267.531: [Full GC267.531: [Tenured: 71040K->71040K(71040K), 0.0796760 secs] 102975K->76031K(102976K), [Perm : 8848K->8848K(21248K)], 0.0797210 secs] [Times: user=0.08 sys=0.00, real=0.08 secs] 
267.611: Total time for which application threads were stopped: 0.0798090 seconds, Stopping threads took: 0.0000130 seconds
267.637: Application time: 0.0261820 seconds
267.637: [Full GC267.637: [Tenured: 71040K->71040K(71040K), 0.0775500 secs] 102975K->76062K(102976K), [Perm : 8848K->8848K(21248K)], 0.0775920 secs] [Times: user=0.08 sys=0.00, real=0.08 secs] 
267.715: Total time for which application threads were stopped: 0.0776910 seconds, Stopping threads took: 0.0000150 seconds
267.741: Application time: 0.0257440 seconds
267.741: [Full GC267.741: [Tenured: 71040K->71039K(71040K), 0.0937600 secs] 102975K->75940K(102976K), [Perm : 8848K->8848K(21248K)], 0.0938060 secs] [Times: user=0.09 sys=0.00, real=0.09 secs] 
267.835: Total time for which application threads were stopped: 0.0938990 seconds, Stopping threads took: 0.0000140 seconds
267.860: Application time: 0.0251730 seconds
267.860: [Full GC267.860: [Tenured: 71039K->71039K(71040K), 0.0781050 secs] 102975K->76425K(102976K), [Perm : 8848K->8848K(21248K)], 0.0781500 secs] [Times: user=0.08 sys=0.00, real=0.07 secs] 
267.938: Total time for which application threads were stopped: 0.0782380 seconds, Stopping threads took: 0.0000140 seconds
267.964: Application time: 0.0261190 seconds
267.964: [Full GC267.964: [Tenured: 71040K->71040K(71040K), 0.0778450 secs] 102976K->75977K(102976K), [Perm : 8848K->8848K(21248K)], 0.0778920 secs] [Times: user=0.08 sys=0.00, real=0.08 secs] 
268.042: Total time for which application threads were stopped: 0.0779800 seconds, Stopping threads took: 0.0000140 seconds
268.067: Application time: 0.0243170 seconds
268.067: [Full GC268.067: [Tenured: 71040K->71040K(71040K), 0.0792880 secs] 102975K->76515K(102976K), [Perm : 8848K->8848K(21248K)], 0.0793420 secs] [Times: user=0.08 sys=0.00, real=0.08 secs] 
268.146: Total time for which application threads were stopped: 0.0794280 seconds, Stopping threads took: 0.0000140 seconds
268.167: Application time: 0.0212070 seconds
268.167: [Full GC268.167: [Tenured: 71040K->71039K(71040K), 0.0934660 secs] 102975K->76647K(102976K), [Perm : 8848K->8848K(21248K)], 0.0935110 secs] [Times: user=0.10 sys=0.00, real=0.09 secs] 
268.261: Total time for which application threads were stopped: 0.0936080 seconds, Stopping threads took: 0.0000130 seconds
268.287: Application time: 0.0264750 seconds
268.287: [Full GC268.287: [Tenured: 71040K->71040K(71040K), 0.0907460 secs] 102976K->77054K(102976K), [Perm : 8848K->8848K(21248K)], 0.0907940 secs] [Times: user=0.09 sys=0.00, real=0.08 secs] 
268.378: Total time for which application threads were stopped: 0.0908820 seconds, Stopping threads took: 0.0000130 seconds
268.404: Application time: 0.0259910 seconds
268.404: [Full GC268.404: [Tenured: 71040K->71040K(71040K), 0.0806240 secs] 102975K->80431K(102976K), [Perm : 8848K->8848K(21248K)], 0.0806700 secs] [Times: user=0.08 sys=0.00, real=0.08 secs] 
268.485: Total time for which application threads were stopped: 0.0807570 seconds, Stopping threads took: 0.0000140 seconds
268.511: Application time: 0.0258940 seconds
268.511: [Full GC268.511: [Tenured: 71040K->71039K(71040K), 0.0947540 secs] 102975K->75054K(102976K), [Perm : 8848K->8848K(21248K)], 0.0948000 secs] [Times: user=0.09 sys=0.00, real=0.09 secs] 
268.606: Total time for which application threads were stopped: 0.0948890 seconds, Stopping threads took: 0.0000140 seconds
268.633: Application time: 0.0270830 seconds
268.633: [Full GC268.633: [Tenured: 71039K->71039K(71040K), 0.0961180 secs] 102975K->77613K(102976K), [Perm : 8848K->8848K(21248K)], 0.0961640 secs] [Times: user=0.10 sys=0.00, real=0.10 secs] 
268.729: Total time for which application threads were stopped: 0.0962540 seconds, Stopping threads took: 0.0000140 seconds
268.753: Application time: 0.0236480 seconds
268.753: [Full GC268.753: [Tenured: 71039K->71040K(71040K), 0.0960720 secs] 102975K->80163K(102976K), [Perm : 8848K->8848K(21248K)], 0.0961200 secs] [Times: user=0.09 sys=0.00, real=0.10 secs] 
268.849: Total time for which application threads were stopped: 0.0962200 seconds, Stopping threads took: 0.0000140 seconds
268.876: Application time: 0.0267160 seconds
268.876: [Full GC268.876: [Tenured: 71040K->71040K(71040K), 0.0955470 secs] 102975K->75854K(102976K), [Perm : 8848K->8848K(21248K)], 0.0955950 secs] [Times: user=0.10 sys=0.00, real=0.10 secs] 
268.971: Total time for which application threads were stopped: 0.0956850 seconds, Stopping threads took: 0.0000140 seconds
268.999: Application time: 0.0277560 seconds
268.999: [Full GC268.999: [Tenured: 71040K->71040K(71040K), 0.0840360 secs] 102976K->81501K(102976K), [Perm : 8848K->8848K(21248K)], 0.0840800 secs] [Times: user=0.09 sys=0.00, real=0.08 secs] 
269.083: Total time for which application threads were stopped: 0.0841670 seconds, Stopping threads took: 0.0000140 seconds
269.108: Application time: 0.0244560 seconds
269.108: [Full GC269.108: [Tenured: 71040K->71039K(71040K), 0.0987730 secs] 102975K->76496K(102976K), [Perm : 8848K->8848K(21248K)], 0.0988230 secs] [Times: user=0.09 sys=0.00, real=0.09 secs] 
269.207: Total time for which application threads were stopped: 0.0989100 seconds, Stopping threads took: 0.0000130 seconds
269.234: Application time: 0.0276530 seconds
269.234: [Full GC269.234: [Tenured: 71040K->71039K(71040K), 0.0953010 secs] 102975K->75294K(102976K), [Perm : 8848K->8848K(21248K)], 0.0953490 secs] [Times: user=0.09 sys=0.00, real=0.10 secs] 
269.330: Total time for which application threads were stopped: 0.0954380 seconds, Stopping threads took: 0.0000130 seconds
269.357: Application time: 0.0273260 seconds
269.357: [Full GC269.357: [Tenured: 71040K->71039K(71040K), 0.0851680 secs] 102975K->82843K(102976K), [Perm : 8848K->8848K(21248K)], 0.0852230 secs] [Times: user=0.09 sys=0.00, real=0.09 secs] 
269.442: Total time for which application threads were stopped: 0.0853240 seconds, Stopping threads took: 0.0000130 seconds
269.468: Application time: 0.0256490 seconds
269.468: [Full GC269.468: [Tenured: 71039K->71039K(71040K), 0.0982280 secs] 102975K->77447K(102976K), [Perm : 8848K->8848K(21248K)], 0.0982760 secs] [Times: user=0.10 sys=0.00, real=0.09 secs] 
269.566: Total time for which application threads were stopped: 0.0983630 seconds, Stopping threads took: 0.0000130 seconds
269.595: Application time: 0.0289300 seconds
269.595: [Full GC269.595: [Tenured: 71040K->71039K(71040K), 0.0977150 secs] 102975K->75088K(102976K), [Perm : 8848K->8848K(21248K)], 0.0977620 secs] [Times: user=0.10 sys=0.00, real=0.10 secs] 
269.693: Total time for which application threads were stopped: 0.0978510 seconds, Stopping threads took: 0.0000140 seconds
269.723: Application time: 0.0300280 seconds
269.723: [Full GC269.723: [Tenured: 71040K->71039K(71040K), 0.0842950 secs] 102975K->81227K(102976K), [Perm : 8848K->8848K(21248K)], 0.0843410 secs] [Times: user=0.09 sys=0.00, real=0.09 secs] 
269.808: Total time for which application threads were stopped: 0.0844290 seconds, Stopping threads took: 0.0000140 seconds
269.834: Application time: 0.0262220 seconds
269.834: [Full GC269.834: [Tenured: 71039K->71039K(71040K), 0.0821760 secs] 102975K->81419K(102976K), [Perm : 8848K->8848K(21248K)], 0.0822200 secs] [Times: user=0.08 sys=0.00, real=0.08 secs] 
269.916: Total time for which application threads were stopped: 0.0823100 seconds, Stopping threads took: 0.0000140 seconds
269.943: Application time: 0.0270770 seconds
269.943: [Full GC269.943: [Tenured: 71039K->71039K(71040K), 0.1001980 secs] 102975K->76315K(102976K), [Perm : 8848K->8848K(21248K)], 0.1002420 secs] [Times: user=0.10 sys=0.00, real=0.10 secs] 
270.044: Total time for which application threads were stopped: 0.1003400 seconds, Stopping threads took: 0.0000140 seconds
270.073: Application time: 0.0291720 seconds
270.073: [Full GC270.073: [Tenured: 71039K->71039K(71040K), 0.0954090 secs] 102975K->75707K(102976K), [Perm : 8848K->8848K(21248K)], 0.0954510 secs] [Times: user=0.10 sys=0.00, real=0.10 secs] 
270.168: Total time for which application threads were stopped: 0.0955390 seconds, Stopping threads took: 0.0000130 seconds
270.198: Application time: 0.0296940 seconds
270.198: [Full GC270.198: [Tenured: 71040K->71040K(71040K), 0.0804090 secs] 102975K->77879K(102976K), [Perm : 8848K->8848K(21248K)], 0.0804580 secs] [Times: user=0.08 sys=0.00, real=0.08 secs] 
270.279: Total time for which application threads were stopped: 0.0805550 seconds, Stopping threads took: 0.0000130 seconds
270.306: Application time: 0.0276910 seconds
270.306: [Full GC270.306: [Tenured: 71040K->71040K(71040K), 0.0798840 secs] 102975K->78072K(102976K), [Perm : 8848K->8848K(21248K)], 0.0799290 secs] [Times: user=0.08 sys=0.00, real=0.08 secs] 
270.386: Total time for which application threads were stopped: 0.0800180 seconds, Stopping threads took: 0.0000140 seconds
270.411: Application time: 0.0245890 seconds
270.411: [Full GC270.411: [Tenured: 71040K->71040K(71040K), 0.0771720 secs] 102976K->78013K(102976K), [Perm : 8848K->8848K(21248K)], 0.0772190 secs] [Times: user=0.08 sys=0.00, real=0.08 secs] 
270.488: Total time for which application threads were stopped: 0.0773060 seconds, Stopping threads took: 0.0000140 seconds
270.514: Application time: 0.0262400 seconds
270.514: [Full GC270.514: [Tenured: 71040K->71040K(71040K), 0.0931250 secs] 102975K->75969K(102976K), [Perm : 8848K->8848K(21248K)], 0.0931690 secs] [Times: user=0.10 sys=0.00, real=0.10 secs] 
270.608: Total time for which application threads were stopped: 0.0932710 seconds, Stopping threads took: 0.0000140 seconds
270.633: Application time: 0.0255300 seconds
270.633: [Full GC270.633: [Tenured: 71040K->71040K(71040K), 0.0791670 secs] 102975K->78698K(102976K), [Perm : 8848K->8848K(21248K)], 0.0792230 secs] [Times: user=0.08 sys=0.00, real=0.08 secs] 
270.713: Total time for which application threads were stopped: 0.0793120 seconds, Stopping threads took: 0.0000140 seconds
270.737: Application time: 0.0247800 seconds
270.737: [Full GC270.737: [Tenured: 71040K->71039K(71040K), 0.0948730 secs] 102975K->74397K(102976K), [Perm : 8848K->8848K(21248K)], 0.0949200 secs] [Times: user=0.09 sys=0.00, real=0.10 secs] 
270.832: Total time for which application threads were stopped: 0.0950110 seconds, Stopping threads took: 0.0000130 seconds
270.856: Application time: 0.0240040 seconds
270.856: [Full GC270.856: [Tenured: 71040K->71040K(71040K), 0.0796210 secs] 102976K->75632K(102976K), [Perm : 8848K->8848K(21248K)], 0.0796680 secs] [Times: user=0.07 sys=0.00, real=0.08 secs] 
270.936: Total time for which application threads were stopped: 0.0797570 seconds, Stopping threads took: 0.0000150 seconds
270.961: Application time: 0.0249720 seconds
270.961: [Full GC270.961: [Tenured: 71040K->71039K(71040K), 0.0923990 secs] 102975K->75950K(102976K), [Perm : 8848K->8848K(21248K)], 0.0924470 secs] [Times: user=0.09 sys=0.00, real=0.09 secs] 
271.054: Total time for which application threads were stopped: 0.0925390 seconds, Stopping threads took: 0.0000140 seconds
271.080: Application time: 0.0260770 seconds
271.080: [Full GC271.080: [Tenured: 71039K->71039K(71040K), 0.0762470 secs] 102975K->75977K(102976K), [Perm : 8848K->8848K(21248K)], 0.0762950 secs] [Times: user=0.08 sys=0.00, real=0.07 secs] 
271.156: Total time for which application threads were stopped: 0.0764010 seconds, Stopping threads took: 0.0000140 seconds
271.182: Application time: 0.0256270 seconds
271.182: [Full GC271.182: [Tenured: 71039K->71039K(71040K), 0.0773320 secs] 102975K->76479K(102976K), [Perm : 8848K->8848K(21248K)], 0.0773740 secs] [Times: user=0.08 sys=0.00, real=0.08 secs] 
271.259: Total time for which application threads were stopped: 0.0774610 seconds, Stopping threads took: 0.0000140 seconds
271.285: Application time: 0.0256880 seconds
271.285: [Full GC271.285: [Tenured: 71039K->71039K(71040K), 0.0788870 secs] 102975K->76906K(102976K), [Perm : 8848K->8848K(21248K)], 0.0789310 secs] [Times: user=0.07 sys=0.00, real=0.08 secs] 
271.364: Total time for which application threads were stopped: 0.0790180 seconds, Stopping threads took: 0.0000150 seconds
271.389: Application time: 0.0252800 seconds
271.389: [Full GC271.389: [Tenured: 71039K->71039K(71040K), 0.0939440 secs] 102975K->76316K(102976K), [Perm : 8848K->8848K(21248K)], 0.0939900 secs] [Times: user=0.10 sys=0.00, real=0.09 secs] 
271.483: Total time for which application threads were stopped: 0.0940800 seconds, Stopping threads took: 0.0000150 seconds
271.509: Application time: 0.0253640 seconds
271.509: [Full GC271.509: [Tenured: 71039K->71039K(71040K), 0.0772200 secs] 102975K->75946K(102976K), [Perm : 8848K->8848K(21248K)], 0.0772660 secs] [Times: user=0.08 sys=0.00, real=0.07 secs] 
271.586: Total time for which application threads were stopped: 0.0773520 seconds, Stopping threads took: 0.0000140 seconds
271.612: Application time: 0.0264250 seconds
271.612: [Full GC271.612: [Tenured: 71039K->71039K(71040K), 0.0776990 secs] 102975K->77549K(102976K), [Perm : 8848K->8848K(21248K)], 0.0777440 secs] [Times: user=0.08 sys=0.00, real=0.08 secs] 
271.690: Total time for which application threads were stopped: 0.0778450 seconds, Stopping threads took: 0.0000140 seconds
271.714: Application time: 0.0238670 seconds
271.714: [Full GC271.714: [Tenured: 71039K->71039K(71040K), 0.0780780 secs] 102975K->78411K(102976K), [Perm : 8848K->8848K(21248K)], 0.0781210 secs] [Times: user=0.08 sys=0.00, real=0.08 secs] 
271.792: Total time for which application threads were stopped: 0.0782090 seconds, Stopping threads took: 0.0000140 seconds
271.816: Application time: 0.0238570 seconds
271.816: [Full GC271.816: [Tenured: 71039K->71039K(71040K), 0.0961230 secs] 102975K->74068K(102976K), [Perm : 8848K->8848K(21248K)], 0.0961700 secs] [Times: user=0.09 sys=0.00, real=0.10 secs] 
271.912: Total time for which application threads were stopped: 0.0962700 seconds, Stopping threads took: 0.0000140 seconds
271.935: Application time: 0.0225240 seconds
271.935: [Full GC271.935: [Tenured: 71040K->71040K(71040K), 0.0813110 secs] 102976K->78657K(102976K), [Perm : 8848K->8848K(21248K)], 0.0813620 secs] [Times: user=0.08 sys=0.00, real=0.08 secs] 
272.016: Total time for which application threads were stopped: 0.0814480 seconds, Stopping threads took: 0.0000140 seconds
272.043: Application time: 0.0261210 seconds
272.043: [Full GC272.043: [Tenured: 71040K->71039K(71040K), 0.0916620 secs] 102975K->76819K(102976K), [Perm : 8848K->8848K(21248K)], 0.0917090 secs] [Times: user=0.09 sys=0.00, real=0.09 secs] 
272.134: Total time for which application threads were stopped: 0.0918000 seconds, Stopping threads took: 0.0000140 seconds
272.160: Application time: 0.0252750 seconds
272.160: [Full GC272.160: [Tenured: 71040K->71039K(71040K), 0.0802020 secs] 102976K->79691K(102976K), [Perm : 8848K->8848K(21248K)], 0.0802460 secs] [Times: user=0.08 sys=0.00, real=0.08 secs] 
272.240: Total time for which application threads were stopped: 0.0803440 seconds, Stopping threads took: 0.0000120 seconds
272.266: Application time: 0.0259270 seconds
272.266: [Full GC272.266: [Tenured: 71040K->71039K(71040K), 0.0964040 secs] 102975K->75831K(102976K), [Perm : 8848K->8848K(21248K)], 0.0964520 secs] [Times: user=0.10 sys=0.00, real=0.10 secs] 
272.362: Total time for which application threads were stopped: 0.0965430 seconds, Stopping threads took: 0.0000130 seconds
272.389: Application time: 0.0263730 seconds
272.389: [Full GC272.389: [Tenured: 71039K->71039K(71040K), 0.0950510 secs] 102975K->76884K(102976K), [Perm : 8848K->8848K(21248K)], 0.0950960 secs] [Times: user=0.09 sys=0.00, real=0.09 secs] 
272.484: Total time for which application threads were stopped: 0.0951810 seconds, Stopping threads took: 0.0000130 seconds
272.510: Application time: 0.0256000 seconds
272.510: [Full GC272.510: [Tenured: 71040K->71039K(71040K), 0.0930400 secs] 102976K->80650K(102976K), [Perm : 8848K->8848K(21248K)], 0.0930860 secs] [Times: user=0.09 sys=0.00, real=0.09 secs] 
272.603: Total time for which application threads were stopped: 0.0931720 seconds, Stopping threads took: 0.0000120 seconds
272.627: Application time: 0.0238570 seconds
272.627: [Full GC272.627: [Tenured: 71040K->71039K(71040K), 0.0979080 secs] 102976K->79884K(102976K), [Perm : 8848K->8848K(21248K)], 0.0979550 secs] [Times: user=0.10 sys=0.00, real=0.10 secs] 
272.725: Total time for which application threads were stopped: 0.0980440 seconds, Stopping threads took: 0.0000130 seconds
272.750: Application time: 0.0258530 seconds
272.751: [Full GC272.751: [Tenured: 71039K->71037K(71040K), 0.0963930 secs] 102975K->74278K(102976K), [Perm : 8848K->8848K(21248K)], 0.0964470 secs] [Times: user=0.10 sys=0.00, real=0.10 secs] 
272.847: Total time for which application threads were stopped: 0.0965520 seconds, Stopping threads took: 0.0000140 seconds
272.875: Application time: 0.0279630 seconds
272.875: [Full GC272.875: [Tenured: 71040K->71039K(71040K), 0.0961550 secs] 102976K->76744K(102976K), [Perm : 8848K->8848K(21248K)], 0.0962010 secs] [Times: user=0.10 sys=0.00, real=0.10 secs] 
272.971: Total time for which application threads were stopped: 0.0962890 seconds, Stopping threads took: 0.0000130 seconds
273.001: Application time: 0.0292430 seconds
273.001: [Full GC273.001: [Tenured: 71040K->71039K(71040K), 0.0982050 secs] 102975K->76653K(102976K), [Perm : 8848K->8848K(21248K)], 0.0982520 secs] [Times: user=0.10 sys=0.00, real=0.09 secs] 
273.099: Total time for which application threads were stopped: 0.0983420 seconds, Stopping threads took: 0.0000130 seconds
273.126: Application time: 0.0274570 seconds
273.126: [Full GC273.126: [Tenured: 71039K->71039K(71040K), 0.0834330 secs] 102975K->79037K(102976K), [Perm : 8848K->8848K(21248K)], 0.0834810 secs] [Times: user=0.08 sys=0.00, real=0.09 secs] 
273.210: Total time for which application threads were stopped: 0.0835690 seconds, Stopping threads took: 0.0000130 seconds
273.236: Application time: 0.0263560 seconds
273.236: [Full GC273.236: [Tenured: 71039K->71039K(71040K), 0.0983730 secs] 102975K->76617K(102976K), [Perm : 8848K->8848K(21248K)], 0.0984270 secs] [Times: user=0.10 sys=0.00, real=0.10 secs] 
273.335: Total time for which application threads were stopped: 0.0985160 seconds, Stopping threads took: 0.0000130 seconds
273.364: Application time: 0.0288990 seconds
273.364: [Full GC273.364: [Tenured: 71039K->71039K(71040K), 0.0823930 secs] 102975K->78966K(102976K), [Perm : 8848K->8848K(21248K)], 0.0824380 secs] [Times: user=0.09 sys=0.00, real=0.08 secs] 
273.446: Total time for which application threads were stopped: 0.0825390 seconds, Stopping threads took: 0.0000140 seconds
273.474: Application time: 0.0276790 seconds
273.474: [Full GC273.474: [Tenured: 71039K->71039K(71040K), 0.0991430 secs] 102975K->77151K(102976K), [Perm : 8848K->8848K(21248K)], 0.0991890 secs] [Times: user=0.09 sys=0.00, real=0.10 secs] 
273.573: Total time for which application threads were stopped: 0.0992780 seconds, Stopping threads took: 0.0000130 seconds
273.601: Application time: 0.0278490 seconds
273.601: [Full GC273.601: [Tenured: 71040K->71040K(71040K), 0.0811220 secs] 102975K->77479K(102976K), [Perm : 8848K->8848K(21248K)], 0.0811700 secs] [Times: user=0.08 sys=0.00, real=0.08 secs] 
273.682: Total time for which application threads were stopped: 0.0812580 seconds, Stopping threads took: 0.0000140 seconds
273.707: Application time: 0.0243210 seconds
273.707: [Full GC273.707: [Tenured: 71040K->71039K(71040K), 0.0962940 secs] 102976K->77000K(102976K), [Perm : 8848K->8848K(21248K)], 0.0963560 secs] [Times: user=0.09 sys=0.00, real=0.10 secs] 
273.803: Total time for which application threads were stopped: 0.0964430 seconds, Stopping threads took: 0.0000140 seconds
273.831: Application time: 0.0276360 seconds
273.831: [Full GC273.831: [Tenured: 71040K->71040K(71040K), 0.0809090 secs] 102976K->76286K(102976K), [Perm : 8848K->8848K(21248K)], 0.0809550 secs] [Times: user=0.08 sys=0.00, real=0.08 secs] 
273.912: Total time for which application threads were stopped: 0.0810440 seconds, Stopping threads took: 0.0000140 seconds
273.938: Application time: 0.0259570 seconds
273.938: [Full GC273.938: [Tenured: 71040K->71040K(71040K), 0.0778510 secs] 102976K->76233K(102976K), [Perm : 8848K->8848K(21248K)], 0.0778970 secs] [Times: user=0.08 sys=0.00, real=0.08 secs] 
274.016: Total time for which application threads were stopped: 0.0779960 seconds, Stopping threads took: 0.0000140 seconds
274.040: Application time: 0.0247880 seconds
274.041: [Full GC274.041: [Tenured: 71040K->71040K(71040K), 0.0801870 secs] 102975K->79032K(102976K), [Perm : 8848K->8848K(21248K)], 0.0802320 secs] [Times: user=0.08 sys=0.00, real=0.08 secs] 
274.121: Total time for which application threads were stopped: 0.0803210 seconds, Stopping threads took: 0.0000140 seconds
274.146: Application time: 0.0249430 seconds
274.146: [Full GC274.146: [Tenured: 71040K->71039K(71040K), 0.0963580 secs] 102975K->74312K(102976K), [Perm : 8848K->8848K(21248K)], 0.0964070 secs] [Times: user=0.10 sys=0.00, real=0.10 secs] 
274.242: Total time for which application threads were stopped: 0.0964960 seconds, Stopping threads took: 0.0000130 seconds
274.270: Application time: 0.0274880 seconds
274.270: [Full GC274.270: [Tenured: 71040K->71040K(71040K), 0.0801840 secs] 102976K->75760K(102976K), [Perm : 8848K->8848K(21248K)], 0.0802290 secs] [Times: user=0.08 sys=0.00, real=0.08 secs] 
274.350: Total time for which application threads were stopped: 0.0803170 seconds, Stopping threads took: 0.0000140 seconds
274.375: Application time: 0.0253580 seconds
274.375: [Full GC274.376: [Tenured: 71040K->71040K(71040K), 0.0789250 secs] 102976K->76118K(102976K), [Perm : 8848K->8848K(21248K)], 0.0789730 secs] [Times: user=0.07 sys=0.00, real=0.08 secs] 
274.454: Total time for which application threads were stopped: 0.0790610 seconds, Stopping threads took: 0.0000150 seconds
274.480: Application time: 0.0252550 seconds
274.480: [Full GC274.480: [Tenured: 71040K->71040K(71040K), 0.0784150 secs] 102975K->76132K(102976K), [Perm : 8848K->8848K(21248K)], 0.0784720 secs] [Times: user=0.08 sys=0.00, real=0.07 secs] 
274.558: Total time for which application threads were stopped: 0.0785740 seconds, Stopping threads took: 0.0000150 seconds
274.584: Application time: 0.0254770 seconds
274.584: [Full GC274.584: [Tenured: 71040K->71039K(71040K), 0.0918750 secs] 102975K->75949K(102976K), [Perm : 8848K->8848K(21248K)], 0.0919210 secs] [Times: user=0.09 sys=0.00, real=0.09 secs] 
274.676: Total time for which application threads were stopped: 0.0920140 seconds, Stopping threads took: 0.0000140 seconds
274.702: Application time: 0.0260180 seconds
274.702: [Full GC274.702: [Tenured: 71039K->71039K(71040K), 0.0775580 secs] 102975K->76833K(102976K), [Perm : 8848K->8848K(21248K)], 0.0776010 secs] [Times: user=0.08 sys=0.00, real=0.08 secs] 
274.780: Total time for which application threads were stopped: 0.0776870 seconds, Stopping threads took: 0.0000140 seconds
274.803: Application time: 0.0233540 seconds
274.803: [Full GC274.803: [Tenured: 71039K->71039K(71040K), 0.0771120 secs] 102975K->76529K(102976K), [Perm : 8848K->8848K(21248K)], 0.0771540 secs] [Times: user=0.08 sys=0.00, real=0.08 secs] 
274.880: Total time for which application threads were stopped: 0.0772420 seconds, Stopping threads took: 0.0000140 seconds
274.905: Application time: 0.0252110 seconds
274.905: [Full GC274.905: [Tenured: 71039K->71039K(71040K), 0.0781830 secs] 102975K->76827K(102976K), [Perm : 8848K->8848K(21248K)], 0.0782290 secs] [Times: user=0.07 sys=0.00, real=0.08 secs] 
274.984: Total time for which application threads were stopped: 0.0783160 seconds, Stopping threads took: 0.0000150 seconds
275.008: Application time: 0.0245370 seconds
275.008: [Full GC275.008: [Tenured: 71039K->71039K(71040K), 0.0931490 secs] 102975K->76547K(102976K), [Perm : 8848K->8848K(21248K)], 0.0931970 secs] [Times: user=0.09 sys=0.00, real=0.09 secs] 
275.101: Total time for which application threads were stopped: 0.0933000 seconds, Stopping threads took: 0.0000140 seconds
275.126: Application time: 0.0248170 seconds
275.126: [Full GC275.126: [Tenured: 71039K->71039K(71040K), 0.0790010 secs] 102975K->78702K(102976K), [Perm : 8848K->8848K(21248K)], 0.0790450 secs] [Times: user=0.08 sys=0.00, real=0.08 secs] 
275.205: Total time for which application threads were stopped: 0.0791320 seconds, Stopping threads took: 0.0000140 seconds
275.230: Application time: 0.0250280 seconds
275.231: [Full GC275.231: [Tenured: 71039K->71039K(71040K), 0.0808470 secs] 102975K->81378K(102976K), [Perm : 8848K->8848K(21248K)], 0.0808940 secs] [Times: user=0.08 sys=0.00, real=0.08 secs] 
275.311: Total time for which application threads were stopped: 0.0809910 seconds, Stopping threads took: 0.0000140 seconds
275.336: Application time: 0.0244810 seconds
275.336: [Full GC275.336: [Tenured: 71039K->71039K(71040K), 0.0951400 secs] 102975K->75961K(102976K), [Perm : 8848K->8848K(21248K)], 0.0951870 secs] [Times: user=0.10 sys=0.00, real=0.10 secs] 
275.431: Total time for which application threads were stopped: 0.0952770 seconds, Stopping threads took: 0.0000140 seconds
275.457: Application time: 0.0259110 seconds
275.457: [Full GC275.457: [Tenured: 71039K->71039K(71040K), 0.0940120 secs] 102975K->75771K(102976K), [Perm : 8848K->8848K(21248K)], 0.0940580 secs] [Times: user=0.09 sys=0.00, real=0.10 secs] 
275.551: Total time for which application threads were stopped: 0.0941450 seconds, Stopping threads took: 0.0000130 seconds
275.575: Application time: 0.0240730 seconds
275.575: [Full GC275.575: [Tenured: 71039K->71035K(71040K), 0.0922380 secs] 102975K->77113K(102976K), [Perm : 8848K->8848K(21248K)], 0.0922840 secs] [Times: user=0.09 sys=0.00, real=0.10 secs] 
275.668: Total time for which application threads were stopped: 0.0923910 seconds, Stopping threads took: 0.0000140 seconds
275.693: Application time: 0.0247720 seconds
275.693: [Full GC275.693: [Tenured: 71040K->71039K(71040K), 0.0945010 secs] 102976K->82503K(102976K), [Perm : 8848K->8848K(21248K)], 0.0945450 secs] [Times: user=0.10 sys=0.00, real=0.10 secs] 
275.787: Total time for which application threads were stopped: 0.0946400 seconds, Stopping threads took: 0.0000130 seconds
275.812: Application time: 0.0243930 seconds
275.812: [Full GC275.812: [Tenured: 71039K->71040K(71040K), 0.0927690 secs] 102975K->74670K(102976K), [Perm : 8848K->8848K(21248K)], 0.0928150 secs] [Times: user=0.10 sys=0.00, real=0.09 secs] 
275.904: Total time for which application threads were stopped: 0.0929030 seconds, Stopping threads took: 0.0000150 seconds
275.933: Application time: 0.0288170 seconds
275.933: [Full GC275.933: [Tenured: 71040K->71038K(71040K), 0.0955730 secs] 102975K->74540K(102976K), [Perm : 8848K->8848K(21248K)], 0.0956180 secs] [Times: user=0.09 sys=0.00, real=0.10 secs] 
276.029: Total time for which application threads were stopped: 0.0957070 seconds, Stopping threads took: 0.0000140 seconds
276.056: Application time: 0.0265410 seconds
276.056: [Full GC276.056: [Tenured: 71039K->71039K(71040K), 0.0822840 secs] 102975K->78030K(102976K), [Perm : 8848K->8848K(21248K)], 0.0823310 secs] [Times: user=0.08 sys=0.00, real=0.08 secs] 
276.138: Total time for which application threads were stopped: 0.0824200 seconds, Stopping threads took: 0.0000130 seconds
276.161: Application time: 0.0231810 seconds
276.161: [Full GC276.161: [Tenured: 71039K->71039K(71040K), 0.0965040 secs] 102975K->81597K(102976K), [Perm : 8848K->8848K(21248K)], 0.0965490 secs] [Times: user=0.10 sys=0.00, real=0.09 secs] 
276.258: Total time for which application threads were stopped: 0.0966480 seconds, Stopping threads took: 0.0000120 seconds
276.282: Application time: 0.0242320 seconds
276.282: [Full GC276.282: [Tenured: 71040K->71039K(71040K), 0.0927190 secs] 102975K->73334K(102976K), [Perm : 8848K->8848K(21248K)], 0.0927650 secs] [Times: user=0.09 sys=0.00, real=0.09 secs] 
276.375: Total time for which application threads were stopped: 0.0928550 seconds, Stopping threads took: 0.0000140 seconds
276.405: Application time: 0.0296410 seconds
276.405: [Full GC276.405: [Tenured: 71039K->71039K(71040K), 0.0971200 secs] 102975K->75174K(102976K), [Perm : 8848K->8848K(21248K)], 0.0971670 secs] [Times: user=0.10 sys=0.00, real=0.10 secs] 
276.502: Total time for which application threads were stopped: 0.0972700 seconds, Stopping threads took: 0.0000240 seconds
276.533: Application time: 0.0315550 seconds
276.533: [Full GC276.533: [Tenured: 71039K->71039K(71040K), 0.0824870 secs] 102975K->78412K(102976K), [Perm : 8848K->8848K(21248K)], 0.0825340 secs] [Times: user=0.08 sys=0.00, real=0.08 secs] 
276.616: Total time for which application threads were stopped: 0.0826250 seconds, Stopping threads took: 0.0000130 seconds
276.644: Application time: 0.0279130 seconds
276.644: [Full GC276.644: [Tenured: 71039K->71039K(71040K), 0.1000710 secs] 102975K->76310K(102976K), [Perm : 8848K->8848K(21248K)], 0.1001170 secs] [Times: user=0.10 sys=0.00, real=0.10 secs] 
276.744: Total time for which application threads were stopped: 0.1002100 seconds, Stopping threads took: 0.0000130 seconds
276.773: Application time: 0.0285820 seconds
276.773: [Full GC276.773: [Tenured: 71039K->71039K(71040K), 0.0800170 secs] 102975K->77806K(102976K), [Perm : 8848K->8848K(21248K)], 0.0800630 secs] [Times: user=0.08 sys=0.00, real=0.08 secs] 
276.853: Total time for which application threads were stopped: 0.0801680 seconds, Stopping threads took: 0.0000140 seconds
276.883: Application time: 0.0300770 seconds
276.883: [Full GC276.883: [Tenured: 71039K->71039K(71040K), 0.0959390 secs] 102975K->75431K(102976K), [Perm : 8848K->8848K(21248K)], 0.0959870 secs] [Times: user=0.09 sys=0.00, real=0.09 secs] 
276.979: Total time for which application threads were stopped: 0.0960900 seconds, Stopping threads took: 0.0000140 seconds
277.008: Application time: 0.0294130 seconds
277.009: [Full GC277.009: [Tenured: 71040K->71040K(71040K), 0.0809100 secs] 102976K->78926K(102976K), [Perm : 8848K->8848K(21248K)], 0.0809560 secs] [Times: user=0.08 sys=0.00, real=0.08 secs] 
277.089: Total time for which application threads were stopped: 0.0810490 seconds, Stopping threads took: 0.0000140 seconds
277.117: Application time: 0.0276930 seconds
277.117: [Full GC277.117: [Tenured: 71040K->71040K(71040K), 0.0811440 secs] 102976K->79348K(102976K), [Perm : 8848K->8848K(21248K)], 0.0811980 secs] [Times: user=0.08 sys=0.00, real=0.08 secs] 
277.198: Total time for which application threads were stopped: 0.0812870 seconds, Stopping threads took: 0.0000140 seconds
277.226: Application time: 0.0274960 seconds
277.226: [Full GC277.226: [Tenured: 71040K->71039K(71040K), 0.0920920 secs] 102976K->79244K(102976K), [Perm : 8848K->8848K(21248K)], 0.0921390 secs] [Times: user=0.09 sys=0.00, real=0.09 secs] 
277.318: Total time for which application threads were stopped: 0.0922330 seconds, Stopping threads took: 0.0000140 seconds
277.346: Application time: 0.0275250 seconds
277.346: [Full GC277.346: [Tenured: 71040K->71039K(71040K), 0.0947840 secs] 102975K->75933K(102976K), [Perm : 8848K->8848K(21248K)], 0.0948300 secs] [Times: user=0.09 sys=0.00, real=0.10 secs] 
277.441: Total time for which application threads were stopped: 0.0949360 seconds, Stopping threads took: 0.0000140 seconds
277.467: Application time: 0.0265580 seconds
277.467: [Full GC277.467: [Tenured: 71039K->71039K(71040K), 0.0787090 secs] 102975K->77714K(102976K), [Perm : 8848K->8848K(21248K)], 0.0787570 secs] [Times: user=0.08 sys=0.00, real=0.07 secs] 
277.546: Total time for which application threads were stopped: 0.0788490 seconds, Stopping threads took: 0.0000140 seconds
277.571: Application time: 0.0250160 seconds
277.571: [Full GC277.571: [Tenured: 71039K->71040K(71040K), 0.0933590 secs] 102975K->77264K(102976K), [Perm : 8848K->8848K(21248K)], 0.0934030 secs] [Times: user=0.09 sys=0.00, real=0.09 secs] 
277.665: Total time for which application threads were stopped: 0.0934950 seconds, Stopping threads took: 0.0000140 seconds
277.692: Application time: 0.0271030 seconds
277.692: [Full GC277.692: [Tenured: 71040K->71040K(71040K), 0.0799280 secs] 102976K->78711K(102976K), [Perm : 8848K->8848K(21248K)], 0.0799750 secs] [Times: user=0.08 sys=0.00, real=0.08 secs] 
277.772: Total time for which application threads were stopped: 0.0800700 seconds, Stopping threads took: 0.0000150 seconds
277.796: Application time: 0.0241390 seconds
277.796: [Full GC277.796: [Tenured: 71040K->71039K(71040K), 0.0948790 secs] 102975K->75851K(102976K), [Perm : 8848K->8848K(21248K)], 0.0949240 secs] [Times: user=0.09 sys=0.00, real=0.10 secs] 
277.891: Total time for which application threads were stopped: 0.0950200 seconds, Stopping threads took: 0.0000150 seconds
277.914: Application time: 0.0233970 seconds
277.914: [Full GC277.914: [Tenured: 71039K->71039K(71040K), 0.0773090 secs] 102974K->76022K(102976K), [Perm : 8848K->8848K(21248K)], 0.0773540 secs] [Times: user=0.08 sys=0.00, real=0.08 secs] 
277.992: Total time for which application threads were stopped: 0.0774610 seconds, Stopping threads took: 0.0000140 seconds
278.017: Application time: 0.0256100 seconds
278.017: [Full GC278.017: [Tenured: 71039K->71039K(71040K), 0.0778270 secs] 102975K->76037K(102976K), [Perm : 8848K->8848K(21248K)], 0.0778710 secs] [Times: user=0.08 sys=0.00, real=0.08 secs] 
278.095: Total time for which application threads were stopped: 0.0779600 seconds, Stopping threads took: 0.0000140 seconds
278.120: Application time: 0.0250370 seconds
278.120: [Full GC278.120: [Tenured: 71039K->71039K(71040K), 0.0789170 secs] 102975K->77403K(102976K), [Perm : 8848K->8848K(21248K)], 0.0789590 secs] [Times: user=0.08 sys=0.00, real=0.08 secs] 
278.199: Total time for which application threads were stopped: 0.0790480 seconds, Stopping threads took: 0.0000130 seconds
278.223: Application time: 0.0238570 seconds
278.223: [Full GC278.223: [Tenured: 71039K->71039K(71040K), 0.0929270 secs] 102975K->75972K(102976K), [Perm : 8848K->8848K(21248K)], 0.0929750 secs] [Times: user=0.10 sys=0.00, real=0.09 secs] 
278.316: Total time for which application threads were stopped: 0.0930690 seconds, Stopping threads took: 0.0000150 seconds
278.342: Application time: 0.0256510 seconds
278.342: [Full GC278.342: [Tenured: 71039K->71039K(71040K), 0.0778240 secs] 102975K->76348K(102976K), [Perm : 8848K->8848K(21248K)], 0.0778770 secs] [Times: user=0.08 sys=0.00, real=0.08 secs] 
278.420: Total time for which application threads were stopped: 0.0779690 seconds, Stopping threads took: 0.0000150 seconds
278.445: Application time: 0.0254140 seconds
278.445: [Full GC278.446: [Tenured: 71040K->71040K(71040K), 0.0772510 secs] 102975K->77217K(102976K), [Perm : 8848K->8848K(21248K)], 0.0772960 secs] [Times: user=0.08 sys=0.00, real=0.08 secs] 
278.523: Total time for which application threads were stopped: 0.0774040 seconds, Stopping threads took: 0.0000140 seconds
278.546: Application time: 0.0235810 seconds
278.546: [Full GC278.546: [Tenured: 71040K->71040K(71040K), 0.0794720 secs] 102976K->78285K(102976K), [Perm : 8848K->8848K(21248K)], 0.0795180 secs] [Times: user=0.08 sys=0.00, real=0.08 secs] 
278.626: Total time for which application threads were stopped: 0.0796100 seconds, Stopping threads took: 0.0000140 seconds
278.651: Application time: 0.0248330 seconds
278.651: [Full GC278.651: [Tenured: 71040K->71039K(71040K), 0.0961850 secs] 102975K->79326K(102976K), [Perm : 8848K->8848K(21248K)], 0.0962300 secs] [Times: user=0.10 sys=0.00, real=0.10 secs] 
278.747: Total time for which application threads were stopped: 0.0963230 seconds, Stopping threads took: 0.0000130 seconds
278.772: Application time: 0.0251130 seconds
278.772: [Full GC278.772: [Tenured: 71039K->71039K(71040K), 0.0927120 secs] 102975K->77521K(102976K), [Perm : 8848K->8848K(21248K)], 0.0927570 secs] [Times: user=0.09 sys=0.00, real=0.09 secs] 
278.865: Total time for which application threads were stopped: 0.0928480 seconds, Stopping threads took: 0.0000140 seconds
278.892: Application time: 0.0266630 seconds
278.892: [Full GC278.892: [Tenured: 71039K->71039K(71040K), 0.0789810 secs] 102975K->78633K(102976K), [Perm : 8848K->8848K(21248K)], 0.0790300 secs] [Times: user=0.08 sys=0.00, real=0.08 secs] 
278.971: Total time for which application threads were stopped: 0.0791240 seconds, Stopping threads took: 0.0000140 seconds
278.995: Application time: 0.0242360 seconds
278.995: [Full GC278.995: [Tenured: 71039K->71039K(71040K), 0.0814120 secs] 102975K->81920K(102976K), [Perm : 8848K->8848K(21248K)], 0.0814600 secs] [Times: user=0.08 sys=0.00, real=0.08 secs] 
279.077: Total time for which application threads were stopped: 0.0815670 seconds, Stopping threads took: 0.0000140 seconds
279.102: Application time: 0.0253750 seconds
279.102: [Full GC279.102: [Tenured: 71039K->71039K(71040K), 0.0957410 secs] 102975K->73897K(102976K), [Perm : 8848K->8848K(21248K)], 0.0957850 secs] [Times: user=0.09 sys=0.00, real=0.09 secs] 
279.198: Total time for which application threads were stopped: 0.0958890 seconds, Stopping threads took: 0.0000240 seconds
279.222: Application time: 0.0238770 seconds
279.222: [Full GC279.222: [Tenured: 71039K->71039K(71040K), 0.0788580 secs] 102975K->77498K(102976K), [Perm : 8848K->8848K(21248K)], 0.0789010 secs] [Times: user=0.08 sys=0.00, real=0.08 secs] 
279.301: Total time for which application threads were stopped: 0.0789890 seconds, Stopping threads took: 0.0000120 seconds
279.326: Application time: 0.0249400 seconds
279.326: [Full GC279.326: [Tenured: 71039K->71039K(71040K), 0.0930170 secs] 102975K->74898K(102976K), [Perm : 8848K->8848K(21248K)], 0.0930610 secs] [Times: user=0.10 sys=0.00, real=0.09 secs] 
279.419: Total time for which application threads were stopped: 0.0931510 seconds, Stopping threads took: 0.0000130 seconds
279.447: Application time: 0.0284670 seconds
279.447: [Full GC279.448: [Tenured: 71039K->71039K(71040K), 0.0913630 secs] 102975K->78146K(102976K), [Perm : 8848K->8848K(21248K)], 0.0914110 secs] [Times: user=0.09 sys=0.00, real=0.08 secs] 
279.539: Total time for which application threads were stopped: 0.0915050 seconds, Stopping threads took: 0.0000140 seconds
279.565: Application time: 0.0262190 seconds
279.565: [Full GC279.565: [Tenured: 71039K->71039K(71040K), 0.0971490 secs] 102975K->77769K(102976K), [Perm : 8848K->8848K(21248K)], 0.0972040 secs] [Times: user=0.09 sys=0.00, real=0.10 secs] 
279.662: Total time for which application threads were stopped: 0.0973050 seconds, Stopping threads took: 0.0000130 seconds
279.687: Application time: 0.0242010 seconds
279.687: [Full GC279.687: [Tenured: 71039K->71039K(71040K), 0.0986830 secs] 102975K->82104K(102976K), [Perm : 8848K->8848K(21248K)], 0.0987320 secs] [Times: user=0.10 sys=0.00, real=0.10 secs] 
279.785: Total time for which application threads were stopped: 0.0988230 seconds, Stopping threads took: 0.0000130 seconds
279.811: Application time: 0.0259470 seconds
279.812: [Full GC279.812: [Tenured: 71039K->71039K(71040K), 0.0934420 secs] 102975K->73074K(102976K), [Perm : 8848K->8848K(21248K)], 0.0934890 secs] [Times: user=0.09 sys=0.00, real=0.09 secs] 
279.906: Total time for which application threads were stopped: 0.0940660 seconds, Stopping threads took: 0.0005020 seconds
279.936: Application time: 0.0302830 seconds
279.936: [Full GC279.936: [Tenured: 71039K->71038K(71040K), 0.0840150 secs] 102974K->79927K(102976K), [Perm : 8848K->8848K(21248K)], 0.0840620 secs] [Times: user=0.08 sys=0.00, real=0.09 secs] 
280.020: Total time for which application threads were stopped: 0.0841520 seconds, Stopping threads took: 0.0000130 seconds
280.047: Application time: 0.0268950 seconds
280.047: [Full GC280.047: [Tenured: 71039K->71039K(71040K), 0.0987050 secs] 102975K->77188K(102976K), [Perm : 8848K->8848K(21248K)], 0.0987490 secs] [Times: user=0.10 sys=0.00, real=0.10 secs] 
280.146: Total time for which application threads were stopped: 0.0988410 seconds, Stopping threads took: 0.0000140 seconds
280.172: Application time: 0.0266780 seconds
280.172: [Full GC280.172: [Tenured: 71040K->71040K(71040K), 0.0808530 secs] 102976K->79461K(102976K), [Perm : 8848K->8848K(21248K)], 0.0808990 secs] [Times: user=0.08 sys=0.00, real=0.08 secs] 
280.253: Total time for which application threads were stopped: 0.0810010 seconds, Stopping threads took: 0.0000120 seconds
280.280: Application time: 0.0267680 seconds
280.280: [Full GC280.280: [Tenured: 71040K->71039K(71040K), 0.1008580 secs] 102975K->77418K(102976K), [Perm : 8848K->8848K(21248K)], 0.1009130 secs] [Times: user=0.10 sys=0.00, real=0.10 secs] 
280.383: Total time for which application threads were stopped: 0.1025590 seconds, Stopping threads took: 0.0000150 seconds
280.411: Application time: 0.0288010 seconds
280.412: [Full GC280.412: [Tenured: 71039K->71039K(71040K), 0.0810290 secs] 102975K->77246K(102976K), [Perm : 8848K->8848K(21248K)], 0.0810760 secs] [Times: user=0.08 sys=0.00, real=0.08 secs] 
280.493: Total time for which application threads were stopped: 0.0811650 seconds, Stopping threads took: 0.0000130 seconds
280.520: Application time: 0.0270840 seconds
280.520: [Full GC280.520: [Tenured: 71039K->71039K(71040K), 0.0996610 secs] 102975K->76493K(102976K), [Perm : 8848K->8848K(21248K)], 0.0997090 secs] [Times: user=0.10 sys=0.00, real=0.10 secs] 
280.620: Total time for which application threads were stopped: 0.0998130 seconds, Stopping threads took: 0.0000230 seconds
280.647: Application time: 0.0274410 seconds
280.647: [Full GC280.647: [Tenured: 71039K->71039K(71040K), 0.0799390 secs] 102975K->77058K(102976K), [Perm : 8848K->8848K(21248K)], 0.0799820 secs] [Times: user=0.08 sys=0.00, real=0.08 secs] 
280.727: Total time for which application threads were stopped: 0.0800720 seconds, Stopping threads took: 0.0000140 seconds
280.757: Application time: 0.0296250 seconds
280.757: [Full GC280.757: [Tenured: 71039K->71039K(71040K), 0.0815400 secs] 102975K->77604K(102976K), [Perm : 8848K->8848K(21248K)], 0.0815880 secs] [Times: user=0.08 sys=0.00, real=0.08 secs] 
280.838: Total time for which application threads were stopped: 0.0816920 seconds, Stopping threads took: 0.0000140 seconds
280.865: Application time: 0.0270460 seconds
280.866: [Full GC280.866: [Tenured: 71039K->71039K(71040K), 0.0786980 secs] 102975K->78308K(102976K), [Perm : 8848K->8848K(21248K)], 0.0787440 secs] [Times: user=0.08 sys=0.00, real=0.08 secs] 
280.944: Total time for which application threads were stopped: 0.0788440 seconds, Stopping threads took: 0.0000140 seconds
280.971: Application time: 0.0269830 seconds
280.971: [Full GC280.971: [Tenured: 71039K->71040K(71040K), 0.0940260 secs] 102975K->73699K(102976K), [Perm : 8848K->8848K(21248K)], 0.0940720 secs] [Times: user=0.10 sys=0.00, real=0.09 secs] 
281.065: Total time for which application threads were stopped: 0.0941660 seconds, Stopping threads took: 0.0000140 seconds
281.095: Application time: 0.0290800 seconds
281.095: [Full GC281.095: [Tenured: 71040K->71040K(71040K), 0.0797450 secs] 102975K->75564K(102976K), [Perm : 8848K->8848K(21248K)], 0.0797930 secs] [Times: user=0.08 sys=0.00, real=0.08 secs] 
281.174: Total time for which application threads were stopped: 0.0798860 seconds, Stopping threads took: 0.0000160 seconds
281.202: Application time: 0.0276980 seconds
281.202: [Full GC281.202: [Tenured: 71040K->71040K(71040K), 0.0793560 secs] 102976K->76197K(102976K), [Perm : 8848K->8848K(21248K)], 0.0794060 secs] [Times: user=0.08 sys=0.00, real=0.08 secs] 
281.282: Total time for which application threads were stopped: 0.0794980 seconds, Stopping threads took: 0.0000130 seconds
281.309: Application time: 0.0271960 seconds
281.309: [Full GC281.309: [Tenured: 71040K->71040K(71040K), 0.0772740 secs] 102975K->76265K(102976K), [Perm : 8848K->8848K(21248K)], 0.0773200 secs] [Times: user=0.08 sys=0.00, real=0.07 secs] 
281.386: Total time for which application threads were stopped: 0.0774220 seconds, Stopping threads took: 0.0000140 seconds
281.411: Application time: 0.0251430 seconds
281.411: [Full GC281.411: [Tenured: 71040K->71040K(71040K), 0.0920960 secs] 102975K->75690K(102976K), [Perm : 8848K->8848K(21248K)], 0.0921410 secs] [Times: user=0.09 sys=0.00, real=0.09 secs] 
281.504: Total time for which application threads were stopped: 0.0922330 seconds, Stopping threads took: 0.0000130 seconds
281.528: Application time: 0.0244900 seconds
281.528: [Full GC281.528: [Tenured: 71040K->71040K(71040K), 0.0767970 secs] 102976K->75994K(102976K), [Perm : 8848K->8848K(21248K)], 0.0768410 secs] [Times: user=0.07 sys=0.00, real=0.07 secs] 
281.605: Total time for which application threads were stopped: 0.0769340 seconds, Stopping threads took: 0.0000140 seconds
281.631: Application time: 0.0255640 seconds
281.631: [Full GC281.631: [Tenured: 71040K->71040K(71040K), 0.0771710 secs] 102975K->75925K(102976K), [Perm : 8848K->8848K(21248K)], 0.0772140 secs] [Times: user=0.08 sys=0.00, real=0.08 secs] 
281.708: Total time for which application threads were stopped: 0.0773070 seconds, Stopping threads took: 0.0000150 seconds
281.733: Application time: 0.0255100 seconds
281.733: [Full GC281.734: [Tenured: 71040K->71040K(71040K), 0.0769440 secs] 102976K->76418K(102976K), [Perm : 8848K->8848K(21248K)], 0.0769900 secs] [Times: user=0.08 sys=0.00, real=0.08 secs] 
281.811: Total time for which application threads were stopped: 0.0770890 seconds, Stopping threads took: 0.0000230 seconds
281.831: Application time: 0.0208700 seconds
281.831: [Full GC281.831: [Tenured: 71040K->71040K(71040K), 0.0922480 secs] 102975K->75972K(102976K), [Perm : 8848K->8848K(21248K)], 0.0922930 secs] [Times: user=0.09 sys=0.00, real=0.09 secs] 
281.924: Total time for which application threads were stopped: 0.0924070 seconds, Stopping threads took: 0.0000140 seconds
281.949: Application time: 0.0247930 seconds
281.949: [Full GC281.949: [Tenured: 71040K->71040K(71040K), 0.0771660 secs] 102975K->76144K(102976K), [Perm : 8848K->8848K(21248K)], 0.0772110 secs] [Times: user=0.08 sys=0.00, real=0.07 secs] 
282.026: Total time for which application threads were stopped: 0.0773010 seconds, Stopping threads took: 0.0000120 seconds
282.052: Application time: 0.0265360 seconds
282.052: [Full GC282.053: [Tenured: 71040K->71039K(71040K), 0.0914910 secs] 102975K->76854K(102976K), [Perm : 8848K->8848K(21248K)], 0.0915350 secs] [Times: user=0.09 sys=0.00, real=0.09 secs] 
282.144: Total time for which application threads were stopped: 0.0916270 seconds, Stopping threads took: 0.0000130 seconds
282.169: Application time: 0.0248300 seconds
282.169: [Full GC282.169: [Tenured: 71039K->71039K(71040K), 0.0767050 secs] 102975K->77869K(102976K), [Perm : 8848K->8848K(21248K)], 0.0767560 secs] [Times: user=0.07 sys=0.00, real=0.07 secs] 
282.246: Total time for which application threads were stopped: 0.0768430 seconds, Stopping threads took: 0.0000120 seconds
282.272: Application time: 0.0265550 seconds
282.272: [Full GC282.272: [Tenured: 71039K->71040K(71040K), 0.0949890 secs] 102975K->75395K(102976K), [Perm : 8848K->8848K(21248K)], 0.0950350 secs] [Times: user=0.10 sys=0.00, real=0.10 secs] 
282.367: Total time for which application threads were stopped: 0.0951260 seconds, Stopping threads took: 0.0000150 seconds
282.395: Application time: 0.0272460 seconds
282.395: [Full GC282.395: [Tenured: 71040K->71040K(71040K), 0.0777960 secs] 102975K->76046K(102976K), [Perm : 8848K->8848K(21248K)], 0.0778400 secs] [Times: user=0.07 sys=0.00, real=0.08 secs] 
282.473: Total time for which application threads were stopped: 0.0779470 seconds, Stopping threads took: 0.0000140 seconds
282.500: Application time: 0.0274250 seconds
282.500: [Full GC282.500: [Tenured: 71040K->71040K(71040K), 0.0794360 secs] 102975K->78827K(102976K), [Perm : 8848K->8848K(21248K)], 0.0794830 secs] [Times: user=0.08 sys=0.00, real=0.08 secs] 
282.580: Total time for which application threads were stopped: 0.0795760 seconds, Stopping threads took: 0.0000140 seconds
282.604: Application time: 0.0245860 seconds
282.604: [Full GC282.604: [Tenured: 71040K->71040K(71040K), 0.0934030 secs] 102975K->79550K(102976K), [Perm : 8848K->8848K(21248K)], 0.0934500 secs] [Times: user=0.09 sys=0.00, real=0.09 secs] 
282.698: Total time for which application threads were stopped: 0.0935440 seconds, Stopping threads took: 0.0000140 seconds
282.724: Application time: 0.0260180 seconds
282.724: [Full GC282.724: [Tenured: 71040K->71039K(71040K), 0.0948010 secs] 102975K->73533K(102976K), [Perm : 8848K->8848K(21248K)], 0.0948450 secs] [Times: user=0.10 sys=0.00, real=0.09 secs] 
282.819: Total time for which application threads were stopped: 0.0949380 seconds, Stopping threads took: 0.0000130 seconds
282.846: Application time: 0.0271130 seconds
282.846: [Full GC282.846: [Tenured: 71039K->71039K(71040K), 0.0832810 secs] 102975K->79830K(102976K), [Perm : 8848K->8848K(21248K)], 0.0833280 secs] [Times: user=0.08 sys=0.00, real=0.09 secs] 
282.929: Total time for which application threads were stopped: 0.0834200 seconds, Stopping threads took: 0.0000140 seconds
282.955: Application time: 0.0252770 seconds
282.955: [Full GC282.955: [Tenured: 71039K->71039K(71040K), 0.0963770 secs] 102975K->76189K(102976K), [Perm : 8848K->8848K(21248K)], 0.0964310 secs] [Times: user=0.10 sys=0.00, real=0.10 secs] 
283.051: Total time for which application threads were stopped: 0.0965320 seconds, Stopping threads took: 0.0000130 seconds
283.073: Application time: 0.0223490 seconds
283.073: [Full GC283.073: [Tenured: 71039K->71040K(71040K), 0.0925690 secs] 102975K->81385K(102976K), [Perm : 8848K->8848K(21248K)], 0.0926130 secs] [Times: user=0.09 sys=0.00, real=0.09 secs] 
283.166: Total time for which application threads were stopped: 0.0927040 seconds, Stopping threads took: 0.0000120 seconds
283.191: Application time: 0.0246330 seconds
283.191: [Full GC283.191: [Tenured: 71040K->69553K(71040K), 0.0899320 secs] 102975K->69553K(102976K), [Perm : 8848K->8848K(21248K)], 0.0899770 secs] [Times: user=0.09 sys=0.00, real=0.09 secs] 
283.281: Total time for which application threads were stopped: 0.0900700 seconds, Stopping threads took: 0.0000130 seconds
283.296: Application time: 0.0147950 seconds
283.296: [GC283.296: [DefNew: 28416K->28416K(31936K), 0.0000100 secs]283.296: [Tenured: 69553K->71040K(71040K), 0.0794280 secs] 97969K->77368K(102976K), [Perm : 8848K->8848K(21248K)], 0.0794860 secs] [Times: user=0.08 sys=0.00, real=0.08 secs] 
283.375: Total time for which application threads were stopped: 0.0796430 seconds, Stopping threads took: 0.0000780 seconds
283.403: Application time: 0.0280590 seconds
283.403: [Full GC283.403: [Tenured: 71040K->71039K(71040K), 0.0955900 secs] 102975K->78980K(102976K), [Perm : 8848K->8848K(21248K)], 0.0956580 secs] [Times: user=0.09 sys=0.00, real=0.10 secs] 
283.499: Total time for which application threads were stopped: 0.0957490 seconds, Stopping threads took: 0.0000140 seconds
283.529: Application time: 0.0298050 seconds
283.529: [Full GC283.529: [Tenured: 71039K->71039K(71040K), 0.0956620 secs] 102975K->79439K(102976K), [Perm : 8848K->8848K(21248K)], 0.0957070 secs] [Times: user=0.10 sys=0.00, real=0.09 secs] 
283.625: Total time for which application threads were stopped: 0.0958090 seconds, Stopping threads took: 0.0000140 seconds
283.652: Application time: 0.0273720 seconds
283.652: [Full GC283.652: [Tenured: 71039K->71039K(71040K), 0.0983370 secs] 102975K->76958K(102976K), [Perm : 8848K->8848K(21248K)], 0.0983850 secs] [Times: user=0.10 sys=0.00, real=0.10 secs] 
283.751: Total time for which application threads were stopped: 0.0984790 seconds, Stopping threads took: 0.0000130 seconds
283.779: Application time: 0.0279770 seconds
283.779: [Full GC283.779: [Tenured: 71039K->71039K(71040K), 0.0825110 secs] 102975K->79901K(102976K), [Perm : 8848K->8848K(21248K)], 0.0825560 secs] [Times: user=0.08 sys=0.00, real=0.09 secs] 
283.861: Total time for which application threads were stopped: 0.0826470 seconds, Stopping threads took: 0.0000140 seconds
283.888: Application time: 0.0264130 seconds
283.888: [Full GC283.888: [Tenured: 71039K->71039K(71040K), 0.0799710 secs] 102975K->80340K(102976K), [Perm : 8848K->8848K(21248K)], 0.0800150 secs] [Times: user=0.08 sys=0.00, real=0.08 secs] 
283.968: Total time for which application threads were stopped: 0.0801080 seconds, Stopping threads took: 0.0000140 seconds
283.993: Application time: 0.0253310 seconds
283.993: [Full GC283.993: [Tenured: 71039K->71039K(71040K), 0.0976830 secs] 102975K->76089K(102976K), [Perm : 8848K->8848K(21248K)], 0.0977300 secs] [Times: user=0.10 sys=0.00, real=0.10 secs] 
284.091: Total time for which application threads were stopped: 0.0978260 seconds, Stopping threads took: 0.0000140 seconds
284.118: Application time: 0.0273150 seconds
284.118: [Full GC284.118: [Tenured: 71039K->71039K(71040K), 0.0970350 secs] 102975K->77369K(102976K), [Perm : 8848K->8848K(21248K)], 0.0970830 secs] [Times: user=0.10 sys=0.00, real=0.10 secs] 
284.215: Total time for which application threads were stopped: 0.0971900 seconds, Stopping threads took: 0.0000150 seconds
284.244: Application time: 0.0286530 seconds
284.244: [Full GC284.244: [Tenured: 71039K->71039K(71040K), 0.0828680 secs] 102975K->78680K(102976K), [Perm : 8848K->8848K(21248K)], 0.0829150 secs] [Times: user=0.09 sys=0.00, real=0.08 secs] 
284.327: Total time for which application threads were stopped: 0.0830170 seconds, Stopping threads took: 0.0000130 seconds
284.354: Application time: 0.0265840 seconds
284.354: [Full GC284.354: [Tenured: 71039K->71039K(71040K), 0.0966290 secs] 102975K->74330K(102976K), [Perm : 8848K->8848K(21248K)], 0.0966760 secs] [Times: user=0.09 sys=0.00, real=0.10 secs] 
284.450: Total time for which application threads were stopped: 0.0967690 seconds, Stopping threads took: 0.0000150 seconds
284.480: Application time: 0.0294480 seconds
284.480: [Full GC284.480: [Tenured: 71039K->71039K(71040K), 0.0785890 secs] 102975K->75793K(102976K), [Perm : 8848K->8848K(21248K)], 0.0786320 secs] [Times: user=0.08 sys=0.00, real=0.07 secs] 
284.559: Total time for which application threads were stopped: 0.0787250 seconds, Stopping threads took: 0.0000140 seconds
284.586: Application time: 0.0278750 seconds
284.586: [Full GC284.587: [Tenured: 71039K->71040K(71040K), 0.0927860 secs] 102975K->75962K(102976K), [Perm : 8848K->8848K(21248K)], 0.0928320 secs] [Times: user=0.09 sys=0.00, real=0.10 secs] 
284.679: Total time for which application threads were stopped: 0.0929260 seconds, Stopping threads took: 0.0000130 seconds
284.708: Application time: 0.0281690 seconds
284.708: [Full GC284.708: [Tenured: 71040K->71040K(71040K), 0.0776770 secs] 102975K->75951K(102976K), [Perm : 8848K->8848K(21248K)], 0.0777310 secs] [Times: user=0.08 sys=0.00, real=0.07 secs] 
284.785: Total time for which application threads were stopped: 0.0778400 seconds, Stopping threads took: 0.0000140 seconds
284.811: Application time: 0.0259840 seconds
284.811: [Full GC284.811: [Tenured: 71040K->71040K(71040K), 0.0779450 secs] 102976K->77329K(102976K), [Perm : 8848K->8848K(21248K)], 0.0779900 secs] [Times: user=0.07 sys=0.00, real=0.08 secs] 
284.889: Total time for which application threads were stopped: 0.0780820 seconds, Stopping threads took: 0.0000140 seconds
284.915: Application time: 0.0255020 seconds
284.915: [Full GC284.915: [Tenured: 71040K->71040K(71040K), 0.0770060 secs] 102975K->76915K(102976K), [Perm : 8848K->8848K(21248K)], 0.0770500 secs] [Times: user=0.08 sys=0.00, real=0.08 secs] 
284.992: Total time for which application threads were stopped: 0.0771450 seconds, Stopping threads took: 0.0000140 seconds
285.017: Application time: 0.0253380 seconds
285.017: [Full GC285.018: [Tenured: 71040K->71040K(71040K), 0.0920610 secs] 102975K->75745K(102976K), [Perm : 8848K->8848K(21248K)], 0.0921080 secs] [Times: user=0.09 sys=0.00, real=0.10 secs] 
285.110: Total time for which application threads were stopped: 0.0922050 seconds, Stopping threads took: 0.0000140 seconds
285.135: Application time: 0.0255470 seconds
285.135: [Full GC285.135: [Tenured: 71040K->71040K(71040K), 0.0796540 secs] 102975K->77501K(102976K), [Perm : 8848K->8848K(21248K)], 0.0797020 secs] [Times: user=0.08 sys=0.00, real=0.08 secs] 
285.215: Total time for which application threads were stopped: 0.0797940 seconds, Stopping threads took: 0.0000150 seconds
285.240: Application time: 0.0249500 seconds
285.240: [Full GC285.240: [Tenured: 71040K->71040K(71040K), 0.0774310 secs] 102975K->77333K(102976K), [Perm : 8848K->8848K(21248K)], 0.0774740 secs] [Times: user=0.08 sys=0.00, real=0.07 secs] 
285.318: Total time for which application threads were stopped: 0.0775780 seconds, Stopping threads took: 0.0000140 seconds
285.341: Application time: 0.0234960 seconds
285.341: [Full GC285.341: [Tenured: 71040K->71040K(71040K), 0.0788420 secs] 102975K->79016K(102976K), [Perm : 8848K->8848K(21248K)], 0.0788910 secs] [Times: user=0.08 sys=0.00, real=0.08 secs] 
285.420: Total time for which application threads were stopped: 0.0789910 seconds, Stopping threads took: 0.0000130 seconds
285.445: Application time: 0.0246780 seconds
285.445: [Full GC285.445: [Tenured: 71040K->71040K(71040K), 0.0940820 secs] 102976K->73532K(102976K), [Perm : 8848K->8848K(21248K)], 0.0941290 secs] [Times: user=0.09 sys=0.00, real=0.09 secs] 
285.539: Total time for which application threads were stopped: 0.0942250 seconds, Stopping threads took: 0.0000130 seconds
285.567: Application time: 0.0281910 seconds
285.567: [Full GC285.567: [Tenured: 71040K->71040K(71040K), 0.0761000 secs] 102975K->74964K(102976K), [Perm : 8848K->8848K(21248K)], 0.0761430 secs] [Times: user=0.08 sys=0.00, real=0.07 secs] 
285.643: Total time for which application threads were stopped: 0.0762340 seconds, Stopping threads took: 0.0000140 seconds
285.669: Application time: 0.0254250 seconds
285.669: [Full GC285.669: [Tenured: 71040K->71040K(71040K), 0.0777120 secs] 102976K->75896K(102976K), [Perm : 8848K->8848K(21248K)], 0.0777570 secs] [Times: user=0.08 sys=0.00, real=0.07 secs] 
285.747: Total time for which application threads were stopped: 0.0778510 seconds, Stopping threads took: 0.0000140 seconds
285.774: Application time: 0.0273180 seconds
285.774: [Full GC285.774: [Tenured: 71040K->71040K(71040K), 0.0778240 secs] 102975K->76283K(102976K), [Perm : 8848K->8848K(21248K)], 0.0778650 secs] [Times: user=0.08 sys=0.00, real=0.08 secs] 
285.852: Total time for which application threads were stopped: 0.0779680 seconds, Stopping threads took: 0.0000140 seconds
285.879: Application time: 0.0274520 seconds
285.879: [Full GC285.879: [Tenured: 71040K->71039K(71040K), 0.0917420 secs] 102975K->75919K(102976K), [Perm : 8848K->8848K(21248K)], 0.0917890 secs] [Times: user=0.10 sys=0.00, real=0.09 secs] 
285.971: Total time for which application threads were stopped: 0.0918930 seconds, Stopping threads took: 0.0000120 seconds
285.997: Application time: 0.0253540 seconds
285.997: [Full GC285.997: [Tenured: 71039K->71039K(71040K), 0.0806300 secs] 102975K->79878K(102976K), [Perm : 8848K->8848K(21248K)], 0.0806770 secs] [Times: user=0.08 sys=0.00, real=0.08 secs] 
286.077: Total time for which application threads were stopped: 0.0807690 seconds, Stopping threads took: 0.0000130 seconds
286.100: Application time: 0.0229850 seconds
286.100: [Full GC286.100: [Tenured: 71039K->71040K(71040K), 0.0931730 secs] 102975K->74616K(102976K), [Perm : 8848K->8848K(21248K)], 0.0932190 secs] [Times: user=0.09 sys=0.00, real=0.09 secs] 
286.194: Total time for which application threads were stopped: 0.0933120 seconds, Stopping threads took: 0.0000130 seconds
286.220: Application time: 0.0266460 seconds
286.220: [Full GC286.220: [Tenured: 71040K->71040K(71040K), 0.0788650 secs] 102975K->78132K(102976K), [Perm : 8848K->8848K(21248K)], 0.0789100 secs] [Times: user=0.08 sys=0.00, real=0.08 secs] 
286.299: Total time for which application threads were stopped: 0.0789990 seconds, Stopping threads took: 0.0000130 seconds
286.325: Application time: 0.0256350 seconds
286.325: [Full GC286.325: [Tenured: 71040K->71039K(71040K), 0.0974050 secs] 102975K->78948K(102976K), [Perm : 8848K->8848K(21248K)], 0.0974520 secs] [Times: user=0.09 sys=0.00, real=0.10 secs] 
286.423: Total time for which application threads were stopped: 0.0975610 seconds, Stopping threads took: 0.0000130 seconds
286.449: Application time: 0.0268150 seconds
286.449: [Full GC286.449: [Tenured: 71040K->71039K(71040K), 0.0960070 secs] 102975K->76223K(102976K), [Perm : 8848K->8848K(21248K)], 0.0960540 secs] [Times: user=0.10 sys=0.00, real=0.09 secs] 
286.545: Total time for which application threads were stopped: 0.0961480 seconds, Stopping threads took: 0.0000140 seconds
286.572: Application time: 0.0263530 seconds
286.572: [Full GC286.572: [Tenured: 71039K->71039K(71040K), 0.0947920 secs] 102975K->79487K(102976K), [Perm : 8848K->8848K(21248K)], 0.0948380 secs] [Times: user=0.10 sys=0.00, real=0.09 secs] 
286.667: Total time for which application threads were stopped: 0.0949260 seconds, Stopping threads took: 0.0000130 seconds
286.692: Application time: 0.0255860 seconds
286.692: [Full GC286.692: [Tenured: 71039K->71039K(71040K), 0.0960880 secs] 102975K->78230K(102976K), [Perm : 8848K->8848K(21248K)], 0.0961320 secs] [Times: user=0.09 sys=0.00, real=0.10 secs] 
286.789: Total time for which application threads were stopped: 0.0962240 seconds, Stopping threads took: 0.0000130 seconds
286.816: Application time: 0.0270470 seconds
286.816: [Full GC286.816: [Tenured: 71040K->71039K(71040K), 0.0970950 secs] 102975K->73627K(102976K), [Perm : 8848K->8848K(21248K)], 0.0971410 secs] [Times: user=0.09 sys=0.00, real=0.10 secs] 
286.913: Total time for which application threads were stopped: 0.0972330 seconds, Stopping threads took: 0.0000130 seconds
286.944: Application time: 0.0313090 seconds
286.944: [Full GC286.944: [Tenured: 71040K->71040K(71040K), 0.0952980 secs] 102975K->77258K(102976K), [Perm : 8848K->8848K(21248K)], 0.0953430 secs] [Times: user=0.10 sys=0.00, real=0.10 secs] 
287.040: Total time for which application threads were stopped: 0.0954480 seconds, Stopping threads took: 0.0000140 seconds
287.068: Application time: 0.0282200 seconds
287.068: [Full GC287.068: [Tenured: 71040K->71039K(71040K), 0.0813970 secs] 102975K->78608K(102976K), [Perm : 8848K->8848K(21248K)], 0.0814430 secs] [Times: user=0.08 sys=0.00, real=0.08 secs] 
287.149: Total time for which application threads were stopped: 0.0815330 seconds, Stopping threads took: 0.0000130 seconds
287.179: Application time: 0.0291980 seconds
287.179: [Full GC287.179: [Tenured: 71040K->71040K(71040K), 0.0980930 secs] 102975K->76961K(102976K), [Perm : 8848K->8848K(21248K)], 0.0981370 secs] [Times: user=0.09 sys=0.00, real=0.10 secs] 
287.277: Total time for which application threads were stopped: 0.0982300 seconds, Stopping threads took: 0.0000140 seconds
287.305: Application time: 0.0285710 seconds
287.305: [Full GC287.305: [Tenured: 71040K->71039K(71040K), 0.0949370 secs] 102975K->75318K(102976K), [Perm : 8848K->8848K(21248K)], 0.0949910 secs] [Times: user=0.10 sys=0.00, real=0.10 secs] 
287.400: Total time for which application threads were stopped: 0.0950840 seconds, Stopping threads took: 0.0000130 seconds
287.429: Application time: 0.0289700 seconds
287.430: [Full GC287.430: [Tenured: 71040K->71040K(71040K), 0.0812360 secs] 102976K->79151K(102976K), [Perm : 8848K->8848K(21248K)], 0.0812840 secs] [Times: user=0.08 sys=0.00, real=0.08 secs] 
287.511: Total time for which application threads were stopped: 0.0813760 seconds, Stopping threads took: 0.0000140 seconds
287.538: Application time: 0.0267210 seconds
287.538: [Full GC287.538: [Tenured: 71040K->71040K(71040K), 0.0805230 secs] 102976K->80476K(102976K), [Perm : 8848K->8848K(21248K)], 0.0805700 secs] [Times: user=0.09 sys=0.00, real=0.08 secs] 
287.618: Total time for which application threads were stopped: 0.0806760 seconds, Stopping threads took: 0.0000140 seconds
287.643: Application time: 0.0252410 seconds
287.644: [Full GC287.644: [Tenured: 71040K->71039K(71040K), 0.0963770 secs] 102975K->81554K(102976K), [Perm : 8848K->8848K(21248K)], 0.0964230 secs] [Times: user=0.10 sys=0.00, real=0.10 secs] 
287.740: Total time for which application threads were stopped: 0.0965140 seconds, Stopping threads took: 0.0000140 seconds
287.766: Application time: 0.0263030 seconds
287.766: [Full GC287.766: [Tenured: 71040K->71039K(71040K), 0.0965010 secs] 102975K->73962K(102976K), [Perm : 8848K->8848K(21248K)], 0.0965470 secs] [Times: user=0.10 sys=0.00, real=0.10 secs] 
287.863: Total time for which application threads were stopped: 0.0966410 seconds, Stopping threads took: 0.0000140 seconds
287.892: Application time: 0.0295030 seconds
287.892: [Full GC287.893: [Tenured: 71039K->71039K(71040K), 0.0807040 secs] 102975K->75987K(102976K), [Perm : 8848K->8848K(21248K)], 0.0807470 secs] [Times: user=0.08 sys=0.00, real=0.08 secs] 
287.973: Total time for which application threads were stopped: 0.0808390 seconds, Stopping threads took: 0.0000150 seconds
288.003: Application time: 0.0295090 seconds
288.003: [Full GC288.003: [Tenured: 71039K->71039K(71040K), 0.0798810 secs] 102975K->76813K(102976K), [Perm : 8848K->8848K(21248K)], 0.0799270 secs] [Times: user=0.08 sys=0.00, real=0.08 secs] 
288.083: Total time for which application threads were stopped: 0.0800190 seconds, Stopping threads took: 0.0000140 seconds
288.110: Application time: 0.0276010 seconds
288.110: [Full GC288.110: [Tenured: 71039K->71039K(71040K), 0.0782890 secs] 102975K->76620K(102976K), [Perm : 8848K->8848K(21248K)], 0.0783340 secs] [Times: user=0.08 sys=0.00, real=0.08 secs] 
288.189: Total time for which application threads were stopped: 0.0784390 seconds, Stopping threads took: 0.0000140 seconds
288.215: Application time: 0.0262560 seconds
288.215: [Full GC288.215: [Tenured: 71039K->71039K(71040K), 0.0937850 secs] 102975K->75624K(102976K), [Perm : 8848K->8848K(21248K)], 0.0938330 secs] [Times: user=0.09 sys=0.00, real=0.10 secs] 
288.309: Total time for which application threads were stopped: 0.0939250 seconds, Stopping threads took: 0.0000140 seconds
288.335: Application time: 0.0258380 seconds
288.335: [Full GC288.335: [Tenured: 71039K->71039K(71040K), 0.0776440 secs] 102975K->76278K(102976K), [Perm : 8848K->8848K(21248K)], 0.0776900 secs] [Times: user=0.08 sys=0.00, real=0.08 secs] 
288.413: Total time for which application threads were stopped: 0.0777830 seconds, Stopping threads took: 0.0000140 seconds
288.439: Application time: 0.0264970 seconds
288.439: [Full GC288.439: [Tenured: 71039K->71039K(71040K), 0.0784200 secs] 102975K->76019K(102976K), [Perm : 8848K->8848K(21248K)], 0.0784650 secs] [Times: user=0.08 sys=0.00, real=0.07 secs] 
288.518: Total time for which application threads were stopped: 0.0785570 seconds, Stopping threads took: 0.0000140 seconds
288.543: Application time: 0.0256730 seconds
288.543: [Full GC288.543: [Tenured: 71039K->71039K(71040K), 0.0784040 secs] 102975K->77751K(102976K), [Perm : 8848K->8848K(21248K)], 0.0784610 secs] [Times: user=0.08 sys=0.00, real=0.08 secs] 
288.622: Total time for which application threads were stopped: 0.0785640 seconds, Stopping threads took: 0.0000230 seconds
288.647: Application time: 0.0248240 seconds
288.647: [Full GC288.647: [Tenured: 71039K->71039K(71040K), 0.0930150 secs] 102975K->76086K(102976K), [Perm : 8848K->8848K(21248K)], 0.0930600 secs] [Times: user=0.09 sys=0.00, real=0.10 secs] 
288.740: Total time for which application threads were stopped: 0.0931650 seconds, Stopping threads took: 0.0000140 seconds
288.765: Application time: 0.0252440 seconds
288.765: [Full GC288.765: [Tenured: 71039K->71039K(71040K), 0.0799370 secs] 102975K->77978K(102976K), [Perm : 8848K->8848K(21248K)], 0.0799820 secs] [Times: user=0.08 sys=0.00, real=0.08 secs] 
288.845: Total time for which application threads were stopped: 0.0800750 seconds, Stopping threads took: 0.0000140 seconds
288.871: Application time: 0.0253730 seconds
288.871: [Full GC288.871: [Tenured: 71039K->71039K(71040K), 0.0942320 secs] 102975K->77152K(102976K), [Perm : 8848K->8848K(21248K)], 0.0942780 secs] [Times: user=0.10 sys=0.00, real=0.09 secs] 
288.965: Total time for which application threads were stopped: 0.0943730 seconds, Stopping threads took: 0.0000150 seconds
288.991: Application time: 0.0264470 seconds
288.992: [Full GC288.992: [Tenured: 71039K->71039K(71040K), 0.0792490 secs] 102975K->78427K(102976K), [Perm : 8848K->8848K(21248K)], 0.0792950 secs] [Times: user=0.08 sys=0.00, real=0.08 secs] 
289.071: Total time for which application threads were stopped: 0.0793890 seconds, Stopping threads took: 0.0000140 seconds
289.097: Application time: 0.0258910 seconds
289.097: [Full GC289.097: [Tenured: 71039K->71039K(71040K), 0.0953230 secs] 102975K->75690K(102976K), [Perm : 8848K->8848K(21248K)], 0.0953700 secs] [Times: user=0.09 sys=0.00, real=0.10 secs] 
289.192: Total time for which application threads were stopped: 0.0954640 seconds, Stopping threads took: 0.0000140 seconds
289.219: Application time: 0.0271530 seconds
289.219: [Full GC289.219: [Tenured: 71039K->71039K(71040K), 0.0782800 secs] 102975K->75936K(102976K), [Perm : 8848K->8848K(21248K)], 0.0783270 secs] [Times: user=0.08 sys=0.00, real=0.07 secs] 
289.298: Total time for which application threads were stopped: 0.0784350 seconds, Stopping threads took: 0.0000140 seconds
289.325: Application time: 0.0271670 seconds
289.325: [Full GC289.325: [Tenured: 71039K->71039K(71040K), 0.0776130 secs] 102975K->75959K(102976K), [Perm : 8848K->8848K(21248K)], 0.0776590 secs] [Times: user=0.08 sys=0.00, real=0.08 secs] 
289.403: Total time for which application threads were stopped: 0.0777510 seconds, Stopping threads took: 0.0000150 seconds
289.428: Application time: 0.0256040 seconds
289.428: [Full GC289.428: [Tenured: 71039K->71039K(71040K), 0.0793100 secs] 102975K->77073K(102976K), [Perm : 8848K->8848K(21248K)], 0.0793540 secs] [Times: user=0.08 sys=0.00, real=0.08 secs] 
289.508: Total time for which application threads were stopped: 0.0794410 seconds, Stopping threads took: 0.0000130 seconds
289.533: Application time: 0.0250580 seconds
289.533: [Full GC289.533: [Tenured: 71039K->71040K(71040K), 0.0987250 secs] 102975K->82446K(102976K), [Perm : 8848K->8848K(21248K)], 0.0987680 secs] [Times: user=0.10 sys=0.00, real=0.10 secs] 
289.632: Total time for which application threads were stopped: 0.0988600 seconds, Stopping threads took: 0.0000140 seconds
289.654: Application time: 0.0226850 seconds
289.654: [Full GC289.654: [Tenured: 71040K->71039K(71040K), 0.0943850 secs] 102975K->75041K(102976K), [Perm : 8848K->8848K(21248K)], 0.0944330 secs] [Times: user=0.09 sys=0.00, real=0.10 secs] 
289.749: Total time for which application threads were stopped: 0.0945240 seconds, Stopping threads took: 0.0000140 seconds
289.776: Application time: 0.0273290 seconds
289.776: [Full GC289.776: [Tenured: 71039K->71039K(71040K), 0.0788120 secs] 102975K->77664K(102976K), [Perm : 8848K->8848K(21248K)], 0.0788580 secs] [Times: user=0.08 sys=0.00, real=0.08 secs] 
289.855: Total time for which application threads were stopped: 0.0789700 seconds, Stopping threads took: 0.0000140 seconds
289.879: Application time: 0.0237640 seconds
289.879: [Full GC289.879: [Tenured: 71039K->71039K(71040K), 0.0953250 secs] 102975K->81792K(102976K), [Perm : 8848K->8848K(21248K)], 0.0953710 secs] [Times: user=0.09 sys=0.00, real=0.09 secs] 
289.974: Total time for which application threads were stopped: 0.0954670 seconds, Stopping threads took: 0.0000150 seconds
289.999: Application time: 0.0241000 seconds
289.999: [Full GC289.999: [Tenured: 71040K->71039K(71040K), 0.0966950 secs] 102976K->75713K(102976K), [Perm : 8848K->8848K(21248K)], 0.0967400 secs] [Times: user=0.10 sys=0.00, real=0.10 secs] 
290.095: Total time for which application threads were stopped: 0.0968310 seconds, Stopping threads took: 0.0000130 seconds
290.123: Application time: 0.0272160 seconds
290.123: [Full GC290.123: [Tenured: 71040K->71039K(71040K), 0.0942660 secs] 102975K->79612K(102976K), [Perm : 8848K->8848K(21248K)], 0.0943110 secs] [Times: user=0.09 sys=0.00, real=0.09 secs] 
290.217: Total time for which application threads were stopped: 0.0944020 seconds, Stopping threads took: 0.0000130 seconds
290.242: Application time: 0.0249710 seconds
290.242: [Full GC290.242: [Tenured: 71039K->71040K(71040K), 0.0979630 secs] 102975K->75356K(102976K), [Perm : 8848K->8848K(21248K)], 0.0980090 secs] [Times: user=0.10 sys=0.00, real=0.10 secs] 
290.340: Total time for which application threads were stopped: 0.0981030 seconds, Stopping threads took: 0.0000130 seconds
290.368: Application time: 0.0281940 seconds
290.368: [Full GC290.368: [Tenured: 71040K->71040K(71040K), 0.0838140 secs] 102975K->80927K(102976K), [Perm : 8848K->8848K(21248K)], 0.0838660 secs] [Times: user=0.08 sys=0.00, real=0.08 secs] 
290.452: Total time for which application threads were stopped: 0.0839840 seconds, Stopping threads took: 0.0000140 seconds
290.479: Application time: 0.0270060 seconds
290.479: [Full GC290.479: [Tenured: 71040K->71039K(71040K), 0.0971890 secs] 102976K->74983K(102976K), [Perm : 8848K->8848K(21248K)], 0.0972340 secs] [Times: user=0.10 sys=0.00, real=0.09 secs] 
290.577: Total time for which application threads were stopped: 0.0973250 seconds, Stopping threads took: 0.0000130 seconds
290.606: Application time: 0.0290270 seconds
290.606: [Full GC290.606: [Tenured: 71039K->71039K(71040K), 0.0941660 secs] 102975K->78659K(102976K), [Perm : 8848K->8848K(21248K)], 0.0942100 secs] [Times: user=0.09 sys=0.00, real=0.10 secs] 
290.700: Total time for which application threads were stopped: 0.0943020 seconds, Stopping threads took: 0.0000140 seconds
290.728: Application time: 0.0283280 seconds
290.728: [Full GC290.728: [Tenured: 71039K->71039K(71040K), 0.0964780 secs] 102975K->75749K(102976K), [Perm : 8848K->8848K(21248K)], 0.0965250 secs] [Times: user=0.10 sys=0.00, real=0.09 secs] 
290.825: Total time for which application threads were stopped: 0.0966190 seconds, Stopping threads took: 0.0000130 seconds
290.854: Application time: 0.0295270 seconds
290.854: [Full GC290.854: [Tenured: 71039K->71039K(71040K), 0.0820130 secs] 102975K->80792K(102976K), [Perm : 8848K->8848K(21248K)], 0.0820580 secs] [Times: user=0.08 sys=0.00, real=0.08 secs] 
290.937: Total time for which application threads were stopped: 0.0821510 seconds, Stopping threads took: 0.0000140 seconds
290.962: Application time: 0.0252450 seconds
290.962: [Full GC290.962: [Tenured: 71039K->71039K(71040K), 0.0982160 secs] 102975K->77020K(102976K), [Perm : 8848K->8848K(21248K)], 0.0982630 secs] [Times: user=0.10 sys=0.00, real=0.10 secs] 
291.060: Total time for which application threads were stopped: 0.0983700 seconds, Stopping threads took: 0.0000140 seconds
291.085: Application time: 0.0245270 seconds
291.085: [Full GC291.085: [Tenured: 71039K->71039K(71040K), 0.0827550 secs] 102975K->80824K(102976K), [Perm : 8848K->8848K(21248K)], 0.0828000 secs] [Times: user=0.08 sys=0.00, real=0.09 secs] 
291.168: Total time for which application threads were stopped: 0.0828890 seconds, Stopping threads took: 0.0000130 seconds
291.196: Application time: 0.0281860 seconds
291.196: [Full GC291.196: [Tenured: 71039K->71039K(71040K), 0.0956840 secs] 102975K->77167K(102976K), [Perm : 8848K->8848K(21248K)], 0.0957390 secs] [Times: user=0.10 sys=0.00, real=0.10 secs] 
291.292: Total time for which application threads were stopped: 0.0958410 seconds, Stopping threads took: 0.0000230 seconds
291.322: Application time: 0.0308810 seconds
291.323: [Full GC291.323: [Tenured: 71039K->71039K(71040K), 0.0806530 secs] 102975K->79148K(102976K), [Perm : 8848K->8848K(21248K)], 0.0806970 secs] [Times: user=0.08 sys=0.00, real=0.08 secs] 
291.403: Total time for which application threads were stopped: 0.0807880 seconds, Stopping threads took: 0.0000140 seconds
291.431: Application time: 0.0272540 seconds
291.431: [Full GC291.431: [Tenured: 71039K->71034K(71040K), 0.0969680 secs] 102975K->76025K(102976K), [Perm : 8848K->8848K(21248K)], 0.0970130 secs] [Times: user=0.09 sys=0.00, real=0.10 secs] 
291.528: Total time for which application threads were stopped: 0.0971050 seconds, Stopping threads took: 0.0000140 seconds
291.557: Application time: 0.0290730 seconds
291.557: [Full GC291.557: [Tenured: 71039K->71039K(71040K), 0.0787950 secs] 102975K->76051K(102976K), [Perm : 8848K->8848K(21248K)], 0.0788390 secs] [Times: user=0.08 sys=0.00, real=0.08 secs] 
291.636: Total time for which application threads were stopped: 0.0789530 seconds, Stopping threads took: 0.0000150 seconds
291.664: Application time: 0.0280280 seconds
291.664: [Full GC291.664: [Tenured: 71039K->71039K(71040K), 0.0782710 secs] 102975K->76802K(102976K), [Perm : 8848K->8848K(21248K)], 0.0783160 secs] [Times: user=0.08 sys=0.00, real=0.08 secs] 
291.742: Total time for which application threads were stopped: 0.0784090 seconds, Stopping threads took: 0.0000150 seconds
291.768: Application time: 0.0259900 seconds
291.768: [Full GC291.768: [Tenured: 71039K->71039K(71040K), 0.0769460 secs] 102975K->76594K(102976K), [Perm : 8848K->8848K(21248K)], 0.0769900 secs] [Times: user=0.08 sys=0.00, real=0.07 secs] 
291.845: Total time for which application threads were stopped: 0.0770830 seconds, Stopping threads took: 0.0000150 seconds
291.871: Application time: 0.0258630 seconds
291.871: [Full GC291.871: [Tenured: 71039K->71039K(71040K), 0.0928730 secs] 102975K->75924K(102976K), [Perm : 8848K->8848K(21248K)], 0.0929200 secs] [Times: user=0.09 sys=0.00, real=0.09 secs] 
291.964: Total time for which application threads were stopped: 0.0930140 seconds, Stopping threads took: 0.0000140 seconds
291.989: Application time: 0.0253940 seconds
291.990: [Full GC291.990: [Tenured: 71039K->71039K(71040K), 0.0780680 secs] 102975K->77261K(102976K), [Perm : 8848K->8848K(21248K)], 0.0781150 secs] [Times: user=0.07 sys=0.00, real=0.08 secs] 
292.068: Total time for which application threads were stopped: 0.0782050 seconds, Stopping threads took: 0.0000150 seconds
292.091: Application time: 0.0232060 seconds
292.091: [Full GC292.091: [Tenured: 71039K->71039K(71040K), 0.0772140 secs] 102975K->78614K(102976K), [Perm : 8848K->8848K(21248K)], 0.0772580 secs] [Times: user=0.07 sys=0.00, real=0.08 secs] 
292.168: Total time for which application threads were stopped: 0.0773640 seconds, Stopping threads took: 0.0000140 seconds
292.191: Application time: 0.0232340 seconds
292.192: [Full GC292.192: [Tenured: 71039K->71039K(71040K), 0.0777130 secs] 102975K->78284K(102976K), [Perm : 8848K->8848K(21248K)], 0.0777570 secs] [Times: user=0.07 sys=0.00, real=0.08 secs] 
292.269: Total time for which application threads were stopped: 0.0778490 seconds, Stopping threads took: 0.0000150 seconds
292.294: Application time: 0.0244790 seconds
292.294: [Full GC292.294: [Tenured: 71039K->71040K(71040K), 0.0962470 secs] 102975K->78458K(102976K), [Perm : 8848K->8848K(21248K)], 0.0962950 secs] [Times: user=0.10 sys=0.00, real=0.10 secs] 
292.390: Total time for which application threads were stopped: 0.0963860 seconds, Stopping threads took: 0.0000140 seconds
292.414: Application time: 0.0238930 seconds
292.414: [Full GC292.414: [Tenured: 71040K->71039K(71040K), 0.0922700 secs] 102974K->77492K(102976K), [Perm : 8848K->8848K(21248K)], 0.0923270 secs] [Times: user=0.09 sys=0.00, real=0.09 secs] 
292.507: Total time for which application threads were stopped: 0.0924250 seconds, Stopping threads took: 0.0000150 seconds
292.533: Application time: 0.0263170 seconds
292.533: [Full GC292.533: [Tenured: 71040K->71040K(71040K), 0.0772230 secs] 102975K->78701K(102976K), [Perm : 8848K->8848K(21248K)], 0.0772690 secs] [Times: user=0.08 sys=0.00, real=0.08 secs] 
292.610: Total time for which application threads were stopped: 0.0773630 seconds, Stopping threads took: 0.0000140 seconds
292.636: Application time: 0.0259540 seconds
292.636: [Full GC292.636: [Tenured: 71040K->71040K(71040K), 0.0775630 secs] 102975K->79209K(102976K), [Perm : 8848K->8848K(21248K)], 0.0776070 secs] [Times: user=0.07 sys=0.00, real=0.08 secs] 
292.714: Total time for which application threads were stopped: 0.0777130 seconds, Stopping threads took: 0.0000150 seconds
292.740: Application time: 0.0263910 seconds
292.740: [Full GC292.740: [Tenured: 71040K->71039K(71040K), 0.0938310 secs] 102976K->75974K(102976K), [Perm : 8848K->8848K(21248K)], 0.0938780 secs] [Times: user=0.10 sys=0.00, real=0.09 secs] 
292.834: Total time for which application threads were stopped: 0.0939720 seconds, Stopping threads took: 0.0000150 seconds
292.861: Application time: 0.0269540 seconds
292.861: [Full GC292.861: [Tenured: 71039K->71039K(71040K), 0.0771180 secs] 102975K->75993K(102976K), [Perm : 8848K->8848K(21248K)], 0.0771610 secs] [Times: user=0.08 sys=0.00, real=0.07 secs] 
292.938: Total time for which application threads were stopped: 0.0772530 seconds, Stopping threads took: 0.0000140 seconds
292.965: Application time: 0.0266790 seconds
292.965: [Full GC292.965: [Tenured: 71039K->71039K(71040K), 0.0776720 secs] 102975K->76848K(102976K), [Perm : 8848K->8848K(21248K)], 0.0777160 secs] [Times: user=0.08 sys=0.00, real=0.08 secs] 
293.043: Total time for which application threads were stopped: 0.0778080 seconds, Stopping threads took: 0.0000140 seconds
293.067: Application time: 0.0241540 seconds
293.067: [Full GC293.067: [Tenured: 71039K->71039K(71040K), 0.0783990 secs] 102975K->78205K(102976K), [Perm : 8848K->8848K(21248K)], 0.0784450 secs] [Times: user=0.08 sys=0.00, real=0.07 secs] 
293.146: Total time for which application threads were stopped: 0.0785380 seconds, Stopping threads took: 0.0000130 seconds
293.169: Application time: 0.0234090 seconds
293.169: [Full GC293.169: [Tenured: 71039K->71040K(71040K), 0.0969490 secs] 102975K->76627K(102976K), [Perm : 8848K->8848K(21248K)], 0.0969970 secs] [Times: user=0.10 sys=0.00, real=0.09 secs] 
293.266: Total time for which application threads were stopped: 0.0970990 seconds, Stopping threads took: 0.0000130 seconds
293.291: Application time: 0.0244670 seconds
293.291: [Full GC293.291: [Tenured: 71040K->71039K(71040K), 0.0940100 secs] 102975K->73701K(102976K), [Perm : 8848K->8848K(21248K)], 0.0940570 secs] [Times: user=0.09 sys=0.00, real=0.09 secs] 
293.385: Total time for which application threads were stopped: 0.0941490 seconds, Stopping threads took: 0.0000130 seconds
293.411: Application time: 0.0259100 seconds
293.411: [Full GC293.411: [Tenured: 71040K->71040K(71040K), 0.0805150 secs] 102976K->78808K(102976K), [Perm : 8848K->8848K(21248K)], 0.0805590 secs] [Times: user=0.08 sys=0.00, real=0.08 secs] 
293.491: Total time for which application threads were stopped: 0.0806500 seconds, Stopping threads took: 0.0000130 seconds
293.517: Application time: 0.0253010 seconds
293.517: [Full GC293.517: [Tenured: 71040K->71040K(71040K), 0.0935630 secs] 102976K->76635K(102976K), [Perm : 8848K->8848K(21248K)], 0.0936110 secs] [Times: user=0.09 sys=0.00, real=0.10 secs] 
293.610: Total time for which application threads were stopped: 0.0937030 seconds, Stopping threads took: 0.0000140 seconds
293.638: Application time: 0.0276680 seconds
293.638: [Full GC293.638: [Tenured: 71040K->70220K(71040K), 0.0934360 secs] 102975K->70220K(102976K), [Perm : 8848K->8848K(21248K)], 0.0934930 secs] [Times: user=0.09 sys=0.00, real=0.10 secs] 
293.732: Total time for which application threads were stopped: 0.0935960 seconds, Stopping threads took: 0.0000230 seconds
293.744: Application time: 0.0126070 seconds
293.744: [GC293.744: [DefNew: 28416K->28416K(31936K), 0.0000090 secs]293.744: [Tenured: 70220K->71039K(71040K), 0.0768420 secs] 98636K->76145K(102976K), [Perm : 8848K->8848K(21248K)], 0.0768990 secs] [Times: user=0.08 sys=0.00, real=0.08 secs] 
293.821: Total time for which application threads were stopped: 0.0770670 seconds, Stopping threads took: 0.0000760 seconds
293.849: Application time: 0.0275130 seconds
293.849: [Full GC293.849: [Tenured: 71039K->71039K(71040K), 0.0967040 secs] 102975K->76573K(102976K), [Perm : 8848K->8848K(21248K)], 0.0967510 secs] [Times: user=0.10 sys=0.00, real=0.09 secs] 
293.946: Total time for which application threads were stopped: 0.0968440 seconds, Stopping threads took: 0.0000140 seconds
293.976: Application time: 0.0306700 seconds
293.976: [Full GC293.976: [Tenured: 71039K->71039K(71040K), 0.0952710 secs] 102975K->78735K(102976K), [Perm : 8848K->8848K(21248K)], 0.0953150 secs] [Times: user=0.10 sys=0.00, real=0.10 secs] 
294.072: Total time for which application threads were stopped: 0.0954050 seconds, Stopping threads took: 0.0000140 seconds
294.097: Application time: 0.0249580 seconds
294.097: [Full GC294.097: [Tenured: 71039K->71039K(71040K), 0.0993750 secs] 102975K->75818K(102976K), [Perm : 8848K->8848K(21248K)], 0.0994200 secs] [Times: user=0.10 sys=0.00, real=0.10 secs] 
294.196: Total time for which application threads were stopped: 0.0995110 seconds, Stopping threads took: 0.0000140 seconds
294.224: Application time: 0.0276530 seconds
294.224: [Full GC294.224: [Tenured: 71040K->71040K(71040K), 0.0801600 secs] 102975K->76943K(102976K), [Perm : 8848K->8848K(21248K)], 0.0802050 secs] [Times: user=0.08 sys=0.00, real=0.08 secs] 
294.304: Total time for which application threads were stopped: 0.0802960 seconds, Stopping threads took: 0.0000140 seconds
294.331: Application time: 0.0264900 seconds
294.331: [Full GC294.331: [Tenured: 71040K->71039K(71040K), 0.0815780 secs] 102975K->79684K(102976K), [Perm : 8848K->8848K(21248K)], 0.0816220 secs] [Times: user=0.09 sys=0.00, real=0.08 secs] 
294.412: Total time for which application threads were stopped: 0.0817250 seconds, Stopping threads took: 0.0000140 seconds
294.438: Application time: 0.0260670 seconds
294.438: [Full GC294.438: [Tenured: 71039K->71039K(71040K), 0.0983720 secs] 102975K->80439K(102976K), [Perm : 8848K->8848K(21248K)], 0.0984150 secs] [Times: user=0.10 sys=0.00, real=0.10 secs] 
294.537: Total time for which application threads were stopped: 0.0985040 seconds, Stopping threads took: 0.0000130 seconds
294.565: Application time: 0.0280070 seconds
294.565: [Full GC294.565: [Tenured: 71040K->71039K(71040K), 0.0966050 secs] 102976K->73829K(102976K), [Perm : 8848K->8848K(21248K)], 0.0966500 secs] [Times: user=0.09 sys=0.00, real=0.10 secs] 
294.662: Total time for which application threads were stopped: 0.0967410 seconds, Stopping threads took: 0.0000130 seconds
294.693: Application time: 0.0312320 seconds
294.693: [Full GC294.693: [Tenured: 71039K->71039K(71040K), 0.0810390 secs] 102975K->78445K(102976K), [Perm : 8848K->8848K(21248K)], 0.0810860 secs] [Times: user=0.08 sys=0.00, real=0.08 secs] 
294.774: Total time for which application threads were stopped: 0.0811780 seconds, Stopping threads took: 0.0000130 seconds
294.804: Application time: 0.0298300 seconds
294.804: [Full GC294.804: [Tenured: 71039K->71039K(71040K), 0.0815630 secs] 102975K->79294K(102976K), [Perm : 8848K->8848K(21248K)], 0.0816100 secs] [Times: user=0.08 sys=0.00, real=0.08 secs] 
294.886: Total time for which application threads were stopped: 0.0817130 seconds, Stopping threads took: 0.0000230 seconds
294.914: Application time: 0.0283660 seconds
294.914: [Full GC294.914: [Tenured: 71039K->71039K(71040K), 0.0801740 secs] 102975K->79370K(102976K), [Perm : 8848K->8848K(21248K)], 0.0802220 secs] [Times: user=0.08 sys=0.00, real=0.08 secs] 
294.994: Total time for which application threads were stopped: 0.0803440 seconds, Stopping threads took: 0.0000140 seconds
295.021: Application time: 0.0266200 seconds
295.021: [Full GC295.021: [Tenured: 71039K->71040K(71040K), 0.0964730 secs] 102975K->76121K(102976K), [Perm : 8848K->8848K(21248K)], 0.0965210 secs] [Times: user=0.10 sys=0.00, real=0.09 secs] 
295.118: Total time for which application threads were stopped: 0.0966130 seconds, Stopping threads took: 0.0000140 seconds
295.145: Application time: 0.0272050 seconds
295.145: [Full GC295.145: [Tenured: 71040K->71040K(71040K), 0.0784930 secs] 102975K->75921K(102976K), [Perm : 8848K->8848K(21248K)], 0.0785370 secs] [Times: user=0.08 sys=0.00, real=0.08 secs] 
295.223: Total time for which application threads were stopped: 0.0786280 seconds, Stopping threads took: 0.0000130 seconds
295.250: Application time: 0.0266440 seconds
295.250: [Full GC295.250: [Tenured: 71040K->71040K(71040K), 0.0786250 secs] 102975K->75981K(102976K), [Perm : 8848K->8848K(21248K)], 0.0786670 secs] [Times: user=0.07 sys=0.00, real=0.08 secs] 
295.329: Total time for which application threads were stopped: 0.0787560 seconds, Stopping threads took: 0.0000130 seconds
295.355: Application time: 0.0259740 seconds
295.355: [Full GC295.355: [Tenured: 71040K->71040K(71040K), 0.0777610 secs] 102975K->77658K(102976K), [Perm : 8848K->8848K(21248K)], 0.0778040 secs] [Times: user=0.07 sys=0.00, real=0.08 secs] 
295.433: Total time for which application threads were stopped: 0.0778940 seconds, Stopping threads took: 0.0000130 seconds
295.456: Application time: 0.0229330 seconds
295.456: [Full GC295.456: [Tenured: 71040K->71039K(71040K), 0.0923440 secs] 102975K->76052K(102976K), [Perm : 8848K->8848K(21248K)], 0.0924000 secs] [Times: user=0.10 sys=0.00, real=0.10 secs] 
295.548: Total time for which application threads were stopped: 0.0925070 seconds, Stopping threads took: 0.0000130 seconds
295.573: Application time: 0.0247150 seconds
295.573: [Full GC295.573: [Tenured: 71040K->71040K(71040K), 0.0775200 secs] 102975K->76118K(102976K), [Perm : 8848K->8848K(21248K)], 0.0775640 secs] [Times: user=0.07 sys=0.00, real=0.08 secs] 
295.650: Total time for which application threads were stopped: 0.0776560 seconds, Stopping threads took: 0.0000130 seconds
295.673: Application time: 0.0224280 seconds
295.673: [Full GC295.673: [Tenured: 71040K->71040K(71040K), 0.0775660 secs] 102976K->77495K(102976K), [Perm : 8848K->8848K(21248K)], 0.0776110 secs] [Times: user=0.08 sys=0.00, real=0.08 secs] 
295.751: Total time for which application threads were stopped: 0.0777020 seconds, Stopping threads took: 0.0000140 seconds
295.776: Application time: 0.0258660 seconds
295.777: [Full GC295.777: [Tenured: 71040K->71039K(71040K), 0.0920530 secs] 102975K->77088K(102976K), [Perm : 8848K->8848K(21248K)], 0.0921010 secs] [Times: user=0.09 sys=0.00, real=0.10 secs] 
295.869: Total time for which application threads were stopped: 0.0921970 seconds, Stopping threads took: 0.0000140 seconds
295.895: Application time: 0.0261720 seconds
295.895: [Full GC295.895: [Tenured: 71040K->71039K(71040K), 0.0935720 secs] 102976K->74842K(102976K), [Perm : 8848K->8848K(21248K)], 0.0936170 secs] [Times: user=0.09 sys=0.00, real=0.10 secs] 
295.989: Total time for which application threads were stopped: 0.0937100 seconds, Stopping threads took: 0.0000130 seconds
296.016: Application time: 0.0272460 seconds
296.016: [Full GC296.016: [Tenured: 71039K->71039K(71040K), 0.0785940 secs] 102975K->75759K(102976K), [Perm : 8848K->8848K(21248K)], 0.0786410 secs] [Times: user=0.08 sys=0.00, real=0.08 secs] 
296.095: Total time for which application threads were stopped: 0.0787450 seconds, Stopping threads took: 0.0000140 seconds
296.122: Application time: 0.0272070 seconds
296.122: [Full GC296.122: [Tenured: 71039K->71039K(71040K), 0.0785790 secs] 102975K->75987K(102976K), [Perm : 8848K->8848K(21248K)], 0.0786240 secs] [Times: user=0.08 sys=0.00, real=0.08 secs] 
296.200: Total time for which application threads were stopped: 0.0787160 seconds, Stopping threads took: 0.0000140 seconds
296.226: Application time: 0.0258370 seconds
296.226: [Full GC296.226: [Tenured: 71039K->71039K(71040K), 0.0777320 secs] 102975K->76059K(102976K), [Perm : 8848K->8848K(21248K)], 0.0777850 secs] [Times: user=0.08 sys=0.00, real=0.08 secs] 
296.304: Total time for which application threads were stopped: 0.0778760 seconds, Stopping threads took: 0.0000140 seconds
296.326: Application time: 0.0219430 seconds
296.326: [Full GC296.326: [Tenured: 71039K->71039K(71040K), 0.0941700 secs] 102975K->76273K(102976K), [Perm : 8848K->8848K(21248K)], 0.0942190 secs] [Times: user=0.10 sys=0.00, real=0.10 secs] 
296.420: Total time for which application threads were stopped: 0.0943140 seconds, Stopping threads took: 0.0000150 seconds
296.446: Application time: 0.0257640 seconds
296.446: [Full GC296.446: [Tenured: 71039K->71039K(71040K), 0.0796850 secs] 102975K->76784K(102976K), [Perm : 8848K->8848K(21248K)], 0.0797280 secs] [Times: user=0.08 sys=0.00, real=0.08 secs] 
296.526: Total time for which application threads were stopped: 0.0798200 seconds, Stopping threads took: 0.0000150 seconds
296.551: Application time: 0.0247690 seconds
296.551: [Full GC296.551: [Tenured: 71039K->71039K(71040K), 0.0782290 secs] 102975K->77712K(102976K), [Perm : 8848K->8848K(21248K)], 0.0782750 secs] [Times: user=0.08 sys=0.00, real=0.08 secs] 
296.629: Total time for which application threads were stopped: 0.0783830 seconds, Stopping threads took: 0.0000130 seconds
296.654: Application time: 0.0243190 seconds
296.654: [Full GC296.654: [Tenured: 71039K->71039K(71040K), 0.0934140 secs] 102975K->79162K(102976K), [Perm : 8848K->8848K(21248K)], 0.0934570 secs] [Times: user=0.09 sys=0.00, real=0.10 secs] 
296.747: Total time for which application threads were stopped: 0.0935500 seconds, Stopping threads took: 0.0000150 seconds
296.772: Application time: 0.0249040 seconds
296.772: [Full GC296.772: [Tenured: 71039K->71039K(71040K), 0.0956660 secs] 102975K->74157K(102976K), [Perm : 8848K->8848K(21248K)], 0.0957110 secs] [Times: user=0.10 sys=0.00, real=0.10 secs] 
296.868: Total time for which application threads were stopped: 0.0958010 seconds, Stopping threads took: 0.0000140 seconds
296.894: Application time: 0.0262210 seconds
296.894: [Full GC296.894: [Tenured: 71039K->71039K(71040K), 0.0917620 secs] 102975K->76504K(102976K), [Perm : 8848K->8848K(21248K)], 0.0918100 secs] [Times: user=0.10 sys=0.00, real=0.09 secs] 
296.986: Total time for which application threads were stopped: 0.0919030 seconds, Stopping threads took: 0.0000140 seconds
297.012: Application time: 0.0260650 seconds
297.012: [Full GC297.012: [Tenured: 71039K->71039K(71040K), 0.0977280 secs] 102975K->81921K(102976K), [Perm : 8848K->8848K(21248K)], 0.0977740 secs] [Times: user=0.10 sys=0.00, real=0.10 secs] 
297.110: Total time for which application threads were stopped: 0.0978640 seconds, Stopping threads took: 0.0000130 seconds
297.135: Application time: 0.0255890 seconds
297.136: [Full GC297.136: [Tenured: 71039K->71040K(71040K), 0.0949490 secs] 102975K->75144K(102976K), [Perm : 8848K->8848K(21248K)], 0.0949940 secs] [Times: user=0.10 sys=0.00, real=0.10 secs] 
297.231: Total time for which application threads were stopped: 0.0950970 seconds, Stopping threads took: 0.0000140 seconds
297.260: Application time: 0.0294130 seconds
297.260: [Full GC297.260: [Tenured: 71040K->71039K(71040K), 0.0998570 secs] 102976K->76928K(102976K), [Perm : 8848K->8848K(21248K)], 0.0999040 secs] [Times: user=0.10 sys=0.00, real=0.10 secs] 
297.360: Total time for which application threads were stopped: 0.0999920 seconds, Stopping threads took: 0.0000130 seconds
297.389: Application time: 0.0289700 seconds
297.389: [Full GC297.389: [Tenured: 71039K->71040K(71040K), 0.0991810 secs] 102975K->74556K(102976K), [Perm : 8848K->8848K(21248K)], 0.0992280 secs] [Times: user=0.10 sys=0.00, real=0.10 secs] 
297.488: Total time for which application threads were stopped: 0.0993200 seconds, Stopping threads took: 0.0000130 seconds
297.520: Application time: 0.0314850 seconds
297.520: [Full GC297.520: [Tenured: 71040K->71040K(71040K), 0.0829240 secs] 102975K->76923K(102976K), [Perm : 8848K->8848K(21248K)], 0.0829800 secs] [Times: user=0.08 sys=0.00, real=0.08 secs] 
297.603: Total time for which application threads were stopped: 0.0830700 seconds, Stopping threads took: 0.0000140 seconds
297.630: Application time: 0.0270870 seconds
297.630: [Full GC297.630: [Tenured: 71040K->71039K(71040K), 0.0994320 secs] 102976K->77615K(102976K), [Perm : 8848K->8848K(21248K)], 0.0994760 secs] [Times: user=0.10 sys=0.00, real=0.10 secs] 
297.729: Total time for which application threads were stopped: 0.0995680 seconds, Stopping threads took: 0.0000140 seconds
297.755: Application time: 0.0254000 seconds
297.755: [Full GC297.755: [Tenured: 71039K->71039K(71040K), 0.0984890 secs] 102975K->79012K(102976K), [Perm : 8848K->8848K(21248K)], 0.0985350 secs] [Times: user=0.09 sys=0.00, real=0.10 secs] 
297.853: Total time for which application threads were stopped: 0.0986410 seconds, Stopping threads took: 0.0000130 seconds
297.880: Application time: 0.0268750 seconds
297.880: [Full GC297.880: [Tenured: 71039K->71039K(71040K), 0.0842290 secs] 102975K->81166K(102976K), [Perm : 8848K->8848K(21248K)], 0.0842760 secs] [Times: user=0.08 sys=0.00, real=0.08 secs] 
297.965: Total time for which application threads were stopped: 0.0843690 seconds, Stopping threads took: 0.0000130 seconds
297.991: Application time: 0.0265840 seconds
297.991: [Full GC297.991: [Tenured: 71039K->71040K(71040K), 0.0983050 secs] 102975K->74624K(102976K), [Perm : 8848K->8848K(21248K)], 0.0983530 secs] [Times: user=0.10 sys=0.00, real=0.10 secs] 
298.090: Total time for which application threads were stopped: 0.0984470 seconds, Stopping threads took: 0.0000150 seconds
298.120: Application time: 0.0297500 seconds
298.120: [Full GC298.120: [Tenured: 71040K->71039K(71040K), 0.0823360 secs] 102975K->78576K(102976K), [Perm : 8848K->8848K(21248K)], 0.0823830 secs] [Times: user=0.09 sys=0.00, real=0.08 secs] 
298.202: Total time for which application threads were stopped: 0.0824740 seconds, Stopping threads took: 0.0000140 seconds
298.233: Application time: 0.0307650 seconds
298.233: [Full GC298.233: [Tenured: 71039K->71039K(71040K), 0.0963460 secs] 102975K->76096K(102976K), [Perm : 8848K->8848K(21248K)], 0.0963930 secs] [Times: user=0.10 sys=0.00, real=0.10 secs] 
298.329: Total time for which application threads were stopped: 0.0964870 seconds, Stopping threads took: 0.0000140 seconds
298.360: Application time: 0.0305230 seconds
298.360: [Full GC298.360: [Tenured: 71039K->71039K(71040K), 0.0805600 secs] 102975K->76562K(102976K), [Perm : 8848K->8848K(21248K)], 0.0806040 secs] [Times: user=0.08 sys=0.00, real=0.08 secs] 
298.440: Total time for which application threads were stopped: 0.0807120 seconds, Stopping threads took: 0.0000140 seconds
298.469: Application time: 0.0284870 seconds
298.469: [Full GC298.469: [Tenured: 71040K->71040K(71040K), 0.0811700 secs] 102975K->77376K(102976K), [Perm : 8848K->8848K(21248K)], 0.0812180 secs] [Times: user=0.08 sys=0.00, real=0.08 secs] 
298.550: Total time for which application threads were stopped: 0.0813110 seconds, Stopping threads took: 0.0000150 seconds
298.576: Application time: 0.0255430 seconds
298.576: [Full GC298.576: [Tenured: 71040K->71040K(71040K), 0.0805770 secs] 102976K->77262K(102976K), [Perm : 8848K->8848K(21248K)], 0.0806210 secs] [Times: user=0.08 sys=0.00, real=0.08 secs] 
298.657: Total time for which application threads were stopped: 0.0807080 seconds, Stopping threads took: 0.0000130 seconds
298.682: Application time: 0.0252480 seconds
298.682: [Full GC298.682: [Tenured: 71040K->71039K(71040K), 0.0953800 secs] 102976K->75635K(102976K), [Perm : 8848K->8848K(21248K)], 0.0954270 secs] [Times: user=0.09 sys=0.00, real=0.09 secs] 
298.777: Total time for which application threads were stopped: 0.0955200 seconds, Stopping threads took: 0.0000140 seconds
298.804: Application time: 0.0262870 seconds
298.804: [Full GC298.804: [Tenured: 71039K->71039K(71040K), 0.0785660 secs] 102975K->75740K(102976K), [Perm : 8848K->8848K(21248K)], 0.0786200 secs] [Times: user=0.08 sys=0.00, real=0.08 secs] 
298.882: Total time for which application threads were stopped: 0.0787110 seconds, Stopping threads took: 0.0000150 seconds
298.908: Application time: 0.0256280 seconds
298.908: [Full GC298.908: [Tenured: 71039K->71039K(71040K), 0.0804460 secs] 102975K->75783K(102976K), [Perm : 8848K->8848K(21248K)], 0.0804910 secs] [Times: user=0.08 sys=0.00, real=0.08 secs] 
298.989: Total time for which application threads were stopped: 0.0805930 seconds, Stopping threads took: 0.0000140 seconds
299.014: Application time: 0.0258570 seconds
299.014: [Full GC299.014: [Tenured: 71039K->71039K(71040K), 0.0784800 secs] 102975K->76174K(102976K), [Perm : 8848K->8848K(21248K)], 0.0785230 secs] [Times: user=0.08 sys=0.00, real=0.08 secs] 
299.093: Total time for which application threads were stopped: 0.0786160 seconds, Stopping threads took: 0.0000150 seconds
299.117: Application time: 0.0236160 seconds
299.117: [Full GC299.117: [Tenured: 71039K->71040K(71040K), 0.0951510 secs] 102975K->77290K(102976K), [Perm : 8848K->8848K(21248K)], 0.0951940 secs] [Times: user=0.10 sys=0.00, real=0.10 secs] 
299.212: Total time for which application threads were stopped: 0.0952870 seconds, Stopping threads took: 0.0000130 seconds
299.238: Application time: 0.0259510 seconds
299.238: [Full GC299.238: [Tenured: 71040K->71039K(71040K), 0.0927420 secs] 102975K->77078K(102976K), [Perm : 8848K->8848K(21248K)], 0.0927880 secs] [Times: user=0.09 sys=0.00, real=0.10 secs] 
299.331: Total time for which application threads were stopped: 0.0928820 seconds, Stopping threads took: 0.0000140 seconds
299.357: Application time: 0.0266890 seconds
299.358: [Full GC299.358: [Tenured: 71040K->71040K(71040K), 0.0786470 secs] 102976K->78248K(102976K), [Perm : 8848K->8848K(21248K)], 0.0786920 secs] [Times: user=0.08 sys=0.00, real=0.08 secs] 
299.436: Total time for which application threads were stopped: 0.0787840 seconds, Stopping threads took: 0.0000140 seconds
299.458: Application time: 0.0222350 seconds
299.459: [Full GC299.459: [Tenured: 71040K->71040K(71040K), 0.0781270 secs] 102975K->79017K(102976K), [Perm : 8848K->8848K(21248K)], 0.0781740 secs] [Times: user=0.08 sys=0.00, real=0.08 secs] 
299.537: Total time for which application threads were stopped: 0.0782860 seconds, Stopping threads took: 0.0000140 seconds
299.563: Application time: 0.0258510 seconds
299.563: [Full GC299.563: [Tenured: 71040K->71040K(71040K), 0.0975410 secs] 102975K->75946K(102976K), [Perm : 8848K->8848K(21248K)], 0.0975880 secs] [Times: user=0.09 sys=0.00, real=0.10 secs] 
299.660: Total time for which application threads were stopped: 0.0976800 seconds, Stopping threads took: 0.0000140 seconds
299.688: Application time: 0.0274360 seconds
299.688: [Full GC299.688: [Tenured: 71040K->71040K(71040K), 0.0797030 secs] 102976K->76003K(102976K), [Perm : 8848K->8848K(21248K)], 0.0797470 secs] [Times: user=0.08 sys=0.00, real=0.08 secs] 
299.768: Total time for which application threads were stopped: 0.0798370 seconds, Stopping threads took: 0.0000140 seconds
299.794: Application time: 0.0264450 seconds
299.794: [Full GC299.794: [Tenured: 71040K->71040K(71040K), 0.0786420 secs] 102975K->76106K(102976K), [Perm : 8848K->8848K(21248K)], 0.0786810 secs] [Times: user=0.08 sys=0.00, real=0.08 secs] 
299.873: Total time for which application threads were stopped: 0.0787710 seconds, Stopping threads took: 0.0000130 seconds
299.898: Application time: 0.0250770 seconds
299.898: [Full GC299.898: [Tenured: 71040K->71040K(71040K), 0.0799000 secs] 102976K->76626K(102976K), [Perm : 8848K->8848K(21248K)], 0.0799460 secs] [Times: user=0.08 sys=0.00, real=0.08 secs] 
299.978: Total time for which application threads were stopped: 0.0800350 seconds, Stopping threads took: 0.0000140 seconds
300.004: Application time: 0.0264390 seconds
300.004: [Full GC300.004: [Tenured: 71040K->71039K(71040K), 0.0939760 secs] 102976K->75941K(102976K), [Perm : 8848K->8848K(21248K)], 0.0940220 secs] [Times: user=0.09 sys=0.00, real=0.09 secs] 
300.098: Total time for which application threads were stopped: 0.0941390 seconds, Stopping threads took: 0.0000140 seconds
300.124: Application time: 0.0252700 seconds
300.124: [Full GC300.124: [Tenured: 71039K->71039K(71040K), 0.0797020 secs] 102975K->77170K(102976K), [Perm : 8848K->8848K(21248K)], 0.0797440 secs] [Times: user=0.08 sys=0.00, real=0.08 secs] 
300.204: Total time for which application threads were stopped: 0.0798350 seconds, Stopping threads took: 0.0000140 seconds
300.228: Application time: 0.0245800 seconds
300.228: [Full GC300.228: [Tenured: 71039K->71039K(71040K), 0.0948820 secs] 102975K->79502K(102976K), [Perm : 8848K->8848K(21248K)], 0.0949260 secs] [Times: user=0.10 sys=0.00, real=0.09 secs] 
300.323: Total time for which application threads were stopped: 0.0950180 seconds, Stopping threads took: 0.0000140 seconds
300.347: Application time: 0.0233430 seconds
300.347: [Full GC300.347: [Tenured: 71039K->71039K(71040K), 0.0968620 secs] 102974K->76960K(102976K), [Perm : 8848K->8848K(21248K)], 0.0969070 secs] [Times: user=0.10 sys=0.00, real=0.10 secs] 
300.444: Total time for which application threads were stopped: 0.0969970 seconds, Stopping threads took: 0.0000130 seconds
300.467: Application time: 0.0233010 seconds
300.467: [Full GC300.467: [Tenured: 71039K->71039K(71040K), 0.0976970 secs] 102975K->75323K(102976K), [Perm : 8848K->8848K(21248K)], 0.0977470 secs] [Times: user=0.10 sys=0.00, real=0.10 secs] 
300.565: Total time for which application threads were stopped: 0.0978410 seconds, Stopping threads took: 0.0000130 seconds
300.591: Application time: 0.0261600 seconds
300.591: [Full GC300.591: [Tenured: 71039K->71039K(71040K), 0.0976910 secs] 102975K->78786K(102976K), [Perm : 8848K->8848K(21248K)], 0.0977380 secs] [Times: user=0.09 sys=0.00, real=0.10 secs] 
300.689: Total time for which application threads were stopped: 0.0978400 seconds, Stopping threads took: 0.0000130 seconds
300.716: Application time: 0.0274100 seconds
300.716: [Full GC300.716: [Tenured: 71039K->71039K(71040K), 0.0970890 secs] 102975K->75941K(102976K), [Perm : 8848K->8848K(21248K)], 0.0971370 secs] [Times: user=0.10 sys=0.00, real=0.10 secs] 
300.813: Total time for which application threads were stopped: 0.0972300 seconds, Stopping threads took: 0.0000130 seconds
300.843: Application time: 0.0297940 seconds
300.843: [Full GC300.843: [Tenured: 71039K->71040K(71040K), 0.0986240 secs] 102975K->76685K(102976K), [Perm : 8848K->8848K(21248K)], 0.0986710 secs] [Times: user=0.10 sys=0.00, real=0.10 secs] 
300.942: Total time for which application threads were stopped: 0.0987620 seconds, Stopping threads took: 0.0000130 seconds
300.972: Application time: 0.0296830 seconds
300.972: [Full GC300.972: [Tenured: 71040K->71039K(71040K), 0.1001530 secs] 102975K->75866K(102976K), [Perm : 8848K->8848K(21248K)], 0.1001990 secs] [Times: user=0.10 sys=0.00, real=0.10 secs] 
301.072: Total time for which application threads were stopped: 0.1002900 seconds, Stopping threads took: 0.0000140 seconds
301.101: Application time: 0.0289040 seconds
301.101: [Full GC301.101: [Tenured: 71039K->71039K(71040K), 0.0813930 secs] 102975K->76917K(102976K), [Perm : 8848K->8848K(21248K)], 0.0814380 secs] [Times: user=0.08 sys=0.00, real=0.08 secs] 
301.182: Total time for which application threads were stopped: 0.0815380 seconds, Stopping threads took: 0.0000130 seconds
301.209: Application time: 0.0262600 seconds
301.209: [Full GC301.209: [Tenured: 71039K->71039K(71040K), 0.1007530 secs] 102975K->77569K(102976K), [Perm : 8848K->8848K(21248K)], 0.1008010 secs] [Times: user=0.10 sys=0.00, real=0.10 secs] 
301.309: Total time for which application threads were stopped: 0.1008960 seconds, Stopping threads took: 0.0000140 seconds
301.335: Application time: 0.0255530 seconds
301.335: [Full GC301.335: [Tenured: 71040K->71039K(71040K), 0.0986160 secs] 102975K->77925K(102976K), [Perm : 8848K->8848K(21248K)], 0.0986630 secs] [Times: user=0.10 sys=0.00, real=0.10 secs] 
301.434: Total time for which application threads were stopped: 0.0987560 seconds, Stopping threads took: 0.0000130 seconds
301.463: Application time: 0.0290710 seconds
301.463: [Full GC301.463: [Tenured: 71040K->71039K(71040K), 0.0995950 secs] 102975K->74089K(102976K), [Perm : 8848K->8848K(21248K)], 0.0996490 secs] [Times: user=0.09 sys=0.00, real=0.10 secs] 
301.563: Total time for which application threads were stopped: 0.0997430 seconds, Stopping threads took: 0.0000140 seconds
301.593: Application time: 0.0301430 seconds
301.593: [Full GC301.593: [Tenured: 71039K->71039K(71040K), 0.0823170 secs] 102975K->79241K(102976K), [Perm : 8848K->8848K(21248K)], 0.0823630 secs] [Times: user=0.08 sys=0.00, real=0.08 secs] 
301.675: Total time for which application threads were stopped: 0.0824540 seconds, Stopping threads took: 0.0000140 seconds
301.705: Application time: 0.0299420 seconds
301.705: [Full GC301.705: [Tenured: 71039K->71039K(71040K), 0.0808490 secs] 102975K->79385K(102976K), [Perm : 8848K->8848K(21248K)], 0.0808970 secs] [Times: user=0.08 sys=0.00, real=0.08 secs] 
301.786: Total time for which application threads were stopped: 0.0810020 seconds, Stopping threads took: 0.0000130 seconds
301.815: Application time: 0.0290430 seconds
301.815: [Full GC301.815: [Tenured: 71039K->71039K(71040K), 0.0805070 secs] 102975K->79153K(102976K), [Perm : 8848K->8848K(21248K)], 0.0805520 secs] [Times: user=0.08 sys=0.00, real=0.08 secs] 
301.896: Total time for which application threads were stopped: 0.0806430 seconds, Stopping threads took: 0.0000130 seconds
301.925: Application time: 0.0288510 seconds
301.925: [Full GC301.925: [Tenured: 71040K->71039K(71040K), 0.0962350 secs] 102976K->76378K(102976K), [Perm : 8848K->8848K(21248K)], 0.0962800 secs] [Times: user=0.09 sys=0.00, real=0.10 secs] 
302.021: Total time for which application threads were stopped: 0.0963730 seconds, Stopping threads took: 0.0000130 seconds
302.047: Application time: 0.0259090 seconds
302.047: [Full GC302.047: [Tenured: 71039K->71039K(71040K), 0.0786330 secs] 102975K->76008K(102976K), [Perm : 8848K->8848K(21248K)], 0.0786780 secs] [Times: user=0.08 sys=0.00, real=0.07 secs] 
302.126: Total time for which application threads were stopped: 0.0787730 seconds, Stopping threads took: 0.0000130 seconds
302.152: Application time: 0.0264870 seconds
302.152: [Full GC302.152: [Tenured: 71039K->71039K(71040K), 0.0806590 secs] 102975K->78245K(102976K), [Perm : 8848K->8848K(21248K)], 0.0807050 secs] [Times: user=0.08 sys=0.00, real=0.08 secs] 
302.233: Total time for which application threads were stopped: 0.0807960 seconds, Stopping threads took: 0.0000130 seconds
302.257: Application time: 0.0239100 seconds
302.257: [Full GC302.257: [Tenured: 71039K->71039K(71040K), 0.0796080 secs] 102975K->78258K(102976K), [Perm : 8848K->8848K(21248K)], 0.0796530 secs] [Times: user=0.08 sys=0.00, real=0.08 secs] 
302.337: Total time for which application threads were stopped: 0.0797520 seconds, Stopping threads took: 0.0000130 seconds
302.362: Application time: 0.0252460 seconds
302.362: [Full GC302.362: [Tenured: 71039K->71039K(71040K), 0.0942780 secs] 102975K->76024K(102976K), [Perm : 8848K->8848K(21248K)], 0.0943250 secs] [Times: user=0.10 sys=0.00, real=0.09 secs] 
302.456: Total time for which application threads were stopped: 0.0944160 seconds, Stopping threads took: 0.0000140 seconds
302.482: Application time: 0.0257350 seconds
302.482: [Full GC302.482: [Tenured: 71039K->71039K(71040K), 0.0774710 secs] 102975K->75995K(102976K), [Perm : 8848K->8848K(21248K)], 0.0775110 secs] [Times: user=0.08 sys=0.00, real=0.08 secs] 
302.560: Total time for which application threads were stopped: 0.0776020 seconds, Stopping threads took: 0.0000140 seconds
302.584: Application time: 0.0245220 seconds
302.584: [Full GC302.584: [Tenured: 71039K->71039K(71040K), 0.0774540 secs] 102975K->76479K(102976K), [Perm : 8848K->8848K(21248K)], 0.0774990 secs] [Times: user=0.08 sys=0.00, real=0.08 secs] 
302.662: Total time for which application threads were stopped: 0.0775890 seconds, Stopping threads took: 0.0000130 seconds
302.688: Application time: 0.0258280 seconds
302.688: [Full GC302.688: [Tenured: 71039K->71039K(71040K), 0.0937970 secs] 102975K->76997K(102976K), [Perm : 8848K->8848K(21248K)], 0.0938530 secs] [Times: user=0.10 sys=0.00, real=0.09 secs] 
302.782: Total time for which application threads were stopped: 0.0939460 seconds, Stopping threads took: 0.0000150 seconds
302.805: Application time: 0.0235530 seconds
302.805: [Full GC302.805: [Tenured: 71039K->71039K(71040K), 0.0933310 secs] 102975K->74628K(102976K), [Perm : 8848K->8848K(21248K)], 0.0933770 secs] [Times: user=0.10 sys=0.00, real=0.09 secs] 
302.899: Total time for which application threads were stopped: 0.0934850 seconds, Stopping threads took: 0.0000140 seconds
302.926: Application time: 0.0274820 seconds
302.926: [Full GC302.926: [Tenured: 71040K->71040K(71040K), 0.0788790 secs] 102976K->75588K(102976K), [Perm : 8848K->8848K(21248K)], 0.0789260 secs] [Times: user=0.08 sys=0.00, real=0.08 secs] 
303.005: Total time for which application threads were stopped: 0.0790190 seconds, Stopping threads took: 0.0000140 seconds
303.032: Application time: 0.0265990 seconds
303.032: [Full GC303.032: [Tenured: 71040K->71040K(71040K), 0.0782250 secs] 102975K->76037K(102976K), [Perm : 8848K->8848K(21248K)], 0.0782710 secs] [Times: user=0.08 sys=0.00, real=0.08 secs] 
303.110: Total time for which application threads were stopped: 0.0783650 seconds, Stopping threads took: 0.0000140 seconds
303.135: Application time: 0.0250460 seconds
303.135: [Full GC303.135: [Tenured: 71040K->71040K(71040K), 0.0776620 secs] 102976K->76020K(102976K), [Perm : 8848K->8848K(21248K)], 0.0777070 secs] [Times: user=0.07 sys=0.00, real=0.08 secs] 
303.213: Total time for which application threads were stopped: 0.0778010 seconds, Stopping threads took: 0.0000150 seconds
303.240: Application time: 0.0266160 seconds
303.240: [Full GC303.240: [Tenured: 71040K->71039K(71040K), 0.0924390 secs] 102975K->75948K(102976K), [Perm : 8848K->8848K(21248K)], 0.0924860 secs] [Times: user=0.09 sys=0.00, real=0.09 secs] 
303.332: Total time for which application threads were stopped: 0.0925830 seconds, Stopping threads took: 0.0000140 seconds
303.358: Application time: 0.0261340 seconds
303.358: [Full GC303.358: [Tenured: 71039K->71039K(71040K), 0.0778090 secs] 102975K->76521K(102976K), [Perm : 8848K->8848K(21248K)], 0.0778520 secs] [Times: user=0.07 sys=0.00, real=0.08 secs] 
303.436: Total time for which application threads were stopped: 0.0779560 seconds, Stopping threads took: 0.0000150 seconds
303.463: Application time: 0.0263690 seconds
303.463: [Full GC303.463: [Tenured: 71039K->71039K(71040K), 0.0779130 secs] 102975K->76839K(102976K), [Perm : 8848K->8848K(21248K)], 0.0779560 secs] [Times: user=0.08 sys=0.00, real=0.08 secs] 
303.541: Total time for which application threads were stopped: 0.0780470 seconds, Stopping threads took: 0.0000140 seconds
303.567: Application time: 0.0260660 seconds
303.567: [Full GC303.567: [Tenured: 71039K->71039K(71040K), 0.0790020 secs] 102975K->77135K(102976K), [Perm : 8848K->8848K(21248K)], 0.0790480 secs] [Times: user=0.08 sys=0.00, real=0.08 secs] 
303.646: Total time for which application threads were stopped: 0.0791400 seconds, Stopping threads took: 0.0000150 seconds
303.666: Application time: 0.0198210 seconds
303.666: [Full GC303.666: [Tenured: 71039K->71039K(71040K), 0.0968950 secs] 102975K->77031K(102976K), [Perm : 8848K->8848K(21248K)], 0.0969410 secs] [Times: user=0.10 sys=0.00, real=0.10 secs] 
303.763: Total time for which application threads were stopped: 0.0970330 seconds, Stopping threads took: 0.0000130 seconds
303.786: Application time: 0.0236320 seconds
303.786: [Full GC303.786: [Tenured: 71039K->71039K(71040K), 0.0937730 secs] 102975K->76462K(102976K), [Perm : 8848K->8848K(21248K)], 0.0938160 secs] [Times: user=0.09 sys=0.00, real=0.10 secs] 
303.880: Total time for which application threads were stopped: 0.0939090 seconds, Stopping threads took: 0.0000140 seconds
303.906: Application time: 0.0256950 seconds
303.906: [Full GC303.906: [Tenured: 71039K->71040K(71040K), 0.0954230 secs] 102975K->77154K(102976K), [Perm : 8848K->8848K(21248K)], 0.0954680 secs] [Times: user=0.09 sys=0.00, real=0.10 secs] 
304.002: Total time for which application threads were stopped: 0.0955810 seconds, Stopping threads took: 0.0000140 seconds
304.027: Application time: 0.0253070 seconds
304.027: [Full GC304.027: [Tenured: 71040K->71039K(71040K), 0.0955220 secs] 102975K->75948K(102976K), [Perm : 8848K->8848K(21248K)], 0.0955700 secs] [Times: user=0.10 sys=0.00, real=0.10 secs] 
304.123: Total time for which application threads were stopped: 0.0956620 seconds, Stopping threads took: 0.0000140 seconds
304.151: Application time: 0.0283100 seconds
304.151: [Full GC304.151: [Tenured: 71040K->71039K(71040K), 0.0983990 secs] 102976K->73275K(102976K), [Perm : 8848K->8848K(21248K)], 0.0984480 secs] [Times: user=0.10 sys=0.00, real=0.10 secs] 
304.249: Total time for which application threads were stopped: 0.0985410 seconds, Stopping threads took: 0.0000150 seconds
304.282: Application time: 0.0324320 seconds
304.282: [Full GC304.282: [Tenured: 71039K->71038K(71040K), 0.0945560 secs] 102975K->76469K(102976K), [Perm : 8848K->8848K(21248K)], 0.0946020 secs] [Times: user=0.10 sys=0.00, real=0.09 secs] 
304.377: Total time for which application threads were stopped: 0.0946920 seconds, Stopping threads took: 0.0000140 seconds
304.406: Application time: 0.0293780 seconds
304.406: [Full GC304.406: [Tenured: 71039K->71040K(71040K), 0.0960960 secs] 102975K->78416K(102976K), [Perm : 8848K->8848K(21248K)], 0.0961410 secs] [Times: user=0.09 sys=0.00, real=0.10 secs] 
304.502: Total time for which application threads were stopped: 0.0962320 seconds, Stopping threads took: 0.0000130 seconds
304.530: Application time: 0.0278110 seconds
304.530: [Full GC304.530: [Tenured: 71040K->71039K(71040K), 0.0971190 secs] 102975K->79363K(102976K), [Perm : 8848K->8848K(21248K)], 0.0971650 secs] [Times: user=0.10 sys=0.00, real=0.10 secs] 
304.627: Total time for which application threads were stopped: 0.0972710 seconds, Stopping threads took: 0.0000140 seconds
304.653: Application time: 0.0254950 seconds
304.653: [Full GC304.653: [Tenured: 71039K->71039K(71040K), 0.0995910 secs] 102975K->78190K(102976K), [Perm : 8848K->8848K(21248K)], 0.0996370 secs] [Times: user=0.10 sys=0.00, real=0.10 secs] 
304.752: Total time for which application threads were stopped: 0.0997270 seconds, Stopping threads took: 0.0000130 seconds
304.778: Application time: 0.0259010 seconds
304.778: [Full GC304.778: [Tenured: 71039K->71039K(71040K), 0.0987840 secs] 102975K->77043K(102976K), [Perm : 8848K->8848K(21248K)], 0.0988330 secs] [Times: user=0.10 sys=0.00, real=0.10 secs] 
304.877: Total time for which application threads were stopped: 0.0989230 seconds, Stopping threads took: 0.0000140 seconds
304.905: Application time: 0.0278900 seconds
304.905: [Full GC304.905: [Tenured: 71039K->71039K(71040K), 0.0825320 secs] 102975K->78754K(102976K), [Perm : 8848K->8848K(21248K)], 0.0825780 secs] [Times: user=0.08 sys=0.00, real=0.09 secs] 
304.988: Total time for which application threads were stopped: 0.0826670 seconds, Stopping threads took: 0.0000130 seconds
305.016: Application time: 0.0283320 seconds
305.016: [Full GC305.016: [Tenured: 71039K->71039K(71040K), 0.0960780 secs] 102975K->79164K(102976K), [Perm : 8848K->8848K(21248K)], 0.0961230 secs] [Times: user=0.10 sys=0.00, real=0.10 secs] 
305.112: Total time for which application threads were stopped: 0.0962140 seconds, Stopping threads took: 0.0000120 seconds
305.141: Application time: 0.0289990 seconds
305.141: [Full GC305.141: [Tenured: 71039K->71039K(71040K), 0.1001760 secs] 102975K->76371K(102976K), [Perm : 8848K->8848K(21248K)], 0.1002260 secs] [Times: user=0.10 sys=0.00, real=0.10 secs] 
305.242: Total time for which application threads were stopped: 0.1003330 seconds, Stopping threads took: 0.0000140 seconds
305.272: Application time: 0.0302350 seconds
305.272: [Full GC305.272: [Tenured: 71040K->71040K(71040K), 0.0822340 secs] 102976K->77062K(102976K), [Perm : 8848K->8848K(21248K)], 0.0822820 secs] [Times: user=0.08 sys=0.00, real=0.08 secs] 
305.354: Total time for which application threads were stopped: 0.0823820 seconds, Stopping threads took: 0.0000140 seconds
305.384: Application time: 0.0299890 seconds
305.384: [Full GC305.384: [Tenured: 71040K->71040K(71040K), 0.0799480 secs] 102976K->77630K(102976K), [Perm : 8848K->8848K(21248K)], 0.0800010 secs] [Times: user=0.08 sys=0.00, real=0.08 secs] 
305.464: Total time for which application threads were stopped: 0.0801030 seconds, Stopping threads took: 0.0000140 seconds
305.493: Application time: 0.0284890 seconds
305.493: [Full GC305.493: [Tenured: 71040K->71040K(71040K), 0.0787490 secs] 102976K->77569K(102976K), [Perm : 8848K->8848K(21248K)], 0.0787930 secs] [Times: user=0.07 sys=0.00, real=0.08 secs] 
305.572: Total time for which application threads were stopped: 0.0788850 seconds, Stopping threads took: 0.0000140 seconds
305.596: Application time: 0.0246840 seconds
305.597: [Full GC305.597: [Tenured: 71040K->71039K(71040K), 0.0956620 secs] 102975K->76239K(102976K), [Perm : 8848K->8848K(21248K)], 0.0957080 secs] [Times: user=0.09 sys=0.00, real=0.10 secs] 
305.692: Total time for which application threads were stopped: 0.0958010 seconds, Stopping threads took: 0.0000140 seconds
305.718: Application time: 0.0260030 seconds
305.718: [Full GC305.718: [Tenured: 71039K->71039K(71040K), 0.0784490 secs] 102975K->76446K(102976K), [Perm : 8848K->8848K(21248K)], 0.0784940 secs] [Times: user=0.07 sys=0.00, real=0.08 secs] 
305.797: Total time for which application threads were stopped: 0.0785990 seconds, Stopping threads took: 0.0000140 seconds
305.823: Application time: 0.0261790 seconds
305.823: [Full GC305.823: [Tenured: 71039K->71039K(71040K), 0.0775390 secs] 102975K->76088K(102976K), [Perm : 8848K->8848K(21248K)], 0.0775850 secs] [Times: user=0.08 sys=0.00, real=0.08 secs] 
305.901: Total time for which application threads were stopped: 0.0776770 seconds, Stopping threads took: 0.0000130 seconds
305.926: Application time: 0.0256160 seconds
305.926: [Full GC305.926: [Tenured: 71039K->71039K(71040K), 0.0789840 secs] 102975K->76115K(102976K), [Perm : 8848K->8848K(21248K)], 0.0790290 secs] [Times: user=0.08 sys=0.00, real=0.08 secs] 
306.005: Total time for which application threads were stopped: 0.0791180 seconds, Stopping threads took: 0.0000140 seconds
306.030: Application time: 0.0247610 seconds
306.030: [Full GC306.030: [Tenured: 71039K->71039K(71040K), 0.0968330 secs] 102975K->78262K(102976K), [Perm : 8848K->8848K(21248K)], 0.0968810 secs] [Times: user=0.09 sys=0.00, real=0.10 secs] 
306.127: Total time for which application threads were stopped: 0.0969730 seconds, Stopping threads took: 0.0000140 seconds
306.152: Application time: 0.0247380 seconds
306.152: [Full GC306.152: [Tenured: 71039K->71039K(71040K), 0.0932970 secs] 102975K->77307K(102976K), [Perm : 8848K->8848K(21248K)], 0.0933450 secs] [Times: user=0.10 sys=0.00, real=0.09 secs] 
306.245: Total time for which application threads were stopped: 0.0934380 seconds, Stopping threads took: 0.0000130 seconds
306.272: Application time: 0.0261980 seconds
306.272: [Full GC306.272: [Tenured: 71039K->71039K(71040K), 0.0790400 secs] 102975K->78765K(102976K), [Perm : 8848K->8848K(21248K)], 0.0790860 secs] [Times: user=0.07 sys=0.00, real=0.08 secs] 
306.351: Total time for which application threads were stopped: 0.0791940 seconds, Stopping threads took: 0.0000150 seconds
306.373: Application time: 0.0219870 seconds
306.373: [Full GC306.373: [Tenured: 71039K->71039K(71040K), 0.0791720 secs] 102975K->79162K(102976K), [Perm : 8848K->8848K(21248K)], 0.0792180 secs] [Times: user=0.08 sys=0.00, real=0.08 secs] 
306.452: Total time for which application threads were stopped: 0.0793110 seconds, Stopping threads took: 0.0000150 seconds
306.477: Application time: 0.0253480 seconds
306.477: [Full GC306.478: [Tenured: 71039K->71039K(71040K), 0.0963200 secs] 102975K->75962K(102976K), [Perm : 8848K->8848K(21248K)], 0.0963670 secs] [Times: user=0.10 sys=0.00, real=0.10 secs] 
306.574: Total time for which application threads were stopped: 0.0964590 seconds, Stopping threads took: 0.0000130 seconds
306.600: Application time: 0.0265780 seconds
306.601: [Full GC306.601: [Tenured: 71039K->71039K(71040K), 0.0777580 secs] 102975K->75982K(102976K), [Perm : 8848K->8848K(21248K)], 0.0778130 secs] [Times: user=0.08 sys=0.00, real=0.07 secs] 
306.678: Total time for which application threads were stopped: 0.0779060 seconds, Stopping threads took: 0.0000140 seconds
306.705: Application time: 0.0262910 seconds
306.705: [Full GC306.705: [Tenured: 71039K->71039K(71040K), 0.0774040 secs] 102975K->76677K(102976K), [Perm : 8848K->8848K(21248K)], 0.0774510 secs] [Times: user=0.08 sys=0.00, real=0.08 secs] 
306.782: Total time for which application threads were stopped: 0.0775420 seconds, Stopping threads took: 0.0000140 seconds
306.809: Application time: 0.0264420 seconds
306.809: [Full GC306.809: [Tenured: 71039K->71039K(71040K), 0.0783140 secs] 102975K->76890K(102976K), [Perm : 8848K->8848K(21248K)], 0.0783570 secs] [Times: user=0.08 sys=0.00, real=0.08 secs] 
306.887: Total time for which application threads were stopped: 0.0784690 seconds, Stopping threads took: 0.0000230 seconds
306.912: Application time: 0.0251610 seconds
306.912: [Full GC306.912: [Tenured: 71039K->71039K(71040K), 0.0951850 secs] 102975K->76474K(102976K), [Perm : 8848K->8848K(21248K)], 0.0952320 secs] [Times: user=0.09 sys=0.00, real=0.10 secs] 
307.008: Total time for which application threads were stopped: 0.0953240 seconds, Stopping threads took: 0.0000140 seconds
307.034: Application time: 0.0264270 seconds
307.034: [Full GC307.034: [Tenured: 71039K->71039K(71040K), 0.0787770 secs] 102975K->75950K(102976K), [Perm : 8848K->8848K(21248K)], 0.0788190 secs] [Times: user=0.08 sys=0.00, real=0.08 secs] 
307.113: Total time for which application threads were stopped: 0.0789110 seconds, Stopping threads took: 0.0000140 seconds
307.138: Application time: 0.0253880 seconds
307.138: [Full GC307.138: [Tenured: 71039K->71039K(71040K), 0.0819680 secs] 102975K->78169K(102976K), [Perm : 8848K->8848K(21248K)], 0.0820140 secs] [Times: user=0.08 sys=0.00, real=0.09 secs] 
307.220: Total time for which application threads were stopped: 0.0821060 seconds, Stopping threads took: 0.0000130 seconds
307.245: Application time: 0.0248790 seconds
307.245: [Full GC307.245: [Tenured: 71039K->71039K(71040K), 0.0912800 secs] 102975K->76773K(102976K), [Perm : 8848K->8848K(21248K)], 0.0913280 secs] [Times: user=0.09 sys=0.00, real=0.09 secs] 
307.337: Total time for which application threads were stopped: 0.0914210 seconds, Stopping threads took: 0.0000120 seconds
307.361: Application time: 0.0246040 seconds
307.361: [Full GC307.361: [Tenured: 71039K->71039K(71040K), 0.0964640 secs] 102975K->77848K(102976K), [Perm : 8848K->8848K(21248K)], 0.0965110 secs] [Times: user=0.10 sys=0.00, real=0.09 secs] 
307.458: Total time for which application threads were stopped: 0.0966160 seconds, Stopping threads took: 0.0000130 seconds
307.485: Application time: 0.0266800 seconds
307.485: [Full GC307.485: [Tenured: 71040K->71040K(71040K), 0.0954900 secs] 102976K->78204K(102976K), [Perm : 8848K->8848K(21248K)], 0.0955360 secs] [Times: user=0.10 sys=0.00, real=0.10 secs] 
307.580: Total time for which application threads were stopped: 0.0956250 seconds, Stopping threads took: 0.0000130 seconds
307.606: Application time: 0.0256610 seconds
307.606: [Full GC307.606: [Tenured: 71040K->71040K(71040K), 0.0968450 secs] 102976K->75681K(102976K), [Perm : 8848K->8848K(21248K)], 0.0968930 secs] [Times: user=0.10 sys=0.00, real=0.10 secs] 
307.703: Total time for which application threads were stopped: 0.0969830 seconds, Stopping threads took: 0.0000140 seconds
307.731: Application time: 0.0279110 seconds
307.731: [Full GC307.731: [Tenured: 71040K->71039K(71040K), 0.0984030 secs] 102976K->76309K(102976K), [Perm : 8848K->8848K(21248K)], 0.0984510 secs] [Times: user=0.10 sys=0.00, real=0.10 secs] 
307.829: Total time for which application threads were stopped: 0.0985410 seconds, Stopping threads took: 0.0000140 seconds
307.858: Application time: 0.0287240 seconds
307.858: [Full GC307.858: [Tenured: 71039K->71039K(71040K), 0.0971310 secs] 102975K->73335K(102976K), [Perm : 8848K->8848K(21248K)], 0.0971820 secs] [Times: user=0.10 sys=0.00, real=0.10 secs] 
307.955: Total time for which application threads were stopped: 0.0972710 seconds, Stopping threads took: 0.0000130 seconds
307.986: Application time: 0.0308750 seconds
307.986: [Full GC307.986: [Tenured: 71039K->71039K(71040K), 0.0846420 secs] 102975K->78287K(102976K), [Perm : 8848K->8848K(21248K)], 0.0846990 secs] [Times: user=0.08 sys=0.00, real=0.09 secs] 
308.071: Total time for which application threads were stopped: 0.0848000 seconds, Stopping threads took: 0.0000140 seconds
308.098: Application time: 0.0272840 seconds
308.098: [Full GC308.098: [Tenured: 71039K->71039K(71040K), 0.0837050 secs] 102975K->79303K(102976K), [Perm : 8848K->8848K(21248K)], 0.0837500 secs] [Times: user=0.09 sys=0.00, real=0.09 secs] 
308.182: Total time for which application threads were stopped: 0.0838400 seconds, Stopping threads took: 0.0000140 seconds
308.207: Application time: 0.0251250 seconds
308.207: [Full GC308.207: [Tenured: 71039K->71039K(71040K), 0.0972430 secs] 102975K->82801K(102976K), [Perm : 8848K->8848K(21248K)], 0.0972880 secs] [Times: user=0.10 sys=0.00, real=0.09 secs] 
308.305: Total time for which application threads were stopped: 0.0973810 seconds, Stopping threads took: 0.0000130 seconds
308.328: Application time: 0.0231460 seconds
308.328: [Full GC308.328: [Tenured: 71039K->71039K(71040K), 0.1017040 secs] 102975K->75182K(102976K), [Perm : 8848K->8848K(21248K)], 0.1017520 secs] [Times: user=0.11 sys=0.00, real=0.10 secs] 
308.430: Total time for which application threads were stopped: 0.1018460 seconds, Stopping threads took: 0.0000140 seconds
308.455: Application time: 0.0253460 seconds
308.455: [Full GC308.455: [Tenured: 71039K->71039K(71040K), 0.0880390 secs] 102975K->82005K(102976K), [Perm : 8848K->8848K(21248K)], 0.0880800 secs] [Times: user=0.09 sys=0.00, real=0.09 secs] 
308.543: Total time for which application threads were stopped: 0.0881850 seconds, Stopping threads took: 0.0000280 seconds
308.570: Application time: 0.0263340 seconds
308.570: [Full GC308.570: [Tenured: 71040K->71039K(71040K), 0.0980920 secs] 102975K->80112K(102976K), [Perm : 8848K->8848K(21248K)], 0.0981370 secs] [Times: user=0.09 sys=0.00, real=0.10 secs] 
308.668: Total time for which application threads were stopped: 0.0982400 seconds, Stopping threads took: 0.0000140 seconds
308.695: Application time: 0.0271710 seconds
308.695: [Full GC308.695: [Tenured: 71039K->71040K(71040K), 0.1020950 secs] 102975K->77735K(102976K), [Perm : 8848K->8848K(21248K)], 0.1021430 secs] [Times: user=0.10 sys=0.00, real=0.10 secs] 
308.797: Total time for which application threads were stopped: 0.1022390 seconds, Stopping threads took: 0.0000140 seconds
308.827: Application time: 0.0293390 seconds
308.827: [Full GC308.827: [Tenured: 71040K->71039K(71040K), 0.0950900 secs] 102976K->75324K(102976K), [Perm : 8848K->8848K(21248K)], 0.0951370 secs] [Times: user=0.10 sys=0.00, real=0.10 secs] 
308.922: Total time for which application threads were stopped: 0.0952290 seconds, Stopping threads took: 0.0000130 seconds
308.954: Application time: 0.0318510 seconds
308.954: [Full GC308.954: [Tenured: 71039K->71039K(71040K), 0.0808620 secs] 102975K->76182K(102976K), [Perm : 8848K->8848K(21248K)], 0.0809090 secs] [Times: user=0.08 sys=0.00, real=0.08 secs] 
309.035: Total time for which application threads were stopped: 0.0810020 seconds, Stopping threads took: 0.0000140 seconds
309.064: Application time: 0.0293840 seconds
309.064: [Full GC309.064: [Tenured: 71039K->71039K(71040K), 0.0807620 secs] 102975K->77479K(102976K), [Perm : 8848K->8848K(21248K)], 0.0808060 secs] [Times: user=0.08 sys=0.00, real=0.08 secs] 
309.145: Total time for which application threads were stopped: 0.0808970 seconds, Stopping threads took: 0.0000140 seconds
309.170: Application time: 0.0246560 seconds
309.170: [Full GC309.170: [Tenured: 71039K->71039K(71040K), 0.0777050 secs] 102975K->77475K(102976K), [Perm : 8848K->8848K(21248K)], 0.0777480 secs] [Times: user=0.08 sys=0.00, real=0.08 secs] 
309.247: Total time for which application threads were stopped: 0.0778540 seconds, Stopping threads took: 0.0000130 seconds
309.274: Application time: 0.0263290 seconds
309.274: [Full GC309.274: [Tenured: 71039K->71040K(71040K), 0.0940330 secs] 102975K->75689K(102976K), [Perm : 8848K->8848K(21248K)], 0.0940760 secs] [Times: user=0.10 sys=0.00, real=0.10 secs] 
309.368: Total time for which application threads were stopped: 0.0941720 seconds, Stopping threads took: 0.0000150 seconds
309.393: Application time: 0.0251400 seconds
309.393: [Full GC309.393: [Tenured: 71040K->71040K(71040K), 0.0785400 secs] 102975K->76071K(102976K), [Perm : 8848K->8848K(21248K)], 0.0785830 secs] [Times: user=0.08 sys=0.00, real=0.08 secs] 
309.472: Total time for which application threads were stopped: 0.0786740 seconds, Stopping threads took: 0.0000140 seconds
309.497: Application time: 0.0251170 seconds
309.497: [Full GC309.497: [Tenured: 71040K->71040K(71040K), 0.0798110 secs] 102976K->77977K(102976K), [Perm : 8848K->8848K(21248K)], 0.0798580 secs] [Times: user=0.08 sys=0.00, real=0.08 secs] 
309.577: Total time for which application threads were stopped: 0.0799500 seconds, Stopping threads took: 0.0000140 seconds
309.600: Application time: 0.0233440 seconds
309.600: [Full GC309.600: [Tenured: 71040K->71040K(71040K), 0.0933090 secs] 102975K->77249K(102976K), [Perm : 8848K->8848K(21248K)], 0.0933550 secs] [Times: user=0.09 sys=0.00, real=0.09 secs] 
309.694: Total time for which application threads were stopped: 0.0934500 seconds, Stopping threads took: 0.0000140 seconds
309.716: Application time: 0.0226340 seconds
309.716: [Full GC309.716: [Tenured: 71040K->71039K(71040K), 0.0945090 secs] 102976K->74907K(102976K), [Perm : 8848K->8848K(21248K)], 0.0945540 secs] [Times: user=0.09 sys=0.00, real=0.10 secs] 
309.811: Total time for which application threads were stopped: 0.0946580 seconds, Stopping threads took: 0.0000140 seconds
309.838: Application time: 0.0273070 seconds
309.838: [Full GC309.838: [Tenured: 71039K->71039K(71040K), 0.0798300 secs] 102975K->75834K(102976K), [Perm : 8848K->8848K(21248K)], 0.0798750 secs] [Times: user=0.08 sys=0.00, real=0.08 secs] 
309.918: Total time for which application threads were stopped: 0.0799690 seconds, Stopping threads took: 0.0000140 seconds
309.945: Application time: 0.0269480 seconds
309.945: [Full GC309.945: [Tenured: 71039K->71039K(71040K), 0.0792740 secs] 102975K->76068K(102976K), [Perm : 8848K->8848K(21248K)], 0.0793160 secs] [Times: user=0.07 sys=0.00, real=0.08 secs] 
310.025: Total time for which application threads were stopped: 0.0794080 seconds, Stopping threads took: 0.0000130 seconds
310.051: Application time: 0.0265970 seconds
310.051: [Full GC310.051: [Tenured: 71039K->71039K(71040K), 0.0782150 secs] 102975K->76085K(102976K), [Perm : 8848K->8848K(21248K)], 0.0782590 secs] [Times: user=0.08 sys=0.00, real=0.08 secs] 
310.130: Total time for which application threads were stopped: 0.0783530 seconds, Stopping threads took: 0.0000150 seconds
310.156: Application time: 0.0262250 seconds
310.156: [Full GC310.156: [Tenured: 71039K->71039K(71040K), 0.0950960 secs] 102975K->75958K(102976K), [Perm : 8848K->8848K(21248K)], 0.0951440 secs] [Times: user=0.10 sys=0.00, real=0.10 secs] 
310.251: Total time for which application threads were stopped: 0.0952390 seconds, Stopping threads took: 0.0000140 seconds
310.278: Application time: 0.0265500 seconds
310.278: [Full GC310.278: [Tenured: 71039K->71039K(71040K), 0.0792540 secs] 102975K->76262K(102976K), [Perm : 8848K->8848K(21248K)], 0.0792990 secs] [Times: user=0.08 sys=0.00, real=0.08 secs] 
310.357: Total time for which application threads were stopped: 0.0794040 seconds, Stopping threads took: 0.0000140 seconds
310.383: Application time: 0.0263930 seconds
310.383: [Full GC310.383: [Tenured: 71039K->71039K(71040K), 0.0791320 secs] 102975K->75850K(102976K), [Perm : 8848K->8848K(21248K)], 0.0791780 secs] [Times: user=0.08 sys=0.00, real=0.08 secs] 
310.463: Total time for which application threads were stopped: 0.0792700 seconds, Stopping threads took: 0.0000150 seconds
310.489: Application time: 0.0267590 seconds
310.489: [Full GC310.489: [Tenured: 71039K->71039K(71040K), 0.0801430 secs] 102975K->76009K(102976K), [Perm : 8848K->8848K(21248K)], 0.0802140 secs] [Times: user=0.08 sys=0.00, real=0.08 secs] 
310.570: Total time for which application threads were stopped: 0.0803050 seconds, Stopping threads took: 0.0000140 seconds
310.595: Application time: 0.0252480 seconds
310.595: [Full GC310.595: [Tenured: 71039K->71039K(71040K), 0.0951060 secs] 102975K->76566K(102976K), [Perm : 8848K->8848K(21248K)], 0.0951570 secs] [Times: user=0.10 sys=0.00, real=0.10 secs] 
310.690: Total time for which application threads were stopped: 0.0952520 seconds, Stopping threads took: 0.0000140 seconds
310.716: Application time: 0.0257600 seconds
310.716: [Full GC310.716: [Tenured: 71040K->71039K(71040K), 0.0925080 secs] 102976K->77248K(102976K), [Perm : 8848K->8848K(21248K)], 0.0925530 secs] [Times: user=0.09 sys=0.00, real=0.10 secs] 
310.809: Total time for which application threads were stopped: 0.0926440 seconds, Stopping threads took: 0.0000140 seconds
310.835: Application time: 0.0268550 seconds
310.836: [Full GC310.836: [Tenured: 71039K->71039K(71040K), 0.0861870 secs] 102975K->78045K(102976K), [Perm : 8848K->8848K(21248K)], 0.0862330 secs] [Times: user=0.08 sys=0.00, real=0.09 secs] 
310.922: Total time for which application threads were stopped: 0.0863380 seconds, Stopping threads took: 0.0000140 seconds
310.947: Application time: 0.0252500 seconds
310.947: [Full GC310.947: [Tenured: 71039K->71039K(71040K), 0.0922860 secs] 102975K->83560K(102976K), [Perm : 8848K->8848K(21248K)], 0.0923290 secs] [Times: user=0.09 sys=0.00, real=0.09 secs] 
311.039: Total time for which application threads were stopped: 0.0924220 seconds, Stopping threads took: 0.0000140 seconds
311.062: Application time: 0.0229230 seconds
311.062: [Full GC311.062: [Tenured: 71039K->71040K(71040K), 0.0933110 secs] 102975K->72204K(102976K), [Perm : 8848K->8848K(21248K)], 0.0933710 secs] [Times: user=0.10 sys=0.00, real=0.09 secs] 
311.156: Total time for which application threads were stopped: 0.0934620 seconds, Stopping threads took: 0.0000120 seconds
311.186: Application time: 0.0300870 seconds
311.186: [Full GC311.186: [Tenured: 71040K->71040K(71040K), 0.0921430 secs] 102975K->73770K(102976K), [Perm : 8848K->8848K(21248K)], 0.0921880 secs] [Times: user=0.09 sys=0.00, real=0.09 secs] 
311.278: Total time for which application threads were stopped: 0.0922820 seconds, Stopping threads took: 0.0000140 seconds
311.306: Application time: 0.0279350 seconds
311.306: [Full GC311.306: [Tenured: 71040K->71039K(71040K), 0.0848660 secs] 102976K->80016K(102976K), [Perm : 8848K->8848K(21248K)], 0.0849100 secs] [Times: user=0.08 sys=0.00, real=0.09 secs] 
311.391: Total time for which application threads were stopped: 0.0849990 seconds, Stopping threads took: 0.0000130 seconds
311.419: Application time: 0.0283160 seconds
311.420: [Full GC311.420: [Tenured: 71039K->71039K(71040K), 0.0983820 secs] 102975K->77413K(102976K), [Perm : 8848K->8848K(21248K)], 0.0984310 secs] [Times: user=0.10 sys=0.00, real=0.09 secs] 
311.518: Total time for which application threads were stopped: 0.0985360 seconds, Stopping threads took: 0.0000140 seconds
311.546: Application time: 0.0282070 seconds
311.546: [Full GC311.546: [Tenured: 71040K->71035K(71040K), 0.0978240 secs] 102976K->75635K(102976K), [Perm : 8848K->8848K(21248K)], 0.0978730 secs] [Times: user=0.09 sys=0.00, real=0.10 secs] 
311.644: Total time for which application threads were stopped: 0.0979660 seconds, Stopping threads took: 0.0000140 seconds
311.671: Application time: 0.0268560 seconds
311.671: [Full GC311.671: [Tenured: 71040K->71038K(71040K), 0.0843800 secs] 102975K->81389K(102976K), [Perm : 8848K->8848K(21248K)], 0.0844270 secs] [Times: user=0.08 sys=0.00, real=0.08 secs] 
311.756: Total time for which application threads were stopped: 0.0845250 seconds, Stopping threads took: 0.0000220 seconds
311.781: Application time: 0.0250890 seconds
311.781: [Full GC311.781: [Tenured: 71039K->71039K(71040K), 0.0969140 secs] 102975K->77948K(102976K), [Perm : 8848K->8848K(21248K)], 0.0969700 secs] [Times: user=0.09 sys=0.00, real=0.09 secs] 
311.878: Total time for which application threads were stopped: 0.0970610 seconds, Stopping threads took: 0.0000130 seconds
311.904: Application time: 0.0266030 seconds
311.904: [Full GC311.904: [Tenured: 71040K->71039K(71040K), 0.0955000 secs] 102976K->79204K(102976K), [Perm : 8848K->8848K(21248K)], 0.0955460 secs] [Times: user=0.09 sys=0.00, real=0.10 secs] 
312.000: Total time for which application threads were stopped: 0.0956370 seconds, Stopping threads took: 0.0000130 seconds
312.026: Application time: 0.0263040 seconds
312.026: [Full GC312.026: [Tenured: 71039K->71039K(71040K), 0.1013100 secs] 102975K->77492K(102976K), [Perm : 8848K->8848K(21248K)], 0.1013550 secs] [Times: user=0.10 sys=0.00, real=0.11 secs] 
312.128: Total time for which application threads were stopped: 0.1014600 seconds, Stopping threads took: 0.0000130 seconds
312.157: Application time: 0.0287880 seconds
312.157: [Full GC312.157: [Tenured: 71039K->71039K(71040K), 0.0820250 secs] 102975K->78851K(102976K), [Perm : 8848K->8848K(21248K)], 0.0820760 secs] [Times: user=0.08 sys=0.00, real=0.08 secs] 
312.239: Total time for which application threads were stopped: 0.0821810 seconds, Stopping threads took: 0.0000170 seconds
312.267: Application time: 0.0281790 seconds
312.267: [Full GC312.267: [Tenured: 71039K->71039K(71040K), 0.0837520 secs] 102975K->79428K(102976K), [Perm : 8848K->8848K(21248K)], 0.0838010 secs] [Times: user=0.08 sys=0.00, real=0.09 secs] 
312.351: Total time for which application threads were stopped: 0.0838930 seconds, Stopping threads took: 0.0000140 seconds
312.379: Application time: 0.0281780 seconds
312.379: [Full GC312.379: [Tenured: 71040K->71039K(71040K), 0.0809410 secs] 102975K->80541K(102976K), [Perm : 8848K->8848K(21248K)], 0.0809870 secs] [Times: user=0.09 sys=0.00, real=0.08 secs] 
312.460: Total time for which application threads were stopped: 0.0810820 seconds, Stopping threads took: 0.0000140 seconds
312.488: Application time: 0.0276270 seconds
312.488: [Full GC312.488: [Tenured: 71039K->71039K(71040K), 0.0963830 secs] 102975K->75967K(102976K), [Perm : 8848K->8848K(21248K)], 0.0964300 secs] [Times: user=0.10 sys=0.00, real=0.09 secs] 
312.584: Total time for which application threads were stopped: 0.0965200 seconds, Stopping threads took: 0.0000120 seconds
312.613: Application time: 0.0283690 seconds
312.613: [Full GC312.613: [Tenured: 71039K->71039K(71040K), 0.0793240 secs] 102975K->78281K(102976K), [Perm : 8848K->8848K(21248K)], 0.0793680 secs] [Times: user=0.08 sys=0.00, real=0.08 secs] 
312.692: Total time for which application threads were stopped: 0.0794730 seconds, Stopping threads took: 0.0000140 seconds
312.718: Application time: 0.0256720 seconds
312.718: [Full GC312.718: [Tenured: 71039K->71039K(71040K), 0.0788720 secs] 102975K->77994K(102976K), [Perm : 8848K->8848K(21248K)], 0.0789160 secs] [Times: user=0.08 sys=0.00, real=0.08 secs] 
312.797: Total time for which application threads were stopped: 0.0790070 seconds, Stopping threads took: 0.0000140 seconds
312.822: Application time: 0.0248910 seconds
312.822: [Full GC312.822: [Tenured: 71039K->71039K(71040K), 0.0782710 secs] 102975K->77840K(102976K), [Perm : 8848K->8848K(21248K)], 0.0783150 secs] [Times: user=0.07 sys=0.00, real=0.08 secs] 
312.900: Total time for which application threads were stopped: 0.0784050 seconds, Stopping threads took: 0.0000130 seconds
312.923: Application time: 0.0233450 seconds
312.923: [Full GC312.923: [Tenured: 71039K->71039K(71040K), 0.0949040 secs] 102975K->78252K(102976K), [Perm : 8848K->8848K(21248K)], 0.0949520 secs] [Times: user=0.09 sys=0.00, real=0.09 secs] 
313.018: Total time for which application threads were stopped: 0.0950470 seconds, Stopping threads took: 0.0000140 seconds
313.044: Application time: 0.0252400 seconds
313.044: [Full GC313.044: [Tenured: 71039K->71039K(71040K), 0.0931240 secs] 102975K->77482K(102976K), [Perm : 8848K->8848K(21248K)], 0.0931680 secs] [Times: user=0.09 sys=0.00, real=0.09 secs] 
313.137: Total time for which application threads were stopped: 0.0932700 seconds, Stopping threads took: 0.0000140 seconds
313.161: Application time: 0.0238620 seconds
313.161: [Full GC313.161: [Tenured: 71039K->71039K(71040K), 0.0770570 secs] 102975K->78645K(102976K), [Perm : 8848K->8848K(21248K)], 0.0771000 secs] [Times: user=0.08 sys=0.00, real=0.07 secs] 
313.238: Total time for which application threads were stopped: 0.0771990 seconds, Stopping threads took: 0.0000120 seconds
313.263: Application time: 0.0248760 seconds
313.263: [Full GC313.263: [Tenured: 71039K->71039K(71040K), 0.0783930 secs] 102975K->79274K(102976K), [Perm : 8848K->8848K(21248K)], 0.0784390 secs] [Times: user=0.08 sys=0.00, real=0.08 secs] 
313.341: Total time for which application threads were stopped: 0.0785320 seconds, Stopping threads took: 0.0000140 seconds
313.367: Application time: 0.0253980 seconds
313.367: [Full GC313.367: [Tenured: 71039K->71040K(71040K), 0.0956220 secs] 102975K->75979K(102976K), [Perm : 8848K->8848K(21248K)], 0.0956690 secs] [Times: user=0.09 sys=0.00, real=0.10 secs] 
313.463: Total time for which application threads were stopped: 0.0957590 seconds, Stopping threads took: 0.0000140 seconds
313.489: Application time: 0.0262850 seconds
313.489: [Full GC313.489: [Tenured: 71040K->71040K(71040K), 0.0770230 secs] 102975K->75999K(102976K), [Perm : 8848K->8848K(21248K)], 0.0770670 secs] [Times: user=0.08 sys=0.00, real=0.07 secs] 
313.566: Total time for which application threads were stopped: 0.0771590 seconds, Stopping threads took: 0.0000140 seconds
313.592: Application time: 0.0264930 seconds
313.593: [Full GC313.593: [Tenured: 71040K->71040K(71040K), 0.0770050 secs] 102976K->76972K(102976K), [Perm : 8848K->8848K(21248K)], 0.0770510 secs] [Times: user=0.07 sys=0.00, real=0.08 secs] 
313.670: Total time for which application threads were stopped: 0.0771430 seconds, Stopping threads took: 0.0000140 seconds
313.695: Application time: 0.0253760 seconds
313.695: [Full GC313.695: [Tenured: 71040K->71040K(71040K), 0.0768700 secs] 102975K->76618K(102976K), [Perm : 8848K->8848K(21248K)], 0.0769120 secs] [Times: user=0.08 sys=0.00, real=0.08 secs] 
313.772: Total time for which application threads were stopped: 0.0770180 seconds, Stopping threads took: 0.0000140 seconds
313.798: Application time: 0.0260540 seconds
313.798: [Full GC313.798: [Tenured: 71040K->71039K(71040K), 0.0946070 secs] 102975K->75985K(102976K), [Perm : 8848K->8848K(21248K)], 0.0946520 secs] [Times: user=0.10 sys=0.00, real=0.10 secs] 
313.893: Total time for which application threads were stopped: 0.0947480 seconds, Stopping threads took: 0.0000150 seconds
313.919: Application time: 0.0262700 seconds
313.919: [Full GC313.919: [Tenured: 71039K->71039K(71040K), 0.0781230 secs] 102975K->76297K(102976K), [Perm : 8848K->8848K(21248K)], 0.0781680 secs] [Times: user=0.08 sys=0.00, real=0.07 secs] 
313.997: Total time for which application threads were stopped: 0.0782740 seconds, Stopping threads took: 0.0000130 seconds
314.023: Application time: 0.0259810 seconds
314.023: [Full GC314.023: [Tenured: 71039K->71039K(71040K), 0.0780150 secs] 102975K->77910K(102976K), [Perm : 8848K->8848K(21248K)], 0.0780590 secs] [Times: user=0.08 sys=0.00, real=0.08 secs] 
314.102: Total time for which application threads were stopped: 0.0781510 seconds, Stopping threads took: 0.0000140 seconds
314.126: Application time: 0.0242440 seconds
314.126: [Full GC314.126: [Tenured: 71039K->71039K(71040K), 0.0773510 secs] 102975K->77740K(102976K), [Perm : 8848K->8848K(21248K)], 0.0773940 secs] [Times: user=0.08 sys=0.00, real=0.08 secs] 
314.203: Total time for which application threads were stopped: 0.0774830 seconds, Stopping threads took: 0.0000140 seconds
314.229: Application time: 0.0258600 seconds
314.229: [Full GC314.229: [Tenured: 71039K->71039K(71040K), 0.0964410 secs] 102975K->78914K(102976K), [Perm : 8848K->8848K(21248K)], 0.0964870 secs] [Times: user=0.10 sys=0.00, real=0.09 secs] 
314.326: Total time for which application threads were stopped: 0.0966040 seconds, Stopping threads took: 0.0000140 seconds
314.352: Application time: 0.0261710 seconds
314.352: [Full GC314.352: [Tenured: 71039K->71039K(71040K), 0.0920400 secs] 102974K->77313K(102976K), [Perm : 8848K->8848K(21248K)], 0.0920850 secs] [Times: user=0.09 sys=0.00, real=0.09 secs] 
314.444: Total time for which application threads were stopped: 0.0921780 seconds, Stopping threads took: 0.0000140 seconds
314.469: Application time: 0.0251730 seconds
314.469: [Full GC314.469: [Tenured: 71039K->71039K(71040K), 0.0794720 secs] 102975K->80062K(102976K), [Perm : 8848K->8848K(21248K)], 0.0795180 secs] [Times: user=0.08 sys=0.00, real=0.08 secs] 
314.549: Total time for which application threads were stopped: 0.0796110 seconds, Stopping threads took: 0.0000130 seconds
314.572: Application time: 0.0233390 seconds
314.572: [Full GC314.572: [Tenured: 71039K->71039K(71040K), 0.0957130 secs] 102975K->78144K(102976K), [Perm : 8848K->8848K(21248K)], 0.0957580 secs] [Times: user=0.10 sys=0.00, real=0.10 secs] 
314.668: Total time for which application threads were stopped: 0.0958520 seconds, Stopping threads took: 0.0000130 seconds
314.693: Application time: 0.0253900 seconds
314.694: [Full GC314.694: [Tenured: 71039K->71040K(71040K), 0.0981310 secs] 102975K->77446K(102976K), [Perm : 8848K->8848K(21248K)], 0.0981760 secs] [Times: user=0.09 sys=0.00, real=0.10 secs] 
314.792: Total time for which application threads were stopped: 0.0982660 seconds, Stopping threads took: 0.0000140 seconds
314.819: Application time: 0.0268820 seconds
314.819: [Full GC314.819: [Tenured: 71040K->71039K(71040K), 0.0958940 secs] 102975K->74393K(102976K), [Perm : 8848K->8848K(21248K)], 0.0959420 secs] [Times: user=0.10 sys=0.00, real=0.10 secs] 
314.915: Total time for which application threads were stopped: 0.0960460 seconds, Stopping threads took: 0.0000130 seconds
314.942: Application time: 0.0270540 seconds
314.942: [Full GC314.942: [Tenured: 71039K->71039K(71040K), 0.0946880 secs] 102975K->79404K(102976K), [Perm : 8848K->8848K(21248K)], 0.0947320 secs] [Times: user=0.09 sys=0.00, real=0.09 secs] 
315.037: Total time for which application threads were stopped: 0.0948200 seconds, Stopping threads took: 0.0000130 seconds
315.064: Application time: 0.0274570 seconds
315.064: [Full GC315.064: [Tenured: 71039K->71039K(71040K), 0.0972910 secs] 102975K->77124K(102976K), [Perm : 8848K->8848K(21248K)], 0.0973360 secs] [Times: user=0.09 sys=0.00, real=0.10 secs] 
315.161: Total time for which application threads were stopped: 0.0974260 seconds, Stopping threads took: 0.0000140 seconds
315.188: Application time: 0.0270100 seconds
315.188: [Full GC315.188: [Tenured: 71040K->71040K(71040K), 0.0963170 secs] 102976K->76280K(102976K), [Perm : 8848K->8848K(21248K)], 0.0963620 secs] [Times: user=0.10 sys=0.00, real=0.09 secs] 
315.285: Total time for which application threads were stopped: 0.0964550 seconds, Stopping threads took: 0.0000130 seconds
315.313: Application time: 0.0278610 seconds
315.313: [Full GC315.313: [Tenured: 71040K->71039K(71040K), 0.0971730 secs] 102975K->76408K(102976K), [Perm : 8848K->8848K(21248K)], 0.0972200 secs] [Times: user=0.10 sys=0.00, real=0.10 secs] 
315.410: Total time for which application threads were stopped: 0.0973130 seconds, Stopping threads took: 0.0000130 seconds
315.439: Application time: 0.0290550 seconds
315.439: [Full GC315.439: [Tenured: 71039K->71039K(71040K), 0.0972360 secs] 102975K->75307K(102976K), [Perm : 8848K->8848K(21248K)], 0.0972910 secs] [Times: user=0.10 sys=0.00, real=0.09 secs] 
315.538: Total time for which application threads were stopped: 0.0989280 seconds, Stopping threads took: 0.0000140 seconds
315.567: Application time: 0.0290240 seconds
315.567: [Full GC315.567: [Tenured: 71039K->71040K(71040K), 0.0975480 secs] 102975K->80522K(102976K), [Perm : 8848K->8848K(21248K)], 0.0975940 secs] [Times: user=0.10 sys=0.00, real=0.09 secs] 
315.665: Total time for which application threads were stopped: 0.0976860 seconds, Stopping threads took: 0.0000140 seconds
315.690: Application time: 0.0254450 seconds
315.690: [Full GC315.690: [Tenured: 71040K->71039K(71040K), 0.0985760 secs] 102976K->76786K(102976K), [Perm : 8848K->8848K(21248K)], 0.0986300 secs] [Times: user=0.10 sys=0.00, real=0.10 secs] 
315.789: Total time for which application threads were stopped: 0.0987230 seconds, Stopping threads took: 0.0000130 seconds
315.819: Application time: 0.0299450 seconds
315.819: [Full GC315.819: [Tenured: 71040K->71040K(71040K), 0.0835600 secs] 102976K->79746K(102976K), [Perm : 8848K->8848K(21248K)], 0.0836090 secs] [Times: user=0.08 sys=0.00, real=0.09 secs] 
315.903: Total time for which application threads were stopped: 0.0837000 seconds, Stopping threads took: 0.0000130 seconds
315.930: Application time: 0.0279010 seconds
315.931: [Full GC315.931: [Tenured: 71040K->71039K(71040K), 0.0826600 secs] 102976K->79368K(102976K), [Perm : 8848K->8848K(21248K)], 0.0827060 secs] [Times: user=0.08 sys=0.00, real=0.08 secs] 
316.013: Total time for which application threads were stopped: 0.0828000 seconds, Stopping threads took: 0.0000130 seconds
316.040: Application time: 0.0266300 seconds
316.040: [Full GC316.040: [Tenured: 71039K->71039K(71040K), 0.0806740 secs] 102975K->80098K(102976K), [Perm : 8848K->8848K(21248K)], 0.0807210 secs] [Times: user=0.08 sys=0.00, real=0.08 secs] 
316.121: Total time for which application threads were stopped: 0.0808240 seconds, Stopping threads took: 0.0000130 seconds
316.148: Application time: 0.0273180 seconds
316.148: [Full GC316.148: [Tenured: 71039K->71039K(71040K), 0.0986820 secs] 102975K->76373K(102976K), [Perm : 8848K->8848K(21248K)], 0.0987310 secs] [Times: user=0.10 sys=0.00, real=0.09 secs] 
316.247: Total time for which application threads were stopped: 0.0988270 seconds, Stopping threads took: 0.0000140 seconds
316.274: Application time: 0.0267050 seconds
316.274: [Full GC316.274: [Tenured: 71040K->71040K(71040K), 0.0788430 secs] 102976K->76596K(102976K), [Perm : 8848K->8848K(21248K)], 0.0788890 secs] [Times: user=0.08 sys=0.00, real=0.08 secs] 
316.353: Total time for which application threads were stopped: 0.0789820 seconds, Stopping threads took: 0.0000140 seconds
316.380: Application time: 0.0270670 seconds
316.380: [Full GC316.380: [Tenured: 71040K->71040K(71040K), 0.0833310 secs] 102975K->79472K(102976K), [Perm : 8848K->8848K(21248K)], 0.0833750 secs] [Times: user=0.08 sys=0.00, real=0.08 secs] 
316.463: Total time for which application threads were stopped: 0.0834640 seconds, Stopping threads took: 0.0000140 seconds
316.488: Application time: 0.0252890 seconds
316.488: [Full GC316.488: [Tenured: 71040K->71039K(71040K), 0.0959930 secs] 102976K->74533K(102976K), [Perm : 8848K->8848K(21248K)], 0.0960390 secs] [Times: user=0.09 sys=0.00, real=0.09 secs] 
316.585: Total time for which application threads were stopped: 0.0961320 seconds, Stopping threads took: 0.0000130 seconds
316.608: Application time: 0.0237610 seconds
316.608: [Full GC316.608: [Tenured: 71039K->71039K(71040K), 0.0828760 secs] 102975K->75727K(102976K), [Perm : 8848K->8848K(21248K)], 0.0829210 secs] [Times: user=0.09 sys=0.00, real=0.08 secs] 
316.691: Total time for which application threads were stopped: 0.0830240 seconds, Stopping threads took: 0.0000140 seconds
316.718: Application time: 0.0263180 seconds
316.718: [Full GC316.718: [Tenured: 71039K->71039K(71040K), 0.0784390 secs] 102975K->75958K(102976K), [Perm : 8848K->8848K(21248K)], 0.0784830 secs] [Times: user=0.08 sys=0.00, real=0.08 secs] 
316.796: Total time for which application threads were stopped: 0.0785750 seconds, Stopping threads took: 0.0000130 seconds
316.822: Application time: 0.0255570 seconds
316.822: [Full GC316.822: [Tenured: 71039K->71039K(71040K), 0.0778170 secs] 102975K->76002K(102976K), [Perm : 8848K->8848K(21248K)], 0.0778590 secs] [Times: user=0.07 sys=0.00, real=0.08 secs] 
316.900: Total time for which application threads were stopped: 0.0779500 seconds, Stopping threads took: 0.0000140 seconds
316.926: Application time: 0.0263130 seconds
316.926: [Full GC316.926: [Tenured: 71039K->71039K(71040K), 0.0777900 secs] 102975K->76987K(102976K), [Perm : 8848K->8848K(21248K)], 0.0778330 secs] [Times: user=0.08 sys=0.00, real=0.08 secs] 
317.004: Total time for which application threads were stopped: 0.0779230 seconds, Stopping threads took: 0.0000140 seconds
317.029: Application time: 0.0247900 seconds
317.029: [Full GC317.029: [Tenured: 71039K->71040K(71040K), 0.0931500 secs] 102975K->75849K(102976K), [Perm : 8848K->8848K(21248K)], 0.0931990 secs] [Times: user=0.10 sys=0.00, real=0.09 secs] 
317.122: Total time for which application threads were stopped: 0.0932940 seconds, Stopping threads took: 0.0000130 seconds
317.146: Application time: 0.0241200 seconds
317.146: [Full GC317.146: [Tenured: 71040K->71040K(71040K), 0.0796410 secs] 102975K->76440K(102976K), [Perm : 8848K->8848K(21248K)], 0.0796890 secs] [Times: user=0.08 sys=0.00, real=0.08 secs] 
317.226: Total time for which application threads were stopped: 0.0797920 seconds, Stopping threads took: 0.0000140 seconds
317.252: Application time: 0.0255600 seconds
317.252: [Full GC317.252: [Tenured: 71040K->71040K(71040K), 0.0791560 secs] 102976K->77226K(102976K), [Perm : 8848K->8848K(21248K)], 0.0792030 secs] [Times: user=0.08 sys=0.00, real=0.08 secs] 
317.331: Total time for which application threads were stopped: 0.0792930 seconds, Stopping threads took: 0.0000140 seconds
317.355: Application time: 0.0237220 seconds
317.355: [Full GC317.355: [Tenured: 71040K->71040K(71040K), 0.0777680 secs] 102976K->78065K(102976K), [Perm : 8848K->8848K(21248K)], 0.0778140 secs] [Times: user=0.08 sys=0.00, real=0.08 secs] 
317.432: Total time for which application threads were stopped: 0.0779060 seconds, Stopping threads took: 0.0000140 seconds
317.458: Application time: 0.0256440 seconds
317.458: [Full GC317.458: [Tenured: 71040K->71039K(71040K), 0.0931130 secs] 102975K->76167K(102976K), [Perm : 8848K->8848K(21248K)], 0.0931590 secs] [Times: user=0.09 sys=0.00, real=0.10 secs] 
317.551: Total time for which application threads were stopped: 0.0932530 seconds, Stopping threads took: 0.0000130 seconds
317.578: Application time: 0.0265440 seconds
317.578: [Full GC317.578: [Tenured: 71039K->71039K(71040K), 0.0772200 secs] 102975K->76046K(102976K), [Perm : 8848K->8848K(21248K)], 0.0772630 secs] [Times: user=0.08 sys=0.00, real=0.08 secs] 
317.655: Total time for which application threads were stopped: 0.0773540 seconds, Stopping threads took: 0.0000140 seconds
317.680: Application time: 0.0246300 seconds
317.680: [Full GC317.680: [Tenured: 71039K->71039K(71040K), 0.0771240 secs] 102975K->76086K(102976K), [Perm : 8848K->8848K(21248K)], 0.0771690 secs] [Times: user=0.07 sys=0.00, real=0.07 secs] 
317.757: Total time for which application threads were stopped: 0.0772740 seconds, Stopping threads took: 0.0000140 seconds
317.784: Application time: 0.0264660 seconds
317.784: [Full GC317.784: [Tenured: 71039K->71039K(71040K), 0.0793650 secs] 102975K->78122K(102976K), [Perm : 8848K->8848K(21248K)], 0.0794080 secs] [Times: user=0.08 sys=0.00, real=0.08 secs] 
317.863: Total time for which application threads were stopped: 0.0795020 seconds, Stopping threads took: 0.0000140 seconds
317.890: Application time: 0.0264560 seconds
317.890: [Full GC317.890: [Tenured: 71039K->71039K(71040K), 0.0956720 secs] 102975K->73835K(102976K), [Perm : 8848K->8848K(21248K)], 0.0957170 secs] [Times: user=0.09 sys=0.00, real=0.09 secs] 
317.985: Total time for which application threads were stopped: 0.0958110 seconds, Stopping threads took: 0.0000140 seconds
318.012: Application time: 0.0261200 seconds
318.012: [Full GC318.012: [Tenured: 71039K->71039K(71040K), 0.0817550 secs] 102975K->78027K(102976K), [Perm : 8848K->8848K(21248K)], 0.0818020 secs] [Times: user=0.08 sys=0.00, real=0.08 secs] 
318.093: Total time for which application threads were stopped: 0.0818940 seconds, Stopping threads took: 0.0000130 seconds
318.119: Application time: 0.0256370 seconds
318.119: [Full GC318.119: [Tenured: 71039K->71038K(71040K), 0.0954900 secs] 102975K->76463K(102976K), [Perm : 8848K->8848K(21248K)], 0.0955390 secs] [Times: user=0.10 sys=0.00, real=0.09 secs] 
318.215: Total time for which application threads were stopped: 0.0956410 seconds, Stopping threads took: 0.0000140 seconds
318.240: Application time: 0.0257350 seconds
318.240: [Full GC318.241: [Tenured: 71040K->71039K(71040K), 0.0955710 secs] 102975K->77709K(102976K), [Perm : 8848K->8848K(21248K)], 0.0956170 secs] [Times: user=0.10 sys=0.00, real=0.09 secs] 
318.336: Total time for which application threads were stopped: 0.0957200 seconds, Stopping threads took: 0.0000140 seconds
318.362: Application time: 0.0263530 seconds
318.363: [Full GC318.363: [Tenured: 71039K->71039K(71040K), 0.0968750 secs] 102975K->73706K(102976K), [Perm : 8848K->8848K(21248K)], 0.0969210 secs] [Times: user=0.09 sys=0.00, real=0.10 secs] 
318.460: Total time for which application threads were stopped: 0.0970130 seconds, Stopping threads took: 0.0000140 seconds
318.487: Application time: 0.0276500 seconds
318.487: [Full GC318.487: [Tenured: 71039K->71039K(71040K), 0.0818460 secs] 102975K->78436K(102976K), [Perm : 8848K->8848K(21248K)], 0.0818910 secs] [Times: user=0.08 sys=0.00, real=0.08 secs] 
318.569: Total time for which application threads were stopped: 0.0819830 seconds, Stopping threads took: 0.0000130 seconds
318.597: Application time: 0.0276160 seconds
318.597: [Full GC318.597: [Tenured: 71039K->71039K(71040K), 0.0955710 secs] 102975K->78247K(102976K), [Perm : 8848K->8848K(21248K)], 0.0956160 secs] [Times: user=0.09 sys=0.00, real=0.10 secs] 
318.692: Total time for which application threads were stopped: 0.0957100 seconds, Stopping threads took: 0.0000130 seconds
318.718: Application time: 0.0257410 seconds
318.718: [Full GC318.718: [Tenured: 71039K->71039K(71040K), 0.0960480 secs] 102975K->81413K(102976K), [Perm : 8848K->8848K(21248K)], 0.0960940 secs] [Times: user=0.10 sys=0.00, real=0.10 secs] 
318.814: Total time for which application threads were stopped: 0.0961940 seconds, Stopping threads took: 0.0000140 seconds
318.839: Application time: 0.0242390 seconds
318.839: [Full GC318.839: [Tenured: 71039K->71039K(71040K), 0.0998480 secs] 102975K->75084K(102976K), [Perm : 8848K->8848K(21248K)], 0.0998950 secs] [Times: user=0.10 sys=0.00, real=0.10 secs] 
318.939: Total time for which application threads were stopped: 0.1000030 seconds, Stopping threads took: 0.0000140 seconds
318.967: Application time: 0.0285440 seconds
318.967: [Full GC318.967: [Tenured: 71039K->71039K(71040K), 0.0845150 secs] 102975K->80312K(102976K), [Perm : 8848K->8848K(21248K)], 0.0845620 secs] [Times: user=0.08 sys=0.00, real=0.08 secs] 
319.052: Total time for which application threads were stopped: 0.0846540 seconds, Stopping threads took: 0.0000130 seconds
319.079: Application time: 0.0267310 seconds
319.079: [Full GC319.079: [Tenured: 71039K->71039K(71040K), 0.1015880 secs] 102975K->80638K(102976K), [Perm : 8848K->8848K(21248K)], 0.1016320 secs] [Times: user=0.10 sys=0.00, real=0.11 secs] 
319.180: Total time for which application threads were stopped: 0.1017280 seconds, Stopping threads took: 0.0000140 seconds
319.207: Application time: 0.0266960 seconds
319.207: [Full GC319.207: [Tenured: 71039K->71039K(71040K), 0.0828760 secs] 102975K->79667K(102976K), [Perm : 8848K->8848K(21248K)], 0.0829230 secs] [Times: user=0.08 sys=0.00, real=0.08 secs] 
319.290: Total time for which application threads were stopped: 0.0830160 seconds, Stopping threads took: 0.0000130 seconds
319.320: Application time: 0.0296890 seconds
319.320: [Full GC319.320: [Tenured: 71039K->71039K(71040K), 0.0985560 secs] 102975K->75711K(102976K), [Perm : 8848K->8848K(21248K)], 0.0986010 secs] [Times: user=0.10 sys=0.00, real=0.09 secs] 
319.418: Total time for which application threads were stopped: 0.0986960 seconds, Stopping threads took: 0.0000120 seconds
319.448: Application time: 0.0297900 seconds
319.448: [Full GC319.448: [Tenured: 71039K->71039K(71040K), 0.0823310 secs] 102975K->77919K(102976K), [Perm : 8848K->8848K(21248K)], 0.0823770 secs] [Times: user=0.08 sys=0.00, real=0.08 secs] 
319.531: Total time for which application threads were stopped: 0.0824880 seconds, Stopping threads took: 0.0000140 seconds
319.560: Application time: 0.0288650 seconds
319.560: [Full GC319.560: [Tenured: 71039K->71039K(71040K), 0.0812310 secs] 102975K->79804K(102976K), [Perm : 8848K->8848K(21248K)], 0.0812840 secs] [Times: user=0.08 sys=0.00, real=0.08 secs] 
319.641: Total time for which application threads were stopped: 0.0813810 seconds, Stopping threads took: 0.0000140 seconds
319.669: Application time: 0.0284750 seconds
319.669: [Full GC319.670: [Tenured: 71039K->71039K(71040K), 0.0799740 secs] 102975K->79403K(102976K), [Perm : 8848K->8848K(21248K)], 0.0800210 secs] [Times: user=0.08 sys=0.00, real=0.08 secs] 
319.750: Total time for which application threads were stopped: 0.0801180 seconds, Stopping threads took: 0.0000130 seconds
319.776: Application time: 0.0267460 seconds
319.776: [Full GC319.776: [Tenured: 71039K->71039K(71040K), 0.0988210 secs] 102975K->77930K(102976K), [Perm : 8848K->8848K(21248K)], 0.0988650 secs] [Times: user=0.10 sys=0.00, real=0.10 secs] 
319.875: Total time for which application threads were stopped: 0.0989610 seconds, Stopping threads took: 0.0000140 seconds
319.901: Application time: 0.0253140 seconds
319.901: [Full GC319.901: [Tenured: 71039K->71040K(71040K), 0.0933510 secs] 102975K->77438K(102976K), [Perm : 8848K->8848K(21248K)], 0.0933960 secs] [Times: user=0.09 sys=0.00, real=0.09 secs] 
319.994: Total time for which application threads were stopped: 0.0934900 seconds, Stopping threads took: 0.0000130 seconds
320.020: Application time: 0.0259500 seconds
320.020: [Full GC320.020: [Tenured: 71040K->71040K(71040K), 0.0793400 secs] 102975K->78756K(102976K), [Perm : 8848K->8848K(21248K)], 0.0793840 secs] [Times: user=0.08 sys=0.00, real=0.08 secs] 
320.100: Total time for which application threads were stopped: 0.0794940 seconds, Stopping threads took: 0.0000140 seconds
320.125: Application time: 0.0253130 seconds
320.125: [Full GC320.125: [Tenured: 71040K->71040K(71040K), 0.0809110 secs] 102975K->79264K(102976K), [Perm : 8848K->8848K(21248K)], 0.0809570 secs] [Times: user=0.09 sys=0.00, real=0.08 secs] 
320.206: Total time for which application threads were stopped: 0.0810530 seconds, Stopping threads took: 0.0000130 seconds
320.232: Application time: 0.0259450 seconds
320.232: [Full GC320.232: [Tenured: 71040K->71039K(71040K), 0.0950040 secs] 102975K->75922K(102976K), [Perm : 8848K->8848K(21248K)], 0.0950520 secs] [Times: user=0.10 sys=0.00, real=0.09 secs] 
320.327: Total time for which application threads were stopped: 0.0951480 seconds, Stopping threads took: 0.0000140 seconds
320.353: Application time: 0.0263360 seconds
320.353: [Full GC320.353: [Tenured: 71039K->71039K(71040K), 0.0773950 secs] 102975K->76124K(102976K), [Perm : 8848K->8848K(21248K)], 0.0774380 secs] [Times: user=0.08 sys=0.00, real=0.08 secs] 
320.431: Total time for which application threads were stopped: 0.0775340 seconds, Stopping threads took: 0.0000140 seconds
320.456: Application time: 0.0255740 seconds
320.456: [Full GC320.457: [Tenured: 71039K->71039K(71040K), 0.0780800 secs] 102975K->76902K(102976K), [Perm : 8848K->8848K(21248K)], 0.0781250 secs] [Times: user=0.08 sys=0.00, real=0.08 secs] 
320.535: Total time for which application threads were stopped: 0.0782220 seconds, Stopping threads took: 0.0000130 seconds
320.560: Application time: 0.0253680 seconds
320.560: [Full GC320.560: [Tenured: 71039K->71039K(71040K), 0.0781430 secs] 102975K->77282K(102976K), [Perm : 8848K->8848K(21248K)], 0.0781980 secs] [Times: user=0.08 sys=0.00, real=0.07 secs] 
320.638: Total time for which application threads were stopped: 0.0783070 seconds, Stopping threads took: 0.0000130 seconds
320.664: Application time: 0.0258570 seconds
320.664: [Full GC320.664: [Tenured: 71039K->71038K(71040K), 0.0946580 secs] 102975K->75805K(102976K), [Perm : 8848K->8848K(21248K)], 0.0947040 secs] [Times: user=0.10 sys=0.00, real=0.09 secs] 
320.759: Total time for which application threads were stopped: 0.0948030 seconds, Stopping threads took: 0.0000150 seconds
320.784: Application time: 0.0254700 seconds
320.785: [Full GC320.785: [Tenured: 71039K->71039K(71040K), 0.0790450 secs] 102975K->77543K(102976K), [Perm : 8848K->8848K(21248K)], 0.0790970 secs] [Times: user=0.07 sys=0.00, real=0.08 secs] 
320.864: Total time for which application threads were stopped: 0.0792010 seconds, Stopping threads took: 0.0000240 seconds
320.889: Application time: 0.0255200 seconds
320.889: [Full GC320.889: [Tenured: 71039K->71039K(71040K), 0.0780240 secs] 102975K->77259K(102976K), [Perm : 8848K->8848K(21248K)], 0.0780680 secs] [Times: user=0.08 sys=0.00, real=0.08 secs] 
320.967: Total time for which application threads were stopped: 0.0781640 seconds, Stopping threads took: 0.0000140 seconds
320.990: Application time: 0.0226870 seconds
320.990: [Full GC320.990: [Tenured: 71039K->71039K(71040K), 0.0795180 secs] 102975K->78533K(102976K), [Perm : 8848K->8848K(21248K)], 0.0795670 secs] [Times: user=0.08 sys=0.00, real=0.08 secs] 
321.070: Total time for which application threads were stopped: 0.0796630 seconds, Stopping threads took: 0.0000150 seconds
321.095: Application time: 0.0257450 seconds
321.096: [Full GC321.096: [Tenured: 71039K->71040K(71040K), 0.0940370 secs] 102975K->75954K(102976K), [Perm : 8848K->8848K(21248K)], 0.0940830 secs] [Times: user=0.10 sys=0.00, real=0.10 secs] 
321.190: Total time for which application threads were stopped: 0.0941950 seconds, Stopping threads took: 0.0000130 seconds
321.216: Application time: 0.0266920 seconds
321.216: [Full GC321.216: [Tenured: 71040K->71040K(71040K), 0.0779720 secs] 102975K->76018K(102976K), [Perm : 8848K->8848K(21248K)], 0.0780170 secs] [Times: user=0.08 sys=0.00, real=0.08 secs] 
321.294: Total time for which application threads were stopped: 0.0781130 seconds, Stopping threads took: 0.0000150 seconds
321.322: Application time: 0.0270620 seconds
321.322: [Full GC321.322: [Tenured: 71040K->71040K(71040K), 0.0788020 secs] 102975K->75939K(102976K), [Perm : 8848K->8848K(21248K)], 0.0788470 secs] [Times: user=0.08 sys=0.00, real=0.08 secs] 
321.400: Total time for which application threads were stopped: 0.0789420 seconds, Stopping threads took: 0.0000150 seconds
321.426: Application time: 0.0256420 seconds
321.426: [Full GC321.426: [Tenured: 71040K->71040K(71040K), 0.0818070 secs] 102975K->79015K(102976K), [Perm : 8848K->8848K(21248K)], 0.0818520 secs] [Times: user=0.08 sys=0.00, real=0.09 secs] 
321.508: Total time for which application threads were stopped: 0.0819470 seconds, Stopping threads took: 0.0000150 seconds
321.533: Application time: 0.0244770 seconds
321.533: [Full GC321.533: [Tenured: 71040K->71039K(71040K), 0.0974610 secs] 102975K->74997K(102976K), [Perm : 8848K->8848K(21248K)], 0.0975110 secs] [Times: user=0.09 sys=0.00, real=0.10 secs] 
321.630: Total time for which application threads were stopped: 0.0976050 seconds, Stopping threads took: 0.0000130 seconds
321.655: Application time: 0.0247060 seconds
321.655: [Full GC321.655: [Tenured: 71039K->71039K(71040K), 0.0947440 secs] 102975K->79909K(102976K), [Perm : 8848K->8848K(21248K)], 0.0947930 secs] [Times: user=0.10 sys=0.00, real=0.10 secs] 
321.750: Total time for which application threads were stopped: 0.0949010 seconds, Stopping threads took: 0.0000140 seconds
321.775: Application time: 0.0256070 seconds
321.775: [Full GC321.775: [Tenured: 71039K->71039K(71040K), 0.0939170 secs] 102975K->76752K(102976K), [Perm : 8848K->8848K(21248K)], 0.0939640 secs] [Times: user=0.10 sys=0.00, real=0.10 secs] 
321.869: Total time for which application threads were stopped: 0.0940600 seconds, Stopping threads took: 0.0000150 seconds
321.896: Application time: 0.0267710 seconds
321.896: [Full GC321.896: [Tenured: 71040K->71040K(71040K), 0.0953670 secs] 102975K->74125K(102976K), [Perm : 8848K->8848K(21248K)], 0.0954120 secs] [Times: user=0.09 sys=0.00, real=0.10 secs] 
321.992: Total time for which application threads were stopped: 0.0955070 seconds, Stopping threads took: 0.0000140 seconds
322.021: Application time: 0.0291970 seconds
322.021: [Full GC322.021: [Tenured: 71040K->71039K(71040K), 0.0953030 secs] 102976K->75528K(102976K), [Perm : 8848K->8848K(21248K)], 0.0953490 secs] [Times: user=0.09 sys=0.00, real=0.09 secs] 
322.116: Total time for which application threads were stopped: 0.0954520 seconds, Stopping threads took: 0.0000140 seconds
322.144: Application time: 0.0278780 seconds
322.144: [Full GC322.144: [Tenured: 71039K->71039K(71040K), 0.0829020 secs] 102975K->81064K(102976K), [Perm : 8848K->8848K(21248K)], 0.0829440 secs] [Times: user=0.08 sys=0.00, real=0.09 secs] 
322.227: Total time for which application threads were stopped: 0.0830380 seconds, Stopping threads took: 0.0000130 seconds
322.254: Application time: 0.0269630 seconds
322.254: [Full GC322.254: [Tenured: 71039K->71039K(71040K), 0.0960700 secs] 102975K->72508K(102976K), [Perm : 8848K->8848K(21248K)], 0.0961170 secs] [Times: user=0.10 sys=0.00, real=0.10 secs] 
322.350: Total time for which application threads were stopped: 0.0962270 seconds, Stopping threads took: 0.0000140 seconds
322.380: Application time: 0.0290790 seconds
322.380: [Full GC322.380: [Tenured: 71039K->71039K(71040K), 0.0856790 secs] 102975K->79473K(102976K), [Perm : 8848K->8848K(21248K)], 0.0857250 secs] [Times: user=0.09 sys=0.00, real=0.08 secs] 
322.465: Total time for which application threads were stopped: 0.0858210 seconds, Stopping threads took: 0.0000140 seconds
322.489: Application time: 0.0238780 seconds
322.489: [Full GC322.489: [Tenured: 71039K->71039K(71040K), 0.1016180 secs] 102975K->77344K(102976K), [Perm : 8848K->8848K(21248K)], 0.1016670 secs] [Times: user=0.11 sys=0.00, real=0.10 secs] 
322.591: Total time for which application threads were stopped: 0.1017720 seconds, Stopping threads took: 0.0000140 seconds
322.620: Application time: 0.0286120 seconds
322.620: [Full GC322.620: [Tenured: 71039K->71039K(71040K), 0.0852410 secs] 102975K->80425K(102976K), [Perm : 8848K->8848K(21248K)], 0.0852880 secs] [Times: user=0.09 sys=0.00, real=0.08 secs] 
322.705: Total time for which application threads were stopped: 0.0853820 seconds, Stopping threads took: 0.0000130 seconds
322.730: Application time: 0.0254880 seconds
322.731: [Full GC322.731: [Tenured: 71039K->71039K(71040K), 0.1029070 secs] 102975K->78994K(102976K), [Perm : 8848K->8848K(21248K)], 0.1029560 secs] [Times: user=0.11 sys=0.00, real=0.10 secs] 
322.834: Total time for which application threads were stopped: 0.1030520 seconds, Stopping threads took: 0.0000130 seconds
322.862: Application time: 0.0286950 seconds
322.862: [Full GC322.862: [Tenured: 71039K->71039K(71040K), 0.0843820 secs] 102975K->79523K(102976K), [Perm : 8848K->8848K(21248K)], 0.0844300 secs] [Times: user=0.08 sys=0.00, real=0.08 secs] 
322.947: Total time for which application threads were stopped: 0.0845510 seconds, Stopping threads took: 0.0000240 seconds
322.975: Application time: 0.0286750 seconds
322.976: [Full GC322.976: [Tenured: 71039K->71039K(71040K), 0.0997620 secs] 102975K->76397K(102976K), [Perm : 8848K->8848K(21248K)], 0.0998050 secs] [Times: user=0.10 sys=0.00, real=0.10 secs] 
323.075: Total time for which application threads were stopped: 0.0999010 seconds, Stopping threads took: 0.0000140 seconds
323.105: Application time: 0.0292380 seconds
323.105: [Full GC323.105: [Tenured: 71039K->71039K(71040K), 0.0802950 secs] 102975K->77103K(102976K), [Perm : 8848K->8848K(21248K)], 0.0803420 secs] [Times: user=0.08 sys=0.00, real=0.08 secs] 
323.185: Total time for which application threads were stopped: 0.0804390 seconds, Stopping threads took: 0.0000130 seconds
323.214: Application time: 0.0284680 seconds
323.214: [Full GC323.214: [Tenured: 71039K->71039K(71040K), 0.0814150 secs] 102975K->78071K(102976K), [Perm : 8848K->8848K(21248K)], 0.0814590 secs] [Times: user=0.08 sys=0.00, real=0.08 secs] 
323.295: Total time for which application threads were stopped: 0.0815510 seconds, Stopping threads took: 0.0000130 seconds
323.322: Application time: 0.0272340 seconds
323.322: [Full GC323.322: [Tenured: 71039K->71039K(71040K), 0.0964640 secs] 102975K->77340K(102976K), [Perm : 8848K->8848K(21248K)], 0.0965140 secs] [Times: user=0.10 sys=0.00, real=0.09 secs] 
323.419: Total time for which application threads were stopped: 0.0966230 seconds, Stopping threads took: 0.0000150 seconds
323.446: Application time: 0.0274440 seconds
323.446: [Full GC323.446: [Tenured: 71039K->71040K(71040K), 0.0966740 secs] 102974K->75027K(102976K), [Perm : 8848K->8848K(21248K)], 0.0967180 secs] [Times: user=0.10 sys=0.00, real=0.10 secs] 
323.543: Total time for which application threads were stopped: 0.0968240 seconds, Stopping threads took: 0.0000150 seconds
323.570: Application time: 0.0271000 seconds
323.570: [Full GC323.570: [Tenured: 71040K->71040K(71040K), 0.0803230 secs] 102975K->75928K(102976K), [Perm : 8848K->8848K(21248K)], 0.0803700 secs] [Times: user=0.08 sys=0.00, real=0.08 secs] 
323.651: Total time for which application threads were stopped: 0.0804700 seconds, Stopping threads took: 0.0000150 seconds
323.678: Application time: 0.0272540 seconds
323.678: [Full GC323.678: [Tenured: 71040K->71040K(71040K), 0.0788170 secs] 102975K->76023K(102976K), [Perm : 8848K->8848K(21248K)], 0.0788620 secs] [Times: user=0.08 sys=0.00, real=0.08 secs] 
323.757: Total time for which application threads were stopped: 0.0789590 seconds, Stopping threads took: 0.0000140 seconds
323.783: Application time: 0.0261000 seconds
323.783: [Full GC323.783: [Tenured: 71040K->71040K(71040K), 0.0779840 secs] 102975K->75982K(102976K), [Perm : 8848K->8848K(21248K)], 0.0780290 secs] [Times: user=0.08 sys=0.00, real=0.08 secs] 
323.861: Total time for which application threads were stopped: 0.0781250 seconds, Stopping threads took: 0.0000140 seconds
323.886: Application time: 0.0248070 seconds
323.886: [Full GC323.886: [Tenured: 71040K->71040K(71040K), 0.0938690 secs] 102975K->75854K(102976K), [Perm : 8848K->8848K(21248K)], 0.0939110 secs] [Times: user=0.10 sys=0.00, real=0.10 secs] 
323.980: Total time for which application threads were stopped: 0.0940090 seconds, Stopping threads took: 0.0000130 seconds
324.005: Application time: 0.0253190 seconds
324.005: [Full GC324.005: [Tenured: 71040K->71040K(71040K), 0.0781740 secs] 102976K->76190K(102976K), [Perm : 8848K->8848K(21248K)], 0.0782160 secs] [Times: user=0.08 sys=0.00, real=0.08 secs] 
324.084: Total time for which application threads were stopped: 0.0783270 seconds, Stopping threads took: 0.0000140 seconds
324.110: Application time: 0.0261110 seconds
324.110: [Full GC324.110: [Tenured: 71040K->71040K(71040K), 0.0788440 secs] 102975K->75944K(102976K), [Perm : 8848K->8848K(21248K)], 0.0788900 secs] [Times: user=0.08 sys=0.00, real=0.08 secs] 
324.189: Total time for which application threads were stopped: 0.0789860 seconds, Stopping threads took: 0.0000140 seconds
324.213: Application time: 0.0244790 seconds
324.213: [Full GC324.213: [Tenured: 71040K->71040K(71040K), 0.0806230 secs] 102975K->77577K(102976K), [Perm : 8848K->8848K(21248K)], 0.0806710 secs] [Times: user=0.08 sys=0.00, real=0.08 secs] 
324.294: Total time for which application threads were stopped: 0.0807680 seconds, Stopping threads took: 0.0000150 seconds
324.319: Application time: 0.0253090 seconds
324.319: [Full GC324.319: [Tenured: 71040K->71039K(71040K), 0.0949160 secs] 102975K->75555K(102976K), [Perm : 8848K->8848K(21248K)], 0.0949660 secs] [Times: user=0.10 sys=0.00, real=0.09 secs] 
324.414: Total time for which application threads were stopped: 0.0950620 seconds, Stopping threads took: 0.0000150 seconds
324.439: Application time: 0.0245530 seconds
324.439: [Full GC324.439: [Tenured: 71039K->71039K(71040K), 0.0788200 secs] 102975K->76788K(102976K), [Perm : 8848K->8848K(21248K)], 0.0788670 secs] [Times: user=0.08 sys=0.00, real=0.07 secs] 
324.518: Total time for which application threads were stopped: 0.0789650 seconds, Stopping threads took: 0.0000140 seconds
324.544: Application time: 0.0262700 seconds
324.544: [Full GC324.544: [Tenured: 71039K->71039K(71040K), 0.0782590 secs] 102975K->76160K(102976K), [Perm : 8848K->8848K(21248K)], 0.0783050 secs] [Times: user=0.08 sys=0.00, real=0.08 secs] 
324.623: Total time for which application threads were stopped: 0.0784170 seconds, Stopping threads took: 0.0000140 seconds
324.650: Application time: 0.0272920 seconds
324.650: [Full GC324.650: [Tenured: 71039K->71039K(71040K), 0.0785130 secs] 102975K->76168K(102976K), [Perm : 8848K->8848K(21248K)], 0.0785640 secs] [Times: user=0.08 sys=0.00, real=0.08 secs] 
324.729: Total time for which application threads were stopped: 0.0786590 seconds, Stopping threads took: 0.0000140 seconds
324.755: Application time: 0.0265410 seconds
324.755: [Full GC324.755: [Tenured: 71039K->71039K(71040K), 0.0890470 secs] 102975K->75938K(102976K), [Perm : 8848K->8848K(21248K)], 0.0890930 secs] [Times: user=0.09 sys=0.00, real=0.09 secs] 
324.844: Total time for which application threads were stopped: 0.0891940 seconds, Stopping threads took: 0.0000140 seconds
324.871: Application time: 0.0266080 seconds
324.871: [Full GC324.871: [Tenured: 71039K->71039K(71040K), 0.0800210 secs] 102975K->78143K(102976K), [Perm : 8848K->8848K(21248K)], 0.0800690 secs] [Times: user=0.08 sys=0.01, real=0.08 secs] 
324.951: Total time for which application threads were stopped: 0.0801640 seconds, Stopping threads took: 0.0000140 seconds
324.977: Application time: 0.0257990 seconds
324.977: [Full GC324.977: [Tenured: 71039K->71039K(71040K), 0.0973670 secs] 102975K->80031K(102976K), [Perm : 8848K->8848K(21248K)], 0.0974160 secs] [Times: user=0.10 sys=0.00, real=0.10 secs] 
325.074: Total time for which application threads were stopped: 0.0975130 seconds, Stopping threads took: 0.0000140 seconds
325.099: Application time: 0.0248910 seconds
325.099: [Full GC325.099: [Tenured: 71039K->71039K(71040K), 0.0958710 secs] 102975K->76545K(102976K), [Perm : 8848K->8848K(21248K)], 0.0959160 secs] [Times: user=0.10 sys=0.00, real=0.09 secs] 
325.195: Total time for which application threads were stopped: 0.0960280 seconds, Stopping threads took: 0.0000140 seconds
325.219: Application time: 0.0234210 seconds
325.219: [Full GC325.219: [Tenured: 71039K->71039K(71040K), 0.0960350 secs] 102975K->74506K(102976K), [Perm : 8848K->8848K(21248K)], 0.0960820 secs] [Times: user=0.09 sys=0.00, real=0.10 secs] 
325.315: Total time for which application threads were stopped: 0.0961770 seconds, Stopping threads took: 0.0000140 seconds
325.341: Application time: 0.0261060 seconds
325.341: [Full GC325.341: [Tenured: 71040K->71039K(71040K), 0.0953970 secs] 102975K->79646K(102976K), [Perm : 8848K->8848K(21248K)], 0.0954420 secs] [Times: user=0.10 sys=0.00, real=0.09 secs] 
325.437: Total time for which application threads were stopped: 0.0955340 seconds, Stopping threads took: 0.0000130 seconds
325.462: Application time: 0.0257190 seconds
325.462: [Full GC325.462: [Tenured: 71039K->71039K(71040K), 0.0963370 secs] 102975K->74980K(102976K), [Perm : 8848K->8848K(21248K)], 0.0963840 secs] [Times: user=0.10 sys=0.00, real=0.09 secs] 
325.559: Total time for which application threads were stopped: 0.0964820 seconds, Stopping threads took: 0.0000130 seconds
325.585: Application time: 0.0266120 seconds
325.585: [Full GC325.585: [Tenured: 71039K->71039K(71040K), 0.0813440 secs] 102975K->78697K(102976K), [Perm : 8848K->8848K(21248K)], 0.0814010 secs] [Times: user=0.08 sys=0.00, real=0.08 secs] 
325.667: Total time for which application threads were stopped: 0.0814960 seconds, Stopping threads took: 0.0000140 seconds
325.694: Application time: 0.0269300 seconds
325.694: [Full GC325.694: [Tenured: 71039K->71039K(71040K), 0.0989760 secs] 102975K->75843K(102976K), [Perm : 8848K->8848K(21248K)], 0.0990240 secs] [Times: user=0.10 sys=0.00, real=0.10 secs] 
325.793: Total time for which application threads were stopped: 0.0991300 seconds, Stopping threads took: 0.0000150 seconds
325.821: Application time: 0.0282900 seconds
325.821: [Full GC325.821: [Tenured: 71039K->71039K(71040K), 0.0976180 secs] 102975K->76475K(102976K), [Perm : 8848K->8848K(21248K)], 0.0976660 secs] [Times: user=0.10 sys=0.00, real=0.09 secs] 
325.919: Total time for which application threads were stopped: 0.0977740 seconds, Stopping threads took: 0.0000130 seconds
325.946: Application time: 0.0272920 seconds
325.946: [Full GC325.946: [Tenured: 71039K->71039K(71040K), 0.0978120 secs] 102975K->78189K(102976K), [Perm : 8848K->8848K(21248K)], 0.0978580 secs] [Times: user=0.10 sys=0.00, real=0.10 secs] 
326.044: Total time for which application threads were stopped: 0.0979500 seconds, Stopping threads took: 0.0000130 seconds
326.073: Application time: 0.0282890 seconds
326.073: [Full GC326.073: [Tenured: 71039K->71040K(71040K), 0.0995160 secs] 102975K->77202K(102976K), [Perm : 8848K->8848K(21248K)], 0.0995590 secs] [Times: user=0.10 sys=0.00, real=0.10 secs] 
326.172: Total time for which application threads were stopped: 0.0996530 seconds, Stopping threads took: 0.0000130 seconds
326.202: Application time: 0.0297520 seconds
326.202: [Full GC326.202: [Tenured: 71040K->71039K(71040K), 0.0975640 secs] 102975K->75848K(102976K), [Perm : 8848K->8848K(21248K)], 0.0976070 secs] [Times: user=0.09 sys=0.00, real=0.10 secs] 
326.300: Total time for which application threads were stopped: 0.0977120 seconds, Stopping threads took: 0.0000130 seconds
326.330: Application time: 0.0301400 seconds
326.330: [Full GC326.330: [Tenured: 71039K->71039K(71040K), 0.0805340 secs] 102975K->78624K(102976K), [Perm : 8848K->8848K(21248K)], 0.0805820 secs] [Times: user=0.08 sys=0.00, real=0.08 secs] 
326.411: Total time for which application threads were stopped: 0.0806790 seconds, Stopping threads took: 0.0000140 seconds
326.439: Application time: 0.0288760 seconds
326.439: [Full GC326.439: [Tenured: 71039K->71039K(71040K), 0.0802930 secs] 102975K->79407K(102976K), [Perm : 8848K->8848K(21248K)], 0.0803400 secs] [Times: user=0.08 sys=0.00, real=0.08 secs] 
326.520: Total time for which application threads were stopped: 0.0804470 seconds, Stopping threads took: 0.0000250 seconds
326.549: Application time: 0.0290130 seconds
326.549: [Full GC326.549: [Tenured: 71039K->71039K(71040K), 0.0982190 secs] 102975K->75613K(102976K), [Perm : 8848K->8848K(21248K)], 0.0982640 secs] [Times: user=0.10 sys=0.00, real=0.10 secs] 
326.647: Total time for which application threads were stopped: 0.0983620 seconds, Stopping threads took: 0.0000140 seconds
326.676: Application time: 0.0286430 seconds
326.676: [Full GC326.676: [Tenured: 71039K->71039K(71040K), 0.0980150 secs] 102975K->77638K(102976K), [Perm : 8848K->8848K(21248K)], 0.0980620 secs] [Times: user=0.10 sys=0.00, real=0.10 secs] 
326.774: Total time for which application threads were stopped: 0.0981770 seconds, Stopping threads took: 0.0000230 seconds
326.802: Application time: 0.0281300 seconds
326.802: [Full GC326.802: [Tenured: 71040K->71039K(71040K), 0.0960110 secs] 102975K->77256K(102976K), [Perm : 8848K->8848K(21248K)], 0.0960580 secs] [Times: user=0.09 sys=0.00, real=0.09 secs] 
326.898: Total time for which application threads were stopped: 0.0961660 seconds, Stopping threads took: 0.0000140 seconds
326.925: Application time: 0.0270380 seconds
326.925: [Full GC326.925: [Tenured: 71039K->71039K(71040K), 0.0787250 secs] 102975K->78868K(102976K), [Perm : 8848K->8848K(21248K)], 0.0787700 secs] [Times: user=0.07 sys=0.00, real=0.08 secs] 
327.004: Total time for which application threads were stopped: 0.0788690 seconds, Stopping threads took: 0.0000150 seconds
327.030: Application time: 0.0262520 seconds
327.031: [Full GC327.031: [Tenured: 71039K->71039K(71040K), 0.0796680 secs] 102975K->79529K(102976K), [Perm : 8848K->8848K(21248K)], 0.0797150 secs] [Times: user=0.08 sys=0.00, real=0.08 secs] 
327.110: Total time for which application threads were stopped: 0.0798120 seconds, Stopping threads took: 0.0000140 seconds
327.138: Application time: 0.0280390 seconds
327.138: [Full GC327.138: [Tenured: 71040K->71039K(71040K), 0.0967630 secs] 102976K->76034K(102976K), [Perm : 8848K->8848K(21248K)], 0.0968070 secs] [Times: user=0.10 sys=0.00, real=0.10 secs] 
327.235: Total time for which application threads were stopped: 0.0968990 seconds, Stopping threads took: 0.0000140 seconds
327.261: Application time: 0.0261790 seconds
327.261: [Full GC327.262: [Tenured: 71039K->71039K(71040K), 0.0778680 secs] 102975K->76393K(102976K), [Perm : 8848K->8848K(21248K)], 0.0779110 secs] [Times: user=0.08 sys=0.00, real=0.08 secs] 
327.339: Total time for which application threads were stopped: 0.0780140 seconds, Stopping threads took: 0.0000130 seconds
327.364: Application time: 0.0245900 seconds
327.364: [Full GC327.364: [Tenured: 71039K->71039K(71040K), 0.0784490 secs] 102975K->77114K(102976K), [Perm : 8848K->8848K(21248K)], 0.0784940 secs] [Times: user=0.08 sys=0.00, real=0.08 secs] 
327.443: Total time for which application threads were stopped: 0.0786030 seconds, Stopping threads took: 0.0000140 seconds
327.464: Application time: 0.0215970 seconds
327.464: [Full GC327.464: [Tenured: 71039K->71039K(71040K), 0.0787190 secs] 102975K->76895K(102976K), [Perm : 8848K->8848K(21248K)], 0.0787640 secs] [Times: user=0.07 sys=0.00, real=0.08 secs] 
327.543: Total time for which application threads were stopped: 0.0788590 seconds, Stopping threads took: 0.0000150 seconds
327.569: Application time: 0.0256110 seconds
327.569: [Full GC327.569: [Tenured: 71039K->71039K(71040K), 0.0940620 secs] 102975K->76330K(102976K), [Perm : 8848K->8848K(21248K)], 0.0941090 secs] [Times: user=0.09 sys=0.00, real=0.09 secs] 
327.663: Total time for which application threads were stopped: 0.0942160 seconds, Stopping threads took: 0.0000230 seconds
327.689: Application time: 0.0255970 seconds
327.689: [Full GC327.689: [Tenured: 71039K->71039K(71040K), 0.0787380 secs] 102975K->77948K(102976K), [Perm : 8848K->8848K(21248K)], 0.0787820 secs] [Times: user=0.08 sys=0.00, real=0.08 secs] 
327.767: Total time for which application threads were stopped: 0.0788780 seconds, Stopping threads took: 0.0000150 seconds
327.793: Application time: 0.0252000 seconds
327.793: [Full GC327.793: [Tenured: 71039K->71039K(71040K), 0.0768300 secs] 102975K->77905K(102976K), [Perm : 8848K->8848K(21248K)], 0.0768740 secs] [Times: user=0.08 sys=0.00, real=0.08 secs] 
327.870: Total time for which application threads were stopped: 0.0769690 seconds, Stopping threads took: 0.0000140 seconds
327.892: Application time: 0.0220640 seconds
327.892: [Full GC327.892: [Tenured: 71039K->71039K(71040K), 0.0771110 secs] 102975K->77677K(102976K), [Perm : 8848K->8848K(21248K)], 0.0771560 secs] [Times: user=0.07 sys=0.00, real=0.08 secs] 
327.969: Total time for which application threads were stopped: 0.0772670 seconds, Stopping threads took: 0.0000130 seconds
327.994: Application time: 0.0253380 seconds
327.994: [Full GC327.994: [Tenured: 71039K->71039K(71040K), 0.0945010 secs] 102975K->75950K(102976K), [Perm : 8848K->8848K(21248K)], 0.0945480 secs] [Times: user=0.09 sys=0.00, real=0.10 secs] 
328.089: Total time for which application threads were stopped: 0.0946460 seconds, Stopping threads took: 0.0000140 seconds
328.116: Application time: 0.0274600 seconds
328.116: [Full GC328.116: [Tenured: 71039K->71039K(71040K), 0.0775400 secs] 102975K->75988K(102976K), [Perm : 8848K->8848K(21248K)], 0.0775830 secs] [Times: user=0.07 sys=0.00, real=0.08 secs] 
328.194: Total time for which application threads were stopped: 0.0776770 seconds, Stopping threads took: 0.0000130 seconds
328.218: Application time: 0.0244440 seconds
328.219: [Full GC328.219: [Tenured: 71039K->71039K(71040K), 0.0787690 secs] 102975K->76014K(102976K), [Perm : 8848K->8848K(21248K)], 0.0788120 secs] [Times: user=0.07 sys=0.00, real=0.08 secs] 
328.297: Total time for which application threads were stopped: 0.0789060 seconds, Stopping threads took: 0.0000150 seconds
328.324: Application time: 0.0268270 seconds
328.324: [Full GC328.324: [Tenured: 71039K->71039K(71040K), 0.0788940 secs] 102975K->75976K(102976K), [Perm : 8848K->8848K(21248K)], 0.0789370 secs] [Times: user=0.08 sys=0.00, real=0.08 secs] 
328.403: Total time for which application threads were stopped: 0.0790320 seconds, Stopping threads took: 0.0000150 seconds
328.430: Application time: 0.0264520 seconds
328.430: [Full GC328.430: [Tenured: 71039K->71039K(71040K), 0.0994010 secs] 102975K->78811K(102976K), [Perm : 8848K->8848K(21248K)], 0.0994470 secs] [Times: user=0.10 sys=0.00, real=0.10 secs] 
328.529: Total time for which application threads were stopped: 0.0995560 seconds, Stopping threads took: 0.0000140 seconds
328.554: Application time: 0.0249740 seconds
328.554: [Full GC328.554: [Tenured: 71039K->71039K(71040K), 0.0919630 secs] 102975K->77766K(102976K), [Perm : 8848K->8848K(21248K)], 0.0920190 secs] [Times: user=0.10 sys=0.00, real=0.09 secs] 
328.646: Total time for which application threads were stopped: 0.0921170 seconds, Stopping threads took: 0.0000130 seconds
328.670: Application time: 0.0239160 seconds
328.670: [Full GC328.670: [Tenured: 71039K->71040K(71040K), 0.0956510 secs] 102975K->84364K(102976K), [Perm : 8848K->8848K(21248K)], 0.0956980 secs] [Times: user=0.10 sys=0.00, real=0.09 secs] 
328.766: Total time for which application threads were stopped: 0.0957950 seconds, Stopping threads took: 0.0000140 seconds
328.789: Application time: 0.0231250 seconds
328.789: [Full GC328.789: [Tenured: 71040K->71039K(71040K), 0.0950920 secs] 102975K->76607K(102976K), [Perm : 8848K->8848K(21248K)], 0.0951350 secs] [Times: user=0.10 sys=0.00, real=0.09 secs] 
328.884: Total time for which application threads were stopped: 0.0952330 seconds, Stopping threads took: 0.0000140 seconds
328.909: Application time: 0.0250320 seconds
328.910: [Full GC328.910: [Tenured: 71040K->71039K(71040K), 0.0946060 secs] 102975K->72878K(102976K), [Perm : 8848K->8848K(21248K)], 0.0946510 secs] [Times: user=0.09 sys=0.00, real=0.09 secs] 
329.004: Total time for which application threads were stopped: 0.0947490 seconds, Stopping threads took: 0.0000130 seconds
329.030: Application time: 0.0256840 seconds
329.030: [Full GC329.030: [Tenured: 71040K->71039K(71040K), 0.0939880 secs] 102976K->76511K(102976K), [Perm : 8848K->8848K(21248K)], 0.0940310 secs] [Times: user=0.10 sys=0.00, real=0.09 secs] 
329.124: Total time for which application threads were stopped: 0.0941340 seconds, Stopping threads took: 0.0000140 seconds
329.149: Application time: 0.0252320 seconds
329.149: [Full GC329.149: [Tenured: 71039K->71039K(71040K), 0.0931100 secs] 102975K->79164K(102976K), [Perm : 8848K->8848K(21248K)], 0.0931560 secs] [Times: user=0.09 sys=0.00, real=0.09 secs] 
329.243: Total time for which application threads were stopped: 0.0932520 seconds, Stopping threads took: 0.0000130 seconds
329.268: Application time: 0.0250000 seconds
329.268: [Full GC329.268: [Tenured: 71039K->71039K(71040K), 0.0933890 secs] 102975K->74763K(102976K), [Perm : 8848K->8848K(21248K)], 0.0934330 secs] [Times: user=0.09 sys=0.00, real=0.09 secs] 
329.361: Total time for which application threads were stopped: 0.0935270 seconds, Stopping threads took: 0.0000140 seconds
329.391: Application time: 0.0294760 seconds
329.391: [Full GC329.391: [Tenured: 71039K->71039K(71040K), 0.0973960 secs] 102975K->74524K(102976K), [Perm : 8848K->8848K(21248K)], 0.0974420 secs] [Times: user=0.09 sys=0.00, real=0.10 secs] 
329.488: Total time for which application threads were stopped: 0.0975360 seconds, Stopping threads took: 0.0000140 seconds
329.517: Application time: 0.0292850 seconds
329.517: [Full GC329.517: [Tenured: 71040K->71040K(71040K), 0.0827800 secs] 102976K->78478K(102976K), [Perm : 8848K->8848K(21248K)], 0.0828250 secs] [Times: user=0.09 sys=0.00, real=0.09 secs] 
329.600: Total time for which application threads were stopped: 0.0829220 seconds, Stopping threads took: 0.0000140 seconds
329.629: Application time: 0.0289470 seconds
329.629: [Full GC329.629: [Tenured: 71040K->71039K(71040K), 0.0960260 secs] 102975K->80422K(102976K), [Perm : 8848K->8848K(21248K)], 0.0960710 secs] [Times: user=0.10 sys=0.00, real=0.09 secs] 
329.725: Total time for which application threads were stopped: 0.0961830 seconds, Stopping threads took: 0.0000130 seconds
329.750: Application time: 0.0247490 seconds
329.750: [Full GC329.750: [Tenured: 71039K->71039K(71040K), 0.1000820 secs] 102975K->77414K(102976K), [Perm : 8848K->8848K(21248K)], 0.1001290 secs] [Times: user=0.10 sys=0.00, real=0.10 secs] 
329.850: Total time for which application threads were stopped: 0.1002290 seconds, Stopping threads took: 0.0000140 seconds
329.879: Application time: 0.0285420 seconds
329.879: [Full GC329.879: [Tenured: 71039K->71039K(71040K), 0.0982520 secs] 102975K->76621K(102976K), [Perm : 8848K->8848K(21248K)], 0.0983110 secs] [Times: user=0.09 sys=0.01, real=0.10 secs] 
329.977: Total time for which application threads were stopped: 0.0984070 seconds, Stopping threads took: 0.0000140 seconds
330.001: Application time: 0.0241030 seconds
330.002: [Full GC330.002: [Tenured: 71039K->71039K(71040K), 0.0814010 secs] 102975K->77927K(102976K), [Perm : 8848K->8848K(21248K)], 0.0814460 secs] [Times: user=0.08 sys=0.00, real=0.08 secs] 
330.083: Total time for which application threads were stopped: 0.0815410 seconds, Stopping threads took: 0.0000130 seconds
330.109: Application time: 0.0265000 seconds
330.110: [Full GC330.110: [Tenured: 71039K->71039K(71040K), 0.0969480 secs] 102975K->81501K(102976K), [Perm : 8848K->8848K(21248K)], 0.0969950 secs] [Times: user=0.09 sys=0.00, real=0.09 secs] 
330.207: Total time for which application threads were stopped: 0.0970900 seconds, Stopping threads took: 0.0000140 seconds
330.233: Application time: 0.0262340 seconds
330.233: [Full GC330.233: [Tenured: 71040K->71040K(71040K), 0.0967240 secs] 102976K->76699K(102976K), [Perm : 8848K->8848K(21248K)], 0.0967690 secs] [Times: user=0.10 sys=0.00, real=0.10 secs] 
330.330: Total time for which application threads were stopped: 0.0968790 seconds, Stopping threads took: 0.0000130 seconds
330.360: Application time: 0.0299230 seconds
330.360: [Full GC330.360: [Tenured: 71040K->71039K(71040K), 0.0963170 secs] 102976K->75358K(102976K), [Perm : 8848K->8848K(21248K)], 0.0963610 secs] [Times: user=0.10 sys=0.00, real=0.09 secs] 
330.456: Total time for which application threads were stopped: 0.0964570 seconds, Stopping threads took: 0.0000140 seconds
330.482: Application time: 0.0261460 seconds
330.482: [Full GC330.482: [Tenured: 71039K->71039K(71040K), 0.0796430 secs] 102975K->76212K(102976K), [Perm : 8848K->8848K(21248K)], 0.0796880 secs] [Times: user=0.08 sys=0.00, real=0.08 secs] 
330.562: Total time for which application threads were stopped: 0.0797830 seconds, Stopping threads took: 0.0000120 seconds
330.589: Application time: 0.0272080 seconds
330.589: [Full GC330.589: [Tenured: 71039K->71039K(71040K), 0.0787350 secs] 102975K->76129K(102976K), [Perm : 8848K->8848K(21248K)], 0.0787910 secs] [Times: user=0.08 sys=0.00, real=0.08 secs] 
330.668: Total time for which application threads were stopped: 0.0788850 seconds, Stopping threads took: 0.0000150 seconds
330.695: Application time: 0.0264970 seconds
330.695: [Full GC330.695: [Tenured: 71039K->71039K(71040K), 0.0784980 secs] 102975K->77410K(102976K), [Perm : 8848K->8848K(21248K)], 0.0785430 secs] [Times: user=0.08 sys=0.00, real=0.08 secs] 
330.773: Total time for which application threads were stopped: 0.0786380 seconds, Stopping threads took: 0.0000140 seconds
330.800: Application time: 0.0262660 seconds
330.800: [Full GC330.800: [Tenured: 71039K->71040K(71040K), 0.0932050 secs] 102975K->75856K(102976K), [Perm : 8848K->8848K(21248K)], 0.0932520 secs] [Times: user=0.09 sys=0.00, real=0.09 secs] 
330.893: Total time for which application threads were stopped: 0.0933630 seconds, Stopping threads took: 0.0000130 seconds
330.919: Application time: 0.0257190 seconds
330.919: [Full GC330.919: [Tenured: 71040K->71040K(71040K), 0.0797940 secs] 102975K->75987K(102976K), [Perm : 8848K->8848K(21248K)], 0.0798400 secs] [Times: user=0.08 sys=0.00, real=0.08 secs] 
330.999: Total time for which application threads were stopped: 0.0799330 seconds, Stopping threads took: 0.0000150 seconds
331.021: Application time: 0.0226610 seconds
331.021: [Full GC331.021: [Tenured: 71040K->71040K(71040K), 0.0787350 secs] 102975K->77694K(102976K), [Perm : 8848K->8848K(21248K)], 0.0787790 secs] [Times: user=0.08 sys=0.00, real=0.08 secs] 
331.100: Total time for which application threads were stopped: 0.0788730 seconds, Stopping threads took: 0.0000140 seconds
331.125: Application time: 0.0253240 seconds
331.125: [Full GC331.125: [Tenured: 71040K->71040K(71040K), 0.0780400 secs] 102975K->77548K(102976K), [Perm : 8848K->8848K(21248K)], 0.0780910 secs] [Times: user=0.08 sys=0.00, real=0.08 secs] 
331.204: Total time for which application threads were stopped: 0.0781870 seconds, Stopping threads took: 0.0000140 seconds
331.229: Application time: 0.0253770 seconds
331.229: [Full GC331.229: [Tenured: 71040K->71039K(71040K), 0.0942640 secs] 102975K->75625K(102976K), [Perm : 8848K->8848K(21248K)], 0.0943080 secs] [Times: user=0.10 sys=0.00, real=0.09 secs] 
331.323: Total time for which application threads were stopped: 0.0944060 seconds, Stopping threads took: 0.0000140 seconds
331.350: Application time: 0.0266420 seconds
331.350: [Full GC331.350: [Tenured: 71039K->71039K(71040K), 0.0773710 secs] 102975K->76175K(102976K), [Perm : 8848K->8848K(21248K)], 0.0774150 secs] [Times: user=0.08 sys=0.00, real=0.08 secs] 
331.428: Total time for which application threads were stopped: 0.0775190 seconds, Stopping threads took: 0.0000140 seconds
331.454: Application time: 0.0266310 seconds
331.454: [Full GC331.454: [Tenured: 71039K->71039K(71040K), 0.0774030 secs] 102975K->76118K(102976K), [Perm : 8848K->8848K(21248K)], 0.0774450 secs] [Times: user=0.08 sys=0.00, real=0.08 secs] 
331.532: Total time for which application threads were stopped: 0.0775400 seconds, Stopping threads took: 0.0000150 seconds
331.558: Application time: 0.0263680 seconds
331.558: [Full GC331.558: [Tenured: 71039K->71039K(71040K), 0.0778000 secs] 102975K->76147K(102976K), [Perm : 8848K->8848K(21248K)], 0.0778450 secs] [Times: user=0.07 sys=0.00, real=0.08 secs] 
331.636: Total time for which application threads were stopped: 0.0779410 seconds, Stopping threads took: 0.0000150 seconds
331.662: Application time: 0.0255370 seconds
331.662: [Full GC331.662: [Tenured: 71039K->71039K(71040K), 0.0922020 secs] 102975K->75948K(102976K), [Perm : 8848K->8848K(21248K)], 0.0922490 secs] [Times: user=0.10 sys=0.00, real=0.09 secs] 
331.754: Total time for which application threads were stopped: 0.0923490 seconds, Stopping threads took: 0.0000130 seconds
331.781: Application time: 0.0271180 seconds
331.781: [Full GC331.781: [Tenured: 71039K->71039K(71040K), 0.0777960 secs] 102975K->75962K(102976K), [Perm : 8848K->8848K(21248K)], 0.0778410 secs] [Times: user=0.07 sys=0.00, real=0.07 secs] 
331.859: Total time for which application threads were stopped: 0.0779380 seconds, Stopping threads took: 0.0000150 seconds
331.885: Application time: 0.0264800 seconds
331.886: [Full GC331.886: [Tenured: 71039K->71039K(71040K), 0.0808700 secs] 102975K->78069K(102976K), [Perm : 8848K->8848K(21248K)], 0.0809170 secs] [Times: user=0.09 sys=0.00, real=0.08 secs] 
331.966: Total time for which application threads were stopped: 0.0810250 seconds, Stopping threads took: 0.0000140 seconds
331.991: Application time: 0.0242230 seconds
331.991: [Full GC331.991: [Tenured: 71039K->71039K(71040K), 0.0936790 secs] 102975K->78401K(102976K), [Perm : 8848K->8848K(21248K)], 0.0937250 secs] [Times: user=0.09 sys=0.00, real=0.09 secs] 
332.085: Total time for which application threads were stopped: 0.0938220 seconds, Stopping threads took: 0.0000130 seconds
332.110: Application time: 0.0256990 seconds
332.110: [Full GC332.110: [Tenured: 71039K->71039K(71040K), 0.0941740 secs] 102975K->72599K(102976K), [Perm : 8848K->8848K(21248K)], 0.0942190 secs] [Times: user=0.10 sys=0.00, real=0.09 secs] 
332.205: Total time for which application threads were stopped: 0.0943140 seconds, Stopping threads took: 0.0000140 seconds
332.231: Application time: 0.0263250 seconds
332.231: [Full GC332.231: [Tenured: 71039K->71039K(71040K), 0.0803720 secs] 102975K->78731K(102976K), [Perm : 8848K->8848K(21248K)], 0.0804160 secs] [Times: user=0.08 sys=0.00, real=0.08 secs] 
332.311: Total time for which application threads were stopped: 0.0805110 seconds, Stopping threads took: 0.0000120 seconds
332.336: Application time: 0.0243460 seconds
332.336: [Full GC332.336: [Tenured: 71039K->71040K(71040K), 0.0934950 secs] 102975K->72489K(102976K), [Perm : 8848K->8848K(21248K)], 0.0935410 secs] [Times: user=0.10 sys=0.00, real=0.10 secs] 
332.429: Total time for which application threads were stopped: 0.0936450 seconds, Stopping threads took: 0.0000140 seconds
332.458: Application time: 0.0290040 seconds
332.458: [Full GC332.458: [Tenured: 71040K->71040K(71040K), 0.0812120 secs] 102975K->79024K(102976K), [Perm : 8848K->8848K(21248K)], 0.0812570 secs] [Times: user=0.09 sys=0.00, real=0.09 secs] 
332.540: Total time for which application threads were stopped: 0.0813640 seconds, Stopping threads took: 0.0000130 seconds
332.565: Application time: 0.0249450 seconds
332.565: [Full GC332.565: [Tenured: 71040K->71039K(71040K), 0.0984930 secs] 102976K->74234K(102976K), [Perm : 8848K->8848K(21248K)], 0.0985410 secs] [Times: user=0.10 sys=0.00, real=0.10 secs] 
332.663: Total time for which application threads were stopped: 0.0986370 seconds, Stopping threads took: 0.0000140 seconds
332.692: Application time: 0.0287750 seconds
332.692: [Full GC332.692: [Tenured: 71039K->71039K(71040K), 0.0952460 secs] 102975K->78184K(102976K), [Perm : 8848K->8848K(21248K)], 0.0952910 secs] [Times: user=0.09 sys=0.00, real=0.10 secs] 
332.787: Total time for which application threads were stopped: 0.0953830 seconds, Stopping threads took: 0.0000140 seconds
332.812: Application time: 0.0243980 seconds
332.812: [Full GC332.812: [Tenured: 71039K->71039K(71040K), 0.0972530 secs] 102975K->74214K(102976K), [Perm : 8848K->8848K(21248K)], 0.0972980 secs] [Times: user=0.10 sys=0.00, real=0.10 secs] 
332.909: Total time for which application threads were stopped: 0.0973930 seconds, Stopping threads took: 0.0000130 seconds
332.938: Application time: 0.0289740 seconds
332.938: [Full GC332.938: [Tenured: 71039K->71039K(71040K), 0.0984470 secs] 102975K->79695K(102976K), [Perm : 8848K->8848K(21248K)], 0.0984920 secs] [Times: user=0.10 sys=0.00, real=0.10 secs] 
333.037: Total time for which application threads were stopped: 0.0985870 seconds, Stopping threads took: 0.0000140 seconds
333.063: Application time: 0.0262000 seconds
333.063: [Full GC333.063: [Tenured: 71039K->71039K(71040K), 0.1005860 secs] 102975K->77061K(102976K), [Perm : 8848K->8848K(21248K)], 0.1006300 secs] [Times: user=0.10 sys=0.00, real=0.10 secs] 
333.164: Total time for which application threads were stopped: 0.1007340 seconds, Stopping threads took: 0.0000150 seconds
333.194: Application time: 0.0299490 seconds
333.194: [Full GC333.194: [Tenured: 71040K->71040K(71040K), 0.0968440 secs] 102975K->79305K(102976K), [Perm : 8848K->8848K(21248K)], 0.0968900 secs] [Times: user=0.10 sys=0.00, real=0.10 secs] 
333.291: Total time for which application threads were stopped: 0.0969860 seconds, Stopping threads took: 0.0000130 seconds
333.317: Application time: 0.0266270 seconds
333.317: [Full GC333.317: [Tenured: 71040K->71039K(71040K), 0.0986730 secs] 102976K->77144K(102976K), [Perm : 8848K->8848K(21248K)], 0.0987160 secs] [Times: user=0.10 sys=0.00, real=0.10 secs] 
333.416: Total time for which application threads were stopped: 0.0988150 seconds, Stopping threads took: 0.0000140 seconds
333.443: Application time: 0.0263890 seconds
333.443: [Full GC333.443: [Tenured: 71039K->71039K(71040K), 0.0816350 secs] 102975K->78666K(102976K), [Perm : 8848K->8848K(21248K)], 0.0816830 secs] [Times: user=0.08 sys=0.00, real=0.08 secs] 
333.524: Total time for which application threads were stopped: 0.0817790 seconds, Stopping threads took: 0.0000140 seconds
333.551: Application time: 0.0271700 seconds
333.552: [Full GC333.552: [Tenured: 71039K->71039K(71040K), 0.1022620 secs] 102975K->78965K(102976K), [Perm : 8848K->8848K(21248K)], 0.1023080 secs] [Times: user=0.10 sys=0.00, real=0.10 secs] 
333.654: Total time for which application threads were stopped: 0.1024030 seconds, Stopping threads took: 0.0000140 seconds
333.683: Application time: 0.0293910 seconds
333.683: [Full GC333.683: [Tenured: 71039K->71033K(71040K), 0.0987340 secs] 102975K->74296K(102976K), [Perm : 8848K->8848K(21248K)], 0.0987810 secs] [Times: user=0.10 sys=0.00, real=0.10 secs] 
333.782: Total time for which application threads were stopped: 0.0988890 seconds, Stopping threads took: 0.0000130 seconds
333.813: Application time: 0.0309640 seconds
333.813: [Full GC333.813: [Tenured: 71039K->71039K(71040K), 0.0831710 secs] 102975K->77605K(102976K), [Perm : 8848K->8848K(21248K)], 0.0832230 secs] [Times: user=0.08 sys=0.00, real=0.08 secs] 
333.896: Total time for which application threads were stopped: 0.0833170 seconds, Stopping threads took: 0.0000140 seconds
333.925: Application time: 0.0288300 seconds
333.925: [Full GC333.925: [Tenured: 71039K->71039K(71040K), 0.0806280 secs] 102975K->77751K(102976K), [Perm : 8848K->8848K(21248K)], 0.0806750 secs] [Times: user=0.08 sys=0.00, real=0.08 secs] 
334.006: Total time for which application threads were stopped: 0.0807680 seconds, Stopping threads took: 0.0000140 seconds
334.033: Application time: 0.0271500 seconds
334.033: [Full GC334.033: [Tenured: 71039K->71040K(71040K), 0.0945270 secs] 102975K->75965K(102976K), [Perm : 8848K->8848K(21248K)], 0.0945730 secs] [Times: user=0.10 sys=0.00, real=0.10 secs] 
334.128: Total time for which application threads were stopped: 0.0946710 seconds, Stopping threads took: 0.0000140 seconds
334.155: Application time: 0.0274090 seconds
334.155: [Full GC334.155: [Tenured: 71040K->71040K(71040K), 0.0800980 secs] 102976K->76902K(102976K), [Perm : 8848K->8848K(21248K)], 0.0801450 secs] [Times: user=0.08 sys=0.00, real=0.08 secs] 
334.236: Total time for which application threads were stopped: 0.0802510 seconds, Stopping threads took: 0.0000140 seconds
334.262: Application time: 0.0261930 seconds
334.262: [Full GC334.262: [Tenured: 71040K->71040K(71040K), 0.0795860 secs] 102975K->76610K(102976K), [Perm : 8848K->8848K(21248K)], 0.0796320 secs] [Times: user=0.08 sys=0.00, real=0.08 secs] 
334.341: Total time for which application threads were stopped: 0.0797370 seconds, Stopping threads took: 0.0000140 seconds
334.367: Application time: 0.0256610 seconds
334.367: [Full GC334.367: [Tenured: 71040K->71040K(71040K), 0.0779540 secs] 102975K->76988K(102976K), [Perm : 8848K->8848K(21248K)], 0.0779980 secs] [Times: user=0.08 sys=0.00, real=0.07 secs] 
334.445: Total time for which application threads were stopped: 0.0780930 seconds, Stopping threads took: 0.0000130 seconds
334.470: Application time: 0.0247730 seconds
334.470: [Full GC334.470: [Tenured: 71040K->71040K(71040K), 0.0963890 secs] 102975K->76110K(102976K), [Perm : 8848K->8848K(21248K)], 0.0964380 secs] [Times: user=0.10 sys=0.00, real=0.09 secs] 
334.567: Total time for which application threads were stopped: 0.0965360 seconds, Stopping threads took: 0.0000150 seconds
334.589: Application time: 0.0224920 seconds
334.589: [Full GC334.589: [Tenured: 71040K->71040K(71040K), 0.0814420 secs] 102976K->76301K(102976K), [Perm : 8848K->8848K(21248K)], 0.0814880 secs] [Times: user=0.08 sys=0.00, real=0.08 secs] 
334.671: Total time for which application threads were stopped: 0.0815820 seconds, Stopping threads took: 0.0000130 seconds
334.697: Application time: 0.0262870 seconds
334.697: [Full GC334.697: [Tenured: 71040K->71040K(71040K), 0.0803640 secs] 102975K->76143K(102976K), [Perm : 8848K->8848K(21248K)], 0.0804080 secs] [Times: user=0.08 sys=0.00, real=0.08 secs] 
334.777: Total time for which application threads were stopped: 0.0805010 seconds, Stopping threads took: 0.0000130 seconds
334.803: Application time: 0.0253280 seconds
334.803: [Full GC334.803: [Tenured: 71040K->71040K(71040K), 0.0789190 secs] 102976K->76150K(102976K), [Perm : 8848K->8848K(21248K)], 0.0789630 secs] [Times: user=0.08 sys=0.00, real=0.08 secs] 
334.882: Total time for which application threads were stopped: 0.0790770 seconds, Stopping threads took: 0.0000140 seconds
334.908: Application time: 0.0263000 seconds
334.908: [Full GC334.908: [Tenured: 71040K->71039K(71040K), 0.0932820 secs] 102976K->75976K(102976K), [Perm : 8848K->8848K(21248K)], 0.0933320 secs] [Times: user=0.09 sys=0.00, real=0.09 secs] 
335.002: Total time for which application threads were stopped: 0.0934350 seconds, Stopping threads took: 0.0000150 seconds
335.028: Application time: 0.0263590 seconds
335.028: [Full GC335.028: [Tenured: 71039K->71039K(71040K), 0.0780750 secs] 102975K->75992K(102976K), [Perm : 8848K->8848K(21248K)], 0.0781210 secs] [Times: user=0.08 sys=0.00, real=0.07 secs] 
335.106: Total time for which application threads were stopped: 0.0782170 seconds, Stopping threads took: 0.0000140 seconds
335.133: Application time: 0.0272090 seconds
335.133: [Full GC335.133: [Tenured: 71039K->71039K(71040K), 0.0780380 secs] 102975K->76024K(102976K), [Perm : 8848K->8848K(21248K)], 0.0780800 secs] [Times: user=0.08 sys=0.00, real=0.08 secs] 
335.212: Total time for which application threads were stopped: 0.0781750 seconds, Stopping threads took: 0.0000140 seconds
335.239: Application time: 0.0271070 seconds
335.239: [Full GC335.239: [Tenured: 71039K->71039K(71040K), 0.0775470 secs] 102975K->75971K(102976K), [Perm : 8848K->8848K(21248K)], 0.0775900 secs] [Times: user=0.08 sys=0.00, real=0.08 secs] 
335.316: Total time for which application threads were stopped: 0.0776870 seconds, Stopping threads took: 0.0000140 seconds
335.341: Application time: 0.0243950 seconds
335.341: [Full GC335.341: [Tenured: 71039K->71039K(71040K), 0.0933510 secs] 102975K->76485K(102976K), [Perm : 8848K->8848K(21248K)], 0.0933980 secs] [Times: user=0.10 sys=0.00, real=0.09 secs] 
335.434: Total time for which application threads were stopped: 0.0935080 seconds, Stopping threads took: 0.0000140 seconds
335.459: Application time: 0.0249600 seconds
335.459: [Full GC335.459: [Tenured: 71039K->71040K(71040K), 0.0923240 secs] 102975K->78966K(102976K), [Perm : 8848K->8848K(21248K)], 0.0923690 secs] [Times: user=0.09 sys=0.00, real=0.09 secs] 
335.552: Total time for which application threads were stopped: 0.0924660 seconds, Stopping threads took: 0.0000140 seconds
335.576: Application time: 0.0247550 seconds
335.577: [Full GC335.577: [Tenured: 71040K->71039K(71040K), 0.0932100 secs] 102975K->75188K(102976K), [Perm : 8848K->8848K(21248K)], 0.0932630 secs] [Times: user=0.10 sys=0.00, real=0.10 secs] 
335.671: Total time for which application threads were stopped: 0.0948830 seconds, Stopping threads took: 0.0000140 seconds
335.695: Application time: 0.0235940 seconds
335.695: [Full GC335.695: [Tenured: 71040K->71040K(71040K), 0.0802000 secs] 102976K->79117K(102976K), [Perm : 8848K->8848K(21248K)], 0.0802440 secs] [Times: user=0.08 sys=0.00, real=0.08 secs] 
335.775: Total time for which application threads were stopped: 0.0803370 seconds, Stopping threads took: 0.0000130 seconds
335.800: Application time: 0.0247310 seconds
335.800: [Full GC335.800: [Tenured: 71040K->71039K(71040K), 0.0986950 secs] 102976K->75921K(102976K), [Perm : 8848K->8848K(21248K)], 0.0987420 secs] [Times: user=0.10 sys=0.00, real=0.09 secs] 
335.899: Total time for which application threads were stopped: 0.0988370 seconds, Stopping threads took: 0.0000140 seconds
335.926: Application time: 0.0268540 seconds
335.926: [Full GC335.926: [Tenured: 71039K->71039K(71040K), 0.0942830 secs] 102975K->76751K(102976K), [Perm : 8848K->8848K(21248K)], 0.0943280 secs] [Times: user=0.10 sys=0.00, real=0.10 secs] 
336.020: Total time for which application threads were stopped: 0.0944340 seconds, Stopping threads took: 0.0000130 seconds
336.046: Application time: 0.0262600 seconds
336.046: [Full GC336.046: [Tenured: 71039K->71039K(71040K), 0.0942350 secs] 102975K->75881K(102976K), [Perm : 8848K->8848K(21248K)], 0.0942810 secs] [Times: user=0.09 sys=0.00, real=0.10 secs] 
336.141: Total time for which application threads were stopped: 0.0943770 seconds, Stopping threads took: 0.0000140 seconds
336.164: Application time: 0.0229340 seconds
336.164: [Full GC336.164: [Tenured: 71039K->71039K(71040K), 0.0948480 secs] 102975K->81929K(102976K), [Perm : 8848K->8848K(21248K)], 0.0948930 secs] [Times: user=0.10 sys=0.00, real=0.09 secs] 
336.259: Total time for which application threads were stopped: 0.0949800 seconds, Stopping threads took: 0.0000120 seconds
336.285: Application time: 0.0264200 seconds
336.285: [Full GC336.285: [Tenured: 71039K->71039K(71040K), 0.0937560 secs] 102975K->71321K(102976K), [Perm : 8848K->8848K(21248K)], 0.0938020 secs] [Times: user=0.10 sys=0.00, real=0.09 secs] 
336.379: Total time for which application threads were stopped: 0.0939380 seconds, Stopping threads took: 0.0000380 seconds
336.411: Application time: 0.0319930 seconds
336.411: [Full GC336.411: [Tenured: 71040K->71039K(71040K), 0.0875540 secs] 102975K->78319K(102976K), [Perm : 8848K->8848K(21248K)], 0.0876010 secs] [Times: user=0.09 sys=0.00, real=0.08 secs] 
336.499: Total time for which application threads were stopped: 0.0876950 seconds, Stopping threads took: 0.0000140 seconds
336.527: Application time: 0.0280320 seconds
336.527: [Full GC336.527: [Tenured: 71039K->71039K(71040K), 0.1004840 secs] 102975K->77693K(102976K), [Perm : 8848K->8848K(21248K)], 0.1005320 secs] [Times: user=0.10 sys=0.00, real=0.11 secs] 
336.627: Total time for which application threads were stopped: 0.1006400 seconds, Stopping threads took: 0.0000130 seconds
336.655: Application time: 0.0271900 seconds
336.655: [Full GC336.655: [Tenured: 71040K->71039K(71040K), 0.0811800 secs] 102975K->79872K(102976K), [Perm : 8848K->8848K(21248K)], 0.0812250 secs] [Times: user=0.08 sys=0.00, real=0.08 secs] 
336.736: Total time for which application threads were stopped: 0.0813180 seconds, Stopping threads took: 0.0000130 seconds
336.763: Application time: 0.0267990 seconds
336.763: [Full GC336.763: [Tenured: 71040K->71039K(71040K), 0.0995520 secs] 102975K->77334K(102976K), [Perm : 8848K->8848K(21248K)], 0.0995980 secs] [Times: user=0.10 sys=0.00, real=0.10 secs] 
336.862: Total time for which application threads were stopped: 0.0996950 seconds, Stopping threads took: 0.0000130 seconds
336.889: Application time: 0.0268090 seconds
336.889: [Full GC336.889: [Tenured: 71039K->71039K(71040K), 0.0816110 secs] 102975K->79710K(102976K), [Perm : 8848K->8848K(21248K)], 0.0816570 secs] [Times: user=0.08 sys=0.00, real=0.08 secs] 
336.971: Total time for which application threads were stopped: 0.0817530 seconds, Stopping threads took: 0.0000130 seconds
336.999: Application time: 0.0277110 seconds
336.999: [Full GC336.999: [Tenured: 71039K->71039K(71040K), 0.0966570 secs] 102975K->76529K(102976K), [Perm : 8848K->8848K(21248K)], 0.0967040 secs] [Times: user=0.10 sys=0.00, real=0.10 secs] 
337.095: Total time for which application threads were stopped: 0.0968020 seconds, Stopping threads took: 0.0000140 seconds
337.127: Application time: 0.0312170 seconds
337.127: [Full GC337.127: [Tenured: 71039K->71039K(71040K), 0.0978720 secs] 102975K->75316K(102976K), [Perm : 8848K->8848K(21248K)], 0.0979170 secs] [Times: user=0.10 sys=0.00, real=0.10 secs] 
337.225: Total time for which application threads were stopped: 0.0980270 seconds, Stopping threads took: 0.0000130 seconds
337.256: Application time: 0.0312810 seconds
337.256: [Full GC337.256: [Tenured: 71039K->71039K(71040K), 0.0941910 secs] 102975K->75824K(102976K), [Perm : 8848K->8848K(21248K)], 0.0942380 secs] [Times: user=0.09 sys=0.00, real=0.10 secs] 
337.350: Total time for which application threads were stopped: 0.0943320 seconds, Stopping threads took: 0.0000130 seconds
337.380: Application time: 0.0293460 seconds
337.380: [Full GC337.380: [Tenured: 71039K->71039K(71040K), 0.0802580 secs] 102975K->76106K(102976K), [Perm : 8848K->8848K(21248K)], 0.0803040 secs] [Times: user=0.08 sys=0.00, real=0.08 secs] 
337.460: Total time for which application threads were stopped: 0.0804000 seconds, Stopping threads took: 0.0000140 seconds
337.488: Application time: 0.0276860 seconds
337.488: [Full GC337.488: [Tenured: 71039K->71039K(71040K), 0.0802910 secs] 102975K->76971K(102976K), [Perm : 8848K->8848K(21248K)], 0.0803360 secs] [Times: user=0.08 sys=0.00, real=0.08 secs] 
337.568: Total time for which application threads were stopped: 0.0804320 seconds, Stopping threads took: 0.0000140 seconds
337.594: Application time: 0.0259980 seconds
337.594: [Full GC337.594: [Tenured: 71039K->71039K(71040K), 0.0788600 secs] 102975K->76988K(102976K), [Perm : 8848K->8848K(21248K)], 0.0789070 secs] [Times: user=0.08 sys=0.00, real=0.08 secs] 
337.673: Total time for which application threads were stopped: 0.0790000 seconds, Stopping threads took: 0.0000150 seconds
337.699: Application time: 0.0262520 seconds
337.700: [Full GC337.700: [Tenured: 71039K->71039K(71040K), 0.0953520 secs] 102975K->75704K(102976K), [Perm : 8848K->8848K(21248K)], 0.0954080 secs] [Times: user=0.10 sys=0.00, real=0.09 secs] 
337.795: Total time for which application threads were stopped: 0.0955170 seconds, Stopping threads took: 0.0000140 seconds
337.820: Application time: 0.0248460 seconds
337.820: [Full GC337.820: [Tenured: 71039K->71039K(71040K), 0.0793630 secs] 102975K->75687K(102976K), [Perm : 8848K->8848K(21248K)], 0.0794080 secs] [Times: user=0.08 sys=0.00, real=0.08 secs] 
337.899: Total time for which application threads were stopped: 0.0795030 seconds, Stopping threads took: 0.0000130 seconds
337.922: Application time: 0.0225040 seconds
337.922: [Full GC337.922: [Tenured: 71039K->71039K(71040K), 0.0788110 secs] 102975K->75734K(102976K), [Perm : 8848K->8848K(21248K)], 0.0788540 secs] [Times: user=0.08 sys=0.00, real=0.08 secs] 
338.001: Total time for which application threads were stopped: 0.0789470 seconds, Stopping threads took: 0.0000140 seconds
338.027: Application time: 0.0259570 seconds
338.027: [Full GC338.027: [Tenured: 71039K->71039K(71040K), 0.0784120 secs] 102975K->76168K(102976K), [Perm : 8848K->8848K(21248K)], 0.0784580 secs] [Times: user=0.08 sys=0.00, real=0.08 secs] 
338.105: Total time for which application threads were stopped: 0.0785520 seconds, Stopping threads took: 0.0000140 seconds
338.131: Application time: 0.0256860 seconds
338.131: [Full GC338.131: [Tenured: 71039K->71039K(71040K), 0.0932150 secs] 102975K->75929K(102976K), [Perm : 8848K->8848K(21248K)], 0.0932640 secs] [Times: user=0.09 sys=0.00, real=0.09 secs] 
338.224: Total time for which application threads were stopped: 0.0933650 seconds, Stopping threads took: 0.0000180 seconds
338.249: Application time: 0.0248190 seconds
338.249: [Full GC338.249: [Tenured: 71039K->71039K(71040K), 0.0773450 secs] 102975K->76013K(102976K), [Perm : 8848K->8848K(21248K)], 0.0773900 secs] [Times: user=0.07 sys=0.00, real=0.07 secs] 
338.327: Total time for which application threads were stopped: 0.0775000 seconds, Stopping threads took: 0.0000140 seconds
338.351: Application time: 0.0239270 seconds
338.351: [Full GC338.351: [Tenured: 71039K->71039K(71040K), 0.0772910 secs] 102975K->76072K(102976K), [Perm : 8848K->8848K(21248K)], 0.0773340 secs] [Times: user=0.08 sys=0.00, real=0.08 secs] 
338.428: Total time for which application threads were stopped: 0.0774280 seconds, Stopping threads took: 0.0000140 seconds
338.453: Application time: 0.0249060 seconds
338.453: [Full GC338.453: [Tenured: 71039K->71039K(71040K), 0.0772550 secs] 102975K->76022K(102976K), [Perm : 8848K->8848K(21248K)], 0.0772970 secs] [Times: user=0.08 sys=0.00, real=0.08 secs] 
338.530: Total time for which application threads were stopped: 0.0773930 seconds, Stopping threads took: 0.0000150 seconds
338.556: Application time: 0.0255760 seconds
338.556: [Full GC338.556: [Tenured: 71039K->71039K(71040K), 0.0902880 secs] 102975K->75980K(102976K), [Perm : 8848K->8848K(21248K)], 0.0903340 secs] [Times: user=0.09 sys=0.00, real=0.09 secs] 
338.646: Total time for which application threads were stopped: 0.0904330 seconds, Stopping threads took: 0.0000130 seconds
338.673: Application time: 0.0266110 seconds
338.673: [Full GC338.673: [Tenured: 71039K->71039K(71040K), 0.0785790 secs] 102975K->75977K(102976K), [Perm : 8848K->8848K(21248K)], 0.0786200 secs] [Times: user=0.08 sys=0.00, real=0.08 secs] 
338.752: Total time for which application threads were stopped: 0.0787130 seconds, Stopping threads took: 0.0000140 seconds
338.778: Application time: 0.0265190 seconds
338.778: [Full GC338.778: [Tenured: 71039K->71039K(71040K), 0.0784700 secs] 102975K->75967K(102976K), [Perm : 8848K->8848K(21248K)], 0.0785150 secs] [Times: user=0.08 sys=0.00, real=0.08 secs] 
338.857: Total time for which application threads were stopped: 0.0786240 seconds, Stopping threads took: 0.0000150 seconds
338.881: Application time: 0.0238670 seconds
338.881: [Full GC338.881: [Tenured: 71039K->71039K(71040K), 0.0808870 secs] 102975K->80117K(102976K), [Perm : 8848K->8848K(21248K)], 0.0809430 secs] [Times: user=0.08 sys=0.00, real=0.08 secs] 
338.962: Total time for which application threads were stopped: 0.0810400 seconds, Stopping threads took: 0.0000140 seconds
338.987: Application time: 0.0249720 seconds
338.987: [Full GC338.987: [Tenured: 71039K->71040K(71040K), 0.0930540 secs] 102975K->71604K(102976K), [Perm : 8848K->8848K(21248K)], 0.0930990 secs] [Times: user=0.10 sys=0.00, real=0.10 secs] 
339.080: Total time for which application threads were stopped: 0.0931930 seconds, Stopping threads took: 0.0000150 seconds
339.107: Application time: 0.0273570 seconds
339.107: [Full GC339.107: [Tenured: 71040K->71040K(71040K), 0.0791130 secs] 102975K->76583K(102976K), [Perm : 8848K->8848K(21248K)], 0.0791520 secs] [Times: user=0.07 sys=0.00, real=0.07 secs] 
339.187: Total time for which application threads were stopped: 0.0792480 seconds, Stopping threads took: 0.0000140 seconds
339.208: Application time: 0.0219830 seconds
339.209: [Full GC339.209: [Tenured: 71040K->71039K(71040K), 0.0931550 secs] 102975K->78295K(102976K), [Perm : 8848K->8848K(21248K)], 0.0931980 secs] [Times: user=0.09 sys=0.00, real=0.09 secs] 
339.302: Total time for which application threads were stopped: 0.0933030 seconds, Stopping threads took: 0.0000210 seconds
339.327: Application time: 0.0251680 seconds
339.327: [Full GC339.327: [Tenured: 71039K->71039K(71040K), 0.0938210 secs] 102975K->74435K(102976K), [Perm : 8848K->8848K(21248K)], 0.0938650 secs] [Times: user=0.10 sys=0.00, real=0.09 secs] 
339.421: Total time for which application threads were stopped: 0.0939760 seconds, Stopping threads took: 0.0000130 seconds
339.449: Application time: 0.0284940 seconds
339.450: [Full GC339.450: [Tenured: 71040K->71039K(71040K), 0.0956700 secs] 102975K->77692K(102976K), [Perm : 8848K->8848K(21248K)], 0.0957150 secs] [Times: user=0.10 sys=0.00, real=0.09 secs] 
339.545: Total time for which application threads were stopped: 0.0958120 seconds, Stopping threads took: 0.0000140 seconds
339.568: Application time: 0.0229180 seconds
339.568: [Full GC339.568: [Tenured: 71039K->71039K(71040K), 0.0979990 secs] 102975K->82388K(102976K), [Perm : 8848K->8848K(21248K)], 0.0980440 secs] [Times: user=0.10 sys=0.00, real=0.09 secs] 
339.666: Total time for which application threads were stopped: 0.0981380 seconds, Stopping threads took: 0.0000140 seconds
339.692: Application time: 0.0253690 seconds
339.692: [Full GC339.692: [Tenured: 71039K->71039K(71040K), 0.0939840 secs] 102975K->75060K(102976K), [Perm : 8848K->8848K(21248K)], 0.0940280 secs] [Times: user=0.09 sys=0.00, real=0.09 secs] 
339.786: Total time for which application threads were stopped: 0.0941240 seconds, Stopping threads took: 0.0000130 seconds
339.815: Application time: 0.0296150 seconds
339.815: [Full GC339.816: [Tenured: 71040K->71038K(71040K), 0.0958290 secs] 102975K->79262K(102976K), [Perm : 8848K->8848K(21248K)], 0.0958720 secs] [Times: user=0.09 sys=0.00, real=0.10 secs] 
339.911: Total time for which application threads were stopped: 0.0959670 seconds, Stopping threads took: 0.0000130 seconds
339.939: Application time: 0.0273870 seconds
339.939: [Full GC339.939: [Tenured: 71040K->71039K(71040K), 0.1004300 secs] 102975K->77070K(102976K), [Perm : 8848K->8848K(21248K)], 0.1004730 secs] [Times: user=0.10 sys=0.00, real=0.11 secs] 
340.039: Total time for which application threads were stopped: 0.1005810 seconds, Stopping threads took: 0.0000130 seconds
340.068: Application time: 0.0285520 seconds
340.068: [Full GC340.068: [Tenured: 71039K->71039K(71040K), 0.0842280 secs] 102975K->80419K(102976K), [Perm : 8848K->8848K(21248K)], 0.0842740 secs] [Times: user=0.08 sys=0.00, real=0.08 secs] 
340.152: Total time for which application threads were stopped: 0.0843650 seconds, Stopping threads took: 0.0000140 seconds
340.179: Application time: 0.0271350 seconds
340.179: [Full GC340.179: [Tenured: 71040K->71039K(71040K), 0.0981100 secs] 102975K->80699K(102976K), [Perm : 8848K->8848K(21248K)], 0.0981640 secs] [Times: user=0.10 sys=0.00, real=0.09 secs] 
340.278: Total time for which application threads were stopped: 0.0982590 seconds, Stopping threads took: 0.0000140 seconds
340.303: Application time: 0.0252500 seconds
340.303: [Full GC340.303: [Tenured: 71040K->71039K(71040K), 0.0954870 secs] 102975K->82559K(102976K), [Perm : 8848K->8848K(21248K)], 0.0955380 secs] [Times: user=0.10 sys=0.01, real=0.09 secs] 
340.399: Total time for which application threads were stopped: 0.0956330 seconds, Stopping threads took: 0.0000130 seconds
340.423: Application time: 0.0242090 seconds
340.423: [Full GC340.423: [Tenured: 71039K->71039K(71040K), 0.1014530 secs] 102975K->75567K(102976K), [Perm : 8848K->8848K(21248K)], 0.1015000 secs] [Times: user=0.11 sys=0.00, real=0.10 secs] 
340.524: Total time for which application threads were stopped: 0.1015940 seconds, Stopping threads took: 0.0000140 seconds
340.554: Application time: 0.0299130 seconds
340.554: [Full GC340.554: [Tenured: 71039K->71032K(71040K), 0.0851110 secs] 102975K->78776K(102976K), [Perm : 8848K->8848K(21248K)], 0.0851550 secs] [Times: user=0.09 sys=0.00, real=0.09 secs] 
340.640: Total time for which application threads were stopped: 0.0852600 seconds, Stopping threads took: 0.0000130 seconds
340.671: Application time: 0.0312600 seconds
340.671: [Full GC340.671: [Tenured: 71039K->71039K(71040K), 0.0961580 secs] 102975K->79823K(102976K), [Perm : 8848K->8848K(21248K)], 0.0962140 secs] [Times: user=0.10 sys=0.00, real=0.10 secs] 
340.767: Total time for which application threads were stopped: 0.0963070 seconds, Stopping threads took: 0.0000140 seconds
340.795: Application time: 0.0283710 seconds
340.796: [Full GC340.796: [Tenured: 71040K->71040K(71040K), 0.0806900 secs] 102976K->80050K(102976K), [Perm : 8848K->8848K(21248K)], 0.0807350 secs] [Times: user=0.08 sys=0.00, real=0.08 secs] 
340.876: Total time for which application threads were stopped: 0.0808330 seconds, Stopping threads took: 0.0000140 seconds
340.902: Application time: 0.0257280 seconds
340.902: [Full GC340.902: [Tenured: 71040K->71039K(71040K), 0.0968080 secs] 102976K->75847K(102976K), [Perm : 8848K->8848K(21248K)], 0.0968550 secs] [Times: user=0.09 sys=0.00, real=0.09 secs] 
340.999: Total time for which application threads were stopped: 0.0969670 seconds, Stopping threads took: 0.0000130 seconds
341.027: Application time: 0.0276870 seconds
341.027: [Full GC341.027: [Tenured: 71039K->71039K(71040K), 0.0783370 secs] 102975K->75794K(102976K), [Perm : 8848K->8848K(21248K)], 0.0783810 secs] [Times: user=0.07 sys=0.00, real=0.08 secs] 
341.105: Total time for which application threads were stopped: 0.0784760 seconds, Stopping threads took: 0.0000140 seconds
341.132: Application time: 0.0264620 seconds
341.132: [Full GC341.132: [Tenured: 71039K->71039K(71040K), 0.0805290 secs] 102975K->76601K(102976K), [Perm : 8848K->8848K(21248K)], 0.0805760 secs] [Times: user=0.08 sys=0.00, real=0.08 secs] 
341.212: Total time for which application threads were stopped: 0.0806800 seconds, Stopping threads took: 0.0000140 seconds
341.235: Application time: 0.0229990 seconds
341.235: [Full GC341.235: [Tenured: 71039K->71039K(71040K), 0.0788800 secs] 102975K->78461K(102976K), [Perm : 8848K->8848K(21248K)], 0.0789280 secs] [Times: user=0.08 sys=0.00, real=0.08 secs] 
341.314: Total time for which application threads were stopped: 0.0790250 seconds, Stopping threads took: 0.0000140 seconds
341.339: Application time: 0.0243230 seconds
341.339: [Full GC341.339: [Tenured: 71039K->71039K(71040K), 0.0941410 secs] 102975K->76469K(102976K), [Perm : 8848K->8848K(21248K)], 0.0941880 secs] [Times: user=0.09 sys=0.00, real=0.10 secs] 
341.433: Total time for which application threads were stopped: 0.0942850 seconds, Stopping threads took: 0.0000130 seconds
341.459: Application time: 0.0262050 seconds
341.459: [Full GC341.459: [Tenured: 71040K->71040K(71040K), 0.0782250 secs] 102975K->76073K(102976K), [Perm : 8848K->8848K(21248K)], 0.0782710 secs] [Times: user=0.08 sys=0.00, real=0.07 secs] 
341.538: Total time for which application threads were stopped: 0.0783760 seconds, Stopping threads took: 0.0000140 seconds
341.563: Application time: 0.0256670 seconds
341.563: [Full GC341.563: [Tenured: 71040K->71040K(71040K), 0.0776480 secs] 102975K->76135K(102976K), [Perm : 8848K->8848K(21248K)], 0.0776900 secs] [Times: user=0.08 sys=0.00, real=0.08 secs] 
341.641: Total time for which application threads were stopped: 0.0777850 seconds, Stopping threads took: 0.0000140 seconds
341.667: Application time: 0.0261160 seconds
341.667: [Full GC341.667: [Tenured: 71040K->71040K(71040K), 0.0777390 secs] 102976K->76190K(102976K), [Perm : 8848K->8848K(21248K)], 0.0777820 secs] [Times: user=0.07 sys=0.00, real=0.07 secs] 
341.745: Total time for which application threads were stopped: 0.0778920 seconds, Stopping threads took: 0.0000140 seconds
341.771: Application time: 0.0259760 seconds
341.771: [Full GC341.771: [Tenured: 71040K->71039K(71040K), 0.0930020 secs] 102975K->76026K(102976K), [Perm : 8848K->8848K(21248K)], 0.0930460 secs] [Times: user=0.09 sys=0.00, real=0.09 secs] 
341.864: Total time for which application threads were stopped: 0.0931490 seconds, Stopping threads took: 0.0000180 seconds
341.891: Application time: 0.0268120 seconds
341.891: [Full GC341.891: [Tenured: 71039K->71039K(71040K), 0.0777750 secs] 102975K->76075K(102976K), [Perm : 8848K->8848K(21248K)], 0.0778170 secs] [Times: user=0.08 sys=0.00, real=0.08 secs] 
341.969: Total time for which application threads were stopped: 0.0779140 seconds, Stopping threads took: 0.0000140 seconds
341.995: Application time: 0.0265460 seconds
341.995: [Full GC341.996: [Tenured: 71039K->71039K(71040K), 0.0778150 secs] 102975K->75998K(102976K), [Perm : 8848K->8848K(21248K)], 0.0778580 secs] [Times: user=0.07 sys=0.00, real=0.08 secs] 
342.073: Total time for which application threads were stopped: 0.0779550 seconds, Stopping threads took: 0.0000150 seconds
342.098: Application time: 0.0247340 seconds
342.098: [Full GC342.098: [Tenured: 71039K->71039K(71040K), 0.0786640 secs] 102975K->76014K(102976K), [Perm : 8848K->8848K(21248K)], 0.0787070 secs] [Times: user=0.08 sys=0.00, real=0.08 secs] 
342.177: Total time for which application threads were stopped: 0.0788000 seconds, Stopping threads took: 0.0000140 seconds
342.203: Application time: 0.0258030 seconds
342.203: [Full GC342.203: [Tenured: 71039K->71039K(71040K), 0.0918650 secs] 102975K->75987K(102976K), [Perm : 8848K->8848K(21248K)], 0.0919150 secs] [Times: user=0.09 sys=0.00, real=0.09 secs] 
342.295: Total time for which application threads were stopped: 0.0920270 seconds, Stopping threads took: 0.0000160 seconds
342.319: Application time: 0.0246920 seconds
342.320: [Full GC342.320: [Tenured: 71039K->71039K(71040K), 0.0795140 secs] 102975K->77451K(102976K), [Perm : 8848K->8848K(21248K)], 0.0795590 secs] [Times: user=0.08 sys=0.00, real=0.08 secs] 
342.399: Total time for which application threads were stopped: 0.0796530 seconds, Stopping threads took: 0.0000140 seconds
342.424: Application time: 0.0244970 seconds
342.424: [Full GC342.424: [Tenured: 71040K->71039K(71040K), 0.0912300 secs] 102976K->77191K(102976K), [Perm : 8848K->8848K(21248K)], 0.0912760 secs] [Times: user=0.09 sys=0.00, real=0.09 secs] 
342.515: Total time for which application threads were stopped: 0.0913740 seconds, Stopping threads took: 0.0000140 seconds
342.541: Application time: 0.0261060 seconds
342.541: [Full GC342.541: [Tenured: 71040K->71040K(71040K), 0.0776370 secs] 102975K->78181K(102976K), [Perm : 8848K->8848K(21248K)], 0.0776860 secs] [Times: user=0.08 sys=0.00, real=0.07 secs] 
342.619: Total time for which application threads were stopped: 0.0777830 seconds, Stopping threads took: 0.0000150 seconds
342.643: Application time: 0.0244220 seconds
342.643: [Full GC342.643: [Tenured: 71040K->71039K(71040K), 0.0984170 secs] 102975K->79705K(102976K), [Perm : 8848K->8848K(21248K)], 0.0984650 secs] [Times: user=0.10 sys=0.00, real=0.10 secs] 
342.742: Total time for which application threads were stopped: 0.0985630 seconds, Stopping threads took: 0.0000140 seconds
342.766: Application time: 0.0245910 seconds
342.767: [Full GC342.767: [Tenured: 71039K->71039K(71040K), 0.0945830 secs] 102975K->75915K(102976K), [Perm : 8848K->8848K(21248K)], 0.0946360 secs] [Times: user=0.10 sys=0.00, real=0.10 secs] 
342.861: Total time for which application threads were stopped: 0.0947400 seconds, Stopping threads took: 0.0000130 seconds
342.887: Application time: 0.0262390 seconds
342.887: [Full GC342.888: [Tenured: 71040K->71039K(71040K), 0.0920340 secs] 102975K->75350K(102976K), [Perm : 8848K->8848K(21248K)], 0.0920810 secs] [Times: user=0.10 sys=0.00, real=0.09 secs] 
342.980: Total time for which application threads were stopped: 0.0921790 seconds, Stopping threads took: 0.0000140 seconds
343.006: Application time: 0.0261500 seconds
343.006: [Full GC343.006: [Tenured: 71039K->71039K(71040K), 0.0894400 secs] 102975K->84125K(102976K), [Perm : 8848K->8848K(21248K)], 0.0894830 secs] [Times: user=0.09 sys=0.00, real=0.09 secs] 
343.095: Total time for which application threads were stopped: 0.0895740 seconds, Stopping threads took: 0.0000130 seconds
343.118: Application time: 0.0227320 seconds
343.118: [Full GC343.118: [Tenured: 71039K->71036K(71040K), 0.0961200 secs] 102975K->72012K(102976K), [Perm : 8848K->8848K(21248K)], 0.0961640 secs] [Times: user=0.10 sys=0.00, real=0.10 secs] 
343.214: Total time for which application threads were stopped: 0.0962540 seconds, Stopping threads took: 0.0000130 seconds
343.246: Application time: 0.0315140 seconds
343.246: [Full GC343.246: [Tenured: 71039K->71039K(71040K), 0.0826070 secs] 102975K->77044K(102976K), [Perm : 8848K->8848K(21248K)], 0.0826550 secs] [Times: user=0.08 sys=0.00, real=0.09 secs] 
343.329: Total time for which application threads were stopped: 0.0827490 seconds, Stopping threads took: 0.0000140 seconds
343.357: Application time: 0.0281960 seconds
343.357: [Full GC343.357: [Tenured: 71039K->71039K(71040K), 0.0885270 secs] 102975K->83054K(102976K), [Perm : 8848K->8848K(21248K)], 0.0885720 secs] [Times: user=0.09 sys=0.00, real=0.09 secs] 
343.445: Total time for which application threads were stopped: 0.0886800 seconds, Stopping threads took: 0.0000140 seconds
343.471: Application time: 0.0253780 seconds
343.471: [Full GC343.471: [Tenured: 71039K->71039K(71040K), 0.0980790 secs] 102975K->75022K(102976K), [Perm : 8848K->8848K(21248K)], 0.0981260 secs] [Times: user=0.09 sys=0.00, real=0.10 secs] 
343.569: Total time for which application threads were stopped: 0.0982190 seconds, Stopping threads took: 0.0000130 seconds
343.598: Application time: 0.0286970 seconds
343.598: [Full GC343.598: [Tenured: 71039K->71040K(71040K), 0.0989690 secs] 102975K->77098K(102976K), [Perm : 8848K->8848K(21248K)], 0.0990160 secs] [Times: user=0.10 sys=0.00, real=0.10 secs] 
343.697: Total time for which application threads were stopped: 0.0991100 seconds, Stopping threads took: 0.0000140 seconds
343.726: Application time: 0.0287130 seconds
343.726: [Full GC343.726: [Tenured: 71040K->71039K(71040K), 0.0857450 secs] 102975K->80116K(102976K), [Perm : 8848K->8848K(21248K)], 0.0857890 secs] [Times: user=0.09 sys=0.00, real=0.09 secs] 
343.811: Total time for which application threads were stopped: 0.0858810 seconds, Stopping threads took: 0.0000140 seconds
343.838: Application time: 0.0268280 seconds
343.838: [Full GC343.838: [Tenured: 71039K->71039K(71040K), 0.0977320 secs] 102975K->82570K(102976K), [Perm : 8848K->8848K(21248K)], 0.0977770 secs] [Times: user=0.10 sys=0.00, real=0.10 secs] 
343.936: Total time for which application threads were stopped: 0.0978690 seconds, Stopping threads took: 0.0000140 seconds
343.962: Application time: 0.0263330 seconds
343.963: [Full GC343.963: [Tenured: 71039K->71039K(71040K), 0.0994410 secs] 102975K->77027K(102976K), [Perm : 8848K->8848K(21248K)], 0.0994870 secs] [Times: user=0.10 sys=0.00, real=0.10 secs] 
344.062: Total time for which application threads were stopped: 0.0995950 seconds, Stopping threads took: 0.0000130 seconds
344.093: Application time: 0.0307080 seconds
344.093: [Full GC344.093: [Tenured: 71040K->71039K(71040K), 0.0967770 secs] 102975K->75341K(102976K), [Perm : 8848K->8848K(21248K)], 0.0968320 secs] [Times: user=0.09 sys=0.00, real=0.10 secs] 
344.190: Total time for which application threads were stopped: 0.0969280 seconds, Stopping threads took: 0.0000130 seconds
344.219: Application time: 0.0296640 seconds
344.219: [Full GC344.219: [Tenured: 71039K->71039K(71040K), 0.0804140 secs] 102975K->77748K(102976K), [Perm : 8848K->8848K(21248K)], 0.0804590 secs] [Times: user=0.08 sys=0.00, real=0.08 secs] 
344.300: Total time for which application threads were stopped: 0.0805540 seconds, Stopping threads took: 0.0000130 seconds
344.326: Application time: 0.0261520 seconds
344.326: [Full GC344.326: [Tenured: 71039K->71039K(71040K), 0.0794450 secs] 102975K->78739K(102976K), [Perm : 8848K->8848K(21248K)], 0.0794910 secs] [Times: user=0.08 sys=0.00, real=0.08 secs] 
344.406: Total time for which application threads were stopped: 0.0795850 seconds, Stopping threads took: 0.0000130 seconds
344.433: Application time: 0.0276000 seconds
344.433: [Full GC344.433: [Tenured: 71039K->71039K(71040K), 0.0806040 secs] 102975K->79244K(102976K), [Perm : 8848K->8848K(21248K)], 0.0806480 secs] [Times: user=0.08 sys=0.00, real=0.08 secs] 
344.514: Total time for which application threads were stopped: 0.0807420 seconds, Stopping threads took: 0.0000140 seconds
344.540: Application time: 0.0262710 seconds
344.540: [Full GC344.540: [Tenured: 71039K->71039K(71040K), 0.0951260 secs] 102975K->75953K(102976K), [Perm : 8848K->8848K(21248K)], 0.0951740 secs] [Times: user=0.10 sys=0.00, real=0.09 secs] 
344.636: Total time for which application threads were stopped: 0.0952860 seconds, Stopping threads took: 0.0000140 seconds
344.661: Application time: 0.0256390 seconds
344.661: [Full GC344.661: [Tenured: 71040K->71040K(71040K), 0.0789570 secs] 102975K->77185K(102976K), [Perm : 8848K->8848K(21248K)], 0.0790030 secs] [Times: user=0.08 sys=0.00, real=0.08 secs] 
344.740: Total time for which application threads were stopped: 0.0791070 seconds, Stopping threads took: 0.0000230 seconds
344.765: Application time: 0.0244180 seconds
344.765: [Full GC344.765: [Tenured: 71040K->71040K(71040K), 0.0796590 secs] 102975K->78704K(102976K), [Perm : 8848K->8848K(21248K)], 0.0797040 secs] [Times: user=0.08 sys=0.00, real=0.08 secs] 
344.845: Total time for which application threads were stopped: 0.0798010 seconds, Stopping threads took: 0.0000140 seconds
344.869: Application time: 0.0243840 seconds
344.869: [Full GC344.869: [Tenured: 71040K->71040K(71040K), 0.0790350 secs] 102975K->78252K(102976K), [Perm : 8848K->8848K(21248K)], 0.0790790 secs] [Times: user=0.08 sys=0.00, real=0.08 secs] 
344.948: Total time for which application threads were stopped: 0.0791760 seconds, Stopping threads took: 0.0000140 seconds
344.971: Application time: 0.0225420 seconds
344.971: [Full GC344.971: [Tenured: 71040K->71040K(71040K), 0.0954070 secs] 102975K->76022K(102976K), [Perm : 8848K->8848K(21248K)], 0.0954570 secs] [Times: user=0.10 sys=0.00, real=0.09 secs] 
345.066: Total time for which application threads were stopped: 0.0955540 seconds, Stopping threads took: 0.0000150 seconds
345.092: Application time: 0.0260740 seconds
345.092: [Full GC345.092: [Tenured: 71040K->71040K(71040K), 0.0782700 secs] 102975K->76143K(102976K), [Perm : 8848K->8848K(21248K)], 0.0783140 secs] [Times: user=0.07 sys=0.00, real=0.08 secs] 
345.171: Total time for which application threads were stopped: 0.0784240 seconds, Stopping threads took: 0.0000150 seconds
345.197: Application time: 0.0263560 seconds
345.197: [Full GC345.197: [Tenured: 71040K->71040K(71040K), 0.0785900 secs] 102975K->76244K(102976K), [Perm : 8848K->8848K(21248K)], 0.0786320 secs] [Times: user=0.08 sys=0.00, real=0.08 secs] 
345.276: Total time for which application threads were stopped: 0.0787270 seconds, Stopping threads took: 0.0000140 seconds
345.302: Application time: 0.0265110 seconds
345.302: [Full GC345.302: [Tenured: 71040K->71040K(71040K), 0.0778500 secs] 102975K->76159K(102976K), [Perm : 8848K->8848K(21248K)], 0.0778910 secs] [Times: user=0.08 sys=0.00, real=0.08 secs] 
345.380: Total time for which application threads were stopped: 0.0779920 seconds, Stopping threads took: 0.0000130 seconds
345.407: Application time: 0.0266510 seconds
345.407: [Full GC345.407: [Tenured: 71040K->71039K(71040K), 0.0932310 secs] 102976K->76007K(102976K), [Perm : 8848K->8848K(21248K)], 0.0932790 secs] [Times: user=0.09 sys=0.00, real=0.09 secs] 
345.500: Total time for which application threads were stopped: 0.0933820 seconds, Stopping threads took: 0.0000140 seconds
345.527: Application time: 0.0267400 seconds
345.527: [Full GC345.527: [Tenured: 71039K->71039K(71040K), 0.0773830 secs] 102975K->75978K(102976K), [Perm : 8848K->8848K(21248K)], 0.0774260 secs] [Times: user=0.08 sys=0.00, real=0.07 secs] 
345.605: Total time for which application threads were stopped: 0.0775220 seconds, Stopping threads took: 0.0000150 seconds
345.629: Application time: 0.0244460 seconds
345.629: [Full GC345.629: [Tenured: 71039K->71039K(71040K), 0.0770870 secs] 102975K->75977K(102976K), [Perm : 8848K->8848K(21248K)], 0.0771340 secs] [Times: user=0.08 sys=0.00, real=0.07 secs] 
345.706: Total time for which application threads were stopped: 0.0772490 seconds, Stopping threads took: 0.0000130 seconds
345.732: Application time: 0.0260080 seconds
345.732: [Full GC345.732: [Tenured: 71039K->71039K(71040K), 0.0771740 secs] 102975K->75978K(102976K), [Perm : 8848K->8848K(21248K)], 0.0772190 secs] [Times: user=0.08 sys=0.00, real=0.08 secs] 
345.810: Total time for which application threads were stopped: 0.0773150 seconds, Stopping threads took: 0.0000140 seconds
345.833: Application time: 0.0233870 seconds
345.833: [Full GC345.833: [Tenured: 71039K->71040K(71040K), 0.0939030 secs] 102975K->76693K(102976K), [Perm : 8848K->8848K(21248K)], 0.0939510 secs] [Times: user=0.10 sys=0.00, real=0.10 secs] 
345.927: Total time for which application threads were stopped: 0.0940490 seconds, Stopping threads took: 0.0000140 seconds
345.953: Application time: 0.0257420 seconds
345.953: [Full GC345.953: [Tenured: 71040K->71039K(71040K), 0.0924860 secs] 102975K->76902K(102976K), [Perm : 8848K->8848K(21248K)], 0.0925320 secs] [Times: user=0.09 sys=0.00, real=0.09 secs] 
346.045: Total time for which application threads were stopped: 0.0926270 seconds, Stopping threads took: 0.0000140 seconds
346.068: Application time: 0.0228430 seconds
346.068: [Full GC346.068: [Tenured: 71039K->71039K(71040K), 0.0763820 secs] 102975K->77776K(102976K), [Perm : 8848K->8848K(21248K)], 0.0764280 secs] [Times: user=0.08 sys=0.00, real=0.07 secs] 
346.145: Total time for which application threads were stopped: 0.0765230 seconds, Stopping threads took: 0.0000130 seconds
346.166: Application time: 0.0206730 seconds
346.166: [Full GC346.166: [Tenured: 71039K->71039K(71040K), 0.0797730 secs] 102975K->81274K(102976K), [Perm : 8848K->8848K(21248K)], 0.0798170 secs] [Times: user=0.08 sys=0.00, real=0.08 secs] 
346.245: Total time for which application threads were stopped: 0.0799240 seconds, Stopping threads took: 0.0000120 seconds
346.267: Application time: 0.0214300 seconds
346.267: [Full GC346.267: [Tenured: 71039K->71039K(71040K), 0.0980610 secs] 102975K->76896K(102976K), [Perm : 8848K->8848K(21248K)], 0.0981070 secs] [Times: user=0.10 sys=0.00, real=0.10 secs] 
346.365: Total time for which application threads were stopped: 0.0982050 seconds, Stopping threads took: 0.0000140 seconds
346.391: Application time: 0.0257990 seconds
346.391: [Full GC346.391: [Tenured: 71039K->71039K(71040K), 0.0943630 secs] 102975K->75903K(102976K), [Perm : 8848K->8848K(21248K)], 0.0944100 secs] [Times: user=0.10 sys=0.00, real=0.09 secs] 
346.485: Total time for which application threads were stopped: 0.0945040 seconds, Stopping threads took: 0.0000130 seconds
346.512: Application time: 0.0266390 seconds
346.512: [Full GC346.512: [Tenured: 71039K->71039K(71040K), 0.0972120 secs] 102975K->77231K(102976K), [Perm : 8848K->8848K(21248K)], 0.0972600 secs] [Times: user=0.10 sys=0.00, real=0.10 secs] 
346.609: Total time for which application threads were stopped: 0.0973540 seconds, Stopping threads took: 0.0000140 seconds
346.636: Application time: 0.0266260 seconds
346.636: [Full GC346.636: [Tenured: 71039K->71040K(71040K), 0.0979130 secs] 102975K->76528K(102976K), [Perm : 8848K->8848K(21248K)], 0.0979690 secs] [Times: user=0.09 sys=0.00, real=0.10 secs] 
346.734: Total time for which application threads were stopped: 0.0980630 seconds, Stopping threads took: 0.0000130 seconds
346.764: Application time: 0.0295330 seconds
346.764: [Full GC346.764: [Tenured: 71040K->71039K(71040K), 0.0990220 secs] 102976K->75672K(102976K), [Perm : 8848K->8848K(21248K)], 0.0990700 secs] [Times: user=0.10 sys=0.00, real=0.10 secs] 
346.863: Total time for which application threads were stopped: 0.0991750 seconds, Stopping threads took: 0.0000130 seconds
346.892: Application time: 0.0288470 seconds
346.892: [Full GC346.892: [Tenured: 71039K->71039K(71040K), 0.0962260 secs] 102975K->77801K(102976K), [Perm : 8848K->8848K(21248K)], 0.0962680 secs] [Times: user=0.10 sys=0.00, real=0.10 secs] 
346.988: Total time for which application threads were stopped: 0.0963620 seconds, Stopping threads took: 0.0000140 seconds
347.015: Application time: 0.0274940 seconds
347.016: [Full GC347.016: [Tenured: 71039K->71039K(71040K), 0.0992310 secs] 102975K->75328K(102976K), [Perm : 8848K->8848K(21248K)], 0.0992780 secs] [Times: user=0.10 sys=0.00, real=0.10 secs] 
347.115: Total time for which application threads were stopped: 0.0993760 seconds, Stopping threads took: 0.0000140 seconds
347.141: Application time: 0.0266040 seconds
347.142: [Full GC347.142: [Tenured: 71040K->71040K(71040K), 0.0870090 secs] 102975K->81483K(102976K), [Perm : 8848K->8848K(21248K)], 0.0870550 secs] [Times: user=0.08 sys=0.00, real=0.09 secs] 
347.229: Total time for which application threads were stopped: 0.0871500 seconds, Stopping threads took: 0.0000130 seconds
347.254: Application time: 0.0251160 seconds
347.254: [Full GC347.254: [Tenured: 71040K->71039K(71040K), 0.1021460 secs] 102975K->76567K(102976K), [Perm : 8848K->8848K(21248K)], 0.1021930 secs] [Times: user=0.10 sys=0.00, real=0.10 secs] 
347.356: Total time for which application threads were stopped: 0.1022870 seconds, Stopping threads took: 0.0000120 seconds
347.386: Application time: 0.0295460 seconds
347.386: [Full GC347.386: [Tenured: 71039K->71039K(71040K), 0.0969480 secs] 102975K->76409K(102976K), [Perm : 8848K->8848K(21248K)], 0.0969920 secs] [Times: user=0.09 sys=0.00, real=0.10 secs] 
347.483: Total time for which application threads were stopped: 0.0971060 seconds, Stopping threads took: 0.0000130 seconds
347.513: Application time: 0.0306370 seconds
347.513: [Full GC347.513: [Tenured: 71039K->71039K(71040K), 0.0959790 secs] 102975K->79499K(102976K), [Perm : 8848K->8848K(21248K)], 0.0960230 secs] [Times: user=0.10 sys=0.00, real=0.10 secs] 
347.609: Total time for which application threads were stopped: 0.0961180 seconds, Stopping threads took: 0.0000130 seconds
347.638: Application time: 0.0289790 seconds
347.638: [Full GC347.638: [Tenured: 71040K->71039K(71040K), 0.0949340 secs] 102975K->79991K(102976K), [Perm : 8848K->8848K(21248K)], 0.0949820 secs] [Times: user=0.09 sys=0.00, real=0.10 secs] 
347.733: Total time for which application threads were stopped: 0.0950780 seconds, Stopping threads took: 0.0000130 seconds
347.762: Application time: 0.0286380 seconds
347.762: [Full GC347.762: [Tenured: 71040K->71039K(71040K), 0.0976520 secs] 102975K->76559K(102976K), [Perm : 8848K->8848K(21248K)], 0.0976980 secs] [Times: user=0.09 sys=0.00, real=0.10 secs] 
347.860: Total time for which application threads were stopped: 0.0977990 seconds, Stopping threads took: 0.0000140 seconds
347.889: Application time: 0.0287420 seconds
347.889: [Full GC347.889: [Tenured: 71039K->71039K(71040K), 0.0826150 secs] 102975K->77922K(102976K), [Perm : 8848K->8848K(21248K)], 0.0826610 secs] [Times: user=0.08 sys=0.00, real=0.08 secs] 
347.971: Total time for which application threads were stopped: 0.0827670 seconds, Stopping threads took: 0.0000140 seconds
348.000: Application time: 0.0287410 seconds
348.000: [Full GC348.000: [Tenured: 71039K->71039K(71040K), 0.0808230 secs] 102975K->77025K(102976K), [Perm : 8848K->8848K(21248K)], 0.0808770 secs] [Times: user=0.08 sys=0.00, real=0.08 secs] 
348.081: Total time for which application threads were stopped: 0.0809710 seconds, Stopping threads took: 0.0000140 seconds
348.107: Application time: 0.0259510 seconds
348.107: [Full GC348.107: [Tenured: 71039K->71039K(71040K), 0.0810120 secs] 102975K->78318K(102976K), [Perm : 8848K->8848K(21248K)], 0.0810580 secs] [Times: user=0.08 sys=0.00, real=0.08 secs] 
348.188: Total time for which application threads were stopped: 0.0811530 seconds, Stopping threads took: 0.0000140 seconds
348.212: Application time: 0.0233750 seconds
348.212: [Full GC348.212: [Tenured: 71039K->71040K(71040K), 0.0971830 secs] 102975K->76839K(102976K), [Perm : 8848K->8848K(21248K)], 0.0972300 secs] [Times: user=0.10 sys=0.00, real=0.10 secs] 
348.309: Total time for which application threads were stopped: 0.0973280 seconds, Stopping threads took: 0.0000140 seconds
348.334: Application time: 0.0249770 seconds
348.334: [Full GC348.334: [Tenured: 71040K->71040K(71040K), 0.0791750 secs] 102975K->76494K(102976K), [Perm : 8848K->8848K(21248K)], 0.0792210 secs] [Times: user=0.08 sys=0.00, real=0.08 secs] 
348.413: Total time for which application threads were stopped: 0.0793180 seconds, Stopping threads took: 0.0000140 seconds
348.439: Application time: 0.0262250 seconds
348.440: [Full GC348.440: [Tenured: 71040K->71040K(71040K), 0.0781190 secs] 102975K->76126K(102976K), [Perm : 8848K->8848K(21248K)], 0.0781680 secs] [Times: user=0.07 sys=0.00, real=0.07 secs] 
348.518: Total time for which application threads were stopped: 0.0782860 seconds, Stopping threads took: 0.0000220 seconds
348.544: Application time: 0.0264060 seconds
348.544: [Full GC348.544: [Tenured: 71040K->71040K(71040K), 0.0778550 secs] 102975K->76143K(102976K), [Perm : 8848K->8848K(21248K)], 0.0779010 secs] [Times: user=0.08 sys=0.00, real=0.08 secs] 
348.622: Total time for which application threads were stopped: 0.0779950 seconds, Stopping threads took: 0.0000130 seconds
348.648: Application time: 0.0256050 seconds
348.648: [Full GC348.648: [Tenured: 71040K->71039K(71040K), 0.0929950 secs] 102975K->75962K(102976K), [Perm : 8848K->8848K(21248K)], 0.0930430 secs] [Times: user=0.09 sys=0.00, real=0.09 secs] 
348.741: Total time for which application threads were stopped: 0.0931430 seconds, Stopping threads took: 0.0000140 seconds
348.767: Application time: 0.0260730 seconds
348.767: [Full GC348.767: [Tenured: 71039K->71039K(71040K), 0.0774820 secs] 102974K->75986K(102976K), [Perm : 8848K->8848K(21248K)], 0.0775240 secs] [Times: user=0.08 sys=0.00, real=0.07 secs] 
348.845: Total time for which application threads were stopped: 0.0776180 seconds, Stopping threads took: 0.0000140 seconds
348.870: Application time: 0.0253370 seconds
348.870: [Full GC348.870: [Tenured: 71039K->71039K(71040K), 0.0775730 secs] 102975K->76058K(102976K), [Perm : 8848K->8848K(21248K)], 0.0776150 secs] [Times: user=0.08 sys=0.00, real=0.08 secs] 
348.948: Total time for which application threads were stopped: 0.0777090 seconds, Stopping threads took: 0.0000140 seconds
348.974: Application time: 0.0266570 seconds
348.974: [Full GC348.974: [Tenured: 71039K->71039K(71040K), 0.0777670 secs] 102975K->76029K(102976K), [Perm : 8848K->8848K(21248K)], 0.0778120 secs] [Times: user=0.07 sys=0.00, real=0.08 secs] 
349.052: Total time for which application threads were stopped: 0.0779200 seconds, Stopping threads took: 0.0000150 seconds
349.078: Application time: 0.0260030 seconds
349.078: [Full GC349.078: [Tenured: 71039K->71040K(71040K), 0.0927870 secs] 102975K->75967K(102976K), [Perm : 8848K->8848K(21248K)], 0.0928330 secs] [Times: user=0.10 sys=0.00, real=0.10 secs] 
349.171: Total time for which application threads were stopped: 0.0929310 seconds, Stopping threads took: 0.0000140 seconds
349.196: Application time: 0.0243600 seconds
349.196: [Full GC349.196: [Tenured: 71040K->71040K(71040K), 0.0787050 secs] 102975K->75952K(102976K), [Perm : 8848K->8848K(21248K)], 0.0787570 secs] [Times: user=0.08 sys=0.00, real=0.08 secs] 
349.274: Total time for which application threads were stopped: 0.0788510 seconds, Stopping threads took: 0.0000150 seconds
349.300: Application time: 0.0258190 seconds
349.300: [Full GC349.300: [Tenured: 71040K->71040K(71040K), 0.0781090 secs] 102975K->75962K(102976K), [Perm : 8848K->8848K(21248K)], 0.0781540 secs] [Times: user=0.08 sys=0.00, real=0.07 secs] 
349.378: Total time for which application threads were stopped: 0.0782500 seconds, Stopping threads took: 0.0000140 seconds
349.405: Application time: 0.0262170 seconds
349.405: [Full GC349.405: [Tenured: 71040K->71040K(71040K), 0.0775240 secs] 102976K->75995K(102976K), [Perm : 8848K->8848K(21248K)], 0.0775680 secs] [Times: user=0.08 sys=0.00, real=0.08 secs] 
349.482: Total time for which application threads were stopped: 0.0776640 seconds, Stopping threads took: 0.0000140 seconds
349.508: Application time: 0.0256990 seconds
349.508: [Full GC349.508: [Tenured: 71040K->71039K(71040K), 0.0959970 secs] 102975K->78916K(102976K), [Perm : 8848K->8848K(21248K)], 0.0960430 secs] [Times: user=0.10 sys=0.00, real=0.09 secs] 
349.604: Total time for which application threads were stopped: 0.0961520 seconds, Stopping threads took: 0.0000150 seconds
349.628: Application time: 0.0240620 seconds
349.628: [Full GC349.628: [Tenured: 71039K->71039K(71040K), 0.0952120 secs] 102975K->79989K(102976K), [Perm : 8848K->8848K(21248K)], 0.0952560 secs] [Times: user=0.09 sys=0.00, real=0.09 secs] 
349.724: Total time for which application threads were stopped: 0.0953520 seconds, Stopping threads took: 0.0000140 seconds
349.747: Application time: 0.0236100 seconds
349.747: [Full GC349.747: [Tenured: 71039K->71040K(71040K), 0.0930890 secs] 102975K->76373K(102976K), [Perm : 8848K->8848K(21248K)], 0.0931350 secs] [Times: user=0.09 sys=0.00, real=0.09 secs] 
349.840: Total time for which application threads were stopped: 0.0932360 seconds, Stopping threads took: 0.0000150 seconds
349.866: Application time: 0.0250430 seconds
349.866: [Full GC349.866: [Tenured: 71040K->71039K(71040K), 0.0841570 secs] 102976K->83374K(102976K), [Perm : 8848K->8848K(21248K)], 0.0842050 secs] [Times: user=0.08 sys=0.00, real=0.09 secs] 
349.950: Total time for which application threads were stopped: 0.0842980 seconds, Stopping threads took: 0.0000140 seconds
349.974: Application time: 0.0238780 seconds
349.974: [Full GC349.974: [Tenured: 71039K->71039K(71040K), 0.0949350 secs] 102975K->74055K(102976K), [Perm : 8848K->8848K(21248K)], 0.0949800 secs] [Times: user=0.10 sys=0.00, real=0.10 secs] 
350.069: Total time for which application threads were stopped: 0.0950750 seconds, Stopping threads took: 0.0000140 seconds
350.098: Application time: 0.0291010 seconds
350.098: [Full GC350.098: [Tenured: 71040K->71039K(71040K), 0.0935460 secs] 102975K->73915K(102976K), [Perm : 8848K->8848K(21248K)], 0.0935900 secs] [Times: user=0.09 sys=0.00, real=0.10 secs] 
350.192: Total time for which application threads were stopped: 0.0937000 seconds, Stopping threads took: 0.0000140 seconds
350.221: Application time: 0.0293200 seconds
350.221: [Full GC350.221: [Tenured: 71039K->71039K(71040K), 0.0960740 secs] 102975K->78058K(102976K), [Perm : 8848K->8848K(21248K)], 0.0961200 secs] [Times: user=0.10 sys=0.00, real=0.09 secs] 
350.317: Total time for which application threads were stopped: 0.0962120 seconds, Stopping threads took: 0.0000140 seconds
350.345: Application time: 0.0281850 seconds
350.345: [Full GC350.345: [Tenured: 71040K->71039K(71040K), 0.0939010 secs] 102976K->79299K(102976K), [Perm : 8848K->8848K(21248K)], 0.0939440 secs] [Times: user=0.10 sys=0.00, real=0.10 secs] 
350.439: Total time for which application threads were stopped: 0.0940390 seconds, Stopping threads took: 0.0000130 seconds
350.466: Application time: 0.0262730 seconds
350.466: [Full GC350.466: [Tenured: 71039K->71039K(71040K), 0.0967540 secs] 102975K->74477K(102976K), [Perm : 8848K->8848K(21248K)], 0.0968020 secs] [Times: user=0.09 sys=0.00, real=0.10 secs] 
350.563: Total time for which application threads were stopped: 0.0969060 seconds, Stopping threads took: 0.0000130 seconds
350.592: Application time: 0.0291290 seconds
350.592: [Full GC350.592: [Tenured: 71039K->71039K(71040K), 0.0962180 secs] 102975K->78783K(102976K), [Perm : 8848K->8848K(21248K)], 0.0962630 secs] [Times: user=0.10 sys=0.00, real=0.10 secs] 
350.688: Total time for which application threads were stopped: 0.0963570 seconds, Stopping threads took: 0.0000140 seconds
350.715: Application time: 0.0268050 seconds
350.715: [Full GC350.715: [Tenured: 71039K->71040K(71040K), 0.0958160 secs] 102975K->80086K(102976K), [Perm : 8848K->8848K(21248K)], 0.0958740 secs] [Times: user=0.10 sys=0.00, real=0.10 secs] 
350.811: Total time for which application threads were stopped: 0.0959800 seconds, Stopping threads took: 0.0000140 seconds
350.839: Application time: 0.0278830 seconds
350.839: [Full GC350.839: [Tenured: 71040K->71039K(71040K), 0.1016320 secs] 102975K->82413K(102976K), [Perm : 8848K->8848K(21248K)], 0.1016780 secs] [Times: user=0.10 sys=0.00, real=0.11 secs] 
350.940: Total time for which application threads were stopped: 0.1017730 seconds, Stopping threads took: 0.0000140 seconds
350.966: Application time: 0.0256790 seconds
350.966: [Full GC350.966: [Tenured: 71039K->71039K(71040K), 0.0996630 secs] 102975K->75119K(102976K), [Perm : 8848K->8848K(21248K)], 0.0997100 secs] [Times: user=0.10 sys=0.00, real=0.10 secs] 
351.066: Total time for which application threads were stopped: 0.0998060 seconds, Stopping threads took: 0.0000130 seconds
351.096: Application time: 0.0305060 seconds
351.097: [Full GC351.097: [Tenured: 71039K->71039K(71040K), 0.0856110 secs] 102975K->79518K(102976K), [Perm : 8848K->8848K(21248K)], 0.0856560 secs] [Times: user=0.09 sys=0.00, real=0.09 secs] 
351.182: Total time for which application threads were stopped: 0.0857510 seconds, Stopping threads took: 0.0000140 seconds
351.213: Application time: 0.0306270 seconds
351.213: [Full GC351.213: [Tenured: 71039K->71039K(71040K), 0.0832110 secs] 102975K->79704K(102976K), [Perm : 8848K->8848K(21248K)], 0.0832570 secs] [Times: user=0.09 sys=0.00, real=0.08 secs] 
351.296: Total time for which application threads were stopped: 0.0833540 seconds, Stopping threads took: 0.0000140 seconds
351.324: Application time: 0.0275720 seconds
351.324: [Full GC351.324: [Tenured: 71040K->71039K(71040K), 0.0837490 secs] 102976K->80443K(102976K), [Perm : 8848K->8848K(21248K)], 0.0837950 secs] [Times: user=0.08 sys=0.00, real=0.09 secs] 
351.408: Total time for which application threads were stopped: 0.0839030 seconds, Stopping threads took: 0.0000140 seconds
351.434: Application time: 0.0265400 seconds
351.434: [Full GC351.434: [Tenured: 71039K->71039K(71040K), 0.0979810 secs] 102975K->76386K(102976K), [Perm : 8848K->8848K(21248K)], 0.0980260 secs] [Times: user=0.10 sys=0.00, real=0.10 secs] 
351.532: Total time for which application threads were stopped: 0.0981210 seconds, Stopping threads took: 0.0000140 seconds
351.560: Application time: 0.0280430 seconds
351.560: [Full GC351.560: [Tenured: 71039K->71039K(71040K), 0.0809200 secs] 102975K->76228K(102976K), [Perm : 8848K->8848K(21248K)], 0.0809640 secs] [Times: user=0.08 sys=0.00, real=0.08 secs] 
351.641: Total time for which application threads were stopped: 0.0810600 seconds, Stopping threads took: 0.0000130 seconds
351.668: Application time: 0.0264230 seconds
351.668: [Full GC351.668: [Tenured: 71040K->71040K(71040K), 0.0812480 secs] 102975K->77563K(102976K), [Perm : 8848K->8848K(21248K)], 0.0812920 secs] [Times: user=0.08 sys=0.00, real=0.08 secs] 
351.749: Total time for which application threads were stopped: 0.0813890 seconds, Stopping threads took: 0.0000140 seconds
351.773: Application time: 0.0238680 seconds
351.773: [Full GC351.773: [Tenured: 71040K->71040K(71040K), 0.0785990 secs] 102975K->77540K(102976K), [Perm : 8848K->8848K(21248K)], 0.0786440 secs] [Times: user=0.08 sys=0.00, real=0.08 secs] 
351.852: Total time for which application threads were stopped: 0.0787370 seconds, Stopping threads took: 0.0000130 seconds
351.877: Application time: 0.0247040 seconds
351.877: [Full GC351.877: [Tenured: 71040K->71039K(71040K), 0.0941910 secs] 102975K->75451K(102976K), [Perm : 8848K->8848K(21248K)], 0.0942460 secs] [Times: user=0.10 sys=0.00, real=0.10 secs] 
351.971: Total time for which application threads were stopped: 0.0943630 seconds, Stopping threads took: 0.0000140 seconds
351.998: Application time: 0.0273770 seconds
351.998: [Full GC351.998: [Tenured: 71039K->71039K(71040K), 0.0809100 secs] 102975K->76244K(102976K), [Perm : 8848K->8848K(21248K)], 0.0809520 secs] [Times: user=0.08 sys=0.00, real=0.09 secs] 
352.079: Total time for which application threads were stopped: 0.0810460 seconds, Stopping threads took: 0.0000140 seconds
352.106: Application time: 0.0264140 seconds
352.106: [Full GC352.106: [Tenured: 71039K->71039K(71040K), 0.0796140 secs] 102975K->76146K(102976K), [Perm : 8848K->8848K(21248K)], 0.0796590 secs] [Times: user=0.08 sys=0.00, real=0.08 secs] 
352.186: Total time for which application threads were stopped: 0.0797540 seconds, Stopping threads took: 0.0000140 seconds
352.211: Application time: 0.0255810 seconds
352.211: [Full GC352.211: [Tenured: 71039K->71039K(71040K), 0.0785420 secs] 102975K->76127K(102976K), [Perm : 8848K->8848K(21248K)], 0.0785880 secs] [Times: user=0.08 sys=0.00, real=0.08 secs] 
352.290: Total time for which application threads were stopped: 0.0786840 seconds, Stopping threads took: 0.0000140 seconds
352.315: Application time: 0.0252960 seconds
352.315: [Full GC352.315: [Tenured: 71039K->71039K(71040K), 0.0939340 secs] 102975K->75964K(102976K), [Perm : 8848K->8848K(21248K)], 0.0939820 secs] [Times: user=0.10 sys=0.00, real=0.10 secs] 
352.409: Total time for which application threads were stopped: 0.0940810 seconds, Stopping threads took: 0.0000140 seconds
352.431: Application time: 0.0223180 seconds
352.432: [Full GC352.432: [Tenured: 71040K->71040K(71040K), 0.0807400 secs] 102975K->76004K(102976K), [Perm : 8848K->8848K(21248K)], 0.0807850 secs] [Times: user=0.08 sys=0.00, real=0.08 secs] 
352.512: Total time for which application threads were stopped: 0.0808920 seconds, Stopping threads took: 0.0000150 seconds
352.539: Application time: 0.0270340 seconds
352.539: [Full GC352.540: [Tenured: 71040K->71040K(71040K), 0.0787570 secs] 102975K->75999K(102976K), [Perm : 8848K->8848K(21248K)], 0.0788010 secs] [Times: user=0.08 sys=0.00, real=0.07 secs] 
352.618: Total time for which application threads were stopped: 0.0788980 seconds, Stopping threads took: 0.0000140 seconds
352.644: Application time: 0.0258390 seconds
352.644: [Full GC352.644: [Tenured: 71040K->71040K(71040K), 0.0795990 secs] 102975K->76009K(102976K), [Perm : 8848K->8848K(21248K)], 0.0796440 secs] [Times: user=0.08 sys=0.00, real=0.08 secs] 
352.724: Total time for which application threads were stopped: 0.0797480 seconds, Stopping threads took: 0.0000240 seconds
352.750: Application time: 0.0260260 seconds
352.750: [Full GC352.750: [Tenured: 71040K->71040K(71040K), 0.0911960 secs] 102976K->75972K(102976K), [Perm : 8848K->8848K(21248K)], 0.0912460 secs] [Times: user=0.09 sys=0.00, real=0.09 secs] 
352.841: Total time for which application threads were stopped: 0.0913450 seconds, Stopping threads took: 0.0000140 seconds
352.867: Application time: 0.0260500 seconds
352.867: [Full GC352.867: [Tenured: 71040K->71040K(71040K), 0.0783950 secs] 102976K->75977K(102976K), [Perm : 8848K->8848K(21248K)], 0.0784390 secs] [Times: user=0.07 sys=0.00, real=0.07 secs] 
352.946: Total time for which application threads were stopped: 0.0785360 seconds, Stopping threads took: 0.0000150 seconds
352.971: Application time: 0.0251640 seconds
352.971: [Full GC352.971: [Tenured: 71040K->71040K(71040K), 0.0799630 secs] 102975K->76526K(102976K), [Perm : 8848K->8848K(21248K)], 0.0800050 secs] [Times: user=0.08 sys=0.00, real=0.08 secs] 
353.051: Total time for which application threads were stopped: 0.0801210 seconds, Stopping threads took: 0.0000210 seconds
353.076: Application time: 0.0248890 seconds
353.076: [Full GC353.076: [Tenured: 71040K->71039K(71040K), 0.0947540 secs] 102976K->79848K(102976K), [Perm : 8848K->8848K(21248K)], 0.0948090 secs] [Times: user=0.10 sys=0.00, real=0.10 secs] 
353.171: Total time for which application threads were stopped: 0.0949050 seconds, Stopping threads took: 0.0000140 seconds
353.192: Application time: 0.0207640 seconds
353.192: [Full GC353.192: [Tenured: 71039K->71039K(71040K), 0.0963560 secs] 102975K->72466K(102976K), [Perm : 8848K->8848K(21248K)], 0.0964030 secs] [Times: user=0.10 sys=0.00, real=0.10 secs] 
353.288: Total time for which application threads were stopped: 0.0964980 seconds, Stopping threads took: 0.0000140 seconds
353.315: Application time: 0.0270030 seconds
353.315: [Full GC353.315: [Tenured: 71039K->71039K(71040K), 0.0810620 secs] 102975K->76113K(102976K), [Perm : 8848K->8848K(21248K)], 0.0811060 secs] [Times: user=0.08 sys=0.00, real=0.08 secs] 
353.396: Total time for which application threads were stopped: 0.0811990 seconds, Stopping threads took: 0.0000140 seconds
353.422: Application time: 0.0259260 seconds
353.422: [Full GC353.422: [Tenured: 71039K->71039K(71040K), 0.0975660 secs] 102975K->82704K(102976K), [Perm : 8848K->8848K(21248K)], 0.0976100 secs] [Times: user=0.09 sys=0.00, real=0.10 secs] 
353.520: Total time for which application threads were stopped: 0.0977040 seconds, Stopping threads took: 0.0000140 seconds
353.545: Application time: 0.0245150 seconds
353.545: [Full GC353.545: [Tenured: 71039K->71039K(71040K), 0.0930920 secs] 102975K->71131K(102976K), [Perm : 8848K->8848K(21248K)], 0.0931380 secs] [Times: user=0.09 sys=0.00, real=0.09 secs] 
353.638: Total time for which application threads were stopped: 0.0932540 seconds, Stopping threads took: 0.0000140 seconds
353.667: Application time: 0.0291510 seconds
353.667: [Full GC353.667: [Tenured: 71039K->71040K(71040K), 0.0966990 secs] 102975K->72723K(102976K), [Perm : 8848K->8848K(21248K)], 0.0967470 secs] [Times: user=0.09 sys=0.00, real=0.09 secs] 
353.764: Total time for which application threads were stopped: 0.0968510 seconds, Stopping threads took: 0.0000140 seconds
353.794: Application time: 0.0304050 seconds
353.794: [Full GC353.794: [Tenured: 71040K->71040K(71040K), 0.0821430 secs] 102976K->77295K(102976K), [Perm : 8848K->8848K(21248K)], 0.0821880 secs] [Times: user=0.08 sys=0.00, real=0.08 secs] 
353.877: Total time for which application threads were stopped: 0.0822830 seconds, Stopping threads took: 0.0000140 seconds
353.903: Application time: 0.0266790 seconds
353.903: [Full GC353.903: [Tenured: 71040K->71040K(71040K), 0.0852770 secs] 102975K->80445K(102976K), [Perm : 8848K->8848K(21248K)], 0.0853240 secs] [Times: user=0.09 sys=0.00, real=0.09 secs] 
353.989: Total time for which application threads were stopped: 0.0854190 seconds, Stopping threads took: 0.0000130 seconds
354.014: Application time: 0.0254890 seconds
354.014: [Full GC354.014: [Tenured: 71040K->71039K(71040K), 0.0976460 secs] 102976K->75810K(102976K), [Perm : 8848K->8848K(21248K)], 0.0976930 secs] [Times: user=0.09 sys=0.00, real=0.10 secs] 
354.112: Total time for which application threads were stopped: 0.0977880 seconds, Stopping threads took: 0.0000130 seconds
354.140: Application time: 0.0278210 seconds
354.140: [Full GC354.140: [Tenured: 71039K->71039K(71040K), 0.0987900 secs] 102975K->75568K(102976K), [Perm : 8848K->8848K(21248K)], 0.0988370 secs] [Times: user=0.10 sys=0.00, real=0.09 secs] 
354.239: Total time for which application threads were stopped: 0.0989500 seconds, Stopping threads took: 0.0000230 seconds
354.267: Application time: 0.0278790 seconds
354.267: [Full GC354.267: [Tenured: 71039K->71039K(71040K), 0.0964600 secs] 102975K->81562K(102976K), [Perm : 8848K->8848K(21248K)], 0.0965050 secs] [Times: user=0.10 sys=0.00, real=0.10 secs] 
354.363: Total time for which application threads were stopped: 0.0965970 seconds, Stopping threads took: 0.0000130 seconds
354.390: Application time: 0.0264250 seconds
354.390: [Full GC354.390: [Tenured: 71039K->71039K(71040K), 0.0998770 secs] 102975K->76222K(102976K), [Perm : 8848K->8848K(21248K)], 0.0999230 secs] [Times: user=0.10 sys=0.00, real=0.10 secs] 
354.490: Total time for which application threads were stopped: 0.1000260 seconds, Stopping threads took: 0.0000130 seconds
354.521: Application time: 0.0310430 seconds
354.521: [Full GC354.521: [Tenured: 71039K->71039K(71040K), 0.0843870 secs] 102975K->78972K(102976K), [Perm : 8848K->8848K(21248K)], 0.0844360 secs] [Times: user=0.09 sys=0.00, real=0.08 secs] 
354.605: Total time for which application threads were stopped: 0.0845340 seconds, Stopping threads took: 0.0000140 seconds
354.636: Application time: 0.0310430 seconds
354.636: [Full GC354.636: [Tenured: 71039K->71039K(71040K), 0.0970810 secs] 102975K->76019K(102976K), [Perm : 8848K->8848K(21248K)], 0.0971280 secs] [Times: user=0.10 sys=0.00, real=0.10 secs] 
354.733: Total time for which application threads were stopped: 0.0972220 seconds, Stopping threads took: 0.0000130 seconds
354.763: Application time: 0.0296200 seconds
354.763: [Full GC354.763: [Tenured: 71039K->71039K(71040K), 0.0806850 secs] 102975K->78731K(102976K), [Perm : 8848K->8848K(21248K)], 0.0807300 secs] [Times: user=0.08 sys=0.00, real=0.08 secs] 
354.844: Total time for which application threads were stopped: 0.0808370 seconds, Stopping threads took: 0.0000130 seconds
354.871: Application time: 0.0275230 seconds
354.872: [Full GC354.872: [Tenured: 71039K->71039K(71040K), 0.0798770 secs] 102975K->78878K(102976K), [Perm : 8848K->8848K(21248K)], 0.0799220 secs] [Times: user=0.08 sys=0.00, real=0.08 secs] 
354.951: Total time for which application threads were stopped: 0.0800160 seconds, Stopping threads took: 0.0000130 seconds
354.978: Application time: 0.0268240 seconds
354.978: [Full GC354.978: [Tenured: 71039K->71039K(71040K), 0.0794480 secs] 102975K->79127K(102976K), [Perm : 8848K->8848K(21248K)], 0.0794930 secs] [Times: user=0.08 sys=0.00, real=0.08 secs] 
355.058: Total time for which application threads were stopped: 0.0795890 seconds, Stopping threads took: 0.0000140 seconds
355.084: Application time: 0.0257730 seconds
355.084: [Full GC355.084: [Tenured: 71039K->71039K(71040K), 0.0977170 secs] 102975K->75656K(102976K), [Perm : 8848K->8848K(21248K)], 0.0977660 secs] [Times: user=0.09 sys=0.00, real=0.10 secs] 
355.182: Total time for which application threads were stopped: 0.0978640 seconds, Stopping threads took: 0.0000130 seconds
355.208: Application time: 0.0265580 seconds
355.208: [Full GC355.208: [Tenured: 71039K->71039K(71040K), 0.0796140 secs] 102975K->75674K(102976K), [Perm : 8848K->8848K(21248K)], 0.0796590 secs] [Times: user=0.08 sys=0.00, real=0.08 secs] 
355.288: Total time for which application threads were stopped: 0.0797520 seconds, Stopping threads took: 0.0000140 seconds
355.314: Application time: 0.0261560 seconds
355.314: [Full GC355.314: [Tenured: 71039K->71039K(71040K), 0.0788630 secs] 102975K->75688K(102976K), [Perm : 8848K->8848K(21248K)], 0.0789080 secs] [Times: user=0.07 sys=0.00, real=0.08 secs] 
355.393: Total time for which application threads were stopped: 0.0790110 seconds, Stopping threads took: 0.0000130 seconds
355.420: Application time: 0.0264960 seconds
355.420: [Full GC355.420: [Tenured: 71039K->71039K(71040K), 0.0784200 secs] 102975K->76098K(102976K), [Perm : 8848K->8848K(21248K)], 0.0784620 secs] [Times: user=0.08 sys=0.00, real=0.07 secs] 
355.498: Total time for which application threads were stopped: 0.0785570 seconds, Stopping threads took: 0.0000130 seconds
355.524: Application time: 0.0263630 seconds
355.524: [Full GC355.525: [Tenured: 71039K->71039K(71040K), 0.0941590 secs] 102975K->75939K(102976K), [Perm : 8848K->8848K(21248K)], 0.0942070 secs] [Times: user=0.10 sys=0.00, real=0.09 secs] 
355.619: Total time for which application threads were stopped: 0.0943050 seconds, Stopping threads took: 0.0000130 seconds
355.644: Application time: 0.0256810 seconds
355.644: [Full GC355.645: [Tenured: 71039K->71039K(71040K), 0.0779040 secs] 102975K->75949K(102976K), [Perm : 8848K->8848K(21248K)], 0.0779570 secs] [Times: user=0.08 sys=0.00, real=0.08 secs] 
355.722: Total time for which application threads were stopped: 0.0780650 seconds, Stopping threads took: 0.0000150 seconds
355.748: Application time: 0.0256510 seconds
355.748: [Full GC355.748: [Tenured: 71040K->71040K(71040K), 0.0776980 secs] 102975K->75978K(102976K), [Perm : 8848K->8848K(21248K)], 0.0777510 secs] [Times: user=0.08 sys=0.00, real=0.07 secs] 
355.826: Total time for which application threads were stopped: 0.0778460 seconds, Stopping threads took: 0.0000130 seconds
355.852: Application time: 0.0264780 seconds
355.853: [Full GC355.853: [Tenured: 71040K->71040K(71040K), 0.0776510 secs] 102975K->76088K(102976K), [Perm : 8848K->8848K(21248K)], 0.0776990 secs] [Times: user=0.08 sys=0.00, real=0.08 secs] 
355.930: Total time for which application threads were stopped: 0.0778090 seconds, Stopping threads took: 0.0000150 seconds
355.957: Application time: 0.0269090 seconds
355.957: [Full GC355.957: [Tenured: 71040K->71040K(71040K), 0.0928080 secs] 102976K->75955K(102976K), [Perm : 8848K->8848K(21248K)], 0.0928630 secs] [Times: user=0.10 sys=0.00, real=0.10 secs] 
356.050: Total time for which application threads were stopped: 0.0929640 seconds, Stopping threads took: 0.0000140 seconds
356.076: Application time: 0.0261560 seconds
356.076: [Full GC356.076: [Tenured: 71040K->71040K(71040K), 0.0772840 secs] 102975K->75973K(102976K), [Perm : 8848K->8848K(21248K)], 0.0773280 secs] [Times: user=0.08 sys=0.00, real=0.08 secs] 
356.154: Total time for which application threads were stopped: 0.0774250 seconds, Stopping threads took: 0.0000140 seconds
356.180: Application time: 0.0264120 seconds
356.180: [Full GC356.180: [Tenured: 71040K->71040K(71040K), 0.0772690 secs] 102975K->75981K(102976K), [Perm : 8848K->8848K(21248K)], 0.0773120 secs] [Times: user=0.08 sys=0.00, real=0.07 secs] 
356.258: Total time for which application threads were stopped: 0.0774080 seconds, Stopping threads took: 0.0000140 seconds
356.284: Application time: 0.0260240 seconds
356.284: [Full GC356.284: [Tenured: 71040K->71040K(71040K), 0.0786840 secs] 102975K->75967K(102976K), [Perm : 8848K->8848K(21248K)], 0.0787290 secs] [Times: user=0.08 sys=0.00, real=0.08 secs] 
356.362: Total time for which application threads were stopped: 0.0788220 seconds, Stopping threads took: 0.0000150 seconds
356.388: Application time: 0.0257370 seconds
356.388: [Full GC356.388: [Tenured: 71040K->71040K(71040K), 0.0959480 secs] 102975K->78931K(102976K), [Perm : 8848K->8848K(21248K)], 0.0959930 secs] [Times: user=0.10 sys=0.00, real=0.09 secs] 
356.484: Total time for which application threads were stopped: 0.0961040 seconds, Stopping threads took: 0.0000150 seconds
356.509: Application time: 0.0250680 seconds
356.509: [Full GC356.509: [Tenured: 71040K->71039K(71040K), 0.0926580 secs] 102975K->77645K(102976K), [Perm : 8848K->8848K(21248K)], 0.0927070 secs] [Times: user=0.09 sys=0.00, real=0.09 secs] 
356.602: Total time for which application threads were stopped: 0.0928060 seconds, Stopping threads took: 0.0000150 seconds
356.625: Application time: 0.0224660 seconds
356.625: [Full GC356.625: [Tenured: 71039K->71040K(71040K), 0.0914490 secs] 102975K->79148K(102976K), [Perm : 8848K->8848K(21248K)], 0.0914950 secs] [Times: user=0.09 sys=0.00, real=0.09 secs] 
356.716: Total time for which application threads were stopped: 0.0915930 seconds, Stopping threads took: 0.0000140 seconds
356.739: Application time: 0.0228450 seconds
356.739: [Full GC356.739: [Tenured: 71040K->71040K(71040K), 0.0810920 secs] 102975K->82631K(102976K), [Perm : 8848K->8848K(21248K)], 0.0811360 secs] [Times: user=0.08 sys=0.00, real=0.08 secs] 
356.820: Total time for which application threads were stopped: 0.0812330 seconds, Stopping threads took: 0.0000140 seconds
356.843: Application time: 0.0229230 seconds
356.843: [Full GC356.843: [Tenured: 71040K->71039K(71040K), 0.0980790 secs] 102975K->75181K(102976K), [Perm : 8848K->8848K(21248K)], 0.0981240 secs] [Times: user=0.10 sys=0.00, real=0.10 secs] 
356.941: Total time for which application threads were stopped: 0.0982180 seconds, Stopping threads took: 0.0000130 seconds
356.968: Application time: 0.0269750 seconds
356.968: [Full GC356.968: [Tenured: 71039K->71039K(71040K), 0.0884890 secs] 102974K->71377K(102976K), [Perm : 8848K->8848K(21248K)], 0.0885420 secs] [Times: user=0.09 sys=0.00, real=0.08 secs] 
357.057: Total time for which application threads were stopped: 0.0886530 seconds, Stopping threads took: 0.0000130 seconds
357.086: Application time: 0.0289020 seconds
357.086: [Full GC357.086: [Tenured: 71039K->71040K(71040K), 0.0939430 secs] 102975K->74275K(102976K), [Perm : 8848K->8848K(21248K)], 0.0939880 secs] [Times: user=0.10 sys=0.00, real=0.10 secs] 
357.180: Total time for which application threads were stopped: 0.0940820 seconds, Stopping threads took: 0.0000130 seconds
357.208: Application time: 0.0277840 seconds
357.208: [Full GC357.208: [Tenured: 71040K->71040K(71040K), 0.0845310 secs] 102975K->78997K(102976K), [Perm : 8848K->8848K(21248K)], 0.0845750 secs] [Times: user=0.09 sys=0.00, real=0.08 secs] 
357.292: Total time for which application threads were stopped: 0.0846690 seconds, Stopping threads took: 0.0000130 seconds
357.321: Application time: 0.0283900 seconds
357.321: [Full GC357.321: [Tenured: 71040K->71039K(71040K), 0.0968290 secs] 102975K->76216K(102976K), [Perm : 8848K->8848K(21248K)], 0.0968730 secs] [Times: user=0.09 sys=0.00, real=0.09 secs] 
357.418: Total time for which application threads were stopped: 0.0969670 seconds, Stopping threads took: 0.0000120 seconds
357.445: Application time: 0.0270050 seconds
357.445: [Full GC357.445: [Tenured: 71039K->71039K(71040K), 0.0967360 secs] 102975K->78405K(102976K), [Perm : 8848K->8848K(21248K)], 0.0967830 secs] [Times: user=0.09 sys=0.00, real=0.10 secs] 
357.542: Total time for which application threads were stopped: 0.0968810 seconds, Stopping threads took: 0.0000140 seconds
357.569: Application time: 0.0270560 seconds
357.569: [Full GC357.569: [Tenured: 71040K->71040K(71040K), 0.0983000 secs] 102975K->75448K(102976K), [Perm : 8848K->8848K(21248K)], 0.0983440 secs] [Times: user=0.10 sys=0.00, real=0.10 secs] 
357.667: Total time for which application threads were stopped: 0.0984520 seconds, Stopping threads took: 0.0000140 seconds
357.694: Application time: 0.0264800 seconds
357.694: [Full GC357.694: [Tenured: 71040K->71039K(71040K), 0.0847140 secs] 102975K->81291K(102976K), [Perm : 8848K->8848K(21248K)], 0.0847600 secs] [Times: user=0.09 sys=0.00, real=0.08 secs] 
357.779: Total time for which application threads were stopped: 0.0848510 seconds, Stopping threads took: 0.0000130 seconds
357.804: Application time: 0.0249400 seconds
357.804: [Full GC357.804: [Tenured: 71039K->71039K(71040K), 0.0981710 secs] 102975K->75712K(102976K), [Perm : 8848K->8848K(21248K)], 0.0982190 secs] [Times: user=0.10 sys=0.00, real=0.10 secs] 
357.902: Total time for which application threads were stopped: 0.0983130 seconds, Stopping threads took: 0.0000130 seconds
357.932: Application time: 0.0297070 seconds
357.932: [Full GC357.932: [Tenured: 71039K->71039K(71040K), 0.0842780 secs] 102975K->78319K(102976K), [Perm : 8848K->8848K(21248K)], 0.0843230 secs] [Times: user=0.08 sys=0.00, real=0.08 secs] 
358.016: Total time for which application threads were stopped: 0.0844180 seconds, Stopping threads took: 0.0000130 seconds
358.047: Application time: 0.0309940 seconds
358.047: [Full GC358.047: [Tenured: 71039K->71039K(71040K), 0.0842460 secs] 102975K->79756K(102976K), [Perm : 8848K->8848K(21248K)], 0.0842910 secs] [Times: user=0.08 sys=0.00, real=0.08 secs] 
358.131: Total time for which application threads were stopped: 0.0843870 seconds, Stopping threads took: 0.0000120 seconds
358.159: Application time: 0.0275940 seconds
358.159: [Full GC358.159: [Tenured: 71039K->71039K(71040K), 0.0965200 secs] 102975K->75852K(102976K), [Perm : 8848K->8848K(21248K)], 0.0965660 secs] [Times: user=0.09 sys=0.00, real=0.09 secs] 
358.256: Total time for which application threads were stopped: 0.0966810 seconds, Stopping threads took: 0.0000140 seconds
358.286: Application time: 0.0306500 seconds
358.286: [Full GC358.286: [Tenured: 71039K->71039K(71040K), 0.0943310 secs] 102975K->76352K(102976K), [Perm : 8848K->8848K(21248K)], 0.0943860 secs] [Times: user=0.10 sys=0.00, real=0.10 secs] 
358.381: Total time for which application threads were stopped: 0.0944830 seconds, Stopping threads took: 0.0000140 seconds
358.410: Application time: 0.0296290 seconds
358.410: [Full GC358.410: [Tenured: 71039K->71039K(71040K), 0.0798640 secs] 102975K->76589K(102976K), [Perm : 8848K->8848K(21248K)], 0.0799100 secs] [Times: user=0.08 sys=0.00, real=0.08 secs] 
358.490: Total time for which application threads were stopped: 0.0800070 seconds, Stopping threads took: 0.0000140 seconds
358.518: Application time: 0.0280870 seconds
358.519: [Full GC358.519: [Tenured: 71039K->71039K(71040K), 0.0806020 secs] 102975K->77820K(102976K), [Perm : 8848K->8848K(21248K)], 0.0806470 secs] [Times: user=0.08 sys=0.00, real=0.09 secs] 
358.599: Total time for which application threads were stopped: 0.0807390 seconds, Stopping threads took: 0.0000130 seconds
358.625: Application time: 0.0253110 seconds
358.625: [Full GC358.625: [Tenured: 71039K->71039K(71040K), 0.0774000 secs] 102975K->77797K(102976K), [Perm : 8848K->8848K(21248K)], 0.0774470 secs] [Times: user=0.07 sys=0.00, real=0.08 secs] 
358.702: Total time for which application threads were stopped: 0.0775430 seconds, Stopping threads took: 0.0000140 seconds
358.727: Application time: 0.0251680 seconds
358.727: [Full GC358.727: [Tenured: 71039K->71039K(71040K), 0.0935600 secs] 102975K->75810K(102976K), [Perm : 8848K->8848K(21248K)], 0.0936060 secs] [Times: user=0.10 sys=0.00, real=0.09 secs] 
358.821: Total time for which application threads were stopped: 0.0937160 seconds, Stopping threads took: 0.0000140 seconds
358.847: Application time: 0.0260550 seconds
358.847: [Full GC358.847: [Tenured: 71039K->71039K(71040K), 0.0790040 secs] 102975K->76097K(102976K), [Perm : 8848K->8848K(21248K)], 0.0790500 secs] [Times: user=0.08 sys=0.00, real=0.07 secs] 
358.926: Total time for which application threads were stopped: 0.0791440 seconds, Stopping threads took: 0.0000150 seconds
358.952: Application time: 0.0259980 seconds
358.952: [Full GC358.952: [Tenured: 71039K->71039K(71040K), 0.0778450 secs] 102975K->76216K(102976K), [Perm : 8848K->8848K(21248K)], 0.0778900 secs] [Times: user=0.07 sys=0.00, real=0.08 secs] 
359.030: Total time for which application threads were stopped: 0.0779840 seconds, Stopping threads took: 0.0000140 seconds
359.056: Application time: 0.0255940 seconds
359.056: [Full GC359.056: [Tenured: 71039K->71039K(71040K), 0.0783600 secs] 102975K->76151K(102976K), [Perm : 8848K->8848K(21248K)], 0.0784050 secs] [Times: user=0.08 sys=0.00, real=0.08 secs] 
359.134: Total time for which application threads were stopped: 0.0784990 seconds, Stopping threads took: 0.0000150 seconds
359.159: Application time: 0.0243230 seconds
359.159: [Full GC359.159: [Tenured: 71039K->71039K(71040K), 0.0945990 secs] 102975K->76009K(102976K), [Perm : 8848K->8848K(21248K)], 0.0946460 secs] [Times: user=0.10 sys=0.00, real=0.10 secs] 
359.253: Total time for which application threads were stopped: 0.0947430 seconds, Stopping threads took: 0.0000140 seconds
359.280: Application time: 0.0269620 seconds
359.280: [Full GC359.280: [Tenured: 71040K->71040K(71040K), 0.0773810 secs] 102976K->76104K(102976K), [Perm : 8848K->8848K(21248K)], 0.0774250 secs] [Times: user=0.08 sys=0.00, real=0.07 secs] 
359.358: Total time for which application threads were stopped: 0.0775320 seconds, Stopping threads took: 0.0000140 seconds
359.383: Application time: 0.0252400 seconds
359.383: [Full GC359.383: [Tenured: 71040K->71040K(71040K), 0.0777310 secs] 102976K->76128K(102976K), [Perm : 8848K->8848K(21248K)], 0.0777740 secs] [Times: user=0.08 sys=0.00, real=0.08 secs] 
359.461: Total time for which application threads were stopped: 0.0778680 seconds, Stopping threads took: 0.0000140 seconds
359.485: Application time: 0.0243870 seconds
359.485: [Full GC359.485: [Tenured: 71040K->71040K(71040K), 0.0771000 secs] 102976K->76080K(102976K), [Perm : 8848K->8848K(21248K)], 0.0771410 secs] [Times: user=0.07 sys=0.00, real=0.08 secs] 
359.563: Total time for which application threads were stopped: 0.0772450 seconds, Stopping threads took: 0.0000140 seconds
359.587: Application time: 0.0247100 seconds
359.587: [Full GC359.587: [Tenured: 71040K->71039K(71040K), 0.0901290 secs] 102975K->75994K(102976K), [Perm : 8848K->8848K(21248K)], 0.0901770 secs] [Times: user=0.09 sys=0.00, real=0.08 secs] 
359.678: Total time for which application threads were stopped: 0.0902760 seconds, Stopping threads took: 0.0000140 seconds
359.704: Application time: 0.0261270 seconds
359.704: [Full GC359.704: [Tenured: 71039K->71039K(71040K), 0.0775910 secs] 102975K->75961K(102976K), [Perm : 8848K->8848K(21248K)], 0.0776330 secs] [Times: user=0.08 sys=0.00, real=0.08 secs] 
359.781: Total time for which application threads were stopped: 0.0777290 seconds, Stopping threads took: 0.0000150 seconds
359.807: Application time: 0.0258370 seconds
359.807: [Full GC359.807: [Tenured: 71039K->71039K(71040K), 0.0809900 secs] 102975K->78976K(102976K), [Perm : 8848K->8848K(21248K)], 0.0810370 secs] [Times: user=0.08 sys=0.00, real=0.08 secs] 
359.888: Total time for which application threads were stopped: 0.0811420 seconds, Stopping threads took: 0.0000140 seconds
359.914: Application time: 0.0254280 seconds
359.914: [Full GC359.914: [Tenured: 71040K->71039K(71040K), 0.0928150 secs] 102976K->77395K(102976K), [Perm : 8848K->8848K(21248K)], 0.0928620 secs] [Times: user=0.09 sys=0.00, real=0.09 secs] 
360.007: Total time for which application threads were stopped: 0.0929630 seconds, Stopping threads took: 0.0000140 seconds
360.033: Application time: 0.0260410 seconds
360.033: [Full GC360.033: [Tenured: 71039K->71039K(71040K), 0.0941890 secs] 102975K->75129K(102976K), [Perm : 8848K->8848K(21248K)], 0.0942330 secs] [Times: user=0.09 sys=0.00, real=0.10 secs] 
360.127: Total time for which application threads were stopped: 0.0943310 seconds, Stopping threads took: 0.0000150 seconds
360.152: Application time: 0.0247920 seconds
360.152: [Full GC360.152: [Tenured: 71039K->71039K(71040K), 0.0833620 secs] 102975K->78513K(102976K), [Perm : 8848K->8848K(21248K)], 0.0834070 secs] [Times: user=0.08 sys=0.00, real=0.08 secs] 
360.235: Total time for which application threads were stopped: 0.0835020 seconds, Stopping threads took: 0.0000150 seconds
360.261: Application time: 0.0260280 seconds
360.262: [Full GC360.262: [Tenured: 71039K->71036K(71040K), 0.0917820 secs] 102975K->77590K(102976K), [Perm : 8848K->8848K(21248K)], 0.0918270 secs] [Times: user=0.09 sys=0.00, real=0.09 secs] 
360.353: Total time for which application threads were stopped: 0.0919250 seconds, Stopping threads took: 0.0000140 seconds
360.377: Application time: 0.0231030 seconds
360.377: [Full GC360.377: [Tenured: 71040K->71039K(71040K), 0.0994810 secs] 102975K->85580K(102976K), [Perm : 8848K->8848K(21248K)], 0.0995270 secs] [Times: user=0.10 sys=0.00, real=0.10 secs] 
360.476: Total time for which application threads were stopped: 0.0996480 seconds, Stopping threads took: 0.0000230 seconds
360.497: Application time: 0.0211970 seconds
360.497: [Full GC360.497: [Tenured: 71040K->71039K(71040K), 0.0932220 secs] 102976K->72384K(102976K), [Perm : 8848K->8848K(21248K)], 0.0932690 secs] [Times: user=0.09 sys=0.00, real=0.10 secs] 
360.591: Total time for which application threads were stopped: 0.0933660 seconds, Stopping threads took: 0.0000130 seconds
360.621: Application time: 0.0298280 seconds
360.621: [Full GC360.621: [Tenured: 71039K->71039K(71040K), 0.0957810 secs] 102975K->75119K(102976K), [Perm : 8848K->8848K(21248K)], 0.0958250 secs] [Times: user=0.09 sys=0.00, real=0.09 secs] 
360.716: Total time for which application threads were stopped: 0.0959180 seconds, Stopping threads took: 0.0000130 seconds
360.743: Application time: 0.0268810 seconds
360.743: [Full GC360.743: [Tenured: 71039K->71036K(71040K), 0.0851480 secs] 102975K->79236K(102976K), [Perm : 8848K->8848K(21248K)], 0.0851960 secs] [Times: user=0.09 sys=0.00, real=0.09 secs] 
360.829: Total time for which application threads were stopped: 0.0852900 seconds, Stopping threads took: 0.0000130 seconds
360.857: Application time: 0.0285580 seconds
360.857: [Full GC360.857: [Tenured: 71040K->71039K(71040K), 0.0970250 secs] 102975K->82183K(102976K), [Perm : 8848K->8848K(21248K)], 0.0970800 secs] [Times: user=0.10 sys=0.00, real=0.10 secs] 
360.954: Total time for which application threads were stopped: 0.0971760 seconds, Stopping threads took: 0.0000130 seconds
360.979: Application time: 0.0241330 seconds
360.979: [Full GC360.979: [Tenured: 71039K->71039K(71040K), 0.0981940 secs] 102975K->74927K(102976K), [Perm : 8848K->8848K(21248K)], 0.0982410 secs] [Times: user=0.10 sys=0.00, real=0.10 secs] 
361.077: Total time for which application threads were stopped: 0.0983590 seconds, Stopping threads took: 0.0000240 seconds
361.106: Application time: 0.0293470 seconds
361.106: [Full GC361.106: [Tenured: 71039K->71037K(71040K), 0.0847080 secs] 102975K->80086K(102976K), [Perm : 8848K->8848K(21248K)], 0.0847510 secs] [Times: user=0.09 sys=0.00, real=0.09 secs] 
361.191: Total time for which application threads were stopped: 0.0848670 seconds, Stopping threads took: 0.0000340 seconds
361.218: Application time: 0.0267290 seconds
361.218: [Full GC361.218: [Tenured: 71039K->71039K(71040K), 0.0979240 secs] 102974K->84141K(102976K), [Perm : 8848K->8848K(21248K)], 0.0979700 secs] [Times: user=0.09 sys=0.00, real=0.10 secs] 
361.316: Total time for which application threads were stopped: 0.0980640 seconds, Stopping threads took: 0.0000140 seconds
361.339: Application time: 0.0234540 seconds
361.339: [Full GC361.339: [Tenured: 71039K->71039K(71040K), 0.1006390 secs] 102975K->73672K(102976K), [Perm : 8848K->8848K(21248K)], 0.1006850 secs] [Times: user=0.10 sys=0.00, real=0.10 secs] 
361.440: Total time for which application threads were stopped: 0.1007760 seconds, Stopping threads took: 0.0000130 seconds
361.471: Application time: 0.0310690 seconds
361.471: [Full GC361.471: [Tenured: 71039K->71040K(71040K), 0.1011460 secs] 102975K->77594K(102976K), [Perm : 8848K->8848K(21248K)], 0.1011900 secs] [Times: user=0.10 sys=0.00, real=0.10 secs] 
361.572: Total time for which application threads were stopped: 0.1012820 seconds, Stopping threads took: 0.0000130 seconds
361.604: Application time: 0.0318180 seconds
361.604: [Full GC361.604: [Tenured: 71040K->71039K(71040K), 0.0831820 secs] 102976K->79148K(102976K), [Perm : 8848K->8848K(21248K)], 0.0832280 secs] [Times: user=0.09 sys=0.00, real=0.09 secs] 
361.688: Total time for which application threads were stopped: 0.0833360 seconds, Stopping threads took: 0.0000140 seconds
361.717: Application time: 0.0294740 seconds
361.717: [Full GC361.717: [Tenured: 71039K->71039K(71040K), 0.0823900 secs] 102975K->79334K(102976K), [Perm : 8848K->8848K(21248K)], 0.0824360 secs] [Times: user=0.08 sys=0.00, real=0.09 secs] 
361.800: Total time for which application threads were stopped: 0.0825320 seconds, Stopping threads took: 0.0000130 seconds
361.827: Application time: 0.0274570 seconds
361.827: [Full GC361.827: [Tenured: 71039K->71039K(71040K), 0.0831530 secs] 102975K->79578K(102976K), [Perm : 8848K->8848K(21248K)], 0.0832020 secs] [Times: user=0.08 sys=0.00, real=0.08 secs] 
361.910: Total time for which application threads were stopped: 0.0833000 seconds, Stopping threads took: 0.0000140 seconds
361.938: Application time: 0.0274590 seconds
361.938: [Full GC361.938: [Tenured: 71039K->71040K(71040K), 0.0989740 secs] 102975K->76257K(102976K), [Perm : 8848K->8848K(21248K)], 0.0990230 secs] [Times: user=0.10 sys=0.00, real=0.10 secs] 
362.037: Total time for which application threads were stopped: 0.0991180 seconds, Stopping threads took: 0.0000140 seconds
362.066: Application time: 0.0287630 seconds
362.066: [Full GC362.066: [Tenured: 71040K->71040K(71040K), 0.0805970 secs] 102975K->76120K(102976K), [Perm : 8848K->8848K(21248K)], 0.0806410 secs] [Times: user=0.08 sys=0.00, real=0.08 secs] 
362.146: Total time for which application threads were stopped: 0.0807370 seconds, Stopping threads took: 0.0000140 seconds
362.171: Application time: 0.0243970 seconds
362.171: [Full GC362.171: [Tenured: 71040K->71040K(71040K), 0.0814030 secs] 102975K->78154K(102976K), [Perm : 8848K->8848K(21248K)], 0.0814530 secs] [Times: user=0.08 sys=0.00, real=0.08 secs] 
362.252: Total time for which application threads were stopped: 0.0815560 seconds, Stopping threads took: 0.0000130 seconds
362.277: Application time: 0.0244980 seconds
362.277: [Full GC362.277: [Tenured: 71040K->71040K(71040K), 0.0819690 secs] 102975K->78227K(102976K), [Perm : 8848K->8848K(21248K)], 0.0820260 secs] [Times: user=0.08 sys=0.00, real=0.09 secs] 
362.359: Total time for which application threads were stopped: 0.0821230 seconds, Stopping threads took: 0.0000140 seconds
362.384: Application time: 0.0251850 seconds
362.384: [Full GC362.384: [Tenured: 71040K->71039K(71040K), 0.0964380 secs] 102976K->75944K(102976K), [Perm : 8848K->8848K(21248K)], 0.0964860 secs] [Times: user=0.10 sys=0.00, real=0.10 secs] 
362.481: Total time for which application threads were stopped: 0.0965820 seconds, Stopping threads took: 0.0000140 seconds
362.507: Application time: 0.0262680 seconds
362.507: [Full GC362.507: [Tenured: 71039K->71039K(71040K), 0.0784560 secs] 102975K->76025K(102976K), [Perm : 8848K->8848K(21248K)], 0.0785000 secs] [Times: user=0.08 sys=0.00, real=0.07 secs] 
362.586: Total time for which application threads were stopped: 0.0785960 seconds, Stopping threads took: 0.0000140 seconds
362.611: Application time: 0.0254770 seconds
362.611: [Full GC362.611: [Tenured: 71039K->71039K(71040K), 0.0809320 secs] 102975K->75951K(102976K), [Perm : 8848K->8848K(21248K)], 0.0809750 secs] [Times: user=0.08 sys=0.00, real=0.08 secs] 
362.692: Total time for which application threads were stopped: 0.0810680 seconds, Stopping threads took: 0.0000140 seconds
362.718: Application time: 0.0257950 seconds
362.718: [Full GC362.718: [Tenured: 71039K->71039K(71040K), 0.0805680 secs] 102975K->75992K(102976K), [Perm : 8848K->8848K(21248K)], 0.0806120 secs] [Times: user=0.08 sys=0.00, real=0.08 secs] 
362.799: Total time for which application threads were stopped: 0.0807180 seconds, Stopping threads took: 0.0000140 seconds
362.826: Application time: 0.0274490 seconds
362.826: [Full GC362.826: [Tenured: 71039K->71040K(71040K), 0.0942960 secs] 102975K->76021K(102976K), [Perm : 8848K->8848K(21248K)], 0.0943410 secs] [Times: user=0.10 sys=0.00, real=0.10 secs] 
362.921: Total time for which application threads were stopped: 0.0944410 seconds, Stopping threads took: 0.0000130 seconds
362.947: Application time: 0.0268220 seconds
362.948: [Full GC362.948: [Tenured: 71040K->71040K(71040K), 0.0807750 secs] 102976K->75968K(102976K), [Perm : 8848K->8848K(21248K)], 0.0808190 secs] [Times: user=0.09 sys=0.00, real=0.08 secs] 
363.028: Total time for which application threads were stopped: 0.0809130 seconds, Stopping threads took: 0.0000140 seconds
363.050: Application time: 0.0216620 seconds
363.050: [Full GC363.050: [Tenured: 71040K->71040K(71040K), 0.0804660 secs] 102976K->75973K(102976K), [Perm : 8848K->8848K(21248K)], 0.0805120 secs] [Times: user=0.09 sys=0.00, real=0.08 secs] 
363.131: Total time for which application threads were stopped: 0.0806040 seconds, Stopping threads took: 0.0000150 seconds
363.156: Application time: 0.0255840 seconds
363.156: [Full GC363.156: [Tenured: 71040K->71040K(71040K), 0.0805630 secs] 102975K->75983K(102976K), [Perm : 8848K->8848K(21248K)], 0.0806080 secs] [Times: user=0.08 sys=0.00, real=0.08 secs] 
363.237: Total time for which application threads were stopped: 0.0807050 seconds, Stopping threads took: 0.0000140 seconds
363.262: Application time: 0.0253060 seconds
363.262: [Full GC363.262: [Tenured: 71040K->71040K(71040K), 0.0968320 secs] 102976K->78556K(102976K), [Perm : 8848K->8848K(21248K)], 0.0968780 secs] [Times: user=0.10 sys=0.00, real=0.10 secs] 
363.359: Total time for which application threads were stopped: 0.0969940 seconds, Stopping threads took: 0.0000150 seconds
363.385: Application time: 0.0256850 seconds
363.385: [Full GC363.385: [Tenured: 71040K->71039K(71040K), 0.0936690 secs] 102975K->77301K(102976K), [Perm : 8848K->8848K(21248K)], 0.0937160 secs] [Times: user=0.09 sys=0.00, real=0.09 secs] 
363.479: Total time for which application threads were stopped: 0.0938250 seconds, Stopping threads took: 0.0000150 seconds
363.505: Application time: 0.0260950 seconds
363.505: [Full GC363.505: [Tenured: 71039K->71039K(71040K), 0.0793920 secs] 102975K->78427K(102976K), [Perm : 8848K->8848K(21248K)], 0.0794390 secs] [Times: user=0.08 sys=0.00, real=0.08 secs] 
363.584: Total time for which application threads were stopped: 0.0795560 seconds, Stopping threads took: 0.0000330 seconds
363.610: Application time: 0.0256380 seconds
363.610: [Full GC363.610: [Tenured: 71039K->71039K(71040K), 0.0812390 secs] 102975K->79078K(102976K), [Perm : 8848K->8848K(21248K)], 0.0812860 secs] [Times: user=0.08 sys=0.00, real=0.08 secs] 
363.691: Total time for which application threads were stopped: 0.0813840 seconds, Stopping threads took: 0.0000150 seconds
363.717: Application time: 0.0255980 seconds
363.717: [Full GC363.717: [Tenured: 71039K->71039K(71040K), 0.0976100 secs] 102975K->75970K(102976K), [Perm : 8848K->8848K(21248K)], 0.0976580 secs] [Times: user=0.09 sys=0.00, real=0.10 secs] 
363.815: Total time for which application threads were stopped: 0.0977550 seconds, Stopping threads took: 0.0000140 seconds
363.841: Application time: 0.0262930 seconds
363.841: [Full GC363.841: [Tenured: 71039K->71039K(71040K), 0.0820520 secs] 102975K->78962K(102976K), [Perm : 8848K->8848K(21248K)], 0.0820960 secs] [Times: user=0.08 sys=0.00, real=0.08 secs] 
363.923: Total time for which application threads were stopped: 0.0822040 seconds, Stopping threads took: 0.0000150 seconds
363.946: Application time: 0.0225610 seconds
363.946: [Full GC363.946: [Tenured: 71039K->71039K(71040K), 0.0976820 secs] 102975K->80420K(102976K), [Perm : 8848K->8848K(21248K)], 0.0977260 secs] [Times: user=0.10 sys=0.00, real=0.10 secs] 
364.044: Total time for which application threads were stopped: 0.0978200 seconds, Stopping threads took: 0.0000130 seconds
364.068: Application time: 0.0242490 seconds
364.068: [Full GC364.068: [Tenured: 71039K->71039K(71040K), 0.0986350 secs] 102975K->79482K(102976K), [Perm : 8848K->8848K(21248K)], 0.0986830 secs] [Times: user=0.10 sys=0.00, real=0.09 secs] 
364.167: Total time for which application threads were stopped: 0.0987800 seconds, Stopping threads took: 0.0000150 seconds
364.189: Application time: 0.0224260 seconds
364.189: [Full GC364.189: [Tenured: 71039K->70784K(71040K), 0.0956790 secs] 102975K->70784K(102976K), [Perm : 8848K->8848K(21248K)], 0.0957260 secs] [Times: user=0.09 sys=0.00, real=0.09 secs] 
364.285: Total time for which application threads were stopped: 0.0958210 seconds, Stopping threads took: 0.0000140 seconds
364.298: Application time: 0.0126860 seconds
364.298: [GC364.298: [DefNew: 28416K->28416K(31936K), 0.0000100 secs]364.298: [Tenured: 70784K->71039K(71040K), 0.0803020 secs] 99200K->78073K(102976K), [Perm : 8848K->8848K(21248K)], 0.0803630 secs] [Times: user=0.08 sys=0.00, real=0.08 secs] 
364.378: Total time for which application threads were stopped: 0.0805160 seconds, Stopping threads took: 0.0000690 seconds
364.406: Application time: 0.0278610 seconds
364.406: [Full GC364.406: [Tenured: 71039K->71040K(71040K), 0.0857630 secs] 102975K->81794K(102976K), [Perm : 8848K->8848K(21248K)], 0.0858090 secs] [Times: user=0.08 sys=0.00, real=0.09 secs] 
364.492: Total time for which application threads were stopped: 0.0859150 seconds, Stopping threads took: 0.0000130 seconds
364.520: Application time: 0.0280080 seconds
364.520: [Full GC364.520: [Tenured: 71040K->71039K(71040K), 0.0984420 secs] 102975K->74372K(102976K), [Perm : 8848K->8848K(21248K)], 0.0984900 secs] [Times: user=0.10 sys=0.00, real=0.09 secs] 
364.619: Total time for which application threads were stopped: 0.0985840 seconds, Stopping threads took: 0.0000130 seconds
364.648: Application time: 0.0296080 seconds
364.648: [Full GC364.648: [Tenured: 71039K->71039K(71040K), 0.0991970 secs] 102975K->76351K(102976K), [Perm : 8848K->8848K(21248K)], 0.0992420 secs] [Times: user=0.10 sys=0.00, real=0.10 secs] 
364.748: Total time for which application threads were stopped: 0.0993480 seconds, Stopping threads took: 0.0000140 seconds
364.775: Application time: 0.0276890 seconds
364.775: [Full GC364.775: [Tenured: 71039K->71039K(71040K), 0.0838120 secs] 102975K->80538K(102976K), [Perm : 8848K->8848K(21248K)], 0.0838550 secs] [Times: user=0.09 sys=0.00, real=0.09 secs] 
364.859: Total time for which application threads were stopped: 0.0839500 seconds, Stopping threads took: 0.0000130 seconds
364.885: Application time: 0.0260880 seconds
364.885: [Full GC364.885: [Tenured: 71039K->71039K(71040K), 0.0994810 secs] 102975K->78227K(102976K), [Perm : 8848K->8848K(21248K)], 0.0995260 secs] [Times: user=0.10 sys=0.00, real=0.10 secs] 
364.985: Total time for which application threads were stopped: 0.0996210 seconds, Stopping threads took: 0.0000140 seconds
365.013: Application time: 0.0280600 seconds
365.013: [Full GC365.013: [Tenured: 71039K->71039K(71040K), 0.0989120 secs] 102975K->75778K(102976K), [Perm : 8848K->8848K(21248K)], 0.0989580 secs] [Times: user=0.10 sys=0.00, real=0.10 secs] 
365.112: Total time for which application threads were stopped: 0.0990710 seconds, Stopping threads took: 0.0000130 seconds
365.145: Application time: 0.0327350 seconds
365.145: [Full GC365.145: [Tenured: 71039K->71040K(71040K), 0.0980480 secs] 102975K->76020K(102976K), [Perm : 8848K->8848K(21248K)], 0.0980960 secs] [Times: user=0.10 sys=0.00, real=0.10 secs] 
365.243: Total time for which application threads were stopped: 0.0981900 seconds, Stopping threads took: 0.0000140 seconds
365.273: Application time: 0.0299330 seconds
365.273: [Full GC365.273: [Tenured: 71040K->71040K(71040K), 0.0807560 secs] 102975K->78660K(102976K), [Perm : 8848K->8848K(21248K)], 0.0808030 secs] [Times: user=0.08 sys=0.00, real=0.08 secs] 
365.354: Total time for which application threads were stopped: 0.0808990 seconds, Stopping threads took: 0.0000140 seconds
365.381: Application time: 0.0276850 seconds
365.382: [Full GC365.382: [Tenured: 71040K->71040K(71040K), 0.0808800 secs] 102975K->79687K(102976K), [Perm : 8848K->8848K(21248K)], 0.0809270 secs] [Times: user=0.08 sys=0.00, real=0.08 secs] 
365.462: Total time for which application threads were stopped: 0.0810230 seconds, Stopping threads took: 0.0000140 seconds
365.491: Application time: 0.0286990 seconds
365.491: [Full GC365.491: [Tenured: 71040K->71040K(71040K), 0.0792660 secs] 102975K->78992K(102976K), [Perm : 8848K->8848K(21248K)], 0.0793130 secs] [Times: user=0.08 sys=0.00, real=0.08 secs] 
365.571: Total time for which application threads were stopped: 0.0794100 seconds, Stopping threads took: 0.0000140 seconds
365.598: Application time: 0.0278400 seconds
365.599: [Full GC365.599: [Tenured: 71040K->71039K(71040K), 0.0988400 secs] 102976K->75741K(102976K), [Perm : 8848K->8848K(21248K)], 0.0988860 secs] [Times: user=0.10 sys=0.00, real=0.10 secs] 
365.697: Total time for which application threads were stopped: 0.0989910 seconds, Stopping threads took: 0.0000130 seconds
365.723: Application time: 0.0252370 seconds
365.723: [Full GC365.723: [Tenured: 71039K->71039K(71040K), 0.0802480 secs] 102975K->75937K(102976K), [Perm : 8848K->8848K(21248K)], 0.0803090 secs] [Times: user=0.08 sys=0.00, real=0.08 secs] 
365.803: Total time for which application threads were stopped: 0.0804090 seconds, Stopping threads took: 0.0000140 seconds
365.829: Application time: 0.0260400 seconds
365.829: [Full GC365.829: [Tenured: 71039K->71039K(71040K), 0.0780800 secs] 102975K->75883K(102976K), [Perm : 8848K->8848K(21248K)], 0.0781250 secs] [Times: user=0.08 sys=0.00, real=0.08 secs] 
365.907: Total time for which application threads were stopped: 0.0782210 seconds, Stopping threads took: 0.0000150 seconds
365.934: Application time: 0.0267590 seconds
365.934: [Full GC365.934: [Tenured: 71039K->71039K(71040K), 0.0798330 secs] 102975K->76173K(102976K), [Perm : 8848K->8848K(21248K)], 0.0798760 secs] [Times: user=0.08 sys=0.00, real=0.08 secs] 
366.014: Total time for which application threads were stopped: 0.0799720 seconds, Stopping threads took: 0.0000150 seconds
366.040: Application time: 0.0261160 seconds
366.040: [Full GC366.040: [Tenured: 71039K->71039K(71040K), 0.0940420 secs] 102975K->75952K(102976K), [Perm : 8848K->8848K(21248K)], 0.0940980 secs] [Times: user=0.09 sys=0.00, real=0.09 secs] 
366.134: Total time for which application threads were stopped: 0.0941950 seconds, Stopping threads took: 0.0000130 seconds
366.158: Application time: 0.0240100 seconds
366.158: [Full GC366.158: [Tenured: 71039K->71039K(71040K), 0.0778850 secs] 102975K->75951K(102976K), [Perm : 8848K->8848K(21248K)], 0.0779270 secs] [Times: user=0.07 sys=0.00, real=0.08 secs] 
366.236: Total time for which application threads were stopped: 0.0780280 seconds, Stopping threads took: 0.0000130 seconds
366.262: Application time: 0.0256610 seconds
366.262: [Full GC366.262: [Tenured: 71039K->71039K(71040K), 0.0778210 secs] 102975K->76008K(102976K), [Perm : 8848K->8848K(21248K)], 0.0778620 secs] [Times: user=0.08 sys=0.00, real=0.08 secs] 
366.340: Total time for which application threads were stopped: 0.0779570 seconds, Stopping threads took: 0.0000140 seconds
366.367: Application time: 0.0267830 seconds
366.367: [Full GC366.367: [Tenured: 71039K->71039K(71040K), 0.0780980 secs] 102975K->76066K(102976K), [Perm : 8848K->8848K(21248K)], 0.0781410 secs] [Times: user=0.07 sys=0.00, real=0.08 secs] 
366.445: Total time for which application threads were stopped: 0.0782370 seconds, Stopping threads took: 0.0000140 seconds
366.472: Application time: 0.0266400 seconds
366.472: [Full GC366.472: [Tenured: 71039K->71039K(71040K), 0.0920690 secs] 102975K->75971K(102976K), [Perm : 8848K->8848K(21248K)], 0.0921150 secs] [Times: user=0.09 sys=0.00, real=0.09 secs] 
366.564: Total time for which application threads were stopped: 0.0922150 seconds, Stopping threads took: 0.0000140 seconds
366.590: Application time: 0.0260580 seconds
366.590: [Full GC366.590: [Tenured: 71039K->71039K(71040K), 0.0779180 secs] 102975K->75977K(102976K), [Perm : 8848K->8848K(21248K)], 0.0779580 secs] [Times: user=0.08 sys=0.00, real=0.08 secs] 
366.668: Total time for which application threads were stopped: 0.0780530 seconds, Stopping threads took: 0.0000150 seconds
366.693: Application time: 0.0251910 seconds
366.693: [Full GC366.693: [Tenured: 71039K->71039K(71040K), 0.0797120 secs] 102975K->77809K(102976K), [Perm : 8848K->8848K(21248K)], 0.0797560 secs] [Times: user=0.08 sys=0.00, real=0.08 secs] 
366.773: Total time for which application threads were stopped: 0.0798640 seconds, Stopping threads took: 0.0000140 seconds
366.799: Application time: 0.0254520 seconds
366.799: [Full GC366.799: [Tenured: 71039K->71039K(71040K), 0.0929970 secs] 102975K->77158K(102976K), [Perm : 8848K->8848K(21248K)], 0.0930410 secs] [Times: user=0.09 sys=0.00, real=0.10 secs] 
366.892: Total time for which application threads were stopped: 0.0931370 seconds, Stopping threads took: 0.0000150 seconds
366.917: Application time: 0.0249970 seconds
366.917: [Full GC366.917: [Tenured: 71039K->71039K(71040K), 0.0958550 secs] 102975K->74818K(102976K), [Perm : 8848K->8848K(21248K)], 0.0959010 secs] [Times: user=0.09 sys=0.00, real=0.10 secs] 
367.013: Total time for which application threads were stopped: 0.0959970 seconds, Stopping threads took: 0.0000150 seconds
367.040: Application time: 0.0268460 seconds
367.040: [Full GC367.040: [Tenured: 71039K->71039K(71040K), 0.0791410 secs] 102975K->75663K(102976K), [Perm : 8848K->8848K(21248K)], 0.0791890 secs] [Times: user=0.08 sys=0.00, real=0.07 secs] 
367.119: Total time for which application threads were stopped: 0.0792870 seconds, Stopping threads took: 0.0000130 seconds
367.146: Application time: 0.0266960 seconds
367.146: [Full GC367.146: [Tenured: 71039K->71039K(71040K), 0.0793370 secs] 102975K->75965K(102976K), [Perm : 8848K->8848K(21248K)], 0.0793820 secs] [Times: user=0.08 sys=0.00, real=0.08 secs] 
367.225: Total time for which application threads were stopped: 0.0794790 seconds, Stopping threads took: 0.0000140 seconds
367.251: Application time: 0.0260800 seconds
367.251: [Full GC367.251: [Tenured: 71039K->71039K(71040K), 0.0787980 secs] 102975K->76726K(102976K), [Perm : 8848K->8848K(21248K)], 0.0788520 secs] [Times: user=0.08 sys=0.00, real=0.08 secs] 
367.330: Total time for which application threads were stopped: 0.0789580 seconds, Stopping threads took: 0.0000130 seconds
367.357: Application time: 0.0266380 seconds
367.357: [Full GC367.357: [Tenured: 71039K->71039K(71040K), 0.0945500 secs] 102975K->73806K(102976K), [Perm : 8848K->8848K(21248K)], 0.0945970 secs] [Times: user=0.09 sys=0.00, real=0.10 secs] 
367.451: Total time for which application threads were stopped: 0.0946990 seconds, Stopping threads took: 0.0000140 seconds
367.477: Application time: 0.0252970 seconds
367.477: [Full GC367.477: [Tenured: 71039K->71039K(71040K), 0.0876600 secs] 102975K->85577K(102976K), [Perm : 8848K->8848K(21248K)], 0.0877060 secs] [Times: user=0.09 sys=0.00, real=0.09 secs] 
367.564: Total time for which application threads were stopped: 0.0878010 seconds, Stopping threads took: 0.0000150 seconds
367.588: Application time: 0.0237110 seconds
367.588: [Full GC367.588: [Tenured: 71040K->70492K(71040K), 0.0897700 secs] 102975K->70492K(102976K), [Perm : 8848K->8848K(21248K)], 0.0898160 secs] [Times: user=0.09 sys=0.00, real=0.08 secs] 
367.678: Total time for which application threads were stopped: 0.0899100 seconds, Stopping threads took: 0.0000130 seconds
367.690: Application time: 0.0122780 seconds
367.690: [GC367.691: [DefNew: 28416K->28416K(31936K), 0.0000110 secs]367.691: [Tenured: 70492K->71038K(71040K), 0.0836790 secs] 98908K->76785K(102976K), [Perm : 8848K->8848K(21248K)], 0.0837390 secs] [Times: user=0.09 sys=0.00, real=0.08 secs] 
367.774: Total time for which application threads were stopped: 0.0838760 seconds, Stopping threads took: 0.0000560 seconds
367.802: Application time: 0.0277250 seconds
367.802: [Full GC367.802: [Tenured: 71039K->71039K(71040K), 0.1018590 secs] 102975K->76285K(102976K), [Perm : 8848K->8848K(21248K)], 0.1019080 secs] [Times: user=0.11 sys=0.00, real=0.10 secs] 
367.904: Total time for which application threads were stopped: 0.1020140 seconds, Stopping threads took: 0.0000130 seconds
367.935: Application time: 0.0310320 seconds
367.935: [Full GC367.935: [Tenured: 71039K->71039K(71040K), 0.0937800 secs] 102975K->76627K(102976K), [Perm : 8848K->8848K(21248K)], 0.0938250 secs] [Times: user=0.09 sys=0.00, real=0.10 secs] 
368.029: Total time for which application threads were stopped: 0.0939210 seconds, Stopping threads took: 0.0000130 seconds
368.058: Application time: 0.0291680 seconds
368.058: [Full GC368.058: [Tenured: 71039K->71039K(71040K), 0.0953600 secs] 102975K->78137K(102976K), [Perm : 8848K->8848K(21248K)], 0.0954060 secs] [Times: user=0.10 sys=0.00, real=0.10 secs] 
368.154: Total time for which application threads were stopped: 0.0955030 seconds, Stopping threads took: 0.0000140 seconds
368.178: Application time: 0.0246550 seconds
368.178: [Full GC368.178: [Tenured: 71039K->71040K(71040K), 0.0959700 secs] 102975K->82085K(102976K), [Perm : 8848K->8848K(21248K)], 0.0960160 secs] [Times: user=0.10 sys=0.00, real=0.10 secs] 
368.274: Total time for which application threads were stopped: 0.0961140 seconds, Stopping threads took: 0.0000140 seconds
368.300: Application time: 0.0260060 seconds
368.300: [Full GC368.300: [Tenured: 71040K->71039K(71040K), 0.0972240 secs] 102975K->74859K(102976K), [Perm : 8848K->8848K(21248K)], 0.0972700 secs] [Times: user=0.10 sys=0.00, real=0.09 secs] 
368.398: Total time for which application threads were stopped: 0.0973650 seconds, Stopping threads took: 0.0000130 seconds
368.427: Application time: 0.0294460 seconds
368.427: [Full GC368.427: [Tenured: 71040K->71039K(71040K), 0.1025840 secs] 102975K->76394K(102976K), [Perm : 8848K->8848K(21248K)], 0.1026310 secs] [Times: user=0.10 sys=0.00, real=0.10 secs] 
368.530: Total time for which application threads were stopped: 0.1027410 seconds, Stopping threads took: 0.0000140 seconds
368.561: Application time: 0.0308190 seconds
368.561: [Full GC368.561: [Tenured: 71039K->71039K(71040K), 0.0817450 secs] 102975K->78677K(102976K), [Perm : 8848K->8848K(21248K)], 0.0818010 secs] [Times: user=0.08 sys=0.00, real=0.08 secs] 
368.643: Total time for which application threads were stopped: 0.0818920 seconds, Stopping threads took: 0.0000120 seconds
368.672: Application time: 0.0290690 seconds
368.672: [Full GC368.672: [Tenured: 71039K->71040K(71040K), 0.0837600 secs] 102975K->78886K(102976K), [Perm : 8848K->8848K(21248K)], 0.0838060 secs] [Times: user=0.08 sys=0.00, real=0.08 secs] 
368.756: Total time for which application threads were stopped: 0.0839010 seconds, Stopping threads took: 0.0000150 seconds
368.784: Application time: 0.0282940 seconds
368.784: [Full GC368.784: [Tenured: 71040K->71039K(71040K), 0.0950960 secs] 102976K->75218K(102976K), [Perm : 8848K->8848K(21248K)], 0.0951400 secs] [Times: user=0.09 sys=0.00, real=0.10 secs] 
368.879: Total time for which application threads were stopped: 0.0952380 seconds, Stopping threads took: 0.0000140 seconds
368.910: Application time: 0.0310470 seconds
368.910: [Full GC368.910: [Tenured: 71040K->71040K(71040K), 0.0798540 secs] 102976K->75779K(102976K), [Perm : 8848K->8848K(21248K)], 0.0798990 secs] [Times: user=0.08 sys=0.00, real=0.08 secs] 
368.990: Total time for which application threads were stopped: 0.0799960 seconds, Stopping threads took: 0.0000140 seconds
369.019: Application time: 0.0289120 seconds
369.019: [Full GC369.019: [Tenured: 71040K->71040K(71040K), 0.0800400 secs] 102975K->78493K(102976K), [Perm : 8848K->8848K(21248K)], 0.0800830 secs] [Times: user=0.08 sys=0.00, real=0.08 secs] 
369.099: Total time for which application threads were stopped: 0.0801920 seconds, Stopping threads took: 0.0000140 seconds
369.125: Application time: 0.0256960 seconds
369.125: [Full GC369.125: [Tenured: 71040K->71040K(71040K), 0.0807060 secs] 102975K->78620K(102976K), [Perm : 8848K->8848K(21248K)], 0.0807530 secs] [Times: user=0.08 sys=0.00, real=0.08 secs] 
369.206: Total time for which application threads were stopped: 0.0808480 seconds, Stopping threads took: 0.0000140 seconds
369.229: Application time: 0.0235540 seconds
369.230: [Full GC369.230: [Tenured: 71040K->71039K(71040K), 0.0961370 secs] 102975K->76099K(102976K), [Perm : 8848K->8848K(21248K)], 0.0961840 secs] [Times: user=0.10 sys=0.00, real=0.09 secs] 
369.326: Total time for which application threads were stopped: 0.0962810 seconds, Stopping threads took: 0.0000130 seconds
369.352: Application time: 0.0264130 seconds
369.352: [Full GC369.352: [Tenured: 71039K->71039K(71040K), 0.0779700 secs] 102975K->75978K(102976K), [Perm : 8848K->8848K(21248K)], 0.0780160 secs] [Times: user=0.08 sys=0.00, real=0.08 secs] 
369.430: Total time for which application threads were stopped: 0.0781140 seconds, Stopping threads took: 0.0000150 seconds
369.457: Application time: 0.0263950 seconds
369.457: [Full GC369.457: [Tenured: 71039K->71039K(71040K), 0.0777760 secs] 102975K->75939K(102976K), [Perm : 8848K->8848K(21248K)], 0.0778200 secs] [Times: user=0.08 sys=0.00, real=0.08 secs] 
369.535: Total time for which application threads were stopped: 0.0779170 seconds, Stopping threads took: 0.0000150 seconds
369.558: Application time: 0.0235670 seconds
369.558: [Full GC369.558: [Tenured: 71039K->71039K(71040K), 0.0777990 secs] 102975K->75970K(102976K), [Perm : 8848K->8848K(21248K)], 0.0778420 secs] [Times: user=0.08 sys=0.00, real=0.08 secs] 
369.636: Total time for which application threads were stopped: 0.0779480 seconds, Stopping threads took: 0.0000140 seconds
369.661: Application time: 0.0252360 seconds
369.661: [Full GC369.661: [Tenured: 71039K->71039K(71040K), 0.0921170 secs] 102975K->76064K(102976K), [Perm : 8848K->8848K(21248K)], 0.0921660 secs] [Times: user=0.10 sys=0.00, real=0.09 secs] 
369.754: Total time for which application threads were stopped: 0.0922670 seconds, Stopping threads took: 0.0000150 seconds
369.780: Application time: 0.0260480 seconds
369.780: [Full GC369.780: [Tenured: 71039K->71039K(71040K), 0.0777230 secs] 102975K->76070K(102976K), [Perm : 8848K->8848K(21248K)], 0.0777650 secs] [Times: user=0.08 sys=0.00, real=0.07 secs] 
369.858: Total time for which application threads were stopped: 0.0778700 seconds, Stopping threads took: 0.0000150 seconds
369.884: Application time: 0.0265770 seconds
369.884: [Full GC369.884: [Tenured: 71040K->71040K(71040K), 0.0783730 secs] 102976K->76083K(102976K), [Perm : 8848K->8848K(21248K)], 0.0784180 secs] [Times: user=0.08 sys=0.00, real=0.08 secs] 
369.963: Total time for which application threads were stopped: 0.0785110 seconds, Stopping threads took: 0.0000140 seconds
369.989: Application time: 0.0261490 seconds
369.989: [Full GC369.989: [Tenured: 71040K->71040K(71040K), 0.0786610 secs] 102976K->76068K(102976K), [Perm : 8848K->8848K(21248K)], 0.0787060 secs] [Times: user=0.07 sys=0.00, real=0.08 secs] 
370.068: Total time for which application threads were stopped: 0.0788010 seconds, Stopping threads took: 0.0000150 seconds
370.092: Application time: 0.0242840 seconds
370.092: [Full GC370.092: [Tenured: 71040K->71039K(71040K), 0.0945090 secs] 102975K->77100K(102976K), [Perm : 8848K->8848K(21248K)], 0.0945560 secs] [Times: user=0.09 sys=0.00, real=0.09 secs] 
370.187: Total time for which application threads were stopped: 0.0946720 seconds, Stopping threads took: 0.0000140 seconds
370.209: Application time: 0.0223830 seconds
370.209: [Full GC370.209: [Tenured: 71040K->71040K(71040K), 0.0920320 secs] 102976K->76900K(102976K), [Perm : 8848K->8848K(21248K)], 0.0920790 secs] [Times: user=0.09 sys=0.00, real=0.09 secs] 
370.301: Total time for which application threads were stopped: 0.0921790 seconds, Stopping threads took: 0.0000150 seconds
370.327: Application time: 0.0260810 seconds
370.327: [Full GC370.327: [Tenured: 71040K->71040K(71040K), 0.0779450 secs] 102975K->77885K(102976K), [Perm : 8848K->8848K(21248K)], 0.0779910 secs] [Times: user=0.08 sys=0.00, real=0.07 secs] 
370.405: Total time for which application threads were stopped: 0.0780850 seconds, Stopping threads took: 0.0000140 seconds
370.430: Application time: 0.0245780 seconds
370.430: [Full GC370.430: [Tenured: 71040K->71040K(71040K), 0.0778910 secs] 102976K->78782K(102976K), [Perm : 8848K->8848K(21248K)], 0.0779370 secs] [Times: user=0.07 sys=0.00, real=0.08 secs] 
370.508: Total time for which application threads were stopped: 0.0780350 seconds, Stopping threads took: 0.0000140 seconds
370.533: Application time: 0.0254670 seconds
370.533: [Full GC370.533: [Tenured: 71040K->71039K(71040K), 0.0960710 secs] 102975K->75928K(102976K), [Perm : 8848K->8848K(21248K)], 0.0961180 secs] [Times: user=0.09 sys=0.00, real=0.10 secs] 
370.630: Total time for which application threads were stopped: 0.0962160 seconds, Stopping threads took: 0.0000150 seconds
370.654: Application time: 0.0241600 seconds
370.654: [Full GC370.654: [Tenured: 71039K->71039K(71040K), 0.0797400 secs] 102975K->75986K(102976K), [Perm : 8848K->8848K(21248K)], 0.0797870 secs] [Times: user=0.08 sys=0.00, real=0.08 secs] 
370.734: Total time for which application threads were stopped: 0.0798940 seconds, Stopping threads took: 0.0000140 seconds
370.760: Application time: 0.0262710 seconds
370.760: [Full GC370.760: [Tenured: 71039K->71039K(71040K), 0.0813680 secs] 102975K->78917K(102976K), [Perm : 8848K->8848K(21248K)], 0.0814230 secs] [Times: user=0.08 sys=0.00, real=0.08 secs] 
370.841: Total time for which application threads were stopped: 0.0815290 seconds, Stopping threads took: 0.0000140 seconds
370.864: Application time: 0.0221310 seconds
370.864: [Full GC370.864: [Tenured: 71039K->71039K(71040K), 0.0952750 secs] 102975K->80141K(102976K), [Perm : 8848K->8848K(21248K)], 0.0953230 secs] [Times: user=0.09 sys=0.00, real=0.09 secs] 
370.959: Total time for which application threads were stopped: 0.0954170 seconds, Stopping threads took: 0.0000130 seconds
370.980: Application time: 0.0214180 seconds
370.980: [Full GC370.980: [Tenured: 71039K->71039K(71040K), 0.0972320 secs] 102975K->76395K(102976K), [Perm : 8848K->8848K(21248K)], 0.0972780 secs] [Times: user=0.10 sys=0.00, real=0.09 secs] 
371.078: Total time for which application threads were stopped: 0.0973750 seconds, Stopping threads took: 0.0000130 seconds
371.105: Application time: 0.0272190 seconds
371.105: [Full GC371.105: [Tenured: 71040K->70006K(71040K), 0.0934990 secs] 102975K->70006K(102976K), [Perm : 8848K->8848K(21248K)], 0.0935530 secs] [Times: user=0.09 sys=0.00, real=0.09 secs] 
371.199: Total time for which application threads were stopped: 0.0936470 seconds, Stopping threads took: 0.0000140 seconds
371.211: Application time: 0.0125690 seconds
371.211: [GC371.211: [DefNew: 28416K->28416K(31936K), 0.0000100 secs]371.211: [Tenured: 70006K->71039K(71040K), 0.0825140 secs] 98422K->77058K(102976K), [Perm : 8848K->8848K(21248K)], 0.0825740 secs] [Times: user=0.09 sys=0.00, real=0.08 secs] 
371.294: Total time for which application threads were stopped: 0.0827200 seconds, Stopping threads took: 0.0000510 seconds
371.321: Application time: 0.0273070 seconds
371.321: [Full GC371.321: [Tenured: 71039K->71039K(71040K), 0.0952730 secs] 102975K->80038K(102976K), [Perm : 8848K->8848K(21248K)], 0.0953160 secs] [Times: user=0.10 sys=0.00, real=0.09 secs] 
371.417: Total time for which application threads were stopped: 0.0954080 seconds, Stopping threads took: 0.0000120 seconds
371.445: Application time: 0.0287310 seconds
371.445: [Full GC371.445: [Tenured: 71039K->71039K(71040K), 0.0967060 secs] 102975K->74034K(102976K), [Perm : 8848K->8848K(21248K)], 0.0967530 secs] [Times: user=0.09 sys=0.00, real=0.10 secs] 
371.542: Total time for which application threads were stopped: 0.0968460 seconds, Stopping threads took: 0.0000130 seconds
371.571: Application time: 0.0290280 seconds
371.571: [Full GC371.571: [Tenured: 71039K->71039K(71040K), 0.0836510 secs] 102975K->81710K(102976K), [Perm : 8848K->8848K(21248K)], 0.0836980 secs] [Times: user=0.08 sys=0.00, real=0.08 secs] 
371.655: Total time for which application threads were stopped: 0.0838020 seconds, Stopping threads took: 0.0000130 seconds
371.682: Application time: 0.0268610 seconds
371.682: [Full GC371.682: [Tenured: 71039K->71040K(71040K), 0.0965090 secs] 102975K->75381K(102976K), [Perm : 8848K->8848K(21248K)], 0.0965560 secs] [Times: user=0.09 sys=0.00, real=0.09 secs] 
371.779: Total time for which application threads were stopped: 0.0966520 seconds, Stopping threads took: 0.0000140 seconds
371.808: Application time: 0.0291270 seconds
371.808: [Full GC371.808: [Tenured: 71040K->71039K(71040K), 0.0968470 secs] 102975K->80103K(102976K), [Perm : 8848K->8848K(21248K)], 0.0968950 secs] [Times: user=0.10 sys=0.00, real=0.09 secs] 
371.905: Total time for which application threads were stopped: 0.0970090 seconds, Stopping threads took: 0.0000230 seconds
371.931: Application time: 0.0266040 seconds
371.931: [Full GC371.931: [Tenured: 71039K->71040K(71040K), 0.1006810 secs] 102975K->77218K(102976K), [Perm : 8848K->8848K(21248K)], 0.1007260 secs] [Times: user=0.10 sys=0.00, real=0.10 secs] 
372.032: Total time for which application threads were stopped: 0.1008190 seconds, Stopping threads took: 0.0000130 seconds
372.062: Application time: 0.0295820 seconds
372.062: [Full GC372.062: [Tenured: 71040K->71040K(71040K), 0.0808760 secs] 102975K->78383K(102976K), [Perm : 8848K->8848K(21248K)], 0.0809230 secs] [Times: user=0.08 sys=0.00, real=0.08 secs] 
372.143: Total time for which application threads were stopped: 0.0810190 seconds, Stopping threads took: 0.0000130 seconds
372.171: Application time: 0.0280410 seconds
372.171: [Full GC372.171: [Tenured: 71040K->71039K(71040K), 0.0813510 secs] 102975K->79922K(102976K), [Perm : 8848K->8848K(21248K)], 0.0813950 secs] [Times: user=0.08 sys=0.00, real=0.08 secs] 
372.252: Total time for which application threads were stopped: 0.0814860 seconds, Stopping threads took: 0.0000120 seconds
372.280: Application time: 0.0274000 seconds
372.280: [Full GC372.280: [Tenured: 71039K->71039K(71040K), 0.0803440 secs] 102975K->80220K(102976K), [Perm : 8848K->8848K(21248K)], 0.0803880 secs] [Times: user=0.08 sys=0.00, real=0.08 secs] 
372.360: Total time for which application threads were stopped: 0.0804840 seconds, Stopping threads took: 0.0000150 seconds
372.388: Application time: 0.0282810 seconds
372.389: [Full GC372.389: [Tenured: 71039K->71039K(71040K), 0.0972870 secs] 102975K->75785K(102976K), [Perm : 8848K->8848K(21248K)], 0.0973420 secs] [Times: user=0.09 sys=0.00, real=0.09 secs] 
372.486: Total time for which application threads were stopped: 0.0974540 seconds, Stopping threads took: 0.0000140 seconds
372.516: Application time: 0.0296610 seconds
372.516: [Full GC372.516: [Tenured: 71039K->71039K(71040K), 0.0794620 secs] 102975K->75839K(102976K), [Perm : 8848K->8848K(21248K)], 0.0795080 secs] [Times: user=0.08 sys=0.00, real=0.08 secs] 
372.595: Total time for which application threads were stopped: 0.0796030 seconds, Stopping threads took: 0.0000140 seconds
372.619: Application time: 0.0237650 seconds
372.619: [Full GC372.619: [Tenured: 71039K->71039K(71040K), 0.0789020 secs] 102975K->76133K(102976K), [Perm : 8848K->8848K(21248K)], 0.0789480 secs] [Times: user=0.08 sys=0.00, real=0.08 secs] 
372.698: Total time for which application threads were stopped: 0.0790430 seconds, Stopping threads took: 0.0000130 seconds
372.722: Application time: 0.0242410 seconds
372.722: [Full GC372.722: [Tenured: 71039K->71039K(71040K), 0.0788870 secs] 102975K->76172K(102976K), [Perm : 8848K->8848K(21248K)], 0.0789300 secs] [Times: user=0.07 sys=0.00, real=0.08 secs] 
372.801: Total time for which application threads were stopped: 0.0790240 seconds, Stopping threads took: 0.0000140 seconds
372.827: Application time: 0.0262160 seconds
372.828: [Full GC372.828: [Tenured: 71039K->71040K(71040K), 0.0926080 secs] 102975K->75937K(102976K), [Perm : 8848K->8848K(21248K)], 0.0926550 secs] [Times: user=0.09 sys=0.00, real=0.09 secs] 
372.920: Total time for which application threads were stopped: 0.0927540 seconds, Stopping threads took: 0.0000140 seconds
372.946: Application time: 0.0259070 seconds
372.946: [Full GC372.946: [Tenured: 71040K->71040K(71040K), 0.0773070 secs] 102975K->75976K(102976K), [Perm : 8848K->8848K(21248K)], 0.0773500 secs] [Times: user=0.08 sys=0.00, real=0.08 secs] 
373.024: Total time for which application threads were stopped: 0.0774600 seconds, Stopping threads took: 0.0000140 seconds
373.048: Application time: 0.0239740 seconds
373.048: [Full GC373.048: [Tenured: 71040K->71040K(71040K), 0.0794090 secs] 102976K->76023K(102976K), [Perm : 8848K->8848K(21248K)], 0.0794530 secs] [Times: user=0.08 sys=0.00, real=0.08 secs] 
373.127: Total time for which application threads were stopped: 0.0795470 seconds, Stopping threads took: 0.0000140 seconds
373.153: Application time: 0.0258140 seconds
373.153: [Full GC373.153: [Tenured: 71040K->71040K(71040K), 0.0808490 secs] 102975K->76076K(102976K), [Perm : 8848K->8848K(21248K)], 0.0808950 secs] [Times: user=0.08 sys=0.00, real=0.08 secs] 
373.234: Total time for which application threads were stopped: 0.0809890 seconds, Stopping threads took: 0.0000140 seconds
373.259: Application time: 0.0254450 seconds
373.259: [Full GC373.259: [Tenured: 71040K->71039K(71040K), 0.0918350 secs] 102975K->75958K(102976K), [Perm : 8848K->8848K(21248K)], 0.0918830 secs] [Times: user=0.09 sys=0.00, real=0.09 secs] 
373.351: Total time for which application threads were stopped: 0.0919850 seconds, Stopping threads took: 0.0000160 seconds
373.378: Application time: 0.0262900 seconds
373.378: [Full GC373.378: [Tenured: 71039K->71039K(71040K), 0.0789310 secs] 102975K->76043K(102976K), [Perm : 8848K->8848K(21248K)], 0.0789750 secs] [Times: user=0.07 sys=0.00, real=0.08 secs] 
373.457: Total time for which application threads were stopped: 0.0790690 seconds, Stopping threads took: 0.0000140 seconds
373.483: Application time: 0.0259510 seconds
373.483: [Full GC373.483: [Tenured: 71039K->71039K(71040K), 0.0790000 secs] 102975K->76056K(102976K), [Perm : 8848K->8848K(21248K)], 0.0790460 secs] [Times: user=0.08 sys=0.00, real=0.08 secs] 
373.562: Total time for which application threads were stopped: 0.0791500 seconds, Stopping threads took: 0.0000140 seconds
373.586: Application time: 0.0240580 seconds
373.586: [Full GC373.586: [Tenured: 71039K->71039K(71040K), 0.0790510 secs] 102975K->77415K(102976K), [Perm : 8848K->8848K(21248K)], 0.0791050 secs] [Times: user=0.08 sys=0.00, real=0.08 secs] 
373.665: Total time for which application threads were stopped: 0.0791980 seconds, Stopping threads took: 0.0000140 seconds
373.690: Application time: 0.0252660 seconds
373.690: [Full GC373.690: [Tenured: 71039K->71039K(71040K), 0.0950180 secs] 102975K->73675K(102976K), [Perm : 8848K->8848K(21248K)], 0.0950660 secs] [Times: user=0.10 sys=0.00, real=0.09 secs] 
373.785: Total time for which application threads were stopped: 0.0951660 seconds, Stopping threads took: 0.0000140 seconds
373.813: Application time: 0.0272860 seconds
373.813: [Full GC373.813: [Tenured: 71040K->71040K(71040K), 0.0775760 secs] 102975K->74908K(102976K), [Perm : 8848K->8848K(21248K)], 0.0776230 secs] [Times: user=0.08 sys=0.00, real=0.08 secs] 
373.890: Total time for which application threads were stopped: 0.0777230 seconds, Stopping threads took: 0.0000150 seconds
373.917: Application time: 0.0267580 seconds
373.917: [Full GC373.917: [Tenured: 71040K->71040K(71040K), 0.0789310 secs] 102975K->75750K(102976K), [Perm : 8848K->8848K(21248K)], 0.0789770 secs] [Times: user=0.07 sys=0.00, real=0.08 secs] 
373.996: Total time for which application threads were stopped: 0.0790750 seconds, Stopping threads took: 0.0000140 seconds
374.023: Application time: 0.0271270 seconds
374.024: [Full GC374.024: [Tenured: 71040K->71040K(71040K), 0.0780980 secs] 102975K->76132K(102976K), [Perm : 8848K->8848K(21248K)], 0.0781440 secs] [Times: user=0.07 sys=0.00, real=0.08 secs] 
374.102: Total time for which application threads were stopped: 0.0782540 seconds, Stopping threads took: 0.0000140 seconds
374.124: Application time: 0.0220250 seconds
374.124: [Full GC374.124: [Tenured: 71040K->71040K(71040K), 0.0949450 secs] 102975K->77380K(102976K), [Perm : 8848K->8848K(21248K)], 0.0949920 secs] [Times: user=0.09 sys=0.00, real=0.09 secs] 
374.219: Total time for which application threads were stopped: 0.0950900 seconds, Stopping threads took: 0.0000150 seconds
374.245: Application time: 0.0258140 seconds
374.245: [Full GC374.245: [Tenured: 71040K->71037K(71040K), 0.0939440 secs] 102976K->77774K(102976K), [Perm : 8848K->8848K(21248K)], 0.0939920 secs] [Times: user=0.10 sys=0.00, real=0.09 secs] 
374.339: Total time for which application threads were stopped: 0.0940880 seconds, Stopping threads took: 0.0000140 seconds
374.359: Application time: 0.0203000 seconds
374.359: [Full GC374.359: [Tenured: 71040K->71039K(71040K), 0.0963010 secs] 102975K->80220K(102976K), [Perm : 8848K->8848K(21248K)], 0.0963450 secs] [Times: user=0.10 sys=0.00, real=0.09 secs] 
374.455: Total time for which application threads were stopped: 0.0964370 seconds, Stopping threads took: 0.0000130 seconds
374.479: Application time: 0.0235350 seconds
374.479: [Full GC374.479: [Tenured: 71039K->71039K(71040K), 0.1012860 secs] 102975K->84514K(102976K), [Perm : 8848K->8848K(21248K)], 0.1013350 secs] [Times: user=0.10 sys=0.00, real=0.10 secs] 
374.580: Total time for which application threads were stopped: 0.1014330 seconds, Stopping threads took: 0.0000150 seconds
374.603: Application time: 0.0226760 seconds
374.603: [Full GC374.603: [Tenured: 71039K->68591K(71040K), 0.0903680 secs] 102975K->68591K(102976K), [Perm : 8848K->8848K(21248K)], 0.0904140 secs] [Times: user=0.09 sys=0.00, real=0.09 secs] 
374.694: Total time for which application threads were stopped: 0.0905220 seconds, Stopping threads took: 0.0000140 seconds
374.706: Application time: 0.0126680 seconds
374.706: [GC374.706: [DefNew: 28416K->28416K(31936K), 0.0000100 secs]374.706: [Tenured: 68591K->71038K(71040K), 0.0796790 secs] 97007K->77627K(102976K), [Perm : 8848K->8848K(21248K)], 0.0797350 secs] [Times: user=0.08 sys=0.00, real=0.08 secs] 
374.786: Total time for which application threads were stopped: 0.0798850 seconds, Stopping threads took: 0.0000680 seconds
374.814: Application time: 0.0278000 seconds
374.814: [Full GC374.814: [Tenured: 71039K->71039K(71040K), 0.0986620 secs] 102974K->75968K(102976K), [Perm : 8848K->8848K(21248K)], 0.0987050 secs] [Times: user=0.10 sys=0.00, real=0.10 secs] 
374.913: Total time for which application threads were stopped: 0.0988090 seconds, Stopping threads took: 0.0000130 seconds
374.944: Application time: 0.0314840 seconds
374.944: [Full GC374.944: [Tenured: 71039K->71039K(71040K), 0.0833880 secs] 102975K->78779K(102976K), [Perm : 8848K->8848K(21248K)], 0.0834360 secs] [Times: user=0.08 sys=0.00, real=0.09 secs] 
375.028: Total time for which application threads were stopped: 0.0835410 seconds, Stopping threads took: 0.0000220 seconds
375.055: Application time: 0.0276370 seconds
375.056: [Full GC375.056: [Tenured: 71039K->71040K(71040K), 0.0999910 secs] 102975K->73916K(102976K), [Perm : 8848K->8848K(21248K)], 0.1000370 secs] [Times: user=0.10 sys=0.00, real=0.10 secs] 
375.156: Total time for which application threads were stopped: 0.1001330 seconds, Stopping threads took: 0.0000140 seconds
375.188: Application time: 0.0323550 seconds
375.188: [Full GC375.188: [Tenured: 71040K->71040K(71040K), 0.0825300 secs] 102976K->78546K(102976K), [Perm : 8848K->8848K(21248K)], 0.0825770 secs] [Times: user=0.09 sys=0.00, real=0.08 secs] 
375.271: Total time for which application threads were stopped: 0.0826810 seconds, Stopping threads took: 0.0000130 seconds
375.298: Application time: 0.0276000 seconds
375.298: [Full GC375.298: [Tenured: 71040K->71039K(71040K), 0.0999410 secs] 102975K->79548K(102976K), [Perm : 8848K->8848K(21248K)], 0.0999870 secs] [Times: user=0.10 sys=0.00, real=0.10 secs] 
375.398: Total time for which application threads were stopped: 0.1000820 seconds, Stopping threads took: 0.0000130 seconds
375.426: Application time: 0.0275310 seconds
375.426: [Full GC375.426: [Tenured: 71039K->71039K(71040K), 0.0821710 secs] 102975K->80239K(102976K), [Perm : 8848K->8848K(21248K)], 0.0822150 secs] [Times: user=0.08 sys=0.00, real=0.09 secs] 
375.508: Total time for which application threads were stopped: 0.0823110 seconds, Stopping threads took: 0.0000140 seconds
375.537: Application time: 0.0290620 seconds
375.537: [Full GC375.537: [Tenured: 71040K->71039K(71040K), 0.0990440 secs] 102976K->76072K(102976K), [Perm : 8848K->8848K(21248K)], 0.0990910 secs] [Times: user=0.10 sys=0.00, real=0.10 secs] 
375.636: Total time for which application threads were stopped: 0.0991880 seconds, Stopping threads took: 0.0000130 seconds
375.665: Application time: 0.0288670 seconds
375.665: [Full GC375.665: [Tenured: 71039K->71039K(71040K), 0.0803130 secs] 102975K->76901K(102976K), [Perm : 8848K->8848K(21248K)], 0.0803600 secs] [Times: user=0.08 sys=0.00, real=0.08 secs] 
375.746: Total time for which application threads were stopped: 0.0804560 seconds, Stopping threads took: 0.0000140 seconds
375.773: Application time: 0.0269910 seconds
375.773: [Full GC375.773: [Tenured: 71039K->71039K(71040K), 0.0806050 secs] 102975K->77438K(102976K), [Perm : 8848K->8848K(21248K)], 0.0806580 secs] [Times: user=0.08 sys=0.00, real=0.08 secs] 
375.854: Total time for which application threads were stopped: 0.0807740 seconds, Stopping threads took: 0.0000130 seconds
375.880: Application time: 0.0267860 seconds
375.880: [Full GC375.880: [Tenured: 71039K->71039K(71040K), 0.0782930 secs] 102975K->77549K(102976K), [Perm : 8848K->8848K(21248K)], 0.0783380 secs] [Times: user=0.08 sys=0.00, real=0.07 secs] 
375.959: Total time for which application threads were stopped: 0.0784310 seconds, Stopping threads took: 0.0000130 seconds
375.988: Application time: 0.0292000 seconds
375.988: [Full GC375.988: [Tenured: 71039K->71039K(71040K), 0.0947700 secs] 102975K->75694K(102976K), [Perm : 8848K->8848K(21248K)], 0.0948180 secs] [Times: user=0.10 sys=0.00, real=0.09 secs] 
376.083: Total time for which application threads were stopped: 0.0949180 seconds, Stopping threads took: 0.0000130 seconds
376.110: Application time: 0.0270240 seconds
376.110: [Full GC376.110: [Tenured: 71039K->71039K(71040K), 0.0801310 secs] 102975K->76174K(102976K), [Perm : 8848K->8848K(21248K)], 0.0801770 secs] [Times: user=0.08 sys=0.00, real=0.08 secs] 
376.190: Total time for which application threads were stopped: 0.0802720 seconds, Stopping threads took: 0.0000150 seconds
376.217: Application time: 0.0263650 seconds
376.217: [Full GC376.217: [Tenured: 71039K->71039K(71040K), 0.0775650 secs] 102975K->76129K(102976K), [Perm : 8848K->8848K(21248K)], 0.0776200 secs] [Times: user=0.08 sys=0.00, real=0.08 secs] 
376.294: Total time for which application threads were stopped: 0.0777180 seconds, Stopping threads took: 0.0000150 seconds
376.320: Application time: 0.0256910 seconds
376.320: [Full GC376.320: [Tenured: 71039K->71039K(71040K), 0.0774280 secs] 102975K->76139K(102976K), [Perm : 8848K->8848K(21248K)], 0.0774710 secs] [Times: user=0.07 sys=0.00, real=0.07 secs] 
376.398: Total time for which application threads were stopped: 0.0775790 seconds, Stopping threads took: 0.0000140 seconds
376.423: Application time: 0.0253860 seconds
376.423: [Full GC376.423: [Tenured: 71039K->71039K(71040K), 0.0932660 secs] 102975K->75991K(102976K), [Perm : 8848K->8848K(21248K)], 0.0933190 secs] [Times: user=0.09 sys=0.00, real=0.09 secs] 
376.516: Total time for which application threads were stopped: 0.0934180 seconds, Stopping threads took: 0.0000140 seconds
376.542: Application time: 0.0257760 seconds
376.542: [Full GC376.542: [Tenured: 71039K->71039K(71040K), 0.0770640 secs] 102975K->76002K(102976K), [Perm : 8848K->8848K(21248K)], 0.0771060 secs] [Times: user=0.08 sys=0.00, real=0.08 secs] 
376.619: Total time for which application threads were stopped: 0.0772030 seconds, Stopping threads took: 0.0000150 seconds
376.645: Application time: 0.0254820 seconds
376.645: [Full GC376.645: [Tenured: 71040K->71040K(71040K), 0.0793360 secs] 102976K->76021K(102976K), [Perm : 8848K->8848K(21248K)], 0.0793800 secs] [Times: user=0.08 sys=0.00, real=0.08 secs] 
376.724: Total time for which application threads were stopped: 0.0794740 seconds, Stopping threads took: 0.0000140 seconds
376.751: Application time: 0.0263290 seconds
376.751: [Full GC376.751: [Tenured: 71040K->71040K(71040K), 0.0782880 secs] 102976K->76166K(102976K), [Perm : 8848K->8848K(21248K)], 0.0783330 secs] [Times: user=0.08 sys=0.00, real=0.08 secs] 
376.829: Total time for which application threads were stopped: 0.0784270 seconds, Stopping threads took: 0.0000130 seconds
376.855: Application time: 0.0259000 seconds
376.855: [Full GC376.855: [Tenured: 71040K->71039K(71040K), 0.0913230 secs] 102975K->75983K(102976K), [Perm : 8848K->8848K(21248K)], 0.0913720 secs] [Times: user=0.09 sys=0.00, real=0.09 secs] 
376.946: Total time for which application threads were stopped: 0.0914950 seconds, Stopping threads took: 0.0000150 seconds
376.972: Application time: 0.0254650 seconds
376.972: [Full GC376.972: [Tenured: 71039K->71039K(71040K), 0.0795860 secs] 102975K->78517K(102976K), [Perm : 8848K->8848K(21248K)], 0.0796310 secs] [Times: user=0.08 sys=0.00, real=0.08 secs] 
377.052: Total time for which application threads were stopped: 0.0797370 seconds, Stopping threads took: 0.0000240 seconds
377.077: Application time: 0.0253080 seconds
377.077: [Full GC377.077: [Tenured: 71039K->71039K(71040K), 0.0935020 secs] 102975K->77335K(102976K), [Perm : 8848K->8848K(21248K)], 0.0935500 secs] [Times: user=0.10 sys=0.00, real=0.10 secs] 
377.171: Total time for which application threads were stopped: 0.0936490 seconds, Stopping threads took: 0.0000140 seconds
377.197: Application time: 0.0262190 seconds
377.197: [Full GC377.197: [Tenured: 71039K->71039K(71040K), 0.0778590 secs] 102975K->78508K(102976K), [Perm : 8848K->8848K(21248K)], 0.0779060 secs] [Times: user=0.07 sys=0.00, real=0.08 secs] 
377.275: Total time for which application threads were stopped: 0.0780040 seconds, Stopping threads took: 0.0000140 seconds
377.300: Application time: 0.0256570 seconds
377.301: [Full GC377.301: [Tenured: 71040K->71039K(71040K), 0.0952510 secs] 102976K->75800K(102976K), [Perm : 8848K->8848K(21248K)], 0.0952960 secs] [Times: user=0.09 sys=0.00, real=0.09 secs] 
377.396: Total time for which application threads were stopped: 0.0953920 seconds, Stopping threads took: 0.0000140 seconds
377.420: Application time: 0.0245640 seconds
377.421: [Full GC377.421: [Tenured: 71039K->71039K(71040K), 0.0781080 secs] 102975K->75967K(102976K), [Perm : 8848K->8848K(21248K)], 0.0781650 secs] [Times: user=0.07 sys=0.00, real=0.07 secs] 
377.499: Total time for which application threads were stopped: 0.0782890 seconds, Stopping threads took: 0.0000240 seconds
377.525: Application time: 0.0261040 seconds
377.525: [Full GC377.525: [Tenured: 71039K->71039K(71040K), 0.0774440 secs] 102975K->75995K(102976K), [Perm : 8848K->8848K(21248K)], 0.0774890 secs] [Times: user=0.08 sys=0.00, real=0.08 secs] 
377.602: Total time for which application threads were stopped: 0.0775860 seconds, Stopping threads took: 0.0000140 seconds
377.628: Application time: 0.0257200 seconds
377.628: [Full GC377.628: [Tenured: 71039K->71039K(71040K), 0.0804750 secs] 102975K->78710K(102976K), [Perm : 8848K->8848K(21248K)], 0.0805190 secs] [Times: user=0.08 sys=0.00, real=0.08 secs] 
377.709: Total time for which application threads were stopped: 0.0806120 seconds, Stopping threads took: 0.0000130 seconds
377.734: Application time: 0.0255600 seconds
377.734: [Full GC377.734: [Tenured: 71039K->71039K(71040K), 0.0952920 secs] 102975K->74195K(102976K), [Perm : 8848K->8848K(21248K)], 0.0953400 secs] [Times: user=0.10 sys=0.00, real=0.10 secs] 
377.830: Total time for which application threads were stopped: 0.0954400 seconds, Stopping threads took: 0.0000140 seconds
377.854: Application time: 0.0243120 seconds
377.854: [Full GC377.854: [Tenured: 71039K->71039K(71040K), 0.0832550 secs] 102975K->79707K(102976K), [Perm : 8848K->8848K(21248K)], 0.0833020 secs] [Times: user=0.09 sys=0.00, real=0.08 secs] 
377.937: Total time for which application threads were stopped: 0.0833960 seconds, Stopping threads took: 0.0000130 seconds
377.962: Application time: 0.0241500 seconds
377.962: [Full GC377.962: [Tenured: 71039K->70445K(71040K), 0.0901010 secs] 102975K->70445K(102976K), [Perm : 8848K->8848K(21248K)], 0.0901470 secs] [Times: user=0.09 sys=0.00, real=0.09 secs] 
378.052: Total time for which application threads were stopped: 0.0902540 seconds, Stopping threads took: 0.0000130 seconds
378.064: Application time: 0.0125460 seconds
378.065: [GC378.065: [DefNew: 28416K->28416K(31936K), 0.0000100 secs]378.065: [Tenured: 70445K->71039K(71040K), 0.0911900 secs] 98861K->75368K(102976K), [Perm : 8848K->8848K(21248K)], 0.0912520 secs] [Times: user=0.09 sys=0.00, real=0.09 secs] 
378.156: Total time for which application threads were stopped: 0.0914010 seconds, Stopping threads took: 0.0000670 seconds
378.183: Application time: 0.0275490 seconds
378.183: [Full GC378.183: [Tenured: 71039K->71039K(71040K), 0.0975230 secs] 102975K->73174K(102976K), [Perm : 8848K->8848K(21248K)], 0.0975680 secs] [Times: user=0.10 sys=0.00, real=0.10 secs] 
378.281: Total time for which application threads were stopped: 0.0976630 seconds, Stopping threads took: 0.0000130 seconds
378.314: Application time: 0.0333740 seconds
378.314: [Full GC378.315: [Tenured: 71039K->71039K(71040K), 0.0812660 secs] 102975K->77791K(102976K), [Perm : 8848K->8848K(21248K)], 0.0813110 secs] [Times: user=0.09 sys=0.00, real=0.08 secs] 
378.396: Total time for which application threads were stopped: 0.0814030 seconds, Stopping threads took: 0.0000130 seconds
378.424: Application time: 0.0278600 seconds
378.424: [Full GC378.424: [Tenured: 71039K->71040K(71040K), 0.1004470 secs] 102975K->76514K(102976K), [Perm : 8848K->8848K(21248K)], 0.1004940 secs] [Times: user=0.10 sys=0.00, real=0.10 secs] 
378.524: Total time for which application threads were stopped: 0.1005920 seconds, Stopping threads took: 0.0000140 seconds
378.555: Application time: 0.0306430 seconds
378.555: [Full GC378.555: [Tenured: 71040K->71039K(71040K), 0.0841390 secs] 102976K->79051K(102976K), [Perm : 8848K->8848K(21248K)], 0.0841830 secs] [Times: user=0.08 sys=0.00, real=0.09 secs] 
378.639: Total time for which application threads were stopped: 0.0842910 seconds, Stopping threads took: 0.0000130 seconds
378.664: Application time: 0.0249730 seconds
378.664: [Full GC378.664: [Tenured: 71039K->71040K(71040K), 0.1005580 secs] 102975K->77104K(102976K), [Perm : 8848K->8848K(21248K)], 0.1006110 secs] [Times: user=0.10 sys=0.00, real=0.10 secs] 
378.765: Total time for which application threads were stopped: 0.1007070 seconds, Stopping threads took: 0.0000130 seconds
378.793: Application time: 0.0283660 seconds
378.793: [Full GC378.793: [Tenured: 71040K->71039K(71040K), 0.0843090 secs] 102975K->79016K(102976K), [Perm : 8848K->8848K(21248K)], 0.0843560 secs] [Times: user=0.09 sys=0.00, real=0.08 secs] 
378.878: Total time for which application threads were stopped: 0.0844490 seconds, Stopping threads took: 0.0000130 seconds
378.905: Application time: 0.0274850 seconds
378.905: [Full GC378.905: [Tenured: 71039K->71039K(71040K), 0.0965640 secs] 102975K->79113K(102976K), [Perm : 8848K->8848K(21248K)], 0.0966110 secs] [Times: user=0.10 sys=0.00, real=0.10 secs] 
379.002: Total time for which application threads were stopped: 0.0967070 seconds, Stopping threads took: 0.0000140 seconds
379.031: Application time: 0.0291730 seconds
379.031: [Full GC379.031: [Tenured: 71039K->71040K(71040K), 0.0985040 secs] 102975K->75257K(102976K), [Perm : 8848K->8848K(21248K)], 0.0985520 secs] [Times: user=0.10 sys=0.00, real=0.10 secs] 
379.130: Total time for which application threads were stopped: 0.0986500 seconds, Stopping threads took: 0.0000150 seconds
379.159: Application time: 0.0293990 seconds
379.159: [Full GC379.159: [Tenured: 71040K->71039K(71040K), 0.0960190 secs] 102975K->75371K(102976K), [Perm : 8848K->8848K(21248K)], 0.0960600 secs] [Times: user=0.10 sys=0.00, real=0.09 secs] 
379.255: Total time for which application threads were stopped: 0.0961640 seconds, Stopping threads took: 0.0000120 seconds
379.287: Application time: 0.0314450 seconds
379.287: [Full GC379.287: [Tenured: 71040K->71040K(71040K), 0.0803780 secs] 102975K->75890K(102976K), [Perm : 8848K->8848K(21248K)], 0.0804230 secs] [Times: user=0.08 sys=0.00, real=0.09 secs] 
379.367: Total time for which application threads were stopped: 0.0805200 seconds, Stopping threads took: 0.0000140 seconds
379.397: Application time: 0.0294130 seconds
379.397: [Full GC379.397: [Tenured: 71040K->71040K(71040K), 0.0797930 secs] 102975K->76090K(102976K), [Perm : 8848K->8848K(21248K)], 0.0798380 secs] [Times: user=0.08 sys=0.00, real=0.08 secs] 
379.477: Total time for which application threads were stopped: 0.0799330 seconds, Stopping threads took: 0.0000140 seconds
379.504: Application time: 0.0278180 seconds
379.505: [Full GC379.505: [Tenured: 71040K->71040K(71040K), 0.0790240 secs] 102976K->76368K(102976K), [Perm : 8848K->8848K(21248K)], 0.0790680 secs] [Times: user=0.08 sys=0.00, real=0.08 secs] 
379.584: Total time for which application threads were stopped: 0.0791610 seconds, Stopping threads took: 0.0000130 seconds
379.610: Application time: 0.0263020 seconds
379.610: [Full GC379.610: [Tenured: 71040K->71039K(71040K), 0.0948340 secs] 102975K->75959K(102976K), [Perm : 8848K->8848K(21248K)], 0.0948820 secs] [Times: user=0.09 sys=0.00, real=0.09 secs] 
379.705: Total time for which application threads were stopped: 0.0949800 seconds, Stopping threads took: 0.0000150 seconds
379.731: Application time: 0.0259860 seconds
379.731: [Full GC379.731: [Tenured: 71039K->71039K(71040K), 0.0784420 secs] 102975K->75929K(102976K), [Perm : 8848K->8848K(21248K)], 0.0784850 secs] [Times: user=0.08 sys=0.00, real=0.08 secs] 
379.809: Total time for which application threads were stopped: 0.0785930 seconds, Stopping threads took: 0.0000140 seconds
379.833: Application time: 0.0238790 seconds
379.833: [Full GC379.833: [Tenured: 71039K->71039K(71040K), 0.0791970 secs] 102975K->75996K(102976K), [Perm : 8848K->8848K(21248K)], 0.0792420 secs] [Times: user=0.08 sys=0.00, real=0.08 secs] 
379.913: Total time for which application threads were stopped: 0.0793340 seconds, Stopping threads took: 0.0000150 seconds
379.938: Application time: 0.0255870 seconds
379.938: [Full GC379.938: [Tenured: 71039K->71039K(71040K), 0.0789360 secs] 102975K->76000K(102976K), [Perm : 8848K->8848K(21248K)], 0.0789800 secs] [Times: user=0.08 sys=0.00, real=0.08 secs] 
380.017: Total time for which application threads were stopped: 0.0790790 seconds, Stopping threads took: 0.0000140 seconds
380.043: Application time: 0.0256710 seconds
380.043: [Full GC380.043: [Tenured: 71039K->71039K(71040K), 0.0919360 secs] 102975K->75964K(102976K), [Perm : 8848K->8848K(21248K)], 0.0919850 secs] [Times: user=0.10 sys=0.00, real=0.09 secs] 
380.135: Total time for which application threads were stopped: 0.0920870 seconds, Stopping threads took: 0.0000140 seconds
380.158: Application time: 0.0227810 seconds
380.158: [Full GC380.158: [Tenured: 71040K->71040K(71040K), 0.0784800 secs] 102976K->76497K(102976K), [Perm : 8848K->8848K(21248K)], 0.0785200 secs] [Times: user=0.08 sys=0.00, real=0.08 secs] 
380.237: Total time for which application threads were stopped: 0.0786120 seconds, Stopping threads took: 0.0000120 seconds
380.262: Application time: 0.0258730 seconds
380.262: [Full GC380.263: [Tenured: 71040K->71039K(71040K), 0.0925990 secs] 102976K->76926K(102976K), [Perm : 8848K->8848K(21248K)], 0.0926440 secs] [Times: user=0.09 sys=0.00, real=0.09 secs] 
380.355: Total time for which application threads were stopped: 0.0927590 seconds, Stopping threads took: 0.0000140 seconds
380.379: Application time: 0.0238640 seconds
380.379: [Full GC380.379: [Tenured: 71039K->71039K(71040K), 0.0783790 secs] 102975K->77978K(102976K), [Perm : 8848K->8848K(21248K)], 0.0784240 secs] [Times: user=0.08 sys=0.00, real=0.07 secs] 
380.458: Total time for which application threads were stopped: 0.0785220 seconds, Stopping threads took: 0.0000140 seconds
380.483: Application time: 0.0256890 seconds
380.483: [Full GC380.483: [Tenured: 71039K->71039K(71040K), 0.0975500 secs] 102975K->75479K(102976K), [Perm : 8848K->8848K(21248K)], 0.0975990 secs] [Times: user=0.09 sys=0.00, real=0.10 secs] 
380.581: Total time for which application threads were stopped: 0.0977060 seconds, Stopping threads took: 0.0000240 seconds
380.607: Application time: 0.0263470 seconds
380.607: [Full GC380.607: [Tenured: 71039K->71039K(71040K), 0.0798580 secs] 102975K->76003K(102976K), [Perm : 8848K->8848K(21248K)], 0.0799050 secs] [Times: user=0.08 sys=0.00, real=0.08 secs] 
380.687: Total time for which application threads were stopped: 0.0800000 seconds, Stopping threads took: 0.0000140 seconds
380.714: Application time: 0.0269370 seconds
380.714: [Full GC380.714: [Tenured: 71039K->71039K(71040K), 0.0784050 secs] 102975K->75998K(102976K), [Perm : 8848K->8848K(21248K)], 0.0784480 secs] [Times: user=0.08 sys=0.00, real=0.08 secs] 
380.793: Total time for which application threads were stopped: 0.0785440 seconds, Stopping threads took: 0.0000140 seconds
380.820: Application time: 0.0271440 seconds
380.820: [Full GC380.820: [Tenured: 71039K->71039K(71040K), 0.0801300 secs] 102975K->76044K(102976K), [Perm : 8848K->8848K(21248K)], 0.0801770 secs] [Times: user=0.08 sys=0.00, real=0.08 secs] 
380.900: Total time for which application threads were stopped: 0.0802930 seconds, Stopping threads took: 0.0000130 seconds
380.924: Application time: 0.0233080 seconds
380.924: [Full GC380.924: [Tenured: 71039K->71039K(71040K), 0.0949200 secs] 102975K->76089K(102976K), [Perm : 8848K->8848K(21248K)], 0.0949700 secs] [Times: user=0.09 sys=0.00, real=0.09 secs] 
381.019: Total time for which application threads were stopped: 0.0950670 seconds, Stopping threads took: 0.0000140 seconds
381.044: Application time: 0.0250660 seconds
381.044: [Full GC381.044: [Tenured: 71039K->71039K(71040K), 0.0813210 secs] 102975K->78408K(102976K), [Perm : 8848K->8848K(21248K)], 0.0813670 secs] [Times: user=0.08 sys=0.00, real=0.08 secs] 
381.125: Total time for which application threads were stopped: 0.0814640 seconds, Stopping threads took: 0.0000140 seconds
381.151: Application time: 0.0255540 seconds
381.151: [Full GC381.151: [Tenured: 71039K->71039K(71040K), 0.0959370 secs] 102975K->79638K(102976K), [Perm : 8848K->8848K(21248K)], 0.0959840 secs] [Times: user=0.09 sys=0.00, real=0.09 secs] 
381.247: Total time for which application threads were stopped: 0.0960820 seconds, Stopping threads took: 0.0000140 seconds
381.268: Application time: 0.0207750 seconds
381.268: [Full GC381.268: [Tenured: 71040K->71039K(71040K), 0.0966080 secs] 102975K->78317K(102976K), [Perm : 8848K->8848K(21248K)], 0.0966620 secs] [Times: user=0.10 sys=0.00, real=0.09 secs] 
381.364: Total time for which application threads were stopped: 0.0967580 seconds, Stopping threads took: 0.0000140 seconds
381.387: Application time: 0.0231080 seconds
381.387: [Full GC381.388: [Tenured: 71039K->71039K(71040K), 0.0990270 secs] 102975K->75838K(102976K), [Perm : 8848K->8848K(21248K)], 0.0990750 secs] [Times: user=0.09 sys=0.00, real=0.09 secs] 
381.487: Total time for which application threads were stopped: 0.0991820 seconds, Stopping threads took: 0.0000130 seconds
381.513: Application time: 0.0266310 seconds
381.513: [Full GC381.513: [Tenured: 71039K->71039K(71040K), 0.0940510 secs] 102974K->74932K(102976K), [Perm : 8848K->8848K(21248K)], 0.0940950 secs] [Times: user=0.09 sys=0.00, real=0.10 secs] 
381.607: Total time for which application threads were stopped: 0.0941880 seconds, Stopping threads took: 0.0000130 seconds
381.637: Application time: 0.0293940 seconds
381.637: [Full GC381.637: [Tenured: 71039K->71039K(71040K), 0.0863390 secs] 102975K->80901K(102976K), [Perm : 8848K->8848K(21248K)], 0.0863840 secs] [Times: user=0.08 sys=0.00, real=0.09 secs] 
381.723: Total time for which application threads were stopped: 0.0864760 seconds, Stopping threads took: 0.0000130 seconds
381.750: Application time: 0.0267780 seconds
381.750: [Full GC381.750: [Tenured: 71040K->71039K(71040K), 0.0978320 secs] 102975K->77650K(102976K), [Perm : 8848K->8848K(21248K)], 0.0978770 secs] [Times: user=0.09 sys=0.00, real=0.10 secs] 
381.848: Total time for which application threads were stopped: 0.0979710 seconds, Stopping threads took: 0.0000130 seconds
381.877: Application time: 0.0288100 seconds
381.877: [Full GC381.877: [Tenured: 71040K->71039K(71040K), 0.1004290 secs] 102975K->76294K(102976K), [Perm : 8848K->8848K(21248K)], 0.1004730 secs] [Times: user=0.10 sys=0.00, real=0.10 secs] 
381.977: Total time for which application threads were stopped: 0.1005670 seconds, Stopping threads took: 0.0000140 seconds
382.007: Application time: 0.0293230 seconds
382.007: [Full GC382.007: [Tenured: 71039K->71039K(71040K), 0.0955780 secs] 102975K->79342K(102976K), [Perm : 8848K->8848K(21248K)], 0.0956230 secs] [Times: user=0.10 sys=0.00, real=0.10 secs] 
382.102: Total time for which application threads were stopped: 0.0957290 seconds, Stopping threads took: 0.0000130 seconds
382.128: Application time: 0.0258350 seconds
382.128: [Full GC382.128: [Tenured: 71040K->71040K(71040K), 0.0951860 secs] 102975K->79381K(102976K), [Perm : 8848K->8848K(21248K)], 0.0952290 secs] [Times: user=0.10 sys=0.00, real=0.09 secs] 
382.224: Total time for which application threads were stopped: 0.0953240 seconds, Stopping threads took: 0.0000130 seconds
382.251: Application time: 0.0273230 seconds
382.251: [Full GC382.251: [Tenured: 71040K->71039K(71040K), 0.0968880 secs] 102976K->81190K(102976K), [Perm : 8848K->8848K(21248K)], 0.0969330 secs] [Times: user=0.10 sys=0.00, real=0.10 secs] 
382.348: Total time for which application threads were stopped: 0.0970320 seconds, Stopping threads took: 0.0000140 seconds
382.374: Application time: 0.0257610 seconds
382.374: [Full GC382.374: [Tenured: 71040K->71039K(71040K), 0.0991510 secs] 102976K->77251K(102976K), [Perm : 8848K->8848K(21248K)], 0.0991990 secs] [Times: user=0.10 sys=0.00, real=0.10 secs] 
382.473: Total time for which application threads were stopped: 0.0992960 seconds, Stopping threads took: 0.0000140 seconds
382.501: Application time: 0.0275090 seconds
382.501: [Full GC382.501: [Tenured: 71039K->71039K(71040K), 0.0844890 secs] 102975K->78691K(102976K), [Perm : 8848K->8848K(21248K)], 0.0845340 secs] [Times: user=0.09 sys=0.00, real=0.08 secs] 
382.585: Total time for which application threads were stopped: 0.0846280 seconds, Stopping threads took: 0.0000130 seconds
382.611: Application time: 0.0256420 seconds
382.611: [Full GC382.611: [Tenured: 71039K->71039K(71040K), 0.0830680 secs] 102975K->79414K(102976K), [Perm : 8848K->8848K(21248K)], 0.0831230 secs] [Times: user=0.08 sys=0.00, real=0.08 secs] 
382.694: Total time for which application threads were stopped: 0.0832280 seconds, Stopping threads took: 0.0000130 seconds
382.722: Application time: 0.0283130 seconds
382.722: [Full GC382.722: [Tenured: 71039K->71039K(71040K), 0.0824450 secs] 102975K->78808K(102976K), [Perm : 8848K->8848K(21248K)], 0.0824900 secs] [Times: user=0.08 sys=0.00, real=0.08 secs] 
382.805: Total time for which application threads were stopped: 0.0825840 seconds, Stopping threads took: 0.0000130 seconds
382.832: Application time: 0.0275210 seconds
382.833: [Full GC382.833: [Tenured: 71039K->71040K(71040K), 0.0953880 secs] 102975K->75893K(102976K), [Perm : 8848K->8848K(21248K)], 0.0954340 secs] [Times: user=0.10 sys=0.00, real=0.10 secs] 
382.928: Total time for which application threads were stopped: 0.0955420 seconds, Stopping threads took: 0.0000250 seconds
382.955: Application time: 0.0267020 seconds
382.955: [Full GC382.955: [Tenured: 71040K->71040K(71040K), 0.0785980 secs] 102976K->75985K(102976K), [Perm : 8848K->8848K(21248K)], 0.0786420 secs] [Times: user=0.08 sys=0.00, real=0.08 secs] 
383.033: Total time for which application threads were stopped: 0.0787360 seconds, Stopping threads took: 0.0000140 seconds
383.059: Application time: 0.0254550 seconds
383.059: [Full GC383.059: [Tenured: 71040K->71040K(71040K), 0.0777610 secs] 102975K->75931K(102976K), [Perm : 8848K->8848K(21248K)], 0.0778090 secs] [Times: user=0.08 sys=0.00, real=0.08 secs] 
383.137: Total time for which application threads were stopped: 0.0779050 seconds, Stopping threads took: 0.0000140 seconds
383.162: Application time: 0.0250990 seconds
383.162: [Full GC383.162: [Tenured: 71040K->71040K(71040K), 0.0773650 secs] 102976K->75960K(102976K), [Perm : 8848K->8848K(21248K)], 0.0774050 secs] [Times: user=0.08 sys=0.00, real=0.08 secs] 
383.239: Total time for which application threads were stopped: 0.0775110 seconds, Stopping threads took: 0.0000130 seconds
383.264: Application time: 0.0247290 seconds
383.264: [Full GC383.264: [Tenured: 71040K->71039K(71040K), 0.0904300 secs] 102976K->75925K(102976K), [Perm : 8848K->8848K(21248K)], 0.0904810 secs] [Times: user=0.10 sys=0.00, real=0.09 secs] 
383.355: Total time for which application threads were stopped: 0.0905930 seconds, Stopping threads took: 0.0000240 seconds
383.379: Application time: 0.0243420 seconds
383.379: [Full GC383.379: [Tenured: 71040K->71040K(71040K), 0.0769520 secs] 102976K->75959K(102976K), [Perm : 8848K->8848K(21248K)], 0.0769930 secs] [Times: user=0.08 sys=0.00, real=0.07 secs] 
383.456: Total time for which application threads were stopped: 0.0770890 seconds, Stopping threads took: 0.0000140 seconds
383.479: Application time: 0.0231920 seconds
383.479: [Full GC383.479: [Tenured: 71040K->71040K(71040K), 0.0767380 secs] 102976K->75958K(102976K), [Perm : 8848K->8848K(21248K)], 0.0767810 secs] [Times: user=0.07 sys=0.00, real=0.07 secs] 
383.556: Total time for which application threads were stopped: 0.0768780 seconds, Stopping threads took: 0.0000150 seconds
383.580: Application time: 0.0233490 seconds
383.580: [Full GC383.580: [Tenured: 71040K->71040K(71040K), 0.0765510 secs] 102975K->75990K(102976K), [Perm : 8848K->8848K(21248K)], 0.0765930 secs] [Times: user=0.07 sys=0.00, real=0.07 secs] 
383.656: Total time for which application threads were stopped: 0.0766880 seconds, Stopping threads took: 0.0000140 seconds
383.680: Application time: 0.0236930 seconds
383.680: [Full GC383.680: [Tenured: 71040K->71039K(71040K), 0.0936730 secs] 102976K->75896K(102976K), [Perm : 8848K->8848K(21248K)], 0.0937220 secs] [Times: user=0.10 sys=0.00, real=0.09 secs] 
383.774: Total time for which application threads were stopped: 0.0938330 seconds, Stopping threads took: 0.0000140 seconds
383.797: Application time: 0.0233380 seconds
383.797: [Full GC383.797: [Tenured: 71039K->71039K(71040K), 0.0770430 secs] 102975K->75939K(102976K), [Perm : 8848K->8848K(21248K)], 0.0770940 secs] [Times: user=0.08 sys=0.00, real=0.08 secs] 
383.874: Total time for which application threads were stopped: 0.0771900 seconds, Stopping threads took: 0.0000150 seconds
383.897: Application time: 0.0229310 seconds
383.897: [Full GC383.897: [Tenured: 71039K->71039K(71040K), 0.0776480 secs] 102975K->75949K(102976K), [Perm : 8848K->8848K(21248K)], 0.0776880 secs] [Times: user=0.08 sys=0.00, real=0.08 secs] 
383.975: Total time for which application threads were stopped: 0.0777830 seconds, Stopping threads took: 0.0000140 seconds
383.998: Application time: 0.0227630 seconds
383.998: [Full GC383.998: [Tenured: 71039K->71039K(71040K), 0.0774470 secs] 102975K->75949K(102976K), [Perm : 8848K->8848K(21248K)], 0.0774900 secs] [Times: user=0.08 sys=0.00, real=0.08 secs] 
384.075: Total time for which application threads were stopped: 0.0775840 seconds, Stopping threads took: 0.0000150 seconds
384.098: Application time: 0.0223770 seconds
384.098: [Full GC384.098: [Tenured: 71039K->71039K(71040K), 0.0925980 secs] 102975K->75829K(102976K), [Perm : 8848K->8848K(21248K)], 0.0926460 secs] [Times: user=0.09 sys=0.00, real=0.10 secs] 
384.191: Total time for which application threads were stopped: 0.0927490 seconds, Stopping threads took: 0.0000160 seconds
384.211: Application time: 0.0206390 seconds
384.211: [Full GC384.211: [Tenured: 71039K->71039K(71040K), 0.0768270 secs] 102975K->75826K(102976K), [Perm : 8848K->8848K(21248K)], 0.0768700 secs] [Times: user=0.08 sys=0.00, real=0.08 secs] 
384.288: Total time for which application threads were stopped: 0.0769790 seconds, Stopping threads took: 0.0000160 seconds
384.321: Application time: 0.0324630 seconds
384.321: Total time for which application threads were stopped: 0.0000640 seconds, Stopping threads took: 0.0000100 seconds
384.341: Application time: 0.0207570 seconds
384.342: Total time for which application threads were stopped: 0.0000510 seconds, Stopping threads took: 0.0000100 seconds
384.365: Application time: 0.0230880 seconds
384.365: [Full GC384.365: [Tenured: 71039K->71039K(71040K), 0.0893850 secs] 102975K->77459K(102976K), [Perm : 9192K->9192K(21248K)], 0.0894240 secs] [Times: user=0.09 sys=0.00, real=0.09 secs] 
384.454: Total time for which application threads were stopped: 0.0895010 seconds, Stopping threads took: 0.0000090 seconds
384.517: Application time: 0.0633020 seconds
384.518: Total time for which application threads were stopped: 0.0001280 seconds, Stopping threads took: 0.0000100 seconds
384.519: Application time: 0.0011740 seconds
384.519: Total time for which application threads were stopped: 0.0000190 seconds, Stopping threads took: 0.0000040 seconds
384.765: Application time: 0.2463580 seconds
384.765: [Full GC384.765: [Tenured: 71039K->71039K(71040K), 0.1082780 secs] 102975K->82182K(102976K), [Perm : 15032K->15032K(21248K)], 0.1083240 secs] [Times: user=0.11 sys=0.00, real=0.11 secs] 
384.874: Total time for which application threads were stopped: 0.1084630 seconds, Stopping threads took: 0.0000150 seconds
384.874: Application time: 0.0004850 seconds
384.874: Total time for which application threads were stopped: 0.0000600 seconds, Stopping threads took: 0.0000290 seconds
384.921: Application time: 0.0468060 seconds
384.921: Total time for which application threads were stopped: 0.0000480 seconds, Stopping threads took: 0.0000100 seconds
384.923: Application time: 0.0017350 seconds
384.923: Total time for which application threads were stopped: 0.0000200 seconds, Stopping threads took: 0.0000050 seconds
Heap
 def new generation   total 31936K, used 21500K [0x00000000f4600000, 0x00000000f68a0000, 0x00000000f68a0000)
  eden space 28416K,  75% used [0x00000000f4600000, 0x00000000f5aff2f0, 0x00000000f61c0000)
  from space 3520K,   0% used [0x00000000f61c0000, 0x00000000f61c0000, 0x00000000f6530000)
  to   space 3520K,   0% used [0x00000000f6530000, 0x00000000f6530000, 0x00000000f68a0000)
 tenured generation   total 71040K, used 71039K [0x00000000f68a0000, 0x00000000fae00000, 0x00000000fae00000)
   the space 71040K,  99% used [0x00000000f68a0000, 0x00000000fadffff8, 0x00000000fae00000, 0x00000000fae00000)
 compacting perm gen  total 21248K, used 15295K [0x00000000fae00000, 0x00000000fc2c0000, 0x0000000100000000)
   the space 21248K,  71% used [0x00000000fae00000, 0x00000000fbceff88, 0x00000000fbcf0000, 0x00000000fc2c0000)
No shared spaces configured.
384.923: Application time: 0.0001680 seconds
