Java HotSpot(TM) 64-Bit Server VM (24.80-b11) for linux-amd64 JRE (1.7.0_80-b15), built on Apr 10 2015 19:53:14 by "java_re" with gcc 4.3.0 20080428 (Red Hat 4.3.0-8)
Memory: 4k page, physical 8000092k(6192792k free), swap 8218620k(8218620k free)
CommandLine flags: -XX:InitialHeapSize=70545408 -XX:MaxHeapSize=70545408 -XX:+PrintGC -XX:+PrintGCApplicationConcurrentTime -XX:+PrintGCApplicationStoppedTime -XX:+PrintGCDetails -XX:+PrintGCTimeStamps -XX:-UseAdaptiveSizePolicy -XX:+UseCompressedOops -XX:+UseSerialGC 
1.007: Application time: 0.9853940 seconds
1.007: Total time for which application threads were stopped: 0.0000440 seconds, Stopping threads took: 0.0000100 seconds
4.027: Application time: 3.0199810 seconds
4.027: Total time for which application threads were stopped: 0.0000680 seconds, Stopping threads took: 0.0000100 seconds
14.688: Application time: 10.6613790 seconds
14.688: Total time for which application threads were stopped: 0.0000230 seconds, Stopping threads took: 0.0000080 seconds
14.688: Application time: 0.0000640 seconds
14.688: Total time for which application threads were stopped: 0.0000230 seconds, Stopping threads took: 0.0000070 seconds
14.690: Application time: 0.0015190 seconds
14.690: Total time for which application threads were stopped: 0.0000240 seconds, Stopping threads took: 0.0000180 seconds
14.708: Application time: 0.0185150 seconds
14.708: Total time for which application threads were stopped: 0.0000390 seconds, Stopping threads took: 0.0000100 seconds
14.721: Application time: 0.0122880 seconds
14.721: [Full GC14.721: [Tenured: 0K->3145K(45952K), 0.0087750 secs] 9312K->3145K(66688K), [Perm : 5075K->5075K(21248K)], 0.0088370 secs] [Times: user=0.01 sys=0.00, real=0.01 secs] 
14.730: Total time for which application threads were stopped: 0.0089020 seconds, Stopping threads took: 0.0000180 seconds
14.730: Application time: 0.0000790 seconds
14.730: [Full GC14.730: [Tenured: 3145K->3145K(45952K), 0.0058970 secs] 3145K->3145K(66688K), [Perm : 5075K->5075K(21248K)], 0.0059240 secs] [Times: user=0.00 sys=0.00, real=0.01 secs] 
14.736: Total time for which application threads were stopped: 0.0060260 seconds, Stopping threads took: 0.0000480 seconds
14.736: Application time: 0.0001730 seconds
14.736: Total time for which application threads were stopped: 0.0000710 seconds, Stopping threads took: 0.0000480 seconds
14.736: Application time: 0.0000800 seconds
14.736: Total time for which application threads were stopped: 0.0000210 seconds, Stopping threads took: 0.0000140 seconds
14.736: Application time: 0.0000470 seconds
14.736: Total time for which application threads were stopped: 0.0000300 seconds, Stopping threads took: 0.0000220 seconds
14.736: Application time: 0.0000310 seconds
14.736: Total time for which application threads were stopped: 0.0000190 seconds, Stopping threads took: 0.0000160 seconds
14.736: Application time: 0.0000260 seconds
14.736: Total time for which application threads were stopped: 0.0000180 seconds, Stopping threads took: 0.0000140 seconds
14.736: Application time: 0.0000250 seconds
14.736: Total time for which application threads were stopped: 0.0000140 seconds, Stopping threads took: 0.0000100 seconds
14.736: Application time: 0.0000250 seconds
14.736: Total time for which application threads were stopped: 0.0000140 seconds, Stopping threads took: 0.0000100 seconds
14.736: Application time: 0.0000090 seconds
14.736: Total time for which application threads were stopped: 0.0000110 seconds, Stopping threads took: 0.0000080 seconds
14.736: Application time: 0.0000100 seconds
14.736: Total time for which application threads were stopped: 0.0000120 seconds, Stopping threads took: 0.0000080 seconds
14.736: Application time: 0.0000090 seconds
14.736: Total time for which application threads were stopped: 0.0000120 seconds, Stopping threads took: 0.0000090 seconds
14.736: Application time: 0.0000090 seconds
14.736: Total time for which application threads were stopped: 0.0000160 seconds, Stopping threads took: 0.0000120 seconds
14.736: Application time: 0.0000090 seconds
14.737: Total time for which application threads were stopped: 0.0000120 seconds, Stopping threads took: 0.0000090 seconds
14.737: Application time: 0.0000090 seconds
14.737: Total time for which application threads were stopped: 0.0000110 seconds, Stopping threads took: 0.0000080 seconds
14.737: Application time: 0.0000090 seconds
14.737: Total time for which application threads were stopped: 0.0000160 seconds, Stopping threads took: 0.0000120 seconds
14.737: Application time: 0.0000090 seconds
14.737: Total time for which application threads were stopped: 0.0000150 seconds, Stopping threads took: 0.0000110 seconds
14.737: Application time: 0.0000080 seconds
14.737: Total time for which application threads were stopped: 0.0000130 seconds, Stopping threads took: 0.0000090 seconds
14.737: Application time: 0.0000090 seconds
14.737: Total time for which application threads were stopped: 0.0000070 seconds, Stopping threads took: 0.0000040 seconds
14.737: Application time: 0.0000100 seconds
14.737: Total time for which application threads were stopped: 0.0000140 seconds, Stopping threads took: 0.0000100 seconds
14.737: Application time: 0.0000090 seconds
14.737: Total time for which application threads were stopped: 0.0000130 seconds, Stopping threads took: 0.0000100 seconds
14.737: Application time: 0.0000090 seconds
14.737: Total time for which application threads were stopped: 0.0000210 seconds, Stopping threads took: 0.0000120 seconds
14.760: Application time: 0.0231810 seconds
14.760: [GC14.760: [DefNew: 17079K->2174K(20736K), 0.0050090 secs] 20224K->19219K(66688K), 0.0050540 secs] [Times: user=0.00 sys=0.00, real=0.00 secs] 
14.765: Total time for which application threads were stopped: 0.0051240 seconds, Stopping threads took: 0.0000120 seconds
14.765: Application time: 0.0001020 seconds
14.768: [GC14.768: [DefNew: 19437K->0K(20736K), 0.0060580 secs] 36482K->36419K(66688K), 0.0060990 secs] [Times: user=0.00 sys=0.01, real=0.00 secs] 
14.774: Total time for which application threads were stopped: 0.0088510 seconds, Stopping threads took: 0.0026840 seconds
14.774: Application time: 0.0000750 seconds
14.776: Total time for which application threads were stopped: 0.0016140 seconds, Stopping threads took: 0.0015960 seconds
14.776: Application time: 0.0000700 seconds
14.777: [GC14.777: [DefNew: 17241K->17241K(20736K), 0.0000080 secs]14.777: [Tenured: 36419K->43299K(45952K), 0.0101880 secs] 53661K->53620K(66688K), [Perm : 5098K->5098K(21248K)], 0.0102560 secs] [Times: user=0.01 sys=0.00, real=0.00 secs] 
14.787: Total time for which application threads were stopped: 0.0113960 seconds, Stopping threads took: 0.0010830 seconds
14.788: Application time: 0.0009390 seconds
14.788: [Full GC14.788: [Tenured: 43299K->45669K(46464K), 0.0171730 secs] 60527K->59429K(67328K), [Perm : 5098K->5096K(21248K)], 0.0172090 secs] [Times: user=0.02 sys=0.00, real=0.01 secs] 
14.805: Total time for which application threads were stopped: 0.0172670 seconds, Stopping threads took: 0.0000080 seconds
14.806: Application time: 0.0003010 seconds
14.806: [Full GC14.806: [Tenured: 45669K->45669K(46464K), 0.0044890 secs] 62869K->62869K(67328K), [Perm : 5096K->5096K(21248K)], 0.0045150 secs] [Times: user=0.00 sys=0.00, real=0.01 secs] 
14.810: [Full GC14.810: [Tenured: 45669K->44601K(46464K), 0.0111280 secs] 62869K->61801K(67328K), [Perm : 5096K->5093K(21248K)], 0.0111590 secs] [Times: user=0.01 sys=0.00, real=0.01 secs] 
14.821: Total time for which application threads were stopped: 0.0157580 seconds, Stopping threads took: 0.0000070 seconds
14.823: Application time: 0.0017840 seconds
14.823: Total time for which application threads were stopped: 0.0000460 seconds, Stopping threads took: 0.0000340 seconds
14.825: Application time: 0.0013390 seconds
14.825: Total time for which application threads were stopped: 0.0000310 seconds, Stopping threads took: 0.0000220 seconds
14.825: Application time: 0.0001260 seconds
14.825: Total time for which application threads were stopped: 0.0000380 seconds, Stopping threads took: 0.0000300 seconds
14.825: Application time: 0.0000840 seconds
14.825: Total time for which application threads were stopped: 0.0000420 seconds, Stopping threads took: 0.0000320 seconds
14.825: Application time: 0.0001160 seconds
14.825: Total time for which application threads were stopped: 0.0000380 seconds, Stopping threads took: 0.0000270 seconds
14.825: Application time: 0.0001790 seconds
14.825: Total time for which application threads were stopped: 0.0000300 seconds, Stopping threads took: 0.0000200 seconds
14.826: Application time: 0.0003960 seconds
14.826: Total time for which application threads were stopped: 0.0000160 seconds, Stopping threads took: 0.0000080 seconds
14.863: Application time: 0.0368900 seconds
14.863: Total time for which application threads were stopped: 0.0000450 seconds, Stopping threads took: 0.0000090 seconds
14.882: Application time: 0.0198680 seconds
14.883: [Full GC14.883: [Tenured: 46463K->46463K(46464K), 0.0074780 secs] 67327K->47143K(67328K), [Perm : 6776K->6776K(21248K)], 0.0075280 secs] [Times: user=0.01 sys=0.00, real=0.01 secs] 
14.890: Total time for which application threads were stopped: 0.0075950 seconds, Stopping threads took: 0.0000120 seconds
14.890: Application time: 0.0000930 seconds
14.890: Total time for which application threads were stopped: 0.0001070 seconds, Stopping threads took: 0.0000710 seconds
14.890: Application time: 0.0000820 seconds
14.890: Total time for which application threads were stopped: 0.0000450 seconds, Stopping threads took: 0.0000340 seconds
14.890: Application time: 0.0000350 seconds
14.890: Total time for which application threads were stopped: 0.0000240 seconds, Stopping threads took: 0.0000180 seconds
14.890: Application time: 0.0000260 seconds
14.891: Total time for which application threads were stopped: 0.0000220 seconds, Stopping threads took: 0.0000180 seconds
14.891: Application time: 0.0000250 seconds
14.891: Total time for which application threads were stopped: 0.0000120 seconds, Stopping threads took: 0.0000090 seconds
14.891: Application time: 0.0000250 seconds
14.891: Total time for which application threads were stopped: 0.0000080 seconds, Stopping threads took: 0.0000050 seconds
14.891: Application time: 0.0000110 seconds
14.891: Total time for which application threads were stopped: 0.0000070 seconds, Stopping threads took: 0.0000040 seconds
14.891: Application time: 0.0000090 seconds
14.891: Total time for which application threads were stopped: 0.0000140 seconds, Stopping threads took: 0.0000110 seconds
14.891: Application time: 0.0000100 seconds
14.891: Total time for which application threads were stopped: 0.0000120 seconds, Stopping threads took: 0.0000090 seconds
14.891: Application time: 0.0000100 seconds
14.891: Total time for which application threads were stopped: 0.0000130 seconds, Stopping threads took: 0.0000100 seconds
14.891: Application time: 0.0000090 seconds
14.891: Total time for which application threads were stopped: 0.0000110 seconds, Stopping threads took: 0.0000070 seconds
14.891: Application time: 0.0000090 seconds
14.891: Total time for which application threads were stopped: 0.0000120 seconds, Stopping threads took: 0.0000080 seconds
14.891: Application time: 0.0000090 seconds
14.891: Total time for which application threads were stopped: 0.0000110 seconds, Stopping threads took: 0.0000070 seconds
14.891: Application time: 0.0000090 seconds
14.891: Total time for which application threads were stopped: 0.0000080 seconds, Stopping threads took: 0.0000050 seconds
14.891: Application time: 0.0000100 seconds
14.891: Total time for which application threads were stopped: 0.0000130 seconds, Stopping threads took: 0.0000100 seconds
14.891: Application time: 0.0000090 seconds
14.891: Total time for which application threads were stopped: 0.0000130 seconds, Stopping threads took: 0.0000100 seconds
14.891: Application time: 0.0000090 seconds
14.891: Total time for which application threads were stopped: 0.0000130 seconds, Stopping threads took: 0.0000100 seconds
14.891: Application time: 0.0000090 seconds
14.891: Total time for which application threads were stopped: 0.0000230 seconds, Stopping threads took: 0.0000140 seconds
15.092: Application time: 0.2007490 seconds
15.092: [Full GC15.092: [Tenured: 46463K->46456K(46464K), 0.0264320 secs] 67325K->48376K(67328K), [Perm : 12414K->12410K(21248K)], 0.0264800 secs] [Times: user=0.02 sys=0.00, real=0.03 secs] 
15.118: Total time for which application threads were stopped: 0.0265700 seconds, Stopping threads took: 0.0000150 seconds
15.120: Application time: 0.0020130 seconds
15.120: Total time for which application threads were stopped: 0.0000300 seconds, Stopping threads took: 0.0000200 seconds
15.184: Application time: 0.0639310 seconds
15.184: Total time for which application threads were stopped: 0.0000260 seconds, Stopping threads took: 0.0000120 seconds
Heap
 def new generation   total 20864K, used 14855K [0x00000000f6a00000, 0x00000000f80a0000, 0x00000000f80a0000)
  eden space 18560K,  80% used [0x00000000f6a00000, 0x00000000f7881d58, 0x00000000f7c20000)
  from space 2304K,   0% used [0x00000000f7c20000, 0x00000000f7c20000, 0x00000000f7e60000)
  to   space 2304K,   0% used [0x00000000f7e60000, 0x00000000f7e60000, 0x00000000f80a0000)
 tenured generation   total 46464K, used 46456K [0x00000000f80a0000, 0x00000000fae00000, 0x00000000fae00000)
   the space 46464K,  99% used [0x00000000f80a0000, 0x00000000fadfe3f8, 0x00000000fadfe400, 0x00000000fae00000)
 compacting perm gen  total 21248K, used 12682K [0x00000000fae00000, 0x00000000fc2c0000, 0x0000000100000000)
   the space 21248K,  59% used [0x00000000fae00000, 0x00000000fba62928, 0x00000000fba62a00, 0x00000000fc2c0000)
No shared spaces configured.
15.184: Application time: 0.0001790 seconds
