Java HotSpot(TM) 64-Bit Server VM (24.80-b11) for linux-amd64 JRE (1.7.0_80-b15), built on Apr 10 2015 19:53:14 by "java_re" with gcc 4.3.0 20080428 (Red Hat 4.3.0-8)
Memory: 4k page, physical 8000092k(6192240k free), swap 8218620k(8218620k free)
CommandLine flags: -XX:InitialHeapSize=209110016 -XX:MaxHeapSize=209110016 -XX:+PrintGC -XX:+PrintGCApplicationConcurrentTime -XX:+PrintGCApplicationStoppedTime -XX:+PrintGCDetails -XX:+PrintGCTimeStamps -XX:-UseAdaptiveSizePolicy -XX:+UseCompressedOops -XX:+UseSerialGC 
1.009: Application time: 0.9848500 seconds
1.009: Total time for which application threads were stopped: 0.0000430 seconds, Stopping threads took: 0.0000100 seconds
4.030: Application time: 3.0205670 seconds
4.030: Total time for which application threads were stopped: 0.0000700 seconds, Stopping threads took: 0.0000110 seconds
14.638: Application time: 10.6075620 seconds
14.638: Total time for which application threads were stopped: 0.0000220 seconds, Stopping threads took: 0.0000070 seconds
14.638: Application time: 0.0000640 seconds
14.638: Total time for which application threads were stopped: 0.0000230 seconds, Stopping threads took: 0.0000080 seconds
14.639: Application time: 0.0014860 seconds
14.639: Total time for which application threads were stopped: 0.0000240 seconds, Stopping threads took: 0.0000180 seconds
14.659: Application time: 0.0192840 seconds
14.659: Total time for which application threads were stopped: 0.0000380 seconds, Stopping threads took: 0.0000090 seconds
14.671: Application time: 0.0121390 seconds
14.671: [Full GC14.671: [Tenured: 0K->3145K(136192K), 0.0080500 secs] 12218K->3145K(197440K), [Perm : 5075K->5075K(21248K)], 0.0081100 secs] [Times: user=0.01 sys=0.00, real=0.00 secs] 
14.679: Total time for which application threads were stopped: 0.0081730 seconds, Stopping threads took: 0.0000170 seconds
14.679: Application time: 0.0000770 seconds
14.679: [Full GC14.679: [Tenured: 3145K->3145K(136192K), 0.0055800 secs] 3145K->3145K(197568K), [Perm : 5075K->5075K(21248K)], 0.0056090 secs] [Times: user=0.00 sys=0.00, real=0.01 secs] 
14.685: Total time for which application threads were stopped: 0.0056590 seconds, Stopping threads took: 0.0000100 seconds
14.685: Application time: 0.0001730 seconds
14.685: Total time for which application threads were stopped: 0.0000380 seconds, Stopping threads took: 0.0000280 seconds
14.685: Application time: 0.0000810 seconds
14.685: Total time for which application threads were stopped: 0.0000540 seconds, Stopping threads took: 0.0000320 seconds
14.685: Application time: 0.0000320 seconds
14.685: Total time for which application threads were stopped: 0.0000090 seconds, Stopping threads took: 0.0000050 seconds
14.685: Application time: 0.0000310 seconds
14.685: Total time for which application threads were stopped: 0.0000200 seconds, Stopping threads took: 0.0000160 seconds
14.685: Application time: 0.0000130 seconds
14.685: Total time for which application threads were stopped: 0.0000060 seconds, Stopping threads took: 0.0000030 seconds
14.685: Application time: 0.0000140 seconds
14.685: Total time for which application threads were stopped: 0.0000150 seconds, Stopping threads took: 0.0000120 seconds
14.685: Application time: 0.0000130 seconds
14.685: Total time for which application threads were stopped: 0.0000140 seconds, Stopping threads took: 0.0000100 seconds
14.685: Application time: 0.0000100 seconds
14.685: Total time for which application threads were stopped: 0.0000150 seconds, Stopping threads took: 0.0000110 seconds
14.685: Application time: 0.0000110 seconds
14.685: Total time for which application threads were stopped: 0.0000160 seconds, Stopping threads took: 0.0000120 seconds
14.685: Application time: 0.0000090 seconds
14.685: Total time for which application threads were stopped: 0.0000150 seconds, Stopping threads took: 0.0000110 seconds
14.685: Application time: 0.0000120 seconds
14.685: Total time for which application threads were stopped: 0.0000150 seconds, Stopping threads took: 0.0000110 seconds
14.685: Application time: 0.0000110 seconds
14.685: Total time for which application threads were stopped: 0.0000170 seconds, Stopping threads took: 0.0000140 seconds
14.685: Application time: 0.0000110 seconds
14.685: Total time for which application threads were stopped: 0.0000140 seconds, Stopping threads took: 0.0000110 seconds
14.685: Application time: 0.0000110 seconds
14.685: Total time for which application threads were stopped: 0.0000150 seconds, Stopping threads took: 0.0000110 seconds
14.685: Application time: 0.0000110 seconds
14.685: Total time for which application threads were stopped: 0.0000180 seconds, Stopping threads took: 0.0000150 seconds
14.685: Application time: 0.0000100 seconds
14.685: Total time for which application threads were stopped: 0.0000150 seconds, Stopping threads took: 0.0000110 seconds
14.685: Application time: 0.0000100 seconds
14.685: Total time for which application threads were stopped: 0.0000150 seconds, Stopping threads took: 0.0000110 seconds
14.685: Application time: 0.0000110 seconds
14.685: Total time for which application threads were stopped: 0.0000150 seconds, Stopping threads took: 0.0000110 seconds
14.685: Application time: 0.0000110 seconds
14.685: Total time for which application threads were stopped: 0.0000150 seconds, Stopping threads took: 0.0000110 seconds
14.685: Application time: 0.0000110 seconds
14.685: Total time for which application threads were stopped: 0.0000150 seconds, Stopping threads took: 0.0000030 seconds
14.871: Application time: 0.1857790 seconds
14.871: [GC14.871: [DefNew: 54592K->6784K(61376K), 0.0064370 secs] 57737K->13432K(197568K), 0.0064740 secs] [Times: user=0.01 sys=0.00, real=0.00 secs] 
14.878: Total time for which application threads were stopped: 0.0065510 seconds, Stopping threads took: 0.0000120 seconds
14.878: Application time: 0.0001180 seconds
14.878: Total time for which application threads were stopped: 0.0000230 seconds, Stopping threads took: 0.0000100 seconds
14.878: Application time: 0.0000820 seconds
14.878: Total time for which application threads were stopped: 0.0001080 seconds, Stopping threads took: 0.0000750 seconds
14.878: Application time: 0.0000720 seconds
14.878: Total time for which application threads were stopped: 0.0000320 seconds, Stopping threads took: 0.0000240 seconds
14.878: Application time: 0.0000420 seconds
14.878: Total time for which application threads were stopped: 0.0000270 seconds, Stopping threads took: 0.0000190 seconds
14.878: Application time: 0.0000350 seconds
14.878: Total time for which application threads were stopped: 0.0000280 seconds, Stopping threads took: 0.0000240 seconds
14.878: Application time: 0.0000150 seconds
14.878: Total time for which application threads were stopped: 0.0000160 seconds, Stopping threads took: 0.0000120 seconds
14.878: Application time: 0.0000130 seconds
14.878: Total time for which application threads were stopped: 0.0000170 seconds, Stopping threads took: 0.0000130 seconds
14.879: Application time: 0.0000400 seconds
14.879: Total time for which application threads were stopped: 0.0000150 seconds, Stopping threads took: 0.0000060 seconds
14.879: Application time: 0.0000150 seconds
14.879: Total time for which application threads were stopped: 0.0000180 seconds, Stopping threads took: 0.0000140 seconds
14.879: Application time: 0.0000120 seconds
14.879: Total time for which application threads were stopped: 0.0000160 seconds, Stopping threads took: 0.0000110 seconds
14.879: Application time: 0.0000120 seconds
14.879: Total time for which application threads were stopped: 0.0000160 seconds, Stopping threads took: 0.0000120 seconds
14.879: Application time: 0.0000120 seconds
14.879: Total time for which application threads were stopped: 0.0000140 seconds, Stopping threads took: 0.0000100 seconds
14.879: Application time: 0.0000140 seconds
14.879: Total time for which application threads were stopped: 0.0000180 seconds, Stopping threads took: 0.0000140 seconds
14.879: Application time: 0.0000130 seconds
14.879: Total time for which application threads were stopped: 0.0000160 seconds, Stopping threads took: 0.0000120 seconds
14.879: Application time: 0.0000130 seconds
14.879: Total time for which application threads were stopped: 0.0000170 seconds, Stopping threads took: 0.0000130 seconds
14.879: Application time: 0.0000210 seconds
14.879: Total time for which application threads were stopped: 0.0000140 seconds, Stopping threads took: 0.0000110 seconds
14.879: Application time: 0.0000110 seconds
14.879: Total time for which application threads were stopped: 0.0000200 seconds, Stopping threads took: 0.0000130 seconds
14.879: Application time: 0.0000120 seconds
14.879: Total time for which application threads were stopped: 0.0000150 seconds, Stopping threads took: 0.0000110 seconds
14.879: Application time: 0.0000100 seconds
14.879: Total time for which application threads were stopped: 0.0000100 seconds, Stopping threads took: 0.0000050 seconds
14.879: Application time: 0.0000110 seconds
14.879: Total time for which application threads were stopped: 0.0000130 seconds, Stopping threads took: 0.0000090 seconds
14.879: Application time: 0.0000120 seconds
14.879: Total time for which application threads were stopped: 0.0000080 seconds, Stopping threads took: 0.0000050 seconds
14.879: Application time: 0.0000100 seconds
14.879: Total time for which application threads were stopped: 0.0000160 seconds, Stopping threads took: 0.0000100 seconds
14.879: Application time: 0.0000110 seconds
14.879: Total time for which application threads were stopped: 0.0000170 seconds, Stopping threads took: 0.0000130 seconds
14.879: Application time: 0.0000110 seconds
14.879: Total time for which application threads were stopped: 0.0000200 seconds, Stopping threads took: 0.0000110 seconds
14.879: Application time: 0.0000130 seconds
14.879: Total time for which application threads were stopped: 0.0000230 seconds, Stopping threads took: 0.0000120 seconds
14.879: Application time: 0.0000130 seconds
14.879: Total time for which application threads were stopped: 0.0000190 seconds, Stopping threads took: 0.0000130 seconds
14.879: Application time: 0.0000140 seconds
14.879: Total time for which application threads were stopped: 0.0000180 seconds, Stopping threads took: 0.0000100 seconds
14.879: Application time: 0.0000150 seconds
14.879: Total time for which application threads were stopped: 0.0000110 seconds, Stopping threads took: 0.0000050 seconds
14.879: Application time: 0.0000170 seconds
14.879: Total time for which application threads were stopped: 0.0000110 seconds, Stopping threads took: 0.0000060 seconds
14.879: Application time: 0.0000140 seconds
14.879: Total time for which application threads were stopped: 0.0000180 seconds, Stopping threads took: 0.0000130 seconds
14.879: Application time: 0.0000140 seconds
14.879: Total time for which application threads were stopped: 0.0000160 seconds, Stopping threads took: 0.0000110 seconds
14.879: Application time: 0.0000130 seconds
14.879: Total time for which application threads were stopped: 0.0000150 seconds, Stopping threads took: 0.0000100 seconds
14.879: Application time: 0.0000120 seconds
14.879: Total time for which application threads were stopped: 0.0000140 seconds, Stopping threads took: 0.0000080 seconds
14.879: Application time: 0.0000120 seconds
14.879: Total time for which application threads were stopped: 0.0000170 seconds, Stopping threads took: 0.0000110 seconds
14.879: Application time: 0.0000120 seconds
14.879: Total time for which application threads were stopped: 0.0000160 seconds, Stopping threads took: 0.0000100 seconds
14.879: Application time: 0.0000230 seconds
14.879: Total time for which application threads were stopped: 0.0000180 seconds, Stopping threads took: 0.0000130 seconds
14.879: Application time: 0.0000130 seconds
14.879: Total time for which application threads were stopped: 0.0000170 seconds, Stopping threads took: 0.0000120 seconds
14.879: Application time: 0.0000160 seconds
14.879: Total time for which application threads were stopped: 0.0000160 seconds, Stopping threads took: 0.0000100 seconds
14.879: Application time: 0.0000130 seconds
14.879: Total time for which application threads were stopped: 0.0000200 seconds, Stopping threads took: 0.0000130 seconds
14.880: Application time: 0.0000140 seconds
14.880: Total time for which application threads were stopped: 0.0000200 seconds, Stopping threads took: 0.0000110 seconds
15.074: Application time: 0.1947880 seconds
15.074: Total time for which application threads were stopped: 0.0000610 seconds, Stopping threads took: 0.0000090 seconds
15.249: Application time: 0.1750830 seconds
15.250: [GC15.250: [DefNew: 61376K->6784K(61376K), 0.0137040 secs] 68024K->21203K(197568K), 0.0137630 secs] [Times: user=0.02 sys=0.01, real=0.01 secs] 
15.263: Total time for which application threads were stopped: 0.0138980 seconds, Stopping threads took: 0.0000200 seconds
15.264: Application time: 0.0001540 seconds
15.264: Total time for which application threads were stopped: 0.0000740 seconds, Stopping threads took: 0.0000450 seconds
15.264: Application time: 0.0000300 seconds
15.264: Total time for which application threads were stopped: 0.0000630 seconds, Stopping threads took: 0.0000430 seconds
15.264: Application time: 0.0000450 seconds
15.264: Total time for which application threads were stopped: 0.0000550 seconds, Stopping threads took: 0.0000410 seconds
15.264: Application time: 0.0000590 seconds
15.264: Total time for which application threads were stopped: 0.0000350 seconds, Stopping threads took: 0.0000230 seconds
15.264: Application time: 0.0000120 seconds
15.264: Total time for which application threads were stopped: 0.0000240 seconds, Stopping threads took: 0.0000120 seconds
15.264: Application time: 0.0000140 seconds
15.264: Total time for which application threads were stopped: 0.0000250 seconds, Stopping threads took: 0.0000130 seconds
15.264: Application time: 0.0000120 seconds
15.264: Total time for which application threads were stopped: 0.0000230 seconds, Stopping threads took: 0.0000120 seconds
15.264: Application time: 0.0000120 seconds
15.264: Total time for which application threads were stopped: 0.0000230 seconds, Stopping threads took: 0.0000120 seconds
15.264: Application time: 0.0000130 seconds
15.264: Total time for which application threads were stopped: 0.0000230 seconds, Stopping threads took: 0.0000120 seconds
15.264: Application time: 0.0000120 seconds
15.264: Total time for which application threads were stopped: 0.0000270 seconds, Stopping threads took: 0.0000110 seconds
15.264: Application time: 0.0000130 seconds
15.264: Total time for which application threads were stopped: 0.0000270 seconds, Stopping threads took: 0.0000130 seconds
15.264: Application time: 0.0000130 seconds
15.264: Total time for which application threads were stopped: 0.0000240 seconds, Stopping threads took: 0.0000120 seconds
15.264: Application time: 0.0000130 seconds
15.264: Total time for which application threads were stopped: 0.0000240 seconds, Stopping threads took: 0.0000130 seconds
15.264: Application time: 0.0000120 seconds
15.264: Total time for which application threads were stopped: 0.0000230 seconds, Stopping threads took: 0.0000120 seconds
15.264: Application time: 0.0000120 seconds
15.264: Total time for which application threads were stopped: 0.0000240 seconds, Stopping threads took: 0.0000120 seconds
15.264: Application time: 0.0000120 seconds
15.264: Total time for which application threads were stopped: 0.0000240 seconds, Stopping threads took: 0.0000120 seconds
15.264: Application time: 0.0000120 seconds
15.264: Total time for which application threads were stopped: 0.0000240 seconds, Stopping threads took: 0.0000120 seconds
15.264: Application time: 0.0000120 seconds
15.264: Total time for which application threads were stopped: 0.0000230 seconds, Stopping threads took: 0.0000120 seconds
15.264: Application time: 0.0000120 seconds
15.264: Total time for which application threads were stopped: 0.0000230 seconds, Stopping threads took: 0.0000120 seconds
15.264: Application time: 0.0000130 seconds
15.265: Total time for which application threads were stopped: 0.0000290 seconds, Stopping threads took: 0.0000120 seconds
15.646: Application time: 0.3812240 seconds
15.646: [GC15.646: [DefNew: 61376K->6783K(61376K), 0.0302800 secs] 75795K->39737K(197568K), 0.0303320 secs] [Times: user=0.03 sys=0.01, real=0.03 secs] 
15.676: Total time for which application threads were stopped: 0.0304890 seconds, Stopping threads took: 0.0000170 seconds
15.676: Application time: 0.0001220 seconds
15.676: Total time for which application threads were stopped: 0.0001220 seconds, Stopping threads took: 0.0000960 seconds
15.677: Application time: 0.0000610 seconds
15.677: Total time for which application threads were stopped: 0.0000340 seconds, Stopping threads took: 0.0000180 seconds
15.677: Application time: 0.0000590 seconds
15.677: Total time for which application threads were stopped: 0.0000390 seconds, Stopping threads took: 0.0000190 seconds
15.677: Application time: 0.0000390 seconds
15.677: Total time for which application threads were stopped: 0.0000350 seconds, Stopping threads took: 0.0000160 seconds
15.677: Application time: 0.0000340 seconds
15.677: Total time for which application threads were stopped: 0.0000150 seconds, Stopping threads took: 0.0000050 seconds
15.677: Application time: 0.0000340 seconds
15.677: Total time for which application threads were stopped: 0.0000220 seconds, Stopping threads took: 0.0000120 seconds
15.677: Application time: 0.0000290 seconds
15.677: Total time for which application threads were stopped: 0.0000180 seconds, Stopping threads took: 0.0000100 seconds
15.677: Application time: 0.0000120 seconds
15.677: Total time for which application threads were stopped: 0.0000170 seconds, Stopping threads took: 0.0000080 seconds
15.677: Application time: 0.0000130 seconds
15.677: Total time for which application threads were stopped: 0.0000170 seconds, Stopping threads took: 0.0000090 seconds
15.677: Application time: 0.0000130 seconds
15.677: Total time for which application threads were stopped: 0.0000200 seconds, Stopping threads took: 0.0000120 seconds
15.677: Application time: 0.0000140 seconds
15.677: Total time for which application threads were stopped: 0.0000160 seconds, Stopping threads took: 0.0000080 seconds
16.067: Application time: 0.3897880 seconds
16.067: Total time for which application threads were stopped: 0.0001220 seconds, Stopping threads took: 0.0000160 seconds
16.320: Application time: 0.2528590 seconds
16.320: Total time for which application threads were stopped: 0.0001220 seconds, Stopping threads took: 0.0000190 seconds
16.647: Application time: 0.3273710 seconds
16.647: [GC16.647: [DefNew: 61375K->6784K(61376K), 0.0367010 secs] 94329K->52151K(197568K), 0.0367480 secs] [Times: user=0.07 sys=0.01, real=0.04 secs] 
16.684: Total time for which application threads were stopped: 0.0369160 seconds, Stopping threads took: 0.0000180 seconds
17.119: Application time: 0.4348190 seconds
17.119: Total time for which application threads were stopped: 0.0001070 seconds, Stopping threads took: 0.0000180 seconds
17.369: Application time: 0.2494640 seconds
17.369: Total time for which application threads were stopped: 0.0001140 seconds, Stopping threads took: 0.0000180 seconds
17.369: Application time: 0.0001820 seconds
17.369: [GC17.369: [DefNew: 61376K->5920K(61376K), 0.0305690 secs] 106743K->57346K(197568K), 0.0306080 secs] [Times: user=0.04 sys=0.00, real=0.02 secs] 
17.400: Total time for which application threads were stopped: 0.0307120 seconds, Stopping threads took: 0.0000480 seconds
17.409: Application time: 0.0097260 seconds
17.409: Total time for which application threads were stopped: 0.0000630 seconds, Stopping threads took: 0.0000440 seconds
17.514: Application time: 0.1044710 seconds
17.514: [GC17.514: [DefNew: 60450K->6784K(61376K), 0.0376050 secs] 111877K->76590K(197568K), 0.0376490 secs] [Times: user=0.03 sys=0.00, real=0.04 secs] 
17.552: Total time for which application threads were stopped: 0.0377930 seconds, Stopping threads took: 0.0000500 seconds
17.713: Application time: 0.1608430 seconds
17.713: [GC17.713: [DefNew: 61288K->6783K(61376K), 0.0414770 secs] 131094K->95118K(197568K), 0.0415220 secs] [Times: user=0.06 sys=0.00, real=0.04 secs] 
17.754: Total time for which application threads were stopped: 0.0416650 seconds, Stopping threads took: 0.0000480 seconds
17.827: Application time: 0.0727140 seconds
17.827: [GC17.827: [DefNew: 61375K->6784K(61376K), 0.0482430 secs] 149710K->114002K(197568K), 0.0482910 secs] [Times: user=0.05 sys=0.01, real=0.05 secs] 
17.875: Total time for which application threads were stopped: 0.0484440 seconds, Stopping threads took: 0.0000870 seconds
17.924: Application time: 0.0483970 seconds
17.924: [GC17.924: [DefNew: 61376K->6784K(61376K), 0.0480190 secs] 168594K->132966K(197568K), 0.0480650 secs] [Times: user=0.05 sys=0.00, real=0.05 secs] 
17.972: Total time for which application threads were stopped: 0.0482260 seconds, Stopping threads took: 0.0000860 seconds
18.018: Application time: 0.0460060 seconds
18.018: [GC18.018: [DefNew: 61375K->61375K(61376K), 0.0000100 secs]18.018: [Tenured: 126182K->131150K(136192K), 0.2343500 secs] 187558K->131150K(197568K), [Perm : 8594K->8594K(21248K)], 0.2344250 secs] [Times: user=0.31 sys=0.00, real=0.24 secs] 
18.253: Total time for which application threads were stopped: 0.2346400 seconds, Stopping threads took: 0.0001200 seconds
18.324: Application time: 0.0715620 seconds
18.324: [GC18.324: [DefNew: 54656K->54656K(61440K), 0.0000080 secs]18.324: [Tenured: 131150K->136575K(136576K), 0.2875680 secs] 185806K->141210K(198016K), [Perm : 8612K->8601K(21248K)], 0.2876250 secs] [Times: user=0.29 sys=0.00, real=0.29 secs] 
18.612: Total time for which application threads were stopped: 0.2878180 seconds, Stopping threads took: 0.0000850 seconds
18.780: Application time: 0.1683500 seconds
18.781: [Full GC18.781: [Tenured: 136576K->136576K(136576K), 0.2845270 secs] 198015K->166702K(198016K), [Perm : 8625K->8625K(21248K)], 0.2845730 secs] [Times: user=0.29 sys=0.00, real=0.29 secs] 
19.065: Total time for which application threads were stopped: 0.2847510 seconds, Stopping threads took: 0.0000380 seconds
19.194: Application time: 0.1284250 seconds
19.194: [Full GC19.194: [Tenured: 136576K->136575K(136576K), 0.2926850 secs] 198015K->172630K(198016K), [Perm : 8650K->8650K(21248K)], 0.2927310 secs] [Times: user=0.30 sys=0.00, real=0.29 secs] 
19.486: Total time for which application threads were stopped: 0.2928950 seconds, Stopping threads took: 0.0000430 seconds
19.594: Application time: 0.1072900 seconds
19.594: [Full GC19.594: [Tenured: 136575K->136575K(136576K), 0.2930040 secs] 198015K->170386K(198016K), [Perm : 8672K->8672K(21248K)], 0.2930600 secs] [Times: user=0.30 sys=0.00, real=0.29 secs] 
19.887: Total time for which application threads were stopped: 0.2931740 seconds, Stopping threads took: 0.0000210 seconds
20.020: Application time: 0.1334900 seconds
20.021: [Full GC20.021: [Tenured: 136576K->136575K(136576K), 0.3168700 secs] 198015K->161059K(198016K), [Perm : 8699K->8698K(21248K)], 0.3169220 secs] [Times: user=0.34 sys=0.00, real=0.32 secs] 
20.337: Total time for which application threads were stopped: 0.3170950 seconds, Stopping threads took: 0.0000530 seconds
20.473: Application time: 0.1354110 seconds
20.473: [Full GC20.473: [Tenured: 136576K->136576K(136576K), 0.2768760 secs] 198016K->161805K(198016K), [Perm : 8713K->8713K(21248K)], 0.2769210 secs] [Times: user=0.35 sys=0.00, real=0.28 secs] 
20.750: Total time for which application threads were stopped: 0.2770280 seconds, Stopping threads took: 0.0000210 seconds
20.867: Application time: 0.1167970 seconds
20.867: [Full GC20.867: [Tenured: 136576K->136575K(136576K), 0.2799440 secs] 198015K->158889K(198016K), [Perm : 8730K->8730K(21248K)], 0.2799880 secs] [Times: user=0.32 sys=0.01, real=0.28 secs] 
21.147: Total time for which application threads were stopped: 0.2801130 seconds, Stopping threads took: 0.0000180 seconds
21.264: Application time: 0.1171240 seconds
21.264: [Full GC21.264: [Tenured: 136576K->136575K(136576K), 0.2834640 secs] 198016K->152167K(198016K), [Perm : 8746K->8746K(21248K)], 0.2835100 secs] [Times: user=0.28 sys=0.00, real=0.28 secs] 
21.548: Total time for which application threads were stopped: 0.2836780 seconds, Stopping threads took: 0.0000270 seconds
21.684: Application time: 0.1359230 seconds
21.684: [Full GC21.684: [Tenured: 136575K->136575K(136576K), 0.2714740 secs] 198015K->138264K(198016K), [Perm : 8762K->8762K(21248K)], 0.2715340 secs] [Times: user=0.29 sys=0.00, real=0.27 secs] 
21.955: Total time for which application threads were stopped: 0.2716890 seconds, Stopping threads took: 0.0000190 seconds
22.094: Application time: 0.1382890 seconds
22.094: [Full GC22.094: [Tenured: 136576K->136575K(136576K), 0.2533570 secs] 198016K->137790K(198016K), [Perm : 8782K->8782K(21248K)], 0.2534020 secs] [Times: user=0.35 sys=0.00, real=0.25 secs] 
22.347: Total time for which application threads were stopped: 0.2535230 seconds, Stopping threads took: 0.0000480 seconds
22.491: Application time: 0.1443380 seconds
22.492: [Full GC22.492: [Tenured: 136576K->130343K(136576K), 0.2424270 secs] 198016K->130343K(198016K), [Perm : 8808K->8808K(21248K)], 0.2424780 secs] [Times: user=0.25 sys=0.00, real=0.24 secs] 
22.734: Total time for which application threads were stopped: 0.2426250 seconds, Stopping threads took: 0.0000200 seconds
22.844: Application time: 0.1097880 seconds
22.845: [GC22.845: [DefNew: 54656K->54656K(61440K), 0.0000100 secs]22.845: [Tenured: 130343K->127477K(136576K), 0.2326160 secs] 184999K->127477K(198016K), [Perm : 8819K->8819K(21248K)], 0.2326740 secs] [Times: user=0.23 sys=0.00, real=0.23 secs] 
23.078: Total time for which application threads were stopped: 0.2337270 seconds, Stopping threads took: 0.0009650 seconds
23.184: Application time: 0.1068770 seconds
23.185: [GC23.185: [DefNew: 54656K->54656K(61440K), 0.0000110 secs]23.185: [Tenured: 127477K->104507K(136576K), 0.2168020 secs] 182133K->104507K(198016K), [Perm : 8831K->8831K(21248K)], 0.2168620 secs] [Times: user=0.38 sys=0.00, real=0.22 secs] 
23.401: Total time for which application threads were stopped: 0.2170570 seconds, Stopping threads took: 0.0000860 seconds
23.452: Application time: 0.0503620 seconds
23.452: [GC23.452: [DefNew: 54656K->6784K(61440K), 0.0261280 secs] 159163K->119150K(198016K), 0.0261790 secs] [Times: user=0.03 sys=0.00, real=0.02 secs] 
23.478: Total time for which application threads were stopped: 0.0264090 seconds, Stopping threads took: 0.0001130 seconds
23.540: Application time: 0.0617110 seconds
23.540: [GC23.540: [DefNew: 61188K->6784K(61440K), 0.0421360 secs] 173555K->133929K(198016K), 0.0421830 secs] [Times: user=0.05 sys=0.00, real=0.05 secs] 
23.582: Total time for which application threads were stopped: 0.0423930 seconds, Stopping threads took: 0.0000860 seconds
23.620: Application time: 0.0381120 seconds
23.621: [GC23.621: [DefNew: 61440K->61440K(61440K), 0.0000090 secs]23.621: [Tenured: 127145K->122826K(136576K), 0.2093170 secs] 188585K->122826K(198016K), [Perm : 8843K->8843K(21248K)], 0.2093760 secs] [Times: user=0.21 sys=0.00, real=0.22 secs] 
23.830: Total time for which application threads were stopped: 0.2095310 seconds, Stopping threads took: 0.0000840 seconds
23.882: Application time: 0.0518140 seconds
23.885: [GC23.885: [DefNew: 54656K->54656K(61440K), 0.0000110 secs]23.885: [Tenured: 122826K->122778K(136576K), 0.2035930 secs] 177482K->122778K(198016K), [Perm : 8853K->8853K(21248K)], 0.2036550 secs] [Times: user=0.21 sys=0.00, real=0.20 secs] 
24.088: Total time for which application threads were stopped: 0.2064410 seconds, Stopping threads took: 0.0027180 seconds
24.124: Application time: 0.0361850 seconds
24.125: [GC24.125: [DefNew: 54656K->54656K(61440K), 0.0000150 secs]24.125: [Tenured: 122778K->132442K(136576K), 0.2184910 secs] 177434K->132442K(198016K), [Perm : 8863K->8863K(21248K)], 0.2185670 secs] [Times: user=0.23 sys=0.00, real=0.22 secs] 
24.343: Total time for which application threads were stopped: 0.2187650 seconds, Stopping threads took: 0.0001090 seconds
24.389: Application time: 0.0454920 seconds
24.389: [GC24.389: [DefNew: 54656K->54656K(61440K), 0.0000240 secs]24.389: [Tenured: 132442K->135024K(136576K), 0.2399780 secs] 187098K->135024K(198016K), [Perm : 8877K->8877K(21248K)], 0.2400760 secs] [Times: user=0.30 sys=0.00, real=0.24 secs] 
24.629: Total time for which application threads were stopped: 0.2403530 seconds, Stopping threads took: 0.0001250 seconds
24.708: Application time: 0.0785480 seconds
24.708: [GC24.708: [DefNew: 54656K->54656K(61440K), 0.0000080 secs]24.708: [Tenured: 135024K->136575K(136576K), 0.2277350 secs] 189680K->140117K(198016K), [Perm : 8885K->8885K(21248K)], 0.2278030 secs] [Times: user=0.23 sys=0.00, real=0.23 secs] 
24.937: Total time for which application threads were stopped: 0.2295700 seconds, Stopping threads took: 0.0000850 seconds
24.989: Application time: 0.0522560 seconds
24.990: [Full GC24.990: [Tenured: 136575K->136576K(136576K), 0.2606830 secs] 198015K->155850K(198016K), [Perm : 8892K->8892K(21248K)], 0.2607280 secs] [Times: user=0.26 sys=0.00, real=0.26 secs] 
25.250: Total time for which application threads were stopped: 0.2608390 seconds, Stopping threads took: 0.0000480 seconds
25.328: Application time: 0.0774720 seconds
25.328: [Full GC25.328: [Tenured: 136576K->136575K(136576K), 0.2685030 secs] 198016K->163477K(198016K), [Perm : 8897K->8897K(21248K)], 0.2685510 secs] [Times: user=0.28 sys=0.00, real=0.27 secs] 
25.596: Total time for which application threads were stopped: 0.2686610 seconds, Stopping threads took: 0.0000180 seconds
25.675: Application time: 0.0788000 seconds
25.675: [Full GC25.675: [Tenured: 136575K->136575K(136576K), 0.2608630 secs] 198015K->151412K(198016K), [Perm : 8899K->8899K(21248K)], 0.2609100 secs] [Times: user=0.27 sys=0.00, real=0.26 secs] 
25.936: Total time for which application threads were stopped: 0.2610080 seconds, Stopping threads took: 0.0000310 seconds
25.998: Application time: 0.0618650 seconds
25.998: [Full GC25.998: [Tenured: 136576K->136576K(136576K), 0.2375150 secs] 198015K->161610K(198016K), [Perm : 8899K->8899K(21248K)], 0.2375610 secs] [Times: user=0.24 sys=0.00, real=0.24 secs] 
26.236: Total time for which application threads were stopped: 0.2376880 seconds, Stopping threads took: 0.0000480 seconds
26.334: Application time: 0.0978950 seconds
26.334: [Full GC26.334: [Tenured: 136576K->136576K(136576K), 0.2475110 secs] 198016K->166529K(198016K), [Perm : 8908K->8908K(21248K)], 0.2475600 secs] [Times: user=0.25 sys=0.00, real=0.25 secs] 
26.581: Total time for which application threads were stopped: 0.2476590 seconds, Stopping threads took: 0.0000180 seconds
26.680: Application time: 0.0990300 seconds
26.680: [Full GC26.681: [Tenured: 136576K->136575K(136576K), 0.2529700 secs] 198015K->162825K(198016K), [Perm : 8909K->8909K(21248K)], 0.2530140 secs] [Times: user=0.26 sys=0.00, real=0.26 secs] 
26.934: Total time for which application threads were stopped: 0.2531350 seconds, Stopping threads took: 0.0000300 seconds
27.039: Application time: 0.1052770 seconds
27.039: [Full GC27.039: [Tenured: 136576K->136575K(136576K), 0.2568850 secs] 198016K->151388K(198016K), [Perm : 8911K->8910K(21248K)], 0.2569400 secs] [Times: user=0.28 sys=0.00, real=0.26 secs] 
27.296: Total time for which application threads were stopped: 0.2570350 seconds, Stopping threads took: 0.0000200 seconds
27.432: Application time: 0.1358650 seconds
27.432: [Full GC27.432: [Tenured: 136575K->136576K(136576K), 0.2247400 secs] 198015K->150621K(198016K), [Perm : 8914K->8914K(21248K)], 0.2247860 secs] [Times: user=0.24 sys=0.00, real=0.22 secs] 
27.657: Total time for which application threads were stopped: 0.2249120 seconds, Stopping threads took: 0.0000340 seconds
27.736: Application time: 0.0797780 seconds
27.736: [Full GC27.736: [Tenured: 136576K->136575K(136576K), 0.2248980 secs] 198016K->144054K(198016K), [Perm : 8922K->8922K(21248K)], 0.2249410 secs] [Times: user=0.24 sys=0.00, real=0.23 secs] 
27.961: Total time for which application threads were stopped: 0.2250250 seconds, Stopping threads took: 0.0000170 seconds
28.040: Application time: 0.0780910 seconds
28.040: [Full GC28.040: [Tenured: 136576K->136575K(136576K), 0.2180840 secs] 198016K->136975K(198016K), [Perm : 8928K->8928K(21248K)], 0.2181310 secs] [Times: user=0.22 sys=0.00, real=0.22 secs] 
28.258: Total time for which application threads were stopped: 0.2182620 seconds, Stopping threads took: 0.0000190 seconds
28.337: Application time: 0.0796450 seconds
28.338: [Full GC28.338: [Tenured: 136575K->125187K(136576K), 0.2210940 secs] 198015K->125187K(198016K), [Perm : 8936K->8935K(21248K)], 0.2211390 secs] [Times: user=0.22 sys=0.00, real=0.22 secs] 
28.559: Total time for which application threads were stopped: 0.2212430 seconds, Stopping threads took: 0.0000200 seconds
28.609: Application time: 0.0498450 seconds
28.609: [GC28.609: [DefNew: 54656K->54656K(61440K), 0.0000090 secs]28.609: [Tenured: 125187K->121084K(136576K), 0.1862020 secs] 179843K->121084K(198016K), [Perm : 8940K->8940K(21248K)], 0.1862610 secs] [Times: user=0.20 sys=0.00, real=0.18 secs] 
28.796: Total time for which application threads were stopped: 0.1871340 seconds, Stopping threads took: 0.0007940 seconds
28.835: Application time: 0.0392140 seconds
28.835: [GC28.835: [DefNew: 54524K->54524K(61440K), 0.0000100 secs]28.835: [Tenured: 121084K->107354K(136576K), 0.1616190 secs] 175609K->107354K(198016K), [Perm : 8940K->8940K(21248K)], 0.1616850 secs] [Times: user=0.18 sys=0.00, real=0.16 secs] 
28.997: Total time for which application threads were stopped: 0.1619320 seconds, Stopping threads took: 0.0001720 seconds
29.026: Application time: 0.0292770 seconds
29.026: [GC29.026: [DefNew: 54656K->6784K(61440K), 0.0287270 secs] 162010K->121663K(198016K), 0.0287780 secs] [Times: user=0.05 sys=0.00, real=0.03 secs] 
29.055: Total time for which application threads were stopped: 0.0289530 seconds, Stopping threads took: 0.0001050 seconds
29.090: Application time: 0.0349170 seconds
29.090: [GC29.090: [DefNew: 61440K->6784K(61440K), 0.0395980 secs] 176319K->134120K(198016K), 0.0396420 secs] [Times: user=0.04 sys=0.00, real=0.04 secs] 
29.130: Total time for which application threads were stopped: 0.0398350 seconds, Stopping threads took: 0.0001230 seconds
29.156: Application time: 0.0264330 seconds
29.156: [GC29.156: [DefNew: 61440K->61440K(61440K), 0.0000140 secs]29.156: [Tenured: 127336K->111944K(136576K), 0.1744560 secs] 188776K->111944K(198016K), [Perm : 8948K->8948K(21248K)], 0.1745300 secs] [Times: user=0.19 sys=0.01, real=0.18 secs] 
29.331: Total time for which application threads were stopped: 0.1747280 seconds, Stopping threads took: 0.0001080 seconds
29.358: Application time: 0.0269780 seconds
29.358: [GC29.358: [DefNew: 54656K->6784K(61440K), 0.0268100 secs] 166600K->128198K(198016K), 0.0268600 secs] [Times: user=0.04 sys=0.00, real=0.03 secs] 
29.385: Total time for which application threads were stopped: 0.0270050 seconds, Stopping threads took: 0.0000720 seconds
29.405: Application time: 0.0199730 seconds
29.405: [GC29.405: [DefNew: 61440K->61440K(61440K), 0.0000080 secs]29.405: [Tenured: 121414K->121401K(136576K), 0.2021910 secs] 182854K->121401K(198016K), [Perm : 8950K->8950K(21248K)], 0.2022500 secs] [Times: user=0.20 sys=0.00, real=0.20 secs] 
29.608: Total time for which application threads were stopped: 0.2026410 seconds, Stopping threads took: 0.0003280 seconds
29.630: Application time: 0.0224710 seconds
29.630: [GC29.630: [DefNew: 54656K->54656K(61440K), 0.0000090 secs]29.630: [Tenured: 121401K->136576K(136576K), 0.2282930 secs] 176057K->141794K(198016K), [Perm : 8951K->8951K(21248K)], 0.2283440 secs] [Times: user=0.23 sys=0.00, real=0.22 secs] 
29.859: Total time for which application threads were stopped: 0.2285680 seconds, Stopping threads took: 0.0001580 seconds
29.909: Application time: 0.0504550 seconds
29.909: [Full GC29.909: [Tenured: 136576K->136575K(136576K), 0.2483480 secs] 198015K->152476K(198016K), [Perm : 8951K->8951K(21248K)], 0.2483960 secs] [Times: user=0.25 sys=0.00, real=0.24 secs] 
30.158: Total time for which application threads were stopped: 0.2485790 seconds, Stopping threads took: 0.0000360 seconds
30.207: Application time: 0.0491070 seconds
30.207: [Full GC30.207: [Tenured: 136575K->136575K(136576K), 0.2929480 secs] 198015K->163777K(198016K), [Perm : 8955K->8955K(21248K)], 0.2929960 secs] [Times: user=0.30 sys=0.00, real=0.29 secs] 
30.500: Total time for which application threads were stopped: 0.2931240 seconds, Stopping threads took: 0.0000500 seconds
30.547: Application time: 0.0472540 seconds
30.547: [Full GC30.547: [Tenured: 136575K->136576K(136576K), 0.2936210 secs] 198015K->161643K(198016K), [Perm : 8955K->8955K(21248K)], 0.2936720 secs] [Times: user=0.37 sys=0.00, real=0.30 secs] 
30.841: Total time for which application threads were stopped: 0.2937870 seconds, Stopping threads took: 0.0000220 seconds
30.894: Application time: 0.0531930 seconds
30.894: [Full GC30.894: [Tenured: 136576K->136576K(136576K), 0.2625400 secs] 198016K->167937K(198016K), [Perm : 8956K->8956K(21248K)], 0.2625850 secs] [Times: user=0.27 sys=0.00, real=0.26 secs] 
31.157: Total time for which application threads were stopped: 0.2626740 seconds, Stopping threads took: 0.0000190 seconds
31.208: Application time: 0.0513130 seconds
31.208: [Full GC31.208: [Tenured: 136576K->136575K(136576K), 0.2661100 secs] 198015K->170173K(198016K), [Perm : 8957K->8957K(21248K)], 0.2661580 secs] [Times: user=0.28 sys=0.00, real=0.27 secs] 
31.474: Total time for which application threads were stopped: 0.2662520 seconds, Stopping threads took: 0.0000180 seconds
31.525: Application time: 0.0508470 seconds
31.525: [Full GC31.525: [Tenured: 136575K->136575K(136576K), 0.2717710 secs] 198015K->165217K(198016K), [Perm : 8958K->8958K(21248K)], 0.2718150 secs] [Times: user=0.28 sys=0.00, real=0.27 secs] 
31.797: Total time for which application threads were stopped: 0.2718990 seconds, Stopping threads took: 0.0000190 seconds
31.858: Application time: 0.0610970 seconds
31.858: [Full GC31.858: [Tenured: 136575K->136575K(136576K), 0.2728610 secs] 198015K->153661K(198016K), [Perm : 8961K->8961K(21248K)], 0.2729050 secs] [Times: user=0.28 sys=0.00, real=0.28 secs] 
32.131: Total time for which application threads were stopped: 0.2730060 seconds, Stopping threads took: 0.0000260 seconds
32.192: Application time: 0.0611170 seconds
32.192: [Full GC32.192: [Tenured: 136575K->136575K(136576K), 0.2335870 secs] 198015K->154153K(198016K), [Perm : 8962K->8962K(21248K)], 0.2336350 secs] [Times: user=0.24 sys=0.00, real=0.23 secs] 
32.426: Total time for which application threads were stopped: 0.2337290 seconds, Stopping threads took: 0.0000200 seconds
32.490: Application time: 0.0641500 seconds
32.490: [Full GC32.490: [Tenured: 136575K->136575K(136576K), 0.2461370 secs] 198015K->148701K(198016K), [Perm : 8963K->8963K(21248K)], 0.2461870 secs] [Times: user=0.24 sys=0.00, real=0.24 secs] 
32.737: Total time for which application threads were stopped: 0.2462900 seconds, Stopping threads took: 0.0000190 seconds
32.806: Application time: 0.0695440 seconds
32.806: [Full GC32.806: [Tenured: 136575K->136575K(136576K), 0.2369770 secs] 198015K->140590K(198016K), [Perm : 8965K->8965K(21248K)], 0.2370220 secs] [Times: user=0.24 sys=0.00, real=0.24 secs] 
33.043: Total time for which application threads were stopped: 0.2370960 seconds, Stopping threads took: 0.0000120 seconds
33.111: Application time: 0.0679550 seconds
33.111: [Full GC33.111: [Tenured: 136575K->128510K(136576K), 0.2363900 secs] 198015K->128510K(198016K), [Perm : 8969K->8969K(21248K)], 0.2364350 secs] [Times: user=0.24 sys=0.00, real=0.23 secs] 
33.348: Total time for which application threads were stopped: 0.2365160 seconds, Stopping threads took: 0.0000110 seconds
33.386: Application time: 0.0385510 seconds
33.386: [GC33.386: [DefNew: 54656K->54656K(61440K), 0.0000110 secs]33.386: [Tenured: 128510K->127425K(136576K), 0.2065640 secs] 183166K->127425K(198016K), [Perm : 8970K->8970K(21248K)], 0.2066230 secs] [Times: user=0.21 sys=0.00, real=0.21 secs] 
33.593: Total time for which application threads were stopped: 0.2067740 seconds, Stopping threads took: 0.0000810 seconds
33.630: Application time: 0.0371380 seconds
33.630: [GC33.630: [DefNew: 54656K->54656K(61440K), 0.0000100 secs]33.630: [Tenured: 127425K->116853K(136576K), 0.1910610 secs] 182081K->116853K(198016K), [Perm : 8972K->8972K(21248K)], 0.1911190 secs] [Times: user=0.20 sys=0.00, real=0.19 secs] 
33.821: Total time for which application threads were stopped: 0.1913520 seconds, Stopping threads took: 0.0000870 seconds
33.850: Application time: 0.0283930 seconds
33.850: [GC33.850: [DefNew: 54656K->6784K(61440K), 0.0212340 secs] 171509K->127878K(198016K), 0.0212760 secs] [Times: user=0.03 sys=0.00, real=0.02 secs] 
33.871: Total time for which application threads were stopped: 0.0214110 seconds, Stopping threads took: 0.0000630 seconds
33.895: Application time: 0.0239590 seconds
33.895: [GC33.895: [DefNew: 61440K->61440K(61440K), 0.0000110 secs]33.895: [Tenured: 121094K->101222K(136576K), 0.1627580 secs] 182534K->101222K(198016K), [Perm : 8978K->8978K(21248K)], 0.1628210 secs] [Times: user=0.17 sys=0.00, real=0.16 secs] 
34.058: Total time for which application threads were stopped: 0.1630610 seconds, Stopping threads took: 0.0001730 seconds
34.081: Application time: 0.0230590 seconds
34.082: [GC34.082: [DefNew: 54656K->6783K(61440K), 0.0231130 secs] 155878K->114893K(198016K), 0.0231580 secs] [Times: user=0.02 sys=0.00, real=0.02 secs] 
34.105: Total time for which application threads were stopped: 0.0233730 seconds, Stopping threads took: 0.0001320 seconds
34.123: Application time: 0.0181480 seconds
34.123: [GC34.123: [DefNew: 61439K->6784K(61440K), 0.0360300 secs] 169549K->131408K(198016K), 0.0360730 secs] [Times: user=0.04 sys=0.00, real=0.03 secs] 
34.159: Total time for which application threads were stopped: 0.0363380 seconds, Stopping threads took: 0.0002000 seconds
34.177: Application time: 0.0176600 seconds
34.177: [GC34.177: [DefNew: 61440K->61440K(61440K), 0.0000090 secs]34.177: [Tenured: 124624K->117155K(136576K), 0.2084200 secs] 186064K->117155K(198016K), [Perm : 8980K->8980K(21248K)], 0.2084760 secs] [Times: user=0.21 sys=0.00, real=0.21 secs] 
34.386: Total time for which application threads were stopped: 0.2087190 seconds, Stopping threads took: 0.0001500 seconds
34.405: Application time: 0.0195490 seconds
34.405: [GC34.405: [DefNew: 54656K->6784K(61440K), 0.0339370 secs] 171811K->136650K(198016K), 0.0339800 secs] [Times: user=0.03 sys=0.00, real=0.03 secs] 
34.439: Total time for which application threads were stopped: 0.0342250 seconds, Stopping threads took: 0.0001220 seconds
34.463: Application time: 0.0235080 seconds
34.463: [GC34.463: [DefNew: 61440K->61440K(61440K), 0.0000100 secs]34.463: [Tenured: 129866K->136576K(136576K), 0.2279770 secs] 191306K->151315K(198016K), [Perm : 8984K->8984K(21248K)], 0.2280390 secs] [Times: user=0.23 sys=0.00, real=0.23 secs] 
34.691: Total time for which application threads were stopped: 0.2282460 seconds, Stopping threads took: 0.0001360 seconds
34.739: Application time: 0.0483470 seconds
34.740: [Full GC34.740: [Tenured: 136576K->136575K(136576K), 0.2829490 secs] 198015K->156509K(198016K), [Perm : 8985K->8985K(21248K)], 0.2829950 secs] [Times: user=0.28 sys=0.00, real=0.29 secs] 
35.023: Total time for which application threads were stopped: 0.2830820 seconds, Stopping threads took: 0.0000140 seconds
35.070: Application time: 0.0475070 seconds
35.070: [Full GC35.070: [Tenured: 136575K->136575K(136576K), 0.2677510 secs] 198015K->168656K(198016K), [Perm : 8985K->8985K(21248K)], 0.2678000 secs] [Times: user=0.27 sys=0.00, real=0.26 secs] 
35.338: Total time for which application threads were stopped: 0.2678800 seconds, Stopping threads took: 0.0000130 seconds
35.379: Application time: 0.0411790 seconds
35.379: [Full GC35.379: [Tenured: 136575K->136576K(136576K), 0.3021750 secs] 198015K->163237K(198016K), [Perm : 8985K->8985K(21248K)], 0.3022210 secs] [Times: user=0.31 sys=0.00, real=0.31 secs] 
35.681: Total time for which application threads were stopped: 0.3023040 seconds, Stopping threads took: 0.0000120 seconds
35.740: Application time: 0.0586960 seconds
35.740: [Full GC35.740: [Tenured: 136576K->136576K(136576K), 0.2655810 secs] 198016K->166602K(198016K), [Perm : 8986K->8986K(21248K)], 0.2656240 secs] [Times: user=0.26 sys=0.00, real=0.27 secs] 
36.006: Total time for which application threads were stopped: 0.2656960 seconds, Stopping threads took: 0.0000130 seconds
36.063: Application time: 0.0568960 seconds
36.063: [Full GC36.063: [Tenured: 136576K->136575K(136576K), 0.2707340 secs] 198015K->168046K(198016K), [Perm : 8986K->8986K(21248K)], 0.2707840 secs] [Times: user=0.27 sys=0.01, real=0.27 secs] 
36.334: Total time for which application threads were stopped: 0.2708650 seconds, Stopping threads took: 0.0000120 seconds
36.391: Application time: 0.0569880 seconds
36.393: [Full GC36.393: [Tenured: 136575K->136576K(136576K), 0.2745450 secs] 198015K->164127K(198016K), [Perm : 8987K->8987K(21248K)], 0.2745890 secs] [Times: user=0.28 sys=0.00, real=0.27 secs] 
36.667: Total time for which application threads were stopped: 0.2767670 seconds, Stopping threads took: 0.0021130 seconds
36.730: Application time: 0.0627720 seconds
36.730: [Full GC36.730: [Tenured: 136576K->136575K(136576K), 0.2773280 secs] 198016K->152129K(198016K), [Perm : 8987K->8987K(21248K)], 0.2773740 secs] [Times: user=0.27 sys=0.00, real=0.27 secs] 
37.008: Total time for which application threads were stopped: 0.2774590 seconds, Stopping threads took: 0.0000130 seconds
37.073: Application time: 0.0655650 seconds
37.073: [Full GC37.073: [Tenured: 136576K->136575K(136576K), 0.2424690 secs] 198015K->151528K(198016K), [Perm : 8990K->8990K(21248K)], 0.2425160 secs] [Times: user=0.24 sys=0.00, real=0.24 secs] 
37.316: Total time for which application threads were stopped: 0.2426400 seconds, Stopping threads took: 0.0000130 seconds
37.385: Application time: 0.0690150 seconds
37.385: [Full GC37.385: [Tenured: 136575K->136562K(136576K), 0.2532720 secs] 198015K->146201K(198016K), [Perm : 8990K->8990K(21248K)], 0.2533150 secs] [Times: user=0.26 sys=0.00, real=0.25 secs] 
37.638: Total time for which application threads were stopped: 0.2533970 seconds, Stopping threads took: 0.0000120 seconds
37.714: Application time: 0.0754040 seconds
37.714: [Full GC37.714: [Tenured: 136576K->136575K(136576K), 0.2436150 secs] 198015K->139310K(198016K), [Perm : 8990K->8990K(21248K)], 0.2436600 secs] [Times: user=0.25 sys=0.00, real=0.24 secs] 
37.957: Total time for which application threads were stopped: 0.2437380 seconds, Stopping threads took: 0.0000130 seconds
38.027: Application time: 0.0694210 seconds
38.027: [Full GC38.027: [Tenured: 136576K->126099K(136576K), 0.2410900 secs] 198015K->126099K(198016K), [Perm : 8991K->8991K(21248K)], 0.2411350 secs] [Times: user=0.25 sys=0.00, real=0.24 secs] 
38.268: Total time for which application threads were stopped: 0.2412200 seconds, Stopping threads took: 0.0000130 seconds
38.302: Application time: 0.0344730 seconds
38.303: [GC38.303: [DefNew: 54656K->54656K(61440K), 0.0000100 secs]38.303: [Tenured: 126099K->125285K(136576K), 0.2083100 secs] 180755K->125285K(198016K), [Perm : 8991K->8991K(21248K)], 0.2083710 secs] [Times: user=0.20 sys=0.00, real=0.21 secs] 
38.511: Total time for which application threads were stopped: 0.2085500 seconds, Stopping threads took: 0.0000650 seconds
38.543: Application time: 0.0322930 seconds
38.544: [GC38.544: [DefNew: 54656K->54656K(61440K), 0.0000090 secs]38.544: [Tenured: 125285K->110169K(136576K), 0.1806540 secs] 179941K->110169K(198016K), [Perm : 8992K->8992K(21248K)], 0.1807110 secs] [Times: user=0.18 sys=0.00, real=0.18 secs] 
38.724: Total time for which application threads were stopped: 0.1809030 seconds, Stopping threads took: 0.0001130 seconds
38.751: Application time: 0.0265790 seconds
38.751: [GC38.751: [DefNew: 54656K->6784K(61440K), 0.0216320 secs] 164825K->121486K(198016K), 0.0216790 secs] [Times: user=0.02 sys=0.00, real=0.02 secs] 
38.773: Total time for which application threads were stopped: 0.0218650 seconds, Stopping threads took: 0.0001180 seconds
38.794: Application time: 0.0212180 seconds
38.794: [GC38.794: [DefNew: 61417K->6783K(61440K), 0.0343960 secs] 176119K->136501K(198016K), 0.0344440 secs] [Times: user=0.03 sys=0.00, real=0.03 secs] 
38.829: Total time for which application threads were stopped: 0.0346780 seconds, Stopping threads took: 0.0001590 seconds
38.852: Application time: 0.0233340 seconds
38.853: [GC38.853: [DefNew: 61436K->61436K(61440K), 0.0000100 secs]38.853: [Tenured: 129717K->110515K(136576K), 0.1756670 secs] 191153K->110515K(198016K), [Perm : 8994K->8994K(21248K)], 0.1757340 secs] [Times: user=0.18 sys=0.00, real=0.17 secs] 
39.029: Total time for which application threads were stopped: 0.1766200 seconds, Stopping threads took: 0.0008270 seconds
39.047: Application time: 0.0181480 seconds
39.049: [GC39.049: [DefNew: 54656K->6784K(61440K), 0.0279730 secs] 165171K->128191K(198016K), 0.0280160 secs] [Times: user=0.03 sys=0.00, real=0.02 secs] 
39.077: Total time for which application threads were stopped: 0.0301350 seconds, Stopping threads took: 0.0020390 seconds
39.098: Application time: 0.0213960 seconds
39.098: [GC39.098: [DefNew: 61440K->61440K(61440K), 0.0000090 secs]39.098: [Tenured: 121407K->124227K(136576K), 0.2179910 secs] 182847K->124227K(198016K), [Perm : 8996K->8996K(21248K)], 0.2180480 secs] [Times: user=0.22 sys=0.00, real=0.22 secs] 
39.316: Total time for which application threads were stopped: 0.2182430 seconds, Stopping threads took: 0.0001360 seconds
39.339: Application time: 0.0222920 seconds
39.341: [GC39.341: [DefNew: 54656K->54656K(61440K), 0.0000090 secs]39.341: [Tenured: 124227K->136575K(136576K), 0.2249990 secs] 178883K->142768K(198016K), [Perm : 8998K->8998K(21248K)], 0.2250540 secs] [Times: user=0.23 sys=0.00, real=0.23 secs] 
39.566: Total time for which application threads were stopped: 0.2268790 seconds, Stopping threads took: 0.0017160 seconds
39.609: Application time: 0.0435720 seconds
39.609: [Full GC39.609: [Tenured: 136575K->136575K(136576K), 0.2371510 secs] 198012K->139334K(198016K), [Perm : 8999K->8999K(21248K)], 0.2372040 secs] [Times: user=0.24 sys=0.00, real=0.23 secs] 
39.847: Total time for which application threads were stopped: 0.2372970 seconds, Stopping threads took: 0.0000170 seconds
39.904: Application time: 0.0570110 seconds
39.904: [Full GC39.904: [Tenured: 136576K->136576K(136576K), 0.2319160 secs] 198016K->154300K(198016K), [Perm : 8999K->8999K(21248K)], 0.2319600 secs] [Times: user=0.23 sys=0.00, real=0.23 secs] 
40.136: Total time for which application threads were stopped: 0.2320810 seconds, Stopping threads took: 0.0000120 seconds
40.188: Application time: 0.0524410 seconds
40.188: [Full GC40.188: [Tenured: 136576K->136575K(136576K), 0.2847880 secs] 198015K->160365K(198016K), [Perm : 8999K->8999K(21248K)], 0.2848360 secs] [Times: user=0.29 sys=0.00, real=0.29 secs] 
40.473: Total time for which application threads were stopped: 0.2849220 seconds, Stopping threads took: 0.0000130 seconds
40.519: Application time: 0.0462200 seconds
40.519: [Full GC40.519: [Tenured: 136575K->136575K(136576K), 0.2603990 secs] 198015K->166001K(198016K), [Perm : 8999K->8999K(21248K)], 0.2604450 secs] [Times: user=0.26 sys=0.00, real=0.26 secs] 
40.780: Total time for which application threads were stopped: 0.2605200 seconds, Stopping threads took: 0.0000160 seconds
40.837: Application time: 0.0574280 seconds
40.837: [Full GC40.837: [Tenured: 136575K->136575K(136576K), 0.2684080 secs] 198015K->167525K(198016K), [Perm : 8999K->8999K(21248K)], 0.2684530 secs] [Times: user=0.27 sys=0.00, real=0.27 secs] 
41.106: Total time for which application threads were stopped: 0.2685320 seconds, Stopping threads took: 0.0000130 seconds
41.152: Application time: 0.0462300 seconds
41.152: [Full GC41.152: [Tenured: 136575K->136575K(136576K), 0.2687390 secs] 198015K->163898K(198016K), [Perm : 9000K->9000K(21248K)], 0.2687820 secs] [Times: user=0.30 sys=0.00, real=0.27 secs] 
41.421: Total time for which application threads were stopped: 0.2688590 seconds, Stopping threads took: 0.0000170 seconds
41.483: Application time: 0.0618330 seconds
41.483: [Full GC41.483: [Tenured: 136575K->136575K(136576K), 0.2707240 secs] 198015K->151951K(198016K), [Perm : 9000K->9000K(21248K)], 0.2707650 secs] [Times: user=0.27 sys=0.00, real=0.27 secs] 
41.753: Total time for which application threads were stopped: 0.2708460 seconds, Stopping threads took: 0.0000130 seconds
41.821: Application time: 0.0671520 seconds
41.821: [Full GC41.821: [Tenured: 136575K->136575K(136576K), 0.2336760 secs] 198015K->152807K(198016K), [Perm : 9000K->9000K(21248K)], 0.2337300 secs] [Times: user=0.24 sys=0.00, real=0.24 secs] 
42.054: Total time for which application threads were stopped: 0.2338050 seconds, Stopping threads took: 0.0000120 seconds
42.120: Application time: 0.0660220 seconds
42.121: [Full GC42.121: [Tenured: 136575K->136575K(136576K), 0.2424090 secs] 198015K->146365K(198016K), [Perm : 9000K->9000K(21248K)], 0.2424520 secs] [Times: user=0.25 sys=0.00, real=0.25 secs] 
42.363: Total time for which application threads were stopped: 0.2425410 seconds, Stopping threads took: 0.0000180 seconds
42.427: Application time: 0.0638870 seconds
42.427: [Full GC42.427: [Tenured: 136575K->136575K(136576K), 0.2354630 secs] 198015K->139103K(198016K), [Perm : 9001K->9001K(21248K)], 0.2355050 secs] [Times: user=0.23 sys=0.00, real=0.24 secs] 
42.662: Total time for which application threads were stopped: 0.2355770 seconds, Stopping threads took: 0.0000110 seconds
42.734: Application time: 0.0714320 seconds
42.734: [Full GC42.734: [Tenured: 136576K->124666K(136576K), 0.2275880 secs] 198015K->124666K(198016K), [Perm : 9001K->9001K(21248K)], 0.2276320 secs] [Times: user=0.23 sys=0.00, real=0.23 secs] 
42.962: Total time for which application threads were stopped: 0.2277180 seconds, Stopping threads took: 0.0000120 seconds
42.998: Application time: 0.0363310 seconds
42.998: [GC42.998: [DefNew: 54656K->54656K(61440K), 0.0000090 secs]42.998: [Tenured: 124666K->122799K(136576K), 0.1992450 secs] 179322K->122799K(198016K), [Perm : 9001K->9001K(21248K)], 0.1993010 secs] [Times: user=0.20 sys=0.00, real=0.20 secs] 
43.197: Total time for which application threads were stopped: 0.1995390 seconds, Stopping threads took: 0.0001170 seconds
43.234: Application time: 0.0363070 seconds
43.234: [GC43.234: [DefNew: 54656K->54656K(61440K), 0.0000100 secs]43.234: [Tenured: 122799K->112602K(136576K), 0.1833200 secs] 177455K->112602K(198016K), [Perm : 9001K->9001K(21248K)], 0.1833770 secs] [Times: user=0.20 sys=0.00, real=0.18 secs] 
43.417: Total time for which application threads were stopped: 0.1835580 seconds, Stopping threads took: 0.0001150 seconds
43.452: Application time: 0.0345670 seconds
43.452: [GC43.452: [DefNew: 54656K->6784K(61440K), 0.0246100 secs] 167258K->123568K(198016K), 0.0246620 secs] [Times: user=0.04 sys=0.00, real=0.02 secs] 
43.477: Total time for which application threads were stopped: 0.0248360 seconds, Stopping threads took: 0.0000910 seconds
43.505: Application time: 0.0280320 seconds
43.506: [GC43.506: [DefNew: 61440K->6783K(61440K), 0.0422910 secs] 178224K->137953K(198016K), 0.0423330 secs] [Times: user=0.07 sys=0.00, real=0.04 secs] 
43.549: Total time for which application threads were stopped: 0.0437380 seconds, Stopping threads took: 0.0013370 seconds
43.573: Application time: 0.0243750 seconds
43.573: [GC43.573: [DefNew: 61439K->61439K(61440K), 0.0000100 secs]43.573: [Tenured: 131169K->105997K(136576K), 0.1759890 secs] 192609K->105997K(198016K), [Perm : 9003K->9003K(21248K)], 0.1760380 secs] [Times: user=0.18 sys=0.00, real=0.18 secs] 
43.749: Total time for which application threads were stopped: 0.1762050 seconds, Stopping threads took: 0.0001070 seconds
43.773: Application time: 0.0241610 seconds
43.773: [GC43.773: [DefNew: 54656K->6784K(61440K), 0.0339740 secs] 160653K->123565K(198016K), 0.0340210 secs] [Times: user=0.03 sys=0.00, real=0.03 secs] 
43.808: Total time for which application threads were stopped: 0.0342440 seconds, Stopping threads took: 0.0001050 seconds
43.830: Application time: 0.0225810 seconds
43.833: [GC43.833: [DefNew: 61440K->61440K(61440K), 0.0000090 secs]43.833: [Tenured: 116781K->114745K(136576K), 0.1923180 secs] 178221K->114745K(198016K), [Perm : 9003K->9003K(21248K)], 0.1923720 secs] [Times: user=0.20 sys=0.00, real=0.19 secs] 
44.025: Total time for which application threads were stopped: 0.1948110 seconds, Stopping threads took: 0.0023760 seconds
44.042: Application time: 0.0171730 seconds
44.044: [GC44.044: [DefNew: 54656K->6784K(61440K), 0.0320680 secs] 169401K->133881K(198016K), 0.0321180 secs] [Times: user=0.04 sys=0.00, real=0.03 secs] 
44.076: Total time for which application threads were stopped: 0.0335780 seconds, Stopping threads took: 0.0013860 seconds
44.098: Application time: 0.0224920 seconds
44.098: [GC44.098: [DefNew: 61440K->61440K(61440K), 0.0000090 secs]44.098: [Tenured: 127097K->136576K(136576K), 0.2310630 secs] 188537K->144281K(198016K), [Perm : 9003K->9003K(21248K)], 0.2311220 secs] [Times: user=0.23 sys=0.00, real=0.24 secs] 
44.330: Total time for which application threads were stopped: 0.2313150 seconds, Stopping threads took: 0.0001250 seconds
44.373: Application time: 0.0436340 seconds
44.373: [Full GC44.373: [Tenured: 136576K->136575K(136576K), 0.2715390 secs] 198015K->162976K(198016K), [Perm : 9003K->9003K(21248K)], 0.2715850 secs] [Times: user=0.27 sys=0.00, real=0.27 secs] 
44.645: Total time for which application threads were stopped: 0.2716610 seconds, Stopping threads took: 0.0000180 seconds
44.693: Application time: 0.0477350 seconds
44.693: [Full GC44.693: [Tenured: 136575K->136563K(136576K), 0.2889180 secs] 198015K->167227K(198016K), [Perm : 9004K->9004K(21248K)], 0.2889670 secs] [Times: user=0.31 sys=0.00, real=0.29 secs] 
44.982: Total time for which application threads were stopped: 0.2890720 seconds, Stopping threads took: 0.0000200 seconds
45.030: Application time: 0.0479580 seconds
45.030: [Full GC45.030: [Tenured: 136576K->136575K(136576K), 0.2870390 secs] 198016K->159345K(198016K), [Perm : 9005K->9005K(21248K)], 0.2870920 secs] [Times: user=0.29 sys=0.00, real=0.28 secs] 
45.317: Total time for which application threads were stopped: 0.2871820 seconds, Stopping threads took: 0.0000320 seconds
45.377: Application time: 0.0601280 seconds
45.377: [Full GC45.377: [Tenured: 136576K->136576K(136576K), 0.2578290 secs] 198015K->162860K(198016K), [Perm : 9005K->9005K(21248K)], 0.2578750 secs] [Times: user=0.26 sys=0.00, real=0.26 secs] 
45.635: Total time for which application threads were stopped: 0.2580090 seconds, Stopping threads took: 0.0000120 seconds
45.694: Application time: 0.0587390 seconds
45.694: [Full GC45.694: [Tenured: 136576K->136575K(136576K), 0.2795760 secs] 198016K->165948K(198016K), [Perm : 9005K->9005K(21248K)], 0.2796200 secs] [Times: user=0.28 sys=0.00, real=0.28 secs] 
45.973: Total time for which application threads were stopped: 0.2796960 seconds, Stopping threads took: 0.0000130 seconds
46.030: Application time: 0.0564790 seconds
46.030: [Full GC46.030: [Tenured: 136575K->136575K(136576K), 0.2700550 secs] 198015K->160529K(198016K), [Perm : 9005K->9005K(21248K)], 0.2700990 secs] [Times: user=0.27 sys=0.00, real=0.26 secs] 
46.300: Total time for which application threads were stopped: 0.2701810 seconds, Stopping threads took: 0.0000120 seconds
46.358: Application time: 0.0578790 seconds
46.358: [Full GC46.358: [Tenured: 136575K->136575K(136576K), 0.2675220 secs] 198015K->147650K(198016K), [Perm : 9005K->9005K(21248K)], 0.2675660 secs] [Times: user=0.26 sys=0.00, real=0.27 secs] 
46.626: Total time for which application threads were stopped: 0.2676410 seconds, Stopping threads took: 0.0000120 seconds
46.694: Application time: 0.0681690 seconds
46.694: [Full GC46.694: [Tenured: 136576K->136570K(136576K), 0.2374920 secs] 198016K->147261K(198016K), [Perm : 9005K->9005K(21248K)], 0.2375360 secs] [Times: user=0.24 sys=0.00, real=0.24 secs] 
46.931: Total time for which application threads were stopped: 0.2376150 seconds, Stopping threads took: 0.0000120 seconds
47.001: Application time: 0.0697110 seconds
47.001: [Full GC47.001: [Tenured: 136576K->136575K(136576K), 0.2405860 secs] 198016K->141561K(198016K), [Perm : 9005K->9005K(21248K)], 0.2406310 secs] [Times: user=0.24 sys=0.00, real=0.24 secs] 
47.242: Total time for which application threads were stopped: 0.2407090 seconds, Stopping threads took: 0.0000210 seconds
47.315: Application time: 0.0734960 seconds
47.315: [Full GC47.315: [Tenured: 136576K->135402K(136576K), 0.2350200 secs] 198016K->135402K(198016K), [Perm : 9006K->9006K(21248K)], 0.2350750 secs] [Times: user=0.23 sys=0.00, real=0.24 secs] 
47.550: Total time for which application threads were stopped: 0.2351610 seconds, Stopping threads took: 0.0000130 seconds
47.583: Application time: 0.0328300 seconds
47.583: [GC47.583: [DefNew: 54656K->54656K(61440K), 0.0000100 secs]47.583: [Tenured: 135402K->119915K(136576K), 0.2161860 secs] 190058K->119915K(198016K), [Perm : 9006K->9006K(21248K)], 0.2162460 secs] [Times: user=0.22 sys=0.00, real=0.21 secs] 
47.800: Total time for which application threads were stopped: 0.2163950 seconds, Stopping threads took: 0.0000860 seconds
47.830: Application time: 0.0300700 seconds
47.830: [GC47.830: [DefNew: 54656K->54656K(61440K), 0.0000090 secs]47.830: [Tenured: 119915K->115926K(136576K), 0.1878320 secs] 174571K->115926K(198016K), [Perm : 9007K->9007K(21248K)], 0.1878880 secs] [Times: user=0.18 sys=0.00, real=0.18 secs] 
48.018: Total time for which application threads were stopped: 0.1880340 seconds, Stopping threads took: 0.0000750 seconds
48.045: Application time: 0.0268550 seconds
48.045: [GC48.045: [DefNew: 54656K->6784K(61440K), 0.0246210 secs] 170582K->125494K(198016K), 0.0246610 secs] [Times: user=0.02 sys=0.00, real=0.03 secs] 
48.069: Total time for which application threads were stopped: 0.0248300 seconds, Stopping threads took: 0.0000940 seconds
48.089: Application time: 0.0194620 seconds
48.089: [GC48.089: [DefNew: 61362K->61362K(61440K), 0.0000090 secs]48.089: [Tenured: 118710K->97137K(136576K), 0.1513790 secs] 180072K->97137K(198016K), [Perm : 9007K->9007K(21248K)], 0.1514370 secs] [Times: user=0.15 sys=0.00, real=0.14 secs] 
48.240: Total time for which application threads were stopped: 0.1516150 seconds, Stopping threads took: 0.0001190 seconds
48.259: Application time: 0.0188070 seconds
48.259: [GC48.259: [DefNew: 54656K->6784K(61440K), 0.0238140 secs] 151793K->113651K(198016K), 0.0238600 secs] [Times: user=0.04 sys=0.00, real=0.03 secs] 
48.283: Total time for which application threads were stopped: 0.0240270 seconds, Stopping threads took: 0.0001000 seconds
48.300: Application time: 0.0162800 seconds
48.300: [GC48.300: [DefNew: 61440K->6783K(61440K), 0.0357490 secs] 168307K->131061K(198016K), 0.0357920 secs] [Times: user=0.03 sys=0.00, real=0.04 secs] 
48.336: Total time for which application threads were stopped: 0.0361820 seconds, Stopping threads took: 0.0002980 seconds
48.353: Application time: 0.0174630 seconds
48.353: [GC48.353: [DefNew: 61439K->61439K(61440K), 0.0000100 secs]48.353: [Tenured: 124277K->125109K(136576K), 0.1965550 secs] 185717K->125109K(198016K), [Perm : 9008K->9008K(21248K)], 0.1966110 secs] [Times: user=0.20 sys=0.00, real=0.20 secs] 
48.550: Total time for which application threads were stopped: 0.1967680 seconds, Stopping threads took: 0.0000780 seconds
48.566: Application time: 0.0163100 seconds
48.566: [GC48.567: [DefNew: 54623K->54623K(61440K), 0.0000090 secs]48.567: [Tenured: 125109K->134453K(136576K), 0.2384000 secs] 179732K->134453K(198016K), [Perm : 9008K->9008K(21248K)], 0.2384570 secs] [Times: user=0.24 sys=0.00, real=0.24 secs] 
48.805: Total time for which application threads were stopped: 0.2386220 seconds, Stopping threads took: 0.0001040 seconds
48.826: Application time: 0.0214710 seconds
48.827: [GC48.827: [DefNew: 54656K->54656K(61440K), 0.0000100 secs]48.827: [Tenured: 134453K->136575K(136576K), 0.2388430 secs] 189109K->155324K(198016K), [Perm : 9009K->9009K(21248K)], 0.2389010 secs] [Times: user=0.24 sys=0.00, real=0.24 secs] 
49.066: Total time for which application threads were stopped: 0.2391340 seconds, Stopping threads took: 0.0001520 seconds
49.118: Application time: 0.0525180 seconds
49.118: [Full GC49.118: [Tenured: 136576K->136575K(136576K), 0.2615680 secs] 198016K->166177K(198016K), [Perm : 9009K->9009K(21248K)], 0.2616100 secs] [Times: user=0.26 sys=0.00, real=0.26 secs] 
49.380: Total time for which application threads were stopped: 0.2616920 seconds, Stopping threads took: 0.0000120 seconds
49.430: Application time: 0.0498450 seconds
49.430: [Full GC49.430: [Tenured: 136575K->136575K(136576K), 0.2747330 secs] 198015K->164612K(198016K), [Perm : 9009K->9009K(21248K)], 0.2747850 secs] [Times: user=0.28 sys=0.00, real=0.27 secs] 
49.704: Total time for which application threads were stopped: 0.2748570 seconds, Stopping threads took: 0.0000130 seconds
49.754: Application time: 0.0496010 seconds
49.754: [Full GC49.754: [Tenured: 136576K->136576K(136576K), 0.2682930 secs] 198016K->152206K(198016K), [Perm : 9009K->9009K(21248K)], 0.2683380 secs] [Times: user=0.26 sys=0.00, real=0.27 secs] 
50.023: Total time for which application threads were stopped: 0.2684220 seconds, Stopping threads took: 0.0000130 seconds
50.079: Application time: 0.0560270 seconds
50.079: [Full GC50.079: [Tenured: 136576K->136576K(136576K), 0.2409290 secs] 198016K->157461K(198016K), [Perm : 9009K->9009K(21248K)], 0.2409760 secs] [Times: user=0.24 sys=0.00, real=0.24 secs] 
50.320: Total time for which application threads were stopped: 0.2410490 seconds, Stopping threads took: 0.0000130 seconds
50.361: Application time: 0.0412200 seconds
50.361: [Full GC50.361: [Tenured: 136576K->136575K(136576K), 0.2522250 secs] 198015K->160971K(198016K), [Perm : 9009K->9009K(21248K)], 0.2522700 secs] [Times: user=0.26 sys=0.00, real=0.25 secs] 
50.613: Total time for which application threads were stopped: 0.2523510 seconds, Stopping threads took: 0.0000130 seconds
50.672: Application time: 0.0591040 seconds
50.672: [Full GC50.672: [Tenured: 136575K->136575K(136576K), 0.2656560 secs] 198015K->159737K(198016K), [Perm : 9009K->9009K(21248K)], 0.2657010 secs] [Times: user=0.26 sys=0.00, real=0.26 secs] 
50.938: Total time for which application threads were stopped: 0.2657730 seconds, Stopping threads took: 0.0000120 seconds
51.000: Application time: 0.0621460 seconds
51.000: [Full GC51.000: [Tenured: 136575K->136576K(136576K), 0.2663370 secs] 198015K->149248K(198016K), [Perm : 9009K->9009K(21248K)], 0.2663800 secs] [Times: user=0.26 sys=0.00, real=0.27 secs] 
51.267: Total time for which application threads were stopped: 0.2664630 seconds, Stopping threads took: 0.0000130 seconds
51.337: Application time: 0.0702430 seconds
51.337: [Full GC51.337: [Tenured: 136576K->136575K(136576K), 0.2315040 secs] 198016K->148177K(198016K), [Perm : 9009K->9009K(21248K)], 0.2315480 secs] [Times: user=0.23 sys=0.00, real=0.23 secs] 
51.569: Total time for which application threads were stopped: 0.2316270 seconds, Stopping threads took: 0.0000130 seconds
51.637: Application time: 0.0683370 seconds
51.637: [Full GC51.637: [Tenured: 136575K->136576K(136576K), 0.2392210 secs] 198015K->142354K(198016K), [Perm : 9009K->9009K(21248K)], 0.2392640 secs] [Times: user=0.24 sys=0.00, real=0.24 secs] 
51.876: Total time for which application threads were stopped: 0.2393510 seconds, Stopping threads took: 0.0000130 seconds
51.951: Application time: 0.0745680 seconds
51.951: [Full GC51.951: [Tenured: 136576K->136575K(136576K), 0.2373200 secs] 198015K->138008K(198016K), [Perm : 9009K->9009K(21248K)], 0.2373660 secs] [Times: user=0.23 sys=0.00, real=0.23 secs] 
52.188: Total time for which application threads were stopped: 0.2374400 seconds, Stopping threads took: 0.0000130 seconds
52.261: Application time: 0.0728530 seconds
52.261: [Full GC52.261: [Tenured: 136575K->121173K(136576K), 0.2193970 secs] 198015K->121173K(198016K), [Perm : 9009K->9009K(21248K)], 0.2194430 secs] [Times: user=0.22 sys=0.00, real=0.21 secs] 
52.481: Total time for which application threads were stopped: 0.2195260 seconds, Stopping threads took: 0.0000130 seconds
52.511: Application time: 0.0302290 seconds
52.511: [GC52.511: [DefNew: 54656K->54656K(61440K), 0.0000100 secs]52.511: [Tenured: 121173K->118468K(136576K), 0.1909350 secs] 175829K->118468K(198016K), [Perm : 9009K->9009K(21248K)], 0.1909880 secs] [Times: user=0.19 sys=0.00, real=0.19 secs] 
52.702: Total time for which application threads were stopped: 0.1911350 seconds, Stopping threads took: 0.0000830 seconds
52.727: Application time: 0.0253240 seconds
52.727: [GC52.727: [DefNew: 54656K->54656K(61440K), 0.0000090 secs]52.727: [Tenured: 118468K->107710K(136576K), 0.1664480 secs] 173124K->107710K(198016K), [Perm : 9009K->9009K(21248K)], 0.1665090 secs] [Times: user=0.17 sys=0.00, real=0.17 secs] 
52.894: Total time for which application threads were stopped: 0.1666280 seconds, Stopping threads took: 0.0000580 seconds
52.914: Application time: 0.0203500 seconds
52.914: [GC52.915: [DefNew: 54656K->6784K(61440K), 0.0216710 secs] 162366K->121130K(198016K), 0.0217130 secs] [Times: user=0.02 sys=0.00, real=0.02 secs] 
52.936: Total time for which application threads were stopped: 0.0219350 seconds, Stopping threads took: 0.0001430 seconds
52.955: Application time: 0.0185850 seconds
52.957: [GC52.957: [DefNew: 61440K->6784K(61440K), 0.0319790 secs] 175786K->134776K(198016K), 0.0320160 secs] [Times: user=0.03 sys=0.00, real=0.04 secs] 
52.989: Total time for which application threads were stopped: 0.0340670 seconds, Stopping threads took: 0.0019660 seconds
53.005: Application time: 0.0159310 seconds
53.008: [GC53.008: [DefNew: 61440K->61440K(61440K), 0.0000090 secs]53.008: [Tenured: 127992K->101993K(136576K), 0.1548700 secs] 189432K->101993K(198016K), [Perm : 9010K->9010K(21248K)], 0.1549260 secs] [Times: user=0.15 sys=0.00, real=0.16 secs] 
53.163: Total time for which application threads were stopped: 0.1581870 seconds, Stopping threads took: 0.0032000 seconds
53.178: Application time: 0.0154830 seconds
53.179: [GC53.179: [DefNew: 54656K->6784K(61440K), 0.0286040 secs] 156649K->120106K(198016K), 0.0286450 secs] [Times: user=0.03 sys=0.00, real=0.03 secs] 
53.207: Total time for which application threads were stopped: 0.0288300 seconds, Stopping threads took: 0.0001250 seconds
53.225: Application time: 0.0173670 seconds
53.226: [GC53.226: [DefNew: 61440K->6784K(61440K), 0.0462950 secs] 174762K->140632K(198016K), 0.0463380 secs] [Times: user=0.04 sys=0.00, real=0.05 secs] 
53.272: Total time for which application threads were stopped: 0.0474900 seconds, Stopping threads took: 0.0010900 seconds
53.290: Application time: 0.0181350 seconds
53.290: [GC53.291: [DefNew: 61440K->61440K(61440K), 0.0000100 secs]53.291: [Tenured: 133848K->136576K(136576K), 0.2795510 secs] 195288K->148753K(198016K), [Perm : 9010K->9010K(21248K)], 0.2796090 secs] [Times: user=0.28 sys=0.00, real=0.28 secs] 
53.570: Total time for which application threads were stopped: 0.2798020 seconds, Stopping threads took: 0.0001070 seconds
53.628: Application time: 0.0578200 seconds
53.628: [Full GC53.628: [Tenured: 136576K->136576K(136576K), 0.2745650 secs] 198015K->164983K(198016K), [Perm : 9010K->9010K(21248K)], 0.2746090 secs] [Times: user=0.27 sys=0.00, real=0.28 secs] 
53.903: Total time for which application threads were stopped: 0.2746920 seconds, Stopping threads took: 0.0000130 seconds
53.959: Application time: 0.0564920 seconds
53.959: [Full GC53.959: [Tenured: 136576K->136576K(136576K), 0.2827540 secs] 198015K->165866K(198016K), [Perm : 9010K->9010K(21248K)], 0.2827950 secs] [Times: user=0.28 sys=0.00, real=0.29 secs] 
54.242: Total time for which application threads were stopped: 0.2828630 seconds, Stopping threads took: 0.0000120 seconds
54.291: Application time: 0.0487160 seconds
54.291: [Full GC54.291: [Tenured: 136576K->136575K(136576K), 0.2840960 secs] 198015K->152247K(198016K), [Perm : 9010K->9010K(21248K)], 0.2841420 secs] [Times: user=0.28 sys=0.00, real=0.28 secs] 
54.575: Total time for which application threads were stopped: 0.2842350 seconds, Stopping threads took: 0.0000220 seconds
54.617: Application time: 0.0422560 seconds
54.617: [Full GC54.617: [Tenured: 136576K->136575K(136576K), 0.2873180 secs] 198015K->153351K(198016K), [Perm : 9010K->9010K(21248K)], 0.2873620 secs] [Times: user=0.29 sys=0.00, real=0.29 secs] 
54.905: Total time for which application threads were stopped: 0.2874390 seconds, Stopping threads took: 0.0000170 seconds
54.962: Application time: 0.0573670 seconds
54.962: [Full GC54.962: [Tenured: 136575K->136575K(136576K), 0.2554180 secs] 198015K->159129K(198016K), [Perm : 9010K->9010K(21248K)], 0.2554600 secs] [Times: user=0.25 sys=0.00, real=0.25 secs] 
55.218: Total time for which application threads were stopped: 0.2555540 seconds, Stopping threads took: 0.0000120 seconds
55.281: Application time: 0.0639040 seconds
55.282: [Full GC55.282: [Tenured: 136575K->136575K(136576K), 0.2710180 secs] 198015K->159601K(198016K), [Perm : 9010K->9010K(21248K)], 0.2710640 secs] [Times: user=0.27 sys=0.00, real=0.27 secs] 
55.553: Total time for which application threads were stopped: 0.2711340 seconds, Stopping threads took: 0.0000120 seconds
55.616: Application time: 0.0630290 seconds
55.616: [Full GC55.616: [Tenured: 136576K->136575K(136576K), 0.2667180 secs] 198015K->154741K(198016K), [Perm : 9010K->9010K(21248K)], 0.2667660 secs] [Times: user=0.26 sys=0.00, real=0.27 secs] 
55.883: Total time for which application threads were stopped: 0.2668620 seconds, Stopping threads took: 0.0000130 seconds
55.947: Application time: 0.0645420 seconds
55.947: [Full GC55.947: [Tenured: 136575K->136575K(136576K), 0.2597040 secs] 198015K->141067K(198016K), [Perm : 9010K->9010K(21248K)], 0.2597480 secs] [Times: user=0.26 sys=0.00, real=0.26 secs] 
56.207: Total time for which application threads were stopped: 0.2598210 seconds, Stopping threads took: 0.0000130 seconds
56.281: Application time: 0.0740970 seconds
56.281: [Full GC56.281: [Tenured: 136576K->136575K(136576K), 0.2257600 secs] 198015K->140852K(198016K), [Perm : 9010K->9010K(21248K)], 0.2258050 secs] [Times: user=0.22 sys=0.00, real=0.22 secs] 
56.507: Total time for which application threads were stopped: 0.2258850 seconds, Stopping threads took: 0.0000130 seconds
56.583: Application time: 0.0756460 seconds
56.583: [Full GC56.583: [Tenured: 136576K->136575K(136576K), 0.2405270 secs] 198015K->137498K(198016K), [Perm : 9010K->9010K(21248K)], 0.2405720 secs] [Times: user=0.24 sys=0.00, real=0.24 secs] 
56.823: Total time for which application threads were stopped: 0.2406450 seconds, Stopping threads took: 0.0000120 seconds
56.894: Application time: 0.0712650 seconds
56.894: [Full GC56.895: [Tenured: 136575K->126276K(136576K), 0.2217500 secs] 198015K->126276K(198016K), [Perm : 9010K->9010K(21248K)], 0.2217960 secs] [Times: user=0.22 sys=0.00, real=0.22 secs] 
57.116: Total time for which application threads were stopped: 0.2218830 seconds, Stopping threads took: 0.0000120 seconds
57.147: Application time: 0.0307140 seconds
57.147: [GC57.147: [DefNew: 54656K->54656K(61440K), 0.0000100 secs]57.147: [Tenured: 126276K->109992K(136576K), 0.1981990 secs] 180932K->109992K(198016K), [Perm : 9010K->9010K(21248K)], 0.1982540 secs] [Times: user=0.20 sys=0.00, real=0.20 secs] 
57.345: Total time for which application threads were stopped: 0.1984010 seconds, Stopping threads took: 0.0000870 seconds
57.373: Application time: 0.0271700 seconds
57.373: [GC57.373: [DefNew: 54656K->6784K(61440K), 0.0221090 secs] 164648K->119409K(198016K), 0.0221520 secs] [Times: user=0.02 sys=0.00, real=0.02 secs] 
57.395: Total time for which application threads were stopped: 0.0223190 seconds, Stopping threads took: 0.0001030 seconds
57.416: Application time: 0.0214300 seconds
57.421: [GC57.421: [DefNew: 61440K->6784K(61440K), 0.0382290 secs] 174065K->131215K(198016K), 0.0382720 secs] [Times: user=0.04 sys=0.00, real=0.03 secs] 
57.459: Total time for which application threads were stopped: 0.0429100 seconds, Stopping threads took: 0.0045420 seconds
57.477: Application time: 0.0177900 seconds
57.477: [GC57.477: [DefNew: 61436K->61436K(61440K), 0.0000100 secs]57.477: [Tenured: 124431K->87692K(136576K), 0.1369240 secs] 185867K->87692K(198016K), [Perm : 9014K->9014K(21248K)], 0.1369820 secs] [Times: user=0.14 sys=0.00, real=0.14 secs] 
57.614: Total time for which application threads were stopped: 0.1371360 seconds, Stopping threads took: 0.0000920 seconds
57.629: Application time: 0.0150710 seconds
57.629: [GC57.630: [DefNew: 54656K->6784K(61440K), 0.0345400 secs] 142348K->107564K(198016K), 0.0345830 secs] [Times: user=0.03 sys=0.00, real=0.03 secs] 
57.664: Total time for which application threads were stopped: 0.0348220 seconds, Stopping threads took: 0.0001540 seconds
57.679: Application time: 0.0150670 seconds
57.681: [GC57.681: [DefNew: 61440K->6784K(61440K), 0.0413530 secs] 162220K->125167K(198016K), 0.0414020 secs] [Times: user=0.05 sys=0.00, real=0.04 secs] 
57.722: Total time for which application threads were stopped: 0.0431900 seconds, Stopping threads took: 0.0017000 seconds
57.739: Application time: 0.0163320 seconds
57.739: [GC57.739: [DefNew: 61406K->61406K(61440K), 0.0000090 secs]57.739: [Tenured: 118383K->136575K(136576K), 0.2207400 secs] 179790K->142317K(198016K), [Perm : 9014K->9014K(21248K)], 0.2207970 secs] [Times: user=0.22 sys=0.00, real=0.22 secs] 
57.960: Total time for which application threads were stopped: 0.2209710 seconds, Stopping threads took: 0.0001130 seconds
58.014: Application time: 0.0542570 seconds
58.014: [Full GC58.014: [Tenured: 136575K->136575K(136576K), 0.2738030 secs] 198015K->158491K(198016K), [Perm : 9014K->9014K(21248K)], 0.2738440 secs] [Times: user=0.27 sys=0.00, real=0.27 secs] 
58.288: Total time for which application threads were stopped: 0.2739280 seconds, Stopping threads took: 0.0000120 seconds
58.338: Application time: 0.0503690 seconds
58.338: [Full GC58.338: [Tenured: 136575K->136575K(136576K), 0.3001970 secs] 198015K->160400K(198016K), [Perm : 9014K->9014K(21248K)], 0.3002420 secs] [Times: user=0.30 sys=0.00, real=0.30 secs] 
58.639: Total time for which application threads were stopped: 0.3003130 seconds, Stopping threads took: 0.0000130 seconds
58.691: Application time: 0.0527700 seconds
58.691: [Full GC58.691: [Tenured: 136576K->136575K(136576K), 0.2828710 secs] 198016K->160507K(198016K), [Perm : 9014K->9014K(21248K)], 0.2829160 secs] [Times: user=0.28 sys=0.00, real=0.28 secs] 
58.974: Total time for which application threads were stopped: 0.2830000 seconds, Stopping threads took: 0.0000130 seconds
59.024: Application time: 0.0497300 seconds
59.024: [Full GC59.024: [Tenured: 136576K->136576K(136576K), 0.2807110 secs] 198016K->161054K(198016K), [Perm : 9014K->9014K(21248K)], 0.2807550 secs] [Times: user=0.28 sys=0.00, real=0.28 secs] 
59.305: Total time for which application threads were stopped: 0.2808290 seconds, Stopping threads took: 0.0000110 seconds
59.356: Application time: 0.0507390 seconds
59.356: [Full GC59.356: [Tenured: 136576K->136575K(136576K), 0.2812800 secs] 198016K->161649K(198016K), [Perm : 9014K->9014K(21248K)], 0.2813250 secs] [Times: user=0.28 sys=0.00, real=0.28 secs] 
59.637: Total time for which application threads were stopped: 0.2814060 seconds, Stopping threads took: 0.0000130 seconds
59.692: Application time: 0.0547670 seconds
59.692: [Full GC59.692: [Tenured: 136575K->136576K(136576K), 0.2881990 secs] 198015K->154615K(198016K), [Perm : 9014K->9014K(21248K)], 0.2882430 secs] [Times: user=0.29 sys=0.00, real=0.28 secs] 
59.980: Total time for which application threads were stopped: 0.2883130 seconds, Stopping threads took: 0.0000130 seconds
60.043: Application time: 0.0631320 seconds
60.043: [Full GC60.043: [Tenured: 136576K->136576K(136576K), 0.2564360 secs] 198016K->159579K(198016K), [Perm : 9014K->9014K(21248K)], 0.2564810 secs] [Times: user=0.25 sys=0.00, real=0.25 secs] 
60.300: Total time for which application threads were stopped: 0.2565690 seconds, Stopping threads took: 0.0000130 seconds
60.361: Application time: 0.0613330 seconds
60.361: [Full GC60.361: [Tenured: 136576K->136575K(136576K), 0.2686020 secs] 198015K->155769K(198016K), [Perm : 9014K->9014K(21248K)], 0.2686480 secs] [Times: user=0.27 sys=0.00, real=0.27 secs] 
60.630: Total time for which application threads were stopped: 0.2687180 seconds, Stopping threads took: 0.0000120 seconds
60.692: Application time: 0.0625820 seconds
60.693: [Full GC60.693: [Tenured: 136575K->136575K(136576K), 0.2572250 secs] 198015K->148739K(198016K), [Perm : 9014K->9014K(21248K)], 0.2572720 secs] [Times: user=0.26 sys=0.00, real=0.26 secs] 
60.950: Total time for which application threads were stopped: 0.2573630 seconds, Stopping threads took: 0.0000120 seconds
61.016: Application time: 0.0665630 seconds
61.016: [Full GC61.016: [Tenured: 136575K->136363K(136576K), 0.2540560 secs] 198015K->136363K(198016K), [Perm : 9014K->9014K(21248K)], 0.2541050 secs] [Times: user=0.25 sys=0.00, real=0.26 secs] 
61.271: Total time for which application threads were stopped: 0.2541750 seconds, Stopping threads took: 0.0000130 seconds
61.303: Application time: 0.0325700 seconds
61.303: [GC61.303: [DefNew: 54656K->54656K(61440K), 0.0000090 secs]61.303: [Tenured: 136363K->136575K(136576K), 0.2176950 secs] 191019K->138815K(198016K), [Perm : 9014K->9014K(21248K)], 0.2177500 secs] [Times: user=0.22 sys=0.00, real=0.22 secs] 
61.521: Total time for which application threads were stopped: 0.2179020 seconds, Stopping threads took: 0.0000810 seconds
61.592: Application time: 0.0712080 seconds
61.592: [Full GC61.592: [Tenured: 136575K->130588K(136576K), 0.2282660 secs] 198015K->130588K(198016K), [Perm : 9014K->9014K(21248K)], 0.2283110 secs] [Times: user=0.23 sys=0.00, real=0.22 secs] 
61.821: Total time for which application threads were stopped: 0.2283820 seconds, Stopping threads took: 0.0000130 seconds
61.850: Application time: 0.0296030 seconds
61.850: [GC61.850: [DefNew: 54656K->54656K(61440K), 0.0000080 secs]61.850: [Tenured: 130588K->120549K(136576K), 0.2064150 secs] 185244K->120549K(198016K), [Perm : 9014K->9014K(21248K)], 0.2064680 secs] [Times: user=0.21 sys=0.00, real=0.20 secs] 
62.057: Total time for which application threads were stopped: 0.2066300 seconds, Stopping threads took: 0.0000840 seconds
62.087: Application time: 0.0303820 seconds
62.087: [GC62.087: [DefNew: 54656K->54656K(61440K), 0.0000100 secs]62.087: [Tenured: 120549K->95109K(136576K), 0.1633510 secs] 175205K->95109K(198016K), [Perm : 9014K->9014K(21248K)], 0.1634110 secs] [Times: user=0.17 sys=0.00, real=0.17 secs] 
62.251: Total time for which application threads were stopped: 0.1635910 seconds, Stopping threads took: 0.0001160 seconds
62.271: Application time: 0.0202340 seconds
62.271: [GC62.271: [DefNew: 54656K->6784K(61440K), 0.0206650 secs] 149765K->108834K(198016K), 0.0207080 secs] [Times: user=0.02 sys=0.00, real=0.02 secs] 
62.292: Total time for which application threads were stopped: 0.0209090 seconds, Stopping threads took: 0.0001350 seconds
62.309: Application time: 0.0167690 seconds
62.309: [GC62.309: [DefNew: 61440K->6783K(61440K), 0.0325510 secs] 163490K->125155K(198016K), 0.0325940 secs] [Times: user=0.04 sys=0.00, real=0.03 secs] 
62.342: Total time for which application threads were stopped: 0.0327530 seconds, Stopping threads took: 0.0000970 seconds
62.357: Application time: 0.0152200 seconds
62.358: [GC62.358: [DefNew: 61439K->61439K(61440K), 0.0000090 secs]62.358: [Tenured: 118371K->98907K(136576K), 0.1498840 secs] 179811K->98907K(198016K), [Perm : 9014K->9014K(21248K)], 0.1499400 secs] [Times: user=0.15 sys=0.00, real=0.15 secs] 
62.508: Total time for which application threads were stopped: 0.1510780 seconds, Stopping threads took: 0.0010640 seconds
62.522: Application time: 0.0142630 seconds
62.522: [GC62.522: [DefNew: 54656K->6783K(61440K), 0.0260300 secs] 153563K->117304K(198016K), 0.0260750 secs] [Times: user=0.03 sys=0.00, real=0.02 secs] 
62.548: Total time for which application threads were stopped: 0.0262490 seconds, Stopping threads took: 0.0001110 seconds
62.565: Application time: 0.0169190 seconds
62.569: [GC62.569: [DefNew: 61439K->6784K(61440K), 0.0379800 secs] 171960K->134166K(198016K), 0.0380220 secs] [Times: user=0.04 sys=0.00, real=0.03 secs] 
62.607: Total time for which application threads were stopped: 0.0416230 seconds, Stopping threads took: 0.0035390 seconds
62.628: Application time: 0.0209950 seconds
62.628: [GC62.628: [DefNew: 61440K->61440K(61440K), 0.0000100 secs]62.628: [Tenured: 127382K->136575K(136576K), 0.2477050 secs] 188822K->156251K(198016K), [Perm : 9020K->9020K(21248K)], 0.2477640 secs] [Times: user=0.25 sys=0.00, real=0.25 secs] 
62.876: Total time for which application threads were stopped: 0.2479170 seconds, Stopping threads took: 0.0000930 seconds
62.932: Application time: 0.0558660 seconds
62.932: [Full GC62.932: [Tenured: 136575K->136576K(136576K), 0.3013200 secs] 198015K->167833K(198016K), [Perm : 9020K->9020K(21248K)], 0.3013650 secs] [Times: user=0.30 sys=0.00, real=0.30 secs] 
63.233: Total time for which application threads were stopped: 0.3014480 seconds, Stopping threads took: 0.0000130 seconds
63.284: Application time: 0.0509070 seconds
63.284: [Full GC63.284: [Tenured: 136576K->136575K(136576K), 0.3095910 secs] 198016K->159795K(198016K), [Perm : 9021K->9018K(21248K)], 0.3096350 secs] [Times: user=0.31 sys=0.00, real=0.31 secs] 
63.594: Total time for which application threads were stopped: 0.3097070 seconds, Stopping threads took: 0.0000120 seconds
63.646: Application time: 0.0522620 seconds
63.646: [Full GC63.646: [Tenured: 136575K->136574K(136576K), 0.2761880 secs] 198015K->159723K(198016K), [Perm : 9018K->9018K(21248K)], 0.2762330 secs] [Times: user=0.28 sys=0.00, real=0.28 secs] 
63.922: Total time for which application threads were stopped: 0.2763200 seconds, Stopping threads took: 0.0000130 seconds
63.978: Application time: 0.0553640 seconds
63.978: [Full GC63.978: [Tenured: 136576K->136575K(136576K), 0.2794310 secs] 198015K->160059K(198016K), [Perm : 9018K->9018K(21248K)], 0.2794750 secs] [Times: user=0.28 sys=0.00, real=0.28 secs] 
64.257: Total time for which application threads were stopped: 0.2795470 seconds, Stopping threads took: 0.0000130 seconds
64.306: Application time: 0.0487380 seconds
64.306: [Full GC64.306: [Tenured: 136575K->136575K(136576K), 0.2759960 secs] 198015K->159842K(198016K), [Perm : 9018K->9018K(21248K)], 0.2760410 secs] [Times: user=0.27 sys=0.00, real=0.28 secs] 
64.582: Total time for which application threads were stopped: 0.2761240 seconds, Stopping threads took: 0.0000140 seconds
64.640: Application time: 0.0574550 seconds
64.640: [Full GC64.640: [Tenured: 136576K->136576K(136576K), 0.2829250 secs] 198015K->153589K(198016K), [Perm : 9018K->9018K(21248K)], 0.2829670 secs] [Times: user=0.28 sys=0.00, real=0.29 secs] 
64.923: Total time for which application threads were stopped: 0.2830420 seconds, Stopping threads took: 0.0000130 seconds
64.986: Application time: 0.0633830 seconds
64.986: [Full GC64.986: [Tenured: 136576K->136576K(136576K), 0.2572100 secs] 198015K->159214K(198016K), [Perm : 9018K->9018K(21248K)], 0.2572550 secs] [Times: user=0.26 sys=0.00, real=0.26 secs] 
65.243: Total time for which application threads were stopped: 0.2573460 seconds, Stopping threads took: 0.0000130 seconds
65.307: Application time: 0.0633710 seconds
65.307: [Full GC65.307: [Tenured: 136576K->136576K(136576K), 0.2606370 secs] 198016K->150631K(198016K), [Perm : 9018K->9018K(21248K)], 0.2606830 secs] [Times: user=0.26 sys=0.00, real=0.26 secs] 
65.567: Total time for which application threads were stopped: 0.2607540 seconds, Stopping threads took: 0.0000130 seconds
65.634: Application time: 0.0670370 seconds
65.635: [Full GC65.635: [Tenured: 136576K->136575K(136576K), 0.2460850 secs] 198015K->143388K(198016K), [Perm : 9018K->9018K(21248K)], 0.2461260 secs] [Times: user=0.25 sys=0.00, real=0.24 secs] 
65.881: Total time for which application threads were stopped: 0.2462210 seconds, Stopping threads took: 0.0000130 seconds
65.951: Application time: 0.0704270 seconds
65.951: [Full GC65.951: [Tenured: 136575K->133392K(136576K), 0.2476740 secs] 198015K->133392K(198016K), [Perm : 9018K->9018K(21248K)], 0.2477270 secs] [Times: user=0.25 sys=0.00, real=0.24 secs] 
66.199: Total time for which application threads were stopped: 0.2477990 seconds, Stopping threads took: 0.0000130 seconds
66.230: Application time: 0.0312570 seconds
66.230: [GC66.230: [DefNew: 54656K->54656K(61440K), 0.0000090 secs]66.230: [Tenured: 133392K->133626K(136576K), 0.2188140 secs] 188048K->133626K(198016K), [Perm : 9018K->9018K(21248K)], 0.2188690 secs] [Times: user=0.22 sys=0.00, real=0.22 secs] 
66.449: Total time for which application threads were stopped: 0.2190270 seconds, Stopping threads took: 0.0000900 seconds
66.478: Application time: 0.0291170 seconds
66.479: [GC66.479: [DefNew: 54656K->54656K(61440K), 0.0000100 secs]66.479: [Tenured: 133626K->125877K(136576K), 0.2126610 secs] 188282K->125877K(198016K), [Perm : 9018K->9018K(21248K)], 0.2127180 secs] [Times: user=0.21 sys=0.00, real=0.22 secs] 
66.692: Total time for which application threads were stopped: 0.2138100 seconds, Stopping threads took: 0.0010290 seconds
66.722: Application time: 0.0301810 seconds
66.722: [GC66.723: [DefNew: 54656K->54656K(61440K), 0.0000100 secs]66.723: [Tenured: 125877K->112667K(136576K), 0.1857510 secs] 180533K->112667K(198016K), [Perm : 9019K->9019K(21248K)], 0.1858080 secs] [Times: user=0.18 sys=0.00, real=0.18 secs] 
66.908: Total time for which application threads were stopped: 0.1859790 seconds, Stopping threads took: 0.0001100 seconds
66.935: Application time: 0.0263560 seconds
66.935: [GC66.935: [DefNew: 54656K->54656K(61440K), 0.0000090 secs]66.935: [Tenured: 112667K->76719K(136576K), 0.1186820 secs] 167323K->76719K(198016K), [Perm : 9019K->9019K(21248K)], 0.1187370 secs] [Times: user=0.12 sys=0.00, real=0.12 secs] 
67.054: Total time for which application threads were stopped: 0.1188920 seconds, Stopping threads took: 0.0000800 seconds
67.071: Application time: 0.0169400 seconds
67.071: [GC67.071: [DefNew: 54656K->6784K(61440K), 0.0265090 secs] 131375K->93348K(198016K), 0.0265560 secs] [Times: user=0.03 sys=0.00, real=0.02 secs] 
67.097: Total time for which application threads were stopped: 0.0267710 seconds, Stopping threads took: 0.0001500 seconds
67.112: Application time: 0.0146500 seconds
67.112: [GC67.112: [DefNew: 61440K->6784K(61440K), 0.0307860 secs] 148004K->110631K(198016K), 0.0308270 secs] [Times: user=0.03 sys=0.00, real=0.03 secs] 
67.143: Total time for which application threads were stopped: 0.0309930 seconds, Stopping threads took: 0.0001030 seconds
67.157: Application time: 0.0140170 seconds
67.157: [GC67.157: [DefNew: 61440K->6784K(61440K), 0.0294380 secs] 165287K->127519K(198016K), 0.0294790 secs] [Times: user=0.03 sys=0.00, real=0.03 secs] 
67.187: Total time for which application threads were stopped: 0.0296220 seconds, Stopping threads took: 0.0000820 seconds
67.201: Application time: 0.0147810 seconds
67.201: [GC67.201: [DefNew: 61440K->61440K(61440K), 0.0000090 secs]67.201: [Tenured: 120735K->121218K(136576K), 0.2021440 secs] 182175K->121218K(198016K), [Perm : 9019K->9019K(21248K)], 0.2022020 secs] [Times: user=0.20 sys=0.00, real=0.20 secs] 
67.404: Total time for which application threads were stopped: 0.2023180 seconds, Stopping threads took: 0.0000540 seconds
67.421: Application time: 0.0170340 seconds
67.421: [GC67.421: [DefNew: 54656K->54656K(61440K), 0.0000090 secs]67.421: [Tenured: 121218K->136575K(136576K), 0.2122750 secs] 175874K->141540K(198016K), [Perm : 9019K->9019K(21248K)], 0.2123310 secs] [Times: user=0.21 sys=0.00, real=0.21 secs] 
67.633: Total time for which application threads were stopped: 0.2124440 seconds, Stopping threads took: 0.0000530 seconds
67.693: Application time: 0.0597360 seconds
67.693: [Full GC67.693: [Tenured: 136575K->136575K(136576K), 0.2646750 secs] 198015K->164440K(198016K), [Perm : 9019K->9019K(21248K)], 0.2647120 secs] [Times: user=0.27 sys=0.00, real=0.26 secs] 
67.958: Total time for which application threads were stopped: 0.2647940 seconds, Stopping threads took: 0.0000120 seconds
68.011: Application time: 0.0537690 seconds
68.012: [Full GC68.012: [Tenured: 136575K->136575K(136576K), 0.3020550 secs] 198015K->162159K(198016K), [Perm : 9019K->9019K(21248K)], 0.3020960 secs] [Times: user=0.30 sys=0.00, real=0.30 secs] 
68.314: Total time for which application threads were stopped: 0.3021670 seconds, Stopping threads took: 0.0000120 seconds
68.362: Application time: 0.0481940 seconds
68.362: [Full GC68.362: [Tenured: 136575K->136576K(136576K), 0.3080400 secs] 198015K->159026K(198016K), [Perm : 9019K->9019K(21248K)], 0.3080840 secs] [Times: user=0.31 sys=0.00, real=0.31 secs] 
68.670: Total time for which application threads were stopped: 0.3081690 seconds, Stopping threads took: 0.0000130 seconds
68.725: Application time: 0.0545120 seconds
68.725: [Full GC68.725: [Tenured: 136576K->136575K(136576K), 0.2782290 secs] 198015K->160507K(198016K), [Perm : 9019K->9019K(21248K)], 0.2782820 secs] [Times: user=0.28 sys=0.00, real=0.28 secs] 
69.003: Total time for which application threads were stopped: 0.2783530 seconds, Stopping threads took: 0.0000130 seconds
69.052: Application time: 0.0491330 seconds
69.052: [Full GC69.052: [Tenured: 136575K->136575K(136576K), 0.2775200 secs] 197912K->159443K(198016K), [Perm : 9019K->9019K(21248K)], 0.2775610 secs] [Times: user=0.28 sys=0.00, real=0.28 secs] 
69.330: Total time for which application threads were stopped: 0.2776440 seconds, Stopping threads took: 0.0000130 seconds
69.385: Application time: 0.0551080 seconds
69.385: [Full GC69.385: [Tenured: 136575K->136575K(136576K), 0.2805940 secs] 198015K->154023K(198016K), [Perm : 9019K->9019K(21248K)], 0.2806370 secs] [Times: user=0.29 sys=0.00, real=0.28 secs] 
69.665: Total time for which application threads were stopped: 0.2807090 seconds, Stopping threads took: 0.0000120 seconds
69.725: Application time: 0.0599710 seconds
69.726: [Full GC69.726: [Tenured: 136575K->136575K(136576K), 0.2496430 secs] 198015K->159178K(198016K), [Perm : 9019K->9019K(21248K)], 0.2496900 secs] [Times: user=0.25 sys=0.00, real=0.25 secs] 
69.975: Total time for which application threads were stopped: 0.2497720 seconds, Stopping threads took: 0.0000120 seconds
70.031: Application time: 0.0553750 seconds
70.031: [Full GC70.031: [Tenured: 136576K->136575K(136576K), 0.2616380 secs] 198015K->153152K(198016K), [Perm : 9019K->9019K(21248K)], 0.2616820 secs] [Times: user=0.26 sys=0.00, real=0.26 secs] 
70.292: Total time for which application threads were stopped: 0.2617540 seconds, Stopping threads took: 0.0000130 seconds
70.360: Application time: 0.0677160 seconds
70.360: [Full GC70.360: [Tenured: 136576K->136575K(136576K), 0.2519080 secs] 198015K->145581K(198016K), [Perm : 9019K->9019K(21248K)], 0.2519550 secs] [Times: user=0.25 sys=0.00, real=0.26 secs] 
70.612: Total time for which application threads were stopped: 0.2520360 seconds, Stopping threads took: 0.0000130 seconds
70.679: Application time: 0.0672990 seconds
70.679: [Full GC70.679: [Tenured: 136576K->134191K(136576K), 0.2500610 secs] 198015K->134191K(198016K), [Perm : 9019K->9019K(21248K)], 0.2501030 secs] [Times: user=0.25 sys=0.00, real=0.26 secs] 
70.930: Total time for which application threads were stopped: 0.2501750 seconds, Stopping threads took: 0.0000130 seconds
70.965: Application time: 0.0353680 seconds
70.965: [GC70.965: [DefNew: 54656K->54656K(61440K), 0.0000410 secs]70.965: [Tenured: 134191K->135333K(136576K), 0.2338400 secs] 188847K->135333K(198016K), [Perm : 9019K->9019K(21248K)], 0.2339320 secs] [Times: user=0.24 sys=0.00, real=0.23 secs] 
71.199: Total time for which application threads were stopped: 0.2341490 seconds, Stopping threads took: 0.0001380 seconds
71.228: Application time: 0.0286970 seconds
71.228: [GC71.228: [DefNew: 54559K->54559K(61440K), 0.0000090 secs]71.228: [Tenured: 135333K->127681K(136576K), 0.2268210 secs] 189893K->127681K(198016K), [Perm : 9019K->9019K(21248K)], 0.2268810 secs] [Times: user=0.22 sys=0.00, real=0.23 secs] 
71.455: Total time for which application threads were stopped: 0.2272400 seconds, Stopping threads took: 0.0002740 seconds
71.484: Application time: 0.0290640 seconds
71.484: [GC71.484: [DefNew: 54656K->54656K(61440K), 0.0000100 secs]71.484: [Tenured: 127681K->117211K(136576K), 0.2084930 secs] 182337K->117211K(198016K), [Perm : 9020K->9020K(21248K)], 0.2085490 secs] [Times: user=0.20 sys=0.00, real=0.21 secs] 
71.693: Total time for which application threads were stopped: 0.2087260 seconds, Stopping threads took: 0.0001030 seconds
71.721: Application time: 0.0278950 seconds
71.721: [GC71.721: [DefNew: 54656K->54656K(61440K), 0.0000090 secs]71.721: [Tenured: 117211K->86642K(136576K), 0.1414300 secs] 171867K->86642K(198016K), [Perm : 9020K->9020K(21248K)], 0.1414860 secs] [Times: user=0.14 sys=0.00, real=0.14 secs] 
71.862: Total time for which application threads were stopped: 0.1416030 seconds, Stopping threads took: 0.0000580 seconds
71.881: Application time: 0.0187620 seconds
71.881: [GC71.881: [DefNew: 54656K->6784K(61440K), 0.0216900 secs] 141298K->101358K(198016K), 0.0217410 secs] [Times: user=0.02 sys=0.00, real=0.02 secs] 
71.903: Total time for which application threads were stopped: 0.0219190 seconds, Stopping threads took: 0.0001150 seconds
71.918: Application time: 0.0152220 seconds
71.918: [GC71.918: [DefNew: 61440K->6784K(61440K), 0.0323200 secs] 156014K->118632K(198016K), 0.0323640 secs] [Times: user=0.03 sys=0.00, real=0.04 secs] 
71.951: Total time for which application threads were stopped: 0.0325470 seconds, Stopping threads took: 0.0001200 seconds
71.965: Application time: 0.0143550 seconds
71.965: [GC71.965: [DefNew: 61440K->61440K(61440K), 0.0000090 secs]71.965: [Tenured: 111848K->102186K(136576K), 0.1565750 secs] 173288K->102186K(198016K), [Perm : 9020K->9020K(21248K)], 0.1566320 secs] [Times: user=0.15 sys=0.00, real=0.16 secs] 
72.122: Total time for which application threads were stopped: 0.1567360 seconds, Stopping threads took: 0.0000450 seconds
72.136: Application time: 0.0142320 seconds
72.137: [GC72.137: [DefNew: 54656K->6784K(61440K), 0.0292110 secs] 156842K->119695K(198016K), 0.0292530 secs] [Times: user=0.03 sys=0.00, real=0.03 secs] 
72.166: Total time for which application threads were stopped: 0.0299830 seconds, Stopping threads took: 0.0006530 seconds
72.181: Application time: 0.0153530 seconds
72.185: [GC72.185: [DefNew: 61440K->61440K(61440K), 0.0000090 secs]72.185: [Tenured: 112911K->136576K(136576K), 0.2165700 secs] 174351K->136738K(198016K), [Perm : 9020K->9020K(21248K)], 0.2166280 secs] [Times: user=0.21 sys=0.00, real=0.22 secs] 
72.402: Total time for which application threads were stopped: 0.2200200 seconds, Stopping threads took: 0.0033100 seconds
72.463: Application time: 0.0614180 seconds
72.463: [Full GC72.463: [Tenured: 136576K->136576K(136576K), 0.2607210 secs] 198015K->162110K(198016K), [Perm : 9020K->9020K(21248K)], 0.2607680 secs] [Times: user=0.26 sys=0.00, real=0.26 secs] 
72.724: Total time for which application threads were stopped: 0.2608410 seconds, Stopping threads took: 0.0000130 seconds
72.777: Application time: 0.0527760 seconds
72.777: [Full GC72.777: [Tenured: 136576K->136575K(136576K), 0.3036680 secs] 198016K->163902K(198016K), [Perm : 9020K->9020K(21248K)], 0.3037130 secs] [Times: user=0.30 sys=0.00, real=0.30 secs] 
73.080: Total time for which application threads were stopped: 0.3037970 seconds, Stopping threads took: 0.0000130 seconds
73.128: Application time: 0.0478930 seconds
73.128: [Full GC73.128: [Tenured: 136575K->136576K(136576K), 0.2594680 secs] 198015K->165208K(198016K), [Perm : 9020K->9020K(21248K)], 0.2595190 secs] [Times: user=0.27 sys=0.00, real=0.26 secs] 
73.388: Total time for which application threads were stopped: 0.2596070 seconds, Stopping threads took: 0.0000220 seconds
73.430: Application time: 0.0417310 seconds
73.430: [Full GC73.430: [Tenured: 136576K->136576K(136576K), 0.2768060 secs] 198016K->159130K(198016K), [Perm : 9020K->9020K(21248K)], 0.2768500 secs] [Times: user=0.28 sys=0.00, real=0.27 secs] 
73.707: Total time for which application threads were stopped: 0.2769550 seconds, Stopping threads took: 0.0000180 seconds
73.759: Application time: 0.0523840 seconds
73.759: [Full GC73.759: [Tenured: 136576K->136575K(136576K), 0.2732680 secs] 197969K->158546K(198016K), [Perm : 9020K->9020K(21248K)], 0.2733130 secs] [Times: user=0.27 sys=0.00, real=0.28 secs] 
74.032: Total time for which application threads were stopped: 0.2733820 seconds, Stopping threads took: 0.0000130 seconds
74.082: Application time: 0.0492630 seconds
74.082: [Full GC74.082: [Tenured: 136575K->136576K(136576K), 0.2747610 secs] 198015K->152488K(198016K), [Perm : 9020K->9020K(21248K)], 0.2748050 secs] [Times: user=0.28 sys=0.00, real=0.27 secs] 
74.356: Total time for which application threads were stopped: 0.2748850 seconds, Stopping threads took: 0.0000130 seconds
74.419: Application time: 0.0625720 seconds
74.419: [Full GC74.419: [Tenured: 136576K->136576K(136576K), 0.2472050 secs] 198015K->157578K(198016K), [Perm : 9020K->9020K(21248K)], 0.2472580 secs] [Times: user=0.25 sys=0.00, real=0.25 secs] 
74.666: Total time for which application threads were stopped: 0.2473290 seconds, Stopping threads took: 0.0000120 seconds
74.731: Application time: 0.0644070 seconds
74.731: [Full GC74.731: [Tenured: 136576K->136575K(136576K), 0.2642930 secs] 198016K->155388K(198016K), [Perm : 9020K->9020K(21248K)], 0.2643390 secs] [Times: user=0.26 sys=0.00, real=0.26 secs] 
74.995: Total time for which application threads were stopped: 0.2644300 seconds, Stopping threads took: 0.0000140 seconds
75.059: Application time: 0.0638910 seconds
75.059: [Full GC75.059: [Tenured: 136576K->136575K(136576K), 0.2548970 secs] 198015K->148114K(198016K), [Perm : 9020K->9020K(21248K)], 0.2549420 secs] [Times: user=0.25 sys=0.00, real=0.26 secs] 
75.314: Total time for which application threads were stopped: 0.2550160 seconds, Stopping threads took: 0.0000130 seconds
75.380: Application time: 0.0661550 seconds
75.380: [Full GC75.380: [Tenured: 136576K->135773K(136576K), 0.2497710 secs] 198015K->135773K(198016K), [Perm : 9020K->9020K(21248K)], 0.2498140 secs] [Times: user=0.25 sys=0.00, real=0.26 secs] 
75.630: Total time for which application threads were stopped: 0.2498940 seconds, Stopping threads took: 0.0000130 seconds
75.662: Application time: 0.0316270 seconds
75.662: [GC75.662: [DefNew: 54656K->54656K(61440K), 0.0000090 secs]75.662: [Tenured: 135773K->136576K(136576K), 0.2124270 secs] 190429K->138183K(198016K), [Perm : 9020K->9020K(21248K)], 0.2124800 secs] [Times: user=0.21 sys=0.00, real=0.21 secs] 
75.874: Total time for which application threads were stopped: 0.2126260 seconds, Stopping threads took: 0.0000880 seconds
75.948: Application time: 0.0738410 seconds
75.948: [Full GC75.948: [Tenured: 136576K->128426K(136576K), 0.2213660 secs] 198016K->128426K(198016K), [Perm : 9021K->9021K(21248K)], 0.2214150 secs] [Times: user=0.22 sys=0.00, real=0.23 secs] 
76.170: Total time for which application threads were stopped: 0.2215100 seconds, Stopping threads took: 0.0000140 seconds
76.198: Application time: 0.0285280 seconds
76.198: [GC76.198: [DefNew: 54656K->54656K(61440K), 0.0000090 secs]76.198: [Tenured: 128426K->118925K(136576K), 0.1974970 secs] 183082K->118925K(198016K), [Perm : 9021K->9021K(21248K)], 0.1975520 secs] [Times: user=0.20 sys=0.00, real=0.20 secs] 
76.396: Total time for which application threads were stopped: 0.1976980 seconds, Stopping threads took: 0.0000850 seconds
76.424: Application time: 0.0279180 seconds
76.424: [GC76.424: [DefNew: 54656K->54656K(61440K), 0.0000100 secs]76.424: [Tenured: 118925K->91842K(136576K), 0.1523040 secs] 173581K->91842K(198016K), [Perm : 9021K->9021K(21248K)], 0.1523620 secs] [Times: user=0.15 sys=0.00, real=0.15 secs] 
76.576: Total time for which application threads were stopped: 0.1525670 seconds, Stopping threads took: 0.0001390 seconds
76.598: Application time: 0.0217500 seconds
76.598: [GC76.598: [DefNew: 54656K->6784K(61440K), 0.0227500 secs] 146498K->104409K(198016K), 0.0227890 secs] [Times: user=0.02 sys=0.00, real=0.03 secs] 
76.621: Total time for which application threads were stopped: 0.0229630 seconds, Stopping threads took: 0.0000980 seconds
76.637: Application time: 0.0161240 seconds
76.639: [GC76.639: [DefNew: 61395K->6784K(61440K), 0.0375930 secs] 159021K->120712K(198016K), 0.0376350 secs] [Times: user=0.04 sys=0.00, real=0.04 secs] 
76.676: Total time for which application threads were stopped: 0.0389240 seconds, Stopping threads took: 0.0012270 seconds
76.691: Application time: 0.0150770 seconds
76.691: [GC76.692: [DefNew: 61440K->61440K(61440K), 0.0000100 secs]76.692: [Tenured: 113928K->99461K(136576K), 0.1485680 secs] 175368K->99461K(198016K), [Perm : 9021K->9021K(21248K)], 0.1486260 secs] [Times: user=0.14 sys=0.00, real=0.14 secs] 
76.840: Total time for which application threads were stopped: 0.1488000 seconds, Stopping threads took: 0.0001120 seconds
76.855: Application time: 0.0153120 seconds
76.856: [GC76.856: [DefNew: 54656K->6784K(61440K), 0.0285600 secs] 154117K->118368K(198016K), 0.0286110 secs] [Times: user=0.03 sys=0.00, real=0.03 secs] 
76.884: Total time for which application threads were stopped: 0.0287730 seconds, Stopping threads took: 0.0001010 seconds
76.902: Application time: 0.0181110 seconds
76.903: [GC76.903: [DefNew: 61440K->61440K(61440K), 0.0000090 secs]76.903: [Tenured: 111584K->136576K(136576K), 0.2004280 secs] 173024K->137470K(198016K), [Perm : 9022K->9022K(21248K)], 0.2004840 secs] [Times: user=0.20 sys=0.00, real=0.20 secs] 
77.103: Total time for which application threads were stopped: 0.2006850 seconds, Stopping threads took: 0.0001410 seconds
77.151: Application time: 0.0481590 seconds
77.151: [Full GC77.151: [Tenured: 136576K->136574K(136576K), 0.2407040 secs] 198016K->157149K(198016K), [Perm : 9022K->9022K(21248K)], 0.2407470 secs] [Times: user=0.24 sys=0.00, real=0.24 secs] 
77.392: Total time for which application threads were stopped: 0.2408270 seconds, Stopping threads took: 0.0000110 seconds
77.448: Application time: 0.0562950 seconds
77.448: [Full GC77.448: [Tenured: 136576K->136575K(136576K), 0.2985700 secs] 198015K->162174K(198016K), [Perm : 9022K->9022K(21248K)], 0.2986160 secs] [Times: user=0.30 sys=0.00, real=0.30 secs] 
77.747: Total time for which application threads were stopped: 0.2986900 seconds, Stopping threads took: 0.0000130 seconds
77.806: Application time: 0.0594630 seconds
77.807: [Full GC77.807: [Tenured: 136575K->136575K(136576K), 0.2638330 secs] 198015K->166029K(198016K), [Perm : 9022K->9022K(21248K)], 0.2638770 secs] [Times: user=0.27 sys=0.00, real=0.27 secs] 
78.070: Total time for which application threads were stopped: 0.2639590 seconds, Stopping threads took: 0.0000130 seconds
78.118: Application time: 0.0475450 seconds
78.121: [Full GC78.121: [Tenured: 136575K->136575K(136576K), 0.2719950 secs] 198015K->150540K(198016K), [Perm : 9022K->9022K(21248K)], 0.2720370 secs] [Times: user=0.28 sys=0.00, real=0.27 secs] 
78.393: Total time for which application threads were stopped: 0.2748320 seconds, Stopping threads took: 0.0027390 seconds
78.450: Application time: 0.0568370 seconds
78.450: [Full GC78.450: [Tenured: 136576K->136576K(136576K), 0.2440940 secs] 198016K->156188K(198016K), [Perm : 9022K->9022K(21248K)], 0.2441350 secs] [Times: user=0.24 sys=0.00, real=0.24 secs] 
78.694: Total time for which application threads were stopped: 0.2442160 seconds, Stopping threads took: 0.0000130 seconds
78.745: Application time: 0.0512910 seconds
78.745: [Full GC78.745: [Tenured: 136576K->136575K(136576K), 0.2718100 secs] 198016K->151253K(198016K), [Perm : 9022K->9022K(21248K)], 0.2718530 secs] [Times: user=0.28 sys=0.00, real=0.27 secs] 
79.017: Total time for which application threads were stopped: 0.2719240 seconds, Stopping threads took: 0.0000130 seconds
79.081: Application time: 0.0640480 seconds
79.081: [Full GC79.081: [Tenured: 136575K->136575K(136576K), 0.2447180 secs] 198015K->156669K(198016K), [Perm : 9023K->9023K(21248K)], 0.2447620 secs] [Times: user=0.24 sys=0.00, real=0.24 secs] 
79.326: Total time for which application threads were stopped: 0.2448430 seconds, Stopping threads took: 0.0000130 seconds
79.391: Application time: 0.0647760 seconds
79.391: [Full GC79.391: [Tenured: 136575K->136576K(136576K), 0.2612480 secs] 198015K->154064K(198016K), [Perm : 9023K->9023K(21248K)], 0.2612910 secs] [Times: user=0.26 sys=0.00, real=0.26 secs] 
79.652: Total time for which application threads were stopped: 0.2613620 seconds, Stopping threads took: 0.0000130 seconds
79.715: Application time: 0.0633180 seconds
79.715: [Full GC79.716: [Tenured: 136576K->136575K(136576K), 0.2458060 secs] 198015K->146368K(198016K), [Perm : 9023K->9023K(21248K)], 0.2458480 secs] [Times: user=0.25 sys=0.00, real=0.25 secs] 
79.961: Total time for which application threads were stopped: 0.2459250 seconds, Stopping threads took: 0.0000120 seconds
80.029: Application time: 0.0681130 seconds
80.030: [Full GC80.030: [Tenured: 136576K->135519K(136576K), 0.2479100 secs] 198015K->135519K(198016K), [Perm : 9023K->9023K(21248K)], 0.2479520 secs] [Times: user=0.25 sys=0.00, real=0.24 secs] 
80.278: Total time for which application threads were stopped: 0.2480300 seconds, Stopping threads took: 0.0000130 seconds
80.308: Application time: 0.0306090 seconds
80.308: [GC80.308: [DefNew: 54656K->54656K(61440K), 0.0000090 secs]80.308: [Tenured: 135519K->135825K(136576K), 0.2117040 secs] 190175K->135825K(198016K), [Perm : 9023K->9023K(21248K)], 0.2117630 secs] [Times: user=0.22 sys=0.00, real=0.21 secs] 
80.520: Total time for which application threads were stopped: 0.2119090 seconds, Stopping threads took: 0.0000730 seconds
80.549: Application time: 0.0292900 seconds
80.549: [GC80.549: [DefNew: 54656K->54656K(61440K), 0.0000090 secs]80.549: [Tenured: 135825K->128842K(136576K), 0.2161550 secs] 190481K->128842K(198016K), [Perm : 9023K->9023K(21248K)], 0.2162120 secs] [Times: user=0.22 sys=0.00, real=0.21 secs] 
80.766: Total time for which application threads were stopped: 0.2163670 seconds, Stopping threads took: 0.0000910 seconds
80.796: Application time: 0.0298150 seconds
80.796: [GC80.796: [DefNew: 54656K->54656K(61440K), 0.0000090 secs]80.796: [Tenured: 128842K->118315K(136576K), 0.2048670 secs] 183498K->118315K(198016K), [Perm : 9023K->9023K(21248K)], 0.2049260 secs] [Times: user=0.21 sys=0.00, real=0.20 secs] 
81.001: Total time for which application threads were stopped: 0.2050880 seconds, Stopping threads took: 0.0000970 seconds
81.028: Application time: 0.0272050 seconds
81.028: [GC81.028: [DefNew: 54656K->54656K(61440K), 0.0000090 secs]81.028: [Tenured: 118315K->95462K(136576K), 0.1586580 secs] 172971K->95462K(198016K), [Perm : 9023K->9023K(21248K)], 0.1587190 secs] [Times: user=0.16 sys=0.00, real=0.16 secs] 
81.187: Total time for which application threads were stopped: 0.1589540 seconds, Stopping threads took: 0.0001530 seconds
81.207: Application time: 0.0197420 seconds
81.207: [GC81.207: [DefNew: 54656K->6784K(61440K), 0.0209360 secs] 150118K->109189K(198016K), 0.0209800 secs] [Times: user=0.02 sys=0.00, real=0.02 secs] 
81.228: Total time for which application threads were stopped: 0.0211470 seconds, Stopping threads took: 0.0001040 seconds
81.244: Application time: 0.0164290 seconds
81.244: [GC81.244: [DefNew: 61440K->6784K(61440K), 0.0319230 secs] 163845K->125675K(198016K), 0.0319650 secs] [Times: user=0.03 sys=0.00, real=0.03 secs] 
81.276: Total time for which application threads were stopped: 0.0321480 seconds, Stopping threads took: 0.0001190 seconds
81.291: Application time: 0.0147310 seconds
81.291: [GC81.291: [DefNew: 61440K->61440K(61440K), 0.0000100 secs]81.291: [Tenured: 118891K->99689K(136576K), 0.1533210 secs] 180331K->99689K(198016K), [Perm : 9024K->9024K(21248K)], 0.1533770 secs] [Times: user=0.15 sys=0.00, real=0.15 secs] 
81.444: Total time for which application threads were stopped: 0.1534960 seconds, Stopping threads took: 0.0000570 seconds
81.459: Application time: 0.0147210 seconds
81.459: [GC81.459: [DefNew: 54656K->6784K(61440K), 0.0296240 secs] 154345K->118375K(198016K), 0.0296670 secs] [Times: user=0.03 sys=0.00, real=0.04 secs] 
81.489: Total time for which application threads were stopped: 0.0299720 seconds, Stopping threads took: 0.0002380 seconds
81.505: Application time: 0.0160040 seconds
81.505: [GC81.505: [DefNew: 61440K->61440K(61440K), 0.0000090 secs]81.505: [Tenured: 111591K->136406K(136576K), 0.2037590 secs] 173031K->136406K(198016K), [Perm : 9024K->9024K(21248K)], 0.2038140 secs] [Times: user=0.20 sys=0.00, real=0.21 secs] 
81.709: Total time for which application threads were stopped: 0.2039950 seconds, Stopping threads took: 0.0001190 seconds
81.729: Application time: 0.0194410 seconds
81.730: [GC81.731: [DefNew: 54656K->54656K(61440K), 0.0000090 secs]81.731: [Tenured: 136406K->136575K(136576K), 0.2472410 secs] 191062K->156399K(198016K), [Perm : 9025K->9025K(21248K)], 0.2473020 secs] [Times: user=0.24 sys=0.01, real=0.24 secs] 
81.978: Total time for which application threads were stopped: 0.2491990 seconds, Stopping threads took: 0.0018210 seconds
82.034: Application time: 0.0557200 seconds
82.034: [Full GC82.034: [Tenured: 136575K->136576K(136576K), 0.2911170 secs] 198015K->160622K(198016K), [Perm : 9025K->9025K(21248K)], 0.2911620 secs] [Times: user=0.29 sys=0.00, real=0.29 secs] 
82.325: Total time for which application threads were stopped: 0.2912350 seconds, Stopping threads took: 0.0000120 seconds
82.384: Application time: 0.0593740 seconds
82.384: [Full GC82.384: [Tenured: 136576K->136576K(136576K), 0.2615080 secs] 198015K->164750K(198016K), [Perm : 9028K->9028K(21248K)], 0.2615560 secs] [Times: user=0.26 sys=0.00, real=0.26 secs] 
82.646: Total time for which application threads were stopped: 0.2616470 seconds, Stopping threads took: 0.0000130 seconds
82.698: Application time: 0.0523930 seconds
82.698: [Full GC82.698: [Tenured: 136576K->136575K(136576K), 0.2826240 secs] 198016K->157586K(198016K), [Perm : 9028K->9028K(21248K)], 0.2826680 secs] [Times: user=0.29 sys=0.00, real=0.29 secs] 
82.981: Total time for which application threads were stopped: 0.2827370 seconds, Stopping threads took: 0.0000120 seconds
83.031: Application time: 0.0495640 seconds
83.031: [Full GC83.031: [Tenured: 136576K->136575K(136576K), 0.2723000 secs] 198015K->159125K(198016K), [Perm : 9028K->9028K(21248K)], 0.2723450 secs] [Times: user=0.28 sys=0.00, real=0.27 secs] 
83.303: Total time for which application threads were stopped: 0.2724290 seconds, Stopping threads took: 0.0000130 seconds
83.357: Application time: 0.0536080 seconds
83.357: [Full GC83.357: [Tenured: 136575K->136576K(136576K), 0.2728210 secs] 198015K->152032K(198016K), [Perm : 9028K->9028K(21248K)], 0.2728650 secs] [Times: user=0.28 sys=0.00, real=0.28 secs] 
83.629: Total time for which application threads were stopped: 0.2729370 seconds, Stopping threads took: 0.0000130 seconds
83.691: Application time: 0.0611610 seconds
83.691: [Full GC83.691: [Tenured: 136576K->136576K(136576K), 0.2455500 secs] 198016K->157071K(198016K), [Perm : 9029K->9029K(21248K)], 0.2455930 secs] [Times: user=0.25 sys=0.00, real=0.24 secs] 
83.936: Total time for which application threads were stopped: 0.2456780 seconds, Stopping threads took: 0.0000130 seconds
83.999: Application time: 0.0629980 seconds
83.999: [Full GC83.999: [Tenured: 136576K->136575K(136576K), 0.2672550 secs] 198016K->155822K(198016K), [Perm : 9029K->9029K(21248K)], 0.2672990 secs] [Times: user=0.27 sys=0.00, real=0.27 secs] 
84.267: Total time for which application threads were stopped: 0.2673690 seconds, Stopping threads took: 0.0000130 seconds
84.330: Application time: 0.0634400 seconds
84.330: [Full GC84.330: [Tenured: 136575K->136575K(136576K), 0.2499120 secs] 198015K->147070K(198016K), [Perm : 9029K->9029K(21248K)], 0.2499590 secs] [Times: user=0.25 sys=0.00, real=0.24 secs] 
84.580: Total time for which application threads were stopped: 0.2500420 seconds, Stopping threads took: 0.0000130 seconds
84.650: Application time: 0.0695000 seconds
84.650: [Full GC84.650: [Tenured: 136575K->135256K(136576K), 0.2468760 secs] 198015K->135256K(198016K), [Perm : 9029K->9029K(21248K)], 0.2469210 secs] [Times: user=0.24 sys=0.00, real=0.24 secs] 
84.897: Total time for which application threads were stopped: 0.2469930 seconds, Stopping threads took: 0.0000130 seconds
84.927: Application time: 0.0305870 seconds
84.929: [GC84.929: [DefNew: 54656K->54656K(61440K), 0.0000090 secs]84.929: [Tenured: 135256K->136576K(136576K), 0.2060290 secs] 189912K->137315K(198016K), [Perm : 9029K->9029K(21248K)], 0.2060840 secs] [Times: user=0.20 sys=0.00, real=0.20 secs] 
85.135: Total time for which application threads were stopped: 0.2076610 seconds, Stopping threads took: 0.0015070 seconds
85.207: Application time: 0.0716570 seconds
85.207: [Full GC85.207: [Tenured: 136576K->129610K(136576K), 0.2202930 secs] 198016K->129610K(198016K), [Perm : 9029K->9029K(21248K)], 0.2203400 secs] [Times: user=0.22 sys=0.00, real=0.22 secs] 
85.427: Total time for which application threads were stopped: 0.2204140 seconds, Stopping threads took: 0.0000130 seconds
85.456: Application time: 0.0295040 seconds
85.459: [GC85.459: [DefNew: 54656K->54656K(61440K), 0.0000100 secs]85.459: [Tenured: 129610K->119245K(136576K), 0.1966530 secs] 184266K->119245K(198016K), [Perm : 9029K->9029K(21248K)], 0.1967110 secs] [Times: user=0.20 sys=0.00, real=0.20 secs] 
85.656: Total time for which application threads were stopped: 0.1996440 seconds, Stopping threads took: 0.0028570 seconds
85.687: Application time: 0.0312450 seconds
85.688: [GC85.688: [DefNew: 54656K->54656K(61440K), 0.0000100 secs]85.688: [Tenured: 119245K->95810K(136576K), 0.1598360 secs] 173901K->95810K(198016K), [Perm : 9029K->9029K(21248K)], 0.1598900 secs] [Times: user=0.16 sys=0.00, real=0.16 secs] 
85.847: Total time for which application threads were stopped: 0.1600570 seconds, Stopping threads took: 0.0001060 seconds
85.866: Application time: 0.0184330 seconds
85.866: [GC85.866: [DefNew: 54656K->6784K(61440K), 0.0196030 secs] 150466K->110694K(198016K), 0.0196430 secs] [Times: user=0.02 sys=0.00, real=0.02 secs] 
85.886: Total time for which application threads were stopped: 0.0197780 seconds, Stopping threads took: 0.0000740 seconds
85.901: Application time: 0.0150510 seconds
85.901: [GC85.901: [DefNew: 61440K->6784K(61440K), 0.0307980 secs] 165350K->127875K(198016K), 0.0308410 secs] [Times: user=0.03 sys=0.00, real=0.03 secs] 
85.932: Total time for which application threads were stopped: 0.0310080 seconds, Stopping threads took: 0.0001050 seconds
85.947: Application time: 0.0151420 seconds
85.947: [GC85.947: [DefNew: 61440K->61440K(61440K), 0.0000090 secs]85.947: [Tenured: 121091K->109453K(136576K), 0.1653250 secs] 182531K->109453K(198016K), [Perm : 9029K->9029K(21248K)], 0.1653830 secs] [Times: user=0.17 sys=0.00, real=0.17 secs] 
86.112: Total time for which application threads were stopped: 0.1656090 seconds, Stopping threads took: 0.0001540 seconds
86.126: Application time: 0.0132400 seconds
86.126: [GC86.126: [DefNew: 54656K->6783K(61440K), 0.0262260 secs] 164109K->126160K(198016K), 0.0262670 secs] [Times: user=0.03 sys=0.00, real=0.03 secs] 
86.152: Total time for which application threads were stopped: 0.0264660 seconds, Stopping threads took: 0.0000980 seconds
86.167: Application time: 0.0149850 seconds
86.167: [GC86.167: [DefNew: 61439K->61439K(61440K), 0.0000100 secs]86.167: [Tenured: 119376K->131951K(136576K), 0.2159990 secs] 180816K->131951K(198016K), [Perm : 9029K->9029K(21248K)], 0.2160610 secs] [Times: user=0.22 sys=0.00, real=0.22 secs] 
86.383: Total time for which application threads were stopped: 0.2162140 seconds, Stopping threads took: 0.0000910 seconds
86.406: Application time: 0.0225050 seconds
86.409: [GC86.409: [DefNew: 54656K->54656K(61440K), 0.0000100 secs]86.409: [Tenured: 131951K->136575K(136576K), 0.2443940 secs] 186607K->157404K(198016K), [Perm : 9029K->9029K(21248K)], 0.2444530 secs] [Times: user=0.24 sys=0.00, real=0.24 secs] 
86.653: Total time for which application threads were stopped: 0.2473640 seconds, Stopping threads took: 0.0028510 seconds
86.709: Application time: 0.0556770 seconds
86.709: [Full GC86.709: [Tenured: 136576K->136575K(136576K), 0.2904620 secs] 198015K->161016K(198016K), [Perm : 9029K->9029K(21248K)], 0.2905090 secs] [Times: user=0.29 sys=0.00, real=0.28 secs] 
87.000: Total time for which application threads were stopped: 0.2905970 seconds, Stopping threads took: 0.0000130 seconds
87.058: Application time: 0.0587880 seconds
87.058: [Full GC87.058: [Tenured: 136576K->136575K(136576K), 0.2567470 secs] 198016K->164810K(198016K), [Perm : 9029K->9029K(21248K)], 0.2567900 secs] [Times: user=0.26 sys=0.00, real=0.26 secs] 
87.315: Total time for which application threads were stopped: 0.2568610 seconds, Stopping threads took: 0.0000130 seconds
87.360: Application time: 0.0452160 seconds
87.360: [Full GC87.360: [Tenured: 136576K->136575K(136576K), 0.2702920 secs] 198015K->157998K(198016K), [Perm : 9029K->9029K(21248K)], 0.2703380 secs] [Times: user=0.27 sys=0.00, real=0.28 secs] 
87.631: Total time for which application threads were stopped: 0.2704220 seconds, Stopping threads took: 0.0000140 seconds
87.686: Application time: 0.0546910 seconds
87.686: [Full GC87.686: [Tenured: 136576K->136575K(136576K), 0.2723460 secs] 198015K->160084K(198016K), [Perm : 9030K->9030K(21248K)], 0.2723990 secs] [Times: user=0.28 sys=0.00, real=0.27 secs] 
87.958: Total time for which application threads were stopped: 0.2724700 seconds, Stopping threads took: 0.0000130 seconds
88.009: Application time: 0.0511290 seconds
88.009: [Full GC88.009: [Tenured: 136576K->136575K(136576K), 0.2666660 secs] 198016K->150897K(198016K), [Perm : 9030K->9030K(21248K)], 0.2667090 secs] [Times: user=0.27 sys=0.00, real=0.26 secs] 
88.276: Total time for which application threads were stopped: 0.2667930 seconds, Stopping threads took: 0.0000120 seconds
88.339: Application time: 0.0625890 seconds
88.339: [Full GC88.339: [Tenured: 136575K->136575K(136576K), 0.2435510 secs] 198015K->156802K(198016K), [Perm : 9030K->9030K(21248K)], 0.2435940 secs] [Times: user=0.24 sys=0.00, real=0.25 secs] 
88.582: Total time for which application threads were stopped: 0.2436660 seconds, Stopping threads took: 0.0000130 seconds
88.644: Application time: 0.0613320 seconds
88.644: [Full GC88.644: [Tenured: 136575K->136575K(136576K), 0.2597500 secs] 198015K->156221K(198016K), [Perm : 9030K->9030K(21248K)], 0.2597930 secs] [Times: user=0.26 sys=0.00, real=0.26 secs] 
88.903: Total time for which application threads were stopped: 0.2598740 seconds, Stopping threads took: 0.0000130 seconds
88.967: Application time: 0.0638400 seconds
88.967: [Full GC88.967: [Tenured: 136575K->136576K(136576K), 0.2495860 secs] 198015K->148443K(198016K), [Perm : 9030K->9030K(21248K)], 0.2496290 secs] [Times: user=0.25 sys=0.00, real=0.25 secs] 
89.217: Total time for which application threads were stopped: 0.2497020 seconds, Stopping threads took: 0.0000130 seconds
89.281: Application time: 0.0644400 seconds
89.281: [Full GC89.281: [Tenured: 136576K->135967K(136576K), 0.2450420 secs] 198016K->135967K(198016K), [Perm : 9030K->9030K(21248K)], 0.2450840 secs] [Times: user=0.24 sys=0.00, real=0.24 secs] 
89.527: Total time for which application threads were stopped: 0.2451680 seconds, Stopping threads took: 0.0000130 seconds
89.558: Application time: 0.0315830 seconds
89.558: [GC89.558: [DefNew: 54656K->54656K(61440K), 0.0000100 secs]89.558: [Tenured: 135967K->136575K(136576K), 0.2095020 secs] 190623K->138337K(198016K), [Perm : 9030K->9030K(21248K)], 0.2095580 secs] [Times: user=0.21 sys=0.00, real=0.21 secs] 
89.768: Total time for which application threads were stopped: 0.2096970 seconds, Stopping threads took: 0.0000800 seconds
89.837: Application time: 0.0687680 seconds
89.837: [Full GC89.837: [Tenured: 136575K->130580K(136576K), 0.2232410 secs] 198015K->130580K(198016K), [Perm : 9030K->9030K(21248K)], 0.2232850 secs] [Times: user=0.22 sys=0.00, real=0.22 secs] 
90.060: Total time for which application threads were stopped: 0.2233690 seconds, Stopping threads took: 0.0000130 seconds
90.090: Application time: 0.0303120 seconds
90.090: [GC90.090: [DefNew: 54656K->54656K(61440K), 0.0000090 secs]90.090: [Tenured: 130580K->121850K(136576K), 0.2032940 secs] 185236K->121850K(198016K), [Perm : 9030K->9030K(21248K)], 0.2033470 secs] [Times: user=0.20 sys=0.00, real=0.20 secs] 
90.294: Total time for which application threads were stopped: 0.2034740 seconds, Stopping threads took: 0.0000610 seconds
90.323: Application time: 0.0295720 seconds
90.325: [GC90.325: [DefNew: 54656K->54656K(61440K), 0.0000100 secs]90.325: [Tenured: 121850K->98936K(136576K), 0.1660370 secs] 176506K->98936K(198016K), [Perm : 9030K->9030K(21248K)], 0.1660940 secs] [Times: user=0.17 sys=0.00, real=0.17 secs] 
90.491: Total time for which application threads were stopped: 0.1675760 seconds, Stopping threads took: 0.0014220 seconds
90.511: Application time: 0.0203830 seconds
90.511: [GC90.512: [DefNew: 54585K->6784K(61440K), 0.0193170 secs] 153521K->112117K(198016K), 0.0193580 secs] [Times: user=0.02 sys=0.00, real=0.02 secs] 
90.531: Total time for which application threads were stopped: 0.0195710 seconds, Stopping threads took: 0.0001400 seconds
90.546: Application time: 0.0150610 seconds
90.546: [GC90.546: [DefNew: 61440K->6783K(61440K), 0.0309230 secs] 166773K->128159K(198016K), 0.0309750 secs] [Times: user=0.03 sys=0.00, real=0.03 secs] 
90.577: Total time for which application threads were stopped: 0.0311140 seconds, Stopping threads took: 0.0000760 seconds
90.592: Application time: 0.0147960 seconds
90.593: [GC90.593: [DefNew: 61393K->61393K(61440K), 0.0000100 secs]90.593: [Tenured: 121375K->96330K(136576K), 0.1557670 secs] 182768K->96330K(198016K), [Perm : 9031K->9031K(21248K)], 0.1558250 secs] [Times: user=0.16 sys=0.00, real=0.15 secs] 
90.749: Total time for which application threads were stopped: 0.1568240 seconds, Stopping threads took: 0.0009350 seconds
90.762: Application time: 0.0134750 seconds
90.762: [GC90.762: [DefNew: 54557K->6784K(61440K), 0.0252870 secs] 150887K->115401K(198016K), 0.0253310 secs] [Times: user=0.02 sys=0.00, real=0.02 secs] 
90.788: Total time for which application threads were stopped: 0.0255410 seconds, Stopping threads took: 0.0001480 seconds
90.801: Application time: 0.0137580 seconds
90.803: [GC90.803: [DefNew: 61440K->6784K(61440K), 0.0263700 secs] 170057K->128281K(198016K), 0.0264110 secs] [Times: user=0.03 sys=0.00, real=0.03 secs] 
90.829: Total time for which application threads were stopped: 0.0275600 seconds, Stopping threads took: 0.0010880 seconds
90.850: Application time: 0.0210450 seconds
90.853: [GC90.853: [DefNew: 61440K->61440K(61440K), 0.0000090 secs]90.853: [Tenured: 121497K->136575K(136576K), 0.2376120 secs] 182937K->151103K(198016K), [Perm : 9031K->9031K(21248K)], 0.2376680 secs] [Times: user=0.24 sys=0.00, real=0.24 secs] 
91.090: Total time for which application threads were stopped: 0.2404240 seconds, Stopping threads took: 0.0026980 seconds
91.150: Application time: 0.0594490 seconds
91.150: [Full GC91.150: [Tenured: 136576K->136576K(136576K), 0.2802190 secs] 198016K->171148K(198016K), [Perm : 9031K->9031K(21248K)], 0.2802630 secs] [Times: user=0.28 sys=0.00, real=0.28 secs] 
91.430: Total time for which application threads were stopped: 0.2803470 seconds, Stopping threads took: 0.0000130 seconds
91.480: Application time: 0.0498400 seconds
91.480: [Full GC91.480: [Tenured: 136576K->136576K(136576K), 0.2961770 secs] 198016K->161037K(198016K), [Perm : 9031K->9031K(21248K)], 0.2962240 secs] [Times: user=0.29 sys=0.00, real=0.30 secs] 
91.776: Total time for which application threads were stopped: 0.2962990 seconds, Stopping threads took: 0.0000130 seconds
91.823: Application time: 0.0461160 seconds
91.823: [Full GC91.823: [Tenured: 136576K->136575K(136576K), 0.2778770 secs] 198015K->158429K(198016K), [Perm : 9031K->9031K(21248K)], 0.2779220 secs] [Times: user=0.28 sys=0.00, real=0.27 secs] 
92.101: Total time for which application threads were stopped: 0.2780060 seconds, Stopping threads took: 0.0000130 seconds
92.151: Application time: 0.0509280 seconds
92.152: [Full GC92.152: [Tenured: 136575K->136576K(136576K), 0.2827620 secs] 197976K->158995K(198016K), [Perm : 9031K->9031K(21248K)], 0.2828080 secs] [Times: user=0.29 sys=0.00, real=0.28 secs] 
92.434: Total time for which application threads were stopped: 0.2828880 seconds, Stopping threads took: 0.0000140 seconds
92.484: Application time: 0.0493860 seconds
92.484: [Full GC92.484: [Tenured: 136576K->136575K(136576K), 0.2729630 secs] 198015K->158968K(198016K), [Perm : 9031K->9031K(21248K)], 0.2730050 secs] [Times: user=0.27 sys=0.00, real=0.27 secs] 
92.757: Total time for which application threads were stopped: 0.2730980 seconds, Stopping threads took: 0.0000250 seconds
92.815: Application time: 0.0577450 seconds
92.815: [Full GC92.815: [Tenured: 136575K->136576K(136576K), 0.2740380 secs] 198015K->151979K(198016K), [Perm : 9031K->9031K(21248K)], 0.2740860 secs] [Times: user=0.27 sys=0.00, real=0.28 secs] 
93.089: Total time for which application threads were stopped: 0.2741560 seconds, Stopping threads took: 0.0000130 seconds
93.153: Application time: 0.0638900 seconds
93.153: [Full GC93.153: [Tenured: 136576K->136576K(136576K), 0.2491190 secs] 198016K->158093K(198016K), [Perm : 9031K->9031K(21248K)], 0.2491630 secs] [Times: user=0.25 sys=0.00, real=0.25 secs] 
93.402: Total time for which application threads were stopped: 0.2492580 seconds, Stopping threads took: 0.0000140 seconds
93.461: Application time: 0.0592400 seconds
93.461: [Full GC93.461: [Tenured: 136576K->136575K(136576K), 0.2578960 secs] 198015K->150691K(198016K), [Perm : 9031K->9031K(21248K)], 0.2579430 secs] [Times: user=0.26 sys=0.00, real=0.25 secs] 
93.719: Total time for which application threads were stopped: 0.2580150 seconds, Stopping threads took: 0.0000140 seconds
93.784: Application time: 0.0644110 seconds
93.784: [Full GC93.784: [Tenured: 136575K->136575K(136576K), 0.2432780 secs] 198015K->142992K(198016K), [Perm : 9031K->9031K(21248K)], 0.2433210 secs] [Times: user=0.24 sys=0.00, real=0.24 secs] 
94.027: Total time for which application threads were stopped: 0.2434040 seconds, Stopping threads took: 0.0000130 seconds
94.098: Application time: 0.0705870 seconds
94.098: [Full GC94.098: [Tenured: 136575K->133835K(136576K), 0.2470030 secs] 198015K->133835K(198016K), [Perm : 9031K->9031K(21248K)], 0.2470460 secs] [Times: user=0.25 sys=0.00, real=0.25 secs] 
94.345: Total time for which application threads were stopped: 0.2471290 seconds, Stopping threads took: 0.0000130 seconds
94.376: Application time: 0.0313240 seconds
94.376: [GC94.376: [DefNew: 54656K->54656K(61440K), 0.0000110 secs]94.376: [Tenured: 133835K->131789K(136576K), 0.2212970 secs] 188491K->131789K(198016K), [Perm : 9031K->9031K(21248K)], 0.2213560 secs] [Times: user=0.23 sys=0.00, real=0.22 secs] 
94.598: Total time for which application threads were stopped: 0.2215290 seconds, Stopping threads took: 0.0000960 seconds
94.625: Application time: 0.0278020 seconds
94.626: [GC94.626: [DefNew: 54656K->54656K(61440K), 0.0000090 secs]94.626: [Tenured: 131789K->126693K(136576K), 0.2125940 secs] 186445K->126693K(198016K), [Perm : 9031K->9031K(21248K)], 0.2126500 secs] [Times: user=0.21 sys=0.00, real=0.21 secs] 
94.838: Total time for which application threads were stopped: 0.2128390 seconds, Stopping threads took: 0.0001280 seconds
94.870: Application time: 0.0315390 seconds
94.870: [GC94.870: [DefNew: 54656K->54656K(61440K), 0.0000100 secs]94.870: [Tenured: 126693K->112096K(136576K), 0.1833960 secs] 181349K->112096K(198016K), [Perm : 9031K->9031K(21248K)], 0.1834540 secs] [Times: user=0.18 sys=0.00, real=0.18 secs] 
95.053: Total time for which application threads were stopped: 0.1835910 seconds, Stopping threads took: 0.0000770 seconds
95.079: Application time: 0.0259590 seconds
95.080: [GC95.080: [DefNew: 54656K->54656K(61440K), 0.0000100 secs]95.080: [Tenured: 112096K->74269K(136576K), 0.1261650 secs] 166752K->74269K(198016K), [Perm : 9031K->9031K(21248K)], 0.1262200 secs] [Times: user=0.13 sys=0.00, real=0.13 secs] 
95.206: Total time for which application threads were stopped: 0.1264440 seconds, Stopping threads took: 0.0001280 seconds
95.221: Application time: 0.0157440 seconds
95.225: [GC95.225: [DefNew: 54656K->6783K(61440K), 0.0267950 secs] 128925K->90987K(198016K), 0.0268360 secs] [Times: user=0.02 sys=0.00, real=0.03 secs] 
95.252: Total time for which application threads were stopped: 0.0303100 seconds, Stopping threads took: 0.0033880 seconds
95.266: Application time: 0.0143340 seconds
95.269: [GC95.269: [DefNew: 61407K->6784K(61440K), 0.0319590 secs] 145611K->109210K(198016K), 0.0320010 secs] [Times: user=0.03 sys=0.00, real=0.03 secs] 
95.301: Total time for which application threads were stopped: 0.0347010 seconds, Stopping threads took: 0.0026380 seconds
95.315: Application time: 0.0141210 seconds
95.315: [GC95.315: [DefNew: 61440K->6784K(61440K), 0.0322040 secs] 163866K->127310K(198016K), 0.0322490 secs] [Times: user=0.04 sys=0.00, real=0.03 secs] 
95.347: Total time for which application threads were stopped: 0.0324950 seconds, Stopping threads took: 0.0001610 seconds
95.361: Application time: 0.0135990 seconds
95.361: [GC95.361: [DefNew: 61440K->61440K(61440K), 0.0000100 secs] 181966K->181966K(198016K), 0.0000340 secs] [Times: user=0.00 sys=0.00, real=0.00 secs] 
95.361: [Full GC95.361: [Tenured: 120526K->120660K(136576K), 0.2039000 secs] 181966K->120660K(198016K), [Perm : 9031K->9031K(21248K)], 0.2039410 secs] [Times: user=0.20 sys=0.00, real=0.20 secs] 
95.565: Total time for which application threads were stopped: 0.2041230 seconds, Stopping threads took: 0.0000720 seconds
95.582: Application time: 0.0165370 seconds
95.582: [GC95.582: [DefNew: 54656K->54656K(61440K), 0.0000100 secs]95.582: [Tenured: 120660K->136575K(136576K), 0.2145870 secs] 175316K->140200K(198016K), [Perm : 9031K->9031K(21248K)], 0.2146450 secs] [Times: user=0.22 sys=0.00, real=0.21 secs] 
95.797: Total time for which application threads were stopped: 0.2148470 seconds, Stopping threads took: 0.0001090 seconds
95.858: Application time: 0.0618200 seconds
95.858: [Full GC95.858: [Tenured: 136575K->136575K(136576K), 0.2722630 secs] 198015K->166052K(198016K), [Perm : 9031K->9031K(21248K)], 0.2723060 secs] [Times: user=0.27 sys=0.00, real=0.28 secs] 
96.131: Total time for which application threads were stopped: 0.2723800 seconds, Stopping threads took: 0.0000120 seconds
96.177: Application time: 0.0461850 seconds
96.177: [Full GC96.177: [Tenured: 136575K->136575K(136576K), 0.3204700 secs] 198015K->162164K(198016K), [Perm : 9031K->9031K(21248K)], 0.3205250 secs] [Times: user=0.32 sys=0.00, real=0.32 secs] 
96.498: Total time for which application threads were stopped: 0.3206230 seconds, Stopping threads took: 0.0000140 seconds
96.544: Application time: 0.0468160 seconds
96.545: [Full GC96.545: [Tenured: 136576K->136575K(136576K), 0.2794270 secs] 198015K->158511K(198016K), [Perm : 9031K->9031K(21248K)], 0.2794730 secs] [Times: user=0.27 sys=0.00, real=0.28 secs] 
96.824: Total time for which application threads were stopped: 0.2795930 seconds, Stopping threads took: 0.0000140 seconds
96.870: Application time: 0.0458560 seconds
96.870: [Full GC96.870: [Tenured: 136575K->136575K(136576K), 0.2773700 secs] 197990K->159523K(198016K), [Perm : 9031K->9031K(21248K)], 0.2774150 secs] [Times: user=0.28 sys=0.00, real=0.27 secs] 
97.147: Total time for which application threads were stopped: 0.2774970 seconds, Stopping threads took: 0.0000130 seconds
97.198: Application time: 0.0506590 seconds
97.198: [Full GC97.198: [Tenured: 136576K->136575K(136576K), 0.2819820 secs] 198016K->160832K(198016K), [Perm : 9031K->9031K(21248K)], 0.2820270 secs] [Times: user=0.28 sys=0.00, real=0.28 secs] 
97.480: Total time for which application threads were stopped: 0.2820970 seconds, Stopping threads took: 0.0000130 seconds
97.530: Application time: 0.0499120 seconds
97.530: [Full GC97.530: [Tenured: 136576K->136575K(136576K), 0.2825570 secs] 198016K->153191K(198016K), [Perm : 9031K->9031K(21248K)], 0.2826040 secs] [Times: user=0.28 sys=0.00, real=0.28 secs] 
97.813: Total time for which application threads were stopped: 0.2826990 seconds, Stopping threads took: 0.0000130 seconds
97.874: Application time: 0.0613190 seconds
97.874: [Full GC97.874: [Tenured: 136576K->136576K(136576K), 0.2520800 secs] 198015K->158699K(198016K), [Perm : 9033K->9033K(21248K)], 0.2521240 secs] [Times: user=0.25 sys=0.00, real=0.25 secs] 
98.126: Total time for which application threads were stopped: 0.2521930 seconds, Stopping threads took: 0.0000130 seconds
98.190: Application time: 0.0642410 seconds
98.191: [Full GC98.191: [Tenured: 136576K->136576K(136576K), 0.2642850 secs] 198016K->152195K(198016K), [Perm : 9033K->9033K(21248K)], 0.2643310 secs] [Times: user=0.26 sys=0.00, real=0.26 secs] 
98.455: Total time for which application threads were stopped: 0.2644140 seconds, Stopping threads took: 0.0000120 seconds
98.520: Application time: 0.0649850 seconds
98.520: [Full GC98.520: [Tenured: 136576K->136575K(136576K), 0.2494620 secs] 198016K->144987K(198016K), [Perm : 9033K->9033K(21248K)], 0.2495080 secs] [Times: user=0.25 sys=0.00, real=0.26 secs] 
98.769: Total time for which application threads were stopped: 0.2495830 seconds, Stopping threads took: 0.0000130 seconds
98.837: Application time: 0.0677890 seconds
98.837: [Full GC98.837: [Tenured: 136575K->134116K(136576K), 0.2501900 secs] 198015K->134116K(198016K), [Perm : 9033K->9033K(21248K)], 0.2502350 secs] [Times: user=0.25 sys=0.00, real=0.25 secs] 
99.088: Total time for which application threads were stopped: 0.2503300 seconds, Stopping threads took: 0.0000130 seconds
99.119: Application time: 0.0316900 seconds
99.119: [GC99.119: [DefNew: 54656K->54656K(61440K), 0.0000090 secs]99.119: [Tenured: 134116K->134329K(136576K), 0.2125110 secs] 188772K->134329K(198016K), [Perm : 9033K->9033K(21248K)], 0.2125670 secs] [Times: user=0.22 sys=0.00, real=0.22 secs] 
99.332: Total time for which application threads were stopped: 0.2126920 seconds, Stopping threads took: 0.0000610 seconds
99.360: Application time: 0.0284540 seconds
99.361: [GC99.361: [DefNew: 54656K->54656K(61440K), 0.0000100 secs]99.361: [Tenured: 134329K->127761K(136576K), 0.2154870 secs] 188985K->127761K(198016K), [Perm : 9033K->9033K(21248K)], 0.2155480 secs] [Times: user=0.22 sys=0.00, real=0.22 secs] 
99.576: Total time for which application threads were stopped: 0.2157040 seconds, Stopping threads took: 0.0000840 seconds
99.605: Application time: 0.0292700 seconds
99.606: [GC99.606: [DefNew: 54656K->54656K(61440K), 0.0000100 secs]99.606: [Tenured: 127761K->116006K(136576K), 0.1923130 secs] 182417K->116006K(198016K), [Perm : 9033K->9033K(21248K)], 0.1923710 secs] [Times: user=0.20 sys=0.00, real=0.19 secs] 
99.798: Total time for which application threads were stopped: 0.1925610 seconds, Stopping threads took: 0.0001280 seconds
99.826: Application time: 0.0277260 seconds
99.826: [GC99.826: [DefNew: 54656K->54656K(61440K), 0.0000100 secs]99.826: [Tenured: 116006K->86503K(136576K), 0.1442700 secs] 170662K->86503K(198016K), [Perm : 9033K->9033K(21248K)], 0.1443220 secs] [Times: user=0.15 sys=0.00, real=0.15 secs] 
99.970: Total time for which application threads were stopped: 0.1444780 seconds, Stopping threads took: 0.0000940 seconds
99.987: Application time: 0.0168630 seconds
99.989: [GC99.989: [DefNew: 54656K->6783K(61440K), 0.0223850 secs] 141159K->102299K(198016K), 0.0224220 secs] [Times: user=0.02 sys=0.00, real=0.02 secs] 
100.011: Total time for which application threads were stopped: 0.0242050 seconds, Stopping threads took: 0.0017070 seconds
100.027: Application time: 0.0158000 seconds
100.027: [GC100.027: [DefNew: 61439K->6784K(61440K), 0.0308180 secs] 156955K->118703K(198016K), 0.0308600 secs] [Times: user=0.03 sys=0.00, real=0.03 secs] 
100.058: Total time for which application threads were stopped: 0.0310820 seconds, Stopping threads took: 0.0001430 seconds
100.072: Application time: 0.0141290 seconds
100.077: [GC100.077: [DefNew: 61440K->61440K(61440K), 0.0000100 secs]100.077: [Tenured: 111919K->103003K(136576K), 0.1575510 secs] 173359K->103003K(198016K), [Perm : 9033K->9033K(21248K)], 0.1576040 secs] [Times: user=0.16 sys=0.00, real=0.16 secs] 
100.234: Total time for which application threads were stopped: 0.1621440 seconds, Stopping threads took: 0.0044780 seconds
100.248: Application time: 0.0138490 seconds
100.248: [GC100.248: [DefNew: 54656K->6784K(61440K), 0.0266930 secs] 157659K->118896K(198016K), 0.0267350 secs] [Times: user=0.03 sys=0.00, real=0.03 secs] 
100.275: Total time for which application threads were stopped: 0.0269100 seconds, Stopping threads took: 0.0001100 seconds
100.293: Application time: 0.0175310 seconds
100.294: [GC100.294: [DefNew: 61440K->61440K(61440K), 0.0000100 secs]100.294: [Tenured: 112112K->136575K(136576K), 0.2424550 secs] 173552K->139728K(198016K), [Perm : 9033K->9033K(21248K)], 0.2425180 secs] [Times: user=0.24 sys=0.00, real=0.24 secs] 
100.537: Total time for which application threads were stopped: 0.2439880 seconds, Stopping threads took: 0.0013930 seconds
100.592: Application time: 0.0551940 seconds
100.592: [Full GC100.592: [Tenured: 136575K->136575K(136576K), 0.2570110 secs] 198015K->161597K(198016K), [Perm : 9033K->9033K(21248K)], 0.2570540 secs] [Times: user=0.25 sys=0.00, real=0.26 secs] 
100.849: Total time for which application threads were stopped: 0.2571390 seconds, Stopping threads took: 0.0000120 seconds
100.903: Application time: 0.0536000 seconds
100.903: [Full GC100.903: [Tenured: 136575K->136575K(136576K), 0.3023650 secs] 198015K->161250K(198016K), [Perm : 9033K->9033K(21248K)], 0.3024240 secs] [Times: user=0.30 sys=0.00, real=0.30 secs] 
101.205: Total time for which application threads were stopped: 0.3025000 seconds, Stopping threads took: 0.0000130 seconds
101.255: Application time: 0.0500620 seconds
101.255: [Full GC101.255: [Tenured: 136575K->136575K(136576K), 0.2755420 secs] 198015K->160468K(198016K), [Perm : 9033K->9033K(21248K)], 0.2755920 secs] [Times: user=0.28 sys=0.00, real=0.28 secs] 
101.531: Total time for which application threads were stopped: 0.2756850 seconds, Stopping threads took: 0.0000140 seconds
101.585: Application time: 0.0539920 seconds
101.585: [Full GC101.585: [Tenured: 136576K->136575K(136576K), 0.2722430 secs] 198016K->159825K(198016K), [Perm : 9033K->9033K(21248K)], 0.2722860 secs] [Times: user=0.27 sys=0.00, real=0.27 secs] 
101.857: Total time for which application threads were stopped: 0.2723610 seconds, Stopping threads took: 0.0000140 seconds
101.908: Application time: 0.0502540 seconds
101.908: [Full GC101.908: [Tenured: 136575K->136576K(136576K), 0.2717960 secs] 197963K->160035K(198016K), [Perm : 9033K->9033K(21248K)], 0.2718430 secs] [Times: user=0.27 sys=0.00, real=0.27 secs] 
102.179: Total time for which application threads were stopped: 0.2719240 seconds, Stopping threads took: 0.0000120 seconds
102.222: Application time: 0.0422990 seconds
102.222: [Full GC102.222: [Tenured: 136576K->136575K(136576K), 0.2776590 secs] 198016K->153822K(198016K), [Perm : 9033K->9033K(21248K)], 0.2777030 secs] [Times: user=0.28 sys=0.00, real=0.27 secs] 
102.500: Total time for which application threads were stopped: 0.2777740 seconds, Stopping threads took: 0.0000130 seconds
102.559: Application time: 0.0594410 seconds
102.559: [Full GC102.559: [Tenured: 136576K->136576K(136576K), 0.2516900 secs] 198016K->159235K(198016K), [Perm : 9033K->9033K(21248K)], 0.2517350 secs] [Times: user=0.25 sys=0.00, real=0.26 secs] 
102.811: Total time for which application threads were stopped: 0.2518190 seconds, Stopping threads took: 0.0000130 seconds
102.870: Application time: 0.0596430 seconds
102.870: [Full GC102.870: [Tenured: 136576K->136575K(136576K), 0.2574790 secs] 198015K->153928K(198016K), [Perm : 9033K->9033K(21248K)], 0.2575250 secs] [Times: user=0.26 sys=0.00, real=0.25 secs] 
103.128: Total time for which application threads were stopped: 0.2575970 seconds, Stopping threads took: 0.0000120 seconds
103.189: Application time: 0.0608130 seconds
103.189: [Full GC103.189: [Tenured: 136576K->136575K(136576K), 0.2498890 secs] 198015K->146618K(198016K), [Perm : 9033K->9033K(21248K)], 0.2499350 secs] [Times: user=0.25 sys=0.00, real=0.24 secs] 
103.439: Total time for which application threads were stopped: 0.2500230 seconds, Stopping threads took: 0.0000140 seconds
103.506: Application time: 0.0671660 seconds
103.506: [Full GC103.506: [Tenured: 136576K->134800K(136576K), 0.2485330 secs] 198016K->134800K(198016K), [Perm : 9033K->9033K(21248K)], 0.2485770 secs] [Times: user=0.25 sys=0.00, real=0.25 secs] 
103.755: Total time for which application threads were stopped: 0.2486500 seconds, Stopping threads took: 0.0000130 seconds
103.787: Application time: 0.0322390 seconds
103.787: [GC103.787: [DefNew: 54656K->54656K(61440K), 0.0000100 secs]103.787: [Tenured: 134800K->136113K(136576K), 0.2116260 secs] 189456K->136113K(198016K), [Perm : 9033K->9033K(21248K)], 0.2116840 secs] [Times: user=0.21 sys=0.00, real=0.21 secs] 
103.999: Total time for which application threads were stopped: 0.2118400 seconds, Stopping threads took: 0.0000850 seconds
104.028: Application time: 0.0291730 seconds
104.028: [GC104.028: [DefNew: 54656K->54656K(61440K), 0.0000100 secs]104.028: [Tenured: 136113K->129093K(136576K), 0.2204980 secs] 190769K->129093K(198016K), [Perm : 9033K->9033K(21248K)], 0.2205570 secs] [Times: user=0.22 sys=0.00, real=0.22 secs] 
104.249: Total time for which application threads were stopped: 0.2207350 seconds, Stopping threads took: 0.0001160 seconds
104.276: Application time: 0.0278180 seconds
104.277: [GC104.277: [DefNew: 54656K->54656K(61440K), 0.0000090 secs]104.277: [Tenured: 129093K->118703K(136576K), 0.1968550 secs] 183749K->118703K(198016K), [Perm : 9033K->9033K(21248K)], 0.1969190 secs] [Times: user=0.20 sys=0.00, real=0.20 secs] 
104.474: Total time for which application threads were stopped: 0.1970660 seconds, Stopping threads took: 0.0000870 seconds
104.502: Application time: 0.0282530 seconds
104.502: [GC104.502: [DefNew: 54656K->54656K(61440K), 0.0000100 secs]104.502: [Tenured: 118703K->85811K(136576K), 0.1414550 secs] 173359K->85811K(198016K), [Perm : 9033K->9033K(21248K)], 0.1415100 secs] [Times: user=0.15 sys=0.00, real=0.14 secs] 
104.644: Total time for which application threads were stopped: 0.1416830 seconds, Stopping threads took: 0.0000960 seconds
104.662: Application time: 0.0186110 seconds
104.662: [GC104.662: [DefNew: 54656K->6783K(61440K), 0.0230100 secs] 140467K->99971K(198016K), 0.0230500 secs] [Times: user=0.03 sys=0.00, real=0.02 secs] 
104.685: Total time for which application threads were stopped: 0.0232270 seconds, Stopping threads took: 0.0001130 seconds
104.702: Application time: 0.0162780 seconds
104.702: [GC104.702: [DefNew: 61380K->6784K(61440K), 0.0370230 secs] 154568K->116030K(198016K), 0.0370660 secs] [Times: user=0.03 sys=0.00, real=0.03 secs] 
104.739: Total time for which application threads were stopped: 0.0372450 seconds, Stopping threads took: 0.0001170 seconds
104.755: Application time: 0.0157220 seconds
104.755: [GC104.755: [DefNew: 61440K->61440K(61440K), 0.0000090 secs]104.755: [Tenured: 109246K->107599K(136576K), 0.1615010 secs] 170686K->107599K(198016K), [Perm : 9033K->9033K(21248K)], 0.1615550 secs] [Times: user=0.16 sys=0.00, real=0.16 secs] 
104.916: Total time for which application threads were stopped: 0.1616730 seconds, Stopping threads took: 0.0000570 seconds
104.931: Application time: 0.0148850 seconds
104.931: [GC104.931: [DefNew: 54656K->6784K(61440K), 0.0322070 secs] 162255K->125746K(198016K), 0.0322500 secs] [Times: user=0.04 sys=0.00, real=0.03 secs] 
104.964: Total time for which application threads were stopped: 0.0324510 seconds, Stopping threads took: 0.0001150 seconds
104.981: Application time: 0.0172530 seconds
104.981: [GC104.981: [DefNew: 61440K->61440K(61440K), 0.0000090 secs]104.981: [Tenured: 118962K->134775K(136576K), 0.2347820 secs] 180402K->134775K(198016K), [Perm : 9033K->9033K(21248K)], 0.2348420 secs] [Times: user=0.24 sys=0.00, real=0.23 secs] 
105.216: Total time for which application threads were stopped: 0.2350180 seconds, Stopping threads took: 0.0000940 seconds
105.235: Application time: 0.0190180 seconds
105.235: [GC105.235: [DefNew: 54656K->54656K(61440K), 0.0000100 secs]105.235: [Tenured: 134775K->136575K(136576K), 0.2373380 secs] 189431K->155924K(198016K), [Perm : 9033K->9033K(21248K)], 0.2373970 secs] [Times: user=0.24 sys=0.00, real=0.24 secs] 
105.473: Total time for which application threads were stopped: 0.2376180 seconds, Stopping threads took: 0.0001260 seconds
105.526: Application time: 0.0530460 seconds
105.526: [Full GC105.526: [Tenured: 136575K->136575K(136576K), 0.2796310 secs] 198015K->155564K(198016K), [Perm : 9033K->9033K(21248K)], 0.2796750 secs] [Times: user=0.28 sys=0.00, real=0.28 secs] 
105.805: Total time for which application threads were stopped: 0.2797490 seconds, Stopping threads took: 0.0000120 seconds
105.856: Application time: 0.0511300 seconds
105.857: [Full GC105.857: [Tenured: 136575K->136576K(136576K), 0.2695970 secs] 198015K->159585K(198016K), [Perm : 9034K->9034K(21248K)], 0.2696410 secs] [Times: user=0.27 sys=0.00, real=0.27 secs] 
106.126: Total time for which application threads were stopped: 0.2697220 seconds, Stopping threads took: 0.0000130 seconds
106.177: Application time: 0.0511310 seconds
106.177: [Full GC106.177: [Tenured: 136576K->136575K(136576K), 0.2743710 secs] 198015K->162477K(198016K), [Perm : 9034K->9034K(21248K)], 0.2744190 secs] [Times: user=0.27 sys=0.00, real=0.28 secs] 
106.452: Total time for which application threads were stopped: 0.2744920 seconds, Stopping threads took: 0.0000140 seconds
106.497: Application time: 0.0455210 seconds
106.497: [Full GC106.497: [Tenured: 136575K->136575K(136576K), 0.2788710 secs] 198015K->160739K(198016K), [Perm : 9034K->9034K(21248K)], 0.2789240 secs] [Times: user=0.28 sys=0.00, real=0.28 secs] 
106.776: Total time for which application threads were stopped: 0.2790080 seconds, Stopping threads took: 0.0000130 seconds
106.831: Application time: 0.0546030 seconds
106.831: [Full GC106.831: [Tenured: 136575K->136575K(136576K), 0.2724940 secs] 198007K->152716K(198016K), [Perm : 9034K->9034K(21248K)], 0.2725390 secs] [Times: user=0.27 sys=0.00, real=0.27 secs] 
107.104: Total time for which application threads were stopped: 0.2726100 seconds, Stopping threads took: 0.0000130 seconds
107.165: Application time: 0.0617430 seconds
107.165: [Full GC107.165: [Tenured: 136576K->136576K(136576K), 0.2430080 secs] 198015K->157703K(198016K), [Perm : 9034K->9034K(21248K)], 0.2430540 secs] [Times: user=0.25 sys=0.00, real=0.24 secs] 
107.408: Total time for which application threads were stopped: 0.2431400 seconds, Stopping threads took: 0.0000130 seconds
107.470: Application time: 0.0614580 seconds
107.470: [Full GC107.470: [Tenured: 136576K->136575K(136576K), 0.2620040 secs] 198016K->156283K(198016K), [Perm : 9034K->9034K(21248K)], 0.2620480 secs] [Times: user=0.26 sys=0.00, real=0.26 secs] 
107.732: Total time for which application threads were stopped: 0.2621210 seconds, Stopping threads took: 0.0000130 seconds
107.792: Application time: 0.0598520 seconds
107.792: [Full GC107.792: [Tenured: 136575K->136575K(136576K), 0.2514980 secs] 198015K->148786K(198016K), [Perm : 9034K->9034K(21248K)], 0.2515430 secs] [Times: user=0.25 sys=0.00, real=0.25 secs] 
108.044: Total time for which application threads were stopped: 0.2516240 seconds, Stopping threads took: 0.0000120 seconds
108.112: Application time: 0.0686240 seconds
108.112: [Full GC108.112: [Tenured: 136576K->136564K(136576K), 0.2512510 secs] 198016K->136564K(198016K), [Perm : 9034K->9034K(21248K)], 0.2512940 secs] [Times: user=0.25 sys=0.00, real=0.25 secs] 
108.363: Total time for which application threads were stopped: 0.2513650 seconds, Stopping threads took: 0.0000130 seconds
108.393: Application time: 0.0298000 seconds
108.393: [GC108.393: [DefNew: 54656K->54656K(61440K), 0.0000100 secs]108.393: [Tenured: 136564K->136576K(136576K), 0.2125630 secs] 191220K->137257K(198016K), [Perm : 9034K->9034K(21248K)], 0.2126200 secs] [Times: user=0.21 sys=0.00, real=0.21 secs] 
108.606: Total time for which application threads were stopped: 0.2127820 seconds, Stopping threads took: 0.0000890 seconds
108.678: Application time: 0.0719510 seconds
108.678: [Full GC108.678: [Tenured: 136576K->129644K(136576K), 0.2197470 secs] 198015K->129644K(198016K), [Perm : 9034K->9034K(21248K)], 0.2197910 secs] [Times: user=0.22 sys=0.00, real=0.22 secs] 
108.898: Total time for which application threads were stopped: 0.2198750 seconds, Stopping threads took: 0.0000230 seconds
108.926: Application time: 0.0279090 seconds
108.926: [GC108.926: [DefNew: 54656K->54656K(61440K), 0.0000090 secs]108.926: [Tenured: 129644K->119281K(136576K), 0.1942690 secs] 184300K->119281K(198016K), [Perm : 9035K->9035K(21248K)], 0.1943280 secs] [Times: user=0.19 sys=0.00, real=0.19 secs] 
109.120: Total time for which application threads were stopped: 0.1944870 seconds, Stopping threads took: 0.0000830 seconds
109.148: Application time: 0.0280160 seconds
109.149: [GC109.149: [DefNew: 54656K->54656K(61440K), 0.0000090 secs]109.149: [Tenured: 119281K->90527K(136576K), 0.1483510 secs] 173937K->90527K(198016K), [Perm : 9035K->9035K(21248K)], 0.1484060 secs] [Times: user=0.15 sys=0.00, real=0.15 secs] 
109.297: Total time for which application threads were stopped: 0.1486950 seconds, Stopping threads took: 0.0002280 seconds
109.316: Application time: 0.0189520 seconds
109.317: [GC109.317: [DefNew: 54656K->6783K(61440K), 0.0219820 secs] 145183K->104766K(198016K), 0.0220200 secs] [Times: user=0.02 sys=0.00, real=0.02 secs] 
109.339: Total time for which application threads were stopped: 0.0229220 seconds, Stopping threads took: 0.0008290 seconds
109.356: Application time: 0.0166640 seconds
109.356: [GC109.356: [DefNew: 61439K->6783K(61440K), 0.0326830 secs] 159422K->121391K(198016K), 0.0327250 secs] [Times: user=0.03 sys=0.00, real=0.03 secs] 
109.388: Total time for which application threads were stopped: 0.0328800 seconds, Stopping threads took: 0.0000920 seconds
109.403: Application time: 0.0150330 seconds
109.404: [GC109.404: [DefNew: 61439K->61439K(61440K), 0.0000100 secs]109.404: [Tenured: 114607K->98437K(136576K), 0.1516670 secs] 176047K->98437K(198016K), [Perm : 9035K->9035K(21248K)], 0.1517240 secs] [Times: user=0.16 sys=0.00, real=0.15 secs] 
109.555: Total time for which application threads were stopped: 0.1518430 seconds, Stopping threads took: 0.0000570 seconds
109.570: Application time: 0.0148670 seconds
109.570: [GC109.570: [DefNew: 54656K->6784K(61440K), 0.0269270 secs] 153093K->116618K(198016K), 0.0269680 secs] [Times: user=0.03 sys=0.00, real=0.02 secs] 
109.597: Total time for which application threads were stopped: 0.0271780 seconds, Stopping threads took: 0.0001330 seconds
109.614: Application time: 0.0169640 seconds
109.617: [GC109.617: [DefNew: 61440K->61440K(61440K), 0.0000100 secs]109.617: [Tenured: 109834K->135258K(136576K), 0.2000630 secs] 171274K->135258K(198016K), [Perm : 9037K->9037K(21248K)], 0.2001160 secs] [Times: user=0.20 sys=0.00, real=0.20 secs] 
109.817: Total time for which application threads were stopped: 0.2026380 seconds, Stopping threads took: 0.0024610 seconds
109.835: Application time: 0.0184630 seconds
109.836: [GC109.836: [DefNew: 54656K->54656K(61440K), 0.0000100 secs]109.836: [Tenured: 135258K->136575K(136576K), 0.2343220 secs] 189914K->156116K(198016K), [Perm : 9037K->9037K(21248K)], 0.2343810 secs] [Times: user=0.23 sys=0.00, real=0.24 secs] 
110.070: Total time for which application threads were stopped: 0.2345250 seconds, Stopping threads took: 0.0000820 seconds
110.123: Application time: 0.0527560 seconds
110.123: [Full GC110.123: [Tenured: 136576K->136575K(136576K), 0.2847360 secs] 198015K->158419K(198016K), [Perm : 9037K->9037K(21248K)], 0.2847820 secs] [Times: user=0.28 sys=0.00, real=0.28 secs] 
110.408: Total time for which application threads were stopped: 0.2848690 seconds, Stopping threads took: 0.0000130 seconds
110.462: Application time: 0.0543710 seconds
110.462: [Full GC110.462: [Tenured: 136575K->136575K(136576K), 0.2604660 secs] 198015K->166491K(198016K), [Perm : 9037K->9037K(21248K)], 0.2605100 secs] [Times: user=0.26 sys=0.00, real=0.26 secs] 
110.723: Total time for which application threads were stopped: 0.2605810 seconds, Stopping threads took: 0.0000130 seconds
110.776: Application time: 0.0529820 seconds
110.776: [Full GC110.776: [Tenured: 136575K->136575K(136576K), 0.2722040 secs] 198015K->150657K(198016K), [Perm : 9037K->9037K(21248K)], 0.2722500 secs] [Times: user=0.27 sys=0.00, real=0.27 secs] 
111.048: Total time for which application threads were stopped: 0.2723320 seconds, Stopping threads took: 0.0000120 seconds
111.103: Application time: 0.0555430 seconds
111.103: [Full GC111.103: [Tenured: 136576K->136576K(136576K), 0.2382560 secs] 198015K->155854K(198016K), [Perm : 9037K->9037K(21248K)], 0.2382990 secs] [Times: user=0.23 sys=0.00, real=0.24 secs] 
111.342: Total time for which application threads were stopped: 0.2383710 seconds, Stopping threads took: 0.0000130 seconds
111.392: Application time: 0.0503150 seconds
111.392: [Full GC111.392: [Tenured: 136576K->136575K(136576K), 0.2740080 secs] 198016K->151951K(198016K), [Perm : 9037K->9037K(21248K)], 0.2740530 secs] [Times: user=0.27 sys=0.00, real=0.27 secs] 
111.666: Total time for which application threads were stopped: 0.2741380 seconds, Stopping threads took: 0.0000130 seconds
111.728: Application time: 0.0619080 seconds
111.728: [Full GC111.728: [Tenured: 136575K->136575K(136576K), 0.2441360 secs] 198015K->157340K(198016K), [Perm : 9037K->9037K(21248K)], 0.2441810 secs] [Times: user=0.24 sys=0.00, real=0.25 secs] 
111.972: Total time for which application threads were stopped: 0.2442610 seconds, Stopping threads took: 0.0000130 seconds
112.034: Application time: 0.0620580 seconds
112.035: [Full GC112.035: [Tenured: 136575K->136575K(136576K), 0.2610120 secs] 198015K->154461K(198016K), [Perm : 9037K->9037K(21248K)], 0.2610540 secs] [Times: user=0.26 sys=0.00, real=0.26 secs] 
112.296: Total time for which application threads were stopped: 0.2611400 seconds, Stopping threads took: 0.0000130 seconds
112.358: Application time: 0.0626660 seconds
112.358: [Full GC112.358: [Tenured: 136575K->136575K(136576K), 0.2489870 secs] 198015K->146989K(198016K), [Perm : 9037K->9037K(21248K)], 0.2490390 secs] [Times: user=0.25 sys=0.00, real=0.26 secs] 
112.609: Total time for which application threads were stopped: 0.2505620 seconds, Stopping threads took: 0.0000130 seconds
112.675: Application time: 0.0657610 seconds
112.675: [Full GC112.675: [Tenured: 136575K->135292K(136576K), 0.2490200 secs] 198015K->135292K(198016K), [Perm : 9037K->9037K(21248K)], 0.2490650 secs] [Times: user=0.25 sys=0.00, real=0.25 secs] 
112.924: Total time for which application threads were stopped: 0.2491460 seconds, Stopping threads took: 0.0000130 seconds
112.954: Application time: 0.0303530 seconds
112.957: [GC112.957: [DefNew: 54656K->54656K(61440K), 0.0000100 secs]112.957: [Tenured: 135292K->136575K(136576K), 0.2445770 secs] 189948K->136673K(198016K), [Perm : 9037K->9037K(21248K)], 0.2446350 secs] [Times: user=0.24 sys=0.00, real=0.25 secs] 
113.201: Total time for which application threads were stopped: 0.2473470 seconds, Stopping threads took: 0.0026460 seconds
113.272: Application time: 0.0703860 seconds
113.272: [Full GC113.272: [Tenured: 136576K->128043K(136576K), 0.2173900 secs] 198016K->128043K(198016K), [Perm : 9037K->9037K(21248K)], 0.2174340 secs] [Times: user=0.22 sys=0.00, real=0.22 secs] 
113.489: Total time for which application threads were stopped: 0.2175180 seconds, Stopping threads took: 0.0000130 seconds
113.518: Application time: 0.0289570 seconds
113.518: [GC113.518: [DefNew: 54656K->54656K(61440K), 0.0000100 secs]113.518: [Tenured: 128043K->117527K(136576K), 0.1921830 secs] 182699K->117527K(198016K), [Perm : 9037K->9037K(21248K)], 0.1922400 secs] [Times: user=0.20 sys=0.00, real=0.20 secs] 
113.711: Total time for which application threads were stopped: 0.1923910 seconds, Stopping threads took: 0.0000900 seconds
113.738: Application time: 0.0270520 seconds
113.740: [GC113.740: [DefNew: 54656K->54656K(61440K), 0.0000090 secs]113.740: [Tenured: 117527K->88676K(136576K), 0.1440090 secs] 172183K->88676K(198016K), [Perm : 9037K->9037K(21248K)], 0.1440660 secs] [Times: user=0.15 sys=0.00, real=0.15 secs] 
113.885: Total time for which application threads were stopped: 0.1467300 seconds, Stopping threads took: 0.0026030 seconds
113.905: Application time: 0.0205110 seconds
113.906: [GC113.906: [DefNew: 54656K->6784K(61440K), 0.0256910 secs] 143332K->103259K(198016K), 0.0257330 secs] [Times: user=0.03 sys=0.00, real=0.03 secs] 
113.932: Total time for which application threads were stopped: 0.0264930 seconds, Stopping threads took: 0.0006570 seconds
113.949: Application time: 0.0171910 seconds
113.953: [GC113.953: [DefNew: 61440K->6784K(61440K), 0.0327180 secs] 157915K->119396K(198016K), 0.0327610 secs] [Times: user=0.04 sys=0.00, real=0.03 secs] 
113.986: Total time for which application threads were stopped: 0.0369680 seconds, Stopping threads took: 0.0041210 seconds
114.000: Application time: 0.0144820 seconds
114.000: [GC114.000: [DefNew: 61440K->61440K(61440K), 0.0000090 secs]114.000: [Tenured: 112612K->100160K(136576K), 0.1551380 secs] 174052K->100160K(198016K), [Perm : 9038K->9038K(21248K)], 0.1551970 secs] [Times: user=0.16 sys=0.00, real=0.16 secs] 
114.156: Total time for which application threads were stopped: 0.1553270 seconds, Stopping threads took: 0.0000660 seconds
114.170: Application time: 0.0141330 seconds
114.170: [GC114.170: [DefNew: 54656K->6783K(61440K), 0.0292260 secs] 154816K->116952K(198016K), 0.0292700 secs] [Times: user=0.03 sys=0.00, real=0.02 secs] 
114.199: Total time for which application threads were stopped: 0.0294640 seconds, Stopping threads took: 0.0001220 seconds
114.216: Application time: 0.0173170 seconds
114.217: [GC114.217: [DefNew: 61439K->61439K(61440K), 0.0000100 secs]114.217: [Tenured: 110168K->136575K(136576K), 0.2072620 secs] 171608K->137685K(198016K), [Perm : 9038K->9038K(21248K)], 0.2073220 secs] [Times: user=0.20 sys=0.00, real=0.21 secs] 
114.424: Total time for which application threads were stopped: 0.2074860 seconds, Stopping threads took: 0.0000800 seconds
114.474: Application time: 0.0498560 seconds
114.474: [Full GC114.474: [Tenured: 136575K->136575K(136576K), 0.2461200 secs] 198015K->158801K(198016K), [Perm : 9038K->9038K(21248K)], 0.2461660 secs] [Times: user=0.24 sys=0.00, real=0.24 secs] 
114.720: Total time for which application threads were stopped: 0.2462490 seconds, Stopping threads took: 0.0000120 seconds
114.775: Application time: 0.0547580 seconds
114.775: [Full GC114.775: [Tenured: 136575K->136575K(136576K), 0.2945170 secs] 198015K->160197K(198016K), [Perm : 9038K->9038K(21248K)], 0.2945630 secs] [Times: user=0.29 sys=0.00, real=0.30 secs] 
115.069: Total time for which application threads were stopped: 0.2946400 seconds, Stopping threads took: 0.0000130 seconds
115.131: Application time: 0.0611390 seconds
115.131: [Full GC115.131: [Tenured: 136575K->136575K(136576K), 0.2587430 secs] 198015K->164174K(198016K), [Perm : 9038K->9038K(21248K)], 0.2587860 secs] [Times: user=0.26 sys=0.00, real=0.26 secs] 
115.389: Total time for which application threads were stopped: 0.2588700 seconds, Stopping threads took: 0.0000140 seconds
115.439: Application time: 0.0500050 seconds
115.439: [Full GC115.440: [Tenured: 136575K->136575K(136576K), 0.2730440 secs] 198015K->157512K(198016K), [Perm : 9038K->9038K(21248K)], 0.2730900 secs] [Times: user=0.27 sys=0.00, real=0.28 secs] 
115.713: Total time for which application threads were stopped: 0.2731630 seconds, Stopping threads took: 0.0000140 seconds
115.764: Application time: 0.0517940 seconds
115.764: [Full GC115.764: [Tenured: 136575K->136575K(136576K), 0.2690370 secs] 198015K->157327K(198016K), [Perm : 9038K->9038K(21248K)], 0.2690800 secs] [Times: user=0.27 sys=0.00, real=0.27 secs] 
116.034: Total time for which application threads were stopped: 0.2691730 seconds, Stopping threads took: 0.0000230 seconds
116.085: Application time: 0.0515130 seconds
116.085: [Full GC116.085: [Tenured: 136575K->136575K(136576K), 0.2749260 secs] 198015K->151887K(198016K), [Perm : 9038K->9038K(21248K)], 0.2749720 secs] [Times: user=0.27 sys=0.00, real=0.27 secs] 
116.360: Total time for which application threads were stopped: 0.2750440 seconds, Stopping threads took: 0.0000130 seconds
116.425: Application time: 0.0645820 seconds
116.425: [Full GC116.425: [Tenured: 136575K->136575K(136576K), 0.2444240 secs] 198015K->156638K(198016K), [Perm : 9038K->9038K(21248K)], 0.2444670 secs] [Times: user=0.25 sys=0.00, real=0.25 secs] 
116.669: Total time for which application threads were stopped: 0.2445510 seconds, Stopping threads took: 0.0000140 seconds
116.732: Application time: 0.0631230 seconds
116.732: [Full GC116.732: [Tenured: 136575K->136575K(136576K), 0.2618670 secs] 198015K->154522K(198016K), [Perm : 9038K->9038K(21248K)], 0.2619110 secs] [Times: user=0.26 sys=0.00, real=0.26 secs] 
116.994: Total time for which application threads were stopped: 0.2619800 seconds, Stopping threads took: 0.0000130 seconds
117.058: Application time: 0.0632650 seconds
117.058: [Full GC117.058: [Tenured: 136576K->136575K(136576K), 0.2492870 secs] 198016K->146537K(198016K), [Perm : 9038K->9038K(21248K)], 0.2493320 secs] [Times: user=0.25 sys=0.00, real=0.25 secs] 
117.307: Total time for which application threads were stopped: 0.2494150 seconds, Stopping threads took: 0.0000130 seconds
117.372: Application time: 0.0649190 seconds
117.372: [Full GC117.372: [Tenured: 136575K->135249K(136576K), 0.2469390 secs] 198015K->135249K(198016K), [Perm : 9038K->9038K(21248K)], 0.2469840 secs] [Times: user=0.25 sys=0.00, real=0.24 secs] 
117.619: Total time for which application threads were stopped: 0.2470750 seconds, Stopping threads took: 0.0000140 seconds
117.649: Application time: 0.0303290 seconds
117.649: [GC117.650: [DefNew: 54656K->54656K(61440K), 0.0000100 secs]117.650: [Tenured: 135249K->135952K(136576K), 0.2101220 secs] 189905K->135952K(198016K), [Perm : 9038K->9038K(21248K)], 0.2101760 secs] [Times: user=0.21 sys=0.00, real=0.20 secs] 
117.860: Total time for which application threads were stopped: 0.2103180 seconds, Stopping threads took: 0.0000680 seconds
117.889: Application time: 0.0293420 seconds
117.893: [GC117.893: [DefNew: 54656K->54656K(61440K), 0.0000100 secs]117.893: [Tenured: 135952K->129383K(136576K), 0.2178540 secs] 190608K->129383K(198016K), [Perm : 9039K->9039K(21248K)], 0.2179120 secs] [Times: user=0.22 sys=0.00, real=0.22 secs] 
118.111: Total time for which application threads were stopped: 0.2216750 seconds, Stopping threads took: 0.0037010 seconds
118.139: Application time: 0.0286010 seconds
118.141: [GC118.141: [DefNew: 54656K->54656K(61440K), 0.0000090 secs]118.141: [Tenured: 129383K->117641K(136576K), 0.1935190 secs] 184039K->117641K(198016K), [Perm : 9039K->9039K(21248K)], 0.1935750 secs] [Times: user=0.20 sys=0.00, real=0.19 secs] 
118.334: Total time for which application threads were stopped: 0.1951140 seconds, Stopping threads took: 0.0014780 seconds
118.361: Application time: 0.0262360 seconds
118.361: [GC118.361: [DefNew: 54656K->54656K(61440K), 0.0000080 secs]118.361: [Tenured: 117641K->90458K(136576K), 0.1470470 secs] 172297K->90458K(198016K), [Perm : 9040K->9040K(21248K)], 0.1471040 secs] [Times: user=0.14 sys=0.00, real=0.14 secs] 
118.508: Total time for which application threads were stopped: 0.1473130 seconds, Stopping threads took: 0.0001180 seconds
118.527: Application time: 0.0190650 seconds
118.529: [GC118.529: [DefNew: 54656K->6783K(61440K), 0.0243790 secs] 145114K->104439K(198016K), 0.0244220 secs] [Times: user=0.02 sys=0.00, real=0.02 secs] 
118.553: Total time for which application threads were stopped: 0.0262870 seconds, Stopping threads took: 0.0018030 seconds
118.570: Application time: 0.0166190 seconds
118.573: [GC118.573: [DefNew: 61439K->6783K(61440K), 0.0326870 secs] 159095K->120707K(198016K), 0.0327300 secs] [Times: user=0.04 sys=0.00, real=0.03 secs] 
118.606: Total time for which application threads were stopped: 0.0356200 seconds, Stopping threads took: 0.0028060 seconds
118.621: Application time: 0.0151920 seconds
118.625: [GC118.625: [DefNew: 61439K->61439K(61440K), 0.0000100 secs]118.625: [Tenured: 113923K->101651K(136576K), 0.1595400 secs] 175363K->101651K(198016K), [Perm : 9040K->9040K(21248K)], 0.1596000 secs] [Times: user=0.16 sys=0.00, real=0.16 secs] 
118.785: Total time for which application threads were stopped: 0.1638330 seconds, Stopping threads took: 0.0041490 seconds
118.799: Application time: 0.0139600 seconds
118.799: [GC118.799: [DefNew: 54656K->6784K(61440K), 0.0282100 secs] 156307K->120504K(198016K), 0.0282530 secs] [Times: user=0.03 sys=0.00, real=0.03 secs] 
118.827: Total time for which application threads were stopped: 0.0284710 seconds, Stopping threads took: 0.0001330 seconds
118.843: Application time: 0.0157530 seconds
118.843: [GC118.843: [DefNew: 61440K->61440K(61440K), 0.0000090 secs]118.843: [Tenured: 113720K->136575K(136576K), 0.2084350 secs] 175160K->136979K(198016K), [Perm : 9040K->9040K(21248K)], 0.2084950 secs] [Times: user=0.20 sys=0.00, real=0.21 secs] 
119.051: Total time for which application threads were stopped: 0.2086800 seconds, Stopping threads took: 0.0001010 seconds
119.105: Application time: 0.0530480 seconds
119.105: [Full GC119.105: [Tenured: 136575K->136575K(136576K), 0.2509360 secs] 198015K->160412K(198016K), [Perm : 9040K->9040K(21248K)], 0.2509810 secs] [Times: user=0.25 sys=0.00, real=0.25 secs] 
119.356: Total time for which application threads were stopped: 0.2510650 seconds, Stopping threads took: 0.0000120 seconds
119.412: Application time: 0.0566800 seconds
119.412: [Full GC119.412: [Tenured: 136575K->136575K(136576K), 0.3001900 secs] 198015K->162061K(198016K), [Perm : 9040K->9040K(21248K)], 0.3002370 secs] [Times: user=0.30 sys=0.00, real=0.30 secs] 
119.713: Total time for which application threads were stopped: 0.3003090 seconds, Stopping threads took: 0.0000130 seconds
119.772: Application time: 0.0592090 seconds
119.772: [Full GC119.772: [Tenured: 136575K->136575K(136576K), 0.2625960 secs] 198015K->165630K(198016K), [Perm : 9040K->9040K(21248K)], 0.2626430 secs] [Times: user=0.27 sys=0.00, real=0.26 secs] 
120.035: Total time for which application threads were stopped: 0.2627270 seconds, Stopping threads took: 0.0000130 seconds
120.083: Application time: 0.0487550 seconds
120.083: [Full GC120.083: [Tenured: 136575K->136575K(136576K), 0.2709070 secs] 198015K->149007K(198016K), [Perm : 9040K->9040K(21248K)], 0.2709510 secs] [Times: user=0.27 sys=0.00, real=0.27 secs] 
120.354: Total time for which application threads were stopped: 0.2710240 seconds, Stopping threads took: 0.0000130 seconds
120.408: Application time: 0.0539380 seconds
120.408: [Full GC120.408: [Tenured: 136576K->136576K(136576K), 0.2460460 secs] 198015K->155621K(198016K), [Perm : 9040K->9040K(21248K)], 0.2460900 secs] [Times: user=0.24 sys=0.00, real=0.25 secs] 
120.654: Total time for which application threads were stopped: 0.2461750 seconds, Stopping threads took: 0.0000120 seconds
120.711: Application time: 0.0567090 seconds
120.711: [Full GC120.711: [Tenured: 136576K->136576K(136576K), 0.2732620 secs] 198016K->150367K(198016K), [Perm : 9040K->9040K(21248K)], 0.2733060 secs] [Times: user=0.28 sys=0.00, real=0.27 secs] 
120.985: Total time for which application threads were stopped: 0.2733820 seconds, Stopping threads took: 0.0000130 seconds
121.050: Application time: 0.0651630 seconds
121.050: [Full GC121.050: [Tenured: 136576K->136576K(136576K), 0.2430890 secs] 198016K->155339K(198016K), [Perm : 9040K->9040K(21248K)], 0.2431320 secs] [Times: user=0.24 sys=0.00, real=0.24 secs] 
121.293: Total time for which application threads were stopped: 0.2432150 seconds, Stopping threads took: 0.0000130 seconds
121.357: Application time: 0.0636160 seconds
121.357: [Full GC121.357: [Tenured: 136576K->136575K(136576K), 0.2598520 secs] 198015K->152541K(198016K), [Perm : 9040K->9040K(21248K)], 0.2598960 secs] [Times: user=0.26 sys=0.00, real=0.26 secs] 
121.617: Total time for which application threads were stopped: 0.2599670 seconds, Stopping threads took: 0.0000120 seconds
121.676: Application time: 0.0599410 seconds
121.677: [Full GC121.677: [Tenured: 136576K->136575K(136576K), 0.2454420 secs] 198015K->145120K(198016K), [Perm : 9040K->9040K(21248K)], 0.2454860 secs] [Times: user=0.25 sys=0.00, real=0.25 secs] 
121.922: Total time for which application threads were stopped: 0.2455710 seconds, Stopping threads took: 0.0000130 seconds
121.991: Application time: 0.0693950 seconds
121.991: [Full GC121.991: [Tenured: 136575K->134830K(136576K), 0.2470190 secs] 198015K->134830K(198016K), [Perm : 9040K->9040K(21248K)], 0.2470640 secs] [Times: user=0.25 sys=0.00, real=0.24 secs] 
122.239: Total time for which application threads were stopped: 0.2471350 seconds, Stopping threads took: 0.0000130 seconds
122.269: Application time: 0.0299710 seconds
122.269: [GC122.269: [DefNew: 54656K->54656K(61440K), 0.0000090 secs]122.269: [Tenured: 134830K->135444K(136576K), 0.2108500 secs] 189486K->135444K(198016K), [Perm : 9040K->9040K(21248K)], 0.2109070 secs] [Times: user=0.21 sys=0.00, real=0.21 secs] 
122.480: Total time for which application threads were stopped: 0.2110590 seconds, Stopping threads took: 0.0000790 seconds
122.508: Application time: 0.0287630 seconds
122.508: [GC122.508: [DefNew: 54656K->54656K(61440K), 0.0000080 secs]122.508: [Tenured: 135444K->127748K(136576K), 0.2159410 secs] 190100K->127748K(198016K), [Perm : 9040K->9040K(21248K)], 0.2159990 secs] [Times: user=0.21 sys=0.00, real=0.22 secs] 
122.724: Total time for which application threads were stopped: 0.2161080 seconds, Stopping threads took: 0.0000490 seconds
122.754: Application time: 0.0294770 seconds
122.754: [GC122.754: [DefNew: 54656K->54656K(61440K), 0.0000100 secs]122.754: [Tenured: 127748K->114468K(136576K), 0.1913950 secs] 182404K->114468K(198016K), [Perm : 9040K->9040K(21248K)], 0.1914590 secs] [Times: user=0.19 sys=0.00, real=0.19 secs] 
122.946: Total time for which application threads were stopped: 0.1916650 seconds, Stopping threads took: 0.0001230 seconds
122.971: Application time: 0.0250300 seconds
122.971: [GC122.971: [DefNew: 54656K->54656K(61440K), 0.0000100 secs]122.971: [Tenured: 114468K->95802K(136576K), 0.1565500 secs] 169124K->95802K(198016K), [Perm : 9040K->9040K(21248K)], 0.1566060 secs] [Times: user=0.16 sys=0.00, real=0.15 secs] 
123.127: Total time for which application threads were stopped: 0.1567450 seconds, Stopping threads took: 0.0000640 seconds
123.145: Application time: 0.0172330 seconds
123.145: [GC123.145: [DefNew: 54656K->6784K(61440K), 0.0252010 secs] 150458K->111342K(198016K), 0.0252420 secs] [Times: user=0.02 sys=0.00, real=0.03 secs] 
123.170: Total time for which application threads were stopped: 0.0254630 seconds, Stopping threads took: 0.0001380 seconds
123.186: Application time: 0.0162220 seconds
123.189: [GC123.189: [DefNew: 61440K->6784K(61440K), 0.0358240 secs] 165998K->127565K(198016K), 0.0358650 secs] [Times: user=0.03 sys=0.00, real=0.03 secs] 
123.225: Total time for which application threads were stopped: 0.0385190 seconds, Stopping threads took: 0.0025710 seconds
123.240: Application time: 0.0156080 seconds
123.241: [GC123.241: [DefNew: 61440K->61440K(61440K), 0.0000100 secs]123.241: [Tenured: 120781K->116367K(136576K), 0.1810240 secs] 182221K->116367K(198016K), [Perm : 9040K->9040K(21248K)], 0.1810800 secs] [Times: user=0.18 sys=0.00, real=0.19 secs] 
123.422: Total time for which application threads were stopped: 0.1812130 seconds, Stopping threads took: 0.0000700 seconds
123.436: Application time: 0.0141410 seconds
123.436: [GC123.436: [DefNew: 54656K->54656K(61440K), 0.0000100 secs]123.436: [Tenured: 116367K->121779K(136576K), 0.1879160 secs] 171023K->121779K(198016K), [Perm : 9040K->9040K(21248K)], 0.1879750 secs] [Times: user=0.19 sys=0.00, real=0.19 secs] 
123.624: Total time for which application threads were stopped: 0.1880740 seconds, Stopping threads took: 0.0000360 seconds
123.641: Application time: 0.0170750 seconds
123.645: [GC123.645: [DefNew: 54656K->54656K(61440K), 0.0000100 secs]123.645: [Tenured: 121779K->136575K(136576K), 0.2057120 secs] 176435K->142082K(198016K), [Perm : 9040K->9040K(21248K)], 0.2057710 secs] [Times: user=0.20 sys=0.00, real=0.21 secs] 
123.851: Total time for which application threads were stopped: 0.2097950 seconds, Stopping threads took: 0.0039500 seconds
123.904: Application time: 0.0531790 seconds
123.904: [Full GC123.904: [Tenured: 136576K->136576K(136576K), 0.2742330 secs] 198015K->156989K(198016K), [Perm : 9040K->9040K(21248K)], 0.2742770 secs] [Times: user=0.27 sys=0.00, real=0.27 secs] 
124.178: Total time for which application threads were stopped: 0.2743480 seconds, Stopping threads took: 0.0000120 seconds
124.228: Application time: 0.0498530 seconds
124.228: [Full GC124.228: [Tenured: 136576K->136575K(136576K), 0.2524300 secs] 198015K->165288K(198016K), [Perm : 9040K->9040K(21248K)], 0.2524750 secs] [Times: user=0.25 sys=0.00, real=0.25 secs] 
124.481: Total time for which application threads were stopped: 0.2525600 seconds, Stopping threads took: 0.0000130 seconds
124.537: Application time: 0.0560240 seconds
124.537: [Full GC124.537: [Tenured: 136575K->136575K(136576K), 0.2653820 secs] 198015K->164270K(198016K), [Perm : 9040K->9040K(21248K)], 0.2654250 secs] [Times: user=0.27 sys=0.00, real=0.27 secs] 
124.802: Total time for which application threads were stopped: 0.2654950 seconds, Stopping threads took: 0.0000130 seconds
124.853: Application time: 0.0508420 seconds
124.853: [Full GC124.853: [Tenured: 136575K->136575K(136576K), 0.2619720 secs] 198015K->149004K(198016K), [Perm : 9040K->9040K(21248K)], 0.2620150 secs] [Times: user=0.26 sys=0.00, real=0.26 secs] 
125.115: Total time for which application threads were stopped: 0.2620970 seconds, Stopping threads took: 0.0000130 seconds
125.172: Application time: 0.0570060 seconds
125.172: [Full GC125.172: [Tenured: 136576K->136575K(136576K), 0.2610630 secs] 198015K->150141K(198016K), [Perm : 9040K->9040K(21248K)], 0.2611140 secs] [Times: user=0.26 sys=0.00, real=0.26 secs] 
125.433: Total time for which application threads were stopped: 0.2611860 seconds, Stopping threads took: 0.0000130 seconds
125.483: Application time: 0.0496530 seconds
125.483: [Full GC125.483: [Tenured: 136575K->136575K(136576K), 0.2368060 secs] 198015K->156288K(198016K), [Perm : 9040K->9040K(21248K)], 0.2368500 secs] [Times: user=0.24 sys=0.00, real=0.23 secs] 
125.720: Total time for which application threads were stopped: 0.2369350 seconds, Stopping threads took: 0.0000130 seconds
125.780: Application time: 0.0598950 seconds
125.780: [Full GC125.780: [Tenured: 136576K->136575K(136576K), 0.2573630 secs] 198015K->157559K(198016K), [Perm : 9040K->9040K(21248K)], 0.2574060 secs] [Times: user=0.25 sys=0.00, real=0.26 secs] 
126.037: Total time for which application threads were stopped: 0.2574780 seconds, Stopping threads took: 0.0000130 seconds
126.096: Application time: 0.0582940 seconds
126.096: [Full GC126.096: [Tenured: 136575K->136576K(136576K), 0.2485750 secs] 198015K->151008K(198016K), [Perm : 9040K->9040K(21248K)], 0.2486200 secs] [Times: user=0.25 sys=0.00, real=0.25 secs] 
126.344: Total time for which application threads were stopped: 0.2487070 seconds, Stopping threads took: 0.0000140 seconds
126.409: Application time: 0.0649710 seconds
126.409: [Full GC126.409: [Tenured: 136576K->136576K(136576K), 0.2413260 secs] 198015K->137860K(198016K), [Perm : 9040K->9040K(21248K)], 0.2413770 secs] [Times: user=0.24 sys=0.00, real=0.24 secs] 
126.651: Total time for which application threads were stopped: 0.2414510 seconds, Stopping threads took: 0.0000150 seconds
126.726: Application time: 0.0750610 seconds
126.726: [Full GC126.726: [Tenured: 136576K->136576K(136576K), 0.2102010 secs] 198016K->140151K(198016K), [Perm : 9041K->9041K(21248K)], 0.2102450 secs] [Times: user=0.21 sys=0.00, real=0.21 secs] 
126.936: Total time for which application threads were stopped: 0.2103510 seconds, Stopping threads took: 0.0000320 seconds
127.008: Application time: 0.0717260 seconds
127.008: [Full GC127.008: [Tenured: 136576K->132261K(136576K), 0.2231250 secs] 198016K->132261K(198016K), [Perm : 9041K->9041K(21248K)], 0.2231720 secs] [Times: user=0.23 sys=0.00, real=0.23 secs] 
127.231: Total time for which application threads were stopped: 0.2232440 seconds, Stopping threads took: 0.0000130 seconds
127.260: Application time: 0.0284100 seconds
127.260: [GC127.260: [DefNew: 54656K->54656K(61440K), 0.0000090 secs]127.260: [Tenured: 132261K->123854K(136576K), 0.2047010 secs] 186917K->123854K(198016K), [Perm : 9041K->9041K(21248K)], 0.2047600 secs] [Times: user=0.21 sys=0.00, real=0.21 secs] 
127.464: Total time for which application threads were stopped: 0.2048950 seconds, Stopping threads took: 0.0000600 seconds
127.494: Application time: 0.0291780 seconds
127.494: [GC127.494: [DefNew: 54656K->54656K(61440K), 0.0000090 secs]127.494: [Tenured: 123854K->99670K(136576K), 0.1819400 secs] 178510K->99670K(198016K), [Perm : 9041K->9041K(21248K)], 0.1820050 secs] [Times: user=0.18 sys=0.00, real=0.18 secs] 
127.676: Total time for which application threads were stopped: 0.1822180 seconds, Stopping threads took: 0.0001180 seconds
127.700: Application time: 0.0240280 seconds
127.700: [GC127.700: [DefNew: 54656K->6783K(61440K), 0.0196260 secs] 154326K->109820K(198016K), 0.0196680 secs] [Times: user=0.02 sys=0.00, real=0.02 secs] 
127.720: Total time for which application threads were stopped: 0.0198380 seconds, Stopping threads took: 0.0001070 seconds
127.736: Application time: 0.0159750 seconds
127.737: [GC127.737: [DefNew: 61439K->6784K(61440K), 0.0339100 secs] 164476K->125808K(198016K), 0.0339520 secs] [Times: user=0.04 sys=0.00, real=0.04 secs] 
127.771: Total time for which application threads were stopped: 0.0350930 seconds, Stopping threads took: 0.0010780 seconds
127.787: Application time: 0.0157680 seconds
127.789: [GC127.789: [DefNew: 61436K->61436K(61440K), 0.0000100 secs]127.789: [Tenured: 119024K->92991K(136576K), 0.1438120 secs] 180460K->92991K(198016K), [Perm : 9041K->9041K(21248K)], 0.1438770 secs] [Times: user=0.15 sys=0.00, real=0.14 secs] 
127.933: Total time for which application threads were stopped: 0.1461760 seconds, Stopping threads took: 0.0022130 seconds
127.948: Application time: 0.0147840 seconds
127.948: [GC127.948: [DefNew: 54656K->6784K(61440K), 0.0303580 secs] 147647K->112265K(198016K), 0.0304020 secs] [Times: user=0.03 sys=0.00, real=0.03 secs] 
127.978: Total time for which application threads were stopped: 0.0306500 seconds, Stopping threads took: 0.0001640 seconds
127.993: Application time: 0.0146280 seconds
127.993: [GC127.993: [DefNew: 61417K->6783K(61440K), 0.0373930 secs] 166899K->127365K(198016K), 0.0374360 secs] [Times: user=0.04 sys=0.00, real=0.04 secs] 
128.030: Total time for which application threads were stopped: 0.0376290 seconds, Stopping threads took: 0.0001310 seconds
128.049: Application time: 0.0185670 seconds
128.049: [GC128.049: [DefNew: 61439K->61439K(61440K), 0.0000090 secs]128.049: [Tenured: 120581K->136575K(136576K), 0.2314150 secs] 182021K->148004K(198016K), [Perm : 9041K->9041K(21248K)], 0.2314730 secs] [Times: user=0.23 sys=0.00, real=0.22 secs] 
128.281: Total time for which application threads were stopped: 0.2317280 seconds, Stopping threads took: 0.0001710 seconds
128.338: Application time: 0.0571330 seconds
128.338: [Full GC128.338: [Tenured: 136575K->136575K(136576K), 0.2709830 secs] 198015K->166920K(198016K), [Perm : 9041K->9041K(21248K)], 0.2710280 secs] [Times: user=0.27 sys=0.00, real=0.28 secs] 
128.609: Total time for which application threads were stopped: 0.2711100 seconds, Stopping threads took: 0.0000130 seconds
128.661: Application time: 0.0525090 seconds
128.662: [Full GC128.662: [Tenured: 136575K->136576K(136576K), 0.3012040 secs] 198015K->160791K(198016K), [Perm : 9041K->9041K(21248K)], 0.3012470 secs] [Times: user=0.30 sys=0.00, real=0.30 secs] 
128.963: Total time for which application threads were stopped: 0.3013200 seconds, Stopping threads took: 0.0000130 seconds
129.022: Application time: 0.0588610 seconds
129.022: [Full GC129.022: [Tenured: 136576K->136576K(136576K), 0.2684900 secs] 198015K->164304K(198016K), [Perm : 9041K->9041K(21248K)], 0.2685350 secs] [Times: user=0.27 sys=0.00, real=0.27 secs] 
129.290: Total time for which application threads were stopped: 0.2686180 seconds, Stopping threads took: 0.0000130 seconds
129.342: Application time: 0.0518600 seconds
129.342: [Full GC129.342: [Tenured: 136576K->136575K(136576K), 0.2778530 secs] 198016K->155846K(198016K), [Perm : 9041K->9041K(21248K)], 0.2778960 secs] [Times: user=0.27 sys=0.00, real=0.27 secs] 
129.620: Total time for which application threads were stopped: 0.2779690 seconds, Stopping threads took: 0.0000140 seconds
129.673: Application time: 0.0529250 seconds
129.673: [Full GC129.673: [Tenured: 136575K->136575K(136576K), 0.2724200 secs] 198015K->156972K(198016K), [Perm : 9041K->9041K(21248K)], 0.2724650 secs] [Times: user=0.27 sys=0.00, real=0.27 secs] 
129.946: Total time for which application threads were stopped: 0.2725590 seconds, Stopping threads took: 0.0000230 seconds
129.994: Application time: 0.0481230 seconds
129.994: [Full GC129.994: [Tenured: 136575K->136575K(136576K), 0.2754700 secs] 198015K->151007K(198016K), [Perm : 9041K->9041K(21248K)], 0.2755160 secs] [Times: user=0.27 sys=0.00, real=0.28 secs] 
130.269: Total time for which application threads were stopped: 0.2755910 seconds, Stopping threads took: 0.0000140 seconds
130.337: Application time: 0.0681180 seconds
130.338: [Full GC130.338: [Tenured: 136575K->136575K(136576K), 0.2519360 secs] 198015K->156279K(198016K), [Perm : 9041K->9041K(21248K)], 0.2519800 secs] [Times: user=0.25 sys=0.00, real=0.26 secs] 
130.590: Total time for which application threads were stopped: 0.2520640 seconds, Stopping threads took: 0.0000130 seconds
130.654: Application time: 0.0641120 seconds
130.654: [Full GC130.654: [Tenured: 136575K->136575K(136576K), 0.2639390 secs] 198015K->151514K(198016K), [Perm : 9041K->9041K(21248K)], 0.2639840 secs] [Times: user=0.26 sys=0.00, real=0.26 secs] 
130.918: Total time for which application threads were stopped: 0.2640520 seconds, Stopping threads took: 0.0000120 seconds
130.985: Application time: 0.0673010 seconds
130.985: [Full GC130.985: [Tenured: 136575K->136575K(136576K), 0.2514750 secs] 198015K->144573K(198016K), [Perm : 9041K->9041K(21248K)], 0.2515230 secs] [Times: user=0.25 sys=0.00, real=0.25 secs] 
131.237: Total time for which application threads were stopped: 0.2516080 seconds, Stopping threads took: 0.0000140 seconds
131.306: Application time: 0.0698750 seconds
131.307: [Full GC131.307: [Tenured: 136576K->134271K(136576K), 0.2498630 secs] 198015K->134271K(198016K), [Perm : 9041K->9041K(21248K)], 0.2499080 secs] [Times: user=0.25 sys=0.00, real=0.25 secs] 
131.556: Total time for which application threads were stopped: 0.2499810 seconds, Stopping threads took: 0.0000130 seconds
131.587: Application time: 0.0300960 seconds
131.587: [GC131.587: [DefNew: 54656K->54656K(61440K), 0.0000100 secs]131.587: [Tenured: 134271K->133960K(136576K), 0.2172450 secs] 188927K->133960K(198016K), [Perm : 9041K->9041K(21248K)], 0.2173010 secs] [Times: user=0.22 sys=0.00, real=0.22 secs] 
131.804: Total time for which application threads were stopped: 0.2174660 seconds, Stopping threads took: 0.0000870 seconds
131.833: Application time: 0.0287010 seconds
131.833: [GC131.833: [DefNew: 54656K->54656K(61440K), 0.0000090 secs]131.833: [Tenured: 133960K->127264K(136576K), 0.2165280 secs] 188616K->127264K(198016K), [Perm : 9041K->9041K(21248K)], 0.2165840 secs] [Times: user=0.22 sys=0.00, real=0.22 secs] 
132.049: Total time for which application threads were stopped: 0.2167130 seconds, Stopping threads took: 0.0000670 seconds
132.079: Application time: 0.0299970 seconds
132.080: [GC132.080: [DefNew: 54656K->54656K(61440K), 0.0000090 secs]132.080: [Tenured: 127264K->113192K(136576K), 0.1867760 secs] 181920K->113192K(198016K), [Perm : 9041K->9041K(21248K)], 0.1868310 secs] [Times: user=0.18 sys=0.00, real=0.19 secs] 
132.266: Total time for which application threads were stopped: 0.1869520 seconds, Stopping threads took: 0.0000600 seconds
132.292: Application time: 0.0252680 seconds
132.292: [GC132.292: [DefNew: 54656K->54656K(61440K), 0.0000100 secs]132.292: [Tenured: 113192K->87785K(136576K), 0.1398940 secs] 167848K->87785K(198016K), [Perm : 9041K->9041K(21248K)], 0.1399490 secs] [Times: user=0.14 sys=0.00, real=0.14 secs] 
132.432: Total time for which application threads were stopped: 0.1401560 seconds, Stopping threads took: 0.0001320 seconds
132.451: Application time: 0.0190650 seconds
132.453: [GC132.453: [DefNew: 54656K->6783K(61440K), 0.0228510 secs] 142441K->103582K(198016K), 0.0228910 secs] [Times: user=0.02 sys=0.00, real=0.02 secs] 
132.476: Total time for which application threads were stopped: 0.0249110 seconds, Stopping threads took: 0.0019380 seconds
132.491: Application time: 0.0154140 seconds
132.491: [GC132.491: [DefNew: 61439K->6784K(61440K), 0.0358440 secs] 158238K->120498K(198016K), 0.0358870 secs] [Times: user=0.04 sys=0.00, real=0.03 secs] 
132.527: Total time for which application threads were stopped: 0.0361400 seconds, Stopping threads took: 0.0001690 seconds
132.542: Application time: 0.0148730 seconds
132.542: [GC132.542: [DefNew: 61440K->61440K(61440K), 0.0000090 secs]132.542: [Tenured: 113714K->106586K(136576K), 0.1724210 secs] 175154K->106586K(198016K), [Perm : 9041K->9041K(21248K)], 0.1724850 secs] [Times: user=0.17 sys=0.00, real=0.17 secs] 
132.715: Total time for which application threads were stopped: 0.1726720 seconds, Stopping threads took: 0.0000900 seconds
132.730: Application time: 0.0146970 seconds
132.730: [GC132.730: [DefNew: 54656K->6783K(61440K), 0.0271660 secs] 161242K->123579K(198016K), 0.0272090 secs] [Times: user=0.03 sys=0.00, real=0.02 secs] 
132.757: Total time for which application threads were stopped: 0.0273490 seconds, Stopping threads took: 0.0000780 seconds
132.775: Application time: 0.0180240 seconds
132.775: [GC132.775: [DefNew: 61439K->61439K(61440K), 0.0000100 secs]132.775: [Tenured: 116795K->136574K(136576K), 0.2185230 secs] 178235K->143115K(198016K), [Perm : 9041K->9041K(21248K)], 0.2185890 secs] [Times: user=0.22 sys=0.00, real=0.22 secs] 
132.994: Total time for which application threads were stopped: 0.2187430 seconds, Stopping threads took: 0.0000920 seconds
133.052: Application time: 0.0577960 seconds
133.052: [Full GC133.052: [Tenured: 136575K->136575K(136576K), 0.2550520 secs] 198015K->163006K(198016K), [Perm : 9041K->9041K(21248K)], 0.2550980 secs] [Times: user=0.25 sys=0.01, real=0.25 secs] 
133.307: Total time for which application threads were stopped: 0.2551950 seconds, Stopping threads took: 0.0000240 seconds
133.363: Application time: 0.0565860 seconds
133.363: [Full GC133.363: [Tenured: 136575K->136575K(136576K), 0.2939020 secs] 198015K->161037K(198016K), [Perm : 9041K->9041K(21248K)], 0.2939460 secs] [Times: user=0.30 sys=0.00, real=0.29 secs] 
133.657: Total time for which application threads were stopped: 0.2940200 seconds, Stopping threads took: 0.0000130 seconds
133.717: Application time: 0.0600640 seconds
133.717: [Full GC133.717: [Tenured: 136576K->136576K(136576K), 0.2628110 secs] 198016K->164693K(198016K), [Perm : 9041K->9041K(21248K)], 0.2628570 secs] [Times: user=0.27 sys=0.00, real=0.26 secs] 
133.980: Total time for which application threads were stopped: 0.2629410 seconds, Stopping threads took: 0.0000120 seconds
134.026: Application time: 0.0461210 seconds
134.026: [Full GC134.027: [Tenured: 136576K->136575K(136576K), 0.2693700 secs] 198016K->148512K(198016K), [Perm : 9041K->9041K(21248K)], 0.2694160 secs] [Times: user=0.27 sys=0.00, real=0.27 secs] 
134.296: Total time for which application threads were stopped: 0.2694890 seconds, Stopping threads took: 0.0000130 seconds
134.351: Application time: 0.0549420 seconds
134.351: [Full GC134.351: [Tenured: 136575K->136575K(136576K), 0.2424300 secs] 197945K->154786K(198016K), [Perm : 9041K->9041K(21248K)], 0.2424730 secs] [Times: user=0.24 sys=0.00, real=0.24 secs] 
134.593: Total time for which application threads were stopped: 0.2425590 seconds, Stopping threads took: 0.0000130 seconds
134.641: Application time: 0.0474380 seconds
134.641: [Full GC134.641: [Tenured: 136575K->136575K(136576K), 0.2741060 secs] 198015K->151293K(198016K), [Perm : 9041K->9041K(21248K)], 0.2741520 secs] [Times: user=0.27 sys=0.00, real=0.27 secs] 
134.915: Total time for which application threads were stopped: 0.2742280 seconds, Stopping threads took: 0.0000140 seconds
134.980: Application time: 0.0649960 seconds
134.980: [Full GC134.980: [Tenured: 136575K->136575K(136576K), 0.2442090 secs] 198015K->156309K(198016K), [Perm : 9041K->9041K(21248K)], 0.2442530 secs] [Times: user=0.24 sys=0.00, real=0.25 secs] 
135.224: Total time for which application threads were stopped: 0.2443360 seconds, Stopping threads took: 0.0000130 seconds
135.286: Application time: 0.0619290 seconds
135.286: [Full GC135.286: [Tenured: 136575K->136575K(136576K), 0.2564660 secs] 198015K->150489K(198016K), [Perm : 9041K->9041K(21248K)], 0.2565120 secs] [Times: user=0.26 sys=0.00, real=0.26 secs] 
135.543: Total time for which application threads were stopped: 0.2565830 seconds, Stopping threads took: 0.0000130 seconds
135.606: Application time: 0.0633350 seconds
135.606: [Full GC135.606: [Tenured: 136575K->136575K(136576K), 0.2469670 secs] 198015K->144833K(198016K), [Perm : 9041K->9041K(21248K)], 0.2470100 secs] [Times: user=0.24 sys=0.00, real=0.25 secs] 
135.853: Total time for which application threads were stopped: 0.2470930 seconds, Stopping threads took: 0.0000120 seconds
135.923: Application time: 0.0700000 seconds
135.923: [Full GC135.923: [Tenured: 136575K->133835K(136576K), 0.2456660 secs] 198015K->133835K(198016K), [Perm : 9041K->9041K(21248K)], 0.2457100 secs] [Times: user=0.25 sys=0.00, real=0.25 secs] 
136.169: Total time for which application threads were stopped: 0.2457810 seconds, Stopping threads took: 0.0000120 seconds
136.199: Application time: 0.0300990 seconds
136.199: [GC136.199: [DefNew: 54656K->54656K(61440K), 0.0000090 secs]136.199: [Tenured: 133835K->133578K(136576K), 0.2160900 secs] 188491K->133578K(198016K), [Perm : 9041K->9041K(21248K)], 0.2161570 secs] [Times: user=0.21 sys=0.00, real=0.22 secs] 
136.416: Total time for which application threads were stopped: 0.2162920 seconds, Stopping threads took: 0.0000580 seconds
136.444: Application time: 0.0287560 seconds
136.444: [GC136.444: [DefNew: 54656K->54656K(61440K), 0.0000090 secs]136.445: [Tenured: 133578K->125309K(136576K), 0.2107250 secs] 188234K->125309K(198016K), [Perm : 9041K->9041K(21248K)], 0.2107830 secs] [Times: user=0.21 sys=0.00, real=0.21 secs] 
136.655: Total time for which application threads were stopped: 0.2109530 seconds, Stopping threads took: 0.0001070 seconds
136.684: Application time: 0.0287160 seconds
136.684: [GC136.684: [DefNew: 54656K->54656K(61440K), 0.0000090 secs]136.684: [Tenured: 125309K->111810K(136576K), 0.1820600 secs] 179965K->111810K(198016K), [Perm : 9041K->9041K(21248K)], 0.1821130 secs] [Times: user=0.18 sys=0.00, real=0.18 secs] 
136.866: Total time for which application threads were stopped: 0.1822320 seconds, Stopping threads took: 0.0000590 seconds
136.889: Application time: 0.0230320 seconds
136.889: [GC136.889: [DefNew: 54656K->54656K(61440K), 0.0000100 secs]136.889: [Tenured: 111810K->91618K(136576K), 0.1453470 secs] 166466K->91618K(198016K), [Perm : 9043K->9043K(21248K)], 0.1454030 secs] [Times: user=0.14 sys=0.00, real=0.14 secs] 
137.035: Total time for which application threads were stopped: 0.1456040 seconds, Stopping threads took: 0.0001280 seconds
137.052: Application time: 0.0172450 seconds
137.053: [GC137.053: [DefNew: 54656K->6784K(61440K), 0.0227850 secs] 146274K->107445K(198016K), 0.0228270 secs] [Times: user=0.03 sys=0.00, real=0.02 secs] 
137.076: Total time for which application threads were stopped: 0.0235240 seconds, Stopping threads took: 0.0006340 seconds
137.091: Application time: 0.0157590 seconds
137.093: [GC137.093: [DefNew: 61440K->6783K(61440K), 0.0318820 secs] 162101K->124425K(198016K), 0.0319370 secs] [Times: user=0.04 sys=0.00, real=0.03 secs] 
137.125: Total time for which application threads were stopped: 0.0333580 seconds, Stopping threads took: 0.0013570 seconds
137.139: Application time: 0.0144060 seconds
137.140: [GC137.140: [DefNew: 61439K->61439K(61440K), 0.0000100 secs]137.140: [Tenured: 117641K->107447K(136576K), 0.1694320 secs] 179081K->107447K(198016K), [Perm : 9043K->9043K(21248K)], 0.1694890 secs] [Times: user=0.17 sys=0.00, real=0.18 secs] 
137.310: Total time for which application threads were stopped: 0.1707610 seconds, Stopping threads took: 0.0011890 seconds
137.325: Application time: 0.0149690 seconds
137.325: [GC137.325: [DefNew: 54656K->6784K(61440K), 0.0274810 secs] 162103K->125526K(198016K), 0.0275240 secs] [Times: user=0.03 sys=0.00, real=0.03 secs] 
137.353: Total time for which application threads were stopped: 0.0276350 seconds, Stopping threads took: 0.0000450 seconds
137.371: Application time: 0.0182560 seconds
137.372: [GC137.372: [DefNew: 61440K->61440K(61440K), 0.0000100 secs]137.372: [Tenured: 118742K->136575K(136576K), 0.2309000 secs] 180182K->145894K(198016K), [Perm : 9043K->9043K(21248K)], 0.2309580 secs] [Times: user=0.23 sys=0.00, real=0.23 secs] 
137.603: Total time for which application threads were stopped: 0.2322240 seconds, Stopping threads took: 0.0011820 seconds
137.659: Application time: 0.0555700 seconds
137.659: [Full GC137.659: [Tenured: 136575K->136575K(136576K), 0.2592050 secs] 198015K->164112K(198016K), [Perm : 9043K->9043K(21248K)], 0.2592520 secs] [Times: user=0.26 sys=0.00, real=0.26 secs] 
137.918: Total time for which application threads were stopped: 0.2593430 seconds, Stopping threads took: 0.0000120 seconds
137.973: Application time: 0.0546660 seconds
137.973: [Full GC137.973: [Tenured: 136575K->136575K(136576K), 0.2952340 secs] 198015K->160526K(198016K), [Perm : 9043K->9043K(21248K)], 0.2952780 secs] [Times: user=0.29 sys=0.00, real=0.29 secs] 
138.268: Total time for which application threads were stopped: 0.2953590 seconds, Stopping threads took: 0.0000130 seconds
138.321: Application time: 0.0532440 seconds
138.321: [Full GC138.321: [Tenured: 136575K->136575K(136576K), 0.2573850 secs] 198015K->163542K(198016K), [Perm : 9043K->9043K(21248K)], 0.2574300 secs] [Times: user=0.26 sys=0.00, real=0.25 secs] 
138.579: Total time for which application threads were stopped: 0.2575150 seconds, Stopping threads took: 0.0000130 seconds
138.634: Application time: 0.0548810 seconds
138.634: [Full GC138.634: [Tenured: 136575K->136575K(136576K), 0.2730800 secs] 198015K->149750K(198016K), [Perm : 9043K->9043K(21248K)], 0.2731250 secs] [Times: user=0.27 sys=0.00, real=0.27 secs] 
138.907: Total time for which application threads were stopped: 0.2731970 seconds, Stopping threads took: 0.0000130 seconds
138.963: Application time: 0.0560080 seconds
138.963: [Full GC138.963: [Tenured: 136576K->136576K(136576K), 0.2399120 secs] 198016K->155036K(198016K), [Perm : 9043K->9043K(21248K)], 0.2399550 secs] [Times: user=0.24 sys=0.00, real=0.24 secs] 
139.203: Total time for which application threads were stopped: 0.2400400 seconds, Stopping threads took: 0.0000130 seconds
139.258: Application time: 0.0555980 seconds
139.259: [Full GC139.259: [Tenured: 136576K->136575K(136576K), 0.2716020 secs] 198015K->150777K(198016K), [Perm : 9043K->9043K(21248K)], 0.2716510 secs] [Times: user=0.27 sys=0.00, real=0.28 secs] 
139.530: Total time for which application threads were stopped: 0.2717220 seconds, Stopping threads took: 0.0000130 seconds
139.592: Application time: 0.0621150 seconds
139.592: [Full GC139.592: [Tenured: 136575K->136575K(136576K), 0.2437300 secs] 198015K->155752K(198016K), [Perm : 9043K->9043K(21248K)], 0.2437760 secs] [Times: user=0.24 sys=0.00, real=0.24 secs] 
139.836: Total time for which application threads were stopped: 0.2438610 seconds, Stopping threads took: 0.0000130 seconds
139.897: Application time: 0.0605880 seconds
139.897: [Full GC139.897: [Tenured: 136575K->136576K(136576K), 0.3017660 secs] 198015K->150561K(198016K), [Perm : 9043K->9043K(21248K)], 0.3018140 secs] [Times: user=0.30 sys=0.00, real=0.30 secs] 
140.199: Total time for which application threads were stopped: 0.3018920 seconds, Stopping threads took: 0.0000130 seconds
140.260: Application time: 0.0612730 seconds
140.260: [Full GC140.260: [Tenured: 136576K->136576K(136576K), 0.2466520 secs] 198016K->144247K(198016K), [Perm : 9043K->9043K(21248K)], 0.2466940 secs] [Times: user=0.25 sys=0.00, real=0.25 secs] 
140.507: Total time for which application threads were stopped: 0.2467790 seconds, Stopping threads took: 0.0000120 seconds
140.577: Application time: 0.0700550 seconds
140.577: [Full GC140.577: [Tenured: 136576K->133537K(136576K), 0.2467940 secs] 198015K->133537K(198016K), [Perm : 9043K->9043K(21248K)], 0.2468370 secs] [Times: user=0.25 sys=0.00, real=0.25 secs] 
140.824: Total time for which application threads were stopped: 0.2469090 seconds, Stopping threads took: 0.0000130 seconds
140.855: Application time: 0.0314720 seconds
140.855: [GC140.855: [DefNew: 54656K->54656K(61440K), 0.0000100 secs]140.855: [Tenured: 133537K->133137K(136576K), 0.2365200 secs] 188193K->133137K(198016K), [Perm : 9043K->9043K(21248K)], 0.2365780 secs] [Times: user=0.24 sys=0.00, real=0.24 secs] 
141.092: Total time for which application threads were stopped: 0.2367660 seconds, Stopping threads took: 0.0001140 seconds
141.121: Application time: 0.0292000 seconds
141.121: [GC141.121: [DefNew: 54656K->54656K(61440K), 0.0000100 secs]141.121: [Tenured: 133137K->124620K(136576K), 0.2271930 secs] 187793K->124620K(198016K), [Perm : 9043K->9043K(21248K)], 0.2272540 secs] [Times: user=0.23 sys=0.00, real=0.22 secs] 
141.349: Total time for which application threads were stopped: 0.2274080 seconds, Stopping threads took: 0.0000930 seconds
141.378: Application time: 0.0294860 seconds
141.378: [GC141.378: [DefNew: 54656K->54656K(61440K), 0.0000090 secs]141.378: [Tenured: 124620K->110313K(136576K), 0.1794150 secs] 179276K->110313K(198016K), [Perm : 9043K->9043K(21248K)], 0.1794800 secs] [Times: user=0.18 sys=0.00, real=0.18 secs] 
141.558: Total time for which application threads were stopped: 0.1796190 seconds, Stopping threads took: 0.0000660 seconds
141.581: Application time: 0.0229740 seconds
141.583: [GC141.583: [DefNew: 54656K->54656K(61440K), 0.0000090 secs]141.583: [Tenured: 110313K->86624K(136576K), 0.1341580 secs] 164969K->86624K(198016K), [Perm : 9043K->9043K(21248K)], 0.1342130 secs] [Times: user=0.13 sys=0.00, real=0.13 secs] 
141.718: Total time for which application threads were stopped: 0.1369140 seconds, Stopping threads took: 0.0026410 seconds
141.734: Application time: 0.0164510 seconds
141.737: [GC141.737: [DefNew: 54656K->6784K(61440K), 0.0235560 secs] 141280K->103256K(198016K), 0.0236010 secs] [Times: user=0.02 sys=0.00, real=0.02 secs] 
141.760: Total time for which application threads were stopped: 0.0264910 seconds, Stopping threads took: 0.0028280 seconds
141.776: Application time: 0.0156030 seconds
141.776: [GC141.776: [DefNew: 61440K->6784K(61440K), 0.0312640 secs] 157912K->119523K(198016K), 0.0313050 secs] [Times: user=0.03 sys=0.00, real=0.03 secs] 
141.808: Total time for which application threads were stopped: 0.0314330 seconds, Stopping threads took: 0.0000640 seconds
141.822: Application time: 0.0148450 seconds
141.823: [GC141.823: [DefNew: 61440K->61440K(61440K), 0.0000100 secs]141.823: [Tenured: 112739K->119043K(136576K), 0.1855030 secs] 174179K->119043K(198016K), [Perm : 9043K->9043K(21248K)], 0.1855650 secs] [Times: user=0.19 sys=0.00, real=0.18 secs] 
142.008: Total time for which application threads were stopped: 0.1857360 seconds, Stopping threads took: 0.0001080 seconds
142.026: Application time: 0.0182230 seconds
142.027: [GC142.027: [DefNew: 54656K->54656K(61440K), 0.0000100 secs]142.027: [Tenured: 119043K->136168K(136576K), 0.2122390 secs] 173699K->136168K(198016K), [Perm : 9043K->9043K(21248K)], 0.2122960 secs] [Times: user=0.21 sys=0.00, real=0.21 secs] 
142.239: Total time for which application threads were stopped: 0.2125290 seconds, Stopping threads took: 0.0001380 seconds
142.261: Application time: 0.0220570 seconds
142.261: [GC142.261: [DefNew: 54656K->54656K(61440K), 0.0000090 secs]142.261: [Tenured: 136168K->136576K(136576K), 0.2533840 secs] 190824K->154248K(198016K), [Perm : 9043K->9043K(21248K)], 0.2534400 secs] [Times: user=0.25 sys=0.00, real=0.25 secs] 
142.515: Total time for which application threads were stopped: 0.2535870 seconds, Stopping threads took: 0.0000880 seconds
142.574: Application time: 0.0595850 seconds
142.574: [Full GC142.574: [Tenured: 136576K->136576K(136576K), 0.2704280 secs] 198016K->150392K(198016K), [Perm : 9043K->9043K(21248K)], 0.2704710 secs] [Times: user=0.27 sys=0.00, real=0.27 secs] 
142.845: Total time for which application threads were stopped: 0.2705550 seconds, Stopping threads took: 0.0000120 seconds
142.911: Application time: 0.0660710 seconds
142.911: [Full GC142.911: [Tenured: 136576K->136576K(136576K), 0.2375410 secs] 198016K->150500K(198016K), [Perm : 9043K->9043K(21248K)], 0.2375930 secs] [Times: user=0.24 sys=0.00, real=0.23 secs] 
143.148: Total time for which application threads were stopped: 0.2376730 seconds, Stopping threads took: 0.0000130 seconds
143.212: Application time: 0.0636840 seconds
143.212: [Full GC143.212: [Tenured: 136576K->136575K(136576K), 0.2362040 secs] 198016K->143341K(198016K), [Perm : 9043K->9043K(21248K)], 0.2362520 secs] [Times: user=0.24 sys=0.00, real=0.23 secs] 
143.448: Total time for which application threads were stopped: 0.2363350 seconds, Stopping threads took: 0.0000130 seconds
143.519: Application time: 0.0708010 seconds
143.519: [Full GC143.519: [Tenured: 136575K->136576K(136576K), 0.2302470 secs] 198015K->136579K(198016K), [Perm : 9043K->9043K(21248K)], 0.2302900 secs] [Times: user=0.23 sys=0.00, real=0.24 secs] 
143.750: Total time for which application threads were stopped: 0.2303620 seconds, Stopping threads took: 0.0000130 seconds
143.818: Application time: 0.0685020 seconds
143.818: [Full GC143.818: [Tenured: 136576K->119087K(136576K), 0.2127360 secs] 198016K->119087K(198016K), [Perm : 9043K->9043K(21248K)], 0.2127900 secs] [Times: user=0.21 sys=0.00, real=0.22 secs] 
144.031: Total time for which application threads were stopped: 0.2128730 seconds, Stopping threads took: 0.0000130 seconds
144.064: Application time: 0.0326410 seconds
144.064: [GC144.064: [DefNew: 54656K->54656K(61440K), 0.0000100 secs]144.064: [Tenured: 119087K->118898K(136576K), 0.1801720 secs] 173743K->118898K(198016K), [Perm : 9043K->9043K(21248K)], 0.1802270 secs] [Times: user=0.18 sys=0.00, real=0.18 secs] 
144.244: Total time for which application threads were stopped: 0.1803480 seconds, Stopping threads took: 0.0000610 seconds
144.280: Application time: 0.0362930 seconds
144.280: [GC144.280: [DefNew: 54656K->54656K(61440K), 0.0000100 secs]144.280: [Tenured: 118898K->109961K(136576K), 0.1702610 secs] 173554K->109961K(198016K), [Perm : 9043K->9043K(21248K)], 0.1703190 secs] [Times: user=0.18 sys=0.00, real=0.18 secs] 
144.451: Total time for which application threads were stopped: 0.1704290 seconds, Stopping threads took: 0.0000490 seconds
144.489: Application time: 0.0385330 seconds
144.489: [GC144.489: [DefNew: 54656K->5296K(61440K), 0.0183500 secs] 164617K->115258K(198016K), 0.0183910 secs] [Times: user=0.02 sys=0.00, real=0.01 secs] 
144.508: Total time for which application threads were stopped: 0.0185040 seconds, Stopping threads took: 0.0000420 seconds
144.542: Application time: 0.0344440 seconds
144.542: Total time for which application threads were stopped: 0.0002210 seconds, Stopping threads took: 0.0002020 seconds
144.551: Application time: 0.0088500 seconds
144.551: [GC144.551: [DefNew: 59952K->6784K(61440K), 0.0286450 secs] 169914K->126897K(198016K), 0.0286920 secs] [Times: user=0.03 sys=0.00, real=0.02 secs] 
144.580: Total time for which application threads were stopped: 0.0288740 seconds, Stopping threads took: 0.0001040 seconds
144.594: Application time: 0.0141660 seconds
144.595: [GC144.595: [DefNew: 61388K->61388K(61440K), 0.0000100 secs]144.595: [Tenured: 120113K->73071K(136576K), 0.0937200 secs] 181502K->73071K(198016K), [Perm : 9057K->9057K(21248K)], 0.0937750 secs] [Times: user=0.10 sys=0.00, real=0.09 secs] 
144.688: Total time for which application threads were stopped: 0.0940140 seconds, Stopping threads took: 0.0001470 seconds
144.703: Application time: 0.0148930 seconds
144.703: [GC144.703: [DefNew: 54620K->6784K(61440K), 0.0257550 secs] 127691K->95033K(198016K), 0.0257980 secs] [Times: user=0.02 sys=0.00, real=0.03 secs] 
144.729: Total time for which application threads were stopped: 0.0258890 seconds, Stopping threads took: 0.0000150 seconds
144.743: Application time: 0.0134720 seconds
144.743: [GC144.743: [DefNew: 61440K->6783K(61440K), 0.0295540 secs] 149689K->113399K(198016K), 0.0296000 secs] [Times: user=0.03 sys=0.00, real=0.03 secs] 
144.772: Total time for which application threads were stopped: 0.0297170 seconds, Stopping threads took: 0.0000390 seconds
144.785: Application time: 0.0131410 seconds
144.785: [GC144.786: [DefNew: 61439K->61439K(61440K), 0.0000100 secs]144.786: [Tenured: 106615K->125383K(136576K), 0.1997070 secs] 168055K->125383K(198016K), [Perm : 9057K->9057K(21248K)], 0.1997640 secs] [Times: user=0.20 sys=0.00, real=0.20 secs] 
144.985: Total time for which application threads were stopped: 0.1998540 seconds, Stopping threads took: 0.0000150 seconds
144.999: Application time: 0.0136600 seconds
144.999: [GC144.999: [DefNew: 54656K->54656K(61440K), 0.0000100 secs]144.999: [Tenured: 125383K->136575K(136576K), 0.2020430 secs] 180039K->138190K(198016K), [Perm : 9057K->9057K(21248K)], 0.2021000 secs] [Times: user=0.20 sys=0.00, real=0.21 secs] 
145.201: Total time for which application threads were stopped: 0.2023790 seconds, Stopping threads took: 0.0001780 seconds
145.259: Application time: 0.0576990 seconds
145.259: [Full GC145.259: [Tenured: 136575K->136575K(136576K), 0.2773830 secs] 198015K->171659K(198016K), [Perm : 9057K->9057K(21248K)], 0.2774290 secs] [Times: user=0.28 sys=0.00, real=0.28 secs] 
145.537: Total time for which application threads were stopped: 0.2775170 seconds, Stopping threads took: 0.0000130 seconds
145.585: Application time: 0.0488700 seconds
145.585: [Full GC145.586: [Tenured: 136576K->136576K(136576K), 0.2764370 secs] 198016K->176768K(198016K), [Perm : 9057K->9057K(21248K)], 0.2764790 secs] [Times: user=0.28 sys=0.00, real=0.28 secs] 
145.862: Total time for which application threads were stopped: 0.2765770 seconds, Stopping threads took: 0.0000130 seconds
145.916: Application time: 0.0537800 seconds
145.916: [Full GC145.916: [Tenured: 136576K->136575K(136576K), 0.2955790 secs] 198016K->169633K(198016K), [Perm : 9057K->9057K(21248K)], 0.2956240 secs] [Times: user=0.29 sys=0.00, real=0.30 secs] 
146.211: Total time for which application threads were stopped: 0.2957080 seconds, Stopping threads took: 0.0000140 seconds
146.269: Application time: 0.0577360 seconds
146.269: [Full GC146.269: [Tenured: 136575K->136575K(136576K), 0.2684980 secs] 198015K->170917K(198016K), [Perm : 9057K->9057K(21248K)], 0.2685420 secs] [Times: user=0.27 sys=0.00, real=0.26 secs] 
146.538: Total time for which application threads were stopped: 0.2686350 seconds, Stopping threads took: 0.0000130 seconds
146.586: Application time: 0.0483710 seconds
146.586: [Full GC146.586: [Tenured: 136575K->136575K(136576K), 0.2634850 secs] 198015K->168099K(198016K), [Perm : 9057K->9057K(21248K)], 0.2635300 secs] [Times: user=0.26 sys=0.00, real=0.27 secs] 
146.850: Total time for which application threads were stopped: 0.2636140 seconds, Stopping threads took: 0.0000140 seconds
146.902: Application time: 0.0519040 seconds
146.902: [Full GC146.902: [Tenured: 136576K->136575K(136576K), 0.2698480 secs] 198015K->166787K(198016K), [Perm : 9057K->9057K(21248K)], 0.2698930 secs] [Times: user=0.27 sys=0.00, real=0.27 secs] 
147.172: Total time for which application threads were stopped: 0.2699850 seconds, Stopping threads took: 0.0000130 seconds
147.231: Application time: 0.0590710 seconds
147.231: [Full GC147.231: [Tenured: 136575K->136576K(136576K), 0.2758620 secs] 198015K->154424K(198016K), [Perm : 9057K->9057K(21248K)], 0.2759050 secs] [Times: user=0.28 sys=0.00, real=0.27 secs] 
147.507: Total time for which application threads were stopped: 0.2759840 seconds, Stopping threads took: 0.0000130 seconds
147.579: Application time: 0.0723650 seconds
147.579: [Full GC147.579: [Tenured: 136576K->136576K(136576K), 0.2417870 secs] 198016K->155655K(198016K), [Perm : 9057K->9057K(21248K)], 0.2418310 secs] [Times: user=0.23 sys=0.00, real=0.25 secs] 
147.821: Total time for which application threads were stopped: 0.2419240 seconds, Stopping threads took: 0.0000130 seconds
147.883: Application time: 0.0620030 seconds
147.883: [Full GC147.883: [Tenured: 136576K->136575K(136576K), 0.2504290 secs] 198015K->147558K(198016K), [Perm : 9057K->9057K(21248K)], 0.2504730 secs] [Times: user=0.25 sys=0.00, real=0.25 secs] 
148.134: Total time for which application threads were stopped: 0.2505530 seconds, Stopping threads took: 0.0000120 seconds
148.195: Application time: 0.0615660 seconds
148.195: [Full GC148.195: [Tenured: 136576K->136576K(136576K), 0.2339600 secs] 198016K->138596K(198016K), [Perm : 9057K->9057K(21248K)], 0.2340080 secs] [Times: user=0.24 sys=0.00, real=0.24 secs] 
148.429: Total time for which application threads were stopped: 0.2341010 seconds, Stopping threads took: 0.0000130 seconds
148.508: Application time: 0.0787380 seconds
148.508: [Full GC148.508: [Tenured: 136576K->131030K(136576K), 0.2444460 secs] 198016K->131030K(198016K), [Perm : 9057K->9057K(21248K)], 0.2444930 secs] [Times: user=0.24 sys=0.00, real=0.25 secs] 
148.753: Total time for which application threads were stopped: 0.2445760 seconds, Stopping threads took: 0.0000130 seconds
148.783: Application time: 0.0302500 seconds
148.783: [GC148.783: [DefNew: 54656K->54656K(61440K), 0.0000100 secs]148.783: [Tenured: 131030K->127262K(136576K), 0.2110050 secs] 185686K->127262K(198016K), [Perm : 9057K->9057K(21248K)], 0.2110650 secs] [Times: user=0.21 sys=0.00, real=0.21 secs] 
148.994: Total time for which application threads were stopped: 0.2112570 seconds, Stopping threads took: 0.0001000 seconds
149.023: Application time: 0.0290260 seconds
149.023: [GC149.023: [DefNew: 54656K->54656K(61440K), 0.0000100 secs]149.023: [Tenured: 127262K->122525K(136576K), 0.2035090 secs] 181918K->122525K(198016K), [Perm : 9057K->9057K(21248K)], 0.2035680 secs] [Times: user=0.20 sys=0.00, real=0.20 secs] 
149.227: Total time for which application threads were stopped: 0.2037570 seconds, Stopping threads took: 0.0001170 seconds
149.257: Application time: 0.0301190 seconds
149.261: [GC149.261: [DefNew: 54656K->54656K(61440K), 0.0000110 secs]149.261: [Tenured: 122525K->104777K(136576K), 0.1702070 secs] 177181K->104777K(198016K), [Perm : 9057K->9057K(21248K)], 0.1702660 secs] [Times: user=0.17 sys=0.00, real=0.17 secs] 
149.431: Total time for which application threads were stopped: 0.1741250 seconds, Stopping threads took: 0.0037860 seconds
149.456: Application time: 0.0248690 seconds
149.456: [GC149.456: [DefNew: 54656K->6784K(61440K), 0.0178070 secs] 159433K->113492K(198016K), 0.0178490 secs] [Times: user=0.02 sys=0.00, real=0.02 secs] 
149.474: Total time for which application threads were stopped: 0.0180090 seconds, Stopping threads took: 0.0000780 seconds
149.489: Application time: 0.0146070 seconds
149.493: [GC149.493: [DefNew: 61331K->6784K(61440K), 0.0339900 secs] 168040K->131573K(198016K), 0.0340300 secs] [Times: user=0.04 sys=0.00, real=0.03 secs] 
149.527: Total time for which application threads were stopped: 0.0381790 seconds, Stopping threads took: 0.0040740 seconds
149.541: Application time: 0.0138180 seconds
149.541: [GC149.541: [DefNew: 61440K->61440K(61440K), 0.0000100 secs]149.541: [Tenured: 124789K->82543K(136576K), 0.1314840 secs] 186229K->82543K(198016K), [Perm : 9057K->9057K(21248K)], 0.1315440 secs] [Times: user=0.13 sys=0.00, real=0.13 secs] 
149.672: Total time for which application threads were stopped: 0.1317810 seconds, Stopping threads took: 0.0001640 seconds
149.686: Application time: 0.0131410 seconds
149.686: [GC149.686: [DefNew: 54656K->6784K(61440K), 0.0262890 secs] 137199K->102076K(198016K), 0.0263330 secs] [Times: user=0.03 sys=0.00, real=0.03 secs] 
149.712: Total time for which application threads were stopped: 0.0265080 seconds, Stopping threads took: 0.0001000 seconds
149.725: Application time: 0.0130540 seconds
149.725: [GC149.725: [DefNew: 61440K->6783K(61440K), 0.0305170 secs] 156732K->119040K(198016K), 0.0305590 secs] [Times: user=0.03 sys=0.00, real=0.03 secs] 
149.756: Total time for which application threads were stopped: 0.0307560 seconds, Stopping threads took: 0.0001250 seconds
149.770: Application time: 0.0142720 seconds
149.770: [GC149.770: [DefNew: 61439K->61439K(61440K), 0.0000090 secs] 173696K->173696K(198016K), 0.0000320 secs] [Times: user=0.00 sys=0.00, real=0.00 secs] 
149.770: [Full GC149.770: [Tenured: 112256K->134361K(136576K), 0.2282260 secs] 173696K->134361K(198016K), [Perm : 9057K->9057K(21248K)], 0.2282550 secs] [Times: user=0.23 sys=0.00, real=0.22 secs] 
149.999: Total time for which application threads were stopped: 0.2284680 seconds, Stopping threads took: 0.0000930 seconds
150.019: Application time: 0.0200430 seconds
150.019: [GC150.019: [DefNew: 54656K->54656K(61440K), 0.0000090 secs]150.019: [Tenured: 134361K->136575K(136576K), 0.2557510 secs] 189017K->159764K(198016K), [Perm : 9057K->9057K(21248K)], 0.2558070 secs] [Times: user=0.25 sys=0.00, real=0.26 secs] 
150.275: Total time for which application threads were stopped: 0.2560000 seconds, Stopping threads took: 0.0001140 seconds
150.328: Application time: 0.0534680 seconds
150.328: [Full GC150.328: [Tenured: 136575K->136575K(136576K), 0.2915370 secs] 198015K->176722K(198016K), [Perm : 9057K->9057K(21248K)], 0.2915810 secs] [Times: user=0.29 sys=0.00, real=0.29 secs] 
150.620: Total time for which application threads were stopped: 0.2917260 seconds, Stopping threads took: 0.0000330 seconds
150.664: Application time: 0.0443030 seconds
150.664: [Full GC150.664: [Tenured: 136575K->136575K(136576K), 0.3154650 secs] 198015K->171849K(198016K), [Perm : 9057K->9057K(21248K)], 0.3155220 secs] [Times: user=0.31 sys=0.00, real=0.31 secs] 
150.980: Total time for which application threads were stopped: 0.3156180 seconds, Stopping threads took: 0.0000130 seconds
151.031: Application time: 0.0514470 seconds
151.031: [Full GC151.031: [Tenured: 136575K->136575K(136576K), 0.2813090 secs] 198015K->171489K(198016K), [Perm : 9057K->9057K(21248K)], 0.2813520 secs] [Times: user=0.28 sys=0.00, real=0.28 secs] 
151.313: Total time for which application threads were stopped: 0.2814430 seconds, Stopping threads took: 0.0000130 seconds
151.363: Application time: 0.0505760 seconds
151.363: [Full GC151.363: [Tenured: 136576K->136575K(136576K), 0.2731930 secs] 198016K->170291K(198016K), [Perm : 9057K->9057K(21248K)], 0.2732380 secs] [Times: user=0.27 sys=0.01, real=0.27 secs] 
151.637: Total time for which application threads were stopped: 0.2733320 seconds, Stopping threads took: 0.0000130 seconds
151.689: Application time: 0.0520530 seconds
151.689: [Full GC151.689: [Tenured: 136575K->136576K(136576K), 0.2822980 secs] 198015K->169119K(198016K), [Perm : 9057K->9057K(21248K)], 0.2823430 secs] [Times: user=0.28 sys=0.00, real=0.28 secs] 
151.971: Total time for which application threads were stopped: 0.2824280 seconds, Stopping threads took: 0.0000160 seconds
152.022: Application time: 0.0505970 seconds
152.022: [Full GC152.022: [Tenured: 136576K->136575K(136576K), 0.2892010 secs] 198016K->157733K(198016K), [Perm : 9057K->9057K(21248K)], 0.2892480 secs] [Times: user=0.29 sys=0.00, real=0.29 secs] 
152.311: Total time for which application threads were stopped: 0.2893390 seconds, Stopping threads took: 0.0000130 seconds
152.377: Application time: 0.0657760 seconds
152.377: [Full GC152.377: [Tenured: 136575K->136575K(136576K), 0.2539360 secs] 198015K->158752K(198016K), [Perm : 9057K->9057K(21248K)], 0.2539830 secs] [Times: user=0.25 sys=0.00, real=0.26 secs] 
152.631: Total time for which application threads were stopped: 0.2540650 seconds, Stopping threads took: 0.0000130 seconds
152.691: Application time: 0.0604780 seconds
152.691: [Full GC152.691: [Tenured: 136575K->136575K(136576K), 0.2666750 secs] 198015K->152053K(198016K), [Perm : 9057K->9057K(21248K)], 0.2667200 secs] [Times: user=0.27 sys=0.00, real=0.26 secs] 
152.958: Total time for which application threads were stopped: 0.2668120 seconds, Stopping threads took: 0.0000120 seconds
153.023: Application time: 0.0652310 seconds
153.023: [Full GC153.023: [Tenured: 136575K->136575K(136576K), 0.2502980 secs] 198015K->143060K(198016K), [Perm : 9057K->9057K(21248K)], 0.2503520 secs] [Times: user=0.25 sys=0.00, real=0.25 secs] 
153.274: Total time for which application threads were stopped: 0.2504430 seconds, Stopping threads took: 0.0000130 seconds
153.343: Application time: 0.0692700 seconds
153.343: [Full GC153.343: [Tenured: 136575K->131125K(136576K), 0.2438950 secs] 198015K->131125K(198016K), [Perm : 9057K->9057K(21248K)], 0.2439410 secs] [Times: user=0.25 sys=0.00, real=0.24 secs] 
153.587: Total time for which application threads were stopped: 0.2440310 seconds, Stopping threads took: 0.0000140 seconds
153.619: Application time: 0.0322540 seconds
153.621: [GC153.621: [DefNew: 54656K->54656K(61440K), 0.0000100 secs]153.621: [Tenured: 131125K->133479K(136576K), 0.2078600 secs] 185781K->133479K(198016K), [Perm : 9057K->9057K(21248K)], 0.2079250 secs] [Times: user=0.21 sys=0.01, real=0.21 secs] 
153.829: Total time for which application threads were stopped: 0.2093270 seconds, Stopping threads took: 0.0013300 seconds
153.856: Application time: 0.0276220 seconds
153.857: [GC153.857: [DefNew: 54656K->54656K(61440K), 0.0000100 secs]153.857: [Tenured: 133479K->125901K(136576K), 0.2170650 secs] 188135K->125901K(198016K), [Perm : 9057K->9057K(21248K)], 0.2171200 secs] [Times: user=0.22 sys=0.00, real=0.22 secs] 
154.074: Total time for which application threads were stopped: 0.2173300 seconds, Stopping threads took: 0.0001290 seconds
154.103: Application time: 0.0296840 seconds
154.104: [GC154.104: [DefNew: 54656K->54656K(61440K), 0.0000090 secs]154.104: [Tenured: 125901K->116727K(136576K), 0.1980010 secs] 180557K->116727K(198016K), [Perm : 9057K->9057K(21248K)], 0.1980650 secs] [Times: user=0.20 sys=0.00, real=0.20 secs] 
154.302: Total time for which application threads were stopped: 0.1982450 seconds, Stopping threads took: 0.0001090 seconds
154.332: Application time: 0.0298710 seconds
154.332: [GC154.332: [DefNew: 54656K->54656K(61440K), 0.0000090 secs]154.332: [Tenured: 116727K->91017K(136576K), 0.1523650 secs] 171383K->91017K(198016K), [Perm : 9057K->9057K(21248K)], 0.1524240 secs] [Times: user=0.15 sys=0.00, real=0.15 secs] 
154.484: Total time for which application threads were stopped: 0.1525760 seconds, Stopping threads took: 0.0000780 seconds
154.503: Application time: 0.0186030 seconds
154.503: [GC154.503: [DefNew: 54656K->6784K(61440K), 0.0186230 secs] 145673K->104955K(198016K), 0.0186650 secs] [Times: user=0.02 sys=0.00, real=0.02 secs] 
154.522: Total time for which application threads were stopped: 0.0188800 seconds, Stopping threads took: 0.0001300 seconds
154.535: Application time: 0.0134300 seconds
154.537: [GC154.537: [DefNew: 61297K->6783K(61440K), 0.0319090 secs] 159468K->123367K(198016K), 0.0319500 secs] [Times: user=0.03 sys=0.00, real=0.04 secs] 
154.569: Total time for which application threads were stopped: 0.0337820 seconds, Stopping threads took: 0.0017570 seconds
154.583: Application time: 0.0139960 seconds
154.585: [GC154.585: [DefNew: 61439K->61439K(61440K), 0.0000090 secs]154.585: [Tenured: 116583K->93348K(136576K), 0.1355830 secs] 178023K->93348K(198016K), [Perm : 9058K->9058K(21248K)], 0.1356390 secs] [Times: user=0.14 sys=0.00, real=0.13 secs] 
154.721: Total time for which application threads were stopped: 0.1377060 seconds, Stopping threads took: 0.0019940 seconds
154.735: Application time: 0.0140950 seconds
154.735: [GC154.735: [DefNew: 54656K->6784K(61440K), 0.0310130 secs] 148004K->113054K(198016K), 0.0310540 secs] [Times: user=0.03 sys=0.00, real=0.03 secs] 
154.766: Total time for which application threads were stopped: 0.0312530 seconds, Stopping threads took: 0.0001080 seconds
154.778: Application time: 0.0124180 seconds
154.778: [GC154.778: [DefNew: 61440K->61440K(61440K), 0.0000100 secs]154.778: [Tenured: 106270K->127946K(136576K), 0.1828220 secs] 167710K->127946K(198016K), [Perm : 9058K->9058K(21248K)], 0.1828810 secs] [Times: user=0.19 sys=0.00, real=0.19 secs] 
154.961: Total time for which application threads were stopped: 0.1830860 seconds, Stopping threads took: 0.0001120 seconds
154.977: Application time: 0.0152900 seconds
154.977: [GC154.977: [DefNew: 54656K->54656K(61440K), 0.0000090 secs]154.977: [Tenured: 127946K->136576K(136576K), 0.2137780 secs] 182602K->146708K(198016K), [Perm : 9058K->9058K(21248K)], 0.2138370 secs] [Times: user=0.21 sys=0.00, real=0.22 secs] 
155.191: Total time for which application threads were stopped: 0.2139440 seconds, Stopping threads took: 0.0000260 seconds
155.246: Application time: 0.0551530 seconds
155.246: [Full GC155.246: [Tenured: 136576K->136575K(136576K), 0.3282220 secs] 198015K->169124K(198016K), [Perm : 9058K->9058K(21248K)], 0.3282660 secs] [Times: user=0.33 sys=0.00, real=0.33 secs] 
155.574: Total time for which application threads were stopped: 0.3283570 seconds, Stopping threads took: 0.0000120 seconds
155.622: Application time: 0.0483780 seconds
155.623: [Full GC155.623: [Tenured: 136575K->136575K(136576K), 0.2869930 secs] 198015K->177191K(198016K), [Perm : 9058K->9058K(21248K)], 0.2870390 secs] [Times: user=0.29 sys=0.00, real=0.29 secs] 
155.910: Total time for which application threads were stopped: 0.2871190 seconds, Stopping threads took: 0.0000130 seconds
155.961: Application time: 0.0514680 seconds
155.961: [Full GC155.961: [Tenured: 136575K->136575K(136576K), 0.2804780 secs] 198015K->176748K(198016K), [Perm : 9058K->9058K(21248K)], 0.2805220 secs] [Times: user=0.29 sys=0.00, real=0.28 secs] 
156.242: Total time for which application threads were stopped: 0.2806150 seconds, Stopping threads took: 0.0000130 seconds
156.290: Application time: 0.0485380 seconds
156.290: [Full GC156.290: [Tenured: 136576K->136575K(136576K), 0.2801180 secs] 198016K->174223K(198016K), [Perm : 9058K->9058K(21248K)], 0.2801700 secs] [Times: user=0.28 sys=0.00, real=0.28 secs] 
156.571: Total time for which application threads were stopped: 0.2802530 seconds, Stopping threads took: 0.0000140 seconds
156.619: Application time: 0.0489740 seconds
156.620: [Full GC156.620: [Tenured: 136575K->136575K(136576K), 0.2952570 secs] 198015K->163622K(198016K), [Perm : 9058K->9058K(21248K)], 0.2953020 secs] [Times: user=0.29 sys=0.00, real=0.30 secs] 
156.915: Total time for which application threads were stopped: 0.2953940 seconds, Stopping threads took: 0.0000130 seconds
156.971: Application time: 0.0561870 seconds
156.971: [Full GC156.971: [Tenured: 136575K->136575K(136576K), 0.2611260 secs] 198015K->165190K(198016K), [Perm : 9058K->9058K(21248K)], 0.2611700 secs] [Times: user=0.26 sys=0.00, real=0.26 secs] 
157.232: Total time for which application threads were stopped: 0.2612510 seconds, Stopping threads took: 0.0000130 seconds
157.293: Application time: 0.0606530 seconds
157.293: [Full GC157.293: [Tenured: 136575K->136576K(136576K), 0.2641440 secs] 198015K->163120K(198016K), [Perm : 9058K->9058K(21248K)], 0.2641880 secs] [Times: user=0.27 sys=0.00, real=0.26 secs] 
157.557: Total time for which application threads were stopped: 0.2642780 seconds, Stopping threads took: 0.0000120 seconds
157.618: Application time: 0.0606390 seconds
157.618: [Full GC157.618: [Tenured: 136576K->136575K(136576K), 0.2724910 secs] 198015K->157234K(198016K), [Perm : 9058K->9058K(21248K)], 0.2725340 secs] [Times: user=0.28 sys=0.00, real=0.28 secs] 
157.891: Total time for which application threads were stopped: 0.2726180 seconds, Stopping threads took: 0.0000130 seconds
157.955: Application time: 0.0649450 seconds
157.956: [Full GC157.956: [Tenured: 136575K->136575K(136576K), 0.2641420 secs] 198015K->142844K(198016K), [Perm : 9058K->9058K(21248K)], 0.2641890 secs] [Times: user=0.26 sys=0.00, real=0.26 secs] 
158.220: Total time for which application threads were stopped: 0.2642820 seconds, Stopping threads took: 0.0000130 seconds
158.290: Application time: 0.0699020 seconds
158.290: [Full GC158.290: [Tenured: 136576K->136575K(136576K), 0.2337160 secs] 198016K->140908K(198016K), [Perm : 9058K->9058K(21248K)], 0.2337720 secs] [Times: user=0.23 sys=0.00, real=0.23 secs] 
158.524: Total time for which application threads were stopped: 0.2338560 seconds, Stopping threads took: 0.0000140 seconds
158.598: Application time: 0.0747670 seconds
158.598: [Full GC158.598: [Tenured: 136575K->136575K(136576K), 0.2398920 secs] 198015K->137910K(198016K), [Perm : 9058K->9058K(21248K)], 0.2399350 secs] [Times: user=0.24 sys=0.00, real=0.24 secs] 
158.838: Total time for which application threads were stopped: 0.2400280 seconds, Stopping threads took: 0.0000140 seconds
158.913: Application time: 0.0742870 seconds
158.913: [Full GC158.913: [Tenured: 136575K->128728K(136576K), 0.2229710 secs] 198015K->128728K(198016K), [Perm : 9058K->9058K(21248K)], 0.2230160 secs] [Times: user=0.23 sys=0.00, real=0.22 secs] 
159.136: Total time for which application threads were stopped: 0.2230980 seconds, Stopping threads took: 0.0000130 seconds
159.164: Application time: 0.0279550 seconds
159.164: [GC159.164: [DefNew: 54656K->54656K(61440K), 0.0000100 secs]159.164: [Tenured: 128728K->116075K(136576K), 0.2098550 secs] 183384K->116075K(198016K), [Perm : 9058K->9058K(21248K)], 0.2099140 secs] [Times: user=0.21 sys=0.01, real=0.21 secs] 
159.374: Total time for which application threads were stopped: 0.2100950 seconds, Stopping threads took: 0.0000940 seconds
159.404: Application time: 0.0299670 seconds
159.404: [GC159.404: [DefNew: 54656K->54656K(61440K), 0.0000090 secs]159.404: [Tenured: 116075K->108587K(136576K), 0.1746850 secs] 170731K->108587K(198016K), [Perm : 9058K->9058K(21248K)], 0.1747420 secs] [Times: user=0.18 sys=0.00, real=0.17 secs] 
159.579: Total time for which application threads were stopped: 0.1749700 seconds, Stopping threads took: 0.0001470 seconds
159.605: Application time: 0.0259550 seconds
159.605: [GC159.605: [DefNew: 54656K->54656K(61440K), 0.0000100 secs]159.605: [Tenured: 108587K->82251K(136576K), 0.1184380 secs] 163243K->82251K(198016K), [Perm : 9058K->9058K(21248K)], 0.1184950 secs] [Times: user=0.12 sys=0.00, real=0.12 secs] 
159.723: Total time for which application threads were stopped: 0.1186570 seconds, Stopping threads took: 0.0000860 seconds
159.739: Application time: 0.0157750 seconds
159.741: [GC159.741: [DefNew: 54516K->6784K(61440K), 0.0231320 secs] 136767K->100199K(198016K), 0.0231740 secs] [Times: user=0.02 sys=0.00, real=0.02 secs] 
159.764: Total time for which application threads were stopped: 0.0249860 seconds, Stopping threads took: 0.0017270 seconds
159.779: Application time: 0.0145910 seconds
159.779: [GC159.779: [DefNew: 61440K->6784K(61440K), 0.0306380 secs] 154855K->117537K(198016K), 0.0306800 secs] [Times: user=0.03 sys=0.00, real=0.04 secs] 
159.809: Total time for which application threads were stopped: 0.0308210 seconds, Stopping threads took: 0.0000650 seconds
159.823: Application time: 0.0134470 seconds
159.825: [GC159.825: [DefNew: 61440K->61440K(61440K), 0.0000090 secs]159.825: [Tenured: 110753K->100930K(136576K), 0.1516980 secs] 172193K->100930K(198016K), [Perm : 9058K->9058K(21248K)], 0.1517570 secs] [Times: user=0.15 sys=0.00, real=0.15 secs] 
159.977: Total time for which application threads were stopped: 0.1536770 seconds, Stopping threads took: 0.0018470 seconds
159.990: Application time: 0.0132420 seconds
159.990: [GC159.990: [DefNew: 54656K->6784K(61440K), 0.0247040 secs] 155586K->118973K(198016K), 0.0247440 secs] [Times: user=0.02 sys=0.00, real=0.02 secs] 
160.015: Total time for which application threads were stopped: 0.0248550 seconds, Stopping threads took: 0.0000340 seconds
160.030: Application time: 0.0154320 seconds
160.030: [GC160.030: [DefNew: 61440K->61440K(61440K), 0.0000090 secs]160.030: [Tenured: 112189K->132332K(136576K), 0.2191090 secs] 173629K->132332K(198016K), [Perm : 9058K->9058K(21248K)], 0.2191660 secs] [Times: user=0.22 sys=0.00, real=0.22 secs] 
160.249: Total time for which application threads were stopped: 0.2193020 seconds, Stopping threads took: 0.0000670 seconds
160.268: Application time: 0.0185620 seconds
160.268: [GC160.268: [DefNew: 54656K->54656K(61440K), 0.0000090 secs]160.268: [Tenured: 132332K->136575K(136576K), 0.2437670 secs] 186988K->154884K(198016K), [Perm : 9058K->9058K(21248K)], 0.2438270 secs] [Times: user=0.24 sys=0.00, real=0.25 secs] 
160.512: Total time for which application threads were stopped: 0.2439760 seconds, Stopping threads took: 0.0000620 seconds
160.563: Application time: 0.0509940 seconds
160.563: [Full GC160.563: [Tenured: 136575K->136576K(136576K), 0.2850940 secs] 198015K->175073K(198016K), [Perm : 9058K->9058K(21248K)], 0.2851390 secs] [Times: user=0.29 sys=0.00, real=0.28 secs] 
160.848: Total time for which application threads were stopped: 0.2852200 seconds, Stopping threads took: 0.0000130 seconds
160.897: Application time: 0.0484720 seconds
160.897: [Full GC160.897: [Tenured: 136576K->136576K(136576K), 0.2856390 secs] 198016K->178656K(198016K), [Perm : 9058K->9058K(21248K)], 0.2856820 secs] [Times: user=0.29 sys=0.00, real=0.29 secs] 
161.182: Total time for which application threads were stopped: 0.2857790 seconds, Stopping threads took: 0.0000130 seconds
161.232: Application time: 0.0496830 seconds
161.232: [Full GC161.232: [Tenured: 136576K->136576K(136576K), 0.3094840 secs] 198015K->168626K(198016K), [Perm : 9058K->9058K(21248K)], 0.3095290 secs] [Times: user=0.31 sys=0.00, real=0.31 secs] 
161.542: Total time for which application threads were stopped: 0.3096210 seconds, Stopping threads took: 0.0000240 seconds
161.600: Application time: 0.0583670 seconds
161.600: [Full GC161.600: [Tenured: 136576K->136576K(136576K), 0.2745060 secs] 198015K->169301K(198016K), [Perm : 9058K->9058K(21248K)], 0.2745500 secs] [Times: user=0.27 sys=0.00, real=0.28 secs] 
161.875: Total time for which application threads were stopped: 0.2746550 seconds, Stopping threads took: 0.0000140 seconds
161.931: Application time: 0.0563310 seconds
161.931: [Full GC161.931: [Tenured: 136576K->136576K(136576K), 0.2729450 secs] 198016K->168612K(198016K), [Perm : 9058K->9058K(21248K)], 0.2729900 secs] [Times: user=0.28 sys=0.00, real=0.27 secs] 
162.204: Total time for which application threads were stopped: 0.2730720 seconds, Stopping threads took: 0.0000130 seconds
162.262: Application time: 0.0574440 seconds
162.262: [Full GC162.262: [Tenured: 136576K->136575K(136576K), 0.2798660 secs] 198016K->165774K(198016K), [Perm : 9058K->9058K(21248K)], 0.2799110 secs] [Times: user=0.28 sys=0.00, real=0.28 secs] 
162.542: Total time for which application threads were stopped: 0.2800010 seconds, Stopping threads took: 0.0000130 seconds
162.602: Application time: 0.0606810 seconds
162.602: [Full GC162.602: [Tenured: 136575K->136575K(136576K), 0.2823830 secs] 198015K->153055K(198016K), [Perm : 9058K->9058K(21248K)], 0.2824260 secs] [Times: user=0.29 sys=0.00, real=0.28 secs] 
162.885: Total time for which application threads were stopped: 0.2825070 seconds, Stopping threads took: 0.0000130 seconds
162.950: Application time: 0.0650950 seconds
162.950: [Full GC162.950: [Tenured: 136576K->136575K(136576K), 0.2520230 secs] 198016K->152860K(198016K), [Perm : 9058K->9058K(21248K)], 0.2520660 secs] [Times: user=0.25 sys=0.00, real=0.25 secs] 
163.202: Total time for which application threads were stopped: 0.2521590 seconds, Stopping threads took: 0.0000140 seconds
163.267: Application time: 0.0651890 seconds
163.267: [Full GC163.267: [Tenured: 136576K->136576K(136576K), 0.2475710 secs] 198016K->144537K(198016K), [Perm : 9058K->9058K(21248K)], 0.2476180 secs] [Times: user=0.24 sys=0.00, real=0.25 secs] 
163.515: Total time for which application threads were stopped: 0.2477060 seconds, Stopping threads took: 0.0000130 seconds
163.583: Application time: 0.0678770 seconds
163.583: [Full GC163.583: [Tenured: 136576K->136575K(136576K), 0.2422270 secs] 198016K->138114K(198016K), [Perm : 9058K->9058K(21248K)], 0.2422730 secs] [Times: user=0.24 sys=0.00, real=0.24 secs] 
163.825: Total time for which application threads were stopped: 0.2423660 seconds, Stopping threads took: 0.0000140 seconds
163.895: Application time: 0.0693340 seconds
163.895: [Full GC163.895: [Tenured: 136575K->128608K(136576K), 0.2436420 secs] 198015K->128608K(198016K), [Perm : 9058K->9058K(21248K)], 0.2436840 secs] [Times: user=0.24 sys=0.00, real=0.24 secs] 
164.138: Total time for which application threads were stopped: 0.2437650 seconds, Stopping threads took: 0.0000130 seconds
164.166: Application time: 0.0279810 seconds
164.166: [GC164.166: [DefNew: 54656K->54656K(61440K), 0.0000100 secs]164.167: [Tenured: 128608K->125940K(136576K), 0.2129080 secs] 183264K->125940K(198016K), [Perm : 9059K->9059K(21248K)], 0.2129700 secs] [Times: user=0.21 sys=0.00, real=0.21 secs] 
164.379: Total time for which application threads were stopped: 0.2131550 seconds, Stopping threads took: 0.0000990 seconds
164.408: Application time: 0.0285000 seconds
164.408: [GC164.408: [DefNew: 54656K->54656K(61440K), 0.0000090 secs]164.408: [Tenured: 125940K->117609K(136576K), 0.2277700 secs] 180596K->117609K(198016K), [Perm : 9059K->9059K(21248K)], 0.2278320 secs] [Times: user=0.22 sys=0.00, real=0.23 secs] 
164.636: Total time for which application threads were stopped: 0.2279990 seconds, Stopping threads took: 0.0000890 seconds
164.664: Application time: 0.0283930 seconds
164.665: [GC164.665: [DefNew: 54656K->54656K(61440K), 0.0000110 secs]164.665: [Tenured: 117609K->94971K(136576K), 0.1499310 secs] 172265K->94971K(198016K), [Perm : 9059K->9059K(21248K)], 0.1499930 secs] [Times: user=0.15 sys=0.00, real=0.15 secs] 
164.815: Total time for which application threads were stopped: 0.1501970 seconds, Stopping threads took: 0.0001310 seconds
164.834: Application time: 0.0190460 seconds
164.834: [GC164.834: [DefNew: 54656K->6783K(61440K), 0.0210690 secs] 149627K->108724K(198016K), 0.0211210 secs] [Times: user=0.02 sys=0.00, real=0.02 secs] 
164.855: Total time for which application threads were stopped: 0.0212700 seconds, Stopping threads took: 0.0000650 seconds
164.870: Application time: 0.0153870 seconds
164.870: [GC164.871: [DefNew: 61439K->6784K(61440K), 0.0327110 secs] 163380K->126474K(198016K), 0.0327550 secs] [Times: user=0.03 sys=0.00, real=0.03 secs] 
164.903: Total time for which application threads were stopped: 0.0329930 seconds, Stopping threads took: 0.0001650 seconds
164.917: Application time: 0.0141440 seconds
164.918: [GC164.918: [DefNew: 61440K->61440K(61440K), 0.0000090 secs]164.918: [Tenured: 119690K->94466K(136576K), 0.1457600 secs] 181130K->94466K(198016K), [Perm : 9059K->9059K(21248K)], 0.1458170 secs] [Times: user=0.15 sys=0.00, real=0.15 secs] 
165.063: Total time for which application threads were stopped: 0.1459610 seconds, Stopping threads took: 0.0000700 seconds
165.076: Application time: 0.0129420 seconds
165.076: [GC165.076: [DefNew: 54656K->6783K(61440K), 0.0250840 secs] 149122K->112820K(198016K), 0.0251240 secs] [Times: user=0.02 sys=0.00, real=0.03 secs] 
165.102: Total time for which application threads were stopped: 0.0252680 seconds, Stopping threads took: 0.0000710 seconds
165.115: Application time: 0.0138120 seconds
165.116: [GC165.116: [DefNew: 61439K->6783K(61440K), 0.0316240 secs] 167476K->129417K(198016K), 0.0316680 secs] [Times: user=0.04 sys=0.00, real=0.03 secs] 
165.147: Total time for which application threads were stopped: 0.0318050 seconds, Stopping threads took: 0.0000620 seconds
165.164: Application time: 0.0167480 seconds
165.165: [GC165.165: [DefNew: 61439K->61439K(61440K), 0.0000090 secs]165.165: [Tenured: 122633K->136576K(136576K), 0.2417990 secs] 184073K->149290K(198016K), [Perm : 9059K->9059K(21248K)], 0.2418570 secs] [Times: user=0.24 sys=0.00, real=0.24 secs] 
165.407: Total time for which application threads were stopped: 0.2425790 seconds, Stopping threads took: 0.0006320 seconds
165.459: Application time: 0.0523270 seconds
165.459: [Full GC165.459: [Tenured: 136576K->136576K(136576K), 0.2783530 secs] 198015K->171158K(198016K), [Perm : 9059K->9059K(21248K)], 0.2783980 secs] [Times: user=0.28 sys=0.00, real=0.28 secs] 
165.737: Total time for which application threads were stopped: 0.2784880 seconds, Stopping threads took: 0.0000130 seconds
165.781: Application time: 0.0436550 seconds
165.781: [Full GC165.781: [Tenured: 136576K->136575K(136576K), 0.3061420 secs] 198016K->176245K(198016K), [Perm : 9059K->9059K(21248K)], 0.3061920 secs] [Times: user=0.31 sys=0.00, real=0.30 secs] 
166.087: Total time for which application threads were stopped: 0.3062740 seconds, Stopping threads took: 0.0000130 seconds
166.138: Application time: 0.0511260 seconds
166.138: [Full GC166.139: [Tenured: 136575K->136575K(136576K), 0.3198020 secs] 198015K->170107K(198016K), [Perm : 9059K->9059K(21248K)], 0.3198430 secs] [Times: user=0.32 sys=0.00, real=0.32 secs] 
166.458: Total time for which application threads were stopped: 0.3199360 seconds, Stopping threads took: 0.0000130 seconds
166.513: Application time: 0.0542330 seconds
166.513: [Full GC166.513: [Tenured: 136576K->136576K(136576K), 0.2827860 secs] 198015K->171032K(198016K), [Perm : 9059K->9059K(21248K)], 0.2828310 secs] [Times: user=0.29 sys=0.00, real=0.28 secs] 
166.796: Total time for which application threads were stopped: 0.2829130 seconds, Stopping threads took: 0.0000130 seconds
166.850: Application time: 0.0540060 seconds
166.850: [Full GC166.850: [Tenured: 136576K->136576K(136576K), 0.2834810 secs] 198016K->170880K(198016K), [Perm : 9059K->9059K(21248K)], 0.2835250 secs] [Times: user=0.29 sys=0.00, real=0.28 secs] 
167.133: Total time for which application threads were stopped: 0.2836190 seconds, Stopping threads took: 0.0000130 seconds
167.187: Application time: 0.0534070 seconds
167.187: [Full GC167.187: [Tenured: 136576K->136576K(136576K), 0.3143860 secs] 198015K->168698K(198016K), [Perm : 9059K->9059K(21248K)], 0.3144330 secs] [Times: user=0.31 sys=0.00, real=0.32 secs] 
167.501: Total time for which application threads were stopped: 0.3145290 seconds, Stopping threads took: 0.0000130 seconds
167.556: Application time: 0.0546020 seconds
167.556: [Full GC167.556: [Tenured: 136576K->136575K(136576K), 0.2938310 secs] 198016K->156899K(198016K), [Perm : 9059K->9059K(21248K)], 0.2938760 secs] [Times: user=0.29 sys=0.00, real=0.30 secs] 
167.850: Total time for which application threads were stopped: 0.2939660 seconds, Stopping threads took: 0.0000130 seconds
167.917: Application time: 0.0670180 seconds
167.917: [Full GC167.917: [Tenured: 136575K->136575K(136576K), 0.2530680 secs] 198015K->157774K(198016K), [Perm : 9059K->9059K(21248K)], 0.2531120 secs] [Times: user=0.25 sys=0.00, real=0.26 secs] 
168.170: Total time for which application threads were stopped: 0.2531980 seconds, Stopping threads took: 0.0000130 seconds
168.234: Application time: 0.0636680 seconds
168.234: [Full GC168.234: [Tenured: 136575K->136576K(136576K), 0.2626700 secs] 198015K->151141K(198016K), [Perm : 9059K->9059K(21248K)], 0.2627160 secs] [Times: user=0.26 sys=0.00, real=0.26 secs] 
168.496: Total time for which application threads were stopped: 0.2628110 seconds, Stopping threads took: 0.0000130 seconds
168.562: Application time: 0.0652210 seconds
168.562: [Full GC168.562: [Tenured: 136576K->136575K(136576K), 0.2497050 secs] 198015K->142085K(198016K), [Perm : 9059K->9059K(21248K)], 0.2497530 secs] [Times: user=0.25 sys=0.00, real=0.25 secs] 
168.811: Total time for which application threads were stopped: 0.2498340 seconds, Stopping threads took: 0.0000130 seconds
168.880: Application time: 0.0690520 seconds
168.881: [Full GC168.881: [Tenured: 136575K->131266K(136576K), 0.2523010 secs] 198015K->131266K(198016K), [Perm : 9059K->9059K(21248K)], 0.2523430 secs] [Times: user=0.26 sys=0.00, real=0.26 secs] 
169.133: Total time for which application threads were stopped: 0.2524340 seconds, Stopping threads took: 0.0000140 seconds
169.164: Application time: 0.0315510 seconds
169.165: [GC169.165: [DefNew: 54656K->54656K(61440K), 0.0000100 secs]169.165: [Tenured: 131266K->131860K(136576K), 0.2216490 secs] 185922K->131860K(198016K), [Perm : 9059K->9059K(21248K)], 0.2217070 secs] [Times: user=0.22 sys=0.00, real=0.22 secs] 
169.386: Total time for which application threads were stopped: 0.2218740 seconds, Stopping threads took: 0.0000990 seconds
169.415: Application time: 0.0289130 seconds
169.415: [GC169.415: [DefNew: 54656K->54656K(61440K), 0.0000090 secs]169.415: [Tenured: 131860K->125129K(136576K), 0.2158680 secs] 186516K->125129K(198016K), [Perm : 9059K->9059K(21248K)], 0.2159260 secs] [Times: user=0.22 sys=0.00, real=0.22 secs] 
169.631: Total time for which application threads were stopped: 0.2161260 seconds, Stopping threads took: 0.0001130 seconds
169.661: Application time: 0.0298930 seconds
169.661: [GC169.661: [DefNew: 54656K->54656K(61440K), 0.0000090 secs]169.661: [Tenured: 125129K->114043K(136576K), 0.1986620 secs] 179785K->114043K(198016K), [Perm : 9059K->9059K(21248K)], 0.1987160 secs] [Times: user=0.19 sys=0.00, real=0.19 secs] 
169.860: Total time for which application threads were stopped: 0.1988720 seconds, Stopping threads took: 0.0000860 seconds
169.888: Application time: 0.0274070 seconds
169.888: [GC169.888: [DefNew: 54656K->54656K(61440K), 0.0000090 secs]169.888: [Tenured: 114043K->87074K(136576K), 0.1444560 secs] 168699K->87074K(198016K), [Perm : 9059K->9059K(21248K)], 0.1445150 secs] [Times: user=0.15 sys=0.00, real=0.15 secs] 
170.032: Total time for which application threads were stopped: 0.1447560 seconds, Stopping threads took: 0.0001490 seconds
170.050: Application time: 0.0176860 seconds
170.051: [GC170.051: [DefNew: 54591K->6784K(61440K), 0.0213790 secs] 141666K->102576K(198016K), 0.0214180 secs] [Times: user=0.02 sys=0.00, real=0.02 secs] 
170.073: Total time for which application threads were stopped: 0.0225880 seconds, Stopping threads took: 0.0010840 seconds
170.087: Application time: 0.0139900 seconds
170.088: [GC170.088: [DefNew: 61440K->6784K(61440K), 0.0307880 secs] 157232K->120040K(198016K), 0.0308280 secs] [Times: user=0.04 sys=0.00, real=0.03 secs] 
170.119: Total time for which application threads were stopped: 0.0320260 seconds, Stopping threads took: 0.0011160 seconds
170.132: Application time: 0.0138950 seconds
170.133: [GC170.133: [DefNew: 61435K->61435K(61440K), 0.0000110 secs]170.133: [Tenured: 113256K->94464K(136576K), 0.1392640 secs] 174692K->94464K(198016K), [Perm : 9059K->9059K(21248K)], 0.1393240 secs] [Times: user=0.14 sys=0.00, real=0.14 secs] 
170.272: Total time for which application threads were stopped: 0.1394600 seconds, Stopping threads took: 0.0000630 seconds
170.285: Application time: 0.0129270 seconds
170.285: [GC170.285: [DefNew: 54634K->6784K(61440K), 0.0256030 secs] 149099K->113477K(198016K), 0.0256450 secs] [Times: user=0.03 sys=0.00, real=0.03 secs] 
170.311: Total time for which application threads were stopped: 0.0258420 seconds, Stopping threads took: 0.0001220 seconds
170.328: Application time: 0.0175730 seconds
170.333: [GC170.333: [DefNew: 61440K->61440K(61440K), 0.0000100 secs]170.333: [Tenured: 106693K->130297K(136576K), 0.2030370 secs] 168133K->130297K(198016K), [Perm : 9059K->9059K(21248K)], 0.2030960 secs] [Times: user=0.20 sys=0.00, real=0.20 secs] 
170.536: Total time for which application threads were stopped: 0.2077840 seconds, Stopping threads took: 0.0045950 seconds
170.553: Application time: 0.0167080 seconds
170.553: [GC170.553: [DefNew: 54656K->54656K(61440K), 0.0000100 secs]170.553: [Tenured: 130297K->136575K(136576K), 0.2353360 secs] 184953K->151432K(198016K), [Perm : 9059K->9059K(21248K)], 0.2353950 secs] [Times: user=0.23 sys=0.00, real=0.23 secs] 
170.789: Total time for which application threads were stopped: 0.2357740 seconds, Stopping threads took: 0.0002770 seconds
170.846: Application time: 0.0570300 seconds
170.846: [Full GC170.846: [Tenured: 136576K->136575K(136576K), 0.3027520 secs] 198016K->167410K(198016K), [Perm : 9059K->9059K(21248K)], 0.3027970 secs] [Times: user=0.30 sys=0.00, real=0.30 secs] 
171.148: Total time for which application threads were stopped: 0.3028790 seconds, Stopping threads took: 0.0000130 seconds
171.200: Application time: 0.0514940 seconds
171.200: [Full GC171.200: [Tenured: 136575K->136575K(136576K), 0.2846590 secs] 198013K->175563K(198016K), [Perm : 9059K->9059K(21248K)], 0.2847020 secs] [Times: user=0.29 sys=0.00, real=0.29 secs] 
171.485: Total time for which application threads were stopped: 0.2847970 seconds, Stopping threads took: 0.0000140 seconds
171.534: Application time: 0.0496030 seconds
171.534: [Full GC171.534: [Tenured: 136576K->136575K(136576K), 0.2830350 secs] 198016K->176693K(198016K), [Perm : 9059K->9059K(21248K)], 0.2830780 secs] [Times: user=0.28 sys=0.00, real=0.28 secs] 
171.818: Total time for which application threads were stopped: 0.2831600 seconds, Stopping threads took: 0.0000130 seconds
171.863: Application time: 0.0451330 seconds
171.863: [Full GC171.863: [Tenured: 136575K->136575K(136576K), 0.2800180 secs] 198015K->172812K(198016K), [Perm : 9059K->9059K(21248K)], 0.2800600 secs] [Times: user=0.28 sys=0.00, real=0.28 secs] 
172.143: Total time for which application threads were stopped: 0.2801530 seconds, Stopping threads took: 0.0000120 seconds
172.201: Application time: 0.0577310 seconds
172.201: [Full GC172.201: [Tenured: 136575K->136575K(136576K), 0.2981140 secs] 198015K->164064K(198016K), [Perm : 9059K->9059K(21248K)], 0.2981580 secs] [Times: user=0.30 sys=0.00, real=0.30 secs] 
172.499: Total time for which application threads were stopped: 0.2982410 seconds, Stopping threads took: 0.0000130 seconds
172.554: Application time: 0.0552570 seconds
172.554: [Full GC172.554: [Tenured: 136575K->136575K(136576K), 0.2617080 secs] 198015K->164383K(198016K), [Perm : 9059K->9059K(21248K)], 0.2617550 secs] [Times: user=0.26 sys=0.00, real=0.26 secs] 
172.816: Total time for which application threads were stopped: 0.2618510 seconds, Stopping threads took: 0.0000140 seconds
172.872: Application time: 0.0556960 seconds
172.872: [Full GC172.872: [Tenured: 136576K->136575K(136576K), 0.2661020 secs] 198016K->162094K(198016K), [Perm : 9059K->9059K(21248K)], 0.2661540 secs] [Times: user=0.26 sys=0.00, real=0.26 secs] 
173.138: Total time for which application threads were stopped: 0.2662330 seconds, Stopping threads took: 0.0000120 seconds
173.198: Application time: 0.0600540 seconds
173.198: [Full GC173.198: [Tenured: 136575K->136575K(136576K), 0.2706390 secs] 198015K->157440K(198016K), [Perm : 9059K->9059K(21248K)], 0.2706840 secs] [Times: user=0.27 sys=0.00, real=0.27 secs] 
173.469: Total time for which application threads were stopped: 0.2707790 seconds, Stopping threads took: 0.0000130 seconds
173.533: Application time: 0.0640140 seconds
173.533: [Full GC173.533: [Tenured: 136575K->136576K(136576K), 0.2632830 secs] 198015K->142886K(198016K), [Perm : 9059K->9059K(21248K)], 0.2633330 secs] [Times: user=0.27 sys=0.00, real=0.26 secs] 
173.796: Total time for which application threads were stopped: 0.2634220 seconds, Stopping threads took: 0.0000140 seconds
173.860: Application time: 0.0640770 seconds
173.860: [Full GC173.860: [Tenured: 136576K->136575K(136576K), 0.2311220 secs] 198015K->140349K(198016K), [Perm : 9059K->9059K(21248K)], 0.2311650 secs] [Times: user=0.23 sys=0.00, real=0.24 secs] 
174.091: Total time for which application threads were stopped: 0.2312590 seconds, Stopping threads took: 0.0000120 seconds
174.164: Application time: 0.0722250 seconds
174.164: [Full GC174.164: [Tenured: 136576K->136576K(136576K), 0.2354850 secs] 198015K->137192K(198016K), [Perm : 9059K->9059K(21248K)], 0.2355310 secs] [Times: user=0.24 sys=0.00, real=0.23 secs] 
174.399: Total time for which application threads were stopped: 0.2356130 seconds, Stopping threads took: 0.0000130 seconds
174.476: Application time: 0.0762980 seconds
174.476: [Full GC174.476: [Tenured: 136576K->128279K(136576K), 0.2218490 secs] 198015K->128279K(198016K), [Perm : 9059K->9059K(21248K)], 0.2218880 secs] [Times: user=0.22 sys=0.00, real=0.22 secs] 
174.698: Total time for which application threads were stopped: 0.2219800 seconds, Stopping threads took: 0.0000130 seconds
174.726: Application time: 0.0282430 seconds
174.726: [GC174.726: [DefNew: 54656K->54656K(61440K), 0.0000100 secs]174.726: [Tenured: 128279K->114464K(136576K), 0.2056330 secs] 182935K->114464K(198016K), [Perm : 9059K->9059K(21248K)], 0.2056910 secs] [Times: user=0.20 sys=0.00, real=0.21 secs] 
174.932: Total time for which application threads were stopped: 0.2058430 seconds, Stopping threads took: 0.0000800 seconds
174.962: Application time: 0.0302930 seconds
174.962: [GC174.962: [DefNew: 54656K->54656K(61440K), 0.0000090 secs]174.962: [Tenured: 114464K->104489K(136576K), 0.1674380 secs] 169120K->104489K(198016K), [Perm : 9059K->9059K(21248K)], 0.1674970 secs] [Times: user=0.17 sys=0.00, real=0.17 secs] 
175.130: Total time for which application threads were stopped: 0.1677130 seconds, Stopping threads took: 0.0001460 seconds
175.150: Application time: 0.0205600 seconds
175.150: [GC175.150: [DefNew: 54656K->6784K(61440K), 0.0207260 secs] 159145K->116838K(198016K), 0.0207690 secs] [Times: user=0.02 sys=0.00, real=0.02 secs] 
175.171: Total time for which application threads were stopped: 0.0209350 seconds, Stopping threads took: 0.0000770 seconds
175.188: Application time: 0.0169170 seconds
175.189: [GC175.189: [DefNew: 61440K->61440K(61440K), 0.0000100 secs]175.189: [Tenured: 110054K->90175K(136576K), 0.1316300 secs] 171494K->90175K(198016K), [Perm : 9059K->9059K(21248K)], 0.1316910 secs] [Times: user=0.13 sys=0.00, real=0.12 secs] 
175.321: Total time for which application threads were stopped: 0.1324050 seconds, Stopping threads took: 0.0006400 seconds
175.335: Application time: 0.0144130 seconds
175.336: [GC175.336: [DefNew: 54656K->6784K(61440K), 0.0289300 secs] 144831K->109109K(198016K), 0.0289710 secs] [Times: user=0.03 sys=0.00, real=0.03 secs] 
175.365: Total time for which application threads were stopped: 0.0300910 seconds, Stopping threads took: 0.0010250 seconds
175.379: Application time: 0.0135960 seconds
175.379: [GC175.379: [DefNew: 61440K->6784K(61440K), 0.0282760 secs] 163765K->125097K(198016K), 0.0283300 secs] [Times: user=0.03 sys=0.00, real=0.03 secs] 
175.407: Total time for which application threads were stopped: 0.0284580 seconds, Stopping threads took: 0.0000510 seconds
175.422: Application time: 0.0149870 seconds
175.425: [GC175.425: [DefNew: 61440K->61440K(61440K), 0.0000090 secs]175.425: [Tenured: 118313K->120233K(136576K), 0.1940190 secs] 179753K->120233K(198016K), [Perm : 9059K->9059K(21248K)], 0.1940760 secs] [Times: user=0.19 sys=0.00, real=0.19 secs] 
175.619: Total time for which application threads were stopped: 0.1968790 seconds, Stopping threads took: 0.0027320 seconds
175.635: Application time: 0.0163090 seconds
175.635: [GC175.635: [DefNew: 54656K->54656K(61440K), 0.0000100 secs]175.635: [Tenured: 120233K->136575K(136576K), 0.2376380 secs] 174889K->139638K(198016K), [Perm : 9059K->9059K(21248K)], 0.2376940 secs] [Times: user=0.24 sys=0.00, real=0.24 secs] 
175.873: Total time for which application threads were stopped: 0.2378910 seconds, Stopping threads took: 0.0001070 seconds
175.920: Application time: 0.0463750 seconds
175.920: [Full GC175.920: [Tenured: 136575K->136575K(136576K), 0.2579540 secs] 198015K->162274K(198016K), [Perm : 9059K->9059K(21248K)], 0.2579970 secs] [Times: user=0.25 sys=0.00, real=0.26 secs] 
176.178: Total time for which application threads were stopped: 0.2580910 seconds, Stopping threads took: 0.0000130 seconds
176.229: Application time: 0.0514980 seconds
176.229: [Full GC176.229: [Tenured: 136576K->136576K(136576K), 0.2741730 secs] 198016K->173774K(198016K), [Perm : 9059K->9059K(21248K)], 0.2742170 secs] [Times: user=0.28 sys=0.00, real=0.27 secs] 
176.503: Total time for which application threads were stopped: 0.2742970 seconds, Stopping threads took: 0.0000130 seconds
176.557: Application time: 0.0536420 seconds
176.557: [Full GC176.557: [Tenured: 136576K->136576K(136576K), 0.2839560 secs] 198016K->176481K(198016K), [Perm : 9059K->9059K(21248K)], 0.2840000 secs] [Times: user=0.28 sys=0.00, real=0.29 secs] 
176.841: Total time for which application threads were stopped: 0.2840930 seconds, Stopping threads took: 0.0000130 seconds
176.892: Application time: 0.0509140 seconds
176.892: [Full GC176.892: [Tenured: 136576K->136575K(136576K), 0.3017960 secs] 198015K->167594K(198016K), [Perm : 9059K->9059K(21248K)], 0.3018420 secs] [Times: user=0.31 sys=0.00, real=0.30 secs] 
177.194: Total time for which application threads were stopped: 0.3019250 seconds, Stopping threads took: 0.0000130 seconds
177.257: Application time: 0.0626470 seconds
177.257: [Full GC177.257: [Tenured: 136575K->136575K(136576K), 0.2673670 secs] 198015K->168140K(198016K), [Perm : 9059K->9059K(21248K)], 0.2674140 secs] [Times: user=0.27 sys=0.00, real=0.27 secs] 
177.524: Total time for which application threads were stopped: 0.2675110 seconds, Stopping threads took: 0.0000130 seconds
177.577: Application time: 0.0523890 seconds
177.577: [Full GC177.577: [Tenured: 136575K->136576K(136576K), 0.2685670 secs] 198015K->166361K(198016K), [Perm : 9059K->9059K(21248K)], 0.2686110 secs] [Times: user=0.26 sys=0.00, real=0.27 secs] 
177.845: Total time for which application threads were stopped: 0.2686930 seconds, Stopping threads took: 0.0000140 seconds
177.904: Application time: 0.0592430 seconds
177.905: [Full GC177.905: [Tenured: 136576K->136575K(136576K), 0.2706210 secs] 198016K->163174K(198016K), [Perm : 9059K->9059K(21248K)], 0.2706670 secs] [Times: user=0.27 sys=0.00, real=0.27 secs] 
178.175: Total time for which application threads were stopped: 0.2707650 seconds, Stopping threads took: 0.0000140 seconds
178.236: Application time: 0.0608570 seconds
178.236: [Full GC178.236: [Tenured: 136575K->136575K(136576K), 0.2808040 secs] 198015K->152291K(198016K), [Perm : 9059K->9059K(21248K)], 0.2808480 secs] [Times: user=0.28 sys=0.00, real=0.28 secs] 
178.517: Total time for which application threads were stopped: 0.2809290 seconds, Stopping threads took: 0.0000130 seconds
178.582: Application time: 0.0645660 seconds
178.582: [Full GC178.582: [Tenured: 136575K->136575K(136576K), 0.2494400 secs] 198015K->149744K(198016K), [Perm : 9059K->9059K(21248K)], 0.2495070 secs] [Times: user=0.25 sys=0.00, real=0.25 secs] 
178.831: Total time for which application threads were stopped: 0.2496020 seconds, Stopping threads took: 0.0000130 seconds
178.897: Application time: 0.0656080 seconds
178.897: [Full GC178.897: [Tenured: 136575K->136575K(136576K), 0.2416120 secs] 198015K->142313K(198016K), [Perm : 9059K->9059K(21248K)], 0.2416590 secs] [Times: user=0.24 sys=0.00, real=0.24 secs] 
179.139: Total time for which application threads were stopped: 0.2417390 seconds, Stopping threads took: 0.0000130 seconds
179.207: Application time: 0.0689230 seconds
179.208: [Full GC179.208: [Tenured: 136575K->136575K(136576K), 0.2378130 secs] 198015K->138165K(198016K), [Perm : 9059K->9059K(21248K)], 0.2378570 secs] [Times: user=0.24 sys=0.00, real=0.24 secs] 
179.445: Total time for which application threads were stopped: 0.2379600 seconds, Stopping threads took: 0.0000220 seconds
179.520: Application time: 0.0741310 seconds
179.520: [Full GC179.520: [Tenured: 136575K->123764K(136576K), 0.2281470 secs] 198015K->123764K(198016K), [Perm : 9059K->9059K(21248K)], 0.2281950 secs] [Times: user=0.23 sys=0.00, real=0.23 secs] 
179.748: Total time for which application threads were stopped: 0.2282760 seconds, Stopping threads took: 0.0000120 seconds
179.776: Application time: 0.0283320 seconds
179.776: [GC179.776: [DefNew: 54656K->54656K(61440K), 0.0000100 secs]179.776: [Tenured: 123764K->122750K(136576K), 0.1991280 secs] 178420K->122750K(198016K), [Perm : 9059K->9059K(21248K)], 0.1991910 secs] [Times: user=0.20 sys=0.00, real=0.20 secs] 
179.976: Total time for which application threads were stopped: 0.1993740 seconds, Stopping threads took: 0.0000960 seconds
180.005: Application time: 0.0296550 seconds
180.009: [GC180.009: [DefNew: 54656K->54656K(61440K), 0.0000090 secs]180.009: [Tenured: 122750K->109904K(136576K), 0.1780950 secs] 177406K->109904K(198016K), [Perm : 9059K->9059K(21248K)], 0.1781560 secs] [Times: user=0.17 sys=0.00, real=0.17 secs] 
180.187: Total time for which application threads were stopped: 0.1817950 seconds, Stopping threads took: 0.0035670 seconds
180.210: Application time: 0.0229020 seconds
180.213: [GC180.213: [DefNew: 54622K->54622K(61440K), 0.0000100 secs]180.213: [Tenured: 109904K->81312K(136576K), 0.1163630 secs] 164526K->81312K(198016K), [Perm : 9059K->9059K(21248K)], 0.1164200 secs] [Times: user=0.12 sys=0.00, real=0.12 secs] 
180.329: Total time for which application threads were stopped: 0.1194200 seconds, Stopping threads took: 0.0029270 seconds
180.347: Application time: 0.0174790 seconds
180.349: [GC180.349: [DefNew: 54656K->6784K(61440K), 0.0229560 secs] 135968K->96887K(198016K), 0.0229990 secs] [Times: user=0.02 sys=0.00, real=0.02 secs] 
180.372: Total time for which application threads were stopped: 0.0250050 seconds, Stopping threads took: 0.0019160 seconds
180.387: Application time: 0.0155490 seconds
180.388: [GC180.388: [DefNew: 61440K->6784K(61440K), 0.0324370 secs] 151543K->114017K(198016K), 0.0324820 secs] [Times: user=0.03 sys=0.00, real=0.03 secs] 
180.420: Total time for which application threads were stopped: 0.0326700 seconds, Stopping threads took: 0.0001150 seconds
180.433: Application time: 0.0132710 seconds
180.434: [GC180.434: [DefNew: 61440K->6784K(61440K), 0.0352440 secs] 168673K->132711K(198016K), 0.0352870 secs] [Times: user=0.03 sys=0.00, real=0.04 secs] 
180.469: Total time for which application threads were stopped: 0.0355670 seconds, Stopping threads took: 0.0001850 seconds
180.483: Application time: 0.0136480 seconds
180.483: [GC180.483: [DefNew: 61440K->61440K(61440K), 0.0000100 secs]180.483: [Tenured: 125927K->112113K(136576K), 0.1881080 secs] 187367K->112113K(198016K), [Perm : 9059K->9059K(21248K)], 0.1881660 secs] [Times: user=0.19 sys=0.00, real=0.19 secs] 
180.671: Total time for which application threads were stopped: 0.1885140 seconds, Stopping threads took: 0.0002550 seconds
180.686: Application time: 0.0153790 seconds
180.687: [GC180.687: [DefNew: 54656K->54656K(61440K), 0.0000180 secs]180.687: [Tenured: 112113K->134336K(136576K), 0.2015350 secs] 166769K->134336K(198016K), [Perm : 9059K->9059K(21248K)], 0.2016040 secs] [Times: user=0.21 sys=0.00, real=0.20 secs] 
180.888: Total time for which application threads were stopped: 0.2017720 seconds, Stopping threads took: 0.0000950 seconds
180.905: Application time: 0.0172050 seconds
180.909: [GC180.909: [DefNew: 54656K->54656K(61440K), 0.0000100 secs]180.909: [Tenured: 134336K->136576K(136576K), 0.2392600 secs] 188992K->154483K(198016K), [Perm : 9059K->9059K(21248K)], 0.2393190 secs] [Times: user=0.23 sys=0.00, real=0.23 secs] 
181.148: Total time for which application threads were stopped: 0.2429290 seconds, Stopping threads took: 0.0035100 seconds
181.204: Application time: 0.0557960 seconds
181.204: [Full GC181.204: [Tenured: 136576K->136576K(136576K), 0.2711120 secs] 198016K->171060K(198016K), [Perm : 9059K->9059K(21248K)], 0.2711590 secs] [Times: user=0.27 sys=0.00, real=0.27 secs] 
181.475: Total time for which application threads were stopped: 0.2712410 seconds, Stopping threads took: 0.0000130 seconds
181.521: Application time: 0.0454140 seconds
181.521: [Full GC181.521: [Tenured: 136576K->136575K(136576K), 0.3096380 secs] 198015K->169179K(198016K), [Perm : 9059K->9059K(21248K)], 0.3096830 secs] [Times: user=0.31 sys=0.00, real=0.31 secs] 
181.831: Total time for which application threads were stopped: 0.3097750 seconds, Stopping threads took: 0.0000130 seconds
181.884: Application time: 0.0529390 seconds
181.884: [Full GC181.884: [Tenured: 136575K->136575K(136576K), 0.2767530 secs] 198015K->170267K(198016K), [Perm : 9059K->9059K(21248K)], 0.2768000 secs] [Times: user=0.28 sys=0.00, real=0.27 secs] 
182.160: Total time for which application threads were stopped: 0.2768810 seconds, Stopping threads took: 0.0000120 seconds
182.212: Application time: 0.0511940 seconds
182.212: [Full GC182.212: [Tenured: 136575K->136575K(136576K), 0.2736670 secs] 198015K->171073K(198016K), [Perm : 9059K->9059K(21248K)], 0.2737130 secs] [Times: user=0.27 sys=0.00, real=0.27 secs] 
182.485: Total time for which application threads were stopped: 0.2738050 seconds, Stopping threads took: 0.0000130 seconds
182.535: Application time: 0.0494860 seconds
182.535: [Full GC182.535: [Tenured: 136575K->136576K(136576K), 0.2743280 secs] 198015K->167313K(198016K), [Perm : 9059K->9059K(21248K)], 0.2743720 secs] [Times: user=0.28 sys=0.00, real=0.28 secs] 
182.809: Total time for which application threads were stopped: 0.2744530 seconds, Stopping threads took: 0.0000130 seconds
182.869: Application time: 0.0594490 seconds
182.869: [Full GC182.869: [Tenured: 136576K->136576K(136576K), 0.2881080 secs] 198015K->157758K(198016K), [Perm : 9059K->9059K(21248K)], 0.2881530 secs] [Times: user=0.29 sys=0.00, real=0.28 secs] 
183.157: Total time for which application threads were stopped: 0.2882410 seconds, Stopping threads took: 0.0000120 seconds
183.224: Application time: 0.0667950 seconds
183.224: [Full GC183.224: [Tenured: 136576K->136576K(136576K), 0.2499360 secs] 198016K->158425K(198016K), [Perm : 9059K->9059K(21248K)], 0.2499810 secs] [Times: user=0.25 sys=0.00, real=0.25 secs] 
183.474: Total time for which application threads were stopped: 0.2500610 seconds, Stopping threads took: 0.0000130 seconds
183.537: Application time: 0.0628160 seconds
183.537: [Full GC183.537: [Tenured: 136576K->136576K(136576K), 0.2591000 secs] 198015K->150848K(198016K), [Perm : 9059K->9059K(21248K)], 0.2591470 secs] [Times: user=0.26 sys=0.00, real=0.26 secs] 
183.796: Total time for which application threads were stopped: 0.2592430 seconds, Stopping threads took: 0.0000130 seconds
183.860: Application time: 0.0635880 seconds
183.860: [Full GC183.860: [Tenured: 136576K->136575K(136576K), 0.2447820 secs] 198015K->142766K(198016K), [Perm : 9059K->9059K(21248K)], 0.2448360 secs] [Times: user=0.24 sys=0.00, real=0.25 secs] 
184.104: Total time for which application threads were stopped: 0.2449140 seconds, Stopping threads took: 0.0000130 seconds
184.173: Application time: 0.0684660 seconds
184.173: [Full GC184.173: [Tenured: 136576K->131206K(136576K), 0.2434540 secs] 198016K->131206K(198016K), [Perm : 9059K->9059K(21248K)], 0.2435070 secs] [Times: user=0.25 sys=0.00, real=0.24 secs] 
184.417: Total time for which application threads were stopped: 0.2436030 seconds, Stopping threads took: 0.0000140 seconds
184.447: Application time: 0.0304330 seconds
184.447: [GC184.447: [DefNew: 54656K->54656K(61440K), 0.0000090 secs]184.447: [Tenured: 131206K->133369K(136576K), 0.2012260 secs] 185862K->133369K(198016K), [Perm : 9059K->9059K(21248K)], 0.2012830 secs] [Times: user=0.20 sys=0.00, real=0.20 secs] 
184.648: Total time for which application threads were stopped: 0.2014090 seconds, Stopping threads took: 0.0000550 seconds
184.677: Application time: 0.0281490 seconds
184.677: [GC184.677: [DefNew: 54656K->54656K(61440K), 0.0000100 secs]184.677: [Tenured: 133369K->124749K(136576K), 0.2102690 secs] 188025K->124749K(198016K), [Perm : 9059K->9059K(21248K)], 0.2103270 secs] [Times: user=0.21 sys=0.00, real=0.21 secs] 
184.887: Total time for which application threads were stopped: 0.2106330 seconds, Stopping threads took: 0.0002210 seconds
184.916: Application time: 0.0284730 seconds
184.916: [GC184.916: [DefNew: 54656K->54656K(61440K), 0.0000090 secs]184.916: [Tenured: 124749K->114787K(136576K), 0.1884870 secs] 179405K->114787K(198016K), [Perm : 9059K->9059K(21248K)], 0.1885440 secs] [Times: user=0.19 sys=0.00, real=0.19 secs] 
185.104: Total time for which application threads were stopped: 0.1886940 seconds, Stopping threads took: 0.0000790 seconds
185.131: Application time: 0.0263710 seconds
185.131: [GC185.131: [DefNew: 54656K->54656K(61440K), 0.0000090 secs]185.131: [Tenured: 114787K->79219K(136576K), 0.1259280 secs] 169443K->79219K(198016K), [Perm : 9059K->9059K(21248K)], 0.1259800 secs] [Times: user=0.12 sys=0.00, real=0.12 secs] 
185.257: Total time for which application threads were stopped: 0.1261160 seconds, Stopping threads took: 0.0000640 seconds
185.276: Application time: 0.0191040 seconds
185.276: [GC185.276: [DefNew: 54656K->6784K(61440K), 0.0222050 secs] 133875K->93822K(198016K), 0.0222440 secs] [Times: user=0.02 sys=0.00, real=0.02 secs] 
185.298: Total time for which application threads were stopped: 0.0223960 seconds, Stopping threads took: 0.0000660 seconds
185.313: Application time: 0.0151180 seconds
185.314: [GC185.314: [DefNew: 61440K->6784K(61440K), 0.0322010 secs] 148478K->111214K(198016K), 0.0322430 secs] [Times: user=0.03 sys=0.00, real=0.03 secs] 
185.346: Total time for which application threads were stopped: 0.0324470 seconds, Stopping threads took: 0.0001110 seconds
185.359: Application time: 0.0131130 seconds
185.361: [GC185.361: [DefNew: 61390K->6784K(61440K), 0.0354530 secs] 165820K->129561K(198016K), 0.0354970 secs] [Times: user=0.03 sys=0.00, real=0.03 secs] 
185.396: Total time for which application threads were stopped: 0.0374180 seconds, Stopping threads took: 0.0018260 seconds
185.410: Application time: 0.0131520 seconds
185.410: [GC185.410: [DefNew: 61440K->61440K(61440K), 0.0000100 secs]185.410: [Tenured: 122777K->112611K(136576K), 0.1771650 secs] 184217K->112611K(198016K), [Perm : 9059K->9059K(21248K)], 0.1772240 secs] [Times: user=0.17 sys=0.00, real=0.17 secs] 
185.587: Total time for which application threads were stopped: 0.1773750 seconds, Stopping threads took: 0.0000680 seconds
185.601: Application time: 0.0143110 seconds
185.601: [GC185.601: [DefNew: 54656K->54656K(61440K), 0.0000090 secs]185.601: [Tenured: 112611K->132065K(136576K), 0.1888610 secs] 167267K->132065K(198016K), [Perm : 9059K->9059K(21248K)], 0.1889220 secs] [Times: user=0.19 sys=0.00, real=0.19 secs] 
185.790: Total time for which application threads were stopped: 0.1890590 seconds, Stopping threads took: 0.0000670 seconds
185.807: Application time: 0.0165230 seconds
185.807: [GC185.807: [DefNew: 54656K->54656K(61440K), 0.0000100 secs]185.807: [Tenured: 132065K->136576K(136576K), 0.2286560 secs] 186721K->152382K(198016K), [Perm : 9059K->9059K(21248K)], 0.2287140 secs] [Times: user=0.23 sys=0.00, real=0.23 secs] 
186.036: Total time for which application threads were stopped: 0.2289930 seconds, Stopping threads took: 0.0001680 seconds
186.090: Application time: 0.0538080 seconds
186.090: [Full GC186.090: [Tenured: 136576K->136576K(136576K), 0.2995470 secs] 198016K->166483K(198016K), [Perm : 9059K->9059K(21248K)], 0.2995890 secs] [Times: user=0.29 sys=0.00, real=0.30 secs] 
186.389: Total time for which application threads were stopped: 0.2996680 seconds, Stopping threads took: 0.0000120 seconds
186.442: Application time: 0.0525030 seconds
186.442: [Full GC186.442: [Tenured: 136576K->136576K(136576K), 0.2856940 secs] 198015K->176814K(198016K), [Perm : 9059K->9059K(21248K)], 0.2857410 secs] [Times: user=0.29 sys=0.00, real=0.28 secs] 
186.728: Total time for which application threads were stopped: 0.2858430 seconds, Stopping threads took: 0.0000230 seconds
186.771: Application time: 0.0436090 seconds
186.771: [Full GC186.771: [Tenured: 136576K->136575K(136576K), 0.3028960 secs] 198016K->177001K(198016K), [Perm : 9059K->9059K(21248K)], 0.3029390 secs] [Times: user=0.30 sys=0.00, real=0.30 secs] 
187.074: Total time for which application threads were stopped: 0.3030210 seconds, Stopping threads took: 0.0000120 seconds
187.126: Application time: 0.0519090 seconds
187.126: [Full GC187.126: [Tenured: 136575K->136575K(136576K), 0.2829510 secs] 198015K->173453K(198016K), [Perm : 9059K->9059K(21248K)], 0.2829950 secs] [Times: user=0.29 sys=0.00, real=0.29 secs] 
187.409: Total time for which application threads were stopped: 0.2830880 seconds, Stopping threads took: 0.0000130 seconds
187.465: Application time: 0.0554670 seconds
187.465: [Full GC187.465: [Tenured: 136576K->136575K(136576K), 0.3031280 secs] 198015K->164653K(198016K), [Perm : 9059K->9059K(21248K)], 0.3031730 secs] [Times: user=0.30 sys=0.00, real=0.30 secs] 
187.768: Total time for which application threads were stopped: 0.3032540 seconds, Stopping threads took: 0.0000130 seconds
187.827: Application time: 0.0584510 seconds
187.827: [Full GC187.827: [Tenured: 136576K->136576K(136576K), 0.2598000 secs] 198015K->164585K(198016K), [Perm : 9059K->9059K(21248K)], 0.2598430 secs] [Times: user=0.26 sys=0.00, real=0.26 secs] 
188.086: Total time for which application threads were stopped: 0.2599360 seconds, Stopping threads took: 0.0000130 seconds
188.145: Application time: 0.0587460 seconds
188.145: [Full GC188.145: [Tenured: 136576K->136553K(136576K), 0.2695480 secs] 198016K->162557K(198016K), [Perm : 9059K->9059K(21248K)], 0.2695940 secs] [Times: user=0.27 sys=0.00, real=0.27 secs] 
188.415: Total time for which application threads were stopped: 0.2696740 seconds, Stopping threads took: 0.0000120 seconds
188.474: Application time: 0.0586650 seconds
188.474: [Full GC188.474: [Tenured: 136576K->136575K(136576K), 0.2757760 secs] 198015K->157860K(198016K), [Perm : 9059K->9059K(21248K)], 0.2758190 secs] [Times: user=0.28 sys=0.00, real=0.28 secs] 
188.749: Total time for which application threads were stopped: 0.2759200 seconds, Stopping threads took: 0.0000230 seconds
188.808: Application time: 0.0589680 seconds
188.808: [Full GC188.809: [Tenured: 136575K->136576K(136576K), 0.2674620 secs] 198015K->144498K(198016K), [Perm : 9059K->9059K(21248K)], 0.2675090 secs] [Times: user=0.27 sys=0.00, real=0.27 secs] 
189.076: Total time for which application threads were stopped: 0.2675890 seconds, Stopping threads took: 0.0000130 seconds
189.145: Application time: 0.0692240 seconds
189.145: [Full GC189.145: [Tenured: 136576K->136575K(136576K), 0.2369550 secs] 198016K->141155K(198016K), [Perm : 9059K->9059K(21248K)], 0.2369960 secs] [Times: user=0.24 sys=0.00, real=0.24 secs] 
189.382: Total time for which application threads were stopped: 0.2370890 seconds, Stopping threads took: 0.0000130 seconds
189.454: Application time: 0.0718390 seconds
189.454: [Full GC189.454: [Tenured: 136575K->136575K(136576K), 0.2371610 secs] 198015K->137817K(198016K), [Perm : 9059K->9059K(21248K)], 0.2372050 secs] [Times: user=0.24 sys=0.00, real=0.24 secs] 
189.691: Total time for which application threads were stopped: 0.2372890 seconds, Stopping threads took: 0.0000130 seconds
189.769: Application time: 0.0779580 seconds
189.770: [Full GC189.770: [Tenured: 136575K->129456K(136576K), 0.2288210 secs] 198015K->129456K(198016K), [Perm : 9059K->9059K(21248K)], 0.2288750 secs] [Times: user=0.22 sys=0.00, real=0.22 secs] 
189.998: Total time for which application threads were stopped: 0.2289690 seconds, Stopping threads took: 0.0000140 seconds
190.026: Application time: 0.0276390 seconds
190.026: [GC190.026: [DefNew: 54656K->54656K(61440K), 0.0000090 secs]190.026: [Tenured: 129456K->116068K(136576K), 0.2091780 secs] 184112K->116068K(198016K), [Perm : 9059K->9059K(21248K)], 0.2092360 secs] [Times: user=0.21 sys=0.00, real=0.21 secs] 
190.235: Total time for which application threads were stopped: 0.2093950 seconds, Stopping threads took: 0.0000850 seconds
190.265: Application time: 0.0297900 seconds
190.265: [GC190.265: [DefNew: 54656K->54656K(61440K), 0.0000090 secs]190.265: [Tenured: 116068K->108014K(136576K), 0.1741570 secs] 170724K->108014K(198016K), [Perm : 9059K->9059K(21248K)], 0.1742140 secs] [Times: user=0.18 sys=0.00, real=0.17 secs] 
190.440: Total time for which application threads were stopped: 0.1743570 seconds, Stopping threads took: 0.0000700 seconds
190.462: Application time: 0.0225140 seconds
190.465: [GC190.465: [DefNew: 54656K->54656K(61440K), 0.0000100 secs] 162670K->162670K(198016K), 0.0000320 secs] [Times: user=0.00 sys=0.00, real=0.00 secs] 
190.465: [Full GC190.465: [Tenured: 108014K->80701K(136576K), 0.1248340 secs] 162670K->80701K(198016K), [Perm : 9059K->9059K(21248K)], 0.1248630 secs] [Times: user=0.13 sys=0.00, real=0.13 secs] 
190.590: Total time for which application threads were stopped: 0.1276680 seconds, Stopping threads took: 0.0026740 seconds
190.607: Application time: 0.0170900 seconds
190.607: [GC190.607: [DefNew: 54656K->6784K(61440K), 0.0222590 secs] 135357K->96432K(198016K), 0.0223000 secs] [Times: user=0.03 sys=0.00, real=0.03 secs] 
190.629: Total time for which application threads were stopped: 0.0225130 seconds, Stopping threads took: 0.0001390 seconds
190.643: Application time: 0.0141110 seconds
190.645: [GC190.645: [DefNew: 61440K->6783K(61440K), 0.0365040 secs] 151088K->114537K(198016K), 0.0365460 secs] [Times: user=0.03 sys=0.00, real=0.04 secs] 
190.681: Total time for which application threads were stopped: 0.0379110 seconds, Stopping threads took: 0.0012890 seconds
190.695: Application time: 0.0131280 seconds
190.697: [GC190.697: [DefNew: 61439K->61439K(61440K), 0.0000090 secs]190.697: [Tenured: 107753K->98577K(136576K), 0.1583020 secs] 169193K->98577K(198016K), [Perm : 9059K->9059K(21248K)], 0.1583590 secs] [Times: user=0.15 sys=0.00, real=0.16 secs] 
190.855: Total time for which application threads were stopped: 0.1607800 seconds, Stopping threads took: 0.0023280 seconds
190.869: Application time: 0.0138770 seconds
190.869: [GC190.869: [DefNew: 54656K->6784K(61440K), 0.0246060 secs] 153233K->115747K(198016K), 0.0246490 secs] [Times: user=0.03 sys=0.00, real=0.02 secs] 
190.894: Total time for which application threads were stopped: 0.0248050 seconds, Stopping threads took: 0.0000840 seconds
190.909: Application time: 0.0150770 seconds
190.913: [GC190.913: [DefNew: 61440K->61440K(61440K), 0.0000100 secs]190.913: [Tenured: 108963K->135052K(136576K), 0.2243840 secs] 170403K->135052K(198016K), [Perm : 9059K->9059K(21248K)], 0.2244420 secs] [Times: user=0.22 sys=0.00, real=0.22 secs] 
191.137: Total time for which application threads were stopped: 0.2281780 seconds, Stopping threads took: 0.0036650 seconds
191.155: Application time: 0.0175850 seconds
191.155: [GC191.155: [DefNew: 54656K->54656K(61440K), 0.0000100 secs]191.155: [Tenured: 135052K->136576K(136576K), 0.2400020 secs] 189708K->154842K(198016K), [Perm : 9059K->9059K(21248K)], 0.2400610 secs] [Times: user=0.24 sys=0.00, real=0.24 secs] 
191.395: Total time for which application threads were stopped: 0.2402840 seconds, Stopping threads took: 0.0001430 seconds
191.447: Application time: 0.0520600 seconds
191.447: [Full GC191.447: [Tenured: 136576K->136576K(136576K), 0.2854680 secs] 198016K->174170K(198016K), [Perm : 9059K->9059K(21248K)], 0.2855210 secs] [Times: user=0.28 sys=0.00, real=0.29 secs] 
191.733: Total time for which application threads were stopped: 0.2856010 seconds, Stopping threads took: 0.0000130 seconds
191.782: Application time: 0.0495450 seconds
191.782: [Full GC191.782: [Tenured: 136576K->136575K(136576K), 0.2811570 secs] 198015K->178135K(198016K), [Perm : 9059K->9059K(21248K)], 0.2812010 secs] [Times: user=0.28 sys=0.00, real=0.28 secs] 
192.064: Total time for which application threads were stopped: 0.2812940 seconds, Stopping threads took: 0.0000140 seconds
192.113: Application time: 0.0489810 seconds
192.113: [Full GC192.113: [Tenured: 136575K->136575K(136576K), 0.3056850 secs] 198015K->168429K(198016K), [Perm : 9059K->9059K(21248K)], 0.3057310 secs] [Times: user=0.31 sys=0.00, real=0.30 secs] 
192.418: Total time for which application threads were stopped: 0.3058140 seconds, Stopping threads took: 0.0000130 seconds
192.477: Application time: 0.0588480 seconds
192.477: [Full GC192.477: [Tenured: 136575K->136575K(136576K), 0.2728590 secs] 198015K->169149K(198016K), [Perm : 9059K->9059K(21248K)], 0.2729050 secs] [Times: user=0.28 sys=0.00, real=0.28 secs] 
192.750: Total time for which application threads were stopped: 0.2729970 seconds, Stopping threads took: 0.0000140 seconds
192.799: Application time: 0.0486710 seconds
192.799: [Full GC192.799: [Tenured: 136575K->136575K(136576K), 0.2724610 secs] 198015K->167716K(198016K), [Perm : 9059K->9059K(21248K)], 0.2725050 secs] [Times: user=0.28 sys=0.00, real=0.28 secs] 
193.072: Total time for which application threads were stopped: 0.2725870 seconds, Stopping threads took: 0.0000140 seconds
193.130: Application time: 0.0580140 seconds
193.130: [Full GC193.130: [Tenured: 136576K->136575K(136576K), 0.2784930 secs] 198016K->165022K(198016K), [Perm : 9059K->9059K(21248K)], 0.2785390 secs] [Times: user=0.28 sys=0.00, real=0.27 secs] 
193.408: Total time for which application threads were stopped: 0.2786330 seconds, Stopping threads took: 0.0000130 seconds
193.469: Application time: 0.0607610 seconds
193.469: [Full GC193.469: [Tenured: 136575K->136576K(136576K), 0.2786430 secs] 198015K->152734K(198016K), [Perm : 9059K->9059K(21248K)], 0.2786880 secs] [Times: user=0.28 sys=0.00, real=0.27 secs] 
193.748: Total time for which application threads were stopped: 0.2787700 seconds, Stopping threads took: 0.0000130 seconds
193.814: Application time: 0.0666970 seconds
193.815: [Full GC193.815: [Tenured: 136576K->136575K(136576K), 0.2491300 secs] 198015K->152812K(198016K), [Perm : 9059K->9059K(21248K)], 0.2491720 secs] [Times: user=0.25 sys=0.00, real=0.25 secs] 
194.064: Total time for which application threads were stopped: 0.2492630 seconds, Stopping threads took: 0.0000130 seconds
194.131: Application time: 0.0674710 seconds
194.131: [Full GC194.131: [Tenured: 136575K->136575K(136576K), 0.2456750 secs] 198015K->144122K(198016K), [Perm : 9059K->9059K(21248K)], 0.2457210 secs] [Times: user=0.25 sys=0.00, real=0.24 secs] 
194.377: Total time for which application threads were stopped: 0.2458030 seconds, Stopping threads took: 0.0000140 seconds
194.446: Application time: 0.0689270 seconds
194.446: [Full GC194.446: [Tenured: 136575K->136575K(136576K), 0.2386750 secs] 198015K->138308K(198016K), [Perm : 9059K->9059K(21248K)], 0.2387200 secs] [Times: user=0.23 sys=0.00, real=0.24 secs] 
194.685: Total time for which application threads were stopped: 0.2388240 seconds, Stopping threads took: 0.0000140 seconds
194.758: Application time: 0.0732250 seconds
194.758: [Full GC194.758: [Tenured: 136575K->126672K(136576K), 0.2392630 secs] 198015K->126672K(198016K), [Perm : 9059K->9059K(21248K)], 0.2393080 secs] [Times: user=0.24 sys=0.00, real=0.24 secs] 
194.997: Total time for which application threads were stopped: 0.2393890 seconds, Stopping threads took: 0.0000130 seconds
195.026: Application time: 0.0285320 seconds
195.026: [GC195.026: [DefNew: 54656K->54656K(61440K), 0.0000090 secs]195.026: [Tenured: 126672K->124915K(136576K), 0.2050220 secs] 181328K->124915K(198016K), [Perm : 9059K->9059K(21248K)], 0.2050910 secs] [Times: user=0.21 sys=0.00, real=0.21 secs] 
195.231: Total time for which application threads were stopped: 0.2052850 seconds, Stopping threads took: 0.0001090 seconds
195.260: Application time: 0.0287270 seconds
195.260: [GC195.260: [DefNew: 54656K->54656K(61440K), 0.0000090 secs]195.260: [Tenured: 124915K->115317K(136576K), 0.1906080 secs] 179571K->115317K(198016K), [Perm : 9059K->9059K(21248K)], 0.1906610 secs] [Times: user=0.19 sys=0.00, real=0.20 secs] 
195.451: Total time for which application threads were stopped: 0.1908310 seconds, Stopping threads took: 0.0000990 seconds
195.477: Application time: 0.0260670 seconds
195.477: [GC195.477: [DefNew: 54542K->54542K(61440K), 0.0000110 secs]195.477: [Tenured: 115317K->93190K(136576K), 0.1409640 secs] 169860K->93190K(198016K), [Perm : 9059K->9059K(21248K)], 0.1410220 secs] [Times: user=0.14 sys=0.00, real=0.14 secs] 
195.618: Total time for which application threads were stopped: 0.1412040 seconds, Stopping threads took: 0.0001110 seconds
195.637: Application time: 0.0189950 seconds
195.641: [GC195.641: [DefNew: 54656K->6784K(61440K), 0.0264780 secs] 147846K->108209K(198016K), 0.0265200 secs] [Times: user=0.03 sys=0.00, real=0.02 secs] 
195.667: Total time for which application threads were stopped: 0.0304780 seconds, Stopping threads took: 0.0038530 seconds
195.684: Application time: 0.0164080 seconds
195.684: [GC195.684: [DefNew: 61440K->6783K(61440K), 0.0308930 secs] 162865K->124510K(198016K), 0.0309390 secs] [Times: user=0.03 sys=0.00, real=0.03 secs] 
195.715: Total time for which application threads were stopped: 0.0310910 seconds, Stopping threads took: 0.0000770 seconds
195.728: Application time: 0.0132430 seconds
195.729: [GC195.729: [DefNew: 61425K->61425K(61440K), 0.0000090 secs]195.729: [Tenured: 117726K->88871K(136576K), 0.1460080 secs] 179151K->88871K(198016K), [Perm : 9059K->9059K(21248K)], 0.1460710 secs] [Times: user=0.14 sys=0.00, real=0.14 secs] 
195.875: Total time for which application threads were stopped: 0.1467510 seconds, Stopping threads took: 0.0005810 seconds
195.889: Application time: 0.0138800 seconds
195.893: [GC195.893: [DefNew: 54656K->6784K(61440K), 0.0283740 secs] 143527K->108466K(198016K), 0.0284190 secs] [Times: user=0.02 sys=0.00, real=0.03 secs] 
195.921: Total time for which application threads were stopped: 0.0324980 seconds, Stopping threads took: 0.0039860 seconds
195.937: Application time: 0.0153810 seconds
195.941: [GC195.941: [DefNew: 61440K->6784K(61440K), 0.0436440 secs] 163122K->128909K(198016K), 0.0436890 secs] [Times: user=0.04 sys=0.00, real=0.04 secs] 
195.985: Total time for which application threads were stopped: 0.0477990 seconds, Stopping threads took: 0.0040360 seconds
196.000: Application time: 0.0151860 seconds
196.000: [GC196.000: [DefNew: 61440K->61440K(61440K), 0.0000100 secs]196.000: [Tenured: 122125K->136575K(136576K), 0.2270490 secs] 183565K->145970K(198016K), [Perm : 9059K->9059K(21248K)], 0.2271050 secs] [Times: user=0.23 sys=0.00, real=0.23 secs] 
196.227: Total time for which application threads were stopped: 0.2272620 seconds, Stopping threads took: 0.0000850 seconds
196.286: Application time: 0.0589830 seconds
196.286: [Full GC196.286: [Tenured: 136576K->136576K(136576K), 0.2750770 secs] 198016K->166929K(198016K), [Perm : 9059K->9059K(21248K)], 0.2751210 secs] [Times: user=0.27 sys=0.00, real=0.28 secs] 
196.561: Total time for which application threads were stopped: 0.2752140 seconds, Stopping threads took: 0.0000130 seconds
196.614: Application time: 0.0530200 seconds
196.614: [Full GC196.614: [Tenured: 136576K->136576K(136576K), 0.2950400 secs] 198015K->176676K(198016K), [Perm : 9059K->9059K(21248K)], 0.2950840 secs] [Times: user=0.29 sys=0.00, real=0.30 secs] 
196.909: Total time for which application threads were stopped: 0.2951630 seconds, Stopping threads took: 0.0000130 seconds
196.953: Application time: 0.0440950 seconds
196.954: [Full GC196.954: [Tenured: 136576K->136575K(136576K), 0.3177840 secs] 198015K->169331K(198016K), [Perm : 9059K->9059K(21248K)], 0.3178380 secs] [Times: user=0.32 sys=0.00, real=0.32 secs] 
197.271: Total time for which application threads were stopped: 0.3179330 seconds, Stopping threads took: 0.0000130 seconds
197.328: Application time: 0.0563850 seconds
197.328: [Full GC197.328: [Tenured: 136576K->136576K(136576K), 0.2798760 secs] 198016K->169417K(198016K), [Perm : 9059K->9059K(21248K)], 0.2799200 secs] [Times: user=0.28 sys=0.00, real=0.28 secs] 
197.608: Total time for which application threads were stopped: 0.2799970 seconds, Stopping threads took: 0.0000120 seconds
197.662: Application time: 0.0539910 seconds
197.662: [Full GC197.662: [Tenured: 136576K->136575K(136576K), 0.2782970 secs] 198015K->168585K(198016K), [Perm : 9059K->9059K(21248K)], 0.2783430 secs] [Times: user=0.28 sys=0.00, real=0.27 secs] 
197.940: Total time for which application threads were stopped: 0.2784370 seconds, Stopping threads took: 0.0000130 seconds
197.996: Application time: 0.0553980 seconds
197.996: [Full GC197.996: [Tenured: 136576K->136575K(136576K), 0.2889700 secs] 198016K->165982K(198016K), [Perm : 9059K->9059K(21248K)], 0.2890160 secs] [Times: user=0.29 sys=0.01, real=0.29 secs] 
198.285: Total time for which application threads were stopped: 0.2891070 seconds, Stopping threads took: 0.0000130 seconds
198.343: Application time: 0.0587250 seconds
198.344: [Full GC198.344: [Tenured: 136575K->136576K(136576K), 0.2917830 secs] 198015K->153681K(198016K), [Perm : 9059K->9059K(21248K)], 0.2918290 secs] [Times: user=0.29 sys=0.00, real=0.29 secs] 
198.635: Total time for which application threads were stopped: 0.2919280 seconds, Stopping threads took: 0.0000140 seconds
198.705: Application time: 0.0696060 seconds
198.705: [Full GC198.705: [Tenured: 136576K->136575K(136576K), 0.2544870 secs] 198016K->153736K(198016K), [Perm : 9059K->9059K(21248K)], 0.2545300 secs] [Times: user=0.25 sys=0.00, real=0.25 secs] 
198.960: Total time for which application threads were stopped: 0.2546100 seconds, Stopping threads took: 0.0000120 seconds
199.023: Application time: 0.0637950 seconds
199.023: [Full GC199.023: [Tenured: 136575K->136576K(136576K), 0.2547000 secs] 198015K->145870K(198016K), [Perm : 9059K->9059K(21248K)], 0.2547500 secs] [Times: user=0.25 sys=0.00, real=0.25 secs] 
199.278: Total time for which application threads were stopped: 0.2548500 seconds, Stopping threads took: 0.0000120 seconds
199.345: Application time: 0.0665630 seconds
199.345: [Full GC199.345: [Tenured: 136576K->136575K(136576K), 0.2453160 secs] 198016K->139269K(198016K), [Perm : 9059K->9059K(21248K)], 0.2453590 secs] [Times: user=0.24 sys=0.00, real=0.25 secs] 
199.590: Total time for which application threads were stopped: 0.2454390 seconds, Stopping threads took: 0.0000130 seconds
199.661: Application time: 0.0704950 seconds
199.661: [Full GC199.661: [Tenured: 136575K->127710K(136576K), 0.2441850 secs] 198015K->127710K(198016K), [Perm : 9059K->9059K(21248K)], 0.2442290 secs] [Times: user=0.25 sys=0.00, real=0.24 secs] 
199.905: Total time for which application threads were stopped: 0.2443230 seconds, Stopping threads took: 0.0000120 seconds
199.934: Application time: 0.0288860 seconds
199.934: [GC199.934: [DefNew: 54656K->54656K(61440K), 0.0000100 secs]199.934: [Tenured: 127710K->126762K(136576K), 0.2119920 secs] 182366K->126762K(198016K), [Perm : 9059K->9059K(21248K)], 0.2120490 secs] [Times: user=0.21 sys=0.00, real=0.21 secs] 
200.146: Total time for which application threads were stopped: 0.2121850 seconds, Stopping threads took: 0.0000660 seconds
200.175: Application time: 0.0284140 seconds
200.175: [GC200.175: [DefNew: 54656K->54656K(61440K), 0.0000100 secs]200.175: [Tenured: 126762K->119490K(136576K), 0.2053540 secs] 181418K->119490K(198016K), [Perm : 9059K->9059K(21248K)], 0.2054130 secs] [Times: user=0.20 sys=0.00, real=0.20 secs] 
200.380: Total time for which application threads were stopped: 0.2055870 seconds, Stopping threads took: 0.0000910 seconds
200.409: Application time: 0.0291860 seconds
200.409: [GC200.410: [DefNew: 54656K->54656K(61440K), 0.0000100 secs]200.410: [Tenured: 119490K->97951K(136576K), 0.1565220 secs] 174146K->97951K(198016K), [Perm : 9059K->9059K(21248K)], 0.1565860 secs] [Times: user=0.16 sys=0.00, real=0.15 secs] 
200.566: Total time for which application threads were stopped: 0.1567470 seconds, Stopping threads took: 0.0000920 seconds
200.587: Application time: 0.0203980 seconds
200.589: [GC200.589: [DefNew: 54656K->6784K(61440K), 0.0222890 secs] 152607K->110594K(198016K), 0.0223310 secs] [Times: user=0.02 sys=0.00, real=0.02 secs] 
200.611: Total time for which application threads were stopped: 0.0246570 seconds, Stopping threads took: 0.0022510 seconds
200.627: Application time: 0.0162940 seconds
200.628: [GC200.628: [DefNew: 61440K->6783K(61440K), 0.0345440 secs] 165250K->126930K(198016K), 0.0345890 secs] [Times: user=0.04 sys=0.00, real=0.04 secs] 
200.662: Total time for which application threads were stopped: 0.0347680 seconds, Stopping threads took: 0.0001020 seconds
200.676: Application time: 0.0136470 seconds
200.676: [GC200.676: [DefNew: 61439K->61439K(61440K), 0.0000090 secs]200.676: [Tenured: 120146K->85489K(136576K), 0.1280210 secs] 181586K->85489K(198016K), [Perm : 9059K->9059K(21248K)], 0.1280810 secs] [Times: user=0.13 sys=0.00, real=0.13 secs] 
200.804: Total time for which application threads were stopped: 0.1282170 seconds, Stopping threads took: 0.0000480 seconds
200.817: Application time: 0.0133260 seconds
200.818: [GC200.818: [DefNew: 54656K->6783K(61440K), 0.0264270 secs] 140145K->103593K(198016K), 0.0264700 secs] [Times: user=0.03 sys=0.00, real=0.03 secs] 
200.844: Total time for which application threads were stopped: 0.0267160 seconds, Stopping threads took: 0.0001710 seconds
200.859: Application time: 0.0150020 seconds
200.860: [GC200.860: [DefNew: 61439K->6784K(61440K), 0.0382030 secs] 158249K->123240K(198016K), 0.0382520 secs] [Times: user=0.04 sys=0.00, real=0.04 secs] 
200.898: Total time for which application threads were stopped: 0.0390210 seconds, Stopping threads took: 0.0006870 seconds
200.914: Application time: 0.0155430 seconds
200.914: [GC200.914: [DefNew: 61440K->61440K(61440K), 0.0000090 secs]200.914: [Tenured: 116456K->136575K(136576K), 0.2177020 secs] 177896K->140697K(198016K), [Perm : 9059K->9059K(21248K)], 0.2177600 secs] [Times: user=0.22 sys=0.00, real=0.22 secs] 
201.132: Total time for which application threads were stopped: 0.2178930 seconds, Stopping threads took: 0.0000620 seconds
201.189: Application time: 0.0571210 seconds
201.189: [Full GC201.189: [Tenured: 136576K->136576K(136576K), 0.2757270 secs] 198015K->164744K(198016K), [Perm : 9059K->9059K(21248K)], 0.2757740 secs] [Times: user=0.28 sys=0.00, real=0.27 secs] 
201.465: Total time for which application threads were stopped: 0.2758680 seconds, Stopping threads took: 0.0000130 seconds
201.518: Application time: 0.0536870 seconds
201.518: [Full GC201.518: [Tenured: 136576K->136576K(136576K), 0.2948000 secs] 198015K->176741K(198016K), [Perm : 9059K->9059K(21248K)], 0.2948430 secs] [Times: user=0.30 sys=0.00, real=0.30 secs] 
201.813: Total time for which application threads were stopped: 0.2949260 seconds, Stopping threads took: 0.0000140 seconds
201.859: Application time: 0.0462750 seconds
201.860: [Full GC201.860: [Tenured: 136576K->136575K(136576K), 0.3215310 secs] 198015K->171038K(198016K), [Perm : 9059K->9059K(21248K)], 0.3215770 secs] [Times: user=0.32 sys=0.00, real=0.33 secs] 
202.181: Total time for which application threads were stopped: 0.3216890 seconds, Stopping threads took: 0.0000110 seconds
202.233: Application time: 0.0521450 seconds
202.233: [Full GC202.233: [Tenured: 136575K->136575K(136576K), 0.2783080 secs] 198015K->170323K(198016K), [Perm : 9059K->9059K(21248K)], 0.2783540 secs] [Times: user=0.28 sys=0.00, real=0.28 secs] 
202.512: Total time for which application threads were stopped: 0.2784390 seconds, Stopping threads took: 0.0000140 seconds
202.566: Application time: 0.0547160 seconds
202.567: [Full GC202.567: [Tenured: 136575K->136575K(136576K), 0.2816840 secs] 198015K->170807K(198016K), [Perm : 9059K->9059K(21248K)], 0.2817390 secs] [Times: user=0.29 sys=0.00, real=0.28 secs] 
202.848: Total time for which application threads were stopped: 0.2818340 seconds, Stopping threads took: 0.0000140 seconds
202.906: Application time: 0.0574780 seconds
202.906: [Full GC202.906: [Tenured: 136575K->136575K(136576K), 0.2851290 secs] 198015K->167052K(198016K), [Perm : 9059K->9059K(21248K)], 0.2851740 secs] [Times: user=0.28 sys=0.00, real=0.29 secs] 
203.191: Total time for which application threads were stopped: 0.2852570 seconds, Stopping threads took: 0.0000130 seconds
203.248: Application time: 0.0568550 seconds
203.248: [Full GC203.248: [Tenured: 136575K->136575K(136576K), 0.2935580 secs] 198015K->156201K(198016K), [Perm : 9059K->9059K(21248K)], 0.2936010 secs] [Times: user=0.29 sys=0.00, real=0.30 secs] 
203.542: Total time for which application threads were stopped: 0.2936920 seconds, Stopping threads took: 0.0000130 seconds
203.604: Application time: 0.0627560 seconds
203.604: [Full GC203.604: [Tenured: 136575K->136575K(136576K), 0.2534980 secs] 198015K->156683K(198016K), [Perm : 9059K->9059K(21248K)], 0.2535430 secs] [Times: user=0.25 sys=0.00, real=0.25 secs] 
203.858: Total time for which application threads were stopped: 0.2536240 seconds, Stopping threads took: 0.0000120 seconds
203.913: Application time: 0.0547850 seconds
203.913: [Full GC203.913: [Tenured: 136576K->136575K(136576K), 0.2593130 secs] 198015K->149002K(198016K), [Perm : 9059K->9059K(21248K)], 0.2593590 secs] [Times: user=0.26 sys=0.00, real=0.26 secs] 
204.172: Total time for which application threads were stopped: 0.2594530 seconds, Stopping threads took: 0.0000140 seconds
204.234: Application time: 0.0615050 seconds
204.234: [Full GC204.234: [Tenured: 136575K->136575K(136576K), 0.2496030 secs] 198015K->141027K(198016K), [Perm : 9059K->9059K(21248K)], 0.2496520 secs] [Times: user=0.25 sys=0.00, real=0.25 secs] 
204.483: Total time for which application threads were stopped: 0.2497430 seconds, Stopping threads took: 0.0000140 seconds
204.554: Application time: 0.0706880 seconds
204.554: [Full GC204.554: [Tenured: 136576K->130551K(136576K), 0.2512690 secs] 198016K->130551K(198016K), [Perm : 9059K->9059K(21248K)], 0.2513060 secs] [Times: user=0.25 sys=0.00, real=0.25 secs] 
204.806: Total time for which application threads were stopped: 0.2513990 seconds, Stopping threads took: 0.0000130 seconds
204.836: Application time: 0.0305860 seconds
204.836: [GC204.836: [DefNew: 54656K->54656K(61440K), 0.0000090 secs]204.836: [Tenured: 130551K->131032K(136576K), 0.2224340 secs] 185207K->131032K(198016K), [Perm : 9059K->9059K(21248K)], 0.2224920 secs] [Times: user=0.22 sys=0.00, real=0.22 secs] 
205.059: Total time for which application threads were stopped: 0.2226490 seconds, Stopping threads took: 0.0000840 seconds
205.087: Application time: 0.0277290 seconds
205.087: [GC205.087: [DefNew: 54656K->54656K(61440K), 0.0000100 secs]205.087: [Tenured: 131032K->124167K(136576K), 0.2205150 secs] 185688K->124167K(198016K), [Perm : 9059K->9059K(21248K)], 0.2205740 secs] [Times: user=0.22 sys=0.00, real=0.22 secs] 
205.307: Total time for which application threads were stopped: 0.2207990 seconds, Stopping threads took: 0.0001430 seconds
205.337: Application time: 0.0300560 seconds
205.338: [GC205.338: [DefNew: 54559K->54559K(61440K), 0.0000100 secs] 178727K->178727K(198016K), 0.0000340 secs] [Times: user=0.00 sys=0.00, real=0.00 secs] 
205.338: [Full GC205.338: [Tenured: 124167K->103729K(136576K), 0.1849170 secs] 178727K->103729K(198016K), [Perm : 9059K->9059K(21248K)], 0.1849460 secs] [Times: user=0.19 sys=0.00, real=0.19 secs] 
205.523: Total time for which application threads were stopped: 0.1851710 seconds, Stopping threads took: 0.0001030 seconds
205.547: Application time: 0.0246110 seconds
205.547: [GC205.547: [DefNew: 54656K->6784K(61440K), 0.0234760 secs] 158385K->112515K(198016K), 0.0235170 secs] [Times: user=0.02 sys=0.00, real=0.03 secs] 
205.571: Total time for which application threads were stopped: 0.0237070 seconds, Stopping threads took: 0.0001190 seconds
205.588: Application time: 0.0173840 seconds
205.588: [GC205.588: [DefNew: 61440K->6784K(61440K), 0.0346080 secs] 167171K->127497K(198016K), 0.0346610 secs] [Times: user=0.04 sys=0.00, real=0.04 secs] 
205.623: Total time for which application threads were stopped: 0.0348400 seconds, Stopping threads took: 0.0000910 seconds
205.638: Application time: 0.0144300 seconds
205.641: [GC205.641: [DefNew: 61440K->61440K(61440K), 0.0000100 secs]205.641: [Tenured: 120713K->83052K(136576K), 0.1240330 secs] 182153K->83052K(198016K), [Perm : 9059K->9059K(21248K)], 0.1240900 secs] [Times: user=0.12 sys=0.00, real=0.12 secs] 
205.765: Total time for which application threads were stopped: 0.1273580 seconds, Stopping threads took: 0.0031940 seconds
205.778: Application time: 0.0133060 seconds
205.778: [GC205.778: [DefNew: 54656K->6784K(61440K), 0.0258840 secs] 137708K->102365K(198016K), 0.0259270 secs] [Times: user=0.02 sys=0.00, real=0.03 secs] 
205.804: Total time for which application threads were stopped: 0.0260550 seconds, Stopping threads took: 0.0000530 seconds
205.819: Application time: 0.0142280 seconds
205.821: [GC205.821: [DefNew: 61440K->6783K(61440K), 0.0332660 secs] 157021K->119882K(198016K), 0.0333100 secs] [Times: user=0.03 sys=0.00, real=0.03 secs] 
205.854: Total time for which application threads were stopped: 0.0358300 seconds, Stopping threads took: 0.0024260 seconds
205.870: Application time: 0.0159290 seconds
205.870: [GC205.870: [DefNew: 61439K->61439K(61440K), 0.0000100 secs]205.870: [Tenured: 113098K->136575K(136576K), 0.2007470 secs] 174538K->138212K(198016K), [Perm : 9059K->9059K(21248K)], 0.2008030 secs] [Times: user=0.20 sys=0.00, real=0.20 secs] 
206.071: Total time for which application threads were stopped: 0.2009280 seconds, Stopping threads took: 0.0000520 seconds
206.120: Application time: 0.0488680 seconds
206.120: [Full GC206.120: [Tenured: 136575K->136575K(136576K), 0.2491380 secs] 198015K->161399K(198016K), [Perm : 9059K->9059K(21248K)], 0.2491810 secs] [Times: user=0.25 sys=0.00, real=0.26 secs] 
206.369: Total time for which application threads were stopped: 0.2492750 seconds, Stopping threads took: 0.0000120 seconds
206.423: Application time: 0.0532290 seconds
206.423: [Full GC206.423: [Tenured: 136575K->136576K(136576K), 0.3015540 secs] 198015K->175135K(198016K), [Perm : 9059K->9059K(21248K)], 0.3016000 secs] [Times: user=0.30 sys=0.01, real=0.30 secs] 
206.724: Total time for which application threads were stopped: 0.3016810 seconds, Stopping threads took: 0.0000120 seconds
206.772: Application time: 0.0475970 seconds
206.772: [Full GC206.772: [Tenured: 136576K->136575K(136576K), 0.3173090 secs] 198015K->170580K(198016K), [Perm : 9059K->9059K(21248K)], 0.3173550 secs] [Times: user=0.31 sys=0.00, real=0.32 secs] 
207.089: Total time for which application threads were stopped: 0.3174530 seconds, Stopping threads took: 0.0000130 seconds
207.136: Application time: 0.0462230 seconds
207.136: [Full GC207.136: [Tenured: 136575K->136575K(136576K), 0.2802500 secs] 198015K->171538K(198016K), [Perm : 9059K->9059K(21248K)], 0.2802960 secs] [Times: user=0.28 sys=0.00, real=0.28 secs] 
207.416: Total time for which application threads were stopped: 0.2803780 seconds, Stopping threads took: 0.0000130 seconds
207.472: Application time: 0.0564600 seconds
207.472: [Full GC207.472: [Tenured: 136575K->136575K(136576K), 0.2768490 secs] 198015K->171942K(198016K), [Perm : 9059K->9059K(21248K)], 0.2768930 secs] [Times: user=0.27 sys=0.00, real=0.28 secs] 
207.749: Total time for which application threads were stopped: 0.2769900 seconds, Stopping threads took: 0.0000140 seconds
207.802: Application time: 0.0529410 seconds
207.802: [Full GC207.802: [Tenured: 136575K->136575K(136576K), 0.2815510 secs] 198015K->169070K(198016K), [Perm : 9059K->9059K(21248K)], 0.2815980 secs] [Times: user=0.28 sys=0.00, real=0.28 secs] 
208.084: Total time for which application threads were stopped: 0.2816810 seconds, Stopping threads took: 0.0000130 seconds
208.136: Application time: 0.0522870 seconds
208.136: [Full GC208.136: [Tenured: 136575K->136576K(136576K), 0.2959600 secs] 198015K->159077K(198016K), [Perm : 9059K->9059K(21248K)], 0.2960050 secs] [Times: user=0.30 sys=0.00, real=0.30 secs] 
208.432: Total time for which application threads were stopped: 0.2960970 seconds, Stopping threads took: 0.0000130 seconds
208.495: Application time: 0.0622140 seconds
208.495: [Full GC208.495: [Tenured: 136576K->136576K(136576K), 0.2541990 secs] 198015K->159278K(198016K), [Perm : 9059K->9059K(21248K)], 0.2542420 secs] [Times: user=0.26 sys=0.00, real=0.26 secs] 
208.749: Total time for which application threads were stopped: 0.2543230 seconds, Stopping threads took: 0.0000130 seconds
208.814: Application time: 0.0652100 seconds
208.814: [Full GC208.814: [Tenured: 136576K->136575K(136576K), 0.2682240 secs] 198016K->153495K(198016K), [Perm : 9059K->9059K(21248K)], 0.2682680 secs] [Times: user=0.27 sys=0.00, real=0.27 secs] 
209.083: Total time for which application threads were stopped: 0.2683600 seconds, Stopping threads took: 0.0000140 seconds
209.144: Application time: 0.0617640 seconds
209.144: [Full GC209.144: [Tenured: 136575K->136575K(136576K), 0.2567020 secs] 198015K->145418K(198016K), [Perm : 9059K->9059K(21248K)], 0.2567500 secs] [Times: user=0.26 sys=0.00, real=0.26 secs] 
209.401: Total time for which application threads were stopped: 0.2568430 seconds, Stopping threads took: 0.0000140 seconds
209.470: Application time: 0.0685980 seconds
209.470: [Full GC209.470: [Tenured: 136575K->131899K(136576K), 0.2476150 secs] 198015K->131899K(198016K), [Perm : 9059K->9059K(21248K)], 0.2476620 secs] [Times: user=0.25 sys=0.00, real=0.24 secs] 
209.717: Total time for which application threads were stopped: 0.2477570 seconds, Stopping threads took: 0.0000140 seconds
209.749: Application time: 0.0311240 seconds
209.753: [GC209.753: [DefNew: 54656K->54656K(61440K), 0.0000090 secs]209.753: [Tenured: 131899K->134621K(136576K), 0.2113700 secs] 186555K->134621K(198016K), [Perm : 9059K->9059K(21248K)], 0.2114270 secs] [Times: user=0.21 sys=0.00, real=0.21 secs] 
209.964: Total time for which application threads were stopped: 0.2156340 seconds, Stopping threads took: 0.0041350 seconds
209.993: Application time: 0.0292710 seconds
209.994: [GC209.994: [DefNew: 54656K->54656K(61440K), 0.0000100 secs]209.994: [Tenured: 134621K->127341K(136576K), 0.2196630 secs] 189277K->127341K(198016K), [Perm : 9059K->9059K(21248K)], 0.2197190 secs] [Times: user=0.22 sys=0.00, real=0.22 secs] 
210.213: Total time for which application threads were stopped: 0.2199350 seconds, Stopping threads took: 0.0001340 seconds
210.243: Application time: 0.0299560 seconds
210.245: [GC210.245: [DefNew: 54656K->54656K(61440K), 0.0000120 secs]210.245: [Tenured: 127341K->120430K(136576K), 0.2045560 secs] 181997K->120430K(198016K), [Perm : 9059K->9059K(21248K)], 0.2046170 secs] [Times: user=0.21 sys=0.00, real=0.21 secs] 
210.449: Total time for which application threads were stopped: 0.2060790 seconds, Stopping threads took: 0.0013880 seconds
210.480: Application time: 0.0309680 seconds
210.481: [GC210.481: [DefNew: 54656K->54656K(61440K), 0.0000100 secs]210.481: [Tenured: 120430K->96400K(136576K), 0.1677570 secs] 175086K->96400K(198016K), [Perm : 9059K->9059K(21248K)], 0.1678140 secs] [Times: user=0.17 sys=0.00, real=0.17 secs] 
210.648: Total time for which application threads were stopped: 0.1680010 seconds, Stopping threads took: 0.0001130 seconds
210.669: Application time: 0.0209850 seconds
210.670: [GC210.670: [DefNew: 54656K->6784K(61440K), 0.0201330 secs] 151056K->108355K(198016K), 0.0201750 secs] [Times: user=0.02 sys=0.00, real=0.02 secs] 
210.690: Total time for which application threads were stopped: 0.0203140 seconds, Stopping threads took: 0.0000540 seconds
210.706: Application time: 0.0158670 seconds
210.706: [GC210.706: [DefNew: 61440K->6784K(61440K), 0.0321950 secs] 163011K->125116K(198016K), 0.0322400 secs] [Times: user=0.03 sys=0.00, real=0.03 secs] 
210.738: Total time for which application threads were stopped: 0.0324010 seconds, Stopping threads took: 0.0000870 seconds
210.751: Application time: 0.0132000 seconds
210.752: [GC210.752: [DefNew: 61440K->61440K(61440K), 0.0000090 secs]210.752: [Tenured: 118332K->89106K(136576K), 0.1267960 secs] 179772K->89106K(198016K), [Perm : 9059K->9059K(21248K)], 0.1268640 secs] [Times: user=0.13 sys=0.00, real=0.12 secs] 
210.879: Total time for which application threads were stopped: 0.1280780 seconds, Stopping threads took: 0.0011370 seconds
210.892: Application time: 0.0128990 seconds
210.892: [GC210.892: [DefNew: 54656K->6784K(61440K), 0.0248910 secs] 143762K->107743K(198016K), 0.0249340 secs] [Times: user=0.03 sys=0.00, real=0.02 secs] 
210.917: Total time for which application threads were stopped: 0.0251000 seconds, Stopping threads took: 0.0000910 seconds
210.931: Application time: 0.0137650 seconds
210.931: [GC210.931: [DefNew: 61440K->6784K(61440K), 0.0342470 secs] 162399K->126666K(198016K), 0.0342900 secs] [Times: user=0.03 sys=0.00, real=0.03 secs] 
210.966: Total time for which application threads were stopped: 0.0344500 seconds, Stopping threads took: 0.0000860 seconds
210.979: Application time: 0.0137740 seconds
210.979: [GC210.979: [DefNew: 61440K->61440K(61440K), 0.0000090 secs]210.979: [Tenured: 119882K->136575K(136576K), 0.2097860 secs] 181322K->142223K(198016K), [Perm : 9059K->9059K(21248K)], 0.2098440 secs] [Times: user=0.21 sys=0.00, real=0.22 secs] 
211.189: Total time for which application threads were stopped: 0.2099880 seconds, Stopping threads took: 0.0000710 seconds
211.245: Application time: 0.0554480 seconds
211.245: [Full GC211.245: [Tenured: 136575K->136575K(136576K), 0.2812140 secs] 198015K->169633K(198016K), [Perm : 9059K->9059K(21248K)], 0.2812500 secs] [Times: user=0.28 sys=0.00, real=0.28 secs] 
211.526: Total time for which application threads were stopped: 0.2813430 seconds, Stopping threads took: 0.0000120 seconds
211.568: Application time: 0.0418690 seconds
211.568: [Full GC211.568: [Tenured: 136575K->136576K(136576K), 0.3185630 secs] 198015K->172591K(198016K), [Perm : 9059K->9059K(21248K)], 0.3186080 secs] [Times: user=0.32 sys=0.00, real=0.32 secs] 
211.887: Total time for which application threads were stopped: 0.3186910 seconds, Stopping threads took: 0.0000120 seconds
211.938: Application time: 0.0513990 seconds
211.938: [Full GC211.938: [Tenured: 136576K->136576K(136576K), 0.2893400 secs] 198016K->173938K(198016K), [Perm : 9059K->9059K(21248K)], 0.2893840 secs] [Times: user=0.29 sys=0.00, real=0.29 secs] 
212.228: Total time for which application threads were stopped: 0.2894770 seconds, Stopping threads took: 0.0000130 seconds
212.279: Application time: 0.0516160 seconds
212.279: [Full GC212.279: [Tenured: 136576K->136576K(136576K), 0.2851940 secs] 198015K->174127K(198016K), [Perm : 9059K->9059K(21248K)], 0.2852410 secs] [Times: user=0.28 sys=0.00, real=0.29 secs] 
212.564: Total time for which application threads were stopped: 0.2853260 seconds, Stopping threads took: 0.0000140 seconds
212.617: Application time: 0.0523030 seconds
212.617: [Full GC212.617: [Tenured: 136576K->136575K(136576K), 0.2879640 secs] 198015K->171537K(198016K), [Perm : 9059K->9059K(21248K)], 0.2880100 secs] [Times: user=0.29 sys=0.00, real=0.29 secs] 
212.905: Total time for which application threads were stopped: 0.2881050 seconds, Stopping threads took: 0.0000140 seconds
212.958: Application time: 0.0529600 seconds
212.958: [Full GC212.958: [Tenured: 136576K->136576K(136576K), 0.3026260 secs] 198015K->161499K(198016K), [Perm : 9059K->9059K(21248K)], 0.3026700 secs] [Times: user=0.30 sys=0.00, real=0.30 secs] 
213.261: Total time for which application threads were stopped: 0.3027530 seconds, Stopping threads took: 0.0000140 seconds
213.319: Application time: 0.0587700 seconds
213.319: [Full GC213.319: [Tenured: 136576K->136576K(136576K), 0.2608240 secs] 198015K->162225K(198016K), [Perm : 9059K->9059K(21248K)], 0.2608710 secs] [Times: user=0.26 sys=0.00, real=0.26 secs] 
213.580: Total time for which application threads were stopped: 0.2609650 seconds, Stopping threads took: 0.0000130 seconds
213.645: Application time: 0.0642490 seconds
213.645: [Full GC213.645: [Tenured: 136576K->136576K(136576K), 0.2778750 secs] 198016K->159268K(198016K), [Perm : 9059K->9059K(21248K)], 0.2779260 secs] [Times: user=0.27 sys=0.00, real=0.28 secs] 
213.923: Total time for which application threads were stopped: 0.2780090 seconds, Stopping threads took: 0.0000130 seconds
213.988: Application time: 0.0649460 seconds
213.988: [Full GC213.988: [Tenured: 136576K->136575K(136576K), 0.2676640 secs] 198015K->151676K(198016K), [Perm : 9059K->9059K(21248K)], 0.2677120 secs] [Times: user=0.27 sys=0.00, real=0.27 secs] 
214.255: Total time for which application threads were stopped: 0.2678070 seconds, Stopping threads took: 0.0000130 seconds
214.320: Application time: 0.0649800 seconds
214.320: [Full GC214.320: [Tenured: 136575K->136429K(136576K), 0.2567540 secs] 198015K->136429K(198016K), [Perm : 9059K->9059K(21248K)], 0.2567970 secs] [Times: user=0.26 sys=0.00, real=0.26 secs] 
214.577: Total time for which application threads were stopped: 0.2568780 seconds, Stopping threads took: 0.0000130 seconds
214.606: Application time: 0.0285230 seconds
214.606: [GC214.606: [DefNew: 54656K->54656K(61440K), 0.0000100 secs]214.606: [Tenured: 136429K->136575K(136576K), 0.2135860 secs] 191085K->138067K(198016K), [Perm : 9059K->9059K(21248K)], 0.2136470 secs] [Times: user=0.22 sys=0.00, real=0.21 secs] 
214.820: Total time for which application threads were stopped: 0.2138490 seconds, Stopping threads took: 0.0001000 seconds
214.890: Application time: 0.0702460 seconds
214.890: [Full GC214.890: [Tenured: 136576K->132204K(136576K), 0.2389560 secs] 198015K->132204K(198016K), [Perm : 9059K->9059K(21248K)], 0.2389970 secs] [Times: user=0.24 sys=0.00, real=0.24 secs] 
215.129: Total time for which application threads were stopped: 0.2390780 seconds, Stopping threads took: 0.0000130 seconds
215.157: Application time: 0.0277980 seconds
215.157: [GC215.157: [DefNew: 54656K->54656K(61440K), 0.0000090 secs]215.157: [Tenured: 132204K->125041K(136576K), 0.2190400 secs] 186860K->125041K(198016K), [Perm : 9059K->9059K(21248K)], 0.2190970 secs] [Times: user=0.22 sys=0.00, real=0.22 secs] 
215.376: Total time for which application threads were stopped: 0.2192910 seconds, Stopping threads took: 0.0001100 seconds
215.406: Application time: 0.0295150 seconds
215.406: [GC215.406: [DefNew: 54656K->54656K(61440K), 0.0000090 secs]215.406: [Tenured: 125041K->108212K(136576K), 0.1964700 secs] 179697K->108212K(198016K), [Perm : 9059K->9059K(21248K)], 0.1965270 secs] [Times: user=0.19 sys=0.00, real=0.20 secs] 
215.602: Total time for which application threads were stopped: 0.1966950 seconds, Stopping threads took: 0.0000970 seconds
215.630: Application time: 0.0279630 seconds
215.630: [GC215.630: [DefNew: 54656K->54656K(61440K), 0.0000090 secs]215.630: [Tenured: 108212K->87801K(136576K), 0.1339300 secs] 162868K->87801K(198016K), [Perm : 9059K->9059K(21248K)], 0.1339900 secs] [Times: user=0.13 sys=0.00, real=0.13 secs] 
215.764: Total time for which application threads were stopped: 0.1341770 seconds, Stopping threads took: 0.0001150 seconds
215.782: Application time: 0.0178460 seconds
215.783: [GC215.783: [DefNew: 54656K->6783K(61440K), 0.0243600 secs] 142457K->102609K(198016K), 0.0244030 secs] [Times: user=0.02 sys=0.00, real=0.02 secs] 
215.808: Total time for which application threads were stopped: 0.0256010 seconds, Stopping threads took: 0.0011090 seconds
215.822: Application time: 0.0142640 seconds
215.822: [GC215.822: [DefNew: 61439K->6784K(61440K), 0.0319850 secs] 157265K->120889K(198016K), 0.0320280 secs] [Times: user=0.04 sys=0.00, real=0.03 secs] 
215.854: Total time for which application threads were stopped: 0.0322850 seconds, Stopping threads took: 0.0001730 seconds
215.868: Application time: 0.0139590 seconds
215.868: [GC215.869: [DefNew: 61440K->61440K(61440K), 0.0000090 secs]215.869: [Tenured: 114105K->92783K(136576K), 0.1429820 secs] 175545K->92783K(198016K), [Perm : 9059K->9059K(21248K)], 0.1430400 secs] [Times: user=0.15 sys=0.00, real=0.15 secs] 
216.012: Total time for which application threads were stopped: 0.1432250 seconds, Stopping threads took: 0.0001010 seconds
216.024: Application time: 0.0124440 seconds
216.024: [GC216.024: [DefNew: 54656K->6784K(61440K), 0.0233220 secs] 147439K->110288K(198016K), 0.0233650 secs] [Times: user=0.03 sys=0.00, real=0.02 secs] 
216.048: Total time for which application threads were stopped: 0.0234840 seconds, Stopping threads took: 0.0000410 seconds
216.061: Application time: 0.0138220 seconds
216.062: [GC216.062: [DefNew: 61440K->6784K(61440K), 0.0367050 secs] 164944K->127322K(198016K), 0.0367450 secs] [Times: user=0.04 sys=0.00, real=0.03 secs] 
216.098: Total time for which application threads were stopped: 0.0369820 seconds, Stopping threads took: 0.0001450 seconds
216.115: Application time: 0.0169860 seconds
216.115: [GC216.115: [DefNew: 61440K->61440K(61440K), 0.0000100 secs]216.115: [Tenured: 120538K->136576K(136576K), 0.2312760 secs] 181978K->147168K(198016K), [Perm : 9059K->9059K(21248K)], 0.2313330 secs] [Times: user=0.23 sys=0.00, real=0.23 secs] 
216.347: Total time for which application threads were stopped: 0.2314680 seconds, Stopping threads took: 0.0000630 seconds
216.397: Application time: 0.0505840 seconds
216.397: [Full GC216.397: [Tenured: 136576K->136575K(136576K), 0.3181140 secs] 198015K->169919K(198016K), [Perm : 9059K->9059K(21248K)], 0.3181610 secs] [Times: user=0.32 sys=0.00, real=0.32 secs] 
216.716: Total time for which application threads were stopped: 0.3182540 seconds, Stopping threads took: 0.0000130 seconds
216.767: Application time: 0.0513280 seconds
216.767: [Full GC216.767: [Tenured: 136575K->136575K(136576K), 0.2966410 secs] 198015K->177543K(198016K), [Perm : 9059K->9059K(21248K)], 0.2966860 secs] [Times: user=0.30 sys=0.00, real=0.30 secs] 
217.064: Total time for which application threads were stopped: 0.2967660 seconds, Stopping threads took: 0.0000130 seconds
217.115: Application time: 0.0511720 seconds
217.115: [Full GC217.115: [Tenured: 136575K->136575K(136576K), 0.2861900 secs] 198015K->176716K(198016K), [Perm : 9059K->9059K(21248K)], 0.2862360 secs] [Times: user=0.29 sys=0.00, real=0.29 secs] 
217.401: Total time for which application threads were stopped: 0.2863310 seconds, Stopping threads took: 0.0000140 seconds
217.448: Application time: 0.0472140 seconds
217.448: [Full GC217.448: [Tenured: 136575K->136575K(136576K), 0.2880150 secs] 198015K->173362K(198016K), [Perm : 9059K->9059K(21248K)], 0.2880600 secs] [Times: user=0.29 sys=0.00, real=0.29 secs] 
217.737: Total time for which application threads were stopped: 0.2881430 seconds, Stopping threads took: 0.0000140 seconds
217.789: Application time: 0.0524880 seconds
217.789: [Full GC217.789: [Tenured: 136575K->136575K(136576K), 0.3055760 secs] 198015K->163238K(198016K), [Perm : 9059K->9059K(21248K)], 0.3056190 secs] [Times: user=0.31 sys=0.00, real=0.30 secs] 
218.095: Total time for which application threads were stopped: 0.3057170 seconds, Stopping threads took: 0.0000130 seconds
218.153: Application time: 0.0586580 seconds
218.153: [Full GC218.154: [Tenured: 136576K->136576K(136576K), 0.2704020 secs] 198015K->164533K(198016K), [Perm : 9059K->9059K(21248K)], 0.2704500 secs] [Times: user=0.27 sys=0.00, real=0.27 secs] 
218.424: Total time for which application threads were stopped: 0.2705310 seconds, Stopping threads took: 0.0000130 seconds
218.481: Application time: 0.0569270 seconds
218.481: [Full GC218.481: [Tenured: 136576K->136576K(136576K), 0.2727990 secs] 198015K->162049K(198016K), [Perm : 9059K->9059K(21248K)], 0.2728430 secs] [Times: user=0.28 sys=0.00, real=0.27 secs] 
218.754: Total time for which application threads were stopped: 0.2729330 seconds, Stopping threads took: 0.0000130 seconds
218.817: Application time: 0.0632480 seconds
218.817: [Full GC218.817: [Tenured: 136576K->136575K(136576K), 0.2818550 secs] 198016K->157536K(198016K), [Perm : 9059K->9059K(21248K)], 0.2819010 secs] [Times: user=0.28 sys=0.00, real=0.28 secs] 
219.099: Total time for which application threads were stopped: 0.2819800 seconds, Stopping threads took: 0.0000130 seconds
219.165: Application time: 0.0659280 seconds
219.165: [Full GC219.165: [Tenured: 136575K->136575K(136576K), 0.2672000 secs] 198015K->142090K(198016K), [Perm : 9059K->9059K(21248K)], 0.2672540 secs] [Times: user=0.26 sys=0.00, real=0.27 secs] 
219.432: Total time for which application threads were stopped: 0.2673510 seconds, Stopping threads took: 0.0000140 seconds
219.497: Application time: 0.0648410 seconds
219.497: [Full GC219.497: [Tenured: 136576K->136576K(136576K), 0.2384270 secs] 198016K->139933K(198016K), [Perm : 9059K->9059K(21248K)], 0.2384730 secs] [Times: user=0.24 sys=0.00, real=0.24 secs] 
219.736: Total time for which application threads were stopped: 0.2385570 seconds, Stopping threads took: 0.0000130 seconds
219.811: Application time: 0.0750440 seconds
219.811: [Full GC219.811: [Tenured: 136576K->136576K(136576K), 0.2456250 secs] 198015K->137370K(198016K), [Perm : 9059K->9059K(21248K)], 0.2456740 secs] [Times: user=0.25 sys=0.00, real=0.24 secs] 
220.057: Total time for which application threads were stopped: 0.2457750 seconds, Stopping threads took: 0.0000130 seconds
220.126: Application time: 0.0696560 seconds
220.126: [Full GC220.126: [Tenured: 136576K->127324K(136576K), 0.2234480 secs] 198016K->127324K(198016K), [Perm : 9059K->9059K(21248K)], 0.2234930 secs] [Times: user=0.22 sys=0.00, real=0.23 secs] 
220.350: Total time for which application threads were stopped: 0.2235740 seconds, Stopping threads took: 0.0000130 seconds
220.379: Application time: 0.0293300 seconds
220.381: [GC220.381: [DefNew: 54656K->54656K(61440K), 0.0000090 secs]220.381: [Tenured: 127324K->115355K(136576K), 0.2106420 secs] 181980K->115355K(198016K), [Perm : 9059K->9059K(21248K)], 0.2107020 secs] [Times: user=0.21 sys=0.00, real=0.21 secs] 
220.591: Total time for which application threads were stopped: 0.2123150 seconds, Stopping threads took: 0.0015240 seconds
220.622: Application time: 0.0303250 seconds
220.622: [GC220.622: [DefNew: 54656K->54656K(61440K), 0.0000090 secs]220.622: [Tenured: 115355K->104845K(136576K), 0.1704310 secs] 170011K->104845K(198016K), [Perm : 9059K->9059K(21248K)], 0.1704860 secs] [Times: user=0.17 sys=0.00, real=0.17 secs] 
220.792: Total time for which application threads were stopped: 0.1706490 seconds, Stopping threads took: 0.0000920 seconds
220.814: Application time: 0.0219920 seconds
220.815: [GC220.815: [DefNew: 54656K->6783K(61440K), 0.0208700 secs] 159501K->115486K(198016K), 0.0209120 secs] [Times: user=0.02 sys=0.00, real=0.02 secs] 
220.835: Total time for which application threads were stopped: 0.0210690 seconds, Stopping threads took: 0.0000840 seconds
220.852: Application time: 0.0162150 seconds
220.852: [GC220.852: [DefNew: 61436K->6783K(61440K), 0.0330300 secs] 170138K->131679K(198016K), 0.0330910 secs] [Times: user=0.03 sys=0.00, real=0.03 secs] 
220.885: Total time for which application threads were stopped: 0.0332590 seconds, Stopping threads took: 0.0000920 seconds
220.898: Application time: 0.0131830 seconds
220.898: [GC220.898: [DefNew: 61439K->61439K(61440K), 0.0000090 secs]220.898: [Tenured: 124895K->84898K(136576K), 0.1261760 secs] 186335K->84898K(198016K), [Perm : 9060K->9060K(21248K)], 0.1262350 secs] [Times: user=0.12 sys=0.00, real=0.13 secs] 
221.025: Total time for which application threads were stopped: 0.1264860 seconds, Stopping threads took: 0.0001620 seconds
221.037: Application time: 0.0127980 seconds
221.039: [GC221.039: [DefNew: 54656K->6783K(61440K), 0.0291280 secs] 139554K->103663K(198016K), 0.0291690 secs] [Times: user=0.03 sys=0.00, real=0.03 secs] 
221.068: Total time for which application threads were stopped: 0.0304100 seconds, Stopping threads took: 0.0011470 seconds
221.081: Application time: 0.0136510 seconds
221.085: [GC221.085: [DefNew: 61439K->6783K(61440K), 0.0374700 secs] 158319K->121722K(198016K), 0.0375120 secs] [Times: user=0.04 sys=0.00, real=0.04 secs] 
221.123: Total time for which application threads were stopped: 0.0409930 seconds, Stopping threads took: 0.0034060 seconds
221.137: Application time: 0.0147100 seconds
221.141: [GC221.141: [DefNew: 61436K->61436K(61440K), 0.0000100 secs]221.141: [Tenured: 114938K->136575K(136576K), 0.2076430 secs] 176375K->139685K(198016K), [Perm : 9060K->9060K(21248K)], 0.2077110 secs] [Times: user=0.20 sys=0.00, real=0.20 secs] 
221.349: Total time for which application threads were stopped: 0.2113360 seconds, Stopping threads took: 0.0035540 seconds
221.400: Application time: 0.0519390 seconds
221.401: [Full GC221.401: [Tenured: 136575K->136575K(136576K), 0.2984720 secs] 198015K->161739K(198016K), [Perm : 9060K->9060K(21248K)], 0.2985190 secs] [Times: user=0.30 sys=0.00, real=0.30 secs] 
221.699: Total time for which application threads were stopped: 0.2986150 seconds, Stopping threads took: 0.0000130 seconds
221.751: Application time: 0.0517380 seconds
221.751: [Full GC221.751: [Tenured: 136575K->136575K(136576K), 0.2941570 secs] 198015K->176475K(198016K), [Perm : 9060K->9060K(21248K)], 0.2941990 secs] [Times: user=0.30 sys=0.00, real=0.29 secs] 
222.045: Total time for which application threads were stopped: 0.2942780 seconds, Stopping threads took: 0.0000130 seconds
222.093: Application time: 0.0478200 seconds
222.093: [Full GC222.093: [Tenured: 136575K->136575K(136576K), 0.2930580 secs] 198015K->177716K(198016K), [Perm : 9060K->9060K(21248K)], 0.2931030 secs] [Times: user=0.29 sys=0.00, real=0.29 secs] 
222.386: Total time for which application threads were stopped: 0.2931950 seconds, Stopping threads took: 0.0000130 seconds
222.437: Application time: 0.0504040 seconds
222.437: [Full GC222.437: [Tenured: 136575K->136575K(136576K), 0.2894670 secs] 198015K->174584K(198016K), [Perm : 9060K->9060K(21248K)], 0.2895110 secs] [Times: user=0.29 sys=0.00, real=0.29 secs] 
222.726: Total time for which application threads were stopped: 0.2895910 seconds, Stopping threads took: 0.0000130 seconds
222.783: Application time: 0.0571710 seconds
222.783: [Full GC222.783: [Tenured: 136575K->136575K(136576K), 0.3079850 secs] 198015K->165136K(198016K), [Perm : 9060K->9060K(21248K)], 0.3080330 secs] [Times: user=0.30 sys=0.00, real=0.31 secs] 
223.091: Total time for which application threads were stopped: 0.3081290 seconds, Stopping threads took: 0.0000130 seconds
223.150: Application time: 0.0588840 seconds
223.150: [Full GC223.150: [Tenured: 136575K->136575K(136576K), 0.2676000 secs] 198015K->165676K(198016K), [Perm : 9060K->9060K(21248K)], 0.2676440 secs] [Times: user=0.27 sys=0.00, real=0.26 secs] 
223.418: Total time for which application threads were stopped: 0.2677270 seconds, Stopping threads took: 0.0000140 seconds
223.474: Application time: 0.0562830 seconds
223.474: [Full GC223.474: [Tenured: 136575K->136575K(136576K), 0.2725620 secs] 198015K->165021K(198016K), [Perm : 9060K->9060K(21248K)], 0.2726090 secs] [Times: user=0.27 sys=0.00, real=0.27 secs] 
223.747: Total time for which application threads were stopped: 0.2727020 seconds, Stopping threads took: 0.0000130 seconds
223.811: Application time: 0.0636130 seconds
223.811: [Full GC223.811: [Tenured: 136576K->136575K(136576K), 0.2803600 secs] 198015K->159470K(198016K), [Perm : 9060K->9060K(21248K)], 0.2804050 secs] [Times: user=0.28 sys=0.00, real=0.28 secs] 
224.091: Total time for which application threads were stopped: 0.2804860 seconds, Stopping threads took: 0.0000130 seconds
224.153: Application time: 0.0617750 seconds
224.153: [Full GC224.153: [Tenured: 136575K->136576K(136576K), 0.2734110 secs] 198015K->146489K(198016K), [Perm : 9060K->9060K(21248K)], 0.2734550 secs] [Times: user=0.28 sys=0.00, real=0.27 secs] 
224.426: Total time for which application threads were stopped: 0.2735470 seconds, Stopping threads took: 0.0000130 seconds
224.490: Application time: 0.0634230 seconds
224.490: [Full GC224.490: [Tenured: 136576K->136575K(136576K), 0.2457080 secs] 198015K->143036K(198016K), [Perm : 9060K->9060K(21248K)], 0.2457550 secs] [Times: user=0.25 sys=0.00, real=0.24 secs] 
224.736: Total time for which application threads were stopped: 0.2458550 seconds, Stopping threads took: 0.0000150 seconds
224.809: Application time: 0.0728190 seconds
224.809: [Full GC224.809: [Tenured: 136575K->136575K(136576K), 0.2453810 secs] 198015K->137977K(198016K), [Perm : 9060K->9060K(21248K)], 0.2454350 secs] [Times: user=0.25 sys=0.00, real=0.25 secs] 
225.054: Total time for which application threads were stopped: 0.2455360 seconds, Stopping threads took: 0.0000130 seconds
225.127: Application time: 0.0726780 seconds
225.127: [Full GC225.127: [Tenured: 136575K->132790K(136576K), 0.2405390 secs] 198015K->132790K(198016K), [Perm : 9060K->9060K(21248K)], 0.2405840 secs] [Times: user=0.24 sys=0.00, real=0.24 secs] 
225.367: Total time for which application threads were stopped: 0.2406660 seconds, Stopping threads took: 0.0000130 seconds
225.396: Application time: 0.0284620 seconds
225.396: [GC225.396: [DefNew: 54656K->54656K(61440K), 0.0000090 secs]225.396: [Tenured: 132790K->118564K(136576K), 0.2189230 secs] 187446K->118564K(198016K), [Perm : 9060K->9060K(21248K)], 0.2189820 secs] [Times: user=0.22 sys=0.00, real=0.22 secs] 
225.615: Total time for which application threads were stopped: 0.2191490 seconds, Stopping threads took: 0.0000850 seconds
225.644: Application time: 0.0292660 seconds
225.644: [GC225.644: [DefNew: 54656K->54656K(61440K), 0.0000100 secs]225.645: [Tenured: 118564K->114768K(136576K), 0.1896210 secs] 173220K->114768K(198016K), [Perm : 9060K->9060K(21248K)], 0.1896780 secs] [Times: user=0.19 sys=0.00, real=0.19 secs] 
225.834: Total time for which application threads were stopped: 0.1898350 seconds, Stopping threads took: 0.0000850 seconds
225.862: Application time: 0.0282880 seconds
225.863: [GC225.863: [DefNew: 54656K->54656K(61440K), 0.0000100 secs]225.863: [Tenured: 114768K->88879K(136576K), 0.1367740 secs] 169424K->88879K(198016K), [Perm : 9060K->9060K(21248K)], 0.1368350 secs] [Times: user=0.14 sys=0.00, real=0.13 secs] 
225.999: Total time for which application threads were stopped: 0.1370070 seconds, Stopping threads took: 0.0000920 seconds
226.019: Application time: 0.0194990 seconds
226.019: [GC226.019: [DefNew: 54656K->6783K(61440K), 0.0215110 secs] 143535K->103225K(198016K), 0.0215600 secs] [Times: user=0.02 sys=0.00, real=0.03 secs] 
226.041: Total time for which application threads were stopped: 0.0217790 seconds, Stopping threads took: 0.0001320 seconds
226.055: Application time: 0.0139060 seconds
226.055: [GC226.055: [DefNew: 61439K->6783K(61440K), 0.0366060 secs] 157881K->120999K(198016K), 0.0366490 secs] [Times: user=0.04 sys=0.00, real=0.04 secs] 
226.092: Total time for which application threads were stopped: 0.0370310 seconds, Stopping threads took: 0.0002880 seconds
226.105: Application time: 0.0134230 seconds
226.109: [GC226.109: [DefNew: 61439K->61439K(61440K), 0.0000100 secs]226.109: [Tenured: 114215K->97806K(136576K), 0.1462690 secs] 175655K->97806K(198016K), [Perm : 9060K->9060K(21248K)], 0.1463290 secs] [Times: user=0.14 sys=0.00, real=0.14 secs] 
226.255: Total time for which application threads were stopped: 0.1501320 seconds, Stopping threads took: 0.0037100 seconds
226.269: Application time: 0.0133000 seconds
226.269: [GC226.269: [DefNew: 54656K->6784K(61440K), 0.0253200 secs] 152462K->115833K(198016K), 0.0253630 secs] [Times: user=0.02 sys=0.00, real=0.03 secs] 
226.294: Total time for which application threads were stopped: 0.0255070 seconds, Stopping threads took: 0.0000690 seconds
226.308: Application time: 0.0141150 seconds
226.309: [GC226.309: [DefNew: 61440K->61440K(61440K), 0.0000100 secs]226.309: [Tenured: 109049K->128196K(136576K), 0.2075030 secs] 170489K->128196K(198016K), [Perm : 9060K->9060K(21248K)], 0.2075650 secs] [Times: user=0.21 sys=0.00, real=0.20 secs] 
226.517: Total time for which application threads were stopped: 0.2083360 seconds, Stopping threads took: 0.0006770 seconds
226.533: Application time: 0.0163340 seconds
226.537: [GC226.537: [DefNew: 54656K->54656K(61440K), 0.0000110 secs]226.537: [Tenured: 128196K->136575K(136576K), 0.2188340 secs] 182852K->145448K(198016K), [Perm : 9060K->9060K(21248K)], 0.2188950 secs] [Times: user=0.22 sys=0.00, real=0.22 secs] 
226.756: Total time for which application threads were stopped: 0.2229860 seconds, Stopping threads took: 0.0039860 seconds
226.812: Application time: 0.0558250 seconds
226.812: [Full GC226.812: [Tenured: 136576K->136576K(136576K), 0.2826930 secs] 198015K->172289K(198016K), [Perm : 9060K->9060K(21248K)], 0.2827460 secs] [Times: user=0.28 sys=0.00, real=0.28 secs] 
227.095: Total time for which application threads were stopped: 0.2828260 seconds, Stopping threads took: 0.0000130 seconds
227.146: Application time: 0.0518550 seconds
227.146: [Full GC227.146: [Tenured: 136576K->136576K(136576K), 0.2890450 secs] 198016K->179491K(198016K), [Perm : 9060K->9060K(21248K)], 0.2890930 secs] [Times: user=0.29 sys=0.00, real=0.29 secs] 
227.436: Total time for which application threads were stopped: 0.2891950 seconds, Stopping threads took: 0.0000220 seconds
227.485: Application time: 0.0497050 seconds
227.485: [Full GC227.485: [Tenured: 136576K->136575K(136576K), 0.3069920 secs] 198016K->169738K(198016K), [Perm : 9060K->9060K(21248K)], 0.3070370 secs] [Times: user=0.30 sys=0.00, real=0.31 secs] 
227.792: Total time for which application threads were stopped: 0.3071190 seconds, Stopping threads took: 0.0000130 seconds
227.848: Application time: 0.0556520 seconds
227.848: [Full GC227.848: [Tenured: 136575K->136575K(136576K), 0.2685720 secs] 198015K->169953K(198016K), [Perm : 9060K->9060K(21248K)], 0.2686300 secs] [Times: user=0.26 sys=0.01, real=0.27 secs] 
228.117: Total time for which application threads were stopped: 0.2687250 seconds, Stopping threads took: 0.0000140 seconds
228.173: Application time: 0.0558950 seconds
228.173: [Full GC228.173: [Tenured: 136575K->136575K(136576K), 0.2754400 secs] 198015K->169832K(198016K), [Perm : 9060K->9060K(21248K)], 0.2754870 secs] [Times: user=0.27 sys=0.00, real=0.27 secs] 
228.448: Total time for which application threads were stopped: 0.2755710 seconds, Stopping threads took: 0.0000130 seconds
228.502: Application time: 0.0542530 seconds
228.503: [Full GC228.503: [Tenured: 136576K->136575K(136576K), 0.2773970 secs] 198015K->166999K(198016K), [Perm : 9060K->9060K(21248K)], 0.2774390 secs] [Times: user=0.27 sys=0.00, real=0.27 secs] 
228.780: Total time for which application threads were stopped: 0.2775300 seconds, Stopping threads took: 0.0000130 seconds
228.837: Application time: 0.0570660 seconds
228.837: [Full GC228.837: [Tenured: 136576K->136575K(136576K), 0.2828300 secs] 198015K->154861K(198016K), [Perm : 9060K->9060K(21248K)], 0.2828750 secs] [Times: user=0.29 sys=0.00, real=0.28 secs] 
229.120: Total time for which application threads were stopped: 0.2829570 seconds, Stopping threads took: 0.0000130 seconds
229.188: Application time: 0.0678480 seconds
229.188: [Full GC229.188: [Tenured: 136576K->136575K(136576K), 0.2463460 secs] 198015K->155403K(198016K), [Perm : 9060K->9060K(21248K)], 0.2463880 secs] [Times: user=0.25 sys=0.00, real=0.25 secs] 
229.434: Total time for which application threads were stopped: 0.2465000 seconds, Stopping threads took: 0.0000330 seconds
229.492: Application time: 0.0576210 seconds
229.492: [Full GC229.492: [Tenured: 136575K->136576K(136576K), 0.2536060 secs] 198015K->146853K(198016K), [Perm : 9060K->9060K(21248K)], 0.2536500 secs] [Times: user=0.25 sys=0.00, real=0.25 secs] 
229.746: Total time for which application threads were stopped: 0.2537320 seconds, Stopping threads took: 0.0000140 seconds
229.811: Application time: 0.0648200 seconds
229.811: [Full GC229.811: [Tenured: 136576K->136575K(136576K), 0.2400650 secs] 198016K->139523K(198016K), [Perm : 9060K->9060K(21248K)], 0.2401100 secs] [Times: user=0.24 sys=0.00, real=0.24 secs] 
230.051: Total time for which application threads were stopped: 0.2402020 seconds, Stopping threads took: 0.0000130 seconds
230.127: Application time: 0.0763290 seconds
230.127: [Full GC230.127: [Tenured: 136576K->129708K(136576K), 0.2438140 secs] 198016K->129708K(198016K), [Perm : 9060K->9060K(21248K)], 0.2438690 secs] [Times: user=0.25 sys=0.00, real=0.25 secs] 
230.371: Total time for which application threads were stopped: 0.2439510 seconds, Stopping threads took: 0.0000130 seconds
230.400: Application time: 0.0290410 seconds
230.400: [GC230.400: [DefNew: 54656K->54656K(61440K), 0.0000090 secs]230.400: [Tenured: 129708K->129999K(136576K), 0.2153900 secs] 184364K->129999K(198016K), [Perm : 9060K->9060K(21248K)], 0.2154580 secs] [Times: user=0.21 sys=0.00, real=0.22 secs] 
230.616: Total time for which application threads were stopped: 0.2156230 seconds, Stopping threads took: 0.0000840 seconds
230.643: Application time: 0.0274320 seconds
230.643: [GC230.643: [DefNew: 54656K->54656K(61440K), 0.0000090 secs]230.643: [Tenured: 129999K->121938K(136576K), 0.2039670 secs] 184655K->121938K(198016K), [Perm : 9060K->9060K(21248K)], 0.2040230 secs] [Times: user=0.21 sys=0.00, real=0.20 secs] 
230.847: Total time for which application threads were stopped: 0.2041670 seconds, Stopping threads took: 0.0000750 seconds
230.878: Application time: 0.0303380 seconds
230.878: [GC230.878: [DefNew: 54656K->54656K(61440K), 0.0000090 secs]230.878: [Tenured: 121938K->106546K(136576K), 0.1728690 secs] 176594K->106546K(198016K), [Perm : 9060K->9060K(21248K)], 0.1729270 secs] [Times: user=0.17 sys=0.00, real=0.18 secs] 
231.051: Total time for which application threads were stopped: 0.1730960 seconds, Stopping threads took: 0.0000970 seconds
231.074: Application time: 0.0229810 seconds
231.074: [GC231.074: [DefNew: 54595K->6783K(61440K), 0.0234160 secs] 161141K->116528K(198016K), 0.0234580 secs] [Times: user=0.03 sys=0.00, real=0.02 secs] 
231.097: Total time for which application threads were stopped: 0.0236730 seconds, Stopping threads took: 0.0001300 seconds
231.113: Application time: 0.0157150 seconds
231.114: [GC231.114: [DefNew: 61399K->6784K(61440K), 0.0325670 secs] 171144K->132749K(198016K), 0.0326090 secs] [Times: user=0.03 sys=0.00, real=0.03 secs] 
231.147: Total time for which application threads were stopped: 0.0337750 seconds, Stopping threads took: 0.0010890 seconds
231.160: Application time: 0.0131070 seconds
231.160: [GC231.160: [DefNew: 61440K->61440K(61440K), 0.0000090 secs]231.160: [Tenured: 125965K->81977K(136576K), 0.1201000 secs] 187405K->81977K(198016K), [Perm : 9060K->9060K(21248K)], 0.1201540 secs] [Times: user=0.12 sys=0.00, real=0.12 secs] 
231.280: Total time for which application threads were stopped: 0.1203620 seconds, Stopping threads took: 0.0001350 seconds
231.293: Application time: 0.0127150 seconds
231.293: [GC231.293: [DefNew: 54656K->6784K(61440K), 0.0249080 secs] 136633K->100925K(198016K), 0.0249510 secs] [Times: user=0.02 sys=0.00, real=0.02 secs] 
231.318: Total time for which application threads were stopped: 0.0251240 seconds, Stopping threads took: 0.0000970 seconds
231.332: Application time: 0.0135830 seconds
231.333: [GC231.333: [DefNew: 61440K->6784K(61440K), 0.0326380 secs] 155581K->119204K(198016K), 0.0326770 secs] [Times: user=0.03 sys=0.00, real=0.03 secs] 
231.366: Total time for which application threads were stopped: 0.0336900 seconds, Stopping threads took: 0.0009380 seconds
231.380: Application time: 0.0141680 seconds
231.380: [GC231.380: [DefNew: 61440K->61440K(61440K), 0.0000100 secs]231.380: [Tenured: 112420K->136575K(136576K), 0.2069210 secs] 173860K->138060K(198016K), [Perm : 9060K->9060K(21248K)], 0.2069810 secs] [Times: user=0.20 sys=0.00, real=0.21 secs] 
231.587: Total time for which application threads were stopped: 0.2071460 seconds, Stopping threads took: 0.0000900 seconds
231.642: Application time: 0.0553750 seconds
231.642: [Full GC231.642: [Tenured: 136575K->136575K(136576K), 0.2651410 secs] 198015K->163121K(198016K), [Perm : 9060K->9060K(21248K)], 0.2651870 secs] [Times: user=0.27 sys=0.00, real=0.26 secs] 
231.907: Total time for which application threads were stopped: 0.2652780 seconds, Stopping threads took: 0.0000130 seconds
231.957: Application time: 0.0496880 seconds
231.957: [Full GC231.957: [Tenured: 136575K->136575K(136576K), 0.2904520 secs] 198015K->177741K(198016K), [Perm : 9060K->9060K(21248K)], 0.2905010 secs] [Times: user=0.29 sys=0.00, real=0.29 secs] 
232.248: Total time for which application threads were stopped: 0.2905810 seconds, Stopping threads took: 0.0000120 seconds
232.295: Application time: 0.0475240 seconds
232.295: [Full GC232.295: [Tenured: 136576K->136575K(136576K), 0.3171950 secs] 198015K->172260K(198016K), [Perm : 9060K->9060K(21248K)], 0.3172510 secs] [Times: user=0.32 sys=0.00, real=0.32 secs] 
232.613: Total time for which application threads were stopped: 0.3173480 seconds, Stopping threads took: 0.0000140 seconds
232.665: Application time: 0.0520190 seconds
232.665: [Full GC232.665: [Tenured: 136575K->136575K(136576K), 0.2784210 secs] 198015K->171491K(198016K), [Perm : 9060K->9060K(21248K)], 0.2784680 secs] [Times: user=0.28 sys=0.00, real=0.28 secs] 
232.943: Total time for which application threads were stopped: 0.2785550 seconds, Stopping threads took: 0.0000140 seconds
232.999: Application time: 0.0553670 seconds
232.999: [Full GC232.999: [Tenured: 136575K->136575K(136576K), 0.2787310 secs] 198015K->171347K(198016K), [Perm : 9060K->9060K(21248K)], 0.2787760 secs] [Times: user=0.28 sys=0.00, real=0.28 secs] 
233.277: Total time for which application threads were stopped: 0.2788680 seconds, Stopping threads took: 0.0000130 seconds
233.332: Application time: 0.0550280 seconds
233.333: [Full GC233.333: [Tenured: 136576K->136575K(136576K), 0.2822170 secs] 198016K->168444K(198016K), [Perm : 9060K->9060K(21248K)], 0.2822620 secs] [Times: user=0.29 sys=0.00, real=0.28 secs] 
233.615: Total time for which application threads were stopped: 0.2823450 seconds, Stopping threads took: 0.0000130 seconds
233.670: Application time: 0.0555440 seconds
233.670: [Full GC233.670: [Tenured: 136576K->136575K(136576K), 0.2934910 secs] 198015K->158452K(198016K), [Perm : 9060K->9060K(21248K)], 0.2935360 secs] [Times: user=0.29 sys=0.00, real=0.29 secs] 
233.964: Total time for which application threads were stopped: 0.2936360 seconds, Stopping threads took: 0.0000200 seconds
234.027: Application time: 0.0634010 seconds
234.027: [Full GC234.027: [Tenured: 136575K->136575K(136576K), 0.2571620 secs] 198015K->158883K(198016K), [Perm : 9060K->9060K(21248K)], 0.2572060 secs] [Times: user=0.26 sys=0.00, real=0.26 secs] 
234.285: Total time for which application threads were stopped: 0.2572910 seconds, Stopping threads took: 0.0000120 seconds
234.348: Application time: 0.0635630 seconds
234.348: [Full GC234.348: [Tenured: 136575K->136575K(136576K), 0.2669300 secs] 198015K->153030K(198016K), [Perm : 9060K->9060K(21248K)], 0.2669790 secs] [Times: user=0.26 sys=0.00, real=0.27 secs] 
234.615: Total time for which application threads were stopped: 0.2670740 seconds, Stopping threads took: 0.0000130 seconds
234.682: Application time: 0.0670560 seconds
234.682: [Full GC234.682: [Tenured: 136575K->136575K(136576K), 0.2502630 secs] 198015K->143562K(198016K), [Perm : 9060K->9060K(21248K)], 0.2503090 secs] [Times: user=0.25 sys=0.00, real=0.25 secs] 
234.933: Total time for which application threads were stopped: 0.2503910 seconds, Stopping threads took: 0.0000130 seconds
235.005: Application time: 0.0722010 seconds
235.005: [Full GC235.005: [Tenured: 136575K->131152K(136576K), 0.2478800 secs] 198015K->131152K(198016K), [Perm : 9060K->9060K(21248K)], 0.2479300 secs] [Times: user=0.24 sys=0.00, real=0.25 secs] 
235.253: Total time for which application threads were stopped: 0.2480430 seconds, Stopping threads took: 0.0000220 seconds
235.286: Application time: 0.0326380 seconds
235.286: [GC235.286: [DefNew: 54656K->54656K(61440K), 0.0000090 secs]235.286: [Tenured: 131152K->134350K(136576K), 0.2137480 secs] 185808K->134350K(198016K), [Perm : 9060K->9060K(21248K)], 0.2138060 secs] [Times: user=0.22 sys=0.00, real=0.21 secs] 
235.500: Total time for which application threads were stopped: 0.2139580 seconds, Stopping threads took: 0.0000830 seconds
235.528: Application time: 0.0281300 seconds
235.528: [GC235.528: [DefNew: 54631K->54631K(61440K), 0.0000090 secs]235.528: [Tenured: 134350K->125795K(136576K), 0.2165830 secs] 188981K->125795K(198016K), [Perm : 9060K->9060K(21248K)], 0.2166400 secs] [Times: user=0.22 sys=0.00, real=0.22 secs] 
235.745: Total time for which application threads were stopped: 0.2168470 seconds, Stopping threads took: 0.0001230 seconds
235.774: Application time: 0.0292440 seconds
235.777: [GC235.777: [DefNew: 54656K->54656K(61440K), 0.0000090 secs]235.777: [Tenured: 125795K->117385K(136576K), 0.1987650 secs] 180451K->117385K(198016K), [Perm : 9060K->9060K(21248K)], 0.1988320 secs] [Times: user=0.20 sys=0.00, real=0.20 secs] 
235.976: Total time for which application threads were stopped: 0.2018230 seconds, Stopping threads took: 0.0029190 seconds
236.005: Application time: 0.0289750 seconds
236.005: [GC236.005: [DefNew: 54656K->54656K(61440K), 0.0000100 secs]236.005: [Tenured: 117385K->91669K(136576K), 0.1557810 secs] 172041K->91669K(198016K), [Perm : 9060K->9060K(21248K)], 0.1558400 secs] [Times: user=0.16 sys=0.00, real=0.15 secs] 
236.161: Total time for which application threads were stopped: 0.1560060 seconds, Stopping threads took: 0.0000950 seconds
236.180: Application time: 0.0192740 seconds
236.180: [GC236.180: [DefNew: 54656K->6783K(61440K), 0.0186480 secs] 146325K->104761K(198016K), 0.0186910 secs] [Times: user=0.02 sys=0.00, real=0.02 secs] 
236.199: Total time for which application threads were stopped: 0.0188570 seconds, Stopping threads took: 0.0000790 seconds
236.212: Application time: 0.0136120 seconds
236.217: [GC236.217: [DefNew: 61439K->6783K(61440K), 0.0363320 secs] 159417K->123180K(198016K), 0.0363770 secs] [Times: user=0.04 sys=0.00, real=0.04 secs] 
236.253: Total time for which application threads were stopped: 0.0408860 seconds, Stopping threads took: 0.0044130 seconds
236.267: Application time: 0.0135150 seconds
236.267: [GC236.267: [DefNew: 61439K->61439K(61440K), 0.0000100 secs]236.267: [Tenured: 116396K->92503K(136576K), 0.1338780 secs] 177836K->92503K(198016K), [Perm : 9060K->9060K(21248K)], 0.1339360 secs] [Times: user=0.13 sys=0.01, real=0.14 secs] 
236.401: Total time for which application threads were stopped: 0.1341090 seconds, Stopping threads took: 0.0000970 seconds
236.414: Application time: 0.0130460 seconds
236.414: [GC236.414: [DefNew: 54656K->6783K(61440K), 0.0266510 secs] 147159K->112351K(198016K), 0.0266940 secs] [Times: user=0.02 sys=0.00, real=0.03 secs] 
236.441: Total time for which application threads were stopped: 0.0268900 seconds, Stopping threads took: 0.0001220 seconds
236.454: Application time: 0.0129500 seconds
236.454: [GC236.454: [DefNew: 61439K->6783K(61440K), 0.0336030 secs] 167007K->128476K(198016K), 0.0336450 secs] [Times: user=0.03 sys=0.00, real=0.03 secs] 
236.488: Total time for which application threads were stopped: 0.0338390 seconds, Stopping threads took: 0.0001190 seconds
236.503: Application time: 0.0150980 seconds
236.503: [GC236.503: [DefNew: 61439K->61439K(61440K), 0.0000100 secs]236.503: [Tenured: 121692K->136575K(136576K), 0.2192970 secs] 183132K->144042K(198016K), [Perm : 9060K->9060K(21248K)], 0.2193570 secs] [Times: user=0.22 sys=0.00, real=0.22 secs] 
236.722: Total time for which application threads were stopped: 0.2195740 seconds, Stopping threads took: 0.0001270 seconds
236.779: Application time: 0.0566750 seconds
236.779: [Full GC236.779: [Tenured: 136575K->136575K(136576K), 0.2901960 secs] 198015K->173952K(198016K), [Perm : 9060K->9060K(21248K)], 0.2902430 secs] [Times: user=0.29 sys=0.00, real=0.30 secs] 
237.069: Total time for which application threads were stopped: 0.2903360 seconds, Stopping threads took: 0.0000120 seconds
237.116: Application time: 0.0469760 seconds
237.116: [Full GC237.116: [Tenured: 136575K->136575K(136576K), 0.3334660 secs] 198015K->175250K(198016K), [Perm : 9060K->9060K(21248K)], 0.3335110 secs] [Times: user=0.33 sys=0.00, real=0.34 secs] 
237.450: Total time for which application threads were stopped: 0.3335910 seconds, Stopping threads took: 0.0000130 seconds
237.504: Application time: 0.0540100 seconds
237.504: [Full GC237.504: [Tenured: 136576K->136576K(136576K), 0.2876820 secs] 198016K->174492K(198016K), [Perm : 9061K->9061K(21248K)], 0.2877270 secs] [Times: user=0.29 sys=0.00, real=0.29 secs] 
237.792: Total time for which application threads were stopped: 0.2878180 seconds, Stopping threads took: 0.0000140 seconds
237.849: Application time: 0.0569100 seconds
237.849: [Full GC237.849: [Tenured: 136576K->136576K(136576K), 0.2896680 secs] 198016K->174358K(198016K), [Perm : 9061K->9061K(21248K)], 0.2897210 secs] [Times: user=0.29 sys=0.00, real=0.28 secs] 
238.138: Total time for which application threads were stopped: 0.2898050 seconds, Stopping threads took: 0.0000160 seconds
238.186: Application time: 0.0475070 seconds
238.186: [Full GC238.186: [Tenured: 136576K->136575K(136576K), 0.2915920 secs] 198016K->170729K(198016K), [Perm : 9061K->9061K(21248K)], 0.2916350 secs] [Times: user=0.29 sys=0.00, real=0.29 secs] 
238.478: Total time for which application threads were stopped: 0.2917280 seconds, Stopping threads took: 0.0000130 seconds
238.533: Application time: 0.0551550 seconds
238.533: [Full GC238.533: [Tenured: 136575K->136576K(136576K), 0.3040970 secs] 198015K->162061K(198016K), [Perm : 9061K->9061K(21248K)], 0.3041390 secs] [Times: user=0.30 sys=0.00, real=0.30 secs] 
238.837: Total time for which application threads were stopped: 0.3042180 seconds, Stopping threads took: 0.0000130 seconds
238.895: Application time: 0.0580750 seconds
238.895: [Full GC238.895: [Tenured: 136576K->136576K(136576K), 0.2619670 secs] 198016K->162279K(198016K), [Perm : 9061K->9061K(21248K)], 0.2620100 secs] [Times: user=0.27 sys=0.00, real=0.26 secs] 
239.157: Total time for which application threads were stopped: 0.2621030 seconds, Stopping threads took: 0.0000140 seconds
239.220: Application time: 0.0627230 seconds
239.220: [Full GC239.220: [Tenured: 136576K->136575K(136576K), 0.2802720 secs] 198016K->158593K(198016K), [Perm : 9061K->9061K(21248K)], 0.2803180 secs] [Times: user=0.28 sys=0.00, real=0.28 secs] 
239.500: Total time for which application threads were stopped: 0.2804000 seconds, Stopping threads took: 0.0000130 seconds
239.563: Application time: 0.0630660 seconds
239.564: [Full GC239.564: [Tenured: 136575K->136576K(136576K), 0.2668710 secs] 198015K->150717K(198016K), [Perm : 9061K->9061K(21248K)], 0.2669170 secs] [Times: user=0.27 sys=0.00, real=0.27 secs] 
239.831: Total time for which application threads were stopped: 0.2670260 seconds, Stopping threads took: 0.0000220 seconds
239.893: Application time: 0.0622400 seconds
239.893: [Full GC239.893: [Tenured: 136576K->135468K(136576K), 0.2561570 secs] 198016K->135468K(198016K), [Perm : 9061K->9061K(21248K)], 0.2562000 secs] [Times: user=0.25 sys=0.00, real=0.26 secs] 
240.149: Total time for which application threads were stopped: 0.2562810 seconds, Stopping threads took: 0.0000140 seconds
240.177: Application time: 0.0283150 seconds
240.177: [GC240.178: [DefNew: 54656K->54656K(61440K), 0.0000090 secs]240.178: [Tenured: 135468K->136575K(136576K), 0.2177740 secs] 190124K->137703K(198016K), [Perm : 9061K->9061K(21248K)], 0.2178350 secs] [Times: user=0.22 sys=0.00, real=0.22 secs] 
240.395: Total time for which application threads were stopped: 0.2180030 seconds, Stopping threads took: 0.0000710 seconds
240.464: Application time: 0.0689400 seconds
240.464: [Full GC240.464: [Tenured: 136576K->133170K(136576K), 0.2398450 secs] 198015K->133170K(198016K), [Perm : 9061K->9061K(21248K)], 0.2398910 secs] [Times: user=0.24 sys=0.00, real=0.24 secs] 
240.704: Total time for which application threads were stopped: 0.2399750 seconds, Stopping threads took: 0.0000140 seconds
240.732: Application time: 0.0274670 seconds
240.732: [GC240.732: [DefNew: 54656K->54656K(61440K), 0.0000090 secs]240.732: [Tenured: 133170K->125369K(136576K), 0.2188990 secs] 187826K->125369K(198016K), [Perm : 9061K->9061K(21248K)], 0.2189560 secs] [Times: user=0.22 sys=0.00, real=0.22 secs] 
240.951: Total time for which application threads were stopped: 0.2191190 seconds, Stopping threads took: 0.0000820 seconds
240.982: Application time: 0.0309690 seconds
240.985: [GC240.985: [DefNew: 54656K->54656K(61440K), 0.0000100 secs]240.985: [Tenured: 125369K->108333K(136576K), 0.1964260 secs] 180025K->108333K(198016K), [Perm : 9061K->9061K(21248K)], 0.1964830 secs] [Times: user=0.19 sys=0.00, real=0.20 secs] 
241.181: Total time for which application threads were stopped: 0.1995110 seconds, Stopping threads took: 0.0029490 seconds
241.211: Application time: 0.0299590 seconds
241.213: [GC241.213: [DefNew: 54656K->4222K(61440K), 0.0195210 secs] 162989K->112556K(198016K), 0.0195620 secs] [Times: user=0.02 sys=0.00, real=0.02 secs] 
241.232: Total time for which application threads were stopped: 0.0211300 seconds, Stopping threads took: 0.0014970 seconds
241.248: Application time: 0.0159400 seconds
241.249: [GC241.249: [DefNew: 58878K->6784K(61440K), 0.0334800 secs] 167212K->129133K(198016K), 0.0335230 secs] [Times: user=0.03 sys=0.00, real=0.04 secs] 
241.282: Total time for which application threads were stopped: 0.0337090 seconds, Stopping threads took: 0.0001010 seconds
241.296: Application time: 0.0135170 seconds
241.296: [GC241.296: [DefNew: 61440K->61440K(61440K), 0.0000100 secs]241.296: [Tenured: 122349K->75812K(136576K), 0.1051000 secs] 183789K->75812K(198016K), [Perm : 9061K->9061K(21248K)], 0.1051590 secs] [Times: user=0.10 sys=0.00, real=0.11 secs] 
241.401: Total time for which application threads were stopped: 0.1053080 seconds, Stopping threads took: 0.0000750 seconds
241.414: Application time: 0.0132120 seconds
241.414: [GC241.414: [DefNew: 54656K->6784K(61440K), 0.0320910 secs] 130468K->96693K(198016K), 0.0321340 secs] [Times: user=0.03 sys=0.00, real=0.03 secs] 
241.446: Total time for which application threads were stopped: 0.0323380 seconds, Stopping threads took: 0.0001290 seconds
241.459: Application time: 0.0128800 seconds
241.459: [GC241.460: [DefNew: 61440K->6784K(61440K), 0.0365290 secs] 151349K->114877K(198016K), 0.0365720 secs] [Times: user=0.04 sys=0.00, real=0.04 secs] 
241.496: Total time for which application threads were stopped: 0.0367310 seconds, Stopping threads took: 0.0000830 seconds
241.508: Application time: 0.0122520 seconds
241.510: [GC241.510: [DefNew: 61440K->61440K(61440K), 0.0000100 secs]241.510: [Tenured: 108093K->130993K(136576K), 0.1965630 secs] 169533K->130993K(198016K), [Perm : 9061K->9061K(21248K)], 0.1966210 secs] [Times: user=0.20 sys=0.00, real=0.19 secs] 
241.706: Total time for which application threads were stopped: 0.1978100 seconds, Stopping threads took: 0.0010970 seconds
241.722: Application time: 0.0155540 seconds
241.722: [GC241.722: [DefNew: 54656K->54656K(61440K), 0.0000090 secs]241.722: [Tenured: 130993K->136560K(136576K), 0.2228780 secs] 185649K->148716K(198016K), [Perm : 9061K->9061K(21248K)], 0.2229380 secs] [Times: user=0.22 sys=0.00, real=0.22 secs] 
241.945: Total time for which application threads were stopped: 0.2230720 seconds, Stopping threads took: 0.0000620 seconds
241.998: Application time: 0.0528730 seconds
241.998: [Full GC241.998: [Tenured: 136575K->136575K(136576K), 0.3111230 secs] 198015K->172519K(198016K), [Perm : 9061K->9061K(21248K)], 0.3111680 secs] [Times: user=0.31 sys=0.00, real=0.32 secs] 
242.309: Total time for which application threads were stopped: 0.3112700 seconds, Stopping threads took: 0.0000220 seconds
242.360: Application time: 0.0511660 seconds
242.360: [Full GC242.360: [Tenured: 136575K->136575K(136576K), 0.2817700 secs] 198015K->176754K(198016K), [Perm : 9061K->9061K(21248K)], 0.2818140 secs] [Times: user=0.28 sys=0.00, real=0.29 secs] 
242.642: Total time for which application threads were stopped: 0.2818950 seconds, Stopping threads took: 0.0000130 seconds
242.691: Application time: 0.0489710 seconds
242.691: [Full GC242.691: [Tenured: 136576K->136575K(136576K), 0.2746100 secs] 198016K->175891K(198016K), [Perm : 9061K->9061K(21248K)], 0.2746540 secs] [Times: user=0.28 sys=0.00, real=0.27 secs] 
242.966: Total time for which application threads were stopped: 0.2747470 seconds, Stopping threads took: 0.0000140 seconds
243.020: Application time: 0.0546770 seconds
243.020: [Full GC243.020: [Tenured: 136575K->136575K(136576K), 0.2826180 secs] 198015K->173836K(198016K), [Perm : 9061K->9061K(21248K)], 0.2826640 secs] [Times: user=0.28 sys=0.00, real=0.29 secs] 
243.303: Total time for which application threads were stopped: 0.2827540 seconds, Stopping threads took: 0.0000140 seconds
243.353: Application time: 0.0502830 seconds
243.354: [Full GC243.354: [Tenured: 136575K->136575K(136576K), 0.2947820 secs] 198015K->162511K(198016K), [Perm : 9061K->9061K(21248K)], 0.2948290 secs] [Times: user=0.30 sys=0.00, real=0.29 secs] 
243.648: Total time for which application threads were stopped: 0.2949280 seconds, Stopping threads took: 0.0000140 seconds
243.706: Application time: 0.0573890 seconds
243.706: [Full GC243.706: [Tenured: 136575K->136575K(136576K), 0.2662570 secs] 198015K->165319K(198016K), [Perm : 9061K->9061K(21248K)], 0.2663040 secs] [Times: user=0.27 sys=0.00, real=0.27 secs] 
243.972: Total time for which application threads were stopped: 0.2663850 seconds, Stopping threads took: 0.0000130 seconds
244.031: Application time: 0.0591080 seconds
244.031: [Full GC244.031: [Tenured: 136575K->136575K(136576K), 0.2624870 secs] 198015K->161234K(198016K), [Perm : 9061K->9061K(21248K)], 0.2625320 secs] [Times: user=0.26 sys=0.00, real=0.26 secs] 
244.294: Total time for which application threads were stopped: 0.2626220 seconds, Stopping threads took: 0.0000130 seconds
244.361: Application time: 0.0673150 seconds
244.361: [Full GC244.361: [Tenured: 136576K->136575K(136576K), 0.2653690 secs] 198016K->155710K(198016K), [Perm : 9061K->9061K(21248K)], 0.2654130 secs] [Times: user=0.27 sys=0.00, real=0.26 secs] 
244.627: Total time for which application threads were stopped: 0.2654930 seconds, Stopping threads took: 0.0000120 seconds
244.688: Application time: 0.0613480 seconds
244.688: [Full GC244.688: [Tenured: 136575K->136575K(136576K), 0.2609780 secs] 198015K->141323K(198016K), [Perm : 9061K->9061K(21248K)], 0.2610220 secs] [Times: user=0.26 sys=0.00, real=0.27 secs] 
244.949: Total time for which application threads were stopped: 0.2611200 seconds, Stopping threads took: 0.0000140 seconds
245.012: Application time: 0.0624930 seconds
245.012: [Full GC245.012: [Tenured: 136575K->136575K(136576K), 0.2341820 secs] 198015K->138885K(198016K), [Perm : 9061K->9061K(21248K)], 0.2342240 secs] [Times: user=0.24 sys=0.00, real=0.23 secs] 
245.246: Total time for which application threads were stopped: 0.2343050 seconds, Stopping threads took: 0.0000130 seconds
245.320: Application time: 0.0743350 seconds
245.320: [Full GC245.320: [Tenured: 136575K->136575K(136576K), 0.2432850 secs] 198015K->137677K(198016K), [Perm : 9061K->9061K(21248K)], 0.2433320 secs] [Times: user=0.25 sys=0.00, real=0.25 secs] 
245.564: Total time for which application threads were stopped: 0.2434290 seconds, Stopping threads took: 0.0000140 seconds
245.637: Application time: 0.0732960 seconds
245.637: [Full GC245.637: [Tenured: 136575K->126265K(136576K), 0.2185750 secs] 198015K->126265K(198016K), [Perm : 9061K->9061K(21248K)], 0.2186200 secs] [Times: user=0.22 sys=0.00, real=0.22 secs] 
245.856: Total time for which application threads were stopped: 0.2187000 seconds, Stopping threads took: 0.0000120 seconds
245.885: Application time: 0.0291660 seconds
245.889: [GC245.889: [DefNew: 54656K->54656K(61440K), 0.0000090 secs]245.889: [Tenured: 126265K->114041K(136576K), 0.2043740 secs] 180921K->114041K(198016K), [Perm : 9061K->9061K(21248K)], 0.2044310 secs] [Times: user=0.21 sys=0.00, real=0.20 secs] 
246.093: Total time for which application threads were stopped: 0.2083860 seconds, Stopping threads took: 0.0038720 seconds
246.124: Application time: 0.0302600 seconds
246.125: [GC246.125: [DefNew: 54656K->54656K(61440K), 0.0000100 secs]246.125: [Tenured: 114041K->103378K(136576K), 0.1652230 secs] 168697K->103378K(198016K), [Perm : 9061K->9061K(21248K)], 0.1652790 secs] [Times: user=0.16 sys=0.00, real=0.17 secs] 
246.290: Total time for which application threads were stopped: 0.1666200 seconds, Stopping threads took: 0.0012710 seconds
246.314: Application time: 0.0235340 seconds
246.314: [GC246.314: [DefNew: 54656K->6784K(61440K), 0.0185940 secs] 158034K->113359K(198016K), 0.0186350 secs] [Times: user=0.02 sys=0.00, real=0.02 secs] 
246.333: Total time for which application threads were stopped: 0.0188430 seconds, Stopping threads took: 0.0001240 seconds
246.347: Application time: 0.0139840 seconds
246.347: [GC246.347: [DefNew: 61440K->6784K(61440K), 0.0342340 secs] 168015K->131976K(198016K), 0.0342730 secs] [Times: user=0.03 sys=0.00, real=0.04 secs] 
246.381: Total time for which application threads were stopped: 0.0344710 seconds, Stopping threads took: 0.0001230 seconds
246.395: Application time: 0.0136510 seconds
246.395: [GC246.395: [DefNew: 61440K->61440K(61440K), 0.0000100 secs]246.395: [Tenured: 125192K->90967K(136576K), 0.1251600 secs] 186632K->90967K(198016K), [Perm : 9061K->9061K(21248K)], 0.1252180 secs] [Times: user=0.13 sys=0.00, real=0.12 secs] 
246.520: Total time for which application threads were stopped: 0.1254020 seconds, Stopping threads took: 0.0000960 seconds
246.533: Application time: 0.0131720 seconds
246.533: [GC246.533: [DefNew: 54656K->6784K(61440K), 0.0329450 secs] 145623K->111059K(198016K), 0.0329880 secs] [Times: user=0.03 sys=0.00, real=0.03 secs] 
246.566: Total time for which application threads were stopped: 0.0332540 seconds, Stopping threads took: 0.0001890 seconds
246.579: Application time: 0.0126840 seconds
246.581: [GC246.581: [DefNew: 61440K->6783K(61440K), 0.0292180 secs] 165715K->127578K(198016K), 0.0292600 secs] [Times: user=0.03 sys=0.00, real=0.03 secs] 
246.610: Total time for which application threads were stopped: 0.0309790 seconds, Stopping threads took: 0.0016260 seconds
246.624: Application time: 0.0138540 seconds
246.625: [GC246.625: [DefNew: 61439K->61439K(61440K), 0.0000090 secs]246.625: [Tenured: 120794K->136576K(136576K), 0.2173180 secs] 182234K->141495K(198016K), [Perm : 9061K->9061K(21248K)], 0.2173740 secs] [Times: user=0.22 sys=0.00, real=0.22 secs] 
246.842: Total time for which application threads were stopped: 0.2182570 seconds, Stopping threads took: 0.0008120 seconds
246.900: Application time: 0.0579000 seconds
246.900: [Full GC246.900: [Tenured: 136576K->136575K(136576K), 0.3075040 secs] 198015K->163719K(198016K), [Perm : 9061K->9061K(21248K)], 0.3075510 secs] [Times: user=0.31 sys=0.00, real=0.31 secs] 
247.208: Total time for which application threads were stopped: 0.3076460 seconds, Stopping threads took: 0.0000120 seconds
247.261: Application time: 0.0536060 seconds
247.261: [Full GC247.261: [Tenured: 136575K->136575K(136576K), 0.2990810 secs] 198015K->178303K(198016K), [Perm : 9061K->9061K(21248K)], 0.2991270 secs] [Times: user=0.30 sys=0.00, real=0.29 secs] 
247.561: Total time for which application threads were stopped: 0.2992060 seconds, Stopping threads took: 0.0000130 seconds
247.611: Application time: 0.0502230 seconds
247.611: [Full GC247.611: [Tenured: 136576K->136576K(136576K), 0.2924220 secs] 198015K->176851K(198016K), [Perm : 9061K->9061K(21248K)], 0.2924680 secs] [Times: user=0.29 sys=0.00, real=0.29 secs] 
247.903: Total time for which application threads were stopped: 0.2925620 seconds, Stopping threads took: 0.0000140 seconds
247.957: Application time: 0.0533080 seconds
247.957: [Full GC247.957: [Tenured: 136576K->136575K(136576K), 0.2901730 secs] 198015K->174827K(198016K), [Perm : 9061K->9061K(21248K)], 0.2902170 secs] [Times: user=0.29 sys=0.00, real=0.29 secs] 
248.247: Total time for which application threads were stopped: 0.2902990 seconds, Stopping threads took: 0.0000130 seconds
248.294: Application time: 0.0465940 seconds
248.294: [Full GC248.294: [Tenured: 136575K->136575K(136576K), 0.3054060 secs] 198015K->164927K(198016K), [Perm : 9061K->9061K(21248K)], 0.3054510 secs] [Times: user=0.31 sys=0.00, real=0.30 secs] 
248.599: Total time for which application threads were stopped: 0.3055460 seconds, Stopping threads took: 0.0000140 seconds
248.657: Application time: 0.0574650 seconds
248.657: [Full GC248.657: [Tenured: 136576K->136576K(136576K), 0.2709620 secs] 198015K->166139K(198016K), [Perm : 9061K->9061K(21248K)], 0.2710090 secs] [Times: user=0.27 sys=0.00, real=0.27 secs] 
248.928: Total time for which application threads were stopped: 0.2710910 seconds, Stopping threads took: 0.0000130 seconds
248.984: Application time: 0.0565840 seconds
248.984: [Full GC248.984: [Tenured: 136576K->136575K(136576K), 0.2715150 secs] 198015K->163660K(198016K), [Perm : 9061K->9061K(21248K)], 0.2715690 secs] [Times: user=0.27 sys=0.00, real=0.27 secs] 
249.256: Total time for which application threads were stopped: 0.2716660 seconds, Stopping threads took: 0.0000130 seconds
249.313: Application time: 0.0565870 seconds
249.313: [Full GC249.313: [Tenured: 136575K->136575K(136576K), 0.2849050 secs] 198015K->159984K(198016K), [Perm : 9061K->9061K(21248K)], 0.2849480 secs] [Times: user=0.28 sys=0.00, real=0.28 secs] 
249.598: Total time for which application threads were stopped: 0.2850290 seconds, Stopping threads took: 0.0000130 seconds
249.661: Application time: 0.0633050 seconds
249.661: [Full GC249.661: [Tenured: 136575K->136576K(136576K), 0.2766420 secs] 198015K->146220K(198016K), [Perm : 9061K->9061K(21248K)], 0.2766870 secs] [Times: user=0.27 sys=0.00, real=0.27 secs] 
249.938: Total time for which application threads were stopped: 0.2767970 seconds, Stopping threads took: 0.0000320 seconds
250.007: Application time: 0.0690830 seconds
250.007: [Full GC250.007: [Tenured: 136576K->136576K(136576K), 0.2459720 secs] 198016K->143282K(198016K), [Perm : 9061K->9061K(21248K)], 0.2460150 secs] [Times: user=0.24 sys=0.00, real=0.25 secs] 
250.253: Total time for which application threads were stopped: 0.2460970 seconds, Stopping threads took: 0.0000130 seconds
250.321: Application time: 0.0676670 seconds
250.321: [Full GC250.321: [Tenured: 136576K->136575K(136576K), 0.2440140 secs] 198016K->138043K(198016K), [Perm : 9061K->9061K(21248K)], 0.2440660 secs] [Times: user=0.25 sys=0.00, real=0.25 secs] 
250.565: Total time for which application threads were stopped: 0.2441790 seconds, Stopping threads took: 0.0000130 seconds
250.636: Application time: 0.0709240 seconds
250.636: [Full GC250.636: [Tenured: 136576K->133458K(136576K), 0.2439410 secs] 198016K->133458K(198016K), [Perm : 9061K->9061K(21248K)], 0.2439830 secs] [Times: user=0.25 sys=0.00, real=0.24 secs] 
250.880: Total time for which application threads were stopped: 0.2440680 seconds, Stopping threads took: 0.0000130 seconds
250.908: Application time: 0.0282780 seconds
250.908: [GC250.908: [DefNew: 54656K->54656K(61440K), 0.0000110 secs]250.908: [Tenured: 133458K->118597K(136576K), 0.2219170 secs] 188114K->118597K(198016K), [Perm : 9061K->9061K(21248K)], 0.2219770 secs] [Times: user=0.23 sys=0.00, real=0.23 secs] 
251.130: Total time for which application threads were stopped: 0.2221390 seconds, Stopping threads took: 0.0000770 seconds
251.161: Application time: 0.0309550 seconds
251.161: [GC251.161: [DefNew: 54656K->54656K(61440K), 0.0000100 secs]251.161: [Tenured: 118597K->115480K(136576K), 0.1916230 secs] 173253K->115480K(198016K), [Perm : 9061K->9061K(21248K)], 0.1916780 secs] [Times: user=0.20 sys=0.00, real=0.19 secs] 
251.353: Total time for which application threads were stopped: 0.1918790 seconds, Stopping threads took: 0.0001310 seconds
251.381: Application time: 0.0281870 seconds
251.381: [GC251.381: [DefNew: 54639K->54639K(61440K), 0.0000090 secs]251.381: [Tenured: 115480K->92642K(136576K), 0.1579760 secs] 170119K->92642K(198016K), [Perm : 9061K->9061K(21248K)], 0.1580350 secs] [Times: user=0.16 sys=0.00, real=0.15 secs] 
251.540: Total time for which application threads were stopped: 0.1583440 seconds, Stopping threads took: 0.0002380 seconds
251.557: Application time: 0.0175530 seconds
251.561: [GC251.561: [DefNew: 54656K->6783K(61440K), 0.0208890 secs] 147298K->108152K(198016K), 0.0209290 secs] [Times: user=0.02 sys=0.00, real=0.02 secs] 
251.582: Total time for which application threads were stopped: 0.0247130 seconds, Stopping threads took: 0.0036970 seconds
251.596: Application time: 0.0146470 seconds
251.601: [GC251.601: [DefNew: 61439K->6784K(61440K), 0.0309950 secs] 162808K->125469K(198016K), 0.0310330 secs] [Times: user=0.03 sys=0.00, real=0.03 secs] 
251.632: Total time for which application threads were stopped: 0.0354480 seconds, Stopping threads took: 0.0043400 seconds
251.646: Application time: 0.0140660 seconds
251.646: [GC251.646: [DefNew: 61440K->61440K(61440K), 0.0000100 secs]251.646: [Tenured: 118685K->92185K(136576K), 0.1397980 secs] 180125K->92185K(198016K), [Perm : 9061K->9061K(21248K)], 0.1398630 secs] [Times: user=0.14 sys=0.00, real=0.14 secs] 
251.786: Total time for which application threads were stopped: 0.1399990 seconds, Stopping threads took: 0.0000630 seconds
251.799: Application time: 0.0131680 seconds
251.799: [GC251.799: [DefNew: 54656K->6784K(61440K), 0.0259840 secs] 146841K->111045K(198016K), 0.0260280 secs] [Times: user=0.03 sys=0.00, real=0.03 secs] 
251.825: Total time for which application threads were stopped: 0.0262900 seconds, Stopping threads took: 0.0001860 seconds
251.839: Application time: 0.0133520 seconds
251.839: [GC251.839: [DefNew: 61440K->6784K(61440K), 0.0310480 secs] 165701K->126810K(198016K), 0.0310890 secs] [Times: user=0.04 sys=0.00, real=0.04 secs] 
251.870: Total time for which application threads were stopped: 0.0312150 seconds, Stopping threads took: 0.0000530 seconds
251.887: Application time: 0.0169890 seconds
251.887: [GC251.887: [DefNew: 61440K->61440K(61440K), 0.0000090 secs]251.887: [Tenured: 120026K->136575K(136576K), 0.2622250 secs] 181466K->146220K(198016K), [Perm : 9061K->9061K(21248K)], 0.2622830 secs] [Times: user=0.26 sys=0.00, real=0.27 secs] 
252.150: Total time for which application threads were stopped: 0.2625310 seconds, Stopping threads took: 0.0001570 seconds
252.205: Application time: 0.0551600 seconds
252.205: [Full GC252.205: [Tenured: 136576K->136576K(136576K), 0.2943520 secs] 198015K->171872K(198016K), [Perm : 9061K->9061K(21248K)], 0.2943980 secs] [Times: user=0.29 sys=0.00, real=0.29 secs] 
252.499: Total time for which application threads were stopped: 0.2944960 seconds, Stopping threads took: 0.0000130 seconds
252.550: Application time: 0.0509610 seconds
252.550: [Full GC252.550: [Tenured: 136576K->136576K(136576K), 0.2945160 secs] 198016K->177377K(198016K), [Perm : 9061K->9061K(21248K)], 0.2945610 secs] [Times: user=0.30 sys=0.00, real=0.29 secs] 
252.845: Total time for which application threads were stopped: 0.2946420 seconds, Stopping threads took: 0.0000140 seconds
252.893: Application time: 0.0481470 seconds
252.893: [Full GC252.893: [Tenured: 136576K->136575K(136576K), 0.2926230 secs] 198015K->176355K(198016K), [Perm : 9061K->9061K(21248K)], 0.2926660 secs] [Times: user=0.29 sys=0.00, real=0.29 secs] 
253.186: Total time for which application threads were stopped: 0.2927600 seconds, Stopping threads took: 0.0000130 seconds
253.239: Application time: 0.0535000 seconds
253.239: [Full GC253.239: [Tenured: 136575K->136575K(136576K), 0.3125640 secs] 198015K->167021K(198016K), [Perm : 9061K->9061K(21248K)], 0.3126090 secs] [Times: user=0.32 sys=0.00, real=0.32 secs] 
253.552: Total time for which application threads were stopped: 0.3126980 seconds, Stopping threads took: 0.0000140 seconds
253.606: Application time: 0.0541630 seconds
253.606: [Full GC253.606: [Tenured: 136575K->136575K(136576K), 0.2750850 secs] 198015K->167557K(198016K), [Perm : 9061K->9061K(21248K)], 0.2751290 secs] [Times: user=0.27 sys=0.00, real=0.28 secs] 
253.881: Total time for which application threads were stopped: 0.2752250 seconds, Stopping threads took: 0.0000130 seconds
253.936: Application time: 0.0549380 seconds
253.936: [Full GC253.936: [Tenured: 136575K->136575K(136576K), 0.2782210 secs] 198015K->167504K(198016K), [Perm : 9061K->9061K(21248K)], 0.2782670 secs] [Times: user=0.28 sys=0.00, real=0.28 secs] 
254.215: Total time for which application threads were stopped: 0.2783480 seconds, Stopping threads took: 0.0000130 seconds
254.273: Application time: 0.0587470 seconds
254.273: [Full GC254.273: [Tenured: 136575K->136575K(136576K), 0.2812790 secs] 198015K->161804K(198016K), [Perm : 9061K->9061K(21248K)], 0.2813220 secs] [Times: user=0.28 sys=0.00, real=0.28 secs] 
254.555: Total time for which application threads were stopped: 0.2814370 seconds, Stopping threads took: 0.0000360 seconds
254.619: Application time: 0.0640690 seconds
254.619: [Full GC254.619: [Tenured: 136576K->136575K(136576K), 0.2870260 secs] 198015K->150047K(198016K), [Perm : 9061K->9061K(21248K)], 0.2870800 secs] [Times: user=0.29 sys=0.00, real=0.29 secs] 
254.906: Total time for which application threads were stopped: 0.2871610 seconds, Stopping threads took: 0.0000140 seconds
254.976: Application time: 0.0704690 seconds
254.977: [Full GC254.977: [Tenured: 136575K->136575K(136576K), 0.2543650 secs] 198015K->147715K(198016K), [Perm : 9061K->9061K(21248K)], 0.2544100 secs] [Times: user=0.25 sys=0.00, real=0.26 secs] 
255.231: Total time for which application threads were stopped: 0.2545060 seconds, Stopping threads took: 0.0000130 seconds
255.298: Application time: 0.0666230 seconds
255.298: [Full GC255.298: [Tenured: 136575K->136575K(136576K), 0.2469230 secs] 198015K->139274K(198016K), [Perm : 9061K->9061K(21248K)], 0.2469690 secs] [Times: user=0.24 sys=0.00, real=0.25 secs] 
255.545: Total time for which application threads were stopped: 0.2470510 seconds, Stopping threads took: 0.0000140 seconds
255.617: Application time: 0.0722890 seconds
255.617: [Full GC255.617: [Tenured: 136575K->136575K(136576K), 0.2506660 secs] 198015K->137924K(198016K), [Perm : 9061K->9061K(21248K)], 0.2507160 secs] [Times: user=0.25 sys=0.00, real=0.25 secs] 
255.868: Total time for which application threads were stopped: 0.2508090 seconds, Stopping threads took: 0.0000130 seconds
255.941: Application time: 0.0732670 seconds
255.941: [Full GC255.941: [Tenured: 136575K->119793K(136576K), 0.2268890 secs] 198015K->119793K(198016K), [Perm : 9061K->9061K(21248K)], 0.2269400 secs] [Times: user=0.22 sys=0.00, real=0.22 secs] 
256.168: Total time for which application threads were stopped: 0.2270260 seconds, Stopping threads took: 0.0000140 seconds
256.198: Application time: 0.0297790 seconds
256.198: [GC256.198: [DefNew: 54656K->54656K(61440K), 0.0000100 secs]256.198: [Tenured: 119793K->122103K(136576K), 0.2018630 secs] 174449K->122103K(198016K), [Perm : 9061K->9061K(21248K)], 0.2019230 secs] [Times: user=0.20 sys=0.00, real=0.20 secs] 
256.400: Total time for which application threads were stopped: 0.2020800 seconds, Stopping threads took: 0.0000750 seconds
256.431: Application time: 0.0311160 seconds
256.431: [GC256.431: [DefNew: 54656K->54656K(61440K), 0.0000100 secs]256.431: [Tenured: 122103K->105259K(136576K), 0.1719230 secs] 176759K->105259K(198016K), [Perm : 9061K->9061K(21248K)], 0.1719820 secs] [Times: user=0.17 sys=0.00, real=0.17 secs] 
256.603: Total time for which application threads were stopped: 0.1721620 seconds, Stopping threads took: 0.0001080 seconds
256.626: Application time: 0.0231300 seconds
256.626: [GC256.627: [DefNew: 54656K->6783K(61440K), 0.0193380 secs] 159915K->115038K(198016K), 0.0193810 secs] [Times: user=0.02 sys=0.00, real=0.02 secs] 
256.646: Total time for which application threads were stopped: 0.0195800 seconds, Stopping threads took: 0.0001240 seconds
256.661: Application time: 0.0149730 seconds
256.664: [GC256.664: [DefNew: 61303K->6784K(61440K), 0.0388160 secs] 169557K->132766K(198016K), 0.0388600 secs] [Times: user=0.04 sys=0.00, real=0.04 secs] 
256.703: Total time for which application threads were stopped: 0.0423210 seconds, Stopping threads took: 0.0033860 seconds
256.717: Application time: 0.0136970 seconds
256.717: [GC256.717: [DefNew: 61381K->61381K(61440K), 0.0000100 secs]256.717: [Tenured: 125982K->85514K(136576K), 0.1238940 secs] 187363K->85514K(198016K), [Perm : 9061K->9061K(21248K)], 0.1239520 secs] [Times: user=0.12 sys=0.00, real=0.13 secs] 
256.841: Total time for which application threads were stopped: 0.1242730 seconds, Stopping threads took: 0.0002340 seconds
256.854: Application time: 0.0128420 seconds
256.857: [GC256.857: [DefNew: 54656K->6784K(61440K), 0.0259690 secs] 140170K->104563K(198016K), 0.0260060 secs] [Times: user=0.03 sys=0.00, real=0.03 secs] 
256.883: Total time for which application threads were stopped: 0.0289640 seconds, Stopping threads took: 0.0028850 seconds
256.896: Application time: 0.0134460 seconds
256.897: [GC256.897: [DefNew: 61440K->6784K(61440K), 0.0318790 secs] 159219K->121795K(198016K), 0.0319310 secs] [Times: user=0.04 sys=0.00, real=0.03 secs] 
256.929: Total time for which application threads were stopped: 0.0321740 seconds, Stopping threads took: 0.0001670 seconds
256.943: Application time: 0.0146680 seconds
256.943: [GC256.943: [DefNew: 61440K->61440K(61440K), 0.0000090 secs] 176451K->176451K(198016K), 0.0000320 secs] [Times: user=0.00 sys=0.00, real=0.00 secs] 
256.943: [Full GC256.943: [Tenured: 115011K->135829K(136576K), 0.2317560 secs] 176451K->135829K(198016K), [Perm : 9061K->9061K(21248K)], 0.2317860 secs] [Times: user=0.23 sys=0.00, real=0.23 secs] 
257.175: Total time for which application threads were stopped: 0.2319990 seconds, Stopping threads took: 0.0000930 seconds
257.196: Application time: 0.0205090 seconds
257.196: [GC257.196: [DefNew: 54656K->54656K(61440K), 0.0000100 secs]257.196: [Tenured: 135829K->136575K(136576K), 0.2784250 secs] 190485K->160418K(198016K), [Perm : 9061K->9061K(21248K)], 0.2784830 secs] [Times: user=0.27 sys=0.00, real=0.28 secs] 
257.474: Total time for which application threads were stopped: 0.2786830 seconds, Stopping threads took: 0.0001270 seconds
257.527: Application time: 0.0522870 seconds
257.527: [Full GC257.527: [Tenured: 136576K->136576K(136576K), 0.2931390 secs] 198015K->176852K(198016K), [Perm : 9061K->9061K(21248K)], 0.2931850 secs] [Times: user=0.30 sys=0.00, real=0.29 secs] 
257.820: Total time for which application threads were stopped: 0.2932750 seconds, Stopping threads took: 0.0000130 seconds
257.866: Application time: 0.0460200 seconds
257.866: [Full GC257.866: [Tenured: 136576K->136576K(136576K), 0.2836710 secs] 198016K->177716K(198016K), [Perm : 9061K->9061K(21248K)], 0.2837120 secs] [Times: user=0.28 sys=0.00, real=0.29 secs] 
258.150: Total time for which application threads were stopped: 0.2837900 seconds, Stopping threads took: 0.0000120 seconds
258.203: Application time: 0.0527580 seconds
258.203: [Full GC258.203: [Tenured: 136576K->136576K(136576K), 0.3071330 secs] 198015K->168025K(198016K), [Perm : 9061K->9061K(21248K)], 0.3071780 secs] [Times: user=0.31 sys=0.00, real=0.31 secs] 
258.510: Total time for which application threads were stopped: 0.3072690 seconds, Stopping threads took: 0.0000130 seconds
258.567: Application time: 0.0566530 seconds
258.567: [Full GC258.567: [Tenured: 136576K->136576K(136576K), 0.2714160 secs] 198015K->168653K(198016K), [Perm : 9061K->9061K(21248K)], 0.2714610 secs] [Times: user=0.27 sys=0.00, real=0.27 secs] 
258.838: Total time for which application threads were stopped: 0.2715440 seconds, Stopping threads took: 0.0000140 seconds
258.895: Application time: 0.0568780 seconds
258.895: [Full GC258.895: [Tenured: 136576K->136575K(136576K), 0.2741420 secs] 198016K->168820K(198016K), [Perm : 9061K->9061K(21248K)], 0.2741850 secs] [Times: user=0.27 sys=0.00, real=0.28 secs] 
259.169: Total time for which application threads were stopped: 0.2742980 seconds, Stopping threads took: 0.0000340 seconds
259.220: Application time: 0.0506380 seconds
259.220: [Full GC259.220: [Tenured: 136576K->136575K(136576K), 0.2762130 secs] 198015K->164428K(198016K), [Perm : 9061K->9061K(21248K)], 0.2762590 secs] [Times: user=0.28 sys=0.00, real=0.28 secs] 
259.496: Total time for which application threads were stopped: 0.2763400 seconds, Stopping threads took: 0.0000130 seconds
259.559: Application time: 0.0623170 seconds
259.559: [Full GC259.559: [Tenured: 136575K->136575K(136576K), 0.2904780 secs] 198015K->153928K(198016K), [Perm : 9061K->9061K(21248K)], 0.2905220 secs] [Times: user=0.29 sys=0.00, real=0.30 secs] 
259.849: Total time for which application threads were stopped: 0.2906200 seconds, Stopping threads took: 0.0000140 seconds
259.916: Application time: 0.0668280 seconds
259.916: [Full GC259.916: [Tenured: 136575K->136575K(136576K), 0.2591880 secs] 198015K->152506K(198016K), [Perm : 9061K->9061K(21248K)], 0.2592320 secs] [Times: user=0.26 sys=0.00, real=0.26 secs] 
260.175: Total time for which application threads were stopped: 0.2593130 seconds, Stopping threads took: 0.0000130 seconds
260.243: Application time: 0.0671960 seconds
260.243: [Full GC260.243: [Tenured: 136576K->136576K(136576K), 0.2496520 secs] 198016K->143492K(198016K), [Perm : 9061K->9061K(21248K)], 0.2497060 secs] [Times: user=0.25 sys=0.01, real=0.25 secs] 
260.492: Total time for which application threads were stopped: 0.2498010 seconds, Stopping threads took: 0.0000130 seconds
260.560: Application time: 0.0676510 seconds
260.560: [Full GC260.560: [Tenured: 136576K->136575K(136576K), 0.2418530 secs] 198015K->137892K(198016K), [Perm : 9061K->9061K(21248K)], 0.2419020 secs] [Times: user=0.25 sys=0.00, real=0.25 secs] 
260.802: Total time for which application threads were stopped: 0.2419910 seconds, Stopping threads took: 0.0000130 seconds
260.879: Application time: 0.0767190 seconds
260.879: [Full GC260.879: [Tenured: 136575K->126757K(136576K), 0.2410810 secs] 198015K->126757K(198016K), [Perm : 9061K->9061K(21248K)], 0.2411270 secs] [Times: user=0.24 sys=0.00, real=0.24 secs] 
261.120: Total time for which application threads were stopped: 0.2412310 seconds, Stopping threads took: 0.0000230 seconds
261.147: Application time: 0.0274060 seconds
261.147: [GC261.147: [DefNew: 54656K->54656K(61440K), 0.0000100 secs]261.147: [Tenured: 126757K->125724K(136576K), 0.2110240 secs] 181413K->125724K(198016K), [Perm : 9061K->9061K(21248K)], 0.2110830 secs] [Times: user=0.21 sys=0.00, real=0.21 secs] 
261.359: Total time for which application threads were stopped: 0.2112450 seconds, Stopping threads took: 0.0000900 seconds
261.389: Application time: 0.0304920 seconds
261.389: [GC261.389: [DefNew: 54656K->54656K(61440K), 0.0000090 secs]261.389: [Tenured: 125724K->116403K(136576K), 0.1955880 secs] 180380K->116403K(198016K), [Perm : 9061K->9061K(21248K)], 0.1956460 secs] [Times: user=0.19 sys=0.00, real=0.19 secs] 
261.585: Total time for which application threads were stopped: 0.1958130 seconds, Stopping threads took: 0.0000860 seconds
261.614: Application time: 0.0290140 seconds
261.614: [GC261.614: [DefNew: 54656K->54656K(61440K), 0.0000100 secs]261.614: [Tenured: 116403K->95894K(136576K), 0.1495360 secs] 171059K->95894K(198016K), [Perm : 9061K->9061K(21248K)], 0.1495950 secs] [Times: user=0.15 sys=0.00, real=0.15 secs] 
261.764: Total time for which application threads were stopped: 0.1497820 seconds, Stopping threads took: 0.0001150 seconds
261.781: Application time: 0.0168900 seconds
261.781: [GC261.781: [DefNew: 54656K->6784K(61440K), 0.0187430 secs] 150550K->110829K(198016K), 0.0187870 secs] [Times: user=0.02 sys=0.00, real=0.01 secs] 
261.800: Total time for which application threads were stopped: 0.0189590 seconds, Stopping threads took: 0.0000870 seconds
261.813: Application time: 0.0138270 seconds
261.814: [GC261.814: [DefNew: 61440K->6784K(61440K), 0.0352440 secs] 165485K->129736K(198016K), 0.0352860 secs] [Times: user=0.03 sys=0.00, real=0.04 secs] 
261.849: Total time for which application threads were stopped: 0.0355050 seconds, Stopping threads took: 0.0001260 seconds
261.863: Application time: 0.0140240 seconds
261.864: [GC261.864: [DefNew: 61440K->61440K(61440K), 0.0000090 secs]261.864: [Tenured: 122952K->91576K(136576K), 0.1375670 secs] 184392K->91576K(198016K), [Perm : 9061K->9061K(21248K)], 0.1376210 secs] [Times: user=0.14 sys=0.00, real=0.14 secs] 
262.002: Total time for which application threads were stopped: 0.1388690 seconds, Stopping threads took: 0.0011650 seconds
262.015: Application time: 0.0129290 seconds
262.015: [GC262.015: [DefNew: 54656K->6784K(61440K), 0.0263900 secs] 146232K->111137K(198016K), 0.0264300 secs] [Times: user=0.03 sys=0.00, real=0.03 secs] 
262.041: Total time for which application threads were stopped: 0.0265950 seconds, Stopping threads took: 0.0000780 seconds
262.054: Application time: 0.0125220 seconds
262.054: [GC262.054: [DefNew: 61440K->6784K(61440K), 0.0303810 secs] 165793K->125891K(198016K), 0.0304260 secs] [Times: user=0.03 sys=0.00, real=0.03 secs] 
262.084: Total time for which application threads were stopped: 0.0305640 seconds, Stopping threads took: 0.0000630 seconds
262.101: Application time: 0.0162250 seconds
262.101: [GC262.101: [DefNew: 61440K->61440K(61440K), 0.0000100 secs]262.101: [Tenured: 119107K->136575K(136576K), 0.2272960 secs] 180547K->144340K(198016K), [Perm : 9061K->9061K(21248K)], 0.2273640 secs] [Times: user=0.22 sys=0.00, real=0.22 secs] 
262.328: Total time for which application threads were stopped: 0.2275330 seconds, Stopping threads took: 0.0000970 seconds
262.382: Application time: 0.0542180 seconds
262.382: [Full GC262.382: [Tenured: 136575K->136575K(136576K), 0.2958870 secs] 198015K->173691K(198016K), [Perm : 9061K->9061K(21248K)], 0.2959310 secs] [Times: user=0.30 sys=0.00, real=0.29 secs] 
262.678: Total time for which application threads were stopped: 0.2960110 seconds, Stopping threads took: 0.0000130 seconds
262.731: Application time: 0.0523120 seconds
262.731: [Full GC262.731: [Tenured: 136575K->136575K(136576K), 0.2957830 secs] 198015K->179286K(198016K), [Perm : 9061K->9061K(21248K)], 0.2958290 secs] [Times: user=0.30 sys=0.00, real=0.29 secs] 
263.027: Total time for which application threads were stopped: 0.2959200 seconds, Stopping threads took: 0.0000130 seconds
263.079: Application time: 0.0520890 seconds
263.079: [Full GC263.079: [Tenured: 136575K->136576K(136576K), 0.3184150 secs] 198015K->170394K(198016K), [Perm : 9061K->9061K(21248K)], 0.3184580 secs] [Times: user=0.31 sys=0.00, real=0.32 secs] 
263.397: Total time for which application threads were stopped: 0.3185410 seconds, Stopping threads took: 0.0000130 seconds
263.455: Application time: 0.0576520 seconds
263.455: [Full GC263.455: [Tenured: 136576K->136576K(136576K), 0.2813320 secs] 198015K->170782K(198016K), [Perm : 9061K->9061K(21248K)], 0.2813790 secs] [Times: user=0.29 sys=0.00, real=0.28 secs] 
263.736: Total time for which application threads were stopped: 0.2814830 seconds, Stopping threads took: 0.0000220 seconds
263.791: Application time: 0.0549580 seconds
263.791: [Full GC263.791: [Tenured: 136576K->136575K(136576K), 0.2751210 secs] 198016K->169097K(198016K), [Perm : 9061K->9061K(21248K)], 0.2751670 secs] [Times: user=0.28 sys=0.00, real=0.27 secs] 
264.067: Total time for which application threads were stopped: 0.2752480 seconds, Stopping threads took: 0.0000140 seconds
264.122: Application time: 0.0549410 seconds
264.122: [Full GC264.122: [Tenured: 136576K->136575K(136576K), 0.2809530 secs] 198015K->168705K(198016K), [Perm : 9061K->9061K(21248K)], 0.2809980 secs] [Times: user=0.28 sys=0.00, real=0.28 secs] 
264.403: Total time for which application threads were stopped: 0.2810900 seconds, Stopping threads took: 0.0000130 seconds
264.460: Application time: 0.0572770 seconds
264.460: [Full GC264.460: [Tenured: 136575K->136575K(136576K), 0.2876210 secs] 198015K->155237K(198016K), [Perm : 9061K->9061K(21248K)], 0.2876660 secs] [Times: user=0.29 sys=0.00, real=0.29 secs] 
264.748: Total time for which application threads were stopped: 0.2877470 seconds, Stopping threads took: 0.0000130 seconds
264.817: Application time: 0.0692120 seconds
264.817: [Full GC264.817: [Tenured: 136576K->136575K(136576K), 0.2512960 secs] 198016K->156103K(198016K), [Perm : 9061K->9061K(21248K)], 0.2513410 secs] [Times: user=0.25 sys=0.00, real=0.25 secs] 
265.068: Total time for which application threads were stopped: 0.2514340 seconds, Stopping threads took: 0.0000120 seconds
265.137: Application time: 0.0686320 seconds
265.137: [Full GC265.137: [Tenured: 136576K->136576K(136576K), 0.2608680 secs] 198016K->148305K(198016K), [Perm : 9061K->9061K(21248K)], 0.2609130 secs] [Times: user=0.26 sys=0.00, real=0.26 secs] 
265.398: Total time for which application threads were stopped: 0.2609930 seconds, Stopping threads took: 0.0000130 seconds
265.464: Application time: 0.0665100 seconds
265.465: [Full GC265.465: [Tenured: 136576K->136575K(136576K), 0.2461240 secs] 198016K->139565K(198016K), [Perm : 9061K->9061K(21248K)], 0.2461690 secs] [Times: user=0.25 sys=0.00, real=0.25 secs] 
265.711: Total time for which application threads were stopped: 0.2462610 seconds, Stopping threads took: 0.0000130 seconds
265.786: Application time: 0.0750220 seconds
265.786: [Full GC265.786: [Tenured: 136576K->130966K(136576K), 0.2525960 secs] 198016K->130966K(198016K), [Perm : 9061K->9061K(21248K)], 0.2526510 secs] [Times: user=0.26 sys=0.00, real=0.25 secs] 
266.038: Total time for which application threads were stopped: 0.2527310 seconds, Stopping threads took: 0.0000130 seconds
266.070: Application time: 0.0311870 seconds
266.070: [GC266.070: [DefNew: 54656K->54656K(61440K), 0.0000090 secs]266.070: [Tenured: 130966K->129181K(136576K), 0.2204360 secs] 185622K->129181K(198016K), [Perm : 9061K->9061K(21248K)], 0.2204930 secs] [Times: user=0.23 sys=0.00, real=0.22 secs] 
266.290: Total time for which application threads were stopped: 0.2206420 seconds, Stopping threads took: 0.0000680 seconds
266.318: Application time: 0.0278930 seconds
266.318: [GC266.318: [DefNew: 54656K->54656K(61440K), 0.0000100 secs]266.318: [Tenured: 129181K->124114K(136576K), 0.2128100 secs] 183837K->124114K(198016K), [Perm : 9061K->9061K(21248K)], 0.2128690 secs] [Times: user=0.21 sys=0.00, real=0.22 secs] 
266.531: Total time for which application threads were stopped: 0.2130520 seconds, Stopping threads took: 0.0001110 seconds
266.563: Application time: 0.0318290 seconds
266.563: [GC266.563: [DefNew: 54656K->54656K(61440K), 0.0000090 secs]266.563: [Tenured: 124114K->108608K(136576K), 0.1807140 secs] 178770K->108608K(198016K), [Perm : 9061K->9061K(21248K)], 0.1807710 secs] [Times: user=0.18 sys=0.00, real=0.18 secs] 
266.744: Total time for which application threads were stopped: 0.1809390 seconds, Stopping threads took: 0.0000980 seconds
266.770: Application time: 0.0261220 seconds
266.770: [GC266.770: [DefNew: 54656K->6784K(61440K), 0.0177130 secs] 163264K->115429K(198016K), 0.0177530 secs] [Times: user=0.01 sys=0.00, real=0.01 secs] 
266.788: Total time for which application threads were stopped: 0.0179050 seconds, Stopping threads took: 0.0000730 seconds
266.803: Application time: 0.0149900 seconds
266.803: [GC266.803: [DefNew: 61440K->6784K(61440K), 0.0353310 secs] 170085K->132997K(198016K), 0.0353710 secs] [Times: user=0.04 sys=0.00, real=0.03 secs] 
266.839: Total time for which application threads were stopped: 0.0355470 seconds, Stopping threads took: 0.0001020 seconds
266.852: Application time: 0.0135030 seconds
266.852: [GC266.852: [DefNew: 61431K->61431K(61440K), 0.0000100 secs]266.852: [Tenured: 126213K->79327K(136576K), 0.1162680 secs] 187644K->79327K(198016K), [Perm : 9062K->9062K(21248K)], 0.1163290 secs] [Times: user=0.11 sys=0.00, real=0.11 secs] 
266.969: Total time for which application threads were stopped: 0.1165330 seconds, Stopping threads took: 0.0001300 seconds
266.982: Application time: 0.0131390 seconds
266.985: [GC266.985: [DefNew: 54656K->6783K(61440K), 0.0269240 secs] 133983K->99051K(198016K), 0.0269690 secs] [Times: user=0.03 sys=0.00, real=0.03 secs] 
267.012: Total time for which application threads were stopped: 0.0300600 seconds, Stopping threads took: 0.0029970 seconds
267.025: Application time: 0.0130620 seconds
267.025: [GC267.025: [DefNew: 61439K->6783K(61440K), 0.0311790 secs] 153707K->116821K(198016K), 0.0312250 secs] [Times: user=0.03 sys=0.00, real=0.03 secs] 
267.056: Total time for which application threads were stopped: 0.0314730 seconds, Stopping threads took: 0.0001520 seconds
267.070: Application time: 0.0131990 seconds
267.070: [GC267.070: [DefNew: 61439K->61439K(61440K), 0.0000090 secs]267.070: [Tenured: 110037K->131777K(136576K), 0.1975870 secs] 171477K->131777K(198016K), [Perm : 9062K->9062K(21248K)], 0.1976460 secs] [Times: user=0.19 sys=0.00, real=0.19 secs] 
267.267: Total time for which application threads were stopped: 0.1978550 seconds, Stopping threads took: 0.0001340 seconds
267.287: Application time: 0.0199860 seconds
267.288: [GC267.288: [DefNew: 54656K->54656K(61440K), 0.0000090 secs]267.288: [Tenured: 131777K->136575K(136576K), 0.2461450 secs] 186433K->155566K(198016K), [Perm : 9062K->9062K(21248K)], 0.2462000 secs] [Times: user=0.25 sys=0.00, real=0.25 secs] 
267.534: Total time for which application threads were stopped: 0.2464210 seconds, Stopping threads took: 0.0001320 seconds
267.591: Application time: 0.0573800 seconds
267.591: [Full GC267.591: [Tenured: 136575K->136575K(136576K), 0.2966570 secs] 198015K->176720K(198016K), [Perm : 9062K->9062K(21248K)], 0.2967020 secs] [Times: user=0.29 sys=0.00, real=0.29 secs] 
267.888: Total time for which application threads were stopped: 0.2967810 seconds, Stopping threads took: 0.0000130 seconds
267.938: Application time: 0.0502320 seconds
267.938: [Full GC267.938: [Tenured: 136575K->136576K(136576K), 0.3206750 secs] 198015K->172680K(198016K), [Perm : 9062K->9062K(21248K)], 0.3207180 secs] [Times: user=0.32 sys=0.00, real=0.32 secs] 
268.259: Total time for which application threads were stopped: 0.3208080 seconds, Stopping threads took: 0.0000130 seconds
268.316: Application time: 0.0564590 seconds
268.316: [Full GC268.316: [Tenured: 136576K->136576K(136576K), 0.2810130 secs] 198015K->172545K(198016K), [Perm : 9062K->9062K(21248K)], 0.2810580 secs] [Times: user=0.28 sys=0.00, real=0.28 secs] 
268.597: Total time for which application threads were stopped: 0.2811400 seconds, Stopping threads took: 0.0000140 seconds
268.652: Application time: 0.0549240 seconds
268.652: [Full GC268.652: [Tenured: 136576K->136575K(136576K), 0.2740840 secs] 198016K->171755K(198016K), [Perm : 9062K->9062K(21248K)], 0.2741300 secs] [Times: user=0.27 sys=0.00, real=0.27 secs] 
268.926: Total time for which application threads were stopped: 0.2742360 seconds, Stopping threads took: 0.0000240 seconds
268.983: Application time: 0.0567990 seconds
268.983: [Full GC268.983: [Tenured: 136575K->136575K(136576K), 0.2786340 secs] 198015K->169108K(198016K), [Perm : 9062K->9062K(21248K)], 0.2786770 secs] [Times: user=0.27 sys=0.00, real=0.28 secs] 
269.261: Total time for which application threads were stopped: 0.2787580 seconds, Stopping threads took: 0.0000130 seconds
269.315: Application time: 0.0533290 seconds
269.315: [Full GC269.315: [Tenured: 136575K->136575K(136576K), 0.2930460 secs] 198015K->159366K(198016K), [Perm : 9062K->9062K(21248K)], 0.2930930 secs] [Times: user=0.29 sys=0.00, real=0.29 secs] 
269.608: Total time for which application threads were stopped: 0.2931980 seconds, Stopping threads took: 0.0000220 seconds
269.672: Application time: 0.0637820 seconds
269.672: [Full GC269.672: [Tenured: 136575K->136575K(136576K), 0.2576970 secs] 198015K->159941K(198016K), [Perm : 9062K->9062K(21248K)], 0.2577420 secs] [Times: user=0.26 sys=0.00, real=0.26 secs] 
269.930: Total time for which application threads were stopped: 0.2578210 seconds, Stopping threads took: 0.0000130 seconds
269.996: Application time: 0.0668440 seconds
269.996: [Full GC269.996: [Tenured: 136576K->136575K(136576K), 0.2669670 secs] 198015K->153536K(198016K), [Perm : 9062K->9062K(21248K)], 0.2670130 secs] [Times: user=0.27 sys=0.00, real=0.27 secs] 
270.263: Total time for which application threads were stopped: 0.2671060 seconds, Stopping threads took: 0.0000130 seconds
270.325: Application time: 0.0619870 seconds
270.326: [Full GC270.326: [Tenured: 136575K->136576K(136576K), 0.2576550 secs] 198015K->145691K(198016K), [Perm : 9062K->9062K(21248K)], 0.2577000 secs] [Times: user=0.25 sys=0.00, real=0.26 secs] 
270.583: Total time for which application threads were stopped: 0.2577820 seconds, Stopping threads took: 0.0000130 seconds
270.650: Application time: 0.0663740 seconds
270.650: [Full GC270.650: [Tenured: 136576K->131495K(136576K), 0.2454260 secs] 198016K->131495K(198016K), [Perm : 9062K->9062K(21248K)], 0.2454740 secs] [Times: user=0.25 sys=0.00, real=0.24 secs] 
270.895: Total time for which application threads were stopped: 0.2455680 seconds, Stopping threads took: 0.0000140 seconds
270.927: Application time: 0.0316280 seconds
270.927: [GC270.927: [DefNew: 54656K->54656K(61440K), 0.0000090 secs]270.927: [Tenured: 131495K->134123K(136576K), 0.2106960 secs] 186151K->134123K(198016K), [Perm : 9062K->9062K(21248K)], 0.2107530 secs] [Times: user=0.21 sys=0.00, real=0.21 secs] 
271.138: Total time for which application threads were stopped: 0.2109640 seconds, Stopping threads took: 0.0001320 seconds
271.167: Application time: 0.0292990 seconds
271.167: [GC271.167: [DefNew: 54656K->54656K(61440K), 0.0000100 secs]271.167: [Tenured: 134123K->127378K(136576K), 0.2185670 secs] 188779K->127378K(198016K), [Perm : 9062K->9062K(21248K)], 0.2186220 secs] [Times: user=0.22 sys=0.00, real=0.22 secs] 
271.386: Total time for which application threads were stopped: 0.2187720 seconds, Stopping threads took: 0.0000670 seconds
271.415: Application time: 0.0290050 seconds
271.415: [GC271.415: [DefNew: 54656K->54656K(61440K), 0.0000100 secs]271.415: [Tenured: 127378K->120646K(136576K), 0.2026460 secs] 182034K->120646K(198016K), [Perm : 9062K->9062K(21248K)], 0.2027040 secs] [Times: user=0.21 sys=0.00, real=0.20 secs] 
271.618: Total time for which application threads were stopped: 0.2029170 seconds, Stopping threads took: 0.0001420 seconds
271.649: Application time: 0.0307520 seconds
271.649: [GC271.649: [DefNew: 54656K->54656K(61440K), 0.0000100 secs]271.649: [Tenured: 120646K->95717K(136576K), 0.1647360 secs] 175302K->95717K(198016K), [Perm : 9062K->9062K(21248K)], 0.1647920 secs] [Times: user=0.17 sys=0.00, real=0.16 secs] 
271.814: Total time for which application threads were stopped: 0.1650070 seconds, Stopping threads took: 0.0001380 seconds
271.836: Application time: 0.0223580 seconds
271.836: [GC271.836: [DefNew: 54656K->6783K(61440K), 0.0194920 secs] 150373K->106949K(198016K), 0.0195360 secs] [Times: user=0.02 sys=0.00, real=0.02 secs] 
271.856: Total time for which application threads were stopped: 0.0196920 seconds, Stopping threads took: 0.0000720 seconds
271.871: Application time: 0.0153050 seconds
271.871: [GC271.871: [DefNew: 61439K->6783K(61440K), 0.0325220 secs] 161605K->124600K(198016K), 0.0325650 secs] [Times: user=0.03 sys=0.00, real=0.03 secs] 
271.904: Total time for which application threads were stopped: 0.0327680 seconds, Stopping threads took: 0.0001280 seconds
271.917: Application time: 0.0135690 seconds
271.917: [GC271.917: [DefNew: 61409K->61409K(61440K), 0.0000090 secs]271.917: [Tenured: 117816K->89450K(136576K), 0.1255020 secs] 179225K->89450K(198016K), [Perm : 9062K->9062K(21248K)], 0.1255590 secs] [Times: user=0.13 sys=0.00, real=0.13 secs] 
272.043: Total time for which application threads were stopped: 0.1257430 seconds, Stopping threads took: 0.0001030 seconds
272.056: Application time: 0.0130110 seconds
272.056: [GC272.056: [DefNew: 54656K->6784K(61440K), 0.0267250 secs] 144106K->109166K(198016K), 0.0267680 secs] [Times: user=0.03 sys=0.00, real=0.03 secs] 
272.083: Total time for which application threads were stopped: 0.0269230 seconds, Stopping threads took: 0.0000810 seconds
272.097: Application time: 0.0142100 seconds
272.097: [GC272.097: [DefNew: 61440K->6784K(61440K), 0.0328160 secs] 163822K->126902K(198016K), 0.0328570 secs] [Times: user=0.03 sys=0.00, real=0.04 secs] 
272.130: Total time for which application threads were stopped: 0.0330640 seconds, Stopping threads took: 0.0001140 seconds
272.145: Application time: 0.0143510 seconds
272.145: [GC272.145: [DefNew: 61440K->61440K(61440K), 0.0000090 secs]272.145: [Tenured: 120118K->136575K(136576K), 0.2246680 secs] 181558K->142444K(198016K), [Perm : 9062K->9062K(21248K)], 0.2247270 secs] [Times: user=0.22 sys=0.00, real=0.23 secs] 
272.369: Total time for which application threads were stopped: 0.2249020 seconds, Stopping threads took: 0.0000990 seconds
272.426: Application time: 0.0569970 seconds
272.427: [Full GC272.427: [Tenured: 136575K->136575K(136576K), 0.2803640 secs] 198015K->169555K(198016K), [Perm : 9062K->9062K(21248K)], 0.2804100 secs] [Times: user=0.28 sys=0.00, real=0.28 secs] 
272.707: Total time for which application threads were stopped: 0.2805020 seconds, Stopping threads took: 0.0000120 seconds
272.759: Application time: 0.0516110 seconds
272.759: [Full GC272.759: [Tenured: 136575K->136575K(136576K), 0.3263710 secs] 198015K->173195K(198016K), [Perm : 9062K->9062K(21248K)], 0.3264180 secs] [Times: user=0.32 sys=0.00, real=0.33 secs] 
273.085: Total time for which application threads were stopped: 0.3265200 seconds, Stopping threads took: 0.0000220 seconds
273.133: Application time: 0.0476510 seconds
273.133: [Full GC273.133: [Tenured: 136575K->136575K(136576K), 0.2905770 secs] 198015K->175220K(198016K), [Perm : 9062K->9062K(21248K)], 0.2906240 secs] [Times: user=0.29 sys=0.00, real=0.29 secs] 
273.423: Total time for which application threads were stopped: 0.2907150 seconds, Stopping threads took: 0.0000130 seconds
273.475: Application time: 0.0515440 seconds
273.475: [Full GC273.475: [Tenured: 136575K->136575K(136576K), 0.2890430 secs] 198015K->174248K(198016K), [Perm : 9062K->9062K(21248K)], 0.2890900 secs] [Times: user=0.29 sys=0.00, real=0.29 secs] 
273.764: Total time for which application threads were stopped: 0.2891710 seconds, Stopping threads took: 0.0000130 seconds
273.819: Application time: 0.0546620 seconds
273.819: [Full GC273.819: [Tenured: 136575K->136575K(136576K), 0.2907950 secs] 198015K->171891K(198016K), [Perm : 9062K->9062K(21248K)], 0.2908390 secs] [Times: user=0.29 sys=0.00, real=0.30 secs] 
274.110: Total time for which application threads were stopped: 0.2909350 seconds, Stopping threads took: 0.0000130 seconds
274.163: Application time: 0.0532620 seconds
274.163: [Full GC274.163: [Tenured: 136576K->136575K(136576K), 0.3021330 secs] 198015K->161825K(198016K), [Perm : 9062K->9062K(21248K)], 0.3021770 secs] [Times: user=0.30 sys=0.00, real=0.30 secs] 
274.465: Total time for which application threads were stopped: 0.3022580 seconds, Stopping threads took: 0.0000130 seconds
274.526: Application time: 0.0610770 seconds
274.526: [Full GC274.526: [Tenured: 136576K->136576K(136576K), 0.2659830 secs] 198016K->162780K(198016K), [Perm : 9062K->9062K(21248K)], 0.2660290 secs] [Times: user=0.27 sys=0.00, real=0.27 secs] 
274.793: Total time for which application threads were stopped: 0.2661230 seconds, Stopping threads took: 0.0000130 seconds
274.854: Application time: 0.0612190 seconds
274.854: [Full GC274.854: [Tenured: 136576K->136575K(136576K), 0.2798040 secs] 198015K->159441K(198016K), [Perm : 9062K->9062K(21248K)], 0.2798470 secs] [Times: user=0.28 sys=0.00, real=0.28 secs] 
275.134: Total time for which application threads were stopped: 0.2799260 seconds, Stopping threads took: 0.0000130 seconds
275.196: Application time: 0.0622960 seconds
275.196: [Full GC275.196: [Tenured: 136575K->136575K(136576K), 0.2731920 secs] 198015K->153021K(198016K), [Perm : 9062K->9062K(21248K)], 0.2732370 secs] [Times: user=0.27 sys=0.00, real=0.28 secs] 
275.469: Total time for which application threads were stopped: 0.2733350 seconds, Stopping threads took: 0.0000130 seconds
275.533: Application time: 0.0641750 seconds
275.534: [Full GC275.534: [Tenured: 136576K->136575K(136576K), 0.2610350 secs] 198016K->137710K(198016K), [Perm : 9062K->9062K(21248K)], 0.2610800 secs] [Times: user=0.26 sys=0.00, real=0.26 secs] 
275.795: Total time for which application threads were stopped: 0.2611620 seconds, Stopping threads took: 0.0000140 seconds
275.865: Application time: 0.0701100 seconds
275.865: [Full GC275.865: [Tenured: 136575K->136576K(136576K), 0.2281850 secs] 198015K->138073K(198016K), [Perm : 9062K->9062K(21248K)], 0.2282290 secs] [Times: user=0.23 sys=0.00, real=0.23 secs] 
276.093: Total time for which application threads were stopped: 0.2283260 seconds, Stopping threads took: 0.0000210 seconds
276.165: Application time: 0.0722520 seconds
276.165: [Full GC276.165: [Tenured: 136576K->132510K(136576K), 0.2383730 secs] 198016K->132510K(198016K), [Perm : 9062K->9062K(21248K)], 0.2384330 secs] [Times: user=0.24 sys=0.00, real=0.24 secs] 
276.404: Total time for which application threads were stopped: 0.2385130 seconds, Stopping threads took: 0.0000130 seconds
276.432: Application time: 0.0283800 seconds
276.432: [GC276.432: [DefNew: 54656K->54656K(61440K), 0.0000090 secs]276.432: [Tenured: 132510K->125016K(136576K), 0.2177160 secs] 187166K->125016K(198016K), [Perm : 9062K->9062K(21248K)], 0.2177740 secs] [Times: user=0.22 sys=0.00, real=0.22 secs] 
276.650: Total time for which application threads were stopped: 0.2179450 seconds, Stopping threads took: 0.0000780 seconds
276.681: Application time: 0.0308960 seconds
276.681: [GC276.681: [DefNew: 54656K->54656K(61440K), 0.0000090 secs]276.681: [Tenured: 125016K->108151K(136576K), 0.1965070 secs] 179672K->108151K(198016K), [Perm : 9062K->9062K(21248K)], 0.1965640 secs] [Times: user=0.20 sys=0.00, real=0.19 secs] 
276.878: Total time for which application threads were stopped: 0.1967140 seconds, Stopping threads took: 0.0000820 seconds
276.906: Application time: 0.0286250 seconds
276.909: [GC276.909: [DefNew: 54656K->54656K(61440K), 0.0000100 secs] 162807K->162807K(198016K), 0.0000330 secs] [Times: user=0.00 sys=0.00, real=0.00 secs] 
276.909: [Full GC276.909: [Tenured: 108151K->80288K(136576K), 0.1325310 secs] 162807K->80288K(198016K), [Perm : 9062K->9062K(21248K)], 0.1325590 secs] [Times: user=0.14 sys=0.00, real=0.13 secs] 
277.041: Total time for which application threads were stopped: 0.1350440 seconds, Stopping threads took: 0.0023660 seconds
277.059: Application time: 0.0173920 seconds
277.059: [GC277.059: [DefNew: 54656K->6784K(61440K), 0.0208690 secs] 134944K->95301K(198016K), 0.0209080 secs] [Times: user=0.02 sys=0.00, real=0.02 secs] 
277.080: Total time for which application threads were stopped: 0.0210470 seconds, Stopping threads took: 0.0000500 seconds
277.095: Application time: 0.0146420 seconds
277.095: [GC277.095: [DefNew: 61440K->6784K(61440K), 0.0364720 secs] 149957K->113856K(198016K), 0.0365110 secs] [Times: user=0.04 sys=0.00, real=0.04 secs] 
277.131: Total time for which application threads were stopped: 0.0366850 seconds, Stopping threads took: 0.0001010 seconds
277.144: Application time: 0.0131770 seconds
277.145: [GC277.145: [DefNew: 61440K->61440K(61440K), 0.0000100 secs]277.145: [Tenured: 107072K->95500K(136576K), 0.1475810 secs] 168512K->95500K(198016K), [Perm : 9062K->9062K(21248K)], 0.1476410 secs] [Times: user=0.15 sys=0.00, real=0.15 secs] 
277.292: Total time for which application threads were stopped: 0.1478090 seconds, Stopping threads took: 0.0000940 seconds
277.306: Application time: 0.0133360 seconds
277.306: [GC277.306: [DefNew: 54622K->6784K(61440K), 0.0242110 secs] 150122K->113441K(198016K), 0.0242540 secs] [Times: user=0.02 sys=0.00, real=0.03 secs] 
277.330: Total time for which application threads were stopped: 0.0244310 seconds, Stopping threads took: 0.0001000 seconds
277.344: Application time: 0.0139760 seconds
277.344: [GC277.344: [DefNew: 61440K->6783K(61440K), 0.0360030 secs] 168097K->130026K(198016K), 0.0360490 secs] [Times: user=0.04 sys=0.00, real=0.03 secs] 
277.380: Total time for which application threads were stopped: 0.0361870 seconds, Stopping threads took: 0.0000620 seconds
277.398: Application time: 0.0174620 seconds
277.398: [GC277.398: [DefNew: 61439K->61439K(61440K), 0.0000090 secs]277.398: [Tenured: 123242K->136575K(136576K), 0.2338170 secs] 184682K->150341K(198016K), [Perm : 9062K->9062K(21248K)], 0.2338760 secs] [Times: user=0.23 sys=0.00, real=0.24 secs] 
277.632: Total time for which application threads were stopped: 0.2340200 seconds, Stopping threads took: 0.0000710 seconds
277.688: Application time: 0.0558640 seconds
277.688: [Full GC277.688: [Tenured: 136575K->136575K(136576K), 0.3219580 secs] 198015K->170379K(198016K), [Perm : 9062K->9062K(21248K)], 0.3220000 secs] [Times: user=0.32 sys=0.00, real=0.33 secs] 
278.010: Total time for which application threads were stopped: 0.3220930 seconds, Stopping threads took: 0.0000140 seconds
278.061: Application time: 0.0511460 seconds
278.061: [Full GC278.061: [Tenured: 136575K->136575K(136576K), 0.2986640 secs] 198015K->177867K(198016K), [Perm : 9062K->9062K(21248K)], 0.2987110 secs] [Times: user=0.30 sys=0.00, real=0.29 secs] 
278.360: Total time for which application threads were stopped: 0.2987920 seconds, Stopping threads took: 0.0000140 seconds
278.410: Application time: 0.0505590 seconds
278.410: [Full GC278.410: [Tenured: 136575K->136575K(136576K), 0.2951200 secs] 198015K->177215K(198016K), [Perm : 9062K->9062K(21248K)], 0.2951720 secs] [Times: user=0.29 sys=0.00, real=0.29 secs] 
278.705: Total time for which application threads were stopped: 0.2952640 seconds, Stopping threads took: 0.0000130 seconds
278.758: Application time: 0.0521900 seconds
278.758: [Full GC278.758: [Tenured: 136576K->136575K(136576K), 0.2913640 secs] 198015K->173975K(198016K), [Perm : 9062K->9062K(21248K)], 0.2914080 secs] [Times: user=0.29 sys=0.00, real=0.30 secs] 
279.049: Total time for which application threads were stopped: 0.2914910 seconds, Stopping threads took: 0.0000150 seconds
279.100: Application time: 0.0513430 seconds
279.100: [Full GC279.101: [Tenured: 136575K->136575K(136576K), 0.3065260 secs] 198015K->163432K(198016K), [Perm : 9062K->9062K(21248K)], 0.3065720 secs] [Times: user=0.31 sys=0.00, real=0.31 secs] 
279.407: Total time for which application threads were stopped: 0.3066670 seconds, Stopping threads took: 0.0000130 seconds
279.465: Application time: 0.0578980 seconds
279.465: [Full GC279.465: [Tenured: 136575K->136575K(136576K), 0.2742840 secs] 198015K->165307K(198016K), [Perm : 9062K->9062K(21248K)], 0.2743300 secs] [Times: user=0.28 sys=0.00, real=0.27 secs] 
279.739: Total time for which application threads were stopped: 0.2744120 seconds, Stopping threads took: 0.0000140 seconds
279.797: Application time: 0.0578630 seconds
279.797: [Full GC279.797: [Tenured: 136575K->136575K(136576K), 0.2717520 secs] 198015K->161998K(198016K), [Perm : 9062K->9062K(21248K)], 0.2717960 secs] [Times: user=0.27 sys=0.00, real=0.28 secs] 
280.069: Total time for which application threads were stopped: 0.2718880 seconds, Stopping threads took: 0.0000130 seconds
280.134: Application time: 0.0644090 seconds
280.134: [Full GC280.134: [Tenured: 136575K->136575K(136576K), 0.2819750 secs] 198015K->157564K(198016K), [Perm : 9062K->9062K(21248K)], 0.2820210 secs] [Times: user=0.28 sys=0.00, real=0.28 secs] 
280.416: Total time for which application threads were stopped: 0.2821050 seconds, Stopping threads took: 0.0000140 seconds
280.477: Application time: 0.0612380 seconds
280.477: [Full GC280.477: [Tenured: 136575K->136575K(136576K), 0.2689480 secs] 198015K->142446K(198016K), [Perm : 9062K->9062K(21248K)], 0.2689920 secs] [Times: user=0.27 sys=0.00, real=0.27 secs] 
280.746: Total time for which application threads were stopped: 0.2690850 seconds, Stopping threads took: 0.0000140 seconds
280.814: Application time: 0.0678940 seconds
280.814: [Full GC280.814: [Tenured: 136575K->136575K(136576K), 0.2394800 secs] 198015K->139990K(198016K), [Perm : 9062K->9062K(21248K)], 0.2395250 secs] [Times: user=0.24 sys=0.00, real=0.24 secs] 
281.053: Total time for which application threads were stopped: 0.2396070 seconds, Stopping threads took: 0.0000140 seconds
281.130: Application time: 0.0761340 seconds
281.130: [Full GC281.130: [Tenured: 136576K->136575K(136576K), 0.2477790 secs] 198016K->137676K(198016K), [Perm : 9062K->9062K(21248K)], 0.2478260 secs] [Times: user=0.25 sys=0.00, real=0.24 secs] 
281.378: Total time for which application threads were stopped: 0.2479140 seconds, Stopping threads took: 0.0000130 seconds
281.452: Application time: 0.0748320 seconds
281.452: [Full GC281.452: [Tenured: 136575K->128218K(136576K), 0.2304480 secs] 198015K->128218K(198016K), [Perm : 9062K->9062K(21248K)], 0.2304920 secs] [Times: user=0.23 sys=0.00, real=0.23 secs] 
281.683: Total time for which application threads were stopped: 0.2305730 seconds, Stopping threads took: 0.0000130 seconds
281.711: Application time: 0.0278160 seconds
281.711: [GC281.711: [DefNew: 54656K->54656K(61440K), 0.0000090 secs]281.711: [Tenured: 128218K->116734K(136576K), 0.2187820 secs] 182874K->116734K(198016K), [Perm : 9062K->9062K(21248K)], 0.2188380 secs] [Times: user=0.22 sys=0.00, real=0.22 secs] 
281.930: Total time for which application threads were stopped: 0.2190010 seconds, Stopping threads took: 0.0000790 seconds
281.960: Application time: 0.0298850 seconds
281.960: [GC281.960: [DefNew: 54656K->54656K(61440K), 0.0000100 secs]281.960: [Tenured: 116734K->107933K(136576K), 0.1799100 secs] 171390K->107933K(198016K), [Perm : 9062K->9062K(21248K)], 0.1799780 secs] [Times: user=0.18 sys=0.00, real=0.18 secs] 
282.140: Total time for which application threads were stopped: 0.1801280 seconds, Stopping threads took: 0.0000780 seconds
282.164: Application time: 0.0242570 seconds
282.164: [GC282.164: [DefNew: 54656K->54656K(61440K), 0.0000090 secs]282.164: [Tenured: 107933K->82522K(136576K), 0.1181480 secs] 162589K->82522K(198016K), [Perm : 9062K->9062K(21248K)], 0.1182060 secs] [Times: user=0.12 sys=0.00, real=0.12 secs] 
282.282: Total time for which application threads were stopped: 0.1183710 seconds, Stopping threads took: 0.0000930 seconds
282.298: Application time: 0.0153550 seconds
282.298: [GC282.298: [DefNew: 54656K->6784K(61440K), 0.0267520 secs] 137178K->99986K(198016K), 0.0267930 secs] [Times: user=0.03 sys=0.00, real=0.03 secs] 
282.325: Total time for which application threads were stopped: 0.0270080 seconds, Stopping threads took: 0.0001310 seconds
282.338: Application time: 0.0136460 seconds
282.341: [GC282.341: [DefNew: 61440K->6784K(61440K), 0.0304860 secs] 154642K->118087K(198016K), 0.0305300 secs] [Times: user=0.03 sys=0.00, real=0.03 secs] 
282.371: Total time for which application threads were stopped: 0.0329650 seconds, Stopping threads took: 0.0023600 seconds
282.385: Application time: 0.0134480 seconds
282.388: [GC282.388: [DefNew: 61440K->61440K(61440K), 0.0000090 secs]282.388: [Tenured: 111303K->103819K(136576K), 0.1529380 secs] 172743K->103819K(198016K), [Perm : 9062K->9062K(21248K)], 0.1529950 secs] [Times: user=0.16 sys=0.00, real=0.16 secs] 
282.541: Total time for which application threads were stopped: 0.1560920 seconds, Stopping threads took: 0.0030130 seconds
282.553: Application time: 0.0123830 seconds
282.553: [GC282.554: [DefNew: 54561K->6784K(61440K), 0.0261170 secs] 158380K->120752K(198016K), 0.0261600 secs] [Times: user=0.02 sys=0.00, real=0.02 secs] 
282.580: Total time for which application threads were stopped: 0.0263350 seconds, Stopping threads took: 0.0001020 seconds
282.594: Application time: 0.0141160 seconds
282.594: [GC282.594: [DefNew: 61440K->61440K(61440K), 0.0000100 secs]282.594: [Tenured: 113968K->133497K(136576K), 0.2274580 secs] 175408K->133497K(198016K), [Perm : 9062K->9062K(21248K)], 0.2275160 secs] [Times: user=0.23 sys=0.00, real=0.23 secs] 
282.822: Total time for which application threads were stopped: 0.2277520 seconds, Stopping threads took: 0.0001450 seconds
282.841: Application time: 0.0190390 seconds
282.841: [GC282.841: [DefNew: 54656K->54656K(61440K), 0.0000100 secs]282.841: [Tenured: 133497K->136575K(136576K), 0.2477880 secs] 188153K->156359K(198016K), [Perm : 9062K->9062K(21248K)], 0.2478450 secs] [Times: user=0.25 sys=0.00, real=0.24 secs] 
283.089: Total time for which application threads were stopped: 0.2480460 seconds, Stopping threads took: 0.0001180 seconds
283.140: Application time: 0.0517920 seconds
283.140: [Full GC283.141: [Tenured: 136575K->136575K(136576K), 0.2908390 secs] 198015K->175847K(198016K), [Perm : 9062K->9062K(21248K)], 0.2908820 secs] [Times: user=0.29 sys=0.00, real=0.30 secs] 
283.431: Total time for which application threads were stopped: 0.2909600 seconds, Stopping threads took: 0.0000130 seconds
283.478: Application time: 0.0462300 seconds
283.478: [Full GC283.478: [Tenured: 136575K->136575K(136576K), 0.2827150 secs] 198015K->177331K(198016K), [Perm : 9062K->9062K(21248K)], 0.2827590 secs] [Times: user=0.28 sys=0.00, real=0.28 secs] 
283.760: Total time for which application threads were stopped: 0.2828550 seconds, Stopping threads took: 0.0000130 seconds
283.813: Application time: 0.0526450 seconds
283.813: [Full GC283.813: [Tenured: 136575K->136575K(136576K), 0.3074530 secs] 198015K->168891K(198016K), [Perm : 9062K->9062K(21248K)], 0.3075000 secs] [Times: user=0.31 sys=0.00, real=0.30 secs] 
284.121: Total time for which application threads were stopped: 0.3075930 seconds, Stopping threads took: 0.0000130 seconds
284.179: Application time: 0.0585190 seconds
284.179: [Full GC284.179: [Tenured: 136575K->136575K(136576K), 0.2687110 secs] 198015K->169349K(198016K), [Perm : 9062K->9062K(21248K)], 0.2687670 secs] [Times: user=0.27 sys=0.00, real=0.27 secs] 
284.448: Total time for which application threads were stopped: 0.2688640 seconds, Stopping threads took: 0.0000140 seconds
284.502: Application time: 0.0540920 seconds
284.502: [Full GC284.502: [Tenured: 136575K->136576K(136576K), 0.2737450 secs] 198015K->168867K(198016K), [Perm : 9062K->9062K(21248K)], 0.2737930 secs] [Times: user=0.28 sys=0.00, real=0.27 secs] 
284.776: Total time for which application threads were stopped: 0.2738760 seconds, Stopping threads took: 0.0000140 seconds
284.832: Application time: 0.0555740 seconds
284.832: [Full GC284.832: [Tenured: 136576K->136576K(136576K), 0.2758710 secs] 198016K->165692K(198016K), [Perm : 9062K->9062K(21248K)], 0.2759180 secs] [Times: user=0.28 sys=0.00, real=0.27 secs] 
285.108: Total time for which application threads were stopped: 0.2760100 seconds, Stopping threads took: 0.0000130 seconds
285.167: Application time: 0.0592390 seconds
285.167: [Full GC285.167: [Tenured: 136576K->136575K(136576K), 0.2825220 secs] 198015K->153730K(198016K), [Perm : 9062K->9062K(21248K)], 0.2825660 secs] [Times: user=0.28 sys=0.00, real=0.29 secs] 
285.450: Total time for which application threads were stopped: 0.2826460 seconds, Stopping threads took: 0.0000130 seconds
285.519: Application time: 0.0698760 seconds
285.519: [Full GC285.520: [Tenured: 136575K->136575K(136576K), 0.2549780 secs] 198015K->153381K(198016K), [Perm : 9062K->9062K(21248K)], 0.2550230 secs] [Times: user=0.26 sys=0.00, real=0.26 secs] 
285.775: Total time for which application threads were stopped: 0.2551160 seconds, Stopping threads took: 0.0000130 seconds
285.840: Application time: 0.0650530 seconds
285.840: [Full GC285.840: [Tenured: 136575K->136575K(136576K), 0.2493200 secs] 198015K->144596K(198016K), [Perm : 9062K->9062K(21248K)], 0.2493660 secs] [Times: user=0.25 sys=0.00, real=0.26 secs] 
286.089: Total time for which application threads were stopped: 0.2494460 seconds, Stopping threads took: 0.0000130 seconds
286.151: Application time: 0.0616050 seconds
286.151: [Full GC286.151: [Tenured: 136576K->136576K(136576K), 0.2387800 secs] 198015K->138265K(198016K), [Perm : 9062K->9062K(21248K)], 0.2388260 secs] [Times: user=0.24 sys=0.00, real=0.24 secs] 
286.391: Total time for which application threads were stopped: 0.2404070 seconds, Stopping threads took: 0.0000130 seconds
286.464: Application time: 0.0730670 seconds
286.464: [Full GC286.464: [Tenured: 136576K->129036K(136576K), 0.2439120 secs] 198016K->129036K(198016K), [Perm : 9062K->9062K(21248K)], 0.2439580 secs] [Times: user=0.24 sys=0.00, real=0.24 secs] 
286.708: Total time for which application threads were stopped: 0.2440390 seconds, Stopping threads took: 0.0000130 seconds
286.737: Application time: 0.0284740 seconds
286.737: [GC286.737: [DefNew: 54656K->54656K(61440K), 0.0000100 secs]286.737: [Tenured: 129036K->125827K(136576K), 0.2120890 secs] 183692K->125827K(198016K), [Perm : 9062K->9062K(21248K)], 0.2121470 secs] [Times: user=0.21 sys=0.00, real=0.22 secs] 
286.949: Total time for which application threads were stopped: 0.2123160 seconds, Stopping threads took: 0.0000880 seconds
286.980: Application time: 0.0308830 seconds
286.980: [GC286.980: [DefNew: 54656K->54656K(61440K), 0.0000100 secs] 180483K->180483K(198016K), 0.0000340 secs] [Times: user=0.00 sys=0.00, real=0.00 secs] 
286.980: [Full GC286.980: [Tenured: 125827K->110853K(136576K), 0.2124640 secs] 180483K->110853K(198016K), [Perm : 9062K->9062K(21248K)], 0.2124960 secs] [Times: user=0.22 sys=0.00, real=0.22 secs] 
287.193: Total time for which application threads were stopped: 0.2127280 seconds, Stopping threads took: 0.0001110 seconds
287.221: Application time: 0.0279360 seconds
287.221: [GC287.221: [DefNew: 54656K->54656K(61440K), 0.0000090 secs]287.221: [Tenured: 110853K->96545K(136576K), 0.1495050 secs] 165509K->96545K(198016K), [Perm : 9062K->9062K(21248K)], 0.1495720 secs] [Times: user=0.15 sys=0.00, real=0.16 secs] 
287.370: Total time for which application threads were stopped: 0.1497580 seconds, Stopping threads took: 0.0001070 seconds
287.390: Application time: 0.0194440 seconds
287.390: [GC287.390: [DefNew: 54656K->6784K(61440K), 0.0245640 secs] 151201K->109473K(198016K), 0.0246070 secs] [Times: user=0.02 sys=0.00, real=0.02 secs] 
287.415: Total time for which application threads were stopped: 0.0248590 seconds, Stopping threads took: 0.0001430 seconds
287.430: Application time: 0.0150190 seconds
287.433: [GC287.433: [DefNew: 61409K->6784K(61440K), 0.0323070 secs] 164099K->127129K(198016K), 0.0323470 secs] [Times: user=0.04 sys=0.00, real=0.03 secs] 
287.465: Total time for which application threads were stopped: 0.0356030 seconds, Stopping threads took: 0.0031810 seconds
287.479: Application time: 0.0135170 seconds
287.481: [GC287.481: [DefNew: 61440K->61440K(61440K), 0.0000090 secs]287.481: [Tenured: 120345K->88020K(136576K), 0.1317600 secs] 181785K->88020K(198016K), [Perm : 9062K->9062K(21248K)], 0.1318180 secs] [Times: user=0.13 sys=0.00, real=0.13 secs] 
287.613: Total time for which application threads were stopped: 0.1339440 seconds, Stopping threads took: 0.0020530 seconds
287.626: Application time: 0.0133810 seconds
287.626: [GC287.626: [DefNew: 54656K->6783K(61440K), 0.0254610 secs] 142676K->106675K(198016K), 0.0255030 secs] [Times: user=0.03 sys=0.00, real=0.03 secs] 
287.652: Total time for which application threads were stopped: 0.0256540 seconds, Stopping threads took: 0.0000760 seconds
287.666: Application time: 0.0140090 seconds
287.666: [GC287.666: [DefNew: 61428K->6783K(61440K), 0.0352640 secs] 161320K->125206K(198016K), 0.0353070 secs] [Times: user=0.04 sys=0.00, real=0.04 secs] 
287.701: Total time for which application threads were stopped: 0.0354960 seconds, Stopping threads took: 0.0001140 seconds
287.717: Application time: 0.0160290 seconds
287.717: [GC287.717: [DefNew: 61439K->61439K(61440K), 0.0000100 secs]287.718: [Tenured: 118422K->136563K(136576K), 0.2298060 secs] 179862K->142786K(198016K), [Perm : 9062K->9062K(21248K)], 0.2298680 secs] [Times: user=0.23 sys=0.00, real=0.23 secs] 
287.947: Total time for which application threads were stopped: 0.2301100 seconds, Stopping threads took: 0.0001510 seconds
288.006: Application time: 0.0585710 seconds
288.006: [Full GC288.006: [Tenured: 136575K->136575K(136576K), 0.2833470 secs] 198015K->168873K(198016K), [Perm : 9062K->9062K(21248K)], 0.2833920 secs] [Times: user=0.28 sys=0.00, real=0.29 secs] 
288.289: Total time for which application threads were stopped: 0.2834830 seconds, Stopping threads took: 0.0000120 seconds
288.343: Application time: 0.0535000 seconds
288.343: [Full GC288.343: [Tenured: 136575K->136575K(136576K), 0.2959930 secs] 198015K->177249K(198016K), [Perm : 9062K->9062K(21248K)], 0.2960380 secs] [Times: user=0.30 sys=0.00, real=0.29 secs] 
288.639: Total time for which application threads were stopped: 0.2961160 seconds, Stopping threads took: 0.0000130 seconds
288.691: Application time: 0.0516400 seconds
288.691: [Full GC288.691: [Tenured: 136575K->136575K(136576K), 0.3209100 secs] 198015K->170059K(198016K), [Perm : 9062K->9062K(21248K)], 0.3209580 secs] [Times: user=0.32 sys=0.00, real=0.32 secs] 
289.012: Total time for which application threads were stopped: 0.3210530 seconds, Stopping threads took: 0.0000140 seconds
289.062: Application time: 0.0507390 seconds
289.063: [Full GC289.063: [Tenured: 136576K->136576K(136576K), 0.2800990 secs] 198016K->169729K(198016K), [Perm : 9062K->9062K(21248K)], 0.2801430 secs] [Times: user=0.28 sys=0.00, real=0.28 secs] 
289.343: Total time for which application threads were stopped: 0.2802260 seconds, Stopping threads took: 0.0000140 seconds
289.396: Application time: 0.0533920 seconds
289.396: [Full GC289.396: [Tenured: 136576K->136576K(136576K), 0.2817410 secs] 198016K->169665K(198016K), [Perm : 9062K->9062K(21248K)], 0.2817830 secs] [Times: user=0.28 sys=0.00, real=0.28 secs] 
289.678: Total time for which application threads were stopped: 0.2818970 seconds, Stopping threads took: 0.0000350 seconds
289.734: Application time: 0.0562170 seconds
289.734: [Full GC289.734: [Tenured: 136576K->136575K(136576K), 0.2845300 secs] 198016K->167687K(198016K), [Perm : 9062K->9062K(21248K)], 0.2845860 secs] [Times: user=0.29 sys=0.00, real=0.28 secs] 
290.019: Total time for which application threads were stopped: 0.2846790 seconds, Stopping threads took: 0.0000230 seconds
290.077: Application time: 0.0580120 seconds
290.077: [Full GC290.077: [Tenured: 136576K->136575K(136576K), 0.2892180 secs] 198015K->155243K(198016K), [Perm : 9062K->9062K(21248K)], 0.2892610 secs] [Times: user=0.29 sys=0.00, real=0.29 secs] 
290.366: Total time for which application threads were stopped: 0.2893540 seconds, Stopping threads took: 0.0000130 seconds
290.437: Application time: 0.0704140 seconds
290.437: [Full GC290.437: [Tenured: 136575K->136576K(136576K), 0.2526270 secs] 198015K->155804K(198016K), [Perm : 9062K->9062K(21248K)], 0.2526730 secs] [Times: user=0.25 sys=0.00, real=0.26 secs] 
290.689: Total time for which application threads were stopped: 0.2527550 seconds, Stopping threads took: 0.0000130 seconds
290.754: Application time: 0.0644510 seconds
290.754: [Full GC290.754: [Tenured: 136576K->136575K(136576K), 0.2639610 secs] 198016K->148091K(198016K), [Perm : 9062K->9062K(21248K)], 0.2640050 secs] [Times: user=0.26 sys=0.00, real=0.26 secs] 
291.018: Total time for which application threads were stopped: 0.2640990 seconds, Stopping threads took: 0.0000140 seconds
291.083: Application time: 0.0649910 seconds
291.083: [Full GC291.083: [Tenured: 136575K->136575K(136576K), 0.2486460 secs] 198015K->139680K(198016K), [Perm : 9062K->9062K(21248K)], 0.2486900 secs] [Times: user=0.25 sys=0.00, real=0.25 secs] 
291.332: Total time for which application threads were stopped: 0.2487720 seconds, Stopping threads took: 0.0000130 seconds
291.403: Application time: 0.0716270 seconds
291.403: [Full GC291.403: [Tenured: 136576K->130302K(136576K), 0.2504040 secs] 198016K->130302K(198016K), [Perm : 9062K->9062K(21248K)], 0.2504500 secs] [Times: user=0.25 sys=0.00, real=0.25 secs] 
291.654: Total time for which application threads were stopped: 0.2505440 seconds, Stopping threads took: 0.0000130 seconds
291.684: Application time: 0.0297360 seconds
291.684: [GC291.684: [DefNew: 54656K->54656K(61440K), 0.0000100 secs]291.684: [Tenured: 130302K->128449K(136576K), 0.2218240 secs] 184958K->128449K(198016K), [Perm : 9062K->9062K(21248K)], 0.2218810 secs] [Times: user=0.22 sys=0.00, real=0.22 secs] 
291.906: Total time for which application threads were stopped: 0.2220400 seconds, Stopping threads took: 0.0000870 seconds
291.934: Application time: 0.0280150 seconds
291.934: [GC291.934: [DefNew: 54656K->54656K(61440K), 0.0000100 secs]291.934: [Tenured: 128449K->123437K(136576K), 0.2131020 secs] 183105K->123437K(198016K), [Perm : 9062K->9062K(21248K)], 0.2131590 secs] [Times: user=0.22 sys=0.00, real=0.21 secs] 
292.147: Total time for which application threads were stopped: 0.2133350 seconds, Stopping threads took: 0.0000910 seconds
292.177: Application time: 0.0301850 seconds
292.177: [GC292.177: [DefNew: 54656K->54656K(61440K), 0.0000100 secs]292.177: [Tenured: 123437K->107322K(136576K), 0.1774720 secs] 178093K->107322K(198016K), [Perm : 9062K->9062K(21248K)], 0.1775310 secs] [Times: user=0.17 sys=0.00, real=0.18 secs] 
292.355: Total time for which application threads were stopped: 0.1777120 seconds, Stopping threads took: 0.0001100 seconds
292.380: Application time: 0.0245980 seconds
292.381: [GC292.381: [DefNew: 54656K->6784K(61440K), 0.0206310 secs] 161978K->116479K(198016K), 0.0206690 secs] [Times: user=0.03 sys=0.00, real=0.02 secs] 
292.402: Total time for which application threads were stopped: 0.0219330 seconds, Stopping threads took: 0.0011920 seconds
292.417: Application time: 0.0156950 seconds
292.418: [GC292.418: [DefNew: 61440K->6784K(61440K), 0.0345670 secs] 171135K->132597K(198016K), 0.0346080 secs] [Times: user=0.04 sys=0.00, real=0.04 secs] 
292.453: Total time for which application threads were stopped: 0.0357800 seconds, Stopping threads took: 0.0010970 seconds
292.467: Application time: 0.0138170 seconds
292.468: [GC292.468: [DefNew: 61428K->61428K(61440K), 0.0000100 secs]292.468: [Tenured: 125813K->81073K(136576K), 0.1193110 secs] 187242K->81073K(198016K), [Perm : 9062K->9062K(21248K)], 0.1193770 secs] [Times: user=0.12 sys=0.00, real=0.12 secs] 
292.587: Total time for which application threads were stopped: 0.1205520 seconds, Stopping threads took: 0.0010900 seconds
292.601: Application time: 0.0137640 seconds
292.601: [GC292.601: [DefNew: 54656K->6784K(61440K), 0.0302300 secs] 135729K->100310K(198016K), 0.0302730 secs] [Times: user=0.03 sys=0.00, real=0.03 secs] 
292.632: Total time for which application threads were stopped: 0.0304470 seconds, Stopping threads took: 0.0000800 seconds
292.645: Application time: 0.0136410 seconds
292.645: [GC292.645: [DefNew: 61440K->6784K(61440K), 0.0384360 secs] 154966K->118226K(198016K), 0.0384790 secs] [Times: user=0.04 sys=0.00, real=0.04 secs] 
292.684: Total time for which application threads were stopped: 0.0386900 seconds, Stopping threads took: 0.0001160 seconds
292.699: Application time: 0.0146250 seconds
292.699: [GC292.699: [DefNew: 61440K->61440K(61440K), 0.0000100 secs]292.699: [Tenured: 111442K->134983K(136576K), 0.2146400 secs] 172882K->134983K(198016K), [Perm : 9062K->9062K(21248K)], 0.2146970 secs] [Times: user=0.21 sys=0.00, real=0.22 secs] 
292.913: Total time for which application threads were stopped: 0.2148820 seconds, Stopping threads took: 0.0000960 seconds
292.932: Application time: 0.0188630 seconds
292.935: [GC292.935: [DefNew: 54656K->54656K(61440K), 0.0000090 secs]292.935: [Tenured: 134983K->136575K(136576K), 0.2527240 secs] 189639K->157771K(198016K), [Perm : 9062K->9062K(21248K)], 0.2527820 secs] [Times: user=0.26 sys=0.00, real=0.25 secs] 
293.188: Total time for which application threads were stopped: 0.2557580 seconds, Stopping threads took: 0.0028860 seconds
293.245: Application time: 0.0568610 seconds
293.245: [Full GC293.245: [Tenured: 136576K->136576K(136576K), 0.2939890 secs] 198016K->176901K(198016K), [Perm : 9062K->9062K(21248K)], 0.2940360 secs] [Times: user=0.29 sys=0.00, real=0.29 secs] 
293.539: Total time for which application threads were stopped: 0.2941280 seconds, Stopping threads took: 0.0000120 seconds
293.590: Application time: 0.0505990 seconds
293.590: [Full GC293.590: [Tenured: 136576K->136575K(136576K), 0.3207090 secs] 198015K->172428K(198016K), [Perm : 9062K->9062K(21248K)], 0.3207490 secs] [Times: user=0.32 sys=0.00, real=0.32 secs] 
293.910: Total time for which application threads were stopped: 0.3208270 seconds, Stopping threads took: 0.0000130 seconds
293.961: Application time: 0.0507660 seconds
293.961: [Full GC293.961: [Tenured: 136575K->136575K(136576K), 0.2770150 secs] 198015K->171726K(198016K), [Perm : 9062K->9062K(21248K)], 0.2770610 secs] [Times: user=0.27 sys=0.00, real=0.27 secs] 
294.238: Total time for which application threads were stopped: 0.2771560 seconds, Stopping threads took: 0.0000140 seconds
294.292: Application time: 0.0534770 seconds
294.292: [Full GC294.292: [Tenured: 136575K->136576K(136576K), 0.2731590 secs] 198015K->171326K(198016K), [Perm : 9062K->9062K(21248K)], 0.2732040 secs] [Times: user=0.28 sys=0.00, real=0.27 secs] 
294.565: Total time for which application threads were stopped: 0.2732860 seconds, Stopping threads took: 0.0000140 seconds
294.617: Application time: 0.0519680 seconds
294.617: [Full GC294.617: [Tenured: 136576K->136575K(136576K), 0.2791810 secs] 198015K->168929K(198016K), [Perm : 9062K->9062K(21248K)], 0.2792270 secs] [Times: user=0.27 sys=0.00, real=0.28 secs] 
294.896: Total time for which application threads were stopped: 0.2793210 seconds, Stopping threads took: 0.0000130 seconds
294.944: Application time: 0.0476990 seconds
294.944: [Full GC294.944: [Tenured: 136576K->136575K(136576K), 0.2931840 secs] 198015K->159071K(198016K), [Perm : 9062K->9062K(21248K)], 0.2932270 secs] [Times: user=0.29 sys=0.00, real=0.29 secs] 
295.237: Total time for which application threads were stopped: 0.2933060 seconds, Stopping threads took: 0.0000130 seconds
295.299: Application time: 0.0616070 seconds
295.299: [Full GC295.299: [Tenured: 136575K->136575K(136576K), 0.2558600 secs] 198015K->159610K(198016K), [Perm : 9062K->9062K(21248K)], 0.2559120 secs] [Times: user=0.25 sys=0.00, real=0.26 secs] 
295.555: Total time for which application threads were stopped: 0.2560050 seconds, Stopping threads took: 0.0000140 seconds
295.616: Application time: 0.0604620 seconds
295.616: [Full GC295.616: [Tenured: 136575K->136575K(136576K), 0.2726890 secs] 198015K->154126K(198016K), [Perm : 9062K->9062K(21248K)], 0.2727340 secs] [Times: user=0.28 sys=0.00, real=0.27 secs] 
295.888: Total time for which application threads were stopped: 0.2728160 seconds, Stopping threads took: 0.0000130 seconds
295.955: Application time: 0.0668280 seconds
295.955: [Full GC295.955: [Tenured: 136575K->136575K(136576K), 0.2557040 secs] 198015K->144929K(198016K), [Perm : 9062K->9062K(21248K)], 0.2557480 secs] [Times: user=0.26 sys=0.00, real=0.26 secs] 
296.211: Total time for which application threads were stopped: 0.2558430 seconds, Stopping threads took: 0.0000140 seconds
296.280: Application time: 0.0686120 seconds
296.280: [Full GC296.280: [Tenured: 136575K->131548K(136576K), 0.2469710 secs] 198015K->131548K(198016K), [Perm : 9062K->9062K(21248K)], 0.2470190 secs] [Times: user=0.25 sys=0.00, real=0.25 secs] 
296.527: Total time for which application threads were stopped: 0.2471060 seconds, Stopping threads took: 0.0000130 seconds
296.559: Application time: 0.0326410 seconds
296.560: [GC296.560: [DefNew: 54656K->54656K(61440K), 0.0000100 secs]296.560: [Tenured: 131548K->134661K(136576K), 0.2168660 secs] 186204K->134661K(198016K), [Perm : 9062K->9062K(21248K)], 0.2169230 secs] [Times: user=0.22 sys=0.00, real=0.22 secs] 
296.776: Total time for which application threads were stopped: 0.2171030 seconds, Stopping threads took: 0.0001010 seconds
296.805: Application time: 0.0285730 seconds
296.805: [GC296.805: [DefNew: 54656K->54656K(61440K), 0.0000100 secs]296.805: [Tenured: 134661K->126608K(136576K), 0.2212110 secs] 189317K->126608K(198016K), [Perm : 9062K->9062K(21248K)], 0.2212690 secs] [Times: user=0.22 sys=0.00, real=0.22 secs] 
297.026: Total time for which application threads were stopped: 0.2214020 seconds, Stopping threads took: 0.0000640 seconds
297.056: Application time: 0.0296420 seconds
297.056: [GC297.056: [DefNew: 54656K->54656K(61440K), 0.0000100 secs]297.056: [Tenured: 126608K->119871K(136576K), 0.2022830 secs] 181264K->119871K(198016K), [Perm : 9062K->9062K(21248K)], 0.2023410 secs] [Times: user=0.21 sys=0.00, real=0.20 secs] 
297.259: Total time for which application threads were stopped: 0.2025400 seconds, Stopping threads took: 0.0001260 seconds
297.288: Application time: 0.0297390 seconds
297.289: [GC297.289: [DefNew: 54656K->54656K(61440K), 0.0000100 secs]297.289: [Tenured: 119871K->94908K(136576K), 0.1621920 secs] 174527K->94908K(198016K), [Perm : 9062K->9062K(21248K)], 0.1622500 secs] [Times: user=0.17 sys=0.00, real=0.17 secs] 
297.451: Total time for which application threads were stopped: 0.1624550 seconds, Stopping threads took: 0.0001220 seconds
297.472: Application time: 0.0208090 seconds
297.472: [GC297.472: [DefNew: 54656K->6784K(61440K), 0.0189260 secs] 149564K->107229K(198016K), 0.0189670 secs] [Times: user=0.02 sys=0.00, real=0.02 secs] 
297.491: Total time for which application threads were stopped: 0.0191320 seconds, Stopping threads took: 0.0000890 seconds
297.505: Application time: 0.0146330 seconds
297.509: [GC297.509: [DefNew: 61440K->6783K(61440K), 0.0317620 secs] 161885K->124697K(198016K), 0.0318050 secs] [Times: user=0.04 sys=0.00, real=0.02 secs] 
297.541: Total time for which application threads were stopped: 0.0352190 seconds, Stopping threads took: 0.0033400 seconds
297.554: Application time: 0.0134230 seconds
297.557: [GC297.557: [DefNew: 61374K->61374K(61440K), 0.0000090 secs]297.557: [Tenured: 117913K->90576K(136576K), 0.1280370 secs] 179288K->90576K(198016K), [Perm : 9062K->9062K(21248K)], 0.1280910 secs] [Times: user=0.13 sys=0.00, real=0.13 secs] 
297.685: Total time for which application threads were stopped: 0.1309060 seconds, Stopping threads took: 0.0027320 seconds
297.698: Application time: 0.0129790 seconds
297.698: [GC297.698: [DefNew: 54656K->6784K(61440K), 0.0261700 secs] 145232K->109662K(198016K), 0.0262160 secs] [Times: user=0.02 sys=0.00, real=0.03 secs] 
297.724: Total time for which application threads were stopped: 0.0264330 seconds, Stopping threads took: 0.0001410 seconds
297.737: Application time: 0.0128960 seconds
297.738: [GC297.738: [DefNew: 61440K->6784K(61440K), 0.0333980 secs] 164318K->125626K(198016K), 0.0334410 secs] [Times: user=0.03 sys=0.00, real=0.04 secs] 
297.772: Total time for which application threads were stopped: 0.0346500 seconds, Stopping threads took: 0.0011150 seconds
297.787: Application time: 0.0153370 seconds
297.787: [GC297.788: [DefNew: 61440K->61440K(61440K), 0.0000090 secs]297.788: [Tenured: 118842K->136575K(136576K), 0.2230270 secs] 180282K->143955K(198016K), [Perm : 9062K->9062K(21248K)], 0.2230840 secs] [Times: user=0.23 sys=0.00, real=0.23 secs] 
298.011: Total time for which application threads were stopped: 0.2233070 seconds, Stopping threads took: 0.0001340 seconds
298.065: Application time: 0.0541220 seconds
298.065: [Full GC298.065: [Tenured: 136575K->136575K(136576K), 0.2810010 secs] 198012K->169827K(198016K), [Perm : 9062K->9062K(21248K)], 0.2810460 secs] [Times: user=0.29 sys=0.00, real=0.28 secs] 
298.346: Total time for which application threads were stopped: 0.2811390 seconds, Stopping threads took: 0.0000120 seconds
298.398: Application time: 0.0521090 seconds
298.398: [Full GC298.398: [Tenured: 136575K->136575K(136576K), 0.3260010 secs] 198015K->173249K(198016K), [Perm : 9062K->9062K(21248K)], 0.3260480 secs] [Times: user=0.32 sys=0.00, real=0.33 secs] 
298.724: Total time for which application threads were stopped: 0.3261300 seconds, Stopping threads took: 0.0000120 seconds
298.778: Application time: 0.0543470 seconds
298.779: [Full GC298.779: [Tenured: 136575K->136575K(136576K), 0.2888900 secs] 198015K->175565K(198016K), [Perm : 9062K->9062K(21248K)], 0.2889350 secs] [Times: user=0.29 sys=0.00, real=0.29 secs] 
299.067: Total time for which application threads were stopped: 0.2890290 seconds, Stopping threads took: 0.0000140 seconds
299.121: Application time: 0.0539730 seconds
299.122: [Full GC299.122: [Tenured: 136576K->136575K(136576K), 0.2819100 secs] 198015K->174615K(198016K), [Perm : 9062K->9062K(21248K)], 0.2819570 secs] [Times: user=0.29 sys=0.00, real=0.28 secs] 
299.404: Total time for which application threads were stopped: 0.2820380 seconds, Stopping threads took: 0.0000130 seconds
299.454: Application time: 0.0506760 seconds
299.454: [Full GC299.454: [Tenured: 136576K->136575K(136576K), 0.2876990 secs] 198016K->171043K(198016K), [Perm : 9062K->9062K(21248K)], 0.2877450 secs] [Times: user=0.29 sys=0.00, real=0.29 secs] 
299.742: Total time for which application threads were stopped: 0.2878360 seconds, Stopping threads took: 0.0000120 seconds
299.798: Application time: 0.0556470 seconds
299.798: [Full GC299.798: [Tenured: 136575K->136575K(136576K), 0.3064390 secs] 198015K->162275K(198016K), [Perm : 9062K->9062K(21248K)], 0.3064840 secs] [Times: user=0.31 sys=0.00, real=0.31 secs] 
300.104: Total time for which application threads were stopped: 0.3065670 seconds, Stopping threads took: 0.0000130 seconds
300.163: Application time: 0.0584400 seconds
300.163: [Full GC300.163: [Tenured: 136576K->136576K(136576K), 0.2613830 secs] 198016K->162434K(198016K), [Perm : 9062K->9062K(21248K)], 0.2614280 secs] [Times: user=0.26 sys=0.00, real=0.26 secs] 
300.424: Total time for which application threads were stopped: 0.2615220 seconds, Stopping threads took: 0.0000130 seconds
300.484: Application time: 0.0602890 seconds
300.485: [Full GC300.485: [Tenured: 136576K->136575K(136576K), 0.2818870 secs] 198016K->158922K(198016K), [Perm : 9062K->9062K(21248K)], 0.2819330 secs] [Times: user=0.28 sys=0.00, real=0.28 secs] 
300.767: Total time for which application threads were stopped: 0.2820150 seconds, Stopping threads took: 0.0000140 seconds
300.831: Application time: 0.0640020 seconds
300.831: [Full GC300.831: [Tenured: 136575K->136576K(136576K), 0.2667430 secs] 198015K->151780K(198016K), [Perm : 9062K->9062K(21248K)], 0.2667960 secs] [Times: user=0.26 sys=0.00, real=0.26 secs] 
301.097: Total time for which application threads were stopped: 0.2668870 seconds, Stopping threads took: 0.0000130 seconds
301.158: Application time: 0.0608390 seconds
301.158: [Full GC301.158: [Tenured: 136576K->136399K(136576K), 0.2540060 secs] 198016K->136399K(198016K), [Perm : 9062K->9062K(21248K)], 0.2540500 secs] [Times: user=0.26 sys=0.00, real=0.26 secs] 
301.412: Total time for which application threads were stopped: 0.2541310 seconds, Stopping threads took: 0.0000130 seconds
301.440: Application time: 0.0278290 seconds
301.440: [GC301.440: [DefNew: 54656K->54656K(61440K), 0.0000090 secs]301.440: [Tenured: 136399K->136575K(136576K), 0.2138090 secs] 191055K->137897K(198016K), [Perm : 9062K->9062K(21248K)], 0.2138670 secs] [Times: user=0.21 sys=0.00, real=0.22 secs] 
301.654: Total time for which application threads were stopped: 0.2140080 seconds, Stopping threads took: 0.0000620 seconds
301.731: Application time: 0.0766270 seconds
301.731: [Full GC301.731: [Tenured: 136576K->134438K(136576K), 0.2436370 secs] 198015K->134438K(198016K), [Perm : 9062K->9062K(21248K)], 0.2436820 secs] [Times: user=0.24 sys=0.00, real=0.24 secs] 
301.975: Total time for which application threads were stopped: 0.2437650 seconds, Stopping threads took: 0.0000130 seconds
302.005: Application time: 0.0305370 seconds
302.005: [GC302.005: [DefNew: 54656K->54656K(61440K), 0.0000110 secs]302.005: [Tenured: 134438K->125625K(136576K), 0.2204090 secs] 189094K->125625K(198016K), [Perm : 9062K->9062K(21248K)], 0.2204690 secs] [Times: user=0.22 sys=0.00, real=0.22 secs] 
302.226: Total time for which application threads were stopped: 0.2206250 seconds, Stopping threads took: 0.0000710 seconds
302.257: Application time: 0.0311550 seconds
302.260: [GC302.260: [DefNew: 54656K->54656K(61440K), 0.0000090 secs]302.260: [Tenured: 125625K->108577K(136576K), 0.2054490 secs] 180281K->108577K(198016K), [Perm : 9062K->9062K(21248K)], 0.2055060 secs] [Times: user=0.20 sys=0.00, real=0.21 secs] 
302.466: Total time for which application threads were stopped: 0.2086430 seconds, Stopping threads took: 0.0030660 seconds
302.496: Application time: 0.0303650 seconds
302.496: [GC302.496: [DefNew: 54656K->4273K(61440K), 0.0221840 secs] 163233K->112850K(198016K), 0.0222240 secs] [Times: user=0.03 sys=0.00, real=0.02 secs] 
302.518: Total time for which application threads were stopped: 0.0224970 seconds, Stopping threads took: 0.0002040 seconds
302.536: Application time: 0.0171090 seconds
302.536: [GC302.536: [DefNew: 58929K->6784K(61440K), 0.0344830 secs] 167506K->128788K(198016K), 0.0345260 secs] [Times: user=0.03 sys=0.00, real=0.04 secs] 
302.570: Total time for which application threads were stopped: 0.0347560 seconds, Stopping threads took: 0.0001420 seconds
302.586: Application time: 0.0153520 seconds
302.589: [GC302.589: [DefNew: 61440K->61440K(61440K), 0.0000090 secs]302.589: [Tenured: 122004K->91300K(136576K), 0.1260210 secs] 183444K->91300K(198016K), [Perm : 9062K->9062K(21248K)], 0.1260790 secs] [Times: user=0.13 sys=0.00, real=0.12 secs] 
302.715: Total time for which application threads were stopped: 0.1292730 seconds, Stopping threads took: 0.0031220 seconds
302.728: Application time: 0.0135680 seconds
302.729: [GC302.729: [DefNew: 54656K->6784K(61440K), 0.0244580 secs] 145956K->109936K(198016K), 0.0244980 secs] [Times: user=0.03 sys=0.00, real=0.03 secs] 
302.753: Total time for which application threads were stopped: 0.0246470 seconds, Stopping threads took: 0.0000740 seconds
302.766: Application time: 0.0131240 seconds
302.766: [GC302.766: [DefNew: 61440K->6784K(61440K), 0.0314920 secs] 164592K->129140K(198016K), 0.0315310 secs] [Times: user=0.04 sys=0.00, real=0.03 secs] 
302.798: Total time for which application threads were stopped: 0.0316810 seconds, Stopping threads took: 0.0000760 seconds
302.812: Application time: 0.0136370 seconds
302.812: [GC302.812: [DefNew: 61440K->61440K(61440K), 0.0000110 secs]302.812: [Tenured: 122356K->124168K(136576K), 0.2071620 secs] 183796K->124168K(198016K), [Perm : 9062K->9062K(21248K)], 0.2072360 secs] [Times: user=0.21 sys=0.00, real=0.20 secs] 
303.019: Total time for which application threads were stopped: 0.2073790 seconds, Stopping threads took: 0.0000710 seconds
303.037: Application time: 0.0177560 seconds
303.037: [GC303.037: [DefNew: 54656K->54656K(61440K), 0.0000100 secs]303.037: [Tenured: 124168K->136576K(136576K), 0.2480010 secs] 178824K->149431K(198016K), [Perm : 9062K->9062K(21248K)], 0.2480570 secs] [Times: user=0.25 sys=0.00, real=0.25 secs] 
303.285: Total time for which application threads were stopped: 0.2483500 seconds, Stopping threads took: 0.0002080 seconds
303.340: Application time: 0.0549080 seconds
303.340: [Full GC303.340: [Tenured: 136576K->136575K(136576K), 0.3054130 secs] 198015K->168348K(198016K), [Perm : 9062K->9062K(21248K)], 0.3054570 secs] [Times: user=0.30 sys=0.00, real=0.31 secs] 
303.646: Total time for which application threads were stopped: 0.3055390 seconds, Stopping threads took: 0.0000130 seconds
303.694: Application time: 0.0487840 seconds
303.694: [Full GC303.694: [Tenured: 136575K->136575K(136576K), 0.2825200 secs] 198015K->175375K(198016K), [Perm : 9062K->9062K(21248K)], 0.2825630 secs] [Times: user=0.28 sys=0.00, real=0.28 secs] 
303.977: Total time for which application threads were stopped: 0.2826540 seconds, Stopping threads took: 0.0000120 seconds
304.027: Application time: 0.0496950 seconds
304.027: [Full GC304.027: [Tenured: 136575K->136575K(136576K), 0.2846560 secs] 198015K->176881K(198016K), [Perm : 9062K->9062K(21248K)], 0.2847020 secs] [Times: user=0.29 sys=0.00, real=0.29 secs] 
304.311: Total time for which application threads were stopped: 0.2847830 seconds, Stopping threads took: 0.0000130 seconds
304.363: Application time: 0.0519940 seconds
304.364: [Full GC304.364: [Tenured: 136575K->136576K(136576K), 0.2819390 secs] 198015K->173631K(198016K), [Perm : 9062K->9062K(21248K)], 0.2819810 secs] [Times: user=0.29 sys=0.00, real=0.28 secs] 
304.646: Total time for which application threads were stopped: 0.2820720 seconds, Stopping threads took: 0.0000130 seconds
304.703: Application time: 0.0571700 seconds
304.703: [Full GC304.703: [Tenured: 136576K->136575K(136576K), 0.3018990 secs] 198016K->163513K(198016K), [Perm : 9062K->9062K(21248K)], 0.3019430 secs] [Times: user=0.31 sys=0.00, real=0.30 secs] 
305.005: Total time for which application threads were stopped: 0.3020320 seconds, Stopping threads took: 0.0000140 seconds
305.062: Application time: 0.0569520 seconds
305.062: [Full GC305.062: [Tenured: 136575K->136575K(136576K), 0.2631250 secs] 198015K->164485K(198016K), [Perm : 9062K->9062K(21248K)], 0.2631680 secs] [Times: user=0.27 sys=0.00, real=0.26 secs] 
305.325: Total time for which application threads were stopped: 0.2632600 seconds, Stopping threads took: 0.0000130 seconds
305.387: Application time: 0.0624140 seconds
305.387: [Full GC305.387: [Tenured: 136575K->136575K(136576K), 0.2648790 secs] 198015K->163451K(198016K), [Perm : 9062K->9062K(21248K)], 0.2649240 secs] [Times: user=0.26 sys=0.00, real=0.27 secs] 
305.652: Total time for which application threads were stopped: 0.2650050 seconds, Stopping threads took: 0.0000140 seconds
305.714: Application time: 0.0617260 seconds
305.714: [Full GC305.714: [Tenured: 136576K->136576K(136576K), 0.2739590 secs] 198015K->157223K(198016K), [Perm : 9062K->9062K(21248K)], 0.2740030 secs] [Times: user=0.27 sys=0.00, real=0.27 secs] 
305.988: Total time for which application threads were stopped: 0.2740990 seconds, Stopping threads took: 0.0000130 seconds
306.052: Application time: 0.0638110 seconds
306.052: [Full GC306.052: [Tenured: 136576K->136575K(136576K), 0.2584810 secs] 198015K->142334K(198016K), [Perm : 9062K->9062K(21248K)], 0.2585270 secs] [Times: user=0.26 sys=0.00, real=0.26 secs] 
306.311: Total time for which application threads were stopped: 0.2586170 seconds, Stopping threads took: 0.0000130 seconds
306.378: Application time: 0.0668820 seconds
306.378: [Full GC306.378: [Tenured: 136576K->136575K(136576K), 0.2361320 secs] 198015K->140837K(198016K), [Perm : 9062K->9062K(21248K)], 0.2361740 secs] [Times: user=0.24 sys=0.00, real=0.24 secs] 
306.614: Total time for which application threads were stopped: 0.2362650 seconds, Stopping threads took: 0.0000130 seconds
306.686: Application time: 0.0726290 seconds
306.686: [Full GC306.686: [Tenured: 136575K->136575K(136576K), 0.2423430 secs] 198015K->138067K(198016K), [Perm : 9062K->9062K(21248K)], 0.2423950 secs] [Times: user=0.24 sys=0.00, real=0.25 secs] 
306.929: Total time for which application threads were stopped: 0.2424740 seconds, Stopping threads took: 0.0000130 seconds
307.001: Application time: 0.0720890 seconds
307.001: [Full GC307.001: [Tenured: 136576K->128549K(136576K), 0.2252530 secs] 198015K->128549K(198016K), [Perm : 9062K->9062K(21248K)], 0.2252960 secs] [Times: user=0.22 sys=0.00, real=0.22 secs] 
307.226: Total time for which application threads were stopped: 0.2253900 seconds, Stopping threads took: 0.0000130 seconds
307.255: Application time: 0.0284760 seconds
307.255: [GC307.255: [DefNew: 54656K->54656K(61440K), 0.0000090 secs]307.255: [Tenured: 128549K->115208K(136576K), 0.2075360 secs] 183205K->115208K(198016K), [Perm : 9062K->9062K(21248K)], 0.2075910 secs] [Times: user=0.21 sys=0.00, real=0.21 secs] 
307.463: Total time for which application threads were stopped: 0.2077320 seconds, Stopping threads took: 0.0000700 seconds
307.494: Application time: 0.0312740 seconds
307.494: [GC307.494: [DefNew: 54656K->54656K(61440K), 0.0000120 secs]307.494: [Tenured: 115208K->106576K(136576K), 0.1713690 secs] 169864K->106576K(198016K), [Perm : 9062K->9062K(21248K)], 0.1714330 secs] [Times: user=0.17 sys=0.00, real=0.17 secs] 
307.665: Total time for which application threads were stopped: 0.1715780 seconds, Stopping threads took: 0.0000660 seconds
307.689: Application time: 0.0236780 seconds
307.689: [GC307.689: [DefNew: 54656K->6784K(61440K), 0.0193170 secs] 161232K->116828K(198016K), 0.0193560 secs] [Times: user=0.02 sys=0.00, real=0.01 secs] 
307.709: Total time for which application threads were stopped: 0.0194950 seconds, Stopping threads took: 0.0000570 seconds
307.724: Application time: 0.0151100 seconds
307.725: [GC307.725: [DefNew: 61440K->61440K(61440K), 0.0000080 secs]307.725: [Tenured: 110044K->83646K(136576K), 0.1107160 secs] 171484K->83646K(198016K), [Perm : 9062K->9062K(21248K)], 0.1107700 secs] [Times: user=0.11 sys=0.00, real=0.11 secs] 
307.836: Total time for which application threads were stopped: 0.1119150 seconds, Stopping threads took: 0.0010700 seconds
307.850: Application time: 0.0147370 seconds
307.851: [GC307.851: [DefNew: 54656K->6784K(61440K), 0.0259180 secs] 138302K->102093K(198016K), 0.0259610 secs] [Times: user=0.02 sys=0.00, real=0.02 secs] 
307.877: Total time for which application threads were stopped: 0.0261540 seconds, Stopping threads took: 0.0001210 seconds
307.890: Application time: 0.0135320 seconds
307.890: [GC307.890: [DefNew: 61440K->6784K(61440K), 0.0322000 secs] 156749K->120734K(198016K), 0.0322430 secs] [Times: user=0.03 sys=0.00, real=0.03 secs] 
307.922: Total time for which application threads were stopped: 0.0323790 seconds, Stopping threads took: 0.0000630 seconds
307.935: Application time: 0.0130360 seconds
307.936: [GC307.936: [DefNew: 61440K->61440K(61440K), 0.0000090 secs]307.936: [Tenured: 113950K->121613K(136576K), 0.1843270 secs] 175390K->121613K(198016K), [Perm : 9062K->9062K(21248K)], 0.1843830 secs] [Times: user=0.19 sys=0.00, real=0.18 secs] 
308.120: Total time for which application threads were stopped: 0.1845140 seconds, Stopping threads took: 0.0000580 seconds
308.137: Application time: 0.0169750 seconds
308.137: [GC308.137: [DefNew: 54656K->54656K(61440K), 0.0000090 secs]308.137: [Tenured: 121613K->134524K(136576K), 0.2265680 secs] 176269K->134524K(198016K), [Perm : 9062K->9062K(21248K)], 0.2266270 secs] [Times: user=0.24 sys=0.00, real=0.23 secs] 
308.364: Total time for which application threads were stopped: 0.2268390 seconds, Stopping threads took: 0.0001310 seconds
308.383: Application time: 0.0193080 seconds
308.383: [GC308.383: [DefNew: 54656K->54656K(61440K), 0.0000090 secs]308.383: [Tenured: 134524K->136576K(136576K), 0.2449270 secs] 189180K->158243K(198016K), [Perm : 9062K->9062K(21248K)], 0.2449860 secs] [Times: user=0.25 sys=0.00, real=0.24 secs] 
308.628: Total time for which application threads were stopped: 0.2452150 seconds, Stopping threads took: 0.0001280 seconds
308.685: Application time: 0.0562160 seconds
308.685: [Full GC308.685: [Tenured: 136576K->136576K(136576K), 0.2768020 secs] 198015K->174261K(198016K), [Perm : 9062K->9062K(21248K)], 0.2768440 secs] [Times: user=0.28 sys=0.00, real=0.28 secs] 
308.961: Total time for which application threads were stopped: 0.2769230 seconds, Stopping threads took: 0.0000130 seconds
309.010: Application time: 0.0484320 seconds
309.010: [Full GC309.010: [Tenured: 136576K->136575K(136576K), 0.3047230 secs] 198015K->176157K(198016K), [Perm : 9062K->9062K(21248K)], 0.3047680 secs] [Times: user=0.30 sys=0.00, real=0.30 secs] 
309.315: Total time for which application threads were stopped: 0.3048630 seconds, Stopping threads took: 0.0000140 seconds
309.368: Application time: 0.0528940 seconds
309.368: [Full GC309.368: [Tenured: 136575K->136575K(136576K), 0.3046570 secs] 198015K->169157K(198016K), [Perm : 9062K->9062K(21248K)], 0.3047010 secs] [Times: user=0.31 sys=0.00, real=0.31 secs] 
309.672: Total time for which application threads were stopped: 0.3047790 seconds, Stopping threads took: 0.0000130 seconds
309.722: Application time: 0.0497830 seconds
309.722: [Full GC309.722: [Tenured: 136576K->136576K(136576K), 0.2649170 secs] 198015K->168393K(198016K), [Perm : 9062K->9062K(21248K)], 0.2649630 secs] [Times: user=0.27 sys=0.00, real=0.26 secs] 
309.987: Total time for which application threads were stopped: 0.2650550 seconds, Stopping threads took: 0.0000130 seconds
310.043: Application time: 0.0556230 seconds
310.043: [Full GC310.043: [Tenured: 136576K->136575K(136576K), 0.2684310 secs] 198016K->169537K(198016K), [Perm : 9062K->9062K(21248K)], 0.2684730 secs] [Times: user=0.27 sys=0.00, real=0.27 secs] 
310.311: Total time for which application threads were stopped: 0.2685530 seconds, Stopping threads took: 0.0000130 seconds
310.363: Application time: 0.0510890 seconds
310.363: [Full GC310.363: [Tenured: 136576K->136575K(136576K), 0.2702120 secs] 198016K->163328K(198016K), [Perm : 9062K->9062K(21248K)], 0.2702540 secs] [Times: user=0.27 sys=0.00, real=0.27 secs] 
310.633: Total time for which application threads were stopped: 0.2708310 seconds, Stopping threads took: 0.0004970 seconds
310.692: Application time: 0.0590400 seconds
310.693: [Full GC310.693: [Tenured: 136575K->136576K(136576K), 0.2781160 secs] 198015K->152659K(198016K), [Perm : 9062K->9062K(21248K)], 0.2781620 secs] [Times: user=0.28 sys=0.00, real=0.28 secs] 
310.971: Total time for which application threads were stopped: 0.2782430 seconds, Stopping threads took: 0.0000130 seconds
311.038: Application time: 0.0669380 seconds
311.038: [Full GC311.038: [Tenured: 136576K->136575K(136576K), 0.2482050 secs] 198015K->150939K(198016K), [Perm : 9062K->9062K(21248K)], 0.2482480 secs] [Times: user=0.25 sys=0.00, real=0.25 secs] 
311.286: Total time for which application threads were stopped: 0.2483490 seconds, Stopping threads took: 0.0000180 seconds
311.352: Application time: 0.0656920 seconds
311.352: [Full GC311.352: [Tenured: 136575K->136575K(136576K), 0.2423540 secs] 198015K->142663K(198016K), [Perm : 9062K->9062K(21248K)], 0.2424000 secs] [Times: user=0.24 sys=0.00, real=0.24 secs] 
311.594: Total time for which application threads were stopped: 0.2424810 seconds, Stopping threads took: 0.0000130 seconds
311.665: Application time: 0.0710190 seconds
311.665: [Full GC311.665: [Tenured: 136575K->136575K(136576K), 0.2392160 secs] 198015K->138348K(198016K), [Perm : 9062K->9062K(21248K)], 0.2392680 secs] [Times: user=0.24 sys=0.00, real=0.24 secs] 
311.905: Total time for which application threads were stopped: 0.2393720 seconds, Stopping threads took: 0.0000130 seconds
311.976: Application time: 0.0718340 seconds
311.976: [Full GC311.976: [Tenured: 136576K->124626K(136576K), 0.2280850 secs] 198016K->124626K(198016K), [Perm : 9062K->9062K(21248K)], 0.2281300 secs] [Times: user=0.23 sys=0.00, real=0.23 secs] 
312.205: Total time for which application threads were stopped: 0.2282110 seconds, Stopping threads took: 0.0000130 seconds
312.233: Application time: 0.0281260 seconds
312.233: [GC312.233: [DefNew: 54656K->54656K(61440K), 0.0000090 secs]312.233: [Tenured: 124626K->125710K(136576K), 0.2023950 secs] 179282K->125710K(198016K), [Perm : 9062K->9062K(21248K)], 0.2024530 secs] [Times: user=0.20 sys=0.00, real=0.20 secs] 
312.435: Total time for which application threads were stopped: 0.2026120 seconds, Stopping threads took: 0.0000740 seconds
312.465: Application time: 0.0301550 seconds
312.466: [GC312.466: [DefNew: 54656K->54656K(61440K), 0.0000100 secs]312.466: [Tenured: 125710K->113891K(136576K), 0.1872500 secs] 180366K->113891K(198016K), [Perm : 9062K->9062K(21248K)], 0.1873060 secs] [Times: user=0.19 sys=0.00, real=0.19 secs] 
312.653: Total time for which application threads were stopped: 0.1875080 seconds, Stopping threads took: 0.0001310 seconds
312.681: Application time: 0.0283820 seconds
312.682: [GC312.682: [DefNew: 54656K->54656K(61440K), 0.0000100 secs]312.682: [Tenured: 113891K->87427K(136576K), 0.1288920 secs] 168547K->87427K(198016K), [Perm : 9062K->9062K(21248K)], 0.1289500 secs] [Times: user=0.13 sys=0.00, real=0.13 secs] 
312.811: Total time for which application threads were stopped: 0.1291520 seconds, Stopping threads took: 0.0001310 seconds
312.827: Application time: 0.0163370 seconds
312.828: [GC312.828: [DefNew: 54656K->6784K(61440K), 0.0225790 secs] 142083K->104416K(198016K), 0.0226200 secs] [Times: user=0.02 sys=0.00, real=0.03 secs] 
312.851: Total time for which application threads were stopped: 0.0237670 seconds, Stopping threads took: 0.0010610 seconds
312.866: Application time: 0.0154140 seconds
312.866: [GC312.866: [DefNew: 61440K->6784K(61440K), 0.0309890 secs] 159072K->121730K(198016K), 0.0310310 secs] [Times: user=0.03 sys=0.00, real=0.03 secs] 
312.897: Total time for which application threads were stopped: 0.0312260 seconds, Stopping threads took: 0.0001220 seconds
312.912: Application time: 0.0144260 seconds
312.913: [GC312.913: [DefNew: 61440K->61440K(61440K), 0.0000090 secs]312.913: [Tenured: 114946K->98034K(136576K), 0.1533530 secs] 176386K->98034K(198016K), [Perm : 9062K->9062K(21248K)], 0.1534060 secs] [Times: user=0.15 sys=0.00, real=0.15 secs] 
313.066: Total time for which application threads were stopped: 0.1545100 seconds, Stopping threads took: 0.0010330 seconds
313.079: Application time: 0.0126550 seconds
313.081: [GC313.081: [DefNew: 54638K->6784K(61440K), 0.0278540 secs] 152673K->115477K(198016K), 0.0278970 secs] [Times: user=0.03 sys=0.00, real=0.03 secs] 
313.109: Total time for which application threads were stopped: 0.0300340 seconds, Stopping threads took: 0.0020440 seconds
313.123: Application time: 0.0144030 seconds
313.125: [GC313.125: [DefNew: 61440K->61440K(61440K), 0.0000110 secs]313.125: [Tenured: 108693K->131503K(136576K), 0.1900680 secs] 170133K->131503K(198016K), [Perm : 9062K->9062K(21248K)], 0.1901280 secs] [Times: user=0.19 sys=0.00, real=0.19 secs] 
313.315: Total time for which application threads were stopped: 0.1913330 seconds, Stopping threads took: 0.0011340 seconds
313.333: Application time: 0.0186570 seconds
313.334: [GC313.334: [DefNew: 54656K->54656K(61440K), 0.0000090 secs]313.334: [Tenured: 131503K->136576K(136576K), 0.2415550 secs] 186159K->156999K(198016K), [Perm : 9062K->9062K(21248K)], 0.2416140 secs] [Times: user=0.24 sys=0.00, real=0.24 secs] 
313.575: Total time for which application threads were stopped: 0.2418500 seconds, Stopping threads took: 0.0001530 seconds
313.626: Application time: 0.0506460 seconds
313.626: [Full GC313.626: [Tenured: 136576K->136576K(136576K), 0.2702040 secs] 198015K->172924K(198016K), [Perm : 9062K->9062K(21248K)], 0.2702600 secs] [Times: user=0.27 sys=0.00, real=0.27 secs] 
313.896: Total time for which application threads were stopped: 0.2703410 seconds, Stopping threads took: 0.0000130 seconds
313.945: Application time: 0.0484870 seconds
313.945: [Full GC313.945: [Tenured: 136576K->136575K(136576K), 0.3063970 secs] 198015K->168134K(198016K), [Perm : 9062K->9062K(21248K)], 0.3064450 secs] [Times: user=0.30 sys=0.00, real=0.31 secs] 
314.251: Total time for which application threads were stopped: 0.3065430 seconds, Stopping threads took: 0.0000130 seconds
314.306: Application time: 0.0546430 seconds
314.306: [Full GC314.306: [Tenured: 136576K->136576K(136576K), 0.2833200 secs] 198016K->173586K(198016K), [Perm : 9062K->9062K(21248K)], 0.2833620 secs] [Times: user=0.29 sys=0.00, real=0.29 secs] 
314.589: Total time for which application threads were stopped: 0.2834440 seconds, Stopping threads took: 0.0000140 seconds
314.642: Application time: 0.0524440 seconds
314.642: [Full GC314.642: [Tenured: 136576K->136575K(136576K), 0.2795150 secs] 198016K->172952K(198016K), [Perm : 9062K->9062K(21248K)], 0.2795590 secs] [Times: user=0.28 sys=0.00, real=0.28 secs] 
314.921: Total time for which application threads were stopped: 0.2796530 seconds, Stopping threads took: 0.0000140 seconds
314.975: Application time: 0.0533660 seconds
314.975: [Full GC314.975: [Tenured: 136575K->136575K(136576K), 0.2804840 secs] 198015K->170348K(198016K), [Perm : 9062K->9062K(21248K)], 0.2805300 secs] [Times: user=0.28 sys=0.00, real=0.28 secs] 
315.255: Total time for which application threads were stopped: 0.2806100 seconds, Stopping threads took: 0.0000130 seconds
315.311: Application time: 0.0557490 seconds
315.311: [Full GC315.311: [Tenured: 136575K->136575K(136576K), 0.2955600 secs] 198015K->161101K(198016K), [Perm : 9062K->9062K(21248K)], 0.2956050 secs] [Times: user=0.29 sys=0.00, real=0.29 secs] 
315.607: Total time for which application threads were stopped: 0.2957030 seconds, Stopping threads took: 0.0000140 seconds
315.670: Application time: 0.0634400 seconds
315.670: [Full GC315.670: [Tenured: 136576K->136576K(136576K), 0.2566190 secs] 198015K->161561K(198016K), [Perm : 9062K->9062K(21248K)], 0.2566660 secs] [Times: user=0.25 sys=0.00, real=0.25 secs] 
315.927: Total time for which application threads were stopped: 0.2567460 seconds, Stopping threads took: 0.0000130 seconds
315.991: Application time: 0.0638660 seconds
315.991: [Full GC315.991: [Tenured: 136576K->136575K(136576K), 0.2646290 secs] 198015K->156503K(198016K), [Perm : 9062K->9062K(21248K)], 0.2646750 secs] [Times: user=0.27 sys=0.00, real=0.26 secs] 
316.256: Total time for which application threads were stopped: 0.2647710 seconds, Stopping threads took: 0.0000130 seconds
316.323: Application time: 0.0677500 seconds
316.323: [Full GC316.323: [Tenured: 136576K->136576K(136576K), 0.2573440 secs] 198016K->149210K(198016K), [Perm : 9062K->9062K(21248K)], 0.2573870 secs] [Times: user=0.26 sys=0.00, real=0.26 secs] 
316.581: Total time for which application threads were stopped: 0.2574690 seconds, Stopping threads took: 0.0000130 seconds
316.643: Application time: 0.0617300 seconds
316.643: [Full GC316.643: [Tenured: 136576K->134014K(136576K), 0.2470390 secs] 198015K->134014K(198016K), [Perm : 9062K->9062K(21248K)], 0.2470840 secs] [Times: user=0.25 sys=0.00, real=0.25 secs] 
316.890: Total time for which application threads were stopped: 0.2471760 seconds, Stopping threads took: 0.0000130 seconds
316.920: Application time: 0.0302680 seconds
316.920: [GC316.920: [DefNew: 54656K->54656K(61440K), 0.0000130 secs]316.920: [Tenured: 134014K->136540K(136576K), 0.2118310 secs] 188670K->136540K(198016K), [Perm : 9062K->9062K(21248K)], 0.2118980 secs] [Times: user=0.21 sys=0.00, real=0.22 secs] 
317.132: Total time for which application threads were stopped: 0.2120940 seconds, Stopping threads took: 0.0001240 seconds
317.162: Application time: 0.0300540 seconds
317.162: [GC317.162: [DefNew: 54656K->54656K(61440K), 0.0000090 secs]317.162: [Tenured: 136540K->129649K(136576K), 0.2225920 secs] 191196K->129649K(198016K), [Perm : 9062K->9062K(21248K)], 0.2226560 secs] [Times: user=0.22 sys=0.00, real=0.22 secs] 
317.385: Total time for which application threads were stopped: 0.2228070 seconds, Stopping threads took: 0.0000700 seconds
317.413: Application time: 0.0276700 seconds
317.413: [GC317.413: [DefNew: 54656K->54656K(61440K), 0.0000100 secs]317.413: [Tenured: 129649K->124458K(136576K), 0.2121840 secs] 184305K->124458K(198016K), [Perm : 9062K->9062K(21248K)], 0.2122390 secs] [Times: user=0.21 sys=0.00, real=0.21 secs] 
317.625: Total time for which application threads were stopped: 0.2124180 seconds, Stopping threads took: 0.0001110 seconds
317.655: Application time: 0.0298540 seconds
317.655: [GC317.655: [DefNew: 54656K->54656K(61440K), 0.0000100 secs]317.655: [Tenured: 124458K->103864K(136576K), 0.1820780 secs] 179114K->103864K(198016K), [Perm : 9062K->9062K(21248K)], 0.1821350 secs] [Times: user=0.19 sys=0.00, real=0.18 secs] 
317.837: Total time for which application threads were stopped: 0.1822850 seconds, Stopping threads took: 0.0000790 seconds
317.863: Application time: 0.0255550 seconds
317.863: [GC317.863: [DefNew: 54656K->6783K(61440K), 0.0183510 secs] 158520K->111413K(198016K), 0.0183950 secs] [Times: user=0.02 sys=0.00, real=0.02 secs] 
317.881: Total time for which application threads were stopped: 0.0186270 seconds, Stopping threads took: 0.0001470 seconds
317.897: Application time: 0.0159750 seconds
317.898: [GC317.898: [DefNew: 61439K->6783K(61440K), 0.0351500 secs] 166069K->127962K(198016K), 0.0351930 secs] [Times: user=0.04 sys=0.00, real=0.04 secs] 
317.933: Total time for which application threads were stopped: 0.0353300 seconds, Stopping threads took: 0.0000510 seconds
317.947: Application time: 0.0145230 seconds
317.949: [GC317.949: [DefNew: 61418K->61418K(61440K), 0.0000100 secs]317.949: [Tenured: 121178K->90659K(136576K), 0.1275750 secs] 182596K->90659K(198016K), [Perm : 9062K->9062K(21248K)], 0.1276340 secs] [Times: user=0.13 sys=0.00, real=0.12 secs] 
318.076: Total time for which application threads were stopped: 0.1292070 seconds, Stopping threads took: 0.0014990 seconds
318.090: Application time: 0.0138190 seconds
318.090: [GC318.090: [DefNew: 54656K->6783K(61440K), 0.0259600 secs] 145315K->109844K(198016K), 0.0260000 secs] [Times: user=0.02 sys=0.00, real=0.02 secs] 
318.116: Total time for which application threads were stopped: 0.0261410 seconds, Stopping threads took: 0.0000670 seconds
318.130: Application time: 0.0135700 seconds
318.133: [GC318.133: [DefNew: 61439K->6783K(61440K), 0.0317560 secs] 164500K->124683K(198016K), 0.0317990 secs] [Times: user=0.03 sys=0.00, real=0.03 secs] 
318.165: Total time for which application threads were stopped: 0.0346440 seconds, Stopping threads took: 0.0027720 seconds
318.180: Application time: 0.0157340 seconds
318.180: [GC318.180: [DefNew: 61439K->61439K(61440K), 0.0000090 secs]318.181: [Tenured: 117899K->136576K(136576K), 0.2221780 secs] 179339K->136715K(198016K), [Perm : 9062K->9062K(21248K)], 0.2222370 secs] [Times: user=0.22 sys=0.00, real=0.23 secs] 
318.403: Total time for which application threads were stopped: 0.2223440 seconds, Stopping threads took: 0.0000300 seconds
318.455: Application time: 0.0522090 seconds
318.455: [Full GC318.455: [Tenured: 136576K->136575K(136576K), 0.2640630 secs] 197981K->164561K(198016K), [Perm : 9062K->9062K(21248K)], 0.2641100 secs] [Times: user=0.26 sys=0.00, real=0.26 secs] 
318.719: Total time for which application threads were stopped: 0.2642040 seconds, Stopping threads took: 0.0000130 seconds
318.756: Application time: 0.0366840 seconds
318.756: [Full GC318.756: [Tenured: 136575K->136576K(136576K), 0.3061660 secs] 198015K->167461K(198016K), [Perm : 9062K->9062K(21248K)], 0.3062120 secs] [Times: user=0.30 sys=0.00, real=0.31 secs] 
319.062: Total time for which application threads were stopped: 0.3062970 seconds, Stopping threads took: 0.0000130 seconds
319.113: Application time: 0.0509990 seconds
319.113: [Full GC319.113: [Tenured: 136576K->136576K(136576K), 0.2786080 secs] 198016K->173247K(198016K), [Perm : 9062K->9062K(21248K)], 0.2786650 secs] [Times: user=0.28 sys=0.00, real=0.28 secs] 
319.392: Total time for which application threads were stopped: 0.2787560 seconds, Stopping threads took: 0.0000130 seconds
319.445: Application time: 0.0531930 seconds
319.445: [Full GC319.445: [Tenured: 136576K->136575K(136576K), 0.2851930 secs] 198015K->174577K(198016K), [Perm : 9062K->9062K(21248K)], 0.2852360 secs] [Times: user=0.28 sys=0.00, real=0.29 secs] 
319.730: Total time for which application threads were stopped: 0.2853180 seconds, Stopping threads took: 0.0000130 seconds
319.782: Application time: 0.0514430 seconds
319.782: [Full GC319.782: [Tenured: 136575K->136575K(136576K), 0.3326020 secs] 198015K->172311K(198016K), [Perm : 9062K->9062K(21248K)], 0.3326510 secs] [Times: user=0.33 sys=0.00, real=0.33 secs] 
320.115: Total time for which application threads were stopped: 0.3327520 seconds, Stopping threads took: 0.0000130 seconds
320.169: Application time: 0.0545280 seconds
320.169: [Full GC320.169: [Tenured: 136576K->136575K(136576K), 0.3058750 secs] 198016K->164325K(198016K), [Perm : 9062K->9062K(21248K)], 0.3059200 secs] [Times: user=0.31 sys=0.00, real=0.30 secs] 
320.475: Total time for which application threads were stopped: 0.3060050 seconds, Stopping threads took: 0.0000140 seconds
320.531: Application time: 0.0561870 seconds
320.531: [Full GC320.531: [Tenured: 136575K->136575K(136576K), 0.2579280 secs] 198015K->163789K(198016K), [Perm : 9062K->9062K(21248K)], 0.2579710 secs] [Times: user=0.26 sys=0.00, real=0.26 secs] 
320.789: Total time for which application threads were stopped: 0.2580630 seconds, Stopping threads took: 0.0000130 seconds
320.851: Application time: 0.0612060 seconds
320.851: [Full GC320.851: [Tenured: 136575K->136575K(136576K), 0.3201960 secs] 198015K->160549K(198016K), [Perm : 9062K->9062K(21248K)], 0.3202450 secs] [Times: user=0.32 sys=0.00, real=0.32 secs] 
321.171: Total time for which application threads were stopped: 0.3203320 seconds, Stopping threads took: 0.0000130 seconds
321.231: Application time: 0.0596280 seconds
321.231: [Full GC321.231: [Tenured: 136575K->136575K(136576K), 0.2696620 secs] 198015K->153960K(198016K), [Perm : 9062K->9062K(21248K)], 0.2697080 secs] [Times: user=0.27 sys=0.00, real=0.26 secs] 
321.500: Total time for which application threads were stopped: 0.2698090 seconds, Stopping threads took: 0.0000130 seconds
321.563: Application time: 0.0629160 seconds
321.563: [Full GC321.563: [Tenured: 136576K->136576K(136576K), 0.2572040 secs] 198015K->139214K(198016K), [Perm : 9062K->9062K(21248K)], 0.2572490 secs] [Times: user=0.26 sys=0.00, real=0.25 secs] 
321.821: Total time for which application threads were stopped: 0.2573310 seconds, Stopping threads took: 0.0000130 seconds
321.889: Application time: 0.0678920 seconds
321.889: [Full GC321.889: [Tenured: 136576K->136570K(136576K), 0.2325270 secs] 198015K->139424K(198016K), [Perm : 9062K->9062K(21248K)], 0.2325710 secs] [Times: user=0.23 sys=0.00, real=0.24 secs] 
322.121: Total time for which application threads were stopped: 0.2326740 seconds, Stopping threads took: 0.0000140 seconds
322.197: Application time: 0.0762200 seconds
322.197: [Full GC322.197: [Tenured: 136576K->134935K(136576K), 0.2371210 secs] 198016K->134935K(198016K), [Perm : 9062K->9062K(21248K)], 0.2371670 secs] [Times: user=0.23 sys=0.00, real=0.24 secs] 
322.435: Total time for which application threads were stopped: 0.2372550 seconds, Stopping threads took: 0.0000220 seconds
322.463: Application time: 0.0282680 seconds
322.465: [GC322.465: [DefNew: 54656K->54656K(61440K), 0.0000100 secs]322.465: [Tenured: 134935K->128309K(136576K), 0.2220770 secs] 189591K->128309K(198016K), [Perm : 9062K->9062K(21248K)], 0.2221370 secs] [Times: user=0.22 sys=0.00, real=0.22 secs] 
322.687: Total time for which application threads were stopped: 0.2240220 seconds, Stopping threads took: 0.0018000 seconds
322.716: Application time: 0.0295130 seconds
322.717: [GC322.717: [DefNew: 54656K->54656K(61440K), 0.0000100 secs]322.717: [Tenured: 128309K->110886K(136576K), 0.1995870 secs] 182965K->110886K(198016K), [Perm : 9062K->9062K(21248K)], 0.1996550 secs] [Times: user=0.20 sys=0.00, real=0.20 secs] 
322.916: Total time for which application threads were stopped: 0.1998350 seconds, Stopping threads took: 0.0001080 seconds
322.945: Application time: 0.0290440 seconds
322.947: [GC322.947: [DefNew: 54656K->54656K(61440K), 0.0000100 secs]322.947: [Tenured: 110886K->100265K(136576K), 0.1582930 secs] 165542K->100265K(198016K), [Perm : 9062K->9062K(21248K)], 0.1583470 secs] [Times: user=0.16 sys=0.00, real=0.16 secs] 
323.105: Total time for which application threads were stopped: 0.1595110 seconds, Stopping threads took: 0.0010960 seconds
323.122: Application time: 0.0174690 seconds
323.125: [GC323.125: [DefNew: 54656K->6784K(61440K), 0.0197230 secs] 154921K->114936K(198016K), 0.0197630 secs] [Times: user=0.02 sys=0.00, real=0.02 secs] 
323.145: Total time for which application threads were stopped: 0.0222940 seconds, Stopping threads took: 0.0024480 seconds
323.160: Application time: 0.0152030 seconds
323.160: [GC323.160: [DefNew: 61440K->6784K(61440K), 0.0314100 secs] 169592K->132342K(198016K), 0.0314530 secs] [Times: user=0.03 sys=0.00, real=0.04 secs] 
323.191: Total time for which application threads were stopped: 0.0315980 seconds, Stopping threads took: 0.0000680 seconds
323.206: Application time: 0.0142650 seconds
323.209: [GC323.209: [DefNew: 61440K->61440K(61440K), 0.0000090 secs]323.209: [Tenured: 125558K->99770K(136576K), 0.1565440 secs] 186998K->99770K(198016K), [Perm : 9062K->9062K(21248K)], 0.1566010 secs] [Times: user=0.16 sys=0.00, real=0.15 secs] 
323.365: Total time for which application threads were stopped: 0.1597440 seconds, Stopping threads took: 0.0030690 seconds
323.379: Application time: 0.0133900 seconds
323.379: [GC323.379: [DefNew: 54656K->6784K(61440K), 0.0237930 secs] 154426K->117061K(198016K), 0.0238360 secs] [Times: user=0.02 sys=0.00, real=0.03 secs] 
323.403: Total time for which application threads were stopped: 0.0240370 seconds, Stopping threads took: 0.0001270 seconds
323.417: Application time: 0.0146010 seconds
323.418: [GC323.418: [DefNew: 61440K->61440K(61440K), 0.0000100 secs]323.418: [Tenured: 110277K->125803K(136576K), 0.2108800 secs] 171717K->125803K(198016K), [Perm : 9062K->9062K(21248K)], 0.2109380 secs] [Times: user=0.21 sys=0.00, real=0.21 secs] 
323.629: Total time for which application threads were stopped: 0.2111930 seconds, Stopping threads took: 0.0001840 seconds
323.647: Application time: 0.0185020 seconds
323.649: [GC323.649: [DefNew: 54656K->54656K(61440K), 0.0000090 secs]323.649: [Tenured: 125803K->136576K(136576K), 0.2613470 secs] 180459K->144893K(198016K), [Perm : 9062K->9062K(21248K)], 0.2614060 secs] [Times: user=0.27 sys=0.00, real=0.26 secs] 
323.910: Total time for which application threads were stopped: 0.2631430 seconds, Stopping threads took: 0.0016340 seconds
323.958: Application time: 0.0481520 seconds
323.959: [Full GC323.959: [Tenured: 136576K->136576K(136576K), 0.2674880 secs] 198016K->166770K(198016K), [Perm : 9062K->9062K(21248K)], 0.2675330 secs] [Times: user=0.26 sys=0.00, real=0.27 secs] 
324.226: Total time for which application threads were stopped: 0.2676120 seconds, Stopping threads took: 0.0000130 seconds
324.277: Application time: 0.0504500 seconds
324.277: [Full GC324.277: [Tenured: 136576K->136575K(136576K), 0.2728290 secs] 198015K->172702K(198016K), [Perm : 9062K->9062K(21248K)], 0.2728730 secs] [Times: user=0.27 sys=0.00, real=0.28 secs] 
324.550: Total time for which application threads were stopped: 0.2729660 seconds, Stopping threads took: 0.0000140 seconds
324.599: Application time: 0.0493760 seconds
324.599: [Full GC324.599: [Tenured: 136576K->136575K(136576K), 0.2834300 secs] 198015K->174247K(198016K), [Perm : 9062K->9062K(21248K)], 0.2834750 secs] [Times: user=0.28 sys=0.00, real=0.29 secs] 
324.882: Total time for which application threads were stopped: 0.2835580 seconds, Stopping threads took: 0.0000140 seconds
324.935: Application time: 0.0523220 seconds
324.935: [Full GC324.935: [Tenured: 136575K->136575K(136576K), 0.3012750 secs] 198015K->165659K(198016K), [Perm : 9062K->9062K(21248K)], 0.3013310 secs] [Times: user=0.30 sys=0.00, real=0.30 secs] 
325.236: Total time for which application threads were stopped: 0.3014270 seconds, Stopping threads took: 0.0000130 seconds
325.296: Application time: 0.0597670 seconds
325.296: [Full GC325.296: [Tenured: 136575K->136575K(136576K), 0.2701030 secs] 198015K->167432K(198016K), [Perm : 9062K->9062K(21248K)], 0.2701470 secs] [Times: user=0.27 sys=0.00, real=0.27 secs] 
325.566: Total time for which application threads were stopped: 0.2702280 seconds, Stopping threads took: 0.0000140 seconds
325.618: Application time: 0.0518200 seconds
325.618: [Full GC325.618: [Tenured: 136575K->136575K(136576K), 0.2647200 secs] 198015K->165609K(198016K), [Perm : 9062K->9062K(21248K)], 0.2647620 secs] [Times: user=0.26 sys=0.00, real=0.27 secs] 
325.883: Total time for which application threads were stopped: 0.2648580 seconds, Stopping threads took: 0.0000130 seconds
325.944: Application time: 0.0611250 seconds
325.944: [Full GC325.944: [Tenured: 136575K->136575K(136576K), 0.2700350 secs] 198015K->162251K(198016K), [Perm : 9062K->9062K(21248K)], 0.2700780 secs] [Times: user=0.27 sys=0.00, real=0.27 secs] 
326.214: Total time for which application threads were stopped: 0.2701720 seconds, Stopping threads took: 0.0000260 seconds
326.277: Application time: 0.0628350 seconds
326.277: [Full GC326.277: [Tenured: 136576K->136575K(136576K), 0.2776570 secs] 198015K->150117K(198016K), [Perm : 9062K->9062K(21248K)], 0.2777020 secs] [Times: user=0.27 sys=0.00, real=0.28 secs] 
326.555: Total time for which application threads were stopped: 0.2777960 seconds, Stopping threads took: 0.0000120 seconds
326.624: Application time: 0.0690770 seconds
326.624: [Full GC326.624: [Tenured: 136575K->136575K(136576K), 0.2436790 secs] 198015K->147405K(198016K), [Perm : 9062K->9062K(21248K)], 0.2437250 secs] [Times: user=0.25 sys=0.00, real=0.24 secs] 
326.868: Total time for which application threads were stopped: 0.2438070 seconds, Stopping threads took: 0.0000140 seconds
326.935: Application time: 0.0675720 seconds
326.935: [Full GC326.935: [Tenured: 136576K->136575K(136576K), 0.2388230 secs] 198016K->139994K(198016K), [Perm : 9062K->9062K(21248K)], 0.2388730 secs] [Times: user=0.24 sys=0.00, real=0.24 secs] 
327.176: Total time for which application threads were stopped: 0.2404980 seconds, Stopping threads took: 0.0000130 seconds
327.248: Application time: 0.0717820 seconds
327.248: [Full GC327.248: [Tenured: 136575K->136576K(136576K), 0.2373570 secs] 198015K->137434K(198016K), [Perm : 9062K->9062K(21248K)], 0.2374030 secs] [Times: user=0.24 sys=0.00, real=0.24 secs] 
327.485: Total time for which application threads were stopped: 0.2374830 seconds, Stopping threads took: 0.0000130 seconds
327.560: Application time: 0.0747370 seconds
327.560: [Full GC327.560: [Tenured: 136576K->121585K(136576K), 0.2242860 secs] 198015K->121585K(198016K), [Perm : 9062K->9062K(21248K)], 0.2243330 secs] [Times: user=0.22 sys=0.00, real=0.23 secs] 
327.784: Total time for which application threads were stopped: 0.2244290 seconds, Stopping threads took: 0.0000130 seconds
327.814: Application time: 0.0296380 seconds
327.814: [GC327.814: [DefNew: 54656K->54656K(61440K), 0.0000090 secs]327.814: [Tenured: 121585K->119857K(136576K), 0.1944130 secs] 176241K->119857K(198016K), [Perm : 9062K->9062K(21248K)], 0.1944730 secs] [Times: user=0.19 sys=0.00, real=0.19 secs] 
328.009: Total time for which application threads were stopped: 0.1946360 seconds, Stopping threads took: 0.0000900 seconds
328.038: Application time: 0.0294500 seconds
328.038: [GC328.038: [DefNew: 54656K->54656K(61440K), 0.0000090 secs]328.038: [Tenured: 119857K->103655K(136576K), 0.1726160 secs] 174513K->103655K(198016K), [Perm : 9062K->9062K(21248K)], 0.1726750 secs] [Times: user=0.17 sys=0.00, real=0.18 secs] 
328.211: Total time for which application threads were stopped: 0.1728410 seconds, Stopping threads took: 0.0000960 seconds
328.232: Application time: 0.0207580 seconds
328.232: [GC328.232: [DefNew: 54656K->6783K(61440K), 0.0187640 secs] 158311K->115450K(198016K), 0.0188150 secs] [Times: user=0.02 sys=0.00, real=0.02 secs] 
328.251: Total time for which application threads were stopped: 0.0190580 seconds, Stopping threads took: 0.0001550 seconds
328.265: Application time: 0.0146690 seconds
328.265: [GC328.265: [DefNew: 61439K->6784K(61440K), 0.0395440 secs] 170106K->133412K(198016K), 0.0395840 secs] [Times: user=0.04 sys=0.00, real=0.04 secs] 
328.305: Total time for which application threads were stopped: 0.0397710 seconds, Stopping threads took: 0.0001140 seconds
328.319: Application time: 0.0143450 seconds
328.320: [GC328.320: [DefNew: 61440K->61440K(61440K), 0.0000100 secs]328.320: [Tenured: 126628K->92896K(136576K), 0.1459280 secs] 188068K->92896K(198016K), [Perm : 9062K->9062K(21248K)], 0.1459860 secs] [Times: user=0.15 sys=0.00, real=0.15 secs] 
328.466: Total time for which application threads were stopped: 0.1461630 seconds, Stopping threads took: 0.0001030 seconds
328.479: Application time: 0.0135400 seconds
328.479: [GC328.479: [DefNew: 54656K->6784K(61440K), 0.0255440 secs] 147552K->112018K(198016K), 0.0255850 secs] [Times: user=0.02 sys=0.00, real=0.03 secs] 
328.505: Total time for which application threads were stopped: 0.0257230 seconds, Stopping threads took: 0.0000640 seconds
328.518: Application time: 0.0134680 seconds
328.521: [GC328.521: [DefNew: 61440K->6783K(61440K), 0.0306130 secs] 166674K->125956K(198016K), 0.0306560 secs] [Times: user=0.03 sys=0.00, real=0.03 secs] 
328.552: Total time for which application threads were stopped: 0.0333920 seconds, Stopping threads took: 0.0026410 seconds
328.569: Application time: 0.0176630 seconds
328.570: [GC328.570: [DefNew: 61439K->61439K(61440K), 0.0000100 secs]328.570: [Tenured: 119172K->136575K(136576K), 0.2465150 secs] 180612K->140039K(198016K), [Perm : 9062K->9062K(21248K)], 0.2465740 secs] [Times: user=0.24 sys=0.00, real=0.24 secs] 
328.816: Total time for which application threads were stopped: 0.2468130 seconds, Stopping threads took: 0.0001560 seconds
328.864: Application time: 0.0479200 seconds
328.864: [Full GC328.864: [Tenured: 136575K->136575K(136576K), 0.2790610 secs] 198015K->166675K(198016K), [Perm : 9062K->9062K(21248K)], 0.2791050 secs] [Times: user=0.28 sys=0.00, real=0.28 secs] 
329.143: Total time for which application threads were stopped: 0.2791950 seconds, Stopping threads took: 0.0000120 seconds
329.193: Application time: 0.0495560 seconds
329.193: [Full GC329.193: [Tenured: 136575K->136576K(136576K), 0.2785310 secs] 198015K->172402K(198016K), [Perm : 9062K->9062K(21248K)], 0.2785760 secs] [Times: user=0.28 sys=0.00, real=0.28 secs] 
329.472: Total time for which application threads were stopped: 0.2786580 seconds, Stopping threads took: 0.0000130 seconds
329.525: Application time: 0.0530250 seconds
329.525: [Full GC329.525: [Tenured: 136576K->136575K(136576K), 0.2842570 secs] 198016K->173902K(198016K), [Perm : 9062K->9062K(21248K)], 0.2843010 secs] [Times: user=0.28 sys=0.00, real=0.29 secs] 
329.809: Total time for which application threads were stopped: 0.2843970 seconds, Stopping threads took: 0.0000130 seconds
329.859: Application time: 0.0500020 seconds
329.859: [Full GC329.859: [Tenured: 136575K->136576K(136576K), 0.3060060 secs] 198015K->166169K(198016K), [Perm : 9062K->9062K(21248K)], 0.3060490 secs] [Times: user=0.31 sys=0.00, real=0.31 secs] 
330.165: Total time for which application threads were stopped: 0.3061300 seconds, Stopping threads took: 0.0000120 seconds
330.225: Application time: 0.0595750 seconds
330.225: [Full GC330.225: [Tenured: 136576K->136576K(136576K), 0.2750230 secs] 198015K->167772K(198016K), [Perm : 9062K->9062K(21248K)], 0.2750690 secs] [Times: user=0.27 sys=0.00, real=0.27 secs] 
330.500: Total time for which application threads were stopped: 0.2751680 seconds, Stopping threads took: 0.0000130 seconds
330.556: Application time: 0.0557180 seconds
330.556: [Full GC330.556: [Tenured: 136576K->136575K(136576K), 0.2709790 secs] 198015K->166486K(198016K), [Perm : 9062K->9062K(21248K)], 0.2710320 secs] [Times: user=0.27 sys=0.00, real=0.27 secs] 
330.827: Total time for which application threads were stopped: 0.2711130 seconds, Stopping threads took: 0.0000140 seconds
330.884: Application time: 0.0576970 seconds
330.884: [Full GC330.884: [Tenured: 136575K->136575K(136576K), 0.2744110 secs] 198015K->162644K(198016K), [Perm : 9062K->9062K(21248K)], 0.2744550 secs] [Times: user=0.28 sys=0.00, real=0.27 secs] 
331.159: Total time for which application threads were stopped: 0.2745450 seconds, Stopping threads took: 0.0000130 seconds
331.223: Application time: 0.0642870 seconds
331.223: [Full GC331.223: [Tenured: 136575K->136575K(136576K), 0.2849810 secs] 198015K->151698K(198016K), [Perm : 9062K->9062K(21248K)], 0.2850280 secs] [Times: user=0.28 sys=0.00, real=0.28 secs] 
331.508: Total time for which application threads were stopped: 0.2851110 seconds, Stopping threads took: 0.0000140 seconds
331.576: Application time: 0.0681570 seconds
331.577: [Full GC331.577: [Tenured: 136575K->136575K(136576K), 0.2503060 secs] 198015K->148846K(198016K), [Perm : 9062K->9062K(21248K)], 0.2503530 secs] [Times: user=0.25 sys=0.00, real=0.25 secs] 
331.827: Total time for which application threads were stopped: 0.2504460 seconds, Stopping threads took: 0.0000130 seconds
331.894: Application time: 0.0666530 seconds
331.894: [Full GC331.894: [Tenured: 136575K->136575K(136576K), 0.2469370 secs] 198015K->140652K(198016K), [Perm : 9062K->9062K(21248K)], 0.2469810 secs] [Times: user=0.24 sys=0.00, real=0.24 secs] 
332.141: Total time for which application threads were stopped: 0.2470630 seconds, Stopping threads took: 0.0000130 seconds
332.213: Application time: 0.0722580 seconds
332.213: [Full GC332.213: [Tenured: 136576K->136575K(136576K), 0.2484090 secs] 198016K->138345K(198016K), [Perm : 9062K->9062K(21248K)], 0.2484540 secs] [Times: user=0.25 sys=0.00, real=0.25 secs] 
332.461: Total time for which application threads were stopped: 0.2485450 seconds, Stopping threads took: 0.0000130 seconds
332.537: Application time: 0.0754770 seconds
332.537: [Full GC332.537: [Tenured: 136575K->122487K(136576K), 0.2323340 secs] 198015K->122487K(198016K), [Perm : 9062K->9062K(21248K)], 0.2323770 secs] [Times: user=0.24 sys=0.00, real=0.24 secs] 
332.769: Total time for which application threads were stopped: 0.2324590 seconds, Stopping threads took: 0.0000130 seconds
332.798: Application time: 0.0281870 seconds
332.798: [GC332.798: [DefNew: 54656K->54656K(61440K), 0.0000090 secs]332.798: [Tenured: 122487K->122433K(136576K), 0.2020170 secs] 177143K->122433K(198016K), [Perm : 9062K->9062K(21248K)], 0.2020750 secs] [Times: user=0.20 sys=0.00, real=0.20 secs] 
333.000: Total time for which application threads were stopped: 0.2022130 seconds, Stopping threads took: 0.0000560 seconds
333.030: Application time: 0.0300020 seconds
333.030: [GC333.030: [DefNew: 54656K->54656K(61440K), 0.0000090 secs]333.030: [Tenured: 122433K->107497K(136576K), 0.1777740 secs] 177089K->107497K(198016K), [Perm : 9062K->9062K(21248K)], 0.1778290 secs] [Times: user=0.18 sys=0.00, real=0.17 secs] 
333.208: Total time for which application threads were stopped: 0.1780200 seconds, Stopping threads took: 0.0001190 seconds
333.231: Application time: 0.0228330 seconds
333.231: [GC333.231: [DefNew: 54656K->6783K(61440K), 0.0198730 secs] 162153K->117882K(198016K), 0.0199130 secs] [Times: user=0.02 sys=0.00, real=0.02 secs] 
333.251: Total time for which application threads were stopped: 0.0200600 seconds, Stopping threads took: 0.0000730 seconds
333.267: Application time: 0.0158860 seconds
333.267: [GC333.267: [DefNew: 61439K->6784K(61440K), 0.0340080 secs] 172538K->134698K(198016K), 0.0340500 secs] [Times: user=0.03 sys=0.00, real=0.04 secs] 
333.301: Total time for which application threads were stopped: 0.0342610 seconds, Stopping threads took: 0.0001180 seconds
333.315: Application time: 0.0142060 seconds
333.317: [GC333.317: [DefNew: 61440K->61440K(61440K), 0.0000100 secs]333.317: [Tenured: 127914K->90715K(136576K), 0.1356020 secs] 189354K->90715K(198016K), [Perm : 9062K->9062K(21248K)], 0.1356680 secs] [Times: user=0.14 sys=0.00, real=0.14 secs] 
333.453: Total time for which application threads were stopped: 0.1374630 seconds, Stopping threads took: 0.0017120 seconds
333.466: Application time: 0.0139240 seconds
333.467: [GC333.467: [DefNew: 54656K->6784K(61440K), 0.0259270 secs] 145371K->109660K(198016K), 0.0259710 secs] [Times: user=0.03 sys=0.00, real=0.03 secs] 
333.493: Total time for which application threads were stopped: 0.0261490 seconds, Stopping threads took: 0.0001030 seconds
333.507: Application time: 0.0140240 seconds
333.507: [GC333.507: [DefNew: 61440K->6784K(61440K), 0.0329560 secs] 164316K->124451K(198016K), 0.0329990 secs] [Times: user=0.03 sys=0.00, real=0.03 secs] 
333.540: Total time for which application threads were stopped: 0.0331590 seconds, Stopping threads took: 0.0000860 seconds
333.556: Application time: 0.0165120 seconds
333.557: [GC333.557: [DefNew: 61440K->61440K(61440K), 0.0000090 secs]333.557: [Tenured: 117667K->135657K(136576K), 0.2467610 secs] 179107K->135657K(198016K), [Perm : 9062K->9062K(21248K)], 0.2468200 secs] [Times: user=0.25 sys=0.00, real=0.25 secs] 
333.804: Total time for which application threads were stopped: 0.2474500 seconds, Stopping threads took: 0.0005390 seconds
333.824: Application time: 0.0204000 seconds
333.824: [GC333.824: [DefNew: 54656K->54656K(61440K), 0.0000100 secs]333.824: [Tenured: 135657K->136576K(136576K), 0.2535430 secs] 190313K->159504K(198016K), [Perm : 9062K->9062K(21248K)], 0.2535990 secs] [Times: user=0.26 sys=0.00, real=0.25 secs] 
334.078: Total time for which application threads were stopped: 0.2538190 seconds, Stopping threads took: 0.0001360 seconds
334.133: Application time: 0.0547100 seconds
334.133: [Full GC334.133: [Tenured: 136576K->136576K(136576K), 0.2767140 secs] 198015K->171869K(198016K), [Perm : 9062K->9062K(21248K)], 0.2767570 secs] [Times: user=0.27 sys=0.00, real=0.28 secs] 
334.410: Total time for which application threads were stopped: 0.2768420 seconds, Stopping threads took: 0.0000160 seconds
334.454: Application time: 0.0449230 seconds
334.455: [Full GC334.455: [Tenured: 136576K->136575K(136576K), 0.2852890 secs] 198015K->176215K(198016K), [Perm : 9062K->9062K(21248K)], 0.2853340 secs] [Times: user=0.28 sys=0.00, real=0.28 secs] 
334.740: Total time for which application threads were stopped: 0.2854260 seconds, Stopping threads took: 0.0000130 seconds
334.788: Application time: 0.0483330 seconds
334.788: [Full GC334.788: [Tenured: 136575K->136575K(136576K), 0.3066390 secs] 198015K->167640K(198016K), [Perm : 9062K->9062K(21248K)], 0.3066850 secs] [Times: user=0.31 sys=0.00, real=0.31 secs] 
335.095: Total time for which application threads were stopped: 0.3067650 seconds, Stopping threads took: 0.0000120 seconds
335.148: Application time: 0.0534420 seconds
335.148: [Full GC335.149: [Tenured: 136575K->136575K(136576K), 0.2715820 secs] 198015K->168437K(198016K), [Perm : 9062K->9062K(21248K)], 0.2716290 secs] [Times: user=0.27 sys=0.00, real=0.27 secs] 
335.420: Total time for which application threads were stopped: 0.2717220 seconds, Stopping threads took: 0.0000120 seconds
335.475: Application time: 0.0553260 seconds
335.476: [Full GC335.476: [Tenured: 136576K->136575K(136576K), 0.2706330 secs] 198016K->168503K(198016K), [Perm : 9062K->9062K(21248K)], 0.2706770 secs] [Times: user=0.27 sys=0.00, real=0.27 secs] 
335.746: Total time for which application threads were stopped: 0.2707590 seconds, Stopping threads took: 0.0000140 seconds
335.803: Application time: 0.0569750 seconds
335.803: [Full GC335.803: [Tenured: 136576K->136575K(136576K), 0.2768610 secs] 198015K->163749K(198016K), [Perm : 9062K->9062K(21248K)], 0.2769040 secs] [Times: user=0.28 sys=0.00, real=0.27 secs] 
336.080: Total time for which application threads were stopped: 0.2770030 seconds, Stopping threads took: 0.0000130 seconds
336.133: Application time: 0.0529800 seconds
336.133: [Full GC336.133: [Tenured: 136576K->136575K(136576K), 0.2817680 secs] 198015K->152816K(198016K), [Perm : 9062K->9062K(21248K)], 0.2818210 secs] [Times: user=0.29 sys=0.00, real=0.28 secs] 
336.415: Total time for which application threads were stopped: 0.2819020 seconds, Stopping threads took: 0.0000140 seconds
336.485: Application time: 0.0702910 seconds
336.485: [Full GC336.486: [Tenured: 136576K->136575K(136576K), 0.2500730 secs] 198016K->151216K(198016K), [Perm : 9062K->9062K(21248K)], 0.2501190 secs] [Times: user=0.25 sys=0.00, real=0.25 secs] 
336.736: Total time for which application threads were stopped: 0.2502330 seconds, Stopping threads took: 0.0000340 seconds
336.796: Application time: 0.0599810 seconds
336.796: [Full GC336.796: [Tenured: 136575K->136576K(136576K), 0.2482210 secs] 198015K->142771K(198016K), [Perm : 9062K->9062K(21248K)], 0.2482670 secs] [Times: user=0.25 sys=0.00, real=0.25 secs] 
337.044: Total time for which application threads were stopped: 0.2483480 seconds, Stopping threads took: 0.0000130 seconds
337.117: Application time: 0.0733460 seconds
337.117: [Full GC337.117: [Tenured: 136576K->136575K(136576K), 0.2408620 secs] 198015K->138023K(198016K), [Perm : 9062K->9062K(21248K)], 0.2409110 secs] [Times: user=0.24 sys=0.00, real=0.24 secs] 
337.358: Total time for which application threads were stopped: 0.2410110 seconds, Stopping threads took: 0.0000130 seconds
337.433: Application time: 0.0749120 seconds
337.433: [Full GC337.433: [Tenured: 136575K->125131K(136576K), 0.2360680 secs] 198015K->125131K(198016K), [Perm : 9062K->9062K(21248K)], 0.2361080 secs] [Times: user=0.24 sys=0.00, real=0.24 secs] 
337.669: Total time for which application threads were stopped: 0.2361890 seconds, Stopping threads took: 0.0000130 seconds
337.697: Application time: 0.0279480 seconds
337.698: [GC337.698: [DefNew: 54656K->54656K(61440K), 0.0000090 secs]337.698: [Tenured: 125131K->126427K(136576K), 0.2068240 secs] 179787K->126427K(198016K), [Perm : 9062K->9062K(21248K)], 0.2068800 secs] [Times: user=0.21 sys=0.00, real=0.21 secs] 
337.904: Total time for which application threads were stopped: 0.2070400 seconds, Stopping threads took: 0.0000760 seconds
337.935: Application time: 0.0306980 seconds
337.936: [GC337.936: [DefNew: 54656K->54656K(61440K), 0.0000090 secs]337.936: [Tenured: 126427K->113616K(136576K), 0.1885370 secs] 181083K->113616K(198016K), [Perm : 9062K->9062K(21248K)], 0.1885930 secs] [Times: user=0.18 sys=0.00, real=0.19 secs] 
338.125: Total time for which application threads were stopped: 0.1898240 seconds, Stopping threads took: 0.0011050 seconds
338.153: Application time: 0.0278820 seconds
338.153: [GC338.153: [DefNew: 54656K->54656K(61440K), 0.0000090 secs] 168272K->168272K(198016K), 0.0000310 secs] [Times: user=0.00 sys=0.00, real=0.00 secs] 
338.153: [Full GC338.153: [Tenured: 113616K->85932K(136576K), 0.1396730 secs] 168272K->85932K(198016K), [Perm : 9062K->9062K(21248K)], 0.1397050 secs] [Times: user=0.14 sys=0.00, real=0.14 secs] 
338.293: Total time for which application threads were stopped: 0.1398910 seconds, Stopping threads took: 0.0000590 seconds
338.309: Application time: 0.0161770 seconds
338.309: [GC338.309: [DefNew: 54443K->6783K(61440K), 0.0246150 secs] 140376K->101660K(198016K), 0.0246580 secs] [Times: user=0.03 sys=0.00, real=0.02 secs] 
338.334: Total time for which application threads were stopped: 0.0250050 seconds, Stopping threads took: 0.0002430 seconds
338.349: Application time: 0.0148240 seconds
338.353: [GC338.353: [DefNew: 61414K->6784K(61440K), 0.0313230 secs] 156290K->119387K(198016K), 0.0313670 secs] [Times: user=0.03 sys=0.00, real=0.03 secs] 
338.384: Total time for which application threads were stopped: 0.0356230 seconds, Stopping threads took: 0.0041640 seconds
338.398: Application time: 0.0140620 seconds
338.399: [GC338.399: [DefNew: 61440K->61440K(61440K), 0.0000090 secs]338.399: [Tenured: 112603K->92383K(136576K), 0.1418430 secs] 174043K->92383K(198016K), [Perm : 9062K->9062K(21248K)], 0.1419030 secs] [Times: user=0.14 sys=0.00, real=0.14 secs] 
338.541: Total time for which application threads were stopped: 0.1421180 seconds, Stopping threads took: 0.0001130 seconds
338.553: Application time: 0.0128250 seconds
338.554: [GC338.554: [DefNew: 54656K->6784K(61440K), 0.0290390 secs] 147039K->110388K(198016K), 0.0290830 secs] [Times: user=0.02 sys=0.00, real=0.03 secs] 
338.583: Total time for which application threads were stopped: 0.0292890 seconds, Stopping threads took: 0.0001150 seconds
338.597: Application time: 0.0144390 seconds
338.601: [GC338.601: [DefNew: 61440K->6784K(61440K), 0.0368090 secs] 165044K->126651K(198016K), 0.0368510 secs] [Times: user=0.04 sys=0.00, real=0.03 secs] 
338.638: Total time for which application threads were stopped: 0.0407870 seconds, Stopping threads took: 0.0038430 seconds
338.656: Application time: 0.0179960 seconds
338.657: [GC338.657: [DefNew: 61440K->61440K(61440K), 0.0000100 secs]338.657: [Tenured: 119867K->136575K(136576K), 0.2394350 secs] 181307K->148699K(198016K), [Perm : 9062K->9062K(21248K)], 0.2394950 secs] [Times: user=0.24 sys=0.00, real=0.24 secs] 
338.896: Total time for which application threads were stopped: 0.2404900 seconds, Stopping threads took: 0.0009220 seconds
338.954: Application time: 0.0574410 seconds
338.954: [Full GC338.954: [Tenured: 136575K->136575K(136576K), 0.2906640 secs] 198015K->170625K(198016K), [Perm : 9062K->9062K(21248K)], 0.2907110 secs] [Times: user=0.29 sys=0.00, real=0.29 secs] 
339.245: Total time for which application threads were stopped: 0.2908050 seconds, Stopping threads took: 0.0000130 seconds
339.299: Application time: 0.0542910 seconds
339.299: [Full GC339.299: [Tenured: 136575K->136575K(136576K), 0.2924820 secs] 198015K->176640K(198016K), [Perm : 9062K->9062K(21248K)], 0.2925290 secs] [Times: user=0.29 sys=0.00, real=0.30 secs] 
339.592: Total time for which application threads were stopped: 0.2926080 seconds, Stopping threads took: 0.0000120 seconds
339.643: Application time: 0.0510680 seconds
339.643: [Full GC339.643: [Tenured: 136575K->136572K(136576K), 0.3178460 secs] 198015K->169230K(198016K), [Perm : 9062K->9062K(21248K)], 0.3178830 secs] [Times: user=0.32 sys=0.00, real=0.31 secs] 
339.961: Total time for which application threads were stopped: 0.3179740 seconds, Stopping threads took: 0.0000140 seconds
340.016: Application time: 0.0555160 seconds
340.016: [Full GC340.016: [Tenured: 136576K->136576K(136576K), 0.2772390 secs] 198015K->169478K(198016K), [Perm : 9062K->9062K(21248K)], 0.2772820 secs] [Times: user=0.28 sys=0.00, real=0.28 secs] 
340.293: Total time for which application threads were stopped: 0.2773650 seconds, Stopping threads took: 0.0000130 seconds
340.349: Application time: 0.0556400 seconds
340.349: [Full GC340.349: [Tenured: 136576K->136576K(136576K), 0.2788570 secs] 198015K->169338K(198016K), [Perm : 9062K->9062K(21248K)], 0.2789040 secs] [Times: user=0.27 sys=0.00, real=0.27 secs] 
340.628: Total time for which application threads were stopped: 0.2789980 seconds, Stopping threads took: 0.0000140 seconds
340.679: Application time: 0.0512960 seconds
340.679: [Full GC340.679: [Tenured: 136576K->136575K(136576K), 0.2836270 secs] 198016K->166365K(198016K), [Perm : 9062K->9062K(21248K)], 0.2836690 secs] [Times: user=0.28 sys=0.00, real=0.29 secs] 
340.963: Total time for which application threads were stopped: 0.2837460 seconds, Stopping threads took: 0.0000120 seconds
341.023: Application time: 0.0601250 seconds
341.023: [Full GC341.023: [Tenured: 136576K->136575K(136576K), 0.2955280 secs] 198016K->155287K(198016K), [Perm : 9062K->9062K(21248K)], 0.2955740 secs] [Times: user=0.29 sys=0.00, real=0.29 secs] 
341.319: Total time for which application threads were stopped: 0.2956700 seconds, Stopping threads took: 0.0000130 seconds
341.388: Application time: 0.0687660 seconds
341.388: [Full GC341.388: [Tenured: 136575K->136575K(136576K), 0.2633890 secs] 198015K->155250K(198016K), [Perm : 9062K->9062K(21248K)], 0.2634340 secs] [Times: user=0.26 sys=0.00, real=0.27 secs] 
341.651: Total time for which application threads were stopped: 0.2635170 seconds, Stopping threads took: 0.0000140 seconds
341.715: Application time: 0.0635110 seconds
341.715: [Full GC341.715: [Tenured: 136576K->136576K(136576K), 0.2624310 secs] 198015K->146800K(198016K), [Perm : 9062K->9062K(21248K)], 0.2624820 secs] [Times: user=0.26 sys=0.00, real=0.26 secs] 
341.977: Total time for which application threads were stopped: 0.2625710 seconds, Stopping threads took: 0.0000130 seconds
342.047: Application time: 0.0700270 seconds
342.047: [Full GC342.047: [Tenured: 136576K->136575K(136576K), 0.2456250 secs] 198015K->139204K(198016K), [Perm : 9062K->9062K(21248K)], 0.2456680 secs] [Times: user=0.25 sys=0.00, real=0.25 secs] 
342.293: Total time for which application threads were stopped: 0.2457490 seconds, Stopping threads took: 0.0000140 seconds
342.368: Application time: 0.0749350 seconds
342.368: [Full GC342.368: [Tenured: 136576K->130615K(136576K), 0.2532910 secs] 198015K->130615K(198016K), [Perm : 9062K->9062K(21248K)], 0.2533360 secs] [Times: user=0.25 sys=0.00, real=0.26 secs] 
342.621: Total time for which application threads were stopped: 0.2534280 seconds, Stopping threads took: 0.0000130 seconds
342.650: Application time: 0.0285510 seconds
342.650: [GC342.650: [DefNew: 54656K->54656K(61440K), 0.0000090 secs]342.650: [Tenured: 130615K->127156K(136576K), 0.2197400 secs] 185271K->127156K(198016K), [Perm : 9062K->9062K(21248K)], 0.2197950 secs] [Times: user=0.22 sys=0.00, real=0.22 secs] 
342.870: Total time for which application threads were stopped: 0.2199460 seconds, Stopping threads took: 0.0000790 seconds
342.898: Application time: 0.0284590 seconds
342.899: [GC342.899: [DefNew: 54656K->54656K(61440K), 0.0000100 secs]342.899: [Tenured: 127156K->120645K(136576K), 0.2083200 secs] 181812K->120645K(198016K), [Perm : 9062K->9062K(21248K)], 0.2083800 secs] [Times: user=0.21 sys=0.00, real=0.21 secs] 
343.107: Total time for which application threads were stopped: 0.2085460 seconds, Stopping threads took: 0.0000840 seconds
343.137: Application time: 0.0298210 seconds
343.141: [GC343.141: [DefNew: 54656K->54656K(61440K), 0.0000100 secs]343.141: [Tenured: 120645K->103862K(136576K), 0.1849990 secs] 175301K->103862K(198016K), [Perm : 9062K->9062K(21248K)], 0.1850570 secs] [Times: user=0.18 sys=0.00, real=0.18 secs] 
343.326: Total time for which application threads were stopped: 0.1891920 seconds, Stopping threads took: 0.0040640 seconds
343.348: Application time: 0.0219820 seconds
343.348: [GC343.348: [DefNew: 54656K->6784K(61440K), 0.0196650 secs] 158518K->114544K(198016K), 0.0197030 secs] [Times: user=0.02 sys=0.00, real=0.02 secs] 
343.368: Total time for which application threads were stopped: 0.0198650 seconds, Stopping threads took: 0.0000890 seconds
343.383: Application time: 0.0148690 seconds
343.385: [GC343.385: [DefNew: 61440K->6783K(61440K), 0.0345260 secs] 169200K->132396K(198016K), 0.0345670 secs] [Times: user=0.03 sys=0.00, real=0.03 secs] 
343.419: Total time for which application threads were stopped: 0.0367360 seconds, Stopping threads took: 0.0020960 seconds
343.434: Application time: 0.0143700 seconds
343.434: [GC343.434: [DefNew: 61439K->61439K(61440K), 0.0000090 secs]343.434: [Tenured: 125613K->89418K(136576K), 0.1365090 secs] 187052K->89418K(198016K), [Perm : 9062K->9062K(21248K)], 0.1365620 secs] [Times: user=0.14 sys=0.00, real=0.14 secs] 
343.571: Total time for which application threads were stopped: 0.1367080 seconds, Stopping threads took: 0.0000610 seconds
343.584: Application time: 0.0130160 seconds
343.584: [GC343.584: [DefNew: 54656K->6784K(61440K), 0.0257450 secs] 144074K->108459K(198016K), 0.0257860 secs] [Times: user=0.02 sys=0.00, real=0.03 secs] 
343.609: Total time for which application threads were stopped: 0.0259440 seconds, Stopping threads took: 0.0000850 seconds
343.624: Application time: 0.0142340 seconds
343.624: [GC343.624: [DefNew: 61440K->6784K(61440K), 0.0286130 secs] 163115K->124055K(198016K), 0.0286570 secs] [Times: user=0.02 sys=0.00, real=0.03 secs] 
343.653: Total time for which application threads were stopped: 0.0288570 seconds, Stopping threads took: 0.0001250 seconds
343.669: Application time: 0.0161390 seconds
343.673: [GC343.673: [DefNew: 61440K->61440K(61440K), 0.0000090 secs]343.673: [Tenured: 117271K->136575K(136576K), 0.2180900 secs] 178711K->143919K(198016K), [Perm : 9062K->9062K(21248K)], 0.2181560 secs] [Times: user=0.22 sys=0.00, real=0.22 secs] 
343.891: Total time for which application threads were stopped: 0.2223610 seconds, Stopping threads took: 0.0041070 seconds
343.940: Application time: 0.0491360 seconds
343.940: [Full GC343.940: [Tenured: 136575K->136575K(136576K), 0.2698090 secs] 198015K->167931K(198016K), [Perm : 9062K->9062K(21248K)], 0.2698550 secs] [Times: user=0.27 sys=0.00, real=0.28 secs] 
344.210: Total time for which application threads were stopped: 0.2699450 seconds, Stopping threads took: 0.0000120 seconds
344.259: Application time: 0.0493120 seconds
344.260: [Full GC344.260: [Tenured: 136576K->136575K(136576K), 0.3037040 secs] 198016K->176035K(198016K), [Perm : 9062K->9062K(21248K)], 0.3037500 secs] [Times: user=0.30 sys=0.00, real=0.31 secs] 
344.563: Total time for which application threads were stopped: 0.3038300 seconds, Stopping threads took: 0.0000130 seconds
344.613: Application time: 0.0499180 seconds
344.613: [Full GC344.613: [Tenured: 136575K->136575K(136576K), 0.3202570 secs] 198015K->170458K(198016K), [Perm : 9062K->9062K(21248K)], 0.3203060 secs] [Times: user=0.32 sys=0.00, real=0.32 secs] 
344.934: Total time for which application threads were stopped: 0.3204110 seconds, Stopping threads took: 0.0000230 seconds
344.992: Application time: 0.0586630 seconds
344.992: [Full GC344.992: [Tenured: 136575K->136575K(136576K), 0.2892070 secs] 198015K->172153K(198016K), [Perm : 9062K->9062K(21248K)], 0.2892520 secs] [Times: user=0.29 sys=0.00, real=0.29 secs] 
345.282: Total time for which application threads were stopped: 0.2893330 seconds, Stopping threads took: 0.0000130 seconds
345.336: Application time: 0.0546040 seconds
345.336: [Full GC345.336: [Tenured: 136576K->136576K(136576K), 0.2785700 secs] 198015K->170713K(198016K), [Perm : 9062K->9062K(21248K)], 0.2786140 secs] [Times: user=0.28 sys=0.00, real=0.28 secs] 
345.615: Total time for which application threads were stopped: 0.2787080 seconds, Stopping threads took: 0.0000130 seconds
345.671: Application time: 0.0556740 seconds
345.671: [Full GC345.671: [Tenured: 136576K->136576K(136576K), 0.2841880 secs] 198015K->169884K(198016K), [Perm : 9062K->9062K(21248K)], 0.2842340 secs] [Times: user=0.28 sys=0.00, real=0.28 secs] 
345.955: Total time for which application threads were stopped: 0.2843240 seconds, Stopping threads took: 0.0000230 seconds
346.010: Application time: 0.0553120 seconds
346.010: [Full GC346.010: [Tenured: 136576K->136576K(136576K), 0.2960330 secs] 198016K->157917K(198016K), [Perm : 9062K->9062K(21248K)], 0.2960770 secs] [Times: user=0.30 sys=0.00, real=0.29 secs] 
346.306: Total time for which application threads were stopped: 0.2961690 seconds, Stopping threads took: 0.0000130 seconds
346.365: Application time: 0.0589670 seconds
346.365: [Full GC346.365: [Tenured: 136576K->136576K(136576K), 0.2565540 secs] 198015K->158654K(198016K), [Perm : 9062K->9062K(21248K)], 0.2565980 secs] [Times: user=0.25 sys=0.00, real=0.26 secs] 
346.622: Total time for which application threads were stopped: 0.2566790 seconds, Stopping threads took: 0.0000120 seconds
346.686: Application time: 0.0641590 seconds
346.686: [Full GC346.686: [Tenured: 136576K->136576K(136576K), 0.2717370 secs] 198016K->153537K(198016K), [Perm : 9062K->9062K(21248K)], 0.2717850 secs] [Times: user=0.28 sys=0.00, real=0.27 secs] 
346.958: Total time for which application threads were stopped: 0.2718830 seconds, Stopping threads took: 0.0000130 seconds
347.023: Application time: 0.0652880 seconds
347.023: [Full GC347.024: [Tenured: 136576K->136575K(136576K), 0.2543630 secs] 198016K->143869K(198016K), [Perm : 9062K->9062K(21248K)], 0.2544080 secs] [Times: user=0.26 sys=0.00, real=0.25 secs] 
347.278: Total time for which application threads were stopped: 0.2544880 seconds, Stopping threads took: 0.0000130 seconds
347.349: Application time: 0.0705920 seconds
347.349: [Full GC347.349: [Tenured: 136576K->131367K(136576K), 0.2487610 secs] 198016K->131367K(198016K), [Perm : 9062K->9062K(21248K)], 0.2488210 secs] [Times: user=0.25 sys=0.00, real=0.25 secs] 
347.597: Total time for which application threads were stopped: 0.2489230 seconds, Stopping threads took: 0.0000140 seconds
347.630: Application time: 0.0320800 seconds
347.630: [GC347.630: [DefNew: 54656K->54656K(61440K), 0.0000100 secs]347.630: [Tenured: 131367K->134020K(136576K), 0.2134060 secs] 186023K->134020K(198016K), [Perm : 9062K->9062K(21248K)], 0.2134640 secs] [Times: user=0.22 sys=0.00, real=0.21 secs] 
347.843: Total time for which application threads were stopped: 0.2135930 seconds, Stopping threads took: 0.0000590 seconds
347.872: Application time: 0.0291550 seconds
347.872: [GC347.872: [DefNew: 54656K->54656K(61440K), 0.0000100 secs]347.872: [Tenured: 134020K->127225K(136576K), 0.2188790 secs] 188676K->127225K(198016K), [Perm : 9062K->9062K(21248K)], 0.2189420 secs] [Times: user=0.22 sys=0.00, real=0.22 secs] 
348.091: Total time for which application threads were stopped: 0.2191250 seconds, Stopping threads took: 0.0000980 seconds
348.121: Application time: 0.0294870 seconds
348.121: [GC348.121: [DefNew: 54656K->54656K(61440K), 0.0000090 secs]348.121: [Tenured: 127225K->117550K(136576K), 0.2146430 secs] 181881K->117550K(198016K), [Perm : 9062K->9062K(21248K)], 0.2147040 secs] [Times: user=0.22 sys=0.00, real=0.21 secs] 
348.336: Total time for which application threads were stopped: 0.2149960 seconds, Stopping threads took: 0.0002010 seconds
348.365: Application time: 0.0291620 seconds
348.365: [GC348.365: [DefNew: 54656K->54656K(61440K), 0.0000100 secs]348.365: [Tenured: 117550K->88046K(136576K), 0.1482570 secs] 172206K->88046K(198016K), [Perm : 9062K->9062K(21248K)], 0.1483140 secs] [Times: user=0.15 sys=0.00, real=0.15 secs] 
348.514: Total time for which application threads were stopped: 0.1484710 seconds, Stopping threads took: 0.0000770 seconds
348.532: Application time: 0.0185570 seconds
348.532: [GC348.532: [DefNew: 54656K->6784K(61440K), 0.0203320 secs] 142702K->102321K(198016K), 0.0203780 secs] [Times: user=0.02 sys=0.00, real=0.02 secs] 
348.553: Total time for which application threads were stopped: 0.0205410 seconds, Stopping threads took: 0.0000750 seconds
348.567: Application time: 0.0148610 seconds
348.569: [GC348.569: [DefNew: 61440K->6784K(61440K), 0.0315120 secs] 156977K->119493K(198016K), 0.0315560 secs] [Times: user=0.03 sys=0.00, real=0.02 secs] 
348.600: Total time for which application threads were stopped: 0.0329850 seconds, Stopping threads took: 0.0013350 seconds
348.614: Application time: 0.0140000 seconds
348.617: [GC348.617: [DefNew: 61425K->61425K(61440K), 0.0000090 secs]348.617: [Tenured: 112709K->102326K(136576K), 0.1478430 secs] 174134K->102326K(198016K), [Perm : 9062K->9062K(21248K)], 0.1479020 secs] [Times: user=0.15 sys=0.00, real=0.15 secs] 
348.765: Total time for which application threads were stopped: 0.1504140 seconds, Stopping threads took: 0.0024210 seconds
348.778: Application time: 0.0133940 seconds
348.779: [GC348.779: [DefNew: 54656K->6783K(61440K), 0.0294770 secs] 156982K->120078K(198016K), 0.0295210 secs] [Times: user=0.03 sys=0.00, real=0.03 secs] 
348.808: Total time for which application threads were stopped: 0.0297690 seconds, Stopping threads took: 0.0001530 seconds
348.822: Application time: 0.0141750 seconds
348.822: [GC348.822: [DefNew: 61439K->61439K(61440K), 0.0000100 secs]348.822: [Tenured: 113294K->124321K(136576K), 0.2131870 secs] 174734K->124321K(198016K), [Perm : 9062K->9062K(21248K)], 0.2132480 secs] [Times: user=0.21 sys=0.00, real=0.21 secs] 
349.036: Total time for which application threads were stopped: 0.2134470 seconds, Stopping threads took: 0.0001080 seconds
349.054: Application time: 0.0178480 seconds
349.054: [GC349.054: [DefNew: 54656K->54656K(61440K), 0.0000100 secs]349.054: [Tenured: 124321K->136575K(136576K), 0.2405510 secs] 178977K->146752K(198016K), [Perm : 9062K->9062K(21248K)], 0.2406100 secs] [Times: user=0.24 sys=0.00, real=0.24 secs] 
349.294: Total time for which application threads were stopped: 0.2408310 seconds, Stopping threads took: 0.0001310 seconds
349.348: Application time: 0.0532060 seconds
349.348: [Full GC349.348: [Tenured: 136575K->136575K(136576K), 0.3024170 secs] 198015K->166793K(198016K), [Perm : 9062K->9062K(21248K)], 0.3024620 secs] [Times: user=0.30 sys=0.00, real=0.31 secs] 
349.650: Total time for which application threads were stopped: 0.3025420 seconds, Stopping threads took: 0.0000130 seconds
349.697: Application time: 0.0470990 seconds
349.697: [Full GC349.697: [Tenured: 136575K->136575K(136576K), 0.2736140 secs] 198015K->173049K(198016K), [Perm : 9062K->9062K(21248K)], 0.2736590 secs] [Times: user=0.27 sys=0.00, real=0.28 secs] 
349.971: Total time for which application threads were stopped: 0.2737600 seconds, Stopping threads took: 0.0000230 seconds
350.024: Application time: 0.0531460 seconds
350.024: [Full GC350.024: [Tenured: 136575K->136575K(136576K), 0.2742980 secs] 198015K->172639K(198016K), [Perm : 9062K->9062K(21248K)], 0.2743430 secs] [Times: user=0.27 sys=0.00, real=0.27 secs] 
350.299: Total time for which application threads were stopped: 0.2744250 seconds, Stopping threads took: 0.0000130 seconds
350.352: Application time: 0.0537970 seconds
350.352: [Full GC350.352: [Tenured: 136576K->136576K(136576K), 0.2823030 secs] 198015K->172178K(198016K), [Perm : 9062K->9062K(21248K)], 0.2823470 secs] [Times: user=0.29 sys=0.00, real=0.28 secs] 
350.635: Total time for which application threads were stopped: 0.2824460 seconds, Stopping threads took: 0.0000140 seconds
350.691: Application time: 0.0560120 seconds
350.691: [Full GC350.691: [Tenured: 136576K->136575K(136576K), 0.2997470 secs] 198016K->164282K(198016K), [Perm : 9062K->9062K(21248K)], 0.2997920 secs] [Times: user=0.30 sys=0.00, real=0.30 secs] 
350.991: Total time for which application threads were stopped: 0.2998760 seconds, Stopping threads took: 0.0000130 seconds
351.045: Application time: 0.0546580 seconds
351.045: [Full GC351.045: [Tenured: 136575K->136575K(136576K), 0.2617360 secs] 198015K->164534K(198016K), [Perm : 9062K->9062K(21248K)], 0.2617820 secs] [Times: user=0.26 sys=0.00, real=0.26 secs] 
351.307: Total time for which application threads were stopped: 0.2618780 seconds, Stopping threads took: 0.0000130 seconds
351.370: Application time: 0.0626700 seconds
351.370: [Full GC351.370: [Tenured: 136575K->136575K(136576K), 0.2676800 secs] 198015K->162157K(198016K), [Perm : 9062K->9062K(21248K)], 0.2677240 secs] [Times: user=0.27 sys=0.00, real=0.26 secs] 
351.638: Total time for which application threads were stopped: 0.2678030 seconds, Stopping threads took: 0.0000130 seconds
351.697: Application time: 0.0597800 seconds
351.698: [Full GC351.698: [Tenured: 136575K->136575K(136576K), 0.2709840 secs] 198015K->157252K(198016K), [Perm : 9062K->9062K(21248K)], 0.2710310 secs] [Times: user=0.27 sys=0.00, real=0.27 secs] 
351.969: Total time for which application threads were stopped: 0.2711240 seconds, Stopping threads took: 0.0000130 seconds
352.024: Application time: 0.0557430 seconds
352.024: [Full GC352.024: [Tenured: 136576K->136575K(136576K), 0.2597390 secs] 198016K->142270K(198016K), [Perm : 9062K->9062K(21248K)], 0.2597850 secs] [Times: user=0.26 sys=0.00, real=0.26 secs] 
352.284: Total time for which application threads were stopped: 0.2598670 seconds, Stopping threads took: 0.0000130 seconds
352.352: Application time: 0.0678570 seconds
352.352: [Full GC352.352: [Tenured: 136576K->136576K(136576K), 0.2296800 secs] 198015K->140253K(198016K), [Perm : 9062K->9062K(21248K)], 0.2297240 secs] [Times: user=0.23 sys=0.00, real=0.23 secs] 
352.582: Total time for which application threads were stopped: 0.2298190 seconds, Stopping threads took: 0.0000130 seconds
352.653: Application time: 0.0710170 seconds
352.653: [Full GC352.653: [Tenured: 136576K->136576K(136576K), 0.2419270 secs] 198015K->138349K(198016K), [Perm : 9062K->9062K(21248K)], 0.2419730 secs] [Times: user=0.24 sys=0.00, real=0.24 secs] 
352.895: Total time for which application threads were stopped: 0.2420620 seconds, Stopping threads took: 0.0000130 seconds
352.967: Application time: 0.0720930 seconds
352.967: [Full GC352.967: [Tenured: 136576K->127459K(136576K), 0.2196140 secs] 198015K->127459K(198016K), [Perm : 9062K->9062K(21248K)], 0.2196590 secs] [Times: user=0.22 sys=0.00, real=0.22 secs] 
353.187: Total time for which application threads were stopped: 0.2197530 seconds, Stopping threads took: 0.0000130 seconds
353.216: Application time: 0.0290060 seconds
353.216: [GC353.216: [DefNew: 54656K->54656K(61440K), 0.0000090 secs]353.216: [Tenured: 127459K->114810K(136576K), 0.2051550 secs] 182115K->114810K(198016K), [Perm : 9062K->9062K(21248K)], 0.2052120 secs] [Times: user=0.20 sys=0.00, real=0.21 secs] 
353.421: Total time for which application threads were stopped: 0.2053490 seconds, Stopping threads took: 0.0000660 seconds
353.451: Application time: 0.0294880 seconds
353.451: [GC353.451: [DefNew: 54656K->54656K(61440K), 0.0000100 secs]353.451: [Tenured: 114810K->104778K(136576K), 0.1664290 secs] 169466K->104778K(198016K), [Perm : 9062K->9062K(21248K)], 0.1664850 secs] [Times: user=0.17 sys=0.00, real=0.16 secs] 
353.617: Total time for which application threads were stopped: 0.1666770 seconds, Stopping threads took: 0.0001210 seconds
353.640: Application time: 0.0223040 seconds
353.640: [GC353.640: [DefNew: 54656K->6783K(61440K), 0.0197420 secs] 159434K->116181K(198016K), 0.0197850 secs] [Times: user=0.02 sys=0.00, real=0.02 secs] 
353.660: Total time for which application threads were stopped: 0.0199640 seconds, Stopping threads took: 0.0000920 seconds
353.675: Application time: 0.0150580 seconds
353.675: [GC353.675: [DefNew: 61439K->6783K(61440K), 0.0330800 secs] 170837K->134222K(198016K), 0.0331250 secs] [Times: user=0.03 sys=0.00, real=0.03 secs] 
353.708: Total time for which application threads were stopped: 0.0333010 seconds, Stopping threads took: 0.0000990 seconds
353.722: Application time: 0.0142840 seconds
353.722: [GC353.722: [DefNew: 61439K->61439K(61440K), 0.0000090 secs]353.722: [Tenured: 127438K->93023K(136576K), 0.1385050 secs] 188878K->93023K(198016K), [Perm : 9062K->9062K(21248K)], 0.1385560 secs] [Times: user=0.14 sys=0.00, real=0.14 secs] 
353.861: Total time for which application threads were stopped: 0.1387430 seconds, Stopping threads took: 0.0001140 seconds
353.874: Application time: 0.0134350 seconds
353.875: [GC353.875: [DefNew: 54656K->6784K(61440K), 0.0304400 secs] 147679K->111738K(198016K), 0.0304830 secs] [Times: user=0.03 sys=0.00, real=0.03 secs] 
353.905: Total time for which application threads were stopped: 0.0306690 seconds, Stopping threads took: 0.0001100 seconds
353.919: Application time: 0.0138860 seconds
353.919: [GC353.919: [DefNew: 61440K->6783K(61440K), 0.0331570 secs] 166394K->126629K(198016K), 0.0331990 secs] [Times: user=0.03 sys=0.00, real=0.04 secs] 
353.952: Total time for which application threads were stopped: 0.0334020 seconds, Stopping threads took: 0.0001090 seconds
353.969: Application time: 0.0165690 seconds
353.969: [GC353.969: [DefNew: 61439K->61439K(61440K), 0.0000090 secs]353.969: [Tenured: 119845K->136575K(136576K), 0.2371470 secs] 181285K->138335K(198016K), [Perm : 9062K->9062K(21248K)], 0.2372050 secs] [Times: user=0.23 sys=0.00, real=0.23 secs] 
354.206: Total time for which application threads were stopped: 0.2373920 seconds, Stopping threads took: 0.0001150 seconds
354.264: Application time: 0.0573040 seconds
354.264: [Full GC354.264: [Tenured: 136575K->136576K(136576K), 0.3051640 secs] 197966K->165243K(198016K), [Perm : 9062K->9062K(21248K)], 0.3052050 secs] [Times: user=0.30 sys=0.00, real=0.31 secs] 
354.569: Total time for which application threads were stopped: 0.3052940 seconds, Stopping threads took: 0.0000130 seconds
354.618: Application time: 0.0493970 seconds
354.618: [Full GC354.618: [Tenured: 136576K->136576K(136576K), 0.2751170 secs] 198015K->173313K(198016K), [Perm : 9062K->9062K(21248K)], 0.2751600 secs] [Times: user=0.28 sys=0.00, real=0.28 secs] 
354.894: Total time for which application threads were stopped: 0.2752410 seconds, Stopping threads took: 0.0000140 seconds
354.943: Application time: 0.0495410 seconds
354.943: [Full GC354.943: [Tenured: 136576K->136575K(136576K), 0.2771450 secs] 198015K->171561K(198016K), [Perm : 9062K->9062K(21248K)], 0.2771990 secs] [Times: user=0.27 sys=0.00, real=0.27 secs] 
355.220: Total time for which application threads were stopped: 0.2772940 seconds, Stopping threads took: 0.0000140 seconds
355.275: Application time: 0.0548740 seconds
355.275: [Full GC355.275: [Tenured: 136575K->136575K(136576K), 0.2887500 secs] 198015K->171706K(198016K), [Perm : 9062K->9062K(21248K)], 0.2887960 secs] [Times: user=0.29 sys=0.00, real=0.29 secs] 
355.564: Total time for which application threads were stopped: 0.2888780 seconds, Stopping threads took: 0.0000130 seconds
355.618: Application time: 0.0542360 seconds
355.619: [Full GC355.619: [Tenured: 136575K->136575K(136576K), 0.3061900 secs] 198015K->164266K(198016K), [Perm : 9062K->9062K(21248K)], 0.3062340 secs] [Times: user=0.30 sys=0.00, real=0.31 secs] 
355.925: Total time for which application threads were stopped: 0.3063290 seconds, Stopping threads took: 0.0000130 seconds
355.983: Application time: 0.0581320 seconds
355.983: [Full GC355.983: [Tenured: 136575K->136575K(136576K), 0.2675990 secs] 198015K->164650K(198016K), [Perm : 9062K->9062K(21248K)], 0.2676440 secs] [Times: user=0.27 sys=0.00, real=0.27 secs] 
356.251: Total time for which application threads were stopped: 0.2677250 seconds, Stopping threads took: 0.0000130 seconds
356.308: Application time: 0.0574190 seconds
356.308: [Full GC356.308: [Tenured: 136575K->136575K(136576K), 0.2724450 secs] 198015K->162522K(198016K), [Perm : 9062K->9062K(21248K)], 0.2724910 secs] [Times: user=0.27 sys=0.00, real=0.27 secs] 
356.581: Total time for which application threads were stopped: 0.2725860 seconds, Stopping threads took: 0.0000140 seconds
356.644: Application time: 0.0632380 seconds
356.644: [Full GC356.644: [Tenured: 136576K->136576K(136576K), 0.2754360 secs] 198015K->158253K(198016K), [Perm : 9062K->9062K(21248K)], 0.2754830 secs] [Times: user=0.28 sys=0.00, real=0.27 secs] 
356.919: Total time for which application threads were stopped: 0.2755660 seconds, Stopping threads took: 0.0000130 seconds
356.981: Application time: 0.0619610 seconds
356.981: [Full GC356.982: [Tenured: 136576K->136575K(136576K), 0.2635100 secs] 198015K->142400K(198016K), [Perm : 9062K->9062K(21248K)], 0.2635520 secs] [Times: user=0.27 sys=0.00, real=0.26 secs] 
357.245: Total time for which application threads were stopped: 0.2636410 seconds, Stopping threads took: 0.0000120 seconds
357.316: Application time: 0.0709810 seconds
357.316: [Full GC357.316: [Tenured: 136575K->136576K(136576K), 0.2360480 secs] 198015K->140882K(198016K), [Perm : 9062K->9062K(21248K)], 0.2360950 secs] [Times: user=0.23 sys=0.00, real=0.24 secs] 
357.552: Total time for which application threads were stopped: 0.2361760 seconds, Stopping threads took: 0.0000130 seconds
357.627: Application time: 0.0743530 seconds
357.627: [Full GC357.627: [Tenured: 136576K->136576K(136576K), 0.2421840 secs] 198015K->138317K(198016K), [Perm : 9062K->9062K(21248K)], 0.2422320 secs] [Times: user=0.25 sys=0.00, real=0.25 secs] 
357.869: Total time for which application threads were stopped: 0.2423300 seconds, Stopping threads took: 0.0000130 seconds
357.937: Application time: 0.0684350 seconds
357.937: [Full GC357.937: [Tenured: 136576K->128830K(136576K), 0.2255770 secs] 198016K->128830K(198016K), [Perm : 9062K->9062K(21248K)], 0.2256240 secs] [Times: user=0.22 sys=0.00, real=0.23 secs] 
358.163: Total time for which application threads were stopped: 0.2257060 seconds, Stopping threads took: 0.0000130 seconds
358.193: Application time: 0.0299270 seconds
358.193: [GC358.193: [DefNew: 54656K->54656K(61440K), 0.0000100 secs]358.193: [Tenured: 128830K->115358K(136576K), 0.2085890 secs] 183486K->115358K(198016K), [Perm : 9062K->9062K(21248K)], 0.2086470 secs] [Times: user=0.21 sys=0.00, real=0.21 secs] 
358.402: Total time for which application threads were stopped: 0.2088190 seconds, Stopping threads took: 0.0000890 seconds
358.432: Application time: 0.0306140 seconds
358.433: [GC358.433: [DefNew: 54656K->54656K(61440K), 0.0000090 secs]358.433: [Tenured: 115358K->107135K(136576K), 0.1756520 secs] 170014K->107135K(198016K), [Perm : 9062K->9062K(21248K)], 0.1757190 secs] [Times: user=0.17 sys=0.00, real=0.17 secs] 
358.608: Total time for which application threads were stopped: 0.1759180 seconds, Stopping threads took: 0.0001280 seconds
358.630: Application time: 0.0217670 seconds
358.633: [GC358.633: [DefNew: 54656K->6784K(61440K), 0.0198510 secs] 161791K->118622K(198016K), 0.0199030 secs] [Times: user=0.02 sys=0.00, real=0.02 secs] 
358.653: Total time for which application threads were stopped: 0.0226410 seconds, Stopping threads took: 0.0026530 seconds
358.670: Application time: 0.0170830 seconds
358.670: [GC358.670: [DefNew: 61440K->6784K(61440K), 0.0327020 secs] 173278K->133916K(198016K), 0.0327410 secs] [Times: user=0.03 sys=0.00, real=0.03 secs] 
358.703: Total time for which application threads were stopped: 0.0329030 seconds, Stopping threads took: 0.0000900 seconds
358.717: Application time: 0.0139890 seconds
358.717: [GC358.717: [DefNew: 61440K->61440K(61440K), 0.0000100 secs]358.717: [Tenured: 127132K->89312K(136576K), 0.1419230 secs] 188572K->89312K(198016K), [Perm : 9062K->9062K(21248K)], 0.1419780 secs] [Times: user=0.14 sys=0.00, real=0.14 secs] 
358.859: Total time for which application threads were stopped: 0.1421210 seconds, Stopping threads took: 0.0000530 seconds
358.872: Application time: 0.0135270 seconds
358.873: [GC358.873: [DefNew: 54656K->6784K(61440K), 0.0301130 secs] 143968K->107378K(198016K), 0.0301550 secs] [Times: user=0.03 sys=0.00, real=0.03 secs] 
358.903: Total time for which application threads were stopped: 0.0303600 seconds, Stopping threads took: 0.0001320 seconds
358.918: Application time: 0.0147490 seconds
358.918: [GC358.918: [DefNew: 61440K->6783K(61440K), 0.0323550 secs] 162034K->123775K(198016K), 0.0323970 secs] [Times: user=0.03 sys=0.00, real=0.04 secs] 
358.950: Total time for which application threads were stopped: 0.0325300 seconds, Stopping threads took: 0.0000580 seconds
358.966: Application time: 0.0160700 seconds
358.966: [GC358.966: [DefNew: 61439K->61439K(61440K), 0.0000100 secs]358.966: [Tenured: 116991K->134680K(136576K), 0.2474390 secs] 178431K->134680K(198016K), [Perm : 9062K->9062K(21248K)], 0.2474980 secs] [Times: user=0.25 sys=0.00, real=0.25 secs] 
359.214: Total time for which application threads were stopped: 0.2476820 seconds, Stopping threads took: 0.0001120 seconds
359.235: Application time: 0.0215040 seconds
359.237: [GC359.237: [DefNew: 54656K->54656K(61440K), 0.0000090 secs]359.237: [Tenured: 134680K->136575K(136576K), 0.2876260 secs] 189336K->159949K(198016K), [Perm : 9062K->9062K(21248K)], 0.2876890 secs] [Times: user=0.28 sys=0.00, real=0.29 secs] 
359.525: Total time for which application threads were stopped: 0.2893300 seconds, Stopping threads took: 0.0015470 seconds
359.570: Application time: 0.0457430 seconds
359.570: [Full GC359.570: [Tenured: 136576K->136576K(136576K), 0.2778310 secs] 198015K->172758K(198016K), [Perm : 9062K->9062K(21248K)], 0.2778770 secs] [Times: user=0.28 sys=0.00, real=0.27 secs] 
359.848: Total time for which application threads were stopped: 0.2779590 seconds, Stopping threads took: 0.0000140 seconds
359.898: Application time: 0.0492410 seconds
359.898: [Full GC359.898: [Tenured: 136576K->136575K(136576K), 0.2724560 secs] 198016K->172378K(198016K), [Perm : 9062K->9062K(21248K)], 0.2725030 secs] [Times: user=0.28 sys=0.00, real=0.28 secs] 
360.170: Total time for which application threads were stopped: 0.2725970 seconds, Stopping threads took: 0.0000130 seconds
360.224: Application time: 0.0535490 seconds
360.224: [Full GC360.224: [Tenured: 136575K->136575K(136576K), 0.2837760 secs] 198015K->172563K(198016K), [Perm : 9062K->9062K(21248K)], 0.2838220 secs] [Times: user=0.28 sys=0.00, real=0.28 secs] 
360.508: Total time for which application threads were stopped: 0.2839040 seconds, Stopping threads took: 0.0000130 seconds
360.556: Application time: 0.0479130 seconds
360.556: [Full GC360.556: [Tenured: 136576K->136575K(136576K), 0.3019610 secs] 198015K->164498K(198016K), [Perm : 9062K->9062K(21248K)], 0.3020160 secs] [Times: user=0.30 sys=0.00, real=0.30 secs] 
360.858: Total time for which application threads were stopped: 0.3021120 seconds, Stopping threads took: 0.0000130 seconds
360.913: Application time: 0.0554400 seconds
360.913: [Full GC360.913: [Tenured: 136575K->136575K(136576K), 0.2650240 secs] 198015K->165688K(198016K), [Perm : 9062K->9062K(21248K)], 0.2650660 secs] [Times: user=0.27 sys=0.00, real=0.26 secs] 
361.178: Total time for which application threads were stopped: 0.2651480 seconds, Stopping threads took: 0.0000130 seconds
361.239: Application time: 0.0608430 seconds
361.239: [Full GC361.239: [Tenured: 136575K->136575K(136576K), 0.2656200 secs] 198015K->163212K(198016K), [Perm : 9062K->9062K(21248K)], 0.2656650 secs] [Times: user=0.26 sys=0.00, real=0.27 secs] 
361.505: Total time for which application threads were stopped: 0.2657570 seconds, Stopping threads took: 0.0000130 seconds
361.569: Application time: 0.0639360 seconds
361.569: [Full GC361.569: [Tenured: 136576K->136575K(136576K), 0.2792920 secs] 198016K->158601K(198016K), [Perm : 9062K->9062K(21248K)], 0.2793390 secs] [Times: user=0.28 sys=0.00, real=0.27 secs] 
361.848: Total time for which application threads were stopped: 0.2794190 seconds, Stopping threads took: 0.0000130 seconds
361.908: Application time: 0.0601040 seconds
361.908: [Full GC361.908: [Tenured: 136576K->136576K(136576K), 0.2666990 secs] 198015K->144684K(198016K), [Perm : 9062K->9062K(21248K)], 0.2667440 secs] [Times: user=0.27 sys=0.00, real=0.27 secs] 
362.175: Total time for which application threads were stopped: 0.2668390 seconds, Stopping threads took: 0.0000130 seconds
362.238: Application time: 0.0632410 seconds
362.238: [Full GC362.238: [Tenured: 136576K->136576K(136576K), 0.2378180 secs] 198015K->142513K(198016K), [Perm : 9062K->9062K(21248K)], 0.2378660 secs] [Times: user=0.24 sys=0.00, real=0.24 secs] 
362.476: Total time for which application threads were stopped: 0.2379590 seconds, Stopping threads took: 0.0000230 seconds
362.549: Application time: 0.0721780 seconds
362.549: [Full GC362.549: [Tenured: 136576K->136576K(136576K), 0.2419240 secs] 198015K->138277K(198016K), [Perm : 9062K->9062K(21248K)], 0.2419670 secs] [Times: user=0.24 sys=0.00, real=0.25 secs] 
362.791: Total time for which application threads were stopped: 0.2420590 seconds, Stopping threads took: 0.0000130 seconds
362.861: Application time: 0.0702530 seconds
362.861: [Full GC362.861: [Tenured: 136576K->130201K(136576K), 0.2288780 secs] 198016K->130201K(198016K), [Perm : 9062K->9062K(21248K)], 0.2289240 secs] [Times: user=0.23 sys=0.00, real=0.23 secs] 
363.090: Total time for which application threads were stopped: 0.2290110 seconds, Stopping threads took: 0.0000110 seconds
363.118: Application time: 0.0284390 seconds
363.121: [GC363.121: [DefNew: 54656K->54656K(61440K), 0.0000100 secs]363.121: [Tenured: 130201K->118464K(136576K), 0.2148890 secs] 184857K->118464K(198016K), [Perm : 9062K->9062K(21248K)], 0.2149470 secs] [Times: user=0.21 sys=0.00, real=0.21 secs] 
363.336: Total time for which application threads were stopped: 0.2175220 seconds, Stopping threads took: 0.0024900 seconds
363.365: Application time: 0.0294250 seconds
363.365: [GC363.365: [DefNew: 54656K->54656K(61440K), 0.0000100 secs]363.365: [Tenured: 118464K->111948K(136576K), 0.1822090 secs] 173120K->111948K(198016K), [Perm : 9062K->9062K(21248K)], 0.1822680 secs] [Times: user=0.18 sys=0.00, real=0.18 secs] 
363.548: Total time for which application threads were stopped: 0.1824680 seconds, Stopping threads took: 0.0001290 seconds
363.577: Application time: 0.0288050 seconds
363.577: [GC363.577: [DefNew: 54656K->54656K(61440K), 0.0000100 secs]363.577: [Tenured: 111948K->91876K(136576K), 0.1397540 secs] 166604K->91876K(198016K), [Perm : 9062K->9062K(21248K)], 0.1398190 secs] [Times: user=0.14 sys=0.00, real=0.14 secs] 
363.717: Total time for which application threads were stopped: 0.1400070 seconds, Stopping threads took: 0.0001080 seconds
363.732: Application time: 0.0155260 seconds
363.732: [GC363.732: [DefNew: 54656K->6784K(61440K), 0.0216300 secs] 146532K->109286K(198016K), 0.0216690 secs] [Times: user=0.02 sys=0.00, real=0.02 secs] 
363.754: Total time for which application threads were stopped: 0.0218380 seconds, Stopping threads took: 0.0000830 seconds
363.768: Application time: 0.0143820 seconds
363.769: [GC363.769: [DefNew: 61440K->6784K(61440K), 0.0302450 secs] 163942K->127044K(198016K), 0.0302870 secs] [Times: user=0.03 sys=0.00, real=0.02 secs] 
363.800: Total time for which application threads were stopped: 0.0314560 seconds, Stopping threads took: 0.0010930 seconds
363.814: Application time: 0.0141670 seconds
363.814: [GC363.814: [DefNew: 61440K->61440K(61440K), 0.0000090 secs]363.814: [Tenured: 120260K->100619K(136576K), 0.1579300 secs] 181700K->100619K(198016K), [Perm : 9062K->9062K(21248K)], 0.1579910 secs] [Times: user=0.15 sys=0.00, real=0.16 secs] 
363.972: Total time for which application threads were stopped: 0.1581860 seconds, Stopping threads took: 0.0001220 seconds
363.985: Application time: 0.0133210 seconds
363.986: [GC363.986: [DefNew: 54656K->6783K(61440K), 0.0252680 secs] 155275K->119362K(198016K), 0.0253110 secs] [Times: user=0.03 sys=0.00, real=0.03 secs] 
364.011: Total time for which application threads were stopped: 0.0254360 seconds, Stopping threads took: 0.0000490 seconds
364.025: Application time: 0.0142380 seconds
364.025: [GC364.025: [DefNew: 61439K->61439K(61440K), 0.0000090 secs]364.025: [Tenured: 112578K->127349K(136576K), 0.2108200 secs] 174018K->127349K(198016K), [Perm : 9062K->9062K(21248K)], 0.2108810 secs] [Times: user=0.21 sys=0.00, real=0.21 secs] 
364.236: Total time for which application threads were stopped: 0.2110040 seconds, Stopping threads took: 0.0000510 seconds
364.256: Application time: 0.0195760 seconds
364.256: [GC364.256: [DefNew: 54656K->54656K(61440K), 0.0000100 secs]364.256: [Tenured: 127349K->136575K(136576K), 0.2384380 secs] 182005K->152519K(198016K), [Perm : 9062K->9062K(21248K)], 0.2384950 secs] [Times: user=0.24 sys=0.00, real=0.24 secs] 
364.494: Total time for which application threads were stopped: 0.2386440 seconds, Stopping threads took: 0.0000670 seconds
364.547: Application time: 0.0527680 seconds
364.547: [Full GC364.547: [Tenured: 136576K->136576K(136576K), 0.2821110 secs] 198015K->171956K(198016K), [Perm : 9062K->9062K(21248K)], 0.2821550 secs] [Times: user=0.28 sys=0.00, real=0.29 secs] 
364.829: Total time for which application threads were stopped: 0.2822310 seconds, Stopping threads took: 0.0000120 seconds
364.881: Application time: 0.0520360 seconds
364.881: [Full GC364.881: [Tenured: 136576K->136575K(136576K), 0.2812140 secs] 198016K->176035K(198016K), [Perm : 9062K->9062K(21248K)], 0.2812610 secs] [Times: user=0.28 sys=0.00, real=0.28 secs] 
365.163: Total time for which application threads were stopped: 0.2813540 seconds, Stopping threads took: 0.0000130 seconds
365.215: Application time: 0.0519180 seconds
365.215: [Full GC365.215: [Tenured: 136576K->136575K(136576K), 0.3079460 secs] 198016K->167874K(198016K), [Perm : 9062K->9062K(21248K)], 0.3079920 secs] [Times: user=0.31 sys=0.00, real=0.31 secs] 
365.523: Total time for which application threads were stopped: 0.3080740 seconds, Stopping threads took: 0.0000130 seconds
365.579: Application time: 0.0561620 seconds
365.579: [Full GC365.579: [Tenured: 136575K->136575K(136576K), 0.2684800 secs] 198015K->168954K(198016K), [Perm : 9062K->9062K(21248K)], 0.2685250 secs] [Times: user=0.27 sys=0.00, real=0.27 secs] 
365.848: Total time for which application threads were stopped: 0.2686200 seconds, Stopping threads took: 0.0000140 seconds
365.900: Application time: 0.0525640 seconds
365.900: [Full GC365.900: [Tenured: 136575K->136576K(136576K), 0.2741350 secs] 198015K->169087K(198016K), [Perm : 9062K->9062K(21248K)], 0.2741800 secs] [Times: user=0.28 sys=0.00, real=0.28 secs] 
366.174: Total time for which application threads were stopped: 0.2742680 seconds, Stopping threads took: 0.0000130 seconds
366.224: Application time: 0.0494950 seconds
366.224: [Full GC366.224: [Tenured: 136576K->136576K(136576K), 0.2739530 secs] 198015K->165805K(198016K), [Perm : 9062K->9062K(21248K)], 0.2739980 secs] [Times: user=0.27 sys=0.00, real=0.27 secs] 
366.498: Total time for which application threads were stopped: 0.2740870 seconds, Stopping threads took: 0.0000120 seconds
366.561: Application time: 0.0633450 seconds
366.561: [Full GC366.561: [Tenured: 136576K->136575K(136576K), 0.2852920 secs] 198015K->154292K(198016K), [Perm : 9062K->9062K(21248K)], 0.2853350 secs] [Times: user=0.29 sys=0.00, real=0.28 secs] 
366.847: Total time for which application threads were stopped: 0.2854140 seconds, Stopping threads took: 0.0000120 seconds
366.912: Application time: 0.0653280 seconds
366.912: [Full GC366.912: [Tenured: 136575K->136575K(136576K), 0.2539940 secs] 198015K->153588K(198016K), [Perm : 9062K->9062K(21248K)], 0.2540380 secs] [Times: user=0.25 sys=0.00, real=0.25 secs] 
367.166: Total time for which application threads were stopped: 0.2541320 seconds, Stopping threads took: 0.0000130 seconds
367.232: Application time: 0.0655640 seconds
367.232: [Full GC367.232: [Tenured: 136575K->136575K(136576K), 0.2499780 secs] 198015K->145302K(198016K), [Perm : 9062K->9062K(21248K)], 0.2500210 secs] [Times: user=0.25 sys=0.00, real=0.25 secs] 
367.482: Total time for which application threads were stopped: 0.2501000 seconds, Stopping threads took: 0.0000130 seconds
367.550: Application time: 0.0683520 seconds
367.550: [Full GC367.550: [Tenured: 136576K->136575K(136576K), 0.2428600 secs] 198015K->139082K(198016K), [Perm : 9062K->9062K(21248K)], 0.2429030 secs] [Times: user=0.24 sys=0.00, real=0.24 secs] 
367.793: Total time for which application threads were stopped: 0.2429960 seconds, Stopping threads took: 0.0000130 seconds
367.860: Application time: 0.0667340 seconds
367.860: [Full GC367.860: [Tenured: 136575K->128676K(136576K), 0.2415140 secs] 198015K->128676K(198016K), [Perm : 9062K->9062K(21248K)], 0.2415590 secs] [Times: user=0.24 sys=0.00, real=0.25 secs] 
368.102: Total time for which application threads were stopped: 0.2416470 seconds, Stopping threads took: 0.0000120 seconds
368.130: Application time: 0.0286110 seconds
368.130: [GC368.130: [DefNew: 54656K->54656K(61440K), 0.0000100 secs]368.130: [Tenured: 128676K->126687K(136576K), 0.2106510 secs] 183332K->126687K(198016K), [Perm : 9062K->9062K(21248K)], 0.2107090 secs] [Times: user=0.21 sys=0.00, real=0.21 secs] 
368.341: Total time for which application threads were stopped: 0.2108900 seconds, Stopping threads took: 0.0000980 seconds
368.370: Application time: 0.0290860 seconds
368.370: [GC368.370: [DefNew: 54656K->54656K(61440K), 0.0000100 secs]368.370: [Tenured: 126687K->118628K(136576K), 0.1961340 secs] 181343K->118628K(198016K), [Perm : 9062K->9062K(21248K)], 0.1961930 secs] [Times: user=0.20 sys=0.00, real=0.19 secs] 
368.566: Total time for which application threads were stopped: 0.1963260 seconds, Stopping threads took: 0.0000620 seconds
368.595: Application time: 0.0288100 seconds
368.596: [GC368.596: [DefNew: 54656K->54656K(61440K), 0.0000090 secs]368.596: [Tenured: 118628K->98893K(136576K), 0.1656980 secs] 173284K->98893K(198016K), [Perm : 9062K->9062K(21248K)], 0.1657540 secs] [Times: user=0.17 sys=0.00, real=0.17 secs] 
368.761: Total time for which application threads were stopped: 0.1660470 seconds, Stopping threads took: 0.0002010 seconds
368.782: Application time: 0.0211270 seconds
368.783: [GC368.783: [DefNew: 54656K->6784K(61440K), 0.0199520 secs] 153549K->110986K(198016K), 0.0199910 secs] [Times: user=0.02 sys=0.00, real=0.02 secs] 
368.803: Total time for which application threads were stopped: 0.0201220 seconds, Stopping threads took: 0.0000420 seconds
368.817: Application time: 0.0142990 seconds
368.819: [GC368.819: [DefNew: 61440K->6783K(61440K), 0.0332870 secs] 165642K->129199K(198016K), 0.0333290 secs] [Times: user=0.03 sys=0.00, real=0.04 secs] 
368.852: Total time for which application threads were stopped: 0.0354570 seconds, Stopping threads took: 0.0020440 seconds
368.867: Application time: 0.0147710 seconds
368.867: [GC368.867: [DefNew: 61439K->61439K(61440K), 0.0000090 secs]368.867: [Tenured: 122415K->92454K(136576K), 0.1413190 secs] 183855K->92454K(198016K), [Perm : 9062K->9062K(21248K)], 0.1413780 secs] [Times: user=0.15 sys=0.00, real=0.14 secs] 
369.009: Total time for which application threads were stopped: 0.1415030 seconds, Stopping threads took: 0.0000510 seconds
369.022: Application time: 0.0136600 seconds
369.023: [GC369.023: [DefNew: 54656K->6783K(61440K), 0.0316350 secs] 147110K->111203K(198016K), 0.0316790 secs] [Times: user=0.03 sys=0.00, real=0.03 secs] 
369.054: Total time for which application threads were stopped: 0.0319250 seconds, Stopping threads took: 0.0001520 seconds
369.068: Application time: 0.0138120 seconds
369.068: [GC369.068: [DefNew: 61439K->6783K(61440K), 0.0364040 secs] 165859K->127623K(198016K), 0.0364480 secs] [Times: user=0.03 sys=0.00, real=0.04 secs] 
369.105: Total time for which application threads were stopped: 0.0366870 seconds, Stopping threads took: 0.0001410 seconds
369.121: Application time: 0.0164530 seconds
369.121: [GC369.121: [DefNew: 61419K->61419K(61440K), 0.0000100 secs]369.121: [Tenured: 120839K->136575K(136576K), 0.2223330 secs] 182259K->146640K(198016K), [Perm : 9062K->9062K(21248K)], 0.2223940 secs] [Times: user=0.22 sys=0.00, real=0.22 secs] 
369.344: Total time for which application threads were stopped: 0.2225620 seconds, Stopping threads took: 0.0000950 seconds
369.387: Application time: 0.0433480 seconds
369.387: [Full GC369.387: [Tenured: 136575K->136575K(136576K), 0.2750310 secs] 198015K->169862K(198016K), [Perm : 9062K->9062K(21248K)], 0.2750770 secs] [Times: user=0.27 sys=0.00, real=0.28 secs] 
369.662: Total time for which application threads were stopped: 0.2751690 seconds, Stopping threads took: 0.0000120 seconds
369.712: Application time: 0.0500530 seconds
369.712: [Full GC369.712: [Tenured: 136575K->136575K(136576K), 0.3034160 secs] 198015K->176193K(198016K), [Perm : 9062K->9062K(21248K)], 0.3034620 secs] [Times: user=0.30 sys=0.00, real=0.30 secs] 
370.016: Total time for which application threads were stopped: 0.3035420 seconds, Stopping threads took: 0.0000130 seconds
370.066: Application time: 0.0506240 seconds
370.067: [Full GC370.067: [Tenured: 136575K->136575K(136576K), 0.3179140 secs] 198015K->168994K(198016K), [Perm : 9062K->9062K(21248K)], 0.3179620 secs] [Times: user=0.32 sys=0.00, real=0.32 secs] 
370.385: Total time for which application threads were stopped: 0.3180550 seconds, Stopping threads took: 0.0000130 seconds
370.442: Application time: 0.0578510 seconds
370.442: [Full GC370.442: [Tenured: 136575K->136575K(136576K), 0.2833620 secs] 198015K->171775K(198016K), [Perm : 9062K->9062K(21248K)], 0.2834060 secs] [Times: user=0.28 sys=0.00, real=0.28 secs] 
370.726: Total time for which application threads were stopped: 0.2834850 seconds, Stopping threads took: 0.0000130 seconds
370.782: Application time: 0.0564970 seconds
370.782: [Full GC370.782: [Tenured: 136575K->136575K(136576K), 0.2802660 secs] 198015K->170785K(198016K), [Perm : 9062K->9062K(21248K)], 0.2803100 secs] [Times: user=0.28 sys=0.00, real=0.28 secs] 
371.063: Total time for which application threads were stopped: 0.2804010 seconds, Stopping threads took: 0.0000130 seconds
371.118: Application time: 0.0548080 seconds
371.118: [Full GC371.118: [Tenured: 136576K->136576K(136576K), 0.2851700 secs] 198015K->169150K(198016K), [Perm : 9062K->9062K(21248K)], 0.2852150 secs] [Times: user=0.28 sys=0.00, real=0.29 secs] 
371.403: Total time for which application threads were stopped: 0.2852950 seconds, Stopping threads took: 0.0000130 seconds
371.459: Application time: 0.0559050 seconds
371.459: [Full GC371.459: [Tenured: 136576K->136575K(136576K), 0.2925880 secs] 198016K->156566K(198016K), [Perm : 9062K->9062K(21248K)], 0.2926330 secs] [Times: user=0.30 sys=0.00, real=0.30 secs] 
371.752: Total time for which application threads were stopped: 0.2927340 seconds, Stopping threads took: 0.0000140 seconds
371.819: Application time: 0.0676810 seconds
371.819: [Full GC371.819: [Tenured: 136575K->136575K(136576K), 0.2531230 secs] 198015K->157663K(198016K), [Perm : 9062K->9062K(21248K)], 0.2531680 secs] [Times: user=0.25 sys=0.00, real=0.26 secs] 
372.072: Total time for which application threads were stopped: 0.2532500 seconds, Stopping threads took: 0.0000130 seconds
372.136: Application time: 0.0635000 seconds
372.136: [Full GC372.136: [Tenured: 136575K->136575K(136576K), 0.2670130 secs] 198015K->151345K(198016K), [Perm : 9062K->9062K(21248K)], 0.2670580 secs] [Times: user=0.27 sys=0.00, real=0.27 secs] 
372.403: Total time for which application threads were stopped: 0.2671490 seconds, Stopping threads took: 0.0000140 seconds
372.470: Application time: 0.0672460 seconds
372.470: [Full GC372.470: [Tenured: 136575K->136575K(136576K), 0.2504580 secs] 198015K->142375K(198016K), [Perm : 9062K->9062K(21248K)], 0.2505020 secs] [Times: user=0.25 sys=0.00, real=0.25 secs] 
372.721: Total time for which application threads were stopped: 0.2505810 seconds, Stopping threads took: 0.0000140 seconds
372.792: Application time: 0.0707850 seconds
372.792: [Full GC372.792: [Tenured: 136575K->131362K(136576K), 0.2496320 secs] 198015K->131362K(198016K), [Perm : 9062K->9062K(21248K)], 0.2496760 secs] [Times: user=0.25 sys=0.00, real=0.25 secs] 
373.042: Total time for which application threads were stopped: 0.2497690 seconds, Stopping threads took: 0.0000130 seconds
373.073: Application time: 0.0311330 seconds
373.073: [GC373.073: [DefNew: 54656K->54656K(61440K), 0.0000100 secs]373.073: [Tenured: 131362K->132402K(136576K), 0.2179810 secs] 186018K->132402K(198016K), [Perm : 9062K->9062K(21248K)], 0.2180460 secs] [Times: user=0.21 sys=0.00, real=0.22 secs] 
373.291: Total time for which application threads were stopped: 0.2181980 seconds, Stopping threads took: 0.0000740 seconds
373.318: Application time: 0.0274630 seconds
373.318: [GC373.318: [DefNew: 54656K->54656K(61440K), 0.0000090 secs]373.318: [Tenured: 132402K->126433K(136576K), 0.2194760 secs] 187058K->126433K(198016K), [Perm : 9062K->9062K(21248K)], 0.2195320 secs] [Times: user=0.22 sys=0.00, real=0.22 secs] 
373.538: Total time for which application threads were stopped: 0.2196640 seconds, Stopping threads took: 0.0000470 seconds
373.568: Application time: 0.0297400 seconds
373.568: [GC373.568: [DefNew: 54656K->54656K(61440K), 0.0000090 secs]373.568: [Tenured: 126433K->114667K(136576K), 0.1935930 secs] 181089K->114667K(198016K), [Perm : 9062K->9062K(21248K)], 0.1936480 secs] [Times: user=0.20 sys=0.00, real=0.20 secs] 
373.762: Total time for which application threads were stopped: 0.1937780 seconds, Stopping threads took: 0.0000580 seconds
373.790: Application time: 0.0280960 seconds
373.790: [GC373.790: [DefNew: 54656K->54656K(61440K), 0.0000100 secs]373.790: [Tenured: 114667K->86467K(136576K), 0.1445110 secs] 169323K->86467K(198016K), [Perm : 9062K->9062K(21248K)], 0.1445700 secs] [Times: user=0.15 sys=0.00, real=0.14 secs] 
373.934: Total time for which application threads were stopped: 0.1447410 seconds, Stopping threads took: 0.0001000 seconds
373.952: Application time: 0.0176980 seconds
373.953: [GC373.953: [DefNew: 54524K->6784K(61440K), 0.0212110 secs] 140992K->102109K(198016K), 0.0212500 secs] [Times: user=0.02 sys=0.00, real=0.02 secs] 
373.974: Total time for which application threads were stopped: 0.0220370 seconds, Stopping threads took: 0.0007020 seconds
373.988: Application time: 0.0139570 seconds
373.989: [GC373.989: [DefNew: 61318K->6784K(61440K), 0.0318860 secs] 156644K->120108K(198016K), 0.0319290 secs] [Times: user=0.03 sys=0.00, real=0.03 secs] 
374.021: Total time for which application threads were stopped: 0.0327870 seconds, Stopping threads took: 0.0007840 seconds
374.035: Application time: 0.0140540 seconds
374.035: [GC374.035: [DefNew: 61440K->61440K(61440K), 0.0000100 secs]374.035: [Tenured: 113324K->103514K(136576K), 0.1585560 secs] 174764K->103514K(198016K), [Perm : 9062K->9062K(21248K)], 0.1586210 secs] [Times: user=0.15 sys=0.00, real=0.16 secs] 
374.194: Total time for which application threads were stopped: 0.1589070 seconds, Stopping threads took: 0.0001940 seconds
374.207: Application time: 0.0130680 seconds
374.207: [GC374.207: [DefNew: 54598K->6784K(61440K), 0.0286760 secs] 158112K->122103K(198016K), 0.0287210 secs] [Times: user=0.03 sys=0.00, real=0.03 secs] 
374.236: Total time for which application threads were stopped: 0.0290280 seconds, Stopping threads took: 0.0002110 seconds
374.250: Application time: 0.0138650 seconds
374.250: [GC374.250: [DefNew: 61440K->61440K(61440K), 0.0000090 secs]374.250: [Tenured: 115319K->128877K(136576K), 0.2039990 secs] 176759K->128877K(198016K), [Perm : 9062K->9062K(21248K)], 0.2040580 secs] [Times: user=0.20 sys=0.00, real=0.20 secs] 
374.454: Total time for which application threads were stopped: 0.2041810 seconds, Stopping threads took: 0.0000520 seconds
374.472: Application time: 0.0178270 seconds
374.472: [GC374.472: [DefNew: 54656K->54656K(61440K), 0.0000090 secs]374.472: [Tenured: 128877K->136575K(136576K), 0.2264500 secs] 183533K->150928K(198016K), [Perm : 9062K->9062K(21248K)], 0.2265100 secs] [Times: user=0.22 sys=0.00, real=0.22 secs] 
374.698: Total time for which application threads were stopped: 0.2266830 seconds, Stopping threads took: 0.0000910 seconds
374.753: Application time: 0.0546420 seconds
374.753: [Full GC374.753: [Tenured: 136575K->136575K(136576K), 0.3037230 secs] 198015K->167964K(198016K), [Perm : 9062K->9062K(21248K)], 0.3037660 secs] [Times: user=0.30 sys=0.00, real=0.30 secs] 
375.057: Total time for which application threads were stopped: 0.3038460 seconds, Stopping threads took: 0.0000120 seconds
375.112: Application time: 0.0552690 seconds
375.112: [Full GC375.112: [Tenured: 136575K->136575K(136576K), 0.2839870 secs] 198015K->176246K(198016K), [Perm : 9062K->9062K(21248K)], 0.2840310 secs] [Times: user=0.29 sys=0.00, real=0.28 secs] 
375.396: Total time for which application threads were stopped: 0.2841230 seconds, Stopping threads took: 0.0000120 seconds
375.447: Application time: 0.0508550 seconds
375.447: [Full GC375.447: [Tenured: 136575K->136576K(136576K), 0.2804010 secs] 198015K->175624K(198016K), [Perm : 9062K->9062K(21248K)], 0.2804460 secs] [Times: user=0.28 sys=0.00, real=0.28 secs] 
375.728: Total time for which application threads were stopped: 0.2805260 seconds, Stopping threads took: 0.0000130 seconds
375.782: Application time: 0.0537700 seconds
375.782: [Full GC375.782: [Tenured: 136576K->136575K(136576K), 0.2828690 secs] 198015K->173453K(198016K), [Perm : 9062K->9062K(21248K)], 0.2829140 secs] [Times: user=0.29 sys=0.00, real=0.28 secs] 
376.065: Total time for which application threads were stopped: 0.2830040 seconds, Stopping threads took: 0.0000130 seconds
376.120: Application time: 0.0556840 seconds
376.120: [Full GC376.120: [Tenured: 136575K->136576K(136576K), 0.2989330 secs] 198015K->163677K(198016K), [Perm : 9062K->9062K(21248K)], 0.2989770 secs] [Times: user=0.29 sys=0.00, real=0.30 secs] 
376.419: Total time for which application threads were stopped: 0.2990590 seconds, Stopping threads took: 0.0000120 seconds
376.476: Application time: 0.0566620 seconds
376.476: [Full GC376.476: [Tenured: 136576K->136576K(136576K), 0.2624840 secs] 198015K->164913K(198016K), [Perm : 9062K->9062K(21248K)], 0.2625270 secs] [Times: user=0.26 sys=0.00, real=0.26 secs] 
376.739: Total time for which application threads were stopped: 0.2626220 seconds, Stopping threads took: 0.0000130 seconds
376.795: Application time: 0.0566400 seconds
376.795: [Full GC376.795: [Tenured: 136576K->136575K(136576K), 0.2661350 secs] 198016K->161992K(198016K), [Perm : 9062K->9062K(21248K)], 0.2661800 secs] [Times: user=0.26 sys=0.00, real=0.27 secs] 
377.061: Total time for which application threads were stopped: 0.2662600 seconds, Stopping threads took: 0.0000130 seconds
377.125: Application time: 0.0636430 seconds
377.125: [Full GC377.125: [Tenured: 136575K->136575K(136576K), 0.2673210 secs] 198015K->156621K(198016K), [Perm : 9062K->9062K(21248K)], 0.2673770 secs] [Times: user=0.27 sys=0.00, real=0.27 secs] 
377.393: Total time for which application threads were stopped: 0.2674720 seconds, Stopping threads took: 0.0000130 seconds
377.460: Application time: 0.0671840 seconds
377.460: [Full GC377.460: [Tenured: 136575K->136575K(136576K), 0.2582020 secs] 198015K->141899K(198016K), [Perm : 9062K->9062K(21248K)], 0.2582470 secs] [Times: user=0.25 sys=0.00, real=0.26 secs] 
377.718: Total time for which application threads were stopped: 0.2583290 seconds, Stopping threads took: 0.0000140 seconds
377.785: Application time: 0.0668900 seconds
377.785: [Full GC377.785: [Tenured: 136575K->136575K(136576K), 0.2328210 secs] 198015K->140167K(198016K), [Perm : 9062K->9062K(21248K)], 0.2328650 secs] [Times: user=0.23 sys=0.00, real=0.23 secs] 
378.018: Total time for which application threads were stopped: 0.2329560 seconds, Stopping threads took: 0.0000130 seconds
378.093: Application time: 0.0752360 seconds
378.093: [Full GC378.093: [Tenured: 136575K->136575K(136576K), 0.2403790 secs] 198015K->138154K(198016K), [Perm : 9062K->9062K(21248K)], 0.2404260 secs] [Times: user=0.25 sys=0.00, real=0.24 secs] 
378.335: Total time for which application threads were stopped: 0.2420790 seconds, Stopping threads took: 0.0000140 seconds
378.403: Application time: 0.0681270 seconds
378.403: [Full GC378.403: [Tenured: 136575K->128030K(136576K), 0.2228180 secs] 198015K->128030K(198016K), [Perm : 9062K->9062K(21248K)], 0.2228610 secs] [Times: user=0.22 sys=0.00, real=0.22 secs] 
378.626: Total time for which application threads were stopped: 0.2229560 seconds, Stopping threads took: 0.0000140 seconds
378.655: Application time: 0.0286510 seconds
378.655: [GC378.655: [DefNew: 54656K->54656K(61440K), 0.0000090 secs]378.655: [Tenured: 128030K->114781K(136576K), 0.2075700 secs] 182686K->114781K(198016K), [Perm : 9062K->9062K(21248K)], 0.2076220 secs] [Times: user=0.20 sys=0.00, real=0.21 secs] 
378.863: Total time for which application threads were stopped: 0.2077970 seconds, Stopping threads took: 0.0001000 seconds
378.893: Application time: 0.0304990 seconds
378.897: [GC378.897: [DefNew: 54656K->54656K(61440K), 0.0000110 secs]378.897: [Tenured: 114781K->105418K(136576K), 0.1682020 secs] 169437K->105418K(198016K), [Perm : 9062K->9062K(21248K)], 0.1682590 secs] [Times: user=0.17 sys=0.00, real=0.17 secs] 
379.065: Total time for which application threads were stopped: 0.1718500 seconds, Stopping threads took: 0.0035210 seconds
379.089: Application time: 0.0234160 seconds
379.089: [GC379.089: [DefNew: 54656K->6784K(61440K), 0.0189210 secs] 160074K->115469K(198016K), 0.0189630 secs] [Times: user=0.02 sys=0.00, real=0.02 secs] 
379.108: Total time for which application threads were stopped: 0.0191200 seconds, Stopping threads took: 0.0000710 seconds
379.123: Application time: 0.0154000 seconds
379.125: [GC379.125: [DefNew: 61440K->6784K(61440K), 0.0386940 secs] 170125K->132640K(198016K), 0.0387370 secs] [Times: user=0.03 sys=0.00, real=0.04 secs] 
379.164: Total time for which application threads were stopped: 0.0405430 seconds, Stopping threads took: 0.0017110 seconds
379.178: Application time: 0.0145480 seconds
379.181: [GC379.181: [DefNew: 61440K->61440K(61440K), 0.0000100 secs]379.181: [Tenured: 125856K->90580K(136576K), 0.1425470 secs] 187296K->90580K(198016K), [Perm : 9062K->9062K(21248K)], 0.1426030 secs] [Times: user=0.14 sys=0.00, real=0.14 secs] 
379.324: Total time for which application threads were stopped: 0.1454460 seconds, Stopping threads took: 0.0027490 seconds
379.337: Application time: 0.0132170 seconds
379.337: [GC379.337: [DefNew: 54656K->6784K(61440K), 0.0258940 secs] 145236K->109748K(198016K), 0.0259370 secs] [Times: user=0.03 sys=0.00, real=0.03 secs] 
379.363: Total time for which application threads were stopped: 0.0261070 seconds, Stopping threads took: 0.0000950 seconds
379.376: Application time: 0.0134930 seconds
379.378: [GC379.378: [DefNew: 61440K->6784K(61440K), 0.0340940 secs] 164404K->126145K(198016K), 0.0341370 secs] [Times: user=0.04 sys=0.00, real=0.04 secs] 
379.412: Total time for which application threads were stopped: 0.0353570 seconds, Stopping threads took: 0.0011160 seconds
379.427: Application time: 0.0152290 seconds
379.427: [GC379.427: [DefNew: 61440K->61440K(61440K), 0.0000090 secs]379.427: [Tenured: 119361K->136576K(136576K), 0.2313450 secs] 180801K->137427K(198016K), [Perm : 9062K->9062K(21248K)], 0.2314030 secs] [Times: user=0.23 sys=0.00, real=0.23 secs] 
379.659: Total time for which application threads were stopped: 0.2315240 seconds, Stopping threads took: 0.0000450 seconds
379.708: Application time: 0.0497600 seconds
379.708: [Full GC379.708: [Tenured: 136576K->136560K(136576K), 0.3011570 secs] 198015K->162981K(198016K), [Perm : 9062K->9062K(21248K)], 0.3012020 secs] [Times: user=0.30 sys=0.00, real=0.31 secs] 
380.010: Total time for which application threads were stopped: 0.3012940 seconds, Stopping threads took: 0.0000130 seconds
380.064: Application time: 0.0545300 seconds
380.064: [Full GC380.064: [Tenured: 136576K->136576K(136576K), 0.2942560 secs] 198016K->176572K(198016K), [Perm : 9062K->9062K(21248K)], 0.2943010 secs] [Times: user=0.29 sys=0.00, real=0.29 secs] 
380.359: Total time for which application threads were stopped: 0.2943800 seconds, Stopping threads took: 0.0000130 seconds
380.408: Application time: 0.0497520 seconds
380.408: [Full GC380.408: [Tenured: 136576K->136575K(136576K), 0.2897010 secs] 198015K->177098K(198016K), [Perm : 9062K->9062K(21248K)], 0.2897460 secs] [Times: user=0.29 sys=0.00, real=0.29 secs] 
380.698: Total time for which application threads were stopped: 0.2898350 seconds, Stopping threads took: 0.0000130 seconds
380.750: Application time: 0.0516700 seconds
380.750: [Full GC380.750: [Tenured: 136576K->136575K(136576K), 0.2894260 secs] 198016K->174699K(198016K), [Perm : 9062K->9062K(21248K)], 0.2894730 secs] [Times: user=0.29 sys=0.00, real=0.28 secs] 
381.039: Total time for which application threads were stopped: 0.2895540 seconds, Stopping threads took: 0.0000140 seconds
381.093: Application time: 0.0535670 seconds
381.093: [Full GC381.093: [Tenured: 136575K->136576K(136576K), 0.3058280 secs] 198015K->164525K(198016K), [Perm : 9062K->9062K(21248K)], 0.3058750 secs] [Times: user=0.30 sys=0.00, real=0.30 secs] 
381.399: Total time for which application threads were stopped: 0.3059690 seconds, Stopping threads took: 0.0000130 seconds
381.457: Application time: 0.0577110 seconds
381.457: [Full GC381.457: [Tenured: 136576K->136576K(136576K), 0.2716400 secs] 198016K->165827K(198016K), [Perm : 9062K->9062K(21248K)], 0.2716860 secs] [Times: user=0.28 sys=0.00, real=0.27 secs] 
381.728: Total time for which application threads were stopped: 0.2717680 seconds, Stopping threads took: 0.0000130 seconds
381.788: Application time: 0.0597470 seconds
381.788: [Full GC381.788: [Tenured: 136576K->136576K(136576K), 0.2731670 secs] 198015K->163741K(198016K), [Perm : 9062K->9062K(21248K)], 0.2732120 secs] [Times: user=0.28 sys=0.00, real=0.28 secs] 
382.061: Total time for which application threads were stopped: 0.2733030 seconds, Stopping threads took: 0.0000140 seconds
382.122: Application time: 0.0606670 seconds
382.122: [Full GC382.122: [Tenured: 136576K->136575K(136576K), 0.2795010 secs] 198016K->158742K(198016K), [Perm : 9062K->9062K(21248K)], 0.2795460 secs] [Times: user=0.28 sys=0.00, real=0.28 secs] 
382.402: Total time for which application threads were stopped: 0.2796280 seconds, Stopping threads took: 0.0000130 seconds
382.464: Application time: 0.0622810 seconds
382.464: [Full GC382.464: [Tenured: 136576K->136575K(136576K), 0.2693060 secs] 198016K->144569K(198016K), [Perm : 9062K->9062K(21248K)], 0.2693520 secs] [Times: user=0.27 sys=0.00, real=0.27 secs] 
382.733: Total time for which application threads were stopped: 0.2694430 seconds, Stopping threads took: 0.0000130 seconds
382.800: Application time: 0.0664180 seconds
382.800: [Full GC382.800: [Tenured: 136575K->136575K(136576K), 0.2419310 secs] 198015K->142272K(198016K), [Perm : 9062K->9062K(21248K)], 0.2419760 secs] [Times: user=0.24 sys=0.00, real=0.25 secs] 
383.042: Total time for which application threads were stopped: 0.2420670 seconds, Stopping threads took: 0.0000140 seconds
383.114: Application time: 0.0720490 seconds
383.114: [Full GC383.114: [Tenured: 136576K->136575K(136576K), 0.2438960 secs] 198016K->137786K(198016K), [Perm : 9062K->9062K(21248K)], 0.2439470 secs] [Times: user=0.24 sys=0.00, real=0.24 secs] 
383.358: Total time for which application threads were stopped: 0.2440510 seconds, Stopping threads took: 0.0000130 seconds
383.433: Application time: 0.0750480 seconds
383.433: [Full GC383.433: [Tenured: 136575K->131150K(136576K), 0.2332720 secs] 198015K->131150K(198016K), [Perm : 9062K->9062K(21248K)], 0.2333180 secs] [Times: user=0.24 sys=0.00, real=0.23 secs] 
383.666: Total time for which application threads were stopped: 0.2333990 seconds, Stopping threads took: 0.0000140 seconds
383.694: Application time: 0.0275510 seconds
383.694: [GC383.694: [DefNew: 54656K->54656K(61440K), 0.0000090 secs]383.694: [Tenured: 131150K->118495K(136576K), 0.2177390 secs] 185806K->118495K(198016K), [Perm : 9062K->9062K(21248K)], 0.2177970 secs] [Times: user=0.21 sys=0.00, real=0.22 secs] 
383.912: Total time for which application threads were stopped: 0.2179820 seconds, Stopping threads took: 0.0001040 seconds
383.943: Application time: 0.0308350 seconds
383.943: [GC383.943: [DefNew: 54656K->54656K(61440K), 0.0000090 secs]383.943: [Tenured: 118495K->112455K(136576K), 0.1889290 secs] 173151K->112455K(198016K), [Perm : 9062K->9062K(21248K)], 0.1889890 secs] [Times: user=0.19 sys=0.00, real=0.19 secs] 
384.132: Total time for which application threads were stopped: 0.1892000 seconds, Stopping threads took: 0.0001410 seconds
384.161: Application time: 0.0290450 seconds
384.161: [GC384.161: [DefNew: 54656K->54656K(61440K), 0.0000100 secs]384.161: [Tenured: 112455K->88288K(136576K), 0.1332800 secs] 167111K->88288K(198016K), [Perm : 9062K->9062K(21248K)], 0.1333370 secs] [Times: user=0.13 sys=0.00, real=0.13 secs] 
384.295: Total time for which application threads were stopped: 0.1334670 seconds, Stopping threads took: 0.0000600 seconds
384.310: Application time: 0.0150020 seconds
384.310: [GC384.310: [DefNew: 54410K->6784K(61440K), 0.0237860 secs] 142699K->105816K(198016K), 0.0238300 secs] [Times: user=0.02 sys=0.00, real=0.02 secs] 
384.334: Total time for which application threads were stopped: 0.0240290 seconds, Stopping threads took: 0.0001150 seconds
384.347: Application time: 0.0137590 seconds
384.348: [GC384.348: [DefNew: 61440K->6783K(61440K), 0.0294830 secs] 160472K->124092K(198016K), 0.0295250 secs] [Times: user=0.03 sys=0.00, real=0.03 secs] 
384.377: Total time for which application threads were stopped: 0.0297590 seconds, Stopping threads took: 0.0001580 seconds
384.391: Application time: 0.0134330 seconds
384.391: [GC384.391: [DefNew: 61439K->61439K(61440K), 0.0000090 secs]384.391: [Tenured: 117308K->95095K(136576K), 0.1467230 secs] 178748K->95095K(198016K), [Perm : 9062K->9062K(21248K)], 0.1467820 secs] [Times: user=0.15 sys=0.00, real=0.14 secs] 
384.538: Total time for which application threads were stopped: 0.1469610 seconds, Stopping threads took: 0.0001050 seconds
384.550: Application time: 0.0128090 seconds
384.550: [GC384.551: [DefNew: 54656K->6784K(61440K), 0.0312090 secs] 149751K->115109K(198016K), 0.0312510 secs] [Times: user=0.03 sys=0.00, real=0.03 secs] 
384.582: Total time for which application threads were stopped: 0.0314370 seconds, Stopping threads took: 0.0001120 seconds
384.595: Application time: 0.0129530 seconds
384.595: [GC384.595: [DefNew: 61440K->61440K(61440K), 0.0000090 secs]384.595: [Tenured: 108325K->126439K(136576K), 0.2094490 secs] 169765K->126439K(198016K), [Perm : 9062K->9062K(21248K)], 0.2095080 secs] [Times: user=0.21 sys=0.00, real=0.21 secs] 
384.804: Total time for which application threads were stopped: 0.2097130 seconds, Stopping threads took: 0.0001130 seconds
384.821: Application time: 0.0167300 seconds
384.821: [GC384.821: [DefNew: 54656K->54656K(61440K), 0.0000100 secs]384.821: [Tenured: 126439K->136575K(136576K), 0.2304450 secs] 181095K->148084K(198016K), [Perm : 9062K->9062K(21248K)], 0.2305140 secs] [Times: user=0.23 sys=0.00, real=0.23 secs] 
385.052: Total time for which application threads were stopped: 0.2307250 seconds, Stopping threads took: 0.0001290 seconds
385.113: Application time: 0.0608150 seconds
385.113: [Full GC385.113: [Tenured: 136575K->136575K(136576K), 0.2909230 secs] 198015K->174445K(198016K), [Perm : 9062K->9062K(21248K)], 0.2909660 secs] [Times: user=0.29 sys=0.00, real=0.29 secs] 
385.404: Total time for which application threads were stopped: 0.2910450 seconds, Stopping threads took: 0.0000130 seconds
385.455: Application time: 0.0509880 seconds
385.455: [Full GC385.455: [Tenured: 136575K->136575K(136576K), 0.2870630 secs] 198015K->178770K(198016K), [Perm : 9062K->9062K(21248K)], 0.2871070 secs] [Times: user=0.28 sys=0.00, real=0.29 secs] 
385.742: Total time for which application threads were stopped: 0.2872010 seconds, Stopping threads took: 0.0000140 seconds
385.787: Application time: 0.0452470 seconds
385.787: [Full GC385.787: [Tenured: 136575K->136576K(136576K), 0.3135960 secs] 198015K->169471K(198016K), [Perm : 9062K->9062K(21248K)], 0.3136410 secs] [Times: user=0.31 sys=0.00, real=0.32 secs] 
386.101: Total time for which application threads were stopped: 0.3137220 seconds, Stopping threads took: 0.0000130 seconds
386.154: Application time: 0.0528820 seconds
386.154: [Full GC386.154: [Tenured: 136576K->136576K(136576K), 0.2739250 secs] 198015K->169922K(198016K), [Perm : 9062K->9062K(21248K)], 0.2739720 secs] [Times: user=0.28 sys=0.00, real=0.27 secs] 
386.428: Total time for which application threads were stopped: 0.2740670 seconds, Stopping threads took: 0.0000130 seconds
386.485: Application time: 0.0566760 seconds
386.485: [Full GC386.485: [Tenured: 136576K->136576K(136576K), 0.2771240 secs] 198015K->169176K(198016K), [Perm : 9062K->9062K(21248K)], 0.2771680 secs] [Times: user=0.28 sys=0.00, real=0.28 secs] 
386.762: Total time for which application threads were stopped: 0.2772510 seconds, Stopping threads took: 0.0000140 seconds
386.814: Application time: 0.0523190 seconds
386.814: [Full GC386.814: [Tenured: 136576K->136576K(136576K), 0.2760750 secs] 198016K->166856K(198016K), [Perm : 9062K->9062K(21248K)], 0.2761200 secs] [Times: user=0.27 sys=0.00, real=0.28 secs] 
387.090: Total time for which application threads were stopped: 0.2762090 seconds, Stopping threads took: 0.0000130 seconds
387.152: Application time: 0.0613580 seconds
387.152: [Full GC387.152: [Tenured: 136576K->136575K(136576K), 0.2854070 secs] 198016K->154778K(198016K), [Perm : 9062K->9062K(21248K)], 0.2854500 secs] [Times: user=0.28 sys=0.00, real=0.28 secs] 
387.437: Total time for which application threads were stopped: 0.2855330 seconds, Stopping threads took: 0.0000130 seconds
387.496: Application time: 0.0589620 seconds
387.496: [Full GC387.496: [Tenured: 136576K->136576K(136576K), 0.2529670 secs] 198016K->156819K(198016K), [Perm : 9062K->9062K(21248K)], 0.2530120 secs] [Times: user=0.25 sys=0.00, real=0.26 secs] 
387.749: Total time for which application threads were stopped: 0.2531060 seconds, Stopping threads took: 0.0000140 seconds
387.814: Application time: 0.0647450 seconds
387.814: [Full GC387.814: [Tenured: 136576K->136575K(136576K), 0.2535620 secs] 198015K->147116K(198016K), [Perm : 9062K->9062K(21248K)], 0.2536070 secs] [Times: user=0.26 sys=0.00, real=0.25 secs] 
388.068: Total time for which application threads were stopped: 0.2536870 seconds, Stopping threads took: 0.0000130 seconds
388.138: Application time: 0.0701040 seconds
388.138: [Full GC388.138: [Tenured: 136576K->136575K(136576K), 0.2429960 secs] 198016K->139273K(198016K), [Perm : 9062K->9062K(21248K)], 0.2430390 secs] [Times: user=0.24 sys=0.00, real=0.25 secs] 
388.381: Total time for which application threads were stopped: 0.2431430 seconds, Stopping threads took: 0.0000130 seconds
388.458: Application time: 0.0769200 seconds
388.458: [Full GC388.458: [Tenured: 136575K->131236K(136576K), 0.2504890 secs] 198015K->131236K(198016K), [Perm : 9062K->9062K(21248K)], 0.2505410 secs] [Times: user=0.25 sys=0.00, real=0.25 secs] 
388.709: Total time for which application threads were stopped: 0.2506210 seconds, Stopping threads took: 0.0000130 seconds
388.738: Application time: 0.0295390 seconds
388.738: [GC388.738: [DefNew: 54656K->54656K(61440K), 0.0000100 secs]388.738: [Tenured: 131236K->127909K(136576K), 0.2177210 secs] 185892K->127909K(198016K), [Perm : 9062K->9062K(21248K)], 0.2177780 secs] [Times: user=0.21 sys=0.00, real=0.22 secs] 
388.956: Total time for which application threads were stopped: 0.2179590 seconds, Stopping threads took: 0.0000940 seconds
388.984: Application time: 0.0280840 seconds
388.985: [GC388.985: [DefNew: 54656K->54656K(61440K), 0.0000090 secs]388.985: [Tenured: 127909K->122487K(136576K), 0.2059160 secs] 182565K->122487K(198016K), [Perm : 9062K->9062K(21248K)], 0.2059720 secs] [Times: user=0.21 sys=0.00, real=0.21 secs] 
389.191: Total time for which application threads were stopped: 0.2066710 seconds, Stopping threads took: 0.0006280 seconds
389.222: Application time: 0.0311180 seconds
389.223: [GC389.223: [DefNew: 54656K->54656K(61440K), 0.0000090 secs]389.223: [Tenured: 122487K->105546K(136576K), 0.1713070 secs] 177143K->105546K(198016K), [Perm : 9062K->9062K(21248K)], 0.1713620 secs] [Times: user=0.17 sys=0.00, real=0.17 secs] 
389.394: Total time for which application threads were stopped: 0.1725260 seconds, Stopping threads took: 0.0010950 seconds
389.419: Application time: 0.0241550 seconds
389.419: [GC389.419: [DefNew: 54656K->6784K(61440K), 0.0187260 secs] 160202K->114206K(198016K), 0.0187660 secs] [Times: user=0.02 sys=0.00, real=0.02 secs] 
389.438: Total time for which application threads were stopped: 0.0189450 seconds, Stopping threads took: 0.0000980 seconds
389.453: Application time: 0.0150220 seconds
389.453: [GC389.453: [DefNew: 61440K->6784K(61440K), 0.0353120 secs] 168862K->132910K(198016K), 0.0353570 secs] [Times: user=0.04 sys=0.00, real=0.03 secs] 
389.488: Total time for which application threads were stopped: 0.0354960 seconds, Stopping threads took: 0.0000530 seconds
389.502: Application time: 0.0141950 seconds
389.502: [GC389.502: [DefNew: 61440K->61440K(61440K), 0.0000090 secs]389.502: [Tenured: 126126K->87968K(136576K), 0.1369470 secs] 187566K->87968K(198016K), [Perm : 9062K->9062K(21248K)], 0.1370070 secs] [Times: user=0.14 sys=0.00, real=0.13 secs] 
389.639: Total time for which application threads were stopped: 0.1372210 seconds, Stopping threads took: 0.0001210 seconds
389.653: Application time: 0.0134380 seconds
389.653: [GC389.653: [DefNew: 54656K->6784K(61440K), 0.0318170 secs] 142624K->108215K(198016K), 0.0318600 secs] [Times: user=0.03 sys=0.00, real=0.03 secs] 
389.685: Total time for which application threads were stopped: 0.0321150 seconds, Stopping threads took: 0.0001610 seconds
389.698: Application time: 0.0128150 seconds
389.698: [GC389.698: [DefNew: 61440K->6784K(61440K), 0.0277260 secs] 162871K->122753K(198016K), 0.0277700 secs] [Times: user=0.03 sys=0.00, real=0.03 secs] 
389.726: Total time for which application threads were stopped: 0.0278680 seconds, Stopping threads took: 0.0000220 seconds
389.745: Application time: 0.0195260 seconds
389.745: [GC389.745: [DefNew: 61440K->61440K(61440K), 0.0000100 secs]389.745: [Tenured: 115969K->136575K(136576K), 0.2407800 secs] 177409K->144185K(198016K), [Perm : 9062K->9062K(21248K)], 0.2408380 secs] [Times: user=0.24 sys=0.00, real=0.24 secs] 
389.986: Total time for which application threads were stopped: 0.2410510 seconds, Stopping threads took: 0.0001240 seconds
390.049: Application time: 0.0621920 seconds
390.049: [Full GC390.049: [Tenured: 136575K->136575K(136576K), 0.2741640 secs] 198015K->167644K(198016K), [Perm : 9062K->9062K(21248K)], 0.2742090 secs] [Times: user=0.27 sys=0.00, real=0.28 secs] 
390.323: Total time for which application threads were stopped: 0.2743010 seconds, Stopping threads took: 0.0000130 seconds
390.377: Application time: 0.0544870 seconds
390.377: [Full GC390.377: [Tenured: 136575K->136575K(136576K), 0.2656850 secs] 198015K->163787K(198016K), [Perm : 9062K->9062K(21248K)], 0.2657390 secs] [Times: user=0.27 sys=0.00, real=0.27 secs] 
390.643: Total time for which application threads were stopped: 0.2658220 seconds, Stopping threads took: 0.0000140 seconds
390.700: Application time: 0.0569230 seconds
390.700: [Full GC390.700: [Tenured: 136575K->136575K(136576K), 0.2805540 secs] 198015K->153501K(198016K), [Perm : 9062K->9062K(21248K)], 0.2805970 secs] [Times: user=0.28 sys=0.00, real=0.29 secs] 
390.981: Total time for which application threads were stopped: 0.2807010 seconds, Stopping threads took: 0.0000130 seconds
391.043: Application time: 0.0622880 seconds
391.043: [Full GC391.043: [Tenured: 136575K->136575K(136576K), 0.2445020 secs] 198015K->154651K(198016K), [Perm : 9062K->9062K(21248K)], 0.2445460 secs] [Times: user=0.24 sys=0.00, real=0.24 secs] 
391.288: Total time for which application threads were stopped: 0.2446270 seconds, Stopping threads took: 0.0000130 seconds
391.351: Application time: 0.0634900 seconds
391.351: [Full GC391.351: [Tenured: 136576K->136575K(136576K), 0.2585190 secs] 198016K->148854K(198016K), [Perm : 9062K->9062K(21248K)], 0.2585630 secs] [Times: user=0.25 sys=0.00, real=0.26 secs] 
391.610: Total time for which application threads were stopped: 0.2586590 seconds, Stopping threads took: 0.0000130 seconds
391.678: Application time: 0.0678930 seconds
391.678: [Full GC391.678: [Tenured: 136575K->136576K(136576K), 0.2448810 secs] 198015K->140496K(198016K), [Perm : 9062K->9062K(21248K)], 0.2449250 secs] [Times: user=0.24 sys=0.00, real=0.25 secs] 
391.923: Total time for which application threads were stopped: 0.2450060 seconds, Stopping threads took: 0.0000130 seconds
391.993: Application time: 0.0699490 seconds
391.993: [Full GC391.993: [Tenured: 136576K->124411K(136576K), 0.2289100 secs] 198016K->124411K(198016K), [Perm : 9062K->9062K(21248K)], 0.2289520 secs] [Times: user=0.23 sys=0.00, real=0.23 secs] 
392.222: Total time for which application threads were stopped: 0.2290450 seconds, Stopping threads took: 0.0000120 seconds
392.253: Application time: 0.0313440 seconds
392.253: [GC392.253: [DefNew: 54656K->54656K(61440K), 0.0000090 secs]392.253: [Tenured: 124411K->126448K(136576K), 0.2113520 secs] 179067K->126448K(198016K), [Perm : 9062K->9062K(21248K)], 0.2114110 secs] [Times: user=0.21 sys=0.00, real=0.21 secs] 
392.465: Total time for which application threads were stopped: 0.2115500 seconds, Stopping threads took: 0.0000700 seconds
392.497: Application time: 0.0319090 seconds
392.497: [GC392.497: [DefNew: 54656K->54656K(61440K), 0.0000100 secs]392.497: [Tenured: 126448K->116100K(136576K), 0.1918900 secs] 181104K->116100K(198016K), [Perm : 9062K->9062K(21248K)], 0.1919480 secs] [Times: user=0.20 sys=0.00, real=0.19 secs] 
392.689: Total time for which application threads were stopped: 0.1920880 seconds, Stopping threads took: 0.0000560 seconds
392.725: Application time: 0.0368170 seconds
392.726: [GC392.726: [DefNew: 54656K->54656K(61440K), 0.0000090 secs]392.726: [Tenured: 116100K->106771K(136576K), 0.1697690 secs] 170756K->106771K(198016K), [Perm : 9062K->9062K(21248K)], 0.1698280 secs] [Times: user=0.17 sys=0.00, real=0.17 secs] 
392.895: Total time for which application threads were stopped: 0.1699510 seconds, Stopping threads took: 0.0000520 seconds
392.989: Application time: 0.0932880 seconds
392.989: [GC392.989: [DefNew: 54656K->3500K(61440K), 0.0189550 secs] 161427K->110271K(198016K), 0.0189890 secs] [Times: user=0.02 sys=0.00, real=0.01 secs] 
393.008: Total time for which application threads were stopped: 0.0190780 seconds, Stopping threads took: 0.0000130 seconds
393.177: Application time: 0.1687940 seconds
393.177: Total time for which application threads were stopped: 0.0000780 seconds, Stopping threads took: 0.0000120 seconds
393.405: Application time: 0.2281140 seconds
393.405: Total time for which application threads were stopped: 0.0000390 seconds, Stopping threads took: 0.0000080 seconds
Heap
 def new generation   total 61440K, used 42885K [0x00000000ee600000, 0x00000000f28a0000, 0x00000000f28a0000)
  eden space 54656K,  72% used [0x00000000ee600000, 0x00000000f0c764e0, 0x00000000f1b60000)
  from space 6784K,  51% used [0x00000000f2200000, 0x00000000f256b140, 0x00000000f28a0000)
  to   space 6784K,   0% used [0x00000000f1b60000, 0x00000000f1b60000, 0x00000000f2200000)
 tenured generation   total 136576K, used 106771K [0x00000000f28a0000, 0x00000000fae00000, 0x00000000fae00000)
   the space 136576K,  78% used [0x00000000f28a0000, 0x00000000f90e4cf0, 0x00000000f90e4e00, 0x00000000fae00000)
 compacting perm gen  total 21248K, used 16513K [0x00000000fae00000, 0x00000000fc2c0000, 0x0000000100000000)
   the space 21248K,  77% used [0x00000000fae00000, 0x00000000fbe205b0, 0x00000000fbe20600, 0x00000000fc2c0000)
No shared spaces configured.
393.405: Application time: 0.0001850 seconds
