Java HotSpot(TM) 64-Bit Server VM (24.80-b11) for linux-amd64 JRE (1.7.0_80-b15), built on Apr 10 2015 19:53:14 by "java_re" with gcc 4.3.0 20080428 (Red Hat 4.3.0-8)
Memory: 4k page, physical 8000092k(5821572k free), swap 8218620k(8218620k free)
CommandLine flags: -XX:+CMSParallelRemarkEnabled -XX:InitialHeapSize=128001472 -XX:MaxHeapSize=2048023552 -XX:+PrintGC -XX:+PrintGCApplicationConcurrentTime -XX:+PrintGCApplicationStoppedTime -XX:+PrintGCDetails -XX:+PrintGCTimeStamps -XX:+UseCompressedOops -XX:+UseParallelGC 
1.011: Application time: 0.9841170 seconds
1.011: Total time for which application threads were stopped: 0.0000580 seconds, Stopping threads took: 0.0000230 seconds
4.031: Application time: 3.0202550 seconds
4.031: Total time for which application threads were stopped: 0.0000670 seconds, Stopping threads took: 0.0000100 seconds
14.710: Application time: 10.6791130 seconds
14.710: Total time for which application threads were stopped: 0.0000220 seconds, Stopping threads took: 0.0000070 seconds
14.710: Application time: 0.0000130 seconds
14.710: Total time for which application threads were stopped: 0.0000070 seconds, Stopping threads took: 0.0000030 seconds
14.712: Application time: 0.0013930 seconds
14.712: Total time for which application threads were stopped: 0.0000100 seconds, Stopping threads took: 0.0000040 seconds
14.731: Application time: 0.0192640 seconds
14.731: Total time for which application threads were stopped: 0.0000350 seconds, Stopping threads took: 0.0000100 seconds
14.743: Application time: 0.0121640 seconds
14.743: [GC [PSYoungGen: 11117K->3345K(36864K)] 11117K->3353K(119808K), 0.0022360 secs] [Times: user=0.01 sys=0.00, real=0.01 secs] 
14.746: [Full GC [PSYoungGen: 3345K->0K(36864K)] [ParOldGen: 8K->3145K(82944K)] 3353K->3145K(119808K) [PSPermGen: 5075K->5074K(21504K)], 0.0111440 secs] [Times: user=0.04 sys=0.00, real=0.01 secs] 
14.757: Total time for which application threads were stopped: 0.0135070 seconds, Stopping threads took: 0.0000180 seconds
14.757: Application time: 0.0000420 seconds
14.757: [GC [PSYoungGen: 0K->0K(36864K)] 3145K->3145K(119808K), 0.0002880 secs] [Times: user=0.00 sys=0.00, real=0.00 secs] 
14.757: [Full GC [PSYoungGen: 0K->0K(36864K)] [ParOldGen: 3145K->3145K(82944K)] 3145K->3145K(119808K) [PSPermGen: 5074K->5074K(21504K)], 0.0040460 secs] [Times: user=0.01 sys=0.00, real=0.00 secs] 
14.761: Total time for which application threads were stopped: 0.0044300 seconds, Stopping threads took: 0.0000150 seconds
14.761: Application time: 0.0000460 seconds
14.761: Total time for which application threads were stopped: 0.0000270 seconds, Stopping threads took: 0.0000180 seconds
14.761: Application time: 0.0000250 seconds
14.761: Total time for which application threads were stopped: 0.0000190 seconds, Stopping threads took: 0.0000140 seconds
14.761: Application time: 0.0000330 seconds
14.762: Total time for which application threads were stopped: 0.0000190 seconds, Stopping threads took: 0.0000140 seconds
14.762: Application time: 0.0000150 seconds
14.762: Total time for which application threads were stopped: 0.0000170 seconds, Stopping threads took: 0.0000130 seconds
14.762: Application time: 0.0000160 seconds
14.762: Total time for which application threads were stopped: 0.0000170 seconds, Stopping threads took: 0.0000120 seconds
14.762: Application time: 0.0000110 seconds
14.762: Total time for which application threads were stopped: 0.0000160 seconds, Stopping threads took: 0.0000110 seconds
14.762: Application time: 0.0000110 seconds
14.762: Total time for which application threads were stopped: 0.0000160 seconds, Stopping threads took: 0.0000110 seconds
14.762: Application time: 0.0000100 seconds
14.762: Total time for which application threads were stopped: 0.0000170 seconds, Stopping threads took: 0.0000130 seconds
14.762: Application time: 0.0000560 seconds
14.762: Total time for which application threads were stopped: 0.0000170 seconds, Stopping threads took: 0.0000120 seconds
14.762: Application time: 0.0000140 seconds
14.762: Total time for which application threads were stopped: 0.0000170 seconds, Stopping threads took: 0.0000120 seconds
14.762: Application time: 0.0000660 seconds
14.762: Total time for which application threads were stopped: 0.0000080 seconds, Stopping threads took: 0.0000040 seconds
14.762: Application time: 0.0000140 seconds
14.762: Total time for which application threads were stopped: 0.0000150 seconds, Stopping threads took: 0.0000100 seconds
14.762: Application time: 0.0000120 seconds
14.762: Total time for which application threads were stopped: 0.0000140 seconds, Stopping threads took: 0.0000090 seconds
14.762: Application time: 0.0000140 seconds
14.762: Total time for which application threads were stopped: 0.0000140 seconds, Stopping threads took: 0.0000090 seconds
14.762: Application time: 0.0000130 seconds
14.762: Total time for which application threads were stopped: 0.0000070 seconds, Stopping threads took: 0.0000030 seconds
14.762: Application time: 0.0000130 seconds
14.762: Total time for which application threads were stopped: 0.0000080 seconds, Stopping threads took: 0.0000040 seconds
14.762: Application time: 0.0000140 seconds
14.762: Total time for which application threads were stopped: 0.0000150 seconds, Stopping threads took: 0.0000100 seconds
14.762: Application time: 0.0000140 seconds
14.762: Total time for which application threads were stopped: 0.0000160 seconds, Stopping threads took: 0.0000120 seconds
14.762: Application time: 0.0000130 seconds
14.762: Total time for which application threads were stopped: 0.0000260 seconds, Stopping threads took: 0.0000210 seconds
14.762: Application time: 0.0000130 seconds
14.762: Total time for which application threads were stopped: 0.0000160 seconds, Stopping threads took: 0.0000050 seconds
14.763: Application time: 0.0004030 seconds
14.763: Total time for which application threads were stopped: 0.0000120 seconds, Stopping threads took: 0.0000060 seconds
14.784: Application time: 0.0215330 seconds
14.784: Total time for which application threads were stopped: 0.0000480 seconds, Stopping threads took: 0.0000330 seconds
14.784: Application time: 0.0001380 seconds
14.784: Total time for which application threads were stopped: 0.0001050 seconds, Stopping threads took: 0.0000900 seconds
14.785: Application time: 0.0001890 seconds
14.785: Total time for which application threads were stopped: 0.0000390 seconds, Stopping threads took: 0.0000300 seconds
14.785: Application time: 0.0007400 seconds
14.785: Total time for which application threads were stopped: 0.0000190 seconds, Stopping threads took: 0.0000130 seconds
14.787: Application time: 0.0019110 seconds
14.787: Total time for which application threads were stopped: 0.0000290 seconds, Stopping threads took: 0.0000200 seconds
14.787: Application time: 0.0001740 seconds
14.787: Total time for which application threads were stopped: 0.0000230 seconds, Stopping threads took: 0.0000150 seconds
14.789: Application time: 0.0011170 seconds
14.789: Total time for which application threads were stopped: 0.0001010 seconds, Stopping threads took: 0.0000240 seconds
14.790: Application time: 0.0010900 seconds
14.790: Total time for which application threads were stopped: 0.0000370 seconds, Stopping threads took: 0.0000150 seconds
14.790: Application time: 0.0005560 seconds
14.790: Total time for which application threads were stopped: 0.0000190 seconds, Stopping threads took: 0.0000130 seconds
14.793: Application time: 0.0028040 seconds
14.793: Total time for which application threads were stopped: 0.0000440 seconds, Stopping threads took: 0.0000380 seconds
14.794: Application time: 0.0007030 seconds
14.794: Total time for which application threads were stopped: 0.0000290 seconds, Stopping threads took: 0.0000210 seconds
14.795: Application time: 0.0010270 seconds
14.795: Total time for which application threads were stopped: 0.0000520 seconds, Stopping threads took: 0.0000140 seconds
14.799: Application time: 0.0040590 seconds
14.799: Total time for which application threads were stopped: 0.0000500 seconds, Stopping threads took: 0.0000390 seconds
14.799: Application time: 0.0000290 seconds
14.799: Total time for which application threads were stopped: 0.0000200 seconds, Stopping threads took: 0.0000130 seconds
14.799: Application time: 0.0000280 seconds
14.799: Total time for which application threads were stopped: 0.0000390 seconds, Stopping threads took: 0.0000290 seconds
14.799: Application time: 0.0000280 seconds
14.799: Total time for which application threads were stopped: 0.0000200 seconds, Stopping threads took: 0.0000080 seconds
14.799: Application time: 0.0000130 seconds
14.799: Total time for which application threads were stopped: 0.0000200 seconds, Stopping threads took: 0.0000130 seconds
14.799: Application time: 0.0000140 seconds
14.799: Total time for which application threads were stopped: 0.0000190 seconds, Stopping threads took: 0.0000130 seconds
14.930: Application time: 0.1303880 seconds
14.930: [GC [PSYoungGen: 30263K->5096K(36864K)] 33409K->11614K(119808K), 0.0029390 secs] [Times: user=0.02 sys=0.00, real=0.00 secs] 
14.933: Total time for which application threads were stopped: 0.0031260 seconds, Stopping threads took: 0.0000700 seconds
14.936: Application time: 0.0028390 seconds
14.936: Total time for which application threads were stopped: 0.0001820 seconds, Stopping threads took: 0.0001570 seconds
14.936: Application time: 0.0000230 seconds
14.936: Total time for which application threads were stopped: 0.0000400 seconds, Stopping threads took: 0.0000290 seconds
14.936: Application time: 0.0000170 seconds
14.937: Total time for which application threads were stopped: 0.0005040 seconds, Stopping threads took: 0.0004920 seconds
14.937: Application time: 0.0000150 seconds
14.937: Total time for which application threads were stopped: 0.0000290 seconds, Stopping threads took: 0.0000200 seconds
14.937: Application time: 0.0000170 seconds
14.937: Total time for which application threads were stopped: 0.0000340 seconds, Stopping threads took: 0.0000240 seconds
14.937: Application time: 0.0000150 seconds
14.937: Total time for which application threads were stopped: 0.0000360 seconds, Stopping threads took: 0.0000260 seconds
14.937: Application time: 0.0000130 seconds
14.937: Total time for which application threads were stopped: 0.0000280 seconds, Stopping threads took: 0.0000190 seconds
14.937: Application time: 0.0000140 seconds
14.937: Total time for which application threads were stopped: 0.0000300 seconds, Stopping threads took: 0.0000210 seconds
14.937: Application time: 0.0000150 seconds
14.937: Total time for which application threads were stopped: 0.0000270 seconds, Stopping threads took: 0.0000180 seconds
14.937: Application time: 0.0000130 seconds
14.937: Total time for which application threads were stopped: 0.0000320 seconds, Stopping threads took: 0.0000220 seconds
14.937: Application time: 0.0000140 seconds
14.937: Total time for which application threads were stopped: 0.0000260 seconds, Stopping threads took: 0.0000180 seconds
14.937: Application time: 0.0000110 seconds
14.937: Total time for which application threads were stopped: 0.0000310 seconds, Stopping threads took: 0.0000210 seconds
14.937: Application time: 0.0000160 seconds
14.937: Total time for which application threads were stopped: 0.0000280 seconds, Stopping threads took: 0.0000190 seconds
14.937: Application time: 0.0000130 seconds
14.937: Total time for which application threads were stopped: 0.0000270 seconds, Stopping threads took: 0.0000200 seconds
14.937: Application time: 0.0000110 seconds
14.937: Total time for which application threads were stopped: 0.0000290 seconds, Stopping threads took: 0.0000220 seconds
14.937: Application time: 0.0000110 seconds
14.937: Total time for which application threads were stopped: 0.0000240 seconds, Stopping threads took: 0.0000180 seconds
14.937: Application time: 0.0000110 seconds
14.937: Total time for which application threads were stopped: 0.0000250 seconds, Stopping threads took: 0.0000190 seconds
14.937: Application time: 0.0000150 seconds
14.937: Total time for which application threads were stopped: 0.0000310 seconds, Stopping threads took: 0.0000220 seconds
14.937: Application time: 0.0000130 seconds
14.937: Total time for which application threads were stopped: 0.0000270 seconds, Stopping threads took: 0.0000200 seconds
14.937: Application time: 0.0000120 seconds
14.937: Total time for which application threads were stopped: 0.0000270 seconds, Stopping threads took: 0.0000210 seconds
14.937: Application time: 0.0000110 seconds
14.937: Total time for which application threads were stopped: 0.0000790 seconds, Stopping threads took: 0.0000190 seconds
14.973: Application time: 0.0357630 seconds
14.974: [GC [PSYoungGen: 34027K->4640K(68608K)] 40545K->24822K(151552K), 0.0047840 secs] [Times: user=0.02 sys=0.02, real=0.01 secs] 
14.978: Total time for which application threads were stopped: 0.0052510 seconds, Stopping threads took: 0.0003610 seconds
15.034: Application time: 0.0558050 seconds
15.034: [GC [PSYoungGen: 62365K->4720K(68608K)] 82547K->60038K(151552K), 0.0091880 secs] [Times: user=0.03 sys=0.04, real=0.02 secs] 
15.044: [Full GC [PSYoungGen: 4720K->0K(68608K)] [ParOldGen: 55318K->38199K(116736K)] 60038K->38199K(185344K) [PSPermGen: 5812K->5792K(21504K)], 0.0205150 secs] [Times: user=0.11 sys=0.01, real=0.02 secs] 
15.064: Total time for which application threads were stopped: 0.0298960 seconds, Stopping threads took: 0.0000240 seconds
15.080: Application time: 0.0161970 seconds
15.082: [GC [PSYoungGen: 63488K->256K(106496K)] 101687K->93111K(223232K), 0.0144440 secs] [Times: user=0.09 sys=0.02, real=0.02 secs] 
15.097: [Full GC [PSYoungGen: 256K->0K(106496K)] [ParOldGen: 92855K->65526K(194048K)] 93111K->65526K(300544K) [PSPermGen: 5793K->5793K(21504K)], 0.0182390 secs] [Times: user=0.11 sys=0.01, real=0.01 secs] 
15.115: Total time for which application threads were stopped: 0.0346580 seconds, Stopping threads took: 0.0018330 seconds
15.149: Application time: 0.0335710 seconds
15.154: [GC [PSYoungGen: 98745K->192K(127488K)] 164272K->128183K(321536K), 0.0152350 secs] [Times: user=0.10 sys=0.02, real=0.02 secs] 
15.169: [Full GC [PSYoungGen: 192K->0K(127488K)] [ParOldGen: 127991K->96759K(270848K)] 128183K->96759K(398336K) [PSPermGen: 5796K->5796K(21504K)], 0.0243470 secs] [Times: user=0.17 sys=0.00, real=0.02 secs] 
15.194: Total time for which application threads were stopped: 0.0453280 seconds, Stopping threads took: 0.0055730 seconds
15.249: Application time: 0.0554620 seconds
15.249: [GC [PSYoungGen: 122368K->160K(159744K)] 219127K->159383K(430592K), 0.0152150 secs] [Times: user=0.11 sys=0.01, real=0.02 secs] 
15.265: Total time for which application threads were stopped: 0.0153890 seconds, Stopping threads took: 0.0000840 seconds
15.289: Application time: 0.0244890 seconds
15.305: [GC [PSYoungGen: 147719K->192K(159744K)] 306942K->284343K(462336K), 0.0340090 secs] [Times: user=0.19 sys=0.07, real=0.03 secs] 
15.339: [Full GC [PSYoungGen: 192K->0K(159744K)] [ParOldGen: 284151K->190465K(440832K)] 284343K->190465K(600576K) [PSPermGen: 5806K->5806K(21504K)], 0.0428210 secs] [Times: user=0.31 sys=0.00, real=0.04 secs] 
15.382: Total time for which application threads were stopped: 0.0927090 seconds, Stopping threads took: 0.0157290 seconds
15.412: Application time: 0.0302830 seconds
15.415: [GC [PSYoungGen: 150528K->128K(232448K)] 340993K->315521K(673280K), 0.0290530 secs] [Times: user=0.22 sys=0.00, real=0.04 secs] 
15.445: [Full GC [PSYoungGen: 128K->0K(232448K)] [ParOldGen: 315393K->252929K(557568K)] 315521K->252929K(790016K) [PSPermGen: 5806K->5806K(21504K)], 0.0576650 secs] [Times: user=0.43 sys=0.00, real=0.05 secs] 
15.502: Total time for which application threads were stopped: 0.0900060 seconds, Stopping threads took: 0.0031400 seconds
15.790: Application time: 0.2878620 seconds
15.790: [GC [PSYoungGen: 223744K->384K(232448K)] 476673K->253313K(790016K), 0.0017200 secs] [Times: user=0.02 sys=0.00, real=0.00 secs] 
15.792: Total time for which application threads were stopped: 0.0018780 seconds, Stopping threads took: 0.0000600 seconds
15.872: Application time: 0.0801200 seconds
15.872: [GC [PSYoungGen: 224128K->416K(267776K)] 477057K->253345K(825344K), 0.0017100 secs] [Times: user=0.00 sys=0.00, real=0.00 secs] 
15.874: Total time for which application threads were stopped: 0.0019020 seconds, Stopping threads took: 0.0000880 seconds
15.946: Application time: 0.0717590 seconds
15.946: [GC [PSYoungGen: 267680K->480K(275456K)] 520609K->253409K(833024K), 0.0016870 secs] [Times: user=0.01 sys=0.01, real=0.00 secs] 
15.948: Total time for which application threads were stopped: 0.0018530 seconds, Stopping threads took: 0.0001060 seconds
16.018: Application time: 0.0702530 seconds
16.018: [GC [PSYoungGen: 267744K->416K(305152K)] 520673K->253345K(862720K), 0.0016580 secs] [Times: user=0.01 sys=0.01, real=0.00 secs] 
16.020: Total time for which application threads were stopped: 0.0017820 seconds, Stopping threads took: 0.0000620 seconds
16.099: Application time: 0.0794900 seconds
16.099: [GC [PSYoungGen: 305056K->608K(312320K)] 557985K->253537K(869888K), 0.0016870 secs] [Times: user=0.01 sys=0.00, real=0.00 secs] 
16.101: Total time for which application threads were stopped: 0.0018420 seconds, Stopping threads took: 0.0000700 seconds
16.231: Application time: 0.1297460 seconds
16.231: [GC [PSYoungGen: 305760K->224K(335360K)] 558689K->253161K(892928K), 0.0016880 secs] [Times: user=0.02 sys=0.00, real=0.00 secs] 
16.233: Total time for which application threads were stopped: 0.0018670 seconds, Stopping threads took: 0.0000570 seconds
16.451: Application time: 0.2186730 seconds
16.451: [GC [PSYoungGen: 335072K->480K(341504K)] 588009K->253417K(899072K), 0.0016880 secs] [Times: user=0.01 sys=0.00, real=0.00 secs] 
16.453: Total time for which application threads were stopped: 0.0018690 seconds, Stopping threads took: 0.0000770 seconds
16.537: Application time: 0.0834650 seconds
16.537: [GC [PSYoungGen: 335328K->576K(360960K)] 588265K->253513K(918528K), 0.0016320 secs] [Times: user=0.01 sys=0.00, real=0.00 secs] 
16.538: Total time for which application threads were stopped: 0.0017620 seconds, Stopping threads took: 0.0000670 seconds
16.627: Application time: 0.0889660 seconds
16.627: [GC [PSYoungGen: 358464K->672K(364032K)] 611401K->253609K(921600K), 0.0016640 secs] [Times: user=0.01 sys=0.00, real=0.00 secs] 
16.629: Total time for which application threads were stopped: 0.0017830 seconds, Stopping threads took: 0.0000570 seconds
16.722: Application time: 0.0932590 seconds
16.723: [GC [PSYoungGen: 358560K->576K(373760K)] 611497K->253513K(931328K), 0.0016470 secs] [Times: user=0.01 sys=0.00, real=0.01 secs] 
16.724: Total time for which application threads were stopped: 0.0018010 seconds, Stopping threads took: 0.0000640 seconds
16.832: Application time: 0.1080030 seconds
16.832: [GC [PSYoungGen: 371264K->352K(375808K)] 624201K->253289K(933376K), 0.0016490 secs] [Times: user=0.01 sys=0.01, real=0.00 secs] 
16.834: Total time for which application threads were stopped: 0.0018440 seconds, Stopping threads took: 0.0001010 seconds
17.013: Application time: 0.1786030 seconds
17.013: [GC [PSYoungGen: 371040K->576K(383488K)] 623977K->253513K(941056K), 0.0016680 secs] [Times: user=0.02 sys=0.00, real=0.00 secs] 
17.015: Total time for which application threads were stopped: 0.0018190 seconds, Stopping threads took: 0.0000740 seconds
17.103: Application time: 0.0886570 seconds
17.103: [GC [PSYoungGen: 381504K->512K(385536K)] 634441K->253449K(943104K), 0.0016460 secs] [Times: user=0.01 sys=0.00, real=0.01 secs] 
17.105: Total time for which application threads were stopped: 0.0017870 seconds, Stopping threads took: 0.0000770 seconds
17.193: Application time: 0.0883210 seconds
17.193: [GC [PSYoungGen: 381440K->576K(394240K)] 634377K->253513K(951808K), 0.0016640 secs] [Times: user=0.00 sys=0.00, real=0.00 secs] 
17.195: Total time for which application threads were stopped: 0.0017930 seconds, Stopping threads took: 0.0000670 seconds
17.282: Application time: 0.0867750 seconds
17.282: Total time for which application threads were stopped: 0.0001200 seconds, Stopping threads took: 0.0000900 seconds
17.288: Application time: 0.0058700 seconds
17.288: [GC [PSYoungGen: 391232K->480K(394752K)] 644169K->253417K(952320K), 0.0016670 secs] [Times: user=0.01 sys=0.00, real=0.00 secs] 
17.290: Total time for which application threads were stopped: 0.0017790 seconds, Stopping threads took: 0.0000460 seconds
17.438: Application time: 0.1488030 seconds
17.440: [GC [PSYoungGen: 391136K->528K(401408K)] 644073K->253529K(958976K), 0.0016480 secs] [Times: user=0.01 sys=0.01, real=0.00 secs] 
17.441: Total time for which application threads were stopped: 0.0028450 seconds, Stopping threads took: 0.0011370 seconds
17.580: Application time: 0.1384330 seconds
17.580: [GC [PSYoungGen: 399888K->816K(402944K)] 652889K->253825K(960512K), 0.0016290 secs] [Times: user=0.01 sys=0.00, real=0.00 secs] 
17.582: Total time for which application threads were stopped: 0.0018370 seconds, Stopping threads took: 0.0001310 seconds
17.672: Application time: 0.0909440 seconds
17.673: [GC [PSYoungGen: 400176K->720K(408064K)] 653185K->253737K(965632K), 0.0016240 secs] [Times: user=0.01 sys=0.00, real=0.00 secs] 
17.674: Total time for which application threads were stopped: 0.0017640 seconds, Stopping threads took: 0.0000790 seconds
17.767: Application time: 0.0931090 seconds
17.767: [GC [PSYoungGen: 406224K->640K(408576K)] 659241K->253665K(966144K), 0.0016570 secs] [Times: user=0.01 sys=0.00, real=0.00 secs] 
17.769: Total time for which application threads were stopped: 0.0018000 seconds, Stopping threads took: 0.0000800 seconds
17.869: Application time: 0.0999650 seconds
17.869: [GC [PSYoungGen: 406144K->704K(415232K)] 659169K->253745K(972800K), 0.0016400 secs] [Times: user=0.01 sys=0.00, real=0.00 secs] 
17.871: Total time for which application threads were stopped: 0.0017590 seconds, Stopping threads took: 0.0000560 seconds
18.055: Application time: 0.1843670 seconds
18.055: [GC [PSYoungGen: 412864K->752K(415232K)] 665905K->253809K(972800K), 0.0016510 secs] [Times: user=0.01 sys=0.00, real=0.01 secs] 
18.057: Total time for which application threads were stopped: 0.0017840 seconds, Stopping threads took: 0.0000710 seconds
18.153: Application time: 0.0959920 seconds
18.153: [GC [PSYoungGen: 412912K->800K(420352K)] 665969K->253865K(977920K), 0.0016350 secs] [Times: user=0.01 sys=0.00, real=0.00 secs] 
18.155: Total time for which application threads were stopped: 0.0017760 seconds, Stopping threads took: 0.0000630 seconds
18.250: Application time: 0.0948890 seconds
18.250: [GC [PSYoungGen: 418592K->720K(420352K)] 671657K->253785K(977920K), 0.0017290 secs] [Times: user=0.01 sys=0.00, real=0.00 secs] 
18.252: Total time for which application threads were stopped: 0.0018900 seconds, Stopping threads took: 0.0000970 seconds
18.349: Application time: 0.0978470 seconds
18.350: [GC [PSYoungGen: 418512K->704K(425984K)] 671577K->253769K(983552K), 0.0017410 secs] [Times: user=0.01 sys=0.00, real=0.00 secs] 
18.351: Total time for which application threads were stopped: 0.0018850 seconds, Stopping threads took: 0.0000800 seconds
18.541: Application time: 0.1895900 seconds
18.541: [GC [PSYoungGen: 425152K->576K(426496K)] 678217K->253649K(984064K), 0.0015940 secs] [Times: user=0.01 sys=0.00, real=0.00 secs] 
18.543: Total time for which application threads were stopped: 0.0017310 seconds, Stopping threads took: 0.0000750 seconds
18.645: Application time: 0.1025610 seconds
18.645: [GC [PSYoungGen: 425024K->784K(431616K)] 678097K->253857K(989184K), 0.0016590 secs] [Times: user=0.01 sys=0.00, real=0.00 secs] 
18.647: Total time for which application threads were stopped: 0.0018040 seconds, Stopping threads took: 0.0000800 seconds
18.744: Application time: 0.0974070 seconds
18.745: [GC [PSYoungGen: 430352K->784K(431616K)] 683425K->253857K(989184K), 0.0016280 secs] [Times: user=0.01 sys=0.00, real=0.00 secs] 
18.746: Total time for which application threads were stopped: 0.0017760 seconds, Stopping threads took: 0.0000760 seconds
18.846: Application time: 0.0999940 seconds
18.846: [GC [PSYoungGen: 430352K->720K(436736K)] 683425K->253793K(994304K), 0.0016140 secs] [Times: user=0.01 sys=0.00, real=0.00 secs] 
18.848: Total time for which application threads were stopped: 0.0017680 seconds, Stopping threads took: 0.0000900 seconds
19.030: Application time: 0.1822830 seconds
19.032: [GC [PSYoungGen: 435408K->544K(436736K)] 688481K->253617K(994304K), 0.0017850 secs] [Times: user=0.01 sys=0.00, real=0.00 secs] 
19.033: Total time for which application threads were stopped: 0.0031560 seconds, Stopping threads took: 0.0013050 seconds
19.149: Application time: 0.1155850 seconds
19.149: [GC [PSYoungGen: 435232K->720K(440832K)] 688305K->253809K(998400K), 0.0016390 secs] [Times: user=0.01 sys=0.00, real=0.00 secs] 
19.151: Total time for which application threads were stopped: 0.0018040 seconds, Stopping threads took: 0.0001020 seconds
19.251: Application time: 0.0997250 seconds
19.251: [GC [PSYoungGen: 440528K->704K(441344K)] 693617K->253833K(998912K), 0.0016480 secs] [Times: user=0.01 sys=0.00, real=0.00 secs] 
19.252: Total time for which application threads were stopped: 0.0018130 seconds, Stopping threads took: 0.0000890 seconds
19.353: Application time: 0.1005570 seconds
19.353: [GC [PSYoungGen: 440512K->752K(446464K)] 693641K->253881K(1004032K), 0.0016250 secs] [Times: user=0.01 sys=0.00, real=0.00 secs] 
19.355: Total time for which application threads were stopped: 0.0017550 seconds, Stopping threads took: 0.0000680 seconds
19.534: Application time: 0.1795370 seconds
19.534: [GC [PSYoungGen: 445680K->432K(446464K)] 698809K->253561K(1004032K), 0.0016270 secs] [Times: user=0.01 sys=0.00, real=0.01 secs] 
19.536: Total time for which application threads were stopped: 0.0017920 seconds, Stopping threads took: 0.0001000 seconds
19.659: Application time: 0.1233730 seconds
19.660: [GC [PSYoungGen: 445360K->624K(450048K)] 698489K->253753K(1007616K), 0.0016590 secs] [Times: user=0.01 sys=0.00, real=0.00 secs] 
19.661: Total time for which application threads were stopped: 0.0017980 seconds, Stopping threads took: 0.0000740 seconds
19.764: Application time: 0.1026480 seconds
19.764: [GC [PSYoungGen: 449648K->736K(450560K)] 702777K->253865K(1008128K), 0.0016420 secs] [Times: user=0.01 sys=0.00, real=0.00 secs] 
19.766: Total time for which application threads were stopped: 0.0017940 seconds, Stopping threads took: 0.0000830 seconds
19.868: Application time: 0.1027280 seconds
19.868: [GC [PSYoungGen: 449760K->736K(455168K)] 702889K->253865K(1012736K), 0.0016170 secs] [Times: user=0.01 sys=0.00, real=0.00 secs] 
19.870: Total time for which application threads were stopped: 0.0017540 seconds, Stopping threads took: 0.0000730 seconds
20.059: Application time: 0.1884220 seconds
20.059: [GC [PSYoungGen: 454368K->576K(455168K)] 707497K->253705K(1012736K), 0.0016270 secs] [Times: user=0.01 sys=0.00, real=0.00 secs] 
20.060: Total time for which application threads were stopped: 0.0017710 seconds, Stopping threads took: 0.0000810 seconds
20.179: Application time: 0.1182840 seconds
20.179: [GC [PSYoungGen: 454208K->704K(459264K)] 707337K->253833K(1016832K), 0.0017630 secs] [Times: user=0.01 sys=0.00, real=0.00 secs] 
20.181: Total time for which application threads were stopped: 0.0018960 seconds, Stopping threads took: 0.0000680 seconds
20.284: Application time: 0.1035930 seconds
20.284: [GC [PSYoungGen: 458432K->768K(459264K)] 711561K->253897K(1016832K), 0.0016360 secs] [Times: user=0.01 sys=0.00, real=0.00 secs] 
20.286: Total time for which application threads were stopped: 0.0017820 seconds, Stopping threads took: 0.0000750 seconds
20.391: Application time: 0.1054290 seconds
20.391: [GC [PSYoungGen: 458496K->752K(463872K)] 711625K->253881K(1021440K), 0.0016730 secs] [Times: user=0.01 sys=0.00, real=0.00 secs] 
20.393: Total time for which application threads were stopped: 0.0018010 seconds, Stopping threads took: 0.0000660 seconds
20.591: Application time: 0.1982380 seconds
20.591: [GC [PSYoungGen: 463088K->768K(463872K)] 716217K->253897K(1021440K), 0.0016530 secs] [Times: user=0.01 sys=0.00, real=0.00 secs] 
20.593: Total time for which application threads were stopped: 0.0017790 seconds, Stopping threads took: 0.0000640 seconds
20.705: Application time: 0.1117170 seconds
20.705: [GC [PSYoungGen: 463104K->720K(467968K)] 716233K->253849K(1025536K), 0.0016890 secs] [Times: user=0.01 sys=0.00, real=0.00 secs] 
20.707: Total time for which application threads were stopped: 0.0018260 seconds, Stopping threads took: 0.0000760 seconds
20.813: Application time: 0.1063660 seconds
20.813: [GC [PSYoungGen: 467152K->736K(467968K)] 720281K->253873K(1025536K), 0.0014350 secs] [Times: user=0.01 sys=0.00, real=0.00 secs] 
20.815: Total time for which application threads were stopped: 0.0015600 seconds, Stopping threads took: 0.0000530 seconds
20.924: Application time: 0.1090940 seconds
20.924: [GC [PSYoungGen: 467168K->736K(472064K)] 720305K->253881K(1029632K), 0.0017290 secs] [Times: user=0.01 sys=0.00, real=0.00 secs] 
20.926: Total time for which application threads were stopped: 0.0018770 seconds, Stopping threads took: 0.0000840 seconds
21.129: Application time: 0.2037940 seconds
21.129: [GC [PSYoungGen: 471776K->672K(472064K)] 724921K->253817K(1029632K), 0.0016660 secs] [Times: user=0.01 sys=0.00, real=0.00 secs] 
21.131: Total time for which application threads were stopped: 0.0017870 seconds, Stopping threads took: 0.0000570 seconds
21.239: Application time: 0.1081930 seconds
21.239: [GC [PSYoungGen: 471712K->720K(476160K)] 724857K->253865K(1033728K), 0.0016480 secs] [Times: user=0.01 sys=0.00, real=0.00 secs] 
21.241: Total time for which application threads were stopped: 0.0017810 seconds, Stopping threads took: 0.0000680 seconds
21.349: Application time: 0.1077020 seconds
21.349: [GC [PSYoungGen: 475856K->720K(476160K)] 729001K->253865K(1033728K), 0.0015860 secs] [Times: user=0.00 sys=0.00, real=0.00 secs] 
21.351: Total time for which application threads were stopped: 0.0017470 seconds, Stopping threads took: 0.0000860 seconds
21.472: Application time: 0.1215130 seconds
21.476: [GC [PSYoungGen: 475856K->480K(480768K)] 729001K->253625K(1038336K), 0.0016890 secs] [Times: user=0.01 sys=0.00, real=0.00 secs] 
21.479: Total time for which application threads were stopped: 0.0066920 seconds, Stopping threads took: 0.0034440 seconds
21.676: Application time: 0.1975200 seconds
21.676: [GC [PSYoungGen: 480224K->832K(480768K)] 733369K->253977K(1038336K), 0.0016500 secs] [Times: user=0.01 sys=0.00, real=0.00 secs] 
21.678: Total time for which application threads were stopped: 0.0017820 seconds, Stopping threads took: 0.0000700 seconds
21.787: Application time: 0.1091510 seconds
21.787: [GC [PSYoungGen: 480576K->816K(484864K)] 733721K->253961K(1042432K), 0.0016470 secs] [Times: user=0.01 sys=0.00, real=0.00 secs] 
21.789: Total time for which application threads were stopped: 0.0017630 seconds, Stopping threads took: 0.0000530 seconds
21.898: Application time: 0.1092130 seconds
21.898: [GC [PSYoungGen: 484656K->752K(484864K)] 737801K->253897K(1042432K), 0.0017310 secs] [Times: user=0.01 sys=0.00, real=0.00 secs] 
21.900: Total time for which application threads were stopped: 0.0018560 seconds, Stopping threads took: 0.0000520 seconds
22.079: Application time: 0.1787610 seconds
22.079: [GC [PSYoungGen: 484592K->416K(488960K)] 737737K->253561K(1046528K), 0.0016340 secs] [Times: user=0.01 sys=0.00, real=0.00 secs] 
22.081: Total time for which application threads were stopped: 0.0018330 seconds, Stopping threads took: 0.0001350 seconds
22.224: Application time: 0.1436870 seconds
22.225: [GC [PSYoungGen: 488352K->800K(488960K)] 741497K->253945K(1046528K), 0.0016390 secs] [Times: user=0.01 sys=0.00, real=0.00 secs] 
22.226: Total time for which application threads were stopped: 0.0017740 seconds, Stopping threads took: 0.0000740 seconds
22.337: Application time: 0.1108470 seconds
22.337: [GC [PSYoungGen: 488736K->688K(493056K)] 741881K->253833K(1050624K), 0.0017570 secs] [Times: user=0.01 sys=0.00, real=0.00 secs] 
22.339: Total time for which application threads were stopped: 0.0018910 seconds, Stopping threads took: 0.0000710 seconds
22.452: Application time: 0.1132600 seconds
22.452: [GC [PSYoungGen: 492720K->624K(493056K)] 745865K->253777K(1050624K), 0.0016420 secs] [Times: user=0.01 sys=0.00, real=0.00 secs] 
22.454: Total time for which application threads were stopped: 0.0017670 seconds, Stopping threads took: 0.0000510 seconds
22.663: Application time: 0.2087810 seconds
22.663: [GC [PSYoungGen: 492656K->784K(497152K)] 745809K->253945K(1054720K), 0.0016150 secs] [Times: user=0.01 sys=0.00, real=0.01 secs] 
22.665: Total time for which application threads were stopped: 0.0017810 seconds, Stopping threads took: 0.0001050 seconds
22.780: Application time: 0.1155020 seconds
22.780: [GC [PSYoungGen: 496912K->816K(497664K)] 750073K->253977K(1055232K), 0.0016450 secs] [Times: user=0.01 sys=0.00, real=0.00 secs] 
22.782: Total time for which application threads were stopped: 0.0017860 seconds, Stopping threads took: 0.0000770 seconds
22.894: Application time: 0.1125000 seconds
22.894: [GC [PSYoungGen: 497456K->784K(501248K)] 750617K->253945K(1058816K), 0.0016280 secs] [Times: user=0.01 sys=0.00, real=0.01 secs] 
22.896: Total time for which application threads were stopped: 0.0017850 seconds, Stopping threads took: 0.0000940 seconds
23.037: Application time: 0.1407370 seconds
23.037: [GC [PSYoungGen: 501008K->448K(501248K)] 754169K->253609K(1058816K), 0.0016330 secs] [Times: user=0.01 sys=0.00, real=0.00 secs] 
23.039: Total time for which application threads were stopped: 0.0018040 seconds, Stopping threads took: 0.0000960 seconds
23.226: Application time: 0.1878160 seconds
23.227: [GC [PSYoungGen: 500672K->800K(505344K)] 753833K->253961K(1062912K), 0.0016130 secs] [Times: user=0.01 sys=0.00, real=0.00 secs] 
23.228: Total time for which application threads were stopped: 0.0017590 seconds, Stopping threads took: 0.0000840 seconds
23.343: Application time: 0.1144090 seconds
23.343: [GC [PSYoungGen: 505120K->688K(505344K)] 758281K->253849K(1062912K), 0.0016300 secs] [Times: user=0.01 sys=0.00, real=0.01 secs] 
23.344: Total time for which application threads were stopped: 0.0017670 seconds, Stopping threads took: 0.0000750 seconds
23.458: Application time: 0.1140360 seconds
23.459: [GC [PSYoungGen: 505008K->688K(509440K)] 758169K->253849K(1067008K), 0.0016600 secs] [Times: user=0.01 sys=0.00, real=0.00 secs] 
23.460: Total time for which application threads were stopped: 0.0018090 seconds, Stopping threads took: 0.0000850 seconds
23.674: Application time: 0.2140600 seconds
23.674: [GC [PSYoungGen: 509104K->672K(509440K)] 762265K->253849K(1067008K), 0.0016450 secs] [Times: user=0.01 sys=0.00, real=0.01 secs] 
23.676: Total time for which application threads were stopped: 0.0018190 seconds, Stopping threads took: 0.0001000 seconds
23.795: Application time: 0.1189620 seconds
23.795: [GC [PSYoungGen: 509088K->720K(513536K)] 762265K->253897K(1071104K), 0.0016070 secs] [Times: user=0.01 sys=0.00, real=0.01 secs] 
23.797: Total time for which application threads were stopped: 0.0017350 seconds, Stopping threads took: 0.0000640 seconds
23.913: Application time: 0.1156770 seconds
23.913: [GC [PSYoungGen: 513232K->880K(513536K)] 766409K->254057K(1071104K), 0.0016370 secs] [Times: user=0.01 sys=0.00, real=0.00 secs] 
23.914: Total time for which application threads were stopped: 0.0017710 seconds, Stopping threads took: 0.0000730 seconds
24.054: Application time: 0.1400740 seconds
24.055: [GC [PSYoungGen: 513392K->512K(517632K)] 766569K->253689K(1075200K), 0.0016330 secs] [Times: user=0.01 sys=0.00, real=0.01 secs] 
24.056: Total time for which application threads were stopped: 0.0017980 seconds, Stopping threads took: 0.0001020 seconds
24.251: Application time: 0.1951820 seconds
24.251: [GC [PSYoungGen: 517120K->704K(517632K)] 770297K->253889K(1075200K), 0.0014660 secs] [Times: user=0.00 sys=0.01, real=0.00 secs] 
24.253: Total time for which application threads were stopped: 0.0016120 seconds, Stopping threads took: 0.0000660 seconds
24.370: Application time: 0.1173060 seconds
24.370: [GC [PSYoungGen: 517312K->784K(521216K)] 770497K->253969K(1078784K), 0.0017480 secs] [Times: user=0.01 sys=0.00, real=0.00 secs] 
24.372: Total time for which application threads were stopped: 0.0018550 seconds, Stopping threads took: 0.0000430 seconds
24.490: Application time: 0.1181220 seconds
24.490: [GC [PSYoungGen: 520976K->752K(521216K)] 774161K->253937K(1078784K), 0.0014860 secs] [Times: user=0.01 sys=0.00, real=0.00 secs] 
24.492: Total time for which application threads were stopped: 0.0016130 seconds, Stopping threads took: 0.0000650 seconds
24.710: Application time: 0.2184770 seconds
24.710: [GC [PSYoungGen: 520944K->672K(524800K)] 774129K->253857K(1082368K), 0.0016390 secs] [Times: user=0.01 sys=0.00, real=0.00 secs] 
24.712: Total time for which application threads were stopped: 0.0017530 seconds, Stopping threads took: 0.0000490 seconds
24.833: Application time: 0.1208650 seconds
24.833: [GC [PSYoungGen: 524448K->848K(525312K)] 777633K->254033K(1082880K), 0.0016330 secs] [Times: user=0.01 sys=0.00, real=0.00 secs] 
24.835: Total time for which application threads were stopped: 0.0017900 seconds, Stopping threads took: 0.0000840 seconds
24.954: Application time: 0.1188300 seconds
24.954: [GC [PSYoungGen: 525136K->768K(528896K)] 778321K->253953K(1086464K), 0.0016160 secs] [Times: user=0.01 sys=0.00, real=0.00 secs] 
24.955: Total time for which application threads were stopped: 0.0017650 seconds, Stopping threads took: 0.0000850 seconds
25.144: Application time: 0.1885220 seconds
25.144: [GC [PSYoungGen: 528640K->400K(528896K)] 781825K->253585K(1086464K), 0.0016340 secs] [Times: user=0.01 sys=0.00, real=0.00 secs] 
25.146: Total time for which application threads were stopped: 0.0017880 seconds, Stopping threads took: 0.0000900 seconds
25.299: Application time: 0.1528660 seconds
25.299: [GC [PSYoungGen: 528272K->816K(532992K)] 781457K->254001K(1090560K), 0.0016280 secs] [Times: user=0.01 sys=0.00, real=0.00 secs] 
25.300: Total time for which application threads were stopped: 0.0017720 seconds, Stopping threads took: 0.0000800 seconds
25.422: Application time: 0.1212680 seconds
25.422: [GC [PSYoungGen: 532784K->688K(532992K)] 785969K->253873K(1090560K), 0.0016420 secs] [Times: user=0.01 sys=0.00, real=0.00 secs] 
25.423: Total time for which application threads were stopped: 0.0017890 seconds, Stopping threads took: 0.0000760 seconds
25.549: Application time: 0.1259210 seconds
25.549: [GC [PSYoungGen: 532656K->560K(537088K)] 785841K->253745K(1094656K), 0.0016270 secs] [Times: user=0.02 sys=0.00, real=0.00 secs] 
25.551: Total time for which application threads were stopped: 0.0017680 seconds, Stopping threads took: 0.0000810 seconds
25.770: Application time: 0.2188990 seconds
25.770: [GC [PSYoungGen: 536624K->768K(537088K)] 789809K->253953K(1094656K), 0.0017910 secs] [Times: user=0.01 sys=0.00, real=0.00 secs] 
25.772: Total time for which application threads were stopped: 0.0019280 seconds, Stopping threads took: 0.0000750 seconds
25.894: Application time: 0.1217770 seconds
25.894: [GC [PSYoungGen: 536832K->880K(541184K)] 790017K->254073K(1098752K), 0.0017170 secs] [Times: user=0.01 sys=0.01, real=0.01 secs] 
25.896: Total time for which application threads were stopped: 0.0018540 seconds, Stopping threads took: 0.0000690 seconds
26.018: Application time: 0.1227000 seconds
26.018: [GC [PSYoungGen: 541040K->832K(541184K)] 794233K->254025K(1098752K), 0.0016450 secs] [Times: user=0.01 sys=0.00, real=0.00 secs] 
26.020: Total time for which application threads were stopped: 0.0018010 seconds, Stopping threads took: 0.0000830 seconds
26.243: Application time: 0.2231270 seconds
26.243: [GC [PSYoungGen: 540992K->800K(545792K)] 794185K->253993K(1103360K), 0.0016750 secs] [Times: user=0.01 sys=0.00, real=0.01 secs] 
26.245: Total time for which application threads were stopped: 0.0018150 seconds, Stopping threads took: 0.0000690 seconds
26.369: Application time: 0.1243650 seconds
26.369: [GC [PSYoungGen: 545056K->784K(545792K)] 798249K->253977K(1103360K), 0.0016580 secs] [Times: user=0.01 sys=0.00, real=0.00 secs] 
26.371: Total time for which application threads were stopped: 0.0018000 seconds, Stopping threads took: 0.0000790 seconds
26.495: Application time: 0.1233380 seconds
26.495: [GC [PSYoungGen: 545040K->864K(548864K)] 798233K->254057K(1106432K), 0.0015900 secs] [Times: user=0.01 sys=0.00, real=0.01 secs] 
26.496: Total time for which application threads were stopped: 0.0017550 seconds, Stopping threads took: 0.0000960 seconds
26.709: Application time: 0.2125680 seconds
26.709: [GC [PSYoungGen: 548704K->560K(549376K)] 801897K->253753K(1106944K), 0.0016950 secs] [Times: user=0.01 sys=0.00, real=0.00 secs] 
26.711: Total time for which application threads were stopped: 0.0018500 seconds, Stopping threads took: 0.0000750 seconds
26.849: Application time: 0.1388060 seconds
26.850: [GC [PSYoungGen: 548400K->688K(552960K)] 801593K->253881K(1110528K), 0.0016390 secs] [Times: user=0.01 sys=0.00, real=0.00 secs] 
26.851: Total time for which application threads were stopped: 0.0017880 seconds, Stopping threads took: 0.0000860 seconds
26.977: Application time: 0.1254140 seconds
26.977: [GC [PSYoungGen: 552624K->720K(553472K)] 805817K->253913K(1111040K), 0.0016270 secs] [Times: user=0.01 sys=0.00, real=0.00 secs] 
26.978: Total time for which application threads were stopped: 0.0017760 seconds, Stopping threads took: 0.0000870 seconds
27.139: Application time: 0.1604670 seconds
27.139: [GC [PSYoungGen: 553168K->400K(557056K)] 806361K->253593K(1114624K), 0.0016600 secs] [Times: user=0.01 sys=0.00, real=0.00 secs] 
27.141: Total time for which application threads were stopped: 0.0018130 seconds, Stopping threads took: 0.0000880 seconds
27.333: Application time: 0.1923610 seconds
27.333: [GC [PSYoungGen: 556432K->736K(557056K)] 809625K->253929K(1114624K), 0.0016100 secs] [Times: user=0.01 sys=0.00, real=0.00 secs] 
27.335: Total time for which application threads were stopped: 0.0017630 seconds, Stopping threads took: 0.0000810 seconds
27.461: Application time: 0.1258980 seconds
27.461: [GC [PSYoungGen: 556768K->848K(560640K)] 809961K->254049K(1118208K), 0.0016310 secs] [Times: user=0.01 sys=0.00, real=0.00 secs] 
27.463: Total time for which application threads were stopped: 0.0017610 seconds, Stopping threads took: 0.0000660 seconds
27.595: Application time: 0.1320070 seconds
27.595: [GC [PSYoungGen: 560464K->672K(561152K)] 813665K->253873K(1118720K), 0.0016700 secs] [Times: user=0.01 sys=0.00, real=0.01 secs] 
27.596: Total time for which application threads were stopped: 0.0018180 seconds, Stopping threads took: 0.0000820 seconds
27.820: Application time: 0.2238490 seconds
27.820: [GC [PSYoungGen: 560288K->784K(564736K)] 813489K->253985K(1122304K), 0.0016210 secs] [Times: user=0.01 sys=0.00, real=0.00 secs] 
27.822: Total time for which application threads were stopped: 0.0017310 seconds, Stopping threads took: 0.0000450 seconds
27.949: Application time: 0.1274030 seconds
27.950: [GC [PSYoungGen: 564496K->736K(564736K)] 817697K->253937K(1122304K), 0.0016270 secs] [Times: user=0.01 sys=0.00, real=0.00 secs] 
27.951: Total time for which application threads were stopped: 0.0017930 seconds, Stopping threads took: 0.0000910 seconds
28.080: Application time: 0.1286210 seconds
28.080: [GC [PSYoungGen: 564448K->640K(568832K)] 817649K->253841K(1126400K), 0.0016130 secs] [Times: user=0.01 sys=0.00, real=0.00 secs] 
28.082: Total time for which application threads were stopped: 0.0017590 seconds, Stopping threads took: 0.0000820 seconds
28.311: Application time: 0.2299350 seconds
28.312: [GC [PSYoungGen: 568448K->672K(568832K)] 821649K->253873K(1126400K), 0.0014410 secs] [Times: user=0.00 sys=0.00, real=0.00 secs] 
28.313: Total time for which application threads were stopped: 0.0016060 seconds, Stopping threads took: 0.0001030 seconds
28.442: Application time: 0.1289570 seconds
28.442: [GC [PSYoungGen: 568480K->752K(572928K)] 821681K->253953K(1130496K), 0.0016190 secs] [Times: user=0.01 sys=0.00, real=0.01 secs] 
28.444: Total time for which application threads were stopped: 0.0017440 seconds, Stopping threads took: 0.0000600 seconds
28.574: Application time: 0.1300700 seconds
28.574: [GC [PSYoungGen: 572656K->752K(572928K)] 825857K->253953K(1130496K), 0.0016510 secs] [Times: user=0.01 sys=0.00, real=0.01 secs] 
28.576: Total time for which application threads were stopped: 0.0018020 seconds, Stopping threads took: 0.0000770 seconds
28.807: Application time: 0.2314770 seconds
28.807: [GC [PSYoungGen: 572656K->816K(577024K)] 825857K->254017K(1134592K), 0.0016540 secs] [Times: user=0.01 sys=0.01, real=0.00 secs] 
28.809: Total time for which application threads were stopped: 0.0018040 seconds, Stopping threads took: 0.0000810 seconds
28.942: Application time: 0.1326720 seconds
28.942: [GC [PSYoungGen: 576816K->704K(577024K)] 830017K->253905K(1134592K), 0.0017780 secs] [Times: user=0.01 sys=0.00, real=0.01 secs] 
28.944: Total time for which application threads were stopped: 0.0019170 seconds, Stopping threads took: 0.0000750 seconds
29.074: Application time: 0.1301700 seconds
29.074: [GC [PSYoungGen: 576704K->800K(581120K)] 829905K->254009K(1138688K), 0.0016190 secs] [Times: user=0.01 sys=0.00, real=0.00 secs] 
29.075: Total time for which application threads were stopped: 0.0017440 seconds, Stopping threads took: 0.0000650 seconds
29.308: Application time: 0.2325590 seconds
29.308: [GC [PSYoungGen: 580896K->704K(581120K)] 834105K->253913K(1138688K), 0.0016290 secs] [Times: user=0.01 sys=0.00, real=0.00 secs] 
29.310: Total time for which application threads were stopped: 0.0017840 seconds, Stopping threads took: 0.0000800 seconds
29.441: Application time: 0.1315880 seconds
29.442: [GC [PSYoungGen: 580800K->784K(585216K)] 834009K->253993K(1142784K), 0.0017970 secs] [Times: user=0.01 sys=0.00, real=0.00 secs] 
29.443: Total time for which application threads were stopped: 0.0019290 seconds, Stopping threads took: 0.0000710 seconds
29.576: Application time: 0.1324580 seconds
29.576: [GC [PSYoungGen: 584976K->848K(585216K)] 838185K->254057K(1142784K), 0.0016230 secs] [Times: user=0.01 sys=0.01, real=0.00 secs] 
29.578: Total time for which application threads were stopped: 0.0017380 seconds, Stopping threads took: 0.0000540 seconds
29.812: Application time: 0.2343250 seconds
29.812: [GC [PSYoungGen: 585040K->688K(589312K)] 838249K->253897K(1146880K), 0.0017430 secs] [Times: user=0.01 sys=0.00, real=0.00 secs] 
29.814: Total time for which application threads were stopped: 0.0018950 seconds, Stopping threads took: 0.0000730 seconds
29.948: Application time: 0.1345310 seconds
29.948: [GC [PSYoungGen: 588976K->800K(589824K)] 842185K->254009K(1147392K), 0.0016430 secs] [Times: user=0.02 sys=0.00, real=0.00 secs] 
29.950: Total time for which application threads were stopped: 0.0017830 seconds, Stopping threads took: 0.0000750 seconds
30.083: Application time: 0.1333820 seconds
30.084: [GC [PSYoungGen: 589600K->848K(593408K)] 842809K->254057K(1150976K), 0.0016240 secs] [Times: user=0.01 sys=0.00, real=0.00 secs] 
30.085: Total time for which application threads were stopped: 0.0017740 seconds, Stopping threads took: 0.0000870 seconds
30.321: Application time: 0.2353780 seconds
30.321: [GC [PSYoungGen: 593232K->704K(593408K)] 846441K->253913K(1150976K), 0.0016190 secs] [Times: user=0.01 sys=0.00, real=0.00 secs] 
30.322: Total time for which application threads were stopped: 0.0017590 seconds, Stopping threads took: 0.0000690 seconds
30.457: Application time: 0.1347880 seconds
30.457: [GC [PSYoungGen: 593088K->768K(597504K)] 846297K->253977K(1155072K), 0.0016430 secs] [Times: user=0.01 sys=0.00, real=0.00 secs] 
30.459: Total time for which application threads were stopped: 0.0017690 seconds, Stopping threads took: 0.0000640 seconds
30.595: Application time: 0.1359990 seconds
30.595: [GC [PSYoungGen: 597248K->704K(597504K)] 850457K->253921K(1155072K), 0.0017570 secs] [Times: user=0.01 sys=0.00, real=0.01 secs] 
30.597: Total time for which application threads were stopped: 0.0018790 seconds, Stopping threads took: 0.0000550 seconds
30.834: Application time: 0.2370300 seconds
30.834: [GC [PSYoungGen: 597184K->592K(601600K)] 850401K->253817K(1159168K), 0.0015810 secs] [Times: user=0.01 sys=0.00, real=0.01 secs] 
30.836: Total time for which application threads were stopped: 0.0017410 seconds, Stopping threads took: 0.0000820 seconds
30.973: Application time: 0.1370010 seconds
30.973: [GC [PSYoungGen: 601168K->688K(602112K)] 854393K->253913K(1159680K), 0.0017750 secs] [Times: user=0.01 sys=0.00, real=0.00 secs] 
30.975: Total time for which application threads were stopped: 0.0019140 seconds, Stopping threads took: 0.0000710 seconds
31.111: Application time: 0.1368440 seconds
31.111: [GC [PSYoungGen: 601776K->784K(605696K)] 855001K->254009K(1163264K), 0.0016310 secs] [Times: user=0.01 sys=0.00, real=0.00 secs] 
31.113: Total time for which application threads were stopped: 0.0017640 seconds, Stopping threads took: 0.0000700 seconds
31.352: Application time: 0.2384970 seconds
31.352: [GC [PSYoungGen: 605456K->672K(605696K)] 858681K->253897K(1163264K), 0.0016400 secs] [Times: user=0.01 sys=0.00, real=0.00 secs] 
31.353: Total time for which application threads were stopped: 0.0017710 seconds, Stopping threads took: 0.0000500 seconds
31.491: Application time: 0.1379740 seconds
31.491: [GC [PSYoungGen: 605344K->688K(609792K)] 858569K->253913K(1167360K), 0.0016640 secs] [Times: user=0.01 sys=0.00, real=0.00 secs] 
31.493: Total time for which application threads were stopped: 0.0017720 seconds, Stopping threads took: 0.0000400 seconds
31.631: Application time: 0.1379170 seconds
31.631: [GC [PSYoungGen: 609456K->752K(609792K)] 862681K->253977K(1167360K), 0.0016530 secs] [Times: user=0.01 sys=0.00, real=0.00 secs] 
31.633: Total time for which application threads were stopped: 0.0018210 seconds, Stopping threads took: 0.0001000 seconds
31.873: Application time: 0.2396600 seconds
31.873: [GC [PSYoungGen: 609520K->784K(613888K)] 862745K->254009K(1171456K), 0.0016120 secs] [Times: user=0.01 sys=0.00, real=0.00 secs] 
31.874: Total time for which application threads were stopped: 0.0017570 seconds, Stopping threads took: 0.0000750 seconds
32.013: Application time: 0.1386480 seconds
32.013: [GC [PSYoungGen: 613648K->704K(614400K)] 866873K->253929K(1171968K), 0.0016200 secs] [Times: user=0.01 sys=0.00, real=0.00 secs] 
32.015: Total time for which application threads were stopped: 0.0017530 seconds, Stopping threads took: 0.0000720 seconds
32.154: Application time: 0.1390030 seconds
32.154: [GC [PSYoungGen: 614080K->816K(617984K)] 867305K->254041K(1175552K), 0.0016300 secs] [Times: user=0.01 sys=0.00, real=0.00 secs] 
32.156: Total time for which application threads were stopped: 0.0017910 seconds, Stopping threads took: 0.0000920 seconds
32.398: Application time: 0.2420440 seconds
32.398: [GC [PSYoungGen: 617776K->672K(617984K)] 871001K->253913K(1175552K), 0.0016150 secs] [Times: user=0.01 sys=0.00, real=0.00 secs] 
32.399: Total time for which application threads were stopped: 0.0018010 seconds, Stopping threads took: 0.0000870 seconds
32.540: Application time: 0.1403670 seconds
32.540: [GC [PSYoungGen: 617632K->800K(622080K)] 870873K->254041K(1179648K), 0.0016180 secs] [Times: user=0.01 sys=0.00, real=0.00 secs] 
32.541: Total time for which application threads were stopped: 0.0017450 seconds, Stopping threads took: 0.0000630 seconds
32.683: Application time: 0.1416490 seconds
32.683: [GC [PSYoungGen: 621856K->800K(622080K)] 875097K->254041K(1179648K), 0.0016470 secs] [Times: user=0.01 sys=0.00, real=0.01 secs] 
32.685: Total time for which application threads were stopped: 0.0017940 seconds, Stopping threads took: 0.0000850 seconds
32.927: Application time: 0.2424990 seconds
32.928: [GC [PSYoungGen: 621856K->768K(626176K)] 875097K->254009K(1183744K), 0.0016070 secs] [Times: user=0.01 sys=0.00, real=0.00 secs] 
32.929: Total time for which application threads were stopped: 0.0017710 seconds, Stopping threads took: 0.0000910 seconds
33.071: Application time: 0.1417040 seconds
33.071: [GC [PSYoungGen: 625920K->736K(626176K)] 879161K->253977K(1183744K), 0.0016280 secs] [Times: user=0.01 sys=0.00, real=0.00 secs] 
33.073: Total time for which application threads were stopped: 0.0017480 seconds, Stopping threads took: 0.0000570 seconds
33.225: Application time: 0.1527860 seconds
33.226: [GC [PSYoungGen: 625888K->480K(630272K)] 879129K->253721K(1187840K), 0.0016230 secs] [Times: user=0.01 sys=0.00, real=0.00 secs] 
33.227: Total time for which application threads were stopped: 0.0017560 seconds, Stopping threads took: 0.0000690 seconds
33.461: Application time: 0.2336280 seconds
33.461: [GC [PSYoungGen: 629728K->848K(630272K)] 882969K->254089K(1187840K), 0.0016410 secs] [Times: user=0.01 sys=0.00, real=0.00 secs] 
33.463: Total time for which application threads were stopped: 0.0018050 seconds, Stopping threads took: 0.0000910 seconds
33.605: Application time: 0.1425130 seconds
33.605: [GC [PSYoungGen: 630096K->768K(634368K)] 883337K->254009K(1191936K), 0.0016530 secs] [Times: user=0.01 sys=0.00, real=0.00 secs] 
33.607: Total time for which application threads were stopped: 0.0017930 seconds, Stopping threads took: 0.0000780 seconds
33.813: Application time: 0.2058020 seconds
33.813: [GC [PSYoungGen: 634112K->368K(634368K)] 887353K->253609K(1191936K), 0.0017620 secs] [Times: user=0.01 sys=0.00, real=0.00 secs] 
33.815: Total time for which application threads were stopped: 0.0019070 seconds, Stopping threads took: 0.0000830 seconds
33.999: Application time: 0.1838470 seconds
33.999: [GC [PSYoungGen: 633712K->768K(638464K)] 886953K->254017K(1196032K), 0.0016240 secs] [Times: user=0.02 sys=0.00, real=0.00 secs] 
34.000: Total time for which application threads were stopped: 0.0017470 seconds, Stopping threads took: 0.0000500 seconds
34.145: Application time: 0.1443200 seconds
34.145: [GC [PSYoungGen: 638208K->736K(638464K)] 891457K->253985K(1196032K), 0.0015570 secs] [Times: user=0.01 sys=0.00, real=0.00 secs] 
34.146: Total time for which application threads were stopped: 0.0017090 seconds, Stopping threads took: 0.0000910 seconds
34.390: Application time: 0.2438320 seconds
34.392: [GC [PSYoungGen: 638176K->512K(642560K)] 891425K->253761K(1200128K), 0.0016630 secs] [Times: user=0.00 sys=0.00, real=0.00 secs] 
34.393: Total time for which application threads were stopped: 0.0031460 seconds, Stopping threads took: 0.0014160 seconds
34.542: Application time: 0.1484120 seconds
34.542: [GC [PSYoungGen: 642048K->752K(642560K)] 895297K->254001K(1200128K), 0.0014550 secs] [Times: user=0.01 sys=0.00, real=0.00 secs] 
34.543: Total time for which application threads were stopped: 0.0015920 seconds, Stopping threads took: 0.0000650 seconds
34.688: Application time: 0.1444360 seconds
34.688: [GC [PSYoungGen: 642288K->736K(646656K)] 895537K->253985K(1204224K), 0.0016170 secs] [Times: user=0.01 sys=0.00, real=0.00 secs] 
34.689: Total time for which application threads were stopped: 0.0017390 seconds, Stopping threads took: 0.0000610 seconds
34.938: Application time: 0.2488300 seconds
34.938: [GC [PSYoungGen: 646368K->800K(646656K)] 899617K->254049K(1204224K), 0.0016520 secs] [Times: user=0.01 sys=0.00, real=0.00 secs] 
34.940: Total time for which application threads were stopped: 0.0018040 seconds, Stopping threads took: 0.0000920 seconds
35.086: Application time: 0.1459070 seconds
35.086: [GC [PSYoungGen: 646432K->672K(650752K)] 899681K->253921K(1208320K), 0.0016130 secs] [Times: user=0.01 sys=0.00, real=0.00 secs] 
35.088: Total time for which application threads were stopped: 0.0017620 seconds, Stopping threads took: 0.0000780 seconds
35.236: Application time: 0.1486380 seconds
35.237: [GC [PSYoungGen: 650400K->704K(650752K)] 903649K->253953K(1208320K), 0.0015830 secs] [Times: user=0.01 sys=0.00, real=0.00 secs] 
35.238: Total time for which application threads were stopped: 0.0016810 seconds, Stopping threads took: 0.0000400 seconds
35.486: Application time: 0.2480340 seconds
35.486: [GC [PSYoungGen: 650432K->672K(654848K)] 903681K->253929K(1212416K), 0.0016490 secs] [Times: user=0.01 sys=0.00, real=0.00 secs] 
35.488: Total time for which application threads were stopped: 0.0017940 seconds, Stopping threads took: 0.0000730 seconds
35.637: Application time: 0.1488810 seconds
35.637: [GC [PSYoungGen: 654496K->864K(654848K)] 907753K->254129K(1212416K), 0.0016320 secs] [Times: user=0.01 sys=0.00, real=0.00 secs] 
35.639: Total time for which application threads were stopped: 0.0017970 seconds, Stopping threads took: 0.0000960 seconds
35.842: Application time: 0.2032270 seconds
35.842: [GC [PSYoungGen: 654688K->384K(658944K)] 907953K->253649K(1216512K), 0.0016660 secs] [Times: user=0.01 sys=0.00, real=0.01 secs] 
35.844: Total time for which application threads were stopped: 0.0018070 seconds, Stopping threads took: 0.0000730 seconds
36.040: Application time: 0.1967150 seconds
36.044: [GC [PSYoungGen: 658304K->768K(658944K)] 911569K->254033K(1216512K), 0.0016830 secs] [Times: user=0.01 sys=0.00, real=0.00 secs] 
36.045: Total time for which application threads were stopped: 0.0049220 seconds, Stopping threads took: 0.0031730 seconds
36.194: Application time: 0.1487120 seconds
36.194: [GC [PSYoungGen: 658688K->640K(663040K)] 911953K->253905K(1220608K), 0.0016130 secs] [Times: user=0.01 sys=0.00, real=0.01 secs] 
36.196: Total time for which application threads were stopped: 0.0017740 seconds, Stopping threads took: 0.0000860 seconds
36.447: Application time: 0.2515630 seconds
36.447: [GC [PSYoungGen: 662656K->608K(663040K)] 915921K->253873K(1220608K), 0.0015850 secs] [Times: user=0.00 sys=0.00, real=0.00 secs] 
36.449: Total time for which application threads were stopped: 0.0017160 seconds, Stopping threads took: 0.0000690 seconds
36.600: Application time: 0.1507210 seconds
36.604: [GC [PSYoungGen: 662624K->768K(666112K)] 915889K->254033K(1223680K), 0.0016560 secs] [Times: user=0.01 sys=0.00, real=0.00 secs] 
36.605: Total time for which application threads were stopped: 0.0054970 seconds, Stopping threads took: 0.0037750 seconds
36.756: Application time: 0.1511500 seconds
36.757: [GC [PSYoungGen: 665856K->784K(666112K)] 919121K->254049K(1223680K), 0.0016550 secs] [Times: user=0.01 sys=0.00, real=0.00 secs] 
36.758: Total time for which application threads were stopped: 0.0017670 seconds, Stopping threads took: 0.0000370 seconds
37.011: Application time: 0.2528370 seconds
37.011: [GC [PSYoungGen: 665872K->752K(666112K)] 919137K->254017K(1223680K), 0.0017690 secs] [Times: user=0.01 sys=0.00, real=0.00 secs] 
37.013: Total time for which application threads were stopped: 0.0018960 seconds, Stopping threads took: 0.0000620 seconds
37.164: Application time: 0.1513020 seconds
37.164: [GC [PSYoungGen: 665840K->752K(666112K)] 919105K->254025K(1223680K), 0.0016220 secs] [Times: user=0.01 sys=0.00, real=0.00 secs] 
37.166: Total time for which application threads were stopped: 0.0017640 seconds, Stopping threads took: 0.0000800 seconds
37.356: Application time: 0.1902700 seconds
37.356: [GC [PSYoungGen: 665840K->400K(666112K)] 919113K->253673K(1223680K), 0.0014740 secs] [Times: user=0.01 sys=0.00, real=0.00 secs] 
37.358: Total time for which application threads were stopped: 0.0016420 seconds, Stopping threads took: 0.0000880 seconds
37.572: Application time: 0.2139570 seconds
37.572: [GC [PSYoungGen: 665488K->720K(666112K)] 918761K->253993K(1223680K), 0.0014580 secs] [Times: user=0.01 sys=0.00, real=0.00 secs] 
37.573: Total time for which application threads were stopped: 0.0015780 seconds, Stopping threads took: 0.0000550 seconds
37.725: Application time: 0.1518020 seconds
37.725: [GC [PSYoungGen: 665808K->832K(666112K)] 919081K->254105K(1223680K), 0.0016650 secs] [Times: user=0.01 sys=0.00, real=0.00 secs] 
37.727: Total time for which application threads were stopped: 0.0017910 seconds, Stopping threads took: 0.0000630 seconds
37.979: Application time: 0.2520820 seconds
37.979: [GC [PSYoungGen: 665920K->544K(666112K)] 919193K->253817K(1223680K), 0.0016570 secs] [Times: user=0.01 sys=0.00, real=0.00 secs] 
37.981: Total time for which application threads were stopped: 0.0017910 seconds, Stopping threads took: 0.0000560 seconds
38.133: Application time: 0.1518910 seconds
38.133: [GC [PSYoungGen: 665632K->768K(666112K)] 918905K->254041K(1223680K), 0.0016520 secs] [Times: user=0.01 sys=0.00, real=0.00 secs] 
38.135: Total time for which application threads were stopped: 0.0018050 seconds, Stopping threads took: 0.0000890 seconds
38.286: Application time: 0.1510090 seconds
38.286: [GC [PSYoungGen: 665856K->720K(666112K)] 919129K->253993K(1223680K), 0.0016440 secs] [Times: user=0.01 sys=0.00, real=0.00 secs] 
38.287: Total time for which application threads were stopped: 0.0017840 seconds, Stopping threads took: 0.0000710 seconds
38.540: Application time: 0.2524550 seconds
38.540: [GC [PSYoungGen: 665808K->672K(666112K)] 919081K->253945K(1223680K), 0.0017390 secs] [Times: user=0.01 sys=0.00, real=0.00 secs] 
38.542: Total time for which application threads were stopped: 0.0018640 seconds, Stopping threads took: 0.0000500 seconds
38.694: Application time: 0.1521310 seconds
38.694: [GC [PSYoungGen: 665760K->832K(666112K)] 919033K->254113K(1223680K), 0.0016680 secs] [Times: user=0.02 sys=0.00, real=0.01 secs] 
38.696: Total time for which application threads were stopped: 0.0018130 seconds, Stopping threads took: 0.0000780 seconds
38.886: Application time: 0.1899080 seconds
38.886: [GC [PSYoungGen: 665920K->384K(666112K)] 919201K->253665K(1223680K), 0.0016610 secs] [Times: user=0.01 sys=0.00, real=0.00 secs] 
38.887: Total time for which application threads were stopped: 0.0018060 seconds, Stopping threads took: 0.0000720 seconds
39.102: Application time: 0.2147340 seconds
39.102: [GC [PSYoungGen: 665472K->640K(666112K)] 918753K->253921K(1223680K), 0.0016370 secs] [Times: user=0.01 sys=0.00, real=0.01 secs] 
39.104: Total time for which application threads were stopped: 0.0017720 seconds, Stopping threads took: 0.0000620 seconds
39.255: Application time: 0.1512030 seconds
39.255: [GC [PSYoungGen: 665728K->784K(666112K)] 919009K->254065K(1223680K), 0.0014560 secs] [Times: user=0.00 sys=0.00, real=0.01 secs] 
39.257: Total time for which application threads were stopped: 0.0015850 seconds, Stopping threads took: 0.0000640 seconds
39.508: Application time: 0.2511560 seconds
39.508: [GC [PSYoungGen: 665872K->640K(666112K)] 919153K->253921K(1223680K), 0.0014640 secs] [Times: user=0.01 sys=0.00, real=0.00 secs] 
39.510: Total time for which application threads were stopped: 0.0015810 seconds, Stopping threads took: 0.0000530 seconds
39.662: Application time: 0.1520220 seconds
39.662: [GC [PSYoungGen: 665728K->832K(666112K)] 919009K->254113K(1223680K), 0.0017290 secs] [Times: user=0.01 sys=0.00, real=0.00 secs] 
39.663: Total time for which application threads were stopped: 0.0018740 seconds, Stopping threads took: 0.0000730 seconds
39.815: Application time: 0.1513150 seconds
39.815: [GC [PSYoungGen: 665920K->816K(666112K)] 919201K->254097K(1223680K), 0.0016850 secs] [Times: user=0.01 sys=0.00, real=0.01 secs] 
39.817: Total time for which application threads were stopped: 0.0018150 seconds, Stopping threads took: 0.0000630 seconds
40.069: Application time: 0.2525510 seconds
40.069: [GC [PSYoungGen: 665904K->720K(666112K)] 919185K->254001K(1223680K), 0.0016630 secs] [Times: user=0.02 sys=0.00, real=0.00 secs] 
40.071: Total time for which application threads were stopped: 0.0017900 seconds, Stopping threads took: 0.0000580 seconds
40.222: Application time: 0.1511020 seconds
40.222: [GC [PSYoungGen: 665808K->736K(666112K)] 919089K->254025K(1223680K), 0.0016300 secs] [Times: user=0.01 sys=0.00, real=0.01 secs] 
40.224: Total time for which application threads were stopped: 0.0017740 seconds, Stopping threads took: 0.0000650 seconds
40.409: Application time: 0.1854090 seconds
40.409: [GC [PSYoungGen: 665824K->400K(666112K)] 919113K->253689K(1223680K), 0.0016680 secs] [Times: user=0.01 sys=0.00, real=0.00 secs] 
40.411: Total time for which application threads were stopped: 0.0017940 seconds, Stopping threads took: 0.0000640 seconds
40.629: Application time: 0.2182550 seconds
40.629: [GC [PSYoungGen: 665488K->880K(666112K)] 918777K->254169K(1223680K), 0.0016410 secs] [Times: user=0.01 sys=0.00, real=0.00 secs] 
40.631: Total time for which application threads were stopped: 0.0018010 seconds, Stopping threads took: 0.0000970 seconds
40.782: Application time: 0.1511410 seconds
40.782: [GC [PSYoungGen: 665968K->704K(666112K)] 919257K->253993K(1223680K), 0.0014480 secs] [Times: user=0.00 sys=0.01, real=0.01 secs] 
40.784: Total time for which application threads were stopped: 0.0015780 seconds, Stopping threads took: 0.0000550 seconds
41.034: Application time: 0.2507280 seconds
41.035: [GC [PSYoungGen: 665792K->624K(666112K)] 919081K->253913K(1223680K), 0.0016720 secs] [Times: user=0.01 sys=0.00, real=0.01 secs] 
41.036: Total time for which application threads were stopped: 0.0018110 seconds, Stopping threads took: 0.0000710 seconds
41.188: Application time: 0.1521570 seconds
41.189: [GC [PSYoungGen: 665712K->784K(666112K)] 919001K->254073K(1223680K), 0.0014480 secs] [Times: user=0.01 sys=0.00, real=0.00 secs] 
41.190: Total time for which application threads were stopped: 0.0015910 seconds, Stopping threads took: 0.0000810 seconds
41.340: Application time: 0.1502180 seconds
41.340: [GC [PSYoungGen: 665872K->720K(666112K)] 919161K->254009K(1223680K), 0.0016620 secs] [Times: user=0.01 sys=0.00, real=0.00 secs] 
41.342: Total time for which application threads were stopped: 0.0017990 seconds, Stopping threads took: 0.0000620 seconds
41.595: Application time: 0.2532630 seconds
41.595: [GC [PSYoungGen: 665808K->704K(666112K)] 919097K->253993K(1223680K), 0.0016340 secs] [Times: user=0.01 sys=0.00, real=0.01 secs] 
41.597: Total time for which application threads were stopped: 0.0017750 seconds, Stopping threads took: 0.0000750 seconds
41.748: Application time: 0.1513590 seconds
41.749: [GC [PSYoungGen: 665792K->768K(666112K)] 919081K->254065K(1223680K), 0.0016490 secs] [Times: user=0.01 sys=0.00, real=0.00 secs] 
41.750: Total time for which application threads were stopped: 0.0017900 seconds, Stopping threads took: 0.0000790 seconds
41.932: Application time: 0.1819810 seconds
41.932: [GC [PSYoungGen: 665856K->400K(666112K)] 919153K->253697K(1223680K), 0.0016550 secs] [Times: user=0.02 sys=0.00, real=0.00 secs] 
41.934: Total time for which application threads were stopped: 0.0018080 seconds, Stopping threads took: 0.0000690 seconds
42.156: Application time: 0.2221010 seconds
42.160: [GC [PSYoungGen: 665488K->752K(666112K)] 918785K->254049K(1223680K), 0.0016130 secs] [Times: user=0.01 sys=0.00, real=0.00 secs] 
42.161: Total time for which application threads were stopped: 0.0050690 seconds, Stopping threads took: 0.0033950 seconds
42.312: Application time: 0.1507790 seconds
42.312: [GC [PSYoungGen: 665840K->736K(666112K)] 919137K->254033K(1223680K), 0.0016650 secs] [Times: user=0.01 sys=0.00, real=0.00 secs] 
42.314: Total time for which application threads were stopped: 0.0018040 seconds, Stopping threads took: 0.0000780 seconds
42.564: Application time: 0.2504850 seconds
42.564: [GC [PSYoungGen: 665824K->688K(666112K)] 919121K->253985K(1223680K), 0.0016460 secs] [Times: user=0.01 sys=0.00, real=0.00 secs] 
42.566: Total time for which application threads were stopped: 0.0017880 seconds, Stopping threads took: 0.0000690 seconds
42.719: Application time: 0.1530970 seconds
42.719: [GC [PSYoungGen: 665776K->816K(666112K)] 919073K->254113K(1223680K), 0.0016530 secs] [Times: user=0.01 sys=0.00, real=0.00 secs] 
42.721: Total time for which application threads were stopped: 0.0017770 seconds, Stopping threads took: 0.0000580 seconds
42.872: Application time: 0.1513010 seconds
42.872: [GC [PSYoungGen: 665904K->784K(666112K)] 919201K->254081K(1223680K), 0.0016500 secs] [Times: user=0.01 sys=0.00, real=0.00 secs] 
42.874: Total time for which application threads were stopped: 0.0017870 seconds, Stopping threads took: 0.0000760 seconds
43.127: Application time: 0.2526290 seconds
43.127: [GC [PSYoungGen: 665872K->864K(666112K)] 919169K->254161K(1223680K), 0.0017000 secs] [Times: user=0.01 sys=0.00, real=0.00 secs] 
43.129: Total time for which application threads were stopped: 0.0018790 seconds, Stopping threads took: 0.0000970 seconds
43.280: Application time: 0.1514320 seconds
43.280: [GC [PSYoungGen: 665952K->720K(666112K)] 919249K->254025K(1223680K), 0.0016290 secs] [Times: user=0.01 sys=0.00, real=0.00 secs] 
43.282: Total time for which application threads were stopped: 0.0017600 seconds, Stopping threads took: 0.0000670 seconds
43.461: Application time: 0.1792920 seconds
43.461: [GC [PSYoungGen: 665808K->480K(666112K)] 919113K->253785K(1223680K), 0.0015770 secs] [Times: user=0.01 sys=0.00, real=0.00 secs] 
43.463: Total time for which application threads were stopped: 0.0017460 seconds, Stopping threads took: 0.0000740 seconds
43.687: Application time: 0.2239590 seconds
43.687: [GC [PSYoungGen: 665568K->832K(666112K)] 918873K->254137K(1223680K), 0.0016700 secs] [Times: user=0.01 sys=0.00, real=0.00 secs] 
43.689: Total time for which application threads were stopped: 0.0018190 seconds, Stopping threads took: 0.0000700 seconds
43.840: Application time: 0.1517470 seconds
43.841: [GC [PSYoungGen: 665920K->800K(666112K)] 919225K->254105K(1223680K), 0.0016580 secs] [Times: user=0.01 sys=0.00, real=0.00 secs] 
43.842: Total time for which application threads were stopped: 0.0018050 seconds, Stopping threads took: 0.0000840 seconds
44.094: Application time: 0.2513750 seconds
44.094: [GC [PSYoungGen: 665888K->672K(666112K)] 919193K->253977K(1223680K), 0.0016820 secs] [Times: user=0.02 sys=0.00, real=0.00 secs] 
44.095: Total time for which application threads were stopped: 0.0018090 seconds, Stopping threads took: 0.0000630 seconds
44.248: Application time: 0.1525490 seconds
44.248: [GC [PSYoungGen: 665760K->864K(666112K)] 919065K->254169K(1223680K), 0.0017380 secs] [Times: user=0.01 sys=0.00, real=0.00 secs] 
44.250: Total time for which application threads were stopped: 0.0018640 seconds, Stopping threads took: 0.0000550 seconds
44.400: Application time: 0.1505410 seconds
44.400: [GC [PSYoungGen: 665952K->816K(666112K)] 919257K->254129K(1223680K), 0.0016320 secs] [Times: user=0.01 sys=0.00, real=0.00 secs] 
44.402: Total time for which application threads were stopped: 0.0017550 seconds, Stopping threads took: 0.0000610 seconds
44.654: Application time: 0.2520530 seconds
44.654: [GC [PSYoungGen: 665904K->736K(666112K)] 919217K->254049K(1223680K), 0.0017010 secs] [Times: user=0.02 sys=0.00, real=0.01 secs] 
44.656: Total time for which application threads were stopped: 0.0018430 seconds, Stopping threads took: 0.0000790 seconds
44.808: Application time: 0.1516170 seconds
44.808: [GC [PSYoungGen: 665824K->800K(666112K)] 919137K->254121K(1223680K), 0.0016350 secs] [Times: user=0.01 sys=0.00, real=0.00 secs] 
44.809: Total time for which application threads were stopped: 0.0017610 seconds, Stopping threads took: 0.0000510 seconds
44.984: Application time: 0.1743660 seconds
44.984: [GC [PSYoungGen: 665888K->416K(666112K)] 919209K->253737K(1223680K), 0.0016390 secs] [Times: user=0.01 sys=0.00, real=0.00 secs] 
44.986: Total time for which application threads were stopped: 0.0017800 seconds, Stopping threads took: 0.0000790 seconds
45.216: Application time: 0.2300840 seconds
45.216: [GC [PSYoungGen: 665504K->688K(666112K)] 918825K->254009K(1223680K), 0.0016610 secs] [Times: user=0.01 sys=0.00, real=0.00 secs] 
45.217: Total time for which application threads were stopped: 0.0017730 seconds, Stopping threads took: 0.0000510 seconds
45.368: Application time: 0.1510700 seconds
45.369: [GC [PSYoungGen: 665776K->752K(666112K)] 919097K->254073K(1223680K), 0.0017430 secs] [Times: user=0.01 sys=0.00, real=0.00 secs] 
45.370: Total time for which application threads were stopped: 0.0018900 seconds, Stopping threads took: 0.0000790 seconds
45.621: Application time: 0.2504850 seconds
45.621: [GC [PSYoungGen: 665840K->672K(666112K)] 919161K->253993K(1223680K), 0.0015470 secs] [Times: user=0.00 sys=0.00, real=0.00 secs] 
45.623: Total time for which application threads were stopped: 0.0016780 seconds, Stopping threads took: 0.0000680 seconds
45.776: Application time: 0.1531040 seconds
45.776: [GC [PSYoungGen: 665760K->848K(666112K)] 919081K->254169K(1223680K), 0.0016470 secs] [Times: user=0.01 sys=0.00, real=0.00 secs] 
45.777: Total time for which application threads were stopped: 0.0017820 seconds, Stopping threads took: 0.0000730 seconds
45.927: Application time: 0.1500030 seconds
45.928: [GC [PSYoungGen: 665936K->800K(666112K)] 919257K->254121K(1223680K), 0.0017480 secs] [Times: user=0.02 sys=0.00, real=0.00 secs] 
45.929: Total time for which application threads were stopped: 0.0019310 seconds, Stopping threads took: 0.0001070 seconds
46.181: Application time: 0.2520270 seconds
46.181: [GC [PSYoungGen: 665888K->720K(666112K)] 919209K->254041K(1223680K), 0.0017170 secs] [Times: user=0.01 sys=0.00, real=0.00 secs] 
46.183: Total time for which application threads were stopped: 0.0018530 seconds, Stopping threads took: 0.0000670 seconds
46.335: Application time: 0.1512970 seconds
46.335: [GC [PSYoungGen: 665808K->768K(666112K)] 919129K->254097K(1223680K), 0.0015720 secs] [Times: user=0.01 sys=0.00, real=0.01 secs] 
46.336: Total time for which application threads were stopped: 0.0017120 seconds, Stopping threads took: 0.0000790 seconds
46.506: Application time: 0.1701420 seconds
46.508: [GC [PSYoungGen: 665856K->480K(666112K)] 919185K->253809K(1223680K), 0.0015960 secs] [Times: user=0.01 sys=0.00, real=0.00 secs] 
46.509: Total time for which application threads were stopped: 0.0028310 seconds, Stopping threads took: 0.0011580 seconds
46.742: Application time: 0.2332340 seconds
46.743: [GC [PSYoungGen: 665568K->736K(666112K)] 918897K->254065K(1223680K), 0.0017370 secs] [Times: user=0.01 sys=0.00, real=0.01 secs] 
46.744: Total time for which application threads were stopped: 0.0019040 seconds, Stopping threads took: 0.0001020 seconds
46.896: Application time: 0.1512070 seconds
46.896: [GC [PSYoungGen: 665824K->768K(666112K)] 919153K->254097K(1223680K), 0.0016540 secs] [Times: user=0.01 sys=0.00, real=0.00 secs] 
46.897: Total time for which application threads were stopped: 0.0017750 seconds, Stopping threads took: 0.0000580 seconds
47.147: Application time: 0.2493440 seconds
47.147: [GC [PSYoungGen: 665856K->640K(666112K)] 919185K->253969K(1223680K), 0.0016960 secs] [Times: user=0.01 sys=0.00, real=0.00 secs] 
47.149: Total time for which application threads were stopped: 0.0018290 seconds, Stopping threads took: 0.0000610 seconds
47.303: Application time: 0.1543440 seconds
47.303: [GC [PSYoungGen: 665728K->800K(666112K)] 919057K->254129K(1223680K), 0.0016870 secs] [Times: user=0.02 sys=0.00, real=0.01 secs] 
47.305: Total time for which application threads were stopped: 0.0018410 seconds, Stopping threads took: 0.0000900 seconds
47.455: Application time: 0.1502050 seconds
47.455: [GC [PSYoungGen: 665888K->608K(666112K)] 919217K->253937K(1223680K), 0.0016470 secs] [Times: user=0.02 sys=0.00, real=0.01 secs] 
47.457: Total time for which application threads were stopped: 0.0017630 seconds, Stopping threads took: 0.0000500 seconds
47.710: Application time: 0.2528410 seconds
47.710: [GC [PSYoungGen: 665696K->800K(666112K)] 919025K->254129K(1223680K), 0.0016040 secs] [Times: user=0.01 sys=0.00, real=0.00 secs] 
47.711: Total time for which application threads were stopped: 0.0017440 seconds, Stopping threads took: 0.0000680 seconds
47.863: Application time: 0.1517940 seconds
47.863: [GC [PSYoungGen: 665888K->720K(666112K)] 919217K->254057K(1223680K), 0.0016590 secs] [Times: user=0.01 sys=0.00, real=0.01 secs] 
47.865: Total time for which application threads were stopped: 0.0017830 seconds, Stopping threads took: 0.0000580 seconds
48.033: Application time: 0.1683300 seconds
48.033: [GC [PSYoungGen: 665808K->512K(666112K)] 919145K->253849K(1223680K), 0.0016700 secs] [Times: user=0.01 sys=0.00, real=0.00 secs] 
48.035: Total time for which application threads were stopped: 0.0018030 seconds, Stopping threads took: 0.0000690 seconds
48.270: Application time: 0.2353280 seconds
48.270: [GC [PSYoungGen: 665600K->800K(666112K)] 918937K->254137K(1223680K), 0.0016730 secs] [Times: user=0.01 sys=0.00, real=0.00 secs] 
48.272: Total time for which application threads were stopped: 0.0018280 seconds, Stopping threads took: 0.0000810 seconds
48.423: Application time: 0.1508060 seconds
48.423: [GC [PSYoungGen: 665888K->784K(666112K)] 919225K->254121K(1223680K), 0.0017470 secs] [Times: user=0.02 sys=0.00, real=0.01 secs] 
48.425: Total time for which application threads were stopped: 0.0018890 seconds, Stopping threads took: 0.0000790 seconds
48.673: Application time: 0.2482550 seconds
48.673: [GC [PSYoungGen: 665872K->640K(666112K)] 919209K->253977K(1223680K), 0.0016370 secs] [Times: user=0.01 sys=0.00, real=0.00 secs] 
48.675: Total time for which application threads were stopped: 0.0018000 seconds, Stopping threads took: 0.0000870 seconds
48.831: Application time: 0.1561250 seconds
48.831: [GC [PSYoungGen: 665728K->768K(666112K)] 919065K->254105K(1223680K), 0.0017570 secs] [Times: user=0.01 sys=0.00, real=0.00 secs] 
48.833: Total time for which application threads were stopped: 0.0018790 seconds, Stopping threads took: 0.0000500 seconds
48.984: Application time: 0.1506300 seconds
48.984: [GC [PSYoungGen: 665856K->768K(666112K)] 919193K->254105K(1223680K), 0.0016220 secs] [Times: user=0.01 sys=0.00, real=0.00 secs] 
48.985: Total time for which application threads were stopped: 0.0017560 seconds, Stopping threads took: 0.0000710 seconds
49.239: Application time: 0.2538190 seconds
49.239: [GC [PSYoungGen: 665856K->800K(666112K)] 919193K->254137K(1223680K), 0.0017470 secs] [Times: user=0.01 sys=0.00, real=0.00 secs] 
49.241: Total time for which application threads were stopped: 0.0018950 seconds, Stopping threads took: 0.0000840 seconds
49.391: Application time: 0.1500040 seconds
49.391: [GC [PSYoungGen: 665888K->656K(666112K)] 919225K->254001K(1223680K), 0.0016650 secs] [Times: user=0.01 sys=0.00, real=0.00 secs] 
49.393: Total time for which application threads were stopped: 0.0017880 seconds, Stopping threads took: 0.0000510 seconds
49.562: Application time: 0.1690010 seconds
49.562: [GC [PSYoungGen: 665744K->432K(666112K)] 919089K->253785K(1223680K), 0.0016630 secs] [Times: user=0.01 sys=0.00, real=0.01 secs] 
49.564: Total time for which application threads were stopped: 0.0018140 seconds, Stopping threads took: 0.0000920 seconds
49.800: Application time: 0.2360470 seconds
49.804: [GC [PSYoungGen: 665520K->752K(666112K)] 918873K->254105K(1223680K), 0.0016350 secs] [Times: user=0.01 sys=0.00, real=0.00 secs] 
49.805: Total time for which application threads were stopped: 0.0055420 seconds, Stopping threads took: 0.0038460 seconds
49.956: Application time: 0.1507990 seconds
49.956: [GC [PSYoungGen: 665840K->768K(666112K)] 919193K->254121K(1223680K), 0.0016940 secs] [Times: user=0.01 sys=0.00, real=0.00 secs] 
49.958: Total time for which application threads were stopped: 0.0018290 seconds, Stopping threads took: 0.0000640 seconds
50.204: Application time: 0.2457960 seconds
50.204: [GC [PSYoungGen: 665856K->720K(666112K)] 919209K->254073K(1223680K), 0.0016910 secs] [Times: user=0.02 sys=0.00, real=0.00 secs] 
50.206: Total time for which application threads were stopped: 0.0018180 seconds, Stopping threads took: 0.0000580 seconds
50.363: Application time: 0.1571950 seconds
50.363: [GC [PSYoungGen: 665808K->736K(666112K)] 919161K->254089K(1223680K), 0.0016550 secs] [Times: user=0.01 sys=0.00, real=0.01 secs] 
50.365: Total time for which application threads were stopped: 0.0018030 seconds, Stopping threads took: 0.0000850 seconds
50.515: Application time: 0.1507030 seconds
50.515: [GC [PSYoungGen: 665824K->704K(666112K)] 919177K->254057K(1223680K), 0.0016640 secs] [Times: user=0.01 sys=0.00, real=0.01 secs] 
50.517: Total time for which application threads were stopped: 0.0018590 seconds, Stopping threads took: 0.0001170 seconds
50.771: Application time: 0.2538820 seconds
50.771: [GC [PSYoungGen: 665792K->976K(666112K)] 919145K->254329K(1223680K), 0.0016330 secs] [Times: user=0.01 sys=0.00, real=0.00 secs] 
50.773: Total time for which application threads were stopped: 0.0017690 seconds, Stopping threads took: 0.0000720 seconds
50.924: Application time: 0.1510150 seconds
50.924: [GC [PSYoungGen: 666064K->672K(666112K)] 919417K->254033K(1223680K), 0.0016570 secs] [Times: user=0.01 sys=0.00, real=0.00 secs] 
50.926: Total time for which application threads were stopped: 0.0018030 seconds, Stopping threads took: 0.0000830 seconds
51.096: Application time: 0.1700680 seconds
51.096: [GC [PSYoungGen: 665760K->528K(666112K)] 919121K->253897K(1223680K), 0.0016570 secs] [Times: user=0.01 sys=0.00, real=0.00 secs] 
51.097: Total time for which application threads were stopped: 0.0018090 seconds, Stopping threads took: 0.0000810 seconds
51.331: Application time: 0.2335410 seconds
51.331: [GC [PSYoungGen: 665616K->752K(666112K)] 918985K->254121K(1223680K), 0.0016390 secs] [Times: user=0.01 sys=0.00, real=0.00 secs] 
51.333: Total time for which application threads were stopped: 0.0017690 seconds, Stopping threads took: 0.0000650 seconds
51.483: Application time: 0.1505570 seconds
51.483: [GC [PSYoungGen: 665840K->768K(666112K)] 919209K->254137K(1223680K), 0.0016370 secs] [Times: user=0.01 sys=0.00, real=0.01 secs] 
51.485: Total time for which application threads were stopped: 0.0017540 seconds, Stopping threads took: 0.0000550 seconds
51.728: Application time: 0.2432990 seconds
51.728: [GC [PSYoungGen: 665856K->672K(666112K)] 919225K->254041K(1223680K), 0.0014330 secs] [Times: user=0.01 sys=0.00, real=0.00 secs] 
51.730: Total time for which application threads were stopped: 0.0015730 seconds, Stopping threads took: 0.0000670 seconds
51.890: Application time: 0.1603060 seconds
51.890: [GC [PSYoungGen: 665760K->784K(666112K)] 919129K->254153K(1223680K), 0.0017060 secs] [Times: user=0.01 sys=0.00, real=0.00 secs] 
51.892: Total time for which application threads were stopped: 0.0018470 seconds, Stopping threads took: 0.0000770 seconds
52.043: Application time: 0.1506860 seconds
52.043: [GC [PSYoungGen: 665872K->800K(666112K)] 919241K->254169K(1223680K), 0.0016430 secs] [Times: user=0.01 sys=0.00, real=0.01 secs] 
52.045: Total time for which application threads were stopped: 0.0017900 seconds, Stopping threads took: 0.0000870 seconds
52.298: Application time: 0.2530650 seconds
52.298: [GC [PSYoungGen: 665888K->752K(666112K)] 919257K->254121K(1223680K), 0.0016860 secs] [Times: user=0.01 sys=0.00, real=0.00 secs] 
52.299: Total time for which application threads were stopped: 0.0018290 seconds, Stopping threads took: 0.0000590 seconds
52.450: Application time: 0.1505490 seconds
52.450: [GC [PSYoungGen: 665840K->656K(666112K)] 919209K->254033K(1223680K), 0.0016520 secs] [Times: user=0.01 sys=0.00, real=0.00 secs] 
52.452: Total time for which application threads were stopped: 0.0017800 seconds, Stopping threads took: 0.0000650 seconds
52.619: Application time: 0.1668860 seconds
52.619: [GC [PSYoungGen: 665744K->528K(666112K)] 919121K->253913K(1223680K), 0.0016720 secs] [Times: user=0.01 sys=0.00, real=0.00 secs] 
52.621: Total time for which application threads were stopped: 0.0018300 seconds, Stopping threads took: 0.0000970 seconds
52.857: Application time: 0.2363990 seconds
52.857: [GC [PSYoungGen: 665616K->688K(666112K)] 919001K->254073K(1223680K), 0.0014500 secs] [Times: user=0.01 sys=0.00, real=0.00 secs] 
52.859: Total time for which application threads were stopped: 0.0016000 seconds, Stopping threads took: 0.0000750 seconds
53.009: Application time: 0.1503860 seconds
53.009: [GC [PSYoungGen: 665776K->736K(666112K)] 919161K->254121K(1223680K), 0.0016340 secs] [Times: user=0.01 sys=0.00, real=0.00 secs] 
53.011: Total time for which application threads were stopped: 0.0017810 seconds, Stopping threads took: 0.0000830 seconds
53.252: Application time: 0.2410640 seconds
53.252: [GC [PSYoungGen: 665824K->592K(666112K)] 919209K->253977K(1223680K), 0.0016590 secs] [Times: user=0.01 sys=0.00, real=0.00 secs] 
53.254: Total time for which application threads were stopped: 0.0017960 seconds, Stopping threads took: 0.0000700 seconds
53.415: Application time: 0.1617120 seconds
53.415: [GC [PSYoungGen: 665680K->752K(666112K)] 919065K->254137K(1223680K), 0.0016390 secs] [Times: user=0.01 sys=0.00, real=0.01 secs] 
53.417: Total time for which application threads were stopped: 0.0017990 seconds, Stopping threads took: 0.0000840 seconds
53.568: Application time: 0.1505020 seconds
53.568: [GC [PSYoungGen: 665840K->736K(666112K)] 919225K->254121K(1223680K), 0.0016450 secs] [Times: user=0.01 sys=0.00, real=0.00 secs] 
53.569: Total time for which application threads were stopped: 0.0017580 seconds, Stopping threads took: 0.0000500 seconds
53.822: Application time: 0.2530410 seconds
53.823: [GC [PSYoungGen: 665824K->656K(666112K)] 919209K->254041K(1223680K), 0.0017380 secs] [Times: user=0.01 sys=0.01, real=0.01 secs] 
53.824: Total time for which application threads were stopped: 0.0018690 seconds, Stopping threads took: 0.0000600 seconds
53.975: Application time: 0.1508270 seconds
53.975: [GC [PSYoungGen: 665744K->816K(666112K)] 919129K->254209K(1223680K), 0.0016730 secs] [Times: user=0.01 sys=0.00, real=0.01 secs] 
53.977: Total time for which application threads were stopped: 0.0018150 seconds, Stopping threads took: 0.0000640 seconds
54.143: Application time: 0.1657410 seconds
54.143: [GC [PSYoungGen: 665904K->544K(666112K)] 919297K->253945K(1223680K), 0.0014640 secs] [Times: user=0.00 sys=0.00, real=0.01 secs] 
54.144: Total time for which application threads were stopped: 0.0016380 seconds, Stopping threads took: 0.0001100 seconds
54.382: Application time: 0.2373400 seconds
54.382: [GC [PSYoungGen: 665632K->768K(666112K)] 919033K->254169K(1223680K), 0.0016850 secs] [Times: user=0.01 sys=0.00, real=0.00 secs] 
54.383: Total time for which application threads were stopped: 0.0018040 seconds, Stopping threads took: 0.0000550 seconds
54.534: Application time: 0.1506400 seconds
54.534: [GC [PSYoungGen: 665856K->752K(666112K)] 919257K->254153K(1223680K), 0.0016450 secs] [Times: user=0.01 sys=0.00, real=0.01 secs] 
54.536: Total time for which application threads were stopped: 0.0017900 seconds, Stopping threads took: 0.0000730 seconds
54.782: Application time: 0.2465880 seconds
54.783: [GC [PSYoungGen: 665840K->640K(666112K)] 919241K->254041K(1223680K), 0.0016570 secs] [Times: user=0.01 sys=0.00, real=0.01 secs] 
54.784: Total time for which application threads were stopped: 0.0018030 seconds, Stopping threads took: 0.0000820 seconds
54.945: Application time: 0.1606920 seconds
54.945: [GC [PSYoungGen: 665728K->608K(666112K)] 919129K->254009K(1223680K), 0.0016400 secs] [Times: user=0.01 sys=0.00, real=0.00 secs] 
54.947: Total time for which application threads were stopped: 0.0017620 seconds, Stopping threads took: 0.0000570 seconds
55.098: Application time: 0.1509730 seconds
55.098: [GC [PSYoungGen: 665696K->752K(666112K)] 919097K->254153K(1223680K), 0.0016550 secs] [Times: user=0.01 sys=0.00, real=0.00 secs] 
55.100: Total time for which application threads were stopped: 0.0017970 seconds, Stopping threads took: 0.0000640 seconds
55.351: Application time: 0.2517780 seconds
55.351: [GC [PSYoungGen: 665840K->672K(666112K)] 919241K->254073K(1223680K), 0.0016680 secs] [Times: user=0.02 sys=0.00, real=0.00 secs] 
55.353: Total time for which application threads were stopped: 0.0018270 seconds, Stopping threads took: 0.0000900 seconds
55.505: Application time: 0.1516220 seconds
55.505: [GC [PSYoungGen: 665760K->704K(666112K)] 919161K->254113K(1223680K), 0.0016260 secs] [Times: user=0.01 sys=0.00, real=0.00 secs] 
55.507: Total time for which application threads were stopped: 0.0017420 seconds, Stopping threads took: 0.0000530 seconds
55.674: Application time: 0.1670370 seconds
55.674: [GC [PSYoungGen: 665792K->480K(666112K)] 919201K->253897K(1223680K), 0.0014450 secs] [Times: user=0.01 sys=0.00, real=0.00 secs] 
55.675: Total time for which application threads were stopped: 0.0015970 seconds, Stopping threads took: 0.0000790 seconds
55.916: Application time: 0.2404970 seconds
55.916: [GC [PSYoungGen: 665568K->800K(666112K)] 918985K->254217K(1223680K), 0.0015750 secs] [Times: user=0.01 sys=0.00, real=0.00 secs] 
55.917: Total time for which application threads were stopped: 0.0017010 seconds, Stopping threads took: 0.0000670 seconds
56.068: Application time: 0.1504430 seconds
56.068: [GC [PSYoungGen: 665888K->688K(666112K)] 919305K->254105K(1223680K), 0.0016060 secs] [Times: user=0.01 sys=0.00, real=0.00 secs] 
56.070: Total time for which application threads were stopped: 0.0017090 seconds, Stopping threads took: 0.0000410 seconds
56.307: Application time: 0.2376500 seconds
56.307: [GC [PSYoungGen: 665776K->752K(666112K)] 919193K->254169K(1223680K), 0.0016620 secs] [Times: user=0.01 sys=0.00, real=0.00 secs] 
56.309: Total time for which application threads were stopped: 0.0018310 seconds, Stopping threads took: 0.0000880 seconds
56.474: Application time: 0.1650140 seconds
56.474: [GC [PSYoungGen: 665840K->736K(666112K)] 919257K->254153K(1223680K), 0.0016740 secs] [Times: user=0.01 sys=0.00, real=0.01 secs] 
56.476: Total time for which application threads were stopped: 0.0018240 seconds, Stopping threads took: 0.0000850 seconds
56.628: Application time: 0.1517750 seconds
56.628: [GC [PSYoungGen: 665824K->704K(666112K)] 919241K->254121K(1223680K), 0.0015370 secs] [Times: user=0.01 sys=0.00, real=0.00 secs] 
56.629: Total time for which application threads were stopped: 0.0016690 seconds, Stopping threads took: 0.0000700 seconds
56.881: Application time: 0.2520870 seconds
56.882: [GC [PSYoungGen: 665792K->784K(666112K)] 919209K->254201K(1223680K), 0.0016450 secs] [Times: user=0.01 sys=0.00, real=0.00 secs] 
56.883: Total time for which application threads were stopped: 0.0018250 seconds, Stopping threads took: 0.0001080 seconds
57.043: Application time: 0.1597020 seconds
57.043: [GC [PSYoungGen: 665872K->768K(666112K)] 919289K->254193K(1223680K), 0.0017100 secs] [Times: user=0.01 sys=0.00, real=0.01 secs] 
57.045: Total time for which application threads were stopped: 0.0018610 seconds, Stopping threads took: 0.0000840 seconds
57.227: Application time: 0.1818370 seconds
57.227: [GC [PSYoungGen: 665856K->576K(666112K)] 919281K->254009K(1223680K), 0.0016570 secs] [Times: user=0.01 sys=0.00, real=0.00 secs] 
57.228: Total time for which application threads were stopped: 0.0018060 seconds, Stopping threads took: 0.0000870 seconds
57.446: Application time: 0.2178540 seconds
57.446: [GC [PSYoungGen: 665664K->720K(666112K)] 919097K->254153K(1223680K), 0.0016270 secs] [Times: user=0.01 sys=0.00, real=0.00 secs] 
57.448: Total time for which application threads were stopped: 0.0017780 seconds, Stopping threads took: 0.0000770 seconds
57.602: Application time: 0.1540330 seconds
57.602: [GC [PSYoungGen: 665808K->688K(666112K)] 919241K->254121K(1223680K), 0.0014780 secs] [Times: user=0.01 sys=0.00, real=0.01 secs] 
57.604: Total time for which application threads were stopped: 0.0016260 seconds, Stopping threads took: 0.0000840 seconds
57.839: Application time: 0.2348610 seconds
57.839: [GC [PSYoungGen: 665776K->768K(666112K)] 919209K->254201K(1223680K), 0.0016570 secs] [Times: user=0.01 sys=0.00, real=0.00 secs] 
57.840: Total time for which application threads were stopped: 0.0018060 seconds, Stopping threads took: 0.0000860 seconds
58.010: Application time: 0.1697450 seconds
58.010: [GC [PSYoungGen: 665856K->832K(666112K)] 919289K->254265K(1223680K), 0.0016350 secs] [Times: user=0.01 sys=0.00, real=0.00 secs] 
58.012: Total time for which application threads were stopped: 0.0017670 seconds, Stopping threads took: 0.0000570 seconds
58.163: Application time: 0.1510480 seconds
58.163: [GC [PSYoungGen: 665920K->848K(666112K)] 919353K->254281K(1223680K), 0.0016510 secs] [Times: user=0.01 sys=0.00, real=0.01 secs] 
58.165: Total time for which application threads were stopped: 0.0017620 seconds, Stopping threads took: 0.0000470 seconds
58.410: Application time: 0.2448940 seconds
58.410: [GC [PSYoungGen: 665936K->752K(666112K)] 919369K->254185K(1223680K), 0.0016480 secs] [Times: user=0.01 sys=0.00, real=0.00 secs] 
58.411: Total time for which application threads were stopped: 0.0017960 seconds, Stopping threads took: 0.0000830 seconds
58.570: Application time: 0.1588890 seconds
58.570: [GC [PSYoungGen: 665840K->656K(666112K)] 919273K->254105K(1223680K), 0.0016330 secs] [Times: user=0.01 sys=0.00, real=0.00 secs] 
58.572: Total time for which application threads were stopped: 0.0017860 seconds, Stopping threads took: 0.0000770 seconds
58.752: Application time: 0.1796440 seconds
58.752: [GC [PSYoungGen: 665744K->464K(666112K)] 919193K->253921K(1223680K), 0.0017120 secs] [Times: user=0.01 sys=0.00, real=0.00 secs] 
58.754: Total time for which application threads were stopped: 0.0019450 seconds, Stopping threads took: 0.0001490 seconds
58.973: Application time: 0.2188870 seconds
58.973: [GC [PSYoungGen: 665552K->608K(666112K)] 919009K->254065K(1223680K), 0.0017620 secs] [Times: user=0.01 sys=0.00, real=0.00 secs] 
58.974: Total time for which application threads were stopped: 0.0018880 seconds, Stopping threads took: 0.0000630 seconds
59.130: Application time: 0.1560300 seconds
59.131: [GC [PSYoungGen: 665696K->688K(666112K)] 919153K->254145K(1223680K), 0.0016720 secs] [Times: user=0.01 sys=0.00, real=0.00 secs] 
59.132: Total time for which application threads were stopped: 0.0018030 seconds, Stopping threads took: 0.0000520 seconds
59.366: Application time: 0.2332480 seconds
59.366: [GC [PSYoungGen: 665776K->752K(666112K)] 919233K->254209K(1223680K), 0.0014570 secs] [Times: user=0.00 sys=0.00, real=0.00 secs] 
59.367: Total time for which application threads were stopped: 0.0015900 seconds, Stopping threads took: 0.0000630 seconds
59.536: Application time: 0.1690660 seconds
59.536: [GC [PSYoungGen: 665840K->576K(666112K)] 919297K->254033K(1223680K), 0.0017280 secs] [Times: user=0.02 sys=0.00, real=0.00 secs] 
59.538: Total time for which application threads were stopped: 0.0018390 seconds, Stopping threads took: 0.0000480 seconds
59.690: Application time: 0.1517020 seconds
59.690: [GC [PSYoungGen: 665664K->784K(666112K)] 919121K->254241K(1223680K), 0.0014560 secs] [Times: user=0.01 sys=0.00, real=0.00 secs] 
59.691: Total time for which application threads were stopped: 0.0016140 seconds, Stopping threads took: 0.0000840 seconds
59.934: Application time: 0.2424760 seconds
59.934: [GC [PSYoungGen: 665872K->768K(666112K)] 919329K->254225K(1223680K), 0.0016690 secs] [Times: user=0.01 sys=0.00, real=0.01 secs] 
59.936: Total time for which application threads were stopped: 0.0018170 seconds, Stopping threads took: 0.0000790 seconds
60.097: Application time: 0.1610000 seconds
60.097: [GC [PSYoungGen: 665856K->832K(666112K)] 919313K->254297K(1223680K), 0.0016550 secs] [Times: user=0.01 sys=0.00, real=0.00 secs] 
60.098: Total time for which application threads were stopped: 0.0017680 seconds, Stopping threads took: 0.0000500 seconds
60.278: Application time: 0.1797230 seconds
60.278: [GC [PSYoungGen: 665920K->528K(666112K)] 919385K->254001K(1223680K), 0.0017530 secs] [Times: user=0.01 sys=0.00, real=0.00 secs] 
60.280: Total time for which application threads were stopped: 0.0018910 seconds, Stopping threads took: 0.0000660 seconds
60.498: Application time: 0.2180280 seconds
60.498: [GC [PSYoungGen: 665616K->704K(666112K)] 919089K->254177K(1223680K), 0.0016560 secs] [Times: user=0.01 sys=0.00, real=0.00 secs] 
60.500: Total time for which application threads were stopped: 0.0018040 seconds, Stopping threads took: 0.0000840 seconds
60.657: Application time: 0.1575510 seconds
60.658: [GC [PSYoungGen: 665792K->688K(666112K)] 919265K->254161K(1223680K), 0.0016690 secs] [Times: user=0.01 sys=0.00, real=0.00 secs] 
60.659: Total time for which application threads were stopped: 0.0018190 seconds, Stopping threads took: 0.0000850 seconds
60.891: Application time: 0.2313120 seconds
60.891: [GC [PSYoungGen: 665776K->640K(666112K)] 919249K->254113K(1223680K), 0.0016790 secs] [Times: user=0.01 sys=0.00, real=0.00 secs] 
60.892: Total time for which application threads were stopped: 0.0018190 seconds, Stopping threads took: 0.0000650 seconds
61.063: Application time: 0.1707300 seconds
61.063: [GC [PSYoungGen: 665728K->768K(666112K)] 919201K->254241K(1223680K), 0.0016580 secs] [Times: user=0.01 sys=0.00, real=0.01 secs] 
61.065: Total time for which application threads were stopped: 0.0018010 seconds, Stopping threads took: 0.0000770 seconds
61.218: Application time: 0.1533220 seconds
61.218: [GC [PSYoungGen: 665856K->704K(666112K)] 919329K->254177K(1223680K), 0.0016670 secs] [Times: user=0.01 sys=0.00, real=0.00 secs] 
61.220: Total time for which application threads were stopped: 0.0018110 seconds, Stopping threads took: 0.0000830 seconds
61.459: Application time: 0.2386690 seconds
61.459: [GC [PSYoungGen: 665792K->640K(666112K)] 919265K->254113K(1223680K), 0.0016880 secs] [Times: user=0.01 sys=0.00, real=0.00 secs] 
61.461: Total time for which application threads were stopped: 0.0018500 seconds, Stopping threads took: 0.0000790 seconds
61.625: Application time: 0.1643350 seconds
61.625: [GC [PSYoungGen: 665728K->832K(666112K)] 919201K->254313K(1223680K), 0.0016560 secs] [Times: user=0.01 sys=0.00, real=0.00 secs] 
61.627: Total time for which application threads were stopped: 0.0018030 seconds, Stopping threads took: 0.0000860 seconds
61.810: Application time: 0.1831480 seconds
61.810: [GC [PSYoungGen: 665920K->448K(666112K)] 919401K->253937K(1223680K), 0.0016450 secs] [Times: user=0.01 sys=0.00, real=0.00 secs] 
61.812: Total time for which application threads were stopped: 0.0018040 seconds, Stopping threads took: 0.0000950 seconds
62.027: Application time: 0.2149770 seconds
62.027: [GC [PSYoungGen: 665536K->672K(666112K)] 919025K->254161K(1223680K), 0.0016600 secs] [Times: user=0.01 sys=0.00, real=0.00 secs] 
62.029: Total time for which application threads were stopped: 0.0017890 seconds, Stopping threads took: 0.0000540 seconds
62.186: Application time: 0.1577830 seconds
62.186: [GC [PSYoungGen: 665760K->704K(666112K)] 919249K->254193K(1223680K), 0.0016590 secs] [Times: user=0.02 sys=0.00, real=0.00 secs] 
62.188: Total time for which application threads were stopped: 0.0017840 seconds, Stopping threads took: 0.0000600 seconds
62.417: Application time: 0.2288430 seconds
62.417: [GC [PSYoungGen: 665792K->704K(666112K)] 919281K->254193K(1223680K), 0.0016980 secs] [Times: user=0.01 sys=0.00, real=0.00 secs] 
62.419: Total time for which application threads were stopped: 0.0018790 seconds, Stopping threads took: 0.0001050 seconds
62.591: Application time: 0.1724670 seconds
62.591: [GC [PSYoungGen: 665792K->640K(666112K)] 919281K->254129K(1223680K), 0.0016480 secs] [Times: user=0.01 sys=0.00, real=0.00 secs] 
62.593: Total time for which application threads were stopped: 0.0017810 seconds, Stopping threads took: 0.0000600 seconds
62.749: Application time: 0.1562500 seconds
62.749: [GC [PSYoungGen: 665728K->576K(666112K)] 919217K->254065K(1223680K), 0.0016500 secs] [Times: user=0.01 sys=0.00, real=0.00 secs] 
62.751: Total time for which application threads were stopped: 0.0017890 seconds, Stopping threads took: 0.0000720 seconds
62.988: Application time: 0.2366860 seconds
62.988: [GC [PSYoungGen: 665664K->768K(666112K)] 919153K->254257K(1223680K), 0.0016870 secs] [Times: user=0.01 sys=0.00, real=0.00 secs] 
62.990: Total time for which application threads were stopped: 0.0018130 seconds, Stopping threads took: 0.0000610 seconds
63.156: Application time: 0.1663080 seconds
63.156: [GC [PSYoungGen: 665856K->736K(666112K)] 919345K->254233K(1223680K), 0.0016720 secs] [Times: user=0.01 sys=0.00, real=0.00 secs] 
63.158: Total time for which application threads were stopped: 0.0018020 seconds, Stopping threads took: 0.0000580 seconds
63.342: Application time: 0.1839550 seconds
63.342: [GC [PSYoungGen: 665824K->464K(666112K)] 919321K->253969K(1223680K), 0.0017640 secs] [Times: user=0.01 sys=0.00, real=0.01 secs] 
63.344: Total time for which application threads were stopped: 0.0019010 seconds, Stopping threads took: 0.0000710 seconds
63.555: Application time: 0.2113810 seconds
63.555: [GC [PSYoungGen: 665552K->640K(666112K)] 919057K->254145K(1223680K), 0.0015820 secs] [Times: user=0.01 sys=0.00, real=0.01 secs] 
63.557: Total time for which application threads were stopped: 0.0017250 seconds, Stopping threads took: 0.0000820 seconds
63.716: Application time: 0.1596600 seconds
63.716: [GC [PSYoungGen: 665728K->880K(666112K)] 919233K->254385K(1223680K), 0.0016510 secs] [Times: user=0.01 sys=0.00, real=0.00 secs] 
63.718: Total time for which application threads were stopped: 0.0017700 seconds, Stopping threads took: 0.0000450 seconds
63.945: Application time: 0.2270280 seconds
63.945: [GC [PSYoungGen: 665968K->528K(666112K)] 919473K->254033K(1223680K), 0.0016910 secs] [Times: user=0.01 sys=0.00, real=0.00 secs] 
63.947: Total time for which application threads were stopped: 0.0018100 seconds, Stopping threads took: 0.0000580 seconds
64.118: Application time: 0.1711830 seconds
64.118: [GC [PSYoungGen: 665616K->656K(666112K)] 919121K->254161K(1223680K), 0.0016700 secs] [Times: user=0.01 sys=0.00, real=0.00 secs] 
64.120: Total time for which application threads were stopped: 0.0018210 seconds, Stopping threads took: 0.0000840 seconds
64.279: Application time: 0.1592660 seconds
64.279: [GC [PSYoungGen: 665744K->608K(666112K)] 919249K->254113K(1223680K), 0.0016520 secs] [Times: user=0.01 sys=0.00, real=0.00 secs] 
64.281: Total time for which application threads were stopped: 0.0017900 seconds, Stopping threads took: 0.0000700 seconds
64.514: Application time: 0.2328260 seconds
64.514: [GC [PSYoungGen: 665696K->640K(666112K)] 919201K->254145K(1223680K), 0.0016420 secs] [Times: user=0.01 sys=0.00, real=0.01 secs] 
64.516: Total time for which application threads were stopped: 0.0017540 seconds, Stopping threads took: 0.0000500 seconds
64.682: Application time: 0.1664620 seconds
64.682: [GC [PSYoungGen: 665728K->736K(666112K)] 919233K->254249K(1223680K), 0.0016310 secs] [Times: user=0.01 sys=0.00, real=0.01 secs] 
64.684: Total time for which application threads were stopped: 0.0017630 seconds, Stopping threads took: 0.0000690 seconds
64.869: Application time: 0.1853850 seconds
64.869: [GC [PSYoungGen: 665824K->448K(666112K)] 919337K->253969K(1223680K), 0.0016770 secs] [Times: user=0.01 sys=0.00, real=0.00 secs] 
64.871: Total time for which application threads were stopped: 0.0018170 seconds, Stopping threads took: 0.0000640 seconds
65.082: Application time: 0.2106880 seconds
65.082: [GC [PSYoungGen: 665536K->784K(666112K)] 919057K->254305K(1223680K), 0.0016520 secs] [Times: user=0.01 sys=0.00, real=0.00 secs] 
65.084: Total time for which application threads were stopped: 0.0018010 seconds, Stopping threads took: 0.0000770 seconds
65.243: Application time: 0.1598510 seconds
65.244: [GC [PSYoungGen: 665872K->656K(666112K)] 919393K->254177K(1223680K), 0.0016680 secs] [Times: user=0.01 sys=0.00, real=0.01 secs] 
65.245: Total time for which application threads were stopped: 0.0017880 seconds, Stopping threads took: 0.0000570 seconds
65.471: Application time: 0.2257070 seconds
65.471: [GC [PSYoungGen: 665744K->608K(666112K)] 919265K->254129K(1223680K), 0.0017040 secs] [Times: user=0.01 sys=0.00, real=0.00 secs] 
65.473: Total time for which application threads were stopped: 0.0018500 seconds, Stopping threads took: 0.0000630 seconds
65.647: Application time: 0.1745870 seconds
65.647: [GC [PSYoungGen: 665696K->816K(666112K)] 919217K->254337K(1223680K), 0.0016750 secs] [Times: user=0.01 sys=0.00, real=0.00 secs] 
65.649: Total time for which application threads were stopped: 0.0018010 seconds, Stopping threads took: 0.0000550 seconds
65.812: Application time: 0.1628110 seconds
65.812: [GC [PSYoungGen: 665904K->704K(666112K)] 919425K->254225K(1223680K), 0.0016750 secs] [Times: user=0.01 sys=0.00, real=0.00 secs] 
65.814: Total time for which application threads were stopped: 0.0018040 seconds, Stopping threads took: 0.0000660 seconds
66.044: Application time: 0.2301470 seconds
66.044: [GC [PSYoungGen: 665792K->560K(666112K)] 919313K->254081K(1223680K), 0.0016190 secs] [Times: user=0.01 sys=0.00, real=0.00 secs] 
66.046: Total time for which application threads were stopped: 0.0017550 seconds, Stopping threads took: 0.0000650 seconds
66.212: Application time: 0.1664520 seconds
66.212: [GC [PSYoungGen: 665648K->704K(666112K)] 919169K->254233K(1223680K), 0.0016490 secs] [Times: user=0.01 sys=0.00, real=0.00 secs] 
66.214: Total time for which application threads were stopped: 0.0018000 seconds, Stopping threads took: 0.0000890 seconds
66.401: Application time: 0.1870250 seconds
66.401: [GC [PSYoungGen: 665792K->464K(666112K)] 919321K->254001K(1223680K), 0.0016520 secs] [Times: user=0.01 sys=0.00, real=0.00 secs] 
66.403: Total time for which application threads were stopped: 0.0017910 seconds, Stopping threads took: 0.0000800 seconds
66.609: Application time: 0.2067560 seconds
66.610: [GC [PSYoungGen: 665552K->592K(666112K)] 919089K->254129K(1223680K), 0.0016580 secs] [Times: user=0.01 sys=0.00, real=0.00 secs] 
66.611: Total time for which application threads were stopped: 0.0018040 seconds, Stopping threads took: 0.0000680 seconds
66.773: Application time: 0.1618220 seconds
66.773: [GC [PSYoungGen: 665680K->800K(666112K)] 919217K->254337K(1223680K), 0.0016510 secs] [Times: user=0.01 sys=0.00, real=0.00 secs] 
66.775: Total time for which application threads were stopped: 0.0017690 seconds, Stopping threads took: 0.0000540 seconds
66.998: Application time: 0.2235900 seconds
66.999: [GC [PSYoungGen: 665888K->592K(666112K)] 919425K->254129K(1223680K), 0.0017690 secs] [Times: user=0.01 sys=0.00, real=0.00 secs] 
67.000: Total time for which application threads were stopped: 0.0018940 seconds, Stopping threads took: 0.0000610 seconds
67.175: Application time: 0.1743400 seconds
67.175: [GC [PSYoungGen: 665680K->688K(666112K)] 919217K->254225K(1223680K), 0.0017450 secs] [Times: user=0.01 sys=0.00, real=0.01 secs] 
67.177: Total time for which application threads were stopped: 0.0018960 seconds, Stopping threads took: 0.0000790 seconds
67.340: Application time: 0.1632200 seconds
67.340: [GC [PSYoungGen: 665776K->656K(666112K)] 919313K->254193K(1223680K), 0.0016660 secs] [Times: user=0.01 sys=0.00, real=0.00 secs] 
67.342: Total time for which application threads were stopped: 0.0017980 seconds, Stopping threads took: 0.0000670 seconds
67.571: Application time: 0.2295210 seconds
67.571: [GC [PSYoungGen: 665744K->640K(666112K)] 919281K->254177K(1223680K), 0.0016540 secs] [Times: user=0.01 sys=0.00, real=0.00 secs] 
67.573: Total time for which application threads were stopped: 0.0017800 seconds, Stopping threads took: 0.0000630 seconds
67.741: Application time: 0.1677400 seconds
67.741: [GC [PSYoungGen: 665728K->704K(666112K)] 919265K->254249K(1223680K), 0.0016650 secs] [Times: user=0.02 sys=0.00, real=0.00 secs] 
67.743: Total time for which application threads were stopped: 0.0018170 seconds, Stopping threads took: 0.0000750 seconds
67.932: Application time: 0.1891450 seconds
67.932: [GC [PSYoungGen: 665792K->704K(666112K)] 919337K->254257K(1223680K), 0.0016520 secs] [Times: user=0.00 sys=0.00, real=0.00 secs] 
67.933: Total time for which application threads were stopped: 0.0017880 seconds, Stopping threads took: 0.0000740 seconds
68.140: Application time: 0.2061790 seconds
68.140: [GC [PSYoungGen: 665792K->688K(666112K)] 919345K->254241K(1223680K), 0.0016480 secs] [Times: user=0.01 sys=0.00, real=0.00 secs] 
68.141: Total time for which application threads were stopped: 0.0017570 seconds, Stopping threads took: 0.0000440 seconds
68.303: Application time: 0.1611240 seconds
68.303: [GC [PSYoungGen: 665776K->800K(666112K)] 919329K->254353K(1223680K), 0.0017270 secs] [Times: user=0.01 sys=0.00, real=0.01 secs] 
68.304: Total time for which application threads were stopped: 0.0018530 seconds, Stopping threads took: 0.0000550 seconds
68.527: Application time: 0.2222050 seconds
68.527: [GC [PSYoungGen: 665888K->576K(666112K)] 919441K->254129K(1223680K), 0.0016940 secs] [Times: user=0.01 sys=0.00, real=0.00 secs] 
68.528: Total time for which application threads were stopped: 0.0018520 seconds, Stopping threads took: 0.0000960 seconds
68.704: Application time: 0.1753810 seconds
68.704: [GC [PSYoungGen: 665664K->768K(666112K)] 919217K->254321K(1223680K), 0.0016870 secs] [Times: user=0.01 sys=0.00, real=0.00 secs] 
68.706: Total time for which application threads were stopped: 0.0018130 seconds, Stopping threads took: 0.0000560 seconds
68.869: Application time: 0.1636740 seconds
68.869: [GC [PSYoungGen: 665856K->640K(666112K)] 919409K->254193K(1223680K), 0.0016370 secs] [Times: user=0.01 sys=0.00, real=0.00 secs] 
68.871: Total time for which application threads were stopped: 0.0017850 seconds, Stopping threads took: 0.0000770 seconds
69.100: Application time: 0.2290380 seconds
69.100: [GC [PSYoungGen: 665728K->768K(666112K)] 919281K->254321K(1223680K), 0.0017210 secs] [Times: user=0.02 sys=0.00, real=0.00 secs] 
69.102: Total time for which application threads were stopped: 0.0018440 seconds, Stopping threads took: 0.0000510 seconds
69.270: Application time: 0.1683180 seconds
69.270: [GC [PSYoungGen: 665856K->832K(666112K)] 919409K->254393K(1223680K), 0.0016860 secs] [Times: user=0.01 sys=0.00, real=0.00 secs] 
69.272: Total time for which application threads were stopped: 0.0018430 seconds, Stopping threads took: 0.0000930 seconds
69.461: Application time: 0.1891260 seconds
69.464: [GC [PSYoungGen: 665920K->544K(666112K)] 919481K->254113K(1223680K), 0.0016500 secs] [Times: user=0.01 sys=0.00, real=0.00 secs] 
69.465: Total time for which application threads were stopped: 0.0039990 seconds, Stopping threads took: 0.0022810 seconds
69.670: Application time: 0.2045010 seconds
69.670: [GC [PSYoungGen: 665632K->736K(666112K)] 919201K->254305K(1223680K), 0.0014800 secs] [Times: user=0.00 sys=0.00, real=0.00 secs] 
69.671: Total time for which application threads were stopped: 0.0016200 seconds, Stopping threads took: 0.0000750 seconds
69.833: Application time: 0.1617420 seconds
69.833: [GC [PSYoungGen: 665824K->688K(666112K)] 919393K->254257K(1223680K), 0.0014400 secs] [Times: user=0.01 sys=0.00, real=0.00 secs] 
69.835: Total time for which application threads were stopped: 0.0015750 seconds, Stopping threads took: 0.0000720 seconds
70.056: Application time: 0.2209260 seconds
70.056: [GC [PSYoungGen: 665776K->688K(666112K)] 919345K->254257K(1223680K), 0.0016580 secs] [Times: user=0.01 sys=0.00, real=0.00 secs] 
70.057: Total time for which application threads were stopped: 0.0018000 seconds, Stopping threads took: 0.0000730 seconds
70.234: Application time: 0.1766310 seconds
70.234: [GC [PSYoungGen: 665776K->736K(666112K)] 919345K->254305K(1223680K), 0.0016640 secs] [Times: user=0.01 sys=0.00, real=0.01 secs] 
70.236: Total time for which application threads were stopped: 0.0018180 seconds, Stopping threads took: 0.0000820 seconds
70.400: Application time: 0.1640060 seconds
70.400: [GC [PSYoungGen: 665824K->608K(666112K)] 919393K->254177K(1223680K), 0.0016320 secs] [Times: user=0.01 sys=0.00, real=0.00 secs] 
70.402: Total time for which application threads were stopped: 0.0017700 seconds, Stopping threads took: 0.0000760 seconds
70.629: Application time: 0.2276470 seconds
70.629: [GC [PSYoungGen: 665696K->672K(666112K)] 919265K->254241K(1223680K), 0.0016880 secs] [Times: user=0.01 sys=0.00, real=0.00 secs] 
70.631: Total time for which application threads were stopped: 0.0018210 seconds, Stopping threads took: 0.0000580 seconds
70.799: Application time: 0.1677210 seconds
70.799: [GC [PSYoungGen: 665760K->640K(666112K)] 919329K->254217K(1223680K), 0.0016770 secs] [Times: user=0.01 sys=0.00, real=0.00 secs] 
70.801: Total time for which application threads were stopped: 0.0018140 seconds, Stopping threads took: 0.0000650 seconds
70.989: Application time: 0.1878030 seconds
70.989: [GC [PSYoungGen: 665728K->544K(666112K)] 919305K->254129K(1223680K), 0.0016030 secs] [Times: user=0.01 sys=0.00, real=0.00 secs] 
70.990: Total time for which application threads were stopped: 0.0017530 seconds, Stopping threads took: 0.0000850 seconds
71.196: Application time: 0.2061980 seconds
71.197: [GC [PSYoungGen: 665632K->608K(666112K)] 919217K->254193K(1223680K), 0.0016180 secs] [Times: user=0.02 sys=0.00, real=0.00 secs] 
71.198: Total time for which application threads were stopped: 0.0017510 seconds, Stopping threads took: 0.0000580 seconds
71.359: Application time: 0.1610630 seconds
71.359: [GC [PSYoungGen: 665696K->736K(666112K)] 919281K->254321K(1223680K), 0.0016620 secs] [Times: user=0.02 sys=0.00, real=0.00 secs] 
71.361: Total time for which application threads were stopped: 0.0017890 seconds, Stopping threads took: 0.0000630 seconds
71.581: Application time: 0.2195090 seconds
71.581: [GC [PSYoungGen: 665824K->560K(666112K)] 919409K->254145K(1223680K), 0.0016810 secs] [Times: user=0.01 sys=0.00, real=0.00 secs] 
71.582: Total time for which application threads were stopped: 0.0017910 seconds, Stopping threads took: 0.0000480 seconds
71.762: Application time: 0.1794190 seconds
71.762: [GC [PSYoungGen: 665648K->640K(666112K)] 919233K->254225K(1223680K), 0.0016270 secs] [Times: user=0.01 sys=0.00, real=0.01 secs] 
71.764: Total time for which application threads were stopped: 0.0017600 seconds, Stopping threads took: 0.0000570 seconds
71.929: Application time: 0.1656320 seconds
71.929: [GC [PSYoungGen: 665728K->736K(666112K)] 919313K->254321K(1223680K), 0.0017510 secs] [Times: user=0.01 sys=0.00, real=0.00 secs] 
71.931: Total time for which application threads were stopped: 0.0019110 seconds, Stopping threads took: 0.0000980 seconds
72.156: Application time: 0.2251960 seconds
72.156: [GC [PSYoungGen: 665824K->608K(666112K)] 919409K->254193K(1223680K), 0.0016630 secs] [Times: user=0.01 sys=0.00, real=0.00 secs] 
72.158: Total time for which application threads were stopped: 0.0017850 seconds, Stopping threads took: 0.0000580 seconds
72.328: Application time: 0.1697510 seconds
72.328: [GC [PSYoungGen: 665696K->720K(666112K)] 919281K->254313K(1223680K), 0.0016690 secs] [Times: user=0.01 sys=0.00, real=0.00 secs] 
72.330: Total time for which application threads were stopped: 0.0017880 seconds, Stopping threads took: 0.0000450 seconds
72.518: Application time: 0.1879440 seconds
72.518: [GC [PSYoungGen: 665808K->544K(666112K)] 919401K->254145K(1223680K), 0.0016870 secs] [Times: user=0.01 sys=0.00, real=0.00 secs] 
72.519: Total time for which application threads were stopped: 0.0018140 seconds, Stopping threads took: 0.0000630 seconds
72.725: Application time: 0.2057110 seconds
72.725: [GC [PSYoungGen: 665632K->672K(666112K)] 919233K->254273K(1223680K), 0.0016670 secs] [Times: user=0.01 sys=0.00, real=0.00 secs] 
72.727: Total time for which application threads were stopped: 0.0017990 seconds, Stopping threads took: 0.0000700 seconds
72.889: Application time: 0.1622590 seconds
72.889: [GC [PSYoungGen: 665760K->752K(666112K)] 919361K->254353K(1223680K), 0.0015220 secs] [Times: user=0.01 sys=0.00, real=0.00 secs] 
72.891: Total time for which application threads were stopped: 0.0016720 seconds, Stopping threads took: 0.0000850 seconds
73.108: Application time: 0.2168530 seconds
73.108: [GC [PSYoungGen: 665840K->672K(666112K)] 919441K->254273K(1223680K), 0.0017420 secs] [Times: user=0.01 sys=0.00, real=0.00 secs] 
73.110: Total time for which application threads were stopped: 0.0018840 seconds, Stopping threads took: 0.0000760 seconds
73.289: Application time: 0.1789450 seconds
73.289: [GC [PSYoungGen: 665760K->784K(666112K)] 919361K->254385K(1223680K), 0.0015920 secs] [Times: user=0.01 sys=0.00, real=0.00 secs] 
73.290: Total time for which application threads were stopped: 0.0017000 seconds, Stopping threads took: 0.0000450 seconds
73.457: Application time: 0.1669100 seconds
73.457: [GC [PSYoungGen: 665872K->576K(666112K)] 919473K->254177K(1223680K), 0.0016680 secs] [Times: user=0.00 sys=0.00, real=0.00 secs] 
73.459: Total time for which application threads were stopped: 0.0018060 seconds, Stopping threads took: 0.0000660 seconds
73.686: Application time: 0.2265630 seconds
73.686: [GC [PSYoungGen: 665664K->752K(666112K)] 919265K->254353K(1223680K), 0.0016320 secs] [Times: user=0.01 sys=0.00, real=0.00 secs] 
73.687: Total time for which application threads were stopped: 0.0017580 seconds, Stopping threads took: 0.0000640 seconds
73.856: Application time: 0.1682770 seconds
73.856: [GC [PSYoungGen: 665840K->704K(666112K)] 919441K->254313K(1223680K), 0.0016140 secs] [Times: user=0.02 sys=0.00, real=0.00 secs] 
73.857: Total time for which application threads were stopped: 0.0017390 seconds, Stopping threads took: 0.0000620 seconds
74.044: Application time: 0.1869380 seconds
74.044: [GC [PSYoungGen: 665792K->512K(666112K)] 919401K->254129K(1223680K), 0.0016470 secs] [Times: user=0.01 sys=0.00, real=0.00 secs] 
74.046: Total time for which application threads were stopped: 0.0017900 seconds, Stopping threads took: 0.0000720 seconds
74.254: Application time: 0.2078010 seconds
74.254: [GC [PSYoungGen: 665600K->768K(666112K)] 919217K->254385K(1223680K), 0.0016190 secs] [Times: user=0.02 sys=0.00, real=0.01 secs] 
74.256: Total time for which application threads were stopped: 0.0017470 seconds, Stopping threads took: 0.0000530 seconds
74.419: Application time: 0.1632340 seconds
74.419: [GC [PSYoungGen: 665856K->800K(666112K)] 919473K->254417K(1223680K), 0.0016910 secs] [Times: user=0.01 sys=0.00, real=0.00 secs] 
74.421: Total time for which application threads were stopped: 0.0018400 seconds, Stopping threads took: 0.0000850 seconds
74.638: Application time: 0.2177170 seconds
74.639: [GC [PSYoungGen: 665888K->544K(666112K)] 919505K->254161K(1223680K), 0.0017740 secs] [Times: user=0.01 sys=0.00, real=0.00 secs] 
74.640: Total time for which application threads were stopped: 0.0019300 seconds, Stopping threads took: 0.0000840 seconds
74.819: Application time: 0.1786810 seconds
74.819: [GC [PSYoungGen: 665632K->576K(666112K)] 919249K->254193K(1223680K), 0.0017530 secs] [Times: user=0.01 sys=0.00, real=0.00 secs] 
74.821: Total time for which application threads were stopped: 0.0018660 seconds, Stopping threads took: 0.0000480 seconds
74.990: Application time: 0.1690620 seconds
74.990: [GC [PSYoungGen: 665664K->608K(666112K)] 919281K->254225K(1223680K), 0.0017720 secs] [Times: user=0.01 sys=0.00, real=0.00 secs] 
74.992: Total time for which application threads were stopped: 0.0019130 seconds, Stopping threads took: 0.0000750 seconds
75.216: Application time: 0.2244190 seconds
75.216: [GC [PSYoungGen: 665696K->656K(666112K)] 919313K->254273K(1223680K), 0.0017340 secs] [Times: user=0.01 sys=0.00, real=0.00 secs] 
75.218: Total time for which application threads were stopped: 0.0019070 seconds, Stopping threads took: 0.0001020 seconds
75.385: Application time: 0.1663910 seconds
75.385: [GC [PSYoungGen: 665744K->768K(666112K)] 919361K->254393K(1223680K), 0.0016550 secs] [Times: user=0.01 sys=0.00, real=0.00 secs] 
75.386: Total time for which application threads were stopped: 0.0017920 seconds, Stopping threads took: 0.0000720 seconds
75.580: Application time: 0.1934290 seconds
75.580: [GC [PSYoungGen: 665856K->560K(666112K)] 919481K->254193K(1223680K), 0.0016510 secs] [Times: user=0.01 sys=0.00, real=0.00 secs] 
75.582: Total time for which application threads were stopped: 0.0017910 seconds, Stopping threads took: 0.0000800 seconds
75.785: Application time: 0.2031240 seconds
75.785: [GC [PSYoungGen: 665648K->608K(666112K)] 919281K->254241K(1223680K), 0.0016240 secs] [Times: user=0.01 sys=0.00, real=0.00 secs] 
75.787: Total time for which application threads were stopped: 0.0017720 seconds, Stopping threads took: 0.0000750 seconds
75.949: Application time: 0.1628920 seconds
75.950: [GC [PSYoungGen: 665696K->672K(666112K)] 919329K->254305K(1223680K), 0.0016440 secs] [Times: user=0.01 sys=0.00, real=0.00 secs] 
75.951: Total time for which application threads were stopped: 0.0017960 seconds, Stopping threads took: 0.0000880 seconds
76.168: Application time: 0.2171690 seconds
76.169: [GC [PSYoungGen: 665760K->544K(666112K)] 919393K->254177K(1223680K), 0.0014750 secs] [Times: user=0.01 sys=0.00, real=0.00 secs] 
76.170: Total time for which application threads were stopped: 0.0016340 seconds, Stopping threads took: 0.0000890 seconds
76.347: Application time: 0.1767820 seconds
76.347: [GC [PSYoungGen: 665632K->656K(666112K)] 919265K->254289K(1223680K), 0.0016910 secs] [Times: user=0.01 sys=0.00, real=0.00 secs] 
76.349: Total time for which application threads were stopped: 0.0018280 seconds, Stopping threads took: 0.0000620 seconds
76.518: Application time: 0.1697810 seconds
76.519: [GC [PSYoungGen: 665744K->624K(666112K)] 919377K->254257K(1223680K), 0.0016730 secs] [Times: user=0.01 sys=0.00, real=0.00 secs] 
76.520: Total time for which application threads were stopped: 0.0018240 seconds, Stopping threads took: 0.0000860 seconds
76.744: Application time: 0.2237190 seconds
76.744: [GC [PSYoungGen: 665712K->656K(666112K)] 919345K->254289K(1223680K), 0.0017520 secs] [Times: user=0.01 sys=0.00, real=0.00 secs] 
76.746: Total time for which application threads were stopped: 0.0018610 seconds, Stopping threads took: 0.0000470 seconds
76.913: Application time: 0.1668380 seconds
76.913: [GC [PSYoungGen: 665744K->688K(666112K)] 919377K->254329K(1223680K), 0.0016670 secs] [Times: user=0.01 sys=0.00, real=0.00 secs] 
76.914: Total time for which application threads were stopped: 0.0018020 seconds, Stopping threads took: 0.0000680 seconds
77.108: Application time: 0.1937330 seconds
77.108: [GC [PSYoungGen: 665776K->640K(666112K)] 919417K->254289K(1223680K), 0.0014760 secs] [Times: user=0.00 sys=0.00, real=0.00 secs] 
77.110: Total time for which application threads were stopped: 0.0015980 seconds, Stopping threads took: 0.0000590 seconds
77.311: Application time: 0.2007630 seconds
77.311: [GC [PSYoungGen: 665728K->736K(666112K)] 919377K->254393K(1223680K), 0.0016440 secs] [Times: user=0.01 sys=0.00, real=0.00 secs] 
77.312: Total time for which application threads were stopped: 0.0017840 seconds, Stopping threads took: 0.0000750 seconds
77.476: Application time: 0.1638970 seconds
77.476: [GC [PSYoungGen: 665824K->704K(666112K)] 919481K->254361K(1223680K), 0.0017610 secs] [Times: user=0.01 sys=0.00, real=0.00 secs] 
77.478: Total time for which application threads were stopped: 0.0018930 seconds, Stopping threads took: 0.0000560 seconds
77.698: Application time: 0.2197080 seconds
77.698: [GC [PSYoungGen: 665792K->496K(666112K)] 919449K->254153K(1223680K), 0.0017630 secs] [Times: user=0.01 sys=0.00, real=0.00 secs] 
77.700: Total time for which application threads were stopped: 0.0018980 seconds, Stopping threads took: 0.0000720 seconds
77.877: Application time: 0.1771170 seconds
77.877: [GC [PSYoungGen: 665584K->848K(666112K)] 919241K->254505K(1223680K), 0.0016330 secs] [Times: user=0.01 sys=0.00, real=0.00 secs] 
77.879: Total time for which application threads were stopped: 0.0017620 seconds, Stopping threads took: 0.0000650 seconds
78.051: Application time: 0.1720500 seconds
78.051: [GC [PSYoungGen: 665936K->576K(666112K)] 919593K->254233K(1223680K), 0.0016650 secs] [Times: user=0.01 sys=0.00, real=0.00 secs] 
78.053: Total time for which application threads were stopped: 0.0018400 seconds, Stopping threads took: 0.0000950 seconds
78.276: Application time: 0.2230610 seconds
78.276: [GC [PSYoungGen: 665664K->752K(666112K)] 919321K->254409K(1223680K), 0.0015750 secs] [Times: user=0.01 sys=0.00, real=0.00 secs] 
78.277: Total time for which application threads were stopped: 0.0017090 seconds, Stopping threads took: 0.0000720 seconds
78.446: Application time: 0.1684550 seconds
78.446: [GC [PSYoungGen: 665840K->640K(666112K)] 919497K->254305K(1223680K), 0.0016740 secs] [Times: user=0.01 sys=0.00, real=0.00 secs] 
78.448: Total time for which application threads were stopped: 0.0018090 seconds, Stopping threads took: 0.0000740 seconds
78.638: Application time: 0.1907680 seconds
78.639: [GC [PSYoungGen: 665728K->496K(666112K)] 919393K->254169K(1223680K), 0.0016740 secs] [Times: user=0.01 sys=0.00, real=0.00 secs] 
78.640: Total time for which application threads were stopped: 0.0018420 seconds, Stopping threads took: 0.0000940 seconds
78.845: Application time: 0.2049970 seconds
78.845: [GC [PSYoungGen: 665584K->656K(666112K)] 919257K->254337K(1223680K), 0.0016730 secs] [Times: user=0.01 sys=0.00, real=0.00 secs] 
78.847: Total time for which application threads were stopped: 0.0018200 seconds, Stopping threads took: 0.0000840 seconds
79.012: Application time: 0.1649370 seconds
79.012: [GC [PSYoungGen: 665744K->720K(666112K)] 919425K->254401K(1223680K), 0.0017450 secs] [Times: user=0.01 sys=0.00, real=0.00 secs] 
79.014: Total time for which application threads were stopped: 0.0018800 seconds, Stopping threads took: 0.0000690 seconds
79.228: Application time: 0.2146430 seconds
79.229: [GC [PSYoungGen: 665808K->576K(666112K)] 919489K->254257K(1223680K), 0.0016650 secs] [Times: user=0.02 sys=0.00, real=0.00 secs] 
79.230: Total time for which application threads were stopped: 0.0018050 seconds, Stopping threads took: 0.0000610 seconds
79.410: Application time: 0.1799070 seconds
79.410: [GC [PSYoungGen: 665664K->848K(666112K)] 919345K->254529K(1223680K), 0.0017230 secs] [Times: user=0.02 sys=0.00, real=0.00 secs] 
79.412: Total time for which application threads were stopped: 0.0018630 seconds, Stopping threads took: 0.0000690 seconds
79.581: Application time: 0.1687930 seconds
79.581: [GC [PSYoungGen: 665936K->768K(666112K)] 919617K->254449K(1223680K), 0.0016490 secs] [Times: user=0.01 sys=0.00, real=0.00 secs] 
79.583: Total time for which application threads were stopped: 0.0017780 seconds, Stopping threads took: 0.0000650 seconds
79.807: Application time: 0.2238760 seconds
79.807: [GC [PSYoungGen: 665856K->688K(666112K)] 919537K->254369K(1223680K), 0.0016810 secs] [Times: user=0.02 sys=0.00, real=0.00 secs] 
79.808: Total time for which application threads were stopped: 0.0018320 seconds, Stopping threads took: 0.0000790 seconds
79.975: Application time: 0.1667140 seconds
79.975: [GC [PSYoungGen: 665776K->640K(666112K)] 919457K->254329K(1223680K), 0.0016770 secs] [Times: user=0.00 sys=0.00, real=0.01 secs] 
79.977: Total time for which application threads were stopped: 0.0018380 seconds, Stopping threads took: 0.0000950 seconds
80.167: Application time: 0.1896790 seconds
80.167: [GC [PSYoungGen: 665728K->560K(666112K)] 919417K->254257K(1223680K), 0.0016820 secs] [Times: user=0.00 sys=0.00, real=0.00 secs] 
80.168: Total time for which application threads were stopped: 0.0018550 seconds, Stopping threads took: 0.0001070 seconds
80.375: Application time: 0.2067100 seconds
80.375: [GC [PSYoungGen: 665648K->704K(666112K)] 919345K->254409K(1223680K), 0.0016920 secs] [Times: user=0.02 sys=0.00, real=0.01 secs] 
80.377: Total time for which application threads were stopped: 0.0018370 seconds, Stopping threads took: 0.0000750 seconds
80.542: Application time: 0.1645550 seconds
80.542: [GC [PSYoungGen: 665792K->768K(666112K)] 919497K->254473K(1223680K), 0.0016230 secs] [Times: user=0.01 sys=0.00, real=0.00 secs] 
80.543: Total time for which application threads were stopped: 0.0017790 seconds, Stopping threads took: 0.0000930 seconds
80.757: Application time: 0.2139640 seconds
80.757: [GC [PSYoungGen: 665856K->672K(666112K)] 919561K->254377K(1223680K), 0.0016050 secs] [Times: user=0.01 sys=0.00, real=0.00 secs] 
80.759: Total time for which application threads were stopped: 0.0017460 seconds, Stopping threads took: 0.0000790 seconds
80.940: Application time: 0.1809380 seconds
80.940: [GC [PSYoungGen: 665760K->672K(666112K)] 919465K->254377K(1223680K), 0.0015070 secs] [Times: user=0.01 sys=0.00, real=0.00 secs] 
80.942: Total time for which application threads were stopped: 0.0016290 seconds, Stopping threads took: 0.0000470 seconds
81.110: Application time: 0.1683470 seconds
81.110: [GC [PSYoungGen: 665760K->736K(666112K)] 919465K->254441K(1223680K), 0.0016710 secs] [Times: user=0.00 sys=0.00, real=0.00 secs] 
81.112: Total time for which application threads were stopped: 0.0018060 seconds, Stopping threads took: 0.0000740 seconds
81.336: Application time: 0.2240910 seconds
81.336: [GC [PSYoungGen: 665824K->672K(666112K)] 919529K->254377K(1223680K), 0.0016230 secs] [Times: user=0.01 sys=0.00, real=0.00 secs] 
81.338: Total time for which application threads were stopped: 0.0017650 seconds, Stopping threads took: 0.0000800 seconds
81.504: Application time: 0.1665600 seconds
81.504: [GC [PSYoungGen: 665760K->736K(666112K)] 919465K->254449K(1223680K), 0.0016850 secs] [Times: user=0.01 sys=0.00, real=0.00 secs] 
81.506: Total time for which application threads were stopped: 0.0018570 seconds, Stopping threads took: 0.0001030 seconds
81.693: Application time: 0.1872660 seconds
81.693: [GC [PSYoungGen: 665824K->576K(666112K)] 919537K->254297K(1223680K), 0.0016340 secs] [Times: user=0.00 sys=0.00, real=0.00 secs] 
81.695: Total time for which application threads were stopped: 0.0017640 seconds, Stopping threads took: 0.0000680 seconds
81.902: Application time: 0.2072510 seconds
81.902: [GC [PSYoungGen: 665664K->704K(666112K)] 919385K->254433K(1223680K), 0.0014770 secs] [Times: user=0.01 sys=0.00, real=0.01 secs] 
81.904: Total time for which application threads were stopped: 0.0016200 seconds, Stopping threads took: 0.0000780 seconds
82.069: Application time: 0.1651100 seconds
82.069: [GC [PSYoungGen: 665792K->720K(666112K)] 919521K->254449K(1223680K), 0.0017340 secs] [Times: user=0.01 sys=0.00, real=0.00 secs] 
82.071: Total time for which application threads were stopped: 0.0018670 seconds, Stopping threads took: 0.0000610 seconds
82.286: Application time: 0.2151120 seconds
82.286: [GC [PSYoungGen: 665808K->544K(666112K)] 919537K->254273K(1223680K), 0.0016530 secs] [Times: user=0.01 sys=0.00, real=0.00 secs] 
82.288: Total time for which application threads were stopped: 0.0018160 seconds, Stopping threads took: 0.0000980 seconds
82.468: Application time: 0.1801880 seconds
82.468: [GC [PSYoungGen: 665632K->560K(666112K)] 919361K->254289K(1223680K), 0.0016570 secs] [Times: user=0.01 sys=0.00, real=0.00 secs] 
82.470: Total time for which application threads were stopped: 0.0017950 seconds, Stopping threads took: 0.0000730 seconds
82.639: Application time: 0.1695420 seconds
82.640: [GC [PSYoungGen: 665648K->640K(666112K)] 919377K->254369K(1223680K), 0.0016190 secs] [Times: user=0.01 sys=0.00, real=0.00 secs] 
82.641: Total time for which application threads were stopped: 0.0017740 seconds, Stopping threads took: 0.0000840 seconds
82.864: Application time: 0.2225460 seconds
82.864: [GC [PSYoungGen: 665728K->592K(666112K)] 919457K->254321K(1223680K), 0.0017530 secs] [Times: user=0.01 sys=0.00, real=0.00 secs] 
82.866: Total time for which application threads were stopped: 0.0018880 seconds, Stopping threads took: 0.0000720 seconds
83.033: Application time: 0.1671070 seconds
83.033: [GC [PSYoungGen: 665680K->768K(666112K)] 919409K->254505K(1223680K), 0.0017180 secs] [Times: user=0.01 sys=0.00, real=0.00 secs] 
83.035: Total time for which application threads were stopped: 0.0018480 seconds, Stopping threads took: 0.0000660 seconds
83.222: Application time: 0.1869060 seconds
83.222: [GC [PSYoungGen: 665856K->496K(666112K)] 919593K->254241K(1223680K), 0.0016710 secs] [Times: user=0.01 sys=0.00, real=0.00 secs] 
83.223: Total time for which application threads were stopped: 0.0018020 seconds, Stopping threads took: 0.0000570 seconds
83.431: Application time: 0.2074200 seconds
83.431: [GC [PSYoungGen: 665584K->768K(666112K)] 919329K->254521K(1223680K), 0.0016270 secs] [Times: user=0.01 sys=0.00, real=0.00 secs] 
83.433: Total time for which application threads were stopped: 0.0017640 seconds, Stopping threads took: 0.0000760 seconds
83.598: Application time: 0.1659170 seconds
83.599: [GC [PSYoungGen: 665856K->704K(666112K)] 919609K->254457K(1223680K), 0.0016950 secs] [Times: user=0.01 sys=0.00, real=0.00 secs] 
83.600: Total time for which application threads were stopped: 0.0018600 seconds, Stopping threads took: 0.0001000 seconds
83.814: Application time: 0.2133170 seconds
83.814: [GC [PSYoungGen: 665792K->688K(666112K)] 919545K->254441K(1223680K), 0.0016290 secs] [Times: user=0.01 sys=0.00, real=0.00 secs] 
83.815: Total time for which application threads were stopped: 0.0017720 seconds, Stopping threads took: 0.0000660 seconds
83.998: Application time: 0.1821950 seconds
83.998: [GC [PSYoungGen: 665776K->640K(666112K)] 919529K->254393K(1223680K), 0.0015450 secs] [Times: user=0.01 sys=0.00, real=0.00 secs] 
83.999: Total time for which application threads were stopped: 0.0016670 seconds, Stopping threads took: 0.0000570 seconds
84.171: Application time: 0.1720420 seconds
84.171: [GC [PSYoungGen: 665728K->736K(666112K)] 919481K->254489K(1223680K), 0.0016430 secs] [Times: user=0.01 sys=0.00, real=0.00 secs] 
84.173: Total time for which application threads were stopped: 0.0017710 seconds, Stopping threads took: 0.0000610 seconds
84.394: Application time: 0.2208950 seconds
84.394: [GC [PSYoungGen: 665824K->736K(666112K)] 919577K->254489K(1223680K), 0.0017310 secs] [Times: user=0.01 sys=0.00, real=0.01 secs] 
84.396: Total time for which application threads were stopped: 0.0019080 seconds, Stopping threads took: 0.0001020 seconds
84.565: Application time: 0.1686910 seconds
84.565: [GC [PSYoungGen: 665824K->704K(666112K)] 919577K->254465K(1223680K), 0.0017420 secs] [Times: user=0.01 sys=0.00, real=0.00 secs] 
84.566: Total time for which application threads were stopped: 0.0018640 seconds, Stopping threads took: 0.0000530 seconds
84.758: Application time: 0.1912650 seconds
84.758: [GC [PSYoungGen: 665792K->656K(666112K)] 919553K->254425K(1223680K), 0.0016410 secs] [Times: user=0.01 sys=0.00, real=0.00 secs] 
84.760: Total time for which application threads were stopped: 0.0017820 seconds, Stopping threads took: 0.0000770 seconds
84.961: Application time: 0.2015600 seconds
84.961: [GC [PSYoungGen: 665744K->640K(666112K)] 919513K->254417K(1223680K), 0.0016210 secs] [Times: user=0.01 sys=0.00, real=0.00 secs] 
84.963: Total time for which application threads were stopped: 0.0017870 seconds, Stopping threads took: 0.0000890 seconds
85.129: Application time: 0.1663120 seconds
85.129: [GC [PSYoungGen: 665728K->672K(666112K)] 919505K->254449K(1223680K), 0.0016650 secs] [Times: user=0.01 sys=0.00, real=0.00 secs] 
85.131: Total time for which application threads were stopped: 0.0018270 seconds, Stopping threads took: 0.0000900 seconds
85.345: Application time: 0.2137050 seconds
85.345: [GC [PSYoungGen: 665760K->656K(666112K)] 919537K->254433K(1223680K), 0.0016330 secs] [Times: user=0.01 sys=0.00, real=0.00 secs] 
85.347: Total time for which application threads were stopped: 0.0017940 seconds, Stopping threads took: 0.0000900 seconds
85.526: Application time: 0.1792640 seconds
85.526: [GC [PSYoungGen: 665744K->624K(666112K)] 919521K->254401K(1223680K), 0.0016800 secs] [Times: user=0.01 sys=0.00, real=0.00 secs] 
85.528: Total time for which application threads were stopped: 0.0018430 seconds, Stopping threads took: 0.0000870 seconds
85.702: Application time: 0.1744350 seconds
85.702: [GC [PSYoungGen: 665712K->544K(666112K)] 919489K->254321K(1223680K), 0.0016810 secs] [Times: user=0.01 sys=0.00, real=0.01 secs] 
85.704: Total time for which application threads were stopped: 0.0018380 seconds, Stopping threads took: 0.0000920 seconds
85.918: Application time: 0.2136410 seconds
85.918: [GC [PSYoungGen: 665632K->704K(666112K)] 919409K->254481K(1223680K), 0.0016350 secs] [Times: user=0.01 sys=0.00, real=0.00 secs] 
85.919: Total time for which application threads were stopped: 0.0017710 seconds, Stopping threads took: 0.0000740 seconds
86.090: Application time: 0.1711900 seconds
86.091: [GC [PSYoungGen: 665792K->752K(666112K)] 919569K->254537K(1223680K), 0.0014490 secs] [Times: user=0.01 sys=0.00, real=0.00 secs] 
86.092: Total time for which application threads were stopped: 0.0015820 seconds, Stopping threads took: 0.0000570 seconds
86.289: Application time: 0.1968650 seconds
86.289: [GC [PSYoungGen: 665840K->544K(666112K)] 919625K->254337K(1223680K), 0.0016880 secs] [Times: user=0.01 sys=0.00, real=0.00 secs] 
86.291: Total time for which application threads were stopped: 0.0018490 seconds, Stopping threads took: 0.0000970 seconds
86.489: Application time: 0.1980100 seconds
86.489: [GC [PSYoungGen: 665632K->672K(666112K)] 919425K->254473K(1223680K), 0.0016580 secs] [Times: user=0.02 sys=0.00, real=0.00 secs] 
86.491: Total time for which application threads were stopped: 0.0018030 seconds, Stopping threads took: 0.0000800 seconds
86.657: Application time: 0.1667350 seconds
86.657: [GC [PSYoungGen: 665760K->800K(666112K)] 919561K->254601K(1223680K), 0.0016690 secs] [Times: user=0.01 sys=0.00, real=0.00 secs] 
86.659: Total time for which application threads were stopped: 0.0018190 seconds, Stopping threads took: 0.0000720 seconds
86.871: Application time: 0.2119820 seconds
86.871: [GC [PSYoungGen: 665888K->576K(666112K)] 919689K->254377K(1223680K), 0.0016930 secs] [Times: user=0.01 sys=0.00, real=0.00 secs] 
86.873: Total time for which application threads were stopped: 0.0018310 seconds, Stopping threads took: 0.0000700 seconds
87.052: Application time: 0.1788560 seconds
87.052: [GC [PSYoungGen: 665664K->704K(666112K)] 919465K->254505K(1223680K), 0.0016390 secs] [Times: user=0.01 sys=0.00, real=0.00 secs] 
87.054: Total time for which application threads were stopped: 0.0017610 seconds, Stopping threads took: 0.0000560 seconds
87.230: Application time: 0.1766970 seconds
87.230: [GC [PSYoungGen: 665792K->672K(666112K)] 919593K->254473K(1223680K), 0.0017670 secs] [Times: user=0.01 sys=0.00, real=0.00 secs] 
87.232: Total time for which application threads were stopped: 0.0019220 seconds, Stopping threads took: 0.0000810 seconds
87.444: Application time: 0.2115670 seconds
87.444: [GC [PSYoungGen: 665760K->624K(666112K)] 919561K->254425K(1223680K), 0.0016240 secs] [Times: user=0.01 sys=0.00, real=0.00 secs] 
87.446: Total time for which application threads were stopped: 0.0017600 seconds, Stopping threads took: 0.0000730 seconds
87.619: Application time: 0.1735480 seconds
87.619: [GC [PSYoungGen: 665712K->736K(666112K)] 919513K->254545K(1223680K), 0.0016700 secs] [Times: user=0.01 sys=0.00, real=0.00 secs] 
87.621: Total time for which application threads were stopped: 0.0018110 seconds, Stopping threads took: 0.0000780 seconds
87.819: Application time: 0.1976400 seconds
87.819: [GC [PSYoungGen: 665824K->528K(666112K)] 919633K->254345K(1223680K), 0.0016600 secs] [Times: user=0.01 sys=0.00, real=0.00 secs] 
87.820: Total time for which application threads were stopped: 0.0017950 seconds, Stopping threads took: 0.0000590 seconds
88.016: Application time: 0.1959440 seconds
88.016: [GC [PSYoungGen: 665616K->640K(666112K)] 919433K->254465K(1223680K), 0.0016630 secs] [Times: user=0.01 sys=0.00, real=0.00 secs] 
88.018: Total time for which application threads were stopped: 0.0017920 seconds, Stopping threads took: 0.0000650 seconds
88.187: Application time: 0.1685600 seconds
88.187: [GC [PSYoungGen: 665728K->784K(666112K)] 919553K->254609K(1223680K), 0.0016840 secs] [Times: user=0.01 sys=0.00, real=0.00 secs] 
88.189: Total time for which application threads were stopped: 0.0018210 seconds, Stopping threads took: 0.0000710 seconds
88.403: Application time: 0.2146320 seconds
88.403: [GC [PSYoungGen: 665872K->608K(666112K)] 919697K->254433K(1223680K), 0.0017860 secs] [Times: user=0.01 sys=0.00, real=0.01 secs] 
88.405: Total time for which application threads were stopped: 0.0019310 seconds, Stopping threads took: 0.0000680 seconds
88.584: Application time: 0.1792110 seconds
88.584: [GC [PSYoungGen: 665696K->736K(666112K)] 919521K->254561K(1223680K), 0.0016430 secs] [Times: user=0.01 sys=0.00, real=0.00 secs] 
88.586: Total time for which application threads were stopped: 0.0017820 seconds, Stopping threads took: 0.0000780 seconds
88.764: Application time: 0.1776630 seconds
88.764: [GC [PSYoungGen: 665824K->576K(666112K)] 919649K->254401K(1223680K), 0.0016710 secs] [Times: user=0.02 sys=0.00, real=0.00 secs] 
88.766: Total time for which application threads were stopped: 0.0018190 seconds, Stopping threads took: 0.0000860 seconds
88.977: Application time: 0.2119210 seconds
88.978: [GC [PSYoungGen: 665664K->720K(666112K)] 919489K->254545K(1223680K), 0.0016240 secs] [Times: user=0.01 sys=0.00, real=0.00 secs] 
88.979: Total time for which application threads were stopped: 0.0017920 seconds, Stopping threads took: 0.0000940 seconds
89.153: Application time: 0.1737270 seconds
89.153: [GC [PSYoungGen: 665808K->832K(666112K)] 919633K->254665K(1223680K), 0.0016610 secs] [Times: user=0.01 sys=0.00, real=0.00 secs] 
89.155: Total time for which application threads were stopped: 0.0017700 seconds, Stopping threads took: 0.0000480 seconds
89.352: Application time: 0.1972420 seconds
89.352: [GC [PSYoungGen: 665920K->544K(666112K)] 919753K->254385K(1223680K), 0.0016020 secs] [Times: user=0.01 sys=0.00, real=0.00 secs] 
89.354: Total time for which application threads were stopped: 0.0017380 seconds, Stopping threads took: 0.0000720 seconds
89.548: Application time: 0.1946360 seconds
89.549: [GC [PSYoungGen: 665632K->672K(666112K)] 919473K->254521K(1223680K), 0.0016800 secs] [Times: user=0.01 sys=0.00, real=0.00 secs] 
89.550: Total time for which application threads were stopped: 0.0018280 seconds, Stopping threads took: 0.0000750 seconds
89.719: Application time: 0.1687070 seconds
89.719: [GC [PSYoungGen: 665760K->688K(666112K)] 919609K->254537K(1223680K), 0.0016630 secs] [Times: user=0.00 sys=0.00, real=0.00 secs] 
89.721: Total time for which application threads were stopped: 0.0018150 seconds, Stopping threads took: 0.0000870 seconds
89.934: Application time: 0.2135860 seconds
89.934: [GC [PSYoungGen: 665776K->832K(666112K)] 919625K->254681K(1223680K), 0.0017270 secs] [Times: user=0.01 sys=0.00, real=0.01 secs] 
89.936: Total time for which application threads were stopped: 0.0018600 seconds, Stopping threads took: 0.0000630 seconds
90.116: Application time: 0.1794060 seconds
90.116: [GC [PSYoungGen: 665920K->640K(666112K)] 919769K->254489K(1223680K), 0.0016590 secs] [Times: user=0.01 sys=0.00, real=0.00 secs] 
90.117: Total time for which application threads were stopped: 0.0017890 seconds, Stopping threads took: 0.0000560 seconds
90.297: Application time: 0.1791650 seconds
90.297: [GC [PSYoungGen: 665728K->544K(666112K)] 919577K->254393K(1223680K), 0.0016320 secs] [Times: user=0.01 sys=0.00, real=0.00 secs] 
90.298: Total time for which application threads were stopped: 0.0017600 seconds, Stopping threads took: 0.0000640 seconds
90.505: Application time: 0.2065400 seconds
90.505: [GC [PSYoungGen: 665632K->544K(666112K)] 919481K->254393K(1223680K), 0.0016380 secs] [Times: user=0.01 sys=0.00, real=0.00 secs] 
90.507: Total time for which application threads were stopped: 0.0017510 seconds, Stopping threads took: 0.0000510 seconds
90.683: Application time: 0.1764110 seconds
90.683: [GC [PSYoungGen: 665632K->736K(666112K)] 919481K->254593K(1223680K), 0.0016690 secs] [Times: user=0.01 sys=0.00, real=0.01 secs] 
90.685: Total time for which application threads were stopped: 0.0018450 seconds, Stopping threads took: 0.0001010 seconds
90.883: Application time: 0.1986050 seconds
90.884: [GC [PSYoungGen: 665824K->624K(666112K)] 919681K->254489K(1223680K), 0.0016670 secs] [Times: user=0.01 sys=0.00, real=0.00 secs] 
90.885: Total time for which application threads were stopped: 0.0017840 seconds, Stopping threads took: 0.0000530 seconds
91.078: Application time: 0.1927910 seconds
91.078: [GC [PSYoungGen: 665712K->624K(666112K)] 919577K->254497K(1223680K), 0.0016650 secs] [Times: user=0.01 sys=0.00, real=0.00 secs] 
91.080: Total time for which application threads were stopped: 0.0017890 seconds, Stopping threads took: 0.0000590 seconds
91.248: Application time: 0.1683640 seconds
91.248: [GC [PSYoungGen: 665712K->720K(666112K)] 919585K->254593K(1223680K), 0.0016260 secs] [Times: user=0.01 sys=0.00, real=0.00 secs] 
91.250: Total time for which application threads were stopped: 0.0017890 seconds, Stopping threads took: 0.0000900 seconds
91.463: Application time: 0.2124940 seconds
91.463: [GC [PSYoungGen: 665808K->640K(666112K)] 919681K->254513K(1223680K), 0.0016360 secs] [Times: user=0.01 sys=0.00, real=0.01 secs] 
91.464: Total time for which application threads were stopped: 0.0017890 seconds, Stopping threads took: 0.0000920 seconds
91.645: Application time: 0.1809400 seconds
91.645: [GC [PSYoungGen: 665728K->768K(666112K)] 919601K->254641K(1223680K), 0.0016340 secs] [Times: user=0.01 sys=0.00, real=0.00 secs] 
91.647: Total time for which application threads were stopped: 0.0017800 seconds, Stopping threads took: 0.0000840 seconds
91.828: Application time: 0.1809700 seconds
91.828: [GC [PSYoungGen: 665856K->560K(666112K)] 919729K->254433K(1223680K), 0.0016280 secs] [Times: user=0.02 sys=0.00, real=0.00 secs] 
91.830: Total time for which application threads were stopped: 0.0017980 seconds, Stopping threads took: 0.0000950 seconds
92.033: Application time: 0.2030600 seconds
92.033: [GC [PSYoungGen: 665648K->704K(666112K)] 919521K->254577K(1223680K), 0.0016870 secs] [Times: user=0.01 sys=0.00, real=0.00 secs] 
92.035: Total time for which application threads were stopped: 0.0018230 seconds, Stopping threads took: 0.0000750 seconds
92.212: Application time: 0.1775470 seconds
92.212: [GC [PSYoungGen: 665792K->784K(666112K)] 919665K->254665K(1223680K), 0.0016340 secs] [Times: user=0.01 sys=0.00, real=0.00 secs] 
92.214: Total time for which application threads were stopped: 0.0017840 seconds, Stopping threads took: 0.0000740 seconds
92.415: Application time: 0.2012990 seconds
92.415: [GC [PSYoungGen: 665872K->592K(666112K)] 919753K->254481K(1223680K), 0.0016420 secs] [Times: user=0.01 sys=0.00, real=0.01 secs] 
92.417: Total time for which application threads were stopped: 0.0017870 seconds, Stopping threads took: 0.0000720 seconds
92.605: Application time: 0.1883130 seconds
92.606: [GC [PSYoungGen: 665680K->736K(666112K)] 919569K->254633K(1223680K), 0.0017530 secs] [Times: user=0.02 sys=0.00, real=0.00 secs] 
92.607: Total time for which application threads were stopped: 0.0018920 seconds, Stopping threads took: 0.0000750 seconds
92.777: Application time: 0.1701430 seconds
92.778: [GC [PSYoungGen: 665824K->688K(666112K)] 919721K->254585K(1223680K), 0.0017300 secs] [Times: user=0.01 sys=0.00, real=0.00 secs] 
92.779: Total time for which application threads were stopped: 0.0018760 seconds, Stopping threads took: 0.0000820 seconds
92.992: Application time: 0.2123490 seconds
92.992: [GC [PSYoungGen: 665776K->768K(666112K)] 919673K->254665K(1223680K), 0.0016790 secs] [Times: user=0.01 sys=0.00, real=0.00 secs] 
92.994: Total time for which application threads were stopped: 0.0018860 seconds, Stopping threads took: 0.0001260 seconds
93.174: Application time: 0.1807090 seconds
93.174: [GC [PSYoungGen: 665856K->640K(666112K)] 919753K->254537K(1223680K), 0.0016870 secs] [Times: user=0.01 sys=0.00, real=0.01 secs] 
93.176: Total time for which application threads were stopped: 0.0018310 seconds, Stopping threads took: 0.0000780 seconds
93.358: Application time: 0.1820590 seconds
93.358: [GC [PSYoungGen: 665728K->528K(666112K)] 919625K->254425K(1223680K), 0.0016510 secs] [Times: user=0.02 sys=0.00, real=0.00 secs] 
93.360: Total time for which application threads were stopped: 0.0017980 seconds, Stopping threads took: 0.0000810 seconds
93.564: Application time: 0.2036560 seconds
93.564: [GC [PSYoungGen: 665616K->480K(666112K)] 919513K->254377K(1223680K), 0.0017730 secs] [Times: user=0.01 sys=0.00, real=0.00 secs] 
93.566: Total time for which application threads were stopped: 0.0019060 seconds, Stopping threads took: 0.0000490 seconds
93.743: Application time: 0.1770900 seconds
93.743: [GC [PSYoungGen: 665568K->720K(666112K)] 919465K->254625K(1223680K), 0.0017310 secs] [Times: user=0.01 sys=0.00, real=0.01 secs] 
93.745: Total time for which application threads were stopped: 0.0018690 seconds, Stopping threads took: 0.0000740 seconds
93.947: Application time: 0.2025130 seconds
93.947: [GC [PSYoungGen: 665808K->640K(666112K)] 919713K->254553K(1223680K), 0.0016500 secs] [Times: user=0.01 sys=0.00, real=0.00 secs] 
93.949: Total time for which application threads were stopped: 0.0017820 seconds, Stopping threads took: 0.0000690 seconds
94.136: Application time: 0.1876810 seconds
94.137: [GC [PSYoungGen: 665728K->592K(666112K)] 919641K->254513K(1223680K), 0.0016720 secs] [Times: user=0.01 sys=0.00, real=0.00 secs] 
94.138: Total time for which application threads were stopped: 0.0018240 seconds, Stopping threads took: 0.0000800 seconds
94.311: Application time: 0.1722080 seconds
94.311: [GC [PSYoungGen: 665680K->624K(666112K)] 919601K->254545K(1223680K), 0.0016460 secs] [Times: user=0.01 sys=0.00, real=0.00 secs] 
94.312: Total time for which application threads were stopped: 0.0017920 seconds, Stopping threads took: 0.0000810 seconds
94.523: Application time: 0.2110180 seconds
94.523: [GC [PSYoungGen: 665712K->656K(666112K)] 919633K->254577K(1223680K), 0.0016400 secs] [Times: user=0.01 sys=0.01, real=0.01 secs] 
94.525: Total time for which application threads were stopped: 0.0017930 seconds, Stopping threads took: 0.0000830 seconds
94.706: Application time: 0.1807910 seconds
94.706: [GC [PSYoungGen: 665744K->672K(666112K)] 919665K->254593K(1223680K), 0.0016630 secs] [Times: user=0.01 sys=0.00, real=0.00 secs] 
94.708: Total time for which application threads were stopped: 0.0018170 seconds, Stopping threads took: 0.0000830 seconds
94.895: Application time: 0.1871750 seconds
94.895: [GC [PSYoungGen: 665760K->640K(666112K)] 919681K->254561K(1223680K), 0.0016600 secs] [Times: user=0.01 sys=0.00, real=0.01 secs] 
94.897: Total time for which application threads were stopped: 0.0018190 seconds, Stopping threads took: 0.0000940 seconds
95.095: Application time: 0.1979060 seconds
95.095: [GC [PSYoungGen: 665728K->672K(666112K)] 919649K->254593K(1223680K), 0.0016310 secs] [Times: user=0.01 sys=0.00, real=0.01 secs] 
95.096: Total time for which application threads were stopped: 0.0017950 seconds, Stopping threads took: 0.0001010 seconds
95.273: Application time: 0.1760520 seconds
95.273: [GC [PSYoungGen: 665760K->560K(666112K)] 919681K->254489K(1223680K), 0.0016580 secs] [Times: user=0.01 sys=0.00, real=0.00 secs] 
95.274: Total time for which application threads were stopped: 0.0018090 seconds, Stopping threads took: 0.0000800 seconds
95.480: Application time: 0.2055590 seconds
95.480: [GC [PSYoungGen: 665648K->704K(666112K)] 919577K->254641K(1223680K), 0.0017270 secs] [Times: user=0.01 sys=0.00, real=0.00 secs] 
95.482: Total time for which application threads were stopped: 0.0018590 seconds, Stopping threads took: 0.0000690 seconds
95.664: Application time: 0.1818650 seconds
95.664: [GC [PSYoungGen: 665792K->656K(666112K)] 919729K->254601K(1223680K), 0.0017370 secs] [Times: user=0.01 sys=0.00, real=0.00 secs] 
95.666: Total time for which application threads were stopped: 0.0018780 seconds, Stopping threads took: 0.0000790 seconds
95.840: Application time: 0.1742530 seconds
95.840: [GC [PSYoungGen: 665744K->624K(666112K)] 919689K->254569K(1223680K), 0.0017560 secs] [Times: user=0.01 sys=0.00, real=0.00 secs] 
95.842: Total time for which application threads were stopped: 0.0019200 seconds, Stopping threads took: 0.0000880 seconds
96.053: Application time: 0.2109460 seconds
96.053: [GC [PSYoungGen: 665712K->704K(666112K)] 919657K->254649K(1223680K), 0.0015670 secs] [Times: user=0.01 sys=0.00, real=0.00 secs] 
96.054: Total time for which application threads were stopped: 0.0017080 seconds, Stopping threads took: 0.0000750 seconds
96.233: Application time: 0.1782880 seconds
96.233: [GC [PSYoungGen: 665792K->688K(666112K)] 919737K->254633K(1223680K), 0.0016460 secs] [Times: user=0.01 sys=0.00, real=0.00 secs] 
96.234: Total time for which application threads were stopped: 0.0017620 seconds, Stopping threads took: 0.0000520 seconds
96.420: Application time: 0.1858110 seconds
96.420: [GC [PSYoungGen: 665776K->544K(666112K)] 919721K->254489K(1223680K), 0.0016510 secs] [Times: user=0.01 sys=0.00, real=0.00 secs] 
96.422: Total time for which application threads were stopped: 0.0018110 seconds, Stopping threads took: 0.0000870 seconds
96.622: Application time: 0.2001820 seconds
96.622: [GC [PSYoungGen: 665632K->736K(666112K)] 919577K->254681K(1223680K), 0.0016550 secs] [Times: user=0.02 sys=0.00, real=0.01 secs] 
96.624: Total time for which application threads were stopped: 0.0018020 seconds, Stopping threads took: 0.0000820 seconds
96.801: Application time: 0.1768170 seconds
96.801: [GC [PSYoungGen: 665824K->672K(666112K)] 919769K->254625K(1223680K), 0.0017360 secs] [Times: user=0.01 sys=0.00, real=0.00 secs] 
96.803: Total time for which application threads were stopped: 0.0018530 seconds, Stopping threads took: 0.0000540 seconds
97.009: Application time: 0.2062250 seconds
97.009: [GC [PSYoungGen: 665760K->688K(666112K)] 919713K->254649K(1223680K), 0.0016990 secs] [Times: user=0.01 sys=0.00, real=0.00 secs] 
97.011: Total time for which application threads were stopped: 0.0018810 seconds, Stopping threads took: 0.0001070 seconds
97.194: Application time: 0.1831100 seconds
97.194: [GC [PSYoungGen: 665776K->656K(666112K)] 919737K->254625K(1223680K), 0.0016260 secs] [Times: user=0.01 sys=0.00, real=0.01 secs] 
97.196: Total time for which application threads were stopped: 0.0017790 seconds, Stopping threads took: 0.0000900 seconds
97.371: Application time: 0.1750370 seconds
97.371: [GC [PSYoungGen: 665744K->544K(666112K)] 919713K->254513K(1223680K), 0.0014600 secs] [Times: user=0.01 sys=0.00, real=0.00 secs] 
97.372: Total time for which application threads were stopped: 0.0016140 seconds, Stopping threads took: 0.0000800 seconds
97.580: Application time: 0.2073660 seconds
97.580: [GC [PSYoungGen: 665632K->640K(666112K)] 919601K->254609K(1223680K), 0.0017380 secs] [Times: user=0.01 sys=0.00, real=0.00 secs] 
97.582: Total time for which application threads were stopped: 0.0018860 seconds, Stopping threads took: 0.0000740 seconds
97.762: Application time: 0.1808270 seconds
97.763: [GC [PSYoungGen: 665728K->752K(666112K)] 919697K->254721K(1223680K), 0.0016520 secs] [Times: user=0.01 sys=0.00, real=0.01 secs] 
97.764: Total time for which application threads were stopped: 0.0017720 seconds, Stopping threads took: 0.0000560 seconds
97.953: Application time: 0.1890210 seconds
97.953: [GC [PSYoungGen: 665840K->608K(666112K)] 919809K->254577K(1223680K), 0.0016290 secs] [Times: user=0.01 sys=0.00, real=0.00 secs] 
97.955: Total time for which application threads were stopped: 0.0017670 seconds, Stopping threads took: 0.0000740 seconds
98.147: Application time: 0.1916050 seconds
98.147: [GC [PSYoungGen: 665696K->624K(666112K)] 919665K->254593K(1223680K), 0.0016660 secs] [Times: user=0.01 sys=0.00, real=0.00 secs] 
98.148: Total time for which application threads were stopped: 0.0018100 seconds, Stopping threads took: 0.0000740 seconds
98.329: Application time: 0.1802770 seconds
98.329: [GC [PSYoungGen: 665712K->656K(666112K)] 919681K->254633K(1223680K), 0.0016920 secs] [Times: user=0.01 sys=0.00, real=0.00 secs] 
98.331: Total time for which application threads were stopped: 0.0018190 seconds, Stopping threads took: 0.0000580 seconds
98.539: Application time: 0.2086000 seconds
98.539: [GC [PSYoungGen: 665744K->592K(666112K)] 919721K->254577K(1223680K), 0.0018020 secs] [Times: user=0.01 sys=0.00, real=0.00 secs] 
98.541: Total time for which application threads were stopped: 0.0019450 seconds, Stopping threads took: 0.0000800 seconds
98.720: Application time: 0.1788900 seconds
98.720: [GC [PSYoungGen: 665680K->640K(666112K)] 919665K->254633K(1223680K), 0.0016650 secs] [Times: user=0.02 sys=0.00, real=0.00 secs] 
98.722: Total time for which application threads were stopped: 0.0018100 seconds, Stopping threads took: 0.0000710 seconds
98.901: Application time: 0.1790220 seconds
98.901: [GC [PSYoungGen: 665728K->640K(666112K)] 919721K->254633K(1223680K), 0.0016600 secs] [Times: user=0.01 sys=0.00, real=0.00 secs] 
98.903: Total time for which application threads were stopped: 0.0017940 seconds, Stopping threads took: 0.0000670 seconds
99.111: Application time: 0.2087740 seconds
99.111: [GC [PSYoungGen: 665728K->688K(666112K)] 919721K->254681K(1223680K), 0.0016810 secs] [Times: user=0.01 sys=0.01, real=0.00 secs] 
99.113: Total time for which application threads were stopped: 0.0018060 seconds, Stopping threads took: 0.0000620 seconds
99.293: Application time: 0.1797840 seconds
99.293: [GC [PSYoungGen: 665776K->688K(666112K)] 919769K->254681K(1223680K), 0.0017390 secs] [Times: user=0.01 sys=0.00, real=0.00 secs] 
99.295: Total time for which application threads were stopped: 0.0018840 seconds, Stopping threads took: 0.0000710 seconds
99.490: Application time: 0.1949110 seconds
99.490: [GC [PSYoungGen: 665776K->576K(666112K)] 919769K->254569K(1223680K), 0.0016810 secs] [Times: user=0.01 sys=0.00, real=0.00 secs] 
99.492: Total time for which application threads were stopped: 0.0018170 seconds, Stopping threads took: 0.0000680 seconds
99.679: Application time: 0.1876780 seconds
99.679: [GC [PSYoungGen: 665664K->720K(666112K)] 919657K->254713K(1223680K), 0.0016880 secs] [Times: user=0.01 sys=0.00, real=0.00 secs] 
99.681: Total time for which application threads were stopped: 0.0018350 seconds, Stopping threads took: 0.0000840 seconds
99.861: Application time: 0.1798020 seconds
99.861: [GC [PSYoungGen: 665808K->672K(666112K)] 919801K->254673K(1223680K), 0.0016500 secs] [Times: user=0.02 sys=0.00, real=0.00 secs] 
99.863: Total time for which application threads were stopped: 0.0017850 seconds, Stopping threads took: 0.0000620 seconds
100.072: Application time: 0.2093790 seconds
100.072: [GC [PSYoungGen: 665760K->608K(666112K)] 919761K->254617K(1223680K), 0.0016850 secs] [Times: user=0.01 sys=0.00, real=0.00 secs] 
100.074: Total time for which application threads were stopped: 0.0018270 seconds, Stopping threads took: 0.0000740 seconds
100.253: Application time: 0.1789960 seconds
100.253: [GC [PSYoungGen: 665696K->592K(666112K)] 919705K->254609K(1223680K), 0.0016360 secs] [Times: user=0.01 sys=0.00, real=0.00 secs] 
100.255: Total time for which application threads were stopped: 0.0017520 seconds, Stopping threads took: 0.0000500 seconds
100.435: Application time: 0.1798900 seconds
100.435: [GC [PSYoungGen: 665680K->624K(666112K)] 919697K->254641K(1223680K), 0.0017440 secs] [Times: user=0.01 sys=0.00, real=0.01 secs] 
100.436: Total time for which application threads were stopped: 0.0018730 seconds, Stopping threads took: 0.0000580 seconds
100.644: Application time: 0.2071510 seconds
100.644: [GC [PSYoungGen: 665712K->720K(666112K)] 919729K->254737K(1223680K), 0.0017000 secs] [Times: user=0.01 sys=0.00, real=0.00 secs] 
100.645: Total time for which application threads were stopped: 0.0018070 seconds, Stopping threads took: 0.0000470 seconds
100.823: Application time: 0.1777970 seconds
100.823: [GC [PSYoungGen: 665808K->640K(666112K)] 919825K->254657K(1223680K), 0.0014920 secs] [Times: user=0.01 sys=0.00, real=0.01 secs] 
100.825: Total time for which application threads were stopped: 0.0016170 seconds, Stopping threads took: 0.0000540 seconds
101.016: Application time: 0.1913740 seconds
101.016: [GC [PSYoungGen: 665728K->560K(666112K)] 919745K->254577K(1223680K), 0.0014660 secs] [Times: user=0.01 sys=0.00, real=0.00 secs] 
101.018: Total time for which application threads were stopped: 0.0016160 seconds, Stopping threads took: 0.0000800 seconds
101.208: Application time: 0.1902590 seconds
101.208: [GC [PSYoungGen: 665648K->704K(666112K)] 919665K->254721K(1223680K), 0.0014680 secs] [Times: user=0.01 sys=0.00, real=0.00 secs] 
101.210: Total time for which application threads were stopped: 0.0016110 seconds, Stopping threads took: 0.0000820 seconds
101.387: Application time: 0.1774460 seconds
101.387: [GC [PSYoungGen: 665792K->688K(666112K)] 919809K->254713K(1223680K), 0.0017030 secs] [Times: user=0.01 sys=0.00, real=0.00 secs] 
101.389: Total time for which application threads were stopped: 0.0018530 seconds, Stopping threads took: 0.0000880 seconds
101.598: Application time: 0.2087570 seconds
101.598: [GC [PSYoungGen: 665776K->592K(666112K)] 919801K->254625K(1223680K), 0.0017820 secs] [Times: user=0.01 sys=0.00, real=0.00 secs] 
101.600: Total time for which application threads were stopped: 0.0019300 seconds, Stopping threads took: 0.0000770 seconds
101.778: Application time: 0.1783460 seconds
101.778: [GC [PSYoungGen: 665680K->672K(666112K)] 919713K->254713K(1223680K), 0.0017220 secs] [Times: user=0.01 sys=0.00, real=0.00 secs] 
101.780: Total time for which application threads were stopped: 0.0018620 seconds, Stopping threads took: 0.0000750 seconds
101.959: Application time: 0.1794750 seconds
101.960: [GC [PSYoungGen: 665760K->832K(666112K)] 919801K->254873K(1223680K), 0.0016290 secs] [Times: user=0.01 sys=0.00, real=0.00 secs] 
101.961: Total time for which application threads were stopped: 0.0017900 seconds, Stopping threads took: 0.0000960 seconds
102.167: Application time: 0.2058930 seconds
102.167: [GC [PSYoungGen: 665920K->640K(666112K)] 919961K->254681K(1223680K), 0.0016580 secs] [Times: user=0.01 sys=0.00, real=0.00 secs] 
102.169: Total time for which application threads were stopped: 0.0017950 seconds, Stopping threads took: 0.0000610 seconds
102.347: Application time: 0.1784490 seconds
102.347: [GC [PSYoungGen: 665728K->688K(666112K)] 919769K->254729K(1223680K), 0.0016550 secs] [Times: user=0.01 sys=0.00, real=0.00 secs] 
102.349: Total time for which application threads were stopped: 0.0017990 seconds, Stopping threads took: 0.0000800 seconds
102.542: Application time: 0.1926390 seconds
102.542: [GC [PSYoungGen: 665776K->544K(666112K)] 919817K->254585K(1223680K), 0.0015490 secs] [Times: user=0.00 sys=0.00, real=0.00 secs] 
102.543: Total time for which application threads were stopped: 0.0017100 seconds, Stopping threads took: 0.0000900 seconds
102.731: Application time: 0.1877760 seconds
102.731: [GC [PSYoungGen: 665632K->704K(666112K)] 919673K->254745K(1223680K), 0.0016440 secs] [Times: user=0.01 sys=0.00, real=0.00 secs] 
102.733: Total time for which application threads were stopped: 0.0017980 seconds, Stopping threads took: 0.0000820 seconds
102.913: Application time: 0.1797140 seconds
102.913: [GC [PSYoungGen: 665792K->656K(666112K)] 919833K->254705K(1223680K), 0.0016430 secs] [Times: user=0.01 sys=0.00, real=0.00 secs] 
102.915: Total time for which application threads were stopped: 0.0017880 seconds, Stopping threads took: 0.0000840 seconds
103.125: Application time: 0.2103100 seconds
103.125: [GC [PSYoungGen: 665744K->608K(666112K)] 919793K->254665K(1223680K), 0.0016640 secs] [Times: user=0.01 sys=0.00, real=0.00 secs] 
103.127: Total time for which application threads were stopped: 0.0017950 seconds, Stopping threads took: 0.0000690 seconds
103.302: Application time: 0.1757330 seconds
103.303: [GC [PSYoungGen: 665696K->528K(666112K)] 919753K->254593K(1223680K), 0.0017100 secs] [Times: user=0.01 sys=0.00, real=0.01 secs] 
103.304: Total time for which application threads were stopped: 0.0018640 seconds, Stopping threads took: 0.0000840 seconds
103.486: Application time: 0.1818130 seconds
103.486: [GC [PSYoungGen: 665616K->624K(666112K)] 919681K->254689K(1223680K), 0.0016080 secs] [Times: user=0.01 sys=0.00, real=0.00 secs] 
103.489: Total time for which application threads were stopped: 0.0027210 seconds, Stopping threads took: 0.0000600 seconds
103.696: Application time: 0.2067690 seconds
103.696: [GC [PSYoungGen: 665712K->688K(666112K)] 919777K->254753K(1223680K), 0.0016580 secs] [Times: user=0.01 sys=0.00, real=0.00 secs] 
103.697: Total time for which application threads were stopped: 0.0017740 seconds, Stopping threads took: 0.0000560 seconds
103.878: Application time: 0.1808250 seconds
103.878: [GC [PSYoungGen: 665776K->656K(666112K)] 919841K->254721K(1223680K), 0.0015670 secs] [Times: user=0.01 sys=0.00, real=0.00 secs] 
103.880: Total time for which application threads were stopped: 0.0017180 seconds, Stopping threads took: 0.0000760 seconds
104.072: Application time: 0.1921110 seconds
104.072: [GC [PSYoungGen: 665744K->544K(666112K)] 919809K->254609K(1223680K), 0.0017440 secs] [Times: user=0.01 sys=0.00, real=0.00 secs] 
104.074: Total time for which application threads were stopped: 0.0018840 seconds, Stopping threads took: 0.0000740 seconds
104.264: Application time: 0.1897670 seconds
104.264: [GC [PSYoungGen: 665632K->768K(666112K)] 919697K->254833K(1223680K), 0.0016480 secs] [Times: user=0.01 sys=0.00, real=0.00 secs] 
104.265: Total time for which application threads were stopped: 0.0017780 seconds, Stopping threads took: 0.0000680 seconds
104.446: Application time: 0.1809340 seconds
104.447: [GC [PSYoungGen: 665856K->736K(666112K)] 919921K->254809K(1223680K), 0.0016780 secs] [Times: user=0.01 sys=0.00, real=0.00 secs] 
104.448: Total time for which application threads were stopped: 0.0018390 seconds, Stopping threads took: 0.0000900 seconds
104.657: Application time: 0.2083820 seconds
104.657: [GC [PSYoungGen: 665824K->544K(666112K)] 919897K->254625K(1223680K), 0.0016450 secs] [Times: user=0.01 sys=0.00, real=0.00 secs] 
104.658: Total time for which application threads were stopped: 0.0017850 seconds, Stopping threads took: 0.0000740 seconds
104.835: Application time: 0.1763110 seconds
104.835: [GC [PSYoungGen: 665632K->704K(666112K)] 919713K->254793K(1223680K), 0.0017780 secs] [Times: user=0.01 sys=0.00, real=0.01 secs] 
104.837: Total time for which application threads were stopped: 0.0019220 seconds, Stopping threads took: 0.0000800 seconds
105.019: Application time: 0.1820070 seconds
105.019: [GC [PSYoungGen: 665792K->768K(666112K)] 919881K->254857K(1223680K), 0.0016490 secs] [Times: user=0.01 sys=0.00, real=0.00 secs] 
105.020: Total time for which application threads were stopped: 0.0018200 seconds, Stopping threads took: 0.0000840 seconds
105.224: Application time: 0.2032360 seconds
105.224: [GC [PSYoungGen: 665856K->704K(666112K)] 919945K->254793K(1223680K), 0.0016370 secs] [Times: user=0.01 sys=0.00, real=0.00 secs] 
105.225: Total time for which application threads were stopped: 0.0017620 seconds, Stopping threads took: 0.0000630 seconds
105.404: Application time: 0.1782810 seconds
105.404: [GC [PSYoungGen: 665792K->688K(666112K)] 919881K->254777K(1223680K), 0.0016480 secs] [Times: user=0.01 sys=0.00, real=0.00 secs] 
105.406: Total time for which application threads were stopped: 0.0017880 seconds, Stopping threads took: 0.0000760 seconds
105.600: Application time: 0.1948150 seconds
105.600: [GC [PSYoungGen: 665776K->448K(666112K)] 919865K->254537K(1223680K), 0.0014570 secs] [Times: user=0.01 sys=0.00, real=0.00 secs] 
105.602: Total time for which application threads were stopped: 0.0015840 seconds, Stopping threads took: 0.0000560 seconds
105.791: Application time: 0.1891140 seconds
105.791: [GC [PSYoungGen: 665536K->736K(666112K)] 919625K->254825K(1223680K), 0.0016440 secs] [Times: user=0.01 sys=0.00, real=0.00 secs] 
105.793: Total time for which application threads were stopped: 0.0017840 seconds, Stopping threads took: 0.0000750 seconds
105.971: Application time: 0.1783500 seconds
105.971: [GC [PSYoungGen: 665824K->720K(666112K)] 919913K->254817K(1223680K), 0.0016670 secs] [Times: user=0.02 sys=0.00, real=0.00 secs] 
105.973: Total time for which application threads were stopped: 0.0018110 seconds, Stopping threads took: 0.0000790 seconds
106.181: Application time: 0.2077240 seconds
106.181: [GC [PSYoungGen: 665808K->592K(666112K)] 919905K->254697K(1223680K), 0.0016590 secs] [Times: user=0.01 sys=0.00, real=0.00 secs] 
106.183: Total time for which application threads were stopped: 0.0018160 seconds, Stopping threads took: 0.0000820 seconds
106.359: Application time: 0.1765670 seconds
106.359: [GC [PSYoungGen: 665680K->608K(666112K)] 919785K->254721K(1223680K), 0.0016440 secs] [Times: user=0.01 sys=0.00, real=0.00 secs] 
106.361: Total time for which application threads were stopped: 0.0017730 seconds, Stopping threads took: 0.0000680 seconds
106.541: Application time: 0.1796300 seconds
106.541: [GC [PSYoungGen: 665696K->672K(666112K)] 919809K->254785K(1223680K), 0.0016740 secs] [Times: user=0.01 sys=0.00, real=0.00 secs] 
106.542: Total time for which application threads were stopped: 0.0018130 seconds, Stopping threads took: 0.0000750 seconds
106.748: Application time: 0.2059150 seconds
106.748: [GC [PSYoungGen: 665760K->640K(666112K)] 919873K->254753K(1223680K), 0.0016550 secs] [Times: user=0.01 sys=0.00, real=0.00 secs] 
106.750: Total time for which application threads were stopped: 0.0017850 seconds, Stopping threads took: 0.0000580 seconds
106.929: Application time: 0.1794540 seconds
106.930: [GC [PSYoungGen: 665728K->672K(666112K)] 919841K->254785K(1223680K), 0.0017510 secs] [Times: user=0.01 sys=0.00, real=0.00 secs] 
106.931: Total time for which application threads were stopped: 0.0018870 seconds, Stopping threads took: 0.0000730 seconds
107.125: Application time: 0.1937280 seconds
107.125: [GC [PSYoungGen: 665760K->528K(666112K)] 919873K->254641K(1223680K), 0.0016350 secs] [Times: user=0.01 sys=0.00, real=0.00 secs] 
107.127: Total time for which application threads were stopped: 0.0018010 seconds, Stopping threads took: 0.0000950 seconds
107.315: Application time: 0.1884300 seconds
107.315: [GC [PSYoungGen: 665616K->736K(666112K)] 919729K->254849K(1223680K), 0.0016460 secs] [Times: user=0.01 sys=0.00, real=0.01 secs] 
107.317: Total time for which application threads were stopped: 0.0017790 seconds, Stopping threads took: 0.0000620 seconds
107.495: Application time: 0.1782210 seconds
107.495: [GC [PSYoungGen: 665824K->736K(666112K)] 919937K->254857K(1223680K), 0.0016360 secs] [Times: user=0.02 sys=0.00, real=0.01 secs] 
107.497: Total time for which application threads were stopped: 0.0017770 seconds, Stopping threads took: 0.0000790 seconds
107.711: Application time: 0.2142760 seconds
107.712: [GC [PSYoungGen: 665824K->656K(666112K)] 919945K->254785K(1223680K), 0.0016460 secs] [Times: user=0.01 sys=0.00, real=0.00 secs] 
107.713: Total time for which application threads were stopped: 0.0017930 seconds, Stopping threads took: 0.0000720 seconds
107.888: Application time: 0.1750930 seconds
107.888: [GC [PSYoungGen: 665744K->624K(666112K)] 919873K->254761K(1223680K), 0.0016360 secs] [Times: user=0.01 sys=0.00, real=0.00 secs] 
107.890: Total time for which application threads were stopped: 0.0017770 seconds, Stopping threads took: 0.0000690 seconds
108.071: Application time: 0.1811900 seconds
108.071: [GC [PSYoungGen: 665712K->592K(666112K)] 919849K->254729K(1223680K), 0.0016490 secs] [Times: user=0.01 sys=0.00, real=0.00 secs] 
108.073: Total time for which application threads were stopped: 0.0018040 seconds, Stopping threads took: 0.0000910 seconds
108.281: Application time: 0.2074280 seconds
108.281: [GC [PSYoungGen: 665680K->784K(666112K)] 919817K->254921K(1223680K), 0.0017420 secs] [Times: user=0.02 sys=0.00, real=0.00 secs] 
108.282: Total time for which application threads were stopped: 0.0018740 seconds, Stopping threads took: 0.0000700 seconds
108.459: Application time: 0.1770470 seconds
108.460: [GC [PSYoungGen: 665872K->592K(666112K)] 920009K->254729K(1223680K), 0.0016640 secs] [Times: user=0.01 sys=0.00, real=0.00 secs] 
108.461: Total time for which application threads were stopped: 0.0018020 seconds, Stopping threads took: 0.0000560 seconds
108.658: Application time: 0.1970800 seconds
108.658: [GC [PSYoungGen: 665680K->512K(666112K)] 919817K->254649K(1223680K), 0.0016950 secs] [Times: user=0.01 sys=0.00, real=0.00 secs] 
108.660: Total time for which application threads were stopped: 0.0018340 seconds, Stopping threads took: 0.0000730 seconds
108.846: Application time: 0.1861090 seconds
108.846: [GC [PSYoungGen: 665600K->672K(666112K)] 919737K->254809K(1223680K), 0.0014650 secs] [Times: user=0.00 sys=0.00, real=0.00 secs] 
108.848: Total time for which application threads were stopped: 0.0015980 seconds, Stopping threads took: 0.0000690 seconds
109.027: Application time: 0.1794660 seconds
109.027: [GC [PSYoungGen: 665760K->624K(666112K)] 919897K->254769K(1223680K), 0.0015170 secs] [Times: user=0.00 sys=0.00, real=0.00 secs] 
109.029: Total time for which application threads were stopped: 0.0016750 seconds, Stopping threads took: 0.0000840 seconds
109.242: Application time: 0.2131800 seconds
109.242: [GC [PSYoungGen: 665712K->624K(666112K)] 919857K->254777K(1223680K), 0.0016380 secs] [Times: user=0.01 sys=0.00, real=0.01 secs] 
109.244: Total time for which application threads were stopped: 0.0017620 seconds, Stopping threads took: 0.0000620 seconds
109.417: Application time: 0.1726440 seconds
109.417: [GC [PSYoungGen: 665712K->624K(666112K)] 919865K->254785K(1223680K), 0.0015850 secs] [Times: user=0.01 sys=0.00, real=0.00 secs] 
109.418: Total time for which application threads were stopped: 0.0017260 seconds, Stopping threads took: 0.0000780 seconds
109.601: Application time: 0.1824240 seconds
109.601: [GC [PSYoungGen: 665712K->624K(666112K)] 919873K->254785K(1223680K), 0.0016080 secs] [Times: user=0.02 sys=0.00, real=0.00 secs] 
109.603: Total time for which application threads were stopped: 0.0017440 seconds, Stopping threads took: 0.0000600 seconds
109.812: Application time: 0.2090310 seconds
109.812: [GC [PSYoungGen: 665712K->656K(666112K)] 919873K->254817K(1223680K), 0.0016220 secs] [Times: user=0.01 sys=0.00, real=0.00 secs] 
109.813: Total time for which application threads were stopped: 0.0017350 seconds, Stopping threads took: 0.0000470 seconds
109.990: Application time: 0.1768860 seconds
109.990: [GC [PSYoungGen: 665744K->656K(666112K)] 919905K->254817K(1223680K), 0.0016500 secs] [Times: user=0.02 sys=0.00, real=0.00 secs] 
109.992: Total time for which application threads were stopped: 0.0017920 seconds, Stopping threads took: 0.0000800 seconds
110.190: Application time: 0.1982380 seconds
110.190: [GC [PSYoungGen: 665744K->512K(666112K)] 919905K->254673K(1223680K), 0.0018130 secs] [Times: user=0.01 sys=0.00, real=0.00 secs] 
110.192: Total time for which application threads were stopped: 0.0019640 seconds, Stopping threads took: 0.0000770 seconds
110.375: Application time: 0.1828240 seconds
110.375: [GC [PSYoungGen: 665600K->704K(666112K)] 919761K->254865K(1223680K), 0.0016910 secs] [Times: user=0.01 sys=0.00, real=0.01 secs] 
110.377: Total time for which application threads were stopped: 0.0018460 seconds, Stopping threads took: 0.0000920 seconds
110.557: Application time: 0.1801890 seconds
110.557: [GC [PSYoungGen: 665792K->720K(666112K)] 919953K->254889K(1223680K), 0.0016400 secs] [Times: user=0.01 sys=0.00, real=0.00 secs] 
110.559: Total time for which application threads were stopped: 0.0017680 seconds, Stopping threads took: 0.0000640 seconds
110.774: Application time: 0.2154460 seconds
110.774: [GC [PSYoungGen: 665808K->624K(666112K)] 919977K->254801K(1223680K), 0.0017680 secs] [Times: user=0.01 sys=0.00, real=0.01 secs] 
110.776: Total time for which application threads were stopped: 0.0019030 seconds, Stopping threads took: 0.0000600 seconds
110.946: Application time: 0.1695110 seconds
110.946: [GC [PSYoungGen: 665712K->656K(666112K)] 919889K->254841K(1223680K), 0.0016230 secs] [Times: user=0.01 sys=0.00, real=0.00 secs] 
110.947: Total time for which application threads were stopped: 0.0017540 seconds, Stopping threads took: 0.0000680 seconds
111.130: Application time: 0.1825720 seconds
111.130: [GC [PSYoungGen: 665744K->752K(666112K)] 919929K->254937K(1223680K), 0.0016820 secs] [Times: user=0.01 sys=0.00, real=0.00 secs] 
111.132: Total time for which application threads were stopped: 0.0018100 seconds, Stopping threads took: 0.0000660 seconds
111.341: Application time: 0.2093270 seconds
111.341: [GC [PSYoungGen: 665840K->832K(666112K)] 920025K->255017K(1223680K), 0.0017300 secs] [Times: user=0.01 sys=0.00, real=0.00 secs] 
111.343: Total time for which application threads were stopped: 0.0018430 seconds, Stopping threads took: 0.0000400 seconds
111.519: Application time: 0.1763600 seconds
111.520: [GC [PSYoungGen: 665920K->720K(666112K)] 920105K->254905K(1223680K), 0.0016490 secs] [Times: user=0.01 sys=0.01, real=0.00 secs] 
111.521: Total time for which application threads were stopped: 0.0018250 seconds, Stopping threads took: 0.0001110 seconds
111.719: Application time: 0.1973630 seconds
111.719: [GC [PSYoungGen: 665808K->592K(666112K)] 919993K->254777K(1223680K), 0.0016950 secs] [Times: user=0.01 sys=0.00, real=0.00 secs] 
111.720: Total time for which application threads were stopped: 0.0018670 seconds, Stopping threads took: 0.0001070 seconds
111.907: Application time: 0.1867440 seconds
111.907: [GC [PSYoungGen: 665680K->688K(666112K)] 919865K->254873K(1223680K), 0.0016930 secs] [Times: user=0.01 sys=0.00, real=0.00 secs] 
111.909: Total time for which application threads were stopped: 0.0018500 seconds, Stopping threads took: 0.0000840 seconds
112.090: Application time: 0.1805190 seconds
112.090: [GC [PSYoungGen: 665776K->768K(666112K)] 919961K->254961K(1223680K), 0.0016650 secs] [Times: user=0.01 sys=0.00, real=0.00 secs] 
112.091: Total time for which application threads were stopped: 0.0017980 seconds, Stopping threads took: 0.0000720 seconds
112.304: Application time: 0.2131610 seconds
112.305: [GC [PSYoungGen: 665856K->576K(666112K)] 920049K->254777K(1223680K), 0.0016150 secs] [Times: user=0.01 sys=0.00, real=0.00 secs] 
112.306: Total time for which application threads were stopped: 0.0017540 seconds, Stopping threads took: 0.0000790 seconds
112.480: Application time: 0.1734260 seconds
112.480: [GC [PSYoungGen: 665664K->688K(666112K)] 919865K->254897K(1223680K), 0.0017530 secs] [Times: user=0.01 sys=0.00, real=0.00 secs] 
112.482: Total time for which application threads were stopped: 0.0018960 seconds, Stopping threads took: 0.0000660 seconds
112.665: Application time: 0.1836590 seconds
112.665: [GC [PSYoungGen: 665776K->688K(666112K)] 919985K->254897K(1223680K), 0.0017060 secs] [Times: user=0.01 sys=0.00, real=0.00 secs] 
112.667: Total time for which application threads were stopped: 0.0018390 seconds, Stopping threads took: 0.0000640 seconds
112.876: Application time: 0.2089140 seconds
112.876: [GC [PSYoungGen: 665776K->656K(666112K)] 919985K->254865K(1223680K), 0.0016680 secs] [Times: user=0.01 sys=0.00, real=0.00 secs] 
112.878: Total time for which application threads were stopped: 0.0018010 seconds, Stopping threads took: 0.0000690 seconds
113.052: Application time: 0.1742710 seconds
113.052: [GC [PSYoungGen: 665744K->640K(666112K)] 919953K->254849K(1223680K), 0.0017300 secs] [Times: user=0.01 sys=0.00, real=0.00 secs] 
113.054: Total time for which application threads were stopped: 0.0018660 seconds, Stopping threads took: 0.0000670 seconds
113.250: Application time: 0.1959820 seconds
113.250: [GC [PSYoungGen: 665728K->528K(666112K)] 919937K->254737K(1223680K), 0.0016730 secs] [Times: user=0.01 sys=0.00, real=0.00 secs] 
113.252: Total time for which application threads were stopped: 0.0018160 seconds, Stopping threads took: 0.0000700 seconds
113.441: Application time: 0.1888270 seconds
113.441: [GC [PSYoungGen: 665616K->704K(666112K)] 919825K->254913K(1223680K), 0.0017220 secs] [Times: user=0.01 sys=0.00, real=0.00 secs] 
113.442: Total time for which application threads were stopped: 0.0018270 seconds, Stopping threads took: 0.0000440 seconds
113.622: Application time: 0.1792080 seconds
113.622: [GC [PSYoungGen: 665792K->736K(666112K)] 920001K->254953K(1223680K), 0.0016460 secs] [Times: user=0.01 sys=0.00, real=0.00 secs] 
113.623: Total time for which application threads were stopped: 0.0018120 seconds, Stopping threads took: 0.0000960 seconds
113.835: Application time: 0.2119700 seconds
113.836: [GC [PSYoungGen: 665824K->752K(666112K)] 920041K->254977K(1223680K), 0.0017020 secs] [Times: user=0.01 sys=0.00, real=0.01 secs] 
113.837: Total time for which application threads were stopped: 0.0018360 seconds, Stopping threads took: 0.0000680 seconds
114.010: Application time: 0.1724620 seconds
114.010: [GC [PSYoungGen: 665840K->768K(666112K)] 920065K->255001K(1223680K), 0.0016600 secs] [Times: user=0.01 sys=0.00, real=0.00 secs] 
114.011: Total time for which application threads were stopped: 0.0017730 seconds, Stopping threads took: 0.0000500 seconds
114.195: Application time: 0.1832210 seconds
114.195: [GC [PSYoungGen: 665856K->672K(666112K)] 920089K->254905K(1223680K), 0.0016710 secs] [Times: user=0.01 sys=0.00, real=0.01 secs] 
114.197: Total time for which application threads were stopped: 0.0018210 seconds, Stopping threads took: 0.0000740 seconds
114.404: Application time: 0.2071760 seconds
114.404: [GC [PSYoungGen: 665760K->736K(666112K)] 919993K->254969K(1223680K), 0.0016860 secs] [Times: user=0.01 sys=0.00, real=0.00 secs] 
114.406: Total time for which application threads were stopped: 0.0017880 seconds, Stopping threads took: 0.0000410 seconds
114.580: Application time: 0.1741030 seconds
114.580: [GC [PSYoungGen: 665824K->704K(666112K)] 920057K->254937K(1223680K), 0.0016370 secs] [Times: user=0.01 sys=0.00, real=0.00 secs] 
114.581: Total time for which application threads were stopped: 0.0017490 seconds, Stopping threads took: 0.0000500 seconds
114.780: Application time: 0.1990010 seconds
114.784: [GC [PSYoungGen: 665792K->544K(666112K)] 920025K->254777K(1223680K), 0.0016820 secs] [Times: user=0.01 sys=0.00, real=0.00 secs] 
114.785: Total time for which application threads were stopped: 0.0049530 seconds, Stopping threads took: 0.0031980 seconds
114.972: Application time: 0.1870250 seconds
114.972: [GC [PSYoungGen: 665632K->672K(666112K)] 919865K->254905K(1223680K), 0.0017400 secs] [Times: user=0.01 sys=0.00, real=0.00 secs] 
114.974: Total time for which application threads were stopped: 0.0018530 seconds, Stopping threads took: 0.0000480 seconds
115.153: Application time: 0.1793010 seconds
115.154: [GC [PSYoungGen: 665760K->688K(666112K)] 919993K->254929K(1223680K), 0.0016660 secs] [Times: user=0.01 sys=0.00, real=0.00 secs] 
115.155: Total time for which application threads were stopped: 0.0017950 seconds, Stopping threads took: 0.0000660 seconds
115.368: Application time: 0.2131370 seconds
115.369: [GC [PSYoungGen: 665776K->608K(666112K)] 920017K->254857K(1223680K), 0.0016840 secs] [Times: user=0.01 sys=0.00, real=0.00 secs] 
115.370: Total time for which application threads were stopped: 0.0018390 seconds, Stopping threads took: 0.0000770 seconds
115.539: Application time: 0.1691520 seconds
115.540: [GC [PSYoungGen: 665696K->704K(666112K)] 919945K->254961K(1223680K), 0.0016360 secs] [Times: user=0.01 sys=0.00, real=0.00 secs] 
115.541: Total time for which application threads were stopped: 0.0017780 seconds, Stopping threads took: 0.0000710 seconds
115.722: Application time: 0.1811860 seconds
115.724: [GC [PSYoungGen: 665792K->576K(666112K)] 920049K->254833K(1223680K), 0.0017370 secs] [Times: user=0.01 sys=0.00, real=0.00 secs] 
115.725: Total time for which application threads were stopped: 0.0029400 seconds, Stopping threads took: 0.0011390 seconds
115.936: Application time: 0.2106280 seconds
115.936: [GC [PSYoungGen: 665664K->800K(666112K)] 919921K->255057K(1223680K), 0.0016820 secs] [Times: user=0.01 sys=0.00, real=0.00 secs] 
115.938: Total time for which application threads were stopped: 0.0018430 seconds, Stopping threads took: 0.0000910 seconds
116.110: Application time: 0.1717310 seconds
116.110: [GC [PSYoungGen: 665888K->624K(666112K)] 920145K->254881K(1223680K), 0.0016620 secs] [Times: user=0.01 sys=0.01, real=0.00 secs] 
116.111: Total time for which application threads were stopped: 0.0018000 seconds, Stopping threads took: 0.0000750 seconds
116.312: Application time: 0.2011180 seconds
116.313: [GC [PSYoungGen: 665712K->592K(666112K)] 919969K->254849K(1223680K), 0.0016430 secs] [Times: user=0.01 sys=0.00, real=0.00 secs] 
116.314: Total time for which application threads were stopped: 0.0017780 seconds, Stopping threads took: 0.0000720 seconds
116.501: Application time: 0.1865510 seconds
116.501: [GC [PSYoungGen: 665680K->720K(666112K)] 919937K->254977K(1223680K), 0.0017370 secs] [Times: user=0.01 sys=0.00, real=0.00 secs] 
116.503: Total time for which application threads were stopped: 0.0018720 seconds, Stopping threads took: 0.0000620 seconds
116.680: Application time: 0.1770800 seconds
116.680: [GC [PSYoungGen: 665808K->544K(666112K)] 920065K->254809K(1223680K), 0.0015860 secs] [Times: user=0.01 sys=0.00, real=0.00 secs] 
116.682: Total time for which application threads were stopped: 0.0017350 seconds, Stopping threads took: 0.0000860 seconds
116.895: Application time: 0.2138820 seconds
116.896: [GC [PSYoungGen: 665632K->640K(666112K)] 919897K->254913K(1223680K), 0.0016490 secs] [Times: user=0.01 sys=0.00, real=0.01 secs] 
116.897: Total time for which application threads were stopped: 0.0017940 seconds, Stopping threads took: 0.0000810 seconds
117.067: Application time: 0.1697730 seconds
117.067: [GC [PSYoungGen: 665728K->656K(666112K)] 920001K->254937K(1223680K), 0.0016450 secs] [Times: user=0.01 sys=0.00, real=0.00 secs] 
117.069: Total time for which application threads were stopped: 0.0018020 seconds, Stopping threads took: 0.0000860 seconds
117.253: Application time: 0.1847230 seconds
117.254: [GC [PSYoungGen: 665744K->656K(666112K)] 920025K->254937K(1223680K), 0.0016340 secs] [Times: user=0.01 sys=0.00, real=0.00 secs] 
117.255: Total time for which application threads were stopped: 0.0017610 seconds, Stopping threads took: 0.0000630 seconds
117.464: Application time: 0.2083800 seconds
117.464: [GC [PSYoungGen: 665744K->736K(666112K)] 920025K->255017K(1223680K), 0.0016440 secs] [Times: user=0.01 sys=0.00, real=0.00 secs] 
117.465: Total time for which application threads were stopped: 0.0017820 seconds, Stopping threads took: 0.0000720 seconds
117.637: Application time: 0.1718550 seconds
117.637: [GC [PSYoungGen: 665824K->688K(666112K)] 920105K->254969K(1223680K), 0.0016570 secs] [Times: user=0.01 sys=0.00, real=0.00 secs] 
117.639: Total time for which application threads were stopped: 0.0017900 seconds, Stopping threads took: 0.0000590 seconds
117.840: Application time: 0.2007260 seconds
117.840: [GC [PSYoungGen: 665776K->544K(666112K)] 920057K->254825K(1223680K), 0.0016700 secs] [Times: user=0.01 sys=0.00, real=0.00 secs] 
117.842: Total time for which application threads were stopped: 0.0018090 seconds, Stopping threads took: 0.0000740 seconds
118.029: Application time: 0.1872130 seconds
118.029: [GC [PSYoungGen: 665632K->656K(666112K)] 919913K->254937K(1223680K), 0.0014270 secs] [Times: user=0.01 sys=0.00, real=0.00 secs] 
118.030: Total time for which application threads were stopped: 0.0015600 seconds, Stopping threads took: 0.0000700 seconds
118.209: Application time: 0.1788940 seconds
118.209: [GC [PSYoungGen: 665744K->544K(666112K)] 920025K->254833K(1223680K), 0.0016790 secs] [Times: user=0.01 sys=0.00, real=0.00 secs] 
118.211: Total time for which application threads were stopped: 0.0018060 seconds, Stopping threads took: 0.0000570 seconds
118.425: Application time: 0.2141170 seconds
118.425: [GC [PSYoungGen: 665632K->624K(666112K)] 919921K->254929K(1223680K), 0.0016880 secs] [Times: user=0.01 sys=0.00, real=0.00 secs] 
118.427: Total time for which application threads were stopped: 0.0018010 seconds, Stopping threads took: 0.0000470 seconds
118.595: Application time: 0.1683770 seconds
118.596: [GC [PSYoungGen: 665712K->688K(666112K)] 920017K->255001K(1223680K), 0.0018270 secs] [Times: user=0.01 sys=0.00, real=0.01 secs] 
118.597: Total time for which application threads were stopped: 0.0019730 seconds, Stopping threads took: 0.0000850 seconds
118.783: Application time: 0.1861350 seconds
118.784: [GC [PSYoungGen: 665776K->624K(666112K)] 920089K->254937K(1223680K), 0.0016420 secs] [Times: user=0.01 sys=0.00, real=0.00 secs] 
118.785: Total time for which application threads were stopped: 0.0018130 seconds, Stopping threads took: 0.0000970 seconds
118.997: Application time: 0.2120250 seconds
118.997: [GC [PSYoungGen: 665712K->640K(666112K)] 920025K->254953K(1223680K), 0.0014800 secs] [Times: user=0.01 sys=0.00, real=0.00 secs] 
118.999: Total time for which application threads were stopped: 0.0016880 seconds, Stopping threads took: 0.0000780 seconds
119.172: Application time: 0.1727830 seconds
119.172: [GC [PSYoungGen: 665728K->688K(666112K)] 920041K->255001K(1223680K), 0.0015060 secs] [Times: user=0.01 sys=0.00, real=0.00 secs] 
119.173: Total time for which application threads were stopped: 0.0016460 seconds, Stopping threads took: 0.0000770 seconds
119.381: Application time: 0.2072840 seconds
119.381: [GC [PSYoungGen: 665776K->512K(666112K)] 920089K->254825K(1223680K), 0.0017330 secs] [Times: user=0.01 sys=0.00, real=0.00 secs] 
119.383: Total time for which application threads were stopped: 0.0018870 seconds, Stopping threads took: 0.0000740 seconds
119.566: Application time: 0.1834820 seconds
119.566: [GC [PSYoungGen: 665600K->656K(666112K)] 919913K->254969K(1223680K), 0.0016410 secs] [Times: user=0.01 sys=0.00, real=0.00 secs] 
119.568: Total time for which application threads were stopped: 0.0017700 seconds, Stopping threads took: 0.0000640 seconds
119.749: Application time: 0.1812550 seconds
119.749: [GC [PSYoungGen: 665744K->688K(666112K)] 920057K->255009K(1223680K), 0.0016450 secs] [Times: user=0.01 sys=0.00, real=0.00 secs] 
119.751: Total time for which application threads were stopped: 0.0017990 seconds, Stopping threads took: 0.0000860 seconds
119.976: Application time: 0.2248120 seconds
119.976: [GC [PSYoungGen: 665776K->672K(666112K)] 920097K->255001K(1223680K), 0.0016770 secs] [Times: user=0.01 sys=0.00, real=0.00 secs] 
119.978: Total time for which application threads were stopped: 0.0018180 seconds, Stopping threads took: 0.0000650 seconds
120.143: Application time: 0.1655930 seconds
120.143: [GC [PSYoungGen: 665760K->736K(666112K)] 920089K->255073K(1223680K), 0.0017450 secs] [Times: user=0.01 sys=0.00, real=0.01 secs] 
120.145: Total time for which application threads were stopped: 0.0018880 seconds, Stopping threads took: 0.0000800 seconds
120.321: Application time: 0.1756540 seconds
120.321: [GC [PSYoungGen: 665824K->624K(666112K)] 920161K->254961K(1223680K), 0.0016830 secs] [Times: user=0.02 sys=0.00, real=0.00 secs] 
120.323: Total time for which application threads were stopped: 0.0018590 seconds, Stopping threads took: 0.0001020 seconds
120.540: Application time: 0.2176730 seconds
120.540: [GC [PSYoungGen: 665712K->832K(666112K)] 920049K->255169K(1223680K), 0.0016230 secs] [Times: user=0.01 sys=0.00, real=0.00 secs] 
120.542: Total time for which application threads were stopped: 0.0017650 seconds, Stopping threads took: 0.0000660 seconds
120.712: Application time: 0.1702000 seconds
120.712: [GC [PSYoungGen: 665920K->736K(666112K)] 920257K->255073K(1223680K), 0.0014290 secs] [Times: user=0.01 sys=0.00, real=0.00 secs] 
120.714: Total time for which application threads were stopped: 0.0015460 seconds, Stopping threads took: 0.0000550 seconds
120.922: Application time: 0.2083560 seconds
120.922: [GC [PSYoungGen: 665824K->480K(666112K)] 920161K->254817K(1223680K), 0.0014620 secs] [Times: user=0.01 sys=0.00, real=0.01 secs] 
120.924: Total time for which application threads were stopped: 0.0016050 seconds, Stopping threads took: 0.0000790 seconds
121.104: Application time: 0.1807060 seconds
121.105: [GC [PSYoungGen: 665568K->720K(666112K)] 919905K->255057K(1223680K), 0.0017470 secs] [Times: user=0.01 sys=0.00, real=0.00 secs] 
121.106: Total time for which application threads were stopped: 0.0018750 seconds, Stopping threads took: 0.0000530 seconds
121.277: Application time: 0.1709500 seconds
121.277: [GC [PSYoungGen: 665808K->544K(666112K)] 920145K->254889K(1223680K), 0.0016480 secs] [Times: user=0.01 sys=0.00, real=0.00 secs] 
121.279: Total time for which application threads were stopped: 0.0017750 seconds, Stopping threads took: 0.0000640 seconds
121.502: Application time: 0.2229910 seconds
121.502: [GC [PSYoungGen: 665632K->672K(666112K)] 919977K->255025K(1223680K), 0.0017050 secs] [Times: user=0.01 sys=0.00, real=0.01 secs] 
121.504: Total time for which application threads were stopped: 0.0018400 seconds, Stopping threads took: 0.0000650 seconds
121.669: Application time: 0.1653000 seconds
121.669: [GC [PSYoungGen: 665760K->736K(666112K)] 920113K->255097K(1223680K), 0.0016410 secs] [Times: user=0.01 sys=0.00, real=0.00 secs] 
121.671: Total time for which application threads were stopped: 0.0017860 seconds, Stopping threads took: 0.0000680 seconds
121.850: Application time: 0.1792990 seconds
121.850: [GC [PSYoungGen: 665824K->624K(666112K)] 920185K->254985K(1223680K), 0.0016330 secs] [Times: user=0.01 sys=0.00, real=0.00 secs] 
121.852: Total time for which application threads were stopped: 0.0017650 seconds, Stopping threads took: 0.0000670 seconds
122.067: Application time: 0.2152160 seconds
122.067: [GC [PSYoungGen: 665712K->736K(666112K)] 920073K->255097K(1223680K), 0.0016840 secs] [Times: user=0.01 sys=0.00, real=0.00 secs] 
122.069: Total time for which application threads were stopped: 0.0018340 seconds, Stopping threads took: 0.0000860 seconds
122.240: Application time: 0.1704380 seconds
122.240: [GC [PSYoungGen: 665824K->784K(666112K)] 920185K->255145K(1223680K), 0.0016330 secs] [Times: user=0.01 sys=0.00, real=0.00 secs] 
122.241: Total time for which application threads were stopped: 0.0017530 seconds, Stopping threads took: 0.0000520 seconds
122.448: Application time: 0.2065950 seconds
122.448: [GC [PSYoungGen: 665872K->608K(666112K)] 920233K->254969K(1223680K), 0.0017290 secs] [Times: user=0.01 sys=0.00, real=0.00 secs] 
122.450: Total time for which application threads were stopped: 0.0018680 seconds, Stopping threads took: 0.0000720 seconds
122.632: Application time: 0.1819930 seconds
122.632: [GC [PSYoungGen: 665696K->800K(666112K)] 920057K->255161K(1223680K), 0.0016290 secs] [Times: user=0.01 sys=0.00, real=0.00 secs] 
122.634: Total time for which application threads were stopped: 0.0017790 seconds, Stopping threads took: 0.0000880 seconds
122.809: Application time: 0.1753090 seconds
122.809: [GC [PSYoungGen: 665888K->720K(666112K)] 920249K->255089K(1223680K), 0.0016400 secs] [Times: user=0.01 sys=0.00, real=0.00 secs] 
122.811: Total time for which application threads were stopped: 0.0017700 seconds, Stopping threads took: 0.0000490 seconds
123.032: Application time: 0.2214380 seconds
123.032: [GC [PSYoungGen: 665808K->752K(666112K)] 920177K->255129K(1223680K), 0.0016410 secs] [Times: user=0.01 sys=0.00, real=0.00 secs] 
123.034: Total time for which application threads were stopped: 0.0017880 seconds, Stopping threads took: 0.0000850 seconds
123.200: Application time: 0.1658450 seconds
123.200: [GC [PSYoungGen: 665840K->752K(666112K)] 920217K->255137K(1223680K), 0.0016360 secs] [Times: user=0.01 sys=0.00, real=0.00 secs] 
123.201: Total time for which application threads were stopped: 0.0017530 seconds, Stopping threads took: 0.0000560 seconds
123.381: Application time: 0.1798230 seconds
123.381: [GC [PSYoungGen: 665840K->576K(666112K)] 920225K->254961K(1223680K), 0.0016850 secs] [Times: user=0.01 sys=0.00, real=0.00 secs] 
123.383: Total time for which application threads were stopped: 0.0018300 seconds, Stopping threads took: 0.0000680 seconds
123.597: Application time: 0.2138810 seconds
123.597: [GC [PSYoungGen: 665664K->704K(666112K)] 920049K->255089K(1223680K), 0.0017270 secs] [Times: user=0.01 sys=0.00, real=0.00 secs] 
123.599: Total time for which application threads were stopped: 0.0018520 seconds, Stopping threads took: 0.0000600 seconds
123.770: Application time: 0.1711300 seconds
123.770: [GC [PSYoungGen: 665792K->560K(666112K)] 920177K->254945K(1223680K), 0.0017200 secs] [Times: user=0.01 sys=0.00, real=0.00 secs] 
123.772: Total time for which application threads were stopped: 0.0018840 seconds, Stopping threads took: 0.0000970 seconds
123.976: Application time: 0.2045030 seconds
123.977: [GC [PSYoungGen: 665648K->512K(666112K)] 920033K->254897K(1223680K), 0.0015800 secs] [Times: user=0.01 sys=0.00, real=0.00 secs] 
123.978: Total time for which application threads were stopped: 0.0017480 seconds, Stopping threads took: 0.0000870 seconds
124.161: Application time: 0.1828000 seconds
124.161: [GC [PSYoungGen: 665600K->704K(666112K)] 919985K->255097K(1223680K), 0.0016460 secs] [Times: user=0.01 sys=0.00, real=0.00 secs] 
124.163: Total time for which application threads were stopped: 0.0017970 seconds, Stopping threads took: 0.0000860 seconds
124.338: Application time: 0.1756680 seconds
124.339: [GC [PSYoungGen: 665792K->672K(666112K)] 920185K->255073K(1223680K), 0.0017580 secs] [Times: user=0.01 sys=0.00, real=0.00 secs] 
124.340: Total time for which application threads were stopped: 0.0018920 seconds, Stopping threads took: 0.0000730 seconds
124.560: Application time: 0.2196940 seconds
124.560: [GC [PSYoungGen: 665760K->704K(666112K)] 920161K->255113K(1223680K), 0.0016430 secs] [Times: user=0.01 sys=0.00, real=0.00 secs] 
124.562: Total time for which application threads were stopped: 0.0017930 seconds, Stopping threads took: 0.0000790 seconds
124.726: Application time: 0.1640010 seconds
124.726: [GC [PSYoungGen: 665792K->624K(666112K)] 920201K->255041K(1223680K), 0.0016590 secs] [Times: user=0.01 sys=0.00, real=0.00 secs] 
124.728: Total time for which application threads were stopped: 0.0017830 seconds, Stopping threads took: 0.0000570 seconds
124.912: Application time: 0.1845730 seconds
124.912: [GC [PSYoungGen: 665712K->592K(666112K)] 920129K->255009K(1223680K), 0.0016460 secs] [Times: user=0.01 sys=0.00, real=0.00 secs] 
124.914: Total time for which application threads were stopped: 0.0017990 seconds, Stopping threads took: 0.0000800 seconds
125.126: Application time: 0.2122430 seconds
125.126: [GC [PSYoungGen: 665680K->704K(666112K)] 920097K->255121K(1223680K), 0.0016310 secs] [Times: user=0.01 sys=0.00, real=0.00 secs] 
125.128: Total time for which application threads were stopped: 0.0017900 seconds, Stopping threads took: 0.0000880 seconds
125.298: Application time: 0.1702980 seconds
125.298: [GC [PSYoungGen: 665792K->768K(666112K)] 920209K->255185K(1223680K), 0.0016730 secs] [Times: user=0.01 sys=0.00, real=0.00 secs] 
125.300: Total time for which application threads were stopped: 0.0018230 seconds, Stopping threads took: 0.0000880 seconds
125.505: Application time: 0.2050520 seconds
125.505: [GC [PSYoungGen: 665856K->624K(666112K)] 920273K->255041K(1223680K), 0.0016790 secs] [Times: user=0.02 sys=0.00, real=0.00 secs] 
125.507: Total time for which application threads were stopped: 0.0018240 seconds, Stopping threads took: 0.0000740 seconds
125.690: Application time: 0.1831380 seconds
125.690: [GC [PSYoungGen: 665712K->576K(666112K)] 920129K->255001K(1223680K), 0.0016800 secs] [Times: user=0.01 sys=0.00, real=0.00 secs] 
125.692: Total time for which application threads were stopped: 0.0018280 seconds, Stopping threads took: 0.0000740 seconds
125.867: Application time: 0.1753290 seconds
125.867: [GC [PSYoungGen: 665664K->576K(666112K)] 920089K->255009K(1223680K), 0.0016520 secs] [Times: user=0.01 sys=0.00, real=0.00 secs] 
125.869: Total time for which application threads were stopped: 0.0017890 seconds, Stopping threads took: 0.0000770 seconds
126.090: Application time: 0.2205040 seconds
126.090: [GC [PSYoungGen: 665664K->816K(666112K)] 920097K->255257K(1223680K), 0.0016530 secs] [Times: user=0.01 sys=0.00, real=0.00 secs] 
126.091: Total time for which application threads were stopped: 0.0017860 seconds, Stopping threads took: 0.0000670 seconds
126.255: Application time: 0.1633960 seconds
126.255: [GC [PSYoungGen: 665904K->768K(666112K)] 920345K->255217K(1223680K), 0.0016260 secs] [Times: user=0.01 sys=0.00, real=0.01 secs] 
126.257: Total time for which application threads were stopped: 0.0017690 seconds, Stopping threads took: 0.0000700 seconds
126.444: Application time: 0.1874940 seconds
126.444: [GC [PSYoungGen: 665856K->544K(666112K)] 920305K->254993K(1223680K), 0.0016720 secs] [Times: user=0.01 sys=0.00, real=0.00 secs] 
126.446: Total time for which application threads were stopped: 0.0018150 seconds, Stopping threads took: 0.0000770 seconds
126.656: Application time: 0.2098020 seconds
126.656: [GC [PSYoungGen: 665632K->736K(666112K)] 920081K->255185K(1223680K), 0.0016920 secs] [Times: user=0.02 sys=0.00, real=0.00 secs] 
126.658: Total time for which application threads were stopped: 0.0018230 seconds, Stopping threads took: 0.0000680 seconds
126.827: Application time: 0.1693590 seconds
126.827: [GC [PSYoungGen: 665824K->592K(666112K)] 920273K->255041K(1223680K), 0.0016670 secs] [Times: user=0.01 sys=0.00, real=0.00 secs] 
126.829: Total time for which application threads were stopped: 0.0018190 seconds, Stopping threads took: 0.0000790 seconds
127.036: Application time: 0.2075230 seconds
127.036: [GC [PSYoungGen: 665680K->528K(666112K)] 920129K->254977K(1223680K), 0.0016590 secs] [Times: user=0.02 sys=0.00, real=0.00 secs] 
127.038: Total time for which application threads were stopped: 0.0017980 seconds, Stopping threads took: 0.0000750 seconds
127.220: Application time: 0.1817060 seconds
127.220: [GC [PSYoungGen: 665616K->720K(666112K)] 920065K->255177K(1223680K), 0.0016560 secs] [Times: user=0.01 sys=0.00, real=0.00 secs] 
127.222: Total time for which application threads were stopped: 0.0017640 seconds, Stopping threads took: 0.0000460 seconds
127.397: Application time: 0.1750590 seconds
127.397: [GC [PSYoungGen: 665808K->656K(666112K)] 920265K->255121K(1223680K), 0.0016380 secs] [Times: user=0.02 sys=0.00, real=0.00 secs] 
127.398: Total time for which application threads were stopped: 0.0017700 seconds, Stopping threads took: 0.0000550 seconds
127.619: Application time: 0.2203310 seconds
127.619: [GC [PSYoungGen: 665744K->672K(666112K)] 920209K->255145K(1223680K), 0.0016700 secs] [Times: user=0.01 sys=0.00, real=0.00 secs] 
127.620: Total time for which application threads were stopped: 0.0018020 seconds, Stopping threads took: 0.0000630 seconds
127.784: Application time: 0.1633000 seconds
127.784: [GC [PSYoungGen: 665760K->768K(666112K)] 920233K->255249K(1223680K), 0.0016200 secs] [Times: user=0.01 sys=0.00, real=0.00 secs] 
127.786: Total time for which application threads were stopped: 0.0017510 seconds, Stopping threads took: 0.0000690 seconds
127.970: Application time: 0.1845750 seconds
127.970: [GC [PSYoungGen: 665856K->528K(666112K)] 920337K->255009K(1223680K), 0.0014500 secs] [Times: user=0.01 sys=0.00, real=0.00 secs] 
127.972: Total time for which application threads were stopped: 0.0015970 seconds, Stopping threads took: 0.0000750 seconds
128.182: Application time: 0.2101840 seconds
128.182: [GC [PSYoungGen: 665616K->688K(666112K)] 920097K->255169K(1223680K), 0.0014450 secs] [Times: user=0.01 sys=0.00, real=0.00 secs] 
128.184: Total time for which application threads were stopped: 0.0015920 seconds, Stopping threads took: 0.0000830 seconds
128.354: Application time: 0.1709590 seconds
128.355: [GC [PSYoungGen: 665776K->720K(666112K)] 920257K->255201K(1223680K), 0.0017500 secs] [Times: user=0.02 sys=0.00, real=0.01 secs] 
128.356: Total time for which application threads were stopped: 0.0018980 seconds, Stopping threads took: 0.0000830 seconds
128.562: Application time: 0.2056100 seconds
128.562: [GC [PSYoungGen: 665808K->528K(666112K)] 920289K->255009K(1223680K), 0.0016550 secs] [Times: user=0.01 sys=0.01, real=0.01 secs] 
128.564: Total time for which application threads were stopped: 0.0018090 seconds, Stopping threads took: 0.0000790 seconds
128.748: Application time: 0.1842040 seconds
128.748: [GC [PSYoungGen: 665616K->656K(666112K)] 920097K->255145K(1223680K), 0.0016640 secs] [Times: user=0.01 sys=0.00, real=0.00 secs] 
128.750: Total time for which application threads were stopped: 0.0018080 seconds, Stopping threads took: 0.0000810 seconds
128.924: Application time: 0.1737800 seconds
128.924: [GC [PSYoungGen: 665744K->688K(666112K)] 920233K->255185K(1223680K), 0.0016540 secs] [Times: user=0.01 sys=0.00, real=0.00 secs] 
128.925: Total time for which application threads were stopped: 0.0017930 seconds, Stopping threads took: 0.0000770 seconds
129.146: Application time: 0.2202890 seconds
129.146: [GC [PSYoungGen: 665776K->640K(666112K)] 920273K->255145K(1223680K), 0.0016700 secs] [Times: user=0.01 sys=0.00, real=0.00 secs] 
129.148: Total time for which application threads were stopped: 0.0018180 seconds, Stopping threads took: 0.0000770 seconds
129.312: Application time: 0.1643210 seconds
129.312: [GC [PSYoungGen: 665728K->736K(666112K)] 920233K->255249K(1223680K), 0.0016570 secs] [Times: user=0.00 sys=0.00, real=0.00 secs] 
129.314: Total time for which application threads were stopped: 0.0017830 seconds, Stopping threads took: 0.0000660 seconds
129.496: Application time: 0.1827300 seconds
129.496: [GC [PSYoungGen: 665824K->688K(666112K)] 920337K->255201K(1223680K), 0.0016310 secs] [Times: user=0.01 sys=0.00, real=0.00 secs] 
129.498: Total time for which application threads were stopped: 0.0017740 seconds, Stopping threads took: 0.0000790 seconds
129.712: Application time: 0.2133910 seconds
129.712: [GC [PSYoungGen: 665776K->736K(666112K)] 920289K->255249K(1223680K), 0.0016150 secs] [Times: user=0.01 sys=0.00, real=0.00 secs] 
129.713: Total time for which application threads were stopped: 0.0017700 seconds, Stopping threads took: 0.0000810 seconds
129.882: Application time: 0.1687760 seconds
129.882: [GC [PSYoungGen: 665824K->608K(666112K)] 920337K->255121K(1223680K), 0.0016560 secs] [Times: user=0.02 sys=0.00, real=0.01 secs] 
129.884: Total time for which application threads were stopped: 0.0017940 seconds, Stopping threads took: 0.0000740 seconds
130.088: Application time: 0.2037620 seconds
130.088: [GC [PSYoungGen: 665696K->512K(666112K)] 920209K->255025K(1223680K), 0.0017490 secs] [Times: user=0.01 sys=0.00, real=0.00 secs] 
130.090: Total time for which application threads were stopped: 0.0018760 seconds, Stopping threads took: 0.0000670 seconds
130.275: Application time: 0.1853520 seconds
130.275: [GC [PSYoungGen: 665600K->720K(666112K)] 920113K->255241K(1223680K), 0.0016750 secs] [Times: user=0.02 sys=0.00, real=0.01 secs] 
130.277: Total time for which application threads were stopped: 0.0018250 seconds, Stopping threads took: 0.0000750 seconds
130.454: Application time: 0.1776080 seconds
130.454: [GC [PSYoungGen: 665808K->608K(666112K)] 920329K->255137K(1223680K), 0.0016570 secs] [Times: user=0.01 sys=0.00, real=0.01 secs] 
130.456: Total time for which application threads were stopped: 0.0017920 seconds, Stopping threads took: 0.0000600 seconds
130.675: Application time: 0.2189950 seconds
130.675: [GC [PSYoungGen: 665696K->736K(666112K)] 920225K->255273K(1223680K), 0.0016370 secs] [Times: user=0.02 sys=0.00, real=0.01 secs] 
130.677: Total time for which application threads were stopped: 0.0017710 seconds, Stopping threads took: 0.0000710 seconds
130.844: Application time: 0.1668630 seconds
130.844: [GC [PSYoungGen: 665824K->672K(666112K)] 920361K->255217K(1223680K), 0.0016920 secs] [Times: user=0.01 sys=0.00, real=0.00 secs] 
130.846: Total time for which application threads were stopped: 0.0018340 seconds, Stopping threads took: 0.0000720 seconds
131.029: Application time: 0.1836430 seconds
131.029: [GC [PSYoungGen: 665760K->592K(666112K)] 920305K->255137K(1223680K), 0.0016530 secs] [Times: user=0.01 sys=0.00, real=0.00 secs] 
131.031: Total time for which application threads were stopped: 0.0018100 seconds, Stopping threads took: 0.0000930 seconds
131.241: Application time: 0.2098380 seconds
131.241: [GC [PSYoungGen: 665680K->800K(666112K)] 920225K->255345K(1223680K), 0.0015820 secs] [Times: user=0.00 sys=0.00, real=0.00 secs] 
131.243: Total time for which application threads were stopped: 0.0017120 seconds, Stopping threads took: 0.0000670 seconds
131.411: Application time: 0.1688240 seconds
131.412: [GC [PSYoungGen: 665888K->656K(666112K)] 920433K->255201K(1223680K), 0.0017290 secs] [Times: user=0.01 sys=0.00, real=0.00 secs] 
131.413: Total time for which application threads were stopped: 0.0018930 seconds, Stopping threads took: 0.0000810 seconds
131.618: Application time: 0.2047620 seconds
131.618: [GC [PSYoungGen: 665744K->640K(666112K)] 920289K->255185K(1223680K), 0.0016440 secs] [Times: user=0.01 sys=0.00, real=0.00 secs] 
131.620: Total time for which application threads were stopped: 0.0017850 seconds, Stopping threads took: 0.0000770 seconds
131.808: Application time: 0.1877240 seconds
131.808: [GC [PSYoungGen: 665728K->736K(666112K)] 920273K->255289K(1223680K), 0.0015130 secs] [Times: user=0.01 sys=0.00, real=0.00 secs] 
131.809: Total time for which application threads were stopped: 0.0016290 seconds, Stopping threads took: 0.0000540 seconds
131.987: Application time: 0.1776280 seconds
131.987: [GC [PSYoungGen: 665824K->704K(666112K)] 920377K->255265K(1223680K), 0.0017450 secs] [Times: user=0.01 sys=0.00, real=0.00 secs] 
131.989: Total time for which application threads were stopped: 0.0018960 seconds, Stopping threads took: 0.0000720 seconds
132.206: Application time: 0.2176480 seconds
132.207: [GC [PSYoungGen: 665792K->816K(666112K)] 920353K->255385K(1223680K), 0.0016290 secs] [Times: user=0.02 sys=0.00, real=0.00 secs] 
132.208: Total time for which application threads were stopped: 0.0017740 seconds, Stopping threads took: 0.0000800 seconds
132.374: Application time: 0.1655250 seconds
132.374: [GC [PSYoungGen: 665904K->704K(666112K)] 920473K->255281K(1223680K), 0.0016750 secs] [Times: user=0.01 sys=0.00, real=0.00 secs] 
132.376: Total time for which application threads were stopped: 0.0018260 seconds, Stopping threads took: 0.0000870 seconds
132.561: Application time: 0.1853230 seconds
132.561: [GC [PSYoungGen: 665792K->592K(666112K)] 920369K->255177K(1223680K), 0.0017480 secs] [Times: user=0.01 sys=0.00, real=0.00 secs] 
132.563: Total time for which application threads were stopped: 0.0018840 seconds, Stopping threads took: 0.0000660 seconds
132.771: Application time: 0.2087780 seconds
132.772: [GC [PSYoungGen: 665680K->768K(666112K)] 920265K->255353K(1223680K), 0.0015670 secs] [Times: user=0.01 sys=0.00, real=0.00 secs] 
132.773: Total time for which application threads were stopped: 0.0017260 seconds, Stopping threads took: 0.0000990 seconds
132.940: Application time: 0.1669250 seconds
132.940: [GC [PSYoungGen: 665856K->656K(666112K)] 920441K->255241K(1223680K), 0.0017060 secs] [Times: user=0.02 sys=0.00, real=0.00 secs] 
132.942: Total time for which application threads were stopped: 0.0018490 seconds, Stopping threads took: 0.0000810 seconds
133.145: Application time: 0.2030630 seconds
133.145: [GC [PSYoungGen: 665744K->672K(666112K)] 920329K->255257K(1223680K), 0.0014690 secs] [Times: user=0.01 sys=0.00, real=0.00 secs] 
133.147: Total time for which application threads were stopped: 0.0016080 seconds, Stopping threads took: 0.0000610 seconds
133.333: Application time: 0.1867330 seconds
133.334: [GC [PSYoungGen: 665760K->768K(666112K)] 920345K->255361K(1223680K), 0.0017700 secs] [Times: user=0.01 sys=0.00, real=0.00 secs] 
133.335: Total time for which application threads were stopped: 0.0019070 seconds, Stopping threads took: 0.0000730 seconds
133.511: Application time: 0.1757890 seconds
133.511: [GC [PSYoungGen: 665856K->688K(666112K)] 920449K->255289K(1223680K), 0.0017040 secs] [Times: user=0.02 sys=0.00, real=0.00 secs] 
133.513: Total time for which application threads were stopped: 0.0018410 seconds, Stopping threads took: 0.0000740 seconds
133.729: Application time: 0.2159050 seconds
133.729: [GC [PSYoungGen: 665776K->640K(666112K)] 920377K->255249K(1223680K), 0.0016420 secs] [Times: user=0.01 sys=0.00, real=0.00 secs] 
133.731: Total time for which application threads were stopped: 0.0017920 seconds, Stopping threads took: 0.0000710 seconds
133.898: Application time: 0.1671010 seconds
133.898: [GC [PSYoungGen: 665728K->800K(666112K)] 920337K->255417K(1223680K), 0.0016600 secs] [Times: user=0.01 sys=0.00, real=0.00 secs] 
133.900: Total time for which application threads were stopped: 0.0017940 seconds, Stopping threads took: 0.0000690 seconds
134.085: Application time: 0.1854670 seconds
134.085: [GC [PSYoungGen: 665888K->576K(666112K)] 920505K->255201K(1223680K), 0.0016540 secs] [Times: user=0.01 sys=0.00, real=0.00 secs] 
134.087: Total time for which application threads were stopped: 0.0017870 seconds, Stopping threads took: 0.0000690 seconds
134.295: Application time: 0.2079460 seconds
134.295: [GC [PSYoungGen: 665664K->704K(666112K)] 920289K->255329K(1223680K), 0.0016610 secs] [Times: user=0.01 sys=0.00, real=0.01 secs] 
134.297: Total time for which application threads were stopped: 0.0018140 seconds, Stopping threads took: 0.0000720 seconds
134.464: Application time: 0.1676720 seconds
134.464: [GC [PSYoungGen: 665792K->624K(666112K)] 920417K->255249K(1223680K), 0.0017720 secs] [Times: user=0.01 sys=0.00, real=0.00 secs] 
134.466: Total time for which application threads were stopped: 0.0019050 seconds, Stopping threads took: 0.0000690 seconds
134.671: Application time: 0.2043350 seconds
134.671: [GC [PSYoungGen: 665712K->528K(666112K)] 920337K->255153K(1223680K), 0.0017590 secs] [Times: user=0.02 sys=0.00, real=0.00 secs] 
134.672: Total time for which application threads were stopped: 0.0018900 seconds, Stopping threads took: 0.0000690 seconds
134.858: Application time: 0.1857050 seconds
134.858: [GC [PSYoungGen: 665616K->688K(666112K)] 920241K->255321K(1223680K), 0.0017640 secs] [Times: user=0.01 sys=0.00, real=0.00 secs] 
134.860: Total time for which application threads were stopped: 0.0019390 seconds, Stopping threads took: 0.0001010 seconds
135.036: Application time: 0.1761910 seconds
135.036: [GC [PSYoungGen: 665776K->768K(666112K)] 920409K->255409K(1223680K), 0.0017380 secs] [Times: user=0.01 sys=0.00, real=0.00 secs] 
135.038: Total time for which application threads were stopped: 0.0018600 seconds, Stopping threads took: 0.0000590 seconds
135.255: Application time: 0.2170400 seconds
135.255: [GC [PSYoungGen: 665856K->672K(666112K)] 920497K->255321K(1223680K), 0.0017130 secs] [Times: user=0.01 sys=0.00, real=0.01 secs] 
135.257: Total time for which application threads were stopped: 0.0018500 seconds, Stopping threads took: 0.0000700 seconds
135.423: Application time: 0.1656520 seconds
135.423: [GC [PSYoungGen: 665760K->800K(666112K)] 920409K->255457K(1223680K), 0.0016890 secs] [Times: user=0.01 sys=0.00, real=0.01 secs] 
135.424: Total time for which application threads were stopped: 0.0018200 seconds, Stopping threads took: 0.0000580 seconds
135.611: Application time: 0.1862210 seconds
135.611: [GC [PSYoungGen: 665888K->688K(666112K)] 920545K->255353K(1223680K), 0.0016440 secs] [Times: user=0.01 sys=0.00, real=0.00 secs] 
135.612: Total time for which application threads were stopped: 0.0017750 seconds, Stopping threads took: 0.0000700 seconds
135.811: Application time: 0.1981810 seconds
135.811: [GC [PSYoungGen: 665776K->688K(666112K)] 920441K->255353K(1223680K), 0.0017100 secs] [Times: user=0.01 sys=0.00, real=0.00 secs] 
135.813: Total time for which application threads were stopped: 0.0018820 seconds, Stopping threads took: 0.0001060 seconds
135.996: Application time: 0.1837300 seconds
135.996: [GC [PSYoungGen: 665776K->560K(666112K)] 920441K->255225K(1223680K), 0.0017540 secs] [Times: user=0.02 sys=0.00, real=0.00 secs] 
135.998: Total time for which application threads were stopped: 0.0018930 seconds, Stopping threads took: 0.0000660 seconds
136.154: Application time: 0.1553430 seconds
136.154: Total time for which application threads were stopped: 0.0000730 seconds, Stopping threads took: 0.0000480 seconds
136.205: Application time: 0.0510140 seconds
136.205: [GC [PSYoungGen: 665648K->480K(666112K)] 920313K->255145K(1223680K), 0.0016480 secs] [Times: user=0.01 sys=0.00, real=0.00 secs] 
136.206: Total time for which application threads were stopped: 0.0017670 seconds, Stopping threads took: 0.0000560 seconds
136.391: Application time: 0.1844120 seconds
136.391: [GC [PSYoungGen: 665568K->544K(666112K)] 920233K->255217K(1223680K), 0.0016620 secs] [Times: user=0.01 sys=0.00, real=0.00 secs] 
136.393: Total time for which application threads were stopped: 0.0018160 seconds, Stopping threads took: 0.0000900 seconds
136.501: Application time: 0.1079420 seconds
136.501: Total time for which application threads were stopped: 0.0001090 seconds, Stopping threads took: 0.0000730 seconds
136.545: Application time: 0.0442950 seconds
136.545: Total time for which application threads were stopped: 0.0000470 seconds, Stopping threads took: 0.0000200 seconds
136.588: Application time: 0.0432290 seconds
136.588: [GC [PSYoungGen: 665632K->416K(666112K)] 920305K->255097K(1223680K), 0.0016510 secs] [Times: user=0.01 sys=0.00, real=0.00 secs] 
136.590: Total time for which application threads were stopped: 0.0017480 seconds, Stopping threads took: 0.0000280 seconds
136.694: Application time: 0.1042810 seconds
136.694: Total time for which application threads were stopped: 0.0000680 seconds, Stopping threads took: 0.0000410 seconds
136.757: Application time: 0.0621930 seconds
136.757: Total time for which application threads were stopped: 0.0000430 seconds, Stopping threads took: 0.0000250 seconds
136.757: Application time: 0.0000730 seconds
136.757: Total time for which application threads were stopped: 0.0000200 seconds, Stopping threads took: 0.0000140 seconds
136.757: Application time: 0.0001100 seconds
136.757: Total time for which application threads were stopped: 0.0000380 seconds, Stopping threads took: 0.0000310 seconds
136.768: Application time: 0.0107650 seconds
136.768: Total time for which application threads were stopped: 0.0000970 seconds, Stopping threads took: 0.0000510 seconds
136.768: Application time: 0.0001460 seconds
136.772: Total time for which application threads were stopped: 0.0037690 seconds, Stopping threads took: 0.0037500 seconds
136.772: Application time: 0.0000930 seconds
136.772: Total time for which application threads were stopped: 0.0000580 seconds, Stopping threads took: 0.0000390 seconds
136.938: Application time: 0.1665050 seconds
136.938: [GC [PSYoungGen: 665504K->832K(666112K)] 920185K->255521K(1223680K), 0.0016560 secs] [Times: user=0.01 sys=0.00, real=0.00 secs] 
136.940: Total time for which application threads were stopped: 0.0018070 seconds, Stopping threads took: 0.0000810 seconds
137.091: Application time: 0.1512650 seconds
137.091: [GC [PSYoungGen: 665920K->848K(666112K)] 920609K->255545K(1223680K), 0.0016760 secs] [Times: user=0.00 sys=0.00, real=0.00 secs] 
137.093: Total time for which application threads were stopped: 0.0018230 seconds, Stopping threads took: 0.0000730 seconds
137.245: Application time: 0.1518630 seconds
137.245: [GC [PSYoungGen: 665936K->832K(666112K)] 920633K->255537K(1223680K), 0.0016980 secs] [Times: user=0.01 sys=0.00, real=0.00 secs] 
137.247: Total time for which application threads were stopped: 0.0018320 seconds, Stopping threads took: 0.0000690 seconds
137.507: Application time: 0.2603880 seconds
137.507: [GC [PSYoungGen: 665920K->672K(666112K)] 920625K->255377K(1223680K), 0.0016530 secs] [Times: user=0.01 sys=0.00, real=0.00 secs] 
137.509: Total time for which application threads were stopped: 0.0017620 seconds, Stopping threads took: 0.0000440 seconds
137.661: Application time: 0.1518980 seconds
137.661: [GC [PSYoungGen: 665760K->720K(666112K)] 920465K->255425K(1223680K), 0.0016740 secs] [Times: user=0.01 sys=0.00, real=0.00 secs] 
137.663: Total time for which application threads were stopped: 0.0017970 seconds, Stopping threads took: 0.0000500 seconds
137.846: Application time: 0.1835060 seconds
137.846: [GC [PSYoungGen: 665808K->416K(666112K)] 920513K->255121K(1223680K), 0.0016800 secs] [Times: user=0.01 sys=0.00, real=0.00 secs] 
137.848: Total time for which application threads were stopped: 0.0018500 seconds, Stopping threads took: 0.0001070 seconds
138.077: Application time: 0.2286190 seconds
138.077: [GC [PSYoungGen: 665504K->672K(666112K)] 920209K->255385K(1223680K), 0.0016660 secs] [Times: user=0.01 sys=0.00, real=0.00 secs] 
138.079: Total time for which application threads were stopped: 0.0017840 seconds, Stopping threads took: 0.0000540 seconds
138.230: Application time: 0.1515430 seconds
138.230: [GC [PSYoungGen: 665760K->720K(666112K)] 920473K->255441K(1223680K), 0.0016580 secs] [Times: user=0.02 sys=0.00, real=0.00 secs] 
138.232: Total time for which application threads were stopped: 0.0018180 seconds, Stopping threads took: 0.0000840 seconds
138.493: Application time: 0.2610960 seconds
138.493: [GC [PSYoungGen: 665808K->688K(666112K)] 920529K->255417K(1223680K), 0.0017900 secs] [Times: user=0.01 sys=0.00, real=0.00 secs] 
138.495: Total time for which application threads were stopped: 0.0019320 seconds, Stopping threads took: 0.0000810 seconds
138.646: Application time: 0.1507690 seconds
138.646: [GC [PSYoungGen: 665776K->656K(666112K)] 920505K->255393K(1223680K), 0.0016180 secs] [Times: user=0.01 sys=0.00, real=0.00 secs] 
138.647: Total time for which application threads were stopped: 0.0017420 seconds, Stopping threads took: 0.0000610 seconds
138.799: Application time: 0.1517300 seconds
138.799: [GC [PSYoungGen: 665744K->784K(666112K)] 920481K->255529K(1223680K), 0.0016660 secs] [Times: user=0.01 sys=0.00, real=0.00 secs] 
138.801: Total time for which application threads were stopped: 0.0018250 seconds, Stopping threads took: 0.0000780 seconds
139.061: Application time: 0.2604280 seconds
139.062: [GC [PSYoungGen: 665872K->720K(666112K)] 920617K->255465K(1223680K), 0.0016600 secs] [Times: user=0.02 sys=0.00, real=0.00 secs] 
139.063: Total time for which application threads were stopped: 0.0018040 seconds, Stopping threads took: 0.0000770 seconds
139.214: Application time: 0.1508220 seconds
139.214: [GC [PSYoungGen: 665808K->816K(666112K)] 920553K->255561K(1223680K), 0.0016290 secs] [Times: user=0.01 sys=0.00, real=0.01 secs] 
139.216: Total time for which application threads were stopped: 0.0017860 seconds, Stopping threads took: 0.0000930 seconds
139.394: Application time: 0.1786010 seconds
139.395: [GC [PSYoungGen: 665904K->416K(666112K)] 920649K->255161K(1223680K), 0.0016930 secs] [Times: user=0.01 sys=0.00, real=0.01 secs] 
139.396: Total time for which application threads were stopped: 0.0018740 seconds, Stopping threads took: 0.0001070 seconds
139.629: Application time: 0.2329400 seconds
139.629: [GC [PSYoungGen: 665504K->752K(666112K)] 920249K->255497K(1223680K), 0.0016350 secs] [Times: user=0.00 sys=0.00, real=0.00 secs] 
139.631: Total time for which application threads were stopped: 0.0017600 seconds, Stopping threads took: 0.0000600 seconds
139.783: Application time: 0.1520290 seconds
139.783: [GC [PSYoungGen: 665840K->624K(666112K)] 920585K->255409K(1223680K), 0.0016760 secs] [Times: user=0.01 sys=0.00, real=0.01 secs] 
139.785: Total time for which application threads were stopped: 0.0017860 seconds, Stopping threads took: 0.0000420 seconds
140.045: Application time: 0.2604200 seconds
140.045: [GC [PSYoungGen: 665712K->720K(666112K)] 920497K->255505K(1223680K), 0.0017550 secs] [Times: user=0.01 sys=0.00, real=0.00 secs] 
140.047: Total time for which application threads were stopped: 0.0019220 seconds, Stopping threads took: 0.0000840 seconds
140.199: Application time: 0.1520050 seconds
140.199: [GC [PSYoungGen: 665808K->768K(666112K)] 920593K->255553K(1223680K), 0.0016470 secs] [Times: user=0.01 sys=0.00, real=0.00 secs] 
140.201: Total time for which application threads were stopped: 0.0017900 seconds, Stopping threads took: 0.0000780 seconds
140.352: Application time: 0.1511390 seconds
140.352: [GC [PSYoungGen: 665856K->816K(666112K)] 920641K->255601K(1223680K), 0.0016490 secs] [Times: user=0.01 sys=0.00, real=0.00 secs] 
140.354: Total time for which application threads were stopped: 0.0017770 seconds, Stopping threads took: 0.0000670 seconds
140.615: Application time: 0.2605970 seconds
140.615: [GC [PSYoungGen: 665904K->800K(666112K)] 920689K->255585K(1223680K), 0.0016850 secs] [Times: user=0.01 sys=0.00, real=0.01 secs] 
140.616: Total time for which application threads were stopped: 0.0018390 seconds, Stopping threads took: 0.0000800 seconds
140.769: Application time: 0.1522320 seconds
140.769: [GC [PSYoungGen: 665888K->704K(666112K)] 920673K->255489K(1223680K), 0.0016640 secs] [Times: user=0.01 sys=0.00, real=0.00 secs] 
140.770: Total time for which application threads were stopped: 0.0017890 seconds, Stopping threads took: 0.0000620 seconds
140.949: Application time: 0.1789260 seconds
140.949: [GC [PSYoungGen: 665792K->368K(666112K)] 920577K->255153K(1223680K), 0.0014640 secs] [Times: user=0.01 sys=0.00, real=0.00 secs] 
140.951: Total time for which application threads were stopped: 0.0016040 seconds, Stopping threads took: 0.0000770 seconds
141.182: Application time: 0.2313630 seconds
141.182: [GC [PSYoungGen: 665456K->624K(666112K)] 920241K->255409K(1223680K), 0.0018890 secs] [Times: user=0.01 sys=0.00, real=0.01 secs] 
141.184: Total time for which application threads were stopped: 0.0020070 seconds, Stopping threads took: 0.0000480 seconds
141.334: Application time: 0.1501330 seconds
141.335: [GC [PSYoungGen: 665712K->720K(666112K)] 920497K->255545K(1223680K), 0.0016350 secs] [Times: user=0.01 sys=0.00, real=0.01 secs] 
141.336: Total time for which application threads were stopped: 0.0017910 seconds, Stopping threads took: 0.0000940 seconds
141.596: Application time: 0.2602130 seconds
141.597: [GC [PSYoungGen: 665808K->672K(666112K)] 920633K->255497K(1223680K), 0.0016440 secs] [Times: user=0.01 sys=0.00, real=0.00 secs] 
141.598: Total time for which application threads were stopped: 0.0017930 seconds, Stopping threads took: 0.0000810 seconds
141.750: Application time: 0.1519630 seconds
141.750: [GC [PSYoungGen: 665760K->688K(666112K)] 920585K->255513K(1223680K), 0.0017710 secs] [Times: user=0.01 sys=0.00, real=0.00 secs] 
141.752: Total time for which application threads were stopped: 0.0019340 seconds, Stopping threads took: 0.0000810 seconds
141.904: Application time: 0.1516820 seconds
141.904: [GC [PSYoungGen: 665776K->688K(666112K)] 920601K->255513K(1223680K), 0.0016340 secs] [Times: user=0.01 sys=0.00, real=0.00 secs] 
141.906: Total time for which application threads were stopped: 0.0017460 seconds, Stopping threads took: 0.0000490 seconds
142.166: Application time: 0.2606920 seconds
142.166: [GC [PSYoungGen: 665776K->672K(666112K)] 920601K->255497K(1223680K), 0.0016840 secs] [Times: user=0.01 sys=0.00, real=0.00 secs] 
142.168: Total time for which application threads were stopped: 0.0018250 seconds, Stopping threads took: 0.0000710 seconds
142.320: Application time: 0.1515890 seconds
142.320: [GC [PSYoungGen: 665760K->736K(666112K)] 920585K->255561K(1223680K), 0.0014480 secs] [Times: user=0.01 sys=0.00, real=0.00 secs] 
142.321: Total time for which application threads were stopped: 0.0015650 seconds, Stopping threads took: 0.0000360 seconds
142.501: Application time: 0.1800960 seconds
142.501: [GC [PSYoungGen: 665824K->416K(666112K)] 920649K->255241K(1223680K), 0.0015030 secs] [Times: user=0.01 sys=0.00, real=0.00 secs] 
142.503: Total time for which application threads were stopped: 0.0016810 seconds, Stopping threads took: 0.0001150 seconds
142.735: Application time: 0.2318950 seconds
142.735: [GC [PSYoungGen: 665504K->704K(666112K)] 920329K->255529K(1223680K), 0.0016580 secs] [Times: user=0.01 sys=0.00, real=0.01 secs] 
142.737: Total time for which application threads were stopped: 0.0017910 seconds, Stopping threads took: 0.0000710 seconds
142.888: Application time: 0.1515760 seconds
142.888: [GC [PSYoungGen: 665792K->736K(666112K)] 920617K->255569K(1223680K), 0.0017270 secs] [Times: user=0.02 sys=0.00, real=0.00 secs] 
142.890: Total time for which application threads were stopped: 0.0018670 seconds, Stopping threads took: 0.0000680 seconds
143.149: Application time: 0.2586610 seconds
143.149: [GC [PSYoungGen: 665824K->624K(666112K)] 920657K->255457K(1223680K), 0.0014690 secs] [Times: user=0.01 sys=0.00, real=0.00 secs] 
143.150: Total time for which application threads were stopped: 0.0016020 seconds, Stopping threads took: 0.0000700 seconds
143.302: Application time: 0.1520140 seconds
143.303: [GC [PSYoungGen: 665712K->816K(666112K)] 920545K->255649K(1223680K), 0.0016760 secs] [Times: user=0.01 sys=0.00, real=0.01 secs] 
143.304: Total time for which application threads were stopped: 0.0018100 seconds, Stopping threads took: 0.0000720 seconds
143.456: Application time: 0.1518480 seconds
143.456: [GC [PSYoungGen: 665904K->752K(666112K)] 920737K->255585K(1223680K), 0.0016880 secs] [Times: user=0.01 sys=0.00, real=0.00 secs] 
143.458: Total time for which application threads were stopped: 0.0018200 seconds, Stopping threads took: 0.0000560 seconds
143.718: Application time: 0.2602500 seconds
143.718: [GC [PSYoungGen: 665840K->576K(666112K)] 920673K->255409K(1223680K), 0.0016990 secs] [Times: user=0.01 sys=0.00, real=0.00 secs] 
143.720: Total time for which application threads were stopped: 0.0018310 seconds, Stopping threads took: 0.0000600 seconds
143.872: Application time: 0.1520120 seconds
143.872: [GC [PSYoungGen: 665664K->704K(666112K)] 920497K->255537K(1223680K), 0.0017130 secs] [Times: user=0.01 sys=0.00, real=0.00 secs] 
143.874: Total time for which application threads were stopped: 0.0018280 seconds, Stopping threads took: 0.0000500 seconds
144.049: Application time: 0.1750970 seconds
144.049: [GC [PSYoungGen: 665792K->368K(666112K)] 920625K->255201K(1223680K), 0.0016610 secs] [Times: user=0.01 sys=0.00, real=0.00 secs] 
144.051: Total time for which application threads were stopped: 0.0018220 seconds, Stopping threads took: 0.0000860 seconds
144.288: Application time: 0.2369150 seconds
144.288: [GC [PSYoungGen: 665456K->688K(666112K)] 920289K->255521K(1223680K), 0.0017300 secs] [Times: user=0.01 sys=0.00, real=0.00 secs] 
144.290: Total time for which application threads were stopped: 0.0018640 seconds, Stopping threads took: 0.0000720 seconds
144.441: Application time: 0.1513690 seconds
144.441: [GC [PSYoungGen: 665776K->720K(666112K)] 920609K->255561K(1223680K), 0.0014470 secs] [Times: user=0.01 sys=0.00, real=0.00 secs] 
144.442: Total time for which application threads were stopped: 0.0015510 seconds, Stopping threads took: 0.0000410 seconds
144.701: Application time: 0.2587080 seconds
144.701: [GC [PSYoungGen: 665808K->784K(666112K)] 920649K->255625K(1223680K), 0.0015090 secs] [Times: user=0.01 sys=0.00, real=0.00 secs] 
144.703: Total time for which application threads were stopped: 0.0017980 seconds, Stopping threads took: 0.0000800 seconds
144.856: Application time: 0.1533220 seconds
144.856: [GC [PSYoungGen: 665872K->688K(666112K)] 920713K->255529K(1223680K), 0.0016560 secs] [Times: user=0.01 sys=0.00, real=0.00 secs] 
144.858: Total time for which application threads were stopped: 0.0017990 seconds, Stopping threads took: 0.0000800 seconds
145.008: Application time: 0.1503110 seconds
145.009: [GC [PSYoungGen: 665776K->704K(666112K)] 920617K->255545K(1223680K), 0.0017520 secs] [Times: user=0.01 sys=0.00, real=0.00 secs] 
145.010: Total time for which application threads were stopped: 0.0018660 seconds, Stopping threads took: 0.0000510 seconds
145.270: Application time: 0.2600700 seconds
145.271: [GC [PSYoungGen: 665792K->784K(666112K)] 920633K->255625K(1223680K), 0.0016670 secs] [Times: user=0.01 sys=0.00, real=0.00 secs] 
145.272: Total time for which application threads were stopped: 0.0018180 seconds, Stopping threads took: 0.0000720 seconds
145.423: Application time: 0.1506550 seconds
145.423: [GC [PSYoungGen: 665872K->816K(666112K)] 920713K->255657K(1223680K), 0.0016290 secs] [Times: user=0.01 sys=0.00, real=0.01 secs] 
145.425: Total time for which application threads were stopped: 0.0017640 seconds, Stopping threads took: 0.0000730 seconds
145.594: Application time: 0.1693980 seconds
145.594: [GC [PSYoungGen: 665904K->480K(666112K)] 920745K->255321K(1223680K), 0.0016570 secs] [Times: user=0.01 sys=0.00, real=0.01 secs] 
145.596: Total time for which application threads were stopped: 0.0017850 seconds, Stopping threads took: 0.0000640 seconds
145.838: Application time: 0.2426350 seconds
145.839: [GC [PSYoungGen: 665568K->768K(666112K)] 920409K->255609K(1223680K), 0.0016720 secs] [Times: user=0.01 sys=0.00, real=0.00 secs] 
145.840: Total time for which application threads were stopped: 0.0018100 seconds, Stopping threads took: 0.0000620 seconds
145.991: Application time: 0.1506700 seconds
145.991: [GC [PSYoungGen: 665856K->752K(666112K)] 920697K->255601K(1223680K), 0.0016570 secs] [Times: user=0.01 sys=0.00, real=0.00 secs] 
145.993: Total time for which application threads were stopped: 0.0017960 seconds, Stopping threads took: 0.0000740 seconds
146.250: Application time: 0.2574310 seconds
146.250: [GC [PSYoungGen: 665840K->752K(666112K)] 920689K->255601K(1223680K), 0.0016730 secs] [Times: user=0.01 sys=0.00, real=0.00 secs] 
146.252: Total time for which application threads were stopped: 0.0018190 seconds, Stopping threads took: 0.0000780 seconds
146.406: Application time: 0.1543500 seconds
146.406: [GC [PSYoungGen: 665840K->720K(666112K)] 920689K->255569K(1223680K), 0.0016810 secs] [Times: user=0.01 sys=0.00, real=0.00 secs] 
146.408: Total time for which application threads were stopped: 0.0018270 seconds, Stopping threads took: 0.0000690 seconds
146.559: Application time: 0.1509770 seconds
146.559: [GC [PSYoungGen: 665808K->704K(666112K)] 920657K->255553K(1223680K), 0.0016380 secs] [Times: user=0.01 sys=0.00, real=0.00 secs] 
146.561: Total time for which application threads were stopped: 0.0017580 seconds, Stopping threads took: 0.0000550 seconds
146.822: Application time: 0.2606190 seconds
146.822: [GC [PSYoungGen: 665792K->768K(666112K)] 920641K->255617K(1223680K), 0.0016500 secs] [Times: user=0.01 sys=0.00, real=0.00 secs] 
146.823: Total time for which application threads were stopped: 0.0017820 seconds, Stopping threads took: 0.0000580 seconds
146.974: Application time: 0.1508440 seconds
146.974: [GC [PSYoungGen: 665856K->752K(666112K)] 920705K->255601K(1223680K), 0.0016650 secs] [Times: user=0.01 sys=0.01, real=0.01 secs] 
146.976: Total time for which application threads were stopped: 0.0018260 seconds, Stopping threads took: 0.0000860 seconds
147.141: Application time: 0.1654060 seconds
147.142: [GC [PSYoungGen: 665840K->448K(666112K)] 920689K->255297K(1223680K), 0.0016750 secs] [Times: user=0.02 sys=0.00, real=0.00 secs] 
147.143: Total time for which application threads were stopped: 0.0018600 seconds, Stopping threads took: 0.0001200 seconds
147.389: Application time: 0.2458990 seconds
147.389: [GC [PSYoungGen: 665536K->720K(666112K)] 920385K->255569K(1223680K), 0.0016580 secs] [Times: user=0.01 sys=0.00, real=0.00 secs] 
147.391: Total time for which application threads were stopped: 0.0017730 seconds, Stopping threads took: 0.0000510 seconds
147.542: Application time: 0.1512220 seconds
147.542: [GC [PSYoungGen: 665808K->672K(666112K)] 920657K->255529K(1223680K), 0.0014680 secs] [Times: user=0.01 sys=0.00, real=0.01 secs] 
147.544: Total time for which application threads were stopped: 0.0016200 seconds, Stopping threads took: 0.0000790 seconds
147.804: Application time: 0.2599670 seconds
147.804: [GC [PSYoungGen: 665760K->640K(666112K)] 920617K->255497K(1223680K), 0.0016550 secs] [Times: user=0.01 sys=0.00, real=0.00 secs] 
147.806: Total time for which application threads were stopped: 0.0018100 seconds, Stopping threads took: 0.0000920 seconds
147.961: Application time: 0.1552600 seconds
147.961: [GC [PSYoungGen: 665728K->704K(666112K)] 920585K->255561K(1223680K), 0.0016390 secs] [Times: user=0.01 sys=0.00, real=0.00 secs] 
147.963: Total time for which application threads were stopped: 0.0017760 seconds, Stopping threads took: 0.0000750 seconds
148.114: Application time: 0.1512350 seconds
148.114: [GC [PSYoungGen: 665792K->720K(666112K)] 920649K->255577K(1223680K), 0.0016870 secs] [Times: user=0.01 sys=0.00, real=0.01 secs] 
148.116: Total time for which application threads were stopped: 0.0018490 seconds, Stopping threads took: 0.0000910 seconds
148.377: Application time: 0.2609510 seconds
148.377: [GC [PSYoungGen: 665808K->672K(666112K)] 920665K->255529K(1223680K), 0.0016620 secs] [Times: user=0.01 sys=0.00, real=0.00 secs] 
148.378: Total time for which application threads were stopped: 0.0017830 seconds, Stopping threads took: 0.0000530 seconds
148.530: Application time: 0.1511600 seconds
148.530: [GC [PSYoungGen: 665760K->848K(666112K)] 920617K->255705K(1223680K), 0.0016320 secs] [Times: user=0.01 sys=0.00, real=0.00 secs] 
148.531: Total time for which application threads were stopped: 0.0017790 seconds, Stopping threads took: 0.0000850 seconds
148.693: Application time: 0.1614050 seconds
148.693: [GC [PSYoungGen: 665936K->448K(666112K)] 920793K->255305K(1223680K), 0.0016420 secs] [Times: user=0.01 sys=0.00, real=0.00 secs] 
148.695: Total time for which application threads were stopped: 0.0017980 seconds, Stopping threads took: 0.0000830 seconds
148.946: Application time: 0.2509590 seconds
148.946: [GC [PSYoungGen: 665536K->656K(666112K)] 920393K->255513K(1223680K), 0.0016390 secs] [Times: user=0.02 sys=0.00, real=0.00 secs] 
148.947: Total time for which application threads were stopped: 0.0017540 seconds, Stopping threads took: 0.0000540 seconds
149.098: Application time: 0.1508720 seconds
149.098: [GC [PSYoungGen: 665744K->752K(666112K)] 920601K->255617K(1223680K), 0.0014500 secs] [Times: user=0.01 sys=0.00, real=0.00 secs] 
149.100: Total time for which application threads were stopped: 0.0015870 seconds, Stopping threads took: 0.0000730 seconds
149.355: Application time: 0.2549090 seconds
149.355: [GC [PSYoungGen: 665840K->576K(666112K)] 920705K->255441K(1223680K), 0.0016820 secs] [Times: user=0.01 sys=0.00, real=0.01 secs] 
149.357: Total time for which application threads were stopped: 0.0018420 seconds, Stopping threads took: 0.0000890 seconds
149.513: Application time: 0.1564890 seconds
149.513: [GC [PSYoungGen: 665664K->816K(666112K)] 920529K->255681K(1223680K), 0.0016380 secs] [Times: user=0.01 sys=0.00, real=0.00 secs] 
149.515: Total time for which application threads were stopped: 0.0017540 seconds, Stopping threads took: 0.0000530 seconds
149.667: Application time: 0.1519740 seconds
149.667: [GC [PSYoungGen: 665904K->752K(666112K)] 920769K->255617K(1223680K), 0.0016620 secs] [Times: user=0.01 sys=0.00, real=0.00 secs] 
149.669: Total time for which application threads were stopped: 0.0017940 seconds, Stopping threads took: 0.0000670 seconds
149.929: Application time: 0.2606100 seconds
149.929: [GC [PSYoungGen: 665840K->800K(666112K)] 920705K->255665K(1223680K), 0.0016970 secs] [Times: user=0.01 sys=0.00, real=0.00 secs] 
149.931: Total time for which application threads were stopped: 0.0018410 seconds, Stopping threads took: 0.0000690 seconds
150.082: Application time: 0.1509200 seconds
150.082: [GC [PSYoungGen: 665888K->768K(666112K)] 920753K->255633K(1223680K), 0.0016730 secs] [Times: user=0.01 sys=0.00, real=0.01 secs] 
150.084: Total time for which application threads were stopped: 0.0018090 seconds, Stopping threads took: 0.0000620 seconds
150.244: Application time: 0.1598230 seconds
150.244: [GC [PSYoungGen: 665856K->528K(666112K)] 920721K->255393K(1223680K), 0.0016140 secs] [Times: user=0.01 sys=0.00, real=0.00 secs] 
150.245: Total time for which application threads were stopped: 0.0017530 seconds, Stopping threads took: 0.0000770 seconds
150.497: Application time: 0.2517020 seconds
150.497: [GC [PSYoungGen: 665616K->704K(666112K)] 920481K->255569K(1223680K), 0.0016790 secs] [Times: user=0.02 sys=0.00, real=0.00 secs] 
150.499: Total time for which application threads were stopped: 0.0018100 seconds, Stopping threads took: 0.0000600 seconds
150.650: Application time: 0.1513190 seconds
150.650: [GC [PSYoungGen: 665792K->768K(666112K)] 920657K->255641K(1223680K), 0.0016570 secs] [Times: user=0.01 sys=0.00, real=0.00 secs] 
150.652: Total time for which application threads were stopped: 0.0017950 seconds, Stopping threads took: 0.0000750 seconds
150.906: Application time: 0.2537570 seconds
150.906: [GC [PSYoungGen: 665856K->592K(666112K)] 920729K->255465K(1223680K), 0.0017330 secs] [Times: user=0.01 sys=0.00, real=0.00 secs] 
150.908: Total time for which application threads were stopped: 0.0018720 seconds, Stopping threads took: 0.0000780 seconds
151.066: Application time: 0.1580220 seconds
151.066: [GC [PSYoungGen: 665680K->624K(666112K)] 920553K->255497K(1223680K), 0.0016500 secs] [Times: user=0.01 sys=0.00, real=0.00 secs] 
151.067: Total time for which application threads were stopped: 0.0018030 seconds, Stopping threads took: 0.0000790 seconds
151.219: Application time: 0.1511790 seconds
151.219: [GC [PSYoungGen: 665712K->880K(666112K)] 920585K->255753K(1223680K), 0.0016630 secs] [Times: user=0.01 sys=0.00, real=0.00 secs] 
151.220: Total time for which application threads were stopped: 0.0018030 seconds, Stopping threads took: 0.0000770 seconds
151.481: Application time: 0.2601740 seconds
151.481: [GC [PSYoungGen: 665968K->720K(666112K)] 920841K->255593K(1223680K), 0.0016620 secs] [Times: user=0.01 sys=0.00, real=0.00 secs] 
151.482: Total time for which application threads were stopped: 0.0018300 seconds, Stopping threads took: 0.0000970 seconds
151.633: Application time: 0.1505130 seconds
151.633: [GC [PSYoungGen: 665808K->608K(666112K)] 920681K->255481K(1223680K), 0.0016670 secs] [Times: user=0.01 sys=0.00, real=0.00 secs] 
151.635: Total time for which application threads were stopped: 0.0018020 seconds, Stopping threads took: 0.0000630 seconds
151.793: Application time: 0.1584840 seconds
151.793: [GC [PSYoungGen: 665696K->544K(666112K)] 920569K->255417K(1223680K), 0.0016770 secs] [Times: user=0.01 sys=0.00, real=0.00 secs] 
151.795: Total time for which application threads were stopped: 0.0018280 seconds, Stopping threads took: 0.0000900 seconds
152.049: Application time: 0.2534960 seconds
152.049: [GC [PSYoungGen: 665632K->736K(666112K)] 920505K->255609K(1223680K), 0.0016530 secs] [Times: user=0.01 sys=0.00, real=0.00 secs] 
152.050: Total time for which application threads were stopped: 0.0017600 seconds, Stopping threads took: 0.0000440 seconds
152.201: Application time: 0.1507650 seconds
152.201: [GC [PSYoungGen: 665824K->704K(666112K)] 920697K->255585K(1223680K), 0.0016280 secs] [Times: user=0.02 sys=0.00, real=0.00 secs] 
152.203: Total time for which application threads were stopped: 0.0017740 seconds, Stopping threads took: 0.0000740 seconds
152.455: Application time: 0.2522410 seconds
152.455: [GC [PSYoungGen: 665792K->544K(666112K)] 920673K->255425K(1223680K), 0.0017150 secs] [Times: user=0.01 sys=0.00, real=0.01 secs] 
152.457: Total time for which application threads were stopped: 0.0018790 seconds, Stopping threads took: 0.0000930 seconds
152.618: Application time: 0.1609060 seconds
152.618: [GC [PSYoungGen: 665632K->784K(666112K)] 920513K->255665K(1223680K), 0.0016450 secs] [Times: user=0.01 sys=0.00, real=0.00 secs] 
152.620: Total time for which application threads were stopped: 0.0018000 seconds, Stopping threads took: 0.0000910 seconds
152.771: Application time: 0.1517540 seconds
152.772: [GC [PSYoungGen: 665872K->704K(666112K)] 920753K->255585K(1223680K), 0.0016500 secs] [Times: user=0.01 sys=0.00, real=0.00 secs] 
152.773: Total time for which application threads were stopped: 0.0018230 seconds, Stopping threads took: 0.0000980 seconds
153.034: Application time: 0.2610100 seconds
153.034: [GC [PSYoungGen: 665792K->624K(666112K)] 920673K->255505K(1223680K), 0.0017560 secs] [Times: user=0.01 sys=0.00, real=0.01 secs] 
153.036: Total time for which application threads were stopped: 0.0018730 seconds, Stopping threads took: 0.0000530 seconds
153.187: Application time: 0.1513280 seconds
153.188: [GC [PSYoungGen: 665712K->784K(666112K)] 920593K->255665K(1223680K), 0.0016460 secs] [Times: user=0.01 sys=0.00, real=0.00 secs] 
153.189: Total time for which application threads were stopped: 0.0017780 seconds, Stopping threads took: 0.0000680 seconds
153.347: Application time: 0.1572370 seconds
153.347: [GC [PSYoungGen: 665872K->544K(666112K)] 920753K->255425K(1223680K), 0.0015880 secs] [Times: user=0.01 sys=0.00, real=0.00 secs] 
153.348: Total time for which application threads were stopped: 0.0017390 seconds, Stopping threads took: 0.0000780 seconds
153.602: Application time: 0.2540310 seconds
153.602: [GC [PSYoungGen: 665632K->752K(666112K)] 920513K->255633K(1223680K), 0.0016380 secs] [Times: user=0.01 sys=0.00, real=0.01 secs] 
153.604: Total time for which application threads were stopped: 0.0017560 seconds, Stopping threads took: 0.0000540 seconds
153.756: Application time: 0.1521630 seconds
153.756: [GC [PSYoungGen: 665840K->672K(666112K)] 920721K->255561K(1223680K), 0.0016550 secs] [Times: user=0.01 sys=0.00, real=0.00 secs] 
153.758: Total time for which application threads were stopped: 0.0018070 seconds, Stopping threads took: 0.0000840 seconds
154.009: Application time: 0.2513700 seconds
154.010: [GC [PSYoungGen: 665760K->480K(666112K)] 920649K->255369K(1223680K), 0.0016600 secs] [Times: user=0.02 sys=0.00, real=0.00 secs] 
154.011: Total time for which application threads were stopped: 0.0018260 seconds, Stopping threads took: 0.0000880 seconds
154.171: Application time: 0.1602190 seconds
154.172: [GC [PSYoungGen: 665568K->720K(666112K)] 920457K->255609K(1223680K), 0.0016610 secs] [Times: user=0.01 sys=0.01, real=0.00 secs] 
154.173: Total time for which application threads were stopped: 0.0017950 seconds, Stopping threads took: 0.0000640 seconds
154.324: Application time: 0.1505660 seconds
154.324: [GC [PSYoungGen: 665808K->784K(666112K)] 920697K->255673K(1223680K), 0.0016440 secs] [Times: user=0.02 sys=0.00, real=0.00 secs] 
154.326: Total time for which application threads were stopped: 0.0017830 seconds, Stopping threads took: 0.0000770 seconds
154.585: Application time: 0.2596300 seconds
154.585: [GC [PSYoungGen: 665872K->640K(666112K)] 920761K->255529K(1223680K), 0.0014460 secs] [Times: user=0.01 sys=0.00, real=0.00 secs] 
154.587: Total time for which application threads were stopped: 0.0016150 seconds, Stopping threads took: 0.0000880 seconds
154.738: Application time: 0.1514370 seconds
154.738: [GC [PSYoungGen: 665728K->720K(666112K)] 920617K->255609K(1223680K), 0.0017400 secs] [Times: user=0.01 sys=0.00, real=0.00 secs] 
154.740: Total time for which application threads were stopped: 0.0018830 seconds, Stopping threads took: 0.0000800 seconds
154.898: Application time: 0.1581030 seconds
154.898: [GC [PSYoungGen: 665808K->656K(666112K)] 920697K->255545K(1223680K), 0.0016720 secs] [Times: user=0.01 sys=0.00, real=0.00 secs] 
154.900: Total time for which application threads were stopped: 0.0018090 seconds, Stopping threads took: 0.0000740 seconds
155.154: Application time: 0.2538600 seconds
155.154: [GC [PSYoungGen: 665744K->624K(666112K)] 920633K->255513K(1223680K), 0.0014510 secs] [Times: user=0.00 sys=0.01, real=0.01 secs] 
155.156: Total time for which application threads were stopped: 0.0018230 seconds, Stopping threads took: 0.0000570 seconds
155.306: Application time: 0.1505770 seconds
155.306: [GC [PSYoungGen: 665712K->800K(666112K)] 920601K->255697K(1223680K), 0.0014900 secs] [Times: user=0.01 sys=0.00, real=0.00 secs] 
155.308: Total time for which application threads were stopped: 0.0016090 seconds, Stopping threads took: 0.0000500 seconds
155.558: Application time: 0.2498570 seconds
155.558: [GC [PSYoungGen: 665888K->448K(666112K)] 920785K->255345K(1223680K), 0.0014780 secs] [Times: user=0.00 sys=0.00, real=0.00 secs] 
155.559: Total time for which application threads were stopped: 0.0016100 seconds, Stopping threads took: 0.0000710 seconds
155.721: Application time: 0.1612410 seconds
155.721: [GC [PSYoungGen: 665536K->752K(666112K)] 920433K->255649K(1223680K), 0.0016410 secs] [Times: user=0.02 sys=0.00, real=0.00 secs] 
155.722: Total time for which application threads were stopped: 0.0017870 seconds, Stopping threads took: 0.0000720 seconds
155.874: Application time: 0.1518940 seconds
155.874: [GC [PSYoungGen: 665840K->688K(666112K)] 920737K->255585K(1223680K), 0.0016630 secs] [Times: user=0.00 sys=0.00, real=0.01 secs] 
155.876: Total time for which application threads were stopped: 0.0017870 seconds, Stopping threads took: 0.0000600 seconds
156.136: Application time: 0.2599430 seconds
156.136: [GC [PSYoungGen: 665776K->736K(666112K)] 920673K->255633K(1223680K), 0.0016450 secs] [Times: user=0.01 sys=0.00, real=0.00 secs] 
156.138: Total time for which application threads were stopped: 0.0017600 seconds, Stopping threads took: 0.0000550 seconds
156.289: Application time: 0.1506750 seconds
156.289: [GC [PSYoungGen: 665824K->832K(666112K)] 920721K->255729K(1223680K), 0.0016840 secs] [Times: user=0.01 sys=0.00, real=0.00 secs] 
156.290: Total time for which application threads were stopped: 0.0018230 seconds, Stopping threads took: 0.0000680 seconds
156.446: Application time: 0.1558180 seconds
156.446: [GC [PSYoungGen: 665920K->608K(666112K)] 920817K->255505K(1223680K), 0.0016430 secs] [Times: user=0.01 sys=0.00, real=0.00 secs] 
156.448: Total time for which application threads were stopped: 0.0018010 seconds, Stopping threads took: 0.0000960 seconds
156.702: Application time: 0.2541700 seconds
156.702: [GC [PSYoungGen: 665696K->736K(666112K)] 920593K->255633K(1223680K), 0.0016530 secs] [Times: user=0.01 sys=0.00, real=0.01 secs] 
156.704: Total time for which application threads were stopped: 0.0017890 seconds, Stopping threads took: 0.0000720 seconds
156.855: Application time: 0.1513230 seconds
156.855: [GC [PSYoungGen: 665824K->752K(666112K)] 920721K->255657K(1223680K), 0.0017490 secs] [Times: user=0.02 sys=0.00, real=0.01 secs] 
156.857: Total time for which application threads were stopped: 0.0019000 seconds, Stopping threads took: 0.0000750 seconds
157.105: Application time: 0.2481340 seconds
157.105: [GC [PSYoungGen: 665840K->512K(666112K)] 920745K->255417K(1223680K), 0.0016990 secs] [Times: user=0.01 sys=0.00, real=0.00 secs] 
157.107: Total time for which application threads were stopped: 0.0018560 seconds, Stopping threads took: 0.0000880 seconds
157.270: Application time: 0.1629170 seconds
157.270: [GC [PSYoungGen: 665600K->784K(666112K)] 920505K->255689K(1223680K), 0.0016630 secs] [Times: user=0.01 sys=0.00, real=0.00 secs] 
157.272: Total time for which application threads were stopped: 0.0018070 seconds, Stopping threads took: 0.0000820 seconds
157.423: Application time: 0.1512570 seconds
157.423: [GC [PSYoungGen: 665872K->624K(666112K)] 920777K->255529K(1223680K), 0.0017510 secs] [Times: user=0.02 sys=0.00, real=0.01 secs] 
157.425: Total time for which application threads were stopped: 0.0019110 seconds, Stopping threads took: 0.0000870 seconds
157.686: Application time: 0.2607750 seconds
157.686: [GC [PSYoungGen: 665712K->736K(666112K)] 920617K->255641K(1223680K), 0.0016810 secs] [Times: user=0.01 sys=0.00, real=0.00 secs] 
157.688: Total time for which application threads were stopped: 0.0018230 seconds, Stopping threads took: 0.0000720 seconds
157.839: Application time: 0.1512510 seconds
157.839: [GC [PSYoungGen: 665824K->672K(666112K)] 920729K->255577K(1223680K), 0.0016500 secs] [Times: user=0.01 sys=0.00, real=0.00 secs] 
157.841: Total time for which application threads were stopped: 0.0018040 seconds, Stopping threads took: 0.0000830 seconds
157.997: Application time: 0.1558070 seconds
157.997: [GC [PSYoungGen: 665760K->576K(666112K)] 920665K->255481K(1223680K), 0.0016250 secs] [Times: user=0.01 sys=0.00, real=0.00 secs] 
157.998: Total time for which application threads were stopped: 0.0017700 seconds, Stopping threads took: 0.0000740 seconds
158.254: Application time: 0.2559420 seconds
158.254: [GC [PSYoungGen: 665664K->704K(666112K)] 920569K->255609K(1223680K), 0.0017420 secs] [Times: user=0.02 sys=0.00, real=0.01 secs] 
158.256: Total time for which application threads were stopped: 0.0018810 seconds, Stopping threads took: 0.0000770 seconds
158.407: Application time: 0.1509040 seconds
158.407: [GC [PSYoungGen: 665792K->848K(666112K)] 920697K->255769K(1223680K), 0.0016570 secs] [Times: user=0.01 sys=0.00, real=0.00 secs] 
158.409: Total time for which application threads were stopped: 0.0017940 seconds, Stopping threads took: 0.0000720 seconds
158.652: Application time: 0.2436270 seconds
158.653: [GC [PSYoungGen: 665936K->384K(666112K)] 920857K->255305K(1223680K), 0.0016720 secs] [Times: user=0.01 sys=0.00, real=0.00 secs] 
158.654: Total time for which application threads were stopped: 0.0018270 seconds, Stopping threads took: 0.0000770 seconds
158.823: Application time: 0.1685280 seconds
158.823: [GC [PSYoungGen: 665472K->752K(666112K)] 920393K->255673K(1223680K), 0.0015820 secs] [Times: user=0.01 sys=0.00, real=0.01 secs] 
158.825: Total time for which application threads were stopped: 0.0017110 seconds, Stopping threads took: 0.0000660 seconds
158.976: Application time: 0.1512480 seconds
158.976: [GC [PSYoungGen: 665840K->784K(666112K)] 920761K->255705K(1223680K), 0.0016290 secs] [Times: user=0.00 sys=0.00, real=0.00 secs] 
158.978: Total time for which application threads were stopped: 0.0017570 seconds, Stopping threads took: 0.0000670 seconds
159.239: Application time: 0.2610140 seconds
159.239: [GC [PSYoungGen: 665872K->768K(666112K)] 920793K->255689K(1223680K), 0.0016780 secs] [Times: user=0.01 sys=0.00, real=0.00 secs] 
159.240: Total time for which application threads were stopped: 0.0018340 seconds, Stopping threads took: 0.0000780 seconds
159.392: Application time: 0.1511460 seconds
159.392: [GC [PSYoungGen: 665856K->704K(666112K)] 920777K->255625K(1223680K), 0.0016580 secs] [Times: user=0.01 sys=0.00, real=0.00 secs] 
159.393: Total time for which application threads were stopped: 0.0017880 seconds, Stopping threads took: 0.0000650 seconds
159.550: Application time: 0.1565810 seconds
159.550: [GC [PSYoungGen: 665792K->560K(666112K)] 920713K->255481K(1223680K), 0.0016880 secs] [Times: user=0.01 sys=0.01, real=0.00 secs] 
159.552: Total time for which application threads were stopped: 0.0018380 seconds, Stopping threads took: 0.0000850 seconds
159.808: Application time: 0.2561570 seconds
159.808: [GC [PSYoungGen: 665648K->880K(666112K)] 920569K->255801K(1223680K), 0.0015800 secs] [Times: user=0.01 sys=0.00, real=0.00 secs] 
159.810: Total time for which application threads were stopped: 0.0017400 seconds, Stopping threads took: 0.0000820 seconds
159.962: Application time: 0.1519480 seconds
159.962: [GC [PSYoungGen: 665968K->832K(666112K)] 920889K->255761K(1223680K), 0.0016770 secs] [Times: user=0.01 sys=0.00, real=0.00 secs] 
159.963: Total time for which application threads were stopped: 0.0018210 seconds, Stopping threads took: 0.0000810 seconds
160.208: Application time: 0.2450120 seconds
160.209: [GC [PSYoungGen: 665920K->448K(665088K)] 920849K->255377K(1222656K), 0.0016530 secs] [Times: user=0.01 sys=0.00, real=0.00 secs] 
160.210: Total time for which application threads were stopped: 0.0018120 seconds, Stopping threads took: 0.0000930 seconds
160.377: Application time: 0.1662920 seconds
160.377: [GC [PSYoungGen: 664512K->768K(665600K)] 919441K->255697K(1223168K), 0.0016720 secs] [Times: user=0.01 sys=0.00, real=0.00 secs] 
160.378: Total time for which application threads were stopped: 0.0018340 seconds, Stopping threads took: 0.0000790 seconds
160.529: Application time: 0.1505980 seconds
160.529: [GC [PSYoungGen: 664832K->656K(665088K)] 919761K->255585K(1222656K), 0.0016660 secs] [Times: user=0.01 sys=0.00, real=0.00 secs] 
160.531: Total time for which application threads were stopped: 0.0018010 seconds, Stopping threads took: 0.0000730 seconds
160.791: Application time: 0.2599790 seconds
160.791: [GC [PSYoungGen: 664720K->752K(665600K)] 919649K->255681K(1223168K), 0.0017740 secs] [Times: user=0.02 sys=0.00, real=0.00 secs] 
160.793: Total time for which application threads were stopped: 0.0018950 seconds, Stopping threads took: 0.0000560 seconds
160.944: Application time: 0.1514440 seconds
160.944: [GC [PSYoungGen: 665328K->736K(666112K)] 920257K->255665K(1223680K), 0.0016450 secs] [Times: user=0.01 sys=0.00, real=0.00 secs] 
160.946: Total time for which application threads were stopped: 0.0017680 seconds, Stopping threads took: 0.0000470 seconds
161.103: Application time: 0.1566110 seconds
161.103: [GC [PSYoungGen: 665824K->624K(666112K)] 920753K->255553K(1223680K), 0.0016550 secs] [Times: user=0.01 sys=0.00, real=0.01 secs] 
161.104: Total time for which application threads were stopped: 0.0018030 seconds, Stopping threads took: 0.0000840 seconds
161.359: Application time: 0.2543020 seconds
161.359: [GC [PSYoungGen: 665712K->672K(666112K)] 920641K->255601K(1223680K), 0.0016570 secs] [Times: user=0.01 sys=0.00, real=0.00 secs] 
161.360: Total time for which application threads were stopped: 0.0017800 seconds, Stopping threads took: 0.0000560 seconds
161.511: Application time: 0.1510380 seconds
161.512: [GC [PSYoungGen: 665760K->768K(666112K)] 920689K->255705K(1223680K), 0.0016540 secs] [Times: user=0.01 sys=0.00, real=0.00 secs] 
161.513: Total time for which application threads were stopped: 0.0017940 seconds, Stopping threads took: 0.0000650 seconds
161.753: Application time: 0.2394170 seconds
161.754: [GC [PSYoungGen: 665856K->432K(666112K)] 920793K->255369K(1223680K), 0.0016100 secs] [Times: user=0.01 sys=0.00, real=0.00 secs] 
161.755: Total time for which application threads were stopped: 0.0026960 seconds, Stopping threads took: 0.0010180 seconds
161.928: Application time: 0.1726450 seconds
161.928: [GC [PSYoungGen: 665520K->656K(666112K)] 920457K->255593K(1223680K), 0.0016610 secs] [Times: user=0.01 sys=0.00, real=0.00 secs] 
161.930: Total time for which application threads were stopped: 0.0017720 seconds, Stopping threads took: 0.0000480 seconds
162.081: Application time: 0.1515360 seconds
162.081: [GC [PSYoungGen: 665744K->656K(666112K)] 920681K->255593K(1223680K), 0.0016600 secs] [Times: user=0.01 sys=0.00, real=0.00 secs] 
162.083: Total time for which application threads were stopped: 0.0017950 seconds, Stopping threads took: 0.0000620 seconds
162.343: Application time: 0.2600580 seconds
162.343: [GC [PSYoungGen: 665744K->672K(666112K)] 920681K->255609K(1223680K), 0.0016740 secs] [Times: user=0.01 sys=0.00, real=0.01 secs] 
162.345: Total time for which application threads were stopped: 0.0018110 seconds, Stopping threads took: 0.0000690 seconds
162.497: Application time: 0.1516010 seconds
162.497: [GC [PSYoungGen: 665760K->688K(666112K)] 920697K->255625K(1223680K), 0.0017450 secs] [Times: user=0.01 sys=0.00, real=0.00 secs] 
162.499: Total time for which application threads were stopped: 0.0018720 seconds, Stopping threads took: 0.0000660 seconds
162.657: Application time: 0.1582290 seconds
162.657: [GC [PSYoungGen: 665776K->640K(666112K)] 920713K->255577K(1223680K), 0.0016080 secs] [Times: user=0.01 sys=0.00, real=0.00 secs] 
162.658: Total time for which application threads were stopped: 0.0017390 seconds, Stopping threads took: 0.0000580 seconds
162.913: Application time: 0.2540840 seconds
162.913: [GC [PSYoungGen: 665728K->752K(666112K)] 920665K->255689K(1223680K), 0.0016690 secs] [Times: user=0.01 sys=0.00, real=0.00 secs] 
162.914: Total time for which application threads were stopped: 0.0017900 seconds, Stopping threads took: 0.0000550 seconds
163.066: Application time: 0.1517660 seconds
163.066: [GC [PSYoungGen: 665840K->608K(666112K)] 920777K->255553K(1223680K), 0.0016430 secs] [Times: user=0.01 sys=0.00, real=0.00 secs] 
163.068: Total time for which application threads were stopped: 0.0017850 seconds, Stopping threads took: 0.0000780 seconds
163.308: Application time: 0.2400320 seconds
163.308: [GC [PSYoungGen: 665696K->384K(666112K)] 920641K->255329K(1223680K), 0.0016580 secs] [Times: user=0.01 sys=0.00, real=0.00 secs] 
163.310: Total time for which application threads were stopped: 0.0018330 seconds, Stopping threads took: 0.0000930 seconds
163.483: Application time: 0.1727820 seconds
163.483: [GC [PSYoungGen: 665472K->672K(666112K)] 920417K->255617K(1223680K), 0.0016370 secs] [Times: user=0.01 sys=0.00, real=0.01 secs] 
163.484: Total time for which application threads were stopped: 0.0017780 seconds, Stopping threads took: 0.0000770 seconds
163.635: Application time: 0.1511200 seconds
163.636: [GC [PSYoungGen: 665760K->720K(666112K)] 920705K->255665K(1223680K), 0.0016240 secs] [Times: user=0.01 sys=0.00, real=0.00 secs] 
163.637: Total time for which application threads were stopped: 0.0018030 seconds, Stopping threads took: 0.0001170 seconds
163.898: Application time: 0.2603480 seconds
163.898: [GC [PSYoungGen: 665808K->720K(666112K)] 920753K->255665K(1223680K), 0.0016440 secs] [Times: user=0.02 sys=0.00, real=0.00 secs] 
163.899: Total time for which application threads were stopped: 0.0017890 seconds, Stopping threads took: 0.0000720 seconds
164.051: Application time: 0.1518360 seconds
164.051: [GC [PSYoungGen: 665808K->640K(666112K)] 920753K->255585K(1223680K), 0.0016360 secs] [Times: user=0.01 sys=0.00, real=0.00 secs] 
164.053: Total time for which application threads were stopped: 0.0017510 seconds, Stopping threads took: 0.0000490 seconds
164.211: Application time: 0.1583730 seconds
164.212: [GC [PSYoungGen: 665728K->592K(666112K)] 920673K->255537K(1223680K), 0.0016610 secs] [Times: user=0.01 sys=0.00, real=0.00 secs] 
164.213: Total time for which application threads were stopped: 0.0018210 seconds, Stopping threads took: 0.0000940 seconds
164.468: Application time: 0.2545960 seconds
164.468: [GC [PSYoungGen: 665680K->784K(666112K)] 920625K->255729K(1223680K), 0.0016650 secs] [Times: user=0.01 sys=0.00, real=0.00 secs] 
164.470: Total time for which application threads were stopped: 0.0018060 seconds, Stopping threads took: 0.0000640 seconds
164.621: Application time: 0.1513090 seconds
164.621: [GC [PSYoungGen: 665872K->736K(666112K)] 920817K->255689K(1223680K), 0.0017330 secs] [Times: user=0.01 sys=0.00, real=0.00 secs] 
164.623: Total time for which application threads were stopped: 0.0018390 seconds, Stopping threads took: 0.0000410 seconds
164.863: Application time: 0.2398720 seconds
164.863: [GC [PSYoungGen: 665824K->416K(666112K)] 920777K->255369K(1223680K), 0.0016790 secs] [Times: user=0.01 sys=0.00, real=0.01 secs] 
164.864: Total time for which application threads were stopped: 0.0018480 seconds, Stopping threads took: 0.0001040 seconds
165.038: Application time: 0.1732930 seconds
165.038: [GC [PSYoungGen: 665504K->688K(666112K)] 920457K->255641K(1223680K), 0.0017620 secs] [Times: user=0.01 sys=0.00, real=0.00 secs] 
165.040: Total time for which application threads were stopped: 0.0019010 seconds, Stopping threads took: 0.0000630 seconds
165.191: Application time: 0.1513190 seconds
165.191: [GC [PSYoungGen: 665776K->672K(666112K)] 920729K->255625K(1223680K), 0.0016550 secs] [Times: user=0.01 sys=0.00, real=0.00 secs] 
165.193: Total time for which application threads were stopped: 0.0017970 seconds, Stopping threads took: 0.0000740 seconds
165.452: Application time: 0.2591130 seconds
165.452: [GC [PSYoungGen: 665760K->672K(666112K)] 920713K->255625K(1223680K), 0.0016780 secs] [Times: user=0.01 sys=0.00, real=0.00 secs] 
165.454: Total time for which application threads were stopped: 0.0017980 seconds, Stopping threads took: 0.0000580 seconds
165.606: Application time: 0.1522810 seconds
165.606: [GC [PSYoungGen: 665760K->720K(666112K)] 920713K->255673K(1223680K), 0.0016550 secs] [Times: user=0.01 sys=0.00, real=0.00 secs] 
165.608: Total time for which application threads were stopped: 0.0017920 seconds, Stopping threads took: 0.0000630 seconds
165.767: Application time: 0.1588240 seconds
165.767: [GC [PSYoungGen: 665808K->608K(666112K)] 920761K->255561K(1223680K), 0.0017540 secs] [Times: user=0.01 sys=0.00, real=0.00 secs] 
165.769: Total time for which application threads were stopped: 0.0019030 seconds, Stopping threads took: 0.0000860 seconds
166.021: Application time: 0.2522080 seconds
166.021: [GC [PSYoungGen: 665696K->736K(666112K)] 920649K->255689K(1223680K), 0.0016430 secs] [Times: user=0.01 sys=0.00, real=0.00 secs] 
166.023: Total time for which application threads were stopped: 0.0017700 seconds, Stopping threads took: 0.0000670 seconds
166.174: Application time: 0.1510150 seconds
166.174: [GC [PSYoungGen: 665824K->608K(666112K)] 920777K->255569K(1223680K), 0.0016470 secs] [Times: user=0.01 sys=0.00, real=0.00 secs] 
166.175: Total time for which application threads were stopped: 0.0017830 seconds, Stopping threads took: 0.0000600 seconds
166.408: Application time: 0.2330350 seconds
166.408: [GC [PSYoungGen: 665696K->384K(666112K)] 920657K->255345K(1223680K), 0.0016810 secs] [Times: user=0.01 sys=0.00, real=0.00 secs] 
166.410: Total time for which application threads were stopped: 0.0018390 seconds, Stopping threads took: 0.0000860 seconds
166.588: Application time: 0.1782370 seconds
166.589: [GC [PSYoungGen: 665472K->720K(666112K)] 920433K->255681K(1223680K), 0.0016470 secs] [Times: user=0.01 sys=0.00, real=0.00 secs] 
166.590: Total time for which application threads were stopped: 0.0017740 seconds, Stopping threads took: 0.0000640 seconds
166.742: Application time: 0.1514330 seconds
166.742: [GC [PSYoungGen: 665808K->688K(666112K)] 920769K->255649K(1223680K), 0.0016550 secs] [Times: user=0.01 sys=0.00, real=0.00 secs] 
166.743: Total time for which application threads were stopped: 0.0018170 seconds, Stopping threads took: 0.0000870 seconds
167.002: Application time: 0.2581660 seconds
167.002: [GC [PSYoungGen: 665776K->672K(666112K)] 920737K->255633K(1223680K), 0.0016490 secs] [Times: user=0.01 sys=0.00, real=0.00 secs] 
167.003: Total time for which application threads were stopped: 0.0018040 seconds, Stopping threads took: 0.0000900 seconds
167.158: Application time: 0.1547210 seconds
167.158: [GC [PSYoungGen: 665760K->608K(666112K)] 920721K->255569K(1223680K), 0.0016460 secs] [Times: user=0.01 sys=0.00, real=0.00 secs] 
167.160: Total time for which application threads were stopped: 0.0017710 seconds, Stopping threads took: 0.0000630 seconds
167.319: Application time: 0.1586340 seconds
167.319: [GC [PSYoungGen: 665696K->576K(666112K)] 920657K->255537K(1223680K), 0.0016900 secs] [Times: user=0.01 sys=0.00, real=0.00 secs] 
167.320: Total time for which application threads were stopped: 0.0018810 seconds, Stopping threads took: 0.0001180 seconds
167.573: Application time: 0.2521950 seconds
167.573: [GC [PSYoungGen: 665664K->720K(666112K)] 920625K->255681K(1223680K), 0.0016970 secs] [Times: user=0.01 sys=0.00, real=0.00 secs] 
167.574: Total time for which application threads were stopped: 0.0018290 seconds, Stopping threads took: 0.0000580 seconds
167.725: Application time: 0.1510090 seconds
167.726: [GC [PSYoungGen: 665808K->784K(666112K)] 920769K->255753K(1223680K), 0.0016350 secs] [Times: user=0.01 sys=0.00, real=0.00 secs] 
167.727: Total time for which application threads were stopped: 0.0017860 seconds, Stopping threads took: 0.0000840 seconds
167.955: Application time: 0.2272380 seconds
167.955: [GC [PSYoungGen: 665872K->384K(666112K)] 920841K->255353K(1223680K), 0.0016610 secs] [Times: user=0.01 sys=0.00, real=0.01 secs] 
167.956: Total time for which application threads were stopped: 0.0018340 seconds, Stopping threads took: 0.0000990 seconds
168.141: Application time: 0.1844710 seconds
168.141: [GC [PSYoungGen: 665472K->784K(666112K)] 920441K->255753K(1223680K), 0.0016470 secs] [Times: user=0.01 sys=0.00, real=0.00 secs] 
168.143: Total time for which application threads were stopped: 0.0017770 seconds, Stopping threads took: 0.0000570 seconds
168.293: Application time: 0.1507890 seconds
168.294: [GC [PSYoungGen: 665872K->640K(666112K)] 920841K->255609K(1223680K), 0.0016230 secs] [Times: user=0.01 sys=0.00, real=0.00 secs] 
168.295: Total time for which application threads were stopped: 0.0017590 seconds, Stopping threads took: 0.0000740 seconds
168.551: Application time: 0.2557570 seconds
168.551: [GC [PSYoungGen: 665728K->672K(666112K)] 920697K->255641K(1223680K), 0.0016850 secs] [Times: user=0.01 sys=0.00, real=0.00 secs] 
168.553: Total time for which application threads were stopped: 0.0018430 seconds, Stopping threads took: 0.0000780 seconds
168.709: Application time: 0.1559810 seconds
168.709: [GC [PSYoungGen: 665760K->720K(666112K)] 920729K->255689K(1223680K), 0.0016420 secs] [Times: user=0.01 sys=0.00, real=0.00 secs] 
168.711: Total time for which application threads were stopped: 0.0017580 seconds, Stopping threads took: 0.0000500 seconds
168.871: Application time: 0.1600460 seconds
168.871: [GC [PSYoungGen: 665808K->512K(666112K)] 920777K->255481K(1223680K), 0.0016680 secs] [Times: user=0.01 sys=0.00, real=0.00 secs] 
168.872: Total time for which application threads were stopped: 0.0018150 seconds, Stopping threads took: 0.0000850 seconds
169.125: Application time: 0.2521450 seconds
169.125: [GC [PSYoungGen: 665600K->752K(666112K)] 920569K->255721K(1223680K), 0.0015860 secs] [Times: user=0.01 sys=0.00, real=0.00 secs] 
169.126: Total time for which application threads were stopped: 0.0017460 seconds, Stopping threads took: 0.0000860 seconds
169.278: Application time: 0.1513350 seconds
169.278: [GC [PSYoungGen: 665840K->688K(666112K)] 920809K->255665K(1223680K), 0.0016610 secs] [Times: user=0.01 sys=0.00, real=0.00 secs] 
169.279: Total time for which application threads were stopped: 0.0017850 seconds, Stopping threads took: 0.0000610 seconds
169.500: Application time: 0.2208180 seconds
169.500: [GC [PSYoungGen: 665776K->400K(666112K)] 920753K->255377K(1223680K), 0.0016470 secs] [Times: user=0.02 sys=0.00, real=0.00 secs] 
169.502: Total time for which application threads were stopped: 0.0018040 seconds, Stopping threads took: 0.0000910 seconds
169.693: Application time: 0.1907150 seconds
169.693: [GC [PSYoungGen: 665488K->704K(666112K)] 920465K->255681K(1223680K), 0.0016410 secs] [Times: user=0.01 sys=0.00, real=0.00 secs] 
169.695: Total time for which application threads were stopped: 0.0017820 seconds, Stopping threads took: 0.0000630 seconds
169.847: Application time: 0.1522450 seconds
169.847: [GC [PSYoungGen: 665792K->656K(666112K)] 920769K->255633K(1223680K), 0.0016570 secs] [Times: user=0.01 sys=0.00, real=0.00 secs] 
169.849: Total time for which application threads were stopped: 0.0017730 seconds, Stopping threads took: 0.0000510 seconds
170.104: Application time: 0.2551450 seconds
170.104: [GC [PSYoungGen: 665744K->528K(666112K)] 920721K->255505K(1223680K), 0.0016630 secs] [Times: user=0.01 sys=0.00, real=0.00 secs] 
170.106: Total time for which application threads were stopped: 0.0017910 seconds, Stopping threads took: 0.0000630 seconds
170.262: Application time: 0.1561890 seconds
170.262: [GC [PSYoungGen: 665616K->736K(666112K)] 920593K->255713K(1223680K), 0.0014520 secs] [Times: user=0.01 sys=0.00, real=0.00 secs] 
170.263: Total time for which application threads were stopped: 0.0016070 seconds, Stopping threads took: 0.0000860 seconds
170.422: Application time: 0.1582620 seconds
170.422: [GC [PSYoungGen: 665824K->512K(666112K)] 920801K->255489K(1223680K), 0.0014840 secs] [Times: user=0.01 sys=0.00, real=0.00 secs] 
170.423: Total time for which application threads were stopped: 0.0016270 seconds, Stopping threads took: 0.0000800 seconds
170.677: Application time: 0.2535830 seconds
170.677: [GC [PSYoungGen: 665600K->768K(666112K)] 920577K->255745K(1223680K), 0.0016900 secs] [Times: user=0.01 sys=0.00, real=0.00 secs] 
170.679: Total time for which application threads were stopped: 0.0018440 seconds, Stopping threads took: 0.0000820 seconds
170.831: Application time: 0.1519420 seconds
170.831: [GC [PSYoungGen: 665856K->800K(666112K)] 920833K->255785K(1223680K), 0.0016550 secs] [Times: user=0.01 sys=0.00, real=0.00 secs] 
170.832: Total time for which application threads were stopped: 0.0018150 seconds, Stopping threads took: 0.0000860 seconds
171.047: Application time: 0.2146450 seconds
171.047: [GC [PSYoungGen: 665888K->400K(666112K)] 920873K->255385K(1223680K), 0.0016620 secs] [Times: user=0.01 sys=0.00, real=0.00 secs] 
171.049: Total time for which application threads were stopped: 0.0018320 seconds, Stopping threads took: 0.0001050 seconds
171.246: Application time: 0.1975540 seconds
171.247: [GC [PSYoungGen: 665488K->640K(666112K)] 920473K->255625K(1223680K), 0.0017540 secs] [Times: user=0.01 sys=0.00, real=0.00 secs] 
171.248: Total time for which application threads were stopped: 0.0018980 seconds, Stopping threads took: 0.0000790 seconds
171.398: Application time: 0.1500880 seconds
171.399: [GC [PSYoungGen: 665728K->656K(666112K)] 920713K->255641K(1223680K), 0.0016380 secs] [Times: user=0.01 sys=0.00, real=0.00 secs] 
171.400: Total time for which application threads were stopped: 0.0017790 seconds, Stopping threads took: 0.0000680 seconds
171.654: Application time: 0.2542840 seconds
171.655: [GC [PSYoungGen: 665744K->608K(666112K)] 920729K->255593K(1223680K), 0.0016570 secs] [Times: user=0.01 sys=0.00, real=0.01 secs] 
171.656: Total time for which application threads were stopped: 0.0017950 seconds, Stopping threads took: 0.0000740 seconds
171.815: Application time: 0.1583060 seconds
171.815: [GC [PSYoungGen: 665696K->752K(666112K)] 920681K->255737K(1223680K), 0.0015600 secs] [Times: user=0.01 sys=0.00, real=0.01 secs] 
171.816: Total time for which application threads were stopped: 0.0016910 seconds, Stopping threads took: 0.0000650 seconds
171.972: Application time: 0.1559300 seconds
171.972: [GC [PSYoungGen: 665840K->560K(666112K)] 920825K->255545K(1223680K), 0.0016210 secs] [Times: user=0.01 sys=0.00, real=0.00 secs] 
171.974: Total time for which application threads were stopped: 0.0017930 seconds, Stopping threads took: 0.0000920 seconds
172.231: Application time: 0.2565590 seconds
172.231: [GC [PSYoungGen: 665648K->752K(666112K)] 920633K->255737K(1223680K), 0.0016230 secs] [Times: user=0.01 sys=0.00, real=0.00 secs] 
172.232: Total time for which application threads were stopped: 0.0017400 seconds, Stopping threads took: 0.0000470 seconds
172.384: Application time: 0.1516190 seconds
172.384: [GC [PSYoungGen: 665840K->608K(666112K)] 920825K->255601K(1223680K), 0.0016280 secs] [Times: user=0.01 sys=0.00, real=0.00 secs] 
172.386: Total time for which application threads were stopped: 0.0017330 seconds, Stopping threads took: 0.0000440 seconds
172.596: Application time: 0.2104130 seconds
172.596: [GC [PSYoungGen: 665696K->384K(666112K)] 920689K->255377K(1223680K), 0.0016420 secs] [Times: user=0.01 sys=0.00, real=0.00 secs] 
172.598: Total time for which application threads were stopped: 0.0018000 seconds, Stopping threads took: 0.0000850 seconds
172.800: Application time: 0.2017180 seconds
172.800: [GC [PSYoungGen: 665472K->752K(666112K)] 920465K->255745K(1223680K), 0.0017550 secs] [Times: user=0.01 sys=0.00, real=0.00 secs] 
172.801: Total time for which application threads were stopped: 0.0018670 seconds, Stopping threads took: 0.0000470 seconds
172.953: Application time: 0.1516020 seconds
172.953: [GC [PSYoungGen: 665840K->816K(666112K)] 920833K->255809K(1223680K), 0.0016300 secs] [Times: user=0.01 sys=0.00, real=0.00 secs] 
172.955: Total time for which application threads were stopped: 0.0017840 seconds, Stopping threads took: 0.0000870 seconds
173.209: Application time: 0.2538130 seconds
173.209: [GC [PSYoungGen: 665904K->592K(666112K)] 920897K->255585K(1223680K), 0.0016510 secs] [Times: user=0.01 sys=0.00, real=0.00 secs] 
173.210: Total time for which application threads were stopped: 0.0018020 seconds, Stopping threads took: 0.0000770 seconds
173.368: Application time: 0.1573640 seconds
173.368: [GC [PSYoungGen: 665680K->800K(666112K)] 920673K->255793K(1223680K), 0.0016820 secs] [Times: user=0.01 sys=0.00, real=0.00 secs] 
173.370: Total time for which application threads were stopped: 0.0018410 seconds, Stopping threads took: 0.0000930 seconds
173.525: Application time: 0.1557880 seconds
173.526: [GC [PSYoungGen: 665888K->608K(666112K)] 920881K->255601K(1223680K), 0.0016690 secs] [Times: user=0.01 sys=0.00, real=0.00 secs] 
173.527: Total time for which application threads were stopped: 0.0018150 seconds, Stopping threads took: 0.0000840 seconds
173.784: Application time: 0.2563770 seconds
173.784: [GC [PSYoungGen: 665696K->672K(666112K)] 920689K->255665K(1223680K), 0.0016280 secs] [Times: user=0.01 sys=0.00, real=0.00 secs] 
173.785: Total time for which application threads were stopped: 0.0017830 seconds, Stopping threads took: 0.0000850 seconds
173.936: Application time: 0.1504330 seconds
173.936: [GC [PSYoungGen: 665760K->656K(666112K)] 920753K->255657K(1223680K), 0.0016570 secs] [Times: user=0.02 sys=0.00, real=0.00 secs] 
173.938: Total time for which application threads were stopped: 0.0017690 seconds, Stopping threads took: 0.0000510 seconds
174.144: Application time: 0.2066530 seconds
174.144: [GC [PSYoungGen: 665744K->384K(666112K)] 920745K->255385K(1223680K), 0.0016630 secs] [Times: user=0.02 sys=0.00, real=0.00 secs] 
174.146: Total time for which application threads were stopped: 0.0018180 seconds, Stopping threads took: 0.0000900 seconds
174.352: Application time: 0.2061730 seconds
174.352: [GC [PSYoungGen: 665472K->656K(666112K)] 920473K->255657K(1223680K), 0.0016720 secs] [Times: user=0.02 sys=0.00, real=0.00 secs] 
174.354: Total time for which application threads were stopped: 0.0018100 seconds, Stopping threads took: 0.0000670 seconds
174.505: Application time: 0.1508880 seconds
174.505: [GC [PSYoungGen: 665744K->672K(666112K)] 920745K->255673K(1223680K), 0.0016660 secs] [Times: user=0.01 sys=0.00, real=0.00 secs] 
174.507: Total time for which application threads were stopped: 0.0017760 seconds, Stopping threads took: 0.0000460 seconds
174.760: Application time: 0.2533040 seconds
174.760: [GC [PSYoungGen: 665760K->640K(666112K)] 920761K->255641K(1223680K), 0.0016480 secs] [Times: user=0.01 sys=0.00, real=0.00 secs] 
174.762: Total time for which application threads were stopped: 0.0017990 seconds, Stopping threads took: 0.0000790 seconds
174.919: Application time: 0.1575480 seconds
174.920: [GC [PSYoungGen: 665728K->800K(666112K)] 920729K->255801K(1223680K), 0.0016500 secs] [Times: user=0.01 sys=0.00, real=0.00 secs] 
174.921: Total time for which application threads were stopped: 0.0018060 seconds, Stopping threads took: 0.0000810 seconds
175.077: Application time: 0.1556080 seconds
175.077: [GC [PSYoungGen: 665888K->704K(666112K)] 920889K->255705K(1223680K), 0.0017350 secs] [Times: user=0.02 sys=0.00, real=0.00 secs] 
175.079: Total time for which application threads were stopped: 0.0018820 seconds, Stopping threads took: 0.0000840 seconds
175.336: Application time: 0.2568790 seconds
175.336: [GC [PSYoungGen: 665792K->768K(666112K)] 920793K->255769K(1223680K), 0.0016680 secs] [Times: user=0.01 sys=0.00, real=0.00 secs] 
175.337: Total time for which application threads were stopped: 0.0018080 seconds, Stopping threads took: 0.0000750 seconds
175.489: Application time: 0.1514320 seconds
175.489: [GC [PSYoungGen: 665856K->688K(666112K)] 920857K->255705K(1223680K), 0.0017300 secs] [Times: user=0.01 sys=0.00, real=0.00 secs] 
175.491: Total time for which application threads were stopped: 0.0018650 seconds, Stopping threads took: 0.0000620 seconds
175.688: Application time: 0.1975960 seconds
175.692: [GC [PSYoungGen: 665776K->416K(666112K)] 920793K->255433K(1223680K), 0.0016960 secs] [Times: user=0.01 sys=0.00, real=0.00 secs] 
175.693: Total time for which application threads were stopped: 0.0049580 seconds, Stopping threads took: 0.0031970 seconds
175.907: Application time: 0.2141200 seconds
175.908: [GC [PSYoungGen: 665504K->720K(666112K)] 920521K->255737K(1223680K), 0.0016430 secs] [Times: user=0.01 sys=0.00, real=0.00 secs] 
175.909: Total time for which application threads were stopped: 0.0017960 seconds, Stopping threads took: 0.0000800 seconds
176.059: Application time: 0.1502560 seconds
176.060: [GC [PSYoungGen: 665808K->720K(666112K)] 920825K->255737K(1223680K), 0.0016380 secs] [Times: user=0.01 sys=0.00, real=0.00 secs] 
176.061: Total time for which application threads were stopped: 0.0017800 seconds, Stopping threads took: 0.0000700 seconds
176.314: Application time: 0.2531090 seconds
176.315: [GC [PSYoungGen: 665808K->544K(666112K)] 920825K->255561K(1223680K), 0.0015140 secs] [Times: user=0.00 sys=0.00, real=0.01 secs] 
176.316: Total time for which application threads were stopped: 0.0016910 seconds, Stopping threads took: 0.0001060 seconds
176.475: Application time: 0.1593480 seconds
176.476: [GC [PSYoungGen: 665632K->720K(666112K)] 920649K->255737K(1223680K), 0.0017240 secs] [Times: user=0.01 sys=0.00, real=0.00 secs] 
176.477: Total time for which application threads were stopped: 0.0018860 seconds, Stopping threads took: 0.0000980 seconds
176.633: Application time: 0.1555870 seconds
176.633: [GC [PSYoungGen: 665808K->624K(666112K)] 920825K->255641K(1223680K), 0.0016390 secs] [Times: user=0.00 sys=0.00, real=0.00 secs] 
176.635: Total time for which application threads were stopped: 0.0017920 seconds, Stopping threads took: 0.0000800 seconds
176.892: Application time: 0.2569340 seconds
176.892: [GC [PSYoungGen: 665712K->656K(666112K)] 920729K->255673K(1223680K), 0.0016380 secs] [Times: user=0.01 sys=0.00, real=0.00 secs] 
176.893: Total time for which application threads were stopped: 0.0017540 seconds, Stopping threads took: 0.0000520 seconds
177.045: Application time: 0.1511100 seconds
177.045: [GC [PSYoungGen: 665744K->832K(666112K)] 920761K->255857K(1223680K), 0.0016190 secs] [Times: user=0.01 sys=0.00, real=0.00 secs] 
177.046: Total time for which application threads were stopped: 0.0017280 seconds, Stopping threads took: 0.0000460 seconds
177.240: Application time: 0.1942000 seconds
177.241: [GC [PSYoungGen: 665920K->400K(666112K)] 920945K->255425K(1223680K), 0.0016280 secs] [Times: user=0.01 sys=0.00, real=0.00 secs] 
177.242: Total time for which application threads were stopped: 0.0017870 seconds, Stopping threads took: 0.0000830 seconds
177.458: Application time: 0.2158130 seconds
177.458: [GC [PSYoungGen: 665488K->736K(666112K)] 920513K->255761K(1223680K), 0.0016450 secs] [Times: user=0.01 sys=0.00, real=0.00 secs] 
177.460: Total time for which application threads were stopped: 0.0018130 seconds, Stopping threads took: 0.0001040 seconds
177.611: Application time: 0.1514540 seconds
177.611: [GC [PSYoungGen: 665824K->720K(666112K)] 920849K->255745K(1223680K), 0.0016570 secs] [Times: user=0.01 sys=0.00, real=0.00 secs] 
177.613: Total time for which application threads were stopped: 0.0018000 seconds, Stopping threads took: 0.0000780 seconds
177.864: Application time: 0.2513350 seconds
177.865: [GC [PSYoungGen: 665808K->544K(666112K)] 920833K->255569K(1223680K), 0.0016270 secs] [Times: user=0.01 sys=0.00, real=0.00 secs] 
177.866: Total time for which application threads were stopped: 0.0017730 seconds, Stopping threads took: 0.0000730 seconds
178.028: Application time: 0.1614110 seconds
178.028: [GC [PSYoungGen: 665632K->784K(666112K)] 920657K->255809K(1223680K), 0.0017160 secs] [Times: user=0.01 sys=0.00, real=0.00 secs] 
178.030: Total time for which application threads were stopped: 0.0018370 seconds, Stopping threads took: 0.0000560 seconds
178.185: Application time: 0.1558370 seconds
178.185: [GC [PSYoungGen: 665872K->528K(666112K)] 920897K->255553K(1223680K), 0.0016680 secs] [Times: user=0.01 sys=0.00, real=0.00 secs] 
178.187: Total time for which application threads were stopped: 0.0017990 seconds, Stopping threads took: 0.0000650 seconds
178.442: Application time: 0.2546980 seconds
178.442: [GC [PSYoungGen: 665616K->832K(666112K)] 920641K->255857K(1223680K), 0.0016830 secs] [Times: user=0.01 sys=0.00, real=0.01 secs] 
178.444: Total time for which application threads were stopped: 0.0018240 seconds, Stopping threads took: 0.0000630 seconds
178.595: Application time: 0.1512010 seconds
178.595: [GC [PSYoungGen: 665920K->688K(666112K)] 920945K->255721K(1223680K), 0.0016730 secs] [Times: user=0.01 sys=0.00, real=0.01 secs] 
178.597: Total time for which application threads were stopped: 0.0018070 seconds, Stopping threads took: 0.0000710 seconds
178.792: Application time: 0.1950790 seconds
178.792: [GC [PSYoungGen: 665776K->464K(666112K)] 920809K->255497K(1223680K), 0.0016280 secs] [Times: user=0.01 sys=0.00, real=0.00 secs] 
178.794: Total time for which application threads were stopped: 0.0017660 seconds, Stopping threads took: 0.0000760 seconds
179.012: Application time: 0.2188560 seconds
179.012: [GC [PSYoungGen: 665552K->800K(666112K)] 920585K->255833K(1223680K), 0.0016750 secs] [Times: user=0.01 sys=0.00, real=0.00 secs] 
179.014: Total time for which application threads were stopped: 0.0018030 seconds, Stopping threads took: 0.0000530 seconds
179.165: Application time: 0.1508130 seconds
179.165: [GC [PSYoungGen: 665888K->752K(666112K)] 920921K->255785K(1223680K), 0.0016150 secs] [Times: user=0.01 sys=0.00, real=0.00 secs] 
179.167: Total time for which application threads were stopped: 0.0017750 seconds, Stopping threads took: 0.0000970 seconds
179.418: Application time: 0.2510700 seconds
179.418: [GC [PSYoungGen: 665840K->704K(666112K)] 920873K->255737K(1223680K), 0.0016760 secs] [Times: user=0.02 sys=0.00, real=0.00 secs] 
179.420: Total time for which application threads were stopped: 0.0018020 seconds, Stopping threads took: 0.0000600 seconds
179.582: Application time: 0.1624900 seconds
179.582: [GC [PSYoungGen: 665792K->912K(665088K)] 920825K->255945K(1222656K), 0.0016680 secs] [Times: user=0.02 sys=0.00, real=0.01 secs] 
179.584: Total time for which application threads were stopped: 0.0018330 seconds, Stopping threads took: 0.0000870 seconds
179.739: Application time: 0.1550830 seconds
179.739: [GC [PSYoungGen: 664976K->624K(665600K)] 920009K->255657K(1223168K), 0.0016800 secs] [Times: user=0.01 sys=0.00, real=0.00 secs] 
179.741: Total time for which application threads were stopped: 0.0018210 seconds, Stopping threads took: 0.0000780 seconds
179.998: Application time: 0.2568850 seconds
179.998: [GC [PSYoungGen: 664688K->768K(665600K)] 919721K->255801K(1223168K), 0.0014480 secs] [Times: user=0.01 sys=0.00, real=0.00 secs] 
179.999: Total time for which application threads were stopped: 0.0015730 seconds, Stopping threads took: 0.0000580 seconds
180.150: Application time: 0.1510350 seconds
180.151: [GC [PSYoungGen: 665344K->720K(665600K)] 920377K->255761K(1223168K), 0.0017200 secs] [Times: user=0.01 sys=0.00, real=0.00 secs] 
180.152: Total time for which application threads were stopped: 0.0018740 seconds, Stopping threads took: 0.0000830 seconds
180.345: Application time: 0.1925780 seconds
180.345: [GC [PSYoungGen: 665296K->432K(666112K)] 920337K->255473K(1223680K), 0.0016590 secs] [Times: user=0.02 sys=0.00, real=0.00 secs] 
180.347: Total time for which application threads were stopped: 0.0018000 seconds, Stopping threads took: 0.0000800 seconds
180.566: Application time: 0.2194190 seconds
180.566: [GC [PSYoungGen: 665520K->672K(666112K)] 920561K->255713K(1223680K), 0.0016570 secs] [Times: user=0.01 sys=0.00, real=0.00 secs] 
180.568: Total time for which application threads were stopped: 0.0018090 seconds, Stopping threads took: 0.0000860 seconds
180.718: Application time: 0.1502430 seconds
180.718: [GC [PSYoungGen: 665760K->768K(666112K)] 920801K->255809K(1223680K), 0.0016230 secs] [Times: user=0.01 sys=0.00, real=0.00 secs] 
180.720: Total time for which application threads were stopped: 0.0017870 seconds, Stopping threads took: 0.0000910 seconds
180.972: Application time: 0.2521430 seconds
180.972: [GC [PSYoungGen: 665856K->672K(666112K)] 920897K->255713K(1223680K), 0.0016310 secs] [Times: user=0.02 sys=0.00, real=0.00 secs] 
180.974: Total time for which application threads were stopped: 0.0017820 seconds, Stopping threads took: 0.0000790 seconds
181.135: Application time: 0.1614700 seconds
181.135: [GC [PSYoungGen: 665760K->720K(666112K)] 920801K->255761K(1223680K), 0.0016980 secs] [Times: user=0.01 sys=0.00, real=0.01 secs] 
181.137: Total time for which application threads were stopped: 0.0018210 seconds, Stopping threads took: 0.0000570 seconds
181.291: Application time: 0.1534930 seconds
181.291: [GC [PSYoungGen: 665808K->720K(666112K)] 920849K->255761K(1223680K), 0.0016400 secs] [Times: user=0.01 sys=0.00, real=0.00 secs] 
181.292: Total time for which application threads were stopped: 0.0017890 seconds, Stopping threads took: 0.0000780 seconds
181.551: Application time: 0.2586320 seconds
181.551: [GC [PSYoungGen: 665808K->768K(666112K)] 920849K->255809K(1223680K), 0.0016560 secs] [Times: user=0.01 sys=0.00, real=0.00 secs] 
181.553: Total time for which application threads were stopped: 0.0017990 seconds, Stopping threads took: 0.0000770 seconds
181.704: Application time: 0.1512240 seconds
181.704: [GC [PSYoungGen: 665856K->752K(666112K)] 920897K->255801K(1223680K), 0.0016530 secs] [Times: user=0.01 sys=0.00, real=0.00 secs] 
181.706: Total time for which application threads were stopped: 0.0017630 seconds, Stopping threads took: 0.0000480 seconds
181.900: Application time: 0.1941700 seconds
181.900: [GC [PSYoungGen: 665840K->432K(666112K)] 920889K->255489K(1223680K), 0.0016950 secs] [Times: user=0.02 sys=0.00, real=0.00 secs] 
181.902: Total time for which application threads were stopped: 0.0018570 seconds, Stopping threads took: 0.0000860 seconds
182.122: Application time: 0.2201250 seconds
182.122: [GC [PSYoungGen: 665520K->752K(666112K)] 920577K->255809K(1223680K), 0.0025710 secs] [Times: user=0.01 sys=0.00, real=0.01 secs] 
182.125: Total time for which application threads were stopped: 0.0027110 seconds, Stopping threads took: 0.0000750 seconds
182.276: Application time: 0.1508720 seconds
182.276: [GC [PSYoungGen: 665840K->672K(666112K)] 920897K->255729K(1223680K), 0.0016590 secs] [Times: user=0.01 sys=0.00, real=0.00 secs] 
182.277: Total time for which application threads were stopped: 0.0017800 seconds, Stopping threads took: 0.0000570 seconds
182.528: Application time: 0.2507330 seconds
182.528: [GC [PSYoungGen: 665760K->640K(666112K)] 920817K->255697K(1223680K), 0.0016480 secs] [Times: user=0.01 sys=0.00, real=0.00 secs] 
182.530: Total time for which application threads were stopped: 0.0017970 seconds, Stopping threads took: 0.0000760 seconds
182.697: Application time: 0.1673850 seconds
182.697: [GC [PSYoungGen: 665728K->768K(666112K)] 920785K->255825K(1223680K), 0.0014700 secs] [Times: user=0.01 sys=0.00, real=0.00 secs] 
182.699: Total time for which application threads were stopped: 0.0015850 seconds, Stopping threads took: 0.0000500 seconds
182.854: Application time: 0.1549710 seconds
182.854: [GC [PSYoungGen: 665856K->560K(666112K)] 920913K->255617K(1223680K), 0.0016330 secs] [Times: user=0.01 sys=0.00, real=0.01 secs] 
182.856: Total time for which application threads were stopped: 0.0017770 seconds, Stopping threads took: 0.0000830 seconds
183.113: Application time: 0.2577790 seconds
183.114: [GC [PSYoungGen: 665648K->800K(666112K)] 920705K->255857K(1223680K), 0.0016380 secs] [Times: user=0.02 sys=0.00, real=0.00 secs] 
183.115: Total time for which application threads were stopped: 0.0017960 seconds, Stopping threads took: 0.0000840 seconds
183.267: Application time: 0.1513630 seconds
183.267: [GC [PSYoungGen: 665888K->816K(666112K)] 920945K->255881K(1223680K), 0.0016350 secs] [Times: user=0.01 sys=0.00, real=0.00 secs] 
183.268: Total time for which application threads were stopped: 0.0017490 seconds, Stopping threads took: 0.0000470 seconds
183.454: Application time: 0.1858520 seconds
183.454: [GC [PSYoungGen: 665904K->528K(666112K)] 920969K->255601K(1223680K), 0.0016700 secs] [Times: user=0.01 sys=0.00, real=0.01 secs] 
183.456: Total time for which application threads were stopped: 0.0018290 seconds, Stopping threads took: 0.0000940 seconds
183.682: Application time: 0.2255760 seconds
183.682: [GC [PSYoungGen: 665616K->784K(666112K)] 920689K->255857K(1223680K), 0.0016270 secs] [Times: user=0.01 sys=0.00, real=0.00 secs] 
183.683: Total time for which application threads were stopped: 0.0017670 seconds, Stopping threads took: 0.0000580 seconds
183.835: Application time: 0.1517180 seconds
183.835: [GC [PSYoungGen: 665872K->736K(666112K)] 920945K->255809K(1223680K), 0.0016310 secs] [Times: user=0.01 sys=0.00, real=0.01 secs] 
183.837: Total time for which application threads were stopped: 0.0017730 seconds, Stopping threads took: 0.0000780 seconds
184.089: Application time: 0.2525220 seconds
184.090: [GC [PSYoungGen: 665824K->624K(666112K)] 920897K->255697K(1223680K), 0.0017000 secs] [Times: user=0.01 sys=0.00, real=0.00 secs] 
184.091: Total time for which application threads were stopped: 0.0018440 seconds, Stopping threads took: 0.0000740 seconds
184.251: Application time: 0.1601690 seconds
184.252: [GC [PSYoungGen: 665712K->736K(666112K)] 920785K->255809K(1223680K), 0.0015470 secs] [Times: user=0.01 sys=0.00, real=0.00 secs] 
184.253: Total time for which application threads were stopped: 0.0017110 seconds, Stopping threads took: 0.0000920 seconds
184.407: Application time: 0.1535860 seconds
184.407: [GC [PSYoungGen: 665824K->752K(666112K)] 920897K->255825K(1223680K), 0.0016590 secs] [Times: user=0.01 sys=0.00, real=0.00 secs] 
184.409: Total time for which application threads were stopped: 0.0018270 seconds, Stopping threads took: 0.0001030 seconds
184.666: Application time: 0.2576720 seconds
184.666: [GC [PSYoungGen: 665840K->672K(666112K)] 920913K->255745K(1223680K), 0.0016910 secs] [Times: user=0.01 sys=0.00, real=0.00 secs] 
184.668: Total time for which application threads were stopped: 0.0018320 seconds, Stopping threads took: 0.0000750 seconds
184.820: Application time: 0.1515920 seconds
184.820: [GC [PSYoungGen: 665760K->688K(666112K)] 920833K->255769K(1223680K), 0.0016770 secs] [Times: user=0.01 sys=0.00, real=0.00 secs] 
184.821: Total time for which application threads were stopped: 0.0018030 seconds, Stopping threads took: 0.0000480 seconds
185.003: Application time: 0.1814240 seconds
185.003: [GC [PSYoungGen: 665776K->528K(666112K)] 920857K->255617K(1223680K), 0.0016740 secs] [Times: user=0.01 sys=0.00, real=0.01 secs] 
185.005: Total time for which application threads were stopped: 0.0018040 seconds, Stopping threads took: 0.0000650 seconds
185.235: Application time: 0.2305580 seconds
185.235: [GC [PSYoungGen: 665616K->736K(666112K)] 920705K->255825K(1223680K), 0.0014560 secs] [Times: user=0.01 sys=0.00, real=0.01 secs] 
185.237: Total time for which application threads were stopped: 0.0016620 seconds, Stopping threads took: 0.0001390 seconds
185.388: Application time: 0.1508100 seconds
185.388: [GC [PSYoungGen: 665824K->848K(666112K)] 920913K->255937K(1223680K), 0.0017270 secs] [Times: user=0.02 sys=0.00, real=0.00 secs] 
185.390: Total time for which application threads were stopped: 0.0018690 seconds, Stopping threads took: 0.0000690 seconds
185.640: Application time: 0.2499620 seconds
185.640: [GC [PSYoungGen: 665936K->704K(666112K)] 921025K->255793K(1223680K), 0.0016500 secs] [Times: user=0.01 sys=0.00, real=0.00 secs] 
185.641: Total time for which application threads were stopped: 0.0017780 seconds, Stopping threads took: 0.0000640 seconds
185.803: Application time: 0.1616270 seconds
185.803: [GC [PSYoungGen: 665792K->752K(666112K)] 920881K->255841K(1223680K), 0.0016880 secs] [Times: user=0.01 sys=0.00, real=0.01 secs] 
185.805: Total time for which application threads were stopped: 0.0018510 seconds, Stopping threads took: 0.0000950 seconds
185.959: Application time: 0.1536530 seconds
185.959: [GC [PSYoungGen: 665840K->624K(666112K)] 920929K->255713K(1223680K), 0.0016690 secs] [Times: user=0.01 sys=0.00, real=0.00 secs] 
185.960: Total time for which application threads were stopped: 0.0018120 seconds, Stopping threads took: 0.0000630 seconds
186.218: Application time: 0.2574720 seconds
186.218: [GC [PSYoungGen: 665712K->688K(666112K)] 920801K->255777K(1223680K), 0.0016690 secs] [Times: user=0.00 sys=0.00, real=0.00 secs] 
186.220: Total time for which application threads were stopped: 0.0018340 seconds, Stopping threads took: 0.0000850 seconds
186.371: Application time: 0.1510170 seconds
186.371: [GC [PSYoungGen: 665776K->784K(666112K)] 920865K->255881K(1223680K), 0.0016360 secs] [Times: user=0.01 sys=0.00, real=0.00 secs] 
186.372: Total time for which application threads were stopped: 0.0017930 seconds, Stopping threads took: 0.0000910 seconds
186.550: Application time: 0.1770960 seconds
186.550: [GC [PSYoungGen: 665872K->480K(666112K)] 920969K->255585K(1223680K), 0.0016560 secs] [Times: user=0.02 sys=0.00, real=0.00 secs] 
186.551: Total time for which application threads were stopped: 0.0018200 seconds, Stopping threads took: 0.0000890 seconds
186.784: Application time: 0.2330620 seconds
186.785: [GC [PSYoungGen: 665568K->704K(666112K)] 920673K->255809K(1223680K), 0.0016420 secs] [Times: user=0.01 sys=0.00, real=0.00 secs] 
186.786: Total time for which application threads were stopped: 0.0017510 seconds, Stopping threads took: 0.0000450 seconds
186.938: Application time: 0.1517630 seconds
186.938: [GC [PSYoungGen: 665792K->720K(666112K)] 920897K->255825K(1223680K), 0.0016360 secs] [Times: user=0.01 sys=0.00, real=0.00 secs] 
186.940: Total time for which application threads were stopped: 0.0017830 seconds, Stopping threads took: 0.0000810 seconds
187.190: Application time: 0.2502430 seconds
187.190: [GC [PSYoungGen: 665808K->704K(666112K)] 920913K->255809K(1223680K), 0.0014750 secs] [Times: user=0.01 sys=0.00, real=0.00 secs] 
187.192: Total time for which application threads were stopped: 0.0016180 seconds, Stopping threads took: 0.0000660 seconds
187.352: Application time: 0.1599980 seconds
187.352: [GC [PSYoungGen: 665792K->752K(666112K)] 920897K->255857K(1223680K), 0.0016430 secs] [Times: user=0.02 sys=0.00, real=0.00 secs] 
187.353: Total time for which application threads were stopped: 0.0017630 seconds, Stopping threads took: 0.0000550 seconds
187.506: Application time: 0.1529190 seconds
187.506: [GC [PSYoungGen: 665840K->672K(666112K)] 920945K->255777K(1223680K), 0.0016770 secs] [Times: user=0.01 sys=0.00, real=0.00 secs] 
187.508: Total time for which application threads were stopped: 0.0018170 seconds, Stopping threads took: 0.0000750 seconds
187.766: Application time: 0.2578230 seconds
187.768: [GC [PSYoungGen: 665760K->720K(666112K)] 920865K->255825K(1223680K), 0.0016860 secs] [Times: user=0.01 sys=0.00, real=0.00 secs] 
187.769: Total time for which application threads were stopped: 0.0033820 seconds, Stopping threads took: 0.0016080 seconds
187.920: Application time: 0.1509970 seconds
187.920: [GC [PSYoungGen: 665808K->736K(666112K)] 920913K->255849K(1223680K), 0.0016880 secs] [Times: user=0.01 sys=0.00, real=0.00 secs] 
187.922: Total time for which application threads were stopped: 0.0018020 seconds, Stopping threads took: 0.0000530 seconds
188.099: Application time: 0.1766670 seconds
188.099: [GC [PSYoungGen: 665824K->528K(666112K)] 920937K->255649K(1223680K), 0.0016970 secs] [Times: user=0.01 sys=0.00, real=0.00 secs] 
188.101: Total time for which application threads were stopped: 0.0018550 seconds, Stopping threads took: 0.0000900 seconds
188.335: Application time: 0.2345440 seconds
188.335: [GC [PSYoungGen: 665616K->672K(666112K)] 920737K->255793K(1223680K), 0.0017000 secs] [Times: user=0.01 sys=0.00, real=0.01 secs] 
188.337: Total time for which application threads were stopped: 0.0018310 seconds, Stopping threads took: 0.0000570 seconds
188.488: Application time: 0.1510340 seconds
188.488: [GC [PSYoungGen: 665760K->768K(666112K)] 920881K->255889K(1223680K), 0.0016530 secs] [Times: user=0.01 sys=0.00, real=0.00 secs] 
188.490: Total time for which application threads were stopped: 0.0017840 seconds, Stopping threads took: 0.0000690 seconds
188.742: Application time: 0.2517510 seconds
188.742: [GC [PSYoungGen: 665856K->496K(666112K)] 920977K->255617K(1223680K), 0.0016310 secs] [Times: user=0.02 sys=0.00, real=0.00 secs] 
188.743: Total time for which application threads were stopped: 0.0017920 seconds, Stopping threads took: 0.0000970 seconds
188.904: Application time: 0.1604720 seconds
188.904: [GC [PSYoungGen: 665584K->736K(666112K)] 920705K->255857K(1223680K), 0.0016360 secs] [Times: user=0.01 sys=0.00, real=0.00 secs] 
188.906: Total time for which application threads were stopped: 0.0018050 seconds, Stopping threads took: 0.0000960 seconds
189.058: Application time: 0.1525130 seconds
189.058: [GC [PSYoungGen: 665824K->608K(666112K)] 920945K->255729K(1223680K), 0.0017420 secs] [Times: user=0.01 sys=0.00, real=0.00 secs] 
189.060: Total time for which application threads were stopped: 0.0018850 seconds, Stopping threads took: 0.0000800 seconds
189.318: Application time: 0.2579550 seconds
189.318: [GC [PSYoungGen: 665696K->768K(666112K)] 920817K->255889K(1223680K), 0.0016960 secs] [Times: user=0.01 sys=0.00, real=0.00 secs] 
189.320: Total time for which application threads were stopped: 0.0018200 seconds, Stopping threads took: 0.0000520 seconds
189.472: Application time: 0.1517080 seconds
189.472: [GC [PSYoungGen: 665856K->832K(666112K)] 920977K->255961K(1223680K), 0.0016390 secs] [Times: user=0.01 sys=0.00, real=0.00 secs] 
189.473: Total time for which application threads were stopped: 0.0017850 seconds, Stopping threads took: 0.0000740 seconds
189.649: Application time: 0.1757840 seconds
189.649: [GC [PSYoungGen: 665920K->480K(666112K)] 921049K->255617K(1223680K), 0.0016570 secs] [Times: user=0.01 sys=0.00, real=0.00 secs] 
189.651: Total time for which application threads were stopped: 0.0017930 seconds, Stopping threads took: 0.0000740 seconds
189.887: Application time: 0.2358240 seconds
189.887: [GC [PSYoungGen: 665568K->752K(666112K)] 920705K->255889K(1223680K), 0.0016590 secs] [Times: user=0.01 sys=0.00, real=0.00 secs] 
189.889: Total time for which application threads were stopped: 0.0018220 seconds, Stopping threads took: 0.0001010 seconds
190.040: Application time: 0.1515020 seconds
190.040: [GC [PSYoungGen: 665840K->720K(666112K)] 920977K->255857K(1223680K), 0.0016410 secs] [Times: user=0.01 sys=0.00, real=0.00 secs] 
190.042: Total time for which application threads were stopped: 0.0017670 seconds, Stopping threads took: 0.0000510 seconds
190.292: Application time: 0.2501450 seconds
190.292: [GC [PSYoungGen: 665808K->672K(666112K)] 920945K->255809K(1223680K), 0.0017590 secs] [Times: user=0.01 sys=0.00, real=0.00 secs] 
190.294: Total time for which application threads were stopped: 0.0019020 seconds, Stopping threads took: 0.0000800 seconds
190.457: Application time: 0.1626940 seconds
190.457: [GC [PSYoungGen: 665760K->832K(666112K)] 920897K->255969K(1223680K), 0.0016580 secs] [Times: user=0.01 sys=0.00, real=0.00 secs] 
190.458: Total time for which application threads were stopped: 0.0017850 seconds, Stopping threads took: 0.0000610 seconds
190.611: Application time: 0.1526830 seconds
190.611: [GC [PSYoungGen: 665920K->656K(666112K)] 921057K->255793K(1223680K), 0.0016440 secs] [Times: user=0.01 sys=0.00, real=0.00 secs] 
190.613: Total time for which application threads were stopped: 0.0018020 seconds, Stopping threads took: 0.0000850 seconds
190.872: Application time: 0.2587500 seconds
190.872: [GC [PSYoungGen: 665744K->736K(666112K)] 920881K->255873K(1223680K), 0.0016900 secs] [Times: user=0.01 sys=0.00, real=0.00 secs] 
190.873: Total time for which application threads were stopped: 0.0018160 seconds, Stopping threads took: 0.0000620 seconds
191.025: Application time: 0.1510610 seconds
191.025: [GC [PSYoungGen: 665824K->800K(666112K)] 920961K->255945K(1223680K), 0.0016580 secs] [Times: user=0.01 sys=0.00, real=0.00 secs] 
191.026: Total time for which application threads were stopped: 0.0017810 seconds, Stopping threads took: 0.0000600 seconds
191.200: Application time: 0.1739500 seconds
191.200: [GC [PSYoungGen: 665888K->528K(666112K)] 921033K->255681K(1223680K), 0.0016100 secs] [Times: user=0.01 sys=0.00, real=0.00 secs] 
191.202: Total time for which application threads were stopped: 0.0017450 seconds, Stopping threads took: 0.0000590 seconds
191.440: Application time: 0.2379520 seconds
191.440: [GC [PSYoungGen: 665616K->704K(666112K)] 920769K->255857K(1223680K), 0.0016630 secs] [Times: user=0.01 sys=0.00, real=0.00 secs] 
191.442: Total time for which application threads were stopped: 0.0017930 seconds, Stopping threads took: 0.0000630 seconds
191.593: Application time: 0.1516410 seconds
191.594: [GC [PSYoungGen: 665792K->800K(666112K)] 920945K->255953K(1223680K), 0.0017630 secs] [Times: user=0.01 sys=0.00, real=0.00 secs] 
191.595: Total time for which application threads were stopped: 0.0018810 seconds, Stopping threads took: 0.0000540 seconds
191.846: Application time: 0.2509330 seconds
191.846: [GC [PSYoungGen: 665888K->608K(666112K)] 921041K->255761K(1223680K), 0.0017720 secs] [Times: user=0.01 sys=0.00, real=0.00 secs] 
191.848: Total time for which application threads were stopped: 0.0019450 seconds, Stopping threads took: 0.0000860 seconds
192.009: Application time: 0.1611980 seconds
192.009: [GC [PSYoungGen: 665696K->688K(666112K)] 920849K->255841K(1223680K), 0.0017330 secs] [Times: user=0.01 sys=0.00, real=0.00 secs] 
192.011: Total time for which application threads were stopped: 0.0018610 seconds, Stopping threads took: 0.0000650 seconds
192.165: Application time: 0.1536100 seconds
192.165: [GC [PSYoungGen: 665776K->816K(666112K)] 920929K->255969K(1223680K), 0.0016460 secs] [Times: user=0.02 sys=0.00, real=0.00 secs] 
192.167: Total time for which application threads were stopped: 0.0017770 seconds, Stopping threads took: 0.0000660 seconds
192.426: Application time: 0.2589450 seconds
192.426: [GC [PSYoungGen: 665904K->832K(666112K)] 921057K->255985K(1223680K), 0.0016700 secs] [Times: user=0.01 sys=0.00, real=0.00 secs] 
192.427: Total time for which application threads were stopped: 0.0018150 seconds, Stopping threads took: 0.0000670 seconds
192.579: Application time: 0.1513140 seconds
192.579: [GC [PSYoungGen: 665920K->656K(666112K)] 921073K->255817K(1223680K), 0.0016390 secs] [Times: user=0.01 sys=0.00, real=0.00 secs] 
192.581: Total time for which application threads were stopped: 0.0017890 seconds, Stopping threads took: 0.0000850 seconds
192.753: Application time: 0.1729270 seconds
192.754: [GC [PSYoungGen: 665744K->448K(666112K)] 920905K->255617K(1223680K), 0.0016980 secs] [Times: user=0.01 sys=0.00, real=0.01 secs] 
192.756: Total time for which application threads were stopped: 0.0022520 seconds, Stopping threads took: 0.0004840 seconds
192.995: Application time: 0.2393730 seconds
192.995: [GC [PSYoungGen: 665536K->672K(666112K)] 920705K->255841K(1223680K), 0.0017330 secs] [Times: user=0.01 sys=0.00, real=0.01 secs] 
192.997: Total time for which application threads were stopped: 0.0018860 seconds, Stopping threads took: 0.0000740 seconds
193.149: Application time: 0.1516810 seconds
193.149: [GC [PSYoungGen: 665760K->784K(666112K)] 920929K->255953K(1223680K), 0.0016270 secs] [Times: user=0.01 sys=0.00, real=0.00 secs] 
193.150: Total time for which application threads were stopped: 0.0017470 seconds, Stopping threads took: 0.0000570 seconds
193.399: Application time: 0.2489570 seconds
193.399: [GC [PSYoungGen: 665872K->544K(666112K)] 921041K->255713K(1223680K), 0.0017700 secs] [Times: user=0.00 sys=0.00, real=0.00 secs] 
193.401: Total time for which application threads were stopped: 0.0019240 seconds, Stopping threads took: 0.0000890 seconds
193.565: Application time: 0.1638760 seconds
193.565: [GC [PSYoungGen: 665632K->688K(666112K)] 920801K->255857K(1223680K), 0.0016720 secs] [Times: user=0.02 sys=0.00, real=0.00 secs] 
193.567: Total time for which application threads were stopped: 0.0018130 seconds, Stopping threads took: 0.0000630 seconds
193.720: Application time: 0.1527560 seconds
193.720: [GC [PSYoungGen: 665776K->800K(666112K)] 920945K->255969K(1223680K), 0.0017420 secs] [Times: user=0.01 sys=0.00, real=0.00 secs] 
193.722: Total time for which application threads were stopped: 0.0018500 seconds, Stopping threads took: 0.0000440 seconds
193.981: Application time: 0.2599150 seconds
193.982: [GC [PSYoungGen: 665888K->720K(666112K)] 921057K->255889K(1223680K), 0.0016780 secs] [Times: user=0.01 sys=0.00, real=0.00 secs] 
193.983: Total time for which application threads were stopped: 0.0018170 seconds, Stopping threads took: 0.0000650 seconds
194.134: Application time: 0.1510140 seconds
194.134: [GC [PSYoungGen: 665808K->752K(666112K)] 920977K->255929K(1223680K), 0.0016310 secs] [Times: user=0.01 sys=0.00, real=0.01 secs] 
194.136: Total time for which application threads were stopped: 0.0017610 seconds, Stopping threads took: 0.0000530 seconds
194.308: Application time: 0.1718100 seconds
194.308: [GC [PSYoungGen: 665840K->496K(666112K)] 921017K->255681K(1223680K), 0.0015990 secs] [Times: user=0.01 sys=0.00, real=0.00 secs] 
194.310: Total time for which application threads were stopped: 0.0017280 seconds, Stopping threads took: 0.0000680 seconds
194.549: Application time: 0.2394840 seconds
194.549: [GC [PSYoungGen: 665584K->672K(666112K)] 920769K->255857K(1223680K), 0.0016210 secs] [Times: user=0.01 sys=0.00, real=0.00 secs] 
194.551: Total time for which application threads were stopped: 0.0017390 seconds, Stopping threads took: 0.0000520 seconds
194.702: Application time: 0.1508630 seconds
194.702: [GC [PSYoungGen: 665760K->736K(666112K)] 920945K->255921K(1223680K), 0.0016360 secs] [Times: user=0.01 sys=0.00, real=0.00 secs] 
194.704: Total time for which application threads were stopped: 0.0017730 seconds, Stopping threads took: 0.0000620 seconds
194.953: Application time: 0.2497110 seconds
194.953: [GC [PSYoungGen: 665824K->576K(666112K)] 921009K->255761K(1223680K), 0.0017710 secs] [Times: user=0.02 sys=0.00, real=0.00 secs] 
194.955: Total time for which application threads were stopped: 0.0019200 seconds, Stopping threads took: 0.0000790 seconds
195.118: Application time: 0.1633000 seconds
195.119: [GC [PSYoungGen: 665664K->672K(666112K)] 920849K->255857K(1223680K), 0.0017320 secs] [Times: user=0.01 sys=0.00, real=0.00 secs] 
195.120: Total time for which application threads were stopped: 0.0018490 seconds, Stopping threads took: 0.0000550 seconds
195.271: Application time: 0.1510940 seconds
195.272: [GC [PSYoungGen: 665760K->656K(666112K)] 920945K->255841K(1223680K), 0.0016150 secs] [Times: user=0.00 sys=0.01, real=0.00 secs] 
195.273: Total time for which application threads were stopped: 0.0017510 seconds, Stopping threads took: 0.0000620 seconds
195.534: Application time: 0.2607990 seconds
195.534: [GC [PSYoungGen: 665744K->640K(666112K)] 920929K->255825K(1223680K), 0.0015100 secs] [Times: user=0.00 sys=0.00, real=0.01 secs] 
195.536: Total time for which application threads were stopped: 0.0016480 seconds, Stopping threads took: 0.0000740 seconds
195.686: Application time: 0.1506970 seconds
195.686: [GC [PSYoungGen: 665728K->736K(666112K)] 920913K->255929K(1223680K), 0.0017360 secs] [Times: user=0.01 sys=0.00, real=0.00 secs] 
195.688: Total time for which application threads were stopped: 0.0018790 seconds, Stopping threads took: 0.0000770 seconds
195.859: Application time: 0.1710390 seconds
195.859: [GC [PSYoungGen: 665824K->512K(666112K)] 921017K->255721K(1223680K), 0.0016830 secs] [Times: user=0.01 sys=0.00, real=0.00 secs] 
195.861: Total time for which application threads were stopped: 0.0018450 seconds, Stopping threads took: 0.0000900 seconds
196.103: Application time: 0.2417520 seconds
196.103: [GC [PSYoungGen: 665600K->704K(666112K)] 920809K->255913K(1223680K), 0.0016870 secs] [Times: user=0.01 sys=0.00, real=0.01 secs] 
196.105: Total time for which application threads were stopped: 0.0018090 seconds, Stopping threads took: 0.0000570 seconds
196.257: Application time: 0.1520400 seconds
196.257: [GC [PSYoungGen: 665792K->704K(666112K)] 921001K->255913K(1223680K), 0.0016660 secs] [Times: user=0.02 sys=0.00, real=0.00 secs] 
196.258: Total time for which application threads were stopped: 0.0017660 seconds, Stopping threads took: 0.0000360 seconds
196.506: Application time: 0.2475930 seconds
196.506: [GC [PSYoungGen: 665792K->496K(666112K)] 921001K->255705K(1223680K), 0.0016550 secs] [Times: user=0.01 sys=0.00, real=0.00 secs] 
196.508: Total time for which application threads were stopped: 0.0018230 seconds, Stopping threads took: 0.0000950 seconds
196.672: Application time: 0.1646170 seconds
196.673: [GC [PSYoungGen: 665584K->800K(666112K)] 920793K->256009K(1223680K), 0.0016280 secs] [Times: user=0.02 sys=0.00, real=0.00 secs] 
196.674: Total time for which application threads were stopped: 0.0017360 seconds, Stopping threads took: 0.0000460 seconds
196.826: Application time: 0.1516890 seconds
196.826: [GC [PSYoungGen: 665888K->704K(666112K)] 921097K->255913K(1223680K), 0.0016630 secs] [Times: user=0.01 sys=0.00, real=0.00 secs] 
196.828: Total time for which application threads were stopped: 0.0018170 seconds, Stopping threads took: 0.0000900 seconds
197.089: Application time: 0.2608250 seconds
197.089: [GC [PSYoungGen: 665792K->640K(666112K)] 921001K->255849K(1223680K), 0.0016630 secs] [Times: user=0.01 sys=0.00, real=0.00 secs] 
197.090: Total time for which application threads were stopped: 0.0017830 seconds, Stopping threads took: 0.0000440 seconds
197.242: Application time: 0.1514600 seconds
197.242: [GC [PSYoungGen: 665728K->768K(666112K)] 920937K->255985K(1223680K), 0.0016320 secs] [Times: user=0.01 sys=0.00, real=0.01 secs] 
197.244: Total time for which application threads were stopped: 0.0017810 seconds, Stopping threads took: 0.0000850 seconds
197.413: Application time: 0.1696030 seconds
197.413: [GC [PSYoungGen: 665856K->576K(666112K)] 921073K->255801K(1223680K), 0.0016410 secs] [Times: user=0.01 sys=0.00, real=0.00 secs] 
197.415: Total time for which application threads were stopped: 0.0017910 seconds, Stopping threads took: 0.0000860 seconds
197.657: Application time: 0.2424630 seconds
197.658: [GC [PSYoungGen: 665664K->704K(666112K)] 920889K->255929K(1223680K), 0.0016500 secs] [Times: user=0.01 sys=0.00, real=0.00 secs] 
197.659: Total time for which application threads were stopped: 0.0017970 seconds, Stopping threads took: 0.0000770 seconds
197.811: Application time: 0.1518690 seconds
197.811: [GC [PSYoungGen: 665792K->704K(666112K)] 921017K->255929K(1223680K), 0.0017570 secs] [Times: user=0.01 sys=0.00, real=0.00 secs] 
197.813: Total time for which application threads were stopped: 0.0019010 seconds, Stopping threads took: 0.0000800 seconds
198.059: Application time: 0.2457580 seconds
198.059: [GC [PSYoungGen: 665792K->544K(666112K)] 921017K->255769K(1223680K), 0.0016890 secs] [Times: user=0.01 sys=0.00, real=0.00 secs] 
198.061: Total time for which application threads were stopped: 0.0018400 seconds, Stopping threads took: 0.0000810 seconds
198.226: Application time: 0.1655470 seconds
198.226: [GC [PSYoungGen: 665632K->832K(666112K)] 920857K->256057K(1223680K), 0.0016790 secs] [Times: user=0.01 sys=0.00, real=0.00 secs] 
198.228: Total time for which application threads were stopped: 0.0018450 seconds, Stopping threads took: 0.0000900 seconds
198.379: Application time: 0.1512390 seconds
198.379: [GC [PSYoungGen: 665920K->672K(666112K)] 921145K->255897K(1223680K), 0.0016540 secs] [Times: user=0.01 sys=0.00, real=0.00 secs] 
198.381: Total time for which application threads were stopped: 0.0017930 seconds, Stopping threads took: 0.0000760 seconds
198.640: Application time: 0.2593300 seconds
198.641: [GC [PSYoungGen: 665760K->640K(666112K)] 920985K->255865K(1223680K), 0.0016380 secs] [Times: user=0.02 sys=0.00, real=0.00 secs] 
198.642: Total time for which application threads were stopped: 0.0017540 seconds, Stopping threads took: 0.0000490 seconds
198.794: Application time: 0.1521360 seconds
198.794: [GC [PSYoungGen: 665728K->624K(666112K)] 920953K->255857K(1223680K), 0.0016600 secs] [Times: user=0.01 sys=0.00, real=0.01 secs] 
198.796: Total time for which application threads were stopped: 0.0018130 seconds, Stopping threads took: 0.0000780 seconds
198.964: Application time: 0.1677620 seconds
198.964: [GC [PSYoungGen: 665712K->560K(666112K)] 920945K->255801K(1223680K), 0.0016350 secs] [Times: user=0.01 sys=0.00, real=0.00 secs] 
198.966: Total time for which application threads were stopped: 0.0017840 seconds, Stopping threads took: 0.0000850 seconds
199.209: Application time: 0.2436510 seconds
199.209: [GC [PSYoungGen: 665648K->768K(666112K)] 920889K->256009K(1223680K), 0.0017350 secs] [Times: user=0.01 sys=0.00, real=0.00 secs] 
199.211: Total time for which application threads were stopped: 0.0018790 seconds, Stopping threads took: 0.0000830 seconds
199.362: Application time: 0.1505650 seconds
199.362: [GC [PSYoungGen: 665856K->816K(666112K)] 921097K->256057K(1223680K), 0.0016580 secs] [Times: user=0.01 sys=0.00, real=0.01 secs] 
199.364: Total time for which application threads were stopped: 0.0018040 seconds, Stopping threads took: 0.0000670 seconds
199.607: Application time: 0.2432400 seconds
199.607: [GC [PSYoungGen: 665904K->656K(666112K)] 921145K->255897K(1223680K), 0.0016930 secs] [Times: user=0.02 sys=0.00, real=0.00 secs] 
199.609: Total time for which application threads were stopped: 0.0018530 seconds, Stopping threads took: 0.0000950 seconds
199.778: Application time: 0.1694990 seconds
199.778: [GC [PSYoungGen: 665744K->816K(666112K)] 920985K->256057K(1223680K), 0.0015890 secs] [Times: user=0.01 sys=0.00, real=0.00 secs] 
199.780: Total time for which application threads were stopped: 0.0017360 seconds, Stopping threads took: 0.0000820 seconds
199.930: Application time: 0.1505340 seconds
199.931: [GC [PSYoungGen: 665904K->704K(666112K)] 921145K->255945K(1223680K), 0.0016740 secs] [Times: user=0.01 sys=0.00, real=0.00 secs] 
199.932: Total time for which application threads were stopped: 0.0018410 seconds, Stopping threads took: 0.0000960 seconds
200.191: Application time: 0.2585950 seconds
200.191: [GC [PSYoungGen: 665792K->752K(666112K)] 921033K->255993K(1223680K), 0.0016750 secs] [Times: user=0.01 sys=0.00, real=0.00 secs] 
200.193: Total time for which application threads were stopped: 0.0018110 seconds, Stopping threads took: 0.0000750 seconds
200.345: Application time: 0.1527950 seconds
200.346: [GC [PSYoungGen: 665840K->752K(666112K)] 921081K->256001K(1223680K), 0.0016440 secs] [Times: user=0.02 sys=0.00, real=0.00 secs] 
200.347: Total time for which application threads were stopped: 0.0017990 seconds, Stopping threads took: 0.0000900 seconds
200.516: Application time: 0.1689400 seconds
200.516: [GC [PSYoungGen: 665840K->624K(666112K)] 921089K->255881K(1223680K), 0.0017510 secs] [Times: user=0.01 sys=0.00, real=0.00 secs] 
200.518: Total time for which application threads were stopped: 0.0019050 seconds, Stopping threads took: 0.0000750 seconds
200.761: Application time: 0.2425970 seconds
200.761: [GC [PSYoungGen: 665712K->656K(666112K)] 920969K->255913K(1223680K), 0.0017440 secs] [Times: user=0.02 sys=0.00, real=0.00 secs] 
200.763: Total time for which application threads were stopped: 0.0018640 seconds, Stopping threads took: 0.0000560 seconds
200.914: Application time: 0.1509830 seconds
200.914: [GC [PSYoungGen: 665744K->768K(666112K)] 921001K->256025K(1223680K), 0.0016600 secs] [Times: user=0.01 sys=0.00, real=0.00 secs] 
200.915: Total time for which application threads were stopped: 0.0017990 seconds, Stopping threads took: 0.0000720 seconds
201.156: Application time: 0.2404160 seconds
201.156: [GC [PSYoungGen: 665856K->496K(666112K)] 921113K->255753K(1223680K), 0.0014860 secs] [Times: user=0.00 sys=0.00, real=0.00 secs] 
201.158: Total time for which application threads were stopped: 0.0018250 seconds, Stopping threads took: 0.0000750 seconds
201.329: Application time: 0.1708850 seconds
201.329: [GC [PSYoungGen: 665584K->800K(666112K)] 920841K->256057K(1223680K), 0.0017520 secs] [Times: user=0.01 sys=0.00, real=0.00 secs] 
201.330: Total time for which application threads were stopped: 0.0018880 seconds, Stopping threads took: 0.0000710 seconds
201.481: Application time: 0.1506380 seconds
201.481: [GC [PSYoungGen: 665888K->832K(666112K)] 921145K->256089K(1223680K), 0.0016540 secs] [Times: user=0.01 sys=0.00, real=0.00 secs] 
201.483: Total time for which application threads were stopped: 0.0017690 seconds, Stopping threads took: 0.0000520 seconds
201.741: Application time: 0.2583560 seconds
201.741: [GC [PSYoungGen: 665920K->768K(666112K)] 921177K->256025K(1223680K), 0.0016540 secs] [Times: user=0.01 sys=0.00, real=0.00 secs] 
201.743: Total time for which application threads were stopped: 0.0017990 seconds, Stopping threads took: 0.0000620 seconds
201.896: Application time: 0.1526180 seconds
201.896: [GC [PSYoungGen: 665856K->736K(666112K)] 921113K->256001K(1223680K), 0.0016720 secs] [Times: user=0.01 sys=0.00, real=0.00 secs] 
201.897: Total time for which application threads were stopped: 0.0017870 seconds, Stopping threads took: 0.0000520 seconds
202.066: Application time: 0.1689200 seconds
202.066: [GC [PSYoungGen: 665824K->496K(666112K)] 921089K->255769K(1223680K), 0.0016490 secs] [Times: user=0.01 sys=0.00, real=0.00 secs] 
202.068: Total time for which application threads were stopped: 0.0017830 seconds, Stopping threads took: 0.0000710 seconds
202.311: Application time: 0.2425790 seconds
202.311: [GC [PSYoungGen: 665584K->720K(666112K)] 920857K->255993K(1223680K), 0.0016810 secs] [Times: user=0.01 sys=0.00, real=0.00 secs] 
202.313: Total time for which application threads were stopped: 0.0018120 seconds, Stopping threads took: 0.0000590 seconds
202.464: Application time: 0.1514660 seconds
202.464: [GC [PSYoungGen: 665808K->800K(666112K)] 921081K->256073K(1223680K), 0.0016290 secs] [Times: user=0.01 sys=0.00, real=0.00 secs] 
202.466: Total time for which application threads were stopped: 0.0017540 seconds, Stopping threads took: 0.0000620 seconds
202.704: Application time: 0.2384970 seconds
202.704: [GC [PSYoungGen: 665888K->544K(666112K)] 921161K->255817K(1223680K), 0.0016510 secs] [Times: user=0.01 sys=0.00, real=0.00 secs] 
202.706: Total time for which application threads were stopped: 0.0018000 seconds, Stopping threads took: 0.0000770 seconds
202.880: Application time: 0.1735750 seconds
202.880: [GC [PSYoungGen: 665632K->688K(666112K)] 920905K->255961K(1223680K), 0.0016400 secs] [Times: user=0.01 sys=0.00, real=0.00 secs] 
202.881: Total time for which application threads were stopped: 0.0017840 seconds, Stopping threads took: 0.0000710 seconds
203.032: Application time: 0.1507140 seconds
203.032: [GC [PSYoungGen: 665776K->608K(666112K)] 921049K->255881K(1223680K), 0.0016010 secs] [Times: user=0.01 sys=0.00, real=0.00 secs] 
203.034: Total time for which application threads were stopped: 0.0017560 seconds, Stopping threads took: 0.0000960 seconds
203.292: Application time: 0.2577740 seconds
203.292: [GC [PSYoungGen: 665696K->800K(666112K)] 920969K->256073K(1223680K), 0.0016220 secs] [Times: user=0.01 sys=0.00, real=0.00 secs] 
203.293: Total time for which application threads were stopped: 0.0017620 seconds, Stopping threads took: 0.0000800 seconds
203.447: Application time: 0.1532960 seconds
203.447: [GC [PSYoungGen: 665888K->816K(666112K)] 921161K->256097K(1223680K), 0.0016640 secs] [Times: user=0.01 sys=0.00, real=0.00 secs] 
203.449: Total time for which application threads were stopped: 0.0018000 seconds, Stopping threads took: 0.0000630 seconds
203.618: Application time: 0.1697450 seconds
203.618: [GC [PSYoungGen: 665904K->576K(666112K)] 921185K->255865K(1223680K), 0.0016140 secs] [Times: user=0.01 sys=0.00, real=0.00 secs] 
203.620: Total time for which application threads were stopped: 0.0017760 seconds, Stopping threads took: 0.0000990 seconds
203.863: Application time: 0.2427780 seconds
203.863: [GC [PSYoungGen: 665664K->816K(666112K)] 920953K->256105K(1223680K), 0.0016950 secs] [Times: user=0.01 sys=0.00, real=0.01 secs] 
203.865: Total time for which application threads were stopped: 0.0018410 seconds, Stopping threads took: 0.0000790 seconds
204.016: Application time: 0.1510350 seconds
204.016: [GC [PSYoungGen: 665904K->768K(666112K)] 921193K->256057K(1223680K), 0.0014660 secs] [Times: user=0.01 sys=0.00, real=0.00 secs] 
204.017: Total time for which application threads were stopped: 0.0015880 seconds, Stopping threads took: 0.0000510 seconds
204.251: Application time: 0.2337010 seconds
204.251: [GC [PSYoungGen: 665856K->496K(666112K)] 921145K->255785K(1223680K), 0.0014850 secs] [Times: user=0.01 sys=0.00, real=0.00 secs] 
204.253: Total time for which application threads were stopped: 0.0016290 seconds, Stopping threads took: 0.0000810 seconds
204.432: Application time: 0.1791400 seconds
204.432: [GC [PSYoungGen: 665584K->656K(666112K)] 920873K->255945K(1223680K), 0.0016300 secs] [Times: user=0.01 sys=0.00, real=0.00 secs] 
204.434: Total time for which application threads were stopped: 0.0017400 seconds, Stopping threads took: 0.0000430 seconds
204.586: Application time: 0.1526030 seconds
204.586: [GC [PSYoungGen: 665744K->704K(666112K)] 921033K->255993K(1223680K), 0.0016530 secs] [Times: user=0.01 sys=0.00, real=0.00 secs] 
204.588: Total time for which application threads were stopped: 0.0018080 seconds, Stopping threads took: 0.0000800 seconds
204.844: Application time: 0.2558730 seconds
204.844: [GC [PSYoungGen: 665792K->656K(666112K)] 921081K->255945K(1223680K), 0.0016460 secs] [Times: user=0.01 sys=0.00, real=0.00 secs] 
204.846: Total time for which application threads were stopped: 0.0017840 seconds, Stopping threads took: 0.0000690 seconds
205.000: Application time: 0.1548740 seconds
205.001: [GC [PSYoungGen: 665744K->784K(666112K)] 921033K->256081K(1223680K), 0.0016800 secs] [Times: user=0.02 sys=0.00, real=0.00 secs] 
205.002: Total time for which application threads were stopped: 0.0018260 seconds, Stopping threads took: 0.0000820 seconds
205.171: Application time: 0.1686760 seconds
205.171: [GC [PSYoungGen: 665872K->592K(666112K)] 921169K->255897K(1223680K), 0.0016800 secs] [Times: user=0.01 sys=0.00, real=0.00 secs] 
205.173: Total time for which application threads were stopped: 0.0018230 seconds, Stopping threads took: 0.0000650 seconds
205.415: Application time: 0.2424790 seconds
205.415: [GC [PSYoungGen: 665680K->688K(666112K)] 920985K->255993K(1223680K), 0.0016530 secs] [Times: user=0.02 sys=0.00, real=0.01 secs] 
205.417: Total time for which application threads were stopped: 0.0018060 seconds, Stopping threads took: 0.0000870 seconds
205.568: Application time: 0.1508950 seconds
205.568: [GC [PSYoungGen: 665776K->720K(666112K)] 921081K->256025K(1223680K), 0.0016710 secs] [Times: user=0.01 sys=0.00, real=0.00 secs] 
205.570: Total time for which application threads were stopped: 0.0017810 seconds, Stopping threads took: 0.0000450 seconds
205.803: Application time: 0.2332410 seconds
205.803: [GC [PSYoungGen: 665808K->544K(666112K)] 921113K->255849K(1223680K), 0.0017520 secs] [Times: user=0.02 sys=0.00, real=0.01 secs] 
205.805: Total time for which application threads were stopped: 0.0019090 seconds, Stopping threads took: 0.0000770 seconds
205.983: Application time: 0.1784820 seconds
205.984: [GC [PSYoungGen: 665632K->832K(666112K)] 920937K->256137K(1223680K), 0.0015020 secs] [Times: user=0.01 sys=0.00, real=0.01 secs] 
205.985: Total time for which application threads were stopped: 0.0016190 seconds, Stopping threads took: 0.0000530 seconds
206.139: Application time: 0.1543210 seconds
206.139: [GC [PSYoungGen: 665920K->752K(666112K)] 921225K->256057K(1223680K), 0.0016660 secs] [Times: user=0.02 sys=0.00, real=0.00 secs] 
206.141: Total time for which application threads were stopped: 0.0017830 seconds, Stopping threads took: 0.0000500 seconds
206.396: Application time: 0.2547930 seconds
206.396: [GC [PSYoungGen: 665840K->688K(666112K)] 921145K->255993K(1223680K), 0.0016410 secs] [Times: user=0.01 sys=0.00, real=0.00 secs] 
206.398: Total time for which application threads were stopped: 0.0017950 seconds, Stopping threads took: 0.0000760 seconds
206.552: Application time: 0.1546530 seconds
206.552: [GC [PSYoungGen: 665776K->672K(666112K)] 921081K->255985K(1223680K), 0.0016330 secs] [Times: user=0.01 sys=0.00, real=0.00 secs] 
206.554: Total time for which application threads were stopped: 0.0017380 seconds, Stopping threads took: 0.0000400 seconds
206.722: Application time: 0.1676830 seconds
206.722: [GC [PSYoungGen: 665760K->592K(666112K)] 921073K->255913K(1223680K), 0.0016730 secs] [Times: user=0.01 sys=0.00, real=0.01 secs] 
206.724: Total time for which application threads were stopped: 0.0018010 seconds, Stopping threads took: 0.0000670 seconds
206.968: Application time: 0.2447250 seconds
206.968: [GC [PSYoungGen: 665680K->768K(666112K)] 921001K->256089K(1223680K), 0.0016560 secs] [Times: user=0.01 sys=0.00, real=0.00 secs] 
206.970: Total time for which application threads were stopped: 0.0017880 seconds, Stopping threads took: 0.0000530 seconds
207.121: Application time: 0.1512920 seconds
207.122: [GC [PSYoungGen: 665856K->736K(666112K)] 921177K->256057K(1223680K), 0.0016580 secs] [Times: user=0.01 sys=0.00, real=0.00 secs] 
207.123: Total time for which application threads were stopped: 0.0017940 seconds, Stopping threads took: 0.0000720 seconds
207.353: Application time: 0.2298990 seconds
207.353: [GC [PSYoungGen: 665824K->624K(666112K)] 921145K->255945K(1223680K), 0.0016610 secs] [Times: user=0.01 sys=0.00, real=0.00 secs] 
207.355: Total time for which application threads were stopped: 0.0018150 seconds, Stopping threads took: 0.0000920 seconds
207.536: Application time: 0.1811350 seconds
207.536: [GC [PSYoungGen: 665712K->720K(666112K)] 921033K->256041K(1223680K), 0.0016320 secs] [Times: user=0.01 sys=0.00, real=0.00 secs] 
207.538: Total time for which application threads were stopped: 0.0017590 seconds, Stopping threads took: 0.0000580 seconds
207.691: Application time: 0.1535880 seconds
207.692: [GC [PSYoungGen: 665808K->640K(666112K)] 921129K->255961K(1223680K), 0.0016490 secs] [Times: user=0.01 sys=0.00, real=0.00 secs] 
207.693: Total time for which application threads were stopped: 0.0017960 seconds, Stopping threads took: 0.0000770 seconds
207.949: Application time: 0.2559230 seconds
207.949: [GC [PSYoungGen: 665728K->624K(666112K)] 921049K->255945K(1223680K), 0.0017090 secs] [Times: user=0.01 sys=0.00, real=0.00 secs] 
207.951: Total time for which application threads were stopped: 0.0018410 seconds, Stopping threads took: 0.0000710 seconds
208.105: Application time: 0.1540880 seconds
208.105: [GC [PSYoungGen: 665712K->736K(666112K)] 921033K->256065K(1223680K), 0.0016380 secs] [Times: user=0.02 sys=0.00, real=0.00 secs] 
208.107: Total time for which application threads were stopped: 0.0017570 seconds, Stopping threads took: 0.0000460 seconds
208.275: Application time: 0.1682950 seconds
208.275: [GC [PSYoungGen: 665824K->688K(666112K)] 921153K->256025K(1223680K), 0.0016760 secs] [Times: user=0.01 sys=0.00, real=0.01 secs] 
208.277: Total time for which application threads were stopped: 0.0018200 seconds, Stopping threads took: 0.0000790 seconds
208.522: Application time: 0.2447750 seconds
208.522: [GC [PSYoungGen: 665776K->928K(666112K)] 921113K->256265K(1223680K), 0.0016510 secs] [Times: user=0.01 sys=0.00, real=0.01 secs] 
208.524: Total time for which application threads were stopped: 0.0018020 seconds, Stopping threads took: 0.0000860 seconds
208.674: Application time: 0.1508830 seconds
208.675: [GC [PSYoungGen: 666016K->752K(666112K)] 921353K->256089K(1223680K), 0.0016620 secs] [Times: user=0.01 sys=0.00, real=0.01 secs] 
208.676: Total time for which application threads were stopped: 0.0017920 seconds, Stopping threads took: 0.0000550 seconds
208.906: Application time: 0.2299580 seconds
208.906: [GC [PSYoungGen: 665840K->496K(666112K)] 921177K->255833K(1223680K), 0.0016750 secs] [Times: user=0.01 sys=0.00, real=0.00 secs] 
208.908: Total time for which application threads were stopped: 0.0018460 seconds, Stopping threads took: 0.0001000 seconds
209.091: Application time: 0.1826360 seconds
209.091: [GC [PSYoungGen: 665584K->640K(666112K)] 920921K->255977K(1223680K), 0.0017460 secs] [Times: user=0.01 sys=0.00, real=0.00 secs] 
209.093: Total time for which application threads were stopped: 0.0018640 seconds, Stopping threads took: 0.0000540 seconds
209.247: Application time: 0.1543340 seconds
209.247: [GC [PSYoungGen: 665728K->720K(666112K)] 921065K->256057K(1223680K), 0.0016640 secs] [Times: user=0.01 sys=0.00, real=0.00 secs] 
209.249: Total time for which application threads were stopped: 0.0018160 seconds, Stopping threads took: 0.0000800 seconds
209.502: Application time: 0.2534120 seconds
209.502: [GC [PSYoungGen: 665808K->688K(666112K)] 921145K->256025K(1223680K), 0.0016700 secs] [Times: user=0.02 sys=0.00, real=0.01 secs] 
209.504: Total time for which application threads were stopped: 0.0018290 seconds, Stopping threads took: 0.0000740 seconds
209.661: Application time: 0.1567990 seconds
209.661: [GC [PSYoungGen: 665776K->832K(666112K)] 921113K->256177K(1223680K), 0.0016720 secs] [Times: user=0.01 sys=0.00, real=0.00 secs] 
209.663: Total time for which application threads were stopped: 0.0018170 seconds, Stopping threads took: 0.0000820 seconds
209.833: Application time: 0.1708680 seconds
209.834: [GC [PSYoungGen: 665920K->560K(666112K)] 921265K->255913K(1223680K), 0.0016510 secs] [Times: user=0.01 sys=0.00, real=0.00 secs] 
209.835: Total time for which application threads were stopped: 0.0018010 seconds, Stopping threads took: 0.0000790 seconds
210.078: Application time: 0.2424500 seconds
210.078: [GC [PSYoungGen: 665648K->672K(666112K)] 921001K->256025K(1223680K), 0.0014730 secs] [Times: user=0.01 sys=0.00, real=0.00 secs] 
210.079: Total time for which application threads were stopped: 0.0015940 seconds, Stopping threads took: 0.0000540 seconds
210.230: Application time: 0.1503930 seconds
210.230: [GC [PSYoungGen: 665760K->752K(666112K)] 921113K->256105K(1223680K), 0.0016230 secs] [Times: user=0.01 sys=0.00, real=0.00 secs] 
210.231: Total time for which application threads were stopped: 0.0017360 seconds, Stopping threads took: 0.0000510 seconds
210.460: Application time: 0.2281160 seconds
210.460: [GC [PSYoungGen: 665840K->544K(666112K)] 921193K->255897K(1223680K), 0.0016660 secs] [Times: user=0.01 sys=0.00, real=0.00 secs] 
210.461: Total time for which application threads were stopped: 0.0018310 seconds, Stopping threads took: 0.0000840 seconds
210.646: Application time: 0.1845070 seconds
210.646: [GC [PSYoungGen: 665632K->736K(666112K)] 920985K->256089K(1223680K), 0.0016630 secs] [Times: user=0.01 sys=0.00, real=0.00 secs] 
210.648: Total time for which application threads were stopped: 0.0017810 seconds, Stopping threads took: 0.0000510 seconds
210.801: Application time: 0.1537970 seconds
210.802: [GC [PSYoungGen: 665824K->720K(666112K)] 921177K->256073K(1223680K), 0.0017350 secs] [Times: user=0.01 sys=0.00, real=0.00 secs] 
210.803: Total time for which application threads were stopped: 0.0018730 seconds, Stopping threads took: 0.0000770 seconds
211.056: Application time: 0.2525200 seconds
211.056: [GC [PSYoungGen: 665808K->704K(666112K)] 921161K->256057K(1223680K), 0.0016810 secs] [Times: user=0.01 sys=0.00, real=0.00 secs] 
211.058: Total time for which application threads were stopped: 0.0018020 seconds, Stopping threads took: 0.0000490 seconds
211.214: Application time: 0.1566560 seconds
211.214: [GC [PSYoungGen: 665792K->832K(666112K)] 921145K->256193K(1223680K), 0.0016360 secs] [Times: user=0.01 sys=0.00, real=0.01 secs] 
211.216: Total time for which application threads were stopped: 0.0017520 seconds, Stopping threads took: 0.0000530 seconds
211.385: Application time: 0.1691220 seconds
211.385: [GC [PSYoungGen: 665920K->608K(666112K)] 921281K->255977K(1223680K), 0.0017260 secs] [Times: user=0.01 sys=0.00, real=0.00 secs] 
211.387: Total time for which application threads were stopped: 0.0018780 seconds, Stopping threads took: 0.0000890 seconds
211.630: Application time: 0.2427440 seconds
211.630: [GC [PSYoungGen: 665696K->800K(666112K)] 921065K->256169K(1223680K), 0.0017670 secs] [Times: user=0.01 sys=0.00, real=0.00 secs] 
211.632: Total time for which application threads were stopped: 0.0019160 seconds, Stopping threads took: 0.0000740 seconds
211.783: Application time: 0.1511340 seconds
211.783: [GC [PSYoungGen: 665888K->688K(666112K)] 921257K->256057K(1223680K), 0.0016410 secs] [Times: user=0.01 sys=0.00, real=0.01 secs] 
211.785: Total time for which application threads were stopped: 0.0018100 seconds, Stopping threads took: 0.0001040 seconds
212.011: Application time: 0.2267120 seconds
212.012: [GC [PSYoungGen: 665776K->400K(666112K)] 921145K->255769K(1223680K), 0.0014490 secs] [Times: user=0.01 sys=0.00, real=0.00 secs] 
212.013: Total time for which application threads were stopped: 0.0016200 seconds, Stopping threads took: 0.0000880 seconds
212.200: Application time: 0.1870870 seconds
212.200: [GC [PSYoungGen: 665488K->752K(666112K)] 920857K->256121K(1223680K), 0.0017330 secs] [Times: user=0.01 sys=0.00, real=0.00 secs] 
212.202: Total time for which application threads were stopped: 0.0018710 seconds, Stopping threads took: 0.0000630 seconds
212.356: Application time: 0.1539060 seconds
212.356: [GC [PSYoungGen: 665840K->800K(666112K)] 921209K->256169K(1223680K), 0.0016220 secs] [Times: user=0.01 sys=0.00, real=0.00 secs] 
212.358: Total time for which application threads were stopped: 0.0017450 seconds, Stopping threads took: 0.0000610 seconds
212.608: Application time: 0.2500280 seconds
212.608: [GC [PSYoungGen: 665888K->672K(666112K)] 921257K->256041K(1223680K), 0.0016520 secs] [Times: user=0.01 sys=0.00, real=0.00 secs] 
212.609: Total time for which application threads were stopped: 0.0017920 seconds, Stopping threads took: 0.0000760 seconds
212.769: Application time: 0.1591500 seconds
212.769: [GC [PSYoungGen: 665760K->784K(666112K)] 921129K->256161K(1223680K), 0.0016520 secs] [Times: user=0.01 sys=0.00, real=0.00 secs] 
212.770: Total time for which application threads were stopped: 0.0018150 seconds, Stopping threads took: 0.0000860 seconds
212.939: Application time: 0.1688800 seconds
212.939: [GC [PSYoungGen: 665872K->592K(666112K)] 921249K->255977K(1223680K), 0.0016810 secs] [Times: user=0.01 sys=0.01, real=0.00 secs] 
212.941: Total time for which application threads were stopped: 0.0018280 seconds, Stopping threads took: 0.0000820 seconds
213.185: Application time: 0.2439680 seconds
213.185: [GC [PSYoungGen: 665680K->768K(666112K)] 921065K->256153K(1223680K), 0.0016530 secs] [Times: user=0.01 sys=0.00, real=0.00 secs] 
213.187: Total time for which application threads were stopped: 0.0017870 seconds, Stopping threads took: 0.0000710 seconds
213.338: Application time: 0.1510430 seconds
213.338: [GC [PSYoungGen: 665856K->672K(666112K)] 921241K->256057K(1223680K), 0.0015850 secs] [Times: user=0.01 sys=0.00, real=0.00 secs] 
213.340: Total time for which application threads were stopped: 0.0017100 seconds, Stopping threads took: 0.0000500 seconds
213.564: Application time: 0.2245190 seconds
213.564: [GC [PSYoungGen: 665760K->448K(666112K)] 921145K->255833K(1223680K), 0.0014700 secs] [Times: user=0.00 sys=0.00, real=0.00 secs] 
213.566: Total time for which application threads were stopped: 0.0016240 seconds, Stopping threads took: 0.0000910 seconds
213.754: Application time: 0.1879460 seconds
213.755: [GC [PSYoungGen: 665536K->672K(666112K)] 920921K->256057K(1223680K), 0.0017040 secs] [Times: user=0.00 sys=0.00, real=0.01 secs] 
213.756: Total time for which application threads were stopped: 0.0025210 seconds, Stopping threads took: 0.0007420 seconds
213.908: Application time: 0.1518080 seconds
213.908: [GC [PSYoungGen: 665760K->752K(666112K)] 921145K->256137K(1223680K), 0.0016680 secs] [Times: user=0.01 sys=0.00, real=0.00 secs] 
213.910: Total time for which application threads were stopped: 0.0018160 seconds, Stopping threads took: 0.0000730 seconds
214.161: Application time: 0.2512260 seconds
214.161: [GC [PSYoungGen: 665840K->688K(666112K)] 921225K->256073K(1223680K), 0.0017530 secs] [Times: user=0.01 sys=0.00, real=0.00 secs] 
214.163: Total time for which application threads were stopped: 0.0019130 seconds, Stopping threads took: 0.0000930 seconds
214.323: Application time: 0.1597450 seconds
214.323: [GC [PSYoungGen: 665776K->608K(666112K)] 921161K->256001K(1223680K), 0.0016460 secs] [Times: user=0.01 sys=0.00, real=0.01 secs] 
214.325: Total time for which application threads were stopped: 0.0017950 seconds, Stopping threads took: 0.0000840 seconds
214.492: Application time: 0.1675010 seconds
214.492: [GC [PSYoungGen: 665696K->592K(666112K)] 921089K->255993K(1223680K), 0.0016890 secs] [Times: user=0.02 sys=0.00, real=0.00 secs] 
214.494: Total time for which application threads were stopped: 0.0018300 seconds, Stopping threads took: 0.0000680 seconds
214.739: Application time: 0.2448510 seconds
214.739: [GC [PSYoungGen: 665680K->768K(666112K)] 921081K->256169K(1223680K), 0.0016750 secs] [Times: user=0.01 sys=0.00, real=0.00 secs] 
214.741: Total time for which application threads were stopped: 0.0018150 seconds, Stopping threads took: 0.0000690 seconds
214.892: Application time: 0.1514600 seconds
214.892: [GC [PSYoungGen: 665856K->640K(666112K)] 921257K->256041K(1223680K), 0.0016620 secs] [Times: user=0.01 sys=0.00, real=0.00 secs] 
214.894: Total time for which application threads were stopped: 0.0017710 seconds, Stopping threads took: 0.0000470 seconds
215.118: Application time: 0.2243980 seconds
215.118: [GC [PSYoungGen: 665728K->528K(666112K)] 921129K->255929K(1223680K), 0.0016820 secs] [Times: user=0.01 sys=0.00, real=0.00 secs] 
215.120: Total time for which application threads were stopped: 0.0018450 seconds, Stopping threads took: 0.0000810 seconds
215.308: Application time: 0.1878770 seconds
215.308: [GC [PSYoungGen: 665616K->768K(666112K)] 921017K->256169K(1223680K), 0.0016410 secs] [Times: user=0.02 sys=0.00, real=0.00 secs] 
215.310: Total time for which application threads were stopped: 0.0017820 seconds, Stopping threads took: 0.0000750 seconds
215.462: Application time: 0.1525530 seconds
215.462: [GC [PSYoungGen: 665856K->624K(666112K)] 921257K->256025K(1223680K), 0.0016720 secs] [Times: user=0.01 sys=0.00, real=0.01 secs] 
215.464: Total time for which application threads were stopped: 0.0018120 seconds, Stopping threads took: 0.0000770 seconds
215.715: Application time: 0.2504850 seconds
215.715: [GC [PSYoungGen: 665712K->736K(666112K)] 921113K->256137K(1223680K), 0.0017260 secs] [Times: user=0.01 sys=0.00, real=0.01 secs] 
215.717: Total time for which application threads were stopped: 0.0018780 seconds, Stopping threads took: 0.0000700 seconds
215.877: Application time: 0.1608510 seconds
215.878: [GC [PSYoungGen: 665824K->752K(666112K)] 921225K->256161K(1223680K), 0.0016320 secs] [Times: user=0.01 sys=0.00, real=0.00 secs] 
215.879: Total time for which application threads were stopped: 0.0018160 seconds, Stopping threads took: 0.0001220 seconds
216.045: Application time: 0.1662780 seconds
216.046: [GC [PSYoungGen: 665840K->592K(666112K)] 921249K->256009K(1223680K), 0.0017340 secs] [Times: user=0.01 sys=0.00, real=0.00 secs] 
216.047: Total time for which application threads were stopped: 0.0018610 seconds, Stopping threads took: 0.0000660 seconds
216.291: Application time: 0.2440050 seconds
216.291: [GC [PSYoungGen: 665680K->752K(666112K)] 921097K->256169K(1223680K), 0.0014640 secs] [Times: user=0.00 sys=0.00, real=0.00 secs] 
216.293: Total time for which application threads were stopped: 0.0016210 seconds, Stopping threads took: 0.0000860 seconds
216.444: Application time: 0.1507310 seconds
216.444: [GC [PSYoungGen: 665840K->720K(666112K)] 921257K->256137K(1223680K), 0.0016220 secs] [Times: user=0.01 sys=0.00, real=0.00 secs] 
216.445: Total time for which application threads were stopped: 0.0017350 seconds, Stopping threads took: 0.0000510 seconds
216.666: Application time: 0.2206820 seconds
216.666: [GC [PSYoungGen: 665808K->464K(666112K)] 921225K->255881K(1223680K), 0.0017080 secs] [Times: user=0.01 sys=0.00, real=0.00 secs] 
216.668: Total time for which application threads were stopped: 0.0018620 seconds, Stopping threads took: 0.0000830 seconds
216.859: Application time: 0.1905280 seconds
216.859: [GC [PSYoungGen: 665552K->688K(666112K)] 920969K->256105K(1223680K), 0.0016530 secs] [Times: user=0.02 sys=0.00, real=0.00 secs] 
216.860: Total time for which application threads were stopped: 0.0017860 seconds, Stopping threads took: 0.0000620 seconds
217.013: Application time: 0.1526820 seconds
217.013: [GC [PSYoungGen: 665776K->640K(666112K)] 921193K->256057K(1223680K), 0.0016590 secs] [Times: user=0.01 sys=0.00, real=0.00 secs] 
217.015: Total time for which application threads were stopped: 0.0017930 seconds, Stopping threads took: 0.0000730 seconds
217.264: Application time: 0.2496600 seconds
217.265: [GC [PSYoungGen: 665728K->656K(666112K)] 921145K->256073K(1223680K), 0.0015020 secs] [Times: user=0.01 sys=0.00, real=0.00 secs] 
217.266: Total time for which application threads were stopped: 0.0016630 seconds, Stopping threads took: 0.0000940 seconds
217.427: Application time: 0.1605830 seconds
217.427: [GC [PSYoungGen: 665744K->608K(666112K)] 921161K->256033K(1223680K), 0.0017680 secs] [Times: user=0.01 sys=0.00, real=0.00 secs] 
217.429: Total time for which application threads were stopped: 0.0018950 seconds, Stopping threads took: 0.0000520 seconds
217.598: Application time: 0.1691140 seconds
217.598: [GC [PSYoungGen: 665696K->544K(666112K)] 921121K->255977K(1223680K), 0.0016510 secs] [Times: user=0.01 sys=0.00, real=0.00 secs] 
217.600: Total time for which application threads were stopped: 0.0017960 seconds, Stopping threads took: 0.0000840 seconds
217.842: Application time: 0.2429490 seconds
217.843: [GC [PSYoungGen: 665632K->736K(666112K)] 921065K->256169K(1223680K), 0.0017300 secs] [Times: user=0.01 sys=0.00, real=0.01 secs] 
217.844: Total time for which application threads were stopped: 0.0018740 seconds, Stopping threads took: 0.0000760 seconds
217.995: Application time: 0.1511330 seconds
217.996: [GC [PSYoungGen: 665824K->672K(666112K)] 921257K->256105K(1223680K), 0.0015810 secs] [Times: user=0.01 sys=0.00, real=0.00 secs] 
217.997: Total time for which application threads were stopped: 0.0017210 seconds, Stopping threads took: 0.0000700 seconds
218.217: Application time: 0.2200660 seconds
218.217: [GC [PSYoungGen: 665760K->496K(666112K)] 921193K->255929K(1223680K), 0.0016440 secs] [Times: user=0.01 sys=0.00, real=0.00 secs] 
218.219: Total time for which application threads were stopped: 0.0017880 seconds, Stopping threads took: 0.0000730 seconds
218.411: Application time: 0.1921910 seconds
218.411: [GC [PSYoungGen: 665584K->704K(666112K)] 921017K->256137K(1223680K), 0.0016860 secs] [Times: user=0.01 sys=0.00, real=0.00 secs] 
218.413: Total time for which application threads were stopped: 0.0018220 seconds, Stopping threads took: 0.0000700 seconds
218.565: Application time: 0.1520050 seconds
218.565: [GC [PSYoungGen: 665792K->688K(666112K)] 921225K->256121K(1223680K), 0.0017630 secs] [Times: user=0.02 sys=0.00, real=0.00 secs] 
218.567: Total time for which application threads were stopped: 0.0019100 seconds, Stopping threads took: 0.0000750 seconds
218.817: Application time: 0.2502440 seconds
218.817: [GC [PSYoungGen: 665776K->688K(666112K)] 921209K->256121K(1223680K), 0.0016240 secs] [Times: user=0.01 sys=0.00, real=0.00 secs] 
218.819: Total time for which application threads were stopped: 0.0017570 seconds, Stopping threads took: 0.0000720 seconds
218.981: Application time: 0.1615380 seconds
218.981: [GC [PSYoungGen: 665776K->752K(666112K)] 921209K->256193K(1223680K), 0.0016170 secs] [Times: user=0.01 sys=0.00, real=0.00 secs] 
218.982: Total time for which application threads were stopped: 0.0017300 seconds, Stopping threads took: 0.0000490 seconds
219.150: Application time: 0.1679550 seconds
219.150: [GC [PSYoungGen: 665840K->592K(666112K)] 921281K->256041K(1223680K), 0.0016720 secs] [Times: user=0.01 sys=0.00, real=0.00 secs] 
219.152: Total time for which application threads were stopped: 0.0018420 seconds, Stopping threads took: 0.0000910 seconds
219.396: Application time: 0.2444120 seconds
219.397: [GC [PSYoungGen: 665680K->752K(666112K)] 921129K->256201K(1223680K), 0.0014640 secs] [Times: user=0.01 sys=0.00, real=0.00 secs] 
219.398: Total time for which application threads were stopped: 0.0016030 seconds, Stopping threads took: 0.0000720 seconds
219.549: Application time: 0.1510500 seconds
219.549: [GC [PSYoungGen: 665840K->656K(666112K)] 921289K->256105K(1223680K), 0.0017330 secs] [Times: user=0.01 sys=0.00, real=0.00 secs] 
219.551: Total time for which application threads were stopped: 0.0018590 seconds, Stopping threads took: 0.0000630 seconds
219.768: Application time: 0.2165580 seconds
219.768: [GC [PSYoungGen: 665744K->496K(666112K)] 921193K->255945K(1223680K), 0.0016510 secs] [Times: user=0.01 sys=0.00, real=0.00 secs] 
219.769: Total time for which application threads were stopped: 0.0017950 seconds, Stopping threads took: 0.0000570 seconds
219.963: Application time: 0.1940840 seconds
219.964: [GC [PSYoungGen: 665584K->800K(666112K)] 921033K->256249K(1223680K), 0.0015620 secs] [Times: user=0.01 sys=0.00, real=0.00 secs] 
219.965: Total time for which application threads were stopped: 0.0016960 seconds, Stopping threads took: 0.0000610 seconds
220.118: Application time: 0.1529760 seconds
220.118: [GC [PSYoungGen: 665888K->768K(666112K)] 921337K->256217K(1223680K), 0.0016540 secs] [Times: user=0.01 sys=0.00, real=0.00 secs] 
220.120: Total time for which application threads were stopped: 0.0017890 seconds, Stopping threads took: 0.0000720 seconds
220.368: Application time: 0.2484430 seconds
220.369: [GC [PSYoungGen: 665856K->672K(666112K)] 921305K->256121K(1223680K), 0.0016540 secs] [Times: user=0.01 sys=0.00, real=0.00 secs] 
220.370: Total time for which application threads were stopped: 0.0018140 seconds, Stopping threads took: 0.0000830 seconds
220.532: Application time: 0.1613650 seconds
220.532: [GC [PSYoungGen: 665760K->656K(666112K)] 921209K->256113K(1223680K), 0.0016590 secs] [Times: user=0.01 sys=0.00, real=0.00 secs] 
220.533: Total time for which application threads were stopped: 0.0017740 seconds, Stopping threads took: 0.0000530 seconds
220.701: Application time: 0.1677910 seconds
220.701: [GC [PSYoungGen: 665744K->512K(666112K)] 921201K->255977K(1223680K), 0.0016530 secs] [Times: user=0.01 sys=0.00, real=0.00 secs] 
220.703: Total time for which application threads were stopped: 0.0017750 seconds, Stopping threads took: 0.0000610 seconds
220.945: Application time: 0.2422420 seconds
220.945: [GC [PSYoungGen: 665600K->608K(666112K)] 921065K->256073K(1223680K), 0.0016520 secs] [Times: user=0.01 sys=0.00, real=0.00 secs] 
220.947: Total time for which application threads were stopped: 0.0017910 seconds, Stopping threads took: 0.0000640 seconds
221.098: Application time: 0.1510790 seconds
221.098: [GC [PSYoungGen: 665696K->736K(666112K)] 921161K->256201K(1223680K), 0.0016780 secs] [Times: user=0.01 sys=0.00, real=0.00 secs] 
221.100: Total time for which application threads were stopped: 0.0017980 seconds, Stopping threads took: 0.0000560 seconds
221.313: Application time: 0.2129330 seconds
221.313: [GC [PSYoungGen: 665824K->496K(666112K)] 921289K->255961K(1223680K), 0.0016730 secs] [Times: user=0.01 sys=0.00, real=0.00 secs] 
221.315: Total time for which application threads were stopped: 0.0017990 seconds, Stopping threads took: 0.0000650 seconds
221.512: Application time: 0.1978780 seconds
221.513: [GC [PSYoungGen: 665584K->704K(666112K)] 921049K->256169K(1223680K), 0.0016880 secs] [Times: user=0.01 sys=0.00, real=0.00 secs] 
221.514: Total time for which application threads were stopped: 0.0018380 seconds, Stopping threads took: 0.0000770 seconds
221.669: Application time: 0.1545450 seconds
221.669: [GC [PSYoungGen: 665792K->624K(666112K)] 921257K->256089K(1223680K), 0.0016550 secs] [Times: user=0.01 sys=0.00, real=0.00 secs] 
221.671: Total time for which application threads were stopped: 0.0018160 seconds, Stopping threads took: 0.0000940 seconds
221.918: Application time: 0.2474880 seconds
221.918: [GC [PSYoungGen: 665712K->688K(666112K)] 921177K->256153K(1223680K), 0.0016680 secs] [Times: user=0.01 sys=0.00, real=0.00 secs] 
221.920: Total time for which application threads were stopped: 0.0018250 seconds, Stopping threads took: 0.0000910 seconds
222.084: Application time: 0.1642760 seconds
222.084: [GC [PSYoungGen: 665776K->816K(666112K)] 921241K->256289K(1223680K), 0.0017310 secs] [Times: user=0.01 sys=0.00, real=0.00 secs] 
222.086: Total time for which application threads were stopped: 0.0018680 seconds, Stopping threads took: 0.0000640 seconds
222.256: Application time: 0.1695690 seconds
222.256: [GC [PSYoungGen: 665904K->528K(666112K)] 921377K->256009K(1223680K), 0.0016170 secs] [Times: user=0.01 sys=0.00, real=0.00 secs] 
222.257: Total time for which application threads were stopped: 0.0017420 seconds, Stopping threads took: 0.0000630 seconds
222.500: Application time: 0.2421650 seconds
222.500: [GC [PSYoungGen: 665616K->688K(666112K)] 921097K->256169K(1223680K), 0.0016750 secs] [Times: user=0.01 sys=0.00, real=0.00 secs] 
222.501: Total time for which application threads were stopped: 0.0017990 seconds, Stopping threads took: 0.0000630 seconds
222.655: Application time: 0.1532500 seconds
222.655: [GC [PSYoungGen: 665776K->768K(666112K)] 921257K->256249K(1223680K), 0.0015330 secs] [Times: user=0.01 sys=0.00, real=0.01 secs] 
222.656: Total time for which application threads were stopped: 0.0016790 seconds, Stopping threads took: 0.0000760 seconds
222.869: Application time: 0.2126150 seconds
222.869: [GC [PSYoungGen: 665856K->464K(666112K)] 921337K->255945K(1223680K), 0.0018010 secs] [Times: user=0.01 sys=0.00, real=0.00 secs] 
222.871: Total time for which application threads were stopped: 0.0019800 seconds, Stopping threads took: 0.0001070 seconds
223.069: Application time: 0.1982410 seconds
223.069: [GC [PSYoungGen: 665552K->736K(666112K)] 921033K->256217K(1223680K), 0.0015910 secs] [Times: user=0.01 sys=0.00, real=0.00 secs] 
223.071: Total time for which application threads were stopped: 0.0017130 seconds, Stopping threads took: 0.0000570 seconds
223.224: Application time: 0.1532720 seconds
223.224: [GC [PSYoungGen: 665824K->704K(666112K)] 921305K->256185K(1223680K), 0.0016810 secs] [Times: user=0.01 sys=0.00, real=0.00 secs] 
223.226: Total time for which application threads were stopped: 0.0018420 seconds, Stopping threads took: 0.0000910 seconds
223.469: Application time: 0.2427590 seconds
223.469: [GC [PSYoungGen: 665792K->672K(666112K)] 921273K->256153K(1223680K), 0.0014530 secs] [Times: user=0.01 sys=0.00, real=0.00 secs] 
223.470: Total time for which application threads were stopped: 0.0015890 seconds, Stopping threads took: 0.0000690 seconds
223.634: Application time: 0.1638110 seconds
223.634: [GC [PSYoungGen: 665760K->768K(666112K)] 921241K->256257K(1223680K), 0.0016410 secs] [Times: user=0.01 sys=0.00, real=0.01 secs] 
223.636: Total time for which application threads were stopped: 0.0017690 seconds, Stopping threads took: 0.0000640 seconds
223.805: Application time: 0.1686290 seconds
223.805: [GC [PSYoungGen: 665856K->544K(666112K)] 921345K->256041K(1223680K), 0.0016320 secs] [Times: user=0.01 sys=0.00, real=0.00 secs] 
223.806: Total time for which application threads were stopped: 0.0017780 seconds, Stopping threads took: 0.0000730 seconds
224.048: Application time: 0.2414540 seconds
224.048: [GC [PSYoungGen: 665632K->720K(666112K)] 921129K->256217K(1223680K), 0.0015790 secs] [Times: user=0.01 sys=0.00, real=0.00 secs] 
224.049: Total time for which application threads were stopped: 0.0016810 seconds, Stopping threads took: 0.0000360 seconds
224.201: Application time: 0.1514240 seconds
224.201: [GC [PSYoungGen: 665808K->736K(666112K)] 921305K->256233K(1223680K), 0.0016560 secs] [Times: user=0.01 sys=0.00, real=0.00 secs] 
224.203: Total time for which application threads were stopped: 0.0017850 seconds, Stopping threads took: 0.0000660 seconds
224.411: Application time: 0.2083390 seconds
224.411: [GC [PSYoungGen: 665824K->512K(666112K)] 921321K->256009K(1223680K), 0.0016310 secs] [Times: user=0.01 sys=0.00, real=0.00 secs] 
224.413: Total time for which application threads were stopped: 0.0018050 seconds, Stopping threads took: 0.0000930 seconds
224.617: Application time: 0.2038360 seconds
224.617: [GC [PSYoungGen: 665600K->672K(666112K)] 921097K->256169K(1223680K), 0.0017720 secs] [Times: user=0.01 sys=0.00, real=0.00 secs] 
224.619: Total time for which application threads were stopped: 0.0019000 seconds, Stopping threads took: 0.0000670 seconds
224.772: Application time: 0.1537870 seconds
224.772: [GC [PSYoungGen: 665760K->720K(666112K)] 921257K->256217K(1223680K), 0.0016430 secs] [Times: user=0.01 sys=0.00, real=0.00 secs] 
224.774: Total time for which application threads were stopped: 0.0017730 seconds, Stopping threads took: 0.0000680 seconds
225.017: Application time: 0.2426560 seconds
225.017: [GC [PSYoungGen: 665808K->576K(666112K)] 921305K->256073K(1223680K), 0.0016200 secs] [Times: user=0.00 sys=0.00, real=0.00 secs] 
225.019: Total time for which application threads were stopped: 0.0017470 seconds, Stopping threads took: 0.0000510 seconds
225.184: Application time: 0.1655240 seconds
225.184: [GC [PSYoungGen: 665664K->800K(666112K)] 921161K->256305K(1223680K), 0.0016610 secs] [Times: user=0.01 sys=0.00, real=0.00 secs] 
225.186: Total time for which application threads were stopped: 0.0017700 seconds, Stopping threads took: 0.0000460 seconds
225.355: Application time: 0.1691780 seconds
225.355: [GC [PSYoungGen: 665888K->640K(666112K)] 921393K->256161K(1223680K), 0.0016950 secs] [Times: user=0.01 sys=0.00, real=0.01 secs] 
225.357: Total time for which application threads were stopped: 0.0018360 seconds, Stopping threads took: 0.0000770 seconds
225.597: Application time: 0.2403790 seconds
225.597: [GC [PSYoungGen: 665728K->736K(666112K)] 921249K->256257K(1223680K), 0.0016420 secs] [Times: user=0.01 sys=0.00, real=0.00 secs] 
225.599: Total time for which application threads were stopped: 0.0017780 seconds, Stopping threads took: 0.0000630 seconds
225.751: Application time: 0.1521700 seconds
225.751: [GC [PSYoungGen: 665824K->672K(666112K)] 921345K->256193K(1223680K), 0.0017010 secs] [Times: user=0.01 sys=0.00, real=0.00 secs] 
225.753: Total time for which application threads were stopped: 0.0018310 seconds, Stopping threads took: 0.0000530 seconds
225.960: Application time: 0.2073010 seconds
225.960: [GC [PSYoungGen: 665760K->496K(666112K)] 921281K->256017K(1223680K), 0.0016400 secs] [Times: user=0.00 sys=0.00, real=0.00 secs] 
225.962: Total time for which application threads were stopped: 0.0018040 seconds, Stopping threads took: 0.0000970 seconds
226.166: Application time: 0.2036560 seconds
226.166: [GC [PSYoungGen: 665584K->832K(666112K)] 921105K->256353K(1223680K), 0.0017420 secs] [Times: user=0.02 sys=0.00, real=0.00 secs] 
226.168: Total time for which application threads were stopped: 0.0018990 seconds, Stopping threads took: 0.0000800 seconds
226.321: Application time: 0.1536990 seconds
226.322: [GC [PSYoungGen: 665920K->672K(666112K)] 921441K->256193K(1223680K), 0.0016440 secs] [Times: user=0.01 sys=0.00, real=0.00 secs] 
226.323: Total time for which application threads were stopped: 0.0017790 seconds, Stopping threads took: 0.0000710 seconds
226.565: Application time: 0.2415730 seconds
226.565: [GC [PSYoungGen: 665760K->544K(666112K)] 921281K->256065K(1223680K), 0.0017530 secs] [Times: user=0.01 sys=0.00, real=0.00 secs] 
226.567: Total time for which application threads were stopped: 0.0019140 seconds, Stopping threads took: 0.0000920 seconds
226.735: Application time: 0.1678600 seconds
226.735: [GC [PSYoungGen: 665632K->768K(666112K)] 921153K->256297K(1223680K), 0.0016820 secs] [Times: user=0.01 sys=0.00, real=0.01 secs] 
226.736: Total time for which application threads were stopped: 0.0018370 seconds, Stopping threads took: 0.0000770 seconds
226.906: Application time: 0.1700380 seconds
226.907: [GC [PSYoungGen: 665856K->560K(666112K)] 921385K->256097K(1223680K), 0.0016320 secs] [Times: user=0.01 sys=0.00, real=0.00 secs] 
226.908: Total time for which application threads were stopped: 0.0017750 seconds, Stopping threads took: 0.0000800 seconds
227.148: Application time: 0.2401050 seconds
227.148: [GC [PSYoungGen: 665648K->816K(666112K)] 921185K->256353K(1223680K), 0.0017350 secs] [Times: user=0.02 sys=0.00, real=0.00 secs] 
227.150: Total time for which application threads were stopped: 0.0018640 seconds, Stopping threads took: 0.0000620 seconds
227.303: Application time: 0.1531630 seconds
227.303: [GC [PSYoungGen: 665904K->832K(666112K)] 921441K->256369K(1223680K), 0.0014590 secs] [Times: user=0.01 sys=0.00, real=0.01 secs] 
227.305: Total time for which application threads were stopped: 0.0016050 seconds, Stopping threads took: 0.0000670 seconds
227.515: Application time: 0.2103310 seconds
227.515: [GC [PSYoungGen: 665920K->448K(666112K)] 921457K->255985K(1223680K), 0.0017840 secs] [Times: user=0.01 sys=0.00, real=0.01 secs] 
227.517: Total time for which application threads were stopped: 0.0019190 seconds, Stopping threads took: 0.0000530 seconds
227.720: Application time: 0.2026650 seconds
227.720: [GC [PSYoungGen: 665536K->816K(666112K)] 921073K->256353K(1223680K), 0.0016480 secs] [Times: user=0.01 sys=0.00, real=0.00 secs] 
227.722: Total time for which application threads were stopped: 0.0017760 seconds, Stopping threads took: 0.0000580 seconds
227.875: Application time: 0.1535990 seconds
227.875: [GC [PSYoungGen: 665904K->624K(666112K)] 921441K->256161K(1223680K), 0.0016680 secs] [Times: user=0.02 sys=0.00, real=0.01 secs] 
227.877: Total time for which application threads were stopped: 0.0018380 seconds, Stopping threads took: 0.0000980 seconds
228.119: Application time: 0.2417970 seconds
228.119: [GC [PSYoungGen: 665712K->592K(666112K)] 921249K->256129K(1223680K), 0.0016750 secs] [Times: user=0.01 sys=0.00, real=0.00 secs] 
228.121: Total time for which application threads were stopped: 0.0018460 seconds, Stopping threads took: 0.0001010 seconds
228.291: Application time: 0.1703380 seconds
228.291: [GC [PSYoungGen: 665680K->704K(666112K)] 921217K->256249K(1223680K), 0.0016790 secs] [Times: user=0.01 sys=0.01, real=0.00 secs] 
228.293: Total time for which application threads were stopped: 0.0018080 seconds, Stopping threads took: 0.0000640 seconds
228.464: Application time: 0.1706700 seconds
228.464: [GC [PSYoungGen: 665792K->592K(666112K)] 921337K->256145K(1223680K), 0.0017070 secs] [Times: user=0.01 sys=0.00, real=0.00 secs] 
228.465: Total time for which application threads were stopped: 0.0018580 seconds, Stopping threads took: 0.0000790 seconds
228.705: Application time: 0.2399760 seconds
228.706: [GC [PSYoungGen: 665680K->736K(666112K)] 921233K->256289K(1223680K), 0.0016690 secs] [Times: user=0.01 sys=0.00, real=0.00 secs] 
228.707: Total time for which application threads were stopped: 0.0018190 seconds, Stopping threads took: 0.0000820 seconds
228.862: Application time: 0.1551280 seconds
228.862: [GC [PSYoungGen: 665824K->720K(666112K)] 921377K->256273K(1223680K), 0.0016520 secs] [Times: user=0.01 sys=0.00, real=0.01 secs] 
228.864: Total time for which application threads were stopped: 0.0017880 seconds, Stopping threads took: 0.0000710 seconds
229.073: Application time: 0.2091250 seconds
229.073: [GC [PSYoungGen: 665808K->496K(666112K)] 921361K->256049K(1223680K), 0.0017740 secs] [Times: user=0.01 sys=0.00, real=0.00 secs] 
229.075: Total time for which application threads were stopped: 0.0019480 seconds, Stopping threads took: 0.0000930 seconds
229.281: Application time: 0.2055510 seconds
229.281: [GC [PSYoungGen: 665584K->784K(666112K)] 921137K->256337K(1223680K), 0.0017380 secs] [Times: user=0.01 sys=0.00, real=0.00 secs] 
229.283: Total time for which application threads were stopped: 0.0018630 seconds, Stopping threads took: 0.0000610 seconds
229.437: Application time: 0.1541300 seconds
229.437: [GC [PSYoungGen: 665872K->640K(666112K)] 921425K->256193K(1223680K), 0.0016540 secs] [Times: user=0.01 sys=0.00, real=0.00 secs] 
229.439: Total time for which application threads were stopped: 0.0017780 seconds, Stopping threads took: 0.0000610 seconds
229.678: Application time: 0.2398690 seconds
229.679: [GC [PSYoungGen: 665728K->576K(666112K)] 921281K->256129K(1223680K), 0.0016730 secs] [Times: user=0.01 sys=0.01, real=0.00 secs] 
229.680: Total time for which application threads were stopped: 0.0018480 seconds, Stopping threads took: 0.0000910 seconds
229.853: Application time: 0.1723450 seconds
229.853: [GC [PSYoungGen: 665664K->768K(666112K)] 921217K->256329K(1223680K), 0.0016700 secs] [Times: user=0.01 sys=0.00, real=0.00 secs] 
229.854: Total time for which application threads were stopped: 0.0017930 seconds, Stopping threads took: 0.0000580 seconds
230.025: Application time: 0.1702870 seconds
230.025: [GC [PSYoungGen: 665856K->576K(666112K)] 921417K->256145K(1223680K), 0.0015400 secs] [Times: user=0.01 sys=0.00, real=0.00 secs] 
230.026: Total time for which application threads were stopped: 0.0016740 seconds, Stopping threads took: 0.0000700 seconds
230.264: Application time: 0.2372310 seconds
230.264: [GC [PSYoungGen: 665664K->720K(666112K)] 921233K->256289K(1223680K), 0.0016440 secs] [Times: user=0.01 sys=0.00, real=0.00 secs] 
230.265: Total time for which application threads were stopped: 0.0017950 seconds, Stopping threads took: 0.0000780 seconds
230.421: Application time: 0.1551790 seconds
230.421: [GC [PSYoungGen: 665808K->784K(666112K)] 921377K->256353K(1223680K), 0.0016410 secs] [Times: user=0.01 sys=0.00, real=0.00 secs] 
230.422: Total time for which application threads were stopped: 0.0017480 seconds, Stopping threads took: 0.0000440 seconds
230.627: Application time: 0.2043420 seconds
230.627: [GC [PSYoungGen: 665872K->448K(666112K)] 921441K->256017K(1223680K), 0.0016970 secs] [Times: user=0.01 sys=0.00, real=0.00 secs] 
230.629: Total time for which application threads were stopped: 0.0018630 seconds, Stopping threads took: 0.0000960 seconds
230.836: Application time: 0.2072410 seconds
230.836: [GC [PSYoungGen: 665536K->832K(666112K)] 921105K->256401K(1223680K), 0.0016450 secs] [Times: user=0.01 sys=0.00, real=0.00 secs] 
230.838: Total time for which application threads were stopped: 0.0017800 seconds, Stopping threads took: 0.0000630 seconds
230.993: Application time: 0.1553200 seconds
230.993: [GC [PSYoungGen: 665920K->720K(666112K)] 921489K->256289K(1223680K), 0.0016480 secs] [Times: user=0.01 sys=0.00, real=0.00 secs] 
230.995: Total time for which application threads were stopped: 0.0018060 seconds, Stopping threads took: 0.0000950 seconds
231.230: Application time: 0.2352440 seconds
231.230: [GC [PSYoungGen: 665808K->576K(666112K)] 921377K->256145K(1223680K), 0.0017960 secs] [Times: user=0.01 sys=0.00, real=0.00 secs] 
231.232: Total time for which application threads were stopped: 0.0019530 seconds, Stopping threads took: 0.0000880 seconds
231.405: Application time: 0.1728370 seconds
231.405: [GC [PSYoungGen: 665664K->752K(666112K)] 921233K->256329K(1223680K), 0.0017420 secs] [Times: user=0.01 sys=0.00, real=0.00 secs] 
231.407: Total time for which application threads were stopped: 0.0018710 seconds, Stopping threads took: 0.0000520 seconds
231.579: Application time: 0.1719980 seconds
231.579: [GC [PSYoungGen: 665840K->656K(666112K)] 921417K->256241K(1223680K), 0.0016600 secs] [Times: user=0.01 sys=0.00, real=0.00 secs] 
231.580: Total time for which application threads were stopped: 0.0018100 seconds, Stopping threads took: 0.0000870 seconds
231.818: Application time: 0.2371040 seconds
231.818: [GC [PSYoungGen: 665744K->720K(666112K)] 921329K->256305K(1223680K), 0.0016590 secs] [Times: user=0.01 sys=0.00, real=0.00 secs] 
231.819: Total time for which application threads were stopped: 0.0018250 seconds, Stopping threads took: 0.0000990 seconds
231.975: Application time: 0.1555510 seconds
231.975: [GC [PSYoungGen: 665808K->768K(666112K)] 921393K->256353K(1223680K), 0.0016380 secs] [Times: user=0.01 sys=0.00, real=0.01 secs] 
231.977: Total time for which application threads were stopped: 0.0017910 seconds, Stopping threads took: 0.0000790 seconds
232.180: Application time: 0.2034720 seconds
232.180: [GC [PSYoungGen: 665856K->592K(666112K)] 921441K->256177K(1223680K), 0.0014520 secs] [Times: user=0.01 sys=0.00, real=0.00 secs] 
232.182: Total time for which application threads were stopped: 0.0016120 seconds, Stopping threads took: 0.0000980 seconds
232.391: Application time: 0.2095150 seconds
232.391: [GC [PSYoungGen: 665680K->688K(666112K)] 921265K->256273K(1223680K), 0.0017660 secs] [Times: user=0.02 sys=0.00, real=0.00 secs] 
232.393: Total time for which application threads were stopped: 0.0018750 seconds, Stopping threads took: 0.0000450 seconds
232.550: Application time: 0.1568080 seconds
232.550: [GC [PSYoungGen: 665776K->592K(666112K)] 921361K->256177K(1223680K), 0.0014530 secs] [Times: user=0.01 sys=0.00, real=0.00 secs] 
232.552: Total time for which application threads were stopped: 0.0015920 seconds, Stopping threads took: 0.0000630 seconds
232.785: Application time: 0.2330760 seconds
232.785: [GC [PSYoungGen: 665680K->624K(666112K)] 921265K->256209K(1223680K), 0.0016510 secs] [Times: user=0.01 sys=0.00, real=0.00 secs] 
232.787: Total time for which application threads were stopped: 0.0018240 seconds, Stopping threads took: 0.0001090 seconds
232.961: Application time: 0.1745080 seconds
232.961: [GC [PSYoungGen: 665712K->672K(666112K)] 921297K->256265K(1223680K), 0.0016700 secs] [Times: user=0.01 sys=0.00, real=0.00 secs] 
232.963: Total time for which application threads were stopped: 0.0017990 seconds, Stopping threads took: 0.0000670 seconds
233.135: Application time: 0.1725270 seconds
233.135: [GC [PSYoungGen: 665760K->544K(666112K)] 921353K->256145K(1223680K), 0.0014710 secs] [Times: user=0.01 sys=0.00, real=0.01 secs] 
233.137: Total time for which application threads were stopped: 0.0016180 seconds, Stopping threads took: 0.0000720 seconds
233.373: Application time: 0.2362320 seconds
233.373: [GC [PSYoungGen: 665632K->720K(639488K)] 921233K->256321K(1197056K), 0.0015780 secs] [Times: user=0.01 sys=0.00, real=0.00 secs] 
233.375: Total time for which application threads were stopped: 0.0016900 seconds, Stopping threads took: 0.0000490 seconds
233.525: Application time: 0.1501400 seconds
233.525: [GC [PSYoungGen: 639184K->496K(642560K)] 894785K->256209K(1200128K), 0.0016660 secs] [Times: user=0.01 sys=0.00, real=0.00 secs] 
233.527: Total time for which application threads were stopped: 0.0017740 seconds, Stopping threads took: 0.0000470 seconds
233.717: Application time: 0.1901570 seconds
233.717: [GC [PSYoungGen: 642544K->496K(647168K)] 898257K->256209K(1204736K), 0.0016890 secs] [Times: user=0.01 sys=0.00, real=0.00 secs] 
233.719: Total time for which application threads were stopped: 0.0018180 seconds, Stopping threads took: 0.0000570 seconds
233.930: Application time: 0.2114680 seconds
233.930: [GC [PSYoungGen: 646640K->560K(650752K)] 902353K->256273K(1208320K), 0.0016660 secs] [Times: user=0.01 sys=0.00, real=0.00 secs] 
233.932: Total time for which application threads were stopped: 0.0018130 seconds, Stopping threads took: 0.0000860 seconds
234.083: Application time: 0.1511010 seconds
234.083: [GC [PSYoungGen: 650288K->576K(654848K)] 906001K->256289K(1212416K), 0.0017230 secs] [Times: user=0.01 sys=0.00, real=0.01 secs] 
234.085: Total time for which application threads were stopped: 0.0018700 seconds, Stopping threads took: 0.0000840 seconds
234.300: Application time: 0.2144750 seconds
234.300: [GC [PSYoungGen: 654400K->464K(658432K)] 910113K->256177K(1216000K), 0.0016550 secs] [Times: user=0.01 sys=0.00, real=0.00 secs] 
234.301: Total time for which application threads were stopped: 0.0018060 seconds, Stopping threads took: 0.0000730 seconds
234.492: Application time: 0.1902440 seconds
234.492: [GC [PSYoungGen: 658384K->640K(663040K)] 914097K->256361K(1220608K), 0.0016720 secs] [Times: user=0.01 sys=0.00, real=0.00 secs] 
234.493: Total time for which application threads were stopped: 0.0017950 seconds, Stopping threads took: 0.0000580 seconds
234.657: Application time: 0.1635400 seconds
234.657: [GC [PSYoungGen: 662656K->496K(665088K)] 918377K->256225K(1222656K), 0.0016230 secs] [Times: user=0.01 sys=0.00, real=0.00 secs] 
234.659: Total time for which application threads were stopped: 0.0017610 seconds, Stopping threads took: 0.0000750 seconds
234.893: Application time: 0.2344840 seconds
234.893: [GC [PSYoungGen: 664560K->624K(665088K)] 920289K->256353K(1222656K), 0.0015880 secs] [Times: user=0.01 sys=0.00, real=0.00 secs] 
234.895: Total time for which application threads were stopped: 0.0017490 seconds, Stopping threads took: 0.0000890 seconds
235.058: Application time: 0.1634810 seconds
235.059: [GC [PSYoungGen: 664688K->800K(666112K)] 920417K->256529K(1223680K), 0.0015460 secs] [Times: user=0.01 sys=0.00, real=0.00 secs] 
235.060: Total time for which application threads were stopped: 0.0016820 seconds, Stopping threads took: 0.0000720 seconds
235.247: Application time: 0.1866200 seconds
235.248: [GC [PSYoungGen: 665888K->624K(666112K)] 921617K->256353K(1223680K), 0.0016570 secs] [Times: user=0.01 sys=0.00, real=0.00 secs] 
235.249: Total time for which application threads were stopped: 0.0025800 seconds, Stopping threads took: 0.0008480 seconds
235.473: Application time: 0.2233480 seconds
235.473: [GC [PSYoungGen: 665712K->656K(666112K)] 921441K->256385K(1223680K), 0.0016090 secs] [Times: user=0.01 sys=0.00, real=0.00 secs] 
235.474: Total time for which application threads were stopped: 0.0017520 seconds, Stopping threads took: 0.0000720 seconds
235.630: Application time: 0.1560470 seconds
235.631: [GC [PSYoungGen: 665744K->752K(666112K)] 921473K->256481K(1223680K), 0.0015480 secs] [Times: user=0.00 sys=0.00, real=0.00 secs] 
235.632: Total time for which application threads were stopped: 0.0017050 seconds, Stopping threads took: 0.0000960 seconds
235.845: Application time: 0.2126710 seconds
235.845: [GC [PSYoungGen: 665840K->640K(666112K)] 921569K->256369K(1223680K), 0.0016690 secs] [Times: user=0.01 sys=0.00, real=0.00 secs] 
235.847: Total time for which application threads were stopped: 0.0018220 seconds, Stopping threads took: 0.0000830 seconds
236.041: Application time: 0.1945290 seconds
236.041: [GC [PSYoungGen: 665728K->720K(666112K)] 921457K->256457K(1223680K), 0.0017230 secs] [Times: user=0.01 sys=0.00, real=0.00 secs] 
236.043: Total time for which application threads were stopped: 0.0018650 seconds, Stopping threads took: 0.0000680 seconds
236.209: Application time: 0.1657890 seconds
236.209: [GC [PSYoungGen: 665808K->560K(666112K)] 921545K->256305K(1223680K), 0.0016390 secs] [Times: user=0.01 sys=0.00, real=0.00 secs] 
236.211: Total time for which application threads were stopped: 0.0017720 seconds, Stopping threads took: 0.0000690 seconds
236.441: Application time: 0.2302530 seconds
236.441: [GC [PSYoungGen: 665648K->672K(666112K)] 921393K->256433K(1223680K), 0.0016590 secs] [Times: user=0.01 sys=0.00, real=0.00 secs] 
236.443: Total time for which application threads were stopped: 0.0018270 seconds, Stopping threads took: 0.0000980 seconds
236.609: Application time: 0.1663210 seconds
236.609: [GC [PSYoungGen: 665760K->704K(666112K)] 921521K->256465K(1223680K), 0.0016360 secs] [Times: user=0.01 sys=0.00, real=0.00 secs] 
236.611: Total time for which application threads were stopped: 0.0017720 seconds, Stopping threads took: 0.0000650 seconds
236.797: Application time: 0.1858160 seconds
236.797: [GC [PSYoungGen: 665792K->640K(666112K)] 921553K->256401K(1223680K), 0.0017380 secs] [Times: user=0.01 sys=0.00, real=0.00 secs] 
236.799: Total time for which application threads were stopped: 0.0018700 seconds, Stopping threads took: 0.0000670 seconds
237.020: Application time: 0.2212920 seconds
237.020: [GC [PSYoungGen: 665728K->624K(666112K)] 921489K->256385K(1223680K), 0.0016510 secs] [Times: user=0.01 sys=0.00, real=0.00 secs] 
237.022: Total time for which application threads were stopped: 0.0017810 seconds, Stopping threads took: 0.0000700 seconds
237.180: Application time: 0.1583770 seconds
237.180: [GC [PSYoungGen: 665712K->704K(666112K)] 921473K->256465K(1223680K), 0.0015830 secs] [Times: user=0.01 sys=0.00, real=0.00 secs] 
237.182: Total time for which application threads were stopped: 0.0017150 seconds, Stopping threads took: 0.0000500 seconds
237.396: Application time: 0.2147530 seconds
237.397: [GC [PSYoungGen: 665792K->608K(666112K)] 921553K->256369K(1223680K), 0.0014600 secs] [Times: user=0.01 sys=0.00, real=0.00 secs] 
237.398: Total time for which application threads were stopped: 0.0015820 seconds, Stopping threads took: 0.0000560 seconds
237.593: Application time: 0.1947360 seconds
237.593: [GC [PSYoungGen: 665696K->816K(666112K)] 921457K->256585K(1223680K), 0.0016500 secs] [Times: user=0.01 sys=0.00, real=0.00 secs] 
237.595: Total time for which application threads were stopped: 0.0018090 seconds, Stopping threads took: 0.0000990 seconds
237.762: Application time: 0.1678080 seconds
237.762: [GC [PSYoungGen: 665904K->560K(666112K)] 921673K->256337K(1223680K), 0.0017950 secs] [Times: user=0.01 sys=0.00, real=0.01 secs] 
237.764: Total time for which application threads were stopped: 0.0019400 seconds, Stopping threads took: 0.0000590 seconds
237.991: Application time: 0.2264390 seconds
237.991: [GC [PSYoungGen: 665648K->704K(666112K)] 921425K->256481K(1223680K), 0.0016450 secs] [Times: user=0.01 sys=0.00, real=0.00 secs] 
237.993: Total time for which application threads were stopped: 0.0018110 seconds, Stopping threads took: 0.0000990 seconds
238.160: Application time: 0.1676550 seconds
238.160: [GC [PSYoungGen: 665792K->640K(666112K)] 921569K->256417K(1223680K), 0.0016490 secs] [Times: user=0.01 sys=0.00, real=0.00 secs] 
238.162: Total time for which application threads were stopped: 0.0017730 seconds, Stopping threads took: 0.0000610 seconds
238.352: Application time: 0.1898990 seconds
238.352: [GC [PSYoungGen: 665728K->560K(666112K)] 921505K->256337K(1223680K), 0.0016670 secs] [Times: user=0.01 sys=0.00, real=0.00 secs] 
238.354: Total time for which application threads were stopped: 0.0018230 seconds, Stopping threads took: 0.0000790 seconds
238.569: Application time: 0.2153480 seconds
238.569: [GC [PSYoungGen: 665648K->624K(666112K)] 921425K->256401K(1223680K), 0.0016800 secs] [Times: user=0.01 sys=0.00, real=0.00 secs] 
238.571: Total time for which application threads were stopped: 0.0018080 seconds, Stopping threads took: 0.0000640 seconds
238.730: Application time: 0.1590610 seconds
238.730: [GC [PSYoungGen: 665712K->736K(666112K)] 921489K->256513K(1223680K), 0.0016610 secs] [Times: user=0.01 sys=0.00, real=0.00 secs] 
238.732: Total time for which application threads were stopped: 0.0017920 seconds, Stopping threads took: 0.0000670 seconds
238.947: Application time: 0.2149540 seconds
238.948: [GC [PSYoungGen: 665824K->560K(666112K)] 921601K->256337K(1223680K), 0.0016860 secs] [Times: user=0.01 sys=0.00, real=0.00 secs] 
238.949: Total time for which application threads were stopped: 0.0026110 seconds, Stopping threads took: 0.0008500 seconds
239.143: Application time: 0.1933660 seconds
239.143: [GC [PSYoungGen: 665648K->752K(666112K)] 921425K->256537K(1223680K), 0.0014430 secs] [Times: user=0.01 sys=0.00, real=0.01 secs] 
239.144: Total time for which application threads were stopped: 0.0015670 seconds, Stopping threads took: 0.0000600 seconds
239.311: Application time: 0.1663460 seconds
239.311: [GC [PSYoungGen: 665840K->784K(666112K)] 921625K->256577K(1223680K), 0.0017370 secs] [Times: user=0.01 sys=0.00, real=0.00 secs] 
239.312: Total time for which application threads were stopped: 0.0018810 seconds, Stopping threads took: 0.0000800 seconds
239.542: Application time: 0.2297030 seconds
239.542: [GC [PSYoungGen: 665872K->608K(666112K)] 921665K->256401K(1223680K), 0.0016590 secs] [Times: user=0.02 sys=0.00, real=0.01 secs] 
239.544: Total time for which application threads were stopped: 0.0018100 seconds, Stopping threads took: 0.0000770 seconds
239.714: Application time: 0.1698020 seconds
239.714: [GC [PSYoungGen: 665696K->800K(666112K)] 921489K->256593K(1223680K), 0.0017710 secs] [Times: user=0.01 sys=0.00, real=0.01 secs] 
239.716: Total time for which application threads were stopped: 0.0018860 seconds, Stopping threads took: 0.0000490 seconds
239.906: Application time: 0.1900970 seconds
239.906: [GC [PSYoungGen: 665888K->592K(666112K)] 921681K->256385K(1223680K), 0.0016440 secs] [Times: user=0.01 sys=0.00, real=0.00 secs] 
239.908: Total time for which application threads were stopped: 0.0017850 seconds, Stopping threads took: 0.0000770 seconds
240.124: Application time: 0.2161010 seconds
240.124: [GC [PSYoungGen: 665680K->768K(666112K)] 921473K->256561K(1223680K), 0.0016670 secs] [Times: user=0.01 sys=0.00, real=0.00 secs] 
240.125: Total time for which application threads were stopped: 0.0017880 seconds, Stopping threads took: 0.0000450 seconds
240.283: Application time: 0.1574320 seconds
240.283: [GC [PSYoungGen: 665856K->752K(666112K)] 921649K->256545K(1223680K), 0.0016920 secs] [Times: user=0.01 sys=0.00, real=0.01 secs] 
240.285: Total time for which application threads were stopped: 0.0018410 seconds, Stopping threads took: 0.0000850 seconds
240.503: Application time: 0.2185700 seconds
240.503: [GC [PSYoungGen: 665840K->608K(666112K)] 921633K->256401K(1223680K), 0.0014830 secs] [Times: user=0.01 sys=0.00, real=0.01 secs] 
240.505: Total time for which application threads were stopped: 0.0016170 seconds, Stopping threads took: 0.0000710 seconds
240.697: Application time: 0.1925000 seconds
240.698: [GC [PSYoungGen: 665696K->752K(666112K)] 921489K->256553K(1223680K), 0.0016440 secs] [Times: user=0.01 sys=0.00, real=0.00 secs] 
240.699: Total time for which application threads were stopped: 0.0017840 seconds, Stopping threads took: 0.0000720 seconds
240.865: Application time: 0.1660220 seconds
240.865: [GC [PSYoungGen: 665840K->560K(666112K)] 921641K->256369K(1223680K), 0.0016470 secs] [Times: user=0.01 sys=0.00, real=0.00 secs] 
240.867: Total time for which application threads were stopped: 0.0017720 seconds, Stopping threads took: 0.0000620 seconds
241.096: Application time: 0.2287790 seconds
241.096: [GC [PSYoungGen: 665648K->576K(666112K)] 921457K->256385K(1223680K), 0.0017620 secs] [Times: user=0.01 sys=0.00, real=0.00 secs] 
241.098: Total time for which application threads were stopped: 0.0018890 seconds, Stopping threads took: 0.0000640 seconds
241.270: Application time: 0.1718800 seconds
241.270: [GC [PSYoungGen: 665664K->720K(666112K)] 921473K->256529K(1223680K), 0.0016450 secs] [Times: user=0.01 sys=0.00, real=0.00 secs] 
241.271: Total time for which application threads were stopped: 0.0018020 seconds, Stopping threads took: 0.0000850 seconds
241.463: Application time: 0.1919220 seconds
241.463: [GC [PSYoungGen: 665808K->592K(666112K)] 921617K->256401K(1223680K), 0.0017120 secs] [Times: user=0.01 sys=0.00, real=0.01 secs] 
241.465: Total time for which application threads were stopped: 0.0018570 seconds, Stopping threads took: 0.0000800 seconds
241.679: Application time: 0.2141580 seconds
241.679: [GC [PSYoungGen: 665680K->592K(666112K)] 921489K->256401K(1223680K), 0.0016410 secs] [Times: user=0.01 sys=0.01, real=0.00 secs] 
241.681: Total time for which application threads were stopped: 0.0018030 seconds, Stopping threads took: 0.0001000 seconds
241.840: Application time: 0.1587520 seconds
241.840: [GC [PSYoungGen: 665680K->640K(666112K)] 921489K->256449K(1223680K), 0.0016690 secs] [Times: user=0.01 sys=0.00, real=0.00 secs] 
241.842: Total time for which application threads were stopped: 0.0018150 seconds, Stopping threads took: 0.0000730 seconds
242.063: Application time: 0.2209200 seconds
242.063: [GC [PSYoungGen: 665728K->624K(666112K)] 921537K->256433K(1223680K), 0.0014460 secs] [Times: user=0.01 sys=0.00, real=0.01 secs] 
242.064: Total time for which application threads were stopped: 0.0017700 seconds, Stopping threads took: 0.0000770 seconds
242.255: Application time: 0.1904020 seconds
242.255: [GC [PSYoungGen: 665712K->688K(666112K)] 921521K->256505K(1223680K), 0.0016830 secs] [Times: user=0.02 sys=0.00, real=0.01 secs] 
242.257: Total time for which application threads were stopped: 0.0018520 seconds, Stopping threads took: 0.0001010 seconds
242.422: Application time: 0.1655010 seconds
242.422: [GC [PSYoungGen: 665776K->720K(666112K)] 921593K->256545K(1223680K), 0.0016970 secs] [Times: user=0.01 sys=0.00, real=0.01 secs] 
242.424: Total time for which application threads were stopped: 0.0018310 seconds, Stopping threads took: 0.0000590 seconds
242.651: Application time: 0.2273600 seconds
242.651: [GC [PSYoungGen: 665808K->592K(666112K)] 921633K->256417K(1223680K), 0.0017020 secs] [Times: user=0.01 sys=0.00, real=0.00 secs] 
242.653: Total time for which application threads were stopped: 0.0018500 seconds, Stopping threads took: 0.0000830 seconds
242.828: Application time: 0.1752110 seconds
242.829: [GC [PSYoungGen: 665680K->688K(666112K)] 921505K->256513K(1223680K), 0.0016750 secs] [Times: user=0.02 sys=0.00, real=0.00 secs] 
242.830: Total time for which application threads were stopped: 0.0018000 seconds, Stopping threads took: 0.0000610 seconds
243.023: Application time: 0.1927280 seconds
243.023: [GC [PSYoungGen: 665776K->560K(666112K)] 921601K->256385K(1223680K), 0.0016350 secs] [Times: user=0.01 sys=0.00, real=0.01 secs] 
243.025: Total time for which application threads were stopped: 0.0018030 seconds, Stopping threads took: 0.0000900 seconds
243.237: Application time: 0.2126180 seconds
243.237: [GC [PSYoungGen: 665648K->656K(666112K)] 921473K->256481K(1223680K), 0.0016100 secs] [Times: user=0.01 sys=0.00, real=0.00 secs] 
243.239: Total time for which application threads were stopped: 0.0017370 seconds, Stopping threads took: 0.0000630 seconds
243.399: Application time: 0.1599960 seconds
243.399: [GC [PSYoungGen: 665744K->736K(666112K)] 921569K->256561K(1223680K), 0.0016710 secs] [Times: user=0.01 sys=0.00, real=0.00 secs] 
243.401: Total time for which application threads were stopped: 0.0018290 seconds, Stopping threads took: 0.0000940 seconds
243.616: Application time: 0.2154000 seconds
243.617: [GC [PSYoungGen: 665824K->592K(666112K)] 921649K->256417K(1223680K), 0.0016870 secs] [Times: user=0.01 sys=0.00, real=0.00 secs] 
243.618: Total time for which application threads were stopped: 0.0018460 seconds, Stopping threads took: 0.0000830 seconds
243.812: Application time: 0.1939280 seconds
243.812: [GC [PSYoungGen: 665680K->816K(666112K)] 921505K->256649K(1223680K), 0.0015770 secs] [Times: user=0.01 sys=0.00, real=0.00 secs] 
243.814: Total time for which application threads were stopped: 0.0017210 seconds, Stopping threads took: 0.0000830 seconds
243.980: Application time: 0.1662380 seconds
243.980: [GC [PSYoungGen: 665904K->608K(666112K)] 921737K->256449K(1223680K), 0.0016470 secs] [Times: user=0.02 sys=0.00, real=0.00 secs] 
243.982: Total time for which application threads were stopped: 0.0017780 seconds, Stopping threads took: 0.0000660 seconds
244.204: Application time: 0.2225160 seconds
244.205: [GC [PSYoungGen: 665696K->656K(666112K)] 921537K->256497K(1223680K), 0.0016450 secs] [Times: user=0.00 sys=0.00, real=0.00 secs] 
244.206: Total time for which application threads were stopped: 0.0017830 seconds, Stopping threads took: 0.0000670 seconds
244.384: Application time: 0.1778140 seconds
244.384: [GC [PSYoungGen: 665744K->768K(666112K)] 921585K->256609K(1223680K), 0.0016190 secs] [Times: user=0.01 sys=0.00, real=0.00 secs] 
244.386: Total time for which application threads were stopped: 0.0017700 seconds, Stopping threads took: 0.0000890 seconds
244.578: Application time: 0.1926730 seconds
244.579: [GC [PSYoungGen: 665856K->592K(666112K)] 921697K->256433K(1223680K), 0.0015050 secs] [Times: user=0.01 sys=0.00, real=0.00 secs] 
244.580: Total time for which application threads were stopped: 0.0016500 seconds, Stopping threads took: 0.0000820 seconds
244.792: Application time: 0.2121780 seconds
244.792: [GC [PSYoungGen: 665680K->624K(666112K)] 921521K->256465K(1223680K), 0.0017270 secs] [Times: user=0.01 sys=0.00, real=0.00 secs] 
244.794: Total time for which application threads were stopped: 0.0018580 seconds, Stopping threads took: 0.0000600 seconds
244.959: Application time: 0.1651680 seconds
244.959: [GC [PSYoungGen: 665712K->688K(666112K)] 921553K->256529K(1223680K), 0.0017540 secs] [Times: user=0.01 sys=0.00, real=0.00 secs] 
244.961: Total time for which application threads were stopped: 0.0018990 seconds, Stopping threads took: 0.0000840 seconds
245.173: Application time: 0.2117210 seconds
245.173: [GC [PSYoungGen: 665776K->592K(666112K)] 921617K->256433K(1223680K), 0.0016550 secs] [Times: user=0.01 sys=0.00, real=0.00 secs] 
245.175: Total time for which application threads were stopped: 0.0017980 seconds, Stopping threads took: 0.0000820 seconds
245.371: Application time: 0.1957840 seconds
245.371: [GC [PSYoungGen: 665680K->576K(666112K)] 921521K->256425K(1223680K), 0.0017520 secs] [Times: user=0.01 sys=0.00, real=0.00 secs] 
245.372: Total time for which application threads were stopped: 0.0018880 seconds, Stopping threads took: 0.0000620 seconds
245.543: Application time: 0.1704280 seconds
245.544: [GC [PSYoungGen: 665664K->720K(666112K)] 921513K->256577K(1223680K), 0.0017740 secs] [Times: user=0.01 sys=0.00, real=0.00 secs] 
245.545: Total time for which application threads were stopped: 0.0025900 seconds, Stopping threads took: 0.0007420 seconds
245.767: Application time: 0.2215620 seconds
245.767: [GC [PSYoungGen: 665808K->544K(666112K)] 921665K->256401K(1223680K), 0.0016310 secs] [Times: user=0.01 sys=0.00, real=0.00 secs] 
245.769: Total time for which application threads were stopped: 0.0017750 seconds, Stopping threads took: 0.0000780 seconds
245.949: Application time: 0.1805380 seconds
245.949: [GC [PSYoungGen: 665632K->704K(666112K)] 921489K->256561K(1223680K), 0.0016510 secs] [Times: user=0.01 sys=0.00, real=0.00 secs] 
245.951: Total time for which application threads were stopped: 0.0017910 seconds, Stopping threads took: 0.0000570 seconds
246.142: Application time: 0.1912800 seconds
246.143: [GC [PSYoungGen: 665792K->464K(666112K)] 921649K->256321K(1223680K), 0.0016790 secs] [Times: user=0.02 sys=0.00, real=0.01 secs] 
246.144: Total time for which application threads were stopped: 0.0018180 seconds, Stopping threads took: 0.0000760 seconds
246.357: Application time: 0.2130730 seconds
246.357: [GC [PSYoungGen: 665552K->688K(666112K)] 921409K->256545K(1223680K), 0.0016740 secs] [Times: user=0.01 sys=0.00, real=0.00 secs] 
246.359: Total time for which application threads were stopped: 0.0018310 seconds, Stopping threads took: 0.0000950 seconds
246.522: Application time: 0.1625570 seconds
246.522: [GC [PSYoungGen: 665776K->528K(666112K)] 921633K->256385K(1223680K), 0.0017290 secs] [Times: user=0.02 sys=0.00, real=0.01 secs] 
246.524: Total time for which application threads were stopped: 0.0018850 seconds, Stopping threads took: 0.0000790 seconds
246.729: Application time: 0.2054360 seconds
246.729: [GC [PSYoungGen: 665616K->512K(666112K)] 921473K->256369K(1223680K), 0.0016570 secs] [Times: user=0.02 sys=0.00, real=0.00 secs] 
246.731: Total time for which application threads were stopped: 0.0018420 seconds, Stopping threads took: 0.0001170 seconds
246.932: Application time: 0.2006840 seconds
246.932: [GC [PSYoungGen: 665600K->640K(666112K)] 921457K->256505K(1223680K), 0.0017720 secs] [Times: user=0.01 sys=0.00, real=0.00 secs] 
246.933: Total time for which application threads were stopped: 0.0018970 seconds, Stopping threads took: 0.0000620 seconds
247.106: Application time: 0.1721090 seconds
247.106: [GC [PSYoungGen: 665728K->704K(666112K)] 921593K->256577K(1223680K), 0.0017270 secs] [Times: user=0.01 sys=0.00, real=0.00 secs] 
247.107: Total time for which application threads were stopped: 0.0018910 seconds, Stopping threads took: 0.0000910 seconds
247.321: Application time: 0.2136350 seconds
247.321: [GC [PSYoungGen: 665792K->592K(666112K)] 921665K->256473K(1223680K), 0.0016210 secs] [Times: user=0.01 sys=0.00, real=0.00 secs] 
247.323: Total time for which application threads were stopped: 0.0017830 seconds, Stopping threads took: 0.0000980 seconds
247.504: Application time: 0.1807120 seconds
247.504: [GC [PSYoungGen: 665680K->704K(666112K)] 921561K->256585K(1223680K), 0.0016220 secs] [Times: user=0.01 sys=0.00, real=0.00 secs] 
247.505: Total time for which application threads were stopped: 0.0017300 seconds, Stopping threads took: 0.0000470 seconds
247.695: Application time: 0.1898890 seconds
247.695: [GC [PSYoungGen: 665792K->592K(666112K)] 921673K->256473K(1223680K), 0.0016890 secs] [Times: user=0.01 sys=0.00, real=0.01 secs] 
247.697: Total time for which application threads were stopped: 0.0018400 seconds, Stopping threads took: 0.0000790 seconds
247.909: Application time: 0.2117550 seconds
247.909: [GC [PSYoungGen: 665680K->640K(666112K)] 921561K->256521K(1223680K), 0.0016410 secs] [Times: user=0.01 sys=0.00, real=0.00 secs] 
247.911: Total time for which application threads were stopped: 0.0017800 seconds, Stopping threads took: 0.0000750 seconds
248.074: Application time: 0.1636730 seconds
248.074: [GC [PSYoungGen: 665728K->672K(666112K)] 921609K->256553K(1223680K), 0.0016390 secs] [Times: user=0.01 sys=0.00, real=0.01 secs] 
248.076: Total time for which application threads were stopped: 0.0017600 seconds, Stopping threads took: 0.0000560 seconds
248.280: Application time: 0.2038260 seconds
248.280: [GC [PSYoungGen: 665760K->544K(666112K)] 921641K->256425K(1223680K), 0.0016680 secs] [Times: user=0.01 sys=0.00, real=0.00 secs] 
248.282: Total time for which application threads were stopped: 0.0018130 seconds, Stopping threads took: 0.0000720 seconds
248.483: Application time: 0.2010350 seconds
248.483: [GC [PSYoungGen: 665632K->592K(666112K)] 921513K->256481K(1223680K), 0.0016990 secs] [Times: user=0.01 sys=0.00, real=0.01 secs] 
248.485: Total time for which application threads were stopped: 0.0018680 seconds, Stopping threads took: 0.0001020 seconds
248.657: Application time: 0.1726200 seconds
248.657: [GC [PSYoungGen: 665680K->672K(666112K)] 921569K->256569K(1223680K), 0.0016800 secs] [Times: user=0.01 sys=0.00, real=0.00 secs] 
248.659: Total time for which application threads were stopped: 0.0018300 seconds, Stopping threads took: 0.0000870 seconds
248.871: Application time: 0.2115350 seconds
248.871: [GC [PSYoungGen: 665760K->656K(666112K)] 921657K->256553K(1223680K), 0.0016580 secs] [Times: user=0.01 sys=0.00, real=0.00 secs] 
248.872: Total time for which application threads were stopped: 0.0018050 seconds, Stopping threads took: 0.0000740 seconds
249.055: Application time: 0.1829100 seconds
249.055: [GC [PSYoungGen: 665744K->656K(666112K)] 921641K->256553K(1223680K), 0.0016670 secs] [Times: user=0.01 sys=0.00, real=0.01 secs] 
249.057: Total time for which application threads were stopped: 0.0018050 seconds, Stopping threads took: 0.0000700 seconds
249.246: Application time: 0.1892370 seconds
249.246: [GC [PSYoungGen: 665744K->608K(666112K)] 921641K->256505K(1223680K), 0.0017410 secs] [Times: user=0.02 sys=0.00, real=0.00 secs] 
249.248: Total time for which application threads were stopped: 0.0018650 seconds, Stopping threads took: 0.0000610 seconds
249.459: Application time: 0.2111280 seconds
249.459: [GC [PSYoungGen: 665696K->608K(666112K)] 921593K->256505K(1223680K), 0.0016560 secs] [Times: user=0.01 sys=0.00, real=0.00 secs] 
249.461: Total time for which application threads were stopped: 0.0017960 seconds, Stopping threads took: 0.0000700 seconds
249.627: Application time: 0.1663620 seconds
249.628: [GC [PSYoungGen: 665696K->656K(666112K)] 921593K->256553K(1223680K), 0.0016620 secs] [Times: user=0.01 sys=0.00, real=0.00 secs] 
249.629: Total time for which application threads were stopped: 0.0017970 seconds, Stopping threads took: 0.0000750 seconds
249.833: Application time: 0.2033360 seconds
249.833: [GC [PSYoungGen: 665744K->560K(666112K)] 921641K->256457K(1223680K), 0.0016600 secs] [Times: user=0.01 sys=0.00, real=0.00 secs] 
249.834: Total time for which application threads were stopped: 0.0017930 seconds, Stopping threads took: 0.0000690 seconds
250.034: Application time: 0.2000470 seconds
250.035: [GC [PSYoungGen: 665648K->624K(666112K)] 921545K->256529K(1223680K), 0.0016470 secs] [Times: user=0.01 sys=0.00, real=0.01 secs] 
250.036: Total time for which application threads were stopped: 0.0018020 seconds, Stopping threads took: 0.0000830 seconds
250.210: Application time: 0.1732760 seconds
250.210: [GC [PSYoungGen: 665712K->672K(666112K)] 921617K->256585K(1223680K), 0.0016650 secs] [Times: user=0.01 sys=0.00, real=0.00 secs] 
250.211: Total time for which application threads were stopped: 0.0018000 seconds, Stopping threads took: 0.0000700 seconds
250.422: Application time: 0.2105430 seconds
250.422: [GC [PSYoungGen: 665760K->640K(666112K)] 921673K->256553K(1223680K), 0.0016580 secs] [Times: user=0.01 sys=0.00, real=0.01 secs] 
250.424: Total time for which application threads were stopped: 0.0017990 seconds, Stopping threads took: 0.0000780 seconds
250.607: Application time: 0.1831690 seconds
250.607: [GC [PSYoungGen: 665728K->656K(666112K)] 921641K->256569K(1223680K), 0.0015970 secs] [Times: user=0.01 sys=0.01, real=0.00 secs] 
250.609: Total time for which application threads were stopped: 0.0017350 seconds, Stopping threads took: 0.0000650 seconds
250.799: Application time: 0.1905480 seconds
250.799: [GC [PSYoungGen: 665744K->624K(666112K)] 921657K->256537K(1223680K), 0.0016720 secs] [Times: user=0.01 sys=0.00, real=0.00 secs] 
250.801: Total time for which application threads were stopped: 0.0017820 seconds, Stopping threads took: 0.0000460 seconds
251.009: Application time: 0.2077210 seconds
251.009: [GC [PSYoungGen: 665712K->752K(666112K)] 921625K->256665K(1223680K), 0.0016750 secs] [Times: user=0.01 sys=0.00, real=0.00 secs] 
251.010: Total time for which application threads were stopped: 0.0018140 seconds, Stopping threads took: 0.0000730 seconds
251.180: Application time: 0.1691010 seconds
251.180: [GC [PSYoungGen: 665840K->576K(666112K)] 921753K->256489K(1223680K), 0.0016010 secs] [Times: user=0.01 sys=0.00, real=0.00 secs] 
251.181: Total time for which application threads were stopped: 0.0017340 seconds, Stopping threads took: 0.0000600 seconds
251.388: Application time: 0.2067240 seconds
251.388: [GC [PSYoungGen: 665664K->640K(666112K)] 921577K->256553K(1223680K), 0.0016310 secs] [Times: user=0.01 sys=0.00, real=0.00 secs] 
251.390: Total time for which application threads were stopped: 0.0017470 seconds, Stopping threads took: 0.0000550 seconds
251.587: Application time: 0.1971890 seconds
251.587: [GC [PSYoungGen: 665728K->608K(639488K)] 921641K->256529K(1197056K), 0.0014940 secs] [Times: user=0.01 sys=0.00, real=0.00 secs] 
251.589: Total time for which application threads were stopped: 0.0016340 seconds, Stopping threads took: 0.0000760 seconds
251.755: Application time: 0.1663140 seconds
251.755: [GC [PSYoungGen: 639072K->496K(642560K)] 894993K->256501K(1200128K), 0.0016380 secs] [Times: user=0.01 sys=0.00, real=0.01 secs] 
251.757: Total time for which application threads were stopped: 0.0018370 seconds, Stopping threads took: 0.0001210 seconds
251.962: Application time: 0.2052260 seconds
251.962: [GC [PSYoungGen: 642544K->672K(646656K)] 898549K->256685K(1204224K), 0.0017560 secs] [Times: user=0.02 sys=0.00, real=0.01 secs] 
251.964: Total time for which application threads were stopped: 0.0019020 seconds, Stopping threads took: 0.0000850 seconds
252.145: Application time: 0.1814960 seconds
252.146: [GC [PSYoungGen: 646304K->592K(650752K)] 902317K->256605K(1208320K), 0.0016850 secs] [Times: user=0.01 sys=0.00, real=0.00 secs] 
252.147: Total time for which application threads were stopped: 0.0018250 seconds, Stopping threads took: 0.0000760 seconds
252.326: Application time: 0.1790090 seconds
252.326: [GC [PSYoungGen: 650320K->688K(654848K)] 906333K->256701K(1212416K), 0.0016870 secs] [Times: user=0.02 sys=0.00, real=0.00 secs] 
252.328: Total time for which application threads were stopped: 0.0018490 seconds, Stopping threads took: 0.0000860 seconds
252.538: Application time: 0.2095770 seconds
252.538: [GC [PSYoungGen: 654512K->496K(658432K)] 910525K->256557K(1216000K), 0.0016760 secs] [Times: user=0.01 sys=0.00, real=0.00 secs] 
252.540: Total time for which application threads were stopped: 0.0018160 seconds, Stopping threads took: 0.0000780 seconds
252.708: Application time: 0.1687770 seconds
252.708: [GC [PSYoungGen: 658416K->768K(663040K)] 914477K->256829K(1220608K), 0.0016530 secs] [Times: user=0.02 sys=0.00, real=0.00 secs] 
252.710: Total time for which application threads were stopped: 0.0017620 seconds, Stopping threads took: 0.0000470 seconds
252.905: Application time: 0.1946470 seconds
252.905: [GC [PSYoungGen: 662784K->704K(665088K)] 918845K->256765K(1222656K), 0.0016700 secs] [Times: user=0.01 sys=0.00, real=0.00 secs] 
252.907: Total time for which application threads were stopped: 0.0018190 seconds, Stopping threads took: 0.0000730 seconds
253.113: Application time: 0.2067690 seconds
253.113: [GC [PSYoungGen: 664768K->784K(665088K)] 920829K->256853K(1222656K), 0.0017020 secs] [Times: user=0.01 sys=0.00, real=0.00 secs] 
253.115: Total time for which application threads were stopped: 0.0018330 seconds, Stopping threads took: 0.0000640 seconds
253.283: Application time: 0.1681940 seconds
253.283: [GC [PSYoungGen: 664848K->752K(666112K)] 920917K->256829K(1223680K), 0.0016390 secs] [Times: user=0.01 sys=0.00, real=0.01 secs] 
253.285: Total time for which application threads were stopped: 0.0018020 seconds, Stopping threads took: 0.0000930 seconds
253.493: Application time: 0.2082800 seconds
253.494: [GC [PSYoungGen: 665840K->624K(666112K)] 921917K->256709K(1223680K), 0.0016580 secs] [Times: user=0.01 sys=0.00, real=0.00 secs] 
253.495: Total time for which application threads were stopped: 0.0018260 seconds, Stopping threads took: 0.0000940 seconds
253.689: Application time: 0.1934030 seconds
253.689: [GC [PSYoungGen: 665712K->816K(666112K)] 921797K->256901K(1223680K), 0.0017260 secs] [Times: user=0.01 sys=0.00, real=0.00 secs] 
253.691: Total time for which application threads were stopped: 0.0018680 seconds, Stopping threads took: 0.0000760 seconds
253.870: Application time: 0.1792140 seconds
253.870: [GC [PSYoungGen: 665904K->656K(666112K)] 921989K->256741K(1223680K), 0.0016270 secs] [Times: user=0.01 sys=0.00, real=0.00 secs] 
253.872: Total time for which application threads were stopped: 0.0017710 seconds, Stopping threads took: 0.0000790 seconds
254.087: Application time: 0.2150340 seconds
254.087: [GC [PSYoungGen: 665744K->624K(666112K)] 921829K->256709K(1223680K), 0.0017050 secs] [Times: user=0.01 sys=0.00, real=0.00 secs] 
254.088: Total time for which application threads were stopped: 0.0018860 seconds, Stopping threads took: 0.0001000 seconds
254.261: Application time: 0.1725590 seconds
254.261: [GC [PSYoungGen: 665712K->752K(666112K)] 921797K->256837K(1223680K), 0.0016810 secs] [Times: user=0.01 sys=0.00, real=0.00 secs] 
254.263: Total time for which application threads were stopped: 0.0018260 seconds, Stopping threads took: 0.0000800 seconds
254.456: Application time: 0.1927340 seconds
254.456: [GC [PSYoungGen: 665840K->672K(666112K)] 921925K->256765K(1223680K), 0.0016680 secs] [Times: user=0.02 sys=0.00, real=0.00 secs] 
254.457: Total time for which application threads were stopped: 0.0018050 seconds, Stopping threads took: 0.0000750 seconds
254.669: Application time: 0.2111670 seconds
254.669: [GC [PSYoungGen: 665760K->624K(666112K)] 921853K->256765K(1223680K), 0.0016680 secs] [Times: user=0.02 sys=0.00, real=0.00 secs] 
254.670: Total time for which application threads were stopped: 0.0018510 seconds, Stopping threads took: 0.0001020 seconds
254.840: Application time: 0.1691900 seconds
254.840: [GC [PSYoungGen: 665712K->592K(666112K)] 921853K->256741K(1223680K), 0.0016420 secs] [Times: user=0.01 sys=0.00, real=0.00 secs] 
254.841: Total time for which application threads were stopped: 0.0017560 seconds, Stopping threads took: 0.0000530 seconds
255.050: Application time: 0.2081730 seconds
255.050: [GC [PSYoungGen: 665680K->560K(666112K)] 921829K->256717K(1223680K), 0.0016610 secs] [Times: user=0.01 sys=0.00, real=0.00 secs] 
255.051: Total time for which application threads were stopped: 0.0017900 seconds, Stopping threads took: 0.0000660 seconds
255.245: Application time: 0.1937980 seconds
255.245: [GC [PSYoungGen: 665648K->752K(666112K)] 921805K->256917K(1223680K), 0.0016700 secs] [Times: user=0.01 sys=0.00, real=0.00 secs] 
255.247: Total time for which application threads were stopped: 0.0017920 seconds, Stopping threads took: 0.0000490 seconds
255.425: Application time: 0.1783730 seconds
255.425: [GC [PSYoungGen: 665840K->656K(666112K)] 922005K->256853K(1223680K), 0.0016610 secs] [Times: user=0.01 sys=0.00, real=0.00 secs] 
255.427: Total time for which application threads were stopped: 0.0018020 seconds, Stopping threads took: 0.0000760 seconds
255.639: Application time: 0.2118750 seconds
255.639: [GC [PSYoungGen: 665744K->544K(666112K)] 921941K->256741K(1223680K), 0.0017580 secs] [Times: user=0.01 sys=0.00, real=0.00 secs] 
255.641: Total time for which application threads were stopped: 0.0019100 seconds, Stopping threads took: 0.0000860 seconds
255.817: Application time: 0.1764070 seconds
255.817: [GC [PSYoungGen: 665632K->592K(666112K)] 921829K->256789K(1223680K), 0.0016320 secs] [Times: user=0.01 sys=0.00, real=0.00 secs] 
255.819: Total time for which application threads were stopped: 0.0017930 seconds, Stopping threads took: 0.0000890 seconds
256.013: Application time: 0.1940900 seconds
256.013: [GC [PSYoungGen: 665680K->576K(666112K)] 921877K->256773K(1223680K), 0.0015220 secs] [Times: user=0.01 sys=0.00, real=0.00 secs] 
256.015: Total time for which application threads were stopped: 0.0016440 seconds, Stopping threads took: 0.0000610 seconds
256.223: Application time: 0.2084080 seconds
256.223: [GC [PSYoungGen: 665664K->640K(666112K)] 921861K->256845K(1223680K), 0.0017980 secs] [Times: user=0.02 sys=0.00, real=0.01 secs] 
256.225: Total time for which application threads were stopped: 0.0019550 seconds, Stopping threads took: 0.0000860 seconds
256.395: Application time: 0.1698380 seconds
256.395: [GC [PSYoungGen: 665728K->656K(666112K)] 921933K->256869K(1223680K), 0.0016410 secs] [Times: user=0.01 sys=0.00, real=0.01 secs] 
256.397: Total time for which application threads were stopped: 0.0017840 seconds, Stopping threads took: 0.0000740 seconds
256.604: Application time: 0.2075800 seconds
256.605: [GC [PSYoungGen: 665744K->624K(666112K)] 921957K->256845K(1223680K), 0.0016100 secs] [Times: user=0.00 sys=0.00, real=0.00 secs] 
256.606: Total time for which application threads were stopped: 0.0017500 seconds, Stopping threads took: 0.0000770 seconds
256.801: Application time: 0.1946450 seconds
256.801: [GC [PSYoungGen: 665712K->752K(666112K)] 921933K->256973K(1223680K), 0.0016290 secs] [Times: user=0.01 sys=0.00, real=0.00 secs] 
256.803: Total time for which application threads were stopped: 0.0017660 seconds, Stopping threads took: 0.0000760 seconds
256.982: Application time: 0.1790600 seconds
256.982: [GC [PSYoungGen: 665840K->576K(666112K)] 922061K->256797K(1223680K), 0.0016830 secs] [Times: user=0.01 sys=0.00, real=0.00 secs] 
256.983: Total time for which application threads were stopped: 0.0018630 seconds, Stopping threads took: 0.0001040 seconds
257.194: Application time: 0.2104600 seconds
257.194: [GC [PSYoungGen: 665664K->592K(666112K)] 921885K->256813K(1223680K), 0.0016810 secs] [Times: user=0.01 sys=0.00, real=0.01 secs] 
257.196: Total time for which application threads were stopped: 0.0018340 seconds, Stopping threads took: 0.0000850 seconds
257.375: Application time: 0.1797000 seconds
257.376: [GC [PSYoungGen: 665680K->736K(666112K)] 921901K->256957K(1223680K), 0.0016650 secs] [Times: user=0.01 sys=0.00, real=0.00 secs] 
257.377: Total time for which application threads were stopped: 0.0018330 seconds, Stopping threads took: 0.0001010 seconds
257.572: Application time: 0.1941990 seconds
257.572: [GC [PSYoungGen: 665824K->608K(666112K)] 922045K->256829K(1223680K), 0.0016120 secs] [Times: user=0.01 sys=0.00, real=0.00 secs] 
257.573: Total time for which application threads were stopped: 0.0017840 seconds, Stopping threads took: 0.0001030 seconds
257.781: Application time: 0.2080950 seconds
257.782: [GC [PSYoungGen: 665696K->704K(666112K)] 921917K->256933K(1223680K), 0.0016610 secs] [Times: user=0.02 sys=0.00, real=0.00 secs] 
257.783: Total time for which application threads were stopped: 0.0018020 seconds, Stopping threads took: 0.0000790 seconds
257.953: Application time: 0.1694630 seconds
257.953: [GC [PSYoungGen: 665792K->592K(666112K)] 922021K->256829K(1223680K), 0.0016580 secs] [Times: user=0.01 sys=0.00, real=0.00 secs] 
257.954: Total time for which application threads were stopped: 0.0017950 seconds, Stopping threads took: 0.0000760 seconds
258.163: Application time: 0.2085100 seconds
258.163: [GC [PSYoungGen: 665680K->752K(666112K)] 921917K->256997K(1223680K), 0.0016090 secs] [Times: user=0.01 sys=0.00, real=0.01 secs] 
258.165: Total time for which application threads were stopped: 0.0017580 seconds, Stopping threads took: 0.0000750 seconds
258.360: Application time: 0.1949000 seconds
258.360: [GC [PSYoungGen: 665840K->736K(666112K)] 922085K->256981K(1223680K), 0.0017680 secs] [Times: user=0.01 sys=0.00, real=0.00 secs] 
258.362: Total time for which application threads were stopped: 0.0019010 seconds, Stopping threads took: 0.0000700 seconds
258.540: Application time: 0.1784450 seconds
258.540: [GC [PSYoungGen: 665824K->592K(666112K)] 922069K->256837K(1223680K), 0.0017590 secs] [Times: user=0.01 sys=0.00, real=0.00 secs] 
258.542: Total time for which application threads were stopped: 0.0018850 seconds, Stopping threads took: 0.0000640 seconds
258.754: Application time: 0.2124060 seconds
258.754: [GC [PSYoungGen: 665680K->544K(666112K)] 921925K->256789K(1223680K), 0.0016160 secs] [Times: user=0.01 sys=0.00, real=0.01 secs] 
258.756: Total time for which application threads were stopped: 0.0018550 seconds, Stopping threads took: 0.0001630 seconds
258.932: Application time: 0.1758630 seconds
258.932: [GC [PSYoungGen: 665632K->736K(666112K)] 921877K->256981K(1223680K), 0.0017000 secs] [Times: user=0.01 sys=0.00, real=0.00 secs] 
258.934: Total time for which application threads were stopped: 0.0018260 seconds, Stopping threads took: 0.0000640 seconds
259.128: Application time: 0.1944960 seconds
259.128: [GC [PSYoungGen: 665824K->608K(666112K)] 922069K->256853K(1223680K), 0.0016350 secs] [Times: user=0.00 sys=0.00, real=0.00 secs] 
259.130: Total time for which application threads were stopped: 0.0017630 seconds, Stopping threads took: 0.0000660 seconds
259.336: Application time: 0.2059130 seconds
259.336: [GC [PSYoungGen: 665696K->704K(639488K)] 921941K->256957K(1197056K), 0.0014880 secs] [Times: user=0.01 sys=0.00, real=0.00 secs] 
259.338: Total time for which application threads were stopped: 0.0016330 seconds, Stopping threads took: 0.0000680 seconds
259.500: Application time: 0.1621100 seconds
259.500: [GC [PSYoungGen: 639168K->496K(643072K)] 895421K->256845K(1200640K), 0.0017600 secs] [Times: user=0.02 sys=0.00, real=0.00 secs] 
259.502: Total time for which application threads were stopped: 0.0018880 seconds, Stopping threads took: 0.0000640 seconds
259.701: Application time: 0.1996150 seconds
259.701: [GC [PSYoungGen: 643056K->560K(647168K)] 899405K->256917K(1204736K), 0.0016480 secs] [Times: user=0.01 sys=0.00, real=0.00 secs] 
259.703: Total time for which application threads were stopped: 0.0017860 seconds, Stopping threads took: 0.0000710 seconds
259.894: Application time: 0.1910530 seconds
259.894: [GC [PSYoungGen: 646704K->704K(650752K)] 903061K->257061K(1208320K), 0.0016400 secs] [Times: user=0.01 sys=0.00, real=0.01 secs] 
259.896: Total time for which application threads were stopped: 0.0017840 seconds, Stopping threads took: 0.0000740 seconds
260.064: Application time: 0.1686040 seconds
260.065: [GC [PSYoungGen: 650432K->624K(654848K)] 906789K->256981K(1212416K), 0.0017040 secs] [Times: user=0.02 sys=0.00, real=0.00 secs] 
260.066: Total time for which application threads were stopped: 0.0018400 seconds, Stopping threads took: 0.0000740 seconds
260.271: Application time: 0.2047130 seconds
260.271: [GC [PSYoungGen: 654448K->496K(658432K)] 910805K->256941K(1216000K), 0.0016980 secs] [Times: user=0.01 sys=0.00, real=0.00 secs] 
260.273: Total time for which application threads were stopped: 0.0018350 seconds, Stopping threads took: 0.0000730 seconds
260.456: Application time: 0.1826740 seconds
260.456: [GC [PSYoungGen: 658416K->720K(663040K)] 914861K->257165K(1220608K), 0.0016900 secs] [Times: user=0.01 sys=0.00, real=0.00 secs] 
260.457: Total time for which application threads were stopped: 0.0018420 seconds, Stopping threads took: 0.0000790 seconds
260.646: Application time: 0.1886920 seconds
260.646: [GC [PSYoungGen: 662736K->608K(665088K)] 919181K->257053K(1222656K), 0.0017250 secs] [Times: user=0.01 sys=0.00, real=0.00 secs] 
260.648: Total time for which application threads were stopped: 0.0018790 seconds, Stopping threads took: 0.0000870 seconds
260.854: Application time: 0.2055330 seconds
260.854: [GC [PSYoungGen: 664672K->624K(665088K)] 921117K->257077K(1222656K), 0.0017470 secs] [Times: user=0.01 sys=0.00, real=0.00 secs] 
260.855: Total time for which application threads were stopped: 0.0018880 seconds, Stopping threads took: 0.0000780 seconds
261.025: Application time: 0.1694020 seconds
261.025: [GC [PSYoungGen: 664688K->656K(666112K)] 921141K->257117K(1223680K), 0.0016430 secs] [Times: user=0.01 sys=0.00, real=0.00 secs] 
261.027: Total time for which application threads were stopped: 0.0017990 seconds, Stopping threads took: 0.0000750 seconds
261.229: Application time: 0.2024080 seconds
261.229: [GC [PSYoungGen: 665744K->592K(666112K)] 922205K->257061K(1223680K), 0.0015720 secs] [Times: user=0.01 sys=0.00, real=0.00 secs] 
261.231: Total time for which application threads were stopped: 0.0017160 seconds, Stopping threads took: 0.0000820 seconds
261.431: Application time: 0.2004230 seconds
261.431: [GC [PSYoungGen: 665680K->768K(666112K)] 922149K->257237K(1223680K), 0.0017750 secs] [Times: user=0.01 sys=0.00, real=0.00 secs] 
261.433: Total time for which application threads were stopped: 0.0019280 seconds, Stopping threads took: 0.0000870 seconds
261.605: Application time: 0.1715690 seconds
261.605: [GC [PSYoungGen: 665856K->560K(666112K)] 922325K->257029K(1223680K), 0.0016760 secs] [Times: user=0.01 sys=0.00, real=0.00 secs] 
261.606: Total time for which application threads were stopped: 0.0018040 seconds, Stopping threads took: 0.0000540 seconds
261.816: Application time: 0.2097050 seconds
261.816: [GC [PSYoungGen: 665648K->736K(666112K)] 922117K->257205K(1223680K), 0.0017330 secs] [Times: user=0.01 sys=0.00, real=0.00 secs] 
261.818: Total time for which application threads were stopped: 0.0018800 seconds, Stopping threads took: 0.0000860 seconds
262.006: Application time: 0.1877530 seconds
262.006: [GC [PSYoungGen: 665824K->704K(666112K)] 922293K->257173K(1223680K), 0.0017110 secs] [Times: user=0.01 sys=0.00, real=0.00 secs] 
262.008: Total time for which application threads were stopped: 0.0018320 seconds, Stopping threads took: 0.0000560 seconds
262.195: Application time: 0.1873000 seconds
262.195: [GC [PSYoungGen: 665792K->672K(666112K)] 922261K->257141K(1223680K), 0.0018490 secs] [Times: user=0.02 sys=0.00, real=0.01 secs] 
262.197: Total time for which application threads were stopped: 0.0019970 seconds, Stopping threads took: 0.0000730 seconds
262.405: Application time: 0.2081410 seconds
262.405: [GC [PSYoungGen: 665760K->640K(666112K)] 922229K->257141K(1223680K), 0.0016940 secs] [Times: user=0.01 sys=0.00, real=0.00 secs] 
262.407: Total time for which application threads were stopped: 0.0018440 seconds, Stopping threads took: 0.0000860 seconds
262.577: Application time: 0.1704410 seconds
262.578: [GC [PSYoungGen: 665728K->656K(666112K)] 922229K->257181K(1223680K), 0.0016320 secs] [Times: user=0.01 sys=0.00, real=0.00 secs] 
262.579: Total time for which application threads were stopped: 0.0017840 seconds, Stopping threads took: 0.0000890 seconds
262.781: Application time: 0.2017780 seconds
262.781: [GC [PSYoungGen: 665744K->624K(666112K)] 922269K->257157K(1223680K), 0.0016400 secs] [Times: user=0.01 sys=0.00, real=0.00 secs] 
262.783: Total time for which application threads were stopped: 0.0018080 seconds, Stopping threads took: 0.0000930 seconds
262.986: Application time: 0.2027680 seconds
262.986: [GC [PSYoungGen: 665712K->656K(639488K)] 922245K->257189K(1197056K), 0.0014820 secs] [Times: user=0.01 sys=0.00, real=0.00 secs] 
262.987: Total time for which application threads were stopped: 0.0016120 seconds, Stopping threads took: 0.0000590 seconds
263.151: Application time: 0.1640220 seconds
263.151: [GC [PSYoungGen: 639120K->624K(643584K)] 895653K->257189K(1201152K), 0.0017010 secs] [Times: user=0.02 sys=0.00, real=0.00 secs] 
263.153: Total time for which application threads were stopped: 0.0018220 seconds, Stopping threads took: 0.0000550 seconds
263.356: Application time: 0.2034230 seconds
263.357: [GC [PSYoungGen: 643184K->496K(646656K)] 899749K->257109K(1204224K), 0.0017060 secs] [Times: user=0.01 sys=0.00, real=0.00 secs] 
263.358: Total time for which application threads were stopped: 0.0018530 seconds, Stopping threads took: 0.0000710 seconds
263.542: Application time: 0.1841670 seconds
263.543: [GC [PSYoungGen: 646640K->896K(651264K)] 903253K->257509K(1208832K), 0.0016750 secs] [Times: user=0.01 sys=0.00, real=0.01 secs] 
263.544: Total time for which application threads were stopped: 0.0018400 seconds, Stopping threads took: 0.0000960 seconds
263.721: Application time: 0.1769470 seconds
263.721: [GC [PSYoungGen: 651136K->640K(655360K)] 907749K->257253K(1212928K), 0.0016970 secs] [Times: user=0.01 sys=0.00, real=0.00 secs] 
263.723: Total time for which application threads were stopped: 0.0018210 seconds, Stopping threads took: 0.0000610 seconds
263.930: Application time: 0.2070040 seconds
263.930: [GC [PSYoungGen: 654976K->736K(659456K)] 911589K->257357K(1217024K), 0.0017370 secs] [Times: user=0.01 sys=0.00, real=0.00 secs] 
263.932: Total time for which application threads were stopped: 0.0018940 seconds, Stopping threads took: 0.0000850 seconds
264.107: Application time: 0.1754480 seconds
264.108: [GC [PSYoungGen: 659168K->496K(663040K)] 915789K->257397K(1220608K), 0.0016690 secs] [Times: user=0.01 sys=0.00, real=0.00 secs] 
264.109: Total time for which application threads were stopped: 0.0018120 seconds, Stopping threads took: 0.0000720 seconds
264.304: Application time: 0.1944610 seconds
264.304: [GC [PSYoungGen: 663024K->592K(665088K)] 919925K->257501K(1222656K), 0.0016660 secs] [Times: user=0.01 sys=0.00, real=0.00 secs] 
264.306: Total time for which application threads were stopped: 0.0018110 seconds, Stopping threads took: 0.0000820 seconds
264.512: Application time: 0.2069270 seconds
264.513: [GC [PSYoungGen: 664656K->704K(666112K)] 921565K->257613K(1223680K), 0.0016370 secs] [Times: user=0.01 sys=0.00, real=0.00 secs] 
264.514: Total time for which application threads were stopped: 0.0017870 seconds, Stopping threads took: 0.0000750 seconds
264.681: Application time: 0.1670150 seconds
264.681: [GC [PSYoungGen: 665792K->720K(666112K)] 922701K->257629K(1223680K), 0.0017230 secs] [Times: user=0.01 sys=0.00, real=0.00 secs] 
264.683: Total time for which application threads were stopped: 0.0018770 seconds, Stopping threads took: 0.0000890 seconds
264.888: Application time: 0.2050680 seconds
264.888: [GC [PSYoungGen: 665808K->608K(666112K)] 922717K->257517K(1223680K), 0.0015620 secs] [Times: user=0.01 sys=0.00, real=0.00 secs] 
264.890: Total time for which application threads were stopped: 0.0017010 seconds, Stopping threads took: 0.0000750 seconds
265.085: Application time: 0.1947950 seconds
265.085: [GC [PSYoungGen: 665696K->832K(666112K)] 922605K->257741K(1223680K), 0.0016580 secs] [Times: user=0.01 sys=0.00, real=0.00 secs] 
265.086: Total time for which application threads were stopped: 0.0017730 seconds, Stopping threads took: 0.0000400 seconds
265.265: Application time: 0.1790040 seconds
265.266: [GC [PSYoungGen: 665920K->688K(666112K)] 922829K->257597K(1223680K), 0.0016700 secs] [Times: user=0.01 sys=0.00, real=0.00 secs] 
265.267: Total time for which application threads were stopped: 0.0018260 seconds, Stopping threads took: 0.0000950 seconds
265.475: Application time: 0.2079100 seconds
265.475: [GC [PSYoungGen: 665776K->608K(666112K)] 922685K->257525K(1223680K), 0.0016730 secs] [Times: user=0.01 sys=0.00, real=0.01 secs] 
265.477: Total time for which application threads were stopped: 0.0018150 seconds, Stopping threads took: 0.0000760 seconds
265.658: Application time: 0.1805450 seconds
265.658: [GC [PSYoungGen: 665696K->640K(666112K)] 922613K->257565K(1223680K), 0.0016400 secs] [Times: user=0.01 sys=0.00, real=0.00 secs] 
265.659: Total time for which application threads were stopped: 0.0017730 seconds, Stopping threads took: 0.0000560 seconds
265.855: Application time: 0.1958880 seconds
265.855: [GC [PSYoungGen: 665728K->624K(666112K)] 922653K->257557K(1223680K), 0.0016700 secs] [Times: user=0.01 sys=0.00, real=0.01 secs] 
265.857: Total time for which application threads were stopped: 0.0017910 seconds, Stopping threads took: 0.0000550 seconds
266.061: Application time: 0.2042860 seconds
266.061: [GC [PSYoungGen: 665712K->688K(666112K)] 922645K->257621K(1223680K), 0.0016360 secs] [Times: user=0.02 sys=0.00, real=0.00 secs] 
266.063: Total time for which application threads were stopped: 0.0017710 seconds, Stopping threads took: 0.0000700 seconds
266.233: Application time: 0.1694550 seconds
266.233: [GC [PSYoungGen: 665776K->592K(666112K)] 922709K->257541K(1223680K), 0.0016700 secs] [Times: user=0.01 sys=0.00, real=0.00 secs] 
266.234: Total time for which application threads were stopped: 0.0018300 seconds, Stopping threads took: 0.0000860 seconds
266.439: Application time: 0.2047880 seconds
266.439: [GC [PSYoungGen: 665680K->560K(666112K)] 922629K->257509K(1223680K), 0.0016830 secs] [Times: user=0.01 sys=0.00, real=0.00 secs] 
266.441: Total time for which application threads were stopped: 0.0018240 seconds, Stopping threads took: 0.0000800 seconds
266.638: Application time: 0.1970220 seconds
266.638: [GC [PSYoungGen: 665648K->752K(666112K)] 922597K->257701K(1223680K), 0.0016600 secs] [Times: user=0.01 sys=0.00, real=0.00 secs] 
266.640: Total time for which application threads were stopped: 0.0018150 seconds, Stopping threads took: 0.0000890 seconds
266.820: Application time: 0.1798940 seconds
266.820: [GC [PSYoungGen: 665840K->656K(666112K)] 922789K->257613K(1223680K), 0.0016740 secs] [Times: user=0.01 sys=0.00, real=0.00 secs] 
266.822: Total time for which application threads were stopped: 0.0018260 seconds, Stopping threads took: 0.0000800 seconds
267.027: Application time: 0.2058840 seconds
267.028: [GC [PSYoungGen: 665744K->608K(666112K)] 922701K->257605K(1223680K), 0.0016660 secs] [Times: user=0.01 sys=0.00, real=0.00 secs] 
267.029: Total time for which application threads were stopped: 0.0018150 seconds, Stopping threads took: 0.0000860 seconds
267.212: Application time: 0.1830020 seconds
267.212: [GC [PSYoungGen: 665696K->704K(666112K)] 922693K->257709K(1223680K), 0.0016730 secs] [Times: user=0.01 sys=0.00, real=0.00 secs] 
267.214: Total time for which application threads were stopped: 0.0017900 seconds, Stopping threads took: 0.0000540 seconds
267.412: Application time: 0.1983280 seconds
267.413: [GC [PSYoungGen: 665792K->768K(666112K)] 922797K->257781K(1223680K), 0.0015920 secs] [Times: user=0.01 sys=0.00, real=0.00 secs] 
267.414: Total time for which application threads were stopped: 0.0017300 seconds, Stopping threads took: 0.0000630 seconds
267.614: Application time: 0.1994850 seconds
267.614: [GC [PSYoungGen: 665856K->624K(666112K)] 922869K->257637K(1223680K), 0.0016610 secs] [Times: user=0.01 sys=0.00, real=0.00 secs] 
267.615: Total time for which application threads were stopped: 0.0018000 seconds, Stopping threads took: 0.0000750 seconds
267.788: Application time: 0.1723900 seconds
267.788: [GC [PSYoungGen: 665712K->704K(666112K)] 922725K->257717K(1223680K), 0.0016520 secs] [Times: user=0.01 sys=0.00, real=0.00 secs] 
267.790: Total time for which application threads were stopped: 0.0017580 seconds, Stopping threads took: 0.0000430 seconds
267.994: Application time: 0.2045700 seconds
267.994: [GC [PSYoungGen: 665792K->704K(666112K)] 922805K->257717K(1223680K), 0.0016440 secs] [Times: user=0.01 sys=0.00, real=0.01 secs] 
267.996: Total time for which application threads were stopped: 0.0017770 seconds, Stopping threads took: 0.0000610 seconds
268.192: Application time: 0.1961510 seconds
268.192: [GC [PSYoungGen: 665792K->720K(639488K)] 922805K->257733K(1197056K), 0.0015190 secs] [Times: user=0.01 sys=0.00, real=0.00 secs] 
268.194: Total time for which application threads were stopped: 0.0016510 seconds, Stopping threads took: 0.0000610 seconds
268.367: Application time: 0.1730440 seconds
268.367: [GC [PSYoungGen: 639184K->496K(642560K)] 896197K->257573K(1200128K), 0.0016590 secs] [Times: user=0.01 sys=0.00, real=0.00 secs] 
268.369: Total time for which application threads were stopped: 0.0018190 seconds, Stopping threads took: 0.0000900 seconds
268.568: Application time: 0.1991420 seconds
268.568: [GC [PSYoungGen: 642544K->656K(646656K)] 899621K->257741K(1204224K), 0.0016540 secs] [Times: user=0.01 sys=0.00, real=0.00 secs] 
268.570: Total time for which application threads were stopped: 0.0017860 seconds, Stopping threads took: 0.0000610 seconds
268.750: Application time: 0.1801920 seconds
268.750: [GC [PSYoungGen: 646288K->784K(650752K)] 903373K->257869K(1208320K), 0.0018120 secs] [Times: user=0.01 sys=0.00, real=0.00 secs] 
268.752: Total time for which application threads were stopped: 0.0019350 seconds, Stopping threads took: 0.0000580 seconds
268.943: Application time: 0.1911960 seconds
268.943: [GC [PSYoungGen: 650512K->640K(654848K)] 907597K->257733K(1212416K), 0.0017060 secs] [Times: user=0.01 sys=0.00, real=0.01 secs] 
268.945: Total time for which application threads were stopped: 0.0018670 seconds, Stopping threads took: 0.0000890 seconds
269.139: Application time: 0.1947060 seconds
269.140: [GC [PSYoungGen: 654464K->496K(658432K)] 911557K->257701K(1216000K), 0.0016550 secs] [Times: user=0.01 sys=0.00, real=0.00 secs] 
269.141: Total time for which application threads were stopped: 0.0018090 seconds, Stopping threads took: 0.0000820 seconds
269.316: Application time: 0.1743000 seconds
269.316: [GC [PSYoungGen: 658416K->688K(663040K)] 915621K->257893K(1220608K), 0.0016480 secs] [Times: user=0.01 sys=0.00, real=0.00 secs] 
269.317: Total time for which application threads were stopped: 0.0017470 seconds, Stopping threads took: 0.0000360 seconds
269.520: Application time: 0.2026620 seconds
269.520: [GC [PSYoungGen: 662704K->592K(665088K)] 919909K->257797K(1222656K), 0.0016730 secs] [Times: user=0.01 sys=0.00, real=0.00 secs] 
269.522: Total time for which application threads were stopped: 0.0018130 seconds, Stopping threads took: 0.0000790 seconds
269.720: Application time: 0.1983640 seconds
269.720: [GC [PSYoungGen: 664656K->576K(665088K)] 921861K->257781K(1222656K), 0.0016800 secs] [Times: user=0.01 sys=0.00, real=0.00 secs] 
269.722: Total time for which application threads were stopped: 0.0018220 seconds, Stopping threads took: 0.0000700 seconds
269.900: Application time: 0.1778810 seconds
269.900: [GC [PSYoungGen: 664640K->608K(666112K)] 921845K->257813K(1223680K), 0.0016510 secs] [Times: user=0.01 sys=0.00, real=0.00 secs] 
269.902: Total time for which application threads were stopped: 0.0017970 seconds, Stopping threads took: 0.0000830 seconds
270.106: Application time: 0.2039110 seconds
270.106: [GC [PSYoungGen: 665696K->592K(666112K)] 922901K->257797K(1223680K), 0.0016250 secs] [Times: user=0.01 sys=0.00, real=0.00 secs] 
270.107: Total time for which application threads were stopped: 0.0017620 seconds, Stopping threads took: 0.0000740 seconds
270.298: Application time: 0.1903830 seconds
270.298: [GC [PSYoungGen: 665680K->624K(666112K)] 922885K->257837K(1223680K), 0.0016330 secs] [Times: user=0.01 sys=0.00, real=0.00 secs] 
270.300: Total time for which application threads were stopped: 0.0017910 seconds, Stopping threads took: 0.0000830 seconds
270.495: Application time: 0.1954130 seconds
270.495: [GC [PSYoungGen: 665712K->496K(666112K)] 922925K->257717K(1223680K), 0.0017540 secs] [Times: user=0.01 sys=0.00, real=0.01 secs] 
270.497: Total time for which application threads were stopped: 0.0019130 seconds, Stopping threads took: 0.0000940 seconds
270.694: Application time: 0.1976070 seconds
270.695: [GC [PSYoungGen: 665584K->704K(666112K)] 922805K->257925K(1223680K), 0.0017350 secs] [Times: user=0.01 sys=0.00, real=0.01 secs] 
270.696: Total time for which application threads were stopped: 0.0018880 seconds, Stopping threads took: 0.0000920 seconds
270.874: Application time: 0.1775240 seconds
270.874: [GC [PSYoungGen: 665792K->704K(666112K)] 923013K->257925K(1223680K), 0.0016830 secs] [Times: user=0.02 sys=0.00, real=0.01 secs] 
270.876: Total time for which application threads were stopped: 0.0018330 seconds, Stopping threads took: 0.0000770 seconds
271.079: Application time: 0.2033350 seconds
271.079: [GC [PSYoungGen: 665792K->704K(666112K)] 923013K->257925K(1223680K), 0.0016410 secs] [Times: user=0.01 sys=0.00, real=0.00 secs] 
271.081: Total time for which application threads were stopped: 0.0017930 seconds, Stopping threads took: 0.0000880 seconds
271.279: Application time: 0.1986040 seconds
271.280: [GC [PSYoungGen: 665792K->752K(639488K)] 923013K->257981K(1197056K), 0.0015560 secs] [Times: user=0.01 sys=0.00, real=0.00 secs] 
271.281: Total time for which application threads were stopped: 0.0017160 seconds, Stopping threads took: 0.0000900 seconds
271.452: Application time: 0.1712850 seconds
271.453: [GC [PSYoungGen: 639216K->480K(642560K)] 896445K->257757K(1200128K), 0.0016740 secs] [Times: user=0.01 sys=0.00, real=0.00 secs] 
271.454: Total time for which application threads were stopped: 0.0018300 seconds, Stopping threads took: 0.0000790 seconds
271.650: Application time: 0.1961640 seconds
271.651: [GC [PSYoungGen: 642528K->704K(646656K)] 899805K->257997K(1204224K), 0.0016380 secs] [Times: user=0.01 sys=0.00, real=0.00 secs] 
271.652: Total time for which application threads were stopped: 0.0017690 seconds, Stopping threads took: 0.0000700 seconds
271.837: Application time: 0.1842970 seconds
271.837: [GC [PSYoungGen: 646336K->592K(650752K)] 903629K->257885K(1208320K), 0.0016740 secs] [Times: user=0.01 sys=0.00, real=0.00 secs] 
271.838: Total time for which application threads were stopped: 0.0017840 seconds, Stopping threads took: 0.0000450 seconds
272.021: Application time: 0.1823040 seconds
272.021: [GC [PSYoungGen: 650320K->592K(654848K)] 907613K->257893K(1212416K), 0.0016530 secs] [Times: user=0.01 sys=0.00, real=0.00 secs] 
272.022: Total time for which application threads were stopped: 0.0018050 seconds, Stopping threads took: 0.0000830 seconds
272.220: Application time: 0.1971470 seconds
272.220: [GC [PSYoungGen: 654416K->496K(658432K)] 911717K->257869K(1216000K), 0.0016470 secs] [Times: user=0.02 sys=0.00, real=0.00 secs] 
272.221: Total time for which application threads were stopped: 0.0017960 seconds, Stopping threads took: 0.0000850 seconds
272.399: Application time: 0.1778670 seconds
272.399: [GC [PSYoungGen: 658416K->624K(663040K)] 915789K->257997K(1220608K), 0.0017330 secs] [Times: user=0.01 sys=0.00, real=0.00 secs] 
272.401: Total time for which application threads were stopped: 0.0018890 seconds, Stopping threads took: 0.0000920 seconds
272.602: Application time: 0.2008840 seconds
272.602: [GC [PSYoungGen: 662640K->672K(665088K)] 920013K->258045K(1222656K), 0.0016950 secs] [Times: user=0.02 sys=0.00, real=0.01 secs] 
272.604: Total time for which application threads were stopped: 0.0018490 seconds, Stopping threads took: 0.0000760 seconds
272.799: Application time: 0.1950290 seconds
272.799: [GC [PSYoungGen: 664736K->704K(665088K)] 922109K->258077K(1222656K), 0.0016500 secs] [Times: user=0.01 sys=0.00, real=0.00 secs] 
272.801: Total time for which application threads were stopped: 0.0017980 seconds, Stopping threads took: 0.0000810 seconds
272.980: Application time: 0.1791510 seconds
272.980: [GC [PSYoungGen: 664768K->640K(666112K)] 922141K->258013K(1223680K), 0.0016560 secs] [Times: user=0.01 sys=0.00, real=0.00 secs] 
272.982: Total time for which application threads were stopped: 0.0017940 seconds, Stopping threads took: 0.0000760 seconds
273.184: Application time: 0.2025990 seconds
273.184: [GC [PSYoungGen: 665728K->560K(666112K)] 923101K->257933K(1223680K), 0.0015990 secs] [Times: user=0.01 sys=0.00, real=0.00 secs] 
273.186: Total time for which application threads were stopped: 0.0017280 seconds, Stopping threads took: 0.0000550 seconds
273.378: Application time: 0.1917440 seconds
273.378: [GC [PSYoungGen: 665648K->656K(666112K)] 923021K->258037K(1223680K), 0.0017910 secs] [Times: user=0.01 sys=0.00, real=0.00 secs] 
273.380: Total time for which application threads were stopped: 0.0019350 seconds, Stopping threads took: 0.0000720 seconds
273.568: Application time: 0.1886590 seconds
273.568: [GC [PSYoungGen: 665744K->608K(666112K)] 923125K->257997K(1223680K), 0.0016700 secs] [Times: user=0.01 sys=0.00, real=0.00 secs] 
273.570: Total time for which application threads were stopped: 0.0017970 seconds, Stopping threads took: 0.0000670 seconds
273.772: Application time: 0.2017860 seconds
273.772: [GC [PSYoungGen: 665696K->592K(666112K)] 923085K->257989K(1223680K), 0.0016700 secs] [Times: user=0.01 sys=0.00, real=0.00 secs] 
273.774: Total time for which application threads were stopped: 0.0018140 seconds, Stopping threads took: 0.0000690 seconds
273.952: Application time: 0.1784240 seconds
273.952: [GC [PSYoungGen: 665680K->688K(666112K)] 923077K->258085K(1223680K), 0.0016890 secs] [Times: user=0.01 sys=0.00, real=0.00 secs] 
273.954: Total time for which application threads were stopped: 0.0018030 seconds, Stopping threads took: 0.0000520 seconds
274.156: Application time: 0.2018920 seconds
274.156: [GC [PSYoungGen: 665776K->640K(666112K)] 923173K->258045K(1223680K), 0.0016370 secs] [Times: user=0.01 sys=0.00, real=0.00 secs] 
274.158: Total time for which application threads were stopped: 0.0017550 seconds, Stopping threads took: 0.0000540 seconds
274.355: Application time: 0.1972600 seconds
274.355: [GC [PSYoungGen: 665728K->768K(666112K)] 923133K->258181K(1223680K), 0.0016370 secs] [Times: user=0.01 sys=0.00, real=0.01 secs] 
274.357: Total time for which application threads were stopped: 0.0018020 seconds, Stopping threads took: 0.0000900 seconds
274.536: Application time: 0.1787990 seconds
274.536: [GC [PSYoungGen: 665856K->656K(666112K)] 923269K->258069K(1223680K), 0.0016660 secs] [Times: user=0.01 sys=0.00, real=0.00 secs] 
274.537: Total time for which application threads were stopped: 0.0018130 seconds, Stopping threads took: 0.0000830 seconds
274.739: Application time: 0.2013090 seconds
274.739: [GC [PSYoungGen: 665744K->608K(666112K)] 923157K->258021K(1223680K), 0.0016620 secs] [Times: user=0.01 sys=0.00, real=0.00 secs] 
274.740: Total time for which application threads were stopped: 0.0017810 seconds, Stopping threads took: 0.0000530 seconds
274.930: Application time: 0.1898610 seconds
274.930: [GC [PSYoungGen: 665696K->816K(666112K)] 923109K->258237K(1223680K), 0.0016670 secs] [Times: user=0.01 sys=0.00, real=0.00 secs] 
274.932: Total time for which application threads were stopped: 0.0018160 seconds, Stopping threads took: 0.0000780 seconds
275.121: Application time: 0.1893100 seconds
275.122: [GC [PSYoungGen: 665904K->592K(666112K)] 923325K->258021K(1223680K), 0.0016510 secs] [Times: user=0.01 sys=0.00, real=0.00 secs] 
275.123: Total time for which application threads were stopped: 0.0017780 seconds, Stopping threads took: 0.0000610 seconds
275.325: Application time: 0.2022560 seconds
275.326: [GC [PSYoungGen: 665680K->736K(666112K)] 923109K->258181K(1223680K), 0.0016600 secs] [Times: user=0.02 sys=0.00, real=0.00 secs] 
275.327: Total time for which application threads were stopped: 0.0017800 seconds, Stopping threads took: 0.0000550 seconds
275.504: Application time: 0.1768930 seconds
275.504: [GC [PSYoungGen: 665824K->688K(666112K)] 923269K->258133K(1223680K), 0.0016600 secs] [Times: user=0.01 sys=0.00, real=0.00 secs] 
275.506: Total time for which application threads were stopped: 0.0017960 seconds, Stopping threads took: 0.0000640 seconds
275.709: Application time: 0.2035700 seconds
275.710: [GC [PSYoungGen: 665776K->640K(666112K)] 923221K->258085K(1223680K), 0.0016280 secs] [Times: user=0.01 sys=0.00, real=0.00 secs] 
275.711: Total time for which application threads were stopped: 0.0017630 seconds, Stopping threads took: 0.0000700 seconds
275.906: Application time: 0.1952040 seconds
275.907: [GC [PSYoungGen: 665728K->816K(666112K)] 923173K->258261K(1223680K), 0.0016770 secs] [Times: user=0.01 sys=0.00, real=0.00 secs] 
275.908: Total time for which application threads were stopped: 0.0018170 seconds, Stopping threads took: 0.0000770 seconds
276.087: Application time: 0.1782180 seconds
276.087: [GC [PSYoungGen: 665904K->512K(666112K)] 923349K->257957K(1223680K), 0.0017270 secs] [Times: user=0.01 sys=0.00, real=0.00 secs] 
276.088: Total time for which application threads were stopped: 0.0018820 seconds, Stopping threads took: 0.0000810 seconds
276.292: Application time: 0.2039770 seconds
276.292: [GC [PSYoungGen: 665600K->592K(666112K)] 923045K->258037K(1223680K), 0.0017410 secs] [Times: user=0.01 sys=0.00, real=0.00 secs] 
276.294: Total time for which application threads were stopped: 0.0018790 seconds, Stopping threads took: 0.0000770 seconds
276.481: Application time: 0.1869180 seconds
276.481: [GC [PSYoungGen: 665680K->736K(666112K)] 923125K->258189K(1223680K), 0.0016890 secs] [Times: user=0.02 sys=0.00, real=0.00 secs] 
276.483: Total time for which application threads were stopped: 0.0018130 seconds, Stopping threads took: 0.0000560 seconds
276.671: Application time: 0.1881850 seconds
276.671: [GC [PSYoungGen: 665824K->656K(666112K)] 923277K->258117K(1223680K), 0.0016410 secs] [Times: user=0.01 sys=0.00, real=0.00 secs] 
276.673: Total time for which application threads were stopped: 0.0017860 seconds, Stopping threads took: 0.0000710 seconds
276.878: Application time: 0.2046020 seconds
276.878: [GC [PSYoungGen: 665744K->576K(666112K)] 923205K->258045K(1223680K), 0.0016540 secs] [Times: user=0.01 sys=0.00, real=0.00 secs] 
276.879: Total time for which application threads were stopped: 0.0017830 seconds, Stopping threads took: 0.0000670 seconds
277.053: Application time: 0.1740430 seconds
277.054: [GC [PSYoungGen: 665664K->672K(666112K)] 923133K->258141K(1223680K), 0.0016650 secs] [Times: user=0.01 sys=0.00, real=0.00 secs] 
277.055: Total time for which application threads were stopped: 0.0018140 seconds, Stopping threads took: 0.0000870 seconds
277.262: Application time: 0.2066470 seconds
277.262: [GC [PSYoungGen: 665760K->624K(666112K)] 923229K->258093K(1223680K), 0.0016550 secs] [Times: user=0.01 sys=0.00, real=0.01 secs] 
277.264: Total time for which application threads were stopped: 0.0018070 seconds, Stopping threads took: 0.0000770 seconds
277.457: Application time: 0.1930950 seconds
277.457: [GC [PSYoungGen: 665712K->704K(666112K)] 923181K->258173K(1223680K), 0.0016670 secs] [Times: user=0.01 sys=0.00, real=0.00 secs] 
277.459: Total time for which application threads were stopped: 0.0018640 seconds, Stopping threads took: 0.0001270 seconds
277.638: Application time: 0.1793980 seconds
277.638: [GC [PSYoungGen: 665792K->560K(666112K)] 923261K->258029K(1223680K), 0.0016970 secs] [Times: user=0.01 sys=0.00, real=0.00 secs] 
277.640: Total time for which application threads were stopped: 0.0018510 seconds, Stopping threads took: 0.0000910 seconds
277.842: Application time: 0.2021230 seconds
277.842: [GC [PSYoungGen: 665648K->624K(666112K)] 923117K->258093K(1223680K), 0.0016710 secs] [Times: user=0.01 sys=0.00, real=0.01 secs] 
277.844: Total time for which application threads were stopped: 0.0018240 seconds, Stopping threads took: 0.0000800 seconds
278.030: Application time: 0.1865420 seconds
278.031: [GC [PSYoungGen: 665712K->624K(666112K)] 923181K->258101K(1223680K), 0.0017480 secs] [Times: user=0.02 sys=0.00, real=0.00 secs] 
278.032: Total time for which application threads were stopped: 0.0019000 seconds, Stopping threads took: 0.0000830 seconds
278.229: Application time: 0.1962540 seconds
278.229: [GC [PSYoungGen: 665712K->656K(666112K)] 923189K->258141K(1223680K), 0.0016820 secs] [Times: user=0.01 sys=0.00, real=0.00 secs] 
278.230: Total time for which application threads were stopped: 0.0018310 seconds, Stopping threads took: 0.0000840 seconds
278.427: Application time: 0.1966010 seconds
278.427: [GC [PSYoungGen: 665744K->608K(666112K)] 923229K->258101K(1223680K), 0.0016840 secs] [Times: user=0.01 sys=0.00, real=0.00 secs] 
278.429: Total time for which application threads were stopped: 0.0018420 seconds, Stopping threads took: 0.0000820 seconds
278.606: Application time: 0.1767820 seconds
278.606: [GC [PSYoungGen: 665696K->592K(666112K)] 923189K->258085K(1223680K), 0.0016600 secs] [Times: user=0.01 sys=0.00, real=0.00 secs] 
278.607: Total time for which application threads were stopped: 0.0018270 seconds, Stopping threads took: 0.0001040 seconds
278.817: Application time: 0.2099580 seconds
278.818: [GC [PSYoungGen: 665680K->640K(666112K)] 923173K->258133K(1223680K), 0.0016720 secs] [Times: user=0.01 sys=0.00, real=0.00 secs] 
278.819: Total time for which application threads were stopped: 0.0018060 seconds, Stopping threads took: 0.0000710 seconds
279.010: Application time: 0.1907740 seconds
279.010: [GC [PSYoungGen: 665728K->688K(666112K)] 923221K->258181K(1223680K), 0.0016760 secs] [Times: user=0.01 sys=0.00, real=0.00 secs] 
279.012: Total time for which application threads were stopped: 0.0018310 seconds, Stopping threads took: 0.0000620 seconds
279.191: Application time: 0.1792260 seconds
279.191: [GC [PSYoungGen: 665776K->640K(666112K)] 923269K->258133K(1223680K), 0.0016670 secs] [Times: user=0.01 sys=0.00, real=0.00 secs] 
279.193: Total time for which application threads were stopped: 0.0018130 seconds, Stopping threads took: 0.0000840 seconds
279.397: Application time: 0.2040120 seconds
279.397: [GC [PSYoungGen: 665728K->512K(666112K)] 923221K->258005K(1223680K), 0.0016660 secs] [Times: user=0.01 sys=0.00, real=0.00 secs] 
279.399: Total time for which application threads were stopped: 0.0018120 seconds, Stopping threads took: 0.0000790 seconds
279.585: Application time: 0.1861130 seconds
279.585: [GC [PSYoungGen: 665600K->624K(666112K)] 923093K->258125K(1223680K), 0.0016580 secs] [Times: user=0.01 sys=0.00, real=0.00 secs] 
279.587: Total time for which application threads were stopped: 0.0018000 seconds, Stopping threads took: 0.0000690 seconds
279.783: Application time: 0.1964060 seconds
279.783: [GC [PSYoungGen: 665712K->656K(666112K)] 923213K->258165K(1223680K), 0.0017120 secs] [Times: user=0.01 sys=0.00, real=0.01 secs] 
279.785: Total time for which application threads were stopped: 0.0018720 seconds, Stopping threads took: 0.0000960 seconds
279.983: Application time: 0.1980000 seconds
279.983: [GC [PSYoungGen: 665744K->656K(666112K)] 923253K->258173K(1223680K), 0.0016750 secs] [Times: user=0.01 sys=0.00, real=0.01 secs] 
279.985: Total time for which application threads were stopped: 0.0018150 seconds, Stopping threads took: 0.0000740 seconds
280.161: Application time: 0.1767410 seconds
280.162: [GC [PSYoungGen: 665744K->608K(666112K)] 923261K->258125K(1223680K), 0.0016240 secs] [Times: user=0.01 sys=0.00, real=0.00 secs] 
280.163: Total time for which application threads were stopped: 0.0017640 seconds, Stopping threads took: 0.0000690 seconds
280.372: Application time: 0.2086200 seconds
280.372: [GC [PSYoungGen: 665696K->640K(666112K)] 923213K->258157K(1223680K), 0.0017490 secs] [Times: user=0.02 sys=0.00, real=0.00 secs] 
280.374: Total time for which application threads were stopped: 0.0018730 seconds, Stopping threads took: 0.0000630 seconds
280.565: Application time: 0.1913900 seconds
280.565: [GC [PSYoungGen: 665728K->624K(666112K)] 923245K->258141K(1223680K), 0.0016440 secs] [Times: user=0.01 sys=0.00, real=0.00 secs] 
280.567: Total time for which application threads were stopped: 0.0017880 seconds, Stopping threads took: 0.0000780 seconds
280.747: Application time: 0.1802840 seconds
280.747: [GC [PSYoungGen: 665712K->576K(666112K)] 923229K->258093K(1223680K), 0.0016840 secs] [Times: user=0.01 sys=0.00, real=0.00 secs] 
280.749: Total time for which application threads were stopped: 0.0018420 seconds, Stopping threads took: 0.0000870 seconds
280.953: Application time: 0.2038880 seconds
280.953: [GC [PSYoungGen: 665664K->704K(666112K)] 923181K->258221K(1223680K), 0.0016550 secs] [Times: user=0.01 sys=0.00, real=0.00 secs] 
280.955: Total time for which application threads were stopped: 0.0018060 seconds, Stopping threads took: 0.0000870 seconds
281.144: Application time: 0.1888630 seconds
281.144: [GC [PSYoungGen: 665792K->816K(639488K)] 923309K->258341K(1197056K), 0.0014740 secs] [Times: user=0.01 sys=0.00, real=0.00 secs] 
281.145: Total time for which application threads were stopped: 0.0016130 seconds, Stopping threads took: 0.0000780 seconds
281.330: Application time: 0.1848320 seconds
281.330: [GC [PSYoungGen: 639280K->624K(614400K)] 896805K->258157K(1171968K), 0.0016920 secs] [Times: user=0.01 sys=0.00, real=0.00 secs] 
281.332: Total time for which application threads were stopped: 0.0018450 seconds, Stopping threads took: 0.0000790 seconds
281.514: Application time: 0.1816720 seconds
281.514: [GC [PSYoungGen: 614000K->512K(617472K)] 871533K->258149K(1175040K), 0.0016600 secs] [Times: user=0.02 sys=0.00, real=0.00 secs] 
281.515: Total time for which application threads were stopped: 0.0018010 seconds, Stopping threads took: 0.0000710 seconds
281.686: Application time: 0.1705210 seconds
281.686: [GC [PSYoungGen: 617472K->640K(621568K)] 875109K->258278K(1179136K), 0.0016550 secs] [Times: user=0.01 sys=0.00, real=0.00 secs] 
281.688: Total time for which application threads were stopped: 0.0018010 seconds, Stopping threads took: 0.0000820 seconds
281.873: Application time: 0.1848460 seconds
281.873: [GC [PSYoungGen: 621184K->608K(625152K)] 878822K->258246K(1182720K), 0.0016660 secs] [Times: user=0.02 sys=0.00, real=0.00 secs] 
281.874: Total time for which application threads were stopped: 0.0018130 seconds, Stopping threads took: 0.0000750 seconds
282.056: Application time: 0.1818980 seconds
282.056: [GC [PSYoungGen: 624736K->704K(628736K)] 882374K->258342K(1186304K), 0.0017220 secs] [Times: user=0.01 sys=0.00, real=0.00 secs] 
282.058: Total time for which application threads were stopped: 0.0018450 seconds, Stopping threads took: 0.0000600 seconds
282.227: Application time: 0.1685900 seconds
282.227: [GC [PSYoungGen: 628416K->496K(632320K)] 886054K->258278K(1189888K), 0.0018020 secs] [Times: user=0.01 sys=0.00, real=0.00 secs] 
282.229: Total time for which application threads were stopped: 0.0019520 seconds, Stopping threads took: 0.0000820 seconds
282.425: Application time: 0.1960260 seconds
282.425: [GC [PSYoungGen: 632304K->736K(636928K)] 890086K->258526K(1194496K), 0.0016760 secs] [Times: user=0.01 sys=0.00, real=0.00 secs] 
282.427: Total time for which application threads were stopped: 0.0018090 seconds, Stopping threads took: 0.0000600 seconds
282.611: Application time: 0.1842310 seconds
282.611: [GC [PSYoungGen: 636640K->560K(641024K)] 894430K->258350K(1198592K), 0.0017490 secs] [Times: user=0.01 sys=0.00, real=0.00 secs] 
282.613: Total time for which application threads were stopped: 0.0018820 seconds, Stopping threads took: 0.0000650 seconds
282.780: Application time: 0.1676890 seconds
282.780: [GC [PSYoungGen: 640560K->688K(645120K)] 898350K->258486K(1202688K), 0.0015960 secs] [Times: user=0.01 sys=0.00, real=0.00 secs] 
282.782: Total time for which application threads were stopped: 0.0017260 seconds, Stopping threads took: 0.0000650 seconds
282.983: Application time: 0.2005030 seconds
282.983: [GC [PSYoungGen: 644784K->496K(648704K)] 902582K->258318K(1206272K), 0.0016520 secs] [Times: user=0.01 sys=0.00, real=0.01 secs] 
282.984: Total time for which application threads were stopped: 0.0017980 seconds, Stopping threads took: 0.0000750 seconds
283.173: Application time: 0.1885110 seconds
283.173: [GC [PSYoungGen: 648688K->688K(653312K)] 906510K->258510K(1210880K), 0.0016950 secs] [Times: user=0.01 sys=0.00, real=0.00 secs] 
283.175: Total time for which application threads were stopped: 0.0018550 seconds, Stopping threads took: 0.0000880 seconds
283.355: Application time: 0.1805910 seconds
283.355: [GC [PSYoungGen: 652976K->672K(657408K)] 910798K->258494K(1214976K), 0.0016660 secs] [Times: user=0.02 sys=0.00, real=0.01 secs] 
283.357: Total time for which application threads were stopped: 0.0017780 seconds, Stopping threads took: 0.0000460 seconds
283.551: Application time: 0.1937660 seconds
283.551: [GC [PSYoungGen: 657056K->592K(661504K)] 914878K->258414K(1219072K), 0.0017930 secs] [Times: user=0.01 sys=0.00, real=0.00 secs] 
283.553: Total time for which application threads were stopped: 0.0019500 seconds, Stopping threads took: 0.0000830 seconds
283.740: Application time: 0.1873050 seconds
283.740: [GC [PSYoungGen: 661072K->496K(664064K)] 918894K->258518K(1221632K), 0.0015230 secs] [Times: user=0.00 sys=0.00, real=0.00 secs] 
283.742: Total time for which application threads were stopped: 0.0016480 seconds, Stopping threads took: 0.0000620 seconds
283.940: Application time: 0.1980170 seconds
283.940: [GC [PSYoungGen: 664048K->560K(664576K)] 922070K->258590K(1222144K), 0.0016760 secs] [Times: user=0.01 sys=0.00, real=0.00 secs] 
283.942: Total time for which application threads were stopped: 0.0018390 seconds, Stopping threads took: 0.0001000 seconds
284.136: Application time: 0.1946980 seconds
284.136: [GC [PSYoungGen: 664112K->480K(666112K)] 922142K->258510K(1223680K), 0.0016770 secs] [Times: user=0.01 sys=0.00, real=0.00 secs] 
284.138: Total time for which application threads were stopped: 0.0018210 seconds, Stopping threads took: 0.0000740 seconds
284.313: Application time: 0.1745650 seconds
284.313: [GC [PSYoungGen: 665568K->688K(666112K)] 923598K->258734K(1223680K), 0.0016430 secs] [Times: user=0.01 sys=0.00, real=0.00 secs] 
284.314: Total time for which application threads were stopped: 0.0017560 seconds, Stopping threads took: 0.0000470 seconds
284.518: Application time: 0.2037930 seconds
284.518: [GC [PSYoungGen: 665776K->704K(666112K)] 923822K->258766K(1223680K), 0.0016490 secs] [Times: user=0.02 sys=0.00, real=0.00 secs] 
284.520: Total time for which application threads were stopped: 0.0018020 seconds, Stopping threads took: 0.0000880 seconds
284.717: Application time: 0.1970370 seconds
284.717: [GC [PSYoungGen: 665792K->672K(639488K)] 923854K->258734K(1197056K), 0.0016760 secs] [Times: user=0.01 sys=0.00, real=0.00 secs] 
284.719: Total time for which application threads were stopped: 0.0018120 seconds, Stopping threads took: 0.0000670 seconds
284.891: Application time: 0.1716520 seconds
284.891: [GC [PSYoungGen: 639136K->496K(643072K)] 897198K->258662K(1200640K), 0.0017190 secs] [Times: user=0.01 sys=0.00, real=0.00 secs] 
284.892: Total time for which application threads were stopped: 0.0018770 seconds, Stopping threads took: 0.0000930 seconds
285.083: Application time: 0.1900820 seconds
285.083: [GC [PSYoungGen: 643056K->736K(647680K)] 901222K->258950K(1205248K), 0.0017160 secs] [Times: user=0.01 sys=0.00, real=0.01 secs] 
285.084: Total time for which application threads were stopped: 0.0018400 seconds, Stopping threads took: 0.0000570 seconds
285.275: Application time: 0.1901600 seconds
285.275: [GC [PSYoungGen: 647392K->832K(651776K)] 905606K->259046K(1209344K), 0.0017160 secs] [Times: user=0.01 sys=0.00, real=0.01 secs] 
285.276: Total time for which application threads were stopped: 0.0018660 seconds, Stopping threads took: 0.0000700 seconds
285.463: Application time: 0.1866350 seconds
285.463: [GC [PSYoungGen: 651584K->688K(655872K)] 909798K->258902K(1213440K), 0.0018020 secs] [Times: user=0.01 sys=0.00, real=0.01 secs] 
285.465: Total time for which application threads were stopped: 0.0019630 seconds, Stopping threads took: 0.0000940 seconds
285.657: Application time: 0.1918060 seconds
285.657: [GC [PSYoungGen: 655536K->496K(659456K)] 913750K->258830K(1217024K), 0.0016680 secs] [Times: user=0.01 sys=0.00, real=0.00 secs] 
285.659: Total time for which application threads were stopped: 0.0017990 seconds, Stopping threads took: 0.0000680 seconds
285.839: Application time: 0.1804380 seconds
285.839: [GC [PSYoungGen: 659440K->704K(664064K)] 917774K->259046K(1221632K), 0.0016730 secs] [Times: user=0.01 sys=0.00, real=0.00 secs] 
285.841: Total time for which application threads were stopped: 0.0018330 seconds, Stopping threads took: 0.0000800 seconds
286.042: Application time: 0.2013130 seconds
286.042: [GC [PSYoungGen: 663744K->672K(665088K)] 922086K->259014K(1222656K), 0.0017140 secs] [Times: user=0.02 sys=0.00, real=0.01 secs] 
286.044: Total time for which application threads were stopped: 0.0018520 seconds, Stopping threads took: 0.0000750 seconds
286.241: Application time: 0.1964800 seconds
286.241: [GC [PSYoungGen: 664736K->688K(665088K)] 923078K->259038K(1222656K), 0.0016730 secs] [Times: user=0.01 sys=0.00, real=0.00 secs] 
286.242: Total time for which application threads were stopped: 0.0018360 seconds, Stopping threads took: 0.0000990 seconds
286.417: Application time: 0.1750220 seconds
286.418: [GC [PSYoungGen: 664752K->688K(666112K)] 923102K->259046K(1223680K), 0.0016360 secs] [Times: user=0.01 sys=0.00, real=0.00 secs] 
286.419: Total time for which application threads were stopped: 0.0017750 seconds, Stopping threads took: 0.0000640 seconds
286.620: Application time: 0.2003760 seconds
286.620: [GC [PSYoungGen: 665776K->752K(666112K)] 924134K->259126K(1223680K), 0.0016610 secs] [Times: user=0.01 sys=0.00, real=0.00 secs] 
286.621: Total time for which application threads were stopped: 0.0018020 seconds, Stopping threads took: 0.0000720 seconds
286.817: Application time: 0.1954990 seconds
286.817: [GC [PSYoungGen: 665840K->864K(666112K)] 924214K->259238K(1223680K), 0.0016520 secs] [Times: user=0.01 sys=0.00, real=0.00 secs] 
286.819: Total time for which application threads were stopped: 0.0017740 seconds, Stopping threads took: 0.0000590 seconds
287.009: Application time: 0.1903760 seconds
287.009: [GC [PSYoungGen: 665952K->672K(666112K)] 924326K->259046K(1223680K), 0.0016630 secs] [Times: user=0.02 sys=0.00, real=0.00 secs] 
287.011: Total time for which application threads were stopped: 0.0018170 seconds, Stopping threads took: 0.0000740 seconds
287.202: Application time: 0.1916060 seconds
287.203: [GC [PSYoungGen: 665760K->672K(666112K)] 924134K->259062K(1223680K), 0.0016970 secs] [Times: user=0.01 sys=0.00, real=0.01 secs] 
287.204: Total time for which application threads were stopped: 0.0018560 seconds, Stopping threads took: 0.0000940 seconds
287.389: Application time: 0.1848010 seconds
287.389: [GC [PSYoungGen: 665760K->848K(666112K)] 924150K->259246K(1223680K), 0.0016600 secs] [Times: user=0.01 sys=0.00, real=0.00 secs] 
287.391: Total time for which application threads were stopped: 0.0017890 seconds, Stopping threads took: 0.0000660 seconds
287.591: Application time: 0.1996010 seconds
287.591: [GC [PSYoungGen: 665936K->752K(666112K)] 924334K->259158K(1223680K), 0.0016480 secs] [Times: user=0.01 sys=0.00, real=0.00 secs] 
287.592: Total time for which application threads were stopped: 0.0018070 seconds, Stopping threads took: 0.0000800 seconds
287.789: Application time: 0.1964470 seconds
287.789: [GC [PSYoungGen: 665840K->624K(639488K)] 924246K->259094K(1197056K), 0.0016730 secs] [Times: user=0.02 sys=0.00, real=0.00 secs] 
287.791: Total time for which application threads were stopped: 0.0018010 seconds, Stopping threads took: 0.0000640 seconds
287.957: Application time: 0.1666040 seconds
287.957: [GC [PSYoungGen: 639088K->496K(643072K)] 897558K->259022K(1200640K), 0.0017780 secs] [Times: user=0.01 sys=0.00, real=0.00 secs] 
287.959: Total time for which application threads were stopped: 0.0019120 seconds, Stopping threads took: 0.0000680 seconds
288.153: Application time: 0.1934520 seconds
288.153: [GC [PSYoungGen: 643056K->592K(647680K)] 901582K->259134K(1205248K), 0.0016520 secs] [Times: user=0.01 sys=0.00, real=0.00 secs] 
288.154: Total time for which application threads were stopped: 0.0017950 seconds, Stopping threads took: 0.0000700 seconds
288.347: Application time: 0.1923760 seconds
288.347: [GC [PSYoungGen: 647248K->544K(651776K)] 905790K->259086K(1209344K), 0.0016670 secs] [Times: user=0.02 sys=0.00, real=0.00 secs] 
288.349: Total time for which application threads were stopped: 0.0017990 seconds, Stopping threads took: 0.0000670 seconds
288.527: Application time: 0.1784770 seconds
288.527: [GC [PSYoungGen: 651296K->576K(655872K)] 909838K->259158K(1213440K), 0.0017840 secs] [Times: user=0.02 sys=0.00, real=0.00 secs] 
288.529: Total time for which application threads were stopped: 0.0019430 seconds, Stopping threads took: 0.0000940 seconds
288.717: Application time: 0.1880690 seconds
288.717: [GC [PSYoungGen: 655424K->480K(659456K)] 914006K->259118K(1217024K), 0.0017460 secs] [Times: user=0.01 sys=0.00, real=0.00 secs] 
288.719: Total time for which application threads were stopped: 0.0018700 seconds, Stopping threads took: 0.0000520 seconds
288.909: Application time: 0.1901850 seconds
288.909: [GC [PSYoungGen: 659424K->640K(664064K)] 918062K->259286K(1221632K), 0.0017420 secs] [Times: user=0.01 sys=0.00, real=0.00 secs] 
288.911: Total time for which application threads were stopped: 0.0019900 seconds, Stopping threads took: 0.0001870 seconds
289.108: Application time: 0.1972520 seconds
289.108: [GC [PSYoungGen: 663680K->624K(665088K)] 922326K->259270K(1222656K), 0.0016620 secs] [Times: user=0.01 sys=0.00, real=0.00 secs] 
289.110: Total time for which application threads were stopped: 0.0017980 seconds, Stopping threads took: 0.0000670 seconds
289.304: Application time: 0.1940240 seconds
289.304: [GC [PSYoungGen: 664688K->720K(638976K)] 923334K->259374K(1196544K), 0.0014830 secs] [Times: user=0.00 sys=0.00, real=0.00 secs] 
289.306: Total time for which application threads were stopped: 0.0016260 seconds, Stopping threads took: 0.0000730 seconds
289.476: Application time: 0.1701320 seconds
289.476: [GC [PSYoungGen: 638672K->496K(642560K)] 897326K->259254K(1200128K), 0.0016510 secs] [Times: user=0.01 sys=0.00, real=0.00 secs] 
289.478: Total time for which application threads were stopped: 0.0017740 seconds, Stopping threads took: 0.0000610 seconds
289.672: Application time: 0.1940880 seconds
289.672: [GC [PSYoungGen: 642544K->560K(646656K)] 901302K->259318K(1204224K), 0.0016470 secs] [Times: user=0.01 sys=0.00, real=0.00 secs] 
289.674: Total time for which application threads were stopped: 0.0017820 seconds, Stopping threads took: 0.0000730 seconds
289.867: Application time: 0.1932850 seconds
289.867: [GC [PSYoungGen: 646192K->480K(649728K)] 904950K->259238K(1207296K), 0.0017090 secs] [Times: user=0.01 sys=0.00, real=0.00 secs] 
289.869: Total time for which application threads were stopped: 0.0018690 seconds, Stopping threads took: 0.0000850 seconds
290.041: Application time: 0.1721660 seconds
290.041: [GC [PSYoungGen: 649696K->672K(654336K)] 908454K->259430K(1211904K), 0.0017680 secs] [Times: user=0.01 sys=0.00, real=0.00 secs] 
290.043: Total time for which application threads were stopped: 0.0019030 seconds, Stopping threads took: 0.0000720 seconds
290.235: Application time: 0.1925630 seconds
290.235: [GC [PSYoungGen: 653984K->672K(658432K)] 912742K->259430K(1216000K), 0.0017420 secs] [Times: user=0.01 sys=0.01, real=0.01 secs] 
290.237: Total time for which application threads were stopped: 0.0018800 seconds, Stopping threads took: 0.0000780 seconds
290.435: Application time: 0.1977170 seconds
290.435: [GC [PSYoungGen: 658080K->592K(662528K)] 916838K->259358K(1220096K), 0.0018130 secs] [Times: user=0.01 sys=0.00, real=0.01 secs] 
290.437: Total time for which application threads were stopped: 0.0019840 seconds, Stopping threads took: 0.0000870 seconds
290.626: Application time: 0.1893910 seconds
290.626: [GC [PSYoungGen: 662096K->480K(663552K)] 920862K->259274K(1221120K), 0.0017320 secs] [Times: user=0.01 sys=0.00, real=0.00 secs] 
290.628: Total time for which application threads were stopped: 0.0018910 seconds, Stopping threads took: 0.0000970 seconds
290.817: Application time: 0.1884970 seconds
290.817: [GC [PSYoungGen: 663520K->592K(664064K)] 922314K->259394K(1221632K), 0.0016320 secs] [Times: user=0.02 sys=0.00, real=0.00 secs] 
290.819: Total time for which application threads were stopped: 0.0017630 seconds, Stopping threads took: 0.0000630 seconds
291.005: Application time: 0.1864860 seconds
291.005: [GC [PSYoungGen: 663632K->800K(666112K)] 922434K->259602K(1223680K), 0.0016340 secs] [Times: user=0.01 sys=0.00, real=0.00 secs] 
291.007: Total time for which application threads were stopped: 0.0018070 seconds, Stopping threads took: 0.0000940 seconds
291.208: Application time: 0.2014090 seconds
291.208: [GC [PSYoungGen: 665888K->720K(666112K)] 924690K->259522K(1223680K), 0.0016100 secs] [Times: user=0.01 sys=0.00, real=0.00 secs] 
291.210: Total time for which application threads were stopped: 0.0017330 seconds, Stopping threads took: 0.0000590 seconds
291.407: Application time: 0.1970290 seconds
291.407: [GC [PSYoungGen: 665808K->656K(639488K)] 924610K->259458K(1197056K), 0.0016420 secs] [Times: user=0.01 sys=0.00, real=0.00 secs] 
291.409: Total time for which application threads were stopped: 0.0017980 seconds, Stopping threads took: 0.0000920 seconds
291.579: Application time: 0.1705040 seconds
291.579: [GC [PSYoungGen: 639120K->640K(643584K)] 897922K->259450K(1201152K), 0.0016830 secs] [Times: user=0.01 sys=0.00, real=0.00 secs] 
291.581: Total time for which application threads were stopped: 0.0018340 seconds, Stopping threads took: 0.0000790 seconds
291.774: Application time: 0.1929780 seconds
291.774: [GC [PSYoungGen: 643200K->496K(647168K)] 902010K->259410K(1204736K), 0.0016790 secs] [Times: user=0.01 sys=0.00, real=0.01 secs] 
291.776: Total time for which application threads were stopped: 0.0018020 seconds, Stopping threads took: 0.0000580 seconds
291.970: Application time: 0.1942240 seconds
291.970: [GC [PSYoungGen: 647152K->496K(651264K)] 906066K->259418K(1208832K), 0.0015910 secs] [Times: user=0.01 sys=0.00, real=0.00 secs] 
291.972: Total time for which application threads were stopped: 0.0017430 seconds, Stopping threads took: 0.0000890 seconds
292.150: Application time: 0.1783320 seconds
292.150: [GC [PSYoungGen: 650736K->528K(625664K)] 909658K->259450K(1183232K), 0.0014630 secs] [Times: user=0.01 sys=0.00, real=0.00 secs] 
292.152: Total time for which application threads were stopped: 0.0015950 seconds, Stopping threads took: 0.0000550 seconds
292.328: Application time: 0.1763220 seconds
292.328: [GC [PSYoungGen: 625168K->560K(601088K)] 884090K->259506K(1158656K), 0.0015020 secs] [Times: user=0.01 sys=0.00, real=0.00 secs] 
292.330: Total time for which application threads were stopped: 0.0016230 seconds, Stopping threads took: 0.0000560 seconds
292.512: Application time: 0.1823180 seconds
292.512: [GC [PSYoungGen: 600624K->496K(604160K)] 859570K->259570K(1161728K), 0.0016730 secs] [Times: user=0.01 sys=0.00, real=0.00 secs] 
292.514: Total time for which application threads were stopped: 0.0018120 seconds, Stopping threads took: 0.0000680 seconds
292.686: Application time: 0.1716840 seconds
292.686: [GC [PSYoungGen: 604144K->512K(608256K)] 863218K->259586K(1165824K), 0.0017540 secs] [Times: user=0.01 sys=0.00, real=0.00 secs] 
292.687: Total time for which application threads were stopped: 0.0019070 seconds, Stopping threads took: 0.0000810 seconds
292.856: Application time: 0.1681760 seconds
292.856: [GC [PSYoungGen: 607744K->608K(611840K)] 866818K->259682K(1169408K), 0.0016490 secs] [Times: user=0.02 sys=0.00, real=0.00 secs] 
292.857: Total time for which application threads were stopped: 0.0017960 seconds, Stopping threads took: 0.0000850 seconds
293.041: Application time: 0.1833090 seconds
293.041: [GC [PSYoungGen: 611424K->688K(615424K)] 870498K->259770K(1172992K), 0.0016900 secs] [Times: user=0.01 sys=0.00, real=0.00 secs] 
293.043: Total time for which application threads were stopped: 0.0018320 seconds, Stopping threads took: 0.0000770 seconds
293.223: Application time: 0.1802400 seconds
293.223: [GC [PSYoungGen: 615088K->496K(618496K)] 874170K->259594K(1176064K), 0.0016430 secs] [Times: user=0.02 sys=0.00, real=0.01 secs] 
293.225: Total time for which application threads were stopped: 0.0017850 seconds, Stopping threads took: 0.0000640 seconds
293.394: Application time: 0.1696020 seconds
293.394: [GC [PSYoungGen: 618480K->688K(622592K)] 877578K->259794K(1180160K), 0.0014880 secs] [Times: user=0.01 sys=0.00, real=0.01 secs] 
293.396: Total time for which application threads were stopped: 0.0016210 seconds, Stopping threads took: 0.0000690 seconds
293.577: Application time: 0.1811210 seconds
293.577: [GC [PSYoungGen: 622256K->816K(626688K)] 881362K->259922K(1184256K), 0.0017200 secs] [Times: user=0.01 sys=0.00, real=0.00 secs] 
293.579: Total time for which application threads were stopped: 0.0018470 seconds, Stopping threads took: 0.0000630 seconds
293.768: Application time: 0.1894160 seconds
293.768: [GC [PSYoungGen: 626480K->672K(630272K)] 885586K->259786K(1187840K), 0.0016740 secs] [Times: user=0.01 sys=0.00, real=0.00 secs] 
293.770: Total time for which application threads were stopped: 0.0018450 seconds, Stopping threads took: 0.0000970 seconds
293.950: Application time: 0.1799410 seconds
293.952: [GC [PSYoungGen: 629920K->496K(633856K)] 889034K->259722K(1191424K), 0.0017150 secs] [Times: user=0.01 sys=0.00, real=0.00 secs] 
293.953: Total time for which application threads were stopped: 0.0032970 seconds, Stopping threads took: 0.0015180 seconds
294.127: Application time: 0.1736230 seconds
294.127: [GC [PSYoungGen: 633840K->608K(638464K)] 893066K->259834K(1196032K), 0.0017740 secs] [Times: user=0.01 sys=0.00, real=0.00 secs] 
294.129: Total time for which application threads were stopped: 0.0019070 seconds, Stopping threads took: 0.0000680 seconds
294.323: Application time: 0.1942420 seconds
294.323: [GC [PSYoungGen: 638048K->704K(642560K)] 897274K->259930K(1200128K), 0.0017190 secs] [Times: user=0.01 sys=0.00, real=0.01 secs] 
294.325: Total time for which application threads were stopped: 0.0018910 seconds, Stopping threads took: 0.0000920 seconds
294.511: Application time: 0.1864210 seconds
294.512: [GC [PSYoungGen: 642240K->624K(646656K)] 901466K->259882K(1204224K), 0.0017380 secs] [Times: user=0.01 sys=0.00, real=0.00 secs] 
294.513: Total time for which application threads were stopped: 0.0019010 seconds, Stopping threads took: 0.0000990 seconds
294.686: Application time: 0.1722850 seconds
294.686: [GC [PSYoungGen: 646256K->480K(650240K)] 905514K->259810K(1207808K), 0.0016550 secs] [Times: user=0.01 sys=0.00, real=0.00 secs] 
294.687: Total time for which application threads were stopped: 0.0017950 seconds, Stopping threads took: 0.0000770 seconds
294.883: Application time: 0.1953820 seconds
294.883: [GC [PSYoungGen: 650208K->704K(654848K)] 909538K->260042K(1212416K), 0.0016840 secs] [Times: user=0.01 sys=0.00, real=0.01 secs] 
294.885: Total time for which application threads were stopped: 0.0018330 seconds, Stopping threads took: 0.0000710 seconds
295.081: Application time: 0.1966580 seconds
295.081: [GC [PSYoungGen: 654528K->752K(658944K)] 913866K->260090K(1216512K), 0.0016610 secs] [Times: user=0.01 sys=0.00, real=0.00 secs] 
295.083: Total time for which application threads were stopped: 0.0017990 seconds, Stopping threads took: 0.0000750 seconds
295.266: Application time: 0.1830980 seconds
295.266: [GC [PSYoungGen: 658672K->496K(662528K)] 918010K->259850K(1220096K), 0.0014850 secs] [Times: user=0.01 sys=0.00, real=0.00 secs] 
295.268: Total time for which application threads were stopped: 0.0016370 seconds, Stopping threads took: 0.0000890 seconds
295.453: Application time: 0.1848070 seconds
295.453: [GC [PSYoungGen: 662512K->656K(663040K)] 921866K->260018K(1220608K), 0.0016440 secs] [Times: user=0.01 sys=0.00, real=0.00 secs] 
295.454: Total time for which application threads were stopped: 0.0018020 seconds, Stopping threads took: 0.0000830 seconds
295.649: Application time: 0.1948620 seconds
295.649: [GC [PSYoungGen: 662672K->816K(663040K)] 922034K->260178K(1220608K), 0.0017210 secs] [Times: user=0.01 sys=0.00, real=0.00 secs] 
295.651: Total time for which application threads were stopped: 0.0018480 seconds, Stopping threads took: 0.0000630 seconds
295.852: Application time: 0.2007680 seconds
295.852: [GC [PSYoungGen: 662832K->768K(636928K)] 922194K->260130K(1194496K), 0.0014720 secs] [Times: user=0.00 sys=0.00, real=0.00 secs] 
295.854: Total time for which application threads were stopped: 0.0016190 seconds, Stopping threads took: 0.0000830 seconds
296.036: Application time: 0.1827130 seconds
296.036: [GC [PSYoungGen: 636672K->560K(611840K)] 896034K->259922K(1169408K), 0.0016680 secs] [Times: user=0.01 sys=0.00, real=0.00 secs] 
296.038: Total time for which application threads were stopped: 0.0017960 seconds, Stopping threads took: 0.0000490 seconds
296.202: Application time: 0.1642660 seconds
296.202: [GC [PSYoungGen: 611376K->496K(587776K)] 870738K->260046K(1145344K), 0.0014680 secs] [Times: user=0.00 sys=0.00, real=0.01 secs] 
296.204: Total time for which application threads were stopped: 0.0016190 seconds, Stopping threads took: 0.0000830 seconds
296.385: Application time: 0.1811400 seconds
296.385: [GC [PSYoungGen: 587760K->640K(591872K)] 847310K->260198K(1149440K), 0.0016220 secs] [Times: user=0.01 sys=0.00, real=0.00 secs] 
296.387: Total time for which application threads were stopped: 0.0017420 seconds, Stopping threads took: 0.0000560 seconds
296.558: Application time: 0.1709900 seconds
296.558: [GC [PSYoungGen: 591488K->528K(595456K)] 851046K->260086K(1153024K), 0.0016720 secs] [Times: user=0.01 sys=0.00, real=0.00 secs] 
296.560: Total time for which application threads were stopped: 0.0018220 seconds, Stopping threads took: 0.0000730 seconds
296.718: Application time: 0.1582250 seconds
296.718: [GC [PSYoungGen: 594960K->672K(599040K)] 854518K->260238K(1156608K), 0.0016850 secs] [Times: user=0.01 sys=0.00, real=0.00 secs] 
296.720: Total time for which application threads were stopped: 0.0018440 seconds, Stopping threads took: 0.0000970 seconds
296.905: Application time: 0.1852220 seconds
296.905: [GC [PSYoungGen: 598688K->496K(602112K)] 858254K->260130K(1159680K), 0.0016410 secs] [Times: user=0.02 sys=0.00, real=0.00 secs] 
296.907: Total time for which application threads were stopped: 0.0017620 seconds, Stopping threads took: 0.0000550 seconds
297.081: Application time: 0.1744170 seconds
297.081: [GC [PSYoungGen: 602096K->528K(606208K)] 861730K->260162K(1163776K), 0.0016370 secs] [Times: user=0.01 sys=0.00, real=0.00 secs] 
297.083: Total time for which application threads were stopped: 0.0017800 seconds, Stopping threads took: 0.0000670 seconds
297.246: Application time: 0.1630480 seconds
297.246: [GC [PSYoungGen: 605712K->800K(610304K)] 865346K->260434K(1167872K), 0.0016420 secs] [Times: user=0.01 sys=0.00, real=0.00 secs] 
297.248: Total time for which application threads were stopped: 0.0017720 seconds, Stopping threads took: 0.0000640 seconds
297.434: Application time: 0.1862060 seconds
297.434: [GC [PSYoungGen: 610080K->768K(614400K)] 869714K->260434K(1171968K), 0.0017730 secs] [Times: user=0.01 sys=0.00, real=0.01 secs] 
297.436: Total time for which application threads were stopped: 0.0019160 seconds, Stopping threads took: 0.0000770 seconds
297.615: Application time: 0.1792080 seconds
297.615: [GC [PSYoungGen: 614144K->496K(617984K)] 873810K->260226K(1175552K), 0.0016660 secs] [Times: user=0.02 sys=0.00, real=0.01 secs] 
297.617: Total time for which application threads were stopped: 0.0018010 seconds, Stopping threads took: 0.0000600 seconds
297.785: Application time: 0.1678580 seconds
297.785: [GC [PSYoungGen: 617968K->528K(622592K)] 877698K->260266K(1180160K), 0.0016490 secs] [Times: user=0.01 sys=0.00, real=0.00 secs] 
297.787: Total time for which application threads were stopped: 0.0017730 seconds, Stopping threads took: 0.0000610 seconds
297.973: Application time: 0.1860100 seconds
297.973: [GC [PSYoungGen: 622096K->640K(626688K)] 881834K->260378K(1184256K), 0.0016740 secs] [Times: user=0.01 sys=0.00, real=0.00 secs] 
297.974: Total time for which application threads were stopped: 0.0017930 seconds, Stopping threads took: 0.0000560 seconds
298.160: Application time: 0.1854070 seconds
298.160: [GC [PSYoungGen: 626304K->720K(630784K)] 886042K->260466K(1188352K), 0.0018240 secs] [Times: user=0.02 sys=0.00, real=0.00 secs] 
298.162: Total time for which application threads were stopped: 0.0019960 seconds, Stopping threads took: 0.0000930 seconds
298.334: Application time: 0.1723280 seconds
298.334: [GC [PSYoungGen: 630480K->496K(634368K)] 890226K->260354K(1191936K), 0.0016660 secs] [Times: user=0.01 sys=0.00, real=0.01 secs] 
298.336: Total time for which application threads were stopped: 0.0018180 seconds, Stopping threads took: 0.0000840 seconds
298.519: Application time: 0.1830850 seconds
298.519: [GC [PSYoungGen: 634352K->688K(638976K)] 894210K->260554K(1196544K), 0.0016560 secs] [Times: user=0.01 sys=0.00, real=0.00 secs] 
298.521: Total time for which application threads were stopped: 0.0017980 seconds, Stopping threads took: 0.0000770 seconds
298.716: Application time: 0.1951770 seconds
298.716: [GC [PSYoungGen: 638640K->576K(643072K)] 898506K->260442K(1200640K), 0.0017690 secs] [Times: user=0.01 sys=0.00, real=0.00 secs] 
298.718: Total time for which application threads were stopped: 0.0019140 seconds, Stopping threads took: 0.0000720 seconds
298.898: Application time: 0.1804970 seconds
298.899: [GC [PSYoungGen: 642624K->496K(646656K)] 902490K->260362K(1204224K), 0.0014940 secs] [Times: user=0.01 sys=0.00, real=0.00 secs] 
298.900: Total time for which application threads were stopped: 0.0016360 seconds, Stopping threads took: 0.0000810 seconds
299.075: Application time: 0.1750710 seconds
299.075: [GC [PSYoungGen: 646640K->640K(651264K)] 906506K->260506K(1208832K), 0.0016970 secs] [Times: user=0.01 sys=0.00, real=0.01 secs] 
299.077: Total time for which application threads were stopped: 0.0018240 seconds, Stopping threads took: 0.0000640 seconds
299.273: Application time: 0.1958710 seconds
299.273: [GC [PSYoungGen: 650880K->800K(655360K)] 910746K->260666K(1212928K), 0.0016900 secs] [Times: user=0.01 sys=0.00, real=0.00 secs] 
299.275: Total time for which application threads were stopped: 0.0018500 seconds, Stopping threads took: 0.0000810 seconds
299.471: Application time: 0.1963680 seconds
299.471: [GC [PSYoungGen: 655136K->496K(658944K)] 915002K->260567K(1216512K), 0.0017600 secs] [Times: user=0.01 sys=0.00, real=0.00 secs] 
299.473: Total time for which application threads were stopped: 0.0019000 seconds, Stopping threads took: 0.0000770 seconds
299.658: Application time: 0.1847660 seconds
299.658: [GC [PSYoungGen: 658928K->448K(663040K)] 918999K->260543K(1220608K), 0.0016300 secs] [Times: user=0.01 sys=0.00, real=0.00 secs] 
299.659: Total time for which application threads were stopped: 0.0017870 seconds, Stopping threads took: 0.0000950 seconds
299.844: Application time: 0.1849320 seconds
299.845: [GC [PSYoungGen: 662464K->704K(663552K)] 922559K->260799K(1221120K), 0.0016870 secs] [Times: user=0.01 sys=0.00, real=0.00 secs] 
299.846: Total time for which application threads were stopped: 0.0018320 seconds, Stopping threads took: 0.0000750 seconds
300.044: Application time: 0.1980900 seconds
300.044: [GC [PSYoungGen: 663232K->720K(663552K)] 923327K->260815K(1221120K), 0.0016720 secs] [Times: user=0.01 sys=0.00, real=0.00 secs] 
300.046: Total time for which application threads were stopped: 0.0017920 seconds, Stopping threads took: 0.0000570 seconds
300.244: Application time: 0.1981270 seconds
300.244: [GC [PSYoungGen: 663248K->736K(666112K)] 923343K->260839K(1223680K), 0.0016610 secs] [Times: user=0.01 sys=0.00, real=0.00 secs] 
300.246: Total time for which application threads were stopped: 0.0018170 seconds, Stopping threads took: 0.0000940 seconds
300.431: Application time: 0.1848940 seconds
300.431: [GC [PSYoungGen: 665824K->544K(666112K)] 925927K->260663K(1223680K), 0.0016500 secs] [Times: user=0.01 sys=0.00, real=0.00 secs] 
300.433: Total time for which application threads were stopped: 0.0018070 seconds, Stopping threads took: 0.0000850 seconds
300.620: Application time: 0.1867160 seconds
300.620: [GC [PSYoungGen: 665632K->656K(666112K)] 925751K->260775K(1223680K), 0.0016720 secs] [Times: user=0.01 sys=0.00, real=0.00 secs] 
300.621: Total time for which application threads were stopped: 0.0018030 seconds, Stopping threads took: 0.0000670 seconds
300.825: Application time: 0.2032490 seconds
300.825: [GC [PSYoungGen: 665744K->656K(666112K)] 925863K->260775K(1223680K), 0.0017250 secs] [Times: user=0.01 sys=0.00, real=0.00 secs] 
300.826: Total time for which application threads were stopped: 0.0018360 seconds, Stopping threads took: 0.0000500 seconds
301.026: Application time: 0.1991430 seconds
301.026: [GC [PSYoungGen: 665744K->720K(639488K)] 925863K->260839K(1197056K), 0.0016730 secs] [Times: user=0.01 sys=0.00, real=0.00 secs] 
301.027: Total time for which application threads were stopped: 0.0018160 seconds, Stopping threads took: 0.0000650 seconds
301.203: Application time: 0.1758210 seconds
301.203: [GC [PSYoungGen: 639184K->672K(643584K)] 899303K->260823K(1201152K), 0.0017210 secs] [Times: user=0.01 sys=0.00, real=0.01 secs] 
301.205: Total time for which application threads were stopped: 0.0018730 seconds, Stopping threads took: 0.0000840 seconds
301.389: Application time: 0.1834470 seconds
301.389: [GC [PSYoungGen: 643232K->480K(647168K)] 903383K->260747K(1204736K), 0.0016500 secs] [Times: user=0.01 sys=0.00, real=0.00 secs] 
301.390: Total time for which application threads were stopped: 0.0017770 seconds, Stopping threads took: 0.0000600 seconds
301.586: Application time: 0.1960510 seconds
301.586: [GC [PSYoungGen: 647136K->800K(651776K)] 907403K->261075K(1209344K), 0.0016740 secs] [Times: user=0.02 sys=0.00, real=0.00 secs] 
301.588: Total time for which application threads were stopped: 0.0018090 seconds, Stopping threads took: 0.0000550 seconds
301.779: Application time: 0.1907970 seconds
301.779: [GC [PSYoungGen: 651552K->752K(655872K)] 911827K->261027K(1213440K), 0.0016640 secs] [Times: user=0.01 sys=0.00, real=0.00 secs] 
301.781: Total time for which application threads were stopped: 0.0018180 seconds, Stopping threads took: 0.0000850 seconds
301.962: Application time: 0.1809870 seconds
301.962: [GC [PSYoungGen: 655600K->752K(659968K)] 915875K->261027K(1217536K), 0.0016950 secs] [Times: user=0.02 sys=0.00, real=0.01 secs] 
301.964: Total time for which application threads were stopped: 0.0018440 seconds, Stopping threads took: 0.0000860 seconds
302.156: Application time: 0.1923090 seconds
302.156: [GC [PSYoungGen: 659696K->480K(663552K)] 919971K->260995K(1221120K), 0.0017290 secs] [Times: user=0.01 sys=0.00, real=0.00 secs] 
302.158: Total time for which application threads were stopped: 0.0018540 seconds, Stopping threads took: 0.0000520 seconds
302.361: Application time: 0.2029110 seconds
302.361: [GC [PSYoungGen: 663520K->640K(637952K)] 924035K->261171K(1195520K), 0.0015740 secs] [Times: user=0.01 sys=0.00, real=0.00 secs] 
302.362: Total time for which application threads were stopped: 0.0017210 seconds, Stopping threads took: 0.0000840 seconds
302.545: Application time: 0.1821560 seconds
302.545: [GC [PSYoungGen: 637568K->512K(641536K)] 898099K->261043K(1199104K), 0.0016680 secs] [Times: user=0.01 sys=0.00, real=0.00 secs] 
302.546: Total time for which application threads were stopped: 0.0017940 seconds, Stopping threads took: 0.0000640 seconds
302.719: Application time: 0.1722810 seconds
302.719: [GC [PSYoungGen: 641024K->672K(645632K)] 901555K->261211K(1203200K), 0.0016980 secs] [Times: user=0.01 sys=0.00, real=0.00 secs] 
302.720: Total time for which application threads were stopped: 0.0018330 seconds, Stopping threads took: 0.0000640 seconds
302.915: Application time: 0.1940470 seconds
302.915: [GC [PSYoungGen: 645280K->480K(649216K)] 905819K->261139K(1206784K), 0.0016940 secs] [Times: user=0.01 sys=0.00, real=0.01 secs] 
302.916: Total time for which application threads were stopped: 0.0018360 seconds, Stopping threads took: 0.0000710 seconds
303.112: Application time: 0.1956940 seconds
303.112: [GC [PSYoungGen: 649184K->656K(653824K)] 909843K->261323K(1211392K), 0.0017440 secs] [Times: user=0.01 sys=0.00, real=0.00 secs] 
303.114: Total time for which application threads were stopped: 0.0018730 seconds, Stopping threads took: 0.0000690 seconds
303.294: Application time: 0.1801340 seconds
303.294: [GC [PSYoungGen: 653456K->672K(657920K)] 914123K->261339K(1215488K), 0.0016760 secs] [Times: user=0.02 sys=0.00, real=0.01 secs] 
303.296: Total time for which application threads were stopped: 0.0018190 seconds, Stopping threads took: 0.0000690 seconds
303.481: Application time: 0.1846860 seconds
303.481: [GC [PSYoungGen: 657568K->800K(662016K)] 918235K->261467K(1219584K), 0.0016710 secs] [Times: user=0.01 sys=0.00, real=0.00 secs] 
303.482: Total time for which application threads were stopped: 0.0017940 seconds, Stopping threads took: 0.0000580 seconds
303.678: Application time: 0.1958180 seconds
303.678: [GC [PSYoungGen: 661792K->480K(635392K)] 922459K->261411K(1192960K), 0.0014640 secs] [Times: user=0.01 sys=0.00, real=0.00 secs] 
303.680: Total time for which application threads were stopped: 0.0016320 seconds, Stopping threads took: 0.0001030 seconds
303.870: Application time: 0.1903950 seconds
303.870: [GC [PSYoungGen: 635360K->528K(610816K)] 896291K->261459K(1168384K), 0.0014830 secs] [Times: user=0.00 sys=0.00, real=0.00 secs] 
303.872: Total time for which application threads were stopped: 0.0016440 seconds, Stopping threads took: 0.0000830 seconds
304.040: Application time: 0.1681910 seconds
304.040: [GC [PSYoungGen: 610320K->480K(586752K)] 871251K->261411K(1144320K), 0.0015060 secs] [Times: user=0.01 sys=0.00, real=0.00 secs] 
304.042: Total time for which application threads were stopped: 0.0016510 seconds, Stopping threads took: 0.0000750 seconds
304.213: Application time: 0.1713910 seconds
304.213: [GC [PSYoungGen: 586720K->624K(590848K)] 847651K->261571K(1148416K), 0.0016640 secs] [Times: user=0.01 sys=0.00, real=0.00 secs] 
304.215: Total time for which application threads were stopped: 0.0018070 seconds, Stopping threads took: 0.0000790 seconds
304.392: Application time: 0.1774300 seconds
304.393: [GC [PSYoungGen: 590448K->464K(593920K)] 851395K->261419K(1151488K), 0.0016840 secs] [Times: user=0.01 sys=0.00, real=0.00 secs] 
304.394: Total time for which application threads were stopped: 0.0018530 seconds, Stopping threads took: 0.0000890 seconds
304.559: Application time: 0.1645510 seconds
304.559: [GC [PSYoungGen: 593872K->496K(598016K)] 854827K->261459K(1155584K), 0.0017010 secs] [Times: user=0.01 sys=0.00, real=0.00 secs] 
304.561: Total time for which application threads were stopped: 0.0018730 seconds, Stopping threads took: 0.0001030 seconds
304.733: Application time: 0.1720260 seconds
304.733: [GC [PSYoungGen: 597488K->688K(601600K)] 858451K->261659K(1159168K), 0.0016520 secs] [Times: user=0.01 sys=0.00, real=0.00 secs] 
304.734: Total time for which application threads were stopped: 0.0017840 seconds, Stopping threads took: 0.0000710 seconds
304.915: Application time: 0.1808020 seconds
304.915: [GC [PSYoungGen: 601264K->656K(605696K)] 862235K->261659K(1163264K), 0.0018140 secs] [Times: user=0.01 sys=0.00, real=0.01 secs] 
304.917: Total time for which application threads were stopped: 0.0019720 seconds, Stopping threads took: 0.0000810 seconds
305.086: Application time: 0.1687270 seconds
305.086: [GC [PSYoungGen: 605328K->496K(609280K)] 866331K->261555K(1166848K), 0.0016930 secs] [Times: user=0.01 sys=0.00, real=0.00 secs] 
305.088: Total time for which application threads were stopped: 0.0018590 seconds, Stopping threads took: 0.0001040 seconds
305.262: Application time: 0.1744020 seconds
305.262: [GC [PSYoungGen: 609264K->864K(613888K)] 870323K->261923K(1171456K), 0.0016420 secs] [Times: user=0.01 sys=0.00, real=0.01 secs] 
305.264: Total time for which application threads were stopped: 0.0017790 seconds, Stopping threads took: 0.0000720 seconds
305.449: Application time: 0.1848060 seconds
305.449: [GC [PSYoungGen: 613728K->608K(617984K)] 874787K->261667K(1175552K), 0.0016640 secs] [Times: user=0.01 sys=0.00, real=0.00 secs] 
305.451: Total time for which application threads were stopped: 0.0018250 seconds, Stopping threads took: 0.0000920 seconds
305.626: Application time: 0.1750720 seconds
305.626: [GC [PSYoungGen: 617568K->576K(622080K)] 878627K->261643K(1179648K), 0.0017070 secs] [Times: user=0.01 sys=0.00, real=0.00 secs] 
305.628: Total time for which application threads were stopped: 0.0018860 seconds, Stopping threads took: 0.0001130 seconds
305.800: Application time: 0.1723820 seconds
305.800: [GC [PSYoungGen: 621632K->496K(625664K)] 882699K->261659K(1183232K), 0.0016500 secs] [Times: user=0.01 sys=0.00, real=0.00 secs] 
305.802: Total time for which application threads were stopped: 0.0017960 seconds, Stopping threads took: 0.0000830 seconds
305.996: Application time: 0.1938370 seconds
305.996: [GC [PSYoungGen: 625648K->640K(629760K)] 886811K->261811K(1187328K), 0.0015020 secs] [Times: user=0.01 sys=0.00, real=0.00 secs] 
305.997: Total time for which application threads were stopped: 0.0016390 seconds, Stopping threads took: 0.0000610 seconds
306.183: Application time: 0.1855840 seconds
306.183: [GC [PSYoungGen: 629376K->688K(633856K)] 890547K->261859K(1191424K), 0.0016680 secs] [Times: user=0.01 sys=0.00, real=0.01 secs] 
306.185: Total time for which application threads were stopped: 0.0018330 seconds, Stopping threads took: 0.0001000 seconds
306.348: Application time: 0.1637370 seconds
306.349: [GC [PSYoungGen: 633520K->672K(637952K)] 894691K->261859K(1195520K), 0.0017160 secs] [Times: user=0.01 sys=0.00, real=0.00 secs] 
306.350: Total time for which application threads were stopped: 0.0018420 seconds, Stopping threads took: 0.0000570 seconds
306.546: Application time: 0.1953730 seconds
306.546: [GC [PSYoungGen: 637600K->496K(641536K)] 898787K->261907K(1199104K), 0.0016510 secs] [Times: user=0.01 sys=0.00, real=0.00 secs] 
306.547: Total time for which application threads were stopped: 0.0017970 seconds, Stopping threads took: 0.0000670 seconds
306.743: Application time: 0.1952060 seconds
306.743: [GC [PSYoungGen: 641520K->672K(646144K)] 902931K->262083K(1203712K), 0.0015830 secs] [Times: user=0.01 sys=0.00, real=0.01 secs] 
306.744: Total time for which application threads were stopped: 0.0017120 seconds, Stopping threads took: 0.0000650 seconds
306.917: Application time: 0.1725020 seconds
306.917: [GC [PSYoungGen: 645792K->608K(650240K)] 907203K->262019K(1207808K), 0.0016670 secs] [Times: user=0.01 sys=0.00, real=0.00 secs] 
306.919: Total time for which application threads were stopped: 0.0018130 seconds, Stopping threads took: 0.0000820 seconds
307.108: Application time: 0.1894420 seconds
307.108: [GC [PSYoungGen: 649824K->704K(654336K)] 911235K->262115K(1211904K), 0.0017310 secs] [Times: user=0.01 sys=0.00, real=0.00 secs] 
307.110: Total time for which application threads were stopped: 0.0018940 seconds, Stopping threads took: 0.0000900 seconds
307.303: Application time: 0.1933190 seconds
307.303: [GC [PSYoungGen: 654016K->496K(657920K)] 915427K->262111K(1215488K), 0.0016920 secs] [Times: user=0.01 sys=0.01, real=0.01 secs] 
307.305: Total time for which application threads were stopped: 0.0018180 seconds, Stopping threads took: 0.0000620 seconds
307.498: Application time: 0.1923860 seconds
307.498: [GC [PSYoungGen: 657904K->528K(660992K)] 919519K->262151K(1218560K), 0.0016180 secs] [Times: user=0.01 sys=0.00, real=0.00 secs] 
307.499: Total time for which application threads were stopped: 0.0017590 seconds, Stopping threads took: 0.0000730 seconds
307.685: Application time: 0.1858730 seconds
307.685: [GC [PSYoungGen: 660496K->640K(662528K)] 922119K->262263K(1220096K), 0.0016500 secs] [Times: user=0.01 sys=0.00, real=0.00 secs] 
307.687: Total time for which application threads were stopped: 0.0018030 seconds, Stopping threads took: 0.0000780 seconds
307.875: Application time: 0.1881030 seconds
307.875: [GC [PSYoungGen: 662144K->864K(662528K)] 923767K->262511K(1220096K), 0.0016720 secs] [Times: user=0.01 sys=0.00, real=0.01 secs] 
307.877: Total time for which application threads were stopped: 0.0018060 seconds, Stopping threads took: 0.0000690 seconds
308.079: Application time: 0.2015950 seconds
308.079: [GC [PSYoungGen: 662368K->672K(636416K)] 924015K->262319K(1193984K), 0.0016350 secs] [Times: user=0.01 sys=0.00, real=0.00 secs] 
308.080: Total time for which application threads were stopped: 0.0018480 seconds, Stopping threads took: 0.0001470 seconds
308.269: Application time: 0.1883120 seconds
308.269: [GC [PSYoungGen: 636064K->800K(611328K)] 897711K->262447K(1168896K), 0.0014780 secs] [Times: user=0.01 sys=0.00, real=0.00 secs] 
308.270: Total time for which application threads were stopped: 0.0016230 seconds, Stopping threads took: 0.0000740 seconds
308.427: Application time: 0.1563840 seconds
308.427: [GC [PSYoungGen: 611104K->512K(614400K)] 872751K->262391K(1171968K), 0.0017550 secs] [Times: user=0.02 sys=0.00, real=0.00 secs] 
308.429: Total time for which application threads were stopped: 0.0019080 seconds, Stopping threads took: 0.0000880 seconds
308.619: Application time: 0.1906910 seconds
308.619: [GC [PSYoungGen: 614400K->752K(618496K)] 876279K->262631K(1176064K), 0.0016330 secs] [Times: user=0.01 sys=0.00, real=0.00 secs] 
308.621: Total time for which application threads were stopped: 0.0017760 seconds, Stopping threads took: 0.0000790 seconds
308.816: Application time: 0.1950940 seconds
308.816: [GC [PSYoungGen: 618224K->800K(622080K)] 880103K->262679K(1179648K), 0.0016590 secs] [Times: user=0.01 sys=0.00, real=0.00 secs] 
308.818: Total time for which application threads were stopped: 0.0018300 seconds, Stopping threads took: 0.0000950 seconds
308.971: Application time: 0.1531360 seconds
308.976: [GC [PSYoungGen: 621856K->656K(626176K)] 883735K->262543K(1183744K), 0.0017280 secs] [Times: user=0.01 sys=0.00, real=0.00 secs] 
308.977: Total time for which application threads were stopped: 0.0061790 seconds, Stopping threads took: 0.0043830 seconds
309.170: Application time: 0.1923740 seconds
309.170: [GC [PSYoungGen: 625808K->496K(629760K)] 887695K->262487K(1187328K), 0.0016770 secs] [Times: user=0.01 sys=0.00, real=0.00 secs] 
309.172: Total time for which application threads were stopped: 0.0018190 seconds, Stopping threads took: 0.0000660 seconds
309.362: Application time: 0.1902460 seconds
309.362: [GC [PSYoungGen: 629744K->768K(634368K)] 891735K->262799K(1191936K), 0.0016620 secs] [Times: user=0.01 sys=0.00, real=0.01 secs] 
309.364: Total time for which application threads were stopped: 0.0018130 seconds, Stopping threads took: 0.0000790 seconds
309.531: Application time: 0.1676770 seconds
309.531: [GC [PSYoungGen: 634112K->608K(638464K)] 896143K->262639K(1196032K), 0.0016510 secs] [Times: user=0.01 sys=0.00, real=0.00 secs] 
309.533: Total time for which application threads were stopped: 0.0018050 seconds, Stopping threads took: 0.0000870 seconds
309.725: Application time: 0.1921910 seconds
309.725: [GC [PSYoungGen: 638048K->736K(642560K)] 900079K->262767K(1200128K), 0.0016930 secs] [Times: user=0.01 sys=0.00, real=0.00 secs] 
309.727: Total time for which application threads were stopped: 0.0018010 seconds, Stopping threads took: 0.0000440 seconds
309.915: Application time: 0.1882440 seconds
309.915: [GC [PSYoungGen: 642272K->496K(646144K)] 904303K->262763K(1203712K), 0.0016860 secs] [Times: user=0.01 sys=0.00, real=0.01 secs] 
309.917: Total time for which application threads were stopped: 0.0018300 seconds, Stopping threads took: 0.0000690 seconds
310.103: Application time: 0.1853680 seconds
310.103: [GC [PSYoungGen: 646128K->528K(650752K)] 908395K->262811K(1208320K), 0.0015140 secs] [Times: user=0.00 sys=0.00, real=0.01 secs] 
310.104: Total time for which application threads were stopped: 0.0016910 seconds, Stopping threads took: 0.0001030 seconds
310.296: Application time: 0.1916200 seconds
310.296: [GC [PSYoungGen: 650256K->560K(654848K)] 912539K->262843K(1212416K), 0.0016600 secs] [Times: user=0.01 sys=0.00, real=0.00 secs] 
310.298: Total time for which application threads were stopped: 0.0017860 seconds, Stopping threads took: 0.0000630 seconds
310.473: Application time: 0.1751980 seconds
310.473: [GC [PSYoungGen: 654384K->640K(658944K)] 916667K->262931K(1216512K), 0.0016720 secs] [Times: user=0.01 sys=0.00, real=0.00 secs] 
310.475: Total time for which application threads were stopped: 0.0018200 seconds, Stopping threads took: 0.0000730 seconds
310.678: Application time: 0.2037020 seconds
310.678: [GC [PSYoungGen: 658560K->480K(662528K)] 920851K->262923K(1220096K), 0.0017640 secs] [Times: user=0.02 sys=0.00, real=0.00 secs] 
310.680: Total time for which application threads were stopped: 0.0019030 seconds, Stopping threads took: 0.0000680 seconds
310.880: Application time: 0.2001020 seconds
310.881: [GC [PSYoungGen: 662496K->640K(636928K)] 924939K->263091K(1194496K), 0.0016310 secs] [Times: user=0.01 sys=0.00, real=0.00 secs] 
310.882: Total time for which application threads were stopped: 0.0017880 seconds, Stopping threads took: 0.0000930 seconds
311.040: Application time: 0.1578740 seconds
311.040: [GC [PSYoungGen: 636544K->800K(641024K)] 898995K->263251K(1198592K), 0.0016680 secs] [Times: user=0.01 sys=0.00, real=0.00 secs] 
311.042: Total time for which application threads were stopped: 0.0017980 seconds, Stopping threads took: 0.0000570 seconds
311.242: Application time: 0.2003990 seconds
311.242: [GC [PSYoungGen: 640800K->672K(645120K)] 903251K->263147K(1202688K), 0.0016810 secs] [Times: user=0.01 sys=0.00, real=0.01 secs] 
311.244: Total time for which application threads were stopped: 0.0018080 seconds, Stopping threads took: 0.0000630 seconds
311.438: Application time: 0.1939240 seconds
311.438: [GC [PSYoungGen: 644768K->496K(648704K)] 907243K->263179K(1206272K), 0.0016980 secs] [Times: user=0.01 sys=0.00, real=0.00 secs] 
311.440: Total time for which application threads were stopped: 0.0018420 seconds, Stopping threads took: 0.0000780 seconds
311.613: Application time: 0.1727650 seconds
311.613: [GC [PSYoungGen: 648688K->544K(653312K)] 911371K->263227K(1210880K), 0.0016540 secs] [Times: user=0.01 sys=0.00, real=0.00 secs] 
311.614: Total time for which application threads were stopped: 0.0018010 seconds, Stopping threads took: 0.0000720 seconds
311.812: Application time: 0.1977740 seconds
311.812: [GC [PSYoungGen: 652832K->736K(657408K)] 915515K->263419K(1214976K), 0.0016610 secs] [Times: user=0.01 sys=0.00, real=0.00 secs] 
311.814: Total time for which application threads were stopped: 0.0018210 seconds, Stopping threads took: 0.0000960 seconds
312.002: Application time: 0.1876640 seconds
312.002: [GC [PSYoungGen: 657120K->800K(661504K)] 919803K->263491K(1219072K), 0.0017690 secs] [Times: user=0.01 sys=0.01, real=0.01 secs] 
312.004: Total time for which application threads were stopped: 0.0019070 seconds, Stopping threads took: 0.0000700 seconds
312.197: Application time: 0.1938760 seconds
312.198: [GC [PSYoungGen: 661280K->496K(663040K)] 923971K->263211K(1220608K), 0.0016420 secs] [Times: user=0.01 sys=0.00, real=0.00 secs] 
312.199: Total time for which application threads were stopped: 0.0017920 seconds, Stopping threads took: 0.0000770 seconds
312.397: Application time: 0.1978540 seconds
312.397: [GC [PSYoungGen: 663024K->688K(637440K)] 925739K->263411K(1195008K), 0.0016690 secs] [Times: user=0.01 sys=0.00, real=0.00 secs] 
312.399: Total time for which application threads were stopped: 0.0018020 seconds, Stopping threads took: 0.0000650 seconds
312.560: Application time: 0.1615360 seconds
312.561: [GC [PSYoungGen: 637104K->512K(641024K)] 899827K->263487K(1198592K), 0.0016700 secs] [Times: user=0.01 sys=0.00, real=0.00 secs] 
312.562: Total time for which application threads were stopped: 0.0018080 seconds, Stopping threads took: 0.0000760 seconds
312.762: Application time: 0.1994820 seconds
312.762: [GC [PSYoungGen: 641024K->592K(645632K)] 903999K->263575K(1203200K), 0.0017830 secs] [Times: user=0.01 sys=0.00, real=0.01 secs] 
312.764: Total time for which application threads were stopped: 0.0019350 seconds, Stopping threads took: 0.0000730 seconds
312.960: Application time: 0.1960690 seconds
312.960: [GC [PSYoungGen: 645200K->608K(649728K)] 908183K->263591K(1207296K), 0.0016590 secs] [Times: user=0.01 sys=0.00, real=0.00 secs] 
312.962: Total time for which application threads were stopped: 0.0018210 seconds, Stopping threads took: 0.0001000 seconds
313.123: Application time: 0.1613650 seconds
313.123: [GC [PSYoungGen: 649312K->592K(653824K)] 912295K->263575K(1211392K), 0.0017080 secs] [Times: user=0.01 sys=0.00, real=0.01 secs] 
313.125: Total time for which application threads were stopped: 0.0018580 seconds, Stopping threads took: 0.0000840 seconds
313.324: Application time: 0.1993980 seconds
313.324: [GC [PSYoungGen: 653392K->480K(657408K)] 916375K->263479K(1214976K), 0.0016300 secs] [Times: user=0.01 sys=0.00, real=0.00 secs] 
313.326: Total time for which application threads were stopped: 0.0017830 seconds, Stopping threads took: 0.0000800 seconds
313.525: Application time: 0.1987510 seconds
313.525: [GC [PSYoungGen: 657376K->688K(662016K)] 920375K->263703K(1219584K), 0.0016700 secs] [Times: user=0.01 sys=0.00, real=0.00 secs] 
313.527: Total time for which application threads were stopped: 0.0018020 seconds, Stopping threads took: 0.0000630 seconds
313.708: Application time: 0.1815330 seconds
313.712: [GC [PSYoungGen: 661680K->608K(662528K)] 924695K->263623K(1220096K), 0.0016940 secs] [Times: user=0.01 sys=0.00, real=0.00 secs] 
313.713: Total time for which application threads were stopped: 0.0052250 seconds, Stopping threads took: 0.0034650 seconds
313.911: Application time: 0.1972390 seconds
313.911: [GC [PSYoungGen: 662112K->448K(662528K)] 925127K->263471K(1220096K), 0.0017640 secs] [Times: user=0.01 sys=0.00, real=0.00 secs] 
313.912: Total time for which application threads were stopped: 0.0019340 seconds, Stopping threads took: 0.0000880 seconds
314.096: Application time: 0.1834810 seconds
314.096: [GC [PSYoungGen: 661952K->592K(666112K)] 924975K->263623K(1223680K), 0.0017270 secs] [Times: user=0.01 sys=0.00, real=0.00 secs] 
314.098: Total time for which application threads were stopped: 0.0018460 seconds, Stopping threads took: 0.0000520 seconds
314.300: Application time: 0.2026390 seconds
314.301: [GC [PSYoungGen: 665680K->592K(666112K)] 928711K->263647K(1223680K), 0.0016260 secs] [Times: user=0.01 sys=0.00, real=0.00 secs] 
314.302: Total time for which application threads were stopped: 0.0017710 seconds, Stopping threads took: 0.0000810 seconds
314.502: Application time: 0.1994340 seconds
314.502: [GC [PSYoungGen: 665680K->624K(639488K)] 928735K->263679K(1197056K), 0.0014600 secs] [Times: user=0.00 sys=0.00, real=0.00 secs] 
314.503: Total time for which application threads were stopped: 0.0016190 seconds, Stopping threads took: 0.0000900 seconds
314.661: Application time: 0.1577290 seconds
314.661: [GC [PSYoungGen: 639088K->736K(614400K)] 902143K->263791K(1171968K), 0.0014790 secs] [Times: user=0.00 sys=0.00, real=0.00 secs] 
314.663: Total time for which application threads were stopped: 0.0016290 seconds, Stopping threads took: 0.0000840 seconds
314.856: Application time: 0.1936550 seconds
314.856: [GC [PSYoungGen: 614112K->480K(589824K)] 877167K->263703K(1147392K), 0.0014710 secs] [Times: user=0.01 sys=0.00, real=0.00 secs] 
314.858: Total time for which application threads were stopped: 0.0016120 seconds, Stopping threads took: 0.0000760 seconds
315.040: Application time: 0.1819960 seconds
315.040: [GC [PSYoungGen: 589792K->656K(567808K)] 853015K->263887K(1125376K), 0.0016520 secs] [Times: user=0.01 sys=0.00, real=0.00 secs] 
315.042: Total time for which application threads were stopped: 0.0017850 seconds, Stopping threads took: 0.0000610 seconds
315.178: Application time: 0.1361020 seconds
315.178: [GC [PSYoungGen: 567440K->672K(571392K)] 830671K->263903K(1128960K), 0.0016590 secs] [Times: user=0.01 sys=0.00, real=0.00 secs] 
315.180: Total time for which application threads were stopped: 0.0017990 seconds, Stopping threads took: 0.0000770 seconds
315.363: Application time: 0.1828890 seconds
315.363: [GC [PSYoungGen: 571040K->688K(574976K)] 834271K->263927K(1132544K), 0.0018180 secs] [Times: user=0.01 sys=0.00, real=0.01 secs] 
315.364: Total time for which application threads were stopped: 0.0019590 seconds, Stopping threads took: 0.0000750 seconds
315.539: Application time: 0.1750130 seconds
315.540: [GC [PSYoungGen: 574640K->480K(578048K)] 837879K->263839K(1135616K), 0.0016450 secs] [Times: user=0.01 sys=0.00, real=0.00 secs] 
315.541: Total time for which application threads were stopped: 0.0017980 seconds, Stopping threads took: 0.0000880 seconds
315.682: Application time: 0.1405340 seconds
315.682: [GC [PSYoungGen: 578016K->608K(582656K)] 841375K->263975K(1140224K), 0.0017590 secs] [Times: user=0.01 sys=0.00, real=0.01 secs] 
315.684: Total time for which application threads were stopped: 0.0019080 seconds, Stopping threads took: 0.0000740 seconds
315.871: Application time: 0.1873780 seconds
315.871: [GC [PSYoungGen: 582240K->816K(586752K)] 845607K->264183K(1144320K), 0.0016240 secs] [Times: user=0.01 sys=0.00, real=0.00 secs] 
315.873: Total time for which application threads were stopped: 0.0017340 seconds, Stopping threads took: 0.0000450 seconds
316.049: Application time: 0.1763240 seconds
316.049: [GC [PSYoungGen: 586544K->608K(590848K)] 849911K->263983K(1148416K), 0.0017010 secs] [Times: user=0.01 sys=0.00, real=0.00 secs] 
316.051: Total time for which application threads were stopped: 0.0018450 seconds, Stopping threads took: 0.0000840 seconds
316.196: Application time: 0.1451180 seconds
316.196: [GC [PSYoungGen: 590432K->512K(594432K)] 853807K->264220K(1152000K), 0.0016480 secs] [Times: user=0.01 sys=0.00, real=0.00 secs] 
316.198: Total time for which application threads were stopped: 0.0017990 seconds, Stopping threads took: 0.0000800 seconds
316.388: Application time: 0.1900310 seconds
316.388: [GC [PSYoungGen: 594432K->528K(599040K)] 858140K->264252K(1156608K), 0.0016690 secs] [Times: user=0.01 sys=0.00, real=0.00 secs] 
316.390: Total time for which application threads were stopped: 0.0018000 seconds, Stopping threads took: 0.0000660 seconds
316.571: Application time: 0.1808270 seconds
316.571: [GC [PSYoungGen: 598544K->496K(602624K)] 862268K->264220K(1160192K), 0.0016950 secs] [Times: user=0.01 sys=0.00, real=0.00 secs] 
316.572: Total time for which application threads were stopped: 0.0018140 seconds, Stopping threads took: 0.0000540 seconds
316.720: Application time: 0.1480230 seconds
316.721: [GC [PSYoungGen: 602608K->624K(607232K)] 866332K->264348K(1164800K), 0.0016490 secs] [Times: user=0.01 sys=0.00, real=0.00 secs] 
316.722: Total time for which application threads were stopped: 0.0017880 seconds, Stopping threads took: 0.0000660 seconds
316.915: Application time: 0.1923560 seconds
316.915: [GC [PSYoungGen: 606832K->672K(611328K)] 870556K->264404K(1168896K), 0.0016470 secs] [Times: user=0.01 sys=0.00, real=0.01 secs] 
316.916: Total time for which application threads were stopped: 0.0017720 seconds, Stopping threads took: 0.0000610 seconds
317.101: Application time: 0.1843870 seconds
317.101: [GC [PSYoungGen: 610976K->784K(615424K)] 874708K->264524K(1172992K), 0.0017250 secs] [Times: user=0.01 sys=0.00, real=0.00 secs] 
317.103: Total time for which application threads were stopped: 0.0018490 seconds, Stopping threads took: 0.0000580 seconds
317.252: Application time: 0.1498190 seconds
317.253: [GC [PSYoungGen: 615184K->480K(619008K)] 878924K->264268K(1176576K), 0.0017570 secs] [Times: user=0.02 sys=0.00, real=0.00 secs] 
317.254: Total time for which application threads were stopped: 0.0019350 seconds, Stopping threads took: 0.0001010 seconds
317.452: Application time: 0.1973510 seconds
317.452: [GC [PSYoungGen: 618976K->544K(623616K)] 882764K->264340K(1181184K), 0.0016920 secs] [Times: user=0.01 sys=0.00, real=0.00 secs] 
317.454: Total time for which application threads were stopped: 0.0018270 seconds, Stopping threads took: 0.0000660 seconds
317.647: Application time: 0.1937950 seconds
317.647: [GC [PSYoungGen: 623136K->672K(627712K)] 886932K->264468K(1185280K), 0.0016770 secs] [Times: user=0.01 sys=0.00, real=0.00 secs] 
317.649: Total time for which application threads were stopped: 0.0017980 seconds, Stopping threads took: 0.0000570 seconds
317.802: Application time: 0.1526690 seconds
317.802: [GC [PSYoungGen: 627360K->608K(631808K)] 891156K->264404K(1189376K), 0.0017240 secs] [Times: user=0.01 sys=0.00, real=0.01 secs] 
317.804: Total time for which application threads were stopped: 0.0018770 seconds, Stopping threads took: 0.0000770 seconds
318.002: Application time: 0.1981680 seconds
318.002: [GC [PSYoungGen: 631392K->496K(635392K)] 895188K->264432K(1192960K), 0.0016630 secs] [Times: user=0.01 sys=0.00, real=0.01 secs] 
318.004: Total time for which application threads were stopped: 0.0018010 seconds, Stopping threads took: 0.0000720 seconds
318.196: Application time: 0.1928210 seconds
318.197: [GC [PSYoungGen: 635376K->560K(640000K)] 899312K->264544K(1197568K), 0.0017330 secs] [Times: user=0.01 sys=0.00, real=0.00 secs] 
318.198: Total time for which application threads were stopped: 0.0018560 seconds, Stopping threads took: 0.0000570 seconds
318.367: Application time: 0.1691290 seconds
318.368: [GC [PSYoungGen: 639536K->528K(644096K)] 903520K->264512K(1201664K), 0.0016370 secs] [Times: user=0.01 sys=0.00, real=0.00 secs] 
318.369: Total time for which application threads were stopped: 0.0018080 seconds, Stopping threads took: 0.0000930 seconds
318.563: Application time: 0.1939350 seconds
318.563: [GC [PSYoungGen: 643600K->560K(648192K)] 907584K->264552K(1205760K), 0.0017420 secs] [Times: user=0.01 sys=0.00, real=0.01 secs] 
318.565: Total time for which application threads were stopped: 0.0018860 seconds, Stopping threads took: 0.0000800 seconds
318.750: Application time: 0.1846560 seconds
318.752: [GC [PSYoungGen: 647728K->480K(651776K)] 911720K->264620K(1209344K), 0.0032700 secs] [Times: user=0.01 sys=0.00, real=0.00 secs] 
318.755: Total time for which application threads were stopped: 0.0051060 seconds, Stopping threads took: 0.0017610 seconds
318.948: Application time: 0.1929630 seconds
318.948: [GC [PSYoungGen: 651744K->592K(656384K)] 915884K->264764K(1213952K), 0.0017190 secs] [Times: user=0.01 sys=0.00, real=0.00 secs] 
318.950: Total time for which application threads were stopped: 0.0018780 seconds, Stopping threads took: 0.0000850 seconds
319.148: Application time: 0.1979280 seconds
319.148: [GC [PSYoungGen: 655952K->672K(660480K)] 920124K->264844K(1218048K), 0.0016500 secs] [Times: user=0.01 sys=0.00, real=0.00 secs] 
319.149: Total time for which application threads were stopped: 0.0018050 seconds, Stopping threads took: 0.0000920 seconds
319.317: Application time: 0.1675150 seconds
319.317: [GC [PSYoungGen: 660128K->784K(662528K)] 924300K->264956K(1220096K), 0.0016900 secs] [Times: user=0.01 sys=0.00, real=0.00 secs] 
319.319: Total time for which application threads were stopped: 0.0017940 seconds, Stopping threads took: 0.0000450 seconds
319.525: Application time: 0.2067230 seconds
319.526: [GC [PSYoungGen: 662288K->672K(664576K)] 926460K->264844K(1222144K), 0.0016560 secs] [Times: user=0.01 sys=0.00, real=0.00 secs] 
319.527: Total time for which application threads were stopped: 0.0018130 seconds, Stopping threads took: 0.0000800 seconds
319.727: Application time: 0.1991870 seconds
319.727: [GC [PSYoungGen: 664224K->672K(638464K)] 928396K->264860K(1196032K), 0.0016680 secs] [Times: user=0.01 sys=0.00, real=0.00 secs] 
319.728: Total time for which application threads were stopped: 0.0018090 seconds, Stopping threads took: 0.0000770 seconds
319.892: Application time: 0.1633300 seconds
319.892: [GC [PSYoungGen: 638112K->496K(642048K)] 902300K->264732K(1199616K), 0.0017580 secs] [Times: user=0.01 sys=0.00, real=0.00 secs] 
319.894: Total time for which application threads were stopped: 0.0019000 seconds, Stopping threads took: 0.0000760 seconds
320.092: Application time: 0.1987720 seconds
320.092: [GC [PSYoungGen: 642032K->768K(646656K)] 906268K->265012K(1204224K), 0.0017360 secs] [Times: user=0.01 sys=0.00, real=0.00 secs] 
320.094: Total time for which application threads were stopped: 0.0019160 seconds, Stopping threads took: 0.0001020 seconds
320.284: Application time: 0.1897370 seconds
320.284: [GC [PSYoungGen: 646400K->816K(650752K)] 910644K->265060K(1208320K), 0.0016720 secs] [Times: user=0.01 sys=0.00, real=0.00 secs] 
320.286: Total time for which application threads were stopped: 0.0018250 seconds, Stopping threads took: 0.0000910 seconds
320.467: Application time: 0.1812530 seconds
320.467: [GC [PSYoungGen: 650544K->656K(654848K)] 914788K->264908K(1212416K), 0.0017130 secs] [Times: user=0.01 sys=0.00, real=0.00 secs] 
320.469: Total time for which application threads were stopped: 0.0018690 seconds, Stopping threads took: 0.0000910 seconds
320.661: Application time: 0.1917480 seconds
320.661: [GC [PSYoungGen: 654480K->512K(658432K)] 918732K->264900K(1216000K), 0.0015850 secs] [Times: user=0.01 sys=0.00, real=0.00 secs] 
320.662: Total time for which application threads were stopped: 0.0017270 seconds, Stopping threads took: 0.0000680 seconds
320.847: Application time: 0.1842570 seconds
320.847: [GC [PSYoungGen: 658432K->816K(663040K)] 922820K->265220K(1220608K), 0.0017170 secs] [Times: user=0.01 sys=0.00, real=0.00 secs] 
320.849: Total time for which application threads were stopped: 0.0018370 seconds, Stopping threads took: 0.0000540 seconds
321.053: Application time: 0.2045960 seconds
321.053: [GC [PSYoungGen: 662832K->512K(636928K)] 927236K->264916K(1194496K), 0.0015090 secs] [Times: user=0.01 sys=0.00, real=0.00 secs] 
321.055: Total time for which application threads were stopped: 0.0016240 seconds, Stopping threads took: 0.0000520 seconds
321.238: Application time: 0.1830040 seconds
321.238: [GC [PSYoungGen: 636416K->688K(611840K)] 900820K->265092K(1169408K), 0.0016880 secs] [Times: user=0.01 sys=0.00, real=0.00 secs] 
321.240: Total time for which application threads were stopped: 0.0018700 seconds, Stopping threads took: 0.0001010 seconds
321.395: Application time: 0.1550970 seconds
321.395: [GC [PSYoungGen: 611504K->512K(614912K)] 875908K->265060K(1172480K), 0.0016840 secs] [Times: user=0.01 sys=0.00, real=0.01 secs] 
321.397: Total time for which application threads were stopped: 0.0018410 seconds, Stopping threads took: 0.0000910 seconds
321.593: Application time: 0.1961290 seconds
321.593: [GC [PSYoungGen: 614912K->640K(619008K)] 879460K->265212K(1176576K), 0.0016500 secs] [Times: user=0.01 sys=0.00, real=0.00 secs] 
321.595: Total time for which application threads were stopped: 0.0018020 seconds, Stopping threads took: 0.0000910 seconds
321.774: Application time: 0.1792740 seconds
321.774: [GC [PSYoungGen: 618624K->640K(622592K)] 883196K->265212K(1180160K), 0.0016950 secs] [Times: user=0.01 sys=0.00, real=0.01 secs] 
321.776: Total time for which application threads were stopped: 0.0018330 seconds, Stopping threads took: 0.0000610 seconds
321.931: Application time: 0.1554410 seconds
321.932: [GC [PSYoungGen: 622208K->576K(626688K)] 886780K->265156K(1184256K), 0.0017120 secs] [Times: user=0.01 sys=0.00, real=0.00 secs] 
321.934: Total time for which application threads were stopped: 0.0024910 seconds, Stopping threads took: 0.0007170 seconds
322.132: Application time: 0.1986270 seconds
322.132: [GC [PSYoungGen: 626240K->496K(630272K)] 890820K->265220K(1187840K), 0.0016740 secs] [Times: user=0.01 sys=0.00, real=0.00 secs] 
322.134: Total time for which application threads were stopped: 0.0018140 seconds, Stopping threads took: 0.0000780 seconds
322.321: Application time: 0.1868700 seconds
322.321: [GC [PSYoungGen: 630256K->800K(634368K)] 894980K->265524K(1191936K), 0.0014840 secs] [Times: user=0.01 sys=0.00, real=0.00 secs] 
322.323: Total time for which application threads were stopped: 0.0016320 seconds, Stopping threads took: 0.0000750 seconds
322.486: Application time: 0.1633450 seconds
322.486: [GC [PSYoungGen: 634144K->752K(638464K)] 898868K->265476K(1196032K), 0.0017120 secs] [Times: user=0.01 sys=0.00, real=0.00 secs] 
322.488: Total time for which application threads were stopped: 0.0018360 seconds, Stopping threads took: 0.0000580 seconds
322.685: Application time: 0.1975360 seconds
322.685: [GC [PSYoungGen: 638192K->592K(642560K)] 902916K->265316K(1200128K), 0.0017080 secs] [Times: user=0.02 sys=0.00, real=0.00 secs] 
322.687: Total time for which application threads were stopped: 0.0018420 seconds, Stopping threads took: 0.0000700 seconds
322.878: Application time: 0.1908170 seconds
322.878: [GC [PSYoungGen: 642128K->496K(646144K)] 906852K->265360K(1203712K), 0.0017460 secs] [Times: user=0.01 sys=0.00, real=0.00 secs] 
322.880: Total time for which application threads were stopped: 0.0018920 seconds, Stopping threads took: 0.0000730 seconds
323.060: Application time: 0.1802760 seconds
323.060: [GC [PSYoungGen: 646128K->672K(650752K)] 910992K->265544K(1208320K), 0.0017370 secs] [Times: user=0.01 sys=0.00, real=0.00 secs] 
323.062: Total time for which application threads were stopped: 0.0019130 seconds, Stopping threads took: 0.0001020 seconds
323.257: Application time: 0.1949020 seconds
323.257: [GC [PSYoungGen: 650400K->720K(654848K)] 915272K->265592K(1212416K), 0.0016700 secs] [Times: user=0.01 sys=0.00, real=0.00 secs] 
323.259: Total time for which application threads were stopped: 0.0018300 seconds, Stopping threads took: 0.0000990 seconds
323.439: Application time: 0.1807800 seconds
323.440: [GC [PSYoungGen: 654544K->816K(658944K)] 919416K->265696K(1216512K), 0.0017400 secs] [Times: user=0.01 sys=0.00, real=0.00 secs] 
323.441: Total time for which application threads were stopped: 0.0018890 seconds, Stopping threads took: 0.0000740 seconds
323.645: Application time: 0.2035960 seconds
323.645: [GC [PSYoungGen: 658736K->480K(661504K)] 923616K->265488K(1219072K), 0.0016810 secs] [Times: user=0.01 sys=0.00, real=0.00 secs] 
323.647: Total time for which application threads were stopped: 0.0018190 seconds, Stopping threads took: 0.0000740 seconds
323.843: Application time: 0.1956940 seconds
323.843: [GC [PSYoungGen: 661472K->704K(635904K)] 926480K->265712K(1193472K), 0.0032690 secs] [Times: user=0.01 sys=0.00, real=0.01 secs] 
323.846: Total time for which application threads were stopped: 0.0034240 seconds, Stopping threads took: 0.0000890 seconds
324.005: Application time: 0.1589140 seconds
324.005: [GC [PSYoungGen: 635584K->512K(639488K)] 900592K->265648K(1197056K), 0.0016890 secs] [Times: user=0.00 sys=0.00, real=0.00 secs] 
324.007: Total time for which application threads were stopped: 0.0018290 seconds, Stopping threads took: 0.0000630 seconds
324.211: Application time: 0.2041940 seconds
324.211: [GC [PSYoungGen: 639488K->528K(644096K)] 904624K->265696K(1201664K), 0.0016430 secs] [Times: user=0.00 sys=0.01, real=0.00 secs] 
324.213: Total time for which application threads were stopped: 0.0017970 seconds, Stopping threads took: 0.0000900 seconds
324.405: Application time: 0.1927700 seconds
324.406: [GC [PSYoungGen: 643600K->544K(648192K)] 908768K->265712K(1205760K), 0.0016560 secs] [Times: user=0.01 sys=0.00, real=0.00 secs] 
324.407: Total time for which application threads were stopped: 0.0018120 seconds, Stopping threads took: 0.0000900 seconds
324.573: Application time: 0.1660330 seconds
324.573: [GC [PSYoungGen: 647712K->560K(652288K)] 912880K->265736K(1209856K), 0.0016980 secs] [Times: user=0.01 sys=0.00, real=0.00 secs] 
324.575: Total time for which application threads were stopped: 0.0018560 seconds, Stopping threads took: 0.0000780 seconds
324.778: Application time: 0.2032990 seconds
324.779: [GC [PSYoungGen: 651824K->512K(655872K)] 917000K->265836K(1213440K), 0.0017560 secs] [Times: user=0.01 sys=0.00, real=0.00 secs] 
324.780: Total time for which application threads were stopped: 0.0019140 seconds, Stopping threads took: 0.0000930 seconds
324.973: Application time: 0.1923010 seconds
324.973: [GC [PSYoungGen: 655872K->640K(660480K)] 921196K->265972K(1218048K), 0.0016710 secs] [Times: user=0.01 sys=0.00, real=0.00 secs] 
324.974: Total time for which application threads were stopped: 0.0017910 seconds, Stopping threads took: 0.0000550 seconds
325.162: Application time: 0.1871910 seconds
325.162: [GC [PSYoungGen: 660096K->672K(660992K)] 925428K->266004K(1218560K), 0.0017480 secs] [Times: user=0.01 sys=0.00, real=0.01 secs] 
325.164: Total time for which application threads were stopped: 0.0019210 seconds, Stopping threads took: 0.0000880 seconds
325.365: Application time: 0.2013190 seconds
325.365: [GC [PSYoungGen: 660640K->560K(634880K)] 925972K->265892K(1192448K), 0.0015070 secs] [Times: user=0.01 sys=0.00, real=0.00 secs] 
325.367: Total time for which application threads were stopped: 0.0016420 seconds, Stopping threads took: 0.0000740 seconds
325.534: Application time: 0.1679030 seconds
325.535: [GC [PSYoungGen: 634416K->512K(638464K)] 899748K->266036K(1196032K), 0.0017050 secs] [Times: user=0.01 sys=0.00, real=0.01 secs] 
325.536: Total time for which application threads were stopped: 0.0018440 seconds, Stopping threads took: 0.0000740 seconds
325.734: Application time: 0.1972410 seconds
325.734: [GC [PSYoungGen: 638464K->512K(643072K)] 903988K->266044K(1200640K), 0.0016900 secs] [Times: user=0.01 sys=0.00, real=0.00 secs] 
325.735: Total time for which application threads were stopped: 0.0018490 seconds, Stopping threads took: 0.0000840 seconds
325.926: Application time: 0.1908810 seconds
325.928: [GC [PSYoungGen: 642560K->496K(646656K)] 908092K->266028K(1204224K), 0.0017580 secs] [Times: user=0.01 sys=0.00, real=0.00 secs] 
325.929: Total time for which application threads were stopped: 0.0030910 seconds, Stopping threads took: 0.0012650 seconds
326.090: Application time: 0.1606730 seconds
326.090: [GC [PSYoungGen: 646640K->640K(651264K)] 912172K->266180K(1208832K), 0.0016600 secs] [Times: user=0.02 sys=0.00, real=0.00 secs] 
326.092: Total time for which application threads were stopped: 0.0017990 seconds, Stopping threads took: 0.0000710 seconds
326.299: Application time: 0.2069890 seconds
326.299: [GC [PSYoungGen: 650880K->640K(655360K)] 916420K->266180K(1212928K), 0.0017060 secs] [Times: user=0.01 sys=0.00, real=0.00 secs] 
326.301: Total time for which application threads were stopped: 0.0018520 seconds, Stopping threads took: 0.0000700 seconds
326.497: Application time: 0.1961570 seconds
326.497: [GC [PSYoungGen: 654976K->640K(659456K)] 920516K->266212K(1217024K), 0.0016830 secs] [Times: user=0.01 sys=0.00, real=0.00 secs] 
326.499: Total time for which application threads were stopped: 0.0018350 seconds, Stopping threads took: 0.0000880 seconds
326.671: Application time: 0.1724600 seconds
326.671: [GC [PSYoungGen: 659072K->480K(659456K)] 924644K->266076K(1217024K), 0.0017490 secs] [Times: user=0.01 sys=0.00, real=0.00 secs] 
326.673: Total time for which application threads were stopped: 0.0018870 seconds, Stopping threads took: 0.0000740 seconds
326.873: Application time: 0.2003660 seconds
326.876: [GC [PSYoungGen: 659424K->624K(659968K)] 925020K->266228K(1217536K), 0.0016900 secs] [Times: user=0.01 sys=0.00, real=0.00 secs] 
326.877: Total time for which application threads were stopped: 0.0038990 seconds, Stopping threads took: 0.0021350 seconds
327.066: Application time: 0.1891390 seconds
327.067: [GC [PSYoungGen: 659568K->672K(664064K)] 925172K->266276K(1221632K), 0.0016590 secs] [Times: user=0.01 sys=0.00, real=0.00 secs] 
327.068: Total time for which application threads were stopped: 0.0017820 seconds, Stopping threads took: 0.0000580 seconds
327.263: Application time: 0.1944870 seconds
327.263: [GC [PSYoungGen: 663712K->608K(637952K)] 929316K->266212K(1195520K), 0.0016600 secs] [Times: user=0.01 sys=0.00, real=0.01 secs] 
327.265: Total time for which application threads were stopped: 0.0017940 seconds, Stopping threads took: 0.0000700 seconds
327.454: Application time: 0.1897630 seconds
327.454: [GC [PSYoungGen: 637536K->480K(612352K)] 903140K->266216K(1169920K), 0.0017010 secs] [Times: user=0.01 sys=0.00, real=0.01 secs] 
327.456: Total time for which application threads were stopped: 0.0018510 seconds, Stopping threads took: 0.0000750 seconds
327.615: Application time: 0.1589740 seconds
327.615: [GC [PSYoungGen: 612320K->768K(616448K)] 878056K->266512K(1174016K), 0.0016890 secs] [Times: user=0.01 sys=0.00, real=0.01 secs] 
327.617: Total time for which application threads were stopped: 0.0018590 seconds, Stopping threads took: 0.0001050 seconds
327.810: Application time: 0.1927500 seconds
327.810: [GC [PSYoungGen: 616192K->672K(620032K)] 881936K->266416K(1177600K), 0.0016740 secs] [Times: user=0.01 sys=0.00, real=0.00 secs] 
327.812: Total time for which application threads were stopped: 0.0018140 seconds, Stopping threads took: 0.0000670 seconds
327.997: Application time: 0.1849620 seconds
327.997: [GC [PSYoungGen: 619680K->768K(624128K)] 885424K->266520K(1181696K), 0.0018240 secs] [Times: user=0.01 sys=0.00, real=0.00 secs] 
327.998: Total time for which application threads were stopped: 0.0019490 seconds, Stopping threads took: 0.0000520 seconds
328.154: Application time: 0.1554340 seconds
328.154: [GC [PSYoungGen: 623872K->512K(627712K)] 889624K->266472K(1185280K), 0.0016800 secs] [Times: user=0.01 sys=0.00, real=0.01 secs] 
328.156: Total time for which application threads were stopped: 0.0018080 seconds, Stopping threads took: 0.0000590 seconds
328.355: Application time: 0.1992310 seconds
328.355: [GC [PSYoungGen: 627712K->656K(632320K)] 893672K->266640K(1189888K), 0.0017540 secs] [Times: user=0.01 sys=0.00, real=0.01 secs] 
328.357: Total time for which application threads were stopped: 0.0018810 seconds, Stopping threads took: 0.0000540 seconds
328.545: Application time: 0.1879160 seconds
328.545: [GC [PSYoungGen: 631952K->608K(636416K)] 897936K->266592K(1193984K), 0.0016540 secs] [Times: user=0.01 sys=0.00, real=0.00 secs] 
328.547: Total time for which application threads were stopped: 0.0018050 seconds, Stopping threads took: 0.0000780 seconds
328.705: Application time: 0.1586190 seconds
328.705: [GC [PSYoungGen: 636000K->608K(640512K)] 901984K->266592K(1198080K), 0.0016950 secs] [Times: user=0.01 sys=0.00, real=0.00 secs] 
328.707: Total time for which application threads were stopped: 0.0018230 seconds, Stopping threads took: 0.0000580 seconds
328.911: Application time: 0.2038390 seconds
328.911: [GC [PSYoungGen: 640096K->496K(644096K)] 906080K->266528K(1201664K), 0.0017050 secs] [Times: user=0.01 sys=0.00, real=0.00 secs] 
328.913: Total time for which application threads were stopped: 0.0018330 seconds, Stopping threads took: 0.0000620 seconds
329.106: Application time: 0.1928870 seconds
329.106: [GC [PSYoungGen: 644080K->608K(648704K)] 910112K->266648K(1206272K), 0.0016320 secs] [Times: user=0.01 sys=0.00, real=0.00 secs] 
329.107: Total time for which application threads were stopped: 0.0017750 seconds, Stopping threads took: 0.0000720 seconds
329.279: Application time: 0.1712230 seconds
329.279: [GC [PSYoungGen: 648288K->512K(652800K)] 914328K->266552K(1210368K), 0.0017150 secs] [Times: user=0.01 sys=0.00, real=0.00 secs] 
329.280: Total time for which application threads were stopped: 0.0018630 seconds, Stopping threads took: 0.0000810 seconds
329.481: Application time: 0.2005640 seconds
329.481: [GC [PSYoungGen: 652288K->624K(656896K)] 918328K->266680K(1214464K), 0.0016980 secs] [Times: user=0.01 sys=0.00, real=0.00 secs] 
329.483: Total time for which application threads were stopped: 0.0018360 seconds, Stopping threads took: 0.0000740 seconds
329.667: Application time: 0.1840240 seconds
329.667: [GC [PSYoungGen: 656496K->496K(660480K)] 922552K->266753K(1218048K), 0.0016760 secs] [Times: user=0.01 sys=0.00, real=0.00 secs] 
329.669: Total time for which application threads were stopped: 0.0018150 seconds, Stopping threads took: 0.0000630 seconds
329.866: Application time: 0.1974390 seconds
329.866: [GC [PSYoungGen: 660464K->544K(662016K)] 926721K->266809K(1219584K), 0.0017030 secs] [Times: user=0.00 sys=0.00, real=0.00 secs] 
329.868: Total time for which application threads were stopped: 0.0018570 seconds, Stopping threads took: 0.0000890 seconds
330.066: Application time: 0.1981460 seconds
330.066: [GC [PSYoungGen: 661536K->544K(635904K)] 927801K->266809K(1193472K), 0.0016560 secs] [Times: user=0.01 sys=0.00, real=0.00 secs] 
330.068: Total time for which application threads were stopped: 0.0017930 seconds, Stopping threads took: 0.0000730 seconds
330.227: Application time: 0.1591800 seconds
330.227: [GC [PSYoungGen: 635424K->736K(640000K)] 901689K->267009K(1197568K), 0.0016650 secs] [Times: user=0.01 sys=0.01, real=0.00 secs] 
330.229: Total time for which application threads were stopped: 0.0017830 seconds, Stopping threads took: 0.0000410 seconds
330.431: Application time: 0.2024480 seconds
330.431: [GC [PSYoungGen: 639712K->512K(643584K)] 905985K->266833K(1201152K), 0.0016620 secs] [Times: user=0.00 sys=0.01, real=0.00 secs] 
330.433: Total time for which application threads were stopped: 0.0018010 seconds, Stopping threads took: 0.0000770 seconds
330.625: Application time: 0.1915570 seconds
330.625: [GC [PSYoungGen: 643584K->656K(619008K)] 909905K->266985K(1176576K), 0.0014640 secs] [Times: user=0.01 sys=0.00, real=0.00 secs] 
330.626: Total time for which application threads were stopped: 0.0016160 seconds, Stopping threads took: 0.0000890 seconds
330.779: Application time: 0.1524310 seconds
330.779: [GC [PSYoungGen: 618640K->768K(623104K)] 884969K->267097K(1180672K), 0.0017000 secs] [Times: user=0.01 sys=0.00, real=0.00 secs] 
330.781: Total time for which application threads were stopped: 0.0018640 seconds, Stopping threads took: 0.0000920 seconds
330.982: Application time: 0.2009870 seconds
330.982: [GC [PSYoungGen: 622848K->672K(626688K)] 889177K->267025K(1184256K), 0.0017040 secs] [Times: user=0.01 sys=0.00, real=0.00 secs] 
330.983: Total time for which application threads were stopped: 0.0018440 seconds, Stopping threads took: 0.0000760 seconds
331.169: Application time: 0.1857900 seconds
331.169: [GC [PSYoungGen: 626336K->512K(629760K)] 892689K->267101K(1187328K), 0.0016940 secs] [Times: user=0.01 sys=0.00, real=0.00 secs] 
331.171: Total time for which application threads were stopped: 0.0018570 seconds, Stopping threads took: 0.0000890 seconds
331.334: Application time: 0.1626430 seconds
331.334: [GC [PSYoungGen: 629760K->560K(634368K)] 896349K->267157K(1191936K), 0.0016560 secs] [Times: user=0.01 sys=0.00, real=0.01 secs] 
331.336: Total time for which application threads were stopped: 0.0017980 seconds, Stopping threads took: 0.0000560 seconds
331.532: Application time: 0.1969350 seconds
331.533: [GC [PSYoungGen: 633904K->736K(637952K)] 900501K->267333K(1195520K), 0.0014830 secs] [Times: user=0.01 sys=0.00, real=0.00 secs] 
331.534: Total time for which application threads were stopped: 0.0016230 seconds, Stopping threads took: 0.0000780 seconds
331.719: Application time: 0.1852940 seconds
331.720: [GC [PSYoungGen: 637664K->704K(642048K)] 904261K->267309K(1199616K), 0.0017870 secs] [Times: user=0.01 sys=0.00, real=0.00 secs] 
331.721: Total time for which application threads were stopped: 0.0019030 seconds, Stopping threads took: 0.0000530 seconds
331.901: Application time: 0.1792230 seconds
331.901: [GC [PSYoungGen: 641728K->496K(645632K)] 908333K->267141K(1203200K), 0.0016910 secs] [Times: user=0.01 sys=0.00, real=0.00 secs] 
331.902: Total time for which application threads were stopped: 0.0018480 seconds, Stopping threads took: 0.0000810 seconds
332.098: Application time: 0.1958760 seconds
332.098: [GC [PSYoungGen: 645616K->624K(620544K)] 912261K->267277K(1178112K), 0.0014870 secs] [Times: user=0.00 sys=0.00, real=0.00 secs] 
332.100: Total time for which application threads were stopped: 0.0016450 seconds, Stopping threads took: 0.0000930 seconds
332.270: Application time: 0.1696530 seconds
332.270: [GC [PSYoungGen: 620144K->720K(624128K)] 886797K->267373K(1181696K), 0.0016630 secs] [Times: user=0.01 sys=0.00, real=0.00 secs] 
332.271: Total time for which application threads were stopped: 0.0017850 seconds, Stopping threads took: 0.0000570 seconds
332.460: Application time: 0.1884370 seconds
332.460: [GC [PSYoungGen: 623824K->624K(627712K)] 890477K->267293K(1185280K), 0.0016850 secs] [Times: user=0.01 sys=0.00, real=0.00 secs] 
332.462: Total time for which application threads were stopped: 0.0018540 seconds, Stopping threads took: 0.0000910 seconds
332.650: Application time: 0.1884830 seconds
332.650: [GC [PSYoungGen: 627312K->496K(602624K)] 893981K->267281K(1160192K), 0.0015500 secs] [Times: user=0.00 sys=0.00, real=0.00 secs] 
332.652: Total time for which application threads were stopped: 0.0016980 seconds, Stopping threads took: 0.0000850 seconds
332.809: Application time: 0.1571950 seconds
332.809: [GC [PSYoungGen: 602608K->624K(606720K)] 869393K->267425K(1164288K), 0.0016770 secs] [Times: user=0.02 sys=0.00, real=0.00 secs] 
332.811: Total time for which application threads were stopped: 0.0018210 seconds, Stopping threads took: 0.0000810 seconds
333.005: Application time: 0.1942100 seconds
333.005: [GC [PSYoungGen: 606320K->624K(610304K)] 873121K->267425K(1167872K), 0.0016890 secs] [Times: user=0.01 sys=0.00, real=0.00 secs] 
333.007: Total time for which application threads were stopped: 0.0018710 seconds, Stopping threads took: 0.0001030 seconds
333.186: Application time: 0.1794800 seconds
333.187: [GC [PSYoungGen: 609904K->496K(613376K)] 876705K->267297K(1170944K), 0.0017060 secs] [Times: user=0.01 sys=0.00, real=0.00 secs] 
333.188: Total time for which application threads were stopped: 0.0018380 seconds, Stopping threads took: 0.0000690 seconds
333.341: Application time: 0.1528910 seconds
333.341: [GC [PSYoungGen: 613360K->896K(617984K)] 880161K->267697K(1175552K), 0.0017170 secs] [Times: user=0.01 sys=0.00, real=0.00 secs] 
333.343: Total time for which application threads were stopped: 0.0018420 seconds, Stopping threads took: 0.0000600 seconds
333.541: Application time: 0.1980300 seconds
333.541: [GC [PSYoungGen: 617856K->768K(622080K)] 884657K->267569K(1179648K), 0.0016940 secs] [Times: user=0.01 sys=0.00, real=0.00 secs] 
333.543: Total time for which application threads were stopped: 0.0018550 seconds, Stopping threads took: 0.0000900 seconds
333.723: Application time: 0.1801470 seconds
333.723: [GC [PSYoungGen: 621824K->496K(625664K)] 888625K->267377K(1183232K), 0.0017250 secs] [Times: user=0.01 sys=0.00, real=0.01 secs] 
333.725: Total time for which application threads were stopped: 0.0018580 seconds, Stopping threads took: 0.0000690 seconds
333.880: Application time: 0.1550660 seconds
333.880: [GC [PSYoungGen: 625648K->752K(630272K)] 892529K->267681K(1187840K), 0.0016650 secs] [Times: user=0.02 sys=0.00, real=0.00 secs] 
333.882: Total time for which application threads were stopped: 0.0017900 seconds, Stopping threads took: 0.0000610 seconds
334.086: Application time: 0.2046770 seconds
334.087: [GC [PSYoungGen: 630000K->704K(634368K)] 896929K->267633K(1191936K), 0.0016940 secs] [Times: user=0.01 sys=0.00, real=0.00 secs] 
334.088: Total time for which application threads were stopped: 0.0018350 seconds, Stopping threads took: 0.0000670 seconds
334.275: Application time: 0.1863380 seconds
334.275: [GC [PSYoungGen: 634048K->672K(638464K)] 900977K->267609K(1196032K), 0.0017080 secs] [Times: user=0.01 sys=0.00, real=0.01 secs] 
334.276: Total time for which application threads were stopped: 0.0018320 seconds, Stopping threads took: 0.0000580 seconds
334.442: Application time: 0.1653210 seconds
334.442: [GC [PSYoungGen: 638112K->496K(642048K)] 905049K->267529K(1199616K), 0.0016850 secs] [Times: user=0.02 sys=0.00, real=0.01 secs] 
334.444: Total time for which application threads were stopped: 0.0018210 seconds, Stopping threads took: 0.0000710 seconds
334.642: Application time: 0.1988740 seconds
334.643: [GC [PSYoungGen: 642032K->768K(646656K)] 909065K->267809K(1204224K), 0.0014790 secs] [Times: user=0.01 sys=0.00, real=0.01 secs] 
334.644: Total time for which application threads were stopped: 0.0016500 seconds, Stopping threads took: 0.0000950 seconds
334.833: Application time: 0.1887680 seconds
334.833: [GC [PSYoungGen: 646400K->720K(650752K)] 913441K->267761K(1208320K), 0.0016880 secs] [Times: user=0.01 sys=0.00, real=0.00 secs] 
334.835: Total time for which application threads were stopped: 0.0018210 seconds, Stopping threads took: 0.0000690 seconds
335.017: Application time: 0.1824560 seconds
335.017: [GC [PSYoungGen: 650448K->672K(654848K)] 917489K->267713K(1212416K), 0.0017170 secs] [Times: user=0.01 sys=0.00, real=0.00 secs] 
335.019: Total time for which application threads were stopped: 0.0018730 seconds, Stopping threads took: 0.0000880 seconds
335.217: Application time: 0.1982160 seconds
335.217: [GC [PSYoungGen: 654496K->496K(628736K)] 921537K->267553K(1186304K), 0.0016590 secs] [Times: user=0.02 sys=0.00, real=0.00 secs] 
335.219: Total time for which application threads were stopped: 0.0018120 seconds, Stopping threads took: 0.0000830 seconds
335.389: Application time: 0.1697330 seconds
335.389: [GC [PSYoungGen: 628720K->848K(633344K)] 895777K->267913K(1190912K), 0.0016590 secs] [Times: user=0.01 sys=0.00, real=0.00 secs] 
335.391: Total time for which application threads were stopped: 0.0017960 seconds, Stopping threads took: 0.0000690 seconds
335.583: Application time: 0.1925790 seconds
335.583: [GC [PSYoungGen: 633168K->720K(637440K)] 900233K->267785K(1195008K), 0.0017040 secs] [Times: user=0.02 sys=0.00, real=0.01 secs] 
335.585: Total time for which application threads were stopped: 0.0018380 seconds, Stopping threads took: 0.0000680 seconds
335.773: Application time: 0.1878350 seconds
335.773: [GC [PSYoungGen: 637136K->768K(641536K)] 904201K->267841K(1199104K), 0.0016800 secs] [Times: user=0.01 sys=0.00, real=0.00 secs] 
335.775: Total time for which application threads were stopped: 0.0018530 seconds, Stopping threads took: 0.0000930 seconds
335.938: Application time: 0.1628220 seconds
335.938: [GC [PSYoungGen: 641280K->512K(645120K)] 908353K->267817K(1202688K), 0.0016490 secs] [Times: user=0.01 sys=0.00, real=0.00 secs] 
335.939: Total time for which application threads were stopped: 0.0018020 seconds, Stopping threads took: 0.0000870 seconds
336.147: Application time: 0.2076990 seconds
336.147: [GC [PSYoungGen: 645120K->960K(649728K)] 912425K->268265K(1207296K), 0.0017320 secs] [Times: user=0.01 sys=0.00, real=0.00 secs] 
336.149: Total time for which application threads were stopped: 0.0018730 seconds, Stopping threads took: 0.0000720 seconds
336.339: Application time: 0.1896050 seconds
336.339: [GC [PSYoungGen: 649664K->816K(653824K)] 916969K->268121K(1211392K), 0.0017600 secs] [Times: user=0.01 sys=0.00, real=0.00 secs] 
336.340: Total time for which application threads were stopped: 0.0019070 seconds, Stopping threads took: 0.0000730 seconds
336.507: Application time: 0.1664400 seconds
336.507: [GC [PSYoungGen: 653616K->720K(657920K)] 920921K->268049K(1215488K), 0.0017260 secs] [Times: user=0.01 sys=0.00, real=0.00 secs] 
336.509: Total time for which application threads were stopped: 0.0018650 seconds, Stopping threads took: 0.0000720 seconds
336.717: Application time: 0.2083400 seconds
336.717: [GC [PSYoungGen: 657616K->496K(659968K)] 924945K->267993K(1217536K), 0.0017720 secs] [Times: user=0.01 sys=0.00, real=0.00 secs] 
336.719: Total time for which application threads were stopped: 0.0019320 seconds, Stopping threads took: 0.0000940 seconds
336.910: Application time: 0.1911360 seconds
336.910: [GC [PSYoungGen: 659952K->560K(660480K)] 927449K->268073K(1218048K), 0.0017000 secs] [Times: user=0.01 sys=0.01, real=0.00 secs] 
336.912: Total time for which application threads were stopped: 0.0018610 seconds, Stopping threads took: 0.0000850 seconds
337.096: Application time: 0.1837020 seconds
337.096: [GC [PSYoungGen: 660016K->656K(634368K)] 927529K->268169K(1191936K), 0.0014770 secs] [Times: user=0.01 sys=0.00, real=0.00 secs] 
337.097: Total time for which application threads were stopped: 0.0016360 seconds, Stopping threads took: 0.0000870 seconds
337.290: Application time: 0.1927490 seconds
337.290: [GC [PSYoungGen: 634000K->592K(609280K)] 901513K->268153K(1166848K), 0.0017850 secs] [Times: user=0.01 sys=0.00, real=0.00 secs] 
337.292: Total time for which application threads were stopped: 0.0019290 seconds, Stopping threads took: 0.0000810 seconds
337.457: Application time: 0.1651150 seconds
337.457: [GC [PSYoungGen: 608848K->496K(612352K)] 876409K->268225K(1169920K), 0.0017370 secs] [Times: user=0.01 sys=0.00, real=0.00 secs] 
337.459: Total time for which application threads were stopped: 0.0018770 seconds, Stopping threads took: 0.0000650 seconds
337.640: Application time: 0.1813160 seconds
337.641: [GC [PSYoungGen: 612336K->448K(616448K)] 880065K->268185K(1174016K), 0.0016430 secs] [Times: user=0.01 sys=0.00, real=0.00 secs] 
337.642: Total time for which application threads were stopped: 0.0017820 seconds, Stopping threads took: 0.0000730 seconds
337.827: Application time: 0.1851220 seconds
337.827: [GC [PSYoungGen: 615872K->496K(619520K)] 883609K->268233K(1177088K), 0.0016730 secs] [Times: user=0.01 sys=0.00, real=0.00 secs] 
337.829: Total time for which application threads were stopped: 0.0018270 seconds, Stopping threads took: 0.0000870 seconds
337.992: Application time: 0.1626940 seconds
337.992: [GC [PSYoungGen: 619504K->640K(624128K)] 887241K->268377K(1181696K), 0.0017350 secs] [Times: user=0.01 sys=0.00, real=0.00 secs] 
337.994: Total time for which application threads were stopped: 0.0018870 seconds, Stopping threads took: 0.0000770 seconds
338.188: Application time: 0.1939970 seconds
338.188: [GC [PSYoungGen: 623744K->544K(628224K)] 891481K->268281K(1185792K), 0.0017360 secs] [Times: user=0.01 sys=0.00, real=0.00 secs] 
338.190: Total time for which application threads were stopped: 0.0018610 seconds, Stopping threads took: 0.0000600 seconds
338.372: Application time: 0.1824180 seconds
338.372: [GC [PSYoungGen: 627744K->704K(632320K)] 895481K->268449K(1189888K), 0.0016890 secs] [Times: user=0.01 sys=0.00, real=0.00 secs] 
338.374: Total time for which application threads were stopped: 0.0018280 seconds, Stopping threads took: 0.0000770 seconds
338.534: Application time: 0.1600140 seconds
338.534: [GC [PSYoungGen: 632000K->496K(635904K)] 899745K->268337K(1193472K), 0.0017300 secs] [Times: user=0.01 sys=0.00, real=0.01 secs] 
338.536: Total time for which application threads were stopped: 0.0018870 seconds, Stopping threads took: 0.0000760 seconds
338.738: Application time: 0.2018970 seconds
338.738: [GC [PSYoungGen: 635888K->672K(640512K)] 903729K->268561K(1198080K), 0.0016930 secs] [Times: user=0.01 sys=0.00, real=0.00 secs] 
338.740: Total time for which application threads were stopped: 0.0018920 seconds, Stopping threads took: 0.0001140 seconds
338.926: Application time: 0.1861680 seconds
338.926: [GC [PSYoungGen: 640160K->704K(644608K)] 908049K->268593K(1202176K), 0.0015910 secs] [Times: user=0.01 sys=0.00, real=0.00 secs] 
338.927: Total time for which application threads were stopped: 0.0017090 seconds, Stopping threads took: 0.0000560 seconds
339.092: Application time: 0.1649180 seconds
339.092: [GC [PSYoungGen: 644288K->592K(648704K)] 912177K->268489K(1206272K), 0.0017540 secs] [Times: user=0.01 sys=0.00, real=0.00 secs] 
339.094: Total time for which application threads were stopped: 0.0019040 seconds, Stopping threads took: 0.0000730 seconds
339.298: Application time: 0.2040710 seconds
339.298: [GC [PSYoungGen: 648272K->496K(652288K)] 916169K->268533K(1209856K), 0.0017480 secs] [Times: user=0.01 sys=0.00, real=0.00 secs] 
339.300: Total time for which application threads were stopped: 0.0019300 seconds, Stopping threads took: 0.0001150 seconds
339.488: Application time: 0.1881370 seconds
339.488: [GC [PSYoungGen: 652272K->640K(627200K)] 920309K->268693K(1184768K), 0.0014460 secs] [Times: user=0.00 sys=0.00, real=0.00 secs] 
339.490: Total time for which application threads were stopped: 0.0015760 seconds, Stopping threads took: 0.0000670 seconds
339.663: Application time: 0.1725890 seconds
339.663: [GC [PSYoungGen: 626816K->672K(631296K)] 894869K->268725K(1188864K), 0.0017220 secs] [Times: user=0.01 sys=0.00, real=0.01 secs] 
339.664: Total time for which application threads were stopped: 0.0018710 seconds, Stopping threads took: 0.0000740 seconds
339.853: Application time: 0.1882460 seconds
339.853: [GC [PSYoungGen: 630944K->800K(635392K)] 898997K->268853K(1192960K), 0.0016920 secs] [Times: user=0.01 sys=0.00, real=0.00 secs] 
339.855: Total time for which application threads were stopped: 0.0018300 seconds, Stopping threads took: 0.0000740 seconds
340.037: Application time: 0.1824420 seconds
340.037: [GC [PSYoungGen: 635168K->480K(638976K)] 903221K->268681K(1196544K), 0.0016630 secs] [Times: user=0.01 sys=0.00, real=0.00 secs] 
340.039: Total time for which application threads were stopped: 0.0017920 seconds, Stopping threads took: 0.0000600 seconds
340.228: Application time: 0.1890460 seconds
340.228: [GC [PSYoungGen: 638944K->560K(643584K)] 907145K->268777K(1201152K), 0.0016650 secs] [Times: user=0.01 sys=0.00, real=0.00 secs] 
340.230: Total time for which application threads were stopped: 0.0018040 seconds, Stopping threads took: 0.0000650 seconds
340.418: Application time: 0.1883960 seconds
340.418: [GC [PSYoungGen: 643120K->672K(647680K)] 911337K->268889K(1205248K), 0.0016780 secs] [Times: user=0.02 sys=0.00, real=0.00 secs] 
340.420: Total time for which application threads were stopped: 0.0018390 seconds, Stopping threads took: 0.0000970 seconds
340.592: Application time: 0.1720860 seconds
340.592: [GC [PSYoungGen: 647328K->720K(651776K)] 915545K->268945K(1209344K), 0.0017880 secs] [Times: user=0.01 sys=0.00, real=0.00 secs] 
340.594: Total time for which application threads were stopped: 0.0019080 seconds, Stopping threads took: 0.0000550 seconds
340.800: Application time: 0.2061000 seconds
340.800: [GC [PSYoungGen: 651472K->512K(655360K)] 919697K->268809K(1212928K), 0.0017480 secs] [Times: user=0.02 sys=0.00, real=0.00 secs] 
340.802: Total time for which application threads were stopped: 0.0018850 seconds, Stopping threads took: 0.0000630 seconds
340.992: Application time: 0.1901430 seconds
340.992: [GC [PSYoungGen: 655360K->736K(659968K)] 923657K->269033K(1217536K), 0.0017030 secs] [Times: user=0.00 sys=0.00, real=0.00 secs] 
340.994: Total time for which application threads were stopped: 0.0018480 seconds, Stopping threads took: 0.0000690 seconds
341.161: Application time: 0.1668560 seconds
341.161: [GC [PSYoungGen: 659680K->704K(661504K)] 927977K->269001K(1219072K), 0.0017830 secs] [Times: user=0.01 sys=0.00, real=0.00 secs] 
341.163: Total time for which application threads were stopped: 0.0019170 seconds, Stopping threads took: 0.0000690 seconds
341.371: Application time: 0.2083390 seconds
341.371: [GC [PSYoungGen: 661184K->672K(661504K)] 929481K->268977K(1219072K), 0.0017370 secs] [Times: user=0.00 sys=0.00, real=0.00 secs] 
341.373: Total time for which application threads were stopped: 0.0018690 seconds, Stopping threads took: 0.0000570 seconds
341.565: Application time: 0.1923770 seconds
341.565: [GC [PSYoungGen: 661152K->736K(635392K)] 929457K->269049K(1192960K), 0.0015610 secs] [Times: user=0.01 sys=0.00, real=0.00 secs] 
341.567: Total time for which application threads were stopped: 0.0016910 seconds, Stopping threads took: 0.0000630 seconds
341.742: Application time: 0.1748810 seconds
341.742: [GC [PSYoungGen: 635104K->736K(639488K)] 903417K->269057K(1197056K), 0.0018020 secs] [Times: user=0.01 sys=0.00, real=0.01 secs] 
341.744: Total time for which application threads were stopped: 0.0019270 seconds, Stopping threads took: 0.0000610 seconds
341.936: Application time: 0.1923300 seconds
341.936: [GC [PSYoungGen: 639200K->496K(643072K)] 907521K->269057K(1200640K), 0.0016590 secs] [Times: user=0.01 sys=0.00, real=0.00 secs] 
341.938: Total time for which application threads were stopped: 0.0018290 seconds, Stopping threads took: 0.0000960 seconds
342.118: Application time: 0.1798650 seconds
342.118: [GC [PSYoungGen: 643056K->640K(647680K)] 911617K->269225K(1205248K), 0.0016500 secs] [Times: user=0.01 sys=0.00, real=0.00 secs] 
342.120: Total time for which application threads were stopped: 0.0017880 seconds, Stopping threads took: 0.0000760 seconds
342.311: Application time: 0.1912890 seconds
342.311: [GC [PSYoungGen: 647296K->528K(651776K)] 915881K->269113K(1209344K), 0.0016100 secs] [Times: user=0.01 sys=0.00, real=0.00 secs] 
342.313: Total time for which application threads were stopped: 0.0017590 seconds, Stopping threads took: 0.0000760 seconds
342.505: Application time: 0.1924130 seconds
342.505: [GC [PSYoungGen: 651280K->656K(655872K)] 919865K->269241K(1213440K), 0.0018030 secs] [Times: user=0.02 sys=0.00, real=0.00 secs] 
342.507: Total time for which application threads were stopped: 0.0019430 seconds, Stopping threads took: 0.0000650 seconds
342.678: Application time: 0.1707900 seconds
342.678: [GC [PSYoungGen: 655504K->496K(659456K)] 924089K->269153K(1217024K), 0.0016880 secs] [Times: user=0.01 sys=0.00, real=0.00 secs] 
342.680: Total time for which application threads were stopped: 0.0018350 seconds, Stopping threads took: 0.0000800 seconds
342.886: Application time: 0.2067450 seconds
342.886: [GC [PSYoungGen: 659440K->736K(633856K)] 928097K->269409K(1191424K), 0.0014760 secs] [Times: user=0.01 sys=0.00, real=0.00 secs] 
342.888: Total time for which application threads were stopped: 0.0016020 seconds, Stopping threads took: 0.0000610 seconds
343.075: Application time: 0.1867250 seconds
343.075: [GC [PSYoungGen: 633568K->576K(608768K)] 902241K->269249K(1166336K), 0.0014890 secs] [Times: user=0.01 sys=0.00, real=0.01 secs] 
343.076: Total time for which application threads were stopped: 0.0016420 seconds, Stopping threads took: 0.0000780 seconds
343.228: Application time: 0.1515940 seconds
343.228: [GC [PSYoungGen: 608320K->608K(612352K)] 876993K->269289K(1169920K), 0.0017920 secs] [Times: user=0.02 sys=0.00, real=0.00 secs] 
343.230: Total time for which application threads were stopped: 0.0019310 seconds, Stopping threads took: 0.0000770 seconds
343.426: Application time: 0.1957650 seconds
343.426: [GC [PSYoungGen: 611936K->496K(615424K)] 880617K->269305K(1172992K), 0.0016400 secs] [Times: user=0.01 sys=0.00, real=0.00 secs] 
343.427: Total time for which application threads were stopped: 0.0017750 seconds, Stopping threads took: 0.0000730 seconds
343.609: Application time: 0.1814530 seconds
343.609: [GC [PSYoungGen: 615408K->640K(619520K)] 884217K->269457K(1177088K), 0.0016680 secs] [Times: user=0.01 sys=0.00, real=0.00 secs] 
343.611: Total time for which application threads were stopped: 0.0018190 seconds, Stopping threads took: 0.0000770 seconds
343.768: Application time: 0.1574450 seconds
343.768: [GC [PSYoungGen: 619136K->736K(623616K)] 887953K->269553K(1181184K), 0.0017430 secs] [Times: user=0.01 sys=0.00, real=0.00 secs] 
343.770: Total time for which application threads were stopped: 0.0018770 seconds, Stopping threads took: 0.0000720 seconds
343.965: Application time: 0.1953790 seconds
343.966: [GC [PSYoungGen: 623328K->672K(627712K)] 892145K->269489K(1185280K), 0.0017160 secs] [Times: user=0.01 sys=0.00, real=0.00 secs] 
343.967: Total time for which application threads were stopped: 0.0018960 seconds, Stopping threads took: 0.0001160 seconds
344.149: Application time: 0.1817380 seconds
344.149: [GC [PSYoungGen: 627360K->496K(631296K)] 896177K->269417K(1188864K), 0.0017120 secs] [Times: user=0.01 sys=0.00, real=0.00 secs] 
344.151: Total time for which application threads were stopped: 0.0019010 seconds, Stopping threads took: 0.0001150 seconds
344.323: Application time: 0.1720910 seconds
344.323: [GC [PSYoungGen: 631280K->448K(635904K)] 900201K->269369K(1193472K), 0.0016750 secs] [Times: user=0.01 sys=0.00, real=0.01 secs] 
344.325: Total time for which application threads were stopped: 0.0018430 seconds, Stopping threads took: 0.0001010 seconds
344.518: Application time: 0.1929470 seconds
344.518: [GC [PSYoungGen: 635328K->592K(640000K)] 904249K->269513K(1197568K), 0.0016730 secs] [Times: user=0.01 sys=0.00, real=0.00 secs] 
344.520: Total time for which application threads were stopped: 0.0018120 seconds, Stopping threads took: 0.0000710 seconds
344.699: Application time: 0.1794870 seconds
344.699: [GC [PSYoungGen: 639568K->656K(644096K)] 908489K->269625K(1201664K), 0.0018040 secs] [Times: user=0.01 sys=0.01, real=0.00 secs] 
344.701: Total time for which application threads were stopped: 0.0019760 seconds, Stopping threads took: 0.0000970 seconds
344.892: Application time: 0.1913140 seconds
344.892: [GC [PSYoungGen: 643728K->512K(647680K)] 912697K->269513K(1205248K), 0.0016740 secs] [Times: user=0.01 sys=0.00, real=0.00 secs] 
344.894: Total time for which application threads were stopped: 0.0018130 seconds, Stopping threads took: 0.0000730 seconds
345.086: Application time: 0.1914190 seconds
345.086: [GC [PSYoungGen: 647680K->672K(652288K)] 916681K->269681K(1209856K), 0.0016520 secs] [Times: user=0.01 sys=0.00, real=0.00 secs] 
345.087: Total time for which application threads were stopped: 0.0017780 seconds, Stopping threads took: 0.0000600 seconds
345.260: Application time: 0.1729510 seconds
345.260: [GC [PSYoungGen: 651936K->656K(656384K)] 920945K->269665K(1213952K), 0.0016940 secs] [Times: user=0.01 sys=0.00, real=0.00 secs] 
345.262: Total time for which application threads were stopped: 0.0018460 seconds, Stopping threads took: 0.0000780 seconds
345.471: Application time: 0.2090200 seconds
345.471: [GC [PSYoungGen: 656016K->736K(660480K)] 925025K->269769K(1218048K), 0.0018170 secs] [Times: user=0.01 sys=0.00, real=0.00 secs] 
345.473: Total time for which application threads were stopped: 0.0019370 seconds, Stopping threads took: 0.0000530 seconds
345.663: Application time: 0.1898620 seconds
345.663: [GC [PSYoungGen: 660192K->496K(662528K)] 929225K->269633K(1220096K), 0.0017220 secs] [Times: user=0.01 sys=0.00, real=0.01 secs] 
345.665: Total time for which application threads were stopped: 0.0018590 seconds, Stopping threads took: 0.0000720 seconds
345.836: Application time: 0.1707050 seconds
345.836: [GC [PSYoungGen: 662512K->688K(663040K)] 931649K->269825K(1220608K), 0.0016560 secs] [Times: user=0.01 sys=0.00, real=0.00 secs] 
345.837: Total time for which application threads were stopped: 0.0018030 seconds, Stopping threads took: 0.0000760 seconds
346.046: Application time: 0.2085090 seconds
346.046: [GC [PSYoungGen: 662704K->592K(636928K)] 931841K->269729K(1194496K), 0.0016410 secs] [Times: user=0.01 sys=0.00, real=0.00 secs] 
346.048: Total time for which application threads were stopped: 0.0017990 seconds, Stopping threads took: 0.0000850 seconds
346.231: Application time: 0.1829590 seconds
346.231: [GC [PSYoungGen: 636496K->720K(641024K)] 905633K->269873K(1198592K), 0.0017560 secs] [Times: user=0.01 sys=0.00, real=0.00 secs] 
346.233: Total time for which application threads were stopped: 0.0018940 seconds, Stopping threads took: 0.0000740 seconds
346.411: Application time: 0.1779990 seconds
346.411: [GC [PSYoungGen: 640720K->496K(644608K)] 909873K->269689K(1202176K), 0.0017110 secs] [Times: user=0.01 sys=0.00, real=0.00 secs] 
346.412: Total time for which application threads were stopped: 0.0018620 seconds, Stopping threads took: 0.0000690 seconds
346.608: Application time: 0.1960680 seconds
346.609: [GC [PSYoungGen: 644592K->768K(649216K)] 913785K->269977K(1206784K), 0.0017050 secs] [Times: user=0.01 sys=0.00, real=0.00 secs] 
346.610: Total time for which application threads were stopped: 0.0018390 seconds, Stopping threads took: 0.0000720 seconds
346.789: Application time: 0.1786880 seconds
346.789: [GC [PSYoungGen: 648960K->768K(653312K)] 918169K->269977K(1210880K), 0.0017680 secs] [Times: user=0.01 sys=0.00, real=0.00 secs] 
346.791: Total time for which application threads were stopped: 0.0019060 seconds, Stopping threads took: 0.0000750 seconds
346.989: Application time: 0.1976170 seconds
346.989: [GC [PSYoungGen: 653056K->608K(657408K)] 922265K->269849K(1214976K), 0.0016790 secs] [Times: user=0.01 sys=0.00, real=0.00 secs] 
346.990: Total time for which application threads were stopped: 0.0018290 seconds, Stopping threads took: 0.0000760 seconds
347.179: Application time: 0.1886900 seconds
347.179: [GC [PSYoungGen: 656992K->496K(660992K)] 926233K->269777K(1218560K), 0.0017940 secs] [Times: user=0.00 sys=0.02, real=0.00 secs] 
347.181: Total time for which application threads were stopped: 0.0019380 seconds, Stopping threads took: 0.0000780 seconds
347.354: Application time: 0.1725760 seconds
347.354: [GC [PSYoungGen: 660976K->768K(665088K)] 930257K->270049K(1222656K), 0.0016500 secs] [Times: user=0.01 sys=0.00, real=0.00 secs] 
347.355: Total time for which application threads were stopped: 0.0017820 seconds, Stopping threads took: 0.0000690 seconds
347.566: Application time: 0.2107540 seconds
347.566: [GC [PSYoungGen: 664832K->592K(638976K)] 934113K->269874K(1196544K), 0.0016780 secs] [Times: user=0.01 sys=0.00, real=0.00 secs] 
347.568: Total time for which application threads were stopped: 0.0018220 seconds, Stopping threads took: 0.0000730 seconds
347.751: Application time: 0.1830130 seconds
347.751: [GC [PSYoungGen: 638544K->624K(643584K)] 907826K->269921K(1201152K), 0.0027390 secs] [Times: user=0.02 sys=0.00, real=0.00 secs] 
347.754: Total time for which application threads were stopped: 0.0029040 seconds, Stopping threads took: 0.0000920 seconds
347.922: Application time: 0.1681820 seconds
347.922: [GC [PSYoungGen: 643184K->480K(647680K)] 912481K->269817K(1205248K), 0.0016530 secs] [Times: user=0.02 sys=0.00, real=0.01 secs] 
347.924: Total time for which application threads were stopped: 0.0017970 seconds, Stopping threads took: 0.0000800 seconds
348.128: Application time: 0.2036850 seconds
348.128: [GC [PSYoungGen: 647648K->720K(652288K)] 916985K->270065K(1209856K), 0.0016590 secs] [Times: user=0.01 sys=0.00, real=0.00 secs] 
348.129: Total time for which application threads were stopped: 0.0018150 seconds, Stopping threads took: 0.0000820 seconds
348.313: Application time: 0.1838710 seconds
348.313: [GC [PSYoungGen: 651984K->816K(656384K)] 921329K->270161K(1213952K), 0.0016960 secs] [Times: user=0.01 sys=0.00, real=0.00 secs] 
348.315: Total time for which application threads were stopped: 0.0018200 seconds, Stopping threads took: 0.0000610 seconds
348.503: Application time: 0.1880210 seconds
348.503: [GC [PSYoungGen: 656176K->656K(660480K)] 925521K->270033K(1218048K), 0.0017240 secs] [Times: user=0.01 sys=0.00, real=0.01 secs] 
348.505: Total time for which application threads were stopped: 0.0018810 seconds, Stopping threads took: 0.0000910 seconds
348.703: Application time: 0.1978760 seconds
348.703: [GC [PSYoungGen: 660112K->496K(664064K)] 929489K->270010K(1221632K), 0.0016820 secs] [Times: user=0.01 sys=0.00, real=0.01 secs] 
348.705: Total time for which application threads were stopped: 0.0018330 seconds, Stopping threads took: 0.0000740 seconds
348.884: Application time: 0.1792790 seconds
348.884: [GC [PSYoungGen: 664048K->672K(664576K)] 933562K->270186K(1222144K), 0.0017080 secs] [Times: user=0.01 sys=0.00, real=0.00 secs] 
348.886: Total time for which application threads were stopped: 0.0018450 seconds, Stopping threads took: 0.0000710 seconds
349.097: Application time: 0.2109710 seconds
349.097: [GC [PSYoungGen: 664224K->752K(638464K)] 933738K->270266K(1196032K), 0.0016740 secs] [Times: user=0.01 sys=0.00, real=0.00 secs] 
349.099: Total time for which application threads were stopped: 0.0017990 seconds, Stopping threads took: 0.0000540 seconds
349.277: Application time: 0.1787330 seconds
349.277: [GC [PSYoungGen: 638192K->768K(642560K)] 907706K->270298K(1200128K), 0.0016920 secs] [Times: user=0.01 sys=0.00, real=0.00 secs] 
349.279: Total time for which application threads were stopped: 0.0018710 seconds, Stopping threads took: 0.0000950 seconds
349.445: Application time: 0.1655700 seconds
349.445: [GC [PSYoungGen: 642304K->496K(646144K)] 911834K->270270K(1203712K), 0.0017020 secs] [Times: user=0.01 sys=0.00, real=0.00 secs] 
349.447: Total time for which application threads were stopped: 0.0018260 seconds, Stopping threads took: 0.0000550 seconds
349.654: Application time: 0.2076080 seconds
349.654: [GC [PSYoungGen: 646128K->640K(650752K)] 915902K->270414K(1208320K), 0.0017180 secs] [Times: user=0.01 sys=0.00, real=0.01 secs] 
349.656: Total time for which application threads were stopped: 0.0018580 seconds, Stopping threads took: 0.0000710 seconds
349.841: Application time: 0.1854110 seconds
349.842: [GC [PSYoungGen: 650368K->624K(654848K)] 920142K->270398K(1212416K), 0.0016450 secs] [Times: user=0.01 sys=0.00, real=0.00 secs] 
349.843: Total time for which application threads were stopped: 0.0018130 seconds, Stopping threads took: 0.0000940 seconds
350.021: Application time: 0.1779770 seconds
350.021: [GC [PSYoungGen: 654448K->592K(658944K)] 924222K->270366K(1216512K), 0.0018250 secs] [Times: user=0.01 sys=0.00, real=0.00 secs] 
350.023: Total time for which application threads were stopped: 0.0019560 seconds, Stopping threads took: 0.0000650 seconds
350.227: Application time: 0.2041950 seconds
350.228: [GC [PSYoungGen: 658512K->480K(662528K)] 928286K->270326K(1220096K), 0.0016950 secs] [Times: user=0.01 sys=0.00, real=0.00 secs] 
350.229: Total time for which application threads were stopped: 0.0018230 seconds, Stopping threads took: 0.0000560 seconds
350.410: Application time: 0.1808340 seconds
350.410: [GC [PSYoungGen: 662496K->832K(665088K)] 932342K->270678K(1222656K), 0.0017150 secs] [Times: user=0.01 sys=0.00, real=0.00 secs] 
350.412: Total time for which application threads were stopped: 0.0018780 seconds, Stopping threads took: 0.0000840 seconds
350.614: Application time: 0.2023980 seconds
350.614: [GC [PSYoungGen: 664896K->720K(638976K)] 934742K->270566K(1196544K), 0.0014900 secs] [Times: user=0.01 sys=0.00, real=0.01 secs] 
350.616: Total time for which application threads were stopped: 0.0016230 seconds, Stopping threads took: 0.0000640 seconds
350.799: Application time: 0.1834590 seconds
350.800: [GC [PSYoungGen: 638672K->848K(613888K)] 908518K->270694K(1171456K), 0.0017900 secs] [Times: user=0.01 sys=0.00, real=0.00 secs] 
350.801: Total time for which application threads were stopped: 0.0019480 seconds, Stopping threads took: 0.0000940 seconds
350.966: Application time: 0.1643170 seconds
350.966: [GC [PSYoungGen: 613712K->480K(617472K)] 883558K->270434K(1175040K), 0.0016830 secs] [Times: user=0.01 sys=0.00, real=0.00 secs] 
350.968: Total time for which application threads were stopped: 0.0018370 seconds, Stopping threads took: 0.0000770 seconds
351.167: Application time: 0.1989800 seconds
351.167: [GC [PSYoungGen: 617440K->656K(621568K)] 887394K->270618K(1179136K), 0.0016980 secs] [Times: user=0.01 sys=0.00, real=0.00 secs] 
351.168: Total time for which application threads were stopped: 0.0018410 seconds, Stopping threads took: 0.0000770 seconds
351.340: Application time: 0.1713390 seconds
351.340: [GC [PSYoungGen: 621200K->720K(625664K)] 891162K->270682K(1183232K), 0.0017000 secs] [Times: user=0.01 sys=0.00, real=0.00 secs] 
351.342: Total time for which application threads were stopped: 0.0018280 seconds, Stopping threads took: 0.0000640 seconds
351.507: Application time: 0.1650630 seconds
351.507: [GC [PSYoungGen: 625360K->736K(629760K)] 895322K->270722K(1187328K), 0.0017330 secs] [Times: user=0.01 sys=0.00, real=0.00 secs] 
351.509: Total time for which application threads were stopped: 0.0018990 seconds, Stopping threads took: 0.0000890 seconds
351.712: Application time: 0.2032930 seconds
351.712: [GC [PSYoungGen: 629472K->480K(633344K)] 899458K->270730K(1190912K), 0.0017350 secs] [Times: user=0.02 sys=0.00, real=0.00 secs] 
351.714: Total time for which application threads were stopped: 0.0018740 seconds, Stopping threads took: 0.0000770 seconds
351.893: Application time: 0.1791150 seconds
351.893: [GC [PSYoungGen: 633312K->608K(637952K)] 903562K->270866K(1195520K), 0.0016630 secs] [Times: user=0.02 sys=0.00, real=0.00 secs] 
351.895: Total time for which application threads were stopped: 0.0018010 seconds, Stopping threads took: 0.0000740 seconds
352.060: Application time: 0.1649360 seconds
352.060: [GC [PSYoungGen: 637536K->512K(642048K)] 907794K->270770K(1199616K), 0.0016520 secs] [Times: user=0.01 sys=0.00, real=0.00 secs] 
352.061: Total time for which application threads were stopped: 0.0017890 seconds, Stopping threads took: 0.0000640 seconds
352.268: Application time: 0.2063450 seconds
352.268: [GC [PSYoungGen: 641536K->560K(646144K)] 911794K->270842K(1203712K), 0.0018050 secs] [Times: user=0.01 sys=0.00, real=0.00 secs] 
352.270: Total time for which application threads were stopped: 0.0019320 seconds, Stopping threads took: 0.0000570 seconds
352.453: Application time: 0.1829540 seconds
352.453: [GC [PSYoungGen: 645680K->496K(649728K)] 915962K->270794K(1207296K), 0.0016490 secs] [Times: user=0.01 sys=0.00, real=0.00 secs] 
352.454: Total time for which application threads were stopped: 0.0017650 seconds, Stopping threads took: 0.0000550 seconds
352.633: Application time: 0.1786820 seconds
352.633: [GC [PSYoungGen: 649712K->464K(624640K)] 920010K->270770K(1182208K), 0.0014760 secs] [Times: user=0.01 sys=0.00, real=0.00 secs] 
352.635: Total time for which application threads were stopped: 0.0016380 seconds, Stopping threads took: 0.0000840 seconds
352.828: Application time: 0.1935560 seconds
352.828: [GC [PSYoungGen: 624080K->656K(600064K)] 894386K->270962K(1157632K), 0.0017150 secs] [Times: user=0.02 sys=0.00, real=0.00 secs] 
352.830: Total time for which application threads were stopped: 0.0018290 seconds, Stopping threads took: 0.0000490 seconds
352.995: Application time: 0.1645630 seconds
352.995: [GC [PSYoungGen: 599696K->752K(603648K)] 870002K->271066K(1161216K), 0.0017350 secs] [Times: user=0.01 sys=0.00, real=0.01 secs] 
352.997: Total time for which application threads were stopped: 0.0018590 seconds, Stopping threads took: 0.0000570 seconds
353.169: Application time: 0.1728050 seconds
353.169: [GC [PSYoungGen: 603376K->480K(607232K)] 873690K->270810K(1164800K), 0.0017770 secs] [Times: user=0.02 sys=0.00, real=0.00 secs] 
353.171: Total time for which application threads were stopped: 0.0019120 seconds, Stopping threads took: 0.0000620 seconds
353.355: Application time: 0.1836170 seconds
353.355: [GC [PSYoungGen: 607200K->736K(611840K)] 877530K->271074K(1169408K), 0.0017160 secs] [Times: user=0.02 sys=0.00, real=0.01 secs] 
353.357: Total time for which application threads were stopped: 0.0018480 seconds, Stopping threads took: 0.0000690 seconds
353.524: Application time: 0.1677760 seconds
353.525: [GC [PSYoungGen: 611552K->864K(615936K)] 881890K->271202K(1173504K), 0.0016950 secs] [Times: user=0.01 sys=0.00, real=0.00 secs] 
353.526: Total time for which application threads were stopped: 0.0018410 seconds, Stopping threads took: 0.0000730 seconds
353.712: Application time: 0.1852770 seconds
353.712: [GC [PSYoungGen: 615776K->560K(620032K)] 886114K->270922K(1177600K), 0.0016200 secs] [Times: user=0.01 sys=0.00, real=0.00 secs] 
353.713: Total time for which application threads were stopped: 0.0017470 seconds, Stopping threads took: 0.0000530 seconds
353.893: Application time: 0.1800170 seconds
353.893: [GC [PSYoungGen: 619568K->496K(623616K)] 889930K->270986K(1181184K), 0.0016850 secs] [Times: user=0.01 sys=0.00, real=0.00 secs] 
353.895: Total time for which application threads were stopped: 0.0018210 seconds, Stopping threads took: 0.0000720 seconds
354.064: Application time: 0.1689590 seconds
354.064: [GC [PSYoungGen: 623600K->640K(628224K)] 894090K->271138K(1185792K), 0.0017090 secs] [Times: user=0.01 sys=0.00, real=0.00 secs] 
354.066: Total time for which application threads were stopped: 0.0018230 seconds, Stopping threads took: 0.0000460 seconds
354.266: Application time: 0.2000150 seconds
354.266: [GC [PSYoungGen: 627840K->640K(632320K)] 898338K->271138K(1189888K), 0.0016510 secs] [Times: user=0.01 sys=0.00, real=0.00 secs] 
354.268: Total time for which application threads were stopped: 0.0018000 seconds, Stopping threads took: 0.0000710 seconds
354.443: Application time: 0.1751940 seconds
354.443: [GC [PSYoungGen: 631936K->640K(636416K)] 902434K->271170K(1193984K), 0.0017100 secs] [Times: user=0.01 sys=0.00, real=0.01 secs] 
354.445: Total time for which application threads were stopped: 0.0018560 seconds, Stopping threads took: 0.0000760 seconds
354.616: Application time: 0.1715530 seconds
354.617: [GC [PSYoungGen: 636032K->512K(640000K)] 906562K->271250K(1197568K), 0.0016570 secs] [Times: user=0.01 sys=0.00, real=0.00 secs] 
354.618: Total time for which application threads were stopped: 0.0017900 seconds, Stopping threads took: 0.0000690 seconds
354.826: Application time: 0.2079440 seconds
354.826: [GC [PSYoungGen: 640000K->576K(615424K)] 910738K->271314K(1172992K), 0.0014890 secs] [Times: user=0.00 sys=0.01, real=0.00 secs] 
354.828: Total time for which application threads were stopped: 0.0016390 seconds, Stopping threads took: 0.0000710 seconds
354.997: Application time: 0.1689880 seconds
354.997: [GC [PSYoungGen: 614976K->448K(618496K)] 885714K->271186K(1176064K), 0.0016960 secs] [Times: user=0.01 sys=0.00, real=0.00 secs] 
354.999: Total time for which application threads were stopped: 0.0018240 seconds, Stopping threads took: 0.0000650 seconds
355.161: Application time: 0.1622250 seconds
355.161: [GC [PSYoungGen: 618432K->736K(623104K)] 889170K->271474K(1180672K), 0.0016480 secs] [Times: user=0.01 sys=0.00, real=0.00 secs] 
355.163: Total time for which application threads were stopped: 0.0017950 seconds, Stopping threads took: 0.0000850 seconds
355.367: Application time: 0.2039560 seconds
355.367: [GC [PSYoungGen: 622816K->672K(598528K)] 893554K->271410K(1156096K), 0.0015210 secs] [Times: user=0.00 sys=0.00, real=0.00 secs] 
355.368: Total time for which application threads were stopped: 0.0016550 seconds, Stopping threads took: 0.0000580 seconds
355.535: Application time: 0.1670080 seconds
355.535: [GC [PSYoungGen: 598176K->528K(602112K)] 868914K->271282K(1159680K), 0.0016980 secs] [Times: user=0.01 sys=0.00, real=0.01 secs] 
355.537: Total time for which application threads were stopped: 0.0018490 seconds, Stopping threads took: 0.0000840 seconds
355.694: Application time: 0.1568140 seconds
355.694: [GC [PSYoungGen: 601616K->480K(605696K)] 872370K->271306K(1163264K), 0.0016570 secs] [Times: user=0.01 sys=0.00, real=0.01 secs] 
355.696: Total time for which application threads were stopped: 0.0018180 seconds, Stopping threads took: 0.0000920 seconds
355.893: Application time: 0.1975310 seconds
355.893: [GC [PSYoungGen: 605664K->688K(609792K)] 876490K->271522K(1167360K), 0.0016740 secs] [Times: user=0.01 sys=0.00, real=0.00 secs] 
355.895: Total time for which application threads were stopped: 0.0018260 seconds, Stopping threads took: 0.0000660 seconds
356.067: Application time: 0.1717010 seconds
356.067: [GC [PSYoungGen: 609456K->864K(613888K)] 880290K->271698K(1171456K), 0.0017070 secs] [Times: user=0.01 sys=0.00, real=0.00 secs] 
356.069: Total time for which application threads were stopped: 0.0018480 seconds, Stopping threads took: 0.0000750 seconds
356.230: Application time: 0.1610940 seconds
356.230: [GC [PSYoungGen: 613728K->608K(617984K)] 884562K->271450K(1175552K), 0.0017590 secs] [Times: user=0.01 sys=0.00, real=0.00 secs] 
356.232: Total time for which application threads were stopped: 0.0019100 seconds, Stopping threads took: 0.0000870 seconds
356.428: Application time: 0.1965820 seconds
356.428: [GC [PSYoungGen: 617568K->496K(621568K)] 888410K->271562K(1179136K), 0.0016960 secs] [Times: user=0.01 sys=0.00, real=0.00 secs] 
356.430: Total time for which application threads were stopped: 0.0018660 seconds, Stopping threads took: 0.0000940 seconds
356.604: Application time: 0.1738500 seconds
356.604: [GC [PSYoungGen: 621552K->752K(626176K)] 892618K->271834K(1183744K), 0.0016830 secs] [Times: user=0.01 sys=0.00, real=0.00 secs] 
356.606: Total time for which application threads were stopped: 0.0017890 seconds, Stopping threads took: 0.0000390 seconds
356.779: Application time: 0.1735040 seconds
356.779: [GC [PSYoungGen: 625904K->608K(630272K)] 896986K->271690K(1187840K), 0.0017110 secs] [Times: user=0.01 sys=0.00, real=0.00 secs] 
356.781: Total time for which application threads were stopped: 0.0018500 seconds, Stopping threads took: 0.0000750 seconds
356.973: Application time: 0.1917580 seconds
356.973: [GC [PSYoungGen: 629856K->640K(634368K)] 900938K->271746K(1191936K), 0.0017130 secs] [Times: user=0.01 sys=0.00, real=0.00 secs] 
356.975: Total time for which application threads were stopped: 0.0018400 seconds, Stopping threads took: 0.0000460 seconds
357.149: Application time: 0.1741890 seconds
357.149: [GC [PSYoungGen: 633984K->496K(637952K)] 905090K->271778K(1195520K), 0.0016960 secs] [Times: user=0.01 sys=0.00, real=0.00 secs] 
357.151: Total time for which application threads were stopped: 0.0018160 seconds, Stopping threads took: 0.0000560 seconds
357.345: Application time: 0.1942670 seconds
357.345: [GC [PSYoungGen: 637936K->496K(642560K)] 909218K->271802K(1200128K), 0.0016710 secs] [Times: user=0.01 sys=0.00, real=0.00 secs] 
357.347: Total time for which application threads were stopped: 0.0018190 seconds, Stopping threads took: 0.0000770 seconds
357.526: Application time: 0.1794820 seconds
357.526: [GC [PSYoungGen: 642032K->832K(646656K)] 913338K->272138K(1204224K), 0.0016950 secs] [Times: user=0.01 sys=0.00, real=0.00 secs] 
357.528: Total time for which application threads were stopped: 0.0018410 seconds, Stopping threads took: 0.0000700 seconds
357.704: Application time: 0.1757010 seconds
357.704: [GC [PSYoungGen: 646464K->624K(650752K)] 917770K->271938K(1208320K), 0.0016890 secs] [Times: user=0.01 sys=0.00, real=0.00 secs] 
357.706: Total time for which application threads were stopped: 0.0018370 seconds, Stopping threads took: 0.0000840 seconds
357.920: Application time: 0.2143430 seconds
357.920: [GC [PSYoungGen: 650352K->512K(624640K)] 921666K->272010K(1182208K), 0.0014850 secs] [Times: user=0.01 sys=0.00, real=0.00 secs] 
357.922: Total time for which application threads were stopped: 0.0016220 seconds, Stopping threads took: 0.0000660 seconds
358.087: Application time: 0.1653400 seconds
358.087: [GC [PSYoungGen: 624640K->496K(628736K)] 896138K->271994K(1186304K), 0.0016700 secs] [Times: user=0.01 sys=0.00, real=0.00 secs] 
358.089: Total time for which application threads were stopped: 0.0018330 seconds, Stopping threads took: 0.0000900 seconds
358.257: Application time: 0.1686550 seconds
358.258: [GC [PSYoungGen: 628208K->544K(632832K)] 899706K->272042K(1190400K), 0.0016670 secs] [Times: user=0.01 sys=0.00, real=0.00 secs] 
358.259: Total time for which application threads were stopped: 0.0017950 seconds, Stopping threads took: 0.0000700 seconds
358.468: Application time: 0.2091030 seconds
358.469: [GC [PSYoungGen: 632352K->544K(636928K)] 903850K->272066K(1194496K), 0.0018580 secs] [Times: user=0.01 sys=0.00, real=0.00 secs] 
358.470: Total time for which application threads were stopped: 0.0019810 seconds, Stopping threads took: 0.0000530 seconds
358.643: Application time: 0.1726070 seconds
358.643: [GC [PSYoungGen: 636448K->496K(640512K)] 907970K->272034K(1198080K), 0.0016270 secs] [Times: user=0.01 sys=0.00, real=0.01 secs] 
358.645: Total time for which application threads were stopped: 0.0017850 seconds, Stopping threads took: 0.0000850 seconds
358.815: Application time: 0.1700530 seconds
358.815: [GC [PSYoungGen: 640496K->400K(645120K)] 912034K->271954K(1202688K), 0.0017790 secs] [Times: user=0.01 sys=0.00, real=0.01 secs] 
358.817: Total time for which application threads were stopped: 0.0019420 seconds, Stopping threads took: 0.0000990 seconds
359.021: Application time: 0.2042950 seconds
359.021: [GC [PSYoungGen: 644496K->624K(649216K)] 916050K->272178K(1206784K), 0.0016570 secs] [Times: user=0.01 sys=0.00, real=0.00 secs] 
359.023: Total time for which application threads were stopped: 0.0018010 seconds, Stopping threads took: 0.0000820 seconds
359.204: Application time: 0.1814750 seconds
359.204: [GC [PSYoungGen: 648816K->592K(653312K)] 920370K->272186K(1210880K), 0.0016890 secs] [Times: user=0.01 sys=0.00, real=0.00 secs] 
359.206: Total time for which application threads were stopped: 0.0018280 seconds, Stopping threads took: 0.0000650 seconds
359.394: Application time: 0.1881890 seconds
359.395: [GC [PSYoungGen: 652880K->496K(656896K)] 924474K->272118K(1214464K), 0.0018110 secs] [Times: user=0.02 sys=0.00, real=0.01 secs] 
359.396: Total time for which application threads were stopped: 0.0019660 seconds, Stopping threads took: 0.0000790 seconds
359.589: Application time: 0.1930270 seconds
359.589: [GC [PSYoungGen: 656880K->608K(631296K)] 928502K->272238K(1188864K), 0.0014830 secs] [Times: user=0.01 sys=0.00, real=0.00 secs] 
359.591: Total time for which application threads were stopped: 0.0017490 seconds, Stopping threads took: 0.0000750 seconds
359.765: Application time: 0.1740850 seconds
359.765: [GC [PSYoungGen: 630880K->768K(635392K)] 902510K->272398K(1192960K), 0.0017110 secs] [Times: user=0.01 sys=0.00, real=0.00 secs] 
359.767: Total time for which application threads were stopped: 0.0018610 seconds, Stopping threads took: 0.0000770 seconds
359.972: Application time: 0.2048010 seconds
359.972: [GC [PSYoungGen: 635136K->544K(610304K)] 906766K->272198K(1167872K), 0.0015360 secs] [Times: user=0.00 sys=0.00, real=0.00 secs] 
359.974: Total time for which application threads were stopped: 0.0016700 seconds, Stopping threads took: 0.0000680 seconds
360.134: Application time: 0.1603080 seconds
360.134: [GC [PSYoungGen: 609824K->480K(613376K)] 881478K->272318K(1170944K), 0.0017600 secs] [Times: user=0.01 sys=0.01, real=0.01 secs] 
360.136: Total time for which application threads were stopped: 0.0019140 seconds, Stopping threads took: 0.0000900 seconds
360.301: Application time: 0.1655490 seconds
360.301: [GC [PSYoungGen: 613344K->720K(617984K)] 885182K->272566K(1175552K), 0.0016450 secs] [Times: user=0.01 sys=0.00, real=0.00 secs] 
360.303: Total time for which application threads were stopped: 0.0017840 seconds, Stopping threads took: 0.0000650 seconds
360.510: Application time: 0.2066350 seconds
360.510: [GC [PSYoungGen: 617680K->752K(621568K)] 889526K->272598K(1179136K), 0.0016240 secs] [Times: user=0.01 sys=0.00, real=0.00 secs] 
360.512: Total time for which application threads were stopped: 0.0017790 seconds, Stopping threads took: 0.0000770 seconds
360.673: Application time: 0.1612250 seconds
360.673: [GC [PSYoungGen: 621296K->816K(625664K)] 893142K->272670K(1183232K), 0.0017030 secs] [Times: user=0.01 sys=0.00, real=0.00 secs] 
360.675: Total time for which application threads were stopped: 0.0018460 seconds, Stopping threads took: 0.0000790 seconds
360.845: Application time: 0.1703830 seconds
360.845: [GC [PSYoungGen: 625456K->512K(629248K)] 897310K->272486K(1186816K), 0.0016960 secs] [Times: user=0.01 sys=0.00, real=0.00 secs] 
360.847: Total time for which application threads were stopped: 0.0018360 seconds, Stopping threads took: 0.0000670 seconds
361.058: Application time: 0.2108760 seconds
361.058: [GC [PSYoungGen: 629248K->752K(633856K)] 901222K->272734K(1191424K), 0.0016890 secs] [Times: user=0.00 sys=0.00, real=0.00 secs] 
361.060: Total time for which application threads were stopped: 0.0018340 seconds, Stopping threads took: 0.0000740 seconds
361.228: Application time: 0.1682390 seconds
361.228: [GC [PSYoungGen: 633584K->720K(637952K)] 905566K->272702K(1195520K), 0.0016870 secs] [Times: user=0.01 sys=0.00, real=0.00 secs] 
361.230: Total time for which application threads were stopped: 0.0018180 seconds, Stopping threads took: 0.0000700 seconds
361.398: Application time: 0.1680650 seconds
361.398: [GC [PSYoungGen: 637648K->784K(642048K)] 909630K->272774K(1199616K), 0.0017660 secs] [Times: user=0.01 sys=0.00, real=0.00 secs] 
361.400: Total time for which application threads were stopped: 0.0019360 seconds, Stopping threads took: 0.0000910 seconds
361.607: Application time: 0.2078610 seconds
361.608: [GC [PSYoungGen: 641808K->496K(645632K)] 913798K->272662K(1203200K), 0.0016710 secs] [Times: user=0.01 sys=0.00, real=0.00 secs] 
361.609: Total time for which application threads were stopped: 0.0018130 seconds, Stopping threads took: 0.0000780 seconds
361.789: Application time: 0.1797220 seconds
361.789: [GC [PSYoungGen: 645616K->576K(650240K)] 917782K->272750K(1207808K), 0.0016640 secs] [Times: user=0.01 sys=0.00, real=0.00 secs] 
361.791: Total time for which application threads were stopped: 0.0017730 seconds, Stopping threads took: 0.0000440 seconds
361.971: Application time: 0.1805160 seconds
361.971: [GC [PSYoungGen: 649792K->576K(654336K)] 921966K->272750K(1211904K), 0.0016560 secs] [Times: user=0.01 sys=0.00, real=0.00 secs] 
361.973: Total time for which application threads were stopped: 0.0018060 seconds, Stopping threads took: 0.0000680 seconds
362.172: Application time: 0.1992480 seconds
362.172: [GC [PSYoungGen: 653888K->640K(657920K)] 926062K->272838K(1215488K), 0.0017670 secs] [Times: user=0.02 sys=0.00, real=0.00 secs] 
362.174: Total time for which application threads were stopped: 0.0019010 seconds, Stopping threads took: 0.0000690 seconds
362.354: Application time: 0.1802140 seconds
362.355: [GC [PSYoungGen: 657536K->576K(658432K)] 929734K->272782K(1216000K), 0.0016780 secs] [Times: user=0.01 sys=0.00, real=0.01 secs] 
362.356: Total time for which application threads were stopped: 0.0018160 seconds, Stopping threads took: 0.0000730 seconds
362.570: Application time: 0.2135850 seconds
362.570: [GC [PSYoungGen: 657984K->656K(632320K)] 930190K->272870K(1189888K), 0.0017150 secs] [Times: user=0.01 sys=0.00, real=0.00 secs] 
362.572: Total time for which application threads were stopped: 0.0018640 seconds, Stopping threads took: 0.0000660 seconds
362.738: Application time: 0.1665760 seconds
362.738: [GC [PSYoungGen: 631952K->496K(635904K)] 904166K->272830K(1193472K), 0.0016710 secs] [Times: user=0.01 sys=0.00, real=0.00 secs] 
362.740: Total time for which application threads were stopped: 0.0018090 seconds, Stopping threads took: 0.0000740 seconds
362.912: Application time: 0.1722720 seconds
362.913: [GC [PSYoungGen: 635888K->656K(640512K)] 908222K->273022K(1198080K), 0.0016860 secs] [Times: user=0.01 sys=0.00, real=0.00 secs] 
362.914: Total time for which application threads were stopped: 0.0018180 seconds, Stopping threads took: 0.0000680 seconds
363.128: Application time: 0.2135400 seconds
363.128: [GC [PSYoungGen: 640144K->688K(615424K)] 912510K->273054K(1172992K), 0.0016710 secs] [Times: user=0.01 sys=0.00, real=0.00 secs] 
363.130: Total time for which application threads were stopped: 0.0017950 seconds, Stopping threads took: 0.0000520 seconds
363.292: Application time: 0.1619730 seconds
363.292: [GC [PSYoungGen: 615088K->560K(619520K)] 887454K->272934K(1177088K), 0.0017950 secs] [Times: user=0.01 sys=0.00, real=0.00 secs] 
363.294: Total time for which application threads were stopped: 0.0019360 seconds, Stopping threads took: 0.0000710 seconds
363.458: Application time: 0.1644640 seconds
363.458: [GC [PSYoungGen: 619056K->480K(623104K)] 891430K->272934K(1180672K), 0.0014840 secs] [Times: user=0.01 sys=0.00, real=0.00 secs] 
363.460: Total time for which application threads were stopped: 0.0016260 seconds, Stopping threads took: 0.0000780 seconds
363.668: Application time: 0.2082190 seconds
363.668: [GC [PSYoungGen: 623072K->848K(627200K)] 895526K->273318K(1184768K), 0.0017080 secs] [Times: user=0.01 sys=0.00, real=0.00 secs] 
363.670: Total time for which application threads were stopped: 0.0018270 seconds, Stopping threads took: 0.0000450 seconds
363.839: Application time: 0.1692830 seconds
363.839: [GC [PSYoungGen: 627024K->704K(631296K)] 899494K->273174K(1188864K), 0.0017180 secs] [Times: user=0.01 sys=0.00, real=0.00 secs] 
363.841: Total time for which application threads were stopped: 0.0018570 seconds, Stopping threads took: 0.0000770 seconds
364.007: Application time: 0.1666990 seconds
364.008: [GC [PSYoungGen: 630976K->688K(635392K)] 903446K->273166K(1192960K), 0.0017420 secs] [Times: user=0.02 sys=0.00, real=0.00 secs] 
364.009: Total time for which application threads were stopped: 0.0018990 seconds, Stopping threads took: 0.0000910 seconds
364.215: Application time: 0.2058980 seconds
364.215: [GC [PSYoungGen: 635056K->496K(638976K)] 907534K->273143K(1196544K), 0.0017240 secs] [Times: user=0.01 sys=0.00, real=0.01 secs] 
364.217: Total time for which application threads were stopped: 0.0018640 seconds, Stopping threads took: 0.0000650 seconds
364.395: Application time: 0.1777140 seconds
364.395: [GC [PSYoungGen: 638960K->560K(643584K)] 911607K->273215K(1201152K), 0.0017480 secs] [Times: user=0.01 sys=0.00, real=0.01 secs] 
364.397: Total time for which application threads were stopped: 0.0018860 seconds, Stopping threads took: 0.0000740 seconds
364.580: Application time: 0.1830280 seconds
364.580: [GC [PSYoungGen: 643120K->560K(647680K)] 915775K->273215K(1205248K), 0.0016720 secs] [Times: user=0.01 sys=0.00, real=0.00 secs] 
364.582: Total time for which application threads were stopped: 0.0018040 seconds, Stopping threads took: 0.0000710 seconds
364.774: Application time: 0.1925930 seconds
364.774: [GC [PSYoungGen: 647216K->656K(651776K)] 919871K->273319K(1209344K), 0.0017470 secs] [Times: user=0.01 sys=0.00, real=0.01 secs] 
364.776: Total time for which application threads were stopped: 0.0019030 seconds, Stopping threads took: 0.0000810 seconds
364.955: Application time: 0.1789290 seconds
364.955: [GC [PSYoungGen: 651408K->496K(655360K)] 924071K->273191K(1212928K), 0.0016700 secs] [Times: user=0.01 sys=0.00, real=0.01 secs] 
364.957: Total time for which application threads were stopped: 0.0018220 seconds, Stopping threads took: 0.0000890 seconds
365.168: Application time: 0.2113890 seconds
365.168: [GC [PSYoungGen: 655344K->576K(629760K)] 928039K->273279K(1187328K), 0.0016820 secs] [Times: user=0.01 sys=0.00, real=0.00 secs] 
365.170: Total time for which application threads were stopped: 0.0018180 seconds, Stopping threads took: 0.0000730 seconds
365.338: Application time: 0.1680880 seconds
365.338: [GC [PSYoungGen: 629312K->816K(633856K)] 902015K->273519K(1191424K), 0.0016980 secs] [Times: user=0.01 sys=0.00, real=0.00 secs] 
365.340: Total time for which application threads were stopped: 0.0018850 seconds, Stopping threads took: 0.0001050 seconds
365.512: Application time: 0.1717320 seconds
365.512: [GC [PSYoungGen: 633648K->736K(637952K)] 906351K->273455K(1195520K), 0.0017980 secs] [Times: user=0.01 sys=0.00, real=0.00 secs] 
365.514: Total time for which application threads were stopped: 0.0019410 seconds, Stopping threads took: 0.0000790 seconds
365.727: Application time: 0.2132820 seconds
365.727: [GC [PSYoungGen: 637664K->480K(641536K)] 910383K->273351K(1199104K), 0.0016720 secs] [Times: user=0.01 sys=0.00, real=0.00 secs] 
365.729: Total time for which application threads were stopped: 0.0018380 seconds, Stopping threads took: 0.0001020 seconds
365.897: Application time: 0.1686300 seconds
365.898: [GC [PSYoungGen: 641504K->720K(646144K)] 914375K->273591K(1203712K), 0.0017900 secs] [Times: user=0.01 sys=0.00, real=0.00 secs] 
365.899: Total time for which application threads were stopped: 0.0019410 seconds, Stopping threads took: 0.0000770 seconds
366.071: Application time: 0.1717640 seconds
366.071: [GC [PSYoungGen: 645840K->688K(650240K)] 918711K->273559K(1207808K), 0.0016870 secs] [Times: user=0.01 sys=0.00, real=0.00 secs] 
366.073: Total time for which application threads were stopped: 0.0018210 seconds, Stopping threads took: 0.0000700 seconds
366.284: Application time: 0.2114380 seconds
366.285: [GC [PSYoungGen: 649904K->736K(654336K)] 922775K->273615K(1211904K), 0.0016940 secs] [Times: user=0.01 sys=0.00, real=0.00 secs] 
366.286: Total time for which application threads were stopped: 0.0018100 seconds, Stopping threads took: 0.0000500 seconds
366.465: Application time: 0.1788840 seconds
366.465: [GC [PSYoungGen: 654048K->512K(655360K)] 926927K->273471K(1212928K), 0.0017180 secs] [Times: user=0.01 sys=0.00, real=0.00 secs] 
366.467: Total time for which application threads were stopped: 0.0018570 seconds, Stopping threads took: 0.0000660 seconds
366.655: Application time: 0.1883310 seconds
366.655: [GC [PSYoungGen: 655360K->512K(655872K)] 928319K->273487K(1213440K), 0.0017780 secs] [Times: user=0.01 sys=0.00, real=0.01 secs] 
366.657: Total time for which application threads were stopped: 0.0019430 seconds, Stopping threads took: 0.0000940 seconds
366.848: Application time: 0.1908970 seconds
366.848: [GC [PSYoungGen: 655360K->768K(659968K)] 928335K->273743K(1217536K), 0.0016620 secs] [Times: user=0.01 sys=0.00, real=0.00 secs] 
366.850: Total time for which application threads were stopped: 0.0018010 seconds, Stopping threads took: 0.0000760 seconds
367.030: Application time: 0.1803080 seconds
367.030: [GC [PSYoungGen: 659712K->832K(659968K)] 932687K->273823K(1217536K), 0.0017370 secs] [Times: user=0.02 sys=0.00, real=0.00 secs] 
367.032: Total time for which application threads were stopped: 0.0018900 seconds, Stopping threads took: 0.0000770 seconds
367.246: Application time: 0.2142090 seconds
367.247: [GC [PSYoungGen: 659776K->656K(633856K)] 932767K->273655K(1191424K), 0.0017000 secs] [Times: user=0.01 sys=0.00, real=0.00 secs] 
367.248: Total time for which application threads were stopped: 0.0018490 seconds, Stopping threads took: 0.0000840 seconds
367.414: Application time: 0.1659380 seconds
367.414: [GC [PSYoungGen: 633488K->832K(608768K)] 906487K->273831K(1166336K), 0.0015630 secs] [Times: user=0.01 sys=0.00, real=0.01 secs] 
367.416: Total time for which application threads were stopped: 0.0017050 seconds, Stopping threads took: 0.0000760 seconds
367.582: Application time: 0.1662080 seconds
367.582: [GC [PSYoungGen: 608576K->496K(612352K)] 881575K->273615K(1169920K), 0.0018420 secs] [Times: user=0.02 sys=0.00, real=0.01 secs] 
367.584: Total time for which application threads were stopped: 0.0020200 seconds, Stopping threads took: 0.0000960 seconds
367.791: Application time: 0.2071720 seconds
367.791: [GC [PSYoungGen: 612336K->704K(616448K)] 885455K->273839K(1174016K), 0.0016980 secs] [Times: user=0.01 sys=0.00, real=0.00 secs] 
367.793: Total time for which application threads were stopped: 0.0018150 seconds, Stopping threads took: 0.0000520 seconds
367.951: Application time: 0.1575630 seconds
367.951: [GC [PSYoungGen: 616128K->752K(620544K)] 889263K->273887K(1178112K), 0.0016930 secs] [Times: user=0.01 sys=0.00, real=0.00 secs] 
367.953: Total time for which application threads were stopped: 0.0018320 seconds, Stopping threads took: 0.0000750 seconds
368.122: Application time: 0.1694750 seconds
368.122: [GC [PSYoungGen: 620272K->720K(624640K)] 893407K->273863K(1182208K), 0.0017210 secs] [Times: user=0.01 sys=0.00, real=0.01 secs] 
368.124: Total time for which application threads were stopped: 0.0018610 seconds, Stopping threads took: 0.0000640 seconds
368.331: Application time: 0.2073410 seconds
368.331: [GC [PSYoungGen: 624336K->496K(628224K)] 897479K->273767K(1185792K), 0.0016970 secs] [Times: user=0.01 sys=0.00, real=0.00 secs] 
368.333: Total time for which application threads were stopped: 0.0018550 seconds, Stopping threads took: 0.0000950 seconds
368.499: Application time: 0.1658140 seconds
368.499: [GC [PSYoungGen: 628208K->736K(632832K)] 901479K->274039K(1190400K), 0.0017060 secs] [Times: user=0.02 sys=0.00, real=0.00 secs] 
368.501: Total time for which application threads were stopped: 0.0018460 seconds, Stopping threads took: 0.0000740 seconds
368.670: Application time: 0.1697650 seconds
368.671: [GC [PSYoungGen: 632544K->608K(636928K)] 905847K->273911K(1194496K), 0.0017120 secs] [Times: user=0.01 sys=0.00, real=0.00 secs] 
368.672: Total time for which application threads were stopped: 0.0018750 seconds, Stopping threads took: 0.0000860 seconds
368.877: Application time: 0.2049550 seconds
368.877: [GC [PSYoungGen: 636512K->800K(641024K)] 909815K->274103K(1198592K), 0.0017280 secs] [Times: user=0.01 sys=0.00, real=0.00 secs] 
368.879: Total time for which application threads were stopped: 0.0018430 seconds, Stopping threads took: 0.0000510 seconds
369.055: Application time: 0.1756100 seconds
369.055: [GC [PSYoungGen: 640800K->496K(644608K)] 914103K->273947K(1202176K), 0.0016690 secs] [Times: user=0.01 sys=0.00, real=0.01 secs] 
369.057: Total time for which application threads were stopped: 0.0018200 seconds, Stopping threads took: 0.0000840 seconds
369.241: Application time: 0.1841620 seconds
369.241: [GC [PSYoungGen: 644592K->544K(649216K)] 918043K->274011K(1206784K), 0.0016400 secs] [Times: user=0.01 sys=0.00, real=0.00 secs] 
369.243: Total time for which application threads were stopped: 0.0017870 seconds, Stopping threads took: 0.0000700 seconds
369.435: Application time: 0.1926340 seconds
369.435: [GC [PSYoungGen: 648736K->704K(653312K)] 922203K->274171K(1210880K), 0.0016620 secs] [Times: user=0.01 sys=0.00, real=0.01 secs] 
369.437: Total time for which application threads were stopped: 0.0017940 seconds, Stopping threads took: 0.0000710 seconds
369.616: Application time: 0.1791060 seconds
369.616: [GC [PSYoungGen: 652992K->752K(657408K)] 926459K->274227K(1214976K), 0.0016840 secs] [Times: user=0.01 sys=0.00, real=0.00 secs] 
369.618: Total time for which application threads were stopped: 0.0018340 seconds, Stopping threads took: 0.0000870 seconds
369.828: Application time: 0.2102590 seconds
369.828: [GC [PSYoungGen: 657136K->432K(630784K)] 930611K->273907K(1188352K), 0.0016640 secs] [Times: user=0.01 sys=0.00, real=0.00 secs] 
369.830: Total time for which application threads were stopped: 0.0018110 seconds, Stopping threads took: 0.0000750 seconds
369.998: Application time: 0.1680450 seconds
369.998: [GC [PSYoungGen: 630704K->848K(635392K)] 904179K->274331K(1192960K), 0.0017670 secs] [Times: user=0.01 sys=0.00, real=0.00 secs] 
370.000: Total time for which application threads were stopped: 0.0019240 seconds, Stopping threads took: 0.0000920 seconds
370.173: Application time: 0.1726220 seconds
370.173: [GC [PSYoungGen: 635216K->784K(639488K)] 908699K->274267K(1197056K), 0.0016470 secs] [Times: user=0.01 sys=0.00, real=0.00 secs] 
370.174: Total time for which application threads were stopped: 0.0017760 seconds, Stopping threads took: 0.0000650 seconds
370.387: Application time: 0.2122920 seconds
370.387: [GC [PSYoungGen: 639248K->848K(643584K)] 912731K->274347K(1201152K), 0.0018580 secs] [Times: user=0.01 sys=0.00, real=0.00 secs] 
370.389: Total time for which application threads were stopped: 0.0020050 seconds, Stopping threads took: 0.0000700 seconds
370.556: Application time: 0.1670060 seconds
370.556: [GC [PSYoungGen: 643408K->496K(647168K)] 916907K->274227K(1204736K), 0.0017010 secs] [Times: user=0.01 sys=0.00, real=0.00 secs] 
370.558: Total time for which application threads were stopped: 0.0018400 seconds, Stopping threads took: 0.0000780 seconds
370.735: Application time: 0.1771750 seconds
370.735: [GC [PSYoungGen: 647152K->624K(651776K)] 920883K->274355K(1209344K), 0.0016850 secs] [Times: user=0.01 sys=0.00, real=0.01 secs] 
370.737: Total time for which application threads were stopped: 0.0018400 seconds, Stopping threads took: 0.0000830 seconds
370.951: Application time: 0.2140270 seconds
370.951: [GC [PSYoungGen: 651376K->848K(655872K)] 925107K->274579K(1213440K), 0.0016710 secs] [Times: user=0.01 sys=0.00, real=0.00 secs] 
370.952: Total time for which application threads were stopped: 0.0018060 seconds, Stopping threads took: 0.0000590 seconds
371.132: Application time: 0.1799180 seconds
371.132: [GC [PSYoungGen: 655696K->608K(659968K)] 929427K->274371K(1217536K), 0.0017910 secs] [Times: user=0.02 sys=0.00, real=0.00 secs] 
371.134: Total time for which application threads were stopped: 0.0019270 seconds, Stopping threads took: 0.0000740 seconds
371.323: Application time: 0.1888430 seconds
371.323: [GC [PSYoungGen: 659552K->512K(660992K)] 933315K->274291K(1218560K), 0.0017710 secs] [Times: user=0.01 sys=0.00, real=0.01 secs] 
371.325: Total time for which application threads were stopped: 0.0019210 seconds, Stopping threads took: 0.0000790 seconds
371.520: Application time: 0.1952230 seconds
371.520: [GC [PSYoungGen: 660992K->688K(661504K)] 934771K->274475K(1219072K), 0.0018270 secs] [Times: user=0.01 sys=0.00, real=0.00 secs] 
371.522: Total time for which application threads were stopped: 0.0019650 seconds, Stopping threads took: 0.0000670 seconds
371.704: Application time: 0.1822440 seconds
371.705: [GC [PSYoungGen: 661168K->624K(665600K)] 934955K->274411K(1223168K), 0.0016570 secs] [Times: user=0.01 sys=0.00, real=0.00 secs] 
371.706: Total time for which application threads were stopped: 0.0017790 seconds, Stopping threads took: 0.0000590 seconds
371.925: Application time: 0.2185250 seconds
371.925: [GC [PSYoungGen: 665200K->576K(638976K)] 938987K->274379K(1196544K), 0.0016760 secs] [Times: user=0.01 sys=0.00, real=0.00 secs] 
371.927: Total time for which application threads were stopped: 0.0018280 seconds, Stopping threads took: 0.0000800 seconds
372.090: Application time: 0.1637200 seconds
372.090: [GC [PSYoungGen: 638528K->496K(642560K)] 912331K->274423K(1200128K), 0.0017060 secs] [Times: user=0.01 sys=0.00, real=0.00 secs] 
372.092: Total time for which application threads were stopped: 0.0018560 seconds, Stopping threads took: 0.0000740 seconds
372.268: Application time: 0.1760270 seconds
372.268: [GC [PSYoungGen: 642544K->752K(647168K)] 916471K->274679K(1204736K), 0.0016610 secs] [Times: user=0.01 sys=0.00, real=0.00 secs] 
372.270: Total time for which application threads were stopped: 0.0017930 seconds, Stopping threads took: 0.0000670 seconds
372.482: Application time: 0.2116860 seconds
372.482: [GC [PSYoungGen: 646896K->768K(621568K)] 920823K->274695K(1179136K), 0.0016530 secs] [Times: user=0.01 sys=0.00, real=0.00 secs] 
372.484: Total time for which application threads were stopped: 0.0018110 seconds, Stopping threads took: 0.0000860 seconds
372.646: Application time: 0.1628800 seconds
372.647: [GC [PSYoungGen: 621312K->688K(625664K)] 895239K->274623K(1183232K), 0.0018130 secs] [Times: user=0.02 sys=0.00, real=0.00 secs] 
372.648: Total time for which application threads were stopped: 0.0019730 seconds, Stopping threads took: 0.0000820 seconds
372.823: Application time: 0.1741590 seconds
372.823: [GC [PSYoungGen: 625328K->496K(629248K)] 899263K->274495K(1186816K), 0.0016590 secs] [Times: user=0.02 sys=0.00, real=0.01 secs] 
372.824: Total time for which application threads were stopped: 0.0018030 seconds, Stopping threads took: 0.0000800 seconds
373.027: Application time: 0.2024870 seconds
373.027: [GC [PSYoungGen: 629232K->736K(633856K)] 903231K->274759K(1191424K), 0.0016920 secs] [Times: user=0.01 sys=0.00, real=0.00 secs] 
373.029: Total time for which application threads were stopped: 0.0018160 seconds, Stopping threads took: 0.0000590 seconds
373.201: Application time: 0.1720640 seconds
373.201: [GC [PSYoungGen: 633568K->704K(637952K)] 907591K->274727K(1195520K), 0.0015010 secs] [Times: user=0.01 sys=0.00, real=0.00 secs] 
373.202: Total time for which application threads were stopped: 0.0016590 seconds, Stopping threads took: 0.0000860 seconds
373.385: Application time: 0.1825690 seconds
373.385: [GC [PSYoungGen: 637632K->608K(642048K)] 911655K->274671K(1199616K), 0.0017470 secs] [Times: user=0.01 sys=0.00, real=0.00 secs] 
373.387: Total time for which application threads were stopped: 0.0018840 seconds, Stopping threads took: 0.0000720 seconds
373.577: Application time: 0.1898620 seconds
373.577: [GC [PSYoungGen: 641632K->480K(645632K)] 915695K->274747K(1203200K), 0.0017300 secs] [Times: user=0.01 sys=0.00, real=0.00 secs] 
373.579: Total time for which application threads were stopped: 0.0018460 seconds, Stopping threads took: 0.0000540 seconds
373.758: Application time: 0.1796160 seconds
373.758: [GC [PSYoungGen: 645600K->704K(650240K)] 919867K->274971K(1207808K), 0.0016690 secs] [Times: user=0.01 sys=0.00, real=0.00 secs] 
373.760: Total time for which application threads were stopped: 0.0018220 seconds, Stopping threads took: 0.0000790 seconds
373.966: Application time: 0.2061460 seconds
373.966: [GC [PSYoungGen: 649920K->480K(624128K)] 924187K->274747K(1181696K), 0.0017160 secs] [Times: user=0.01 sys=0.00, real=0.00 secs] 
373.968: Total time for which application threads were stopped: 0.0018870 seconds, Stopping threads took: 0.0000990 seconds
374.135: Application time: 0.1669900 seconds
374.135: [GC [PSYoungGen: 624096K->640K(628736K)] 898363K->274915K(1186304K), 0.0016390 secs] [Times: user=0.01 sys=0.00, real=0.01 secs] 
374.137: Total time for which application threads were stopped: 0.0017810 seconds, Stopping threads took: 0.0000800 seconds
374.308: Application time: 0.1707170 seconds
374.308: [GC [PSYoungGen: 628352K->768K(632832K)] 902627K->275051K(1190400K), 0.0017010 secs] [Times: user=0.02 sys=0.00, real=0.00 secs] 
374.309: Total time for which application threads were stopped: 0.0018420 seconds, Stopping threads took: 0.0000640 seconds
374.517: Application time: 0.2071430 seconds
374.517: [GC [PSYoungGen: 632576K->592K(636928K)] 906859K->274875K(1194496K), 0.0017590 secs] [Times: user=0.01 sys=0.00, real=0.00 secs] 
374.518: Total time for which application threads were stopped: 0.0018970 seconds, Stopping threads took: 0.0000670 seconds
374.684: Application time: 0.1653060 seconds
374.684: [GC [PSYoungGen: 636496K->496K(640512K)] 910779K->274939K(1198080K), 0.0017420 secs] [Times: user=0.01 sys=0.00, real=0.00 secs] 
374.686: Total time for which application threads were stopped: 0.0018790 seconds, Stopping threads took: 0.0000730 seconds
374.857: Application time: 0.1712140 seconds
374.857: [GC [PSYoungGen: 640496K->752K(645120K)] 914939K->275203K(1202688K), 0.0016760 secs] [Times: user=0.01 sys=0.00, real=0.00 secs] 
374.859: Total time for which application threads were stopped: 0.0018400 seconds, Stopping threads took: 0.0000840 seconds
375.069: Application time: 0.2105540 seconds
375.069: [GC [PSYoungGen: 644848K->688K(649216K)] 919299K->275139K(1206784K), 0.0016520 secs] [Times: user=0.02 sys=0.00, real=0.00 secs] 
375.071: Total time for which application threads were stopped: 0.0017740 seconds, Stopping threads took: 0.0000570 seconds
375.244: Application time: 0.1729250 seconds
375.244: [GC [PSYoungGen: 648880K->768K(653312K)] 923331K->275219K(1210880K), 0.0016970 secs] [Times: user=0.01 sys=0.00, real=0.00 secs] 
375.246: Total time for which application threads were stopped: 0.0018430 seconds, Stopping threads took: 0.0000820 seconds
375.431: Application time: 0.1848810 seconds
375.431: [GC [PSYoungGen: 653056K->496K(656896K)] 927507K->275023K(1214464K), 0.0016930 secs] [Times: user=0.01 sys=0.00, real=0.00 secs] 
375.432: Total time for which application threads were stopped: 0.0018200 seconds, Stopping threads took: 0.0000530 seconds
375.634: Application time: 0.2012980 seconds
375.634: [GC [PSYoungGen: 656880K->784K(661504K)] 931407K->275319K(1219072K), 0.0017750 secs] [Times: user=0.02 sys=0.00, real=0.01 secs] 
375.636: Total time for which application threads were stopped: 0.0019120 seconds, Stopping threads took: 0.0000730 seconds
375.819: Application time: 0.1828190 seconds
375.819: [GC [PSYoungGen: 661264K->672K(662528K)] 935799K->275207K(1220096K), 0.0017480 secs] [Times: user=0.01 sys=0.00, real=0.00 secs] 
375.820: Total time for which application threads were stopped: 0.0019090 seconds, Stopping threads took: 0.0000930 seconds
376.026: Application time: 0.2053950 seconds
376.026: [GC [PSYoungGen: 662176K->672K(636416K)] 936711K->275215K(1193984K), 0.0017160 secs] [Times: user=0.01 sys=0.00, real=0.00 secs] 
376.028: Total time for which application threads were stopped: 0.0018630 seconds, Stopping threads took: 0.0000680 seconds
376.203: Application time: 0.1749410 seconds
376.203: [GC [PSYoungGen: 636064K->496K(640000K)] 910607K->275279K(1197568K), 0.0017060 secs] [Times: user=0.01 sys=0.00, real=0.01 secs] 
376.204: Total time for which application threads were stopped: 0.0018510 seconds, Stopping threads took: 0.0000790 seconds
376.377: Application time: 0.1724730 seconds
376.377: [GC [PSYoungGen: 639984K->640K(644608K)] 914767K->275463K(1202176K), 0.0017000 secs] [Times: user=0.01 sys=0.00, real=0.00 secs] 
376.379: Total time for which application threads were stopped: 0.0018460 seconds, Stopping threads took: 0.0000830 seconds
376.593: Application time: 0.2143340 seconds
376.593: [GC [PSYoungGen: 644224K->480K(648192K)] 919047K->275303K(1205760K), 0.0018080 secs] [Times: user=0.01 sys=0.00, real=0.00 secs] 
376.595: Total time for which application threads were stopped: 0.0019840 seconds, Stopping threads took: 0.0000930 seconds
376.766: Application time: 0.1709550 seconds
376.766: [GC [PSYoungGen: 648160K->592K(652800K)] 922983K->275415K(1210368K), 0.0017610 secs] [Times: user=0.01 sys=0.00, real=0.00 secs] 
376.768: Total time for which application threads were stopped: 0.0018880 seconds, Stopping threads took: 0.0000610 seconds
376.942: Application time: 0.1741300 seconds
376.942: [GC [PSYoungGen: 652368K->608K(656896K)] 927191K->275431K(1214464K), 0.0017300 secs] [Times: user=0.01 sys=0.00, real=0.01 secs] 
376.944: Total time for which application threads were stopped: 0.0018740 seconds, Stopping threads took: 0.0000820 seconds
377.160: Application time: 0.2156460 seconds
377.160: [GC [PSYoungGen: 656480K->720K(660992K)] 931303K->275543K(1218560K), 0.0018070 secs] [Times: user=0.02 sys=0.00, real=0.00 secs] 
377.162: Total time for which application threads were stopped: 0.0019570 seconds, Stopping threads took: 0.0000680 seconds
377.341: Application time: 0.1793320 seconds
377.341: [GC [PSYoungGen: 660688K->496K(660992K)] 935511K->275419K(1218560K), 0.0016840 secs] [Times: user=0.01 sys=0.00, real=0.00 secs] 
377.343: Total time for which application threads were stopped: 0.0018240 seconds, Stopping threads took: 0.0000770 seconds
377.531: Application time: 0.1884220 seconds
377.531: [GC [PSYoungGen: 660976K->544K(661504K)] 935899K->275499K(1219072K), 0.0017300 secs] [Times: user=0.01 sys=0.00, real=0.00 secs] 
377.533: Total time for which application threads were stopped: 0.0018740 seconds, Stopping threads took: 0.0000820 seconds
377.731: Application time: 0.1976400 seconds
377.731: [GC [PSYoungGen: 661024K->656K(635392K)] 935979K->275611K(1192960K), 0.0016650 secs] [Times: user=0.01 sys=0.00, real=0.00 secs] 
377.733: Total time for which application threads were stopped: 0.0018050 seconds, Stopping threads took: 0.0000660 seconds
377.905: Application time: 0.1727570 seconds
377.905: [GC [PSYoungGen: 635024K->784K(639488K)] 909979K->275747K(1197056K), 0.0016810 secs] [Times: user=0.01 sys=0.00, real=0.00 secs] 
377.907: Total time for which application threads were stopped: 0.0018080 seconds, Stopping threads took: 0.0000640 seconds
378.054: Application time: 0.1469140 seconds
378.054: Total time for which application threads were stopped: 0.0000970 seconds, Stopping threads took: 0.0000690 seconds
378.110: Application time: 0.0558480 seconds
378.110: [GC [PSYoungGen: 639248K->480K(613888K)] 914211K->275491K(1171456K), 0.0016680 secs] [Times: user=0.01 sys=0.00, real=0.00 secs] 
378.112: Total time for which application threads were stopped: 0.0018180 seconds, Stopping threads took: 0.0000820 seconds
378.268: Application time: 0.1566180 seconds
378.268: [GC [PSYoungGen: 613856K->720K(618496K)] 888867K->275747K(1176064K), 0.0016950 secs] [Times: user=0.01 sys=0.00, real=0.00 secs] 
378.270: Total time for which application threads were stopped: 0.0018200 seconds, Stopping threads took: 0.0000520 seconds
378.362: Application time: 0.0921940 seconds
378.362: Total time for which application threads were stopped: 0.0000700 seconds, Stopping threads took: 0.0000440 seconds
378.449: Application time: 0.0867500 seconds
378.449: [GC [PSYoungGen: 618192K->512K(622592K)] 893219K->275539K(1180160K), 0.0016890 secs] [Times: user=0.02 sys=0.00, real=0.00 secs] 
378.451: Total time for which application threads were stopped: 0.0018010 seconds, Stopping threads took: 0.0000490 seconds
378.648: Application time: 0.1972200 seconds
378.648: [GC [PSYoungGen: 622080K->752K(626688K)] 897107K->275779K(1184256K), 0.0017070 secs] [Times: user=0.01 sys=0.00, real=0.00 secs] 
378.650: Total time for which application threads were stopped: 0.0018390 seconds, Stopping threads took: 0.0000580 seconds
378.796: Application time: 0.1463490 seconds
378.797: Total time for which application threads were stopped: 0.0001220 seconds, Stopping threads took: 0.0000880 seconds
378.829: Application time: 0.0321760 seconds
378.829: [GC [PSYoungGen: 626416K->480K(630272K)] 901443K->275523K(1187840K), 0.0016660 secs] [Times: user=0.01 sys=0.00, real=0.00 secs] 
378.831: Total time for which application threads were stopped: 0.0017560 seconds, Stopping threads took: 0.0000270 seconds
378.836: Application time: 0.0052650 seconds
378.836: Total time for which application threads were stopped: 0.0000780 seconds, Stopping threads took: 0.0000520 seconds
378.975: Application time: 0.1389870 seconds
378.975: Total time for which application threads were stopped: 0.0000550 seconds, Stopping threads took: 0.0000290 seconds
379.055: Application time: 0.0804020 seconds
379.055: [GC [PSYoungGen: 630240K->448K(634880K)] 905283K->275531K(1192448K), 0.0019930 secs] [Times: user=0.01 sys=0.00, real=0.01 secs] 
379.057: Total time for which application threads were stopped: 0.0020840 seconds, Stopping threads took: 0.0000270 seconds
379.062: Application time: 0.0042290 seconds
379.062: Total time for which application threads were stopped: 0.0000670 seconds, Stopping threads took: 0.0000400 seconds
379.229: Application time: 0.1674960 seconds
379.229: Total time for which application threads were stopped: 0.0000410 seconds, Stopping threads took: 0.0000140 seconds
379.262: Application time: 0.0326690 seconds
379.262: Total time for which application threads were stopped: 0.0000500 seconds, Stopping threads took: 0.0000130 seconds
379.829: Application time: 0.5666220 seconds
379.829: Total time for which application threads were stopped: 0.0000780 seconds, Stopping threads took: 0.0000140 seconds
379.830: Application time: 0.0017490 seconds
379.830: Total time for which application threads were stopped: 0.0000230 seconds, Stopping threads took: 0.0000100 seconds
Heap
 PSYoungGen      total 634880K, used 436482K [0x00000000d7480000, 0x00000000ffe80000, 0x0000000100000000)
  eden space 633856K, 68% used [0x00000000d7480000,0x00000000f1e509d0,0x00000000fdf80000)
  from space 1024K, 43% used [0x00000000ffc80000,0x00000000ffcf0000,0x00000000ffd80000)
  to   space 1024K, 0% used [0x00000000ffd80000,0x00000000ffd80000,0x00000000ffe80000)
 ParOldGen       total 557568K, used 275083K [0x0000000085e00000, 0x00000000a7e80000, 0x00000000d7480000)
  object space 557568K, 49% used [0x0000000085e00000,0x0000000096aa2e70,0x00000000a7e80000)
 PSPermGen       total 21504K, used 13688K [0x0000000080c00000, 0x0000000082100000, 0x0000000085e00000)
  object space 21504K, 63% used [0x0000000080c00000,0x000000008195e3b8,0x0000000082100000)
379.831: Application time: 0.0001700 seconds
